bash: warning: setlocale: LC_ALL: cannot change locale (en_US.UTF-8)
c[?7l[2J[0mSeaBIOS (version 1.16.2-debian-1.16.2-1)


iPXE (http://ipxe.org) 00:03.0 CA00 PCI2.10 PnP PMM+BEFCEF00+BEF0EF00 CA00
Press Ctrl-B to configure iPXE (PCI 00:03.0)...                                                                               


Booting from ROM...
c[?7l[2J[    0.000000] Linux version 6.1.49-08904-g1b4580bf2e86-dirty (root@buildkitsandbox) (gcc (Debian 12.2.0-14+deb12u1) 12.2.0, GNU ld (GNU Binutils for Debian) 2.40) #2 SMP PREEMPT_DYNAMIC Tue May  5 11:34:38 UTC 2026
[    0.000000] Command line: console=ttyS0 oops=panic nokaslr rdinit=/init
[    0.000000] BIOS-provided physical RAM map:
[    0.000000] BIOS-e820: [mem 0x0000000000000000-0x000000000009fbff] usable
[    0.000000] BIOS-e820: [mem 0x000000000009fc00-0x000000000009ffff] reserved
[    0.000000] BIOS-e820: [mem 0x00000000000f0000-0x00000000000fffff] reserved
[    0.000000] BIOS-e820: [mem 0x0000000000100000-0x00000000bffdffff] usable
[    0.000000] BIOS-e820: [mem 0x00000000bffe0000-0x00000000bfffffff] reserved
[    0.000000] BIOS-e820: [mem 0x00000000feffc000-0x00000000feffffff] reserved
[    0.000000] BIOS-e820: [mem 0x00000000fffc0000-0x00000000ffffffff] reserved
[    0.000000] BIOS-e820: [mem 0x0000000100000000-0x000000023fffffff] usable
[    0.000000] NX (Execute Disable) protection: active
[    0.000000] SMBIOS 2.8 present.
[    0.000000] DMI: QEMU Standard PC (i440FX + PIIX, 1996), BIOS 1.16.2-debian-1.16.2-1 04/01/2014
[    0.000000] Hypervisor detected: KVM
[    0.000000] kvm-clock: Using msrs 4b564d01 and 4b564d00
[    0.000001] kvm-clock: using sched offset of 281920019 cycles
[    0.000002] clocksource: kvm-clock: mask: 0xffffffffffffffff max_cycles: 0x1cd42e4dffb, max_idle_ns: 881590591483 ns
[    0.000004] tsc: Detected 3187.200 MHz processor
[    0.000269] last_pfn = 0x240000 max_arch_pfn = 0x400000000
[    0.000294] x86/PAT: Configuration [0-7]: WB  WC  UC- UC  WB  WP  UC- WT  
[    0.000298] last_pfn = 0xbffe0 max_arch_pfn = 0x400000000
[    0.002233] found SMP MP-table at [mem 0x000f5ba0-0x000f5baf]
[    0.002268] Using GB pages for direct mapping
[    0.002269] Incomplete global flushes, disabling PCID
[    0.003431] RAMDISK: [mem 0xbfe92000-0xbffdffff]
[    0.003437] ACPI: Early table checksum verification disabled
[    0.003440] ACPI: RSDP 0x00000000000F59B0 000014 (v00 BOCHS )
[    0.003443] ACPI: RSDT 0x00000000BFFE1B33 000034 (v01 BOCHS  BXPC     00000001 BXPC 00000001)
[    0.003448] ACPI: FACP 0x00000000BFFE19DF 000074 (v01 BOCHS  BXPC     00000001 BXPC 00000001)
[    0.003452] ACPI: DSDT 0x00000000BFFE0040 00199F (v01 BOCHS  BXPC     00000001 BXPC 00000001)
[    0.003454] ACPI: FACS 0x00000000BFFE0000 000040
[    0.003456] ACPI: APIC 0x00000000BFFE1A53 000080 (v01 BOCHS  BXPC     00000001 BXPC 00000001)
[    0.003458] ACPI: HPET 0x00000000BFFE1AD3 000038 (v01 BOCHS  BXPC     00000001 BXPC 00000001)
[    0.003460] ACPI: WAET 0x00000000BFFE1B0B 000028 (v01 BOCHS  BXPC     00000001 BXPC 00000001)
[    0.003461] ACPI: Reserving FACP table memory at [mem 0xbffe19df-0xbffe1a52]
[    0.003462] ACPI: Reserving DSDT table memory at [mem 0xbffe0040-0xbffe19de]
[    0.003463] ACPI: Reserving FACS table memory at [mem 0xbffe0000-0xbffe003f]
[    0.003463] ACPI: Reserving APIC table memory at [mem 0xbffe1a53-0xbffe1ad2]
[    0.003464] ACPI: Reserving HPET table memory at [mem 0xbffe1ad3-0xbffe1b0a]
[    0.003465] ACPI: Reserving WAET table memory at [mem 0xbffe1b0b-0xbffe1b32]
[    0.003649] No NUMA configuration found
[    0.003650] Faking a node at [mem 0x0000000000000000-0x000000023fffffff]
[    0.003652] NODE_DATA(0) allocated [mem 0x23fffa000-0x23fffdfff]
[    0.003675] Zone ranges:
[    0.003676]   DMA      [mem 0x0000000000001000-0x0000000000ffffff]
[    0.003677]   DMA32    [mem 0x0000000001000000-0x00000000ffffffff]
[    0.003678]   Normal   [mem 0x0000000100000000-0x000000023fffffff]
[    0.003679] Movable zone start for each node
[    0.003679] Early memory node ranges
[    0.003680]   node   0: [mem 0x0000000000001000-0x000000000009efff]
[    0.003681]   node   0: [mem 0x0000000000100000-0x00000000bffdffff]
[    0.003681]   node   0: [mem 0x0000000100000000-0x000000023fffffff]
[    0.003682] Initmem setup node 0 [mem 0x0000000000001000-0x000000023fffffff]
[    0.004884] On node 0, zone DMA: 1 pages in unavailable ranges
[    0.004930] On node 0, zone DMA: 97 pages in unavailable ranges
[    0.096734] On node 0, zone Normal: 32 pages in unavailable ranges
[    0.895176] kasan: KernelAddressSanitizer initialized
[    0.895383] ACPI: PM-Timer IO Port: 0x608
[    0.895390] ACPI: LAPIC_NMI (acpi_id[0xff] dfl dfl lint[0x1])
[    0.895419] IOAPIC[0]: apic_id 0, version 17, address 0xfec00000, GSI 0-23
[    0.895422] ACPI: INT_SRC_OVR (bus 0 bus_irq 0 global_irq 2 dfl dfl)
[    0.895423] ACPI: INT_SRC_OVR (bus 0 bus_irq 5 global_irq 5 high level)
[    0.895424] ACPI: INT_SRC_OVR (bus 0 bus_irq 9 global_irq 9 high level)
[    0.895425] ACPI: INT_SRC_OVR (bus 0 bus_irq 10 global_irq 10 high level)
[    0.895425] ACPI: INT_SRC_OVR (bus 0 bus_irq 11 global_irq 11 high level)
[    0.895428] ACPI: Using ACPI (MADT) for SMP configuration information
[    0.895429] ACPI: HPET id: 0x8086a201 base: 0xfed00000
[    0.895431] TSC deadline timer available
[    0.895433] smpboot: Allowing 2 CPUs, 0 hotplug CPUs
[    0.895449] kvm-guest: KVM setup pv remote TLB flush
[    0.895452] kvm-guest: setup PV sched yield
[    0.895460] PM: hibernation: Registered nosave memory: [mem 0x00000000-0x00000fff]
[    0.895461] PM: hibernation: Registered nosave memory: [mem 0x0009f000-0x0009ffff]
[    0.895462] PM: hibernation: Registered nosave memory: [mem 0x000a0000-0x000effff]
[    0.895462] PM: hibernation: Registered nosave memory: [mem 0x000f0000-0x000fffff]
[    0.895463] PM: hibernation: Registered nosave memory: [mem 0xbffe0000-0xbfffffff]
[    0.895464] PM: hibernation: Registered nosave memory: [mem 0xc0000000-0xfeffbfff]
[    0.895464] PM: hibernation: Registered nosave memory: [mem 0xfeffc000-0xfeffffff]
[    0.895465] PM: hibernation: Registered nosave memory: [mem 0xff000000-0xfffbffff]
[    0.895465] PM: hibernation: Registered nosave memory: [mem 0xfffc0000-0xffffffff]
[    0.895467] [mem 0xc0000000-0xfeffbfff] available for PCI devices
[    0.895468] Booting paravirtualized kernel on KVM
[    0.895470] clocksource: refined-jiffies: mask: 0xffffffff max_cycles: 0xffffffff, max_idle_ns: 1910969940391419 ns
[    0.903155] setup_percpu: NR_CPUS:64 nr_cpumask_bits:2 nr_cpu_ids:2 nr_node_ids:1
[    0.906468] percpu: Embedded 65 pages/cpu s225960 r8192 d32088 u1048576
[    0.906504] Fallback order for Node 0: 0 
[    0.906506] Built 1 zonelists, mobility grouping on.  Total pages: 2064096
[    0.906507] Policy zone: Normal
[    0.906508] Kernel command line: console=ttyS0 oops=panic nokaslr rdinit=/init
[    0.906554] random: crng init done
[    0.913891] Dentry cache hash table entries: 1048576 (order: 11, 8388608 bytes, linear)
[    0.916787] Inode-cache hash table entries: 524288 (order: 10, 4194304 bytes, linear)
[    0.916819] mem auto-init: stack:all(zero), heap alloc:off, heap free:off
[    0.921726] stackdepot hash table entries: 1048576 (order: 11, 8388608 bytes, linear)
[    0.921734] software IO TLB: area num 2.
[    1.067341] Memory: 7026556K/8388088K available (47117K kernel code, 7871K rwdata, 8828K rodata, 2100K init, 2624K bss, 1361276K reserved, 0K cma-reserved)
[    1.067447] SLUB: HWalign=64, Order=0-3, MinObjects=0, CPUs=2, Nodes=1
[    1.068370] Dynamic Preempt: voluntary
[    1.069899] rcu: Preemptible hierarchical RCU implementation.
[    1.069900] rcu: 	RCU event tracing is enabled.
[    1.069901] rcu: 	RCU restricting CPUs from NR_CPUS=64 to nr_cpu_ids=2.
[    1.069903] 	Trampoline variant of Tasks RCU enabled.
[    1.069904] rcu: RCU calculated value of scheduler-enlistment delay is 100 jiffies.
[    1.069904] rcu: Adjusting geometry for rcu_fanout_leaf=16, nr_cpu_ids=2
[    1.074638] NR_IRQS: 4352, nr_irqs: 440, preallocated irqs: 16
[    1.074828] rcu: srcu_init: Setting srcu_struct sizes based on contention.
[    1.077106] Console: colour VGA+ 80x25
[    1.115324] printk: console [ttyS0] enabled
[    1.115571] ACPI: Core revision 20220331
[    1.115907] clocksource: hpet: mask: 0xffffffff max_cycles: 0xffffffff, max_idle_ns: 19112604467 ns
[    1.116462] APIC: Switch to symmetric I/O mode setup
[    1.116879] kvm-guest: setup PV IPIs
[    1.117702] ..TIMER: vector=0x30 apic1=0 pin1=2 apic2=-1 pin2=-1
[    1.118049] clocksource: tsc-early: mask: 0xffffffffffffffff max_cycles: 0x2df10e7656b, max_idle_ns: 440795364873 ns
[    1.118778] Calibrating delay loop (skipped) preset value.. 6374.40 BogoMIPS (lpj=3187200)
[    1.119304] x86/cpu: User Mode Instruction Prevention (UMIP) activated
[    1.119824] Last level iTLB entries: 4KB 0, 2MB 0, 4MB 0
[    1.120119] Last level dTLB entries: 4KB 0, 2MB 0, 4MB 0, 1GB 0
[    1.120449] Spectre V1 : Mitigation: usercopy/swapgs barriers and __user pointer sanitization
[    1.120778] Spectre V2 : Mitigation: Enhanced IBRS
[    1.121047] Spectre V2 : Spectre v2 / SpectreRSB mitigation: Filling RSB on context switch
[    1.121775] Spectre V2 : Spectre v2 / PBRSB-eIBRS: Retire a single CALL on VMEXIT
[    1.122193] Spectre V2 : mitigation: Enabling conditional Indirect Branch Prediction Barrier
[    1.122776] Speculative Store Bypass: Mitigation: Speculative Store Bypass disabled via prctl
[    1.123249] MMIO Stale Data: Unknown: No mitigations
[    1.123787] x86/fpu: Supporting XSAVE feature 0x001: 'x87 floating point registers'
[    1.124224] x86/fpu: Supporting XSAVE feature 0x002: 'SSE registers'
[    1.124774] x86/fpu: Supporting XSAVE feature 0x004: 'AVX registers'
[    1.125140] x86/fpu: Supporting XSAVE feature 0x200: 'Protection Keys User registers'
[    1.125585] x86/fpu: xstate_offset[2]:  576, xstate_sizes[2]:  256
[    1.125775] x86/fpu: xstate_offset[9]:  832, xstate_sizes[9]:    8
[    1.126130] x86/fpu: Enabled xstate features 0x207, context size is 840 bytes, using 'compacted' format.
[    1.140861] Freeing SMP alternatives memory: 44K
[    1.141181] pid_max: default: 32768 minimum: 301
[    1.141483] LSM: Security Framework initializing
[    1.141761] SELinux:  Initializing.
[    1.142780] Mount-cache hash table entries: 16384 (order: 5, 131072 bytes, linear)
[    1.143221] Mountpoint-cache hash table entries: 16384 (order: 5, 131072 bytes, linear)
[    1.144152] smpboot: CPU0: Intel(R) Core(TM) i9-14900K (family: 0x6, model: 0xb7, stepping: 0x1)
[    1.144773] cblist_init_generic: Setting adjustable number of callback queues.
[    1.144777] cblist_init_generic: Setting shift to 1 and lim to 1.
[    1.145144] Performance Events: unsupported p6 CPU model 183 no PMU driver, software events only.
[    1.145666] signal: max sigframe size: 3632
[    1.145796] rcu: Hierarchical SRCU implementation.
[    1.146071] rcu: 	Max phase no-delay instances is 400.
[    1.146633] smp: Bringing up secondary CPUs ...
[    1.146880] x86: Booting SMP configuration:
[    1.147123] .... node  #0, CPUs:      #1
[    1.147315] smp: Brought up 1 node, 2 CPUs
[    1.147776] smpboot: Max logical packages: 1
[    1.148024] smpboot: Total of 2 processors activated (12748.80 BogoMIPS)
[    1.149826] devtmpfs: initialized
[    1.153343] clocksource: jiffies: mask: 0xffffffff max_cycles: 0xffffffff, max_idle_ns: 1911260446275000 ns
[    1.153783] futex hash table entries: 512 (order: 3, 32768 bytes, linear)
[    1.154775] PM: RTC time: 11:38:20, date: 2026-05-05
[    1.155192] NET: Registered PF_NETLINK/PF_ROUTE protocol family
[    1.155727] audit: initializing netlink subsys (disabled)
[    1.155819] audit: type=2000 audit(1777981100.484:1): state=initialized audit_enabled=0 res=1
[    1.155947] thermal_sys: Registered thermal governor 'step_wise'
[    1.156328] thermal_sys: Registered thermal governor 'user_space'
[    1.156791] cpuidle: using governor menu
[    1.157573] PCI: Using configuration type 1 for base access
[    1.165139] kprobes: kprobe jump-optimization is enabled. All kprobes are optimized if possible.
[    1.167995] HugeTLB: registered 2.00 MiB page size, pre-allocated 0 pages
[    1.167995] HugeTLB: 28 KiB vmemmap can be freed for a 2.00 MiB page
[    1.168885] ACPI: Added _OSI(Module Device)
[    1.168885] ACPI: Added _OSI(Processor Device)
[    1.168885] ACPI: Added _OSI(3.0 _SCP Extensions)
[    1.169053] ACPI: Added _OSI(Processor Aggregator Device)
[    1.176363] ACPI: 1 ACPI AML tables successfully acquired and loaded
[    1.222193] ACPI: Interpreter enabled
[    1.222462] ACPI: PM: (supports S0 S3 S4 S5)
[    1.222711] ACPI: Using IOAPIC for interrupt routing
[    1.222803] PCI: Using host bridge windows from ACPI; if necessary, use "pci=nocrs" and report a bug
[    1.223339] PCI: Using E820 reservations for host bridge windows
[    1.224022] ACPI: Enabled 2 GPEs in block 00 to 0F
[    1.234116] ACPI: PCI Root Bridge [PCI0] (domain 0000 [bus 00-ff])
[    1.234495] acpi PNP0A03:00: _OSC: OS supports [ASPM ClockPM Segments MSI HPX-Type3]
[    1.234775] acpi PNP0A03:00: _OSC: not requesting OS control; OS requires [ExtendedConfig ASPM ClockPM MSI]
[    1.235390] acpi PNP0A03:00: fail to add MMCONFIG information, can't access extended PCI configuration space under this bridge.
[    1.235937] PCI host bridge to bus 0000:00
[    1.236180] pci_bus 0000:00: root bus resource [io  0x0000-0x0cf7 window]
[    1.236590] pci_bus 0000:00: root bus resource [io  0x0d00-0xffff window]
[    1.236777] pci_bus 0000:00: root bus resource [mem 0x000a0000-0x000bffff window]
[    1.237230] pci_bus 0000:00: root bus resource [mem 0xc0000000-0xfebfffff window]
[    1.237688] pci_bus 0000:00: root bus resource [mem 0x240000000-0x2bfffffff window]
[    1.237777] pci_bus 0000:00: root bus resource [bus 00-ff]
[    1.238147] pci 0000:00:00.0: [8086:1237] type 00 class 0x060000
[    1.243015] pci 0000:00:01.0: [8086:7000] type 00 class 0x060100
[    1.247281] pci 0000:00:01.1: [8086:7010] type 00 class 0x010180
[    1.248524] pci 0000:00:01.1: reg 0x20: [io  0xc040-0xc04f]
[    1.249128] pci 0000:00:01.1: legacy IDE quirk: reg 0x10: [io  0x01f0-0x01f7]
[    1.249545] pci 0000:00:01.1: legacy IDE quirk: reg 0x14: [io  0x03f6]
[    1.249777] pci 0000:00:01.1: legacy IDE quirk: reg 0x18: [io  0x0170-0x0177]
[    1.250202] pci 0000:00:01.1: legacy IDE quirk: reg 0x1c: [io  0x0376]
[    1.250739] pci 0000:00:01.3: [8086:7113] type 00 class 0x068000
[    1.251015] pci 0000:00:01.3: quirk: [io  0x0600-0x063f] claimed by PIIX4 ACPI
[    1.251457] pci 0000:00:01.3: quirk: [io  0x0700-0x070f] claimed by PIIX4 SMB
[    1.251926] pci 0000:00:02.0: [1234:1111] type 00 class 0x030000
[    1.252782] pci 0000:00:02.0: reg 0x10: [mem 0xfd000000-0xfdffffff pref]
[    1.253974] pci 0000:00:02.0: reg 0x18: [mem 0xfebf0000-0xfebf0fff]
[    1.255966] pci 0000:00:02.0: reg 0x30: [mem 0xfebe0000-0xfebeffff pref]
[    1.256413] pci 0000:00:02.0: Video device with shadowed ROM at [mem 0x000c0000-0x000dffff]
[    1.260409] pci 0000:00:03.0: [8086:100e] type 00 class 0x020000
[    1.261168] pci 0000:00:03.0: reg 0x10: [mem 0xfebc0000-0xfebdffff]
[    1.261775] pci 0000:00:03.0: reg 0x14: [io  0xc000-0xc03f]
[    1.263525] pci 0000:00:03.0: reg 0x30: [mem 0xfeb80000-0xfebbffff pref]
[    1.268382] ACPI: PCI: Interrupt link LNKA configured for IRQ 10
[    1.269161] ACPI: PCI: Interrupt link LNKB configured for IRQ 10
[    1.269869] ACPI: PCI: Interrupt link LNKC configured for IRQ 11
[    1.270564] ACPI: PCI: Interrupt link LNKD configured for IRQ 11
[    1.270912] ACPI: PCI: Interrupt link LNKS configured for IRQ 9
[    1.272221] iommu: Default domain type: Translated 
[    1.272506] iommu: DMA domain TLB invalidation policy: lazy mode 
[    1.272959] SCSI subsystem initialized
[    1.273197] ACPI: bus type USB registered
[    1.273855] usbcore: registered new interface driver usbfs
[    1.274812] usbcore: registered new interface driver hub
[    1.275738] usbcore: registered new device driver usb
[    1.276844] pps_core: LinuxPPS API ver. 1 registered
[    1.277700] pps_core: Software ver. 5.3.6 - Copyright 2005-2007 Rodolfo Giometti <giometti@linux.it>
[    1.278797] PTP clock support registered
[    1.279854] Advanced Linux Sound Architecture Driver Initialized.
[    1.280941] NetLabel: Initializing
[    1.281150] NetLabel:  domain hash size = 128
[    1.281409] NetLabel:  protocols = UNLABELED CIPSOv4 CALIPSO
[    1.281807] NetLabel:  unlabeled traffic allowed by default
[    1.282172] PCI: Using ACPI for IRQ routing
[    1.282172] pci 0000:00:02.0: vgaarb: setting as boot VGA device
[    1.282172] pci 0000:00:02.0: vgaarb: bridge control possible
[    1.282478] pci 0000:00:02.0: vgaarb: VGA device added: decodes=io+mem,owns=io+mem,locks=none
[    1.282775] vgaarb: loaded
[    1.283004] hpet0: at MMIO 0xfed00000, IRQs 2, 8, 0
[    1.283296] hpet0: 3 comparators, 64-bit 100.000000 MHz counter
[    1.286818] clocksource: Switched to clocksource kvm-clock
[    1.287310] VFS: Disk quotas dquot_6.6.0
[    1.287554] VFS: Dquot-cache hash table entries: 512 (order 0, 4096 bytes)
[    1.288004] pnp: PnP ACPI init
[    1.289204] pnp: PnP ACPI: found 6 devices
[    1.298030] clocksource: acpi_pm: mask: 0xffffff max_cycles: 0xffffff, max_idle_ns: 2085701024 ns
[    1.298606] NET: Registered PF_INET protocol family
[    1.298983] IP idents hash table entries: 131072 (order: 8, 1048576 bytes, linear)
[    1.300419] tcp_listen_portaddr_hash hash table entries: 4096 (order: 4, 65536 bytes, linear)
[    1.300920] Table-perturb hash table entries: 65536 (order: 6, 262144 bytes, linear)
[    1.301378] TCP established hash table entries: 65536 (order: 7, 524288 bytes, linear)
[    1.303203] TCP bind hash table entries: 65536 (order: 9, 2097152 bytes, linear)
[    1.305210] TCP: Hash tables configured (established 65536 bind 65536)
[    1.305637] UDP hash table entries: 4096 (order: 5, 131072 bytes, linear)
[    1.306025] UDP-Lite hash table entries: 4096 (order: 5, 131072 bytes, linear)
[    1.306500] NET: Registered PF_UNIX/PF_LOCAL protocol family
[    1.306990] RPC: Registered named UNIX socket transport module.
[    1.307334] RPC: Registered udp transport module.
[    1.307610] RPC: Registered tcp transport module.
[    1.307887] RPC: Registered tcp NFSv4.1 backchannel transport module.
[    1.308508] pci_bus 0000:00: resource 4 [io  0x0000-0x0cf7 window]
[    1.308870] pci_bus 0000:00: resource 5 [io  0x0d00-0xffff window]
[    1.309231] pci_bus 0000:00: resource 6 [mem 0x000a0000-0x000bffff window]
[    1.309630] pci_bus 0000:00: resource 7 [mem 0xc0000000-0xfebfffff window]
[    1.310032] pci_bus 0000:00: resource 8 [mem 0x240000000-0x2bfffffff window]
[    1.310531] pci 0000:00:01.0: PIIX3: Enabling Passive Release
[    1.310872] pci 0000:00:00.0: Limiting direct PCI/PCI transfers
[    1.311251] PCI: CLS 0 bytes, default 64
[    1.311497] PCI-DMA: Using software bounce buffering for IO (SWIOTLB)
[    1.311871] software IO TLB: mapped [mem 0x00000000bbe92000-0x00000000bfe92000] (64MB)
[    1.312459] Unpacking initramfs...
[    1.317672] RAPL PMU: API unit is 2^-32 Joules, 0 fixed counters, 10737418240 ms ovfl timer
[    1.318189] clocksource: tsc: mask: 0xffffffffffffffff max_cycles: 0x2df10e7656b, max_idle_ns: 440795364873 ns
[    1.320870] Initialise system trusted keyrings
[    1.321379] workingset: timestamp_bits=56 max_order=21 bucket_order=0
[    1.328642] NFS: Registering the id_resolver key type
[    1.328959] Key type id_resolver registered
[    1.329206] Key type id_legacy registered
[    1.329503] 9p: Installing v9fs 9p2000 file system support
[    1.329881] Freeing initrd memory: 1336K
[    1.333873] Key type asymmetric registered
[    1.334156] Asymmetric key parser 'x509' registered
[    1.334467] Block layer SCSI generic (bsg) driver version 0.4 loaded (major 251)
[    1.334909] io scheduler mq-deadline registered
[    1.335176] io scheduler kyber registered
[    1.335518] cryptomgr_test (41) used greatest stack depth: 30912 bytes left
[    1.336241] input: Power Button as /devices/LNXSYSTM:00/LNXPWRBN:00/input/input0
[    1.337669] ACPI: button: Power Button [PWRF]
[    1.338799] Serial: 8250/16550 driver, 4 ports, IRQ sharing enabled
[    1.339256] 00:04: ttyS0 at I/O 0x3f8 (irq = 4, base_baud = 115200) is a 16550A
[    1.340253] Non-volatile memory driver v1.3
[    1.340504] Linux agpgart interface v0.103
[    1.340819] ACPI: bus type drm_connector registered
[    1.345321] loop: module loaded
[    1.346586] scsi host0: ata_piix
[    1.347022] scsi host1: ata_piix
[    1.347290] ata1: PATA max MWDMA2 cmd 0x1f0 ctl 0x3f6 bmdma 0xc040 irq 14
[    1.347693] ata2: PATA max MWDMA2 cmd 0x170 ctl 0x376 bmdma 0xc048 irq 15
[    1.350497] e100: Intel(R) PRO/100 Network Driver
[    1.350779] e100: Copyright(c) 1999-2006 Intel Corporation
[    1.351115] e1000: Intel(R) PRO/1000 Network Driver
[    1.351399] e1000: Copyright (c) 1999-2006 Intel Corporation.
[    1.500242] ata2: found unknown device (class 0)
[    1.501879] ata2.00: ATAPI: QEMU DVD-ROM, 2.5+, max UDMA/100
[    1.503389] scsi 1:0:0:0: CD-ROM            QEMU     QEMU DVD-ROM     2.5+ PQ: 0 ANSI: 5
[    1.538261] sr 1:0:0:0: [sr0] scsi3-mmc drive: 4x/4x cd/rw xa/form2 tray
[    1.538665] cdrom: Uniform CD-ROM driver Revision: 3.20
[    1.555830] sr 1:0:0:0: Attached scsi generic sg0 type 5
[    1.667342] ACPI: \_SB_.LNKC: Enabled at IRQ 11
[    1.957475] e1000 0000:00:03.0 eth0: (PCI:33MHz:32-bit) 52:54:00:12:34:56
[    1.957896] e1000 0000:00:03.0 eth0: Intel(R) PRO/1000 Network Connection
[    1.958337] e1000e: Intel(R) PRO/1000 Network Driver
[    1.958629] e1000e: Copyright(c) 1999 - 2015 Intel Corporation.
[    1.959004] sky2: driver version 1.30
[    1.959696] usbcore: registered new interface driver usblp
[    1.960049] usbcore: registered new interface driver usb-storage
[    1.960452] i8042: PNP: PS/2 Controller [PNP0303:KBD,PNP0f13:MOU] at 0x60,0x64 irq 1,12
[    1.961370] serio: i8042 KBD port at 0x60,0x64 irq 1
[    1.961661] serio: i8042 AUX port at 0x60,0x64 irq 12
[    1.962369] rtc_cmos 00:05: RTC can wake from S4
[    1.962721] input: AT Translated Set 2 keyboard as /devices/platform/i8042/serio0/input/input1
[    1.964547] rtc_cmos 00:05: registered as rtc0
[    1.964869] rtc_cmos 00:05: alarms up to one day, y3k, 242 bytes nvram, hpet irqs
[    1.965690] device-mapper: ioctl: 4.47.0-ioctl (2022-07-28) initialised: dm-devel@redhat.com
[    1.966193] intel_pstate: CPU model not supported
[    1.966500] hid: raw HID events driver (C) Jiri Kosina
[    1.967056] usbcore: registered new interface driver usbhid
[    1.967384] usbhid: USB HID core driver
[    1.970582] Initializing XFRM netlink socket
[    1.971102] NET: Registered PF_INET6 protocol family
[    1.973590] Segment Routing with IPv6
[    1.973823] In-situ OAM (IOAM) with IPv6
[    1.974132] sit: IPv6, IPv4 and MPLS over IPv4 tunneling driver
[    1.974705] NET: Registered PF_PACKET protocol family
[    1.975060] 9pnet: Installing 9P2000 support
[    1.975335] Key type dns_resolver registered
[    1.975792] IPI shorthand broadcast: enabled
[    1.976094] sched_clock: Marking stable (1934116918, 41939076)->(1988271666, -12215672)
[    1.976706] registered taskstats version 1
[    1.976951] Loading compiled-in X.509 certificates
[    1.977624] cryptomgr_test (64) used greatest stack depth: 30536 bytes left
[    1.978177] PM:   Magic number: 10:116:630
[    1.978454] printk: console [netcon0] enabled
[    1.978709] netconsole: network logging started
[    1.979135] cfg80211: Loading compiled-in X.509 certificates for regulatory database
[    1.979755] kworker/u4:0 (73) used greatest stack depth: 29512 bytes left
[    1.980492] cfg80211: Loaded X.509 cert 'sforshee: 00b28ddf47aef9cea7'
[    1.980880] ALSA device list:
[    1.981094]   No soundcards found.
[    1.981753] Freeing unused kernel image (initmem) memory: 2100K
[    1.982039] platform regulatory.0: Direct firmware load for regulatory.db failed with error -2
[    1.982374] cfg80211: failed to load regulatory.db
[    1.986020] Write protecting the kernel read-only data: 59392k
[    1.986588] Freeing unused kernel image (text/rodata gap) memory: 2032K
[    1.987052] Freeing unused kernel image (rodata/data gap) memory: 1412K
[    1.994545] x86/mm: Checked W+X mappings: passed, no W+X pages found.
[    1.994850] Run /init as init process
[    1.996117] mount (78) used greatest stack depth: 28360 bytes left

secb: rootfs ready
---- poc begin ----
poc: start: CVE-2023-4244 nft set GC race -> chain UAF
poc: iter 0
poc: iter 8
[    2.588517] input: ImExPS/2 Generic Explorer Mouse as /devices/platform/i8042/serio1/input/input3
poc: iter 16
poc: iter 24
poc: done
[    5.799326] poc (84) used greatest stack depth: 27096 bytes left
---- poc end rc=0 ----
secb: poc exited without crashing the kernel
[    7.065691] ACPI: PM: Preparing to enter system sleep state S5
[    7.066029] reboot: Power down
NO_CRASH_DETECTED
