bash: warning: setlocale: LC_ALL: cannot change locale (en_US.UTF-8)
c[?7l[2J[0mSeaBIOS (version 1.16.2-debian-1.16.2-1)


iPXE (http://ipxe.org) 00:03.0 CA00 PCI2.10 PnP PMM+BEFCEF00+BEF0EF00 CA00
Press Ctrl-B to configure iPXE (PCI 00:03.0)...                                                                               


Booting from ROM..c[?7l[2J[    0.000000] Linux version 6.1.49-08898-g024f76bca9d0-dirty (root@buildkitsandbox) (gcc (Debian 12.2.0-14+deb12u1) 12.2.0, GNU ld (GNU Binutils for Debian) 2.40) #1 SMP PREEMPT_DYNAMIC Tue May  5 11:31:06 UTC 2026
[    0.000000] Command line: console=ttyS0 oops=panic nokaslr rdinit=/init
[    0.000000] BIOS-provided physical RAM map:
[    0.000000] BIOS-e820: [mem 0x0000000000000000-0x000000000009fbff] usable
[    0.000000] BIOS-e820: [mem 0x000000000009fc00-0x000000000009ffff] reserved
[    0.000000] BIOS-e820: [mem 0x00000000000f0000-0x00000000000fffff] reserved
[    0.000000] BIOS-e820: [mem 0x0000000000100000-0x00000000bffdffff] usable
[    0.000000] BIOS-e820: [mem 0x00000000bffe0000-0x00000000bfffffff] reserved
[    0.000000] BIOS-e820: [mem 0x00000000feffc000-0x00000000feffffff] reserved
[    0.000000] BIOS-e820: [mem 0x00000000fffc0000-0x00000000ffffffff] reserved
[    0.000000] BIOS-e820: [mem 0x0000000100000000-0x000000023fffffff] usable
[    0.000000] NX (Execute Disable) protection: active
[    0.000000] SMBIOS 2.8 present.
[    0.000000] DMI: QEMU Standard PC (i440FX + PIIX, 1996), BIOS 1.16.2-debian-1.16.2-1 04/01/2014
[    0.000000] Hypervisor detected: KVM
[    0.000000] kvm-clock: Using msrs 4b564d01 and 4b564d00
[    0.000001] kvm-clock: using sched offset of 278545167 cycles
[    0.000003] clocksource: kvm-clock: mask: 0xffffffffffffffff max_cycles: 0x1cd42e4dffb, max_idle_ns: 881590591483 ns
[    0.000005] tsc: Detected 3187.200 MHz processor
[    0.000321] last_pfn = 0x240000 max_arch_pfn = 0x400000000
[    0.000347] x86/PAT: Configuration [0-7]: WB  WC  UC- UC  WB  WP  UC- WT  
[    0.000351] last_pfn = 0xbffe0 max_arch_pfn = 0x400000000
[    0.002257] found SMP MP-table at [mem 0x000f5ba0-0x000f5baf]
[    0.002265] Using GB pages for direct mapping
[    0.002266] Incomplete global flushes, disabling PCID
[    0.004128] RAMDISK: [mem 0xbfe92000-0xbffdffff]
[    0.004134] ACPI: Early table checksum verification disabled
[    0.004136] ACPI: RSDP 0x00000000000F59B0 000014 (v00 BOCHS )
[    0.004139] ACPI: RSDT 0x00000000BFFE1B33 000034 (v01 BOCHS  BXPC     00000001 BXPC 00000001)
[    0.004144] ACPI: FACP 0x00000000BFFE19DF 000074 (v01 BOCHS  BXPC     00000001 BXPC 00000001)
[    0.004148] ACPI: DSDT 0x00000000BFFE0040 00199F (v01 BOCHS  BXPC     00000001 BXPC 00000001)
[    0.004150] ACPI: FACS 0x00000000BFFE0000 000040
[    0.004152] ACPI: APIC 0x00000000BFFE1A53 000080 (v01 BOCHS  BXPC     00000001 BXPC 00000001)
[    0.004154] ACPI: HPET 0x00000000BFFE1AD3 000038 (v01 BOCHS  BXPC     00000001 BXPC 00000001)
[    0.004155] ACPI: WAET 0x00000000BFFE1B0B 000028 (v01 BOCHS  BXPC     00000001 BXPC 00000001)
[    0.004157] ACPI: Reserving FACP table memory at [mem 0xbffe19df-0xbffe1a52]
[    0.004158] ACPI: Reserving DSDT table memory at [mem 0xbffe0040-0xbffe19de]
[    0.004159] ACPI: Reserving FACS table memory at [mem 0xbffe0000-0xbffe003f]
[    0.004159] ACPI: Reserving APIC table memory at [mem 0xbffe1a53-0xbffe1ad2]
[    0.004160] ACPI: Reserving HPET table memory at [mem 0xbffe1ad3-0xbffe1b0a]
[    0.004160] ACPI: Reserving WAET table memory at [mem 0xbffe1b0b-0xbffe1b32]
[    0.004362] No NUMA configuration found
[    0.004363] Faking a node at [mem 0x0000000000000000-0x000000023fffffff]
[    0.004365] NODE_DATA(0) allocated [mem 0x23fffa000-0x23fffdfff]
[    0.004375] Zone ranges:
[    0.004376]   DMA      [mem 0x0000000000001000-0x0000000000ffffff]
[    0.004377]   DMA32    [mem 0x0000000001000000-0x00000000ffffffff]
[    0.004378]   Normal   [mem 0x0000000100000000-0x000000023fffffff]
[    0.004378] Movable zone start for each node
[    0.004379] Early memory node ranges
[    0.004379]   node   0: [mem 0x0000000000001000-0x000000000009efff]
[    0.004380]   node   0: [mem 0x0000000000100000-0x00000000bffdffff]
[    0.004381]   node   0: [mem 0x0000000100000000-0x000000023fffffff]
[    0.004382] Initmem setup node 0 [mem 0x0000000000001000-0x000000023fffffff]
[    0.005424] On node 0, zone DMA: 1 pages in unavailable ranges
[    0.005469] On node 0, zone DMA: 97 pages in unavailable ranges
[    0.078617] On node 0, zone Normal: 32 pages in unavailable ranges
[    0.856971] kasan: KernelAddressSanitizer initialized
[    0.857166] ACPI: PM-Timer IO Port: 0x608
[    0.857173] ACPI: LAPIC_NMI (acpi_id[0xff] dfl dfl lint[0x1])
[    0.857200] IOAPIC[0]: apic_id 0, version 17, address 0xfec00000, GSI 0-23
[    0.857202] ACPI: INT_SRC_OVR (bus 0 bus_irq 0 global_irq 2 dfl dfl)
[    0.857204] ACPI: INT_SRC_OVR (bus 0 bus_irq 5 global_irq 5 high level)
[    0.857205] ACPI: INT_SRC_OVR (bus 0 bus_irq 9 global_irq 9 high level)
[    0.857205] ACPI: INT_SRC_OVR (bus 0 bus_irq 10 global_irq 10 high level)
[    0.857206] ACPI: INT_SRC_OVR (bus 0 bus_irq 11 global_irq 11 high level)
[    0.857208] ACPI: Using ACPI (MADT) for SMP configuration information
[    0.857209] ACPI: HPET id: 0x8086a201 base: 0xfed00000
[    0.857212] TSC deadline timer available
[    0.857213] smpboot: Allowing 2 CPUs, 0 hotplug CPUs
[    0.857230] kvm-guest: KVM setup pv remote TLB flush
[    0.857232] kvm-guest: setup PV sched yield
[    0.857242] PM: hibernation: Registered nosave memory: [mem 0x00000000-0x00000fff]
[    0.857244] PM: hibernation: Registered nosave memory: [mem 0x0009f000-0x0009ffff]
[    0.857244] PM: hibernation: Registered nosave memory: [mem 0x000a0000-0x000effff]
[    0.857245] PM: hibernation: Registered nosave memory: [mem 0x000f0000-0x000fffff]
[    0.857246] PM: hibernation: Registered nosave memory: [mem 0xbffe0000-0xbfffffff]
[    0.857246] PM: hibernation: Registered nosave memory: [mem 0xc0000000-0xfeffbfff]
[    0.857247] PM: hibernation: Registered nosave memory: [mem 0xfeffc000-0xfeffffff]
[    0.857247] PM: hibernation: Registered nosave memory: [mem 0xff000000-0xfffbffff]
[    0.857248] PM: hibernation: Registered nosave memory: [mem 0xfffc0000-0xffffffff]
[    0.857249] [mem 0xc0000000-0xfeffbfff] available for PCI devices
[    0.857250] Booting paravirtualized kernel on KVM
[    0.857251] clocksource: refined-jiffies: mask: 0xffffffff max_cycles: 0xffffffff, max_idle_ns: 1910969940391419 ns
[    0.864584] setup_percpu: NR_CPUS:64 nr_cpumask_bits:2 nr_cpu_ids:2 nr_node_ids:1
[    0.865673] percpu: Embedded 65 pages/cpu s225960 r8192 d32088 u1048576
[    0.865711] Fallback order for Node 0: 0 
[    0.865713] Built 1 zonelists, mobility grouping on.  Total pages: 2064096
[    0.865714] Policy zone: Normal
[    0.865715] Kernel command line: console=ttyS0 oops=panic nokaslr rdinit=/init
[    0.865763] random: crng init done
[    0.874479] Dentry cache hash table entries: 1048576 (order: 11, 8388608 bytes, linear)
[    0.876657] Inode-cache hash table entries: 524288 (order: 10, 4194304 bytes, linear)
[    0.876688] mem auto-init: stack:all(zero), heap alloc:off, heap free:off
[    0.882959] stackdepot hash table entries: 1048576 (order: 11, 8388608 bytes, linear)
[    0.882969] software IO TLB: area num 2.
[    1.018020] Memory: 7026556K/8388088K available (47117K kernel code, 7871K rwdata, 8824K rodata, 2104K init, 2624K bss, 1361276K reserved, 0K cma-reserved)
[    1.018138] SLUB: HWalign=64, Order=0-3, MinObjects=0, CPUs=2, Nodes=1
[    1.019144] Dynamic Preempt: voluntary
[    1.019472] rcu: Preemptible hierarchical RCU implementation.
[    1.019473] rcu: 	RCU event tracing is enabled.
[    1.019473] rcu: 	RCU restricting CPUs from NR_CPUS=64 to nr_cpu_ids=2.
[    1.019475] 	Trampoline variant of Tasks RCU enabled.
[    1.019476] rcu: RCU calculated value of scheduler-enlistment delay is 100 jiffies.
[    1.019477] rcu: Adjusting geometry for rcu_fanout_leaf=16, nr_cpu_ids=2
[    1.024218] NR_IRQS: 4352, nr_irqs: 440, preallocated irqs: 16
[    1.024427] rcu: srcu_init: Setting srcu_struct sizes based on contention.
[    1.026603] Console: colour VGA+ 80x25
[    1.064728] printk: console [ttyS0] enabled
[    1.064984] ACPI: Core revision 20220331
[    1.065329] clocksource: hpet: mask: 0xffffffff max_cycles: 0xffffffff, max_idle_ns: 19112604467 ns
[    1.065907] APIC: Switch to symmetric I/O mode setup
[    1.066192] kvm-guest: setup PV IPIs
[    1.067045] ..TIMER: vector=0x30 apic1=0 pin1=2 apic2=-1 pin2=-1
[    1.067403] clocksource: tsc-early: mask: 0xffffffffffffffff max_cycles: 0x2df10e7656b, max_idle_ns: 440795364873 ns
[    1.068016] Calibrating delay loop (skipped) preset value.. 6374.40 BogoMIPS (lpj=3187200)
[    1.068542] x86/cpu: User Mode Instruction Prevention (UMIP) activated
[    1.069067] Last level iTLB entries: 4KB 0, 2MB 0, 4MB 0
[    1.069369] Last level dTLB entries: 4KB 0, 2MB 0, 4MB 0, 1GB 0
[    1.069707] Spectre V1 : Mitigation: usercopy/swapgs barriers and __user pointer sanitization
[    1.070013] Spectre V2 : Mitigation: Enhanced IBRS
[    1.070279] Spectre V2 : Spectre v2 / SpectreRSB mitigation: Filling RSB on context switch
[    1.070735] Spectre V2 : Spectre v2 / PBRSB-eIBRS: Retire a single CALL on VMEXIT
[    1.071012] Spectre V2 : mitigation: Enabling conditional Indirect Branch Prediction Barrier
[    1.071491] Speculative Store Bypass: Mitigation: Speculative Store Bypass disabled via prctl
[    1.072011] MMIO Stale Data: Unknown: No mitigations
[    1.072297] x86/fpu: Supporting XSAVE feature 0x001: 'x87 floating point registers'
[    1.073011] x86/fpu: Supporting XSAVE feature 0x002: 'SSE registers'
[    1.073371] x86/fpu: Supporting XSAVE feature 0x004: 'AVX registers'
[    1.073730] x86/fpu: Supporting XSAVE feature 0x200: 'Protection Keys User registers'
[    1.074012] x86/fpu: xstate_offset[2]:  576, xstate_sizes[2]:  256
[    1.074362] x86/fpu: xstate_offset[9]:  832, xstate_sizes[9]:    8
[    1.074714] x86/fpu: Enabled xstate features 0x207, context size is 840 bytes, using 'compacted' format.
[    1.088455] Freeing SMP alternatives memory: 44K
[    1.088744] pid_max: default: 32768 minimum: 301
[    1.089061] LSM: Security Framework initializing
[    1.089344] SELinux:  Initializing.
[    1.090022] Mount-cache hash table entries: 16384 (order: 5, 131072 bytes, linear)
[    1.091022] Mountpoint-cache hash table entries: 16384 (order: 5, 131072 bytes, linear)
[    1.092328] smpboot: CPU0: Intel(R) Core(TM) i9-14900K (family: 0x6, model: 0xb7, stepping: 0x1)
[    1.093006] cblist_init_generic: Setting adjustable number of callback queues.
[    1.093014] cblist_init_generic: Setting shift to 1 and lim to 1.
[    1.093376] Performance Events: unsupported p6 CPU model 183 no PMU driver, software events only.
[    1.093888] signal: max sigframe size: 3632
[    1.094034] rcu: Hierarchical SRCU implementation.
[    1.094301] rcu: 	Max phase no-delay instances is 400.
[    1.094861] smp: Bringing up secondary CPUs ...
[    1.095119] x86: Booting SMP configuration:
[    1.095362] .... node  #0, CPUs:      #1
[    1.095716] smp: Brought up 1 node, 2 CPUs
[    1.096243] smpboot: Max logical packages: 1
[    1.096486] smpboot: Total of 2 processors activated (12748.80 BogoMIPS)
[    1.101017] devtmpfs: initialized
[    1.102259] clocksource: jiffies: mask: 0xffffffff max_cycles: 0xffffffff, max_idle_ns: 1911260446275000 ns
[    1.102670] futex hash table entries: 512 (order: 3, 32768 bytes, linear)
[    1.103117] PM: RTC time: 11:33:49, date: 2026-05-05
[    1.103527] NET: Registered PF_NETLINK/PF_ROUTE protocol family
[    1.104056] audit: initializing netlink subsys (disabled)
[    1.104392] audit: type=2000 audit(1777980830.079:1): state=initialized audit_enabled=0 res=1
[    1.104392] thermal_sys: Registered thermal governor 'step_wise'
[    1.104531] thermal_sys: Registered thermal governor 'user_space'
[    1.105048] cpuidle: using governor menu
[    1.105775] PCI: Using configuration type 1 for base access
[    1.113368] kprobes: kprobe jump-optimization is enabled. All kprobes are optimized if possible.
[    1.115151] HugeTLB: registered 2.00 MiB page size, pre-allocated 0 pages
[    1.115553] HugeTLB: 28 KiB vmemmap can be freed for a 2.00 MiB page
[    1.116011] ACPI: Added _OSI(Module Device)
[    1.116011] ACPI: Added _OSI(Processor Device)
[    1.116011] ACPI: Added _OSI(3.0 _SCP Extensions)
[    1.117013] ACPI: Added _OSI(Processor Aggregator Device)
[    1.123558] ACPI: 1 ACPI AML tables successfully acquired and loaded
[    1.166653] ACPI: Interpreter enabled
[    1.166920] ACPI: PM: (supports S0 S3 S4 S5)
[    1.167013] ACPI: Using IOAPIC for interrupt routing
[    1.167324] PCI: Using host bridge windows from ACPI; if necessary, use "pci=nocrs" and report a bug
[    1.167849] PCI: Using E820 reservations for host bridge windows
[    1.168330] ACPI: Enabled 2 GPEs in block 00 to 0F
[    1.178392] ACPI: PCI Root Bridge [PCI0] (domain 0000 [bus 00-ff])
[    1.178763] acpi PNP0A03:00: _OSC: OS supports [ASPM ClockPM Segments MSI HPX-Type3]
[    1.179013] acpi PNP0A03:00: _OSC: not requesting OS control; OS requires [ExtendedConfig ASPM ClockPM MSI]
[    1.179612] acpi PNP0A03:00: fail to add MMCONFIG information, can't access extended PCI configuration space under this bridge.
[    1.180175] PCI host bridge to bus 0000:00
[    1.180414] pci_bus 0000:00: root bus resource [io  0x0000-0x0cf7 window]
[    1.180803] pci_bus 0000:00: root bus resource [io  0x0d00-0xffff window]
[    1.181013] pci_bus 0000:00: root bus resource [mem 0x000a0000-0x000bffff window]
[    1.181456] pci_bus 0000:00: root bus resource [mem 0xc0000000-0xfebfffff window]
[    1.181883] pci_bus 0000:00: root bus resource [mem 0x240000000-0x2bfffffff window]
[    1.182014] pci_bus 0000:00: root bus resource [bus 00-ff]
[    1.182375] pci 0000:00:00.0: [8086:1237] type 00 class 0x060000
[    1.187249] pci 0000:00:01.0: [8086:7000] type 00 class 0x060100
[    1.191458] pci 0000:00:01.1: [8086:7010] type 00 class 0x010180
[    1.192651] pci 0000:00:01.1: reg 0x20: [io  0xc040-0xc04f]
[    1.193253] pci 0000:00:01.1: legacy IDE quirk: reg 0x10: [io  0x01f0-0x01f7]
[    1.193658] pci 0000:00:01.1: legacy IDE quirk: reg 0x14: [io  0x03f6]
[    1.194012] pci 0000:00:01.1: legacy IDE quirk: reg 0x18: [io  0x0170-0x0177]
[    1.194416] pci 0000:00:01.1: legacy IDE quirk: reg 0x1c: [io  0x0376]
[    1.194937] pci 0000:00:01.3: [8086:7113] type 00 class 0x068000
[    1.195233] pci 0000:00:01.3: quirk: [io  0x0600-0x063f] claimed by PIIX4 ACPI
[    1.195649] pci 0000:00:01.3: quirk: [io  0x0700-0x070f] claimed by PIIX4 SMB
[    1.196159] pci 0000:00:02.0: [1234:1111] type 00 class 0x030000
[    1.197291] pci 0000:00:02.0: reg 0x10: [mem 0xfd000000-0xfdffffff pref]
[    1.198729] pci 0000:00:02.0: reg 0x18: [mem 0xfebf0000-0xfebf0fff]
[    1.201025] pci 0000:00:02.0: reg 0x30: [mem 0xfebe0000-0xfebeffff pref]
[    1.201490] pci 0000:00:02.0: Video device with shadowed ROM at [mem 0x000c0000-0x000dffff]
[    1.206126] pci 0000:00:03.0: [8086:100e] type 00 class 0x020000
[    1.206841] pci 0000:00:03.0: reg 0x10: [mem 0xfebc0000-0xfebdffff]
[    1.207273] pci 0000:00:03.0: reg 0x14: [io  0xc000-0xc03f]
[    1.208832] pci 0000:00:03.0: reg 0x30: [mem 0xfeb80000-0xfebbffff pref]
[    1.213875] ACPI: PCI: Interrupt link LNKA configured for IRQ 10
[    1.214399] ACPI: PCI: Interrupt link LNKB configured for IRQ 10
[    1.215087] ACPI: PCI: Interrupt link LNKC configured for IRQ 11
[    1.215772] ACPI: PCI: Interrupt link LNKD configured for IRQ 11
[    1.216150] ACPI: PCI: Interrupt link LNKS configured for IRQ 9
[    1.217731] iommu: Default domain type: Translated 
[    1.218010] iommu: DMA domain TLB invalidation policy: lazy mode 
[    1.218622] SCSI subsystem initialized
[    1.218864] ACPI: bus type USB registered
[    1.218864] usbcore: registered new interface driver usbfs
[    1.219045] usbcore: registered new interface driver hub
[    1.219376] usbcore: registered new device driver usb
[    1.219767] pps_core: LinuxPPS API ver. 1 registered
[    1.220013] pps_core: Software ver. 5.3.6 - Copyright 2005-2007 Rodolfo Giometti <giometti@linux.it>
[    1.220551] PTP clock support registered
[    1.221124] Advanced Linux Sound Architecture Driver Initialized.
[    1.222386] NetLabel: Initializing
[    1.222586] NetLabel:  domain hash size = 128
[    1.222837] NetLabel:  protocols = UNLABELED CIPSOv4 CALIPSO
[    1.224063] NetLabel:  unlabeled traffic allowed by default
[    1.224433] PCI: Using ACPI for IRQ routing
[    1.224433] pci 0000:00:02.0: vgaarb: setting as boot VGA device
[    1.224433] pci 0000:00:02.0: vgaarb: bridge control possible
[    1.224720] pci 0000:00:02.0: vgaarb: VGA device added: decodes=io+mem,owns=io+mem,locks=none
[    1.225013] vgaarb: loaded
[    1.225306] hpet0: at MMIO 0xfed00000, IRQs 2, 8, 0
[    1.225630] hpet0: 3 comparators, 64-bit 100.000000 MHz counter
[    1.229070] clocksource: Switched to clocksource kvm-clock
[    1.229763] VFS: Disk quotas dquot_6.6.0
[    1.230011] VFS: Dquot-cache hash table entries: 512 (order 0, 4096 bytes)
[    1.230624] pnp: PnP ACPI init
[    1.231942] pnp: PnP ACPI: found 6 devices
[    1.240323] clocksource: acpi_pm: mask: 0xffffff max_cycles: 0xffffff, max_idle_ns: 2085701024 ns
[    1.241014] NET: Registered PF_INET protocol family
[    1.241452] IP idents hash table entries: 131072 (order: 8, 1048576 bytes, linear)
[    1.243077] tcp_listen_portaddr_hash hash table entries: 4096 (order: 4, 65536 bytes, linear)
[    1.243669] Table-perturb hash table entries: 65536 (order: 6, 262144 bytes, linear)
[    1.244217] TCP established hash table entries: 65536 (order: 7, 524288 bytes, linear)
[    1.246153] TCP bind hash table entries: 65536 (order: 9, 2097152 bytes, linear)
[    1.247856] TCP: Hash tables configured (established 65536 bind 65536)
[    1.248394] UDP hash table entries: 4096 (order: 5, 131072 bytes, linear)
[    1.248905] UDP-Lite hash table entries: 4096 (order: 5, 131072 bytes, linear)
[    1.249517] NET: Registered PF_UNIX/PF_LOCAL protocol family
[    1.250131] RPC: Registered named UNIX socket transport module.
[    1.250560] RPC: Registered udp transport module.
[    1.250905] RPC: Registered tcp transport module.
[    1.251233] RPC: Registered tcp NFSv4.1 backchannel transport module.
[    1.251990] pci_bus 0000:00: resource 4 [io  0x0000-0x0cf7 window]
[    1.252442] pci_bus 0000:00: resource 5 [io  0x0d00-0xffff window]
[    1.252892] pci_bus 0000:00: resource 6 [mem 0x000a0000-0x000bffff window]
[    1.253386] pci_bus 0000:00: resource 7 [mem 0xc0000000-0xfebfffff window]
[    1.253885] pci_bus 0000:00: resource 8 [mem 0x240000000-0x2bfffffff window]
[    1.254488] pci 0000:00:01.0: PIIX3: Enabling Passive Release
[    1.254917] pci 0000:00:00.0: Limiting direct PCI/PCI transfers
[    1.255377] PCI: CLS 0 bytes, default 64
[    1.255677] PCI-DMA: Using software bounce buffering for IO (SWIOTLB)
[    1.256140] software IO TLB: mapped [mem 0x00000000bbe92000-0x00000000bfe92000] (64MB)
[    1.256653] RAPL PMU: API unit is 2^-32 Joules, 0 fixed counters, 10737418240 ms ovfl timer
[    1.256760] Unpacking initramfs...
[    1.257166] clocksource: tsc: mask: 0xffffffffffffffff max_cycles: 0x2df10e7656b, max_idle_ns: 440795364873 ns
[    1.264649] Initialise system trusted keyrings
[    1.265043] workingset: timestamp_bits=56 max_order=21 bucket_order=0
[    1.271551] NFS: Registering the id_resolver key type
[    1.271875] Key type id_resolver registered
[    1.272116] Key type id_legacy registered
[    1.272459] 9p: Installing v9fs 9p2000 file system support
[    1.275533] Freeing initrd memory: 1336K
[    1.278211] Key type asymmetric registered
[    1.278456] Asymmetric key parser 'x509' registered
[    1.278766] Block layer SCSI generic (bsg) driver version 0.4 loaded (major 251)
[    1.279275] io scheduler mq-deadline registered
[    1.279607] io scheduler kyber registered
[    1.280071] cryptomgr_test (41) used greatest stack depth: 30912 bytes left
[    1.280671] input: Power Button as /devices/LNXSYSTM:00/LNXPWRBN:00/input/input0
[    1.281294] ACPI: button: Power Button [PWRF]
[    1.281978] Serial: 8250/16550 driver, 4 ports, IRQ sharing enabled
[    1.282507] 00:04: ttyS0 at I/O 0x3f8 (irq = 4, base_baud = 115200) is a 16550A
[    1.283622] Non-volatile memory driver v1.3
[    1.283911] Linux agpgart interface v0.103
[    1.284309] ACPI: bus type drm_connector registered
[    1.289556] loop: module loaded
[    1.290883] scsi host0: ata_piix
[    1.291377] scsi host1: ata_piix
[    1.291697] ata1: PATA max MWDMA2 cmd 0x1f0 ctl 0x3f6 bmdma 0xc040 irq 14
[    1.292189] ata2: PATA max MWDMA2 cmd 0x170 ctl 0x376 bmdma 0xc048 irq 15
[    1.294711] e100: Intel(R) PRO/100 Network Driver
[    1.295015] e100: Copyright(c) 1999-2006 Intel Corporation
[    1.295426] e1000: Intel(R) PRO/1000 Network Driver
[    1.295751] e1000: Copyright (c) 1999-2006 Intel Corporation.
[    1.449820] ata2: found unknown device (class 0)
[    1.450429] ata2.00: ATAPI: QEMU DVD-ROM, 2.5+, max UDMA/100
[    1.451371] scsi 1:0:0:0: CD-ROM            QEMU     QEMU DVD-ROM     2.5+ PQ: 0 ANSI: 5
[    1.487902] sr 1:0:0:0: [sr0] scsi3-mmc drive: 4x/4x cd/rw xa/form2 tray
[    1.488309] cdrom: Uniform CD-ROM driver Revision: 3.20
[    1.504627] sr 1:0:0:0: Attached scsi generic sg0 type 5
[    1.609280] ACPI: \_SB_.LNKC: Enabled at IRQ 11
[    1.899099] e1000 0000:00:03.0 eth0: (PCI:33MHz:32-bit) 52:54:00:12:34:56
[    1.899507] e1000 0000:00:03.0 eth0: Intel(R) PRO/1000 Network Connection
[    1.899956] e1000e: Intel(R) PRO/1000 Network Driver
[    1.900252] e1000e: Copyright(c) 1999 - 2015 Intel Corporation.
[    1.900631] sky2: driver version 1.30
[    1.901328] usbcore: registered new interface driver usblp
[    1.901708] usbcore: registered new interface driver usb-storage
[    1.902119] i8042: PNP: PS/2 Controller [PNP0303:KBD,PNP0f13:MOU] at 0x60,0x64 irq 1,12
[    1.903047] serio: i8042 KBD port at 0x60,0x64 irq 1
[    1.903344] serio: i8042 AUX port at 0x60,0x64 irq 12
[    1.904122] rtc_cmos 00:05: RTC can wake from S4
[    1.904477] input: AT Translated Set 2 keyboard as /devices/platform/i8042/serio0/input/input1
[    1.906039] rtc_cmos 00:05: registered as rtc0
[    1.906412] rtc_cmos 00:05: alarms up to one day, y3k, 242 bytes nvram, hpet irqs
[    1.907346] device-mapper: ioctl: 4.47.0-ioctl (2022-07-28) initialised: dm-devel@redhat.com
[    1.907943] intel_pstate: CPU model not supported
[    1.908311] hid: raw HID events driver (C) Jiri Kosina
[    1.908938] usbcore: registered new interface driver usbhid
[    1.909338] usbhid: USB HID core driver
[    1.913834] Initializing XFRM netlink socket
[    1.914423] NET: Registered PF_INET6 protocol family
[    1.916032] Segment Routing with IPv6
[    1.916322] In-situ OAM (IOAM) with IPv6
[    1.916680] sit: IPv6, IPv4 and MPLS over IPv4 tunneling driver
[    1.917329] NET: Registered PF_PACKET protocol family
[    1.917747] 9pnet: Installing 9P2000 support
[    1.918070] Key type dns_resolver registered
[    1.918574] IPI shorthand broadcast: enabled
[    1.918916] sched_clock: Marking stable (1877298848, 41577927)->(1937942771, -19065996)
[    1.919601] registered taskstats version 1
[    1.919891] Loading compiled-in X.509 certificates
[    1.920594] cryptomgr_test (63) used greatest stack depth: 30432 bytes left
[    1.921111] PM:   Magic number: 10:563:579
[    1.921441] pci_bus 0000:00: hash matches
[    1.921749] printk: console [netcon0] enabled
[    1.922053] netconsole: network logging started
[    1.922526] cfg80211: Loading compiled-in X.509 certificates for regulatory database
[    1.923207] kworker/u4:0 (73) used greatest stack depth: 29512 bytes left
[    1.923813] cfg80211: Loaded X.509 cert 'sforshee: 00b28ddf47aef9cea7'
[    1.924292] ALSA device list:
[    1.924509]   No soundcards found.
[    1.924641] cryptomgr_probe (75) used greatest stack depth: 29032 bytes left
[    1.924871] platform regulatory.0: Direct firmware load for regulatory.db failed with error -2
[    1.925781] cfg80211: failed to load regulatory.db
[    1.926505] Freeing unused kernel image (initmem) memory: 2104K
[    1.933582] Write protecting the kernel read-only data: 59392k
[    1.934210] Freeing unused kernel image (text/rodata gap) memory: 2032K
[    1.934676] Freeing unused kernel image (rodata/data gap) memory: 1416K
[    1.942303] x86/mm: Checked W+X mappings: passed, no W+X pages found.
[    1.942573] Run /init as init process
[    1.945048] mount (78) used greatest stack depth: 28360 bytes left

secb: rootfs ready
---- poc begin ----
poc: start: CVE-2023-4244 nft set GC race -> chain UAF
poc: iter 0
poc: iter 8
[    2.530118] input: ImExPS/2 Generic Explorer Mouse as /devices/platform/i8042/serio1/input/input3
poc: iter 16
poc: iter 24
poc: done
[    5.571823] poc (84) used greatest stack depth: 27096 bytes left
---- poc end rc=0 ----
secb: poc exited without crashing the kernel
[    5.595176] ==================================================================
[    5.596538] BUG: KASAN: use-after-free in nft_immediate_deactivate+0x29e/0x6d0
[    5.597947] Read of size 1 at addr ffff888104554754 by task kworker/u4:0/9
[    5.599230] 
[    5.599552] CPU: 1 PID: 9 Comm: kworker/u4:0 Not tainted 6.1.49-08898-g024f76bca9d0-dirty #1
[    5.601146] Hardware name: QEMU Standard PC (i440FX + PIIX, 1996), BIOS 1.16.2-debian-1.16.2-1 04/01/2014
[    5.602904] Workqueue: netns cleanup_net
[    5.603655] Call Trace:
[    5.604142]  <TASK>
[    5.604560]  dump_stack_lvl+0x33/0x46
[    5.604994]  print_report+0x181/0x4a5
[    5.605416]  ? nft_immediate_deactivate+0x29e/0x6d0
[    5.605968]  kasan_report+0xc5/0x150
[    5.606387]  ? nft_immediate_deactivate+0x29e/0x6d0
[    5.606936]  nft_immediate_deactivate+0x29e/0x6d0
[    5.607463]  ? kasan_set_track+0x21/0x30
[    5.607913]  ? kasan_save_free_info+0x2a/0x50
[    5.608405]  ? nft_immediate_offload+0x1f0/0x1f0
[    5.608928]  ? process_one_work+0x721/0x1210
[    5.609415]  ? worker_thread+0xe9/0x1350
[    5.609870]  ? kthread+0x260/0x300
[    5.610259]  ? ret_from_fork+0x1f/0x30
[    5.610657]  __nft_release_table+0x315/0xec0
[    5.611062]  ? nf_tables_abort+0xa0/0xa0
[    5.611429]  ? __mutex_lock_slowpath+0x10/0x10
[    5.611847]  nf_tables_exit_net+0x21b/0x470
[    5.612235]  ops_exit_list+0x89/0x140
[    5.612583]  cleanup_net+0x3af/0x980
[    5.612923]  ? unregister_pernet_device+0x70/0x70
[    5.613360]  ? read_word_at_a_time+0xe/0x20
[    5.613756]  ? strscpy+0xa9/0x280
[    5.614071]  process_one_work+0x721/0x1210
[    5.614456]  worker_thread+0xe9/0x1350
[    5.614816]  ? process_one_work+0x1210/0x1210
[    5.615225]  kthread+0x260/0x300
[    5.615533]  ? kthread_complete_and_exit+0x20/0x20
[    5.615973]  ret_from_fork+0x1f/0x30
[    5.616244]  </TASK>
[    5.616415] 
[    5.616538] Allocated by task 84:
[    5.616791]  kasan_save_stack+0x2f/0x60
[    5.617080]  kasan_set_track+0x21/0x30
[    5.617363]  __kasan_kmalloc+0x8e/0x90
[    5.617644]  nf_tables_addchain.constprop.0+0x7dc/0x24d0
[    5.618040]  nf_tables_newchain+0x123d/0x2050
[    5.618367]  nfnetlink_rcv_batch+0x12c5/0x1ff0
[    5.618704]  nfnetlink_rcv+0x2db/0x360
[    5.618991]  netlink_unicast+0x597/0x810
[    5.619287]  netlink_sendmsg+0x7b3/0xc60
[    5.619584]  sock_sendmsg+0xdf/0x110
[    5.619861]  ____sys_sendmsg+0x5c6/0x7d0
[    5.620161]  ___sys_sendmsg+0x100/0x180
[    5.620457]  __sys_sendmsg+0xe2/0x190
[    5.620744]  do_syscall_64+0x37/0x90
[    5.621019]  entry_SYSCALL_64_after_hwframe+0x64/0xce
[    5.621402] 
[    5.621530] Freed by task 49:
[    5.621763]  kasan_save_stack+0x2f/0x60
[    5.622051]  kasan_set_track+0x21/0x30
[    5.622197]  kasan_save_free_info+0x2a/0x50
[    5.622369]  __kasan_slab_free+0x106/0x180
[    5.622536]  __kmem_cache_free+0x76/0x180
[    5.622702]  nf_tables_trans_destroy_work+0x674/0x8c0
[    5.622910]  process_one_work+0x721/0x1210
[    5.623076]  worker_thread+0xe9/0x1350
[    5.623229]  kthread+0x260/0x300
[    5.623362]  ret_from_fork+0x1f/0x30
[    5.623507] 
[    5.623574] The buggy address belongs to the object at ffff888104554700
[    5.623574]  which belongs to the cache kmalloc-128 of size 128
[    5.624062] The buggy address is located 84 bytes inside of
[    5.624062]  128-byte region [ffff888104554700, ffff888104554780)
[    5.624513] 
[    5.624580] The buggy address belongs to the physical page:
[    5.624802] page:000000004dfac085 refcount:1 mapcount:0 mapping:0000000000000000 index:0x0 pfn:0x104554
[    5.625168] flags: 0x200000000000200(slab|node=0|zone=2)
[    5.625382] raw: 0200000000000200 0000000000000000 dead000000000122 ffff8881000418c0
[    5.625690] raw: 0000000000000000 0000000000100010 00000001ffffffff 0000000000000000
[    5.625997] page dumped because: kasan: bad access detected
[    5.626218] 
[    5.626285] Memory state around the buggy address:
[    5.626477]  ffff888104554600: 00 00 00 00 00 00 00 00 00 00 00 00 00 fc fc fc
[    5.626764]  ffff888104554680: fc fc fc fc fc fc fc fc fc fc fc fc fc fc fc fc
[    5.627049] >ffff888104554700: fa fb fb fb fb fb fb fb fb fb fb fb fb fb fb fb
[    5.627332]                                                  ^
[    5.627569]  ffff888104554780: fc fc fc fc fc fc fc fc fc fc fc fc fc fc fc fc
[    5.627860]  ffff888104554800: fa fb fb fb fb fb fb fb fb fb fb fb fb fb fb fb
[    5.628148] ==================================================================
[    5.628463] Disabling lock debugging due to kernel taint
[    5.628707] ------------[ cut here ]------------
[    5.628899] WARNING: CPU: 1 PID: 9 at include/net/netfilter/nf_tables.h:1207 nft_data_release+0xa8/0xc0
[    5.629275] Modules linked in:
[    5.629405] CPU: 1 PID: 9 Comm: kworker/u4:0 Tainted: G    B              6.1.49-08898-g024f76bca9d0-dirty #1
[    5.629805] Hardware name: QEMU Standard PC (i440FX + PIIX, 1996), BIOS 1.16.2-debian-1.16.2-1 04/01/2014
[    5.630182] Workqueue: netns cleanup_net
[    5.630344] RIP: 0010:nft_data_release+0xa8/0xc0
[    5.630533] Code: c1 ea 03 0f b6 14 02 48 89 f8 83 e0 07 83 c0 03 38 d0 7c 09 84 d2 74 05 e8 f5 44 53 fe 8b 43 50 8d 50 ff 89 53 50 85 c0 75 9f <0f> 0b 5b c3 cc cc cc cc e8 db 44 53 fe eb 86 e8 e4 44 53 fe eb aa
[    5.631277] RSP: 0018:ffffc9000009fa40 EFLAGS: 00010246
[    5.631491] RAX: 0000000000000000 RBX: ffff888104554700 RCX: 0000000000000000
[    5.631779] RDX: 00000000ffffffff RSI: 0000000000000004 RDI: ffffc9000009fa08
[    5.632058] RBP: ffff888104554700 R08: 0000000000000001 R09: ffffffff85c53ac7
[    5.632336] R10: fffffbfff0b8a758 R11: 0000000000000000 R12: ffff8881040c9130
[    5.632619] R13: ffff8881040c9120 R14: ffff8881040c9118 R15: ffffc9000009fbd8
[    5.632904] FS:  0000000000000000(0000) GS:ffff8881f7100000(0000) knlGS:0000000000000000
[    5.633233] CS:  0010 DS: 0000 ES: 0000 CR0: 0000000080050033
[    5.633467] CR2: 00000000008f9730 CR3: 0000000100292000 CR4: 0000000000750ee0
[    5.633765] PKRU: 55555554
[    5.633914] Call Trace:
[    5.634058]  <TASK>
[    5.634179]  ? __warn+0xc4/0x170
[    5.634369]  ? nft_data_release+0xa8/0xc0
[    5.634568]  ? report_bug+0x1ec/0x380
[    5.634736]  ? handle_bug+0x3c/0x70
[    5.634883]  ? exc_invalid_op+0x13/0x40
[    5.635042]  ? asm_exc_invalid_op+0x16/0x20
[    5.635213]  ? nft_data_release+0xa8/0xc0
[    5.635378]  nft_immediate_deactivate+0xd8/0x6d0
[    5.635568]  ? kasan_set_track+0x21/0x30
[    5.635733]  ? kasan_save_free_info+0x2a/0x50
[    5.635910]  ? nft_immediate_offload+0x1f0/0x1f0
[    5.636091]  ? process_one_work+0x721/0x1210
[    5.636267]  ? worker_thread+0xe9/0x1350
[    5.636428]  ? kthread+0x260/0x300
[    5.636588]  ? ret_from_fork+0x1f/0x30
[    5.636802]  __nft_release_table+0x315/0xec0
[    5.637008]  ? nf_tables_abort+0xa0/0xa0
[    5.637194]  ? __mutex_lock_slowpath+0x10/0x10
[    5.637404]  nf_tables_exit_net+0x21b/0x470
[    5.637605]  ops_exit_list+0x89/0x140
[    5.637783]  cleanup_net+0x3af/0x980
[    5.637953]  ? unregister_pernet_device+0x70/0x70
[    5.638174]  ? read_word_at_a_time+0xe/0x20
[    5.638371]  ? strscpy+0xa9/0x280
[    5.638530]  process_one_work+0x721/0x1210
[    5.638735]  worker_thread+0xe9/0x1350
[    5.638913]  ? process_one_work+0x1210/0x1210
[    5.639118]  kthread+0x260/0x300
[    5.639274]  ? kthread_complete_and_exit+0x20/0x20
[    5.639497]  ret_from_fork+0x1f/0x30
[    5.639671]  </TASK>
[    5.639781] ---[ end trace 0000000000000000 ]---
[    6.842607] ACPI: PM: Preparing to enter system sleep state S5
[    6.842917] reboot: Power down
CONFIRMED: KASAN_UAF
