bash: warning: setlocale: LC_ALL: cannot change locale (en_US.UTF-8)
c[?7l[2J[0mSeaBIOS (version 1.16.2-debian-1.16.2-1)


iPXE (http://ipxe.org) 00:03.0 CA00 PCI2.10 PnP PMM+7EFCEF00+7EF0EF00 CA00
Press Ctrl-B to configure iPXE (PCI 00:03.0)...                                                                               


Booting from ROM..c[?7l[2J[    0.000000] Linux version 6.17.0-rc1-00178-g7a4d8dab42bf-dirty (root@buildkitsandbox) (gcc (Debian 12.2.0-14+deb12u1) 12.2.0, GNU ld (GNU Binutils for Debian) 2.40) #2 SMP PREEMPT_DYNAMIC Tue May  5 17:29:27 UTC 2026
[    0.000000] Command line: console=ttyS0 oops=panic nokaslr rdinit=/init
[    0.000000] BIOS-provided physical RAM map:
[    0.000000] BIOS-e820: [mem 0x0000000000000000-0x000000000009fbff] usable
[    0.000000] BIOS-e820: [mem 0x000000000009fc00-0x000000000009ffff] reserved
[    0.000000] BIOS-e820: [mem 0x00000000000f0000-0x00000000000fffff] reserved
[    0.000000] BIOS-e820: [mem 0x0000000000100000-0x000000007ffdffff] usable
[    0.000000] BIOS-e820: [mem 0x000000007ffe0000-0x000000007fffffff] reserved
[    0.000000] BIOS-e820: [mem 0x00000000feffc000-0x00000000feffffff] reserved
[    0.000000] BIOS-e820: [mem 0x00000000fffc0000-0x00000000ffffffff] reserved
[    0.000000] NX (Execute Disable) protection: active
[    0.000000] APIC: Static calls initialized
[    0.000000] SMBIOS 2.8 present.
[    0.000000] DMI: QEMU Standard PC (i440FX + PIIX, 1996), BIOS 1.16.2-debian-1.16.2-1 04/01/2014
[    0.000000] DMI: Memory slots populated: 1/1
[    0.000000] Hypervisor detected: KVM
[    0.000000] kvm-clock: Using msrs 4b564d01 and 4b564d00
[    0.000000] kvm-clock: using sched offset of 375111121 cycles
[    0.000002] clocksource: kvm-clock: mask: 0xffffffffffffffff max_cycles: 0x1cd42e4dffb, max_idle_ns: 881590591483 ns
[    0.000005] tsc: Detected 3187.200 MHz processor
[    0.000310] last_pfn = 0x7ffe0 max_arch_pfn = 0x400000000
[    0.000328] MTRR map: 4 entries (3 fixed + 1 variable; max 19), built from 8 variable MTRRs
[    0.000330] x86/PAT: Configuration [0-7]: WB  WC  UC- UC  WB  WP  UC- WT  
[    0.005337] found SMP MP-table at [mem 0x000f5ba0-0x000f5baf]
[    0.005346] Using GB pages for direct mapping
[    0.005427] RAMDISK: [mem 0x7fe92000-0x7ffdffff]
[    0.005433] ACPI: Early table checksum verification disabled
[    0.005436] ACPI: RSDP 0x00000000000F59D0 000014 (v00 BOCHS )
[    0.005440] ACPI: RSDT 0x000000007FFE1B33 000034 (v01 BOCHS  BXPC     00000001 BXPC 00000001)
[    0.005470] ACPI: FACP 0x000000007FFE19DF 000074 (v01 BOCHS  BXPC     00000001 BXPC 00000001)
[    0.005477] ACPI: DSDT 0x000000007FFE0040 00199F (v01 BOCHS  BXPC     00000001 BXPC 00000001)
[    0.005480] ACPI: FACS 0x000000007FFE0000 000040
[    0.005483] ACPI: APIC 0x000000007FFE1A53 000080 (v01 BOCHS  BXPC     00000001 BXPC 00000001)
[    0.005486] ACPI: HPET 0x000000007FFE1AD3 000038 (v01 BOCHS  BXPC     00000001 BXPC 00000001)
[    0.005489] ACPI: WAET 0x000000007FFE1B0B 000028 (v01 BOCHS  BXPC     00000001 BXPC 00000001)
[    0.005492] ACPI: Reserving FACP table memory at [mem 0x7ffe19df-0x7ffe1a52]
[    0.005493] ACPI: Reserving DSDT table memory at [mem 0x7ffe0040-0x7ffe19de]
[    0.005494] ACPI: Reserving FACS table memory at [mem 0x7ffe0000-0x7ffe003f]
[    0.005494] ACPI: Reserving APIC table memory at [mem 0x7ffe1a53-0x7ffe1ad2]
[    0.005495] ACPI: Reserving HPET table memory at [mem 0x7ffe1ad3-0x7ffe1b0a]
[    0.005496] ACPI: Reserving WAET table memory at [mem 0x7ffe1b0b-0x7ffe1b32]
[    0.005701] No NUMA configuration found
[    0.005702] Faking a node at [mem 0x0000000000000000-0x000000007ffdffff]
[    0.005703] NODE_DATA(0) allocated [mem 0x7fe8e900-0x7fe91fff]
[    0.005729] Zone ranges:
[    0.005730]   DMA      [mem 0x0000000000001000-0x0000000000ffffff]
[    0.005731]   DMA32    [mem 0x0000000001000000-0x000000007ffdffff]
[    0.005733]   Normal   empty
[    0.005733] Movable zone start for each node
[    0.005734] Early memory node ranges
[    0.005734]   node   0: [mem 0x0000000000001000-0x000000000009efff]
[    0.005735]   node   0: [mem 0x0000000000100000-0x000000007ffdffff]
[    0.005736] Initmem setup node 0 [mem 0x0000000000001000-0x000000007ffdffff]
[    0.006060] On node 0, zone DMA: 1 pages in unavailable ranges
[    0.006097] On node 0, zone DMA: 97 pages in unavailable ranges
[    0.041402] On node 0, zone DMA32: 32 pages in unavailable ranges
[    0.542215] kasan: KernelAddressSanitizer initialized
[    0.542419] ACPI: PM-Timer IO Port: 0x608
[    0.542457] ACPI: LAPIC_NMI (acpi_id[0xff] dfl dfl lint[0x1])
[    0.542485] IOAPIC[0]: apic_id 0, version 17, address 0xfec00000, GSI 0-23
[    0.542488] ACPI: INT_SRC_OVR (bus 0 bus_irq 0 global_irq 2 dfl dfl)
[    0.542489] ACPI: INT_SRC_OVR (bus 0 bus_irq 5 global_irq 5 high level)
[    0.542490] ACPI: INT_SRC_OVR (bus 0 bus_irq 9 global_irq 9 high level)
[    0.542491] ACPI: INT_SRC_OVR (bus 0 bus_irq 10 global_irq 10 high level)
[    0.542492] ACPI: INT_SRC_OVR (bus 0 bus_irq 11 global_irq 11 high level)
[    0.542495] ACPI: Using ACPI (MADT) for SMP configuration information
[    0.542496] ACPI: HPET id: 0x8086a201 base: 0xfed00000
[    0.542499] TSC deadline timer available
[    0.542501] CPU topo: Max. logical packages:   1
[    0.542502] CPU topo: Max. logical dies:       1
[    0.542503] CPU topo: Max. dies per package:   1
[    0.542504] CPU topo: Max. threads per core:   1
[    0.542505] CPU topo: Num. cores per package:     2
[    0.542506] CPU topo: Num. threads per package:   2
[    0.542506] CPU topo: Allowing 2 present CPUs plus 0 hotplug CPUs
[    0.542520] kvm-guest: APIC: eoi() replaced with kvm_guest_apic_eoi_write()
[    0.542533] kvm-guest: KVM setup pv remote TLB flush
[    0.542535] kvm-guest: setup PV sched yield
[    0.542543] PM: hibernation: Registered nosave memory: [mem 0x00000000-0x00000fff]
[    0.542544] PM: hibernation: Registered nosave memory: [mem 0x0009f000-0x000fffff]
[    0.542546] [mem 0x80000000-0xfeffbfff] available for PCI devices
[    0.542547] Booting paravirtualized kernel on KVM
[    0.542549] clocksource: refined-jiffies: mask: 0xffffffff max_cycles: 0xffffffff, max_idle_ns: 1910969940391419 ns
[    0.551433] setup_percpu: NR_CPUS:64 nr_cpumask_bits:2 nr_cpu_ids:2 nr_node_ids:1
[    0.552495] percpu: Embedded 64 pages/cpu s221976 r8192 d31976 u1048576
[    0.552525] Kernel command line: console=ttyS0 oops=panic nokaslr rdinit=/init
[    0.552575] random: crng init done
[    0.552576] printk: log buffer data + meta data: 262144 + 917504 = 1179648 bytes
[    0.553525] Dentry cache hash table entries: 262144 (order: 9, 2097152 bytes, linear)
[    0.553892] Inode-cache hash table entries: 131072 (order: 8, 1048576 bytes, linear)
[    0.553964] Fallback order for Node 0: 0 
[    0.553966] Built 1 zonelists, mobility grouping on.  Total pages: 524158
[    0.553967] Policy zone: DMA32
[    0.553968] mem auto-init: stack:all(zero), heap alloc:off, heap free:off
[    0.553969] stackdepot: allocating hash table via alloc_large_system_hash
[    0.553970] stackdepot hash table entries: 1048576 (order: 12, 16777216 bytes, linear)
[    0.591555] stackdepot: allocating space for 8192 stack pools via memblock
[    0.610975] SLUB: HWalign=64, Order=0-3, MinObjects=0, CPUs=2, Nodes=1
[    0.612158] Dynamic Preempt: voluntary
[    0.612620] rcu: Preemptible hierarchical RCU implementation.
[    0.612620] rcu: 	RCU event tracing is enabled.
[    0.612621] rcu: 	RCU restricting CPUs from NR_CPUS=64 to nr_cpu_ids=2.
[    0.612623] 	Trampoline variant of Tasks RCU enabled.
[    0.612624] 	Tracing variant of Tasks RCU enabled.
[    0.612624] rcu: RCU calculated value of scheduler-enlistment delay is 100 jiffies.
[    0.612625] rcu: Adjusting geometry for rcu_fanout_leaf=16, nr_cpu_ids=2
[    0.612640] RCU Tasks: Setting shift to 1 and lim to 1 rcu_task_cb_adjust=1 rcu_task_cpu_ids=2.
[    0.612642] RCU Tasks Trace: Setting shift to 1 and lim to 1 rcu_task_cb_adjust=1 rcu_task_cpu_ids=2.
[    0.621282] NR_IRQS: 4352, nr_irqs: 440, preallocated irqs: 16
[    0.621546] rcu: srcu_init: Setting srcu_struct sizes based on contention.
[    0.623800] Console: colour VGA+ 80x25
[    0.623829] printk: legacy console [ttyS0] enabled
[    0.662618] ACPI: Core revision 20250404
[    0.662984] clocksource: hpet: mask: 0xffffffff max_cycles: 0xffffffff, max_idle_ns: 19112604467 ns
[    0.663546] APIC: Switch to symmetric I/O mode setup
[    0.663931] x2apic enabled
[    0.664234] APIC: Switched APIC routing to: physical x2apic
[    0.664563] kvm-guest: APIC: send_IPI_mask() replaced with kvm_send_ipi_mask()
[    0.664970] kvm-guest: APIC: send_IPI_mask_allbutself() replaced with kvm_send_ipi_mask_allbutself()
[    0.665479] kvm-guest: setup PV IPIs
[    0.666303] ..TIMER: vector=0x30 apic1=0 pin1=2 apic2=-1 pin2=-1
[    0.666661] clocksource: tsc-early: mask: 0xffffffffffffffff max_cycles: 0x2df10e7656b, max_idle_ns: 440795364873 ns
[    0.667248] Calibrating delay loop (skipped) preset value.. 6374.40 BogoMIPS (lpj=3187200)
[    0.668324] x86/cpu: User Mode Instruction Prevention (UMIP) activated
[    0.668738] Last level iTLB entries: 4KB 0, 2MB 0, 4MB 0
[    0.669038] Last level dTLB entries: 4KB 0, 2MB 0, 4MB 0, 1GB 0
[    0.669250] mitigations: Enabled attack vectors: user_kernel, user_user, SMT mitigations: auto
[    0.669732] Speculative Store Bypass: Mitigation: Speculative Store Bypass disabled via prctl
[    0.670246] Spectre V2 : Mitigation: Enhanced / Automatic IBRS
[    0.670572] ITS: Mitigation: Aligned branch/return thunks
[    0.670876] Spectre V1 : Mitigation: usercopy/swapgs barriers and __user pointer sanitization
[    0.671247] Spectre V2 : Spectre v2 / PBRSB-eIBRS: Retire a single CALL on VMEXIT
[    0.671666] Spectre V2 : mitigation: Enabling conditional Indirect Branch Prediction Barrier
[    0.672246] active return thunk: its_return_thunk
[    0.672526] x86/fpu: Supporting XSAVE feature 0x001: 'x87 floating point registers'
[    0.673246] x86/fpu: Supporting XSAVE feature 0x002: 'SSE registers'
[    0.673613] x86/fpu: Supporting XSAVE feature 0x004: 'AVX registers'
[    0.673979] x86/fpu: Supporting XSAVE feature 0x200: 'Protection Keys User registers'
[    0.674246] x86/fpu: xstate_offset[2]:  576, xstate_sizes[2]:  256
[    0.674603] x86/fpu: xstate_offset[9]:  832, xstate_sizes[9]:    8
[    0.674961] x86/fpu: Enabled xstate features 0x207, context size is 840 bytes, using 'compacted' format.
[    0.693203] Freeing SMP alternatives memory: 52K
[    0.693248] pid_max: default: 32768 minimum: 301
[    0.693576] LSM: initializing lsm=capability,selinux
[    0.693890] SELinux:  Initializing.
[    0.694396] Mount-cache hash table entries: 4096 (order: 3, 32768 bytes, linear)
[    0.694839] Mountpoint-cache hash table entries: 4096 (order: 3, 32768 bytes, linear)
[    0.695811] smpboot: CPU0: Intel(R) Core(TM) i9-14900K (family: 0x6, model: 0xb7, stepping: 0x1)
[    0.696245] Performance Events: unsupported CPU family 6 model 183 no PMU driver, software events only.
[    0.696269] signal: max sigframe size: 3632
[    0.696566] rcu: Hierarchical SRCU implementation.
[    0.696845] rcu: 	Max phase no-delay instances is 400.
[    0.697293] Timer migration: 1 hierarchy levels; 8 children per group; 1 crossnode level
[    0.699759] smp: Bringing up secondary CPUs ...
[    0.700293] smpboot: x86: Booting SMP configuration:
[    0.700587] .... node  #0, CPUs:      #1
[    0.700669] smp: Brought up 1 node, 2 CPUs
[    0.701489] smpboot: Total of 2 processors activated (12748.80 BogoMIPS)
[    0.701940] Memory: 1668940K/2096632K available (52585K kernel code, 8928K rwdata, 11628K rodata, 6172K init, 2852K bss, 420820K reserved, 0K cma-reserved)
[    0.702686] devtmpfs: initialized
[    0.704851] clocksource: jiffies: mask: 0xffffffff max_cycles: 0xffffffff, max_idle_ns: 1911260446275000 ns
[    0.705258] posixtimers hash table entries: 1024 (order: 2, 16384 bytes, linear)
[    0.705712] futex hash table entries: 512 (32768 bytes on 1 NUMA nodes, total 32 KiB, linear).
[    0.706380] PM: RTC time: 17:33:01, date: 2026-05-05
[    0.706841] NET: Registered PF_NETLINK/PF_ROUTE protocol family
[    0.707415] audit: initializing netlink subsys (disabled)
[    0.708281] audit: type=2000 audit(1778002381.824:1): state=initialized audit_enabled=0 res=1
[    0.708535] thermal_sys: Registered thermal governor 'step_wise'
[    0.708822] cpuidle: using governor menu
[    0.709502] PCI: Using configuration type 1 for base access
[    0.709885] kprobes: kprobe jump-optimization is enabled. All kprobes are optimized if possible.
[    0.712450] HugeTLB: allocation took 0ms with hugepage_allocation_threads=1
[    0.712861] HugeTLB: registered 2.00 MiB page size, pre-allocated 0 pages
[    0.713246] HugeTLB: 28 KiB vmemmap can be freed for a 2.00 MiB page
[    0.714144] ACPI: Added _OSI(Module Device)
[    0.714247] ACPI: Added _OSI(Processor Device)
[    0.714506] ACPI: Added _OSI(Processor Aggregator Device)
[    0.721649] ACPI: 1 ACPI AML tables successfully acquired and loaded
[    0.723618] ACPI: Interpreter enabled
[    0.723874] ACPI: PM: (supports S0 S3 S4 S5)
[    0.724124] ACPI: Using IOAPIC for interrupt routing
[    0.724276] PCI: Using host bridge windows from ACPI; if necessary, use "pci=nocrs" and report a bug
[    0.724803] PCI: Using E820 reservations for host bridge windows
[    0.725514] ACPI: Enabled 2 GPEs in block 00 to 0F
[    0.738547] ACPI: PCI Root Bridge [PCI0] (domain 0000 [bus 00-ff])
[    0.738919] acpi PNP0A03:00: _OSC: OS supports [ASPM ClockPM Segments MSI HPX-Type3]
[    0.739247] acpi PNP0A03:00: _OSC: not requesting OS control; OS requires [ExtendedConfig ASPM ClockPM MSI]
[    0.739865] acpi PNP0A03:00: fail to add MMCONFIG information, can't access extended configuration space under this bridge
[    0.740425] PCI host bridge to bus 0000:00
[    0.740691] pci_bus 0000:00: root bus resource [io  0x0000-0x0cf7 window]
[    0.741087] pci_bus 0000:00: root bus resource [io  0x0d00-0xffff window]
[    0.741247] pci_bus 0000:00: root bus resource [mem 0x000a0000-0x000bffff window]
[    0.741682] pci_bus 0000:00: root bus resource [mem 0x80000000-0xfebfffff window]
[    0.742123] pci_bus 0000:00: root bus resource [mem 0x100000000-0x17fffffff window]
[    0.742250] pci_bus 0000:00: root bus resource [bus 00-ff]
[    0.742613] pci 0000:00:00.0: [8086:1237] type 00 class 0x060000 conventional PCI endpoint
[    0.747522] pci 0000:00:01.0: [8086:7000] type 00 class 0x060100 conventional PCI endpoint
[    0.752243] pci 0000:00:01.1: [8086:7010] type 00 class 0x010180 conventional PCI endpoint
[    0.753060] pci 0000:00:01.1: BAR 4 [io  0xc040-0xc04f]
[    0.753267] pci 0000:00:01.1: BAR 0 [io  0x01f0-0x01f7]: legacy IDE quirk
[    0.753678] pci 0000:00:01.1: BAR 1 [io  0x03f6]: legacy IDE quirk
[    0.754052] pci 0000:00:01.1: BAR 2 [io  0x0170-0x0177]: legacy IDE quirk
[    0.754246] pci 0000:00:01.1: BAR 3 [io  0x0376]: legacy IDE quirk
[    0.754777] pci 0000:00:01.3: [8086:7113] type 00 class 0x068000 conventional PCI endpoint
[    0.755441] pci 0000:00:01.3: quirk: [io  0x0600-0x063f] claimed by PIIX4 ACPI
[    0.755886] pci 0000:00:01.3: quirk: [io  0x0700-0x070f] claimed by PIIX4 SMB
[    0.756409] pci 0000:00:02.0: [1234:1111] type 00 class 0x030000 conventional PCI endpoint
[    0.757572] pci 0000:00:02.0: BAR 0 [mem 0xfd000000-0xfdffffff pref]
[    0.757990] pci 0000:00:02.0: BAR 2 [mem 0xfebf0000-0xfebf0fff]
[    0.758261] pci 0000:00:02.0: ROM [mem 0xfebe0000-0xfebeffff pref]
[    0.758885] pci 0000:00:02.0: Video device with shadowed ROM at [mem 0x000c0000-0x000dffff]
[    0.764296] pci 0000:00:03.0: [8086:100e] type 00 class 0x020000 conventional PCI endpoint
[    0.765251] pci 0000:00:03.0: BAR 0 [mem 0xfebc0000-0xfebdffff]
[    0.765624] pci 0000:00:03.0: BAR 1 [io  0xc000-0xc03f]
[    0.765961] pci 0000:00:03.0: ROM [mem 0xfeb80000-0xfebbffff pref]
[    0.771896] ACPI: PCI: Interrupt link LNKA configured for IRQ 10
[    0.772686] ACPI: PCI: Interrupt link LNKB configured for IRQ 10
[    0.773428] ACPI: PCI: Interrupt link LNKC configured for IRQ 11
[    0.774172] ACPI: PCI: Interrupt link LNKD configured for IRQ 11
[    0.774408] ACPI: PCI: Interrupt link LNKS configured for IRQ 9
[    0.776246] iommu: Default domain type: Translated
[    0.776533] iommu: DMA domain TLB invalidation policy: lazy mode
[    0.777547] SCSI subsystem initialized
[    0.778884] ACPI: bus type USB registered
[    0.779257] usbcore: registered new interface driver usbfs
[    0.779630] usbcore: registered new interface driver hub
[    0.779968] usbcore: registered new device driver usb
[    0.780345] pps_core: LinuxPPS API ver. 1 registered
[    0.780636] pps_core: Software ver. 5.3.6 - Copyright 2005-2007 Rodolfo Giometti <giometti@linux.it>
[    0.781181] PTP clock support registered
[    0.781517] Advanced Linux Sound Architecture Driver Initialized.
[    0.782564] NetLabel: Initializing
[    0.782767] NetLabel:  domain hash size = 128
[    0.783020] NetLabel:  protocols = UNLABELED CIPSOv4 CALIPSO
[    0.783319] NetLabel:  unlabeled traffic allowed by default
[    0.783706] PCI: Using ACPI for IRQ routing
[    0.784277] pci 0000:00:02.0: vgaarb: setting as boot VGA device
[    0.784618] pci 0000:00:02.0: vgaarb: bridge control possible
[    0.784953] pci 0000:00:02.0: vgaarb: VGA device added: decodes=io+mem,owns=io+mem,locks=none
[    0.785246] vgaarb: loaded
[    0.785641] hpet0: at MMIO 0xfed00000, IRQs 2, 8, 0
[    0.785930] hpet0: 3 comparators, 64-bit 100.000000 MHz counter
[    0.790328] clocksource: Switched to clocksource kvm-clock
[    0.791149] VFS: Disk quotas dquot_6.6.0
[    0.791325] VFS: Dquot-cache hash table entries: 512 (order 0, 4096 bytes)
[    0.792172] pnp: PnP ACPI init
[    0.793610] pnp: PnP ACPI: found 6 devices
[    0.802001] clocksource: acpi_pm: mask: 0xffffff max_cycles: 0xffffff, max_idle_ns: 2085701024 ns
[    0.802590] NET: Registered PF_INET protocol family
[    0.802972] IP idents hash table entries: 32768 (order: 6, 262144 bytes, linear)
[    0.804062] tcp_listen_portaddr_hash hash table entries: 1024 (order: 2, 16384 bytes, linear)
[    0.804584] Table-perturb hash table entries: 65536 (order: 6, 262144 bytes, linear)
[    0.805054] TCP established hash table entries: 16384 (order: 5, 131072 bytes, linear)
[    0.805857] TCP bind hash table entries: 16384 (order: 7, 524288 bytes, linear)
[    0.806318] TCP: Hash tables configured (established 16384 bind 16384)
[    0.806752] UDP hash table entries: 1024 (order: 4, 65536 bytes, linear)
[    0.807159] UDP-Lite hash table entries: 1024 (order: 4, 65536 bytes, linear)
[    0.807714] NET: Registered PF_UNIX/PF_LOCAL protocol family
[    0.808360] RPC: Registered named UNIX socket transport module.
[    0.808713] RPC: Registered udp transport module.
[    0.808992] RPC: Registered tcp transport module.
[    0.809269] RPC: Registered tcp-with-tls transport module.
[    0.809589] RPC: Registered tcp NFSv4.1 backchannel transport module.
[    0.810355] pci_bus 0000:00: resource 4 [io  0x0000-0x0cf7 window]
[    0.810728] pci_bus 0000:00: resource 5 [io  0x0d00-0xffff window]
[    0.811092] pci_bus 0000:00: resource 6 [mem 0x000a0000-0x000bffff window]
[    0.811497] pci_bus 0000:00: resource 7 [mem 0x80000000-0xfebfffff window]
[    0.811905] pci_bus 0000:00: resource 8 [mem 0x100000000-0x17fffffff window]
[    0.812440] pci 0000:00:01.0: PIIX3: Enabling Passive Release
[    0.812800] pci 0000:00:00.0: Limiting direct PCI/PCI transfers
[    0.813195] PCI: CLS 0 bytes, default 64
[    0.813525] RAPL PMU: API unit is 2^-32 Joules, 0 fixed counters, 10737418240 ms ovfl timer
[    0.813721] Unpacking initramfs...
[    0.814052] clocksource: tsc: mask: 0xffffffffffffffff max_cycles: 0x2df10e7656b, max_idle_ns: 440795364873 ns
[    0.816525] Initialise system trusted keyrings
[    0.817742] workingset: timestamp_bits=56 max_order=19 bucket_order=0
[    0.818707] NFS: Registering the id_resolver key type
[    0.819021] Key type id_resolver registered
[    0.819271] Key type id_legacy registered
[    0.819595] 9p: Installing v9fs 9p2000 file system support
[    0.826656] Key type asymmetric registered
[    0.826939] Asymmetric key parser 'x509' registered
[    0.827278] Block layer SCSI generic (bsg) driver version 0.4 loaded (major 251)
[    0.827783] io scheduler mq-deadline registered
[    0.828052] io scheduler kyber registered
[    0.828601] input: Power Button as /devices/LNXSYSTM:00/LNXPWRBN:00/input/input0
[    0.829174] ACPI: button: Power Button [PWRF]
[    0.829664] Freeing initrd memory: 1336K
[    0.830152] Serial: 8250/16550 driver, 4 ports, IRQ sharing enabled
[    0.830762] 00:04: ttyS0 at I/O 0x3f8 (irq = 4, base_baud = 115200) is a 16550A
[    0.832177] Non-volatile memory driver v1.3
[    0.832427] Linux agpgart interface v0.103
[    0.832819] ACPI: bus type drm_connector registered
[    0.836385] loop: module loaded
[    0.837880] scsi host0: ata_piix
[    0.838312] scsi host1: ata_piix
[    0.838593] ata1: PATA max MWDMA2 cmd 0x1f0 ctl 0x3f6 bmdma 0xc040 irq 14 lpm-pol 0
[    0.839068] ata2: PATA max MWDMA2 cmd 0x170 ctl 0x376 bmdma 0xc048 irq 15 lpm-pol 0
[    0.840766] e100: Intel(R) PRO/100 Network Driver
[    0.841048] e100: Copyright(c) 1999-2006 Intel Corporation
[    0.841389] e1000: Intel(R) PRO/1000 Network Driver
[    0.841679] e1000: Copyright (c) 1999-2006 Intel Corporation.
[    0.991899] ata2: found unknown device (class 0)
[    0.992756] ata2.00: ATAPI: QEMU DVD-ROM, 2.5+, max UDMA/100
[    0.993805] scsi 1:0:0:0: CD-ROM            QEMU     QEMU DVD-ROM     2.5+ PQ: 0 ANSI: 5
[    1.003979] sr 1:0:0:0: [sr0] scsi3-mmc drive: 4x/4x cd/rw xa/form2 tray
[    1.004371] cdrom: Uniform CD-ROM driver Revision: 3.20
[    1.009808] sr 1:0:0:0: Attached scsi generic sg0 type 5
[    1.173879] ACPI: \_SB_.LNKC: Enabled at IRQ 11
[    1.458340] e1000 0000:00:03.0 eth0: (PCI:33MHz:32-bit) 52:54:00:12:34:56
[    1.458756] e1000 0000:00:03.0 eth0: Intel(R) PRO/1000 Network Connection
[    1.459216] e1000e: Intel(R) PRO/1000 Network Driver
[    1.459513] e1000e: Copyright(c) 1999 - 2015 Intel Corporation.
[    1.460374] sky2: driver version 1.30
[    1.461076] usbcore: registered new interface driver usblp
[    1.461420] usbcore: registered new interface driver usb-storage
[    1.461875] i8042: PNP: PS/2 Controller [PNP0303:KBD,PNP0f13:MOU] at 0x60,0x64 irq 1,12
[    1.462842] serio: i8042 KBD port at 0x60,0x64 irq 1
[    1.463146] serio: i8042 AUX port at 0x60,0x64 irq 12
[    1.463828] rtc_cmos 00:05: RTC can wake from S4
[    1.464668] input: AT Translated Set 2 keyboard as /devices/platform/i8042/serio0/input/input1
[    1.465383] rtc_cmos 00:05: registered as rtc0
[    1.465725] rtc_cmos 00:05: alarms up to one day, y3k, 242 bytes nvram, hpet irqs
[    1.467698] device-mapper: ioctl: 4.50.0-ioctl (2025-04-28) initialised: dm-devel@lists.linux.dev
[    1.468227] intel_pstate: CPU model not supported
[    1.468546] hid: raw HID events driver (C) Jiri Kosina
[    1.469414] usbcore: registered new interface driver usbhid
[    1.469742] usbhid: USB HID core driver
[    1.494903] Initializing XFRM netlink socket
[    1.495306] NET: Registered PF_INET6 protocol family
[    1.496258] Segment Routing with IPv6
[    1.496516] In-situ OAM (IOAM) with IPv6
[    1.496818] sit: IPv6, IPv4 and MPLS over IPv4 tunneling driver
[    1.497541] NET: Registered PF_PACKET protocol family
[    1.497996] 9pnet: Installing 9P2000 support
[    1.498315] Key type dns_resolver registered
[    1.498928] IPI shorthand broadcast: enabled
[    1.510230] sched_clock: Marking stable (1467001046, 42692503)->(1516236630, -6543081)
[    1.510985] registered taskstats version 1
[    1.511228] Loading compiled-in X.509 certificates
[    1.519015] Demotion targets for Node 0: null
[    1.519412] PM:   Magic number: 10:202:592
[    1.519707] netconsole: network logging started
[    1.520094] cfg80211: Loading compiled-in X.509 certificates for regulatory database
[    1.520872] kworker/u8:1 (58) used greatest stack depth: 29664 bytes left
[    1.522033] Loaded X.509 cert 'sforshee: 00b28ddf47aef9cea7'
[    1.522497] Loaded X.509 cert 'wens: 61c038651aabdcf94bd0ac7ff06c7248db18c600'
[    1.523014] faux_driver regulatory: Direct firmware load for regulatory.db failed with error -2
[    1.523517] cfg80211: failed to load regulatory.db
[    1.523827] ALSA device list:
[    1.524005]   No soundcards found.
[    1.526675] Freeing unused kernel image (initmem) memory: 6172K
[    1.526935] Write protecting the kernel read-only data: 65536k
[    1.527376] Freeing unused kernel image (text/rodata gap) memory: 660K
[    1.527779] Freeing unused kernel image (rodata/data gap) memory: 660K
[    1.537974] x86/mm: Checked W+X mappings: passed, no W+X pages found.
[    1.538262] Run /init as init process
[    1.539429] mkdir (61) used greatest stack depth: 28912 bytes left
[    1.540198] mount (62) used greatest stack depth: 28176 bytes left

secb: rootfs ready
---- poc begin ----
poc: starting
poc: lo up
poc: iter=0
poc: first read n=11 errno=0
poc: recvmsg n=0 errno=0
poc: iter=1
poc: first read n=11 errno=0
poc: recvmsg n=0 errno=0
poc: iter=2
poc: first read n=11 errno=0
poc: recvmsg n=0 errno=0
poc: iter=3
poc: first read n=11 errno=0
poc: recvmsg n=0 errno=0
poc: done (no crash observed)
[    1.552894] poc (68) used greatest stack depth: 27280 bytes left
---- poc end rc=0 ----
secb: poc exited without crashing the kernel
[    1.882783] input: ImExPS/2 Generic Explorer Mouse as /devices/platform/i8042/serio1/input/input3
[    2.847636] ACPI: PM: Preparing to enter system sleep state S5
[    2.847965] reboot: Power down
NO_CRASH_DETECTED
