bash: warning: setlocale: LC_ALL: cannot change locale (en_US.UTF-8)
c[?7l[2J[0mSeaBIOS (version 1.16.2-debian-1.16.2-1)


iPXE (http://ipxe.org) 00:03.0 CA00 PCI2.10 PnP PMM+7EFCEF00+7EF0EF00 CA00
Press Ctrl-B to configure iPXE (PCI 00:03.0)...                                                                               


Booting from ROM..c[?7l[2J[    0.000000] Linux version 6.17.0-rc1-00176-g9f6b606b6b37-dirty (root@buildkitsandbox) (gcc (Debian 12.2.0-14+deb12u1) 12.2.0, GNU ld (GNU Binutils for Debian) 2.40) #1 SMP PREEMPT_DYNAMIC Tue May  5 17:25:30 UTC 2026
[    0.000000] Command line: console=ttyS0 oops=panic nokaslr rdinit=/init
[    0.000000] BIOS-provided physical RAM map:
[    0.000000] BIOS-e820: [mem 0x0000000000000000-0x000000000009fbff] usable
[    0.000000] BIOS-e820: [mem 0x000000000009fc00-0x000000000009ffff] reserved
[    0.000000] BIOS-e820: [mem 0x00000000000f0000-0x00000000000fffff] reserved
[    0.000000] BIOS-e820: [mem 0x0000000000100000-0x000000007ffdffff] usable
[    0.000000] BIOS-e820: [mem 0x000000007ffe0000-0x000000007fffffff] reserved
[    0.000000] BIOS-e820: [mem 0x00000000feffc000-0x00000000feffffff] reserved
[    0.000000] BIOS-e820: [mem 0x00000000fffc0000-0x00000000ffffffff] reserved
[    0.000000] NX (Execute Disable) protection: active
[    0.000000] APIC: Static calls initialized
[    0.000000] SMBIOS 2.8 present.
[    0.000000] DMI: QEMU Standard PC (i440FX + PIIX, 1996), BIOS 1.16.2-debian-1.16.2-1 04/01/2014
[    0.000000] DMI: Memory slots populated: 1/1
[    0.000000] Hypervisor detected: KVM
[    0.000000] kvm-clock: Using msrs 4b564d01 and 4b564d00
[    0.000000] kvm-clock: using sched offset of 329748634 cycles
[    0.000002] clocksource: kvm-clock: mask: 0xffffffffffffffff max_cycles: 0x1cd42e4dffb, max_idle_ns: 881590591483 ns
[    0.000005] tsc: Detected 3187.200 MHz processor
[    0.000319] last_pfn = 0x7ffe0 max_arch_pfn = 0x400000000
[    0.000336] MTRR map: 4 entries (3 fixed + 1 variable; max 19), built from 8 variable MTRRs
[    0.000338] x86/PAT: Configuration [0-7]: WB  WC  UC- UC  WB  WP  UC- WT  
[    0.002408] found SMP MP-table at [mem 0x000f5ba0-0x000f5baf]
[    0.002413] Using GB pages for direct mapping
[    0.002493] RAMDISK: [mem 0x7fe92000-0x7ffdffff]
[    0.002497] ACPI: Early table checksum verification disabled
[    0.002499] ACPI: RSDP 0x00000000000F59D0 000014 (v00 BOCHS )
[    0.002501] ACPI: RSDT 0x000000007FFE1B33 000034 (v01 BOCHS  BXPC     00000001 BXPC 00000001)
[    0.002505] ACPI: FACP 0x000000007FFE19DF 000074 (v01 BOCHS  BXPC     00000001 BXPC 00000001)
[    0.002510] ACPI: DSDT 0x000000007FFE0040 00199F (v01 BOCHS  BXPC     00000001 BXPC 00000001)
[    0.002512] ACPI: FACS 0x000000007FFE0000 000040
[    0.002514] ACPI: APIC 0x000000007FFE1A53 000080 (v01 BOCHS  BXPC     00000001 BXPC 00000001)
[    0.002516] ACPI: HPET 0x000000007FFE1AD3 000038 (v01 BOCHS  BXPC     00000001 BXPC 00000001)
[    0.002518] ACPI: WAET 0x000000007FFE1B0B 000028 (v01 BOCHS  BXPC     00000001 BXPC 00000001)
[    0.002520] ACPI: Reserving FACP table memory at [mem 0x7ffe19df-0x7ffe1a52]
[    0.002521] ACPI: Reserving DSDT table memory at [mem 0x7ffe0040-0x7ffe19de]
[    0.002521] ACPI: Reserving FACS table memory at [mem 0x7ffe0000-0x7ffe003f]
[    0.002522] ACPI: Reserving APIC table memory at [mem 0x7ffe1a53-0x7ffe1ad2]
[    0.002522] ACPI: Reserving HPET table memory at [mem 0x7ffe1ad3-0x7ffe1b0a]
[    0.002523] ACPI: Reserving WAET table memory at [mem 0x7ffe1b0b-0x7ffe1b32]
[    0.002695] No NUMA configuration found
[    0.002695] Faking a node at [mem 0x0000000000000000-0x000000007ffdffff]
[    0.002697] NODE_DATA(0) allocated [mem 0x7fe8e900-0x7fe91fff]
[    0.002704] Zone ranges:
[    0.002705]   DMA      [mem 0x0000000000001000-0x0000000000ffffff]
[    0.002706]   DMA32    [mem 0x0000000001000000-0x000000007ffdffff]
[    0.002707]   Normal   empty
[    0.002708] Movable zone start for each node
[    0.002708] Early memory node ranges
[    0.002708]   node   0: [mem 0x0000000000001000-0x000000000009efff]
[    0.002710]   node   0: [mem 0x0000000000100000-0x000000007ffdffff]
[    0.002711] Initmem setup node 0 [mem 0x0000000000001000-0x000000007ffdffff]
[    0.003419] On node 0, zone DMA: 1 pages in unavailable ranges
[    0.003456] On node 0, zone DMA: 97 pages in unavailable ranges
[    0.037628] On node 0, zone DMA32: 32 pages in unavailable ranges
[    0.173208] kasan: KernelAddressSanitizer initialized
[    0.173398] ACPI: PM-Timer IO Port: 0x608
[    0.173409] ACPI: LAPIC_NMI (acpi_id[0xff] dfl dfl lint[0x1])
[    0.173438] IOAPIC[0]: apic_id 0, version 17, address 0xfec00000, GSI 0-23
[    0.173440] ACPI: INT_SRC_OVR (bus 0 bus_irq 0 global_irq 2 dfl dfl)
[    0.173441] ACPI: INT_SRC_OVR (bus 0 bus_irq 5 global_irq 5 high level)
[    0.173442] ACPI: INT_SRC_OVR (bus 0 bus_irq 9 global_irq 9 high level)
[    0.173443] ACPI: INT_SRC_OVR (bus 0 bus_irq 10 global_irq 10 high level)
[    0.173444] ACPI: INT_SRC_OVR (bus 0 bus_irq 11 global_irq 11 high level)
[    0.173446] ACPI: Using ACPI (MADT) for SMP configuration information
[    0.173447] ACPI: HPET id: 0x8086a201 base: 0xfed00000
[    0.173449] TSC deadline timer available
[    0.173451] CPU topo: Max. logical packages:   1
[    0.173452] CPU topo: Max. logical dies:       1
[    0.173452] CPU topo: Max. dies per package:   1
[    0.173454] CPU topo: Max. threads per core:   1
[    0.173455] CPU topo: Num. cores per package:     2
[    0.173455] CPU topo: Num. threads per package:   2
[    0.173456] CPU topo: Allowing 2 present CPUs plus 0 hotplug CPUs
[    0.173468] kvm-guest: APIC: eoi() replaced with kvm_guest_apic_eoi_write()
[    0.173481] kvm-guest: KVM setup pv remote TLB flush
[    0.173483] kvm-guest: setup PV sched yield
[    0.173489] PM: hibernation: Registered nosave memory: [mem 0x00000000-0x00000fff]
[    0.173490] PM: hibernation: Registered nosave memory: [mem 0x0009f000-0x000fffff]
[    0.173491] [mem 0x80000000-0xfeffbfff] available for PCI devices
[    0.173492] Booting paravirtualized kernel on KVM
[    0.173495] clocksource: refined-jiffies: mask: 0xffffffff max_cycles: 0xffffffff, max_idle_ns: 1910969940391419 ns
[    0.182182] setup_percpu: NR_CPUS:64 nr_cpumask_bits:2 nr_cpu_ids:2 nr_node_ids:1
[    0.183189] percpu: Embedded 64 pages/cpu s221976 r8192 d31976 u1048576
[    0.183218] Kernel command line: console=ttyS0 oops=panic nokaslr rdinit=/init
[    0.183264] random: crng init done
[    0.183265] printk: log buffer data + meta data: 262144 + 917504 = 1179648 bytes
[    0.184090] Dentry cache hash table entries: 262144 (order: 9, 2097152 bytes, linear)
[    0.184139] Inode-cache hash table entries: 131072 (order: 8, 1048576 bytes, linear)
[    0.184179] Fallback order for Node 0: 0 
[    0.184181] Built 1 zonelists, mobility grouping on.  Total pages: 524158
[    0.184181] Policy zone: DMA32
[    0.184183] mem auto-init: stack:all(zero), heap alloc:off, heap free:off
[    0.184183] stackdepot: allocating hash table via alloc_large_system_hash
[    0.184185] stackdepot hash table entries: 1048576 (order: 12, 16777216 bytes, linear)
[    0.201725] stackdepot: allocating space for 8192 stack pools via memblock
[    0.220793] SLUB: HWalign=64, Order=0-3, MinObjects=0, CPUs=2, Nodes=1
[    0.221821] Dynamic Preempt: voluntary
[    0.226278] rcu: Preemptible hierarchical RCU implementation.
[    0.226279] rcu: 	RCU event tracing is enabled.
[    0.226280] rcu: 	RCU restricting CPUs from NR_CPUS=64 to nr_cpu_ids=2.
[    0.226282] 	Trampoline variant of Tasks RCU enabled.
[    0.226283] 	Tracing variant of Tasks RCU enabled.
[    0.226283] rcu: RCU calculated value of scheduler-enlistment delay is 100 jiffies.
[    0.226284] rcu: Adjusting geometry for rcu_fanout_leaf=16, nr_cpu_ids=2
[    0.226301] RCU Tasks: Setting shift to 1 and lim to 1 rcu_task_cb_adjust=1 rcu_task_cpu_ids=2.
[    0.226303] RCU Tasks Trace: Setting shift to 1 and lim to 1 rcu_task_cb_adjust=1 rcu_task_cpu_ids=2.
[    0.234485] NR_IRQS: 4352, nr_irqs: 440, preallocated irqs: 16
[    0.234722] rcu: srcu_init: Setting srcu_struct sizes based on contention.
[    0.236912] Console: colour VGA+ 80x25
[    0.236942] printk: legacy console [ttyS0] enabled
[    0.276783] ACPI: Core revision 20250404
[    0.277141] clocksource: hpet: mask: 0xffffffff max_cycles: 0xffffffff, max_idle_ns: 19112604467 ns
[    0.277702] APIC: Switch to symmetric I/O mode setup
[    0.278108] x2apic enabled
[    0.278423] APIC: Switched APIC routing to: physical x2apic
[    0.278766] kvm-guest: APIC: send_IPI_mask() replaced with kvm_send_ipi_mask()
[    0.279185] kvm-guest: APIC: send_IPI_mask_allbutself() replaced with kvm_send_ipi_mask_allbutself()
[    0.279719] kvm-guest: setup PV IPIs
[    0.280556] ..TIMER: vector=0x30 apic1=0 pin1=2 apic2=-1 pin2=-1
[    0.280908] clocksource: tsc-early: mask: 0xffffffffffffffff max_cycles: 0x2df10e7656b, max_idle_ns: 440795364873 ns
[    0.281496] Calibrating delay loop (skipped) preset value.. 6374.40 BogoMIPS (lpj=3187200)
[    0.282572] x86/cpu: User Mode Instruction Prevention (UMIP) activated
[    0.282992] Last level iTLB entries: 4KB 0, 2MB 0, 4MB 0
[    0.283493] Last level dTLB entries: 4KB 0, 2MB 0, 4MB 0, 1GB 0
[    0.283829] mitigations: Enabled attack vectors: user_kernel, user_user, SMT mitigations: auto
[    0.284312] Speculative Store Bypass: Mitigation: Speculative Store Bypass disabled via prctl
[    0.284494] Spectre V2 : Mitigation: Enhanced / Automatic IBRS
[    0.284823] ITS: Mitigation: Aligned branch/return thunks
[    0.285493] Spectre V1 : Mitigation: usercopy/swapgs barriers and __user pointer sanitization
[    0.285969] Spectre V2 : Spectre v2 / PBRSB-eIBRS: Retire a single CALL on VMEXIT
[    0.286390] Spectre V2 : mitigation: Enabling conditional Indirect Branch Prediction Barrier
[    0.286494] active return thunk: its_return_thunk
[    0.286775] x86/fpu: Supporting XSAVE feature 0x001: 'x87 floating point registers'
[    0.287495] x86/fpu: Supporting XSAVE feature 0x002: 'SSE registers'
[    0.287871] x86/fpu: Supporting XSAVE feature 0x004: 'AVX registers'
[    0.288240] x86/fpu: Supporting XSAVE feature 0x200: 'Protection Keys User registers'
[    0.288494] x86/fpu: xstate_offset[2]:  576, xstate_sizes[2]:  256
[    0.288855] x86/fpu: xstate_offset[9]:  832, xstate_sizes[9]:    8
[    0.289493] x86/fpu: Enabled xstate features 0x207, context size is 840 bytes, using 'compacted' format.
[    0.308222] Freeing SMP alternatives memory: 52K
[    0.308496] pid_max: default: 32768 minimum: 301
[    0.308810] LSM: initializing lsm=capability,selinux
[    0.309124] SELinux:  Initializing.
[    0.309459] Mount-cache hash table entries: 4096 (order: 3, 32768 bytes, linear)
[    0.309496] Mountpoint-cache hash table entries: 4096 (order: 3, 32768 bytes, linear)
[    0.310769] smpboot: CPU0: Intel(R) Core(TM) i9-14900K (family: 0x6, model: 0xb7, stepping: 0x1)
[    0.311492] Performance Events: unsupported CPU family 6 model 183 no PMU driver, software events only.
[    0.311513] signal: max sigframe size: 3632
[    0.311788] rcu: Hierarchical SRCU implementation.
[    0.312066] rcu: 	Max phase no-delay instances is 400.
[    0.312424] Timer migration: 1 hierarchy levels; 8 children per group; 1 crossnode level
[    0.314501] smp: Bringing up secondary CPUs ...
[    0.314900] smpboot: x86: Booting SMP configuration:
[    0.315189] .... node  #0, CPUs:      #1
[    0.315253] smp: Brought up 1 node, 2 CPUs
[    0.315733] smpboot: Total of 2 processors activated (12748.80 BogoMIPS)
[    0.316246] Memory: 1668940K/2096632K available (52585K kernel code, 8928K rwdata, 11628K rodata, 6172K init, 2852K bss, 420820K reserved, 0K cma-reserved)
[    0.317179] devtmpfs: initialized
[    0.319115] clocksource: jiffies: mask: 0xffffffff max_cycles: 0xffffffff, max_idle_ns: 1911260446275000 ns
[    0.319500] posixtimers hash table entries: 1024 (order: 2, 16384 bytes, linear)
[    0.319941] futex hash table entries: 512 (32768 bytes on 1 NUMA nodes, total 32 KiB, linear).
[    0.320561] PM: RTC time: 17:28:40, date: 2026-05-05
[    0.320976] NET: Registered PF_NETLINK/PF_ROUTE protocol family
[    0.321526] audit: initializing netlink subsys (disabled)
[    0.321866] audit: type=2000 audit(1778002121.579:1): state=initialized audit_enabled=0 res=1
[    0.322502] thermal_sys: Registered thermal governor 'step_wise'
[    0.322813] cpuidle: using governor menu
[    0.323609] PCI: Using configuration type 1 for base access
[    0.323980] kprobes: kprobe jump-optimization is enabled. All kprobes are optimized if possible.
[    0.324611] HugeTLB: allocation took 0ms with hugepage_allocation_threads=1
[    0.325025] HugeTLB: registered 2.00 MiB page size, pre-allocated 0 pages
[    0.325416] HugeTLB: 28 KiB vmemmap can be freed for a 2.00 MiB page
[    0.325824] ACPI: Added _OSI(Module Device)
[    0.326069] ACPI: Added _OSI(Processor Device)
[    0.326327] ACPI: Added _OSI(Processor Aggregator Device)
[    0.332889] ACPI: 1 ACPI AML tables successfully acquired and loaded
[    0.338814] ACPI: Interpreter enabled
[    0.338928] ACPI: PM: (supports S0 S3 S4 S5)
[    0.339195] ACPI: Using IOAPIC for interrupt routing
[    0.339516] PCI: Using host bridge windows from ACPI; if necessary, use "pci=nocrs" and report a bug
[    0.340047] PCI: Using E820 reservations for host bridge windows
[    0.340764] ACPI: Enabled 2 GPEs in block 00 to 0F
[    0.355249] ACPI: PCI Root Bridge [PCI0] (domain 0000 [bus 00-ff])
[    0.355502] acpi PNP0A03:00: _OSC: OS supports [ASPM ClockPM Segments MSI HPX-Type3]
[    0.355953] acpi PNP0A03:00: _OSC: not requesting OS control; OS requires [ExtendedConfig ASPM ClockPM MSI]
[    0.356545] acpi PNP0A03:00: fail to add MMCONFIG information, can't access extended configuration space under this bridge
[    0.357354] PCI host bridge to bus 0000:00
[    0.357518] pci_bus 0000:00: root bus resource [io  0x0000-0x0cf7 window]
[    0.357915] pci_bus 0000:00: root bus resource [io  0x0d00-0xffff window]
[    0.358319] pci_bus 0000:00: root bus resource [mem 0x000a0000-0x000bffff window]
[    0.359495] pci_bus 0000:00: root bus resource [mem 0x80000000-0xfebfffff window]
[    0.359936] pci_bus 0000:00: root bus resource [mem 0x100000000-0x17fffffff window]
[    0.360383] pci_bus 0000:00: root bus resource [bus 00-ff]
[    0.360522] pci 0000:00:00.0: [8086:1237] type 00 class 0x060000 conventional PCI endpoint
[    0.365261] pci 0000:00:01.0: [8086:7000] type 00 class 0x060100 conventional PCI endpoint
[    0.369653] pci 0000:00:01.1: [8086:7010] type 00 class 0x010180 conventional PCI endpoint
[    0.370475] pci 0000:00:01.1: BAR 4 [io  0xc040-0xc04f]
[    0.370513] pci 0000:00:01.1: BAR 0 [io  0x01f0-0x01f7]: legacy IDE quirk
[    0.370907] pci 0000:00:01.1: BAR 1 [io  0x03f6]: legacy IDE quirk
[    0.371274] pci 0000:00:01.1: BAR 2 [io  0x0170-0x0177]: legacy IDE quirk
[    0.372494] pci 0000:00:01.1: BAR 3 [io  0x0376]: legacy IDE quirk
[    0.373002] pci 0000:00:01.3: [8086:7113] type 00 class 0x068000 conventional PCI endpoint
[    0.373666] pci 0000:00:01.3: quirk: [io  0x0600-0x063f] claimed by PIIX4 ACPI
[    0.374094] pci 0000:00:01.3: quirk: [io  0x0700-0x070f] claimed by PIIX4 SMB
[    0.374650] pci 0000:00:02.0: [1234:1111] type 00 class 0x030000 conventional PCI endpoint
[    0.375703] pci 0000:00:02.0: BAR 0 [mem 0xfd000000-0xfdffffff pref]
[    0.376093] pci 0000:00:02.0: BAR 2 [mem 0xfebf0000-0xfebf0fff]
[    0.376453] pci 0000:00:02.0: ROM [mem 0xfebe0000-0xfebeffff pref]
[    0.376541] pci 0000:00:02.0: Video device with shadowed ROM at [mem 0x000c0000-0x000dffff]
[    0.381069] pci 0000:00:03.0: [8086:100e] type 00 class 0x020000 conventional PCI endpoint
[    0.382001] pci 0000:00:03.0: BAR 0 [mem 0xfebc0000-0xfebdffff]
[    0.382351] pci 0000:00:03.0: BAR 1 [io  0xc000-0xc03f]
[    0.382513] pci 0000:00:03.0: ROM [mem 0xfeb80000-0xfebbffff pref]
[    0.387909] ACPI: PCI: Interrupt link LNKA configured for IRQ 10
[    0.388724] ACPI: PCI: Interrupt link LNKB configured for IRQ 10
[    0.389457] ACPI: PCI: Interrupt link LNKC configured for IRQ 11
[    0.389869] ACPI: PCI: Interrupt link LNKD configured for IRQ 11
[    0.390367] ACPI: PCI: Interrupt link LNKS configured for IRQ 9
[    0.392483] iommu: Default domain type: Translated
[    0.392494] iommu: DMA domain TLB invalidation policy: lazy mode
[    0.393660] SCSI subsystem initialized
[    0.394300] ACPI: bus type USB registered
[    0.394543] usbcore: registered new interface driver usbfs
[    0.394883] usbcore: registered new interface driver hub
[    0.395214] usbcore: registered new device driver usb
[    0.395536] pps_core: LinuxPPS API ver. 1 registered
[    0.395825] pps_core: Software ver. 5.3.6 - Copyright 2005-2007 Rodolfo Giometti <giometti@linux.it>
[    0.396358] PTP clock support registered
[    0.397260] Advanced Linux Sound Architecture Driver Initialized.
[    0.397494] NetLabel: Initializing
[    0.397494] NetLabel:  domain hash size = 128
[    0.397750] NetLabel:  protocols = UNLABELED CIPSOv4 CALIPSO
[    0.398113] NetLabel:  unlabeled traffic allowed by default
[    0.398525] PCI: Using ACPI for IRQ routing
[    0.399522] pci 0000:00:02.0: vgaarb: setting as boot VGA device
[    0.399858] pci 0000:00:02.0: vgaarb: bridge control possible
[    0.400195] pci 0000:00:02.0: vgaarb: VGA device added: decodes=io+mem,owns=io+mem,locks=none
[    0.400494] vgaarb: loaded
[    0.400707] hpet0: at MMIO 0xfed00000, IRQs 2, 8, 0
[    0.400995] hpet0: 3 comparators, 64-bit 100.000000 MHz counter
[    0.404527] clocksource: Switched to clocksource kvm-clock
[    0.405066] VFS: Disk quotas dquot_6.6.0
[    0.405304] VFS: Dquot-cache hash table entries: 512 (order 0, 4096 bytes)
[    0.405979] pnp: PnP ACPI init
[    0.407241] pnp: PnP ACPI: found 6 devices
[    0.416206] clocksource: acpi_pm: mask: 0xffffff max_cycles: 0xffffff, max_idle_ns: 2085701024 ns
[    0.416761] NET: Registered PF_INET protocol family
[    0.417094] IP idents hash table entries: 32768 (order: 6, 262144 bytes, linear)
[    0.417957] tcp_listen_portaddr_hash hash table entries: 1024 (order: 2, 16384 bytes, linear)
[    0.418459] Table-perturb hash table entries: 65536 (order: 6, 262144 bytes, linear)
[    0.418918] TCP established hash table entries: 16384 (order: 5, 131072 bytes, linear)
[    0.420683] TCP bind hash table entries: 16384 (order: 7, 524288 bytes, linear)
[    0.421131] TCP: Hash tables configured (established 16384 bind 16384)
[    0.421542] UDP hash table entries: 1024 (order: 4, 65536 bytes, linear)
[    0.421942] UDP-Lite hash table entries: 1024 (order: 4, 65536 bytes, linear)
[    0.422416] NET: Registered PF_UNIX/PF_LOCAL protocol family
[    0.422944] RPC: Registered named UNIX socket transport module.
[    0.423289] RPC: Registered udp transport module.
[    0.423564] RPC: Registered tcp transport module.
[    0.423846] RPC: Registered tcp-with-tls transport module.
[    0.424165] RPC: Registered tcp NFSv4.1 backchannel transport module.
[    0.424869] pci_bus 0000:00: resource 4 [io  0x0000-0x0cf7 window]
[    0.425230] pci_bus 0000:00: resource 5 [io  0x0d00-0xffff window]
[    0.425590] pci_bus 0000:00: resource 6 [mem 0x000a0000-0x000bffff window]
[    0.425994] pci_bus 0000:00: resource 7 [mem 0x80000000-0xfebfffff window]
[    0.426393] pci_bus 0000:00: resource 8 [mem 0x100000000-0x17fffffff window]
[    0.426891] pci 0000:00:01.0: PIIX3: Enabling Passive Release
[    0.427231] pci 0000:00:00.0: Limiting direct PCI/PCI transfers
[    0.427606] PCI: CLS 0 bytes, default 64
[    0.427893] RAPL PMU: API unit is 2^-32 Joules, 0 fixed counters, 10737418240 ms ovfl timer
[    0.428014] Unpacking initramfs...
[    0.428383] clocksource: tsc: mask: 0xffffffffffffffff max_cycles: 0x2df10e7656b, max_idle_ns: 440795364873 ns
[    0.430879] Initialise system trusted keyrings
[    0.431791] workingset: timestamp_bits=56 max_order=19 bucket_order=0
[    0.432923] NFS: Registering the id_resolver key type
[    0.433224] Key type id_resolver registered
[    0.433467] Key type id_legacy registered
[    0.433756] 9p: Installing v9fs 9p2000 file system support
[    0.440600] Key type asymmetric registered
[    0.440895] Asymmetric key parser 'x509' registered
[    0.441203] Block layer SCSI generic (bsg) driver version 0.4 loaded (major 251)
[    0.441645] io scheduler mq-deadline registered
[    0.441913] io scheduler kyber registered
[    0.442327] input: Power Button as /devices/LNXSYSTM:00/LNXPWRBN:00/input/input0
[    0.442601] Freeing initrd memory: 1336K
[    0.443104] ACPI: button: Power Button [PWRF]
[    0.443699] Serial: 8250/16550 driver, 4 ports, IRQ sharing enabled
[    0.444238] 00:04: ttyS0 at I/O 0x3f8 (irq = 4, base_baud = 115200) is a 16550A
[    0.445431] Non-volatile memory driver v1.3
[    0.445682] Linux agpgart interface v0.103
[    0.446023] ACPI: bus type drm_connector registered
[    0.449937] loop: module loaded
[    0.451245] scsi host0: ata_piix
[    0.451645] scsi host1: ata_piix
[    0.451927] ata1: PATA max MWDMA2 cmd 0x1f0 ctl 0x3f6 bmdma 0xc040 irq 14 lpm-pol 0
[    0.452371] ata2: PATA max MWDMA2 cmd 0x170 ctl 0x376 bmdma 0xc048 irq 15 lpm-pol 0
[    0.454207] e100: Intel(R) PRO/100 Network Driver
[    0.454493] e100: Copyright(c) 1999-2006 Intel Corporation
[    0.454838] e1000: Intel(R) PRO/1000 Network Driver
[    0.455124] e1000: Copyright (c) 1999-2006 Intel Corporation.
[    0.606971] ata2: found unknown device (class 0)
[    0.607616] ata2.00: ATAPI: QEMU DVD-ROM, 2.5+, max UDMA/100
[    0.608676] scsi 1:0:0:0: CD-ROM            QEMU     QEMU DVD-ROM     2.5+ PQ: 0 ANSI: 5
[    0.625078] sr 1:0:0:0: [sr0] scsi3-mmc drive: 4x/4x cd/rw xa/form2 tray
[    0.625470] cdrom: Uniform CD-ROM driver Revision: 3.20
[    0.636670] sr 1:0:0:0: Attached scsi generic sg0 type 5
[    0.779015] ACPI: \_SB_.LNKC: Enabled at IRQ 11
[    1.063099] e1000 0000:00:03.0 eth0: (PCI:33MHz:32-bit) 52:54:00:12:34:56
[    1.063499] e1000 0000:00:03.0 eth0: Intel(R) PRO/1000 Network Connection
[    1.063957] e1000e: Intel(R) PRO/1000 Network Driver
[    1.064246] e1000e: Copyright(c) 1999 - 2015 Intel Corporation.
[    1.064618] sky2: driver version 1.30
[    1.067597] usbcore: registered new interface driver usblp
[    1.067952] usbcore: registered new interface driver usb-storage
[    1.068353] i8042: PNP: PS/2 Controller [PNP0303:KBD,PNP0f13:MOU] at 0x60,0x64 irq 1,12
[    1.069358] serio: i8042 KBD port at 0x60,0x64 irq 1
[    1.069652] serio: i8042 AUX port at 0x60,0x64 irq 12
[    1.070325] input: AT Translated Set 2 keyboard as /devices/platform/i8042/serio0/input/input1
[    1.070841] rtc_cmos 00:05: RTC can wake from S4
[    1.071592] rtc_cmos 00:05: registered as rtc0
[    1.071986] rtc_cmos 00:05: alarms up to one day, y3k, 242 bytes nvram, hpet irqs
[    1.072859] device-mapper: ioctl: 4.50.0-ioctl (2025-04-28) initialised: dm-devel@lists.linux.dev
[    1.073379] intel_pstate: CPU model not supported
[    1.073707] hid: raw HID events driver (C) Jiri Kosina
[    1.076209] usbcore: registered new interface driver usbhid
[    1.076536] usbhid: USB HID core driver
[    1.077289] Initializing XFRM netlink socket
[    1.077577] NET: Registered PF_INET6 protocol family
[    1.078264] Segment Routing with IPv6
[    1.078503] In-situ OAM (IOAM) with IPv6
[    1.078786] sit: IPv6, IPv4 and MPLS over IPv4 tunneling driver
[    1.079364] NET: Registered PF_PACKET protocol family
[    1.079809] 9pnet: Installing 9P2000 support
[    1.080087] Key type dns_resolver registered
[    1.080568] IPI shorthand broadcast: enabled
[    1.090895] sched_clock: Marking stable (1047001326, 43764939)->(1097165146, -6398881)
[    1.091576] registered taskstats version 1
[    1.091936] Loading compiled-in X.509 certificates
[    1.099083] Demotion targets for Node 0: null
[    1.099430] PM:   Magic number: 10:99:491
[    1.099693] netconsole: network logging started
[    1.100182] cfg80211: Loading compiled-in X.509 certificates for regulatory database
[    1.101629] kworker/u8:1 (59) used greatest stack depth: 29216 bytes left
[    1.102231] Loaded X.509 cert 'sforshee: 00b28ddf47aef9cea7'
[    1.102708] Loaded X.509 cert 'wens: 61c038651aabdcf94bd0ac7ff06c7248db18c600'
[    1.103282] faux_driver regulatory: Direct firmware load for regulatory.db failed with error -2
[    1.103788] cfg80211: failed to load regulatory.db
[    1.103793] ALSA device list:
[    1.104247]   No soundcards found.
[    1.105297] Freeing unused kernel image (initmem) memory: 6172K
[    1.105545] Write protecting the kernel read-only data: 65536k
[    1.105966] Freeing unused kernel image (text/rodata gap) memory: 660K
[    1.106336] Freeing unused kernel image (rodata/data gap) memory: 660K
[    1.116524] x86/mm: Checked W+X mappings: passed, no W+X pages found.
[    1.116815] Run /init as init process
[    1.117494] mkdir (62) used greatest stack depth: 28912 bytes left
[    1.118008] mount (63) used greatest stack depth: 27856 bytes left

secb: rootfs ready
---- poc begin ----
poc: starting
poc: lo up
poc: iter=0
poc: first read n=11 errno=0
po[    1.128563] ==================================================================
c: recvmsg n=0 e[    1.128909] BUG: KASAN: slab-use-after-free in kfree_skb_list_reason+0x486/0x530
rrno=0
[    1.129253] Read of size 8 at addr ffff888006e9e5e0 by task poc/69
[    1.129526] 
[    1.129594] CPU: 0 UID: 0 PID: 69 Comm: poc Not tainted 6.17.0-rc1-00176-g9f6b606b6b37-dirty #1 PREEMPT(voluntary) 
[    1.129597] Hardware name: QEMU Standard PC (i440FX + PIIX, 1996), BIOS 1.16.2-debian-1.16.2-1 04/01/2014
[    1.129598] Call Trace:
[    1.129599]  <TASK>
[    1.129599]  dump_stack_lvl+0x53/0x70
[    1.129603]  print_report+0xce/0x650
[    1.129606]  ? kfree_skb_list_reason+0x486/0x530
[    1.129607]  kasan_report+0xce/0x100
[    1.129609]  ? kfree_skb_list_reason+0x486/0x530
[    1.129611]  kfree_skb_list_reason+0x486/0x530
[    1.129612]  ? __pfx_kfree_skb_list_reason+0x10/0x10
[    1.129615]  skb_release_data+0x477/0x860
[    1.129616]  ? _raw_spin_lock_irqsave+0x85/0xe0
[    1.129619]  ? __pfx__raw_spin_lock_irqsave+0x10/0x10
[    1.129621]  ? tls_sw_release_resources_rx+0x179/0x380
[    1.129623]  sk_skb_reason_drop+0xbb/0x2c0
[    1.129625]  tls_sw_release_resources_rx+0x179/0x380
[    1.129627]  tls_sk_proto_close+0x5f8/0x8f0
[    1.129629]  ? __pfx_tls_sk_proto_close+0x10/0x10
[    1.129631]  ? down_write+0xb2/0x130
[    1.129633]  ? __pfx_down_write+0x10/0x10
[    1.129635]  inet_release+0xc9/0x1c0
[    1.129638]  __sock_release+0xa1/0x260
[    1.129641]  sock_close+0x10/0x20
[    1.129643]  __fput+0x359/0xac0
[    1.129645]  fput_close_sync+0xe2/0x190
[    1.129647]  ? __pfx_fput_close_sync+0x10/0x10
[    1.129648]  ? file_close_fd_locked+0x173/0x290
[    1.129651]  __x64_sys_close+0x78/0xd0
[    1.129653]  do_syscall_64+0xa8/0x270
[    1.129656]  entry_SYSCALL_64_after_hwframe+0x77/0x7f
[    1.129658] RIP: 0033:0x438ea0
[    1.129659] Code: 00 00 48 c7 c2 b8 ff ff ff f7 d8 64 89 02 b8 ff ff ff ff eb d4 e8 d0 2d 00 00 80 3d c1 e1 06 00 00 74 17 b8 03 00 00 00 0f 05 <48> 3d 00 f0 ff ff 77 48 c3 0f 1f 80 00 00 00 00 48 83 ec 18 89 7c
[    1.129660] RSP: 002b:00007ffc6e9e36f8 EFLAGS: 00000202 ORIG_RAX: 0000000000000003
[    1.129662] RAX: ffffffffffffffda RBX: 000000001a9f6338 RCX: 0000000000438ea0
[    1.129663] RDX: 0000000000000000 RSI: 00007ffc6e9e15e0 RDI: 0000000000000005
[    1.129664] RBP: 0000000000000004 R08: 0000000000000018 R09: 00007ffc6e9e1477
[    1.129665] R10: 0000000000000000 R11: 0000000000000202 R12: 0000000000000005
[    1.129666] R13: 00007ffc6e9e3bf0 R14: 000000000000000b R15: 0000000000000001
[    1.129667]  </TASK>
[    1.129667] 
[    1.137776] Allocated by task 69:
[    1.137911]  kasan_save_stack+0x33/0x60
[    1.138065]  kasan_save_track+0x14/0x30
[    1.138219]  __kasan_slab_alloc+0x6e/0x70
[    1.138380]  kmem_cache_alloc_node_noprof+0xf2/0x330
[    1.138578]  __alloc_skb+0x207/0x2d0
[    1.138725]  tcp_stream_alloc_skb+0x2c/0x510
[    1.138898]  tcp_sendmsg_locked+0x126c/0x3bb0
[    1.139073]  tcp_sendmsg+0x26/0x40
[    1.139212]  sock_write_iter+0x3fe/0x530
[    1.139369]  vfs_write+0xa63/0xd80
[    1.139507]  ksys_write+0x17c/0x1c0
[    1.139649]  do_syscall_64+0xa8/0x270
[    1.139800]  entry_SYSCALL_64_after_hwframe+0x77/0x7f
[    1.139999] 
[    1.140066] Freed by task 69:
[    1.140188]  kasan_save_stack+0x33/0x60
[    1.140342]  kasan_save_track+0x14/0x30
[    1.140495]  kasan_save_free_info+0x3b/0x60
[    1.140662]  __kasan_slab_free+0x3e/0x50
[    1.140821]  kmem_cache_free+0xce/0x370
[    1.140975]  tcp_read_done+0x166/0x620
[    1.141126]  tls_strp_msg_done+0x9b/0x130
[    1.141288]  tls_sw_recvmsg+0x136e/0x1960
[    1.141449]  inet_recvmsg+0x310/0x410
[    1.141597]  sock_recvmsg+0x178/0x220
[    1.141746]  ____sys_recvmsg+0x1b3/0x6e0
[    1.141904]  ___sys_recvmsg+0xe2/0x150
[    1.142058]  __sys_recvmsg+0x11c/0x1b0
[    1.142209]  do_syscall_64+0xa8/0x270
[    1.142357]  entry_SYSCALL_64_after_hwframe+0x77/0x7f
[    1.142556] 
[    1.142624] The buggy address belongs to the object at ffff888006e9e500
[    1.142624]  which belongs to the cache skbuff_fclone_cache of size 456
[    1.143127] The buggy address is located 224 bytes inside of
[    1.143127]  freed 456-byte region [ffff888006e9e500, ffff888006e9e6c8)
[    1.143593] 
[    1.143660] The buggy address belongs to the physical page:
[    1.143880] page: refcount:0 mapcount:0 mapping:0000000000000000 index:0x0 pfn:0x6e9e
[    1.144182] head: order:1 mapcount:0 entire_mapcount:0 nr_pages_mapped:0 pincount:0
[    1.144478] flags: 0x100000000000040(head|node=0|zone=1)
[    1.144687] page_type: f5(slab)
[    1.144818] raw: 0100000000000040 ffff888007657a00 dead000000000122 0000000000000000
[    1.145117] raw: 0000000000000000 00000000800c000c 00000000f5000000 0000000000000000
[    1.145416] head: 0100000000000040 ffff888007657a00 dead000000000122 0000000000000000
[    1.145720] head: 0000000000000000 00000000800c000c 00000000f5000000 0000000000000000
[    1.146022] head: 0100000000000001 ffffea00001ba781 00000000ffffffff 00000000ffffffff
[    1.146324] head: 0000000000000000 0000000000000000 00000000ffffffff 0000000000000000
[    1.146625] page dumped because: kasan: bad access detected
[    1.146844] 
[    1.146911] Memory state around the buggy address:
[    1.147100]  ffff888006e9e480: fc fc fc fc fc fc fc fc fc fc fc fc fc fc fc fc
[    1.147381]  ffff888006e9e500: fa fb fb fb fb fb fb fb fb fb fb fb fb fb fb fb
[    1.147661] >ffff888006e9e580: fb fb fb fb fb fb fb fb fb fb fb fb fb fb fb fb
[    1.147944]                                                        ^
[    1.148191]  ffff888006e9e600: fb fb fb fb fb fb fb fb fb fb fb fb fb fb fb fb
[    1.148469]  ffff888006e9e680: fb fb fb fb fb fb fb fb fb fc fc fc fc fc fc fc
[    1.148749] ==================================================================
[    1.149042] Disabling lock debugging due to kernel taint
[    1.149251] ------------[ cut here ]------------
[    1.149433] refcount_t: underflow; use-after-free.
[    1.149633] WARNING: CPU: 0 PID: 69 at lib/refcount.c:28 refcount_warn_saturate+0xdc/0x160
[    1.149955] Modules linked in:
[    1.150081] CPU: 0 UID: 0 PID: 69 Comm: poc Tainted: G    B               6.17.0-rc1-00176-g9f6b606b6b37-dirty #1 PREEMPT(voluntary) 
[    1.150537] Tainted: [B]=BAD_PAGE
[    1.150671] Hardware name: QEMU Standard PC (i440FX + PIIX, 1996), BIOS 1.16.2-debian-1.16.2-1 04/01/2014
[    1.151038] RIP: 0010:refcount_warn_saturate+0xdc/0x160
[    1.151244] Code: e8 d9 25 15 ff 90 0f 0b 90 90 eb ad 80 3d a0 4c 67 03 00 75 a4 c6 05 97 4c 67 03 01 90 48 c7 c7 80 ec 5b 84 e8 b5 25 15 ff 90 <0f> 0b 90 90 eb 89 80 3d 7a 4c 67 03 00 75 80 c6 05 71 4c 67 03 01
[    1.151953] RSP: 0018:ffffc9000046fa80 EFLAGS: 00010286
[    1.152158] RAX: 0000000000000000 RBX: ffff888006e9e6c0 RCX: 1ffffffff0a19374
[    1.152433] RDX: 0000000000000000 RSI: 0000000000000004 RDI: ffffffff850c9ba0
[    1.152709] RBP: 0000000000000003 R08: 0000000000000000 R09: fffffbfff0a19374
[    1.152988] R10: 0000000000000003 R11: ffffffff867df384 R12: 0000000000000000
[    1.153265] R13: 0000000000000002 R14: ffffc9000046fae0 R15: ffffffff836cda67
[    1.153540] FS:  000000001a9f6380(0000) GS:ffff8880e690e000(0000) knlGS:0000000000000000
[    1.153890] CS:  0010 DS: 0000 ES: 0000 CR0: 0000000080050033
[    1.154142] CR2: 00007ffc6e9e0f78 CR3: 0000000009ff6005 CR4: 0000000000770ef0
[    1.154422] PKRU: 55555554
[    1.154532] Call Trace:
[    1.154634]  <TASK>
[    1.154725]  kfree_skb_list_reason+0x3b1/0x530
[    1.154910]  ? __pfx_kfree_skb_list_reason+0x10/0x10
[    1.155103]  skb_release_data+0x477/0x860
[    1.155257]  ? _raw_spin_lock_irqsave+0x85/0xe0
[    1.155434]  ? __pfx__raw_spin_lock_irqsave+0x10/0x10
[    1.155635]  ? tls_sw_release_resources_rx+0x179/0x380
[    1.155843]  sk_skb_reason_drop+0xbb/0x2c0
[    1.156013]  tls_sw_release_resources_rx+0x179/0x380
[    1.156215]  tls_sk_proto_close+0x5f8/0x8f0
[    1.156384]  ? __pfx_tls_sk_proto_close+0x10/0x10
[    1.156574]  ? down_write+0xb2/0x130
[    1.156724]  ? __pfx_down_write+0x10/0x10
[    1.156887]  inet_release+0xc9/0x1c0
[    1.157032]  __sock_release+0xa1/0x260
[    1.157183]  sock_close+0x10/0x20
[    1.157317]  __fput+0x359/0xac0
[    1.157446]  fput_close_sync+0xe2/0x190
[    1.157599]  ? __pfx_fput_close_sync+0x10/0x10
[    1.157782]  ? file_close_fd_locked+0x173/0x290
[    1.157966]  __x64_sys_close+0x78/0xd0
[    1.158119]  do_syscall_64+0xa8/0x270
[    1.158269]  entry_SYSCALL_64_after_hwframe+0x77/0x7f
[    1.158471] RIP: 0033:0x438ea0
[    1.158598] Code: 00 00 48 c7 c2 b8 ff ff ff f7 d8 64 89 02 b8 ff ff ff ff eb d4 e8 d0 2d 00 00 80 3d c1 e1 06 00 00 74 17 b8 03 00 00 00 0f 05 <48> 3d 00 f0 ff ff 77 48 c3 0f 1f 80 00 00 00 00 48 83 ec 18 89 7c
[    1.159311] RSP: 002b:00007ffc6e9e36f8 EFLAGS: 00000202 ORIG_RAX: 0000000000000003
[    1.159607] RAX: ffffffffffffffda RBX: 000000001a9f6338 RCX: 0000000000438ea0
[    1.159886] RDX: 0000000000000000 RSI: 00007ffc6e9e15e0 RDI: 0000000000000005
[    1.160161] RBP: 0000000000000004 R08: 0000000000000018 R09: 00007ffc6e9e1477
[    1.160436] R10: 0000000000000000 R11: 0000000000000202 R12: 0000000000000005
[    1.160711] R13: 00007ffc6e9e3bf0 R14: 000000000000000b R15: 0000000000000001
[    1.160991]  </TASK>
[    1.161083] ---[ end trace 0000000000000000 ]---
poc: iter=1
[    1.161457] ------------[ cut here ]------------
[    1.161641] WARNING: CPU: 0 PID: 69 at ./include/linux/mm.h:1328 get_page+0xee/0x130
[    1.161945] Modules linked in:
[    1.162071] CPU: 0 UID: 0 PID: 69 Comm: poc Tainted: G    B   W           6.17.0-rc1-00176-g9f6b606b6b37-dirty #1 PREEMPT(voluntary) 
[    1.162526] Tainted: [B]=BAD_PAGE, [W]=WARN
[    1.162690] Hardware name: QEMU Standard PC (i440FX + PIIX, 1996), BIOS 1.16.2-debian-1.16.2-1 04/01/2014
[    1.163056] RIP: 0010:get_page+0xee/0x130
[    1.163215] Code: 00 00 fc ff df 48 8d 7b 48 48 89 fa 48 c1 ea 03 80 3c 02 00 75 4e 48 8b 43 48 48 8d 50 ff a8 01 48 0f 45 da e9 44 ff ff ff 90 <0f> 0b 90 5b e9 19 d6 c9 00 48 8d 58 ff e9 31 ff ff ff 90 0f 0b 90
[    1.163923] RSP: 0018:ffffc90000007520 EFLAGS: 00010246
[    1.164127] RAX: 00000000000000f5 RBX: ffffea0000295e00 RCX: ffff888006e9f054
[    1.164402] RDX: 1ffffd4000052bc6 RSI: ffff88800a185840 RDI: ffffea0000295e30
[    1.164677] RBP: dffffc0000000000 R08: 0000000000000000 R09: ffffed1001430b0c
[    1.164956] R10: ffff888006e9f31c R11: 0000000000000002 R12: 0000000000000000
[    1.165232] R13: 0000000000000002 R14: ffff88800a185840 R15: ffffed1001430b08
[    1.165508] FS:  000000001a9f6380(0000) GS:ffff8880e690e000(0000) knlGS:0000000000000000
[    1.165822] CS:  0010 DS: 0000 ES: 0000 CR0: 0000000080050033
[    1.166047] CR2: 00007ffc6e9e0f78 CR3: 0000000009ff6005 CR4: 0000000000770ef0
[    1.166323] PKRU: 55555554
[    1.166433] Call Trace:
[    1.166534]  <IRQ>
[    1.166620]  skb_try_coalesce+0x1119/0x2210
[    1.166785]  ? selinux_socket_sock_rcv_skb+0x2b1/0x5a0
[    1.166987]  ? __pfx_selinux_socket_sock_rcv_skb+0x10/0x10
[    1.167201]  tcp_try_coalesce+0x13b/0x630
[    1.167360]  ? __pfx_tcp_try_coalesce+0x10/0x10
[    1.167539]  ? __pfx_tcp_data_queue+0x10/0x10
[    1.167715]  tcp_queue_rcv+0x62/0x620
[    1.167864]  tcp_rcv_established+0x139a/0x23d0
[    1.168041]  ? __pfx_tcp_inbound_hash+0x10/0x10
[    1.168220]  ? __pfx_tcp_rcv_established+0x10/0x10
[    1.168409]  ? sk_select_reuseport+0x3a0/0x420
[    1.168587]  ? _raw_spin_lock+0x7f/0xd0
[    1.168742]  tcp_v4_do_rcv+0x525/0x8a0
[    1.168896]  tcp_v4_rcv+0x2343/0x41b0
[    1.169044]  ? __pfx_tcp_v4_rcv+0x10/0x10
[    1.169204]  ? get_stack_info+0x2e/0x90
[    1.169357]  ? __pfx_raw_local_deliver+0x10/0x10
[    1.169539]  ? stack_access_ok+0xd9/0x200
[    1.169700]  ip_protocol_deliver_rcu+0x61/0x2e0
[    1.169885]  ip_local_deliver_finish+0x332/0x4b0
[    1.170068]  ip_local_deliver+0x18f/0x2d0
[    1.170227]  ? __pfx_ip_local_deliver+0x10/0x10
[    1.170407]  ? __pfx___netif_receive_skb_core.constprop.0+0x10/0x10
[    1.170651]  ? ip_fast_csum+0xc/0x20
[    1.170801]  ? ip_rcv_core+0x62d/0xcf0
[    1.170951]  ip_rcv+0x223/0x280
[    1.171080]  ? __pfx_ip_rcv+0x10/0x10
[    1.171226]  ? kasan_save_stack+0x42/0x60
[    1.171386]  ? kasan_save_stack+0x33/0x60
[    1.171544]  ? kasan_save_track+0x14/0x30
[    1.171703]  ? kasan_save_free_info+0x3b/0x60
[    1.171882]  ? __kasan_slab_free+0x3e/0x50
[    1.172045]  ? kmem_cache_free+0xce/0x370
[    1.172204]  ? rcu_core+0x605/0x1a30
[    1.172349]  ? handle_softirqs+0x1b5/0x5c0
[    1.172512]  ? irq_exit_rcu+0xaf/0xe0
[    1.172659]  ? sysvec_apic_timer_interrupt+0x6c/0x80
[    1.172859]  ? asm_sysvec_apic_timer_interrupt+0x1a/0x20
[    1.173066]  ? rcu_sched_clock_irq+0x12c5/0x2d90
[    1.173249]  ? __pfx_ip_rcv+0x10/0x10
[    1.173396]  __netif_receive_skb_one_core+0x161/0x1b0
[    1.173594]  ? __pfx___netif_receive_skb_one_core+0x10/0x10
[    1.173809]  ? _raw_spin_lock_irq+0x80/0xe0
[    1.173976]  process_backlog+0x18f/0x560
[    1.174133]  ? __pfx_run_posix_cpu_timers+0x10/0x10
[    1.174326]  __napi_poll+0xa1/0x500
[    1.174467]  ? __pfx_sched_balance_trigger+0x10/0x10
[    1.174663]  net_rx_action+0x99e/0xe90
[    1.174819]  ? __pfx_net_rx_action+0x10/0x10
[    1.175001]  ? timerqueue_add+0x21b/0x320
[    1.175174]  ? __hrtimer_run_queues+0x3b0/0x760
[    1.175361]  ? ktime_get_update_offsets_now+0x7c/0x2c0
[    1.175571]  ? kvm_clock_get_cycles+0x18/0x30
[    1.175753]  ? ktime_get+0x5d/0x140
[    1.175900]  handle_softirqs+0x1b5/0x5c0
[    1.176061]  ? __pfx_handle_softirqs+0x10/0x10
[    1.176242]  do_softirq+0x3e/0x60
[    1.176377]  </IRQ>
[    1.176466]  <TASK>
[    1.176554]  __local_bh_enable_ip+0x65/0x70
[    1.176723]  __dev_queue_xmit+0x94b/0x3320
[    1.176887]  ? __pfx_netif_rx_internal+0x10/0x10
[    1.177071]  ? __pfx___dev_queue_xmit+0x10/0x10
[    1.177250]  ? selinux_ip_postroute_compat+0x363/0x430
[    1.177452]  ? __pfx_selinux_ip_postroute_compat+0x10/0x10
[    1.177666]  ? netif_rx_internal+0x256/0x2e0
[    1.177841]  ? __local_bh_enable_ip+0x65/0x70
[    1.178015]  ? __dev_queue_xmit+0x94b/0x3320
[    1.178185]  ? selinux_ip_postroute+0x3fa/0xaf0
[    1.178369]  ip_finish_output2+0x71f/0x19a0
[    1.178535]  ? __pfx_ip_finish_output2+0x10/0x10
[    1.178721]  ? __kernel_text_address+0xd/0x40
[    1.178898]  __ip_finish_output.part.0+0x472/0x8e0
[    1.179088]  ? __pfx___ip_finish_output.part.0+0x10/0x10
[    1.179296]  ? nf_hook_slow+0xa5/0x1c0
[    1.179448]  ip_output+0x260/0x4e0
[    1.179618]  ? __pfx_ip_output+0x10/0x10
[    1.179791]  ? __pfx_ip_finish_output+0x10/0x10
[    1.179971]  ? kmem_cache_alloc_node_noprof+0xf2/0x330
[    1.180174]  ? ipv4_dst_check+0x10a/0x160
[    1.180334]  __ip_queue_xmit+0xcff/0x1d10
[    1.180494]  ? __tcp_select_window+0xf8/0xe60
[    1.180668]  ? __skb_clone+0x550/0x740
[    1.180822]  __tcp_transmit_skb+0x2425/0x3910
[    1.180995]  ? __pfx___tcp_transmit_skb+0x10/0x10
[    1.181182]  ? kmem_cache_alloc_node_noprof+0xf2/0x330
[    1.181384]  ? kasan_save_track+0x14/0x30
[    1.181543]  tcp_write_xmit+0x11ad/0x7440
[    1.181702]  ? skb_page_frag_refill+0x55/0x430
[    1.181884]  __tcp_push_pending_frames+0x8f/0x2f0
[    1.182070]  tcp_sendmsg_locked+0x1594/0x3bb0
[    1.182245]  ? tcp_check_space+0x540/0x5f0
[    1.182409]  ? kasan_save_track+0x14/0x30
[    1.182568]  ? __pfx_tcp_sendmsg_locked+0x10/0x10
[    1.182756]  ? __pfx_selinux_socket_sendmsg+0x10/0x10
[    1.182957]  ? _raw_spin_lock_bh+0x83/0xe0
[    1.183120]  ? avc_has_perm+0xfa/0x250
[    1.183270]  tcp_sendmsg+0x26/0x40
[    1.183408]  sock_write_iter+0x3fe/0x530
[    1.183565]  ? __pfx_sock_write_iter+0x10/0x10
[    1.183744]  ? release_sock+0xb3/0x180
[    1.183897]  vfs_write+0xa63/0xd80
[    1.184035]  ? __pfx_tls_setsockopt+0x10/0x10
[    1.184208]  ? __pfx_vfs_write+0x10/0x10
[    1.184364]  ? fdget_pos+0x53/0x4b0
[    1.184506]  ksys_write+0x17c/0x1c0
[    1.184646]  ? __pfx_ksys_write+0x10/0x10
[    1.184810]  do_syscall_64+0xa8/0x270
[    1.184957]  entry_SYSCALL_64_after_hwframe+0x77/0x7f
[    1.185156] RIP: 0033:0x438ce0
[    1.185281] Code: 40 00 48 c7 c2 b8 ff ff ff f7 d8 64 89 02 48 c7 c0 ff ff ff ff eb b7 0f 1f 00 80 3d 81 e3 06 00 00 74 17 b8 01 00 00 00 0f 05 <48> 3d 00 f0 ff ff 77 58 c3 0f 1f 80 00 00 00 00 48 83 ec 28 48 89
[    1.185986] RSP: 002b:00007ffc6e9e36f8 EFLAGS: 00000202 ORIG_RAX: 0000000000000001
[    1.186280] RAX: ffffffffffffffda RBX: 0000000000000003 RCX: 0000000000438ce0
[    1.186558] RDX: 000000000000001d RSI: 00007ffc6e9e3730 RDI: 0000000000000004
[    1.186839] RBP: 0000000000000004 R08: 0000000000000028 R09: 00007ffc6e9e2997
[    1.187118] R10: 00007ffc6e9e3bf0 R11: 0000000000000202 R12: 0000000000000005
[    1.187404] R13: 00007ffc6e9e3bf0 R14: 0000000000000001 R15: 0000000000000001
[    1.187689]  </TASK>
[    1.187785] ---[ end trace 0000000000000000 ]---
poc: first read n=11 errno=0
poc: recvmsg n=0 errno=0
poc: iter=2
poc: first read n=11 errno=0
poc: recvmsg n=0 errno=0
poc: iter=3
poc: first read n=11 errno=0
poc: recvmsg n=0 errno=0
poc: done (no crash observed)
[    1.189100] poc (69) used greatest stack depth: 27344 bytes left
---- poc end rc=0 ----
secb: poc exited without crashing the kernel
[    1.191954] Oops: general protection fault, probably for non-canonical address 0xec4aa14a5e22e570: 0000 [#1] SMP KASAN NOPTI
[    1.192391] KASAN: maybe wild-memory-access in range [0x62552a52f1172b80-0x62552a52f1172b87]
[    1.192720] CPU: 0 UID: 0 PID: 14 Comm: ksoftirqd/0 Tainted: G    B   W           6.17.0-rc1-00176-g9f6b606b6b37-dirty #1 PREEMPT(voluntary) 
[    1.193205] Tainted: [B]=BAD_PAGE, [W]=WARN
[    1.193370] Hardware name: QEMU Standard PC (i440FX + PIIX, 1996), BIOS 1.16.2-debian-1.16.2-1 04/01/2014
[    1.193737] RIP: 0010:inet_sock_destruct+0x9c/0x7c0
[    1.193931] Code: 4d 01 fd 41 0f b6 45 00 84 c0 74 08 3c 03 0f 8e 4d 05 00 00 8b 83 b8 00 00 00 83 e8 01 89 83 b8 00 00 00 48 89 f0 48 c1 e8 03 <42> 80 3c 38 00 0f 85 ff 05 00 00 48 8d 7e 08 48 8b 16 48 89 f8 48
[    1.194639] RSP: 0018:ffffc900000efbf8 EFLAGS: 00010203
[    1.194846] RAX: 0c4aa54a5e22e570 RBX: ffff88800a578000 RCX: ffff88800a5782e0
[    1.195123] RDX: 1ffff110014af015 RSI: 62552a52f1172b86 RDI: ffff88800a578000
[    1.195400] RBP: ffff88800a5780a8 R08: 0000000000000000 R09: fffffbfff0b15e6a
[    1.195677] R10: ffff888006f06780 R11: 00000000b98cb4ec R12: ffffed10014af015
[    1.195957] R13: ffffed10014af017 R14: ffff88800a5780b8 R15: dffffc0000000000
[    1.196238] FS:  0000000000000000(0000) GS:ffff8880e690e000(0000) knlGS:0000000000000000
[    1.196555] CS:  0010 DS: 0000 ES: 0000 CR0: 0000000080050033
[    1.196788] CR2: 0000000000579304 CR3: 000000000a004005 CR4: 0000000000770ef0
[    1.197070] PKRU: 55555554
[    1.197183] Call Trace:
[    1.197287]  <TASK>
[    1.197378]  __sk_destruct+0x6c/0x590
[    1.197530]  rcu_core+0x605/0x1a30
[    1.197674]  ? __pfx_rcu_core+0x10/0x10
[    1.197831]  ? __pfx___schedule+0x10/0x10
[    1.197994]  handle_softirqs+0x1b5/0x5c0
[    1.198155]  ? __pfx_handle_softirqs+0x10/0x10
[    1.198336]  ? __pfx_run_ksoftirqd+0x10/0x10
[    1.198511]  run_ksoftirqd+0x22/0x30
[    1.198658]  smpboot_thread_fn+0x2fc/0x780
[    1.198826]  ? __pfx_smpboot_thread_fn+0x10/0x10
[    1.199012]  kthread+0x327/0x630
[    1.199147]  ? __pfx_kthread+0x10/0x10
[    1.199300]  ? __pfx__raw_spin_lock_irq+0x10/0x10
[    1.199490]  ? __pfx_kthread+0x10/0x10
[    1.199643]  ret_from_fork+0xff/0x1a0
[    1.199794]  ? __pfx_kthread+0x10/0x10
[    1.199946]  ret_from_fork_asm+0x1a/0x30
[    1.200107]  </TASK>
[    1.200200] Modules linked in:
[    1.200331] ---[ end trace 0000000000000000 ]---
[    1.200518] RIP: 0010:inet_sock_destruct+0x9c/0x7c0
[    1.200716] Code: 4d 01 fd 41 0f b6 45 00 84 c0 74 08 3c 03 0f 8e 4d 05 00 00 8b 83 b8 00 00 00 83 e8 01 89 83 b8 00 00 00 48 89 f0 48 c1 e8 03 <42> 80 3c 38 00 0f 85 ff 05 00 00 48 8d 7e 08 48 8b 16 48 89 f8 48
[    1.201426] RSP: 0018:ffffc900000efbf8 EFLAGS: 00010203
[    1.201631] RAX: 0c4aa54a5e22e570 RBX: ffff88800a578000 RCX: ffff88800a5782e0
[    1.201912] RDX: 1ffff110014af015 RSI: 62552a52f1172b86 RDI: ffff88800a578000
[    1.202190] RBP: ffff88800a5780a8 R08: 0000000000000000 R09: fffffbfff0b15e6a
[    1.202467] R10: ffff888006f06780 R11: 00000000b98cb4ec R12: ffffed10014af015
[    1.202746] R13: ffffed10014af017 R14: ffff88800a5780b8 R15: dffffc0000000000
[    1.203024] FS:  0000000000000000(0000) GS:ffff8880e690e000(0000) knlGS:0000000000000000
[    1.203336] CS:  0010 DS: 0000 ES: 0000 CR0: 0000000080050033
[    1.203562] CR2: 0000000000579304 CR3: 000000000a004005 CR4: 0000000000770ef0
[    1.203842] PKRU: 55555554
[    1.203953] Kernel panic - not syncing: Fatal exception in interrupt
[    1.204259] Kernel Offset: disabled
CONFIRMED: KASAN_UAF
