bash: warning: setlocale: LC_ALL: cannot change locale (en_US.UTF-8)
c[?7l[2J[0mSeaBIOS (version 1.16.2-debian-1.16.2-1)
Booting from ROM..c[?7l[2J[0m.early console in extract_kernel
input_data: 0x000000000f1182a3
input_len: 0x0000000005cce288
output: 0x0000000001000000
output_len: 0x0000000011fb2bc0
kernel_total_size: 0x0000000013e26000
needed_size: 0x0000000014000000
trampoline_32bit: 0x0000000000000000

Decompressing Linux... Parsing ELF... done.
Booting the kernel (entry_offset: 0x000000000000007a).
[    0.000000][    T0] Linux version 6.10.0-rc2-00012-gbc06bc66d83e-dirty (root@buildkitsandbox) (gcc (Debian 12.2.0-14+deb12u1) 12.2.0, GNU ld (GNU Binutils for Debian) 2.40) #2 SMP PREEMPT_DYNAMIC Mon May 25 15:00:38 UTC 2026
[    0.000000][    T0] Command line: console=ttyS0 oops=panic panic=86400 nokaslr earlyprintk=serial rdinit=/init
[    0.000000][    T0] KERNEL supported cpus:
[    0.000000][    T0]   Intel GenuineIntel
[    0.000000][    T0]   AMD AuthenticAMD
[    0.000000][    T0] BIOS-provided physical RAM map:
[    0.000000][    T0] BIOS-e820: [mem 0x0000000000000000-0x000000000009fbff] usable
[    0.000000][    T0] BIOS-e820: [mem 0x000000000009fc00-0x000000000009ffff] reserved
[    0.000000][    T0] BIOS-e820: [mem 0x00000000000f0000-0x00000000000fffff] reserved
[    0.000000][    T0] BIOS-e820: [mem 0x0000000000100000-0x000000007ffdffff] usable
[    0.000000][    T0] BIOS-e820: [mem 0x000000007ffe0000-0x000000007fffffff] reserved
[    0.000000][    T0] BIOS-e820: [mem 0x00000000feffc000-0x00000000feffffff] reserved
[    0.000000][    T0] BIOS-e820: [mem 0x00000000fffc0000-0x00000000ffffffff] reserved
[    0.000000][    T0] BIOS-e820: [mem 0x000000fd00000000-0x000000ffffffffff] reserved
[    0.000000][    T0] printk: legacy bootconsole [earlyser0] enabled
[    0.000000][    T0] NX (Execute Disable) protection: active
[    0.000000][    T0] APIC: Static calls initialized
[    0.000000][    T0] SMBIOS 2.8 present.
[    0.000000][    T0] DMI: QEMU Standard PC (i440FX + PIIX, 1996), BIOS 1.16.2-debian-1.16.2-1 04/01/2014
[    0.000000][    T0] DMI: Memory slots populated: 1/1
[    0.000000][    T0] Hypervisor detected: KVM
[    0.000000][    T0] kvm-clock: Using msrs 4b564d01 and 4b564d00
[    0.000002][    T0] kvm-clock: using sched offset of 1062219356 cycles
[    0.000663][    T0] clocksource: kvm-clock: mask: 0xffffffffffffffff max_cycles: 0x1cd42e4dffb, max_idle_ns: 881590591483 ns
[    0.002637][    T0] tsc: Detected 3493.436 MHz processor
[    0.012029][    T0] last_pfn = 0x7ffe0 max_arch_pfn = 0x400000000
[    0.012744][    T0] MTRR map: 4 entries (3 fixed + 1 variable; max 19), built from 8 variable MTRRs
[    0.013746][    T0] x86/PAT: Configuration [0-7]: WB  WC  UC- UC  WB  WP  UC- WT  
[    0.017686][    T0] found SMP MP-table at [mem 0x000f5ba0-0x000f5baf]
[    0.018419][    T0] Using GB pages for direct mapping
[    0.020855][    T0] RAMDISK: [mem 0x7fe80000-0x7ffdffff]
[    0.021455][    T0] ACPI: Early table checksum verification disabled
[    0.022161][    T0] ACPI: RSDP 0x00000000000F59D0 000014 (v00 BOCHS )
[    0.022901][    T0] ACPI: RSDT 0x000000007FFE1B33 000034 (v01 BOCHS  BXPC     00000001 BXPC 00000001)
[    0.023942][    T0] ACPI: FACP 0x000000007FFE19DF 000074 (v01 BOCHS  BXPC     00000001 BXPC 00000001)
[    0.024995][    T0] ACPI: DSDT 0x000000007FFE0040 00199F (v01 BOCHS  BXPC     00000001 BXPC 00000001)
[    0.026038][    T0] ACPI: FACS 0x000000007FFE0000 000040
[    0.026644][    T0] ACPI: APIC 0x000000007FFE1A53 000080 (v01 BOCHS  BXPC     00000001 BXPC 00000001)
[    0.027679][    T0] ACPI: HPET 0x000000007FFE1AD3 000038 (v01 BOCHS  BXPC     00000001 BXPC 00000001)
[    0.028715][    T0] ACPI: WAET 0x000000007FFE1B0B 000028 (v01 BOCHS  BXPC     00000001 BXPC 00000001)
[    0.029798][    T0] ACPI: Reserving FACP table memory at [mem 0x7ffe19df-0x7ffe1a52]
[    0.030655][    T0] ACPI: Reserving DSDT table memory at [mem 0x7ffe0040-0x7ffe19de]
[    0.031513][    T0] ACPI: Reserving FACS table memory at [mem 0x7ffe0000-0x7ffe003f]
[    0.032370][    T0] ACPI: Reserving APIC table memory at [mem 0x7ffe1a53-0x7ffe1ad2]
[    0.033233][    T0] ACPI: Reserving HPET table memory at [mem 0x7ffe1ad3-0x7ffe1b0a]
[    0.034089][    T0] ACPI: Reserving WAET table memory at [mem 0x7ffe1b0b-0x7ffe1b32]
[    0.035736][    T0] No NUMA configuration found
[    0.036242][    T0] Faking a node at [mem 0x0000000000000000-0x000000007ffdffff]
[    0.037071][    T0] NODE_DATA(0) allocated [mem 0x7fe79e00-0x7fe7fdff]
[    0.041260][    T0] Zone ranges:
[    0.041657][    T0]   DMA      [mem 0x0000000000001000-0x0000000000ffffff]
[    0.042424][    T0]   DMA32    [mem 0x0000000001000000-0x000000007ffdffff]
[    0.043190][    T0]   Normal   empty
[    0.043597][    T0]   Device   empty
[    0.043999][    T0] Movable zone start for each node
[    0.044551][    T0] Early memory node ranges
[    0.045062][    T0]   node   0: [mem 0x0000000000001000-0x000000000009efff]
[    0.045835][    T0]   node   0: [mem 0x0000000000100000-0x000000007ffdffff]
[    0.046610][    T0] Initmem setup node 0 [mem 0x0000000000001000-0x000000007ffdffff]
[    0.047494][    T0] On node 0, zone DMA: 1 pages in unavailable ranges
[    0.048414][    T0] On node 0, zone DMA: 97 pages in unavailable ranges
[    0.071809][    T0] On node 0, zone DMA32: 32 pages in unavailable ranges
[    0.107170][    T0] kasan: KernelAddressSanitizer initialized
[    0.108109][    T0] ACPI: PM-Timer IO Port: 0x608
[    0.108653][    T0] ACPI: LAPIC_NMI (acpi_id[0xff] dfl dfl lint[0x1])
[    0.109414][    T0] IOAPIC[0]: apic_id 0, version 17, address 0xfec00000, GSI 0-23
[    0.110265][    T0] ACPI: INT_SRC_OVR (bus 0 bus_irq 0 global_irq 2 dfl dfl)
[    0.111050][    T0] ACPI: INT_SRC_OVR (bus 0 bus_irq 5 global_irq 5 high level)
[    0.111861][    T0] ACPI: INT_SRC_OVR (bus 0 bus_irq 9 global_irq 9 high level)
[    0.112673][    T0] ACPI: INT_SRC_OVR (bus 0 bus_irq 10 global_irq 10 high level)
[    0.113509][    T0] ACPI: INT_SRC_OVR (bus 0 bus_irq 11 global_irq 11 high level)
[    0.114353][    T0] ACPI: Using ACPI (MADT) for SMP configuration information
[    0.115141][    T0] ACPI: HPET id: 0x8086a201 base: 0xfed00000
[    0.115793][    T0] TSC deadline timer available
[    0.116313][    T0] CPU topo: Max. logical packages:   1
[    0.116908][    T0] CPU topo: Max. logical dies:       1
[    0.117499][    T0] CPU topo: Max. dies per package:   1
[    0.118096][    T0] CPU topo: Max. threads per core:   1
[    0.118687][    T0] CPU topo: Num. cores per package:     2
[    0.119304][    T0] CPU topo: Num. threads per package:   2
[    0.119924][    T0] CPU topo: Allowing 2 present CPUs plus 0 hotplug CPUs
[    0.120717][    T0] kvm-guest: APIC: eoi() replaced with kvm_guest_apic_eoi_write()
[    0.121606][    T0] kvm-guest: KVM setup pv remote TLB flush
[    0.122236][    T0] kvm-guest: setup PV sched yield
[    0.122811][    T0] PM: hibernation: Registered nosave memory: [mem 0x00000000-0x00000fff]
[    0.123731][    T0] PM: hibernation: Registered nosave memory: [mem 0x0009f000-0x0009ffff]
[    0.124645][    T0] PM: hibernation: Registered nosave memory: [mem 0x000a0000-0x000effff]
[    0.125565][    T0] PM: hibernation: Registered nosave memory: [mem 0x000f0000-0x000fffff]
[    0.126483][    T0] [mem 0x80000000-0xfeffbfff] available for PCI devices
[    0.127235][    T0] Booting paravirtualized kernel on KVM
[    0.127839][    T0] clocksource: refined-jiffies: mask: 0xffffffff max_cycles: 0xffffffff, max_idle_ns: 19112604462750000 ns
[    0.303974][    T0] setup_percpu: NR_CPUS:8 nr_cpumask_bits:2 nr_cpu_ids:2 nr_node_ids:1
[    0.305164][    T0] percpu: Embedded 74 pages/cpu s264648 r8192 d30264 u1048576
[    0.306121][    T0] kvm-guest: PV spinlocks enabled
[    0.306689][    T0] PV qspinlock hash table entries: 256 (order: 0, 4096 bytes, linear)
[    0.307618][    T0] Kernel command line: console=ttyS0 oops=panic panic=86400 nokaslr earlyprintk=serial rdinit=/init
[    0.309278][    T0] random: crng init done
[    0.309988][    T0] Dentry cache hash table entries: 262144 (order: 9, 2097152 bytes, linear)
[    0.311027][    T0] Inode-cache hash table entries: 131072 (order: 8, 1048576 bytes, linear)
[    0.312173][    T0] Fallback order for Node 0: 0 
[    0.312184][    T0] Built 1 zonelists, mobility grouping on.  Total pages: 524158
[    0.313595][    T0] Policy zone: DMA32
[    0.314274][    T0] mem auto-init: stack:all(zero), heap alloc:on, heap free:off, mlocked free:off
[    0.315309][    T0] stackdepot: allocating hash table via alloc_large_system_hash
[    0.316170][    T0] stackdepot hash table entries: 1048576 (order: 12, 16777216 bytes, linear)
[    0.452452][    T0] Memory: 1410416K/2096632K available (163840K kernel code, 39084K rwdata, 36928K rodata, 25772K init, 35128K bss, 685960K reserved, 0K cma-reserved)
[    0.455252][    T0] SLUB: HWalign=64, Order=0-3, MinObjects=0, CPUs=2, Nodes=1
[    0.462494][    T0] allocated 4194304 bytes of page_ext
[    0.463815][    T0] Dynamic Preempt: full
[    0.465143][    T0] Running RCU self tests
[    0.465630][    T0] Running RCU synchronous self tests
[    0.466241][    T0] rcu: Preemptible hierarchical RCU implementation.
[    0.466985][    T0] rcu: 	RCU lockdep checking is enabled.
[    0.467624][    T0] rcu: 	RCU restricting CPUs from NR_CPUS=8 to nr_cpu_ids=2.
[    0.468458][    T0] rcu: 	RCU callback double-/use-after-free debug is enabled.
[    0.469303][    T0] rcu: 	RCU debug extended QS entry/exit.
[    0.469944][    T0] 	Trampoline variant of Tasks RCU enabled.
[    0.470604][    T0] 	Tracing variant of Tasks RCU enabled.
[    0.471230][    T0] rcu: RCU calculated value of scheduler-enlistment delay is 10 jiffies.
[    0.472176][    T0] rcu: Adjusting geometry for rcu_fanout_leaf=16, nr_cpu_ids=2
[    0.473152][    T0] Running RCU synchronous self tests
[    0.473751][    T0] RCU Tasks: Setting shift to 1 and lim to 1 rcu_task_cb_adjust=1.
[    0.474636][    T0] RCU Tasks Trace: Setting shift to 1 and lim to 1 rcu_task_cb_adjust=1.
[    0.590030][    T0] NR_IRQS: 4352, nr_irqs: 440, preallocated irqs: 16
[    0.591654][    T0] rcu: srcu_init: Setting srcu_struct sizes based on contention.
[    0.592830][    T0] kfence: initialized - using 2097152 bytes for 255 objects at 0x(____ptrval____)-0x(____ptrval____)
[    0.602002][    T0] Console: colour VGA+ 80x25
[    0.602748][    T0] printk: legacy console [ttyS0] enabled
[    0.602748][    T0] printk: legacy console [ttyS0] enabled
[    0.604012][    T0] printk: legacy bootconsole [earlyser0] disabled
[    0.604012][    T0] printk: legacy bootconsole [earlyser0] disabled
[    0.605501][    T0] Lock dependency validator: Copyright (c) 2006 Red Hat, Inc., Ingo Molnar
[    0.606469][    T0] ... MAX_LOCKDEP_SUBCLASSES:  8
[    0.607024][    T0] ... MAX_LOCK_DEPTH:          48
[    0.607588][    T0] ... MAX_LOCKDEP_KEYS:        8192
[    0.608173][    T0] ... CLASSHASH_SIZE:          4096
[    0.608757][    T0] ... MAX_LOCKDEP_ENTRIES:     131072
[    0.609367][    T0] ... MAX_LOCKDEP_CHAINS:      262144
[    0.609979][    T0] ... CHAINHASH_SIZE:          131072
[    0.610583][    T0]  memory used by lock dependency info: 20721 kB
[    0.611298][    T0]  memory used for stack traces: 8320 kB
[    0.611931][    T0]  per task-struct memory footprint: 1920 bytes
[    0.612745][    T0] ACPI: Core revision 20240322
[    0.614064][    T0] clocksource: hpet: mask: 0xffffffff max_cycles: 0xffffffff, max_idle_ns: 19112604467 ns
[    0.615569][    T0] APIC: Switch to symmetric I/O mode setup
[    0.616399][    T0] x2apic enabled
[    0.617308][    T0] APIC: Switched APIC routing to: physical x2apic
[    0.618040][    T0] kvm-guest: APIC: send_IPI_mask() replaced with kvm_send_ipi_mask()
[    0.618958][    T0] kvm-guest: APIC: send_IPI_mask_allbutself() replaced with kvm_send_ipi_mask_allbutself()
[    0.620085][    T0] kvm-guest: setup PV IPIs
[    0.622387][    T0] ..TIMER: vector=0x30 apic1=0 pin1=2 apic2=-1 pin2=-1
[    0.623176][    T0] tsc: Marking TSC unstable due to TSCs unsynchronized
[    0.623947][    T0] Calibrating delay loop (skipped) preset value.. 6986.87 BogoMIPS (lpj=34934360)
[    0.625039][    T0] x86/cpu: User Mode Instruction Prevention (UMIP) activated
[    0.634166][    T0] Last level iTLB entries: 4KB 512, 2MB 255, 4MB 127
[    0.634902][    T0] Last level dTLB entries: 4KB 512, 2MB 255, 4MB 127, 1GB 0
[    0.635715][    T0] Spectre V1 : Mitigation: usercopy/swapgs barriers and __user pointer sanitization
[    0.636744][    T0] Spectre V2 : Mitigation: Retpolines
[    0.637339][    T0] Spectre V2 : Spectre v2 / SpectreRSB mitigation: Filling RSB on context switch
[    0.638332][    T0] Spectre V2 : Spectre v2 / SpectreRSB : Filling RSB on VMEXIT
[    0.639155][    T0] Spectre V2 : Enabling Speculation Barrier for firmware calls
[    0.639979][    T0] RETBleed: Mitigation: untrained return thunk
[    0.640658][    T0] Spectre V2 : mitigation: Enabling conditional Indirect Branch Prediction Barrier
[    0.641682][    T0] Speculative Store Bypass: Mitigation: Speculative Store Bypass disabled via prctl
[    0.642707][    T0] Speculative Return Stack Overflow: IBPB-extending microcode not applied!
[    0.643932][    T0] Speculative Return Stack Overflow: WARNING: See https://kernel.org/doc/html/latest/admin-guide/hw-vuln/srso.html for mitigation options.
[    0.643939][    T0] Speculative Return Stack Overflow: Vulnerable: Safe RET, no microcode
[    0.646431][    T0] x86/fpu: Supporting XSAVE feature 0x001: 'x87 floating point registers'
[    0.647353][    T0] x86/fpu: Supporting XSAVE feature 0x002: 'SSE registers'
[    0.648132][    T0] x86/fpu: Supporting XSAVE feature 0x004: 'AVX registers'
[    0.648910][    T0] x86/fpu: xstate_offset[2]:  576, xstate_sizes[2]:  256
[    0.649685][    T0] x86/fpu: Enabled xstate features 0x7, context size is 832 bytes, using 'compacted' format.
[    0.939117][    T0] Freeing SMP alternatives memory: 120K
[    0.939789][    T0] pid_max: default: 32768 minimum: 301
[    0.941227][    T0] LSM: initializing lsm=lockdown,capability,landlock,yama,safesetid,tomoyo,smack,bpf,ima,evm
[    0.942735][    T0] landlock: Up and running.
[    0.943244][    T0] Yama: becoming mindful.
[    0.944092][    T0] TOMOYO Linux initialized
[    0.944854][    T0] Smack:  Initializing.
[    0.945324][    T0] Smack:  Netfilter enabled.
[    0.945844][    T0] Smack:  IPv6 Netfilter enabled.
[    0.946484][    T0] LSM support for eBPF active
[    0.948178][    T0] Mount-cache hash table entries: 4096 (order: 3, 32768 bytes, linear)
[    0.949118][    T0] Mountpoint-cache hash table entries: 4096 (order: 3, 32768 bytes, linear)
[    0.962217][    T0] Running RCU synchronous self tests
[    0.962823][    T0] Running RCU synchronous self tests
[    0.965386][    T1] smpboot: CPU0: AMD Ryzen Threadripper PRO 3975WX 32-Cores (family: 0x17, model: 0x31, stepping: 0x0)
[    0.997596][    T1] Running RCU Tasks wait API self tests
[    0.998761][    T1] Running RCU Tasks Trace wait API self tests
[    0.999683][    T1] Performance Events: Fam17h+ core perfctr, AMD PMU driver.
[    1.000748][    T1] ... version:                0
[    1.001296][    T1] ... bit width:              48
[    1.001851][    T1] ... generic registers:      6
[    1.002398][    T1] ... value mask:             0000ffffffffffff
[    1.003086][    T1] ... max period:             00007fffffffffff
[    1.003790][    T1] ... fixed-purpose events:   0
[    1.003942][    T1] ... event mask:             000000000000003f
[    1.005764][    T1] signal: max sigframe size: 1776
[    1.007184][    T1] rcu: Hierarchical SRCU implementation.
[    1.007828][    T1] rcu: 	Max phase no-delay instances is 1000.
[    1.014727][   T15] Callback from call_rcu_tasks_trace() invoked.
[    1.085160][    T1] smp: Bringing up secondary CPUs ...
[    1.090159][    T1] smpboot: x86: Booting SMP configuration:
[    1.090921][    T1] .... node  #0, CPUs:      #1
[    1.094100][    T1] smp: Brought up 1 node, 2 CPUs
[    1.094624][    T1] smpboot: Total of 2 processors activated (13973.74 BogoMIPS)
[    1.104987][    T1] devtmpfs: initialized
[    1.107019][    T1] x86/mm: Memory block size: 128MB
[    1.156620][    T1] Running RCU synchronous self tests
[    1.156968][    T1] Running RCU synchronous self tests
[    1.164046][    T1] clocksource: jiffies: mask: 0xffffffff max_cycles: 0xffffffff, max_idle_ns: 19112604462750000 ns
[    1.166365][    T1] futex hash table entries: 512 (order: 4, 65536 bytes, linear)
[    1.183938][    T1] PM: RTC time: 15:01:58, date: 2026-05-25
[    1.199264][    T1] NET: Registered PF_NETLINK/PF_ROUTE protocol family
[    1.214636][   T14] Callback from call_rcu_tasks() invoked.
[    1.214636][    T1] audit: initializing netlink subsys (disabled)
[    1.214791][   T29] audit: type=2000 audit(1779721318.739:1): state=initialized audit_enabled=0 res=1
[    1.234669][    T1] thermal_sys: Registered thermal governor 'step_wise'
[    1.234702][    T1] thermal_sys: Registered thermal governor 'user_space'
[    1.236348][    T1] cpuidle: using governor menu
[    1.236348][    T1] NET: Registered PF_QIPCRTR protocol family
[    1.246573][    T1] dca service started, version 1.12.1
[    1.247540][    T1] PCI: Using configuration type 1 for base access
[    1.248276][    T1] PCI: Using configuration type 1 for extended access
[    1.254136][    T1] HugeTLB: registered 1.00 GiB page size, pre-allocated 0 pages
[    1.254136][    T1] HugeTLB: 16380 KiB vmemmap can be freed for a 1.00 GiB page
[    1.254136][    T1] HugeTLB: registered 2.00 MiB page size, pre-allocated 0 pages
[    1.254136][    T1] HugeTLB: 28 KiB vmemmap can be freed for a 2.00 MiB page
[    1.274835][    T1] Demotion targets for Node 0: null
[    1.307087][    T1] cryptd: max_cpu_qlen set to 1000
[    1.335097][    T1] raid6: skipped pq benchmark and selected avx2x4
[    1.336567][    T1] raid6: using avx2x2 recovery algorithm
[    1.344385][    T1] ACPI: Added _OSI(Module Device)
[    1.345544][    T1] ACPI: Added _OSI(Processor Device)
[    1.346620][    T1] ACPI: Added _OSI(3.0 _SCP Extensions)
[    1.347727][    T1] ACPI: Added _OSI(Processor Aggregator Device)
[    1.575251][    T1] ACPI: 1 ACPI AML tables successfully acquired and loaded
[    1.666431][    T1] ACPI: _OSC evaluation for CPUs failed, trying _PDC
[    1.681133][    T1] ACPI: Interpreter enabled
[    1.682739][    T1] ACPI: PM: (supports S0 S3 S4 S5)
[    1.683390][    T1] ACPI: Using IOAPIC for interrupt routing
[    1.694594][    T1] PCI: Using host bridge windows from ACPI; if necessary, use "pci=nocrs" and report a bug
[    1.695715][    T1] PCI: Using E820 reservations for host bridge windows
[    1.708854][    T1] ACPI: Enabled 2 GPEs in block 00 to 0F
[    2.129716][    T1] ACPI: PCI Root Bridge [PCI0] (domain 0000 [bus 00-ff])
[    2.130849][    T1] acpi PNP0A03:00: _OSC: OS supports [ExtendedConfig ASPM ClockPM Segments MSI HPX-Type3]
[    2.140631][    T1] PCI host bridge to bus 0000:00
[    2.141239][    T1] pci_bus 0000:00: root bus resource [io  0x0000-0x0cf7 window]
[    2.142149][    T1] pci_bus 0000:00: root bus resource [io  0x0d00-0xffff window]
[    2.143058][    T1] pci_bus 0000:00: root bus resource [mem 0x000a0000-0x000bffff window]
[    2.143980][    T1] pci_bus 0000:00: root bus resource [mem 0x80000000-0xfebfffff window]
[    2.144965][    T1] pci_bus 0000:00: root bus resource [mem 0x100000000-0x17fffffff window]
[    2.145975][    T1] pci_bus 0000:00: root bus resource [bus 00-ff]
[    2.148281][    T1] pci 0000:00:00.0: [8086:1237] type 00 class 0x060000 conventional PCI endpoint
[    2.296408][    T1] pci 0000:00:01.0: [8086:7000] type 00 class 0x060100 conventional PCI endpoint
[    2.441511][    T1] pci 0000:00:01.1: [8086:7010] type 00 class 0x010180 conventional PCI endpoint
[    2.444106][    T1] pci 0000:00:01.1: BAR 4 [io  0xc000-0xc00f]
[    2.445479][    T1] pci 0000:00:01.1: BAR 0 [io  0x01f0-0x01f7]: legacy IDE quirk
[    2.446389][    T1] pci 0000:00:01.1: BAR 1 [io  0x03f6]: legacy IDE quirk
[    2.447205][    T1] pci 0000:00:01.1: BAR 2 [io  0x0170-0x0177]: legacy IDE quirk
[    2.448078][    T1] pci 0000:00:01.1: BAR 3 [io  0x0376]: legacy IDE quirk
[    2.452029][    T1] pci 0000:00:01.3: [8086:7113] type 00 class 0x068000 conventional PCI endpoint
[    2.454150][    T1] pci 0000:00:01.3: quirk: [io  0x0600-0x063f] claimed by PIIX4 ACPI
[    2.455086][    T1] pci 0000:00:01.3: quirk: [io  0x0700-0x070f] claimed by PIIX4 SMB
[    2.458779][    T1] pci 0000:00:02.0: [1234:1111] type 00 class 0x030000 conventional PCI endpoint
[    2.460958][    T1] pci 0000:00:02.0: BAR 0 [mem 0xfd000000-0xfdffffff pref]
[    2.463120][    T1] pci 0000:00:02.0: BAR 2 [mem 0xfebf0000-0xfebf0fff]
[    2.466376][    T1] pci 0000:00:02.0: ROM [mem 0xfebe0000-0xfebeffff pref]
[    2.467675][    T1] pci 0000:00:02.0: Video device with shadowed ROM at [mem 0x000c0000-0x000dffff]
[    2.647221][    T1] ACPI: PCI: Interrupt link LNKA configured for IRQ 10
[    2.661456][    T1] ACPI: PCI: Interrupt link LNKB configured for IRQ 10
[    2.675615][    T1] ACPI: PCI: Interrupt link LNKC configured for IRQ 11
[    2.689591][    T1] ACPI: PCI: Interrupt link LNKD configured for IRQ 11
[    2.695515][    T1] ACPI: PCI: Interrupt link LNKS configured for IRQ 9
[    2.732468][    T1] iommu: Default domain type: Translated
[    2.733105][    T1] iommu: DMA domain TLB invalidation policy: lazy mode
[    2.745052][    T1] SCSI subsystem initialized
[    2.757163][    T1] ACPI: bus type USB registered
[    2.758797][    T1] usbcore: registered new interface driver usbfs
[    2.760042][    T1] usbcore: registered new interface driver hub
[    2.761411][    T1] usbcore: registered new device driver usb
[    2.766105][    T1] mc: Linux media interface: v0.10
[    2.767116][    T1] videodev: Linux video capture interface: v2.00
[    2.769409][    T1] pps_core: LinuxPPS API ver. 1 registered
[    2.770067][    T1] pps_core: Software ver. 5.3.6 - Copyright 2005-2007 Rodolfo Giometti <giometti@linux.it>
[    2.771397][    T1] PTP clock support registered
[    2.784223][    T1] EDAC MC: Ver: 3.0.0
[    2.792993][    T1] Advanced Linux Sound Architecture Driver Initialized.
[    2.806235][    T1] Bluetooth: Core ver 2.22
[    2.807247][    T1] NET: Registered PF_BLUETOOTH protocol family
[    2.808117][    T1] Bluetooth: HCI device and connection manager initialized
[    2.809226][    T1] Bluetooth: HCI socket layer initialized
[    2.810064][    T1] Bluetooth: L2CAP socket layer initialized
[    2.811081][    T1] Bluetooth: SCO socket layer initialized
[    2.812074][    T1] NET: Registered PF_ATMPVC protocol family
[    2.812902][    T1] NET: Registered PF_ATMSVC protocol family
[    2.814409][    T1] NetLabel: Initializing
[    2.815010][    T1] NetLabel:  domain hash size = 128
[    2.815741][    T1] NetLabel:  protocols = UNLABELED CIPSOv4 CALIPSO
[    2.817726][    T1] NetLabel:  unlabeled traffic allowed by default
[    2.823632][    T1] nfc: nfc_init: NFC Core ver 0.1
[    2.824733][    T1] NET: Registered PF_NFC protocol family
[    2.825757][    T1] PCI: Using ACPI for IRQ routing
[    2.828104][    T1] pci 0000:00:02.0: vgaarb: setting as boot VGA device
[    2.829167][    T1] pci 0000:00:02.0: vgaarb: bridge control possible
[    2.830105][    T1] pci 0000:00:02.0: vgaarb: VGA device added: decodes=io+mem,owns=io+mem,locks=none
[    2.831424][    T1] vgaarb: loaded
[    2.833794][    T1] hpet0: at MMIO 0xfed00000, IRQs 2, 8, 0
[    2.833954][    T1] hpet0: 3 comparators, 64-bit 100.000000 MHz counter
[    2.841218][    T1] clocksource: Switched to clocksource kvm-clock
[    2.844325][    T1] VFS: Disk quotas dquot_6.6.0
[    2.845033][    T1] VFS: Dquot-cache hash table entries: 512 (order 0, 4096 bytes)
[    2.855291][    T1] netfs: FS-Cache loaded
[    2.858442][    T1] CacheFiles: Loaded
[    2.860196][    T1] TOMOYO: 2.6.0
[    2.860700][    T1] Mandatory Access Control activated.
[    2.862473][    T1] pnp: PnP ACPI init
[    2.899869][    T1] pnp: PnP ACPI: found 6 devices
[    3.023243][    T1] clocksource: acpi_pm: mask: 0xffffff max_cycles: 0xffffff, max_idle_ns: 2085701024 ns
[    3.025990][    T1] NET: Registered PF_INET protocol family
[    3.027600][    T1] IP idents hash table entries: 32768 (order: 6, 262144 bytes, linear)
[    3.040121][    T1] tcp_listen_portaddr_hash hash table entries: 1024 (order: 4, 73728 bytes, linear)
[    3.041284][    T1] Table-perturb hash table entries: 65536 (order: 6, 262144 bytes, linear)
[    3.042871][    T1] TCP established hash table entries: 16384 (order: 5, 131072 bytes, linear)
[    3.046312][    T1] TCP bind hash table entries: 16384 (order: 9, 2359296 bytes, linear)
[    3.049315][    T1] TCP: Hash tables configured (established 16384 bind 16384)
[    3.052479][    T1] MPTCP token hash table entries: 2048 (order: 5, 180224 bytes, linear)
[    3.053904][    T1] UDP hash table entries: 1024 (order: 5, 163840 bytes, linear)
[    3.055088][    T1] UDP-Lite hash table entries: 1024 (order: 5, 163840 bytes, linear)
[    3.057553][    T1] NET: Registered PF_UNIX/PF_LOCAL protocol family
[    3.063760][    T1] RPC: Registered named UNIX socket transport module.
[    3.064635][    T1] RPC: Registered udp transport module.
[    3.065267][    T1] RPC: Registered tcp transport module.
[    3.065897][    T1] RPC: Registered tcp-with-tls transport module.
[    3.066627][    T1] RPC: Registered tcp NFSv4.1 backchannel transport module.
[    3.073268][    T1] NET: Registered PF_XDP protocol family
[    3.073944][    T1] pci_bus 0000:00: resource 4 [io  0x0000-0x0cf7 window]
[    3.074755][    T1] pci_bus 0000:00: resource 5 [io  0x0d00-0xffff window]
[    3.075570][    T1] pci_bus 0000:00: resource 6 [mem 0x000a0000-0x000bffff window]
[    3.076464][    T1] pci_bus 0000:00: resource 7 [mem 0x80000000-0xfebfffff window]
[    3.077354][    T1] pci_bus 0000:00: resource 8 [mem 0x100000000-0x17fffffff window]
[    3.081226][    T1] pci 0000:00:01.0: PIIX3: Enabling Passive Release
[    3.082026][    T1] pci 0000:00:00.0: Limiting direct PCI/PCI transfers
[    3.083024][    T1] PCI: CLS 0 bytes, default 64
[    3.091722][    T1] ACPI: bus type thunderbolt registered
[    3.101022][   T56] Trying to unpack rootfs image as initramfs...
[    3.102884][    T1] kvm_intel: VMX not supported by CPU 1
[    3.104127][    T1] kvm_amd: Nested Virtualization enabled
[    3.104860][    T1] kvm_amd: Nested Paging enabled
[    3.535856][   T56] Freeing initrd memory: 1408K
[    3.537662][   T78] kworker/u8:5 (78) used greatest stack depth: 28464 bytes left
[    3.538668][   T66] kworker/u8:2 (66) used greatest stack depth: 28416 bytes left
[    3.542799][   T71] kworker/u8:2 (71) used greatest stack depth: 27728 bytes left
[   12.129264][    T1] Initialise system trusted keyrings
[   12.133855][    T1] workingset: timestamp_bits=40 max_order=19 bucket_order=0
[   12.144814][    T1] DLM installed
[   12.160498][    T1] squashfs: version 4.0 (2009/01/31) Phillip Lougher
[   12.172119][    T1] NFS: Registering the id_resolver key type
[   12.172974][    T1] Key type id_resolver registered
[   12.173637][    T1] Key type id_legacy registered
[   12.174437][    T1] nfs4filelayout_init: NFSv4 File Layout Driver Registering...
[   12.175505][    T1] nfs4flexfilelayout_init: NFSv4 Flexfile Layout Driver Registering...
[   12.197252][    T1] Key type cifs.spnego registered
[   12.198280][    T1] Key type cifs.idmap registered
[   12.199459][    T1] ntfs3: Enabled Linux POSIX ACLs support
[   12.200116][    T1] ntfs3: Read-only LZX/Xpress compression included
[   12.201098][    T1] efs: 1.0a - http://aeschi.ch.eu.org/efs/
[   12.201885][    T1] jffs2: version 2.2. (NAND) (SUMMARY)  © 2001-2006 Red Hat, Inc.
[   12.204427][    T1] romfs: ROMFS MTD (C) 2007 Red Hat, Inc.
[   12.205233][    T1] QNX4 filesystem 0.2.3 registered.
[   12.205906][    T1] qnx6: QNX6 filesystem 1.0.0 registered.
[   12.207983][    T1] fuse: init (API version 7.40)
[   12.213366][    T1] orangefs_debugfs_init: called with debug mask: :none: :0:
[   12.216089][    T1] orangefs_init: module version upstream loaded
[   12.218402][    T1] JFS: nTxBlock = 8192, nTxLock = 65536
[   12.232882][    T1] SGI XFS with ACLs, security attributes, realtime, quota, no debug enabled
[   12.238714][    T1] 9p: Installing v9fs 9p2000 file system support
[   12.240040][    T1] NILFS version 2 loaded
[   12.240533][    T1] befs: version: 0.9.3
[   12.242215][    T1] ocfs2: Registered cluster interface o2cb
[   12.244455][    T1] ocfs2: Registered cluster interface user
[   12.245788][    T1] OCFS2 User DLM kernel interface loaded
[   12.285268][    T1] gfs2: GFS2 installed
[   12.300297][    T1] ceph: loaded (mds proto 32)
[   12.346204][    T1] NET: Registered PF_ALG protocol family
[   12.347174][    T1] xor: automatically using best checksumming function   avx       
[   12.348171][    T1] async_tx: api initialized (async)
[   12.348786][    T1] Key type asymmetric registered
[   12.349419][    T1] Asymmetric key parser 'x509' registered
[   12.350178][    T1] Asymmetric key parser 'pkcs8' registered
[   12.350853][    T1] Key type pkcs7_test registered
[   12.352185][    T1] Block layer SCSI generic (bsg) driver version 0.4 loaded (major 239)
[   12.354276][    T1] io scheduler mq-deadline registered
[   12.354904][    T1] io scheduler kyber registered
[   12.355711][    T1] io scheduler bfq registered
[   12.370922][    T1] input: Power Button as /devices/LNXSYSTM:00/LNXPWRBN:00/input/input0
[   12.379244][  T136] kworker/u8:0 (136) used greatest stack depth: 27552 bytes left
[   12.380187][    T1] ACPI: button: Power Button [PWRF]
[   12.397618][    T1] ioatdma: Intel(R) QuickData Technology Driver 5.00
[   12.636376][  T339] kworker/u8:5 (339) used greatest stack depth: 27488 bytes left
[   13.076099][    T1] N_HDLC line discipline registered with maxframe=4096
[   13.077071][    T1] Serial: 8250/16550 driver, 4 ports, IRQ sharing enabled
[   13.084388][    T1] 00:04: ttyS0 at I/O 0x3f8 (irq = 4, base_baud = 115200) is a 16550A
[   13.127879][    T1] Non-volatile memory driver v1.3
[   13.128754][    T1] Linux agpgart interface v0.103
[   13.140523][    T1] ACPI: bus type drm_connector registered
[   13.154190][    T1] [drm] Initialized vgem 1.0.0 20120112 for vgem on minor 0
[   13.170034][    T1] [drm] Initialized vkms 1.0.0 20180514 for vkms on minor 1
[   13.258715][    T1] Console: switching to colour frame buffer device 128x48
[   13.276816][    T1] platform vkms: [drm] fb0: vkmsdrmfb frame buffer device
[   13.278650][    T1] usbcore: registered new interface driver udl
[   13.281017][    T1] bochs-drm 0000:00:02.0: vgaarb: deactivate vga console
[   13.288378][    T1] [drm] Found bochs VGA, ID 0xb0c5.
[   13.288987][    T1] [drm] Framebuffer size 16384 kB @ 0xfd000000, mmio @ 0xfebf0000.
[   13.298897][    T1] [drm] Found EDID data blob.
[   13.315205][    T1] [drm] Initialized bochs-drm 1.0.0 20130925 for 0000:00:02.0 on minor 2
[   13.337323][    T1] fbcon: bochs-drmdrmfb (fb1) is primary device
[   13.337353][    T1] fbcon: Remapping primary device, fb1, to tty 1-63
[   25.180260][    T1] bochs-drm 0000:00:02.0: [drm] fb1: bochs-drmdrmfb frame buffer device
[   25.339579][    T1] brd: module loaded
[   25.449169][  T825] kworker/u8:0 (825) used greatest stack depth: 27440 bytes left
[   25.550804][    T1] loop: module loaded
[   25.840373][    T1] zram: Added device: zram0
[   25.875847][    T1] null_blk: disk nullb0 created
[   25.876515][    T1] null_blk: module loaded
[   25.878421][    T1] Guest personality initialized and is inactive
[   25.880583][    T1] VMCI host device registered (name=vmci, major=10, minor=118)
[   25.881968][    T1] Initialized host personality
[   25.882866][    T1] usbcore: registered new interface driver rtsx_usb
[   25.884728][    T1] usbcore: registered new interface driver viperboard
[   25.886146][    T1] usbcore: registered new interface driver dln2
[   25.887864][    T1] usbcore: registered new interface driver pn533_usb
[   25.897028][    T1] nfcsim 0.2 initialized
[   25.897865][    T1] usbcore: registered new interface driver port100
[   25.899006][    T1] usbcore: registered new interface driver nfcmrvl
[   25.908638][    T1] Loading iSCSI transport class v2.0-870.
[   25.926681][    T1] st: Version 20160209, fixed bufsize 32768, s/g segs 256
[   25.984280][    T1] scsi host0: ata_piix
[   25.992502][    T1] scsi host1: ata_piix
[   25.996140][    T1] ata1: PATA max MWDMA2 cmd 0x1f0 ctl 0x3f6 bmdma 0xc000 irq 14 lpm-pol 0
[   25.997130][    T1] ata2: PATA max MWDMA2 cmd 0x170 ctl 0x376 bmdma 0xc008 irq 15 lpm-pol 0
[   26.010494][    T1] Rounding down aligned max_sectors from 4294967295 to 4294967288
[   26.012693][    T1] db_root: cannot open: /etc/target
[   26.015320][    T1] slram: not enough parameters.
[   26.026166][    T1] ftl_cs: FTL header not found.
[   26.088174][    T1] wireguard: WireGuard 1.0.0 loaded. See www.wireguard.com for information.
[   26.089176][    T1] wireguard: Copyright (C) 2015-2019 Jason A. Donenfeld <Jason@zx2c4.com>. All Rights Reserved.
[   26.090347][    T1] eql: Equalizer2002: Simon Janes (simon@ncm.com) and David S. Miller (davem@redhat.com)
[   26.107002][    T1] MACsec IEEE 802.1AE
[   26.139787][    T1] tun: Universal TUN/TAP device driver, 1.6
[   26.144732][    T1] vcan: Virtual CAN interface driver
[   26.145382][    T1] vxcan: Virtual CAN Tunnel driver
[   26.146005][    T1] slcan: serial line CAN interface driver
[   26.146686][    T1] CAN device driver interface
[   26.147633][    T1] usbcore: registered new interface driver usb_8dev
[   26.148770][    T1] usbcore: registered new interface driver ems_usb
[   26.149928][    T1] usbcore: registered new interface driver gs_usb
[   26.151021][    T1] usbcore: registered new interface driver kvaser_usb
[   26.152852][    T1] usbcore: registered new interface driver mcba_usb
[   26.154006][    T1] usbcore: registered new interface driver peak_usb
[   26.155491][    T1] e100: Intel(R) PRO/100 Network Driver
[   26.156134][    T1] e100: Copyright(c) 1999-2006 Intel Corporation
[   26.157237][    T1] e1000: Intel(R) PRO/1000 Network Driver
[   26.157902][    T1] e1000: Copyright (c) 1999-2006 Intel Corporation.
[   26.159148][    T1] e1000e: Intel(R) PRO/1000 Network Driver
[   26.159821][    T1] e1000e: Copyright(c) 1999 - 2015 Intel Corporation.
[   26.165064][    T1] mkiss: AX.25 Multikiss, Hans Albas PE1AYX
[   26.165748][    T1] AX.25: 6pack driver, Revision: 0.3.0
[   26.166421][    T1] AX.25: bpqether driver version 004
[   26.167029][    T1] PPP generic driver version 2.4.2
[   26.169350][    T1] PPP BSD Compression module registered
[   26.170051][    T1] PPP Deflate Compression module registered
[   26.170807][    T1] PPP MPPE Compression module registered
[   26.171941][  T992] ata2: found unknown device (class 0)
[   26.173937][  T992] ata2.00: ATAPI: QEMU DVD-ROM, 2.5+, max UDMA/100
[   26.175525][    T1] NET: Registered PF_PPPOX protocol family
[   26.176343][    T1] PPTP driver version 0.8.5
[   26.180314][    T1] SLIP: version 0.8.4-NET3.019-NEWTTY (dynamic channels, max=256) (6 bit encapsulation enabled).
[   26.181866][   T11] scsi 1:0:0:0: CD-ROM            QEMU     QEMU DVD-ROM     2.5+ PQ: 0 ANSI: 5
[   26.185950][    T1] CSLIP: code copyright 1989 Regents of the University of California.
[   26.186882][    T1] SLIP linefill/keepalive option.
[   26.187480][    T1] hdlc: HDLC support module revision 1.22
[   26.188164][    T1] LAPB Ethernet driver version 0.02
[   26.189909][    T1] usbcore: registered new interface driver ath9k_htc
[   26.191044][    T1] usbcore: registered new interface driver carl9170
[   26.192248][    T1] usbcore: registered new interface driver ath6kl_usb
[   26.193710][    T1] usbcore: registered new interface driver ar5523
[   26.195863][    T1] usbcore: registered new interface driver ath10k_usb
[   26.197543][    T1] mac80211_hwsim: initializing netlink
[   26.253075][    T1] usbcore: registered new interface driver atusb
[   26.274313][   T11] sr 1:0:0:0: [sr0] scsi3-mmc drive: 4x/4x cd/rw xa/form2 tray
[   26.275377][   T11] cdrom: Uniform CD-ROM driver Revision: 3.20
[   26.277125][    T1] mac802154_hwsim mac802154_hwsim: Added 2 mac802154 hwsim hardware radios
[   26.279108][    T1] VMware vmxnet3 virtual NIC driver - version 1.7.0.0-k-NAPI
[   26.282140][    T1] usbcore: registered new interface driver catc
[   26.283721][    T1] usbcore: registered new interface driver kaweth
[   26.284458][    T1] pegasus: Pegasus/Pegasus II USB Ethernet driver
[   26.285562][    T1] usbcore: registered new interface driver pegasus
[   26.286659][    T1] usbcore: registered new interface driver rtl8150
[   26.287720][    T1] usbcore: registered new device driver r8152-cfgselector
[   26.289315][    T1] usbcore: registered new interface driver r8152
[   26.290939][    T1] usbcore: registered new interface driver hso
[   26.292062][    T1] usbcore: registered new interface driver lan78xx
[   26.293151][    T1] usbcore: registered new interface driver asix
[   26.294219][    T1] usbcore: registered new interface driver ax88179_178a
[   26.295351][    T1] usbcore: registered new interface driver cdc_ether
[   26.296467][    T1] usbcore: registered new interface driver cdc_eem
[   26.297696][    T1] usbcore: registered new interface driver dm9601
[   26.298778][    T1] usbcore: registered new interface driver sr9700
[   26.299861][    T1] usbcore: registered new interface driver CoreChips
[   26.300975][    T1] usbcore: registered new interface driver smsc75xx
[   26.302194][    T1] usbcore: registered new interface driver smsc95xx
[   26.303306][    T1] usbcore: registered new interface driver gl620a
[   26.304397][    T1] usbcore: registered new interface driver net1080
[   26.305484][    T1] usbcore: registered new interface driver plusb
[   26.306551][    T1] usbcore: registered new interface driver rndis_host
[   26.307678][    T1] usbcore: registered new interface driver cdc_subset
[   26.309174][    T1] usbcore: registered new interface driver zaurus
[   26.310289][    T1] usbcore: registered new interface driver MOSCHIP usb-ethernet driver
[   26.312285][    T1] usbcore: registered new interface driver int51x1
[   26.313422][    T1] usbcore: registered new interface driver cdc_phonet
[   26.314554][    T1] usbcore: registered new interface driver kalmia
[   26.315643][    T1] usbcore: registered new interface driver ipheth
[   26.316662][    T1] usbcore: registered new interface driver sierra_net
[   26.318340][    T1] usbcore: registered new interface driver cx82310_eth
[   26.319501][    T1] usbcore: registered new interface driver cdc_ncm
[   26.320626][    T1] usbcore: registered new interface driver huawei_cdc_ncm
[   26.323598][    T1] usbcore: registered new interface driver lg-vl600
[   26.325148][    T1] usbcore: registered new interface driver qmi_wwan
[   26.326658][    T1] usbcore: registered new interface driver cdc_mbim
[   26.328258][    T1] usbcore: registered new interface driver ch9200
[   26.329349][    T1] usbcore: registered new interface driver r8153_ecm
[   26.340372][    T1] VFIO - User Level meta-driver version: 0.3
[   26.360396][    T1] aoe: AoE v85 initialised.
[   26.369734][   T11] sr 1:0:0:0: Attached scsi generic sg0 type 5
[   26.377237][    T1] SPI driver max3421-hcd has no spi_device_id for maxim,max3421
[   26.380545][    T1] usbcore: registered new interface driver cdc_acm
[   26.381288][    T1] cdc_acm: USB Abstract Control Model driver for USB modems and ISDN adapters
[   26.386668][    T1] usbcore: registered new interface driver usblp
[   26.387780][    T1] usbcore: registered new interface driver cdc_wdm
[   26.389863][    T1] usbcore: registered new interface driver usbtmc
[   26.392010][    T1] usbcore: registered new interface driver uas
[   26.393070][    T1] usbcore: registered new interface driver usb-storage
[   26.394131][    T1] usbcore: registered new interface driver ums-alauda
[   26.395189][    T1] usbcore: registered new interface driver ums-cypress
[   26.396278][    T1] usbcore: registered new interface driver ums-datafab
[   26.397353][    T1] usbcore: registered new interface driver ums_eneub6250
[   26.398940][    T1] usbcore: registered new interface driver ums-freecom
[   26.400070][    T1] usbcore: registered new interface driver ums-isd200
[   26.401134][    T1] usbcore: registered new interface driver ums-jumpshot
[   26.404200][    T1] usbcore: registered new interface driver ums-karma
[   26.405570][    T1] usbcore: registered new interface driver ums-onetouch
[   26.406661][    T1] usbcore: registered new interface driver ums-realtek
[   26.407736][    T1] usbcore: registered new interface driver ums-sddr09
[   26.408789][    T1] usbcore: registered new interface driver ums-sddr55
[   26.409876][    T1] usbcore: registered new interface driver ums-usbat
[   26.411152][    T1] usbcore: registered new interface driver mdc800
[   26.412607][    T1] mdc800: v0.7.5 (30/10/2000):USB Driver for Mustek MDC800 Digital Camera
[   26.416478][    T1] usbcore: registered new interface driver microtekX6
[   26.418176][    T1] usbcore: registered new interface driver usbserial_generic
[   26.419848][    T1] usbserial: USB Serial support registered for generic
[   26.421079][    T1] usbcore: registered new interface driver aircable
[   26.424022][    T1] usbserial: USB Serial support registered for aircable
[   26.425137][    T1] usbcore: registered new interface driver ark3116
[   26.426146][    T1] usbserial: USB Serial support registered for ark3116
[   26.427259][    T1] usbcore: registered new interface driver belkin_sa
[   26.428337][    T1] usbserial: USB Serial support registered for Belkin / Peracom / GoHubs USB Serial Adapter
[   26.429839][    T1] usbcore: registered new interface driver ch341
[   26.430819][    T1] usbserial: USB Serial support registered for ch341-uart
[   26.432009][    T1] usbcore: registered new interface driver cp210x
[   26.433008][    T1] usbserial: USB Serial support registered for cp210x
[   26.434132][    T1] usbcore: registered new interface driver cyberjack
[   26.435151][    T1] usbserial: USB Serial support registered for Reiner SCT Cyberjack USB card reader
[   26.436534][    T1] usbcore: registered new interface driver cypress_m8
[   26.437626][    T1] usbserial: USB Serial support registered for DeLorme Earthmate USB
[   26.438810][    T1] usbserial: USB Serial support registered for HID->COM RS232 Adapter
[   26.440000][    T1] usbserial: USB Serial support registered for Nokia CA-42 V2 Adapter
[   26.441246][    T1] usbcore: registered new interface driver usb_debug
[   26.442901][    T1] usbserial: USB Serial support registered for debug
[   26.443921][    T1] usbserial: USB Serial support registered for xhci_dbc
[   26.445028][    T1] usbcore: registered new interface driver digi_acceleport
[   26.446104][    T1] usbserial: USB Serial support registered for Digi 2 port USB adapter
[   26.447285][    T1] usbserial: USB Serial support registered for Digi 4 port USB adapter
[   26.448533][    T1] usbcore: registered new interface driver io_edgeport
[   26.449569][    T1] usbserial: USB Serial support registered for Edgeport 2 port adapter
[   26.450766][    T1] usbserial: USB Serial support registered for Edgeport 4 port adapter
[   26.452237][    T1] usbserial: USB Serial support registered for Edgeport 8 port adapter
[   26.453427][    T1] usbserial: USB Serial support registered for EPiC device
[   26.454572][    T1] usbcore: registered new interface driver io_ti
[   26.455564][    T1] usbserial: USB Serial support registered for Edgeport TI 1 port adapter
[   26.456836][    T1] usbserial: USB Serial support registered for Edgeport TI 2 port adapter
[   26.458111][    T1] usbcore: registered new interface driver empeg
[   26.459100][    T1] usbserial: USB Serial support registered for empeg
[   26.460262][    T1] usbcore: registered new interface driver f81534a_ctrl
[   26.461438][    T1] usbcore: registered new interface driver f81232
[   26.462451][    T1] usbserial: USB Serial support registered for f81232
[   26.463504][    T1] usbserial: USB Serial support registered for f81534a
[   26.464610][    T1] usbcore: registered new interface driver f81534
[   26.465600][    T1] usbserial: USB Serial support registered for Fintek F81532/F81534
[   26.466860][    T1] usbcore: registered new interface driver ftdi_sio
[   26.468318][    T1] usbserial: USB Serial support registered for FTDI USB Serial Device
[   26.469600][    T1] usbcore: registered new interface driver garmin_gps
[   26.470675][    T1] usbserial: USB Serial support registered for Garmin GPS usb/tty
[   26.474822][    T1] usbcore: registered new interface driver ipaq
[   26.475813][    T1] usbserial: USB Serial support registered for PocketPC PDA
[   26.476950][    T1] usbcore: registered new interface driver ipw
[   26.477912][    T1] usbserial: USB Serial support registered for IPWireless converter
[   26.479125][    T1] usbcore: registered new interface driver ir_usb
[   26.480152][    T1] usbserial: USB Serial support registered for IR Dongle
[   26.481268][    T1] usbcore: registered new interface driver iuu_phoenix
[   26.490770][    T1] usbserial: USB Serial support registered for iuu_phoenix
[   26.491943][    T1] usbcore: registered new interface driver keyspan
[   26.492940][    T1] usbserial: USB Serial support registered for Keyspan - (without firmware)
[   26.494176][    T1] usbserial: USB Serial support registered for Keyspan 1 port adapter
[   26.495349][    T1] usbserial: USB Serial support registered for Keyspan 2 port adapter
[   26.496532][    T1] usbserial: USB Serial support registered for Keyspan 4 port adapter
[   26.497762][    T1] usbcore: registered new interface driver keyspan_pda
[   26.498801][    T1] usbserial: USB Serial support registered for Keyspan PDA
[   26.499887][    T1] usbserial: USB Serial support registered for Keyspan PDA - (prerenumeration)
[   26.501214][    T1] usbcore: registered new interface driver kl5kusb105
[   26.504226][    T1] usbserial: USB Serial support registered for KL5KUSB105D / PalmConnect
[   26.505487][    T1] usbcore: registered new interface driver kobil_sct
[   26.506497][    T1] usbserial: USB Serial support registered for KOBIL USB smart card terminal
[   26.507809][    T1] usbcore: registered new interface driver mct_u232
[   26.508810][    T1] usbserial: USB Serial support registered for MCT U232
[   26.509907][    T1] usbcore: registered new interface driver metro_usb
[   26.510930][    T1] usbserial: USB Serial support registered for Metrologic USB to Serial
[   26.512252][    T1] usbcore: registered new interface driver mos7720
[   26.513259][    T1] usbserial: USB Serial support registered for Moschip 2 port adapter
[   26.514496][    T1] usbcore: registered new interface driver mos7840
[   26.515501][    T1] usbserial: USB Serial support registered for Moschip 7840/7820 USB Serial Driver
[   26.516865][    T1] usbcore: registered new interface driver mxuport
[   26.517863][    T1] usbserial: USB Serial support registered for MOXA UPort
[   26.518986][    T1] usbcore: registered new interface driver navman
[   26.519988][    T1] usbserial: USB Serial support registered for navman
[   26.521072][    T1] usbcore: registered new interface driver omninet
[   26.522885][    T1] usbserial: USB Serial support registered for ZyXEL - omni.net usb
[   26.524125][    T1] usbcore: registered new interface driver opticon
[   26.525160][    T1] usbserial: USB Serial support registered for opticon
[   26.526257][    T1] usbcore: registered new interface driver option
[   26.527242][    T1] usbserial: USB Serial support registered for GSM modem (1-port)
[   26.528455][    T1] usbcore: registered new interface driver oti6858
[   26.529464][    T1] usbserial: USB Serial support registered for oti6858
[   26.530567][    T1] usbcore: registered new interface driver pl2303
[   26.531595][    T1] usbserial: USB Serial support registered for pl2303
[   26.532712][    T1] usbcore: registered new interface driver qcaux
[   26.533696][    T1] usbserial: USB Serial support registered for qcaux
[   26.534780][    T1] usbcore: registered new interface driver qcserial
[   26.535807][    T1] usbserial: USB Serial support registered for Qualcomm USB modem
[   26.537012][    T1] usbcore: registered new interface driver quatech2
[   26.538024][    T1] usbserial: USB Serial support registered for Quatech 2nd gen USB to Serial Driver
[   26.539403][    T1] usbcore: registered new interface driver safe_serial
[   26.540451][    T1] usbserial: USB Serial support registered for safe_serial
[   26.541632][    T1] usbcore: registered new interface driver sierra
[   26.542624][    T1] usbserial: USB Serial support registered for Sierra USB modem
[   26.543816][    T1] usbcore: registered new interface driver usb_serial_simple
[   26.544915][    T1] usbserial: USB Serial support registered for carelink
[   26.545961][    T1] usbserial: USB Serial support registered for flashloader
[   26.547037][    T1] usbserial: USB Serial support registered for funsoft
[   26.548086][    T1] usbserial: USB Serial support registered for google
[   26.549113][    T1] usbserial: USB Serial support registered for hp4x
[   26.550123][    T1] usbserial: USB Serial support registered for kaufmann
[   26.551171][    T1] usbserial: USB Serial support registered for libtransistor
[   26.552583][    T1] usbserial: USB Serial support registered for moto_modem
[   26.554096][    T1] usbserial: USB Serial support registered for motorola_tetra
[   26.555217][    T1] usbserial: USB Serial support registered for nokia
[   26.556250][    T1] usbserial: USB Serial support registered for novatel_gps
[   26.557325][    T1] usbserial: USB Serial support registered for siemens_mpi
[   26.558400][    T1] usbserial: USB Serial support registered for suunto
[   26.559458][    T1] usbserial: USB Serial support registered for vivopay
[   26.560496][    T1] usbserial: USB Serial support registered for zio
[   26.562213][    T1] usbcore: registered new interface driver spcp8x5
[   26.563209][    T1] usbserial: USB Serial support registered for SPCP8x5
[   26.564326][    T1] usbcore: registered new interface driver ssu100
[   26.565779][    T1] usbserial: USB Serial support registered for Quatech SSU-100 USB to Serial Driver
[   26.567184][    T1] usbcore: registered new interface driver symbolserial
[   26.568581][    T1] usbserial: USB Serial support registered for symbol
[   26.569683][    T1] usbcore: registered new interface driver ti_usb_3410_5052
[   26.570778][    T1] usbserial: USB Serial support registered for TI USB 3410 1 port adapter
[   26.572061][    T1] usbserial: USB Serial support registered for TI USB 5052 2 port adapter
[   26.573340][    T1] usbcore: registered new interface driver upd78f0730
[   26.574721][    T1] usbserial: USB Serial support registered for upd78f0730
[   26.575854][    T1] usbcore: registered new interface driver visor
[   26.576835][    T1] usbserial: USB Serial support registered for Handspring Visor / Palm OS
[   26.578093][    T1] usbserial: USB Serial support registered for Sony Clie 5.0
[   26.579197][    T1] usbserial: USB Serial support registered for Sony Clie 3.5
[   26.580360][    T1] usbcore: registered new interface driver wishbone_serial
[   26.581470][    T1] usbserial: USB Serial support registered for wishbone_serial
[   26.583009][    T1] usbcore: registered new interface driver whiteheat
[   26.584055][    T1] usbserial: USB Serial support registered for Connect Tech - WhiteHEAT - (prerenumeration)
[   26.585449][    T1] usbserial: USB Serial support registered for Connect Tech - WhiteHEAT
[   26.587106][    T1] usbcore: registered new interface driver xr_serial
[   26.588134][    T1] usbserial: USB Serial support registered for xr_serial
[   26.589625][    T1] usbcore: registered new interface driver xsens_mt
[   26.590646][    T1] usbserial: USB Serial support registered for xsens_mt
[   26.591831][    T1] usbcore: registered new interface driver adutux
[   26.592921][    T1] usbcore: registered new interface driver appledisplay
[   26.594516][    T1] usbcore: registered new interface driver cypress_cy7c63
[   26.596029][    T1] usbcore: registered new interface driver cytherm
[   26.597152][    T1] usbcore: registered new interface driver emi26 - firmware loader
[   26.598407][    T1] usbcore: registered new interface driver emi62 - firmware loader
[   26.599660][    T1] usbcore: registered new interface driver idmouse
[   26.600753][    T1] usbcore: registered new interface driver iowarrior
[   26.602346][    T1] usbcore: registered new interface driver isight_firmware
[   26.603526][    T1] usbcore: registered new interface driver usblcd
[   26.604610][    T1] usbcore: registered new interface driver ldusb
[   26.605691][    T1] usbcore: registered new interface driver legousbtower
[   26.606837][    T1] usbcore: registered new interface driver usbtest
[   26.608319][    T1] usbcore: registered new interface driver usb_ehset_test
[   26.609486][    T1] usbcore: registered new interface driver trancevibrator
[   26.610710][    T1] usbcore: registered new interface driver uss720
[   26.611480][    T1] uss720: USB Parport Cable driver for Cables using the Lucent Technologies USS720 Chip
[   26.612567][    T1] uss720: NOTE: this is a special purpose driver to allow nonstandard
[   26.613479][    T1] uss720: protocols (eg. bitbang) over USS720 usb to parallel cables
[   26.614381][    T1] uss720: If you just want to connect to a printer, use usblp instead
[   26.615662][    T1] usbcore: registered new interface driver usbsevseg
[   26.616777][    T1] usbcore: registered new interface driver yurex
[   26.620923][    T1] usbcore: registered new interface driver chaoskey
[   26.622507][    T1] usbcore: registered new interface driver sisusb
[   26.624373][    T1] usbcore: registered new interface driver lvs
[   26.625446][    T1] usbcore: registered new interface driver cxacru
[   26.626539][    T1] usbcore: registered new interface driver speedtch
[   26.627671][    T1] usbcore: registered new interface driver ueagle-atm
[   26.628445][    T1] xusbatm: malformed module parameters
[   26.633109][    T1] dummy_hcd dummy_hcd.0: USB Host+Gadget Emulator, driver 02 May 2005
[   26.634655][    T1] dummy_hcd dummy_hcd.0: Dummy host controller
[   26.640837][    T1] dummy_hcd dummy_hcd.0: new USB bus registered, assigned bus number 1
[   26.647517][    T1] usb usb1: New USB device found, idVendor=1d6b, idProduct=0002, bcdDevice= 6.10
[   26.648739][    T1] usb usb1: New USB device strings: Mfr=3, Product=2, SerialNumber=1
[   26.649666][    T1] usb usb1: Product: Dummy host controller
[   26.650338][    T1] usb usb1: Manufacturer: Linux 6.10.0-rc2-00012-gbc06bc66d83e-dirty dummy_hcd
[   26.651353][    T1] usb usb1: SerialNumber: dummy_hcd.0
[   26.663598][    T1] hub 1-0:1.0: USB hub found
[   26.665221][    T1] hub 1-0:1.0: 1 port detected
[   26.690297][    T1] gadgetfs: USB Gadget filesystem, version 24 Aug 2004
[   26.695635][    T1] vhci_hcd vhci_hcd.0: USB/IP Virtual Host Controller
[   26.700229][    T1] vhci_hcd vhci_hcd.0: new USB bus registered, assigned bus number 2
[   26.703414][    T1] vhci_hcd: created sysfs vhci_hcd.0
[   26.707208][    T1] usb usb2: New USB device found, idVendor=1d6b, idProduct=0002, bcdDevice= 6.10
[   26.708260][    T1] usb usb2: New USB device strings: Mfr=3, Product=2, SerialNumber=1
[   26.709180][    T1] usb usb2: Product: USB/IP Virtual Host Controller
[   26.709933][    T1] usb usb2: Manufacturer: Linux 6.10.0-rc2-00012-gbc06bc66d83e-dirty vhci_hcd
[   26.710934][    T1] usb usb2: SerialNumber: vhci_hcd.0
[   26.719024][    T1] hub 2-0:1.0: USB hub found
[   26.720436][    T1] hub 2-0:1.0: 8 ports detected
[   26.748932][    T1] vhci_hcd vhci_hcd.0: USB/IP Virtual Host Controller
[   26.751907][    T1] vhci_hcd vhci_hcd.0: new USB bus registered, assigned bus number 3
[   26.754387][    T1] usb usb3: We don't know the algorithms for LPM for this host, disabling LPM.
[   26.758220][    T1] usb usb3: New USB device found, idVendor=1d6b, idProduct=0003, bcdDevice= 6.10
[   26.759277][    T1] usb usb3: New USB device strings: Mfr=3, Product=2, SerialNumber=1
[   26.760207][    T1] usb usb3: Product: USB/IP Virtual Host Controller
[   26.760964][    T1] usb usb3: Manufacturer: Linux 6.10.0-rc2-00012-gbc06bc66d83e-dirty vhci_hcd
[   26.762419][    T1] usb usb3: SerialNumber: vhci_hcd.0
[   26.770441][    T1] hub 3-0:1.0: USB hub found
[   26.771738][    T1] hub 3-0:1.0: 8 ports detected
[   26.804534][    T1] vhci_hcd vhci_hcd.1: USB/IP Virtual Host Controller
[   26.807551][    T1] vhci_hcd vhci_hcd.1: new USB bus registered, assigned bus number 4
[   26.811726][    T1] usb usb4: New USB device found, idVendor=1d6b, idProduct=0002, bcdDevice= 6.10
[   26.812768][    T1] usb usb4: New USB device strings: Mfr=3, Product=2, SerialNumber=1
[   26.813696][    T1] usb usb4: Product: USB/IP Virtual Host Controller
[   26.814455][    T1] usb usb4: Manufacturer: Linux 6.10.0-rc2-00012-gbc06bc66d83e-dirty vhci_hcd
[   26.815461][    T1] usb usb4: SerialNumber: vhci_hcd.1
[   26.823555][    T1] hub 4-0:1.0: USB hub found
[   26.824786][    T1] hub 4-0:1.0: 8 ports detected
[   26.851110][    T1] vhci_hcd vhci_hcd.1: USB/IP Virtual Host Controller
[   26.855071][    T1] vhci_hcd vhci_hcd.1: new USB bus registered, assigned bus number 5
[   26.857204][    T1] usb usb5: We don't know the algorithms for LPM for this host, disabling LPM.
[   26.860928][    T1] usb usb5: New USB device found, idVendor=1d6b, idProduct=0003, bcdDevice= 6.10
[   26.862033][    T1] usb usb5: New USB device strings: Mfr=3, Product=2, SerialNumber=1
[   26.862963][    T1] usb usb5: Product: USB/IP Virtual Host Controller
[   26.863728][    T1] usb usb5: Manufacturer: Linux 6.10.0-rc2-00012-gbc06bc66d83e-dirty vhci_hcd
[   26.864737][    T1] usb usb5: SerialNumber: vhci_hcd.1
[   26.872530][    T1] hub 5-0:1.0: USB hub found
[   26.873755][    T1] hub 5-0:1.0: 8 ports detected
[   26.904790][    T1] vhci_hcd vhci_hcd.2: USB/IP Virtual Host Controller
[   26.907791][    T1] vhci_hcd vhci_hcd.2: new USB bus registered, assigned bus number 6
[   26.911909][    T1] usb usb6: New USB device found, idVendor=1d6b, idProduct=0002, bcdDevice= 6.10
[   26.912956][    T1] usb usb6: New USB device strings: Mfr=3, Product=2, SerialNumber=1
[   26.913871][    T1] usb usb6: Product: USB/IP Virtual Host Controller
[   26.914621][    T1] usb usb6: Manufacturer: Linux 6.10.0-rc2-00012-gbc06bc66d83e-dirty vhci_hcd
[   26.915623][    T1] usb usb6: SerialNumber: vhci_hcd.2
[   26.924409][    T1] hub 6-0:1.0: USB hub found
[   26.925626][    T1] hub 6-0:1.0: 8 ports detected
[   26.951355][    T1] vhci_hcd vhci_hcd.2: USB/IP Virtual Host Controller
[   26.954291][    T1] vhci_hcd vhci_hcd.2: new USB bus registered, assigned bus number 7
[   26.956425][    T1] usb usb7: We don't know the algorithms for LPM for this host, disabling LPM.
[   26.960148][    T1] usb usb7: New USB device found, idVendor=1d6b, idProduct=0003, bcdDevice= 6.10
[   26.961200][    T1] usb usb7: New USB device strings: Mfr=3, Product=2, SerialNumber=1
[   26.963015][    T1] usb usb7: Product: USB/IP Virtual Host Controller
[   26.963779][    T1] usb usb7: Manufacturer: Linux 6.10.0-rc2-00012-gbc06bc66d83e-dirty vhci_hcd
[   26.964786][    T1] usb usb7: SerialNumber: vhci_hcd.2
[   26.972540][    T1] hub 7-0:1.0: USB hub found
[   26.973771][    T1] hub 7-0:1.0: 8 ports detected
[   27.006129][    T1] vhci_hcd vhci_hcd.3: USB/IP Virtual Host Controller
[   27.009084][    T1] vhci_hcd vhci_hcd.3: new USB bus registered, assigned bus number 8
[   27.013205][    T1] usb usb8: New USB device found, idVendor=1d6b, idProduct=0002, bcdDevice= 6.10
[   27.014247][    T1] usb usb8: New USB device strings: Mfr=3, Product=2, SerialNumber=1
[   27.015162][    T1] usb usb8: Product: USB/IP Virtual Host Controller
[   27.015917][    T1] usb usb8: Manufacturer: Linux 6.10.0-rc2-00012-gbc06bc66d83e-dirty vhci_hcd
[   27.016912][    T1] usb usb8: SerialNumber: vhci_hcd.3
[   27.024938][    T1] hub 8-0:1.0: USB hub found
[   27.026161][    T1] hub 8-0:1.0: 8 ports detected
[   27.052036][    T1] vhci_hcd vhci_hcd.3: USB/IP Virtual Host Controller
[   27.054915][    T1] vhci_hcd vhci_hcd.3: new USB bus registered, assigned bus number 9
[   27.057044][    T1] usb usb9: We don't know the algorithms for LPM for this host, disabling LPM.
[   27.060764][    T1] usb usb9: New USB device found, idVendor=1d6b, idProduct=0003, bcdDevice= 6.10
[   27.062706][    T1] usb usb9: New USB device strings: Mfr=3, Product=2, SerialNumber=1
[   27.063651][    T1] usb usb9: Product: USB/IP Virtual Host Controller
[   27.064409][    T1] usb usb9: Manufacturer: Linux 6.10.0-rc2-00012-gbc06bc66d83e-dirty vhci_hcd
[   27.065417][    T1] usb usb9: SerialNumber: vhci_hcd.3
[   27.073166][    T1] hub 9-0:1.0: USB hub found
[   27.074397][    T1] hub 9-0:1.0: 8 ports detected
[   27.105044][    T1] vhci_hcd vhci_hcd.4: USB/IP Virtual Host Controller
[   27.108023][    T1] vhci_hcd vhci_hcd.4: new USB bus registered, assigned bus number 10
[   27.112498][    T1] usb usb10: New USB device found, idVendor=1d6b, idProduct=0002, bcdDevice= 6.10
[   27.113562][    T1] usb usb10: New USB device strings: Mfr=3, Product=2, SerialNumber=1
[   27.114499][    T1] usb usb10: Product: USB/IP Virtual Host Controller
[   27.115258][    T1] usb usb10: Manufacturer: Linux 6.10.0-rc2-00012-gbc06bc66d83e-dirty vhci_hcd
[   27.116270][    T1] usb usb10: SerialNumber: vhci_hcd.4
[   27.124010][    T1] hub 10-0:1.0: USB hub found
[   27.125256][    T1] hub 10-0:1.0: 8 ports detected
[   27.150354][    T1] vhci_hcd vhci_hcd.4: USB/IP Virtual Host Controller
[   27.154731][    T1] vhci_hcd vhci_hcd.4: new USB bus registered, assigned bus number 11
[   27.156880][    T1] usb usb11: We don't know the algorithms for LPM for this host, disabling LPM.
[   27.160626][    T1] usb usb11: New USB device found, idVendor=1d6b, idProduct=0003, bcdDevice= 6.10
[   27.161730][    T1] usb usb11: New USB device strings: Mfr=3, Product=2, SerialNumber=1
[   27.162658][    T1] usb usb11: Product: USB/IP Virtual Host Controller
[   27.163416][    T1] usb usb11: Manufacturer: Linux 6.10.0-rc2-00012-gbc06bc66d83e-dirty vhci_hcd
[   27.164428][    T1] usb usb11: SerialNumber: vhci_hcd.4
[   27.172817][    T1] hub 11-0:1.0: USB hub found
[   27.174050][    T1] hub 11-0:1.0: 8 ports detected
[   27.209881][    T1] vhci_hcd vhci_hcd.5: USB/IP Virtual Host Controller
[   27.217403][    T1] vhci_hcd vhci_hcd.5: new USB bus registered, assigned bus number 12
[   27.224584][    T1] usb usb12: New USB device found, idVendor=1d6b, idProduct=0002, bcdDevice= 6.10
[   27.226623][    T1] usb usb12: New USB device strings: Mfr=3, Product=2, SerialNumber=1
[   27.228447][    T1] usb usb12: Product: USB/IP Virtual Host Controller
[   27.229919][    T1] usb usb12: Manufacturer: Linux 6.10.0-rc2-00012-gbc06bc66d83e-dirty vhci_hcd
[   27.231963][    T1] usb usb12: SerialNumber: vhci_hcd.5
[   27.242877][    T1] hub 12-0:1.0: USB hub found
[   27.244139][    T1] hub 12-0:1.0: 8 ports detected
[   27.273316][    T1] vhci_hcd vhci_hcd.5: USB/IP Virtual Host Controller
[   27.278649][    T1] vhci_hcd vhci_hcd.5: new USB bus registered, assigned bus number 13
[   27.282720][    T1] usb usb13: We don't know the algorithms for LPM for this host, disabling LPM.
[   27.288585][    T1] usb usb13: New USB device found, idVendor=1d6b, idProduct=0003, bcdDevice= 6.10
[   27.289635][    T1] usb usb13: New USB device strings: Mfr=3, Product=2, SerialNumber=1
[   27.290549][    T1] usb usb13: Product: USB/IP Virtual Host Controller
[   27.291309][    T1] usb usb13: Manufacturer: Linux 6.10.0-rc2-00012-gbc06bc66d83e-dirty vhci_hcd
[   27.292929][    T1] usb usb13: SerialNumber: vhci_hcd.5
[   27.301356][    T1] hub 13-0:1.0: USB hub found
[   27.302645][    T1] hub 13-0:1.0: 8 ports detected
[   27.340092][    T1] vhci_hcd vhci_hcd.6: USB/IP Virtual Host Controller
[   27.346351][    T1] vhci_hcd vhci_hcd.6: new USB bus registered, assigned bus number 14
[   27.353645][    T1] usb usb14: New USB device found, idVendor=1d6b, idProduct=0002, bcdDevice= 6.10
[   27.355706][    T1] usb usb14: New USB device strings: Mfr=3, Product=2, SerialNumber=1
[   27.357508][    T1] usb usb14: Product: USB/IP Virtual Host Controller
[   27.358972][    T1] usb usb14: Manufacturer: Linux 6.10.0-rc2-00012-gbc06bc66d83e-dirty vhci_hcd
[   27.360975][    T1] usb usb14: SerialNumber: vhci_hcd.6
[   27.373012][    T1] hub 14-0:1.0: USB hub found
[   27.374266][    T1] hub 14-0:1.0: 8 ports detected
[   27.403594][    T1] vhci_hcd vhci_hcd.6: USB/IP Virtual Host Controller
[   27.408996][    T1] vhci_hcd vhci_hcd.6: new USB bus registered, assigned bus number 15
[   27.412788][    T1] usb usb15: We don't know the algorithms for LPM for this host, disabling LPM.
[   27.417457][    T1] usb usb15: New USB device found, idVendor=1d6b, idProduct=0003, bcdDevice= 6.10
[   27.418503][    T1] usb usb15: New USB device strings: Mfr=3, Product=2, SerialNumber=1
[   27.419440][    T1] usb usb15: Product: USB/IP Virtual Host Controller
[   27.420201][    T1] usb usb15: Manufacturer: Linux 6.10.0-rc2-00012-gbc06bc66d83e-dirty vhci_hcd
[   27.421208][    T1] usb usb15: SerialNumber: vhci_hcd.6
[   27.430540][    T1] hub 15-0:1.0: USB hub found
[   27.431831][    T1] hub 15-0:1.0: 8 ports detected
[   27.471154][    T1] vhci_hcd vhci_hcd.7: USB/IP Virtual Host Controller
[   27.476633][    T1] vhci_hcd vhci_hcd.7: new USB bus registered, assigned bus number 16
[   27.483935][    T1] usb usb16: New USB device found, idVendor=1d6b, idProduct=0002, bcdDevice= 6.10
[   27.484986][    T1] usb usb16: New USB device strings: Mfr=3, Product=2, SerialNumber=1
[   27.485906][    T1] usb usb16: Product: USB/IP Virtual Host Controller
[   27.486661][    T1] usb usb16: Manufacturer: Linux 6.10.0-rc2-00012-gbc06bc66d83e-dirty vhci_hcd
[   27.487669][    T1] usb usb16: SerialNumber: vhci_hcd.7
[   27.497659][    T1] hub 16-0:1.0: USB hub found
[   27.499086][    T1] hub 16-0:1.0: 8 ports detected
[   27.529706][    T1] vhci_hcd vhci_hcd.7: USB/IP Virtual Host Controller
[   27.541288][    T1] vhci_hcd vhci_hcd.7: new USB bus registered, assigned bus number 17
[   27.545365][    T1] usb usb17: We don't know the algorithms for LPM for this host, disabling LPM.
[   27.551901][    T1] usb usb17: New USB device found, idVendor=1d6b, idProduct=0003, bcdDevice= 6.10
[   27.553974][    T1] usb usb17: New USB device strings: Mfr=3, Product=2, SerialNumber=1
[   27.555818][    T1] usb usb17: Product: USB/IP Virtual Host Controller
[   27.557340][    T1] usb usb17: Manufacturer: Linux 6.10.0-rc2-00012-gbc06bc66d83e-dirty vhci_hcd
[   27.559322][    T1] usb usb17: SerialNumber: vhci_hcd.7
[   27.569872][    T1] hub 17-0:1.0: USB hub found
[   27.571089][    T1] hub 17-0:1.0: 8 ports detected
[   27.604322][    T1] vhci_hcd vhci_hcd.8: USB/IP Virtual Host Controller
[   27.607512][    T1] vhci_hcd vhci_hcd.8: new USB bus registered, assigned bus number 18
[   27.611648][    T1] usb usb18: New USB device found, idVendor=1d6b, idProduct=0002, bcdDevice= 6.10
[   27.612700][    T1] usb usb18: New USB device strings: Mfr=3, Product=2, SerialNumber=1
[   27.613627][    T1] usb usb18: Product: USB/IP Virtual Host Controller
[   27.614386][    T1] usb usb18: Manufacturer: Linux 6.10.0-rc2-00012-gbc06bc66d83e-dirty vhci_hcd
[   27.615392][    T1] usb usb18: SerialNumber: vhci_hcd.8
[   27.623768][    T1] hub 18-0:1.0: USB hub found
[   27.625015][    T1] hub 18-0:1.0: 8 ports detected
[   27.649505][    T1] vhci_hcd vhci_hcd.8: USB/IP Virtual Host Controller
[   27.653689][    T1] vhci_hcd vhci_hcd.8: new USB bus registered, assigned bus number 19
[   27.655833][    T1] usb usb19: We don't know the algorithms for LPM for this host, disabling LPM.
[   27.659664][    T1] usb usb19: New USB device found, idVendor=1d6b, idProduct=0003, bcdDevice= 6.10
[   27.660747][    T1] usb usb19: New USB device strings: Mfr=3, Product=2, SerialNumber=1
[   27.661736][    T1] usb usb19: Product: USB/IP Virtual Host Controller
[   27.662502][    T1] usb usb19: Manufacturer: Linux 6.10.0-rc2-00012-gbc06bc66d83e-dirty vhci_hcd
[   27.663523][    T1] usb usb19: SerialNumber: vhci_hcd.8
[   27.671329][    T1] hub 19-0:1.0: USB hub found
[   27.672670][    T1] hub 19-0:1.0: 8 ports detected
[   27.703448][    T1] vhci_hcd vhci_hcd.9: USB/IP Virtual Host Controller
[   27.706390][    T1] vhci_hcd vhci_hcd.9: new USB bus registered, assigned bus number 20
[   27.710510][    T1] usb usb20: New USB device found, idVendor=1d6b, idProduct=0002, bcdDevice= 6.10
[   27.711621][    T1] usb usb20: New USB device strings: Mfr=3, Product=2, SerialNumber=1
[   27.712557][    T1] usb usb20: Product: USB/IP Virtual Host Controller
[   27.713323][    T1] usb usb20: Manufacturer: Linux 6.10.0-rc2-00012-gbc06bc66d83e-dirty vhci_hcd
[   27.714339][    T1] usb usb20: SerialNumber: vhci_hcd.9
[   27.722148][    T1] hub 20-0:1.0: USB hub found
[   27.723378][    T1] hub 20-0:1.0: 8 ports detected
[   27.748113][    T1] vhci_hcd vhci_hcd.9: USB/IP Virtual Host Controller
[   27.750990][    T1] vhci_hcd vhci_hcd.9: new USB bus registered, assigned bus number 21
[   27.753267][    T1] usb usb21: We don't know the algorithms for LPM for this host, disabling LPM.
[   27.757005][    T1] usb usb21: New USB device found, idVendor=1d6b, idProduct=0003, bcdDevice= 6.10
[   27.758067][    T1] usb usb21: New USB device strings: Mfr=3, Product=2, SerialNumber=1
[   27.758997][    T1] usb usb21: Product: USB/IP Virtual Host Controller
[   27.759764][    T1] usb usb21: Manufacturer: Linux 6.10.0-rc2-00012-gbc06bc66d83e-dirty vhci_hcd
[   27.760776][    T1] usb usb21: SerialNumber: vhci_hcd.9
[   27.769805][    T1] hub 21-0:1.0: USB hub found
[   27.771038][    T1] hub 21-0:1.0: 8 ports detected
[   27.807862][    T1] vhci_hcd vhci_hcd.10: USB/IP Virtual Host Controller
[   27.811367][    T1] vhci_hcd vhci_hcd.10: new USB bus registered, assigned bus number 22
[   27.815545][    T1] usb usb22: New USB device found, idVendor=1d6b, idProduct=0002, bcdDevice= 6.10
[   27.816594][    T1] usb usb22: New USB device strings: Mfr=3, Product=2, SerialNumber=1
[   27.817517][    T1] usb usb22: Product: USB/IP Virtual Host Controller
[   27.818275][    T1] usb usb22: Manufacturer: Linux 6.10.0-rc2-00012-gbc06bc66d83e-dirty vhci_hcd
[   27.819280][    T1] usb usb22: SerialNumber: vhci_hcd.10
[   27.828482][    T1] hub 22-0:1.0: USB hub found
[   27.829706][    T1] hub 22-0:1.0: 8 ports detected
[   27.855062][    T1] vhci_hcd vhci_hcd.10: USB/IP Virtual Host Controller
[   27.858487][    T1] vhci_hcd vhci_hcd.10: new USB bus registered, assigned bus number 23
[   27.865239][    T1] usb usb23: We don't know the algorithms for LPM for this host, disabling LPM.
[   27.868957][    T1] usb usb23: New USB device found, idVendor=1d6b, idProduct=0003, bcdDevice= 6.10
[   27.870009][    T1] usb usb23: New USB device strings: Mfr=3, Product=2, SerialNumber=1
[   27.870937][    T1] usb usb23: Product: USB/IP Virtual Host Controller
[   27.871749][    T1] usb usb23: Manufacturer: Linux 6.10.0-rc2-00012-gbc06bc66d83e-dirty vhci_hcd
[   27.872767][    T1] usb usb23: SerialNumber: vhci_hcd.10
[   27.881373][    T1] hub 23-0:1.0: USB hub found
[   27.882633][    T1] hub 23-0:1.0: 8 ports detected
[   27.917219][    T1] vhci_hcd vhci_hcd.11: USB/IP Virtual Host Controller
[   27.920402][    T1] vhci_hcd vhci_hcd.11: new USB bus registered, assigned bus number 24
[   27.924549][    T1] usb usb24: New USB device found, idVendor=1d6b, idProduct=0002, bcdDevice= 6.10
[   27.925604][    T1] usb usb24: New USB device strings: Mfr=3, Product=2, SerialNumber=1
[   27.926532][    T1] usb usb24: Product: USB/IP Virtual Host Controller
[   27.927293][    T1] usb usb24: Manufacturer: Linux 6.10.0-rc2-00012-gbc06bc66d83e-dirty vhci_hcd
[   27.928350][    T1] usb usb24: SerialNumber: vhci_hcd.11
[   27.937467][    T1] hub 24-0:1.0: USB hub found
[   27.938718][    T1] hub 24-0:1.0: 8 ports detected
[   27.963905][    T1] vhci_hcd vhci_hcd.11: USB/IP Virtual Host Controller
[   27.967354][    T1] vhci_hcd vhci_hcd.11: new USB bus registered, assigned bus number 25
[   27.971282][    T1] usb usb25: We don't know the algorithms for LPM for this host, disabling LPM.
[   27.975145][    T1] usb usb25: New USB device found, idVendor=1d6b, idProduct=0003, bcdDevice= 6.10
[   27.976301][    T1] usb usb25: New USB device strings: Mfr=3, Product=2, SerialNumber=1
[   27.977249][    T1] usb usb25: Product: USB/IP Virtual Host Controller
[   27.978030][    T1] usb usb25: Manufacturer: Linux 6.10.0-rc2-00012-gbc06bc66d83e-dirty vhci_hcd
[   27.979046][    T1] usb usb25: SerialNumber: vhci_hcd.11
[   27.987552][    T1] hub 25-0:1.0: USB hub found
[   27.989796][    T1] hub 25-0:1.0: 8 ports detected
[   28.025952][    T1] vhci_hcd vhci_hcd.12: USB/IP Virtual Host Controller
[   28.032724][    T1] vhci_hcd vhci_hcd.12: new USB bus registered, assigned bus number 26
[   28.039163][    T1] usb usb26: New USB device found, idVendor=1d6b, idProduct=0002, bcdDevice= 6.10
[   28.040244][    T1] usb usb26: New USB device strings: Mfr=3, Product=2, SerialNumber=1
[   28.041187][    T1] usb usb26: Product: USB/IP Virtual Host Controller
[   28.042101][    T1] usb usb26: Manufacturer: Linux 6.10.0-rc2-00012-gbc06bc66d83e-dirty vhci_hcd
[   28.043125][    T1] usb usb26: SerialNumber: vhci_hcd.12
[   28.052091][    T1] hub 26-0:1.0: USB hub found
[   28.053380][    T1] hub 26-0:1.0: 8 ports detected
[   28.083399][    T1] vhci_hcd vhci_hcd.12: USB/IP Virtual Host Controller
[   28.088929][    T1] vhci_hcd vhci_hcd.12: new USB bus registered, assigned bus number 27
[   28.093390][    T1] usb usb27: We don't know the algorithms for LPM for this host, disabling LPM.
[   28.098869][    T1] usb usb27: New USB device found, idVendor=1d6b, idProduct=0003, bcdDevice= 6.10
[   28.100034][    T1] usb usb27: New USB device strings: Mfr=3, Product=2, SerialNumber=1
[   28.101021][    T1] usb usb27: Product: USB/IP Virtual Host Controller
[   28.102078][    T1] usb usb27: Manufacturer: Linux 6.10.0-rc2-00012-gbc06bc66d83e-dirty vhci_hcd
[   28.103143][    T1] usb usb27: SerialNumber: vhci_hcd.12
[   28.113077][    T1] hub 27-0:1.0: USB hub found
[   28.114344][    T1] hub 27-0:1.0: 8 ports detected
[   28.154648][    T1] vhci_hcd vhci_hcd.13: USB/IP Virtual Host Controller
[   28.160427][    T1] vhci_hcd vhci_hcd.13: new USB bus registered, assigned bus number 28
[   28.167617][    T1] usb usb28: New USB device found, idVendor=1d6b, idProduct=0002, bcdDevice= 6.10
[   28.168803][    T1] usb usb28: New USB device strings: Mfr=3, Product=2, SerialNumber=1
[   28.169818][    T1] usb usb28: Product: USB/IP Virtual Host Controller
[   28.170648][    T1] usb usb28: Manufacturer: Linux 6.10.0-rc2-00012-gbc06bc66d83e-dirty vhci_hcd
[   28.171971][    T1] usb usb28: SerialNumber: vhci_hcd.13
[   28.180818][    T1] hub 28-0:1.0: USB hub found
[   28.183176][    T1] hub 28-0:1.0: 8 ports detected
[   28.210735][    T1] vhci_hcd vhci_hcd.13: USB/IP Virtual Host Controller
[   28.216201][    T1] vhci_hcd vhci_hcd.13: new USB bus registered, assigned bus number 29
[   28.220013][    T1] usb usb29: We don't know the algorithms for LPM for this host, disabling LPM.
[   28.223896][    T1] usb usb29: New USB device found, idVendor=1d6b, idProduct=0003, bcdDevice= 6.10
[   28.225024][    T1] usb usb29: New USB device strings: Mfr=3, Product=2, SerialNumber=1
[   28.226024][    T1] usb usb29: Product: USB/IP Virtual Host Controller
[   28.226844][    T1] usb usb29: Manufacturer: Linux 6.10.0-rc2-00012-gbc06bc66d83e-dirty vhci_hcd
[   28.227933][    T1] usb usb29: SerialNumber: vhci_hcd.13
[   28.237452][    T1] hub 29-0:1.0: USB hub found
[   28.238730][    T1] hub 29-0:1.0: 8 ports detected
[   28.282638][    T1] vhci_hcd vhci_hcd.14: USB/IP Virtual Host Controller
[   28.286004][    T1] vhci_hcd vhci_hcd.14: new USB bus registered, assigned bus number 30
[   28.290947][    T1] usb usb30: New USB device found, idVendor=1d6b, idProduct=0002, bcdDevice= 6.10
[   28.292225][    T1] usb usb30: New USB device strings: Mfr=3, Product=2, SerialNumber=1
[   28.293240][    T1] usb usb30: Product: USB/IP Virtual Host Controller
[   28.294066][    T1] usb usb30: Manufacturer: Linux 6.10.0-rc2-00012-gbc06bc66d83e-dirty vhci_hcd
[   28.295162][    T1] usb usb30: SerialNumber: vhci_hcd.14
[   28.304076][    T1] hub 30-0:1.0: USB hub found
[   28.305348][    T1] hub 30-0:1.0: 8 ports detected
[   28.335882][    T1] vhci_hcd vhci_hcd.14: USB/IP Virtual Host Controller
[   28.341196][    T1] vhci_hcd vhci_hcd.14: new USB bus registered, assigned bus number 31
[   28.346870][    T1] usb usb31: We don't know the algorithms for LPM for this host, disabling LPM.
[   28.352072][    T1] usb usb31: New USB device found, idVendor=1d6b, idProduct=0003, bcdDevice= 6.10
[   28.354133][    T1] usb usb31: New USB device strings: Mfr=3, Product=2, SerialNumber=1
[   28.355945][    T1] usb usb31: Product: USB/IP Virtual Host Controller
[   28.357428][    T1] usb usb31: Manufacturer: Linux 6.10.0-rc2-00012-gbc06bc66d83e-dirty vhci_hcd
[   28.359398][    T1] usb usb31: SerialNumber: vhci_hcd.14
[   28.373138][    T1] hub 31-0:1.0: USB hub found
[   28.376865][    T1] hub 31-0:1.0: 8 ports detected
[   28.414344][    T1] vhci_hcd vhci_hcd.15: USB/IP Virtual Host Controller
[   28.418210][    T1] vhci_hcd vhci_hcd.15: new USB bus registered, assigned bus number 32
[   28.423822][    T1] usb usb32: New USB device found, idVendor=1d6b, idProduct=0002, bcdDevice= 6.10
[   28.424934][    T1] usb usb32: New USB device strings: Mfr=3, Product=2, SerialNumber=1
[   28.425910][    T1] usb usb32: Product: USB/IP Virtual Host Controller
[   28.426704][    T1] usb usb32: Manufacturer: Linux 6.10.0-rc2-00012-gbc06bc66d83e-dirty vhci_hcd
[   28.427777][    T1] usb usb32: SerialNumber: vhci_hcd.15
[   28.436661][    T1] hub 32-0:1.0: USB hub found
[   28.437934][    T1] hub 32-0:1.0: 8 ports detected
[   28.464699][    T1] vhci_hcd vhci_hcd.15: USB/IP Virtual Host Controller
[   28.468116][    T1] vhci_hcd vhci_hcd.15: new USB bus registered, assigned bus number 33
[   28.471936][    T1] usb usb33: We don't know the algorithms for LPM for this host, disabling LPM.
[   28.475763][    T1] usb usb33: New USB device found, idVendor=1d6b, idProduct=0003, bcdDevice= 6.10
[   28.476839][    T1] usb usb33: New USB device strings: Mfr=3, Product=2, SerialNumber=1
[   28.477799][    T1] usb usb33: Product: USB/IP Virtual Host Controller
[   28.478600][    T1] usb usb33: Manufacturer: Linux 6.10.0-rc2-00012-gbc06bc66d83e-dirty vhci_hcd
[   28.479660][    T1] usb usb33: SerialNumber: vhci_hcd.15
[   28.488120][    T1] hub 33-0:1.0: USB hub found
[   28.489366][    T1] hub 33-0:1.0: 8 ports detected
[   28.525684][    T1] usbcore: registered new device driver usbip-host
[   28.545806][    T1] i8042: PNP: PS/2 Controller [PNP0303:KBD,PNP0f13:MOU] at 0x60,0x64 irq 1,12
[   28.553396][    T1] serio: i8042 KBD port at 0x60,0x64 irq 1
[   28.559613][    T1] serio: i8042 AUX port at 0x60,0x64 irq 12
[   28.567103][    T1] mousedev: PS/2 mouse device common for all mice
[   28.574062][    T1] usbcore: registered new interface driver appletouch
[   28.575670][    T1] usbcore: registered new interface driver bcm5974
[   28.577850][    T1] usbcore: registered new interface driver synaptics_usb
[   28.579131][    T1] usbcore: registered new interface driver iforce
[   28.580327][    T8] input: AT Translated Set 2 keyboard as /devices/platform/i8042/serio0/input/input1
[   28.580637][    T1] usbcore: registered new interface driver xpad
[   28.584519][    T1] usbcore: registered new interface driver usb_acecad
[   28.586036][    T1] usbcore: registered new interface driver aiptek
[   28.588381][    T1] usbcore: registered new interface driver hanwang
[   28.590944][    T1] usbcore: registered new interface driver kbtab
[   28.592533][    T1] usbcore: registered new interface driver pegasus_notetaker
[   28.594698][    T1] usbcore: registered new interface driver usbtouchscreen
[   28.595968][    T1] usbcore: registered new interface driver sur40
[   28.597138][    T1] usbcore: registered new interface driver ati_remote2
[   28.597922][    T1] cm109: Keymap for Komunikate KIP1000 phone loaded
[   28.602357][    T1] usbcore: registered new interface driver cm109
[   28.603749][    T1] cm109: CM109 phone driver: 20080805 (C) Alfred E. Heggestad
[   28.605977][    T1] usbcore: registered new interface driver ims_pcu
[   28.607764][    T1] usbcore: registered new interface driver keyspan_remote
[   28.609049][    T1] usbcore: registered new interface driver powermate
[   28.613702][    T1] usbcore: registered new interface driver yealink
[   28.619187][    T1] rtc_cmos 00:05: RTC can wake from S4
[   28.633641][    T1] rtc_cmos 00:05: registered as rtc0
[   28.634353][    T1] rtc_cmos 00:05: alarms up to one day, y3k, 242 bytes nvram, hpet irqs
[   28.636747][    T1] i2c_dev: i2c /dev entries driver
[   28.638918][    T1] usbcore: registered new interface driver i2c-diolan-u2c
[   28.640943][    T1] usbcore: registered new interface driver RobotFuzz Open Source InterFace, OSIF
[   28.642998][    T1] usbcore: registered new interface driver i2c-tiny-usb
[   28.652923][    T1] usbcore: registered new interface driver igorplugusb
[   28.654174][    T1] usbcore: registered new interface driver iguanair
[   28.655500][    T1] usbcore: registered new interface driver imon
[   28.658502][    T1] usbcore: registered new interface driver mceusb
[   28.659695][    T1] usbcore: registered new interface driver redrat3
[   28.660911][    T1] usbcore: registered new interface driver streamzap
[   28.662206][    T1] usbcore: registered new interface driver ttusbir
[   28.663436][    T1] usbcore: registered new interface driver ati_remote
[   28.665466][    T1] b2c2-flexcop: B2C2 FlexcopII/II(b)/III digital TV receiver chip loaded successfully
[   28.667181][    T1] usbcore: registered new interface driver b2c2_flexcop_usb
[   28.668482][    T1] usbcore: registered new interface driver dvb_usb_vp7045
[   28.669742][    T1] usbcore: registered new interface driver dvb_usb_vp702x
[   28.671059][    T1] usbcore: registered new interface driver dvb_usb_gp8psk
[   28.672729][    T1] usbcore: registered new interface driver dvb_usb_dtt200u
[   28.674033][    T1] usbcore: registered new interface driver dvb_usb_a800
[   28.675390][    T1] usbcore: registered new interface driver dvb_usb_dibusb_mb
[   28.676746][    T1] usbcore: registered new interface driver dvb_usb_dibusb_mc
[   28.678035][    T1] usbcore: registered new interface driver dvb_usb_nova_t_usb2
[   28.679373][    T1] usbcore: registered new interface driver dvb_usb_umt_010
[   28.680673][    T1] usbcore: registered new interface driver dvb_usb_m920x
[   28.685386][    T1] usbcore: registered new interface driver dvb_usb_digitv
[   28.686720][    T1] usbcore: registered new interface driver dvb_usb_cxusb
[   28.687985][    T1] usbcore: registered new interface driver dvb_usb_ttusb2
[   28.689574][    T1] usbcore: registered new interface driver dvb_usb_dib0700
[   28.690852][    T1] usbcore: registered new interface driver opera1
[   28.692129][    T1] usbcore: registered new interface driver dvb_usb_af9005
[   28.692945][    T1] failing symbol_get of non-GPLONLY symbol af9005_rc_decode.
[   28.695013][    T1] failing symbol_get of non-GPLONLY symbol af9005_rc_decode.
[   28.695867][    T1] failing symbol_get of non-GPLONLY symbol rc_map_af9005_table.
[   28.697611][    T1] failing symbol_get of non-GPLONLY symbol rc_map_af9005_table.
[   28.698484][    T1] failing symbol_get of non-GPLONLY symbol rc_map_af9005_table_size.
[   28.700314][    T1] failing symbol_get of non-GPLONLY symbol rc_map_af9005_table_size.
[   28.701227][    T1] af9005: af9005_rc_decode function not found, disabling remote
[   28.702834][    T1] usbcore: registered new interface driver pctv452e
[   28.704131][    T1] usbcore: registered new interface driver dw2102
[   28.705304][    T1] usbcore: registered new interface driver dvb_usb_dtv5100
[   28.706573][    T1] usbcore: registered new interface driver cinergyT2
[   28.707806][    T1] usbcore: registered new interface driver dvb_usb_az6027
[   28.709056][    T1] usbcore: registered new interface driver dvb_usb_technisat_usb2
[   28.710467][    T1] usbcore: registered new interface driver dvb_usb_af9015
[   28.714392][    T1] usbcore: registered new interface driver dvb_usb_af9035
[   28.715640][    T1] usbcore: registered new interface driver dvb_usb_anysee
[   28.716845][    T1] usbcore: registered new interface driver dvb_usb_au6610
[   28.718054][    T1] usbcore: registered new interface driver dvb_usb_az6007
[   28.719266][    T1] usbcore: registered new interface driver dvb_usb_ce6230
[   28.720484][    T1] usbcore: registered new interface driver dvb_usb_ec168
[   28.721976][    T1] usbcore: registered new interface driver dvb_usb_lmedm04
[   28.723206][    T1] usbcore: registered new interface driver dvb_usb_gl861
[   28.724533][    T1] usbcore: registered new interface driver dvb_usb_mxl111sf
[   28.725867][    T1] usbcore: registered new interface driver dvb_usb_rtl28xxu
[   28.727134][    T1] usbcore: registered new interface driver dvb_usb_dvbsky
[   28.728347][    T1] usbcore: registered new interface driver zd1301
[   28.729537][    T1] usbcore: registered new interface driver s2255
[   28.730848][    T1] usbcore: registered new interface driver smsusb
[   28.732086][    T1] usbcore: registered new interface driver ttusb
[   28.733304][    T1] usbcore: registered new interface driver ttusb-dec
[   28.734529][    T1] usbcore: registered new interface driver Abilis Systems as10x usb driver
[   28.735960][    T1] usbcore: registered new interface driver airspy
[   28.736694][    T1] gspca_main: v2.14.0 registered
[   28.737706][    T1] usbcore: registered new interface driver benq
[   28.738882][    T1] usbcore: registered new interface driver conex
[   28.740070][    T1] usbcore: registered new interface driver cpia1
[   28.741239][    T1] usbcore: registered new interface driver dtcs033
[   28.743783][    T1] usbcore: registered new interface driver etoms
[   28.745055][    T1] usbcore: registered new interface driver finepix
[   28.746241][    T1] usbcore: registered new interface driver jeilinj
[   28.747436][    T1] usbcore: registered new interface driver jl2005bcd
[   28.749722][    T1] usbcore: registered new interface driver kinect
[   28.750918][    T1] usbcore: registered new interface driver konica
[   28.753140][    T1] usbcore: registered new interface driver mars
[   28.754319][    T1] usbcore: registered new interface driver mr97310a
[   28.755566][    T1] usbcore: registered new interface driver nw80x
[   28.756819][    T1] usbcore: registered new interface driver ov519
[   28.758003][    T1] usbcore: registered new interface driver ov534
[   28.759186][    T1] usbcore: registered new interface driver ov534_9
[   28.760424][    T1] usbcore: registered new interface driver pac207
[   28.761716][    T1] usbcore: registered new interface driver gspca_pac7302
[   28.762994][    T1] usbcore: registered new interface driver pac7311
[   28.764247][    T1] usbcore: registered new interface driver se401
[   28.765439][    T1] usbcore: registered new interface driver sn9c2028
[   28.766781][    T1] usbcore: registered new interface driver gspca_sn9c20x
[   28.768123][    T1] usbcore: registered new interface driver sonixb
[   28.769435][    T1] usbcore: registered new interface driver sonixj
[   28.770672][    T1] usbcore: registered new interface driver spca500
[   28.772203][    T1] usbcore: registered new interface driver spca501
[   28.773398][    T1] usbcore: registered new interface driver spca505
[   28.774592][    T1] usbcore: registered new interface driver spca506
[   28.775818][    T1] usbcore: registered new interface driver spca508
[   28.777097][    T1] usbcore: registered new interface driver spca561
[   28.778288][    T1] usbcore: registered new interface driver spca1528
[   28.779499][    T1] usbcore: registered new interface driver sq905
[   28.780686][    T1] usbcore: registered new interface driver sq905c
[   28.781934][    T1] usbcore: registered new interface driver sq930x
[   28.783327][    T1] usbcore: registered new interface driver sunplus
[   28.784525][    T1] usbcore: registered new interface driver stk014
[   28.785714][    T1] usbcore: registered new interface driver stk1135
[   28.786916][    T1] usbcore: registered new interface driver stv0680
[   28.788117][    T1] usbcore: registered new interface driver t613
[   28.789290][    T1] usbcore: registered new interface driver gspca_topro
[   28.790579][    T1] usbcore: registered new interface driver touptek
[   28.792177][    T1] usbcore: registered new interface driver tv8532
[   28.793714][    T1] usbcore: registered new interface driver vc032x
[   28.795329][    T1] usbcore: registered new interface driver vicam
[   28.796961][    T1] usbcore: registered new interface driver xirlink-cit
[   28.798826][    T1] usbcore: registered new interface driver gspca_zc3xx
[   28.800829][    T1] usbcore: registered new interface driver ALi m5602
[   28.802566][    T1] usbcore: registered new interface driver STV06xx
[   28.804211][    T1] usbcore: registered new interface driver gspca_gl860
[   28.805877][    T1] usbcore: registered new interface driver hackrf
[   28.807511][    T1] usbcore: registered new interface driver msi2500
[   28.809275][    T1] usbcore: registered new interface driver Philips webcam
[   28.811709][    T1] usbcore: registered new interface driver uvcvideo
[   28.812467][    T1] au0828: au0828 driver loaded
[   28.814070][    T1] usbcore: registered new interface driver au0828
[   28.816133][    T1] usbcore: registered new interface driver cx231xx
[   28.817791][    T1] usbcore: registered new interface driver em28xx
[   28.818593][    T1] em28xx: Registered (Em28xx v4l2 Extension) extension
[   28.819370][    T1] em28xx: Registered (Em28xx Audio Extension) extension
[   28.820161][    T1] em28xx: Registered (Em28xx dvb Extension) extension
[   28.820929][    T1] em28xx: Registered (Em28xx Input Extension) extension
[   28.822279][    T1] usbcore: registered new interface driver go7007
[   28.823514][    T1] usbcore: registered new interface driver go7007-loader
[   28.825066][    T1] usbcore: registered new interface driver hdpvr
[   28.827468][    T1] usbcore: registered new interface driver pvrusb2
[   28.828213][    T1] pvrusb2: V4L in-tree version:Hauppauge WinTV-PVR-USB2 MPEG2 Encoder/Tuner
[   28.829184][    T1] pvrusb2: Debug mask is 31 (0x1f)
[   28.830250][    T1] usbcore: registered new interface driver stk1160
[   28.831592][    T1] usbcore: registered new interface driver usbtv
[   28.841154][    T1] dvbdev: DVB: registering new adapter (dvb_vidtv_bridge)
[   28.847924][    T1] i2c i2c-0: DVB: registering adapter 0 frontend 0 (Dummy demod for DVB-T/T2/C/S/S2)...
[   28.850115][    T1] dvbdev: dvb_create_media_entity: media entity 'Dummy demod for DVB-T/T2/C/S/S2' registered.
[   28.869409][    T1] dvbdev: dvb_create_media_entity: media entity 'dvb-demux' registered.
[   28.897030][    T1] vidtv vidtv.0: Successfully initialized vidtv!
[   28.902529][    T1] vicodec vicodec.0: Device 'stateful-encoder' registered as /dev/video0
[   28.905095][    T1] vicodec vicodec.0: Device 'stateful-decoder' registered as /dev/video1
[   28.907749][    T1] vicodec vicodec.0: Device 'stateless-decoder' registered as /dev/video2
[   28.914179][    T1] vim2m vim2m.0: Device registered as /dev/video0
[   28.964046][    T1] vivid-000: using single planar format API
[   29.003249][    T1] vivid-000: CEC adapter cec0 registered for HDMI input 0
[   29.007697][    T1] vivid-000: V4L2 capture device registered as video7
[   29.020861][    T1] vivid-000: CEC adapter cec1 registered for HDMI output 0
[   29.028011][    T1] vivid-000: V4L2 output device registered as video8
[   29.030321][    T1] vivid-000: V4L2 capture device registered as vbi0, supports raw and sliced VBI
[   29.032992][    T1] vivid-000: V4L2 output device registered as vbi1, supports raw and sliced VBI
[   29.035578][    T1] vivid-000: V4L2 capture device registered as swradio0
[   29.037899][    T1] vivid-000: V4L2 receiver device registered as radio0
[   29.040202][    T1] vivid-000: V4L2 transmitter device registered as radio1
[   29.042743][    T1] vivid-000: V4L2 metadata capture device registered as video9
[   29.045195][    T1] vivid-000: V4L2 metadata output device registered as video10
[   29.047973][    T1] vivid-000: V4L2 touch capture device registered as v4l-touch0
[   29.051177][    T1] usbcore: registered new interface driver radioshark2
[   29.053271][    T1] usbcore: registered new interface driver radioshark
[   29.054816][    T1] usbcore: registered new interface driver radio-si470x
[   29.057181][    T1] usbcore: registered new interface driver radio-usb-si4713
[   29.058478][    T1] usbcore: registered new interface driver dsbr100
[   29.059671][    T1] usbcore: registered new interface driver radio-keene
[   29.060912][    T1] usbcore: registered new interface driver radio-ma901
[   29.062946][    T1] usbcore: registered new interface driver radio-mr800
[   29.064172][    T1] usbcore: registered new interface driver radio-raremono
[   29.067950][    T1] usbcore: registered new interface driver pcwd_usb
[   29.072518][    T1] device-mapper: core: CONFIG_IMA_DISABLE_HTABLE is disabled. Duplicate IMA measurements will not be recorded in the IMA log.
[   29.074069][    T1] device-mapper: uevent: version 1.0.3
[   29.076941][    T1] device-mapper: ioctl: 4.48.0-ioctl (2023-03-01) initialised: dm-devel@lists.linux.dev
[   29.080255][    T1] device-mapper: multipath round-robin: version 1.2.0 loaded
[   29.081109][    T1] device-mapper: multipath queue-length: version 0.2.0 loaded
[   29.082276][    T1] device-mapper: multipath service-time: version 0.3.0 loaded
[   29.085018][    T1] Bluetooth: HCI UART driver ver 2.3
[   29.085639][    T1] Bluetooth: HCI UART protocol H4 registered
[   29.086321][    T1] Bluetooth: HCI UART protocol BCSP registered
[   29.087367][    T1] Bluetooth: HCI UART protocol LL registered
[   29.088374][    T1] Bluetooth: HCI UART protocol Three-wire (H5) registered
[   29.089510][    T1] Bluetooth: HCI UART protocol QCA registered
[   29.090206][    T1] Bluetooth: HCI UART protocol AG6XX registered
[   29.091239][    T1] Bluetooth: HCI UART protocol Marvell registered
[   29.092477][    T1] usbcore: registered new interface driver bcm203x
[   29.093678][    T1] usbcore: registered new interface driver bpa10x
[   29.094859][    T1] usbcore: registered new interface driver bfusb
[   29.096178][    T1] usbcore: registered new interface driver btusb
[   29.097571][    T1] usbcore: registered new interface driver ath3k
[   29.100995][    T1] CAPI 2.0 started up with major 68 (middleware)
[   29.101786][    T1] Modular ISDN core version 1.1.29
[   29.104147][    T1] NET: Registered PF_ISDN protocol family
[   29.104810][    T1] DSP module 2.0
[   29.105224][    T1] mISDN_dsp: DSP clocks every 80 samples. This equals 1 jiffies.
[   29.135693][    T1] mISDN: Layer-1-over-IP driver Rev. 2.00
[   29.137972][    T1] 0 virtual devices registered
[   29.139027][    T1] usbcore: registered new interface driver HFC-S_USB
[   29.139798][    T1] amd_pstate: the _CPC object is not present in SBIOS or ACPI disabled
[   29.140728][    T1] VUB300 Driver rom wait states = 1C irqpoll timeout = 0400
[   29.143274][    T1] usbcore: registered new interface driver vub300
[   29.145280][    T1] usbcore: registered new interface driver ushc
[   29.157036][    T1] iscsi: registered transport (iser)
[   29.159831][    T1] SoftiWARP attached
[   29.178683][    T1] hid: raw HID events driver (C) Jiri Kosina
[   29.240760][    T1] usbcore: registered new interface driver usbhid
[   29.250426][    T1] usbhid: USB HID core driver
[   29.255817][    T1] usbcore: registered new interface driver es2_ap_driver
[   29.256620][    T1] comedi: version 0.7.76 - http://www.comedi.org
[   29.258143][    T1] usbcore: registered new interface driver dt9812
[   29.259327][    T1] usbcore: registered new interface driver ni6501
[   29.260534][    T1] usbcore: registered new interface driver usbdux
[   29.263862][    T1] usbcore: registered new interface driver usbduxfast
[   29.265106][    T1] usbcore: registered new interface driver usbduxsigma
[   29.266388][    T1] usbcore: registered new interface driver vmk80xx
[   29.267850][    T1] usbcore: registered new interface driver r8712u
[   29.268869][    T1] greybus: registered new driver hid
[   29.270222][    T1] greybus: registered new driver gbphy
[   29.271140][    T1] gb_gbphy: registered new driver usb
[   29.272084][    T1] asus_wmi: ASUS WMI generic driver loaded
[   29.311439][    T8] input: ImExPS/2 Generic Explorer Mouse as /devices/platform/i8042/serio1/input/input3
[   29.530948][    T1] usbcore: registered new interface driver snd-usb-audio
[   29.532782][    T1] usbcore: registered new interface driver snd-ua101
[   29.534009][    T1] usbcore: registered new interface driver snd-usb-usx2y
[   29.535274][    T1] usbcore: registered new interface driver snd-usb-us122l
[   29.536578][    T1] usbcore: registered new interface driver snd-usb-caiaq
[   29.537854][    T1] usbcore: registered new interface driver snd-usb-6fire
[   29.539206][    T1] usbcore: registered new interface driver snd-usb-hiface
[   29.541561][    T1] usbcore: registered new interface driver snd-bcd2000
[   29.542823][    T1] usbcore: registered new interface driver snd_usb_pod
[   29.544089][    T1] usbcore: registered new interface driver snd_usb_podhd
[   29.545360][    T1] usbcore: registered new interface driver snd_usb_toneport
[   29.546646][    T1] usbcore: registered new interface driver snd_usb_variax
[   29.551012][    T1] drop_monitor: Initializing network drop monitor service
[   29.553327][    T1] NET: Registered PF_LLC protocol family
[   29.554426][    T1] GACT probability on
[   29.554994][    T1] Mirror/redirect action on
[   29.556049][    T1] Simple TC action Loaded
[   29.563582][    T1] netem: version 1.3
[   29.564193][    T1] u32 classifier
[   29.564600][    T1]     Performance counters on
[   29.565128][    T1]     input device check on
[   29.565633][    T1]     Actions configured
[   29.577880][    T1] xt_time: kernel timezone is -0000
[   29.578773][    T1] IPVS: Registered protocols (TCP, UDP, SCTP, AH, ESP)
[   29.579641][    T1] IPVS: Connection hash table configured (size=4096, memory=32Kbytes)
[   29.582074][    T1] IPVS: ipvs loaded.
[   29.582596][    T1] IPVS: [rr] scheduler registered.
[   29.583182][    T1] IPVS: [wrr] scheduler registered.
[   29.583776][    T1] IPVS: [lc] scheduler registered.
[   29.584362][    T1] IPVS: [wlc] scheduler registered.
[   29.584951][    T1] IPVS: [fo] scheduler registered.
[   29.585532][    T1] IPVS: [ovf] scheduler registered.
[   29.586156][    T1] IPVS: [lblc] scheduler registered.
[   29.586785][    T1] IPVS: [lblcr] scheduler registered.
[   29.587402][    T1] IPVS: [dh] scheduler registered.
[   29.587990][    T1] IPVS: [sh] scheduler registered.
[   29.588575][    T1] IPVS: [mh] scheduler registered.
