bash: warning: setlocale: LC_ALL: cannot change locale (en_US.UTF-8)
c[?7l[2J[0mSeaBIOS (version 1.16.2-debian-1.16.2-1)
Booting from ROM...
c[?7l[2Jearly console in extract_kernel
input_data: 0x000000000f1182a3
input_len: 0x0000000005cce9ac
output: 0x0000000001000000
output_len: 0x0000000011fb2bc0
kernel_total_size: 0x0000000013e26000
needed_size: 0x0000000014000000
trampoline_32bit: 0x0000000000000000

Decompressing Linux... Parsing ELF... done.
Booting the kernel (entry_offset: 0x000000000000007a).
[    0.000000][    T0] Linux version 6.10.0-rc2-00010-g2ab795141095-dirty (root@buildkitsandbox) (gcc (Debian 12.2.0-14+deb12u1) 12.2.0, GNU ld (GNU Binutils for Debian) 2.40) #1 SMP PREEMPT_DYNAMIC Mon May 25 14:53:24 UTC 2026
[    0.000000][    T0] Command line: console=ttyS0 oops=panic panic=86400 nokaslr earlyprintk=serial rdinit=/init
[    0.000000][    T0] KERNEL supported cpus:
[    0.000000][    T0]   Intel GenuineIntel
[    0.000000][    T0]   AMD AuthenticAMD
[    0.000000][    T0] BIOS-provided physical RAM map:
[    0.000000][    T0] BIOS-e820: [mem 0x0000000000000000-0x000000000009fbff] usable
[    0.000000][    T0] BIOS-e820: [mem 0x000000000009fc00-0x000000000009ffff] reserved
[    0.000000][    T0] BIOS-e820: [mem 0x00000000000f0000-0x00000000000fffff] reserved
[    0.000000][    T0] BIOS-e820: [mem 0x0000000000100000-0x000000007ffdffff] usable
[    0.000000][    T0] BIOS-e820: [mem 0x000000007ffe0000-0x000000007fffffff] reserved
[    0.000000][    T0] BIOS-e820: [mem 0x00000000feffc000-0x00000000feffffff] reserved
[    0.000000][    T0] BIOS-e820: [mem 0x00000000fffc0000-0x00000000ffffffff] reserved
[    0.000000][    T0] BIOS-e820: [mem 0x000000fd00000000-0x000000ffffffffff] reserved
[    0.000000][    T0] printk: legacy bootconsole [earlyser0] enabled
[    0.000000][    T0] NX (Execute Disable) protection: active
[    0.000000][    T0] APIC: Static calls initialized
[    0.000000][    T0] SMBIOS 2.8 present.
[    0.000000][    T0] DMI: QEMU Standard PC (i440FX + PIIX, 1996), BIOS 1.16.2-debian-1.16.2-1 04/01/2014
[    0.000000][    T0] DMI: Memory slots populated: 1/1
[    0.000000][    T0] Hypervisor detected: KVM
[    0.000000][    T0] kvm-clock: Using msrs 4b564d01 and 4b564d00
[    0.000002][    T0] kvm-clock: using sched offset of 1088930290 cycles
[    0.000664][    T0] clocksource: kvm-clock: mask: 0xffffffffffffffff max_cycles: 0x1cd42e4dffb, max_idle_ns: 881590591483 ns
[    0.002632][    T0] tsc: Detected 3493.436 MHz processor
[    0.011372][    T0] last_pfn = 0x7ffe0 max_arch_pfn = 0x400000000
[    0.012098][    T0] MTRR map: 4 entries (3 fixed + 1 variable; max 19), built from 8 variable MTRRs
[    0.013114][    T0] x86/PAT: Configuration [0-7]: WB  WC  UC- UC  WB  WP  UC- WT  
[    0.017083][    T0] found SMP MP-table at [mem 0x000f5ba0-0x000f5baf]
[    0.017821][    T0] Using GB pages for direct mapping
[    0.020281][    T0] RAMDISK: [mem 0x7fe80000-0x7ffdffff]
[    0.020883][    T0] ACPI: Early table checksum verification disabled
[    0.021594][    T0] ACPI: RSDP 0x00000000000F59D0 000014 (v00 BOCHS )
[    0.022324][    T0] ACPI: RSDT 0x000000007FFE1B33 000034 (v01 BOCHS  BXPC     00000001 BXPC 00000001)
[    0.023364][    T0] ACPI: FACP 0x000000007FFE19DF 000074 (v01 BOCHS  BXPC     00000001 BXPC 00000001)
[    0.024412][    T0] ACPI: DSDT 0x000000007FFE0040 00199F (v01 BOCHS  BXPC     00000001 BXPC 00000001)
[    0.025451][    T0] ACPI: FACS 0x000000007FFE0000 000040
[    0.026060][    T0] ACPI: APIC 0x000000007FFE1A53 000080 (v01 BOCHS  BXPC     00000001 BXPC 00000001)
[    0.027106][    T0] ACPI: HPET 0x000000007FFE1AD3 000038 (v01 BOCHS  BXPC     00000001 BXPC 00000001)
[    0.028166][    T0] ACPI: WAET 0x000000007FFE1B0B 000028 (v01 BOCHS  BXPC     00000001 BXPC 00000001)
[    0.029207][    T0] ACPI: Reserving FACP table memory at [mem 0x7ffe19df-0x7ffe1a52]
[    0.030068][    T0] ACPI: Reserving DSDT table memory at [mem 0x7ffe0040-0x7ffe19de]
[    0.030928][    T0] ACPI: Reserving FACS table memory at [mem 0x7ffe0000-0x7ffe003f]
[    0.031798][    T0] ACPI: Reserving APIC table memory at [mem 0x7ffe1a53-0x7ffe1ad2]
[    0.032667][    T0] ACPI: Reserving HPET table memory at [mem 0x7ffe1ad3-0x7ffe1b0a]
[    0.033532][    T0] ACPI: Reserving WAET table memory at [mem 0x7ffe1b0b-0x7ffe1b32]
[    0.035184][    T0] No NUMA configuration found
[    0.035701][    T0] Faking a node at [mem 0x0000000000000000-0x000000007ffdffff]
[    0.036532][    T0] NODE_DATA(0) allocated [mem 0x7fe79e00-0x7fe7fdff]
[    0.040690][    T0] Zone ranges:
[    0.041090][    T0]   DMA      [mem 0x0000000000001000-0x0000000000ffffff]
[    0.041866][    T0]   DMA32    [mem 0x0000000001000000-0x000000007ffdffff]
[    0.042634][    T0]   Normal   empty
[    0.043037][    T0]   Device   empty
[    0.043440][    T0] Movable zone start for each node
[    0.044009][    T0] Early memory node ranges
[    0.044487][    T0]   node   0: [mem 0x0000000000001000-0x000000000009efff]
[    0.045264][    T0]   node   0: [mem 0x0000000000100000-0x000000007ffdffff]
[    0.046038][    T0] Initmem setup node 0 [mem 0x0000000000001000-0x000000007ffdffff]
[    0.046918][    T0] On node 0, zone DMA: 1 pages in unavailable ranges
[    0.047842][    T0] On node 0, zone DMA: 97 pages in unavailable ranges
[    0.073605][    T0] On node 0, zone DMA32: 32 pages in unavailable ranges
[    0.108680][    T0] kasan: KernelAddressSanitizer initialized
[    0.109587][    T0] ACPI: PM-Timer IO Port: 0x608
[    0.110122][    T0] ACPI: LAPIC_NMI (acpi_id[0xff] dfl dfl lint[0x1])
[    0.110863][    T0] IOAPIC[0]: apic_id 0, version 17, address 0xfec00000, GSI 0-23
[    0.111698][    T0] ACPI: INT_SRC_OVR (bus 0 bus_irq 0 global_irq 2 dfl dfl)
[    0.113214][    T0] ACPI: INT_SRC_OVR (bus 0 bus_irq 5 global_irq 5 high level)
[    0.114840][    T0] ACPI: INT_SRC_OVR (bus 0 bus_irq 9 global_irq 9 high level)
[    0.116478][    T0] ACPI: INT_SRC_OVR (bus 0 bus_irq 10 global_irq 10 high level)
[    0.117411][    T0] ACPI: INT_SRC_OVR (bus 0 bus_irq 11 global_irq 11 high level)
[    0.118254][    T0] ACPI: Using ACPI (MADT) for SMP configuration information
[    0.119044][    T0] ACPI: HPET id: 0x8086a201 base: 0xfed00000
[    0.119696][    T0] TSC deadline timer available
[    0.120222][    T0] CPU topo: Max. logical packages:   1
[    0.120817][    T0] CPU topo: Max. logical dies:       1
[    0.121407][    T0] CPU topo: Max. dies per package:   1
[    0.122006][    T0] CPU topo: Max. threads per core:   1
[    0.122594][    T0] CPU topo: Num. cores per package:     2
[    0.123212][    T0] CPU topo: Num. threads per package:   2
[    0.123827][    T0] CPU topo: Allowing 2 present CPUs plus 0 hotplug CPUs
[    0.124632][    T0] kvm-guest: APIC: eoi() replaced with kvm_guest_apic_eoi_write()
[    0.125519][    T0] kvm-guest: KVM setup pv remote TLB flush
[    0.126145][    T0] kvm-guest: setup PV sched yield
[    0.126724][    T0] PM: hibernation: Registered nosave memory: [mem 0x00000000-0x00000fff]
[    0.127639][    T0] PM: hibernation: Registered nosave memory: [mem 0x0009f000-0x0009ffff]
[    0.128554][    T0] PM: hibernation: Registered nosave memory: [mem 0x000a0000-0x000effff]
[    0.129463][    T0] PM: hibernation: Registered nosave memory: [mem 0x000f0000-0x000fffff]
[    0.130372][    T0] [mem 0x80000000-0xfeffbfff] available for PCI devices
[    0.131129][    T0] Booting paravirtualized kernel on KVM
[    0.131731][    T0] clocksource: refined-jiffies: mask: 0xffffffff max_cycles: 0xffffffff, max_idle_ns: 19112604462750000 ns
[    0.305982][    T0] setup_percpu: NR_CPUS:8 nr_cpumask_bits:2 nr_cpu_ids:2 nr_node_ids:1
[    0.307210][    T0] percpu: Embedded 74 pages/cpu s264648 r8192 d30264 u1048576
[    0.308201][    T0] kvm-guest: PV spinlocks enabled
[    0.308778][    T0] PV qspinlock hash table entries: 256 (order: 0, 4096 bytes, linear)
[    0.309728][    T0] Kernel command line: console=ttyS0 oops=panic panic=86400 nokaslr earlyprintk=serial rdinit=/init
[    0.311409][    T0] random: crng init done
[    0.312131][    T0] Dentry cache hash table entries: 262144 (order: 9, 2097152 bytes, linear)
[    0.313202][    T0] Inode-cache hash table entries: 131072 (order: 8, 1048576 bytes, linear)
[    0.314360][    T0] Fallback order for Node 0: 0 
[    0.314371][    T0] Built 1 zonelists, mobility grouping on.  Total pages: 524158
[    0.315793][    T0] Policy zone: DMA32
[    0.316482][    T0] mem auto-init: stack:all(zero), heap alloc:on, heap free:off, mlocked free:off
[    0.317527][    T0] stackdepot: allocating hash table via alloc_large_system_hash
[    0.318402][    T0] stackdepot hash table entries: 1048576 (order: 12, 16777216 bytes, linear)
[    0.457248][    T0] Memory: 1410416K/2096632K available (163840K kernel code, 39084K rwdata, 36928K rodata, 25772K init, 35128K bss, 685960K reserved, 0K cma-reserved)
[    0.460129][    T0] SLUB: HWalign=64, Order=0-3, MinObjects=0, CPUs=2, Nodes=1
[    0.467424][    T0] allocated 4194304 bytes of page_ext
[    0.468765][    T0] Dynamic Preempt: full
[    0.470066][    T0] Running RCU self tests
[    0.470549][    T0] Running RCU synchronous self tests
[    0.471161][    T0] rcu: Preemptible hierarchical RCU implementation.
[    0.471916][    T0] rcu: 	RCU lockdep checking is enabled.
[    0.472564][    T0] rcu: 	RCU restricting CPUs from NR_CPUS=8 to nr_cpu_ids=2.
[    0.473411][    T0] rcu: 	RCU callback double-/use-after-free debug is enabled.
[    0.474262][    T0] rcu: 	RCU debug extended QS entry/exit.
[    0.474906][    T0] 	Trampoline variant of Tasks RCU enabled.
[    0.475575][    T0] 	Tracing variant of Tasks RCU enabled.
[    0.476209][    T0] rcu: RCU calculated value of scheduler-enlistment delay is 10 jiffies.
[    0.477160][    T0] rcu: Adjusting geometry for rcu_fanout_leaf=16, nr_cpu_ids=2
[    0.478131][    T0] Running RCU synchronous self tests
[    0.478728][    T0] RCU Tasks: Setting shift to 1 and lim to 1 rcu_task_cb_adjust=1.
[    0.479621][    T0] RCU Tasks Trace: Setting shift to 1 and lim to 1 rcu_task_cb_adjust=1.
[    0.594021][    T0] NR_IRQS: 4352, nr_irqs: 440, preallocated irqs: 16
[    0.595616][    T0] rcu: srcu_init: Setting srcu_struct sizes based on contention.
[    0.597634][    T0] kfence: initialized - using 2097152 bytes for 255 objects at 0x(____ptrval____)-0x(____ptrval____)
[    0.608243][    T0] Console: colour VGA+ 80x25
[    0.609003][    T0] printk: legacy console [ttyS0] enabled
[    0.609003][    T0] printk: legacy console [ttyS0] enabled
[    0.610290][    T0] printk: legacy bootconsole [earlyser0] disabled
[    0.610290][    T0] printk: legacy bootconsole [earlyser0] disabled
[    0.611824][    T0] Lock dependency validator: Copyright (c) 2006 Red Hat, Inc., Ingo Molnar
[    0.612811][    T0] ... MAX_LOCKDEP_SUBCLASSES:  8
[    0.613386][    T0] ... MAX_LOCK_DEPTH:          48
[    0.613958][    T0] ... MAX_LOCKDEP_KEYS:        8192
[    0.614551][    T0] ... CLASSHASH_SIZE:          4096
[    0.615146][    T0] ... MAX_LOCKDEP_ENTRIES:     131072
[    0.615758][    T0] ... MAX_LOCKDEP_CHAINS:      262144
[    0.616373][    T0] ... CHAINHASH_SIZE:          131072
[    0.616983][    T0]  memory used by lock dependency info: 20721 kB
[    0.617704][    T0]  memory used for stack traces: 8320 kB
[    0.618344][    T0]  per task-struct memory footprint: 1920 bytes
[    0.619171][    T0] ACPI: Core revision 20240322
[    0.620524][    T0] clocksource: hpet: mask: 0xffffffff max_cycles: 0xffffffff, max_idle_ns: 19112604467 ns
[    0.622052][    T0] APIC: Switch to symmetric I/O mode setup
[    0.622894][    T0] x2apic enabled
[    0.623794][    T0] APIC: Switched APIC routing to: physical x2apic
[    0.624565][    T0] kvm-guest: APIC: send_IPI_mask() replaced with kvm_send_ipi_mask()
[    0.625504][    T0] kvm-guest: APIC: send_IPI_mask_allbutself() replaced with kvm_send_ipi_mask_allbutself()
[    0.626649][    T0] kvm-guest: setup PV IPIs
[    0.628997][    T0] ..TIMER: vector=0x30 apic1=0 pin1=2 apic2=-1 pin2=-1
[    0.629790][    T0] tsc: Marking TSC unstable due to TSCs unsynchronized
[    0.630572][    T0] Calibrating delay loop (skipped) preset value.. 6986.87 BogoMIPS (lpj=34934360)
[    0.631690][    T0] x86/cpu: User Mode Instruction Prevention (UMIP) activated
[    0.640799][    T0] Last level iTLB entries: 4KB 512, 2MB 255, 4MB 127
[    0.641549][    T0] Last level dTLB entries: 4KB 512, 2MB 255, 4MB 127, 1GB 0
[    0.642376][    T0] Spectre V1 : Mitigation: usercopy/swapgs barriers and __user pointer sanitization
[    0.643423][    T0] Spectre V2 : Mitigation: Retpolines
[    0.644030][    T0] Spectre V2 : Spectre v2 / SpectreRSB mitigation: Filling RSB on context switch
[    0.645047][    T0] Spectre V2 : Spectre v2 / SpectreRSB : Filling RSB on VMEXIT
[    0.645886][    T0] Spectre V2 : Enabling Speculation Barrier for firmware calls
[    0.646723][    T0] RETBleed: Mitigation: untrained return thunk
[    0.647421][    T0] Spectre V2 : mitigation: Enabling conditional Indirect Branch Prediction Barrier
[    0.648470][    T0] Speculative Store Bypass: Mitigation: Speculative Store Bypass disabled via prctl
[    0.649513][    T0] Speculative Return Stack Overflow: IBPB-extending microcode not applied!
[    0.650557][    T0] Speculative Return Stack Overflow: WARNING: See https://kernel.org/doc/html/latest/admin-guide/hw-vuln/srso.html for mitigation options.
[    0.650564][    T0] Speculative Return Stack Overflow: Vulnerable: Safe RET, no microcode
[    0.653114][    T0] x86/fpu: Supporting XSAVE feature 0x001: 'x87 floating point registers'
[    0.654057][    T0] x86/fpu: Supporting XSAVE feature 0x002: 'SSE registers'
[    0.654852][    T0] x86/fpu: Supporting XSAVE feature 0x004: 'AVX registers'
[    0.655646][    T0] x86/fpu: xstate_offset[2]:  576, xstate_sizes[2]:  256
[    0.656428][    T0] x86/fpu: Enabled xstate features 0x7, context size is 832 bytes, using 'compacted' format.
[    0.948300][    T0] Freeing SMP alternatives memory: 120K
[    0.948995][    T0] pid_max: default: 32768 minimum: 301
[    0.950461][    T0] LSM: initializing lsm=lockdown,capability,landlock,yama,safesetid,tomoyo,smack,bpf,ima,evm
[    0.952005][    T0] landlock: Up and running.
[    0.952526][    T0] Yama: becoming mindful.
[    0.953379][    T0] TOMOYO Linux initialized
[    0.954152][    T0] Smack:  Initializing.
[    0.954632][    T0] Smack:  Netfilter enabled.
[    0.955163][    T0] Smack:  IPv6 Netfilter enabled.
[    0.955817][    T0] LSM support for eBPF active
[    0.957528][    T0] Mount-cache hash table entries: 4096 (order: 3, 32768 bytes, linear)
[    0.958491][    T0] Mountpoint-cache hash table entries: 4096 (order: 3, 32768 bytes, linear)
[    0.971717][    T0] Running RCU synchronous self tests
[    0.972331][    T0] Running RCU synchronous self tests
[    0.974900][    T1] smpboot: CPU0: AMD Ryzen Threadripper PRO 3975WX 32-Cores (family: 0x17, model: 0x31, stepping: 0x0)
[    1.004195][    T1] Running RCU Tasks wait API self tests
[    1.005373][    T1] Running RCU Tasks Trace wait API self tests
[    1.006305][    T1] Performance Events: Fam17h+ core perfctr, AMD PMU driver.
[    1.007372][    T1] ... version:                0
[    1.007936][    T1] ... bit width:              48
[    1.008506][    T1] ... generic registers:      6
[    1.009062][    T1] ... value mask:             0000ffffffffffff
[    1.009769][    T1] ... max period:             00007fffffffffff
[    1.010471][    T1] ... fixed-purpose events:   0
[    1.010567][    T1] ... event mask:             000000000000003f
[    1.012413][    T1] signal: max sigframe size: 1776
[    1.013859][    T1] rcu: Hierarchical SRCU implementation.
[    1.014510][    T1] rcu: 	Max phase no-delay instances is 1000.
[    1.021336][   T15] Callback from call_rcu_tasks_trace() invoked.
[    1.093198][    T1] smp: Bringing up secondary CPUs ...
[    1.098233][    T1] smpboot: x86: Booting SMP configuration:
[    1.099004][    T1] .... node  #0, CPUs:      #1
[    1.102177][    T1] smp: Brought up 1 node, 2 CPUs
[    1.102177][    T1] smpboot: Total of 2 processors activated (13973.74 BogoMIPS)
[    1.113411][    T1] devtmpfs: initialized
[    1.117572][    T1] x86/mm: Memory block size: 128MB
[    1.192680][    T1] Running RCU synchronous self tests
[    1.193932][    T1] Running RCU synchronous self tests
[    1.195366][    T1] clocksource: jiffies: mask: 0xffffffff max_cycles: 0xffffffff, max_idle_ns: 19112604462750000 ns
[    1.195366][    T1] futex hash table entries: 512 (order: 4, 65536 bytes, linear)
[    1.214359][    T1] PM: RTC time: 14:54:58, date: 2026-05-25
[    1.221382][   T14] Callback from call_rcu_tasks() invoked.
[    1.229793][    T1] NET: Registered PF_NETLINK/PF_ROUTE protocol family
[    1.239034][    T1] audit: initializing netlink subsys (disabled)
[    1.240909][   T30] audit: type=2000 audit(1779720898.592:1): state=initialized audit_enabled=0 res=1
[    1.256390][    T1] thermal_sys: Registered thermal governor 'step_wise'
[    1.256427][    T1] thermal_sys: Registered thermal governor 'user_space'
[    1.258908][    T1] cpuidle: using governor menu
[    1.262712][    T1] NET: Registered PF_QIPCRTR protocol family
[    1.274389][    T1] dca service started, version 1.12.1
[    1.275361][    T1] PCI: Using configuration type 1 for base access
[    1.276082][    T1] PCI: Using configuration type 1 for extended access
[    1.286723][    T1] HugeTLB: registered 1.00 GiB page size, pre-allocated 0 pages
[    1.288463][    T1] HugeTLB: 16380 KiB vmemmap can be freed for a 1.00 GiB page
[    1.290602][    T1] HugeTLB: registered 2.00 MiB page size, pre-allocated 0 pages
[    1.292324][    T1] HugeTLB: 28 KiB vmemmap can be freed for a 2.00 MiB page
[    1.303409][    T1] Demotion targets for Node 0: null
[    1.322373][    T1] cryptd: max_cpu_qlen set to 1000
[    1.334142][    T1] raid6: skipped pq benchmark and selected avx2x4
[    1.334884][    T1] raid6: using avx2x2 recovery algorithm
[    1.338971][    T1] ACPI: Added _OSI(Module Device)
[    1.339555][    T1] ACPI: Added _OSI(Processor Device)
[    1.340174][    T1] ACPI: Added _OSI(3.0 _SCP Extensions)
[    1.340572][    T1] ACPI: Added _OSI(Processor Aggregator Device)
[    1.567420][    T1] ACPI: 1 ACPI AML tables successfully acquired and loaded
[    1.602979][    T1] ACPI: _OSC evaluation for CPUs failed, trying _PDC
[    1.627803][    T1] ACPI: Interpreter enabled
[    1.629402][    T1] ACPI: PM: (supports S0 S3 S4 S5)
[    1.630058][    T1] ACPI: Using IOAPIC for interrupt routing
[    1.631216][    T1] PCI: Using host bridge windows from ACPI; if necessary, use "pci=nocrs" and report a bug
[    1.632345][    T1] PCI: Using E820 reservations for host bridge windows
[    1.645521][    T1] ACPI: Enabled 2 GPEs in block 00 to 0F
[    2.070488][    T1] ACPI: PCI Root Bridge [PCI0] (domain 0000 [bus 00-ff])
[    2.071646][    T1] acpi PNP0A03:00: _OSC: OS supports [ExtendedConfig ASPM ClockPM Segments MSI HPX-Type3]
[    2.081391][    T1] PCI host bridge to bus 0000:00
[    2.082012][    T1] pci_bus 0000:00: root bus resource [io  0x0000-0x0cf7 window]
[    2.082941][    T1] pci_bus 0000:00: root bus resource [io  0x0d00-0xffff window]
[    2.083864][    T1] pci_bus 0000:00: root bus resource [mem 0x000a0000-0x000bffff window]
[    2.084866][    T1] pci_bus 0000:00: root bus resource [mem 0x80000000-0xfebfffff window]
[    2.085874][    T1] pci_bus 0000:00: root bus resource [mem 0x100000000-0x17fffffff window]
[    2.086902][    T1] pci_bus 0000:00: root bus resource [bus 00-ff]
[    2.089253][    T1] pci 0000:00:00.0: [8086:1237] type 00 class 0x060000 conventional PCI endpoint
[    2.239820][    T1] pci 0000:00:01.0: [8086:7000] type 00 class 0x060100 conventional PCI endpoint
[    2.386355][    T1] pci 0000:00:01.1: [8086:7010] type 00 class 0x010180 conventional PCI endpoint
[    2.388795][    T1] pci 0000:00:01.1: BAR 4 [io  0xc000-0xc00f]
[    2.390134][    T1] pci 0000:00:01.1: BAR 0 [io  0x01f0-0x01f7]: legacy IDE quirk
[    2.390570][    T1] pci 0000:00:01.1: BAR 1 [io  0x03f6]: legacy IDE quirk
[    2.391381][    T1] pci 0000:00:01.1: BAR 2 [io  0x0170-0x0177]: legacy IDE quirk
[    2.392283][    T1] pci 0000:00:01.1: BAR 3 [io  0x0376]: legacy IDE quirk
[    2.396181][    T1] pci 0000:00:01.3: [8086:7113] type 00 class 0x068000 conventional PCI endpoint
[    2.398335][    T1] pci 0000:00:01.3: quirk: [io  0x0600-0x063f] claimed by PIIX4 ACPI
[    2.399279][    T1] pci 0000:00:01.3: quirk: [io  0x0700-0x070f] claimed by PIIX4 SMB
[    2.403008][    T1] pci 0000:00:02.0: [1234:1111] type 00 class 0x030000 conventional PCI endpoint
[    2.405188][    T1] pci 0000:00:02.0: BAR 0 [mem 0xfd000000-0xfdffffff pref]
[    2.407281][    T1] pci 0000:00:02.0: BAR 2 [mem 0xfebf0000-0xfebf0fff]
[    2.410938][    T1] pci 0000:00:02.0: ROM [mem 0xfebe0000-0xfebeffff pref]
[    2.412251][    T1] pci 0000:00:02.0: Video device with shadowed ROM at [mem 0x000c0000-0x000dffff]
[    2.592741][    T1] ACPI: PCI: Interrupt link LNKA configured for IRQ 10
[    2.606925][    T1] ACPI: PCI: Interrupt link LNKB configured for IRQ 10
[    2.620931][    T1] ACPI: PCI: Interrupt link LNKC configured for IRQ 11
[    2.634995][    T1] ACPI: PCI: Interrupt link LNKD configured for IRQ 11
[    2.640897][    T1] ACPI: PCI: Interrupt link LNKS configured for IRQ 9
[    2.678074][    T1] iommu: Default domain type: Translated
[    2.678729][    T1] iommu: DMA domain TLB invalidation policy: lazy mode
[    2.690836][    T1] SCSI subsystem initialized
[    2.693811][    T1] ACPI: bus type USB registered
[    2.695466][    T1] usbcore: registered new interface driver usbfs
[    2.696710][    T1] usbcore: registered new interface driver hub
[    2.697847][    T1] usbcore: registered new device driver usb
[    2.704455][    T1] mc: Linux media interface: v0.10
[    2.705477][    T1] videodev: Linux video capture interface: v2.00
[    2.707752][    T1] pps_core: LinuxPPS API ver. 1 registered
[    2.708418][    T1] pps_core: Software ver. 5.3.6 - Copyright 2005-2007 Rodolfo Giometti <giometti@linux.it>
[    2.709776][    T1] PTP clock support registered
[    2.712195][    T1] EDAC MC: Ver: 3.0.0
[    2.720704][    T1] Advanced Linux Sound Architecture Driver Initialized.
[    2.732913][    T1] Bluetooth: Core ver 2.22
[    2.733745][    T1] NET: Registered PF_BLUETOOTH protocol family
[    2.734458][    T1] Bluetooth: HCI device and connection manager initialized
[    2.735375][    T1] Bluetooth: HCI socket layer initialized
[    2.736056][    T1] Bluetooth: L2CAP socket layer initialized
[    2.736912][    T1] Bluetooth: SCO socket layer initialized
[    2.737738][    T1] NET: Registered PF_ATMPVC protocol family
[    2.738423][    T1] NET: Registered PF_ATMSVC protocol family
[    2.739776][    T1] NetLabel: Initializing
[    2.740265][    T1] NetLabel:  domain hash size = 128
[    2.740565][    T1] NetLabel:  protocols = UNLABELED CIPSOv4 CALIPSO
[    2.742365][    T1] NetLabel:  unlabeled traffic allowed by default
[    2.750187][    T1] nfc: nfc_init: NFC Core ver 0.1
[    2.751529][    T1] NET: Registered PF_NFC protocol family
[    2.752368][    T1] PCI: Using ACPI for IRQ routing
[    2.754472][    T1] pci 0000:00:02.0: vgaarb: setting as boot VGA device
[    2.755324][    T1] pci 0000:00:02.0: vgaarb: bridge control possible
[    2.756041][    T1] pci 0000:00:02.0: vgaarb: VGA device added: decodes=io+mem,owns=io+mem,locks=none
[    2.757058][    T1] vgaarb: loaded
[    2.759359][    T1] hpet0: at MMIO 0xfed00000, IRQs 2, 8, 0
[    2.760040][    T1] hpet0: 3 comparators, 64-bit 100.000000 MHz counter
[    2.765934][    T1] clocksource: Switched to clocksource kvm-clock
[    2.780074][    T1] VFS: Disk quotas dquot_6.6.0
[    2.780760][    T1] VFS: Dquot-cache hash table entries: 512 (order 0, 4096 bytes)
[    2.791413][    T1] netfs: FS-Cache loaded
[    2.795127][    T1] CacheFiles: Loaded
[    2.796865][    T1] TOMOYO: 2.6.0
[    2.797354][    T1] Mandatory Access Control activated.
[    2.799086][    T1] pnp: PnP ACPI init
[    2.836602][    T1] pnp: PnP ACPI: found 6 devices
[    2.949772][    T1] clocksource: acpi_pm: mask: 0xffffff max_cycles: 0xffffff, max_idle_ns: 2085701024 ns
[    2.952442][    T1] NET: Registered PF_INET protocol family
[    2.954073][    T1] IP idents hash table entries: 32768 (order: 6, 262144 bytes, linear)
[    2.966533][    T1] tcp_listen_portaddr_hash hash table entries: 1024 (order: 4, 73728 bytes, linear)
[    2.967668][    T1] Table-perturb hash table entries: 65536 (order: 6, 262144 bytes, linear)
[    2.968746][    T1] TCP established hash table entries: 16384 (order: 5, 131072 bytes, linear)
[    2.972161][    T1] TCP bind hash table entries: 16384 (order: 9, 2359296 bytes, linear)
[    2.975210][    T1] TCP: Hash tables configured (established 16384 bind 16384)
[    2.977949][    T1] MPTCP token hash table entries: 2048 (order: 5, 180224 bytes, linear)
[    2.979340][    T1] UDP hash table entries: 1024 (order: 5, 163840 bytes, linear)
[    2.980483][    T1] UDP-Lite hash table entries: 1024 (order: 5, 163840 bytes, linear)
[    2.983340][    T1] NET: Registered PF_UNIX/PF_LOCAL protocol family
[    2.989008][    T1] RPC: Registered named UNIX socket transport module.
[    2.989853][    T1] RPC: Registered udp transport module.
[    2.990467][    T1] RPC: Registered tcp transport module.
[    2.991075][    T1] RPC: Registered tcp-with-tls transport module.
[    2.991777][    T1] RPC: Registered tcp NFSv4.1 backchannel transport module.
[    2.998695][    T1] NET: Registered PF_XDP protocol family
[    2.999410][    T1] pci_bus 0000:00: resource 4 [io  0x0000-0x0cf7 window]
[    3.000202][    T1] pci_bus 0000:00: resource 5 [io  0x0d00-0xffff window]
[    3.000991][    T1] pci_bus 0000:00: resource 6 [mem 0x000a0000-0x000bffff window]
[    3.001858][    T1] pci_bus 0000:00: resource 7 [mem 0x80000000-0xfebfffff window]
[    3.002715][    T1] pci_bus 0000:00: resource 8 [mem 0x100000000-0x17fffffff window]
[    3.006604][    T1] pci 0000:00:01.0: PIIX3: Enabling Passive Release
[    3.007353][    T1] pci 0000:00:00.0: Limiting direct PCI/PCI transfers
[    3.008331][    T1] PCI: CLS 0 bytes, default 64
[    3.014817][    T1] ACPI: bus type thunderbolt registered
[    3.017432][    T1] kvm_intel: VMX not supported by CPU 0
[    3.018701][    T1] kvm_amd: Nested Virtualization enabled
[    3.019423][    T1] kvm_amd: Nested Paging enabled
[    3.043928][   T12] Trying to unpack rootfs image as initramfs...
[    3.469066][   T12] Freeing initrd memory: 1408K
[    3.470864][   T73] kworker/u8:4 (73) used greatest stack depth: 28416 bytes left
[    3.471875][   T66] kworker/u8:4 (66) used greatest stack depth: 27728 bytes left
[   12.220820][    T1] Initialise system trusted keyrings
[   12.223026][    T1] workingset: timestamp_bits=40 max_order=19 bucket_order=0
[   12.233030][    T1] DLM installed
[   12.241153][    T1] squashfs: version 4.0 (2009/01/31) Phillip Lougher
[   12.250265][    T1] NFS: Registering the id_resolver key type
[   12.251090][    T1] Key type id_resolver registered
[   12.251745][    T1] Key type id_legacy registered
[   12.252531][    T1] nfs4filelayout_init: NFSv4 File Layout Driver Registering...
[   12.253614][    T1] nfs4flexfilelayout_init: NFSv4 Flexfile Layout Driver Registering...
[   12.275204][    T1] Key type cifs.spnego registered
[   12.276231][    T1] Key type cifs.idmap registered
[   12.277391][    T1] ntfs3: Enabled Linux POSIX ACLs support
[   12.278013][    T1] ntfs3: Read-only LZX/Xpress compression included
[   12.278961][    T1] efs: 1.0a - http://aeschi.ch.eu.org/efs/
[   12.279663][    T1] jffs2: version 2.2. (NAND) (SUMMARY)  © 2001-2006 Red Hat, Inc.
[   12.281982][    T1] romfs: ROMFS MTD (C) 2007 Red Hat, Inc.
[   12.282750][    T1] QNX4 filesystem 0.2.3 registered.
[   12.283394][    T1] qnx6: QNX6 filesystem 1.0.0 registered.
[   12.285447][    T1] fuse: init (API version 7.40)
[   12.290146][    T1] orangefs_debugfs_init: called with debug mask: :none: :0:
[   12.292814][    T1] orangefs_init: module version upstream loaded
[   12.295173][    T1] JFS: nTxBlock = 8192, nTxLock = 65536
[   12.308910][    T1] SGI XFS with ACLs, security attributes, realtime, quota, no debug enabled
[   12.315052][    T1] 9p: Installing v9fs 9p2000 file system support
[   12.316344][    T1] NILFS version 2 loaded
[   12.316821][    T1] befs: version: 0.9.3
[   12.318102][    T1] ocfs2: Registered cluster interface o2cb
[   12.320143][    T1] ocfs2: Registered cluster interface user
[   12.321585][    T1] OCFS2 User DLM kernel interface loaded
[   12.361323][    T1] gfs2: GFS2 installed
[   12.376331][    T1] ceph: loaded (mds proto 32)
[   12.422389][    T1] NET: Registered PF_ALG protocol family
[   12.423285][    T1] xor: automatically using best checksumming function   avx       
[   12.424310][    T1] async_tx: api initialized (async)
[   12.424937][    T1] Key type asymmetric registered
[   12.425571][    T1] Asymmetric key parser 'x509' registered
[   12.426320][    T1] Asymmetric key parser 'pkcs8' registered
[   12.426987][    T1] Key type pkcs7_test registered
[   12.428331][    T1] Block layer SCSI generic (bsg) driver version 0.4 loaded (major 239)
[   12.430549][    T1] io scheduler mq-deadline registered
[   12.431176][    T1] io scheduler kyber registered
[   12.431961][    T1] io scheduler bfq registered
[   12.448967][    T1] input: Power Button as /devices/LNXSYSTM:00/LNXPWRBN:00/input/input0
[   12.460949][    T1] ACPI: button: Power Button [PWRF]
[   12.482100][    T1] ioatdma: Intel(R) QuickData Technology Driver 5.00
[   12.498749][  T159] kworker/u8:1 (159) used greatest stack depth: 27280 bytes left
[   13.139088][    T1] N_HDLC line discipline registered with maxframe=4096
[   13.140040][    T1] Serial: 8250/16550 driver, 4 ports, IRQ sharing enabled
[   13.147860][    T1] 00:04: ttyS0 at I/O 0x3f8 (irq = 4, base_baud = 115200) is a 16550A
[   13.196337][    T1] Non-volatile memory driver v1.3
[   13.197218][    T1] Linux agpgart interface v0.103
[   13.207250][    T1] ACPI: bus type drm_connector registered
[   13.216842][    T1] [drm] Initialized vgem 1.0.0 20120112 for vgem on minor 0
[   13.232364][    T1] [drm] Initialized vkms 1.0.0 20180514 for vkms on minor 1
[   13.321550][    T1] Console: switching to colour frame buffer device 128x48
[   13.338155][    T1] platform vkms: [drm] fb0: vkmsdrmfb frame buffer device
[   13.339597][    T1] usbcore: registered new interface driver udl
[   13.341632][    T1] bochs-drm 0000:00:02.0: vgaarb: deactivate vga console
[   13.348499][    T1] [drm] Found bochs VGA, ID 0xb0c5.
[   13.349135][    T1] [drm] Framebuffer size 16384 kB @ 0xfd000000, mmio @ 0xfebf0000.
[   13.359205][    T1] [drm] Found EDID data blob.
[   13.372901][    T1] [drm] Initialized bochs-drm 1.0.0 20130925 for 0000:00:02.0 on minor 2
[   13.396194][    T1] fbcon: bochs-drmdrmfb (fb1) is primary device
[   13.396222][    T1] fbcon: Remapping primary device, fb1, to tty 1-63
[   24.837862][    T1] bochs-drm 0000:00:02.0: [drm] fb1: bochs-drmdrmfb frame buffer device
[   24.972830][    T1] brd: module loaded
[   25.178303][    T1] loop: module loaded
[   25.485434][    T1] zram: Added device: zram0
[   25.506300][    T1] null_blk: disk nullb0 created
[   25.506970][    T1] null_blk: module loaded
[   25.508899][    T1] Guest personality initialized and is inactive
[   25.511177][    T1] VMCI host device registered (name=vmci, major=10, minor=118)
[   25.512042][    T1] Initialized host personality
[   25.512960][    T1] usbcore: registered new interface driver rtsx_usb
[   25.516035][    T1] usbcore: registered new interface driver viperboard
[   25.518684][    T1] usbcore: registered new interface driver dln2
[   25.520014][    T1] usbcore: registered new interface driver pn533_usb
[   25.530553][    T1] nfcsim 0.2 initialized
[   25.531404][    T1] usbcore: registered new interface driver port100
[   25.532517][    T1] usbcore: registered new interface driver nfcmrvl
[   25.544011][    T1] Loading iSCSI transport class v2.0-870.
[   25.559985][    T1] st: Version 20160209, fixed bufsize 32768, s/g segs 256
[   25.620595][    T1] scsi host0: ata_piix
[   25.629844][    T1] scsi host1: ata_piix
[   25.633435][    T1] ata1: PATA max MWDMA2 cmd 0x1f0 ctl 0x3f6 bmdma 0xc000 irq 14 lpm-pol 0
[   25.634480][    T1] ata2: PATA max MWDMA2 cmd 0x170 ctl 0x376 bmdma 0xc008 irq 15 lpm-pol 0
[   25.645480][    T1] Rounding down aligned max_sectors from 4294967295 to 4294967288
[   25.647313][    T1] db_root: cannot open: /etc/target
[   25.650911][    T1] slram: not enough parameters.
[   25.660686][    T1] ftl_cs: FTL header not found.
[   25.726666][    T1] wireguard: WireGuard 1.0.0 loaded. See www.wireguard.com for information.
[   25.727674][    T1] wireguard: Copyright (C) 2015-2019 Jason A. Donenfeld <Jason@zx2c4.com>. All Rights Reserved.
[   25.728848][    T1] eql: Equalizer2002: Simon Janes (simon@ncm.com) and David S. Miller (davem@redhat.com)
[   25.746507][    T1] MACsec IEEE 802.1AE
[   25.766805][    T1] tun: Universal TUN/TAP device driver, 1.6
[   25.770802][    T1] vcan: Virtual CAN interface driver
[   25.771414][    T1] vxcan: Virtual CAN Tunnel driver
[   25.771998][    T1] slcan: serial line CAN interface driver
[   25.772649][    T1] CAN device driver interface
[   25.773879][    T1] usbcore: registered new interface driver usb_8dev
[   25.774981][    T1] usbcore: registered new interface driver ems_usb
[   25.776063][    T1] usbcore: registered new interface driver gs_usb
[   25.777157][    T1] usbcore: registered new interface driver kvaser_usb
[   25.778276][    T1] usbcore: registered new interface driver mcba_usb
[   25.779883][    T1] usbcore: registered new interface driver peak_usb
[   25.781336][    T1] e100: Intel(R) PRO/100 Network Driver
[   25.781972][    T1] e100: Copyright(c) 1999-2006 Intel Corporation
[   25.783043][    T1] e1000: Intel(R) PRO/1000 Network Driver
[   25.784238][    T1] e1000: Copyright (c) 1999-2006 Intel Corporation.
[   25.785475][    T1] e1000e: Intel(R) PRO/1000 Network Driver
[   25.786135][    T1] e1000e: Copyright(c) 1999 - 2015 Intel Corporation.
[   25.790909][    T1] mkiss: AX.25 Multikiss, Hans Albas PE1AYX
[   25.791586][    T1] AX.25: 6pack driver, Revision: 0.3.0
[   25.792245][    T1] AX.25: bpqether driver version 004
[   25.792851][    T1] PPP generic driver version 2.4.2
[   25.796272][    T1] PPP BSD Compression module registered
[   25.796953][    T1] PPP Deflate Compression module registered
[   25.797687][    T1] PPP MPPE Compression module registered
[   25.798808][    T1] NET: Registered PF_PPPOX protocol family
[   25.799590][    T1] PPTP driver version 0.8.5
[   25.800857][    T1] SLIP: version 0.8.4-NET3.019-NEWTTY (dynamic channels, max=256) (6 bit encapsulation enabled).
[   25.802041][    T1] CSLIP: code copyright 1989 Regents of the University of California.
[   25.802954][    T1] SLIP linefill/keepalive option.
[   25.804559][  T993] ata2: found unknown device (class 0)
[   25.806842][  T993] ata2.00: ATAPI: QEMU DVD-ROM, 2.5+, max UDMA/100
[   25.808030][    T1] hdlc: HDLC support module revision 1.22
[   25.808795][    T1] LAPB Ethernet driver version 0.02
[   25.811058][    T1] usbcore: registered new interface driver ath9k_htc
[   25.812171][    T1] usbcore: registered new interface driver carl9170
[   25.813279][    T1] usbcore: registered new interface driver ath6kl_usb
[   25.814439][    T1] usbcore: registered new interface driver ar5523
[   25.815922][    T1] usbcore: registered new interface driver ath10k_usb
[   25.817174][    T1] mac80211_hwsim: initializing netlink
[   25.825561][   T12] scsi 1:0:0:0: CD-ROM            QEMU     QEMU DVD-ROM     2.5+ PQ: 0 ANSI: 5
[   25.883240][    T1] usbcore: registered new interface driver atusb
[   25.907581][    T1] mac802154_hwsim mac802154_hwsim: Added 2 mac802154 hwsim hardware radios
[   25.910720][    T1] VMware vmxnet3 virtual NIC driver - version 1.7.0.0-k-NAPI
[   25.912311][    T1] usbcore: registered new interface driver catc
[   25.913393][    T1] usbcore: registered new interface driver kaweth
[   25.914587][    T1] pegasus: Pegasus/Pegasus II USB Ethernet driver
[   25.916118][    T1] usbcore: registered new interface driver pegasus
[   25.917635][    T1] usbcore: registered new interface driver rtl8150
[   25.919842][    T1] usbcore: registered new device driver r8152-cfgselector
[   25.921043][    T1] usbcore: registered new interface driver r8152
[   25.922253][    T1] usbcore: registered new interface driver hso
[   25.923302][    T1] usbcore: registered new interface driver lan78xx
[   25.924938][    T1] usbcore: registered new interface driver asix
[   25.926467][    T1] usbcore: registered new interface driver ax88179_178a
[   25.927720][    T1] usbcore: registered new interface driver cdc_ether
[   25.929945][   T12] sr 1:0:0:0: [sr0] scsi3-mmc drive: 4x/4x cd/rw xa/form2 tray
[   25.930970][   T12] cdrom: Uniform CD-ROM driver Revision: 3.20
[   25.931471][    T1] usbcore: registered new interface driver cdc_eem
[   25.933150][    T1] usbcore: registered new interface driver dm9601
[   25.934275][    T1] usbcore: registered new interface driver sr9700
[   25.935364][    T1] usbcore: registered new interface driver CoreChips
[   25.936470][    T1] usbcore: registered new interface driver smsc75xx
[   25.937568][    T1] usbcore: registered new interface driver smsc95xx
[   25.938687][    T1] usbcore: registered new interface driver gl620a
[   25.939759][    T1] usbcore: registered new interface driver net1080
[   25.940870][    T1] usbcore: registered new interface driver plusb
[   25.941940][    T1] usbcore: registered new interface driver rndis_host
[   25.944031][    T1] usbcore: registered new interface driver cdc_subset
[   25.945185][    T1] usbcore: registered new interface driver zaurus
[   25.946774][    T1] usbcore: registered new interface driver MOSCHIP usb-ethernet driver
[   25.948062][    T1] usbcore: registered new interface driver int51x1
[   25.949163][    T1] usbcore: registered new interface driver cdc_phonet
[   25.950275][    T1] usbcore: registered new interface driver kalmia
[   25.951348][    T1] usbcore: registered new interface driver ipheth
[   25.952367][    T1] usbcore: registered new interface driver sierra_net
[   25.953551][    T1] usbcore: registered new interface driver cx82310_eth
[   25.954715][    T1] usbcore: registered new interface driver cdc_ncm
[   25.955806][    T1] usbcore: registered new interface driver huawei_cdc_ncm
[   25.956961][    T1] usbcore: registered new interface driver lg-vl600
[   25.958059][    T1] usbcore: registered new interface driver qmi_wwan
[   25.959191][    T1] usbcore: registered new interface driver cdc_mbim
[   25.960282][    T1] usbcore: registered new interface driver ch9200
[   25.961707][    T1] usbcore: registered new interface driver r8153_ecm
[   25.984545][    T1] VFIO - User Level meta-driver version: 0.3
[   26.001222][   T12] sr 1:0:0:0: Attached scsi generic sg0 type 5
[   26.001906][    T1] aoe: AoE v85 initialised.
[   26.005590][ T1237] aoe: packet could not be sent on lo.  consider increasing tx_queue_len
[   26.009175][ T1237] aoe: packet could not be sent on bond0.  consider increasing tx_queue_len
[   26.010201][ T1237] aoe: packet could not be sent on dummy0.  consider increasing tx_queue_len
[   26.011234][ T1237] aoe: packet could not be sent on eql.  consider increasing tx_queue_len
[   26.012236][ T1237] aoe: packet could not be sent on ifb0.  consider increasing tx_queue_len
[   26.013254][ T1237] aoe: packet could not be sent on ifb1.  consider increasing tx_queue_len
[   26.016445][ T1237] aoe: packet could not be sent on wlan0.  consider increasing tx_queue_len
[   26.017502][ T1237] aoe: packet could not be sent on wlan1.  consider increasing tx_queue_len
[   26.018523][ T1237] aoe: packet could not be sent on hwsim0.  consider increasing tx_queue_len
[   26.019551][ T1237] aoe: packet could not be sent on wpan0.  consider increasing tx_queue_len
[   26.027953][    T1] SPI driver max3421-hcd has no spi_device_id for maxim,max3421
[   26.030222][    T1] usbcore: registered new interface driver cdc_acm
[   26.030967][    T1] cdc_acm: USB Abstract Control Model driver for USB modems and ISDN adapters
[   26.032316][    T1] usbcore: registered new interface driver usblp
[   26.033394][    T1] usbcore: registered new interface driver cdc_wdm
[   26.035986][    T1] usbcore: registered new interface driver usbtmc
[   26.038112][    T1] usbcore: registered new interface driver uas
[   26.039169][    T1] usbcore: registered new interface driver usb-storage
[   26.040249][    T1] usbcore: registered new interface driver ums-alauda
[   26.041304][    T1] usbcore: registered new interface driver ums-cypress
[   26.042362][    T1] usbcore: registered new interface driver ums-datafab
[   26.043420][    T1] usbcore: registered new interface driver ums_eneub6250
[   26.046363][    T1] usbcore: registered new interface driver ums-freecom
[   26.049522][    T1] usbcore: registered new interface driver ums-isd200
[   26.050908][    T1] usbcore: registered new interface driver ums-jumpshot
[   26.051996][    T1] usbcore: registered new interface driver ums-karma
[   26.053057][    T1] usbcore: registered new interface driver ums-onetouch
[   26.055400][    T1] usbcore: registered new interface driver ums-realtek
[   26.056481][    T1] usbcore: registered new interface driver ums-sddr09
[   26.058005][    T1] usbcore: registered new interface driver ums-sddr55
[   26.059082][    T1] usbcore: registered new interface driver ums-usbat
[   26.060357][    T1] usbcore: registered new interface driver mdc800
[   26.061098][    T1] mdc800: v0.7.5 (30/10/2000):USB Driver for Mustek MDC800 Digital Camera
[   26.062425][    T1] usbcore: registered new interface driver microtekX6
[   26.065370][    T1] usbcore: registered new interface driver usbserial_generic
[   26.067048][    T1] usbserial: USB Serial support registered for generic
[   26.068868][    T1] usbcore: registered new interface driver aircable
[   26.070016][    T1] usbserial: USB Serial support registered for aircable
[   26.071124][    T1] usbcore: registered new interface driver ark3116
[   26.072175][    T1] usbserial: USB Serial support registered for ark3116
[   26.073281][    T1] usbcore: registered new interface driver belkin_sa
[   26.075267][    T1] usbserial: USB Serial support registered for Belkin / Peracom / GoHubs USB Serial Adapter
[   26.076718][    T1] usbcore: registered new interface driver ch341
[   26.077713][    T1] usbserial: USB Serial support registered for ch341-uart
[   26.078835][    T1] usbcore: registered new interface driver cp210x
[   26.079828][    T1] usbserial: USB Serial support registered for cp210x
[   26.080960][    T1] usbcore: registered new interface driver cyberjack
[   26.082488][    T1] usbserial: USB Serial support registered for Reiner SCT Cyberjack USB card reader
[   26.083907][    T1] usbcore: registered new interface driver cypress_m8
[   26.085442][    T1] usbserial: USB Serial support registered for DeLorme Earthmate USB
[   26.086611][    T1] usbserial: USB Serial support registered for HID->COM RS232 Adapter
[   26.088293][    T1] usbserial: USB Serial support registered for Nokia CA-42 V2 Adapter
[   26.089548][    T1] usbcore: registered new interface driver usb_debug
[   26.090566][    T1] usbserial: USB Serial support registered for debug
[   26.091579][    T1] usbserial: USB Serial support registered for xhci_dbc
[   26.092680][    T1] usbcore: registered new interface driver digi_acceleport
[   26.094191][    T1] usbserial: USB Serial support registered for Digi 2 port USB adapter
[   26.095378][    T1] usbserial: USB Serial support registered for Digi 4 port USB adapter
[   26.096650][    T1] usbcore: registered new interface driver io_edgeport
[   26.097768][    T1] usbserial: USB Serial support registered for Edgeport 2 port adapter
[   26.098946][    T1] usbserial: USB Serial support registered for Edgeport 4 port adapter
[   26.100134][    T1] usbserial: USB Serial support registered for Edgeport 8 port adapter
[   26.101335][    T1] usbserial: USB Serial support registered for EPiC device
[   26.102889][    T1] usbcore: registered new interface driver io_ti
[   26.103901][    T1] usbserial: USB Serial support registered for Edgeport TI 1 port adapter
[   26.105162][    T1] usbserial: USB Serial support registered for Edgeport TI 2 port adapter
[   26.106437][    T1] usbcore: registered new interface driver empeg
[   26.107514][    T1] usbserial: USB Serial support registered for empeg
[   26.109429][    T1] usbcore: registered new interface driver f81534a_ctrl
[   26.110558][    T1] usbcore: registered new interface driver f81232
[   26.111571][    T1] usbserial: USB Serial support registered for f81232
[   26.112616][    T1] usbserial: USB Serial support registered for f81534a
[   26.113746][    T1] usbcore: registered new interface driver f81534
[   26.115126][    T1] usbserial: USB Serial support registered for Fintek F81532/F81534
[   26.116340][    T1] usbcore: registered new interface driver ftdi_sio
[   26.118074][    T1] usbserial: USB Serial support registered for FTDI USB Serial Device
[   26.120486][    T1] usbcore: registered new interface driver garmin_gps
[   26.122154][    T1] usbserial: USB Serial support registered for Garmin GPS usb/tty
[   26.123770][    T1] usbcore: registered new interface driver ipaq
[   26.124746][    T1] usbserial: USB Serial support registered for PocketPC PDA
[   26.125885][    T1] usbcore: registered new interface driver ipw
[   26.126851][    T1] usbserial: USB Serial support registered for IPWireless converter
[   26.128065][    T1] usbcore: registered new interface driver ir_usb
[   26.129094][    T1] usbserial: USB Serial support registered for IR Dongle
[   26.130209][    T1] usbcore: registered new interface driver iuu_phoenix
[   26.132009][    T1] usbserial: USB Serial support registered for iuu_phoenix
[   26.133149][    T1] usbcore: registered new interface driver keyspan
[   26.134187][    T1] usbserial: USB Serial support registered for Keyspan - (without firmware)
[   26.135422][    T1] usbserial: USB Serial support registered for Keyspan 1 port adapter
[   26.136596][    T1] usbserial: USB Serial support registered for Keyspan 2 port adapter
[   26.138113][    T1] usbserial: USB Serial support registered for Keyspan 4 port adapter
[   26.139355][    T1] usbcore: registered new interface driver keyspan_pda
[   26.140402][    T1] usbserial: USB Serial support registered for Keyspan PDA
[   26.141487][    T1] usbserial: USB Serial support registered for Keyspan PDA - (prerenumeration)
[   26.142824][    T1] usbcore: registered new interface driver kl5kusb105
[   26.144368][    T1] usbserial: USB Serial support registered for KL5KUSB105D / PalmConnect
[   26.145662][    T1] usbcore: registered new interface driver kobil_sct
[   26.146683][    T1] usbserial: USB Serial support registered for KOBIL USB smart card terminal
[   26.147991][    T1] usbcore: registered new interface driver mct_u232
[   26.149020][    T1] usbserial: USB Serial support registered for MCT U232
[   26.150161][    T1] usbcore: registered new interface driver metro_usb
[   26.151189][    T1] usbserial: USB Serial support registered for Metrologic USB to Serial
[   26.153234][    T1] usbcore: registered new interface driver mos7720
[   26.154294][    T1] usbserial: USB Serial support registered for Moschip 2 port adapter
[   26.155538][    T1] usbcore: registered new interface driver mos7840
[   26.156542][    T1] usbserial: USB Serial support registered for Moschip 7840/7820 USB Serial Driver
[   26.157922][    T1] usbcore: registered new interface driver mxuport
[   26.159280][    T1] usbserial: USB Serial support registered for MOXA UPort
[   26.160412][    T1] usbcore: registered new interface driver navman
[   26.161409][    T1] usbserial: USB Serial support registered for navman
[   26.162510][    T1] usbcore: registered new interface driver omninet
[   26.163582][    T1] usbserial: USB Serial support registered for ZyXEL - omni.net usb
[   26.165178][    T1] usbcore: registered new interface driver opticon
[   26.166188][    T1] usbserial: USB Serial support registered for opticon
[   26.167288][    T1] usbcore: registered new interface driver option
[   26.168300][    T1] usbserial: USB Serial support registered for GSM modem (1-port)
[   26.169529][    T1] usbcore: registered new interface driver oti6858
[   26.170535][    T1] usbserial: USB Serial support registered for oti6858
[   26.171633][    T1] usbcore: registered new interface driver pl2303
[   26.173394][    T1] usbserial: USB Serial support registered for pl2303
[   26.178058][    T1] usbcore: registered new interface driver qcaux
[   26.179046][    T1] usbserial: USB Serial support registered for qcaux
[   26.180123][    T1] usbcore: registered new interface driver qcserial
[   26.181145][    T1] usbserial: USB Serial support registered for Qualcomm USB modem
[   26.182348][    T1] usbcore: registered new interface driver quatech2
[   26.183371][    T1] usbserial: USB Serial support registered for Quatech 2nd gen USB to Serial Driver
[   26.186365][    T1] usbcore: registered new interface driver safe_serial
[   26.187713][    T1] usbserial: USB Serial support registered for safe_serial
[   26.189313][    T1] usbcore: registered new interface driver sierra
[   26.190314][    T1] usbserial: USB Serial support registered for Sierra USB modem
[   26.191506][    T1] usbcore: registered new interface driver usb_serial_simple
[   26.192602][    T1] usbserial: USB Serial support registered for carelink
[   26.196044][    T1] usbserial: USB Serial support registered for flashloader
[   26.197141][    T1] usbserial: USB Serial support registered for funsoft
[   26.198183][    T1] usbserial: USB Serial support registered for google
[   26.199226][    T1] usbserial: USB Serial support registered for hp4x
[   26.200239][    T1] usbserial: USB Serial support registered for kaufmann
[   26.201297][    T1] usbserial: USB Serial support registered for libtransistor
[   26.202396][    T1] usbserial: USB Serial support registered for moto_modem
[   26.203697][    T1] usbserial: USB Serial support registered for motorola_tetra
[   26.204826][    T1] usbserial: USB Serial support registered for nokia
[   26.207072][    T1] usbserial: USB Serial support registered for novatel_gps
[   26.208160][    T1] usbserial: USB Serial support registered for siemens_mpi
[   26.209240][    T1] usbserial: USB Serial support registered for suunto
[   26.210265][    T1] usbserial: USB Serial support registered for vivopay
[   26.212501][    T1] usbserial: USB Serial support registered for zio
[   26.213952][    T1] usbcore: registered new interface driver spcp8x5
[   26.214961][    T1] usbserial: USB Serial support registered for SPCP8x5
[   26.216063][    T1] usbcore: registered new interface driver ssu100
[   26.217061][    T1] usbserial: USB Serial support registered for Quatech SSU-100 USB to Serial Driver
[   26.218437][    T1] usbcore: registered new interface driver symbolserial
[   26.219498][    T1] usbserial: USB Serial support registered for symbol
[   26.220592][    T1] usbcore: registered new interface driver ti_usb_3410_5052
[   26.221688][    T1] usbserial: USB Serial support registered for TI USB 3410 1 port adapter
[   26.222908][    T1] usbserial: USB Serial support registered for TI USB 5052 2 port adapter
[   26.224913][    T1] usbcore: registered new interface driver upd78f0730
[   26.225956][    T1] usbserial: USB Serial support registered for upd78f0730
[   26.227082][    T1] usbcore: registered new interface driver visor
[   26.229191][    T1] usbserial: USB Serial support registered for Handspring Visor / Palm OS
[   26.230753][    T1] usbserial: USB Serial support registered for Sony Clie 5.0
[   26.232291][    T1] usbserial: USB Serial support registered for Sony Clie 3.5
[   26.234392][    T1] usbcore: registered new interface driver wishbone_serial
[   26.235481][    T1] usbserial: USB Serial support registered for wishbone_serial
[   26.236658][    T1] usbcore: registered new interface driver whiteheat
[   26.237698][    T1] usbserial: USB Serial support registered for Connect Tech - WhiteHEAT - (prerenumeration)
[   26.239098][    T1] usbserial: USB Serial support registered for Connect Tech - WhiteHEAT
[   26.240368][    T1] usbcore: registered new interface driver xr_serial
[   26.241399][    T1] usbserial: USB Serial support registered for xr_serial
[   26.242541][    T1] usbcore: registered new interface driver xsens_mt
[   26.243590][    T1] usbserial: USB Serial support registered for xsens_mt
[   26.244757][    T1] usbcore: registered new interface driver adutux
[   26.245903][    T1] usbcore: registered new interface driver appledisplay
[   26.247058][    T1] usbcore: registered new interface driver cypress_cy7c63
[   26.248238][    T1] usbcore: registered new interface driver cytherm
[   26.249382][    T1] usbcore: registered new interface driver emi26 - firmware loader
[   26.250647][    T1] usbcore: registered new interface driver emi62 - firmware loader
[   26.252722][    T1] usbcore: registered new interface driver idmouse
[   26.254289][    T1] usbcore: registered new interface driver iowarrior
[   26.255405][    T1] usbcore: registered new interface driver isight_firmware
[   26.256586][    T1] usbcore: registered new interface driver usblcd
[   26.257681][    T1] usbcore: registered new interface driver ldusb
[   26.258755][    T1] usbcore: registered new interface driver legousbtower
[   26.259907][    T1] usbcore: registered new interface driver usbtest
[   26.261010][    T1] usbcore: registered new interface driver usb_ehset_test
[   26.262172][    T1] usbcore: registered new interface driver trancevibrator
[   26.263411][    T1] usbcore: registered new interface driver uss720
[   26.264250][    T1] uss720: USB Parport Cable driver for Cables using the Lucent Technologies USS720 Chip
[   26.265385][    T1] uss720: NOTE: this is a special purpose driver to allow nonstandard
[   26.266304][    T1] uss720: protocols (eg. bitbang) over USS720 usb to parallel cables
[   26.267213][    T1] uss720: If you just want to connect to a printer, use usblp instead
[   26.268496][    T1] usbcore: registered new interface driver usbsevseg
[   26.269617][    T1] usbcore: registered new interface driver yurex
[   26.271908][    T1] usbcore: registered new interface driver chaoskey
[   26.273022][    T1] usbcore: registered new interface driver sisusb
[   26.275599][    T1] usbcore: registered new interface driver lvs
[   26.276671][    T1] usbcore: registered new interface driver cxacru
[   26.277760][    T1] usbcore: registered new interface driver speedtch
[   26.278897][    T1] usbcore: registered new interface driver ueagle-atm
[   26.279672][    T1] xusbatm: malformed module parameters
[   26.283649][    T1] dummy_hcd dummy_hcd.0: USB Host+Gadget Emulator, driver 02 May 2005
[   26.284699][    T1] dummy_hcd dummy_hcd.0: Dummy host controller
[   26.290130][    T1] dummy_hcd dummy_hcd.0: new USB bus registered, assigned bus number 1
[   26.296109][    T1] usb usb1: New USB device found, idVendor=1d6b, idProduct=0002, bcdDevice= 6.10
[   26.297341][    T1] usb usb1: New USB device strings: Mfr=3, Product=2, SerialNumber=1
[   26.298271][    T1] usb usb1: Product: Dummy host controller
[   26.298945][    T1] usb usb1: Manufacturer: Linux 6.10.0-rc2-00010-g2ab795141095-dirty dummy_hcd
[   26.299965][    T1] usb usb1: SerialNumber: dummy_hcd.0
[   26.311254][    T1] hub 1-0:1.0: USB hub found
[   26.312839][    T1] hub 1-0:1.0: 1 port detected
[   26.338162][    T1] gadgetfs: USB Gadget filesystem, version 24 Aug 2004
[   26.343435][    T1] vhci_hcd vhci_hcd.0: USB/IP Virtual Host Controller
[   26.346873][    T1] vhci_hcd vhci_hcd.0: new USB bus registered, assigned bus number 2
[   26.349538][    T1] vhci_hcd: created sysfs vhci_hcd.0
[   26.353544][    T1] usb usb2: New USB device found, idVendor=1d6b, idProduct=0002, bcdDevice= 6.10
[   26.354607][    T1] usb usb2: New USB device strings: Mfr=3, Product=2, SerialNumber=1
[   26.355539][    T1] usb usb2: Product: USB/IP Virtual Host Controller
[   26.356303][    T1] usb usb2: Manufacturer: Linux 6.10.0-rc2-00010-g2ab795141095-dirty vhci_hcd
[   26.357440][    T1] usb usb2: SerialNumber: vhci_hcd.0
[   26.366019][    T1] hub 2-0:1.0: USB hub found
[   26.367482][    T1] hub 2-0:1.0: 8 ports detected
[   26.395701][    T1] vhci_hcd vhci_hcd.0: USB/IP Virtual Host Controller
[   26.400791][    T1] vhci_hcd vhci_hcd.0: new USB bus registered, assigned bus number 3
[   26.402918][    T1] usb usb3: We don't know the algorithms for LPM for this host, disabling LPM.
[   26.407280][    T1] usb usb3: New USB device found, idVendor=1d6b, idProduct=0003, bcdDevice= 6.10
[   26.408310][    T1] usb usb3: New USB device strings: Mfr=3, Product=2, SerialNumber=1
[   26.409234][    T1] usb usb3: Product: USB/IP Virtual Host Controller
[   26.410000][    T1] usb usb3: Manufacturer: Linux 6.10.0-rc2-00010-g2ab795141095-dirty vhci_hcd
[   26.411010][    T1] usb usb3: SerialNumber: vhci_hcd.0
[   26.418685][    T1] hub 3-0:1.0: USB hub found
[   26.419907][    T1] hub 3-0:1.0: 8 ports detected
[   26.449817][    T1] vhci_hcd vhci_hcd.1: USB/IP Virtual Host Controller
[   26.453429][    T1] vhci_hcd vhci_hcd.1: new USB bus registered, assigned bus number 4
[   26.466046][    T1] usb usb4: New USB device found, idVendor=1d6b, idProduct=0002, bcdDevice= 6.10
[   26.468151][    T1] usb usb4: New USB device strings: Mfr=3, Product=2, SerialNumber=1
[   26.469995][    T1] usb usb4: Product: USB/IP Virtual Host Controller
[   26.471496][    T1] usb usb4: Manufacturer: Linux 6.10.0-rc2-00010-g2ab795141095-dirty vhci_hcd
[   26.473561][    T1] usb usb4: SerialNumber: vhci_hcd.1
[   26.484150][    T1] hub 4-0:1.0: USB hub found
[   26.485379][    T1] hub 4-0:1.0: 8 ports detected
[   26.513418][    T1] vhci_hcd vhci_hcd.1: USB/IP Virtual Host Controller
[   26.516307][    T1] vhci_hcd vhci_hcd.1: new USB bus registered, assigned bus number 5
[   26.518444][    T1] usb usb5: We don't know the algorithms for LPM for this host, disabling LPM.
[   26.522187][    T1] usb usb5: New USB device found, idVendor=1d6b, idProduct=0003, bcdDevice= 6.10
[   26.523237][    T1] usb usb5: New USB device strings: Mfr=3, Product=2, SerialNumber=1
[   26.524222][    T1] usb usb5: Product: USB/IP Virtual Host Controller
[   26.524993][    T1] usb usb5: Manufacturer: Linux 6.10.0-rc2-00010-g2ab795141095-dirty vhci_hcd
[   26.526009][    T1] usb usb5: SerialNumber: vhci_hcd.1
[   26.535202][    T1] hub 5-0:1.0: USB hub found
[   26.536444][    T1] hub 5-0:1.0: 8 ports detected
[   26.569587][    T1] vhci_hcd vhci_hcd.2: USB/IP Virtual Host Controller
[   26.572798][    T1] vhci_hcd vhci_hcd.2: new USB bus registered, assigned bus number 6
[   26.576948][    T1] usb usb6: New USB device found, idVendor=1d6b, idProduct=0002, bcdDevice= 6.10
[   26.578007][    T1] usb usb6: New USB device strings: Mfr=3, Product=2, SerialNumber=1
[   26.578933][    T1] usb usb6: Product: USB/IP Virtual Host Controller
[   26.579692][    T1] usb usb6: Manufacturer: Linux 6.10.0-rc2-00010-g2ab795141095-dirty vhci_hcd
[   26.580699][    T1] usb usb6: SerialNumber: vhci_hcd.2
[   26.589388][    T1] hub 6-0:1.0: USB hub found
[   26.590619][    T1] hub 6-0:1.0: 8 ports detected
[   26.615293][    T1] vhci_hcd vhci_hcd.2: USB/IP Virtual Host Controller
[   26.618679][    T1] vhci_hcd vhci_hcd.2: new USB bus registered, assigned bus number 7
[   26.622803][    T1] usb usb7: We don't know the algorithms for LPM for this host, disabling LPM.
[   26.630124][    T1] usb usb7: New USB device found, idVendor=1d6b, idProduct=0003, bcdDevice= 6.10
[   26.631179][    T1] usb usb7: New USB device strings: Mfr=3, Product=2, SerialNumber=1
[   26.632111][    T1] usb usb7: Product: USB/IP Virtual Host Controller
[   26.632875][    T1] usb usb7: Manufacturer: Linux 6.10.0-rc2-00010-g2ab795141095-dirty vhci_hcd
[   26.633944][    T1] usb usb7: SerialNumber: vhci_hcd.2
[   26.642521][    T1] hub 7-0:1.0: USB hub found
[   26.644391][    T1] hub 7-0:1.0: 8 ports detected
[   26.677616][    T1] vhci_hcd vhci_hcd.3: USB/IP Virtual Host Controller
[   26.680917][    T1] vhci_hcd vhci_hcd.3: new USB bus registered, assigned bus number 8
[   26.685183][    T1] usb usb8: New USB device found, idVendor=1d6b, idProduct=0002, bcdDevice= 6.10
[   26.686246][    T1] usb usb8: New USB device strings: Mfr=3, Product=2, SerialNumber=1
[   26.687180][    T1] usb usb8: Product: USB/IP Virtual Host Controller
[   26.687939][    T1] usb usb8: Manufacturer: Linux 6.10.0-rc2-00010-g2ab795141095-dirty vhci_hcd
[   26.688957][    T1] usb usb8: SerialNumber: vhci_hcd.3
[   26.697490][    T1] hub 8-0:1.0: USB hub found
[   26.698719][    T1] hub 8-0:1.0: 8 ports detected
[   26.725255][    T1] vhci_hcd vhci_hcd.3: USB/IP Virtual Host Controller
[   26.730722][    T1] vhci_hcd vhci_hcd.3: new USB bus registered, assigned bus number 9
[   26.734144][    T1] usb usb9: We don't know the algorithms for LPM for this host, disabling LPM.
[   26.737897][    T1] usb usb9: New USB device found, idVendor=1d6b, idProduct=0003, bcdDevice= 6.10
[   26.738950][    T1] usb usb9: New USB device strings: Mfr=3, Product=2, SerialNumber=1
[   26.739878][    T1] usb usb9: Product: USB/IP Virtual Host Controller
[   26.740650][    T1] usb usb9: Manufacturer: Linux 6.10.0-rc2-00010-g2ab795141095-dirty vhci_hcd
[   26.741669][    T1] usb usb9: SerialNumber: vhci_hcd.3
[   26.750244][    T1] hub 9-0:1.0: USB hub found
[   26.751477][    T1] hub 9-0:1.0: 8 ports detected
[   26.784924][    T1] vhci_hcd vhci_hcd.4: USB/IP Virtual Host Controller
[   26.788140][    T1] vhci_hcd vhci_hcd.4: new USB bus registered, assigned bus number 10
[   26.792284][    T1] usb usb10: New USB device found, idVendor=1d6b, idProduct=0002, bcdDevice= 6.10
[   26.793362][    T1] usb usb10: New USB device strings: Mfr=3, Product=2, SerialNumber=1
[   26.794339][    T1] usb usb10: Product: USB/IP Virtual Host Controller
[   26.795112][    T1] usb usb10: Manufacturer: Linux 6.10.0-rc2-00010-g2ab795141095-dirty vhci_hcd
[   26.796131][    T1] usb usb10: SerialNumber: vhci_hcd.4
[   26.804965][    T1] hub 10-0:1.0: USB hub found
[   26.806219][    T1] hub 10-0:1.0: 8 ports detected
[   26.832519][    T1] vhci_hcd vhci_hcd.4: USB/IP Virtual Host Controller
[   26.838128][    T1] vhci_hcd vhci_hcd.4: new USB bus registered, assigned bus number 11
[   26.840422][    T1] usb usb11: We don't know the algorithms for LPM for this host, disabling LPM.
[   26.845460][    T1] usb usb11: New USB device found, idVendor=1d6b, idProduct=0003, bcdDevice= 6.10
[   26.846520][    T1] usb usb11: New USB device strings: Mfr=3, Product=2, SerialNumber=1
[   26.847458][    T1] usb usb11: Product: USB/IP Virtual Host Controller
[   26.848227][    T1] usb usb11: Manufacturer: Linux 6.10.0-rc2-00010-g2ab795141095-dirty vhci_hcd
[   26.849251][    T1] usb usb11: SerialNumber: vhci_hcd.4
[   26.857934][    T1] hub 11-0:1.0: USB hub found
[   26.859190][    T1] hub 11-0:1.0: 8 ports detected
[   26.886639][    T1] vhci_hcd vhci_hcd.5: USB/IP Virtual Host Controller
[   26.890114][    T1] vhci_hcd vhci_hcd.5: new USB bus registered, assigned bus number 12
[   26.899897][    T1] usb usb12: New USB device found, idVendor=1d6b, idProduct=0002, bcdDevice= 6.10
[   26.900975][    T1] usb usb12: New USB device strings: Mfr=3, Product=2, SerialNumber=1
[   26.901909][    T1] usb usb12: Product: USB/IP Virtual Host Controller
[   26.902676][    T1] usb usb12: Manufacturer: Linux 6.10.0-rc2-00010-g2ab795141095-dirty vhci_hcd
[   26.903737][    T1] usb usb12: SerialNumber: vhci_hcd.5
[   26.912185][    T1] hub 12-0:1.0: USB hub found
[   26.913445][    T1] hub 12-0:1.0: 8 ports detected
[   26.938769][    T1] vhci_hcd vhci_hcd.5: USB/IP Virtual Host Controller
[   26.942142][    T1] vhci_hcd vhci_hcd.5: new USB bus registered, assigned bus number 13
[   26.947983][    T1] usb usb13: We don't know the algorithms for LPM for this host, disabling LPM.
[   26.951816][    T1] usb usb13: New USB device found, idVendor=1d6b, idProduct=0003, bcdDevice= 6.10
[   26.952882][    T1] usb usb13: New USB device strings: Mfr=3, Product=2, SerialNumber=1
[   26.953878][    T1] usb usb13: Product: USB/IP Virtual Host Controller
[   26.954647][    T1] usb usb13: Manufacturer: Linux 6.10.0-rc2-00010-g2ab795141095-dirty vhci_hcd
[   26.955665][    T1] usb usb13: SerialNumber: vhci_hcd.5
[   26.965019][    T1] hub 13-0:1.0: USB hub found
[   26.966261][    T1] hub 13-0:1.0: 8 ports detected
[   27.000051][    T1] vhci_hcd vhci_hcd.6: USB/IP Virtual Host Controller
[   27.003254][    T1] vhci_hcd vhci_hcd.6: new USB bus registered, assigned bus number 14
[   27.007500][    T1] usb usb14: New USB device found, idVendor=1d6b, idProduct=0002, bcdDevice= 6.10
[   27.008561][    T1] usb usb14: New USB device strings: Mfr=3, Product=2, SerialNumber=1
[   27.009500][    T1] usb usb14: Product: USB/IP Virtual Host Controller
[   27.010266][    T1] usb usb14: Manufacturer: Linux 6.10.0-rc2-00010-g2ab795141095-dirty vhci_hcd
[   27.011294][    T1] usb usb14: SerialNumber: vhci_hcd.6
[   27.019835][    T1] hub 14-0:1.0: USB hub found
[   27.021112][    T1] hub 14-0:1.0: 8 ports detected
[   27.047435][    T1] vhci_hcd vhci_hcd.6: USB/IP Virtual Host Controller
[   27.050795][    T1] vhci_hcd vhci_hcd.6: new USB bus registered, assigned bus number 15
[   27.054755][    T1] usb usb15: We don't know the algorithms for LPM for this host, disabling LPM.
[   27.059879][    T1] usb usb15: New USB device found, idVendor=1d6b, idProduct=0003, bcdDevice= 6.10
[   27.060952][    T1] usb usb15: New USB device strings: Mfr=3, Product=2, SerialNumber=1
[   27.061896][    T1] usb usb15: Product: USB/IP Virtual Host Controller
[   27.062666][    T1] usb usb15: Manufacturer: Linux 6.10.0-rc2-00010-g2ab795141095-dirty vhci_hcd
[   27.063738][    T1] usb usb15: SerialNumber: vhci_hcd.6
[   27.072443][    T1] hub 15-0:1.0: USB hub found
[   27.073779][    T1] hub 15-0:1.0: 8 ports detected
[   27.112124][    T1] vhci_hcd vhci_hcd.7: USB/IP Virtual Host Controller
[   27.119868][    T1] vhci_hcd vhci_hcd.7: new USB bus registered, assigned bus number 16
[   27.127055][    T1] usb usb16: New USB device found, idVendor=1d6b, idProduct=0002, bcdDevice= 6.10
[   27.129147][    T1] usb usb16: New USB device strings: Mfr=3, Product=2, SerialNumber=1
[   27.130981][    T1] usb usb16: Product: USB/IP Virtual Host Controller
[   27.132511][    T1] usb usb16: Manufacturer: Linux 6.10.0-rc2-00010-g2ab795141095-dirty vhci_hcd
[   27.134784][    T1] usb usb16: SerialNumber: vhci_hcd.7
[   27.148316][    T1] hub 16-0:1.0: USB hub found
[   27.150442][    T1] hub 16-0:1.0: 8 ports detected
[   27.181130][    T1] vhci_hcd vhci_hcd.7: USB/IP Virtual Host Controller
[   27.190322][    T1] vhci_hcd vhci_hcd.7: new USB bus registered, assigned bus number 17
[   27.194289][    T1] usb usb17: We don't know the algorithms for LPM for this host, disabling LPM.
[   27.200492][    T1] usb usb17: New USB device found, idVendor=1d6b, idProduct=0003, bcdDevice= 6.10
[   27.202362][    T1] usb usb17: New USB device strings: Mfr=3, Product=2, SerialNumber=1
[   27.204414][    T1] usb usb17: Product: USB/IP Virtual Host Controller
[   27.205771][    T1] usb usb17: Manufacturer: Linux 6.10.0-rc2-00010-g2ab795141095-dirty vhci_hcd
[   27.207550][    T1] usb usb17: SerialNumber: vhci_hcd.7
[   27.216262][    T1] hub 17-0:1.0: USB hub found
[   27.217618][    T1] hub 17-0:1.0: 8 ports detected
[   27.256129][    T1] vhci_hcd vhci_hcd.8: USB/IP Virtual Host Controller
[   27.261555][    T1] vhci_hcd vhci_hcd.8: new USB bus registered, assigned bus number 18
[   27.270819][    T1] usb usb18: New USB device found, idVendor=1d6b, idProduct=0002, bcdDevice= 6.10
[   27.272682][    T1] usb usb18: New USB device strings: Mfr=3, Product=2, SerialNumber=1
[   27.274415][    T1] usb usb18: Product: USB/IP Virtual Host Controller
[   27.275768][    T1] usb usb18: Manufacturer: Linux 6.10.0-rc2-00010-g2ab795141095-dirty vhci_hcd
[   27.277565][    T1] usb usb18: SerialNumber: vhci_hcd.8
[   27.287634][    T1] hub 18-0:1.0: USB hub found
[   27.288913][    T1] hub 18-0:1.0: 8 ports detected
[   27.315942][    T1] vhci_hcd vhci_hcd.8: USB/IP Virtual Host Controller
[   27.319217][    T1] vhci_hcd vhci_hcd.8: new USB bus registered, assigned bus number 19
[   27.322764][    T1] usb usb19: We don't know the algorithms for LPM for this host, disabling LPM.
[   27.328763][    T1] usb usb19: New USB device found, idVendor=1d6b, idProduct=0003, bcdDevice= 6.10
[   27.330624][    T1] usb usb19: New USB device strings: Mfr=3, Product=2, SerialNumber=1
[   27.332261][    T1] usb usb19: Product: USB/IP Virtual Host Controller
[   27.334823][    T1] usb usb19: Manufacturer: Linux 6.10.0-rc2-00010-g2ab795141095-dirty vhci_hcd
[   27.336611][    T1] usb usb19: SerialNumber: vhci_hcd.8
[   27.344589][    T1] hub 19-0:1.0: USB hub found
[   27.346986][    T1] hub 19-0:1.0: 8 ports detected
[   27.375124][    T1] vhci_hcd vhci_hcd.9: USB/IP Virtual Host Controller
[   27.381140][    T1] vhci_hcd vhci_hcd.9: new USB bus registered, assigned bus number 20
[   27.386315][    T1] usb usb20: New USB device found, idVendor=1d6b, idProduct=0002, bcdDevice= 6.10
[   27.388417][    T1] usb usb20: New USB device strings: Mfr=3, Product=2, SerialNumber=1
[   27.390283][    T1] usb usb20: Product: USB/IP Virtual Host Controller
[   27.391802][    T1] usb usb20: Manufacturer: Linux 6.10.0-rc2-00010-g2ab795141095-dirty vhci_hcd
[   27.395561][    T1] usb usb20: SerialNumber: vhci_hcd.9
[   27.406086][    T1] hub 20-0:1.0: USB hub found
[   27.408388][    T1] hub 20-0:1.0: 8 ports detected
[   27.438665][    T1] vhci_hcd vhci_hcd.9: USB/IP Virtual Host Controller
[   27.445619][    T1] vhci_hcd vhci_hcd.9: new USB bus registered, assigned bus number 21
[   27.449500][    T1] usb usb21: We don't know the algorithms for LPM for this host, disabling LPM.
[   27.454599][    T1] usb usb21: New USB device found, idVendor=1d6b, idProduct=0003, bcdDevice= 6.10
[   27.455630][    T1] usb usb21: New USB device strings: Mfr=3, Product=2, SerialNumber=1
[   27.456542][    T1] usb usb21: Product: USB/IP Virtual Host Controller
[   27.457293][    T1] usb usb21: Manufacturer: Linux 6.10.0-rc2-00010-g2ab795141095-dirty vhci_hcd
[   27.458282][    T1] usb usb21: SerialNumber: vhci_hcd.9
[   27.466754][    T1] hub 21-0:1.0: USB hub found
[   27.469024][    T1] hub 21-0:1.0: 8 ports detected
[   27.510424][    T1] vhci_hcd vhci_hcd.10: USB/IP Virtual Host Controller
[   27.514439][    T1] vhci_hcd vhci_hcd.10: new USB bus registered, assigned bus number 22
[   27.519861][    T1] usb usb22: New USB device found, idVendor=1d6b, idProduct=0002, bcdDevice= 6.10
[   27.521982][    T1] usb usb22: New USB device strings: Mfr=3, Product=2, SerialNumber=1
[   27.523936][    T1] usb usb22: Product: USB/IP Virtual Host Controller
[   27.525478][    T1] usb usb22: Manufacturer: Linux 6.10.0-rc2-00010-g2ab795141095-dirty vhci_hcd
[   27.527512][    T1] usb usb22: SerialNumber: vhci_hcd.10
[   27.538050][    T1] hub 22-0:1.0: USB hub found
[   27.539320][    T1] hub 22-0:1.0: 8 ports detected
[   27.564648][    T1] vhci_hcd vhci_hcd.10: USB/IP Virtual Host Controller
[   27.568861][    T1] vhci_hcd vhci_hcd.10: new USB bus registered, assigned bus number 23
[   27.571428][    T1] usb usb23: We don't know the algorithms for LPM for this host, disabling LPM.
[   27.576821][    T1] usb usb23: New USB device found, idVendor=1d6b, idProduct=0003, bcdDevice= 6.10
[   27.577856][    T1] usb usb23: New USB device strings: Mfr=3, Product=2, SerialNumber=1
[   27.578764][    T1] usb usb23: Product: USB/IP Virtual Host Controller
[   27.579509][    T1] usb usb23: Manufacturer: Linux 6.10.0-rc2-00010-g2ab795141095-dirty vhci_hcd
[   27.580497][    T1] usb usb23: SerialNumber: vhci_hcd.10
[   27.590385][    T1] hub 23-0:1.0: USB hub found
[   27.591614][    T1] hub 23-0:1.0: 8 ports detected
[   27.625286][    T1] vhci_hcd vhci_hcd.11: USB/IP Virtual Host Controller
[   27.628168][    T1] vhci_hcd vhci_hcd.11: new USB bus registered, assigned bus number 24
[   27.632160][    T1] usb usb24: New USB device found, idVendor=1d6b, idProduct=0002, bcdDevice= 6.10
[   27.633194][    T1] usb usb24: New USB device strings: Mfr=3, Product=2, SerialNumber=1
[   27.634158][    T1] usb usb24: Product: USB/IP Virtual Host Controller
[   27.634910][    T1] usb usb24: Manufacturer: Linux 6.10.0-rc2-00010-g2ab795141095-dirty vhci_hcd
[   27.635900][    T1] usb usb24: SerialNumber: vhci_hcd.11
[   27.644283][    T1] hub 24-0:1.0: USB hub found
[   27.646387][    T1] hub 24-0:1.0: 8 ports detected
[   27.673624][    T1] vhci_hcd vhci_hcd.11: USB/IP Virtual Host Controller
[   27.678938][    T1] vhci_hcd vhci_hcd.11: new USB bus registered, assigned bus number 25
[   27.683151][    T1] usb usb25: We don't know the algorithms for LPM for this host, disabling LPM.
[   27.692294][    T1] usb usb25: New USB device found, idVendor=1d6b, idProduct=0003, bcdDevice= 6.10
[   27.694486][    T1] usb usb25: New USB device strings: Mfr=3, Product=2, SerialNumber=1
[   27.696341][    T1] usb usb25: Product: USB/IP Virtual Host Controller
[   27.697857][    T1] usb usb25: Manufacturer: Linux 6.10.0-rc2-00010-g2ab795141095-dirty vhci_hcd
[   27.699640][    T1] usb usb25: SerialNumber: vhci_hcd.11
[   27.710063][    T1] hub 25-0:1.0: USB hub found
[   27.712208][    T1] hub 25-0:1.0: 8 ports detected
[   27.746234][    T1] vhci_hcd vhci_hcd.12: USB/IP Virtual Host Controller
[   27.750178][    T1] vhci_hcd vhci_hcd.12: new USB bus registered, assigned bus number 26
[   27.755801][    T1] usb usb26: New USB device found, idVendor=1d6b, idProduct=0002, bcdDevice= 6.10
[   27.756884][    T1] usb usb26: New USB device strings: Mfr=3, Product=2, SerialNumber=1
[   27.757821][    T1] usb usb26: Product: USB/IP Virtual Host Controller
[   27.758589][    T1] usb usb26: Manufacturer: Linux 6.10.0-rc2-00010-g2ab795141095-dirty vhci_hcd
[   27.759609][    T1] usb usb26: SerialNumber: vhci_hcd.12
[   27.768542][    T1] hub 26-0:1.0: USB hub found
[   27.771578][    T1] hub 26-0:1.0: 8 ports detected
[   27.803793][    T1] vhci_hcd vhci_hcd.12: USB/IP Virtual Host Controller
[   27.808639][    T1] vhci_hcd vhci_hcd.12: new USB bus registered, assigned bus number 27
[   27.810776][    T1] usb usb27: We don't know the algorithms for LPM for this host, disabling LPM.
[   27.814803][    T1] usb usb27: New USB device found, idVendor=1d6b, idProduct=0003, bcdDevice= 6.10
[   27.816618][    T1] usb usb27: New USB device strings: Mfr=3, Product=2, SerialNumber=1
[   27.818273][    T1] usb usb27: Product: USB/IP Virtual Host Controller
[   27.819620][    T1] usb usb27: Manufacturer: Linux 6.10.0-rc2-00010-g2ab795141095-dirty vhci_hcd
[   27.821412][    T1] usb usb27: SerialNumber: vhci_hcd.12
[   27.830439][    T1] hub 27-0:1.0: USB hub found
[   27.831726][    T1] hub 27-0:1.0: 8 ports detected
[   27.862751][    T1] vhci_hcd vhci_hcd.13: USB/IP Virtual Host Controller
[   27.870870][    T1] vhci_hcd vhci_hcd.13: new USB bus registered, assigned bus number 28
[   27.875214][    T1] usb usb28: New USB device found, idVendor=1d6b, idProduct=0002, bcdDevice= 6.10
[   27.876259][    T1] usb usb28: New USB device strings: Mfr=3, Product=2, SerialNumber=1
[   27.877199][    T1] usb usb28: Product: USB/IP Virtual Host Controller
[   27.877965][    T1] usb usb28: Manufacturer: Linux 6.10.0-rc2-00010-g2ab795141095-dirty vhci_hcd
[   27.878976][    T1] usb usb28: SerialNumber: vhci_hcd.13
[   27.888442][    T1] hub 28-0:1.0: USB hub found
[   27.889676][    T1] hub 28-0:1.0: 8 ports detected
[   27.923261][    T1] vhci_hcd vhci_hcd.13: USB/IP Virtual Host Controller
[   27.926506][    T1] vhci_hcd vhci_hcd.13: new USB bus registered, assigned bus number 29
[   27.928762][    T1] usb usb29: We don't know the algorithms for LPM for this host, disabling LPM.
[   27.935511][    T1] usb usb29: New USB device found, idVendor=1d6b, idProduct=0003, bcdDevice= 6.10
[   27.936544][    T1] usb usb29: New USB device strings: Mfr=3, Product=2, SerialNumber=1
[   27.937461][    T1] usb usb29: Product: USB/IP Virtual Host Controller
[   27.938207][    T1] usb usb29: Manufacturer: Linux 6.10.0-rc2-00010-g2ab795141095-dirty vhci_hcd
[   27.939192][    T1] usb usb29: SerialNumber: vhci_hcd.13
[   27.947499][    T1] hub 29-0:1.0: USB hub found
[   27.949869][    T1] hub 29-0:1.0: 8 ports detected
[   27.992386][    T1] vhci_hcd vhci_hcd.14: USB/IP Virtual Host Controller
[   27.997953][    T1] vhci_hcd vhci_hcd.14: new USB bus registered, assigned bus number 30
[   28.007285][    T1] usb usb30: New USB device found, idVendor=1d6b, idProduct=0002, bcdDevice= 6.10
[   28.008492][    T1] usb usb30: New USB device strings: Mfr=3, Product=2, SerialNumber=1
[   28.009400][    T1] usb usb30: Product: USB/IP Virtual Host Controller
[   28.010141][    T1] usb usb30: Manufacturer: Linux 6.10.0-rc2-00010-g2ab795141095-dirty vhci_hcd
[   28.011121][    T1] usb usb30: SerialNumber: vhci_hcd.14
[   28.020721][    T1] hub 30-0:1.0: USB hub found
[   28.021952][    T1] hub 30-0:1.0: 8 ports detected
[   28.047035][    T1] vhci_hcd vhci_hcd.14: USB/IP Virtual Host Controller
[   28.050380][    T1] vhci_hcd vhci_hcd.14: new USB bus registered, assigned bus number 31
[   28.054220][    T1] usb usb31: We don't know the algorithms for LPM for this host, disabling LPM.
[   28.057855][    T1] usb usb31: New USB device found, idVendor=1d6b, idProduct=0003, bcdDevice= 6.10
[   28.058884][    T1] usb usb31: New USB device strings: Mfr=3, Product=2, SerialNumber=1
[   28.059792][    T1] usb usb31: Product: USB/IP Virtual Host Controller
[   28.060538][    T1] usb usb31: Manufacturer: Linux 6.10.0-rc2-00010-g2ab795141095-dirty vhci_hcd
[   28.061532][    T1] usb usb31: SerialNumber: vhci_hcd.14
[   28.070067][    T1] hub 31-0:1.0: USB hub found
[   28.071271][    T1] hub 31-0:1.0: 8 ports detected
[   28.120294][    T1] vhci_hcd vhci_hcd.15: USB/IP Virtual Host Controller
[   28.123723][    T1] vhci_hcd vhci_hcd.15: new USB bus registered, assigned bus number 32
[   28.128533][    T1] usb usb32: New USB device found, idVendor=1d6b, idProduct=0002, bcdDevice= 6.10
[   28.130408][    T1] usb usb32: New USB device strings: Mfr=3, Product=2, SerialNumber=1
[   28.132049][    T1] usb usb32: Product: USB/IP Virtual Host Controller
[   28.133402][    T1] usb usb32: Manufacturer: Linux 6.10.0-rc2-00010-g2ab795141095-dirty vhci_hcd
[   28.134516][    T1] usb usb32: SerialNumber: vhci_hcd.15
[   28.142093][    T1] hub 32-0:1.0: USB hub found
[   28.146091][    T1] hub 32-0:1.0: 8 ports detected
[   28.171383][    T1] vhci_hcd vhci_hcd.15: USB/IP Virtual Host Controller
[   28.175808][    T1] vhci_hcd vhci_hcd.15: new USB bus registered, assigned bus number 33
[   28.178008][    T1] usb usb33: We don't know the algorithms for LPM for this host, disabling LPM.
[   28.182125][    T1] usb usb33: New USB device found, idVendor=1d6b, idProduct=0003, bcdDevice= 6.10
[   28.183207][    T1] usb usb33: New USB device strings: Mfr=3, Product=2, SerialNumber=1
[   28.184790][    T1] usb usb33: Product: USB/IP Virtual Host Controller
[   28.185568][    T1] usb usb33: Manufacturer: Linux 6.10.0-rc2-00010-g2ab795141095-dirty vhci_hcd
[   28.186593][    T1] usb usb33: SerialNumber: vhci_hcd.15
[   28.194426][    T1] hub 33-0:1.0: USB hub found
[   28.195717][    T1] hub 33-0:1.0: 8 ports detected
[   28.228149][    T1] usbcore: registered new device driver usbip-host
[   28.237087][    T1] i8042: PNP: PS/2 Controller [PNP0303:KBD,PNP0f13:MOU] at 0x60,0x64 irq 1,12
[   28.242683][    T1] serio: i8042 KBD port at 0x60,0x64 irq 1
[   28.247718][    T1] serio: i8042 AUX port at 0x60,0x64 irq 12
[   28.255952][    T1] mousedev: PS/2 mouse device common for all mice
[   28.259843][    T1] usbcore: registered new interface driver appletouch
[   28.261206][    T1] usbcore: registered new interface driver bcm5974
[   28.268646][   T44] input: AT Translated Set 2 keyboard as /devices/platform/i8042/serio0/input/input1
[   28.269443][    T1] usbcore: registered new interface driver synaptics_usb
[   28.271231][    T1] usbcore: registered new interface driver iforce
[   28.272754][    T1] usbcore: registered new interface driver xpad
[   28.281353][    T1] usbcore: registered new interface driver usb_acecad
[   28.282609][    T1] usbcore: registered new interface driver aiptek
[   28.289588][    T1] usbcore: registered new interface driver hanwang
[   28.291066][    T1] usbcore: registered new interface driver kbtab
[   28.292616][    T1] usbcore: registered new interface driver pegasus_notetaker
[   28.294800][    T1] usbcore: registered new interface driver usbtouchscreen
[   28.296070][    T1] usbcore: registered new interface driver sur40
[   28.297253][    T1] usbcore: registered new interface driver ati_remote2
[   28.298040][    T1] cm109: Keymap for Komunikate KIP1000 phone loaded
[   28.299305][    T1] usbcore: registered new interface driver cm109
[   28.300030][    T1] cm109: CM109 phone driver: 20080805 (C) Alfred E. Heggestad
[   28.301340][    T1] usbcore: registered new interface driver ims_pcu
[   28.302549][    T1] usbcore: registered new interface driver keyspan_remote
[   28.303851][    T1] usbcore: registered new interface driver powermate
[   28.306065][    T1] usbcore: registered new interface driver yealink
[   28.310751][    T1] rtc_cmos 00:05: RTC can wake from S4
[   28.326438][    T1] rtc_cmos 00:05: registered as rtc0
[   28.327154][    T1] rtc_cmos 00:05: alarms up to one day, y3k, 242 bytes nvram, hpet irqs
[   28.329234][    T1] i2c_dev: i2c /dev entries driver
[   28.331754][    T1] usbcore: registered new interface driver i2c-diolan-u2c
[   28.336029][    T1] usbcore: registered new interface driver RobotFuzz Open Source InterFace, OSIF
[   28.337554][    T1] usbcore: registered new interface driver i2c-tiny-usb
[   28.346836][    T1] usbcore: registered new interface driver igorplugusb
[   28.348080][    T1] usbcore: registered new interface driver iguanair
[   28.349379][    T1] usbcore: registered new interface driver imon
[   28.350838][    T1] usbcore: registered new interface driver mceusb
[   28.352027][    T1] usbcore: registered new interface driver redrat3
[   28.353253][    T1] usbcore: registered new interface driver streamzap
[   28.357582][    T1] usbcore: registered new interface driver ttusbir
[   28.358804][    T1] usbcore: registered new interface driver ati_remote
[   28.360354][    T1] b2c2-flexcop: B2C2 FlexcopII/II(b)/III digital TV receiver chip loaded successfully
[   28.362089][    T1] usbcore: registered new interface driver b2c2_flexcop_usb
[   28.363394][    T1] usbcore: registered new interface driver dvb_usb_vp7045
[   28.364751][    T1] usbcore: registered new interface driver dvb_usb_vp702x
[   28.366064][    T1] usbcore: registered new interface driver dvb_usb_gp8psk
[   28.367344][    T1] usbcore: registered new interface driver dvb_usb_dtt200u
[   28.368631][    T1] usbcore: registered new interface driver dvb_usb_a800
[   28.369983][    T1] usbcore: registered new interface driver dvb_usb_dibusb_mb
[   28.371324][    T1] usbcore: registered new interface driver dvb_usb_dibusb_mc
[   28.372628][    T1] usbcore: registered new interface driver dvb_usb_nova_t_usb2
[   28.379494][    T1] usbcore: registered new interface driver dvb_usb_umt_010
[   28.380805][    T1] usbcore: registered new interface driver dvb_usb_m920x
[   28.382051][    T1] usbcore: registered new interface driver dvb_usb_digitv
[   28.383938][    T1] usbcore: registered new interface driver dvb_usb_cxusb
[   28.385246][    T1] usbcore: registered new interface driver dvb_usb_ttusb2
[   28.386832][    T1] usbcore: registered new interface driver dvb_usb_dib0700
[   28.388105][    T1] usbcore: registered new interface driver opera1
[   28.389358][    T1] usbcore: registered new interface driver dvb_usb_af9005
[   28.390176][    T1] failing symbol_get of non-GPLONLY symbol af9005_rc_decode.
[   28.391984][    T1] failing symbol_get of non-GPLONLY symbol af9005_rc_decode.
[   28.392836][    T1] failing symbol_get of non-GPLONLY symbol rc_map_af9005_table.
[   28.395085][    T1] failing symbol_get of non-GPLONLY symbol rc_map_af9005_table.
[   28.395953][    T1] failing symbol_get of non-GPLONLY symbol rc_map_af9005_table_size.
[   28.397930][    T1] failing symbol_get of non-GPLONLY symbol rc_map_af9005_table_size.
[   28.398844][    T1] af9005: af9005_rc_decode function not found, disabling remote
[   28.400162][    T1] usbcore: registered new interface driver pctv452e
[   28.401455][    T1] usbcore: registered new interface driver dw2102
[   28.402647][    T1] usbcore: registered new interface driver dvb_usb_dtv5100
[   28.404027][    T1] usbcore: registered new interface driver cinergyT2
[   28.405268][    T1] usbcore: registered new interface driver dvb_usb_az6027
[   28.406533][    T1] usbcore: registered new interface driver dvb_usb_technisat_usb2
[   28.407932][    T1] usbcore: registered new interface driver dvb_usb_af9015
[   28.409257][    T1] usbcore: registered new interface driver dvb_usb_af9035
[   28.410492][    T1] usbcore: registered new interface driver dvb_usb_anysee
[   28.411708][    T1] usbcore: registered new interface driver dvb_usb_au6610
[   28.412929][    T1] usbcore: registered new interface driver dvb_usb_az6007
[   28.414558][    T1] usbcore: registered new interface driver dvb_usb_ce6230
[   28.415770][    T1] usbcore: registered new interface driver dvb_usb_ec168
[   28.416989][    T1] usbcore: registered new interface driver dvb_usb_lmedm04
[   28.418209][    T1] usbcore: registered new interface driver dvb_usb_gl861
[   28.419515][    T1] usbcore: registered new interface driver dvb_usb_mxl111sf
[   28.420852][    T1] usbcore: registered new interface driver dvb_usb_rtl28xxu
[   28.422140][    T1] usbcore: registered new interface driver dvb_usb_dvbsky
[   28.423339][    T1] usbcore: registered new interface driver zd1301
[   28.424590][    T1] usbcore: registered new interface driver s2255
[   28.425915][    T1] usbcore: registered new interface driver smsusb
[   28.427127][    T1] usbcore: registered new interface driver ttusb
[   28.428334][    T1] usbcore: registered new interface driver ttusb-dec
[   28.429572][    T1] usbcore: registered new interface driver Abilis Systems as10x usb driver
[   28.430997][    T1] usbcore: registered new interface driver airspy
[   28.431732][    T1] gspca_main: v2.14.0 registered
[   28.432760][    T1] usbcore: registered new interface driver benq
[   28.433979][    T1] usbcore: registered new interface driver conex
[   28.435158][    T1] usbcore: registered new interface driver cpia1
[   28.436333][    T1] usbcore: registered new interface driver dtcs033
[   28.437543][    T1] usbcore: registered new interface driver etoms
[   28.438787][    T1] usbcore: registered new interface driver finepix
[   28.439976][    T1] usbcore: registered new interface driver jeilinj
[   28.441185][    T1] usbcore: registered new interface driver jl2005bcd
[   28.442438][    T1] usbcore: registered new interface driver kinect
[   28.443886][    T1] usbcore: registered new interface driver konica
[   28.445094][    T1] usbcore: registered new interface driver mars
[   28.446270][    T1] usbcore: registered new interface driver mr97310a
[   28.447502][    T1] usbcore: registered new interface driver nw80x
[   28.448782][    T1] usbcore: registered new interface driver ov519
[   28.449959][    T1] usbcore: registered new interface driver ov534
[   28.451158][    T1] usbcore: registered new interface driver ov534_9
[   28.452401][    T1] usbcore: registered new interface driver pac207
[   28.453688][    T1] usbcore: registered new interface driver gspca_pac7302
[   28.454963][    T1] usbcore: registered new interface driver pac7311
[   28.456199][    T1] usbcore: registered new interface driver se401
[   28.457405][    T1] usbcore: registered new interface driver sn9c2028
[   28.458740][    T1] usbcore: registered new interface driver gspca_sn9c20x
[   28.460068][    T1] usbcore: registered new interface driver sonixb
[   28.461386][    T1] usbcore: registered new interface driver sonixj
[   28.462628][    T1] usbcore: registered new interface driver spca500
[   28.464339][    T1] usbcore: registered new interface driver spca501
[   28.465558][    T1] usbcore: registered new interface driver spca505
[   28.466776][    T1] usbcore: registered new interface driver spca506
[   28.467995][    T1] usbcore: registered new interface driver spca508
[   28.469374][    T1] usbcore: registered new interface driver spca561
[   28.470734][    T1] usbcore: registered new interface driver spca1528
[   28.472092][    T1] usbcore: registered new interface driver sq905
[   28.473443][    T1] usbcore: registered new interface driver sq905c
[   28.474847][    T1] usbcore: registered new interface driver sq930x
[   28.476383][    T1] usbcore: registered new interface driver sunplus
[   28.477736][    T1] usbcore: registered new interface driver stk014
[   28.479066][    T1] usbcore: registered new interface driver stk1135
[   28.480419][    T1] usbcore: registered new interface driver stv0680
[   28.481773][    T1] usbcore: registered new interface driver t613
[   28.483083][    T1] usbcore: registered new interface driver gspca_topro
[   28.484603][    T1] usbcore: registered new interface driver touptek
[   28.485984][    T1] usbcore: registered new interface driver tv8532
[   28.487371][    T1] usbcore: registered new interface driver vc032x
[   28.488707][    T1] usbcore: registered new interface driver vicam
[   28.490065][    T1] usbcore: registered new interface driver xirlink-cit
[   28.491648][    T1] usbcore: registered new interface driver gspca_zc3xx
[   28.493043][    T1] usbcore: registered new interface driver ALi m5602
[   28.494488][    T1] usbcore: registered new interface driver STV06xx
[   28.497515][    T1] usbcore: registered new interface driver gspca_gl860
[   28.498953][    T1] usbcore: registered new interface driver hackrf
[   28.500292][    T1] usbcore: registered new interface driver msi2500
[   28.501787][    T1] usbcore: registered new interface driver Philips webcam
[   28.503743][    T1] usbcore: registered new interface driver uvcvideo
[   28.504646][    T1] au0828: au0828 driver loaded
[   28.505867][    T1] usbcore: registered new interface driver au0828
[   28.507337][    T1] usbcore: registered new interface driver cx231xx
[   28.509159][    T1] usbcore: registered new interface driver em28xx
[   28.510102][    T1] em28xx: Registered (Em28xx v4l2 Extension) extension
[   28.511034][    T1] em28xx: Registered (Em28xx Audio Extension) extension
[   28.511974][    T1] em28xx: Registered (Em28xx dvb Extension) extension
[   28.512914][    T1] em28xx: Registered (Em28xx Input Extension) extension
[   28.514395][    T1] usbcore: registered new interface driver go7007
[   28.515780][    T1] usbcore: registered new interface driver go7007-loader
[   28.517520][    T1] usbcore: registered new interface driver hdpvr
[   28.523339][    T1] usbcore: registered new interface driver pvrusb2
[   28.524320][    T1] pvrusb2: V4L in-tree version:Hauppauge WinTV-PVR-USB2 MPEG2 Encoder/Tuner
[   28.525501][    T1] pvrusb2: Debug mask is 31 (0x1f)
[   28.526713][    T1] usbcore: registered new interface driver stk1160
[   28.528064][    T1] usbcore: registered new interface driver usbtv
[   28.536194][    T1] dvbdev: DVB: registering new adapter (dvb_vidtv_bridge)
[   28.544110][    T1] i2c i2c-0: DVB: registering adapter 0 frontend 0 (Dummy demod for DVB-T/T2/C/S/S2)...
[   28.546420][    T1] dvbdev: dvb_create_media_entity: media entity 'Dummy demod for DVB-T/T2/C/S/S2' registered.
[   28.565087][    T1] dvbdev: dvb_create_media_entity: media entity 'dvb-demux' registered.
[   28.582725][    T1] vidtv vidtv.0: Successfully initialized vidtv!
[   28.589560][    T1] vicodec vicodec.0: Device 'stateful-encoder' registered as /dev/video0
[   28.592350][    T1] vicodec vicodec.0: Device 'stateful-decoder' registered as /dev/video1
[   28.595156][    T1] vicodec vicodec.0: Device 'stateless-decoder' registered as /dev/video2
[   28.600316][    T1] vim2m vim2m.0: Device registered as /dev/video0
[   28.658723][    T1] vivid-000: using single planar format API
[   28.699117][    T1] vivid-000: CEC adapter cec0 registered for HDMI input 0
[   28.704244][    T1] vivid-000: V4L2 capture device registered as video7
[   28.709408][    T1] vivid-000: CEC adapter cec1 registered for HDMI output 0
[   28.720984][    T1] vivid-000: V4L2 output device registered as video8
[   28.723438][    T1] vivid-000: V4L2 capture device registered as vbi0, supports raw and sliced VBI
[   28.726311][    T1] vivid-000: V4L2 output device registered as vbi1, supports raw and sliced VBI
[   28.729100][    T1] vivid-000: V4L2 capture device registered as swradio0
[   28.731568][    T1] vivid-000: V4L2 receiver device registered as radio0
[   28.734288][    T1] vivid-000: V4L2 transmitter device registered as radio1
[   28.736868][    T1] vivid-000: V4L2 metadata capture device registered as video9
[   28.739456][    T1] vivid-000: V4L2 metadata output device registered as video10
[   28.742419][    T1] vivid-000: V4L2 touch capture device registered as v4l-touch0
[   28.746026][    T1] usbcore: registered new interface driver radioshark2
[   28.747425][    T1] usbcore: registered new interface driver radioshark
[   28.749197][    T1] usbcore: registered new interface driver radio-si470x
[   28.750914][    T1] usbcore: registered new interface driver radio-usb-si4713
[   28.752356][    T1] usbcore: registered new interface driver dsbr100
[   28.754914][    T1] usbcore: registered new interface driver radio-keene
[   28.756296][    T1] usbcore: registered new interface driver radio-ma901
[   28.757683][    T1] usbcore: registered new interface driver radio-mr800
[   28.759074][    T1] usbcore: registered new interface driver radio-raremono
[   28.763030][    T1] usbcore: registered new interface driver pcwd_usb
[   28.768107][    T1] device-mapper: core: CONFIG_IMA_DISABLE_HTABLE is disabled. Duplicate IMA measurements will not be recorded in the IMA log.
[   28.769938][    T1] device-mapper: uevent: version 1.0.3
[   28.772942][    T1] device-mapper: ioctl: 4.48.0-ioctl (2023-03-01) initialised: dm-devel@lists.linux.dev
[   28.776954][    T1] device-mapper: multipath round-robin: version 1.2.0 loaded
[   28.777969][    T1] device-mapper: multipath queue-length: version 0.2.0 loaded
[   28.778989][    T1] device-mapper: multipath service-time: version 0.3.0 loaded
[   28.781853][    T1] Bluetooth: HCI UART driver ver 2.3
[   28.782576][    T1] Bluetooth: HCI UART protocol H4 registered
[   28.783385][    T1] Bluetooth: HCI UART protocol BCSP registered
[   28.784630][    T1] Bluetooth: HCI UART protocol LL registered
[   28.785801][    T1] Bluetooth: HCI UART protocol Three-wire (H5) registered
[   28.787080][    T1] Bluetooth: HCI UART protocol QCA registered
[   28.787899][    T1] Bluetooth: HCI UART protocol AG6XX registered
[   28.789073][    T1] Bluetooth: HCI UART protocol Marvell registered
[   28.790412][    T1] usbcore: registered new interface driver bcm203x
[   28.791746][    T1] usbcore: registered new interface driver bpa10x
[   28.793083][    T1] usbcore: registered new interface driver bfusb
[   28.794563][    T1] usbcore: registered new interface driver btusb
[   28.796088][    T1] usbcore: registered new interface driver ath3k
[   28.800377][    T1] CAPI 2.0 started up with major 68 (middleware)
[   28.801246][    T1] Modular ISDN core version 1.1.29
[   28.803979][    T1] NET: Registered PF_ISDN protocol family
[   28.804772][    T1] DSP module 2.0
[   28.805268][    T1] mISDN_dsp: DSP clocks every 80 samples. This equals 1 jiffies.
[   28.835757][    T1] mISDN: Layer-1-over-IP driver Rev. 2.00
[   28.838130][    T1] 0 virtual devices registered
[   28.839280][    T1] usbcore: registered new interface driver HFC-S_USB
[   28.840182][    T1] amd_pstate: the _CPC object is not present in SBIOS or ACPI disabled
[   28.841301][    T1] VUB300 Driver rom wait states = 1C irqpoll timeout = 0400
[   28.848068][    T1] usbcore: registered new interface driver vub300
[   28.850383][    T1] usbcore: registered new interface driver ushc
[   28.862217][    T1] iscsi: registered transport (iser)
[   28.865501][    T1] SoftiWARP attached
[   28.884762][    T1] hid: raw HID events driver (C) Jiri Kosina
[   28.931196][   T44] input: ImExPS/2 Generic Explorer Mouse as /devices/platform/i8042/serio1/input/input3
[   28.970213][    T1] usbcore: registered new interface driver usbhid
[   28.971088][    T1] usbhid: USB HID core driver
[   28.989762][    T1] usbcore: registered new interface driver es2_ap_driver
[   28.990725][    T1] comedi: version 0.7.76 - http://www.comedi.org
[   28.992396][    T1] usbcore: registered new interface driver dt9812
[   28.994354][    T1] usbcore: registered new interface driver ni6501
[   28.996149][    T1] usbcore: registered new interface driver usbdux
[   28.997939][    T1] usbcore: registered new interface driver usbduxfast
[   28.999784][    T1] usbcore: registered new interface driver usbduxsigma
[   29.001730][    T1] usbcore: registered new interface driver vmk80xx
[   29.003346][    T1] usbcore: registered new interface driver r8712u
[   29.004686][    T1] greybus: registered new driver hid
[   29.006173][    T1] greybus: registered new driver gbphy
[   29.007233][    T1] gb_gbphy: registered new driver usb
[   29.008247][    T1] asus_wmi: ASUS WMI generic driver loaded
[   29.240231][    T1] usbcore: registered new interface driver snd-usb-audio
[   29.241694][    T1] usbcore: registered new interface driver snd-ua101
[   29.243070][    T1] usbcore: registered new interface driver snd-usb-usx2y
[   29.246667][    T1] usbcore: registered new interface driver snd-usb-us122l
[   29.248141][    T1] usbcore: registered new interface driver snd-usb-caiaq
[   29.249552][    T1] usbcore: registered new interface driver snd-usb-6fire
[   29.251055][    T1] usbcore: registered new interface driver snd-usb-hiface
[   29.252478][    T1] usbcore: registered new interface driver snd-bcd2000
[   29.253929][    T1] usbcore: registered new interface driver snd_usb_pod
[   29.255339][    T1] usbcore: registered new interface driver snd_usb_podhd
[   29.256792][    T1] usbcore: registered new interface driver snd_usb_toneport
[   29.258231][    T1] usbcore: registered new interface driver snd_usb_variax
[   29.262957][    T1] drop_monitor: Initializing network drop monitor service
[   29.264993][    T1] NET: Registered PF_LLC protocol family
[   29.266218][    T1] GACT probability on
[   29.266876][    T1] Mirror/redirect action on
[   29.268034][    T1] Simple TC action Loaded
[   29.277874][    T1] netem: version 1.3
[   29.279274][    T1] u32 classifier
[   29.279759][    T1]     Performance counters on
[   29.280387][    T1]     input device check on
[   29.280998][    T1]     Actions configured
[   29.292519][    T1] xt_time: kernel timezone is -0000
[   29.297194][    T1] IPVS: Registered protocols (TCP, UDP, SCTP, AH, ESP)
[   29.298561][    T1] IPVS: Connection hash table configured (size=4096, memory=32Kbytes)
