bash: warning: setlocale: LC_ALL: cannot change locale (en_US.UTF-8)
c[?7l[2J[0mSeaBIOS (version 1.16.2-debian-1.16.2-1)
Booting from ROM...
c[?7l[2Jearly console in extract_kernel
input_data: 0x000000000d2de2bf
input_len: 0x0000000004d22579
output: 0x0000000001000000
output_len: 0x000000000f307ae0
kernel_total_size: 0x0000000011026000
needed_size: 0x0000000011200000
trampoline_32bit: 0x000000000009d000

Decompressing Linux... Parsing ELF... done.
Booting the kernel.
[    0.000000][    T0] Linux version 6.2.0-rc1-00002-g0f3da2f9f4af-dirty (root@buildkitsandbox) (gcc (Debian 12.2.0-14+deb12u1) 12.2.0, GNU ld (GNU Binutils for Debian) 2.40) #2 SMP PREEMPT_DYNAMIC Mon May 25 07:00:24 UTC 2026
[    0.000000][    T0] Command line: console=ttyS0 oops=panic panic=86400 nokaslr earlyprintk=serial rdinit=/init
[    0.000000][    T0] KERNEL supported cpus:
[    0.000000][    T0]   Intel GenuineIntel
[    0.000000][    T0]   AMD AuthenticAMD
[    0.000000][    T0] x86/fpu: Supporting XSAVE feature 0x001: 'x87 floating point registers'
[    0.000000][    T0] x86/fpu: Supporting XSAVE feature 0x002: 'SSE registers'
[    0.000000][    T0] x86/fpu: Supporting XSAVE feature 0x004: 'AVX registers'
[    0.000000][    T0] x86/fpu: xstate_offset[2]:  576, xstate_sizes[2]:  256
[    0.000000][    T0] x86/fpu: Enabled xstate features 0x7, context size is 832 bytes, using 'compacted' format.
[    0.000000][    T0] signal: max sigframe size: 1776
[    0.000000][    T0] BIOS-provided physical RAM map:
[    0.000000][    T0] BIOS-e820: [mem 0x0000000000000000-0x000000000009fbff] usable
[    0.000000][    T0] BIOS-e820: [mem 0x000000000009fc00-0x000000000009ffff] reserved
[    0.000000][    T0] BIOS-e820: [mem 0x00000000000f0000-0x00000000000fffff] reserved
[    0.000000][    T0] BIOS-e820: [mem 0x0000000000100000-0x000000007ffdffff] usable
[    0.000000][    T0] BIOS-e820: [mem 0x000000007ffe0000-0x000000007fffffff] reserved
[    0.000000][    T0] BIOS-e820: [mem 0x00000000feffc000-0x00000000feffffff] reserved
[    0.000000][    T0] BIOS-e820: [mem 0x00000000fffc0000-0x00000000ffffffff] reserved
[    0.000000][    T0] BIOS-e820: [mem 0x000000fd00000000-0x000000ffffffffff] reserved
[    0.000000][    T0] printk: bootconsole [earlyser0] enabled
[    0.000000][    T0] NX (Execute Disable) protection: active
[    0.000000][    T0] SMBIOS 2.8 present.
[    0.000000][    T0] DMI: QEMU Standard PC (i440FX + PIIX, 1996), BIOS 1.16.2-debian-1.16.2-1 04/01/2014
[    0.000000][    T0] Hypervisor detected: KVM
[    0.000000][    T0] kvm-clock: Using msrs 4b564d01 and 4b564d00
[    0.000007][    T0] kvm-clock: using sched offset of 1337236590 cycles
[    0.001027][    T0] clocksource: kvm-clock: mask: 0xffffffffffffffff max_cycles: 0x1cd42e4dffb, max_idle_ns: 881590591483 ns
[    0.004061][    T0] tsc: Detected 3493.436 MHz processor
[    0.011714][    T0] last_pfn = 0x7ffe0 max_arch_pfn = 0x400000000
[    0.012842][    T0] x86/PAT: Configuration [0-7]: WB  WC  UC- UC  WB  WP  UC- WT  
[    0.018447][    T0] found SMP MP-table at [mem 0x000f5ba0-0x000f5baf]
[    0.019713][    T0] Using GB pages for direct mapping
[    0.021692][    T0] RAMDISK: [mem 0x7fe90000-0x7ffdffff]
[    0.022610][    T0] ACPI: Early table checksum verification disabled
[    0.023685][    T0] ACPI: RSDP 0x00000000000F59D0 000014 (v00 BOCHS )
[    0.024805][    T0] ACPI: RSDT 0x000000007FFE1B33 000034 (v01 BOCHS  BXPC     00000001 BXPC 00000001)
[    0.026601][    T0] ACPI: FACP 0x000000007FFE19DF 000074 (v01 BOCHS  BXPC     00000001 BXPC 00000001)
[    0.028201][    T0] ACPI: DSDT 0x000000007FFE0040 00199F (v01 BOCHS  BXPC     00000001 BXPC 00000001)
[    0.029725][    T0] ACPI: FACS 0x000000007FFE0000 000040
[    0.030725][    T0] ACPI: APIC 0x000000007FFE1A53 000080 (v01 BOCHS  BXPC     00000001 BXPC 00000001)
[    0.032368][    T0] ACPI: HPET 0x000000007FFE1AD3 000038 (v01 BOCHS  BXPC     00000001 BXPC 00000001)
[    0.033912][    T0] ACPI: WAET 0x000000007FFE1B0B 000028 (v01 BOCHS  BXPC     00000001 BXPC 00000001)
[    0.035466][    T0] ACPI: Reserving FACP table memory at [mem 0x7ffe19df-0x7ffe1a52]
[    0.036743][    T0] ACPI: Reserving DSDT table memory at [mem 0x7ffe0040-0x7ffe19de]
[    0.038077][    T0] ACPI: Reserving FACS table memory at [mem 0x7ffe0000-0x7ffe003f]
[    0.039442][    T0] ACPI: Reserving APIC table memory at [mem 0x7ffe1a53-0x7ffe1ad2]
[    0.040713][    T0] ACPI: Reserving HPET table memory at [mem 0x7ffe1ad3-0x7ffe1b0a]
[    0.042017][    T0] ACPI: Reserving WAET table memory at [mem 0x7ffe1b0b-0x7ffe1b32]
[    0.044463][    T0] No NUMA configuration found
[    0.045211][    T0] Faking a node at [mem 0x0000000000000000-0x000000007ffdffff]
[    0.046437][    T0] NODE_DATA(0) allocated [mem 0x7fe8a000-0x7fe8ffff]
[    0.052607][    T0] Zone ranges:
[    0.053198][    T0]   DMA      [mem 0x0000000000001000-0x0000000000ffffff]
[    0.054320][    T0]   DMA32    [mem 0x0000000001000000-0x000000007ffdffff]
[    0.055552][    T0]   Normal   empty
[    0.056150][    T0]   Device   empty
[    0.056741][    T0] Movable zone start for each node
[    0.057573][    T0] Early memory node ranges
[    0.058310][    T0]   node   0: [mem 0x0000000000001000-0x000000000009efff]
[    0.059466][    T0]   node   0: [mem 0x0000000000100000-0x000000007ffdffff]
[    0.060692][    T0] Initmem setup node 0 [mem 0x0000000000001000-0x000000007ffdffff]
[    0.061986][    T0] On node 0, zone DMA: 1 pages in unavailable ranges
[    0.062123][    T0] On node 0, zone DMA: 97 pages in unavailable ranges
[    0.082640][    T0] On node 0, zone DMA32: 32 pages in unavailable ranges
[    0.133084][    T0] kasan: KernelAddressSanitizer initialized
[    0.135622][    T0] ACPI: PM-Timer IO Port: 0x608
[    0.136430][    T0] ACPI: LAPIC_NMI (acpi_id[0xff] dfl dfl lint[0x1])
[    0.137547][    T0] IOAPIC[0]: apic_id 0, version 17, address 0xfec00000, GSI 0-23
[    0.138816][    T0] ACPI: INT_SRC_OVR (bus 0 bus_irq 0 global_irq 2 dfl dfl)
[    0.140069][    T0] ACPI: INT_SRC_OVR (bus 0 bus_irq 5 global_irq 5 high level)
[    0.141269][    T0] ACPI: INT_SRC_OVR (bus 0 bus_irq 9 global_irq 9 high level)
[    0.142508][    T0] ACPI: INT_SRC_OVR (bus 0 bus_irq 10 global_irq 10 high level)
[    0.143730][    T0] ACPI: INT_SRC_OVR (bus 0 bus_irq 11 global_irq 11 high level)
[    0.145011][    T0] ACPI: Using ACPI (MADT) for SMP configuration information
[    0.146190][    T0] ACPI: HPET id: 0x8086a201 base: 0xfed00000
[    0.147173][    T0] TSC deadline timer available
[    0.147985][    T0] smpboot: Allowing 2 CPUs, 0 hotplug CPUs
[    0.149024][    T0] kvm-guest: KVM setup pv remote TLB flush
[    0.150003][    T0] kvm-guest: setup PV sched yield
[    0.150879][    T0] PM: hibernation: Registered nosave memory: [mem 0x00000000-0x00000fff]
[    0.152259][    T0] PM: hibernation: Registered nosave memory: [mem 0x0009f000-0x0009ffff]
[    0.153651][    T0] PM: hibernation: Registered nosave memory: [mem 0x000a0000-0x000effff]
[    0.155053][    T0] PM: hibernation: Registered nosave memory: [mem 0x000f0000-0x000fffff]
[    0.162171][    T0] [mem 0x80000000-0xfeffbfff] available for PCI devices
[    0.169024][    T0] Booting paravirtualized kernel on KVM
[    0.174518][    T0] clocksource: refined-jiffies: mask: 0xffffffff max_cycles: 0xffffffff, max_idle_ns: 19112604462750000 ns
[    0.241279][    T0] setup_percpu: NR_CPUS:8 nr_cpumask_bits:2 nr_cpu_ids:2 nr_node_ids:1
[    0.250207][    T0] percpu: Embedded 70 pages/cpu s249544 r8192 d28984 u1048576
[    0.257902][    T0] kvm-guest: PV spinlocks enabled
[    0.262920][    T0] PV qspinlock hash table entries: 256 (order: 0, 4096 bytes, linear)
[    0.271163][    T0] Fallback order for Node 0: 0 
[    0.275988][    T0] Built 1 zonelists, mobility grouping on.  Total pages: 515808
[    0.283610][    T0] Policy zone: DMA32
[    0.287464][    T0] Kernel command line: console=ttyS0 oops=panic panic=86400 nokaslr earlyprintk=serial rdinit=/init
[    0.299283][    T0] random: crng init done
[    0.303940][    T0] Dentry cache hash table entries: 262144 (order: 9, 2097152 bytes, linear)
[    0.312948][    T0] Inode-cache hash table entries: 131072 (order: 8, 1048576 bytes, linear)
[    0.321925][    T0] mem auto-init: stack:off, heap alloc:on, heap free:off
[    0.328086][    T0] stackdepot hash table entries: 1048576 (order: 11, 8388608 bytes, linear)
[    0.512826][    T0] Memory: 1471968K/2096632K available (151552K kernel code, 36161K rwdata, 31476K rodata, 2900K init, 33764K bss, 624408K reserved, 0K cma-reserved)
[    0.523417][    T0] SLUB: HWalign=64, Order=0-3, MinObjects=0, CPUs=2, Nodes=1
[    0.530267][    T0] Dynamic Preempt: full
[    0.533624][    T0] Running RCU self tests
[    0.536412][    T0] rcu: Preemptible hierarchical RCU implementation.
[    0.540719][    T0] rcu: 	RCU lockdep checking is enabled.
[    0.544405][    T0] rcu: 	RCU restricting CPUs from NR_CPUS=8 to nr_cpu_ids=2.
[    0.549220][    T0] rcu: 	RCU callback double-/use-after-free debug is enabled.
[    0.554169][    T0] rcu: 	RCU debug extended QS entry/exit.
[    0.557917][    T0] 	Trampoline variant of Tasks RCU enabled.
[    0.561766][    T0] 	Tracing variant of Tasks RCU enabled.
[    0.565450][    T0] rcu: RCU calculated value of scheduler-enlistment delay is 10 jiffies.
[    0.570978][    T0] rcu: Adjusting geometry for rcu_fanout_leaf=16, nr_cpu_ids=2
[    0.624526][    T0] NR_IRQS: 4352, nr_irqs: 440, preallocated irqs: 16
[    0.629701][    T0] rcu: srcu_init: Setting srcu_struct sizes based on contention.
[    0.635226][    T0] kfence: initialized - using 2097152 bytes for 255 objects at 0x(____ptrval____)-0x(____ptrval____)
[    0.653642][    T0] Console: colour VGA+ 80x25
[    0.656825][    T0] printk: console [ttyS0] enabled
[    0.656825][    T0] printk: console [ttyS0] enabled
[    0.663378][    T0] printk: bootconsole [earlyser0] disabled
[    0.663378][    T0] printk: bootconsole [earlyser0] disabled
[    0.671081][    T0] Lock dependency validator: Copyright (c) 2006 Red Hat, Inc., Ingo Molnar
[    0.676808][    T0] ... MAX_LOCKDEP_SUBCLASSES:  8
[    0.680046][    T0] ... MAX_LOCK_DEPTH:          48
[    0.683399][    T0] ... MAX_LOCKDEP_KEYS:        8192
[    0.686913][    T0] ... CLASSHASH_SIZE:          4096
[    0.690424][    T0] ... MAX_LOCKDEP_ENTRIES:     131072
[    0.694017][    T0] ... MAX_LOCKDEP_CHAINS:      262144
[    0.697619][    T0] ... CHAINHASH_SIZE:          131072
[    0.701044][    T0]  memory used by lock dependency info: 20657 kB
[    0.705087][    T0]  memory used for stack traces: 8320 kB
[    0.708764][    T0]  per task-struct memory footprint: 1920 bytes
[    0.712936][    T0] ACPI: Core revision 20221020
[    0.716801][    T0] clocksource: hpet: mask: 0xffffffff max_cycles: 0xffffffff, max_idle_ns: 19112604467 ns
[    0.723543][    T0] APIC: Switch to symmetric I/O mode setup
[    0.727569][    T0] x2apic enabled
[    0.730172][    T0] Switched APIC routing to physical x2apic.
[    0.734192][    T0] kvm-guest: setup PV IPIs
[    0.738641][    T0] ..TIMER: vector=0x30 apic1=0 pin1=2 apic2=-1 pin2=-1
[    0.741407][    T0] tsc: Marking TSC unstable due to TSCs unsynchronized
[    0.742593][    T0] Calibrating delay loop (skipped) preset value.. 6986.87 BogoMIPS (lpj=34934360)
[    0.752587][    T0] pid_max: default: 32768 minimum: 301
[    0.756167][    T0] LSM: initializing lsm=lockdown,capability,landlock,yama,safesetid,integrity,tomoyo,apparmor,bpf
[    0.762669][    T0] landlock: Up and running.
[    0.765576][    T0] Yama: becoming mindful.
[    0.768541][    T0] TOMOYO Linux initialized
[    0.772817][    T0] AppArmor: AppArmor initialized
[    0.776032][    T0] LSM support for eBPF active
[    0.779354][    T0] Mount-cache hash table entries: 4096 (order: 3, 32768 bytes, linear)
[    0.782597][    T0] Mountpoint-cache hash table entries: 4096 (order: 3, 32768 bytes, linear)
[    0.794447][    T0] x86/cpu: User Mode Instruction Prevention (UMIP) activated
[    0.799459][    T0] Last level iTLB entries: 4KB 512, 2MB 255, 4MB 127
[    0.802561][    T0] Last level dTLB entries: 4KB 512, 2MB 255, 4MB 127, 1GB 0
[    0.802561][    T0] Spectre V1 : Mitigation: usercopy/swapgs barriers and __user pointer sanitization
[    0.802596][    T0] Spectre V2 : Kernel not compiled with retpoline; no mitigation available!
[    0.802608][    T0] Spectre V2 : Vulnerable
[    0.812580][    T0] Spectre V2 : Spectre v2 / SpectreRSB mitigation: Filling RSB on context switch
[    0.818566][    T0] Spectre V2 : Enabling Speculation Barrier for firmware calls
[    0.822582][    T0] RETBleed: Mitigation: IBPB
[    0.825643][    T0] Spectre V2 : mitigation: Enabling conditional Indirect Branch Prediction Barrier
[    0.832591][    T0] Speculative Store Bypass: Mitigation: Speculative Store Bypass disabled via prctl
[    0.853816][    T0] Freeing SMP alternatives memory: 116K
[    0.858220][    T1] smpboot: CPU0: AMD Ryzen Threadripper PRO 3975WX 32-Cores (family: 0x17, model: 0x31, stepping: 0x0)
[    0.862561][    T1] cblist_init_generic: Setting adjustable number of callback queues.
[    0.862587][    T1] cblist_init_generic: Setting shift to 1 and lim to 1.
[    0.867496][    T1] cblist_init_generic: Setting shift to 1 and lim to 1.
[    0.872317][    T1] Running RCU-tasks wait API self tests
[    0.982856][    T1] Performance Events: Fam17h+ core perfctr, AMD PMU driver.
[    0.989038][    T1] ... version:                0
[    0.992594][    T1] ... bit width:              48
[    0.995913][    T1] ... generic registers:      6
[    0.999055][    T1] ... value mask:             0000ffffffffffff
[    1.002656][   T13] Callback from call_rcu_tasks_trace() invoked.
[    1.006750][    T1] ... max period:             00007fffffffffff
[    1.010734][    T1] ... fixed-purpose events:   0
[    1.012596][    T1] ... event mask:             000000000000003f
[    1.017679][    T1] rcu: Hierarchical SRCU implementation.
[    1.021344][    T1] rcu: 	Max phase no-delay instances is 1000.
[    1.027480][    T1] smp: Bringing up secondary CPUs ...
[    1.032528][    T1] x86: Booting SMP configuration:
[    1.032681][    T1] .... node  #0, CPUs:      #1
[    1.036575][    T1] smp: Brought up 1 node, 2 CPUs
[    1.036575][    T1] smpboot: Max logical packages: 1
[    1.042652][    T1] smpboot: Total of 2 processors activated (13973.74 BogoMIPS)
[    1.049190][    T1] devtmpfs: initialized
[    1.053529][    T1] x86/mm: Memory block size: 128MB
[    1.084263][    T1] clocksource: jiffies: mask: 0xffffffff max_cycles: 0xffffffff, max_idle_ns: 19112604462750000 ns
[    1.091531][    T1] futex hash table entries: 512 (order: 4, 65536 bytes, linear)
[    1.095496][    T1] PM: RTC time: 14:43:33, date: 2026-05-25
[    1.107106][    T1] NET: Registered PF_NETLINK/PF_ROUTE protocol family
[    1.113856][    T1] audit: initializing netlink subsys (disabled)
[    1.118263][   T26] audit: type=2000 audit(1779720213.473:1): state=initialized audit_enabled=0 res=1
[    1.118263][    T1] thermal_sys: Registered thermal governor 'step_wise'
[    1.123548][    T1] thermal_sys: Registered thermal governor 'user_space'
[    1.128546][    T1] cpuidle: using governor menu
[    1.135792][    T1] NET: Registered PF_QIPCRTR protocol family
[    1.142896][    T1] PCI: Using configuration type 1 for base access
[    1.146915][    T1] PCI: Using configuration type 1 for extended access
[    1.165979][    T1] HugeTLB: registered 1.00 GiB page size, pre-allocated 0 pages
[    1.170812][    T1] HugeTLB: 16380 KiB vmemmap can be freed for a 1.00 GiB page
[    1.172682][    T1] HugeTLB: registered 2.00 MiB page size, pre-allocated 0 pages
[    1.176247][    T1] HugeTLB: 28 KiB vmemmap can be freed for a 2.00 MiB page
[    1.183637][    T1] cryptd: max_cpu_qlen set to 1000
[    1.188500][    T1] raid6: skipped pq benchmark and selected avx2x4
[    1.191934][    T1] raid6: using avx2x2 recovery algorithm
[    1.193789][    T1] ACPI: Added _OSI(Module Device)
[    1.194925][    T1] ACPI: Added _OSI(Processor Device)
[    1.197496][    T1] ACPI: Added _OSI(3.0 _SCP Extensions)
[    1.200908][    T1] ACPI: Added _OSI(Processor Aggregator Device)
[    1.202816][   T12] Callback from call_rcu_tasks() invoked.
[    1.247220][    T1] ACPI: 1 ACPI AML tables successfully acquired and loaded
[    1.268359][    T1] ACPI: Interpreter enabled
[    1.271728][    T1] ACPI: PM: (supports S0 S3 S4 S5)
[    1.272626][    T1] ACPI: Using IOAPIC for interrupt routing
[    1.276681][    T1] PCI: Using host bridge windows from ACPI; if necessary, use "pci=nocrs" and report a bug
[    1.282589][    T1] PCI: Using E820 reservations for host bridge windows
[    1.289448][    T1] ACPI: Enabled 2 GPEs in block 00 to 0F
[    1.363727][    T1] ACPI: PCI Root Bridge [PCI0] (domain 0000 [bus 00-ff])
[    1.368681][    T1] acpi PNP0A03:00: _OSC: OS supports [ExtendedConfig ASPM ClockPM Segments MSI HPX-Type3]
[    1.375212][    T1] PCI host bridge to bus 0000:00
[    1.378602][    T1] pci_bus 0000:00: root bus resource [io  0x0000-0x0cf7 window]
[    1.382617][    T1] pci_bus 0000:00: root bus resource [io  0x0d00-0xffff window]
[    1.387764][    T1] pci_bus 0000:00: root bus resource [mem 0x000a0000-0x000bffff window]
[    1.392613][    T1] pci_bus 0000:00: root bus resource [mem 0x80000000-0xfebfffff window]
[    1.398175][    T1] pci_bus 0000:00: root bus resource [mem 0x100000000-0x17fffffff window]
[    1.402611][    T1] pci_bus 0000:00: root bus resource [bus 00-ff]
[    1.407474][    T1] pci 0000:00:00.0: [8086:1237] type 00 class 0x060000
[    1.435084][    T1] pci 0000:00:01.0: [8086:7000] type 00 class 0x060100
[    1.462214][    T1] pci 0000:00:01.1: [8086:7010] type 00 class 0x010180
[    1.464883][    T1] pci 0000:00:01.1: reg 0x20: [io  0xc000-0xc00f]
[    1.470332][    T1] pci 0000:00:01.1: legacy IDE quirk: reg 0x10: [io  0x01f0-0x01f7]
[    1.472590][    T1] pci 0000:00:01.1: legacy IDE quirk: reg 0x14: [io  0x03f6]
[    1.477561][    T1] pci 0000:00:01.1: legacy IDE quirk: reg 0x18: [io  0x0170-0x0177]
[    1.482595][    T1] pci 0000:00:01.1: legacy IDE quirk: reg 0x1c: [io  0x0376]
[    1.488651][    T1] pci 0000:00:01.3: [8086:7113] type 00 class 0x068000
[    1.493223][    T1] pci 0000:00:01.3: quirk: [io  0x0600-0x063f] claimed by PIIX4 ACPI
[    1.498551][    T1] pci 0000:00:01.3: quirk: [io  0x0700-0x070f] claimed by PIIX4 SMB
[    1.503487][    T1] pci 0000:00:02.0: [1234:1111] type 00 class 0x030000
[    1.509696][    T1] pci 0000:00:02.0: reg 0x10: [mem 0xfd000000-0xfdffffff pref]
[    1.514930][    T1] pci 0000:00:02.0: reg 0x18: [mem 0xfebf0000-0xfebf0fff]
[    1.524586][    T1] pci 0000:00:02.0: reg 0x30: [mem 0xfebe0000-0xfebeffff pref]
[    1.527887][    T1] pci 0000:00:02.0: Video device with shadowed ROM at [mem 0x000c0000-0x000dffff]
[    1.558741][    T1] ACPI: PCI: Interrupt link LNKA configured for IRQ 10
[    1.564898][    T1] ACPI: PCI: Interrupt link LNKB configured for IRQ 10
[    1.571602][    T1] ACPI: PCI: Interrupt link LNKC configured for IRQ 11
[    1.574893][    T1] ACPI: PCI: Interrupt link LNKD configured for IRQ 11
[    1.580322][    T1] ACPI: PCI: Interrupt link LNKS configured for IRQ 9
[    1.589672][    T1] iommu: Default domain type: Translated 
[    1.592606][    T1] iommu: DMA domain TLB invalidation policy: lazy mode 
[    1.599858][    T1] SCSI subsystem initialized
[    1.603881][    T1] ACPI: bus type USB registered
[    1.607377][    T1] usbcore: registered new interface driver usbfs
[    1.611784][    T1] usbcore: registered new interface driver hub
[    1.612753][    T1] usbcore: registered new device driver usb
[    1.617655][    T1] mc: Linux media interface: v0.10
[    1.621565][    T1] videodev: Linux video capture interface: v2.00
[    1.623122][    T1] pps_core: LinuxPPS API ver. 1 registered
[    1.626939][    T1] pps_core: Software ver. 5.3.6 - Copyright 2005-2007 Rodolfo Giometti <giometti@linux.it>
[    1.632706][    T1] PTP clock support registered
[    1.636418][    T1] EDAC MC: Ver: 3.0.0
[    1.641197][    T1] Advanced Linux Sound Architecture Driver Initialized.
[    1.645585][    T1] Bluetooth: Core ver 2.22
[    1.648602][    T1] NET: Registered PF_BLUETOOTH protocol family
[    1.652525][    T1] Bluetooth: HCI device and connection manager initialized
[    1.652720][    T1] Bluetooth: HCI socket layer initialized
[    1.656402][    T1] Bluetooth: L2CAP socket layer initialized
[    1.660297][    T1] Bluetooth: SCO socket layer initialized
[    1.662681][    T1] NET: Registered PF_ATMPVC protocol family
[    1.666451][    T1] NET: Registered PF_ATMSVC protocol family
[    1.670498][    T1] NetLabel: Initializing
[    1.672588][    T1] NetLabel:  domain hash size = 128
[    1.675986][    T1] NetLabel:  protocols = UNLABELED CIPSOv4 CALIPSO
[    1.680506][    T1] NetLabel:  unlabeled traffic allowed by default
[    1.683312][    T1] nfc: nfc_init: NFC Core ver 0.1
[    1.686955][    T1] NET: Registered PF_NFC protocol family
[    1.690715][    T1] PCI: Using ACPI for IRQ routing
[    1.693123][    T1] pci 0000:00:02.0: vgaarb: setting as boot VGA device
[    1.697598][    T1] pci 0000:00:02.0: vgaarb: bridge control possible
[    1.702056][    T1] pci 0000:00:02.0: vgaarb: VGA device added: decodes=io+mem,owns=io+mem,locks=none
[    1.702593][    T1] vgaarb: loaded
[    1.705999][    T1] hpet0: at MMIO 0xfed00000, IRQs 2, 8, 0
[    1.709689][    T1] hpet0: 3 comparators, 64-bit 100.000000 MHz counter
[    1.718262][    T1] clocksource: Switched to clocksource kvm-clock
[    1.741090][    T1] VFS: Disk quotas dquot_6.6.0
[    1.744574][    T1] VFS: Dquot-cache hash table entries: 512 (order 0, 4096 bytes)
[    1.750512][    T1] FS-Cache: Loaded
[    1.754014][    T1] CacheFiles: Loaded
[    1.755063][    T1] TOMOYO: 2.6.0
[    1.755691][    T1] Mandatory Access Control activated.
[    1.758798][    T1] AppArmor: AppArmor Filesystem Enabled
[    1.760184][    T1] pnp: PnP ACPI init
[    1.778233][    T1] pnp: PnP ACPI: found 6 devices
[    1.848921][    T1] clocksource: acpi_pm: mask: 0xffffff max_cycles: 0xffffff, max_idle_ns: 2085701024 ns
[    1.855715][    T1] NET: Registered PF_INET protocol family
[    1.859789][    T1] IP idents hash table entries: 32768 (order: 6, 262144 bytes, linear)
[    1.868267][    T1] tcp_listen_portaddr_hash hash table entries: 1024 (order: 4, 73728 bytes, linear)
[    1.874878][    T1] Table-perturb hash table entries: 65536 (order: 6, 262144 bytes, linear)
[    1.902808][    T1] TCP established hash table entries: 16384 (order: 5, 131072 bytes, linear)
[    1.911911][    T1] TCP bind hash table entries: 16384 (order: 9, 2359296 bytes, linear)
[    1.918932][    T1] TCP: Hash tables configured (established 16384 bind 16384)
[    1.924552][    T1] MPTCP token hash table entries: 2048 (order: 5, 180224 bytes, linear)
[    1.930287][    T1] UDP hash table entries: 1024 (order: 5, 163840 bytes, linear)
[    1.935928][    T1] UDP-Lite hash table entries: 1024 (order: 5, 163840 bytes, linear)
[    1.941852][    T1] NET: Registered PF_UNIX/PF_LOCAL protocol family
[    1.947585][    T1] RPC: Registered named UNIX socket transport module.
[    1.952097][    T1] RPC: Registered udp transport module.
[    1.955946][    T1] RPC: Registered tcp transport module.
[    1.959577][    T1] RPC: Registered tcp NFSv4.1 backchannel transport module.
[    1.966889][    T1] NET: Registered PF_XDP protocol family
[    1.970626][    T1] pci_bus 0000:00: resource 4 [io  0x0000-0x0cf7 window]
[    1.975396][    T1] pci_bus 0000:00: resource 5 [io  0x0d00-0xffff window]
[    1.980035][    T1] pci_bus 0000:00: resource 6 [mem 0x000a0000-0x000bffff window]
[    1.985678][    T1] pci_bus 0000:00: resource 7 [mem 0x80000000-0xfebfffff window]
[    1.990797][    T1] pci_bus 0000:00: resource 8 [mem 0x100000000-0x17fffffff window]
[    1.996744][    T1] pci 0000:00:01.0: PIIX3: Enabling Passive Release
[    2.001051][    T1] pci 0000:00:00.0: Limiting direct PCI/PCI transfers
[    2.005608][    T1] PCI: CLS 0 bytes, default 64
[    2.012730][   T45] Trying to unpack rootfs image as initramfs...
[    2.022837][    T1] ACPI: bus type thunderbolt registered
[    2.027631][    T1] kvm: no hardware support for 'kvm_intel'
[    2.042879][    T1] kvm: Nested Virtualization enabled
[    2.046568][    T1] SVM: kvm: Nested Paging enabled
[    2.181618][   T45] Freeing initrd memory: 1344K
[    2.186724][   T74] kworker/u4:4 (74) used greatest stack depth: 28208 bytes left
[    8.367601][    T1] Initialise system trusted keyrings
[    8.368532][   T79] kworker/u4:0 (79) used greatest stack depth: 27808 bytes left
[    8.375495][    T1] workingset: timestamp_bits=40 max_order=19 bucket_order=0
[    8.377164][    T1] zbud: loaded
[    8.379812][    T1] DLM installed
[    8.462506][    T1] squashfs: version 4.0 (2009/01/31) Phillip Lougher
[    8.468296][    T1] NFS: Registering the id_resolver key type
[    8.472430][    T1] Key type id_resolver registered
[    8.476345][    T1] Key type id_legacy registered
[    8.480114][    T1] nfs4filelayout_init: NFSv4 File Layout Driver Registering...
[    8.485400][    T1] nfs4flexfilelayout_init: NFSv4 Flexfile Layout Driver Registering...
[    8.761876][    T1] Key type cifs.spnego registered
[    8.765493][    T1] Key type cifs.idmap registered
[    8.769078][    T1] ntfs: driver 2.1.32 [Flags: R/W].
[    8.772802][    T1] ntfs3: Max link count 4000
[    8.775794][    T1] ntfs3: Enabled Linux POSIX ACLs support
[    8.779658][    T1] ntfs3: Read-only LZX/Xpress compression included
[    8.784095][    T1] efs: 1.0a - http://aeschi.ch.eu.org/efs/
[    8.787931][    T1] jffs2: version 2.2. (NAND) (SUMMARY)  © 2001-2006 Red Hat, Inc.
[    8.793839][    T1] romfs: ROMFS MTD (C) 2007 Red Hat, Inc.
[    8.797637][    T1] QNX4 filesystem 0.2.3 registered.
[    8.801031][    T1] qnx6: QNX6 filesystem 1.0.0 registered.
[    8.805236][    T1] fuse: init (API version 7.38)
[    8.809958][    T1] orangefs_debugfs_init: called with debug mask: :none: :0:
[    8.815351][    T1] orangefs_init: module version upstream loaded
[    8.819681][    T1] JFS: nTxBlock = 8192, nTxLock = 65536
[    9.033693][    T1] SGI XFS with ACLs, security attributes, realtime, quota, no debug enabled
[    9.039310][    T1] 9p: Installing v9fs 9p2000 file system support
[    9.041191][    T1] NILFS version 2 loaded
[    9.044024][    T1] befs: version: 0.9.3
[    9.047120][    T1] ocfs2: Registered cluster interface o2cb
[    9.051511][    T1] ocfs2: Registered cluster interface user
[    9.055929][    T1] OCFS2 User DLM kernel interface loaded
[    9.092104][    T1] gfs2: GFS2 installed
[    9.383891][    T1] ceph: loaded (mds proto 32)
[    9.398906][    T1] NET: Registered PF_ALG protocol family
[    9.402926][    T1] xor: automatically using best checksumming function   avx       
[    9.408342][    T1] async_tx: api initialized (async)
[    9.411865][    T1] Key type asymmetric registered
[    9.415273][    T1] Asymmetric key parser 'x509' registered
[    9.419180][    T1] Asymmetric key parser 'pkcs8' registered
[    9.423067][    T1] Key type pkcs7_test registered
[    9.426567][    T1] Block layer SCSI generic (bsg) driver version 0.4 loaded (major 240)
[    9.432822][    T1] io scheduler mq-deadline registered
[    9.436321][    T1] io scheduler kyber registered
[    9.438642][    T1] io scheduler bfq registered
[    9.446956][    T1] input: Power Button as /devices/LNXSYSTM:00/LNXPWRBN:00/input/input0
[    9.473615][    T1] ACPI: button: Power Button [PWRF]
[    9.485204][  T156] kworker/u4:1 (156) used greatest stack depth: 27680 bytes left
[    9.517502][  T175] kworker/u4:1 (175) used greatest stack depth: 27264 bytes left
[   10.839222][    T1] N_HDLC line discipline registered with maxframe=4096
[   10.845398][    T1] Serial: 8250/16550 driver, 4 ports, IRQ sharing enabled
[   10.850148][    T1] 00:04: ttyS0 at I/O 0x3f8 (irq = 4, base_baud = 115200) is a 16550A
[   10.864676][    T1] Non-volatile memory driver v1.3
[   10.865858][    T1] Linux agpgart interface v0.103
[   10.925194][    T1] ACPI: bus type drm_connector registered
[   10.932097][    T1] [drm] Initialized vgem 1.0.0 20120112 for vgem on minor 0
[   10.937815][    T1] [drm] Initialized vkms 1.0.0 20180514 for vkms on minor 1
[   11.033966][    T1] Console: switching to colour frame buffer device 128x48
[   11.057742][    T1] platform vkms: [drm] fb0: vkmsdrmfb frame buffer device
[   11.062663][    T1] usbcore: registered new interface driver udl
[   11.067235][    T1] bochs-drm 0000:00:02.0: vgaarb: deactivate vga console
[   11.082584][    C1] vkms_vblank_simulate: vblank timer overrun
[   11.100159][    T1] [drm] Found bochs VGA, ID 0xb0c5.
[   11.103461][    T1] [drm] Framebuffer size 16384 kB @ 0xfd000000, mmio @ 0xfebf0000.
[   11.110876][    T1] [drm] Found EDID data blob.
[   11.115892][    T1] [drm] Initialized bochs-drm 1.0.0 20130925 for 0000:00:02.0 on minor 2
[   11.595945][    C1] vkms_vblank_simulate: vblank timer overrun
[   11.603871][    T1] fbcon: bochs-drmdrmfb (fb1) is primary device
[   11.603885][    T1] fbcon: Remapping primary device, fb1, to tty 1-63
[   11.778550][    C1] vkms_vblank_simulate: vblank timer overrun
[   19.330848][    T1] bochs-drm 0000:00:02.0: [drm] fb1: bochs-drmdrmfb frame buffer device
[   19.373980][   T11] Floppy drive(s): fd0 is 2.88M AMI BIOS
[   19.384052][   T11] FDC 0 is a S82078B
[   19.456461][    T1] brd: module loaded
[   19.942197][    T1] loop: module loaded
[   20.994240][    T1] zram: Added device: zram0
[   21.004544][    T1] null_blk: disk nullb0 created
[   21.008985][    T1] null_blk: module loaded
[   21.013187][    T1] Guest personality initialized and is inactive
[   21.018308][    T1] VMCI host device registered (name=vmci, major=10, minor=118)
[   21.019491][    T1] Initialized host personality
[   21.020430][    T1] usbcore: registered new interface driver rtsx_usb
[   21.024777][    T1] usbcore: registered new interface driver viperboard
[   21.029450][    T1] usbcore: registered new interface driver dln2
[   21.033754][    T1] usbcore: registered new interface driver pn533_usb
[   21.039244][    T1] nfcsim 0.2 initialized
[   21.040094][    T1] usbcore: registered new interface driver port100
[   21.041276][    T1] usbcore: registered new interface driver nfcmrvl
[   21.485595][    T1] Loading iSCSI transport class v2.0-870.
[   21.494335][    T1] st: Version 20160209, fixed bufsize 32768, s/g segs 256
[   21.522446][    T1] scsi host0: ata_piix
[   21.526422][    T1] scsi host1: ata_piix
[   21.529369][    T1] ata1: PATA max MWDMA2 cmd 0x1f0 ctl 0x3f6 bmdma 0xc000 irq 14
[   21.536224][    T1] ata2: PATA max MWDMA2 cmd 0x170 ctl 0x376 bmdma 0xc008 irq 15
[   21.547980][    T1] Rounding down aligned max_sectors from 4294967295 to 4294967288
[   21.554879][    T1] db_root: cannot open: /etc/target
[   21.559288][    T1] slram: not enough parameters.
[   21.568463][    T1] ftl_cs: FTL header not found.
[   21.872364][  T966] ata2: found unknown device (class 0)
[   21.878503][  T966] ata2.00: ATAPI: QEMU DVD-ROM, 2.5+, max UDMA/100
[   21.901410][    T1] wireguard: WireGuard 1.0.0 loaded. See www.wireguard.com for information.
[   21.907232][    T1] wireguard: Copyright (C) 2015-2019 Jason A. Donenfeld <Jason@zx2c4.com>. All Rights Reserved.
[   21.911237][   T55] scsi 1:0:0:0: CD-ROM            QEMU     QEMU DVD-ROM     2.5+ PQ: 0 ANSI: 5
[   21.916005][    T1] eql: Equalizer2002: Simon Janes (simon@ncm.com) and David S. Miller (davem@redhat.com)
[   21.933874][    T1] MACsec IEEE 802.1AE
[   21.966192][    T1] tun: Universal TUN/TAP device driver, 1.6
[   21.970880][    T1] vcan: Virtual CAN interface driver
[   21.974131][    T1] vxcan: Virtual CAN Tunnel driver
[   21.977163][    T1] slcan: serial line CAN interface driver
[   21.980643][    T1] CAN device driver interface
[   21.983148][    T1] usbcore: registered new interface driver usb_8dev
[   21.984720][    T1] usbcore: registered new interface driver ems_usb
[   21.985872][    T1] usbcore: registered new interface driver gs_usb
[   21.986992][    T1] usbcore: registered new interface driver kvaser_usb
[   21.988184][    T1] usbcore: registered new interface driver mcba_usb
[   21.989371][    T1] usbcore: registered new interface driver peak_usb
[   21.990610][    T1] e100: Intel(R) PRO/100 Network Driver
[   21.991517][    T1] e100: Copyright(c) 1999-2006 Intel Corporation
[   21.992779][    T1] e1000: Intel(R) PRO/1000 Network Driver
[   21.993735][    T1] e1000: Copyright (c) 1999-2006 Intel Corporation.
[   21.995437][    T1] e1000e: Intel(R) PRO/1000 Network Driver
[   21.996398][    T1] e1000e: Copyright(c) 1999 - 2015 Intel Corporation.
[   22.011619][    T1] mkiss: AX.25 Multikiss, Hans Albas PE1AYX
[   22.013159][    T1] AX.25: 6pack driver, Revision: 0.3.0
[   22.014396][    T1] AX.25: bpqether driver version 004
[   22.015505][    T1] PPP generic driver version 2.4.2
[   22.018113][    T1] PPP BSD Compression module registered
[   22.018979][    T1] PPP Deflate Compression module registered
[   22.019812][    T1] PPP MPPE Compression module registered
[   22.021152][    T1] NET: Registered PF_PPPOX protocol family
[   22.021994][    T1] PPTP driver version 0.8.5
[   22.046987][    T1] SLIP: version 0.8.4-NET3.019-NEWTTY (dynamic channels, max=256) (6 bit encapsulation enabled).
[   22.048861][    T1] CSLIP: code copyright 1989 Regents of the University of California.
[   22.050230][    T1] SLIP linefill/keepalive option.
[   22.051054][    T1] hdlc: HDLC support module revision 1.22
[   22.052032][    T1] LAPB Ethernet driver version 0.02
[   22.054117][    T1] usbcore: registered new interface driver ath9k_htc
[   22.055610][    T1] usbcore: registered new interface driver carl9170
[   22.057071][    T1] usbcore: registered new interface driver ath6kl_usb
[   22.058482][    T1] usbcore: registered new interface driver ar5523
[   22.060124][    T1] usbcore: registered new interface driver ath10k_usb
[   22.061435][    T1] usbcore: registered new interface driver rndis_wlan
[   22.065530][    T1] mac80211_hwsim: initializing netlink
[   22.445369][    T1] usbcore: registered new interface driver atusb
[   22.455482][    T1] mac802154_hwsim mac802154_hwsim: Added 2 mac802154 hwsim hardware radios
[   22.457410][    T1] VMware vmxnet3 virtual NIC driver - version 1.7.0.0-k-NAPI
[   22.458868][    T1] usbcore: registered new interface driver catc
[   22.460014][    T1] usbcore: registered new interface driver kaweth
[   22.461062][    T1] pegasus: Pegasus/Pegasus II USB Ethernet driver
[   22.462260][    T1] usbcore: registered new interface driver pegasus
[   22.468101][    T1] usbcore: registered new interface driver rtl8150
[   22.469304][    T1] usbcore: registered new interface driver r8152
[   22.470314][    T1] hso: drivers/net/usb/hso.c: Option Wireless
[   22.471507][    T1] usbcore: registered new interface driver hso
[   22.473013][    T1] usbcore: registered new interface driver lan78xx
[   22.474223][    T1] usbcore: registered new interface driver asix
[   22.475528][    T1] usbcore: registered new interface driver ax88179_178a
[   22.476773][    T1] usbcore: registered new interface driver cdc_ether
[   22.477916][    T1] usbcore: registered new interface driver cdc_eem
[   22.479395][    T1] usbcore: registered new interface driver dm9601
[   22.479725][   T55] sr 1:0:0:0: [sr0] scsi3-mmc drive: 4x/4x cd/rw xa/form2 tray
[   22.480606][    T1] usbcore: registered new interface driver sr9700
[   22.481713][   T55] cdrom: Uniform CD-ROM driver Revision: 3.20
[   22.484892][    T1] usbcore: registered new interface driver CoreChips
[   22.485921][    T1] usbcore: registered new interface driver smsc75xx
[   22.486922][    T1] usbcore: registered new interface driver smsc95xx
[   22.487989][    T1] usbcore: registered new interface driver gl620a
[   22.489018][    T1] usbcore: registered new interface driver net1080
[   22.490090][    T1] usbcore: registered new interface driver plusb
[   22.491166][    T1] usbcore: registered new interface driver rndis_host
[   22.492353][    T1] usbcore: registered new interface driver cdc_subset
[   22.493570][    T1] usbcore: registered new interface driver zaurus
[   22.494641][    T1] usbcore: registered new interface driver MOSCHIP usb-ethernet driver
[   22.496034][    T1] usbcore: registered new interface driver int51x1
[   22.497217][    T1] usbcore: registered new interface driver cdc_phonet
[   22.498404][    T1] usbcore: registered new interface driver kalmia
[   22.499504][    T1] usbcore: registered new interface driver ipheth
[   22.500590][    T1] usbcore: registered new interface driver sierra_net
[   22.501792][    T1] usbcore: registered new interface driver cx82310_eth
[   22.505117][    T1] usbcore: registered new interface driver cdc_ncm
[   22.508501][    T1] usbcore: registered new interface driver huawei_cdc_ncm
[   22.514513][    T1] usbcore: registered new interface driver lg-vl600
[   22.518538][    T1] usbcore: registered new interface driver qmi_wwan
[   22.522685][    T1] usbcore: registered new interface driver cdc_mbim
[   22.526850][    T1] usbcore: registered new interface driver ch9200
[   22.530790][    T1] usbcore: registered new interface driver r8153_ecm
[   22.537468][   T55] sr 1:0:0:0: Attached scsi generic sg0 type 5
[   22.900461][    T1] VFIO - User Level meta-driver version: 0.3
[   22.914274][    T1] aoe: AoE v85 initialised.
[   22.933637][    T1] SPI driver max3421-hcd has no spi_device_id for maxim,max3421
[   22.939347][    T1] usbcore: registered new interface driver cdc_acm
[   22.943660][    T1] cdc_acm: USB Abstract Control Model driver for USB modems and ISDN adapters
[   22.949665][    T1] usbcore: registered new interface driver usblp
[   22.954447][    T1] usbcore: registered new interface driver cdc_wdm
[   22.958780][    T1] usbcore: registered new interface driver usbtmc
[   22.967416][    T1] usbcore: registered new interface driver uas
[   22.971307][    T1] usbcore: registered new interface driver usb-storage
[   22.975262][    T1] usbcore: registered new interface driver ums-alauda
[   22.979251][    T1] usbcore: registered new interface driver ums-cypress
[   22.983524][    T1] usbcore: registered new interface driver ums-datafab
[   22.985361][    T1] usbcore: registered new interface driver ums_eneub6250
[   22.986613][    T1] usbcore: registered new interface driver ums-freecom
[   22.987825][    T1] usbcore: registered new interface driver ums-isd200
[   22.989055][    T1] usbcore: registered new interface driver ums-jumpshot
[   22.990274][    T1] usbcore: registered new interface driver ums-karma
[   22.991449][    T1] usbcore: registered new interface driver ums-onetouch
[   22.992751][    T1] usbcore: registered new interface driver ums-realtek
[   22.993958][    T1] usbcore: registered new interface driver ums-sddr09
[   22.995142][    T1] usbcore: registered new interface driver ums-sddr55
[   22.996318][    T1] usbcore: registered new interface driver ums-usbat
[   22.997528][    T1] usbcore: registered new interface driver mdc800
[   22.998601][    T1] mdc800: v0.7.5 (30/10/2000):USB Driver for Mustek MDC800 Digital Camera
[   23.000126][    T1] usbcore: registered new interface driver microtekX6
[   23.001567][    T1] usbcore: registered new interface driver usbserial_generic
[   23.003217][    T1] usbserial: USB Serial support registered for generic
[   23.004643][    T1] usbcore: registered new interface driver aircable
[   23.005859][    T1] usbserial: USB Serial support registered for aircable
[   23.007436][    T1] usbcore: registered new interface driver ark3116
[   23.008641][    T1] usbserial: USB Serial support registered for ark3116
[   23.011255][    T1] usbcore: registered new interface driver belkin_sa
[   23.012640][    T1] usbserial: USB Serial support registered for Belkin / Peracom / GoHubs USB Serial Adapter
[   23.014478][    T1] usbcore: registered new interface driver ch341
[   23.015660][    T1] usbserial: USB Serial support registered for ch341-uart
[   23.017044][    T1] usbcore: registered new interface driver cp210x
[   23.018305][    T1] usbserial: USB Serial support registered for cp210x
[   23.019613][    T1] usbcore: registered new interface driver cyberjack
[   23.021025][    T1] usbserial: USB Serial support registered for Reiner SCT Cyberjack USB card reader
[   23.022843][    T1] usbcore: registered new interface driver cypress_m8
[   23.024164][    T1] usbserial: USB Serial support registered for DeLorme Earthmate USB
[   23.025674][    T1] usbserial: USB Serial support registered for HID->COM RS232 Adapter
[   23.027162][    T1] usbserial: USB Serial support registered for Nokia CA-42 V2 Adapter
[   23.028661][    T1] usbcore: registered new interface driver usb_debug
[   23.030081][    T1] usbserial: USB Serial support registered for debug
[   23.031355][    T1] usbserial: USB Serial support registered for xhci_dbc
[   23.032746][    T1] usbcore: registered new interface driver digi_acceleport
[   23.034101][    T1] usbserial: USB Serial support registered for Digi 2 port USB adapter
[   23.035663][    T1] usbserial: USB Serial support registered for Digi 4 port USB adapter
[   23.037285][    T1] usbcore: registered new interface driver io_edgeport
[   23.038697][    T1] usbserial: USB Serial support registered for Edgeport 2 port adapter
[   23.040307][    T1] usbserial: USB Serial support registered for Edgeport 4 port adapter
[   23.041947][    T1] usbserial: USB Serial support registered for Edgeport 8 port adapter
[   23.043619][    T1] usbserial: USB Serial support registered for EPiC device
[   23.045087][    T1] usbcore: registered new interface driver io_ti
[   23.046283][    T1] usbserial: USB Serial support registered for Edgeport TI 1 port adapter
[   23.047847][    T1] usbserial: USB Serial support registered for Edgeport TI 2 port adapter
[   23.049498][    T1] usbcore: registered new interface driver empeg
[   23.050684][    T1] usbserial: USB Serial support registered for empeg
[   23.051990][    T1] usbcore: registered new interface driver f81534a_ctrl
[   23.056025][    T1] usbcore: registered new interface driver f81232
[   23.060315][    T1] usbserial: USB Serial support registered for f81232
[   23.064854][    T1] usbserial: USB Serial support registered for f81534a
[   23.069669][    T1] usbcore: registered new interface driver f81534
[   23.074161][    T1] usbserial: USB Serial support registered for Fintek F81532/F81534
[   23.079465][    T1] usbcore: registered new interface driver ftdi_sio
[   23.083963][    T1] usbserial: USB Serial support registered for FTDI USB Serial Device
[   23.089691][    T1] usbcore: registered new interface driver garmin_gps
[   23.094338][    T1] usbserial: USB Serial support registered for Garmin GPS usb/tty
[   23.099934][    T1] usbcore: registered new interface driver ipaq
[   23.102164][    T1] usbserial: USB Serial support registered for PocketPC PDA
[   23.103659][    T1] usbcore: registered new interface driver ipw
[   23.107862][    T1] usbserial: USB Serial support registered for IPWireless converter
[   23.113376][    T1] usbcore: registered new interface driver ir_usb
[   23.117739][    T1] usbserial: USB Serial support registered for IR Dongle
[   23.122477][    T1] usbcore: registered new interface driver iuu_phoenix
[   23.127111][    T1] usbserial: USB Serial support registered for iuu_phoenix
[   23.133121][    T1] usbcore: registered new interface driver keyspan
[   23.138197][    T1] usbserial: USB Serial support registered for Keyspan - (without firmware)
[   23.146918][    T1] usbserial: USB Serial support registered for Keyspan 1 port adapter
[   23.155915][    T1] usbserial: USB Serial support registered for Keyspan 2 port adapter
[   23.162820][    T1] usbserial: USB Serial support registered for Keyspan 4 port adapter
[   23.167986][    T1] usbcore: registered new interface driver keyspan_pda
[   23.172241][    T1] usbserial: USB Serial support registered for Keyspan PDA
[   23.176805][    T1] usbserial: USB Serial support registered for Keyspan PDA - (prerenumeration)
[   23.182440][    T1] usbcore: registered new interface driver kl5kusb105
[   23.186757][    T1] usbserial: USB Serial support registered for KL5KUSB105D / PalmConnect
[   23.189578][    T1] usbcore: registered new interface driver kobil_sct
[   23.190892][    T1] usbserial: USB Serial support registered for KOBIL USB smart card terminal
[   23.192666][    T1] usbcore: registered new interface driver mct_u232
[   23.193911][    T1] usbserial: USB Serial support registered for MCT U232
[   23.195227][    T1] usbcore: registered new interface driver metro_usb
[   23.196673][    T1] usbserial: USB Serial support registered for Metrologic USB to Serial
[   23.198244][    T1] usbcore: registered new interface driver mos7720
[   23.199467][    T1] usbserial: USB Serial support registered for Moschip 2 port adapter
[   23.200996][    T1] usbcore: registered new interface driver mos7840
[   23.202221][    T1] usbserial: USB Serial support registered for Moschip 7840/7820 USB Serial Driver
[   23.204279][    T1] usbcore: registered new interface driver mxuport
[   23.205530][    T1] usbserial: USB Serial support registered for MOXA UPort
[   23.206841][    T1] usbcore: registered new interface driver navman
[   23.207989][    T1] usbserial: USB Serial support registered for navman
[   23.209241][    T1] usbcore: registered new interface driver omninet
[   23.210467][    T1] usbserial: USB Serial support registered for ZyXEL - omni.net usb
[   23.211991][    T1] usbcore: registered new interface driver opticon
[   23.213295][    T1] usbserial: USB Serial support registered for opticon
[   23.214589][    T1] usbcore: registered new interface driver option
[   23.215758][    T1] usbserial: USB Serial support registered for GSM modem (1-port)
[   23.217285][    T1] usbcore: registered new interface driver oti6858
[   23.218514][    T1] usbserial: USB Serial support registered for oti6858
[   23.219860][    T1] usbcore: registered new interface driver pl2303
[   23.221001][    T1] usbserial: USB Serial support registered for pl2303
[   23.222330][    T1] usbcore: registered new interface driver qcaux
[   23.223536][    T1] usbserial: USB Serial support registered for qcaux
[   23.224726][    T1] usbcore: registered new interface driver qcserial
[   23.225975][    T1] usbserial: USB Serial support registered for Qualcomm USB modem
[   23.227382][    T1] usbcore: registered new interface driver quatech2
[   23.228611][    T1] usbserial: USB Serial support registered for Quatech 2nd gen USB to Serial Driver
[   23.230294][    T1] usbcore: registered new interface driver safe_serial
[   23.231551][    T1] usbserial: USB Serial support registered for safe_serial
[   23.232981][    T1] usbcore: registered new interface driver sierra
[   23.234198][    T1] usbserial: USB Serial support registered for Sierra USB modem
[   23.235624][    T1] usbcore: registered new interface driver usb_serial_simple
[   23.237002][    T1] usbserial: USB Serial support registered for carelink
[   23.238290][    T1] usbserial: USB Serial support registered for zio
[   23.239498][    T1] usbserial: USB Serial support registered for funsoft
[   23.240752][    T1] usbserial: USB Serial support registered for flashloader
[   23.241994][    T1] usbserial: USB Serial support registered for google
[   23.243373][    T1] usbserial: USB Serial support registered for libtransistor
[   23.244809][    T1] usbserial: USB Serial support registered for vivopay
[   23.246149][    T1] usbserial: USB Serial support registered for moto_modem
[   23.247457][    T1] usbserial: USB Serial support registered for motorola_tetra
[   23.248851][    T1] usbserial: USB Serial support registered for nokia
[   23.250081][    T1] usbserial: USB Serial support registered for novatel_gps
[   23.251341][    T1] usbserial: USB Serial support registered for hp4x
[   23.252663][    T1] usbserial: USB Serial support registered for suunto
[   23.253861][    T1] usbserial: USB Serial support registered for siemens_mpi
[   23.255154][    T1] usbcore: registered new interface driver spcp8x5
[   23.256310][    T1] usbserial: USB Serial support registered for SPCP8x5
[   23.257543][    T1] usbcore: registered new interface driver ssu100
[   23.258670][    T1] usbserial: USB Serial support registered for Quatech SSU-100 USB to Serial Driver
[   23.260405][    T1] usbcore: registered new interface driver symbolserial
[   23.261644][    T1] usbserial: USB Serial support registered for symbol
[   23.262951][    T1] usbcore: registered new interface driver ti_usb_3410_5052
[   23.264272][    T1] usbserial: USB Serial support registered for TI USB 3410 1 port adapter
[   23.265808][    T1] usbserial: USB Serial support registered for TI USB 5052 2 port adapter
[   23.267316][    T1] usbcore: registered new interface driver upd78f0730
[   23.268557][    T1] usbserial: USB Serial support registered for upd78f0730
[   23.269870][    T1] usbcore: registered new interface driver visor
[   23.271025][    T1] usbserial: USB Serial support registered for Handspring Visor / Palm OS
[   23.273344][    T1] usbserial: USB Serial support registered for Sony Clie 5.0
[   23.274716][    T1] usbserial: USB Serial support registered for Sony Clie 3.5
[   23.276055][    T1] usbcore: registered new interface driver wishbone_serial
[   23.277368][    T1] usbserial: USB Serial support registered for wishbone_serial
[   23.278729][    T1] usbcore: registered new interface driver whiteheat
[   23.279905][    T1] usbserial: USB Serial support registered for Connect Tech - WhiteHEAT - (prerenumeration)
[   23.281761][    T1] usbserial: USB Serial support registered for Connect Tech - WhiteHEAT
[   23.283467][    T1] usbcore: registered new interface driver xr_serial
[   23.284725][    T1] usbserial: USB Serial support registered for xr_serial
[   23.286070][    T1] usbcore: registered new interface driver xsens_mt
[   23.287289][    T1] usbserial: USB Serial support registered for xsens_mt
[   23.288694][    T1] usbcore: registered new interface driver adutux
[   23.289892][    T1] usbcore: registered new interface driver appledisplay
[   23.291224][    T1] usbcore: registered new interface driver cypress_cy7c63
[   23.293867][    T1] usbcore: registered new interface driver cytherm
[   23.295176][    T1] usbcore: registered new interface driver emi26 - firmware loader
[   23.296766][    T1] usbcore: registered new interface driver emi62 - firmware loader
[   23.298098][    T1] ftdi_elan: driver ftdi-elan
[   23.299152][    T1] usbcore: registered new interface driver ftdi-elan
[   23.300448][    T1] usbcore: registered new interface driver idmouse
[   23.301687][    T1] usbcore: registered new interface driver iowarrior
[   23.303069][    T1] usbcore: registered new interface driver isight_firmware
[   23.304482][    T1] usbcore: registered new interface driver usblcd
[   23.305724][    T1] usbcore: registered new interface driver ldusb
[   23.306908][    T1] usbcore: registered new interface driver legousbtower
[   23.308207][    T1] usbcore: registered new interface driver usbtest
[   23.309763][    T1] usbcore: registered new interface driver usb_ehset_test
[   23.311284][    T1] usbcore: registered new interface driver trancevibrator
[   23.312719][    T1] usbcore: registered new interface driver uss720
[   23.313778][    T1] uss720: USB Parport Cable driver for Cables using the Lucent Technologies USS720 Chip
[   23.315363][    T1] uss720: NOTE: this is a special purpose driver to allow nonstandard
[   23.316872][    T1] uss720: protocols (eg. bitbang) over USS720 usb to parallel cables
[   23.318484][    T1] uss720: If you just want to connect to a printer, use usblp instead
[   23.320223][    T1] usbcore: registered new interface driver usbsevseg
[   23.325015][    T1] usbcore: registered new interface driver yurex
[   23.329743][    T1] usbcore: registered new interface driver chaoskey
[   23.334297][    T1] usbcore: registered new interface driver sisusb
[   23.338680][    T1] usbcore: registered new interface driver lvs
[   23.342913][    T1] usbcore: registered new interface driver cxacru
[   23.347352][    T1] usbcore: registered new interface driver speedtch
[   23.351829][    T1] usbcore: registered new interface driver ueagle-atm
[   23.356310][    T1] xusbatm: malformed module parameters
[   23.360769][    T1] dummy_hcd dummy_hcd.0: USB Host+Gadget Emulator, driver 02 May 2005
[   23.365983][    T1] dummy_hcd dummy_hcd.0: Dummy host controller
[   23.371325][    T1] dummy_hcd dummy_hcd.0: new USB bus registered, assigned bus number 1
[   23.378159][    T1] usb usb1: New USB device found, idVendor=1d6b, idProduct=0002, bcdDevice= 6.02
[   23.384114][    T1] usb usb1: New USB device strings: Mfr=3, Product=2, SerialNumber=1
[   23.389273][    T1] usb usb1: Product: Dummy host controller
[   23.393039][    T1] usb usb1: Manufacturer: Linux 6.2.0-rc1-00002-g0f3da2f9f4af-dirty dummy_hcd
[   23.398902][    T1] usb usb1: SerialNumber: dummy_hcd.0
[   23.405721][    T1] hub 1-0:1.0: USB hub found
[   23.409236][    T1] hub 1-0:1.0: 1 port detected
[   23.418734][    T1] gadgetfs: USB Gadget filesystem, version 24 Aug 2004
[   23.426700][    T1] vhci_hcd vhci_hcd.0: USB/IP Virtual Host Controller
[   23.429066][    T1] vhci_hcd vhci_hcd.0: new USB bus registered, assigned bus number 2
[   23.430969][    T1] vhci_hcd: created sysfs vhci_hcd.0
[   23.433126][    T1] usb usb2: New USB device found, idVendor=1d6b, idProduct=0002, bcdDevice= 6.02
[   23.435779][    T1] usb usb2: New USB device strings: Mfr=3, Product=2, SerialNumber=1
[   23.437090][    T1] usb usb2: Product: USB/IP Virtual Host Controller
[   23.438358][    T1] usb usb2: Manufacturer: Linux 6.2.0-rc1-00002-g0f3da2f9f4af-dirty vhci_hcd
[   23.440050][    T1] usb usb2: SerialNumber: vhci_hcd.0
[   23.443585][    T1] hub 2-0:1.0: USB hub found
[   23.444544][    T1] hub 2-0:1.0: 8 ports detected
[   23.450774][    T1] vhci_hcd vhci_hcd.0: USB/IP Virtual Host Controller
[   23.452650][    T1] vhci_hcd vhci_hcd.0: new USB bus registered, assigned bus number 3
[   23.453986][    T1] usb usb3: We don't know the algorithms for LPM for this host, disabling LPM.
[   23.455581][    T1] usb usb3: New USB device found, idVendor=1d6b, idProduct=0003, bcdDevice= 6.02
[   23.456950][    T1] usb usb3: New USB device strings: Mfr=3, Product=2, SerialNumber=1
[   23.458059][    T1] usb usb3: Product: USB/IP Virtual Host Controller
[   23.458962][    T1] usb usb3: Manufacturer: Linux 6.2.0-rc1-00002-g0f3da2f9f4af-dirty vhci_hcd
[   23.460145][    T1] usb usb3: SerialNumber: vhci_hcd.0
[   23.462199][    T1] hub 3-0:1.0: USB hub found
[   23.463843][    T1] hub 3-0:1.0: 8 ports detected
[   23.468747][    T1] vhci_hcd vhci_hcd.1: USB/IP Virtual Host Controller
[   23.470760][    T1] vhci_hcd vhci_hcd.1: new USB bus registered, assigned bus number 4
[   23.472304][    T1] usb usb4: New USB device found, idVendor=1d6b, idProduct=0002, bcdDevice= 6.02
[   23.474159][    T1] usb usb4: New USB device strings: Mfr=3, Product=2, SerialNumber=1
[   23.475281][    T1] usb usb4: Product: USB/IP Virtual Host Controller
[   23.476138][    T1] usb usb4: Manufacturer: Linux 6.2.0-rc1-00002-g0f3da2f9f4af-dirty vhci_hcd
[   23.477372][    T1] usb usb4: SerialNumber: vhci_hcd.1
[   23.479260][    T1] hub 4-0:1.0: USB hub found
[   23.479960][    T1] hub 4-0:1.0: 8 ports detected
[   23.484653][    T1] vhci_hcd vhci_hcd.1: USB/IP Virtual Host Controller
[   23.485952][    T1] vhci_hcd vhci_hcd.1: new USB bus registered, assigned bus number 5
[   23.487169][    T1] usb usb5: We don't know the algorithms for LPM for this host, disabling LPM.
[   23.488787][    T1] usb usb5: New USB device found, idVendor=1d6b, idProduct=0003, bcdDevice= 6.02
[   23.490164][    T1] usb usb5: New USB device strings: Mfr=3, Product=2, SerialNumber=1
[   23.491382][    T1] usb usb5: Product: USB/IP Virtual Host Controller
[   23.492355][    T1] usb usb5: Manufacturer: Linux 6.2.0-rc1-00002-g0f3da2f9f4af-dirty vhci_hcd
[   23.493886][    T1] usb usb5: SerialNumber: vhci_hcd.1
[   23.498536][    T1] hub 5-0:1.0: USB hub found
[   23.499445][    T1] hub 5-0:1.0: 8 ports detected
[   23.505146][    T1] vhci_hcd vhci_hcd.2: USB/IP Virtual Host Controller
[   23.506908][    T1] vhci_hcd vhci_hcd.2: new USB bus registered, assigned bus number 6
[   23.508755][    T1] usb usb6: New USB device found, idVendor=1d6b, idProduct=0002, bcdDevice= 6.02
[   23.510271][    T1] usb usb6: New USB device strings: Mfr=3, Product=2, SerialNumber=1
[   23.511616][    T1] usb usb6: Product: USB/IP Virtual Host Controller
[   23.512807][    T1] usb usb6: Manufacturer: Linux 6.2.0-rc1-00002-g0f3da2f9f4af-dirty vhci_hcd
[   23.514261][    T1] usb usb6: SerialNumber: vhci_hcd.2
[   23.517332][    T1] hub 6-0:1.0: USB hub found
[   23.518305][    T1] hub 6-0:1.0: 8 ports detected
[   23.523864][    T1] vhci_hcd vhci_hcd.2: USB/IP Virtual Host Controller
[   23.530448][    T1] vhci_hcd vhci_hcd.2: new USB bus registered, assigned bus number 7
[   23.532139][    T1] usb usb7: We don't know the algorithms for LPM for this host, disabling LPM.
[   23.534391][    T1] usb usb7: New USB device found, idVendor=1d6b, idProduct=0003, bcdDevice= 6.02
[   23.535940][    T1] usb usb7: New USB device strings: Mfr=3, Product=2, SerialNumber=1
[   23.537274][    T1] usb usb7: Product: USB/IP Virtual Host Controller
[   23.538377][    T1] usb usb7: Manufacturer: Linux 6.2.0-rc1-00002-g0f3da2f9f4af-dirty vhci_hcd
[   23.539845][    T1] usb usb7: SerialNumber: vhci_hcd.2
[   23.543734][    T1] hub 7-0:1.0: USB hub found
[   23.544713][    T1] hub 7-0:1.0: 8 ports detected
[   23.551402][    T1] vhci_hcd vhci_hcd.3: USB/IP Virtual Host Controller
[   23.553312][    T1] vhci_hcd vhci_hcd.3: new USB bus registered, assigned bus number 8
[   23.555265][    T1] usb usb8: New USB device found, idVendor=1d6b, idProduct=0002, bcdDevice= 6.02
[   23.556864][    T1] usb usb8: New USB device strings: Mfr=3, Product=2, SerialNumber=1
[   23.558262][    T1] usb usb8: Product: USB/IP Virtual Host Controller
[   23.559436][    T1] usb usb8: Manufacturer: Linux 6.2.0-rc1-00002-g0f3da2f9f4af-dirty vhci_hcd
[   23.560948][    T1] usb usb8: SerialNumber: vhci_hcd.3
[   23.564927][    T1] hub 8-0:1.0: USB hub found
[   23.565831][    T1] hub 8-0:1.0: 8 ports detected
[   23.571234][    T1] vhci_hcd vhci_hcd.3: USB/IP Virtual Host Controller
[   23.575262][    T1] vhci_hcd vhci_hcd.3: new USB bus registered, assigned bus number 9
[   23.576845][    T1] usb usb9: We don't know the algorithms for LPM for this host, disabling LPM.
[   23.578539][    T1] usb usb9: New USB device found, idVendor=1d6b, idProduct=0003, bcdDevice= 6.02
[   23.579876][    T1] usb usb9: New USB device strings: Mfr=3, Product=2, SerialNumber=1
[   23.581043][    T1] usb usb9: Product: USB/IP Virtual Host Controller
[   23.582011][    T1] usb usb9: Manufacturer: Linux 6.2.0-rc1-00002-g0f3da2f9f4af-dirty vhci_hcd
[   23.583370][    T1] usb usb9: SerialNumber: vhci_hcd.3
[   23.585631][    T1] hub 9-0:1.0: USB hub found
[   23.586527][    T1] hub 9-0:1.0: 8 ports detected
[   23.593206][    T1] vhci_hcd vhci_hcd.4: USB/IP Virtual Host Controller
[   23.598351][    T1] vhci_hcd vhci_hcd.4: new USB bus registered, assigned bus number 10
[   23.604435][    T1] usb usb10: New USB device found, idVendor=1d6b, idProduct=0002, bcdDevice= 6.02
[   23.610605][    T1] usb usb10: New USB device strings: Mfr=3, Product=2, SerialNumber=1
[   23.616010][    T1] usb usb10: Product: USB/IP Virtual Host Controller
[   23.620349][    T1] usb usb10: Manufacturer: Linux 6.2.0-rc1-00002-g0f3da2f9f4af-dirty vhci_hcd
[   23.625941][    T1] usb usb10: SerialNumber: vhci_hcd.4
[   23.630869][    T1] hub 10-0:1.0: USB hub found
[   23.633996][    T1] hub 10-0:1.0: 8 ports detected
[   23.643711][    T1] vhci_hcd vhci_hcd.4: USB/IP Virtual Host Controller
[   23.646282][    T1] vhci_hcd vhci_hcd.4: new USB bus registered, assigned bus number 11
[   23.648426][    T1] usb usb11: We don't know the algorithms for LPM for this host, disabling LPM.
[   23.650446][    T1] usb usb11: New USB device found, idVendor=1d6b, idProduct=0003, bcdDevice= 6.02
[   23.653009][    T1] usb usb11: New USB device strings: Mfr=3, Product=2, SerialNumber=1
[   23.654391][    T1] usb usb11: Product: USB/IP Virtual Host Controller
[   23.655514][    T1] usb usb11: Manufacturer: Linux 6.2.0-rc1-00002-g0f3da2f9f4af-dirty vhci_hcd
[   23.657011][    T1] usb usb11: SerialNumber: vhci_hcd.4
[   23.659517][    T1] hub 11-0:1.0: USB hub found
[   23.660270][    T1] hub 11-0:1.0: 8 ports detected
[   23.666286][    T1] vhci_hcd vhci_hcd.5: USB/IP Virtual Host Controller
[   23.667863][    T1] vhci_hcd vhci_hcd.5: new USB bus registered, assigned bus number 12
[   23.669510][    T1] usb usb12: New USB device found, idVendor=1d6b, idProduct=0002, bcdDevice= 6.02
[   23.670863][    T1] usb usb12: New USB device strings: Mfr=3, Product=2, SerialNumber=1
[   23.672187][    T1] usb usb12: Product: USB/IP Virtual Host Controller
[   23.673328][    T1] usb usb12: Manufacturer: Linux 6.2.0-rc1-00002-g0f3da2f9f4af-dirty vhci_hcd
[   23.674737][    T1] usb usb12: SerialNumber: vhci_hcd.5
[   23.677465][    T1] hub 12-0:1.0: USB hub found
[   23.678302][    T1] hub 12-0:1.0: 8 ports detected
[   23.682814][    T1] vhci_hcd vhci_hcd.5: USB/IP Virtual Host Controller
[   23.684248][    T1] vhci_hcd vhci_hcd.5: new USB bus registered, assigned bus number 13
[   23.685636][    T1] usb usb13: We don't know the algorithms for LPM for this host, disabling LPM.
[   23.687166][    T1] usb usb13: New USB device found, idVendor=1d6b, idProduct=0003, bcdDevice= 6.02
[   23.688450][    T1] usb usb13: New USB device strings: Mfr=3, Product=2, SerialNumber=1
[   23.689583][    T1] usb usb13: Product: USB/IP Virtual Host Controller
[   23.690572][    T1] usb usb13: Manufacturer: Linux 6.2.0-rc1-00002-g0f3da2f9f4af-dirty vhci_hcd
[   23.691772][    T1] usb usb13: SerialNumber: vhci_hcd.5
[   23.694633][    T1] hub 13-0:1.0: USB hub found
[   23.695438][    T1] hub 13-0:1.0: 8 ports detected
[   23.700913][    T1] vhci_hcd vhci_hcd.6: USB/IP Virtual Host Controller
[   23.703410][    T1] vhci_hcd vhci_hcd.6: new USB bus registered, assigned bus number 14
[   23.705179][    T1] usb usb14: New USB device found, idVendor=1d6b, idProduct=0002, bcdDevice= 6.02
[   23.706686][    T1] usb usb14: New USB device strings: Mfr=3, Product=2, SerialNumber=1
[   23.707998][    T1] usb usb14: Product: USB/IP Virtual Host Controller
[   23.709077][    T1] usb usb14: Manufacturer: Linux 6.2.0-rc1-00002-g0f3da2f9f4af-dirty vhci_hcd
[   23.710485][    T1] usb usb14: SerialNumber: vhci_hcd.6
[   23.713018][    T1] hub 14-0:1.0: USB hub found
[   23.713879][    T1] hub 14-0:1.0: 8 ports detected
[   23.718211][    T1] vhci_hcd vhci_hcd.6: USB/IP Virtual Host Controller
[   23.897396][    T1] vhci_hcd vhci_hcd.6: new USB bus registered, assigned bus number 15
[   23.903288][    T1] usb usb15: We don't know the algorithms for LPM for this host, disabling LPM.
[   23.909798][    T1] usb usb15: New USB device found, idVendor=1d6b, idProduct=0003, bcdDevice= 6.02
[   23.916128][    T1] usb usb15: New USB device strings: Mfr=3, Product=2, SerialNumber=1
[   23.921515][    T1] usb usb15: Product: USB/IP Virtual Host Controller
[   23.925982][    T1] usb usb15: Manufacturer: Linux 6.2.0-rc1-00002-g0f3da2f9f4af-dirty vhci_hcd
[   23.931764][    T1] usb usb15: SerialNumber: vhci_hcd.6
[   23.937208][    T1] hub 15-0:1.0: USB hub found
[   23.940426][    T1] hub 15-0:1.0: 8 ports detected
[   23.949779][    T1] vhci_hcd vhci_hcd.7: USB/IP Virtual Host Controller
[   23.955058][    T1] vhci_hcd vhci_hcd.7: new USB bus registered, assigned bus number 16
[   23.960840][    T1] usb usb16: New USB device found, idVendor=1d6b, idProduct=0002, bcdDevice= 6.02
[   23.966814][    T1] usb usb16: New USB device strings: Mfr=3, Product=2, SerialNumber=1
[   23.971835][    T1] usb usb16: Product: USB/IP Virtual Host Controller
[   23.976167][    T1] usb usb16: Manufacturer: Linux 6.2.0-rc1-00002-g0f3da2f9f4af-dirty vhci_hcd
[   23.981868][    T1] usb usb16: SerialNumber: vhci_hcd.7
[   23.987616][    T1] hub 16-0:1.0: USB hub found
[   23.990813][    T1] hub 16-0:1.0: 8 ports detected
[   23.998747][    T1] vhci_hcd vhci_hcd.7: USB/IP Virtual Host Controller
[   24.004940][    T1] vhci_hcd vhci_hcd.7: new USB bus registered, assigned bus number 17
[   24.010591][    T1] usb usb17: We don't know the algorithms for LPM for this host, disabling LPM.
[   24.017182][    T1] usb usb17: New USB device found, idVendor=1d6b, idProduct=0003, bcdDevice= 6.02
[   24.023201][    T1] usb usb17: New USB device strings: Mfr=3, Product=2, SerialNumber=1
[   24.028745][    T1] usb usb17: Product: USB/IP Virtual Host Controller
[   24.033265][    T1] usb usb17: Manufacturer: Linux 6.2.0-rc1-00002-g0f3da2f9f4af-dirty vhci_hcd
[   24.039098][    T1] usb usb17: SerialNumber: vhci_hcd.7
[   24.044673][    T1] hub 17-0:1.0: USB hub found
[   24.047933][    T1] hub 17-0:1.0: 8 ports detected
[   24.057617][    T1] vhci_hcd vhci_hcd.8: USB/IP Virtual Host Controller
[   24.064380][    T1] vhci_hcd vhci_hcd.8: new USB bus registered, assigned bus number 18
[   24.070341][    T1] usb usb18: New USB device found, idVendor=1d6b, idProduct=0002, bcdDevice= 6.02
[   24.076423][    T1] usb usb18: New USB device strings: Mfr=3, Product=2, SerialNumber=1
[   24.081820][    T1] usb usb18: Product: USB/IP Virtual Host Controller
[   24.086390][    T1] usb usb18: Manufacturer: Linux 6.2.0-rc1-00002-g0f3da2f9f4af-dirty vhci_hcd
[   24.092373][    T1] usb usb18: SerialNumber: vhci_hcd.8
[   24.098106][    T1] hub 18-0:1.0: USB hub found
[   24.101460][    T1] hub 18-0:1.0: 8 ports detected
[   24.109424][    T1] vhci_hcd vhci_hcd.8: USB/IP Virtual Host Controller
[   24.114957][    T1] vhci_hcd vhci_hcd.8: new USB bus registered, assigned bus number 19
[   24.120823][    T1] usb usb19: We don't know the algorithms for LPM for this host, disabling LPM.
[   24.127329][    T1] usb usb19: New USB device found, idVendor=1d6b, idProduct=0003, bcdDevice= 6.02
[   24.133338][    T1] usb usb19: New USB device strings: Mfr=3, Product=2, SerialNumber=1
[   24.138528][    T1] usb usb19: Product: USB/IP Virtual Host Controller
[   24.142988][    T1] usb usb19: Manufacturer: Linux 6.2.0-rc1-00002-g0f3da2f9f4af-dirty vhci_hcd
[   24.148931][    T1] usb usb19: SerialNumber: vhci_hcd.8
[   24.154007][    T1] hub 19-0:1.0: USB hub found
[   24.154873][    T1] hub 19-0:1.0: 8 ports detected
[   24.161145][    T1] vhci_hcd vhci_hcd.9: USB/IP Virtual Host Controller
[   24.166327][    T1] vhci_hcd vhci_hcd.9: new USB bus registered, assigned bus number 20
[   24.172940][    T1] usb usb20: New USB device found, idVendor=1d6b, idProduct=0002, bcdDevice= 6.02
[   24.179764][    T1] usb usb20: New USB device strings: Mfr=3, Product=2, SerialNumber=1
[   24.184160][    T1] usb usb20: Product: USB/IP Virtual Host Controller
[   24.188556][    T1] usb usb20: Manufacturer: Linux 6.2.0-rc1-00002-g0f3da2f9f4af-dirty vhci_hcd
[   24.194478][    T1] usb usb20: SerialNumber: vhci_hcd.9
[   24.199931][    T1] hub 20-0:1.0: USB hub found
[   24.201902][    T1] hub 20-0:1.0: 8 ports detected
[   24.209995][    T1] vhci_hcd vhci_hcd.9: USB/IP Virtual Host Controller
[   24.219677][    T1] vhci_hcd vhci_hcd.9: new USB bus registered, assigned bus number 21
[   24.227728][    T1] usb usb21: We don't know the algorithms for LPM for this host, disabling LPM.
[   24.237248][    T1] usb usb21: New USB device found, idVendor=1d6b, idProduct=0003, bcdDevice= 6.02
[   24.244918][    T1] usb usb21: New USB device strings: Mfr=3, Product=2, SerialNumber=1
[   24.246346][    T1] usb usb21: Product: USB/IP Virtual Host Controller
[   24.247546][    T1] usb usb21: Manufacturer: Linux 6.2.0-rc1-00002-g0f3da2f9f4af-dirty vhci_hcd
[   24.249065][    T1] usb usb21: SerialNumber: vhci_hcd.9
[   24.251827][    T1] hub 21-0:1.0: USB hub found
[   24.252886][    T1] hub 21-0:1.0: 8 ports detected
[   24.259892][    T1] vhci_hcd vhci_hcd.10: USB/IP Virtual Host Controller
[   24.261872][    T1] vhci_hcd vhci_hcd.10: new USB bus registered, assigned bus number 22
[   24.268679][    T1] usb usb22: New USB device found, idVendor=1d6b, idProduct=0002, bcdDevice= 6.02
[   24.274880][    T1] usb usb22: New USB device strings: Mfr=3, Product=2, SerialNumber=1
[   24.280240][    T1] usb usb22: Product: USB/IP Virtual Host Controller
[   24.284723][    T1] usb usb22: Manufacturer: Linux 6.2.0-rc1-00002-g0f3da2f9f4af-dirty vhci_hcd
[   24.290451][    T1] usb usb22: SerialNumber: vhci_hcd.10
[   24.295799][    T1] hub 22-0:1.0: USB hub found
[   24.299252][    T1] hub 22-0:1.0: 8 ports detected
[   24.307734][    T1] vhci_hcd vhci_hcd.10: USB/IP Virtual Host Controller
[   24.314379][    T1] vhci_hcd vhci_hcd.10: new USB bus registered, assigned bus number 23
[   24.321110][    T1] usb usb23: We don't know the algorithms for LPM for this host, disabling LPM.
[   24.328695][    T1] usb usb23: New USB device found, idVendor=1d6b, idProduct=0003, bcdDevice= 6.02
[   24.330379][    T1] usb usb23: New USB device strings: Mfr=3, Product=2, SerialNumber=1
[   24.331810][    T1] usb usb23: Product: USB/IP Virtual Host Controller
[   24.333062][    T1] usb usb23: Manufacturer: Linux 6.2.0-rc1-00002-g0f3da2f9f4af-dirty vhci_hcd
[   24.334592][    T1] usb usb23: SerialNumber: vhci_hcd.10
[   24.337483][    T1] hub 23-0:1.0: USB hub found
[   24.338473][    T1] hub 23-0:1.0: 8 ports detected
[   24.345682][    T1] vhci_hcd vhci_hcd.11: USB/IP Virtual Host Controller
[   24.349625][    T1] vhci_hcd vhci_hcd.11: new USB bus registered, assigned bus number 24
[   24.355844][    T1] usb usb24: New USB device found, idVendor=1d6b, idProduct=0002, bcdDevice= 6.02
[   24.361941][    T1] usb usb24: New USB device strings: Mfr=3, Product=2, SerialNumber=1
[   24.367445][    T1] usb usb24: Product: USB/IP Virtual Host Controller
[   24.371889][    T1] usb usb24: Manufacturer: Linux 6.2.0-rc1-00002-g0f3da2f9f4af-dirty vhci_hcd
[   24.378039][    T1] usb usb24: SerialNumber: vhci_hcd.11
[   24.386815][    T1] hub 24-0:1.0: USB hub found
[   24.387892][    T1] hub 24-0:1.0: 8 ports detected
[   24.395498][    T1] vhci_hcd vhci_hcd.11: USB/IP Virtual Host Controller
[   24.400846][    T1] vhci_hcd vhci_hcd.11: new USB bus registered, assigned bus number 25
[   24.406259][    T1] usb usb25: We don't know the algorithms for LPM for this host, disabling LPM.
[   24.412640][    T1] usb usb25: New USB device found, idVendor=1d6b, idProduct=0003, bcdDevice= 6.02
[   24.414256][    T1] usb usb25: New USB device strings: Mfr=3, Product=2, SerialNumber=1
[   24.415619][    T1] usb usb25: Product: USB/IP Virtual Host Controller
[   24.416744][    T1] usb usb25: Manufacturer: Linux 6.2.0-rc1-00002-g0f3da2f9f4af-dirty vhci_hcd
[   24.418223][    T1] usb usb25: SerialNumber: vhci_hcd.11
[   24.420946][    T1] hub 25-0:1.0: USB hub found
[   24.423792][    T1] hub 25-0:1.0: 8 ports detected
[   24.432110][    T1] vhci_hcd vhci_hcd.12: USB/IP Virtual Host Controller
[   24.437531][    T1] vhci_hcd vhci_hcd.12: new USB bus registered, assigned bus number 26
[   24.443525][    T1] usb usb26: New USB device found, idVendor=1d6b, idProduct=0002, bcdDevice= 6.02
[   24.445651][    T1] usb usb26: New USB device strings: Mfr=3, Product=2, SerialNumber=1
[   24.446971][    T1] usb usb26: Product: USB/IP Virtual Host Controller
[   24.450889][    T1] usb usb26: Manufacturer: Linux 6.2.0-rc1-00002-g0f3da2f9f4af-dirty vhci_hcd
[   24.456254][    T1] usb usb26: SerialNumber: vhci_hcd.12
[   24.460074][    T1] hub 26-0:1.0: USB hub found
[   24.461048][    T1] hub 26-0:1.0: 8 ports detected
[   24.467062][    T1] vhci_hcd vhci_hcd.12: USB/IP Virtual Host Controller
[   24.470796][    T1] vhci_hcd vhci_hcd.12: new USB bus registered, assigned bus number 27
[   24.473049][    T1] usb usb27: We don't know the algorithms for LPM for this host, disabling LPM.
[   24.474956][    T1] usb usb27: New USB device found, idVendor=1d6b, idProduct=0003, bcdDevice= 6.02
[   24.476476][    T1] usb usb27: New USB device strings: Mfr=3, Product=2, SerialNumber=1
[   24.477812][    T1] usb usb27: Product: USB/IP Virtual Host Controller
[   24.478879][    T1] usb usb27: Manufacturer: Linux 6.2.0-rc1-00002-g0f3da2f9f4af-dirty vhci_hcd
[   24.480321][    T1] usb usb27: SerialNumber: vhci_hcd.12
[   24.486735][    T1] hub 27-0:1.0: USB hub found
[   24.487651][    T1] hub 27-0:1.0: 8 ports detected
[   24.496211][    T1] vhci_hcd vhci_hcd.13: USB/IP Virtual Host Controller
[   24.499021][    T1] vhci_hcd vhci_hcd.13: new USB bus registered, assigned bus number 28
[   24.505497][    T1] usb usb28: New USB device found, idVendor=1d6b, idProduct=0002, bcdDevice= 6.02
[   24.511478][    T1] usb usb28: New USB device strings: Mfr=3, Product=2, SerialNumber=1
[   24.517247][    T1] usb usb28: Product: USB/IP Virtual Host Controller
[   24.521755][    T1] usb usb28: Manufacturer: Linux 6.2.0-rc1-00002-g0f3da2f9f4af-dirty vhci_hcd
[   24.527750][    T1] usb usb28: SerialNumber: vhci_hcd.13
[   24.535520][    T1] hub 28-0:1.0: USB hub found
[   24.538993][    T1] hub 28-0:1.0: 8 ports detected
[   24.547276][    T1] vhci_hcd vhci_hcd.13: USB/IP Virtual Host Controller
[   24.556092][    T1] vhci_hcd vhci_hcd.13: new USB bus registered, assigned bus number 29
[   24.561909][    T1] usb usb29: We don't know the algorithms for LPM for this host, disabling LPM.
[   24.565937][    T1] usb usb29: New USB device found, idVendor=1d6b, idProduct=0003, bcdDevice= 6.02
[   24.567619][    T1] usb usb29: New USB device strings: Mfr=3, Product=2, SerialNumber=1
[   24.569118][    T1] usb usb29: Product: USB/IP Virtual Host Controller
[   24.570317][    T1] usb usb29: Manufacturer: Linux 6.2.0-rc1-00002-g0f3da2f9f4af-dirty vhci_hcd
[   24.571856][    T1] usb usb29: SerialNumber: vhci_hcd.13
[   24.574844][    T1] hub 29-0:1.0: USB hub found
[   24.576832][    T1] hub 29-0:1.0: 8 ports detected
[   24.586536][    T1] vhci_hcd vhci_hcd.14: USB/IP Virtual Host Controller
[   24.591769][    T1] vhci_hcd vhci_hcd.14: new USB bus registered, assigned bus number 30
[   24.597986][    T1] usb usb30: New USB device found, idVendor=1d6b, idProduct=0002, bcdDevice= 6.02
[   24.604106][    T1] usb usb30: New USB device strings: Mfr=3, Product=2, SerialNumber=1
[   24.609503][    T1] usb usb30: Product: USB/IP Virtual Host Controller
[   24.614033][    T1] usb usb30: Manufacturer: Linux 6.2.0-rc1-00002-g0f3da2f9f4af-dirty vhci_hcd
[   24.620001][    T1] usb usb30: SerialNumber: vhci_hcd.14
[   24.625708][    T1] hub 30-0:1.0: USB hub found
[   24.629176][    T1] hub 30-0:1.0: 8 ports detected
[   24.637704][    T1] vhci_hcd vhci_hcd.14: USB/IP Virtual Host Controller
[   24.643077][    T1] vhci_hcd vhci_hcd.14: new USB bus registered, assigned bus number 31
[   24.648908][    T1] usb usb31: We don't know the algorithms for LPM for this host, disabling LPM.
[   24.655462][    T1] usb usb31: New USB device found, idVendor=1d6b, idProduct=0003, bcdDevice= 6.02
[   24.661599][    T1] usb usb31: New USB device strings: Mfr=3, Product=2, SerialNumber=1
[   24.667216][    T1] usb usb31: Product: USB/IP Virtual Host Controller
[   24.671695][    T1] usb usb31: Manufacturer: Linux 6.2.0-rc1-00002-g0f3da2f9f4af-dirty vhci_hcd
[   24.677740][    T1] usb usb31: SerialNumber: vhci_hcd.14
[   24.683739][    T1] hub 31-0:1.0: USB hub found
[   24.686952][    T1] hub 31-0:1.0: 8 ports detected
[   24.696468][    T1] vhci_hcd vhci_hcd.15: USB/IP Virtual Host Controller
[   24.701899][    T1] vhci_hcd vhci_hcd.15: new USB bus registered, assigned bus number 32
[   24.708068][    T1] usb usb32: New USB device found, idVendor=1d6b, idProduct=0002, bcdDevice= 6.02
[   24.714362][    T1] usb usb32: New USB device strings: Mfr=3, Product=2, SerialNumber=1
[   24.719912][    T1] usb usb32: Product: USB/IP Virtual Host Controller
[   24.724385][    T1] usb usb32: Manufacturer: Linux 6.2.0-rc1-00002-g0f3da2f9f4af-dirty vhci_hcd
[   24.730338][    T1] usb usb32: SerialNumber: vhci_hcd.15
[   24.737728][    T1] hub 32-0:1.0: USB hub found
[   24.741227][    T1] hub 32-0:1.0: 8 ports detected
[   24.830257][    T1] vhci_hcd vhci_hcd.15: USB/IP Virtual Host Controller
[   24.836774][    T1] vhci_hcd vhci_hcd.15: new USB bus registered, assigned bus number 33
[   24.842362][    T1] usb usb33: We don't know the algorithms for LPM for this host, disabling LPM.
[   24.848977][    T1] usb usb33: New USB device found, idVendor=1d6b, idProduct=0003, bcdDevice= 6.02
[   24.855075][    T1] usb usb33: New USB device strings: Mfr=3, Product=2, SerialNumber=1
[   24.861094][    T1] usb usb33: Product: USB/IP Virtual Host Controller
[   24.865406][    T1] usb usb33: Manufacturer: Linux 6.2.0-rc1-00002-g0f3da2f9f4af-dirty vhci_hcd
[   24.871648][    T1] usb usb33: SerialNumber: vhci_hcd.15
[   24.877159][    T1] hub 33-0:1.0: USB hub found
[   24.881898][    T1] hub 33-0:1.0: 8 ports detected
[   24.891071][    T1] usbcore: registered new device driver usbip-host
[   24.898392][    T1] i8042: PNP: PS/2 Controller [PNP0303:KBD,PNP0f13:MOU] at 0x60,0x64 irq 1,12
[   24.905225][    T1] serio: i8042 KBD port at 0x60,0x64 irq 1
[   24.909573][    T1] serio: i8042 AUX port at 0x60,0x64 irq 12
[   24.915477][    T1] mousedev: PS/2 mouse device common for all mice
[   24.920815][ T1109] input: AT Translated Set 2 keyboard as /devices/platform/i8042/serio0/input/input1
[   24.921589][    T1] usbcore: registered new interface driver appletouch
[   24.933446][    T1] usbcore: registered new interface driver bcm5974
[   24.939023][    T1] usbcore: registered new interface driver synaptics_usb
[   24.945123][    T1] usbcore: registered new interface driver iforce
[   24.950539][    T1] usbcore: registered new interface driver xpad
[   24.954964][    T1] usbcore: registered new interface driver usb_acecad
[   24.960041][    T1] usbcore: registered new interface driver aiptek
[   24.965789][    T1] usbcore: registered new interface driver hanwang
[   24.973184][    T1] usbcore: registered new interface driver kbtab
[   24.978764][    T1] usbcore: registered new interface driver pegasus_notetaker
[   24.985117][    T1] usbcore: registered new interface driver usbtouchscreen
[   24.989871][    T1] usbcore: registered new interface driver sur40
[   24.994036][    T1] usbcore: registered new interface driver ati_remote2
[   24.998339][    T1] cm109: Keymap for Komunikate KIP1000 phone loaded
[   25.002747][    T1] usbcore: registered new interface driver cm109
[   25.006609][    T1] cm109: CM109 phone driver: 20080805 (C) Alfred E. Heggestad
[   25.011460][    T1] usbcore: registered new interface driver ims_pcu
[   25.015869][    T1] usbcore: registered new interface driver keyspan_remote
[   25.020670][    T1] usbcore: registered new interface driver powermate
[   25.025027][    T1] usbcore: registered new interface driver yealink
[   25.027774][    T1] rtc_cmos 00:05: RTC can wake from S4
[   25.034335][    T1] rtc_cmos 00:05: registered as rtc0
[   25.036767][    T1] rtc_cmos 00:05: alarms up to one day, y3k, 242 bytes nvram, hpet irqs
[   25.039253][    T1] i2c_dev: i2c /dev entries driver
[   25.041135][    T1] usbcore: registered new interface driver i2c-diolan-u2c
[   25.045128][    T1] usbcore: registered new interface driver RobotFuzz Open Source InterFace, OSIF
[   25.046889][    T1] usbcore: registered new interface driver i2c-tiny-usb
[   25.051625][    T1] usbcore: registered new interface driver igorplugusb
[   25.056484][    T1] usbcore: registered new interface driver iguanair
[   25.061317][    T1] usbcore: registered new interface driver imon
[   25.066529][    T1] usbcore: registered new interface driver mceusb
[   25.072043][    T1] usbcore: registered new interface driver redrat3
[   25.076979][    T1] usbcore: registered new interface driver streamzap
[   25.081517][    T1] usbcore: registered new interface driver ttusbir
[   25.085568][    T1] usbcore: registered new interface driver ati_remote
[   25.086871][    T1] b2c2-flexcop: B2C2 FlexcopII/II(b)/III digital TV receiver chip loaded successfully
[   25.088780][    T1] usbcore: registered new interface driver b2c2_flexcop_usb
[   25.090085][    T1] usbcore: registered new interface driver dvb_usb_vp7045
[   25.091370][    T1] usbcore: registered new interface driver dvb_usb_vp702x
[   25.092812][    T1] usbcore: registered new interface driver dvb_usb_gp8psk
[   25.094115][    T1] usbcore: registered new interface driver dvb_usb_dtt200u
[   25.097686][    T1] usbcore: registered new interface driver dvb_usb_a800
[   25.102552][    T1] usbcore: registered new interface driver dvb_usb_dibusb_mb
[   25.104721][    T1] usbcore: registered new interface driver dvb_usb_dibusb_mc
[   25.106549][    T1] usbcore: registered new interface driver dvb_usb_nova_t_usb2
[   25.108392][    T1] usbcore: registered new interface driver dvb_usb_umt_010
[   25.109603][    T1] usbcore: registered new interface driver dvb_usb_m920x
[   25.110947][    T1] usbcore: registered new interface driver dvb_usb_digitv
[   25.112282][    T1] usbcore: registered new interface driver dvb_usb_cxusb
[   25.113749][    T1] usbcore: registered new interface driver dvb_usb_ttusb2
[   25.115119][    T1] usbcore: registered new interface driver dvb_usb_dib0700
[   25.116314][    T1] usbcore: registered new interface driver opera1
[   25.117432][    T1] usbcore: registered new interface driver dvb_usb_af9005
[   25.118614][    T1] usbcore: registered new interface driver pctv452e
[   25.119769][    T1] usbcore: registered new interface driver dw2102
[   25.121087][    T1] usbcore: registered new interface driver dvb_usb_dtv5100
[   25.122436][    T1] usbcore: registered new interface driver cinergyT2
[   25.123643][    T1] usbcore: registered new interface driver dvb_usb_az6027
[   25.124779][    T1] usbcore: registered new interface driver dvb_usb_technisat_usb2
[   25.126241][    T1] usbcore: registered new interface driver dvb_usb_af9015
[   25.127368][    T1] usbcore: registered new interface driver dvb_usb_af9035
[   25.128456][    T1] usbcore: registered new interface driver dvb_usb_anysee
[   25.129753][    T1] usbcore: registered new interface driver dvb_usb_au6610
[   25.131042][    T1] usbcore: registered new interface driver dvb_usb_az6007
[   25.132291][    T1] usbcore: registered new interface driver dvb_usb_ce6230
[   25.133777][    T1] usbcore: registered new interface driver dvb_usb_ec168
[   25.135041][    T1] usbcore: registered new interface driver dvb_usb_lmedm04
[   25.136342][    T1] usbcore: registered new interface driver dvb_usb_gl861
[   25.137676][    T1] usbcore: registered new interface driver dvb_usb_mxl111sf
[   25.139014][    T1] usbcore: registered new interface driver dvb_usb_rtl28xxu
[   25.141024][    T1] usbcore: registered new interface driver dvb_usb_dvbsky
[   25.142509][    T1] usbcore: registered new interface driver zd1301
[   25.143870][    T1] usbcore: registered new interface driver s2255
[   25.145140][    T1] usbcore: registered new interface driver smsusb
[   25.146296][    T1] usbcore: registered new interface driver ttusb
[   25.147392][    T1] usbcore: registered new interface driver ttusb-dec
[   25.148606][    T1] usbcore: registered new interface driver Abilis Systems as10x usb driver
[   25.150166][    T1] usbcore: registered new interface driver airspy
[   25.151223][    T1] gspca_main: v2.14.0 registered
[   25.152152][    T1] usbcore: registered new interface driver benq
[   25.153532][    T1] usbcore: registered new interface driver conex
[   25.154822][    T1] usbcore: registered new interface driver cpia1
[   25.156161][    T1] usbcore: registered new interface driver dtcs033
[   25.157466][    T1] usbcore: registered new interface driver etoms
[   25.158794][    T1] usbcore: registered new interface driver finepix
[   25.159999][    T1] usbcore: registered new interface driver jeilinj
[   25.161181][    T1] usbcore: registered new interface driver jl2005bcd
[   25.162371][    T1] usbcore: registered new interface driver kinect
[   25.163603][    T1] usbcore: registered new interface driver konica
[   25.164744][    T1] usbcore: registered new interface driver mars
[   25.165858][    T1] usbcore: registered new interface driver mr97310a
[   25.167058][    T1] usbcore: registered new interface driver nw80x
[   25.168222][    T1] usbcore: registered new interface driver ov519
[   25.169375][    T1] usbcore: registered new interface driver ov534
[   25.170508][    T1] usbcore: registered new interface driver ov534_9
[   25.171695][    T1] usbcore: registered new interface driver pac207
[   25.178365][    T1] usbcore: registered new interface driver gspca_pac7302
[   25.182868][    T1] usbcore: registered new interface driver pac7311
[   25.186556][    T1] usbcore: registered new interface driver se401
[   25.189334][    T1] usbcore: registered new interface driver sn9c2028
[   25.190589][    T1] usbcore: registered new interface driver gspca_sn9c20x
[   25.191913][    T1] usbcore: registered new interface driver sonixb
[   25.194549][    T1] usbcore: registered new interface driver sonixj
[   25.198934][    T1] usbcore: registered new interface driver spca500
[   25.203721][    T1] usbcore: registered new interface driver spca501
[   25.208070][    T1] usbcore: registered new interface driver spca505
[   25.212399][    T1] usbcore: registered new interface driver spca506
[   25.216807][    T1] usbcore: registered new interface driver spca508
[   25.221193][    T1] usbcore: registered new interface driver spca561
[   25.225659][    T1] usbcore: registered new interface driver spca1528
[   25.230061][    T1] usbcore: registered new interface driver sq905
[   25.234317][    T1] usbcore: registered new interface driver sq905c
[   25.238557][    T1] usbcore: registered new interface driver sq930x
[   25.242885][    T1] usbcore: registered new interface driver sunplus
[   25.247296][    T1] usbcore: registered new interface driver stk014
[   25.251828][    T1] usbcore: registered new interface driver stk1135
[   25.256496][    T1] usbcore: registered new interface driver stv0680
[   25.261840][    T1] usbcore: registered new interface driver t613
[   25.267489][    T1] usbcore: registered new interface driver gspca_topro
[   25.272218][    T1] usbcore: registered new interface driver touptek
[   25.276803][    T1] usbcore: registered new interface driver tv8532
[   25.281245][    T1] usbcore: registered new interface driver vc032x
[   25.285541][    T1] usbcore: registered new interface driver vicam
[   25.289889][    T1] usbcore: registered new interface driver xirlink-cit
[   25.294693][    T1] usbcore: registered new interface driver gspca_zc3xx
[   25.299341][    T1] usbcore: registered new interface driver ALi m5602
[   25.304034][    T1] usbcore: registered new interface driver STV06xx
[   25.308556][    T1] usbcore: registered new interface driver gspca_gl860
[   25.313257][    T1] usbcore: registered new interface driver hackrf
[   25.317899][    T1] usbcore: registered new interface driver msi2500
[   25.319260][    T1] usbcore: registered new interface driver Philips webcam
[   25.320709][    T1] usbcore: registered new interface driver uvcvideo
[   25.321788][    T1] au0828: au0828 driver loaded
[   25.322769][    T1] usbcore: registered new interface driver au0828
[   25.323963][    T1] usbcore: registered new interface driver cx231xx
[   25.325339][    T1] usbcore: registered new interface driver em28xx
[   25.326421][    T1] em28xx: Registered (Em28xx v4l2 Extension) extension
[   25.327544][    T1] em28xx: Registered (Em28xx Audio Extension) extension
[   25.328694][    T1] em28xx: Registered (Em28xx dvb Extension) extension
[   25.329785][    T1] em28xx: Registered (Em28xx Input Extension) extension
[   25.331121][    T1] usbcore: registered new interface driver go7007
[   25.332302][    T1] usbcore: registered new interface driver go7007-loader
[   25.333573][    T1] usbcore: registered new interface driver hdpvr
[   25.334754][    T1] usbcore: registered new interface driver pvrusb2
[   25.335672][    T1] pvrusb2: V4L in-tree version:Hauppauge WinTV-PVR-USB2 MPEG2 Encoder/Tuner
[   25.337004][    T1] pvrusb2: Debug mask is 31 (0x1f)
[   25.337948][    T1] usbcore: registered new interface driver stk1160
[   25.338947][    T1] usbcore: registered new interface driver usbtv
[   25.342053][    T1] dvbdev: DVB: registering new adapter (dvb_vidtv_bridge)
[   25.352064][    T1] i2c i2c-0: DVB: registering adapter 0 frontend 0 (Dummy demod for DVB-T/T2/C/S/S2)...
[   25.355792][    T1] dvbdev: dvb_create_media_entity: media entity 'Dummy demod for DVB-T/T2/C/S/S2' registered.
[   25.362188][    T1] dvbdev: dvb_create_media_entity: media entity 'dvb-demux' registered.
[   25.369131][    T1] vidtv vidtv.0: Successfully initialized vidtv!
[   25.376201][    T1] vicodec vicodec.0: Device 'stateful-encoder' registered as /dev/video0
[   25.382276][    T1] vicodec vicodec.0: Device 'stateful-decoder' registered as /dev/video1
[   25.388267][    T1] vicodec vicodec.0: Device 'stateless-decoder' registered as /dev/video2
[   25.395184][    T1] vim2m vim2m.0: Device registered as /dev/video0
[   25.846255][  T884] input: ImExPS/2 Generic Explorer Mouse as /devices/platform/i8042/serio1/input/input3
[   25.848672][    T1] vivid-000: using single planar format API
[   25.971363][    T1] vivid-000: CEC adapter cec0 registered for HDMI input 0
[   25.977628][    T1] vivid-000: V4L2 capture device registered as video7
[   25.989229][    T1] vivid-000: CEC adapter cec1 registered for HDMI output 0
[   25.994658][    T1] vivid-000: V4L2 output device registered as video8
[   26.001892][    T1] vivid-000: V4L2 capture device registered as vbi0, supports raw and sliced VBI
[   26.009224][    T1] vivid-000: V4L2 output device registered as vbi1, supports raw and sliced VBI
[   26.011321][    T1] vivid-000: V4L2 capture device registered as swradio0
[   26.013082][    T1] vivid-000: V4L2 receiver device registered as radio0
[   26.022526][    T1] vivid-000: V4L2 transmitter device registered as radio1
[   26.029453][    T1] vivid-000: V4L2 metadata capture device registered as video9
[   26.032052][    T1] vivid-000: V4L2 metadata output device registered as video10
[   26.033742][    T1] vivid-000: V4L2 touch capture device registered as v4l-touch0
[   26.035584][    T1] usbcore: registered new interface driver radioshark2
[   26.037430][    T1] usbcore: registered new interface driver radioshark
[   26.039395][    T1] usbcore: registered new interface driver radio-si470x
[   26.042126][    T1] usbcore: registered new interface driver radio-usb-si4713
[   26.043502][    T1] usbcore: registered new interface driver dsbr100
[   26.044720][    T1] usbcore: registered new interface driver radio-keene
[   26.045992][    T1] usbcore: registered new interface driver radio-ma901
[   26.047281][    T1] usbcore: registered new interface driver radio-mr800
[   26.048457][    T1] usbcore: registered new interface driver radio-raremono
[   26.050338][    T1] usbcore: registered new interface driver pcwd_usb
[   26.057079][    T1] device-mapper: core: CONFIG_IMA_DISABLE_HTABLE is disabled. Duplicate IMA measurements will not be recorded in the IMA log.
[   26.058940][    T1] device-mapper: uevent: version 1.0.3
[   26.060174][    T1] device-mapper: ioctl: 4.47.0-ioctl (2022-07-28) initialised: dm-devel@redhat.com
[   26.062624][    T1] device-mapper: multipath round-robin: version 1.2.0 loaded
[   26.063863][    T1] device-mapper: multipath queue-length: version 0.2.0 loaded
[   26.065127][    T1] device-mapper: multipath service-time: version 0.3.0 loaded
[   26.066517][    T1] device-mapper: raid: Loading target version 1.15.1
[   26.068026][    T1] Bluetooth: HCI UART driver ver 2.3
[   26.069178][    T1] Bluetooth: HCI UART protocol H4 registered
[   26.070138][    T1] Bluetooth: HCI UART protocol BCSP registered
[   26.071263][    T1] Bluetooth: HCI UART protocol LL registered
[   26.072245][    T1] Bluetooth: HCI UART protocol Three-wire (H5) registered
[   26.074466][    T1] Bluetooth: HCI UART protocol QCA registered
[   26.075490][    T1] Bluetooth: HCI UART protocol AG6XX registered
[   26.076622][    T1] Bluetooth: HCI UART protocol Marvell registered
[   26.077870][    T1] usbcore: registered new interface driver bcm203x
[   26.079107][    T1] usbcore: registered new interface driver bpa10x
[   26.080297][    T1] usbcore: registered new interface driver bfusb
[   26.081486][    T1] usbcore: registered new interface driver btusb
[   26.082748][    T1] usbcore: registered new interface driver ath3k
[   26.084364][    T1] CAPI 2.0 started up with major 68 (middleware)
[   26.085268][    T1] Modular ISDN core version 1.1.29
[   26.086431][    T1] NET: Registered PF_ISDN protocol family
[   26.087381][    T1] DSP module 2.0
[   26.087849][    T1] mISDN_dsp: DSP clocks every 80 samples. This equals 1 jiffies.
[   26.102069][    T1] mISDN: Layer-1-over-IP driver Rev. 2.00
[   26.104081][    T1] 0 virtual devices registered
[   26.105641][    T1] usbcore: registered new interface driver HFC-S_USB
[   26.106788][    T1] VUB300 Driver rom wait states = 1C irqpoll timeout = 0400
[   26.109822][    T1] usbcore: registered new interface driver vub300
[   26.112470][    T1] usbcore: registered new interface driver ushc
[   26.395415][    T1] iscsi: registered transport (iser)
[   26.397520][    T1] SoftiWARP attached
[   26.411667][    T1] hid: raw HID events driver (C) Jiri Kosina
[   26.427944][    T1] usbcore: registered new interface driver usbhid
[   26.429175][    T1] usbhid: USB HID core driver
[   26.431361][    T1] usbcore: registered new interface driver es2_ap_driver
[   26.432873][    T1] comedi: version 0.7.76 - http://www.comedi.org
[   26.434372][    T1] usbcore: registered new interface driver dt9812
[   26.435628][    T1] usbcore: registered new interface driver ni6501
[   26.436909][    T1] usbcore: registered new interface driver usbdux
[   26.438132][    T1] usbcore: registered new interface driver usbduxfast
[   26.439438][    T1] usbcore: registered new interface driver usbduxsigma
[   26.440802][    T1] usbcore: registered new interface driver vmk80xx
[   26.442145][    T1] usbcore: registered new interface driver prism2_usb
[   26.443651][    T1] usbcore: registered new interface driver r8712u
[   26.444931][    T1] greybus: registered new driver hid
[   26.446117][    T1] greybus: registered new driver gbphy
[   26.447168][    T1] gb_gbphy: registered new driver usb
[   26.448173][    T1] asus_wmi: ASUS WMI generic driver loaded
[   27.023605][    T1] usbcore: registered new interface driver snd-usb-audio
[   27.025046][    T1] usbcore: registered new interface driver snd-ua101
[   27.027707][    T1] usbcore: registered new interface driver snd-usb-usx2y
[   27.029580][    T1] usbcore: registered new interface driver snd-usb-us122l
[   27.032334][    T1] usbcore: registered new interface driver snd-usb-caiaq
[   27.037714][    T1] usbcore: registered new interface driver snd-usb-6fire
[   27.038905][    T1] usbcore: registered new interface driver snd-usb-hiface
[   27.040232][    T1] usbcore: registered new interface driver snd-bcd2000
[   27.041587][    T1] usbcore: registered new interface driver snd_usb_pod
[   27.044397][    T1] usbcore: registered new interface driver snd_usb_podhd
[   27.048717][    T1] usbcore: registered new interface driver snd_usb_toneport
[   27.050129][    T1] usbcore: registered new interface driver snd_usb_variax
[   27.051534][    T1] drop_monitor: Initializing network drop monitor service
[   27.053136][    T1] NET: Registered PF_LLC protocol family
[   27.056505][    T1] GACT probability on
[   27.058169][    T1] Mirror/redirect action on
[   27.059502][    T1] Simple TC action Loaded
[   27.062929][    T1] netem: version 1.3
[   27.063679][    T1] u32 classifier
[   27.064239][    T1]     Performance counters on
[   27.066753][    T1]     input device check on
[   27.069120][    T1]     Actions configured
[   27.074878][    T1] xt_time: kernel timezone is -0000
[   27.077965][    T1] IPVS: Registered protocols (TCP, UDP, SCTP, AH, ESP)
[   27.079834][    T1] IPVS: Connection hash table configured (size=4096, memory=32Kbytes)
[   27.085282][    T1] IPVS: ipvs loaded.
[   27.087384][    T1] IPVS: [rr] scheduler registered.
[   27.088912][    T1] IPVS: [wrr] scheduler registered.
[   27.089764][    T1] IPVS: [lc] scheduler registered.
[   27.090602][    T1] IPVS: [wlc] scheduler registered.
[   27.091453][    T1] IPVS: [fo] scheduler registered.
[   27.092283][    T1] IPVS: [ovf] scheduler registered.
[   27.093307][    T1] IPVS: [lblc] scheduler registered.
[   27.094184][    T1] IPVS: [lblcr] scheduler registered.
[   27.095071][    T1] IPVS: [dh] scheduler registered.
[   27.095912][    T1] IPVS: [sh] scheduler registered.
[   27.096793][    T1] IPVS: [mh] scheduler registered.
[   27.097632][    T1] IPVS: [sed] scheduler registered.
[   27.098479][    T1] IPVS: [nq] scheduler registered.
[   27.099324][    T1] IPVS: [twos] scheduler registered.
[   27.100379][    T1] IPVS: [sip] pe registered.
[   27.101239][    T1] ipip: IPv4 and MPLS over IPv4 tunneling driver
[   27.103762][    T1] gre: GRE over IPv4 demultiplexor driver
[   27.104732][    T1] ip_gre: GRE over IPv4 tunneling driver
[   27.108808][    T1] IPv4 over IPsec tunneling driver
[   27.111781][    T1] ipt_CLUSTERIP: ClusterIP Version 0.8 loaded successfully
[   27.114464][    T1] Initializing XFRM netlink socket
[   27.117203][    T1] IPsec XFRM device driver
[   27.118291][    T1] NET: Registered PF_INET6 protocol family
[   27.130609][    T1] Segment Routing with IPv6
[   27.132007][    T1] RPL Segment Routing with IPv6
[   27.134814][    T1] In-situ OAM (IOAM) with IPv6
[   27.136871][    T1] mip6: Mobile IPv6
[   27.141248][    T1] sit: IPv6, IPv4 and MPLS over IPv4 tunneling driver
[   27.145615][    T1] ip6_gre: GRE over IPv6 tunneling driver
[   27.147993][    T1] NET: Registered PF_PACKET protocol family
[   27.150820][    T1] NET: Registered PF_KEY protocol family
[   27.156123][    T1] Bridge firewalling registered
[   27.159986][    T1] NET: Registered PF_X25 protocol family
[   27.161099][    T1] X25: Linux Version 0.2
[   27.168435][    T1] NET: Registered PF_NETROM protocol family
[   27.474341][    T1] NET: Registered PF_ROSE protocol family
[   27.478104][    T1] NET: Registered PF_AX25 protocol family
[   27.481636][    T1] can: controller area network core
[   27.486354][    T1] NET: Registered PF_CAN protocol family
[   27.500487][    T1] can: raw protocol
[   27.504917][    T1] can: broadcast manager protocol
[   27.505812][    T1] can: netlink gateway - max_hops=1
[   27.508109][    T1] can: SAE J1939
[   27.510413][    T1] can: isotp protocol
[   27.513417][    T1] Bluetooth: RFCOMM TTY layer initialized
[   27.517268][    T1] Bluetooth: RFCOMM socket layer initialized
[   27.521297][    T1] Bluetooth: RFCOMM ver 1.11
[   27.524577][    T1] Bluetooth: BNEP (Ethernet Emulation) ver 1.3
[   27.528727][    T1] Bluetooth: BNEP filters: protocol multicast
[   27.532835][    T1] Bluetooth: BNEP socket layer initialized
[   27.536659][    T1] Bluetooth: CMTP (CAPI Emulation) ver 1.0
[   27.540460][    T1] Bluetooth: CMTP socket layer initialized
[   27.544262][    T1] Bluetooth: HIDP (Human Interface Emulation) ver 1.2
