bash: warning: setlocale: LC_ALL: cannot change locale (en_US.UTF-8)
c[?7l[2J[0mSeaBIOS (version 1.16.2-debian-1.16.2-1)
Booting from ROM...
c[?7l[2Jearly console in extract_kernel
input_data: 0x000000000d2de2bf
input_len: 0x0000000004d22010
output: 0x0000000001000000
output_len: 0x000000000f307ae0
kernel_total_size: 0x0000000011026000
needed_size: 0x0000000011200000
trampoline_32bit: 0x000000000009d000

Decompressing Linux... Parsing ELF... done.
Booting the kernel.
[    0.000000][    T0] Linux version 6.2.0-rc1-dirty (root@buildkitsandbox) (gcc (Debian 12.2.0-14+deb12u1) 12.2.0, GNU ld (GNU Binutils for Debian) 2.40) #1 SMP PREEMPT_DYNAMIC Mon May 25 06:56:51 UTC 2026
[    0.000000][    T0] Command line: console=ttyS0 oops=panic panic=86400 nokaslr earlyprintk=serial rdinit=/init
[    0.000000][    T0] KERNEL supported cpus:
[    0.000000][    T0]   Intel GenuineIntel
[    0.000000][    T0]   AMD AuthenticAMD
[    0.000000][    T0] x86/fpu: Supporting XSAVE feature 0x001: 'x87 floating point registers'
[    0.000000][    T0] x86/fpu: Supporting XSAVE feature 0x002: 'SSE registers'
[    0.000000][    T0] x86/fpu: Supporting XSAVE feature 0x004: 'AVX registers'
[    0.000000][    T0] x86/fpu: xstate_offset[2]:  576, xstate_sizes[2]:  256
[    0.000000][    T0] x86/fpu: Enabled xstate features 0x7, context size is 832 bytes, using 'compacted' format.
[    0.000000][    T0] signal: max sigframe size: 1776
[    0.000000][    T0] BIOS-provided physical RAM map:
[    0.000000][    T0] BIOS-e820: [mem 0x0000000000000000-0x000000000009fbff] usable
[    0.000000][    T0] BIOS-e820: [mem 0x000000000009fc00-0x000000000009ffff] reserved
[    0.000000][    T0] BIOS-e820: [mem 0x00000000000f0000-0x00000000000fffff] reserved
[    0.000000][    T0] BIOS-e820: [mem 0x0000000000100000-0x000000007ffdffff] usable
[    0.000000][    T0] BIOS-e820: [mem 0x000000007ffe0000-0x000000007fffffff] reserved
[    0.000000][    T0] BIOS-e820: [mem 0x00000000feffc000-0x00000000feffffff] reserved
[    0.000000][    T0] BIOS-e820: [mem 0x00000000fffc0000-0x00000000ffffffff] reserved
[    0.000000][    T0] BIOS-e820: [mem 0x000000fd00000000-0x000000ffffffffff] reserved
[    0.000000][    T0] printk: bootconsole [earlyser0] enabled
[    0.000000][    T0] NX (Execute Disable) protection: active
[    0.000000][    T0] SMBIOS 2.8 present.
[    0.000000][    T0] DMI: QEMU Standard PC (i440FX + PIIX, 1996), BIOS 1.16.2-debian-1.16.2-1 04/01/2014
[    0.000000][    T0] Hypervisor detected: KVM
[    0.000000][    T0] kvm-clock: Using msrs 4b564d01 and 4b564d00
[    0.000008][    T0] kvm-clock: using sched offset of 2247990374 cycles
[    0.003826][    T0] clocksource: kvm-clock: mask: 0xffffffffffffffff max_cycles: 0x1cd42e4dffb, max_idle_ns: 881590591483 ns
[    0.015274][    T0] tsc: Detected 3493.436 MHz processor
[    0.025392][    T0] last_pfn = 0x7ffe0 max_arch_pfn = 0x400000000
[    0.029464][    T0] x86/PAT: Configuration [0-7]: WB  WC  UC- UC  WB  WP  UC- WT  
[    0.038564][    T0] found SMP MP-table at [mem 0x000f5ba0-0x000f5baf]
[    0.044286][    T0] Using GB pages for direct mapping
[    0.050518][    T0] RAMDISK: [mem 0x7fe90000-0x7ffdffff]
[    0.055873][    T0] ACPI: Early table checksum verification disabled
[    0.062290][    T0] ACPI: RSDP 0x00000000000F59D0 000014 (v00 BOCHS )
[    0.068657][    T0] ACPI: RSDT 0x000000007FFE1B33 000034 (v01 BOCHS  BXPC     00000001 BXPC 00000001)
[    0.077903][    T0] ACPI: FACP 0x000000007FFE19DF 000074 (v01 BOCHS  BXPC     00000001 BXPC 00000001)
[    0.086912][    T0] ACPI: DSDT 0x000000007FFE0040 00199F (v01 BOCHS  BXPC     00000001 BXPC 00000001)
[    0.094293][    T0] ACPI: FACS 0x000000007FFE0000 000040
[    0.097778][    T0] ACPI: APIC 0x000000007FFE1A53 000080 (v01 BOCHS  BXPC     00000001 BXPC 00000001)
[    0.103693][    T0] ACPI: HPET 0x000000007FFE1AD3 000038 (v01 BOCHS  BXPC     00000001 BXPC 00000001)
[    0.109585][    T0] ACPI: WAET 0x000000007FFE1B0B 000028 (v01 BOCHS  BXPC     00000001 BXPC 00000001)
[    0.115408][    T0] ACPI: Reserving FACP table memory at [mem 0x7ffe19df-0x7ffe1a52]
[    0.116894][    T0] ACPI: Reserving DSDT table memory at [mem 0x7ffe0040-0x7ffe19de]
[    0.121793][    T0] ACPI: Reserving FACS table memory at [mem 0x7ffe0000-0x7ffe003f]
[    0.126749][    T0] ACPI: Reserving APIC table memory at [mem 0x7ffe1a53-0x7ffe1ad2]
[    0.131738][    T0] ACPI: Reserving HPET table memory at [mem 0x7ffe1ad3-0x7ffe1b0a]
[    0.136719][    T0] ACPI: Reserving WAET table memory at [mem 0x7ffe1b0b-0x7ffe1b32]
[    0.141496][    T0] No NUMA configuration found
[    0.144425][    T0] Faking a node at [mem 0x0000000000000000-0x000000007ffdffff]
[    0.149203][    T0] NODE_DATA(0) allocated [mem 0x7fe8a000-0x7fe8ffff]
[    0.285728][    T0] Zone ranges:
[    0.287401][    T0]   DMA      [mem 0x0000000000001000-0x0000000000ffffff]
[    0.288964][    T0]   DMA32    [mem 0x0000000001000000-0x000000007ffdffff]
[    0.292927][    T0]   Normal   empty
[    0.295023][    T0]   Device   empty
[    0.297031][    T0] Movable zone start for each node
[    0.300551][    T0] Early memory node ranges
[    0.301242][    T0]   node   0: [mem 0x0000000000001000-0x000000000009efff]
[    0.303504][    T0]   node   0: [mem 0x0000000000100000-0x000000007ffdffff]
[    0.308094][    T0] Initmem setup node 0 [mem 0x0000000000001000-0x000000007ffdffff]
[    0.313097][    T0] On node 0, zone DMA: 1 pages in unavailable ranges
[    0.313264][    T0] On node 0, zone DMA: 97 pages in unavailable ranges
[    0.336300][    T0] On node 0, zone DMA32: 32 pages in unavailable ranges
[   24.771500][    T0] kasan: KernelAddressSanitizer initialized
[   24.774030][    T0] ACPI: PM-Timer IO Port: 0x608
[   24.774841][    T0] ACPI: LAPIC_NMI (acpi_id[0xff] dfl dfl lint[0x1])
[   24.778178][    T0] IOAPIC[0]: apic_id 0, version 17, address 0xfec00000, GSI 0-23
[   24.779490][    T0] ACPI: INT_SRC_OVR (bus 0 bus_irq 0 global_irq 2 dfl dfl)
[   24.780727][    T0] ACPI: INT_SRC_OVR (bus 0 bus_irq 5 global_irq 5 high level)
[   24.781966][    T0] ACPI: INT_SRC_OVR (bus 0 bus_irq 9 global_irq 9 high level)
[   24.783144][    T0] ACPI: INT_SRC_OVR (bus 0 bus_irq 10 global_irq 10 high level)
[   24.784403][    T0] ACPI: INT_SRC_OVR (bus 0 bus_irq 11 global_irq 11 high level)
[   24.785646][    T0] ACPI: Using ACPI (MADT) for SMP configuration information
[   24.786821][    T0] ACPI: HPET id: 0x8086a201 base: 0xfed00000
[   24.787801][    T0] TSC deadline timer available
[   24.788579][    T0] smpboot: Allowing 2 CPUs, 0 hotplug CPUs
[   24.789627][    T0] kvm-guest: KVM setup pv remote TLB flush
[   24.790609][    T0] kvm-guest: setup PV sched yield
[   24.791507][    T0] PM: hibernation: Registered nosave memory: [mem 0x00000000-0x00000fff]
[   24.792941][    T0] PM: hibernation: Registered nosave memory: [mem 0x0009f000-0x0009ffff]
[   24.794293][    T0] PM: hibernation: Registered nosave memory: [mem 0x000a0000-0x000effff]
[   24.795609][    T0] PM: hibernation: Registered nosave memory: [mem 0x000f0000-0x000fffff]
[   24.796979][    T0] [mem 0x80000000-0xfeffbfff] available for PCI devices
[   24.798103][    T0] Booting paravirtualized kernel on KVM
[   24.799008][    T0] clocksource: refined-jiffies: mask: 0xffffffff max_cycles: 0xffffffff, max_idle_ns: 19112604462750000 ns
[   24.858643][    T0] setup_percpu: NR_CPUS:8 nr_cpumask_bits:2 nr_cpu_ids:2 nr_node_ids:1
[   25.432436][    T0] percpu: Embedded 70 pages/cpu s249544 r8192 d28984 u1048576
[   25.434007][    T0] kvm-guest: PV spinlocks enabled
[   25.434858][    T0] PV qspinlock hash table entries: 256 (order: 0, 4096 bytes, linear)
[   25.436339][    T0] Fallback order for Node 0: 0 
[   25.437199][    T0] Built 1 zonelists, mobility grouping on.  Total pages: 515808
[   25.438463][    T0] Policy zone: DMA32
[   25.439122][    T0] Kernel command line: console=ttyS0 oops=panic panic=86400 nokaslr earlyprintk=serial rdinit=/init
[   25.441855][    T0] random: crng init done
[   26.017103][    T0] Dentry cache hash table entries: 262144 (order: 9, 2097152 bytes, linear)
[   26.038231][    T0] Inode-cache hash table entries: 131072 (order: 8, 1048576 bytes, linear)
[   26.058198][    T0] mem auto-init: stack:off, heap alloc:on, heap free:off
[   26.576456][    T0] stackdepot hash table entries: 1048576 (order: 11, 8388608 bytes, linear)
[   26.780538][    T0] Memory: 1471976K/2096632K available (151552K kernel code, 36161K rwdata, 31476K rodata, 2900K init, 33764K bss, 624400K reserved, 0K cma-reserved)
[   26.783627][    T0] SLUB: HWalign=64, Order=0-3, MinObjects=0, CPUs=2, Nodes=1
[   26.787131][    T0] Dynamic Preempt: full
[   26.805029][    T0] Running RCU self tests
[   26.805854][    T0] rcu: Preemptible hierarchical RCU implementation.
[   26.806980][    T0] rcu: 	RCU lockdep checking is enabled.
[   26.807945][    T0] rcu: 	RCU restricting CPUs from NR_CPUS=8 to nr_cpu_ids=2.
[   26.809252][    T0] rcu: 	RCU callback double-/use-after-free debug is enabled.
[   26.810495][    T0] rcu: 	RCU debug extended QS entry/exit.
[   26.811496][    T0] 	Trampoline variant of Tasks RCU enabled.
[   26.812530][    T0] 	Tracing variant of Tasks RCU enabled.
[   26.813475][    T0] rcu: RCU calculated value of scheduler-enlistment delay is 10 jiffies.
[   26.814903][    T0] rcu: Adjusting geometry for rcu_fanout_leaf=16, nr_cpu_ids=2
[   26.867373][    T0] NR_IRQS: 4352, nr_irqs: 440, preallocated irqs: 16
[   26.869067][    T0] rcu: srcu_init: Setting srcu_struct sizes based on contention.
[   26.870613][    T0] kfence: initialized - using 2097152 bytes for 255 objects at 0x(____ptrval____)-0x(____ptrval____)
[   26.883280][    T0] Console: colour VGA+ 80x25
[   26.884173][    T0] printk: console [ttyS0] enabled
[   26.884173][    T0] printk: console [ttyS0] enabled
[   26.885917][    T0] printk: bootconsole [earlyser0] disabled
[   26.885917][    T0] printk: bootconsole [earlyser0] disabled
[   26.887912][    T0] Lock dependency validator: Copyright (c) 2006 Red Hat, Inc., Ingo Molnar
[   26.889336][    T0] ... MAX_LOCKDEP_SUBCLASSES:  8
[   26.890236][    T0] ... MAX_LOCK_DEPTH:          48
[   26.891152][    T0] ... MAX_LOCKDEP_KEYS:        8192
[   26.892131][    T0] ... CLASSHASH_SIZE:          4096
[   26.893086][    T0] ... MAX_LOCKDEP_ENTRIES:     131072
[   26.894080][    T0] ... MAX_LOCKDEP_CHAINS:      262144
[   26.895064][    T0] ... CHAINHASH_SIZE:          131072
[   26.896044][    T0]  memory used by lock dependency info: 20657 kB
[   26.897177][    T0]  memory used for stack traces: 8320 kB
[   26.898173][    T0]  per task-struct memory footprint: 1920 bytes
[   26.899338][    T0] ACPI: Core revision 20221020
[   26.918496][    T0] clocksource: hpet: mask: 0xffffffff max_cycles: 0xffffffff, max_idle_ns: 19112604467 ns
[   26.921107][    T0] APIC: Switch to symmetric I/O mode setup
[   26.922939][    T0] x2apic enabled
[   26.923892][    T0] Switched APIC routing to physical x2apic.
[   26.924913][    T0] kvm-guest: setup PV IPIs
[   26.927229][    T0] ..TIMER: vector=0x30 apic1=0 pin1=2 apic2=-1 pin2=-1
[   26.928490][    T0] tsc: Marking TSC unstable due to TSCs unsynchronized
[   26.929621][    T0] Calibrating delay loop (skipped) preset value.. 6986.87 BogoMIPS (lpj=34934360)
[   26.939657][    T0] pid_max: default: 32768 minimum: 301
[   26.940708][    T0] LSM: initializing lsm=lockdown,capability,landlock,yama,safesetid,integrity,tomoyo,apparmor,bpf
[   26.942502][    T0] landlock: Up and running.
[   26.943258][    T0] Yama: becoming mindful.
[   26.944110][    T0] TOMOYO Linux initialized
[   26.945814][    T0] AppArmor: AppArmor initialized
[   26.947130][    T0] LSM support for eBPF active
[   26.948153][    T0] Mount-cache hash table entries: 4096 (order: 3, 32768 bytes, linear)
[   26.949610][    T0] Mountpoint-cache hash table entries: 4096 (order: 3, 32768 bytes, linear)
[   26.953155][    T0] x86/cpu: User Mode Instruction Prevention (UMIP) activated
[   26.954496][    T0] Last level iTLB entries: 4KB 512, 2MB 255, 4MB 127
[   26.955576][    T0] Last level dTLB entries: 4KB 512, 2MB 255, 4MB 127, 1GB 0
[   26.956987][    T0] Spectre V1 : Mitigation: usercopy/swapgs barriers and __user pointer sanitization
[   26.958428][    T0] Spectre V2 : Kernel not compiled with retpoline; no mitigation available!
[   26.958437][    T0] Spectre V2 : Vulnerable
[   26.960269][    T0] Spectre V2 : Spectre v2 / SpectreRSB mitigation: Filling RSB on context switch
[   26.961643][    T0] Spectre V2 : Enabling Speculation Barrier for firmware calls
[   26.962839][    T0] RETBleed: Mitigation: IBPB
[   26.963640][    T0] Spectre V2 : mitigation: Enabling conditional Indirect Branch Prediction Barrier
[   26.965198][    T0] Speculative Store Bypass: Mitigation: Speculative Store Bypass disabled via prctl
[   26.982718][    T0] Freeing SMP alternatives memory: 116K
[   26.984365][    T1] smpboot: CPU0: AMD Ryzen Threadripper PRO 3975WX 32-Cores (family: 0x17, model: 0x31, stepping: 0x0)
[   26.988256][    T1] cblist_init_generic: Setting adjustable number of callback queues.
[   26.989585][    T1] cblist_init_generic: Setting shift to 1 and lim to 1.
[   26.989585][    T1] cblist_init_generic: Setting shift to 1 and lim to 1.
[   26.989585][    T1] Running RCU-tasks wait API self tests
[   27.090024][    T1] Performance Events: Fam17h+ core perfctr, AMD PMU driver.
[   27.091474][    T1] ... version:                0
[   27.092307][    T1] ... bit width:              48
[   27.093182][    T1] ... generic registers:      6
[   27.093995][    T1] ... value mask:             0000ffffffffffff
[   27.095027][    T1] ... max period:             00007fffffffffff
[   27.096091][    T1] ... fixed-purpose events:   0
[   27.097079][    T1] ... event mask:             000000000000003f
[   27.099244][    T1] rcu: Hierarchical SRCU implementation.
[   27.099605][    T1] rcu: 	Max phase no-delay instances is 1000.
[   27.109724][   T13] Callback from call_rcu_tasks_trace() invoked.
[   27.113738][    T1] smp: Bringing up secondary CPUs ...
[   27.116032][    T1] x86: Booting SMP configuration:
[   27.116870][    T1] .... node  #0, CPUs:      #1
[   27.118304][    T1] smp: Brought up 1 node, 2 CPUs
[   27.119646][    T1] smpboot: Max logical packages: 1
[   27.120525][    T1] smpboot: Total of 2 processors activated (13973.74 BogoMIPS)
[   27.123453][    T1] devtmpfs: initialized
[   27.123453][    T1] x86/mm: Memory block size: 128MB
[   27.147661][    T1] clocksource: jiffies: mask: 0xffffffff max_cycles: 0xffffffff, max_idle_ns: 19112604462750000 ns
[   27.159611][    T1] futex hash table entries: 512 (order: 4, 65536 bytes, linear)
[   27.163733][    T1] PM: RTC time: 14:42:17, date: 2026-05-25
[   27.171122][    T1] NET: Registered PF_NETLINK/PF_ROUTE protocol family
[   27.173578][    T1] audit: initializing netlink subsys (disabled)
[   27.174730][   T26] audit: type=2000 audit(1779720137.512:1): state=initialized audit_enabled=0 res=1
[   27.174730][    T1] thermal_sys: Registered thermal governor 'step_wise'
[   27.174730][    T1] thermal_sys: Registered thermal governor 'user_space'
[   27.174730][    T1] cpuidle: using governor menu
[   27.180335][    T1] NET: Registered PF_QIPCRTR protocol family
[   27.182199][    T1] PCI: Using configuration type 1 for base access
[   27.185530][    T1] PCI: Using configuration type 1 for extended access
[   27.201268][    T1] HugeTLB: registered 1.00 GiB page size, pre-allocated 0 pages
[   27.202473][    T1] HugeTLB: 16380 KiB vmemmap can be freed for a 1.00 GiB page
[   27.203595][    T1] HugeTLB: registered 2.00 MiB page size, pre-allocated 0 pages
[   27.206713][    T1] HugeTLB: 28 KiB vmemmap can be freed for a 2.00 MiB page
[   27.223513][    T1] cryptd: max_cpu_qlen set to 1000
[   27.226878][    T1] raid6: skipped pq benchmark and selected avx2x4
[   27.228044][    T1] raid6: using avx2x2 recovery algorithm
[   27.230146][    T1] ACPI: Added _OSI(Module Device)
[   27.231003][    T1] ACPI: Added _OSI(Processor Device)
[   27.231853][    T1] ACPI: Added _OSI(3.0 _SCP Extensions)
[   27.232746][    T1] ACPI: Added _OSI(Processor Aggregator Device)
[   27.267451][    T1] ACPI: 1 ACPI AML tables successfully acquired and loaded
[   27.285234][    T1] ACPI: Interpreter enabled
[   27.286392][    T1] ACPI: PM: (supports S0 S3 S4 S5)
[   27.287310][    T1] ACPI: Using IOAPIC for interrupt routing
[   27.288532][    T1] PCI: Using host bridge windows from ACPI; if necessary, use "pci=nocrs" and report a bug
[   27.289662][    T1] PCI: Using E820 reservations for host bridge windows
[   27.293233][    T1] ACPI: Enabled 2 GPEs in block 00 to 0F
[   27.370704][    T1] ACPI: PCI Root Bridge [PCI0] (domain 0000 [bus 00-ff])
[   27.372027][    T1] acpi PNP0A03:00: _OSC: OS supports [ExtendedConfig ASPM ClockPM Segments MSI HPX-Type3]
[   27.376337][    T1] PCI host bridge to bus 0000:00
[   27.377260][    T1] pci_bus 0000:00: root bus resource [io  0x0000-0x0cf7 window]
[   27.378714][    T1] pci_bus 0000:00: root bus resource [io  0x0d00-0xffff window]
[   27.379621][    T1] pci_bus 0000:00: root bus resource [mem 0x000a0000-0x000bffff window]
[   27.381041][    T1] pci_bus 0000:00: root bus resource [mem 0x80000000-0xfebfffff window]
[   27.382462][    T1] pci_bus 0000:00: root bus resource [mem 0x100000000-0x17fffffff window]
[   27.383943][    T1] pci_bus 0000:00: root bus resource [bus 00-ff]
[   27.385575][    T1] pci 0000:00:00.0: [8086:1237] type 00 class 0x060000
[   27.410444][    T1] pci 0000:00:01.0: [8086:7000] type 00 class 0x060100
[   27.433883][    T1] pci 0000:00:01.1: [8086:7010] type 00 class 0x010180
[   27.437476][    T1] pci 0000:00:01.1: reg 0x20: [io  0xc000-0xc00f]
[   27.439630][    T1] pci 0000:00:01.1: legacy IDE quirk: reg 0x10: [io  0x01f0-0x01f7]
[   27.440965][    T1] pci 0000:00:01.1: legacy IDE quirk: reg 0x14: [io  0x03f6]
[   27.442157][    T1] pci 0000:00:01.1: legacy IDE quirk: reg 0x18: [io  0x0170-0x0177]
[   27.443495][    T1] pci 0000:00:01.1: legacy IDE quirk: reg 0x1c: [io  0x0376]
[   27.445565][    T1] pci 0000:00:01.3: [8086:7113] type 00 class 0x068000
[   27.447405][    T1] pci 0000:00:01.3: quirk: [io  0x0600-0x063f] claimed by PIIX4 ACPI
[   27.449642][    T1] pci 0000:00:01.3: quirk: [io  0x0700-0x070f] claimed by PIIX4 SMB
[   27.451837][    T1] pci 0000:00:02.0: [1234:1111] type 00 class 0x030000
[   27.460224][    T1] pci 0000:00:02.0: reg 0x10: [mem 0xfd000000-0xfdffffff pref]
[   27.467792][    T1] pci 0000:00:02.0: reg 0x18: [mem 0xfebf0000-0xfebf0fff]
[   27.474156][    T1] pci 0000:00:02.0: reg 0x30: [mem 0xfebe0000-0xfebeffff pref]
[   27.479585][    T1] pci 0000:00:02.0: Video device with shadowed ROM at [mem 0x000c0000-0x000dffff]
[   27.515143][    T1] ACPI: PCI: Interrupt link LNKA configured for IRQ 10
[   27.521861][    T1] ACPI: PCI: Interrupt link LNKB configured for IRQ 10
[   27.531273][    T1] ACPI: PCI: Interrupt link LNKC configured for IRQ 11
[   27.535326][    T1] ACPI: PCI: Interrupt link LNKD configured for IRQ 11
[   27.537447][    T1] ACPI: PCI: Interrupt link LNKS configured for IRQ 9
[   27.554451][    T1] iommu: Default domain type: Translated 
[   27.558285][    T1] iommu: DMA domain TLB invalidation policy: lazy mode 
[   27.562411][    T1] SCSI subsystem initialized
[   27.566072][    T1] ACPI: bus type USB registered
[   27.567187][    T1] usbcore: registered new interface driver usbfs
[   27.568489][    T1] usbcore: registered new interface driver hub
[   27.569764][    T1] usbcore: registered new device driver usb
[   27.571737][    T1] mc: Linux media interface: v0.10
[   27.572726][    T1] videodev: Linux video capture interface: v2.00
[   27.574269][    T1] pps_core: LinuxPPS API ver. 1 registered
[   27.575234][    T1] pps_core: Software ver. 5.3.6 - Copyright 2005-2007 Rodolfo Giometti <giometti@linux.it>
[   27.576992][    T1] PTP clock support registered
[   27.578389][    T1] EDAC MC: Ver: 3.0.0
[   27.581277][    T1] Advanced Linux Sound Architecture Driver Initialized.
[   27.585279][    T1] Bluetooth: Core ver 2.22
[   27.586213][    T1] NET: Registered PF_BLUETOOTH protocol family
[   27.587228][    T1] Bluetooth: HCI device and connection manager initialized
[   27.589734][    T1] Bluetooth: HCI socket layer initialized
[   27.590702][    T1] Bluetooth: L2CAP socket layer initialized
[   27.591770][    T1] Bluetooth: SCO socket layer initialized
[   27.592774][    T1] NET: Registered PF_ATMPVC protocol family
[   27.593759][    T1] NET: Registered PF_ATMSVC protocol family
[   27.595061][    T1] NetLabel: Initializing
[   27.595771][    T1] NetLabel:  domain hash size = 128
[   27.596602][    T1] NetLabel:  protocols = UNLABELED CIPSOv4 CALIPSO
[   27.597989][    T1] NetLabel:  unlabeled traffic allowed by default
[   27.600275][    T1] nfc: nfc_init: NFC Core ver 0.1
[   27.601354][    T1] NET: Registered PF_NFC protocol family
[   27.602371][    T1] PCI: Using ACPI for IRQ routing
[   27.603731][    T1] pci 0000:00:02.0: vgaarb: setting as boot VGA device
[   27.603731][    T1] pci 0000:00:02.0: vgaarb: bridge control possible
[   27.603731][    T1] pci 0000:00:02.0: vgaarb: VGA device added: decodes=io+mem,owns=io+mem,locks=none
[   27.603731][    T1] vgaarb: loaded
[   27.610026][    T1] hpet0: at MMIO 0xfed00000, IRQs 2, 8, 0
[   27.611017][    T1] hpet0: 3 comparators, 64-bit 100.000000 MHz counter
[   27.615786][    T1] clocksource: Switched to clocksource kvm-clock
[   28.171713][    T1] VFS: Disk quotas dquot_6.6.0
[   28.172495][    T1] VFS: Dquot-cache hash table entries: 512 (order 0, 4096 bytes)
[   28.173796][    T1] FS-Cache: Loaded
[   28.175107][    T1] CacheFiles: Loaded
[   28.176181][    T1] TOMOYO: 2.6.0
[   28.176682][    T1] Mandatory Access Control activated.
[   28.179005][    T1] AppArmor: AppArmor Filesystem Enabled
[   28.180249][    T1] pnp: PnP ACPI init
[   28.186450][    T1] pnp: PnP ACPI: found 6 devices
[   28.230337][    T1] clocksource: acpi_pm: mask: 0xffffff max_cycles: 0xffffff, max_idle_ns: 2085701024 ns
[   28.232569][    T1] NET: Registered PF_INET protocol family
[   28.233896][    T1] IP idents hash table entries: 32768 (order: 6, 262144 bytes, linear)
[   28.238214][    T1] tcp_listen_portaddr_hash hash table entries: 1024 (order: 4, 73728 bytes, linear)
[   28.239913][    T1] Table-perturb hash table entries: 65536 (order: 6, 262144 bytes, linear)
[   28.772928][    T1] TCP established hash table entries: 16384 (order: 5, 131072 bytes, linear)
[   29.373360][    T1] TCP bind hash table entries: 16384 (order: 9, 2359296 bytes, linear)
[   29.380269][    T1] TCP: Hash tables configured (established 16384 bind 16384)
[   29.386060][    T1] MPTCP token hash table entries: 2048 (order: 5, 180224 bytes, linear)
[   29.391701][    T1] UDP hash table entries: 1024 (order: 5, 163840 bytes, linear)
[   29.396661][    T1] UDP-Lite hash table entries: 1024 (order: 5, 163840 bytes, linear)
[   29.402388][    T1] NET: Registered PF_UNIX/PF_LOCAL protocol family
[   29.407896][    T1] RPC: Registered named UNIX socket transport module.
[   29.412432][    T1] RPC: Registered udp transport module.
[   29.416162][    T1] RPC: Registered tcp transport module.
[   29.419925][    T1] RPC: Registered tcp NFSv4.1 backchannel transport module.
[   29.426790][    T1] NET: Registered PF_XDP protocol family
[   29.430579][    T1] pci_bus 0000:00: resource 4 [io  0x0000-0x0cf7 window]
[   29.435072][    T1] pci_bus 0000:00: resource 5 [io  0x0d00-0xffff window]
[   29.439533][    T1] pci_bus 0000:00: resource 6 [mem 0x000a0000-0x000bffff window]
[   29.444470][    T1] pci_bus 0000:00: resource 7 [mem 0x80000000-0xfebfffff window]
[   29.449354][    T1] pci_bus 0000:00: resource 8 [mem 0x100000000-0x17fffffff window]
[   29.455189][    T1] pci 0000:00:01.0: PIIX3: Enabling Passive Release
[   29.459318][    T1] pci 0000:00:00.0: Limiting direct PCI/PCI transfers
[   29.463828][    T1] PCI: CLS 0 bytes, default 64
[   29.467099][    T1] ACPI: bus type thunderbolt registered
[   29.470299][   T28] Trying to unpack rootfs image as initramfs...
[   29.472257][    T1] kvm: no hardware support for 'kvm_intel'
[   29.479317][    T1] kvm: Nested Virtualization enabled
[   29.482799][    T1] SVM: kvm: Nested Paging enabled
[   30.727219][   T28] Freeing initrd memory: 1344K
[   30.731631][   T74] kworker/u4:3 (74) used greatest stack depth: 28208 bytes left
[   31.243469][   T59] kworker/u4:4 (59) used greatest stack depth: 27808 bytes left
[   31.852276][   T12] Callback from call_rcu_tasks() invoked.
[   32.537373][    T1] Initialise system trusted keyrings
[   32.540672][    T1] workingset: timestamp_bits=40 max_order=19 bucket_order=0
[   32.545502][    T1] zbud: loaded
[   32.551602][    T1] DLM installed
[   32.553660][    T1] squashfs: version 4.0 (2009/01/31) Phillip Lougher
[   32.559167][    T1] NFS: Registering the id_resolver key type
[   32.565910][    T1] Key type id_resolver registered
[   32.571007][    T1] Key type id_legacy registered
[   32.576052][    T1] nfs4filelayout_init: NFSv4 File Layout Driver Registering...
[   32.583935][    T1] nfs4flexfilelayout_init: NFSv4 Flexfile Layout Driver Registering...
[   32.597258][    T1] Key type cifs.spnego registered
[   32.598265][    T1] Key type cifs.idmap registered
[   32.599458][    T1] ntfs: driver 2.1.32 [Flags: R/W].
[   32.601308][    T1] ntfs3: Max link count 4000
[   32.602077][    T1] ntfs3: Enabled Linux POSIX ACLs support
[   32.603031][    T1] ntfs3: Read-only LZX/Xpress compression included
[   32.604200][    T1] efs: 1.0a - http://aeschi.ch.eu.org/efs/
[   32.605208][    T1] jffs2: version 2.2. (NAND) (SUMMARY)  © 2001-2006 Red Hat, Inc.
[   32.607087][    T1] romfs: ROMFS MTD (C) 2007 Red Hat, Inc.
[   32.608190][    T1] QNX4 filesystem 0.2.3 registered.
[   32.609140][    T1] qnx6: QNX6 filesystem 1.0.0 registered.
[   32.611129][    T1] fuse: init (API version 7.38)
[   32.613715][    T1] orangefs_debugfs_init: called with debug mask: :none: :0:
[   32.615473][    T1] orangefs_init: module version upstream loaded
[   32.616770][    T1] JFS: nTxBlock = 8192, nTxLock = 65536
[   32.624020][    T1] SGI XFS with ACLs, security attributes, realtime, quota, no debug enabled
[   32.631538][    T1] 9p: Installing v9fs 9p2000 file system support
[   32.635884][    T1] NILFS version 2 loaded
[   32.638573][    T1] befs: version: 0.9.3
[   32.642093][    T1] ocfs2: Registered cluster interface o2cb
[   32.646512][    T1] ocfs2: Registered cluster interface user
[   32.650710][    T1] OCFS2 User DLM kernel interface loaded
[   32.664883][    T1] gfs2: GFS2 installed
[   32.670761][    T1] ceph: loaded (mds proto 32)
[   32.685644][    T1] NET: Registered PF_ALG protocol family
[   32.689535][    T1] xor: automatically using best checksumming function   avx       
[   32.694597][    T1] async_tx: api initialized (async)
[   32.697820][    T1] Key type asymmetric registered
[   32.700967][    T1] Asymmetric key parser 'x509' registered
[   32.704543][    T1] Asymmetric key parser 'pkcs8' registered
[   32.708179][    T1] Key type pkcs7_test registered
[   32.711534][    T1] Block layer SCSI generic (bsg) driver version 0.4 loaded (major 240)
[   32.717439][    T1] io scheduler mq-deadline registered
[   32.720876][    T1] io scheduler kyber registered
[   32.724011][    T1] io scheduler bfq registered
[   32.733740][    T1] input: Power Button as /devices/LNXSYSTM:00/LNXPWRBN:00/input/input0
[   32.750649][    T1] ACPI: button: Power Button [PWRF]
[   32.816701][  T262] kworker/u4:0 (262) used greatest stack depth: 27632 bytes left
[   33.005620][    T1] N_HDLC line discipline registered with maxframe=4096
[   33.010159][    T1] Serial: 8250/16550 driver, 4 ports, IRQ sharing enabled
[   33.015136][    T1] 00:04: ttyS0 at I/O 0x3f8 (irq = 4, base_baud = 115200) is a 16550A
[   33.034807][    T1] Non-volatile memory driver v1.3
[   33.038438][    T1] Linux agpgart interface v0.103
[   33.043481][    T1] ACPI: bus type drm_connector registered
[   33.054567][    T1] [drm] Initialized vgem 1.0.0 20120112 for vgem on minor 0
[   33.063797][    T1] [drm] Initialized vkms 1.0.0 20180514 for vkms on minor 1
[   33.127312][    T1] Console: switching to colour frame buffer device 128x48
[   33.143760][    T1] platform vkms: [drm] fb0: vkmsdrmfb frame buffer device
[   33.145243][    T1] usbcore: registered new interface driver udl
[   33.147332][    T1] bochs-drm 0000:00:02.0: vgaarb: deactivate vga console
[   33.151577][    T1] [drm] Found bochs VGA, ID 0xb0c5.
[   33.154948][    T1] [drm] Framebuffer size 16384 kB @ 0xfd000000, mmio @ 0xfebf0000.
[   33.161228][    T1] [drm] Found EDID data blob.
[   33.166052][    T1] [drm] Initialized bochs-drm 1.0.0 20130925 for 0000:00:02.0 on minor 2
[   33.176541][    T1] fbcon: bochs-drmdrmfb (fb1) is primary device
[   33.176560][    T1] fbcon: Remapping primary device, fb1, to tty 1-63
[   43.835610][    T1] bochs-drm 0000:00:02.0: [drm] fb1: bochs-drmdrmfb frame buffer device
[   43.861814][   T11] Floppy drive(s): fd0 is 2.88M AMI BIOS
[   43.890816][   T11] FDC 0 is a S82078B
[   43.917552][  T778] kworker/u4:1 (778) used greatest stack depth: 27488 bytes left
[   43.929549][    T1] brd: module loaded
[   43.990846][    T1] loop: module loaded
[   44.063859][    T1] zram: Added device: zram0
[   44.073005][    T1] null_blk: disk nullb0 created
[   44.076051][    T1] null_blk: module loaded
[   44.079131][    T1] Guest personality initialized and is inactive
[   44.080944][    T1] VMCI host device registered (name=vmci, major=10, minor=118)
[   44.085684][    T1] Initialized host personality
[   44.088765][    T1] usbcore: registered new interface driver rtsx_usb
[   44.093232][    T1] usbcore: registered new interface driver viperboard
[   44.097593][    T1] usbcore: registered new interface driver dln2
[   44.101859][    T1] usbcore: registered new interface driver pn533_usb
[   44.108700][    T1] nfcsim 0.2 initialized
[   44.111639][    T1] usbcore: registered new interface driver port100
[   44.115793][    T1] usbcore: registered new interface driver nfcmrvl
[   44.121837][    T1] Loading iSCSI transport class v2.0-870.
[   44.130359][    T1] st: Version 20160209, fixed bufsize 32768, s/g segs 256
[   44.152837][    T1] scsi host0: ata_piix
[   44.157522][    T1] scsi host1: ata_piix
[   44.161286][    T1] ata1: PATA max MWDMA2 cmd 0x1f0 ctl 0x3f6 bmdma 0xc000 irq 14
[   44.166186][    T1] ata2: PATA max MWDMA2 cmd 0x170 ctl 0x376 bmdma 0xc008 irq 15
[   44.176453][    T1] Rounding down aligned max_sectors from 4294967295 to 4294967288
[   44.182643][    T1] db_root: cannot open: /etc/target
[   44.187085][    T1] slram: not enough parameters.
[   44.194518][    T1] ftl_cs: FTL header not found.
[   44.216972][    T1] wireguard: WireGuard 1.0.0 loaded. See www.wireguard.com for information.
[   44.222643][    T1] wireguard: Copyright (C) 2015-2019 Jason A. Donenfeld <Jason@zx2c4.com>. All Rights Reserved.
[   44.229284][    T1] eql: Equalizer2002: Simon Janes (simon@ncm.com) and David S. Miller (davem@redhat.com)
[   44.240121][    T1] MACsec IEEE 802.1AE
[   44.252882][    T1] tun: Universal TUN/TAP device driver, 1.6
[   44.260176][    T1] vcan: Virtual CAN interface driver
[   44.263666][    T1] vxcan: Virtual CAN Tunnel driver
[   44.267660][    T1] slcan: serial line CAN interface driver
[   44.268925][    T1] CAN device driver interface
[   44.274472][    T1] usbcore: registered new interface driver usb_8dev
[   44.275779][    T1] usbcore: registered new interface driver ems_usb
[   44.277216][    T1] usbcore: registered new interface driver gs_usb
[   44.279214][    T1] usbcore: registered new interface driver kvaser_usb
[   44.280612][    T1] usbcore: registered new interface driver mcba_usb
[   44.281810][    T1] usbcore: registered new interface driver peak_usb
[   44.283043][    T1] e100: Intel(R) PRO/100 Network Driver
[   44.284017][    T1] e100: Copyright(c) 1999-2006 Intel Corporation
[   44.285165][    T1] e1000: Intel(R) PRO/1000 Network Driver
[   44.286109][    T1] e1000: Copyright (c) 1999-2006 Intel Corporation.
[   44.287333][    T1] e1000e: Intel(R) PRO/1000 Network Driver
[   44.288183][    T1] e1000e: Copyright(c) 1999 - 2015 Intel Corporation.
[   44.290720][    T1] mkiss: AX.25 Multikiss, Hans Albas PE1AYX
[   44.291728][    T1] AX.25: 6pack driver, Revision: 0.3.0
[   44.292520][    T1] AX.25: bpqether driver version 004
[   44.293360][    T1] PPP generic driver version 2.4.2
[   44.294815][    T1] PPP BSD Compression module registered
[   44.295719][    T1] PPP Deflate Compression module registered
[   44.296704][    T1] PPP MPPE Compression module registered
[   44.297644][    T1] NET: Registered PF_PPPOX protocol family
[   44.298671][    T1] PPTP driver version 0.8.5
[   44.300264][    T1] SLIP: version 0.8.4-NET3.019-NEWTTY (dynamic channels, max=256) (6 bit encapsulation enabled).
[   44.301982][    T1] CSLIP: code copyright 1989 Regents of the University of California.
[   44.303354][    T1] SLIP linefill/keepalive option.
[   44.304255][    T1] hdlc: HDLC support module revision 1.22
[   44.305265][    T1] LAPB Ethernet driver version 0.02
[   44.306554][    T1] usbcore: registered new interface driver ath9k_htc
[   44.307838][    T1] usbcore: registered new interface driver carl9170
[   44.309040][    T1] usbcore: registered new interface driver ath6kl_usb
[   44.310334][    T1] usbcore: registered new interface driver ar5523
[   44.311756][    T1] usbcore: registered new interface driver ath10k_usb
[   44.312950][    T1] usbcore: registered new interface driver rndis_wlan
[   44.314264][    T1] mac80211_hwsim: initializing netlink
[   44.333518][    T1] usbcore: registered new interface driver atusb
[   44.339848][  T968] ata2: found unknown device (class 0)
[   44.342099][  T968] ata2.00: ATAPI: QEMU DVD-ROM, 2.5+, max UDMA/100
[   44.343719][    T1] mac802154_hwsim mac802154_hwsim: Added 2 mac802154 hwsim hardware radios
[   44.346218][    T1] VMware vmxnet3 virtual NIC driver - version 1.7.0.0-k-NAPI
[   44.347788][    T1] usbcore: registered new interface driver catc
[   44.349291][   T11] scsi 1:0:0:0: CD-ROM            QEMU     QEMU DVD-ROM     2.5+ PQ: 0 ANSI: 5
[   44.349326][    T1] usbcore: registered new interface driver kaweth
[   44.349338][    T1] pegasus: Pegasus/Pegasus II USB Ethernet driver
[   44.354835][    T1] usbcore: registered new interface driver pegasus
[   44.356595][    T1] usbcore: registered new interface driver rtl8150
[   44.357948][    T1] usbcore: registered new interface driver r8152
[   44.358962][    T1] hso: drivers/net/usb/hso.c: Option Wireless
[   44.360658][    T1] usbcore: registered new interface driver hso
[   44.361923][    T1] usbcore: registered new interface driver lan78xx
[   44.363301][    T1] usbcore: registered new interface driver asix
[   44.364649][    T1] usbcore: registered new interface driver ax88179_178a
[   44.366089][    T1] usbcore: registered new interface driver cdc_ether
[   44.367484][    T1] usbcore: registered new interface driver cdc_eem
[   44.368837][    T1] usbcore: registered new interface driver dm9601
[   44.371012][    T1] usbcore: registered new interface driver sr9700
[   44.372370][    T1] usbcore: registered new interface driver CoreChips
[   44.373737][    T1] usbcore: registered new interface driver smsc75xx
[   44.375092][    T1] usbcore: registered new interface driver smsc95xx
[   44.376415][    T1] usbcore: registered new interface driver gl620a
[   44.377664][    T1] usbcore: registered new interface driver net1080
[   44.378927][    T1] usbcore: registered new interface driver plusb
[   44.380391][    T1] usbcore: registered new interface driver rndis_host
[   44.381690][    T1] usbcore: registered new interface driver cdc_subset
[   44.382979][    T1] usbcore: registered new interface driver zaurus
[   44.384235][    T1] usbcore: registered new interface driver MOSCHIP usb-ethernet driver
[   44.385660][    T1] usbcore: registered new interface driver int51x1
[   44.386691][    T1] usbcore: registered new interface driver cdc_phonet
[   44.388046][    T1] usbcore: registered new interface driver kalmia
[   44.389323][    T1] usbcore: registered new interface driver ipheth
[   44.390600][    T1] usbcore: registered new interface driver sierra_net
[   44.391839][    T1] usbcore: registered new interface driver cx82310_eth
[   44.393172][    T1] usbcore: registered new interface driver cdc_ncm
[   44.394462][    T1] usbcore: registered new interface driver huawei_cdc_ncm
[   44.395855][    T1] usbcore: registered new interface driver lg-vl600
[   44.397160][    T1] usbcore: registered new interface driver qmi_wwan
[   44.398433][    T1] usbcore: registered new interface driver cdc_mbim
[   44.399794][    T1] usbcore: registered new interface driver ch9200
[   44.401018][    T1] usbcore: registered new interface driver r8153_ecm
[   44.407023][    T1] VFIO - User Level meta-driver version: 0.3
[   44.413947][    T1] aoe: AoE v85 initialised.
[   44.417860][    T1] SPI driver max3421-hcd has no spi_device_id for maxim,max3421
[   44.419525][    T1] usbcore: registered new interface driver cdc_acm
[   44.421855][    T1] cdc_acm: USB Abstract Control Model driver for USB modems and ISDN adapters
[   44.423166][    T1] usbcore: registered new interface driver usblp
[   44.424306][    T1] usbcore: registered new interface driver cdc_wdm
[   44.425457][    T1] usbcore: registered new interface driver usbtmc
[   44.431406][    T1] usbcore: registered new interface driver uas
[   44.432656][    T1] usbcore: registered new interface driver usb-storage
[   44.434087][    T1] usbcore: registered new interface driver ums-alauda
[   44.435600][    T1] usbcore: registered new interface driver ums-cypress
[   44.436981][    T1] usbcore: registered new interface driver ums-datafab
[   44.438363][    T1] usbcore: registered new interface driver ums_eneub6250
[   44.439860][    T1] usbcore: registered new interface driver ums-freecom
[   44.441319][    T1] usbcore: registered new interface driver ums-isd200
[   44.442713][    T1] usbcore: registered new interface driver ums-jumpshot
[   44.444160][    T1] usbcore: registered new interface driver ums-karma
[   44.445522][    T1] usbcore: registered new interface driver ums-onetouch
[   44.446958][    T1] usbcore: registered new interface driver ums-realtek
[   44.448464][    T1] usbcore: registered new interface driver ums-sddr09
[   44.450115][    T1] usbcore: registered new interface driver ums-sddr55
[   44.452279][    T1] usbcore: registered new interface driver ums-usbat
[   44.453709][    T1] usbcore: registered new interface driver mdc800
[   44.454711][    T1] mdc800: v0.7.5 (30/10/2000):USB Driver for Mustek MDC800 Digital Camera
[   44.456407][    T1] usbcore: registered new interface driver microtekX6
[   44.458011][    T1] usbcore: registered new interface driver usbserial_generic
[   44.459965][    T1] usbserial: USB Serial support registered for generic
[   44.461503][    T1] usbcore: registered new interface driver aircable
[   44.462903][    T1] usbserial: USB Serial support registered for aircable
[   44.464375][    T1] usbcore: registered new interface driver ark3116
[   44.465769][    T1] usbserial: USB Serial support registered for ark3116
[   44.467243][    T1] usbcore: registered new interface driver belkin_sa
[   44.468642][    T1] usbserial: USB Serial support registered for Belkin / Peracom / GoHubs USB Serial Adapter
[   44.473018][    T1] usbcore: registered new interface driver ch341
[   44.474348][   T11] sr 1:0:0:0: [sr0] scsi3-mmc drive: 4x/4x cd/rw xa/form2 tray
[   44.474388][    T1] usbserial: USB Serial support registered for ch341-uart
[   44.475732][   T11] cdrom: Uniform CD-ROM driver Revision: 3.20
[   44.477062][    T1] usbcore: registered new interface driver cp210x
[   44.482532][    T1] usbserial: USB Serial support registered for cp210x
[   44.483851][    T1] usbcore: registered new interface driver cyberjack
[   44.485074][    T1] usbserial: USB Serial support registered for Reiner SCT Cyberjack USB card reader
[   44.486768][    T1] usbcore: registered new interface driver cypress_m8
[   44.488021][    T1] usbserial: USB Serial support registered for DeLorme Earthmate USB
[   44.489433][    T1] usbserial: USB Serial support registered for HID->COM RS232 Adapter
[   44.490984][    T1] usbserial: USB Serial support registered for Nokia CA-42 V2 Adapter
[   44.492468][    T1] usbcore: registered new interface driver usb_debug
[   44.493696][    T1] usbserial: USB Serial support registered for debug
[   44.494914][    T1] usbserial: USB Serial support registered for xhci_dbc
[   44.496284][    T1] usbcore: registered new interface driver digi_acceleport
[   44.497603][    T1] usbserial: USB Serial support registered for Digi 2 port USB adapter
[   44.499041][    T1] usbserial: USB Serial support registered for Digi 4 port USB adapter
[   44.500506][    T1] usbcore: registered new interface driver io_edgeport
[   44.501628][    T1] usbserial: USB Serial support registered for Edgeport 2 port adapter
[   44.502950][    T1] usbserial: USB Serial support registered for Edgeport 4 port adapter
[   44.504314][    T1] usbserial: USB Serial support registered for Edgeport 8 port adapter
[   44.505620][    T1] usbserial: USB Serial support registered for EPiC device
[   44.506798][    T1] usbcore: registered new interface driver io_ti
[   44.507849][    T1] usbserial: USB Serial support registered for Edgeport TI 1 port adapter
[   44.509208][    T1] usbserial: USB Serial support registered for Edgeport TI 2 port adapter
[   44.510524][    T1] usbcore: registered new interface driver empeg
[   44.511557][    T1] usbserial: USB Serial support registered for empeg
[   44.512623][    T1] usbcore: registered new interface driver f81534a_ctrl
[   44.513686][    T1] usbcore: registered new interface driver f81232
[   44.514598][    T1] usbserial: USB Serial support registered for f81232
[   44.515591][    T1] usbserial: USB Serial support registered for f81534a
[   44.516792][    T1] usbcore: registered new interface driver f81534
[   44.517914][    T1] usbserial: USB Serial support registered for Fintek F81532/F81534
[   44.519320][    T1] usbcore: registered new interface driver ftdi_sio
[   44.520567][    T1] usbserial: USB Serial support registered for FTDI USB Serial Device
[   44.522041][    T1] usbcore: registered new interface driver garmin_gps
[   44.523318][    T1] usbserial: USB Serial support registered for Garmin GPS usb/tty
[   44.524751][    T1] usbcore: registered new interface driver ipaq
[   44.525900][    T1] usbserial: USB Serial support registered for PocketPC PDA
[   44.527323][    T1] usbcore: registered new interface driver ipw
[   44.528462][    T1] usbserial: USB Serial support registered for IPWireless converter
[   44.530021][    T1] usbcore: registered new interface driver ir_usb
[   44.531516][    T1] usbserial: USB Serial support registered for IR Dongle
[   44.532769][    T1] usbcore: registered new interface driver iuu_phoenix
[   44.533950][    T1] usbserial: USB Serial support registered for iuu_phoenix
[   44.535213][    T1] usbcore: registered new interface driver keyspan
[   44.536382][    T1] usbserial: USB Serial support registered for Keyspan - (without firmware)
[   44.537930][    T1] usbserial: USB Serial support registered for Keyspan 1 port adapter
[   44.539362][    T1] usbserial: USB Serial support registered for Keyspan 2 port adapter
[   44.540813][    T1] usbserial: USB Serial support registered for Keyspan 4 port adapter
[   44.542197][    T1] usbcore: registered new interface driver keyspan_pda
[   44.543368][    T1] usbserial: USB Serial support registered for Keyspan PDA
[   44.544435][    T1] usbserial: USB Serial support registered for Keyspan PDA - (prerenumeration)
[   44.545695][    T1] usbcore: registered new interface driver kl5kusb105
[   44.546768][    T1] usbserial: USB Serial support registered for KL5KUSB105D / PalmConnect
[   44.548027][    T1] usbcore: registered new interface driver kobil_sct
[   44.549161][    T1] usbserial: USB Serial support registered for KOBIL USB smart card terminal
[   44.550709][    T1] usbcore: registered new interface driver mct_u232
[   44.551936][    T1] usbserial: USB Serial support registered for MCT U232
[   44.553137][    T1] usbcore: registered new interface driver metro_usb
[   44.554155][    T1] usbserial: USB Serial support registered for Metrologic USB to Serial
[   44.555349][    T1] usbcore: registered new interface driver mos7720
[   44.556290][    T1] usbserial: USB Serial support registered for Moschip 2 port adapter
[   44.557429][    T1] usbcore: registered new interface driver mos7840
[   44.558355][    T1] usbserial: USB Serial support registered for Moschip 7840/7820 USB Serial Driver
[   44.559843][    T1] usbcore: registered new interface driver mxuport
[   44.560941][    T1] usbserial: USB Serial support registered for MOXA UPort
[   44.562131][    T1] usbcore: registered new interface driver navman
[   44.563087][    T1] usbserial: USB Serial support registered for navman
[   44.564138][    T1] usbcore: registered new interface driver omninet
[   44.565196][    T1] usbserial: USB Serial support registered for ZyXEL - omni.net usb
[   44.566579][    T1] usbcore: registered new interface driver opticon
[   44.567694][    T1] usbserial: USB Serial support registered for opticon
[   44.568843][    T1] usbcore: registered new interface driver option
[   44.569985][    T1] usbserial: USB Serial support registered for GSM modem (1-port)
[   44.571339][    T1] usbcore: registered new interface driver oti6858
[   44.572351][    T1] usbserial: USB Serial support registered for oti6858
[   44.573311][    T1] usbcore: registered new interface driver pl2303
[   44.574239][    T1] usbserial: USB Serial support registered for pl2303
[   44.575249][    T1] usbcore: registered new interface driver qcaux
[   44.576299][    T1] usbserial: USB Serial support registered for qcaux
[   44.577308][    T1] usbcore: registered new interface driver qcserial
[   44.578223][    T1] usbserial: USB Serial support registered for Qualcomm USB modem
[   44.579314][    T1] usbcore: registered new interface driver quatech2
[   44.580416][    T1] usbserial: USB Serial support registered for Quatech 2nd gen USB to Serial Driver
[   44.581981][    T1] usbcore: registered new interface driver safe_serial
[   44.583101][    T1] usbserial: USB Serial support registered for safe_serial
[   44.584348][    T1] usbcore: registered new interface driver sierra
[   44.585439][    T1] usbserial: USB Serial support registered for Sierra USB modem
[   44.586812][    T1] usbcore: registered new interface driver usb_serial_simple
[   44.588069][    T1] usbserial: USB Serial support registered for carelink
[   44.589263][    T1] usbserial: USB Serial support registered for zio
[   44.590539][    T1] usbserial: USB Serial support registered for funsoft
[   44.591791][    T1] usbserial: USB Serial support registered for flashloader
[   44.593127][    T1] usbserial: USB Serial support registered for google
[   44.594346][    T1] usbserial: USB Serial support registered for libtransistor
[   44.595838][    T1] usbserial: USB Serial support registered for vivopay
[   44.597169][    T1] usbserial: USB Serial support registered for moto_modem
[   44.598386][    T1] usbserial: USB Serial support registered for motorola_tetra
[   44.600073][    T1] usbserial: USB Serial support registered for nokia
[   44.601150][    T1] usbserial: USB Serial support registered for novatel_gps
[   44.602371][    T1] usbserial: USB Serial support registered for hp4x
[   44.603506][    T1] usbserial: USB Serial support registered for suunto
[   44.604558][    T1] usbserial: USB Serial support registered for siemens_mpi
[   44.605701][    T1] usbcore: registered new interface driver spcp8x5
[   44.606731][    T1] usbserial: USB Serial support registered for SPCP8x5
[   44.607884][    T1] usbcore: registered new interface driver ssu100
[   44.608931][    T1] usbserial: USB Serial support registered for Quatech SSU-100 USB to Serial Driver
[   44.610596][    T1] usbcore: registered new interface driver symbolserial
[   44.611801][    T1] usbserial: USB Serial support registered for symbol
[   44.613065][    T1] usbcore: registered new interface driver ti_usb_3410_5052
[   44.614432][    T1] usbserial: USB Serial support registered for TI USB 3410 1 port adapter
[   44.615985][    T1] usbserial: USB Serial support registered for TI USB 5052 2 port adapter
[   44.617566][    T1] usbcore: registered new interface driver upd78f0730
[   44.618820][    T1] usbserial: USB Serial support registered for upd78f0730
[   44.620339][    T1] usbcore: registered new interface driver visor
[   44.621493][    T1] usbserial: USB Serial support registered for Handspring Visor / Palm OS
[   44.622978][    T1] usbserial: USB Serial support registered for Sony Clie 5.0
[   44.624322][    T1] usbserial: USB Serial support registered for Sony Clie 3.5
[   44.625671][    T1] usbcore: registered new interface driver wishbone_serial
[   44.626907][    T1] usbserial: USB Serial support registered for wishbone_serial
[   44.628241][    T1] usbcore: registered new interface driver whiteheat
[   44.629343][    T1] usbserial: USB Serial support registered for Connect Tech - WhiteHEAT - (prerenumeration)
[   44.631016][    T1] usbserial: USB Serial support registered for Connect Tech - WhiteHEAT
[   44.632444][    T1] usbcore: registered new interface driver xr_serial
[   44.633588][    T1] usbserial: USB Serial support registered for xr_serial
[   44.634803][    T1] usbcore: registered new interface driver xsens_mt
[   44.635958][    T1] usbserial: USB Serial support registered for xsens_mt
[   44.637170][    T1] usbcore: registered new interface driver adutux
[   44.638274][    T1] usbcore: registered new interface driver appledisplay
[   44.639549][    T1] usbcore: registered new interface driver cypress_cy7c63
[   44.640853][    T1] usbcore: registered new interface driver cytherm
[   44.642024][    T1] usbcore: registered new interface driver emi26 - firmware loader
[   44.643432][    T1] usbcore: registered new interface driver emi62 - firmware loader
[   44.644739][    T1] ftdi_elan: driver ftdi-elan
[   44.645654][    T1] usbcore: registered new interface driver ftdi-elan
[   44.646861][    T1] usbcore: registered new interface driver idmouse
[   44.648080][    T1] usbcore: registered new interface driver iowarrior
[   44.649293][    T1] usbcore: registered new interface driver isight_firmware
[   44.650648][    T1] usbcore: registered new interface driver usblcd
[   44.651814][    T1] usbcore: registered new interface driver ldusb
[   44.652947][    T1] usbcore: registered new interface driver legousbtower
[   44.654180][    T1] usbcore: registered new interface driver usbtest
[   44.655331][    T1] usbcore: registered new interface driver usb_ehset_test
[   44.656553][    T1] usbcore: registered new interface driver trancevibrator
[   44.657810][    T1] usbcore: registered new interface driver uss720
[   44.658820][    T1] uss720: USB Parport Cable driver for Cables using the Lucent Technologies USS720 Chip
[   44.660367][    T1] uss720: NOTE: this is a special purpose driver to allow nonstandard
[   44.661621][    T1] uss720: protocols (eg. bitbang) over USS720 usb to parallel cables
[   44.662852][    T1] uss720: If you just want to connect to a printer, use usblp instead
[   44.664348][    T1] usbcore: registered new interface driver usbsevseg
[   44.665581][    T1] usbcore: registered new interface driver yurex
[   44.667082][    T1] usbcore: registered new interface driver chaoskey
[   44.668319][    T1] usbcore: registered new interface driver sisusb
[   44.669522][    T1] usbcore: registered new interface driver lvs
[   44.670695][    T1] usbcore: registered new interface driver cxacru
[   44.671910][    T1] usbcore: registered new interface driver speedtch
[   44.673116][    T1] usbcore: registered new interface driver ueagle-atm
[   44.674213][    T1] xusbatm: malformed module parameters
[   44.675938][    T1] dummy_hcd dummy_hcd.0: USB Host+Gadget Emulator, driver 02 May 2005
[   44.677301][    T1] dummy_hcd dummy_hcd.0: Dummy host controller
[   44.679471][    T1] dummy_hcd dummy_hcd.0: new USB bus registered, assigned bus number 1
[   44.681866][    T1] usb usb1: New USB device found, idVendor=1d6b, idProduct=0002, bcdDevice= 6.02
[   44.683454][    T1] usb usb1: New USB device strings: Mfr=3, Product=2, SerialNumber=1
[   44.684763][    T1] usb usb1: Product: Dummy host controller
[   44.685696][    T1] usb usb1: Manufacturer: Linux 6.2.0-rc1-dirty dummy_hcd
[   44.686820][    T1] usb usb1: SerialNumber: dummy_hcd.0
[   44.691162][    T1] hub 1-0:1.0: USB hub found
[   44.692221][    T1] hub 1-0:1.0: 1 port detected
[   44.698760][ T1426] kworker/u4:2 (1426) used greatest stack depth: 27200 bytes left
[   44.702779][   T11] sr 1:0:0:0: Attached scsi generic sg0 type 5
[   44.708382][    T1] gadgetfs: USB Gadget filesystem, version 24 Aug 2004
[   44.712622][    T1] vhci_hcd vhci_hcd.0: USB/IP Virtual Host Controller
[   44.714275][    T1] vhci_hcd vhci_hcd.0: new USB bus registered, assigned bus number 2
[   44.715903][    T1] vhci_hcd: created sysfs vhci_hcd.0
[   44.717311][    T1] usb usb2: New USB device found, idVendor=1d6b, idProduct=0002, bcdDevice= 6.02
[   44.718800][    T1] usb usb2: New USB device strings: Mfr=3, Product=2, SerialNumber=1
[   44.720226][    T1] usb usb2: Product: USB/IP Virtual Host Controller
[   44.721317][    T1] usb usb2: Manufacturer: Linux 6.2.0-rc1-dirty vhci_hcd
[   44.722457][    T1] usb usb2: SerialNumber: vhci_hcd.0
[   44.725073][    T1] hub 2-0:1.0: USB hub found
[   44.726067][    T1] hub 2-0:1.0: 8 ports detected
[   44.731611][    T1] vhci_hcd vhci_hcd.0: USB/IP Virtual Host Controller
[   44.733310][    T1] vhci_hcd vhci_hcd.0: new USB bus registered, assigned bus number 3
[   44.734923][    T1] usb usb3: We don't know the algorithms for LPM for this host, disabling LPM.
[   44.736955][    T1] usb usb3: New USB device found, idVendor=1d6b, idProduct=0003, bcdDevice= 6.02
[   44.738495][    T1] usb usb3: New USB device strings: Mfr=3, Product=2, SerialNumber=1
[   44.739933][    T1] usb usb3: Product: USB/IP Virtual Host Controller
[   44.741051][    T1] usb usb3: Manufacturer: Linux 6.2.0-rc1-dirty vhci_hcd
[   44.742223][    T1] usb usb3: SerialNumber: vhci_hcd.0
[   44.744759][    T1] hub 3-0:1.0: USB hub found
[   44.745647][    T1] hub 3-0:1.0: 8 ports detected
[   44.752274][    T1] vhci_hcd vhci_hcd.1: USB/IP Virtual Host Controller
[   44.754150][    T1] vhci_hcd vhci_hcd.1: new USB bus registered, assigned bus number 4
[   44.756075][    T1] usb usb4: New USB device found, idVendor=1d6b, idProduct=0002, bcdDevice= 6.02
[   44.760672][    T1] usb usb4: New USB device strings: Mfr=3, Product=2, SerialNumber=1
[   44.762011][    T1] usb usb4: Product: USB/IP Virtual Host Controller
[   44.763171][    T1] usb usb4: Manufacturer: Linux 6.2.0-rc1-dirty vhci_hcd
[   44.764342][    T1] usb usb4: SerialNumber: vhci_hcd.1
[   44.767157][    T1] hub 4-0:1.0: USB hub found
[   44.768073][    T1] hub 4-0:1.0: 8 ports detected
[   44.773670][    T1] vhci_hcd vhci_hcd.1: USB/IP Virtual Host Controller
[   44.775360][    T1] vhci_hcd vhci_hcd.1: new USB bus registered, assigned bus number 5
[   44.776865][    T1] usb usb5: We don't know the algorithms for LPM for this host, disabling LPM.
[   44.779222][    T1] usb usb5: New USB device found, idVendor=1d6b, idProduct=0003, bcdDevice= 6.02
[   44.780823][    T1] usb usb5: New USB device strings: Mfr=3, Product=2, SerialNumber=1
[   44.782123][    T1] usb usb5: Product: USB/IP Virtual Host Controller
[   44.783249][    T1] usb usb5: Manufacturer: Linux 6.2.0-rc1-dirty vhci_hcd
[   44.784424][    T1] usb usb5: SerialNumber: vhci_hcd.1
[   44.786940][    T1] hub 5-0:1.0: USB hub found
[   44.787890][    T1] hub 5-0:1.0: 8 ports detected
[   44.794421][    T1] vhci_hcd vhci_hcd.2: USB/IP Virtual Host Controller
[   44.796305][    T1] vhci_hcd vhci_hcd.2: new USB bus registered, assigned bus number 6
[   44.798225][    T1] usb usb6: New USB device found, idVendor=1d6b, idProduct=0002, bcdDevice= 6.02
[   44.799830][    T1] usb usb6: New USB device strings: Mfr=3, Product=2, SerialNumber=1
[   44.801183][    T1] usb usb6: Product: USB/IP Virtual Host Controller
[   44.802293][    T1] usb usb6: Manufacturer: Linux 6.2.0-rc1-dirty vhci_hcd
[   44.803450][    T1] usb usb6: SerialNumber: vhci_hcd.2
[   44.805956][    T1] hub 6-0:1.0: USB hub found
[   44.806826][    T1] hub 6-0:1.0: 8 ports detected
[   44.812324][    T1] vhci_hcd vhci_hcd.2: USB/IP Virtual Host Controller
[   44.814848][    T1] vhci_hcd vhci_hcd.2: new USB bus registered, assigned bus number 7
[   44.816481][    T1] usb usb7: We don't know the algorithms for LPM for this host, disabling LPM.
[   44.818548][    T1] usb usb7: New USB device found, idVendor=1d6b, idProduct=0003, bcdDevice= 6.02
[   44.820229][    T1] usb usb7: New USB device strings: Mfr=3, Product=2, SerialNumber=1
[   44.821573][    T1] usb usb7: Product: USB/IP Virtual Host Controller
[   44.822688][    T1] usb usb7: Manufacturer: Linux 6.2.0-rc1-dirty vhci_hcd
[   44.823888][    T1] usb usb7: SerialNumber: vhci_hcd.2
[   44.826616][    T1] hub 7-0:1.0: USB hub found
[   44.829792][    T1] hub 7-0:1.0: 8 ports detected
[   44.839267][    T1] vhci_hcd vhci_hcd.3: USB/IP Virtual Host Controller
[   44.844488][    T1] vhci_hcd vhci_hcd.3: new USB bus registered, assigned bus number 8
[   44.850428][    T1] usb usb8: New USB device found, idVendor=1d6b, idProduct=0002, bcdDevice= 6.02
[   44.856380][    T1] usb usb8: New USB device strings: Mfr=3, Product=2, SerialNumber=1
[   44.861718][    T1] usb usb8: Product: USB/IP Virtual Host Controller
[   44.866015][    T1] usb usb8: Manufacturer: Linux 6.2.0-rc1-dirty vhci_hcd
[   44.870571][    T1] usb usb8: SerialNumber: vhci_hcd.3
[   44.876220][    T1] hub 8-0:1.0: USB hub found
[   44.879324][    T1] hub 8-0:1.0: 8 ports detected
[   44.885116][    T1] vhci_hcd vhci_hcd.3: USB/IP Virtual Host Controller
[   44.887199][    T1] vhci_hcd vhci_hcd.3: new USB bus registered, assigned bus number 9
[   44.889058][    T1] usb usb9: We don't know the algorithms for LPM for this host, disabling LPM.
[   44.891775][    T1] usb usb9: New USB device found, idVendor=1d6b, idProduct=0003, bcdDevice= 6.02
[   44.893370][    T1] usb usb9: New USB device strings: Mfr=3, Product=2, SerialNumber=1
[   44.894749][    T1] usb usb9: Product: USB/IP Virtual Host Controller
[   44.895894][    T1] usb usb9: Manufacturer: Linux 6.2.0-rc1-dirty vhci_hcd
[   44.897060][    T1] usb usb9: SerialNumber: vhci_hcd.3
[   44.900322][    T1] hub 9-0:1.0: USB hub found
[   44.901285][    T1] hub 9-0:1.0: 8 ports detected
[   44.908214][    T1] vhci_hcd vhci_hcd.4: USB/IP Virtual Host Controller
[   44.910426][    T1] vhci_hcd vhci_hcd.4: new USB bus registered, assigned bus number 10
[   44.912638][    T1] usb usb10: New USB device found, idVendor=1d6b, idProduct=0002, bcdDevice= 6.02
[   44.914207][    T1] usb usb10: New USB device strings: Mfr=3, Product=2, SerialNumber=1
[   44.915633][    T1] usb usb10: Product: USB/IP Virtual Host Controller
[   44.916768][    T1] usb usb10: Manufacturer: Linux 6.2.0-rc1-dirty vhci_hcd
[   44.917956][    T1] usb usb10: SerialNumber: vhci_hcd.4
[   44.920875][    T1] hub 10-0:1.0: USB hub found
[   44.921838][    T1] hub 10-0:1.0: 8 ports detected
[   44.927872][    T1] vhci_hcd vhci_hcd.4: USB/IP Virtual Host Controller
[   44.930533][    T1] vhci_hcd vhci_hcd.4: new USB bus registered, assigned bus number 11
[   44.932032][    T1] usb usb11: We don't know the algorithms for LPM for this host, disabling LPM.
[   44.933979][    T1] usb usb11: New USB device found, idVendor=1d6b, idProduct=0003, bcdDevice= 6.02
[   44.935592][    T1] usb usb11: New USB device strings: Mfr=3, Product=2, SerialNumber=1
[   44.936972][    T1] usb usb11: Product: USB/IP Virtual Host Controller
[   44.938149][    T1] usb usb11: Manufacturer: Linux 6.2.0-rc1-dirty vhci_hcd
[   44.939390][    T1] usb usb11: SerialNumber: vhci_hcd.4
[   44.942247][    T1] hub 11-0:1.0: USB hub found
[   44.943210][    T1] hub 11-0:1.0: 8 ports detected
[   44.949645][    T1] vhci_hcd vhci_hcd.5: USB/IP Virtual Host Controller
[   44.951340][    T1] vhci_hcd vhci_hcd.5: new USB bus registered, assigned bus number 12
[   44.957074][    T1] usb usb12: New USB device found, idVendor=1d6b, idProduct=0002, bcdDevice= 6.02
[   44.962964][    T1] usb usb12: New USB device strings: Mfr=3, Product=2, SerialNumber=1
[   44.968252][    T1] usb usb12: Product: USB/IP Virtual Host Controller
[   44.972607][    T1] usb usb12: Manufacturer: Linux 6.2.0-rc1-dirty vhci_hcd
[   44.977160][    T1] usb usb12: SerialNumber: vhci_hcd.5
[   44.982517][    T1] hub 12-0:1.0: USB hub found
[   44.985717][    T1] hub 12-0:1.0: 8 ports detected
[   44.993424][    T1] vhci_hcd vhci_hcd.5: USB/IP Virtual Host Controller
[   44.998661][    T1] vhci_hcd vhci_hcd.5: new USB bus registered, assigned bus number 13
[   45.004229][    T1] usb usb13: We don't know the algorithms for LPM for this host, disabling LPM.
[   45.010575][    T1] usb usb13: New USB device found, idVendor=1d6b, idProduct=0003, bcdDevice= 6.02
[   45.016476][    T1] usb usb13: New USB device strings: Mfr=3, Product=2, SerialNumber=1
[   45.021921][    T1] usb usb13: Product: USB/IP Virtual Host Controller
[   45.026173][    T1] usb usb13: Manufacturer: Linux 6.2.0-rc1-dirty vhci_hcd
[   45.030843][    T1] usb usb13: SerialNumber: vhci_hcd.5
[   45.036346][    T1] hub 13-0:1.0: USB hub found
[   45.039528][    T1] hub 13-0:1.0: 8 ports detected
[   45.048491][    T1] vhci_hcd vhci_hcd.6: USB/IP Virtual Host Controller
[   45.053666][    T1] vhci_hcd vhci_hcd.6: new USB bus registered, assigned bus number 14
[   45.059490][    T1] usb usb14: New USB device found, idVendor=1d6b, idProduct=0002, bcdDevice= 6.02
[   45.065491][    T1] usb usb14: New USB device strings: Mfr=3, Product=2, SerialNumber=1
[   45.070802][    T1] usb usb14: Product: USB/IP Virtual Host Controller
[   45.075020][    T1] usb usb14: Manufacturer: Linux 6.2.0-rc1-dirty vhci_hcd
[   45.079569][    T1] usb usb14: SerialNumber: vhci_hcd.6
[   45.084925][    T1] hub 14-0:1.0: USB hub found
[   45.088137][    T1] hub 14-0:1.0: 8 ports detected
[   45.096174][    T1] vhci_hcd vhci_hcd.6: USB/IP Virtual Host Controller
[   45.101552][    T1] vhci_hcd vhci_hcd.6: new USB bus registered, assigned bus number 15
[   45.107039][    T1] usb usb15: We don't know the algorithms for LPM for this host, disabling LPM.
[   45.113437][    T1] usb usb15: New USB device found, idVendor=1d6b, idProduct=0003, bcdDevice= 6.02
[   45.119183][    T1] usb usb15: New USB device strings: Mfr=3, Product=2, SerialNumber=1
[   45.124042][    T1] usb usb15: Product: USB/IP Virtual Host Controller
[   45.127918][    T1] usb usb15: Manufacturer: Linux 6.2.0-rc1-dirty vhci_hcd
[   45.132141][    T1] usb usb15: SerialNumber: vhci_hcd.6
[   45.136227][    T1] hub 15-0:1.0: USB hub found
[   45.137102][    T1] hub 15-0:1.0: 8 ports detected
[   45.142719][    T1] vhci_hcd vhci_hcd.7: USB/IP Virtual Host Controller
[   45.144797][    T1] vhci_hcd vhci_hcd.7: new USB bus registered, assigned bus number 16
[   45.146660][    T1] usb usb16: New USB device found, idVendor=1d6b, idProduct=0002, bcdDevice= 6.02
[   45.148162][    T1] usb usb16: New USB device strings: Mfr=3, Product=2, SerialNumber=1
[   45.149310][    T1] usb usb16: Product: USB/IP Virtual Host Controller
[   45.150242][    T1] usb usb16: Manufacturer: Linux 6.2.0-rc1-dirty vhci_hcd
[   45.151182][    T1] usb usb16: SerialNumber: vhci_hcd.7
[   45.153571][    T1] hub 16-0:1.0: USB hub found
[   45.154524][    T1] hub 16-0:1.0: 8 ports detected
[   45.160647][    T1] vhci_hcd vhci_hcd.7: USB/IP Virtual Host Controller
[   45.162331][    T1] vhci_hcd vhci_hcd.7: new USB bus registered, assigned bus number 17
[   45.163863][    T1] usb usb17: We don't know the algorithms for LPM for this host, disabling LPM.
[   45.165771][    T1] usb usb17: New USB device found, idVendor=1d6b, idProduct=0003, bcdDevice= 6.02
[   45.167315][    T1] usb usb17: New USB device strings: Mfr=3, Product=2, SerialNumber=1
[   45.168699][    T1] usb usb17: Product: USB/IP Virtual Host Controller
[   45.169887][    T1] usb usb17: Manufacturer: Linux 6.2.0-rc1-dirty vhci_hcd
[   45.170994][    T1] usb usb17: SerialNumber: vhci_hcd.7
[   45.174170][    T1] hub 17-0:1.0: USB hub found
[   45.175183][    T1] hub 17-0:1.0: 8 ports detected
[   45.181163][    T1] vhci_hcd vhci_hcd.8: USB/IP Virtual Host Controller
[   45.182870][    T1] vhci_hcd vhci_hcd.8: new USB bus registered, assigned bus number 18
[   45.184689][    T1] usb usb18: New USB device found, idVendor=1d6b, idProduct=0002, bcdDevice= 6.02
[   45.186183][    T1] usb usb18: New USB device strings: Mfr=3, Product=2, SerialNumber=1
[   45.187569][    T1] usb usb18: Product: USB/IP Virtual Host Controller
[   45.188653][    T1] usb usb18: Manufacturer: Linux 6.2.0-rc1-dirty vhci_hcd
[   45.189849][    T1] usb usb18: SerialNumber: vhci_hcd.8
[   45.192325][    T1] hub 18-0:1.0: USB hub found
[   45.193197][    T1] hub 18-0:1.0: 8 ports detected
[   45.197990][    T1] vhci_hcd vhci_hcd.8: USB/IP Virtual Host Controller
[   45.199934][    T1] vhci_hcd vhci_hcd.8: new USB bus registered, assigned bus number 19
[   45.201470][    T1] usb usb19: We don't know the algorithms for LPM for this host, disabling LPM.
[   45.203501][    T1] usb usb19: New USB device found, idVendor=1d6b, idProduct=0003, bcdDevice= 6.02
[   45.205041][    T1] usb usb19: New USB device strings: Mfr=3, Product=2, SerialNumber=1
[   45.206407][    T1] usb usb19: Product: USB/IP Virtual Host Controller
[   45.207527][    T1] usb usb19: Manufacturer: Linux 6.2.0-rc1-dirty vhci_hcd
[   45.208705][    T1] usb usb19: SerialNumber: vhci_hcd.8
[   45.211432][    T1] hub 19-0:1.0: USB hub found
[   45.212310][    T1] hub 19-0:1.0: 8 ports detected
[   45.218545][    T1] vhci_hcd vhci_hcd.9: USB/IP Virtual Host Controller
[   45.220672][    T1] vhci_hcd vhci_hcd.9: new USB bus registered, assigned bus number 20
[   45.222495][    T1] usb usb20: New USB device found, idVendor=1d6b, idProduct=0002, bcdDevice= 6.02
[   45.223990][    T1] usb usb20: New USB device strings: Mfr=3, Product=2, SerialNumber=1
[   45.225278][    T1] usb usb20: Product: USB/IP Virtual Host Controller
[   45.226339][    T1] usb usb20: Manufacturer: Linux 6.2.0-rc1-dirty vhci_hcd
[   45.227487][    T1] usb usb20: SerialNumber: vhci_hcd.9
[   45.231235][    T1] hub 20-0:1.0: USB hub found
[   45.232106][    T1] hub 20-0:1.0: 8 ports detected
[   45.237006][    T1] vhci_hcd vhci_hcd.9: USB/IP Virtual Host Controller
[   45.239139][    T1] vhci_hcd vhci_hcd.9: new USB bus registered, assigned bus number 21
[   45.240876][    T1] usb usb21: We don't know the algorithms for LPM for this host, disabling LPM.
[   45.242901][    T1] usb usb21: New USB device found, idVendor=1d6b, idProduct=0003, bcdDevice= 6.02
[   45.244391][    T1] usb usb21: New USB device strings: Mfr=3, Product=2, SerialNumber=1
[   45.245718][    T1] usb usb21: Product: USB/IP Virtual Host Controller
[   45.246829][    T1] usb usb21: Manufacturer: Linux 6.2.0-rc1-dirty vhci_hcd
[   45.248017][    T1] usb usb21: SerialNumber: vhci_hcd.9
[   45.251932][    T1] hub 21-0:1.0: USB hub found
[   45.252860][    T1] hub 21-0:1.0: 8 ports detected
[   45.258899][    T1] vhci_hcd vhci_hcd.10: USB/IP Virtual Host Controller
[   45.260910][    T1] vhci_hcd vhci_hcd.10: new USB bus registered, assigned bus number 22
[   45.262785][    T1] usb usb22: New USB device found, idVendor=1d6b, idProduct=0002, bcdDevice= 6.02
[   45.264317][    T1] usb usb22: New USB device strings: Mfr=3, Product=2, SerialNumber=1
[   45.265645][    T1] usb usb22: Product: USB/IP Virtual Host Controller
[   45.266740][    T1] usb usb22: Manufacturer: Linux 6.2.0-rc1-dirty vhci_hcd
[   45.267873][    T1] usb usb22: SerialNumber: vhci_hcd.10
[   45.271393][    T1] hub 22-0:1.0: USB hub found
[   45.272299][    T1] hub 22-0:1.0: 8 ports detected
[   45.277400][    T1] vhci_hcd vhci_hcd.10: USB/IP Virtual Host Controller
[   45.279202][    T1] vhci_hcd vhci_hcd.10: new USB bus registered, assigned bus number 23
[   45.284626][    T1] usb usb23: We don't know the algorithms for LPM for this host, disabling LPM.
[   45.290847][    T1] usb usb23: New USB device found, idVendor=1d6b, idProduct=0003, bcdDevice= 6.02
[   45.296612][    T1] usb usb23: New USB device strings: Mfr=3, Product=2, SerialNumber=1
[   45.301774][    T1] usb usb23: Product: USB/IP Virtual Host Controller
[   45.305950][    T1] usb usb23: Manufacturer: Linux 6.2.0-rc1-dirty vhci_hcd
[   45.310454][    T1] usb usb23: SerialNumber: vhci_hcd.10
[   45.315441][    T1] hub 23-0:1.0: USB hub found
[   45.318458][    T1] hub 23-0:1.0: 8 ports detected
[   45.326733][    T1] vhci_hcd vhci_hcd.11: USB/IP Virtual Host Controller
[   45.331759][    T1] vhci_hcd vhci_hcd.11: new USB bus registered, assigned bus number 24
[   45.337663][    T1] usb usb24: New USB device found, idVendor=1d6b, idProduct=0002, bcdDevice= 6.02
[   45.343376][    T1] usb usb24: New USB device strings: Mfr=3, Product=2, SerialNumber=1
[   45.348466][    T1] usb usb24: Product: USB/IP Virtual Host Controller
[   45.352556][    T1] usb usb24: Manufacturer: Linux 6.2.0-rc1-dirty vhci_hcd
[   45.356952][    T1] usb usb24: SerialNumber: vhci_hcd.11
[   45.361989][    T1] hub 24-0:1.0: USB hub found
[   45.364956][    T1] hub 24-0:1.0: 8 ports detected
[   45.372511][    T1] vhci_hcd vhci_hcd.11: USB/IP Virtual Host Controller
[   45.377388][    T1] vhci_hcd vhci_hcd.11: new USB bus registered, assigned bus number 25
[   45.383198][    T1] usb usb25: We don't know the algorithms for LPM for this host, disabling LPM.
[   45.389224][    T1] usb usb25: New USB device found, idVendor=1d6b, idProduct=0003, bcdDevice= 6.02
[   45.395050][    T1] usb usb25: New USB device strings: Mfr=3, Product=2, SerialNumber=1
[   45.400360][    T1] usb usb25: Product: USB/IP Virtual Host Controller
[   45.404672][    T1] usb usb25: Manufacturer: Linux 6.2.0-rc1-dirty vhci_hcd
[   45.409229][    T1] usb usb25: SerialNumber: vhci_hcd.11
[   45.414664][    T1] hub 25-0:1.0: USB hub found
[   45.417812][    T1] hub 25-0:1.0: 8 ports detected
[   45.427260][    T1] vhci_hcd vhci_hcd.12: USB/IP Virtual Host Controller
[   45.432392][    T1] vhci_hcd vhci_hcd.12: new USB bus registered, assigned bus number 26
[   45.438100][    T1] usb usb26: New USB device found, idVendor=1d6b, idProduct=0002, bcdDevice= 6.02
[   45.444065][    T1] usb usb26: New USB device strings: Mfr=3, Product=2, SerialNumber=1
[   45.449252][    T1] usb usb26: Product: USB/IP Virtual Host Controller
[   45.453556][    T1] usb usb26: Manufacturer: Linux 6.2.0-rc1-dirty vhci_hcd
[   45.458121][    T1] usb usb26: SerialNumber: vhci_hcd.12
[   45.463434][    T1] hub 26-0:1.0: USB hub found
[   45.464353][    T1] hub 26-0:1.0: 8 ports detected
[   45.469874][    T1] vhci_hcd vhci_hcd.12: USB/IP Virtual Host Controller
[   45.474988][    T1] vhci_hcd vhci_hcd.12: new USB bus registered, assigned bus number 27
[   45.479966][    T1] usb usb27: We don't know the algorithms for LPM for this host, disabling LPM.
[   45.481922][    T1] usb usb27: New USB device found, idVendor=1d6b, idProduct=0003, bcdDevice= 6.02
[   45.483509][    T1] usb usb27: New USB device strings: Mfr=3, Product=2, SerialNumber=1
[   45.485547][    T1] usb usb27: Product: USB/IP Virtual Host Controller
[   45.486681][    T1] usb usb27: Manufacturer: Linux 6.2.0-rc1-dirty vhci_hcd
[   45.487882][    T1] usb usb27: SerialNumber: vhci_hcd.12
[   45.490709][    T1] hub 27-0:1.0: USB hub found
[   45.491658][    T1] hub 27-0:1.0: 8 ports detected
[   45.498422][    T1] vhci_hcd vhci_hcd.13: USB/IP Virtual Host Controller
[   45.502211][    T1] vhci_hcd vhci_hcd.13: new USB bus registered, assigned bus number 28
[   45.504226][    T1] usb usb28: New USB device found, idVendor=1d6b, idProduct=0002, bcdDevice= 6.02
[   45.505742][    T1] usb usb28: New USB device strings: Mfr=3, Product=2, SerialNumber=1
[   45.507130][    T1] usb usb28: Product: USB/IP Virtual Host Controller
[   45.508266][    T1] usb usb28: Manufacturer: Linux 6.2.0-rc1-dirty vhci_hcd
[   45.509456][    T1] usb usb28: SerialNumber: vhci_hcd.13
[   45.512457][    T1] hub 28-0:1.0: USB hub found
[   45.513369][    T1] hub 28-0:1.0: 8 ports detected
[   45.518949][    T1] vhci_hcd vhci_hcd.13: USB/IP Virtual Host Controller
[   45.521776][    T1] vhci_hcd vhci_hcd.13: new USB bus registered, assigned bus number 29
[   45.523566][    T1] usb usb29: We don't know the algorithms for LPM for this host, disabling LPM.
[   45.525669][    T1] usb usb29: New USB device found, idVendor=1d6b, idProduct=0003, bcdDevice= 6.02
[   45.527276][    T1] usb usb29: New USB device strings: Mfr=3, Product=2, SerialNumber=1
[   45.528699][    T1] usb usb29: Product: USB/IP Virtual Host Controller
[   45.529949][    T1] usb usb29: Manufacturer: Linux 6.2.0-rc1-dirty vhci_hcd
[   45.531180][    T1] usb usb29: SerialNumber: vhci_hcd.13
[   45.534030][    T1] hub 29-0:1.0: USB hub found
[   45.534982][    T1] hub 29-0:1.0: 8 ports detected
[   45.542001][    T1] vhci_hcd vhci_hcd.14: USB/IP Virtual Host Controller
[   45.545494][    T1] vhci_hcd vhci_hcd.14: new USB bus registered, assigned bus number 30
[   45.547508][    T1] usb usb30: New USB device found, idVendor=1d6b, idProduct=0002, bcdDevice= 6.02
[   45.549064][    T1] usb usb30: New USB device strings: Mfr=3, Product=2, SerialNumber=1
[   45.550549][    T1] usb usb30: Product: USB/IP Virtual Host Controller
[   45.551699][    T1] usb usb30: Manufacturer: Linux 6.2.0-rc1-dirty vhci_hcd
[   45.552928][    T1] usb usb30: SerialNumber: vhci_hcd.14
[   45.556440][    T1] hub 30-0:1.0: USB hub found
[   45.557398][    T1] hub 30-0:1.0: 8 ports detected
[   45.563035][    T1] vhci_hcd vhci_hcd.14: USB/IP Virtual Host Controller
[   45.565548][    T1] vhci_hcd vhci_hcd.14: new USB bus registered, assigned bus number 31
[   45.567237][    T1] usb usb31: We don't know the algorithms for LPM for this host, disabling LPM.
[   45.569252][    T1] usb usb31: New USB device found, idVendor=1d6b, idProduct=0003, bcdDevice= 6.02
[   45.570909][    T1] usb usb31: New USB device strings: Mfr=3, Product=2, SerialNumber=1
[   45.572250][    T1] usb usb31: Product: USB/IP Virtual Host Controller
[   45.573390][    T1] usb usb31: Manufacturer: Linux 6.2.0-rc1-dirty vhci_hcd
[   45.574591][    T1] usb usb31: SerialNumber: vhci_hcd.14
[   45.577407][    T1] hub 31-0:1.0: USB hub found
[   45.578344][    T1] hub 31-0:1.0: 8 ports detected
[   45.585389][    T1] vhci_hcd vhci_hcd.15: USB/IP Virtual Host Controller
[   45.587495][    T1] vhci_hcd vhci_hcd.15: new USB bus registered, assigned bus number 32
[   45.589359][    T1] usb usb32: New USB device found, idVendor=1d6b, idProduct=0002, bcdDevice= 6.02
[   45.590949][    T1] usb usb32: New USB device strings: Mfr=3, Product=2, SerialNumber=1
[   45.592350][    T1] usb usb32: Product: USB/IP Virtual Host Controller
[   45.593482][    T1] usb usb32: Manufacturer: Linux 6.2.0-rc1-dirty vhci_hcd
[   45.594692][    T1] usb usb32: SerialNumber: vhci_hcd.15
[   45.597490][    T1] hub 32-0:1.0: USB hub found
[   45.598403][    T1] hub 32-0:1.0: 8 ports detected
[   45.604147][    T1] vhci_hcd vhci_hcd.15: USB/IP Virtual Host Controller
[   45.606009][    T1] vhci_hcd vhci_hcd.15: new USB bus registered, assigned bus number 33
[   45.607740][    T1] usb usb33: We don't know the algorithms for LPM for this host, disabling LPM.
[   45.609883][    T1] usb usb33: New USB device found, idVendor=1d6b, idProduct=0003, bcdDevice= 6.02
[   45.611512][    T1] usb usb33: New USB device strings: Mfr=3, Product=2, SerialNumber=1
[   45.612904][    T1] usb usb33: Product: USB/IP Virtual Host Controller
[   45.614068][    T1] usb usb33: Manufacturer: Linux 6.2.0-rc1-dirty vhci_hcd
[   45.615344][    T1] usb usb33: SerialNumber: vhci_hcd.15
[   45.618271][    T1] hub 33-0:1.0: USB hub found
[   45.619248][    T1] hub 33-0:1.0: 8 ports detected
[   45.626683][    T1] usbcore: registered new device driver usbip-host
[   45.629973][    T1] i8042: PNP: PS/2 Controller [PNP0303:KBD,PNP0f13:MOU] at 0x60,0x64 irq 1,12
[   45.633215][    T1] serio: i8042 KBD port at 0x60,0x64 irq 1
[   45.635239][    T1] serio: i8042 AUX port at 0x60,0x64 irq 12
[   45.638895][    T1] mousedev: PS/2 mouse device common for all mice
[   45.643896][ T1109] input: AT Translated Set 2 keyboard as /devices/platform/i8042/serio0/input/input1
[   45.644971][    T1] usbcore: registered new interface driver appletouch
[   45.647122][    T1] usbcore: registered new interface driver bcm5974
[   45.649351][    T1] usbcore: registered new interface driver synaptics_usb
[   45.651136][    T1] usbcore: registered new interface driver iforce
[   45.652965][    T1] usbcore: registered new interface driver xpad
[   45.654660][    T1] usbcore: registered new interface driver usb_acecad
[   45.659574][    T1] usbcore: registered new interface driver aiptek
[   45.661146][    T1] usbcore: registered new interface driver hanwang
[   45.662663][    T1] usbcore: registered new interface driver kbtab
[   45.664134][    T1] usbcore: registered new interface driver pegasus_notetaker
[   45.665916][    T1] usbcore: registered new interface driver usbtouchscreen
[   45.667569][    T1] usbcore: registered new interface driver sur40
[   45.669064][    T1] usbcore: registered new interface driver ati_remote2
[   45.671689][    T1] cm109: Keymap for Komunikate KIP1000 phone loaded
[   45.673094][    T1] usbcore: registered new interface driver cm109
[   45.674175][    T1] cm109: CM109 phone driver: 20080805 (C) Alfred E. Heggestad
[   45.675675][    T1] usbcore: registered new interface driver ims_pcu
[   45.676959][    T1] usbcore: registered new interface driver keyspan_remote
[   45.678353][    T1] usbcore: registered new interface driver powermate
[   45.680193][    T1] usbcore: registered new interface driver yealink
[   45.681909][    T1] rtc_cmos 00:05: RTC can wake from S4
[   45.687749][    T1] rtc_cmos 00:05: registered as rtc0
[   45.688793][    T1] rtc_cmos 00:05: alarms up to one day, y3k, 242 bytes nvram, hpet irqs
[   45.691718][    T1] i2c_dev: i2c /dev entries driver
[   45.693053][    T1] usbcore: registered new interface driver i2c-diolan-u2c
[   45.694682][    T1] usbcore: registered new interface driver RobotFuzz Open Source InterFace, OSIF
[   45.696503][    T1] usbcore: registered new interface driver i2c-tiny-usb
[   45.698919][    T1] usbcore: registered new interface driver igorplugusb
[   45.703060][    T1] usbcore: registered new interface driver iguanair
[   45.704511][    T1] usbcore: registered new interface driver imon
[   45.705840][    T1] usbcore: registered new interface driver mceusb
[   45.707178][    T1] usbcore: registered new interface driver redrat3
[   45.708491][    T1] usbcore: registered new interface driver streamzap
[   45.709955][    T1] usbcore: registered new interface driver ttusbir
[   45.711289][    T1] usbcore: registered new interface driver ati_remote
[   45.712652][    T1] b2c2-flexcop: B2C2 FlexcopII/II(b)/III digital TV receiver chip loaded successfully
[   45.714646][    T1] usbcore: registered new interface driver b2c2_flexcop_usb
[   45.716181][    T1] usbcore: registered new interface driver dvb_usb_vp7045
[   45.717674][    T1] usbcore: registered new interface driver dvb_usb_vp702x
[   45.719145][    T1] usbcore: registered new interface driver dvb_usb_gp8psk
[   45.720733][    T1] usbcore: registered new interface driver dvb_usb_dtt200u
[   45.722197][    T1] usbcore: registered new interface driver dvb_usb_a800
[   45.723596][    T1] usbcore: registered new interface driver dvb_usb_dibusb_mb
[   45.725033][    T1] usbcore: registered new interface driver dvb_usb_dibusb_mc
[   45.726472][    T1] usbcore: registered new interface driver dvb_usb_nova_t_usb2
[   45.727987][    T1] usbcore: registered new interface driver dvb_usb_umt_010
[   45.729337][    T1] usbcore: registered new interface driver dvb_usb_m920x
[   45.730680][    T1] usbcore: registered new interface driver dvb_usb_digitv
[   45.732201][    T1] usbcore: registered new interface driver dvb_usb_cxusb
[   45.733673][    T1] usbcore: registered new interface driver dvb_usb_ttusb2
[   45.735188][    T1] usbcore: registered new interface driver dvb_usb_dib0700
[   45.736619][    T1] usbcore: registered new interface driver opera1
[   45.737939][    T1] usbcore: registered new interface driver dvb_usb_af9005
[   45.739335][    T1] usbcore: registered new interface driver pctv452e
[   45.740726][    T1] usbcore: registered new interface driver dw2102
[   45.741974][    T1] usbcore: registered new interface driver dvb_usb_dtv5100
[   45.743384][    T1] usbcore: registered new interface driver cinergyT2
[   45.744700][    T1] usbcore: registered new interface driver dvb_usb_az6027
[   45.746051][    T1] usbcore: registered new interface driver dvb_usb_technisat_usb2
[   45.747642][    T1] usbcore: registered new interface driver dvb_usb_af9015
[   45.748990][    T1] usbcore: registered new interface driver dvb_usb_af9035
[   45.750506][    T1] usbcore: registered new interface driver dvb_usb_anysee
[   45.751850][    T1] usbcore: registered new interface driver dvb_usb_au6610
[   45.753188][    T1] usbcore: registered new interface driver dvb_usb_az6007
[   45.754553][    T1] usbcore: registered new interface driver dvb_usb_ce6230
[   45.755952][    T1] usbcore: registered new interface driver dvb_usb_ec168
[   45.757358][    T1] usbcore: registered new interface driver dvb_usb_lmedm04
[   45.758785][    T1] usbcore: registered new interface driver dvb_usb_gl861
[   45.760253][    T1] usbcore: registered new interface driver dvb_usb_mxl111sf
[   45.761743][    T1] usbcore: registered new interface driver dvb_usb_rtl28xxu
[   45.763255][    T1] usbcore: registered new interface driver dvb_usb_dvbsky
[   45.764723][    T1] usbcore: registered new interface driver zd1301
[   45.766094][    T1] usbcore: registered new interface driver s2255
[   45.767461][    T1] usbcore: registered new interface driver smsusb
[   45.768779][    T1] usbcore: registered new interface driver ttusb
[   45.770177][    T1] usbcore: registered new interface driver ttusb-dec
[   45.771581][    T1] usbcore: registered new interface driver Abilis Systems as10x usb driver
[   45.773183][    T1] usbcore: registered new interface driver airspy
[   45.774256][    T1] gspca_main: v2.14.0 registered
[   45.775313][    T1] usbcore: registered new interface driver benq
[   45.776567][    T1] usbcore: registered new interface driver conex
[   45.777828][    T1] usbcore: registered new interface driver cpia1
[   45.779066][    T1] usbcore: registered new interface driver dtcs033
[   45.780450][    T1] usbcore: registered new interface driver etoms
[   45.781764][    T1] usbcore: registered new interface driver finepix
[   45.783048][    T1] usbcore: registered new interface driver jeilinj
[   45.784351][    T1] usbcore: registered new interface driver jl2005bcd
[   45.785650][    T1] usbcore: registered new interface driver kinect
[   45.786948][    T1] usbcore: registered new interface driver konica
[   45.788270][    T1] usbcore: registered new interface driver mars
[   45.789531][    T1] usbcore: registered new interface driver mr97310a
[   45.790928][    T1] usbcore: registered new interface driver nw80x
[   45.792245][    T1] usbcore: registered new interface driver ov519
[   45.793496][    T1] usbcore: registered new interface driver ov534
[   45.794787][    T1] usbcore: registered new interface driver ov534_9
[   45.796227][    T1] usbcore: registered new interface driver pac207
[   45.797619][    T1] usbcore: registered new interface driver gspca_pac7302
[   45.799047][    T1] usbcore: registered new interface driver pac7311
[   45.800461][    T1] usbcore: registered new interface driver se401
[   45.801786][    T1] usbcore: registered new interface driver sn9c2028
[   45.803211][    T1] usbcore: registered new interface driver gspca_sn9c20x
[   45.804617][    T1] usbcore: registered new interface driver sonixb
[   45.805984][    T1] usbcore: registered new interface driver sonixj
[   45.807285][    T1] usbcore: registered new interface driver spca500
[   45.808590][    T1] usbcore: registered new interface driver spca501
[   45.809970][    T1] usbcore: registered new interface driver spca505
[   45.811617][    T1] usbcore: registered new interface driver spca506
[   45.812932][    T1] usbcore: registered new interface driver spca508
[   45.814266][    T1] usbcore: registered new interface driver spca561
[   45.815680][    T1] usbcore: registered new interface driver spca1528
[   45.816989][    T1] usbcore: registered new interface driver sq905
[   45.818323][    T1] usbcore: registered new interface driver sq905c
[   45.819729][    T1] usbcore: registered new interface driver sq930x
[   45.821144][    T1] usbcore: registered new interface driver sunplus
[   45.822449][    T1] usbcore: registered new interface driver stk014
[   45.823788][    T1] usbcore: registered new interface driver stk1135
[   45.825120][    T1] usbcore: registered new interface driver stv0680
[   45.826426][    T1] usbcore: registered new interface driver t613
[   45.827689][    T1] usbcore: registered new interface driver gspca_topro
[   45.829112][    T1] usbcore: registered new interface driver touptek
[   45.831230][    T1] usbcore: registered new interface driver tv8532
[   45.832582][    T1] usbcore: registered new interface driver vc032x
[   45.833860][    T1] usbcore: registered new interface driver vicam
[   45.835561][    T1] usbcore: registered new interface driver xirlink-cit
[   45.837043][    T1] usbcore: registered new interface driver gspca_zc3xx
[   45.838463][    T1] usbcore: registered new interface driver ALi m5602
[   45.840539][    T1] usbcore: registered new interface driver STV06xx
[   45.841882][    T1] usbcore: registered new interface driver gspca_gl860
[   45.843277][    T1] usbcore: registered new interface driver hackrf
[   45.844575][    T1] usbcore: registered new interface driver msi2500
[   45.845930][    T1] usbcore: registered new interface driver Philips webcam
[   45.847587][    T1] usbcore: registered new interface driver uvcvideo
[   45.848701][    T1] au0828: au0828 driver loaded
[   45.849836][    T1] usbcore: registered new interface driver au0828
[   45.851202][    T1] usbcore: registered new interface driver cx231xx
[   45.852810][    T1] usbcore: registered new interface driver em28xx
[   45.853980][    T1] em28xx: Registered (Em28xx v4l2 Extension) extension
[   45.855155][    T1] em28xx: Registered (Em28xx Audio Extension) extension
[   45.856334][    T1] em28xx: Registered (Em28xx dvb Extension) extension
[   45.857501][    T1] em28xx: Registered (Em28xx Input Extension) extension
[   45.858967][    T1] usbcore: registered new interface driver go7007
[   45.861401][    T1] usbcore: registered new interface driver go7007-loader
[   45.862897][    T1] usbcore: registered new interface driver hdpvr
[   45.865839][    T1] usbcore: registered new interface driver pvrusb2
[   45.866971][    T1] pvrusb2: V4L in-tree version:Hauppauge WinTV-PVR-USB2 MPEG2 Encoder/Tuner
[   45.868429][    T1] pvrusb2: Debug mask is 31 (0x1f)
[   45.869719][    T1] usbcore: registered new interface driver stk1160
[   45.871073][    T1] usbcore: registered new interface driver usbtv
[   45.874559][    T1] dvbdev: DVB: registering new adapter (dvb_vidtv_bridge)
[   45.878365][    T1] i2c i2c-0: DVB: registering adapter 0 frontend 0 (Dummy demod for DVB-T/T2/C/S/S2)...
[   45.880679][    T1] dvbdev: dvb_create_media_entity: media entity 'Dummy demod for DVB-T/T2/C/S/S2' registered.
[   45.887262][    T1] dvbdev: dvb_create_media_entity: media entity 'dvb-demux' registered.
[   45.893029][    T1] vidtv vidtv.0: Successfully initialized vidtv!
[   45.895253][    T1] vicodec vicodec.0: Device 'stateful-encoder' registered as /dev/video0
[   45.897161][    T1] vicodec vicodec.0: Device 'stateful-decoder' registered as /dev/video1
[   45.899127][    T1] vicodec vicodec.0: Device 'stateless-decoder' registered as /dev/video2
[   45.901893][    T1] vim2m vim2m.0: Device registered as /dev/video0
[   45.914848][    T1] vivid-000: using single planar format API
[   45.926430][    T1] vivid-000: CEC adapter cec0 registered for HDMI input 0
[   45.928275][    T1] vivid-000: V4L2 capture device registered as video7
[   45.930042][    T1] vivid-000: CEC adapter cec1 registered for HDMI output 0
[   45.931760][    T1] vivid-000: V4L2 output device registered as video8
[   45.933303][    T1] vivid-000: V4L2 capture device registered as vbi0, supports raw and sliced VBI
[   45.935265][    T1] vivid-000: V4L2 output device registered as vbi1, supports raw and sliced VBI
[   45.937243][    T1] vivid-000: V4L2 capture device registered as swradio0
[   45.938806][    T1] vivid-000: V4L2 receiver device registered as radio0
[   45.940572][    T1] vivid-000: V4L2 transmitter device registered as radio1
[   45.942246][    T1] vivid-000: V4L2 metadata capture device registered as video9
[   45.944003][    T1] vivid-000: V4L2 metadata output device registered as video10
[   45.945699][    T1] vivid-000: V4L2 touch capture device registered as v4l-touch0
[   45.947799][    T1] usbcore: registered new interface driver radioshark2
[   45.949186][    T1] usbcore: registered new interface driver radioshark
[   45.950747][    T1] usbcore: registered new interface driver radio-si470x
[   45.952287][    T1] usbcore: registered new interface driver radio-usb-si4713
[   45.953744][    T1] usbcore: registered new interface driver dsbr100
[   45.955037][    T1] usbcore: registered new interface driver radio-keene
[   45.956418][    T1] usbcore: registered new interface driver radio-ma901
[   45.957775][    T1] usbcore: registered new interface driver radio-mr800
[   45.959187][    T1] usbcore: registered new interface driver radio-raremono
[   45.961563][    T1] usbcore: registered new interface driver pcwd_usb
[   45.964236][    T1] device-mapper: core: CONFIG_IMA_DISABLE_HTABLE is disabled. Duplicate IMA measurements will not be recorded in the IMA log.
[   45.966502][    T1] device-mapper: uevent: version 1.0.3
[   45.968207][    T1] device-mapper: ioctl: 4.47.0-ioctl (2022-07-28) initialised: dm-devel@redhat.com
[   45.971390][    T1] device-mapper: multipath round-robin: version 1.2.0 loaded
[   45.972649][    T1] device-mapper: multipath queue-length: version 0.2.0 loaded
[   45.973873][    T1] device-mapper: multipath service-time: version 0.3.0 loaded
[   45.975356][    T1] device-mapper: raid: Loading target version 1.15.1
[   45.977016][    T1] Bluetooth: HCI UART driver ver 2.3
[   45.977954][    T1] Bluetooth: HCI UART protocol H4 registered
[   45.979017][    T1] Bluetooth: HCI UART protocol BCSP registered
[   45.980266][    T1] Bluetooth: HCI UART protocol LL registered
[   45.981381][    T1] Bluetooth: HCI UART protocol Three-wire (H5) registered
[   45.982647][    T1] Bluetooth: HCI UART protocol QCA registered
[   45.983772][    T1] Bluetooth: HCI UART protocol AG6XX registered
[   45.984971][    T1] Bluetooth: HCI UART protocol Marvell registered
[   45.986308][    T1] usbcore: registered new interface driver bcm203x
[   45.987616][    T1] usbcore: registered new interface driver bpa10x
[   45.988950][    T1] usbcore: registered new interface driver bfusb
[   45.990468][    T1] usbcore: registered new interface driver btusb
[   45.991904][    T1] usbcore: registered new interface driver ath3k
[   45.993675][    T1] CAPI 2.0 started up with major 68 (middleware)
[   45.994791][    T1] Modular ISDN core version 1.1.29
[   45.996273][    T1] NET: Registered PF_ISDN protocol family
[   45.997275][    T1] DSP module 2.0
[   45.997891][    T1] mISDN_dsp: DSP clocks every 80 samples. This equals 1 jiffies.
[   46.011450][    T1] mISDN: Layer-1-over-IP driver Rev. 2.00
[   46.013312][    T1] 0 virtual devices registered
[   46.014454][    T1] usbcore: registered new interface driver HFC-S_USB
[   46.015659][    T1] VUB300 Driver rom wait states = 1C irqpoll timeout = 0400
[   46.016823][    T1] usbcore: registered new interface driver vub300
[   46.019457][    T1] usbcore: registered new interface driver ushc
[   46.023989][    T1] iscsi: registered transport (iser)
[   46.025508][    T1] SoftiWARP attached
[   46.033301][    T1] hid: raw HID events driver (C) Jiri Kosina
[   46.048982][    T1] usbcore: registered new interface driver usbhid
[   46.051992][    T1] usbhid: USB HID core driver
[   46.069970][    T1] usbcore: registered new interface driver es2_ap_driver
[   46.071268][    T1] comedi: version 0.7.76 - http://www.comedi.org
[   46.072795][    T1] usbcore: registered new interface driver dt9812
[   46.074772][    T1] usbcore: registered new interface driver ni6501
[   46.076326][    T1] usbcore: registered new interface driver usbdux
[   46.077868][    T1] usbcore: registered new interface driver usbduxfast
[   46.079486][    T1] usbcore: registered new interface driver usbduxsigma
[   46.082328][    T1] usbcore: registered new interface driver vmk80xx
[   46.083840][    T1] usbcore: registered new interface driver prism2_usb
[   46.085489][    T1] usbcore: registered new interface driver r8712u
[   46.086573][    T1] greybus: registered new driver hid
[   46.087682][    T1] greybus: registered new driver gbphy
[   46.088753][    T1] gb_gbphy: registered new driver usb
[   46.092949][    T1] asus_wmi: ASUS WMI generic driver loaded
[   46.150767][    T1] usbcore: registered new interface driver snd-usb-audio
[   46.155870][    T1] usbcore: registered new interface driver snd-ua101
[   46.160694][    T1] usbcore: registered new interface driver snd-usb-usx2y
[   46.165702][    T1] usbcore: registered new interface driver snd-usb-us122l
[   46.170730][    T1] usbcore: registered new interface driver snd-usb-caiaq
[   46.175640][    T1] usbcore: registered new interface driver snd-usb-6fire
[   46.180645][    T1] usbcore: registered new interface driver snd-usb-hiface
[   46.185678][    T1] usbcore: registered new interface driver snd-bcd2000
[   46.191558][    T1] usbcore: registered new interface driver snd_usb_pod
[   46.196494][    T1] usbcore: registered new interface driver snd_usb_podhd
[   46.201514][    T1] usbcore: registered new interface driver snd_usb_toneport
[   46.206627][    T1] usbcore: registered new interface driver snd_usb_variax
[   46.211611][    T1] drop_monitor: Initializing network drop monitor service
[   46.213150][    T1] NET: Registered PF_LLC protocol family
[   46.214327][    T1] GACT probability on
[   46.215071][    T1] Mirror/redirect action on
[   46.216073][    T1] Simple TC action Loaded
[   46.219447][    T1] netem: version 1.3
[   46.222142][    T1] u32 classifier
[   46.224361][    T1]     Performance counters on
[   46.227317][    T1]     input device check on
[   46.230256][    T1]     Actions configured
[   46.236859][    T1] xt_time: kernel timezone is -0000
[   46.240427][    T1] IPVS: Registered protocols (TCP, UDP, SCTP, AH, ESP)
[   46.244900][    T1] IPVS: Connection hash table configured (size=4096, memory=32Kbytes)
[   46.250841][    T1] IPVS: ipvs loaded.
[   46.253365][    T1] IPVS: [rr] scheduler registered.
[   46.256581][    T1] IPVS: [wrr] scheduler registered.
[   46.259891][    T1] IPVS: [lc] scheduler registered.
[   46.263079][    T1] IPVS: [wlc] scheduler registered.
[   46.266374][    T1] IPVS: [fo] scheduler registered.
[   46.269719][    T1] IPVS: [ovf] scheduler registered.
[   46.273051][    T1] IPVS: [lblc] scheduler registered.
[   46.276419][    T1] IPVS: [lblcr] scheduler registered.
[   46.279923][    T1] IPVS: [dh] scheduler registered.
[   46.283117][    T1] IPVS: [sh] scheduler registered.
[   46.286311][    T1] IPVS: [mh] scheduler registered.
[   46.292027][ T1109] input: ImExPS/2 Generic Explorer Mouse as /devices/platform/i8042/serio1/input/input3
[   46.292625][    T1] IPVS: [sed] scheduler registered.
[   46.300539][    T1] IPVS: [nq] scheduler registered.
[   46.303822][    T1] IPVS: [twos] scheduler registered.
[   46.307359][    T1] IPVS: [sip] pe registered.
[   46.310571][    T1] ipip: IPv4 and MPLS over IPv4 tunneling driver
[   46.316741][    T1] gre: GRE over IPv4 demultiplexor driver
[   46.320959][    T1] ip_gre: GRE over IPv4 tunneling driver
[   46.329090][    T1] IPv4 over IPsec tunneling driver
[   46.334422][    T1] ipt_CLUSTERIP: ClusterIP Version 0.8 loaded successfully
[   46.340448][    T1] Initializing XFRM netlink socket
[   46.341522][    T1] IPsec XFRM device driver
[   46.342632][    T1] NET: Registered PF_INET6 protocol family
[   46.357153][    T1] Segment Routing with IPv6
[   46.358539][    T1] RPL Segment Routing with IPv6
[   46.359315][    T1] In-situ OAM (IOAM) with IPv6
[   46.360515][    T1] mip6: Mobile IPv6
[   46.362643][    T1] sit: IPv6, IPv4 and MPLS over IPv4 tunneling driver
[   46.366033][    T1] ip6_gre: GRE over IPv6 tunneling driver
[   46.368468][    T1] NET: Registered PF_PACKET protocol family
[   46.369490][    T1] NET: Registered PF_KEY protocol family
[   46.370998][    T1] Bridge firewalling registered
[   46.372439][    T1] NET: Registered PF_X25 protocol family
[   46.374799][    T1] X25: Linux Version 0.2
[   46.382938][    T1] NET: Registered PF_NETROM protocol family
[   46.401191][    T1] NET: Registered PF_ROSE protocol family
[   46.405188][    T1] NET: Registered PF_AX25 protocol family
[   46.408814][    T1] can: controller area network core
[   46.413384][    T1] NET: Registered PF_CAN protocol family
[   46.416868][    T1] can: raw protocol
[   46.419309][    T1] can: broadcast manager protocol
[   46.423339][    T1] can: netlink gateway - max_hops=1
[   46.426715][    T1] can: SAE J1939
[   46.428955][    T1] can: isotp protocol
[   46.430328][    T1] Bluetooth: RFCOMM TTY layer initialized
[   46.431332][    T1] Bluetooth: RFCOMM socket layer initialized
[   46.432408][    T1] Bluetooth: RFCOMM ver 1.11
[   46.433187][    T1] Bluetooth: BNEP (Ethernet Emulation) ver 1.3
[   46.434212][    T1] Bluetooth: BNEP filters: protocol multicast
[   46.435235][    T1] Bluetooth: BNEP socket layer initialized
[   46.436193][    T1] Bluetooth: CMTP (CAPI Emulation) ver 1.0
[   46.437157][    T1] Bluetooth: CMTP socket layer initialized
[   46.438168][    T1] Bluetooth: HIDP (Human Interface Emulation) ver 1.2
[   46.439353][    T1] Bluetooth: HIDP socket layer initialized
[   46.443034][    T1] NET: Registered PF_RXRPC protocol family
[   46.444044][    T1] Key type rxrpc registered
[   46.444765][    T1] Key type rxrpc_s registered
[   46.446121][    T1] NET: Registered PF_KCM protocol family
[   46.447714][    T1] lec:lane_module_init: lec.c: initialized
[   46.448706][    T1] mpoa:atm_mpoa_init: mpc.c: initialized
[   46.449849][    T1] l2tp_core: L2TP core driver, V2.0
[   46.450714][    T1] l2tp_ppp: PPPoL2TP kernel driver, V2.0
[   46.451654][    T1] l2tp_ip: L2TP IP encapsulation support (L2TPv3)
[   46.452763][    T1] l2tp_netlink: L2TP netlink interface
[   46.453754][    T1] l2tp_eth: L2TP ethernet pseudowire support (L2TPv3)
[   46.454842][    T1] l2tp_ip6: L2TP IP encapsulation support for IPv6 (L2TPv3)
