bash: warning: setlocale: LC_ALL: cannot change locale (en_US.UTF-8)
c[?7l[2J[0mSeaBIOS (version 1.16.2-debian-1.16.2-1)
Booting from ROM..c[?7l[2J[0m.early console in extract_kernel
input_data: 0x000000000ed83298
input_len: 0x0000000005c636f3
output: 0x0000000001000000
output_len: 0x0000000011d26bc0
kernel_total_size: 0x0000000013a26000
needed_size: 0x0000000013c00000
trampoline_32bit: 0x0000000000000000

Decompressing Linux... Parsing ELF... done.
Booting the kernel (entry_offset: 0x000000000000007a).
[    0.000000][    T0] Linux version 6.9.0-rc6-00175-ga5c3e265d3b6-dirty (root@buildkitsandbox) (gcc (Debian 12.2.0-14+deb12u1) 12.2.0, GNU ld (GNU Binutils for Debian) 2.40) #1 SMP PREEMPT_DYNAMIC Tue May 26 05:27:24 UTC 2026
[    0.000000][    T0] Command line: console=ttyS0 oops=panic panic=86400 nokaslr earlyprintk=serial rdinit=/init
[    0.000000][    T0] KERNEL supported cpus:
[    0.000000][    T0]   Intel GenuineIntel
[    0.000000][    T0]   AMD AuthenticAMD
[    0.000000][    T0] BIOS-provided physical RAM map:
[    0.000000][    T0] BIOS-e820: [mem 0x0000000000000000-0x000000000009fbff] usable
[    0.000000][    T0] BIOS-e820: [mem 0x000000000009fc00-0x000000000009ffff] reserved
[    0.000000][    T0] BIOS-e820: [mem 0x00000000000f0000-0x00000000000fffff] reserved
[    0.000000][    T0] BIOS-e820: [mem 0x0000000000100000-0x000000007ffdffff] usable
[    0.000000][    T0] BIOS-e820: [mem 0x000000007ffe0000-0x000000007fffffff] reserved
[    0.000000][    T0] BIOS-e820: [mem 0x00000000feffc000-0x00000000feffffff] reserved
[    0.000000][    T0] BIOS-e820: [mem 0x00000000fffc0000-0x00000000ffffffff] reserved
[    0.000000][    T0] BIOS-e820: [mem 0x000000fd00000000-0x000000ffffffffff] reserved
[    0.000000][    T0] printk: legacy bootconsole [earlyser0] enabled
[    0.000000][    T0] NX (Execute Disable) protection: active
[    0.000000][    T0] APIC: Static calls initialized
[    0.000000][    T0] SMBIOS 2.8 present.
[    0.000000][    T0] DMI: QEMU Standard PC (i440FX + PIIX, 1996), BIOS 1.16.2-debian-1.16.2-1 04/01/2014
[    0.000000][    T0] Hypervisor detected: KVM
[    0.000000][    T0] kvm-clock: Using msrs 4b564d01 and 4b564d00
[    0.000002][    T0] kvm-clock: using sched offset of 1085022741 cycles
[    0.000679][    T0] clocksource: kvm-clock: mask: 0xffffffffffffffff max_cycles: 0x1cd42e4dffb, max_idle_ns: 881590591483 ns
[    0.002688][    T0] tsc: Detected 3493.436 MHz processor
[    0.011484][    T0] last_pfn = 0x7ffe0 max_arch_pfn = 0x400000000
[    0.012216][    T0] MTRR map: 4 entries (3 fixed + 1 variable; max 19), built from 8 variable MTRRs
[    0.013249][    T0] x86/PAT: Configuration [0-7]: WB  WC  UC- UC  WB  WP  UC- WT  
[    0.017707][    T0] found SMP MP-table at [mem 0x000f5ba0-0x000f5baf]
[    0.018610][    T0] Using GB pages for direct mapping
[    0.021212][    T0] RAMDISK: [mem 0x7fe6e000-0x7ffdffff]
[    0.021837][    T0] ACPI: Early table checksum verification disabled
[    0.022575][    T0] ACPI: RSDP 0x00000000000F59D0 000014 (v00 BOCHS )
[    0.023335][    T0] ACPI: RSDT 0x000000007FFE1B33 000034 (v01 BOCHS  BXPC     00000001 BXPC 00000001)
[    0.024408][    T0] ACPI: FACP 0x000000007FFE19DF 000074 (v01 BOCHS  BXPC     00000001 BXPC 00000001)
[    0.025483][    T0] ACPI: DSDT 0x000000007FFE0040 00199F (v01 BOCHS  BXPC     00000001 BXPC 00000001)
[    0.026553][    T0] ACPI: FACS 0x000000007FFE0000 000040
[    0.027184][    T0] ACPI: APIC 0x000000007FFE1A53 000080 (v01 BOCHS  BXPC     00000001 BXPC 00000001)
[    0.028254][    T0] ACPI: HPET 0x000000007FFE1AD3 000038 (v01 BOCHS  BXPC     00000001 BXPC 00000001)
[    0.029316][    T0] ACPI: WAET 0x000000007FFE1B0B 000028 (v01 BOCHS  BXPC     00000001 BXPC 00000001)
[    0.030396][    T0] ACPI: Reserving FACP table memory at [mem 0x7ffe19df-0x7ffe1a52]
[    0.031299][    T0] ACPI: Reserving DSDT table memory at [mem 0x7ffe0040-0x7ffe19de]
[    0.032186][    T0] ACPI: Reserving FACS table memory at [mem 0x7ffe0000-0x7ffe003f]
[    0.033072][    T0] ACPI: Reserving APIC table memory at [mem 0x7ffe1a53-0x7ffe1ad2]
[    0.033961][    T0] ACPI: Reserving HPET table memory at [mem 0x7ffe1ad3-0x7ffe1b0a]
[    0.034847][    T0] ACPI: Reserving WAET table memory at [mem 0x7ffe1b0b-0x7ffe1b32]
[    0.036534][    T0] No NUMA configuration found
[    0.037059][    T0] Faking a node at [mem 0x0000000000000000-0x000000007ffdffff]
[    0.037912][    T0] NODE_DATA(0) allocated [mem 0x7fe67e00-0x7fe6ddff]
[    0.042204][    T0] Zone ranges:
[    0.042613][    T0]   DMA      [mem 0x0000000000001000-0x0000000000ffffff]
[    0.043418][    T0]   DMA32    [mem 0x0000000001000000-0x000000007ffdffff]
[    0.044215][    T0]   Normal   empty
[    0.044630][    T0]   Device   empty
[    0.045045][    T0] Movable zone start for each node
[    0.045614][    T0] Early memory node ranges
[    0.046103][    T0]   node   0: [mem 0x0000000000001000-0x000000000009efff]
[    0.046940][    T0]   node   0: [mem 0x0000000000100000-0x000000007ffdffff]
[    0.047763][    T0] Initmem setup node 0 [mem 0x0000000000001000-0x000000007ffdffff]
[    0.048665][    T0] On node 0, zone DMA: 1 pages in unavailable ranges
[    0.049608][    T0] On node 0, zone DMA: 97 pages in unavailable ranges
[    0.074177][    T0] On node 0, zone DMA32: 32 pages in unavailable ranges
[    0.110203][    T0] kasan: KernelAddressSanitizer initialized
[    0.111177][    T0] ACPI: PM-Timer IO Port: 0x608
[    0.111739][    T0] ACPI: LAPIC_NMI (acpi_id[0xff] dfl dfl lint[0x1])
[    0.112521][    T0] IOAPIC[0]: apic_id 0, version 17, address 0xfec00000, GSI 0-23
[    0.113401][    T0] ACPI: INT_SRC_OVR (bus 0 bus_irq 0 global_irq 2 dfl dfl)
[    0.114219][    T0] ACPI: INT_SRC_OVR (bus 0 bus_irq 5 global_irq 5 high level)
[    0.115058][    T0] ACPI: INT_SRC_OVR (bus 0 bus_irq 9 global_irq 9 high level)
[    0.115919][    T0] ACPI: INT_SRC_OVR (bus 0 bus_irq 10 global_irq 10 high level)
[    0.116780][    T0] ACPI: INT_SRC_OVR (bus 0 bus_irq 11 global_irq 11 high level)
[    0.117651][    T0] ACPI: Using ACPI (MADT) for SMP configuration information
[    0.118470][    T0] ACPI: HPET id: 0x8086a201 base: 0xfed00000
[    0.119151][    T0] TSC deadline timer available
[    0.119691][    T0] CPU topo: Max. logical packages:   1
[    0.120300][    T0] CPU topo: Max. logical dies:       1
[    0.120907][    T0] CPU topo: Max. dies per package:   1
[    0.121528][    T0] CPU topo: Max. threads per core:   1
[    0.122131][    T0] CPU topo: Num. cores per package:     2
[    0.122776][    T0] CPU topo: Num. threads per package:   2
[    0.123420][    T0] CPU topo: Allowing 2 present CPUs plus 0 hotplug CPUs
[    0.124240][    T0] kvm-guest: APIC: eoi() replaced with kvm_guest_apic_eoi_write()
[    0.125142][    T0] kvm-guest: KVM setup pv remote TLB flush
[    0.125794][    T0] kvm-guest: setup PV sched yield
[    0.126387][    T0] PM: hibernation: Registered nosave memory: [mem 0x00000000-0x00000fff]
[    0.127341][    T0] PM: hibernation: Registered nosave memory: [mem 0x0009f000-0x0009ffff]
[    0.128286][    T0] PM: hibernation: Registered nosave memory: [mem 0x000a0000-0x000effff]
[    0.129229][    T0] PM: hibernation: Registered nosave memory: [mem 0x000f0000-0x000fffff]
[    0.130176][    T0] [mem 0x80000000-0xfeffbfff] available for PCI devices
[    0.130953][    T0] Booting paravirtualized kernel on KVM
[    0.131580][    T0] clocksource: refined-jiffies: mask: 0xffffffff max_cycles: 0xffffffff, max_idle_ns: 19112604462750000 ns
[    0.320480][    T0] setup_percpu: NR_CPUS:8 nr_cpumask_bits:2 nr_cpu_ids:2 nr_node_ids:1
[    0.321722][    T0] percpu: Embedded 74 pages/cpu s264200 r8192 d30712 u1048576
[    0.322721][    T0] kvm-guest: PV spinlocks enabled
[    0.323319][    T0] PV qspinlock hash table entries: 256 (order: 0, 4096 bytes, linear)
[    0.324286][    T0] Kernel command line: console=ttyS0 oops=panic panic=86400 nokaslr earlyprintk=serial rdinit=/init
[    0.325979][    T0] random: crng init done
[    0.326711][    T0] Dentry cache hash table entries: 262144 (order: 9, 2097152 bytes, linear)
[    0.327857][    T0] Inode-cache hash table entries: 131072 (order: 8, 1048576 bytes, linear)
[    0.329040][    T0] Fallback order for Node 0: 0 
[    0.329052][    T0] Built 1 zonelists, mobility grouping on.  Total pages: 515808
[    0.330504][    T0] Policy zone: DMA32
[    0.331208][    T0] mem auto-init: stack:all(zero), heap alloc:on, heap free:off
[    0.332089][    T0] stackdepot: allocating hash table via alloc_large_system_hash
[    0.332978][    T0] stackdepot hash table entries: 1048576 (order: 12, 16777216 bytes, linear)
[    0.483700][    T0] Memory: 1414952K/2096632K available (163840K kernel code, 38743K rwdata, 36492K rodata, 25664K init, 33640K bss, 681424K reserved, 0K cma-reserved)
[    0.486947][    T0] SLUB: HWalign=64, Order=0-3, MinObjects=0, CPUs=2, Nodes=1
[    0.494805][    T0] allocated 4194304 bytes of page_ext
[    0.496307][    T0] Dynamic Preempt: full
[    0.497777][    T0] Running RCU self tests
[    0.498351][    T0] Running RCU synchronous self tests
[    0.499095][    T0] rcu: Preemptible hierarchical RCU implementation.
[    0.499990][    T0] rcu: 	RCU lockdep checking is enabled.
[    0.500710][    T0] rcu: 	RCU restricting CPUs from NR_CPUS=8 to nr_cpu_ids=2.
[    0.501657][    T0] rcu: 	RCU callback double-/use-after-free debug is enabled.
[    0.502660][    T0] rcu: 	RCU debug extended QS entry/exit.
[    0.503430][    T0] 	Trampoline variant of Tasks RCU enabled.
[    0.504153][    T0] 	Tracing variant of Tasks RCU enabled.
[    0.504860][    T0] rcu: RCU calculated value of scheduler-enlistment delay is 10 jiffies.
[    0.505985][    T0] rcu: Adjusting geometry for rcu_fanout_leaf=16, nr_cpu_ids=2
[    0.507029][    T0] Running RCU synchronous self tests
[    0.507745][    T0] RCU Tasks: Setting shift to 1 and lim to 1 rcu_task_cb_adjust=1.
[    0.508734][    T0] RCU Tasks Trace: Setting shift to 1 and lim to 1 rcu_task_cb_adjust=1.
[    0.630952][    T0] NR_IRQS: 4352, nr_irqs: 440, preallocated irqs: 16
[    0.632724][    T0] rcu: srcu_init: Setting srcu_struct sizes based on contention.
[    0.633940][    T0] kfence: initialized - using 2097152 bytes for 255 objects at 0x(____ptrval____)-0x(____ptrval____)
[    0.643530][    T0] Console: colour VGA+ 80x25
[    0.644178][    T0] printk: legacy console [ttyS0] enabled
[    0.644178][    T0] printk: legacy console [ttyS0] enabled
[    0.645517][    T0] printk: legacy bootconsole [earlyser0] disabled
[    0.645517][    T0] printk: legacy bootconsole [earlyser0] disabled
[    0.647098][    T0] Lock dependency validator: Copyright (c) 2006 Red Hat, Inc., Ingo Molnar
[    0.648130][    T0] ... MAX_LOCKDEP_SUBCLASSES:  8
[    0.648708][    T0] ... MAX_LOCK_DEPTH:          48
[    0.649306][    T0] ... MAX_LOCKDEP_KEYS:        8192
[    0.649925][    T0] ... CLASSHASH_SIZE:          4096
[    0.650545][    T0] ... MAX_LOCKDEP_ENTRIES:     131072
[    0.651214][    T0] ... MAX_LOCKDEP_CHAINS:      262144
[    0.651866][    T0] ... CHAINHASH_SIZE:          131072
[    0.652505][    T0]  memory used by lock dependency info: 20721 kB
[    0.653253][    T0]  memory used for stack traces: 8320 kB
[    0.653918][    T0]  per task-struct memory footprint: 1920 bytes
[    0.654783][    T0] ACPI: Core revision 20230628
[    0.656191][    T0] clocksource: hpet: mask: 0xffffffff max_cycles: 0xffffffff, max_idle_ns: 19112604467 ns
[    0.657790][    T0] APIC: Switch to symmetric I/O mode setup
[    0.658677][    T0] x2apic enabled
[    0.659641][    T0] APIC: Switched APIC routing to: physical x2apic
[    0.660415][    T0] kvm-guest: APIC: send_IPI_mask() replaced with kvm_send_ipi_mask()
[    0.661386][    T0] kvm-guest: APIC: send_IPI_mask_allbutself() replaced with kvm_send_ipi_mask_allbutself()
[    0.662579][    T0] kvm-guest: setup PV IPIs
[    0.665006][    T0] ..TIMER: vector=0x30 apic1=0 pin1=2 apic2=-1 pin2=-1
[    0.665836][    T0] tsc: Marking TSC unstable due to TSCs unsynchronized
[    0.666660][    T0] Calibrating delay loop (skipped) preset value.. 6986.87 BogoMIPS (lpj=34934360)
[    0.676809][    T0] x86/cpu: User Mode Instruction Prevention (UMIP) activated
[    0.677817][    T0] Last level iTLB entries: 4KB 512, 2MB 255, 4MB 127
[    0.678595][    T0] Last level dTLB entries: 4KB 512, 2MB 255, 4MB 127, 1GB 0
[    0.679462][    T0] Spectre V1 : Mitigation: usercopy/swapgs barriers and __user pointer sanitization
[    0.680569][    T0] Spectre V2 : Mitigation: Retpolines
[    0.681193][    T0] Spectre V2 : Spectre v2 / SpectreRSB mitigation: Filling RSB on context switch
[    0.682249][    T0] Spectre V2 : Spectre v2 / SpectreRSB : Filling RSB on VMEXIT
[    0.683116][    T0] Spectre V2 : Enabling Speculation Barrier for firmware calls
[    0.683995][    T0] RETBleed: Mitigation: untrained return thunk
[    0.684709][    T0] Spectre V2 : mitigation: Enabling conditional Indirect Branch Prediction Barrier
[    0.685792][    T0] Speculative Store Bypass: Mitigation: Speculative Store Bypass disabled via prctl
[    0.686642][    T0] Speculative Return Stack Overflow: IBPB-extending microcode not applied!
[    0.687637][    T0] Speculative Return Stack Overflow: WARNING: See https://kernel.org/doc/html/latest/admin-guide/hw-vuln/srso.html for mitigation options.
[    0.687644][    T0] Speculative Return Stack Overflow: Vulnerable: Safe RET, no microcode
[    0.690327][    T0] x86/fpu: Supporting XSAVE feature 0x001: 'x87 floating point registers'
[    0.691312][    T0] x86/fpu: Supporting XSAVE feature 0x002: 'SSE registers'
[    0.692152][    T0] x86/fpu: Supporting XSAVE feature 0x004: 'AVX registers'
[    0.692987][    T0] x86/fpu: xstate_offset[2]:  576, xstate_sizes[2]:  256
[    0.693813][    T0] x86/fpu: Enabled xstate features 0x7, context size is 832 bytes, using 'compacted' format.
[    0.980331][    T0] Freeing SMP alternatives memory: 120K
[    0.981038][    T0] pid_max: default: 32768 minimum: 301
[    0.982552][    T0] LSM: initializing lsm=lockdown,capability,landlock,yama,safesetid,tomoyo,smack,bpf,ima,evm
[    0.984144][    T0] landlock: Up and running.
[    0.984692][    T0] Yama: becoming mindful.
[    0.985540][    T0] TOMOYO Linux initialized
[    0.986353][    T0] Smack:  Initializing.
[    0.986649][    T0] Smack:  Netfilter enabled.
[    0.987205][    T0] Smack:  IPv6 Netfilter enabled.
[    0.987888][    T0] LSM support for eBPF active
[    0.989715][    T0] Mount-cache hash table entries: 4096 (order: 3, 32768 bytes, linear)
[    0.990719][    T0] Mountpoint-cache hash table entries: 4096 (order: 3, 32768 bytes, linear)
[    1.004528][    T0] Running RCU synchronous self tests
[    1.005169][    T0] Running RCU synchronous self tests
[    1.007872][    T1] smpboot: CPU0: AMD Ryzen Threadripper PRO 3975WX 32-Cores (family: 0x17, model: 0x31, stepping: 0x0)
[    1.029719][    T1] Running RCU Tasks wait API self tests
[    1.030964][    T1] Running RCU Tasks Trace wait API self tests
[    1.031923][    T1] Performance Events: Fam17h+ core perfctr, AMD PMU driver.
[    1.033014][    T1] ... version:                0
[    1.033580][    T1] ... bit width:              48
[    1.034154][    T1] ... generic registers:      6
[    1.034718][    T1] ... value mask:             0000ffffffffffff
[    1.035435][    T1] ... max period:             00007fffffffffff
[    1.036147][    T1] ... fixed-purpose events:   0
[    1.036652][    T1] ... event mask:             000000000000003f
[    1.038524][    T1] signal: max sigframe size: 1776
[    1.046985][   T14] Callback from call_rcu_tasks_trace() invoked.
[    1.048012][    T1] rcu: Hierarchical SRCU implementation.
[    1.048671][    T1] rcu: 	Max phase no-delay instances is 1000.
[    1.137176][    T1] smp: Bringing up secondary CPUs ...
[    1.149617][    T1] smpboot: x86: Booting SMP configuration:
[    1.150402][    T1] .... node  #0, CPUs:      #1
[    1.151179][    T1] smp: Brought up 1 node, 2 CPUs
[    1.151179][    T1] smpboot: Total of 2 processors activated (13973.74 BogoMIPS)
[    1.166875][    T1] devtmpfs: initialized
[    1.169870][    T1] x86/mm: Memory block size: 128MB
[    1.219420][    T1] Running RCU synchronous self tests
[    1.220678][    T1] Running RCU synchronous self tests
[    1.226857][    T1] clocksource: jiffies: mask: 0xffffffff max_cycles: 0xffffffff, max_idle_ns: 19112604462750000 ns
[    1.229133][    T1] futex hash table entries: 512 (order: 4, 65536 bytes, linear)
[    1.246874][   T13] Callback from call_rcu_tasks() invoked.
[    1.248308][    T1] PM: RTC time: 05:29:35, date: 2026-05-26
[    1.260819][    T1] NET: Registered PF_NETLINK/PF_ROUTE protocol family
[    1.270580][    T1] audit: initializing netlink subsys (disabled)
[    1.271741][   T28] audit: type=2000 audit(1779773376.060:1): state=initialized audit_enabled=0 res=1
[    1.284966][    T1] thermal_sys: Registered thermal governor 'step_wise'
[    1.285008][    T1] thermal_sys: Registered thermal governor 'user_space'
[    1.287556][    T1] cpuidle: using governor menu
[    1.291500][    T1] NET: Registered PF_QIPCRTR protocol family
[    1.303688][    T1] dca service started, version 1.12.1
[    1.304783][    T1] PCI: Using configuration type 1 for base access
[    1.305624][    T1] PCI: Using configuration type 1 for extended access
[    1.319427][    T1] HugeTLB: registered 1.00 GiB page size, pre-allocated 0 pages
[    1.319427][    T1] HugeTLB: 16380 KiB vmemmap can be freed for a 1.00 GiB page
[    1.319427][    T1] HugeTLB: registered 2.00 MiB page size, pre-allocated 0 pages
[    1.319583][    T1] HugeTLB: 28 KiB vmemmap can be freed for a 2.00 MiB page
[    1.336800][    T1] Demotion targets for Node 0: null
[    1.346712][    T1] cryptd: max_cpu_qlen set to 1000
[    1.358528][    T1] raid6: skipped pq benchmark and selected avx2x4
[    1.359295][    T1] raid6: using avx2x2 recovery algorithm
[    1.363623][    T1] ACPI: Added _OSI(Module Device)
[    1.364227][    T1] ACPI: Added _OSI(Processor Device)
[    1.364847][    T1] ACPI: Added _OSI(3.0 _SCP Extensions)
[    1.365497][    T1] ACPI: Added _OSI(Processor Aggregator Device)
[    1.599626][    T1] ACPI: 1 ACPI AML tables successfully acquired and loaded
[    1.631840][    T1] ACPI: _OSC evaluation for CPUs failed, trying _PDC
[    1.656034][    T1] ACPI: Interpreter enabled
[    1.657710][    T1] ACPI: PM: (supports S0 S3 S4 S5)
[    1.658385][    T1] ACPI: Using IOAPIC for interrupt routing
[    1.659734][    T1] PCI: Using host bridge windows from ACPI; if necessary, use "pci=nocrs" and report a bug
[    1.660900][    T1] PCI: Using E820 reservations for host bridge windows
[    1.674397][    T1] ACPI: Enabled 2 GPEs in block 00 to 0F
[    2.105670][    T1] ACPI: PCI Root Bridge [PCI0] (domain 0000 [bus 00-ff])
[    2.106832][    T1] acpi PNP0A03:00: _OSC: OS supports [ExtendedConfig ASPM ClockPM Segments MSI HPX-Type3]
[    2.116987][    T1] PCI host bridge to bus 0000:00
[    2.117624][    T1] pci_bus 0000:00: root bus resource [io  0x0000-0x0cf7 window]
[    2.118565][    T1] pci_bus 0000:00: root bus resource [io  0x0d00-0xffff window]
[    2.119497][    T1] pci_bus 0000:00: root bus resource [mem 0x000a0000-0x000bffff window]
[    2.120518][    T1] pci_bus 0000:00: root bus resource [mem 0x80000000-0xfebfffff window]
[    2.121529][    T1] pci_bus 0000:00: root bus resource [mem 0x100000000-0x17fffffff window]
[    2.122560][    T1] pci_bus 0000:00: root bus resource [bus 00-ff]
[    2.125024][    T1] pci 0000:00:00.0: [8086:1237] type 00 class 0x060000 conventional PCI endpoint
[    2.278796][    T1] pci 0000:00:01.0: [8086:7000] type 00 class 0x060100 conventional PCI endpoint
[    2.431583][    T1] pci 0000:00:01.1: [8086:7010] type 00 class 0x010180 conventional PCI endpoint
[    2.434095][    T1] pci 0000:00:01.1: BAR 4 [io  0xc000-0xc00f]
[    2.435461][    T1] pci 0000:00:01.1: BAR 0 [io  0x01f0-0x01f7]: legacy IDE quirk
[    2.436366][    T1] pci 0000:00:01.1: BAR 1 [io  0x03f6]: legacy IDE quirk
[    2.436656][    T1] pci 0000:00:01.1: BAR 2 [io  0x0170-0x0177]: legacy IDE quirk
[    2.437557][    T1] pci 0000:00:01.1: BAR 3 [io  0x0376]: legacy IDE quirk
[    2.441485][    T1] pci 0000:00:01.3: [8086:7113] type 00 class 0x068000 conventional PCI endpoint
[    2.443664][    T1] pci 0000:00:01.3: quirk: [io  0x0600-0x063f] claimed by PIIX4 ACPI
[    2.444621][    T1] pci 0000:00:01.3: quirk: [io  0x0700-0x070f] claimed by PIIX4 SMB
[    2.448446][    T1] pci 0000:00:02.0: [1234:1111] type 00 class 0x030000 conventional PCI endpoint
[    2.450657][    T1] pci 0000:00:02.0: BAR 0 [mem 0xfd000000-0xfdffffff pref]
[    2.452830][    T1] pci 0000:00:02.0: BAR 2 [mem 0xfebf0000-0xfebf0fff]
[    2.456480][    T1] pci 0000:00:02.0: ROM [mem 0xfebe0000-0xfebeffff pref]
[    2.457141][    T1] pci 0000:00:02.0: Video device with shadowed ROM at [mem 0x000c0000-0x000dffff]
[    2.643079][    T1] ACPI: PCI: Interrupt link LNKA configured for IRQ 10
[    2.657763][    T1] ACPI: PCI: Interrupt link LNKB configured for IRQ 10
[    2.672271][    T1] ACPI: PCI: Interrupt link LNKC configured for IRQ 11
[    2.686739][    T1] ACPI: PCI: Interrupt link LNKD configured for IRQ 11
[    2.692824][    T1] ACPI: PCI: Interrupt link LNKS configured for IRQ 9
[    2.731270][    T1] iommu: Default domain type: Translated
[    2.731270][    T1] iommu: DMA domain TLB invalidation policy: lazy mode
[    2.745212][    T1] SCSI subsystem initialized
[    2.749651][    T1] ACPI: bus type USB registered
[    2.751335][    T1] usbcore: registered new interface driver usbfs
[    2.752606][    T1] usbcore: registered new interface driver hub
[    2.753796][    T1] usbcore: registered new device driver usb
[    2.758454][    T1] mc: Linux media interface: v0.10
[    2.759501][    T1] videodev: Linux video capture interface: v2.00
[    2.761848][    T1] pps_core: LinuxPPS API ver. 1 registered
[    2.762529][    T1] pps_core: Software ver. 5.3.6 - Copyright 2005-2007 Rodolfo Giometti <giometti@linux.it>
[    2.763913][    T1] PTP clock support registered
[    2.765470][    T1] EDAC MC: Ver: 3.0.0
[    2.774672][    T1] Advanced Linux Sound Architecture Driver Initialized.
[    2.786842][    T1] Bluetooth: Core ver 2.22
[    2.787699][    T1] NET: Registered PF_BLUETOOTH protocol family
[    2.788411][    T1] Bluetooth: HCI device and connection manager initialized
[    2.789355][    T1] Bluetooth: HCI socket layer initialized
[    2.790058][    T1] Bluetooth: L2CAP socket layer initialized
[    2.790954][    T1] Bluetooth: SCO socket layer initialized
[    2.791785][    T1] NET: Registered PF_ATMPVC protocol family
[    2.792471][    T1] NET: Registered PF_ATMSVC protocol family
[    2.793844][    T1] NetLabel: Initializing
[    2.794344][    T1] NetLabel:  domain hash size = 128
[    2.794954][    T1] NetLabel:  protocols = UNLABELED CIPSOv4 CALIPSO
[    2.796796][    T1] NetLabel:  unlabeled traffic allowed by default
[    2.799142][    T1] nfc: nfc_init: NFC Core ver 0.1
[    2.800402][    T1] NET: Registered PF_NFC protocol family
[    2.801285][    T1] PCI: Using ACPI for IRQ routing
[    2.807523][    T1] pci 0000:00:02.0: vgaarb: setting as boot VGA device
[    2.808424][    T1] pci 0000:00:02.0: vgaarb: bridge control possible
[    2.809191][    T1] pci 0000:00:02.0: vgaarb: VGA device added: decodes=io+mem,owns=io+mem,locks=none
[    2.810284][    T1] vgaarb: loaded
[    2.812641][    T1] hpet0: at MMIO 0xfed00000, IRQs 2, 8, 0
[    2.813365][    T1] hpet0: 3 comparators, 64-bit 100.000000 MHz counter
[    2.818472][    T1] clocksource: Switched to clocksource kvm-clock
[    2.831806][    T1] VFS: Disk quotas dquot_6.6.0
[    2.832571][    T1] VFS: Dquot-cache hash table entries: 512 (order 0, 4096 bytes)
[    2.835170][    T1] netfs: FS-Cache loaded
[    2.838334][    T1] CacheFiles: Loaded
[    2.840140][    T1] TOMOYO: 2.6.0
[    2.840651][    T1] Mandatory Access Control activated.
[    2.842415][    T1] pnp: PnP ACPI init
[    2.880498][    T1] pnp: PnP ACPI: found 6 devices
[    2.996711][    T1] clocksource: acpi_pm: mask: 0xffffff max_cycles: 0xffffff, max_idle_ns: 2085701024 ns
[    2.999597][    T1] NET: Registered PF_INET protocol family
[    3.001483][    T1] IP idents hash table entries: 32768 (order: 6, 262144 bytes, linear)
[    3.014049][    T1] tcp_listen_portaddr_hash hash table entries: 1024 (order: 4, 73728 bytes, linear)
[    3.015247][    T1] Table-perturb hash table entries: 65536 (order: 6, 262144 bytes, linear)
[    3.016382][    T1] TCP established hash table entries: 16384 (order: 5, 131072 bytes, linear)
[    3.019936][    T1] TCP bind hash table entries: 16384 (order: 9, 2359296 bytes, linear)
[    3.023404][    T1] TCP: Hash tables configured (established 16384 bind 16384)
[    3.026214][    T1] MPTCP token hash table entries: 2048 (order: 5, 180224 bytes, linear)
[    3.027685][    T1] UDP hash table entries: 1024 (order: 5, 163840 bytes, linear)
[    3.028882][    T1] UDP-Lite hash table entries: 1024 (order: 5, 163840 bytes, linear)
[    3.031862][    T1] NET: Registered PF_UNIX/PF_LOCAL protocol family
[    3.037623][    T1] RPC: Registered named UNIX socket transport module.
[    3.038571][    T1] RPC: Registered udp transport module.
[    3.039225][    T1] RPC: Registered tcp transport module.
[    3.039870][    T1] RPC: Registered tcp-with-tls transport module.
[    3.040603][    T1] RPC: Registered tcp NFSv4.1 backchannel transport module.
[    3.048238][    T1] NET: Registered PF_XDP protocol family
[    3.048932][    T1] pci_bus 0000:00: resource 4 [io  0x0000-0x0cf7 window]
[    3.049765][    T1] pci_bus 0000:00: resource 5 [io  0x0d00-0xffff window]
[    3.050593][    T1] pci_bus 0000:00: resource 6 [mem 0x000a0000-0x000bffff window]
[    3.051510][    T1] pci_bus 0000:00: resource 7 [mem 0x80000000-0xfebfffff window]
[    3.052421][    T1] pci_bus 0000:00: resource 8 [mem 0x100000000-0x17fffffff window]
[    3.057269][    T1] pci 0000:00:01.0: PIIX3: Enabling Passive Release
[    3.058061][    T1] pci 0000:00:00.0: Limiting direct PCI/PCI transfers
[    3.059124][    T1] PCI: CLS 0 bytes, default 64
[    3.073303][    T1] ACPI: bus type thunderbolt registered
[    3.075990][    T1] kvm_intel: VMX not supported by CPU 0
[    3.077354][    T1] kvm_amd: Nested Virtualization enabled
[    3.078121][    T1] kvm_amd: Nested Paging enabled
[    3.084207][   T49] Trying to unpack rootfs image as initramfs...
[    3.486854][   T49] Freeing initrd memory: 1480K
[    3.488722][   T65] kworker/u8:2 (65) used greatest stack depth: 28368 bytes left
[    3.493122][   T75] kworker/u8:4 (75) used greatest stack depth: 27664 bytes left
[   12.499534][    T1] Initialise system trusted keyrings
[   12.501741][    T1] workingset: timestamp_bits=40 max_order=19 bucket_order=0
[   12.512331][    T1] DLM installed
[   12.520663][    T1] squashfs: version 4.0 (2009/01/31) Phillip Lougher
[   12.540566][    T1] NFS: Registering the id_resolver key type
[   12.541498][    T1] Key type id_resolver registered
[   12.542252][    T1] Key type id_legacy registered
[   12.544492][    T1] nfs4filelayout_init: NFSv4 File Layout Driver Registering...
[   12.545590][    T1] nfs4flexfilelayout_init: NFSv4 Flexfile Layout Driver Registering...
[   12.568977][    T1] Key type cifs.spnego registered
[   12.570063][    T1] Key type cifs.idmap registered
[   12.571361][    T1] ntfs3: Max link count 4000
[   12.571953][    T1] ntfs3: Enabled Linux POSIX ACLs support
[   12.572699][    T1] ntfs3: Read-only LZX/Xpress compression included
[   12.573850][    T1] efs: 1.0a - http://aeschi.ch.eu.org/efs/
[   12.574600][    T1] jffs2: version 2.2. (NAND) (SUMMARY)  © 2001-2006 Red Hat, Inc.
[   12.577167][    T1] romfs: ROMFS MTD (C) 2007 Red Hat, Inc.
[   12.578008][    T1] QNX4 filesystem 0.2.3 registered.
[   12.578725][    T1] qnx6: QNX6 filesystem 1.0.0 registered.
[   12.581508][    T1] fuse: init (API version 7.40)
[   12.588543][    T1] orangefs_debugfs_init: called with debug mask: :none: :0:
[   12.593920][    T1] orangefs_init: module version upstream loaded
[   12.598414][    T1] JFS: nTxBlock = 8192, nTxLock = 65536
[   12.636815][    T1] SGI XFS with ACLs, security attributes, realtime, quota, no debug enabled
[   12.642780][    T1] 9p: Installing v9fs 9p2000 file system support
[   12.644200][    T1] NILFS version 2 loaded
[   12.644719][    T1] befs: version: 0.9.3
[   12.646035][    T1] ocfs2: Registered cluster interface o2cb
[   12.647962][    T1] ocfs2: Registered cluster interface user
[   12.649225][    T1] OCFS2 User DLM kernel interface loaded
[   12.694292][    T1] gfs2: GFS2 installed
[   12.711038][    T1] ceph: loaded (mds proto 32)
[   12.758506][    T1] NET: Registered PF_ALG protocol family
[   12.759461][    T1] xor: automatically using best checksumming function   avx       
[   12.760534][    T1] async_tx: api initialized (async)
[   12.761148][    T1] Key type asymmetric registered
[   12.761871][    T1] Asymmetric key parser 'x509' registered
[   12.762631][    T1] Asymmetric key parser 'pkcs8' registered
[   12.763371][    T1] Key type pkcs7_test registered
[   12.764723][    T1] Block layer SCSI generic (bsg) driver version 0.4 loaded (major 239)
[   12.766939][    T1] io scheduler mq-deadline registered
[   12.767645][    T1] io scheduler kyber registered
[   12.768508][    T1] io scheduler bfq registered
[   12.784095][    T1] input: Power Button as /devices/LNXSYSTM:00/LNXPWRBN:00/input/input0
[   12.819644][    T1] ACPI: button: Power Button [PWRF]
[   12.844090][    T1] ioatdma: Intel(R) QuickData Technology Driver 5.00
[   13.489133][  T362] kworker/u8:1 (362) used greatest stack depth: 27536 bytes left
[   33.915906][  T414] kworker/u8:6 (414) used greatest stack depth: 27040 bytes left
[   34.289772][    T1] N_HDLC line discipline registered with maxframe=4096
[   34.290749][    T1] Serial: 8250/16550 driver, 4 ports, IRQ sharing enabled
[   34.301788][    T1] 00:04: ttyS0 at I/O 0x3f8 (irq = 4, base_baud = 115200) is a 16550A
[   34.348717][    T1] Non-volatile memory driver v1.3
[   34.349630][    T1] Linux agpgart interface v0.103
[   34.361022][    T1] ACPI: bus type drm_connector registered
[   34.374441][    T1] [drm] Initialized vgem 1.0.0 20120112 for vgem on minor 0
[   34.390734][    T1] [drm] Initialized vkms 1.0.0 20180514 for vkms on minor 1
[   34.488826][    T1] Console: switching to colour frame buffer device 128x48
[   34.504021][    T1] platform vkms: [drm] fb0: vkmsdrmfb frame buffer device
[   34.505589][    T1] usbcore: registered new interface driver udl
[   34.508081][    T1] bochs-drm 0000:00:02.0: vgaarb: deactivate vga console
[   34.532096][    T1] [drm] Found bochs VGA, ID 0xb0c5.
[   34.532837][    T1] [drm] Framebuffer size 16384 kB @ 0xfd000000, mmio @ 0xfebf0000.
[   34.547527][    T1] [drm] Found EDID data blob.
[   34.565696][    T1] [drm] Initialized bochs-drm 1.0.0 20130925 for 0000:00:02.0 on minor 2
[   34.711096][    T1] fbcon: bochs-drmdrmfb (fb1) is primary device
[   34.711129][    T1] fbcon: Remapping primary device, fb1, to tty 1-63
[   50.677673][    T1] bochs-drm 0000:00:02.0: [drm] fb1: bochs-drmdrmfb frame buffer device
[   50.836720][    T1] brd: module loaded
[   51.044577][    T1] loop: module loaded
[   51.326524][    T1] zram: Added device: zram0
[   51.346654][    T1] null_blk: disk nullb0 created
[   51.347359][    T1] null_blk: module loaded
[   51.349767][    T1] Guest personality initialized and is inactive
[   51.351935][    T1] VMCI host device registered (name=vmci, major=10, minor=118)
[   51.352862][    T1] Initialized host personality
[   51.355020][    T1] usbcore: registered new interface driver rtsx_usb
[   51.356949][    T1] usbcore: registered new interface driver viperboard
[   51.358386][    T1] usbcore: registered new interface driver dln2
[   51.359771][    T1] usbcore: registered new interface driver pn533_usb
[   51.369411][    T1] nfcsim 0.2 initialized
[   51.370536][    T1] usbcore: registered new interface driver port100
[   51.371660][    T1] usbcore: registered new interface driver nfcmrvl
[   51.381646][    T1] Loading iSCSI transport class v2.0-870.
[   51.398225][    T1] st: Version 20160209, fixed bufsize 32768, s/g segs 256
[   51.454048][    T1] scsi host0: ata_piix
[   51.461472][    T1] scsi host1: ata_piix
[   51.467177][    T1] ata1: PATA max MWDMA2 cmd 0x1f0 ctl 0x3f6 bmdma 0xc000 irq 14 lpm-pol 0
[   51.468413][    T1] ata2: PATA max MWDMA2 cmd 0x170 ctl 0x376 bmdma 0xc008 irq 15 lpm-pol 0
[   51.479156][    T1] Rounding down aligned max_sectors from 4294967295 to 4294967288
[   51.481141][    T1] db_root: cannot open: /etc/target
[   51.484471][    T1] slram: not enough parameters.
[   51.494381][    T1] ftl_cs: FTL header not found.
[   51.556247][    T1] wireguard: WireGuard 1.0.0 loaded. See www.wireguard.com for information.
[   51.557506][    T1] wireguard: Copyright (C) 2015-2019 Jason A. Donenfeld <Jason@zx2c4.com>. All Rights Reserved.
[   51.559008][    T1] eql: Equalizer2002: Simon Janes (simon@ncm.com) and David S. Miller (davem@redhat.com)
[   51.578945][    T1] MACsec IEEE 802.1AE
[   51.601102][    T1] tun: Universal TUN/TAP device driver, 1.6
[   51.609435][    T1] vcan: Virtual CAN interface driver
[   51.610503][    T1] vxcan: Virtual CAN Tunnel driver
[   51.611161][    T1] slcan: serial line CAN interface driver
[   51.611859][    T1] CAN device driver interface
[   51.612813][    T1] usbcore: registered new interface driver usb_8dev
[   51.614033][    T1] usbcore: registered new interface driver ems_usb
[   51.615194][    T1] usbcore: registered new interface driver gs_usb
[   51.616337][    T1] usbcore: registered new interface driver kvaser_usb
[   51.617876][    T1] usbcore: registered new interface driver mcba_usb
[   51.619094][    T1] usbcore: registered new interface driver peak_usb
[   51.621128][    T1] e100: Intel(R) PRO/100 Network Driver
[   51.621814][    T1] e100: Copyright(c) 1999-2006 Intel Corporation
[   51.630772][    T1] e1000: Intel(R) PRO/1000 Network Driver
[   51.631453][    T1] e1000: Copyright (c) 1999-2006 Intel Corporation.
[   51.632703][    T1] e1000e: Intel(R) PRO/1000 Network Driver
[   51.633552][  T993] ata2: found unknown device (class 0)
[   51.634738][    T1] e1000e: Copyright(c) 1999 - 2015 Intel Corporation.
[   51.637616][    T1] mkiss: AX.25 Multikiss, Hans Albas PE1AYX
[   51.638316][    T1] AX.25: 6pack driver, Revision: 0.3.0
[   51.639013][  T993] ata2.00: ATAPI: QEMU DVD-ROM, 2.5+, max UDMA/100
[   51.639073][    T1] AX.25: bpqether driver version 004
[   51.640495][    T1] PPP generic driver version 2.4.2
[   51.644873][    T1] PPP BSD Compression module registered
[   51.645602][    T1] PPP Deflate Compression module registered
[   51.646346][    T1] PPP MPPE Compression module registered
[   51.647005][    T1] NET: Registered PF_PPPOX protocol family
[   51.647791][    T1] PPTP driver version 0.8.5
[   51.648815][    T1] SLIP: version 0.8.4-NET3.019-NEWTTY (dynamic channels, max=256) (6 bit encapsulation enabled).
[   51.650013][    T1] CSLIP: code copyright 1989 Regents of the University of California.
[   51.650946][    T1] SLIP linefill/keepalive option.
[   51.651547][    T1] hdlc: HDLC support module revision 1.22
[   51.652236][    T1] LAPB Ethernet driver version 0.02
[   51.655001][    T1] usbcore: registered new interface driver ath9k_htc
[   51.656138][    T1] usbcore: registered new interface driver carl9170
[   51.658986][    T1] usbcore: registered new interface driver ath6kl_usb
[   51.659819][   T12] scsi 1:0:0:0: CD-ROM            QEMU     QEMU DVD-ROM     2.5+ PQ: 0 ANSI: 5
[   51.660135][    T1] usbcore: registered new interface driver ar5523
[   51.662486][    T1] usbcore: registered new interface driver ath10k_usb
[   51.664597][    T1] mac80211_hwsim: initializing netlink
[   51.722409][    T1] usbcore: registered new interface driver atusb
[   51.750922][    T1] mac802154_hwsim mac802154_hwsim: Added 2 mac802154 hwsim hardware radios
[   51.753028][    T1] VMware vmxnet3 virtual NIC driver - version 1.7.0.0-k-NAPI
[   51.754656][    T1] usbcore: registered new interface driver catc
[   51.755733][    T1] usbcore: registered new interface driver kaweth
[   51.756483][    T1] pegasus: Pegasus/Pegasus II USB Ethernet driver
[   51.760499][    T1] usbcore: registered new interface driver pegasus
[   51.761604][    T1] usbcore: registered new interface driver rtl8150
[   51.762762][    T1] usbcore: registered new device driver r8152-cfgselector
[   51.764351][    T1] usbcore: registered new interface driver r8152
[   51.765701][    T1] usbcore: registered new interface driver hso
[   51.767310][    T1] usbcore: registered new interface driver lan78xx
[   51.768323][   T12] sr 1:0:0:0: [sr0] scsi3-mmc drive: 4x/4x cd/rw xa/form2 tray
[   51.768456][    T1] usbcore: registered new interface driver asix
[   51.769788][   T12] cdrom: Uniform CD-ROM driver Revision: 3.20
[   51.772061][    T1] usbcore: registered new interface driver ax88179_178a
[   51.773355][    T1] usbcore: registered new interface driver cdc_ether
[   51.774512][    T1] usbcore: registered new interface driver cdc_eem
[   51.775620][    T1] usbcore: registered new interface driver dm9601
[   51.776723][    T1] usbcore: registered new interface driver sr9700
[   51.777830][    T1] usbcore: registered new interface driver CoreChips
[   51.779034][    T1] usbcore: registered new interface driver smsc75xx
[   51.780151][    T1] usbcore: registered new interface driver smsc95xx
[   51.781280][    T1] usbcore: registered new interface driver gl620a
[   51.782372][    T1] usbcore: registered new interface driver net1080
[   51.784425][    T1] usbcore: registered new interface driver plusb
[   51.785543][    T1] usbcore: registered new interface driver rndis_host
[   51.786684][    T1] usbcore: registered new interface driver cdc_subset
[   51.787821][    T1] usbcore: registered new interface driver zaurus
[   51.788917][    T1] usbcore: registered new interface driver MOSCHIP usb-ethernet driver
[   51.790226][    T1] usbcore: registered new interface driver int51x1
[   51.791344][    T1] usbcore: registered new interface driver cdc_phonet
[   51.792826][    T1] usbcore: registered new interface driver kalmia
[   51.793959][    T1] usbcore: registered new interface driver ipheth
[   51.795068][    T1] usbcore: registered new interface driver sierra_net
[   51.796199][    T1] usbcore: registered new interface driver cx82310_eth
[   51.797367][    T1] usbcore: registered new interface driver cdc_ncm
[   51.798498][    T1] usbcore: registered new interface driver huawei_cdc_ncm
[   51.799676][    T1] usbcore: registered new interface driver lg-vl600
[   51.800807][    T1] usbcore: registered new interface driver qmi_wwan
[   51.801931][    T1] usbcore: registered new interface driver cdc_mbim
[   51.803107][    T1] usbcore: registered new interface driver ch9200
[   51.804240][    T1] usbcore: registered new interface driver r8153_ecm
[   51.811784][    T1] VFIO - User Level meta-driver version: 0.3
[   51.827166][    T1] aoe: AoE v85 initialised.
[   51.859245][    T1] SPI driver max3421-hcd has no spi_device_id for maxim,max3421
[   51.861222][    T1] usbcore: registered new interface driver cdc_acm
[   51.861977][    T1] cdc_acm: USB Abstract Control Model driver for USB modems and ISDN adapters
[   51.866148][    T1] usbcore: registered new interface driver usblp
[   51.867306][    T1] usbcore: registered new interface driver cdc_wdm
[   51.868412][    T1] usbcore: registered new interface driver usbtmc
[   51.869659][   T12] sr 1:0:0:0: Attached scsi generic sg0 type 5
[   51.873493][    T1] usbcore: registered new interface driver uas
[   51.874586][    T1] usbcore: registered new interface driver usb-storage
[   51.875666][    T1] usbcore: registered new interface driver ums-alauda
[   51.876739][    T1] usbcore: registered new interface driver ums-cypress
[   51.877823][    T1] usbcore: registered new interface driver ums-datafab
[   51.878916][    T1] usbcore: registered new interface driver ums_eneub6250
[   51.880017][    T1] usbcore: registered new interface driver ums-freecom
[   51.881098][    T1] usbcore: registered new interface driver ums-isd200
[   51.882173][    T1] usbcore: registered new interface driver ums-jumpshot
[   51.884288][    T1] usbcore: registered new interface driver ums-karma
[   51.885363][    T1] usbcore: registered new interface driver ums-onetouch
[   51.886470][    T1] usbcore: registered new interface driver ums-realtek
[   51.887556][    T1] usbcore: registered new interface driver ums-sddr09
[   51.888633][    T1] usbcore: registered new interface driver ums-sddr55
[   51.889715][    T1] usbcore: registered new interface driver ums-usbat
[   51.891013][    T1] usbcore: registered new interface driver mdc800
[   51.891758][    T1] mdc800: v0.7.5 (30/10/2000):USB Driver for Mustek MDC800 Digital Camera
[   51.893122][    T1] usbcore: registered new interface driver microtekX6
[   51.894848][    T1] usbcore: registered new interface driver usbserial_generic
[   51.896570][    T1] usbserial: USB Serial support registered for generic
[   51.897823][    T1] usbcore: registered new interface driver aircable
[   51.898918][    T1] usbserial: USB Serial support registered for aircable
[   51.900041][    T1] usbcore: registered new interface driver ark3116
[   51.901051][    T1] usbserial: USB Serial support registered for ark3116
[   51.902197][    T1] usbcore: registered new interface driver belkin_sa
[   51.904130][    T1] usbserial: USB Serial support registered for Belkin / Peracom / GoHubs USB Serial Adapter
[   51.905619][    T1] usbcore: registered new interface driver ch341
[   51.906647][    T1] usbserial: USB Serial support registered for ch341-uart
[   51.907811][    T1] usbcore: registered new interface driver cp210x
[   51.908817][    T1] usbserial: USB Serial support registered for cp210x
[   51.909919][    T1] usbcore: registered new interface driver cyberjack
[   51.910968][    T1] usbserial: USB Serial support registered for Reiner SCT Cyberjack USB card reader
[   51.912433][    T1] usbcore: registered new interface driver cypress_m8
[   51.913566][    T1] usbserial: USB Serial support registered for DeLorme Earthmate USB
[   51.914767][    T1] usbserial: USB Serial support registered for HID->COM RS232 Adapter
[   51.915969][    T1] usbserial: USB Serial support registered for Nokia CA-42 V2 Adapter
[   51.917241][    T1] usbcore: registered new interface driver usb_debug
[   51.918270][    T1] usbserial: USB Serial support registered for debug
[   51.919303][    T1] usbserial: USB Serial support registered for xhci_dbc
[   51.920431][    T1] usbcore: registered new interface driver digi_acceleport
[   51.921976][    T1] usbserial: USB Serial support registered for Digi 2 port USB adapter
[   51.923775][    T1] usbserial: USB Serial support registered for Digi 4 port USB adapter
[   51.925526][    T1] usbcore: registered new interface driver io_edgeport
[   51.927077][    T1] usbserial: USB Serial support registered for Edgeport 2 port adapter
[   51.928802][    T1] usbserial: USB Serial support registered for Edgeport 4 port adapter
[   51.930471][    T1] usbserial: USB Serial support registered for Edgeport 8 port adapter
[   51.932630][    T1] usbserial: USB Serial support registered for EPiC device
[   51.934870][    T1] usbcore: registered new interface driver io_ti
[   51.936327][    T1] usbserial: USB Serial support registered for Edgeport TI 1 port adapter
[   51.938749][    T1] usbserial: USB Serial support registered for Edgeport TI 2 port adapter
[   51.940499][    T1] usbcore: registered new interface driver empeg
[   51.941977][    T1] usbserial: USB Serial support registered for empeg
[   51.943807][    T1] usbcore: registered new interface driver f81534a_ctrl
[   51.945485][    T1] usbcore: registered new interface driver f81232
[   51.947000][    T1] usbserial: USB Serial support registered for f81232
[   51.948578][    T1] usbserial: USB Serial support registered for f81534a
[   51.950154][    T1] usbcore: registered new interface driver f81534
[   51.951611][    T1] usbserial: USB Serial support registered for Fintek F81532/F81534
[   51.953365][    T1] usbcore: registered new interface driver ftdi_sio
[   51.954844][    T1] usbserial: USB Serial support registered for FTDI USB Serial Device
[   51.956559][    T1] usbcore: registered new interface driver garmin_gps
[   51.958092][    T1] usbserial: USB Serial support registered for Garmin GPS usb/tty
[   51.959337][    T1] usbcore: registered new interface driver ipaq
[   51.960318][    T1] usbserial: USB Serial support registered for PocketPC PDA
[   51.961474][    T1] usbcore: registered new interface driver ipw
[   51.962465][    T1] usbserial: USB Serial support registered for IPWireless converter
[   51.965236][    T1] usbcore: registered new interface driver ir_usb
[   51.966663][    T1] usbserial: USB Serial support registered for IR Dongle
[   51.968524][    T1] usbcore: registered new interface driver iuu_phoenix
[   51.970044][    T1] usbserial: USB Serial support registered for iuu_phoenix
[   51.971684][    T1] usbcore: registered new interface driver keyspan
[   51.973202][    T1] usbserial: USB Serial support registered for Keyspan - (without firmware)
[   51.974915][    T1] usbserial: USB Serial support registered for Keyspan 1 port adapter
[   51.976121][    T1] usbserial: USB Serial support registered for Keyspan 2 port adapter
[   51.977318][    T1] usbserial: USB Serial support registered for Keyspan 4 port adapter
[   51.978586][    T1] usbcore: registered new interface driver keyspan_pda
[   51.979636][    T1] usbserial: USB Serial support registered for Keyspan PDA
[   51.980721][    T1] usbserial: USB Serial support registered for Keyspan PDA - (prerenumeration)
[   51.982067][    T1] usbcore: registered new interface driver kl5kusb105
[   51.983233][    T1] usbserial: USB Serial support registered for KL5KUSB105D / PalmConnect
[   51.984550][    T1] usbcore: registered new interface driver kobil_sct
[   51.985574][    T1] usbserial: USB Serial support registered for KOBIL USB smart card terminal
[   51.986914][    T1] usbcore: registered new interface driver mct_u232
[   51.988563][    T1] usbserial: USB Serial support registered for MCT U232
[   51.989683][    T1] usbcore: registered new interface driver metro_usb
[   51.990833][    T1] usbserial: USB Serial support registered for Metrologic USB to Serial
[   51.992113][    T1] usbcore: registered new interface driver mos7720
[   51.993986][    T1] usbserial: USB Serial support registered for Moschip 2 port adapter
[   51.995260][    T1] usbcore: registered new interface driver mos7840
[   51.996284][    T1] usbserial: USB Serial support registered for Moschip 7840/7820 USB Serial Driver
[   51.997686][    T1] usbcore: registered new interface driver mxuport
[   51.998751][    T1] usbserial: USB Serial support registered for MOXA UPort
[   51.999908][    T1] usbcore: registered new interface driver navman
[   52.000917][    T1] usbserial: USB Serial support registered for navman
[   52.002028][    T1] usbcore: registered new interface driver omninet
[   52.003110][    T1] usbserial: USB Serial support registered for ZyXEL - omni.net usb
[   52.004598][    T1] usbcore: registered new interface driver opticon
[   52.005686][    T1] usbserial: USB Serial support registered for opticon
[   52.006858][    T1] usbcore: registered new interface driver option
[   52.007873][    T1] usbserial: USB Serial support registered for GSM modem (1-port)
[   52.009206][    T1] usbcore: registered new interface driver oti6858
[   52.010293][    T1] usbserial: USB Serial support registered for oti6858
[   52.011495][    T1] usbcore: registered new interface driver pl2303
[   52.012608][    T1] usbserial: USB Serial support registered for pl2303
[   52.014449][    T1] usbcore: registered new interface driver qcaux
[   52.015532][    T1] usbserial: USB Serial support registered for qcaux
[   52.016736][    T1] usbcore: registered new interface driver qcserial
[   52.017823][    T1] usbserial: USB Serial support registered for Qualcomm USB modem
[   52.019087][    T1] usbcore: registered new interface driver quatech2
[   52.020157][    T1] usbserial: USB Serial support registered for Quatech 2nd gen USB to Serial Driver
[   52.021577][    T1] usbcore: registered new interface driver safe_serial
[   52.022683][    T1] usbserial: USB Serial support registered for safe_serial
[   52.023917][    T1] usbcore: registered new interface driver sierra
[   52.024946][    T1] usbserial: USB Serial support registered for Sierra USB modem
[   52.026177][    T1] usbcore: registered new interface driver usb_serial_simple
[   52.027353][    T1] usbserial: USB Serial support registered for carelink
[   52.028481][    T1] usbserial: USB Serial support registered for flashloader
[   52.029775][    T1] usbserial: USB Serial support registered for funsoft
[   52.031016][    T1] usbserial: USB Serial support registered for google
[   52.032172][    T1] usbserial: USB Serial support registered for hp4x
[   52.033359][    T1] usbserial: USB Serial support registered for kaufmann
[   52.034476][    T1] usbserial: USB Serial support registered for libtransistor
[   52.036564][    T1] usbserial: USB Serial support registered for moto_modem
[   52.037679][    T1] usbserial: USB Serial support registered for motorola_tetra
[   52.038830][    T1] usbserial: USB Serial support registered for nokia
[   52.039888][    T1] usbserial: USB Serial support registered for novatel_gps
[   52.041037][    T1] usbserial: USB Serial support registered for siemens_mpi
[   52.042139][    T1] usbserial: USB Serial support registered for suunto
[   52.043249][    T1] usbserial: USB Serial support registered for vivopay
[   52.044320][    T1] usbserial: USB Serial support registered for zio
[   52.045538][    T1] usbcore: registered new interface driver spcp8x5
[   52.046740][    T1] usbserial: USB Serial support registered for SPCP8x5
[   52.047909][    T1] usbcore: registered new interface driver ssu100
[   52.048934][    T1] usbserial: USB Serial support registered for Quatech SSU-100 USB to Serial Driver
[   52.050352][    T1] usbcore: registered new interface driver symbolserial
[   52.051447][    T1] usbserial: USB Serial support registered for symbol
[   52.052585][    T1] usbcore: registered new interface driver ti_usb_3410_5052
[   52.054765][    T1] usbserial: USB Serial support registered for TI USB 3410 1 port adapter
[   52.056019][    T1] usbserial: USB Serial support registered for TI USB 5052 2 port adapter
[   52.057319][    T1] usbcore: registered new interface driver upd78f0730
[   52.058362][    T1] usbserial: USB Serial support registered for upd78f0730
[   52.059534][    T1] usbcore: registered new interface driver visor
[   52.060571][    T1] usbserial: USB Serial support registered for Handspring Visor / Palm OS
[   52.062566][    T1] usbserial: USB Serial support registered for Sony Clie 5.0
[   52.063758][    T1] usbserial: USB Serial support registered for Sony Clie 3.5
[   52.066398][    T1] usbcore: registered new interface driver wishbone_serial
[   52.067529][    T1] usbserial: USB Serial support registered for wishbone_serial
[   52.068732][    T1] usbcore: registered new interface driver whiteheat
[   52.069780][    T1] usbserial: USB Serial support registered for Connect Tech - WhiteHEAT - (prerenumeration)
[   52.071214][    T1] usbserial: USB Serial support registered for Connect Tech - WhiteHEAT
[   52.074285][    T1] usbcore: registered new interface driver xr_serial
[   52.075379][    T1] usbserial: USB Serial support registered for xr_serial
[   52.076564][    T1] usbcore: registered new interface driver xsens_mt
[   52.077857][    T1] usbserial: USB Serial support registered for xsens_mt
[   52.079863][    T1] usbcore: registered new interface driver adutux
[   52.081262][    T1] usbcore: registered new interface driver appledisplay
[   52.082607][    T1] usbcore: registered new interface driver cypress_cy7c63
[   52.085329][    T1] usbcore: registered new interface driver cytherm
[   52.086505][    T1] usbcore: registered new interface driver emi26 - firmware loader
[   52.087797][    T1] usbcore: registered new interface driver emi62 - firmware loader
[   52.089094][    T1] usbcore: registered new interface driver idmouse
[   52.090231][    T1] usbcore: registered new interface driver iowarrior
[   52.091387][    T1] usbcore: registered new interface driver isight_firmware
[   52.092605][    T1] usbcore: registered new interface driver usblcd
[   52.094918][    T1] usbcore: registered new interface driver ldusb
[   52.096061][    T1] usbcore: registered new interface driver legousbtower
[   52.097245][    T1] usbcore: registered new interface driver usbtest
[   52.098366][    T1] usbcore: registered new interface driver usb_ehset_test
[   52.099565][    T1] usbcore: registered new interface driver trancevibrator
[   52.100810][    T1] usbcore: registered new interface driver uss720
[   52.101567][    T1] uss720: USB Parport Cable driver for Cables using the Lucent Technologies USS720 Chip
[   52.102694][    T1] uss720: NOTE: this is a special purpose driver to allow nonstandard
[   52.104432][    T1] uss720: protocols (eg. bitbang) over USS720 usb to parallel cables
[   52.105366][    T1] uss720: If you just want to connect to a printer, use usblp instead
[   52.106689][    T1] usbcore: registered new interface driver usbsevseg
[   52.108381][    T1] usbcore: registered new interface driver yurex
[   52.110776][    T1] usbcore: registered new interface driver chaoskey
[   52.112687][    T1] usbcore: registered new interface driver sisusb
[   52.113869][    T1] usbcore: registered new interface driver lvs
[   52.114990][    T1] usbcore: registered new interface driver cxacru
[   52.116112][    T1] usbcore: registered new interface driver speedtch
[   52.117258][    T1] usbcore: registered new interface driver ueagle-atm
[   52.118061][    T1] xusbatm: malformed module parameters
[   52.122118][    T1] dummy_hcd dummy_hcd.0: USB Host+Gadget Emulator, driver 02 May 2005
[   52.124144][    T1] dummy_hcd dummy_hcd.0: Dummy host controller
[   52.129635][    T1] dummy_hcd dummy_hcd.0: new USB bus registered, assigned bus number 1
[   52.136385][    T1] usb usb1: New USB device found, idVendor=1d6b, idProduct=0002, bcdDevice= 6.09
[   52.137648][    T1] usb usb1: New USB device strings: Mfr=3, Product=2, SerialNumber=1
[   52.138605][    T1] usb usb1: Product: Dummy host controller
[   52.139297][    T1] usb usb1: Manufacturer: Linux 6.9.0-rc6-00175-ga5c3e265d3b6-dirty dummy_hcd
[   52.140330][    T1] usb usb1: SerialNumber: dummy_hcd.0
[   52.155738][    T1] hub 1-0:1.0: USB hub found
[   52.157364][    T1] hub 1-0:1.0: 1 port detected
[   52.182596][    T1] gadgetfs: USB Gadget filesystem, version 24 Aug 2004
[   52.188960][    T1] vhci_hcd vhci_hcd.0: USB/IP Virtual Host Controller
[   52.192606][    T1] vhci_hcd vhci_hcd.0: new USB bus registered, assigned bus number 2
[   52.195826][    T1] vhci_hcd: created sysfs vhci_hcd.0
[   52.199761][    T1] usb usb2: New USB device found, idVendor=1d6b, idProduct=0002, bcdDevice= 6.09
[   52.200837][    T1] usb usb2: New USB device strings: Mfr=3, Product=2, SerialNumber=1
[   52.201785][    T1] usb usb2: Product: USB/IP Virtual Host Controller
[   52.202566][    T1] usb usb2: Manufacturer: Linux 6.9.0-rc6-00175-ga5c3e265d3b6-dirty vhci_hcd
[   52.204655][    T1] usb usb2: SerialNumber: vhci_hcd.0
[   52.213045][    T1] hub 2-0:1.0: USB hub found
[   52.214535][    T1] hub 2-0:1.0: 8 ports detected
[   52.242799][    T1] vhci_hcd vhci_hcd.0: USB/IP Virtual Host Controller
[   52.248502][    T1] vhci_hcd vhci_hcd.0: new USB bus registered, assigned bus number 3
[   52.250752][    T1] usb usb3: We don't know the algorithms for LPM for this host, disabling LPM.
[   52.255130][    T1] usb usb3: New USB device found, idVendor=1d6b, idProduct=0003, bcdDevice= 6.09
[   52.256213][    T1] usb usb3: New USB device strings: Mfr=3, Product=2, SerialNumber=1
[   52.257163][    T1] usb usb3: Product: USB/IP Virtual Host Controller
[   52.257939][    T1] usb usb3: Manufacturer: Linux 6.9.0-rc6-00175-ga5c3e265d3b6-dirty vhci_hcd
[   52.258967][    T1] usb usb3: SerialNumber: vhci_hcd.0
[   52.267353][    T1] hub 3-0:1.0: USB hub found
[   52.268656][    T1] hub 3-0:1.0: 8 ports detected
[   52.304654][    T1] vhci_hcd vhci_hcd.1: USB/IP Virtual Host Controller
[   52.308415][    T1] vhci_hcd vhci_hcd.1: new USB bus registered, assigned bus number 4
[   52.314325][    T1] usb usb4: New USB device found, idVendor=1d6b, idProduct=0002, bcdDevice= 6.09
[   52.315416][    T1] usb usb4: New USB device strings: Mfr=3, Product=2, SerialNumber=1
[   52.316374][    T1] usb usb4: Product: USB/IP Virtual Host Controller
[   52.317168][    T1] usb usb4: Manufacturer: Linux 6.9.0-rc6-00175-ga5c3e265d3b6-dirty vhci_hcd
[   52.318204][    T1] usb usb4: SerialNumber: vhci_hcd.1
[   52.326928][    T1] hub 4-0:1.0: USB hub found
[   52.328442][    T1] hub 4-0:1.0: 8 ports detected
[   52.357554][    T1] vhci_hcd vhci_hcd.1: USB/IP Virtual Host Controller
[   52.361163][    T1] vhci_hcd vhci_hcd.1: new USB bus registered, assigned bus number 5
[   52.365217][    T1] usb usb5: We don't know the algorithms for LPM for this host, disabling LPM.
[   52.370446][    T1] usb usb5: New USB device found, idVendor=1d6b, idProduct=0003, bcdDevice= 6.09
[   52.371534][    T1] usb usb5: New USB device strings: Mfr=3, Product=2, SerialNumber=1
[   52.372481][    T1] usb usb5: Product: USB/IP Virtual Host Controller
[   52.373295][    T1] usb usb5: Manufacturer: Linux 6.9.0-rc6-00175-ga5c3e265d3b6-dirty vhci_hcd
[   52.374317][    T1] usb usb5: SerialNumber: vhci_hcd.1
[   52.383142][    T1] hub 5-0:1.0: USB hub found
[   52.384597][    T1] hub 5-0:1.0: 8 ports detected
[   52.417864][    T1] vhci_hcd vhci_hcd.2: USB/IP Virtual Host Controller
[   52.421448][    T1] vhci_hcd vhci_hcd.2: new USB bus registered, assigned bus number 6
[   52.430925][    T1] usb usb6: New USB device found, idVendor=1d6b, idProduct=0002, bcdDevice= 6.09
[   52.433049][    T1] usb usb6: New USB device strings: Mfr=3, Product=2, SerialNumber=1
[   52.434863][    T1] usb usb6: Product: USB/IP Virtual Host Controller
[   52.436342][    T1] usb usb6: Manufacturer: Linux 6.9.0-rc6-00175-ga5c3e265d3b6-dirty vhci_hcd
[   52.438281][    T1] usb usb6: SerialNumber: vhci_hcd.2
[   52.452834][    T1] hub 6-0:1.0: USB hub found
[   52.455038][    T1] hub 6-0:1.0: 8 ports detected
[   52.483665][    T1] vhci_hcd vhci_hcd.2: USB/IP Virtual Host Controller
[   52.488559][    T1] vhci_hcd vhci_hcd.2: new USB bus registered, assigned bus number 7
[   52.490784][    T1] usb usb7: We don't know the algorithms for LPM for this host, disabling LPM.
[   52.496884][    T1] usb usb7: New USB device found, idVendor=1d6b, idProduct=0003, bcdDevice= 6.09
[   52.497979][    T1] usb usb7: New USB device strings: Mfr=3, Product=2, SerialNumber=1
[   52.498941][    T1] usb usb7: Product: USB/IP Virtual Host Controller
[   52.499724][    T1] usb usb7: Manufacturer: Linux 6.9.0-rc6-00175-ga5c3e265d3b6-dirty vhci_hcd
[   52.500755][    T1] usb usb7: SerialNumber: vhci_hcd.2
[   52.509495][    T1] hub 7-0:1.0: USB hub found
[   52.510943][    T1] hub 7-0:1.0: 8 ports detected
[   52.547980][    T1] vhci_hcd vhci_hcd.3: USB/IP Virtual Host Controller
[   52.551616][    T1] vhci_hcd vhci_hcd.3: new USB bus registered, assigned bus number 8
[   52.559581][    T1] usb usb8: New USB device found, idVendor=1d6b, idProduct=0002, bcdDevice= 6.09
[   52.560674][    T1] usb usb8: New USB device strings: Mfr=3, Product=2, SerialNumber=1
[   52.561632][    T1] usb usb8: Product: USB/IP Virtual Host Controller
[   52.562421][    T1] usb usb8: Manufacturer: Linux 6.9.0-rc6-00175-ga5c3e265d3b6-dirty vhci_hcd
[   52.563499][    T1] usb usb8: SerialNumber: vhci_hcd.3
[   52.572281][    T1] hub 8-0:1.0: USB hub found
[   52.573610][    T1] hub 8-0:1.0: 8 ports detected
[   52.600064][    T1] vhci_hcd vhci_hcd.3: USB/IP Virtual Host Controller
[   52.603756][    T1] vhci_hcd vhci_hcd.3: new USB bus registered, assigned bus number 9
[   52.607498][    T1] usb usb9: We don't know the algorithms for LPM for this host, disabling LPM.
[   52.611376][    T1] usb usb9: New USB device found, idVendor=1d6b, idProduct=0003, bcdDevice= 6.09
[   52.612458][    T1] usb usb9: New USB device strings: Mfr=3, Product=2, SerialNumber=1
[   52.613447][    T1] usb usb9: Product: USB/IP Virtual Host Controller
[   52.614230][    T1] usb usb9: Manufacturer: Linux 6.9.0-rc6-00175-ga5c3e265d3b6-dirty vhci_hcd
[   52.615262][    T1] usb usb9: SerialNumber: vhci_hcd.3
[   52.623980][    T1] hub 9-0:1.0: USB hub found
[   52.625257][    T1] hub 9-0:1.0: 8 ports detected
[   52.663457][    T1] vhci_hcd vhci_hcd.4: USB/IP Virtual Host Controller
[   52.668903][    T1] vhci_hcd vhci_hcd.4: new USB bus registered, assigned bus number 10
[   52.677460][    T1] usb usb10: New USB device found, idVendor=1d6b, idProduct=0002, bcdDevice= 6.09
[   52.678568][    T1] usb usb10: New USB device strings: Mfr=3, Product=2, SerialNumber=1
[   52.679534][    T1] usb usb10: Product: USB/IP Virtual Host Controller
[   52.680326][    T1] usb usb10: Manufacturer: Linux 6.9.0-rc6-00175-ga5c3e265d3b6-dirty vhci_hcd
[   52.681365][    T1] usb usb10: SerialNumber: vhci_hcd.4
[   52.690744][    T1] hub 10-0:1.0: USB hub found
[   52.692223][    T1] hub 10-0:1.0: 8 ports detected
[   52.725048][    T1] vhci_hcd vhci_hcd.4: USB/IP Virtual Host Controller
[   52.729169][    T1] vhci_hcd vhci_hcd.4: new USB bus registered, assigned bus number 11
[   52.735550][    T1] usb usb11: We don't know the algorithms for LPM for this host, disabling LPM.
[   52.743091][    T1] usb usb11: New USB device found, idVendor=1d6b, idProduct=0003, bcdDevice= 6.09
[   52.745219][    T1] usb usb11: New USB device strings: Mfr=3, Product=2, SerialNumber=1
[   52.747075][    T1] usb usb11: Product: USB/IP Virtual Host Controller
[   52.748621][    T1] usb usb11: Manufacturer: Linux 6.9.0-rc6-00175-ga5c3e265d3b6-dirty vhci_hcd
[   52.750647][    T1] usb usb11: SerialNumber: vhci_hcd.4
[   52.761515][    T1] hub 11-0:1.0: USB hub found
[   52.762806][    T1] hub 11-0:1.0: 8 ports detected
[   52.798600][    T1] vhci_hcd vhci_hcd.5: USB/IP Virtual Host Controller
[   52.801978][    T1] vhci_hcd vhci_hcd.5: new USB bus registered, assigned bus number 12
[   52.806591][    T1] usb usb12: New USB device found, idVendor=1d6b, idProduct=0002, bcdDevice= 6.09
[   52.807686][    T1] usb usb12: New USB device strings: Mfr=3, Product=2, SerialNumber=1
[   52.808654][    T1] usb usb12: Product: USB/IP Virtual Host Controller
[   52.809446][    T1] usb usb12: Manufacturer: Linux 6.9.0-rc6-00175-ga5c3e265d3b6-dirty vhci_hcd
[   52.810489][    T1] usb usb12: SerialNumber: vhci_hcd.5
[   52.819231][    T1] hub 12-0:1.0: USB hub found
[   52.821568][    T1] hub 12-0:1.0: 8 ports detected
[   52.848260][    T1] vhci_hcd vhci_hcd.5: USB/IP Virtual Host Controller
[   52.853385][    T1] vhci_hcd vhci_hcd.5: new USB bus registered, assigned bus number 13
[   52.856868][    T1] usb usb13: We don't know the algorithms for LPM for this host, disabling LPM.
[   52.860762][    T1] usb usb13: New USB device found, idVendor=1d6b, idProduct=0003, bcdDevice= 6.09
[   52.861855][    T1] usb usb13: New USB device strings: Mfr=3, Product=2, SerialNumber=1
[   52.862823][    T1] usb usb13: Product: USB/IP Virtual Host Controller
[   52.863656][    T1] usb usb13: Manufacturer: Linux 6.9.0-rc6-00175-ga5c3e265d3b6-dirty vhci_hcd
[   52.864699][    T1] usb usb13: SerialNumber: vhci_hcd.5
[   52.873559][    T1] hub 13-0:1.0: USB hub found
[   52.874850][    T1] hub 13-0:1.0: 8 ports detected
[   52.909327][    T1] vhci_hcd vhci_hcd.6: USB/IP Virtual Host Controller
[   52.912592][    T1] vhci_hcd vhci_hcd.6: new USB bus registered, assigned bus number 14
[   52.916944][    T1] usb usb14: New USB device found, idVendor=1d6b, idProduct=0002, bcdDevice= 6.09
[   52.918042][    T1] usb usb14: New USB device strings: Mfr=3, Product=2, SerialNumber=1
[   52.919013][    T1] usb usb14: Product: USB/IP Virtual Host Controller
[   52.919807][    T1] usb usb14: Manufacturer: Linux 6.9.0-rc6-00175-ga5c3e265d3b6-dirty vhci_hcd
[   52.920850][    T1] usb usb14: SerialNumber: vhci_hcd.6
[   52.929690][    T1] hub 14-0:1.0: USB hub found
[   52.930988][    T1] hub 14-0:1.0: 8 ports detected
[   52.958804][    T1] vhci_hcd vhci_hcd.6: USB/IP Virtual Host Controller
[   52.969891][    T1] vhci_hcd vhci_hcd.6: new USB bus registered, assigned bus number 15
[   52.973806][    T1] usb usb15: We don't know the algorithms for LPM for this host, disabling LPM.
[   52.977694][    T1] usb usb15: New USB device found, idVendor=1d6b, idProduct=0003, bcdDevice= 6.09
[   52.978784][    T1] usb usb15: New USB device strings: Mfr=3, Product=2, SerialNumber=1
[   52.979742][    T1] usb usb15: Product: USB/IP Virtual Host Controller
[   52.980529][    T1] usb usb15: Manufacturer: Linux 6.9.0-rc6-00175-ga5c3e265d3b6-dirty vhci_hcd
[   52.981562][    T1] usb usb15: SerialNumber: vhci_hcd.6
[   52.990588][    T1] hub 15-0:1.0: USB hub found
[   52.992836][    T1] hub 15-0:1.0: 8 ports detected
[   53.027710][    T1] vhci_hcd vhci_hcd.7: USB/IP Virtual Host Controller
[   53.031260][    T1] vhci_hcd vhci_hcd.7: new USB bus registered, assigned bus number 16
[   53.035748][    T1] usb usb16: New USB device found, idVendor=1d6b, idProduct=0002, bcdDevice= 6.09
[   53.036844][    T1] usb usb16: New USB device strings: Mfr=3, Product=2, SerialNumber=1
[   53.037809][    T1] usb usb16: Product: USB/IP Virtual Host Controller
[   53.038607][    T1] usb usb16: Manufacturer: Linux 6.9.0-rc6-00175-ga5c3e265d3b6-dirty vhci_hcd
[   53.039646][    T1] usb usb16: SerialNumber: vhci_hcd.7
[   53.048467][    T1] hub 16-0:1.0: USB hub found
[   53.050712][    T1] hub 16-0:1.0: 8 ports detected
[   53.076268][    T1] vhci_hcd vhci_hcd.7: USB/IP Virtual Host Controller
[   53.080987][    T1] vhci_hcd vhci_hcd.7: new USB bus registered, assigned bus number 17
[   53.083253][    T1] usb usb17: We don't know the algorithms for LPM for this host, disabling LPM.
[   53.087147][    T1] usb usb17: New USB device found, idVendor=1d6b, idProduct=0003, bcdDevice= 6.09
[   53.088243][    T1] usb usb17: New USB device strings: Mfr=3, Product=2, SerialNumber=1
[   53.089210][    T1] usb usb17: Product: USB/IP Virtual Host Controller
[   53.090000][    T1] usb usb17: Manufacturer: Linux 6.9.0-rc6-00175-ga5c3e265d3b6-dirty vhci_hcd
[   53.091041][    T1] usb usb17: SerialNumber: vhci_hcd.7
[   53.099792][    T1] hub 17-0:1.0: USB hub found
[   53.101079][    T1] hub 17-0:1.0: 8 ports detected
[   53.142014][    T1] vhci_hcd vhci_hcd.8: USB/IP Virtual Host Controller
[   53.149516][    T1] vhci_hcd vhci_hcd.8: new USB bus registered, assigned bus number 18
[   53.157110][    T1] usb usb18: New USB device found, idVendor=1d6b, idProduct=0002, bcdDevice= 6.09
[   53.158226][    T1] usb usb18: New USB device strings: Mfr=3, Product=2, SerialNumber=1
[   53.159212][    T1] usb usb18: Product: USB/IP Virtual Host Controller
[   53.160013][    T1] usb usb18: Manufacturer: Linux 6.9.0-rc6-00175-ga5c3e265d3b6-dirty vhci_hcd
[   53.161066][    T1] usb usb18: SerialNumber: vhci_hcd.8
[   53.170775][    T1] hub 18-0:1.0: USB hub found
[   53.172688][    T1] hub 18-0:1.0: 8 ports detected
[   53.205392][    T1] vhci_hcd vhci_hcd.8: USB/IP Virtual Host Controller
[   53.210670][    T1] vhci_hcd vhci_hcd.8: new USB bus registered, assigned bus number 19
[   53.216426][    T1] usb usb19: We don't know the algorithms for LPM for this host, disabling LPM.
[   53.222874][    T1] usb usb19: New USB device found, idVendor=1d6b, idProduct=0003, bcdDevice= 6.09
[   53.224235][    T1] usb usb19: New USB device strings: Mfr=3, Product=2, SerialNumber=1
[   53.225220][    T1] usb usb19: Product: USB/IP Virtual Host Controller
[   53.226016][    T1] usb usb19: Manufacturer: Linux 6.9.0-rc6-00175-ga5c3e265d3b6-dirty vhci_hcd
[   53.227081][    T1] usb usb19: SerialNumber: vhci_hcd.8
[   53.235900][    T1] hub 19-0:1.0: USB hub found
[   53.237364][    T1] hub 19-0:1.0: 8 ports detected
[   53.281859][    T1] vhci_hcd vhci_hcd.9: USB/IP Virtual Host Controller
[   53.288026][    T1] vhci_hcd vhci_hcd.9: new USB bus registered, assigned bus number 20
[   53.292341][    T1] usb usb20: New USB device found, idVendor=1d6b, idProduct=0002, bcdDevice= 6.09
[   53.294425][    T1] usb usb20: New USB device strings: Mfr=3, Product=2, SerialNumber=1
[   53.295395][    T1] usb usb20: Product: USB/IP Virtual Host Controller
[   53.296186][    T1] usb usb20: Manufacturer: Linux 6.9.0-rc6-00175-ga5c3e265d3b6-dirty vhci_hcd
[   53.297224][    T1] usb usb20: SerialNumber: vhci_hcd.9
[   53.305951][    T1] hub 20-0:1.0: USB hub found
[   53.307259][    T1] hub 20-0:1.0: 8 ports detected
[   53.335424][    T1] vhci_hcd vhci_hcd.9: USB/IP Virtual Host Controller
[   53.338899][    T1] vhci_hcd vhci_hcd.9: new USB bus registered, assigned bus number 21
[   53.342822][    T1] usb usb21: We don't know the algorithms for LPM for this host, disabling LPM.
[   53.350323][    T1] usb usb21: New USB device found, idVendor=1d6b, idProduct=0003, bcdDevice= 6.09
[   53.351444][    T1] usb usb21: New USB device strings: Mfr=3, Product=2, SerialNumber=1
[   53.352422][    T1] usb usb21: Product: USB/IP Virtual Host Controller
[   53.353267][    T1] usb usb21: Manufacturer: Linux 6.9.0-rc6-00175-ga5c3e265d3b6-dirty vhci_hcd
[   53.354322][    T1] usb usb21: SerialNumber: vhci_hcd.9
[   53.363757][    T1] hub 21-0:1.0: USB hub found
[   53.365066][    T1] hub 21-0:1.0: 8 ports detected
[   53.397543][    T1] vhci_hcd vhci_hcd.10: USB/IP Virtual Host Controller
[   53.401113][    T1] vhci_hcd vhci_hcd.10: new USB bus registered, assigned bus number 22
[   53.408833][    T1] usb usb22: New USB device found, idVendor=1d6b, idProduct=0002, bcdDevice= 6.09
[   53.409943][    T1] usb usb22: New USB device strings: Mfr=3, Product=2, SerialNumber=1
[   53.410919][    T1] usb usb22: Product: USB/IP Virtual Host Controller
[   53.411713][    T1] usb usb22: Manufacturer: Linux 6.9.0-rc6-00175-ga5c3e265d3b6-dirty vhci_hcd
[   53.412758][    T1] usb usb22: SerialNumber: vhci_hcd.10
[   53.421380][    T1] hub 22-0:1.0: USB hub found
[   53.423848][    T1] hub 22-0:1.0: 8 ports detected
[   53.451510][    T1] vhci_hcd vhci_hcd.10: USB/IP Virtual Host Controller
[   53.456297][    T1] vhci_hcd vhci_hcd.10: new USB bus registered, assigned bus number 23
[   53.458523][    T1] usb usb23: We don't know the algorithms for LPM for this host, disabling LPM.
[   53.462361][    T1] usb usb23: New USB device found, idVendor=1d6b, idProduct=0003, bcdDevice= 6.09
[   53.463494][    T1] usb usb23: New USB device strings: Mfr=3, Product=2, SerialNumber=1
[   53.464459][    T1] usb usb23: Product: USB/IP Virtual Host Controller
[   53.465248][    T1] usb usb23: Manufacturer: Linux 6.9.0-rc6-00175-ga5c3e265d3b6-dirty vhci_hcd
[   53.466283][    T1] usb usb23: SerialNumber: vhci_hcd.10
[   53.475953][    T1] hub 23-0:1.0: USB hub found
[   53.477226][    T1] hub 23-0:1.0: 8 ports detected
[   53.513007][    T1] vhci_hcd vhci_hcd.11: USB/IP Virtual Host Controller
[   53.516079][    T1] vhci_hcd vhci_hcd.11: new USB bus registered, assigned bus number 24
[   53.521767][    T1] usb usb24: New USB device found, idVendor=1d6b, idProduct=0002, bcdDevice= 6.09
[   53.522899][    T1] usb usb24: New USB device strings: Mfr=3, Product=2, SerialNumber=1
[   53.523933][    T1] usb usb24: Product: USB/IP Virtual Host Controller
[   53.524740][    T1] usb usb24: Manufacturer: Linux 6.9.0-rc6-00175-ga5c3e265d3b6-dirty vhci_hcd
[   53.525793][    T1] usb usb24: SerialNumber: vhci_hcd.11
[   53.534574][    T1] hub 24-0:1.0: USB hub found
[   53.536993][    T1] hub 24-0:1.0: 8 ports detected
[   53.569061][    T1] vhci_hcd vhci_hcd.11: USB/IP Virtual Host Controller
[   53.576707][    T1] vhci_hcd vhci_hcd.11: new USB bus registered, assigned bus number 25
[   53.580653][    T1] usb usb25: We don't know the algorithms for LPM for this host, disabling LPM.
[   53.585962][    T1] usb usb25: New USB device found, idVendor=1d6b, idProduct=0003, bcdDevice= 6.09
[   53.588082][    T1] usb usb25: New USB device strings: Mfr=3, Product=2, SerialNumber=1
[   53.589925][    T1] usb usb25: Product: USB/IP Virtual Host Controller
[   53.591428][    T1] usb usb25: Manufacturer: Linux 6.9.0-rc6-00175-ga5c3e265d3b6-dirty vhci_hcd
[   53.594331][    T1] usb usb25: SerialNumber: vhci_hcd.11
[   53.608001][    T1] hub 25-0:1.0: USB hub found
[   53.610127][    T1] hub 25-0:1.0: 8 ports detected
[   53.650283][    T1] vhci_hcd vhci_hcd.12: USB/IP Virtual Host Controller
[   53.654355][    T1] vhci_hcd vhci_hcd.12: new USB bus registered, assigned bus number 26
[   53.660661][    T1] usb usb26: New USB device found, idVendor=1d6b, idProduct=0002, bcdDevice= 6.09
[   53.661777][    T1] usb usb26: New USB device strings: Mfr=3, Product=2, SerialNumber=1
[   53.662764][    T1] usb usb26: Product: USB/IP Virtual Host Controller
[   53.664637][    T1] usb usb26: Manufacturer: Linux 6.9.0-rc6-00175-ga5c3e265d3b6-dirty vhci_hcd
[   53.665699][    T1] usb usb26: SerialNumber: vhci_hcd.12
[   53.674945][    T1] hub 26-0:1.0: USB hub found
[   53.676413][    T1] hub 26-0:1.0: 8 ports detected
[   53.704826][    T1] vhci_hcd vhci_hcd.12: USB/IP Virtual Host Controller
[   53.708319][    T1] vhci_hcd vhci_hcd.12: new USB bus registered, assigned bus number 27
[   53.712247][    T1] usb usb27: We don't know the algorithms for LPM for this host, disabling LPM.
[   53.720015][    T1] usb usb27: New USB device found, idVendor=1d6b, idProduct=0003, bcdDevice= 6.09
[   53.721123][    T1] usb usb27: New USB device strings: Mfr=3, Product=2, SerialNumber=1
[   53.722095][    T1] usb usb27: Product: USB/IP Virtual Host Controller
[   53.722897][    T1] usb usb27: Manufacturer: Linux 6.9.0-rc6-00175-ga5c3e265d3b6-dirty vhci_hcd
[   53.724000][    T1] usb usb27: SerialNumber: vhci_hcd.12
[   53.732690][    T1] hub 27-0:1.0: USB hub found
[   53.734019][    T1] hub 27-0:1.0: 8 ports detected
[   53.769863][    T1] vhci_hcd vhci_hcd.13: USB/IP Virtual Host Controller
[   53.773221][    T1] vhci_hcd vhci_hcd.13: new USB bus registered, assigned bus number 28
[   53.778098][    T1] usb usb28: New USB device found, idVendor=1d6b, idProduct=0002, bcdDevice= 6.09
[   53.779193][    T1] usb usb28: New USB device strings: Mfr=3, Product=2, SerialNumber=1
[   53.780147][    T1] usb usb28: Product: USB/IP Virtual Host Controller
[   53.780928][    T1] usb usb28: Manufacturer: Linux 6.9.0-rc6-00175-ga5c3e265d3b6-dirty vhci_hcd
[   53.781966][    T1] usb usb28: SerialNumber: vhci_hcd.13
[   53.790924][    T1] hub 28-0:1.0: USB hub found
[   53.792201][    T1] hub 28-0:1.0: 8 ports detected
[   53.820312][    T1] vhci_hcd vhci_hcd.13: USB/IP Virtual Host Controller
[   53.823825][    T1] vhci_hcd vhci_hcd.13: new USB bus registered, assigned bus number 29
[   53.827647][    T1] usb usb29: We don't know the algorithms for LPM for this host, disabling LPM.
[   53.832809][    T1] usb usb29: New USB device found, idVendor=1d6b, idProduct=0003, bcdDevice= 6.09
[   53.833957][    T1] usb usb29: New USB device strings: Mfr=3, Product=2, SerialNumber=1
[   53.834942][    T1] usb usb29: Product: USB/IP Virtual Host Controller
[   53.835743][    T1] usb usb29: Manufacturer: Linux 6.9.0-rc6-00175-ga5c3e265d3b6-dirty vhci_hcd
[   53.836780][    T1] usb usb29: SerialNumber: vhci_hcd.13
[   53.846684][    T1] hub 29-0:1.0: USB hub found
[   53.848139][    T1] hub 29-0:1.0: 8 ports detected
[   53.888471][    T1] vhci_hcd vhci_hcd.14: USB/IP Virtual Host Controller
[   53.891768][    T1] vhci_hcd vhci_hcd.14: new USB bus registered, assigned bus number 30
[   53.898755][    T1] usb usb30: New USB device found, idVendor=1d6b, idProduct=0002, bcdDevice= 6.09
[   53.899853][    T1] usb usb30: New USB device strings: Mfr=3, Product=2, SerialNumber=1
[   53.900818][    T1] usb usb30: Product: USB/IP Virtual Host Controller
[   53.901611][    T1] usb usb30: Manufacturer: Linux 6.9.0-rc6-00175-ga5c3e265d3b6-dirty vhci_hcd
[   53.902650][    T1] usb usb30: SerialNumber: vhci_hcd.14
[   53.911914][    T1] hub 30-0:1.0: USB hub found
[   53.913231][    T1] hub 30-0:1.0: 8 ports detected
[   53.942009][    T1] vhci_hcd vhci_hcd.14: USB/IP Virtual Host Controller
[   53.947260][    T1] vhci_hcd vhci_hcd.14: new USB bus registered, assigned bus number 31
[   53.949480][    T1] usb usb31: We don't know the algorithms for LPM for this host, disabling LPM.
[   53.954787][    T1] usb usb31: New USB device found, idVendor=1d6b, idProduct=0003, bcdDevice= 6.09
[   53.956905][    T1] usb usb31: New USB device strings: Mfr=3, Product=2, SerialNumber=1
[   53.958747][    T1] usb usb31: Product: USB/IP Virtual Host Controller
[   53.960267][    T1] usb usb31: Manufacturer: Linux 6.9.0-rc6-00175-ga5c3e265d3b6-dirty vhci_hcd
[   53.962280][    T1] usb usb31: SerialNumber: vhci_hcd.14
[   53.978161][    T1] hub 31-0:1.0: USB hub found
[   53.980514][    T1] hub 31-0:1.0: 8 ports detected
[   54.015193][    T1] vhci_hcd vhci_hcd.15: USB/IP Virtual Host Controller
[   54.019440][    T1] vhci_hcd vhci_hcd.15: new USB bus registered, assigned bus number 32
[   54.025653][    T1] usb usb32: New USB device found, idVendor=1d6b, idProduct=0002, bcdDevice= 6.09
[   54.027750][    T1] usb usb32: New USB device strings: Mfr=3, Product=2, SerialNumber=1
[   54.029601][    T1] usb usb32: Product: USB/IP Virtual Host Controller
[   54.031131][    T1] usb usb32: Manufacturer: Linux 6.9.0-rc6-00175-ga5c3e265d3b6-dirty vhci_hcd
[   54.035518][    T1] usb usb32: SerialNumber: vhci_hcd.15
[   54.049302][    T1] hub 32-0:1.0: USB hub found
[   54.051507][    T1] hub 32-0:1.0: 8 ports detected
[   54.084389][    T1] vhci_hcd vhci_hcd.15: USB/IP Virtual Host Controller
[   54.087931][    T1] vhci_hcd vhci_hcd.15: new USB bus registered, assigned bus number 33
[   54.091901][    T1] usb usb33: We don't know the algorithms for LPM for this host, disabling LPM.
[   54.100430][    T1] usb usb33: New USB device found, idVendor=1d6b, idProduct=0003, bcdDevice= 6.09
[   54.101530][    T1] usb usb33: New USB device strings: Mfr=3, Product=2, SerialNumber=1
[   54.102508][    T1] usb usb33: Product: USB/IP Virtual Host Controller
[   54.103348][    T1] usb usb33: Manufacturer: Linux 6.9.0-rc6-00175-ga5c3e265d3b6-dirty vhci_hcd
[   54.104388][    T1] usb usb33: SerialNumber: vhci_hcd.15
[   54.114444][    T1] hub 33-0:1.0: USB hub found
[   54.115747][    T1] hub 33-0:1.0: 8 ports detected
[   54.146132][    T1] usbcore: registered new device driver usbip-host
[   54.166410][    T1] i8042: PNP: PS/2 Controller [PNP0303:KBD,PNP0f13:MOU] at 0x60,0x64 irq 1,12
[   54.175153][    T1] serio: i8042 KBD port at 0x60,0x64 irq 1
[   54.176190][    T1] serio: i8042 AUX port at 0x60,0x64 irq 12
[   54.182706][    T1] mousedev: PS/2 mouse device common for all mice
[   54.188887][    T1] usbcore: registered new interface driver appletouch
[   54.190459][    T1] usbcore: registered new interface driver bcm5974
[   54.192058][   T44] input: AT Translated Set 2 keyboard as /devices/platform/i8042/serio0/input/input1
[   54.192542][    T1] usbcore: registered new interface driver synaptics_usb
[   54.197183][    T1] usbcore: registered new interface driver iforce
[   54.199060][    T1] usbcore: registered new interface driver xpad
[   54.200684][    T1] usbcore: registered new interface driver usb_acecad
[   54.202573][    T1] usbcore: registered new interface driver aiptek
[   54.206260][    T1] usbcore: registered new interface driver hanwang
[   54.207507][    T1] usbcore: registered new interface driver kbtab
[   54.208709][    T1] usbcore: registered new interface driver pegasus_notetaker
[   54.210148][    T1] usbcore: registered new interface driver usbtouchscreen
[   54.211513][    T1] usbcore: registered new interface driver sur40
[   54.219987][    T1] usbcore: registered new interface driver ati_remote2
[   54.220834][    T1] cm109: Keymap for Komunikate KIP1000 phone loaded
[   54.222343][    T1] usbcore: registered new interface driver cm109
[   54.224348][    T1] cm109: CM109 phone driver: 20080805 (C) Alfred E. Heggestad
[   54.226039][    T1] usbcore: registered new interface driver ims_pcu
[   54.227516][    T1] usbcore: registered new interface driver keyspan_remote
[   54.228816][    T1] usbcore: registered new interface driver powermate
[   54.231081][    T1] usbcore: registered new interface driver yealink
[   54.235506][    T1] rtc_cmos 00:05: RTC can wake from S4
[   54.250601][    T1] rtc_cmos 00:05: registered as rtc0
[   54.251337][    T1] rtc_cmos 00:05: alarms up to one day, y3k, 242 bytes nvram, hpet irqs
[   54.253499][    T1] i2c_dev: i2c /dev entries driver
[   54.256290][    T1] usbcore: registered new interface driver i2c-diolan-u2c
[   54.257908][    T1] usbcore: registered new interface driver RobotFuzz Open Source InterFace, OSIF
[   54.259454][    T1] usbcore: registered new interface driver i2c-tiny-usb
[   54.270364][    T1] usbcore: registered new interface driver igorplugusb
[   54.271648][    T1] usbcore: registered new interface driver iguanair
[   54.272965][    T1] usbcore: registered new interface driver imon
[   54.274467][    T1] usbcore: registered new interface driver mceusb
[   54.275689][    T1] usbcore: registered new interface driver redrat3
[   54.276921][    T1] usbcore: registered new interface driver streamzap
[   54.278170][    T1] usbcore: registered new interface driver ttusbir
[   54.279420][    T1] usbcore: registered new interface driver ati_remote
[   54.280987][    T1] b2c2-flexcop: B2C2 FlexcopII/II(b)/III digital TV receiver chip loaded successfully
[   54.282786][    T1] usbcore: registered new interface driver b2c2_flexcop_usb
[   54.285564][    T1] usbcore: registered new interface driver dvb_usb_vp7045
[   54.287359][    T1] usbcore: registered new interface driver dvb_usb_vp702x
[   54.288679][    T1] usbcore: registered new interface driver dvb_usb_gp8psk
[   54.290010][    T1] usbcore: registered new interface driver dvb_usb_dtt200u
[   54.291334][    T1] usbcore: registered new interface driver dvb_usb_a800
[   54.295330][    T1] usbcore: registered new interface driver dvb_usb_dibusb_mb
[   54.297074][    T1] usbcore: registered new interface driver dvb_usb_dibusb_mc
[   54.298860][    T1] usbcore: registered new interface driver dvb_usb_nova_t_usb2
[   54.300654][    T1] usbcore: registered new interface driver dvb_usb_umt_010
[   54.301993][    T1] usbcore: registered new interface driver dvb_usb_m920x
[   54.303963][    T1] usbcore: registered new interface driver dvb_usb_digitv
[   54.305335][    T1] usbcore: registered new interface driver dvb_usb_cxusb
[   54.306638][    T1] usbcore: registered new interface driver dvb_usb_ttusb2
[   54.308239][    T1] usbcore: registered new interface driver dvb_usb_dib0700
[   54.309558][    T1] usbcore: registered new interface driver opera1
[   54.310823][    T1] usbcore: registered new interface driver dvb_usb_af9005
[   54.311659][    T1] failing symbol_get of non-GPLONLY symbol af9005_rc_decode.
[   54.316705][    T1] failing symbol_get of non-GPLONLY symbol af9005_rc_decode.
[   54.317574][    T1] failing symbol_get of non-GPLONLY symbol rc_map_af9005_table.
[   54.319428][    T1] failing symbol_get of non-GPLONLY symbol rc_map_af9005_table.
[   54.320341][    T1] failing symbol_get of non-GPLONLY symbol rc_map_af9005_table_size.
[   54.322226][    T1] failing symbol_get of non-GPLONLY symbol rc_map_af9005_table_size.
[   54.323364][    T1] af9005: af9005_rc_decode function not found, disabling remote
[   54.324724][    T1] usbcore: registered new interface driver pctv452e
[   54.326073][    T1] usbcore: registered new interface driver dw2102
[   54.327295][    T1] usbcore: registered new interface driver dvb_usb_dtv5100
[   54.328607][    T1] usbcore: registered new interface driver cinergyT2
[   54.329916][    T1] usbcore: registered new interface driver dvb_usb_az6027
[   54.331220][    T1] usbcore: registered new interface driver dvb_usb_technisat_usb2
[   54.332681][    T1] usbcore: registered new interface driver dvb_usb_af9015
[   54.334458][    T1] usbcore: registered new interface driver dvb_usb_af9035
[   54.335702][    T1] usbcore: registered new interface driver dvb_usb_anysee
[   54.336942][    T1] usbcore: registered new interface driver dvb_usb_au6610
[   54.338192][    T1] usbcore: registered new interface driver dvb_usb_az6007
[   54.339446][    T1] usbcore: registered new interface driver dvb_usb_ce6230
[   54.340707][    T1] usbcore: registered new interface driver dvb_usb_ec168
[   54.341947][    T1] usbcore: registered new interface driver dvb_usb_lmedm04
[   54.343265][    T1] usbcore: registered new interface driver dvb_usb_gl861
[   54.344621][    T1] usbcore: registered new interface driver dvb_usb_mxl111sf
[   54.346009][    T1] usbcore: registered new interface driver dvb_usb_rtl28xxu
[   54.347337][    T1] usbcore: registered new interface driver dvb_usb_dvbsky
[   54.348588][    T1] usbcore: registered new interface driver zd1301
[   54.349837][    T1] usbcore: registered new interface driver s2255
[   54.351215][    T1] usbcore: registered new interface driver smsusb
[   54.352445][    T1] usbcore: registered new interface driver ttusb
[   54.354328][    T1] usbcore: registered new interface driver ttusb-dec
[   54.355608][    T1] usbcore: registered new interface driver Abilis Systems as10x usb driver
[   54.357391][    T1] usbcore: registered new interface driver airspy
[   54.358150][    T1] gspca_main: v2.14.0 registered
[   54.359204][    T1] usbcore: registered new interface driver benq
[   54.360416][    T1] usbcore: registered new interface driver conex
[   54.361631][    T1] usbcore: registered new interface driver cpia1
[   54.362846][    T1] usbcore: registered new interface driver dtcs033
[   54.364133][    T1] usbcore: registered new interface driver etoms
[   54.365457][    T1] usbcore: registered new interface driver finepix
[   54.366704][    T1] usbcore: registered new interface driver jeilinj
[   54.367942][    T1] usbcore: registered new interface driver jl2005bcd
[   54.369199][    T1] usbcore: registered new interface driver kinect
[   54.370430][    T1] usbcore: registered new interface driver konica
[   54.371647][    T1] usbcore: registered new interface driver mars
[   54.372853][    T1] usbcore: registered new interface driver mr97310a
[   54.374161][    T1] usbcore: registered new interface driver nw80x
[   54.375455][    T1] usbcore: registered new interface driver ov519
[   54.376668][    T1] usbcore: registered new interface driver ov534
[   54.378698][    T1] usbcore: registered new interface driver ov534_9
[   54.380301][    T1] usbcore: registered new interface driver pac207
[   54.382026][    T1] usbcore: registered new interface driver gspca_pac7302
[   54.383837][    T1] usbcore: registered new interface driver pac7311
[   54.385529][    T1] usbcore: registered new interface driver se401
[   54.387233][    T1] usbcore: registered new interface driver sn9c2028
[   54.389043][    T1] usbcore: registered new interface driver gspca_sn9c20x
[   54.390898][    T1] usbcore: registered new interface driver sonixb
[   54.392261][    T1] usbcore: registered new interface driver sonixj
[   54.393649][    T1] usbcore: registered new interface driver spca500
[   54.394902][    T1] usbcore: registered new interface driver spca501
[   54.396153][    T1] usbcore: registered new interface driver spca505
[   54.397384][    T1] usbcore: registered new interface driver spca506
[   54.398639][    T1] usbcore: registered new interface driver spca508
[   54.399922][    T1] usbcore: registered new interface driver spca561
[   54.401142][    T1] usbcore: registered new interface driver spca1528
[   54.402376][    T1] usbcore: registered new interface driver sq905
[   54.403665][    T1] usbcore: registered new interface driver sq905c
[   54.404932][    T1] usbcore: registered new interface driver sq930x
[   54.410194][    T1] usbcore: registered new interface driver sunplus
[   54.411451][    T1] usbcore: registered new interface driver stk014
[   54.412665][    T1] usbcore: registered new interface driver stk1135
[   54.413998][    T1] usbcore: registered new interface driver stv0680
[   54.415240][    T1] usbcore: registered new interface driver t613
[   54.416462][    T1] usbcore: registered new interface driver gspca_topro
[   54.417784][    T1] usbcore: registered new interface driver touptek
[   54.419036][    T1] usbcore: registered new interface driver tv8532
[   54.420299][    T1] usbcore: registered new interface driver vc032x
[   54.421543][    T1] usbcore: registered new interface driver vicam
[   54.422780][    T1] usbcore: registered new interface driver xirlink-cit
[   54.428647][    T1] usbcore: registered new interface driver gspca_zc3xx
[   54.429931][    T1] usbcore: registered new interface driver ALi m5602
[   54.431215][    T1] usbcore: registered new interface driver STV06xx
[   54.432478][    T1] usbcore: registered new interface driver gspca_gl860
[   54.435070][    T1] usbcore: registered new interface driver hackrf
[   54.436300][    T1] usbcore: registered new interface driver msi2500
[   54.437656][    T1] usbcore: registered new interface driver Philips webcam
[   54.439400][    T1] usbcore: registered new interface driver uvcvideo
[   54.440180][    T1] au0828: au0828 driver loaded
[   54.441307][    T1] usbcore: registered new interface driver au0828
[   54.448047][    T1] usbcore: registered new interface driver cx231xx
[   54.449752][    T1] usbcore: registered new interface driver em28xx
[   54.450584][    T1] em28xx: Registered (Em28xx v4l2 Extension) extension
[   54.451387][    T1] em28xx: Registered (Em28xx Audio Extension) extension
[   54.452208][    T1] em28xx: Registered (Em28xx dvb Extension) extension
[   54.453288][    T1] em28xx: Registered (Em28xx Input Extension) extension
[   54.454626][    T1] usbcore: registered new interface driver go7007
[   54.455880][    T1] usbcore: registered new interface driver go7007-loader
[   54.457512][    T1] usbcore: registered new interface driver hdpvr
[   54.459395][    T1] usbcore: registered new interface driver pvrusb2
[   54.460165][    T1] pvrusb2: V4L in-tree version:Hauppauge WinTV-PVR-USB2 MPEG2 Encoder/Tuner
[   54.461169][    T1] pvrusb2: Debug mask is 31 (0x1f)
[   54.462244][    T1] usbcore: registered new interface driver stk1160
[   54.463534][    T1] usbcore: registered new interface driver usbtv
[   54.471192][    T1] dvbdev: DVB: registering new adapter (dvb_vidtv_bridge)
[   54.478866][    T1] i2c i2c-0: DVB: registering adapter 0 frontend 0 (Dummy demod for DVB-T/T2/C/S/S2)...
[   54.481073][    T1] dvbdev: dvb_create_media_entity: media entity 'Dummy demod for DVB-T/T2/C/S/S2' registered.
[   54.500282][    T1] dvbdev: dvb_create_media_entity: media entity 'dvb-demux' registered.
[   54.520312][    T1] vidtv vidtv.0: Successfully initialized vidtv!
[   54.524809][    T1] vicodec vicodec.0: Device 'stateful-encoder' registered as /dev/video0
[   54.528013][    T1] vicodec vicodec.0: Device 'stateful-decoder' registered as /dev/video1
[   54.531047][    T1] vicodec vicodec.0: Device 'stateless-decoder' registered as /dev/video2
[   54.537212][    T1] vim2m vim2m.0: Device registered as /dev/video0
[   54.594068][    T1] vivid-000: using single planar format API
[   54.636262][    T1] vivid-000: CEC adapter cec0 registered for HDMI input 0
[   54.640012][    T1] vivid-000: V4L2 capture device registered as video7
[   54.642852][    T1] vivid-000: CEC adapter cec1 registered for HDMI output 0
[   54.646967][    T1] vivid-000: V4L2 output device registered as video8
[   54.649421][    T1] vivid-000: V4L2 capture device registered as vbi0, supports raw and sliced VBI
[   54.652128][    T1] vivid-000: V4L2 output device registered as vbi1, supports raw and sliced VBI
[   54.654841][    T1] vivid-000: V4L2 capture device registered as swradio0
[   54.657224][    T1] vivid-000: V4L2 receiver device registered as radio0
[   54.659648][    T1] vivid-000: V4L2 transmitter device registered as radio1
[   54.662129][    T1] vivid-000: V4L2 metadata capture device registered as video9
[   54.664698][    T1] vivid-000: V4L2 metadata output device registered as video10
[   54.667559][    T1] vivid-000: V4L2 touch capture device registered as v4l-touch0
[   54.670947][    T1] usbcore: registered new interface driver radioshark2
[   54.673070][    T1] usbcore: registered new interface driver radioshark
[   54.674357][    T1] usbcore: registered new interface driver radio-si470x
[   54.675973][    T1] usbcore: registered new interface driver radio-usb-si4713
[   54.677287][    T1] usbcore: registered new interface driver dsbr100
[   54.678530][    T1] usbcore: registered new interface driver radio-keene
[   54.679817][    T1] usbcore: registered new interface driver radio-ma901
[   54.681088][    T1] usbcore: registered new interface driver radio-mr800
[   54.682359][    T1] usbcore: registered new interface driver radio-raremono
[   54.687287][    T1] usbcore: registered new interface driver pcwd_usb
[   54.692169][    T1] device-mapper: core: CONFIG_IMA_DISABLE_HTABLE is disabled. Duplicate IMA measurements will not be recorded in the IMA log.
[   54.693798][    T1] device-mapper: uevent: version 1.0.3
[   54.696858][    T1] device-mapper: ioctl: 4.48.0-ioctl (2023-03-01) initialised: dm-devel@lists.linux.dev
[   54.700425][    T1] device-mapper: multipath round-robin: version 1.2.0 loaded
[   54.701310][    T1] device-mapper: multipath queue-length: version 0.2.0 loaded
[   54.702200][    T1] device-mapper: multipath service-time: version 0.3.0 loaded
[   54.705314][    T1] Bluetooth: HCI UART driver ver 2.3
[   54.705950][    T1] Bluetooth: HCI UART protocol H4 registered
[   54.706659][    T1] Bluetooth: HCI UART protocol BCSP registered
[   54.707705][    T1] Bluetooth: HCI UART protocol LL registered
[   54.708747][    T1] Bluetooth: HCI UART protocol Three-wire (H5) registered
[   54.709901][    T1] Bluetooth: HCI UART protocol QCA registered
[   54.710621][    T1] Bluetooth: HCI UART protocol AG6XX registered
[   54.711698][    T1] Bluetooth: HCI UART protocol Marvell registered
[   54.712922][    T1] usbcore: registered new interface driver bcm203x
[   54.714212][    T1] usbcore: registered new interface driver bpa10x
[   54.715461][    T1] usbcore: registered new interface driver bfusb
[   54.716820][    T1] usbcore: registered new interface driver btusb
[   54.718563][    T1] usbcore: registered new interface driver ath3k
[   54.721726][    T1] CAPI 2.0 started up with major 68 (middleware)
[   54.722481][    T1] Modular ISDN core version 1.1.29
[   54.724923][    T1] NET: Registered PF_ISDN protocol family
[   54.725603][    T1] DSP module 2.0
[   54.726028][    T1] mISDN_dsp: DSP clocks every 80 samples. This equals 1 jiffies.
[   54.758182][    T1] mISDN: Layer-1-over-IP driver Rev. 2.00
[   54.760572][    T1] 0 virtual devices registered
[   54.761698][    T1] usbcore: registered new interface driver HFC-S_USB
[   54.762491][    T1] amd_pstate: the _CPC object is not present in SBIOS or ACPI disabled
[   54.763508][    T1] VUB300 Driver rom wait states = 1C irqpoll timeout = 0400
[   54.766318][    T1] usbcore: registered new interface driver vub300
[   54.768399][    T1] usbcore: registered new interface driver ushc
[   54.780252][    T1] iscsi: registered transport (iser)
[   54.783634][    T1] SoftiWARP attached
[   54.803770][    T1] hid: raw HID events driver (C) Jiri Kosina
[   54.866902][    T1] usbcore: registered new interface driver usbhid
[   54.867706][    T1] usbhid: USB HID core driver
[   54.876264][    T1] usbcore: registered new interface driver es2_ap_driver
[   54.877100][    T1] comedi: version 0.7.76 - http://www.comedi.org
[   54.880498][    T1] usbcore: registered new interface driver dt9812
[   54.881798][    T1] usbcore: registered new interface driver ni6501
[   54.885046][    T1] usbcore: registered new interface driver usbdux
[   54.888481][    T1] usbcore: registered new interface driver usbduxfast
[   54.889839][    T1] usbcore: registered new interface driver usbduxsigma
[   54.891170][    T1] usbcore: registered new interface driver vmk80xx
[   54.895712][    T1] usbcore: registered new interface driver r8712u
[   54.896820][    T1] greybus: registered new driver hid
[   54.905716][    T1] greybus: registered new driver gbphy
[   54.906688][    T1] gb_gbphy: registered new driver usb
[   54.910746][    T1] asus_wmi: ASUS WMI generic driver loaded
[   54.915200][   T44] input: ImExPS/2 Generic Explorer Mouse as /devices/platform/i8042/serio1/input/input3
[   55.164490][    T1] usbcore: registered new interface driver snd-usb-audio
[   55.167700][    T1] usbcore: registered new interface driver snd-ua101
[   55.168972][    T1] usbcore: registered new interface driver snd-usb-usx2y
[   55.170849][    T1] usbcore: registered new interface driver snd-usb-us122l
[   55.172200][    T1] usbcore: registered new interface driver snd-usb-caiaq
[   55.173605][    T1] usbcore: registered new interface driver snd-usb-6fire
[   55.175604][    T1] usbcore: registered new interface driver snd-usb-hiface
[   55.176915][    T1] usbcore: registered new interface driver snd-bcd2000
[   55.178222][    T1] usbcore: registered new interface driver snd_usb_pod
[   55.179518][    T1] usbcore: registered new interface driver snd_usb_podhd
[   55.180846][    T1] usbcore: registered new interface driver snd_usb_toneport
[   55.182173][    T1] usbcore: registered new interface driver snd_usb_variax
[   55.188567][    T1] drop_monitor: Initializing network drop monitor service
[   55.190911][    T1] NET: Registered PF_LLC protocol family
[   55.192039][    T1] GACT probability on
[   55.192625][    T1] Mirror/redirect action on
[   55.193793][    T1] Simple TC action Loaded
[   55.201490][    T1] netem: version 1.3
[   55.202123][    T1] u32 classifier
[   55.202547][    T1]     Performance counters on
[   55.203290][    T1]     input device check on
[   55.203821][    T1]     Actions configured
[   55.216158][    T1] xt_time: kernel timezone is -0000
[   55.217088][    T1] IPVS: Registered protocols (TCP, UDP, SCTP, AH, ESP)
[   55.217977][    T1] IPVS: Connection hash table configured (size=4096, memory=32Kbytes)
[   55.220393][    T1] IPVS: ipvs loaded.
[   55.220932][    T1] IPVS: [rr] scheduler registered.
[   55.221537][    T1] IPVS: [wrr] scheduler registered.
[   55.222148][    T1] IPVS: [lc] scheduler registered.
[   55.222758][    T1] IPVS: [wlc] scheduler registered.
[   55.223430][    T1] IPVS: [fo] scheduler registered.
[   55.224037][    T1] IPVS: [ovf] scheduler registered.
[   55.224694][    T1] IPVS: [lblc] scheduler registered.
[   55.225352][    T1] IPVS: [lblcr] scheduler registered.
[   55.225986][    T1] IPVS: [dh] scheduler registered.
[   55.226597][    T1] IPVS: [sh] scheduler registered.
[   55.227199][    T1] IPVS: [mh] scheduler registered.
[   55.227802][    T1] IPVS: [sed] scheduler registered.
[   55.228415][    T1] IPVS: [nq] scheduler registered.
[   55.229018][    T1] IPVS: [twos] scheduler registered.
[   55.229980][    T1] IPVS: [sip] pe registered.
