bash: warning: setlocale: LC_ALL: cannot change locale (en_US.UTF-8)
c[?7l[2J[0mSeaBIOS (version 1.16.2-debian-1.16.2-1)
Booting from ROM...
c[?7l[2Jearly console in extract_kernel
input_data: 0x000000000ed82298
input_len: 0x0000000005c63b76
output: 0x0000000001000000
output_len: 0x0000000011d26bc0
kernel_total_size: 0x0000000013a26000
needed_size: 0x0000000013c00000
trampoline_32bit: 0x0000000000000000

Decompressing Linux... Parsing ELF... done.
Booting the kernel (entry_offset: 0x000000000000007a).
[    0.000000][    T0] Linux version 6.9.0-rc6-00177-g262aa1b53d69-dirty (root@buildkitsandbox) (gcc (Debian 12.2.0-14+deb12u1) 12.2.0, GNU ld (GNU Binutils for Debian) 2.40) #2 SMP PREEMPT_DYNAMIC Tue May 26 05:32:51 UTC 2026
[    0.000000][    T0] Command line: console=ttyS0 oops=panic panic=86400 nokaslr earlyprintk=serial rdinit=/init
[    0.000000][    T0] KERNEL supported cpus:
[    0.000000][    T0]   Intel GenuineIntel
[    0.000000][    T0]   AMD AuthenticAMD
[    0.000000][    T0] BIOS-provided physical RAM map:
[    0.000000][    T0] BIOS-e820: [mem 0x0000000000000000-0x000000000009fbff] usable
[    0.000000][    T0] BIOS-e820: [mem 0x000000000009fc00-0x000000000009ffff] reserved
[    0.000000][    T0] BIOS-e820: [mem 0x00000000000f0000-0x00000000000fffff] reserved
[    0.000000][    T0] BIOS-e820: [mem 0x0000000000100000-0x000000007ffdffff] usable
[    0.000000][    T0] BIOS-e820: [mem 0x000000007ffe0000-0x000000007fffffff] reserved
[    0.000000][    T0] BIOS-e820: [mem 0x00000000feffc000-0x00000000feffffff] reserved
[    0.000000][    T0] BIOS-e820: [mem 0x00000000fffc0000-0x00000000ffffffff] reserved
[    0.000000][    T0] BIOS-e820: [mem 0x000000fd00000000-0x000000ffffffffff] reserved
[    0.000000][    T0] printk: legacy bootconsole [earlyser0] enabled
[    0.000000][    T0] NX (Execute Disable) protection: active
[    0.000000][    T0] APIC: Static calls initialized
[    0.000000][    T0] SMBIOS 2.8 present.
[    0.000000][    T0] DMI: QEMU Standard PC (i440FX + PIIX, 1996), BIOS 1.16.2-debian-1.16.2-1 04/01/2014
[    0.000000][    T0] Hypervisor detected: KVM
[    0.000000][    T0] kvm-clock: Using msrs 4b564d01 and 4b564d00
[    0.000004][    T0] kvm-clock: using sched offset of 1434539586 cycles
[    0.000870][    T0] clocksource: kvm-clock: mask: 0xffffffffffffffff max_cycles: 0x1cd42e4dffb, max_idle_ns: 881590591483 ns
[    0.003512][    T0] tsc: Detected 3493.436 MHz processor
[    0.015531][    T0] last_pfn = 0x7ffe0 max_arch_pfn = 0x400000000
[    0.016558][    T0] MTRR map: 4 entries (3 fixed + 1 variable; max 19), built from 8 variable MTRRs
[    0.017888][    T0] x86/PAT: Configuration [0-7]: WB  WC  UC- UC  WB  WP  UC- WT  
[    0.023470][    T0] found SMP MP-table at [mem 0x000f5ba0-0x000f5baf]
[    0.024494][    T0] Using GB pages for direct mapping
[    0.028222][    T0] RAMDISK: [mem 0x7fe6e000-0x7ffdffff]
[    0.029035][    T0] ACPI: Early table checksum verification disabled
[    0.029993][    T0] ACPI: RSDP 0x00000000000F59D0 000014 (v00 BOCHS )
[    0.030984][    T0] ACPI: RSDT 0x000000007FFE1B33 000034 (v01 BOCHS  BXPC     00000001 BXPC 00000001)
[    0.032408][    T0] ACPI: FACP 0x000000007FFE19DF 000074 (v01 BOCHS  BXPC     00000001 BXPC 00000001)
[    0.033779][    T0] ACPI: DSDT 0x000000007FFE0040 00199F (v01 BOCHS  BXPC     00000001 BXPC 00000001)
[    0.035160][    T0] ACPI: FACS 0x000000007FFE0000 000040
[    0.035991][    T0] ACPI: APIC 0x000000007FFE1A53 000080 (v01 BOCHS  BXPC     00000001 BXPC 00000001)
[    0.037414][    T0] ACPI: HPET 0x000000007FFE1AD3 000038 (v01 BOCHS  BXPC     00000001 BXPC 00000001)
[    0.038847][    T0] ACPI: WAET 0x000000007FFE1B0B 000028 (v01 BOCHS  BXPC     00000001 BXPC 00000001)
[    0.040289][    T0] ACPI: Reserving FACP table memory at [mem 0x7ffe19df-0x7ffe1a52]
[    0.041487][    T0] ACPI: Reserving DSDT table memory at [mem 0x7ffe0040-0x7ffe19de]
[    0.042682][    T0] ACPI: Reserving FACS table memory at [mem 0x7ffe0000-0x7ffe003f]
[    0.043903][    T0] ACPI: Reserving APIC table memory at [mem 0x7ffe1a53-0x7ffe1ad2]
[    0.045113][    T0] ACPI: Reserving HPET table memory at [mem 0x7ffe1ad3-0x7ffe1b0a]
[    0.046311][    T0] ACPI: Reserving WAET table memory at [mem 0x7ffe1b0b-0x7ffe1b32]
[    0.048759][    T0] No NUMA configuration found
[    0.049450][    T0] Faking a node at [mem 0x0000000000000000-0x000000007ffdffff]
[    0.050574][    T0] NODE_DATA(0) allocated [mem 0x7fe67e00-0x7fe6ddff]
[    0.056114][    T0] Zone ranges:
[    0.056681][    T0]   DMA      [mem 0x0000000000001000-0x0000000000ffffff]
[    0.057743][    T0]   DMA32    [mem 0x0000000001000000-0x000000007ffdffff]
[    0.058802][    T0]   Normal   empty
[    0.059356][    T0]   Device   empty
[    0.059925][    T0] Movable zone start for each node
[    0.060677][    T0] Early memory node ranges
[    0.061328][    T0]   node   0: [mem 0x0000000000001000-0x000000000009efff]
[    0.062391][    T0]   node   0: [mem 0x0000000000100000-0x000000007ffdffff]
[    0.063448][    T0] Initmem setup node 0 [mem 0x0000000000001000-0x000000007ffdffff]
[    0.064653][    T0] On node 0, zone DMA: 1 pages in unavailable ranges
[    0.065955][    T0] On node 0, zone DMA: 97 pages in unavailable ranges
[    0.103078][    T0] On node 0, zone DMA32: 32 pages in unavailable ranges
[    0.148377][    T0] kasan: KernelAddressSanitizer initialized
[    0.149600][    T0] ACPI: PM-Timer IO Port: 0x608
[    0.150319][    T0] ACPI: LAPIC_NMI (acpi_id[0xff] dfl dfl lint[0x1])
[    0.151316][    T0] IOAPIC[0]: apic_id 0, version 17, address 0xfec00000, GSI 0-23
[    0.152460][    T0] ACPI: INT_SRC_OVR (bus 0 bus_irq 0 global_irq 2 dfl dfl)
[    0.153506][    T0] ACPI: INT_SRC_OVR (bus 0 bus_irq 5 global_irq 5 high level)
[    0.154592][    T0] ACPI: INT_SRC_OVR (bus 0 bus_irq 9 global_irq 9 high level)
[    0.155682][    T0] ACPI: INT_SRC_OVR (bus 0 bus_irq 10 global_irq 10 high level)
[    0.156791][    T0] ACPI: INT_SRC_OVR (bus 0 bus_irq 11 global_irq 11 high level)
[    0.157909][    T0] ACPI: Using ACPI (MADT) for SMP configuration information
[    0.158974][    T0] ACPI: HPET id: 0x8086a201 base: 0xfed00000
[    0.159860][    T0] TSC deadline timer available
[    0.160560][    T0] CPU topo: Max. logical packages:   1
[    0.161356][    T0] CPU topo: Max. logical dies:       1
[    0.162148][    T0] CPU topo: Max. dies per package:   1
[    0.162944][    T0] CPU topo: Max. threads per core:   1
[    0.163749][    T0] CPU topo: Num. cores per package:     2
[    0.164593][    T0] CPU topo: Num. threads per package:   2
[    0.165430][    T0] CPU topo: Allowing 2 present CPUs plus 0 hotplug CPUs
[    0.166516][    T0] kvm-guest: APIC: eoi() replaced with kvm_guest_apic_eoi_write()
[    0.167723][    T0] kvm-guest: KVM setup pv remote TLB flush
[    0.168569][    T0] kvm-guest: setup PV sched yield
[    0.169365][    T0] PM: hibernation: Registered nosave memory: [mem 0x00000000-0x00000fff]
[    0.170617][    T0] PM: hibernation: Registered nosave memory: [mem 0x0009f000-0x0009ffff]
[    0.171858][    T0] PM: hibernation: Registered nosave memory: [mem 0x000a0000-0x000effff]
[    0.173083][    T0] PM: hibernation: Registered nosave memory: [mem 0x000f0000-0x000fffff]
[    0.174317][    T0] [mem 0x80000000-0xfeffbfff] available for PCI devices
[    0.175330][    T0] Booting paravirtualized kernel on KVM
[    0.176145][    T0] clocksource: refined-jiffies: mask: 0xffffffff max_cycles: 0xffffffff, max_idle_ns: 19112604462750000 ns
[    0.451337][    T0] setup_percpu: NR_CPUS:8 nr_cpumask_bits:2 nr_cpu_ids:2 nr_node_ids:1
[    0.453006][    T0] percpu: Embedded 74 pages/cpu s264200 r8192 d30712 u1048576
[    0.454392][    T0] kvm-guest: PV spinlocks enabled
[    0.455195][    T0] PV qspinlock hash table entries: 256 (order: 0, 4096 bytes, linear)
[    0.456515][    T0] Kernel command line: console=ttyS0 oops=panic panic=86400 nokaslr earlyprintk=serial rdinit=/init
[    0.458871][    T0] random: crng init done
[    0.459858][    T0] Dentry cache hash table entries: 262144 (order: 9, 2097152 bytes, linear)
[    0.461325][    T0] Inode-cache hash table entries: 131072 (order: 8, 1048576 bytes, linear)
[    0.462957][    T0] Fallback order for Node 0: 0 
[    0.462974][    T0] Built 1 zonelists, mobility grouping on.  Total pages: 515808
[    0.464903][    T0] Policy zone: DMA32
[    0.465849][    T0] mem auto-init: stack:all(zero), heap alloc:on, heap free:off
[    0.467020][    T0] stackdepot: allocating hash table via alloc_large_system_hash
[    0.468206][    T0] stackdepot hash table entries: 1048576 (order: 12, 16777216 bytes, linear)
[    0.718048][    T0] Memory: 1414952K/2096632K available (163840K kernel code, 38743K rwdata, 36492K rodata, 25664K init, 33640K bss, 681424K reserved, 0K cma-reserved)
[    0.722373][    T0] SLUB: HWalign=64, Order=0-3, MinObjects=0, CPUs=2, Nodes=1
[    0.734812][    T0] allocated 4194304 bytes of page_ext
[    0.737049][    T0] Dynamic Preempt: full
[    0.739131][    T0] Running RCU self tests
[    0.739901][    T0] Running RCU synchronous self tests
[    0.740854][    T0] rcu: Preemptible hierarchical RCU implementation.
[    0.741969][    T0] rcu: 	RCU lockdep checking is enabled.
[    0.742942][    T0] rcu: 	RCU restricting CPUs from NR_CPUS=8 to nr_cpu_ids=2.
[    0.744219][    T0] rcu: 	RCU callback double-/use-after-free debug is enabled.
[    0.745475][    T0] rcu: 	RCU debug extended QS entry/exit.
[    0.746424][    T0] 	Trampoline variant of Tasks RCU enabled.
[    0.747429][    T0] 	Tracing variant of Tasks RCU enabled.
[    0.748450][    T0] rcu: RCU calculated value of scheduler-enlistment delay is 10 jiffies.
[    0.749917][    T0] rcu: Adjusting geometry for rcu_fanout_leaf=16, nr_cpu_ids=2
[    0.751372][    T0] Running RCU synchronous self tests
[    0.752336][    T0] RCU Tasks: Setting shift to 1 and lim to 1 rcu_task_cb_adjust=1.
[    0.753664][    T0] RCU Tasks Trace: Setting shift to 1 and lim to 1 rcu_task_cb_adjust=1.
[    0.920421][    T0] NR_IRQS: 4352, nr_irqs: 440, preallocated irqs: 16
[    0.922306][    T0] rcu: srcu_init: Setting srcu_struct sizes based on contention.
[    0.923621][    T0] kfence: initialized - using 2097152 bytes for 255 objects at 0x(____ptrval____)-0x(____ptrval____)
[    0.934673][    T0] Console: colour VGA+ 80x25
[    0.935568][    T0] printk: legacy console [ttyS0] enabled
[    0.935568][    T0] printk: legacy console [ttyS0] enabled
[    0.937408][    T0] printk: legacy bootconsole [earlyser0] disabled
[    0.937408][    T0] printk: legacy bootconsole [earlyser0] disabled
[    0.939559][    T0] Lock dependency validator: Copyright (c) 2006 Red Hat, Inc., Ingo Molnar
[    0.940987][    T0] ... MAX_LOCKDEP_SUBCLASSES:  8
[    0.941793][    T0] ... MAX_LOCK_DEPTH:          48
[    0.942617][    T0] ... MAX_LOCKDEP_KEYS:        8192
[    0.943444][    T0] ... CLASSHASH_SIZE:          4096
[    0.944314][    T0] ... MAX_LOCKDEP_ENTRIES:     131072
[    0.945223][    T0] ... MAX_LOCKDEP_CHAINS:      262144
[    0.946121][    T0] ... CHAINHASH_SIZE:          131072
[    0.947020][    T0]  memory used by lock dependency info: 20721 kB
[    0.948094][    T0]  memory used for stack traces: 8320 kB
[    0.949030][    T0]  per task-struct memory footprint: 1920 bytes
[    0.950306][    T0] ACPI: Core revision 20230628
[    0.952058][    T0] clocksource: hpet: mask: 0xffffffff max_cycles: 0xffffffff, max_idle_ns: 19112604467 ns
[    0.953842][    T0] APIC: Switch to symmetric I/O mode setup
[    0.955012][    T0] x2apic enabled
[    0.956170][    T0] APIC: Switched APIC routing to: physical x2apic
[    0.957242][    T0] kvm-guest: APIC: send_IPI_mask() replaced with kvm_send_ipi_mask()
[    0.958609][    T0] kvm-guest: APIC: send_IPI_mask_allbutself() replaced with kvm_send_ipi_mask_allbutself()
[    0.960266][    T0] kvm-guest: setup PV IPIs
[    0.963102][    T0] ..TIMER: vector=0x30 apic1=0 pin1=2 apic2=-1 pin2=-1
[    0.964289][    T0] tsc: Marking TSC unstable due to TSCs unsynchronized
[    0.965411][    T0] Calibrating delay loop (skipped) preset value.. 6986.87 BogoMIPS (lpj=34934360)
[    0.966978][    T0] x86/cpu: User Mode Instruction Prevention (UMIP) activated
[    0.968341][    T0] Last level iTLB entries: 4KB 512, 2MB 255, 4MB 127
[    0.969400][    T0] Last level dTLB entries: 4KB 512, 2MB 255, 4MB 127, 1GB 0
[    0.970589][    T0] Spectre V1 : Mitigation: usercopy/swapgs barriers and __user pointer sanitization
[    0.972115][    T0] Spectre V2 : Mitigation: Retpolines
[    0.972980][    T0] Spectre V2 : Spectre v2 / SpectreRSB mitigation: Filling RSB on context switch
[    0.975511][    T0] Spectre V2 : Spectre v2 / SpectreRSB : Filling RSB on VMEXIT
[    0.976750][    T0] Spectre V2 : Enabling Speculation Barrier for firmware calls
[    0.977971][    T0] RETBleed: Mitigation: untrained return thunk
[    0.978978][    T0] Spectre V2 : mitigation: Enabling conditional Indirect Branch Prediction Barrier
[    0.980481][    T0] Speculative Store Bypass: Mitigation: Speculative Store Bypass disabled via prctl
[    0.981997][    T0] Speculative Return Stack Overflow: IBPB-extending microcode not applied!
[    0.983407][    T0] Speculative Return Stack Overflow: WARNING: See https://kernel.org/doc/html/latest/admin-guide/hw-vuln/srso.html for mitigation options.
[    0.983417][    T0] Speculative Return Stack Overflow: Vulnerable: Safe RET, no microcode
[    0.986787][    T0] x86/fpu: Supporting XSAVE feature 0x001: 'x87 floating point registers'
[    0.988160][    T0] x86/fpu: Supporting XSAVE feature 0x002: 'SSE registers'
[    0.989283][    T0] x86/fpu: Supporting XSAVE feature 0x004: 'AVX registers'
[    0.990398][    T0] x86/fpu: xstate_offset[2]:  576, xstate_sizes[2]:  256
[    0.991517][    T0] x86/fpu: Enabled xstate features 0x7, context size is 832 bytes, using 'compacted' format.
[    1.330553][    T0] Freeing SMP alternatives memory: 120K
[    1.331523][    T0] pid_max: default: 32768 minimum: 301
[    1.333237][    T0] LSM: initializing lsm=lockdown,capability,landlock,yama,safesetid,tomoyo,smack,bpf,ima,evm
[    1.335045][    T0] landlock: Up and running.
[    1.335400][    T0] Yama: becoming mindful.
[    1.336488][    T0] TOMOYO Linux initialized
[    1.337560][    T0] Smack:  Initializing.
[    1.338234][    T0] Smack:  Netfilter enabled.
[    1.338988][    T0] Smack:  IPv6 Netfilter enabled.
[    1.339902][    T0] LSM support for eBPF active
[    1.342066][    T0] Mount-cache hash table entries: 4096 (order: 3, 32768 bytes, linear)
[    1.343440][    T0] Mountpoint-cache hash table entries: 4096 (order: 3, 32768 bytes, linear)
[    1.359735][    T0] Running RCU synchronous self tests
[    1.360546][    T0] Running RCU synchronous self tests
[    1.363710][    T1] smpboot: CPU0: AMD Ryzen Threadripper PRO 3975WX 32-Cores (family: 0x17, model: 0x31, stepping: 0x0)
[    1.366116][    T1] Running RCU Tasks wait API self tests
[    1.367636][    T1] Running RCU Tasks Trace wait API self tests
[    1.368982][    T1] Performance Events: Fam17h+ core perfctr, AMD PMU driver.
[    1.370506][    T1] ... version:                0
[    1.371302][    T1] ... bit width:              48
[    1.372108][    T1] ... generic registers:      6
[    1.372901][    T1] ... value mask:             0000ffffffffffff
[    1.373913][    T1] ... max period:             00007fffffffffff
[    1.374920][    T1] ... fixed-purpose events:   0
[    1.375416][    T1] ... event mask:             000000000000003f
[    1.377923][    T1] signal: max sigframe size: 1776
[    1.379871][    T1] rcu: Hierarchical SRCU implementation.
[    1.380815][    T1] rcu: 	Max phase no-delay instances is 1000.
[    1.386277][   T14] Callback from call_rcu_tasks_trace() invoked.
[    1.473310][    T1] smp: Bringing up secondary CPUs ...
[    1.488770][    T1] smpboot: x86: Booting SMP configuration:
[    1.489897][    T1] .... node  #0, CPUs:      #1
[    1.490505][    T1] smp: Brought up 1 node, 2 CPUs
[    1.490505][    T1] smpboot: Total of 2 processors activated (13973.74 BogoMIPS)
[    1.505448][    T1] devtmpfs: initialized
[    1.509318][    T1] x86/mm: Memory block size: 128MB
[    1.563910][    T1] Running RCU synchronous self tests
[    1.563910][    T1] Running RCU synchronous self tests
[    1.565631][    T1] clocksource: jiffies: mask: 0xffffffff max_cycles: 0xffffffff, max_idle_ns: 19112604462750000 ns
[    1.567137][    T1] futex hash table entries: 512 (order: 4, 65536 bytes, linear)
[    1.586165][   T13] Callback from call_rcu_tasks() invoked.
[    1.585668][    T1] PM: RTC time: 05:34:38, date: 2026-05-26
[    1.596982][    T1] NET: Registered PF_NETLINK/PF_ROUTE protocol family
[    1.609344][    T1] audit: initializing netlink subsys (disabled)
[    1.615899][   T28] audit: type=2000 audit(1779773678.959:1): state=initialized audit_enabled=0 res=1
[    1.629644][    T1] thermal_sys: Registered thermal governor 'step_wise'
[    1.629674][    T1] thermal_sys: Registered thermal governor 'user_space'
[    1.631505][    T1] cpuidle: using governor menu
[    1.631505][    T1] NET: Registered PF_QIPCRTR protocol family
[    1.645829][    T1] dca service started, version 1.12.1
[    1.647214][    T1] PCI: Using configuration type 1 for base access
[    1.648201][    T1] PCI: Using configuration type 1 for extended access
[    1.655401][    T1] HugeTLB: registered 1.00 GiB page size, pre-allocated 0 pages
[    1.655401][    T1] HugeTLB: 16380 KiB vmemmap can be freed for a 1.00 GiB page
[    1.655426][    T1] HugeTLB: registered 2.00 MiB page size, pre-allocated 0 pages
[    1.658195][    T1] HugeTLB: 28 KiB vmemmap can be freed for a 2.00 MiB page
[    1.675483][    T1] Demotion targets for Node 0: null
[    1.705535][    T1] cryptd: max_cpu_qlen set to 1000
[    1.714229][    T1] raid6: skipped pq benchmark and selected avx2x4
[    1.715420][    T1] raid6: using avx2x2 recovery algorithm
[    1.722099][    T1] ACPI: Added _OSI(Module Device)
[    1.723922][    T1] ACPI: Added _OSI(Processor Device)
[    1.725584][    T1] ACPI: Added _OSI(3.0 _SCP Extensions)
[    1.727573][    T1] ACPI: Added _OSI(Processor Aggregator Device)
[    2.027818][    T1] ACPI: 1 ACPI AML tables successfully acquired and loaded
[    2.159017][    T1] ACPI: _OSC evaluation for CPUs failed, trying _PDC
[    2.183140][    T1] ACPI: Interpreter enabled
[    2.186198][    T1] ACPI: PM: (supports S0 S3 S4 S5)
[    2.188129][    T1] ACPI: Using IOAPIC for interrupt routing
[    2.191061][    T1] PCI: Using host bridge windows from ACPI; if necessary, use "pci=nocrs" and report a bug
[    2.194631][    T1] PCI: Using E820 reservations for host bridge windows
[    2.221817][    T1] ACPI: Enabled 2 GPEs in block 00 to 0F
[    2.783041][    T1] ACPI: PCI Root Bridge [PCI0] (domain 0000 [bus 00-ff])
[    2.785652][    T1] acpi PNP0A03:00: _OSC: OS supports [ExtendedConfig ASPM ClockPM Segments MSI HPX-Type3]
[    2.800650][    T1] PCI host bridge to bus 0000:00
[    2.802583][    T1] pci_bus 0000:00: root bus resource [io  0x0000-0x0cf7 window]
[    2.805437][    T1] pci_bus 0000:00: root bus resource [io  0x0d00-0xffff window]
[    2.808301][    T1] pci_bus 0000:00: root bus resource [mem 0x000a0000-0x000bffff window]
[    2.811429][    T1] pci_bus 0000:00: root bus resource [mem 0x80000000-0xfebfffff window]
[    2.814532][    T1] pci_bus 0000:00: root bus resource [mem 0x100000000-0x17fffffff window]
[    2.816119][    T1] pci_bus 0000:00: root bus resource [bus 00-ff]
[    2.820581][    T1] pci 0000:00:00.0: [8086:1237] type 00 class 0x060000 conventional PCI endpoint
[    3.019841][    T1] pci 0000:00:01.0: [8086:7000] type 00 class 0x060100 conventional PCI endpoint
[    3.215879][    T1] pci 0000:00:01.1: [8086:7010] type 00 class 0x010180 conventional PCI endpoint
[    3.221340][    T1] pci 0000:00:01.1: BAR 4 [io  0xc000-0xc00f]
[    3.224440][    T1] pci 0000:00:01.1: BAR 0 [io  0x01f0-0x01f7]: legacy IDE quirk
[    3.225429][    T1] pci 0000:00:01.1: BAR 1 [io  0x03f6]: legacy IDE quirk
[    3.228138][    T1] pci 0000:00:01.1: BAR 2 [io  0x0170-0x0177]: legacy IDE quirk
[    3.229305][    T1] pci 0000:00:01.1: BAR 3 [io  0x0376]: legacy IDE quirk
[    3.235182][    T1] pci 0000:00:01.3: [8086:7113] type 00 class 0x068000 conventional PCI endpoint
[    3.236449][    T1] pci 0000:00:01.3: quirk: [io  0x0600-0x063f] claimed by PIIX4 ACPI
[    3.237764][    T1] pci 0000:00:01.3: quirk: [io  0x0700-0x070f] claimed by PIIX4 SMB
[    3.242852][    T1] pci 0000:00:02.0: [1234:1111] type 00 class 0x030000 conventional PCI endpoint
[    3.246023][    T1] pci 0000:00:02.0: BAR 0 [mem 0xfd000000-0xfdffffff pref]
[    3.249466][    T1] pci 0000:00:02.0: BAR 2 [mem 0xfebf0000-0xfebf0fff]
[    3.255373][    T1] pci 0000:00:02.0: ROM [mem 0xfebe0000-0xfebeffff pref]
[    3.257272][    T1] pci 0000:00:02.0: Video device with shadowed ROM at [mem 0x000c0000-0x000dffff]
[    3.495512][    T1] ACPI: PCI: Interrupt link LNKA configured for IRQ 10
[    3.514391][    T1] ACPI: PCI: Interrupt link LNKB configured for IRQ 10
[    3.532587][    T1] ACPI: PCI: Interrupt link LNKC configured for IRQ 11
[    3.551368][    T1] ACPI: PCI: Interrupt link LNKD configured for IRQ 11
[    3.559303][    T1] ACPI: PCI: Interrupt link LNKS configured for IRQ 9
[    3.607872][    T1] iommu: Default domain type: Translated
[    3.608810][    T1] iommu: DMA domain TLB invalidation policy: lazy mode
[    3.624944][    T1] SCSI subsystem initialized
[    3.639701][    T1] ACPI: bus type USB registered
[    3.639701][    T1] usbcore: registered new interface driver usbfs
[    3.639701][    T1] usbcore: registered new interface driver hub
[    3.641993][    T1] usbcore: registered new device driver usb
[    3.649083][    T1] mc: Linux media interface: v0.10
[    3.651545][    T1] videodev: Linux video capture interface: v2.00
[    3.655810][    T1] pps_core: LinuxPPS API ver. 1 registered
[    3.657862][    T1] pps_core: Software ver. 5.3.6 - Copyright 2005-2007 Rodolfo Giometti <giometti@linux.it>
[    3.661664][    T1] PTP clock support registered
[    3.675612][    T1] EDAC MC: Ver: 3.0.0
[    3.680507][    T1] Advanced Linux Sound Architecture Driver Initialized.
[    3.697789][    T1] Bluetooth: Core ver 2.22
[    3.700081][    T1] NET: Registered PF_BLUETOOTH protocol family
[    3.702262][    T1] Bluetooth: HCI device and connection manager initialized
[    3.704945][    T1] Bluetooth: HCI socket layer initialized
[    3.705537][    T1] Bluetooth: L2CAP socket layer initialized
[    3.707913][    T1] Bluetooth: SCO socket layer initialized
[    3.710236][    T1] NET: Registered PF_ATMPVC protocol family
[    3.712348][    T1] NET: Registered PF_ATMSVC protocol family
[    3.715407][    T1] NetLabel: Initializing
[    3.716941][    T1] NetLabel:  domain hash size = 128
[    3.718787][    T1] NetLabel:  protocols = UNLABELED CIPSOv4 CALIPSO
[    3.722553][    T1] NetLabel:  unlabeled traffic allowed by default
[    3.731429][    T1] nfc: nfc_init: NFC Core ver 0.1
[    3.734336][    T1] NET: Registered PF_NFC protocol family
[    3.735959][    T1] PCI: Using ACPI for IRQ routing
[    3.739316][    T1] pci 0000:00:02.0: vgaarb: setting as boot VGA device
[    3.740462][    T1] pci 0000:00:02.0: vgaarb: bridge control possible
[    3.741427][    T1] pci 0000:00:02.0: vgaarb: VGA device added: decodes=io+mem,owns=io+mem,locks=none
[    3.742789][    T1] vgaarb: loaded
[    3.745795][    T1] hpet0: at MMIO 0xfed00000, IRQs 2, 8, 0
[    3.746702][    T1] hpet0: 3 comparators, 64-bit 100.000000 MHz counter
[    3.755383][    T1] clocksource: Switched to clocksource kvm-clock
[    3.792984][    T1] VFS: Disk quotas dquot_6.6.0
[    3.794020][    T1] VFS: Dquot-cache hash table entries: 512 (order 0, 4096 bytes)
[    3.797326][    T1] netfs: FS-Cache loaded
[    3.801866][    T1] CacheFiles: Loaded
[    3.805658][    T1] TOMOYO: 2.6.0
[    3.807428][    T1] Mandatory Access Control activated.
[    3.811649][    T1] pnp: PnP ACPI init
[    3.867715][    T1] pnp: PnP ACPI: found 6 devices
[    4.033210][    T1] clocksource: acpi_pm: mask: 0xffffff max_cycles: 0xffffff, max_idle_ns: 2085701024 ns
[    4.040306][    T1] NET: Registered PF_INET protocol family
[    4.044195][    T1] IP idents hash table entries: 32768 (order: 6, 262144 bytes, linear)
[    4.065534][    T1] tcp_listen_portaddr_hash hash table entries: 1024 (order: 4, 73728 bytes, linear)
[    4.070163][    T1] Table-perturb hash table entries: 65536 (order: 6, 262144 bytes, linear)
[    4.074916][    T1] TCP established hash table entries: 16384 (order: 5, 131072 bytes, linear)
[    4.080626][    T1] TCP bind hash table entries: 16384 (order: 9, 2359296 bytes, linear)
[    4.085656][    T1] TCP: Hash tables configured (established 16384 bind 16384)
[    4.089895][    T1] MPTCP token hash table entries: 2048 (order: 5, 180224 bytes, linear)
[    4.092029][    T1] UDP hash table entries: 1024 (order: 5, 163840 bytes, linear)
[    4.093794][    T1] UDP-Lite hash table entries: 1024 (order: 5, 163840 bytes, linear)
[    4.097180][    T1] NET: Registered PF_UNIX/PF_LOCAL protocol family
[    4.105942][    T1] RPC: Registered named UNIX socket transport module.
[    4.107350][    T1] RPC: Registered udp transport module.
[    4.108229][    T1] RPC: Registered tcp transport module.
[    4.109435][    T1] RPC: Registered tcp-with-tls transport module.
[    4.110497][    T1] RPC: Registered tcp NFSv4.1 backchannel transport module.
[    4.120323][    T1] NET: Registered PF_XDP protocol family
[    4.121397][    T1] pci_bus 0000:00: resource 4 [io  0x0000-0x0cf7 window]
[    4.122647][    T1] pci_bus 0000:00: resource 5 [io  0x0d00-0xffff window]
[    4.123842][    T1] pci_bus 0000:00: resource 6 [mem 0x000a0000-0x000bffff window]
[    4.125153][    T1] pci_bus 0000:00: resource 7 [mem 0x80000000-0xfebfffff window]
[    4.126476][    T1] pci_bus 0000:00: resource 8 [mem 0x100000000-0x17fffffff window]
[    4.132181][    T1] pci 0000:00:01.0: PIIX3: Enabling Passive Release
[    4.133316][    T1] pci 0000:00:00.0: Limiting direct PCI/PCI transfers
[    4.134802][    T1] PCI: CLS 0 bytes, default 64
[    4.136280][    T1] ACPI: bus type thunderbolt registered
[    4.140303][    T1] kvm_intel: VMX not supported by CPU 0
[    4.146451][    T1] kvm_amd: Nested Virtualization enabled
[    4.147482][    T1] kvm_amd: Nested Paging enabled
[    4.174262][   T49] Trying to unpack rootfs image as initramfs...
[    4.718371][   T49] Freeing initrd memory: 1480K
[    4.720752][   T67] kworker/u8:4 (67) used greatest stack depth: 28368 bytes left
[    4.725443][   T73] kworker/u8:4 (73) used greatest stack depth: 28240 bytes left
[    4.727722][   T80] kworker/u8:1 (80) used greatest stack depth: 27664 bytes left
[   16.190351][    T1] Initialise system trusted keyrings
[   16.195917][    T1] workingset: timestamp_bits=40 max_order=19 bucket_order=0
[   16.209207][    T1] DLM installed
[   16.218975][    T1] squashfs: version 4.0 (2009/01/31) Phillip Lougher
[   16.230306][    T1] NFS: Registering the id_resolver key type
[   16.231503][    T1] Key type id_resolver registered
[   16.234201][    T1] Key type id_legacy registered
[   16.235304][    T1] nfs4filelayout_init: NFSv4 File Layout Driver Registering...
[   16.236792][    T1] nfs4flexfilelayout_init: NFSv4 Flexfile Layout Driver Registering...
[   16.253458][    T1] Key type cifs.spnego registered
[   16.254835][    T1] Key type cifs.idmap registered
[   16.256385][    T1] ntfs3: Max link count 4000
[   16.257134][    T1] ntfs3: Enabled Linux POSIX ACLs support
[   16.258064][    T1] ntfs3: Read-only LZX/Xpress compression included
[   16.259399][    T1] efs: 1.0a - http://aeschi.ch.eu.org/efs/
[   16.260429][    T1] jffs2: version 2.2. (NAND) (SUMMARY)  © 2001-2006 Red Hat, Inc.
[   16.264195][    T1] romfs: ROMFS MTD (C) 2007 Red Hat, Inc.
[   16.265316][    T1] QNX4 filesystem 0.2.3 registered.
[   16.266271][    T1] qnx6: QNX6 filesystem 1.0.0 registered.
[   16.268649][    T1] fuse: init (API version 7.40)
[   16.275650][    T1] orangefs_debugfs_init: called with debug mask: :none: :0:
[   16.279209][    T1] orangefs_init: module version upstream loaded
[   16.282624][    T1] JFS: nTxBlock = 8192, nTxLock = 65536
[   16.298538][    T1] SGI XFS with ACLs, security attributes, realtime, quota, no debug enabled
[   16.305717][    T1] 9p: Installing v9fs 9p2000 file system support
[   16.307500][    T1] NILFS version 2 loaded
[   16.308204][    T1] befs: version: 0.9.3
[   16.309835][    T1] ocfs2: Registered cluster interface o2cb
[   16.314568][    T1] ocfs2: Registered cluster interface user
[   16.316811][    T1] OCFS2 User DLM kernel interface loaded
[   16.367037][    T1] gfs2: GFS2 installed
[   16.386488][    T1] ceph: loaded (mds proto 32)
[   16.443124][    T1] NET: Registered PF_ALG protocol family
[   16.444507][    T1] xor: automatically using best checksumming function   avx       
[   16.445900][    T1] async_tx: api initialized (async)
[   16.446783][    T1] Key type asymmetric registered
[   16.447682][    T1] Asymmetric key parser 'x509' registered
[   16.448731][    T1] Asymmetric key parser 'pkcs8' registered
[   16.449688][    T1] Key type pkcs7_test registered
[   16.451362][    T1] Block layer SCSI generic (bsg) driver version 0.4 loaded (major 239)
[   16.454477][    T1] io scheduler mq-deadline registered
[   16.455455][    T1] io scheduler kyber registered
[   16.456645][    T1] io scheduler bfq registered
[   16.470590][  T133] kworker/u8:0 (133) used greatest stack depth: 27536 bytes left
[   16.479532][    T1] input: Power Button as /devices/LNXSYSTM:00/LNXPWRBN:00/input/input0
[   16.487601][    T1] ACPI: button: Power Button [PWRF]
[   16.509556][    T1] ioatdma: Intel(R) QuickData Technology Driver 5.00
[   17.353500][  T651] kworker/u8:2 (651) used greatest stack depth: 27328 bytes left
[   17.408628][    T1] N_HDLC line discipline registered with maxframe=4096
[   17.410852][    T1] Serial: 8250/16550 driver, 4 ports, IRQ sharing enabled
[   17.421371][    T1] 00:04: ttyS0 at I/O 0x3f8 (irq = 4, base_baud = 115200) is a 16550A
[   17.479239][    T1] Non-volatile memory driver v1.3
[   17.481466][    T1] Linux agpgart interface v0.103
[   17.504245][    T1] ACPI: bus type drm_connector registered
[   17.517712][    T1] [drm] Initialized vgem 1.0.0 20120112 for vgem on minor 0
[   17.537795][    T1] [drm] Initialized vkms 1.0.0 20180514 for vkms on minor 1
[   17.643161][    T1] Console: switching to colour frame buffer device 128x48
[   17.667334][    T1] platform vkms: [drm] fb0: vkmsdrmfb frame buffer device
[   17.671280][    T1] usbcore: registered new interface driver udl
[   17.676184][    T1] bochs-drm 0000:00:02.0: vgaarb: deactivate vga console
[   17.687487][    T1] [drm] Found bochs VGA, ID 0xb0c5.
[   17.689323][    T1] [drm] Framebuffer size 16384 kB @ 0xfd000000, mmio @ 0xfebf0000.
[   17.700058][    T1] [drm] Found EDID data blob.
[   17.710070][    T1] [drm] Initialized bochs-drm 1.0.0 20130925 for 0000:00:02.0 on minor 2
[   17.729664][    T1] fbcon: bochs-drmdrmfb (fb1) is primary device
[   17.729707][    T1] fbcon: Remapping primary device, fb1, to tty 1-63
[   34.196198][    T1] bochs-drm 0000:00:02.0: [drm] fb1: bochs-drmdrmfb frame buffer device
[   34.381548][    T1] brd: module loaded
[   34.665692][    T1] loop: module loaded
[   35.025865][    T1] zram: Added device: zram0
[   35.054758][    T1] null_blk: disk nullb0 created
[   35.056615][    T1] null_blk: module loaded
[   35.061839][    T1] Guest personality initialized and is inactive
[   35.066839][    T1] VMCI host device registered (name=vmci, major=10, minor=118)
[   35.069568][    T1] Initialized host personality
[   35.072996][    T1] usbcore: registered new interface driver rtsx_usb
[   35.078749][    T1] usbcore: registered new interface driver viperboard
[   35.082044][    T1] usbcore: registered new interface driver dln2
[   35.085179][    T1] usbcore: registered new interface driver pn533_usb
[   35.100693][    T1] nfcsim 0.2 initialized
[   35.101970][    T1] usbcore: registered new interface driver port100
[   35.106208][    T1] usbcore: registered new interface driver nfcmrvl
[   35.117522][    T1] Loading iSCSI transport class v2.0-870.
[   35.137368][    T1] st: Version 20160209, fixed bufsize 32768, s/g segs 256
[   35.212512][    T1] scsi host0: ata_piix
[   35.222149][    T1] scsi host1: ata_piix
[   35.228124][    T1] ata1: PATA max MWDMA2 cmd 0x1f0 ctl 0x3f6 bmdma 0xc000 irq 14 lpm-pol 0
[   35.230221][    T1] ata2: PATA max MWDMA2 cmd 0x170 ctl 0x376 bmdma 0xc008 irq 15 lpm-pol 0
[   35.243202][    T1] Rounding down aligned max_sectors from 4294967295 to 4294967288
[   35.245869][    T1] db_root: cannot open: /etc/target
[   35.250382][    T1] slram: not enough parameters.
[   35.268807][    T1] ftl_cs: FTL header not found.
[   35.312339][ T1023] kworker/u8:3 (1023) used greatest stack depth: 27072 bytes left
[   35.351177][    T1] wireguard: WireGuard 1.0.0 loaded. See www.wireguard.com for information.
[   35.356986][    T1] wireguard: Copyright (C) 2015-2019 Jason A. Donenfeld <Jason@zx2c4.com>. All Rights Reserved.
[   35.358808][    T1] eql: Equalizer2002: Simon Janes (simon@ncm.com) and David S. Miller (davem@redhat.com)
[   35.384997][    T1] MACsec IEEE 802.1AE
[   35.405735][  T992] ata2: found unknown device (class 0)
[   35.412206][  T992] ata2.00: ATAPI: QEMU DVD-ROM, 2.5+, max UDMA/100
[   35.420998][    T1] tun: Universal TUN/TAP device driver, 1.6
[   35.435415][    T1] vcan: Virtual CAN interface driver
[   35.436316][    T1] vxcan: Virtual CAN Tunnel driver
[   35.437755][    T1] slcan: serial line CAN interface driver
[   35.438661][    T1] CAN device driver interface
[   35.439012][   T37] scsi 1:0:0:0: CD-ROM            QEMU     QEMU DVD-ROM     2.5+ PQ: 0 ANSI: 5
[   35.439855][    T1] usbcore: registered new interface driver usb_8dev
[   35.443122][    T1] usbcore: registered new interface driver ems_usb
[   35.444662][    T1] usbcore: registered new interface driver gs_usb
[   35.447172][    T1] usbcore: registered new interface driver kvaser_usb
[   35.449939][    T1] usbcore: registered new interface driver mcba_usb
[   35.451562][    T1] usbcore: registered new interface driver peak_usb
[   35.455213][    T1] e100: Intel(R) PRO/100 Network Driver
[   35.456209][    T1] e100: Copyright(c) 1999-2006 Intel Corporation
[   35.457821][    T1] e1000: Intel(R) PRO/1000 Network Driver
[   35.458761][    T1] e1000: Copyright (c) 1999-2006 Intel Corporation.
[   35.460457][    T1] e1000e: Intel(R) PRO/1000 Network Driver
[   35.461288][    T1] e1000e: Copyright(c) 1999 - 2015 Intel Corporation.
[   35.468938][    T1] mkiss: AX.25 Multikiss, Hans Albas PE1AYX
[   35.469800][    T1] AX.25: 6pack driver, Revision: 0.3.0
[   35.470622][    T1] AX.25: bpqether driver version 004
[   35.471349][    T1] PPP generic driver version 2.4.2
[   35.483656][    T1] PPP BSD Compression module registered
[   35.484508][    T1] PPP Deflate Compression module registered
[   35.485393][    T1] PPP MPPE Compression module registered
[   35.486175][    T1] NET: Registered PF_PPPOX protocol family
[   35.487179][    T1] PPTP driver version 0.8.5
[   35.488434][    T1] SLIP: version 0.8.4-NET3.019-NEWTTY (dynamic channels, max=256) (6 bit encapsulation enabled).
[   35.489931][    T1] CSLIP: code copyright 1989 Regents of the University of California.
[   35.491056][    T1] SLIP linefill/keepalive option.
[   35.491821][    T1] hdlc: HDLC support module revision 1.22
[   35.493472][    T1] LAPB Ethernet driver version 0.02
[   35.497117][    T1] usbcore: registered new interface driver ath9k_htc
[   35.499034][    T1] usbcore: registered new interface driver carl9170
[   35.500921][    T1] usbcore: registered new interface driver ath6kl_usb
[   35.509752][    T1] usbcore: registered new interface driver ar5523
[   35.513603][    T1] usbcore: registered new interface driver ath10k_usb
[   35.515819][    T1] mac80211_hwsim: initializing netlink
[   35.539400][   T37] sr 1:0:0:0: [sr0] scsi3-mmc drive: 4x/4x cd/rw xa/form2 tray
[   35.540902][   T37] cdrom: Uniform CD-ROM driver Revision: 3.20
[   35.597662][    T1] usbcore: registered new interface driver atusb
[   35.631069][   T37] sr 1:0:0:0: Attached scsi generic sg0 type 5
[   35.649899][    T1] mac802154_hwsim mac802154_hwsim: Added 2 mac802154 hwsim hardware radios
[   35.653033][    T1] VMware vmxnet3 virtual NIC driver - version 1.7.0.0-k-NAPI
[   35.658043][    T1] usbcore: registered new interface driver catc
[   35.659371][    T1] usbcore: registered new interface driver kaweth
[   35.660257][    T1] pegasus: Pegasus/Pegasus II USB Ethernet driver
[   35.661662][    T1] usbcore: registered new interface driver pegasus
[   35.663651][    T1] usbcore: registered new interface driver rtl8150
[   35.664933][    T1] usbcore: registered new device driver r8152-cfgselector
[   35.666368][    T1] usbcore: registered new interface driver r8152
[   35.667812][    T1] usbcore: registered new interface driver hso
[   35.669046][    T1] usbcore: registered new interface driver lan78xx
[   35.670350][    T1] usbcore: registered new interface driver asix
[   35.671597][    T1] usbcore: registered new interface driver ax88179_178a
[   35.673709][    T1] usbcore: registered new interface driver cdc_ether
[   35.675038][    T1] usbcore: registered new interface driver cdc_eem
[   35.676323][    T1] usbcore: registered new interface driver dm9601
[   35.677633][    T1] usbcore: registered new interface driver sr9700
[   35.678917][    T1] usbcore: registered new interface driver CoreChips
[   35.680227][    T1] usbcore: registered new interface driver smsc75xx
[   35.681988][    T1] usbcore: registered new interface driver smsc95xx
[   35.686752][    T1] usbcore: registered new interface driver gl620a
[   35.688608][    T1] usbcore: registered new interface driver net1080
[   35.689946][    T1] usbcore: registered new interface driver plusb
[   35.691232][    T1] usbcore: registered new interface driver rndis_host
[   35.693198][    T1] usbcore: registered new interface driver cdc_subset
[   35.694547][    T1] usbcore: registered new interface driver zaurus
[   35.696428][    T1] usbcore: registered new interface driver MOSCHIP usb-ethernet driver
[   35.698040][    T1] usbcore: registered new interface driver int51x1
[   35.699533][    T1] usbcore: registered new interface driver cdc_phonet
[   35.701061][    T1] usbcore: registered new interface driver kalmia
[   35.703377][    T1] usbcore: registered new interface driver ipheth
[   35.704953][    T1] usbcore: registered new interface driver sierra_net
[   35.706579][    T1] usbcore: registered new interface driver cx82310_eth
[   35.708123][    T1] usbcore: registered new interface driver cdc_ncm
[   35.709470][    T1] usbcore: registered new interface driver huawei_cdc_ncm
[   35.710907][    T1] usbcore: registered new interface driver lg-vl600
[   35.713754][    T1] usbcore: registered new interface driver qmi_wwan
[   35.715138][    T1] usbcore: registered new interface driver cdc_mbim
[   35.716519][    T1] usbcore: registered new interface driver ch9200
[   35.717835][    T1] usbcore: registered new interface driver r8153_ecm
[   35.725926][    T1] VFIO - User Level meta-driver version: 0.3
[   35.740426][    T1] aoe: AoE v85 initialised.
[   35.747986][ T1235] aoe: packet could not be sent on lo.  consider increasing tx_queue_len
[   35.749528][ T1235] aoe: packet could not be sent on bond0.  consider increasing tx_queue_len
[   35.751048][ T1235] aoe: packet could not be sent on dummy0.  consider increasing tx_queue_len
[   35.753099][ T1235] aoe: packet could not be sent on eql.  consider increasing tx_queue_len
[   35.754572][ T1235] aoe: packet could not be sent on ifb0.  consider increasing tx_queue_len
[   35.756030][ T1235] aoe: packet could not be sent on ifb1.  consider increasing tx_queue_len
[   35.757467][ T1235] aoe: packet could not be sent on wlan0.  consider increasing tx_queue_len
[   35.758957][ T1235] aoe: packet could not be sent on wlan1.  consider increasing tx_queue_len
[   35.760440][ T1235] aoe: packet could not be sent on hwsim0.  consider increasing tx_queue_len
[   35.761950][ T1235] aoe: packet could not be sent on wpan0.  consider increasing tx_queue_len
[   35.776814][    T1] SPI driver max3421-hcd has no spi_device_id for maxim,max3421
[   35.779832][    T1] usbcore: registered new interface driver cdc_acm
[   35.780753][    T1] cdc_acm: USB Abstract Control Model driver for USB modems and ISDN adapters
[   35.783989][    T1] usbcore: registered new interface driver usblp
[   35.785484][    T1] usbcore: registered new interface driver cdc_wdm
[   35.786992][    T1] usbcore: registered new interface driver usbtmc
[   35.791945][    T1] usbcore: registered new interface driver uas
[   35.793382][    T1] usbcore: registered new interface driver usb-storage
[   35.794666][    T1] usbcore: registered new interface driver ums-alauda
[   35.796160][    T1] usbcore: registered new interface driver ums-cypress
[   35.797658][    T1] usbcore: registered new interface driver ums-datafab
[   35.799146][    T1] usbcore: registered new interface driver ums_eneub6250
[   35.800665][    T1] usbcore: registered new interface driver ums-freecom
[   35.804739][    T1] usbcore: registered new interface driver ums-isd200
[   35.806625][    T1] usbcore: registered new interface driver ums-jumpshot
[   35.808026][    T1] usbcore: registered new interface driver ums-karma
[   35.809252][    T1] usbcore: registered new interface driver ums-onetouch
[   35.810594][    T1] usbcore: registered new interface driver ums-realtek
[   35.812118][    T1] usbcore: registered new interface driver ums-sddr09
[   35.814386][    T1] usbcore: registered new interface driver ums-sddr55
[   35.815902][    T1] usbcore: registered new interface driver ums-usbat
[   35.817481][    T1] usbcore: registered new interface driver mdc800
[   35.818544][    T1] mdc800: v0.7.5 (30/10/2000):USB Driver for Mustek MDC800 Digital Camera
[   35.820375][    T1] usbcore: registered new interface driver microtekX6
[   35.824404][    T1] usbcore: registered new interface driver usbserial_generic
[   35.826620][    T1] usbserial: USB Serial support registered for generic
[   35.828106][    T1] usbcore: registered new interface driver aircable
[   35.829448][    T1] usbserial: USB Serial support registered for aircable
[   35.830996][    T1] usbcore: registered new interface driver ark3116
[   35.834850][    T1] usbserial: USB Serial support registered for ark3116
[   35.836525][    T1] usbcore: registered new interface driver belkin_sa
[   35.838040][    T1] usbserial: USB Serial support registered for Belkin / Peracom / GoHubs USB Serial Adapter
[   35.840227][    T1] usbcore: registered new interface driver ch341
[   35.841605][    T1] usbserial: USB Serial support registered for ch341-uart
[   35.843429][    T1] usbcore: registered new interface driver cp210x
[   35.844804][    T1] usbserial: USB Serial support registered for cp210x
[   35.846991][    T1] usbcore: registered new interface driver cyberjack
[   35.848540][    T1] usbserial: USB Serial support registered for Reiner SCT Cyberjack USB card reader
[   35.850482][    T1] usbcore: registered new interface driver cypress_m8
[   35.851950][    T1] usbserial: USB Serial support registered for DeLorme Earthmate USB
[   35.853691][    T1] usbserial: USB Serial support registered for HID->COM RS232 Adapter
[   35.855437][    T1] usbserial: USB Serial support registered for Nokia CA-42 V2 Adapter
[   35.856977][    T1] usbcore: registered new interface driver usb_debug
[   35.859047][    T1] usbserial: USB Serial support registered for debug
[   35.860314][    T1] usbserial: USB Serial support registered for xhci_dbc
[   35.861656][    T1] usbcore: registered new interface driver digi_acceleport
[   35.863557][    T1] usbserial: USB Serial support registered for Digi 2 port USB adapter
[   35.865064][    T1] usbserial: USB Serial support registered for Digi 4 port USB adapter
[   35.867518][    T1] usbcore: registered new interface driver io_edgeport
[   35.868913][    T1] usbserial: USB Serial support registered for Edgeport 2 port adapter
[   35.870487][    T1] usbserial: USB Serial support registered for Edgeport 4 port adapter
[   35.872267][    T1] usbserial: USB Serial support registered for Edgeport 8 port adapter
[   35.873990][    T1] usbserial: USB Serial support registered for EPiC device
[   35.875488][    T1] usbcore: registered new interface driver io_ti
[   35.876653][    T1] usbserial: USB Serial support registered for Edgeport TI 1 port adapter
[   35.878135][    T1] usbserial: USB Serial support registered for Edgeport TI 2 port adapter
[   35.879907][    T1] usbcore: registered new interface driver empeg
[   35.881273][    T1] usbserial: USB Serial support registered for empeg
[   35.883732][    T1] usbcore: registered new interface driver f81534a_ctrl
[   35.885139][    T1] usbcore: registered new interface driver f81232
[   35.886523][    T1] usbserial: USB Serial support registered for f81232
[   35.888850][    T1] usbserial: USB Serial support registered for f81534a
[   35.890311][    T1] usbcore: registered new interface driver f81534
[   35.891730][    T1] usbserial: USB Serial support registered for Fintek F81532/F81534
[   35.893553][    T1] usbcore: registered new interface driver ftdi_sio
[   35.894983][    T1] usbserial: USB Serial support registered for FTDI USB Serial Device
[   35.896736][    T1] usbcore: registered new interface driver garmin_gps
[   35.898307][    T1] usbserial: USB Serial support registered for Garmin GPS usb/tty
[   35.900022][    T1] usbcore: registered new interface driver ipaq
[   35.901439][    T1] usbserial: USB Serial support registered for PocketPC PDA
[   35.903994][    T1] usbcore: registered new interface driver ipw
[   35.905410][    T1] usbserial: USB Serial support registered for IPWireless converter
[   35.907085][    T1] usbcore: registered new interface driver ir_usb
[   35.908298][    T1] usbserial: USB Serial support registered for IR Dongle
[   35.910278][    T1] usbcore: registered new interface driver iuu_phoenix
[   35.911752][    T1] usbserial: USB Serial support registered for iuu_phoenix
[   35.914072][    T1] usbcore: registered new interface driver keyspan
[   35.915483][    T1] usbserial: USB Serial support registered for Keyspan - (without firmware)
[   35.917250][    T1] usbserial: USB Serial support registered for Keyspan 1 port adapter
[   35.918901][    T1] usbserial: USB Serial support registered for Keyspan 2 port adapter
[   35.920537][    T1] usbserial: USB Serial support registered for Keyspan 4 port adapter
[   35.922947][    T1] usbcore: registered new interface driver keyspan_pda
[   35.924456][    T1] usbserial: USB Serial support registered for Keyspan PDA
[   35.926465][    T1] usbserial: USB Serial support registered for Keyspan PDA - (prerenumeration)
[   35.928336][    T1] usbcore: registered new interface driver kl5kusb105
[   35.930378][    T1] usbserial: USB Serial support registered for KL5KUSB105D / PalmConnect
[   35.933280][    T1] usbcore: registered new interface driver kobil_sct
[   35.934685][    T1] usbserial: USB Serial support registered for KOBIL USB smart card terminal
[   35.936501][    T1] usbcore: registered new interface driver mct_u232
[   35.937893][    T1] usbserial: USB Serial support registered for MCT U232
[   35.939404][    T1] usbcore: registered new interface driver metro_usb
[   35.940732][    T1] usbserial: USB Serial support registered for Metrologic USB to Serial
[   35.942710][    T1] usbcore: registered new interface driver mos7720
[   35.944115][    T1] usbserial: USB Serial support registered for Moschip 2 port adapter
[   35.945835][    T1] usbcore: registered new interface driver mos7840
[   35.947261][    T1] usbserial: USB Serial support registered for Moschip 7840/7820 USB Serial Driver
[   35.949196][    T1] usbcore: registered new interface driver mxuport
[   35.950632][    T1] usbserial: USB Serial support registered for MOXA UPort
[   35.952831][    T1] usbcore: registered new interface driver navman
[   35.954230][    T1] usbserial: USB Serial support registered for navman
[   35.955753][    T1] usbcore: registered new interface driver omninet
[   35.957138][    T1] usbserial: USB Serial support registered for ZyXEL - omni.net usb
[   35.958832][    T1] usbcore: registered new interface driver opticon
[   35.960219][    T1] usbserial: USB Serial support registered for opticon
[   35.961788][    T1] usbcore: registered new interface driver option
[   35.963320][    T1] usbserial: USB Serial support registered for GSM modem (1-port)
[   35.964863][    T1] usbcore: registered new interface driver oti6858
[   35.966068][    T1] usbserial: USB Serial support registered for oti6858
[   35.967521][    T1] usbcore: registered new interface driver pl2303
[   35.968667][    T1] usbserial: USB Serial support registered for pl2303
[   35.969928][    T1] usbcore: registered new interface driver qcaux
[   35.971055][    T1] usbserial: USB Serial support registered for qcaux
[   35.972535][    T1] usbcore: registered new interface driver qcserial
[   35.973721][    T1] usbserial: USB Serial support registered for Qualcomm USB modem
[   35.975116][    T1] usbcore: registered new interface driver quatech2
[   35.976611][    T1] usbserial: USB Serial support registered for Quatech 2nd gen USB to Serial Driver
[   35.978486][    T1] usbcore: registered new interface driver safe_serial
[   35.979889][    T1] usbserial: USB Serial support registered for safe_serial
[   35.981363][    T1] usbcore: registered new interface driver sierra
[   35.982759][    T1] usbserial: USB Serial support registered for Sierra USB modem
[   35.984375][    T1] usbcore: registered new interface driver usb_serial_simple
[   35.987105][    T1] usbserial: USB Serial support registered for carelink
[   35.988497][    T1] usbserial: USB Serial support registered for flashloader
[   35.990007][    T1] usbserial: USB Serial support registered for funsoft
[   35.991409][    T1] usbserial: USB Serial support registered for google
[   36.002851][    T1] usbserial: USB Serial support registered for hp4x
[   36.004275][    T1] usbserial: USB Serial support registered for kaufmann
[   36.005677][    T1] usbserial: USB Serial support registered for libtransistor
[   36.007164][    T1] usbserial: USB Serial support registered for moto_modem
[   36.008663][    T1] usbserial: USB Serial support registered for motorola_tetra
[   36.011108][    T1] usbserial: USB Serial support registered for nokia
[   36.012905][    T1] usbserial: USB Serial support registered for novatel_gps
[   36.014546][    T1] usbserial: USB Serial support registered for siemens_mpi
[   36.016144][    T1] usbserial: USB Serial support registered for suunto
[   36.017668][    T1] usbserial: USB Serial support registered for vivopay
[   36.019213][    T1] usbserial: USB Serial support registered for zio
[   36.020726][    T1] usbcore: registered new interface driver spcp8x5
[   36.025149][    T1] usbserial: USB Serial support registered for SPCP8x5
[   36.029001][    T1] usbcore: registered new interface driver ssu100
[   36.032267][    T1] usbserial: USB Serial support registered for Quatech SSU-100 USB to Serial Driver
[   36.036736][    T1] usbcore: registered new interface driver symbolserial
[   36.040089][    T1] usbserial: USB Serial support registered for symbol
[   36.043758][    T1] usbcore: registered new interface driver ti_usb_3410_5052
[   36.047404][    T1] usbserial: USB Serial support registered for TI USB 3410 1 port adapter
[   36.051802][    T1] usbserial: USB Serial support registered for TI USB 5052 2 port adapter
[   36.058028][    T1] usbcore: registered new interface driver upd78f0730
[   36.061417][    T1] usbserial: USB Serial support registered for upd78f0730
[   36.065853][    T1] usbcore: registered new interface driver visor
[   36.069174][    T1] usbserial: USB Serial support registered for Handspring Visor / Palm OS
[   36.076924][    T1] usbserial: USB Serial support registered for Sony Clie 5.0
[   36.080594][    T1] usbserial: USB Serial support registered for Sony Clie 3.5
[   36.084540][    T1] usbcore: registered new interface driver wishbone_serial
[   36.089079][    T1] usbserial: USB Serial support registered for wishbone_serial
[   36.092985][    T1] usbcore: registered new interface driver whiteheat
[   36.096406][    T1] usbserial: USB Serial support registered for Connect Tech - WhiteHEAT - (prerenumeration)
[   36.101313][    T1] usbserial: USB Serial support registered for Connect Tech - WhiteHEAT
[   36.106989][    T1] usbcore: registered new interface driver xr_serial
[   36.110008][    T1] usbserial: USB Serial support registered for xr_serial
[   36.113297][    T1] usbcore: registered new interface driver xsens_mt
[   36.116283][    T1] usbserial: USB Serial support registered for xsens_mt
[   36.119545][    T1] usbcore: registered new interface driver adutux
[   36.122465][    T1] usbcore: registered new interface driver appledisplay
[   36.125410][    T1] usbcore: registered new interface driver cypress_cy7c63
[   36.127018][    T1] usbcore: registered new interface driver cytherm
[   36.128483][    T1] usbcore: registered new interface driver emi26 - firmware loader
[   36.130176][    T1] usbcore: registered new interface driver emi62 - firmware loader
[   36.131874][    T1] usbcore: registered new interface driver idmouse
[   36.133529][    T1] usbcore: registered new interface driver iowarrior
[   36.135097][    T1] usbcore: registered new interface driver isight_firmware
[   36.136666][    T1] usbcore: registered new interface driver usblcd
[   36.138111][    T1] usbcore: registered new interface driver ldusb
[   36.139628][    T1] usbcore: registered new interface driver legousbtower
[   36.141120][    T1] usbcore: registered new interface driver usbtest
[   36.142622][    T1] usbcore: registered new interface driver usb_ehset_test
[   36.144174][    T1] usbcore: registered new interface driver trancevibrator
[   36.145751][    T1] usbcore: registered new interface driver uss720
[   36.146773][    T1] uss720: USB Parport Cable driver for Cables using the Lucent Technologies USS720 Chip
[   36.148216][    T1] uss720: NOTE: this is a special purpose driver to allow nonstandard
[   36.149456][    T1] uss720: protocols (eg. bitbang) over USS720 usb to parallel cables
[   36.150797][    T1] uss720: If you just want to connect to a printer, use usblp instead
[   36.152681][    T1] usbcore: registered new interface driver usbsevseg
[   36.154262][    T1] usbcore: registered new interface driver yurex
[   36.156911][    T1] usbcore: registered new interface driver chaoskey
[   36.158488][    T1] usbcore: registered new interface driver sisusb
[   36.160021][    T1] usbcore: registered new interface driver lvs
[   36.161952][    T1] usbcore: registered new interface driver cxacru
[   36.163474][    T1] usbcore: registered new interface driver speedtch
[   36.164999][    T1] usbcore: registered new interface driver ueagle-atm
[   36.166127][    T1] xusbatm: malformed module parameters
[   36.172023][    T1] dummy_hcd dummy_hcd.0: USB Host+Gadget Emulator, driver 02 May 2005
[   36.174277][    T1] dummy_hcd dummy_hcd.0: Dummy host controller
[   36.181439][    T1] dummy_hcd dummy_hcd.0: new USB bus registered, assigned bus number 1
[   36.189010][    T1] usb usb1: New USB device found, idVendor=1d6b, idProduct=0002, bcdDevice= 6.09
[   36.190784][    T1] usb usb1: New USB device strings: Mfr=3, Product=2, SerialNumber=1
[   36.192194][    T1] usb usb1: Product: Dummy host controller
[   36.193157][    T1] usb usb1: Manufacturer: Linux 6.9.0-rc6-00177-g262aa1b53d69-dirty dummy_hcd
[   36.194618][    T1] usb usb1: SerialNumber: dummy_hcd.0
[   36.209541][    T1] hub 1-0:1.0: USB hub found
[   36.211772][    T1] hub 1-0:1.0: 1 port detected
[   36.242280][    T1] gadgetfs: USB Gadget filesystem, version 24 Aug 2004
[   36.249357][    T1] vhci_hcd vhci_hcd.0: USB/IP Virtual Host Controller
[   36.254263][    T1] vhci_hcd vhci_hcd.0: new USB bus registered, assigned bus number 2
[   36.257656][    T1] vhci_hcd: created sysfs vhci_hcd.0
[   36.262492][    T1] usb usb2: New USB device found, idVendor=1d6b, idProduct=0002, bcdDevice= 6.09
[   36.264048][    T1] usb usb2: New USB device strings: Mfr=3, Product=2, SerialNumber=1
[   36.265392][    T1] usb usb2: Product: USB/IP Virtual Host Controller
[   36.266504][    T1] usb usb2: Manufacturer: Linux 6.9.0-rc6-00177-g262aa1b53d69-dirty vhci_hcd
[   36.267960][    T1] usb usb2: SerialNumber: vhci_hcd.0
[   36.279108][    T1] hub 2-0:1.0: USB hub found
[   36.280923][    T1] hub 2-0:1.0: 8 ports detected
[   36.315339][    T1] vhci_hcd vhci_hcd.0: USB/IP Virtual Host Controller
[   36.319182][    T1] vhci_hcd vhci_hcd.0: new USB bus registered, assigned bus number 3
[   36.322042][    T1] usb usb3: We don't know the algorithms for LPM for this host, disabling LPM.
[   36.327143][    T1] usb usb3: New USB device found, idVendor=1d6b, idProduct=0003, bcdDevice= 6.09
[   36.328671][    T1] usb usb3: New USB device strings: Mfr=3, Product=2, SerialNumber=1
[   36.329999][    T1] usb usb3: Product: USB/IP Virtual Host Controller
[   36.331094][    T1] usb usb3: Manufacturer: Linux 6.9.0-rc6-00177-g262aa1b53d69-dirty vhci_hcd
[   36.332620][    T1] usb usb3: SerialNumber: vhci_hcd.0
[   36.342967][    T1] hub 3-0:1.0: USB hub found
[   36.345530][    T1] hub 3-0:1.0: 8 ports detected
[   36.383850][    T1] vhci_hcd vhci_hcd.1: USB/IP Virtual Host Controller
[   36.387823][    T1] vhci_hcd vhci_hcd.1: new USB bus registered, assigned bus number 4
[   36.393223][    T1] usb usb4: New USB device found, idVendor=1d6b, idProduct=0002, bcdDevice= 6.09
[   36.394776][    T1] usb usb4: New USB device strings: Mfr=3, Product=2, SerialNumber=1
[   36.396117][    T1] usb usb4: Product: USB/IP Virtual Host Controller
[   36.397207][    T1] usb usb4: Manufacturer: Linux 6.9.0-rc6-00177-g262aa1b53d69-dirty vhci_hcd
[   36.398667][    T1] usb usb4: SerialNumber: vhci_hcd.1
[   36.408272][    T1] hub 4-0:1.0: USB hub found
[   36.410218][    T1] hub 4-0:1.0: 8 ports detected
[   36.440970][    T1] vhci_hcd vhci_hcd.1: USB/IP Virtual Host Controller
[   36.444850][    T1] vhci_hcd vhci_hcd.1: new USB bus registered, assigned bus number 5
[   36.447653][    T1] usb usb5: We don't know the algorithms for LPM for this host, disabling LPM.
[   36.452933][    T1] usb usb5: New USB device found, idVendor=1d6b, idProduct=0003, bcdDevice= 6.09
[   36.454343][    T1] usb usb5: New USB device strings: Mfr=3, Product=2, SerialNumber=1
[   36.455541][    T1] usb usb5: Product: USB/IP Virtual Host Controller
[   36.456529][    T1] usb usb5: Manufacturer: Linux 6.9.0-rc6-00177-g262aa1b53d69-dirty vhci_hcd
[   36.457878][    T1] usb usb5: SerialNumber: vhci_hcd.1
[   36.468679][    T1] hub 5-0:1.0: USB hub found
[   36.471280][    T1] hub 5-0:1.0: 8 ports detected
[   36.517679][    T1] vhci_hcd vhci_hcd.2: USB/IP Virtual Host Controller
[   36.523702][    T1] vhci_hcd vhci_hcd.2: new USB bus registered, assigned bus number 6
[   36.530803][    T1] usb usb6: New USB device found, idVendor=1d6b, idProduct=0002, bcdDevice= 6.09
[   36.534428][    T1] usb usb6: New USB device strings: Mfr=3, Product=2, SerialNumber=1
[   36.537329][    T1] usb usb6: Product: USB/IP Virtual Host Controller
[   36.539696][    T1] usb usb6: Manufacturer: Linux 6.9.0-rc6-00177-g262aa1b53d69-dirty vhci_hcd
[   36.542902][    T1] usb usb6: SerialNumber: vhci_hcd.2
[   36.555831][    T1] hub 6-0:1.0: USB hub found
[   36.558455][    T1] hub 6-0:1.0: 8 ports detected
[   36.594553][    T1] vhci_hcd vhci_hcd.2: USB/IP Virtual Host Controller
[   36.600279][    T1] vhci_hcd vhci_hcd.2: new USB bus registered, assigned bus number 7
[   36.607388][    T1] usb usb7: We don't know the algorithms for LPM for this host, disabling LPM.
[   36.614250][    T1] usb usb7: New USB device found, idVendor=1d6b, idProduct=0003, bcdDevice= 6.09
[   36.617479][    T1] usb usb7: New USB device strings: Mfr=3, Product=2, SerialNumber=1
[   36.620480][    T1] usb usb7: Product: USB/IP Virtual Host Controller
[   36.622985][    T1] usb usb7: Manufacturer: Linux 6.9.0-rc6-00177-g262aa1b53d69-dirty vhci_hcd
[   36.626097][    T1] usb usb7: SerialNumber: vhci_hcd.2
[   36.638388][    T1] hub 7-0:1.0: USB hub found
[   36.641909][    T1] hub 7-0:1.0: 8 ports detected
[   36.688091][    T1] vhci_hcd vhci_hcd.3: USB/IP Virtual Host Controller
[   36.694251][    T1] vhci_hcd vhci_hcd.3: new USB bus registered, assigned bus number 8
[   36.701281][    T1] usb usb8: New USB device found, idVendor=1d6b, idProduct=0002, bcdDevice= 6.09
[   36.704641][    T1] usb usb8: New USB device strings: Mfr=3, Product=2, SerialNumber=1
[   36.707528][    T1] usb usb8: Product: USB/IP Virtual Host Controller
[   36.710057][    T1] usb usb8: Manufacturer: Linux 6.9.0-rc6-00177-g262aa1b53d69-dirty vhci_hcd
[   36.713197][    T1] usb usb8: SerialNumber: vhci_hcd.3
[   36.725131][    T1] hub 8-0:1.0: USB hub found
[   36.727784][    T1] hub 8-0:1.0: 8 ports detected
[   36.761590][    T1] vhci_hcd vhci_hcd.3: USB/IP Virtual Host Controller
[   36.769118][    T1] vhci_hcd vhci_hcd.3: new USB bus registered, assigned bus number 9
[   36.774484][    T1] usb usb9: We don't know the algorithms for LPM for this host, disabling LPM.
[   36.781323][    T1] usb usb9: New USB device found, idVendor=1d6b, idProduct=0003, bcdDevice= 6.09
[   36.784667][    T1] usb usb9: New USB device strings: Mfr=3, Product=2, SerialNumber=1
[   36.787545][    T1] usb usb9: Product: USB/IP Virtual Host Controller
[   36.789918][    T1] usb usb9: Manufacturer: Linux 6.9.0-rc6-00177-g262aa1b53d69-dirty vhci_hcd
[   36.793074][    T1] usb usb9: SerialNumber: vhci_hcd.3
[   36.805303][    T1] hub 9-0:1.0: USB hub found
[   36.807992][    T1] hub 9-0:1.0: 8 ports detected
[   36.850553][    T1] vhci_hcd vhci_hcd.4: USB/IP Virtual Host Controller
[   36.861511][    T1] vhci_hcd vhci_hcd.4: new USB bus registered, assigned bus number 10
[   36.869854][    T1] usb usb10: New USB device found, idVendor=1d6b, idProduct=0002, bcdDevice= 6.09
[   36.873236][    T1] usb usb10: New USB device strings: Mfr=3, Product=2, SerialNumber=1
[   36.874800][    T1] usb usb10: Product: USB/IP Virtual Host Controller
[   36.877137][    T1] usb usb10: Manufacturer: Linux 6.9.0-rc6-00177-g262aa1b53d69-dirty vhci_hcd
[   36.880351][    T1] usb usb10: SerialNumber: vhci_hcd.4
[   36.892186][    T1] hub 10-0:1.0: USB hub found
[   36.893896][    T1] hub 10-0:1.0: 8 ports detected
[   36.927878][    T1] vhci_hcd vhci_hcd.4: USB/IP Virtual Host Controller
[   36.934528][    T1] vhci_hcd vhci_hcd.4: new USB bus registered, assigned bus number 11
[   36.940281][    T1] usb usb11: We don't know the algorithms for LPM for this host, disabling LPM.
[   36.947151][    T1] usb usb11: New USB device found, idVendor=1d6b, idProduct=0003, bcdDevice= 6.09
[   36.950425][    T1] usb usb11: New USB device strings: Mfr=3, Product=2, SerialNumber=1
[   36.953392][    T1] usb usb11: Product: USB/IP Virtual Host Controller
[   36.955774][    T1] usb usb11: Manufacturer: Linux 6.9.0-rc6-00177-g262aa1b53d69-dirty vhci_hcd
[   36.958896][    T1] usb usb11: SerialNumber: vhci_hcd.4
[   36.970580][    T1] hub 11-0:1.0: USB hub found
[   36.973254][    T1] hub 11-0:1.0: 8 ports detected
[   37.017162][    T1] vhci_hcd vhci_hcd.5: USB/IP Virtual Host Controller
[   37.022761][    T1] vhci_hcd vhci_hcd.5: new USB bus registered, assigned bus number 12
[   37.028219][    T1] usb usb12: New USB device found, idVendor=1d6b, idProduct=0002, bcdDevice= 6.09
[   37.031582][    T1] usb usb12: New USB device strings: Mfr=3, Product=2, SerialNumber=1
[   37.035376][    T1] usb usb12: Product: USB/IP Virtual Host Controller
[   37.037767][    T1] usb usb12: Manufacturer: Linux 6.9.0-rc6-00177-g262aa1b53d69-dirty vhci_hcd
[   37.040933][    T1] usb usb12: SerialNumber: vhci_hcd.5
[   37.056236][    T1] hub 12-0:1.0: USB hub found
[   37.058884][    T1] hub 12-0:1.0: 8 ports detected
[   37.091719][    T1] vhci_hcd vhci_hcd.5: USB/IP Virtual Host Controller
[   37.099201][    T1] vhci_hcd vhci_hcd.5: new USB bus registered, assigned bus number 13
[   37.103844][    T1] usb usb13: We don't know the algorithms for LPM for this host, disabling LPM.
[   37.110714][    T1] usb usb13: New USB device found, idVendor=1d6b, idProduct=0003, bcdDevice= 6.09
[   37.114063][    T1] usb usb13: New USB device strings: Mfr=3, Product=2, SerialNumber=1
[   37.116996][    T1] usb usb13: Product: USB/IP Virtual Host Controller
[   37.119477][    T1] usb usb13: Manufacturer: Linux 6.9.0-rc6-00177-g262aa1b53d69-dirty vhci_hcd
[   37.122700][    T1] usb usb13: SerialNumber: vhci_hcd.5
[   37.134540][    T1] hub 13-0:1.0: USB hub found
[   37.138436][    T1] hub 13-0:1.0: 8 ports detected
[   37.181400][    T1] vhci_hcd vhci_hcd.6: USB/IP Virtual Host Controller
[   37.187917][    T1] vhci_hcd vhci_hcd.6: new USB bus registered, assigned bus number 14
[   37.195042][    T1] usb usb14: New USB device found, idVendor=1d6b, idProduct=0002, bcdDevice= 6.09
[   37.198324][    T1] usb usb14: New USB device strings: Mfr=3, Product=2, SerialNumber=1
[   37.201212][    T1] usb usb14: Product: USB/IP Virtual Host Controller
[   37.203642][    T1] usb usb14: Manufacturer: Linux 6.9.0-rc6-00177-g262aa1b53d69-dirty vhci_hcd
[   37.206798][    T1] usb usb14: SerialNumber: vhci_hcd.6
[   37.218911][    T1] hub 14-0:1.0: USB hub found
[   37.220592][    T1] hub 14-0:1.0: 8 ports detected
[   37.257268][    T1] vhci_hcd vhci_hcd.6: USB/IP Virtual Host Controller
[   37.263598][    T1] vhci_hcd vhci_hcd.6: new USB bus registered, assigned bus number 15
[   37.267493][    T1] usb usb15: We don't know the algorithms for LPM for this host, disabling LPM.
[   37.272891][    T1] usb usb15: New USB device found, idVendor=1d6b, idProduct=0003, bcdDevice= 6.09
[   37.274396][    T1] usb usb15: New USB device strings: Mfr=3, Product=2, SerialNumber=1
[   37.275629][    T1] usb usb15: Product: USB/IP Virtual Host Controller
[   37.276636][    T1] usb usb15: Manufacturer: Linux 6.9.0-rc6-00177-g262aa1b53d69-dirty vhci_hcd
[   37.277978][    T1] usb usb15: SerialNumber: vhci_hcd.6
[   37.289661][    T1] hub 15-0:1.0: USB hub found
[   37.292768][    T1] hub 15-0:1.0: 8 ports detected
[   37.339191][    T1] vhci_hcd vhci_hcd.7: USB/IP Virtual Host Controller
[   37.345289][    T1] vhci_hcd vhci_hcd.7: new USB bus registered, assigned bus number 16
[   37.355524][    T1] usb usb16: New USB device found, idVendor=1d6b, idProduct=0002, bcdDevice= 6.09
[   37.359474][    T1] usb usb16: New USB device strings: Mfr=3, Product=2, SerialNumber=1
[   37.363049][    T1] usb usb16: Product: USB/IP Virtual Host Controller
[   37.365876][    T1] usb usb16: Manufacturer: Linux 6.9.0-rc6-00177-g262aa1b53d69-dirty vhci_hcd
[   37.369686][    T1] usb usb16: SerialNumber: vhci_hcd.7
[   37.381456][    T1] hub 16-0:1.0: USB hub found
[   37.384487][    T1] hub 16-0:1.0: 8 ports detected
[   37.419916][    T1] vhci_hcd vhci_hcd.7: USB/IP Virtual Host Controller
[   37.427299][    T1] vhci_hcd vhci_hcd.7: new USB bus registered, assigned bus number 17
[   37.432441][    T1] usb usb17: We don't know the algorithms for LPM for this host, disabling LPM.
[   37.440050][    T1] usb usb17: New USB device found, idVendor=1d6b, idProduct=0003, bcdDevice= 6.09
[   37.444092][    T1] usb usb17: New USB device strings: Mfr=3, Product=2, SerialNumber=1
[   37.447611][    T1] usb usb17: Product: USB/IP Virtual Host Controller
[   37.450496][    T1] usb usb17: Manufacturer: Linux 6.9.0-rc6-00177-g262aa1b53d69-dirty vhci_hcd
[   37.454361][    T1] usb usb17: SerialNumber: vhci_hcd.7
[   37.466544][    T1] hub 17-0:1.0: USB hub found
[   37.470777][    T1] hub 17-0:1.0: 8 ports detected
[   37.516595][    T1] vhci_hcd vhci_hcd.8: USB/IP Virtual Host Controller
[   37.523303][    T1] vhci_hcd vhci_hcd.8: new USB bus registered, assigned bus number 18
[   37.530612][    T1] usb usb18: New USB device found, idVendor=1d6b, idProduct=0002, bcdDevice= 6.09
[   37.534097][    T1] usb usb18: New USB device strings: Mfr=3, Product=2, SerialNumber=1
[   37.537193][    T1] usb usb18: Product: USB/IP Virtual Host Controller
[   37.540943][    T1] usb usb18: Manufacturer: Linux 6.9.0-rc6-00177-g262aa1b53d69-dirty vhci_hcd
[   37.545887][    T1] usb usb18: SerialNumber: vhci_hcd.8
[   37.558446][    T1] hub 18-0:1.0: USB hub found
[   37.561982][    T1] hub 18-0:1.0: 8 ports detected
[   37.600306][    T1] vhci_hcd vhci_hcd.8: USB/IP Virtual Host Controller
[   37.607167][    T1] vhci_hcd vhci_hcd.8: new USB bus registered, assigned bus number 19
[   37.613415][    T1] usb usb19: We don't know the algorithms for LPM for this host, disabling LPM.
[   37.620344][    T1] usb usb19: New USB device found, idVendor=1d6b, idProduct=0003, bcdDevice= 6.09
[   37.623713][    T1] usb usb19: New USB device strings: Mfr=3, Product=2, SerialNumber=1
[   37.626676][    T1] usb usb19: Product: USB/IP Virtual Host Controller
[   37.629060][    T1] usb usb19: Manufacturer: Linux 6.9.0-rc6-00177-g262aa1b53d69-dirty vhci_hcd
[   37.632273][    T1] usb usb19: SerialNumber: vhci_hcd.8
[   37.645498][    T1] hub 19-0:1.0: USB hub found
[   37.648726][    T1] hub 19-0:1.0: 8 ports detected
[   37.696885][    T1] vhci_hcd vhci_hcd.9: USB/IP Virtual Host Controller
[   37.701777][    T1] vhci_hcd vhci_hcd.9: new USB bus registered, assigned bus number 20
[   37.707426][    T1] usb usb20: New USB device found, idVendor=1d6b, idProduct=0002, bcdDevice= 6.09
[   37.709058][    T1] usb usb20: New USB device strings: Mfr=3, Product=2, SerialNumber=1
[   37.710420][    T1] usb usb20: Product: USB/IP Virtual Host Controller
[   37.711502][    T1] usb usb20: Manufacturer: Linux 6.9.0-rc6-00177-g262aa1b53d69-dirty vhci_hcd
[   37.713237][    T1] usb usb20: SerialNumber: vhci_hcd.9
[   37.724024][    T1] hub 20-0:1.0: USB hub found
[   37.726728][    T1] hub 20-0:1.0: 8 ports detected
[   37.763642][    T1] vhci_hcd vhci_hcd.9: USB/IP Virtual Host Controller
[   37.771164][    T1] vhci_hcd vhci_hcd.9: new USB bus registered, assigned bus number 21
[   37.778538][    T1] usb usb21: We don't know the algorithms for LPM for this host, disabling LPM.
[   37.788903][    T1] usb usb21: New USB device found, idVendor=1d6b, idProduct=0003, bcdDevice= 6.09
[   37.793035][    T1] usb usb21: New USB device strings: Mfr=3, Product=2, SerialNumber=1
[   37.794546][    T1] usb usb21: Product: USB/IP Virtual Host Controller
[   37.795743][    T1] usb usb21: Manufacturer: Linux 6.9.0-rc6-00177-g262aa1b53d69-dirty vhci_hcd
[   37.797273][    T1] usb usb21: SerialNumber: vhci_hcd.9
[   37.809145][    T1] hub 21-0:1.0: USB hub found
[   37.811201][    T1] hub 21-0:1.0: 8 ports detected
[   37.864336][    T1] vhci_hcd vhci_hcd.10: USB/IP Virtual Host Controller
[   37.871398][    T1] vhci_hcd vhci_hcd.10: new USB bus registered, assigned bus number 22
[   37.884192][    T1] usb usb22: New USB device found, idVendor=1d6b, idProduct=0002, bcdDevice= 6.09
[   37.888470][    T1] usb usb22: New USB device strings: Mfr=3, Product=2, SerialNumber=1
[   37.898144][    T1] usb usb22: Product: USB/IP Virtual Host Controller
[   37.901230][    T1] usb usb22: Manufacturer: Linux 6.9.0-rc6-00177-g262aa1b53d69-dirty vhci_hcd
[   37.905372][    T1] usb usb22: SerialNumber: vhci_hcd.10
[   37.918909][    T1] hub 22-0:1.0: USB hub found
[   37.922264][    T1] hub 22-0:1.0: 8 ports detected
[   37.961161][    T1] vhci_hcd vhci_hcd.10: USB/IP Virtual Host Controller
[   37.970076][    T1] vhci_hcd vhci_hcd.10: new USB bus registered, assigned bus number 23
[   37.973267][    T1] usb usb23: We don't know the algorithms for LPM for this host, disabling LPM.
[   37.977933][    T1] usb usb23: New USB device found, idVendor=1d6b, idProduct=0003, bcdDevice= 6.09
[   37.979229][    T1] usb usb23: New USB device strings: Mfr=3, Product=2, SerialNumber=1
[   37.980303][    T1] usb usb23: Product: USB/IP Virtual Host Controller
[   37.981181][    T1] usb usb23: Manufacturer: Linux 6.9.0-rc6-00177-g262aa1b53d69-dirty vhci_hcd
[   37.982485][    T1] usb usb23: SerialNumber: vhci_hcd.10
[   37.991984][    T1] hub 23-0:1.0: USB hub found
[   37.994405][    T1] hub 23-0:1.0: 8 ports detected
[   38.030473][    T1] vhci_hcd vhci_hcd.11: USB/IP Virtual Host Controller
[   38.037331][    T1] vhci_hcd vhci_hcd.11: new USB bus registered, assigned bus number 24
[   38.043468][    T1] usb usb24: New USB device found, idVendor=1d6b, idProduct=0002, bcdDevice= 6.09
[   38.045106][    T1] usb usb24: New USB device strings: Mfr=3, Product=2, SerialNumber=1
[   38.046527][    T1] usb usb24: Product: USB/IP Virtual Host Controller
[   38.047677][    T1] usb usb24: Manufacturer: Linux 6.9.0-rc6-00177-g262aa1b53d69-dirty vhci_hcd
[   38.049180][    T1] usb usb24: SerialNumber: vhci_hcd.11
[   38.059076][    T1] hub 24-0:1.0: USB hub found
[   38.060663][    T1] hub 24-0:1.0: 8 ports detected
[   38.095881][    T1] vhci_hcd vhci_hcd.11: USB/IP Virtual Host Controller
[   38.103101][    T1] vhci_hcd vhci_hcd.11: new USB bus registered, assigned bus number 25
[   38.109126][    T1] usb usb25: We don't know the algorithms for LPM for this host, disabling LPM.
[   38.116421][    T1] usb usb25: New USB device found, idVendor=1d6b, idProduct=0003, bcdDevice= 6.09
[   38.118488][    T1] usb usb25: New USB device strings: Mfr=3, Product=2, SerialNumber=1
[   38.119852][    T1] usb usb25: Product: USB/IP Virtual Host Controller
[   38.120945][    T1] usb usb25: Manufacturer: Linux 6.9.0-rc6-00177-g262aa1b53d69-dirty vhci_hcd
[   38.123144][    T1] usb usb25: SerialNumber: vhci_hcd.11
[   38.134045][    T1] hub 25-0:1.0: USB hub found
[   38.136213][    T1] hub 25-0:1.0: 8 ports detected
[   38.176764][    T1] vhci_hcd vhci_hcd.12: USB/IP Virtual Host Controller
[   38.181026][    T1] vhci_hcd vhci_hcd.12: new USB bus registered, assigned bus number 26
[   38.187107][    T1] usb usb26: New USB device found, idVendor=1d6b, idProduct=0002, bcdDevice= 6.09
[   38.188715][    T1] usb usb26: New USB device strings: Mfr=3, Product=2, SerialNumber=1
[   38.190065][    T1] usb usb26: Product: USB/IP Virtual Host Controller
[   38.191152][    T1] usb usb26: Manufacturer: Linux 6.9.0-rc6-00177-g262aa1b53d69-dirty vhci_hcd
[   38.192774][    T1] usb usb26: SerialNumber: vhci_hcd.12
[   38.202610][    T1] hub 26-0:1.0: USB hub found
[   38.205499][    T1] hub 26-0:1.0: 8 ports detected
[   38.236501][    T1] vhci_hcd vhci_hcd.12: USB/IP Virtual Host Controller
[   38.241091][    T1] vhci_hcd vhci_hcd.12: new USB bus registered, assigned bus number 27
[   38.244211][    T1] usb usb27: We don't know the algorithms for LPM for this host, disabling LPM.
[   38.248574][    T1] usb usb27: New USB device found, idVendor=1d6b, idProduct=0003, bcdDevice= 6.09
[   38.250165][    T1] usb usb27: New USB device strings: Mfr=3, Product=2, SerialNumber=1
[   38.251516][    T1] usb usb27: Product: USB/IP Virtual Host Controller
[   38.252617][    T1] usb usb27: Manufacturer: Linux 6.9.0-rc6-00177-g262aa1b53d69-dirty vhci_hcd
[   38.253810][    T1] usb usb27: SerialNumber: vhci_hcd.12
[   38.263759][    T1] hub 27-0:1.0: USB hub found
[   38.265609][    T1] hub 27-0:1.0: 8 ports detected
[   38.309129][    T1] vhci_hcd vhci_hcd.13: USB/IP Virtual Host Controller
[   38.313691][    T1] vhci_hcd vhci_hcd.13: new USB bus registered, assigned bus number 28
[   38.321428][    T1] usb usb28: New USB device found, idVendor=1d6b, idProduct=0002, bcdDevice= 6.09
[   38.323497][    T1] usb usb28: New USB device strings: Mfr=3, Product=2, SerialNumber=1
[   38.324933][    T1] usb usb28: Product: USB/IP Virtual Host Controller
[   38.326160][    T1] usb usb28: Manufacturer: Linux 6.9.0-rc6-00177-g262aa1b53d69-dirty vhci_hcd
[   38.327707][    T1] usb usb28: SerialNumber: vhci_hcd.13
[   38.339617][    T1] hub 28-0:1.0: USB hub found
[   38.343059][    T1] hub 28-0:1.0: 8 ports detected
[   38.381147][    T1] vhci_hcd vhci_hcd.13: USB/IP Virtual Host Controller
[   38.387983][    T1] vhci_hcd vhci_hcd.13: new USB bus registered, assigned bus number 29
[   38.391989][    T1] usb usb29: We don't know the algorithms for LPM for this host, disabling LPM.
[   38.397575][    T1] usb usb29: New USB device found, idVendor=1d6b, idProduct=0003, bcdDevice= 6.09
[   38.401420][    T1] usb usb29: New USB device strings: Mfr=3, Product=2, SerialNumber=1
[   38.405811][    T1] usb usb29: Product: USB/IP Virtual Host Controller
[   38.408624][    T1] usb usb29: Manufacturer: Linux 6.9.0-rc6-00177-g262aa1b53d69-dirty vhci_hcd
[   38.412488][    T1] usb usb29: SerialNumber: vhci_hcd.13
[   38.425842][    T1] hub 29-0:1.0: USB hub found
[   38.428940][    T1] hub 29-0:1.0: 8 ports detected
[   38.471663][    T1] vhci_hcd vhci_hcd.14: USB/IP Virtual Host Controller
[   38.483311][    T1] vhci_hcd vhci_hcd.14: new USB bus registered, assigned bus number 30
[   38.491809][    T1] usb usb30: New USB device found, idVendor=1d6b, idProduct=0002, bcdDevice= 6.09
[   38.495768][    T1] usb usb30: New USB device strings: Mfr=3, Product=2, SerialNumber=1
[   38.499155][    T1] usb usb30: Product: USB/IP Virtual Host Controller
[   38.501928][    T1] usb usb30: Manufacturer: Linux 6.9.0-rc6-00177-g262aa1b53d69-dirty vhci_hcd
[   38.505654][    T1] usb usb30: SerialNumber: vhci_hcd.14
[   38.518466][    T1] hub 30-0:1.0: USB hub found
[   38.521516][    T1] hub 30-0:1.0: 8 ports detected
[   38.562035][    T1] vhci_hcd vhci_hcd.14: USB/IP Virtual Host Controller
[   38.567386][    T1] vhci_hcd vhci_hcd.14: new USB bus registered, assigned bus number 31
[   38.575698][    T1] usb usb31: We don't know the algorithms for LPM for this host, disabling LPM.
[   38.580713][    T1] usb usb31: New USB device found, idVendor=1d6b, idProduct=0003, bcdDevice= 6.09
[   38.584087][    T1] usb usb31: New USB device strings: Mfr=3, Product=2, SerialNumber=1
[   38.586470][    T1] usb usb31: Product: USB/IP Virtual Host Controller
[   38.587497][    T1] usb usb31: Manufacturer: Linux 6.9.0-rc6-00177-g262aa1b53d69-dirty vhci_hcd
[   38.588762][    T1] usb usb31: SerialNumber: vhci_hcd.14
[   38.599348][    T1] hub 31-0:1.0: USB hub found
[   38.602240][    T1] hub 31-0:1.0: 8 ports detected
[   38.645597][    T1] vhci_hcd vhci_hcd.15: USB/IP Virtual Host Controller
[   38.652710][    T1] vhci_hcd vhci_hcd.15: new USB bus registered, assigned bus number 32
[   38.659875][    T1] usb usb32: New USB device found, idVendor=1d6b, idProduct=0002, bcdDevice= 6.09
[   38.662464][    T1] usb usb32: New USB device strings: Mfr=3, Product=2, SerialNumber=1
[   38.663690][    T1] usb usb32: Product: USB/IP Virtual Host Controller
[   38.664695][    T1] usb usb32: Manufacturer: Linux 6.9.0-rc6-00177-g262aa1b53d69-dirty vhci_hcd
[   38.666049][    T1] usb usb32: SerialNumber: vhci_hcd.15
[   38.676487][    T1] hub 32-0:1.0: USB hub found
[   38.678272][    T1] hub 32-0:1.0: 8 ports detected
[   38.715122][    T1] vhci_hcd vhci_hcd.15: USB/IP Virtual Host Controller
[   38.719056][    T1] vhci_hcd vhci_hcd.15: new USB bus registered, assigned bus number 33
[   38.721904][    T1] usb usb33: We don't know the algorithms for LPM for this host, disabling LPM.
[   38.727140][    T1] usb usb33: New USB device found, idVendor=1d6b, idProduct=0003, bcdDevice= 6.09
[   38.728554][    T1] usb usb33: New USB device strings: Mfr=3, Product=2, SerialNumber=1
[   38.729785][    T1] usb usb33: Product: USB/IP Virtual Host Controller
[   38.730812][    T1] usb usb33: Manufacturer: Linux 6.9.0-rc6-00177-g262aa1b53d69-dirty vhci_hcd
[   38.732204][    T1] usb usb33: SerialNumber: vhci_hcd.15
[   38.742683][    T1] hub 33-0:1.0: USB hub found
[   38.744399][    T1] hub 33-0:1.0: 8 ports detected
[   38.786720][    T1] usbcore: registered new device driver usbip-host
[   38.799211][    T1] i8042: PNP: PS/2 Controller [PNP0303:KBD,PNP0f13:MOU] at 0x60,0x64 irq 1,12
[   38.806351][    T1] serio: i8042 KBD port at 0x60,0x64 irq 1
[   38.811795][    T1] serio: i8042 AUX port at 0x60,0x64 irq 12
[   38.820871][    T1] mousedev: PS/2 mouse device common for all mice
[   38.826329][    T1] usbcore: registered new interface driver appletouch
[   38.828133][    T1] usbcore: registered new interface driver bcm5974
[   38.830792][    T1] usbcore: registered new interface driver synaptics_usb
[   38.839436][    T1] usbcore: registered new interface driver iforce
[   38.841503][    T1] usbcore: registered new interface driver xpad
[   38.846288][    T1] usbcore: registered new interface driver usb_acecad
[   38.848389][    T1] usbcore: registered new interface driver aiptek
[   38.850355][    T1] usbcore: registered new interface driver hanwang
[   38.852608][    T1] usbcore: registered new interface driver kbtab
[   38.853302][  T769] input: AT Translated Set 2 keyboard as /devices/platform/i8042/serio0/input/input1
[   38.854690][    T1] usbcore: registered new interface driver pegasus_notetaker
[   38.856949][    T1] usbcore: registered new interface driver usbtouchscreen
[   38.858615][    T1] usbcore: registered new interface driver sur40
[   38.860247][    T1] usbcore: registered new interface driver ati_remote2
[   38.861282][    T1] cm109: Keymap for Komunikate KIP1000 phone loaded
[   38.868873][    T1] usbcore: registered new interface driver cm109
[   38.869873][    T1] cm109: CM109 phone driver: 20080805 (C) Alfred E. Heggestad
[   38.871645][    T1] usbcore: registered new interface driver ims_pcu
[   38.873591][    T1] usbcore: registered new interface driver keyspan_remote
[   38.875970][    T1] usbcore: registered new interface driver powermate
[   38.880212][    T1] usbcore: registered new interface driver yealink
[   38.887029][    T1] rtc_cmos 00:05: RTC can wake from S4
[   38.912875][    T1] rtc_cmos 00:05: registered as rtc0
[   38.913893][    T1] rtc_cmos 00:05: alarms up to one day, y3k, 242 bytes nvram, hpet irqs
[   38.916620][    T1] i2c_dev: i2c /dev entries driver
[   38.920157][    T1] usbcore: registered new interface driver i2c-diolan-u2c
[   38.924282][    T1] usbcore: registered new interface driver RobotFuzz Open Source InterFace, OSIF
[   38.928403][    T1] usbcore: registered new interface driver i2c-tiny-usb
[   38.935688][    T1] usbcore: registered new interface driver igorplugusb
[   38.944236][    T1] usbcore: registered new interface driver iguanair
[   38.945955][    T1] usbcore: registered new interface driver imon
[   38.947821][    T1] usbcore: registered new interface driver mceusb
[   38.949430][    T1] usbcore: registered new interface driver redrat3
[   38.951037][    T1] usbcore: registered new interface driver streamzap
[   38.955217][    T1] usbcore: registered new interface driver ttusbir
[   38.958229][    T1] usbcore: registered new interface driver ati_remote
[   38.963707][    T1] b2c2-flexcop: B2C2 FlexcopII/II(b)/III digital TV receiver chip loaded successfully
[   38.968179][    T1] usbcore: registered new interface driver b2c2_flexcop_usb
[   38.971481][    T1] usbcore: registered new interface driver dvb_usb_vp7045
[   38.974789][    T1] usbcore: registered new interface driver dvb_usb_vp702x
[   38.978049][    T1] usbcore: registered new interface driver dvb_usb_gp8psk
[   38.981306][    T1] usbcore: registered new interface driver dvb_usb_dtt200u
[   38.984609][    T1] usbcore: registered new interface driver dvb_usb_a800
[   38.987922][    T1] usbcore: registered new interface driver dvb_usb_dibusb_mb
[   38.991302][    T1] usbcore: registered new interface driver dvb_usb_dibusb_mc
[   38.997286][    T1] usbcore: registered new interface driver dvb_usb_nova_t_usb2
[   39.000634][    T1] usbcore: registered new interface driver dvb_usb_umt_010
[   39.005212][    T1] usbcore: registered new interface driver dvb_usb_m920x
[   39.008417][    T1] usbcore: registered new interface driver dvb_usb_digitv
[   39.011682][    T1] usbcore: registered new interface driver dvb_usb_cxusb
[   39.014880][    T1] usbcore: registered new interface driver dvb_usb_ttusb2
[   39.019290][    T1] usbcore: registered new interface driver dvb_usb_dib0700
[   39.022992][    T1] usbcore: registered new interface driver opera1
[   39.026454][    T1] usbcore: registered new interface driver dvb_usb_af9005
[   39.029007][    T1] failing symbol_get of non-GPLONLY symbol af9005_rc_decode.
[   39.033121][    T1] failing symbol_get of non-GPLONLY symbol af9005_rc_decode.
[   39.035826][    T1] failing symbol_get of non-GPLONLY symbol rc_map_af9005_table.
[   39.040003][    T1] failing symbol_get of non-GPLONLY symbol rc_map_af9005_table.
[   39.043790][    T1] failing symbol_get of non-GPLONLY symbol rc_map_af9005_table_size.
[   39.047967][    T1] failing symbol_get of non-GPLONLY symbol rc_map_af9005_table_size.
[   39.050863][    T1] af9005: af9005_rc_decode function not found, disabling remote
[   39.054336][    T1] usbcore: registered new interface driver pctv452e
[   39.057437][    T1] usbcore: registered new interface driver dw2102
[   39.060327][    T1] usbcore: registered new interface driver dvb_usb_dtv5100
[   39.063592][    T1] usbcore: registered new interface driver cinergyT2
[   39.066647][    T1] usbcore: registered new interface driver dvb_usb_az6027
[   39.069760][    T1] usbcore: registered new interface driver dvb_usb_technisat_usb2
[   39.073282][    T1] usbcore: registered new interface driver dvb_usb_af9015
[   39.076494][    T1] usbcore: registered new interface driver dvb_usb_af9035
[   39.079567][    T1] usbcore: registered new interface driver dvb_usb_anysee
[   39.082718][    T1] usbcore: registered new interface driver dvb_usb_au6610
[   39.085804][    T1] usbcore: registered new interface driver dvb_usb_az6007
[   39.088883][    T1] usbcore: registered new interface driver dvb_usb_ce6230
[   39.092757][    T1] usbcore: registered new interface driver dvb_usb_ec168
[   39.095833][    T1] usbcore: registered new interface driver dvb_usb_lmedm04
[   39.098969][    T1] usbcore: registered new interface driver dvb_usb_gl861
[   39.103029][    T1] usbcore: registered new interface driver dvb_usb_mxl111sf
[   39.106838][    T1] usbcore: registered new interface driver dvb_usb_rtl28xxu
[   39.110248][    T1] usbcore: registered new interface driver dvb_usb_dvbsky
[   39.113353][    T1] usbcore: registered new interface driver zd1301
[   39.116299][    T1] usbcore: registered new interface driver s2255
[   39.119777][    T1] usbcore: registered new interface driver smsusb
[   39.122875][    T1] usbcore: registered new interface driver ttusb
[   39.125748][    T1] usbcore: registered new interface driver ttusb-dec
[   39.128843][    T1] usbcore: registered new interface driver Abilis Systems as10x usb driver
[   39.132639][    T1] usbcore: registered new interface driver airspy
[   39.134984][    T1] gspca_main: v2.14.0 registered
[   39.137370][    T1] usbcore: registered new interface driver benq
[   39.140253][    T1] usbcore: registered new interface driver conex
[   39.143246][    T1] usbcore: registered new interface driver cpia1
[   39.146170][    T1] usbcore: registered new interface driver dtcs033
[   39.149138][    T1] usbcore: registered new interface driver etoms
[   39.152260][    T1] usbcore: registered new interface driver finepix
[   39.155222][    T1] usbcore: registered new interface driver jeilinj
[   39.158198][    T1] usbcore: registered new interface driver jl2005bcd
[   39.161225][    T1] usbcore: registered new interface driver kinect
[   39.164409][    T1] usbcore: registered new interface driver konica
[   39.167383][    T1] usbcore: registered new interface driver mars
[   39.170271][    T1] usbcore: registered new interface driver mr97310a
[   39.173329][    T1] usbcore: registered new interface driver nw80x
[   39.176349][    T1] usbcore: registered new interface driver ov519
[   39.179259][    T1] usbcore: registered new interface driver ov534
[   39.182270][    T1] usbcore: registered new interface driver ov534_9
[   39.185344][    T1] usbcore: registered new interface driver pac207
[   39.188344][    T1] usbcore: registered new interface driver gspca_pac7302
[   39.191528][    T1] usbcore: registered new interface driver pac7311
[   39.194619][    T1] usbcore: registered new interface driver se401
[   39.197548][    T1] usbcore: registered new interface driver sn9c2028
[   39.201176][    T1] usbcore: registered new interface driver gspca_sn9c20x
[   39.205391][    T1] usbcore: registered new interface driver sonixb
[   39.208552][    T1] usbcore: registered new interface driver sonixj
[   39.211619][    T1] usbcore: registered new interface driver spca500
[   39.214802][    T1] usbcore: registered new interface driver spca501
[   39.217825][    T1] usbcore: registered new interface driver spca505
[   39.220769][    T1] usbcore: registered new interface driver spca506
[   39.223825][    T1] usbcore: registered new interface driver spca508
[   39.226866][    T1] usbcore: registered new interface driver spca561
[   39.229828][    T1] usbcore: registered new interface driver spca1528
[   39.232940][    T1] usbcore: registered new interface driver sq905
[   39.235893][    T1] usbcore: registered new interface driver sq905c
[   39.238845][    T1] usbcore: registered new interface driver sq930x
[   39.242002][    T1] usbcore: registered new interface driver sunplus
[   39.245965][    T1] usbcore: registered new interface driver stk014
[   39.248990][    T1] usbcore: registered new interface driver stk1135
[   39.252022][    T1] usbcore: registered new interface driver stv0680
[   39.255760][    T1] usbcore: registered new interface driver t613
[   39.258665][    T1] usbcore: registered new interface driver gspca_topro
[   39.261813][    T1] usbcore: registered new interface driver touptek
[   39.264883][    T1] usbcore: registered new interface driver tv8532
[   39.267898][    T1] usbcore: registered new interface driver vc032x
[   39.270847][    T1] usbcore: registered new interface driver vicam
[   39.273863][    T1] usbcore: registered new interface driver xirlink-cit
[   39.277213][    T1] usbcore: registered new interface driver gspca_zc3xx
[   39.280320][    T1] usbcore: registered new interface driver ALi m5602
[   39.282970][    T1] usbcore: registered new interface driver STV06xx
[   39.285992][    T1] usbcore: registered new interface driver gspca_gl860
[   39.289122][    T1] usbcore: registered new interface driver hackrf
[   39.292150][    T1] usbcore: registered new interface driver msi2500
[   39.295283][    T1] usbcore: registered new interface driver Philips webcam
[   39.299097][    T1] usbcore: registered new interface driver uvcvideo
[   39.301499][    T1] au0828: au0828 driver loaded
[   39.304050][    T1] usbcore: registered new interface driver au0828
[   39.307133][    T1] usbcore: registered new interface driver cx231xx
[   39.310696][    T1] usbcore: registered new interface driver em28xx
[   39.313270][    T1] em28xx: Registered (Em28xx v4l2 Extension) extension
[   39.315771][    T1] em28xx: Registered (Em28xx Audio Extension) extension
[   39.318296][    T1] em28xx: Registered (Em28xx dvb Extension) extension
[   39.320723][    T1] em28xx: Registered (Em28xx Input Extension) extension
[   39.324402][    T1] usbcore: registered new interface driver go7007
[   39.327338][    T1] usbcore: registered new interface driver go7007-loader
[   39.330882][    T1] usbcore: registered new interface driver hdpvr
[   39.334774][    T1] usbcore: registered new interface driver pvrusb2
[   39.337140][    T1] pvrusb2: V4L in-tree version:Hauppauge WinTV-PVR-USB2 MPEG2 Encoder/Tuner
[   39.340271][    T1] pvrusb2: Debug mask is 31 (0x1f)
[   39.342895][    T1] usbcore: registered new interface driver stk1160
[   39.345888][    T1] usbcore: registered new interface driver usbtv
[   39.358183][    T1] dvbdev: DVB: registering new adapter (dvb_vidtv_bridge)
[   39.373379][    T1] i2c i2c-0: DVB: registering adapter 0 frontend 0 (Dummy demod for DVB-T/T2/C/S/S2)...
[   39.378362][    T1] dvbdev: dvb_create_media_entity: media entity 'Dummy demod for DVB-T/T2/C/S/S2' registered.
[   39.407590][    T1] dvbdev: dvb_create_media_entity: media entity 'dvb-demux' registered.
[   39.434456][    T1] vidtv vidtv.0: Successfully initialized vidtv!
[   39.441512][    T1] vicodec vicodec.0: Device 'stateful-encoder' registered as /dev/video0
[   39.446858][    T1] vicodec vicodec.0: Device 'stateful-decoder' registered as /dev/video1
[   39.451890][    T1] vicodec vicodec.0: Device 'stateless-decoder' registered as /dev/video2
[   39.459692][    T1] vim2m vim2m.0: Device registered as /dev/video0
[   39.532310][    T1] vivid-000: using single planar format API
[   39.541338][  T769] input: ImExPS/2 Generic Explorer Mouse as /devices/platform/i8042/serio1/input/input3
[   39.586071][    T1] vivid-000: CEC adapter cec0 registered for HDMI input 0
[   39.591257][    T1] vivid-000: V4L2 capture device registered as video7
[   39.596542][    T1] vivid-000: CEC adapter cec1 registered for HDMI output 0
[   39.601301][    T1] vivid-000: V4L2 output device registered as video8
[   39.606154][    T1] vivid-000: V4L2 capture device registered as vbi0, supports raw and sliced VBI
[   39.614553][    T1] vivid-000: V4L2 output device registered as vbi1, supports raw and sliced VBI
[   39.619995][    T1] vivid-000: V4L2 capture device registered as swradio0
[   39.625608][    T1] vivid-000: V4L2 receiver device registered as radio0
[   39.630169][    T1] vivid-000: V4L2 transmitter device registered as radio1
[   39.635315][    T1] vivid-000: V4L2 metadata capture device registered as video9
[   39.640169][    T1] vivid-000: V4L2 metadata output device registered as video10
[   39.645542][    T1] vivid-000: V4L2 touch capture device registered as v4l-touch0
[   39.652356][    T1] usbcore: registered new interface driver radioshark2
[   39.654121][    T1] usbcore: registered new interface driver radioshark
[   39.655793][    T1] usbcore: registered new interface driver radio-si470x
[   39.658120][    T1] usbcore: registered new interface driver radio-usb-si4713
[   39.659857][    T1] usbcore: registered new interface driver dsbr100
[   39.661439][    T1] usbcore: registered new interface driver radio-keene
[   39.663176][    T1] usbcore: registered new interface driver radio-ma901
[   39.665583][    T1] usbcore: registered new interface driver radio-mr800
[   39.667227][    T1] usbcore: registered new interface driver radio-raremono
[   39.672691][    T1] usbcore: registered new interface driver pcwd_usb
[   39.690472][    T1] device-mapper: core: CONFIG_IMA_DISABLE_HTABLE is disabled. Duplicate IMA measurements will not be recorded in the IMA log.
[   39.693038][    T1] device-mapper: uevent: version 1.0.3
[   39.697639][    T1] device-mapper: ioctl: 4.48.0-ioctl (2023-03-01) initialised: dm-devel@lists.linux.dev
[   39.702364][    T1] device-mapper: multipath round-robin: version 1.2.0 loaded
[   39.703515][    T1] device-mapper: multipath queue-length: version 0.2.0 loaded
[   39.704712][    T1] device-mapper: multipath service-time: version 0.3.0 loaded
[   39.708325][    T1] Bluetooth: HCI UART driver ver 2.3
[   39.709155][    T1] Bluetooth: HCI UART protocol H4 registered
[   39.710066][    T1] Bluetooth: HCI UART protocol BCSP registered
[   39.711407][    T1] Bluetooth: HCI UART protocol LL registered
[   39.713563][    T1] Bluetooth: HCI UART protocol Three-wire (H5) registered
[   39.716415][    T1] Bluetooth: HCI UART protocol QCA registered
[   39.717363][    T1] Bluetooth: HCI UART protocol AG6XX registered
[   39.718752][    T1] Bluetooth: HCI UART protocol Marvell registered
[   39.721057][    T1] usbcore: registered new interface driver bcm203x
[   39.722767][    T1] usbcore: registered new interface driver bpa10x
[   39.724376][    T1] usbcore: registered new interface driver bfusb
[   39.726121][    T1] usbcore: registered new interface driver btusb
[   39.728007][    T1] usbcore: registered new interface driver ath3k
[   39.732908][    T1] CAPI 2.0 started up with major 68 (middleware)
[   39.733938][    T1] Modular ISDN core version 1.1.29
[   39.737290][    T1] NET: Registered PF_ISDN protocol family
[   39.738227][    T1] DSP module 2.0
[   39.738793][    T1] mISDN_dsp: DSP clocks every 80 samples. This equals 1 jiffies.
[   39.787928][    T1] mISDN: Layer-1-over-IP driver Rev. 2.00
[   39.791219][    T1] 0 virtual devices registered
[   39.793122][    T1] usbcore: registered new interface driver HFC-S_USB
[   39.794185][    T1] amd_pstate: the _CPC object is not present in SBIOS or ACPI disabled
[   39.795468][    T1] VUB300 Driver rom wait states = 1C irqpoll timeout = 0400
[   39.800104][    T1] usbcore: registered new interface driver vub300
[   39.802897][    T1] usbcore: registered new interface driver ushc
[   39.819390][    T1] iscsi: registered transport (iser)
[   39.823350][    T1] SoftiWARP attached
[   39.859963][    T1] hid: raw HID events driver (C) Jiri Kosina
[   39.940196][    T1] usbcore: registered new interface driver usbhid
[   39.941276][    T1] usbhid: USB HID core driver
[   39.973931][    T1] usbcore: registered new interface driver es2_ap_driver
[   39.974947][    T1] comedi: version 0.7.76 - http://www.comedi.org
[   39.977627][    T1] usbcore: registered new interface driver dt9812
[   39.979258][    T1] usbcore: registered new interface driver ni6501
[   39.980701][    T1] usbcore: registered new interface driver usbdux
[   39.986084][    T1] usbcore: registered new interface driver usbduxfast
[   39.988782][    T1] usbcore: registered new interface driver usbduxsigma
[   39.991568][    T1] usbcore: registered new interface driver vmk80xx
[   39.997553][    T1] usbcore: registered new interface driver r8712u
[   39.999005][    T1] greybus: registered new driver hid
[   40.003051][    T1] greybus: registered new driver gbphy
[   40.004546][    T1] gb_gbphy: registered new driver usb
[   40.006818][    T1] asus_wmi: ASUS WMI generic driver loaded
[   40.275268][    T1] usbcore: registered new interface driver snd-usb-audio
[   40.276807][    T1] usbcore: registered new interface driver snd-ua101
[   40.278302][    T1] usbcore: registered new interface driver snd-usb-usx2y
[   40.279869][    T1] usbcore: registered new interface driver snd-usb-us122l
[   40.281397][    T1] usbcore: registered new interface driver snd-usb-caiaq
[   40.284959][    T1] usbcore: registered new interface driver snd-usb-6fire
[   40.287300][    T1] usbcore: registered new interface driver snd-usb-hiface
[   40.289643][    T1] usbcore: registered new interface driver snd-bcd2000
[   40.292215][    T1] usbcore: registered new interface driver snd_usb_pod
[   40.293925][    T1] usbcore: registered new interface driver snd_usb_podhd
[   40.295556][    T1] usbcore: registered new interface driver snd_usb_toneport
[   40.297307][    T1] usbcore: registered new interface driver snd_usb_variax
[   40.306799][    T1] drop_monitor: Initializing network drop monitor service
[   40.310162][    T1] NET: Registered PF_LLC protocol family
[   40.311806][    T1] GACT probability on
[   40.314176][    T1] Mirror/redirect action on
[   40.315684][    T1] Simple TC action Loaded
[   40.328007][    T1] netem: version 1.3
[   40.328883][    T1] u32 classifier
[   40.329498][    T1]     Performance counters on
[   40.330253][    T1]     input device check on
[   40.330984][    T1]     Actions configured
