bash: warning: setlocale: LC_ALL: cannot change locale (en_US.UTF-8)
c[?7l[2J[0mSeaBIOS (version 1.16.2-debian-1.16.2-1)
Booting from ROM...
c[?7l[2Jearly console in extract_kernel
input_data: 0x00000000148362a3
input_len: 0x0000000005fafdc1
output: 0x0000000001000000
output_len: 0x00000000124f9c90
kernel_total_size: 0x0000000019826000
needed_size: 0x0000000019a00000
trampoline_32bit: 0x0000000000000000

Decompressing Linux... Parsing ELF... done.
Booting the kernel (entry_offset: 0x0000000000000108).
[    0.000000][    T0] Linux version 6.13.0-rc5-gb08ac5101998-dirty (root@buildkitsandbox) (gcc (Debian 12.2.0-14+deb12u1) 12.2.0, GNU ld (GNU Binutils for Debian) 2.40) #2 SMP PREEMPT_DYNAMIC Fri May 22 22:00:09 UTC 2026
[    0.000000][    T0] Command line: console=ttyS0 oops=panic panic=86400 nokaslr earlyprintk=serial rdinit=/init
[    0.000000][    T0] KERNEL supported cpus:
[    0.000000][    T0]   Intel GenuineIntel
[    0.000000][    T0]   AMD AuthenticAMD
[    0.000000][    T0] BIOS-provided physical RAM map:
[    0.000000][    T0] BIOS-e820: [mem 0x0000000000000000-0x000000000009fbff] usable
[    0.000000][    T0] BIOS-e820: [mem 0x000000000009fc00-0x000000000009ffff] reserved
[    0.000000][    T0] BIOS-e820: [mem 0x00000000000f0000-0x00000000000fffff] reserved
[    0.000000][    T0] BIOS-e820: [mem 0x0000000000100000-0x000000007ffdffff] usable
[    0.000000][    T0] BIOS-e820: [mem 0x000000007ffe0000-0x000000007fffffff] reserved
[    0.000000][    T0] BIOS-e820: [mem 0x00000000feffc000-0x00000000feffffff] reserved
[    0.000000][    T0] BIOS-e820: [mem 0x00000000fffc0000-0x00000000ffffffff] reserved
[    0.000000][    T0] printk: legacy bootconsole [earlyser0] enabled
[    0.000000][    T0] NX (Execute Disable) protection: active
[    0.000000][    T0] APIC: Static calls initialized
[    0.000000][    T0] SMBIOS 2.8 present.
[    0.000000][    T0] DMI: QEMU Standard PC (i440FX + PIIX, 1996), BIOS 1.16.2-debian-1.16.2-1 04/01/2014
[    0.000000][    T0] DMI: Memory slots populated: 1/1
[    0.000000][    T0] Hypervisor detected: KVM
[    0.000000][    T0] kvm-clock: Using msrs 4b564d01 and 4b564d00
[    0.000004][    T0] kvm-clock: using sched offset of 1894184660 cycles
[    0.001612][    T0] clocksource: kvm-clock: mask: 0xffffffffffffffff max_cycles: 0x1cd42e4dffb, max_idle_ns: 881590591483 ns
[    0.006161][    T0] tsc: Detected 2995.200 MHz processor
[    0.012802][    T0] last_pfn = 0x7ffe0 max_arch_pfn = 0x400000000
[    0.015612][    T0] MTRR map: 4 entries (3 fixed + 1 variable; max 19), built from 8 variable MTRRs
[    0.017901][    T0] x86/PAT: Configuration [0-7]: WB  WC  UC- UC  WB  WP  UC- WT  
[    0.026834][    T0] found SMP MP-table at [mem 0x000f5ba0-0x000f5baf]
[    0.029893][    T0] Using GB pages for direct mapping
[    0.033194][    T0] RAMDISK: [mem 0x7fe92000-0x7ffdffff]
[    0.034565][    T0] ACPI: Early table checksum verification disabled
[    0.036206][    T0] ACPI: RSDP 0x00000000000F59D0 000014 (v00 BOCHS )
[    0.039003][    T0] ACPI: RSDT 0x000000007FFE1B33 000034 (v01 BOCHS  BXPC     00000001 BXPC 00000001)
[    0.043013][    T0] ACPI: FACP 0x000000007FFE19DF 000074 (v01 BOCHS  BXPC     00000001 BXPC 00000001)
[    0.047098][    T0] ACPI: DSDT 0x000000007FFE0040 00199F (v01 BOCHS  BXPC     00000001 BXPC 00000001)
[    0.049810][    T0] ACPI: FACS 0x000000007FFE0000 000040
[    0.051270][    T0] ACPI: APIC 0x000000007FFE1A53 000080 (v01 BOCHS  BXPC     00000001 BXPC 00000001)
[    0.053733][    T0] ACPI: HPET 0x000000007FFE1AD3 000038 (v01 BOCHS  BXPC     00000001 BXPC 00000001)
[    0.056343][    T0] ACPI: WAET 0x000000007FFE1B0B 000028 (v01 BOCHS  BXPC     00000001 BXPC 00000001)
[    0.059468][    T0] ACPI: Reserving FACP table memory at [mem 0x7ffe19df-0x7ffe1a52]
[    0.062316][    T0] ACPI: Reserving DSDT table memory at [mem 0x7ffe0040-0x7ffe19de]
[    0.064664][    T0] ACPI: Reserving FACS table memory at [mem 0x7ffe0000-0x7ffe003f]
[    0.066659][    T0] ACPI: Reserving APIC table memory at [mem 0x7ffe1a53-0x7ffe1ad2]
[    0.068687][    T0] ACPI: Reserving HPET table memory at [mem 0x7ffe1ad3-0x7ffe1b0a]
[    0.070755][    T0] ACPI: Reserving WAET table memory at [mem 0x7ffe1b0b-0x7ffe1b32]
[    0.073977][    T0] No NUMA configuration found
[    0.075737][    T0] Faking a node at [mem 0x0000000000000000-0x000000007ffdffff]
[    0.078106][    T0] NODE_DATA(0) allocated [mem 0x7fe8c1c0-0x7fe91c7f]
[    0.130300][    T0] Zone ranges:
[    0.131501][    T0]   DMA      [mem 0x0000000000001000-0x0000000000ffffff]
[    0.133846][    T0]   DMA32    [mem 0x0000000001000000-0x000000007ffdffff]
[    0.136322][    T0]   Normal   empty
[    0.137629][    T0]   Device   empty
[    0.138815][    T0] Movable zone start for each node
[    0.140125][    T0] Early memory node ranges
[    0.141282][    T0]   node   0: [mem 0x0000000000001000-0x000000000009efff]
[    0.143248][    T0]   node   0: [mem 0x0000000000100000-0x000000007ffdffff]
[    0.145234][    T0] Initmem setup node 0 [mem 0x0000000000001000-0x000000007ffdffff]
[    0.148439][    T0] On node 0, zone DMA: 1 pages in unavailable ranges
[    0.151085][    T0] On node 0, zone DMA: 97 pages in unavailable ranges
[    0.169709][    T0] On node 0, zone DMA32: 32 pages in unavailable ranges
[    0.672531][    T0] kasan: KernelAddressSanitizer initialized
[    0.675206][    T0] ACPI: PM-Timer IO Port: 0x608
[    0.676804][    T0] ACPI: LAPIC_NMI (acpi_id[0xff] dfl dfl lint[0x1])
[    0.678819][    T0] IOAPIC[0]: apic_id 0, version 17, address 0xfec00000, GSI 0-23
[    0.681544][    T0] ACPI: INT_SRC_OVR (bus 0 bus_irq 0 global_irq 2 dfl dfl)
[    0.683973][    T0] ACPI: INT_SRC_OVR (bus 0 bus_irq 5 global_irq 5 high level)
[    0.685947][    T0] ACPI: INT_SRC_OVR (bus 0 bus_irq 9 global_irq 9 high level)
[    0.687491][    T0] ACPI: INT_SRC_OVR (bus 0 bus_irq 10 global_irq 10 high level)
[    0.689071][    T0] ACPI: INT_SRC_OVR (bus 0 bus_irq 11 global_irq 11 high level)
[    0.690670][    T0] ACPI: Using ACPI (MADT) for SMP configuration information
[    0.692329][    T0] ACPI: HPET id: 0x8086a201 base: 0xfed00000
[    0.693999][    T0] TSC deadline timer available
[    0.695673][    T0] CPU topo: Max. logical packages:   1
[    0.698314][    T0] CPU topo: Max. logical dies:       1
[    0.699503][    T0] CPU topo: Max. dies per package:   1
[    0.700743][    T0] CPU topo: Max. threads per core:   1
[    0.702643][    T0] CPU topo: Num. cores per package:     2
[    0.704006][    T0] CPU topo: Num. threads per package:   2
[    0.705188][    T0] CPU topo: Allowing 2 present CPUs plus 0 hotplug CPUs
[    0.706803][    T0] kvm-guest: APIC: eoi() replaced with kvm_guest_apic_eoi_write()
[    0.708628][    T0] kvm-guest: KVM setup pv remote TLB flush
[    0.709886][    T0] kvm-guest: setup PV sched yield
[    0.711162][    T0] PM: hibernation: Registered nosave memory: [mem 0x00000000-0x00000fff]
[    0.713418][    T0] PM: hibernation: Registered nosave memory: [mem 0x0009f000-0x0009ffff]
[    0.715346][    T0] PM: hibernation: Registered nosave memory: [mem 0x000a0000-0x000effff]
[    0.717544][    T0] PM: hibernation: Registered nosave memory: [mem 0x000f0000-0x000fffff]
[    0.719693][    T0] [mem 0x80000000-0xfeffbfff] available for PCI devices
[    0.721526][    T0] Booting paravirtualized kernel on KVM
[    0.722934][    T0] clocksource: refined-jiffies: mask: 0xffffffff max_cycles: 0xffffffff, max_idle_ns: 19112604462750000 ns
[    0.762253][    T0] setup_percpu: NR_CPUS:8 nr_cpumask_bits:2 nr_cpu_ids:2 nr_node_ids:1
[    0.767683][    T0] percpu: Embedded 74 pages/cpu s265288 r8192 d29624 u1048576
[    0.771655][    T0] kvm-guest: PV spinlocks enabled
[    0.773881][    T0] PV qspinlock hash table entries: 256 (order: 0, 4096 bytes, linear)
[    0.777570][    T0] Kernel command line: console=ttyS0 oops=panic panic=86400 nokaslr earlyprintk=serial rdinit=/init
[    0.780932][    T0] random: crng init done
[    0.781986][    T0] printk: log buffer data + meta data: 262144 + 917504 = 1179648 bytes
[    0.786169][    T0] Dentry cache hash table entries: 262144 (order: 9, 2097152 bytes, linear)
[    0.790938][    T0] Inode-cache hash table entries: 131072 (order: 8, 1048576 bytes, linear)
[    0.795857][    T0] Fallback order for Node 0: 0 
[    0.795888][    T0] Built 1 zonelists, mobility grouping on.  Total pages: 524158
[    0.798574][    T0] Policy zone: DMA32
[    0.802644][    T0] mem auto-init: stack:all(zero), heap alloc:on, heap free:off
[    0.804763][    T0] stackdepot: allocating hash table via alloc_large_system_hash
[    0.806945][    T0] stackdepot hash table entries: 1048576 (order: 12, 16777216 bytes, linear)
[    0.957361][    T0] SLUB: HWalign=64, Order=0-3, MinObjects=0, CPUs=2, Nodes=1
[    0.972417][    T0] allocated 4194304 bytes of page_ext
[    0.975838][    T0] Dynamic Preempt: full
[    0.979389][    T0] Running RCU self tests
[    0.980226][    T0] Running RCU synchronous self tests
[    0.981217][    T0] rcu: Preemptible hierarchical RCU implementation.
[    0.982394][    T0] rcu: 	RCU lockdep checking is enabled.
[    0.983267][    T0] rcu: 	RCU restricting CPUs from NR_CPUS=8 to nr_cpu_ids=2.
[    0.985030][    T0] rcu: 	RCU callback double-/use-after-free debug is enabled.
[    0.986363][    T0] rcu: 	RCU debug extended QS entry/exit.
[    0.987265][    T0] 	Trampoline variant of Tasks RCU enabled.
[    0.988299][    T0] 	Tracing variant of Tasks RCU enabled.
[    0.989349][    T0] rcu: RCU calculated value of scheduler-enlistment delay is 10 jiffies.
[    0.991166][    T0] rcu: Adjusting geometry for rcu_fanout_leaf=16, nr_cpu_ids=2
[    0.992884][    T0] Running RCU synchronous self tests
[    0.993698][    T0] RCU Tasks: Setting shift to 1 and lim to 1 rcu_task_cb_adjust=1 rcu_task_cpu_ids=2.
[    0.995832][    T0] RCU Tasks Trace: Setting shift to 1 and lim to 1 rcu_task_cb_adjust=1 rcu_task_cpu_ids=2.
[    1.070971][    T0] NR_IRQS: 4352, nr_irqs: 440, preallocated irqs: 16
[    1.074700][    T0] rcu: srcu_init: Setting srcu_struct sizes based on contention.
[    1.076742][    T0] kfence: initialized - using 2097152 bytes for 255 objects at 0x(____ptrval____)-0x(____ptrval____)
[    1.092947][    T0] Console: colour VGA+ 80x25
[    1.093997][    T0] printk: legacy console [ttyS0] enabled
[    1.093997][    T0] printk: legacy console [ttyS0] enabled
[    1.096361][    T0] printk: legacy bootconsole [earlyser0] disabled
[    1.096361][    T0] printk: legacy bootconsole [earlyser0] disabled
[    1.099346][    T0] Lock dependency validator: Copyright (c) 2006 Red Hat, Inc., Ingo Molnar
[    1.102340][    T0] ... MAX_LOCKDEP_SUBCLASSES:  8
[    1.103642][    T0] ... MAX_LOCK_DEPTH:          48
[    1.105190][    T0] ... MAX_LOCKDEP_KEYS:        8192
[    1.106624][    T0] ... CLASSHASH_SIZE:          4096
[    1.108147][    T0] ... MAX_LOCKDEP_ENTRIES:     1048576
[    1.109615][    T0] ... MAX_LOCKDEP_CHAINS:      1048576
[    1.110783][    T0] ... CHAINHASH_SIZE:          524288
[    1.111829][    T0]  memory used by lock dependency info: 106625 kB
[    1.113075][    T0]  memory used for stack traces: 8320 kB
[    1.114234][    T0]  per task-struct memory footprint: 1920 bytes
[    1.115622][    T0] ACPI: Core revision 20240827
[    1.117312][    T0] clocksource: hpet: mask: 0xffffffff max_cycles: 0xffffffff, max_idle_ns: 19112604467 ns
[    1.121252][    T0] APIC: Switch to symmetric I/O mode setup
[    1.123535][    T0] x2apic enabled
[    1.126107][    T0] APIC: Switched APIC routing to: physical x2apic
[    1.127349][    T0] kvm-guest: APIC: send_IPI_mask() replaced with kvm_send_ipi_mask()
[    1.129003][    T0] kvm-guest: APIC: send_IPI_mask_allbutself() replaced with kvm_send_ipi_mask_allbutself()
[    1.131315][    T0] kvm-guest: setup PV IPIs
[    1.134591][    T0] ..TIMER: vector=0x30 apic1=0 pin1=2 apic2=-1 pin2=-1
[    1.137520][    T0] clocksource: tsc-early: mask: 0xffffffffffffffff max_cycles: 0x2b2c8ec87c7, max_idle_ns: 440795278598 ns
[    1.141267][    T0] Calibrating delay loop (skipped) preset value.. 5990.40 BogoMIPS (lpj=29952000)
[    1.143530][    T0] x86/cpu: User Mode Instruction Prevention (UMIP) activated
[    1.146037][    T0] Last level iTLB entries: 4KB 0, 2MB 0, 4MB 0
[    1.147229][    T0] Last level dTLB entries: 4KB 0, 2MB 0, 4MB 0, 1GB 0
[    1.148973][    T0] Spectre V1 : Mitigation: usercopy/swapgs barriers and __user pointer sanitization
[    1.151231][    T0] Spectre V2 : WARNING: Unprivileged eBPF is enabled with eIBRS on, data leaks possible via Spectre v2 BHB attacks!
[    1.154275][    T0] Spectre V2 : Spectre BHI mitigation: SW BHB clearing on syscall and VM exit
[    1.156359][    T0] Spectre V2 : Mitigation: Enhanced / Automatic IBRS
[    1.158146][    T0] Spectre V2 : Spectre v2 / SpectreRSB mitigation: Filling RSB on context switch
[    1.161216][    T0] Spectre V2 : Spectre v2 / PBRSB-eIBRS: Retire a single CALL on VMEXIT
[    1.164324][    T0] RETBleed: Mitigation: Enhanced IBRS
[    1.165611][    T0] Spectre V2 : mitigation: Enabling conditional Indirect Branch Prediction Barrier
[    1.167675][    T0] Speculative Store Bypass: Mitigation: Speculative Store Bypass disabled via prctl
[    1.171216][    T0] MMIO Stale Data: Unknown: No mitigations
[    1.172434][    T0] Register File Data Sampling: Vulnerable: No microcode
[    1.174002][    T0] x86/fpu: Supporting XSAVE feature 0x001: 'x87 floating point registers'
[    1.175959][    T0] x86/fpu: Supporting XSAVE feature 0x002: 'SSE registers'
[    1.177913][    T0] x86/fpu: Supporting XSAVE feature 0x004: 'AVX registers'
[    1.181220][    T0] x86/fpu: xstate_offset[2]:  576, xstate_sizes[2]:  256
[    1.183752][    T0] x86/fpu: Enabled xstate features 0x7, context size is 832 bytes, using 'compacted' format.
[    1.370058][    T0] Freeing SMP alternatives memory: 124K
[    1.371266][    T0] pid_max: default: 32768 minimum: 301
[    1.377038][    T0] LSM: initializing lsm=lockdown,capability,landlock,yama,safesetid,tomoyo,apparmor,bpf,ima,evm
[    1.381470][    T0] landlock: Up and running.
[    1.383223][    T0] Yama: becoming mindful.
[    1.384933][    T0] TOMOYO Linux initialized
[    1.386917][    T0] AppArmor: AppArmor initialized
[    1.389458][    T0] LSM support for eBPF active
[    1.391740][    T0] Mount-cache hash table entries: 4096 (order: 3, 32768 bytes, linear)
[    1.394409][    T0] Mountpoint-cache hash table entries: 4096 (order: 3, 32768 bytes, linear)
[    1.401259][    T0] Running RCU synchronous self tests
[    1.402831][    T0] Running RCU synchronous self tests
[    1.409734][    T1] smpboot: CPU0: 13th Gen Intel(R) Core(TM) i9-13900H (family: 0x6, model: 0xba, stepping: 0x2)
[    1.413949][    T1] Running RCU Tasks wait API self tests
[    1.521464][    T1] Running RCU Tasks Trace wait API self tests
[    1.523840][    T1] Performance Events: unsupported p6 CPU model 186 no PMU driver, software events only.
[    1.526829][    T1] signal: max sigframe size: 1776
[    1.528600][    T1] rcu: Hierarchical SRCU implementation.
[    1.530145][    T1] rcu: 	Max phase no-delay instances is 1000.
[    1.531867][    T1] Timer migration: 1 hierarchy levels; 8 children per group; 1 crossnode level
[    1.540056][    T1] NMI watchdog: Perf NMI watchdog permanently disabled
[    1.541311][   T15] Callback from call_rcu_tasks_trace() invoked.
[    1.543366][    T1] smp: Bringing up secondary CPUs ...
[    1.546489][    T1] smpboot: x86: Booting SMP configuration:
[    1.549072][    T1] .... node  #0, CPUs:      #1
[    1.551572][    T1] smp: Brought up 1 node, 2 CPUs
[    1.552696][    T1] smpboot: Total of 2 processors activated (11980.80 BogoMIPS)
[    1.556077][    T1] Memory: 1296292K/2096632K available (167936K kernel code, 40899K rwdata, 38832K rodata, 26580K init, 119836K bss, 789440K reserved, 0K cma-reserved)
[    1.565953][    T1] devtmpfs: initialized
[    1.571355][    T1] x86/mm: Memory block size: 128MB
[    1.587768][    T1] Running RCU synchronous self tests
[    1.591244][    T1] Running RCU synchronous self tests
[    1.592589][    T1] clocksource: jiffies: mask: 0xffffffff max_cycles: 0xffffffff, max_idle_ns: 19112604462750000 ns
[    1.593737][    T1] futex hash table entries: 512 (order: 4, 65536 bytes, linear)
[    1.596917][    T1] PM: RTC time: 22:01:15, date: 2026-05-22
[    1.606297][    T1] NET: Registered PF_NETLINK/PF_ROUTE protocol family
[    1.610192][    T1] audit: initializing netlink subsys (disabled)
[    1.611412][   T29] audit: type=2000 audit(1779487275.771:1): state=initialized audit_enabled=0 res=1
[    1.615810][    T1] thermal_sys: Registered thermal governor 'step_wise'
[    1.615818][    T1] thermal_sys: Registered thermal governor 'user_space'
[    1.617624][    T1] cpuidle: using governor menu
[    1.621548][    T1] NET: Registered PF_QIPCRTR protocol family
[    1.624873][    T1] dca service started, version 1.12.1
[    1.626709][    T1] PCI: Using configuration type 1 for base access
[    1.629250][    T1] HugeTLB: registered 1.00 GiB page size, pre-allocated 0 pages
[    1.631479][    T1] HugeTLB: 16380 KiB vmemmap can be freed for a 1.00 GiB page
[    1.633225][    T1] HugeTLB: registered 2.00 MiB page size, pre-allocated 0 pages
[    1.634736][    T1] HugeTLB: 28 KiB vmemmap can be freed for a 2.00 MiB page
[    1.638401][    T1] cryptd: max_cpu_qlen set to 1000
[    1.692504][    T1] raid6: skipped pq benchmark and selected avx2x4
[    1.694065][    T1] raid6: using avx2x2 recovery algorithm
[    1.696192][    T1] ACPI: Added _OSI(Module Device)
[    1.697468][    T1] ACPI: Added _OSI(Processor Device)
[    1.698662][    T1] ACPI: Added _OSI(3.0 _SCP Extensions)
[    1.700508][    T1] ACPI: Added _OSI(Processor Aggregator Device)
[    1.714634][    T1] ACPI: 1 ACPI AML tables successfully acquired and loaded
[    1.744107][    T1] ACPI: Interpreter enabled
[    1.745432][    T1] ACPI: PM: (supports S0 S3 S4 S5)
[    1.746537][    T1] ACPI: Using IOAPIC for interrupt routing
[    1.748051][    T1] PCI: Using host bridge windows from ACPI; if necessary, use "pci=nocrs" and report a bug
[    1.751227][    T1] PCI: Using E820 reservations for host bridge windows
[    1.754452][    T1] ACPI: Enabled 2 GPEs in block 00 to 0F
[    1.789130][    T1] ACPI: PCI Root Bridge [PCI0] (domain 0000 [bus 00-ff])
[    1.791261][    T1] acpi PNP0A03:00: _OSC: OS supports [ASPM ClockPM Segments MSI HPX-Type3]
[    1.793237][    T1] acpi PNP0A03:00: _OSC: not requesting OS control; OS requires [ExtendedConfig ASPM ClockPM MSI]
[    1.796082][    T1] acpi PNP0A03:00: fail to add MMCONFIG information, can't access extended configuration space under this bridge
[    1.799965][    T1] PCI host bridge to bus 0000:00
[    1.801283][    T1] pci_bus 0000:00: root bus resource [io  0x0000-0x0cf7 window]
[    1.803021][    T1] pci_bus 0000:00: root bus resource [io  0x0d00-0xffff window]
[    1.804698][    T1] pci_bus 0000:00: root bus resource [mem 0x000a0000-0x000bffff window]
[    1.806553][    T1] pci_bus 0000:00: root bus resource [mem 0x80000000-0xfebfffff window]
[    1.808414][    T1] pci_bus 0000:00: root bus resource [mem 0x100000000-0x17fffffff window]
[    1.810154][    T1] pci_bus 0000:00: root bus resource [bus 00-ff]
[    1.811423][    T1] pci 0000:00:00.0: [8086:1237] type 00 class 0x060000 conventional PCI endpoint
[    1.823549][    T1] pci 0000:00:01.0: [8086:7000] type 00 class 0x060100 conventional PCI endpoint
[    1.835808][    T1] pci 0000:00:01.1: [8086:7010] type 00 class 0x010180 conventional PCI endpoint
[    1.840368][    T1] pci 0000:00:01.1: BAR 4 [io  0xc000-0xc00f]
[    1.841923][    T1] pci 0000:00:01.1: BAR 0 [io  0x01f0-0x01f7]: legacy IDE quirk
[    1.843251][    T1] pci 0000:00:01.1: BAR 1 [io  0x03f6]: legacy IDE quirk
[    1.844878][    T1] pci 0000:00:01.1: BAR 2 [io  0x0170-0x0177]: legacy IDE quirk
[    1.847041][    T1] pci 0000:00:01.1: BAR 3 [io  0x0376]: legacy IDE quirk
[    1.850401][    T1] pci 0000:00:01.3: [8086:7113] type 00 class 0x068000 conventional PCI endpoint
[    1.852093][    T1] pci 0000:00:01.3: quirk: [io  0x0600-0x063f] claimed by PIIX4 ACPI
[    1.854097][    T1] pci 0000:00:01.3: quirk: [io  0x0700-0x070f] claimed by PIIX4 SMB
[    1.856697][    T1] pci 0000:00:02.0: [1234:1111] type 00 class 0x030000 conventional PCI endpoint
[    1.863012][    T1] pci 0000:00:02.0: BAR 0 [mem 0xfd000000-0xfdffffff pref]
[    1.868696][    T1] pci 0000:00:02.0: BAR 2 [mem 0xfebf0000-0xfebf0fff]
[    1.875151][    T1] pci 0000:00:02.0: ROM [mem 0xfebe0000-0xfebeffff pref]
[    1.878854][    T1] pci 0000:00:02.0: Video device with shadowed ROM at [mem 0x000c0000-0x000dffff]
[    1.905666][    T1] ACPI: PCI: Interrupt link LNKA configured for IRQ 10
[    1.910306][    T1] ACPI: PCI: Interrupt link LNKB configured for IRQ 10
[    1.912411][    T1] ACPI: PCI: Interrupt link LNKC configured for IRQ 11
[    1.914972][    T1] ACPI: PCI: Interrupt link LNKD configured for IRQ 11
[    1.917167][    T1] ACPI: PCI: Interrupt link LNKS configured for IRQ 9
[    1.941252][    T1] iommu: Default domain type: Translated
[    1.942737][    T1] iommu: DMA domain TLB invalidation policy: lazy mode
[    1.949250][    T1] SCSI subsystem initialized
[    1.962816][    T1] ACPI: bus type USB registered
[    1.964523][    T1] usbcore: registered new interface driver usbfs
[    1.966161][    T1] usbcore: registered new interface driver hub
[    1.967709][    T1] usbcore: registered new device driver usb
[    1.970345][    T1] mc: Linux media interface: v0.10
[    1.971422][    T1] videodev: Linux video capture interface: v2.00
[    1.973636][    T1] pps_core: LinuxPPS API ver. 1 registered
[    1.974908][    T1] pps_core: Software ver. 5.3.6 - Copyright 2005-2007 Rodolfo Giometti <giometti@linux.it>
[    1.977297][    T1] PTP clock support registered
[    1.991991][    T1] EDAC MC: Ver: 3.0.0
[    2.004054][    T1] Advanced Linux Sound Architecture Driver Initialized.
[    2.010059][    T1] Bluetooth: Core ver 2.22
[    2.011478][    T1] NET: Registered PF_BLUETOOTH protocol family
[    2.013189][    T1] Bluetooth: HCI device and connection manager initialized
[    2.015013][    T1] Bluetooth: HCI socket layer initialized
[    2.016345][    T1] Bluetooth: L2CAP socket layer initialized
[    2.017847][    T1] Bluetooth: SCO socket layer initialized
[    2.019209][    T1] NET: Registered PF_ATMPVC protocol family
[    2.020522][    T1] NET: Registered PF_ATMSVC protocol family
[    2.021598][    T1] NetLabel: Initializing
[    2.022629][    T1] NetLabel:  domain hash size = 128
[    2.023783][    T1] NetLabel:  protocols = UNLABELED CIPSOv4 CALIPSO
[    2.025697][    T1] NetLabel:  unlabeled traffic allowed by default
[    2.027745][    T1] nfc: nfc_init: NFC Core ver 0.1
[    2.031685][    T1] NET: Registered PF_NFC protocol family
[    2.033555][    T1] PCI: Using ACPI for IRQ routing
[    2.035971][    T1] pci 0000:00:02.0: vgaarb: setting as boot VGA device
[    2.037602][    T1] pci 0000:00:02.0: vgaarb: bridge control possible
[    2.039187][    T1] pci 0000:00:02.0: vgaarb: VGA device added: decodes=io+mem,owns=io+mem,locks=none
[    2.041279][    T1] vgaarb: loaded
[    2.047651][    T1] hpet0: at MMIO 0xfed00000, IRQs 2, 8, 0
[    2.049244][    T1] hpet0: 3 comparators, 64-bit 100.000000 MHz counter
[    2.054942][    T1] clocksource: Switched to clocksource kvm-clock
[    2.060009][    T1] VFS: Disk quotas dquot_6.6.0
[    2.061207][    T1] VFS: Dquot-cache hash table entries: 512 (order 0, 4096 bytes)
[    2.061207][    T1] netfs: FS-Cache loaded
[    2.063879][    T1] CacheFiles: Loaded
[    2.065905][    T1] TOMOYO: 2.6.0
[    2.066923][    T1] Mandatory Access Control activated.
[    2.070920][    T1] AppArmor: AppArmor Filesystem Enabled
[    2.072815][    T1] pnp: PnP ACPI init
[    2.078351][    T1] pnp: PnP ACPI: found 6 devices
[    2.145445][    T1] clocksource: acpi_pm: mask: 0xffffff max_cycles: 0xffffff, max_idle_ns: 2085701024 ns
[    2.148943][   T57] kwatchdog (57) used greatest stack depth: 29824 bytes left
[    2.155590][    T1] NET: Registered PF_INET protocol family
[    2.159367][    T1] IP idents hash table entries: 32768 (order: 6, 262144 bytes, linear)
[    2.164296][    T1] tcp_listen_portaddr_hash hash table entries: 1024 (order: 4, 73728 bytes, linear)
[    2.167041][    T1] Table-perturb hash table entries: 65536 (order: 6, 262144 bytes, linear)
[    2.170590][    T1] TCP established hash table entries: 16384 (order: 5, 131072 bytes, linear)
[    2.183741][    T1] TCP bind hash table entries: 16384 (order: 9, 2359296 bytes, linear)
[    2.189825][    T1] TCP: Hash tables configured (established 16384 bind 16384)
[    2.193926][    T1] MPTCP token hash table entries: 2048 (order: 5, 180224 bytes, linear)
[    2.196200][    T1] UDP hash table entries: 1024 (order: 6, 262144 bytes, linear)
[    2.199128][    T1] UDP-Lite hash table entries: 1024 (order: 6, 262144 bytes, linear)
[    2.204244][    T1] NET: Registered PF_UNIX/PF_LOCAL protocol family
[    2.219611][    T1] RPC: Registered named UNIX socket transport module.
[    2.221683][    T1] RPC: Registered udp transport module.
[    2.223691][    T1] RPC: Registered tcp transport module.
[    2.226928][    T1] RPC: Registered tcp-with-tls transport module.
[    2.230139][    T1] RPC: Registered tcp NFSv4.1 backchannel transport module.
[    2.247010][    T1] NET: Registered PF_XDP protocol family
[    2.248697][    T1] pci_bus 0000:00: resource 4 [io  0x0000-0x0cf7 window]
[    2.250517][    T1] pci_bus 0000:00: resource 5 [io  0x0d00-0xffff window]
[    2.252401][    T1] pci_bus 0000:00: resource 6 [mem 0x000a0000-0x000bffff window]
[    2.254770][    T1] pci_bus 0000:00: resource 7 [mem 0x80000000-0xfebfffff window]
[    2.261463][    T1] pci_bus 0000:00: resource 8 [mem 0x100000000-0x17fffffff window]
[    2.267395][    T1] pci 0000:00:01.0: PIIX3: Enabling Passive Release
[    2.269432][    T1] pci 0000:00:00.0: Limiting direct PCI/PCI transfers
[    2.271395][    T1] PCI: CLS 0 bytes, default 64
[    2.277070][   T12] Trying to unpack rootfs image as initramfs...
[    2.285086][    T1] ACPI: bus type thunderbolt registered
[    2.287501][    T1] RAPL PMU: API unit is 2^-32 Joules, 0 fixed counters, 10737418240 ms ovfl timer
[    2.329743][    T1] kvm_amd: CPU 0 isn't AMD or Hygon
[    2.330893][    T1] clocksource: tsc: mask: 0xffffffffffffffff max_cycles: 0x2b2c8ec87c7, max_idle_ns: 440795278598 ns
[    2.339717][    T1] AES CTR mode by8 optimization enabled
[    2.406554][   T12] Freeing initrd memory: 1336K
[    2.408306][   T78] kworker/u8:3 (78) used greatest stack depth: 28416 bytes left
[    2.411107][   T76] kworker/u8:3 (76) used greatest stack depth: 27536 bytes left
[    3.986237][    T1] Initialise system trusted keyrings
[    3.988421][    T1] workingset: timestamp_bits=40 max_order=19 bucket_order=0
[    3.992801][    T1] DLM installed
[    3.994668][    T1] squashfs: version 4.0 (2009/01/31) Phillip Lougher
[    3.998833][    T1] NFS: Registering the id_resolver key type
[    4.000322][    T1] Key type id_resolver registered
[    4.001953][    T1] Key type id_legacy registered
[    4.004306][    T1] nfs4filelayout_init: NFSv4 File Layout Driver Registering...
[    4.006146][    T1] nfs4flexfilelayout_init: NFSv4 Flexfile Layout Driver Registering...
[    4.012810][    T1] Key type cifs.spnego registered
[    4.014182][    T1] Key type cifs.idmap registered
[    4.016751][    T1] ntfs3: Enabled Linux POSIX ACLs support
[    4.019037][    T1] ntfs3: Read-only LZX/Xpress compression included
[    4.021380][    T1] efs: 1.0a - http://aeschi.ch.eu.org/efs/
[    4.022485][    T1] jffs2: version 2.2. (NAND) (SUMMARY)  © 2001-2006 Red Hat, Inc.
[    4.025981][    T1] romfs: ROMFS MTD (C) 2007 Red Hat, Inc.
[    4.027708][    T1] QNX4 filesystem 0.2.3 registered.
[    4.028708][    T1] qnx6: QNX6 filesystem 1.0.0 registered.
[    4.030320][    T1] fuse: init (API version 7.41)
[    4.033196][    T1] orangefs_debugfs_init: called with debug mask: :none: :0:
[    4.035779][    T1] orangefs_init: module version upstream loaded
[    4.037903][    T1] JFS: nTxBlock = 8192, nTxLock = 65536
[    4.057215][    T1] SGI XFS with ACLs, security attributes, realtime, quota, no debug enabled
[    4.061797][    T1] 9p: Installing v9fs 9p2000 file system support
[    4.063561][    T1] NILFS version 2 loaded
[    4.064632][    T1] befs: version: 0.9.3
[    4.066098][    T1] ocfs2: Registered cluster interface o2cb
[    4.067928][    T1] ocfs2: Registered cluster interface user
[    4.069812][    T1] OCFS2 User DLM kernel interface loaded
[    4.077994][    T1] gfs2: GFS2 installed
[    4.089786][    T1] ceph: loaded (mds proto 32)
[    4.094944][   T14] Callback from call_rcu_tasks() invoked.
[    4.104969][    T1] NET: Registered PF_ALG protocol family
[    4.106760][    T1] xor: automatically using best checksumming function   avx       
[    4.109754][    T1] async_tx: api initialized (async)
[    4.112454][    T1] Key type asymmetric registered
[    4.114363][    T1] Asymmetric key parser 'x509' registered
[    4.116043][    T1] Asymmetric key parser 'pkcs8' registered
[    4.117452][    T1] Key type pkcs7_test registered
[    4.118827][    T1] Block layer SCSI generic (bsg) driver version 0.4 loaded (major 238)
[    4.122226][    T1] io scheduler mq-deadline registered
[    4.123457][    T1] io scheduler kyber registered
[    4.124757][    T1] io scheduler bfq registered
[    4.129114][    T1] input: Power Button as /devices/LNXSYSTM:00/LNXPWRBN:00/input/input0
[    4.132500][    T1] ACPI: button: Power Button [PWRF]
[    4.135411][  T153] kworker/u8:2 (153) used greatest stack depth: 27472 bytes left
[    4.139059][    T1] ioatdma: Intel(R) QuickData Technology Driver 5.00
[    4.189825][  T322] kworker/u8:4 (322) used greatest stack depth: 27248 bytes left
[    4.267174][    T1] N_HDLC line discipline registered with maxframe=4096
[    4.269408][    T1] Serial: 8250/16550 driver, 4 ports, IRQ sharing enabled
[    4.273770][    T1] 00:04: ttyS0 at I/O 0x3f8 (irq = 4, base_baud = 115200) is a 16550A
[    4.288831][    T1] Non-volatile memory driver v1.3
[    4.290914][    T1] Linux agpgart interface v0.103
[    4.295481][    T1] usbcore: registered new interface driver xillyusb
[    4.299270][    T1] ACPI: bus type drm_connector registered
[    4.303546][    T1] [drm] Initialized vgem 1.0.0 for vgem on minor 0
[    4.308382][    T1] [drm] Initialized vkms 1.0.0 for vkms on minor 1
[    4.359799][    T1] Console: switching to colour frame buffer device 128x48
[    4.380253][    T1] platform vkms: [drm] fb0: vkmsdrmfb frame buffer device
[    4.384318][    T1] usbcore: registered new interface driver udl
[    4.388989][    T1] bochs-drm 0000:00:02.0: vgaarb: deactivate vga console
[    4.400058][    T1] [drm] Found bochs VGA, ID 0xb0c5.
[    4.401486][    T1] [drm] Framebuffer size 16384 kB @ 0xfd000000, mmio @ 0xfebf0000.
[    4.407441][    T1] [drm] Initialized bochs-drm 1.0.0 for 0000:00:02.0 on minor 2
[    4.433447][    T1] fbcon: bochs-drmdrmfb (fb1) is primary device
[    4.433458][    T1] fbcon: Remapping primary device, fb1, to tty 1-63
[    4.889696][    T1] bochs-drm 0000:00:02.0: [drm] fb1: bochs-drmdrmfb frame buffer device
[    4.892661][    T1] usbcore: registered new interface driver gm12u320
[    4.894025][    T1] usbcore: registered new interface driver gud
[    4.919299][    T1] brd: module loaded
[    4.955338][    T1] loop: module loaded
[    5.004667][    T1] zram: Added device: zram0
[    5.009538][    T1] null_blk: disk nullb0 created
[    5.012021][    T1] null_blk: module loaded
[    5.014749][    T1] Guest personality initialized and is inactive
[    5.017850][    T1] VMCI host device registered (name=vmci, major=10, minor=118)
[    5.019541][    T1] Initialized host personality
[    5.020629][    T1] usbcore: registered new interface driver rtsx_usb
[    5.022525][    T1] usbcore: registered new interface driver viperboard
[    5.024721][    T1] usbcore: registered new interface driver dln2
[    5.027412][    T1] usbcore: registered new interface driver pn533_usb
[    5.032304][    T1] nfcsim 0.2 initialized
[    5.033497][    T1] usbcore: registered new interface driver port100
[    5.035851][    T1] usbcore: registered new interface driver nfcmrvl
[    5.040598][    T1] Loading iSCSI transport class v2.0-870.
[    5.046799][    T1] st: Version 20160209, fixed bufsize 32768, s/g segs 256
[    5.080725][    T1] scsi host0: ata_piix
[    5.083875][    T1] scsi host1: ata_piix
[    5.086178][    T1] ata1: PATA max MWDMA2 cmd 0x1f0 ctl 0x3f6 bmdma 0xc000 irq 14 lpm-pol 0
[    5.089461][    T1] ata2: PATA max MWDMA2 cmd 0x170 ctl 0x376 bmdma 0xc008 irq 15 lpm-pol 0
[    5.094509][    T1] Rounding down aligned max_sectors from 4294967295 to 4294967288
[    5.096974][    T1] db_root: cannot open: /etc/target
[    5.100836][    T1] slram: not enough parameters.
[    5.105479][    T1] ftl_cs: FTL header not found.
[    5.126805][    T1] wireguard: WireGuard 1.0.0 loaded. See www.wireguard.com for information.
[    5.128920][    T1] wireguard: Copyright (C) 2015-2019 Jason A. Donenfeld <Jason@zx2c4.com>. All Rights Reserved.
[    5.131302][    T1] eql: Equalizer2002: Simon Janes (simon@ncm.com) and David S. Miller (davem@redhat.com)
[    5.136245][    T1] MACsec IEEE 802.1AE
[    5.141181][    T1] usbcore: registered new interface driver mvusb_mdio
[    5.143119][    T1] tun: Universal TUN/TAP device driver, 1.6
[    5.146240][    T1] vcan: Virtual CAN interface driver
[    5.147544][    T1] vxcan: Virtual CAN Tunnel driver
[    5.148730][    T1] slcan: serial line CAN interface driver
[    5.150060][    T1] CAN device driver interface
[    5.151134][    T1] usbcore: registered new interface driver usb_8dev
[    5.153158][    T1] usbcore: registered new interface driver ems_usb
[    5.154676][    T1] usbcore: registered new interface driver esd_usb
[    5.156023][    T1] usbcore: registered new interface driver etas_es58x
[    5.157345][    T1] usbcore: registered new interface driver f81604
[    5.158995][    T1] usbcore: registered new interface driver gs_usb
[    5.161240][    T1] usbcore: registered new interface driver kvaser_usb
[    5.162960][    T1] usbcore: registered new interface driver mcba_usb
[    5.164506][    T1] usbcore: registered new interface driver peak_usb
[    5.166170][    T1] usbcore: registered new interface driver ucan
[    5.167874][    T1] e100: Intel(R) PRO/100 Network Driver
[    5.169118][    T1] e100: Copyright(c) 1999-2006 Intel Corporation
[    5.170572][    T1] e1000: Intel(R) PRO/1000 Network Driver
[    5.174202][    T1] e1000: Copyright (c) 1999-2006 Intel Corporation.
[    5.175910][    T1] e1000e: Intel(R) PRO/1000 Network Driver
[    5.177265][    T1] e1000e: Copyright(c) 1999 - 2015 Intel Corporation.
[    5.189489][    T1] mkiss: AX.25 Multikiss, Hans Albas PE1AYX
[    5.190841][    T1] AX.25: bpqether driver version 004
[    5.191964][    T1] PPP generic driver version 2.4.2
[    5.193773][    T1] PPP BSD Compression module registered
[    5.196492][    T1] PPP Deflate Compression module registered
[    5.197999][    T1] PPP MPPE Compression module registered
[    5.199453][    T1] NET: Registered PF_PPPOX protocol family
[    5.201038][    T1] PPTP driver version 0.8.5
[    5.202324][    T1] SLIP: version 0.8.4-NET3.019-NEWTTY (dynamic channels, max=256) (6 bit encapsulation enabled).
[    5.208726][    T1] CSLIP: code copyright 1989 Regents of the University of California.
[    5.210776][    T1] SLIP linefill/keepalive option.
[    5.212005][    T1] hdlc: HDLC support module revision 1.22
[    5.213552][    T1] LAPB Ethernet driver version 0.02
[    5.215747][    T1] usbcore: registered new interface driver ath9k_htc
[    5.217466][    T1] usbcore: registered new interface driver carl9170
[    5.219182][    T1] usbcore: registered new interface driver ath6kl_usb
[    5.221462][    T1] usbcore: registered new interface driver ar5523
[    5.223328][    T1] usbcore: registered new interface driver ath10k_usb
[    5.225266][    T1] usbcore: registered new interface driver plfxlc
[    5.227035][    T1] mac80211_hwsim: initializing netlink
[    5.240286][    T1] usbcore: registered new interface driver atusb
[    5.245834][    T1] mac802154_hwsim mac802154_hwsim: Added 2 mac802154 hwsim hardware radios
[    5.248384][    T1] VMware vmxnet3 virtual NIC driver - version 1.9.0.0-k-NAPI
[    5.250217][    T1] usbcore: registered new interface driver catc
[    5.251807][    T1] usbcore: registered new interface driver kaweth
[    5.253291][    T1] pegasus: Pegasus/Pegasus II USB Ethernet driver
[    5.254894][    T1] usbcore: registered new interface driver pegasus
[    5.255967][ T1006] ata2: found unknown device (class 0)
[    5.256750][    T1] usbcore: registered new interface driver rtl8150
[    5.260137][    T1] usbcore: registered new device driver r8152-cfgselector
[    5.260291][ T1006] ata2.00: ATAPI: QEMU DVD-ROM, 2.5+, max UDMA/100
[    5.262123][    T1] usbcore: registered new interface driver r8152
[    5.266768][    T1] usbcore: registered new interface driver hso
[    5.268338][    T1] usbcore: registered new interface driver lan78xx
[    5.271008][    T1] usbcore: registered new interface driver asix
[    5.271159][  T336] scsi 1:0:0:0: CD-ROM            QEMU     QEMU DVD-ROM     2.5+ PQ: 0 ANSI: 5
[    5.272537][    T1] usbcore: registered new interface driver ax88179_178a
[    5.276680][    T1] usbcore: registered new interface driver cdc_ether
[    5.278794][    T1] usbcore: registered new interface driver cdc_eem
[    5.280816][    T1] usbcore: registered new interface driver dm9601
[    5.282999][    T1] usbcore: registered new interface driver sr9700
[    5.285044][    T1] usbcore: registered new interface driver CoreChips
[    5.287330][    T1] usbcore: registered new interface driver smsc75xx
[    5.288775][    T1] usbcore: registered new interface driver smsc95xx
[    5.290418][    T1] usbcore: registered new interface driver gl620a
[    5.292088][    T1] usbcore: registered new interface driver net1080
[    5.293814][    T1] usbcore: registered new interface driver plusb
[    5.295435][    T1] usbcore: registered new interface driver rndis_host
[    5.297590][    T1] usbcore: registered new interface driver cdc_subset
[    5.299973][    T1] usbcore: registered new interface driver zaurus
[    5.302041][    T1] usbcore: registered new interface driver MOSCHIP usb-ethernet driver
[    5.305067][    T1] usbcore: registered new interface driver int51x1
[    5.307312][    T1] usbcore: registered new interface driver cdc_phonet
[    5.309442][    T1] usbcore: registered new interface driver kalmia
[    5.311180][    T1] usbcore: registered new interface driver ipheth
[    5.312889][    T1] usbcore: registered new interface driver sierra_net
[    5.314650][    T1] usbcore: registered new interface driver cx82310_eth
[    5.316919][    T1] usbcore: registered new interface driver cdc_ncm
[    5.318995][    T1] usbcore: registered new interface driver huawei_cdc_ncm
[    5.321685][    T1] usbcore: registered new interface driver lg-vl600
[    5.323809][    T1] usbcore: registered new interface driver qmi_wwan
[    5.326084][    T1] usbcore: registered new interface driver cdc_mbim
[    5.328191][    T1] usbcore: registered new interface driver ch9200
[    5.329740][    T1] usbcore: registered new interface driver aqc111
[    5.331581][    T1] usbcore: registered new interface driver r8153_ecm
[    5.335504][    T1] VFIO - User Level meta-driver version: 0.3
[    5.340086][    T1] aoe: AoE v85 initialised.
[    5.346128][    T1] SPI driver max3421-hcd has no spi_device_id for maxim,max3421
[    5.348359][    T1] usbcore: registered new interface driver cdc_acm
[    5.350403][    T1] cdc_acm: USB Abstract Control Model driver for USB modems and ISDN adapters
[    5.352888][    T1] usbcore: registered new interface driver usblp
[    5.355889][    T1] usbcore: registered new interface driver cdc_wdm
[    5.358018][    T1] usbcore: registered new interface driver usbtmc
[    5.360445][    T1] usbcore: registered new interface driver uas
[    5.362450][    T1] usbcore: registered new interface driver usb-storage
[    5.364378][    T1] usbcore: registered new interface driver ums-alauda
[    5.366809][    T1] usbcore: registered new interface driver ums-cypress
[    5.368832][    T1] usbcore: registered new interface driver ums-datafab
[    5.370837][    T1] usbcore: registered new interface driver ums_eneub6250
[    5.373074][    T1] usbcore: registered new interface driver ums-freecom
[    5.377581][    T1] usbcore: registered new interface driver ums-isd200
[    5.379528][    T1] usbcore: registered new interface driver ums-jumpshot
[    5.381611][    T1] usbcore: registered new interface driver ums-karma
[    5.383400][    T1] usbcore: registered new interface driver ums-onetouch
[    5.385220][    T1] usbcore: registered new interface driver ums-realtek
[    5.387110][    T1] usbcore: registered new interface driver ums-sddr09
[    5.389117][    T1] usbcore: registered new interface driver ums-sddr55
[    5.391202][    T1] usbcore: registered new interface driver ums-usbat
[    5.393453][    T1] usbcore: registered new interface driver mdc800
[    5.395502][    T1] mdc800: v0.7.5 (30/10/2000):USB Driver for Mustek MDC800 Digital Camera
[    5.397544][  T336] sr 1:0:0:0: [sr0] scsi3-mmc drive: 4x/4x cd/rw xa/form2 tray
[    5.399538][    T1] usbcore: registered new interface driver microtekX6
[    5.402057][  T336] cdrom: Uniform CD-ROM driver Revision: 3.20
[    5.404191][    T1] usbcore: registered new interface driver usbserial_generic
[    5.408375][    T1] usbserial: USB Serial support registered for generic
[    5.410345][    T1] usbcore: registered new interface driver aircable
[    5.412556][    T1] usbserial: USB Serial support registered for aircable
[    5.415930][    T1] usbcore: registered new interface driver ark3116
[    5.417765][    T1] usbserial: USB Serial support registered for ark3116
[    5.419928][    T1] usbcore: registered new interface driver belkin_sa
[    5.421867][    T1] usbserial: USB Serial support registered for Belkin / Peracom / GoHubs USB Serial Adapter
[    5.425140][    T1] usbcore: registered new interface driver ch341
[    5.427096][    T1] usbserial: USB Serial support registered for ch341-uart
[    5.429350][    T1] usbcore: registered new interface driver cp210x
[    5.431437][    T1] usbserial: USB Serial support registered for cp210x
[    5.433416][    T1] usbcore: registered new interface driver cyberjack
[    5.435302][    T1] usbserial: USB Serial support registered for Reiner SCT Cyberjack USB card reader
[    5.438037][    T1] usbcore: registered new interface driver cypress_m8
[    5.440000][    T1] usbserial: USB Serial support registered for DeLorme Earthmate USB
[    5.442893][    T1] usbserial: USB Serial support registered for HID->COM RS232 Adapter
[    5.445243][    T1] usbserial: USB Serial support registered for Nokia CA-42 V2 Adapter
[    5.448227][    T1] usbcore: registered new interface driver usb_debug
[    5.450151][    T1] usbserial: USB Serial support registered for debug
[    5.452000][    T1] usbserial: USB Serial support registered for xhci_dbc
[    5.453966][    T1] usbcore: registered new interface driver digi_acceleport
[    5.455960][    T1] usbserial: USB Serial support registered for Digi 2 port USB adapter
[    5.458162][    T1] usbserial: USB Serial support registered for Digi 4 port USB adapter
[    5.460597][    T1] usbcore: registered new interface driver io_edgeport
[    5.462620][    T1] usbserial: USB Serial support registered for Edgeport 2 port adapter
[    5.465190][    T1] usbserial: USB Serial support registered for Edgeport 4 port adapter
[    5.469003][    T1] usbserial: USB Serial support registered for Edgeport 8 port adapter
[    5.471172][    T1] usbserial: USB Serial support registered for EPiC device
[    5.473202][    T1] usbcore: registered new interface driver io_ti
[    5.474974][    T1] usbserial: USB Serial support registered for Edgeport TI 1 port adapter
[    5.477465][    T1] usbserial: USB Serial support registered for Edgeport TI 2 port adapter
[    5.479958][    T1] usbcore: registered new interface driver empeg
[    5.481789][    T1] usbserial: USB Serial support registered for empeg
[    5.483808][    T1] usbcore: registered new interface driver f81534a_ctrl
[    5.487219][    T1] usbcore: registered new interface driver f81232
[    5.489240][    T1] usbserial: USB Serial support registered for f81232
[    5.491202][    T1] usbserial: USB Serial support registered for f81534a
[    5.493220][    T1] usbcore: registered new interface driver f81534
[    5.495943][    T1] usbserial: USB Serial support registered for Fintek F81532/F81534
[    5.498440][    T1] usbcore: registered new interface driver ftdi_sio
[    5.500351][    T1] usbserial: USB Serial support registered for FTDI USB Serial Device
[    5.502788][    T1] usbcore: registered new interface driver garmin_gps
[    5.504785][    T1] usbserial: USB Serial support registered for Garmin GPS usb/tty
[    5.507109][    T1] usbcore: registered new interface driver ipaq
[    5.508895][    T1] usbserial: USB Serial support registered for PocketPC PDA
[    5.511457][    T1] usbcore: registered new interface driver ipw
[    5.513386][    T1] usbserial: USB Serial support registered for IPWireless converter
[    5.515664][    T1] usbcore: registered new interface driver ir_usb
[    5.517528][    T1] usbserial: USB Serial support registered for IR Dongle
[    5.519196][    T1] usbcore: registered new interface driver iuu_phoenix
[    5.521112][    T1] usbserial: USB Serial support registered for iuu_phoenix
[    5.523181][    T1] usbcore: registered new interface driver keyspan
[    5.525088][    T1] usbserial: USB Serial support registered for Keyspan - (without firmware)
[    5.527548][    T1] usbserial: USB Serial support registered for Keyspan 1 port adapter
[    5.529827][    T1] usbserial: USB Serial support registered for Keyspan 2 port adapter
[    5.532241][    T1] usbserial: USB Serial support registered for Keyspan 4 port adapter
[    5.534805][    T1] usbcore: registered new interface driver keyspan_pda
[    5.536815][    T1] usbserial: USB Serial support registered for Keyspan PDA
[    5.538814][    T1] usbserial: USB Serial support registered for Keyspan PDA - (prerenumeration)
[    5.541553][    T1] usbcore: registered new interface driver kl5kusb105
[    5.543538][    T1] usbserial: USB Serial support registered for KL5KUSB105D / PalmConnect
[    5.546069][    T1] usbcore: registered new interface driver kobil_sct
[    5.547971][    T1] usbserial: USB Serial support registered for KOBIL USB smart card terminal
[    5.550533][    T1] usbcore: registered new interface driver mct_u232
[    5.552388][    T1] usbserial: USB Serial support registered for MCT U232
[    5.554508][    T1] usbcore: registered new interface driver metro_usb
[    5.557317][    T1] usbserial: USB Serial support registered for Metrologic USB to Serial
[    5.561458][    T1] usbcore: registered new interface driver mos7720
[    5.563280][    T1] usbserial: USB Serial support registered for Moschip 2 port adapter
[    5.565816][    T1] usbcore: registered new interface driver mos7840
[    5.567724][    T1] usbserial: USB Serial support registered for Moschip 7840/7820 USB Serial Driver
[    5.570709][    T1] usbcore: registered new interface driver mxuport
[    5.572554][    T1] usbserial: USB Serial support registered for MOXA UPort
[    5.574628][    T1] usbcore: registered new interface driver navman
[    5.577545][    T1] usbserial: USB Serial support registered for navman
[    5.580024][    T1] usbcore: registered new interface driver omninet
[    5.581567][    T1] usbserial: USB Serial support registered for ZyXEL - omni.net usb
[    5.583827][    T1] usbcore: registered new interface driver opticon
[    5.585629][    T1] usbserial: USB Serial support registered for opticon
[    5.587759][    T1] usbcore: registered new interface driver option
[    5.589608][    T1] usbserial: USB Serial support registered for GSM modem (1-port)
[    5.591948][    T1] usbcore: registered new interface driver oti6858
[    5.594398][    T1] usbserial: USB Serial support registered for oti6858
[    5.596647][    T1] usbcore: registered new interface driver pl2303
[    5.598886][    T1] usbserial: USB Serial support registered for pl2303
[    5.600915][    T1] usbcore: registered new interface driver qcaux
[    5.602794][    T1] usbserial: USB Serial support registered for qcaux
[    5.605605][    T1] usbcore: registered new interface driver qcserial
[    5.607920][    T1] usbserial: USB Serial support registered for Qualcomm USB modem
[    5.611058][    T1] usbcore: registered new interface driver quatech2
[    5.613022][    T1] usbserial: USB Serial support registered for Quatech 2nd gen USB to Serial Driver
[    5.615803][    T1] usbcore: registered new interface driver safe_serial
[    5.617978][    T1] usbserial: USB Serial support registered for safe_serial
[    5.620230][    T1] usbcore: registered new interface driver sierra
[    5.622047][    T1] usbserial: USB Serial support registered for Sierra USB modem
[    5.624113][    T1] usbcore: registered new interface driver usb_serial_simple
[    5.626459][    T1] usbserial: USB Serial support registered for carelink
[    5.628553][    T1] usbserial: USB Serial support registered for flashloader
[    5.630421][  T336] sr 1:0:0:0: Attached scsi generic sg0 type 5
[    5.630613][    T1] usbserial: USB Serial support registered for funsoft
[    5.634457][    T1] usbserial: USB Serial support registered for google
[    5.636492][    T1] usbserial: USB Serial support registered for hp4x
[    5.638341][    T1] usbserial: USB Serial support registered for kaufmann
[    5.640184][    T1] usbserial: USB Serial support registered for libtransistor
[    5.642330][    T1] usbserial: USB Serial support registered for moto_modem
[    5.644325][    T1] usbserial: USB Serial support registered for motorola_tetra
[    5.646423][    T1] usbserial: USB Serial support registered for nokia
[    5.648582][    T1] usbserial: USB Serial support registered for novatel_gps
[    5.650651][    T1] usbserial: USB Serial support registered for siemens_mpi
[    5.652716][    T1] usbserial: USB Serial support registered for suunto
[    5.654731][    T1] usbserial: USB Serial support registered for vivopay
[    5.656722][    T1] usbserial: USB Serial support registered for zio
[    5.658636][    T1] usbcore: registered new interface driver spcp8x5
[    5.660403][    T1] usbserial: USB Serial support registered for SPCP8x5
[    5.662378][    T1] usbcore: registered new interface driver ssu100
[    5.664202][    T1] usbserial: USB Serial support registered for Quatech SSU-100 USB to Serial Driver
[    5.667139][    T1] usbcore: registered new interface driver symbolserial
[    5.669430][    T1] usbserial: USB Serial support registered for symbol
[    5.671502][    T1] usbcore: registered new interface driver ti_usb_3410_5052
[    5.673270][    T1] usbserial: USB Serial support registered for TI USB 3410 1 port adapter
[    5.676605][    T1] usbserial: USB Serial support registered for TI USB 5052 2 port adapter
[    5.679322][    T1] usbcore: registered new interface driver upd78f0730
[    5.681362][    T1] usbserial: USB Serial support registered for upd78f0730
[    5.683397][    T1] usbcore: registered new interface driver visor
[    5.685408][    T1] usbserial: USB Serial support registered for Handspring Visor / Palm OS
[    5.687883][    T1] usbserial: USB Serial support registered for Sony Clie 5.0
[    5.689853][    T1] usbserial: USB Serial support registered for Sony Clie 3.5
[    5.691756][    T1] usbcore: registered new interface driver wishbone_serial
[    5.693821][    T1] usbserial: USB Serial support registered for wishbone_serial
[    5.696190][    T1] usbcore: registered new interface driver whiteheat
[    5.699069][    T1] usbserial: USB Serial support registered for Connect Tech - WhiteHEAT - (prerenumeration)
[    5.702216][    T1] usbserial: USB Serial support registered for Connect Tech - WhiteHEAT
[    5.705208][    T1] usbcore: registered new interface driver xr_serial
[    5.707804][    T1] usbserial: USB Serial support registered for xr_serial
[    5.710168][    T1] usbcore: registered new interface driver xsens_mt
[    5.712103][    T1] usbserial: USB Serial support registered for xsens_mt
[    5.714211][    T1] usbcore: registered new interface driver adutux
[    5.716565][    T1] usbcore: registered new interface driver appledisplay
[    5.718886][    T1] usbcore: registered new interface driver cypress_cy7c63
[    5.723622][    T1] usbcore: registered new interface driver cytherm
[    5.726513][    T1] usbcore: registered new interface driver emi26 - firmware loader
[    5.728645][    T1] usbcore: registered new interface driver emi62 - firmware loader
[    5.730858][    T1] usbcore: registered new device driver apple-mfi-fastcharge
[    5.733380][    T1] usbcore: registered new interface driver ljca
[    5.735618][    T1] usbcore: registered new interface driver idmouse
[    5.737461][    T1] usbcore: registered new interface driver iowarrior
[    5.739168][    T1] usbcore: registered new interface driver isight_firmware
[    5.741503][    T1] usbcore: registered new interface driver usblcd
[    5.743204][    T1] usbcore: registered new interface driver ldusb
[    5.745146][    T1] usbcore: registered new interface driver legousbtower
[    5.747318][    T1] usbcore: registered new interface driver usbtest
[    5.749223][    T1] usbcore: registered new interface driver usb_ehset_test
[    5.751208][    T1] usbcore: registered new interface driver trancevibrator
[    5.753393][    T1] usbcore: registered new interface driver uss720
[    5.755431][    T1] uss720: USB Parport Cable driver for Cables using the Lucent Technologies USS720 Chip
[    5.758158][    T1] uss720: NOTE: this is a special purpose driver to allow nonstandard
[    5.759986][    T1] uss720: protocols (eg. bitbang) over USS720 usb to parallel cables
[    5.761928][    T1] uss720: If you just want to connect to a printer, use usblp instead
[    5.765064][    T1] usbcore: registered new interface driver usbsevseg
[    5.767054][    T1] usbcore: registered new interface driver yurex
[    5.769949][    T1] usbcore: registered new interface driver chaoskey
[    5.772286][    T1] usbcore: registered new interface driver sisusb
[    5.774586][    T1] usbcore: registered new interface driver lvs
[    5.778754][    T1] usbcore: registered new interface driver cxacru
[    5.781454][    T1] usbcore: registered new interface driver speedtch
[    5.783661][    T1] usbcore: registered new interface driver ueagle-atm
[    5.785788][    T1] xusbatm: malformed module parameters
[    5.790131][    T1] dummy_hcd dummy_hcd.0: USB Host+Gadget Emulator, driver 02 May 2005
[    5.793383][    T1] dummy_hcd dummy_hcd.0: Dummy host controller
[    5.796828][    T1] dummy_hcd dummy_hcd.0: new USB bus registered, assigned bus number 1
[    5.800191][    T1] usb usb1: New USB device found, idVendor=1d6b, idProduct=0002, bcdDevice= 6.13
[    5.802736][    T1] usb usb1: New USB device strings: Mfr=3, Product=2, SerialNumber=1
[    5.805007][    T1] usb usb1: Product: Dummy host controller
[    5.806559][    T1] usb usb1: Manufacturer: Linux 6.13.0-rc5-gb08ac5101998-dirty dummy_hcd
[    5.808893][    T1] usb usb1: SerialNumber: dummy_hcd.0
[    5.812488][    T1] hub 1-0:1.0: USB hub found
[    5.814003][    T1] hub 1-0:1.0: 1 port detected
[    5.818988][    T1] SPI driver max3420-udc has no spi_device_id for maxim,max3421-udc
[    5.822519][    T1] gadgetfs: USB Gadget filesystem, version 24 Aug 2004
[    5.827837][    T1] vhci_hcd vhci_hcd.0: USB/IP Virtual Host Controller
[    5.830413][    T1] vhci_hcd vhci_hcd.0: new USB bus registered, assigned bus number 2
[    5.832847][    T1] vhci_hcd: created sysfs vhci_hcd.0
[    5.834632][    T1] usb usb2: New USB device found, idVendor=1d6b, idProduct=0002, bcdDevice= 6.13
[    5.837311][    T1] usb usb2: New USB device strings: Mfr=3, Product=2, SerialNumber=1
[    5.839553][    T1] usb usb2: Product: USB/IP Virtual Host Controller
[    5.841473][    T1] usb usb2: Manufacturer: Linux 6.13.0-rc5-gb08ac5101998-dirty vhci_hcd
[    5.843608][    T1] usb usb2: SerialNumber: vhci_hcd.0
[    5.847060][    T1] hub 2-0:1.0: USB hub found
[    5.848407][    T1] hub 2-0:1.0: 8 ports detected
[    5.852222][    T1] vhci_hcd vhci_hcd.0: USB/IP Virtual Host Controller
[    5.854382][    T1] vhci_hcd vhci_hcd.0: new USB bus registered, assigned bus number 3
[    5.857097][    T1] usb usb3: We don't know the algorithms for LPM for this host, disabling LPM.
[    5.860596][    T1] usb usb3: New USB device found, idVendor=1d6b, idProduct=0003, bcdDevice= 6.13
[    5.863116][    T1] usb usb3: New USB device strings: Mfr=3, Product=2, SerialNumber=1
[    5.865403][    T1] usb usb3: Product: USB/IP Virtual Host Controller
[    5.867026][    T1] usb usb3: Manufacturer: Linux 6.13.0-rc5-gb08ac5101998-dirty vhci_hcd
[    5.869216][    T1] usb usb3: SerialNumber: vhci_hcd.0
[    5.872007][    T1] hub 3-0:1.0: USB hub found
[    5.874165][    T1] hub 3-0:1.0: 8 ports detected
[    5.879782][    T1] vhci_hcd vhci_hcd.1: USB/IP Virtual Host Controller
[    5.882624][    T1] vhci_hcd vhci_hcd.1: new USB bus registered, assigned bus number 4
[    5.885112][    T1] usb usb4: New USB device found, idVendor=1d6b, idProduct=0002, bcdDevice= 6.13
[    5.887503][    T1] usb usb4: New USB device strings: Mfr=3, Product=2, SerialNumber=1
[    5.889643][    T1] usb usb4: Product: USB/IP Virtual Host Controller
[    5.891909][    T1] usb usb4: Manufacturer: Linux 6.13.0-rc5-gb08ac5101998-dirty vhci_hcd
[    5.895351][    T1] usb usb4: SerialNumber: vhci_hcd.1
[    5.898322][    T1] hub 4-0:1.0: USB hub found
[    5.899799][    T1] hub 4-0:1.0: 8 ports detected
[    5.903509][    T1] vhci_hcd vhci_hcd.1: USB/IP Virtual Host Controller
[    5.905960][    T1] vhci_hcd vhci_hcd.1: new USB bus registered, assigned bus number 5
[    5.908408][    T1] usb usb5: We don't know the algorithms for LPM for this host, disabling LPM.
[    5.911109][    T1] usb usb5: New USB device found, idVendor=1d6b, idProduct=0003, bcdDevice= 6.13
[    5.913590][    T1] usb usb5: New USB device strings: Mfr=3, Product=2, SerialNumber=1
[    5.915641][    T1] usb usb5: Product: USB/IP Virtual Host Controller
[    5.917373][    T1] usb usb5: Manufacturer: Linux 6.13.0-rc5-gb08ac5101998-dirty vhci_hcd
[    5.919612][    T1] usb usb5: SerialNumber: vhci_hcd.1
[    5.922158][    T1] hub 5-0:1.0: USB hub found
[    5.923500][    T1] hub 5-0:1.0: 8 ports detected
[    5.927918][    T1] vhci_hcd vhci_hcd.2: USB/IP Virtual Host Controller
[    5.930335][    T1] vhci_hcd vhci_hcd.2: new USB bus registered, assigned bus number 6
[    5.933178][    T1] usb usb6: New USB device found, idVendor=1d6b, idProduct=0002, bcdDevice= 6.13
[    5.937179][    T1] usb usb6: New USB device strings: Mfr=3, Product=2, SerialNumber=1
[    5.939348][    T1] usb usb6: Product: USB/IP Virtual Host Controller
[    5.941157][    T1] usb usb6: Manufacturer: Linux 6.13.0-rc5-gb08ac5101998-dirty vhci_hcd
[    5.943377][    T1] usb usb6: SerialNumber: vhci_hcd.2
[    5.946115][    T1] hub 6-0:1.0: USB hub found
[    5.947841][    T1] hub 6-0:1.0: 8 ports detected
[    5.951510][    T1] vhci_hcd vhci_hcd.2: USB/IP Virtual Host Controller
[    5.953740][    T1] vhci_hcd vhci_hcd.2: new USB bus registered, assigned bus number 7
[    5.956082][    T1] usb usb7: We don't know the algorithms for LPM for this host, disabling LPM.
[    5.958826][    T1] usb usb7: New USB device found, idVendor=1d6b, idProduct=0003, bcdDevice= 6.13
[    5.961188][    T1] usb usb7: New USB device strings: Mfr=3, Product=2, SerialNumber=1
[    5.963304][    T1] usb usb7: Product: USB/IP Virtual Host Controller
[    5.965143][    T1] usb usb7: Manufacturer: Linux 6.13.0-rc5-gb08ac5101998-dirty vhci_hcd
[    5.967532][    T1] usb usb7: SerialNumber: vhci_hcd.2
[    5.971954][    T1] hub 7-0:1.0: USB hub found
[    5.973608][    T1] hub 7-0:1.0: 8 ports detected
[    5.979410][    T1] vhci_hcd vhci_hcd.3: USB/IP Virtual Host Controller
[    5.981931][    T1] vhci_hcd vhci_hcd.3: new USB bus registered, assigned bus number 8
[    5.984573][    T1] usb usb8: New USB device found, idVendor=1d6b, idProduct=0002, bcdDevice= 6.13
[    5.987022][    T1] usb usb8: New USB device strings: Mfr=3, Product=2, SerialNumber=1
[    5.989258][    T1] usb usb8: Product: USB/IP Virtual Host Controller
[    5.991502][    T1] usb usb8: Manufacturer: Linux 6.13.0-rc5-gb08ac5101998-dirty vhci_hcd
[    5.994048][    T1] usb usb8: SerialNumber: vhci_hcd.3
[    5.996813][    T1] hub 8-0:1.0: USB hub found
[    5.998099][    T1] hub 8-0:1.0: 8 ports detected
[    6.001680][    T1] vhci_hcd vhci_hcd.3: USB/IP Virtual Host Controller
[    6.004208][    T1] vhci_hcd vhci_hcd.3: new USB bus registered, assigned bus number 9
[    6.006701][    T1] usb usb9: We don't know the algorithms for LPM for this host, disabling LPM.
[    6.009269][    T1] usb usb9: New USB device found, idVendor=1d6b, idProduct=0003, bcdDevice= 6.13
[    6.011688][    T1] usb usb9: New USB device strings: Mfr=3, Product=2, SerialNumber=1
[    6.013748][    T1] usb usb9: Product: USB/IP Virtual Host Controller
[    6.015527][    T1] usb usb9: Manufacturer: Linux 6.13.0-rc5-gb08ac5101998-dirty vhci_hcd
[    6.017770][    T1] usb usb9: SerialNumber: vhci_hcd.3
[    6.020477][    T1] hub 9-0:1.0: USB hub found
[    6.021875][    T1] hub 9-0:1.0: 8 ports detected
[    6.026755][    T1] vhci_hcd vhci_hcd.4: USB/IP Virtual Host Controller
[    6.029455][    T1] vhci_hcd vhci_hcd.4: new USB bus registered, assigned bus number 10
[    6.031829][    T1] usb usb10: New USB device found, idVendor=1d6b, idProduct=0002, bcdDevice= 6.13
[    6.034265][    T1] usb usb10: New USB device strings: Mfr=3, Product=2, SerialNumber=1
[    6.036672][    T1] usb usb10: Product: USB/IP Virtual Host Controller
[    6.038675][    T1] usb usb10: Manufacturer: Linux 6.13.0-rc5-gb08ac5101998-dirty vhci_hcd
[    6.041257][    T1] usb usb10: SerialNumber: vhci_hcd.4
[    6.044124][    T1] hub 10-0:1.0: USB hub found
[    6.045858][    T1] hub 10-0:1.0: 8 ports detected
[    6.049412][    T1] vhci_hcd vhci_hcd.4: USB/IP Virtual Host Controller
[    6.051706][    T1] vhci_hcd vhci_hcd.4: new USB bus registered, assigned bus number 11
[    6.054080][    T1] usb usb11: We don't know the algorithms for LPM for this host, disabling LPM.
[    6.056857][    T1] usb usb11: New USB device found, idVendor=1d6b, idProduct=0003, bcdDevice= 6.13
[    6.059783][    T1] usb usb11: New USB device strings: Mfr=3, Product=2, SerialNumber=1
[    6.062340][    T1] usb usb11: Product: USB/IP Virtual Host Controller
[    6.065046][    T1] usb usb11: Manufacturer: Linux 6.13.0-rc5-gb08ac5101998-dirty vhci_hcd
[    6.069233][    T1] usb usb11: SerialNumber: vhci_hcd.4
[    6.073963][    T1] hub 11-0:1.0: USB hub found
[    6.075681][    T1] hub 11-0:1.0: 8 ports detected
[    6.081668][    T1] vhci_hcd vhci_hcd.5: USB/IP Virtual Host Controller
[    6.084439][    T1] vhci_hcd vhci_hcd.5: new USB bus registered, assigned bus number 12
[    6.087126][    T1] usb usb12: New USB device found, idVendor=1d6b, idProduct=0002, bcdDevice= 6.13
[    6.089561][    T1] usb usb12: New USB device strings: Mfr=3, Product=2, SerialNumber=1
[    6.091741][    T1] usb usb12: Product: USB/IP Virtual Host Controller
[    6.093519][    T1] usb usb12: Manufacturer: Linux 6.13.0-rc5-gb08ac5101998-dirty vhci_hcd
[    6.096735][    T1] usb usb12: SerialNumber: vhci_hcd.5
[    6.100686][    T1] hub 12-0:1.0: USB hub found
[    6.102063][    T1] hub 12-0:1.0: 8 ports detected
[    6.106293][    T1] vhci_hcd vhci_hcd.5: USB/IP Virtual Host Controller
[    6.108872][    T1] vhci_hcd vhci_hcd.5: new USB bus registered, assigned bus number 13
[    6.111181][    T1] usb usb13: We don't know the algorithms for LPM for this host, disabling LPM.
[    6.114077][    T1] usb usb13: New USB device found, idVendor=1d6b, idProduct=0003, bcdDevice= 6.13
[    6.116681][    T1] usb usb13: New USB device strings: Mfr=3, Product=2, SerialNumber=1
[    6.118819][    T1] usb usb13: Product: USB/IP Virtual Host Controller
[    6.120637][    T1] usb usb13: Manufacturer: Linux 6.13.0-rc5-gb08ac5101998-dirty vhci_hcd
[    6.123027][    T1] usb usb13: SerialNumber: vhci_hcd.5
[    6.126143][    T1] hub 13-0:1.0: USB hub found
[    6.127466][    T1] hub 13-0:1.0: 8 ports detected
[    6.132223][    T1] vhci_hcd vhci_hcd.6: USB/IP Virtual Host Controller
[    6.134431][    T1] vhci_hcd vhci_hcd.6: new USB bus registered, assigned bus number 14
[    6.137232][    T1] usb usb14: New USB device found, idVendor=1d6b, idProduct=0002, bcdDevice= 6.13
[    6.140259][    T1] usb usb14: New USB device strings: Mfr=3, Product=2, SerialNumber=1
[    6.143131][    T1] usb usb14: Product: USB/IP Virtual Host Controller
[    6.145368][    T1] usb usb14: Manufacturer: Linux 6.13.0-rc5-gb08ac5101998-dirty vhci_hcd
[    6.147645][    T1] usb usb14: SerialNumber: vhci_hcd.6
[    6.150400][    T1] hub 14-0:1.0: USB hub found
[    6.151717][    T1] hub 14-0:1.0: 8 ports detected
[    6.155718][    T1] vhci_hcd vhci_hcd.6: USB/IP Virtual Host Controller
[    6.158064][    T1] vhci_hcd vhci_hcd.6: new USB bus registered, assigned bus number 15
[    6.160753][    T1] usb usb15: We don't know the algorithms for LPM for this host, disabling LPM.
[    6.163704][    T1] usb usb15: New USB device found, idVendor=1d6b, idProduct=0003, bcdDevice= 6.13
[    6.166233][    T1] usb usb15: New USB device strings: Mfr=3, Product=2, SerialNumber=1
[    6.169541][    T1] usb usb15: Product: USB/IP Virtual Host Controller
[    6.171595][    T1] usb usb15: Manufacturer: Linux 6.13.0-rc5-gb08ac5101998-dirty vhci_hcd
[    6.174698][    T1] usb usb15: SerialNumber: vhci_hcd.6
[    6.178266][    T1] hub 15-0:1.0: USB hub found
[    6.180564][    T1] hub 15-0:1.0: 8 ports detected
[    6.185084][    T1] vhci_hcd vhci_hcd.7: USB/IP Virtual Host Controller
[    6.187681][    T1] vhci_hcd vhci_hcd.7: new USB bus registered, assigned bus number 16
[    6.190790][    T1] usb usb16: New USB device found, idVendor=1d6b, idProduct=0002, bcdDevice= 6.13
[    6.194537][    T1] usb usb16: New USB device strings: Mfr=3, Product=2, SerialNumber=1
[    6.197229][    T1] usb usb16: Product: USB/IP Virtual Host Controller
[    6.199027][    T1] usb usb16: Manufacturer: Linux 6.13.0-rc5-gb08ac5101998-dirty vhci_hcd
[    6.202402][    T1] usb usb16: SerialNumber: vhci_hcd.7
[    6.206974][    T1] hub 16-0:1.0: USB hub found
[    6.208808][    T1] hub 16-0:1.0: 8 ports detected
[    6.216626][    T1] vhci_hcd vhci_hcd.7: USB/IP Virtual Host Controller
[    6.219295][    T1] vhci_hcd vhci_hcd.7: new USB bus registered, assigned bus number 17
[    6.221979][    T1] usb usb17: We don't know the algorithms for LPM for this host, disabling LPM.
[    6.225372][    T1] usb usb17: New USB device found, idVendor=1d6b, idProduct=0003, bcdDevice= 6.13
[    6.227932][    T1] usb usb17: New USB device strings: Mfr=3, Product=2, SerialNumber=1
[    6.230113][    T1] usb usb17: Product: USB/IP Virtual Host Controller
[    6.231956][    T1] usb usb17: Manufacturer: Linux 6.13.0-rc5-gb08ac5101998-dirty vhci_hcd
[    6.234286][    T1] usb usb17: SerialNumber: vhci_hcd.7
[    6.237230][    T1] hub 17-0:1.0: USB hub found
[    6.238529][    T1] hub 17-0:1.0: 8 ports detected
[    6.243496][    T1] vhci_hcd vhci_hcd.8: USB/IP Virtual Host Controller
[    6.246225][    T1] vhci_hcd vhci_hcd.8: new USB bus registered, assigned bus number 18
[    6.249450][    T1] usb usb18: New USB device found, idVendor=1d6b, idProduct=0002, bcdDevice= 6.13
[    6.252310][    T1] usb usb18: New USB device strings: Mfr=3, Product=2, SerialNumber=1
[    6.254713][    T1] usb usb18: Product: USB/IP Virtual Host Controller
[    6.256680][    T1] usb usb18: Manufacturer: Linux 6.13.0-rc5-gb08ac5101998-dirty vhci_hcd
[    6.258857][    T1] usb usb18: SerialNumber: vhci_hcd.8
[    6.261569][    T1] hub 18-0:1.0: USB hub found
[    6.262856][    T1] hub 18-0:1.0: 8 ports detected
[    6.267356][    T1] vhci_hcd vhci_hcd.8: USB/IP Virtual Host Controller
[    6.269701][    T1] vhci_hcd vhci_hcd.8: new USB bus registered, assigned bus number 19
[    6.271961][    T1] usb usb19: We don't know the algorithms for LPM for this host, disabling LPM.
[    6.275987][    T1] usb usb19: New USB device found, idVendor=1d6b, idProduct=0003, bcdDevice= 6.13
[    6.278610][    T1] usb usb19: New USB device strings: Mfr=3, Product=2, SerialNumber=1
[    6.280783][    T1] usb usb19: Product: USB/IP Virtual Host Controller
[    6.282138][    T1] usb usb19: Manufacturer: Linux 6.13.0-rc5-gb08ac5101998-dirty vhci_hcd
[    6.284219][    T1] usb usb19: SerialNumber: vhci_hcd.8
[    6.288499][    T1] hub 19-0:1.0: USB hub found
[    6.290047][    T1] hub 19-0:1.0: 8 ports detected
[    6.295182][    T1] vhci_hcd vhci_hcd.9: USB/IP Virtual Host Controller
[    6.297907][    T1] vhci_hcd vhci_hcd.9: new USB bus registered, assigned bus number 20
[    6.300504][    T1] usb usb20: New USB device found, idVendor=1d6b, idProduct=0002, bcdDevice= 6.13
[    6.302920][    T1] usb usb20: New USB device strings: Mfr=3, Product=2, SerialNumber=1
[    6.305114][    T1] usb usb20: Product: USB/IP Virtual Host Controller
[    6.306979][    T1] usb usb20: Manufacturer: Linux 6.13.0-rc5-gb08ac5101998-dirty vhci_hcd
[    6.309292][    T1] usb usb20: SerialNumber: vhci_hcd.9
[    6.311806][    T1] hub 20-0:1.0: USB hub found
[    6.313117][    T1] hub 20-0:1.0: 8 ports detected
[    6.317090][    T1] vhci_hcd vhci_hcd.9: USB/IP Virtual Host Controller
[    6.319273][    T1] vhci_hcd vhci_hcd.9: new USB bus registered, assigned bus number 21
[    6.321558][    T1] usb usb21: We don't know the algorithms for LPM for this host, disabling LPM.
[    6.324587][    T1] usb usb21: New USB device found, idVendor=1d6b, idProduct=0003, bcdDevice= 6.13
[    6.327005][    T1] usb usb21: New USB device strings: Mfr=3, Product=2, SerialNumber=1
[    6.329040][    T1] usb usb21: Product: USB/IP Virtual Host Controller
[    6.330736][    T1] usb usb21: Manufacturer: Linux 6.13.0-rc5-gb08ac5101998-dirty vhci_hcd
[    6.332881][    T1] usb usb21: SerialNumber: vhci_hcd.9
[    6.335695][    T1] hub 21-0:1.0: USB hub found
[    6.336997][    T1] hub 21-0:1.0: 8 ports detected
[    6.341221][    T1] vhci_hcd vhci_hcd.10: USB/IP Virtual Host Controller
[    6.343767][    T1] vhci_hcd vhci_hcd.10: new USB bus registered, assigned bus number 22
[    6.347209][    T1] usb usb22: New USB device found, idVendor=1d6b, idProduct=0002, bcdDevice= 6.13
[    6.349640][    T1] usb usb22: New USB device strings: Mfr=3, Product=2, SerialNumber=1
[    6.351791][    T1] usb usb22: Product: USB/IP Virtual Host Controller
[    6.353536][    T1] usb usb22: Manufacturer: Linux 6.13.0-rc5-gb08ac5101998-dirty vhci_hcd
[    6.355851][    T1] usb usb22: SerialNumber: vhci_hcd.10
[    6.360491][    T1] hub 22-0:1.0: USB hub found
[    6.362041][    T1] hub 22-0:1.0: 8 ports detected
[    6.366438][    T1] vhci_hcd vhci_hcd.10: USB/IP Virtual Host Controller
[    6.368984][    T1] vhci_hcd vhci_hcd.10: new USB bus registered, assigned bus number 23
[    6.371339][    T1] usb usb23: We don't know the algorithms for LPM for this host, disabling LPM.
[    6.374478][    T1] usb usb23: New USB device found, idVendor=1d6b, idProduct=0003, bcdDevice= 6.13
[    6.377033][    T1] usb usb23: New USB device strings: Mfr=3, Product=2, SerialNumber=1
[    6.379197][    T1] usb usb23: Product: USB/IP Virtual Host Controller
[    6.380921][    T1] usb usb23: Manufacturer: Linux 6.13.0-rc5-gb08ac5101998-dirty vhci_hcd
[    6.383370][    T1] usb usb23: SerialNumber: vhci_hcd.10
[    6.386031][    T1] hub 23-0:1.0: USB hub found
[    6.387391][    T1] hub 23-0:1.0: 8 ports detected
[    6.392285][    T1] vhci_hcd vhci_hcd.11: USB/IP Virtual Host Controller
[    6.394871][    T1] vhci_hcd vhci_hcd.11: new USB bus registered, assigned bus number 24
[    6.397273][    T1] usb usb24: New USB device found, idVendor=1d6b, idProduct=0002, bcdDevice= 6.13
[    6.399876][    T1] usb usb24: New USB device strings: Mfr=3, Product=2, SerialNumber=1
[    6.402106][    T1] usb usb24: Product: USB/IP Virtual Host Controller
[    6.403773][    T1] usb usb24: Manufacturer: Linux 6.13.0-rc5-gb08ac5101998-dirty vhci_hcd
[    6.406136][    T1] usb usb24: SerialNumber: vhci_hcd.11
[    6.409934][    T1] hub 24-0:1.0: USB hub found
[    6.411351][    T1] hub 24-0:1.0: 8 ports detected
[    6.415256][    T1] vhci_hcd vhci_hcd.11: USB/IP Virtual Host Controller
[    6.418718][    T1] vhci_hcd vhci_hcd.11: new USB bus registered, assigned bus number 25
[    6.421082][    T1] usb usb25: We don't know the algorithms for LPM for this host, disabling LPM.
[    6.424140][    T1] usb usb25: New USB device found, idVendor=1d6b, idProduct=0003, bcdDevice= 6.13
[    6.426627][    T1] usb usb25: New USB device strings: Mfr=3, Product=2, SerialNumber=1
[    6.428893][    T1] usb usb25: Product: USB/IP Virtual Host Controller
[    6.430671][    T1] usb usb25: Manufacturer: Linux 6.13.0-rc5-gb08ac5101998-dirty vhci_hcd
[    6.432914][    T1] usb usb25: SerialNumber: vhci_hcd.11
[    6.435438][    T1] hub 25-0:1.0: USB hub found
[    6.436736][    T1] hub 25-0:1.0: 8 ports detected
[    6.441190][    T1] vhci_hcd vhci_hcd.12: USB/IP Virtual Host Controller
[    6.443599][    T1] vhci_hcd vhci_hcd.12: new USB bus registered, assigned bus number 26
[    6.446257][    T1] usb usb26: New USB device found, idVendor=1d6b, idProduct=0002, bcdDevice= 6.13
[    6.448680][    T1] usb usb26: New USB device strings: Mfr=3, Product=2, SerialNumber=1
[    6.450797][    T1] usb usb26: Product: USB/IP Virtual Host Controller
[    6.452482][    T1] usb usb26: Manufacturer: Linux 6.13.0-rc5-gb08ac5101998-dirty vhci_hcd
[    6.454653][    T1] usb usb26: SerialNumber: vhci_hcd.12
[    6.457450][    T1] hub 26-0:1.0: USB hub found
[    6.458759][    T1] hub 26-0:1.0: 8 ports detected
[    6.462333][    T1] vhci_hcd vhci_hcd.12: USB/IP Virtual Host Controller
[    6.464348][    T1] vhci_hcd vhci_hcd.12: new USB bus registered, assigned bus number 27
[    6.467705][    T1] usb usb27: We don't know the algorithms for LPM for this host, disabling LPM.
[    6.470812][    T1] usb usb27: New USB device found, idVendor=1d6b, idProduct=0003, bcdDevice= 6.13
[    6.473307][    T1] usb usb27: New USB device strings: Mfr=3, Product=2, SerialNumber=1
[    6.475650][    T1] usb usb27: Product: USB/IP Virtual Host Controller
[    6.477338][    T1] usb usb27: Manufacturer: Linux 6.13.0-rc5-gb08ac5101998-dirty vhci_hcd
[    6.479476][    T1] usb usb27: SerialNumber: vhci_hcd.12
[    6.481937][    T1] hub 27-0:1.0: USB hub found
[    6.483218][    T1] hub 27-0:1.0: 8 ports detected
[    6.489786][    T1] vhci_hcd vhci_hcd.13: USB/IP Virtual Host Controller
[    6.492407][    T1] vhci_hcd vhci_hcd.13: new USB bus registered, assigned bus number 28
[    6.494982][    T1] usb usb28: New USB device found, idVendor=1d6b, idProduct=0002, bcdDevice= 6.13
[    6.497317][    T1] usb usb28: New USB device strings: Mfr=3, Product=2, SerialNumber=1
[    6.499355][    T1] usb usb28: Product: USB/IP Virtual Host Controller
[    6.501090][    T1] usb usb28: Manufacturer: Linux 6.13.0-rc5-gb08ac5101998-dirty vhci_hcd
[    6.503322][    T1] usb usb28: SerialNumber: vhci_hcd.13
[    6.507299][    T1] hub 28-0:1.0: USB hub found
[    6.509305][    T1] hub 28-0:1.0: 8 ports detected
[    6.513301][    T1] vhci_hcd vhci_hcd.13: USB/IP Virtual Host Controller
[    6.515885][    T1] vhci_hcd vhci_hcd.13: new USB bus registered, assigned bus number 29
[    6.518133][    T1] usb usb29: We don't know the algorithms for LPM for this host, disabling LPM.
[    6.520755][    T1] usb usb29: New USB device found, idVendor=1d6b, idProduct=0003, bcdDevice= 6.13
[    6.523592][    T1] usb usb29: New USB device strings: Mfr=3, Product=2, SerialNumber=1
[    6.526433][    T1] usb usb29: Product: USB/IP Virtual Host Controller
[    6.528313][    T1] usb usb29: Manufacturer: Linux 6.13.0-rc5-gb08ac5101998-dirty vhci_hcd
[    6.530617][    T1] usb usb29: SerialNumber: vhci_hcd.13
[    6.534715][    T1] hub 29-0:1.0: USB hub found
[    6.536328][    T1] hub 29-0:1.0: 8 ports detected
[    6.541572][    T1] vhci_hcd vhci_hcd.14: USB/IP Virtual Host Controller
[    6.544042][    T1] vhci_hcd vhci_hcd.14: new USB bus registered, assigned bus number 30
[    6.547269][    T1] usb usb30: New USB device found, idVendor=1d6b, idProduct=0002, bcdDevice= 6.13
[    6.549852][    T1] usb usb30: New USB device strings: Mfr=3, Product=2, SerialNumber=1
[    6.551893][    T1] usb usb30: Product: USB/IP Virtual Host Controller
[    6.553575][    T1] usb usb30: Manufacturer: Linux 6.13.0-rc5-gb08ac5101998-dirty vhci_hcd
[    6.555794][    T1] usb usb30: SerialNumber: vhci_hcd.14
[    6.558577][    T1] hub 30-0:1.0: USB hub found
[    6.559931][    T1] hub 30-0:1.0: 8 ports detected
[    6.563949][    T1] vhci_hcd vhci_hcd.14: USB/IP Virtual Host Controller
[    6.567183][    T1] vhci_hcd vhci_hcd.14: new USB bus registered, assigned bus number 31
[    6.569627][    T1] usb usb31: We don't know the algorithms for LPM for this host, disabling LPM.
[    6.572203][    T1] usb usb31: New USB device found, idVendor=1d6b, idProduct=0003, bcdDevice= 6.13
[    6.574634][    T1] usb usb31: New USB device strings: Mfr=3, Product=2, SerialNumber=1
[    6.576772][    T1] usb usb31: Product: USB/IP Virtual Host Controller
[    6.578493][    T1] usb usb31: Manufacturer: Linux 6.13.0-rc5-gb08ac5101998-dirty vhci_hcd
[    6.581400][    T1] usb usb31: SerialNumber: vhci_hcd.14
[    6.584692][    T1] hub 31-0:1.0: USB hub found
[    6.586157][    T1] hub 31-0:1.0: 8 ports detected
[    6.590438][    T1] vhci_hcd vhci_hcd.15: USB/IP Virtual Host Controller
[    6.592786][    T1] vhci_hcd vhci_hcd.15: new USB bus registered, assigned bus number 32
[    6.595276][    T1] usb usb32: New USB device found, idVendor=1d6b, idProduct=0002, bcdDevice= 6.13
[    6.597723][    T1] usb usb32: New USB device strings: Mfr=3, Product=2, SerialNumber=1
[    6.600109][    T1] usb usb32: Product: USB/IP Virtual Host Controller
[    6.602027][    T1] usb usb32: Manufacturer: Linux 6.13.0-rc5-gb08ac5101998-dirty vhci_hcd
[    6.604792][    T1] usb usb32: SerialNumber: vhci_hcd.15
[    6.607450][    T1] hub 32-0:1.0: USB hub found
[    6.608874][    T1] hub 32-0:1.0: 8 ports detected
[    6.612856][    T1] vhci_hcd vhci_hcd.15: USB/IP Virtual Host Controller
[    6.615291][    T1] vhci_hcd vhci_hcd.15: new USB bus registered, assigned bus number 33
[    6.617783][    T1] usb usb33: We don't know the algorithms for LPM for this host, disabling LPM.
[    6.620330][    T1] usb usb33: New USB device found, idVendor=1d6b, idProduct=0003, bcdDevice= 6.13
[    6.622934][    T1] usb usb33: New USB device strings: Mfr=3, Product=2, SerialNumber=1
[    6.625312][    T1] usb usb33: Product: USB/IP Virtual Host Controller
[    6.627232][    T1] usb usb33: Manufacturer: Linux 6.13.0-rc5-gb08ac5101998-dirty vhci_hcd
[    6.629425][    T1] usb usb33: SerialNumber: vhci_hcd.15
[    6.631943][    T1] hub 33-0:1.0: USB hub found
[    6.633268][    T1] hub 33-0:1.0: 8 ports detected
[    6.638538][    T1] usbcore: registered new device driver usbip-host
[    6.644085][    T1] i8042: PNP: PS/2 Controller [PNP0303:KBD,PNP0f13:MOU] at 0x60,0x64 irq 1,12
[    6.648675][    T1] serio: i8042 KBD port at 0x60,0x64 irq 1
[    6.650794][    T1] serio: i8042 AUX port at 0x60,0x64 irq 12
[    6.653732][    T1] mousedev: PS/2 mouse device common for all mice
[    6.657323][    T1] usbcore: registered new interface driver appletouch
[    6.659918][    T1] usbcore: registered new interface driver bcm5974
[    6.662386][    T9] input: AT Translated Set 2 keyboard as /devices/platform/i8042/serio0/input/input1
[    6.662833][    T1] usbcore: registered new interface driver synaptics_usb
[    6.667148][    T1] usbcore: registered new interface driver iforce
[    6.669241][    T1] usbcore: registered new interface driver pxrc
[    6.671258][    T1] usbcore: registered new interface driver xpad
[    6.674606][    T1] usbcore: registered new interface driver usb_acecad
[    6.678712][    T1] usbcore: registered new interface driver aiptek
[    6.680579][    T1] usbcore: registered new interface driver hanwang
[    6.683109][    T1] usbcore: registered new interface driver kbtab
[    6.686234][    T1] usbcore: registered new interface driver pegasus_notetaker
[    6.688459][    T1] usbcore: registered new interface driver usbtouchscreen
[    6.692258][    T1] usbcore: registered new interface driver sur40
[    6.694235][    T1] usbcore: registered new interface driver ati_remote2
[    6.696738][    T1] cm109: Keymap for Komunikate KIP1000 phone loaded
[    6.698738][    T1] usbcore: registered new interface driver cm109
[    6.700486][    T1] cm109: CM109 phone driver: 20080805 (C) Alfred E. Heggestad
[    6.702625][    T1] usbcore: registered new interface driver ims_pcu
[    6.706721][    T1] usbcore: registered new interface driver keyspan_remote
[    6.708828][    T1] usbcore: registered new interface driver powermate
[    6.711574][    T1] usbcore: registered new interface driver yealink
[    6.714882][    T1] rtc_cmos 00:05: RTC can wake from S4
[    6.720054][    T1] rtc_cmos 00:05: registered as rtc0
[    6.721672][    T1] rtc_cmos 00:05: alarms up to one day, y3k, 242 bytes nvram, hpet irqs
[    6.724747][    T1] i2c_dev: i2c /dev entries driver
[    6.728672][    T1] usbcore: registered new interface driver i2c-diolan-u2c
[    6.732738][    T1] usbcore: registered new interface driver i2c-cp2615
[    6.735148][    T1] usbcore: registered new interface driver RobotFuzz Open Source InterFace, OSIF
[    6.737660][    T1] usbcore: registered new interface driver i2c-tiny-usb
[    6.740784][    T1] usbcore: registered new interface driver igorplugusb
[    6.743090][    T1] usbcore: registered new interface driver iguanair
[    6.745075][    T1] usbcore: registered new interface driver imon
[    6.747045][    T1] usbcore: registered new interface driver imon_raw
[    6.749077][    T1] usbcore: registered new interface driver mceusb
[    6.750911][    T1] usbcore: registered new interface driver redrat3
[    6.752844][    T1] usbcore: registered new interface driver streamzap
[    6.754709][    T1] usbcore: registered new interface driver ir_toy
[    6.756906][    T1] usbcore: registered new interface driver ttusbir
[    6.758748][    T1] usbcore: registered new interface driver ati_remote
[    6.760705][    T1] usbcore: registered new interface driver xbox_remote
[    6.762684][    T1] b2c2-flexcop: B2C2 FlexcopII/II(b)/III digital TV receiver chip loaded successfully
[    6.766102][    T1] usbcore: registered new interface driver b2c2_flexcop_usb
[    6.768222][    T1] usbcore: registered new interface driver dvb_usb_vp7045
[    6.770581][    T1] usbcore: registered new interface driver dvb_usb_vp702x
[    6.772731][    T1] usbcore: registered new interface driver dvb_usb_gp8psk
[    6.774878][    T1] usbcore: registered new interface driver dvb_usb_dtt200u
[    6.776918][    T1] usbcore: registered new interface driver dvb_usb_a800
[    6.779136][    T1] usbcore: registered new interface driver dvb_usb_dibusb_mb
[    6.781758][    T1] usbcore: registered new interface driver dvb_usb_dibusb_mc
[    6.784799][    T1] usbcore: registered new interface driver dvb_usb_nova_t_usb2
[    6.787172][    T1] usbcore: registered new interface driver dvb_usb_umt_010
[    6.789222][    T1] usbcore: registered new interface driver dvb_usb_m920x
[    6.791076][    T1] usbcore: registered new interface driver dvb_usb_digitv
[    6.793089][    T1] usbcore: registered new interface driver dvb_usb_cxusb
[    6.795433][    T1] usbcore: registered new interface driver dvb_usb_ttusb2
[    6.797753][    T1] usbcore: registered new interface driver dvb_usb_dib0700
[    6.800055][    T1] usbcore: registered new interface driver opera1
[    6.801996][    T1] usbcore: registered new interface driver dvb_usb_af9005
[    6.804012][    T1] failing symbol_get of non-GPLONLY symbol af9005_rc_decode.
[    6.807633][    T1] failing symbol_get of non-GPLONLY symbol af9005_rc_decode.
[    6.809684][    T1] failing symbol_get of non-GPLONLY symbol rc_map_af9005_table.
[    6.812052][    T1] failing symbol_get of non-GPLONLY symbol rc_map_af9005_table.
[    6.814617][    T1] failing symbol_get of non-GPLONLY symbol rc_map_af9005_table_size.
[    6.818151][    T1] failing symbol_get of non-GPLONLY symbol rc_map_af9005_table_size.
[    6.820840][    T1] af9005: af9005_rc_decode function not found, disabling remote
[    6.824633][    T1] usbcore: registered new interface driver pctv452e
[    6.828195][    T1] usbcore: registered new interface driver dw2102
[    6.830243][    T1] usbcore: registered new interface driver dvb_usb_dtv5100
[    6.832728][    T1] usbcore: registered new interface driver cinergyT2
[    6.835435][    T1] usbcore: registered new interface driver dvb_usb_az6027
[    6.837780][    T1] usbcore: registered new interface driver dvb_usb_technisat_usb2
[    6.840025][    T1] usbcore: registered new interface driver dvb_usb_af9015
[    6.842119][    T1] usbcore: registered new interface driver dvb_usb_af9035
[    6.844568][    T1] usbcore: registered new interface driver dvb_usb_anysee
[    6.846830][    T1] usbcore: registered new interface driver dvb_usb_au6610
[    6.849070][    T1] usbcore: registered new interface driver dvb_usb_az6007
[    6.851414][    T1] usbcore: registered new interface driver dvb_usb_ce6230
[    6.853700][    T1] usbcore: registered new interface driver dvb_usb_ec168
[    6.856005][    T1] usbcore: registered new interface driver dvb_usb_lmedm04
[    6.858290][    T1] usbcore: registered new interface driver dvb_usb_gl861
[    6.860402][    T1] usbcore: registered new interface driver dvb_usb_mxl111sf
[    6.862488][    T1] usbcore: registered new interface driver dvb_usb_rtl28xxu
[    6.864645][    T1] usbcore: registered new interface driver dvb_usb_dvbsky
[    6.867504][    T1] usbcore: registered new interface driver zd1301
[    6.869801][    T1] usbcore: registered new interface driver s2255
[    6.872066][    T1] usbcore: registered new interface driver smsusb
[    6.875010][    T1] usbcore: registered new interface driver ttusb
[    6.876856][    T1] usbcore: registered new interface driver ttusb-dec
[    6.878760][    T1] usbcore: registered new interface driver Abilis Systems as10x usb driver
[    6.881257][    T1] usbcore: registered new interface driver airspy
[    6.883294][    T1] gspca_main: v2.14.0 registered
[    6.885107][    T1] usbcore: registered new interface driver benq
[    6.887138][    T1] usbcore: registered new interface driver conex
[    6.889373][    T1] usbcore: registered new interface driver cpia1
[    6.892133][    T1] usbcore: registered new interface driver dtcs033
[    6.894308][    T1] usbcore: registered new interface driver etoms
[    6.896233][    T1] usbcore: registered new interface driver finepix
[    6.898089][    T1] usbcore: registered new interface driver jeilinj
[    6.899854][    T1] usbcore: registered new interface driver jl2005bcd
[    6.901884][    T1] usbcore: registered new interface driver kinect
[    6.903665][    T1] usbcore: registered new interface driver konica
[    6.906585][    T1] usbcore: registered new interface driver mars
[    6.910265][    T1] usbcore: registered new interface driver mr97310a
[    6.913328][    T1] usbcore: registered new interface driver nw80x
[    6.915535][    T1] usbcore: registered new interface driver ov519
[    6.917443][    T1] usbcore: registered new interface driver ov534
[    6.919297][    T1] usbcore: registered new interface driver ov534_9
[    6.921324][    T1] usbcore: registered new interface driver pac207
[    6.923582][    T1] usbcore: registered new interface driver gspca_pac7302
[    6.926748][    T1] usbcore: registered new interface driver pac7311
[    6.929883][    T1] usbcore: registered new interface driver se401
[    6.932792][    T1] usbcore: registered new interface driver sn9c2028
[    6.935241][    T1] usbcore: registered new interface driver gspca_sn9c20x
[    6.937463][    T1] usbcore: registered new interface driver sonixb
[    6.939542][    T1] usbcore: registered new interface driver sonixj
[    6.942014][    T1] usbcore: registered new interface driver spca500
[    6.944062][    T1] usbcore: registered new interface driver spca501
[    6.945960][    T1] usbcore: registered new interface driver spca505
[    6.948197][    T1] usbcore: registered new interface driver spca506
[    6.950222][    T1] usbcore: registered new interface driver spca508
[    6.952132][    T1] usbcore: registered new interface driver spca561
[    6.954034][    T1] usbcore: registered new interface driver spca1528
[    6.955999][    T1] usbcore: registered new interface driver sq905
[    6.957780][    T1] usbcore: registered new interface driver sq905c
[    6.959805][    T1] usbcore: registered new interface driver sq930x
[    6.961861][    T1] usbcore: registered new interface driver sunplus
[    6.963899][    T1] usbcore: registered new interface driver stk014
[    6.965896][    T1] usbcore: registered new interface driver stk1135
[    6.967806][    T1] usbcore: registered new interface driver stv0680
[    6.969834][    T1] usbcore: registered new interface driver t613
[    6.971718][    T1] usbcore: registered new interface driver gspca_topro
[    6.973985][    T1] usbcore: registered new interface driver touptek
[    6.975990][    T1] usbcore: registered new interface driver tv8532
[    6.978124][    T1] usbcore: registered new interface driver vc032x
[    6.980346][    T1] usbcore: registered new interface driver vicam
[    6.984173][    T1] usbcore: registered new interface driver xirlink-cit
[    6.986903][    T1] usbcore: registered new interface driver gspca_zc3xx
[    6.988984][    T1] usbcore: registered new interface driver ALi m5602
[    6.991042][    T1] usbcore: registered new interface driver STV06xx
[    6.993054][    T1] usbcore: registered new interface driver gspca_gl860
[    6.995408][    T1] usbcore: registered new interface driver hackrf
[    6.997677][    T1] usbcore: registered new interface driver msi2500
[    6.999686][    T1] usbcore: registered new interface driver Philips webcam
[    7.002241][    T1] usbcore: registered new interface driver uvcvideo
[    7.004083][    T1] au0828: au0828 driver loaded
[    7.005898][    T1] usbcore: registered new interface driver au0828
[    7.007986][    T1] usbcore: registered new interface driver cx231xx
[    7.011349][    T1] usbcore: registered new interface driver em28xx
[    7.013243][    T1] em28xx: Registered (Em28xx v4l2 Extension) extension
[    7.015377][    T1] em28xx: Registered (Em28xx Audio Extension) extension
[    7.017949][    T1] em28xx: Registered (Em28xx dvb Extension) extension
[    7.020075][    T1] em28xx: Registered (Em28xx Input Extension) extension
[    7.023249][    T1] usbcore: registered new interface driver go7007
[    7.028447][    T1] usbcore: registered new interface driver go7007-loader
[    7.030799][    T1] usbcore: registered new interface driver hdpvr
[    7.034124][    T1] usbcore: registered new interface driver pvrusb2
[    7.036443][    T1] pvrusb2: V4L in-tree version:Hauppauge WinTV-PVR-USB2 MPEG2 Encoder/Tuner
[    7.038937][    T1] pvrusb2: Debug mask is 31 (0x1f)
[    7.041127][    T1] usbcore: registered new interface driver stk1160
[    7.043781][    T1] usbcore: registered new interface driver usbtv
[    7.050495][    T1] dvbdev: DVB: registering new adapter (dvb_vidtv_bridge)
[    7.054667][    T1] i2c i2c-0: DVB: registering adapter 0 frontend 0 (Dummy demod for DVB-T/T2/C/S/S2)...
[    7.058525][    T1] dvbdev: dvb_create_media_entity: media entity 'Dummy demod for DVB-T/T2/C/S/S2' registered.
[    7.064893][    T1] dvbdev: dvb_create_media_entity: media entity 'dvb-demux' registered.
[    7.069829][    T1] vidtv vidtv.0: Successfully initialized vidtv!
[    7.072827][    T1] vicodec vicodec.0: Device 'stateful-encoder' registered as /dev/video0
[    7.075795][    T1] vicodec vicodec.0: Device 'stateful-decoder' registered as /dev/video1
[    7.078493][    T1] vicodec vicodec.0: Device 'stateless-decoder' registered as /dev/video2
[    7.081663][    T1] vim2m vim2m.0: Device registered as /dev/video0
[    7.099424][    T1] vivid-000: using single planar format API
[    7.109206][    T9] input: ImExPS/2 Generic Explorer Mouse as /devices/platform/i8042/serio1/input/input3
[    7.123748][    T1] vivid-000: CEC adapter cec0 registered for HDMI input
[    7.127976][    T1] vivid-000: V4L2 capture device registered as video7
[    7.130192][    T1] vivid-000: CEC adapter cec1 registered for HDMI output 0
[    7.132288][    T1] vivid-000: V4L2 output device registered as video8
[    7.134142][    T1] vivid-000: V4L2 capture device registered as vbi0, supports raw and sliced VBI
[    7.136754][    T1] vivid-000: V4L2 output device registered as vbi1, supports raw and sliced VBI
[    7.139124][    T1] vivid-000: V4L2 capture device registered as swradio0
[    7.141052][    T1] vivid-000: V4L2 receiver device registered as radio0
[    7.143060][    T1] vivid-000: V4L2 transmitter device registered as radio1
[    7.145984][    T1] vivid-000: V4L2 metadata capture device registered as video9
[    7.148183][    T1] vivid-000: V4L2 metadata output device registered as video10
[    7.150295][    T1] vivid-000: V4L2 touch capture device registered as v4l-touch0
[    7.163872][    T1] usbcore: registered new interface driver radioshark2
[    7.165897][    T1] usbcore: registered new interface driver radioshark
[    7.168094][    T1] usbcore: registered new interface driver radio-si470x
[    7.169823][    T1] usbcore: registered new interface driver radio-usb-si4713
[    7.171650][    T1] usbcore: registered new interface driver dsbr100
[    7.173298][    T1] usbcore: registered new interface driver radio-keene
[    7.175016][    T1] usbcore: registered new interface driver radio-ma901
[    7.176758][    T1] usbcore: registered new interface driver radio-mr800
[    7.178532][    T1] usbcore: registered new interface driver radio-raremono
[    7.181164][    T1] usbcore: registered new interface driver powerz
[    7.182866][    T1] usbcore: registered new interface driver pcwd_usb
[    7.195935][    T1] device-mapper: core: CONFIG_IMA_DISABLE_HTABLE is disabled. Duplicate IMA measurements will not be recorded in the IMA log.
[    7.199259][    T1] device-mapper: uevent: version 1.0.3
[    7.204072][    T1] device-mapper: ioctl: 4.48.0-ioctl (2023-03-01) initialised: dm-devel@lists.linux.dev
[    7.208324][    T1] device-mapper: multipath round-robin: version 1.2.0 loaded
[    7.210193][    T1] device-mapper: multipath queue-length: version 0.2.0 loaded
[    7.211913][    T1] device-mapper: multipath service-time: version 0.3.0 loaded
[    7.214950][    T1] Bluetooth: HCI UART driver ver 2.3
[    7.216190][    T1] Bluetooth: HCI UART protocol H4 registered
[    7.217695][    T1] Bluetooth: HCI UART protocol BCSP registered
[    7.219276][    T1] Bluetooth: HCI UART protocol LL registered
[    7.220864][    T1] Bluetooth: HCI UART protocol Three-wire (H5) registered
[    7.222827][    T1] Bluetooth: HCI UART protocol QCA registered
[    7.224270][    T1] Bluetooth: HCI UART protocol AG6XX registered
[    7.226021][    T1] Bluetooth: HCI UART protocol Marvell registered
[    7.228088][    T1] usbcore: registered new interface driver bcm203x
[    7.229769][    T1] usbcore: registered new interface driver bpa10x
[    7.231472][    T1] usbcore: registered new interface driver bfusb
[    7.233350][    T1] usbcore: registered new interface driver btusb
[    7.235142][    T1] usbcore: registered new interface driver ath3k
[    7.236924][    T1] Modular ISDN core version 1.1.29
[    7.238932][    T1] NET: Registered PF_ISDN protocol family
[    7.240468][    T1] DSP module 2.0
[    7.241371][    T1] mISDN_dsp: DSP clocks every 80 samples. This equals 1 jiffies.
[    7.249256][    T1] mISDN: Layer-1-over-IP driver Rev. 2.00
[    7.251074][    T1] 0 virtual devices registered
[    7.252455][    T1] usbcore: registered new interface driver HFC-S_USB
[    7.254120][    T1] intel_pstate: CPU model not supported
[    7.256615][    T1] VUB300 Driver rom wait states = 1C irqpoll timeout = 0400
[    7.259001][    T1] usbcore: registered new interface driver vub300
[    7.262692][    T1] usbcore: registered new interface driver ushc
[    7.275838][    T1] iscsi: registered transport (iser)
[    7.278224][    T1] SoftiWARP attached
[    7.297874][    T1] hid: raw HID events driver (C) Jiri Kosina
[    7.313981][    T1] usbcore: registered new interface driver usbhid
[    7.315844][    T1] usbhid: USB HID core driver
[    7.328509][    T1] usbcore: registered new interface driver es2_ap_driver
[    7.330783][    T1] comedi: version 0.7.76 - http://www.comedi.org
[    7.333004][    T1] usbcore: registered new interface driver dt9812
[    7.334892][    T1] usbcore: registered new interface driver ni6501
[    7.337643][    T1] usbcore: registered new interface driver usbdux
[    7.339598][    T1] usbcore: registered new interface driver usbduxfast
[    7.341787][    T1] usbcore: registered new interface driver usbduxsigma
[    7.343965][    T1] usbcore: registered new interface driver vmk80xx
[    7.346675][    T1] greybus: registered new driver hid
[    7.348457][    T1] greybus: registered new driver gbphy
[    7.350388][    T1] gb_gbphy: registered new driver usb
[    7.352000][    T1] asus_wmi: ASUS WMI generic driver loaded
[    7.356894][    T1] gnss: GNSS driver registered with major 493
[    7.359999][    T1] usbcore: registered new interface driver gnss-usb
[    7.361937][    T1] usbcore: registered new interface driver hdm_usb
[    7.390130][    T1] usbcore: registered new interface driver snd-usb-audio
[    7.392218][    T1] usbcore: registered new interface driver snd-ua101
[    7.393950][    T1] usbcore: registered new interface driver snd-usb-usx2y
[    7.396780][    T1] usbcore: registered new interface driver snd-usb-us122l
[    7.400371][    T1] usbcore: registered new interface driver snd-usb-caiaq
[    7.402999][    T1] usbcore: registered new interface driver snd-usb-6fire
[    7.406815][    T1] usbcore: registered new interface driver snd-usb-hiface
[    7.408848][    T1] usbcore: registered new interface driver snd-bcd2000
[    7.410857][    T1] usbcore: registered new interface driver snd_usb_pod
[    7.412847][    T1] usbcore: registered new interface driver snd_usb_podhd
[    7.414880][    T1] usbcore: registered new interface driver snd_usb_toneport
[    7.417999][    T1] usbcore: registered new interface driver snd_usb_variax
[    7.424061][    T1] drop_monitor: Initializing network drop monitor service
[    7.427119][    T1] NET: Registered PF_LLC protocol family
[    7.428971][    T1] GACT probability on
[    7.430108][    T1] Mirror/redirect action on
[    7.431439][    T1] Simple TC action Loaded
[    7.434261][    T1] netem: version 1.3
[    7.435487][    T1] u32 classifier
[    7.436635][    T1]     Performance counters on
[    7.438213][    T1]     input device check on
