bash: warning: setlocale: LC_ALL: cannot change locale (en_US.UTF-8)
c[?7l[2J[0mSeaBIOS (version 1.16.2-debian-1.16.2-1)
Booting from ROM...
c[?7l[2Jearly console in extract_kernel
input_data: 0x00000000148362a3
input_len: 0x0000000005fafceb
output: 0x0000000001000000
output_len: 0x00000000124f9c90
kernel_total_size: 0x0000000019826000
needed_size: 0x0000000019a00000
trampoline_32bit: 0x0000000000000000

Decompressing Linux... Parsing ELF... done.
Booting the kernel (entry_offset: 0x0000000000000108).
[    0.000000][    T0] Linux version 6.13.0-rc5-g56e6a3499e14-dirty (root@buildkitsandbox) (gcc (Debian 12.2.0-14+deb12u1) 12.2.0, GNU ld (GNU Binutils for Debian) 2.40) #1 SMP PREEMPT_DYNAMIC Fri May 22 21:52:33 UTC 2026
[    0.000000][    T0] Command line: console=ttyS0 oops=panic panic=86400 nokaslr earlyprintk=serial rdinit=/init
[    0.000000][    T0] KERNEL supported cpus:
[    0.000000][    T0]   Intel GenuineIntel
[    0.000000][    T0]   AMD AuthenticAMD
[    0.000000][    T0] BIOS-provided physical RAM map:
[    0.000000][    T0] BIOS-e820: [mem 0x0000000000000000-0x000000000009fbff] usable
[    0.000000][    T0] BIOS-e820: [mem 0x000000000009fc00-0x000000000009ffff] reserved
[    0.000000][    T0] BIOS-e820: [mem 0x00000000000f0000-0x00000000000fffff] reserved
[    0.000000][    T0] BIOS-e820: [mem 0x0000000000100000-0x000000007ffdffff] usable
[    0.000000][    T0] BIOS-e820: [mem 0x000000007ffe0000-0x000000007fffffff] reserved
[    0.000000][    T0] BIOS-e820: [mem 0x00000000feffc000-0x00000000feffffff] reserved
[    0.000000][    T0] BIOS-e820: [mem 0x00000000fffc0000-0x00000000ffffffff] reserved
[    0.000000][    T0] printk: legacy bootconsole [earlyser0] enabled
[    0.000000][    T0] NX (Execute Disable) protection: active
[    0.000000][    T0] APIC: Static calls initialized
[    0.000000][    T0] SMBIOS 2.8 present.
[    0.000000][    T0] DMI: QEMU Standard PC (i440FX + PIIX, 1996), BIOS 1.16.2-debian-1.16.2-1 04/01/2014
[    0.000000][    T0] DMI: Memory slots populated: 1/1
[    0.000000][    T0] Hypervisor detected: KVM
[    0.000000][    T0] kvm-clock: Using msrs 4b564d01 and 4b564d00
[    0.000005][    T0] kvm-clock: using sched offset of 1371762146 cycles
[    0.001998][    T0] clocksource: kvm-clock: mask: 0xffffffffffffffff max_cycles: 0x1cd42e4dffb, max_idle_ns: 881590591483 ns
[    0.011595][    T0] tsc: Detected 2995.200 MHz processor
[    0.021833][    T0] last_pfn = 0x7ffe0 max_arch_pfn = 0x400000000
[    0.024468][    T0] MTRR map: 4 entries (3 fixed + 1 variable; max 19), built from 8 variable MTRRs
[    0.027424][    T0] x86/PAT: Configuration [0-7]: WB  WC  UC- UC  WB  WP  UC- WT  
[    0.039841][    T0] found SMP MP-table at [mem 0x000f5ba0-0x000f5baf]
[    0.042159][    T0] Using GB pages for direct mapping
[    0.046298][    T0] RAMDISK: [mem 0x7fe92000-0x7ffdffff]
[    0.048133][    T0] ACPI: Early table checksum verification disabled
[    0.051338][    T0] ACPI: RSDP 0x00000000000F59D0 000014 (v00 BOCHS )
[    0.053341][    T0] ACPI: RSDT 0x000000007FFE1B33 000034 (v01 BOCHS  BXPC     00000001 BXPC 00000001)
[    0.056346][    T0] ACPI: FACP 0x000000007FFE19DF 000074 (v01 BOCHS  BXPC     00000001 BXPC 00000001)
[    0.059302][    T0] ACPI: DSDT 0x000000007FFE0040 00199F (v01 BOCHS  BXPC     00000001 BXPC 00000001)
[    0.062303][    T0] ACPI: FACS 0x000000007FFE0000 000040
[    0.064028][    T0] ACPI: APIC 0x000000007FFE1A53 000080 (v01 BOCHS  BXPC     00000001 BXPC 00000001)
[    0.067080][    T0] ACPI: HPET 0x000000007FFE1AD3 000038 (v01 BOCHS  BXPC     00000001 BXPC 00000001)
[    0.070080][    T0] ACPI: WAET 0x000000007FFE1B0B 000028 (v01 BOCHS  BXPC     00000001 BXPC 00000001)
[    0.074274][    T0] ACPI: Reserving FACP table memory at [mem 0x7ffe19df-0x7ffe1a52]
[    0.076718][    T0] ACPI: Reserving DSDT table memory at [mem 0x7ffe0040-0x7ffe19de]
[    0.079132][    T0] ACPI: Reserving FACS table memory at [mem 0x7ffe0000-0x7ffe003f]
[    0.081540][    T0] ACPI: Reserving APIC table memory at [mem 0x7ffe1a53-0x7ffe1ad2]
[    0.083965][    T0] ACPI: Reserving HPET table memory at [mem 0x7ffe1ad3-0x7ffe1b0a]
[    0.086426][    T0] ACPI: Reserving WAET table memory at [mem 0x7ffe1b0b-0x7ffe1b32]
[    0.089933][    T0] No NUMA configuration found
[    0.091429][    T0] Faking a node at [mem 0x0000000000000000-0x000000007ffdffff]
[    0.095049][    T0] NODE_DATA(0) allocated [mem 0x7fe8c1c0-0x7fe91c7f]
[    0.107316][    T0] Zone ranges:
[    0.108469][    T0]   DMA      [mem 0x0000000000001000-0x0000000000ffffff]
[    0.110683][    T0]   DMA32    [mem 0x0000000001000000-0x000000007ffdffff]
[    0.112821][    T0]   Normal   empty
[    0.113754][    T0]   Device   empty
[    0.114802][    T0] Movable zone start for each node
[    0.116328][    T0] Early memory node ranges
[    0.117711][    T0]   node   0: [mem 0x0000000000001000-0x000000000009efff]
[    0.119890][    T0]   node   0: [mem 0x0000000000100000-0x000000007ffdffff]
[    0.122149][    T0] Initmem setup node 0 [mem 0x0000000000001000-0x000000007ffdffff]
[    0.124663][    T0] On node 0, zone DMA: 1 pages in unavailable ranges
[    0.127777][    T0] On node 0, zone DMA: 97 pages in unavailable ranges
[    0.149337][    T0] On node 0, zone DMA32: 32 pages in unavailable ranges
[    0.293119][    T0] kasan: KernelAddressSanitizer initialized
[    0.296837][    T0] ACPI: PM-Timer IO Port: 0x608
[    0.298415][    T0] ACPI: LAPIC_NMI (acpi_id[0xff] dfl dfl lint[0x1])
[    0.300275][    T0] IOAPIC[0]: apic_id 0, version 17, address 0xfec00000, GSI 0-23
[    0.302201][    T0] ACPI: INT_SRC_OVR (bus 0 bus_irq 0 global_irq 2 dfl dfl)
[    0.305753][    T0] ACPI: INT_SRC_OVR (bus 0 bus_irq 5 global_irq 5 high level)
[    0.307713][    T0] ACPI: INT_SRC_OVR (bus 0 bus_irq 9 global_irq 9 high level)
[    0.313025][    T0] ACPI: INT_SRC_OVR (bus 0 bus_irq 10 global_irq 10 high level)
[    0.318217][    T0] ACPI: INT_SRC_OVR (bus 0 bus_irq 11 global_irq 11 high level)
[    0.323068][    T0] ACPI: Using ACPI (MADT) for SMP configuration information
[    0.327059][    T0] ACPI: HPET id: 0x8086a201 base: 0xfed00000
[    0.330040][    T0] TSC deadline timer available
[    0.336093][    T0] CPU topo: Max. logical packages:   1
[    0.340404][    T0] CPU topo: Max. logical dies:       1
[    0.346170][    T0] CPU topo: Max. dies per package:   1
[    0.349586][    T0] CPU topo: Max. threads per core:   1
[    0.351867][    T0] CPU topo: Num. cores per package:     2
[    0.355219][    T0] CPU topo: Num. threads per package:   2
[    0.359568][    T0] CPU topo: Allowing 2 present CPUs plus 0 hotplug CPUs
[    0.368040][    T0] kvm-guest: APIC: eoi() replaced with kvm_guest_apic_eoi_write()
[    0.373592][    T0] kvm-guest: KVM setup pv remote TLB flush
[    0.379135][    T0] kvm-guest: setup PV sched yield
[    0.384724][    T0] PM: hibernation: Registered nosave memory: [mem 0x00000000-0x00000fff]
[    0.391255][    T0] PM: hibernation: Registered nosave memory: [mem 0x0009f000-0x0009ffff]
[    0.395957][    T0] PM: hibernation: Registered nosave memory: [mem 0x000a0000-0x000effff]
[    0.400330][    T0] PM: hibernation: Registered nosave memory: [mem 0x000f0000-0x000fffff]
[    0.406010][    T0] [mem 0x80000000-0xfeffbfff] available for PCI devices
[    0.410557][    T0] Booting paravirtualized kernel on KVM
[    0.415238][    T0] clocksource: refined-jiffies: mask: 0xffffffff max_cycles: 0xffffffff, max_idle_ns: 19112604462750000 ns
[    0.529506][    T0] setup_percpu: NR_CPUS:8 nr_cpumask_bits:2 nr_cpu_ids:2 nr_node_ids:1
[    0.535570][    T0] percpu: Embedded 74 pages/cpu s265288 r8192 d29624 u1048576
[    0.541749][    T0] kvm-guest: PV spinlocks enabled
[    0.547341][    T0] PV qspinlock hash table entries: 256 (order: 0, 4096 bytes, linear)
[    0.558435][    T0] Kernel command line: console=ttyS0 oops=panic panic=86400 nokaslr earlyprintk=serial rdinit=/init
[    0.579903][    T0] random: crng init done
[    0.585265][    T0] printk: log buffer data + meta data: 262144 + 917504 = 1179648 bytes
[    0.599018][    T0] Dentry cache hash table entries: 262144 (order: 9, 2097152 bytes, linear)
[    0.608720][    T0] Inode-cache hash table entries: 131072 (order: 8, 1048576 bytes, linear)
[    0.623086][    T0] Fallback order for Node 0: 0 
[    0.623484][    T0] Built 1 zonelists, mobility grouping on.  Total pages: 524158
[    0.631788][    T0] Policy zone: DMA32
[    0.636665][    T0] mem auto-init: stack:all(zero), heap alloc:on, heap free:off
[    0.641061][    T0] stackdepot: allocating hash table via alloc_large_system_hash
[    0.643956][    T0] stackdepot hash table entries: 1048576 (order: 12, 16777216 bytes, linear)
[    1.730942][    T0] SLUB: HWalign=64, Order=0-3, MinObjects=0, CPUs=2, Nodes=1
[    1.754730][    T0] allocated 4194304 bytes of page_ext
[    1.777908][    T0] Dynamic Preempt: full
[    1.780146][    T0] Running RCU self tests
[    1.781004][    T0] Running RCU synchronous self tests
[    1.782037][    T0] rcu: Preemptible hierarchical RCU implementation.
[    1.783195][    T0] rcu: 	RCU lockdep checking is enabled.
[    1.784317][    T0] rcu: 	RCU restricting CPUs from NR_CPUS=8 to nr_cpu_ids=2.
[    1.786569][    T0] rcu: 	RCU callback double-/use-after-free debug is enabled.
[    1.788670][    T0] rcu: 	RCU debug extended QS entry/exit.
[    1.789605][    T0] 	Trampoline variant of Tasks RCU enabled.
[    1.792156][    T0] 	Tracing variant of Tasks RCU enabled.
[    1.794042][    T0] rcu: RCU calculated value of scheduler-enlistment delay is 10 jiffies.
[    1.804750][    T0] rcu: Adjusting geometry for rcu_fanout_leaf=16, nr_cpu_ids=2
[    1.810712][    T0] Running RCU synchronous self tests
[    1.813032][    T0] RCU Tasks: Setting shift to 1 and lim to 1 rcu_task_cb_adjust=1 rcu_task_cpu_ids=2.
[    1.817130][    T0] RCU Tasks Trace: Setting shift to 1 and lim to 1 rcu_task_cb_adjust=1 rcu_task_cpu_ids=2.
[    2.884587][    T0] NR_IRQS: 4352, nr_irqs: 440, preallocated irqs: 16
[    2.911944][    T0] rcu: srcu_init: Setting srcu_struct sizes based on contention.
[    2.916210][    T0] kfence: initialized - using 2097152 bytes for 255 objects at 0x(____ptrval____)-0x(____ptrval____)
[    2.984336][    T0] Console: colour VGA+ 80x25
[    2.997341][    T0] printk: legacy console [ttyS0] enabled
[    2.997341][    T0] printk: legacy console [ttyS0] enabled
[    3.004422][    T0] printk: legacy bootconsole [earlyser0] disabled
[    3.004422][    T0] printk: legacy bootconsole [earlyser0] disabled
[    3.016193][    T0] Lock dependency validator: Copyright (c) 2006 Red Hat, Inc., Ingo Molnar
[    3.022920][    T0] ... MAX_LOCKDEP_SUBCLASSES:  8
[    3.024487][    T0] ... MAX_LOCK_DEPTH:          48
[    3.029822][    T0] ... MAX_LOCKDEP_KEYS:        8192
[    3.034066][    T0] ... CLASSHASH_SIZE:          4096
[    3.037212][    T0] ... MAX_LOCKDEP_ENTRIES:     1048576
[    3.041583][    T0] ... MAX_LOCKDEP_CHAINS:      1048576
[    3.050695][    T0] ... CHAINHASH_SIZE:          524288
[    3.054602][    T0]  memory used by lock dependency info: 106625 kB
[    3.057861][    T0]  memory used for stack traces: 8320 kB
[    3.061406][    T0]  per task-struct memory footprint: 1920 bytes
[    3.081820][    T0] ACPI: Core revision 20240827
[    3.111120][    T0] clocksource: hpet: mask: 0xffffffff max_cycles: 0xffffffff, max_idle_ns: 19112604467 ns
[    3.144267][    T0] APIC: Switch to symmetric I/O mode setup
[    3.161522][    T0] x2apic enabled
[    3.166415][    T0] APIC: Switched APIC routing to: physical x2apic
[    3.168534][    T0] kvm-guest: APIC: send_IPI_mask() replaced with kvm_send_ipi_mask()
[    3.173053][    T0] kvm-guest: APIC: send_IPI_mask_allbutself() replaced with kvm_send_ipi_mask_allbutself()
[    3.177013][    T0] kvm-guest: setup PV IPIs
[    3.236164][    T0] ..TIMER: vector=0x30 apic1=0 pin1=2 apic2=-1 pin2=-1
[    3.239975][    T0] clocksource: tsc-early: mask: 0xffffffffffffffff max_cycles: 0x2b2c8ec87c7, max_idle_ns: 440795278598 ns
[    3.243384][    T0] Calibrating delay loop (skipped) preset value.. 5990.40 BogoMIPS (lpj=29952000)
[    3.254094][    T0] x86/cpu: User Mode Instruction Prevention (UMIP) activated
[    3.274234][    T0] Last level iTLB entries: 4KB 0, 2MB 0, 4MB 0
[    3.279103][    T0] Last level dTLB entries: 4KB 0, 2MB 0, 4MB 0, 1GB 0
[    3.286738][    T0] Spectre V1 : Mitigation: usercopy/swapgs barriers and __user pointer sanitization
[    3.293383][    T0] Spectre V2 : WARNING: Unprivileged eBPF is enabled with eIBRS on, data leaks possible via Spectre v2 BHB attacks!
[    3.298604][    T0] Spectre V2 : Spectre BHI mitigation: SW BHB clearing on syscall and VM exit
[    3.303861][    T0] Spectre V2 : Mitigation: Enhanced / Automatic IBRS
[    3.314983][    T0] Spectre V2 : Spectre v2 / SpectreRSB mitigation: Filling RSB on context switch
[    3.325292][    T0] Spectre V2 : Spectre v2 / PBRSB-eIBRS: Retire a single CALL on VMEXIT
[    3.344498][    T0] RETBleed: Mitigation: Enhanced IBRS
[    3.356647][    T0] Spectre V2 : mitigation: Enabling conditional Indirect Branch Prediction Barrier
[    3.383808][    T0] Speculative Store Bypass: Mitigation: Speculative Store Bypass disabled via prctl
[    3.389698][    T0] MMIO Stale Data: Unknown: No mitigations
[    3.394308][    T0] Register File Data Sampling: Vulnerable: No microcode
[    3.404173][    T0] x86/fpu: Supporting XSAVE feature 0x001: 'x87 floating point registers'
[    3.413299][    T0] x86/fpu: Supporting XSAVE feature 0x002: 'SSE registers'
[    3.418390][    T0] x86/fpu: Supporting XSAVE feature 0x004: 'AVX registers'
[    3.433841][    T0] x86/fpu: xstate_offset[2]:  576, xstate_sizes[2]:  256
[    3.444486][    T0] x86/fpu: Enabled xstate features 0x7, context size is 832 bytes, using 'compacted' format.
[    4.421460][    T0] Freeing SMP alternatives memory: 124K
[    4.423232][    T0] pid_max: default: 32768 minimum: 301
[    4.423232][    T0] LSM: initializing lsm=lockdown,capability,landlock,yama,safesetid,tomoyo,apparmor,bpf,ima,evm
[    4.437393][    T0] landlock: Up and running.
[    4.441635][    T0] Yama: becoming mindful.
[    4.448331][    T0] TOMOYO Linux initialized
[    4.470316][    T0] AppArmor: AppArmor initialized
[    4.477935][    T0] LSM support for eBPF active
[    4.518365][    T0] Mount-cache hash table entries: 4096 (order: 3, 32768 bytes, linear)
[    4.523893][    T0] Mountpoint-cache hash table entries: 4096 (order: 3, 32768 bytes, linear)
[    4.696510][    T0] Running RCU synchronous self tests
[    4.698370][    T0] Running RCU synchronous self tests
[    4.749610][    T1] smpboot: CPU0: 13th Gen Intel(R) Core(TM) i9-13900H (family: 0x6, model: 0xba, stepping: 0x2)
[    4.859500][    T1] Running RCU Tasks wait API self tests
[    4.976322][    T1] Running RCU Tasks Trace wait API self tests
[    4.979056][    T1] Performance Events: unsupported p6 CPU model 186 no PMU driver, software events only.
[    4.982195][    T1] signal: max sigframe size: 1776
[    5.010112][   T16] Callback from call_rcu_tasks_trace() invoked.
[    5.023232][    T1] rcu: Hierarchical SRCU implementation.
[    5.023347][    T1] rcu: 	Max phase no-delay instances is 1000.
[    5.050349][    T1] Timer migration: 1 hierarchy levels; 8 children per group; 1 crossnode level
[    5.178025][    T1] NMI watchdog: Perf NMI watchdog permanently disabled
[    5.205045][   T15] Callback from call_rcu_tasks() invoked.
[    5.248420][    T1] smp: Bringing up secondary CPUs ...
[    5.250913][    T1] smpboot: x86: Booting SMP configuration:
[    5.257593][    T1] .... node  #0, CPUs:      #1
[    5.294181][    T1] smp: Brought up 1 node, 2 CPUs
[    5.296179][    T1] smpboot: Total of 2 processors activated (11980.80 BogoMIPS)
[    5.341114][    T1] Memory: 1296292K/2096632K available (167936K kernel code, 40899K rwdata, 38832K rodata, 26580K init, 119836K bss, 789440K reserved, 0K cma-reserved)
[    5.373503][    T1] devtmpfs: initialized
[    5.445801][    T1] x86/mm: Memory block size: 128MB
[    5.534310][    T1] Running RCU synchronous self tests
[    5.536875][    T1] Running RCU synchronous self tests
[    5.543859][    T1] clocksource: jiffies: mask: 0xffffffff max_cycles: 0xffffffff, max_idle_ns: 19112604462750000 ns
[    5.550135][    T1] futex hash table entries: 512 (order: 4, 65536 bytes, linear)
[    5.637000][    T1] PM: RTC time: 21:54:13, date: 2026-05-22
[    5.662538][    T1] NET: Registered PF_NETLINK/PF_ROUTE protocol family
[    5.699935][    T1] audit: initializing netlink subsys (disabled)
[    5.716526][   T30] audit: type=2000 audit(1779486853.861:1): state=initialized audit_enabled=0 res=1
[    5.819531][    T1] thermal_sys: Registered thermal governor 'step_wise'
[    5.819568][    T1] thermal_sys: Registered thermal governor 'user_space'
[    5.834741][    T1] cpuidle: using governor menu
[    5.847293][    T1] NET: Registered PF_QIPCRTR protocol family
[    5.944914][    T1] dca service started, version 1.12.1
[    5.957525][    T1] PCI: Using configuration type 1 for base access
[    6.067904][    T1] HugeTLB: registered 1.00 GiB page size, pre-allocated 0 pages
[    6.077040][    T1] HugeTLB: 16380 KiB vmemmap can be freed for a 1.00 GiB page
[    6.080051][    T1] HugeTLB: registered 2.00 MiB page size, pre-allocated 0 pages
[    6.093420][    T1] HugeTLB: 28 KiB vmemmap can be freed for a 2.00 MiB page
[    6.288552][    T1] cryptd: max_cpu_qlen set to 1000
[    6.345709][    T1] raid6: skipped pq benchmark and selected avx2x4
[    6.347185][    T1] raid6: using avx2x2 recovery algorithm
[    6.350605][    T1] ACPI: Added _OSI(Module Device)
[    6.353730][    T1] ACPI: Added _OSI(Processor Device)
[    6.359251][    T1] ACPI: Added _OSI(3.0 _SCP Extensions)
[    6.362779][    T1] ACPI: Added _OSI(Processor Aggregator Device)
[    6.713232][    T1] ACPI: 1 ACPI AML tables successfully acquired and loaded
[    6.940426][    T1] ACPI: Interpreter enabled
[    6.951647][    T1] ACPI: PM: (supports S0 S3 S4 S5)
[    6.953963][    T1] ACPI: Using IOAPIC for interrupt routing
[    6.961376][    T1] PCI: Using host bridge windows from ACPI; if necessary, use "pci=nocrs" and report a bug
[    6.963893][    T1] PCI: Using E820 reservations for host bridge windows
[    6.979537][    T1] ACPI: Enabled 2 GPEs in block 00 to 0F
[    7.207779][    T1] ACPI: PCI Root Bridge [PCI0] (domain 0000 [bus 00-ff])
[    7.209679][    T1] acpi PNP0A03:00: _OSC: OS supports [ASPM ClockPM Segments MSI HPX-Type3]
[    7.211917][    T1] acpi PNP0A03:00: _OSC: not requesting OS control; OS requires [ExtendedConfig ASPM ClockPM MSI]
[    7.213500][    T1] acpi PNP0A03:00: fail to add MMCONFIG information, can't access extended configuration space under this bridge
[    7.219809][    T1] PCI host bridge to bus 0000:00
[    7.221884][    T1] pci_bus 0000:00: root bus resource [io  0x0000-0x0cf7 window]
[    7.223268][    T1] pci_bus 0000:00: root bus resource [io  0x0d00-0xffff window]
[    7.225193][    T1] pci_bus 0000:00: root bus resource [mem 0x000a0000-0x000bffff window]
[    7.227730][    T1] pci_bus 0000:00: root bus resource [mem 0x80000000-0xfebfffff window]
[    7.229597][    T1] pci_bus 0000:00: root bus resource [mem 0x100000000-0x17fffffff window]
[    7.231574][    T1] pci_bus 0000:00: root bus resource [bus 00-ff]
[    7.233531][    T1] pci 0000:00:00.0: [8086:1237] type 00 class 0x060000 conventional PCI endpoint
[    7.248644][    T1] pci 0000:00:01.0: [8086:7000] type 00 class 0x060100 conventional PCI endpoint
[    7.265764][    T1] pci 0000:00:01.1: [8086:7010] type 00 class 0x010180 conventional PCI endpoint
[    7.273868][    T1] pci 0000:00:01.1: BAR 4 [io  0xc000-0xc00f]
[    7.277137][    T1] pci 0000:00:01.1: BAR 0 [io  0x01f0-0x01f7]: legacy IDE quirk
[    7.281110][    T1] pci 0000:00:01.1: BAR 1 [io  0x03f6]: legacy IDE quirk
[    7.293260][    T1] pci 0000:00:01.1: BAR 2 [io  0x0170-0x0177]: legacy IDE quirk
[    7.295039][    T1] pci 0000:00:01.1: BAR 3 [io  0x0376]: legacy IDE quirk
[    7.297398][    T1] pci 0000:00:01.3: [8086:7113] type 00 class 0x068000 conventional PCI endpoint
[    7.301086][    T1] pci 0000:00:01.3: quirk: [io  0x0600-0x063f] claimed by PIIX4 ACPI
[    7.303279][    T1] pci 0000:00:01.3: quirk: [io  0x0700-0x070f] claimed by PIIX4 SMB
[    7.306091][    T1] pci 0000:00:02.0: [1234:1111] type 00 class 0x030000 conventional PCI endpoint
[    7.310118][    T1] pci 0000:00:02.0: BAR 0 [mem 0xfd000000-0xfdffffff pref]
[    7.315234][    T1] pci 0000:00:02.0: BAR 2 [mem 0xfebf0000-0xfebf0fff]
[    7.324577][    T1] pci 0000:00:02.0: ROM [mem 0xfebe0000-0xfebeffff pref]
[    7.327258][    T1] pci 0000:00:02.0: Video device with shadowed ROM at [mem 0x000c0000-0x000dffff]
[    7.344575][    T1] ACPI: PCI: Interrupt link LNKA configured for IRQ 10
[    7.348202][    T1] ACPI: PCI: Interrupt link LNKB configured for IRQ 10
[    7.351979][    T1] ACPI: PCI: Interrupt link LNKC configured for IRQ 11
[    7.354288][    T1] ACPI: PCI: Interrupt link LNKD configured for IRQ 11
[    7.356465][    T1] ACPI: PCI: Interrupt link LNKS configured for IRQ 9
[    7.366185][    T1] iommu: Default domain type: Translated
[    7.367238][    T1] iommu: DMA domain TLB invalidation policy: lazy mode
[    7.371645][    T1] SCSI subsystem initialized
[    7.383943][    T1] ACPI: bus type USB registered
[    7.385480][    T1] usbcore: registered new interface driver usbfs
[    7.387493][    T1] usbcore: registered new interface driver hub
[    7.389318][    T1] usbcore: registered new device driver usb
[    7.391606][    T1] mc: Linux media interface: v0.10
[    7.393404][    T1] videodev: Linux video capture interface: v2.00
[    7.398866][    T1] pps_core: LinuxPPS API ver. 1 registered
[    7.400447][    T1] pps_core: Software ver. 5.3.6 - Copyright 2005-2007 Rodolfo Giometti <giometti@linux.it>
[    7.403294][    T1] PTP clock support registered
[    7.407449][    T1] EDAC MC: Ver: 3.0.0
[    7.409564][    T1] Advanced Linux Sound Architecture Driver Initialized.
[    7.415976][    T1] Bluetooth: Core ver 2.22
[    7.417363][    T1] NET: Registered PF_BLUETOOTH protocol family
[    7.419178][    T1] Bluetooth: HCI device and connection manager initialized
[    7.421277][    T1] Bluetooth: HCI socket layer initialized
[    7.423276][    T1] Bluetooth: L2CAP socket layer initialized
[    7.427748][    T1] Bluetooth: SCO socket layer initialized
[    7.431070][    T1] NET: Registered PF_ATMPVC protocol family
[    7.433274][    T1] NET: Registered PF_ATMSVC protocol family
[    7.435639][    T1] NetLabel: Initializing
[    7.437100][    T1] NetLabel:  domain hash size = 128
[    7.439171][    T1] NetLabel:  protocols = UNLABELED CIPSOv4 CALIPSO
[    7.441249][    T1] NetLabel:  unlabeled traffic allowed by default
[    7.444345][    T1] nfc: nfc_init: NFC Core ver 0.1
[    7.446800][    T1] NET: Registered PF_NFC protocol family
[    7.448625][    T1] PCI: Using ACPI for IRQ routing
[    7.450796][    T1] pci 0000:00:02.0: vgaarb: setting as boot VGA device
[    7.452849][    T1] pci 0000:00:02.0: vgaarb: bridge control possible
[    7.453232][    T1] pci 0000:00:02.0: vgaarb: VGA device added: decodes=io+mem,owns=io+mem,locks=none
[    7.473295][    T1] vgaarb: loaded
[    7.475786][    T1] hpet0: at MMIO 0xfed00000, IRQs 2, 8, 0
[    7.478973][    T1] hpet0: 3 comparators, 64-bit 100.000000 MHz counter
[    7.487600][    T1] clocksource: Switched to clocksource kvm-clock
[    7.490515][    T1] VFS: Disk quotas dquot_6.6.0
[    7.491999][    T1] VFS: Dquot-cache hash table entries: 512 (order 0, 4096 bytes)
[    7.493232][    T1] netfs: FS-Cache loaded
[    7.493232][    T1] CacheFiles: Loaded
[    7.494634][    T1] TOMOYO: 2.6.0
[    7.495661][    T1] Mandatory Access Control activated.
[    7.498773][    T1] AppArmor: AppArmor Filesystem Enabled
[    7.501063][    T1] pnp: PnP ACPI init
[    7.508906][    T1] pnp: PnP ACPI: found 6 devices
[    7.565985][    T1] clocksource: acpi_pm: mask: 0xffffff max_cycles: 0xffffff, max_idle_ns: 2085701024 ns
[    7.581755][    T1] NET: Registered PF_INET protocol family
[    7.583851][    T1] IP idents hash table entries: 32768 (order: 6, 262144 bytes, linear)
[    7.589351][    T1] tcp_listen_portaddr_hash hash table entries: 1024 (order: 4, 73728 bytes, linear)
[    7.591964][    T1] Table-perturb hash table entries: 65536 (order: 6, 262144 bytes, linear)
[    7.594215][    T1] TCP established hash table entries: 16384 (order: 5, 131072 bytes, linear)
[    7.598745][    T1] TCP bind hash table entries: 16384 (order: 9, 2359296 bytes, linear)
[    7.601922][    T1] TCP: Hash tables configured (established 16384 bind 16384)
[    7.604296][    T1] MPTCP token hash table entries: 2048 (order: 5, 180224 bytes, linear)
[    7.606910][    T1] UDP hash table entries: 1024 (order: 6, 262144 bytes, linear)
[    7.609165][    T1] UDP-Lite hash table entries: 1024 (order: 6, 262144 bytes, linear)
[    7.611783][    T1] NET: Registered PF_UNIX/PF_LOCAL protocol family
[    7.634926][    T1] RPC: Registered named UNIX socket transport module.
[    7.636433][    T1] RPC: Registered udp transport module.
[    7.637668][    T1] RPC: Registered tcp transport module.
[    7.638978][    T1] RPC: Registered tcp-with-tls transport module.
[    7.640744][    T1] RPC: Registered tcp NFSv4.1 backchannel transport module.
[    7.654010][    T1] NET: Registered PF_XDP protocol family
[    7.655357][    T1] pci_bus 0000:00: resource 4 [io  0x0000-0x0cf7 window]
[    7.657023][    T1] pci_bus 0000:00: resource 5 [io  0x0d00-0xffff window]
[    7.658761][    T1] pci_bus 0000:00: resource 6 [mem 0x000a0000-0x000bffff window]
[    7.660653][    T1] pci_bus 0000:00: resource 7 [mem 0x80000000-0xfebfffff window]
[    7.662605][    T1] pci_bus 0000:00: resource 8 [mem 0x100000000-0x17fffffff window]
[    7.664929][    T1] pci 0000:00:01.0: PIIX3: Enabling Passive Release
[    7.666665][    T1] pci 0000:00:00.0: Limiting direct PCI/PCI transfers
[    7.668501][    T1] PCI: CLS 0 bytes, default 64
[    7.670026][    T1] ACPI: bus type thunderbolt registered
[    7.673505][    T1] RAPL PMU: API unit is 2^-32 Joules, 0 fixed counters, 10737418240 ms ovfl timer
[    7.681972][   T11] Trying to unpack rootfs image as initramfs...
[    7.710021][    T1] kvm_amd: CPU 1 isn't AMD or Hygon
[    7.711374][    T1] clocksource: tsc: mask: 0xffffffffffffffff max_cycles: 0x2b2c8ec87c7, max_idle_ns: 440795278598 ns
[    7.717029][    T1] AES CTR mode by8 optimization enabled
[    7.789928][   T11] Freeing initrd memory: 1336K
[    7.792556][   T63] kworker/u8:3 (63) used greatest stack depth: 28608 bytes left
[    7.796443][   T62] kworker/u8:3 (62) used greatest stack depth: 28416 bytes left
[    7.800638][   T70] kworker/u8:4 (70) used greatest stack depth: 27536 bytes left
[    9.215188][    T1] Initialise system trusted keyrings
[    9.217045][    T1] workingset: timestamp_bits=40 max_order=19 bucket_order=0
[    9.220732][    T1] DLM installed
[    9.223141][    T1] squashfs: version 4.0 (2009/01/31) Phillip Lougher
[    9.226635][    T1] NFS: Registering the id_resolver key type
[    9.228042][    T1] Key type id_resolver registered
[    9.229043][    T1] Key type id_legacy registered
[    9.230057][    T1] nfs4filelayout_init: NFSv4 File Layout Driver Registering...
[    9.231697][    T1] nfs4flexfilelayout_init: NFSv4 Flexfile Layout Driver Registering...
[    9.238546][    T1] Key type cifs.spnego registered
[    9.240456][    T1] Key type cifs.idmap registered
[    9.242728][    T1] ntfs3: Enabled Linux POSIX ACLs support
[    9.244508][    T1] ntfs3: Read-only LZX/Xpress compression included
[    9.246054][    T1] efs: 1.0a - http://aeschi.ch.eu.org/efs/
[    9.247378][    T1] jffs2: version 2.2. (NAND) (SUMMARY)  © 2001-2006 Red Hat, Inc.
[    9.249517][    T1] romfs: ROMFS MTD (C) 2007 Red Hat, Inc.
[    9.251018][    T1] QNX4 filesystem 0.2.3 registered.
[    9.252929][    T1] qnx6: QNX6 filesystem 1.0.0 registered.
[    9.254767][    T1] fuse: init (API version 7.41)
[    9.257439][    T1] orangefs_debugfs_init: called with debug mask: :none: :0:
[    9.259925][    T1] orangefs_init: module version upstream loaded
[    9.261527][    T1] JFS: nTxBlock = 8192, nTxLock = 65536
[    9.269323][    T1] SGI XFS with ACLs, security attributes, realtime, quota, no debug enabled
[    9.274484][    T1] 9p: Installing v9fs 9p2000 file system support
[    9.276512][    T1] NILFS version 2 loaded
[    9.277584][    T1] befs: version: 0.9.3
[    9.278683][    T1] ocfs2: Registered cluster interface o2cb
[    9.281132][    T1] ocfs2: Registered cluster interface user
[    9.283587][    T1] OCFS2 User DLM kernel interface loaded
[    9.288489][    T1] gfs2: GFS2 installed
[    9.293261][    T1] ceph: loaded (mds proto 32)
[    9.305978][    T1] NET: Registered PF_ALG protocol family
[    9.307839][    T1] xor: automatically using best checksumming function   avx       
[    9.310666][    T1] async_tx: api initialized (async)
[    9.312336][    T1] Key type asymmetric registered
[    9.313695][    T1] Asymmetric key parser 'x509' registered
[    9.315219][    T1] Asymmetric key parser 'pkcs8' registered
[    9.316647][    T1] Key type pkcs7_test registered
[    9.318184][    T1] Block layer SCSI generic (bsg) driver version 0.4 loaded (major 238)
[    9.320760][    T1] io scheduler mq-deadline registered
[    9.322155][    T1] io scheduler kyber registered
[    9.323790][    T1] io scheduler bfq registered
[    9.333152][    T1] input: Power Button as /devices/LNXSYSTM:00/LNXPWRBN:00/input/input0
[    9.339824][    T1] ACPI: button: Power Button [PWRF]
[    9.343253][  T156] kworker/u8:1 (156) used greatest stack depth: 27288 bytes left
[    9.356624][    T1] ioatdma: Intel(R) QuickData Technology Driver 5.00
[    9.421823][  T441] kworker/u8:2 (441) used greatest stack depth: 27216 bytes left
[    9.486862][    T1] N_HDLC line discipline registered with maxframe=4096
[    9.489228][    T1] Serial: 8250/16550 driver, 4 ports, IRQ sharing enabled
[    9.493173][    T1] 00:04: ttyS0 at I/O 0x3f8 (irq = 4, base_baud = 115200) is a 16550A
[    9.503114][    T1] Non-volatile memory driver v1.3
[    9.505717][    T1] Linux agpgart interface v0.103
[    9.508241][    T1] usbcore: registered new interface driver xillyusb
[    9.515400][    T1] ACPI: bus type drm_connector registered
[    9.518724][    T1] [drm] Initialized vgem 1.0.0 for vgem on minor 0
[    9.524139][    T1] [drm] Initialized vkms 1.0.0 for vkms on minor 1
[    9.574110][    T1] Console: switching to colour frame buffer device 128x48
[    9.592196][    T1] platform vkms: [drm] fb0: vkmsdrmfb frame buffer device
[    9.593906][    T1] usbcore: registered new interface driver udl
[    9.595645][    T1] bochs-drm 0000:00:02.0: vgaarb: deactivate vga console
[    9.599166][    T1] [drm] Found bochs VGA, ID 0xb0c5.
[    9.600821][    T1] [drm] Framebuffer size 16384 kB @ 0xfd000000, mmio @ 0xfebf0000.
[    9.604208][    T1] [drm] Initialized bochs-drm 1.0.0 for 0000:00:02.0 on minor 2
[    9.616163][    T1] fbcon: bochs-drmdrmfb (fb1) is primary device
[    9.616172][    T1] fbcon: Remapping primary device, fb1, to tty 1-63
[   10.054664][    T1] bochs-drm 0000:00:02.0: [drm] fb1: bochs-drmdrmfb frame buffer device
[   10.057311][    T1] usbcore: registered new interface driver gm12u320
[   10.059256][    T1] usbcore: registered new interface driver gud
[   10.078983][    T1] brd: module loaded
[   10.103996][    T1] loop: module loaded
[   10.141784][    T1] zram: Added device: zram0
[   10.146900][    T1] null_blk: disk nullb0 created
[   10.148765][    T1] null_blk: module loaded
[   10.151115][    T1] Guest personality initialized and is inactive
[   10.153641][    T1] VMCI host device registered (name=vmci, major=10, minor=118)
[   10.155690][    T1] Initialized host personality
[   10.156811][    T1] usbcore: registered new interface driver rtsx_usb
[   10.158667][    T1] usbcore: registered new interface driver viperboard
[   10.158906][  T910] kworker/u8:2 (910) used greatest stack depth: 27104 bytes left
[   10.160419][    T1] usbcore: registered new interface driver dln2
[   10.163771][    T1] usbcore: registered new interface driver pn533_usb
[   10.166720][    T1] nfcsim 0.2 initialized
[   10.167985][    T1] usbcore: registered new interface driver port100
[   10.170291][    T1] usbcore: registered new interface driver nfcmrvl
[   10.174230][    T1] Loading iSCSI transport class v2.0-870.
[   10.187316][    T1] st: Version 20160209, fixed bufsize 32768, s/g segs 256
[   10.227293][    T1] scsi host0: ata_piix
[   10.239926][    T1] scsi host1: ata_piix
[   10.241055][    T1] ata1: PATA max MWDMA2 cmd 0x1f0 ctl 0x3f6 bmdma 0xc000 irq 14 lpm-pol 0
[   10.243606][    T1] ata2: PATA max MWDMA2 cmd 0x170 ctl 0x376 bmdma 0xc008 irq 15 lpm-pol 0
[   10.247946][    T1] Rounding down aligned max_sectors from 4294967295 to 4294967288
[   10.250497][    T1] db_root: cannot open: /etc/target
[   10.252125][    T1] slram: not enough parameters.
[   10.255118][    T1] ftl_cs: FTL header not found.
[   10.264040][    T1] wireguard: WireGuard 1.0.0 loaded. See www.wireguard.com for information.
[   10.266021][    T1] wireguard: Copyright (C) 2015-2019 Jason A. Donenfeld <Jason@zx2c4.com>. All Rights Reserved.
[   10.268485][    T1] eql: Equalizer2002: Simon Janes (simon@ncm.com) and David S. Miller (davem@redhat.com)
[   10.273390][    T1] MACsec IEEE 802.1AE
[   10.277045][    T1] usbcore: registered new interface driver mvusb_mdio
[   10.280298][    T1] tun: Universal TUN/TAP device driver, 1.6
[   10.282494][    T1] vcan: Virtual CAN interface driver
[   10.284052][    T1] vxcan: Virtual CAN Tunnel driver
[   10.285787][    T1] slcan: serial line CAN interface driver
[   10.287580][    T1] CAN device driver interface
[   10.289188][    T1] usbcore: registered new interface driver usb_8dev
[   10.292042][    T1] usbcore: registered new interface driver ems_usb
[   10.293911][    T1] usbcore: registered new interface driver esd_usb
[   10.296023][    T1] usbcore: registered new interface driver etas_es58x
[   10.298290][    T1] usbcore: registered new interface driver f81604
[   10.300042][    T1] usbcore: registered new interface driver gs_usb
[   10.301819][    T1] usbcore: registered new interface driver kvaser_usb
[   10.303667][    T1] usbcore: registered new interface driver mcba_usb
[   10.307371][    T1] usbcore: registered new interface driver peak_usb
[   10.309621][    T1] usbcore: registered new interface driver ucan
[   10.311818][    T1] e100: Intel(R) PRO/100 Network Driver
[   10.313965][    T1] e100: Copyright(c) 1999-2006 Intel Corporation
[   10.316088][    T1] e1000: Intel(R) PRO/1000 Network Driver
[   10.317484][    T1] e1000: Copyright (c) 1999-2006 Intel Corporation.
[   10.319325][    T1] e1000e: Intel(R) PRO/1000 Network Driver
[   10.320866][    T1] e1000e: Copyright(c) 1999 - 2015 Intel Corporation.
[   10.334548][    T1] mkiss: AX.25 Multikiss, Hans Albas PE1AYX
[   10.358164][    T1] AX.25: bpqether driver version 004
[   10.386330][    T1] PPP generic driver version 2.4.2
[   10.434721][    T1] PPP BSD Compression module registered
[   10.436983][ T1005] ata2: found unknown device (class 0)
[   10.454581][    T1] PPP Deflate Compression module registered
[   10.463794][    C1] vkms_vblank_simulate: vblank timer overrun
[   10.501017][ T1005] ata2.00: ATAPI: QEMU DVD-ROM, 2.5+, max UDMA/100
[   10.513998][    T1] PPP MPPE Compression module registered
[   10.514065][    T1] NET: Registered PF_PPPOX protocol family
[   10.514402][    T1] PPTP driver version 0.8.5
[   10.603955][    T1] SLIP: version 0.8.4-NET3.019-NEWTTY (dynamic channels, max=256) (6 bit encapsulation enabled).
[   10.643595][   T13] scsi 1:0:0:0: CD-ROM            QEMU     QEMU DVD-ROM     2.5+ PQ: 0 ANSI: 5
[   10.648213][    T1] CSLIP: code copyright 1989 Regents of the University of California.
[   10.681606][    C1] vkms_vblank_simulate: vblank timer overrun
[   10.751693][    T1] SLIP linefill/keepalive option.
[   10.767213][    T1] hdlc: HDLC support module revision 1.22
[   10.789246][    T1] LAPB Ethernet driver version 0.02
[   10.816153][    T1] usbcore: registered new interface driver ath9k_htc
[   10.871229][    T1] usbcore: registered new interface driver carl9170
[   10.882877][    C1] vkms_vblank_simulate: vblank timer overrun
[   10.923854][    T1] usbcore: registered new interface driver ath6kl_usb
[   10.947623][    T1] usbcore: registered new interface driver ar5523
[   10.975069][    T1] usbcore: registered new interface driver ath10k_usb
[   11.022821][    T1] usbcore: registered new interface driver plfxlc
[   11.043821][    T1] mac80211_hwsim: initializing netlink
[   11.121337][   T13] sr 1:0:0:0: [sr0] scsi3-mmc drive: 4x/4x cd/rw xa/form2 tray
[   11.162886][    C1] vkms_vblank_simulate: vblank timer overrun
[   11.164174][   T13] cdrom: Uniform CD-ROM driver Revision: 3.20
[   11.300363][    T1] usbcore: registered new interface driver atusb
[   11.337284][   T13] sr 1:0:0:0: Attached scsi generic sg0 type 5
[   11.338597][    T1] mac802154_hwsim mac802154_hwsim: Added 2 mac802154 hwsim hardware radios
[   11.341142][    T1] VMware vmxnet3 virtual NIC driver - version 1.9.0.0-k-NAPI
[   11.343107][    T1] usbcore: registered new interface driver catc
[   11.344811][    T1] usbcore: registered new interface driver kaweth
[   11.348827][    T1] pegasus: Pegasus/Pegasus II USB Ethernet driver
[   11.350552][    T1] usbcore: registered new interface driver pegasus
[   11.352221][    T1] usbcore: registered new interface driver rtl8150
[   11.355019][    T1] usbcore: registered new device driver r8152-cfgselector
[   11.356707][    T1] usbcore: registered new interface driver r8152
[   11.358223][    T1] usbcore: registered new interface driver hso
[   11.360116][    T1] usbcore: registered new interface driver lan78xx
[   11.361718][    T1] usbcore: registered new interface driver asix
[   11.363322][    T1] usbcore: registered new interface driver ax88179_178a
[   11.364958][    T1] usbcore: registered new interface driver cdc_ether
[   11.366914][    T1] usbcore: registered new interface driver cdc_eem
[   11.368443][    T1] usbcore: registered new interface driver dm9601
[   11.369980][    T1] usbcore: registered new interface driver sr9700
[   11.371487][    T1] usbcore: registered new interface driver CoreChips
[   11.374222][    T1] usbcore: registered new interface driver smsc75xx
[   11.375737][    T1] usbcore: registered new interface driver smsc95xx
[   11.377391][    T1] usbcore: registered new interface driver gl620a
[   11.379346][    T1] usbcore: registered new interface driver net1080
[   11.381089][    T1] usbcore: registered new interface driver plusb
[   11.382714][    T1] usbcore: registered new interface driver rndis_host
[   11.384304][    T1] usbcore: registered new interface driver cdc_subset
[   11.386026][    T1] usbcore: registered new interface driver zaurus
[   11.387638][    T1] usbcore: registered new interface driver MOSCHIP usb-ethernet driver
[   11.389597][    T1] usbcore: registered new interface driver int51x1
[   11.391268][    T1] usbcore: registered new interface driver cdc_phonet
[   11.392986][    T1] usbcore: registered new interface driver kalmia
[   11.394731][    T1] usbcore: registered new interface driver ipheth
[   11.396533][    T1] usbcore: registered new interface driver sierra_net
[   11.398302][    T1] usbcore: registered new interface driver cx82310_eth
[   11.400105][    T1] usbcore: registered new interface driver cdc_ncm
[   11.401820][    T1] usbcore: registered new interface driver huawei_cdc_ncm
[   11.403629][    T1] usbcore: registered new interface driver lg-vl600
[   11.405384][    T1] usbcore: registered new interface driver qmi_wwan
[   11.407090][    T1] usbcore: registered new interface driver cdc_mbim
[   11.408622][    T1] usbcore: registered new interface driver ch9200
[   11.410274][    T1] usbcore: registered new interface driver aqc111
[   11.411967][    T1] usbcore: registered new interface driver r8153_ecm
[   11.416725][    T1] VFIO - User Level meta-driver version: 0.3
[   11.421088][    T1] aoe: AoE v85 initialised.
[   11.427250][    T1] SPI driver max3421-hcd has no spi_device_id for maxim,max3421
[   11.429446][    T1] usbcore: registered new interface driver cdc_acm
[   11.430969][    T1] cdc_acm: USB Abstract Control Model driver for USB modems and ISDN adapters
[   11.433236][    T1] usbcore: registered new interface driver usblp
[   11.434819][    T1] usbcore: registered new interface driver cdc_wdm
[   11.436483][    T1] usbcore: registered new interface driver usbtmc
[   11.438206][    T1] usbcore: registered new interface driver uas
[   11.439834][    T1] usbcore: registered new interface driver usb-storage
[   11.441500][    T1] usbcore: registered new interface driver ums-alauda
[   11.443250][    T1] usbcore: registered new interface driver ums-cypress
[   11.444902][    T1] usbcore: registered new interface driver ums-datafab
[   11.446613][    T1] usbcore: registered new interface driver ums_eneub6250
[   11.448344][    T1] usbcore: registered new interface driver ums-freecom
[   11.450219][    T1] usbcore: registered new interface driver ums-isd200
[   11.451809][    T1] usbcore: registered new interface driver ums-jumpshot
[   11.453544][    T1] usbcore: registered new interface driver ums-karma
[   11.455253][    T1] usbcore: registered new interface driver ums-onetouch
[   11.458356][    T1] usbcore: registered new interface driver ums-realtek
[   11.460431][    T1] usbcore: registered new interface driver ums-sddr09
[   11.462053][    T1] usbcore: registered new interface driver ums-sddr55
[   11.463780][    T1] usbcore: registered new interface driver ums-usbat
[   11.467808][    T1] usbcore: registered new interface driver mdc800
[   11.469282][    T1] mdc800: v0.7.5 (30/10/2000):USB Driver for Mustek MDC800 Digital Camera
[   11.471741][    T1] usbcore: registered new interface driver microtekX6
[   11.473795][    T1] usbcore: registered new interface driver usbserial_generic
[   11.475915][    T1] usbserial: USB Serial support registered for generic
[   11.477727][    T1] usbcore: registered new interface driver aircable
[   11.481986][    T1] usbserial: USB Serial support registered for aircable
[   11.483633][    T1] usbcore: registered new interface driver ark3116
[   11.487282][    T1] usbserial: USB Serial support registered for ark3116
[   11.488988][    T1] usbcore: registered new interface driver belkin_sa
[   11.490766][    T1] usbserial: USB Serial support registered for Belkin / Peracom / GoHubs USB Serial Adapter
[   11.493412][    T1] usbcore: registered new interface driver ch341
[   11.497279][    T1] usbserial: USB Serial support registered for ch341-uart
[   11.499222][    T1] usbcore: registered new interface driver cp210x
[   11.500931][    T1] usbserial: USB Serial support registered for cp210x
[   11.502651][    T1] usbcore: registered new interface driver cyberjack
[   11.504386][    T1] usbserial: USB Serial support registered for Reiner SCT Cyberjack USB card reader
[   11.506814][    T1] usbcore: registered new interface driver cypress_m8
[   11.508580][    T1] usbserial: USB Serial support registered for DeLorme Earthmate USB
[   11.510754][    T1] usbserial: USB Serial support registered for HID->COM RS232 Adapter
[   11.513427][    T1] usbserial: USB Serial support registered for Nokia CA-42 V2 Adapter
[   11.515769][    T1] usbcore: registered new interface driver usb_debug
[   11.517550][    T1] usbserial: USB Serial support registered for debug
[   11.519422][    T1] usbserial: USB Serial support registered for xhci_dbc
[   11.521330][    T1] usbcore: registered new interface driver digi_acceleport
[   11.523349][    T1] usbserial: USB Serial support registered for Digi 2 port USB adapter
[   11.525546][    T1] usbserial: USB Serial support registered for Digi 4 port USB adapter
[   11.527820][    T1] usbcore: registered new interface driver io_edgeport
[   11.530293][    T1] usbserial: USB Serial support registered for Edgeport 2 port adapter
[   11.532614][    T1] usbserial: USB Serial support registered for Edgeport 4 port adapter
[   11.534883][    T1] usbserial: USB Serial support registered for Edgeport 8 port adapter
[   11.537072][    T1] usbserial: USB Serial support registered for EPiC device
[   11.539031][    T1] usbcore: registered new interface driver io_ti
[   11.541350][    T1] usbserial: USB Serial support registered for Edgeport TI 1 port adapter
[   11.543794][    T1] usbserial: USB Serial support registered for Edgeport TI 2 port adapter
[   11.546249][    T1] usbcore: registered new interface driver empeg
[   11.548040][    T1] usbserial: USB Serial support registered for empeg
[   11.550070][    T1] usbcore: registered new interface driver f81534a_ctrl
[   11.552077][    T1] usbcore: registered new interface driver f81232
[   11.553856][    T1] usbserial: USB Serial support registered for f81232
[   11.555735][    T1] usbserial: USB Serial support registered for f81534a
[   11.557638][    T1] usbcore: registered new interface driver f81534
[   11.559454][    T1] usbserial: USB Serial support registered for Fintek F81532/F81534
[   11.561762][    T1] usbcore: registered new interface driver ftdi_sio
[   11.563713][    T1] usbserial: USB Serial support registered for FTDI USB Serial Device
[   11.566137][    T1] usbcore: registered new interface driver garmin_gps
[   11.568029][    T1] usbserial: USB Serial support registered for Garmin GPS usb/tty
[   11.570356][    T1] usbcore: registered new interface driver ipaq
[   11.572193][    T1] usbserial: USB Serial support registered for PocketPC PDA
[   11.574165][    T1] usbcore: registered new interface driver ipw
[   11.576143][    T1] usbserial: USB Serial support registered for IPWireless converter
[   11.578928][    T1] usbcore: registered new interface driver ir_usb
[   11.580824][    T1] usbserial: USB Serial support registered for IR Dongle
[   11.582802][    T1] usbcore: registered new interface driver iuu_phoenix
[   11.585747][    T1] usbserial: USB Serial support registered for iuu_phoenix
[   11.587852][    T1] usbcore: registered new interface driver keyspan
[   11.589743][    T1] usbserial: USB Serial support registered for Keyspan - (without firmware)
[   11.592910][    T1] usbserial: USB Serial support registered for Keyspan 1 port adapter
[   11.595193][    T1] usbserial: USB Serial support registered for Keyspan 2 port adapter
[   11.597427][    T1] usbserial: USB Serial support registered for Keyspan 4 port adapter
[   11.599859][    T1] usbcore: registered new interface driver keyspan_pda
[   11.601866][    T1] usbserial: USB Serial support registered for Keyspan PDA
[   11.603974][    T1] usbserial: USB Serial support registered for Keyspan PDA - (prerenumeration)
[   11.606718][    T1] usbcore: registered new interface driver kl5kusb105
[   11.608633][    T1] usbserial: USB Serial support registered for KL5KUSB105D / PalmConnect
[   11.611007][    T1] usbcore: registered new interface driver kobil_sct
[   11.612888][    T1] usbserial: USB Serial support registered for KOBIL USB smart card terminal
[   11.615569][    T1] usbcore: registered new interface driver mct_u232
[   11.617556][    T1] usbserial: USB Serial support registered for MCT U232
[   11.619774][    T1] usbcore: registered new interface driver metro_usb
[   11.621793][    T1] usbserial: USB Serial support registered for Metrologic USB to Serial
[   11.624171][    T1] usbcore: registered new interface driver mos7720
[   11.626037][    T1] usbserial: USB Serial support registered for Moschip 2 port adapter
[   11.628464][    T1] usbcore: registered new interface driver mos7840
[   11.630521][    T1] usbserial: USB Serial support registered for Moschip 7840/7820 USB Serial Driver
[   11.633169][    T1] usbcore: registered new interface driver mxuport
[   11.635111][    T1] usbserial: USB Serial support registered for MOXA UPort
[   11.637517][    T1] usbcore: registered new interface driver navman
[   11.639451][    T1] usbserial: USB Serial support registered for navman
[   11.641429][    T1] usbcore: registered new interface driver omninet
[   11.643287][    T1] usbserial: USB Serial support registered for ZyXEL - omni.net usb
[   11.648431][    T1] usbcore: registered new interface driver opticon
[   11.650258][    T1] usbserial: USB Serial support registered for opticon
[   11.652161][    T1] usbcore: registered new interface driver option
[   11.653951][    T1] usbserial: USB Serial support registered for GSM modem (1-port)
[   11.656258][    T1] usbcore: registered new interface driver oti6858
[   11.658044][    T1] usbserial: USB Serial support registered for oti6858
[   11.660072][    T1] usbcore: registered new interface driver pl2303
[   11.661941][    T1] usbserial: USB Serial support registered for pl2303
[   11.663821][    T1] usbcore: registered new interface driver qcaux
[   11.665644][    T1] usbserial: USB Serial support registered for qcaux
[   11.668501][    T1] usbcore: registered new interface driver qcserial
[   11.670481][    T1] usbserial: USB Serial support registered for Qualcomm USB modem
[   11.672961][    T1] usbcore: registered new interface driver quatech2
[   11.674977][    T1] usbserial: USB Serial support registered for Quatech 2nd gen USB to Serial Driver
[   11.677682][    T1] usbcore: registered new interface driver safe_serial
[   11.679528][    T1] usbserial: USB Serial support registered for safe_serial
[   11.681573][    T1] usbcore: registered new interface driver sierra
[   11.683470][    T1] usbserial: USB Serial support registered for Sierra USB modem
[   11.685799][    T1] usbcore: registered new interface driver usb_serial_simple
[   11.688244][    T1] usbserial: USB Serial support registered for carelink
[   11.690823][    T1] usbserial: USB Serial support registered for flashloader
[   11.696566][    T1] usbserial: USB Serial support registered for funsoft
[   11.698650][    T1] usbserial: USB Serial support registered for google
[   11.700679][    T1] usbserial: USB Serial support registered for hp4x
[   11.703213][    T1] usbserial: USB Serial support registered for kaufmann
[   11.705220][    T1] usbserial: USB Serial support registered for libtransistor
[   11.707427][    T1] usbserial: USB Serial support registered for moto_modem
[   11.710519][    T1] usbserial: USB Serial support registered for motorola_tetra
[   11.712670][    T1] usbserial: USB Serial support registered for nokia
[   11.714610][    T1] usbserial: USB Serial support registered for novatel_gps
[   11.716681][    T1] usbserial: USB Serial support registered for siemens_mpi
[   11.718686][    T1] usbserial: USB Serial support registered for suunto
[   11.720714][    T1] usbserial: USB Serial support registered for vivopay
[   11.722691][    T1] usbserial: USB Serial support registered for zio
[   11.725199][    T1] usbcore: registered new interface driver spcp8x5
[   11.727452][    T1] usbserial: USB Serial support registered for SPCP8x5
[   11.729557][    T1] usbcore: registered new interface driver ssu100
[   11.731471][    T1] usbserial: USB Serial support registered for Quatech SSU-100 USB to Serial Driver
[   11.734141][    T1] usbcore: registered new interface driver symbolserial
[   11.736071][    T1] usbserial: USB Serial support registered for symbol
[   11.738118][    T1] usbcore: registered new interface driver ti_usb_3410_5052
[   11.740303][    T1] usbserial: USB Serial support registered for TI USB 3410 1 port adapter
[   11.743008][    T1] usbserial: USB Serial support registered for TI USB 5052 2 port adapter
[   11.745649][    T1] usbcore: registered new interface driver upd78f0730
[   11.747850][    T1] usbserial: USB Serial support registered for upd78f0730
[   11.750165][    T1] usbcore: registered new interface driver visor
[   11.752041][    T1] usbserial: USB Serial support registered for Handspring Visor / Palm OS
[   11.754479][    T1] usbserial: USB Serial support registered for Sony Clie 5.0
[   11.756650][    T1] usbserial: USB Serial support registered for Sony Clie 3.5
[   11.758800][    T1] usbcore: registered new interface driver wishbone_serial
[   11.760901][    T1] usbserial: USB Serial support registered for wishbone_serial
[   11.763422][    T1] usbcore: registered new interface driver whiteheat
[   11.765484][    T1] usbserial: USB Serial support registered for Connect Tech - WhiteHEAT - (prerenumeration)
[   11.768451][    T1] usbserial: USB Serial support registered for Connect Tech - WhiteHEAT
[   11.771128][    T1] usbcore: registered new interface driver xr_serial
[   11.773135][    T1] usbserial: USB Serial support registered for xr_serial
[   11.775181][    T1] usbcore: registered new interface driver xsens_mt
[   11.777162][    T1] usbserial: USB Serial support registered for xsens_mt
[   11.779588][    T1] usbcore: registered new interface driver adutux
[   11.781510][    T1] usbcore: registered new interface driver appledisplay
[   11.783689][    T1] usbcore: registered new interface driver cypress_cy7c63
[   11.785791][    T1] usbcore: registered new interface driver cytherm
[   11.788694][    T1] usbcore: registered new interface driver emi26 - firmware loader
[   11.791425][    T1] usbcore: registered new interface driver emi62 - firmware loader
[   11.793745][    T1] usbcore: registered new device driver apple-mfi-fastcharge
[   11.795892][    T1] usbcore: registered new interface driver ljca
[   11.797729][    T1] usbcore: registered new interface driver idmouse
[   11.799923][    T1] usbcore: registered new interface driver iowarrior
[   11.802015][    T1] usbcore: registered new interface driver isight_firmware
[   11.804488][    T1] usbcore: registered new interface driver usblcd
[   11.806522][    T1] usbcore: registered new interface driver ldusb
[   11.808573][    T1] usbcore: registered new interface driver legousbtower
[   11.810641][    T1] usbcore: registered new interface driver usbtest
[   11.812481][    T1] usbcore: registered new interface driver usb_ehset_test
[   11.814500][    T1] usbcore: registered new interface driver trancevibrator
[   11.816738][    T1] usbcore: registered new interface driver uss720
[   11.819131][    T1] uss720: USB Parport Cable driver for Cables using the Lucent Technologies USS720 Chip
[   11.823419][    T1] uss720: NOTE: this is a special purpose driver to allow nonstandard
[   11.825849][    T1] uss720: protocols (eg. bitbang) over USS720 usb to parallel cables
[   11.828089][    T1] uss720: If you just want to connect to a printer, use usblp instead
[   11.830669][    T1] usbcore: registered new interface driver usbsevseg
[   11.832744][    T1] usbcore: registered new interface driver yurex
[   11.835597][    T1] usbcore: registered new interface driver chaoskey
[   11.838287][    T1] usbcore: registered new interface driver sisusb
[   11.840548][    T1] usbcore: registered new interface driver lvs
[   11.842554][    T1] usbcore: registered new interface driver cxacru
[   11.844511][    T1] usbcore: registered new interface driver speedtch
[   11.846470][    T1] usbcore: registered new interface driver ueagle-atm
[   11.848278][    T1] xusbatm: malformed module parameters
[   11.850656][    T1] dummy_hcd dummy_hcd.0: USB Host+Gadget Emulator, driver 02 May 2005
[   11.853811][    T1] dummy_hcd dummy_hcd.0: Dummy host controller
[   11.856540][    T1] dummy_hcd dummy_hcd.0: new USB bus registered, assigned bus number 1
[   11.860085][    T1] usb usb1: New USB device found, idVendor=1d6b, idProduct=0002, bcdDevice= 6.13
[   11.865262][    T1] usb usb1: New USB device strings: Mfr=3, Product=2, SerialNumber=1
[   11.867469][    T1] usb usb1: Product: Dummy host controller
[   11.869057][    T1] usb usb1: Manufacturer: Linux 6.13.0-rc5-g56e6a3499e14-dirty dummy_hcd
[   11.871418][    T1] usb usb1: SerialNumber: dummy_hcd.0
[   11.874830][    T1] hub 1-0:1.0: USB hub found
[   11.876386][    T1] hub 1-0:1.0: 1 port detected
[   11.881232][    T1] SPI driver max3420-udc has no spi_device_id for maxim,max3421-udc
[   11.883967][    T1] gadgetfs: USB Gadget filesystem, version 24 Aug 2004
[   11.896963][    T1] vhci_hcd vhci_hcd.0: USB/IP Virtual Host Controller
[   11.899932][    T1] vhci_hcd vhci_hcd.0: new USB bus registered, assigned bus number 2
[   11.902092][    T1] vhci_hcd: created sysfs vhci_hcd.0
[   11.903825][    T1] usb usb2: New USB device found, idVendor=1d6b, idProduct=0002, bcdDevice= 6.13
[   11.906066][    T1] usb usb2: New USB device strings: Mfr=3, Product=2, SerialNumber=1
[   11.908254][    T1] usb usb2: Product: USB/IP Virtual Host Controller
[   11.909953][    T1] usb usb2: Manufacturer: Linux 6.13.0-rc5-g56e6a3499e14-dirty vhci_hcd
[   11.912054][    T1] usb usb2: SerialNumber: vhci_hcd.0
[   11.914387][    T1] hub 2-0:1.0: USB hub found
[   11.915677][    T1] hub 2-0:1.0: 8 ports detected
[   11.919132][    T1] vhci_hcd vhci_hcd.0: USB/IP Virtual Host Controller
[   11.921793][    T1] vhci_hcd vhci_hcd.0: new USB bus registered, assigned bus number 3
[   11.923888][    T1] usb usb3: We don't know the algorithms for LPM for this host, disabling LPM.
[   11.926355][    T1] usb usb3: New USB device found, idVendor=1d6b, idProduct=0003, bcdDevice= 6.13
[   11.929629][    T1] usb usb3: New USB device strings: Mfr=3, Product=2, SerialNumber=1
[   11.932561][    T1] usb usb3: Product: USB/IP Virtual Host Controller
[   11.934292][    T1] usb usb3: Manufacturer: Linux 6.13.0-rc5-g56e6a3499e14-dirty vhci_hcd
[   11.938250][    T1] usb usb3: SerialNumber: vhci_hcd.0
[   11.942045][    T1] hub 3-0:1.0: USB hub found
[   11.943467][    T1] hub 3-0:1.0: 8 ports detected
[   11.948342][    T1] vhci_hcd vhci_hcd.1: USB/IP Virtual Host Controller
[   11.952602][    T1] vhci_hcd vhci_hcd.1: new USB bus registered, assigned bus number 4
[   11.956853][    T1] usb usb4: New USB device found, idVendor=1d6b, idProduct=0002, bcdDevice= 6.13
[   11.959523][    T1] usb usb4: New USB device strings: Mfr=3, Product=2, SerialNumber=1
[   11.961682][    T1] usb usb4: Product: USB/IP Virtual Host Controller
[   11.963496][    T1] usb usb4: Manufacturer: Linux 6.13.0-rc5-g56e6a3499e14-dirty vhci_hcd
[   11.965824][    T1] usb usb4: SerialNumber: vhci_hcd.1
[   11.969342][    T1] hub 4-0:1.0: USB hub found
[   11.970948][    T1] hub 4-0:1.0: 8 ports detected
[   11.974746][    T1] vhci_hcd vhci_hcd.1: USB/IP Virtual Host Controller
[   11.977081][    T1] vhci_hcd vhci_hcd.1: new USB bus registered, assigned bus number 5
[   11.979543][    T1] usb usb5: We don't know the algorithms for LPM for this host, disabling LPM.
[   11.982358][    T1] usb usb5: New USB device found, idVendor=1d6b, idProduct=0003, bcdDevice= 6.13
[   11.984910][    T1] usb usb5: New USB device strings: Mfr=3, Product=2, SerialNumber=1
[   11.986984][    T1] usb usb5: Product: USB/IP Virtual Host Controller
[   11.989031][    T1] usb usb5: Manufacturer: Linux 6.13.0-rc5-g56e6a3499e14-dirty vhci_hcd
[   11.991358][    T1] usb usb5: SerialNumber: vhci_hcd.1
[   11.994001][    T1] hub 5-0:1.0: USB hub found
[   11.995407][    T1] hub 5-0:1.0: 8 ports detected
[   12.000039][    T1] vhci_hcd vhci_hcd.2: USB/IP Virtual Host Controller
[   12.002403][    T1] vhci_hcd vhci_hcd.2: new USB bus registered, assigned bus number 6
[   12.004874][    T1] usb usb6: New USB device found, idVendor=1d6b, idProduct=0002, bcdDevice= 6.13
[   12.007336][    T1] usb usb6: New USB device strings: Mfr=3, Product=2, SerialNumber=1
[   12.009901][    T1] usb usb6: Product: USB/IP Virtual Host Controller
[   12.011728][    T1] usb usb6: Manufacturer: Linux 6.13.0-rc5-g56e6a3499e14-dirty vhci_hcd
[   12.013493][    T1] usb usb6: SerialNumber: vhci_hcd.2
[   12.015823][    T1] hub 6-0:1.0: USB hub found
[   12.017146][    T1] hub 6-0:1.0: 8 ports detected
[   12.021104][    T1] vhci_hcd vhci_hcd.2: USB/IP Virtual Host Controller
[   12.023702][    T1] vhci_hcd vhci_hcd.2: new USB bus registered, assigned bus number 7
[   12.026145][    T1] usb usb7: We don't know the algorithms for LPM for this host, disabling LPM.
[   12.028923][    T1] usb usb7: New USB device found, idVendor=1d6b, idProduct=0003, bcdDevice= 6.13
[   12.031704][    T1] usb usb7: New USB device strings: Mfr=3, Product=2, SerialNumber=1
[   12.033878][    T1] usb usb7: Product: USB/IP Virtual Host Controller
[   12.035628][    T1] usb usb7: Manufacturer: Linux 6.13.0-rc5-g56e6a3499e14-dirty vhci_hcd
[   12.037885][    T1] usb usb7: SerialNumber: vhci_hcd.2
[   12.040423][    T1] hub 7-0:1.0: USB hub found
[   12.041777][    T1] hub 7-0:1.0: 8 ports detected
[   12.045981][    T1] vhci_hcd vhci_hcd.3: USB/IP Virtual Host Controller
[   12.049166][    T1] vhci_hcd vhci_hcd.3: new USB bus registered, assigned bus number 8
[   12.051916][    T1] usb usb8: New USB device found, idVendor=1d6b, idProduct=0002, bcdDevice= 6.13
[   12.054374][    T1] usb usb8: New USB device strings: Mfr=3, Product=2, SerialNumber=1
[   12.057271][    T1] usb usb8: Product: USB/IP Virtual Host Controller
[   12.059533][    T1] usb usb8: Manufacturer: Linux 6.13.0-rc5-g56e6a3499e14-dirty vhci_hcd
[   12.064077][    T1] usb usb8: SerialNumber: vhci_hcd.3
[   12.067081][    T1] hub 8-0:1.0: USB hub found
[   12.068401][    T1] hub 8-0:1.0: 8 ports detected
[   12.073131][    T1] vhci_hcd vhci_hcd.3: USB/IP Virtual Host Controller
[   12.075629][    T1] vhci_hcd vhci_hcd.3: new USB bus registered, assigned bus number 9
[   12.078034][    T1] usb usb9: We don't know the algorithms for LPM for this host, disabling LPM.
[   12.081243][    T1] usb usb9: New USB device found, idVendor=1d6b, idProduct=0003, bcdDevice= 6.13
[   12.083824][    T1] usb usb9: New USB device strings: Mfr=3, Product=2, SerialNumber=1
[   12.085775][    T1] usb usb9: Product: USB/IP Virtual Host Controller
[   12.087472][    T1] usb usb9: Manufacturer: Linux 6.13.0-rc5-g56e6a3499e14-dirty vhci_hcd
[   12.089892][    T1] usb usb9: SerialNumber: vhci_hcd.3
[   12.092944][    T1] hub 9-0:1.0: USB hub found
[   12.094432][    T1] hub 9-0:1.0: 8 ports detected
[   12.098524][    T1] vhci_hcd vhci_hcd.4: USB/IP Virtual Host Controller
[   12.102561][    T1] vhci_hcd vhci_hcd.4: new USB bus registered, assigned bus number 10
[   12.105460][    T1] usb usb10: New USB device found, idVendor=1d6b, idProduct=0002, bcdDevice= 6.13
[   12.107793][    T1] usb usb10: New USB device strings: Mfr=3, Product=2, SerialNumber=1
[   12.110096][    T1] usb usb10: Product: USB/IP Virtual Host Controller
[   12.111699][    T1] usb usb10: Manufacturer: Linux 6.13.0-rc5-g56e6a3499e14-dirty vhci_hcd
[   12.113570][    T1] usb usb10: SerialNumber: vhci_hcd.4
[   12.117475][    T1] hub 10-0:1.0: USB hub found
[   12.118886][    T1] hub 10-0:1.0: 8 ports detected
[   12.122971][    T1] vhci_hcd vhci_hcd.4: USB/IP Virtual Host Controller
[   12.125386][    T1] vhci_hcd vhci_hcd.4: new USB bus registered, assigned bus number 11
[   12.127750][    T1] usb usb11: We don't know the algorithms for LPM for this host, disabling LPM.
[   12.130636][    T1] usb usb11: New USB device found, idVendor=1d6b, idProduct=0003, bcdDevice= 6.13
[   12.133175][    T1] usb usb11: New USB device strings: Mfr=3, Product=2, SerialNumber=1
[   12.135436][    T1] usb usb11: Product: USB/IP Virtual Host Controller
[   12.137917][    T1] usb usb11: Manufacturer: Linux 6.13.0-rc5-g56e6a3499e14-dirty vhci_hcd
[   12.140537][    T1] usb usb11: SerialNumber: vhci_hcd.4
[   12.144473][    T1] hub 11-0:1.0: USB hub found
[   12.145893][    T1] hub 11-0:1.0: 8 ports detected
[   12.150821][    T1] vhci_hcd vhci_hcd.5: USB/IP Virtual Host Controller
[   12.153238][    T1] vhci_hcd vhci_hcd.5: new USB bus registered, assigned bus number 12
[   12.155905][    T1] usb usb12: New USB device found, idVendor=1d6b, idProduct=0002, bcdDevice= 6.13
[   12.158672][    T1] usb usb12: New USB device strings: Mfr=3, Product=2, SerialNumber=1
[   12.161145][    T1] usb usb12: Product: USB/IP Virtual Host Controller
[   12.163227][    T1] usb usb12: Manufacturer: Linux 6.13.0-rc5-g56e6a3499e14-dirty vhci_hcd
[   12.165510][    T1] usb usb12: SerialNumber: vhci_hcd.5
[   12.168017][    T1] hub 12-0:1.0: USB hub found
[   12.169433][    T1] hub 12-0:1.0: 8 ports detected
[   12.173030][    T1] vhci_hcd vhci_hcd.5: USB/IP Virtual Host Controller
[   12.175307][    T1] vhci_hcd vhci_hcd.5: new USB bus registered, assigned bus number 13
[   12.177684][    T1] usb usb13: We don't know the algorithms for LPM for this host, disabling LPM.
[   12.180372][    T1] usb usb13: New USB device found, idVendor=1d6b, idProduct=0003, bcdDevice= 6.13
[   12.183093][    T1] usb usb13: New USB device strings: Mfr=3, Product=2, SerialNumber=1
[   12.185349][    T1] usb usb13: Product: USB/IP Virtual Host Controller
[   12.187110][    T1] usb usb13: Manufacturer: Linux 6.13.0-rc5-g56e6a3499e14-dirty vhci_hcd
[   12.189539][    T1] usb usb13: SerialNumber: vhci_hcd.5
[   12.192176][    T1] hub 13-0:1.0: USB hub found
[   12.193572][    T1] hub 13-0:1.0: 8 ports detected
[   12.198215][    T1] vhci_hcd vhci_hcd.6: USB/IP Virtual Host Controller
[   12.200574][    T1] vhci_hcd vhci_hcd.6: new USB bus registered, assigned bus number 14
[   12.203218][    T1] usb usb14: New USB device found, idVendor=1d6b, idProduct=0002, bcdDevice= 6.13
[   12.205696][    T1] usb usb14: New USB device strings: Mfr=3, Product=2, SerialNumber=1
[   12.208026][    T1] usb usb14: Product: USB/IP Virtual Host Controller
[   12.210264][    T1] usb usb14: Manufacturer: Linux 6.13.0-rc5-g56e6a3499e14-dirty vhci_hcd
[   12.213064][    T1] usb usb14: SerialNumber: vhci_hcd.6
[   12.216918][    T1] hub 14-0:1.0: USB hub found
[   12.218442][    T1] hub 14-0:1.0: 8 ports detected
[   12.222308][    T1] vhci_hcd vhci_hcd.6: USB/IP Virtual Host Controller
[   12.224711][    T1] vhci_hcd vhci_hcd.6: new USB bus registered, assigned bus number 15
[   12.227214][    T1] usb usb15: We don't know the algorithms for LPM for this host, disabling LPM.
[   12.230610][    T1] usb usb15: New USB device found, idVendor=1d6b, idProduct=0003, bcdDevice= 6.13
[   12.234218][    T1] usb usb15: New USB device strings: Mfr=3, Product=2, SerialNumber=1
[   12.236641][    T1] usb usb15: Product: USB/IP Virtual Host Controller
[   12.238317][    T1] usb usb15: Manufacturer: Linux 6.13.0-rc5-g56e6a3499e14-dirty vhci_hcd
[   12.240473][    T1] usb usb15: SerialNumber: vhci_hcd.6
[   12.244318][    T1] hub 15-0:1.0: USB hub found
[   12.245932][    T1] hub 15-0:1.0: 8 ports detected
[   12.251095][    T1] vhci_hcd vhci_hcd.7: USB/IP Virtual Host Controller
[   12.253810][    T1] vhci_hcd vhci_hcd.7: new USB bus registered, assigned bus number 16
[   12.256663][    T1] usb usb16: New USB device found, idVendor=1d6b, idProduct=0002, bcdDevice= 6.13
[   12.259221][    T1] usb usb16: New USB device strings: Mfr=3, Product=2, SerialNumber=1
[   12.261487][    T1] usb usb16: Product: USB/IP Virtual Host Controller
[   12.264214][    T1] usb usb16: Manufacturer: Linux 6.13.0-rc5-g56e6a3499e14-dirty vhci_hcd
[   12.266928][    T1] usb usb16: SerialNumber: vhci_hcd.7
[   12.269628][    T1] hub 16-0:1.0: USB hub found
[   12.271437][    T1] hub 16-0:1.0: 8 ports detected
[   12.275660][    T1] vhci_hcd vhci_hcd.7: USB/IP Virtual Host Controller
[   12.277785][    T1] vhci_hcd vhci_hcd.7: new USB bus registered, assigned bus number 17
[   12.280020][    T1] usb usb17: We don't know the algorithms for LPM for this host, disabling LPM.
[   12.283589][    T1] usb usb17: New USB device found, idVendor=1d6b, idProduct=0003, bcdDevice= 6.13
[   12.287546][    T1] usb usb17: New USB device strings: Mfr=3, Product=2, SerialNumber=1
[   12.291336][    T1] usb usb17: Product: USB/IP Virtual Host Controller
[   12.296438][    T1] usb usb17: Manufacturer: Linux 6.13.0-rc5-g56e6a3499e14-dirty vhci_hcd
[   12.300720][    T1] usb usb17: SerialNumber: vhci_hcd.7
[   12.308464][    T1] hub 17-0:1.0: USB hub found
[   12.310724][    T1] hub 17-0:1.0: 8 ports detected
[   12.316675][    T1] vhci_hcd vhci_hcd.8: USB/IP Virtual Host Controller
[   12.320936][    T1] vhci_hcd vhci_hcd.8: new USB bus registered, assigned bus number 18
[   12.323875][    T1] usb usb18: New USB device found, idVendor=1d6b, idProduct=0002, bcdDevice= 6.13
[   12.326782][    T1] usb usb18: New USB device strings: Mfr=3, Product=2, SerialNumber=1
[   12.329057][    T1] usb usb18: Product: USB/IP Virtual Host Controller
[   12.330969][    T1] usb usb18: Manufacturer: Linux 6.13.0-rc5-g56e6a3499e14-dirty vhci_hcd
[   12.333205][    T1] usb usb18: SerialNumber: vhci_hcd.8
[   12.336435][    T1] hub 18-0:1.0: USB hub found
[   12.338037][    T1] hub 18-0:1.0: 8 ports detected
[   12.341903][    T1] vhci_hcd vhci_hcd.8: USB/IP Virtual Host Controller
[   12.344472][    T1] vhci_hcd vhci_hcd.8: new USB bus registered, assigned bus number 19
[   12.349441][    T1] usb usb19: We don't know the algorithms for LPM for this host, disabling LPM.
[   12.352242][    T1] usb usb19: New USB device found, idVendor=1d6b, idProduct=0003, bcdDevice= 6.13
[   12.355683][    T1] usb usb19: New USB device strings: Mfr=3, Product=2, SerialNumber=1
[   12.357919][    T1] usb usb19: Product: USB/IP Virtual Host Controller
[   12.359837][    T1] usb usb19: Manufacturer: Linux 6.13.0-rc5-g56e6a3499e14-dirty vhci_hcd
[   12.362170][    T1] usb usb19: SerialNumber: vhci_hcd.8
[   12.364760][    T1] hub 19-0:1.0: USB hub found
[   12.366168][    T1] hub 19-0:1.0: 8 ports detected
[   12.373180][    T1] vhci_hcd vhci_hcd.9: USB/IP Virtual Host Controller
[   12.376075][    T1] vhci_hcd vhci_hcd.9: new USB bus registered, assigned bus number 20
[   12.378730][    T1] usb usb20: New USB device found, idVendor=1d6b, idProduct=0002, bcdDevice= 6.13
[   12.380754][    T1] usb usb20: New USB device strings: Mfr=3, Product=2, SerialNumber=1
[   12.382986][    T1] usb usb20: Product: USB/IP Virtual Host Controller
[   12.385532][    T1] usb usb20: Manufacturer: Linux 6.13.0-rc5-g56e6a3499e14-dirty vhci_hcd
[   12.387670][    T1] usb usb20: SerialNumber: vhci_hcd.9
[   12.391164][    T1] hub 20-0:1.0: USB hub found
[   12.392719][    T1] hub 20-0:1.0: 8 ports detected
[   12.396736][    T1] vhci_hcd vhci_hcd.9: USB/IP Virtual Host Controller
[   12.399423][    T1] vhci_hcd vhci_hcd.9: new USB bus registered, assigned bus number 21
[   12.401756][    T1] usb usb21: We don't know the algorithms for LPM for this host, disabling LPM.
[   12.404473][    T1] usb usb21: New USB device found, idVendor=1d6b, idProduct=0003, bcdDevice= 6.13
[   12.407635][    T1] usb usb21: New USB device strings: Mfr=3, Product=2, SerialNumber=1
[   12.409921][    T1] usb usb21: Product: USB/IP Virtual Host Controller
[   12.411773][    T1] usb usb21: Manufacturer: Linux 6.13.0-rc5-g56e6a3499e14-dirty vhci_hcd
[   12.414778][    T1] usb usb21: SerialNumber: vhci_hcd.9
[   12.417544][    T1] hub 21-0:1.0: USB hub found
[   12.418926][    T1] hub 21-0:1.0: 8 ports detected
[   12.423662][    T1] vhci_hcd vhci_hcd.10: USB/IP Virtual Host Controller
[   12.426168][    T1] vhci_hcd vhci_hcd.10: new USB bus registered, assigned bus number 22
[   12.428899][    T1] usb usb22: New USB device found, idVendor=1d6b, idProduct=0002, bcdDevice= 6.13
[   12.431788][    T1] usb usb22: New USB device strings: Mfr=3, Product=2, SerialNumber=1
[   12.434056][    T1] usb usb22: Product: USB/IP Virtual Host Controller
[   12.435891][    T1] usb usb22: Manufacturer: Linux 6.13.0-rc5-g56e6a3499e14-dirty vhci_hcd
[   12.438243][    T1] usb usb22: SerialNumber: vhci_hcd.10
[   12.441270][    T1] hub 22-0:1.0: USB hub found
[   12.442644][    T1] hub 22-0:1.0: 8 ports detected
[   12.446668][    T1] vhci_hcd vhci_hcd.10: USB/IP Virtual Host Controller
[   12.449451][    T1] vhci_hcd vhci_hcd.10: new USB bus registered, assigned bus number 23
[   12.451726][    T1] usb usb23: We don't know the algorithms for LPM for this host, disabling LPM.
[   12.454667][    T1] usb usb23: New USB device found, idVendor=1d6b, idProduct=0003, bcdDevice= 6.13
[   12.457291][    T1] usb usb23: New USB device strings: Mfr=3, Product=2, SerialNumber=1
[   12.459773][    T1] usb usb23: Product: USB/IP Virtual Host Controller
[   12.461585][    T1] usb usb23: Manufacturer: Linux 6.13.0-rc5-g56e6a3499e14-dirty vhci_hcd
[   12.464531][    T1] usb usb23: SerialNumber: vhci_hcd.10
[   12.467533][    T1] hub 23-0:1.0: USB hub found
[   12.469036][    T1] hub 23-0:1.0: 8 ports detected
[   12.473695][    T1] vhci_hcd vhci_hcd.11: USB/IP Virtual Host Controller
[   12.476034][    T1] vhci_hcd vhci_hcd.11: new USB bus registered, assigned bus number 24
[   12.478563][    T1] usb usb24: New USB device found, idVendor=1d6b, idProduct=0002, bcdDevice= 6.13
[   12.481757][    T1] usb usb24: New USB device strings: Mfr=3, Product=2, SerialNumber=1
[   12.485424][    T1] usb usb24: Product: USB/IP Virtual Host Controller
[   12.487223][    T1] usb usb24: Manufacturer: Linux 6.13.0-rc5-g56e6a3499e14-dirty vhci_hcd
[   12.489627][    T1] usb usb24: SerialNumber: vhci_hcd.11
[   12.493498][    T1] hub 24-0:1.0: USB hub found
[   12.496956][    T1] hub 24-0:1.0: 8 ports detected
[   12.501500][    T1] vhci_hcd vhci_hcd.11: USB/IP Virtual Host Controller
[   12.504016][    T1] vhci_hcd vhci_hcd.11: new USB bus registered, assigned bus number 25
[   12.506356][    T1] usb usb25: We don't know the algorithms for LPM for this host, disabling LPM.
[   12.509030][    T1] usb usb25: New USB device found, idVendor=1d6b, idProduct=0003, bcdDevice= 6.13
[   12.514162][    T1] usb usb25: New USB device strings: Mfr=3, Product=2, SerialNumber=1
[   12.516506][    T1] usb usb25: Product: USB/IP Virtual Host Controller
[   12.518432][    T1] usb usb25: Manufacturer: Linux 6.13.0-rc5-g56e6a3499e14-dirty vhci_hcd
[   12.521112][    T1] usb usb25: SerialNumber: vhci_hcd.11
[   12.524852][    T1] hub 25-0:1.0: USB hub found
[   12.526372][    T1] hub 25-0:1.0: 8 ports detected
[   12.531610][    T1] vhci_hcd vhci_hcd.12: USB/IP Virtual Host Controller
[   12.534881][    T1] vhci_hcd vhci_hcd.12: new USB bus registered, assigned bus number 26
[   12.538140][    T1] usb usb26: New USB device found, idVendor=1d6b, idProduct=0002, bcdDevice= 6.13
[   12.540687][    T1] usb usb26: New USB device strings: Mfr=3, Product=2, SerialNumber=1
[   12.542943][    T1] usb usb26: Product: USB/IP Virtual Host Controller
[   12.544783][    T1] usb usb26: Manufacturer: Linux 6.13.0-rc5-g56e6a3499e14-dirty vhci_hcd
[   12.547066][    T1] usb usb26: SerialNumber: vhci_hcd.12
[   12.550124][    T1] hub 26-0:1.0: USB hub found
[   12.551725][    T1] hub 26-0:1.0: 8 ports detected
[   12.555386][    T1] vhci_hcd vhci_hcd.12: USB/IP Virtual Host Controller
[   12.557946][    T1] vhci_hcd vhci_hcd.12: new USB bus registered, assigned bus number 27
[   12.560510][    T1] usb usb27: We don't know the algorithms for LPM for this host, disabling LPM.
[   12.563098][    T1] usb usb27: New USB device found, idVendor=1d6b, idProduct=0003, bcdDevice= 6.13
[   12.565567][    T1] usb usb27: New USB device strings: Mfr=3, Product=2, SerialNumber=1
[   12.567715][    T1] usb usb27: Product: USB/IP Virtual Host Controller
[   12.569653][    T1] usb usb27: Manufacturer: Linux 6.13.0-rc5-g56e6a3499e14-dirty vhci_hcd
[   12.571951][    T1] usb usb27: SerialNumber: vhci_hcd.12
[   12.575946][    T1] hub 27-0:1.0: USB hub found
[   12.577523][    T1] hub 27-0:1.0: 8 ports detected
[   12.587626][    T1] vhci_hcd vhci_hcd.13: USB/IP Virtual Host Controller
[   12.592030][    T1] vhci_hcd vhci_hcd.13: new USB bus registered, assigned bus number 28
[   12.594643][    T1] usb usb28: New USB device found, idVendor=1d6b, idProduct=0002, bcdDevice= 6.13
[   12.597250][    T1] usb usb28: New USB device strings: Mfr=3, Product=2, SerialNumber=1
[   12.599531][    T1] usb usb28: Product: USB/IP Virtual Host Controller
[   12.601438][    T1] usb usb28: Manufacturer: Linux 6.13.0-rc5-g56e6a3499e14-dirty vhci_hcd
[   12.603515][    T1] usb usb28: SerialNumber: vhci_hcd.13
[   12.605967][    T1] hub 28-0:1.0: USB hub found
[   12.607309][    T1] hub 28-0:1.0: 8 ports detected
[   12.611055][    T1] vhci_hcd vhci_hcd.13: USB/IP Virtual Host Controller
[   12.614018][    T1] vhci_hcd vhci_hcd.13: new USB bus registered, assigned bus number 29
[   12.616414][    T1] usb usb29: We don't know the algorithms for LPM for this host, disabling LPM.
[   12.619214][    T1] usb usb29: New USB device found, idVendor=1d6b, idProduct=0003, bcdDevice= 6.13
[   12.621632][    T1] usb usb29: New USB device strings: Mfr=3, Product=2, SerialNumber=1
[   12.623771][    T1] usb usb29: Product: USB/IP Virtual Host Controller
[   12.625501][    T1] usb usb29: Manufacturer: Linux 6.13.0-rc5-g56e6a3499e14-dirty vhci_hcd
[   12.628065][    T1] usb usb29: SerialNumber: vhci_hcd.13
[   12.633343][    T1] hub 29-0:1.0: USB hub found
[   12.634840][    T1] hub 29-0:1.0: 8 ports detected
[   12.640391][    T1] vhci_hcd vhci_hcd.14: USB/IP Virtual Host Controller
[   12.642801][    T1] vhci_hcd vhci_hcd.14: new USB bus registered, assigned bus number 30
[   12.645300][    T1] usb usb30: New USB device found, idVendor=1d6b, idProduct=0002, bcdDevice= 6.13
[   12.647862][    T1] usb usb30: New USB device strings: Mfr=3, Product=2, SerialNumber=1
[   12.650202][    T1] usb usb30: Product: USB/IP Virtual Host Controller
[   12.651999][    T1] usb usb30: Manufacturer: Linux 6.13.0-rc5-g56e6a3499e14-dirty vhci_hcd
[   12.654747][    T1] usb usb30: SerialNumber: vhci_hcd.14
[   12.657491][    T1] hub 30-0:1.0: USB hub found
[   12.658843][    T1] hub 30-0:1.0: 8 ports detected
[   12.662598][    T1] vhci_hcd vhci_hcd.14: USB/IP Virtual Host Controller
[   12.665095][    T1] vhci_hcd vhci_hcd.14: new USB bus registered, assigned bus number 31
[   12.668146][    T1] usb usb31: We don't know the algorithms for LPM for this host, disabling LPM.
[   12.672383][    T1] usb usb31: New USB device found, idVendor=1d6b, idProduct=0003, bcdDevice= 6.13
[   12.675159][    T1] usb usb31: New USB device strings: Mfr=3, Product=2, SerialNumber=1
[   12.677565][    T1] usb usb31: Product: USB/IP Virtual Host Controller
[   12.679346][    T1] usb usb31: Manufacturer: Linux 6.13.0-rc5-g56e6a3499e14-dirty vhci_hcd
[   12.682118][    T1] usb usb31: SerialNumber: vhci_hcd.14
[   12.685506][    T1] hub 31-0:1.0: USB hub found
[   12.687568][    T1] hub 31-0:1.0: 8 ports detected
[   12.692462][    T1] vhci_hcd vhci_hcd.15: USB/IP Virtual Host Controller
[   12.697386][    T1] vhci_hcd vhci_hcd.15: new USB bus registered, assigned bus number 32
[   12.700331][    T1] usb usb32: New USB device found, idVendor=1d6b, idProduct=0002, bcdDevice= 6.13
[   12.703149][    T1] usb usb32: New USB device strings: Mfr=3, Product=2, SerialNumber=1
[   12.706331][    T1] usb usb32: Product: USB/IP Virtual Host Controller
[   12.708369][    T1] usb usb32: Manufacturer: Linux 6.13.0-rc5-g56e6a3499e14-dirty vhci_hcd
[   12.710992][    T1] usb usb32: SerialNumber: vhci_hcd.15
[   12.714170][    T1] hub 32-0:1.0: USB hub found
[   12.715595][    T1] hub 32-0:1.0: 8 ports detected
[   12.719623][    T1] vhci_hcd vhci_hcd.15: USB/IP Virtual Host Controller
[   12.722761][    T1] vhci_hcd vhci_hcd.15: new USB bus registered, assigned bus number 33
[   12.725235][    T1] usb usb33: We don't know the algorithms for LPM for this host, disabling LPM.
[   12.728095][    T1] usb usb33: New USB device found, idVendor=1d6b, idProduct=0003, bcdDevice= 6.13
[   12.734034][    T1] usb usb33: New USB device strings: Mfr=3, Product=2, SerialNumber=1
[   12.737409][    T1] usb usb33: Product: USB/IP Virtual Host Controller
[   12.739233][    T1] usb usb33: Manufacturer: Linux 6.13.0-rc5-g56e6a3499e14-dirty vhci_hcd
[   12.741524][    T1] usb usb33: SerialNumber: vhci_hcd.15
[   12.744580][    T1] hub 33-0:1.0: USB hub found
[   12.745902][    T1] hub 33-0:1.0: 8 ports detected
[   12.750678][    T1] usbcore: registered new device driver usbip-host
[   12.755681][    T1] i8042: PNP: PS/2 Controller [PNP0303:KBD,PNP0f13:MOU] at 0x60,0x64 irq 1,12
[   12.760987][    T1] serio: i8042 KBD port at 0x60,0x64 irq 1
[   12.763907][    T1] serio: i8042 AUX port at 0x60,0x64 irq 12
[   12.767144][    T1] mousedev: PS/2 mouse device common for all mice
[   12.770204][    T1] usbcore: registered new interface driver appletouch
[   12.772254][    T1] usbcore: registered new interface driver bcm5974
[   12.774406][    T1] usbcore: registered new interface driver synaptics_usb
[   12.776546][    T1] usbcore: registered new interface driver iforce
[   12.781935][ T1179] input: AT Translated Set 2 keyboard as /devices/platform/i8042/serio0/input/input1
[   12.786596][    T1] usbcore: registered new interface driver pxrc
[   12.789809][    T1] usbcore: registered new interface driver xpad
[   12.791625][    T1] usbcore: registered new interface driver usb_acecad
[   12.793553][    T1] usbcore: registered new interface driver aiptek
[   12.795335][    T1] usbcore: registered new interface driver hanwang
[   12.797525][    T1] usbcore: registered new interface driver kbtab
[   12.804217][    T1] usbcore: registered new interface driver pegasus_notetaker
[   12.806447][    T1] usbcore: registered new interface driver usbtouchscreen
[   12.808363][    T1] usbcore: registered new interface driver sur40
[   12.810770][    T1] usbcore: registered new interface driver ati_remote2
[   12.812368][    T1] cm109: Keymap for Komunikate KIP1000 phone loaded
[   12.813839][    T1] usbcore: registered new interface driver cm109
[   12.815453][    T1] cm109: CM109 phone driver: 20080805 (C) Alfred E. Heggestad
[   12.817787][    T1] usbcore: registered new interface driver ims_pcu
[   12.820533][    T1] usbcore: registered new interface driver keyspan_remote
[   12.822611][    T1] usbcore: registered new interface driver powermate
[   12.825275][    T1] usbcore: registered new interface driver yealink
[   12.827843][    T1] rtc_cmos 00:05: RTC can wake from S4
[   12.833954][    T1] rtc_cmos 00:05: registered as rtc0
[   12.835520][    T1] rtc_cmos 00:05: alarms up to one day, y3k, 242 bytes nvram, hpet irqs
[   12.838831][    T1] i2c_dev: i2c /dev entries driver
[   12.840993][    T1] usbcore: registered new interface driver i2c-diolan-u2c
[   12.844106][    T1] usbcore: registered new interface driver i2c-cp2615
[   12.846044][    T1] usbcore: registered new interface driver RobotFuzz Open Source InterFace, OSIF
[   12.849625][    T1] usbcore: registered new interface driver i2c-tiny-usb
[   12.852771][    T1] usbcore: registered new interface driver igorplugusb
[   12.854791][    T1] usbcore: registered new interface driver iguanair
[   12.856797][    T1] usbcore: registered new interface driver imon
[   12.858613][    T1] usbcore: registered new interface driver imon_raw
[   12.861834][    T1] usbcore: registered new interface driver mceusb
[   12.863638][    T1] usbcore: registered new interface driver redrat3
[   12.865477][    T1] usbcore: registered new interface driver streamzap
[   12.867520][    T1] usbcore: registered new interface driver ir_toy
[   12.869677][    T1] usbcore: registered new interface driver ttusbir
[   12.871636][    T1] usbcore: registered new interface driver ati_remote
[   12.873778][    T1] usbcore: registered new interface driver xbox_remote
[   12.876219][    T1] b2c2-flexcop: B2C2 FlexcopII/II(b)/III digital TV receiver chip loaded successfully
[   12.883399][    T1] usbcore: registered new interface driver b2c2_flexcop_usb
[   12.885508][    T1] usbcore: registered new interface driver dvb_usb_vp7045
[   12.888172][    T1] usbcore: registered new interface driver dvb_usb_vp702x
[   12.890331][    T1] usbcore: registered new interface driver dvb_usb_gp8psk
[   12.892647][    T1] usbcore: registered new interface driver dvb_usb_dtt200u
[   12.894830][    T1] usbcore: registered new interface driver dvb_usb_a800
[   12.897507][    T1] usbcore: registered new interface driver dvb_usb_dibusb_mb
[   12.900984][    T1] usbcore: registered new interface driver dvb_usb_dibusb_mc
[   12.903091][    T1] usbcore: registered new interface driver dvb_usb_nova_t_usb2
[   12.905534][    T1] usbcore: registered new interface driver dvb_usb_umt_010
[   12.907861][    T1] usbcore: registered new interface driver dvb_usb_m920x
[   12.910045][    T1] usbcore: registered new interface driver dvb_usb_digitv
[   12.912736][    T1] usbcore: registered new interface driver dvb_usb_cxusb
[   12.915741][    T1] usbcore: registered new interface driver dvb_usb_ttusb2
[   12.917890][    T1] usbcore: registered new interface driver dvb_usb_dib0700
[   12.920094][    T1] usbcore: registered new interface driver opera1
[   12.922153][    T1] usbcore: registered new interface driver dvb_usb_af9005
[   12.924154][    T1] failing symbol_get of non-GPLONLY symbol af9005_rc_decode.
[   12.926922][    T1] failing symbol_get of non-GPLONLY symbol af9005_rc_decode.
[   12.929091][    T1] failing symbol_get of non-GPLONLY symbol rc_map_af9005_table.
[   12.931811][    T1] failing symbol_get of non-GPLONLY symbol rc_map_af9005_table.
[   12.933988][    T1] failing symbol_get of non-GPLONLY symbol rc_map_af9005_table_size.
[   12.936701][    T1] failing symbol_get of non-GPLONLY symbol rc_map_af9005_table_size.
[   12.938894][    T1] af9005: af9005_rc_decode function not found, disabling remote
[   12.941572][    T1] usbcore: registered new interface driver pctv452e
[   12.943533][    T1] usbcore: registered new interface driver dw2102
[   12.945431][    T1] usbcore: registered new interface driver dvb_usb_dtv5100
[   12.947532][    T1] usbcore: registered new interface driver cinergyT2
[   12.949493][    T1] usbcore: registered new interface driver dvb_usb_az6027
[   12.951575][    T1] usbcore: registered new interface driver dvb_usb_technisat_usb2
[   12.953767][    T1] usbcore: registered new interface driver dvb_usb_af9015
[   12.955881][    T1] usbcore: registered new interface driver dvb_usb_af9035
[   12.957953][    T1] usbcore: registered new interface driver dvb_usb_anysee
[   12.960083][    T1] usbcore: registered new interface driver dvb_usb_au6610
[   12.962169][    T1] usbcore: registered new interface driver dvb_usb_az6007
[   12.964107][    T1] usbcore: registered new interface driver dvb_usb_ce6230
[   12.966221][    T1] usbcore: registered new interface driver dvb_usb_ec168
[   12.968228][    T1] usbcore: registered new interface driver dvb_usb_lmedm04
[   12.970727][    T1] usbcore: registered new interface driver dvb_usb_gl861
[   12.972856][    T1] usbcore: registered new interface driver dvb_usb_mxl111sf
[   12.974989][    T1] usbcore: registered new interface driver dvb_usb_rtl28xxu
[   12.977173][    T1] usbcore: registered new interface driver dvb_usb_dvbsky
[   12.979302][    T1] usbcore: registered new interface driver zd1301
[   12.981271][    T1] usbcore: registered new interface driver s2255
[   12.983145][    T1] usbcore: registered new interface driver smsusb
[   12.985051][    T1] usbcore: registered new interface driver ttusb
[   12.989358][    T1] usbcore: registered new interface driver ttusb-dec
[   12.991450][    T1] usbcore: registered new interface driver Abilis Systems as10x usb driver
[   12.994178][    T1] usbcore: registered new interface driver airspy
[   12.995989][    T1] gspca_main: v2.14.0 registered
[   12.997581][    T1] usbcore: registered new interface driver benq
[   12.999887][    T1] usbcore: registered new interface driver conex
[   13.002268][    T1] usbcore: registered new interface driver cpia1
[   13.004226][    T1] usbcore: registered new interface driver dtcs033
[   13.006165][    T1] usbcore: registered new interface driver etoms
[   13.008178][    T1] usbcore: registered new interface driver finepix
[   13.011438][    T1] usbcore: registered new interface driver jeilinj
[   13.013435][    T1] usbcore: registered new interface driver jl2005bcd
[   13.015388][    T1] usbcore: registered new interface driver kinect
[   13.017351][    T1] usbcore: registered new interface driver konica
[   13.019370][    T1] usbcore: registered new interface driver mars
[   13.021409][    T1] usbcore: registered new interface driver mr97310a
[   13.023422][    T1] usbcore: registered new interface driver nw80x
[   13.025598][    T1] usbcore: registered new interface driver ov519
[   13.028904][    T1] usbcore: registered new interface driver ov534
[   13.031204][    T1] usbcore: registered new interface driver ov534_9
[   13.033100][    T1] usbcore: registered new interface driver pac207
[   13.035518][    T1] usbcore: registered new interface driver gspca_pac7302
[   13.037625][    T1] usbcore: registered new interface driver pac7311
[   13.039909][    T1] usbcore: registered new interface driver se401
[   13.042036][    T1] usbcore: registered new interface driver sn9c2028
[   13.044207][    T1] usbcore: registered new interface driver gspca_sn9c20x
[   13.046341][    T1] usbcore: registered new interface driver sonixb
[   13.048277][    T1] usbcore: registered new interface driver sonixj
[   13.050191][    T1] usbcore: registered new interface driver spca500
[   13.052215][    T1] usbcore: registered new interface driver spca501
[   13.054058][    T1] usbcore: registered new interface driver spca505
[   13.056009][    T1] usbcore: registered new interface driver spca506
[   13.058255][    T1] usbcore: registered new interface driver spca508
[   13.060327][    T1] usbcore: registered new interface driver spca561
[   13.062205][    T1] usbcore: registered new interface driver spca1528
[   13.064371][    T1] usbcore: registered new interface driver sq905
[   13.066299][    T1] usbcore: registered new interface driver sq905c
[   13.068116][    T1] usbcore: registered new interface driver sq930x
[   13.070092][    T1] usbcore: registered new interface driver sunplus
[   13.072332][    T1] usbcore: registered new interface driver stk014
[   13.074687][    T1] usbcore: registered new interface driver stk1135
[   13.076807][    T1] usbcore: registered new interface driver stv0680
[   13.078814][    T1] usbcore: registered new interface driver t613
[   13.080944][    T1] usbcore: registered new interface driver gspca_topro
[   13.083396][    T1] usbcore: registered new interface driver touptek
[   13.085207][    T1] usbcore: registered new interface driver tv8532
[   13.087062][    T1] usbcore: registered new interface driver vc032x
[   13.089203][    T1] usbcore: registered new interface driver vicam
[   13.092550][    T1] usbcore: registered new interface driver xirlink-cit
[   13.094722][    T1] usbcore: registered new interface driver gspca_zc3xx
[   13.096914][    T1] usbcore: registered new interface driver ALi m5602
[   13.099051][    T1] usbcore: registered new interface driver STV06xx
[   13.100966][    T1] usbcore: registered new interface driver gspca_gl860
[   13.103024][    T1] usbcore: registered new interface driver hackrf
[   13.104884][    T1] usbcore: registered new interface driver msi2500
[   13.106937][    T1] usbcore: registered new interface driver Philips webcam
[   13.109548][    T1] usbcore: registered new interface driver uvcvideo
[   13.112143][    T1] au0828: au0828 driver loaded
[   13.113850][    T1] usbcore: registered new interface driver au0828
[   13.115835][    T1] usbcore: registered new interface driver cx231xx
[   13.118157][    T1] usbcore: registered new interface driver em28xx
[   13.120034][    T1] em28xx: Registered (Em28xx v4l2 Extension) extension
[   13.121816][    T1] em28xx: Registered (Em28xx Audio Extension) extension
[   13.123662][    T1] em28xx: Registered (Em28xx dvb Extension) extension
[   13.125440][    T1] em28xx: Registered (Em28xx Input Extension) extension
[   13.127581][    T1] usbcore: registered new interface driver go7007
[   13.129634][    T1] usbcore: registered new interface driver go7007-loader
[   13.133671][    T1] usbcore: registered new interface driver hdpvr
[   13.136833][    T1] usbcore: registered new interface driver pvrusb2
[   13.138491][    T1] pvrusb2: V4L in-tree version:Hauppauge WinTV-PVR-USB2 MPEG2 Encoder/Tuner
[   13.141814][    T1] pvrusb2: Debug mask is 31 (0x1f)
[   13.143702][    T1] usbcore: registered new interface driver stk1160
[   13.145660][    T1] usbcore: registered new interface driver usbtv
[   13.150535][    T1] dvbdev: DVB: registering new adapter (dvb_vidtv_bridge)
[   13.154430][    T1] i2c i2c-0: DVB: registering adapter 0 frontend 0 (Dummy demod for DVB-T/T2/C/S/S2)...
[   13.157002][    T1] dvbdev: dvb_create_media_entity: media entity 'Dummy demod for DVB-T/T2/C/S/S2' registered.
[   13.162414][    T1] dvbdev: dvb_create_media_entity: media entity 'dvb-demux' registered.
[   13.167786][    T1] vidtv vidtv.0: Successfully initialized vidtv!
[   13.170963][    T1] vicodec vicodec.0: Device 'stateful-encoder' registered as /dev/video0
[   13.173484][    T1] vicodec vicodec.0: Device 'stateful-decoder' registered as /dev/video1
[   13.175719][    T1] vicodec vicodec.0: Device 'stateless-decoder' registered as /dev/video2
[   13.178580][    T1] vim2m vim2m.0: Device registered as /dev/video0
[   13.188779][    T1] vivid-000: using single planar format API
[   13.197956][    T1] vivid-000: CEC adapter cec0 registered for HDMI input
[   13.201562][    T1] vivid-000: V4L2 capture device registered as video7
[   13.203678][    T1] vivid-000: CEC adapter cec1 registered for HDMI output 0
[   13.205918][    T1] vivid-000: V4L2 output device registered as video8
[   13.208664][    T1] vivid-000: V4L2 capture device registered as vbi0, supports raw and sliced VBI
[   13.212132][    T1] vivid-000: V4L2 output device registered as vbi1, supports raw and sliced VBI
[   13.216992][    T1] vivid-000: V4L2 capture device registered as swradio0
[   13.220569][    T1] vivid-000: V4L2 receiver device registered as radio0
[   13.223083][    T1] vivid-000: V4L2 transmitter device registered as radio1
[   13.225335][    T1] vivid-000: V4L2 metadata capture device registered as video9
[   13.227780][    T1] vivid-000: V4L2 metadata output device registered as video10
[   13.232856][ T1179] input: ImExPS/2 Generic Explorer Mouse as /devices/platform/i8042/serio1/input/input3
[   13.236792][    T1] vivid-000: V4L2 touch capture device registered as v4l-touch0
[   13.250418][    T1] usbcore: registered new interface driver radioshark2
[   13.252047][    T1] usbcore: registered new interface driver radioshark
[   13.253589][    T1] usbcore: registered new interface driver radio-si470x
[   13.255315][    T1] usbcore: registered new interface driver radio-usb-si4713
[   13.257059][    T1] usbcore: registered new interface driver dsbr100
[   13.258652][    T1] usbcore: registered new interface driver radio-keene
[   13.260946][    T1] usbcore: registered new interface driver radio-ma901
[   13.262963][    T1] usbcore: registered new interface driver radio-mr800
[   13.264662][    T1] usbcore: registered new interface driver radio-raremono
[   13.267177][    T1] usbcore: registered new interface driver powerz
[   13.268845][    T1] usbcore: registered new interface driver pcwd_usb
[   13.282105][    T1] device-mapper: core: CONFIG_IMA_DISABLE_HTABLE is disabled. Duplicate IMA measurements will not be recorded in the IMA log.
[   13.284995][    T1] device-mapper: uevent: version 1.0.3
[   13.286776][    T1] device-mapper: ioctl: 4.48.0-ioctl (2023-03-01) initialised: dm-devel@lists.linux.dev
[   13.290724][    T1] device-mapper: multipath round-robin: version 1.2.0 loaded
[   13.292584][    T1] device-mapper: multipath queue-length: version 0.2.0 loaded
[   13.294363][    T1] device-mapper: multipath service-time: version 0.3.0 loaded
[   13.296725][    T1] Bluetooth: HCI UART driver ver 2.3
[   13.299015][    T1] Bluetooth: HCI UART protocol H4 registered
[   13.301226][    T1] Bluetooth: HCI UART protocol BCSP registered
[   13.303869][    T1] Bluetooth: HCI UART protocol LL registered
[   13.305397][    T1] Bluetooth: HCI UART protocol Three-wire (H5) registered
[   13.307176][    T1] Bluetooth: HCI UART protocol QCA registered
[   13.308613][    T1] Bluetooth: HCI UART protocol AG6XX registered
[   13.310279][    T1] Bluetooth: HCI UART protocol Marvell registered
[   13.312323][    T1] usbcore: registered new interface driver bcm203x
[   13.314857][    T1] usbcore: registered new interface driver bpa10x
[   13.318780][    T1] usbcore: registered new interface driver bfusb
[   13.321520][    T1] usbcore: registered new interface driver btusb
[   13.323496][    T1] usbcore: registered new interface driver ath3k
[   13.325799][    T1] Modular ISDN core version 1.1.29
[   13.328697][    T1] NET: Registered PF_ISDN protocol family
[   13.330876][    T1] DSP module 2.0
[   13.332354][    T1] mISDN_dsp: DSP clocks every 80 samples. This equals 1 jiffies.
[   13.342464][    T1] mISDN: Layer-1-over-IP driver Rev. 2.00
[   13.344412][    T1] 0 virtual devices registered
[   13.346063][    T1] usbcore: registered new interface driver HFC-S_USB
[   13.349091][    T1] intel_pstate: CPU model not supported
[   13.352769][    T1] VUB300 Driver rom wait states = 1C irqpoll timeout = 0400
[   13.353947][    T1] usbcore: registered new interface driver vub300
[   13.357851][    T1] usbcore: registered new interface driver ushc
[   13.373835][    T1] iscsi: registered transport (iser)
[   13.387124][    T1] SoftiWARP attached
[   13.393103][    T1] hid: raw HID events driver (C) Jiri Kosina
[   13.414136][    T1] usbcore: registered new interface driver usbhid
[   13.415788][    T1] usbhid: USB HID core driver
[   13.420955][    T1] usbcore: registered new interface driver es2_ap_driver
[   13.422917][    T1] comedi: version 0.7.76 - http://www.comedi.org
[   13.425317][    T1] usbcore: registered new interface driver dt9812
[   13.427246][    T1] usbcore: registered new interface driver ni6501
[   13.429023][    T1] usbcore: registered new interface driver usbdux
[   13.431029][    T1] usbcore: registered new interface driver usbduxfast
[   13.432933][    T1] usbcore: registered new interface driver usbduxsigma
[   13.434954][    T1] usbcore: registered new interface driver vmk80xx
[   13.436912][    T1] greybus: registered new driver hid
[   13.442464][    T1] greybus: registered new driver gbphy
[   13.444156][    T1] gb_gbphy: registered new driver usb
[   13.446080][    T1] asus_wmi: ASUS WMI generic driver loaded
[   13.449894][    T1] gnss: GNSS driver registered with major 493
[   13.451833][    T1] usbcore: registered new interface driver gnss-usb
[   13.454859][    T1] usbcore: registered new interface driver hdm_usb
[   13.488346][    T1] usbcore: registered new interface driver snd-usb-audio
[   13.492152][    T1] usbcore: registered new interface driver snd-ua101
[   13.494312][    T1] usbcore: registered new interface driver snd-usb-usx2y
[   13.496608][    T1] usbcore: registered new interface driver snd-usb-us122l
[   13.498575][    T1] usbcore: registered new interface driver snd-usb-caiaq
[   13.500547][    T1] usbcore: registered new interface driver snd-usb-6fire
[   13.502699][    T1] usbcore: registered new interface driver snd-usb-hiface
[   13.505052][    T1] usbcore: registered new interface driver snd-bcd2000
[   13.507257][    T1] usbcore: registered new interface driver snd_usb_pod
[   13.509870][    T1] usbcore: registered new interface driver snd_usb_podhd
[   13.512010][    T1] usbcore: registered new interface driver snd_usb_toneport
[   13.514094][    T1] usbcore: registered new interface driver snd_usb_variax
[   13.517328][    T1] drop_monitor: Initializing network drop monitor service
