bash: warning: setlocale: LC_ALL: cannot change locale (en_US.UTF-8)
c[?7l[2J[0mSeaBIOS (version 1.16.2-debian-1.16.2-1)


iPXE (http://ipxe.org) 00:03.0 CA00 PCI2.10 PnP PMM+7EFCEF00+7EF0EF00 CA00
Press Ctrl-B to configure iPXE (PCI 00:03.0)...                                                                               


Booting from ROM...
c[?7l[2JNo EFI environment detected.
early console in extract_kernel
input_data: 0x0000000004fd72c4
input_len: 0x0000000001b48ad6
output: 0x0000000001000000
output_len: 0x0000000005aa4db0
kernel_total_size: 0x0000000005630000
needed_size: 0x0000000005c00000
trampoline_32bit: 0x0000000000000000


KASLR disabled: 'nokaslr' on cmdline.


Decompressing Linux... Parsing ELF... No relocation needed... done.
Booting the kernel (entry_offset: 0x0000000000000000).
[    0.000000] Linux version 6.12.0-00001-g2af98cd46e0b-dirty (root@buildkitsandbox) (gcc (Debian 12.2.0-14+deb12u1) 12.2.0, GNU ld (GNU Binutils for Debian) 2.40) #2 SMP PREEMPT_DYNAMIC Mon May 18 07:35:47 UTC 2026
[    0.000000] Command line: console=ttyS0 oops=panic panic=-1 nokaslr earlyprintk=serial
[    0.000000] BIOS-provided physical RAM map:
[    0.000000] BIOS-e820: [mem 0x0000000000000000-0x000000000009fbff] usable
[    0.000000] BIOS-e820: [mem 0x000000000009fc00-0x000000000009ffff] reserved
[    0.000000] BIOS-e820: [mem 0x00000000000f0000-0x00000000000fffff] reserved
[    0.000000] BIOS-e820: [mem 0x0000000000100000-0x000000007ffdffff] usable
[    0.000000] BIOS-e820: [mem 0x000000007ffe0000-0x000000007fffffff] reserved
[    0.000000] BIOS-e820: [mem 0x00000000feffc000-0x00000000feffffff] reserved
[    0.000000] BIOS-e820: [mem 0x00000000fffc0000-0x00000000ffffffff] reserved
[    0.000000] printk: legacy bootconsole [earlyser0] enabled
[    0.000000] NX (Execute Disable) protection: active
[    0.000000] APIC: Static calls initialized
[    0.000000] SMBIOS 2.8 present.
[    0.000000] DMI: QEMU Standard PC (i440FX + PIIX, 1996), BIOS 1.16.2-debian-1.16.2-1 04/01/2014
[    0.000000] DMI: Memory slots populated: 1/1
[    0.000000] Hypervisor detected: KVM
[    0.000000] kvm-clock: Using msrs 4b564d01 and 4b564d00
[    0.000002] kvm-clock: using sched offset of 469700240 cycles
[    0.003266] clocksource: kvm-clock: mask: 0xffffffffffffffff max_cycles: 0x1cd42e4dffb, max_idle_ns: 881590591483 ns
[    0.011227] tsc: Detected 2995.200 MHz processor
[    0.012858] last_pfn = 0x7ffe0 max_arch_pfn = 0x400000000
[    0.014590] MTRR map: 4 entries (3 fixed + 1 variable; max 19), built from 8 variable MTRRs
[    0.017144] x86/PAT: Configuration [0-7]: WB  WC  UC- UC  WB  WP  UC- WT  
[    0.029135] found SMP MP-table at [mem 0x000f5ba0-0x000f5baf]
[    0.031410] Using GB pages for direct mapping
[    0.032568] Incomplete global flushes, disabling PCID
[    0.032742] RAMDISK: [mem 0x7fe86000-0x7ffdffff]
[    0.035746] ACPI: Early table checksum verification disabled
[    0.037399] ACPI: RSDP 0x00000000000F59D0 000014 (v00 BOCHS )
[    0.039042] ACPI: RSDT 0x000000007FFE1B33 000034 (v01 BOCHS  BXPC     00000001 BXPC 00000001)
[    0.042402] ACPI: FACP 0x000000007FFE19DF 000074 (v01 BOCHS  BXPC     00000001 BXPC 00000001)
[    0.045102] ACPI: DSDT 0x000000007FFE0040 00199F (v01 BOCHS  BXPC     00000001 BXPC 00000001)
[    0.047936] ACPI: FACS 0x000000007FFE0000 000040
[    0.053869] ACPI: APIC 0x000000007FFE1A53 000080 (v01 BOCHS  BXPC     00000001 BXPC 00000001)
[    0.056708] ACPI: HPET 0x000000007FFE1AD3 000038 (v01 BOCHS  BXPC     00000001 BXPC 00000001)
[    0.059392] ACPI: WAET 0x000000007FFE1B0B 000028 (v01 BOCHS  BXPC     00000001 BXPC 00000001)
[    0.061735] ACPI: Reserving FACP table memory at [mem 0x7ffe19df-0x7ffe1a52]
[    0.064337] ACPI: Reserving DSDT table memory at [mem 0x7ffe0040-0x7ffe19de]
[    0.071831] ACPI: Reserving FACS table memory at [mem 0x7ffe0000-0x7ffe003f]
[    0.073862] ACPI: Reserving APIC table memory at [mem 0x7ffe1a53-0x7ffe1ad2]
[    0.076173] ACPI: Reserving HPET table memory at [mem 0x7ffe1ad3-0x7ffe1b0a]
[    0.078500] ACPI: Reserving WAET table memory at [mem 0x7ffe1b0b-0x7ffe1b32]
[    0.081439] No NUMA configuration found
[    0.082840] Faking a node at [mem 0x0000000000000000-0x000000007ffdffff]
[    0.085758] NODE_DATA(0) allocated [mem 0x7fe82940-0x7fe85fff]
[    0.088316] Zone ranges:
[    0.089183]   DMA      [mem 0x0000000000001000-0x0000000000ffffff]
[    0.091191]   DMA32    [mem 0x0000000001000000-0x000000007ffdffff]
[    0.093140]   Normal   empty
[    0.094033] Movable zone start for each node
[    0.095364] Early memory node ranges
[    0.096503]   node   0: [mem 0x0000000000001000-0x000000000009efff]
[    0.098624]   node   0: [mem 0x0000000000100000-0x000000007ffdffff]
[    0.100909] Initmem setup node 0 [mem 0x0000000000001000-0x000000007ffdffff]
[    0.104263] On node 0, zone DMA: 1 pages in unavailable ranges
[    0.106192] On node 0, zone DMA: 97 pages in unavailable ranges
[    0.126841] On node 0, zone DMA32: 32 pages in unavailable ranges
[    0.225395] kasan: KernelAddressSanitizer initialized
[    0.227557] ACPI: PM-Timer IO Port: 0x608
[    0.228611] ACPI: LAPIC_NMI (acpi_id[0xff] dfl dfl lint[0x1])
[    0.230832] IOAPIC[0]: apic_id 0, version 17, address 0xfec00000, GSI 0-23
[    0.236309] ACPI: INT_SRC_OVR (bus 0 bus_irq 0 global_irq 2 dfl dfl)
[    0.238161] ACPI: INT_SRC_OVR (bus 0 bus_irq 5 global_irq 5 high level)
[    0.239906] ACPI: INT_SRC_OVR (bus 0 bus_irq 9 global_irq 9 high level)
[    0.241764] ACPI: INT_SRC_OVR (bus 0 bus_irq 10 global_irq 10 high level)
[    0.243749] ACPI: INT_SRC_OVR (bus 0 bus_irq 11 global_irq 11 high level)
[    0.246513] ACPI: Using ACPI (MADT) for SMP configuration information
[    0.249483] ACPI: HPET id: 0x8086a201 base: 0xfed00000
[    0.251958] TSC deadline timer available
[    0.253392] CPU topo: Max. logical packages:   1
[    0.255064] CPU topo: Max. logical dies:       1
[    0.256458] CPU topo: Max. dies per package:   1
[    0.257720] CPU topo: Max. threads per core:   1
[    0.259027] CPU topo: Num. cores per package:     2
[    0.261743] CPU topo: Num. threads per package:   2
[    0.263939] CPU topo: Allowing 2 present CPUs plus 0 hotplug CPUs
[    0.267197] kvm-guest: APIC: eoi() replaced with kvm_guest_apic_eoi_write()
[    0.270793] kvm-guest: KVM setup pv remote TLB flush
[    0.272488] kvm-guest: setup PV sched yield
[    0.273848] PM: hibernation: Registered nosave memory: [mem 0x00000000-0x00000fff]
[    0.276132] PM: hibernation: Registered nosave memory: [mem 0x0009f000-0x0009ffff]
[    0.278359] PM: hibernation: Registered nosave memory: [mem 0x000a0000-0x000effff]
[    0.281016] PM: hibernation: Registered nosave memory: [mem 0x000f0000-0x000fffff]
[    0.283489] [mem 0x80000000-0xfeffbfff] available for PCI devices
[    0.285954] Booting paravirtualized kernel on KVM
[    0.289208] clocksource: refined-jiffies: mask: 0xffffffff max_cycles: 0xffffffff, max_idle_ns: 1910969940391419 ns
[    0.305934] setup_percpu: NR_CPUS:64 nr_cpumask_bits:2 nr_cpu_ids:2 nr_node_ids:1
[    0.309273] percpu: Embedded 68 pages/cpu s241496 r8192 d28840 u1048576
[    0.311397] Kernel command line: console=ttyS0 oops=panic panic=-1 nokaslr earlyprintk=serial
[    0.314415] Unknown kernel command line parameters "nokaslr", will be passed to user space.
[    0.319818] random: crng init done
[    0.322025] Dentry cache hash table entries: 262144 (order: 9, 2097152 bytes, linear)
[    0.326931] Inode-cache hash table entries: 131072 (order: 8, 1048576 bytes, linear)
[    0.329225] Fallback order for Node 0: 0 
[    0.329230] Built 1 zonelists, mobility grouping on.  Total pages: 524158
[    0.331744] Policy zone: DMA32
[    0.332512] mem auto-init: stack:all(zero), heap alloc:off, heap free:off
[    0.335074] stackdepot: allocating hash table via alloc_large_system_hash
[    0.337836] stackdepot hash table entries: 1048576 (order: 12, 16777216 bytes, linear)
[    0.372533] SLUB: HWalign=64, Order=0-3, MinObjects=0, CPUs=2, Nodes=1
Poking KASLR using RDRAND RDTSC...
[    0.376281] Dynamic Preempt: voluntary
[    0.378164] rcu: Preemptible hierarchical RCU implementation.
[    0.379452] rcu: 	RCU event tracing is enabled.
[    0.380532] rcu: 	RCU restricting CPUs from NR_CPUS=64 to nr_cpu_ids=2.
[    0.382132] 	Trampoline variant of Tasks RCU enabled.
[    0.383302] rcu: RCU calculated value of scheduler-enlistment delay is 100 jiffies.
[    0.385130] rcu: Adjusting geometry for rcu_fanout_leaf=16, nr_cpu_ids=2
[    0.386857] RCU Tasks: Setting shift to 1 and lim to 1 rcu_task_cb_adjust=1 rcu_task_cpu_ids=2.
[    0.398779] NR_IRQS: 4352, nr_irqs: 440, preallocated irqs: 16
[    0.400411] rcu: srcu_init: Setting srcu_struct sizes based on contention.
[    0.409848] Console: colour VGA+ 80x25
[    0.410718] printk: legacy console [ttyS0] enabled
[    0.410718] printk: legacy console [ttyS0] enabled
[    0.412647] printk: legacy bootconsole [earlyser0] disabled
[    0.412647] printk: legacy bootconsole [earlyser0] disabled
[    0.415177] ACPI: Core revision 20240827
[    0.418644] clocksource: hpet: mask: 0xffffffff max_cycles: 0xffffffff, max_idle_ns: 19112604467 ns
[    0.420791] APIC: Switch to symmetric I/O mode setup
[    0.422116] kvm-guest: APIC: send_IPI_mask() replaced with kvm_send_ipi_mask()
[    0.424029] kvm-guest: APIC: send_IPI_mask_allbutself() replaced with kvm_send_ipi_mask_allbutself()
[    0.426328] kvm-guest: setup PV IPIs
[    0.429390] ..TIMER: vector=0x30 apic1=0 pin1=2 apic2=-1 pin2=-1
[    0.431156] clocksource: tsc-early: mask: 0xffffffffffffffff max_cycles: 0x2b2c8ec87c7, max_idle_ns: 440795278598 ns
[    0.436196] Calibrating delay loop (skipped) preset value.. 5990.40 BogoMIPS (lpj=2995200)
[    0.437783] x86/cpu: User Mode Instruction Prevention (UMIP) activated
[    0.438504] Last level iTLB entries: 4KB 0, 2MB 0, 4MB 0
[    0.440195] Last level dTLB entries: 4KB 0, 2MB 0, 4MB 0, 1GB 0
[    0.441233] Spectre V1 : Mitigation: usercopy/swapgs barriers and __user pointer sanitization
[    0.442212] Spectre V2 : Spectre BHI mitigation: SW BHB clearing on syscall and VM exit
[    0.443193] Spectre V2 : Mitigation: Enhanced / Automatic IBRS
[    0.444194] Spectre V2 : Spectre v2 / SpectreRSB mitigation: Filling RSB on context switch
[    0.445195] Spectre V2 : Spectre v2 / PBRSB-eIBRS: Retire a single CALL on VMEXIT
[    0.446196] RETBleed: Mitigation: Enhanced IBRS
[    0.447197] Spectre V2 : mitigation: Enabling conditional Indirect Branch Prediction Barrier
[    0.448194] Speculative Store Bypass: Mitigation: Speculative Store Bypass disabled via prctl
[    0.449193] MMIO Stale Data: Unknown: No mitigations
[    0.450192] Register File Data Sampling: Vulnerable: No microcode
[    0.451246] x86/fpu: Supporting XSAVE feature 0x001: 'x87 floating point registers'
[    0.452194] x86/fpu: Supporting XSAVE feature 0x002: 'SSE registers'
[    0.453195] x86/fpu: Supporting XSAVE feature 0x004: 'AVX registers'
[    0.455202] x86/fpu: xstate_offset[2]:  576, xstate_sizes[2]:  256
[    0.456194] x86/fpu: Enabled xstate features 0x7, context size is 832 bytes, using 'compacted' format.
[    0.476936] Freeing SMP alternatives memory: 48K
[    0.477197] pid_max: default: 32768 minimum: 301
[    0.478314] LSM: initializing lsm=capability,selinux
[    0.479235] SELinux:  Initializing.
[    0.481264] Mount-cache hash table entries: 4096 (order: 3, 32768 bytes, linear)
[    0.482190] Mountpoint-cache hash table entries: 4096 (order: 3, 32768 bytes, linear)
[    0.483692] smpboot: CPU0: 13th Gen Intel(R) Core(TM) i9-13900H (family: 0x6, model: 0xba, stepping: 0x2)
[    0.484542] Performance Events: unsupported p6 CPU model 186 no PMU driver, software events only.
[    0.485279] signal: max sigframe size: 1776
[    0.486266] rcu: Hierarchical SRCU implementation.
[    0.487199] rcu: 	Max phase no-delay instances is 400.
[    0.489298] Timer migration: 1 hierarchy levels; 8 children per group; 1 crossnode level
[    0.491415] smp: Bringing up secondary CPUs ...
[    0.494339] smpboot: x86: Booting SMP configuration:
[    0.495201] .... node  #0, CPUs:      #1
[    0.496342] smp: Brought up 1 node, 2 CPUs
[    0.498202] smpboot: Total of 2 processors activated (11980.80 BogoMIPS)
[    0.499830] Memory: 1675360K/2096632K available (51200K kernel code, 8607K rwdata, 11112K rodata, 5956K init, 1596K bss, 416232K reserved, 0K cma-reserved)
[    0.502298] devtmpfs: initialized
[    0.505663] clocksource: jiffies: mask: 0xffffffff max_cycles: 0xffffffff, max_idle_ns: 1911260446275000 ns
[    0.508244] futex hash table entries: 512 (order: 3, 32768 bytes, linear)
[    0.510490] PM: RTC time: 07:36:23, date: 2026-05-18
[    0.513006] NET: Registered PF_NETLINK/PF_ROUTE protocol family
[    0.514633] audit: initializing netlink subsys (disabled)
[    0.516505] audit: type=2000 audit(1779089783.471:1): state=initialized audit_enabled=0 res=1
[    0.517433] thermal_sys: Registered thermal governor 'step_wise'
[    0.518201] thermal_sys: Registered thermal governor 'user_space'
[    0.519257] cpuidle: using governor menu
[    0.521850] PCI: Using configuration type 1 for base access
[    0.522481] kprobes: kprobe jump-optimization is enabled. All kprobes are optimized if possible.
[    0.524533] HugeTLB: registered 2.00 MiB page size, pre-allocated 0 pages
[    0.525201] HugeTLB: 28 KiB vmemmap can be freed for a 2.00 MiB page
[    0.527365] ACPI: Added _OSI(Module Device)
[    0.528203] ACPI: Added _OSI(Processor Device)
[    0.529232] ACPI: Added _OSI(3.0 _SCP Extensions)
[    0.530205] ACPI: Added _OSI(Processor Aggregator Device)
[    0.541582] ACPI: 1 ACPI AML tables successfully acquired and loaded
[    0.544572] ACPI: Interpreter enabled
[    0.545246] ACPI: PM: (supports S0 S3 S4 S5)
[    0.546199] ACPI: Using IOAPIC for interrupt routing
[    0.547248] PCI: Using host bridge windows from ACPI; if necessary, use "pci=nocrs" and report a bug
[    0.548198] PCI: Using E820 reservations for host bridge windows
[    0.549728] ACPI: Enabled 2 GPEs in block 00 to 0F
[    0.567298] ACPI: PCI Root Bridge [PCI0] (domain 0000 [bus 00-ff])
[    0.568223] acpi PNP0A03:00: _OSC: OS supports [ASPM ClockPM Segments MSI HPX-Type3]
[    0.569199] acpi PNP0A03:00: _OSC: not requesting OS control; OS requires [ExtendedConfig ASPM ClockPM MSI]
[    0.570296] acpi PNP0A03:00: fail to add MMCONFIG information, can't access extended configuration space under this bridge
[    0.571487] PCI host bridge to bus 0000:00
[    0.572236] pci_bus 0000:00: root bus resource [io  0x0000-0x0cf7 window]
[    0.573203] pci_bus 0000:00: root bus resource [io  0x0d00-0xffff window]
[    0.574209] pci_bus 0000:00: root bus resource [mem 0x000a0000-0x000bffff window]
[    0.575202] pci_bus 0000:00: root bus resource [mem 0x80000000-0xfebfffff window]
[    0.576218] pci_bus 0000:00: root bus resource [mem 0x100000000-0x17fffffff window]
[    0.577213] pci_bus 0000:00: root bus resource [bus 00-ff]
[    0.578304] pci 0000:00:00.0: [8086:1237] type 00 class 0x060000 conventional PCI endpoint
[    0.586271] pci 0000:00:01.0: [8086:7000] type 00 class 0x060100 conventional PCI endpoint
[    0.595244] pci 0000:00:01.1: [8086:7010] type 00 class 0x010180 conventional PCI endpoint
[    0.598011] pci 0000:00:01.1: BAR 4 [io  0xc040-0xc04f]
[    0.598958] pci 0000:00:01.1: BAR 0 [io  0x01f0-0x01f7]: legacy IDE quirk
[    0.599204] pci 0000:00:01.1: BAR 1 [io  0x03f6]: legacy IDE quirk
[    0.600199] pci 0000:00:01.1: BAR 2 [io  0x0170-0x0177]: legacy IDE quirk
[    0.601198] pci 0000:00:01.1: BAR 3 [io  0x0376]: legacy IDE quirk
[    0.603132] pci 0000:00:01.3: [8086:7113] type 00 class 0x068000 conventional PCI endpoint
[    0.604239] pci 0000:00:01.3: quirk: [io  0x0600-0x063f] claimed by PIIX4 ACPI
[    0.605221] pci 0000:00:01.3: quirk: [io  0x0700-0x070f] claimed by PIIX4 SMB
[    0.606814] pci 0000:00:02.0: [1234:1111] type 00 class 0x030000 conventional PCI endpoint
[    0.608892] pci 0000:00:02.0: BAR 0 [mem 0xfd000000-0xfdffffff pref]
[    0.611269] pci 0000:00:02.0: BAR 2 [mem 0xfebf0000-0xfebf0fff]
[    0.616567] pci 0000:00:02.0: ROM [mem 0xfebe0000-0xfebeffff pref]
[    0.617543] pci 0000:00:02.0: Video device with shadowed ROM at [mem 0x000c0000-0x000dffff]
[    0.624711] pci 0000:00:03.0: [8086:100e] type 00 class 0x020000 conventional PCI endpoint
[    0.626271] pci 0000:00:03.0: BAR 0 [mem 0xfebc0000-0xfebdffff]
[    0.628241] pci 0000:00:03.0: BAR 1 [io  0xc000-0xc03f]
[    0.633800] pci 0000:00:03.0: ROM [mem 0xfeb80000-0xfebbffff pref]
[    0.643489] ACPI: PCI: Interrupt link LNKA configured for IRQ 10
[    0.644793] ACPI: PCI: Interrupt link LNKB configured for IRQ 10
[    0.645767] ACPI: PCI: Interrupt link LNKC configured for IRQ 11
[    0.646745] ACPI: PCI: Interrupt link LNKD configured for IRQ 11
[    0.648262] ACPI: PCI: Interrupt link LNKS configured for IRQ 9
[    0.650745] iommu: Default domain type: Translated
[    0.651202] iommu: DMA domain TLB invalidation policy: lazy mode
[    0.652553] SCSI subsystem initialized
[    0.653390] ACPI: bus type USB registered
[    0.654256] usbcore: registered new interface driver usbfs
[    0.655223] usbcore: registered new interface driver hub
[    0.656219] usbcore: registered new device driver usb
[    0.657266] pps_core: LinuxPPS API ver. 1 registered
[    0.658198] pps_core: Software ver. 5.3.6 - Copyright 2005-2007 Rodolfo Giometti <giometti@linux.it>
[    0.659216] PTP clock support registered
[    0.660381] Advanced Linux Sound Architecture Driver Initialized.
[    0.661896] NetLabel: Initializing
[    0.662202] NetLabel:  domain hash size = 128
[    0.663198] NetLabel:  protocols = UNLABELED CIPSOv4 CALIPSO
[    0.664265] NetLabel:  unlabeled traffic allowed by default
[    0.665295] PCI: Using ACPI for IRQ routing
[    0.666505] pci 0000:00:02.0: vgaarb: setting as boot VGA device
[    0.667190] pci 0000:00:02.0: vgaarb: bridge control possible
[    0.667190] pci 0000:00:02.0: vgaarb: VGA device added: decodes=io+mem,owns=io+mem,locks=none
[    0.667205] vgaarb: loaded
[    0.668122] hpet0: at MMIO 0xfed00000, IRQs 2, 8, 0
[    0.668200] hpet0: 3 comparators, 64-bit 100.000000 MHz counter
[    0.672330] clocksource: Switched to clocksource kvm-clock
[    0.674288] VFS: Disk quotas dquot_6.6.0
[    0.675410] VFS: Dquot-cache hash table entries: 512 (order 0, 4096 bytes)
[    0.677839] pnp: PnP ACPI init
[    0.681580] pnp: PnP ACPI: found 6 devices
[    0.701367] clocksource: acpi_pm: mask: 0xffffff max_cycles: 0xffffff, max_idle_ns: 2085701024 ns
[    0.704104] NET: Registered PF_INET protocol family
[    0.705736] IP idents hash table entries: 32768 (order: 6, 262144 bytes, linear)
[    0.708566] tcp_listen_portaddr_hash hash table entries: 1024 (order: 2, 16384 bytes, linear)
[    0.711213] Table-perturb hash table entries: 65536 (order: 6, 262144 bytes, linear)
[    0.713323] TCP established hash table entries: 16384 (order: 5, 131072 bytes, linear)
[    0.716445] TCP bind hash table entries: 16384 (order: 7, 524288 bytes, linear)
[    0.718372] TCP: Hash tables configured (established 16384 bind 16384)
[    0.720197] UDP hash table entries: 1024 (order: 3, 32768 bytes, linear)
[    0.722070] UDP-Lite hash table entries: 1024 (order: 3, 32768 bytes, linear)
[    0.724669] NET: Registered PF_UNIX/PF_LOCAL protocol family
[    0.727008] RPC: Registered named UNIX socket transport module.
[    0.729841] RPC: Registered udp transport module.
[    0.733365] RPC: Registered tcp transport module.
[    0.734749] RPC: Registered tcp-with-tls transport module.
[    0.736342] RPC: Registered tcp NFSv4.1 backchannel transport module.
[    0.738865] pci_bus 0000:00: resource 4 [io  0x0000-0x0cf7 window]
[    0.740538] pci_bus 0000:00: resource 5 [io  0x0d00-0xffff window]
[    0.742287] pci_bus 0000:00: resource 6 [mem 0x000a0000-0x000bffff window]
[    0.744030] pci_bus 0000:00: resource 7 [mem 0x80000000-0xfebfffff window]
[    0.745752] pci_bus 0000:00: resource 8 [mem 0x100000000-0x17fffffff window]
[    0.748014] pci 0000:00:01.0: PIIX3: Enabling Passive Release
[    0.749777] pci 0000:00:00.0: Limiting direct PCI/PCI transfers
[    0.751600] PCI: CLS 0 bytes, default 64
[    0.753046] RAPL PMU: API unit is 2^-32 Joules, 0 fixed counters, 10737418240 ms ovfl timer
[    0.753145] Unpacking initramfs...
[    0.756471] clocksource: tsc: mask: 0xffffffffffffffff max_cycles: 0x2b2c8ec87c7, max_idle_ns: 440795278598 ns
[    0.763356] Initialise system trusted keyrings
[    0.765584] workingset: timestamp_bits=56 max_order=19 bucket_order=0
[    0.767806] NFS: Registering the id_resolver key type
[    0.769430] Key type id_resolver registered
[    0.770936] Key type id_legacy registered
[    0.772382] 9p: Installing v9fs 9p2000 file system support
[    0.781650] Freeing initrd memory: 1384K
[    0.787054] Key type asymmetric registered
[    0.788350] Asymmetric key parser 'x509' registered
[    0.789864] Block layer SCSI generic (bsg) driver version 0.4 loaded (major 251)
[    0.792452] io scheduler mq-deadline registered
[    0.793736] io scheduler kyber registered
[    0.795433] input: Power Button as /devices/LNXSYSTM:00/LNXPWRBN:00/input/input0
[    0.798075] ACPI: button: Power Button [PWRF]
[    0.800145] Serial: 8250/16550 driver, 4 ports, IRQ sharing enabled
[    0.802452] 00:04: ttyS0 at I/O 0x3f8 (irq = 4, base_baud = 115200) is a 16550A
[    0.806411] Non-volatile memory driver v1.3
[    0.808351] Linux agpgart interface v0.103
[    0.810215] ACPI: bus type drm_connector registered
[    0.816397] loop: module loaded
[    0.820429] scsi host0: ata_piix
[    0.822141] scsi host1: ata_piix
[    0.823501] ata1: PATA max MWDMA2 cmd 0x1f0 ctl 0x3f6 bmdma 0xc040 irq 14 lpm-pol 0
[    0.825841] ata2: PATA max MWDMA2 cmd 0x170 ctl 0x376 bmdma 0xc048 irq 15 lpm-pol 0
[    0.834115] e100: Intel(R) PRO/100 Network Driver
[    0.835482] e100: Copyright(c) 1999-2006 Intel Corporation
[    0.837580] e1000: Intel(R) PRO/1000 Network Driver
[    0.838914] e1000: Copyright (c) 1999-2006 Intel Corporation.
[    0.991838] ata2: found unknown device (class 0)
[    0.994176] ata2.00: ATAPI: QEMU DVD-ROM, 2.5+, max UDMA/100
[    0.997232] scsi 1:0:0:0: CD-ROM            QEMU     QEMU DVD-ROM     2.5+ PQ: 0 ANSI: 5
[    1.023462] sr 1:0:0:0: [sr0] scsi3-mmc drive: 4x/4x cd/rw xa/form2 tray
[    1.025136] cdrom: Uniform CD-ROM driver Revision: 3.20
[    1.038026] sr 1:0:0:0: Attached scsi generic sg0 type 5
[    1.284873] ACPI: \_SB_.LNKC: Enabled at IRQ 11
[    1.647169] e1000 0000:00:03.0 eth0: (PCI:33MHz:32-bit) 52:54:00:12:34:56
[    1.648752] e1000 0000:00:03.0 eth0: Intel(R) PRO/1000 Network Connection
[    1.650438] e1000e: Intel(R) PRO/1000 Network Driver
[    1.651675] e1000e: Copyright(c) 1999 - 2015 Intel Corporation.
[    1.653172] sky2: driver version 1.30
[    1.655182] usbcore: registered new interface driver usblp
[    1.656523] usbcore: registered new interface driver usb-storage
[    1.658082] i8042: PNP: PS/2 Controller [PNP0303:KBD,PNP0f13:MOU] at 0x60,0x64 irq 1,12
[    1.661128] serio: i8042 KBD port at 0x60,0x64 irq 1
[    1.663887] serio: i8042 AUX port at 0x60,0x64 irq 12
[    1.667175] input: AT Translated Set 2 keyboard as /devices/platform/i8042/serio0/input/input1
[    1.667424] rtc_cmos 00:05: RTC can wake from S4
[    1.673692] rtc_cmos 00:05: registered as rtc0
[    1.675001] rtc_cmos 00:05: alarms up to one day, y3k, 242 bytes nvram, hpet irqs
[    1.677166] device-mapper: ioctl: 4.48.0-ioctl (2023-03-01) initialised: dm-devel@lists.linux.dev
[    1.681140] intel_pstate: CPU model not supported
[    1.684176] hid: raw HID events driver (C) Jiri Kosina
[    1.686479] usbcore: registered new interface driver usbhid
[    1.688551] usbhid: USB HID core driver
[    1.691589] Initializing XFRM netlink socket
[    1.692640] NET: Registered PF_INET6 protocol family
[    1.695879] Segment Routing with IPv6
[    1.696903] In-situ OAM (IOAM) with IPv6
[    1.698008] sit: IPv6, IPv4 and MPLS over IPv4 tunneling driver
[    1.700470] NET: Registered PF_PACKET protocol family
[    1.701971] 9pnet: Installing 9P2000 support
[    1.705292] Key type dns_resolver registered
[    1.707624] IPI shorthand broadcast: enabled
[    1.721460] sched_clock: Marking stable (1692014765, 29296022)->(1860663374, -139352587)
[    1.724927] registered taskstats version 1
[    1.726986] Loading compiled-in X.509 certificates
[    1.737481] Demotion targets for Node 0: null
[    1.738924] PM:   Magic number: 10:667:622
[    1.740181] printk: legacy console [netcon0] enabled
[    1.741518] netconsole: network logging started
[    1.743161] cfg80211: Loading compiled-in X.509 certificates for regulatory database
[    1.746005] kworker/u8:1 (55) used greatest stack depth: 29488 bytes left
[    1.758959] Loaded X.509 cert 'sforshee: 00b28ddf47aef9cea7'
[    1.764688] Loaded X.509 cert 'wens: 61c038651aabdcf94bd0ac7ff06c7248db18c600'
[    1.767567] platform regulatory.0: Direct firmware load for regulatory.db failed with error -2
[    1.768682] ALSA device list:
[    1.770348] cfg80211: failed to load regulatory.db
[    1.771421]   No soundcards found.
[    1.777963] Freeing unused kernel image (initmem) memory: 5956K
[    1.779725] Write protecting the kernel read-only data: 63488k
[    1.785504] Freeing unused kernel image (rodata/data gap) memory: 1176K
[    1.811496] x86/mm: Checked W+X mappings: passed, no W+X pages found.
[    1.814112] Run /init as init process
[    1.835257] mkdir (58) used greatest stack depth: 28840 bytes left
[    1.897657] mount (59) used greatest stack depth: 28304 bytes left
[    1.921876] mount (60) used greatest stack depth: 28208 bytes left
[    2.146980] input: ImExPS/2 Generic Explorer Mouse as /devices/platform/i8042/serio1/input/input3

secb: rootfs ready
---- poc begin ----
[*] CVE-2025-40214 trigger (af_unix scc_index uninit -> recv-queue UAF)
[*] userns + RLIMIT_NOFILE configured
[*] gc-trigger thread up on CPU 1
[*] attempt 1/256: prepare_uaf
[*] attempt 1/256: trigger_uaf (close B, GC, recvfds C)
[*] attempt 1/256: trigger_uaf -> 0
[    2.429982] hrtimer: interrupt took 5539676 ns
[*] attempt 2/256: prepare_uaf
[*] attempt 2/256: trigger_uaf (close B, GC, recvfds C)
[*] attempt 2/256: trigger_uaf -> 0
[*] attempt 3/256: prepare_uaf
[*] attempt 3/256: trigger_uaf (close B, GC, recvfds C)
[*] attempt 3/256: trigger_uaf -> 0
[*] attempt 4/256: prepare_uaf
[*] attempt 4/256: trigger_uaf (close B, GC, recvfds C)
[*] attempt 4/256: trigger_uaf -> 0
[*] attempt 5/256: prepare_uaf
[*] attempt 5/256: trigger_uaf (close B, GC, recvfds C)
[*] attempt 5/256: trigger_uaf -> 0
[*] attempt 6/256: prepare_uaf
[*] attempt 6/256: trigger_uaf (close B, GC, recvfds C)
[*] attempt 6/256: trigger_uaf -> 0
[*] attempt 7/256: prepare_uaf
[*] attempt 7/256: trigger_uaf (close B, GC, recvfds C)
[*] attempt 7/256: trigger_uaf -> 0
[*] attempt 8/256: prepare_uaf
[*] attempt 8/256: trigger_uaf (close B, GC, recvfds C)
[*] attempt 8/256: trigger_uaf -> 0
[*] attempt 9/256: prepare_uaf
[*] attempt 9/256: trigger_uaf (close B, GC, recvfds C)
[*] attempt 9/256: trigger_uaf -> 0
[*] attempt 10/256: prepare_uaf
[*] attempt 10/256: trigger_uaf (close B, GC, recvfds C)
[*] attempt 10/256: trigger_uaf -> 0
[*] attempt 11/256: prepare_uaf
[*] attempt 11/256: trigger_uaf (close B, GC, recvfds C)
[*] attempt 11/256: trigger_uaf -> 0
[*] attempt 12/256: prepare_uaf
[*] attempt 12/256: trigger_uaf (close B, GC, recvfds C)
[*] attempt 12/256: trigger_uaf -> 0
[*] attempt 13/256: prepare_uaf
[*] attempt 13/256: trigger_uaf (close B, GC, recvfds C)
[*] attempt 13/256: trigger_uaf -> 0
[*] attempt 14/256: prepare_uaf
[*] attempt 14/256: trigger_uaf (close B, GC, recvfds C)
[*] attempt 14/256: trigger_uaf -> 0
[*] attempt 15/256: prepare_uaf
[*] attempt 15/256: trigger_uaf (close B, GC, recvfds C)
[*] attempt 15/256: trigger_uaf -> 0
[*] attempt 16/256: prepare_uaf
[*] attempt 16/256: trigger_uaf (close B, GC, recvfds C)
[*] attempt 16/256: trigger_uaf -> 0
[*] attempt 17/256: prepare_uaf
[*] attempt 17/256: trigger_uaf (close B, GC, recvfds C)
[*] attempt 17/256: trigger_uaf -> 0
[*] attempt 18/256: prepare_uaf
[*] attempt 18/256: trigger_uaf (close B, GC, recvfds C)
[*] attempt 18/256: trigger_uaf -> 0
[*] attempt 19/256: prepare_uaf
[*] attempt 19/256: trigger_uaf (close B, GC, recvfds C)
[*] attempt 19/256: trigger_uaf -> 0
[*] attempt 20/256: prepare_uaf
[*] attempt 20/256: trigger_uaf (close B, GC, recvfds C)
[*] attempt 20/256: trigger_uaf -> 0
[*] attempt 21/256: prepare_uaf
[*] attempt 21/256: trigger_uaf (close B, GC, recvfds C)
[*] attempt 21/256: trigger_uaf -> 0
[*] attempt 22/256: prepare_uaf
[*] attempt 22/256: trigger_uaf (close B, GC, recvfds C)
[*] attempt 22/256: trigger_uaf -> 0
[*] attempt 23/256: prepare_uaf
[*] attempt 23/256: trigger_uaf (close B, GC, recvfds C)
[*] attempt 23/256: trigger_uaf -> 0
[*] attempt 24/256: prepare_uaf
[*] attempt 24/256: trigger_uaf (close B, GC, recvfds C)
[*] attempt 24/256: trigger_uaf -> 0
[*] attempt 25/256: prepare_uaf
[*] attempt 25/256: trigger_uaf (close B, GC, recvfds C)
[*] attempt 25/256: trigger_uaf -> 0
[*] attempt 26/256: prepare_uaf
[*] attempt 26/256: trigger_uaf (close B, GC, recvfds C)
[*] attempt 26/256: trigger_uaf -> 0
[*] attempt 27/256: prepare_uaf
[*] attempt 27/256: trigger_uaf (close B, GC, recvfds C)
[*] attempt 27/256: trigger_uaf -> 0
[*] attempt 28/256: prepare_uaf
[*] attempt 28/256: trigger_uaf (close B, GC, recvfds C)
[*] attempt 28/256: trigger_uaf -> 0
[*] attempt 29/256: prepare_uaf
[*] attempt 29/256: trigger_uaf (close B, GC, recvfds C)
[*] attempt 29/256: trigger_uaf -> 0
[*] attempt 30/256: prepare_uaf
[*] attempt 30/256: trigger_uaf (close B, GC, recvfds C)
[*] attempt 30/256: trigger_uaf -> 0
[*] attempt 31/256: prepare_uaf
[*] attempt 31/256: trigger_uaf (close B, GC, recvfds C)
[*] attempt 31/256: trigger_uaf -> 0
[*] attempt 32/256: prepare_uaf
[*] attempt 32/256: trigger_uaf (close B, GC, recvfds C)
[*] attempt 32/256: trigger_uaf -> 0
[*] attempt 33/256: prepare_uaf
[*] attempt 33/256: trigger_uaf (close B, GC, recvfds C)
[*] attempt 33/256: trigger_uaf -> 0
[*] attempt 34/256: prepare_uaf
[*] attempt 34/256: trigger_uaf (close B, GC, recvfds C)
[*] attempt 34/256: trigger_uaf -> 0
[*] attempt 35/256: prepare_uaf
[*] attempt 35/256: trigger_uaf (close B, GC, recvfds C)
[*] attempt 35/256: trigger_uaf -> 0
[*] attempt 36/256: prepare_uaf
[*] attempt 36/256: trigger_uaf (close B, GC, recvfds C)
[*] attempt 36/256: trigger_uaf -> 0
[*] attempt 37/256: prepare_uaf
[*] attempt 37/256: trigger_uaf (close B, GC, recvfds C)
[*] attempt 37/256: trigger_uaf -> 0
[*] attempt 38/256: prepare_uaf
[*] attempt 38/256: trigger_uaf (close B, GC, recvfds C)
[*] attempt 38/256: trigger_uaf -> 0
[*] attempt 39/256: prepare_uaf
[*] attempt 39/256: trigger_uaf (close B, GC, recvfds C)
[*] attempt 39/256: trigger_uaf -> 0
[*] attempt 40/256: prepare_uaf
[*] attempt 40/256: trigger_uaf (close B, GC, recvfds C)
[*] attempt 40/256: trigger_uaf -> 0
[*] attempt 41/256: prepare_uaf
[*] attempt 41/256: trigger_uaf (close B, GC, recvfds C)
[*] attempt 41/256: trigger_uaf -> 0
[*] attempt 42/256: prepare_uaf
[*] attempt 42/256: trigger_uaf (close B, GC, recvfds C)
[*] attempt 42/256: trigger_uaf -> 0
[*] attempt 43/256: prepare_uaf
[*] attempt 43/256: trigger_uaf (close B, GC, recvfds C)
[*] attempt 43/256: trigger_uaf -> 0
[*] attempt 44/256: prepare_uaf
[*] attempt 44/256: trigger_uaf (close B, GC, recvfds C)
[*] attempt 44/256: trigger_uaf -> 0
[*] attempt 45/256: prepare_uaf
[*] attempt 45/256: trigger_uaf (close B, GC, recvfds C)
[*] attempt 45/256: trigger_uaf -> 0
[*] attempt 46/256: prepare_uaf
[*] attempt 46/256: trigger_uaf (close B, GC, recvfds C)
[*] attempt 46/256: trigger_uaf -> 0
[*] attempt 47/256: prepare_uaf
[*] attempt 47/256: trigger_uaf (close B, GC, recvfds C)
[*] attempt 47/256: trigger_uaf -> 0
[*] attempt 48/256: prepare_uaf
[*] attempt 48/256: trigger_uaf (close B, GC, recvfds C)
[*] attempt 48/256: trigger_uaf -> 0
[*] attempt 49/256: prepare_uaf
[*] attempt 49/256: trigger_uaf (close B, GC, recvfds C)
[*] attempt 49/256: trigger_uaf -> 0
[*] attempt 50/256: prepare_uaf
[*] attempt 50/256: trigger_uaf (close B, GC, recvfds C)
[*] attempt 50/256: trigger_uaf -> 0
[*] attempt 51/256: prepare_uaf
[*] attempt 51/256: trigger_uaf (close B, GC, recvfds C)
[*] attempt 51/256: trigger_uaf -> 0
[*] attempt 52/256: prepare_uaf
[*] attempt 52/256: trigger_uaf (close B, GC, recvfds C)
[*] attempt 52/256: trigger_uaf -> 0
[*] attempt 53/256: prepare_uaf
[*] attempt 53/256: trigger_uaf (close B, GC, recvfds C)
[*] attempt 53/256: trigger_uaf -> 0
[*] attempt 54/256: prepare_uaf
[*] attempt 54/256: trigger_uaf (close B, GC, recvfds C)
[*] attempt 54/256: trigger_uaf -> 0
[*] attempt 55/256: prepare_uaf
[*] attempt 55/256: trigger_uaf (close B, GC, recvfds C)
[*] attempt 55/256: trigger_uaf -> 0
[*] attempt 56/256: prepare_uaf
[*] attempt 56/256: trigger_uaf (close B, GC, recvfds C)
[*] attempt 56/256: trigger_uaf -> 0
[*] attempt 57/256: prepare_uaf
[*] attempt 57/256: trigger_uaf (close B, GC, recvfds C)
[*] attempt 57/256: trigger_uaf -> 0
[*] attempt 58/256: prepare_uaf
[*] attempt 58/256: trigger_uaf (close B, GC, recvfds C)
[*] attempt 58/256: trigger_uaf -> 0
[*] attempt 59/256: prepare_uaf
[*] attempt 59/256: trigger_uaf (close B, GC, recvfds C)
[*] attempt 59/256: trigger_uaf -> 0
[*] attempt 60/256: prepare_uaf
[*] attempt 60/256: trigger_uaf (close B, GC, recvfds C)
[*] attempt 60/256: trigger_uaf -> 0
[*] attempt 61/256: prepare_uaf
[*] attempt 61/256: trigger_uaf (close B, GC, recvfds C)
[*] attempt 61/256: trigger_uaf -> 0
[*] attempt 62/256: prepare_uaf
[*] attempt 62/256: trigger_uaf (close B, GC, recvfds C)
[*] attempt 62/256: trigger_uaf -> 0
[*] attempt 63/256: prepare_uaf
[*] attempt 63/256: trigger_uaf (close B, GC, recvfds C)
[*] attempt 63/256: trigger_uaf -> 0
[*] attempt 64/256: prepare_uaf
[*] attempt 64/256: trigger_uaf (close B, GC, recvfds C)
[*] attempt 64/256: trigger_uaf -> 0
[*] attempt 65/256: prepare_uaf
[*] attempt 65/256: trigger_uaf (close B, GC, recvfds C)
[*] attempt 65/256: trigger_uaf -> 0
[*] attempt 66/256: prepare_uaf
[*] attempt 66/256: trigger_uaf (close B, GC, recvfds C)
[*] attempt 66/256: trigger_uaf -> 0
[*] attempt 67/256: prepare_uaf
[*] attempt 67/256: trigger_uaf (close B, GC, recvfds C)
[*] attempt 67/256: trigger_uaf -> 0
[*] attempt 68/256: prepare_uaf
[*] attempt 68/256: trigger_uaf (close B, GC, recvfds C)
[*] attempt 68/256: trigger_uaf -> 0
[*] attempt 69/256: prepare_uaf
[*] attempt 69/256: trigger_uaf (close B, GC, recvfds C)
[*] attempt 69/256: trigger_uaf -> 0
[*] attempt 70/256: prepare_uaf
[*] attempt 70/256: trigger_uaf (close B, GC, recvfds C)
[*] attempt 70/256: trigger_uaf -> 0
[*] attempt 71/256: prepare_uaf
[*] attempt 71/256: trigger_uaf (close B, GC, recvfds C)
[*] attempt 71/256: trigger_uaf -> 0
[*] attempt 72/256: prepare_uaf
[*] attempt 72/256: trigger_uaf (close B, GC, recvfds C)
[*] attempt 72/256: trigger_uaf -> 0
[*] attempt 73/256: prepare_uaf
[*] attempt 73/256: trigger_uaf (close B, GC, recvfds C)
[*] attempt 73/256: trigger_uaf -> 0
[*] attempt 74/256: prepare_uaf
[*] attempt 74/256: trigger_uaf (close B, GC, recvfds C)
[*] attempt 74/256: trigger_uaf -> 0
[*] attempt 75/256: prepare_uaf
[*] attempt 75/256: trigger_uaf (close B, GC, recvfds C)
[*] attempt 75/256: trigger_uaf -> 0
[*] attempt 76/256: prepare_uaf
[*] attempt 76/256: trigger_uaf (close B, GC, recvfds C)
[*] attempt 76/256: trigger_uaf -> 0
[*] attempt 77/256: prepare_uaf
[*] attempt 77/256: trigger_uaf (close B, GC, recvfds C)
[*] attempt 77/256: trigger_uaf -> 0
[*] attempt 78/256: prepare_uaf
[*] attempt 78/256: trigger_uaf (close B, GC, recvfds C)
[*] attempt 78/256: trigger_uaf -> 0
[*] attempt 79/256: prepare_uaf
[*] attempt 79/256: trigger_uaf (close B, GC, recvfds C)
[*] attempt 79/256: trigger_uaf -> 0
[*] attempt 80/256: prepare_uaf
[*] attempt 80/256: trigger_uaf (close B, GC, recvfds C)
[*] attempt 80/256: trigger_uaf -> 0
[*] attempt 81/256: prepare_uaf
[*] attempt 81/256: trigger_uaf (close B, GC, recvfds C)
[*] attempt 81/256: trigger_uaf -> 0
[*] attempt 82/256: prepare_uaf
[*] attempt 82/256: trigger_uaf (close B, GC, recvfds C)
[*] attempt 82/256: trigger_uaf -> 0
[*] attempt 83/256: prepare_uaf
[*] attempt 83/256: trigger_uaf (close B, GC, recvfds C)
[*] attempt 83/256: trigger_uaf -> 0
[*] attempt 84/256: prepare_uaf
[*] attempt 84/256: trigger_uaf (close B, GC, recvfds C)
[*] attempt 84/256: trigger_uaf -> 0
[*] attempt 85/256: prepare_uaf
[*] attempt 85/256: trigger_uaf (close B, GC, recvfds C)
[*] attempt 85/256: trigger_uaf -> 0
[*] attempt 86/256: prepare_uaf
[*] attempt 86/256: trigger_uaf (close B, GC, recvfds C)
[*] attempt 86/256: trigger_uaf -> 0
[*] attempt 87/256: prepare_uaf
[*] attempt 87/256: trigger_uaf (close B, GC, recvfds C)
[*] attempt 87/256: trigger_uaf -> 0
[*] attempt 88/256: prepare_uaf
[*] attempt 88/256: trigger_uaf (close B, GC, recvfds C)
[*] attempt 88/256: trigger_uaf -> 0
[*] attempt 89/256: prepare_uaf
[*] attempt 89/256: trigger_uaf (close B, GC, recvfds C)
[*] attempt 89/256: trigger_uaf -> 0
[*] attempt 90/256: prepare_uaf
[*] attempt 90/256: trigger_uaf (close B, GC, recvfds C)
[*] attempt 90/256: trigger_uaf -> 0
[*] attempt 91/256: prepare_uaf
[*] attempt 91/256: trigger_uaf (close B, GC, recvfds C)
[*] attempt 91/256: trigger_uaf -> 0
[*] attempt 92/256: prepare_uaf
[*] attempt 92/256: trigger_uaf (close B, GC, recvfds C)
[*] attempt 92/256: trigger_uaf -> 0
[*] attempt 93/256: prepare_uaf
[*] attempt 93/256: trigger_uaf (close B, GC, recvfds C)
[*] attempt 93/256: trigger_uaf -> 0
[*] attempt 94/256: prepare_uaf
[*] attempt 94/256: trigger_uaf (close B, GC, recvfds C)
[*] attempt 94/256: trigger_uaf -> 0
[*] attempt 95/256: prepare_uaf
[*] attempt 95/256: trigger_uaf (close B, GC, recvfds C)
[*] attempt 95/256: trigger_uaf -> 0
[*] attempt 96/256: prepare_uaf
[*] attempt 96/256: trigger_uaf (close B, GC, recvfds C)
[*] attempt 96/256: trigger_uaf -> 0
[*] attempt 97/256: prepare_uaf
[*] attempt 97/256: trigger_uaf (close B, GC, recvfds C)
[*] attempt 97/256: trigger_uaf -> 0
[*] attempt 98/256: prepare_uaf
[*] attempt 98/256: trigger_uaf (close B, GC, recvfds C)
[*] attempt 98/256: trigger_uaf -> 0
[*] attempt 99/256: prepare_uaf
[*] attempt 99/256: trigger_uaf (close B, GC, recvfds C)
[*] attempt 99/256: trigger_uaf -> 0
[*] attempt 100/256: prepare_uaf
[*] attempt 100/256: trigger_uaf (close B, GC, recvfds C)
[*] attempt 100/256: trigger_uaf -> 0
[*] attempt 101/256: prepare_uaf
[*] attempt 101/256: trigger_uaf (close B, GC, recvfds C)
[*] attempt 101/256: trigger_uaf -> 0
[*] attempt 102/256: prepare_uaf
[*] attempt 102/256: trigger_uaf (close B, GC, recvfds C)
[*] attempt 102/256: trigger_uaf -> 0
[*] attempt 103/256: prepare_uaf
[*] attempt 103/256: trigger_uaf (close B, GC, recvfds C)
[*] attempt 103/256: trigger_uaf -> 0
[*] attempt 104/256: prepare_uaf
[*] attempt 104/256: trigger_uaf (close B, GC, recvfds C)
[*] attempt 104/256: trigger_uaf -> 0
[*] attempt 105/256: prepare_uaf
[*] attempt 105/256: trigger_uaf (close B, GC, recvfds C)
[*] attempt 105/256: trigger_uaf -> 0
[*] attempt 106/256: prepare_uaf
[*] attempt 106/256: trigger_uaf (close B, GC, recvfds C)
[*] attempt 106/256: trigger_uaf -> 0
[*] attempt 107/256: prepare_uaf
[*] attempt 107/256: trigger_uaf (close B, GC, recvfds C)
[*] attempt 107/256: trigger_uaf -> 0
[*] attempt 108/256: prepare_uaf
[*] attempt 108/256: trigger_uaf (close B, GC, recvfds C)
[*] attempt 108/256: trigger_uaf -> 0
[*] attempt 109/256: prepare_uaf
[*] attempt 109/256: trigger_uaf (close B, GC, recvfds C)
[*] attempt 109/256: trigger_uaf -> 0
[*] attempt 110/256: prepare_uaf
[*] attempt 110/256: trigger_uaf (close B, GC, recvfds C)
[*] attempt 110/256: trigger_uaf -> 0
[*] attempt 111/256: prepare_uaf
[*] attempt 111/256: trigger_uaf (close B, GC, recvfds C)
[*] attempt 111/256: trigger_uaf -> 0
[*] attempt 112/256: prepare_uaf
[*] attempt 112/256: trigger_uaf (close B, GC, recvfds C)
[*] attempt 112/256: trigger_uaf -> 0
[*] attempt 113/256: prepare_uaf
[*] attempt 113/256: trigger_uaf (close B, GC, recvfds C)
[*] attempt 113/256: trigger_uaf -> 0
[*] attempt 114/256: prepare_uaf
[*] attempt 114/256: trigger_uaf (close B, GC, recvfds C)
[*] attempt 114/256: trigger_uaf -> 0
[*] attempt 115/256: prepare_uaf
[*] attempt 115/256: trigger_uaf (close B, GC, recvfds C)
[*] attempt 115/256: trigger_uaf -> 0
[*] attempt 116/256: prepare_uaf
[*] attempt 116/256: trigger_uaf (close B, GC, recvfds C)
[*] attempt 116/256: trigger_uaf -> 0
[*] attempt 117/256: prepare_uaf
[*] attempt 117/256: trigger_uaf (close B, GC, recvfds C)
[*] attempt 117/256: trigger_uaf -> 0
[*] attempt 118/256: prepare_uaf
[*] attempt 118/256: trigger_uaf (close B, GC, recvfds C)
[*] attempt 118/256: trigger_uaf -> 0
[*] attempt 119/256: prepare_uaf
[*] attempt 119/256: trigger_uaf (close B, GC, recvfds C)
[*] attempt 119/256: trigger_uaf -> 0
[*] attempt 120/256: prepare_uaf
[*] attempt 120/256: trigger_uaf (close B, GC, recvfds C)
[*] attempt 120/256: trigger_uaf -> 0
[*] attempt 121/256: prepare_uaf
[*] attempt 121/256: trigger_uaf (close B, GC, recvfds C)
[*] attempt 121/256: trigger_uaf -> 0
[*] attempt 122/256: prepare_uaf
[*] attempt 122/256: trigger_uaf (close B, GC, recvfds C)
[*] attempt 122/256: trigger_uaf -> 0
[*] attempt 123/256: prepare_uaf
[*] attempt 123/256: trigger_uaf (close B, GC, recvfds C)
[*] attempt 123/256: trigger_uaf -> 0
[*] attempt 124/256: prepare_uaf
[*] attempt 124/256: trigger_uaf (close B, GC, recvfds C)
[*] attempt 124/256: trigger_uaf -> 0
[*] attempt 125/256: prepare_uaf
[*] attempt 125/256: trigger_uaf (close B, GC, recvfds C)
[*] attempt 125/256: trigger_uaf -> 0
[*] attempt 126/256: prepare_uaf
[*] attempt 126/256: trigger_uaf (close B, GC, recvfds C)
[*] attempt 126/256: trigger_uaf -> 0
[*] attempt 127/256: prepare_uaf
[*] attempt 127/256: trigger_uaf (close B, GC, recvfds C)
[*] attempt 127/256: trigger_uaf -> 0
[*] attempt 128/256: prepare_uaf
[*] attempt 128/256: trigger_uaf (close B, GC, recvfds C)
[*] attempt 128/256: trigger_uaf -> 0
[*] attempt 129/256: prepare_uaf
[*] attempt 129/256: trigger_uaf (close B, GC, recvfds C)
[*] attempt 129/256: trigger_uaf -> 0
[*] attempt 130/256: prepare_uaf
[*] attempt 130/256: trigger_uaf (close B, GC, recvfds C)
[*] attempt 130/256: trigger_uaf -> 0
[*] attempt 131/256: prepare_uaf
[*] attempt 131/256: trigger_uaf (close B, GC, recvfds C)
[*] attempt 131/256: trigger_uaf -> 0
[*] attempt 132/256: prepare_uaf
[*] attempt 132/256: trigger_uaf (close B, GC, recvfds C)
[*] attempt 132/256: trigger_uaf -> 0
[*] attempt 133/256: prepare_uaf
[*] attempt 133/256: trigger_uaf (close B, GC, recvfds C)
[*] attempt 133/256: trigger_uaf -> 0
[*] attempt 134/256: prepare_uaf
[*] attempt 134/256: trigger_uaf (close B, GC, recvfds C)
[*] attempt 134/256: trigger_uaf -> 0
[*] attempt 135/256: prepare_uaf
[*] attempt 135/256: trigger_uaf (close B, GC, recvfds C)
[*] attempt 135/256: trigger_uaf -> 0
[*] attempt 136/256: prepare_uaf
[*] attempt 136/256: trigger_uaf (close B, GC, recvfds C)
[*] attempt 136/256: trigger_uaf -> 0
[*] attempt 137/256: prepare_uaf
[*] attempt 137/256: trigger_uaf (close B, GC, recvfds C)
[*] attempt 137/256: trigger_uaf -> 0
[*] attempt 138/256: prepare_uaf
[*] attempt 138/256: trigger_uaf (close B, GC, recvfds C)
[*] attempt 138/256: trigger_uaf -> 0
[*] attempt 139/256: prepare_uaf
[*] attempt 139/256: trigger_uaf (close B, GC, recvfds C)
[*] attempt 139/256: trigger_uaf -> 0
[*] attempt 140/256: prepare_uaf
[*] attempt 140/256: trigger_uaf (close B, GC, recvfds C)
[*] attempt 140/256: trigger_uaf -> 0
[*] attempt 141/256: prepare_uaf
[*] attempt 141/256: trigger_uaf (close B, GC, recvfds C)
[*] attempt 141/256: trigger_uaf -> 0
[*] attempt 142/256: prepare_uaf
[*] attempt 142/256: trigger_uaf (close B, GC, recvfds C)
[*] attempt 142/256: trigger_uaf -> 0
[*] attempt 143/256: prepare_uaf
[*] attempt 143/256: trigger_uaf (close B, GC, recvfds C)
[*] attempt 143/256: trigger_uaf -> 0
[*] attempt 144/256: prepare_uaf
[*] attempt 144/256: trigger_uaf (close B, GC, recvfds C)
[*] attempt 144/256: trigger_uaf -> 0
[*] attempt 145/256: prepare_uaf
[*] attempt 145/256: trigger_uaf (close B, GC, recvfds C)
[*] attempt 145/256: trigger_uaf -> 0
[*] attempt 146/256: prepare_uaf
[*] attempt 146/256: trigger_uaf (close B, GC, recvfds C)
[*] attempt 146/256: trigger_uaf -> 0
[*] attempt 147/256: prepare_uaf
[*] attempt 147/256: trigger_uaf (close B, GC, recvfds C)
[*] attempt 147/256: trigger_uaf -> 0
[*] attempt 148/256: prepare_uaf
[*] attempt 148/256: trigger_uaf (close B, GC, recvfds C)
[*] attempt 148/256: trigger_uaf -> 0
[*] attempt 149/256: prepare_uaf
[*] attempt 149/256: trigger_uaf (close B, GC, recvfds C)
[*] attempt 149/256: trigger_uaf -> 0
[*] attempt 150/256: prepare_uaf
[*] attempt 150/256: trigger_uaf (close B, GC, recvfds C)
[*] attempt 150/256: trigger_uaf -> 0
[*] attempt 151/256: prepare_uaf
[*] attempt 151/256: trigger_uaf (close B, GC, recvfds C)
[*] attempt 151/256: trigger_uaf -> 0
[*] attempt 152/256: prepare_uaf
[*] attempt 152/256: trigger_uaf (close B, GC, recvfds C)
[*] attempt 152/256: trigger_uaf -> 0
[*] attempt 153/256: prepare_uaf
[*] attempt 153/256: trigger_uaf (close B, GC, recvfds C)
[*] attempt 153/256: trigger_uaf -> 0
[*] attempt 154/256: prepare_uaf
[*] attempt 154/256: trigger_uaf (close B, GC, recvfds C)
[*] attempt 154/256: trigger_uaf -> 0
[*] attempt 155/256: prepare_uaf
[*] attempt 155/256: trigger_uaf (close B, GC, recvfds C)
[*] attempt 155/256: trigger_uaf -> 0
[*] attempt 156/256: prepare_uaf
[*] attempt 156/256: trigger_uaf (close B, GC, recvfds C)
[*] attempt 156/256: trigger_uaf -> 0
[*] attempt 157/256: prepare_uaf
[*] attempt 157/256: trigger_uaf (close B, GC, recvfds C)
[*] attempt 157/256: trigger_uaf -> 0
[*] attempt 158/256: prepare_uaf
[*] attempt 158/256: trigger_uaf (close B, GC, recvfds C)
[*] attempt 158/256: trigger_uaf -> 0
[*] attempt 159/256: prepare_uaf
[*] attempt 159/256: trigger_uaf (close B, GC, recvfds C)
[*] attempt 159/256: trigger_uaf -> 0
[*] attempt 160/256: prepare_uaf
[*] attempt 160/256: trigger_uaf (close B, GC, recvfds C)
[*] attempt 160/256: trigger_uaf -> 0
[*] attempt 161/256: prepare_uaf
[*] attempt 161/256: trigger_uaf (close B, GC, recvfds C)
[*] attempt 161/256: trigger_uaf -> 0
[*] attempt 162/256: prepare_uaf
[*] attempt 162/256: trigger_uaf (close B, GC, recvfds C)
[*] attempt 162/256: trigger_uaf -> 0
[*] attempt 163/256: prepare_uaf
[*] attempt 163/256: trigger_uaf (close B, GC, recvfds C)
[*] attempt 163/256: trigger_uaf -> 0
[*] attempt 164/256: prepare_uaf
[*] attempt 164/256: trigger_uaf (close B, GC, recvfds C)
[*] attempt 164/256: trigger_uaf -> 0
[*] attempt 165/256: prepare_uaf
[*] attempt 165/256: trigger_uaf (close B, GC, recvfds C)
[*] attempt 165/256: trigger_uaf -> 0
[*] attempt 166/256: prepare_uaf
[*] attempt 166/256: trigger_uaf (close B, GC, recvfds C)
[*] attempt 166/256: trigger_uaf -> 0
[*] attempt 167/256: prepare_uaf
[*] attempt 167/256: trigger_uaf (close B, GC, recvfds C)
[*] attempt 167/256: trigger_uaf -> 0
[*] attempt 168/256: prepare_uaf
[*] attempt 168/256: trigger_uaf (close B, GC, recvfds C)
[*] attempt 168/256: trigger_uaf -> 0
[*] attempt 169/256: prepare_uaf
[*] attempt 169/256: trigger_uaf (close B, GC, recvfds C)
[*] attempt 169/256: trigger_uaf -> 0
[*] attempt 170/256: prepare_uaf
[*] attempt 170/256: trigger_uaf (close B, GC, recvfds C)
[*] attempt 170/256: trigger_uaf -> 0
[*] attempt 171/256: prepare_uaf
[*] attempt 171/256: trigger_uaf (close B, GC, recvfds C)
[*] attempt 171/256: trigger_uaf -> 0
[*] attempt 172/256: prepare_uaf
[*] attempt 172/256: trigger_uaf (close B, GC, recvfds C)
[*] attempt 172/256: trigger_uaf -> 0
[*] attempt 173/256: prepare_uaf
[*] attempt 173/256: trigger_uaf (close B, GC, recvfds C)
[*] attempt 173/256: trigger_uaf -> 0
[*] attempt 174/256: prepare_uaf
[*] attempt 174/256: trigger_uaf (close B, GC, recvfds C)
[*] attempt 174/256: trigger_uaf -> 0
[*] attempt 175/256: prepare_uaf
[*] attempt 175/256: trigger_uaf (close B, GC, recvfds C)
[*] attempt 175/256: trigger_uaf -> 0
[*] attempt 176/256: prepare_uaf
[*] attempt 176/256: trigger_uaf (close B, GC, recvfds C)
[*] attempt 176/256: trigger_uaf -> 0
[*] attempt 177/256: prepare_uaf
[*] attempt 177/256: trigger_uaf (close B, GC, recvfds C)
[*] attempt 177/256: trigger_uaf -> 0
[*] attempt 178/256: prepare_uaf
[*] attempt 178/256: trigger_uaf (close B, GC, recvfds C)
[*] attempt 178/256: trigger_uaf -> 0
[*] attempt 179/256: prepare_uaf
[*] attempt 179/256: trigger_uaf (close B, GC, recvfds C)
[*] attempt 179/256: trigger_uaf -> 0
[*] attempt 180/256: prepare_uaf
[*] attempt 180/256: trigger_uaf (close B, GC, recvfds C)
[*] attempt 180/256: trigger_uaf -> 0
[*] attempt 181/256: prepare_uaf
[*] attempt 181/256: trigger_uaf (close B, GC, recvfds C)
[*] attempt 181/256: trigger_uaf -> 0
[*] attempt 182/256: prepare_uaf
[*] attempt 182/256: trigger_uaf (close B, GC, recvfds C)
[*] attempt 182/256: trigger_uaf -> 0
[*] attempt 183/256: prepare_uaf
[*] attempt 183/256: trigger_uaf (close B, GC, recvfds C)
[*] attempt 183/256: trigger_uaf -> 0
[*] attempt 184/256: prepare_uaf
[*] attempt 184/256: trigger_uaf (close B, GC, recvfds C)
[*] attempt 184/256: trigger_uaf -> 0
[*] attempt 185/256: prepare_uaf
[*] attempt 185/256: trigger_uaf (close B, GC, recvfds C)
[*] attempt 185/256: trigger_uaf -> 0
[*] attempt 186/256: prepare_uaf
[*] attempt 186/256: trigger_uaf (close B, GC, recvfds C)
[*] attempt 186/256: trigger_uaf -> 0
[*] attempt 187/256: prepare_uaf
[*] attempt 187/256: trigger_uaf (close B, GC, recvfds C)
[*] attempt 187/256: trigger_uaf -> 0
[*] attempt 188/256: prepare_uaf
[*] attempt 188/256: trigger_uaf (close B, GC, recvfds C)
[*] attempt 188/256: trigger_uaf -> 0
[*] attempt 189/256: prepare_uaf
[*] attempt 189/256: trigger_uaf (close B, GC, recvfds C)
[*] attempt 189/256: trigger_uaf -> 0
[*] attempt 190/256: prepare_uaf
[*] attempt 190/256: trigger_uaf (close B, GC, recvfds C)
[*] attempt 190/256: trigger_uaf -> 0
[*] attempt 191/256: prepare_uaf
[*] attempt 191/256: trigger_uaf (close B, GC, recvfds C)
[*] attempt 191/256: trigger_uaf -> 0
[*] attempt 192/256: prepare_uaf
[*] attempt 192/256: trigger_uaf (close B, GC, recvfds C)
[*] attempt 192/256: trigger_uaf -> 0
[*] attempt 193/256: prepare_uaf
[*] attempt 193/256: trigger_uaf (close B, GC, recvfds C)
[*] attempt 193/256: trigger_uaf -> 0
[*] attempt 194/256: prepare_uaf
[*] attempt 194/256: trigger_uaf (close B, GC, recvfds C)
[*] attempt 194/256: trigger_uaf -> 0
[*] attempt 195/256: prepare_uaf
[*] attempt 195/256: trigger_uaf (close B, GC, recvfds C)
[*] attempt 195/256: trigger_uaf -> 0
[*] attempt 196/256: prepare_uaf
[*] attempt 196/256: trigger_uaf (close B, GC, recvfds C)
[*] attempt 196/256: trigger_uaf -> 0
[*] attempt 197/256: prepare_uaf
[*] attempt 197/256: trigger_uaf (close B, GC, recvfds C)
[*] attempt 197/256: trigger_uaf -> 0
[*] attempt 198/256: prepare_uaf
[*] attempt 198/256: trigger_uaf (close B, GC, recvfds C)
[*] attempt 198/256: trigger_uaf -> 0
[*] attempt 199/256: prepare_uaf
[*] attempt 199/256: trigger_uaf (close B, GC, recvfds C)
[*] attempt 199/256: trigger_uaf -> 0
[*] attempt 200/256: prepare_uaf
[*] attempt 200/256: trigger_uaf (close B, GC, recvfds C)
[*] attempt 200/256: trigger_uaf -> 0
[*] attempt 201/256: prepare_uaf
[*] attempt 201/256: trigger_uaf (close B, GC, recvfds C)
[*] attempt 201/256: trigger_uaf -> 0
[*] attempt 202/256: prepare_uaf
[*] attempt 202/256: trigger_uaf (close B, GC, recvfds C)
[*] attempt 202/256: trigger_uaf -> 0
[*] attempt 203/256: prepare_uaf
[*] attempt 203/256: trigger_uaf (close B, GC, recvfds C)
[*] attempt 203/256: trigger_uaf -> 0
[*] attempt 204/256: prepare_uaf
[*] attempt 204/256: trigger_uaf (close B, GC, recvfds C)
[*] attempt 204/256: trigger_uaf -> 0
[*] attempt 205/256: prepare_uaf
[*] attempt 205/256: trigger_uaf (close B, GC, recvfds C)
[*] attempt 205/256: trigger_uaf -> 0
[*] attempt 206/256: prepare_uaf
[*] attempt 206/256: trigger_uaf (close B, GC, recvfds C)
[*] attempt 206/256: trigger_uaf -> 0
[*] attempt 207/256: prepare_uaf
[*] attempt 207/256: trigger_uaf (close B, GC, recvfds C)
[*] attempt 207/256: trigger_uaf -> 0
[*] attempt 208/256: prepare_uaf
[*] attempt 208/256: trigger_uaf (close B, GC, recvfds C)
[*] attempt 208/256: trigger_uaf -> 0
[*] attempt 209/256: prepare_uaf
[*] attempt 209/256: trigger_uaf (close B, GC, recvfds C)
[*] attempt 209/256: trigger_uaf -> 0
[*] attempt 210/256: prepare_uaf
[*] attempt 210/256: trigger_uaf (close B, GC, recvfds C)
[*] attempt 210/256: trigger_uaf -> 0
[*] attempt 211/256: prepare_uaf
[*] attempt 211/256: trigger_uaf (close B, GC, recvfds C)
[*] attempt 211/256: trigger_uaf -> 0
[*] attempt 212/256: prepare_uaf
[*] attempt 212/256: trigger_uaf (close B, GC, recvfds C)
[*] attempt 212/256: trigger_uaf -> 0
[*] attempt 213/256: prepare_uaf
[*] attempt 213/256: trigger_uaf (close B, GC, recvfds C)
[*] attempt 213/256: trigger_uaf -> 0
[*] attempt 214/256: prepare_uaf
[*] attempt 214/256: trigger_uaf (close B, GC, recvfds C)
[*] attempt 214/256: trigger_uaf -> 0
[*] attempt 215/256: prepare_uaf
[*] attempt 215/256: trigger_uaf (close B, GC, recvfds C)
[*] attempt 215/256: trigger_uaf -> 0
[*] attempt 216/256: prepare_uaf
[*] attempt 216/256: trigger_uaf (close B, GC, recvfds C)
[*] attempt 216/256: trigger_uaf -> 0
[*] attempt 217/256: prepare_uaf
[*] attempt 217/256: trigger_uaf (close B, GC, recvfds C)
[*] attempt 217/256: trigger_uaf -> 0
[*] attempt 218/256: prepare_uaf
[*] attempt 218/256: trigger_uaf (close B, GC, recvfds C)
[*] attempt 218/256: trigger_uaf -> 0
[*] attempt 219/256: prepare_uaf
[*] attempt 219/256: trigger_uaf (close B, GC, recvfds C)
[*] attempt 219/256: trigger_uaf -> 0
[*] attempt 220/256: prepare_uaf
[*] attempt 220/256: trigger_uaf (close B, GC, recvfds C)
[*] attempt 220/256: trigger_uaf -> 0
[*] attempt 221/256: prepare_uaf
[*] attempt 221/256: trigger_uaf (close B, GC, recvfds C)
[*] attempt 221/256: trigger_uaf -> 0
[*] attempt 222/256: prepare_uaf
[*] attempt 222/256: trigger_uaf (close B, GC, recvfds C)
[*] attempt 222/256: trigger_uaf -> 0
[*] attempt 223/256: prepare_uaf
[*] attempt 223/256: trigger_uaf (close B, GC, recvfds C)
[*] attempt 223/256: trigger_uaf -> 0
[*] attempt 224/256: prepare_uaf
[*] attempt 224/256: trigger_uaf (close B, GC, recvfds C)
[*] attempt 224/256: trigger_uaf -> 0
[*] attempt 225/256: prepare_uaf
[*] attempt 225/256: trigger_uaf (close B, GC, recvfds C)
[*] attempt 225/256: trigger_uaf -> 0
[*] attempt 226/256: prepare_uaf
[*] attempt 226/256: trigger_uaf (close B, GC, recvfds C)
[*] attempt 226/256: trigger_uaf -> 0
[*] attempt 227/256: prepare_uaf
[*] attempt 227/256: trigger_uaf (close B, GC, recvfds C)
[*] attempt 227/256: trigger_uaf -> 0
[*] attempt 228/256: prepare_uaf
[*] attempt 228/256: trigger_uaf (close B, GC, recvfds C)
[*] attempt 228/256: trigger_uaf -> 0
[*] attempt 229/256: prepare_uaf
[*] attempt 229/256: trigger_uaf (close B, GC, recvfds C)
[*] attempt 229/256: trigger_uaf -> 0
[*] attempt 230/256: prepare_uaf
[*] attempt 230/256: trigger_uaf (close B, GC, recvfds C)
[*] attempt 230/256: trigger_uaf -> 0
[*] attempt 231/256: prepare_uaf
[*] attempt 231/256: trigger_uaf (close B, GC, recvfds C)
[*] attempt 231/256: trigger_uaf -> 0
[*] attempt 232/256: prepare_uaf
[*] attempt 232/256: trigger_uaf (close B, GC, recvfds C)
[*] attempt 232/256: trigger_uaf -> 0
[*] attempt 233/256: prepare_uaf
[*] attempt 233/256: trigger_uaf (close B, GC, recvfds C)
[*] attempt 233/256: trigger_uaf -> 0
[*] attempt 234/256: prepare_uaf
[*] attempt 234/256: trigger_uaf (close B, GC, recvfds C)
[*] attempt 234/256: trigger_uaf -> 0
[*] attempt 235/256: prepare_uaf
[*] attempt 235/256: trigger_uaf (close B, GC, recvfds C)
[*] attempt 235/256: trigger_uaf -> 0
[*] attempt 236/256: prepare_uaf
[*] attempt 236/256: trigger_uaf (close B, GC, recvfds C)
[*] attempt 236/256: trigger_uaf -> 0
[*] attempt 237/256: prepare_uaf
[*] attempt 237/256: trigger_uaf (close B, GC, recvfds C)
[*] attempt 237/256: trigger_uaf -> 0
[*] attempt 238/256: prepare_uaf
[*] attempt 238/256: trigger_uaf (close B, GC, recvfds C)
[*] attempt 238/256: trigger_uaf -> 0
[*] attempt 239/256: prepare_uaf
[*] attempt 239/256: trigger_uaf (close B, GC, recvfds C)
[*] attempt 239/256: trigger_uaf -> 0
[*] attempt 240/256: prepare_uaf
[*] attempt 240/256: trigger_uaf (close B, GC, recvfds C)
[*] attempt 240/256: trigger_uaf -> 0
[*] attempt 241/256: prepare_uaf
[*] attempt 241/256: trigger_uaf (close B, GC, recvfds C)
[*] attempt 241/256: trigger_uaf -> 0
[*] attempt 242/256: prepare_uaf
[*] attempt 242/256: trigger_uaf (close B, GC, recvfds C)
[*] attempt 242/256: trigger_uaf -> 0
[*] attempt 243/256: prepare_uaf
[*] attempt 243/256: trigger_uaf (close B, GC, recvfds C)
[*] attempt 243/256: trigger_uaf -> 0
[*] attempt 244/256: prepare_uaf
[*] attempt 244/256: trigger_uaf (close B, GC, recvfds C)
[*] attempt 244/256: trigger_uaf -> 0
[*] attempt 245/256: prepare_uaf
[*] attempt 245/256: trigger_uaf (close B, GC, recvfds C)
[*] attempt 245/256: trigger_uaf -> 0
[*] attempt 246/256: prepare_uaf
[*] attempt 246/256: trigger_uaf (close B, GC, recvfds C)
[*] attempt 246/256: trigger_uaf -> 0
[*] attempt 247/256: prepare_uaf
[*] attempt 247/256: trigger_uaf (close B, GC, recvfds C)
[*] attempt 247/256: trigger_uaf -> 0
[*] attempt 248/256: prepare_uaf
[*] attempt 248/256: trigger_uaf (close B, GC, recvfds C)
[*] attempt 248/256: trigger_uaf -> 0
[*] attempt 249/256: prepare_uaf
[*] attempt 249/256: trigger_uaf (close B, GC, recvfds C)
[*] attempt 249/256: trigger_uaf -> 0
[*] attempt 250/256: prepare_uaf
[*] attempt 250/256: trigger_uaf (close B, GC, recvfds C)
[*] attempt 250/256: trigger_uaf -> 0
[*] attempt 251/256: prepare_uaf
[*] attempt 251/256: trigger_uaf (close B, GC, recvfds C)
[*] attempt 251/256: trigger_uaf -> 0
[*] attempt 252/256: prepare_uaf
[*] attempt 252/256: trigger_uaf (close B, GC, recvfds C)
[*] attempt 252/256: trigger_uaf -> 0
[*] attempt 253/256: prepare_uaf
[*] attempt 253/256: trigger_uaf (close B, GC, recvfds C)
[*] attempt 253/256: trigger_uaf -> 0
[*] attempt 254/256: prepare_uaf
[*] attempt 254/256: trigger_uaf (close B, GC, recvfds C)
[*] attempt 254/256: trigger_uaf -> 0
[*] attempt 255/256: prepare_uaf
[*] attempt 255/256: trigger_uaf (close B, GC, recvfds C)
[*] attempt 255/256: trigger_uaf -> 0
[*] attempt 256/256: prepare_uaf
[*] attempt 256/256: trigger_uaf (close B, GC, recvfds C)
[*] attempt 256/256: trigger_uaf -> 0
[*] 256 a[   20.275292] poc (65) used greatest stack depth: 26896 bytes left
ttempts exhausted without KASAN
---- poc end rc=0 ----
secb: poc exited without crashing the kernel
[   21.624794] ACPI: PM: Preparing to enter system sleep state S5
[   21.626365] reboot: Power down
NO_CRASH_DETECTED
