bash: warning: setlocale: LC_ALL: cannot change locale (en_US.UTF-8)
c[?7l[2J[0mSeaBIOS (version 1.16.2-debian-1.16.2-1)
Booting from ROM...
c[?7l[2Jearly console in extract_kernel
input_data: 0x00000000149062a3
input_len: 0x0000000005edfe4e
output: 0x0000000001000000
output_len: 0x00000000125d1c78
kernel_total_size: 0x0000000019826000
needed_size: 0x0000000019a00000
trampoline_32bit: 0x0000000000000000

Decompressing Linux... Parsing ELF... done.
Booting the kernel (entry_offset: 0x000000000000007a).
[    0.000000][    T0] Linux version 6.11.0-rc6-g67784a74e258-dirty (root@buildkitsandbox) (gcc (Debian 12.2.0-14+deb12u1) 12.2.0, GNU ld (GNU Binutils for Debian) 2.40) #1 SMP PREEMPT_DYNAMIC Fri May 22 23:42:44 UTC 2026
[    0.000000][    T0] Command line: console=ttyS0 oops=panic panic=86400 nokaslr earlyprintk=serial rdinit=/init
[    0.000000][    T0] KERNEL supported cpus:
[    0.000000][    T0]   Intel GenuineIntel
[    0.000000][    T0]   AMD AuthenticAMD
[    0.000000][    T0] BIOS-provided physical RAM map:
[    0.000000][    T0] BIOS-e820: [mem 0x0000000000000000-0x000000000009fbff] usable
[    0.000000][    T0] BIOS-e820: [mem 0x000000000009fc00-0x000000000009ffff] reserved
[    0.000000][    T0] BIOS-e820: [mem 0x00000000000f0000-0x00000000000fffff] reserved
[    0.000000][    T0] BIOS-e820: [mem 0x0000000000100000-0x000000007ffdffff] usable
[    0.000000][    T0] BIOS-e820: [mem 0x000000007ffe0000-0x000000007fffffff] reserved
[    0.000000][    T0] BIOS-e820: [mem 0x00000000feffc000-0x00000000feffffff] reserved
[    0.000000][    T0] BIOS-e820: [mem 0x00000000fffc0000-0x00000000ffffffff] reserved
[    0.000000][    T0] printk: legacy bootconsole [earlyser0] enabled
[    0.000000][    T0] NX (Execute Disable) protection: active
[    0.000000][    T0] APIC: Static calls initialized
[    0.000000][    T0] SMBIOS 2.8 present.
[    0.000000][    T0] DMI: QEMU Standard PC (i440FX + PIIX, 1996), BIOS 1.16.2-debian-1.16.2-1 04/01/2014
[    0.000000][    T0] DMI: Memory slots populated: 1/1
[    0.000000][    T0] Hypervisor detected: KVM
[    0.000000][    T0] kvm-clock: Using msrs 4b564d01 and 4b564d00
[    0.000125][    T0] kvm-clock: using sched offset of 1771965401 cycles
[    0.003536][    T0] clocksource: kvm-clock: mask: 0xffffffffffffffff max_cycles: 0x1cd42e4dffb, max_idle_ns: 881590591483 ns
[    0.021210][    T0] tsc: Detected 2995.200 MHz processor
[    0.036749][    T0] last_pfn = 0x7ffe0 max_arch_pfn = 0x400000000
[    0.040503][    T0] MTRR map: 4 entries (3 fixed + 1 variable; max 19), built from 8 variable MTRRs
[    0.053630][    T0] x86/PAT: Configuration [0-7]: WB  WC  UC- UC  WB  WP  UC- WT  
[    0.093456][    T0] found SMP MP-table at [mem 0x000f5ba0-0x000f5baf]
[    0.106648][    T0] Using GB pages for direct mapping
[    0.108443][    T0] Incomplete global flushes, disabling PCID
[    0.110622][    T0] RAMDISK: [mem 0x7fe8e000-0x7ffdffff]
[    0.118479][    T0] ACPI: Early table checksum verification disabled
[    0.128035][    T0] ACPI: RSDP 0x00000000000F59D0 000014 (v00 BOCHS )
[    0.134445][    T0] ACPI: RSDT 0x000000007FFE1B33 000034 (v01 BOCHS  BXPC     00000001 BXPC 00000001)
[    0.156778][    T0] ACPI: FACP 0x000000007FFE19DF 000074 (v01 BOCHS  BXPC     00000001 BXPC 00000001)
[    0.164464][    T0] ACPI: DSDT 0x000000007FFE0040 00199F (v01 BOCHS  BXPC     00000001 BXPC 00000001)
[    0.169037][    T0] ACPI: FACS 0x000000007FFE0000 000040
[    0.174155][    T0] ACPI: APIC 0x000000007FFE1A53 000080 (v01 BOCHS  BXPC     00000001 BXPC 00000001)
[    0.180975][    T0] ACPI: HPET 0x000000007FFE1AD3 000038 (v01 BOCHS  BXPC     00000001 BXPC 00000001)
[    0.189518][    T0] ACPI: WAET 0x000000007FFE1B0B 000028 (v01 BOCHS  BXPC     00000001 BXPC 00000001)
[    0.197744][    T0] ACPI: Reserving FACP table memory at [mem 0x7ffe19df-0x7ffe1a52]
[    0.205613][    T0] ACPI: Reserving DSDT table memory at [mem 0x7ffe0040-0x7ffe19de]
[    0.214077][    T0] ACPI: Reserving FACS table memory at [mem 0x7ffe0000-0x7ffe003f]
[    0.220630][    T0] ACPI: Reserving APIC table memory at [mem 0x7ffe1a53-0x7ffe1ad2]
[    0.229197][    T0] ACPI: Reserving HPET table memory at [mem 0x7ffe1ad3-0x7ffe1b0a]
[    0.233441][    T0] ACPI: Reserving WAET table memory at [mem 0x7ffe1b0b-0x7ffe1b32]
[    0.248466][    T0] No NUMA configuration found
[    0.260529][    T0] Faking a node at [mem 0x0000000000000000-0x000000007ffdffff]
[    0.284776][    T0] NODE_DATA(0) allocated [mem 0x7fe87e00-0x7fe8ddff]
[    0.328853][    T0] Zone ranges:
[    0.333828][    T0]   DMA      [mem 0x0000000000001000-0x0000000000ffffff]
[    0.346104][    T0]   DMA32    [mem 0x0000000001000000-0x000000007ffdffff]
[    0.355307][    T0]   Normal   empty
[    0.361348][    T0]   Device   empty
[    0.364226][    T0] Movable zone start for each node
[    0.369360][    T0] Early memory node ranges
[    0.379689][    T0]   node   0: [mem 0x0000000000001000-0x000000000009efff]
[    0.392956][    T0]   node   0: [mem 0x0000000000100000-0x000000007ffdffff]
[    0.412878][    T0] Initmem setup node 0 [mem 0x0000000000001000-0x000000007ffdffff]
[    0.432711][    T0] On node 0, zone DMA: 1 pages in unavailable ranges
[    0.449143][    T0] On node 0, zone DMA: 97 pages in unavailable ranges
[    0.516023][    T0] On node 0, zone DMA32: 32 pages in unavailable ranges
[    1.547879][    T0] kasan: KernelAddressSanitizer initialized
[    1.572708][    T0] ACPI: PM-Timer IO Port: 0x608
[    1.578291][    T0] ACPI: LAPIC_NMI (acpi_id[0xff] dfl dfl lint[0x1])
[    1.582031][    T0] IOAPIC[0]: apic_id 0, version 17, address 0xfec00000, GSI 0-23
[    1.588040][    T0] ACPI: INT_SRC_OVR (bus 0 bus_irq 0 global_irq 2 dfl dfl)
[    1.595592][    T0] ACPI: INT_SRC_OVR (bus 0 bus_irq 5 global_irq 5 high level)
[    1.602121][    T0] ACPI: INT_SRC_OVR (bus 0 bus_irq 9 global_irq 9 high level)
[    1.613528][    T0] ACPI: INT_SRC_OVR (bus 0 bus_irq 10 global_irq 10 high level)
[    1.617705][    T0] ACPI: INT_SRC_OVR (bus 0 bus_irq 11 global_irq 11 high level)
[    1.622887][    T0] ACPI: Using ACPI (MADT) for SMP configuration information
[    1.629731][    T0] ACPI: HPET id: 0x8086a201 base: 0xfed00000
[    1.632363][    T0] TSC deadline timer available
[    1.635549][    T0] CPU topo: Max. logical packages:   1
[    1.642409][    T0] CPU topo: Max. logical dies:       1
[    1.645728][    T0] CPU topo: Max. dies per package:   1
[    1.648796][    T0] CPU topo: Max. threads per core:   1
[    1.651542][    T0] CPU topo: Num. cores per package:     2
[    1.661688][    T0] CPU topo: Num. threads per package:   2
[    1.665768][    T0] CPU topo: Allowing 2 present CPUs plus 0 hotplug CPUs
[    1.678937][    T0] kvm-guest: APIC: eoi() replaced with kvm_guest_apic_eoi_write()
[    1.689153][    T0] kvm-guest: KVM setup pv remote TLB flush
[    1.692354][    T0] kvm-guest: setup PV sched yield
[    1.695635][    T0] PM: hibernation: Registered nosave memory: [mem 0x00000000-0x00000fff]
[    1.700149][    T0] PM: hibernation: Registered nosave memory: [mem 0x0009f000-0x0009ffff]
[    1.709925][    T0] PM: hibernation: Registered nosave memory: [mem 0x000a0000-0x000effff]
[    1.715927][    T0] PM: hibernation: Registered nosave memory: [mem 0x000f0000-0x000fffff]
[    1.728571][    T0] [mem 0x80000000-0xfeffbfff] available for PCI devices
[    1.739846][    T0] Booting paravirtualized kernel on KVM
[    1.760133][    T0] clocksource: refined-jiffies: mask: 0xffffffff max_cycles: 0xffffffff, max_idle_ns: 19112604462750000 ns
[    2.280493][    T0] setup_percpu: NR_CPUS:8 nr_cpumask_bits:2 nr_cpu_ids:2 nr_node_ids:1
[    2.302513][    T0] percpu: Embedded 74 pages/cpu s265288 r8192 d29624 u1048576
[    2.312274][    T0] kvm-guest: PV spinlocks enabled
[    2.315954][    T0] PV qspinlock hash table entries: 256 (order: 0, 4096 bytes, linear)
[    2.328897][    T0] Kernel command line: console=ttyS0 oops=panic panic=86400 nokaslr earlyprintk=serial rdinit=/init
[    2.344515][    T0] random: crng init done
[    2.349601][    T0] Dentry cache hash table entries: 262144 (order: 9, 2097152 bytes, linear)
[    2.385002][    T0] Inode-cache hash table entries: 131072 (order: 8, 1048576 bytes, linear)
[    2.406543][    T0] Fallback order for Node 0: 0 
[    2.406587][    T0] Built 1 zonelists, mobility grouping on.  Total pages: 524158
[    2.411143][    T0] Policy zone: DMA32
[    2.564694][    T0] mem auto-init: stack:all(zero), heap alloc:on, heap free:off
[    2.572500][    T0] stackdepot: allocating hash table via alloc_large_system_hash
[    2.579788][    T0] stackdepot hash table entries: 1048576 (order: 12, 16777216 bytes, linear)
[    4.822313][    T0] SLUB: HWalign=64, Order=0-3, MinObjects=0, CPUs=2, Nodes=1
[    4.980434][    T0] allocated 4194304 bytes of page_ext
[    5.012652][    T0] Dynamic Preempt: full
[    5.068405][    T0] Running RCU self tests
[    5.071815][    T0] Running RCU synchronous self tests
[    5.078548][    T0] rcu: Preemptible hierarchical RCU implementation.
[    5.087101][    T0] rcu: 	RCU lockdep checking is enabled.
[    5.091726][    T0] rcu: 	RCU restricting CPUs from NR_CPUS=8 to nr_cpu_ids=2.
[    5.097566][    T0] rcu: 	RCU callback double-/use-after-free debug is enabled.
[    5.102882][    T0] rcu: 	RCU debug extended QS entry/exit.
[    5.113934][    T0] 	Trampoline variant of Tasks RCU enabled.
[    5.123675][    T0] 	Tracing variant of Tasks RCU enabled.
[    5.132275][    T0] rcu: RCU calculated value of scheduler-enlistment delay is 10 jiffies.
[    5.144858][    T0] rcu: Adjusting geometry for rcu_fanout_leaf=16, nr_cpu_ids=2
[    5.150522][    T0] Running RCU synchronous self tests
[    5.165618][    T0] RCU Tasks: Setting shift to 1 and lim to 1 rcu_task_cb_adjust=1.
[    5.181698][    T0] RCU Tasks Trace: Setting shift to 1 and lim to 1 rcu_task_cb_adjust=1.
[    8.297447][    T0] NR_IRQS: 4352, nr_irqs: 440, preallocated irqs: 16
[    8.335381][    T0] rcu: srcu_init: Setting srcu_struct sizes based on contention.
[    8.348871][    T0] kfence: initialized - using 2097152 bytes for 255 objects at 0x(____ptrval____)-0x(____ptrval____)
[    8.479929][    T0] Console: colour VGA+ 80x25
[    8.503355][    T0] printk: legacy console [ttyS0] enabled
[    8.503355][    T0] printk: legacy console [ttyS0] enabled
[    8.517894][    T0] printk: legacy bootconsole [earlyser0] disabled
[    8.517894][    T0] printk: legacy bootconsole [earlyser0] disabled
[    8.530132][    T0] Lock dependency validator: Copyright (c) 2006 Red Hat, Inc., Ingo Molnar
[    8.543633][    T0] ... MAX_LOCKDEP_SUBCLASSES:  8
[    8.560143][    T0] ... MAX_LOCK_DEPTH:          48
[    8.583852][    T0] ... MAX_LOCKDEP_KEYS:        8192
[    8.588576][    T0] ... CLASSHASH_SIZE:          4096
[    8.590922][    T0] ... MAX_LOCKDEP_ENTRIES:     1048576
[    8.594090][    T0] ... MAX_LOCKDEP_CHAINS:      1048576
[    8.599591][    T0] ... CHAINHASH_SIZE:          524288
[    8.601350][    T0]  memory used by lock dependency info: 106625 kB
[    8.611104][    T0]  memory used for stack traces: 8320 kB
[    8.614485][    T0]  per task-struct memory footprint: 1920 bytes
[    8.631888][    T0] ACPI: Core revision 20240322
[    8.675000][    T0] clocksource: hpet: mask: 0xffffffff max_cycles: 0xffffffff, max_idle_ns: 19112604467 ns
[    8.705690][    T0] APIC: Switch to symmetric I/O mode setup
[    8.723906][    T0] x2apic enabled
[    8.734413][    T0] APIC: Switched APIC routing to: physical x2apic
[    8.742516][    T0] kvm-guest: APIC: send_IPI_mask() replaced with kvm_send_ipi_mask()
[    8.747144][    T0] kvm-guest: APIC: send_IPI_mask_allbutself() replaced with kvm_send_ipi_mask_allbutself()
[    8.772406][    T0] kvm-guest: setup PV IPIs
[    8.818175][    T0] ..TIMER: vector=0x30 apic1=0 pin1=2 apic2=-1 pin2=-1
[    8.830432][    T0] clocksource: tsc-early: mask: 0xffffffffffffffff max_cycles: 0x2b2c8ec87c7, max_idle_ns: 440795278598 ns
[    8.863043][    T0] Calibrating delay loop (skipped) preset value.. 5990.40 BogoMIPS (lpj=29952000)
[    8.872052][    T0] x86/cpu: User Mode Instruction Prevention (UMIP) activated
[    8.896262][    T0] Last level iTLB entries: 4KB 0, 2MB 0, 4MB 0
[    8.902654][    T0] Last level dTLB entries: 4KB 0, 2MB 0, 4MB 0, 1GB 0
[    8.912152][    T0] Spectre V1 : Mitigation: usercopy/swapgs barriers and __user pointer sanitization
[    8.916525][    T0] Spectre V2 : WARNING: Unprivileged eBPF is enabled with eIBRS on, data leaks possible via Spectre v2 BHB attacks!
[    8.919880][    T0] Spectre V2 : Spectre BHI mitigation: SW BHB clearing on syscall and VM exit
[    8.931085][    T0] Spectre V2 : Mitigation: Enhanced / Automatic IBRS
[    8.935699][    T0] Spectre V2 : Spectre v2 / SpectreRSB mitigation: Filling RSB on context switch
[    8.949976][    T0] Spectre V2 : Spectre v2 / PBRSB-eIBRS: Retire a single CALL on VMEXIT
[    8.972725][    T0] RETBleed: Mitigation: Enhanced IBRS
[    8.976406][    T0] Spectre V2 : mitigation: Enabling conditional Indirect Branch Prediction Barrier
[    8.990092][    T0] Speculative Store Bypass: Mitigation: Speculative Store Bypass disabled via prctl
[    8.994007][    T0] MMIO Stale Data: Unknown: No mitigations
[    8.996701][    T0] Register File Data Sampling: Vulnerable: No microcode
[    9.020461][    T0] x86/fpu: Supporting XSAVE feature 0x001: 'x87 floating point registers'
[    9.026479][    T0] x86/fpu: Supporting XSAVE feature 0x002: 'SSE registers'
[    9.030178][    T0] x86/fpu: Supporting XSAVE feature 0x004: 'AVX registers'
[    9.039885][    T0] x86/fpu: xstate_offset[2]:  576, xstate_sizes[2]:  256
[    9.049869][    T0] x86/fpu: Enabled xstate features 0x7, context size is 832 bytes, using 'compacted' format.
[   10.257887][    T0] Freeing SMP alternatives memory: 124K
[   10.269928][    T0] pid_max: default: 32768 minimum: 301
[   10.312325][    T0] LSM: initializing lsm=lockdown,capability,landlock,yama,safesetid,tomoyo,apparmor,bpf,ima,evm
[   10.334990][    T0] landlock: Up and running.
[   10.337359][    T0] Yama: becoming mindful.
[   10.353933][    T0] TOMOYO Linux initialized
[   10.464838][    T0] AppArmor: AppArmor initialized
[   10.481428][    T0] LSM support for eBPF active
[   10.663381][    T0] Mount-cache hash table entries: 4096 (order: 3, 32768 bytes, linear)
[   10.667410][    T0] Mountpoint-cache hash table entries: 4096 (order: 3, 32768 bytes, linear)
[   10.986009][    T0] Running RCU synchronous self tests
[   11.000002][    T0] Running RCU synchronous self tests
[   11.022145][    T1] smpboot: CPU0: 13th Gen Intel(R) Core(TM) i9-13900H (family: 0x6, model: 0xba, stepping: 0x2)
[   11.305005][    T1] Running RCU Tasks wait API self tests
[   11.336002][    T1] Running RCU Tasks Trace wait API self tests
[   11.344593][    T1] Performance Events: unsupported p6 CPU model 186 no PMU driver, software events only.
[   11.370743][   T15] Callback from call_rcu_tasks_trace() invoked.
[   11.378610][    T1] signal: max sigframe size: 1776
[   11.396735][    T1] rcu: Hierarchical SRCU implementation.
[   11.398672][    T1] rcu: 	Max phase no-delay instances is 1000.
[   11.449778][    T1] Timer migration: 1 hierarchy levels; 8 children per group; 1 crossnode level
[   11.462573][    T1] NMI watchdog: Perf NMI watchdog permanently disabled
[   11.465361][    T1] smp: Bringing up secondary CPUs ...
[   11.566436][   T14] Callback from call_rcu_tasks() invoked.
[   11.672314][    T1] smpboot: x86: Booting SMP configuration:
[   11.676968][    T1] .... node  #0, CPUs:      #1
[   11.752905][    T1] smp: Brought up 1 node, 2 CPUs
[   11.760950][    T1] smpboot: Total of 2 processors activated (11980.80 BogoMIPS)
[   11.866274][    T1] Memory: 1296312K/2096632K available (167936K kernel code, 40187K rwdata, 38000K rodata, 26284K init, 121020K bss, 789456K reserved, 0K cma-reserved)
[   11.998273][    T1] devtmpfs: initialized
[   12.039778][    T1] x86/mm: Memory block size: 128MB
[   12.358494][    T1] Running RCU synchronous self tests
[   12.360199][    T1] Running RCU synchronous self tests
[   12.391029][    T1] clocksource: jiffies: mask: 0xffffffff max_cycles: 0xffffffff, max_idle_ns: 19112604462750000 ns
[   12.400184][    T1] futex hash table entries: 512 (order: 4, 65536 bytes, linear)
[   12.412815][    T1] PM: RTC time: 23:45:07, date: 2026-05-22
[   12.424239][    T1] NET: Registered PF_NETLINK/PF_ROUTE protocol family
[   12.431315][    T1] audit: initializing netlink subsys (disabled)
[   12.434381][   T29] audit: type=2000 audit(1779493508.940:1): state=initialized audit_enabled=0 res=1
[   12.434381][    T1] thermal_sys: Registered thermal governor 'step_wise'
[   12.434381][    T1] thermal_sys: Registered thermal governor 'user_space'
[   12.440138][    T1] cpuidle: using governor menu
[   12.446276][    T1] NET: Registered PF_QIPCRTR protocol family
[   12.452567][    T1] dca service started, version 1.12.1
[   12.454505][    T1] PCI: Using configuration type 1 for base access
[   12.461138][    T1] HugeTLB: registered 1.00 GiB page size, pre-allocated 0 pages
[   12.463781][    T1] HugeTLB: 16380 KiB vmemmap can be freed for a 1.00 GiB page
[   12.466910][    T1] HugeTLB: registered 2.00 MiB page size, pre-allocated 0 pages
[   12.469156][    T1] HugeTLB: 28 KiB vmemmap can be freed for a 2.00 MiB page
[   12.480430][    T1] cryptd: max_cpu_qlen set to 1000
[   12.487669][    T1] raid6: skipped pq benchmark and selected avx2x4
[   12.491785][    T1] raid6: using avx2x2 recovery algorithm
[   12.496981][    T1] ACPI: Added _OSI(Module Device)
[   12.499831][    T1] ACPI: Added _OSI(Processor Device)
[   12.502650][    T1] ACPI: Added _OSI(3.0 _SCP Extensions)
[   12.504992][    T1] ACPI: Added _OSI(Processor Aggregator Device)
[   12.586668][    T1] ACPI: 1 ACPI AML tables successfully acquired and loaded
[   12.631585][    T1] ACPI: Interpreter enabled
[   12.635586][    T1] ACPI: PM: (supports S0 S3 S4 S5)
[   12.638587][    T1] ACPI: Using IOAPIC for interrupt routing
[   12.640979][    T1] PCI: Using host bridge windows from ACPI; if necessary, use "pci=nocrs" and report a bug
[   12.643783][    T1] PCI: Using E820 reservations for host bridge windows
[   12.651465][    T1] ACPI: Enabled 2 GPEs in block 00 to 0F
[   12.795830][    T1] ACPI: PCI Root Bridge [PCI0] (domain 0000 [bus 00-ff])
[   12.799901][    T1] acpi PNP0A03:00: _OSC: OS supports [ASPM ClockPM Segments MSI HPX-Type3]
[   12.802829][    T1] acpi PNP0A03:00: _OSC: not requesting OS control; OS requires [ExtendedConfig ASPM ClockPM MSI]
[   12.808954][    T1] acpi PNP0A03:00: fail to add MMCONFIG information, can't access extended configuration space under this bridge
[   12.813451][    T1] PCI host bridge to bus 0000:00
[   12.815874][    T1] pci_bus 0000:00: root bus resource [io  0x0000-0x0cf7 window]
[   12.818600][    T1] pci_bus 0000:00: root bus resource [io  0x0d00-0xffff window]
[   12.820313][    T1] pci_bus 0000:00: root bus resource [mem 0x000a0000-0x000bffff window]
[   12.825383][    T1] pci_bus 0000:00: root bus resource [mem 0x80000000-0xfebfffff window]
[   12.829841][    T1] pci_bus 0000:00: root bus resource [mem 0x100000000-0x17fffffff window]
[   12.832354][    T1] pci_bus 0000:00: root bus resource [bus 00-ff]
[   12.834686][    T1] pci 0000:00:00.0: [8086:1237] type 00 class 0x060000 conventional PCI endpoint
[   12.882604][    T1] pci 0000:00:01.0: [8086:7000] type 00 class 0x060100 conventional PCI endpoint
[   12.935375][    T1] pci 0000:00:01.1: [8086:7010] type 00 class 0x010180 conventional PCI endpoint
[   12.943288][    T1] pci 0000:00:01.1: BAR 4 [io  0xc000-0xc00f]
[   12.946887][    T1] pci 0000:00:01.1: BAR 0 [io  0x01f0-0x01f7]: legacy IDE quirk
[   12.949807][    T1] pci 0000:00:01.1: BAR 1 [io  0x03f6]: legacy IDE quirk
[   12.953955][    T1] pci 0000:00:01.1: BAR 2 [io  0x0170-0x0177]: legacy IDE quirk
[   12.959832][    T1] pci 0000:00:01.1: BAR 3 [io  0x0376]: legacy IDE quirk
[   12.966854][    T1] pci 0000:00:01.3: [8086:7113] type 00 class 0x068000 conventional PCI endpoint
[   12.970977][    T1] pci 0000:00:01.3: quirk: [io  0x0600-0x063f] claimed by PIIX4 ACPI
[   12.973900][    T1] pci 0000:00:01.3: quirk: [io  0x0700-0x070f] claimed by PIIX4 SMB
[   12.983062][    T1] pci 0000:00:02.0: [1234:1111] type 00 class 0x030000 conventional PCI endpoint
[   12.991699][    T1] pci 0000:00:02.0: BAR 0 [mem 0xfd000000-0xfdffffff pref]
[   13.002218][    T1] pci 0000:00:02.0: BAR 2 [mem 0xfebf0000-0xfebf0fff]
[   13.012895][    T1] pci 0000:00:02.0: ROM [mem 0xfebe0000-0xfebeffff pref]
[   13.018931][    T1] pci 0000:00:02.0: Video device with shadowed ROM at [mem 0x000c0000-0x000dffff]
[   13.074907][    T1] ACPI: PCI: Interrupt link LNKA configured for IRQ 10
[   13.083746][    T1] ACPI: PCI: Interrupt link LNKB configured for IRQ 10
[   13.089223][    T1] ACPI: PCI: Interrupt link LNKC configured for IRQ 11
[   13.093362][    T1] ACPI: PCI: Interrupt link LNKD configured for IRQ 11
[   13.113186][    T1] ACPI: PCI: Interrupt link LNKS configured for IRQ 9
[   13.128365][    T1] iommu: Default domain type: Translated
[   13.129834][    T1] iommu: DMA domain TLB invalidation policy: lazy mode
[   13.141096][    T1] SCSI subsystem initialized
[   13.143968][    T1] ACPI: bus type USB registered
[   13.150327][    T1] usbcore: registered new interface driver usbfs
[   13.153602][    T1] usbcore: registered new interface driver hub
[   13.158276][    T1] usbcore: registered new device driver usb
[   13.163234][    T1] mc: Linux media interface: v0.10
[   13.166702][    T1] videodev: Linux video capture interface: v2.00
[   13.174594][    T1] pps_core: LinuxPPS API ver. 1 registered
[   13.178421][    T1] pps_core: Software ver. 5.3.6 - Copyright 2005-2007 Rodolfo Giometti <giometti@linux.it>
[   13.180372][    T1] PTP clock support registered
[   13.183324][    T1] EDAC MC: Ver: 3.0.0
[   13.188911][    T1] Advanced Linux Sound Architecture Driver Initialized.
[   13.195227][    T1] Bluetooth: Core ver 2.22
[   13.196755][    T1] NET: Registered PF_BLUETOOTH protocol family
[   13.198554][    T1] Bluetooth: HCI device and connection manager initialized
[   13.199904][    T1] Bluetooth: HCI socket layer initialized
[   13.201617][    T1] Bluetooth: L2CAP socket layer initialized
[   13.203978][    T1] Bluetooth: SCO socket layer initialized
[   13.205961][    T1] NET: Registered PF_ATMPVC protocol family
[   13.207759][    T1] NET: Registered PF_ATMSVC protocol family
[   13.211609][    T1] NetLabel: Initializing
[   13.212949][    T1] NetLabel:  domain hash size = 128
[   13.214469][    T1] NetLabel:  protocols = UNLABELED CIPSOv4 CALIPSO
[   13.217169][    T1] NetLabel:  unlabeled traffic allowed by default
[   13.221522][    T1] nfc: nfc_init: NFC Core ver 0.1
[   13.223440][    T1] NET: Registered PF_NFC protocol family
[   13.228495][    T1] PCI: Using ACPI for IRQ routing
[   13.232047][    T1] pci 0000:00:02.0: vgaarb: setting as boot VGA device
[   13.234871][    T1] pci 0000:00:02.0: vgaarb: bridge control possible
[   13.237834][    T1] pci 0000:00:02.0: vgaarb: VGA device added: decodes=io+mem,owns=io+mem,locks=none
[   13.239830][    T1] vgaarb: loaded
[   13.245650][    T1] hpet0: at MMIO 0xfed00000, IRQs 2, 8, 0
[   13.248084][    T1] hpet0: 3 comparators, 64-bit 100.000000 MHz counter
[   13.257571][    T1] clocksource: Switched to clocksource kvm-clock
[   13.271076][    T1] VFS: Disk quotas dquot_6.6.0
[   13.272569][    T1] VFS: Dquot-cache hash table entries: 512 (order 0, 4096 bytes)
[   13.278836][    T1] netfs: FS-Cache loaded
[   13.283893][    T1] CacheFiles: Loaded
[   13.286064][    T1] TOMOYO: 2.6.0
[   13.287324][    T1] Mandatory Access Control activated.
[   13.293324][    T1] AppArmor: AppArmor Filesystem Enabled
[   13.295574][    T1] pnp: PnP ACPI init
[   13.313172][    T1] pnp: PnP ACPI: found 6 devices
[   13.355929][    T1] clocksource: acpi_pm: mask: 0xffffff max_cycles: 0xffffff, max_idle_ns: 2085701024 ns
[   13.363909][    T1] NET: Registered PF_INET protocol family
[   13.366565][    T1] IP idents hash table entries: 32768 (order: 6, 262144 bytes, linear)
[   13.381733][    T1] tcp_listen_portaddr_hash hash table entries: 1024 (order: 4, 73728 bytes, linear)
[   13.389068][    T1] Table-perturb hash table entries: 65536 (order: 6, 262144 bytes, linear)
[   13.393269][    T1] TCP established hash table entries: 16384 (order: 5, 131072 bytes, linear)
[   13.402330][    T1] TCP bind hash table entries: 16384 (order: 9, 2359296 bytes, linear)
[   13.408572][    T1] TCP: Hash tables configured (established 16384 bind 16384)
[   13.413596][    T1] MPTCP token hash table entries: 2048 (order: 5, 180224 bytes, linear)
[   13.417062][    T1] UDP hash table entries: 1024 (order: 5, 163840 bytes, linear)
[   13.422795][    T1] UDP-Lite hash table entries: 1024 (order: 5, 163840 bytes, linear)
[   13.428959][    T1] NET: Registered PF_UNIX/PF_LOCAL protocol family
[   13.435583][    T1] RPC: Registered named UNIX socket transport module.
[   13.440631][    T1] RPC: Registered udp transport module.
[   13.445739][    T1] RPC: Registered tcp transport module.
[   13.448186][    T1] RPC: Registered tcp-with-tls transport module.
[   13.451168][    T1] RPC: Registered tcp NFSv4.1 backchannel transport module.
[   13.457496][    T1] NET: Registered PF_XDP protocol family
[   13.464867][    T1] pci_bus 0000:00: resource 4 [io  0x0000-0x0cf7 window]
[   13.468256][    T1] pci_bus 0000:00: resource 5 [io  0x0d00-0xffff window]
[   13.471604][    T1] pci_bus 0000:00: resource 6 [mem 0x000a0000-0x000bffff window]
[   13.475509][    T1] pci_bus 0000:00: resource 7 [mem 0x80000000-0xfebfffff window]
[   13.481257][    T1] pci_bus 0000:00: resource 8 [mem 0x100000000-0x17fffffff window]
[   13.487328][    T1] pci 0000:00:01.0: PIIX3: Enabling Passive Release
[   13.490350][    T1] pci 0000:00:00.0: Limiting direct PCI/PCI transfers
[   13.493105][    T1] PCI: CLS 0 bytes, default 64
[   13.495298][    T1] ACPI: bus type thunderbolt registered
[   13.500439][    T1] RAPL PMU: API unit is 2^-32 Joules, 0 fixed counters, 10737418240 ms ovfl timer
[   13.500593][   T44] Trying to unpack rootfs image as initramfs...
[   13.578538][    T1] kvm_amd: CPU 0 isn't AMD or Hygon
[   13.581834][    T1] clocksource: tsc: mask: 0xffffffffffffffff max_cycles: 0x2b2c8ec87c7, max_idle_ns: 440795278598 ns
[   13.648132][   T44] Freeing initrd memory: 1352K
[   13.651922][   T63] kworker/u8:3 (63) used greatest stack depth: 28416 bytes left
[   13.660481][   T74] kworker/u8:4 (74) used greatest stack depth: 28240 bytes left
[   15.391144][    T1] Initialise system trusted keyrings
[   15.392216][   T86] kworker/u8:1 (86) used greatest stack depth: 27728 bytes left
[   15.395688][    T1] workingset: timestamp_bits=40 max_order=19 bucket_order=0
[   15.408488][    T1] DLM installed
[   15.411811][    T1] squashfs: version 4.0 (2009/01/31) Phillip Lougher
[   15.419916][    T1] NFS: Registering the id_resolver key type
[   15.423079][    T1] Key type id_resolver registered
[   15.424611][    T1] Key type id_legacy registered
[   15.426024][    T1] nfs4filelayout_init: NFSv4 File Layout Driver Registering...
[   15.429817][    T1] nfs4flexfilelayout_init: NFSv4 Flexfile Layout Driver Registering...
[   15.444993][    T1] Key type cifs.spnego registered
[   15.446821][    T1] Key type cifs.idmap registered
[   15.449535][    T1] ntfs3: Enabled Linux POSIX ACLs support
[   15.451258][    T1] ntfs3: Read-only LZX/Xpress compression included
[   15.454694][    T1] efs: 1.0a - http://aeschi.ch.eu.org/efs/
[   15.459750][    T1] jffs2: version 2.2. (NAND) (SUMMARY)  © 2001-2006 Red Hat, Inc.
[   15.463186][    T1] romfs: ROMFS MTD (C) 2007 Red Hat, Inc.
[   15.464747][    T1] QNX4 filesystem 0.2.3 registered.
[   15.466218][    T1] qnx6: QNX6 filesystem 1.0.0 registered.
[   15.469764][    T1] fuse: init (API version 7.40)
[   15.475419][    T1] orangefs_debugfs_init: called with debug mask: :none: :0:
[   15.481120][    T1] orangefs_init: module version upstream loaded
[   15.483549][    T1] JFS: nTxBlock = 8192, nTxLock = 65536
[   15.497201][    T1] SGI XFS with ACLs, security attributes, realtime, quota, no debug enabled
[   15.504106][    T1] 9p: Installing v9fs 9p2000 file system support
[   15.506132][    T1] NILFS version 2 loaded
[   15.507306][    T1] befs: version: 0.9.3
[   15.509260][    T1] ocfs2: Registered cluster interface o2cb
[   15.511722][    T1] ocfs2: Registered cluster interface user
[   15.514883][    T1] OCFS2 User DLM kernel interface loaded
[   15.530563][    T1] gfs2: GFS2 installed
[   15.539839][    T1] ceph: loaded (mds proto 32)
[   15.555915][    T1] NET: Registered PF_ALG protocol family
[   15.557674][    T1] xor: automatically using best checksumming function   avx       
[   15.560688][    T1] async_tx: api initialized (async)
[   15.562328][    T1] Key type asymmetric registered
[   15.563824][    T1] Asymmetric key parser 'x509' registered
[   15.567260][    T1] Asymmetric key parser 'pkcs8' registered
[   15.570271][    T1] Key type pkcs7_test registered
[   15.573621][    T1] Block layer SCSI generic (bsg) driver version 0.4 loaded (major 238)
[   15.580628][    T1] io scheduler mq-deadline registered
[   15.584706][    T1] io scheduler kyber registered
[   15.586915][    T1] io scheduler bfq registered
[   15.603837][    T1] input: Power Button as /devices/LNXSYSTM:00/LNXPWRBN:00/input/input0
[   15.640274][    T1] ACPI: button: Power Button [PWRF]
[   15.651601][    T1] ioatdma: Intel(R) QuickData Technology Driver 5.00
[   15.660079][  T175] kworker/u8:2 (175) used greatest stack depth: 27552 bytes left
[   16.091582][    T1] N_HDLC line discipline registered with maxframe=4096
[   16.093515][    T1] Serial: 8250/16550 driver, 4 ports, IRQ sharing enabled
[   16.098489][    T1] 00:04: ttyS0 at I/O 0x3f8 (irq = 4, base_baud = 115200) is a 16550A
[   16.125916][    T1] Non-volatile memory driver v1.3
[   16.132677][    T1] Linux agpgart interface v0.103
[   16.140373][    T1] usbcore: registered new interface driver xillyusb
[   16.145760][    T1] ACPI: bus type drm_connector registered
[   16.155233][    T1] [drm] Initialized vgem 1.0.0 for vgem on minor 0
[   16.163531][    T1] [drm] Initialized vkms 1.0.0 for vkms on minor 1
[   16.234886][    T1] Console: switching to colour frame buffer device 128x48
[   16.256658][    T1] platform vkms: [drm] fb0: vkmsdrmfb frame buffer device
[   16.260058][    T1] usbcore: registered new interface driver udl
[   16.263287][    T1] bochs-drm 0000:00:02.0: vgaarb: deactivate vga console
[   16.276384][    T1] [drm] Found bochs VGA, ID 0xb0c5.
[   16.277810][    T1] [drm] Framebuffer size 16384 kB @ 0xfd000000, mmio @ 0xfebf0000.
[   16.284985][    T1] [drm] Found EDID data blob.
[   16.289369][    T1] [drm] Initialized bochs-drm 1.0.0 for 0000:00:02.0 on minor 2
[   16.301899][    T1] fbcon: bochs-drmdrmfb (fb1) is primary device
[   16.301913][    T1] fbcon: Remapping primary device, fb1, to tty 1-63
[   16.869794][    T1] bochs-drm 0000:00:02.0: [drm] fb1: bochs-drmdrmfb frame buffer device
[   16.875390][    T1] usbcore: registered new interface driver gm12u320
[   16.882833][    T1] usbcore: registered new interface driver gud
[   16.956781][    T1] brd: module loaded
[   17.039203][    T1] loop: module loaded
[   17.186483][    T1] zram: Added device: zram0
[   17.202814][    T1] null_blk: disk nullb0 created
[   17.204869][    T1] null_blk: module loaded
[   17.207032][    T1] Guest personality initialized and is inactive
[   17.210506][    T1] VMCI host device registered (name=vmci, major=10, minor=118)
[   17.212944][    T1] Initialized host personality
[   17.214364][    T1] usbcore: registered new interface driver rtsx_usb
[   17.219201][    T1] usbcore: registered new interface driver viperboard
[   17.222447][    T1] usbcore: registered new interface driver dln2
[   17.224803][    T1] usbcore: registered new interface driver pn533_usb
[   17.230366][    T1] nfcsim 0.2 initialized
[   17.233022][    T1] usbcore: registered new interface driver port100
[   17.236510][    T1] usbcore: registered new interface driver nfcmrvl
[   17.250711][    T1] Loading iSCSI transport class v2.0-870.
[   17.262837][    T1] st: Version 20160209, fixed bufsize 32768, s/g segs 256
[   17.295033][  T993] kworker/u8:0 (993) used greatest stack depth: 27440 bytes left
[   17.302400][    T1] scsi host0: ata_piix
[   17.307125][    T1] scsi host1: ata_piix
[   17.311731][    T1] ata1: PATA max MWDMA2 cmd 0x1f0 ctl 0x3f6 bmdma 0xc000 irq 14 lpm-pol 0
[   17.317440][    T1] ata2: PATA max MWDMA2 cmd 0x170 ctl 0x376 bmdma 0xc008 irq 15 lpm-pol 0
[   17.330286][    T1] Rounding down aligned max_sectors from 4294967295 to 4294967288
[   17.336850][    T1] db_root: cannot open: /etc/target
[   17.342183][    T1] slram: not enough parameters.
[   17.356366][    T1] ftl_cs: FTL header not found.
[   17.383960][    T1] wireguard: WireGuard 1.0.0 loaded. See www.wireguard.com for information.
[   17.388430][    T1] wireguard: Copyright (C) 2015-2019 Jason A. Donenfeld <Jason@zx2c4.com>. All Rights Reserved.
[   17.393300][    T1] eql: Equalizer2002: Simon Janes (simon@ncm.com) and David S. Miller (davem@redhat.com)
[   17.408887][    T1] MACsec IEEE 802.1AE
[   17.417881][    T1] usbcore: registered new interface driver mvusb_mdio
[   17.423338][    T1] tun: Universal TUN/TAP device driver, 1.6
[   17.428775][    T1] vcan: Virtual CAN interface driver
[   17.431607][    T1] vxcan: Virtual CAN Tunnel driver
[   17.434417][    T1] slcan: serial line CAN interface driver
[   17.436222][    T1] CAN device driver interface
[   17.440397][    T1] usbcore: registered new interface driver usb_8dev
[   17.443700][    T1] usbcore: registered new interface driver ems_usb
[   17.446778][    T1] usbcore: registered new interface driver esd_usb
[   17.451364][    T1] usbcore: registered new interface driver etas_es58x
[   17.454295][    T1] usbcore: registered new interface driver f81604
[   17.456823][    T1] usbcore: registered new interface driver gs_usb
[   17.460326][    T1] usbcore: registered new interface driver kvaser_usb
[   17.462967][    T1] usbcore: registered new interface driver mcba_usb
[   17.466651][    T1] usbcore: registered new interface driver peak_usb
[   17.470656][    T1] usbcore: registered new interface driver ucan
[   17.475390][    T1] e100: Intel(R) PRO/100 Network Driver
[   17.478954][    T1] e100: Copyright(c) 1999-2006 Intel Corporation
[   17.483257][    T1] e1000: Intel(R) PRO/1000 Network Driver
[   17.485227][    T1] e1000: Copyright (c) 1999-2006 Intel Corporation.
[   17.487614][    T1] e1000e: Intel(R) PRO/1000 Network Driver
[   17.489601][    T1] e1000e: Copyright(c) 1999 - 2015 Intel Corporation.
[   17.492498][ T1139] kworker/u8:6 (1139) used greatest stack depth: 27408 bytes left
[   17.494238][ T1004] ata2: found unknown device (class 0)
[   17.496396][    T1] mkiss: AX.25 Multikiss, Hans Albas PE1AYX
[   17.502978][    T1] AX.25: 6pack driver, Revision: 0.3.0
[   17.506250][ T1004] ata2.00: ATAPI: QEMU DVD-ROM, 2.5+, max UDMA/100
[   17.507189][    T1] AX.25: bpqether driver version 004
[   17.514561][    T1] PPP generic driver version 2.4.2
[   17.521835][    T1] PPP BSD Compression module registered
[   17.525049][    T1] PPP Deflate Compression module registered
[   17.527039][    T1] PPP MPPE Compression module registered
[   17.528916][    T1] NET: Registered PF_PPPOX protocol family
[   17.533302][    T1] PPTP driver version 0.8.5
[   17.533348][   T11] scsi 1:0:0:0: CD-ROM            QEMU     QEMU DVD-ROM     2.5+ PQ: 0 ANSI: 5
[   17.535145][    T1] SLIP: version 0.8.4-NET3.019-NEWTTY (dynamic channels, max=256) (6 bit encapsulation enabled).
[   17.544714][    T1] CSLIP: code copyright 1989 Regents of the University of California.
[   17.551949][    T1] SLIP linefill/keepalive option.
[   17.555970][    T1] hdlc: HDLC support module revision 1.22
[   17.559780][    T1] LAPB Ethernet driver version 0.02
[   17.564433][    T1] usbcore: registered new interface driver ath9k_htc
[   17.569788][    T1] usbcore: registered new interface driver carl9170
[   17.572655][    T1] usbcore: registered new interface driver ath6kl_usb
[   17.575017][    T1] usbcore: registered new interface driver ar5523
[   17.579592][    T1] usbcore: registered new interface driver ath10k_usb
[   17.581926][    T1] usbcore: registered new interface driver plfxlc
[   17.584635][    T1] mac80211_hwsim: initializing netlink
[   17.610181][    T1] usbcore: registered new interface driver atusb
[   17.622809][    T1] mac802154_hwsim mac802154_hwsim: Added 2 mac802154 hwsim hardware radios
[   17.626267][    T1] VMware vmxnet3 virtual NIC driver - version 1.9.0.0-k-NAPI
[   17.630955][    T1] usbcore: registered new interface driver catc
[   17.633086][    T1] usbcore: registered new interface driver kaweth
[   17.635006][    T1] pegasus: Pegasus/Pegasus II USB Ethernet driver
[   17.637064][    T1] usbcore: registered new interface driver pegasus
[   17.640500][    T1] usbcore: registered new interface driver rtl8150
[   17.643029][    T1] usbcore: registered new device driver r8152-cfgselector
[   17.645823][    T1] usbcore: registered new interface driver r8152
[   17.650406][    T1] usbcore: registered new interface driver hso
[   17.653640][   T11] sr 1:0:0:0: [sr0] scsi3-mmc drive: 4x/4x cd/rw xa/form2 tray
[   17.654567][    T1] usbcore: registered new interface driver lan78xx
[   17.657405][   T11] cdrom: Uniform CD-ROM driver Revision: 3.20
[   17.664841][    T1] usbcore: registered new interface driver asix
[   17.671490][    T1] usbcore: registered new interface driver ax88179_178a
[   17.674187][    T1] usbcore: registered new interface driver cdc_ether
[   17.677003][    T1] usbcore: registered new interface driver cdc_eem
[   17.681074][    T1] usbcore: registered new interface driver dm9601
[   17.683436][    T1] usbcore: registered new interface driver sr9700
[   17.686462][    T1] usbcore: registered new interface driver CoreChips
[   17.692058][    T1] usbcore: registered new interface driver smsc75xx
[   17.699825][    T1] usbcore: registered new interface driver smsc95xx
[   17.703237][    T1] usbcore: registered new interface driver gl620a
[   17.707053][    T1] usbcore: registered new interface driver net1080
[   17.709288][    T1] usbcore: registered new interface driver plusb
[   17.711360][    T1] usbcore: registered new interface driver rndis_host
[   17.713523][    T1] usbcore: registered new interface driver cdc_subset
[   17.716524][    T1] usbcore: registered new interface driver zaurus
[   17.720286][    T1] usbcore: registered new interface driver MOSCHIP usb-ethernet driver
[   17.723740][    T1] usbcore: registered new interface driver int51x1
[   17.726502][    T1] usbcore: registered new interface driver cdc_phonet
[   17.729231][    T1] usbcore: registered new interface driver kalmia
[   17.731836][    T1] usbcore: registered new interface driver ipheth
[   17.735492][    T1] usbcore: registered new interface driver sierra_net
[   17.739053][    T1] usbcore: registered new interface driver cx82310_eth
[   17.741487][    T1] usbcore: registered new interface driver cdc_ncm
[   17.743976][    T1] usbcore: registered new interface driver huawei_cdc_ncm
[   17.746445][    T1] usbcore: registered new interface driver lg-vl600
[   17.750683][    T1] usbcore: registered new interface driver qmi_wwan
[   17.753212][    T1] usbcore: registered new interface driver cdc_mbim
[   17.755603][    T1] usbcore: registered new interface driver ch9200
[   17.760168][    T1] usbcore: registered new interface driver aqc111
[   17.764849][    T1] usbcore: registered new interface driver r8153_ecm
[   17.771909][    T1] VFIO - User Level meta-driver version: 0.3
[   17.781271][    T1] aoe: AoE v85 initialised.
[   17.792336][    T1] SPI driver max3421-hcd has no spi_device_id for maxim,max3421
[   17.795900][    T1] usbcore: registered new interface driver cdc_acm
[   17.803776][   T11] sr 1:0:0:0: Attached scsi generic sg0 type 5
[   17.809653][    T1] cdc_acm: USB Abstract Control Model driver for USB modems and ISDN adapters
[   17.812844][    T1] usbcore: registered new interface driver usblp
[   17.815952][    T1] usbcore: registered new interface driver cdc_wdm
[   17.820260][    T1] usbcore: registered new interface driver usbtmc
[   17.823365][    T1] usbcore: registered new interface driver uas
[   17.826259][    T1] usbcore: registered new interface driver usb-storage
[   17.830556][    T1] usbcore: registered new interface driver ums-alauda
[   17.833853][    T1] usbcore: registered new interface driver ums-cypress
[   17.836309][    T1] usbcore: registered new interface driver ums-datafab
[   17.839791][    T1] usbcore: registered new interface driver ums_eneub6250
[   17.842136][    T1] usbcore: registered new interface driver ums-freecom
[   17.844813][    T1] usbcore: registered new interface driver ums-isd200
[   17.848067][    T1] usbcore: registered new interface driver ums-jumpshot
[   17.851731][    T1] usbcore: registered new interface driver ums-karma
[   17.855244][    T1] usbcore: registered new interface driver ums-onetouch
[   17.859532][    T1] usbcore: registered new interface driver ums-realtek
[   17.864286][    T1] usbcore: registered new interface driver ums-sddr09
[   17.866677][    T1] usbcore: registered new interface driver ums-sddr55
[   17.869004][    T1] usbcore: registered new interface driver ums-usbat
[   17.871527][    T1] usbcore: registered new interface driver mdc800
[   17.873584][    T1] mdc800: v0.7.5 (30/10/2000):USB Driver for Mustek MDC800 Digital Camera
[   17.879125][    T1] usbcore: registered new interface driver microtekX6
[   17.883304][    T1] usbcore: registered new interface driver usbserial_generic
[   17.887984][    T1] usbserial: USB Serial support registered for generic
[   17.891075][    T1] usbcore: registered new interface driver aircable
[   17.893153][    T1] usbserial: USB Serial support registered for aircable
[   17.895328][    T1] usbcore: registered new interface driver ark3116
[   17.897600][    T1] usbserial: USB Serial support registered for ark3116
[   17.899857][    T1] usbcore: registered new interface driver belkin_sa
[   17.902018][    T1] usbserial: USB Serial support registered for Belkin / Peracom / GoHubs USB Serial Adapter
[   17.905227][    T1] usbcore: registered new interface driver ch341
[   17.908451][    T1] usbserial: USB Serial support registered for ch341-uart
[   17.912061][    T1] usbcore: registered new interface driver cp210x
[   17.915452][    T1] usbserial: USB Serial support registered for cp210x
[   17.920506][    T1] usbcore: registered new interface driver cyberjack
[   17.924007][    T1] usbserial: USB Serial support registered for Reiner SCT Cyberjack USB card reader
[   17.928666][    T1] usbcore: registered new interface driver cypress_m8
[   17.931696][    T1] usbserial: USB Serial support registered for DeLorme Earthmate USB
[   17.934318][    T1] usbserial: USB Serial support registered for HID->COM RS232 Adapter
[   17.937431][    T1] usbserial: USB Serial support registered for Nokia CA-42 V2 Adapter
[   17.941328][    T1] usbcore: registered new interface driver usb_debug
[   17.944695][    T1] usbserial: USB Serial support registered for debug
[   17.947060][    T1] usbserial: USB Serial support registered for xhci_dbc
[   17.950776][    T1] usbcore: registered new interface driver digi_acceleport
[   17.955273][    T1] usbserial: USB Serial support registered for Digi 2 port USB adapter
[   17.959038][    T1] usbserial: USB Serial support registered for Digi 4 port USB adapter
[   17.962374][    T1] usbcore: registered new interface driver io_edgeport
[   17.964666][    T1] usbserial: USB Serial support registered for Edgeport 2 port adapter
[   17.967301][    T1] usbserial: USB Serial support registered for Edgeport 4 port adapter
[   17.970928][    T1] usbserial: USB Serial support registered for Edgeport 8 port adapter
[   17.973912][    T1] usbserial: USB Serial support registered for EPiC device
[   17.976601][    T1] usbcore: registered new interface driver io_ti
[   17.979066][    T1] usbserial: USB Serial support registered for Edgeport TI 1 port adapter
[   17.982519][    T1] usbserial: USB Serial support registered for Edgeport TI 2 port adapter
[   17.987099][    T1] usbcore: registered new interface driver empeg
[   17.989321][    T1] usbserial: USB Serial support registered for empeg
[   17.991611][    T1] usbcore: registered new interface driver f81534a_ctrl
[   17.993863][    T1] usbcore: registered new interface driver f81232
[   17.995891][    T1] usbserial: USB Serial support registered for f81232
[   17.999024][    T1] usbserial: USB Serial support registered for f81534a
[   18.001711][    T1] usbcore: registered new interface driver f81534
[   18.004362][    T1] usbserial: USB Serial support registered for Fintek F81532/F81534
[   18.007097][    T1] usbcore: registered new interface driver ftdi_sio
[   18.009357][    T1] usbserial: USB Serial support registered for FTDI USB Serial Device
[   18.012017][    T1] usbcore: registered new interface driver garmin_gps
[   18.014604][    T1] usbserial: USB Serial support registered for Garmin GPS usb/tty
[   18.018874][    T1] usbcore: registered new interface driver ipaq
[   18.022497][    T1] usbserial: USB Serial support registered for PocketPC PDA
[   18.025752][    T1] usbcore: registered new interface driver ipw
[   18.029032][    T1] usbserial: USB Serial support registered for IPWireless converter
[   18.032204][    T1] usbcore: registered new interface driver ir_usb
[   18.035350][    T1] usbserial: USB Serial support registered for IR Dongle
[   18.040623][    T1] usbcore: registered new interface driver iuu_phoenix
[   18.044343][    T1] usbserial: USB Serial support registered for iuu_phoenix
[   18.049071][    T1] usbcore: registered new interface driver keyspan
[   18.052575][    T1] usbserial: USB Serial support registered for Keyspan - (without firmware)
[   18.058832][    T1] usbserial: USB Serial support registered for Keyspan 1 port adapter
[   18.063781][    T1] usbserial: USB Serial support registered for Keyspan 2 port adapter
[   18.067274][    T1] usbserial: USB Serial support registered for Keyspan 4 port adapter
[   18.070095][    T1] usbcore: registered new interface driver keyspan_pda
[   18.072304][    T1] usbserial: USB Serial support registered for Keyspan PDA
[   18.074817][    T1] usbserial: USB Serial support registered for Keyspan PDA - (prerenumeration)
[   18.082348][    T1] usbcore: registered new interface driver kl5kusb105
[   18.085955][    T1] usbserial: USB Serial support registered for KL5KUSB105D / PalmConnect
[   18.090625][    T1] usbcore: registered new interface driver kobil_sct
[   18.093916][    T1] usbserial: USB Serial support registered for KOBIL USB smart card terminal
[   18.103949][    T1] usbcore: registered new interface driver mct_u232
[   18.108365][    T1] usbserial: USB Serial support registered for MCT U232
[   18.111490][    T1] usbcore: registered new interface driver metro_usb
[   18.114932][    T1] usbserial: USB Serial support registered for Metrologic USB to Serial
[   18.120111][    T1] usbcore: registered new interface driver mos7720
[   18.123297][    T1] usbserial: USB Serial support registered for Moschip 2 port adapter
[   18.126064][    T1] usbcore: registered new interface driver mos7840
[   18.128177][    T1] usbserial: USB Serial support registered for Moschip 7840/7820 USB Serial Driver
[   18.133446][    T1] usbcore: registered new interface driver mxuport
[   18.135490][    T1] usbserial: USB Serial support registered for MOXA UPort
[   18.137924][    T1] usbcore: registered new interface driver navman
[   18.141806][    T1] usbserial: USB Serial support registered for navman
[   18.144181][    T1] usbcore: registered new interface driver omninet
[   18.146176][    T1] usbserial: USB Serial support registered for ZyXEL - omni.net usb
[   18.148729][    T1] usbcore: registered new interface driver opticon
[   18.150731][    T1] usbserial: USB Serial support registered for opticon
[   18.152947][    T1] usbcore: registered new interface driver option
[   18.158322][    T1] usbserial: USB Serial support registered for GSM modem (1-port)
[   18.162104][    T1] usbcore: registered new interface driver oti6858
[   18.164192][    T1] usbserial: USB Serial support registered for oti6858
[   18.166307][    T1] usbcore: registered new interface driver pl2303
[   18.168385][    T1] usbserial: USB Serial support registered for pl2303
[   18.170510][    T1] usbcore: registered new interface driver qcaux
[   18.172582][    T1] usbserial: USB Serial support registered for qcaux
[   18.174811][    T1] usbcore: registered new interface driver qcserial
[   18.176967][    T1] usbserial: USB Serial support registered for Qualcomm USB modem
[   18.179590][    T1] usbcore: registered new interface driver quatech2
[   18.181781][    T1] usbserial: USB Serial support registered for Quatech 2nd gen USB to Serial Driver
[   18.184661][    T1] usbcore: registered new interface driver safe_serial
[   18.186762][    T1] usbserial: USB Serial support registered for safe_serial
[   18.189606][    T1] usbcore: registered new interface driver sierra
[   18.191734][    T1] usbserial: USB Serial support registered for Sierra USB modem
[   18.194277][    T1] usbcore: registered new interface driver usb_serial_simple
[   18.196749][    T1] usbserial: USB Serial support registered for carelink
[   18.199251][    T1] usbserial: USB Serial support registered for flashloader
[   18.201551][    T1] usbserial: USB Serial support registered for funsoft
[   18.204116][    T1] usbserial: USB Serial support registered for google
[   18.207312][    T1] usbserial: USB Serial support registered for hp4x
[   18.210079][    T1] usbserial: USB Serial support registered for kaufmann
[   18.212958][    T1] usbserial: USB Serial support registered for libtransistor
[   18.217239][    T1] usbserial: USB Serial support registered for moto_modem
[   18.219615][    T1] usbserial: USB Serial support registered for motorola_tetra
[   18.222215][    T1] usbserial: USB Serial support registered for nokia
[   18.225598][    T1] usbserial: USB Serial support registered for novatel_gps
[   18.227949][    T1] usbserial: USB Serial support registered for siemens_mpi
[   18.230404][    T1] usbserial: USB Serial support registered for suunto
[   18.233759][    T1] usbserial: USB Serial support registered for vivopay
[   18.236360][    T1] usbserial: USB Serial support registered for zio
[   18.239797][    T1] usbcore: registered new interface driver spcp8x5
[   18.243352][    T1] usbserial: USB Serial support registered for SPCP8x5
[   18.245535][    T1] usbcore: registered new interface driver ssu100
[   18.248813][    T1] usbserial: USB Serial support registered for Quatech SSU-100 USB to Serial Driver
[   18.254099][    T1] usbcore: registered new interface driver symbolserial
[   18.256368][    T1] usbserial: USB Serial support registered for symbol
[   18.259517][    T1] usbcore: registered new interface driver ti_usb_3410_5052
[   18.261890][    T1] usbserial: USB Serial support registered for TI USB 3410 1 port adapter
[   18.265094][    T1] usbserial: USB Serial support registered for TI USB 5052 2 port adapter
[   18.269637][    T1] usbcore: registered new interface driver upd78f0730
[   18.273137][    T1] usbserial: USB Serial support registered for upd78f0730
[   18.277410][    T1] usbcore: registered new interface driver visor
[   18.281689][    T1] usbserial: USB Serial support registered for Handspring Visor / Palm OS
[   18.285928][    T1] usbserial: USB Serial support registered for Sony Clie 5.0
[   18.289946][    T1] usbserial: USB Serial support registered for Sony Clie 3.5
[   18.293825][    T1] usbcore: registered new interface driver wishbone_serial
[   18.296597][    T1] usbserial: USB Serial support registered for wishbone_serial
[   18.300502][    T1] usbcore: registered new interface driver whiteheat
[   18.302858][    T1] usbserial: USB Serial support registered for Connect Tech - WhiteHEAT - (prerenumeration)
[   18.306073][    T1] usbserial: USB Serial support registered for Connect Tech - WhiteHEAT
[   18.308943][    T1] usbcore: registered new interface driver xr_serial
[   18.311159][    T1] usbserial: USB Serial support registered for xr_serial
[   18.314594][    T1] usbcore: registered new interface driver xsens_mt
[   18.319421][    T1] usbserial: USB Serial support registered for xsens_mt
[   18.322886][    T1] usbcore: registered new interface driver adutux
[   18.325594][    T1] usbcore: registered new interface driver appledisplay
[   18.327950][    T1] usbcore: registered new interface driver cypress_cy7c63
[   18.330194][    T1] usbcore: registered new interface driver cytherm
[   18.332081][    T1] usbcore: registered new interface driver emi26 - firmware loader
[   18.334679][    T1] usbcore: registered new interface driver emi62 - firmware loader
[   18.337339][    T1] usbcore: registered new device driver apple-mfi-fastcharge
[   18.340738][    T1] usbcore: registered new interface driver ljca
[   18.343404][    T1] usbcore: registered new interface driver idmouse
[   18.346536][    T1] usbcore: registered new interface driver iowarrior
[   18.348773][    T1] usbcore: registered new interface driver isight_firmware
[   18.352627][    T1] usbcore: registered new interface driver usblcd
[   18.354786][    T1] usbcore: registered new interface driver ldusb
[   18.356776][    T1] usbcore: registered new interface driver legousbtower
[   18.359669][    T1] usbcore: registered new interface driver usbtest
[   18.361736][    T1] usbcore: registered new interface driver usb_ehset_test
[   18.364316][    T1] usbcore: registered new interface driver trancevibrator
[   18.366625][    T1] usbcore: registered new interface driver uss720
[   18.368699][    T1] uss720: USB Parport Cable driver for Cables using the Lucent Technologies USS720 Chip
[   18.374359][    T1] uss720: NOTE: this is a special purpose driver to allow nonstandard
[   18.377235][    T1] uss720: protocols (eg. bitbang) over USS720 usb to parallel cables
[   18.379693][    T1] uss720: If you just want to connect to a printer, use usblp instead
[   18.383004][    T1] usbcore: registered new interface driver usbsevseg
[   18.385655][    T1] usbcore: registered new interface driver yurex
[   18.389575][    T1] usbcore: registered new interface driver chaoskey
[   18.392934][    T1] usbcore: registered new interface driver sisusb
[   18.394926][    T1] usbcore: registered new interface driver lvs
[   18.396883][    T1] usbcore: registered new interface driver cxacru
[   18.400967][    T1] usbcore: registered new interface driver speedtch
[   18.403197][    T1] usbcore: registered new interface driver ueagle-atm
[   18.405385][    T1] xusbatm: malformed module parameters
[   18.411554][    T1] dummy_hcd dummy_hcd.0: USB Host+Gadget Emulator, driver 02 May 2005
[   18.415629][    T1] dummy_hcd dummy_hcd.0: Dummy host controller
[   18.423659][    T1] dummy_hcd dummy_hcd.0: new USB bus registered, assigned bus number 1
[   18.428546][    T1] usb usb1: New USB device found, idVendor=1d6b, idProduct=0002, bcdDevice= 6.11
[   18.431173][    T1] usb usb1: New USB device strings: Mfr=3, Product=2, SerialNumber=1
[   18.433746][    T1] usb usb1: Product: Dummy host controller
[   18.436078][    T1] usb usb1: Manufacturer: Linux 6.11.0-rc6-g67784a74e258-dirty dummy_hcd
[   18.439602][    T1] usb usb1: SerialNumber: dummy_hcd.0
[   18.447113][    T1] hub 1-0:1.0: USB hub found
[   18.451739][    T1] hub 1-0:1.0: 1 port detected
[   18.468417][    T1] SPI driver max3420-udc has no spi_device_id for maxim,max3421-udc
[   18.471842][    T1] gadgetfs: USB Gadget filesystem, version 24 Aug 2004
[   18.475793][    T1] vhci_hcd vhci_hcd.0: USB/IP Virtual Host Controller
[   18.481556][    T1] vhci_hcd vhci_hcd.0: new USB bus registered, assigned bus number 2
[   18.484725][    T1] vhci_hcd: created sysfs vhci_hcd.0
[   18.487957][    T1] usb usb2: New USB device found, idVendor=1d6b, idProduct=0002, bcdDevice= 6.11
[   18.490830][    T1] usb usb2: New USB device strings: Mfr=3, Product=2, SerialNumber=1
[   18.493225][    T1] usb usb2: Product: USB/IP Virtual Host Controller
[   18.495128][    T1] usb usb2: Manufacturer: Linux 6.11.0-rc6-g67784a74e258-dirty vhci_hcd
[   18.497571][    T1] usb usb2: SerialNumber: vhci_hcd.0
[   18.503497][    T1] hub 2-0:1.0: USB hub found
[   18.505423][    T1] hub 2-0:1.0: 8 ports detected
[   18.516147][    T1] vhci_hcd vhci_hcd.0: USB/IP Virtual Host Controller
[   18.524467][    T1] vhci_hcd vhci_hcd.0: new USB bus registered, assigned bus number 3
[   18.528114][    T1] usb usb3: We don't know the algorithms for LPM for this host, disabling LPM.
[   18.534335][    T1] usb usb3: New USB device found, idVendor=1d6b, idProduct=0003, bcdDevice= 6.11
[   18.538695][    T1] usb usb3: New USB device strings: Mfr=3, Product=2, SerialNumber=1
[   18.542816][    T1] usb usb3: Product: USB/IP Virtual Host Controller
[   18.545229][    T1] usb usb3: Manufacturer: Linux 6.11.0-rc6-g67784a74e258-dirty vhci_hcd
[   18.550061][    T1] usb usb3: SerialNumber: vhci_hcd.0
[   18.556124][    T1] hub 3-0:1.0: USB hub found
[   18.559439][    T1] hub 3-0:1.0: 8 ports detected
[   18.573374][    T1] vhci_hcd vhci_hcd.1: USB/IP Virtual Host Controller
[   18.577319][    T1] vhci_hcd vhci_hcd.1: new USB bus registered, assigned bus number 4
[   18.583503][    T1] usb usb4: New USB device found, idVendor=1d6b, idProduct=0002, bcdDevice= 6.11
[   18.588377][    T1] usb usb4: New USB device strings: Mfr=3, Product=2, SerialNumber=1
[   18.590845][    T1] usb usb4: Product: USB/IP Virtual Host Controller
[   18.592854][    T1] usb usb4: Manufacturer: Linux 6.11.0-rc6-g67784a74e258-dirty vhci_hcd
[   18.595796][    T1] usb usb4: SerialNumber: vhci_hcd.1
[   18.602572][    T1] hub 4-0:1.0: USB hub found
[   18.604304][    T1] hub 4-0:1.0: 8 ports detected
[   18.612802][    T1] vhci_hcd vhci_hcd.1: USB/IP Virtual Host Controller
[   18.617716][    T1] vhci_hcd vhci_hcd.1: new USB bus registered, assigned bus number 5
[   18.622528][    T1] usb usb5: We don't know the algorithms for LPM for this host, disabling LPM.
[   18.630574][    T1] usb usb5: New USB device found, idVendor=1d6b, idProduct=0003, bcdDevice= 6.11
[   18.637794][    T1] usb usb5: New USB device strings: Mfr=3, Product=2, SerialNumber=1
[   18.640865][    T1] usb usb5: Product: USB/IP Virtual Host Controller
[   18.643568][    T1] usb usb5: Manufacturer: Linux 6.11.0-rc6-g67784a74e258-dirty vhci_hcd
[   18.646321][    T1] usb usb5: SerialNumber: vhci_hcd.1
[   18.653805][    T1] hub 5-0:1.0: USB hub found
[   18.655562][    T1] hub 5-0:1.0: 8 ports detected
[   18.669747][    T1] vhci_hcd vhci_hcd.2: USB/IP Virtual Host Controller
[   18.673454][    T1] vhci_hcd vhci_hcd.2: new USB bus registered, assigned bus number 6
[   18.681009][    T1] usb usb6: New USB device found, idVendor=1d6b, idProduct=0002, bcdDevice= 6.11
[   18.686624][    T1] usb usb6: New USB device strings: Mfr=3, Product=2, SerialNumber=1
[   18.690553][    T1] usb usb6: Product: USB/IP Virtual Host Controller
[   18.693128][    T1] usb usb6: Manufacturer: Linux 6.11.0-rc6-g67784a74e258-dirty vhci_hcd
[   18.695736][    T1] usb usb6: SerialNumber: vhci_hcd.2
[   18.704361][    T1] hub 6-0:1.0: USB hub found
[   18.709632][    T1] hub 6-0:1.0: 8 ports detected
[   18.725948][    T1] vhci_hcd vhci_hcd.2: USB/IP Virtual Host Controller
[   18.733600][    T1] vhci_hcd vhci_hcd.2: new USB bus registered, assigned bus number 7
[   18.736622][    T1] usb usb7: We don't know the algorithms for LPM for this host, disabling LPM.
[   18.741278][    T1] usb usb7: New USB device found, idVendor=1d6b, idProduct=0003, bcdDevice= 6.11
[   18.748418][    T1] usb usb7: New USB device strings: Mfr=3, Product=2, SerialNumber=1
[   18.751101][    T1] usb usb7: Product: USB/IP Virtual Host Controller
[   18.753362][    T1] usb usb7: Manufacturer: Linux 6.11.0-rc6-g67784a74e258-dirty vhci_hcd
[   18.756651][    T1] usb usb7: SerialNumber: vhci_hcd.2
[   18.764641][    T1] hub 7-0:1.0: USB hub found
[   18.767305][    T1] hub 7-0:1.0: 8 ports detected
[   18.780720][    T1] vhci_hcd vhci_hcd.3: USB/IP Virtual Host Controller
[   18.784542][    T1] vhci_hcd vhci_hcd.3: new USB bus registered, assigned bus number 8
[   18.792949][    T1] usb usb8: New USB device found, idVendor=1d6b, idProduct=0002, bcdDevice= 6.11
[   18.796871][    T1] usb usb8: New USB device strings: Mfr=3, Product=2, SerialNumber=1
[   18.802605][    T1] usb usb8: Product: USB/IP Virtual Host Controller
[   18.805294][    T1] usb usb8: Manufacturer: Linux 6.11.0-rc6-g67784a74e258-dirty vhci_hcd
[   18.808588][    T1] usb usb8: SerialNumber: vhci_hcd.3
[   18.818978][    T1] hub 8-0:1.0: USB hub found
[   18.820886][    T1] hub 8-0:1.0: 8 ports detected
[   18.834886][    T1] vhci_hcd vhci_hcd.3: USB/IP Virtual Host Controller
[   18.843241][    T1] vhci_hcd vhci_hcd.3: new USB bus registered, assigned bus number 9
[   18.846251][    T1] usb usb9: We don't know the algorithms for LPM for this host, disabling LPM.
[   18.860284][    T1] usb usb9: New USB device found, idVendor=1d6b, idProduct=0003, bcdDevice= 6.11
[   18.865606][    T1] usb usb9: New USB device strings: Mfr=3, Product=2, SerialNumber=1
[   18.869081][    T1] usb usb9: Product: USB/IP Virtual Host Controller
[   18.871177][    T1] usb usb9: Manufacturer: Linux 6.11.0-rc6-g67784a74e258-dirty vhci_hcd
[   18.874508][    T1] usb usb9: SerialNumber: vhci_hcd.3
[   18.885182][    T1] hub 9-0:1.0: USB hub found
[   18.889223][    T1] hub 9-0:1.0: 8 ports detected
[   18.900435][    T1] vhci_hcd vhci_hcd.4: USB/IP Virtual Host Controller
[   18.904010][    T1] vhci_hcd vhci_hcd.4: new USB bus registered, assigned bus number 10
[   18.908286][    T1] usb usb10: New USB device found, idVendor=1d6b, idProduct=0002, bcdDevice= 6.11
[   18.913015][    T1] usb usb10: New USB device strings: Mfr=3, Product=2, SerialNumber=1
[   18.916086][    T1] usb usb10: Product: USB/IP Virtual Host Controller
[   18.918904][    T1] usb usb10: Manufacturer: Linux 6.11.0-rc6-g67784a74e258-dirty vhci_hcd
[   18.922683][    T1] usb usb10: SerialNumber: vhci_hcd.4
[   18.931751][    T1] hub 10-0:1.0: USB hub found
[   18.939059][    T1] hub 10-0:1.0: 8 ports detected
[   18.949266][    T1] vhci_hcd vhci_hcd.4: USB/IP Virtual Host Controller
[   18.953107][    T1] vhci_hcd vhci_hcd.4: new USB bus registered, assigned bus number 11
[   18.960281][    T1] usb usb11: We don't know the algorithms for LPM for this host, disabling LPM.
[   18.967753][    T1] usb usb11: New USB device found, idVendor=1d6b, idProduct=0003, bcdDevice= 6.11
[   18.971262][    T1] usb usb11: New USB device strings: Mfr=3, Product=2, SerialNumber=1
[   18.973982][    T1] usb usb11: Product: USB/IP Virtual Host Controller
[   18.976811][    T1] usb usb11: Manufacturer: Linux 6.11.0-rc6-g67784a74e258-dirty vhci_hcd
[   18.982488][    T1] usb usb11: SerialNumber: vhci_hcd.4
[   18.990324][    T1] hub 11-0:1.0: USB hub found
[   18.992972][    T1] hub 11-0:1.0: 8 ports detected
[   19.003325][    T1] vhci_hcd vhci_hcd.5: USB/IP Virtual Host Controller
[   19.007635][    T1] vhci_hcd vhci_hcd.5: new USB bus registered, assigned bus number 12
[   19.011230][    T1] usb usb12: New USB device found, idVendor=1d6b, idProduct=0002, bcdDevice= 6.11
[   19.013963][    T1] usb usb12: New USB device strings: Mfr=3, Product=2, SerialNumber=1
[   19.017073][    T1] usb usb12: Product: USB/IP Virtual Host Controller
[   19.019836][    T1] usb usb12: Manufacturer: Linux 6.11.0-rc6-g67784a74e258-dirty vhci_hcd
[   19.022935][    T1] usb usb12: SerialNumber: vhci_hcd.5
[   19.033106][    T1] hub 12-0:1.0: USB hub found
[   19.035660][    T1] hub 12-0:1.0: 8 ports detected
[   19.049203][    T1] vhci_hcd vhci_hcd.5: USB/IP Virtual Host Controller
[   19.056842][    T1] vhci_hcd vhci_hcd.5: new USB bus registered, assigned bus number 13
[   19.063344][    T1] usb usb13: We don't know the algorithms for LPM for this host, disabling LPM.
[   19.073926][    T1] usb usb13: New USB device found, idVendor=1d6b, idProduct=0003, bcdDevice= 6.11
[   19.077301][    T1] usb usb13: New USB device strings: Mfr=3, Product=2, SerialNumber=1
[   19.083257][    T1] usb usb13: Product: USB/IP Virtual Host Controller
[   19.086040][    T1] usb usb13: Manufacturer: Linux 6.11.0-rc6-g67784a74e258-dirty vhci_hcd
[   19.089075][    T1] usb usb13: SerialNumber: vhci_hcd.5
[   19.095571][    T1] hub 13-0:1.0: USB hub found
[   19.099504][    T1] hub 13-0:1.0: 8 ports detected
[   19.112832][    T1] vhci_hcd vhci_hcd.6: USB/IP Virtual Host Controller
[   19.116341][    T1] vhci_hcd vhci_hcd.6: new USB bus registered, assigned bus number 14
[   19.120700][    T1] usb usb14: New USB device found, idVendor=1d6b, idProduct=0002, bcdDevice= 6.11
[   19.125471][    T1] usb usb14: New USB device strings: Mfr=3, Product=2, SerialNumber=1
[   19.128621][    T1] usb usb14: Product: USB/IP Virtual Host Controller
[   19.130632][    T1] usb usb14: Manufacturer: Linux 6.11.0-rc6-g67784a74e258-dirty vhci_hcd
[   19.133231][    T1] usb usb14: SerialNumber: vhci_hcd.6
[   19.139329][    T1] hub 14-0:1.0: USB hub found
[   19.141193][    T1] hub 14-0:1.0: 8 ports detected
[   19.152448][    T1] vhci_hcd vhci_hcd.6: USB/IP Virtual Host Controller
[   19.156265][    T1] vhci_hcd vhci_hcd.6: new USB bus registered, assigned bus number 15
[   19.160233][    T1] usb usb15: We don't know the algorithms for LPM for this host, disabling LPM.
[   19.164939][    T1] usb usb15: New USB device found, idVendor=1d6b, idProduct=0003, bcdDevice= 6.11
[   19.169520][    T1] usb usb15: New USB device strings: Mfr=3, Product=2, SerialNumber=1
[   19.171899][    T1] usb usb15: Product: USB/IP Virtual Host Controller
[   19.173769][    T1] usb usb15: Manufacturer: Linux 6.11.0-rc6-g67784a74e258-dirty vhci_hcd
[   19.177309][    T1] usb usb15: SerialNumber: vhci_hcd.6
[   19.183794][    T1] hub 15-0:1.0: USB hub found
[   19.185653][    T1] hub 15-0:1.0: 8 ports detected
[   19.197579][    T1] vhci_hcd vhci_hcd.7: USB/IP Virtual Host Controller
[   19.201696][    T1] vhci_hcd vhci_hcd.7: new USB bus registered, assigned bus number 16
[   19.204953][    T1] usb usb16: New USB device found, idVendor=1d6b, idProduct=0002, bcdDevice= 6.11
[   19.207722][    T1] usb usb16: New USB device strings: Mfr=3, Product=2, SerialNumber=1
[   19.210365][    T1] usb usb16: Product: USB/IP Virtual Host Controller
[   19.215321][    T1] usb usb16: Manufacturer: Linux 6.11.0-rc6-g67784a74e258-dirty vhci_hcd
[   19.219773][    T1] usb usb16: SerialNumber: vhci_hcd.7
[   19.226073][    T1] hub 16-0:1.0: USB hub found
[   19.228041][    T1] hub 16-0:1.0: 8 ports detected
[   19.238485][    T1] vhci_hcd vhci_hcd.7: USB/IP Virtual Host Controller
[   19.244771][    T1] vhci_hcd vhci_hcd.7: new USB bus registered, assigned bus number 17
[   19.248163][    T1] usb usb17: We don't know the algorithms for LPM for this host, disabling LPM.
[   19.254749][    T1] usb usb17: New USB device found, idVendor=1d6b, idProduct=0003, bcdDevice= 6.11
[   19.263129][    T1] usb usb17: New USB device strings: Mfr=3, Product=2, SerialNumber=1
[   19.265651][    T1] usb usb17: Product: USB/IP Virtual Host Controller
[   19.267714][    T1] usb usb17: Manufacturer: Linux 6.11.0-rc6-g67784a74e258-dirty vhci_hcd
[   19.270602][    T1] usb usb17: SerialNumber: vhci_hcd.7
[   19.282357][    T1] hub 17-0:1.0: USB hub found
[   19.284034][    T1] hub 17-0:1.0: 8 ports detected
[   19.295683][    T1] vhci_hcd vhci_hcd.8: USB/IP Virtual Host Controller
[   19.301232][    T1] vhci_hcd vhci_hcd.8: new USB bus registered, assigned bus number 18
[   19.304658][    T1] usb usb18: New USB device found, idVendor=1d6b, idProduct=0002, bcdDevice= 6.11
[   19.310188][    T1] usb usb18: New USB device strings: Mfr=3, Product=2, SerialNumber=1
[   19.317177][    T1] usb usb18: Product: USB/IP Virtual Host Controller
[   19.320167][    T1] usb usb18: Manufacturer: Linux 6.11.0-rc6-g67784a74e258-dirty vhci_hcd
[   19.324418][    T1] usb usb18: SerialNumber: vhci_hcd.8
[   19.334238][    T1] hub 18-0:1.0: USB hub found
[   19.336083][    T1] hub 18-0:1.0: 8 ports detected
[   19.346840][    T1] vhci_hcd vhci_hcd.8: USB/IP Virtual Host Controller
[   19.350346][    T1] vhci_hcd vhci_hcd.8: new USB bus registered, assigned bus number 19
[   19.353697][    T1] usb usb19: We don't know the algorithms for LPM for this host, disabling LPM.
[   19.358875][    T1] usb usb19: New USB device found, idVendor=1d6b, idProduct=0003, bcdDevice= 6.11
[   19.362183][    T1] usb usb19: New USB device strings: Mfr=3, Product=2, SerialNumber=1
[   19.364735][    T1] usb usb19: Product: USB/IP Virtual Host Controller
[   19.367521][    T1] usb usb19: Manufacturer: Linux 6.11.0-rc6-g67784a74e258-dirty vhci_hcd
[   19.370390][    T1] usb usb19: SerialNumber: vhci_hcd.8
[   19.375571][    T1] hub 19-0:1.0: USB hub found
[   19.378650][    T1] hub 19-0:1.0: 8 ports detected
[   19.389720][    T1] vhci_hcd vhci_hcd.9: USB/IP Virtual Host Controller
[   19.393205][    T1] vhci_hcd vhci_hcd.9: new USB bus registered, assigned bus number 20
[   19.399344][    T1] usb usb20: New USB device found, idVendor=1d6b, idProduct=0002, bcdDevice= 6.11
[   19.405863][    T1] usb usb20: New USB device strings: Mfr=3, Product=2, SerialNumber=1
[   19.410426][    T1] usb usb20: Product: USB/IP Virtual Host Controller
[   19.413413][    T1] usb usb20: Manufacturer: Linux 6.11.0-rc6-g67784a74e258-dirty vhci_hcd
[   19.416004][    T1] usb usb20: SerialNumber: vhci_hcd.9
[   19.425513][    T1] hub 20-0:1.0: USB hub found
[   19.428322][    T1] hub 20-0:1.0: 8 ports detected
[   19.440933][    T1] vhci_hcd vhci_hcd.9: USB/IP Virtual Host Controller
[   19.446226][    T1] vhci_hcd vhci_hcd.9: new USB bus registered, assigned bus number 21
[   19.452150][    T1] usb usb21: We don't know the algorithms for LPM for this host, disabling LPM.
[   19.455809][    T1] usb usb21: New USB device found, idVendor=1d6b, idProduct=0003, bcdDevice= 6.11
[   19.459429][    T1] usb usb21: New USB device strings: Mfr=3, Product=2, SerialNumber=1
[   19.464120][    T1] usb usb21: Product: USB/IP Virtual Host Controller
[   19.468703][    T1] usb usb21: Manufacturer: Linux 6.11.0-rc6-g67784a74e258-dirty vhci_hcd
[   19.472909][    T1] usb usb21: SerialNumber: vhci_hcd.9
[   19.478427][    T1] hub 21-0:1.0: USB hub found
[   19.483719][    T1] hub 21-0:1.0: 8 ports detected
[   19.495690][    T1] vhci_hcd vhci_hcd.10: USB/IP Virtual Host Controller
[   19.505668][    T1] vhci_hcd vhci_hcd.10: new USB bus registered, assigned bus number 22
[   19.510732][    T1] usb usb22: New USB device found, idVendor=1d6b, idProduct=0002, bcdDevice= 6.11
[   19.515484][    T1] usb usb22: New USB device strings: Mfr=3, Product=2, SerialNumber=1
[   19.518526][    T1] usb usb22: Product: USB/IP Virtual Host Controller
[   19.523187][    T1] usb usb22: Manufacturer: Linux 6.11.0-rc6-g67784a74e258-dirty vhci_hcd
[   19.527281][    T1] usb usb22: SerialNumber: vhci_hcd.10
[   19.535716][    T1] hub 22-0:1.0: USB hub found
[   19.539178][    T1] hub 22-0:1.0: 8 ports detected
[   19.552055][    T1] vhci_hcd vhci_hcd.10: USB/IP Virtual Host Controller
[   19.557322][    T1] vhci_hcd vhci_hcd.10: new USB bus registered, assigned bus number 23
[   19.561980][    T1] usb usb23: We don't know the algorithms for LPM for this host, disabling LPM.
[   19.568591][    T1] usb usb23: New USB device found, idVendor=1d6b, idProduct=0003, bcdDevice= 6.11
[   19.571417][    T1] usb usb23: New USB device strings: Mfr=3, Product=2, SerialNumber=1
[   19.575610][    T1] usb usb23: Product: USB/IP Virtual Host Controller
[   19.580361][    T1] usb usb23: Manufacturer: Linux 6.11.0-rc6-g67784a74e258-dirty vhci_hcd
[   19.584483][    T1] usb usb23: SerialNumber: vhci_hcd.10
[   19.592111][    T1] hub 23-0:1.0: USB hub found
[   19.593950][    T1] hub 23-0:1.0: 8 ports detected
[   19.610893][    T1] vhci_hcd vhci_hcd.11: USB/IP Virtual Host Controller
[   19.616643][    T1] vhci_hcd vhci_hcd.11: new USB bus registered, assigned bus number 24
[   19.621773][    T1] usb usb24: New USB device found, idVendor=1d6b, idProduct=0002, bcdDevice= 6.11
[   19.624658][    T1] usb usb24: New USB device strings: Mfr=3, Product=2, SerialNumber=1
[   19.627222][    T1] usb usb24: Product: USB/IP Virtual Host Controller
[   19.629390][    T1] usb usb24: Manufacturer: Linux 6.11.0-rc6-g67784a74e258-dirty vhci_hcd
[   19.631951][    T1] usb usb24: SerialNumber: vhci_hcd.11
[   19.638841][    T1] hub 24-0:1.0: USB hub found
[   19.640808][    T1] hub 24-0:1.0: 8 ports detected
[   19.649951][    T1] vhci_hcd vhci_hcd.11: USB/IP Virtual Host Controller
[   19.655820][    T1] vhci_hcd vhci_hcd.11: new USB bus registered, assigned bus number 25
[   19.661717][    T1] usb usb25: We don't know the algorithms for LPM for this host, disabling LPM.
[   19.666970][    T1] usb usb25: New USB device found, idVendor=1d6b, idProduct=0003, bcdDevice= 6.11
[   19.671210][    T1] usb usb25: New USB device strings: Mfr=3, Product=2, SerialNumber=1
[   19.674791][    T1] usb usb25: Product: USB/IP Virtual Host Controller
[   19.677477][    T1] usb usb25: Manufacturer: Linux 6.11.0-rc6-g67784a74e258-dirty vhci_hcd
[   19.680294][    T1] usb usb25: SerialNumber: vhci_hcd.11
[   19.685632][    T1] hub 25-0:1.0: USB hub found
[   19.687403][    T1] hub 25-0:1.0: 8 ports detected
[   19.704168][    T1] vhci_hcd vhci_hcd.12: USB/IP Virtual Host Controller
[   19.707638][    T1] vhci_hcd vhci_hcd.12: new USB bus registered, assigned bus number 26
[   19.711138][    T1] usb usb26: New USB device found, idVendor=1d6b, idProduct=0002, bcdDevice= 6.11
[   19.714182][    T1] usb usb26: New USB device strings: Mfr=3, Product=2, SerialNumber=1
[   19.716599][    T1] usb usb26: Product: USB/IP Virtual Host Controller
[   19.718836][    T1] usb usb26: Manufacturer: Linux 6.11.0-rc6-g67784a74e258-dirty vhci_hcd
[   19.721406][    T1] usb usb26: SerialNumber: vhci_hcd.12
[   19.727558][    T1] hub 26-0:1.0: USB hub found
[   19.729718][    T1] hub 26-0:1.0: 8 ports detected
[   19.740714][    T1] vhci_hcd vhci_hcd.12: USB/IP Virtual Host Controller
[   19.744418][    T1] vhci_hcd vhci_hcd.12: new USB bus registered, assigned bus number 27
[   19.747310][    T1] usb usb27: We don't know the algorithms for LPM for this host, disabling LPM.
[   19.750972][    T1] usb usb27: New USB device found, idVendor=1d6b, idProduct=0003, bcdDevice= 6.11
[   19.753641][    T1] usb usb27: New USB device strings: Mfr=3, Product=2, SerialNumber=1
[   19.756104][    T1] usb usb27: Product: USB/IP Virtual Host Controller
[   19.758399][    T1] usb usb27: Manufacturer: Linux 6.11.0-rc6-g67784a74e258-dirty vhci_hcd
[   19.762241][    T1] usb usb27: SerialNumber: vhci_hcd.12
[   19.768837][    T1] hub 27-0:1.0: USB hub found
[   19.771222][    T1] hub 27-0:1.0: 8 ports detected
[   19.787896][    T1] vhci_hcd vhci_hcd.13: USB/IP Virtual Host Controller
[   19.794847][    T1] vhci_hcd vhci_hcd.13: new USB bus registered, assigned bus number 28
[   19.800696][    T1] usb usb28: New USB device found, idVendor=1d6b, idProduct=0002, bcdDevice= 6.11
[   19.803713][    T1] usb usb28: New USB device strings: Mfr=3, Product=2, SerialNumber=1
[   19.806846][    T1] usb usb28: Product: USB/IP Virtual Host Controller
[   19.809219][    T1] usb usb28: Manufacturer: Linux 6.11.0-rc6-g67784a74e258-dirty vhci_hcd
[   19.811875][    T1] usb usb28: SerialNumber: vhci_hcd.13
[   19.819316][    T1] hub 28-0:1.0: USB hub found
[   19.821322][    T1] hub 28-0:1.0: 8 ports detected
[   19.835936][    T1] vhci_hcd vhci_hcd.13: USB/IP Virtual Host Controller
[   19.843694][    T1] vhci_hcd vhci_hcd.13: new USB bus registered, assigned bus number 29
[   19.850015][    T1] usb usb29: We don't know the algorithms for LPM for this host, disabling LPM.
[   19.855493][    T1] usb usb29: New USB device found, idVendor=1d6b, idProduct=0003, bcdDevice= 6.11
[   19.859687][    T1] usb usb29: New USB device strings: Mfr=3, Product=2, SerialNumber=1
[   19.862466][    T1] usb usb29: Product: USB/IP Virtual Host Controller
[   19.864483][    T1] usb usb29: Manufacturer: Linux 6.11.0-rc6-g67784a74e258-dirty vhci_hcd
[   19.867020][    T1] usb usb29: SerialNumber: vhci_hcd.13
[   19.872936][    T1] hub 29-0:1.0: USB hub found
[   19.874545][    T1] hub 29-0:1.0: 8 ports detected
[   19.884600][    T1] vhci_hcd vhci_hcd.14: USB/IP Virtual Host Controller
[   19.888995][    T1] vhci_hcd vhci_hcd.14: new USB bus registered, assigned bus number 30
[   19.894008][    T1] usb usb30: New USB device found, idVendor=1d6b, idProduct=0002, bcdDevice= 6.11
[   19.897175][    T1] usb usb30: New USB device strings: Mfr=3, Product=2, SerialNumber=1
[   19.900955][    T1] usb usb30: Product: USB/IP Virtual Host Controller
[   19.903029][    T1] usb usb30: Manufacturer: Linux 6.11.0-rc6-g67784a74e258-dirty vhci_hcd
[   19.905693][    T1] usb usb30: SerialNumber: vhci_hcd.14
[   19.911575][    T1] hub 30-0:1.0: USB hub found
[   19.915674][    T1] hub 30-0:1.0: 8 ports detected
[   19.924730][    T1] vhci_hcd vhci_hcd.14: USB/IP Virtual Host Controller
[   19.927948][    T1] vhci_hcd vhci_hcd.14: new USB bus registered, assigned bus number 31
[   19.933637][    T1] usb usb31: We don't know the algorithms for LPM for this host, disabling LPM.
[   19.937420][    T1] usb usb31: New USB device found, idVendor=1d6b, idProduct=0003, bcdDevice= 6.11
[   19.943631][    T1] usb usb31: New USB device strings: Mfr=3, Product=2, SerialNumber=1
[   19.946832][    T1] usb usb31: Product: USB/IP Virtual Host Controller
[   19.949063][    T1] usb usb31: Manufacturer: Linux 6.11.0-rc6-g67784a74e258-dirty vhci_hcd
[   19.951915][    T1] usb usb31: SerialNumber: vhci_hcd.14
[   19.959725][    T1] hub 31-0:1.0: USB hub found
[   19.961779][    T1] hub 31-0:1.0: 8 ports detected
[   19.983006][    T1] vhci_hcd vhci_hcd.15: USB/IP Virtual Host Controller
[   19.988971][    T1] vhci_hcd vhci_hcd.15: new USB bus registered, assigned bus number 32
[   19.995447][    T1] usb usb32: New USB device found, idVendor=1d6b, idProduct=0002, bcdDevice= 6.11
[   20.000944][    T1] usb usb32: New USB device strings: Mfr=3, Product=2, SerialNumber=1
[   20.003566][    T1] usb usb32: Product: USB/IP Virtual Host Controller
[   20.005662][    T1] usb usb32: Manufacturer: Linux 6.11.0-rc6-g67784a74e258-dirty vhci_hcd
[   20.008637][    T1] usb usb32: SerialNumber: vhci_hcd.15
[   20.015726][    T1] hub 32-0:1.0: USB hub found
[   20.018927][    T1] hub 32-0:1.0: 8 ports detected
[   20.030179][    T1] vhci_hcd vhci_hcd.15: USB/IP Virtual Host Controller
[   20.035341][    T1] vhci_hcd vhci_hcd.15: new USB bus registered, assigned bus number 33
[   20.039299][    T1] usb usb33: We don't know the algorithms for LPM for this host, disabling LPM.
[   20.043048][    T1] usb usb33: New USB device found, idVendor=1d6b, idProduct=0003, bcdDevice= 6.11
[   20.045920][    T1] usb usb33: New USB device strings: Mfr=3, Product=2, SerialNumber=1
[   20.049177][    T1] usb usb33: Product: USB/IP Virtual Host Controller
[   20.051223][    T1] usb usb33: Manufacturer: Linux 6.11.0-rc6-g67784a74e258-dirty vhci_hcd
[   20.053745][    T1] usb usb33: SerialNumber: vhci_hcd.15
[   20.059187][    T1] hub 33-0:1.0: USB hub found
[   20.060849][    T1] hub 33-0:1.0: 8 ports detected
[   20.077084][    T1] usbcore: registered new device driver usbip-host
[   20.092003][    T1] i8042: PNP: PS/2 Controller [PNP0303:KBD,PNP0f13:MOU] at 0x60,0x64 irq 1,12
[   20.101845][    T1] serio: i8042 KBD port at 0x60,0x64 irq 1
[   20.105088][    T1] serio: i8042 AUX port at 0x60,0x64 irq 12
[   20.110154][    T1] mousedev: PS/2 mouse device common for all mice
[   20.120249][    T1] usbcore: registered new interface driver appletouch
[   20.121151][ T1176] input: AT Translated Set 2 keyboard as /devices/platform/i8042/serio0/input/input1
[   20.124906][    T1] usbcore: registered new interface driver bcm5974
[   20.134391][    T1] usbcore: registered new interface driver synaptics_usb
[   20.139589][    T1] usbcore: registered new interface driver iforce
[   20.142252][    T1] usbcore: registered new interface driver pxrc
[   20.144564][    T1] usbcore: registered new interface driver xpad
[   20.146913][    T1] usbcore: registered new interface driver usb_acecad
[   20.151358][    T1] usbcore: registered new interface driver aiptek
[   20.157624][    T1] usbcore: registered new interface driver hanwang
[   20.167817][    T1] usbcore: registered new interface driver kbtab
[   20.170311][    T1] usbcore: registered new interface driver pegasus_notetaker
[   20.175685][    T1] usbcore: registered new interface driver usbtouchscreen
[   20.179658][    T1] usbcore: registered new interface driver sur40
[   20.181797][    T1] usbcore: registered new interface driver ati_remote2
[   20.183871][    T1] cm109: Keymap for Komunikate KIP1000 phone loaded
[   20.186145][    T1] usbcore: registered new interface driver cm109
[   20.188932][    T1] cm109: CM109 phone driver: 20080805 (C) Alfred E. Heggestad
[   20.193988][    T1] usbcore: registered new interface driver ims_pcu
[   20.197436][    T1] usbcore: registered new interface driver keyspan_remote
[   20.200285][    T1] usbcore: registered new interface driver powermate
[   20.203617][    T1] usbcore: registered new interface driver yealink
[   20.207221][    T1] rtc_cmos 00:05: RTC can wake from S4
[   20.220189][    T1] rtc_cmos 00:05: registered as rtc0
[   20.221917][    T1] rtc_cmos 00:05: alarms up to one day, y3k, 242 bytes nvram, hpet irqs
[   20.226057][    T1] i2c_dev: i2c /dev entries driver
[   20.231861][    T1] usbcore: registered new interface driver i2c-diolan-u2c
[   20.234732][    T1] usbcore: registered new interface driver i2c-cp2615
[   20.237045][    T1] usbcore: registered new interface driver RobotFuzz Open Source InterFace, OSIF
[   20.240410][    T1] usbcore: registered new interface driver i2c-tiny-usb
[   20.248098][    T1] usbcore: registered new interface driver igorplugusb
[   20.251965][    T1] usbcore: registered new interface driver iguanair
[   20.254194][    T1] usbcore: registered new interface driver imon
[   20.256232][    T1] usbcore: registered new interface driver imon_raw
[   20.259874][    T1] usbcore: registered new interface driver mceusb
[   20.262173][    T1] usbcore: registered new interface driver redrat3
[   20.265055][    T1] usbcore: registered new interface driver streamzap
[   20.267477][    T1] usbcore: registered new interface driver ir_toy
[   20.271118][    T1] usbcore: registered new interface driver ttusbir
[   20.273205][    T1] usbcore: registered new interface driver ati_remote
[   20.275403][    T1] usbcore: registered new interface driver xbox_remote
[   20.278651][    T1] b2c2-flexcop: B2C2 FlexcopII/II(b)/III digital TV receiver chip loaded successfully
[   20.287594][    T1] usbcore: registered new interface driver b2c2_flexcop_usb
[   20.293187][    T1] usbcore: registered new interface driver dvb_usb_vp7045
[   20.297506][    T1] usbcore: registered new interface driver dvb_usb_vp702x
[   20.301907][    T1] usbcore: registered new interface driver dvb_usb_gp8psk
[   20.304628][    T1] usbcore: registered new interface driver dvb_usb_dtt200u
[   20.307126][    T1] usbcore: registered new interface driver dvb_usb_a800
[   20.310664][    T1] usbcore: registered new interface driver dvb_usb_dibusb_mb
[   20.313218][    T1] usbcore: registered new interface driver dvb_usb_dibusb_mc
[   20.316111][    T1] usbcore: registered new interface driver dvb_usb_nova_t_usb2
[   20.318747][    T1] usbcore: registered new interface driver dvb_usb_umt_010
[   20.321710][    T1] usbcore: registered new interface driver dvb_usb_m920x
[   20.326158][    T1] usbcore: registered new interface driver dvb_usb_digitv
[   20.330002][    T1] usbcore: registered new interface driver dvb_usb_cxusb
[   20.332312][    T1] usbcore: registered new interface driver dvb_usb_ttusb2
[   20.336195][    T1] usbcore: registered new interface driver dvb_usb_dib0700
[   20.341242][    T1] usbcore: registered new interface driver opera1
[   20.344927][    T1] usbcore: registered new interface driver dvb_usb_af9005
[   20.347087][    T1] failing symbol_get of non-GPLONLY symbol af9005_rc_decode.
[   20.350256][    T1] failing symbol_get of non-GPLONLY symbol af9005_rc_decode.
[   20.352615][    T1] failing symbol_get of non-GPLONLY symbol rc_map_af9005_table.
[   20.356000][    T1] failing symbol_get of non-GPLONLY symbol rc_map_af9005_table.
[   20.361889][    T1] failing symbol_get of non-GPLONLY symbol rc_map_af9005_table_size.
[   20.365804][    T1] failing symbol_get of non-GPLONLY symbol rc_map_af9005_table_size.
[   20.368448][    T1] af9005: af9005_rc_decode function not found, disabling remote
[   20.371851][    T1] usbcore: registered new interface driver pctv452e
[   20.374085][    T1] usbcore: registered new interface driver dw2102
[   20.376201][    T1] usbcore: registered new interface driver dvb_usb_dtv5100
[   20.380372][    T1] usbcore: registered new interface driver cinergyT2
[   20.382829][    T1] usbcore: registered new interface driver dvb_usb_az6027
[   20.392274][    T1] usbcore: registered new interface driver dvb_usb_technisat_usb2
[   20.394887][    T1] usbcore: registered new interface driver dvb_usb_af9015
[   20.399732][    T1] usbcore: registered new interface driver dvb_usb_af9035
[   20.402304][    T1] usbcore: registered new interface driver dvb_usb_anysee
[   20.404888][    T1] usbcore: registered new interface driver dvb_usb_au6610
[   20.407613][    T1] usbcore: registered new interface driver dvb_usb_az6007
[   20.410222][    T1] usbcore: registered new interface driver dvb_usb_ce6230
[   20.412818][    T1] usbcore: registered new interface driver dvb_usb_ec168
[   20.416050][    T1] usbcore: registered new interface driver dvb_usb_lmedm04
[   20.421077][    T1] usbcore: registered new interface driver dvb_usb_gl861
[   20.424804][    T1] usbcore: registered new interface driver dvb_usb_mxl111sf
[   20.428911][    T1] usbcore: registered new interface driver dvb_usb_rtl28xxu
[   20.432893][    T1] usbcore: registered new interface driver dvb_usb_dvbsky
[   20.436760][    T1] usbcore: registered new interface driver zd1301
[   20.442303][    T1] usbcore: registered new interface driver s2255
[   20.445967][    T1] usbcore: registered new interface driver smsusb
[   20.449156][    T1] usbcore: registered new interface driver ttusb
[   20.451898][    T1] usbcore: registered new interface driver ttusb-dec
[   20.454198][    T1] usbcore: registered new interface driver Abilis Systems as10x usb driver
[   20.458394][    T1] usbcore: registered new interface driver airspy
[   20.462721][    T1] gspca_main: v2.14.0 registered
[   20.464731][    T1] usbcore: registered new interface driver benq
[   20.467314][    T1] usbcore: registered new interface driver conex
[   20.471587][    T1] usbcore: registered new interface driver cpia1
[   20.475747][    T1] usbcore: registered new interface driver dtcs033
[   20.480685][    T1] usbcore: registered new interface driver etoms
[   20.484382][    T1] usbcore: registered new interface driver finepix
[   20.487518][    T1] usbcore: registered new interface driver jeilinj
[   20.492128][    T1] usbcore: registered new interface driver jl2005bcd
[   20.495357][    T1] usbcore: registered new interface driver kinect
[   20.500606][    T1] usbcore: registered new interface driver konica
[   20.502813][    T1] usbcore: registered new interface driver mars
[   20.504893][    T1] usbcore: registered new interface driver mr97310a
[   20.509600][    T1] usbcore: registered new interface driver nw80x
[   20.513210][    T1] usbcore: registered new interface driver ov519
[   20.516325][    T1] usbcore: registered new interface driver ov534
[   20.520334][    T1] usbcore: registered new interface driver ov534_9
[   20.522834][    T1] usbcore: registered new interface driver pac207
[   20.525258][    T1] usbcore: registered new interface driver gspca_pac7302
[   20.527673][    T1] usbcore: registered new interface driver pac7311
[   20.530563][    T1] usbcore: registered new interface driver se401
[   20.535584][    T1] usbcore: registered new interface driver sn9c2028
[   20.539786][    T1] usbcore: registered new interface driver gspca_sn9c20x
[   20.543591][    T1] usbcore: registered new interface driver sonixb
[   20.546958][    T1] usbcore: registered new interface driver sonixj
[   20.550425][    T1] usbcore: registered new interface driver spca500
[   20.553230][    T1] usbcore: registered new interface driver spca501
[   20.556437][    T1] usbcore: registered new interface driver spca505
[   20.561590][    T1] usbcore: registered new interface driver spca506
[   20.565214][    T1] usbcore: registered new interface driver spca508
[   20.570874][    T1] usbcore: registered new interface driver spca561
[   20.573673][    T1] usbcore: registered new interface driver spca1528
[   20.577201][    T1] usbcore: registered new interface driver sq905
[   20.580343][    T1] usbcore: registered new interface driver sq905c
[   20.586069][    T1] usbcore: registered new interface driver sq930x
[   20.589557][    T1] usbcore: registered new interface driver sunplus
[   20.591927][    T1] usbcore: registered new interface driver stk014
[   20.594617][    T1] usbcore: registered new interface driver stk1135
[   20.598073][    T1] usbcore: registered new interface driver stv0680
[   20.601908][    T1] usbcore: registered new interface driver t613
[   20.606078][    T1] usbcore: registered new interface driver gspca_topro
[   20.609865][    T1] usbcore: registered new interface driver touptek
[   20.613061][ T1176] input: ImExPS/2 Generic Explorer Mouse as /devices/platform/i8042/serio1/input/input3
[   20.614148][    T1] usbcore: registered new interface driver tv8532
[   20.622289][    T1] usbcore: registered new interface driver vc032x
[   20.625939][    T1] usbcore: registered new interface driver vicam
[   20.628063][    T1] usbcore: registered new interface driver xirlink-cit
[   20.632920][    T1] usbcore: registered new interface driver gspca_zc3xx
[   20.635535][    T1] usbcore: registered new interface driver ALi m5602
[   20.639153][    T1] usbcore: registered new interface driver STV06xx
[   20.641277][    T1] usbcore: registered new interface driver gspca_gl860
[   20.643564][    T1] usbcore: registered new interface driver hackrf
[   20.645574][    T1] usbcore: registered new interface driver msi2500
[   20.647947][    T1] usbcore: registered new interface driver Philips webcam
[   20.650783][    T1] usbcore: registered new interface driver uvcvideo
[   20.652832][    T1] au0828: au0828 driver loaded
[   20.654569][    T1] usbcore: registered new interface driver au0828
[   20.656805][    T1] usbcore: registered new interface driver cx231xx
[   20.660251][    T1] usbcore: registered new interface driver em28xx
[   20.662305][    T1] em28xx: Registered (Em28xx v4l2 Extension) extension
[   20.664473][    T1] em28xx: Registered (Em28xx Audio Extension) extension
[   20.666661][    T1] em28xx: Registered (Em28xx dvb Extension) extension
[   20.672960][    T1] em28xx: Registered (Em28xx Input Extension) extension
[   20.676646][    T1] usbcore: registered new interface driver go7007
[   20.680103][    T1] usbcore: registered new interface driver go7007-loader
[   20.683248][    T1] usbcore: registered new interface driver hdpvr
[   20.689095][    T1] usbcore: registered new interface driver pvrusb2
[   20.691239][    T1] pvrusb2: V4L in-tree version:Hauppauge WinTV-PVR-USB2 MPEG2 Encoder/Tuner
[   20.693938][    T1] pvrusb2: Debug mask is 31 (0x1f)
[   20.695856][    T1] usbcore: registered new interface driver stk1160
[   20.702928][    T1] usbcore: registered new interface driver usbtv
[   20.711452][    T1] dvbdev: DVB: registering new adapter (dvb_vidtv_bridge)
[   20.721149][    T1] i2c i2c-0: DVB: registering adapter 0 frontend 0 (Dummy demod for DVB-T/T2/C/S/S2)...
[   20.726343][    T1] dvbdev: dvb_create_media_entity: media entity 'Dummy demod for DVB-T/T2/C/S/S2' registered.
[   20.743299][    T1] dvbdev: dvb_create_media_entity: media entity 'dvb-demux' registered.
[   20.751677][    T1] vidtv vidtv.0: Successfully initialized vidtv!
[   20.759645][    T1] vicodec vicodec.0: Device 'stateful-encoder' registered as /dev/video0
[   20.764260][    T1] vicodec vicodec.0: Device 'stateful-decoder' registered as /dev/video1
[   20.769073][    T1] vicodec vicodec.0: Device 'stateless-decoder' registered as /dev/video2
[   20.802959][    T1] vim2m vim2m.0: Device registered as /dev/video0
[   20.837031][    T1] vivid-000: using single planar format API
[   20.882969][    T1] vivid-000: CEC adapter cec0 registered for HDMI input
[   20.890044][    T1] vivid-000: V4L2 capture device registered as video7
[   20.892776][    T1] vivid-000: CEC adapter cec1 registered for HDMI output 0
[   20.896264][    T1] vivid-000: V4L2 output device registered as video8
[   20.902213][    T1] vivid-000: V4L2 capture device registered as vbi0, supports raw and sliced VBI
[   20.910434][    T1] vivid-000: V4L2 output device registered as vbi1, supports raw and sliced VBI
[   20.917937][    T1] vivid-000: V4L2 capture device registered as swradio0
[   20.924529][    T1] vivid-000: V4L2 receiver device registered as radio0
[   20.927386][    T1] vivid-000: V4L2 transmitter device registered as radio1
[   20.933398][    T1] vivid-000: V4L2 metadata capture device registered as video9
[   20.938077][    T1] vivid-000: V4L2 metadata output device registered as video10
[   20.944858][    T1] vivid-000: V4L2 touch capture device registered as v4l-touch0
[   20.980216][    T1] usbcore: registered new interface driver radioshark2
[   20.982979][    T1] usbcore: registered new interface driver radioshark
[   20.987917][    T1] usbcore: registered new interface driver radio-si470x
[   20.993201][    T1] usbcore: registered new interface driver radio-usb-si4713
[   20.997838][    T1] usbcore: registered new interface driver dsbr100
[   21.000202][    T1] usbcore: registered new interface driver radio-keene
[   21.002567][    T1] usbcore: registered new interface driver radio-ma901
[   21.004928][    T1] usbcore: registered new interface driver radio-mr800
[   21.009253][    T1] usbcore: registered new interface driver radio-raremono
[   21.021704][    T1] usbcore: registered new interface driver powerz
[   21.023883][    T1] usbcore: registered new interface driver pcwd_usb
[   21.032218][    T1] device-mapper: core: CONFIG_IMA_DISABLE_HTABLE is disabled. Duplicate IMA measurements will not be recorded in the IMA log.
[   21.036336][    T1] device-mapper: uevent: version 1.0.3
[   21.040974][    T1] device-mapper: ioctl: 4.48.0-ioctl (2023-03-01) initialised: dm-devel@lists.linux.dev
[   21.048345][    T1] device-mapper: multipath round-robin: version 1.2.0 loaded
[   21.051840][    T1] device-mapper: multipath queue-length: version 0.2.0 loaded
[   21.054231][    T1] device-mapper: multipath service-time: version 0.3.0 loaded
[   21.058097][    T1] Bluetooth: HCI UART driver ver 2.3
[   21.059707][    T1] Bluetooth: HCI UART protocol H4 registered
[   21.061601][    T1] Bluetooth: HCI UART protocol BCSP registered
[   21.064979][    T1] Bluetooth: HCI UART protocol LL registered
[   21.066808][    T1] Bluetooth: HCI UART protocol Three-wire (H5) registered
[   21.069502][    T1] Bluetooth: HCI UART protocol QCA registered
[   21.071999][    T1] Bluetooth: HCI UART protocol AG6XX registered
[   21.074810][    T1] Bluetooth: HCI UART protocol Marvell registered
[   21.079892][    T1] usbcore: registered new interface driver bcm203x
[   21.082347][    T1] usbcore: registered new interface driver bpa10x
[   21.084792][    T1] usbcore: registered new interface driver bfusb
[   21.088368][    T1] usbcore: registered new interface driver btusb
[   21.091672][    T1] usbcore: registered new interface driver ath3k
[   21.099993][    T1] CAPI 2.0 started up with major 68 (middleware)
[   21.102077][    T1] Modular ISDN core version 1.1.29
[   21.104444][    T1] NET: Registered PF_ISDN protocol family
[   21.106145][    T1] DSP module 2.0
[   21.107191][    T1] mISDN_dsp: DSP clocks every 80 samples. This equals 1 jiffies.
[   21.117596][    T1] mISDN: Layer-1-over-IP driver Rev. 2.00
[   21.120140][    T1] 0 virtual devices registered
[   21.122342][    T1] usbcore: registered new interface driver HFC-S_USB
[   21.124343][    T1] intel_pstate: CPU model not supported
[   21.126169][    T1] VUB300 Driver rom wait states = 1C irqpoll timeout = 0400
[   21.127796][    T1] usbcore: registered new interface driver vub300
[   21.133186][    T1] usbcore: registered new interface driver ushc
[   21.144235][    T1] iscsi: registered transport (iser)
[   21.147244][    T1] SoftiWARP attached
[   21.167036][    T1] hid: raw HID events driver (C) Jiri Kosina
[   21.203903][    T1] usbcore: registered new interface driver usbhid
[   21.207154][    T1] usbhid: USB HID core driver
[   21.221450][    T1] usbcore: registered new interface driver es2_ap_driver
[   21.227285][    T1] comedi: version 0.7.76 - http://www.comedi.org
[   21.234924][    T1] usbcore: registered new interface driver dt9812
[   21.239412][    T1] usbcore: registered new interface driver ni6501
[   21.242754][    T1] usbcore: registered new interface driver usbdux
[   21.246111][    T1] usbcore: registered new interface driver usbduxfast
[   21.254845][    T1] usbcore: registered new interface driver usbduxsigma
[   21.258775][    T1] usbcore: registered new interface driver vmk80xx
[   21.261450][    T1] usbcore: registered new interface driver r8712u
[   21.263897][    T1] greybus: registered new driver hid
[   21.267683][    T1] greybus: registered new driver gbphy
[   21.271435][    T1] gb_gbphy: registered new driver usb
[   21.273279][    T1] asus_wmi: ASUS WMI generic driver loaded
[   21.281705][    T1] gnss: GNSS driver registered with major 491
[   21.284309][    T1] usbcore: registered new interface driver gnss-usb
[   21.286673][    T1] usbcore: registered new interface driver hdm_usb
[   21.368600][    T1] usbcore: registered new interface driver snd-usb-audio
[   21.372567][    T1] usbcore: registered new interface driver snd-ua101
[   21.375693][    T1] usbcore: registered new interface driver snd-usb-usx2y
[   21.380599][    T1] usbcore: registered new interface driver snd-usb-us122l
[   21.386554][    T1] usbcore: registered new interface driver snd-usb-caiaq
[   21.390827][    T1] usbcore: registered new interface driver snd-usb-6fire
[   21.394346][    T1] usbcore: registered new interface driver snd-usb-hiface
[   21.397920][    T1] usbcore: registered new interface driver snd-bcd2000
[   21.403867][    T1] usbcore: registered new interface driver snd_usb_pod
[   21.411447][    T1] usbcore: registered new interface driver snd_usb_podhd
[   21.414851][    T1] usbcore: registered new interface driver snd_usb_toneport
[   21.424792][    T1] usbcore: registered new interface driver snd_usb_variax
[   21.432109][    T1] drop_monitor: Initializing network drop monitor service
[   21.434789][    T1] NET: Registered PF_LLC protocol family
[   21.437957][    T1] GACT probability on
[   21.440781][    T1] Mirror/redirect action on
