bash: warning: setlocale: LC_ALL: cannot change locale (en_US.UTF-8)
c[?7l[2J[0mSeaBIOS (version 1.16.2-debian-1.16.2-1)
Booting from ROM...
c[?7l[2Jearly console in extract_kernel
input_data: 0x00000000148822a3
input_len: 0x0000000005f648da
output: 0x0000000001000000
output_len: 0x00000000126cdc78
kernel_total_size: 0x0000000019826000
needed_size: 0x0000000019a00000
trampoline_32bit: 0x0000000000000000

Decompressing Linux... Parsing ELF... done.
Booting the kernel (entry_offset: 0x0000000000000112).
[    0.000000][    T0] Linux version 6.12.0-rc1-00004-g4222b9dc9c65-dirty (root@buildkitsandbox) (gcc (Debian 12.2.0-14+deb12u1) 12.2.0, GNU ld (GNU Binutils for Debian) 2.40) #1 SMP PREEMPT_DYNAMIC Sat May 23 02:16:28 UTC 2026
[    0.000000][    T0] Command line: console=ttyS0 oops=panic panic=86400 nokaslr earlyprintk=serial rdinit=/init
[    0.000000][    T0] KERNEL supported cpus:
[    0.000000][    T0]   Intel GenuineIntel
[    0.000000][    T0]   AMD AuthenticAMD
[    0.000000][    T0] BIOS-provided physical RAM map:
[    0.000000][    T0] BIOS-e820: [mem 0x0000000000000000-0x000000000009fbff] usable
[    0.000000][    T0] BIOS-e820: [mem 0x000000000009fc00-0x000000000009ffff] reserved
[    0.000000][    T0] BIOS-e820: [mem 0x00000000000f0000-0x00000000000fffff] reserved
[    0.000000][    T0] BIOS-e820: [mem 0x0000000000100000-0x000000007ffdffff] usable
[    0.000000][    T0] BIOS-e820: [mem 0x000000007ffe0000-0x000000007fffffff] reserved
[    0.000000][    T0] BIOS-e820: [mem 0x00000000feffc000-0x00000000feffffff] reserved
[    0.000000][    T0] BIOS-e820: [mem 0x00000000fffc0000-0x00000000ffffffff] reserved
[    0.000000][    T0] printk: legacy bootconsole [earlyser0] enabled
[    0.000000][    T0] NX (Execute Disable) protection: active
[    0.000000][    T0] APIC: Static calls initialized
[    0.000000][    T0] SMBIOS 2.8 present.
[    0.000000][    T0] DMI: QEMU Standard PC (i440FX + PIIX, 1996), BIOS 1.16.2-debian-1.16.2-1 04/01/2014
[    0.000000][    T0] DMI: Memory slots populated: 1/1
[    0.000000][    T0] Hypervisor detected: KVM
[    0.000000][    T0] kvm-clock: Using msrs 4b564d01 and 4b564d00
[    0.000035][    T0] kvm-clock: using sched offset of 2716390070 cycles
[    0.003678][    T0] clocksource: kvm-clock: mask: 0xffffffffffffffff max_cycles: 0x1cd42e4dffb, max_idle_ns: 881590591483 ns
[    0.011391][    T0] tsc: Detected 2995.200 MHz processor
[    0.022163][    T0] last_pfn = 0x7ffe0 max_arch_pfn = 0x400000000
[    0.026837][    T0] MTRR map: 4 entries (3 fixed + 1 variable; max 19), built from 8 variable MTRRs
[    0.030456][    T0] x86/PAT: Configuration [0-7]: WB  WC  UC- UC  WB  WP  UC- WT  
[    0.046262][    T0] found SMP MP-table at [mem 0x000f5ba0-0x000f5baf]
[    0.049308][    T0] Using GB pages for direct mapping
[    0.053198][    T0] Incomplete global flushes, disabling PCID
[    0.055831][    T0] RAMDISK: [mem 0x7fe8e000-0x7ffdffff]
[    0.061054][    T0] ACPI: Early table checksum verification disabled
[    0.063459][    T0] ACPI: RSDP 0x00000000000F59D0 000014 (v00 BOCHS )
[    0.065544][    T0] ACPI: RSDT 0x000000007FFE1B33 000034 (v01 BOCHS  BXPC     00000001 BXPC 00000001)
[    0.069711][    T0] ACPI: FACP 0x000000007FFE19DF 000074 (v01 BOCHS  BXPC     00000001 BXPC 00000001)
[    0.078630][    T0] ACPI: DSDT 0x000000007FFE0040 00199F (v01 BOCHS  BXPC     00000001 BXPC 00000001)
[    0.082087][    T0] ACPI: FACS 0x000000007FFE0000 000040
[    0.083835][    T0] ACPI: APIC 0x000000007FFE1A53 000080 (v01 BOCHS  BXPC     00000001 BXPC 00000001)
[    0.087434][    T0] ACPI: HPET 0x000000007FFE1AD3 000038 (v01 BOCHS  BXPC     00000001 BXPC 00000001)
[    0.091523][    T0] ACPI: WAET 0x000000007FFE1B0B 000028 (v01 BOCHS  BXPC     00000001 BXPC 00000001)
[    0.094961][    T0] ACPI: Reserving FACP table memory at [mem 0x7ffe19df-0x7ffe1a52]
[    0.098285][    T0] ACPI: Reserving DSDT table memory at [mem 0x7ffe0040-0x7ffe19de]
[    0.100841][    T0] ACPI: Reserving FACS table memory at [mem 0x7ffe0000-0x7ffe003f]
[    0.103365][    T0] ACPI: Reserving APIC table memory at [mem 0x7ffe1a53-0x7ffe1ad2]
[    0.107447][    T0] ACPI: Reserving HPET table memory at [mem 0x7ffe1ad3-0x7ffe1b0a]
[    0.110378][    T0] ACPI: Reserving WAET table memory at [mem 0x7ffe1b0b-0x7ffe1b32]
[    0.115344][    T0] No NUMA configuration found
[    0.117142][    T0] Faking a node at [mem 0x0000000000000000-0x000000007ffdffff]
[    0.120593][    T0] NODE_DATA(0) allocated [mem 0x7fe88340-0x7fe8ddff]
[    0.197930][    T0] Zone ranges:
[    0.199811][    T0]   DMA      [mem 0x0000000000001000-0x0000000000ffffff]
[    0.202300][    T0]   DMA32    [mem 0x0000000001000000-0x000000007ffdffff]
[    0.205441][    T0]   Normal   empty
[    0.206870][    T0]   Device   empty
[    0.208316][    T0] Movable zone start for each node
[    0.209862][    T0] Early memory node ranges
[    0.211465][    T0]   node   0: [mem 0x0000000000001000-0x000000000009efff]
[    0.214021][    T0]   node   0: [mem 0x0000000000100000-0x000000007ffdffff]
[    0.216651][    T0] Initmem setup node 0 [mem 0x0000000000001000-0x000000007ffdffff]
[    0.220275][    T0] On node 0, zone DMA: 1 pages in unavailable ranges
[    0.224348][    T0] On node 0, zone DMA: 97 pages in unavailable ranges
[    0.248502][    T0] On node 0, zone DMA32: 32 pages in unavailable ranges
[    0.997329][    T0] kasan: KernelAddressSanitizer initialized
[    1.000712][    T0] ACPI: PM-Timer IO Port: 0x608
[    1.005450][    T0] ACPI: LAPIC_NMI (acpi_id[0xff] dfl dfl lint[0x1])
[    1.009176][    T0] IOAPIC[0]: apic_id 0, version 17, address 0xfec00000, GSI 0-23
[    1.011977][    T0] ACPI: INT_SRC_OVR (bus 0 bus_irq 0 global_irq 2 dfl dfl)
[    1.014469][    T0] ACPI: INT_SRC_OVR (bus 0 bus_irq 5 global_irq 5 high level)
[    1.017551][    T0] ACPI: INT_SRC_OVR (bus 0 bus_irq 9 global_irq 9 high level)
[    1.020342][    T0] ACPI: INT_SRC_OVR (bus 0 bus_irq 10 global_irq 10 high level)
[    1.024218][    T0] ACPI: INT_SRC_OVR (bus 0 bus_irq 11 global_irq 11 high level)
[    1.028329][    T0] ACPI: Using ACPI (MADT) for SMP configuration information
[    1.031279][    T0] ACPI: HPET id: 0x8086a201 base: 0xfed00000
[    1.033222][    T0] TSC deadline timer available
[    1.034801][    T0] CPU topo: Max. logical packages:   1
[    1.036732][    T0] CPU topo: Max. logical dies:       1
[    1.038642][    T0] CPU topo: Max. dies per package:   1
[    1.041106][    T0] CPU topo: Max. threads per core:   1
[    1.044599][    T0] CPU topo: Num. cores per package:     2
[    1.047673][    T0] CPU topo: Num. threads per package:   2
[    1.050503][    T0] CPU topo: Allowing 2 present CPUs plus 0 hotplug CPUs
[    1.053134][    T0] kvm-guest: APIC: eoi() replaced with kvm_guest_apic_eoi_write()
[    1.055776][    T0] kvm-guest: KVM setup pv remote TLB flush
[    1.059004][    T0] kvm-guest: setup PV sched yield
[    1.061461][    T0] PM: hibernation: Registered nosave memory: [mem 0x00000000-0x00000fff]
[    1.065600][    T0] PM: hibernation: Registered nosave memory: [mem 0x0009f000-0x0009ffff]
[    1.069401][    T0] PM: hibernation: Registered nosave memory: [mem 0x000a0000-0x000effff]
[    1.072795][    T0] PM: hibernation: Registered nosave memory: [mem 0x000f0000-0x000fffff]
[    1.075754][    T0] [mem 0x80000000-0xfeffbfff] available for PCI devices
[    1.078539][    T0] Booting paravirtualized kernel on KVM
[    1.080843][    T0] clocksource: refined-jiffies: mask: 0xffffffff max_cycles: 0xffffffff, max_idle_ns: 19112604462750000 ns
[    1.138277][    T0] setup_percpu: NR_CPUS:8 nr_cpumask_bits:2 nr_cpu_ids:2 nr_node_ids:1
[    1.148650][    T0] percpu: Embedded 74 pages/cpu s265608 r8192 d29304 u1048576
[    1.152339][    T0] kvm-guest: PV spinlocks enabled
[    1.156894][    T0] PV qspinlock hash table entries: 256 (order: 0, 4096 bytes, linear)
[    1.162319][    T0] Kernel command line: console=ttyS0 oops=panic panic=86400 nokaslr earlyprintk=serial rdinit=/init
[    1.169030][    T0] random: crng init done
[    1.173942][    T0] Dentry cache hash table entries: 262144 (order: 9, 2097152 bytes, linear)
[    1.187506][    T0] Inode-cache hash table entries: 131072 (order: 8, 1048576 bytes, linear)
[    1.191524][    T0] Fallback order for Node 0: 0 
[    1.191548][    T0] Built 1 zonelists, mobility grouping on.  Total pages: 524158
[    1.197532][    T0] Policy zone: DMA32
[    1.221616][    T0] mem auto-init: stack:all(zero), heap alloc:on, heap free:off
[    1.223955][    T0] stackdepot: allocating hash table via alloc_large_system_hash
[    1.226519][    T0] stackdepot hash table entries: 1048576 (order: 12, 16777216 bytes, linear)
[    1.470298][    T0] SLUB: HWalign=64, Order=0-3, MinObjects=0, CPUs=2, Nodes=1
[    1.485737][    T0] allocated 4194304 bytes of page_ext
[    1.491301][    T0] Dynamic Preempt: full
[    1.501673][    T0] Running RCU self tests
[    1.504077][    T0] Running RCU synchronous self tests
[    1.508180][    T0] rcu: Preemptible hierarchical RCU implementation.
[    1.511458][    T0] rcu: 	RCU lockdep checking is enabled.
[    1.513787][    T0] rcu: 	RCU restricting CPUs from NR_CPUS=8 to nr_cpu_ids=2.
[    1.516733][    T0] rcu: 	RCU callback double-/use-after-free debug is enabled.
[    1.518811][    T0] rcu: 	RCU debug extended QS entry/exit.
[    1.520318][    T0] 	Trampoline variant of Tasks RCU enabled.
[    1.522539][    T0] 	Tracing variant of Tasks RCU enabled.
[    1.525477][    T0] rcu: RCU calculated value of scheduler-enlistment delay is 10 jiffies.
[    1.529296][    T0] rcu: Adjusting geometry for rcu_fanout_leaf=16, nr_cpu_ids=2
[    1.532548][    T0] Running RCU synchronous self tests
[    1.534148][    T0] RCU Tasks: Setting shift to 1 and lim to 1 rcu_task_cb_adjust=1 rcu_task_cpu_ids=2.
[    1.536754][    T0] RCU Tasks Trace: Setting shift to 1 and lim to 1 rcu_task_cb_adjust=1 rcu_task_cpu_ids=2.
[    1.598659][    T0] NR_IRQS: 4352, nr_irqs: 440, preallocated irqs: 16
[    1.603402][    T0] rcu: srcu_init: Setting srcu_struct sizes based on contention.
[    1.606919][    T0] kfence: initialized - using 2097152 bytes for 255 objects at 0x(____ptrval____)-0x(____ptrval____)
[    1.629633][    T0] Console: colour VGA+ 80x25
[    1.632033][    T0] printk: legacy console [ttyS0] enabled
[    1.632033][    T0] printk: legacy console [ttyS0] enabled
[    1.637162][    T0] printk: legacy bootconsole [earlyser0] disabled
[    1.637162][    T0] printk: legacy bootconsole [earlyser0] disabled
[    1.642185][    T0] Lock dependency validator: Copyright (c) 2006 Red Hat, Inc., Ingo Molnar
[    1.644636][    T0] ... MAX_LOCKDEP_SUBCLASSES:  8
[    1.646102][    T0] ... MAX_LOCK_DEPTH:          48
[    1.647534][    T0] ... MAX_LOCKDEP_KEYS:        8192
[    1.649372][    T0] ... CLASSHASH_SIZE:          4096
[    1.652008][    T0] ... MAX_LOCKDEP_ENTRIES:     1048576
[    1.655874][    T0] ... MAX_LOCKDEP_CHAINS:      1048576
[    1.658492][    T0] ... CHAINHASH_SIZE:          524288
[    1.660037][    T0]  memory used by lock dependency info: 106625 kB
[    1.661828][    T0]  memory used for stack traces: 8320 kB
[    1.663479][    T0]  per task-struct memory footprint: 1920 bytes
[    1.665530][    T0] ACPI: Core revision 20240827
[    1.667869][    T0] clocksource: hpet: mask: 0xffffffff max_cycles: 0xffffffff, max_idle_ns: 19112604467 ns
[    1.672430][    T0] APIC: Switch to symmetric I/O mode setup
[    1.675656][    T0] x2apic enabled
[    1.678046][    T0] APIC: Switched APIC routing to: physical x2apic
[    1.680189][    T0] kvm-guest: APIC: send_IPI_mask() replaced with kvm_send_ipi_mask()
[    1.683117][    T0] kvm-guest: APIC: send_IPI_mask_allbutself() replaced with kvm_send_ipi_mask_allbutself()
[    1.687266][    T0] kvm-guest: setup PV IPIs
[    1.693879][    T0] ..TIMER: vector=0x30 apic1=0 pin1=2 apic2=-1 pin2=-1
[    1.696181][    T0] clocksource: tsc-early: mask: 0xffffffffffffffff max_cycles: 0x2b2c8ec87c7, max_idle_ns: 440795278598 ns
[    1.700186][    T0] Calibrating delay loop (skipped) preset value.. 5990.40 BogoMIPS (lpj=29952000)
[    1.710710][    T0] x86/cpu: User Mode Instruction Prevention (UMIP) activated
[    1.715208][    T0] Last level iTLB entries: 4KB 0, 2MB 0, 4MB 0
[    1.720136][    T0] Last level dTLB entries: 4KB 0, 2MB 0, 4MB 0, 1GB 0
[    1.722150][    T0] Spectre V1 : Mitigation: usercopy/swapgs barriers and __user pointer sanitization
[    1.725100][    T0] Spectre V2 : WARNING: Unprivileged eBPF is enabled with eIBRS on, data leaks possible via Spectre v2 BHB attacks!
[    1.730145][    T0] Spectre V2 : Spectre BHI mitigation: SW BHB clearing on syscall and VM exit
[    1.734035][    T0] Spectre V2 : Mitigation: Enhanced / Automatic IBRS
[    1.736028][    T0] Spectre V2 : Spectre v2 / SpectreRSB mitigation: Filling RSB on context switch
[    1.740043][    T0] Spectre V2 : Spectre v2 / PBRSB-eIBRS: Retire a single CALL on VMEXIT
[    1.742521][    T0] RETBleed: Mitigation: Enhanced IBRS
[    1.744385][    T0] Spectre V2 : mitigation: Enabling conditional Indirect Branch Prediction Barrier
[    1.750148][    T0] Speculative Store Bypass: Mitigation: Speculative Store Bypass disabled via prctl
[    1.754059][    T0] MMIO Stale Data: Unknown: No mitigations
[    1.756411][    T0] Register File Data Sampling: Vulnerable: No microcode
[    1.758763][    T0] x86/fpu: Supporting XSAVE feature 0x001: 'x87 floating point registers'
[    1.760043][    T0] x86/fpu: Supporting XSAVE feature 0x002: 'SSE registers'
[    1.762609][    T0] x86/fpu: Supporting XSAVE feature 0x004: 'AVX registers'
[    1.766089][    T0] x86/fpu: xstate_offset[2]:  576, xstate_sizes[2]:  256
[    1.770073][    T0] x86/fpu: Enabled xstate features 0x7, context size is 832 bytes, using 'compacted' format.
[    1.976353][    T0] Freeing SMP alternatives memory: 124K
[    1.980152][    T0] pid_max: default: 32768 minimum: 301
[    1.984325][    T0] LSM: initializing lsm=lockdown,capability,landlock,yama,safesetid,tomoyo,apparmor,bpf,ima,evm
[    1.991057][    T0] landlock: Up and running.
[    1.992527][    T0] Yama: becoming mindful.
[    1.994453][    T0] TOMOYO Linux initialized
[    1.997109][    T0] AppArmor: AppArmor initialized
[    2.001018][    T0] LSM support for eBPF active
[    2.003752][    T0] Mount-cache hash table entries: 4096 (order: 3, 32768 bytes, linear)
[    2.006380][    T0] Mountpoint-cache hash table entries: 4096 (order: 3, 32768 bytes, linear)
[    2.015204][    T0] Running RCU synchronous self tests
[    2.017067][    T0] Running RCU synchronous self tests
[    2.023235][    T1] smpboot: CPU0: 13th Gen Intel(R) Core(TM) i9-13900H (family: 0x6, model: 0xba, stepping: 0x2)
[    2.028510][    T3] psi: inconsistent task state! task=1:swapper/0 cpu=0 psi_flags=4 clear=0 set=4
[    2.031747][    T1] Running RCU Tasks wait API self tests
[    2.140378][    T1] Running RCU Tasks Trace wait API self tests
[    2.142633][    T1] Performance Events: unsupported p6 CPU model 186 no PMU driver, software events only.
[    2.145996][    T1] signal: max sigframe size: 1776
[    2.149109][    T1] rcu: Hierarchical SRCU implementation.
[    2.150053][    T1] rcu: 	Max phase no-delay instances is 1000.
[    2.153194][    T1] Timer migration: 1 hierarchy levels; 8 children per group; 1 crossnode level
[    2.160232][   T15] Callback from call_rcu_tasks_trace() invoked.
[    2.164364][    T1] NMI watchdog: Perf NMI watchdog permanently disabled
[    2.170098][    T1] smp: Bringing up secondary CPUs ...
[    2.181595][    T1] smpboot: x86: Booting SMP configuration:
[    2.183956][    T1] .... node  #0, CPUs:      #1
[    2.191160][    T1] smp: Brought up 1 node, 2 CPUs
[    2.197349][    T1] smpboot: Total of 2 processors activated (11980.80 BogoMIPS)
[    2.202372][    T1] Memory: 1296292K/2096632K available (167936K kernel code, 40885K rwdata, 38736K rodata, 26464K init, 120012K bss, 789456K reserved, 0K cma-reserved)
[    2.213478][    T1] devtmpfs: initialized
[    2.213478][    T1] x86/mm: Memory block size: 128MB
[    2.241470][    T1] Running RCU synchronous self tests
[    2.243352][    T1] Running RCU synchronous self tests
[    2.245322][    T1] clocksource: jiffies: mask: 0xffffffff max_cycles: 0xffffffff, max_idle_ns: 19112604462750000 ns
[    2.250413][    T1] futex hash table entries: 512 (order: 4, 65536 bytes, linear)
[    2.260076][    T1] PM: RTC time: 02:18:26, date: 2026-05-23
[    2.267728][    T1] NET: Registered PF_NETLINK/PF_ROUTE protocol family
[    2.272993][    T1] audit: initializing netlink subsys (disabled)
[    2.280691][   T29] audit: type=2000 audit(1779502706.574:1): state=initialized audit_enabled=0 res=1
[    2.293032][    T1] thermal_sys: Registered thermal governor 'step_wise'
[    2.296723][    T1] thermal_sys: Registered thermal governor 'user_space'
[    2.300056][    T1] cpuidle: using governor menu
[    2.307372][    T1] NET: Registered PF_QIPCRTR protocol family
[    2.307372][    T1] dca service started, version 1.12.1
[    2.311271][    T1] PCI: Using configuration type 1 for base access
[    2.322139][    T1] HugeTLB: registered 1.00 GiB page size, pre-allocated 0 pages
[    2.324841][    T1] HugeTLB: 16380 KiB vmemmap can be freed for a 1.00 GiB page
[    2.330064][    T1] HugeTLB: registered 2.00 MiB page size, pre-allocated 0 pages
[    2.333289][    T1] HugeTLB: 28 KiB vmemmap can be freed for a 2.00 MiB page
[    2.361881][   T14] Callback from call_rcu_tasks() invoked.
[    2.370190][    T1] cryptd: max_cpu_qlen set to 1000
[    2.421798][    T1] raid6: skipped pq benchmark and selected avx2x4
[    2.425099][    T1] raid6: using avx2x2 recovery algorithm
[    2.430948][    T1] ACPI: Added _OSI(Module Device)
[    2.435328][    T1] ACPI: Added _OSI(Processor Device)
[    2.438529][    T1] ACPI: Added _OSI(3.0 _SCP Extensions)
[    2.441672][    T1] ACPI: Added _OSI(Processor Aggregator Device)
[    2.464989][    T1] ACPI: 1 ACPI AML tables successfully acquired and loaded
[    2.495094][    T1] ACPI: Interpreter enabled
[    2.497205][    T1] ACPI: PM: (supports S0 S3 S4 S5)
[    2.498744][    T1] ACPI: Using IOAPIC for interrupt routing
[    2.500269][    T1] PCI: Using host bridge windows from ACPI; if necessary, use "pci=nocrs" and report a bug
[    2.503552][    T1] PCI: Using E820 reservations for host bridge windows
[    2.508048][    T1] ACPI: Enabled 2 GPEs in block 00 to 0F
[    2.562685][    T1] ACPI: PCI Root Bridge [PCI0] (domain 0000 [bus 00-ff])
[    2.570671][    T1] acpi PNP0A03:00: _OSC: OS supports [ASPM ClockPM Segments MSI HPX-Type3]
[    2.573464][    T1] acpi PNP0A03:00: _OSC: not requesting OS control; OS requires [ExtendedConfig ASPM ClockPM MSI]
[    2.578310][    T1] acpi PNP0A03:00: fail to add MMCONFIG information, can't access extended configuration space under this bridge
[    2.582537][    T1] PCI host bridge to bus 0000:00
[    2.585437][    T1] pci_bus 0000:00: root bus resource [io  0x0000-0x0cf7 window]
[    2.589596][    T1] pci_bus 0000:00: root bus resource [io  0x0d00-0xffff window]
[    2.590065][    T1] pci_bus 0000:00: root bus resource [mem 0x000a0000-0x000bffff window]
[    2.592747][    T1] pci_bus 0000:00: root bus resource [mem 0x80000000-0xfebfffff window]
[    2.595549][    T1] pci_bus 0000:00: root bus resource [mem 0x100000000-0x17fffffff window]
[    2.598485][    T1] pci_bus 0000:00: root bus resource [bus 00-ff]
[    2.600438][    T1] pci 0000:00:00.0: [8086:1237] type 00 class 0x060000 conventional PCI endpoint
[    2.617155][    T1] pci 0000:00:01.0: [8086:7000] type 00 class 0x060100 conventional PCI endpoint
[    2.633530][    T1] pci 0000:00:01.1: [8086:7010] type 00 class 0x010180 conventional PCI endpoint
[    2.640993][    T1] pci 0000:00:01.1: BAR 4 [io  0xc000-0xc00f]
[    2.644107][    T1] pci 0000:00:01.1: BAR 0 [io  0x01f0-0x01f7]: legacy IDE quirk
[    2.646832][    T1] pci 0000:00:01.1: BAR 1 [io  0x03f6]: legacy IDE quirk
[    2.650099][    T1] pci 0000:00:01.1: BAR 2 [io  0x0170-0x0177]: legacy IDE quirk
[    2.653074][    T1] pci 0000:00:01.1: BAR 3 [io  0x0376]: legacy IDE quirk
[    2.657343][    T1] pci 0000:00:01.3: [8086:7113] type 00 class 0x068000 conventional PCI endpoint
[    2.662540][    T1] pci 0000:00:01.3: quirk: [io  0x0600-0x063f] claimed by PIIX4 ACPI
[    2.668636][    T1] pci 0000:00:01.3: quirk: [io  0x0700-0x070f] claimed by PIIX4 SMB
[    2.671972][    T1] pci 0000:00:02.0: [1234:1111] type 00 class 0x030000 conventional PCI endpoint
[    2.680948][    T1] pci 0000:00:02.0: BAR 0 [mem 0xfd000000-0xfdffffff pref]
[    2.694088][    T1] pci 0000:00:02.0: BAR 2 [mem 0xfebf0000-0xfebf0fff]
[    2.706210][    T1] pci 0000:00:02.0: ROM [mem 0xfebe0000-0xfebeffff pref]
[    2.712000][    T1] pci 0000:00:02.0: Video device with shadowed ROM at [mem 0x000c0000-0x000dffff]
[    2.752085][    T1] ACPI: PCI: Interrupt link LNKA configured for IRQ 10
[    2.760381][    T1] ACPI: PCI: Interrupt link LNKB configured for IRQ 10
[    2.763930][    T1] ACPI: PCI: Interrupt link LNKC configured for IRQ 11
[    2.767567][    T1] ACPI: PCI: Interrupt link LNKD configured for IRQ 11
[    2.771333][    T1] ACPI: PCI: Interrupt link LNKS configured for IRQ 9
[    2.810176][    T1] iommu: Default domain type: Translated
[    2.812086][    T1] iommu: DMA domain TLB invalidation policy: lazy mode
[    2.821853][    T1] SCSI subsystem initialized
[    2.842641][    T1] ACPI: bus type USB registered
[    2.844921][    T1] usbcore: registered new interface driver usbfs
[    2.847392][    T1] usbcore: registered new interface driver hub
[    2.850206][    T1] usbcore: registered new device driver usb
[    2.857394][    T1] mc: Linux media interface: v0.10
[    2.860438][    T1] videodev: Linux video capture interface: v2.00
[    2.865356][    T1] pps_core: LinuxPPS API ver. 1 registered
[    2.867183][    T1] pps_core: Software ver. 5.3.6 - Copyright 2005-2007 Rodolfo Giometti <giometti@linux.it>
[    2.870958][    T1] PTP clock support registered
[    2.910371][    T1] EDAC MC: Ver: 3.0.0
[    2.934997][    T1] Advanced Linux Sound Architecture Driver Initialized.
[    2.943882][    T1] Bluetooth: Core ver 2.22
[    2.948024][    T1] NET: Registered PF_BLUETOOTH protocol family
[    2.950054][    T1] Bluetooth: HCI device and connection manager initialized
[    2.952584][    T1] Bluetooth: HCI socket layer initialized
[    2.954393][    T1] Bluetooth: L2CAP socket layer initialized
[    2.956674][    T1] Bluetooth: SCO socket layer initialized
[    2.958448][    T1] NET: Registered PF_ATMPVC protocol family
[    2.960069][    T1] NET: Registered PF_ATMSVC protocol family
[    2.964963][    T1] NetLabel: Initializing
[    2.966882][    T1] NetLabel:  domain hash size = 128
[    2.968635][    T1] NetLabel:  protocols = UNLABELED CIPSOv4 CALIPSO
[    2.970784][    T1] NetLabel:  unlabeled traffic allowed by default
[    2.973909][    T1] nfc: nfc_init: NFC Core ver 0.1
[    2.980074][    T1] NET: Registered PF_NFC protocol family
[    2.983052][    T1] PCI: Using ACPI for IRQ routing
[    2.988580][    T1] pci 0000:00:02.0: vgaarb: setting as boot VGA device
[    2.988580][    T1] pci 0000:00:02.0: vgaarb: bridge control possible
[    2.988580][    T1] pci 0000:00:02.0: vgaarb: VGA device added: decodes=io+mem,owns=io+mem,locks=none
[    2.990158][    T1] vgaarb: loaded
[    3.002807][    T1] hpet0: at MMIO 0xfed00000, IRQs 2, 8, 0
[    3.005621][    T1] hpet0: 3 comparators, 64-bit 100.000000 MHz counter
[    3.014515][    T1] clocksource: Switched to clocksource kvm-clock
[    3.019694][    T1] VFS: Disk quotas dquot_6.6.0
[    3.020825][    T1] VFS: Dquot-cache hash table entries: 512 (order 0, 4096 bytes)
[    3.029005][    T1] netfs: FS-Cache loaded
[    3.031760][    T1] CacheFiles: Loaded
[    3.035017][    T1] TOMOYO: 2.6.0
[    3.036123][    T1] Mandatory Access Control activated.
[    3.040992][    T1] AppArmor: AppArmor Filesystem Enabled
[    3.047608][    T1] pnp: PnP ACPI init
[    3.057350][    T1] pnp: PnP ACPI: found 6 devices
[    3.148548][    T1] clocksource: acpi_pm: mask: 0xffffff max_cycles: 0xffffff, max_idle_ns: 2085701024 ns
[    3.169753][    T1] NET: Registered PF_INET protocol family
[    3.175214][    T1] IP idents hash table entries: 32768 (order: 6, 262144 bytes, linear)
[    3.185504][    T1] tcp_listen_portaddr_hash hash table entries: 1024 (order: 4, 73728 bytes, linear)
[    3.189231][    T1] Table-perturb hash table entries: 65536 (order: 6, 262144 bytes, linear)
[    3.197989][    T1] TCP established hash table entries: 16384 (order: 5, 131072 bytes, linear)
[    3.212986][    T1] TCP bind hash table entries: 16384 (order: 9, 2359296 bytes, linear)
[    3.220637][    T1] TCP: Hash tables configured (established 16384 bind 16384)
[    3.225583][    T1] MPTCP token hash table entries: 2048 (order: 5, 180224 bytes, linear)
[    3.230384][    T1] UDP hash table entries: 1024 (order: 5, 163840 bytes, linear)
[    3.234300][    T1] UDP-Lite hash table entries: 1024 (order: 5, 163840 bytes, linear)
[    3.240237][    T1] NET: Registered PF_UNIX/PF_LOCAL protocol family
[    3.257205][    T1] RPC: Registered named UNIX socket transport module.
[    3.259426][    T1] RPC: Registered udp transport module.
[    3.262799][    T1] RPC: Registered tcp transport module.
[    3.265250][    T1] RPC: Registered tcp-with-tls transport module.
[    3.268701][    T1] RPC: Registered tcp NFSv4.1 backchannel transport module.
[    3.285956][    T1] NET: Registered PF_XDP protocol family
[    3.287796][    T1] pci_bus 0000:00: resource 4 [io  0x0000-0x0cf7 window]
[    3.291790][    T1] pci_bus 0000:00: resource 5 [io  0x0d00-0xffff window]
[    3.293999][    T1] pci_bus 0000:00: resource 6 [mem 0x000a0000-0x000bffff window]
[    3.296309][    T1] pci_bus 0000:00: resource 7 [mem 0x80000000-0xfebfffff window]
[    3.298506][    T1] pci_bus 0000:00: resource 8 [mem 0x100000000-0x17fffffff window]
[    3.301224][    T1] pci 0000:00:01.0: PIIX3: Enabling Passive Release
[    3.304511][    T1] pci 0000:00:00.0: Limiting direct PCI/PCI transfers
[    3.310588][    T1] PCI: CLS 0 bytes, default 64
[    3.318586][   T12] Trying to unpack rootfs image as initramfs...
[    3.326610][    T1] ACPI: bus type thunderbolt registered
[    3.354089][    T1] RAPL PMU: API unit is 2^-32 Joules, 0 fixed counters, 10737418240 ms ovfl timer
[    3.426982][    T1] kvm_amd: CPU 0 isn't AMD or Hygon
[    3.429412][    T1] clocksource: tsc: mask: 0xffffffffffffffff max_cycles: 0x2b2c8ec87c7, max_idle_ns: 440795278598 ns
[    3.532253][   T12] Freeing initrd memory: 1352K
[    3.540691][   T68] kworker/u8:4 (68) used greatest stack depth: 28432 bytes left
[    3.546965][   T69] kworker/u8:4 (69) used greatest stack depth: 27376 bytes left
[    5.675124][    T1] Initialise system trusted keyrings
[    5.678629][    T1] workingset: timestamp_bits=40 max_order=19 bucket_order=0
[    5.685219][    T1] DLM installed
[    5.693813][    T1] squashfs: version 4.0 (2009/01/31) Phillip Lougher
[    5.701346][    T1] NFS: Registering the id_resolver key type
[    5.704477][    T1] Key type id_resolver registered
[    5.706127][    T1] Key type id_legacy registered
[    5.709247][    T1] nfs4filelayout_init: NFSv4 File Layout Driver Registering...
[    5.715342][    T1] nfs4flexfilelayout_init: NFSv4 Flexfile Layout Driver Registering...
[    5.726663][    T1] Key type cifs.spnego registered
[    5.728917][    T1] Key type cifs.idmap registered
[    5.734090][    T1] ntfs3: Enabled Linux POSIX ACLs support
[    5.738553][    T1] ntfs3: Read-only LZX/Xpress compression included
[    5.741022][    T1] efs: 1.0a - http://aeschi.ch.eu.org/efs/
[    5.742932][    T1] jffs2: version 2.2. (NAND) (SUMMARY)  © 2001-2006 Red Hat, Inc.
[    5.748395][    T1] romfs: ROMFS MTD (C) 2007 Red Hat, Inc.
[    5.750476][    T1] QNX4 filesystem 0.2.3 registered.
[    5.755000][    T1] qnx6: QNX6 filesystem 1.0.0 registered.
[    5.758822][    T1] fuse: init (API version 7.41)
[    5.764970][    T1] orangefs_debugfs_init: called with debug mask: :none: :0:
[    5.768100][    T1] orangefs_init: module version upstream loaded
[    5.772404][    T1] JFS: nTxBlock = 8192, nTxLock = 65536
[    5.800432][    T1] SGI XFS with ACLs, security attributes, realtime, quota, no debug enabled
[    5.810837][    T1] 9p: Installing v9fs 9p2000 file system support
[    5.814510][    T1] NILFS version 2 loaded
[    5.815968][    T1] befs: version: 0.9.3
[    5.818533][    T1] ocfs2: Registered cluster interface o2cb
[    5.821620][    T1] ocfs2: Registered cluster interface user
[    5.824111][    T1] OCFS2 User DLM kernel interface loaded
[    5.834358][    T1] gfs2: GFS2 installed
[    5.847551][    T1] ceph: loaded (mds proto 32)
[    5.865535][    T1] NET: Registered PF_ALG protocol family
[    5.869322][    T1] xor: automatically using best checksumming function   avx       
[    5.873247][    T1] async_tx: api initialized (async)
[    5.875405][    T1] Key type asymmetric registered
[    5.879876][    T1] Asymmetric key parser 'x509' registered
[    5.881864][    T1] Asymmetric key parser 'pkcs8' registered
[    5.884126][    T1] Key type pkcs7_test registered
[    5.887039][    T1] Block layer SCSI generic (bsg) driver version 0.4 loaded (major 238)
[    5.894216][    T1] io scheduler mq-deadline registered
[    5.895830][    T1] io scheduler kyber registered
[    5.897712][    T1] io scheduler bfq registered
[    5.906484][    T1] input: Power Button as /devices/LNXSYSTM:00/LNXPWRBN:00/input/input0
[    5.916728][    T1] ACPI: button: Power Button [PWRF]
[    5.935905][    T1] ioatdma: Intel(R) QuickData Technology Driver 5.00
[    5.981897][  T233] kworker/u8:2 (233) used greatest stack depth: 27264 bytes left
[    6.200412][  T642] kworker/u8:0 (642) used greatest stack depth: 27216 bytes left
[    6.217377][    T1] N_HDLC line discipline registered with maxframe=4096
[    6.219850][    T1] Serial: 8250/16550 driver, 4 ports, IRQ sharing enabled
[    6.231811][    T1] 00:04: ttyS0 at I/O 0x3f8 (irq = 4, base_baud = 115200) is a 16550A
[    6.251520][    T1] Non-volatile memory driver v1.3
[    6.254844][    T1] Linux agpgart interface v0.103
[    6.258453][    T1] usbcore: registered new interface driver xillyusb
[    6.263612][    T1] ACPI: bus type drm_connector registered
[    6.272393][    T1] [drm] Initialized vgem 1.0.0 for vgem on minor 0
[    6.280897][    T1] [drm] Initialized vkms 1.0.0 for vkms on minor 1
[    6.352216][    T1] Console: switching to colour frame buffer device 128x48
[    6.372187][    T1] platform vkms: [drm] fb0: vkmsdrmfb frame buffer device
[    6.376927][    T1] usbcore: registered new interface driver udl
[    6.384886][    T1] bochs-drm 0000:00:02.0: vgaarb: deactivate vga console
[    6.395318][    T1] [drm] Found bochs VGA, ID 0xb0c5.
[    6.397976][    T1] [drm] Framebuffer size 16384 kB @ 0xfd000000, mmio @ 0xfebf0000.
[    6.405616][    T1] [drm] Found EDID data blob.
[    6.412324][    T1] [drm] Initialized bochs-drm 1.0.0 for 0000:00:02.0 on minor 2
[    6.426253][    T1] fbcon: bochs-drmdrmfb (fb1) is primary device
[    6.426280][    T1] fbcon: Remapping primary device, fb1, to tty 1-63
[    6.941139][    T1] bochs-drm 0000:00:02.0: [drm] fb1: bochs-drmdrmfb frame buffer device
[    6.944801][    T1] usbcore: registered new interface driver gm12u320
[    6.948388][    T1] usbcore: registered new interface driver gud
[    6.993580][    T1] brd: module loaded
[    7.082792][    T1] loop: module loaded
[    7.221856][    T1] zram: Added device: zram0
[    7.230868][    T1] null_blk: disk nullb0 created
[    7.234781][    T1] null_blk: module loaded
[    7.237809][    T1] Guest personality initialized and is inactive
[    7.240778][    T1] VMCI host device registered (name=vmci, major=10, minor=118)
[    7.243260][    T1] Initialized host personality
[    7.246256][    T1] usbcore: registered new interface driver rtsx_usb
[    7.252617][    T1] usbcore: registered new interface driver viperboard
[    7.257018][    T1] usbcore: registered new interface driver dln2
[    7.259743][    T1] usbcore: registered new interface driver pn533_usb
[    7.265878][    T1] nfcsim 0.2 initialized
[    7.268873][    T1] usbcore: registered new interface driver port100
[    7.271362][    T1] usbcore: registered new interface driver nfcmrvl
[    7.279262][    T1] Loading iSCSI transport class v2.0-870.
[    7.296053][    T1] st: Version 20160209, fixed bufsize 32768, s/g segs 256
[    7.330989][    T1] scsi host0: ata_piix
[    7.337327][    T1] scsi host1: ata_piix
[    7.339214][    T1] ata1: PATA max MWDMA2 cmd 0x1f0 ctl 0x3f6 bmdma 0xc000 irq 14 lpm-pol 0
[    7.343478][    T1] ata2: PATA max MWDMA2 cmd 0x170 ctl 0x376 bmdma 0xc008 irq 15 lpm-pol 0
[    7.362826][    T1] Rounding down aligned max_sectors from 4294967295 to 4294967288
[    7.367955][    T1] db_root: cannot open: /etc/target
[    7.372479][    T1] slram: not enough parameters.
[    7.384323][    T1] ftl_cs: FTL header not found.
[    7.404098][    T1] wireguard: WireGuard 1.0.0 loaded. See www.wireguard.com for information.
[    7.407888][    T1] wireguard: Copyright (C) 2015-2019 Jason A. Donenfeld <Jason@zx2c4.com>. All Rights Reserved.
[    7.411216][    T1] eql: Equalizer2002: Simon Janes (simon@ncm.com) and David S. Miller (davem@redhat.com)
[    7.419807][    T1] MACsec IEEE 802.1AE
[    7.430690][    T1] usbcore: registered new interface driver mvusb_mdio
[    7.434455][    T1] tun: Universal TUN/TAP device driver, 1.6
[    7.439051][    T1] vcan: Virtual CAN interface driver
[    7.442197][    T1] vxcan: Virtual CAN Tunnel driver
[    7.450669][    T1] slcan: serial line CAN interface driver
[    7.455790][    T1] CAN device driver interface
[    7.457700][    T1] usbcore: registered new interface driver usb_8dev
[    7.462427][    T1] usbcore: registered new interface driver ems_usb
[    7.466054][    T1] usbcore: registered new interface driver esd_usb
[    7.468401][    T1] usbcore: registered new interface driver etas_es58x
[    7.471103][    T1] usbcore: registered new interface driver f81604
[    7.475940][    T1] usbcore: registered new interface driver gs_usb
[    7.479219][    T1] usbcore: registered new interface driver kvaser_usb
[    7.484026][    T1] usbcore: registered new interface driver mcba_usb
[    7.486270][    T1] usbcore: registered new interface driver peak_usb
[    7.488491][    T1] usbcore: registered new interface driver ucan
[    7.490748][    T1] e100: Intel(R) PRO/100 Network Driver
[    7.492734][    T1] e100: Copyright(c) 1999-2006 Intel Corporation
[    7.497539][    T1] e1000: Intel(R) PRO/1000 Network Driver
[    7.499896][    T1] e1000: Copyright (c) 1999-2006 Intel Corporation.
[    7.502209][    T1] e1000e: Intel(R) PRO/1000 Network Driver
[    7.504228][    T1] e1000e: Copyright(c) 1999 - 2015 Intel Corporation.
[    7.514063][ T1000] ata2: found unknown device (class 0)
[    7.517758][ T1000] ata2.00: ATAPI: QEMU DVD-ROM, 2.5+, max UDMA/100
[    7.518234][    T1] mkiss: AX.25 Multikiss, Hans Albas PE1AYX
[    7.524079][    T1] AX.25: bpqether driver version 004
[    7.525963][    T1] PPP generic driver version 2.4.2
[    7.529071][   T38] scsi 1:0:0:0: CD-ROM            QEMU     QEMU DVD-ROM     2.5+ PQ: 0 ANSI: 5
[    7.529353][    T1] PPP BSD Compression module registered
[    7.537674][    T1] PPP Deflate Compression module registered
[    7.541273][    T1] PPP MPPE Compression module registered
[    7.543449][    T1] NET: Registered PF_PPPOX protocol family
[    7.550668][    T1] PPTP driver version 0.8.5
[    7.555339][    T1] SLIP: version 0.8.4-NET3.019-NEWTTY (dynamic channels, max=256) (6 bit encapsulation enabled).
[    7.560240][    T1] CSLIP: code copyright 1989 Regents of the University of California.
[    7.563154][    T1] SLIP linefill/keepalive option.
[    7.565160][    T1] hdlc: HDLC support module revision 1.22
[    7.567348][    T1] LAPB Ethernet driver version 0.02
[    7.571117][    T1] usbcore: registered new interface driver ath9k_htc
[    7.576315][    T1] usbcore: registered new interface driver carl9170
[    7.578873][    T1] usbcore: registered new interface driver ath6kl_usb
[    7.581105][    T1] usbcore: registered new interface driver ar5523
[    7.584306][    T1] usbcore: registered new interface driver ath10k_usb
[    7.587668][    T1] usbcore: registered new interface driver plfxlc
[    7.591917][    T1] mac80211_hwsim: initializing netlink
[    7.621547][    T1] usbcore: registered new interface driver atusb
[    7.651220][   T38] sr 1:0:0:0: [sr0] scsi3-mmc drive: 4x/4x cd/rw xa/form2 tray
[    7.654405][   T38] cdrom: Uniform CD-ROM driver Revision: 3.20
[    7.668459][    T1] mac802154_hwsim mac802154_hwsim: Added 2 mac802154 hwsim hardware radios
[    7.671776][    T1] VMware vmxnet3 virtual NIC driver - version 1.9.0.0-k-NAPI
[    7.678689][    T1] usbcore: registered new interface driver catc
[    7.682038][    T1] usbcore: registered new interface driver kaweth
[    7.686867][    T1] pegasus: Pegasus/Pegasus II USB Ethernet driver
[    7.691066][    T1] usbcore: registered new interface driver pegasus
[    7.696176][    T1] usbcore: registered new interface driver rtl8150
[    7.701879][    T1] usbcore: registered new device driver r8152-cfgselector
[    7.707847][    T1] usbcore: registered new interface driver r8152
[    7.711375][    T1] usbcore: registered new interface driver hso
[    7.714113][    T1] usbcore: registered new interface driver lan78xx
[    7.717424][    T1] usbcore: registered new interface driver asix
[    7.719313][   T38] sr 1:0:0:0: Attached scsi generic sg0 type 5
[    7.719511][    T1] usbcore: registered new interface driver ax88179_178a
[    7.726648][    T1] usbcore: registered new interface driver cdc_ether
[    7.728838][    T1] usbcore: registered new interface driver cdc_eem
[    7.730749][    T1] usbcore: registered new interface driver dm9601
[    7.734681][    T1] usbcore: registered new interface driver sr9700
[    7.737402][    T1] usbcore: registered new interface driver CoreChips
[    7.739760][    T1] usbcore: registered new interface driver smsc75xx
[    7.742137][    T1] usbcore: registered new interface driver smsc95xx
[    7.746564][    T1] usbcore: registered new interface driver gl620a
[    7.748671][    T1] usbcore: registered new interface driver net1080
[    7.751641][    T1] usbcore: registered new interface driver plusb
[    7.754605][    T1] usbcore: registered new interface driver rndis_host
[    7.757201][    T1] usbcore: registered new interface driver cdc_subset
[    7.760313][    T1] usbcore: registered new interface driver zaurus
[    7.762379][    T1] usbcore: registered new interface driver MOSCHIP usb-ethernet driver
[    7.766021][    T1] usbcore: registered new interface driver int51x1
[    7.768193][    T1] usbcore: registered new interface driver cdc_phonet
[    7.770780][    T1] usbcore: registered new interface driver kalmia
[    7.775807][    T1] usbcore: registered new interface driver ipheth
[    7.781862][    T1] usbcore: registered new interface driver sierra_net
[    7.786762][    T1] usbcore: registered new interface driver cx82310_eth
[    7.788952][    T1] usbcore: registered new interface driver cdc_ncm
[    7.790954][    T1] usbcore: registered new interface driver huawei_cdc_ncm
[    7.801744][    T1] usbcore: registered new interface driver lg-vl600
[    7.804856][    T1] usbcore: registered new interface driver qmi_wwan
[    7.806987][    T1] usbcore: registered new interface driver cdc_mbim
[    7.809134][    T1] usbcore: registered new interface driver ch9200
[    7.811394][    T1] usbcore: registered new interface driver aqc111
[    7.814182][    T1] usbcore: registered new interface driver r8153_ecm
[    7.820544][    T1] VFIO - User Level meta-driver version: 0.3
[    7.828829][    T1] aoe: AoE v85 initialised.
[    7.840983][    T1] SPI driver max3421-hcd has no spi_device_id for maxim,max3421
[    7.853235][    T1] usbcore: registered new interface driver cdc_acm
[    7.855398][    T1] cdc_acm: USB Abstract Control Model driver for USB modems and ISDN adapters
[    7.858343][    T1] usbcore: registered new interface driver usblp
[    7.864061][    T1] usbcore: registered new interface driver cdc_wdm
[    7.866647][    T1] usbcore: registered new interface driver usbtmc
[    7.869950][    T1] usbcore: registered new interface driver uas
[    7.872538][    T1] usbcore: registered new interface driver usb-storage
[    7.875236][    T1] usbcore: registered new interface driver ums-alauda
[    7.877537][    T1] usbcore: registered new interface driver ums-cypress
[    7.879699][    T1] usbcore: registered new interface driver ums-datafab
[    7.881932][    T1] usbcore: registered new interface driver ums_eneub6250
[    7.886002][    T1] usbcore: registered new interface driver ums-freecom
[    7.892062][    T1] usbcore: registered new interface driver ums-isd200
[    7.896498][    T1] usbcore: registered new interface driver ums-jumpshot
[    7.898876][    T1] usbcore: registered new interface driver ums-karma
[    7.901161][    T1] usbcore: registered new interface driver ums-onetouch
[    7.904443][    T1] usbcore: registered new interface driver ums-realtek
[    7.907592][    T1] usbcore: registered new interface driver ums-sddr09
[    7.909841][    T1] usbcore: registered new interface driver ums-sddr55
[    7.912133][    T1] usbcore: registered new interface driver ums-usbat
[    7.915518][    T1] usbcore: registered new interface driver mdc800
[    7.917625][    T1] mdc800: v0.7.5 (30/10/2000):USB Driver for Mustek MDC800 Digital Camera
[    7.920513][    T1] usbcore: registered new interface driver microtekX6
[    7.925079][    T1] usbcore: registered new interface driver usbserial_generic
[    7.935657][    T1] usbserial: USB Serial support registered for generic
[    7.937982][    T1] usbcore: registered new interface driver aircable
[    7.940114][    T1] usbserial: USB Serial support registered for aircable
[    7.943989][    T1] usbcore: registered new interface driver ark3116
[    7.946493][    T1] usbserial: USB Serial support registered for ark3116
[    7.949617][    T1] usbcore: registered new interface driver belkin_sa
[    7.952804][    T1] usbserial: USB Serial support registered for Belkin / Peracom / GoHubs USB Serial Adapter
[    7.956620][    T1] usbcore: registered new interface driver ch341
[    7.958737][    T1] usbserial: USB Serial support registered for ch341-uart
[    7.961196][    T1] usbcore: registered new interface driver cp210x
[    7.964144][    T1] usbserial: USB Serial support registered for cp210x
[    7.966996][    T1] usbcore: registered new interface driver cyberjack
[    7.969600][    T1] usbserial: USB Serial support registered for Reiner SCT Cyberjack USB card reader
[    7.973262][    T1] usbcore: registered new interface driver cypress_m8
[    7.975389][    T1] usbserial: USB Serial support registered for DeLorme Earthmate USB
[    7.977729][    T1] usbserial: USB Serial support registered for HID->COM RS232 Adapter
[    7.980125][    T1] usbserial: USB Serial support registered for Nokia CA-42 V2 Adapter
[    7.984977][    T1] usbcore: registered new interface driver usb_debug
[    7.988089][    T1] usbserial: USB Serial support registered for debug
[    7.993582][    T1] usbserial: USB Serial support registered for xhci_dbc
[    7.998317][    T1] usbcore: registered new interface driver digi_acceleport
[    8.002403][    T1] usbserial: USB Serial support registered for Digi 2 port USB adapter
[    8.009989][    T1] usbserial: USB Serial support registered for Digi 4 port USB adapter
[    8.018071][    T1] usbcore: registered new interface driver io_edgeport
[    8.020252][    T1] usbserial: USB Serial support registered for Edgeport 2 port adapter
[    8.022935][    T1] usbserial: USB Serial support registered for Edgeport 4 port adapter
[    8.029829][    T1] usbserial: USB Serial support registered for Edgeport 8 port adapter
[    8.035613][    T1] usbserial: USB Serial support registered for EPiC device
[    8.041310][    T1] usbcore: registered new interface driver io_ti
[    8.043333][    T1] usbserial: USB Serial support registered for Edgeport TI 1 port adapter
[    8.051147][    T1] usbserial: USB Serial support registered for Edgeport TI 2 port adapter
[    8.055084][    T1] usbcore: registered new interface driver empeg
[    8.057465][    T1] usbserial: USB Serial support registered for empeg
[    8.059931][    T1] usbcore: registered new interface driver f81534a_ctrl
[    8.062531][    T1] usbcore: registered new interface driver f81232
[    8.067513][    T1] usbserial: USB Serial support registered for f81232
[    8.072054][    T1] usbserial: USB Serial support registered for f81534a
[    8.074873][    T1] usbcore: registered new interface driver f81534
[    8.077195][    T1] usbserial: USB Serial support registered for Fintek F81532/F81534
[    8.081953][    T1] usbcore: registered new interface driver ftdi_sio
[    8.086789][    T1] usbserial: USB Serial support registered for FTDI USB Serial Device
[    8.089830][    T1] usbcore: registered new interface driver garmin_gps
[    8.091956][    T1] usbserial: USB Serial support registered for Garmin GPS usb/tty
[    8.094755][    T1] usbcore: registered new interface driver ipaq
[    8.099974][    T1] usbserial: USB Serial support registered for PocketPC PDA
[    8.103040][    T1] usbcore: registered new interface driver ipw
[    8.105583][    T1] usbserial: USB Serial support registered for IPWireless converter
[    8.110510][    T1] usbcore: registered new interface driver ir_usb
[    8.115100][    T1] usbserial: USB Serial support registered for IR Dongle
[    8.117944][    T1] usbcore: registered new interface driver iuu_phoenix
[    8.120330][    T1] usbserial: USB Serial support registered for iuu_phoenix
[    8.122902][    T1] usbcore: registered new interface driver keyspan
[    8.127501][    T1] usbserial: USB Serial support registered for Keyspan - (without firmware)
[    8.136194][    T1] usbserial: USB Serial support registered for Keyspan 1 port adapter
[    8.140192][    T1] usbserial: USB Serial support registered for Keyspan 2 port adapter
[    8.145094][    T1] usbserial: USB Serial support registered for Keyspan 4 port adapter
[    8.149840][    T1] usbcore: registered new interface driver keyspan_pda
[    8.153802][    T1] usbserial: USB Serial support registered for Keyspan PDA
[    8.158780][    T1] usbserial: USB Serial support registered for Keyspan PDA - (prerenumeration)
[    8.166749][    T1] usbcore: registered new interface driver kl5kusb105
[    8.169265][    T1] usbserial: USB Serial support registered for KL5KUSB105D / PalmConnect
[    8.172220][    T1] usbcore: registered new interface driver kobil_sct
[    8.176093][    T1] usbserial: USB Serial support registered for KOBIL USB smart card terminal
[    8.181868][    T1] usbcore: registered new interface driver mct_u232
[    8.186134][    T1] usbserial: USB Serial support registered for MCT U232
[    8.188982][    T1] usbcore: registered new interface driver metro_usb
[    8.192349][    T1] usbserial: USB Serial support registered for Metrologic USB to Serial
[    8.195817][    T1] usbcore: registered new interface driver mos7720
[    8.198204][    T1] usbserial: USB Serial support registered for Moschip 2 port adapter
[    8.204377][    T1] usbcore: registered new interface driver mos7840
[    8.208668][    T1] usbserial: USB Serial support registered for Moschip 7840/7820 USB Serial Driver
[    8.216085][    T1] usbcore: registered new interface driver mxuport
[    8.218494][    T1] usbserial: USB Serial support registered for MOXA UPort
[    8.221063][    T1] usbcore: registered new interface driver navman
[    8.224326][    T1] usbserial: USB Serial support registered for navman
[    8.226891][    T1] usbcore: registered new interface driver omninet
[    8.229013][    T1] usbserial: USB Serial support registered for ZyXEL - omni.net usb
[    8.232593][    T1] usbcore: registered new interface driver opticon
[    8.239105][    T1] usbserial: USB Serial support registered for opticon
[    8.242078][    T1] usbcore: registered new interface driver option
[    8.245626][    T1] usbserial: USB Serial support registered for GSM modem (1-port)
[    8.248632][    T1] usbcore: registered new interface driver oti6858
[    8.251758][    T1] usbserial: USB Serial support registered for oti6858
[    8.262664][    T1] usbcore: registered new interface driver pl2303
[    8.265784][    T1] usbserial: USB Serial support registered for pl2303
[    8.268441][    T1] usbcore: registered new interface driver qcaux
[    8.270887][    T1] usbserial: USB Serial support registered for qcaux
[    8.274713][    T1] usbcore: registered new interface driver qcserial
[    8.277893][    T1] usbserial: USB Serial support registered for Qualcomm USB modem
[    8.281719][    T1] usbcore: registered new interface driver quatech2
[    8.285024][    T1] usbserial: USB Serial support registered for Quatech 2nd gen USB to Serial Driver
[    8.288307][    T1] usbcore: registered new interface driver safe_serial
[    8.290596][    T1] usbserial: USB Serial support registered for safe_serial
[    8.296822][    T1] usbcore: registered new interface driver sierra
[    8.299873][    T1] usbserial: USB Serial support registered for Sierra USB modem
[    8.302839][    T1] usbcore: registered new interface driver usb_serial_simple
[    8.305339][    T1] usbserial: USB Serial support registered for carelink
[    8.307601][    T1] usbserial: USB Serial support registered for flashloader
[    8.310848][    T1] usbserial: USB Serial support registered for funsoft
[    8.313723][    T1] usbserial: USB Serial support registered for google
[    8.316099][    T1] usbserial: USB Serial support registered for hp4x
[    8.318662][    T1] usbserial: USB Serial support registered for kaufmann
[    8.321078][    T1] usbserial: USB Serial support registered for libtransistor
[    8.324560][    T1] usbserial: USB Serial support registered for moto_modem
[    8.327103][    T1] usbserial: USB Serial support registered for motorola_tetra
[    8.331371][    T1] usbserial: USB Serial support registered for nokia
[    8.335136][    T1] usbserial: USB Serial support registered for novatel_gps
[    8.337004][    T1] usbserial: USB Serial support registered for siemens_mpi
[    8.339509][    T1] usbserial: USB Serial support registered for suunto
[    8.342333][    T1] usbserial: USB Serial support registered for vivopay
[    8.348580][    T1] usbserial: USB Serial support registered for zio
[    8.355683][    T1] usbcore: registered new interface driver spcp8x5
[    8.358281][    T1] usbserial: USB Serial support registered for SPCP8x5
[    8.360783][    T1] usbcore: registered new interface driver ssu100
[    8.363487][    T1] usbserial: USB Serial support registered for Quatech SSU-100 USB to Serial Driver
[    8.368324][    T1] usbcore: registered new interface driver symbolserial
[    8.370613][    T1] usbserial: USB Serial support registered for symbol
[    8.372853][    T1] usbcore: registered new interface driver ti_usb_3410_5052
[    8.376177][    T1] usbserial: USB Serial support registered for TI USB 3410 1 port adapter
[    8.378897][    T1] usbserial: USB Serial support registered for TI USB 5052 2 port adapter
[    8.381807][    T1] usbcore: registered new interface driver upd78f0730
[    8.384145][    T1] usbserial: USB Serial support registered for upd78f0730
[    8.387578][    T1] usbcore: registered new interface driver visor
[    8.393256][    T1] usbserial: USB Serial support registered for Handspring Visor / Palm OS
[    8.398339][    T1] usbserial: USB Serial support registered for Sony Clie 5.0
[    8.400750][    T1] usbserial: USB Serial support registered for Sony Clie 3.5
[    8.403325][    T1] usbcore: registered new interface driver wishbone_serial
[    8.405779][    T1] usbserial: USB Serial support registered for wishbone_serial
[    8.409020][    T1] usbcore: registered new interface driver whiteheat
[    8.411572][    T1] usbserial: USB Serial support registered for Connect Tech - WhiteHEAT - (prerenumeration)
[    8.415420][    T1] usbserial: USB Serial support registered for Connect Tech - WhiteHEAT
[    8.419633][    T1] usbcore: registered new interface driver xr_serial
[    8.422124][    T1] usbserial: USB Serial support registered for xr_serial
[    8.425309][    T1] usbcore: registered new interface driver xsens_mt
[    8.431319][    T1] usbserial: USB Serial support registered for xsens_mt
[    8.434244][    T1] usbcore: registered new interface driver adutux
[    8.436514][    T1] usbcore: registered new interface driver appledisplay
[    8.438851][    T1] usbcore: registered new interface driver cypress_cy7c63
[    8.441200][    T1] usbcore: registered new interface driver cytherm
[    8.444431][    T1] usbcore: registered new interface driver emi26 - firmware loader
[    8.447275][    T1] usbcore: registered new interface driver emi62 - firmware loader
[    8.450104][    T1] usbcore: registered new device driver apple-mfi-fastcharge
[    8.452348][    T1] usbcore: registered new interface driver ljca
[    8.457714][    T1] usbcore: registered new interface driver idmouse
[    8.459772][    T1] usbcore: registered new interface driver iowarrior
[    8.462905][    T1] usbcore: registered new interface driver isight_firmware
[    8.467704][    T1] usbcore: registered new interface driver usblcd
[    8.470316][    T1] usbcore: registered new interface driver ldusb
[    8.476095][    T1] usbcore: registered new interface driver legousbtower
[    8.478417][    T1] usbcore: registered new interface driver usbtest
[    8.480540][    T1] usbcore: registered new interface driver usb_ehset_test
[    8.482758][    T1] usbcore: registered new interface driver trancevibrator
[    8.485538][    T1] usbcore: registered new interface driver uss720
[    8.489203][    T1] uss720: USB Parport Cable driver for Cables using the Lucent Technologies USS720 Chip
[    8.494833][    T1] uss720: NOTE: this is a special purpose driver to allow nonstandard
[    8.497870][    T1] uss720: protocols (eg. bitbang) over USS720 usb to parallel cables
[    8.500274][    T1] uss720: If you just want to connect to a printer, use usblp instead
[    8.502895][    T1] usbcore: registered new interface driver usbsevseg
[    8.505314][    T1] usbcore: registered new interface driver yurex
[    8.508805][    T1] usbcore: registered new interface driver chaoskey
[    8.512093][    T1] usbcore: registered new interface driver sisusb
[    8.515989][    T1] usbcore: registered new interface driver lvs
[    8.518298][    T1] usbcore: registered new interface driver cxacru
[    8.520386][    T1] usbcore: registered new interface driver speedtch
[    8.522664][    T1] usbcore: registered new interface driver ueagle-atm
[    8.525138][    T1] xusbatm: malformed module parameters
[    8.530735][    T1] dummy_hcd dummy_hcd.0: USB Host+Gadget Emulator, driver 02 May 2005
[    8.535158][    T1] dummy_hcd dummy_hcd.0: Dummy host controller
[    8.539843][    T1] dummy_hcd dummy_hcd.0: new USB bus registered, assigned bus number 1
[    8.550881][    T1] usb usb1: New USB device found, idVendor=1d6b, idProduct=0002, bcdDevice= 6.12
[    8.554208][    T1] usb usb1: New USB device strings: Mfr=3, Product=2, SerialNumber=1
[    8.556770][    T1] usb usb1: Product: Dummy host controller
[    8.561274][    T1] usb usb1: Manufacturer: Linux 6.12.0-rc1-00004-g4222b9dc9c65-dirty dummy_hcd
[    8.564363][    T1] usb usb1: SerialNumber: dummy_hcd.0
[    8.570843][    T1] hub 1-0:1.0: USB hub found
[    8.572642][    T1] hub 1-0:1.0: 1 port detected
[    8.582653][    T1] SPI driver max3420-udc has no spi_device_id for maxim,max3421-udc
[    8.589075][    T1] gadgetfs: USB Gadget filesystem, version 24 Aug 2004
[    8.593878][    T1] vhci_hcd vhci_hcd.0: USB/IP Virtual Host Controller
[    8.596811][    T1] vhci_hcd vhci_hcd.0: new USB bus registered, assigned bus number 2
[    8.601055][    T1] vhci_hcd: created sysfs vhci_hcd.0
[    8.606336][    T1] usb usb2: New USB device found, idVendor=1d6b, idProduct=0002, bcdDevice= 6.12
[    8.609399][    T1] usb usb2: New USB device strings: Mfr=3, Product=2, SerialNumber=1
[    8.611395][    T1] usb usb2: Product: USB/IP Virtual Host Controller
[    8.613872][    T1] usb usb2: Manufacturer: Linux 6.12.0-rc1-00004-g4222b9dc9c65-dirty vhci_hcd
[    8.617058][    T1] usb usb2: SerialNumber: vhci_hcd.0
[    8.624659][    T1] hub 2-0:1.0: USB hub found
[    8.626986][    T1] hub 2-0:1.0: 8 ports detected
[    8.632619][    T1] vhci_hcd vhci_hcd.0: USB/IP Virtual Host Controller
[    8.637185][    T1] vhci_hcd vhci_hcd.0: new USB bus registered, assigned bus number 3
[    8.640374][    T1] usb usb3: We don't know the algorithms for LPM for this host, disabling LPM.
[    8.643932][    T1] usb usb3: New USB device found, idVendor=1d6b, idProduct=0003, bcdDevice= 6.12
[    8.647151][    T1] usb usb3: New USB device strings: Mfr=3, Product=2, SerialNumber=1
[    8.649763][    T1] usb usb3: Product: USB/IP Virtual Host Controller
[    8.652138][    T1] usb usb3: Manufacturer: Linux 6.12.0-rc1-00004-g4222b9dc9c65-dirty vhci_hcd
[    8.657255][    T1] usb usb3: SerialNumber: vhci_hcd.0
[    8.664777][    T1] hub 3-0:1.0: USB hub found
[    8.667657][    T1] hub 3-0:1.0: 8 ports detected
[    8.674564][    T1] vhci_hcd vhci_hcd.1: USB/IP Virtual Host Controller
[    8.678932][    T1] vhci_hcd vhci_hcd.1: new USB bus registered, assigned bus number 4
[    8.681918][    T1] usb usb4: New USB device found, idVendor=1d6b, idProduct=0002, bcdDevice= 6.12
[    8.685312][    T1] usb usb4: New USB device strings: Mfr=3, Product=2, SerialNumber=1
[    8.688282][    T1] usb usb4: Product: USB/IP Virtual Host Controller
[    8.690759][    T1] usb usb4: Manufacturer: Linux 6.12.0-rc1-00004-g4222b9dc9c65-dirty vhci_hcd
[    8.695012][    T1] usb usb4: SerialNumber: vhci_hcd.1
[    8.700556][    T1] hub 4-0:1.0: USB hub found
[    8.702395][    T1] hub 4-0:1.0: 8 ports detected
[    8.709261][    T1] vhci_hcd vhci_hcd.1: USB/IP Virtual Host Controller
[    8.716896][    T1] vhci_hcd vhci_hcd.1: new USB bus registered, assigned bus number 5
[    8.719646][    T1] usb usb5: We don't know the algorithms for LPM for this host, disabling LPM.
[    8.722780][    T1] usb usb5: New USB device found, idVendor=1d6b, idProduct=0003, bcdDevice= 6.12
[    8.725569][    T1] usb usb5: New USB device strings: Mfr=3, Product=2, SerialNumber=1
[    8.729122][    T1] usb usb5: Product: USB/IP Virtual Host Controller
[    8.731948][    T1] usb usb5: Manufacturer: Linux 6.12.0-rc1-00004-g4222b9dc9c65-dirty vhci_hcd
[    8.736137][    T1] usb usb5: SerialNumber: vhci_hcd.1
[    8.740592][    T1] hub 5-0:1.0: USB hub found
[    8.742271][    T1] hub 5-0:1.0: 8 ports detected
[    8.752573][    T1] vhci_hcd vhci_hcd.2: USB/IP Virtual Host Controller
[    8.757286][    T1] vhci_hcd vhci_hcd.2: new USB bus registered, assigned bus number 6
[    8.764151][    T1] usb usb6: New USB device found, idVendor=1d6b, idProduct=0002, bcdDevice= 6.12
[    8.767809][    T1] usb usb6: New USB device strings: Mfr=3, Product=2, SerialNumber=1
[    8.770357][    T1] usb usb6: Product: USB/IP Virtual Host Controller
[    8.772395][    T1] usb usb6: Manufacturer: Linux 6.12.0-rc1-00004-g4222b9dc9c65-dirty vhci_hcd
[    8.775127][    T1] usb usb6: SerialNumber: vhci_hcd.2
[    8.779818][    T1] hub 6-0:1.0: USB hub found
[    8.781613][    T1] hub 6-0:1.0: 8 ports detected
[    8.786303][    T1] vhci_hcd vhci_hcd.2: USB/IP Virtual Host Controller
[    8.789315][    T1] vhci_hcd vhci_hcd.2: new USB bus registered, assigned bus number 7
[    8.793437][    T1] usb usb7: We don't know the algorithms for LPM for this host, disabling LPM.
[    8.797518][    T1] usb usb7: New USB device found, idVendor=1d6b, idProduct=0003, bcdDevice= 6.12
[    8.800941][    T1] usb usb7: New USB device strings: Mfr=3, Product=2, SerialNumber=1
[    8.804326][    T1] usb usb7: Product: USB/IP Virtual Host Controller
[    8.807053][    T1] usb usb7: Manufacturer: Linux 6.12.0-rc1-00004-g4222b9dc9c65-dirty vhci_hcd
[    8.809691][    T1] usb usb7: SerialNumber: vhci_hcd.2
[    8.814650][    T1] hub 7-0:1.0: USB hub found
[    8.816463][    T1] hub 7-0:1.0: 8 ports detected
[    8.824535][    T1] vhci_hcd vhci_hcd.3: USB/IP Virtual Host Controller
[    8.828200][    T1] vhci_hcd vhci_hcd.3: new USB bus registered, assigned bus number 8
[    8.831139][    T1] usb usb8: New USB device found, idVendor=1d6b, idProduct=0002, bcdDevice= 6.12
[    8.834345][    T1] usb usb8: New USB device strings: Mfr=3, Product=2, SerialNumber=1
[    8.840132][    T1] usb usb8: Product: USB/IP Virtual Host Controller
[    8.842464][    T1] usb usb8: Manufacturer: Linux 6.12.0-rc1-00004-g4222b9dc9c65-dirty vhci_hcd
[    8.849609][    T1] usb usb8: SerialNumber: vhci_hcd.3
[    8.853519][    T1] hub 8-0:1.0: USB hub found
[    8.855108][    T1] hub 8-0:1.0: 8 ports detected
[    8.859566][    T1] vhci_hcd vhci_hcd.3: USB/IP Virtual Host Controller
[    8.862436][    T1] vhci_hcd vhci_hcd.3: new USB bus registered, assigned bus number 9
[    8.865780][    T1] usb usb9: We don't know the algorithms for LPM for this host, disabling LPM.
[    8.869445][    T1] usb usb9: New USB device found, idVendor=1d6b, idProduct=0003, bcdDevice= 6.12
[    8.872576][    T1] usb usb9: New USB device strings: Mfr=3, Product=2, SerialNumber=1
[    8.875433][    T1] usb usb9: Product: USB/IP Virtual Host Controller
[    8.877558][    T1] usb usb9: Manufacturer: Linux 6.12.0-rc1-00004-g4222b9dc9c65-dirty vhci_hcd
[    8.880670][    T1] usb usb9: SerialNumber: vhci_hcd.3
[    8.889094][    T1] hub 9-0:1.0: USB hub found
[    8.890642][    T1] hub 9-0:1.0: 8 ports detected
[    8.899628][    T1] vhci_hcd vhci_hcd.4: USB/IP Virtual Host Controller
[    8.902887][    T1] vhci_hcd vhci_hcd.4: new USB bus registered, assigned bus number 10
[    8.906428][    T1] usb usb10: New USB device found, idVendor=1d6b, idProduct=0002, bcdDevice= 6.12
[    8.909570][    T1] usb usb10: New USB device strings: Mfr=3, Product=2, SerialNumber=1
[    8.913068][    T1] usb usb10: Product: USB/IP Virtual Host Controller
[    8.916103][    T1] usb usb10: Manufacturer: Linux 6.12.0-rc1-00004-g4222b9dc9c65-dirty vhci_hcd
[    8.918722][    T1] usb usb10: SerialNumber: vhci_hcd.4
[    8.923493][    T1] hub 10-0:1.0: USB hub found
[    8.925346][    T1] hub 10-0:1.0: 8 ports detected
[    8.933039][    T1] vhci_hcd vhci_hcd.4: USB/IP Virtual Host Controller
[    8.936332][    T1] vhci_hcd vhci_hcd.4: new USB bus registered, assigned bus number 11
[    8.939401][    T1] usb usb11: We don't know the algorithms for LPM for this host, disabling LPM.
[    8.942834][    T1] usb usb11: New USB device found, idVendor=1d6b, idProduct=0003, bcdDevice= 6.12
[    8.946985][    T1] usb usb11: New USB device strings: Mfr=3, Product=2, SerialNumber=1
[    8.949710][    T1] usb usb11: Product: USB/IP Virtual Host Controller
[    8.955319][    T1] usb usb11: Manufacturer: Linux 6.12.0-rc1-00004-g4222b9dc9c65-dirty vhci_hcd
[    8.958660][    T1] usb usb11: SerialNumber: vhci_hcd.4
[    8.966369][    T1] hub 11-0:1.0: USB hub found
[    8.967957][    T1] hub 11-0:1.0: 8 ports detected
[    8.974291][    T1] vhci_hcd vhci_hcd.5: USB/IP Virtual Host Controller
[    8.977228][    T1] vhci_hcd vhci_hcd.5: new USB bus registered, assigned bus number 12
[    8.980203][    T1] usb usb12: New USB device found, idVendor=1d6b, idProduct=0002, bcdDevice= 6.12
[    8.985552][    T1] usb usb12: New USB device strings: Mfr=3, Product=2, SerialNumber=1
[    8.988429][    T1] usb usb12: Product: USB/IP Virtual Host Controller
[    8.990512][    T1] usb usb12: Manufacturer: Linux 6.12.0-rc1-00004-g4222b9dc9c65-dirty vhci_hcd
[    8.993222][    T1] usb usb12: SerialNumber: vhci_hcd.5
[    8.996961][    T1] hub 12-0:1.0: USB hub found
[    8.998759][    T1] hub 12-0:1.0: 8 ports detected
[    9.003512][    T1] vhci_hcd vhci_hcd.5: USB/IP Virtual Host Controller
[    9.006431][    T1] vhci_hcd vhci_hcd.5: new USB bus registered, assigned bus number 13
[    9.009640][    T1] usb usb13: We don't know the algorithms for LPM for this host, disabling LPM.
[    9.012796][    T1] usb usb13: New USB device found, idVendor=1d6b, idProduct=0003, bcdDevice= 6.12
[    9.016501][    T1] usb usb13: New USB device strings: Mfr=3, Product=2, SerialNumber=1
[    9.019714][    T1] usb usb13: Product: USB/IP Virtual Host Controller
[    9.022210][    T1] usb usb13: Manufacturer: Linux 6.12.0-rc1-00004-g4222b9dc9c65-dirty vhci_hcd
[    9.025255][    T1] usb usb13: SerialNumber: vhci_hcd.5
[    9.029797][    T1] hub 13-0:1.0: USB hub found
[    9.032328][    T1] hub 13-0:1.0: 8 ports detected
[    9.039933][    T1] vhci_hcd vhci_hcd.6: USB/IP Virtual Host Controller
[    9.043267][    T1] vhci_hcd vhci_hcd.6: new USB bus registered, assigned bus number 14
[    9.046447][    T1] usb usb14: New USB device found, idVendor=1d6b, idProduct=0002, bcdDevice= 6.12
[    9.049614][    T1] usb usb14: New USB device strings: Mfr=3, Product=2, SerialNumber=1
[    9.055385][    T1] usb usb14: Product: USB/IP Virtual Host Controller
[    9.057532][    T1] usb usb14: Manufacturer: Linux 6.12.0-rc1-00004-g4222b9dc9c65-dirty vhci_hcd
[    9.060993][    T1] usb usb14: SerialNumber: vhci_hcd.6
[    9.067170][    T1] hub 14-0:1.0: USB hub found
[    9.068881][    T1] hub 14-0:1.0: 8 ports detected
[    9.073994][    T1] vhci_hcd vhci_hcd.6: USB/IP Virtual Host Controller
[    9.080061][    T1] vhci_hcd vhci_hcd.6: new USB bus registered, assigned bus number 15
[    9.083817][    T1] usb usb15: We don't know the algorithms for LPM for this host, disabling LPM.
[    9.087358][    T1] usb usb15: New USB device found, idVendor=1d6b, idProduct=0003, bcdDevice= 6.12
[    9.090808][    T1] usb usb15: New USB device strings: Mfr=3, Product=2, SerialNumber=1
[    9.095677][    T1] usb usb15: Product: USB/IP Virtual Host Controller
[    9.098989][    T1] usb usb15: Manufacturer: Linux 6.12.0-rc1-00004-g4222b9dc9c65-dirty vhci_hcd
[    9.102409][    T1] usb usb15: SerialNumber: vhci_hcd.6
[    9.107537][    T1] hub 15-0:1.0: USB hub found
[    9.109177][    T1] hub 15-0:1.0: 8 ports detected
[    9.115032][    T1] vhci_hcd vhci_hcd.7: USB/IP Virtual Host Controller
[    9.118583][    T1] vhci_hcd vhci_hcd.7: new USB bus registered, assigned bus number 16
[    9.122019][    T1] usb usb16: New USB device found, idVendor=1d6b, idProduct=0002, bcdDevice= 6.12
[    9.125108][    T1] usb usb16: New USB device strings: Mfr=3, Product=2, SerialNumber=1
[    9.127655][    T1] usb usb16: Product: USB/IP Virtual Host Controller
[    9.129874][    T1] usb usb16: Manufacturer: Linux 6.12.0-rc1-00004-g4222b9dc9c65-dirty vhci_hcd
[    9.136609][    T1] usb usb16: SerialNumber: vhci_hcd.7
[    9.141682][    T1] hub 16-0:1.0: USB hub found
[    9.143766][    T1] hub 16-0:1.0: 8 ports detected
[    9.149300][    T1] vhci_hcd vhci_hcd.7: USB/IP Virtual Host Controller
[    9.159668][    T1] vhci_hcd vhci_hcd.7: new USB bus registered, assigned bus number 17
[    9.162558][    T1] usb usb17: We don't know the algorithms for LPM for this host, disabling LPM.
[    9.166374][    T1] usb usb17: New USB device found, idVendor=1d6b, idProduct=0003, bcdDevice= 6.12
[    9.170719][    T1] usb usb17: New USB device strings: Mfr=3, Product=2, SerialNumber=1
[    9.175424][    T1] usb usb17: Product: USB/IP Virtual Host Controller
[    9.179966][    T1] usb usb17: Manufacturer: Linux 6.12.0-rc1-00004-g4222b9dc9c65-dirty vhci_hcd
[    9.182940][    T1] usb usb17: SerialNumber: vhci_hcd.7
[    9.190577][    T1] hub 17-0:1.0: USB hub found
[    9.193487][    T1] hub 17-0:1.0: 8 ports detected
[    9.200619][    T1] vhci_hcd vhci_hcd.8: USB/IP Virtual Host Controller
[    9.203406][    T1] vhci_hcd vhci_hcd.8: new USB bus registered, assigned bus number 18
[    9.206581][    T1] usb usb18: New USB device found, idVendor=1d6b, idProduct=0002, bcdDevice= 6.12
[    9.210760][    T1] usb usb18: New USB device strings: Mfr=3, Product=2, SerialNumber=1
[    9.214334][    T1] usb usb18: Product: USB/IP Virtual Host Controller
[    9.216418][    T1] usb usb18: Manufacturer: Linux 6.12.0-rc1-00004-g4222b9dc9c65-dirty vhci_hcd
[    9.220147][    T1] usb usb18: SerialNumber: vhci_hcd.8
[    9.225409][    T1] hub 18-0:1.0: USB hub found
[    9.227010][    T1] hub 18-0:1.0: 8 ports detected
[    9.233032][    T1] vhci_hcd vhci_hcd.8: USB/IP Virtual Host Controller
[    9.237480][    T1] vhci_hcd vhci_hcd.8: new USB bus registered, assigned bus number 19
[    9.241403][    T1] usb usb19: We don't know the algorithms for LPM for this host, disabling LPM.
[    9.251166][    T1] usb usb19: New USB device found, idVendor=1d6b, idProduct=0003, bcdDevice= 6.12
[    9.255245][    T1] usb usb19: New USB device strings: Mfr=3, Product=2, SerialNumber=1
[    9.257942][    T1] usb usb19: Product: USB/IP Virtual Host Controller
[    9.260146][    T1] usb usb19: Manufacturer: Linux 6.12.0-rc1-00004-g4222b9dc9c65-dirty vhci_hcd
[    9.263373][    T1] usb usb19: SerialNumber: vhci_hcd.8
[    9.268204][    T1] hub 19-0:1.0: USB hub found
[    9.270449][    T1] hub 19-0:1.0: 8 ports detected
[    9.277092][    T1] vhci_hcd vhci_hcd.9: USB/IP Virtual Host Controller
[    9.280664][    T1] vhci_hcd vhci_hcd.9: new USB bus registered, assigned bus number 20
[    9.283809][    T1] usb usb20: New USB device found, idVendor=1d6b, idProduct=0002, bcdDevice= 6.12
[    9.286745][    T1] usb usb20: New USB device strings: Mfr=3, Product=2, SerialNumber=1
[    9.289419][    T1] usb usb20: Product: USB/IP Virtual Host Controller
[    9.291797][    T1] usb usb20: Manufacturer: Linux 6.12.0-rc1-00004-g4222b9dc9c65-dirty vhci_hcd
[    9.296819][    T1] usb usb20: SerialNumber: vhci_hcd.9
[    9.301727][    T1] hub 20-0:1.0: USB hub found
[    9.305265][    T1] hub 20-0:1.0: 8 ports detected
[    9.310827][    T1] vhci_hcd vhci_hcd.9: USB/IP Virtual Host Controller
[    9.315408][    T1] vhci_hcd vhci_hcd.9: new USB bus registered, assigned bus number 21
[    9.318815][    T1] usb usb21: We don't know the algorithms for LPM for this host, disabling LPM.
[    9.322219][    T1] usb usb21: New USB device found, idVendor=1d6b, idProduct=0003, bcdDevice= 6.12
[    9.325334][    T1] usb usb21: New USB device strings: Mfr=3, Product=2, SerialNumber=1
[    9.327869][    T1] usb usb21: Product: USB/IP Virtual Host Controller
[    9.330052][    T1] usb usb21: Manufacturer: Linux 6.12.0-rc1-00004-g4222b9dc9c65-dirty vhci_hcd
[    9.333465][    T1] usb usb21: SerialNumber: vhci_hcd.9
[    9.341483][    T1] hub 21-0:1.0: USB hub found
[    9.343405][    T1] hub 21-0:1.0: 8 ports detected
[    9.353367][    T1] vhci_hcd vhci_hcd.10: USB/IP Virtual Host Controller
[    9.356435][    T1] vhci_hcd vhci_hcd.10: new USB bus registered, assigned bus number 22
[    9.359790][    T1] usb usb22: New USB device found, idVendor=1d6b, idProduct=0002, bcdDevice= 6.12
[    9.363040][    T1] usb usb22: New USB device strings: Mfr=3, Product=2, SerialNumber=1
[    9.366854][    T1] usb usb22: Product: USB/IP Virtual Host Controller
[    9.370214][    T1] usb usb22: Manufacturer: Linux 6.12.0-rc1-00004-g4222b9dc9c65-dirty vhci_hcd
[    9.373935][    T1] usb usb22: SerialNumber: vhci_hcd.10
[    9.379445][    T1] hub 22-0:1.0: USB hub found
[    9.381369][    T1] hub 22-0:1.0: 8 ports detected
[    9.387065][    T1] vhci_hcd vhci_hcd.10: USB/IP Virtual Host Controller
[    9.390265][    T1] vhci_hcd vhci_hcd.10: new USB bus registered, assigned bus number 23
[    9.393870][    T1] usb usb23: We don't know the algorithms for LPM for this host, disabling LPM.
[    9.397656][    T1] usb usb23: New USB device found, idVendor=1d6b, idProduct=0003, bcdDevice= 6.12
[    9.402316][    T1] usb usb23: New USB device strings: Mfr=3, Product=2, SerialNumber=1
[    9.406340][    T1] usb usb23: Product: USB/IP Virtual Host Controller
[    9.413871][    T1] usb usb23: Manufacturer: Linux 6.12.0-rc1-00004-g4222b9dc9c65-dirty vhci_hcd
[    9.417088][    T1] usb usb23: SerialNumber: vhci_hcd.10
[    9.423872][    T1] hub 23-0:1.0: USB hub found
[    9.425606][    T1] hub 23-0:1.0: 8 ports detected
[    9.432392][    T1] vhci_hcd vhci_hcd.11: USB/IP Virtual Host Controller
[    9.437111][    T1] vhci_hcd vhci_hcd.11: new USB bus registered, assigned bus number 24
[    9.440397][    T1] usb usb24: New USB device found, idVendor=1d6b, idProduct=0002, bcdDevice= 6.12
[    9.443541][    T1] usb usb24: New USB device strings: Mfr=3, Product=2, SerialNumber=1
[    9.446132][    T1] usb usb24: Product: USB/IP Virtual Host Controller
[    9.448819][    T1] usb usb24: Manufacturer: Linux 6.12.0-rc1-00004-g4222b9dc9c65-dirty vhci_hcd
[    9.452882][    T1] usb usb24: SerialNumber: vhci_hcd.11
[    9.458316][    T1] hub 24-0:1.0: USB hub found
[    9.460153][    T1] hub 24-0:1.0: 8 ports detected
[    9.465184][    T1] vhci_hcd vhci_hcd.11: USB/IP Virtual Host Controller
[    9.470645][    T1] vhci_hcd vhci_hcd.11: new USB bus registered, assigned bus number 25
[    9.474089][    T1] usb usb25: We don't know the algorithms for LPM for this host, disabling LPM.
[    9.477795][    T1] usb usb25: New USB device found, idVendor=1d6b, idProduct=0003, bcdDevice= 6.12
[    9.480821][    T1] usb usb25: New USB device strings: Mfr=3, Product=2, SerialNumber=1
[    9.483479][    T1] usb usb25: Product: USB/IP Virtual Host Controller
[    9.486275][    T1] usb usb25: Manufacturer: Linux 6.12.0-rc1-00004-g4222b9dc9c65-dirty vhci_hcd
[    9.489955][    T1] usb usb25: SerialNumber: vhci_hcd.11
[    9.494401][    T1] hub 25-0:1.0: USB hub found
[    9.496160][    T1] hub 25-0:1.0: 8 ports detected
[    9.502396][    T1] vhci_hcd vhci_hcd.12: USB/IP Virtual Host Controller
[    9.505597][    T1] vhci_hcd vhci_hcd.12: new USB bus registered, assigned bus number 26
[    9.509209][    T1] usb usb26: New USB device found, idVendor=1d6b, idProduct=0002, bcdDevice= 6.12
[    9.514349][    T1] usb usb26: New USB device strings: Mfr=3, Product=2, SerialNumber=1
[    9.517203][    T1] usb usb26: Product: USB/IP Virtual Host Controller
[    9.519490][    T1] usb usb26: Manufacturer: Linux 6.12.0-rc1-00004-g4222b9dc9c65-dirty vhci_hcd
[    9.522643][    T1] usb usb26: SerialNumber: vhci_hcd.12
[    9.527897][    T1] hub 26-0:1.0: USB hub found
[    9.529913][    T1] hub 26-0:1.0: 8 ports detected
[    9.535404][    T1] vhci_hcd vhci_hcd.12: USB/IP Virtual Host Controller
[    9.538377][    T1] vhci_hcd vhci_hcd.12: new USB bus registered, assigned bus number 27
[    9.541281][    T1] usb usb27: We don't know the algorithms for LPM for this host, disabling LPM.
[    9.545481][    T1] usb usb27: New USB device found, idVendor=1d6b, idProduct=0003, bcdDevice= 6.12
[    9.547966][    T1] usb usb27: New USB device strings: Mfr=3, Product=2, SerialNumber=1
[    9.551166][    T1] usb usb27: Product: USB/IP Virtual Host Controller
[    9.554005][    T1] usb usb27: Manufacturer: Linux 6.12.0-rc1-00004-g4222b9dc9c65-dirty vhci_hcd
[    9.557170][    T1] usb usb27: SerialNumber: vhci_hcd.12
[    9.562061][    T1] hub 27-0:1.0: USB hub found
[    9.565358][    T1] hub 27-0:1.0: 8 ports detected
[    9.573067][    T1] vhci_hcd vhci_hcd.13: USB/IP Virtual Host Controller
[    9.576748][    T1] vhci_hcd vhci_hcd.13: new USB bus registered, assigned bus number 28
[    9.580222][    T1] usb usb28: New USB device found, idVendor=1d6b, idProduct=0002, bcdDevice= 6.12
[    9.583258][    T1] usb usb28: New USB device strings: Mfr=3, Product=2, SerialNumber=1
[    9.587411][    T1] usb usb28: Product: USB/IP Virtual Host Controller
[    9.590132][    T1] usb usb28: Manufacturer: Linux 6.12.0-rc1-00004-g4222b9dc9c65-dirty vhci_hcd
[    9.593038][    T1] usb usb28: SerialNumber: vhci_hcd.13
[    9.597673][    T1] hub 28-0:1.0: USB hub found
[    9.599846][    T1] hub 28-0:1.0: 8 ports detected
[    9.604922][    T1] vhci_hcd vhci_hcd.13: USB/IP Virtual Host Controller
[    9.608460][    T1] vhci_hcd vhci_hcd.13: new USB bus registered, assigned bus number 29
[    9.611396][    T1] usb usb29: We don't know the algorithms for LPM for this host, disabling LPM.
[    9.614943][    T1] usb usb29: New USB device found, idVendor=1d6b, idProduct=0003, bcdDevice= 6.12
[    9.618086][    T1] usb usb29: New USB device strings: Mfr=3, Product=2, SerialNumber=1
[    9.620728][    T1] usb usb29: Product: USB/IP Virtual Host Controller
[    9.623511][    T1] usb usb29: Manufacturer: Linux 6.12.0-rc1-00004-g4222b9dc9c65-dirty vhci_hcd
[    9.626588][    T1] usb usb29: SerialNumber: vhci_hcd.13
[    9.631249][    T1] hub 29-0:1.0: USB hub found
[    9.633614][    T1] hub 29-0:1.0: 8 ports detected
[    9.640660][    T1] vhci_hcd vhci_hcd.14: USB/IP Virtual Host Controller
[    9.645971][    T1] vhci_hcd vhci_hcd.14: new USB bus registered, assigned bus number 30
[    9.649189][    T1] usb usb30: New USB device found, idVendor=1d6b, idProduct=0002, bcdDevice= 6.12
[    9.652065][    T1] usb usb30: New USB device strings: Mfr=3, Product=2, SerialNumber=1
[    9.657403][    T1] usb usb30: Product: USB/IP Virtual Host Controller
[    9.659697][    T1] usb usb30: Manufacturer: Linux 6.12.0-rc1-00004-g4222b9dc9c65-dirty vhci_hcd
[    9.663793][    T1] usb usb30: SerialNumber: vhci_hcd.14
[    9.668496][    T1] hub 30-0:1.0: USB hub found
[    9.670129][    T1] hub 30-0:1.0: 8 ports detected
[    9.676590][    T1] vhci_hcd vhci_hcd.14: USB/IP Virtual Host Controller
[    9.680796][    T1] vhci_hcd vhci_hcd.14: new USB bus registered, assigned bus number 31
[    9.684553][    T1] usb usb31: We don't know the algorithms for LPM for this host, disabling LPM.
[    9.688340][    T1] usb usb31: New USB device found, idVendor=1d6b, idProduct=0003, bcdDevice= 6.12
[    9.691501][    T1] usb usb31: New USB device strings: Mfr=3, Product=2, SerialNumber=1
[    9.694174][    T1] usb usb31: Product: USB/IP Virtual Host Controller
[    9.696397][    T1] usb usb31: Manufacturer: Linux 6.12.0-rc1-00004-g4222b9dc9c65-dirty vhci_hcd
[    9.699645][    T1] usb usb31: SerialNumber: vhci_hcd.14
[    9.706543][    T1] hub 31-0:1.0: USB hub found
[    9.708480][    T1] hub 31-0:1.0: 8 ports detected
[    9.718339][    T1] vhci_hcd vhci_hcd.15: USB/IP Virtual Host Controller
[    9.722385][    T1] vhci_hcd vhci_hcd.15: new USB bus registered, assigned bus number 32
[    9.727110][    T1] usb usb32: New USB device found, idVendor=1d6b, idProduct=0002, bcdDevice= 6.12
[    9.730928][    T1] usb usb32: New USB device strings: Mfr=3, Product=2, SerialNumber=1
[    9.733361][    T1] usb usb32: Product: USB/IP Virtual Host Controller
[    9.735539][    T1] usb usb32: Manufacturer: Linux 6.12.0-rc1-00004-g4222b9dc9c65-dirty vhci_hcd
[    9.738453][    T1] usb usb32: SerialNumber: vhci_hcd.15
[    9.743335][    T1] hub 32-0:1.0: USB hub found
[    9.749250][    T1] hub 32-0:1.0: 8 ports detected
[    9.755075][    T1] vhci_hcd vhci_hcd.15: USB/IP Virtual Host Controller
[    9.758525][    T1] vhci_hcd vhci_hcd.15: new USB bus registered, assigned bus number 33
[    9.767422][    T1] usb usb33: We don't know the algorithms for LPM for this host, disabling LPM.
[    9.771316][    T1] usb usb33: New USB device found, idVendor=1d6b, idProduct=0003, bcdDevice= 6.12
[    9.774328][    T1] usb usb33: New USB device strings: Mfr=3, Product=2, SerialNumber=1
[    9.777209][    T1] usb usb33: Product: USB/IP Virtual Host Controller
[    9.779758][    T1] usb usb33: Manufacturer: Linux 6.12.0-rc1-00004-g4222b9dc9c65-dirty vhci_hcd
[    9.784430][    T1] usb usb33: SerialNumber: vhci_hcd.15
[    9.790278][    T1] hub 33-0:1.0: USB hub found
[    9.791998][    T1] hub 33-0:1.0: 8 ports detected
[    9.801419][    T1] usbcore: registered new device driver usbip-host
[    9.813181][    T1] i8042: PNP: PS/2 Controller [PNP0303:KBD,PNP0f13:MOU] at 0x60,0x64 irq 1,12
[    9.820332][    T1] serio: i8042 KBD port at 0x60,0x64 irq 1
[    9.823343][    T1] serio: i8042 AUX port at 0x60,0x64 irq 12
[    9.828214][    T1] mousedev: PS/2 mouse device common for all mice
[    9.832364][    T1] usbcore: registered new interface driver appletouch
[    9.833739][   T25] input: AT Translated Set 2 keyboard as /devices/platform/i8042/serio0/input/input1
[    9.836451][    T1] usbcore: registered new interface driver bcm5974
[    9.843949][    T1] usbcore: registered new interface driver synaptics_usb
[    9.847640][    T1] usbcore: registered new interface driver iforce
[    9.850349][    T1] usbcore: registered new interface driver pxrc
[    9.855378][    T1] usbcore: registered new interface driver xpad
[    9.858904][    T1] usbcore: registered new interface driver usb_acecad
[    9.868696][    T1] usbcore: registered new interface driver aiptek
[    9.871390][    T1] usbcore: registered new interface driver hanwang
[    9.874993][    T1] usbcore: registered new interface driver kbtab
[    9.880701][    T1] usbcore: registered new interface driver pegasus_notetaker
[    9.886178][    T1] usbcore: registered new interface driver usbtouchscreen
[    9.890650][    T1] usbcore: registered new interface driver sur40
[    9.892812][    T1] usbcore: registered new interface driver ati_remote2
[    9.894973][    T1] cm109: Keymap for Komunikate KIP1000 phone loaded
[    9.897416][    T1] usbcore: registered new interface driver cm109
[    9.900200][    T1] cm109: CM109 phone driver: 20080805 (C) Alfred E. Heggestad
[    9.906220][    T1] usbcore: registered new interface driver ims_pcu
[    9.908511][    T1] usbcore: registered new interface driver keyspan_remote
[    9.910777][    T1] usbcore: registered new interface driver powermate
[    9.915614][    T1] usbcore: registered new interface driver yealink
[    9.921151][    T1] rtc_cmos 00:05: RTC can wake from S4
[    9.928044][    T1] rtc_cmos 00:05: registered as rtc0
[    9.929889][    T1] rtc_cmos 00:05: alarms up to one day, y3k, 242 bytes nvram, hpet irqs
[    9.934564][    T1] i2c_dev: i2c /dev entries driver
[    9.937293][    T1] usbcore: registered new interface driver i2c-diolan-u2c
[    9.940083][    T1] usbcore: registered new interface driver i2c-cp2615
[    9.942620][    T1] usbcore: registered new interface driver RobotFuzz Open Source InterFace, OSIF
[    9.950475][    T1] usbcore: registered new interface driver i2c-tiny-usb
[    9.957246][    T1] usbcore: registered new interface driver igorplugusb
[    9.959538][    T1] usbcore: registered new interface driver iguanair
[    9.963208][    T1] usbcore: registered new interface driver imon
[    9.967857][    T1] usbcore: registered new interface driver imon_raw
[    9.971007][    T1] usbcore: registered new interface driver mceusb
[    9.975527][    T1] usbcore: registered new interface driver redrat3
[    9.980293][    T1] usbcore: registered new interface driver streamzap
[    9.982979][    T1] usbcore: registered new interface driver ir_toy
[    9.985269][    T1] usbcore: registered new interface driver ttusbir
[    9.987805][    T1] usbcore: registered new interface driver ati_remote
[    9.997261][    T1] usbcore: registered new interface driver xbox_remote
[    9.999744][    T1] b2c2-flexcop: B2C2 FlexcopII/II(b)/III digital TV receiver chip loaded successfully
[   10.007298][    T1] usbcore: registered new interface driver b2c2_flexcop_usb
[   10.013159][    T1] usbcore: registered new interface driver dvb_usb_vp7045
[   10.015625][    T1] usbcore: registered new interface driver dvb_usb_vp702x
[   10.017842][    T1] usbcore: registered new interface driver dvb_usb_gp8psk
[   10.020793][    T1] usbcore: registered new interface driver dvb_usb_dtt200u
[   10.023084][    T1] usbcore: registered new interface driver dvb_usb_a800
[   10.026381][    T1] usbcore: registered new interface driver dvb_usb_dibusb_mb
[   10.029467][    T1] usbcore: registered new interface driver dvb_usb_dibusb_mc
[   10.032281][    T1] usbcore: registered new interface driver dvb_usb_nova_t_usb2
[   10.035168][    T1] usbcore: registered new interface driver dvb_usb_umt_010
[   10.038005][    T1] usbcore: registered new interface driver dvb_usb_m920x
[   10.040544][    T1] usbcore: registered new interface driver dvb_usb_digitv
[   10.047062][    T1] usbcore: registered new interface driver dvb_usb_cxusb
[   10.049935][    T1] usbcore: registered new interface driver dvb_usb_ttusb2
[   10.052460][    T1] usbcore: registered new interface driver dvb_usb_dib0700
[   10.056018][    T1] usbcore: registered new interface driver opera1
[   10.058677][    T1] usbcore: registered new interface driver dvb_usb_af9005
[   10.061060][    T1] failing symbol_get of non-GPLONLY symbol af9005_rc_decode.
[   10.067263][    T1] failing symbol_get of non-GPLONLY symbol af9005_rc_decode.
[   10.069536][    T1] failing symbol_get of non-GPLONLY symbol rc_map_af9005_table.
[   10.072733][    T1] failing symbol_get of non-GPLONLY symbol rc_map_af9005_table.
[   10.075440][    T1] failing symbol_get of non-GPLONLY symbol rc_map_af9005_table_size.
[   10.078988][    T1] failing symbol_get of non-GPLONLY symbol rc_map_af9005_table_size.
[   10.081633][    T1] af9005: af9005_rc_decode function not found, disabling remote
[   10.085491][    T1] usbcore: registered new interface driver pctv452e
[   10.087990][    T1] usbcore: registered new interface driver dw2102
[   10.090666][    T1] usbcore: registered new interface driver dvb_usb_dtv5100
[   10.094707][    T1] usbcore: registered new interface driver cinergyT2
[   10.097139][    T1] usbcore: registered new interface driver dvb_usb_az6027
[   10.100948][    T1] usbcore: registered new interface driver dvb_usb_technisat_usb2
[   10.106486][    T1] usbcore: registered new interface driver dvb_usb_af9015
[   10.109965][    T1] usbcore: registered new interface driver dvb_usb_af9035
[   10.112320][    T1] usbcore: registered new interface driver dvb_usb_anysee
[   10.114900][    T1] usbcore: registered new interface driver dvb_usb_au6610
[   10.117363][    T1] usbcore: registered new interface driver dvb_usb_az6007
[   10.120302][    T1] usbcore: registered new interface driver dvb_usb_ce6230
[   10.125050][    T1] usbcore: registered new interface driver dvb_usb_ec168
[   10.127528][    T1] usbcore: registered new interface driver dvb_usb_lmedm04
[   10.129909][    T1] usbcore: registered new interface driver dvb_usb_gl861
[   10.137346][    T1] usbcore: registered new interface driver dvb_usb_mxl111sf
[   10.141170][    T1] usbcore: registered new interface driver dvb_usb_rtl28xxu
[   10.143957][    T1] usbcore: registered new interface driver dvb_usb_dvbsky
[   10.146359][    T1] usbcore: registered new interface driver zd1301
[   10.148578][    T1] usbcore: registered new interface driver s2255
[   10.150704][    T1] usbcore: registered new interface driver smsusb
[   10.156437][    T1] usbcore: registered new interface driver ttusb
[   10.165412][    T1] usbcore: registered new interface driver ttusb-dec
[   10.170370][    T1] usbcore: registered new interface driver Abilis Systems as10x usb driver
[   10.174663][    T1] usbcore: registered new interface driver airspy
[   10.176687][    T1] gspca_main: v2.14.0 registered
[   10.178208][    T1] usbcore: registered new interface driver benq
[   10.180273][    T1] usbcore: registered new interface driver conex
[   10.182372][    T1] usbcore: registered new interface driver cpia1
[   10.184545][    T1] usbcore: registered new interface driver dtcs033
[   10.186873][    T1] usbcore: registered new interface driver etoms
[   10.189681][    T1] usbcore: registered new interface driver finepix
[   10.191971][    T1] usbcore: registered new interface driver jeilinj
[   10.195800][    T1] usbcore: registered new interface driver jl2005bcd
[   10.198152][    T1] usbcore: registered new interface driver kinect
[   10.201674][    T1] usbcore: registered new interface driver konica
[   10.205102][    T1] usbcore: registered new interface driver mars
[   10.207491][    T1] usbcore: registered new interface driver mr97310a
[   10.210090][    T1] usbcore: registered new interface driver nw80x
[   10.212382][    T1] usbcore: registered new interface driver ov519
[   10.215939][    T1] usbcore: registered new interface driver ov534
[   10.218176][    T1] usbcore: registered new interface driver ov534_9
[   10.220408][    T1] usbcore: registered new interface driver pac207
[   10.223075][    T1] usbcore: registered new interface driver gspca_pac7302
[   10.225513][    T1] usbcore: registered new interface driver pac7311
[   10.227965][    T1] usbcore: registered new interface driver se401
[   10.230777][    T1] usbcore: registered new interface driver sn9c2028
[   10.233071][    T1] usbcore: registered new interface driver gspca_sn9c20x
[   10.236032][    T1] usbcore: registered new interface driver sonixb
[   10.238431][    T1] usbcore: registered new interface driver sonixj
[   10.241146][    T1] usbcore: registered new interface driver spca500
[   10.244013][    T1] usbcore: registered new interface driver spca501
[   10.246715][    T1] usbcore: registered new interface driver spca505
[   10.249335][    T1] usbcore: registered new interface driver spca506
[   10.251509][    T1] usbcore: registered new interface driver spca508
[   10.254125][    T1] usbcore: registered new interface driver spca561
[   10.256480][    T1] usbcore: registered new interface driver spca1528
[   10.258881][    T1] usbcore: registered new interface driver sq905
[   10.261193][    T1] usbcore: registered new interface driver sq905c
[   10.263886][    T1] usbcore: registered new interface driver sq930x
[   10.266125][    T1] usbcore: registered new interface driver sunplus
[   10.268537][    T1] usbcore: registered new interface driver stk014
[   10.270857][    T1] usbcore: registered new interface driver stk1135
[   10.273163][    T1] usbcore: registered new interface driver stv0680
[   10.275475][    T1] usbcore: registered new interface driver t613
[   10.278435][    T1] usbcore: registered new interface driver gspca_topro
[   10.281420][    T1] usbcore: registered new interface driver touptek
[   10.284319][    T1] usbcore: registered new interface driver tv8532
[   10.286741][    T1] usbcore: registered new interface driver vc032x
[   10.289034][    T1] usbcore: registered new interface driver vicam
[   10.291205][    T1] usbcore: registered new interface driver xirlink-cit
[   10.293539][    T1] usbcore: registered new interface driver gspca_zc3xx
[   10.295845][    T1] usbcore: registered new interface driver ALi m5602
[   10.298835][    T1] usbcore: registered new interface driver STV06xx
[   10.301256][    T1] usbcore: registered new interface driver gspca_gl860
[   10.304339][    T1] usbcore: registered new interface driver hackrf
[   10.307391][    T1] usbcore: registered new interface driver msi2500
[   10.309534][    T1] usbcore: registered new interface driver Philips webcam
[   10.312173][    T1] usbcore: registered new interface driver uvcvideo
[   10.314247][    T1] au0828: au0828 driver loaded
[   10.316004][    T1] usbcore: registered new interface driver au0828
[   10.318591][    T1] usbcore: registered new interface driver cx231xx
[   10.321287][    T1] usbcore: registered new interface driver em28xx
[   10.325632][    T1] em28xx: Registered (Em28xx v4l2 Extension) extension
[   10.327940][    T1] em28xx: Registered (Em28xx Audio Extension) extension
[   10.330163][    T1] em28xx: Registered (Em28xx dvb Extension) extension
[   10.332379][    T1] em28xx: Registered (Em28xx Input Extension) extension
[   10.336176][    T1] usbcore: registered new interface driver go7007
[   10.338685][    T1] usbcore: registered new interface driver go7007-loader
[   10.343305][    T1] usbcore: registered new interface driver hdpvr
[   10.348695][    T1] usbcore: registered new interface driver pvrusb2
[   10.350608][    T1] pvrusb2: V4L in-tree version:Hauppauge WinTV-PVR-USB2 MPEG2 Encoder/Tuner
[   10.353208][    T1] pvrusb2: Debug mask is 31 (0x1f)
[   10.356286][    T1] usbcore: registered new interface driver stk1160
[   10.364686][    T1] usbcore: registered new interface driver usbtv
[   10.371207][    T1] dvbdev: DVB: registering new adapter (dvb_vidtv_bridge)
[   10.381207][    T1] i2c i2c-0: DVB: registering adapter 0 frontend 0 (Dummy demod for DVB-T/T2/C/S/S2)...
[   10.387412][    T1] dvbdev: dvb_create_media_entity: media entity 'Dummy demod for DVB-T/T2/C/S/S2' registered.
[   10.397982][    T1] dvbdev: dvb_create_media_entity: media entity 'dvb-demux' registered.
[   10.405776][    T1] vidtv vidtv.0: Successfully initialized vidtv!
[   10.409808][    T1] vicodec vicodec.0: Device 'stateful-encoder' registered as /dev/video0
[   10.415103][    T1] vicodec vicodec.0: Device 'stateful-decoder' registered as /dev/video1
[   10.419946][    T1] vicodec vicodec.0: Device 'stateless-decoder' registered as /dev/video2
[   10.425856][    T1] vim2m vim2m.0: Device registered as /dev/video0
[   10.449723][    T1] vivid-000: using single planar format API
[   10.482211][    T1] vivid-000: CEC adapter cec0 registered for HDMI input
[   10.485697][    T1] vivid-000: V4L2 capture device registered as video7
[   10.488539][    T1] vivid-000: CEC adapter cec1 registered for HDMI output 0
[   10.491468][    T1] vivid-000: V4L2 output device registered as video8
[   10.494739][    T1] vivid-000: V4L2 capture device registered as vbi0, supports raw and sliced VBI
[   10.498974][    T1] vivid-000: V4L2 output device registered as vbi1, supports raw and sliced VBI
[   10.502649][    T1] vivid-000: V4L2 capture device registered as swradio0
[   10.505435][    T1] vivid-000: V4L2 receiver device registered as radio0
[   10.510433][    T1] vivid-000: V4L2 transmitter device registered as radio1
[   10.517835][    T1] vivid-000: V4L2 metadata capture device registered as video9
[   10.521370][    T1] vivid-000: V4L2 metadata output device registered as video10
[   10.524533][    T1] vivid-000: V4L2 touch capture device registered as v4l-touch0
[   10.529920][    T1] usbcore: registered new interface driver radioshark2
[   10.534563][    T1] usbcore: registered new interface driver radioshark
[   10.537398][    T1] usbcore: registered new interface driver radio-si470x
[   10.540258][    T1] usbcore: registered new interface driver radio-usb-si4713
[   10.542780][    T1] usbcore: registered new interface driver dsbr100
[   10.545819][    T1] usbcore: registered new interface driver radio-keene
[   10.548386][    T1] usbcore: registered new interface driver radio-ma901
[   10.552034][    T1] usbcore: registered new interface driver radio-mr800
[   10.555804][    T1] usbcore: registered new interface driver radio-raremono
[   10.560100][    T1] usbcore: registered new interface driver powerz
[   10.562723][    T1] usbcore: registered new interface driver pcwd_usb
[   10.574007][   T25] psmouse serio1: pixart_ps2: init: Unable to query PixArt touchpad hardware.
[   10.588743][    T1] device-mapper: core: CONFIG_IMA_DISABLE_HTABLE is disabled. Duplicate IMA measurements will not be recorded in the IMA log.
[   10.595915][    T1] device-mapper: uevent: version 1.0.3
[   10.600196][    T1] device-mapper: ioctl: 4.48.0-ioctl (2023-03-01) initialised: dm-devel@lists.linux.dev
[   10.608319][    T1] device-mapper: multipath round-robin: version 1.2.0 loaded
[   10.610739][    T1] device-mapper: multipath queue-length: version 0.2.0 loaded
[   10.616098][    T1] device-mapper: multipath service-time: version 0.3.0 loaded
[   10.621441][    T1] Bluetooth: HCI UART driver ver 2.3
[   10.623534][    T1] Bluetooth: HCI UART protocol H4 registered
[   10.626273][    T1] Bluetooth: HCI UART protocol BCSP registered
[   10.628693][    T1] Bluetooth: HCI UART protocol LL registered
[   10.633493][    T1] Bluetooth: HCI UART protocol Three-wire (H5) registered
[   10.636905][    T1] Bluetooth: HCI UART protocol QCA registered
[   10.639746][    T1] Bluetooth: HCI UART protocol AG6XX registered
[   10.641969][    T1] Bluetooth: HCI UART protocol Marvell registered
[   10.645092][    T1] usbcore: registered new interface driver bcm203x
[   10.647374][    T1] usbcore: registered new interface driver bpa10x
[   10.652094][    T1] usbcore: registered new interface driver bfusb
[   10.655311][    T1] usbcore: registered new interface driver btusb
[   10.657824][    T1] usbcore: registered new interface driver ath3k
[   10.660421][    T1] Modular ISDN core version 1.1.29
[   10.663312][    T1] NET: Registered PF_ISDN protocol family
[   10.665854][    T1] DSP module 2.0
[   10.667250][    T1] mISDN_dsp: DSP clocks every 80 samples. This equals 1 jiffies.
[   10.679098][    T1] mISDN: Layer-1-over-IP driver Rev. 2.00
[   10.681607][    T1] 0 virtual devices registered
[   10.684937][    T1] usbcore: registered new interface driver HFC-S_USB
[   10.687847][    T1] intel_pstate: CPU model not supported
[   10.690247][    T1] VUB300 Driver rom wait states = 1C irqpoll timeout = 0400
[   10.695779][   T25] input: ImExPS/2 PixArt clickpad as /devices/platform/i8042/serio1/input/input3
[   10.713926][    T1] usbcore: registered new interface driver vub300
[   10.717670][    T1] usbcore: registered new interface driver ushc
[   10.736667][    T1] iscsi: registered transport (iser)
[   10.750533][    T1] SoftiWARP attached
[   10.773486][    T1] hid: raw HID events driver (C) Jiri Kosina
[   10.804001][    T1] usbcore: registered new interface driver usbhid
[   10.806506][    T1] usbhid: USB HID core driver
[   10.821742][    T1] usbcore: registered new interface driver es2_ap_driver
[   10.829510][    T1] comedi: version 0.7.76 - http://www.comedi.org
[   10.833461][    T1] usbcore: registered new interface driver dt9812
[   10.837423][    T1] usbcore: registered new interface driver ni6501
[   10.839866][    T1] usbcore: registered new interface driver usbdux
[   10.842676][    T1] usbcore: registered new interface driver usbduxfast
[   10.846298][    T1] usbcore: registered new interface driver usbduxsigma
[   10.849124][    T1] usbcore: registered new interface driver vmk80xx
[   10.851471][    T1] usbcore: registered new interface driver r8712u
[   10.854642][    T1] greybus: registered new driver hid
[   10.856670][    T1] greybus: registered new driver gbphy
[   10.859139][    T1] gb_gbphy: registered new driver usb
[   10.862459][    T1] asus_wmi: ASUS WMI generic driver loaded
[   10.869278][    T1] gnss: GNSS driver registered with major 493
[   10.871908][    T1] usbcore: registered new interface driver gnss-usb
[   10.876534][    T1] usbcore: registered new interface driver hdm_usb
[   10.917563][    T1] usbcore: registered new interface driver snd-usb-audio
[   10.925773][    T1] usbcore: registered new interface driver snd-ua101
[   10.928157][    T1] usbcore: registered new interface driver snd-usb-usx2y
[   10.930532][    T1] usbcore: registered new interface driver snd-usb-us122l
[   10.938319][    T1] usbcore: registered new interface driver snd-usb-caiaq
[   10.942013][    T1] usbcore: registered new interface driver snd-usb-6fire
[   10.945876][    T1] usbcore: registered new interface driver snd-usb-hiface
[   10.948399][    T1] usbcore: registered new interface driver snd-bcd2000
[   10.950748][    T1] usbcore: registered new interface driver snd_usb_pod
[   10.955717][    T1] usbcore: registered new interface driver snd_usb_podhd
[   10.959276][    T1] usbcore: registered new interface driver snd_usb_toneport
[   10.965547][    T1] usbcore: registered new interface driver snd_usb_variax
[   10.970614][    T1] drop_monitor: Initializing network drop monitor service
