c[?7l[2J[0mSeaBIOS (version 1.16.2-debian-1.16.2-1)


iPXE (http://ipxe.org) 00:03.0 CA00 PCI2.10 PnP PMM+BEFCEF00+BEF0EF00 CA00
Press Ctrl-B to configure iPXE (PCI 00:03.0)...                                                                               


Booting from ROM..c[?7l[2J[0m.[    0.000000] Linux version 6.1.61-g4a61839152cc-dirty (root@buildkitsandbox) (gcc (Debian 12.2.0-14+deb12u1) 12.2.0, GNU ld (GNU Binutils for Debian) 2.40) #1 SMP PREEMPT_DYNAMIC Tue May  5 10:28:40 UTC 2026
[    0.000000] Command line: console=ttyS0 oops=panic nokaslr rdinit=/init
[    0.000000] BIOS-provided physical RAM map:
[    0.000000] BIOS-e820: [mem 0x0000000000000000-0x000000000009fbff] usable
[    0.000000] BIOS-e820: [mem 0x000000000009fc00-0x000000000009ffff] reserved
[    0.000000] BIOS-e820: [mem 0x00000000000f0000-0x00000000000fffff] reserved
[    0.000000] BIOS-e820: [mem 0x0000000000100000-0x00000000bffdffff] usable
[    0.000000] BIOS-e820: [mem 0x00000000bffe0000-0x00000000bfffffff] reserved
[    0.000000] BIOS-e820: [mem 0x00000000feffc000-0x00000000feffffff] reserved
[    0.000000] BIOS-e820: [mem 0x00000000fffc0000-0x00000000ffffffff] reserved
[    0.000000] BIOS-e820: [mem 0x0000000100000000-0x000000023fffffff] usable
[    0.000000] NX (Execute Disable) protection: active
[    0.000000] SMBIOS 2.8 present.
[    0.000000] DMI: QEMU Standard PC (i440FX + PIIX, 1996), BIOS 1.16.2-debian-1.16.2-1 04/01/2014
[    0.000000] Hypervisor detected: KVM
[    0.000000] kvm-clock: Using msrs 4b564d01 and 4b564d00
[    0.000001] kvm-clock: using sched offset of 278056077 cycles
[    0.000002] clocksource: kvm-clock: mask: 0xffffffffffffffff max_cycles: 0x1cd42e4dffb, max_idle_ns: 881590591483 ns
[    0.000005] tsc: Detected 3187.200 MHz processor
[    0.000269] last_pfn = 0x240000 max_arch_pfn = 0x400000000
[    0.000294] x86/PAT: Configuration [0-7]: WB  WC  UC- UC  WB  WP  UC- WT  
[    0.000298] last_pfn = 0xbffe0 max_arch_pfn = 0x400000000
[    0.004669] found SMP MP-table at [mem 0x000f5ba0-0x000f5baf]
[    0.004682] Using GB pages for direct mapping
[    0.004683] Incomplete global flushes, disabling PCID
[    0.005673] RAMDISK: [mem 0xbfe93000-0xbffdffff]
[    0.005679] ACPI: Early table checksum verification disabled
[    0.005682] ACPI: RSDP 0x00000000000F59B0 000014 (v00 BOCHS )
[    0.005686] ACPI: RSDT 0x00000000BFFE1B33 000034 (v01 BOCHS  BXPC     00000001 BXPC 00000001)
[    0.005692] ACPI: FACP 0x00000000BFFE19DF 000074 (v01 BOCHS  BXPC     00000001 BXPC 00000001)
[    0.005697] ACPI: DSDT 0x00000000BFFE0040 00199F (v01 BOCHS  BXPC     00000001 BXPC 00000001)
[    0.005701] ACPI: FACS 0x00000000BFFE0000 000040
[    0.005704] ACPI: APIC 0x00000000BFFE1A53 000080 (v01 BOCHS  BXPC     00000001 BXPC 00000001)
[    0.005706] ACPI: HPET 0x00000000BFFE1AD3 000038 (v01 BOCHS  BXPC     00000001 BXPC 00000001)
[    0.005708] ACPI: WAET 0x00000000BFFE1B0B 000028 (v01 BOCHS  BXPC     00000001 BXPC 00000001)
[    0.005710] ACPI: Reserving FACP table memory at [mem 0xbffe19df-0xbffe1a52]
[    0.005712] ACPI: Reserving DSDT table memory at [mem 0xbffe0040-0xbffe19de]
[    0.005712] ACPI: Reserving FACS table memory at [mem 0xbffe0000-0xbffe003f]
[    0.005713] ACPI: Reserving APIC table memory at [mem 0xbffe1a53-0xbffe1ad2]
[    0.005714] ACPI: Reserving HPET table memory at [mem 0xbffe1ad3-0xbffe1b0a]
[    0.005714] ACPI: Reserving WAET table memory at [mem 0xbffe1b0b-0xbffe1b32]
[    0.005899] No NUMA configuration found
[    0.005899] Faking a node at [mem 0x0000000000000000-0x000000023fffffff]
[    0.005902] NODE_DATA(0) allocated [mem 0x23fffa000-0x23fffdfff]
[    0.005934] Zone ranges:
[    0.005935]   DMA      [mem 0x0000000000001000-0x0000000000ffffff]
[    0.005936]   DMA32    [mem 0x0000000001000000-0x00000000ffffffff]
[    0.005937]   Normal   [mem 0x0000000100000000-0x000000023fffffff]
[    0.005938] Movable zone start for each node
[    0.005938] Early memory node ranges
[    0.005939]   node   0: [mem 0x0000000000001000-0x000000000009efff]
[    0.005940]   node   0: [mem 0x0000000000100000-0x00000000bffdffff]
[    0.005940]   node   0: [mem 0x0000000100000000-0x000000023fffffff]
[    0.005941] Initmem setup node 0 [mem 0x0000000000001000-0x000000023fffffff]
[    0.006101] On node 0, zone DMA: 1 pages in unavailable ranges
[    0.006235] On node 0, zone DMA: 97 pages in unavailable ranges
[    0.161419] On node 0, zone Normal: 32 pages in unavailable ranges
[    2.171352] kasan: KernelAddressSanitizer initialized
[    2.171561] ACPI: PM-Timer IO Port: 0x608
[    2.171574] ACPI: LAPIC_NMI (acpi_id[0xff] dfl dfl lint[0x1])
[    2.171603] IOAPIC[0]: apic_id 0, version 17, address 0xfec00000, GSI 0-23
[    2.171607] ACPI: INT_SRC_OVR (bus 0 bus_irq 0 global_irq 2 dfl dfl)
[    2.171609] ACPI: INT_SRC_OVR (bus 0 bus_irq 5 global_irq 5 high level)
[    2.171609] ACPI: INT_SRC_OVR (bus 0 bus_irq 9 global_irq 9 high level)
[    2.171610] ACPI: INT_SRC_OVR (bus 0 bus_irq 10 global_irq 10 high level)
[    2.171611] ACPI: INT_SRC_OVR (bus 0 bus_irq 11 global_irq 11 high level)
[    2.171614] ACPI: Using ACPI (MADT) for SMP configuration information
[    2.171615] ACPI: HPET id: 0x8086a201 base: 0xfed00000
[    2.171624] TSC deadline timer available
[    2.171626] smpboot: Allowing 2 CPUs, 0 hotplug CPUs
[    2.171651] kvm-guest: KVM setup pv remote TLB flush
[    2.171654] kvm-guest: setup PV sched yield
[    2.171668] PM: hibernation: Registered nosave memory: [mem 0x00000000-0x00000fff]
[    2.171671] PM: hibernation: Registered nosave memory: [mem 0x0009f000-0x0009ffff]
[    2.171672] PM: hibernation: Registered nosave memory: [mem 0x000a0000-0x000effff]
[    2.171673] PM: hibernation: Registered nosave memory: [mem 0x000f0000-0x000fffff]
[    2.171674] PM: hibernation: Registered nosave memory: [mem 0xbffe0000-0xbfffffff]
[    2.171675] PM: hibernation: Registered nosave memory: [mem 0xc0000000-0xfeffbfff]
[    2.171675] PM: hibernation: Registered nosave memory: [mem 0xfeffc000-0xfeffffff]
[    2.171676] PM: hibernation: Registered nosave memory: [mem 0xff000000-0xfffbffff]
[    2.171676] PM: hibernation: Registered nosave memory: [mem 0xfffc0000-0xffffffff]
[    2.171677] [mem 0xc0000000-0xfeffbfff] available for PCI devices
[    2.171678] Booting paravirtualized kernel on KVM
[    2.171680] clocksource: refined-jiffies: mask: 0xffffffff max_cycles: 0xffffffff, max_idle_ns: 1910969940391419 ns
[    2.178362] setup_percpu: NR_CPUS:64 nr_cpumask_bits:2 nr_cpu_ids:2 nr_node_ids:1
[    2.212869] percpu: Embedded 64 pages/cpu s225128 r8192 d28824 u1048576
[    2.212925] Fallback order for Node 0: 0 
[    2.212928] Built 1 zonelists, mobility grouping on.  Total pages: 2064096
[    2.212930] Policy zone: Normal
[    2.212931] Kernel command line: console=ttyS0 oops=panic nokaslr rdinit=/init
[    2.213054] random: crng init done
[    2.217175] Dentry cache hash table entries: 1048576 (order: 11, 8388608 bytes, linear)
[    2.219774] Inode-cache hash table entries: 524288 (order: 10, 4194304 bytes, linear)
[    2.219815] mem auto-init: stack:all(zero), heap alloc:off, heap free:off
[    2.223787] stackdepot hash table entries: 1048576 (order: 11, 8388608 bytes, linear)
[    2.223799] software IO TLB: area num 2.
[    2.416165] Memory: 7038088K/8388088K available (40973K kernel code, 7118K rwdata, 7332K rodata, 2020K init, 2508K bss, 1349744K reserved, 0K cma-reserved)
[    2.416302] SLUB: HWalign=64, Order=0-3, MinObjects=0, CPUs=2, Nodes=1
[    2.417328] Dynamic Preempt: voluntary
[    2.417621] rcu: Preemptible hierarchical RCU implementation.
[    2.417622] rcu: 	RCU event tracing is enabled.
[    2.417623] rcu: 	RCU restricting CPUs from NR_CPUS=64 to nr_cpu_ids=2.
[    2.417624] 	Trampoline variant of Tasks RCU enabled.
[    2.417625] rcu: RCU calculated value of scheduler-enlistment delay is 100 jiffies.
[    2.417626] rcu: Adjusting geometry for rcu_fanout_leaf=16, nr_cpu_ids=2
[    2.422313] NR_IRQS: 4352, nr_irqs: 440, preallocated irqs: 16
[    2.422536] rcu: srcu_init: Setting srcu_struct sizes based on contention.
[    2.424823] Console: colour VGA+ 80x25
[    2.462679] printk: console [ttyS0] enabled
[    2.462928] ACPI: Core revision 20220331
[    2.463286] clocksource: hpet: mask: 0xffffffff max_cycles: 0xffffffff, max_idle_ns: 19112604467 ns
[    2.463842] APIC: Switch to symmetric I/O mode setup
[    2.464269] kvm-guest: setup PV IPIs
[    2.465105] ..TIMER: vector=0x30 apic1=0 pin1=2 apic2=-1 pin2=-1
[    2.465453] clocksource: tsc-early: mask: 0xffffffffffffffff max_cycles: 0x2df10e7656b, max_idle_ns: 440795364873 ns
[    2.466161] Calibrating delay loop (skipped) preset value.. 6374.40 BogoMIPS (lpj=3187200)
[    2.466695] x86/cpu: User Mode Instruction Prevention (UMIP) activated
[    2.467220] Last level iTLB entries: 4KB 0, 2MB 0, 4MB 0
[    2.467519] Last level dTLB entries: 4KB 0, 2MB 0, 4MB 0, 1GB 0
[    2.468163] Spectre V1 : Mitigation: usercopy/swapgs barriers and __user pointer sanitization
[    2.468640] Spectre V2 : Mitigation: Enhanced IBRS
[    2.468908] Spectre V2 : Spectre v2 / SpectreRSB mitigation: Filling RSB on context switch
[    2.469158] Spectre V2 : Spectre v2 / PBRSB-eIBRS: Retire a single CALL on VMEXIT
[    2.469579] Spectre V2 : mitigation: Enabling conditional Indirect Branch Prediction Barrier
[    2.470157] Speculative Store Bypass: Mitigation: Speculative Store Bypass disabled via prctl
[    2.470629] MMIO Stale Data: Unknown: No mitigations
[    2.471173] x86/fpu: Supporting XSAVE feature 0x001: 'x87 floating point registers'
[    2.471614] x86/fpu: Supporting XSAVE feature 0x002: 'SSE registers'
[    2.472157] x86/fpu: Supporting XSAVE feature 0x004: 'AVX registers'
[    2.472519] x86/fpu: Supporting XSAVE feature 0x200: 'Protection Keys User registers'
[    2.472972] x86/fpu: xstate_offset[2]:  576, xstate_sizes[2]:  256
[    2.473157] x86/fpu: xstate_offset[9]:  832, xstate_sizes[9]:    8
[    2.473525] x86/fpu: Enabled xstate features 0x207, context size is 840 bytes, using 'compacted' format.
[    2.486151] Freeing SMP alternatives memory: 40K
[    2.486458] pid_max: default: 32768 minimum: 301
[    2.486769] LSM: Security Framework initializing
[    2.487055] SELinux:  Initializing.
[    2.487274] Mount-cache hash table entries: 16384 (order: 5, 131072 bytes, linear)
[    2.488034] Mountpoint-cache hash table entries: 16384 (order: 5, 131072 bytes, linear)
[    2.489180] smpboot: CPU0: Intel(R) Core(TM) i9-14900K (family: 0x6, model: 0xb7, stepping: 0x1)
[    2.489956] cblist_init_generic: Setting adjustable number of callback queues.
[    2.490158] cblist_init_generic: Setting shift to 1 and lim to 1.
[    2.490541] Performance Events: unsupported p6 CPU model 183 no PMU driver, software events only.
[    2.491070] signal: max sigframe size: 3632
[    2.491196] rcu: Hierarchical SRCU implementation.
[    2.491472] rcu: 	Max phase no-delay instances is 400.
[    2.492164] smp: Bringing up secondary CPUs ...
[    2.492651] x86: Booting SMP configuration:
[    2.492894] .... node  #0, CPUs:      #1
[    2.493206] smp: Brought up 1 node, 2 CPUs
[    2.493644] smpboot: Max logical packages: 1
[    2.493892] smpboot: Total of 2 processors activated (12748.80 BogoMIPS)
[    2.495159] devtmpfs: initialized
[    2.496580] clocksource: jiffies: mask: 0xffffffff max_cycles: 0xffffffff, max_idle_ns: 1911260446275000 ns
[    2.497162] futex hash table entries: 512 (order: 3, 32768 bytes, linear)
[    2.497670] PM: RTC time: 10:31:05, date: 2026-05-05
[    2.498134] NET: Registered PF_NETLINK/PF_ROUTE protocol family
[    2.498346] audit: initializing netlink subsys (disabled)
[    2.498715] audit: type=2000 audit(1777977066.121:1): state=initialized audit_enabled=0 res=1
[    2.498715] thermal_sys: Registered thermal governor 'step_wise'
[    2.499158] thermal_sys: Registered thermal governor 'user_space'
[    2.499552] cpuidle: using governor menu
[    2.500359] PCI: Using configuration type 1 for base access
[    2.506523] kprobes: kprobe jump-optimization is enabled. All kprobes are optimized if possible.
[    2.509555] HugeTLB: registered 2.00 MiB page size, pre-allocated 0 pages
[    2.510162] HugeTLB: 28 KiB vmemmap can be freed for a 2.00 MiB page
[    2.512156] ACPI: Added _OSI(Module Device)
[    2.513162] ACPI: Added _OSI(Processor Device)
[    2.513941] ACPI: Added _OSI(3.0 _SCP Extensions)
[    2.514161] ACPI: Added _OSI(Processor Aggregator Device)
[    2.524251] ACPI: 1 ACPI AML tables successfully acquired and loaded
[    2.528770] ACPI: Interpreter enabled
[    2.529018] ACPI: PM: (supports S0 S3 S4 S5)
[    2.529158] ACPI: Using IOAPIC for interrupt routing
[    2.529464] PCI: Using host bridge windows from ACPI; if necessary, use "pci=nocrs" and report a bug
[    2.529999] PCI: Using E820 reservations for host bridge windows
[    2.530493] ACPI: Enabled 2 GPEs in block 00 to 0F
[    2.540671] ACPI: PCI Root Bridge [PCI0] (domain 0000 [bus 00-ff])
[    2.541176] acpi PNP0A03:00: _OSC: OS supports [ASPM ClockPM Segments MSI HPX-Type3]
[    2.541705] acpi PNP0A03:00: _OSC: not requesting OS control; OS requires [ExtendedConfig ASPM ClockPM MSI]
[    2.542212] acpi PNP0A03:00: fail to add MMCONFIG information, can't access extended PCI configuration space under this bridge.
[    2.543048] PCI host bridge to bus 0000:00
[    2.543160] pci_bus 0000:00: root bus resource [io  0x0000-0x0cf7 window]
[    2.543561] pci_bus 0000:00: root bus resource [io  0x0d00-0xffff window]
[    2.543959] pci_bus 0000:00: root bus resource [mem 0x000a0000-0x000bffff window]
[    2.545159] pci_bus 0000:00: root bus resource [mem 0xc0000000-0xfebfffff window]
[    2.545591] pci_bus 0000:00: root bus resource [mem 0x240000000-0x2bfffffff window]
[    2.546037] pci_bus 0000:00: root bus resource [bus 00-ff]
[    2.546206] pci 0000:00:00.0: [8086:1237] type 00 class 0x060000
[    2.550304] pci 0000:00:01.0: [8086:7000] type 00 class 0x060100
[    2.554376] pci 0000:00:01.1: [8086:7010] type 00 class 0x010180
[    2.555594] pci 0000:00:01.1: reg 0x20: [io  0xc040-0xc04f]
[    2.556265] pci 0000:00:01.1: legacy IDE quirk: reg 0x10: [io  0x01f0-0x01f7]
[    2.556690] pci 0000:00:01.1: legacy IDE quirk: reg 0x14: [io  0x03f6]
[    2.557071] pci 0000:00:01.1: legacy IDE quirk: reg 0x18: [io  0x0170-0x0177]
[    2.557165] pci 0000:00:01.1: legacy IDE quirk: reg 0x1c: [io  0x0376]
[    2.557709] pci 0000:00:01.3: [8086:7113] type 00 class 0x068000
[    2.558271] pci 0000:00:01.3: quirk: [io  0x0600-0x063f] claimed by PIIX4 ACPI
[    2.558688] pci 0000:00:01.3: quirk: [io  0x0700-0x070f] claimed by PIIX4 SMB
[    2.559238] pci 0000:00:02.0: [1234:1111] type 00 class 0x030000
[    2.565485] pci 0000:00:02.0: reg 0x10: [mem 0xfd000000-0xfdffffff pref]
[    2.567994] pci 0000:00:02.0: reg 0x18: [mem 0xfebf0000-0xfebf0fff]
[    2.571235] pci 0000:00:02.0: reg 0x30: [mem 0xfebe0000-0xfebeffff pref]
[    2.572044] pci 0000:00:02.0: Video device with shadowed ROM at [mem 0x000c0000-0x000dffff]
[    2.577732] pci 0000:00:03.0: [8086:100e] type 00 class 0x020000
[    2.580303] pci 0000:00:03.0: reg 0x10: [mem 0xfebc0000-0xfebdffff]
[    2.581009] pci 0000:00:03.0: reg 0x14: [io  0xc000-0xc03f]
[    2.583864] pci 0000:00:03.0: reg 0x30: [mem 0xfeb80000-0xfebbffff pref]
[    2.589173] ACPI: PCI: Interrupt link LNKA configured for IRQ 10
[    2.589918] ACPI: PCI: Interrupt link LNKB configured for IRQ 10
[    2.590524] ACPI: PCI: Interrupt link LNKC configured for IRQ 11
[    2.591214] ACPI: PCI: Interrupt link LNKD configured for IRQ 11
[    2.591720] ACPI: PCI: Interrupt link LNKS configured for IRQ 9
[    2.593507] iommu: Default domain type: Translated 
[    2.593803] iommu: DMA domain TLB invalidation policy: lazy mode 
[    2.594640] SCSI subsystem initialized
[    2.595400] ACPI: bus type USB registered
[    2.595761] usbcore: registered new interface driver usbfs
[    2.596185] usbcore: registered new interface driver hub
[    2.596510] usbcore: registered new device driver usb
[    2.596896] pps_core: LinuxPPS API ver. 1 registered
[    2.597157] pps_core: Software ver. 5.3.6 - Copyright 2005-2007 Rodolfo Giometti <giometti@linux.it>
[    2.597695] PTP clock support registered
[    2.598199] Advanced Linux Sound Architecture Driver Initialized.
[    2.599165] NetLabel: Initializing
[    2.599367] NetLabel:  domain hash size = 128
[    2.599623] NetLabel:  protocols = UNLABELED CIPSOv4 CALIPSO
[    2.600026] NetLabel:  unlabeled traffic allowed by default
[    2.600377] PCI: Using ACPI for IRQ routing
[    2.601185] pci 0000:00:02.0: vgaarb: setting as boot VGA device
[    2.601529] pci 0000:00:02.0: vgaarb: bridge control possible
[    2.601863] pci 0000:00:02.0: vgaarb: VGA device added: decodes=io+mem,owns=io+mem,locks=none
[    2.602158] vgaarb: loaded
[    2.602608] hpet0: at MMIO 0xfed00000, IRQs 2, 8, 0
[    2.602895] hpet0: 3 comparators, 64-bit 100.000000 MHz counter
[    2.607247] clocksource: Switched to clocksource kvm-clock
[    2.608031] VFS: Disk quotas dquot_6.6.0
[    2.608213] VFS: Dquot-cache hash table entries: 512 (order 0, 4096 bytes)
[    2.608808] pnp: PnP ACPI init
[    2.610709] pnp: PnP ACPI: found 6 devices
[    2.618650] clocksource: acpi_pm: mask: 0xffffff max_cycles: 0xffffff, max_idle_ns: 2085701024 ns
[    2.619257] NET: Registered PF_INET protocol family
[    2.620140] IP idents hash table entries: 131072 (order: 8, 1048576 bytes, linear)
[    2.621858] tcp_listen_portaddr_hash hash table entries: 4096 (order: 4, 65536 bytes, linear)
[    2.622393] Table-perturb hash table entries: 65536 (order: 6, 262144 bytes, linear)
[    2.622867] TCP established hash table entries: 65536 (order: 7, 524288 bytes, linear)
[    2.623452] TCP bind hash table entries: 65536 (order: 9, 2097152 bytes, linear)
[    2.624962] TCP: Hash tables configured (established 65536 bind 65536)
[    2.625417] UDP hash table entries: 4096 (order: 5, 131072 bytes, linear)
[    2.625826] UDP-Lite hash table entries: 4096 (order: 5, 131072 bytes, linear)
[    2.626628] NET: Registered PF_UNIX/PF_LOCAL protocol family
[    2.627313] RPC: Registered named UNIX socket transport module.
[    2.627658] RPC: Registered udp transport module.
[    2.627931] RPC: Registered tcp transport module.
[    2.628202] RPC: Registered tcp NFSv4.1 backchannel transport module.
[    2.628892] pci_bus 0000:00: resource 4 [io  0x0000-0x0cf7 window]
[    2.629253] pci_bus 0000:00: resource 5 [io  0x0d00-0xffff window]
[    2.629608] pci_bus 0000:00: resource 6 [mem 0x000a0000-0x000bffff window]
[    2.630004] pci_bus 0000:00: resource 7 [mem 0xc0000000-0xfebfffff window]
[    2.630399] pci_bus 0000:00: resource 8 [mem 0x240000000-0x2bfffffff window]
[    2.630895] pci 0000:00:01.0: PIIX3: Enabling Passive Release
[    2.631235] pci 0000:00:00.0: Limiting direct PCI/PCI transfers
[    2.631611] PCI: CLS 0 bytes, default 64
[    2.631889] PCI-DMA: Using software bounce buffering for IO (SWIOTLB)
[    2.632261] software IO TLB: mapped [mem 0x00000000bbe93000-0x00000000bfe93000] (64MB)
[    2.632904] Unpacking initramfs...
[    2.635725] RAPL PMU: API unit is 2^-32 Joules, 0 fixed counters, 10737418240 ms ovfl timer
[    2.636248] clocksource: tsc: mask: 0xffffffffffffffff max_cycles: 0x2df10e7656b, max_idle_ns: 440795364873 ns
[    2.648735] Freeing initrd memory: 1332K
[    2.659181] Initialise system trusted keyrings
[    2.659564] workingset: timestamp_bits=56 max_order=21 bucket_order=0
[    2.665229] NFS: Registering the id_resolver key type
[    2.665552] Key type id_resolver registered
[    2.665808] Key type id_legacy registered
[    2.666133] 9p: Installing v9fs 9p2000 file system support
[    2.670870] Key type asymmetric registered
[    2.671165] Asymmetric key parser 'x509' registered
[    2.672310] Block layer SCSI generic (bsg) driver version 0.4 loaded (major 251)
[    2.672801] io scheduler mq-deadline registered
[    2.673069] io scheduler kyber registered
[    2.673582] input: Power Button as /devices/LNXSYSTM:00/LNXPWRBN:00/input/input0
[    2.674130] ACPI: button: Power Button [PWRF]
[    2.674912] Serial: 8250/16550 driver, 4 ports, IRQ sharing enabled
[    2.675408] 00:04: ttyS0 at I/O 0x3f8 (irq = 4, base_baud = 115200) is a 16550A
[    2.676490] Non-volatile memory driver v1.3
[    2.676740] Linux agpgart interface v0.103
[    2.681646] loop: module loaded
[    2.683840] scsi host0: ata_piix
[    2.684301] scsi host1: ata_piix
[    2.684575] ata1: PATA max MWDMA2 cmd 0x1f0 ctl 0x3f6 bmdma 0xc040 irq 14
[    2.684973] ata2: PATA max MWDMA2 cmd 0x170 ctl 0x376 bmdma 0xc048 irq 15
[    2.685850] e100: Intel(R) PRO/100 Network Driver
[    2.686125] e100: Copyright(c) 1999-2006 Intel Corporation
[    2.686460] e1000: Intel(R) PRO/1000 Network Driver
[    2.686748] e1000: Copyright (c) 1999-2006 Intel Corporation.
[    2.840857] ata2: found unknown device (class 0)
[    2.841589] ata2.00: ATAPI: QEMU DVD-ROM, 2.5+, max UDMA/100
[    2.842667] scsi 1:0:0:0: CD-ROM            QEMU     QEMU DVD-ROM     2.5+ PQ: 0 ANSI: 5
[    2.874967] sr 1:0:0:0: [sr0] scsi3-mmc drive: 4x/4x cd/rw xa/form2 tray
[    2.875363] cdrom: Uniform CD-ROM driver Revision: 3.20
[    2.894609] sr 1:0:0:0: Attached scsi generic sg0 type 5
[    3.015336] ACPI: \_SB_.LNKC: Enabled at IRQ 11
[    3.305211] e1000 0000:00:03.0 eth0: (PCI:33MHz:32-bit) 52:54:00:12:34:56
[    3.305651] e1000 0000:00:03.0 eth0: Intel(R) PRO/1000 Network Connection
[    3.306098] e1000e: Intel(R) PRO/1000 Network Driver
[    3.306392] e1000e: Copyright(c) 1999 - 2015 Intel Corporation.
[    3.306771] sky2: driver version 1.30
[    3.307512] usbcore: registered new interface driver usblp
[    3.307884] usbcore: registered new interface driver usb-storage
[    3.308318] i8042: PNP: PS/2 Controller [PNP0303:KBD,PNP0f13:MOU] at 0x60,0x64 irq 1,12
[    3.309279] serio: i8042 KBD port at 0x60,0x64 irq 1
[    3.309581] serio: i8042 AUX port at 0x60,0x64 irq 12
[    3.315606] rtc_cmos 00:05: RTC can wake from S4
[    3.316056] input: AT Translated Set 2 keyboard as /devices/platform/i8042/serio0/input/input1
[    3.317631] rtc_cmos 00:05: registered as rtc0
[    3.318584] rtc_cmos 00:05: alarms up to one day, y3k, 242 bytes nvram, hpet irqs
[    3.319610] device-mapper: ioctl: 4.47.0-ioctl (2022-07-28) initialised: dm-devel@redhat.com
[    3.320214] intel_pstate: CPU model not supported
[    3.320585] hid: raw HID events driver (C) Jiri Kosina
[    3.321342] usbcore: registered new interface driver usbhid
[    3.321732] usbhid: USB HID core driver
[    3.329442] Initializing XFRM netlink socket
[    3.330070] NET: Registered PF_INET6 protocol family
[    3.331164] Segment Routing with IPv6
[    3.331450] In-situ OAM (IOAM) with IPv6
[    3.331825] sit: IPv6, IPv4 and MPLS over IPv4 tunneling driver
[    3.332556] NET: Registered PF_PACKET protocol family
[    3.333017] 9pnet: Installing 9P2000 support
[    3.333385] Key type dns_resolver registered
[    3.334009] IPI shorthand broadcast: enabled
[    3.334320] sched_clock: Marking stable (3292266511, 41612876)->(3338108701, -4229314)
[    3.334939] registered taskstats version 1
[    3.335181] Loading compiled-in X.509 certificates
[    3.335678] cryptomgr_test (50) used greatest stack depth: 30904 bytes left
[    3.339273] cryptomgr_test (64) used greatest stack depth: 30528 bytes left
[    3.340600] PM:   Magic number: 10:904:526
[    3.340926] printk: console [netcon0] enabled
[    3.341191] netconsole: network logging started
[    3.341708] cfg80211: Loading compiled-in X.509 certificates for regulatory database
[    3.342684] kworker/u4:1 (72) used greatest stack depth: 29504 bytes left
[    3.344061] cfg80211: Loaded X.509 cert 'sforshee: 00b28ddf47aef9cea7'
[    3.344468] ALSA device list:
[    3.344636] cryptomgr_probe (74) used greatest stack depth: 29032 bytes left
[    3.344659]   No soundcards found.
[    3.346358] Freeing unused kernel image (initmem) memory: 2020K
[    3.346685] platform regulatory.0: Direct firmware load for regulatory.db failed with error -2
[    3.347023] cfg80211: failed to load regulatory.db
[    3.350667] Write protecting the kernel read-only data: 51200k
[    3.351765] Freeing unused kernel image (text/rodata gap) memory: 2032K
[    3.352431] Freeing unused kernel image (rodata/data gap) memory: 860K
[    3.360146] x86/mm: Checked W+X mappings: passed, no W+X pages found.
[    3.360418] Run /init as init process
[    3.362037] mount (77) used greatest stack depth: 28352 bytes left

secb: rootfs ready
---- poc begin ----
poc: CVE-2023-6931
poc: attached 3000 followers
[    3.423544] ==================================================================
[    3.423826] BUG: KASAN: slab-out-of-bounds in __perf_read_group_add+0x7ce/0x950
[    3.424135] Write of size 8 at addr ffff888103e49970 by task poc/83
[    3.424381] 
[    3.424450] CPU: 1 PID: 83 Comm: poc Not tainted 6.1.61-g4a61839152cc-dirty #1
[    3.424732] Hardware name: QEMU Standard PC (i440FX + PIIX, 1996), BIOS 1.16.2-debian-1.16.2-1 04/01/2014
[    3.425098] Call Trace:
[    3.425205]  <TASK>
[    3.425294]  dump_stack_lvl+0x33/0x46
[    3.425451]  print_report+0x181/0x4a5
[    3.425602]  ? __perf_read_group_add+0x7ce/0x950
[    3.425784]  kasan_report+0xc5/0x150
[    3.425931]  ? __perf_read_group_add+0x7ce/0x950
[    3.426113]  __perf_read_group_add+0x7ce/0x950
[    3.426291]  perf_read+0x4a6/0x760
[    3.426428]  ? __perf_read_group_add+0x950/0x950
[    3.426610]  ? file_has_perm+0x206/0x290
[    3.426773]  ? __mutex_unlock_slowpath.constprop.0+0x2a0/0x2a0
[    3.427001]  ? inode_has_perm+0x220/0x220
[    3.427161]  ? inode_security+0x3e/0xe0
[    3.427316]  ? selinux_file_permission+0x118/0x410
[    3.427504]  ? fsnotify_perm.part.0+0x13b/0x4b0
[    3.427685]  vfs_read+0x16a/0x800
[    3.427823]  ? kernel_read+0x130/0x130
[    3.427972]  ? __fget_light+0x52/0x4e0
[    3.428123]  ? find_vma_intersection+0x90/0x90
[    3.428305]  ksys_read+0xf5/0x1d0
[    3.428439]  ? vfs_write+0xc80/0xc80
[    3.428583]  ? do_user_addr_fault+0x2cc/0xb90
[    3.428761]  ? fpregs_assert_state_consistent+0x18/0xa0
[    3.428968]  do_syscall_64+0x37/0x90
[    3.429112]  entry_SYSCALL_64_after_hwframe+0x64/0xce
[    3.429304] RIP: 0033:0x43863d
[    3.429434] Code: b8 ff ff ff f7 d8 64 89 02 b8 ff ff ff ff eb b5 e8 c8 27 00 00 0f 1f 84 00 00 00 00 00 80 3d 21 ea 06 00 00 74 17 31 c0 0f 05 <48> 3d 00 f0 ff ff 77 5b c3 66 2e 0f 1f 84 00 00 00 00 00 48 83 ec
[    3.430139] RSP: 002b:00007ffefa6f95d8 EFLAGS: 00000246 ORIG_RAX: 0000000000000000
[    3.430436] RAX: ffffffffffffffda RBX: 00007ffefa6f9688 RCX: 000000000043863d
[    3.430711] RDX: 0000000000010000 RSI: 00000000004a82e0 RDI: 0000000000000003
[    3.430986] RBP: 0000008000000001 R08: 0000000000000012 R09: 00007ffefa6f7354
[    3.431279] R10: 0000000000000000 R11: 0000000000000246 R12: 0000000000000003
[    3.431556] R13: 0000000000000000 R14: 00007ffefa6f9680 R15: 0000000000000bb8
[    3.431832]  </TASK>
[    3.431923] 
[    3.431988] Allocated by task 83:
[    3.432123]  kasan_save_stack+0x2f/0x60
[    3.432279]  kasan_set_track+0x21/0x30
[    3.432427]  __kasan_kmalloc+0x8e/0x90
[    3.432576]  __kmalloc+0x55/0x160
[    3.432712]  perf_read+0x425/0x760
[    3.432848]  vfs_read+0x16a/0x800
[    3.432982]  ksys_read+0xf5/0x1d0
[    3.433115]  do_syscall_64+0x37/0x90
[    3.433261]  entry_SYSCALL_64_after_hwframe+0x64/0xce
[    3.433459] 
[    3.433525] The buggy address belongs to the object at ffff888103e48000
[    3.433525]  which belongs to the cache kmalloc-8k of size 8192
[    3.433998] The buggy address is located 6512 bytes inside of
[    3.433998]  8192-byte region [ffff888103e48000, ffff888103e4a000)
[    3.434452] 
[    3.434518] The buggy address belongs to the physical page:
[    3.434734] page:000000003d19220b refcount:1 mapcount:0 mapping:0000000000000000 index:0x0 pfn:0x103e48
[    3.435099] head:000000003d19220b order:3 compound_mapcount:0 compound_pincount:0
[    3.435389] flags: 0x200000000010200(slab|head|node=0|zone=2)
[    3.435616] raw: 0200000000010200 0000000000000000 dead000000000122 ffff888100042280
[    3.435915] raw: 0000000000000000 0000000080020002 00000001ffffffff 0000000000000000
[    3.436214] page dumped because: kasan: bad access detected
[    3.436430] 
[    3.436495] Memory state around the buggy address:
[    3.436683]  ffff888103e49800: 00 00 00 00 00 00 00 00 00 00 00 00 00 00 00 00
[    3.436961]  ffff888103e49880: 00 00 00 00 00 00 00 00 00 00 00 00 00 00 00 00
[    3.437240] >ffff888103e49900: 00 00 00 00 00 00 00 00 00 00 00 00 00 00 fc fc
[    3.437518]                                                              ^
[    3.437781]  ffff888103e49980: fc fc fc fc fc fc fc fc fc fc fc fc fc fc fc fc
[    3.438059]  ffff888103e49a00: fc fc fc fc fc fc fc fc fc fc fc fc fc fc fc fc
[    3.438339] ==================================================================
[    3.438617] Disabling lock debugging due to kernel taint
poc: read() returned 6512 (errno=ok)
[    3.487767] poc (83) used greatest stack depth: 27944 bytes left
---- poc end rc=0 ----
secb: poc exited without crashing the kernel
[    3.937220] input: ImExPS/2 Generic Explorer Mouse as /devices/platform/i8042/serio1/input/input3
[    4.738732] ACPI: PM: Preparing to enter system sleep state S5
[    4.739055] reboot: Power down
CONFIRMED: KASAN_OOB
