c[?7l[2J[0mSeaBIOS (version 1.16.2-debian-1.16.2-1)


iPXE (http://ipxe.org) 00:03.0 CA00 PCI2.10 PnP PMM+BEFCEF00+BEF0EF00 CA00
Press Ctrl-B to configure iPXE (PCI 00:03.0)...                                                                               


Booting from ROM...
c[?7l[2J[    0.000000] Linux version 6.1.61-g97665300802e-dirty (root@buildkitsandbox) (gcc (Debian 12.2.0-14+deb12u1) 12.2.0, GNU ld (GNU Binutils for Debian) 2.40) #2 SMP PREEMPT_DYNAMIC Tue May  5 10:31:32 UTC 2026
[    0.000000] Command line: console=ttyS0 oops=panic nokaslr rdinit=/init
[    0.000000] BIOS-provided physical RAM map:
[    0.000000] BIOS-e820: [mem 0x0000000000000000-0x000000000009fbff] usable
[    0.000000] BIOS-e820: [mem 0x000000000009fc00-0x000000000009ffff] reserved
[    0.000000] BIOS-e820: [mem 0x00000000000f0000-0x00000000000fffff] reserved
[    0.000000] BIOS-e820: [mem 0x0000000000100000-0x00000000bffdffff] usable
[    0.000000] BIOS-e820: [mem 0x00000000bffe0000-0x00000000bfffffff] reserved
[    0.000000] BIOS-e820: [mem 0x00000000feffc000-0x00000000feffffff] reserved
[    0.000000] BIOS-e820: [mem 0x00000000fffc0000-0x00000000ffffffff] reserved
[    0.000000] BIOS-e820: [mem 0x0000000100000000-0x000000023fffffff] usable
[    0.000000] NX (Execute Disable) protection: active
[    0.000000] SMBIOS 2.8 present.
[    0.000000] DMI: QEMU Standard PC (i440FX + PIIX, 1996), BIOS 1.16.2-debian-1.16.2-1 04/01/2014
[    0.000000] Hypervisor detected: KVM
[    0.000000] kvm-clock: Using msrs 4b564d01 and 4b564d00
[    0.000003] kvm-clock: using sched offset of 1143507646 cycles
[    0.000006] clocksource: kvm-clock: mask: 0xffffffffffffffff max_cycles: 0x1cd42e4dffb, max_idle_ns: 881590591483 ns
[    0.000010] tsc: Detected 3187.200 MHz processor
[    0.000689] last_pfn = 0x240000 max_arch_pfn = 0x400000000
[    0.000730] x86/PAT: Configuration [0-7]: WB  WC  UC- UC  WB  WP  UC- WT  
[    0.000737] last_pfn = 0xbffe0 max_arch_pfn = 0x400000000
[    0.006381] found SMP MP-table at [mem 0x000f5ba0-0x000f5baf]
[    0.006427] Using GB pages for direct mapping
[    0.006429] Incomplete global flushes, disabling PCID
[    0.026870] RAMDISK: [mem 0xbfe93000-0xbffdffff]
[    0.026889] ACPI: Early table checksum verification disabled
[    0.026897] ACPI: RSDP 0x00000000000F59B0 000014 (v00 BOCHS )
[    0.026907] ACPI: RSDT 0x00000000BFFE1B33 000034 (v01 BOCHS  BXPC     00000001 BXPC 00000001)
[    0.026916] ACPI: FACP 0x00000000BFFE19DF 000074 (v01 BOCHS  BXPC     00000001 BXPC 00000001)
[    0.026926] ACPI: DSDT 0x00000000BFFE0040 00199F (v01 BOCHS  BXPC     00000001 BXPC 00000001)
[    0.026932] ACPI: FACS 0x00000000BFFE0000 000040
[    0.026936] ACPI: APIC 0x00000000BFFE1A53 000080 (v01 BOCHS  BXPC     00000001 BXPC 00000001)
[    0.026939] ACPI: HPET 0x00000000BFFE1AD3 000038 (v01 BOCHS  BXPC     00000001 BXPC 00000001)
[    0.026942] ACPI: WAET 0x00000000BFFE1B0B 000028 (v01 BOCHS  BXPC     00000001 BXPC 00000001)
[    0.026945] ACPI: Reserving FACP table memory at [mem 0xbffe19df-0xbffe1a52]
[    0.026947] ACPI: Reserving DSDT table memory at [mem 0xbffe0040-0xbffe19de]
[    0.026948] ACPI: Reserving FACS table memory at [mem 0xbffe0000-0xbffe003f]
[    0.026949] ACPI: Reserving APIC table memory at [mem 0xbffe1a53-0xbffe1ad2]
[    0.026950] ACPI: Reserving HPET table memory at [mem 0xbffe1ad3-0xbffe1b0a]
[    0.026951] ACPI: Reserving WAET table memory at [mem 0xbffe1b0b-0xbffe1b32]
[    0.027419] No NUMA configuration found
[    0.027421] Faking a node at [mem 0x0000000000000000-0x000000023fffffff]
[    0.027427] NODE_DATA(0) allocated [mem 0x23fffa000-0x23fffdfff]
[    0.027495] Zone ranges:
[    0.027497]   DMA      [mem 0x0000000000001000-0x0000000000ffffff]
[    0.027500]   DMA32    [mem 0x0000000001000000-0x00000000ffffffff]
[    0.027502]   Normal   [mem 0x0000000100000000-0x000000023fffffff]
[    0.027503] Movable zone start for each node
[    0.027504] Early memory node ranges
[    0.027504]   node   0: [mem 0x0000000000001000-0x000000000009efff]
[    0.027506]   node   0: [mem 0x0000000000100000-0x00000000bffdffff]
[    0.027507]   node   0: [mem 0x0000000100000000-0x000000023fffffff]
[    0.027509] Initmem setup node 0 [mem 0x0000000000001000-0x000000023fffffff]
[    0.038546] On node 0, zone DMA: 1 pages in unavailable ranges
[    0.038807] On node 0, zone DMA: 97 pages in unavailable ranges
[    1.240533] On node 0, zone Normal: 32 pages in unavailable ranges
[    2.339678] kasan: KernelAddressSanitizer initialized
[    2.339895] ACPI: PM-Timer IO Port: 0x608
[    2.339906] ACPI: LAPIC_NMI (acpi_id[0xff] dfl dfl lint[0x1])
[    2.339934] IOAPIC[0]: apic_id 0, version 17, address 0xfec00000, GSI 0-23
[    2.339937] ACPI: INT_SRC_OVR (bus 0 bus_irq 0 global_irq 2 dfl dfl)
[    2.339941] ACPI: INT_SRC_OVR (bus 0 bus_irq 5 global_irq 5 high level)
[    2.339942] ACPI: INT_SRC_OVR (bus 0 bus_irq 9 global_irq 9 high level)
[    2.339943] ACPI: INT_SRC_OVR (bus 0 bus_irq 10 global_irq 10 high level)
[    2.339943] ACPI: INT_SRC_OVR (bus 0 bus_irq 11 global_irq 11 high level)
[    2.339947] ACPI: Using ACPI (MADT) for SMP configuration information
[    2.339947] ACPI: HPET id: 0x8086a201 base: 0xfed00000
[    2.339953] TSC deadline timer available
[    2.339956] smpboot: Allowing 2 CPUs, 0 hotplug CPUs
[    2.339978] kvm-guest: KVM setup pv remote TLB flush
[    2.339981] kvm-guest: setup PV sched yield
[    2.339991] PM: hibernation: Registered nosave memory: [mem 0x00000000-0x00000fff]
[    2.339992] PM: hibernation: Registered nosave memory: [mem 0x0009f000-0x0009ffff]
[    2.339993] PM: hibernation: Registered nosave memory: [mem 0x000a0000-0x000effff]
[    2.339993] PM: hibernation: Registered nosave memory: [mem 0x000f0000-0x000fffff]
[    2.339994] PM: hibernation: Registered nosave memory: [mem 0xbffe0000-0xbfffffff]
[    2.339995] PM: hibernation: Registered nosave memory: [mem 0xc0000000-0xfeffbfff]
[    2.339995] PM: hibernation: Registered nosave memory: [mem 0xfeffc000-0xfeffffff]
[    2.339996] PM: hibernation: Registered nosave memory: [mem 0xff000000-0xfffbffff]
[    2.339996] PM: hibernation: Registered nosave memory: [mem 0xfffc0000-0xffffffff]
[    2.339997] [mem 0xc0000000-0xfeffbfff] available for PCI devices
[    2.339999] Booting paravirtualized kernel on KVM
[    2.340003] clocksource: refined-jiffies: mask: 0xffffffff max_cycles: 0xffffffff, max_idle_ns: 1910969940391419 ns
[    2.346724] setup_percpu: NR_CPUS:64 nr_cpumask_bits:2 nr_cpu_ids:2 nr_node_ids:1
[    2.348046] percpu: Embedded 64 pages/cpu s225128 r8192 d28824 u1048576
[    2.348082] Fallback order for Node 0: 0 
[    2.348084] Built 1 zonelists, mobility grouping on.  Total pages: 2064096
[    2.348085] Policy zone: Normal
[    2.348086] Kernel command line: console=ttyS0 oops=panic nokaslr rdinit=/init
[    2.348165] random: crng init done
[    2.353008] Dentry cache hash table entries: 1048576 (order: 11, 8388608 bytes, linear)
[    2.355742] Inode-cache hash table entries: 524288 (order: 10, 4194304 bytes, linear)
[    2.355778] mem auto-init: stack:all(zero), heap alloc:off, heap free:off
[    2.359107] stackdepot hash table entries: 1048576 (order: 11, 8388608 bytes, linear)
[    2.359116] software IO TLB: area num 2.
[    2.509401] Memory: 7038088K/8388088K available (40973K kernel code, 7118K rwdata, 7332K rodata, 2020K init, 2508K bss, 1349744K reserved, 0K cma-reserved)
[    2.509514] SLUB: HWalign=64, Order=0-3, MinObjects=0, CPUs=2, Nodes=1
[    2.510570] Dynamic Preempt: voluntary
[    2.512288] rcu: Preemptible hierarchical RCU implementation.
[    2.512291] rcu: 	RCU event tracing is enabled.
[    2.512292] rcu: 	RCU restricting CPUs from NR_CPUS=64 to nr_cpu_ids=2.
[    2.512294] 	Trampoline variant of Tasks RCU enabled.
[    2.512296] rcu: RCU calculated value of scheduler-enlistment delay is 100 jiffies.
[    2.512298] rcu: Adjusting geometry for rcu_fanout_leaf=16, nr_cpu_ids=2
[    2.516755] NR_IRQS: 4352, nr_irqs: 440, preallocated irqs: 16
[    2.516959] rcu: srcu_init: Setting srcu_struct sizes based on contention.
[    2.519263] Console: colour VGA+ 80x25
[    2.557998] printk: console [ttyS0] enabled
[    2.558250] ACPI: Core revision 20220331
[    2.558606] clocksource: hpet: mask: 0xffffffff max_cycles: 0xffffffff, max_idle_ns: 19112604467 ns
[    2.559172] APIC: Switch to symmetric I/O mode setup
[    2.559487] kvm-guest: setup PV IPIs
[    2.560322] ..TIMER: vector=0x30 apic1=0 pin1=2 apic2=-1 pin2=-1
[    2.560675] clocksource: tsc-early: mask: 0xffffffffffffffff max_cycles: 0x2df10e7656b, max_idle_ns: 440795364873 ns
[    2.561288] Calibrating delay loop (skipped) preset value.. 6374.40 BogoMIPS (lpj=3187200)
[    2.561832] x86/cpu: User Mode Instruction Prevention (UMIP) activated
[    2.562334] Last level iTLB entries: 4KB 0, 2MB 0, 4MB 0
[    2.562634] Last level dTLB entries: 4KB 0, 2MB 0, 4MB 0, 1GB 0
[    2.562970] Spectre V1 : Mitigation: usercopy/swapgs barriers and __user pointer sanitization
[    2.563286] Spectre V2 : Mitigation: Enhanced IBRS
[    2.563561] Spectre V2 : Spectre v2 / SpectreRSB mitigation: Filling RSB on context switch
[    2.564029] Spectre V2 : Spectre v2 / PBRSB-eIBRS: Retire a single CALL on VMEXIT
[    2.564284] Spectre V2 : mitigation: Enabling conditional Indirect Branch Prediction Barrier
[    2.564759] Speculative Store Bypass: Mitigation: Speculative Store Bypass disabled via prctl
[    2.565284] MMIO Stale Data: Unknown: No mitigations
[    2.565579] x86/fpu: Supporting XSAVE feature 0x001: 'x87 floating point registers'
[    2.566283] x86/fpu: Supporting XSAVE feature 0x002: 'SSE registers'
[    2.566652] x86/fpu: Supporting XSAVE feature 0x004: 'AVX registers'
[    2.567019] x86/fpu: Supporting XSAVE feature 0x200: 'Protection Keys User registers'
[    2.567283] x86/fpu: xstate_offset[2]:  576, xstate_sizes[2]:  256
[    2.567653] x86/fpu: xstate_offset[9]:  832, xstate_sizes[9]:    8
[    2.568283] x86/fpu: Enabled xstate features 0x207, context size is 840 bytes, using 'compacted' format.
[    2.580806] Freeing SMP alternatives memory: 40K
[    2.581135] pid_max: default: 32768 minimum: 301
[    2.581322] LSM: Security Framework initializing
[    2.581608] SELinux:  Initializing.
[    2.581878] Mount-cache hash table entries: 16384 (order: 5, 131072 bytes, linear)
[    2.583290] Mountpoint-cache hash table entries: 16384 (order: 5, 131072 bytes, linear)
[    2.584396] smpboot: CPU0: Intel(R) Core(TM) i9-14900K (family: 0x6, model: 0xb7, stepping: 0x1)
[    2.585043] cblist_init_generic: Setting adjustable number of callback queues.
[    2.585284] cblist_init_generic: Setting shift to 1 and lim to 1.
[    2.585657] Performance Events: unsupported p6 CPU model 183 no PMU driver, software events only.
[    2.586190] signal: max sigframe size: 3632
[    2.586305] rcu: Hierarchical SRCU implementation.
[    2.586585] rcu: 	Max phase no-delay instances is 400.
[    2.587153] smp: Bringing up secondary CPUs ...
[    2.587393] x86: Booting SMP configuration:
[    2.587643] .... node  #0, CPUs:      #1
[    2.587842] smp: Brought up 1 node, 2 CPUs
[    2.588287] smpboot: Max logical packages: 1
[    2.588541] smpboot: Total of 2 processors activated (12748.80 BogoMIPS)
[    2.590343] devtmpfs: initialized
[    2.592014] clocksource: jiffies: mask: 0xffffffff max_cycles: 0xffffffff, max_idle_ns: 1911260446275000 ns
[    2.592287] futex hash table entries: 512 (order: 3, 32768 bytes, linear)
[    2.592786] PM: RTC time: 10:33:26, date: 2026-05-05
[    2.593202] NET: Registered PF_NETLINK/PF_ROUTE protocol family
[    2.593462] audit: initializing netlink subsys (disabled)
[    2.593805] audit: type=2000 audit(1777977207.534:1): state=initialized audit_enabled=0 res=1
[    2.593805] thermal_sys: Registered thermal governor 'step_wise'
[    2.594284] thermal_sys: Registered thermal governor 'user_space'
[    2.594668] cpuidle: using governor menu
[    2.595444] PCI: Using configuration type 1 for base access
[    2.601586] kprobes: kprobe jump-optimization is enabled. All kprobes are optimized if possible.
[    2.604424] HugeTLB: registered 2.00 MiB page size, pre-allocated 0 pages
[    2.604830] HugeTLB: 28 KiB vmemmap can be freed for a 2.00 MiB page
[    2.605318] ACPI: Added _OSI(Module Device)
[    2.605318] ACPI: Added _OSI(Processor Device)
[    2.605318] ACPI: Added _OSI(3.0 _SCP Extensions)
[    2.606285] ACPI: Added _OSI(Processor Aggregator Device)
[    2.612393] ACPI: 1 ACPI AML tables successfully acquired and loaded
[    2.617718] ACPI: Interpreter enabled
[    2.617727] ACPI: PM: (supports S0 S3 S4 S5)
[    2.617981] ACPI: Using IOAPIC for interrupt routing
[    2.618308] PCI: Using host bridge windows from ACPI; if necessary, use "pci=nocrs" and report a bug
[    2.618840] PCI: Using E820 reservations for host bridge windows
[    2.619503] ACPI: Enabled 2 GPEs in block 00 to 0F
[    2.629246] ACPI: PCI Root Bridge [PCI0] (domain 0000 [bus 00-ff])
[    2.630294] acpi PNP0A03:00: _OSC: OS supports [ASPM ClockPM Segments MSI HPX-Type3]
[    2.630747] acpi PNP0A03:00: _OSC: not requesting OS control; OS requires [ExtendedConfig ASPM ClockPM MSI]
[    2.631332] acpi PNP0A03:00: fail to add MMCONFIG information, can't access extended PCI configuration space under this bridge.
[    2.632159] PCI host bridge to bus 0000:00
[    2.632286] pci_bus 0000:00: root bus resource [io  0x0000-0x0cf7 window]
[    2.632684] pci_bus 0000:00: root bus resource [io  0x0d00-0xffff window]
[    2.633082] pci_bus 0000:00: root bus resource [mem 0x000a0000-0x000bffff window]
[    2.633286] pci_bus 0000:00: root bus resource [mem 0xc0000000-0xfebfffff window]
[    2.633725] pci_bus 0000:00: root bus resource [mem 0x240000000-0x2bfffffff window]
[    2.634172] pci_bus 0000:00: root bus resource [bus 00-ff]
[    2.634340] pci 0000:00:00.0: [8086:1237] type 00 class 0x060000
[    2.638406] pci 0000:00:01.0: [8086:7000] type 00 class 0x060100
[    2.642448] pci 0000:00:01.1: [8086:7010] type 00 class 0x010180
[    2.643740] pci 0000:00:01.1: reg 0x20: [io  0xc040-0xc04f]
[    2.644387] pci 0000:00:01.1: legacy IDE quirk: reg 0x10: [io  0x01f0-0x01f7]
[    2.644804] pci 0000:00:01.1: legacy IDE quirk: reg 0x14: [io  0x03f6]
[    2.645186] pci 0000:00:01.1: legacy IDE quirk: reg 0x18: [io  0x0170-0x0177]
[    2.646284] pci 0000:00:01.1: legacy IDE quirk: reg 0x1c: [io  0x0376]
[    2.646820] pci 0000:00:01.3: [8086:7113] type 00 class 0x068000
[    2.647405] pci 0000:00:01.3: quirk: [io  0x0600-0x063f] claimed by PIIX4 ACPI
[    2.647831] pci 0000:00:01.3: quirk: [io  0x0700-0x070f] claimed by PIIX4 SMB
[    2.648394] pci 0000:00:02.0: [1234:1111] type 00 class 0x030000
[    2.650692] pci 0000:00:02.0: reg 0x10: [mem 0xfd000000-0xfdffffff pref]
[    2.653160] pci 0000:00:02.0: reg 0x18: [mem 0xfebf0000-0xfebf0fff]
[    2.655466] pci 0000:00:02.0: reg 0x30: [mem 0xfebe0000-0xfebeffff pref]
[    2.656094] pci 0000:00:02.0: Video device with shadowed ROM at [mem 0x000c0000-0x000dffff]
[    2.661831] pci 0000:00:03.0: [8086:100e] type 00 class 0x020000
[    2.662444] pci 0000:00:03.0: reg 0x10: [mem 0xfebc0000-0xfebdffff]
[    2.663106] pci 0000:00:03.0: reg 0x14: [io  0xc000-0xc03f]
[    2.664514] pci 0000:00:03.0: reg 0x30: [mem 0xfeb80000-0xfebbffff pref]
[    2.669594] ACPI: PCI: Interrupt link LNKA configured for IRQ 10
[    2.670314] ACPI: PCI: Interrupt link LNKB configured for IRQ 10
[    2.670997] ACPI: PCI: Interrupt link LNKC configured for IRQ 11
[    2.671612] ACPI: PCI: Interrupt link LNKD configured for IRQ 11
[    2.672096] ACPI: PCI: Interrupt link LNKS configured for IRQ 9
[    2.673468] iommu: Default domain type: Translated 
[    2.673758] iommu: DMA domain TLB invalidation policy: lazy mode 
[    2.674501] SCSI subsystem initialized
[    2.675452] ACPI: bus type USB registered
[    2.675452] usbcore: registered new interface driver usbfs
[    2.675749] usbcore: registered new interface driver hub
[    2.676078] usbcore: registered new device driver usb
[    2.676348] pps_core: LinuxPPS API ver. 1 registered
[    2.676639] pps_core: Software ver. 5.3.6 - Copyright 2005-2007 Rodolfo Giometti <giometti@linux.it>
[    2.677172] PTP clock support registered
[    2.677424] Advanced Linux Sound Architecture Driver Initialized.
[    2.678360] NetLabel: Initializing
[    2.678561] NetLabel:  domain hash size = 128
[    2.678817] NetLabel:  protocols = UNLABELED CIPSOv4 CALIPSO
[    2.679200] NetLabel:  unlabeled traffic allowed by default
[    2.680376] PCI: Using ACPI for IRQ routing
[    2.680677] pci 0000:00:02.0: vgaarb: setting as boot VGA device
[    2.680677] pci 0000:00:02.0: vgaarb: bridge control possible
[    2.680989] pci 0000:00:02.0: vgaarb: VGA device added: decodes=io+mem,owns=io+mem,locks=none
[    2.681284] vgaarb: loaded
[    2.681709] hpet0: at MMIO 0xfed00000, IRQs 2, 8, 0
[    2.681998] hpet0: 3 comparators, 64-bit 100.000000 MHz counter
[    2.687384] clocksource: Switched to clocksource kvm-clock
[    2.687940] VFS: Disk quotas dquot_6.6.0
[    2.688255] VFS: Dquot-cache hash table entries: 512 (order 0, 4096 bytes)
[    2.688792] pnp: PnP ACPI init
[    2.691000] pnp: PnP ACPI: found 6 devices
[    2.698117] clocksource: acpi_pm: mask: 0xffffff max_cycles: 0xffffff, max_idle_ns: 2085701024 ns
[    2.698705] NET: Registered PF_INET protocol family
[    2.702255] IP idents hash table entries: 131072 (order: 8, 1048576 bytes, linear)
[    2.703858] tcp_listen_portaddr_hash hash table entries: 4096 (order: 4, 65536 bytes, linear)
[    2.704365] Table-perturb hash table entries: 65536 (order: 6, 262144 bytes, linear)
[    2.704823] TCP established hash table entries: 65536 (order: 7, 524288 bytes, linear)
[    2.705358] TCP bind hash table entries: 65536 (order: 9, 2097152 bytes, linear)
[    2.706818] TCP: Hash tables configured (established 65536 bind 65536)
[    2.708182] UDP hash table entries: 4096 (order: 5, 131072 bytes, linear)
[    2.708609] UDP-Lite hash table entries: 4096 (order: 5, 131072 bytes, linear)
[    2.709161] NET: Registered PF_UNIX/PF_LOCAL protocol family
[    2.709746] RPC: Registered named UNIX socket transport module.
[    2.710094] RPC: Registered udp transport module.
[    2.710373] RPC: Registered tcp transport module.
[    2.710648] RPC: Registered tcp NFSv4.1 backchannel transport module.
[    2.711320] pci_bus 0000:00: resource 4 [io  0x0000-0x0cf7 window]
[    2.711685] pci_bus 0000:00: resource 5 [io  0x0d00-0xffff window]
[    2.712049] pci_bus 0000:00: resource 6 [mem 0x000a0000-0x000bffff window]
[    2.712454] pci_bus 0000:00: resource 7 [mem 0xc0000000-0xfebfffff window]
[    2.712854] pci_bus 0000:00: resource 8 [mem 0x240000000-0x2bfffffff window]
[    2.713365] pci 0000:00:01.0: PIIX3: Enabling Passive Release
[    2.713709] pci 0000:00:00.0: Limiting direct PCI/PCI transfers
[    2.714092] PCI: CLS 0 bytes, default 64
[    2.714378] PCI-DMA: Using software bounce buffering for IO (SWIOTLB)
[    2.714755] software IO TLB: mapped [mem 0x00000000bbe93000-0x00000000bfe93000] (64MB)
[    2.715407] Unpacking initramfs...
[    2.717372] RAPL PMU: API unit is 2^-32 Joules, 0 fixed counters, 10737418240 ms ovfl timer
[    2.717880] clocksource: tsc: mask: 0xffffffffffffffff max_cycles: 0x2df10e7656b, max_idle_ns: 440795364873 ns
[    2.723980] Initialise system trusted keyrings
[    2.724405] workingset: timestamp_bits=56 max_order=21 bucket_order=0
[    2.729879] NFS: Registering the id_resolver key type
[    2.730257] Key type id_resolver registered
[    2.730556] Key type id_legacy registered
[    2.730962] 9p: Installing v9fs 9p2000 file system support
[    2.737497] Key type asymmetric registered
[    2.737786] Asymmetric key parser 'x509' registered
[    2.738105] Block layer SCSI generic (bsg) driver version 0.4 loaded (major 251)
[    2.738584] io scheduler mq-deadline registered
[    2.738854] io scheduler kyber registered
[    2.740085] input: Power Button as /devices/LNXSYSTM:00/LNXPWRBN:00/input/input0
[    2.740262] Freeing initrd memory: 1332K
[    2.740637] ACPI: button: Power Button [PWRF]
[    2.741459] Serial: 8250/16550 driver, 4 ports, IRQ sharing enabled
[    2.741939] 00:04: ttyS0 at I/O 0x3f8 (irq = 4, base_baud = 115200) is a 16550A
[    2.743069] Non-volatile memory driver v1.3
[    2.743315] Linux agpgart interface v0.103
[    2.747296] loop: module loaded
[    2.749716] scsi host0: ata_piix
[    2.750173] scsi host1: ata_piix
[    2.750448] ata1: PATA max MWDMA2 cmd 0x1f0 ctl 0x3f6 bmdma 0xc040 irq 14
[    2.750842] ata2: PATA max MWDMA2 cmd 0x170 ctl 0x376 bmdma 0xc048 irq 15
[    2.752044] e100: Intel(R) PRO/100 Network Driver
[    2.752335] e100: Copyright(c) 1999-2006 Intel Corporation
[    2.752679] e1000: Intel(R) PRO/1000 Network Driver
[    2.752970] e1000: Copyright (c) 1999-2006 Intel Corporation.
[    2.910442] ata2: found unknown device (class 0)
[    2.911186] ata2.00: ATAPI: QEMU DVD-ROM, 2.5+, max UDMA/100
[    2.912266] scsi 1:0:0:0: CD-ROM            QEMU     QEMU DVD-ROM     2.5+ PQ: 0 ANSI: 5
[    2.949629] sr 1:0:0:0: [sr0] scsi3-mmc drive: 4x/4x cd/rw xa/form2 tray
[    2.950040] cdrom: Uniform CD-ROM driver Revision: 3.20
[    2.972258] sr 1:0:0:0: Attached scsi generic sg0 type 5
[    3.060830] ACPI: \_SB_.LNKC: Enabled at IRQ 11
[    3.353207] e1000 0000:00:03.0 eth0: (PCI:33MHz:32-bit) 52:54:00:12:34:56
[    3.353681] e1000 0000:00:03.0 eth0: Intel(R) PRO/1000 Network Connection
[    3.354137] e1000e: Intel(R) PRO/1000 Network Driver
[    3.354436] e1000e: Copyright(c) 1999 - 2015 Intel Corporation.
[    3.354814] sky2: driver version 1.30
[    3.355413] usbcore: registered new interface driver usblp
[    3.355761] usbcore: registered new interface driver usb-storage
[    3.356191] i8042: PNP: PS/2 Controller [PNP0303:KBD,PNP0f13:MOU] at 0x60,0x64 irq 1,12
[    3.357173] serio: i8042 KBD port at 0x60,0x64 irq 1
[    3.357485] serio: i8042 AUX port at 0x60,0x64 irq 12
[    3.358160] rtc_cmos 00:05: RTC can wake from S4
[    3.358498] input: AT Translated Set 2 keyboard as /devices/platform/i8042/serio0/input/input1
[    3.360440] rtc_cmos 00:05: registered as rtc0
[    3.360780] rtc_cmos 00:05: alarms up to one day, y3k, 242 bytes nvram, hpet irqs
[    3.361526] device-mapper: ioctl: 4.47.0-ioctl (2022-07-28) initialised: dm-devel@redhat.com
[    3.362036] intel_pstate: CPU model not supported
[    3.362351] hid: raw HID events driver (C) Jiri Kosina
[    3.362929] usbcore: registered new interface driver usbhid
[    3.363269] usbhid: USB HID core driver
[    3.366534] Initializing XFRM netlink socket
[    3.367085] NET: Registered PF_INET6 protocol family
[    3.367968] Segment Routing with IPv6
[    3.368207] In-situ OAM (IOAM) with IPv6
[    3.368549] sit: IPv6, IPv4 and MPLS over IPv4 tunneling driver
[    3.369156] NET: Registered PF_PACKET protocol family
[    3.369533] 9pnet: Installing 9P2000 support
[    3.370603] Key type dns_resolver registered
[    3.371206] IPI shorthand broadcast: enabled
[    3.371540] sched_clock: Marking stable (3329159725, 42317353)->(3376913371, -5436293)
[    3.372150] registered taskstats version 1
[    3.372402] Loading compiled-in X.509 certificates
[    3.372882] cryptomgr_test (51) used greatest stack depth: 30904 bytes left
[    3.373595] cryptomgr_test (64) used greatest stack depth: 30528 bytes left
[    3.374085] PM:   Magic number: 10:457:577
[    3.374381] printk: console [netcon0] enabled
[    3.374642] netconsole: network logging started
[    3.375104] cfg80211: Loading compiled-in X.509 certificates for regulatory database
[    3.375843] kworker/u4:2 (73) used greatest stack depth: 29504 bytes left
[    3.376551] cfg80211: Loaded X.509 cert 'sforshee: 00b28ddf47aef9cea7'
[    3.376958] ALSA device list:
[    3.377140]   No soundcards found.
[    3.378173] Freeing unused kernel image (initmem) memory: 2020K
[    3.378473] platform regulatory.0: Direct firmware load for regulatory.db failed with error -2
[    3.378811] cfg80211: failed to load regulatory.db
[    3.383337] Write protecting the kernel read-only data: 51200k
[    3.384435] Freeing unused kernel image (text/rodata gap) memory: 2032K
[    3.385036] Freeing unused kernel image (rodata/data gap) memory: 860K
[    3.392555] x86/mm: Checked W+X mappings: passed, no W+X pages found.
[    3.392852] Run /init as init process
[    3.394289] mount (78) used greatest stack depth: 28352 bytes left

secb: rootfs ready
---- poc begin ----
poc: CVE-2023-6931
poc: stop at i=680: Argument list too long
poc: attached 680 followers
poc: read() returned 16368 (errno=ok)
---- poc end rc=0 ----
secb: poc exited without crashing the kernel
[    3.983078] input: ImExPS/2 Generic Explorer Mouse as /devices/platform/i8042/serio1/input/input3
[    4.669760] ACPI: PM: Preparing to enter system sleep state S5
[    4.670140] reboot: Power down
NO_CRASH_DETECTED
