bash: warning: setlocale: LC_ALL: cannot change locale (en_US.UTF-8)
c[?7l[2J[0mSeaBIOS (version 1.16.2-debian-1.16.2-1)
Booting from ROM...
c[?7l[2Jearly console in extract_kernel
input_data: 0x000000000bb442bf
input_len: 0x00000000044bcf3a
output: 0x0000000001000000
output_len: 0x000000000dcbaad8
kernel_total_size: 0x000000000f026000
needed_size: 0x000000000f200000
trampoline_32bit: 0x000000000009d000

Decompressing Linux... Parsing ELF... done.
Booting the kernel.
[    0.000000][    T0] Linux version 5.11.0+ (root@buildkitsandbox) (gcc (Debian 12.2.0-14+deb12u1) 12.2.0, GNU ld (GNU Binutils for Debian) 2.40) #1 SMP PREEMPT Fri May 22 19:55:43 UTC 2026
[    0.000000][    T0] Command line: console=ttyS0 oops=panic panic=86400 nokaslr earlyprintk=serial rdinit=/init
[    0.000000][    T0] KERNEL supported cpus:
[    0.000000][    T0]   Intel GenuineIntel
[    0.000000][    T0]   AMD AuthenticAMD
[    0.000000][    T0] x86/fpu: Supporting XSAVE feature 0x001: 'x87 floating point registers'
[    0.000000][    T0] x86/fpu: Supporting XSAVE feature 0x002: 'SSE registers'
[    0.000000][    T0] x86/fpu: Supporting XSAVE feature 0x004: 'AVX registers'
[    0.000000][    T0] x86/fpu: xstate_offset[2]:  576, xstate_sizes[2]:  256
[    0.000000][    T0] x86/fpu: Enabled xstate features 0x7, context size is 832 bytes, using 'compacted' format.
[    0.000000][    T0] BIOS-provided physical RAM map:
[    0.000000][    T0] BIOS-e820: [mem 0x0000000000000000-0x000000000009fbff] usable
[    0.000000][    T0] BIOS-e820: [mem 0x000000000009fc00-0x000000000009ffff] reserved
[    0.000000][    T0] BIOS-e820: [mem 0x00000000000f0000-0x00000000000fffff] reserved
[    0.000000][    T0] BIOS-e820: [mem 0x0000000000100000-0x000000007ffdffff] usable
[    0.000000][    T0] BIOS-e820: [mem 0x000000007ffe0000-0x000000007fffffff] reserved
[    0.000000][    T0] BIOS-e820: [mem 0x00000000feffc000-0x00000000feffffff] reserved
[    0.000000][    T0] BIOS-e820: [mem 0x00000000fffc0000-0x00000000ffffffff] reserved
[    0.000000][    T0] printk: bootconsole [earlyser0] enabled
[    0.000000][    T0] NX (Execute Disable) protection: active
[    0.000000][    T0] SMBIOS 2.8 present.
[    0.000000][    T0] DMI: QEMU Standard PC (i440FX + PIIX, 1996), BIOS 1.16.2-debian-1.16.2-1 04/01/2014
[    0.000000][    T0] Hypervisor detected: KVM
[    0.000000][    T0] kvm-clock: Using msrs 4b564d01 and 4b564d00
[    0.000000][    T0] kvm-clock: cpu 0, msr e8e5001, primary cpu clock
[    0.000008][    T0] kvm-clock: using sched offset of 987183042 cycles
[    0.002404][    T0] clocksource: kvm-clock: mask: 0xffffffffffffffff max_cycles: 0x1cd42e4dffb, max_idle_ns: 881590591483 ns
[    0.007426][    T0] tsc: Detected 2995.200 MHz processor
[    0.012916][    T0] last_pfn = 0x7ffe0 max_arch_pfn = 0x400000000
[    0.015021][    T0] x86/PAT: Configuration [0-7]: WB  WC  UC- UC  WB  WP  UC- WT  
[    0.023786][    T0] found SMP MP-table at [mem 0x000f5ba0-0x000f5baf]
[    0.025790][    T0] Using GB pages for direct mapping
[    0.027759][    T0] RAMDISK: [mem 0x7fe92000-0x7ffdffff]
[    0.029274][    T0] ACPI: Early table checksum verification disabled
[    0.031202][    T0] ACPI: RSDP 0x00000000000F59D0 000014 (v00 BOCHS )
[    0.033089][    T0] ACPI: RSDT 0x000000007FFE1B33 000034 (v01 BOCHS  BXPC     00000001 BXPC 00000001)
[    0.035861][    T0] ACPI: FACP 0x000000007FFE19DF 000074 (v01 BOCHS  BXPC     00000001 BXPC 00000001)
[    0.038851][    T0] ACPI: DSDT 0x000000007FFE0040 00199F (v01 BOCHS  BXPC     00000001 BXPC 00000001)
[    0.041500][    T0] ACPI: FACS 0x000000007FFE0000 000040
[    0.043035][    T0] ACPI: APIC 0x000000007FFE1A53 000080 (v01 BOCHS  BXPC     00000001 BXPC 00000001)
[    0.045718][    T0] ACPI: HPET 0x000000007FFE1AD3 000038 (v01 BOCHS  BXPC     00000001 BXPC 00000001)
[    0.048638][    T0] ACPI: WAET 0x000000007FFE1B0B 000028 (v01 BOCHS  BXPC     00000001 BXPC 00000001)
[    0.052448][    T0] No NUMA configuration found
[    0.054014][    T0] Faking a node at [mem 0x0000000000000000-0x000000007ffdffff]
[    0.056608][    T0] NODE_DATA(0) allocated [mem 0x7fe8d000-0x7fe91fff]
[    0.064956][    T0] Zone ranges:
[    0.066235][    T0]   DMA      [mem 0x0000000000001000-0x0000000000ffffff]
[    0.068127][    T0]   DMA32    [mem 0x0000000001000000-0x000000007ffdffff]
[    0.070064][    T0]   Normal   empty
[    0.071479][    T0]   Device   empty
[    0.072851][    T0] Movable zone start for each node
[    0.074606][    T0] Early memory node ranges
[    0.076040][    T0]   node   0: [mem 0x0000000000001000-0x000000000009efff]
[    0.078322][    T0]   node   0: [mem 0x0000000000100000-0x000000007ffdffff]
[    0.080587][    T0] Zeroed struct page in unavailable ranges: 130 pages
[    0.080626][    T0] Initmem setup node 0 [mem 0x0000000000001000-0x000000007ffdffff]
[    0.324516][    T0] kasan: KernelAddressSanitizer initialized
[    0.326955][    T0] ACPI: PM-Timer IO Port: 0x608
[    0.329386][    T0] ACPI: LAPIC_NMI (acpi_id[0xff] dfl dfl lint[0x1])
[    0.332525][    T0] IOAPIC[0]: apic_id 0, version 17, address 0xfec00000, GSI 0-23
[    0.337992][    T0] ACPI: INT_SRC_OVR (bus 0 bus_irq 0 global_irq 2 dfl dfl)
[    0.339772][    T0] ACPI: INT_SRC_OVR (bus 0 bus_irq 5 global_irq 5 high level)
[    0.341715][    T0] ACPI: INT_SRC_OVR (bus 0 bus_irq 9 global_irq 9 high level)
[    0.343629][    T0] ACPI: INT_SRC_OVR (bus 0 bus_irq 10 global_irq 10 high level)
[    0.345639][    T0] ACPI: INT_SRC_OVR (bus 0 bus_irq 11 global_irq 11 high level)
[    0.347831][    T0] Using ACPI (MADT) for SMP configuration information
[    0.350544][    T0] ACPI: HPET id: 0x8086a201 base: 0xfed00000
[    0.352626][    T0] TSC deadline timer available
[    0.354885][    T0] smpboot: Allowing 2 CPUs, 0 hotplug CPUs
[    0.358742][    T0] kvm-guest: KVM setup pv remote TLB flush
[    0.360418][    T0] kvm-guest: setup PV sched yield
[    0.361858][    T0] PM: hibernation: Registered nosave memory: [mem 0x00000000-0x00000fff]
[    0.364137][    T0] PM: hibernation: Registered nosave memory: [mem 0x0009f000-0x0009ffff]
[    0.366462][    T0] PM: hibernation: Registered nosave memory: [mem 0x000a0000-0x000effff]
[    0.372813][    T0] PM: hibernation: Registered nosave memory: [mem 0x000f0000-0x000fffff]
[    0.376081][    T0] [mem 0x80000000-0xfeffbfff] available for PCI devices
[    0.378357][    T0] Booting paravirtualized kernel on KVM
[    0.379883][    T0] clocksource: refined-jiffies: mask: 0xffffffff max_cycles: 0xffffffff, max_idle_ns: 19112604462750000 ns
[    0.414181][    T0] setup_percpu: NR_CPUS:8 nr_cpumask_bits:8 nr_cpu_ids:2 nr_node_ids:1
[    0.419907][    T0] percpu: Embedded 64 pages/cpu s222472 r8192 d31480 u1048576
[    0.422112][    T0] kvm-guest: KVM setup async PF for cpu 0
[    0.423743][    T0] kvm-guest: stealtime: cpu 0, msr 6be1fb80
[    0.425466][    T0] kvm-guest: PV spinlocks enabled
[    0.427379][    T0] PV qspinlock hash table entries: 256 (order: 0, 4096 bytes, linear)
[    0.429850][    T0] Built 1 zonelists, mobility grouping on.  Total pages: 515945
[    0.432229][    T0] Policy zone: DMA32
[    0.433582][    T0] Kernel command line: console=ttyS0 oops=panic panic=86400 nokaslr earlyprintk=serial rdinit=/init
[    0.440797][    T0] Dentry cache hash table entries: 262144 (order: 9, 2097152 bytes, linear)
[    0.446147][    T0] Inode-cache hash table entries: 131072 (order: 8, 1048576 bytes, linear)
[    0.449135][    T0] mem auto-init: stack:off, heap alloc:on, heap free:off
[    0.560257][    T0] Memory: 1519568K/2096632K available (135199K kernel code, 33155K rwdata, 28324K rodata, 3580K init, 23832K bss, 576808K reserved, 0K cma-reserved)
[    0.572787][    T0] Running RCU self tests
[    0.574785][    T0] rcu: Preemptible hierarchical RCU implementation.
[    0.580926][    T0] rcu: 	RCU lockdep checking is enabled.
[    0.586365][    T0] rcu: 	RCU restricting CPUs from NR_CPUS=8 to nr_cpu_ids=2.
[    0.588925][    T0] rcu: 	RCU callback double-/use-after-free debug enabled.
[    0.592547][    T0] rcu: 	RCU debug extended QS entry/exit.
[    0.594075][    T0] 	Trampoline variant of Tasks RCU enabled.
[    0.595629][    T0] 	Tracing variant of Tasks RCU enabled.
[    0.597523][    T0] rcu: RCU calculated value of scheduler-enlistment delay is 10 jiffies.
[    0.600124][    T0] rcu: Adjusting geometry for rcu_fanout_leaf=16, nr_cpu_ids=2
[    0.616299][    T0] NR_IRQS: 4352, nr_irqs: 440, preallocated irqs: 16
[    0.618809][    T0] random: crng done (trusting CPU's manufacturer)
[    0.642906][    T0] Console: colour VGA+ 80x25
[    0.644182][    T0] printk: console [ttyS0] enabled
[    0.644182][    T0] printk: console [ttyS0] enabled
[    0.646709][    T0] printk: bootconsole [earlyser0] disabled
[    0.646709][    T0] printk: bootconsole [earlyser0] disabled
[    0.649839][    T0] Lock dependency validator: Copyright (c) 2006 Red Hat, Inc., Ingo Molnar
[    0.652695][    T0] ... MAX_LOCKDEP_SUBCLASSES:  8
[    0.655368][    T0] ... MAX_LOCK_DEPTH:          48
[    0.657193][    T0] ... MAX_LOCKDEP_KEYS:        8192
[    0.659199][    T0] ... CLASSHASH_SIZE:          4096
[    0.660469][    T0] ... MAX_LOCKDEP_ENTRIES:     32768
[    0.661767][    T0] ... MAX_LOCKDEP_CHAINS:      65536
[    0.663090][    T0] ... CHAINHASH_SIZE:          32768
[    0.664451][    T0]  memory used by lock dependency info: 6365 kB
[    0.666049][    T0]  memory used for stack traces: 4224 kB
[    0.668000][    T0]  per task-struct memory footprint: 1920 bytes
[    0.670697][    T0] ACPI: Core revision 20201113
[    0.673547][    T0] clocksource: hpet: mask: 0xffffffff max_cycles: 0xffffffff, max_idle_ns: 19112604467 ns
[    0.678557][    T0] APIC: Switch to symmetric I/O mode setup
[    0.680078][    T0] kvm-guest: setup PV IPIs
[    0.683615][    T0] ..TIMER: vector=0x30 apic1=0 pin1=2 apic2=-1 pin2=-1
[    0.684996][    T0] clocksource: tsc-early: mask: 0xffffffffffffffff max_cycles: 0x2b2c8ec87c7, max_idle_ns: 440795278598 ns
[    0.688689][    T0] Calibrating delay loop (skipped) preset value.. 5990.40 BogoMIPS (lpj=29952000)
[    0.691556][    T0] pid_max: default: 32768 minimum: 301
[    0.693670][    T0] LSM: Security Framework initializing
[    0.695302][    T0] Yama: becoming mindful.
[    0.696540][    T0] TOMOYO Linux initialized
[    0.698726][    T0] SELinux:  Initializing.
[    0.700009][    T0] LSM support for eBPF active
[    0.701322][    T0] Mount-cache hash table entries: 4096 (order: 3, 32768 bytes, linear)
[    0.704328][    T0] Mountpoint-cache hash table entries: 4096 (order: 3, 32768 bytes, linear)
[    0.711240][    T0] x86/cpu: User Mode Instruction Prevention (UMIP) activated
[    0.714265][    T0] Last level iTLB entries: 4KB 0, 2MB 0, 4MB 0
[    0.715836][    T0] Last level dTLB entries: 4KB 0, 2MB 0, 4MB 0, 1GB 0
[    0.717570][    T0] Spectre V1 : Mitigation: usercopy/swapgs barriers and __user pointer sanitization
[    0.718657][    T0] Spectre V2 : Mitigation: Enhanced IBRS
[    0.718689][    T0] Spectre V2 : Spectre v2 / SpectreRSB mitigation: Filling RSB on context switch
[    0.721158][    T0] Spectre V2 : mitigation: Enabling conditional Indirect Branch Prediction Barrier
[    0.724176][    T0] Speculative Store Bypass: Mitigation: Speculative Store Bypass disabled via prctl and seccomp
[    0.729684][    T0] Freeing SMP alternatives memory: 104K
[    0.732214][    T1] smpboot: CPU0: 13th Gen Intel(R) Core(TM) i9-13900H (family: 0x6, model: 0xba, stepping: 0x2)
[    0.736788][    T1] Performance Events: unsupported p6 CPU model 186 no PMU driver, software events only.
[    0.738657][    T1] rcu: Hierarchical SRCU implementation.
[    0.741355][    T1] NMI watchdog: Perf NMI watchdog permanently disabled
[    0.743823][    T1] smp: Bringing up secondary CPUs ...
[    0.748139][    T1] x86: Booting SMP configuration:
[    0.748722][    T1] .... node  #0, CPUs:      #1
[    0.059997][    T0] kvm-clock: cpu 1, msr e8e5041, secondary cpu clock
[    0.753155][   T16] kvm-guest: KVM setup async PF for cpu 1
[    0.753155][   T16] kvm-guest: stealtime: cpu 1, msr 6bf1fb80
[    0.753620][    T1] smp: Brought up 1 node, 2 CPUs
[    0.758715][    T1] smpboot: Max logical packages: 1
[    0.759992][    T1] smpboot: Total of 2 processors activated (11980.80 BogoMIPS)
[    0.764046][    T1] devtmpfs: initialized
[    0.764046][    T1] x86/mm: Memory block size: 128MB
[    0.779508][   T25] kworker/u4:0 (25) used greatest stack depth: 27768 bytes left
[    0.781503][    T1] clocksource: jiffies: mask: 0xffffffff max_cycles: 0xffffffff, max_idle_ns: 19112604462750000 ns
[    0.782263][    T1] futex hash table entries: 512 (order: 4, 65536 bytes, linear)
[    0.789114][   T31] kworker/u4:1 (31) used greatest stack depth: 27536 bytes left
[    0.789114][    T1] PM: RTC time: 20:19:15, date: 2026-05-22
[    0.793472][    T1] NET: Registered protocol family 16
[    0.796307][    T1] audit: initializing netlink subsys (disabled)
[    0.798773][   T35] audit: type=2000 audit(1779481156.337:1): state=initialized audit_enabled=0 res=1
[    0.800325][    T1] thermal_sys: Registered thermal governor 'step_wise'
[    0.802040][    T1] thermal_sys: Registered thermal governor 'user_space'
[    0.804026][    T1] cpuidle: using governor menu
[    0.810637][    T1] NET: Registered protocol family 42
[    0.813063][    T1] ACPI: bus type PCI registered
[    0.815538][   T58] kworker/u4:2 (58) used greatest stack depth: 26952 bytes left
[    0.815763][    T1] PCI: Using configuration type 1 for base access
[    1.305587][    T1] HugeTLB registered 1.00 GiB page size, pre-allocated 0 pages
[    1.308690][    T1] HugeTLB registered 2.00 MiB page size, pre-allocated 0 pages
[    1.319389][    T1] cryptd: max_cpu_qlen set to 1000
[    1.340569][    T1] raid6: skip pq benchmark and using algorithm avx2x4
[    1.349027][    T1] raid6: using avx2x2 recovery algorithm
[    1.351807][    T1] ACPI: Added _OSI(Module Device)
[    1.353274][    T1] ACPI: Added _OSI(Processor Device)
[    1.355777][    T1] ACPI: Added _OSI(3.0 _SCP Extensions)
[    1.358682][    T1] ACPI: Added _OSI(Processor Aggregator Device)
[    1.360565][    T1] ACPI: Added _OSI(Linux-Dell-Video)
[    1.362179][    T1] ACPI: Added _OSI(Linux-Lenovo-NV-HDMI-Audio)
[    1.364028][    T1] ACPI: Added _OSI(Linux-HPI-Hybrid-Graphics)
[    1.386108][    T1] ACPI: 1 ACPI AML tables successfully acquired and loaded
[    1.445013][    T1] ACPI: Interpreter enabled
[    1.446515][    T1] ACPI: (supports S0 S3 S4 S5)
[    1.448102][    T1] ACPI: Using IOAPIC for interrupt routing
[    1.448879][    T1] PCI: Using host bridge windows from ACPI; if necessary, use "pci=nocrs" and report a bug
[    1.453267][    T1] ACPI: Enabled 2 GPEs in block 00 to 0F
[    1.496528][    T1] ACPI: PCI Root Bridge [PCI0] (domain 0000 [bus 00-ff])
[    1.498739][    T1] acpi PNP0A03:00: _OSC: OS supports [ASPM ClockPM Segments MSI HPX-Type3]
[    1.501386][    T1] acpi PNP0A03:00: fail to add MMCONFIG information, can't access extended PCI configuration space under this bridge.
[    1.505359][    T1] PCI host bridge to bus 0000:00
[    1.506725][    T1] pci_bus 0000:00: root bus resource [io  0x0000-0x0cf7 window]
[    1.508696][    T1] pci_bus 0000:00: root bus resource [io  0x0d00-0xffff window]
[    1.512143][    T1] pci_bus 0000:00: root bus resource [mem 0x000a0000-0x000bffff window]
[    1.516655][    T1] pci_bus 0000:00: root bus resource [mem 0x80000000-0xfebfffff window]
[    1.518693][    T1] pci_bus 0000:00: root bus resource [mem 0x100000000-0x17fffffff window]
[    1.522329][    T1] pci_bus 0000:00: root bus resource [bus 00-ff]
[    1.524964][    T1] pci 0000:00:00.0: [8086:1237] type 00 class 0x060000
[    1.531764][    T1] pci 0000:00:01.0: [8086:7000] type 00 class 0x060100
[    1.536872][    T1] pci 0000:00:01.1: [8086:7010] type 00 class 0x010180
[    1.540494][    T1] pci 0000:00:01.1: reg 0x20: [io  0xc000-0xc00f]
[    1.546073][    T1] pci 0000:00:01.1: legacy IDE quirk: reg 0x10: [io  0x01f0-0x01f7]
[    1.548675][    T1] pci 0000:00:01.1: legacy IDE quirk: reg 0x14: [io  0x03f6]
[    1.551193][    T1] pci 0000:00:01.1: legacy IDE quirk: reg 0x18: [io  0x0170-0x0177]
[    1.553620][    T1] pci 0000:00:01.1: legacy IDE quirk: reg 0x1c: [io  0x0376]
[    1.557148][    T1] pci 0000:00:01.3: [8086:7113] type 00 class 0x068000
[    1.559840][    T1] pci 0000:00:01.3: quirk: [io  0x0600-0x063f] claimed by PIIX4 ACPI
[    1.562322][    T1] pci 0000:00:01.3: quirk: [io  0x0700-0x070f] claimed by PIIX4 SMB
[    1.566190][    T1] pci 0000:00:02.0: [1234:1111] type 00 class 0x030000
[    1.569445][    T1] pci 0000:00:02.0: reg 0x10: [mem 0xfd000000-0xfdffffff pref]
[    1.575143][    T1] pci 0000:00:02.0: reg 0x18: [mem 0xfebf0000-0xfebf0fff]
[    1.583988][    T1] pci 0000:00:02.0: reg 0x30: [mem 0xfebe0000-0xfebeffff pref]
[    1.600642][    T1] ACPI: PCI Interrupt Link [LNKA] (IRQs 5 *10 11)
[    1.603881][    T1] ACPI: PCI Interrupt Link [LNKB] (IRQs 5 *10 11)
[    1.606711][    T1] ACPI: PCI Interrupt Link [LNKC] (IRQs 5 10 *11)
[    1.609538][    T1] ACPI: PCI Interrupt Link [LNKD] (IRQs 5 10 *11)
[    1.614030][    T1] ACPI: PCI Interrupt Link [LNKS] (IRQs *9)
[    1.621329][    T1] iommu: Default domain type: Translated 
[    1.623294][    T1] pci 0000:00:02.0: vgaarb: setting as boot VGA device
[    1.623294][    T1] pci 0000:00:02.0: vgaarb: VGA device added: decodes=io+mem,owns=io+mem,locks=none
[    1.628710][    T1] pci 0000:00:02.0: vgaarb: bridge control possible
[    1.630652][    T1] vgaarb: loaded
[    1.635275][    T1] SCSI subsystem initialized
[    1.640712][    T1] ACPI: bus type USB registered
[    1.643648][    T1] usbcore: registered new interface driver usbfs
[    1.645741][    T1] usbcore: registered new interface driver hub
[    1.647596][    T1] usbcore: registered new device driver usb
[    1.649662][    T1] mc: Linux media interface: v0.10
[    1.652061][    T1] videodev: Linux video capture interface: v2.00
[    1.654654][    T1] pps_core: LinuxPPS API ver. 1 registered
[    1.657358][    T1] pps_core: Software ver. 5.3.6 - Copyright 2005-2007 Rodolfo Giometti <giometti@linux.it>
[    1.660417][    T1] PTP clock support registered
[    1.662510][    T1] EDAC MC: Ver: 3.0.0
[    1.664524][    T1] Advanced Linux Sound Architecture Driver Initialized.
[    1.671346][    T1] Bluetooth: Core ver 2.22
[    1.672817][    T1] NET: Registered protocol family 31
[    1.674361][    T1] Bluetooth: HCI device and connection manager initialized
[    1.676628][    T1] Bluetooth: HCI socket layer initialized
[    1.678344][    T1] Bluetooth: L2CAP socket layer initialized
[    1.679109][    T1] Bluetooth: SCO socket layer initialized
[    1.680941][    T1] NET: Registered protocol family 8
[    1.683620][    T1] NET: Registered protocol family 20
[    1.686680][    T1] NetLabel: Initializing
[    1.688129][    T1] NetLabel:  domain hash size = 128
[    1.688709][    T1] NetLabel:  protocols = UNLABELED CIPSOv4 CALIPSO
[    1.691034][    T1] NetLabel:  unlabeled traffic allowed by default
[    1.698953][    T1] nfc: nfc_init: NFC Core ver 0.1
[    1.701521][    T1] NET: Registered protocol family 39
[    1.704398][    T1] PCI: Using ACPI for IRQ routing
[    1.708262][    T1] hpet0: at MMIO 0xfed00000, IRQs 2, 8, 0
[    1.710422][    T1] hpet0: 3 comparators, 64-bit 100.000000 MHz counter
[    1.715755][    T1] clocksource: Switched to clocksource kvm-clock
[    2.070494][    T1] VFS: Disk quotas dquot_6.6.0
[    2.071785][    T1] VFS: Dquot-cache hash table entries: 512 (order 0, 4096 bytes)
[    2.074024][    T1] FS-Cache: Loaded
[    2.075680][    T1] CacheFiles: Loaded
[    2.076892][    T1] TOMOYO: 2.6.0
[    2.077682][    T1] Mandatory Access Control activated.
[    2.079319][    T1] pnp: PnP ACPI init
[    2.084705][    T1] pnp: PnP ACPI: found 6 devices
[    2.128589][    T1] clocksource: acpi_pm: mask: 0xffffff max_cycles: 0xffffff, max_idle_ns: 2085701024 ns
[    2.132791][    T1] NET: Registered protocol family 2
[    2.135914][    T1] tcp_listen_portaddr_hash hash table entries: 1024 (order: 4, 81920 bytes, linear)
[    2.142460][    T1] TCP established hash table entries: 16384 (order: 5, 131072 bytes, linear)
[    2.148764][    T1] TCP bind hash table entries: 16384 (order: 8, 1179648 bytes, linear)
[    2.151224][    T1] TCP: Hash tables configured (established 16384 bind 16384)
[    2.154121][    T1] MPTCP token hash table entries: 2048 (order: 5, 180224 bytes, linear)
[    2.156639][    T1] UDP hash table entries: 1024 (order: 5, 163840 bytes, linear)
[    2.163146][    T1] UDP-Lite hash table entries: 1024 (order: 5, 163840 bytes, linear)
[    2.166106][    T1] NET: Registered protocol family 1
[    2.168316][    T1] RPC: Registered named UNIX socket transport module.
[    2.170190][    T1] RPC: Registered udp transport module.
[    2.171634][    T1] RPC: Registered tcp transport module.
[    2.173491][    T1] RPC: Registered tcp NFSv4.1 backchannel transport module.
[    2.177187][    T1] NET: Registered protocol family 44
[    2.179055][    T1] pci_bus 0000:00: resource 4 [io  0x0000-0x0cf7 window]
[    2.181214][    T1] pci_bus 0000:00: resource 5 [io  0x0d00-0xffff window]
[    2.183454][    T1] pci_bus 0000:00: resource 6 [mem 0x000a0000-0x000bffff window]
[    2.185611][    T1] pci_bus 0000:00: resource 7 [mem 0x80000000-0xfebfffff window]
[    2.187735][    T1] pci_bus 0000:00: resource 8 [mem 0x100000000-0x17fffffff window]
[    2.190408][    T1] pci 0000:00:01.0: PIIX3: Enabling Passive Release
[    2.192284][    T1] pci 0000:00:00.0: Limiting direct PCI/PCI transfers
[    2.194583][    T1] pci 0000:00:01.0: Activating ISA DMA hang workarounds
[    2.197012][    T1] pci 0000:00:02.0: Video device with shadowed ROM at [mem 0x000c0000-0x000dffff]
[    2.200298][    T1] PCI: CLS 0 bytes, default 64
[    2.203964][    T1] Trying to unpack rootfs image as initramfs...
[    2.337822][    T1] Freeing initrd memory: 1336K
[    2.342669][    T1] kvm: already loaded the other module
[    2.344028][    T1] clocksource: tsc: mask: 0xffffffffffffffff max_cycles: 0x2b2c8ec87c7, max_idle_ns: 440795278598 ns
[    3.799870][    T1] Initialise system trusted keyrings
[    3.801749][    T1] workingset: timestamp_bits=40 max_order=19 bucket_order=0
[    3.804515][    T1] zbud: loaded
[    3.807670][    T1] DLM installed
[    3.809601][    T1] squashfs: version 4.0 (2009/01/31) Phillip Lougher
[    3.812921][    T1] FS-Cache: Netfs 'nfs' registered for caching
[    3.815133][    T1] NFS: Registering the id_resolver key type
[    3.816775][    T1] Key type id_resolver registered
[    3.818260][    T1] Key type id_legacy registered
[    3.819679][    T1] nfs4filelayout_init: NFSv4 File Layout Driver Registering...
[    3.821996][    T1] Installing knfsd (copyright (C) 1996 okir@monad.swb.de).
[    3.826275][    T1] FS-Cache: Netfs 'cifs' registered for caching
[    3.828455][    T1] Key type cifs.spnego registered
[    3.829896][    T1] Key type cifs.idmap registered
[    3.831221][    T1] ntfs: driver 2.1.32 [Flags: R/W].
[    3.832679][    T1] efs: 1.0a - http://aeschi.ch.eu.org/efs/
[    3.834088][    T1] jffs2: version 2.2. (NAND) (SUMMARY)  © 2001-2006 Red Hat, Inc.
[    3.837106][    T1] romfs: ROMFS MTD (C) 2007 Red Hat, Inc.
[    3.838892][    T1] QNX4 filesystem 0.2.3 registered.
[    3.840244][    T1] qnx6: QNX6 filesystem 1.0.0 registered.
[    3.842177][    T1] fuse: init (API version 7.33)
[    3.844475][    T1] orangefs_debugfs_init: called with debug mask: :none: :0:
[    3.846577][    T1] orangefs_init: module version upstream loaded
[    3.848303][    T1] JFS: nTxBlock = 8192, nTxLock = 65536
[    3.862168][    T1] SGI XFS with ACLs, security attributes, realtime, quota, no debug enabled
[    3.865626][    T1] 9p: Installing v9fs 9p2000 file system support
[    3.867363][    T1] FS-Cache: Netfs '9p' registered for caching
[    3.870293][    T1] NILFS version 2 loaded
[    3.871352][    T1] befs: version: 0.9.3
[    3.874068][    T1] ocfs2: Registered cluster interface o2cb
[    3.876054][    T1] ocfs2: Registered cluster interface user
[    3.878084][    T1] OCFS2 User DLM kernel interface loaded
[    3.885149][    T1] gfs2: GFS2 installed
[    3.893031][    T1] FS-Cache: Netfs 'ceph' registered for caching
[    3.894606][    T1] ceph: loaded (mds proto 32)
[    3.903679][    T1] NET: Registered protocol family 38
[    3.905593][    T1] xor: automatically using best checksumming function   avx       
[    3.907616][    T1] async_tx: api initialized (async)
[    3.909022][    T1] Key type asymmetric registered
[    3.910354][    T1] Asymmetric key parser 'x509' registered
[    3.912027][    T1] Asymmetric key parser 'pkcs8' registered
[    3.913838][    T1] Key type pkcs7_test registered
[    3.915318][    T1] Asymmetric key parser 'tpm_parser' registered
[    3.917342][    T1] Block layer SCSI generic (bsg) driver version 0.4 loaded (major 241)
[    3.919937][    T1] io scheduler mq-deadline registered
[    3.921208][    T1] io scheduler kyber registered
[    3.922607][    T1] io scheduler bfq registered
[    3.932446][    T1] usbcore: registered new interface driver udlfb
[    3.934102][    T1] usbcore: registered new interface driver smscufx
[    3.938094][    T1] uvesafb: failed to execute /sbin/v86d
[    3.939578][    T1] uvesafb: make sure that the v86d helper is installed and executable
[    3.941819][    T1] uvesafb: Getting VBE info block failed (eax=0x4f00, err=-2)
[    3.943986][    T1] uvesafb: vbe_init() failed with -22
[    3.945994][    T1] uvesafb: probe of uvesafb.0 failed with error -22
[    3.948304][    T1] vga16fb: mapped to 0x000000004d8565db
[    5.480681][    T1] Console: switching to colour frame buffer device 80x30
[    6.515184][    T1] fb0: VGA16 VGA frame buffer device
[    6.518885][    T1] input: Power Button as /devices/LNXSYSTM:00/LNXPWRBN:00/input/input0
[    6.529243][    T1] ACPI: Power Button [PWRF]
[    6.733928][    T1] N_HDLC line discipline registered with maxframe=4096
[    6.736374][    T1] Serial: 8250/16550 driver, 4 ports, IRQ sharing enabled
[    6.738697][    T1] 00:04: ttyS0 at I/O 0x3f8 (irq = 4, base_baud = 115200) is a 16550A
[    6.746799][    T1] Cyclades driver 2.6
[    6.748002][    T1] Initializing Nozomi driver 2.1d
[    6.749955][    T1] RocketPort device driver module, version 2.09, 12-June-2003
[    6.752558][    T1] No rocketport ports found; unloading driver
[    6.756547][    T1] Non-volatile memory driver v1.3
[    6.758035][    T1] Linux agpgart interface v0.103
[    6.764658][    T1] [drm] Initialized vgem 1.0.0 20120112 for vgem on minor 0
[    6.771312][    T1] [drm] Initialized vkms 1.0.0 20180514 for vkms on minor 1
[    6.781365][    T1] platform vkms: [drm] fb1: vkmsdrmfb frame buffer device
[    6.785097][    T1] usbcore: registered new interface driver udl
[    6.787678][    T1] fb0: switching to bochsdrmfb from VGA16 VGA
[    7.421412][    T1] Console: switching to colour VGA+ 80x25
[    7.425055][    T1] bochs-drm 0000:00:02.0: vgaarb: deactivate vga console
[    7.430620][    T1] Console: switching to colour dummy device 80x25
[    7.438440][    T1] [drm] Found bochs VGA, ID 0xb0c5.
[    7.440024][    T1] [drm] Framebuffer size 16384 kB @ 0xfd000000, mmio @ 0xfebf0000.
[    7.445086][    T1] [TTM] Zone  kernel: Available graphics memory: 760632 KiB
[    7.449487][    T1] [drm] Found EDID data blob.
[    7.452028][    T1] [drm] Initialized bochs-drm 1.0.0 20130925 for 0000:00:02.0 on minor 2
[    7.463984][    T1] fbcon: bochs-drmdrmfb (fb0) is primary device
[    7.472442][    T1] Console: switching to colour frame buffer device 160x50
[    7.491905][    T1] bochs-drm 0000:00:02.0: [drm] fb0: bochs-drmdrmfb frame buffer device
[    7.501696][  T420] Floppy drive(s): fd0 is 2.88M AMI BIOS
[    7.518808][    T1] brd: module loaded
[    7.529928][  T420] FDC 0 is a S82078B
[    7.565120][    T1] loop: module loaded
[    7.685304][    T1] zram: Added device: zram0
[    7.690360][    T1] null_blk: module loaded
[    7.691616][    T1] Guest personality initialized and is inactive
[    7.693536][    T1] VMCI host device registered (name=vmci, major=10, minor=120)
[    7.696320][    T1] Initialized host personality
[    7.698545][    T1] usbcore: registered new interface driver rtsx_usb
[    7.702120][    T1] usbcore: registered new interface driver viperboard
[    7.704138][    T1] usbcore: registered new interface driver dln2
[    7.707418][    T1] usbcore: registered new interface driver pn533_usb
[    7.714241][    T1] nfcsim 0.2 initialized
[    7.715427][    T1] usbcore: registered new interface driver port100
[    7.717427][    T1] usbcore: registered new interface driver nfcmrvl
[    7.721962][    T1] Loading iSCSI transport class v2.0-870.
[    7.727670][    T1] st: Version 20160209, fixed bufsize 32768, s/g segs 256
[    7.740840][    T1] scsi host0: ata_piix
[    7.745708][    T1] scsi host1: ata_piix
[    7.747316][    T1] ata1: PATA max MWDMA2 cmd 0x1f0 ctl 0x3f6 bmdma 0xc000 irq 14
[    7.749669][    T1] ata2: PATA max MWDMA2 cmd 0x170 ctl 0x376 bmdma 0xc008 irq 15
[    7.754232][    T1] Rounding down aligned max_sectors from 4294967295 to 4294967288
[    7.756610][    T1] db_root: cannot open: /etc/target
[    7.759340][    T1] slram: not enough parameters.
[    7.765599][    T1] ftl_cs: FTL header not found.
[    7.779956][    T1] wireguard: WireGuard 1.0.0 loaded. See www.wireguard.com for information.
[    7.783008][    T1] wireguard: Copyright (C) 2015-2019 Jason A. Donenfeld <Jason@zx2c4.com>. All Rights Reserved.
[    7.786361][    T1] eql: Equalizer2002: Simon Janes (simon@ncm.com) and David S. Miller (davem@redhat.com)
[    7.793866][    T1] MACsec IEEE 802.1AE
[    7.796316][    T1] libphy: Fixed MDIO Bus: probed
[    7.799382][    T1] tun: Universal TUN/TAP device driver, 1.6
[    7.802379][    T1] vcan: Virtual CAN interface driver
[    7.803863][    T1] vxcan: Virtual CAN Tunnel driver
[    7.805124][    T1] slcan: serial line CAN interface driver
[    7.806574][    T1] slcan: 10 dynamic interface channels.
[    7.807997][    T1] CAN device driver interface
[    7.809363][    T1] usbcore: registered new interface driver usb_8dev
[    7.810781][    T1] usbcore: registered new interface driver ems_usb
[    7.812631][    T1] usbcore: registered new interface driver esd_usb2
[    7.814643][    T1] usbcore: registered new interface driver gs_usb
[    7.816592][    T1] usbcore: registered new interface driver kvaser_usb
[    7.818571][    T1] usbcore: registered new interface driver mcba_usb
[    7.821319][    T1] usbcore: registered new interface driver peak_usb
[    7.823608][    T1] e100: Intel(R) PRO/100 Network Driver
[    7.825180][    T1] e100: Copyright(c) 1999-2006 Intel Corporation
[    7.826958][    T1] e1000: Intel(R) PRO/1000 Network Driver
[    7.828530][    T1] e1000: Copyright (c) 1999-2006 Intel Corporation.
[    7.830356][    T1] e1000e: Intel(R) PRO/1000 Network Driver
[    7.831865][    T1] e1000e: Copyright(c) 1999 - 2015 Intel Corporation.
[    7.833962][    T1] mkiss: AX.25 Multikiss, Hans Albas PE1AYX
[    7.835952][    T1] AX.25: 6pack driver, Revision: 0.3.0
[    7.837578][    T1] AX.25: bpqether driver version 004
[    7.839168][    T1] PPP generic driver version 2.4.2
[    7.841319][    T1] PPP BSD Compression module registered
[    7.842950][    T1] PPP Deflate Compression module registered
[    7.844574][    T1] PPP MPPE Compression module registered
[    7.846219][    T1] NET: Registered protocol family 24
[    7.847617][    T1] PPTP driver version 0.8.5
[    7.849637][    T1] SLIP: version 0.8.4-NET3.019-NEWTTY (dynamic channels, max=256) (6 bit encapsulation enabled).
[    7.852374][    T1] CSLIP: code copyright 1989 Regents of the University of California.
[    7.855165][    T1] SLIP linefill/keepalive option.
[    7.856683][    T1] hdlc: HDLC support module revision 1.22
[    7.858493][    T1] LAPB Ethernet driver version 0.02
[    7.860301][    T1] usbcore: registered new interface driver ath9k_htc
[    7.861744][    T1] usbcore: registered new interface driver carl9170
[    7.863747][    T1] usbcore: registered new interface driver ath6kl_usb
[    7.865569][    T1] usbcore: registered new interface driver ar5523
[    7.867500][    T1] usbcore: registered new interface driver ath10k_usb
[    7.869390][    T1] usbcore: registered new interface driver rndis_wlan
[    7.871328][    T1] mac80211_hwsim: initializing netlink
[    7.883159][    T1] usbcore: registered new interface driver atusb
[    7.888722][    T1] mac802154_hwsim mac802154_hwsim: Added 2 mac802154 hwsim hardware radios
[    7.891554][    T1] VMware vmxnet3 virtual NIC driver - version 1.5.0.0-k-NAPI
[    7.898167][    T1] usbcore: registered new interface driver catc
[    7.900660][    T1] usbcore: registered new interface driver kaweth
[    7.902310][    T1] pegasus: v0.9.3 (2013/04/25), Pegasus/Pegasus II USB Ethernet driver
[    7.904465][    T1] usbcore: registered new interface driver pegasus
[    7.906246][    T1] usbcore: registered new interface driver rtl8150
[    7.907984][    T1] usbcore: registered new interface driver r8152
[    7.909946][    T1] hso: drivers/net/usb/hso.c: Option Wireless
[    7.911770][    T1] usbcore: registered new interface driver hso
[    7.913770][    T1] usbcore: registered new interface driver lan78xx
[    7.915904][    T1] usbcore: registered new interface driver asix
[    7.918031][    T1] usbcore: registered new interface driver ax88179_178a
[    7.920338][    T1] usbcore: registered new interface driver cdc_ether
[    7.922238][    T1] usbcore: registered new interface driver cdc_eem
[    7.924042][    T1] usbcore: registered new interface driver dm9601
[    7.925744][    T1] usbcore: registered new interface driver sr9700
[    7.927545][    T1] usbcore: registered new interface driver CoreChips
[    7.930115][    T1] usbcore: registered new interface driver smsc75xx
[    7.932659][    T1] usbcore: registered new interface driver smsc95xx
[    7.933489][ T3062] ata2.00: ATAPI: QEMU DVD-ROM, 2.5+, max UDMA/100
[    7.934964][    T1] usbcore: registered new interface driver gl620a
[    7.940118][    T1] usbcore: registered new interface driver net1080
[    7.942043][    T1] usbcore: registered new interface driver plusb
[    7.944153][    T1] usbcore: registered new interface driver rndis_host
[    7.946312][    T1] usbcore: registered new interface driver cdc_subset
[    7.948550][    T1] usbcore: registered new interface driver zaurus
[    7.950562][    T1] usbcore: registered new interface driver MOSCHIP usb-ethernet driver
[    7.952372][  T420] scsi 1:0:0:0: CD-ROM            QEMU     QEMU DVD-ROM     2.5+ PQ: 0 ANSI: 5
[    7.953743][    T1] usbcore: registered new interface driver int51x1
[    7.958860][    T1] usbcore: registered new interface driver cdc_phonet
[    7.960893][    T1] usbcore: registered new interface driver kalmia
[    7.962652][    T1] usbcore: registered new interface driver ipheth
[    7.964557][    T1] usbcore: registered new interface driver sierra_net
[    7.966493][    T1] usbcore: registered new interface driver cx82310_eth
[    7.969193][    T1] usbcore: registered new interface driver cdc_ncm
[    7.971521][    T1] usbcore: registered new interface driver huawei_cdc_ncm
[    7.974041][    T1] usbcore: registered new interface driver lg-vl600
[    7.976228][    T1] usbcore: registered new interface driver qmi_wwan
[    7.978713][    T1] usbcore: registered new interface driver cdc_mbim
[    7.980757][    T1] usbcore: registered new interface driver ch9200
[    7.984775][    T1] VFIO - User Level meta-driver version: 0.3
[    7.989820][    T1] aoe: AoE v85 initialised.
[    7.994119][    T1] ehci_hcd: USB 2.0 'Enhanced' Host Controller (EHCI) Driver
[    7.996790][    T1] ehci-pci: EHCI PCI platform driver
[    7.998737][    T1] ehci-platform: EHCI generic platform driver
[    8.000706][    T1] ohci_hcd: USB 1.1 'Open' Host Controller (OHCI) Driver
[    8.002623][    T1] ohci-pci: OHCI PCI platform driver
[    8.004222][    T1] ohci-platform: OHCI generic platform driver
[    8.005906][    T1] uhci_hcd: USB Universal Host Controller Interface driver
[    8.010659][  T420] sr 1:0:0:0: [sr0] scsi3-mmc drive: 4x/4x cd/rw xa/form2 tray
[    8.011329][    T1] driver u132_hcd
[    8.012664][  T420] cdrom: Uniform CD-ROM driver Revision: 3.20
[    8.017140][    T1] fotg210_hcd: FOTG210 Host Controller (EHCI) Driver
[    8.019404][    T1] Warning! fotg210_hcd should always be loaded before uhci_hcd and ohci_hcd, not after
[    8.022976][    T1] usbcore: registered new interface driver cdc_acm
[    8.024903][    T1] cdc_acm: USB Abstract Control Model driver for USB modems and ISDN adapters
[    8.028229][    T1] usbcore: registered new interface driver usblp
[    8.030596][    T1] usbcore: registered new interface driver cdc_wdm
[    8.032721][    T1] usbcore: registered new interface driver usbtmc
[    8.035274][    T1] usbcore: registered new interface driver uas
[    8.037186][    T1] usbcore: registered new interface driver usb-storage
[    8.039663][    T1] usbcore: registered new interface driver ums-alauda
[    8.041792][    T1] usbcore: registered new interface driver ums-cypress
[    8.045251][    T1] usbcore: registered new interface driver ums-datafab
[    8.047527][    T1] usbcore: registered new interface driver ums_eneub6250
[    8.049896][    T1] usbcore: registered new interface driver ums-freecom
[    8.052289][    T1] usbcore: registered new interface driver ums-isd200
[    8.054876][    T1] usbcore: registered new interface driver ums-jumpshot
[    8.057773][    T1] usbcore: registered new interface driver ums-karma
[    8.060604][    T1] usbcore: registered new interface driver ums-onetouch
[    8.061015][  T420] sr 1:0:0:0: Attached scsi generic sg0 type 5
[    8.063621][    T1] usbcore: registered new interface driver ums-realtek
[    8.069104][    T1] usbcore: registered new interface driver ums-sddr09
[    8.071211][    T1] usbcore: registered new interface driver ums-sddr55
[    8.073303][    T1] usbcore: registered new interface driver ums-usbat
[    8.075426][    T1] usbcore: registered new interface driver mdc800
[    8.079602][    T1] mdc800: v0.7.5 (30/10/2000):USB Driver for Mustek MDC800 Digital Camera
[    8.082338][    T1] usbcore: registered new interface driver microtekX6
[    8.085028][    T1] usbcore: registered new interface driver usbserial_generic
[    8.087567][    T1] usbserial: USB Serial support registered for generic
[    8.089969][    T1] usbcore: registered new interface driver aircable
[    8.091928][    T1] usbserial: USB Serial support registered for aircable
[    8.094091][    T1] usbcore: registered new interface driver ark3116
[    8.096355][    T1] usbserial: USB Serial support registered for ark3116
[    8.099047][    T1] usbcore: registered new interface driver belkin_sa
[    8.101225][    T1] usbserial: USB Serial support registered for Belkin / Peracom / GoHubs USB Serial Adapter
[    8.104483][    T1] usbcore: registered new interface driver ch341
[    8.106660][    T1] usbserial: USB Serial support registered for ch341-uart
[    8.108920][    T1] usbcore: registered new interface driver cp210x
[    8.110863][    T1] usbserial: USB Serial support registered for cp210x
[    8.112800][    T1] usbcore: registered new interface driver cyberjack
[    8.115195][    T1] usbserial: USB Serial support registered for Reiner SCT Cyberjack USB card reader
[    8.118779][    T1] usbcore: registered new interface driver cypress_m8
[    8.122138][    T1] usbserial: USB Serial support registered for DeLorme Earthmate USB
[    8.124725][    T1] usbserial: USB Serial support registered for HID->COM RS232 Adapter
[    8.127053][    T1] usbserial: USB Serial support registered for Nokia CA-42 V2 Adapter
[    8.130048][    T1] usbcore: registered new interface driver usb_debug
[    8.132479][    T1] usbserial: USB Serial support registered for debug
[    8.134800][    T1] usbserial: USB Serial support registered for xhci_dbc
[    8.137279][    T1] usbcore: registered new interface driver digi_acceleport
[    8.139741][    T1] usbserial: USB Serial support registered for Digi 2 port USB adapter
[    8.142182][    T1] usbserial: USB Serial support registered for Digi 4 port USB adapter
[    8.144564][    T1] usbcore: registered new interface driver io_edgeport
[    8.146494][    T1] usbserial: USB Serial support registered for Edgeport 2 port adapter
[    8.149792][    T1] usbserial: USB Serial support registered for Edgeport 4 port adapter
[    8.152636][    T1] usbserial: USB Serial support registered for Edgeport 8 port adapter
[    8.155355][    T1] usbserial: USB Serial support registered for EPiC device
[    8.157720][    T1] usbcore: registered new interface driver io_ti
[    8.159680][    T1] usbserial: USB Serial support registered for Edgeport TI 1 port adapter
[    8.162329][    T1] usbserial: USB Serial support registered for Edgeport TI 2 port adapter
[    8.165083][    T1] usbcore: registered new interface driver empeg
[    8.167122][    T1] usbserial: USB Serial support registered for empeg
[    8.169069][    T1] usbcore: registered new interface driver f81534a_ctrl
[    8.171656][    T1] usbcore: registered new interface driver f81232
[    8.174216][    T1] usbserial: USB Serial support registered for f81232
[    8.176477][    T1] usbserial: USB Serial support registered for f81534a
[    8.178963][    T1] usbcore: registered new interface driver f81534
[    8.180927][    T1] usbserial: USB Serial support registered for Fintek F81532/F81534
[    8.183421][    T1] usbcore: registered new interface driver ftdi_sio
[    8.185774][    T1] usbserial: USB Serial support registered for FTDI USB Serial Device
[    8.188429][    T1] usbcore: registered new interface driver garmin_gps
[    8.191474][    T1] usbserial: USB Serial support registered for Garmin GPS usb/tty
[    8.196036][    T1] usbcore: registered new interface driver ipaq
[    8.197918][    T1] usbserial: USB Serial support registered for PocketPC PDA
[    8.200132][    T1] usbcore: registered new interface driver ipw
[    8.202034][    T1] usbserial: USB Serial support registered for IPWireless converter
[    8.204532][    T1] usbcore: registered new interface driver ir_usb
[    8.206575][    T1] usbserial: USB Serial support registered for IR Dongle
[    8.208898][    T1] usbcore: registered new interface driver iuu_phoenix
[    8.211058][    T1] usbserial: USB Serial support registered for iuu_phoenix
[    8.213229][    T1] usbcore: registered new interface driver keyspan
[    8.215217][    T1] usbserial: USB Serial support registered for Keyspan - (without firmware)
[    8.217916][    T1] usbserial: USB Serial support registered for Keyspan 1 port adapter
[    8.220595][    T1] usbserial: USB Serial support registered for Keyspan 2 port adapter
[    8.223321][    T1] usbserial: USB Serial support registered for Keyspan 4 port adapter
[    8.226184][    T1] usbcore: registered new interface driver keyspan_pda
[    8.229488][    T1] usbserial: USB Serial support registered for Keyspan PDA
[    8.231555][    T1] usbserial: USB Serial support registered for Keyspan PDA - (prerenumeration)
[    8.234198][    T1] usbcore: registered new interface driver kl5kusb105
[    8.236250][    T1] usbserial: USB Serial support registered for KL5KUSB105D / PalmConnect
[    8.238953][    T1] usbcore: registered new interface driver kobil_sct
[    8.241184][    T1] usbserial: USB Serial support registered for KOBIL USB smart card terminal
[    8.246473][    T1] usbcore: registered new interface driver mct_u232
[    8.248539][    T1] usbserial: USB Serial support registered for MCT U232
[    8.250662][    T1] usbcore: registered new interface driver metro_usb
[    8.253349][    T1] usbserial: USB Serial support registered for Metrologic USB to Serial
[    8.255987][    T1] usbcore: registered new interface driver mos7720
[    8.258016][    T1] usbserial: USB Serial support registered for Moschip 2 port adapter
[    8.260811][    T1] usbcore: registered new interface driver mos7840
[    8.263356][    T1] usbserial: USB Serial support registered for Moschip 7840/7820 USB Serial Driver
[    8.266146][    T1] usbcore: registered new interface driver mxuport
[    8.267996][    T1] usbserial: USB Serial support registered for MOXA UPort
[    8.270214][    T1] usbcore: registered new interface driver navman
[    8.272152][    T1] usbserial: USB Serial support registered for navman
[    8.274278][    T1] usbcore: registered new interface driver omninet
[    8.278735][    T1] usbserial: USB Serial support registered for ZyXEL - omni.net lcd plus usb
[    8.281580][    T1] usbcore: registered new interface driver opticon
[    8.283558][    T1] usbserial: USB Serial support registered for opticon
[    8.285731][    T1] usbcore: registered new interface driver option
[    8.287573][    T1] usbserial: USB Serial support registered for GSM modem (1-port)
[    8.290012][    T1] usbcore: registered new interface driver oti6858
[    8.292049][    T1] usbserial: USB Serial support registered for oti6858
[    8.296913][    T1] usbcore: registered new interface driver pl2303
[    8.298818][    T1] usbserial: USB Serial support registered for pl2303
[    8.300909][    T1] usbcore: registered new interface driver qcaux
[    8.302789][    T1] usbserial: USB Serial support registered for qcaux
[    8.304675][    T1] usbcore: registered new interface driver qcserial
[    8.306537][    T1] usbserial: USB Serial support registered for Qualcomm USB modem
[    8.309217][    T1] usbcore: registered new interface driver quatech2
[    8.313025][    T1] usbserial: USB Serial support registered for Quatech 2nd gen USB to Serial Driver
[    8.315956][    T1] usbcore: registered new interface driver safe_serial
[    8.318151][    T1] usbserial: USB Serial support registered for safe_serial
[    8.320588][    T1] usbcore: registered new interface driver sierra
[    8.322563][    T1] usbserial: USB Serial support registered for Sierra USB modem
[    8.324823][    T1] usbcore: registered new interface driver usb_serial_simple
[    8.326992][    T1] usbserial: USB Serial support registered for carelink
[    8.329270][    T1] usbserial: USB Serial support registered for zio
[    8.331209][    T1] usbserial: USB Serial support registered for funsoft
[    8.333320][    T1] usbserial: USB Serial support registered for flashloader
[    8.335521][    T1] usbserial: USB Serial support registered for google
[    8.337823][    T1] usbserial: USB Serial support registered for libtransistor
[    8.340126][    T1] usbserial: USB Serial support registered for vivopay
[    8.342149][    T1] usbserial: USB Serial support registered for moto_modem
[    8.344221][    T1] usbserial: USB Serial support registered for motorola_tetra
[    8.346355][    T1] usbserial: USB Serial support registered for novatel_gps
[    8.349158][    T1] usbserial: USB Serial support registered for hp4x
[    8.351232][    T1] usbserial: USB Serial support registered for suunto
[    8.353534][    T1] usbserial: USB Serial support registered for siemens_mpi
[    8.355821][    T1] usbcore: registered new interface driver spcp8x5
[    8.357946][    T1] usbserial: USB Serial support registered for SPCP8x5
[    8.360077][    T1] usbcore: registered new interface driver ssu100
[    8.361735][    T1] usbserial: USB Serial support registered for Quatech SSU-100 USB to Serial Driver
[    8.364491][    T1] usbcore: registered new interface driver symbolserial
[    8.366766][    T1] usbserial: USB Serial support registered for symbol
[    8.368894][    T1] usbcore: registered new interface driver ti_usb_3410_5052
[    8.370998][    T1] usbserial: USB Serial support registered for TI USB 3410 1 port adapter
[    8.373744][    T1] usbserial: USB Serial support registered for TI USB 5052 2 port adapter
[    8.376406][    T1] usbcore: registered new interface driver upd78f0730
[    8.378559][    T1] usbserial: USB Serial support registered for upd78f0730
[    8.380675][    T1] usbcore: registered new interface driver visor
[    8.382539][    T1] usbserial: USB Serial support registered for Handspring Visor / Palm OS
[    8.385683][    T1] usbserial: USB Serial support registered for Sony Clie 5.0
[    8.388009][    T1] usbserial: USB Serial support registered for Sony Clie 3.5
[    8.390331][    T1] usbcore: registered new interface driver wishbone_serial
[    8.392583][    T1] usbserial: USB Serial support registered for wishbone_serial
[    8.395237][    T1] usbcore: registered new interface driver whiteheat
[    8.397176][    T1] usbserial: USB Serial support registered for Connect Tech - WhiteHEAT - (prerenumeration)
[    8.400363][    T1] usbserial: USB Serial support registered for Connect Tech - WhiteHEAT
[    8.402988][    T1] usbcore: registered new interface driver xsens_mt
[    8.405041][    T1] usbserial: USB Serial support registered for xsens_mt
[    8.407291][    T1] usbcore: registered new interface driver adutux
[    8.409464][    T1] usbcore: registered new interface driver appledisplay
[    8.411944][    T1] usbcore: registered new interface driver cypress_cy7c63
[    8.414033][    T1] usbcore: registered new interface driver cytherm
[    8.416053][    T1] usbcore: registered new interface driver emi26 - firmware loader
[    8.418518][    T1] usbcore: registered new interface driver emi62 - firmware loader
[    8.420885][    T1] ftdi_elan: driver ftdi-elan
[    8.422851][    T1] usbcore: registered new interface driver ftdi-elan
[    8.424970][    T1] usbcore: registered new interface driver idmouse
[    8.426983][    T1] usbcore: registered new interface driver iowarrior
[    8.429289][    T1] usbcore: registered new interface driver isight_firmware
[    8.431506][    T1] usbcore: registered new interface driver usblcd
[    8.433420][    T1] usbcore: registered new interface driver ldusb
[    8.435409][    T1] usbcore: registered new interface driver legousbtower
[    8.437525][    T1] usbcore: registered new interface driver usbtest
[    8.439829][    T1] usbcore: registered new interface driver usb_ehset_test
[    8.442043][    T1] usbcore: registered new interface driver trancevibrator
[    8.444257][    T1] usbcore: registered new interface driver uss720
[    8.446327][    T1] uss720: USB Parport Cable driver for Cables using the Lucent Technologies USS720 Chip
[    8.449118][    T1] uss720: NOTE: this is a special purpose driver to allow nonstandard
[    8.451480][    T1] uss720: protocols (eg. bitbang) over USS720 usb to parallel cables
[    8.453867][    T1] uss720: If you just want to connect to a printer, use usblp instead
[    8.456364][    T1] usbcore: registered new interface driver usbsevseg
[    8.458627][    T1] usbcore: registered new interface driver yurex
[    8.461985][    T1] usbcore: registered new interface driver chaoskey
[    8.464145][    T1] usbcore: registered new interface driver sisusb
[    8.466153][    T1] usbcore: registered new interface driver lvs
[    8.468048][    T1] usbcore: registered new interface driver cxacru
[    8.470053][    T1] usbcore: registered new interface driver speedtch
[    8.472072][    T1] usbcore: registered new interface driver ueagle-atm
[    8.473971][    T1] xusbatm: malformed module parameters
[    8.476561][    T1] dummy_hcd dummy_hcd.0: USB Host+Gadget Emulator, driver 02 May 2005
[    8.480138][    T1] dummy_hcd dummy_hcd.0: Dummy host controller
[    8.482981][    T1] dummy_hcd dummy_hcd.0: new USB bus registered, assigned bus number 1
[    8.486115][    T1] usb usb1: New USB device found, idVendor=1d6b, idProduct=0002, bcdDevice= 5.11
[    8.488951][    T1] usb usb1: New USB device strings: Mfr=3, Product=2, SerialNumber=1
[    8.491288][    T1] usb usb1: Product: Dummy host controller
[    8.492958][    T1] usb usb1: Manufacturer: Linux 5.11.0+ dummy_hcd
[    8.494533][    T1] usb usb1: SerialNumber: dummy_hcd.0
[    8.497929][    T1] hub 1-0:1.0: USB hub found
[    8.499654][    T1] hub 1-0:1.0: 1 port detected
[    8.504371][    T1] gadgetfs: USB Gadget filesystem, version 24 Aug 2004
[    8.508453][    T1] vhci_hcd vhci_hcd.0: USB/IP Virtual Host Controller
[    8.510733][    T1] vhci_hcd vhci_hcd.0: new USB bus registered, assigned bus number 2
[    8.513118][    T1] vhci_hcd: created sysfs vhci_hcd.0
[    8.515078][    T1] usb usb2: New USB device found, idVendor=1d6b, idProduct=0002, bcdDevice= 5.11
[    8.517725][    T1] usb usb2: New USB device strings: Mfr=3, Product=2, SerialNumber=1
[    8.520620][    T1] usb usb2: Product: USB/IP Virtual Host Controller
[    8.522531][    T1] usb usb2: Manufacturer: Linux 5.11.0+ vhci_hcd
[    8.525834][    T1] usb usb2: SerialNumber: vhci_hcd.0
[    8.530005][    T1] hub 2-0:1.0: USB hub found
[    8.531572][    T1] hub 2-0:1.0: 8 ports detected
[    8.535382][    T1] vhci_hcd vhci_hcd.0: USB/IP Virtual Host Controller
[    8.538069][    T1] vhci_hcd vhci_hcd.0: new USB bus registered, assigned bus number 3
[    8.540903][    T1] usb usb3: We don't know the algorithms for LPM for this host, disabling LPM.
[    8.543962][    T1] usb usb3: New USB device found, idVendor=1d6b, idProduct=0003, bcdDevice= 5.11
[    8.546585][    T1] usb usb3: New USB device strings: Mfr=3, Product=2, SerialNumber=1
[    8.548834][    T1] usb usb3: Product: USB/IP Virtual Host Controller
[    8.550657][    T1] usb usb3: Manufacturer: Linux 5.11.0+ vhci_hcd
[    8.552365][    T1] usb usb3: SerialNumber: vhci_hcd.0
[    8.555479][    T1] hub 3-0:1.0: USB hub found
[    8.556995][    T1] hub 3-0:1.0: 8 ports detected
[    8.561357][    T1] vhci_hcd vhci_hcd.1: USB/IP Virtual Host Controller
[    8.563867][    T1] vhci_hcd vhci_hcd.1: new USB bus registered, assigned bus number 4
[    8.566367][    T1] usb usb4: New USB device found, idVendor=1d6b, idProduct=0002, bcdDevice= 5.11
[    8.568913][    T1] usb usb4: New USB device strings: Mfr=3, Product=2, SerialNumber=1
[    8.571235][    T1] usb usb4: Product: USB/IP Virtual Host Controller
[    8.573130][    T1] usb usb4: Manufacturer: Linux 5.11.0+ vhci_hcd
[    8.574957][    T1] usb usb4: SerialNumber: vhci_hcd.1
[    8.580487][    T1] hub 4-0:1.0: USB hub found
[    8.581839][    T1] hub 4-0:1.0: 8 ports detected
[    8.585191][    T1] vhci_hcd vhci_hcd.1: USB/IP Virtual Host Controller
[    8.587624][    T1] vhci_hcd vhci_hcd.1: new USB bus registered, assigned bus number 5
[    8.590204][    T1] usb usb5: We don't know the algorithms for LPM for this host, disabling LPM.
[    8.593006][    T1] usb usb5: New USB device found, idVendor=1d6b, idProduct=0003, bcdDevice= 5.11
[    8.596194][    T1] usb usb5: New USB device strings: Mfr=3, Product=2, SerialNumber=1
[    8.598565][    T1] usb usb5: Product: USB/IP Virtual Host Controller
[    8.600362][    T1] usb usb5: Manufacturer: Linux 5.11.0+ vhci_hcd
[    8.602151][    T1] usb usb5: SerialNumber: vhci_hcd.1
[    8.604758][    T1] hub 5-0:1.0: USB hub found
[    8.606154][    T1] hub 5-0:1.0: 8 ports detected
[    8.610101][    T1] vhci_hcd vhci_hcd.2: USB/IP Virtual Host Controller
[    8.612557][    T1] vhci_hcd vhci_hcd.2: new USB bus registered, assigned bus number 6
[    8.615350][    T1] usb usb6: New USB device found, idVendor=1d6b, idProduct=0002, bcdDevice= 5.11
[    8.618290][    T1] usb usb6: New USB device strings: Mfr=3, Product=2, SerialNumber=1
[    8.621413][    T1] usb usb6: Product: USB/IP Virtual Host Controller
[    8.623303][    T1] usb usb6: Manufacturer: Linux 5.11.0+ vhci_hcd
[    8.625085][    T1] usb usb6: SerialNumber: vhci_hcd.2
[    8.633098][    T1] hub 6-0:1.0: USB hub found
[    8.634597][    T1] hub 6-0:1.0: 8 ports detected
[    8.638000][    T1] vhci_hcd vhci_hcd.2: USB/IP Virtual Host Controller
[    8.641469][    T1] vhci_hcd vhci_hcd.2: new USB bus registered, assigned bus number 7
[    8.643788][    T1] usb usb7: We don't know the algorithms for LPM for this host, disabling LPM.
[    8.646419][    T1] usb usb7: New USB device found, idVendor=1d6b, idProduct=0003, bcdDevice= 5.11
[    8.650818][    T1] usb usb7: New USB device strings: Mfr=3, Product=2, SerialNumber=1
[    8.653151][    T1] usb usb7: Product: USB/IP Virtual Host Controller
[    8.655163][    T1] usb usb7: Manufacturer: Linux 5.11.0+ vhci_hcd
[    8.657051][    T1] usb usb7: SerialNumber: vhci_hcd.2
[    8.659853][    T1] hub 7-0:1.0: USB hub found
[    8.660990][    T1] hub 7-0:1.0: 8 ports detected
[    8.665032][    T1] vhci_hcd vhci_hcd.3: USB/IP Virtual Host Controller
[    8.667685][    T1] vhci_hcd vhci_hcd.3: new USB bus registered, assigned bus number 8
[    8.671201][    T1] usb usb8: New USB device found, idVendor=1d6b, idProduct=0002, bcdDevice= 5.11
[    8.674051][    T1] usb usb8: New USB device strings: Mfr=3, Product=2, SerialNumber=1
[    8.676503][    T1] usb usb8: Product: USB/IP Virtual Host Controller
[    8.678345][    T1] usb usb8: Manufacturer: Linux 5.11.0+ vhci_hcd
[    8.680234][    T1] usb usb8: SerialNumber: vhci_hcd.3
[    8.682883][    T1] hub 8-0:1.0: USB hub found
[    8.684245][    T1] hub 8-0:1.0: 8 ports detected
[    8.687755][    T1] vhci_hcd vhci_hcd.3: USB/IP Virtual Host Controller
[    8.690634][    T1] vhci_hcd vhci_hcd.3: new USB bus registered, assigned bus number 9
[    8.693010][    T1] usb usb9: We don't know the algorithms for LPM for this host, disabling LPM.
[    8.695879][    T1] usb usb9: New USB device found, idVendor=1d6b, idProduct=0003, bcdDevice= 5.11
[    8.698707][    T1] usb usb9: New USB device strings: Mfr=3, Product=2, SerialNumber=1
[    8.700930][    T1] usb usb9: Product: USB/IP Virtual Host Controller
[    8.703290][    T1] usb usb9: Manufacturer: Linux 5.11.0+ vhci_hcd
[    8.705552][    T1] usb usb9: SerialNumber: vhci_hcd.3
[    8.708088][    T1] hub 9-0:1.0: USB hub found
[    8.709506][    T1] hub 9-0:1.0: 8 ports detected
[    8.712868][    T1] vhci_hcd vhci_hcd.4: USB/IP Virtual Host Controller
[    8.715226][    T1] vhci_hcd vhci_hcd.4: new USB bus registered, assigned bus number 10
[    8.718114][    T1] usb usb10: New USB device found, idVendor=1d6b, idProduct=0002, bcdDevice= 5.11
[    8.721174][    T1] usb usb10: New USB device strings: Mfr=3, Product=2, SerialNumber=1
[    8.723460][    T1] usb usb10: Product: USB/IP Virtual Host Controller
[    8.725295][    T1] usb usb10: Manufacturer: Linux 5.11.0+ vhci_hcd
[    8.727094][    T1] usb usb10: SerialNumber: vhci_hcd.4
[    8.730326][    T1] hub 10-0:1.0: USB hub found
[    8.731810][    T1] hub 10-0:1.0: 8 ports detected
[    8.735269][    T1] vhci_hcd vhci_hcd.4: USB/IP Virtual Host Controller
[    8.737589][    T1] vhci_hcd vhci_hcd.4: new USB bus registered, assigned bus number 11
[    8.740328][    T1] usb usb11: We don't know the algorithms for LPM for this host, disabling LPM.
[    8.743270][    T1] usb usb11: New USB device found, idVendor=1d6b, idProduct=0003, bcdDevice= 5.11
[    8.745949][    T1] usb usb11: New USB device strings: Mfr=3, Product=2, SerialNumber=1
[    8.748652][    T1] usb usb11: Product: USB/IP Virtual Host Controller
[    8.750772][    T1] usb usb11: Manufacturer: Linux 5.11.0+ vhci_hcd
[    8.752560][    T1] usb usb11: SerialNumber: vhci_hcd.4
[    8.755200][    T1] hub 11-0:1.0: USB hub found
[    8.756678][    T1] hub 11-0:1.0: 8 ports detected
[    8.760934][    T1] vhci_hcd vhci_hcd.5: USB/IP Virtual Host Controller
[    8.763802][    T1] vhci_hcd vhci_hcd.5: new USB bus registered, assigned bus number 12
[    8.766612][    T1] usb usb12: New USB device found, idVendor=1d6b, idProduct=0002, bcdDevice= 5.11
[    8.770047][    T1] usb usb12: New USB device strings: Mfr=3, Product=2, SerialNumber=1
[    8.772395][    T1] usb usb12: Product: USB/IP Virtual Host Controller
[    8.774261][    T1] usb usb12: Manufacturer: Linux 5.11.0+ vhci_hcd
[    8.776020][    T1] usb usb12: SerialNumber: vhci_hcd.5
[    8.778754][    T1] hub 12-0:1.0: USB hub found
[    8.780539][    T1] hub 12-0:1.0: 8 ports detected
[    8.784218][    T1] vhci_hcd vhci_hcd.5: USB/IP Virtual Host Controller
[    8.786613][    T1] vhci_hcd vhci_hcd.5: new USB bus registered, assigned bus number 13
[    8.789534][    T1] usb usb13: We don't know the algorithms for LPM for this host, disabling LPM.
[    8.792338][    T1] usb usb13: New USB device found, idVendor=1d6b, idProduct=0003, bcdDevice= 5.11
[    8.795001][    T1] usb usb13: New USB device strings: Mfr=3, Product=2, SerialNumber=1
[    8.797408][    T1] usb usb13: Product: USB/IP Virtual Host Controller
[    8.799296][    T1] usb usb13: Manufacturer: Linux 5.11.0+ vhci_hcd
[    8.801066][    T1] usb usb13: SerialNumber: vhci_hcd.5
[    8.803607][    T1] hub 13-0:1.0: USB hub found
[    8.805010][    T1] hub 13-0:1.0: 8 ports detected
[    8.809095][    T1] vhci_hcd vhci_hcd.6: USB/IP Virtual Host Controller
[    8.811185][    T1] vhci_hcd vhci_hcd.6: new USB bus registered, assigned bus number 14
[    8.813689][    T1] usb usb14: New USB device found, idVendor=1d6b, idProduct=0002, bcdDevice= 5.11
[    8.816159][    T1] usb usb14: New USB device strings: Mfr=3, Product=2, SerialNumber=1
[    8.818386][    T1] usb usb14: Product: USB/IP Virtual Host Controller
[    8.821051][    T1] usb usb14: Manufacturer: Linux 5.11.0+ vhci_hcd
[    8.822899][    T1] usb usb14: SerialNumber: vhci_hcd.6
[    8.825486][    T1] hub 14-0:1.0: USB hub found
[    8.827070][    T1] hub 14-0:1.0: 8 ports detected
[    8.831392][    T1] vhci_hcd vhci_hcd.6: USB/IP Virtual Host Controller
[    8.833854][    T1] vhci_hcd vhci_hcd.6: new USB bus registered, assigned bus number 15
[    8.836240][    T1] usb usb15: We don't know the algorithms for LPM for this host, disabling LPM.
[    8.839367][    T1] usb usb15: New USB device found, idVendor=1d6b, idProduct=0003, bcdDevice= 5.11
[    8.841940][    T1] usb usb15: New USB device strings: Mfr=3, Product=2, SerialNumber=1
[    8.844043][    T1] usb usb15: Product: USB/IP Virtual Host Controller
[    8.845694][    T1] usb usb15: Manufacturer: Linux 5.11.0+ vhci_hcd
[    8.847435][    T1] usb usb15: SerialNumber: vhci_hcd.6
[    8.850245][    T1] hub 15-0:1.0: USB hub found
[    8.851673][    T1] hub 15-0:1.0: 8 ports detected
[    8.855672][    T1] vhci_hcd vhci_hcd.7: USB/IP Virtual Host Controller
[    8.858333][    T1] vhci_hcd vhci_hcd.7: new USB bus registered, assigned bus number 16
[    8.861125][    T1] usb usb16: New USB device found, idVendor=1d6b, idProduct=0002, bcdDevice= 5.11
[    8.863753][    T1] usb usb16: New USB device strings: Mfr=3, Product=2, SerialNumber=1
[    8.865968][    T1] usb usb16: Product: USB/IP Virtual Host Controller
[    8.867730][    T1] usb usb16: Manufacturer: Linux 5.11.0+ vhci_hcd
[    8.870119][    T1] usb usb16: SerialNumber: vhci_hcd.7
[    8.872818][    T1] hub 16-0:1.0: USB hub found
[    8.874326][    T1] hub 16-0:1.0: 8 ports detected
[    8.880411][    T1] vhci_hcd vhci_hcd.7: USB/IP Virtual Host Controller
[    8.882779][    T1] vhci_hcd vhci_hcd.7: new USB bus registered, assigned bus number 17
[    8.885183][    T1] usb usb17: We don't know the algorithms for LPM for this host, disabling LPM.
[    8.887929][    T1] usb usb17: New USB device found, idVendor=1d6b, idProduct=0003, bcdDevice= 5.11
[    8.890851][    T1] usb usb17: New USB device strings: Mfr=3, Product=2, SerialNumber=1
[    8.893070][    T1] usb usb17: Product: USB/IP Virtual Host Controller
[    8.894770][    T1] usb usb17: Manufacturer: Linux 5.11.0+ vhci_hcd
[    8.896959][    T1] usb usb17: SerialNumber: vhci_hcd.7
[    8.899896][    T1] hub 17-0:1.0: USB hub found
[    8.901923][    T1] hub 17-0:1.0: 8 ports detected
[    8.905849][    T1] vhci_hcd vhci_hcd.8: USB/IP Virtual Host Controller
[    8.908197][    T1] vhci_hcd vhci_hcd.8: new USB bus registered, assigned bus number 18
[    8.911417][    T1] usb usb18: New USB device found, idVendor=1d6b, idProduct=0002, bcdDevice= 5.11
[    8.914256][    T1] usb usb18: New USB device strings: Mfr=3, Product=2, SerialNumber=1
[    8.916574][    T1] usb usb18: Product: USB/IP Virtual Host Controller
[    8.918612][    T1] usb usb18: Manufacturer: Linux 5.11.0+ vhci_hcd
[    8.920661][    T1] usb usb18: SerialNumber: vhci_hcd.8
[    8.923320][    T1] hub 18-0:1.0: USB hub found
[    8.924697][    T1] hub 18-0:1.0: 8 ports detected
[    8.928097][    T1] vhci_hcd vhci_hcd.8: USB/IP Virtual Host Controller
[    8.930408][    T1] vhci_hcd vhci_hcd.8: new USB bus registered, assigned bus number 19
[    8.933152][    T1] usb usb19: We don't know the algorithms for LPM for this host, disabling LPM.
[    8.935945][    T1] usb usb19: New USB device found, idVendor=1d6b, idProduct=0003, bcdDevice= 5.11
[    8.938590][    T1] usb usb19: New USB device strings: Mfr=3, Product=2, SerialNumber=1
[    8.941280][    T1] usb usb19: Product: USB/IP Virtual Host Controller
[    8.943457][    T1] usb usb19: Manufacturer: Linux 5.11.0+ vhci_hcd
[    8.945304][    T1] usb usb19: SerialNumber: vhci_hcd.8
[    8.948133][    T1] hub 19-0:1.0: USB hub found
[    8.949587][    T1] hub 19-0:1.0: 8 ports detected
[    8.953688][    T1] vhci_hcd vhci_hcd.9: USB/IP Virtual Host Controller
[    8.957414][    T1] vhci_hcd vhci_hcd.9: new USB bus registered, assigned bus number 20
[    8.966257][    T1] usb usb20: New USB device found, idVendor=1d6b, idProduct=0002, bcdDevice= 5.11
[    8.968805][    T1] usb usb20: New USB device strings: Mfr=3, Product=2, SerialNumber=1
[    8.970895][    T1] usb usb20: Product: USB/IP Virtual Host Controller
[    8.972663][    T1] usb usb20: Manufacturer: Linux 5.11.0+ vhci_hcd
[    8.974396][    T1] usb usb20: SerialNumber: vhci_hcd.9
[    8.977755][    T1] hub 20-0:1.0: USB hub found
[    8.979494][    T1] hub 20-0:1.0: 8 ports detected
[    8.983241][    T1] vhci_hcd vhci_hcd.9: USB/IP Virtual Host Controller
[    8.985492][    T1] vhci_hcd vhci_hcd.9: new USB bus registered, assigned bus number 21
[    8.987755][    T1] usb usb21: We don't know the algorithms for LPM for this host, disabling LPM.
[    8.990829][    T1] usb usb21: New USB device found, idVendor=1d6b, idProduct=0003, bcdDevice= 5.11
[    8.993718][    T1] usb usb21: New USB device strings: Mfr=3, Product=2, SerialNumber=1
[    8.996261][    T1] usb usb21: Product: USB/IP Virtual Host Controller
[    8.998027][    T1] usb usb21: Manufacturer: Linux 5.11.0+ vhci_hcd
[    9.000140][    T1] usb usb21: SerialNumber: vhci_hcd.9
[    9.002818][    T1] hub 21-0:1.0: USB hub found
[    9.004187][    T1] hub 21-0:1.0: 8 ports detected
[    9.008213][    T1] vhci_hcd vhci_hcd.10: USB/IP Virtual Host Controller
[    9.011946][    T1] vhci_hcd vhci_hcd.10: new USB bus registered, assigned bus number 22
[    9.014520][    T1] usb usb22: New USB device found, idVendor=1d6b, idProduct=0002, bcdDevice= 5.11
[    9.017121][    T1] usb usb22: New USB device strings: Mfr=3, Product=2, SerialNumber=1
[    9.019462][    T1] usb usb22: Product: USB/IP Virtual Host Controller
[    9.021251][    T1] usb usb22: Manufacturer: Linux 5.11.0+ vhci_hcd
[    9.022984][    T1] usb usb22: SerialNumber: vhci_hcd.10
[    9.025752][    T1] hub 22-0:1.0: USB hub found
[    9.027264][    T1] hub 22-0:1.0: 8 ports detected
[    9.030865][    T1] vhci_hcd vhci_hcd.10: USB/IP Virtual Host Controller
[    9.034687][    T1] vhci_hcd vhci_hcd.10: new USB bus registered, assigned bus number 23
[    9.037823][    T1] usb usb23: We don't know the algorithms for LPM for this host, disabling LPM.
[    9.041077][    T1] usb usb23: New USB device found, idVendor=1d6b, idProduct=0003, bcdDevice= 5.11
[    9.043590][    T1] usb usb23: New USB device strings: Mfr=3, Product=2, SerialNumber=1
[    9.045763][    T1] usb usb23: Product: USB/IP Virtual Host Controller
[    9.047605][    T1] usb usb23: Manufacturer: Linux 5.11.0+ vhci_hcd
[    9.049486][    T1] usb usb23: SerialNumber: vhci_hcd.10
[    9.052482][    T1] hub 23-0:1.0: USB hub found
[    9.054087][    T1] hub 23-0:1.0: 8 ports detected
[    9.058303][    T1] vhci_hcd vhci_hcd.11: USB/IP Virtual Host Controller
[    9.063546][    T1] vhci_hcd vhci_hcd.11: new USB bus registered, assigned bus number 24
[    9.066062][    T1] usb usb24: New USB device found, idVendor=1d6b, idProduct=0002, bcdDevice= 5.11
[    9.068544][    T1] usb usb24: New USB device strings: Mfr=3, Product=2, SerialNumber=1
[    9.071098][    T1] usb usb24: Product: USB/IP Virtual Host Controller
[    9.072982][    T1] usb usb24: Manufacturer: Linux 5.11.0+ vhci_hcd
[    9.074768][    T1] usb usb24: SerialNumber: vhci_hcd.11
[    9.077406][    T1] hub 24-0:1.0: USB hub found
[    9.078600][    T1] hub 24-0:1.0: 8 ports detected
[    9.081978][    T1] vhci_hcd vhci_hcd.11: USB/IP Virtual Host Controller
[    9.084374][    T1] vhci_hcd vhci_hcd.11: new USB bus registered, assigned bus number 25
[    9.086825][    T1] usb usb25: We don't know the algorithms for LPM for this host, disabling LPM.
[    9.089848][    T1] usb usb25: New USB device found, idVendor=1d6b, idProduct=0003, bcdDevice= 5.11
[    9.092819][    T1] usb usb25: New USB device strings: Mfr=3, Product=2, SerialNumber=1
[    9.095294][    T1] usb usb25: Product: USB/IP Virtual Host Controller
[    9.097268][    T1] usb usb25: Manufacturer: Linux 5.11.0+ vhci_hcd
[    9.099374][    T1] usb usb25: SerialNumber: vhci_hcd.11
[    9.102208][    T1] hub 25-0:1.0: USB hub found
[    9.103604][    T1] hub 25-0:1.0: 8 ports detected
[    9.107375][    T1] vhci_hcd vhci_hcd.12: USB/IP Virtual Host Controller
[    9.110700][    T1] vhci_hcd vhci_hcd.12: new USB bus registered, assigned bus number 26
[    9.113689][    T1] usb usb26: New USB device found, idVendor=1d6b, idProduct=0002, bcdDevice= 5.11
[    9.116369][    T1] usb usb26: New USB device strings: Mfr=3, Product=2, SerialNumber=1
[    9.118840][    T1] usb usb26: Product: USB/IP Virtual Host Controller
[    9.120740][    T1] usb usb26: Manufacturer: Linux 5.11.0+ vhci_hcd
[    9.122417][    T1] usb usb26: SerialNumber: vhci_hcd.12
[    9.125068][    T1] hub 26-0:1.0: USB hub found
[    9.126493][    T1] hub 26-0:1.0: 8 ports detected
[    9.130610][    T1] vhci_hcd vhci_hcd.12: USB/IP Virtual Host Controller
[    9.133114][    T1] vhci_hcd vhci_hcd.12: new USB bus registered, assigned bus number 27
[    9.135759][    T1] usb usb27: We don't know the algorithms for LPM for this host, disabling LPM.
[    9.138620][    T1] usb usb27: New USB device found, idVendor=1d6b, idProduct=0003, bcdDevice= 5.11
[    9.141558][    T1] usb usb27: New USB device strings: Mfr=3, Product=2, SerialNumber=1
[    9.143948][    T1] usb usb27: Product: USB/IP Virtual Host Controller
[    9.146798][    T1] usb usb27: Manufacturer: Linux 5.11.0+ vhci_hcd
[    9.149109][    T1] usb usb27: SerialNumber: vhci_hcd.12
[    9.153062][    T1] hub 27-0:1.0: USB hub found
[    9.154600][    T1] hub 27-0:1.0: 8 ports detected
[    9.159823][    T1] vhci_hcd vhci_hcd.13: USB/IP Virtual Host Controller
[    9.162420][    T1] vhci_hcd vhci_hcd.13: new USB bus registered, assigned bus number 28
[    9.166009][    T1] usb usb28: New USB device found, idVendor=1d6b, idProduct=0002, bcdDevice= 5.11
[    9.169139][    T1] usb usb28: New USB device strings: Mfr=3, Product=2, SerialNumber=1
[    9.171515][    T1] usb usb28: Product: USB/IP Virtual Host Controller
[    9.173506][    T1] usb usb28: Manufacturer: Linux 5.11.0+ vhci_hcd
[    9.175456][    T1] usb usb28: SerialNumber: vhci_hcd.13
[    9.179576][    T1] hub 28-0:1.0: USB hub found
[    9.181012][    T1] hub 28-0:1.0: 8 ports detected
[    9.184758][    T1] vhci_hcd vhci_hcd.13: USB/IP Virtual Host Controller
[    9.187287][    T1] vhci_hcd vhci_hcd.13: new USB bus registered, assigned bus number 29
[    9.190211][    T1] usb usb29: We don't know the algorithms for LPM for this host, disabling LPM.
[    9.193297][    T1] usb usb29: New USB device found, idVendor=1d6b, idProduct=0003, bcdDevice= 5.11
[    9.196157][    T1] usb usb29: New USB device strings: Mfr=3, Product=2, SerialNumber=1
[    9.198507][    T1] usb usb29: Product: USB/IP Virtual Host Controller
[    9.200414][    T1] usb usb29: Manufacturer: Linux 5.11.0+ vhci_hcd
[    9.202297][    T1] usb usb29: SerialNumber: vhci_hcd.13
[    9.205098][    T1] hub 29-0:1.0: USB hub found
[    9.206575][    T1] hub 29-0:1.0: 8 ports detected
[    9.212407][    T1] vhci_hcd vhci_hcd.14: USB/IP Virtual Host Controller
[    9.215056][    T1] vhci_hcd vhci_hcd.14: new USB bus registered, assigned bus number 30
[    9.217749][    T1] usb usb30: New USB device found, idVendor=1d6b, idProduct=0002, bcdDevice= 5.11
[    9.221026][    T1] usb usb30: New USB device strings: Mfr=3, Product=2, SerialNumber=1
[    9.223309][    T1] usb usb30: Product: USB/IP Virtual Host Controller
[    9.225337][    T1] usb usb30: Manufacturer: Linux 5.11.0+ vhci_hcd
[    9.227390][    T1] usb usb30: SerialNumber: vhci_hcd.14
[    9.231342][    T1] hub 30-0:1.0: USB hub found
[    9.232864][    T1] hub 30-0:1.0: 8 ports detected
[    9.236666][    T1] vhci_hcd vhci_hcd.14: USB/IP Virtual Host Controller
[    9.239045][    T1] vhci_hcd vhci_hcd.14: new USB bus registered, assigned bus number 31
[    9.241575][    T1] usb usb31: We don't know the algorithms for LPM for this host, disabling LPM.
[    9.244635][    T1] usb usb31: New USB device found, idVendor=1d6b, idProduct=0003, bcdDevice= 5.11
[    9.247388][    T1] usb usb31: New USB device strings: Mfr=3, Product=2, SerialNumber=1
[    9.250765][    T1] usb usb31: Product: USB/IP Virtual Host Controller
[    9.252779][    T1] usb usb31: Manufacturer: Linux 5.11.0+ vhci_hcd
[    9.254700][    T1] usb usb31: SerialNumber: vhci_hcd.14
[    9.258647][    T1] hub 31-0:1.0: USB hub found
[    9.260732][    T1] hub 31-0:1.0: 8 ports detected
[    9.265092][    T1] vhci_hcd vhci_hcd.15: USB/IP Virtual Host Controller
[    9.267979][    T1] vhci_hcd vhci_hcd.15: new USB bus registered, assigned bus number 32
[    9.270967][    T1] usb usb32: New USB device found, idVendor=1d6b, idProduct=0002, bcdDevice= 5.11
[    9.273552][    T1] usb usb32: New USB device strings: Mfr=3, Product=2, SerialNumber=1
[    9.275845][    T1] usb usb32: Product: USB/IP Virtual Host Controller
[    9.277747][    T1] usb usb32: Manufacturer: Linux 5.11.0+ vhci_hcd
[    9.279717][    T1] usb usb32: SerialNumber: vhci_hcd.15
[    9.283589][    T1] hub 32-0:1.0: USB hub found
[    9.285502][    T1] hub 32-0:1.0: 8 ports detected
[    9.289836][    T1] vhci_hcd vhci_hcd.15: USB/IP Virtual Host Controller
[    9.293004][    T1] vhci_hcd vhci_hcd.15: new USB bus registered, assigned bus number 33
[    9.295667][    T1] usb usb33: We don't know the algorithms for LPM for this host, disabling LPM.
[    9.300855][    T1] usb usb33: New USB device found, idVendor=1d6b, idProduct=0003, bcdDevice= 5.11
[    9.304614][    T1] usb usb33: New USB device strings: Mfr=3, Product=2, SerialNumber=1
[    9.307726][    T1] usb usb33: Product: USB/IP Virtual Host Controller
[    9.310393][    T1] usb usb33: Manufacturer: Linux 5.11.0+ vhci_hcd
[    9.312946][    T1] usb usb33: SerialNumber: vhci_hcd.15
[    9.316853][    T1] hub 33-0:1.0: USB hub found
[    9.318500][    T1] hub 33-0:1.0: 8 ports detected
[    9.326345][    T1] usbcore: registered new device driver usbip-host
[    9.330988][    T1] i8042: PNP: PS/2 Controller [PNP0303:KBD,PNP0f13:MOU] at 0x60,0x64 irq 1,12
[    9.335601][    T1] serio: i8042 KBD port at 0x60,0x64 irq 1
[    9.338590][    T1] serio: i8042 AUX port at 0x60,0x64 irq 12
[    9.342845][    T1] mousedev: PS/2 mouse device common for all mice
[    9.347123][    T1] usbcore: registered new interface driver appletouch
[    9.350327][ T3195] input: AT Translated Set 2 keyboard as /devices/platform/i8042/serio0/input/input1
[    9.351001][    T1] usbcore: registered new interface driver bcm5974
[    9.357729][    T1] usbcore: registered new interface driver synaptics_usb
[    9.360702][    T1] usbcore: registered new interface driver iforce
[    9.364013][    T1] usbcore: registered new interface driver xpad
[    9.366040][    T1] usbcore: registered new interface driver usb_acecad
[    9.368157][    T1] usbcore: registered new interface driver aiptek
[    9.371656][    T1] usbcore: registered new interface driver hanwang
[    9.374193][    T1] usbcore: registered new interface driver kbtab
[    9.378754][    T1] usbcore: registered new interface driver pegasus_notetaker
[    9.381616][    T1] usbcore: registered new interface driver usbtouchscreen
[    9.384042][    T1] usbcore: registered new interface driver sur40
[    9.386024][    T1] usbcore: registered new interface driver ati_remote2
[    9.387958][    T1] cm109: Keymap for Komunikate KIP1000 phone loaded
[    9.390449][    T1] usbcore: registered new interface driver cm109
[    9.392504][    T1] cm109: CM109 phone driver: 20080805 (C) Alfred E. Heggestad
[    9.394866][    T1] usbcore: registered new interface driver ims_pcu
[    9.397357][    T1] usbcore: registered new interface driver keyspan_remote
[    9.400513][    T1] usbcore: registered new interface driver powermate
[    9.402955][    T1] usbcore: registered new interface driver yealink
[    9.405844][    T1] rtc_cmos 00:05: RTC can wake from S4
[    9.410378][    T1] rtc_cmos 00:05: registered as rtc0
[    9.412230][    T1] rtc_cmos 00:05: alarms up to one day, y3k, 242 bytes nvram, hpet irqs
[    9.415051][    T1] i2c /dev entries driver
[    9.416695][    T1] usbcore: registered new interface driver i2c-diolan-u2c
[    9.419189][    T1] usbcore: registered new interface driver RobotFuzz Open Source InterFace, OSIF
[    9.422070][    T1] usbcore: registered new interface driver i2c-tiny-usb
[    9.425313][    T1] usbcore: registered new interface driver ati_remote
[    9.427265][    T1] usbcore: registered new interface driver imon
[    9.430291][    T1] usbcore: registered new interface driver mceusb
[    9.432445][    T1] usbcore: registered new interface driver redrat3
[    9.434482][    T1] usbcore: registered new interface driver streamzap
[    9.436663][    T1] usbcore: registered new interface driver igorplugusb
[    9.438944][    T1] usbcore: registered new interface driver iguanair
[    9.441095][    T1] usbcore: registered new interface driver ttusbir
[    9.443351][    T1] b2c2-flexcop: B2C2 FlexcopII/II(b)/III digital TV receiver chip loaded successfully
[    9.446527][    T1] saa7134: saa7130/34: v4l2 driver version 0, 2, 17 loaded
[    9.449808][    T1] usbcore: registered new interface driver ttusb-dec
[    9.452097][    T1] usbcore: registered new interface driver ttusb
[    9.454360][    T1] usbcore: registered new interface driver dvb_usb_vp7045
[    9.456873][    T1] usbcore: registered new interface driver dvb_usb_vp702x
[    9.459246][    T1] usbcore: registered new interface driver dvb_usb_gp8psk
[    9.461458][    T1] usbcore: registered new interface driver dvb_usb_dtt200u
[    9.463748][    T1] usbcore: registered new interface driver dvb_usb_a800
[    9.466098][    T1] usbcore: registered new interface driver dvb_usb_dibusb_mb
[    9.468857][    T1] usbcore: registered new interface driver dvb_usb_dibusb_mc
[    9.471367][    T1] usbcore: registered new interface driver dvb_usb_nova_t_usb2
[    9.473933][    T1] usbcore: registered new interface driver dvb_usb_umt_010
[    9.476194][    T1] usbcore: registered new interface driver dvb_usb_m920x
[    9.477952][    T1] usbcore: registered new interface driver dvb_usb_digitv
[    9.480629][    T1] usbcore: registered new interface driver dvb_usb_cxusb
[    9.482868][    T1] usbcore: registered new interface driver dvb_usb_ttusb2
[    9.485090][    T1] usbcore: registered new interface driver dvb_usb_dib0700
[    9.487609][    T1] usbcore: registered new interface driver opera1
[    9.489999][    T1] usbcore: registered new interface driver dvb_usb_af9005
[    9.492282][    T1] usbcore: registered new interface driver pctv452e
[    9.494688][    T1] usbcore: registered new interface driver dw2102
[    9.496750][    T1] usbcore: registered new interface driver dvb_usb_dtv5100
[    9.499036][    T1] usbcore: registered new interface driver cinergyT2
[    9.501118][    T1] usbcore: registered new interface driver dvb_usb_az6027
[    9.503389][    T1] usbcore: registered new interface driver dvb_usb_technisat_usb2
[    9.505940][    T1] usbcore: registered new interface driver dvb_usb_af9015
[    9.508361][    T1] usbcore: registered new interface driver dvb_usb_af9035
[    9.510941][    T1] usbcore: registered new interface driver dvb_usb_anysee
[    9.513413][    T1] usbcore: registered new interface driver dvb_usb_au6610
[    9.515725][    T1] usbcore: registered new interface driver dvb_usb_az6007
[    9.517964][    T1] usbcore: registered new interface driver dvb_usb_ce6230
[    9.520495][    T1] usbcore: registered new interface driver dvb_usb_ec168
[    9.522875][    T1] usbcore: registered new interface driver dvb_usb_lmedm04
[    9.525254][    T1] usbcore: registered new interface driver dvb_usb_gl861
[    9.528008][    T1] usbcore: registered new interface driver dvb_usb_mxl111sf
[    9.530635][    T1] usbcore: registered new interface driver dvb_usb_rtl28xxu
[    9.532919][    T1] usbcore: registered new interface driver dvb_usb_dvbsky
[    9.535144][    T1] usbcore: registered new interface driver zd1301
[    9.537135][    T1] usbcore: registered new interface driver smsusb
[    9.539332][    T1] usbcore: registered new interface driver b2c2_flexcop_usb
[    9.544699][    T1] usbcore: registered new interface driver zr364xx
[    9.546937][    T1] usbcore: registered new interface driver stkwebcam
[    9.549159][    T1] usbcore: registered new interface driver s2255
[    9.552769][    T1] usbcore: registered new interface driver uvcvideo
[    9.554721][    T1] USB Video Class driver (1.1.1)
[    9.556113][    T1] gspca_main: v2.14.0 registered
[    9.557685][    T1] usbcore: registered new interface driver benq
[    9.559878][    T1] usbcore: registered new interface driver conex
[    9.562147][    T1] usbcore: registered new interface driver cpia1
[    9.564236][    T1] usbcore: registered new interface driver dtcs033
[    9.566347][    T1] usbcore: registered new interface driver etoms
[    9.568216][    T1] usbcore: registered new interface driver finepix
[    9.571298][    T1] usbcore: registered new interface driver jeilinj
[    9.573844][    T1] usbcore: registered new interface driver jl2005bcd
[    9.576345][    T1] usbcore: registered new interface driver kinect
[    9.578332][    T1] usbcore: registered new interface driver konica
[    9.580483][    T1] usbcore: registered new interface driver mars
[    9.582625][    T1] usbcore: registered new interface driver mr97310a
[    9.584684][    T1] usbcore: registered new interface driver nw80x
[    9.586673][    T1] usbcore: registered new interface driver ov519
[    9.588591][    T1] usbcore: registered new interface driver ov534
[    9.590577][    T1] usbcore: registered new interface driver ov534_9
[    9.595158][    T1] usbcore: registered new interface driver pac207
[    9.598159][    T1] usbcore: registered new interface driver gspca_pac7302
[    9.600824][    T1] usbcore: registered new interface driver pac7311
[    9.603166][    T1] usbcore: registered new interface driver se401
[    9.605154][    T1] usbcore: registered new interface driver sn9c2028
[    9.607176][    T1] usbcore: registered new interface driver gspca_sn9c20x
[    9.609804][    T1] usbcore: registered new interface driver sonixb
[    9.612846][    T1] usbcore: registered new interface driver sonixj
[    9.616429][    T1] usbcore: registered new interface driver spca500
[    9.618649][    T1] usbcore: registered new interface driver spca501
[    9.620870][    T1] usbcore: registered new interface driver spca505
[    9.623035][    T1] usbcore: registered new interface driver spca506
[    9.625140][    T1] usbcore: registered new interface driver spca508
[    9.632810][    T1] usbcore: registered new interface driver spca561
[    9.634843][    T1] usbcore: registered new interface driver spca1528
[    9.636909][    T1] usbcore: registered new interface driver sq905
[    9.639112][    T1] usbcore: registered new interface driver sq905c
[    9.641157][    T1] usbcore: registered new interface driver sq930x
[    9.643360][    T1] usbcore: registered new interface driver sunplus
[    9.646029][    T1] usbcore: registered new interface driver stk014
[    9.648131][    T1] usbcore: registered new interface driver stk1135
[    9.650150][    T1] usbcore: registered new interface driver stv0680
[    9.652234][    T1] usbcore: registered new interface driver t613
[    9.654244][    T1] usbcore: registered new interface driver gspca_topro
[    9.656395][    T1] usbcore: registered new interface driver touptek
[    9.658711][    T1] usbcore: registered new interface driver tv8532
[    9.661010][    T1] usbcore: registered new interface driver vc032x
[    9.663182][    T1] usbcore: registered new interface driver vicam
[    9.665491][    T1] usbcore: registered new interface driver xirlink-cit
[    9.667713][    T1] usbcore: registered new interface driver gspca_zc3xx
[    9.669904][    T1] usbcore: registered new interface driver ALi m5602
[    9.672017][    T1] usbcore: registered new interface driver STV06xx
[    9.674086][    T1] usbcore: registered new interface driver gspca_gl860
[    9.676280][    T1] usbcore: registered new interface driver Philips webcam
[    9.680038][    T1] usbcore: registered new interface driver airspy
[    9.682276][    T1] usbcore: registered new interface driver hackrf
[    9.684976][    T1] usbcore: registered new interface driver msi2500
[    9.687158][    T1] cpia2: V4L-Driver for Vision CPiA2 based cameras v3.0.1
[    9.690220][    T1] usbcore: registered new interface driver cpia2
[    9.692087][    T1] au0828: au0828 driver loaded
[    9.693652][    T1] usbcore: registered new interface driver au0828
[    9.695612][    T1] usbcore: registered new interface driver hdpvr
[    9.699503][    T1] usbcore: registered new interface driver pvrusb2
[    9.701399][    T1] pvrusb2: V4L in-tree version:Hauppauge WinTV-PVR-USB2 MPEG2 Encoder/Tuner
[    9.705462][    T1] pvrusb2: Debug mask is 31 (0x1f)
[    9.707900][    T1] usbcore: registered new interface driver stk1160
[    9.714928][    T1] usbcore: registered new interface driver cx231xx
[    9.717351][    T1] usbcore: registered new interface driver tm6000
[    9.720281][    T1] usbcore: registered new interface driver em28xx
[    9.722513][    T1] em28xx: Registered (Em28xx v4l2 Extension) extension
[    9.726130][    T1] em28xx: Registered (Em28xx Audio Extension) extension
[    9.731725][    T1] em28xx: Registered (Em28xx dvb Extension) extension
[    9.733929][    T1] em28xx: Registered (Em28xx Input Extension) extension
[    9.736252][    T1] usbcore: registered new interface driver usbtv
[    9.738254][    T1] usbcore: registered new interface driver go7007
[    9.740930][    T1] usbcore: registered new interface driver go7007-loader
[    9.744132][    T1] usbcore: registered new interface driver Abilis Systems as10x usb driver
[    9.758556][    T1] vivid-000: using single planar format API
[    9.774233][    T1] vivid-000: CEC adapter cec0 registered for HDMI input 0
[    9.776673][    T1] vivid-000: V4L2 capture device registered as video3
[    9.779336][    T1] vivid-000: CEC adapter cec1 registered for HDMI output 0
[    9.781861][    T1] vivid-000: V4L2 output device registered as video4
[    9.784278][    T1] vivid-000: V4L2 capture device registered as vbi0, supports raw and sliced VBI
[    9.787082][    T1] vivid-000: V4L2 output device registered as vbi1, supports raw and sliced VBI
[    9.789788][    T1] vivid-000: V4L2 capture device registered as swradio0
[    9.791986][    T1] vivid-000: V4L2 receiver device registered as radio0
[    9.796433][    T1] vivid-000: V4L2 transmitter device registered as radio1
[    9.799096][    T1] vivid-000: V4L2 metadata capture device registered as video5
[    9.801611][    T1] vivid-000: V4L2 metadata output device registered as video6
[    9.804472][    T1] vivid-000: V4L2 touch capture device registered as v4l-touch0
[    9.807494][    T1] vim2m vim2m.0: Device registered as /dev/video0
[    9.810922][    T1] vicodec vicodec.0: Device 'stateful-encoder' registered as /dev/video8
[    9.814513][    T1] vicodec vicodec.0: Device 'stateful-decoder' registered as /dev/video9
[    9.817974][    T1] vicodec vicodec.0: Device 'stateless-decoder' registered as /dev/video10
[    9.822129][    T1] usbcore: registered new interface driver radioshark
[    9.824555][    T1] usbcore: registered new interface driver radioshark2
[    9.826805][    T1] usbcore: registered new interface driver dsbr100
[    9.828865][    T1] usbcore: registered new interface driver radio-si470x
[    9.831000][    T1] usbcore: registered new interface driver radio-usb-si4713
[    9.833591][    T1] usbcore: registered new interface driver radio-mr800
[    9.836088][    T1] usbcore: registered new interface driver radio-keene
[    9.839535][    T1] usbcore: registered new interface driver radio-ma901
[    9.842238][    T1] usbcore: registered new interface driver radio-raremono
[    9.848340][    T1] usbcore: registered new interface driver pcwd_usb
[    9.851452][    T1] device-mapper: uevent: version 1.0.3
[    9.854039][    T1] device-mapper: ioctl: 4.43.0-ioctl (2020-10-01) initialised: dm-devel@redhat.com
[    9.858057][    T1] device-mapper: multipath round-robin: version 1.2.0 loaded
[    9.860553][    T1] device-mapper: multipath queue-length: version 0.2.0 loaded
[    9.863372][    T1] device-mapper: multipath service-time: version 0.3.0 loaded
[    9.865919][    T1] device-mapper: raid: Loading target version 1.15.1
[    9.868471][    T1] Bluetooth: HCI UART driver ver 2.3
[    9.869965][    T1] Bluetooth: HCI UART protocol H4 registered
[    9.871623][    T1] Bluetooth: HCI UART protocol BCSP registered
[    9.873733][    T1] Bluetooth: HCI UART protocol LL registered
[    9.876294][    T1] Bluetooth: HCI UART protocol Three-wire (H5) registered
[    9.879268][    T1] Bluetooth: HCI UART protocol QCA registered
[    9.881537][    T1] Bluetooth: HCI UART protocol AG6XX registered
[    9.883939][    T1] Bluetooth: HCI UART protocol Marvell registered
[    9.885986][    T1] usbcore: registered new interface driver bcm203x
[    9.887882][    T1] usbcore: registered new interface driver bpa10x
[    9.890026][    T1] usbcore: registered new interface driver bfusb
[    9.891987][    T1] usbcore: registered new interface driver btusb
[    9.894084][    T1] usbcore: registered new interface driver ath3k
[    9.896926][    T1] CAPI 2.0 started up with major 68 (middleware)
[    9.899233][    T1] Modular ISDN core version 1.1.29
[    9.901605][    T1] NET: Registered protocol family 34
[    9.903178][    T1] DSP module 2.0
[    9.904349][    T1] mISDN_dsp: DSP clocks every 80 samples. This equals 1 jiffies.
[    9.912750][    T1] mISDN: Layer-1-over-IP driver Rev. 2.00
[    9.915624][    T1] 0 virtual devices registered
[    9.917652][    T1] usbcore: registered new interface driver HFC-S_USB
[    9.919880][    T1] intel_pstate: CPU model not supported
[    9.921480][    T1] VUB300 Driver rom wait states = 1C irqpoll timeout = 0400
[    9.922534][    T1] usbcore: registered new interface driver vub300
[    9.929788][    T1] usbcore: registered new interface driver ushc
[    9.934991][    T1] iscsi: registered transport (iser)
[    9.937597][    T1] SoftiWARP attached
[    9.939238][    T1] Driver 'framebuffer' was unable to register with bus_type 'coreboot' because the bus was not initialized.
[    9.943408][    T1] Driver 'memconsole' was unable to register with bus_type 'coreboot' because the bus was not initialized.
[    9.946168][    T1] Driver 'vpd' was unable to register with bus_type 'coreboot' because the bus was not initialized.
[    9.954971][    T1] hid: raw HID events driver (C) Jiri Kosina
[    9.967049][    T1] usbcore: registered new interface driver usbhid
[    9.969025][    T1] usbhid: USB HID core driver
[    9.973473][    T1] usbcore: registered new interface driver es2_ap_driver
[    9.976239][    T1] usbcore: registered new interface driver prism2_usb
[    9.981881][    T1] comedi: version 0.7.76 - http://www.comedi.org
[    9.984469][    T1] usbcore: registered new interface driver dt9812
[    9.986305][    T1] usbcore: registered new interface driver ni6501
[    9.988001][    T1] usbcore: registered new interface driver usbdux
[    9.990892][    T1] usbcore: registered new interface driver usbduxfast
[    9.992947][    T1] usbcore: registered new interface driver usbduxsigma
[    9.995013][    T1] usbcore: registered new interface driver vmk80xx
[    9.997379][    T1] usbcore: registered new interface driver r8712u
[   10.001643][    T1] ashmem: initialized
[   10.003693][    T1] greybus: registered new driver hid
[   10.005709][    T1] greybus: registered new driver gbphy
[   10.007590][    T1] gb_gbphy: registered new driver usb
[   10.010090][    T1] usbcore: registered new interface driver i2400m_usb
[   10.011660][    T1] asus_wmi: ASUS WMI generic driver loaded
[   10.043927][    T1] usbcore: registered new interface driver snd-usb-audio
[   10.046192][    T1] usbcore: registered new interface driver snd-ua101
[   10.048128][    T1] usbcore: registered new interface driver snd-usb-usx2y
[   10.051043][    T1] usbcore: registered new interface driver snd-usb-us122l
[   10.053089][    T1] usbcore: registered new interface driver snd-usb-caiaq
[   10.054915][    T1] usbcore: registered new interface driver snd-usb-6fire
[   10.057370][    T1] usbcore: registered new interface driver snd-usb-hiface
[   10.059995][    T1] usbcore: registered new interface driver snd-bcd2000
[   10.062940][    T1] usbcore: registered new interface driver snd_usb_pod
[   10.065088][    T1] usbcore: registered new interface driver snd_usb_podhd
[   10.065384][ T2985] input: ImExPS/2 Generic Explorer Mouse as /devices/platform/i8042/serio1/input/input3
[   10.066991][    T1] usbcore: registered new interface driver snd_usb_toneport
[   10.071672][    T1] usbcore: registered new interface driver snd_usb_variax
[   10.073924][    T1] drop_monitor: Initializing network drop monitor service
[   10.078844][    T1] NET: Registered protocol family 26
[   10.080899][    T1] GACT probability on
[   10.082345][    T1] Mirror/redirect action on
[   10.083691][    T1] Simple TC action Loaded
[   10.086202][    T1] netem: version 1.3
[   10.087336][    T1] u32 classifier
[   10.088373][    T1]     Performance counters on
[   10.089952][    T1]     input device check on
[   10.091344][    T1]     Actions configured
[   10.097519][    T1] xt_time: kernel timezone is -0000
[   10.099253][    T1] IPVS: Registered protocols (TCP, UDP, SCTP, AH, ESP)
[   10.101465][    T1] IPVS: Connection hash table configured (size=4096, memory=64Kbytes)
[   10.104057][    T1] IPVS: ipvs loaded.
[   10.105250][    T1] IPVS: [rr] scheduler registered.
[   10.106842][    T1] IPVS: [wrr] scheduler registered.
[   10.108264][    T1] IPVS: [lc] scheduler registered.
[   10.109903][    T1] IPVS: [wlc] scheduler registered.
[   10.111630][    T1] IPVS: [fo] scheduler registered.
[   10.113152][    T1] IPVS: [ovf] scheduler registered.
[   10.114707][    T1] IPVS: [lblc] scheduler registered.
[   10.116000][    T1] IPVS: [lblcr] scheduler registered.
[   10.117342][    T1] IPVS: [dh] scheduler registered.
[   10.118816][    T1] IPVS: [sh] scheduler registered.
[   10.120247][    T1] IPVS: [mh] scheduler registered.
[   10.121654][    T1] IPVS: [sed] scheduler registered.
[   10.123106][    T1] IPVS: [nq] scheduler registered.
[   10.124770][    T1] IPVS: ftp: loaded support on port[0] = 21
[   10.128082][    T1] IPVS: [sip] pe registered.
[   10.130282][    T1] ipip: IPv4 and MPLS over IPv4 tunneling driver
[   10.133210][    T1] gre: GRE over IPv4 demultiplexor driver
[   10.135072][    T1] ip_gre: GRE over IPv4 tunneling driver
[   10.139107][    T1] IPv4 over IPsec tunneling driver
[   10.143025][    T1] ipt_CLUSTERIP: ClusterIP Version 0.8 loaded successfully
[   10.145925][    T1] Initializing XFRM netlink socket
[   10.147498][    T1] IPsec XFRM device driver
[   10.149397][    T1] NET: Registered protocol family 10
[   10.156520][    T1] Segment Routing with IPv6
[   10.157645][    T1] RPL Segment Routing with IPv6
[   10.159264][    T1] mip6: Mobile IPv6
[   10.162636][    T1] sit: IPv6, IPv4 and MPLS over IPv4 tunneling driver
[   10.166792][    T1] ip6_gre: GRE over IPv6 tunneling driver
[   10.169702][    T1] NET: Registered protocol family 17
[   10.171118][    T1] NET: Registered protocol family 15
[   10.172726][    T1] Bridge firewalling registered
[   10.174804][    T1] NET: Registered protocol family 9
[   10.176238][    T1] X25: Linux Version 0.2
[   10.180949][    T1] NET: Registered protocol family 6
[   10.191083][    T1] NET: Registered protocol family 11
[   10.192498][    T1] NET: Registered protocol family 3
[   10.193861][    T1] can: controller area network core
[   10.195268][    T1] NET: Registered protocol family 29
[   10.196628][    T1] can: raw protocol
[   10.197652][    T1] can: broadcast manager protocol
[   10.199260][    T1] can: netlink gateway - max_hops=1
[   10.200827][    T1] can: SAE J1939
[   10.201943][    T1] can: isotp protocol
[   10.203328][    T1] Bluetooth: RFCOMM TTY layer initialized
[   10.204889][    T1] Bluetooth: RFCOMM socket layer initialized
[   10.206463][    T1] Bluetooth: RFCOMM ver 1.11
[   10.207654][    T1] Bluetooth: BNEP (Ethernet Emulation) ver 1.3
[   10.209311][    T1] Bluetooth: BNEP filters: protocol multicast
[   10.210597][    T1] Bluetooth: BNEP socket layer initialized
[   10.211847][    T1] Bluetooth: CMTP (CAPI Emulation) ver 1.0
[   10.213652][    T1] Bluetooth: CMTP socket layer initialized
[   10.215313][    T1] Bluetooth: HIDP (Human Interface Emulation) ver 1.2
[   10.217213][    T1] Bluetooth: HIDP socket layer initialized
[   10.221177][    T1] NET: Registered protocol family 33
[   10.222667][    T1] Key type rxrpc registered
[   10.223942][    T1] Key type rxrpc_s registered
[   10.225540][    T1] NET: Registered protocol family 41
[   10.227396][    T1] lec:lane_module_init: lec.c: initialized
[   10.229258][    T1] mpoa:atm_mpoa_init: mpc.c: initialized
[   10.230836][    T1] l2tp_core: L2TP core driver, V2.0
[   10.232283][    T1] l2tp_ppp: PPPoL2TP kernel driver, V2.0
[   10.233840][    T1] l2tp_ip: L2TP IP encapsulation support (L2TPv3)
[   10.235900][    T1] l2tp_netlink: L2TP netlink interface
[   10.237581][    T1] l2tp_eth: L2TP ethernet pseudowire support (L2TPv3)
[   10.239741][    T1] l2tp_ip6: L2TP IP encapsulation support for IPv6 (L2TPv3)
[   10.241512][    T1] NET: Registered protocol family 35
[   10.243206][    T1] 8021q: 802.1Q VLAN Support v1.8
[   10.267043][    T1] DCCP: Activated CCID 2 (TCP-like)
[   10.268725][    T1] DCCP: Activated CCID 3 (TCP-Friendly Rate Control)
[   10.270934][    T1] sctp: Hash tables configured (bind 32/56)
[   10.273723][    T1] NET: Registered protocol family 21
[   10.275548][    T1] Registered RDS/infiniband transport
[   10.277458][    T1] Registered RDS/tcp transport
[   10.278702][    T1] tipc: Activated (version 2.0.0)
[   10.280343][    T1] NET: Registered protocol family 30
[   10.282149][    T1] tipc: Started in single node mode
[   10.283917][    T1] NET: Registered protocol family 43
[   10.285475][    T1] 9pnet: Installing 9P2000 support
[   10.287068][    T1] NET: Registered protocol family 37
[   10.291480][    T1] NET: Registered protocol family 36
[   10.293574][    T1] Key type dns_resolver registered
