c[?7l[2J[0mSeaBIOS (version 1.16.2-debian-1.16.2-1)


iPXE (http://ipxe.org) 00:03.0 CA00 PCI2.10 PnP PMM+7EFCEF00+7EF0EF00 CA00
Press Ctrl-B to configure iPXE (PCI 00:03.0)...                                                                               


Booting from ROM..c[?7l[2J[    0.000000] Linux version 6.1.74-12936-gbb4949a35cdc-dirty (root@buildkitsandbox) (gcc (Debian 12.2.0-14+deb12u1) 12.2.0, GNU ld (GNU Binutils for Debian) 2.40) #2 SMP PREEMPT_DYNAMIC Tue May  5 17:53:16 UTC 2026
[    0.000000] Command line: console=ttyS0 oops=panic nokaslr rdinit=/init
[    0.000000] BIOS-provided physical RAM map:
[    0.000000] BIOS-e820: [mem 0x0000000000000000-0x000000000009fbff] usable
[    0.000000] BIOS-e820: [mem 0x000000000009fc00-0x000000000009ffff] reserved
[    0.000000] BIOS-e820: [mem 0x00000000000f0000-0x00000000000fffff] reserved
[    0.000000] BIOS-e820: [mem 0x0000000000100000-0x000000007ffdffff] usable
[    0.000000] BIOS-e820: [mem 0x000000007ffe0000-0x000000007fffffff] reserved
[    0.000000] BIOS-e820: [mem 0x00000000feffc000-0x00000000feffffff] reserved
[    0.000000] BIOS-e820: [mem 0x00000000fffc0000-0x00000000ffffffff] reserved
[    0.000000] NX (Execute Disable) protection: active
[    0.000000] SMBIOS 2.8 present.
[    0.000000] DMI: QEMU Standard PC (i440FX + PIIX, 1996), BIOS 1.16.2-debian-1.16.2-1 04/01/2014
[    0.000000] Hypervisor detected: KVM
[    0.000000] kvm-clock: Using msrs 4b564d01 and 4b564d00
[    0.000001] kvm-clock: using sched offset of 875886156 cycles
[    0.000002] clocksource: kvm-clock: mask: 0xffffffffffffffff max_cycles: 0x1cd42e4dffb, max_idle_ns: 881590591483 ns
[    0.000004] tsc: Detected 3187.200 MHz processor
[    0.000283] last_pfn = 0x7ffe0 max_arch_pfn = 0x400000000
[    0.000309] x86/PAT: Configuration [0-7]: WB  WC  UC- UC  WB  WP  UC- WT  
[    0.003706] found SMP MP-table at [mem 0x000f5ba0-0x000f5baf]
[    0.003717] Using GB pages for direct mapping
[    0.003717] Incomplete global flushes, disabling PCID
[    0.003841] RAMDISK: [mem 0x7fe91000-0x7ffdffff]
[    0.003845] ACPI: Early table checksum verification disabled
[    0.003847] ACPI: RSDP 0x00000000000F59D0 000014 (v00 BOCHS )
[    0.003851] ACPI: RSDT 0x000000007FFE1B33 000034 (v01 BOCHS  BXPC     00000001 BXPC 00000001)
[    0.003856] ACPI: FACP 0x000000007FFE19DF 000074 (v01 BOCHS  BXPC     00000001 BXPC 00000001)
[    0.003861] ACPI: DSDT 0x000000007FFE0040 00199F (v01 BOCHS  BXPC     00000001 BXPC 00000001)
[    0.003864] ACPI: FACS 0x000000007FFE0000 000040
[    0.003866] ACPI: APIC 0x000000007FFE1A53 000080 (v01 BOCHS  BXPC     00000001 BXPC 00000001)
[    0.003869] ACPI: HPET 0x000000007FFE1AD3 000038 (v01 BOCHS  BXPC     00000001 BXPC 00000001)
[    0.003871] ACPI: WAET 0x000000007FFE1B0B 000028 (v01 BOCHS  BXPC     00000001 BXPC 00000001)
[    0.003873] ACPI: Reserving FACP table memory at [mem 0x7ffe19df-0x7ffe1a52]
[    0.003874] ACPI: Reserving DSDT table memory at [mem 0x7ffe0040-0x7ffe19de]
[    0.003875] ACPI: Reserving FACS table memory at [mem 0x7ffe0000-0x7ffe003f]
[    0.003875] ACPI: Reserving APIC table memory at [mem 0x7ffe1a53-0x7ffe1ad2]
[    0.003876] ACPI: Reserving HPET table memory at [mem 0x7ffe1ad3-0x7ffe1b0a]
[    0.003876] ACPI: Reserving WAET table memory at [mem 0x7ffe1b0b-0x7ffe1b32]
[    0.004055] No NUMA configuration found
[    0.004056] Faking a node at [mem 0x0000000000000000-0x000000007ffdffff]
[    0.004058] NODE_DATA(0) allocated [mem 0x7fe8d000-0x7fe90fff]
[    0.004068] Zone ranges:
[    0.004068]   DMA      [mem 0x0000000000001000-0x0000000000ffffff]
[    0.004069]   DMA32    [mem 0x0000000001000000-0x000000007ffdffff]
[    0.004070]   Normal   empty
[    0.004071] Movable zone start for each node
[    0.004071] Early memory node ranges
[    0.004072]   node   0: [mem 0x0000000000001000-0x000000000009efff]
[    0.004073]   node   0: [mem 0x0000000000100000-0x000000007ffdffff]
[    0.004074] Initmem setup node 0 [mem 0x0000000000001000-0x000000007ffdffff]
[    0.004476] On node 0, zone DMA: 1 pages in unavailable ranges
[    0.004607] On node 0, zone DMA: 97 pages in unavailable ranges
[    0.026222] On node 0, zone DMA32: 32 pages in unavailable ranges
[    0.354167] kasan: KernelAddressSanitizer initialized
[    0.354371] ACPI: PM-Timer IO Port: 0x608
[    0.354380] ACPI: LAPIC_NMI (acpi_id[0xff] dfl dfl lint[0x1])
[    0.354406] IOAPIC[0]: apic_id 0, version 17, address 0xfec00000, GSI 0-23
[    0.354409] ACPI: INT_SRC_OVR (bus 0 bus_irq 0 global_irq 2 dfl dfl)
[    0.354410] ACPI: INT_SRC_OVR (bus 0 bus_irq 5 global_irq 5 high level)
[    0.354411] ACPI: INT_SRC_OVR (bus 0 bus_irq 9 global_irq 9 high level)
[    0.354412] ACPI: INT_SRC_OVR (bus 0 bus_irq 10 global_irq 10 high level)
[    0.354413] ACPI: INT_SRC_OVR (bus 0 bus_irq 11 global_irq 11 high level)
[    0.354415] ACPI: Using ACPI (MADT) for SMP configuration information
[    0.354416] ACPI: HPET id: 0x8086a201 base: 0xfed00000
[    0.354420] TSC deadline timer available
[    0.354421] smpboot: Allowing 2 CPUs, 0 hotplug CPUs
[    0.354442] kvm-guest: KVM setup pv remote TLB flush
[    0.354445] kvm-guest: setup PV sched yield
[    0.354452] PM: hibernation: Registered nosave memory: [mem 0x00000000-0x00000fff]
[    0.354453] PM: hibernation: Registered nosave memory: [mem 0x0009f000-0x0009ffff]
[    0.354454] PM: hibernation: Registered nosave memory: [mem 0x000a0000-0x000effff]
[    0.354454] PM: hibernation: Registered nosave memory: [mem 0x000f0000-0x000fffff]
[    0.354456] [mem 0x80000000-0xfeffbfff] available for PCI devices
[    0.354457] Booting paravirtualized kernel on KVM
[    0.354459] clocksource: refined-jiffies: mask: 0xffffffff max_cycles: 0xffffffff, max_idle_ns: 1910969940391419 ns
[    0.362071] setup_percpu: NR_CPUS:64 nr_cpumask_bits:2 nr_cpu_ids:2 nr_node_ids:1
[    0.364956] percpu: Embedded 65 pages/cpu s225960 r8192 d32088 u1048576
[    0.364989] Fallback order for Node 0: 0 
[    0.364993] Built 1 zonelists, mobility grouping on.  Total pages: 515808
[    0.364994] Policy zone: DMA32
[    0.364995] Kernel command line: console=ttyS0 oops=panic nokaslr rdinit=/init
[    0.365042] random: crng init done
[    0.365901] Dentry cache hash table entries: 262144 (order: 9, 2097152 bytes, linear)
[    0.365966] Inode-cache hash table entries: 131072 (order: 8, 1048576 bytes, linear)
[    0.365998] mem auto-init: stack:all(zero), heap alloc:off, heap free:off
[    0.371627] stackdepot hash table entries: 1048576 (order: 11, 8388608 bytes, linear)
[    0.394233] Memory: 1695368K/2096632K available (47117K kernel code, 7864K rwdata, 8720K rodata, 2108K init, 2620K bss, 401008K reserved, 0K cma-reserved)
[    0.394351] SLUB: HWalign=64, Order=0-3, MinObjects=0, CPUs=2, Nodes=1
[    0.395319] Dynamic Preempt: voluntary
[    0.397239] rcu: Preemptible hierarchical RCU implementation.
[    0.397240] rcu: 	RCU event tracing is enabled.
[    0.397240] rcu: 	RCU restricting CPUs from NR_CPUS=64 to nr_cpu_ids=2.
[    0.397241] 	Trampoline variant of Tasks RCU enabled.
[    0.397242] rcu: RCU calculated value of scheduler-enlistment delay is 100 jiffies.
[    0.397243] rcu: Adjusting geometry for rcu_fanout_leaf=16, nr_cpu_ids=2
[    0.401740] NR_IRQS: 4352, nr_irqs: 440, preallocated irqs: 16
[    0.401930] rcu: srcu_init: Setting srcu_struct sizes based on contention.
[    0.404231] Console: colour VGA+ 80x25
[    0.439320] printk: console [ttyS0] enabled
[    0.439582] ACPI: Core revision 20220331
[    0.439937] clocksource: hpet: mask: 0xffffffff max_cycles: 0xffffffff, max_idle_ns: 19112604467 ns
[    0.440524] APIC: Switch to symmetric I/O mode setup
[    0.440817] kvm-guest: setup PV IPIs
[    0.441632] ..TIMER: vector=0x30 apic1=0 pin1=2 apic2=-1 pin2=-1
[    0.441985] clocksource: tsc-early: mask: 0xffffffffffffffff max_cycles: 0x2df10e7656b, max_idle_ns: 440795364873 ns
[    0.442590] Calibrating delay loop (skipped) preset value.. 6374.40 BogoMIPS (lpj=3187200)
[    0.443127] x86/cpu: User Mode Instruction Prevention (UMIP) activated
[    0.443618] Last level iTLB entries: 4KB 0, 2MB 0, 4MB 0
[    0.443918] Last level dTLB entries: 4KB 0, 2MB 0, 4MB 0, 1GB 0
[    0.444252] Spectre V1 : Mitigation: usercopy/swapgs barriers and __user pointer sanitization
[    0.444587] Spectre V2 : Mitigation: Enhanced IBRS
[    0.444865] Spectre V2 : Spectre v2 / SpectreRSB mitigation: Filling RSB on context switch
[    0.445326] Spectre V2 : Spectre v2 / PBRSB-eIBRS: Retire a single CALL on VMEXIT
[    0.445586] Spectre V2 : mitigation: Enabling conditional Indirect Branch Prediction Barrier
[    0.446058] Speculative Store Bypass: Mitigation: Speculative Store Bypass disabled via prctl
[    0.446585] MMIO Stale Data: Unknown: No mitigations
[    0.446878] x86/fpu: Supporting XSAVE feature 0x001: 'x87 floating point registers'
[    0.447585] x86/fpu: Supporting XSAVE feature 0x002: 'SSE registers'
[    0.447953] x86/fpu: Supporting XSAVE feature 0x004: 'AVX registers'
[    0.448319] x86/fpu: Supporting XSAVE feature 0x200: 'Protection Keys User registers'
[    0.448585] x86/fpu: xstate_offset[2]:  576, xstate_sizes[2]:  256
[    0.448941] x86/fpu: xstate_offset[9]:  832, xstate_sizes[9]:    8
[    0.449297] x86/fpu: Enabled xstate features 0x207, context size is 840 bytes, using 'compacted' format.
[    0.463262] Freeing SMP alternatives memory: 44K
[    0.463576] pid_max: default: 32768 minimum: 301
[    0.463626] LSM: Security Framework initializing
[    0.463910] SELinux:  Initializing.
[    0.464168] Mount-cache hash table entries: 4096 (order: 3, 32768 bytes, linear)
[    0.464588] Mountpoint-cache hash table entries: 4096 (order: 3, 32768 bytes, linear)
[    0.465739] smpboot: CPU0: Intel(R) Core(TM) i9-14900K (family: 0x6, model: 0xb7, stepping: 0x1)
[    0.466386] cblist_init_generic: Setting adjustable number of callback queues.
[    0.466586] cblist_init_generic: Setting shift to 1 and lim to 1.
[    0.466959] Performance Events: unsupported p6 CPU model 183 no PMU driver, software events only.
[    0.467487] signal: max sigframe size: 3632
[    0.467607] rcu: Hierarchical SRCU implementation.
[    0.467885] rcu: 	Max phase no-delay instances is 400.
[    0.468455] smp: Bringing up secondary CPUs ...
[    0.468692] x86: Booting SMP configuration:
[    0.468935] .... node  #0, CPUs:      #1
[    0.469167] smp: Brought up 1 node, 2 CPUs
[    0.469588] smpboot: Max logical packages: 1
[    0.469841] smpboot: Total of 2 processors activated (12748.80 BogoMIPS)
[    0.470638] devtmpfs: initialized
[    0.472382] clocksource: jiffies: mask: 0xffffffff max_cycles: 0xffffffff, max_idle_ns: 1911260446275000 ns
[    0.472590] futex hash table entries: 512 (order: 3, 32768 bytes, linear)
[    0.473085] PM: RTC time: 17:55:49, date: 2026-05-05
[    0.473542] NET: Registered PF_NETLINK/PF_ROUTE protocol family
[    0.473762] audit: initializing netlink subsys (disabled)
[    0.474128] audit: type=2000 audit(1778003749.740:1): state=initialized audit_enabled=0 res=1
[    0.474128] thermal_sys: Registered thermal governor 'step_wise'
[    0.474586] thermal_sys: Registered thermal governor 'user_space'
[    0.474974] cpuidle: using governor menu
[    0.475773] PCI: Using configuration type 1 for base access
[    0.485277] kprobes: kprobe jump-optimization is enabled. All kprobes are optimized if possible.
[    0.486795] HugeTLB: registered 2.00 MiB page size, pre-allocated 0 pages
[    0.487199] HugeTLB: 28 KiB vmemmap can be freed for a 2.00 MiB page
[    0.487968] ACPI: Added _OSI(Module Device)
[    0.488225] ACPI: Added _OSI(Processor Device)
[    0.488495] ACPI: Added _OSI(3.0 _SCP Extensions)
[    0.488587] ACPI: Added _OSI(Processor Aggregator Device)
[    0.494503] ACPI: 1 ACPI AML tables successfully acquired and loaded
[    0.501357] ACPI: Interpreter enabled
[    0.501498] ACPI: PM: (supports S0 S3 S4 S5)
[    0.501587] ACPI: Using IOAPIC for interrupt routing
[    0.501907] PCI: Using host bridge windows from ACPI; if necessary, use "pci=nocrs" and report a bug
[    0.502434] PCI: Using E820 reservations for host bridge windows
[    0.503890] ACPI: Enabled 2 GPEs in block 00 to 0F
[    0.513849] ACPI: PCI Root Bridge [PCI0] (domain 0000 [bus 00-ff])
[    0.514225] acpi PNP0A03:00: _OSC: OS supports [ASPM ClockPM Segments MSI HPX-Type3]
[    0.514587] acpi PNP0A03:00: _OSC: not requesting OS control; OS requires [ExtendedConfig ASPM ClockPM MSI]
[    0.515196] acpi PNP0A03:00: fail to add MMCONFIG information, can't access extended PCI configuration space under this bridge.
[    0.515747] PCI host bridge to bus 0000:00
[    0.515992] pci_bus 0000:00: root bus resource [io  0x0000-0x0cf7 window]
[    0.516389] pci_bus 0000:00: root bus resource [io  0x0d00-0xffff window]
[    0.516587] pci_bus 0000:00: root bus resource [mem 0x000a0000-0x000bffff window]
[    0.517025] pci_bus 0000:00: root bus resource [mem 0x80000000-0xfebfffff window]
[    0.517455] pci_bus 0000:00: root bus resource [mem 0x100000000-0x17fffffff window]
[    0.518588] pci_bus 0000:00: root bus resource [bus 00-ff]
[    0.518953] pci 0000:00:00.0: [8086:1237] type 00 class 0x060000
[    0.523068] pci 0000:00:01.0: [8086:7000] type 00 class 0x060100
[    0.527922] pci 0000:00:01.1: [8086:7010] type 00 class 0x010180
[    0.529236] pci 0000:00:01.1: reg 0x20: [io  0xc040-0xc04f]
[    0.529863] pci 0000:00:01.1: legacy IDE quirk: reg 0x10: [io  0x01f0-0x01f7]
[    0.530275] pci 0000:00:01.1: legacy IDE quirk: reg 0x14: [io  0x03f6]
[    0.530590] pci 0000:00:01.1: legacy IDE quirk: reg 0x18: [io  0x0170-0x0177]
[    0.531001] pci 0000:00:01.1: legacy IDE quirk: reg 0x1c: [io  0x0376]
[    0.531531] pci 0000:00:01.3: [8086:7113] type 00 class 0x068000
[    0.532813] pci 0000:00:01.3: quirk: [io  0x0600-0x063f] claimed by PIIX4 ACPI
[    0.533234] pci 0000:00:01.3: quirk: [io  0x0700-0x070f] claimed by PIIX4 SMB
[    0.533745] pci 0000:00:02.0: [1234:1111] type 00 class 0x030000
[    0.535868] pci 0000:00:02.0: reg 0x10: [mem 0xfd000000-0xfdffffff pref]
[    0.538168] pci 0000:00:02.0: reg 0x18: [mem 0xfebf0000-0xfebf0fff]
[    0.540134] pci 0000:00:02.0: reg 0x30: [mem 0xfebe0000-0xfebeffff pref]
[    0.540643] pci 0000:00:02.0: Video device with shadowed ROM at [mem 0x000c0000-0x000dffff]
[    0.545087] pci 0000:00:03.0: [8086:100e] type 00 class 0x020000
[    0.545895] pci 0000:00:03.0: reg 0x10: [mem 0xfebc0000-0xfebdffff]
[    0.546529] pci 0000:00:03.0: reg 0x14: [io  0xc000-0xc03f]
[    0.548967] pci 0000:00:03.0: reg 0x30: [mem 0xfeb80000-0xfebbffff pref]
[    0.553022] ACPI: PCI: Interrupt link LNKA configured for IRQ 10
[    0.553768] ACPI: PCI: Interrupt link LNKB configured for IRQ 10
[    0.554465] ACPI: PCI: Interrupt link LNKC configured for IRQ 11
[    0.555915] ACPI: PCI: Interrupt link LNKD configured for IRQ 11
[    0.556461] ACPI: PCI: Interrupt link LNKS configured for IRQ 9
[    0.557698] iommu: Default domain type: Translated 
[    0.557984] iommu: DMA domain TLB invalidation policy: lazy mode 
[    0.558602] SCSI subsystem initialized
[    0.558941] ACPI: bus type USB registered
[    0.559040] usbcore: registered new interface driver usbfs
[    0.559630] usbcore: registered new interface driver hub
[    0.559948] usbcore: registered new device driver usb
[    0.560306] pps_core: LinuxPPS API ver. 1 registered
[    0.560586] pps_core: Software ver. 5.3.6 - Copyright 2005-2007 Rodolfo Giometti <giometti@linux.it>
[    0.561121] PTP clock support registered
[    0.561698] Advanced Linux Sound Architecture Driver Initialized.
[    0.562076] NetLabel: Initializing
[    0.562279] NetLabel:  domain hash size = 128
[    0.562532] NetLabel:  protocols = UNLABELED CIPSOv4 CALIPSO
[    0.563648] NetLabel:  unlabeled traffic allowed by default
[    0.564010] PCI: Using ACPI for IRQ routing
[    0.564602] pci 0000:00:02.0: vgaarb: setting as boot VGA device
[    0.564950] pci 0000:00:02.0: vgaarb: bridge control possible
[    0.565283] pci 0000:00:02.0: vgaarb: VGA device added: decodes=io+mem,owns=io+mem,locks=none
[    0.565586] vgaarb: loaded
[    0.565935] hpet0: at MMIO 0xfed00000, IRQs 2, 8, 0
[    0.566239] hpet0: 3 comparators, 64-bit 100.000000 MHz counter
[    0.570634] clocksource: Switched to clocksource kvm-clock
[    0.571614] VFS: Disk quotas dquot_6.6.0
[    0.571874] VFS: Dquot-cache hash table entries: 512 (order 0, 4096 bytes)
[    0.572419] pnp: PnP ACPI init
[    0.573702] pnp: PnP ACPI: found 6 devices
[    0.581360] clocksource: acpi_pm: mask: 0xffffff max_cycles: 0xffffff, max_idle_ns: 2085701024 ns
[    0.582008] NET: Registered PF_INET protocol family
[    0.582475] IP idents hash table entries: 32768 (order: 6, 262144 bytes, linear)
[    0.583493] tcp_listen_portaddr_hash hash table entries: 1024 (order: 2, 16384 bytes, linear)
[    0.584024] Table-perturb hash table entries: 65536 (order: 6, 262144 bytes, linear)
[    0.584509] TCP established hash table entries: 16384 (order: 5, 131072 bytes, linear)
[    0.585084] TCP bind hash table entries: 16384 (order: 7, 524288 bytes, linear)
[    0.585747] TCP: Hash tables configured (established 16384 bind 16384)
[    0.586241] UDP hash table entries: 1024 (order: 3, 32768 bytes, linear)
[    0.586672] UDP-Lite hash table entries: 1024 (order: 3, 32768 bytes, linear)
[    0.587210] NET: Registered PF_UNIX/PF_LOCAL protocol family
[    0.587895] RPC: Registered named UNIX socket transport module.
[    0.588247] RPC: Registered udp transport module.
[    0.588530] RPC: Registered tcp transport module.
[    0.588821] RPC: Registered tcp NFSv4.1 backchannel transport module.
[    0.589785] pci_bus 0000:00: resource 4 [io  0x0000-0x0cf7 window]
[    0.590149] pci_bus 0000:00: resource 5 [io  0x0d00-0xffff window]
[    0.590506] pci_bus 0000:00: resource 6 [mem 0x000a0000-0x000bffff window]
[    0.590911] pci_bus 0000:00: resource 7 [mem 0x80000000-0xfebfffff window]
[    0.591315] pci_bus 0000:00: resource 8 [mem 0x100000000-0x17fffffff window]
[    0.591815] pci 0000:00:01.0: PIIX3: Enabling Passive Release
[    0.592156] pci 0000:00:00.0: Limiting direct PCI/PCI transfers
[    0.592531] PCI: CLS 0 bytes, default 64
[    0.593003] Unpacking initramfs...
[    0.595705] RAPL PMU: API unit is 2^-32 Joules, 0 fixed counters, 10737418240 ms ovfl timer
[    0.596205] clocksource: tsc: mask: 0xffffffffffffffff max_cycles: 0x2df10e7656b, max_idle_ns: 440795364873 ns
[    0.609063] Initialise system trusted keyrings
[    0.609645] workingset: timestamp_bits=56 max_order=19 bucket_order=0
[    0.614793] Freeing initrd memory: 1340K
[    0.619019] NFS: Registering the id_resolver key type
[    0.619331] Key type id_resolver registered
[    0.619580] Key type id_legacy registered
[    0.619912] 9p: Installing v9fs 9p2000 file system support
[    0.624647] Key type asymmetric registered
[    0.624914] Asymmetric key parser 'x509' registered
[    0.625238] Block layer SCSI generic (bsg) driver version 0.4 loaded (major 251)
[    0.625691] io scheduler mq-deadline registered
[    0.625957] io scheduler kyber registered
[    0.626344] cryptomgr_test (41) used greatest stack depth: 30904 bytes left
[    0.626980] input: Power Button as /devices/LNXSYSTM:00/LNXPWRBN:00/input/input0
[    0.627529] ACPI: button: Power Button [PWRF]
[    0.628469] Serial: 8250/16550 driver, 4 ports, IRQ sharing enabled
[    0.628931] 00:04: ttyS0 at I/O 0x3f8 (irq = 4, base_baud = 115200) is a 16550A
[    0.630054] Non-volatile memory driver v1.3
[    0.630301] Linux agpgart interface v0.103
[    0.630643] ACPI: bus type drm_connector registered
[    0.634553] loop: module loaded
[    0.635963] scsi host0: ata_piix
[    0.636464] scsi host1: ata_piix
[    0.636756] ata1: PATA max MWDMA2 cmd 0x1f0 ctl 0x3f6 bmdma 0xc040 irq 14
[    0.637149] ata2: PATA max MWDMA2 cmd 0x170 ctl 0x376 bmdma 0xc048 irq 15
[    0.638107] e100: Intel(R) PRO/100 Network Driver
[    0.638392] e100: Copyright(c) 1999-2006 Intel Corporation
[    0.638733] e1000: Intel(R) PRO/1000 Network Driver
[    0.639030] e1000: Copyright (c) 1999-2006 Intel Corporation.
[    0.793109] ata2: found unknown device (class 0)
[    0.794578] ata2.00: ATAPI: QEMU DVD-ROM, 2.5+, max UDMA/100
[    0.796909] scsi 1:0:0:0: CD-ROM            QEMU     QEMU DVD-ROM     2.5+ PQ: 0 ANSI: 5
[    0.831021] sr 1:0:0:0: [sr0] scsi3-mmc drive: 4x/4x cd/rw xa/form2 tray
[    0.831457] cdrom: Uniform CD-ROM driver Revision: 3.20
[    0.849281] sr 1:0:0:0: Attached scsi generic sg0 type 5
[    0.940586] ACPI: \_SB_.LNKC: Enabled at IRQ 11
[    1.230241] e1000 0000:00:03.0 eth0: (PCI:33MHz:32-bit) 52:54:00:12:34:56
[    1.230706] e1000 0000:00:03.0 eth0: Intel(R) PRO/1000 Network Connection
[    1.231195] e1000e: Intel(R) PRO/1000 Network Driver
[    1.231517] e1000e: Copyright(c) 1999 - 2015 Intel Corporation.
[    1.231944] sky2: driver version 1.30
[    1.232616] usbcore: registered new interface driver usblp
[    1.233001] usbcore: registered new interface driver usb-storage
[    1.236400] i8042: PNP: PS/2 Controller [PNP0303:KBD,PNP0f13:MOU] at 0x60,0x64 irq 1,12
[    1.237567] serio: i8042 KBD port at 0x60,0x64 irq 1
[    1.237900] serio: i8042 AUX port at 0x60,0x64 irq 12
[    1.238795] input: AT Translated Set 2 keyboard as /devices/platform/i8042/serio0/input/input1
[    1.239714] rtc_cmos 00:05: RTC can wake from S4
[    1.240925] rtc_cmos 00:05: registered as rtc0
[    1.241280] rtc_cmos 00:05: alarms up to one day, y3k, 242 bytes nvram, hpet irqs
[    1.242672] device-mapper: ioctl: 4.47.0-ioctl (2022-07-28) initialised: dm-devel@redhat.com
[    1.243190] intel_pstate: CPU model not supported
[    1.243515] hid: raw HID events driver (C) Jiri Kosina
[    1.244177] usbcore: registered new interface driver usbhid
[    1.244501] usbhid: USB HID core driver
[    1.246083] Initializing XFRM netlink socket
[    1.246608] NET: Registered PF_INET6 protocol family
[    1.247894] Segment Routing with IPv6
[    1.248133] In-situ OAM (IOAM) with IPv6
[    1.248471] sit: IPv6, IPv4 and MPLS over IPv4 tunneling driver
[    1.249109] NET: Registered PF_PACKET protocol family
[    1.249530] 9pnet: Installing 9P2000 support
[    1.249836] Key type dns_resolver registered
[    1.250374] IPI shorthand broadcast: enabled
[    1.250686] sched_clock: Marking stable (1212001616, 38649392)->(1255720897, -5069889)
[    1.251293] registered taskstats version 1
[    1.251541] Loading compiled-in X.509 certificates
[    1.252571] cryptomgr_test (64) used greatest stack depth: 30528 bytes left
[    1.253409] PM:   Magic number: 10:64:946
[    1.253681] cpuid cpu1: hash matches
[    1.253906] tty tty3: hash matches
[    1.254132] processor cpu1: hash matches
[    1.254437] printk: console [netcon0] enabled
[    1.254794] netconsole: network logging started
[    1.255271] cfg80211: Loading compiled-in X.509 certificates for regulatory database
[    1.256063] kworker/u4:0 (73) used greatest stack depth: 29504 bytes left
[    1.257096] cfg80211: Loaded X.509 cert 'sforshee: 00b28ddf47aef9cea7'
[    1.257608] cfg80211: Loaded X.509 cert 'wens: 61c038651aabdcf94bd0ac7ff06c7248db18c600'
[    1.258112] ALSA device list:
[    1.258289]   No soundcards found.
[    1.259070] Freeing unused kernel image (initmem) memory: 2108K
[    1.259360] platform regulatory.0: Direct firmware load for regulatory.db failed with error -2
[    1.259716] cfg80211: failed to load regulatory.db
[    1.261685] Write protecting the kernel read-only data: 59392k
[    1.262867] Freeing unused kernel image (text/rodata gap) memory: 2032K
[    1.263750] Freeing unused kernel image (rodata/data gap) memory: 1520K
[    1.272367] x86/mm: Checked W+X mappings: passed, no W+X pages found.
[    1.272631] Run /init as init process
[    1.274020] mount (78) used greatest stack depth: 28352 bytes left

secb: rootfs ready
---- poc begin ----
poc: start: CVE-2024-1085 nft_setelem_catchall_deactivate double-free trigger
poc: userns: uid=0 (expect 0 inside ns)
poc: nf netlink socket fd=3
poc: checkpoint 1/4: create table/obj/pipapo-set (292 bytes)
poc: checkpoint 2/4: NEWSETELEM catchall B committed (308 bytes)
poc: checkpoint 3/4: trigger batch 2x DELSETELEM(catchall) (160 bytes)
poc: checkpoint 4/4: sent trigger; on vuln kernel expect KASAN UAF/double-free
poc: done
[    1.789971] poc (84) used greatest stack depth: 27816 bytes left
---- poc end rc=0 ----
secb: poc exited without crashing the kernel
[    1.866044] input: ImExPS/2 Generic Explorer Mouse as /devices/platform/i8042/serio1/input/input3
[    3.031547] ACPI: PM: Preparing to enter system sleep state S5
[    3.031883] reboot: Power down
NO_CRASH_DETECTED
