c[?7l[2J[0mSeaBIOS (version 1.16.2-debian-1.16.2-1)


iPXE (http://ipxe.org) 00:03.0 CA00 PCI2.10 PnP PMM+7EFCEF00+7EF0EF00 CA00
Press Ctrl-B to configure iPXE (PCI 00:03.0)...                                                                               


Booting from ROM..c[?7l[2J[    0.000000] Linux version 6.1.74-12934-gc6350b5cb78e-dirty (root@buildkitsandbox) (gcc (Debian 12.2.0-14+deb12u1) 12.2.0, GNU ld (GNU Binutils for Debian) 2.40) #1 SMP PREEMPT_DYNAMIC Tue May  5 17:49:22 UTC 2026
[    0.000000] Command line: console=ttyS0 oops=panic nokaslr rdinit=/init
[    0.000000] BIOS-provided physical RAM map:
[    0.000000] BIOS-e820: [mem 0x0000000000000000-0x000000000009fbff] usable
[    0.000000] BIOS-e820: [mem 0x000000000009fc00-0x000000000009ffff] reserved
[    0.000000] BIOS-e820: [mem 0x00000000000f0000-0x00000000000fffff] reserved
[    0.000000] BIOS-e820: [mem 0x0000000000100000-0x000000007ffdffff] usable
[    0.000000] BIOS-e820: [mem 0x000000007ffe0000-0x000000007fffffff] reserved
[    0.000000] BIOS-e820: [mem 0x00000000feffc000-0x00000000feffffff] reserved
[    0.000000] BIOS-e820: [mem 0x00000000fffc0000-0x00000000ffffffff] reserved
[    0.000000] NX (Execute Disable) protection: active
[    0.000000] SMBIOS 2.8 present.
[    0.000000] DMI: QEMU Standard PC (i440FX + PIIX, 1996), BIOS 1.16.2-debian-1.16.2-1 04/01/2014
[    0.000000] Hypervisor detected: KVM
[    0.000000] kvm-clock: Using msrs 4b564d01 and 4b564d00
[    0.000001] kvm-clock: using sched offset of 340173783 cycles
[    0.000002] clocksource: kvm-clock: mask: 0xffffffffffffffff max_cycles: 0x1cd42e4dffb, max_idle_ns: 881590591483 ns
[    0.000004] tsc: Detected 3187.200 MHz processor
[    0.000298] last_pfn = 0x7ffe0 max_arch_pfn = 0x400000000
[    0.000323] x86/PAT: Configuration [0-7]: WB  WC  UC- UC  WB  WP  UC- WT  
[    0.002272] found SMP MP-table at [mem 0x000f5ba0-0x000f5baf]
[    0.002282] Using GB pages for direct mapping
[    0.002283] Incomplete global flushes, disabling PCID
[    0.002399] RAMDISK: [mem 0x7fe91000-0x7ffdffff]
[    0.002404] ACPI: Early table checksum verification disabled
[    0.002406] ACPI: RSDP 0x00000000000F59D0 000014 (v00 BOCHS )
[    0.002409] ACPI: RSDT 0x000000007FFE1B33 000034 (v01 BOCHS  BXPC     00000001 BXPC 00000001)
[    0.002414] ACPI: FACP 0x000000007FFE19DF 000074 (v01 BOCHS  BXPC     00000001 BXPC 00000001)
[    0.002420] ACPI: DSDT 0x000000007FFE0040 00199F (v01 BOCHS  BXPC     00000001 BXPC 00000001)
[    0.002422] ACPI: FACS 0x000000007FFE0000 000040
[    0.002424] ACPI: APIC 0x000000007FFE1A53 000080 (v01 BOCHS  BXPC     00000001 BXPC 00000001)
[    0.002425] ACPI: HPET 0x000000007FFE1AD3 000038 (v01 BOCHS  BXPC     00000001 BXPC 00000001)
[    0.002427] ACPI: WAET 0x000000007FFE1B0B 000028 (v01 BOCHS  BXPC     00000001 BXPC 00000001)
[    0.002429] ACPI: Reserving FACP table memory at [mem 0x7ffe19df-0x7ffe1a52]
[    0.002430] ACPI: Reserving DSDT table memory at [mem 0x7ffe0040-0x7ffe19de]
[    0.002430] ACPI: Reserving FACS table memory at [mem 0x7ffe0000-0x7ffe003f]
[    0.002431] ACPI: Reserving APIC table memory at [mem 0x7ffe1a53-0x7ffe1ad2]
[    0.002431] ACPI: Reserving HPET table memory at [mem 0x7ffe1ad3-0x7ffe1b0a]
[    0.002432] ACPI: Reserving WAET table memory at [mem 0x7ffe1b0b-0x7ffe1b32]
[    0.002608] No NUMA configuration found
[    0.002608] Faking a node at [mem 0x0000000000000000-0x000000007ffdffff]
[    0.002611] NODE_DATA(0) allocated [mem 0x7fe8d000-0x7fe90fff]
[    0.002620] Zone ranges:
[    0.002621]   DMA      [mem 0x0000000000001000-0x0000000000ffffff]
[    0.002622]   DMA32    [mem 0x0000000001000000-0x000000007ffdffff]
[    0.002623]   Normal   empty
[    0.002624] Movable zone start for each node
[    0.002624] Early memory node ranges
[    0.002624]   node   0: [mem 0x0000000000001000-0x000000000009efff]
[    0.002625]   node   0: [mem 0x0000000000100000-0x000000007ffdffff]
[    0.002626] Initmem setup node 0 [mem 0x0000000000001000-0x000000007ffdffff]
[    0.005948] On node 0, zone DMA: 1 pages in unavailable ranges
[    0.005996] On node 0, zone DMA: 97 pages in unavailable ranges
[    0.031658] On node 0, zone DMA32: 32 pages in unavailable ranges
[    0.206137] kasan: KernelAddressSanitizer initialized
[    0.206335] ACPI: PM-Timer IO Port: 0x608
[    0.206343] ACPI: LAPIC_NMI (acpi_id[0xff] dfl dfl lint[0x1])
[    0.206371] IOAPIC[0]: apic_id 0, version 17, address 0xfec00000, GSI 0-23
[    0.206373] ACPI: INT_SRC_OVR (bus 0 bus_irq 0 global_irq 2 dfl dfl)
[    0.206374] ACPI: INT_SRC_OVR (bus 0 bus_irq 5 global_irq 5 high level)
[    0.206375] ACPI: INT_SRC_OVR (bus 0 bus_irq 9 global_irq 9 high level)
[    0.206376] ACPI: INT_SRC_OVR (bus 0 bus_irq 10 global_irq 10 high level)
[    0.206377] ACPI: INT_SRC_OVR (bus 0 bus_irq 11 global_irq 11 high level)
[    0.206379] ACPI: Using ACPI (MADT) for SMP configuration information
[    0.206380] ACPI: HPET id: 0x8086a201 base: 0xfed00000
[    0.206383] TSC deadline timer available
[    0.206384] smpboot: Allowing 2 CPUs, 0 hotplug CPUs
[    0.206402] kvm-guest: KVM setup pv remote TLB flush
[    0.206404] kvm-guest: setup PV sched yield
[    0.206411] PM: hibernation: Registered nosave memory: [mem 0x00000000-0x00000fff]
[    0.206413] PM: hibernation: Registered nosave memory: [mem 0x0009f000-0x0009ffff]
[    0.206414] PM: hibernation: Registered nosave memory: [mem 0x000a0000-0x000effff]
[    0.206414] PM: hibernation: Registered nosave memory: [mem 0x000f0000-0x000fffff]
[    0.206415] [mem 0x80000000-0xfeffbfff] available for PCI devices
[    0.206416] Booting paravirtualized kernel on KVM
[    0.206418] clocksource: refined-jiffies: mask: 0xffffffff max_cycles: 0xffffffff, max_idle_ns: 1910969940391419 ns
[    0.214003] setup_percpu: NR_CPUS:64 nr_cpumask_bits:2 nr_cpu_ids:2 nr_node_ids:1
[    0.215454] percpu: Embedded 65 pages/cpu s225960 r8192 d32088 u1048576
[    0.215487] Fallback order for Node 0: 0 
[    0.215489] Built 1 zonelists, mobility grouping on.  Total pages: 515808
[    0.215490] Policy zone: DMA32
[    0.215491] Kernel command line: console=ttyS0 oops=panic nokaslr rdinit=/init
[    0.215537] random: crng init done
[    0.216444] Dentry cache hash table entries: 262144 (order: 9, 2097152 bytes, linear)
[    0.216494] Inode-cache hash table entries: 131072 (order: 8, 1048576 bytes, linear)
[    0.216518] mem auto-init: stack:all(zero), heap alloc:off, heap free:off
[    0.222018] stackdepot hash table entries: 1048576 (order: 11, 8388608 bytes, linear)
[    0.243738] Memory: 1695368K/2096632K available (47117K kernel code, 7864K rwdata, 8720K rodata, 2108K init, 2620K bss, 401008K reserved, 0K cma-reserved)
[    0.243853] SLUB: HWalign=64, Order=0-3, MinObjects=0, CPUs=2, Nodes=1
[    0.244844] Dynamic Preempt: voluntary
[    0.246071] rcu: Preemptible hierarchical RCU implementation.
[    0.246072] rcu: 	RCU event tracing is enabled.
[    0.246072] rcu: 	RCU restricting CPUs from NR_CPUS=64 to nr_cpu_ids=2.
[    0.246074] 	Trampoline variant of Tasks RCU enabled.
[    0.246075] rcu: RCU calculated value of scheduler-enlistment delay is 100 jiffies.
[    0.246076] rcu: Adjusting geometry for rcu_fanout_leaf=16, nr_cpu_ids=2
[    0.250553] NR_IRQS: 4352, nr_irqs: 440, preallocated irqs: 16
[    0.250741] rcu: srcu_init: Setting srcu_struct sizes based on contention.
[    0.253008] Console: colour VGA+ 80x25
[    0.287257] printk: console [ttyS0] enabled
[    0.287500] ACPI: Core revision 20220331
[    0.287830] clocksource: hpet: mask: 0xffffffff max_cycles: 0xffffffff, max_idle_ns: 19112604467 ns
[    0.288381] APIC: Switch to symmetric I/O mode setup
[    0.288656] kvm-guest: setup PV IPIs
[    0.289464] ..TIMER: vector=0x30 apic1=0 pin1=2 apic2=-1 pin2=-1
[    0.289807] clocksource: tsc-early: mask: 0xffffffffffffffff max_cycles: 0x2df10e7656b, max_idle_ns: 440795364873 ns
[    0.290392] Calibrating delay loop (skipped) preset value.. 6374.40 BogoMIPS (lpj=3187200)
[    0.290913] x86/cpu: User Mode Instruction Prevention (UMIP) activated
[    0.291318] Last level iTLB entries: 4KB 0, 2MB 0, 4MB 0
[    0.291388] Last level dTLB entries: 4KB 0, 2MB 0, 4MB 0, 1GB 0
[    0.291715] Spectre V1 : Mitigation: usercopy/swapgs barriers and __user pointer sanitization
[    0.292390] Spectre V2 : Mitigation: Enhanced IBRS
[    0.292661] Spectre V2 : Spectre v2 / SpectreRSB mitigation: Filling RSB on context switch
[    0.293117] Spectre V2 : Spectre v2 / PBRSB-eIBRS: Retire a single CALL on VMEXIT
[    0.293389] Spectre V2 : mitigation: Enabling conditional Indirect Branch Prediction Barrier
[    0.293849] Speculative Store Bypass: Mitigation: Speculative Store Bypass disabled via prctl
[    0.294388] MMIO Stale Data: Unknown: No mitigations
[    0.294674] x86/fpu: Supporting XSAVE feature 0x001: 'x87 floating point registers'
[    0.295107] x86/fpu: Supporting XSAVE feature 0x002: 'SSE registers'
[    0.295388] x86/fpu: Supporting XSAVE feature 0x004: 'AVX registers'
[    0.295747] x86/fpu: Supporting XSAVE feature 0x200: 'Protection Keys User registers'
[    0.296388] x86/fpu: xstate_offset[2]:  576, xstate_sizes[2]:  256
[    0.296737] x86/fpu: xstate_offset[9]:  832, xstate_sizes[9]:    8
[    0.297088] x86/fpu: Enabled xstate features 0x207, context size is 840 bytes, using 'compacted' format.
[    0.310915] Freeing SMP alternatives memory: 44K
[    0.311198] pid_max: default: 32768 minimum: 301
[    0.311425] LSM: Security Framework initializing
[    0.311702] SELinux:  Initializing.
[    0.311956] Mount-cache hash table entries: 4096 (order: 3, 32768 bytes, linear)
[    0.312391] Mountpoint-cache hash table entries: 4096 (order: 3, 32768 bytes, linear)
[    0.313204] smpboot: CPU0: Intel(R) Core(TM) i9-14900K (family: 0x6, model: 0xb7, stepping: 0x1)
[    0.313387] cblist_init_generic: Setting adjustable number of callback queues.
[    0.313389] cblist_init_generic: Setting shift to 1 and lim to 1.
[    0.313753] Performance Events: unsupported p6 CPU model 183 no PMU driver, software events only.
[    0.314281] signal: max sigframe size: 3632
[    0.314410] rcu: Hierarchical SRCU implementation.
[    0.314685] rcu: 	Max phase no-delay instances is 400.
[    0.315241] smp: Bringing up secondary CPUs ...
[    0.315532] x86: Booting SMP configuration:
[    0.315872] .... node  #0, CPUs:      #1
[    0.316217] smp: Brought up 1 node, 2 CPUs
[    0.316638] smpboot: Max logical packages: 1
[    0.316893] smpboot: Total of 2 processors activated (12748.80 BogoMIPS)
[    0.318451] devtmpfs: initialized
[    0.319964] clocksource: jiffies: mask: 0xffffffff max_cycles: 0xffffffff, max_idle_ns: 1911260446275000 ns
[    0.320393] futex hash table entries: 512 (order: 3, 32768 bytes, linear)
[    0.320883] PM: RTC time: 17:52:42, date: 2026-05-05
[    0.321289] NET: Registered PF_NETLINK/PF_ROUTE protocol family
[    0.321561] audit: initializing netlink subsys (disabled)
[    0.321906] audit: type=2000 audit(1778003562.804:1): state=initialized audit_enabled=0 res=1
[    0.321906] thermal_sys: Registered thermal governor 'step_wise'
[    0.322389] thermal_sys: Registered thermal governor 'user_space'
[    0.322776] cpuidle: using governor menu
[    0.323561] PCI: Using configuration type 1 for base access
[    0.330398] kprobes: kprobe jump-optimization is enabled. All kprobes are optimized if possible.
[    0.332513] HugeTLB: registered 2.00 MiB page size, pre-allocated 0 pages
[    0.332920] HugeTLB: 28 KiB vmemmap can be freed for a 2.00 MiB page
[    0.333387] ACPI: Added _OSI(Module Device)
[    0.333387] ACPI: Added _OSI(Processor Device)
[    0.333387] ACPI: Added _OSI(3.0 _SCP Extensions)
[    0.333389] ACPI: Added _OSI(Processor Aggregator Device)
[    0.340121] ACPI: 1 ACPI AML tables successfully acquired and loaded
[    0.345237] ACPI: Interpreter enabled
[    0.345237] ACPI: PM: (supports S0 S3 S4 S5)
[    0.345389] ACPI: Using IOAPIC for interrupt routing
[    0.345700] PCI: Using host bridge windows from ACPI; if necessary, use "pci=nocrs" and report a bug
[    0.346225] PCI: Using E820 reservations for host bridge windows
[    0.347691] ACPI: Enabled 2 GPEs in block 00 to 0F
[    0.357095] ACPI: PCI Root Bridge [PCI0] (domain 0000 [bus 00-ff])
[    0.357396] acpi PNP0A03:00: _OSC: OS supports [ASPM ClockPM Segments MSI HPX-Type3]
[    0.357845] acpi PNP0A03:00: _OSC: not requesting OS control; OS requires [ExtendedConfig ASPM ClockPM MSI]
[    0.358433] acpi PNP0A03:00: fail to add MMCONFIG information, can't access extended PCI configuration space under this bridge.
[    0.359233] PCI host bridge to bus 0000:00
[    0.359390] pci_bus 0000:00: root bus resource [io  0x0000-0x0cf7 window]
[    0.359783] pci_bus 0000:00: root bus resource [io  0x0d00-0xffff window]
[    0.360176] pci_bus 0000:00: root bus resource [mem 0x000a0000-0x000bffff window]
[    0.360389] pci_bus 0000:00: root bus resource [mem 0x80000000-0xfebfffff window]
[    0.360821] pci_bus 0000:00: root bus resource [mem 0x100000000-0x17fffffff window]
[    0.361266] pci_bus 0000:00: root bus resource [bus 00-ff]
[    0.361434] pci 0000:00:00.0: [8086:1237] type 00 class 0x060000
[    0.365343] pci 0000:00:01.0: [8086:7000] type 00 class 0x060100
[    0.370656] pci 0000:00:01.1: [8086:7010] type 00 class 0x010180
[    0.371963] pci 0000:00:01.1: reg 0x20: [io  0xc040-0xc04f]
[    0.372573] pci 0000:00:01.1: legacy IDE quirk: reg 0x10: [io  0x01f0-0x01f7]
[    0.372986] pci 0000:00:01.1: legacy IDE quirk: reg 0x14: [io  0x03f6]
[    0.373362] pci 0000:00:01.1: legacy IDE quirk: reg 0x18: [io  0x0170-0x0177]
[    0.374389] pci 0000:00:01.1: legacy IDE quirk: reg 0x1c: [io  0x0376]
[    0.374902] pci 0000:00:01.3: [8086:7113] type 00 class 0x068000
[    0.375477] pci 0000:00:01.3: quirk: [io  0x0600-0x063f] claimed by PIIX4 ACPI
[    0.375896] pci 0000:00:01.3: quirk: [io  0x0700-0x070f] claimed by PIIX4 SMB
[    0.376453] pci 0000:00:02.0: [1234:1111] type 00 class 0x030000
[    0.378612] pci 0000:00:02.0: reg 0x10: [mem 0xfd000000-0xfdffffff pref]
[    0.379799] pci 0000:00:02.0: reg 0x18: [mem 0xfebf0000-0xfebf0fff]
[    0.384521] pci 0000:00:02.0: reg 0x30: [mem 0xfebe0000-0xfebeffff pref]
[    0.384963] pci 0000:00:02.0: Video device with shadowed ROM at [mem 0x000c0000-0x000dffff]
[    0.388808] pci 0000:00:03.0: [8086:100e] type 00 class 0x020000
[    0.389390] pci 0000:00:03.0: reg 0x10: [mem 0xfebc0000-0xfebdffff]
[    0.390031] pci 0000:00:03.0: reg 0x14: [io  0xc000-0xc03f]
[    0.391749] pci 0000:00:03.0: reg 0x30: [mem 0xfeb80000-0xfebbffff pref]
[    0.396681] ACPI: PCI: Interrupt link LNKA configured for IRQ 10
[    0.397434] ACPI: PCI: Interrupt link LNKB configured for IRQ 10
[    0.398172] ACPI: PCI: Interrupt link LNKC configured for IRQ 11
[    0.399711] ACPI: PCI: Interrupt link LNKD configured for IRQ 11
[    0.400253] ACPI: PCI: Interrupt link LNKS configured for IRQ 9
[    0.401265] iommu: Default domain type: Translated 
[    0.401389] iommu: DMA domain TLB invalidation policy: lazy mode 
[    0.401987] SCSI subsystem initialized
[    0.402462] ACPI: bus type USB registered
[    0.402462] usbcore: registered new interface driver usbfs
[    0.402835] usbcore: registered new interface driver hub
[    0.403214] usbcore: registered new device driver usb
[    0.404425] pps_core: LinuxPPS API ver. 1 registered
[    0.404772] pps_core: Software ver. 5.3.6 - Copyright 2005-2007 Rodolfo Giometti <giometti@linux.it>
[    0.405396] PTP clock support registered
[    0.405707] Advanced Linux Sound Architecture Driver Initialized.
[    0.406462] NetLabel: Initializing
[    0.406702] NetLabel:  domain hash size = 128
[    0.407003] NetLabel:  protocols = UNLABELED CIPSOv4 CALIPSO
[    0.407418] NetLabel:  unlabeled traffic allowed by default
[    0.407831] PCI: Using ACPI for IRQ routing
[    0.408399] pci 0000:00:02.0: vgaarb: setting as boot VGA device
[    0.408817] pci 0000:00:02.0: vgaarb: bridge control possible
[    0.409212] pci 0000:00:02.0: vgaarb: VGA device added: decodes=io+mem,owns=io+mem,locks=none
[    0.409389] vgaarb: loaded
[    0.409638] hpet0: at MMIO 0xfed00000, IRQs 2, 8, 0
[    0.409978] hpet0: 3 comparators, 64-bit 100.000000 MHz counter
[    0.413426] clocksource: Switched to clocksource kvm-clock
[    0.415820] VFS: Disk quotas dquot_6.6.0
[    0.416124] VFS: Dquot-cache hash table entries: 512 (order 0, 4096 bytes)
[    0.416685] pnp: PnP ACPI init
[    0.417847] pnp: PnP ACPI: found 6 devices
[    0.425475] clocksource: acpi_pm: mask: 0xffffff max_cycles: 0xffffff, max_idle_ns: 2085701024 ns
[    0.426135] NET: Registered PF_INET protocol family
[    0.426518] IP idents hash table entries: 32768 (order: 6, 262144 bytes, linear)
[    0.427423] tcp_listen_portaddr_hash hash table entries: 1024 (order: 2, 16384 bytes, linear)
[    0.428017] Table-perturb hash table entries: 65536 (order: 6, 262144 bytes, linear)
[    0.428555] TCP established hash table entries: 16384 (order: 5, 131072 bytes, linear)
[    0.429118] TCP bind hash table entries: 16384 (order: 7, 524288 bytes, linear)
[    0.429646] TCP: Hash tables configured (established 16384 bind 16384)
[    0.430126] UDP hash table entries: 1024 (order: 3, 32768 bytes, linear)
[    0.430591] UDP-Lite hash table entries: 1024 (order: 3, 32768 bytes, linear)
[    0.431140] NET: Registered PF_UNIX/PF_LOCAL protocol family
[    0.432397] RPC: Registered named UNIX socket transport module.
[    0.432815] RPC: Registered udp transport module.
[    0.433142] RPC: Registered tcp transport module.
[    0.433467] RPC: Registered tcp NFSv4.1 backchannel transport module.
[    0.434154] pci_bus 0000:00: resource 4 [io  0x0000-0x0cf7 window]
[    0.434581] pci_bus 0000:00: resource 5 [io  0x0d00-0xffff window]
[    0.435007] pci_bus 0000:00: resource 6 [mem 0x000a0000-0x000bffff window]
[    0.435479] pci_bus 0000:00: resource 7 [mem 0x80000000-0xfebfffff window]
[    0.435951] pci_bus 0000:00: resource 8 [mem 0x100000000-0x17fffffff window]
[    0.436514] pci 0000:00:01.0: PIIX3: Enabling Passive Release
[    0.436917] pci 0000:00:00.0: Limiting direct PCI/PCI transfers
[    0.437356] PCI: CLS 0 bytes, default 64
[    0.437773] Unpacking initramfs...
[    0.440722] RAPL PMU: API unit is 2^-32 Joules, 0 fixed counters, 10737418240 ms ovfl timer
[    0.441313] clocksource: tsc: mask: 0xffffffffffffffff max_cycles: 0x2df10e7656b, max_idle_ns: 440795364873 ns
[    0.446259] Initialise system trusted keyrings
[    0.446658] workingset: timestamp_bits=56 max_order=19 bucket_order=0
[    0.453108] NFS: Registering the id_resolver key type
[    0.453416] Key type id_resolver registered
[    0.453661] Key type id_legacy registered
[    0.453949] 9p: Installing v9fs 9p2000 file system support
[    0.454036] Freeing initrd memory: 1340K
[    0.458460] Key type asymmetric registered
[    0.458739] Asymmetric key parser 'x509' registered
[    0.459043] Block layer SCSI generic (bsg) driver version 0.4 loaded (major 251)
[    0.459479] io scheduler mq-deadline registered
[    0.459742] io scheduler kyber registered
[    0.460086] cryptomgr_test (41) used greatest stack depth: 30904 bytes left
[    0.460706] input: Power Button as /devices/LNXSYSTM:00/LNXPWRBN:00/input/input0
[    0.461209] ACPI: button: Power Button [PWRF]
[    0.463588] Serial: 8250/16550 driver, 4 ports, IRQ sharing enabled
[    0.464038] 00:04: ttyS0 at I/O 0x3f8 (irq = 4, base_baud = 115200) is a 16550A
[    0.465013] Non-volatile memory driver v1.3
[    0.465255] Linux agpgart interface v0.103
[    0.465556] ACPI: bus type drm_connector registered
[    0.470195] loop: module loaded
[    0.471400] scsi host0: ata_piix
[    0.471813] scsi host1: ata_piix
[    0.472063] ata1: PATA max MWDMA2 cmd 0x1f0 ctl 0x3f6 bmdma 0xc040 irq 14
[    0.472425] ata2: PATA max MWDMA2 cmd 0x170 ctl 0x376 bmdma 0xc048 irq 15
[    0.473454] e100: Intel(R) PRO/100 Network Driver
[    0.473726] e100: Copyright(c) 1999-2006 Intel Corporation
[    0.474048] e1000: Intel(R) PRO/1000 Network Driver
[    0.474325] e1000: Copyright (c) 1999-2006 Intel Corporation.
[    0.624792] ata2: found unknown device (class 0)
[    0.625491] ata2.00: ATAPI: QEMU DVD-ROM, 2.5+, max UDMA/100
[    0.626460] scsi 1:0:0:0: CD-ROM            QEMU     QEMU DVD-ROM     2.5+ PQ: 0 ANSI: 5
[    0.667953] sr 1:0:0:0: [sr0] scsi3-mmc drive: 4x/4x cd/rw xa/form2 tray
[    0.668347] cdrom: Uniform CD-ROM driver Revision: 3.20
[    0.687446] sr 1:0:0:0: Attached scsi generic sg0 type 5
[    0.771447] ACPI: \_SB_.LNKC: Enabled at IRQ 11
[    1.060097] e1000 0000:00:03.0 eth0: (PCI:33MHz:32-bit) 52:54:00:12:34:56
[    1.060499] e1000 0000:00:03.0 eth0: Intel(R) PRO/1000 Network Connection
[    1.060920] e1000e: Intel(R) PRO/1000 Network Driver
[    1.061206] e1000e: Copyright(c) 1999 - 2015 Intel Corporation.
[    1.061565] sky2: driver version 1.30
[    1.064410] usbcore: registered new interface driver usblp
[    1.064807] usbcore: registered new interface driver usb-storage
[    1.065214] i8042: PNP: PS/2 Controller [PNP0303:KBD,PNP0f13:MOU] at 0x60,0x64 irq 1,12
[    1.066109] serio: i8042 KBD port at 0x60,0x64 irq 1
[    1.066394] serio: i8042 AUX port at 0x60,0x64 irq 12
[    1.066970] rtc_cmos 00:05: RTC can wake from S4
[    1.067309] input: AT Translated Set 2 keyboard as /devices/platform/i8042/serio0/input/input1
[    1.069096] rtc_cmos 00:05: registered as rtc0
[    1.069413] rtc_cmos 00:05: alarms up to one day, y3k, 242 bytes nvram, hpet irqs
[    1.070116] device-mapper: ioctl: 4.47.0-ioctl (2022-07-28) initialised: dm-devel@redhat.com
[    1.070606] intel_pstate: CPU model not supported
[    1.070909] hid: raw HID events driver (C) Jiri Kosina
[    1.071442] usbcore: registered new interface driver usbhid
[    1.071767] usbhid: USB HID core driver
[    1.074890] Initializing XFRM netlink socket
[    1.075389] NET: Registered PF_INET6 protocol family
[    1.076183] Segment Routing with IPv6
[    1.076410] In-situ OAM (IOAM) with IPv6
[    1.076714] sit: IPv6, IPv4 and MPLS over IPv4 tunneling driver
[    1.077263] NET: Registered PF_PACKET protocol family
[    1.077610] 9pnet: Installing 9P2000 support
[    1.077883] Key type dns_resolver registered
[    1.078369] IPI shorthand broadcast: enabled
[    1.078657] sched_clock: Marking stable (1041001365, 37640936)->(1083761477, -5119176)
[    1.079223] registered taskstats version 1
[    1.079462] Loading compiled-in X.509 certificates
[    1.080181] cryptomgr_test (64) used greatest stack depth: 30528 bytes left
[    1.080653] PM:   Magic number: 10:511:895
[    1.080930] printk: console [netcon0] enabled
[    1.081187] netconsole: network logging started
[    1.081596] cfg80211: Loading compiled-in X.509 certificates for regulatory database
[    1.082167] kworker/u4:2 (73) used greatest stack depth: 29504 bytes left
[    1.082811] cfg80211: Loaded X.509 cert 'sforshee: 00b28ddf47aef9cea7'
[    1.083310] cfg80211: Loaded X.509 cert 'wens: 61c038651aabdcf94bd0ac7ff06c7248db18c600'
[    1.083839] ALSA device list:
[    1.084019]   No soundcards found.
[    1.084657] Freeing unused kernel image (initmem) memory: 2108K
[    1.084968] platform regulatory.0: Direct firmware load for regulatory.db failed with error -2
[    1.085310] cfg80211: failed to load regulatory.db
[    1.093656] Write protecting the kernel read-only data: 59392k
[    1.094243] Freeing unused kernel image (text/rodata gap) memory: 2032K
[    1.094708] Freeing unused kernel image (rodata/data gap) memory: 1520K
[    1.102358] x86/mm: Checked W+X mappings: passed, no W+X pages found.
[    1.102654] Run /init as init process
[    1.103789] mount (78) used greatest stack depth: 28352 bytes left

secb: rootfs ready
---- poc begin ----
poc: start: CVE-2024-1085 nft_setelem_catchall_deactivate double-free trigger
poc: userns: uid=0 (expect 0 inside ns)
poc: nf netlink socket fd=3
poc: checkpoint 1/4: create table/obj/pipapo-set (292 bytes)
poc: checkpoint 2/4: NEWSETELEM [    1.113155] ------------[ cut here ]------------
catchall B commi[    1.113409] WARNING: CPU: 0 PID: 84 at include/net/netfilter/nf_tables.h:1159 nft_setelem_data_deactivate+0x24d/0x300
tted (308 bytes)[    1.113907] Modules linked in:

poc: checkpoin[    1.114109] CPU: 0 PID: 84 Comm: poc Not tainted 6.1.74-12934-gc6350b5cb78e-dirty #1
t 3/4: trigger b[    1.114554] Hardware name: QEMU Standard PC (i440FX + PIIX, 1996), BIOS 1.16.2-debian-1.16.2-1 04/01/2014
atch 2x DELSETEL[    1.115045] RIP: 0010:nft_setelem_data_deactivate+0x24d/0x300
EM(catchall) (16[    1.115378] Code: 83 e0 07 83 c0 03 38 d0 7c 08 84 d2 0f 85 bb 00 00 00 8b 45 50 8d 50 ff 89 55 50 85 c0 0f 85 c8 fe ff ff 0f 0b e9 c1 fe ff ff <0f> 0b e9 4d ff ff ff 48 89 34 24 e8 d3 21 50 fe 48 8b 34 24 e9 1d
0 bytes)
[    1.116331] RSP: 0018:ffffc900003ff2d8 EFLAGS: 00010246
[    1.116596] RAX: 0000000000000000 RBX: ffff888009c32600 RCX: 1ffff9200007fea4
[    1.116893] RDX: 00000000ffffffff RSI: ffff888009c0f000 RDI: ffff888009c32634
[    1.117183] RBP: ffff888009c19860 R08: ffff888009bb0000 R09: ffffc900003fef78
[    1.117470] R10: ffff88806cadb290 R11: 000000005d31d4c5 R12: 0000000000000000
[    1.117759] R13: ffffc900003ff460 R14: ffff888009c19800 R15: ffff888009c32800
[    1.118048] FS:  000000000129f380(0000) GS:ffff88806d000000(0000) knlGS:0000000000000000
[    1.118372] CS:  0010 DS: 0000 ES: 0000 CR0: 0000000080050033
[    1.118606] CR2: 00007ffed39f9884 CR3: 0000000006254000 CR4: 0000000000750ef0
[    1.118895] PKRU: 55555554
[    1.119011] Call Trace:
[    1.119115]  <TASK>
[    1.119206]  ? __warn+0xc4/0x170
[    1.119343]  ? nft_setelem_data_deactivate+0x24d/0x300
[    1.119553]  ? report_bug+0x1c2/0x2d0
[    1.119709]  ? handle_bug+0x3c/0x70
[    1.119856]  ? exc_invalid_op+0x13/0x40
[    1.120017]  ? asm_exc_invalid_op+0x16/0x20
[    1.120189]  ? nft_setelem_data_deactivate+0x24d/0x300
[    1.120398]  ? __kmem_cache_free+0x76/0x180
[    1.120571]  nft_del_setelem+0x979/0xe00
[    1.120737]  ? __is_insn_slot_addr+0x82/0xd0
[    1.120915]  ? nft_set_catchall_flush+0x4e0/0x4e0
[    1.121109]  ? __kernel_text_address+0x9/0x40
[    1.121290]  ? unwind_get_return_address+0x55/0xa0
[    1.121487]  ? stack_trace_save+0x8c/0xc0
[    1.121655]  ? __sys_sendto+0x1e7/0x2b0
[    1.121816]  ? nla_strcmp+0x1c/0xf0
[    1.121963]  ? nla_strcmp+0x1c/0xf0
[    1.122108]  nf_tables_delsetelem+0x5df/0xa60
[    1.122279]  ? nft_del_setelem+0xe00/0xe00
[    1.122439]  ? nla_get_range_signed+0x360/0x360
[    1.122617]  nfnetlink_rcv_batch+0x12c5/0x1ff0
[    1.122794]  ? nfnetlink_rcv_msg+0x8a0/0x8a0
[    1.122962]  ? avc_has_extended_perms+0x1030/0x1030
[    1.123154]  ? __sys_sendto+0x1e7/0x2b0
[    1.123305]  ? __x64_sys_sendto+0xd7/0x1b0
[    1.123465]  ? do_syscall_64+0x37/0x90
[    1.123613]  ? entry_SYSCALL_64_after_hwframe+0x64/0xce
[    1.123819]  nfnetlink_rcv+0x2db/0x360
[    1.123967]  ? nfnetlink_rcv_batch+0x1ff0/0x1ff0
[    1.124148]  ? _copy_from_iter+0x392/0xe30
[    1.124309]  netlink_unicast+0x5bc/0x820
[    1.124464]  ? netlink_attachskb+0x690/0x690
[    1.124632]  netlink_sendmsg+0x7b3/0xc60
[    1.124789]  ? netlink_unicast+0x820/0x820
[    1.124950]  ? netlink_unicast+0x820/0x820
[    1.125112]  __sock_sendmsg+0xdf/0x110
[    1.125260]  __sys_sendto+0x1e7/0x2b0
[    1.125404]  ? __ia32_sys_getpeername+0xb0/0xb0
[    1.125583]  ? ksys_write+0xf5/0x1d0
[    1.125727]  ? __ia32_sys_read+0xa0/0xa0
[    1.125881]  __x64_sys_sendto+0xd7/0x1b0
[    1.126037]  ? exit_to_user_mode_prepare+0x2a/0x110
[    1.126226]  ? syscall_exit_to_user_mode+0x2b/0x50
[    1.126413]  do_syscall_64+0x37/0x90
[    1.126555]  entry_SYSCALL_64_after_hwframe+0x64/0xce
[    1.126753] RIP: 0033:0x43b8b3
[    1.126876] Code: 64 89 02 48 c7 c0 ff ff ff ff eb b7 66 2e 0f 1f 84 00 00 00 00 00 90 80 3d b1 c7 06 00 00 41 89 ca 74 14 b8 2c 00 00 00 0f 05 <48> 3d 00 f0 ff ff 77 75 c3 0f 1f 40 00 55 48 83 ec 30 44 89 4c 24
[    1.127577] RSP: 002b:00007ffed39f9878 EFLAGS: 00000202 ORIG_RAX: 000000000000002c
[    1.127869] RAX: ffffffffffffffda RBX: 00007ffed39fa8e0 RCX: 000000000043b8b3
[    1.128143] RDX: 00000000000000a0 RSI: 00000000004a9300 RDI: 0000000000000003
[    1.128415] RBP: 0000000000000003 R08: 00007ffed39f9884 R09: 000000000000000c
[    1.128745] R10: 0000000000000000 R11: 0000000000000202 R12: 0000000000000020
[    1.129018] R13: 00000000012a06d0 R14: 0000000000000040 R15: 0000000000000014
[    1.129290]  </TASK>
[    1.129380] ---[ end trace 0000000000000000 ]---
[    1.131715] ==================================================================
[    1.131991] BUG: KASAN: use-after-free in nf_tables_trans_destroy_work+0x8ac/0x8c0
[    1.132282] Read of size 1 at addr ffff888009c32808 by task kworker/0:2/48
[    1.132543] 
[    1.132608] CPU: 0 PID: 48 Comm: kworker/0:2 Tainted: G        W          6.1.74-12934-gc6350b5cb78e-dirty #1
[    1.132983] Hardware name: QEMU Standard PC (i440FX + PIIX, 1996), BIOS 1.16.2-debian-1.16.2-1 04/01/2014
[    1.133344] Workqueue: events nf_tables_trans_destroy_work
[    1.133555] Call Trace:
[    1.133659]  <TASK>
[    1.133745]  dump_stack_lvl+0x33/0x46
[    1.133891]  print_report+0x181/0x4a5
[    1.134039]  ? nf_tables_trans_destroy_work+0x8ac/0x8c0
[    1.134239]  kasan_report+0xc5/0x150
[    1.134382]  ? nf_tables_trans_destroy_work+0x8ac/0x8c0
[    1.134587]  nf_tables_trans_destroy_work+0x8ac/0x8c0
[    1.134782]  ? nf_tables_newrule+0x2940/0x2940
[    1.134960]  ? read_word_at_a_time+0xe/0x20
[    1.135125]  ? strscpy+0xa9/0x280
[    1.135257]  process_one_work+0x721/0x1210
[    1.135418]  worker_thread+0xe9/0x1350
[    1.135568]  ? __kthread_parkme+0x7e/0x140
[    1.135727]  ? process_one_work+0x1210/0x1210
[    1.135903]  kthread+0x251/0x2f0
[    1.136035]  ? kthread_complete_and_exit+0x20/0x20
[    1.136221]  ret_from_fork+0x1f/0x30
[    1.136363]  </TASK>
[    1.136452] 
[    1.136519] Allocated by task 84:
[    1.136651]  kasan_save_stack+0x2f/0x60
[    1.136802]  kasan_set_track+0x21/0x30
[    1.136949]  __kasan_kmalloc+0x8e/0x90
[    1.137100]  __kmalloc+0x55/0x160
[    1.137233]  nft_set_elem_init+0xba/0x590
[    1.137389]  nft_add_set_elem+0x1401/0x3220
[    1.137551]  nf_tables_newsetelem+0x57d/0xa70
[    1.137721]  nfnetlink_rcv_batch+0x12c5/0x1ff0
[    1.137895]  nfnetlink_rcv+0x2db/0x360
[    1.138043]  netlink_unicast+0x5bc/0x820
[    1.138197]  netlink_sendmsg+0x7b3/0xc60
[    1.138350]  __sock_sendmsg+0xdf/0x110
[    1.138498]  __sys_sendto+0x1e7/0x2b0
[    1.138642]  __x64_sys_sendto+0xd7/0x1b0
[    1.138795]  do_syscall_64+0x37/0x90
[    1.138937]  entry_SYSCALL_64_after_hwframe+0x64/0xce
[    1.139134] 
[    1.139198] Freed by task 48:
[    1.139317]  kasan_save_stack+0x2f/0x60
[    1.139468]  kasan_set_track+0x21/0x30
[    1.139615]  kasan_save_free_info+0x2a/0x50
[    1.139777]  __kasan_slab_free+0x106/0x180
[    1.139937]  __kmem_cache_free+0x76/0x180
[    1.140096]  nf_tables_trans_destroy_work+0x594/0x8c0
[    1.140291]  process_one_work+0x721/0x1210
[    1.140451]  worker_thread+0xe9/0x1350
[    1.140598]  kthread+0x251/0x2f0
[    1.140726]  ret_from_fork+0x1f/0x30
[    1.140867] 
[    1.140932] The buggy address belongs to the object at ffff888009c32800
[    1.140932]  which belongs to the cache kmalloc-256 of size 256
[    1.141402] The buggy address is located 8 bytes inside of
[    1.141402]  256-byte region [ffff888009c32800, ffff888009c32900)
[    1.141835] 
[    1.141900] The buggy address belongs to the physical page:
[    1.142114] page:000000003cbe8790 refcount:1 mapcount:0 mapping:0000000000000000 index:0x0 pfn:0x9c32
[    1.142464] head:000000003cbe8790 order:1 compound_mapcount:0 compound_pincount:0
[    1.142747] flags: 0x100000000010200(slab|head|node=0|zone=1)
[    1.142970] raw: 0100000000010200 0000000000000000 dead000000000122 ffff888006041b40
[    1.143265] raw: 0000000000000000 0000000080100010 00000001ffffffff 0000000000000000
[    1.143558] page dumped because: kasan: bad access detected
[    1.143770] 
[    1.143835] Memory state around the buggy address:
[    1.144027]  ffff888009c32700: fc fc fc fc fc fc fc fc fc fc fc fc fc fc fc fc
[    1.144302]  ffff888009c32780: fc fc fc fc fc fc fc fc fc fc fc fc fc fc fc fc
[    1.144604] >ffff888009c32800: fa fb fb fb fb fb fb fb fb fb fb fb fb fb fb fb
[    1.144878]                       ^
[    1.145018]  ffff888009c32880: fb fb fb fb fb fb fb fb fb fb fb fb fb fb fb fb
[    1.145293]  ffff888009c32900: fc fc fc fc fc fc fc fc fc fc fc fc fc fc fc fc
[    1.145567] ==================================================================
[    1.145847] Disabling lock debugging due to kernel taint
[    1.146058] general protection fault, probably for non-canonical address 0xe82824282828282f: 0000 [#1] PREEMPT SMP KASAN NOPTI
[    1.146487] KASAN: maybe wild-memory-access in range [0x4141414141414178-0x414141414141417f]
[    1.146809] CPU: 0 PID: 48 Comm: kworker/0:2 Tainted: G    B   W          6.1.74-12934-gc6350b5cb78e-dirty #1
[    1.147185] Hardware name: QEMU Standard PC (i440FX + PIIX, 1996), BIOS 1.16.2-debian-1.16.2-1 04/01/2014
[    1.147544] Workqueue: events nf_tables_trans_destroy_work
[    1.147756] RIP: 0010:nft_set_elem_expr_destroy+0x128/0x290
[    1.147970] Code: 45 00 41 39 c4 0f 83 a3 00 00 00 48 89 d8 48 c1 e8 03 80 3c 28 00 0f 85 21 01 00 00 48 8b 03 48 8d 78 38 48 89 fa 48 c1 ea 03 <80> 3c 2a 00 0f 85 f7 00 00 00 48 8b 50 38 48 85 d2 0f 85 1f ff ff
[    1.148670] RSP: 0018:ffffc9000032fcd8 EFLAGS: 00010202
[    1.148872] RAX: 4141414141414141 RBX: ffff888009c32838 RCX: 0000000000000000
[    1.149146] RDX: 082828282828282f RSI: 0000000000000008 RDI: 4141414141414179
[    1.149418] RBP: dffffc0000000000 R08: 0000000000000001 R09: ffffffff85c54ac7
[    1.149689] R10: fffffbfff0b8a958 R11: 6e696c6261736944 R12: 0000000000000000
[    1.149961] R13: ffff888009c32830 R14: ffffed1001386506 R15: ffff888009c19828
[    1.150236] FS:  0000000000000000(0000) GS:ffff88806d000000(0000) knlGS:0000000000000000
[    1.150543] CS:  0010 DS: 0000 ES: 0000 CR0: 0000000080050033
[    1.150764] CR2: 00007ffed39f9884 CR3: 0000000006254000 CR4: 0000000000750ef0
[    1.151059] PKRU: 55555554
[    1.151167] Call Trace:
[    1.151266]  <TASK>
[    1.151352]  ? __die_body.cold+0x1a/0x1f
[    1.151507]  ? die_addr+0x3d/0x70
[    1.151639]  ? exc_general_protection+0x14c/0x220
[    1.151824]  ? asm_exc_general_protection+0x22/0x30
[    1.152017]  ? nft_set_elem_expr_destroy+0x128/0x290
[    1.152209]  ? nft_set_elem_expr_destroy+0x243/0x290
[    1.152401]  nf_tables_trans_destroy_work+0x58c/0x8c0
[    1.152596]  ? nf_tables_newrule+0x2940/0x2940
[    1.152769]  ? read_word_at_a_time+0xe/0x20
[    1.152932]  ? strscpy+0xa9/0x280
[    1.153067]  process_one_work+0x721/0x1210
[    1.153227]  worker_thread+0xe9/0x1350
[    1.153375]  ? __kthread_parkme+0x7e/0x140
[    1.153534]  ? process_one_work+0x1210/0x1210
[    1.153705]  kthread+0x251/0x2f0
[    1.153834]  ? kthread_complete_and_exit+0x20/0x20
[    1.154022]  ret_from_fork+0x1f/0x30
[    1.154163]  </TASK>
[    1.154253] Modules linked in:
[    1.154382] ---[ end trace 0000000000000000 ]---
[    1.154562] RIP: 0010:nft_set_elem_expr_destroy+0x128/0x290
[    1.154779] Code: 45 00 41 39 c4 0f 83 a3 00 00 00 48 89 d8 48 c1 e8 03 80 3c 28 00 0f 85 21 01 00 00 48 8b 03 48 8d 78 38 48 89 fa 48 c1 ea 03 <80> 3c 2a 00 0f 85 f7 00 00 00 48 8b 50 38 48 85 d2 0f 85 1f ff ff
[    1.155480] RSP: 0018:ffffc9000032fcd8 EFLAGS: 00010202
[    1.155683] RAX: 4141414141414141 RBX: ffff888009c32838 RCX: 0000000000000000
[    1.155956] RDX: 082828282828282f RSI: 0000000000000008 RDI: 4141414141414179
[    1.156230] RBP: dffffc0000000000 R08: 0000000000000001 R09: ffffffff85c54ac7
[    1.156502] R10: fffffbfff0b8a958 R11: 6e696c6261736944 R12: 0000000000000000
[    1.156775] R13: ffff888009c32830 R14: ffffed1001386506 R15: ffff888009c19828
[    1.157049] FS:  0000000000000000(0000) GS:ffff88806d000000(0000) knlGS:0000000000000000
[    1.157356] CS:  0010 DS: 0000 ES: 0000 CR0: 0000000080050033
[    1.157577] CR2: 00007ffed39f9884 CR3: 0000000006254000 CR4: 0000000000750ef0
[    1.157851] PKRU: 55555554
[    1.157959] Kernel panic - not syncing: Fatal exception
[    1.158205] Kernel Offset: disabled
CONFIRMED: KASAN_UAF
