bash: warning: setlocale: LC_ALL: cannot change locale (en_US.UTF-8)
c[?7l[2J[0mSeaBIOS (version 1.16.2-debian-1.16.2-1)
Booting from ROM...
c[?7l[2Jearly console in extract_kernel
input_data: 0x000000000ed33298
input_len: 0x0000000005cb33ac
output: 0x0000000001000000
output_len: 0x0000000011d6fbc0
kernel_total_size: 0x0000000013a26000
needed_size: 0x0000000013c00000
trampoline_32bit: 0x0000000000000000

Decompressing Linux... Parsing ELF... done.
Booting the kernel (entry_offset: 0x000000000000007a).
[    0.000000][    T0] Linux version 6.9.0-rc5-g5eb4573ea63d-dirty (root@buildkitsandbox) (gcc (Debian 12.2.0-14+deb12u1) 12.2.0, GNU ld (GNU Binutils for Debian) 2.40) #1 SMP PREEMPT_DYNAMIC Tue May 26 05:30:23 UTC 2026
[    0.000000][    T0] Command line: console=ttyS0 oops=panic panic=86400 nokaslr earlyprintk=serial rdinit=/init
[    0.000000][    T0] KERNEL supported cpus:
[    0.000000][    T0]   Intel GenuineIntel
[    0.000000][    T0]   AMD AuthenticAMD
[    0.000000][    T0] BIOS-provided physical RAM map:
[    0.000000][    T0] BIOS-e820: [mem 0x0000000000000000-0x000000000009fbff] usable
[    0.000000][    T0] BIOS-e820: [mem 0x000000000009fc00-0x000000000009ffff] reserved
[    0.000000][    T0] BIOS-e820: [mem 0x00000000000f0000-0x00000000000fffff] reserved
[    0.000000][    T0] BIOS-e820: [mem 0x0000000000100000-0x000000007ffdffff] usable
[    0.000000][    T0] BIOS-e820: [mem 0x000000007ffe0000-0x000000007fffffff] reserved
[    0.000000][    T0] BIOS-e820: [mem 0x00000000feffc000-0x00000000feffffff] reserved
[    0.000000][    T0] BIOS-e820: [mem 0x00000000fffc0000-0x00000000ffffffff] reserved
[    0.000000][    T0] BIOS-e820: [mem 0x000000fd00000000-0x000000ffffffffff] reserved
[    0.000000][    T0] printk: legacy bootconsole [earlyser0] enabled
[    0.000000][    T0] NX (Execute Disable) protection: active
[    0.000000][    T0] APIC: Static calls initialized
[    0.000000][    T0] SMBIOS 2.8 present.
[    0.000000][    T0] DMI: QEMU Standard PC (i440FX + PIIX, 1996), BIOS 1.16.2-debian-1.16.2-1 04/01/2014
[    0.000000][    T0] Hypervisor detected: KVM
[    0.000000][    T0] kvm-clock: Using msrs 4b564d01 and 4b564d00
[    0.000006][    T0] kvm-clock: using sched offset of 11397615532 cycles
[    0.002617][    T0] clocksource: kvm-clock: mask: 0xffffffffffffffff max_cycles: 0x1cd42e4dffb, max_idle_ns: 881590591483 ns
[    0.009777][    T0] tsc: Detected 3493.436 MHz processor
[    0.024113][    T0] last_pfn = 0x7ffe0 max_arch_pfn = 0x400000000
[    0.027091][    T0] MTRR map: 4 entries (3 fixed + 1 variable; max 19), built from 8 variable MTRRs
[    0.030948][    T0] x86/PAT: Configuration [0-7]: WB  WC  UC- UC  WB  WP  UC- WT  
[    0.038999][    T0] found SMP MP-table at [mem 0x000f5ba0-0x000f5baf]
[    0.041731][    T0] Using GB pages for direct mapping
[    0.046889][    T0] RAMDISK: [mem 0x7fe88000-0x7ffdffff]
[    0.049310][    T0] ACPI: Early table checksum verification disabled
[    0.051781][    T0] ACPI: RSDP 0x00000000000F59D0 000014 (v00 BOCHS )
[    0.054540][    T0] ACPI: RSDT 0x000000007FFE1B33 000034 (v01 BOCHS  BXPC     00000001 BXPC 00000001)
[    0.058199][    T0] ACPI: FACP 0x000000007FFE19DF 000074 (v01 BOCHS  BXPC     00000001 BXPC 00000001)
[    0.062156][    T0] ACPI: DSDT 0x000000007FFE0040 00199F (v01 BOCHS  BXPC     00000001 BXPC 00000001)
[    0.065836][    T0] ACPI: FACS 0x000000007FFE0000 000040
[    0.068057][    T0] ACPI: APIC 0x000000007FFE1A53 000080 (v01 BOCHS  BXPC     00000001 BXPC 00000001)
[    0.072104][    T0] ACPI: HPET 0x000000007FFE1AD3 000038 (v01 BOCHS  BXPC     00000001 BXPC 00000001)
[    0.075964][    T0] ACPI: WAET 0x000000007FFE1B0B 000028 (v01 BOCHS  BXPC     00000001 BXPC 00000001)
[    0.080084][    T0] ACPI: Reserving FACP table memory at [mem 0x7ffe19df-0x7ffe1a52]
[    0.083184][    T0] ACPI: Reserving DSDT table memory at [mem 0x7ffe0040-0x7ffe19de]
[    0.086453][    T0] ACPI: Reserving FACS table memory at [mem 0x7ffe0000-0x7ffe003f]
[    0.089585][    T0] ACPI: Reserving APIC table memory at [mem 0x7ffe1a53-0x7ffe1ad2]
[    0.092598][    T0] ACPI: Reserving HPET table memory at [mem 0x7ffe1ad3-0x7ffe1b0a]
[    0.095944][    T0] ACPI: Reserving WAET table memory at [mem 0x7ffe1b0b-0x7ffe1b32]
[    0.100454][    T0] No NUMA configuration found
[    0.102311][    T0] Faking a node at [mem 0x0000000000000000-0x000000007ffdffff]
[    0.105524][    T0] NODE_DATA(0) allocated [mem 0x7fe81e00-0x7fe87dff]
[    0.533250][    T0] Zone ranges:
[    0.534546][    T0]   DMA      [mem 0x0000000000001000-0x0000000000ffffff]
[    0.536902][    T0]   DMA32    [mem 0x0000000001000000-0x000000007ffdffff]
[    0.539077][    T0]   Normal   empty
[    0.539670][    T0]   Device   empty
[    0.540249][    T0] Movable zone start for each node
[    0.541037][    T0] Early memory node ranges
[    0.541712][    T0]   node   0: [mem 0x0000000000001000-0x000000000009efff]
[    0.542841][    T0]   node   0: [mem 0x0000000000100000-0x000000007ffdffff]
[    0.543952][    T0] Initmem setup node 0 [mem 0x0000000000001000-0x000000007ffdffff]
[    0.545219][    T0] On node 0, zone DMA: 1 pages in unavailable ranges
[    0.546600][    T0] On node 0, zone DMA: 97 pages in unavailable ranges
[    0.582355][    T0] On node 0, zone DMA32: 32 pages in unavailable ranges
[    2.143072][    T0] kasan: KernelAddressSanitizer initialized
[    2.145819][    T0] ACPI: PM-Timer IO Port: 0x608
[    2.146790][    T0] ACPI: LAPIC_NMI (acpi_id[0xff] dfl dfl lint[0x1])
[    2.148096][    T0] IOAPIC[0]: apic_id 0, version 17, address 0xfec00000, GSI 0-23
[    2.149586][    T0] ACPI: INT_SRC_OVR (bus 0 bus_irq 0 global_irq 2 dfl dfl)
[    2.150866][    T0] ACPI: INT_SRC_OVR (bus 0 bus_irq 5 global_irq 5 high level)
[    2.152004][    T0] ACPI: INT_SRC_OVR (bus 0 bus_irq 9 global_irq 9 high level)
[    2.153169][    T0] ACPI: INT_SRC_OVR (bus 0 bus_irq 10 global_irq 10 high level)
[    2.154324][    T0] ACPI: INT_SRC_OVR (bus 0 bus_irq 11 global_irq 11 high level)
[    2.155520][    T0] ACPI: Using ACPI (MADT) for SMP configuration information
[    2.156622][    T0] ACPI: HPET id: 0x8086a201 base: 0xfed00000
[    2.157541][    T0] TSC deadline timer available
[    2.158276][    T0] CPU topo: Max. logical packages:   1
[    2.159103][    T0] CPU topo: Max. logical dies:       1
[    2.159919][    T0] CPU topo: Max. dies per package:   1
[    2.160756][    T0] CPU topo: Max. threads per core:   1
[    2.161583][    T0] CPU topo: Num. cores per package:     2
[    2.162298][    T0] CPU topo: Num. threads per package:   2
[    2.163088][    T0] CPU topo: Allowing 2 present CPUs plus 0 hotplug CPUs
[    2.164225][    T0] kvm-guest: APIC: eoi() replaced with kvm_guest_apic_eoi_write()
[    2.165439][    T0] kvm-guest: KVM setup pv remote TLB flush
[    2.166308][    T0] kvm-guest: setup PV sched yield
[    2.167158][    T0] PM: hibernation: Registered nosave memory: [mem 0x00000000-0x00000fff]
[    2.168430][    T0] PM: hibernation: Registered nosave memory: [mem 0x0009f000-0x0009ffff]
[    2.169688][    T0] PM: hibernation: Registered nosave memory: [mem 0x000a0000-0x000effff]
[    2.170955][    T0] PM: hibernation: Registered nosave memory: [mem 0x000f0000-0x000fffff]
[    2.172249][    T0] [mem 0x80000000-0xfeffbfff] available for PCI devices
[    2.173286][    T0] Booting paravirtualized kernel on KVM
[    2.174162][    T0] clocksource: refined-jiffies: mask: 0xffffffff max_cycles: 0xffffffff, max_idle_ns: 19112604462750000 ns
[    2.411465][    T0] setup_percpu: NR_CPUS:8 nr_cpumask_bits:2 nr_cpu_ids:2 nr_node_ids:1
[    2.429772][    T0] percpu: Embedded 74 pages/cpu s264264 r8192 d30648 u1048576
[    2.431248][    T0] kvm-guest: PV spinlocks enabled
[    2.432037][    T0] PV qspinlock hash table entries: 256 (order: 0, 4096 bytes, linear)
[    2.433273][    T0] Kernel command line: console=ttyS0 oops=panic panic=86400 nokaslr earlyprintk=serial rdinit=/init
[    2.436083][    T0] random: crng init done
[    2.444892][    T0] Dentry cache hash table entries: 262144 (order: 9, 2097152 bytes, linear)
[    2.447670][    T0] Inode-cache hash table entries: 131072 (order: 8, 1048576 bytes, linear)
[    2.449867][    T0] Fallback order for Node 0: 0 
[    2.449889][    T0] Built 1 zonelists, mobility grouping on.  Total pages: 515808
[    2.453163][    T0] Policy zone: DMA32
[    2.458939][    T0] mem auto-init: stack:all(zero), heap alloc:on, heap free:off
[    2.462534][    T0] stackdepot: allocating hash table via alloc_large_system_hash
[    2.464476][    T0] stackdepot hash table entries: 1048576 (order: 12, 16777216 bytes, linear)
[    2.813580][    T0] Memory: 1415056K/2096632K available (163840K kernel code, 38894K rwdata, 36576K rodata, 25756K init, 33348K bss, 681320K reserved, 0K cma-reserved)
[    2.819230][    T0] SLUB: HWalign=64, Order=0-3, MinObjects=0, CPUs=2, Nodes=1
[    2.839459][    T0] allocated 4194304 bytes of page_ext
[    2.843350][    T0] Dynamic Preempt: full
[    2.848253][    T0] Running RCU self tests
[    2.849861][    T0] Running RCU synchronous self tests
[    2.851797][    T0] rcu: Preemptible hierarchical RCU implementation.
[    2.854325][    T0] rcu: 	RCU lockdep checking is enabled.
[    2.856842][    T0] rcu: 	RCU restricting CPUs from NR_CPUS=8 to nr_cpu_ids=2.
[    2.860700][    T0] rcu: 	RCU callback double-/use-after-free debug is enabled.
[    2.862234][    T0] rcu: 	RCU debug extended QS entry/exit.
[    2.863402][    T0] 	Trampoline variant of Tasks RCU enabled.
[    2.864340][    T0] 	Tracing variant of Tasks RCU enabled.
[    2.865230][    T0] rcu: RCU calculated value of scheduler-enlistment delay is 10 jiffies.
[    2.866560][    T0] rcu: Adjusting geometry for rcu_fanout_leaf=16, nr_cpu_ids=2
[    2.868244][    T0] Running RCU synchronous self tests
[    2.869084][    T0] RCU Tasks: Setting shift to 1 and lim to 1 rcu_task_cb_adjust=1.
[    2.870328][    T0] RCU Tasks Trace: Setting shift to 1 and lim to 1 rcu_task_cb_adjust=1.
[    3.044714][    T0] NR_IRQS: 4352, nr_irqs: 440, preallocated irqs: 16
[    3.047320][    T0] rcu: srcu_init: Setting srcu_struct sizes based on contention.
[    3.049097][    T0] kfence: initialized - using 2097152 bytes for 255 objects at 0x(____ptrval____)-0x(____ptrval____)
[    3.062181][    T0] Console: colour VGA+ 80x25
[    3.063113][    T0] printk: legacy console [ttyS0] enabled
[    3.063113][    T0] printk: legacy console [ttyS0] enabled
[    3.064913][    T0] printk: legacy bootconsole [earlyser0] disabled
[    3.064913][    T0] printk: legacy bootconsole [earlyser0] disabled
[    3.067063][    T0] Lock dependency validator: Copyright (c) 2006 Red Hat, Inc., Ingo Molnar
[    3.068413][    T0] ... MAX_LOCKDEP_SUBCLASSES:  8
[    3.069188][    T0] ... MAX_LOCK_DEPTH:          48
[    3.069972][    T0] ... MAX_LOCKDEP_KEYS:        8192
[    3.070792][    T0] ... CLASSHASH_SIZE:          4096
[    3.071609][    T0] ... MAX_LOCKDEP_ENTRIES:     131072
[    3.072445][    T0] ... MAX_LOCKDEP_CHAINS:      262144
[    3.073281][    T0] ... CHAINHASH_SIZE:          131072
[    3.074160][    T0]  memory used by lock dependency info: 20721 kB
[    3.075170][    T0]  memory used for stack traces: 8320 kB
[    3.076043][    T0]  per task-struct memory footprint: 1920 bytes
[    3.077239][    T0] ACPI: Core revision 20230628
[    3.079435][    T0] clocksource: hpet: mask: 0xffffffff max_cycles: 0xffffffff, max_idle_ns: 19112604467 ns
[    3.081823][    T0] APIC: Switch to symmetric I/O mode setup
[    3.083043][    T0] x2apic enabled
[    3.084430][    T0] APIC: Switched APIC routing to: physical x2apic
[    3.085784][    T0] kvm-guest: APIC: send_IPI_mask() replaced with kvm_send_ipi_mask()
[    3.087141][    T0] kvm-guest: APIC: send_IPI_mask_allbutself() replaced with kvm_send_ipi_mask_allbutself()
[    3.088720][    T0] kvm-guest: setup PV IPIs
[    3.092354][    T0] ..TIMER: vector=0x30 apic1=0 pin1=2 apic2=-1 pin2=-1
[    3.093467][    T0] tsc: Marking TSC unstable due to TSCs unsynchronized
[    3.094586][    T0] Calibrating delay loop (skipped) preset value.. 6986.87 BogoMIPS (lpj=34934360)
[    3.096183][    T0] x86/cpu: User Mode Instruction Prevention (UMIP) activated
[    3.097625][    T0] Last level iTLB entries: 4KB 512, 2MB 255, 4MB 127
[    3.098738][    T0] Last level dTLB entries: 4KB 512, 2MB 255, 4MB 127, 1GB 0
[    3.099904][    T0] Spectre V1 : Mitigation: usercopy/swapgs barriers and __user pointer sanitization
[    3.104721][    T0] Spectre V2 : Mitigation: Retpolines
[    3.105554][    T0] Spectre V2 : Spectre v2 / SpectreRSB mitigation: Filling RSB on context switch
[    3.107006][    T0] Spectre V2 : Spectre v2 / SpectreRSB : Filling RSB on VMEXIT
[    3.108186][    T0] Spectre V2 : Enabling Speculation Barrier for firmware calls
[    3.109366][    T0] RETBleed: Mitigation: untrained return thunk
[    3.110348][    T0] Spectre V2 : mitigation: Enabling conditional Indirect Branch Prediction Barrier
[    3.111792][    T0] Speculative Store Bypass: Mitigation: Speculative Store Bypass disabled via prctl
[    3.113255][    T0] Speculative Return Stack Overflow: IBPB-extending microcode not applied!
[    3.114552][    T0] Speculative Return Stack Overflow: WARNING: See https://kernel.org/doc/html/latest/admin-guide/hw-vuln/srso.html for mitigation options.
[    3.114565][    T0] Speculative Return Stack Overflow: Vulnerable: Safe RET, no microcode
[    3.118127][    T0] x86/fpu: Supporting XSAVE feature 0x001: 'x87 floating point registers'
[    3.119433][    T0] x86/fpu: Supporting XSAVE feature 0x002: 'SSE registers'
[    3.120541][    T0] x86/fpu: Supporting XSAVE feature 0x004: 'AVX registers'
[    3.121658][    T0] x86/fpu: xstate_offset[2]:  576, xstate_sizes[2]:  256
[    3.122753][    T0] x86/fpu: Enabled xstate features 0x7, context size is 832 bytes, using 'compacted' format.
[    3.546170][    T0] Freeing SMP alternatives memory: 124K
[    3.547135][    T0] pid_max: default: 32768 minimum: 301
[    3.549294][    T0] LSM: initializing lsm=lockdown,capability,landlock,yama,safesetid,tomoyo,apparmor,bpf,ima,evm
[    3.551617][    T0] landlock: Up and running.
[    3.552367][    T0] Yama: becoming mindful.
[    3.553580][    T0] TOMOYO Linux initialized
[    3.556173][    T0] AppArmor: AppArmor initialized
[    3.557117][    T0] LSM support for eBPF active
[    3.559728][    T0] Mount-cache hash table entries: 4096 (order: 3, 32768 bytes, linear)
[    3.561131][    T0] Mountpoint-cache hash table entries: 4096 (order: 3, 32768 bytes, linear)
[    3.581411][    T0] Running RCU synchronous self tests
[    3.582436][    T0] Running RCU synchronous self tests
[    3.586465][    T1] smpboot: CPU0: AMD Ryzen Threadripper PRO 3975WX 32-Cores (family: 0x17, model: 0x31, stepping: 0x0)
[    3.621997][    T1] Running RCU Tasks wait API self tests
[    3.725664][    T1] Running RCU Tasks Trace wait API self tests
[    3.727033][    T1] Performance Events: Fam17h+ core perfctr, AMD PMU driver.
[    3.728485][    T1] ... version:                0
[    3.729253][    T1] ... bit width:              48
[    3.730016][    T1] ... generic registers:      6
[    3.730946][    T1] ... value mask:             0000ffffffffffff
[    3.732547][    T1] ... max period:             00007fffffffffff
[    3.734196][    T1] ... fixed-purpose events:   0
[    3.734575][    T1] ... event mask:             000000000000003f
[    3.737641][    T1] signal: max sigframe size: 1776
[    3.741458][    T1] rcu: Hierarchical SRCU implementation.
[    3.744350][    T1] rcu: 	Max phase no-delay instances is 1000.
[    3.744670][   T14] Callback from call_rcu_tasks_trace() invoked.
[    3.862217][    T1] smp: Bringing up secondary CPUs ...
[    3.871456][    T1] smpboot: x86: Booting SMP configuration:
[    3.873468][    T1] .... node  #0, CPUs:      #1
[    3.875879][    T1] smp: Brought up 1 node, 2 CPUs
[    3.876500][    T1] smpboot: Total of 2 processors activated (13973.74 BogoMIPS)
[    3.928495][    T1] devtmpfs: initialized
[    3.928495][    T1] x86/mm: Memory block size: 128MB
[    3.954917][   T13] Callback from call_rcu_tasks() invoked.
[    3.989111][    T1] Running RCU synchronous self tests
[    3.990026][    T1] Running RCU synchronous self tests
[    3.991149][    T1] clocksource: jiffies: mask: 0xffffffff max_cycles: 0xffffffff, max_idle_ns: 19112604462750000 ns
[    3.991149][    T1] futex hash table entries: 512 (order: 4, 65536 bytes, linear)
[    4.004888][    T1] PM: RTC time: 05:32:17, date: 2026-05-26
[    4.045963][    T1] NET: Registered PF_NETLINK/PF_ROUTE protocol family
[    4.062514][    T1] audit: initializing netlink subsys (disabled)
[    4.065296][   T28] audit: type=2000 audit(1779773537.637:1): state=initialized audit_enabled=0 res=1
[    4.085851][    T1] thermal_sys: Registered thermal governor 'step_wise'
[    4.085883][    T1] thermal_sys: Registered thermal governor 'user_space'
[    4.088900][    T1] cpuidle: using governor menu
[    4.095191][    T1] NET: Registered PF_QIPCRTR protocol family
[    4.117768][    T1] dca service started, version 1.12.1
[    4.120891][    T1] PCI: Using configuration type 1 for base access
[    4.123889][    T1] PCI: Using configuration type 1 for extended access
[    4.129624][    T1] HugeTLB: registered 1.00 GiB page size, pre-allocated 0 pages
[    4.132855][    T1] HugeTLB: 16380 KiB vmemmap can be freed for a 1.00 GiB page
[    4.134605][    T1] HugeTLB: registered 2.00 MiB page size, pre-allocated 0 pages
[    4.137805][    T1] HugeTLB: 28 KiB vmemmap can be freed for a 2.00 MiB page
[    4.155317][    T1] Demotion targets for Node 0: null
[    4.175233][    T1] cryptd: max_cpu_qlen set to 1000
[    4.202776][    T1] raid6: skipped pq benchmark and selected avx2x4
[    4.204581][    T1] raid6: using avx2x2 recovery algorithm
[    4.212216][    T1] ACPI: Added _OSI(Module Device)
[    4.214429][    T1] ACPI: Added _OSI(Processor Device)
[    4.214581][    T1] ACPI: Added _OSI(3.0 _SCP Extensions)
[    4.216813][    T1] ACPI: Added _OSI(Processor Aggregator Device)
[    4.545302][    T1] ACPI: 1 ACPI AML tables successfully acquired and loaded
[    4.587570][    T1] ACPI: _OSC evaluation for CPUs failed, trying _PDC
[    4.625999][    T1] ACPI: Interpreter enabled
[    4.629588][    T1] ACPI: PM: (supports S0 S3 S4 S5)
[    4.632625][    T1] ACPI: Using IOAPIC for interrupt routing
[    4.635935][    T1] PCI: Using host bridge windows from ACPI; if necessary, use "pci=nocrs" and report a bug
[    4.639758][    T1] PCI: Using E820 reservations for host bridge windows
[    4.664586][    T1] ACPI: Enabled 2 GPEs in block 00 to 0F
[    5.275611][    T1] ACPI: PCI Root Bridge [PCI0] (domain 0000 [bus 00-ff])
[    5.278718][    T1] acpi PNP0A03:00: _OSC: OS supports [ExtendedConfig ASPM ClockPM Segments MSI HPX-Type3]
[    5.294966][    T1] PCI host bridge to bus 0000:00
[    5.296923][    T1] pci_bus 0000:00: root bus resource [io  0x0000-0x0cf7 window]
[    5.299851][    T1] pci_bus 0000:00: root bus resource [io  0x0d00-0xffff window]
[    5.302836][    T1] pci_bus 0000:00: root bus resource [mem 0x000a0000-0x000bffff window]
[    5.304632][    T1] pci_bus 0000:00: root bus resource [mem 0x80000000-0xfebfffff window]
[    5.307861][    T1] pci_bus 0000:00: root bus resource [mem 0x100000000-0x17fffffff window]
[    5.311136][    T1] pci_bus 0000:00: root bus resource [bus 00-ff]
[    5.315927][    T1] pci 0000:00:00.0: [8086:1237] type 00 class 0x060000 conventional PCI endpoint
[    5.530835][    T1] pci 0000:00:01.0: [8086:7000] type 00 class 0x060100 conventional PCI endpoint
[    5.742419][    T1] pci 0000:00:01.1: [8086:7010] type 00 class 0x010180 conventional PCI endpoint
[    5.746925][    T1] pci 0000:00:01.1: BAR 4 [io  0xc000-0xc00f]
[    5.750089][    T1] pci 0000:00:01.1: BAR 0 [io  0x01f0-0x01f7]: legacy IDE quirk
[    5.754398][    T1] pci 0000:00:01.1: BAR 1 [io  0x03f6]: legacy IDE quirk
[    5.764598][    T1] pci 0000:00:01.1: BAR 2 [io  0x0170-0x0177]: legacy IDE quirk
[    5.767246][    T1] pci 0000:00:01.1: BAR 3 [io  0x0376]: legacy IDE quirk
[    5.774018][    T1] pci 0000:00:01.3: [8086:7113] type 00 class 0x068000 conventional PCI endpoint
[    5.775645][    T1] pci 0000:00:01.3: quirk: [io  0x0600-0x063f] claimed by PIIX4 ACPI
[    5.778608][    T1] pci 0000:00:01.3: quirk: [io  0x0700-0x070f] claimed by PIIX4 SMB
[    5.785457][    T1] pci 0000:00:02.0: [1234:1111] type 00 class 0x030000 conventional PCI endpoint
[    5.795186][    T1] pci 0000:00:02.0: BAR 0 [mem 0xfd000000-0xfdffffff pref]
[    5.800431][    T1] pci 0000:00:02.0: BAR 2 [mem 0xfebf0000-0xfebf0fff]
[    5.807987][    T1] pci 0000:00:02.0: ROM [mem 0xfebe0000-0xfebeffff pref]
[    5.811372][    T1] pci 0000:00:02.0: Video device with shadowed ROM at [mem 0x000c0000-0x000dffff]
[    6.043023][    T1] ACPI: PCI: Interrupt link LNKA configured for IRQ 10
[    6.073148][    T1] ACPI: PCI: Interrupt link LNKB configured for IRQ 10
[    6.092791][    T1] ACPI: PCI: Interrupt link LNKC configured for IRQ 11
[    6.112896][    T1] ACPI: PCI: Interrupt link LNKD configured for IRQ 11
[    6.121691][    T1] ACPI: PCI: Interrupt link LNKS configured for IRQ 9
[    6.184614][    T1] iommu: Default domain type: Translated
[    6.186676][    T1] iommu: DMA domain TLB invalidation policy: lazy mode
[    6.205215][    T1] SCSI subsystem initialized
[    6.226183][    T1] ACPI: bus type USB registered
[    6.229442][    T1] usbcore: registered new interface driver usbfs
[    6.232235][    T1] usbcore: registered new interface driver hub
[    6.235222][    T1] usbcore: registered new device driver usb
[    6.243311][    T1] mc: Linux media interface: v0.10
[    6.245174][    T1] videodev: Linux video capture interface: v2.00
[    6.249612][    T1] pps_core: LinuxPPS API ver. 1 registered
[    6.251640][    T1] pps_core: Software ver. 5.3.6 - Copyright 2005-2007 Rodolfo Giometti <giometti@linux.it>
[    6.264938][    T1] PTP clock support registered
[    6.274859][    T1] EDAC MC: Ver: 3.0.0
[    6.291458][    T1] Advanced Linux Sound Architecture Driver Initialized.
[    6.309429][    T1] Bluetooth: Core ver 2.22
[    6.311797][    T1] NET: Registered PF_BLUETOOTH protocol family
[    6.314027][    T1] Bluetooth: HCI device and connection manager initialized
[    6.314758][    T1] Bluetooth: HCI socket layer initialized
[    6.316797][    T1] Bluetooth: L2CAP socket layer initialized
[    6.319164][    T1] Bluetooth: SCO socket layer initialized
[    6.321426][    T1] NET: Registered PF_ATMPVC protocol family
[    6.323558][    T1] NET: Registered PF_ATMSVC protocol family
[    6.327894][    T1] NetLabel: Initializing
[    6.327894][    T1] NetLabel:  domain hash size = 128
[    6.329184][    T1] NetLabel:  protocols = UNLABELED CIPSOv4 CALIPSO
[    6.333869][    T1] NetLabel:  unlabeled traffic allowed by default
[    6.341232][    T1] nfc: nfc_init: NFC Core ver 0.1
[    6.344200][    T1] NET: Registered PF_NFC protocol family
[    6.345092][    T1] PCI: Using ACPI for IRQ routing
[    6.349097][    T1] pci 0000:00:02.0: vgaarb: setting as boot VGA device
[    6.351674][    T1] pci 0000:00:02.0: vgaarb: bridge control possible
[    6.354541][    T1] pci 0000:00:02.0: vgaarb: VGA device added: decodes=io+mem,owns=io+mem,locks=none
[    6.364619][    T1] vgaarb: loaded
[    6.368673][    T1] hpet0: at MMIO 0xfed00000, IRQs 2, 8, 0
[    6.370815][    T1] hpet0: 3 comparators, 64-bit 100.000000 MHz counter
[    6.384543][    T1] clocksource: Switched to clocksource kvm-clock
[    6.401969][    T1] VFS: Disk quotas dquot_6.6.0
[    6.403967][    T1] VFS: Dquot-cache hash table entries: 512 (order 0, 4096 bytes)
[    6.413275][    T1] netfs: FS-Cache loaded
[    6.418619][    T1] CacheFiles: Loaded
[    6.421893][    T1] TOMOYO: 2.6.0
[    6.423310][    T1] Mandatory Access Control activated.
[    6.438432][    T1] AppArmor: AppArmor Filesystem Enabled
[    6.442069][    T1] pnp: PnP ACPI init
[    6.500637][    T1] pnp: PnP ACPI: found 6 devices
[    6.670183][    T1] clocksource: acpi_pm: mask: 0xffffff max_cycles: 0xffffff, max_idle_ns: 2085701024 ns
[    6.676314][    T1] NET: Registered PF_INET protocol family
[    6.726077][    T1] IP idents hash table entries: 32768 (order: 6, 262144 bytes, linear)
[    6.747293][    T1] tcp_listen_portaddr_hash hash table entries: 1024 (order: 4, 73728 bytes, linear)
[    6.750822][    T1] Table-perturb hash table entries: 65536 (order: 6, 262144 bytes, linear)
[    6.754332][    T1] TCP established hash table entries: 16384 (order: 5, 131072 bytes, linear)
[    6.778254][    T1] TCP bind hash table entries: 16384 (order: 9, 2359296 bytes, linear)
[    6.784258][    T1] TCP: Hash tables configured (established 16384 bind 16384)
[    6.789685][    T1] MPTCP token hash table entries: 2048 (order: 5, 180224 bytes, linear)
[    6.793429][    T1] UDP hash table entries: 1024 (order: 5, 163840 bytes, linear)
[    6.796845][    T1] UDP-Lite hash table entries: 1024 (order: 5, 163840 bytes, linear)
[    6.802505][    T1] NET: Registered PF_UNIX/PF_LOCAL protocol family
[    6.831615][    T1] RPC: Registered named UNIX socket transport module.
[    6.834393][    T1] RPC: Registered udp transport module.
[    6.836428][    T1] RPC: Registered tcp transport module.
[    6.838445][    T1] RPC: Registered tcp-with-tls transport module.
[    6.840649][    T1] RPC: Registered tcp NFSv4.1 backchannel transport module.
[    6.852599][    T1] NET: Registered PF_XDP protocol family
[    6.854703][    T1] pci_bus 0000:00: resource 4 [io  0x0000-0x0cf7 window]
[    6.857562][    T1] pci_bus 0000:00: resource 5 [io  0x0d00-0xffff window]
[    6.858996][    T1] pci_bus 0000:00: resource 6 [mem 0x000a0000-0x000bffff window]
[    6.860188][    T1] pci_bus 0000:00: resource 7 [mem 0x80000000-0xfebfffff window]
[    6.861383][    T1] pci_bus 0000:00: resource 8 [mem 0x100000000-0x17fffffff window]
[    6.867221][    T1] pci 0000:00:01.0: PIIX3: Enabling Passive Release
[    6.869657][    T1] pci 0000:00:00.0: Limiting direct PCI/PCI transfers
[    6.872317][    T1] PCI: CLS 0 bytes, default 64
[    6.886645][    T1] ACPI: bus type thunderbolt registered
[    6.891390][    T1] kvm_intel: VMX not supported by CPU 1
[    6.894501][    T1] kvm_amd: Nested Virtualization enabled
[    6.904620][   T38] Trying to unpack rootfs image as initramfs...
[    6.907335][    T1] kvm_amd: Nested Paging enabled
[    7.562684][   T38] Freeing initrd memory: 1376K
[    7.566728][   T61] kworker/u8:3 (61) used greatest stack depth: 28464 bytes left
[    7.569628][   T69] kworker/u8:4 (69) used greatest stack depth: 28368 bytes left
[   19.104166][    T1] Initialise system trusted keyrings
[   19.104280][   T85] kworker/u8:0 (85) used greatest stack depth: 27664 bytes left
[   19.108268][    T1] workingset: timestamp_bits=40 max_order=19 bucket_order=0
[   19.124134][    T1] DLM installed
[   19.134960][    T1] squashfs: version 4.0 (2009/01/31) Phillip Lougher
[   19.146378][    T1] NFS: Registering the id_resolver key type
[   19.147747][    T1] Key type id_resolver registered
[   19.151071][    T1] Key type id_legacy registered
[   19.154521][    T1] nfs4filelayout_init: NFSv4 File Layout Driver Registering...
[   19.159482][    T1] nfs4flexfilelayout_init: NFSv4 Flexfile Layout Driver Registering...
[   19.179790][    T1] Key type cifs.spnego registered
[   19.181426][    T1] Key type cifs.idmap registered
[   19.183023][    T1] ntfs3: Max link count 4000
[   19.184447][    T1] ntfs3: Enabled Linux POSIX ACLs support
[   19.186937][    T1] ntfs3: Read-only LZX/Xpress compression included
[   19.188765][    T1] efs: 1.0a - http://aeschi.ch.eu.org/efs/
[   19.189833][    T1] jffs2: version 2.2. (NAND) (SUMMARY)  © 2001-2006 Red Hat, Inc.
[   19.192899][    T1] romfs: ROMFS MTD (C) 2007 Red Hat, Inc.
[   19.194004][    T1] QNX4 filesystem 0.2.3 registered.
[   19.194963][    T1] qnx6: QNX6 filesystem 1.0.0 registered.
[   19.197554][    T1] fuse: init (API version 7.40)
[   19.203737][    T1] orangefs_debugfs_init: called with debug mask: :none: :0:
[   19.207996][    T1] orangefs_init: module version upstream loaded
[   19.211027][    T1] JFS: nTxBlock = 8192, nTxLock = 65536
[   19.228637][    T1] SGI XFS with ACLs, security attributes, realtime, quota, no debug enabled
[   19.235585][    T1] 9p: Installing v9fs 9p2000 file system support
[   19.238129][    T1] NILFS version 2 loaded
[   19.238839][    T1] befs: version: 0.9.3
[   19.240493][    T1] ocfs2: Registered cluster interface o2cb
[   19.242732][    T1] ocfs2: Registered cluster interface user
[   19.245248][    T1] OCFS2 User DLM kernel interface loaded
[   19.299996][    T1] gfs2: GFS2 installed
[   19.322388][    T1] ceph: loaded (mds proto 32)
[   19.389061][    T1] NET: Registered PF_ALG protocol family
[   19.392011][    T1] xor: automatically using best checksumming function   avx       
[   19.395783][    T1] async_tx: api initialized (async)
[   19.398339][    T1] Key type asymmetric registered
[   19.400721][    T1] Asymmetric key parser 'x509' registered
[   19.403503][    T1] Asymmetric key parser 'pkcs8' registered
[   19.406211][    T1] Key type pkcs7_test registered
[   19.409912][    T1] Block layer SCSI generic (bsg) driver version 0.4 loaded (major 239)
[   19.415414][    T1] io scheduler mq-deadline registered
[   19.417476][    T1] io scheduler kyber registered
[   19.419515][    T1] io scheduler bfq registered
[   19.446971][    T1] input: Power Button as /devices/LNXSYSTM:00/LNXPWRBN:00/input/input0
[   19.459293][    T1] ACPI: button: Power Button [PWRF]
[   19.483331][    T1] ioatdma: Intel(R) QuickData Technology Driver 5.00
[   19.501870][  T158] kworker/u8:1 (158) used greatest stack depth: 27440 bytes left
[   19.783945][  T335] kworker/u8:1 (335) used greatest stack depth: 27328 bytes left
[   20.519960][    T1] N_HDLC line discipline registered with maxframe=4096
[   20.522804][    T1] Serial: 8250/16550 driver, 4 ports, IRQ sharing enabled
[   20.538184][    T1] 00:04: ttyS0 at I/O 0x3f8 (irq = 4, base_baud = 115200) is a 16550A
[   20.626473][    T1] Non-volatile memory driver v1.3
[   20.628873][    T1] Linux agpgart interface v0.103
[   20.643429][    T1] ACPI: bus type drm_connector registered
[   20.664481][    T1] [drm] Initialized vgem 1.0.0 20120112 for vgem on minor 0
[   20.689190][    T1] [drm] Initialized vkms 1.0.0 20180514 for vkms on minor 1
[   20.815707][    T1] Console: switching to colour frame buffer device 128x48
[   20.839403][    T1] platform vkms: [drm] fb0: vkmsdrmfb frame buffer device
[   20.842809][    T1] usbcore: registered new interface driver udl
[   20.846928][    T1] bochs-drm 0000:00:02.0: vgaarb: deactivate vga console
[   20.858672][    T1] [drm] Found bochs VGA, ID 0xb0c5.
[   20.860752][    T1] [drm] Framebuffer size 16384 kB @ 0xfd000000, mmio @ 0xfebf0000.
[   20.873379][    T1] [drm] Found EDID data blob.
[   20.887446][    T1] [drm] Initialized bochs-drm 1.0.0 20130925 for 0000:00:02.0 on minor 2
[   20.910102][    T1] fbcon: bochs-drmdrmfb (fb1) is primary device
[   20.910150][    T1] fbcon: Remapping primary device, fb1, to tty 1-63
[   20.941242][    C0] vkms_vblank_simulate: vblank timer overrun
[   41.343619][    T1] bochs-drm 0000:00:02.0: [drm] fb1: bochs-drmdrmfb frame buffer device
[   41.533216][    T1] brd: module loaded
[   41.808152][    T1] loop: module loaded
[   42.211808][    T1] zram: Added device: zram0
[   42.242508][    T1] null_blk: disk nullb0 created
[   42.243532][    T1] null_blk: module loaded
[   42.247834][    T1] Guest personality initialized and is inactive
[   42.255108][    T1] VMCI host device registered (name=vmci, major=10, minor=118)
[   42.256410][    T1] Initialized host personality
[   42.259945][    T1] usbcore: registered new interface driver rtsx_usb
[   42.264283][    T1] usbcore: registered new interface driver viperboard
[   42.268124][    T1] usbcore: registered new interface driver dln2
[   42.272592][    T1] usbcore: registered new interface driver pn533_usb
[   42.287215][    T1] nfcsim 0.2 initialized
[   42.289719][    T1] usbcore: registered new interface driver port100
[   42.293243][    T1] usbcore: registered new interface driver nfcmrvl
[   42.315880][    T1] Loading iSCSI transport class v2.0-870.
[   42.351839][    T1] st: Version 20160209, fixed bufsize 32768, s/g segs 256
[   42.445513][    T1] scsi host0: ata_piix
[   42.461426][    T1] scsi host1: ata_piix
[   42.469901][    T1] ata1: PATA max MWDMA2 cmd 0x1f0 ctl 0x3f6 bmdma 0xc000 irq 14 lpm-pol 0
[   42.471299][    T1] ata2: PATA max MWDMA2 cmd 0x170 ctl 0x376 bmdma 0xc008 irq 15 lpm-pol 0
[   42.488444][    T1] Rounding down aligned max_sectors from 4294967295 to 4294967288
[   42.494519][    T1] db_root: cannot open: /etc/target
[   42.501127][    T1] slram: not enough parameters.
[   42.520932][    T1] ftl_cs: FTL header not found.
[   42.629447][    T1] wireguard: WireGuard 1.0.0 loaded. See www.wireguard.com for information.
[   42.630911][    T1] wireguard: Copyright (C) 2015-2019 Jason A. Donenfeld <Jason@zx2c4.com>. All Rights Reserved.
[   42.632678][    T1] eql: Equalizer2002: Simon Janes (simon@ncm.com) and David S. Miller (davem@redhat.com)
[   42.649388][  T992] ata2: found unknown device (class 0)
[   42.656134][  T992] ata2.00: ATAPI: QEMU DVD-ROM, 2.5+, max UDMA/100
[   42.663079][    T1] MACsec IEEE 802.1AE
[   42.676966][   T59] scsi 1:0:0:0: CD-ROM            QEMU     QEMU DVD-ROM     2.5+ PQ: 0 ANSI: 5
[   42.718995][    T1] tun: Universal TUN/TAP device driver, 1.6
[   42.729052][    T1] vcan: Virtual CAN interface driver
[   42.731176][    T1] vxcan: Virtual CAN Tunnel driver
[   42.733237][    T1] slcan: serial line CAN interface driver
[   42.735566][    T1] CAN device driver interface
[   42.737956][    T1] usbcore: registered new interface driver usb_8dev
[   42.741220][    T1] usbcore: registered new interface driver ems_usb
[   42.744516][    T1] usbcore: registered new interface driver gs_usb
[   42.750129][    T1] usbcore: registered new interface driver kvaser_usb
[   42.753809][    T1] usbcore: registered new interface driver mcba_usb
[   42.757338][    T1] usbcore: registered new interface driver peak_usb
[   42.761130][    T1] e100: Intel(R) PRO/100 Network Driver
[   42.763553][    T1] e100: Copyright(c) 1999-2006 Intel Corporation
[   42.767121][    T1] e1000: Intel(R) PRO/1000 Network Driver
[   42.769489][    T1] e1000: Copyright (c) 1999-2006 Intel Corporation.
[   42.775147][    T1] e1000e: Intel(R) PRO/1000 Network Driver
[   42.778260][    T1] e1000e: Copyright(c) 1999 - 2015 Intel Corporation.
[   42.787832][    T1] mkiss: AX.25 Multikiss, Hans Albas PE1AYX
[   42.790255][    T1] AX.25: 6pack driver, Revision: 0.3.0
[   42.792436][    T1] AX.25: bpqether driver version 004
[   42.795239][    T1] PPP generic driver version 2.4.2
[   42.800728][    T1] PPP BSD Compression module registered
[   42.806952][    T1] PPP Deflate Compression module registered
[   42.809067][    T1] PPP MPPE Compression module registered
[   42.810924][    T1] NET: Registered PF_PPPOX protocol family
[   42.811995][    T1] PPTP driver version 0.8.5
[   42.813447][    T1] SLIP: version 0.8.4-NET3.019-NEWTTY (dynamic channels, max=256) (6 bit encapsulation enabled).
[   42.815441][    T1] CSLIP: code copyright 1989 Regents of the University of California.
[   42.824620][    T1] SLIP linefill/keepalive option.
[   42.825806][    T1] hdlc: HDLC support module revision 1.22
[   42.828219][    T1] LAPB Ethernet driver version 0.02
[   42.832840][    T1] usbcore: registered new interface driver ath9k_htc
[   42.834405][    T1] usbcore: registered new interface driver carl9170
[   42.835884][    T1] usbcore: registered new interface driver ath6kl_usb
[   42.839077][    T1] usbcore: registered new interface driver ar5523
[   42.842940][    T1] usbcore: registered new interface driver ath10k_usb
[   42.847004][    T1] mac80211_hwsim: initializing netlink
[   42.856309][   T59] sr 1:0:0:0: [sr0] scsi3-mmc drive: 4x/4x cd/rw xa/form2 tray
[   42.859807][   T59] cdrom: Uniform CD-ROM driver Revision: 3.20
[   42.934583][    T1] usbcore: registered new interface driver atusb
[   42.982678][   T59] sr 1:0:0:0: Attached scsi generic sg0 type 5
[   42.997948][    T1] mac802154_hwsim mac802154_hwsim: Added 2 mac802154 hwsim hardware radios
[   43.004519][    T1] VMware vmxnet3 virtual NIC driver - version 1.7.0.0-k-NAPI
[   43.009456][    T1] usbcore: registered new interface driver catc
[   43.012828][    T1] usbcore: registered new interface driver kaweth
[   43.015687][    T1] pegasus: Pegasus/Pegasus II USB Ethernet driver
[   43.019377][    T1] usbcore: registered new interface driver pegasus
[   43.022841][    T1] usbcore: registered new interface driver rtl8150
[   43.030145][    T1] usbcore: registered new device driver r8152-cfgselector
[   43.033972][    T1] usbcore: registered new interface driver r8152
[   43.037384][    T1] usbcore: registered new interface driver hso
[   43.040443][    T1] usbcore: registered new interface driver lan78xx
[   43.043552][    T1] usbcore: registered new interface driver asix
[   43.046874][    T1] usbcore: registered new interface driver ax88179_178a
[   43.050213][    T1] usbcore: registered new interface driver cdc_ether
[   43.053503][    T1] usbcore: registered new interface driver cdc_eem
[   43.056671][    T1] usbcore: registered new interface driver dm9601
[   43.059812][    T1] usbcore: registered new interface driver sr9700
[   43.062848][    T1] usbcore: registered new interface driver CoreChips
[   43.065932][    T1] usbcore: registered new interface driver smsc75xx
[   43.069566][    T1] usbcore: registered new interface driver smsc95xx
[   43.072686][    T1] usbcore: registered new interface driver gl620a
[   43.074926][    T1] usbcore: registered new interface driver net1080
[   43.076614][    T1] usbcore: registered new interface driver plusb
[   43.078302][    T1] usbcore: registered new interface driver rndis_host
[   43.081048][    T1] usbcore: registered new interface driver cdc_subset
[   43.084328][    T1] usbcore: registered new interface driver zaurus
[   43.087457][    T1] usbcore: registered new interface driver MOSCHIP usb-ethernet driver
[   43.091187][    T1] usbcore: registered new interface driver int51x1
[   43.098271][    T1] usbcore: registered new interface driver cdc_phonet
[   43.101616][    T1] usbcore: registered new interface driver kalmia
[   43.104677][    T1] usbcore: registered new interface driver ipheth
[   43.107724][    T1] usbcore: registered new interface driver sierra_net
[   43.110872][    T1] usbcore: registered new interface driver cx82310_eth
[   43.114041][    T1] usbcore: registered new interface driver cdc_ncm
[   43.119544][    T1] usbcore: registered new interface driver huawei_cdc_ncm
[   43.122902][    T1] usbcore: registered new interface driver lg-vl600
[   43.125625][    T1] usbcore: registered new interface driver qmi_wwan
[   43.129703][    T1] usbcore: registered new interface driver cdc_mbim
[   43.133408][    T1] usbcore: registered new interface driver ch9200
[   43.136026][    T1] usbcore: registered new interface driver r8153_ecm
[   43.150122][    T1] VFIO - User Level meta-driver version: 0.3
[   43.177061][    T1] aoe: AoE v85 initialised.
[   43.182193][ T1234] aoe: packet could not be sent on lo.  consider increasing tx_queue_len
[   43.185778][ T1234] aoe: packet could not be sent on bond0.  consider increasing tx_queue_len
[   43.193948][ T1234] aoe: packet could not be sent on dummy0.  consider increasing tx_queue_len
[   43.200790][ T1234] aoe: packet could not be sent on eql.  consider increasing tx_queue_len
[   43.204531][ T1234] aoe: packet could not be sent on ifb0.  consider increasing tx_queue_len
[   43.210311][ T1234] aoe: packet could not be sent on ifb1.  consider increasing tx_queue_len
[   43.213996][ T1234] aoe: packet could not be sent on wlan0.  consider increasing tx_queue_len
[   43.218762][ T1234] aoe: packet could not be sent on wlan1.  consider increasing tx_queue_len
[   43.222449][ T1234] aoe: packet could not be sent on hwsim0.  consider increasing tx_queue_len
[   43.228476][ T1234] aoe: packet could not be sent on wpan0.  consider increasing tx_queue_len
[   43.233938][    T1] SPI driver max3421-hcd has no spi_device_id for maxim,max3421
[   43.239157][    T1] usbcore: registered new interface driver cdc_acm
[   43.241844][    T1] cdc_acm: USB Abstract Control Model driver for USB modems and ISDN adapters
[   43.247405][    T1] usbcore: registered new interface driver usblp
[   43.250791][    T1] usbcore: registered new interface driver cdc_wdm
[   43.254473][    T1] usbcore: registered new interface driver usbtmc
[   43.262559][    T1] usbcore: registered new interface driver uas
[   43.264057][    T1] usbcore: registered new interface driver usb-storage
[   43.265500][    T1] usbcore: registered new interface driver ums-alauda
[   43.272637][    T1] usbcore: registered new interface driver ums-cypress
[   43.281925][    T1] usbcore: registered new interface driver ums-datafab
[   43.284428][    T1] usbcore: registered new interface driver ums_eneub6250
[   43.287612][    T1] usbcore: registered new interface driver ums-freecom
[   43.291390][    T1] usbcore: registered new interface driver ums-isd200
[   43.296156][    T1] usbcore: registered new interface driver ums-jumpshot
[   43.298995][    T1] usbcore: registered new interface driver ums-karma
[   43.301812][    T1] usbcore: registered new interface driver ums-onetouch
[   43.304856][    T1] usbcore: registered new interface driver ums-realtek
[   43.307208][    T1] usbcore: registered new interface driver ums-sddr09
[   43.308694][    T1] usbcore: registered new interface driver ums-sddr55
[   43.311785][    T1] usbcore: registered new interface driver ums-usbat
[   43.315689][    T1] usbcore: registered new interface driver mdc800
[   43.319497][    T1] mdc800: v0.7.5 (30/10/2000):USB Driver for Mustek MDC800 Digital Camera
[   43.321691][    T1] usbcore: registered new interface driver microtekX6
[   43.325304][    T1] usbcore: registered new interface driver usbserial_generic
[   43.329475][    T1] usbserial: USB Serial support registered for generic
[   43.332812][    T1] usbcore: registered new interface driver aircable
[   43.335673][    T1] usbserial: USB Serial support registered for aircable
[   43.338752][    T1] usbcore: registered new interface driver ark3116
[   43.341612][    T1] usbserial: USB Serial support registered for ark3116
[   43.344974][    T1] usbcore: registered new interface driver belkin_sa
[   43.348019][    T1] usbserial: USB Serial support registered for Belkin / Peracom / GoHubs USB Serial Adapter
[   43.352222][    T1] usbcore: registered new interface driver ch341
[   43.354970][    T1] usbserial: USB Serial support registered for ch341-uart
[   43.358250][    T1] usbcore: registered new interface driver cp210x
[   43.361310][    T1] usbserial: USB Serial support registered for cp210x
[   43.364302][    T1] usbcore: registered new interface driver cyberjack
[   43.367253][    T1] usbserial: USB Serial support registered for Reiner SCT Cyberjack USB card reader
[   43.371409][    T1] usbcore: registered new interface driver cypress_m8
[   43.375511][    T1] usbserial: USB Serial support registered for DeLorme Earthmate USB
[   43.377723][    T1] usbserial: USB Serial support registered for HID->COM RS232 Adapter
[   43.380114][    T1] usbserial: USB Serial support registered for Nokia CA-42 V2 Adapter
[   43.382185][    T1] usbcore: registered new interface driver usb_debug
[   43.383636][    T1] usbserial: USB Serial support registered for debug
[   43.385061][    T1] usbserial: USB Serial support registered for xhci_dbc
[   43.386754][    T1] usbcore: registered new interface driver digi_acceleport
[   43.388281][    T1] usbserial: USB Serial support registered for Digi 2 port USB adapter
[   43.389976][    T1] usbserial: USB Serial support registered for Digi 4 port USB adapter
[   43.391716][    T1] usbcore: registered new interface driver io_edgeport
[   43.395625][    T1] usbserial: USB Serial support registered for Edgeport 2 port adapter
[   43.397525][    T1] usbserial: USB Serial support registered for Edgeport 4 port adapter
[   43.399167][    T1] usbserial: USB Serial support registered for Edgeport 8 port adapter
[   43.400821][    T1] usbserial: USB Serial support registered for EPiC device
[   43.402497][    T1] usbcore: registered new interface driver io_ti
[   43.403880][    T1] usbserial: USB Serial support registered for Edgeport TI 1 port adapter
[   43.406604][    T1] usbserial: USB Serial support registered for Edgeport TI 2 port adapter
[   43.408366][    T1] usbcore: registered new interface driver empeg
[   43.412776][    T1] usbserial: USB Serial support registered for empeg
[   43.417841][    T1] usbcore: registered new interface driver f81534a_ctrl
[   43.422711][    T1] usbcore: registered new interface driver f81232
[   43.429662][    T1] usbserial: USB Serial support registered for f81232
[   43.431926][    T1] usbserial: USB Serial support registered for f81534a
[   43.434211][    T1] usbcore: registered new interface driver f81534
[   43.435638][    T1] usbserial: USB Serial support registered for Fintek F81532/F81534
[   43.453158][    T1] usbcore: registered new interface driver ftdi_sio
[   43.456816][    T1] usbserial: USB Serial support registered for FTDI USB Serial Device
[   43.460822][    T1] usbcore: registered new interface driver garmin_gps
[   43.463572][    T1] usbserial: USB Serial support registered for Garmin GPS usb/tty
[   43.467120][    T1] usbcore: registered new interface driver ipaq
[   43.469801][    T1] usbserial: USB Serial support registered for PocketPC PDA
[   43.472816][    T1] usbcore: registered new interface driver ipw
[   43.475418][    T1] usbserial: USB Serial support registered for IPWireless converter
[   43.478938][    T1] usbcore: registered new interface driver ir_usb
[   43.481646][    T1] usbserial: USB Serial support registered for IR Dongle
[   43.484814][    T1] usbcore: registered new interface driver iuu_phoenix
[   43.488713][    T1] usbserial: USB Serial support registered for iuu_phoenix
[   43.491980][    T1] usbcore: registered new interface driver keyspan
[   43.494797][    T1] usbserial: USB Serial support registered for Keyspan - (without firmware)
[   43.498612][    T1] usbserial: USB Serial support registered for Keyspan 1 port adapter
[   43.501933][    T1] usbserial: USB Serial support registered for Keyspan 2 port adapter
[   43.505922][    T1] usbserial: USB Serial support registered for Keyspan 4 port adapter
[   43.509520][    T1] usbcore: registered new interface driver keyspan_pda
[   43.512642][    T1] usbserial: USB Serial support registered for Keyspan PDA
[   43.517783][    T1] usbserial: USB Serial support registered for Keyspan PDA - (prerenumeration)
[   43.521625][    T1] usbcore: registered new interface driver kl5kusb105
[   43.524630][    T1] usbserial: USB Serial support registered for KL5KUSB105D / PalmConnect
[   43.528495][    T1] usbcore: registered new interface driver kobil_sct
[   43.531456][    T1] usbserial: USB Serial support registered for KOBIL USB smart card terminal
[   43.535428][    T1] usbcore: registered new interface driver mct_u232
[   43.538406][    T1] usbserial: USB Serial support registered for MCT U232
[   43.541502][    T1] usbcore: registered new interface driver metro_usb
[   43.544402][    T1] usbserial: USB Serial support registered for Metrologic USB to Serial
[   43.548162][    T1] usbcore: registered new interface driver mos7720
[   43.551005][    T1] usbserial: USB Serial support registered for Moschip 2 port adapter
[   43.554630][    T1] usbcore: registered new interface driver mos7840
[   43.557520][    T1] usbserial: USB Serial support registered for Moschip 7840/7820 USB Serial Driver
[   43.561488][    T1] usbcore: registered new interface driver mxuport
[   43.564372][    T1] usbserial: USB Serial support registered for MOXA UPort
[   43.567627][    T1] usbcore: registered new interface driver navman
[   43.570405][    T1] usbserial: USB Serial support registered for navman
[   43.573363][    T1] usbcore: registered new interface driver omninet
[   43.576339][    T1] usbserial: USB Serial support registered for ZyXEL - omni.net usb
[   43.579765][    T1] usbcore: registered new interface driver opticon
[   43.582664][    T1] usbserial: USB Serial support registered for opticon
[   43.586160][    T1] usbcore: registered new interface driver option
[   43.588926][    T1] usbserial: USB Serial support registered for GSM modem (1-port)
[   43.592114][    T1] usbcore: registered new interface driver oti6858
[   43.594750][    T1] usbserial: USB Serial support registered for oti6858
[   43.597626][    T1] usbcore: registered new interface driver pl2303
[   43.600251][    T1] usbserial: USB Serial support registered for pl2303
[   43.603136][    T1] usbcore: registered new interface driver qcaux
[   43.605746][    T1] usbserial: USB Serial support registered for qcaux
[   43.608188][    T1] usbcore: registered new interface driver qcserial
[   43.611315][    T1] usbserial: USB Serial support registered for Qualcomm USB modem
[   43.615027][    T1] usbcore: registered new interface driver quatech2
[   43.618248][    T1] usbserial: USB Serial support registered for Quatech 2nd gen USB to Serial Driver
[   43.622410][    T1] usbcore: registered new interface driver safe_serial
[   43.625350][    T1] usbserial: USB Serial support registered for safe_serial
[   43.628987][    T1] usbcore: registered new interface driver sierra
[   43.631840][    T1] usbserial: USB Serial support registered for Sierra USB modem
[   43.637408][    T1] usbcore: registered new interface driver usb_serial_simple
[   43.642241][    T1] usbserial: USB Serial support registered for carelink
[   43.646692][    T1] usbserial: USB Serial support registered for flashloader
[   43.651162][    T1] usbserial: USB Serial support registered for funsoft
[   43.655435][    T1] usbserial: USB Serial support registered for google
[   43.667391][    T1] usbserial: USB Serial support registered for hp4x
[   43.668798][    T1] usbserial: USB Serial support registered for kaufmann
[   43.670258][    T1] usbserial: USB Serial support registered for libtransistor
[   43.671747][    T1] usbserial: USB Serial support registered for moto_modem
[   43.673232][    T1] usbserial: USB Serial support registered for motorola_tetra
[   43.677607][    T1] usbserial: USB Serial support registered for nokia
[   43.680924][    T1] usbserial: USB Serial support registered for novatel_gps
[   43.684485][    T1] usbserial: USB Serial support registered for siemens_mpi
[   43.688166][    T1] usbserial: USB Serial support registered for suunto
[   43.691380][    T1] usbserial: USB Serial support registered for vivopay
[   43.694500][    T1] usbserial: USB Serial support registered for zio
[   43.698399][    T1] usbcore: registered new interface driver spcp8x5
[   43.701417][    T1] usbserial: USB Serial support registered for SPCP8x5
[   43.705903][    T1] usbcore: registered new interface driver ssu100
[   43.709288][    T1] usbserial: USB Serial support registered for Quatech SSU-100 USB to Serial Driver
[   43.713313][    T1] usbcore: registered new interface driver symbolserial
[   43.717977][    T1] usbserial: USB Serial support registered for symbol
[   43.721330][    T1] usbcore: registered new interface driver ti_usb_3410_5052
[   43.724998][    T1] usbserial: USB Serial support registered for TI USB 3410 1 port adapter
[   43.729758][    T1] usbserial: USB Serial support registered for TI USB 5052 2 port adapter
[   43.733793][    T1] usbcore: registered new interface driver upd78f0730
[   43.738289][    T1] usbserial: USB Serial support registered for upd78f0730
[   43.741721][    T1] usbcore: registered new interface driver visor
[   43.744795][    T1] usbserial: USB Serial support registered for Handspring Visor / Palm OS
[   43.749151][    T1] usbserial: USB Serial support registered for Sony Clie 5.0
[   43.752509][    T1] usbserial: USB Serial support registered for Sony Clie 3.5
[   43.756886][    T1] usbcore: registered new interface driver wishbone_serial
[   43.760083][    T1] usbserial: USB Serial support registered for wishbone_serial
[   43.763602][    T1] usbcore: registered new interface driver whiteheat
[   43.767769][    T1] usbserial: USB Serial support registered for Connect Tech - WhiteHEAT - (prerenumeration)
[   43.770882][    T1] usbserial: USB Serial support registered for Connect Tech - WhiteHEAT
[   43.772593][    T1] usbcore: registered new interface driver xr_serial
[   43.776447][    T1] usbserial: USB Serial support registered for xr_serial
[   43.781095][    T1] usbcore: registered new interface driver xsens_mt
[   43.790690][    T1] usbserial: USB Serial support registered for xsens_mt
[   43.793902][    T1] usbcore: registered new interface driver adutux
[   43.797291][    T1] usbcore: registered new interface driver appledisplay
[   43.800624][    T1] usbcore: registered new interface driver cypress_cy7c63
[   43.804187][    T1] usbcore: registered new interface driver cytherm
[   43.808392][    T1] usbcore: registered new interface driver emi26 - firmware loader
[   43.810872][    T1] usbcore: registered new interface driver emi62 - firmware loader
[   43.813355][    T1] usbcore: registered new interface driver idmouse
[   43.815740][    T1] usbcore: registered new interface driver iowarrior
[   43.818530][    T1] usbcore: registered new interface driver isight_firmware
[   43.821120][    T1] usbcore: registered new interface driver usblcd
[   43.823491][    T1] usbcore: registered new interface driver ldusb
[   43.825659][    T1] usbcore: registered new interface driver legousbtower
[   43.829502][    T1] usbcore: registered new interface driver usbtest
[   43.832446][    T1] usbcore: registered new interface driver usb_ehset_test
[   43.834801][    T1] usbcore: registered new interface driver trancevibrator
[   43.837252][    T1] usbcore: registered new interface driver uss720
[   43.838905][    T1] uss720: USB Parport Cable driver for Cables using the Lucent Technologies USS720 Chip
[   43.840491][    T1] uss720: NOTE: this is a special purpose driver to allow nonstandard
[   43.841821][    T1] uss720: protocols (eg. bitbang) over USS720 usb to parallel cables
[   43.842920][    T1] uss720: If you just want to connect to a printer, use usblp instead
[   43.844474][    T1] usbcore: registered new interface driver usbsevseg
[   43.847576][    T1] usbcore: registered new interface driver yurex
[   43.851599][    T1] usbcore: registered new interface driver chaoskey
[   43.853180][    T1] usbcore: registered new interface driver sisusb
[   43.857261][    T1] usbcore: registered new interface driver lvs
[   43.859107][    T1] usbcore: registered new interface driver cxacru
[   43.860640][    T1] usbcore: registered new interface driver speedtch
[   43.862483][    T1] usbcore: registered new interface driver ueagle-atm
[   43.865134][    T1] xusbatm: malformed module parameters
[   43.874509][    T1] dummy_hcd dummy_hcd.0: USB Host+Gadget Emulator, driver 02 May 2005
[   43.878003][    T1] dummy_hcd dummy_hcd.0: Dummy host controller
[   43.884862][    T1] dummy_hcd dummy_hcd.0: new USB bus registered, assigned bus number 1
[   43.902027][    T1] usb usb1: New USB device found, idVendor=1d6b, idProduct=0002, bcdDevice= 6.09
[   43.904785][    T1] usb usb1: New USB device strings: Mfr=3, Product=2, SerialNumber=1
[   43.908429][    T1] usb usb1: Product: Dummy host controller
[   43.909410][    T1] usb usb1: Manufacturer: Linux 6.9.0-rc5-g5eb4573ea63d-dirty dummy_hcd
[   43.910793][    T1] usb usb1: SerialNumber: dummy_hcd.0
[   43.925517][    T1] hub 1-0:1.0: USB hub found
[   43.928978][    T1] hub 1-0:1.0: 1 port detected
[   43.968099][    T1] gadgetfs: USB Gadget filesystem, version 24 Aug 2004
[   43.980067][    T1] vhci_hcd vhci_hcd.0: USB/IP Virtual Host Controller
[   43.985857][    T1] vhci_hcd vhci_hcd.0: new USB bus registered, assigned bus number 2
[   43.991933][    T1] vhci_hcd: created sysfs vhci_hcd.0
[   43.999591][    T1] usb usb2: New USB device found, idVendor=1d6b, idProduct=0002, bcdDevice= 6.09
[   44.003669][    T1] usb usb2: New USB device strings: Mfr=3, Product=2, SerialNumber=1
[   44.007344][    T1] usb usb2: Product: USB/IP Virtual Host Controller
[   44.010223][    T1] usb usb2: Manufacturer: Linux 6.9.0-rc5-g5eb4573ea63d-dirty vhci_hcd
[   44.013728][    T1] usb usb2: SerialNumber: vhci_hcd.0
[   44.032989][    T1] hub 2-0:1.0: USB hub found
[   44.038313][    T1] hub 2-0:1.0: 8 ports detected
[   44.079862][    T1] vhci_hcd vhci_hcd.0: USB/IP Virtual Host Controller
[   44.089958][    T1] vhci_hcd vhci_hcd.0: new USB bus registered, assigned bus number 3
[   44.095078][    T1] usb usb3: We don't know the algorithms for LPM for this host, disabling LPM.
[   44.102618][    T1] usb usb3: New USB device found, idVendor=1d6b, idProduct=0003, bcdDevice= 6.09
[   44.106170][    T1] usb usb3: New USB device strings: Mfr=3, Product=2, SerialNumber=1
[   44.109522][    T1] usb usb3: Product: USB/IP Virtual Host Controller
[   44.112325][    T1] usb usb3: Manufacturer: Linux 6.9.0-rc5-g5eb4573ea63d-dirty vhci_hcd
[   44.115761][    T1] usb usb3: SerialNumber: vhci_hcd.0
[   44.133156][    T1] hub 3-0:1.0: USB hub found
[   44.134940][    T1] hub 3-0:1.0: 8 ports detected
[   44.193266][    T1] vhci_hcd vhci_hcd.1: USB/IP Virtual Host Controller
[   44.206454][    T1] vhci_hcd vhci_hcd.1: new USB bus registered, assigned bus number 4
[   44.214487][    T1] usb usb4: New USB device found, idVendor=1d6b, idProduct=0002, bcdDevice= 6.09
[   44.218290][    T1] usb usb4: New USB device strings: Mfr=3, Product=2, SerialNumber=1
[   44.221416][    T1] usb usb4: Product: USB/IP Virtual Host Controller
[   44.224347][    T1] usb usb4: Manufacturer: Linux 6.9.0-rc5-g5eb4573ea63d-dirty vhci_hcd
[   44.227669][    T1] usb usb4: SerialNumber: vhci_hcd.1
[   44.240139][    T1] hub 4-0:1.0: USB hub found
[   44.243236][    T1] hub 4-0:1.0: 8 ports detected
[   44.281300][    T1] vhci_hcd vhci_hcd.1: USB/IP Virtual Host Controller
[   44.291813][    T1] vhci_hcd vhci_hcd.1: new USB bus registered, assigned bus number 5
[   44.295053][    T1] usb usb5: We don't know the algorithms for LPM for this host, disabling LPM.
[   44.302813][    T1] usb usb5: New USB device found, idVendor=1d6b, idProduct=0003, bcdDevice= 6.09
[   44.309891][    T1] usb usb5: New USB device strings: Mfr=3, Product=2, SerialNumber=1
[   44.311219][    T1] usb usb5: Product: USB/IP Virtual Host Controller
[   44.312291][    T1] usb usb5: Manufacturer: Linux 6.9.0-rc5-g5eb4573ea63d-dirty vhci_hcd
[   44.313609][    T1] usb usb5: SerialNumber: vhci_hcd.1
[   44.323891][    T1] hub 5-0:1.0: USB hub found
[   44.326805][    T1] hub 5-0:1.0: 8 ports detected
[   44.381254][    T1] vhci_hcd vhci_hcd.2: USB/IP Virtual Host Controller
[   44.388147][    T1] vhci_hcd vhci_hcd.2: new USB bus registered, assigned bus number 6
[   44.396677][    T1] usb usb6: New USB device found, idVendor=1d6b, idProduct=0002, bcdDevice= 6.09
[   44.400326][    T1] usb usb6: New USB device strings: Mfr=3, Product=2, SerialNumber=1
[   44.403459][    T1] usb usb6: Product: USB/IP Virtual Host Controller
[   44.405901][    T1] usb usb6: Manufacturer: Linux 6.9.0-rc5-g5eb4573ea63d-dirty vhci_hcd
[   44.409039][    T1] usb usb6: SerialNumber: vhci_hcd.2
[   44.423317][    T1] hub 6-0:1.0: USB hub found
[   44.425894][    T1] hub 6-0:1.0: 8 ports detected
[   44.472153][    T1] vhci_hcd vhci_hcd.2: USB/IP Virtual Host Controller
[   44.478054][    T1] vhci_hcd vhci_hcd.2: new USB bus registered, assigned bus number 7
[   44.483177][    T1] usb usb7: We don't know the algorithms for LPM for this host, disabling LPM.
[   44.489222][    T1] usb usb7: New USB device found, idVendor=1d6b, idProduct=0003, bcdDevice= 6.09
[   44.491244][    T1] usb usb7: New USB device strings: Mfr=3, Product=2, SerialNumber=1
[   44.492580][    T1] usb usb7: Product: USB/IP Virtual Host Controller
[   44.493667][    T1] usb usb7: Manufacturer: Linux 6.9.0-rc5-g5eb4573ea63d-dirty vhci_hcd
[   44.495169][    T1] usb usb7: SerialNumber: vhci_hcd.2
[   44.506670][    T1] hub 7-0:1.0: USB hub found
[   44.509386][    T1] hub 7-0:1.0: 8 ports detected
[   44.552116][    T1] vhci_hcd vhci_hcd.3: USB/IP Virtual Host Controller
[   44.556727][    T1] vhci_hcd vhci_hcd.3: new USB bus registered, assigned bus number 8
[   44.564638][    T1] usb usb8: New USB device found, idVendor=1d6b, idProduct=0002, bcdDevice= 6.09
[   44.569469][    T1] usb usb8: New USB device strings: Mfr=3, Product=2, SerialNumber=1
[   44.573136][    T1] usb usb8: Product: USB/IP Virtual Host Controller
[   44.576077][    T1] usb usb8: Manufacturer: Linux 6.9.0-rc5-g5eb4573ea63d-dirty vhci_hcd
[   44.579745][    T1] usb usb8: SerialNumber: vhci_hcd.3
[   44.597707][    T1] hub 8-0:1.0: USB hub found
[   44.600545][    T1] hub 8-0:1.0: 8 ports detected
[   44.651840][    T1] vhci_hcd vhci_hcd.3: USB/IP Virtual Host Controller
[   44.662217][    T1] vhci_hcd vhci_hcd.3: new USB bus registered, assigned bus number 9
[   44.667469][    T1] usb usb9: We don't know the algorithms for LPM for this host, disabling LPM.
[   44.674669][    T1] usb usb9: New USB device found, idVendor=1d6b, idProduct=0003, bcdDevice= 6.09
[   44.678737][    T1] usb usb9: New USB device strings: Mfr=3, Product=2, SerialNumber=1
[   44.681482][    T1] usb usb9: Product: USB/IP Virtual Host Controller
[   44.683956][    T1] usb usb9: Manufacturer: Linux 6.9.0-rc5-g5eb4573ea63d-dirty vhci_hcd
[   44.697994][    T1] usb usb9: SerialNumber: vhci_hcd.3
[   44.708576][    T1] hub 9-0:1.0: USB hub found
[   44.710691][    T1] hub 9-0:1.0: 8 ports detected
[   44.755211][    T1] vhci_hcd vhci_hcd.4: USB/IP Virtual Host Controller
[   44.760055][    T1] vhci_hcd vhci_hcd.4: new USB bus registered, assigned bus number 10
[   44.766300][    T1] usb usb10: New USB device found, idVendor=1d6b, idProduct=0002, bcdDevice= 6.09
[   44.768991][    T1] usb usb10: New USB device strings: Mfr=3, Product=2, SerialNumber=1
[   44.770415][    T1] usb usb10: Product: USB/IP Virtual Host Controller
[   44.772175][    T1] usb usb10: Manufacturer: Linux 6.9.0-rc5-g5eb4573ea63d-dirty vhci_hcd
[   44.774168][    T1] usb usb10: SerialNumber: vhci_hcd.4
[   44.786909][    T1] hub 10-0:1.0: USB hub found
[   44.789811][    T1] hub 10-0:1.0: 8 ports detected
[   44.827229][    T1] vhci_hcd vhci_hcd.4: USB/IP Virtual Host Controller
[   44.832038][    T1] vhci_hcd vhci_hcd.4: new USB bus registered, assigned bus number 11
[   44.838709][    T1] usb usb11: We don't know the algorithms for LPM for this host, disabling LPM.
[   44.848717][    T1] usb usb11: New USB device found, idVendor=1d6b, idProduct=0003, bcdDevice= 6.09
[   44.852425][    T1] usb usb11: New USB device strings: Mfr=3, Product=2, SerialNumber=1
[   44.855449][    T1] usb usb11: Product: USB/IP Virtual Host Controller
[   44.859184][    T1] usb usb11: Manufacturer: Linux 6.9.0-rc5-g5eb4573ea63d-dirty vhci_hcd
[   44.863071][    T1] usb usb11: SerialNumber: vhci_hcd.4
[   44.874291][    T1] hub 11-0:1.0: USB hub found
[   44.875816][    T1] hub 11-0:1.0: 8 ports detected
[   44.921405][    T1] vhci_hcd vhci_hcd.5: USB/IP Virtual Host Controller
[   44.926594][    T1] vhci_hcd vhci_hcd.5: new USB bus registered, assigned bus number 12
[   44.934531][    T1] usb usb12: New USB device found, idVendor=1d6b, idProduct=0002, bcdDevice= 6.09
[   44.937654][    T1] usb usb12: New USB device strings: Mfr=3, Product=2, SerialNumber=1
[   44.941376][    T1] usb usb12: Product: USB/IP Virtual Host Controller
[   44.944329][    T1] usb usb12: Manufacturer: Linux 6.9.0-rc5-g5eb4573ea63d-dirty vhci_hcd
[   44.948022][    T1] usb usb12: SerialNumber: vhci_hcd.5
[   44.961804][    T1] hub 12-0:1.0: USB hub found
[   44.967363][    T1] hub 12-0:1.0: 8 ports detected
[   45.002168][    T1] vhci_hcd vhci_hcd.5: USB/IP Virtual Host Controller
[   45.009544][    T1] vhci_hcd vhci_hcd.5: new USB bus registered, assigned bus number 13
[   45.016585][    T1] usb usb13: We don't know the algorithms for LPM for this host, disabling LPM.
[   45.025360][    T1] usb usb13: New USB device found, idVendor=1d6b, idProduct=0003, bcdDevice= 6.09
[   45.028131][    T1] usb usb13: New USB device strings: Mfr=3, Product=2, SerialNumber=1
[   45.029531][    T1] usb usb13: Product: USB/IP Virtual Host Controller
[   45.031778][    T1] usb usb13: Manufacturer: Linux 6.9.0-rc5-g5eb4573ea63d-dirty vhci_hcd
[   45.034523][    T1] usb usb13: SerialNumber: vhci_hcd.5
[   45.048174][    T1] hub 13-0:1.0: USB hub found
[   45.049843][    T1] hub 13-0:1.0: 8 ports detected
[   45.094227][    T1] vhci_hcd vhci_hcd.6: USB/IP Virtual Host Controller
[   45.100784][    T1] vhci_hcd vhci_hcd.6: new USB bus registered, assigned bus number 14
[   45.110439][    T1] usb usb14: New USB device found, idVendor=1d6b, idProduct=0002, bcdDevice= 6.09
[   45.113023][    T1] usb usb14: New USB device strings: Mfr=3, Product=2, SerialNumber=1
[   45.114434][    T1] usb usb14: Product: USB/IP Virtual Host Controller
[   45.115651][    T1] usb usb14: Manufacturer: Linux 6.9.0-rc5-g5eb4573ea63d-dirty vhci_hcd
[   45.117161][    T1] usb usb14: SerialNumber: vhci_hcd.6
[   45.127959][    T1] hub 14-0:1.0: USB hub found
[   45.130121][    T1] hub 14-0:1.0: 8 ports detected
[   45.169337][    T1] vhci_hcd vhci_hcd.6: USB/IP Virtual Host Controller
[   45.175657][    T1] vhci_hcd vhci_hcd.6: new USB bus registered, assigned bus number 15
[   45.182105][    T1] usb usb15: We don't know the algorithms for LPM for this host, disabling LPM.
[   45.188813][    T1] usb usb15: New USB device found, idVendor=1d6b, idProduct=0003, bcdDevice= 6.09
[   45.192311][    T1] usb usb15: New USB device strings: Mfr=3, Product=2, SerialNumber=1
[   45.195155][    T1] usb usb15: Product: USB/IP Virtual Host Controller
[   45.197513][    T1] usb usb15: Manufacturer: Linux 6.9.0-rc5-g5eb4573ea63d-dirty vhci_hcd
[   45.200541][    T1] usb usb15: SerialNumber: vhci_hcd.6
[   45.217692][    T1] hub 15-0:1.0: USB hub found
[   45.220327][    T1] hub 15-0:1.0: 8 ports detected
[   45.272768][    T1] vhci_hcd vhci_hcd.7: USB/IP Virtual Host Controller
[   45.281279][    T1] vhci_hcd vhci_hcd.7: new USB bus registered, assigned bus number 16
[   45.294130][    T1] usb usb16: New USB device found, idVendor=1d6b, idProduct=0002, bcdDevice= 6.09
[   45.296997][    T1] usb usb16: New USB device strings: Mfr=3, Product=2, SerialNumber=1
[   45.300354][    T1] usb usb16: Product: USB/IP Virtual Host Controller
[   45.303071][    T1] usb usb16: Manufacturer: Linux 6.9.0-rc5-g5eb4573ea63d-dirty vhci_hcd
[   45.306469][    T1] usb usb16: SerialNumber: vhci_hcd.7
[   45.322456][    T1] hub 16-0:1.0: USB hub found
[   45.325250][    T1] hub 16-0:1.0: 8 ports detected
[   45.361830][    T1] vhci_hcd vhci_hcd.7: USB/IP Virtual Host Controller
[   45.371764][    T1] vhci_hcd vhci_hcd.7: new USB bus registered, assigned bus number 17
[   45.375824][    T1] usb usb17: We don't know the algorithms for LPM for this host, disabling LPM.
[   45.381336][    T1] usb usb17: New USB device found, idVendor=1d6b, idProduct=0003, bcdDevice= 6.09
[   45.385059][    T1] usb usb17: New USB device strings: Mfr=3, Product=2, SerialNumber=1
[   45.388198][    T1] usb usb17: Product: USB/IP Virtual Host Controller
[   45.390752][    T1] usb usb17: Manufacturer: Linux 6.9.0-rc5-g5eb4573ea63d-dirty vhci_hcd
[   45.393994][    T1] usb usb17: SerialNumber: vhci_hcd.7
[   45.410530][    T1] hub 17-0:1.0: USB hub found
[   45.413616][    T1] hub 17-0:1.0: 8 ports detected
[   45.459839][    T1] vhci_hcd vhci_hcd.8: USB/IP Virtual Host Controller
[   45.465680][    T1] vhci_hcd vhci_hcd.8: new USB bus registered, assigned bus number 18
[   45.473407][    T1] usb usb18: New USB device found, idVendor=1d6b, idProduct=0002, bcdDevice= 6.09
[   45.477013][    T1] usb usb18: New USB device strings: Mfr=3, Product=2, SerialNumber=1
[   45.480222][    T1] usb usb18: Product: USB/IP Virtual Host Controller
[   45.482882][    T1] usb usb18: Manufacturer: Linux 6.9.0-rc5-g5eb4573ea63d-dirty vhci_hcd
[   45.486203][    T1] usb usb18: SerialNumber: vhci_hcd.8
[   45.500737][    T1] hub 18-0:1.0: USB hub found
[   45.504617][    T1] hub 18-0:1.0: 8 ports detected
[   45.544118][    T1] vhci_hcd vhci_hcd.8: USB/IP Virtual Host Controller
[   45.551503][    T1] vhci_hcd vhci_hcd.8: new USB bus registered, assigned bus number 19
[   45.555573][    T1] usb usb19: We don't know the algorithms for LPM for this host, disabling LPM.
[   45.564637][    T1] usb usb19: New USB device found, idVendor=1d6b, idProduct=0003, bcdDevice= 6.09
[   45.567213][    T1] usb usb19: New USB device strings: Mfr=3, Product=2, SerialNumber=1
[   45.569112][    T1] usb usb19: Product: USB/IP Virtual Host Controller
[   45.570432][    T1] usb usb19: Manufacturer: Linux 6.9.0-rc5-g5eb4573ea63d-dirty vhci_hcd
[   45.571977][    T1] usb usb19: SerialNumber: vhci_hcd.8
[   45.587604][    T1] hub 19-0:1.0: USB hub found
[   45.592920][    T1] hub 19-0:1.0: 8 ports detected
[   45.648104][    T1] vhci_hcd vhci_hcd.9: USB/IP Virtual Host Controller
[   45.654493][    T1] vhci_hcd vhci_hcd.9: new USB bus registered, assigned bus number 20
[   45.663476][    T1] usb usb20: New USB device found, idVendor=1d6b, idProduct=0002, bcdDevice= 6.09
[   45.667801][    T1] usb usb20: New USB device strings: Mfr=3, Product=2, SerialNumber=1
[   45.671039][    T1] usb usb20: Product: USB/IP Virtual Host Controller
[   45.673491][    T1] usb usb20: Manufacturer: Linux 6.9.0-rc5-g5eb4573ea63d-dirty vhci_hcd
[   45.677031][    T1] usb usb20: SerialNumber: vhci_hcd.9
[   45.689746][    T1] hub 20-0:1.0: USB hub found
[   45.692052][    T1] hub 20-0:1.0: 8 ports detected
[   45.732679][    T1] vhci_hcd vhci_hcd.9: USB/IP Virtual Host Controller
[   45.738575][    T1] vhci_hcd vhci_hcd.9: new USB bus registered, assigned bus number 21
[   45.742091][    T1] usb usb21: We don't know the algorithms for LPM for this host, disabling LPM.
[   45.749527][    T1] usb usb21: New USB device found, idVendor=1d6b, idProduct=0003, bcdDevice= 6.09
[   45.753520][    T1] usb usb21: New USB device strings: Mfr=3, Product=2, SerialNumber=1
[   45.758545][    T1] usb usb21: Product: USB/IP Virtual Host Controller
[   45.761412][    T1] usb usb21: Manufacturer: Linux 6.9.0-rc5-g5eb4573ea63d-dirty vhci_hcd
[   45.765010][    T1] usb usb21: SerialNumber: vhci_hcd.9
[   45.777370][    T1] hub 21-0:1.0: USB hub found
[   45.779397][    T1] hub 21-0:1.0: 8 ports detected
[   45.825494][    T1] vhci_hcd vhci_hcd.10: USB/IP Virtual Host Controller
[   45.845545][    T1] vhci_hcd vhci_hcd.10: new USB bus registered, assigned bus number 22
[   45.854414][    T1] usb usb22: New USB device found, idVendor=1d6b, idProduct=0002, bcdDevice= 6.09
[   45.856777][    T1] usb usb22: New USB device strings: Mfr=3, Product=2, SerialNumber=1
[   45.860480][    T1] usb usb22: Product: USB/IP Virtual Host Controller
[   45.863417][    T1] usb usb22: Manufacturer: Linux 6.9.0-rc5-g5eb4573ea63d-dirty vhci_hcd
[   45.867249][    T1] usb usb22: SerialNumber: vhci_hcd.10
[   45.881976][    T1] hub 22-0:1.0: USB hub found
[   45.885281][    T1] hub 22-0:1.0: 8 ports detected
[   45.925448][    T1] vhci_hcd vhci_hcd.10: USB/IP Virtual Host Controller
[   45.932864][    T1] vhci_hcd vhci_hcd.10: new USB bus registered, assigned bus number 23
[   45.938047][    T1] usb usb23: We don't know the algorithms for LPM for this host, disabling LPM.
[   45.945620][    T1] usb usb23: New USB device found, idVendor=1d6b, idProduct=0003, bcdDevice= 6.09
[   45.949585][    T1] usb usb23: New USB device strings: Mfr=3, Product=2, SerialNumber=1
[   45.952747][    T1] usb usb23: Product: USB/IP Virtual Host Controller
[   45.955387][    T1] usb usb23: Manufacturer: Linux 6.9.0-rc5-g5eb4573ea63d-dirty vhci_hcd
[   45.958463][    T1] usb usb23: SerialNumber: vhci_hcd.10
[   45.971523][    T1] hub 23-0:1.0: USB hub found
[   45.975736][    T1] hub 23-0:1.0: 8 ports detected
[   46.020698][    T1] vhci_hcd vhci_hcd.11: USB/IP Virtual Host Controller
[   46.032386][    T1] vhci_hcd vhci_hcd.11: new USB bus registered, assigned bus number 24
[   46.039581][    T1] usb usb24: New USB device found, idVendor=1d6b, idProduct=0002, bcdDevice= 6.09
[   46.041144][    T1] usb usb24: New USB device strings: Mfr=3, Product=2, SerialNumber=1
[   46.042593][    T1] usb usb24: Product: USB/IP Virtual Host Controller
[   46.043633][    T1] usb usb24: Manufacturer: Linux 6.9.0-rc5-g5eb4573ea63d-dirty vhci_hcd
[   46.045024][    T1] usb usb24: SerialNumber: vhci_hcd.11
[   46.055582][    T1] hub 24-0:1.0: USB hub found
[   46.059835][    T1] hub 24-0:1.0: 8 ports detected
[   46.092565][    T1] vhci_hcd vhci_hcd.11: USB/IP Virtual Host Controller
[   46.096899][    T1] vhci_hcd vhci_hcd.11: new USB bus registered, assigned bus number 25
[   46.100569][    T1] usb usb25: We don't know the algorithms for LPM for this host, disabling LPM.
[   46.108142][    T1] usb usb25: New USB device found, idVendor=1d6b, idProduct=0003, bcdDevice= 6.09
[   46.109818][    T1] usb usb25: New USB device strings: Mfr=3, Product=2, SerialNumber=1
[   46.111657][    T1] usb usb25: Product: USB/IP Virtual Host Controller
[   46.113250][    T1] usb usb25: Manufacturer: Linux 6.9.0-rc5-g5eb4573ea63d-dirty vhci_hcd
[   46.115511][    T1] usb usb25: SerialNumber: vhci_hcd.11
[   46.128110][    T1] hub 25-0:1.0: USB hub found
[   46.130869][    T1] hub 25-0:1.0: 8 ports detected
[   46.176176][    T1] vhci_hcd vhci_hcd.12: USB/IP Virtual Host Controller
[   46.186579][    T1] vhci_hcd vhci_hcd.12: new USB bus registered, assigned bus number 26
[   46.194944][    T1] usb usb26: New USB device found, idVendor=1d6b, idProduct=0002, bcdDevice= 6.09
[   46.198413][    T1] usb usb26: New USB device strings: Mfr=3, Product=2, SerialNumber=1
[   46.199807][    T1] usb usb26: Product: USB/IP Virtual Host Controller
[   46.201287][    T1] usb usb26: Manufacturer: Linux 6.9.0-rc5-g5eb4573ea63d-dirty vhci_hcd
[   46.202907][    T1] usb usb26: SerialNumber: vhci_hcd.12
[   46.214117][    T1] hub 26-0:1.0: USB hub found
[   46.217467][    T1] hub 26-0:1.0: 8 ports detected
[   46.254226][    T1] vhci_hcd vhci_hcd.12: USB/IP Virtual Host Controller
[   46.258993][    T1] vhci_hcd vhci_hcd.12: new USB bus registered, assigned bus number 27
[   46.262717][    T1] usb usb27: We don't know the algorithms for LPM for this host, disabling LPM.
[   46.267773][    T1] usb usb27: New USB device found, idVendor=1d6b, idProduct=0003, bcdDevice= 6.09
[   46.269629][    T1] usb usb27: New USB device strings: Mfr=3, Product=2, SerialNumber=1
[   46.271120][    T1] usb usb27: Product: USB/IP Virtual Host Controller
[   46.272847][    T1] usb usb27: Manufacturer: Linux 6.9.0-rc5-g5eb4573ea63d-dirty vhci_hcd
[   46.275165][    T1] usb usb27: SerialNumber: vhci_hcd.12
[   46.287229][    T1] hub 27-0:1.0: USB hub found
[   46.290073][    T1] hub 27-0:1.0: 8 ports detected
[   46.334367][    T1] vhci_hcd vhci_hcd.13: USB/IP Virtual Host Controller
[   46.340668][    T1] vhci_hcd vhci_hcd.13: new USB bus registered, assigned bus number 28
[   46.348947][    T1] usb usb28: New USB device found, idVendor=1d6b, idProduct=0002, bcdDevice= 6.09
[   46.353176][    T1] usb usb28: New USB device strings: Mfr=3, Product=2, SerialNumber=1
[   46.355146][    T1] usb usb28: Product: USB/IP Virtual Host Controller
[   46.356419][    T1] usb usb28: Manufacturer: Linux 6.9.0-rc5-g5eb4573ea63d-dirty vhci_hcd
[   46.357978][    T1] usb usb28: SerialNumber: vhci_hcd.13
[   46.369419][    T1] hub 28-0:1.0: USB hub found
[   46.374049][    T1] hub 28-0:1.0: 8 ports detected
[   46.408132][    T1] vhci_hcd vhci_hcd.13: USB/IP Virtual Host Controller
[   46.413071][    T1] vhci_hcd vhci_hcd.13: new USB bus registered, assigned bus number 29
[   46.419464][    T1] usb usb29: We don't know the algorithms for LPM for this host, disabling LPM.
[   46.425303][    T1] usb usb29: New USB device found, idVendor=1d6b, idProduct=0003, bcdDevice= 6.09
[   46.429279][    T1] usb usb29: New USB device strings: Mfr=3, Product=2, SerialNumber=1
[   46.433068][    T1] usb usb29: Product: USB/IP Virtual Host Controller
[   46.434617][    T1] usb usb29: Manufacturer: Linux 6.9.0-rc5-g5eb4573ea63d-dirty vhci_hcd
[   46.437553][    T1] usb usb29: SerialNumber: vhci_hcd.13
[   46.448998][    T1] hub 29-0:1.0: USB hub found
[   46.451049][    T1] hub 29-0:1.0: 8 ports detected
[   46.501026][    T1] vhci_hcd vhci_hcd.14: USB/IP Virtual Host Controller
[   46.507203][    T1] vhci_hcd vhci_hcd.14: new USB bus registered, assigned bus number 30
[   46.515302][    T1] usb usb30: New USB device found, idVendor=1d6b, idProduct=0002, bcdDevice= 6.09
[   46.519107][    T1] usb usb30: New USB device strings: Mfr=3, Product=2, SerialNumber=1
[   46.522534][    T1] usb usb30: Product: USB/IP Virtual Host Controller
[   46.525257][    T1] usb usb30: Manufacturer: Linux 6.9.0-rc5-g5eb4573ea63d-dirty vhci_hcd
[   46.528720][    T1] usb usb30: SerialNumber: vhci_hcd.14
[   46.542191][    T1] hub 30-0:1.0: USB hub found
[   46.547726][    T1] hub 30-0:1.0: 8 ports detected
[   46.593104][    T1] vhci_hcd vhci_hcd.14: USB/IP Virtual Host Controller
[   46.600442][    T1] vhci_hcd vhci_hcd.14: new USB bus registered, assigned bus number 31
[   46.606151][    T1] usb usb31: We don't know the algorithms for LPM for this host, disabling LPM.
[   46.613587][    T1] usb usb31: New USB device found, idVendor=1d6b, idProduct=0003, bcdDevice= 6.09
[   46.617144][    T1] usb usb31: New USB device strings: Mfr=3, Product=2, SerialNumber=1
[   46.620656][    T1] usb usb31: Product: USB/IP Virtual Host Controller
[   46.623290][    T1] usb usb31: Manufacturer: Linux 6.9.0-rc5-g5eb4573ea63d-dirty vhci_hcd
[   46.628566][    T1] usb usb31: SerialNumber: vhci_hcd.14
[   46.644464][    T1] hub 31-0:1.0: USB hub found
[   46.647391][    T1] hub 31-0:1.0: 8 ports detected
[   46.697591][    T1] vhci_hcd vhci_hcd.15: USB/IP Virtual Host Controller
[   46.703508][    T1] vhci_hcd vhci_hcd.15: new USB bus registered, assigned bus number 32
[   46.711722][    T1] usb usb32: New USB device found, idVendor=1d6b, idProduct=0002, bcdDevice= 6.09
[   46.713238][    T1] usb usb32: New USB device strings: Mfr=3, Product=2, SerialNumber=1
[   46.714608][    T1] usb usb32: Product: USB/IP Virtual Host Controller
[   46.715875][    T1] usb usb32: Manufacturer: Linux 6.9.0-rc5-g5eb4573ea63d-dirty vhci_hcd
[   46.719513][    T1] usb usb32: SerialNumber: vhci_hcd.15
[   46.733498][    T1] hub 32-0:1.0: USB hub found
[   46.736439][    T1] hub 32-0:1.0: 8 ports detected
[   46.778428][    T1] vhci_hcd vhci_hcd.15: USB/IP Virtual Host Controller
[   46.782901][    T1] vhci_hcd vhci_hcd.15: new USB bus registered, assigned bus number 33
[   46.789094][    T1] usb usb33: We don't know the algorithms for LPM for this host, disabling LPM.
[   46.798709][    T1] usb usb33: New USB device found, idVendor=1d6b, idProduct=0003, bcdDevice= 6.09
[   46.802303][    T1] usb usb33: New USB device strings: Mfr=3, Product=2, SerialNumber=1
[   46.805302][    T1] usb usb33: Product: USB/IP Virtual Host Controller
[   46.809610][    T1] usb usb33: Manufacturer: Linux 6.9.0-rc5-g5eb4573ea63d-dirty vhci_hcd
[   46.812656][    T1] usb usb33: SerialNumber: vhci_hcd.15
[   46.830269][    T1] hub 33-0:1.0: USB hub found
[   46.833540][    T1] hub 33-0:1.0: 8 ports detected
[   46.881330][    T1] usbcore: registered new device driver usbip-host
[   46.897786][    T1] i8042: PNP: PS/2 Controller [PNP0303:KBD,PNP0f13:MOU] at 0x60,0x64 irq 1,12
[   46.907232][    T1] serio: i8042 KBD port at 0x60,0x64 irq 1
[   46.913992][    T1] serio: i8042 AUX port at 0x60,0x64 irq 12
[   46.924360][    T1] mousedev: PS/2 mouse device common for all mice
[   46.931289][    T1] usbcore: registered new interface driver appletouch
[   46.934483][    T1] usbcore: registered new interface driver bcm5974
[   46.945825][    T7] input: AT Translated Set 2 keyboard as /devices/platform/i8042/serio0/input/input1
[   46.951243][    T1] usbcore: registered new interface driver synaptics_usb
[   46.954679][    T1] usbcore: registered new interface driver iforce
[   46.967270][    T1] usbcore: registered new interface driver xpad
[   46.970387][    T1] usbcore: registered new interface driver usb_acecad
[   46.973998][    T1] usbcore: registered new interface driver aiptek
[   46.986596][    T1] usbcore: registered new interface driver hanwang
[   46.989817][    T1] usbcore: registered new interface driver kbtab
[   46.992875][    T1] usbcore: registered new interface driver pegasus_notetaker
[   46.997706][    T1] usbcore: registered new interface driver usbtouchscreen
[   47.001133][    T1] usbcore: registered new interface driver sur40
[   47.004223][    T1] usbcore: registered new interface driver ati_remote2
[   47.006883][    T1] cm109: Keymap for Komunikate KIP1000 phone loaded
[   47.010109][    T1] usbcore: registered new interface driver cm109
[   47.012518][    T1] cm109: CM109 phone driver: 20080805 (C) Alfred E. Heggestad
[   47.016504][    T1] usbcore: registered new interface driver ims_pcu
[   47.019569][    T1] usbcore: registered new interface driver keyspan_remote
[   47.023073][    T1] usbcore: registered new interface driver powermate
[   47.027729][    T1] usbcore: registered new interface driver yealink
[   47.033760][    T1] rtc_cmos 00:05: RTC can wake from S4
[   47.056639][    T1] rtc_cmos 00:05: registered as rtc0
[   47.058693][    T1] rtc_cmos 00:05: alarms up to one day, y3k, 242 bytes nvram, hpet irqs
[   47.063304][    T1] i2c_dev: i2c /dev entries driver
[   47.066942][    T1] usbcore: registered new interface driver i2c-diolan-u2c
[   47.072652][    T1] usbcore: registered new interface driver RobotFuzz Open Source InterFace, OSIF
[   47.077582][    T1] usbcore: registered new interface driver i2c-tiny-usb
[   47.094447][    T1] usbcore: registered new interface driver igorplugusb
[   47.096585][    T1] usbcore: registered new interface driver iguanair
[   47.098927][    T1] usbcore: registered new interface driver imon
[   47.101106][    T1] usbcore: registered new interface driver mceusb
[   47.104200][    T1] usbcore: registered new interface driver redrat3
[   47.107527][    T1] usbcore: registered new interface driver streamzap
[   47.109447][    T1] usbcore: registered new interface driver ttusbir
[   47.111147][    T1] usbcore: registered new interface driver ati_remote
[   47.113506][    T1] b2c2-flexcop: B2C2 FlexcopII/II(b)/III digital TV receiver chip loaded successfully
[   47.116070][    T1] usbcore: registered new interface driver b2c2_flexcop_usb
[   47.117709][    T1] usbcore: registered new interface driver dvb_usb_vp7045
[   47.119562][    T1] usbcore: registered new interface driver dvb_usb_vp702x
[   47.121188][    T1] usbcore: registered new interface driver dvb_usb_gp8psk
[   47.122847][    T1] usbcore: registered new interface driver dvb_usb_dtt200u
[   47.124567][    T1] usbcore: registered new interface driver dvb_usb_a800
[   47.127160][    T1] usbcore: registered new interface driver dvb_usb_dibusb_mb
[   47.130266][    T1] usbcore: registered new interface driver dvb_usb_dibusb_mc
[   47.132053][    T1] usbcore: registered new interface driver dvb_usb_nova_t_usb2
[   47.133875][    T1] usbcore: registered new interface driver dvb_usb_umt_010
[   47.135686][    T1] usbcore: registered new interface driver dvb_usb_m920x
[   47.138450][    T1] usbcore: registered new interface driver dvb_usb_digitv
[   47.140009][    T1] usbcore: registered new interface driver dvb_usb_cxusb
[   47.141492][    T1] usbcore: registered new interface driver dvb_usb_ttusb2
[   47.143520][    T1] usbcore: registered new interface driver dvb_usb_dib0700
[   47.145554][    T1] usbcore: registered new interface driver opera1
[   47.150875][    T1] usbcore: registered new interface driver dvb_usb_af9005
[   47.152016][    T1] failing symbol_get of non-GPLONLY symbol af9005_rc_decode.
[   47.154971][    T1] failing symbol_get of non-GPLONLY symbol af9005_rc_decode.
[   47.160266][    T1] failing symbol_get of non-GPLONLY symbol rc_map_af9005_table.
[   47.165430][    T1] failing symbol_get of non-GPLONLY symbol rc_map_af9005_table.
[   47.167289][    T1] failing symbol_get of non-GPLONLY symbol rc_map_af9005_table_size.
[   47.170094][    T1] failing symbol_get of non-GPLONLY symbol rc_map_af9005_table_size.
[   47.171369][    T1] af9005: af9005_rc_decode function not found, disabling remote
[   47.173347][    T1] usbcore: registered new interface driver pctv452e
[   47.175311][    T1] usbcore: registered new interface driver dw2102
[   47.177146][    T1] usbcore: registered new interface driver dvb_usb_dtv5100
[   47.179837][    T1] usbcore: registered new interface driver cinergyT2
[   47.183357][    T1] usbcore: registered new interface driver dvb_usb_az6027
[   47.187069][    T1] usbcore: registered new interface driver dvb_usb_technisat_usb2
[   47.190711][    T1] usbcore: registered new interface driver dvb_usb_af9015
[   47.192992][    T1] usbcore: registered new interface driver dvb_usb_af9035
[   47.194730][    T1] usbcore: registered new interface driver dvb_usb_anysee
[   47.196861][    T1] usbcore: registered new interface driver dvb_usb_au6610
[   47.198595][    T1] usbcore: registered new interface driver dvb_usb_az6007
[   47.200462][    T1] usbcore: registered new interface driver dvb_usb_ce6230
[   47.202337][    T1] usbcore: registered new interface driver dvb_usb_ec168
[   47.203841][    T1] usbcore: registered new interface driver dvb_usb_lmedm04
[   47.205296][    T1] usbcore: registered new interface driver dvb_usb_gl861
[   47.208326][    T1] usbcore: registered new interface driver dvb_usb_mxl111sf
[   47.209891][    T1] usbcore: registered new interface driver dvb_usb_rtl28xxu
[   47.211497][    T1] usbcore: registered new interface driver dvb_usb_dvbsky
[   47.212864][    T1] usbcore: registered new interface driver zd1301
[   47.214319][    T1] usbcore: registered new interface driver s2255
[   47.216262][    T1] usbcore: registered new interface driver smsusb
[   47.218021][    T1] usbcore: registered new interface driver ttusb
[   47.221269][    T1] usbcore: registered new interface driver ttusb-dec
[   47.223910][    T1] usbcore: registered new interface driver Abilis Systems as10x usb driver
[   47.226105][    T1] usbcore: registered new interface driver airspy
[   47.227131][    T1] gspca_main: v2.14.0 registered
[   47.228620][    T1] usbcore: registered new interface driver benq
[   47.233040][    T1] usbcore: registered new interface driver conex
[   47.234750][    T1] usbcore: registered new interface driver cpia1
[   47.236466][    T1] usbcore: registered new interface driver dtcs033
[   47.238512][    T1] usbcore: registered new interface driver etoms
[   47.240081][    T1] usbcore: registered new interface driver finepix
[   47.241765][    T1] usbcore: registered new interface driver jeilinj
[   47.243466][    T1] usbcore: registered new interface driver jl2005bcd
[   47.245205][    T1] usbcore: registered new interface driver kinect
[   47.247814][    T1] usbcore: registered new interface driver konica
[   47.249533][    T1] usbcore: registered new interface driver mars
[   47.251259][    T1] usbcore: registered new interface driver mr97310a
[   47.253061][    T1] usbcore: registered new interface driver nw80x
[   47.257298][    T1] usbcore: registered new interface driver ov519
[   47.259914][    T1] usbcore: registered new interface driver ov534
[   47.262075][    T1] usbcore: registered new interface driver ov534_9
[   47.264559][    T1] usbcore: registered new interface driver pac207
[   47.266439][    T1] usbcore: registered new interface driver gspca_pac7302
[   47.267931][    T1] usbcore: registered new interface driver pac7311
[   47.269330][    T1] usbcore: registered new interface driver se401
[   47.271074][    T1] usbcore: registered new interface driver sn9c2028
[   47.273078][    T1] usbcore: registered new interface driver gspca_sn9c20x
[   47.275086][    T1] usbcore: registered new interface driver sonixb
[   47.279917][    T1] usbcore: registered new interface driver sonixj
[   47.283450][    T1] usbcore: registered new interface driver spca500
[   47.286794][    T1] usbcore: registered new interface driver spca501
[   47.289332][    T1] usbcore: registered new interface driver spca505
[   47.291785][    T1] usbcore: registered new interface driver spca506
[   47.294250][    T1] usbcore: registered new interface driver spca508
[   47.297147][    T1] usbcore: registered new interface driver spca561
[   47.300309][    T1] usbcore: registered new interface driver spca1528
[   47.303576][    T1] usbcore: registered new interface driver sq905
[   47.306812][    T1] usbcore: registered new interface driver sq905c
[   47.310022][    T1] usbcore: registered new interface driver sq930x
[   47.313329][    T1] usbcore: registered new interface driver sunplus
[   47.316461][    T1] usbcore: registered new interface driver stk014
[   47.319673][    T1] usbcore: registered new interface driver stk1135
[   47.322668][    T1] usbcore: registered new interface driver stv0680
[   47.324798][    T1] usbcore: registered new interface driver t613
[   47.327312][    T1] usbcore: registered new interface driver gspca_topro
[   47.329117][    T1] usbcore: registered new interface driver touptek
[   47.331226][    T1] usbcore: registered new interface driver tv8532
[   47.333596][    T1] usbcore: registered new interface driver vc032x
[   47.336081][    T1] usbcore: registered new interface driver vicam
[   47.338540][    T1] usbcore: registered new interface driver xirlink-cit
[   47.341210][    T1] usbcore: registered new interface driver gspca_zc3xx
[   47.343834][    T1] usbcore: registered new interface driver ALi m5602
[   47.347744][    T1] usbcore: registered new interface driver STV06xx
[   47.351307][    T1] usbcore: registered new interface driver gspca_gl860
[   47.353719][    T1] usbcore: registered new interface driver hackrf
[   47.355998][    T1] usbcore: registered new interface driver msi2500
[   47.359127][    T1] usbcore: registered new interface driver Philips webcam
[   47.362329][    T1] usbcore: registered new interface driver uvcvideo
[   47.364154][    T1] au0828: au0828 driver loaded
[   47.365827][    T1] usbcore: registered new interface driver au0828
[   47.368422][    T1] usbcore: registered new interface driver cx231xx
[   47.371330][    T1] usbcore: registered new interface driver em28xx
[   47.373186][    T1] em28xx: Registered (Em28xx v4l2 Extension) extension
[   47.374567][    T1] em28xx: Registered (Em28xx Audio Extension) extension
[   47.375579][    T1] em28xx: Registered (Em28xx dvb Extension) extension
[   47.376532][    T1] em28xx: Registered (Em28xx Input Extension) extension
[   47.378116][    T1] usbcore: registered new interface driver go7007
[   47.379736][    T1] usbcore: registered new interface driver go7007-loader
[   47.381887][    T1] usbcore: registered new interface driver hdpvr
[   47.384556][    T1] usbcore: registered new interface driver pvrusb2
[   47.386745][    T1] pvrusb2: V4L in-tree version:Hauppauge WinTV-PVR-USB2 MPEG2 Encoder/Tuner
[   47.388810][    T1] pvrusb2: Debug mask is 31 (0x1f)
[   47.391413][    T1] usbcore: registered new interface driver stk1160
[   47.394172][    T1] usbcore: registered new interface driver usbtv
[   47.405587][    T1] dvbdev: DVB: registering new adapter (dvb_vidtv_bridge)
[   47.419894][    T1] i2c i2c-0: DVB: registering adapter 0 frontend 0 (Dummy demod for DVB-T/T2/C/S/S2)...
[   47.423740][    T1] dvbdev: dvb_create_media_entity: media entity 'Dummy demod for DVB-T/T2/C/S/S2' registered.
[   47.454602][    T1] dvbdev: dvb_create_media_entity: media entity 'dvb-demux' registered.
[   47.482650][    T1] vidtv vidtv.0: Successfully initialized vidtv!
[   47.491120][    T1] vicodec vicodec.0: Device 'stateful-encoder' registered as /dev/video0
[   47.497088][    T1] vicodec vicodec.0: Device 'stateful-decoder' registered as /dev/video1
[   47.504659][    T1] vicodec vicodec.0: Device 'stateless-decoder' registered as /dev/video2
[   47.514857][    T1] vim2m vim2m.0: Device registered as /dev/video0
[   47.613685][    T1] vivid-000: using single planar format API
[   47.634322][    T7] input: ImExPS/2 Generic Explorer Mouse as /devices/platform/i8042/serio1/input/input3
[   47.731740][    T1] vivid-000: CEC adapter cec0 registered for HDMI input 0
[   47.740407][    T1] vivid-000: V4L2 capture device registered as video7
[   47.747447][    T1] vivid-000: CEC adapter cec1 registered for HDMI output 0
[   47.753901][    T1] vivid-000: V4L2 output device registered as video8
[   47.760406][    T1] vivid-000: V4L2 capture device registered as vbi0, supports raw and sliced VBI
[   47.768744][    T1] vivid-000: V4L2 output device registered as vbi1, supports raw and sliced VBI
[   47.779362][    T1] vivid-000: V4L2 capture device registered as swradio0
[   47.787079][    T1] vivid-000: V4L2 receiver device registered as radio0
[   47.794759][    T1] vivid-000: V4L2 transmitter device registered as radio1
[   47.803150][    T1] vivid-000: V4L2 metadata capture device registered as video9
[   47.811342][    T1] vivid-000: V4L2 metadata output device registered as video10
[   47.835071][    T1] vivid-000: V4L2 touch capture device registered as v4l-touch0
[   47.841961][    T1] usbcore: registered new interface driver radioshark2
[   47.851638][    T1] usbcore: registered new interface driver radioshark
[   47.855169][    T1] usbcore: registered new interface driver radio-si470x
[   47.859873][    T1] usbcore: registered new interface driver radio-usb-si4713
[   47.863409][    T1] usbcore: registered new interface driver dsbr100
[   47.866608][    T1] usbcore: registered new interface driver radio-keene
[   47.869912][    T1] usbcore: registered new interface driver radio-ma901
[   47.872563][    T1] usbcore: registered new interface driver radio-mr800
[   47.875862][    T1] usbcore: registered new interface driver radio-raremono
[   47.884367][    T1] usbcore: registered new interface driver pcwd_usb
[   47.894911][    T1] device-mapper: core: CONFIG_IMA_DISABLE_HTABLE is disabled. Duplicate IMA measurements will not be recorded in the IMA log.
[   47.903714][    T1] device-mapper: uevent: version 1.0.3
[   47.919252][    T1] device-mapper: ioctl: 4.48.0-ioctl (2023-03-01) initialised: dm-devel@lists.linux.dev
[   47.929407][    T1] device-mapper: multipath round-robin: version 1.2.0 loaded
[   47.932861][    T1] device-mapper: multipath queue-length: version 0.2.0 loaded
[   47.936512][    T1] device-mapper: multipath service-time: version 0.3.0 loaded
[   47.945599][    T1] Bluetooth: HCI UART driver ver 2.3
[   47.959825][    T1] Bluetooth: HCI UART protocol H4 registered
[   47.962128][    T1] Bluetooth: HCI UART protocol BCSP registered
[   47.964992][    T1] Bluetooth: HCI UART protocol LL registered
[   47.967791][    T1] Bluetooth: HCI UART protocol Three-wire (H5) registered
[   47.970958][    T1] Bluetooth: HCI UART protocol QCA registered
[   47.974409][    T1] Bluetooth: HCI UART protocol AG6XX registered
[   47.977508][    T1] Bluetooth: HCI UART protocol Marvell registered
[   47.981806][    T1] usbcore: registered new interface driver bcm203x
[   47.985043][    T1] usbcore: registered new interface driver bpa10x
[   47.987871][    T1] usbcore: registered new interface driver bfusb
[   47.989673][    T1] usbcore: registered new interface driver btusb
[   47.992746][    T1] usbcore: registered new interface driver ath3k
[   48.003445][    T1] CAPI 2.0 started up with major 68 (middleware)
[   48.007691][    T1] Modular ISDN core version 1.1.29
[   48.014137][    T1] NET: Registered PF_ISDN protocol family
[   48.019850][    T1] DSP module 2.0
[   48.021395][    T1] mISDN_dsp: DSP clocks every 80 samples. This equals 1 jiffies.
[   48.082368][    T1] mISDN: Layer-1-over-IP driver Rev. 2.00
[   48.087011][    T1] 0 virtual devices registered
[   48.090316][    T1] usbcore: registered new interface driver HFC-S_USB
[   48.092827][    T1] amd_pstate: the _CPC object is not present in SBIOS or ACPI disabled
[   48.097014][    T1] VUB300 Driver rom wait states = 1C irqpoll timeout = 0400
[   48.101211][    T1] usbcore: registered new interface driver vub300
[   48.109264][    T1] usbcore: registered new interface driver ushc
[   48.131377][    T1] iscsi: registered transport (iser)
[   48.136116][    T1] SoftiWARP attached
[   48.165210][    T1] hid: raw HID events driver (C) Jiri Kosina
[   48.282498][    T1] usbcore: registered new interface driver usbhid
[   48.284999][    T1] usbhid: USB HID core driver
[   48.310369][    T1] usbcore: registered new interface driver es2_ap_driver
[   48.313395][    T1] comedi: version 0.7.76 - http://www.comedi.org
[   48.318729][    T1] usbcore: registered new interface driver dt9812
[   48.322385][    T1] usbcore: registered new interface driver ni6501
[   48.337739][    T1] usbcore: registered new interface driver usbdux
[   48.341501][    T1] usbcore: registered new interface driver usbduxfast
[   48.346878][    T1] usbcore: registered new interface driver usbduxsigma
[   48.350688][    T1] usbcore: registered new interface driver vmk80xx
[   48.354726][    T1] usbcore: registered new interface driver r8712u
[   48.358173][    T1] greybus: registered new driver hid
[   48.361637][    T1] greybus: registered new driver gbphy
[   48.364651][    T1] gb_gbphy: registered new driver usb
[   48.367628][    T1] asus_wmi: ASUS WMI generic driver loaded
[   48.698050][    T1] usbcore: registered new interface driver snd-usb-audio
[   48.701875][    T1] usbcore: registered new interface driver snd-ua101
[   48.704654][    T1] usbcore: registered new interface driver snd-usb-usx2y
[   48.708373][    T1] usbcore: registered new interface driver snd-usb-us122l
[   48.710756][    T1] usbcore: registered new interface driver snd-usb-caiaq
[   48.713027][    T1] usbcore: registered new interface driver snd-usb-6fire
[   48.715338][    T1] usbcore: registered new interface driver snd-usb-hiface
[   48.721105][    T1] usbcore: registered new interface driver snd-bcd2000
[   48.725772][    T1] usbcore: registered new interface driver snd_usb_pod
[   48.733752][    T1] usbcore: registered new interface driver snd_usb_podhd
[   48.737440][    T1] usbcore: registered new interface driver snd_usb_toneport
[   48.741015][    T1] usbcore: registered new interface driver snd_usb_variax
[   48.750047][    T1] drop_monitor: Initializing network drop monitor service
[   48.754398][    T1] NET: Registered PF_LLC protocol family
[   48.757567][    T1] GACT probability on
[   48.759547][    T1] Mirror/redirect action on
[   48.762183][    T1] Simple TC action Loaded
[   48.774439][    T1] netem: version 1.3
[   48.776540][    T1] u32 classifier
[   48.777887][    T1]     Performance counters on
[   48.779680][    T1]     input device check on
[   48.780986][    T1]     Actions configured
[   48.799266][    T1] xt_time: kernel timezone is -0000
[   48.800395][    T1] IPVS: Registered protocols (TCP, UDP, SCTP, AH, ESP)
[   48.801679][    T1] IPVS: Connection hash table configured (size=4096, memory=32Kbytes)
[   48.811487][    T1] IPVS: ipvs loaded.
