bash: warning: setlocale: LC_ALL: cannot change locale (en_US.UTF-8)
c[?7l[2J[0mSeaBIOS (version 1.16.2-debian-1.16.2-1)
Booting from ROM...
c[?7l[2Jearly console in extract_kernel
input_data: 0x000000000ed34298
input_len: 0x0000000005cb2752
output: 0x0000000001000000
output_len: 0x0000000011d6fbc0
kernel_total_size: 0x0000000013a26000
needed_size: 0x0000000013c00000
trampoline_32bit: 0x0000000000000000

Decompressing Linux... Parsing ELF... done.
Booting the kernel (entry_offset: 0x000000000000007a).
[    0.000000][    T0] Linux version 6.9.0-rc5-g2f5411bd289f-dirty (root@buildkitsandbox) (gcc (Debian 12.2.0-14+deb12u1) 12.2.0, GNU ld (GNU Binutils for Debian) 2.40) #2 SMP PREEMPT_DYNAMIC Fri May 22 23:53:43 UTC 2026
[    0.000000][    T0] Command line: console=ttyS0 oops=panic panic=86400 nokaslr earlyprintk=serial rdinit=/init
[    0.000000][    T0] KERNEL supported cpus:
[    0.000000][    T0]   Intel GenuineIntel
[    0.000000][    T0]   AMD AuthenticAMD
[    0.000000][    T0] BIOS-provided physical RAM map:
[    0.000000][    T0] BIOS-e820: [mem 0x0000000000000000-0x000000000009fbff] usable
[    0.000000][    T0] BIOS-e820: [mem 0x000000000009fc00-0x000000000009ffff] reserved
[    0.000000][    T0] BIOS-e820: [mem 0x00000000000f0000-0x00000000000fffff] reserved
[    0.000000][    T0] BIOS-e820: [mem 0x0000000000100000-0x000000007ffdffff] usable
[    0.000000][    T0] BIOS-e820: [mem 0x000000007ffe0000-0x000000007fffffff] reserved
[    0.000000][    T0] BIOS-e820: [mem 0x00000000feffc000-0x00000000feffffff] reserved
[    0.000000][    T0] BIOS-e820: [mem 0x00000000fffc0000-0x00000000ffffffff] reserved
[    0.000000][    T0] printk: legacy bootconsole [earlyser0] enabled
[    0.000000][    T0] NX (Execute Disable) protection: active
[    0.000000][    T0] APIC: Static calls initialized
[    0.000000][    T0] SMBIOS 2.8 present.
[    0.000000][    T0] DMI: QEMU Standard PC (i440FX + PIIX, 1996), BIOS 1.16.2-debian-1.16.2-1 04/01/2014
[    0.000000][    T0] Hypervisor detected: KVM
[    0.000000][    T0] kvm-clock: Using msrs 4b564d01 and 4b564d00
[    0.000028][    T0] kvm-clock: using sched offset of 2891639724 cycles
[    0.002881][    T0] clocksource: kvm-clock: mask: 0xffffffffffffffff max_cycles: 0x1cd42e4dffb, max_idle_ns: 881590591483 ns
[    0.012053][    T0] tsc: Detected 2995.200 MHz processor
[    0.024206][    T0] last_pfn = 0x7ffe0 max_arch_pfn = 0x400000000
[    0.028739][    T0] MTRR map: 4 entries (3 fixed + 1 variable; max 19), built from 8 variable MTRRs
[    0.034742][    T0] x86/PAT: Configuration [0-7]: WB  WC  UC- UC  WB  WP  UC- WT  
[    0.050533][    T0] found SMP MP-table at [mem 0x000f5ba0-0x000f5baf]
[    0.055171][    T0] Using GB pages for direct mapping
[    0.057340][    T0] Incomplete global flushes, disabling PCID
[    0.061644][    T0] RAMDISK: [mem 0x7fe88000-0x7ffdffff]
[    0.066462][    T0] ACPI: Early table checksum verification disabled
[    0.070106][    T0] ACPI: RSDP 0x00000000000F59D0 000014 (v00 BOCHS )
[    0.074082][    T0] ACPI: RSDT 0x000000007FFE1B33 000034 (v01 BOCHS  BXPC     00000001 BXPC 00000001)
[    0.078456][    T0] ACPI: FACP 0x000000007FFE19DF 000074 (v01 BOCHS  BXPC     00000001 BXPC 00000001)
[    0.083371][    T0] ACPI: DSDT 0x000000007FFE0040 00199F (v01 BOCHS  BXPC     00000001 BXPC 00000001)
[    0.088361][    T0] ACPI: FACS 0x000000007FFE0000 000040
[    0.091596][    T0] ACPI: APIC 0x000000007FFE1A53 000080 (v01 BOCHS  BXPC     00000001 BXPC 00000001)
[    0.096269][    T0] ACPI: HPET 0x000000007FFE1AD3 000038 (v01 BOCHS  BXPC     00000001 BXPC 00000001)
[    0.102315][    T0] ACPI: WAET 0x000000007FFE1B0B 000028 (v01 BOCHS  BXPC     00000001 BXPC 00000001)
[    0.107211][    T0] ACPI: Reserving FACP table memory at [mem 0x7ffe19df-0x7ffe1a52]
[    0.112086][    T0] ACPI: Reserving DSDT table memory at [mem 0x7ffe0040-0x7ffe19de]
[    0.116722][    T0] ACPI: Reserving FACS table memory at [mem 0x7ffe0000-0x7ffe003f]
[    0.120664][    T0] ACPI: Reserving APIC table memory at [mem 0x7ffe1a53-0x7ffe1ad2]
[    0.124781][    T0] ACPI: Reserving HPET table memory at [mem 0x7ffe1ad3-0x7ffe1b0a]
[    0.131384][    T0] ACPI: Reserving WAET table memory at [mem 0x7ffe1b0b-0x7ffe1b32]
[    0.141243][    T0] No NUMA configuration found
[    0.145915][    T0] Faking a node at [mem 0x0000000000000000-0x000000007ffdffff]
[    0.149116][    T0] NODE_DATA(0) allocated [mem 0x7fe81e00-0x7fe87dff]
[    0.229634][    T0] Zone ranges:
[    0.232323][    T0]   DMA      [mem 0x0000000000001000-0x0000000000ffffff]
[    0.238047][    T0]   DMA32    [mem 0x0000000001000000-0x000000007ffdffff]
[    0.244425][    T0]   Normal   empty
[    0.245734][    T0]   Device   empty
[    0.247031][    T0] Movable zone start for each node
[    0.248850][    T0] Early memory node ranges
[    0.251591][    T0]   node   0: [mem 0x0000000000001000-0x000000000009efff]
[    0.255311][    T0]   node   0: [mem 0x0000000000100000-0x000000007ffdffff]
[    0.258135][    T0] Initmem setup node 0 [mem 0x0000000000001000-0x000000007ffdffff]
[    0.261182][    T0] On node 0, zone DMA: 1 pages in unavailable ranges
[    0.264288][    T0] On node 0, zone DMA: 97 pages in unavailable ranges
[    0.302444][    T0] On node 0, zone DMA32: 32 pages in unavailable ranges
[    1.294637][    T0] kasan: KernelAddressSanitizer initialized
[    1.298647][    T0] ACPI: PM-Timer IO Port: 0x608
[    1.300747][    T0] ACPI: LAPIC_NMI (acpi_id[0xff] dfl dfl lint[0x1])
[    1.304918][    T0] IOAPIC[0]: apic_id 0, version 17, address 0xfec00000, GSI 0-23
[    1.309572][    T0] ACPI: INT_SRC_OVR (bus 0 bus_irq 0 global_irq 2 dfl dfl)
[    1.313998][    T0] ACPI: INT_SRC_OVR (bus 0 bus_irq 5 global_irq 5 high level)
[    1.318552][    T0] ACPI: INT_SRC_OVR (bus 0 bus_irq 9 global_irq 9 high level)
[    1.321514][    T0] ACPI: INT_SRC_OVR (bus 0 bus_irq 10 global_irq 10 high level)
[    1.325328][    T0] ACPI: INT_SRC_OVR (bus 0 bus_irq 11 global_irq 11 high level)
[    1.331734][    T0] ACPI: Using ACPI (MADT) for SMP configuration information
[    1.336277][    T0] ACPI: HPET id: 0x8086a201 base: 0xfed00000
[    1.339015][    T0] TSC deadline timer available
[    1.341446][    T0] CPU topo: Max. logical packages:   1
[    1.344113][    T0] CPU topo: Max. logical dies:       1
[    1.347509][    T0] CPU topo: Max. dies per package:   1
[    1.351963][    T0] CPU topo: Max. threads per core:   1
[    1.356758][    T0] CPU topo: Num. cores per package:     2
[    1.359371][    T0] CPU topo: Num. threads per package:   2
[    1.364416][    T0] CPU topo: Allowing 2 present CPUs plus 0 hotplug CPUs
[    1.369447][    T0] kvm-guest: APIC: eoi() replaced with kvm_guest_apic_eoi_write()
[    1.377556][    T0] kvm-guest: KVM setup pv remote TLB flush
[    1.380729][    T0] kvm-guest: setup PV sched yield
[    1.382754][    T0] PM: hibernation: Registered nosave memory: [mem 0x00000000-0x00000fff]
[    1.388700][    T0] PM: hibernation: Registered nosave memory: [mem 0x0009f000-0x0009ffff]
[    1.398023][    T0] PM: hibernation: Registered nosave memory: [mem 0x000a0000-0x000effff]
[    1.401479][    T0] PM: hibernation: Registered nosave memory: [mem 0x000f0000-0x000fffff]
[    1.404763][    T0] [mem 0x80000000-0xfeffbfff] available for PCI devices
[    1.407443][    T0] Booting paravirtualized kernel on KVM
[    1.413891][    T0] clocksource: refined-jiffies: mask: 0xffffffff max_cycles: 0xffffffff, max_idle_ns: 19112604462750000 ns
[    1.613060][    T0] setup_percpu: NR_CPUS:8 nr_cpumask_bits:2 nr_cpu_ids:2 nr_node_ids:1
[    1.626014][    T0] percpu: Embedded 74 pages/cpu s264264 r8192 d30648 u1048576
[    1.636168][    T0] kvm-guest: PV spinlocks enabled
[    1.643586][    T0] PV qspinlock hash table entries: 256 (order: 0, 4096 bytes, linear)
[    1.659319][    T0] Kernel command line: console=ttyS0 oops=panic panic=86400 nokaslr earlyprintk=serial rdinit=/init
[    1.712545][    T0] random: crng init done
[    1.730462][    T0] Dentry cache hash table entries: 262144 (order: 9, 2097152 bytes, linear)
[    1.747617][    T0] Inode-cache hash table entries: 131072 (order: 8, 1048576 bytes, linear)
[    1.761691][    T0] Fallback order for Node 0: 0 
[    1.761848][    T0] Built 1 zonelists, mobility grouping on.  Total pages: 515808
[    1.774316][    T0] Policy zone: DMA32
[    1.780973][    T0] mem auto-init: stack:all(zero), heap alloc:on, heap free:off
[    1.788025][    T0] stackdepot: allocating hash table via alloc_large_system_hash
[    1.798603][    T0] stackdepot hash table entries: 1048576 (order: 12, 16777216 bytes, linear)
[    2.289024][    T0] Memory: 1415060K/2096632K available (163840K kernel code, 38894K rwdata, 36576K rodata, 25756K init, 33348K bss, 681316K reserved, 0K cma-reserved)
[    2.297341][    T0] SLUB: HWalign=64, Order=0-3, MinObjects=0, CPUs=2, Nodes=1
[    2.320531][    T0] allocated 4194304 bytes of page_ext
[    2.328469][    T0] Dynamic Preempt: full
[    2.334278][    T0] Running RCU self tests
[    2.335938][    T0] Running RCU synchronous self tests
[    2.338677][    T0] rcu: Preemptible hierarchical RCU implementation.
[    2.342014][    T0] rcu: 	RCU lockdep checking is enabled.
[    2.344410][    T0] rcu: 	RCU restricting CPUs from NR_CPUS=8 to nr_cpu_ids=2.
[    2.348465][    T0] rcu: 	RCU callback double-/use-after-free debug is enabled.
[    2.350466][    T0] rcu: 	RCU debug extended QS entry/exit.
[    2.352307][    T0] 	Trampoline variant of Tasks RCU enabled.
[    2.353933][    T0] 	Tracing variant of Tasks RCU enabled.
[    2.355431][    T0] rcu: RCU calculated value of scheduler-enlistment delay is 10 jiffies.
[    2.357685][    T0] rcu: Adjusting geometry for rcu_fanout_leaf=16, nr_cpu_ids=2
[    2.362361][    T0] Running RCU synchronous self tests
[    2.364021][    T0] RCU Tasks: Setting shift to 1 and lim to 1 rcu_task_cb_adjust=1.
[    2.366729][    T0] RCU Tasks Trace: Setting shift to 1 and lim to 1 rcu_task_cb_adjust=1.
[    2.549330][    T0] NR_IRQS: 4352, nr_irqs: 440, preallocated irqs: 16
[    2.555648][    T0] rcu: srcu_init: Setting srcu_struct sizes based on contention.
[    2.560614][    T0] kfence: initialized - using 2097152 bytes for 255 objects at 0x(____ptrval____)-0x(____ptrval____)
[    2.588870][    T0] Console: colour VGA+ 80x25
[    2.592015][    T0] printk: legacy console [ttyS0] enabled
[    2.592015][    T0] printk: legacy console [ttyS0] enabled
[    2.597020][    T0] printk: legacy bootconsole [earlyser0] disabled
[    2.597020][    T0] printk: legacy bootconsole [earlyser0] disabled
[    2.601722][    T0] Lock dependency validator: Copyright (c) 2006 Red Hat, Inc., Ingo Molnar
[    2.606983][    T0] ... MAX_LOCKDEP_SUBCLASSES:  8
[    2.609212][    T0] ... MAX_LOCK_DEPTH:          48
[    2.612128][    T0] ... MAX_LOCKDEP_KEYS:        8192
[    2.616946][    T0] ... CLASSHASH_SIZE:          4096
[    2.627334][    T0] ... MAX_LOCKDEP_ENTRIES:     131072
[    2.631063][    T0] ... MAX_LOCKDEP_CHAINS:      262144
[    2.637635][    T0] ... CHAINHASH_SIZE:          131072
[    2.644135][    T0]  memory used by lock dependency info: 20721 kB
[    2.649333][    T0]  memory used for stack traces: 8320 kB
[    2.651189][    T0]  per task-struct memory footprint: 1920 bytes
[    2.653778][    T0] ACPI: Core revision 20230628
[    2.658549][    T0] clocksource: hpet: mask: 0xffffffff max_cycles: 0xffffffff, max_idle_ns: 19112604467 ns
[    2.666010][    T0] APIC: Switch to symmetric I/O mode setup
[    2.669588][    T0] x2apic enabled
[    2.673502][    T0] APIC: Switched APIC routing to: physical x2apic
[    2.677794][    T0] kvm-guest: APIC: send_IPI_mask() replaced with kvm_send_ipi_mask()
[    2.680311][    T0] kvm-guest: APIC: send_IPI_mask_allbutself() replaced with kvm_send_ipi_mask_allbutself()
[    2.688324][    T0] kvm-guest: setup PV IPIs
[    2.699353][    T0] ..TIMER: vector=0x30 apic1=0 pin1=2 apic2=-1 pin2=-1
[    2.701478][    T0] clocksource: tsc-early: mask: 0xffffffffffffffff max_cycles: 0x2b2c8ec87c7, max_idle_ns: 440795278598 ns
[    2.709160][    T0] Calibrating delay loop (skipped) preset value.. 5990.40 BogoMIPS (lpj=29952000)
[    2.720365][    T0] x86/cpu: User Mode Instruction Prevention (UMIP) activated
[    2.724466][    T0] Last level iTLB entries: 4KB 0, 2MB 0, 4MB 0
[    2.727461][    T0] Last level dTLB entries: 4KB 0, 2MB 0, 4MB 0, 1GB 0
[    2.729332][    T0] Spectre V1 : Mitigation: usercopy/swapgs barriers and __user pointer sanitization
[    2.733427][    T0] Spectre V2 : WARNING: Unprivileged eBPF is enabled with eIBRS on, data leaks possible via Spectre v2 BHB attacks!
[    2.739284][    T0] Spectre V2 : Spectre BHI mitigation: SW BHB clearing on vm exit
[    2.741761][    T0] Spectre V2 : Spectre BHI mitigation: SW BHB clearing on syscall
[    2.744190][    T0] Spectre V2 : Mitigation: Enhanced / Automatic IBRS
[    2.746272][    T0] Spectre V2 : Spectre v2 / SpectreRSB mitigation: Filling RSB on context switch
[    2.749145][    T0] Spectre V2 : Spectre v2 / PBRSB-eIBRS: Retire a single CALL on VMEXIT
[    2.759384][    T0] RETBleed: Mitigation: Enhanced IBRS
[    2.769217][    T0] Spectre V2 : mitigation: Enabling conditional Indirect Branch Prediction Barrier
[    2.772321][    T0] Speculative Store Bypass: Mitigation: Speculative Store Bypass disabled via prctl
[    2.775767][    T0] MMIO Stale Data: Unknown: No mitigations
[    2.777845][    T0] Register File Data Sampling: Vulnerable: No microcode
[    2.782898][    T0] x86/fpu: Supporting XSAVE feature 0x001: 'x87 floating point registers'
[    2.787802][    T0] x86/fpu: Supporting XSAVE feature 0x002: 'SSE registers'
[    2.789337][    T0] x86/fpu: Supporting XSAVE feature 0x004: 'AVX registers'
[    2.793068][    T0] x86/fpu: xstate_offset[2]:  576, xstate_sizes[2]:  256
[    2.799343][    T0] x86/fpu: Enabled xstate features 0x7, context size is 832 bytes, using 'compacted' format.
[    3.130863][    T0] Freeing SMP alternatives memory: 124K
[    3.133657][    T0] pid_max: default: 32768 minimum: 301
[    3.142874][    T0] LSM: initializing lsm=lockdown,capability,landlock,yama,safesetid,tomoyo,apparmor,bpf,ima,evm
[    3.161539][    T0] landlock: Up and running.
[    3.169358][    T0] Yama: becoming mindful.
[    3.187333][    T0] TOMOYO Linux initialized
[    3.205273][    T0] AppArmor: AppArmor initialized
[    3.210712][    T0] LSM support for eBPF active
[    3.219824][    T0] Mount-cache hash table entries: 4096 (order: 3, 32768 bytes, linear)
[    3.224225][    T0] Mountpoint-cache hash table entries: 4096 (order: 3, 32768 bytes, linear)
[    3.237486][    T0] Running RCU synchronous self tests
[    3.239403][    T0] Running RCU synchronous self tests
[    3.250645][    T1] smpboot: CPU0: 13th Gen Intel(R) Core(TM) i9-13900H (family: 0x6, model: 0xba, stepping: 0x2)
[    3.279356][    T1] Running RCU Tasks wait API self tests
[    3.389562][    T1] Running RCU Tasks Trace wait API self tests
[    3.394402][    T1] Performance Events: unsupported p6 CPU model 186 no PMU driver, software events only.
[    3.400040][    T1] signal: max sigframe size: 1776
[    3.407282][    T1] rcu: Hierarchical SRCU implementation.
[    3.409218][   T14] Callback from call_rcu_tasks_trace() invoked.
[    3.412469][    T1] rcu: 	Max phase no-delay instances is 1000.
[    3.440773][    T1] NMI watchdog: Perf NMI watchdog permanently disabled
[    3.449357][    T1] smp: Bringing up secondary CPUs ...
[    3.472318][    T1] smpboot: x86: Booting SMP configuration:
[    3.474589][    T1] .... node  #0, CPUs:      #1
[    3.480935][    T1] smp: Brought up 1 node, 2 CPUs
[    3.483856][    T1] smpboot: Total of 2 processors activated (11980.80 BogoMIPS)
[    3.512423][    T1] devtmpfs: initialized
[    3.513215][    T1] x86/mm: Memory block size: 128MB
[    3.561152][    T1] Running RCU synchronous self tests
[    3.567210][    T1] Running RCU synchronous self tests
[    3.570249][    T1] clocksource: jiffies: mask: 0xffffffff max_cycles: 0xffffffff, max_idle_ns: 19112604462750000 ns
[    3.575902][    T1] futex hash table entries: 512 (order: 4, 65536 bytes, linear)
[    3.600504][    T1] PM: RTC time: 23:55:29, date: 2026-05-22
[    3.613297][    T1] NET: Registered PF_NETLINK/PF_ROUTE protocol family
[    3.620810][    T1] audit: initializing netlink subsys (disabled)
[    3.623223][   T13] Callback from call_rcu_tasks() invoked.
[    3.625472][   T28] audit: type=2000 audit(1779494130.421:1): state=initialized audit_enabled=0 res=1
[    3.628865][    T1] thermal_sys: Registered thermal governor 'step_wise'
[    3.628865][    T1] thermal_sys: Registered thermal governor 'user_space'
[    3.629868][    T1] cpuidle: using governor menu
[    3.644007][    T1] NET: Registered PF_QIPCRTR protocol family
[    3.655305][    T1] dca service started, version 1.12.1
[    3.658524][    T1] PCI: Using configuration type 1 for base access
[    3.674820][    T1] HugeTLB: registered 1.00 GiB page size, pre-allocated 0 pages
[    3.679407][    T1] HugeTLB: 16380 KiB vmemmap can be freed for a 1.00 GiB page
[    3.683224][    T1] HugeTLB: registered 2.00 MiB page size, pre-allocated 0 pages
[    3.687287][    T1] HugeTLB: 28 KiB vmemmap can be freed for a 2.00 MiB page
[    3.693583][    T1] Demotion targets for Node 0: null
[    3.700350][    T1] cryptd: max_cpu_qlen set to 1000
[    3.716416][    T1] raid6: skipped pq benchmark and selected avx2x4
[    3.719235][    T1] raid6: using avx2x2 recovery algorithm
[    3.735511][    T1] ACPI: Added _OSI(Module Device)
[    3.737838][    T1] ACPI: Added _OSI(Processor Device)
[    3.739235][    T1] ACPI: Added _OSI(3.0 _SCP Extensions)
[    3.742453][    T1] ACPI: Added _OSI(Processor Aggregator Device)
[    3.841494][    T1] ACPI: 1 ACPI AML tables successfully acquired and loaded
[    3.861294][    T1] ACPI: _OSC evaluation for CPUs failed, trying _PDC
[    3.875450][    T1] ACPI: Interpreter enabled
[    3.878146][    T1] ACPI: PM: (supports S0 S3 S4 S5)
[    3.879245][    T1] ACPI: Using IOAPIC for interrupt routing
[    3.884648][    T1] PCI: Using host bridge windows from ACPI; if necessary, use "pci=nocrs" and report a bug
[    3.889249][    T1] PCI: Using E820 reservations for host bridge windows
[    3.902722][    T1] ACPI: Enabled 2 GPEs in block 00 to 0F
[    4.100972][    T1] ACPI: PCI Root Bridge [PCI0] (domain 0000 [bus 00-ff])
[    4.106267][    T1] acpi PNP0A03:00: _OSC: OS supports [ASPM ClockPM Segments MSI HPX-Type3]
[    4.109173][    T1] acpi PNP0A03:00: _OSC: not requesting OS control; OS requires [ExtendedConfig ASPM ClockPM MSI]
[    4.115737][    T1] acpi PNP0A03:00: fail to add MMCONFIG information, can't access extended configuration space under this bridge
[    4.123571][    T1] PCI host bridge to bus 0000:00
[    4.125797][    T1] pci_bus 0000:00: root bus resource [io  0x0000-0x0cf7 window]
[    4.129214][    T1] pci_bus 0000:00: root bus resource [io  0x0d00-0xffff window]
[    4.133119][    T1] pci_bus 0000:00: root bus resource [mem 0x000a0000-0x000bffff window]
[    4.136922][    T1] pci_bus 0000:00: root bus resource [mem 0x80000000-0xfebfffff window]
[    4.139854][    T1] pci_bus 0000:00: root bus resource [mem 0x100000000-0x17fffffff window]
[    4.144127][    T1] pci_bus 0000:00: root bus resource [bus 00-ff]
[    4.148222][    T1] pci 0000:00:00.0: [8086:1237] type 00 class 0x060000 conventional PCI endpoint
[    4.228656][    T1] pci 0000:00:01.0: [8086:7000] type 00 class 0x060100 conventional PCI endpoint
[    4.298099][    T1] pci 0000:00:01.1: [8086:7010] type 00 class 0x010180 conventional PCI endpoint
[    4.302804][    T1] pci 0000:00:01.1: BAR 4 [io  0xc000-0xc00f]
[    4.310317][    T1] pci 0000:00:01.1: BAR 0 [io  0x01f0-0x01f7]: legacy IDE quirk
[    4.313788][    T1] pci 0000:00:01.1: BAR 1 [io  0x03f6]: legacy IDE quirk
[    4.316856][    T1] pci 0000:00:01.1: BAR 2 [io  0x0170-0x0177]: legacy IDE quirk
[    4.319163][    T1] pci 0000:00:01.1: BAR 3 [io  0x0376]: legacy IDE quirk
[    4.325138][    T1] pci 0000:00:01.3: [8086:7113] type 00 class 0x068000 conventional PCI endpoint
[    4.331406][    T1] pci 0000:00:01.3: quirk: [io  0x0600-0x063f] claimed by PIIX4 ACPI
[    4.335107][    T1] pci 0000:00:01.3: quirk: [io  0x0700-0x070f] claimed by PIIX4 SMB
[    4.339573][    T1] pci 0000:00:02.0: [1234:1111] type 00 class 0x030000 conventional PCI endpoint
[    4.350214][    T1] pci 0000:00:02.0: BAR 0 [mem 0xfd000000-0xfdffffff pref]
[    4.359993][    T1] pci 0000:00:02.0: BAR 2 [mem 0xfebf0000-0xfebf0fff]
[    4.377370][    T1] pci 0000:00:02.0: ROM [mem 0xfebe0000-0xfebeffff pref]
[    4.382165][    T1] pci 0000:00:02.0: Video device with shadowed ROM at [mem 0x000c0000-0x000dffff]
[    4.489362][    T1] ACPI: PCI: Interrupt link LNKA configured for IRQ 10
[    4.503040][    T1] ACPI: PCI: Interrupt link LNKB configured for IRQ 10
[    4.514067][    T1] ACPI: PCI: Interrupt link LNKC configured for IRQ 11
[    4.531524][    T1] ACPI: PCI: Interrupt link LNKD configured for IRQ 11
[    4.539719][    T1] ACPI: PCI: Interrupt link LNKS configured for IRQ 9
[    4.589256][    T1] iommu: Default domain type: Translated
[    4.595334][    T1] iommu: DMA domain TLB invalidation policy: lazy mode
[    4.621407][    T1] SCSI subsystem initialized
[    4.627058][    T1] ACPI: bus type USB registered
[    4.630774][    T1] usbcore: registered new interface driver usbfs
[    4.636009][    T1] usbcore: registered new interface driver hub
[    4.639683][    T1] usbcore: registered new device driver usb
[    4.645431][    T1] mc: Linux media interface: v0.10
[    4.649778][    T1] videodev: Linux video capture interface: v2.00
[    4.655066][    T1] pps_core: LinuxPPS API ver. 1 registered
[    4.657899][    T1] pps_core: Software ver. 5.3.6 - Copyright 2005-2007 Rodolfo Giometti <giometti@linux.it>
[    4.659369][    T1] PTP clock support registered
[    4.679947][    T1] EDAC MC: Ver: 3.0.0
[    4.695334][    T1] Advanced Linux Sound Architecture Driver Initialized.
[    4.707217][    T1] Bluetooth: Core ver 2.22
[    4.709770][    T1] NET: Registered PF_BLUETOOTH protocol family
[    4.714955][    T1] Bluetooth: HCI device and connection manager initialized
[    4.718158][    T1] Bluetooth: HCI socket layer initialized
[    4.719296][    T1] Bluetooth: L2CAP socket layer initialized
[    4.723493][    T1] Bluetooth: SCO socket layer initialized
[    4.726341][    T1] NET: Registered PF_ATMPVC protocol family
[    4.729335][    T1] NET: Registered PF_ATMSVC protocol family
[    4.735113][    T1] NetLabel: Initializing
[    4.737381][    T1] NetLabel:  domain hash size = 128
[    4.739260][    T1] NetLabel:  protocols = UNLABELED CIPSOv4 CALIPSO
[    4.744884][    T1] NetLabel:  unlabeled traffic allowed by default
[    4.753292][    T1] nfc: nfc_init: NFC Core ver 0.1
[    4.755542][    T1] NET: Registered PF_NFC protocol family
[    4.757636][    T1] PCI: Using ACPI for IRQ routing
[    4.760602][    T1] pci 0000:00:02.0: vgaarb: setting as boot VGA device
[    4.763005][    T1] pci 0000:00:02.0: vgaarb: bridge control possible
[    4.767618][    T1] pci 0000:00:02.0: vgaarb: VGA device added: decodes=io+mem,owns=io+mem,locks=none
[    4.769366][    T1] vgaarb: loaded
[    4.783252][    T1] hpet0: at MMIO 0xfed00000, IRQs 2, 8, 0
[    4.786055][    T1] hpet0: 3 comparators, 64-bit 100.000000 MHz counter
[    4.795470][    T1] clocksource: Switched to clocksource kvm-clock
[    4.815971][    T1] VFS: Disk quotas dquot_6.6.0
[    4.829559][    T1] VFS: Dquot-cache hash table entries: 512 (order 0, 4096 bytes)
[    4.850448][    T1] netfs: FS-Cache loaded
[    4.859885][    T1] CacheFiles: Loaded
[    4.862389][    T1] TOMOYO: 2.6.0
[    4.863948][    T1] Mandatory Access Control activated.
[    4.871921][    T1] AppArmor: AppArmor Filesystem Enabled
[    4.875745][    T1] pnp: PnP ACPI init
[    4.903393][    T1] pnp: PnP ACPI: found 6 devices
[    5.047571][    T1] clocksource: acpi_pm: mask: 0xffffff max_cycles: 0xffffff, max_idle_ns: 2085701024 ns
[    5.056324][    T1] NET: Registered PF_INET protocol family
[    5.090267][    T1] IP idents hash table entries: 32768 (order: 6, 262144 bytes, linear)
[    5.116590][    T1] tcp_listen_portaddr_hash hash table entries: 1024 (order: 4, 73728 bytes, linear)
[    5.123709][    T1] Table-perturb hash table entries: 65536 (order: 6, 262144 bytes, linear)
[    5.128571][    T1] TCP established hash table entries: 16384 (order: 5, 131072 bytes, linear)
[    5.145707][    T1] TCP bind hash table entries: 16384 (order: 9, 2359296 bytes, linear)
[    5.154406][    T1] TCP: Hash tables configured (established 16384 bind 16384)
[    5.167548][    T1] MPTCP token hash table entries: 2048 (order: 5, 180224 bytes, linear)
[    5.172090][    T1] UDP hash table entries: 1024 (order: 5, 163840 bytes, linear)
[    5.178236][    T1] UDP-Lite hash table entries: 1024 (order: 5, 163840 bytes, linear)
[    5.185993][    T1] NET: Registered PF_UNIX/PF_LOCAL protocol family
[    5.195594][    T1] RPC: Registered named UNIX socket transport module.
[    5.199291][    T1] RPC: Registered udp transport module.
[    5.202431][    T1] RPC: Registered tcp transport module.
[    5.205161][    T1] RPC: Registered tcp-with-tls transport module.
[    5.207098][    T1] RPC: Registered tcp NFSv4.1 backchannel transport module.
[    5.216235][    T1] NET: Registered PF_XDP protocol family
[    5.219563][    T1] pci_bus 0000:00: resource 4 [io  0x0000-0x0cf7 window]
[    5.223027][    T1] pci_bus 0000:00: resource 5 [io  0x0d00-0xffff window]
[    5.229259][    T1] pci_bus 0000:00: resource 6 [mem 0x000a0000-0x000bffff window]
[    5.234119][    T1] pci_bus 0000:00: resource 7 [mem 0x80000000-0xfebfffff window]
[    5.237074][    T1] pci_bus 0000:00: resource 8 [mem 0x100000000-0x17fffffff window]
[    5.244795][    T1] pci 0000:00:01.0: PIIX3: Enabling Passive Release
[    5.247916][    T1] pci 0000:00:00.0: Limiting direct PCI/PCI transfers
[    5.252157][    T1] PCI: CLS 0 bytes, default 64
[    5.259567][    T1] ACPI: bus type thunderbolt registered
[    5.272142][    T1] RAPL PMU: API unit is 2^-32 Joules, 0 fixed counters, 10737418240 ms ovfl timer
[    5.283096][   T12] Trying to unpack rootfs image as initramfs...
[    5.352392][    T1] kvm_amd: CPU 0 isn't AMD or Hygon
[    5.355157][    T1] clocksource: tsc: mask: 0xffffffffffffffff max_cycles: 0x2b2c8ec87c7, max_idle_ns: 440795278598 ns
[    5.595979][   T12] Freeing initrd memory: 1376K
[    5.601527][   T79] kworker/u8:3 (79) used greatest stack depth: 28368 bytes left
[    5.604941][   T67] kworker/u8:4 (67) used greatest stack depth: 27664 bytes left
[    8.054744][    T1] Initialise system trusted keyrings
[    8.058478][    T1] workingset: timestamp_bits=40 max_order=19 bucket_order=0
[    8.070354][    T1] DLM installed
[    8.077848][    T1] squashfs: version 4.0 (2009/01/31) Phillip Lougher
[    8.086164][    T1] NFS: Registering the id_resolver key type
[    8.094562][    T1] Key type id_resolver registered
[    8.096191][    T1] Key type id_legacy registered
[    8.098144][    T1] nfs4filelayout_init: NFSv4 File Layout Driver Registering...
[    8.101276][    T1] nfs4flexfilelayout_init: NFSv4 Flexfile Layout Driver Registering...
[    8.122901][    T1] Key type cifs.spnego registered
[    8.129857][    T1] Key type cifs.idmap registered
[    8.132338][    T1] ntfs3: Max link count 4000
[    8.136516][    T1] ntfs3: Enabled Linux POSIX ACLs support
[    8.142296][    T1] ntfs3: Read-only LZX/Xpress compression included
[    8.148248][    T1] efs: 1.0a - http://aeschi.ch.eu.org/efs/
[    8.150698][    T1] jffs2: version 2.2. (NAND) (SUMMARY)  © 2001-2006 Red Hat, Inc.
[    8.155301][    T1] romfs: ROMFS MTD (C) 2007 Red Hat, Inc.
[    8.161910][    T1] QNX4 filesystem 0.2.3 registered.
[    8.165985][    T1] qnx6: QNX6 filesystem 1.0.0 registered.
[    8.173246][    T1] fuse: init (API version 7.40)
[    8.177798][    T1] orangefs_debugfs_init: called with debug mask: :none: :0:
[    8.184172][    T1] orangefs_init: module version upstream loaded
[    8.186773][    T1] JFS: nTxBlock = 8192, nTxLock = 65536
[    8.223566][    T1] SGI XFS with ACLs, security attributes, realtime, quota, no debug enabled
[    8.243321][    T1] 9p: Installing v9fs 9p2000 file system support
[    8.248534][    T1] NILFS version 2 loaded
[    8.250479][    T1] befs: version: 0.9.3
[    8.255057][    T1] ocfs2: Registered cluster interface o2cb
[    8.259340][    T1] ocfs2: Registered cluster interface user
[    8.262761][    T1] OCFS2 User DLM kernel interface loaded
[    8.282280][    T1] gfs2: GFS2 installed
[    8.297782][    T1] ceph: loaded (mds proto 32)
[    8.324249][    T1] NET: Registered PF_ALG protocol family
[    8.327312][    T1] xor: automatically using best checksumming function   avx       
[    8.332524][    T1] async_tx: api initialized (async)
[    8.336396][    T1] Key type asymmetric registered
[    8.340609][    T1] Asymmetric key parser 'x509' registered
[    8.344087][    T1] Asymmetric key parser 'pkcs8' registered
[    8.350036][    T1] Key type pkcs7_test registered
[    8.353817][    T1] Block layer SCSI generic (bsg) driver version 0.4 loaded (major 239)
[    8.361818][    T1] io scheduler mq-deadline registered
[    8.365355][    T1] io scheduler kyber registered
[    8.370872][    T1] io scheduler bfq registered
[    8.388249][    T1] input: Power Button as /devices/LNXSYSTM:00/LNXPWRBN:00/input/input0
[    8.398258][    T1] ACPI: button: Power Button [PWRF]
[    8.402475][  T146] kworker/u8:0 (146) used greatest stack depth: 27536 bytes left
[    8.414217][    T1] ioatdma: Intel(R) QuickData Technology Driver 5.00
[    8.691712][  T480] kworker/u8:6 (480) used greatest stack depth: 27328 bytes left
[    8.932375][    T1] N_HDLC line discipline registered with maxframe=4096
[    8.935181][    T1] Serial: 8250/16550 driver, 4 ports, IRQ sharing enabled
[    8.945296][    T1] 00:04: ttyS0 at I/O 0x3f8 (irq = 4, base_baud = 115200) is a 16550A
[    8.984727][    T1] Non-volatile memory driver v1.3
[    8.987941][    T1] Linux agpgart interface v0.103
[    9.001479][    T1] ACPI: bus type drm_connector registered
[    9.015983][    T1] [drm] Initialized vgem 1.0.0 20120112 for vgem on minor 0
[    9.033801][    T1] [drm] Initialized vkms 1.0.0 20180514 for vkms on minor 1
[    9.118002][    T1] Console: switching to colour frame buffer device 128x48
[    9.150487][    T1] platform vkms: [drm] fb0: vkmsdrmfb frame buffer device
[    9.154939][    T1] usbcore: registered new interface driver udl
[    9.161745][    T1] bochs-drm 0000:00:02.0: vgaarb: deactivate vga console
[    9.174542][    T1] [drm] Found bochs VGA, ID 0xb0c5.
[    9.176923][    T1] [drm] Framebuffer size 16384 kB @ 0xfd000000, mmio @ 0xfebf0000.
[    9.194582][    T1] [drm] Found EDID data blob.
[    9.202548][    T1] [drm] Initialized bochs-drm 1.0.0 20130925 for 0000:00:02.0 on minor 2
[    9.219038][    T1] fbcon: bochs-drmdrmfb (fb1) is primary device
[    9.219519][    T1] fbcon: Remapping primary device, fb1, to tty 1-63
[   10.135676][    T1] bochs-drm 0000:00:02.0: [drm] fb1: bochs-drmdrmfb frame buffer device
[   10.273410][    T1] brd: module loaded
[   10.402912][    T1] loop: module loaded
[   10.748858][    T1] zram: Added device: zram0
[   10.769781][    T1] null_blk: disk nullb0 created
[   10.772225][    T1] null_blk: module loaded
[   10.778490][    T1] Guest personality initialized and is inactive
[   10.786952][    T1] VMCI host device registered (name=vmci, major=10, minor=118)
[   10.791145][    T1] Initialized host personality
[   10.795184][    T1] usbcore: registered new interface driver rtsx_usb
[   10.801928][    T1] usbcore: registered new interface driver viperboard
[   10.806658][    T1] usbcore: registered new interface driver dln2
[   10.811332][    T1] usbcore: registered new interface driver pn533_usb
[   10.822580][    T1] nfcsim 0.2 initialized
[   10.824705][    T1] usbcore: registered new interface driver port100
[   10.828055][    T1] usbcore: registered new interface driver nfcmrvl
[   10.845665][    T1] Loading iSCSI transport class v2.0-870.
[   10.863808][    T1] st: Version 20160209, fixed bufsize 32768, s/g segs 256
[   10.926560][    T1] scsi host0: ata_piix
[   10.945993][    T1] scsi host1: ata_piix
[   10.956554][    T1] ata1: PATA max MWDMA2 cmd 0x1f0 ctl 0x3f6 bmdma 0xc000 irq 14 lpm-pol 0
[   10.964002][    T1] ata2: PATA max MWDMA2 cmd 0x170 ctl 0x376 bmdma 0xc008 irq 15 lpm-pol 0
[   10.982123][    T1] Rounding down aligned max_sectors from 4294967295 to 4294967288
[   10.989984][    T1] db_root: cannot open: /etc/target
[   11.002037][    T1] slram: not enough parameters.
[   11.020301][    T1] ftl_cs: FTL header not found.
[   11.072323][    T1] wireguard: WireGuard 1.0.0 loaded. See www.wireguard.com for information.
[   11.076425][    T1] wireguard: Copyright (C) 2015-2019 Jason A. Donenfeld <Jason@zx2c4.com>. All Rights Reserved.
[   11.081498][    T1] eql: Equalizer2002: Simon Janes (simon@ncm.com) and David S. Miller (davem@redhat.com)
[   11.100996][    T1] MACsec IEEE 802.1AE
[   11.114235][    T1] tun: Universal TUN/TAP device driver, 1.6
[   11.118827][    T1] vcan: Virtual CAN interface driver
[   11.121311][    T1] vxcan: Virtual CAN Tunnel driver
[   11.124278][    T1] slcan: serial line CAN interface driver
[   11.128132][    T1] CAN device driver interface
[   11.130912][    T1] usbcore: registered new interface driver usb_8dev
[   11.136608][    T1] usbcore: registered new interface driver ems_usb
[   11.141539][    T1] usbcore: registered new interface driver gs_usb
[   11.145068][    T1] usbcore: registered new interface driver kvaser_usb
[   11.148913][    T1] usbcore: registered new interface driver mcba_usb
[   11.153126][  T991] ata2: found unknown device (class 0)
[   11.158230][    T1] usbcore: registered new interface driver peak_usb
[   11.165491][  T991] ata2.00: ATAPI: QEMU DVD-ROM, 2.5+, max UDMA/100
[   11.166653][    T1] e100: Intel(R) PRO/100 Network Driver
[   11.172607][    T1] e100: Copyright(c) 1999-2006 Intel Corporation
[   11.176681][    T1] e1000: Intel(R) PRO/1000 Network Driver
[   11.178871][    T1] e1000: Copyright (c) 1999-2006 Intel Corporation.
[   11.182846][    T1] e1000e: Intel(R) PRO/1000 Network Driver
[   11.185983][    T1] e1000e: Copyright(c) 1999 - 2015 Intel Corporation.
[   11.219617][    T1] mkiss: AX.25 Multikiss, Hans Albas PE1AYX
[   11.221842][   T10] scsi 1:0:0:0: CD-ROM            QEMU     QEMU DVD-ROM     2.5+ PQ: 0 ANSI: 5
[   11.222815][    T1] AX.25: 6pack driver, Revision: 0.3.0
[   11.234864][    T1] AX.25: bpqether driver version 004
[   11.237173][    T1] PPP generic driver version 2.4.2
[   11.244854][    T1] PPP BSD Compression module registered
[   11.248148][    T1] PPP Deflate Compression module registered
[   11.251432][    T1] PPP MPPE Compression module registered
[   11.254302][    T1] NET: Registered PF_PPPOX protocol family
[   11.258079][    T1] PPTP driver version 0.8.5
[   11.261730][    T1] SLIP: version 0.8.4-NET3.019-NEWTTY (dynamic channels, max=256) (6 bit encapsulation enabled).
[   11.266950][    T1] CSLIP: code copyright 1989 Regents of the University of California.
[   11.274870][    T1] SLIP linefill/keepalive option.
[   11.278248][    T1] hdlc: HDLC support module revision 1.22
[   11.281529][    T1] LAPB Ethernet driver version 0.02
[   11.288650][    T1] usbcore: registered new interface driver ath9k_htc
[   11.293614][    T1] usbcore: registered new interface driver carl9170
[   11.296183][    T1] usbcore: registered new interface driver ath6kl_usb
[   11.302888][    T1] usbcore: registered new interface driver ar5523
[   11.306871][    T1] usbcore: registered new interface driver ath10k_usb
[   11.312121][    T1] mac80211_hwsim: initializing netlink
[   11.359228][    T1] usbcore: registered new interface driver atusb
[   11.379437][   T10] sr 1:0:0:0: [sr0] scsi3-mmc drive: 4x/4x cd/rw xa/form2 tray
[   11.384739][   T10] cdrom: Uniform CD-ROM driver Revision: 3.20
[   11.418928][    T1] mac802154_hwsim mac802154_hwsim: Added 2 mac802154 hwsim hardware radios
[   11.426318][    T1] VMware vmxnet3 virtual NIC driver - version 1.7.0.0-k-NAPI
[   11.434468][    T1] usbcore: registered new interface driver catc
[   11.443395][    T1] usbcore: registered new interface driver kaweth
[   11.446392][    T1] pegasus: Pegasus/Pegasus II USB Ethernet driver
[   11.450764][    T1] usbcore: registered new interface driver pegasus
[   11.460878][    T1] usbcore: registered new interface driver rtl8150
[   11.466181][    T1] usbcore: registered new device driver r8152-cfgselector
[   11.475022][    T1] usbcore: registered new interface driver r8152
[   11.479052][    T1] usbcore: registered new interface driver hso
[   11.483940][    T1] usbcore: registered new interface driver lan78xx
[   11.486549][   T10] sr 1:0:0:0: Attached scsi generic sg0 type 5
[   11.487111][    T1] usbcore: registered new interface driver asix
[   11.498324][    T1] usbcore: registered new interface driver ax88179_178a
[   11.502584][    T1] usbcore: registered new interface driver cdc_ether
[   11.506910][    T1] usbcore: registered new interface driver cdc_eem
[   11.512153][    T1] usbcore: registered new interface driver dm9601
[   11.516926][    T1] usbcore: registered new interface driver sr9700
[   11.520060][    T1] usbcore: registered new interface driver CoreChips
[   11.522477][    T1] usbcore: registered new interface driver smsc75xx
[   11.525441][    T1] usbcore: registered new interface driver smsc95xx
[   11.530847][    T1] usbcore: registered new interface driver gl620a
[   11.536237][    T1] usbcore: registered new interface driver net1080
[   11.539321][    T1] usbcore: registered new interface driver plusb
[   11.542647][    T1] usbcore: registered new interface driver rndis_host
[   11.547766][    T1] usbcore: registered new interface driver cdc_subset
[   11.555488][    T1] usbcore: registered new interface driver zaurus
[   11.557483][    T1] usbcore: registered new interface driver MOSCHIP usb-ethernet driver
[   11.561791][    T1] usbcore: registered new interface driver int51x1
[   11.564300][    T1] usbcore: registered new interface driver cdc_phonet
[   11.568678][    T1] usbcore: registered new interface driver kalmia
[   11.574840][    T1] usbcore: registered new interface driver ipheth
[   11.578130][    T1] usbcore: registered new interface driver sierra_net
[   11.585400][    T1] usbcore: registered new interface driver cx82310_eth
[   11.595027][    T1] usbcore: registered new interface driver cdc_ncm
[   11.601865][    T1] usbcore: registered new interface driver huawei_cdc_ncm
[   11.605781][    T1] usbcore: registered new interface driver lg-vl600
[   11.611077][    T1] usbcore: registered new interface driver qmi_wwan
[   11.615293][    T1] usbcore: registered new interface driver cdc_mbim
[   11.618175][    T1] usbcore: registered new interface driver ch9200
[   11.622606][    T1] usbcore: registered new interface driver r8153_ecm
[   11.639400][    T1] VFIO - User Level meta-driver version: 0.3
[   11.648201][    T1] aoe: AoE v85 initialised.
[   11.655413][ T1235] aoe: packet could not be sent on lo.  consider increasing tx_queue_len
[   11.664963][ T1235] aoe: packet could not be sent on bond0.  consider increasing tx_queue_len
[   11.668453][ T1235] aoe: packet could not be sent on dummy0.  consider increasing tx_queue_len
[   11.678273][ T1235] aoe: packet could not be sent on eql.  consider increasing tx_queue_len
[   11.682434][    T1] SPI driver max3421-hcd has no spi_device_id for maxim,max3421
[   11.683439][    T1] usbcore: registered new interface driver cdc_acm
[   11.686072][ T1235] aoe: packet could not be sent on ifb0.  consider increasing tx_queue_len
[   11.689036][    T1] cdc_acm: USB Abstract Control Model driver for USB modems and ISDN adapters
[   11.692161][ T1235] aoe: packet could not be sent on ifb1.  consider increasing tx_queue_len
[   11.692220][ T1235] aoe: packet could not be sent on wlan0.  consider increasing tx_queue_len
[   11.692251][ T1235] aoe: packet could not be sent on wlan1.  consider increasing tx_queue_len
[   11.692271][ T1235] aoe: packet could not be sent on hwsim0.  consider increasing tx_queue_len
[   11.692291][ T1235] aoe: packet could not be sent on wpan0.  consider increasing tx_queue_len
[   11.716397][    T1] usbcore: registered new interface driver usblp
[   11.724378][    T1] usbcore: registered new interface driver cdc_wdm
[   11.726558][    T1] usbcore: registered new interface driver usbtmc
[   11.730391][    T1] usbcore: registered new interface driver uas
[   11.733045][    T1] usbcore: registered new interface driver usb-storage
[   11.736858][    T1] usbcore: registered new interface driver ums-alauda
[   11.740449][    T1] usbcore: registered new interface driver ums-cypress
[   11.743124][    T1] usbcore: registered new interface driver ums-datafab
[   11.745326][    T1] usbcore: registered new interface driver ums_eneub6250
[   11.748744][    T1] usbcore: registered new interface driver ums-freecom
[   11.752228][    T1] usbcore: registered new interface driver ums-isd200
[   11.758324][    T1] usbcore: registered new interface driver ums-jumpshot
[   11.762065][    T1] usbcore: registered new interface driver ums-karma
[   11.765580][    T1] usbcore: registered new interface driver ums-onetouch
[   11.774257][    T1] usbcore: registered new interface driver ums-realtek
[   11.780664][    T1] usbcore: registered new interface driver ums-sddr09
[   11.785092][    T1] usbcore: registered new interface driver ums-sddr55
[   11.793512][    T1] usbcore: registered new interface driver ums-usbat
[   11.800924][    T1] usbcore: registered new interface driver mdc800
[   11.805475][    T1] mdc800: v0.7.5 (30/10/2000):USB Driver for Mustek MDC800 Digital Camera
[   11.811133][    T1] usbcore: registered new interface driver microtekX6
[   11.817649][    T1] usbcore: registered new interface driver usbserial_generic
[   11.822932][    T1] usbserial: USB Serial support registered for generic
[   11.828403][    T1] usbcore: registered new interface driver aircable
[   11.831359][    T1] usbserial: USB Serial support registered for aircable
[   11.833748][    T1] usbcore: registered new interface driver ark3116
[   11.835987][    T1] usbserial: USB Serial support registered for ark3116
[   11.838660][    T1] usbcore: registered new interface driver belkin_sa
[   11.841764][    T1] usbserial: USB Serial support registered for Belkin / Peracom / GoHubs USB Serial Adapter
[   11.845794][    T1] usbcore: registered new interface driver ch341
[   11.850106][    T1] usbserial: USB Serial support registered for ch341-uart
[   11.853677][    T1] usbcore: registered new interface driver cp210x
[   11.856314][    T1] usbserial: USB Serial support registered for cp210x
[   11.859464][    T1] usbcore: registered new interface driver cyberjack
[   11.862492][    T1] usbserial: USB Serial support registered for Reiner SCT Cyberjack USB card reader
[   11.867537][    T1] usbcore: registered new interface driver cypress_m8
[   11.871775][    T1] usbserial: USB Serial support registered for DeLorme Earthmate USB
[   11.875452][    T1] usbserial: USB Serial support registered for HID->COM RS232 Adapter
[   11.880831][    T1] usbserial: USB Serial support registered for Nokia CA-42 V2 Adapter
[   11.884983][    T1] usbcore: registered new interface driver usb_debug
[   11.892368][    T1] usbserial: USB Serial support registered for debug
[   11.896439][    T1] usbserial: USB Serial support registered for xhci_dbc
[   11.900409][    T1] usbcore: registered new interface driver digi_acceleport
[   11.905177][    T1] usbserial: USB Serial support registered for Digi 2 port USB adapter
[   11.911036][    T1] usbserial: USB Serial support registered for Digi 4 port USB adapter
[   11.917897][    T1] usbcore: registered new interface driver io_edgeport
[   11.922647][    T1] usbserial: USB Serial support registered for Edgeport 2 port adapter
[   11.927309][    T1] usbserial: USB Serial support registered for Edgeport 4 port adapter
[   11.932772][    T1] usbserial: USB Serial support registered for Edgeport 8 port adapter
[   11.943395][    T1] usbserial: USB Serial support registered for EPiC device
[   11.948636][    T1] usbcore: registered new interface driver io_ti
[   11.951386][    T1] usbserial: USB Serial support registered for Edgeport TI 1 port adapter
[   11.960935][    T1] usbserial: USB Serial support registered for Edgeport TI 2 port adapter
[   11.967275][    T1] usbcore: registered new interface driver empeg
[   11.971534][    T1] usbserial: USB Serial support registered for empeg
[   11.976254][    T1] usbcore: registered new interface driver f81534a_ctrl
[   11.981736][    T1] usbcore: registered new interface driver f81232
[   11.984598][    T1] usbserial: USB Serial support registered for f81232
[   11.986963][    T1] usbserial: USB Serial support registered for f81534a
[   11.990761][    T1] usbcore: registered new interface driver f81534
[   11.993180][    T1] usbserial: USB Serial support registered for Fintek F81532/F81534
[   11.996989][    T1] usbcore: registered new interface driver ftdi_sio
[   12.001288][    T1] usbserial: USB Serial support registered for FTDI USB Serial Device
[   12.005559][    T1] usbcore: registered new interface driver garmin_gps
[   12.008326][    T1] usbserial: USB Serial support registered for Garmin GPS usb/tty
[   12.012379][    T1] usbcore: registered new interface driver ipaq
[   12.015510][    T1] usbserial: USB Serial support registered for PocketPC PDA
[   12.020834][    T1] usbcore: registered new interface driver ipw
[   12.024048][    T1] usbserial: USB Serial support registered for IPWireless converter
[   12.028800][    T1] usbcore: registered new interface driver ir_usb
[   12.032835][    T1] usbserial: USB Serial support registered for IR Dongle
[   12.036315][    T1] usbcore: registered new interface driver iuu_phoenix
[   12.041661][    T1] usbserial: USB Serial support registered for iuu_phoenix
[   12.046069][    T1] usbcore: registered new interface driver keyspan
[   12.051286][    T1] usbserial: USB Serial support registered for Keyspan - (without firmware)
[   12.056656][    T1] usbserial: USB Serial support registered for Keyspan 1 port adapter
[   12.066079][    T1] usbserial: USB Serial support registered for Keyspan 2 port adapter
[   12.070821][    T1] usbserial: USB Serial support registered for Keyspan 4 port adapter
[   12.076764][    T1] usbcore: registered new interface driver keyspan_pda
[   12.080558][    T1] usbserial: USB Serial support registered for Keyspan PDA
[   12.084762][    T1] usbserial: USB Serial support registered for Keyspan PDA - (prerenumeration)
[   12.090595][    T1] usbcore: registered new interface driver kl5kusb105
[   12.092832][    T1] usbserial: USB Serial support registered for KL5KUSB105D / PalmConnect
[   12.097636][    T1] usbcore: registered new interface driver kobil_sct
[   12.100069][    T1] usbserial: USB Serial support registered for KOBIL USB smart card terminal
[   12.104825][    T1] usbcore: registered new interface driver mct_u232
[   12.108302][    T1] usbserial: USB Serial support registered for MCT U232
[   12.111990][    T1] usbcore: registered new interface driver metro_usb
[   12.117477][    T1] usbserial: USB Serial support registered for Metrologic USB to Serial
[   12.121725][    T1] usbcore: registered new interface driver mos7720
[   12.125156][    T1] usbserial: USB Serial support registered for Moschip 2 port adapter
[   12.132496][    T1] usbcore: registered new interface driver mos7840
[   12.136650][    T1] usbserial: USB Serial support registered for Moschip 7840/7820 USB Serial Driver
[   12.140818][    T1] usbcore: registered new interface driver mxuport
[   12.144004][    T1] usbserial: USB Serial support registered for MOXA UPort
[   12.147057][    T1] usbcore: registered new interface driver navman
[   12.150220][    T1] usbserial: USB Serial support registered for navman
[   12.153755][    T1] usbcore: registered new interface driver omninet
[   12.156002][    T1] usbserial: USB Serial support registered for ZyXEL - omni.net usb
[   12.160436][    T1] usbcore: registered new interface driver opticon
[   12.162836][    T1] usbserial: USB Serial support registered for opticon
[   12.165129][    T1] usbcore: registered new interface driver option
[   12.167541][    T1] usbserial: USB Serial support registered for GSM modem (1-port)
[   12.171281][    T1] usbcore: registered new interface driver oti6858
[   12.175239][    T1] usbserial: USB Serial support registered for oti6858
[   12.180659][    T1] usbcore: registered new interface driver pl2303
[   12.184663][    T1] usbserial: USB Serial support registered for pl2303
[   12.188702][    T1] usbcore: registered new interface driver qcaux
[   12.192494][    T1] usbserial: USB Serial support registered for qcaux
[   12.198421][    T1] usbcore: registered new interface driver qcserial
[   12.202421][    T1] usbserial: USB Serial support registered for Qualcomm USB modem
[   12.208819][    T1] usbcore: registered new interface driver quatech2
[   12.215207][    T1] usbserial: USB Serial support registered for Quatech 2nd gen USB to Serial Driver
[   12.220753][    T1] usbcore: registered new interface driver safe_serial
[   12.226132][    T1] usbserial: USB Serial support registered for safe_serial
[   12.231961][    T1] usbcore: registered new interface driver sierra
[   12.235931][    T1] usbserial: USB Serial support registered for Sierra USB modem
[   12.240915][    T1] usbcore: registered new interface driver usb_serial_simple
[   12.245584][    T1] usbserial: USB Serial support registered for carelink
[   12.248308][    T1] usbserial: USB Serial support registered for flashloader
[   12.253606][    T1] usbserial: USB Serial support registered for funsoft
[   12.258033][    T1] usbserial: USB Serial support registered for google
[   12.260782][    T1] usbserial: USB Serial support registered for hp4x
[   12.263642][    T1] usbserial: USB Serial support registered for kaufmann
[   12.268067][    T1] usbserial: USB Serial support registered for libtransistor
[   12.271037][    T1] usbserial: USB Serial support registered for moto_modem
[   12.276546][    T1] usbserial: USB Serial support registered for motorola_tetra
[   12.280435][    T1] usbserial: USB Serial support registered for nokia
[   12.286695][    T1] usbserial: USB Serial support registered for novatel_gps
[   12.292072][    T1] usbserial: USB Serial support registered for siemens_mpi
[   12.296728][    T1] usbserial: USB Serial support registered for suunto
[   12.301440][    T1] usbserial: USB Serial support registered for vivopay
[   12.305301][    T1] usbserial: USB Serial support registered for zio
[   12.310831][    T1] usbcore: registered new interface driver spcp8x5
[   12.315498][    T1] usbserial: USB Serial support registered for SPCP8x5
[   12.318450][    T1] usbcore: registered new interface driver ssu100
[   12.322090][    T1] usbserial: USB Serial support registered for Quatech SSU-100 USB to Serial Driver
[   12.329648][    T1] usbcore: registered new interface driver symbolserial
[   12.335831][    T1] usbserial: USB Serial support registered for symbol
[   12.338803][    T1] usbcore: registered new interface driver ti_usb_3410_5052
[   12.341996][    T1] usbserial: USB Serial support registered for TI USB 3410 1 port adapter
[   12.346467][    T1] usbserial: USB Serial support registered for TI USB 5052 2 port adapter
[   12.351912][    T1] usbcore: registered new interface driver upd78f0730
[   12.356318][    T1] usbserial: USB Serial support registered for upd78f0730
[   12.361699][    T1] usbcore: registered new interface driver visor
[   12.364638][    T1] usbserial: USB Serial support registered for Handspring Visor / Palm OS
[   12.368124][    T1] usbserial: USB Serial support registered for Sony Clie 5.0
[   12.375947][    T1] usbserial: USB Serial support registered for Sony Clie 3.5
[   12.381002][    T1] usbcore: registered new interface driver wishbone_serial
[   12.386014][    T1] usbserial: USB Serial support registered for wishbone_serial
[   12.393993][    T1] usbcore: registered new interface driver whiteheat
[   12.396919][    T1] usbserial: USB Serial support registered for Connect Tech - WhiteHEAT - (prerenumeration)
[   12.401407][    T1] usbserial: USB Serial support registered for Connect Tech - WhiteHEAT
[   12.406129][    T1] usbcore: registered new interface driver xr_serial
[   12.409901][    T1] usbserial: USB Serial support registered for xr_serial
[   12.414687][    T1] usbcore: registered new interface driver xsens_mt
[   12.417850][    T1] usbserial: USB Serial support registered for xsens_mt
[   12.421109][    T1] usbcore: registered new interface driver adutux
[   12.426726][    T1] usbcore: registered new interface driver appledisplay
[   12.432408][    T1] usbcore: registered new interface driver cypress_cy7c63
[   12.436365][    T1] usbcore: registered new interface driver cytherm
[   12.440828][    T1] usbcore: registered new interface driver emi26 - firmware loader
[   12.445670][    T1] usbcore: registered new interface driver emi62 - firmware loader
[   12.451397][    T1] usbcore: registered new interface driver idmouse
[   12.456121][    T1] usbcore: registered new interface driver iowarrior
[   12.460584][    T1] usbcore: registered new interface driver isight_firmware
[   12.464174][    T1] usbcore: registered new interface driver usblcd
[   12.467762][    T1] usbcore: registered new interface driver ldusb
[   12.471848][    T1] usbcore: registered new interface driver legousbtower
[   12.479783][    T1] usbcore: registered new interface driver usbtest
[   12.487005][    T1] usbcore: registered new interface driver usb_ehset_test
[   12.492019][    T1] usbcore: registered new interface driver trancevibrator
[   12.501095][    T1] usbcore: registered new interface driver uss720
[   12.507019][    T1] uss720: USB Parport Cable driver for Cables using the Lucent Technologies USS720 Chip
[   12.510553][    T1] uss720: NOTE: this is a special purpose driver to allow nonstandard
[   12.513279][    T1] uss720: protocols (eg. bitbang) over USS720 usb to parallel cables
[   12.515719][    T1] uss720: If you just want to connect to a printer, use usblp instead
[   12.523857][    T1] usbcore: registered new interface driver usbsevseg
[   12.528744][    T1] usbcore: registered new interface driver yurex
[   12.533742][    T1] usbcore: registered new interface driver chaoskey
[   12.537478][    T1] usbcore: registered new interface driver sisusb
[   12.542882][    T1] usbcore: registered new interface driver lvs
[   12.546521][    T1] usbcore: registered new interface driver cxacru
[   12.550585][    T1] usbcore: registered new interface driver speedtch
[   12.560340][    T1] usbcore: registered new interface driver ueagle-atm
[   12.564600][    T1] xusbatm: malformed module parameters
[   12.568662][    T1] dummy_hcd dummy_hcd.0: USB Host+Gadget Emulator, driver 02 May 2005
[   12.581351][    T1] dummy_hcd dummy_hcd.0: Dummy host controller
[   12.593252][    T1] dummy_hcd dummy_hcd.0: new USB bus registered, assigned bus number 1
[   12.602919][    T1] usb usb1: New USB device found, idVendor=1d6b, idProduct=0002, bcdDevice= 6.09
[   12.607019][    T1] usb usb1: New USB device strings: Mfr=3, Product=2, SerialNumber=1
[   12.610293][    T1] usb usb1: Product: Dummy host controller
[   12.612194][    T1] usb usb1: Manufacturer: Linux 6.9.0-rc5-g2f5411bd289f-dirty dummy_hcd
[   12.616167][    T1] usb usb1: SerialNumber: dummy_hcd.0
[   12.627115][    T1] hub 1-0:1.0: USB hub found
[   12.630771][    T1] hub 1-0:1.0: 1 port detected
[   12.662556][    T1] gadgetfs: USB Gadget filesystem, version 24 Aug 2004
[   12.675825][    T1] vhci_hcd vhci_hcd.0: USB/IP Virtual Host Controller
[   12.690047][    T1] vhci_hcd vhci_hcd.0: new USB bus registered, assigned bus number 2
[   12.695374][    T1] vhci_hcd: created sysfs vhci_hcd.0
[   12.699041][    T1] usb usb2: New USB device found, idVendor=1d6b, idProduct=0002, bcdDevice= 6.09
[   12.702099][    T1] usb usb2: New USB device strings: Mfr=3, Product=2, SerialNumber=1
[   12.706245][    T1] usb usb2: Product: USB/IP Virtual Host Controller
[   12.712864][    T1] usb usb2: Manufacturer: Linux 6.9.0-rc5-g2f5411bd289f-dirty vhci_hcd
[   12.717867][    T1] usb usb2: SerialNumber: vhci_hcd.0
[   12.731894][    T1] hub 2-0:1.0: USB hub found
[   12.739660][    T1] hub 2-0:1.0: 8 ports detected
[   12.762538][    T1] vhci_hcd vhci_hcd.0: USB/IP Virtual Host Controller
[   12.773588][    T1] vhci_hcd vhci_hcd.0: new USB bus registered, assigned bus number 3
[   12.779899][    T1] usb usb3: We don't know the algorithms for LPM for this host, disabling LPM.
[   12.784319][    T1] usb usb3: New USB device found, idVendor=1d6b, idProduct=0003, bcdDevice= 6.09
[   12.789857][    T1] usb usb3: New USB device strings: Mfr=3, Product=2, SerialNumber=1
[   12.792846][    T1] usb usb3: Product: USB/IP Virtual Host Controller
[   12.800377][    T1] usb usb3: Manufacturer: Linux 6.9.0-rc5-g2f5411bd289f-dirty vhci_hcd
[   12.804409][    T1] usb usb3: SerialNumber: vhci_hcd.0
[   12.819895][    T1] hub 3-0:1.0: USB hub found
[   12.824802][    T1] hub 3-0:1.0: 8 ports detected
[   12.861304][    T1] vhci_hcd vhci_hcd.1: USB/IP Virtual Host Controller
[   12.867086][    T1] vhci_hcd vhci_hcd.1: new USB bus registered, assigned bus number 4
[   12.877292][    T1] usb usb4: New USB device found, idVendor=1d6b, idProduct=0002, bcdDevice= 6.09
[   12.884106][    T1] usb usb4: New USB device strings: Mfr=3, Product=2, SerialNumber=1
[   12.890848][    T1] usb usb4: Product: USB/IP Virtual Host Controller
[   12.893953][    T1] usb usb4: Manufacturer: Linux 6.9.0-rc5-g2f5411bd289f-dirty vhci_hcd
[   12.897736][    T1] usb usb4: SerialNumber: vhci_hcd.1
[   12.909595][    T1] hub 4-0:1.0: USB hub found
[   12.913205][    T1] hub 4-0:1.0: 8 ports detected
[   12.928755][    T1] vhci_hcd vhci_hcd.1: USB/IP Virtual Host Controller
[   12.938167][    T1] vhci_hcd vhci_hcd.1: new USB bus registered, assigned bus number 5
[   12.945669][    T1] usb usb5: We don't know the algorithms for LPM for this host, disabling LPM.
[   12.951732][    T1] usb usb5: New USB device found, idVendor=1d6b, idProduct=0003, bcdDevice= 6.09
[   12.955924][    T1] usb usb5: New USB device strings: Mfr=3, Product=2, SerialNumber=1
[   12.960162][    T1] usb usb5: Product: USB/IP Virtual Host Controller
[   12.962511][    T1] usb usb5: Manufacturer: Linux 6.9.0-rc5-g2f5411bd289f-dirty vhci_hcd
[   12.968132][    T1] usb usb5: SerialNumber: vhci_hcd.1
[   12.982272][    T1] hub 5-0:1.0: USB hub found
[   12.987025][    T1] hub 5-0:1.0: 8 ports detected
[   13.004489][    T1] vhci_hcd vhci_hcd.2: USB/IP Virtual Host Controller
[   13.014181][    T1] vhci_hcd vhci_hcd.2: new USB bus registered, assigned bus number 6
[   13.021115][    T1] usb usb6: New USB device found, idVendor=1d6b, idProduct=0002, bcdDevice= 6.09
[   13.027396][    T1] usb usb6: New USB device strings: Mfr=3, Product=2, SerialNumber=1
[   13.031544][    T1] usb usb6: Product: USB/IP Virtual Host Controller
[   13.035876][    T1] usb usb6: Manufacturer: Linux 6.9.0-rc5-g2f5411bd289f-dirty vhci_hcd
[   13.039448][    T1] usb usb6: SerialNumber: vhci_hcd.2
[   13.050391][    T1] hub 6-0:1.0: USB hub found
[   13.054143][    T1] hub 6-0:1.0: 8 ports detected
[   13.075854][    T1] vhci_hcd vhci_hcd.2: USB/IP Virtual Host Controller
[   13.082436][    T1] vhci_hcd vhci_hcd.2: new USB bus registered, assigned bus number 7
[   13.095880][    T1] usb usb7: We don't know the algorithms for LPM for this host, disabling LPM.
[   13.108836][    T1] usb usb7: New USB device found, idVendor=1d6b, idProduct=0003, bcdDevice= 6.09
[   13.114424][    T1] usb usb7: New USB device strings: Mfr=3, Product=2, SerialNumber=1
[   13.117816][    T1] usb usb7: Product: USB/IP Virtual Host Controller
[   13.120719][    T1] usb usb7: Manufacturer: Linux 6.9.0-rc5-g2f5411bd289f-dirty vhci_hcd
[   13.125764][    T1] usb usb7: SerialNumber: vhci_hcd.2
[   13.136683][    T1] hub 7-0:1.0: USB hub found
[   13.139160][    T1] hub 7-0:1.0: 8 ports detected
[   13.174828][    T1] vhci_hcd vhci_hcd.3: USB/IP Virtual Host Controller
[   13.184689][    T1] vhci_hcd vhci_hcd.3: new USB bus registered, assigned bus number 8
[   13.197599][    T1] usb usb8: New USB device found, idVendor=1d6b, idProduct=0002, bcdDevice= 6.09
[   13.210293][    T1] usb usb8: New USB device strings: Mfr=3, Product=2, SerialNumber=1
[   13.214348][    T1] usb usb8: Product: USB/IP Virtual Host Controller
[   13.217229][    T1] usb usb8: Manufacturer: Linux 6.9.0-rc5-g2f5411bd289f-dirty vhci_hcd
[   13.225499][    T1] usb usb8: SerialNumber: vhci_hcd.3
[   13.235889][    T1] hub 8-0:1.0: USB hub found
[   13.242473][    T1] hub 8-0:1.0: 8 ports detected
[   13.265697][    T1] vhci_hcd vhci_hcd.3: USB/IP Virtual Host Controller
[   13.276334][    T1] vhci_hcd vhci_hcd.3: new USB bus registered, assigned bus number 9
[   13.283259][    T1] usb usb9: We don't know the algorithms for LPM for this host, disabling LPM.
[   13.296564][    T1] usb usb9: New USB device found, idVendor=1d6b, idProduct=0003, bcdDevice= 6.09
[   13.304540][    T1] usb usb9: New USB device strings: Mfr=3, Product=2, SerialNumber=1
[   13.312373][    T1] usb usb9: Product: USB/IP Virtual Host Controller
[   13.319358][    T1] usb usb9: Manufacturer: Linux 6.9.0-rc5-g2f5411bd289f-dirty vhci_hcd
[   13.325508][    T1] usb usb9: SerialNumber: vhci_hcd.3
[   13.340606][    T1] hub 9-0:1.0: USB hub found
[   13.344085][    T1] hub 9-0:1.0: 8 ports detected
[   13.377583][    T1] vhci_hcd vhci_hcd.4: USB/IP Virtual Host Controller
[   13.385327][    T1] vhci_hcd vhci_hcd.4: new USB bus registered, assigned bus number 10
[   13.394911][    T1] usb usb10: New USB device found, idVendor=1d6b, idProduct=0002, bcdDevice= 6.09
[   13.402458][    T1] usb usb10: New USB device strings: Mfr=3, Product=2, SerialNumber=1
[   13.410734][    T1] usb usb10: Product: USB/IP Virtual Host Controller
[   13.413128][    T1] usb usb10: Manufacturer: Linux 6.9.0-rc5-g2f5411bd289f-dirty vhci_hcd
[   13.417907][    T1] usb usb10: SerialNumber: vhci_hcd.4
[   13.426653][    T1] hub 10-0:1.0: USB hub found
[   13.430913][    T1] hub 10-0:1.0: 8 ports detected
[   13.451524][    T1] vhci_hcd vhci_hcd.4: USB/IP Virtual Host Controller
[   13.462753][    T1] vhci_hcd vhci_hcd.4: new USB bus registered, assigned bus number 11
[   13.467478][    T1] usb usb11: We don't know the algorithms for LPM for this host, disabling LPM.
[   13.477659][    T1] usb usb11: New USB device found, idVendor=1d6b, idProduct=0003, bcdDevice= 6.09
[   13.483874][    T1] usb usb11: New USB device strings: Mfr=3, Product=2, SerialNumber=1
[   13.487938][    T1] usb usb11: Product: USB/IP Virtual Host Controller
[   13.491605][    T1] usb usb11: Manufacturer: Linux 6.9.0-rc5-g2f5411bd289f-dirty vhci_hcd
[   13.498957][    T1] usb usb11: SerialNumber: vhci_hcd.4
[   13.507276][    T1] hub 11-0:1.0: USB hub found
[   13.510656][    T1] hub 11-0:1.0: 8 ports detected
[   13.526195][    T1] vhci_hcd vhci_hcd.5: USB/IP Virtual Host Controller
[   13.535223][    T1] vhci_hcd vhci_hcd.5: new USB bus registered, assigned bus number 12
[   13.545989][    T1] usb usb12: New USB device found, idVendor=1d6b, idProduct=0002, bcdDevice= 6.09
[   13.554240][    T1] usb usb12: New USB device strings: Mfr=3, Product=2, SerialNumber=1
[   13.558440][    T1] usb usb12: Product: USB/IP Virtual Host Controller
[   13.564704][    T1] usb usb12: Manufacturer: Linux 6.9.0-rc5-g2f5411bd289f-dirty vhci_hcd
[   13.569213][    T1] usb usb12: SerialNumber: vhci_hcd.5
[   13.580918][    T1] hub 12-0:1.0: USB hub found
[   13.586434][    T1] hub 12-0:1.0: 8 ports detected
[   13.613621][    T1] vhci_hcd vhci_hcd.5: USB/IP Virtual Host Controller
[   13.624341][    T1] vhci_hcd vhci_hcd.5: new USB bus registered, assigned bus number 13
[   13.632797][    T1] usb usb13: We don't know the algorithms for LPM for this host, disabling LPM.
[   13.638986][    T1] usb usb13: New USB device found, idVendor=1d6b, idProduct=0003, bcdDevice= 6.09
[   13.643708][    T1] usb usb13: New USB device strings: Mfr=3, Product=2, SerialNumber=1
[   13.648824][    T1] usb usb13: Product: USB/IP Virtual Host Controller
[   13.653577][    T1] usb usb13: Manufacturer: Linux 6.9.0-rc5-g2f5411bd289f-dirty vhci_hcd
[   13.657460][    T1] usb usb13: SerialNumber: vhci_hcd.5
[   13.667654][    T1] hub 13-0:1.0: USB hub found
[   13.670899][    T1] hub 13-0:1.0: 8 ports detected
[   13.691252][    T1] vhci_hcd vhci_hcd.6: USB/IP Virtual Host Controller
[   13.698696][    T1] vhci_hcd vhci_hcd.6: new USB bus registered, assigned bus number 14
[   13.707802][    T1] usb usb14: New USB device found, idVendor=1d6b, idProduct=0002, bcdDevice= 6.09
[   13.712703][    T1] usb usb14: New USB device strings: Mfr=3, Product=2, SerialNumber=1
[   13.716885][    T1] usb usb14: Product: USB/IP Virtual Host Controller
[   13.726088][    T1] usb usb14: Manufacturer: Linux 6.9.0-rc5-g2f5411bd289f-dirty vhci_hcd
[   13.730617][    T1] usb usb14: SerialNumber: vhci_hcd.6
[   13.743307][    T1] hub 14-0:1.0: USB hub found
[   13.749031][    T1] hub 14-0:1.0: 8 ports detected
[   13.760924][    T1] vhci_hcd vhci_hcd.6: USB/IP Virtual Host Controller
[   13.767868][    T1] vhci_hcd vhci_hcd.6: new USB bus registered, assigned bus number 15
[   13.776017][    T1] usb usb15: We don't know the algorithms for LPM for this host, disabling LPM.
[   13.792574][    T1] usb usb15: New USB device found, idVendor=1d6b, idProduct=0003, bcdDevice= 6.09
[   13.802311][    T1] usb usb15: New USB device strings: Mfr=3, Product=2, SerialNumber=1
[   13.807067][    T1] usb usb15: Product: USB/IP Virtual Host Controller
[   13.816406][    T1] usb usb15: Manufacturer: Linux 6.9.0-rc5-g2f5411bd289f-dirty vhci_hcd
[   13.820606][    T1] usb usb15: SerialNumber: vhci_hcd.6
[   13.831079][    T1] hub 15-0:1.0: USB hub found
[   13.835154][    T1] hub 15-0:1.0: 8 ports detected
[   13.862434][    T1] vhci_hcd vhci_hcd.7: USB/IP Virtual Host Controller
[   13.872919][    T1] vhci_hcd vhci_hcd.7: new USB bus registered, assigned bus number 16
[   13.883572][    T1] usb usb16: New USB device found, idVendor=1d6b, idProduct=0002, bcdDevice= 6.09
[   13.892027][    T1] usb usb16: New USB device strings: Mfr=3, Product=2, SerialNumber=1
[   13.896113][    T1] usb usb16: Product: USB/IP Virtual Host Controller
[   13.903907][    T1] usb usb16: Manufacturer: Linux 6.9.0-rc5-g2f5411bd289f-dirty vhci_hcd
[   13.911215][    T1] usb usb16: SerialNumber: vhci_hcd.7
[   13.924916][    T1] hub 16-0:1.0: USB hub found
[   13.929013][    T1] hub 16-0:1.0: 8 ports detected
[   13.951744][    T1] vhci_hcd vhci_hcd.7: USB/IP Virtual Host Controller
[   13.962931][    T1] vhci_hcd vhci_hcd.7: new USB bus registered, assigned bus number 17
[   13.969376][    T1] usb usb17: We don't know the algorithms for LPM for this host, disabling LPM.
[   13.977359][    T1] usb usb17: New USB device found, idVendor=1d6b, idProduct=0003, bcdDevice= 6.09
[   13.981946][    T1] usb usb17: New USB device strings: Mfr=3, Product=2, SerialNumber=1
[   13.988800][    T1] usb usb17: Product: USB/IP Virtual Host Controller
[   13.992426][    T1] usb usb17: Manufacturer: Linux 6.9.0-rc5-g2f5411bd289f-dirty vhci_hcd
[   13.997474][    T1] usb usb17: SerialNumber: vhci_hcd.7
[   14.008527][    T1] hub 17-0:1.0: USB hub found
[   14.011287][    T1] hub 17-0:1.0: 8 ports detected
[   14.028815][    T1] vhci_hcd vhci_hcd.8: USB/IP Virtual Host Controller
[   14.036203][    T1] vhci_hcd vhci_hcd.8: new USB bus registered, assigned bus number 18
[   14.042688][    T1] usb usb18: New USB device found, idVendor=1d6b, idProduct=0002, bcdDevice= 6.09
[   14.049451][    T1] usb usb18: New USB device strings: Mfr=3, Product=2, SerialNumber=1
[   14.053969][    T1] usb usb18: Product: USB/IP Virtual Host Controller
[   14.057020][    T1] usb usb18: Manufacturer: Linux 6.9.0-rc5-g2f5411bd289f-dirty vhci_hcd
[   14.063615][    T1] usb usb18: SerialNumber: vhci_hcd.8
[   14.079905][    T1] hub 18-0:1.0: USB hub found
[   14.087810][    T1] hub 18-0:1.0: 8 ports detected
[   14.106167][    T1] vhci_hcd vhci_hcd.8: USB/IP Virtual Host Controller
[   14.113675][    T1] vhci_hcd vhci_hcd.8: new USB bus registered, assigned bus number 19
[   14.118621][    T1] usb usb19: We don't know the algorithms for LPM for this host, disabling LPM.
[   14.128285][    T1] usb usb19: New USB device found, idVendor=1d6b, idProduct=0003, bcdDevice= 6.09
[   14.136685][    T1] usb usb19: New USB device strings: Mfr=3, Product=2, SerialNumber=1
[   14.142199][    T1] usb usb19: Product: USB/IP Virtual Host Controller
[   14.144665][    T1] usb usb19: Manufacturer: Linux 6.9.0-rc5-g2f5411bd289f-dirty vhci_hcd
[   14.149361][    T1] usb usb19: SerialNumber: vhci_hcd.8
[   14.160128][    T1] hub 19-0:1.0: USB hub found
[   14.165249][    T1] hub 19-0:1.0: 8 ports detected
[   14.187077][    T1] vhci_hcd vhci_hcd.9: USB/IP Virtual Host Controller
[   14.195472][    T1] vhci_hcd vhci_hcd.9: new USB bus registered, assigned bus number 20
[   14.205291][    T1] usb usb20: New USB device found, idVendor=1d6b, idProduct=0002, bcdDevice= 6.09
[   14.209452][    T1] usb usb20: New USB device strings: Mfr=3, Product=2, SerialNumber=1
[   14.213035][    T1] usb usb20: Product: USB/IP Virtual Host Controller
[   14.215393][    T1] usb usb20: Manufacturer: Linux 6.9.0-rc5-g2f5411bd289f-dirty vhci_hcd
[   14.219340][    T1] usb usb20: SerialNumber: vhci_hcd.9
[   14.229903][    T1] hub 20-0:1.0: USB hub found
[   14.237036][    T1] hub 20-0:1.0: 8 ports detected
[   14.259665][    T1] vhci_hcd vhci_hcd.9: USB/IP Virtual Host Controller
[   14.264595][    T1] vhci_hcd vhci_hcd.9: new USB bus registered, assigned bus number 21
[   14.270902][    T1] usb usb21: We don't know the algorithms for LPM for this host, disabling LPM.
[   14.282178][    T1] usb usb21: New USB device found, idVendor=1d6b, idProduct=0003, bcdDevice= 6.09
[   14.286594][    T1] usb usb21: New USB device strings: Mfr=3, Product=2, SerialNumber=1
[   14.291084][    T1] usb usb21: Product: USB/IP Virtual Host Controller
[   14.295065][    T1] usb usb21: Manufacturer: Linux 6.9.0-rc5-g2f5411bd289f-dirty vhci_hcd
[   14.299998][    T1] usb usb21: SerialNumber: vhci_hcd.9
[   14.309753][    T1] hub 21-0:1.0: USB hub found
[   14.313873][    T1] hub 21-0:1.0: 8 ports detected
[   14.332687][    T1] vhci_hcd vhci_hcd.10: USB/IP Virtual Host Controller
[   14.338606][    T1] vhci_hcd vhci_hcd.10: new USB bus registered, assigned bus number 22
[   14.348625][    T1] usb usb22: New USB device found, idVendor=1d6b, idProduct=0002, bcdDevice= 6.09
[   14.353491][    T1] usb usb22: New USB device strings: Mfr=3, Product=2, SerialNumber=1
[   14.356644][    T1] usb usb22: Product: USB/IP Virtual Host Controller
[   14.359892][    T1] usb usb22: Manufacturer: Linux 6.9.0-rc5-g2f5411bd289f-dirty vhci_hcd
[   14.363938][    T1] usb usb22: SerialNumber: vhci_hcd.10
[   14.375309][    T1] hub 22-0:1.0: USB hub found
[   14.381484][    T1] hub 22-0:1.0: 8 ports detected
[   14.403209][    T1] vhci_hcd vhci_hcd.10: USB/IP Virtual Host Controller
[   14.414889][    T1] vhci_hcd vhci_hcd.10: new USB bus registered, assigned bus number 23
[   14.423480][    T1] usb usb23: We don't know the algorithms for LPM for this host, disabling LPM.
[   14.435806][    T1] usb usb23: New USB device found, idVendor=1d6b, idProduct=0003, bcdDevice= 6.09
[   14.445901][    T1] usb usb23: New USB device strings: Mfr=3, Product=2, SerialNumber=1
[   14.450409][    T1] usb usb23: Product: USB/IP Virtual Host Controller
[   14.454263][    T1] usb usb23: Manufacturer: Linux 6.9.0-rc5-g2f5411bd289f-dirty vhci_hcd
[   14.458051][    T1] usb usb23: SerialNumber: vhci_hcd.10
[   14.468927][    T1] hub 23-0:1.0: USB hub found
[   14.475322][    T1] hub 23-0:1.0: 8 ports detected
[   14.512302][    T1] vhci_hcd vhci_hcd.11: USB/IP Virtual Host Controller
[   14.525846][    T1] vhci_hcd vhci_hcd.11: new USB bus registered, assigned bus number 24
[   14.538398][    T1] usb usb24: New USB device found, idVendor=1d6b, idProduct=0002, bcdDevice= 6.09
[   14.546704][    T1] usb usb24: New USB device strings: Mfr=3, Product=2, SerialNumber=1
[   14.552284][    T1] usb usb24: Product: USB/IP Virtual Host Controller
[   14.554529][    T1] usb usb24: Manufacturer: Linux 6.9.0-rc5-g2f5411bd289f-dirty vhci_hcd
[   14.560174][    T1] usb usb24: SerialNumber: vhci_hcd.11
[   14.571918][    T1] hub 24-0:1.0: USB hub found
[   14.575483][    T1] hub 24-0:1.0: 8 ports detected
[   14.599789][    T1] vhci_hcd vhci_hcd.11: USB/IP Virtual Host Controller
[   14.610020][    T1] vhci_hcd vhci_hcd.11: new USB bus registered, assigned bus number 25
[   14.619024][    T1] usb usb25: We don't know the algorithms for LPM for this host, disabling LPM.
[   14.630307][    T1] usb usb25: New USB device found, idVendor=1d6b, idProduct=0003, bcdDevice= 6.09
[   14.639418][    T1] usb usb25: New USB device strings: Mfr=3, Product=2, SerialNumber=1
[   14.645610][    T1] usb usb25: Product: USB/IP Virtual Host Controller
[   14.648694][    T1] usb usb25: Manufacturer: Linux 6.9.0-rc5-g2f5411bd289f-dirty vhci_hcd
[   14.653276][    T1] usb usb25: SerialNumber: vhci_hcd.11
[   14.667502][    T1] hub 25-0:1.0: USB hub found
[   14.672818][    T1] hub 25-0:1.0: 8 ports detected
[   14.697451][    T1] vhci_hcd vhci_hcd.12: USB/IP Virtual Host Controller
[   14.708425][    T1] vhci_hcd vhci_hcd.12: new USB bus registered, assigned bus number 26
[   14.719886][    T1] usb usb26: New USB device found, idVendor=1d6b, idProduct=0002, bcdDevice= 6.09
[   14.724734][    T1] usb usb26: New USB device strings: Mfr=3, Product=2, SerialNumber=1
[   14.729654][    T1] usb usb26: Product: USB/IP Virtual Host Controller
[   14.738774][    T1] usb usb26: Manufacturer: Linux 6.9.0-rc5-g2f5411bd289f-dirty vhci_hcd
[   14.742605][    T1] usb usb26: SerialNumber: vhci_hcd.12
[   14.751615][    T1] hub 26-0:1.0: USB hub found
[   14.757874][    T1] hub 26-0:1.0: 8 ports detected
[   14.780205][    T1] vhci_hcd vhci_hcd.12: USB/IP Virtual Host Controller
[   14.786817][    T1] vhci_hcd vhci_hcd.12: new USB bus registered, assigned bus number 27
[   14.797955][    T1] usb usb27: We don't know the algorithms for LPM for this host, disabling LPM.
[   14.805159][    T1] usb usb27: New USB device found, idVendor=1d6b, idProduct=0003, bcdDevice= 6.09
[   14.810323][    T1] usb usb27: New USB device strings: Mfr=3, Product=2, SerialNumber=1
[   14.814693][    T1] usb usb27: Product: USB/IP Virtual Host Controller
[   14.817680][    T1] usb usb27: Manufacturer: Linux 6.9.0-rc5-g2f5411bd289f-dirty vhci_hcd
[   14.821660][    T1] usb usb27: SerialNumber: vhci_hcd.12
[   14.834696][    T1] hub 27-0:1.0: USB hub found
[   14.840419][    T1] hub 27-0:1.0: 8 ports detected
[   14.867206][    T1] vhci_hcd vhci_hcd.13: USB/IP Virtual Host Controller
[   14.881491][    T1] vhci_hcd vhci_hcd.13: new USB bus registered, assigned bus number 28
[   14.890684][    T1] usb usb28: New USB device found, idVendor=1d6b, idProduct=0002, bcdDevice= 6.09
[   14.898515][    T1] usb usb28: New USB device strings: Mfr=3, Product=2, SerialNumber=1
[   14.902226][    T1] usb usb28: Product: USB/IP Virtual Host Controller
[   14.905813][    T1] usb usb28: Manufacturer: Linux 6.9.0-rc5-g2f5411bd289f-dirty vhci_hcd
[   14.910935][    T1] usb usb28: SerialNumber: vhci_hcd.13
[   14.925440][    T1] hub 28-0:1.0: USB hub found
[   14.927893][    T1] hub 28-0:1.0: 8 ports detected
[   14.949973][    T1] vhci_hcd vhci_hcd.13: USB/IP Virtual Host Controller
[   14.959414][    T1] vhci_hcd vhci_hcd.13: new USB bus registered, assigned bus number 29
[   14.964230][    T1] usb usb29: We don't know the algorithms for LPM for this host, disabling LPM.
[   14.974784][    T1] usb usb29: New USB device found, idVendor=1d6b, idProduct=0003, bcdDevice= 6.09
[   14.980278][    T1] usb usb29: New USB device strings: Mfr=3, Product=2, SerialNumber=1
[   14.983669][    T1] usb usb29: Product: USB/IP Virtual Host Controller
[   14.986581][    T1] usb usb29: Manufacturer: Linux 6.9.0-rc5-g2f5411bd289f-dirty vhci_hcd
[   14.994291][    T1] usb usb29: SerialNumber: vhci_hcd.13
[   15.003741][    T1] hub 29-0:1.0: USB hub found
[   15.008494][    T1] hub 29-0:1.0: 8 ports detected
[   15.032291][    T1] vhci_hcd vhci_hcd.14: USB/IP Virtual Host Controller
[   15.043989][    T1] vhci_hcd vhci_hcd.14: new USB bus registered, assigned bus number 30
[   15.054769][    T1] usb usb30: New USB device found, idVendor=1d6b, idProduct=0002, bcdDevice= 6.09
[   15.058033][    T1] usb usb30: New USB device strings: Mfr=3, Product=2, SerialNumber=1
[   15.061928][    T1] usb usb30: Product: USB/IP Virtual Host Controller
[   15.064117][    T1] usb usb30: Manufacturer: Linux 6.9.0-rc5-g2f5411bd289f-dirty vhci_hcd
[   15.066992][    T1] usb usb30: SerialNumber: vhci_hcd.14
[   15.081690][    T1] hub 30-0:1.0: USB hub found
[   15.087899][    T1] hub 30-0:1.0: 8 ports detected
[   15.114386][    T1] vhci_hcd vhci_hcd.14: USB/IP Virtual Host Controller
[   15.122274][    T1] vhci_hcd vhci_hcd.14: new USB bus registered, assigned bus number 31
[   15.128346][    T1] usb usb31: We don't know the algorithms for LPM for this host, disabling LPM.
[   15.138108][    T1] usb usb31: New USB device found, idVendor=1d6b, idProduct=0003, bcdDevice= 6.09
[   15.142902][    T1] usb usb31: New USB device strings: Mfr=3, Product=2, SerialNumber=1
[   15.146872][    T1] usb usb31: Product: USB/IP Virtual Host Controller
[   15.151705][    T1] usb usb31: Manufacturer: Linux 6.9.0-rc5-g2f5411bd289f-dirty vhci_hcd
[   15.158577][    T1] usb usb31: SerialNumber: vhci_hcd.14
[   15.167160][    T1] hub 31-0:1.0: USB hub found
[   15.170962][    T1] hub 31-0:1.0: 8 ports detected
[   15.195771][    T1] vhci_hcd vhci_hcd.15: USB/IP Virtual Host Controller
[   15.203234][    T1] vhci_hcd vhci_hcd.15: new USB bus registered, assigned bus number 32
[   15.216324][    T1] usb usb32: New USB device found, idVendor=1d6b, idProduct=0002, bcdDevice= 6.09
[   15.223217][    T1] usb usb32: New USB device strings: Mfr=3, Product=2, SerialNumber=1
[   15.226000][    T1] usb usb32: Product: USB/IP Virtual Host Controller
[   15.229191][    T1] usb usb32: Manufacturer: Linux 6.9.0-rc5-g2f5411bd289f-dirty vhci_hcd
[   15.233656][    T1] usb usb32: SerialNumber: vhci_hcd.15
[   15.243945][    T1] hub 32-0:1.0: USB hub found
[   15.247860][    T1] hub 32-0:1.0: 8 ports detected
[   15.268112][    T1] vhci_hcd vhci_hcd.15: USB/IP Virtual Host Controller
[   15.274343][    T1] vhci_hcd vhci_hcd.15: new USB bus registered, assigned bus number 33
[   15.286349][    T1] usb usb33: We don't know the algorithms for LPM for this host, disabling LPM.
[   15.295444][    T1] usb usb33: New USB device found, idVendor=1d6b, idProduct=0003, bcdDevice= 6.09
[   15.303579][    T1] usb usb33: New USB device strings: Mfr=3, Product=2, SerialNumber=1
[   15.307712][    T1] usb usb33: Product: USB/IP Virtual Host Controller
[   15.311613][    T1] usb usb33: Manufacturer: Linux 6.9.0-rc5-g2f5411bd289f-dirty vhci_hcd
[   15.315610][    T1] usb usb33: SerialNumber: vhci_hcd.15
[   15.324523][    T1] hub 33-0:1.0: USB hub found
[   15.328067][    T1] hub 33-0:1.0: 8 ports detected
[   15.345546][    T1] usbcore: registered new device driver usbip-host
[   15.356431][    T1] i8042: PNP: PS/2 Controller [PNP0303:KBD,PNP0f13:MOU] at 0x60,0x64 irq 1,12
[   15.369718][    T1] serio: i8042 KBD port at 0x60,0x64 irq 1
[   15.377407][    T1] serio: i8042 AUX port at 0x60,0x64 irq 12
[   15.385292][    T1] mousedev: PS/2 mouse device common for all mice
[   15.396179][    T1] usbcore: registered new interface driver appletouch
[   15.406962][   T48] input: AT Translated Set 2 keyboard as /devices/platform/i8042/serio0/input/input1
[   15.411334][    T1] usbcore: registered new interface driver bcm5974
[   15.418505][    T1] usbcore: registered new interface driver synaptics_usb
[   15.427061][    T1] usbcore: registered new interface driver iforce
[   15.433686][    T1] usbcore: registered new interface driver xpad
[   15.438557][    T1] usbcore: registered new interface driver usb_acecad
[   15.442734][    T1] usbcore: registered new interface driver aiptek
[   15.453532][    T1] usbcore: registered new interface driver hanwang
[   15.461539][    T1] usbcore: registered new interface driver kbtab
[   15.465570][    T1] usbcore: registered new interface driver pegasus_notetaker
[   15.473465][    T1] usbcore: registered new interface driver usbtouchscreen
[   15.479193][    T1] usbcore: registered new interface driver sur40
[   15.484705][    T1] usbcore: registered new interface driver ati_remote2
[   15.487091][    T1] cm109: Keymap for Komunikate KIP1000 phone loaded
[   15.492784][    T1] usbcore: registered new interface driver cm109
[   15.498151][    T1] cm109: CM109 phone driver: 20080805 (C) Alfred E. Heggestad
[   15.506422][    T1] usbcore: registered new interface driver ims_pcu
[   15.509337][    T1] usbcore: registered new interface driver keyspan_remote
[   15.513238][    T1] usbcore: registered new interface driver powermate
[   15.520078][    T1] usbcore: registered new interface driver yealink
[   15.525884][    T1] rtc_cmos 00:05: RTC can wake from S4
[   15.542136][    T1] rtc_cmos 00:05: registered as rtc0
[   15.544588][    T1] rtc_cmos 00:05: alarms up to one day, y3k, 242 bytes nvram, hpet irqs
[   15.548136][    T1] i2c_dev: i2c /dev entries driver
[   15.553419][    T1] usbcore: registered new interface driver i2c-diolan-u2c
[   15.560894][    T1] usbcore: registered new interface driver RobotFuzz Open Source InterFace, OSIF
[   15.565724][    T1] usbcore: registered new interface driver i2c-tiny-usb
[   15.573297][    T1] usbcore: registered new interface driver igorplugusb
[   15.583285][    T1] usbcore: registered new interface driver iguanair
[   15.589654][    T1] usbcore: registered new interface driver imon
[   15.597936][    T1] usbcore: registered new interface driver mceusb
[   15.600602][    T1] usbcore: registered new interface driver redrat3
[   15.603097][    T1] usbcore: registered new interface driver streamzap
[   15.605624][    T1] usbcore: registered new interface driver ttusbir
[   15.613399][    T1] usbcore: registered new interface driver ati_remote
[   15.617388][    T1] b2c2-flexcop: B2C2 FlexcopII/II(b)/III digital TV receiver chip loaded successfully
[   15.626002][    T1] usbcore: registered new interface driver b2c2_flexcop_usb
[   15.632368][    T1] usbcore: registered new interface driver dvb_usb_vp7045
[   15.636501][    T1] usbcore: registered new interface driver dvb_usb_vp702x
[   15.642687][    T1] usbcore: registered new interface driver dvb_usb_gp8psk
[   15.646531][    T1] usbcore: registered new interface driver dvb_usb_dtt200u
[   15.656797][    T1] usbcore: registered new interface driver dvb_usb_a800
[   15.662443][    T1] usbcore: registered new interface driver dvb_usb_dibusb_mb
[   15.671879][    T1] usbcore: registered new interface driver dvb_usb_dibusb_mc
[   15.677209][    T1] usbcore: registered new interface driver dvb_usb_nova_t_usb2
[   15.683095][    T1] usbcore: registered new interface driver dvb_usb_umt_010
[   15.687056][    T1] usbcore: registered new interface driver dvb_usb_m920x
[   15.690725][    T1] usbcore: registered new interface driver dvb_usb_digitv
[   15.694412][    T1] usbcore: registered new interface driver dvb_usb_cxusb
[   15.697896][    T1] usbcore: registered new interface driver dvb_usb_ttusb2
[   15.703387][    T1] usbcore: registered new interface driver dvb_usb_dib0700
[   15.712154][    T1] usbcore: registered new interface driver opera1
[   15.715648][    T1] usbcore: registered new interface driver dvb_usb_af9005
[   15.720847][    T1] failing symbol_get of non-GPLONLY symbol af9005_rc_decode.
[   15.725474][    T1] failing symbol_get of non-GPLONLY symbol af9005_rc_decode.
[   15.727702][    T1] failing symbol_get of non-GPLONLY symbol rc_map_af9005_table.
[   15.732344][    T1] failing symbol_get of non-GPLONLY symbol rc_map_af9005_table.
[   15.739850][    T1] failing symbol_get of non-GPLONLY symbol rc_map_af9005_table_size.
[   15.746226][    T1] failing symbol_get of non-GPLONLY symbol rc_map_af9005_table_size.
[   15.751722][    T1] af9005: af9005_rc_decode function not found, disabling remote
[   15.758135][    T1] usbcore: registered new interface driver pctv452e
[   15.762192][    T1] usbcore: registered new interface driver dw2102
[   15.765380][    T1] usbcore: registered new interface driver dvb_usb_dtv5100
[   15.769341][    T1] usbcore: registered new interface driver cinergyT2
[   15.776536][    T1] usbcore: registered new interface driver dvb_usb_az6027
[   15.782840][    T1] usbcore: registered new interface driver dvb_usb_technisat_usb2
[   15.787330][    T1] usbcore: registered new interface driver dvb_usb_af9015
[   15.796768][    T1] usbcore: registered new interface driver dvb_usb_af9035
[   15.800868][    T1] usbcore: registered new interface driver dvb_usb_anysee
[   15.805776][    T1] usbcore: registered new interface driver dvb_usb_au6610
[   15.812360][    T1] usbcore: registered new interface driver dvb_usb_az6007
[   15.817260][    T1] usbcore: registered new interface driver dvb_usb_ce6230
[   15.820486][    T1] usbcore: registered new interface driver dvb_usb_ec168
[   15.825388][    T1] usbcore: registered new interface driver dvb_usb_lmedm04
[   15.831741][    T1] usbcore: registered new interface driver dvb_usb_gl861
[   15.838821][    T1] usbcore: registered new interface driver dvb_usb_mxl111sf
[   15.844985][    T1] usbcore: registered new interface driver dvb_usb_rtl28xxu
[   15.853581][    T1] usbcore: registered new interface driver dvb_usb_dvbsky
[   15.857160][    T1] usbcore: registered new interface driver zd1301
[   15.866348][    T1] usbcore: registered new interface driver s2255
[   15.872407][    T1] usbcore: registered new interface driver smsusb
[   15.884582][    T1] usbcore: registered new interface driver ttusb
[   15.894502][    T1] usbcore: registered new interface driver ttusb-dec
[   15.900216][    T1] usbcore: registered new interface driver Abilis Systems as10x usb driver
[   15.905108][    T1] usbcore: registered new interface driver airspy
[   15.908546][    T1] gspca_main: v2.14.0 registered
[   15.916653][    T1] usbcore: registered new interface driver benq
[   15.922748][    T1] usbcore: registered new interface driver conex
[   15.925128][    T1] usbcore: registered new interface driver cpia1
[   15.928793][    T1] usbcore: registered new interface driver dtcs033
[   15.933370][    T1] usbcore: registered new interface driver etoms
[   15.936961][    T1] usbcore: registered new interface driver finepix
[   15.943982][    T1] usbcore: registered new interface driver jeilinj
[   15.947504][    T1] usbcore: registered new interface driver jl2005bcd
[   15.956449][    T1] usbcore: registered new interface driver kinect
[   15.960311][    T1] usbcore: registered new interface driver konica
[   15.964821][    T1] usbcore: registered new interface driver mars
[   15.967551][    T1] usbcore: registered new interface driver mr97310a
[   15.973924][    T1] usbcore: registered new interface driver nw80x
[   15.977074][    T1] usbcore: registered new interface driver ov519
[   15.979705][    T1] usbcore: registered new interface driver ov534
[   15.982951][    T1] usbcore: registered new interface driver ov534_9
[   15.985246][    T1] usbcore: registered new interface driver pac207
[   15.991222][    T1] usbcore: registered new interface driver gspca_pac7302
[   15.994790][    T1] usbcore: registered new interface driver pac7311
[   15.997532][    T1] usbcore: registered new interface driver se401
[   16.001419][    T1] usbcore: registered new interface driver sn9c2028
[   16.003942][    T1] usbcore: registered new interface driver gspca_sn9c20x
[   16.007007][    T1] usbcore: registered new interface driver sonixb
[   16.010933][    T1] usbcore: registered new interface driver sonixj
[   16.015172][    T1] usbcore: registered new interface driver spca500
[   16.017912][    T1] usbcore: registered new interface driver spca501
[   16.021081][    T1] usbcore: registered new interface driver spca505
[   16.024447][    T1] usbcore: registered new interface driver spca506
[   16.028613][    T1] usbcore: registered new interface driver spca508
[   16.032207][    T1] usbcore: registered new interface driver spca561
[   16.038567][    T1] usbcore: registered new interface driver spca1528
[   16.044652][    T1] usbcore: registered new interface driver sq905
[   16.047902][    T1] usbcore: registered new interface driver sq905c
[   16.058428][    T1] usbcore: registered new interface driver sq930x
[   16.061963][    T1] usbcore: registered new interface driver sunplus
[   16.065062][    T1] usbcore: registered new interface driver stk014
[   16.067296][    T1] usbcore: registered new interface driver stk1135
[   16.071014][    T1] usbcore: registered new interface driver stv0680
[   16.073166][    T1] usbcore: registered new interface driver t613
[   16.077111][    T1] usbcore: registered new interface driver gspca_topro
[   16.084060][    T1] usbcore: registered new interface driver touptek
[   16.087361][    T1] usbcore: registered new interface driver tv8532
[   16.092008][    T1] usbcore: registered new interface driver vc032x
[   16.103311][    T1] usbcore: registered new interface driver vicam
[   16.108006][    T1] usbcore: registered new interface driver xirlink-cit
[   16.108235][   T48] input: ImExPS/2 Generic Explorer Mouse as /devices/platform/i8042/serio1/input/input3
[   16.117812][    T1] usbcore: registered new interface driver gspca_zc3xx
[   16.131130][    T1] usbcore: registered new interface driver ALi m5602
[   16.136902][    T1] usbcore: registered new interface driver STV06xx
[   16.140371][    T1] usbcore: registered new interface driver gspca_gl860
[   16.145000][    T1] usbcore: registered new interface driver hackrf
[   16.148565][    T1] usbcore: registered new interface driver msi2500
[   16.156829][    T1] usbcore: registered new interface driver Philips webcam
[   16.165208][    T1] usbcore: registered new interface driver uvcvideo
[   16.173358][    T1] au0828: au0828 driver loaded
[   16.178581][    T1] usbcore: registered new interface driver au0828
[   16.184516][    T1] usbcore: registered new interface driver cx231xx
[   16.192951][    T1] usbcore: registered new interface driver em28xx
[   16.197098][    T1] em28xx: Registered (Em28xx v4l2 Extension) extension
[   16.203532][    T1] em28xx: Registered (Em28xx Audio Extension) extension
[   16.207183][    T1] em28xx: Registered (Em28xx dvb Extension) extension
[   16.210577][    T1] em28xx: Registered (Em28xx Input Extension) extension
[   16.217485][    T1] usbcore: registered new interface driver go7007
[   16.221587][    T1] usbcore: registered new interface driver go7007-loader
[   16.227694][    T1] usbcore: registered new interface driver hdpvr
[   16.236696][    T1] usbcore: registered new interface driver pvrusb2
[   16.240035][    T1] pvrusb2: V4L in-tree version:Hauppauge WinTV-PVR-USB2 MPEG2 Encoder/Tuner
[   16.243913][    T1] pvrusb2: Debug mask is 31 (0x1f)
[   16.248038][    T1] usbcore: registered new interface driver stk1160
[   16.251342][    T1] usbcore: registered new interface driver usbtv
[   16.266514][    T1] dvbdev: DVB: registering new adapter (dvb_vidtv_bridge)
[   16.284430][    T1] i2c i2c-0: DVB: registering adapter 0 frontend 0 (Dummy demod for DVB-T/T2/C/S/S2)...
[   16.294906][    T1] dvbdev: dvb_create_media_entity: media entity 'Dummy demod for DVB-T/T2/C/S/S2' registered.
[   16.317858][    T1] dvbdev: dvb_create_media_entity: media entity 'dvb-demux' registered.
[   16.339677][    T1] vidtv vidtv.0: Successfully initialized vidtv!
[   16.351665][    T1] vicodec vicodec.0: Device 'stateful-encoder' registered as /dev/video0
[   16.360407][    T1] vicodec vicodec.0: Device 'stateful-decoder' registered as /dev/video1
[   16.367184][    T1] vicodec vicodec.0: Device 'stateless-decoder' registered as /dev/video2
[   16.386115][    T1] vim2m vim2m.0: Device registered as /dev/video0
[   16.444073][    T1] vivid-000: using single planar format API
[   16.475188][    T1] vivid-000: CEC adapter cec0 registered for HDMI input 0
[   16.484973][    T1] vivid-000: V4L2 capture device registered as video7
[   16.489048][    T1] vivid-000: CEC adapter cec1 registered for HDMI output 0
[   16.502009][    T1] vivid-000: V4L2 output device registered as video8
[   16.508920][    T1] vivid-000: V4L2 capture device registered as vbi0, supports raw and sliced VBI
[   16.515068][    T1] vivid-000: V4L2 output device registered as vbi1, supports raw and sliced VBI
[   16.525825][    T1] vivid-000: V4L2 capture device registered as swradio0
[   16.537021][    T1] vivid-000: V4L2 receiver device registered as radio0
[   16.545198][    T1] vivid-000: V4L2 transmitter device registered as radio1
[   16.548685][    T1] vivid-000: V4L2 metadata capture device registered as video9
[   16.552260][    T1] vivid-000: V4L2 metadata output device registered as video10
[   16.559053][    T1] vivid-000: V4L2 touch capture device registered as v4l-touch0
[   16.568551][    T1] usbcore: registered new interface driver radioshark2
[   16.575773][    T1] usbcore: registered new interface driver radioshark
[   16.587754][    T1] usbcore: registered new interface driver radio-si470x
[   16.595753][    T1] usbcore: registered new interface driver radio-usb-si4713
[   16.606326][    T1] usbcore: registered new interface driver dsbr100
[   16.613125][    T1] usbcore: registered new interface driver radio-keene
[   16.617748][    T1] usbcore: registered new interface driver radio-ma901
[   16.623305][    T1] usbcore: registered new interface driver radio-mr800
[   16.628680][    T1] usbcore: registered new interface driver radio-raremono
[   16.643825][    T1] usbcore: registered new interface driver pcwd_usb
[   16.660123][    T1] device-mapper: core: CONFIG_IMA_DISABLE_HTABLE is disabled. Duplicate IMA measurements will not be recorded in the IMA log.
[   16.673052][    T1] device-mapper: uevent: version 1.0.3
[   16.680968][    T1] device-mapper: ioctl: 4.48.0-ioctl (2023-03-01) initialised: dm-devel@lists.linux.dev
[   16.687584][    T1] device-mapper: multipath round-robin: version 1.2.0 loaded
[   16.692051][    T1] device-mapper: multipath queue-length: version 0.2.0 loaded
[   16.694478][    T1] device-mapper: multipath service-time: version 0.3.0 loaded
[   16.700240][    T1] Bluetooth: HCI UART driver ver 2.3
[   16.704014][    T1] Bluetooth: HCI UART protocol H4 registered
[   16.706427][    T1] Bluetooth: HCI UART protocol BCSP registered
[   16.710315][    T1] Bluetooth: HCI UART protocol LL registered
[   16.712716][    T1] Bluetooth: HCI UART protocol Three-wire (H5) registered
[   16.715662][    T1] Bluetooth: HCI UART protocol QCA registered
[   16.717700][    T1] Bluetooth: HCI UART protocol AG6XX registered
[   16.719918][    T1] Bluetooth: HCI UART protocol Marvell registered
[   16.723524][    T1] usbcore: registered new interface driver bcm203x
[   16.727785][    T1] usbcore: registered new interface driver bpa10x
[   16.731831][    T1] usbcore: registered new interface driver bfusb
[   16.735094][    T1] usbcore: registered new interface driver btusb
[   16.741380][    T1] usbcore: registered new interface driver ath3k
[   16.748595][    T1] CAPI 2.0 started up with major 68 (middleware)
[   16.755002][    T1] Modular ISDN core version 1.1.29
[   16.765597][    T1] NET: Registered PF_ISDN protocol family
[   16.768253][    T1] DSP module 2.0
[   16.769967][    T1] mISDN_dsp: DSP clocks every 80 samples. This equals 1 jiffies.
[   16.785071][    T1] mISDN: Layer-1-over-IP driver Rev. 2.00
[   16.788488][    T1] 0 virtual devices registered
[   16.792094][    T1] usbcore: registered new interface driver HFC-S_USB
[   16.796309][    T1] intel_pstate: CPU model not supported
[   16.802112][    T1] VUB300 Driver rom wait states = 1C irqpoll timeout = 0400
[   16.811335][    T1] usbcore: registered new interface driver vub300
[   16.826404][    T1] usbcore: registered new interface driver ushc
[   16.843565][    T1] iscsi: registered transport (iser)
[   16.848030][    T1] SoftiWARP attached
[   16.865745][    T1] hid: raw HID events driver (C) Jiri Kosina
[   16.940370][    T1] usbcore: registered new interface driver usbhid
[   16.949718][    T1] usbhid: USB HID core driver
[   16.962496][    T1] usbcore: registered new interface driver es2_ap_driver
[   16.966826][    T1] comedi: version 0.7.76 - http://www.comedi.org
[   16.975600][    T1] usbcore: registered new interface driver dt9812
[   16.980165][    T1] usbcore: registered new interface driver ni6501
[   16.985296][    T1] usbcore: registered new interface driver usbdux
[   16.993642][    T1] usbcore: registered new interface driver usbduxfast
[   17.007819][    T1] usbcore: registered new interface driver usbduxsigma
[   17.012603][    T1] usbcore: registered new interface driver vmk80xx
[   17.020611][    T1] usbcore: registered new interface driver r8712u
[   17.027300][    T1] greybus: registered new driver hid
[   17.030380][    T1] greybus: registered new driver gbphy
[   17.032249][    T1] gb_gbphy: registered new driver usb
[   17.033981][    T1] asus_wmi: ASUS WMI generic driver loaded
[   17.207369][    T1] usbcore: registered new interface driver snd-usb-audio
[   17.216093][    T1] usbcore: registered new interface driver snd-ua101
[   17.221041][    T1] usbcore: registered new interface driver snd-usb-usx2y
[   17.225055][    T1] usbcore: registered new interface driver snd-usb-us122l
[   17.231121][    T1] usbcore: registered new interface driver snd-usb-caiaq
[   17.235428][    T1] usbcore: registered new interface driver snd-usb-6fire
[   17.238557][    T1] usbcore: registered new interface driver snd-usb-hiface
[   17.244882][    T1] usbcore: registered new interface driver snd-bcd2000
[   17.248075][    T1] usbcore: registered new interface driver snd_usb_pod
[   17.254158][    T1] usbcore: registered new interface driver snd_usb_podhd
[   17.258088][    T1] usbcore: registered new interface driver snd_usb_toneport
[   17.264547][    T1] usbcore: registered new interface driver snd_usb_variax
[   17.275450][    T1] drop_monitor: Initializing network drop monitor service
[   17.280251][    T1] NET: Registered PF_LLC protocol family
[   17.283787][    T1] GACT probability on
[   17.288264][    T1] Mirror/redirect action on
[   17.292394][    T1] Simple TC action Loaded
[   17.302335][    T1] netem: version 1.3
[   17.304747][    T1] u32 classifier
[   17.306848][    T1]     Performance counters on
[   17.308667][    T1]     input device check on
[   17.310599][    T1]     Actions configured
[   17.322494][    T1] xt_time: kernel timezone is -0000
[   17.326285][    T1] IPVS: Registered protocols (TCP, UDP, SCTP, AH, ESP)
[   17.330202][    T1] IPVS: Connection hash table configured (size=4096, memory=32Kbytes)
[   17.336570][    T1] IPVS: ipvs loaded.
[   17.338362][    T1] IPVS: [rr] scheduler registered.
[   17.341100][    T1] IPVS: [wrr] scheduler registered.
[   17.343584][    T1] IPVS: [lc] scheduler registered.
