bash: warning: setlocale: LC_ALL: cannot change locale (en_US.UTF-8)
c[?7l[2J[0mSeaBIOS (version 1.16.2-debian-1.16.2-1)
Booting from ROM...
c[?7l[2Jearly console in extract_kernel
input_data: 0x000000000f5212a3
input_len: 0x0000000005ec4c59
output: 0x0000000001000000
output_len: 0x00000000125bbc78
kernel_total_size: 0x0000000014426000
needed_size: 0x0000000014600000
trampoline_32bit: 0x0000000000000000

Decompressing Linux... Parsing ELF... done.
Booting the kernel (entry_offset: 0x000000000000007a).
[    0.000000][    T0] Linux version 6.11.0-rc4 (root@buildkitsandbox) (gcc (Debian 12.2.0-14+deb12u1) 12.2.0, GNU ld (GNU Binutils for Debian) 2.40) #1 SMP PREEMPT_DYNAMIC Fri May 22 04:10:15 UTC 2026
[    0.000000][    T0] Command line: console=ttyS0 oops=panic panic=86400 nokaslr earlyprintk=serial rdinit=/init
[    0.000000][    T0] KERNEL supported cpus:
[    0.000000][    T0]   Intel GenuineIntel
[    0.000000][    T0]   AMD AuthenticAMD
[    0.000000][    T0] BIOS-provided physical RAM map:
[    0.000000][    T0] BIOS-e820: [mem 0x0000000000000000-0x000000000009fbff] usable
[    0.000000][    T0] BIOS-e820: [mem 0x000000000009fc00-0x000000000009ffff] reserved
[    0.000000][    T0] BIOS-e820: [mem 0x00000000000f0000-0x00000000000fffff] reserved
[    0.000000][    T0] BIOS-e820: [mem 0x0000000000100000-0x000000007ffdffff] usable
[    0.000000][    T0] BIOS-e820: [mem 0x000000007ffe0000-0x000000007fffffff] reserved
[    0.000000][    T0] BIOS-e820: [mem 0x00000000feffc000-0x00000000feffffff] reserved
[    0.000000][    T0] BIOS-e820: [mem 0x00000000fffc0000-0x00000000ffffffff] reserved
[    0.000000][    T0] printk: legacy bootconsole [earlyser0] enabled
[    0.000000][    T0] NX (Execute Disable) protection: active
[    0.000000][    T0] APIC: Static calls initialized
[    0.000000][    T0] SMBIOS 2.8 present.
[    0.000000][    T0] DMI: QEMU Standard PC (i440FX + PIIX, 1996), BIOS 1.16.2-debian-1.16.2-1 04/01/2014
[    0.000000][    T0] DMI: Memory slots populated: 1/1
[    0.000000][    T0] Hypervisor detected: KVM
[    0.000000][    T0] kvm-clock: Using msrs 4b564d01 and 4b564d00
[    0.000006][    T0] kvm-clock: using sched offset of 1698899817 cycles
[    0.002264][    T0] clocksource: kvm-clock: mask: 0xffffffffffffffff max_cycles: 0x1cd42e4dffb, max_idle_ns: 881590591483 ns
[    0.008711][    T0] tsc: Detected 2995.198 MHz processor
[    0.020824][    T0] last_pfn = 0x7ffe0 max_arch_pfn = 0x400000000
[    0.024383][    T0] MTRR map: 4 entries (3 fixed + 1 variable; max 19), built from 8 variable MTRRs
[    0.029312][    T0] x86/PAT: Configuration [0-7]: WB  WC  UC- UC  WB  WP  UC- WT  
[    0.045746][    T0] found SMP MP-table at [mem 0x000f5ba0-0x000f5baf]
[    0.048972][    T0] Using GB pages for direct mapping
[    0.051551][    T0] Incomplete global flushes, disabling PCID
[    0.054121][    T0] RAMDISK: [mem 0x7fe8e000-0x7ffdffff]
[    0.059650][    T0] ACPI: Early table checksum verification disabled
[    0.061938][    T0] ACPI: RSDP 0x00000000000F59D0 000014 (v00 BOCHS )
[    0.064344][    T0] ACPI: RSDT 0x000000007FFE1B33 000034 (v01 BOCHS  BXPC     00000001 BXPC 00000001)
[    0.067363][    T0] ACPI: FACP 0x000000007FFE19DF 000074 (v01 BOCHS  BXPC     00000001 BXPC 00000001)
[    0.077740][    T0] ACPI: DSDT 0x000000007FFE0040 00199F (v01 BOCHS  BXPC     00000001 BXPC 00000001)
[    0.085302][    T0] ACPI: FACS 0x000000007FFE0000 000040
[    0.088294][    T0] ACPI: APIC 0x000000007FFE1A53 000080 (v01 BOCHS  BXPC     00000001 BXPC 00000001)
[    0.091636][    T0] ACPI: HPET 0x000000007FFE1AD3 000038 (v01 BOCHS  BXPC     00000001 BXPC 00000001)
[    0.094673][    T0] ACPI: WAET 0x000000007FFE1B0B 000028 (v01 BOCHS  BXPC     00000001 BXPC 00000001)
[    0.099882][    T0] ACPI: Reserving FACP table memory at [mem 0x7ffe19df-0x7ffe1a52]
[    0.102612][    T0] ACPI: Reserving DSDT table memory at [mem 0x7ffe0040-0x7ffe19de]
[    0.106007][    T0] ACPI: Reserving FACS table memory at [mem 0x7ffe0000-0x7ffe003f]
[    0.108662][    T0] ACPI: Reserving APIC table memory at [mem 0x7ffe1a53-0x7ffe1ad2]
[    0.111340][    T0] ACPI: Reserving HPET table memory at [mem 0x7ffe1ad3-0x7ffe1b0a]
[    0.113892][    T0] ACPI: Reserving WAET table memory at [mem 0x7ffe1b0b-0x7ffe1b32]
[    0.117499][    T0] No NUMA configuration found
[    0.119198][    T0] Faking a node at [mem 0x0000000000000000-0x000000007ffdffff]
[    0.122965][    T0] NODE_DATA(0) allocated [mem 0x7fe87e00-0x7fe8ddff]
[    0.138903][    T0] Zone ranges:
[    0.140051][    T0]   DMA      [mem 0x0000000000001000-0x0000000000ffffff]
[    0.142566][    T0]   DMA32    [mem 0x0000000001000000-0x000000007ffdffff]
[    0.144960][    T0]   Normal   empty
[    0.146144][    T0]   Device   empty
[    0.147576][    T0] Movable zone start for each node
[    0.149319][    T0] Early memory node ranges
[    0.150919][    T0]   node   0: [mem 0x0000000000001000-0x000000000009efff]
[    0.153277][    T0]   node   0: [mem 0x0000000000100000-0x000000007ffdffff]
[    0.155518][    T0] Initmem setup node 0 [mem 0x0000000000001000-0x000000007ffdffff]
[    0.158031][    T0] On node 0, zone DMA: 1 pages in unavailable ranges
[    0.160359][    T0] On node 0, zone DMA: 97 pages in unavailable ranges
[    0.182075][    T0] On node 0, zone DMA32: 32 pages in unavailable ranges
[    0.362706][    T0] kasan: KernelAddressSanitizer initialized
[    0.366188][    T0] ACPI: PM-Timer IO Port: 0x608
[    0.368549][    T0] ACPI: LAPIC_NMI (acpi_id[0xff] dfl dfl lint[0x1])
[    0.372042][    T0] IOAPIC[0]: apic_id 0, version 17, address 0xfec00000, GSI 0-23
[    0.378037][    T0] ACPI: INT_SRC_OVR (bus 0 bus_irq 0 global_irq 2 dfl dfl)
[    0.382003][    T0] ACPI: INT_SRC_OVR (bus 0 bus_irq 5 global_irq 5 high level)
[    0.385426][    T0] ACPI: INT_SRC_OVR (bus 0 bus_irq 9 global_irq 9 high level)
[    0.420374][    T0] ACPI: INT_SRC_OVR (bus 0 bus_irq 10 global_irq 10 high level)
[    0.423986][    T0] ACPI: INT_SRC_OVR (bus 0 bus_irq 11 global_irq 11 high level)
[    0.433473][    T0] ACPI: Using ACPI (MADT) for SMP configuration information
[    0.448861][    T0] ACPI: HPET id: 0x8086a201 base: 0xfed00000
[    0.452621][    T0] TSC deadline timer available
[    0.455241][    T0] CPU topo: Max. logical packages:   1
[    0.458145][    T0] CPU topo: Max. logical dies:       1
[    0.470976][    T0] CPU topo: Max. dies per package:   1
[    0.473838][    T0] CPU topo: Max. threads per core:   1
[    0.482825][    T0] CPU topo: Num. cores per package:     2
[    0.487180][    T0] CPU topo: Num. threads per package:   2
[    0.489689][    T0] CPU topo: Allowing 2 present CPUs plus 0 hotplug CPUs
[    0.493311][    T0] kvm-guest: APIC: eoi() replaced with kvm_guest_apic_eoi_write()
[    0.497156][    T0] kvm-guest: KVM setup pv remote TLB flush
[    0.499170][    T0] kvm-guest: setup PV sched yield
[    0.501166][    T0] PM: hibernation: Registered nosave memory: [mem 0x00000000-0x00000fff]
[    0.503895][    T0] PM: hibernation: Registered nosave memory: [mem 0x0009f000-0x0009ffff]
[    0.507906][    T0] PM: hibernation: Registered nosave memory: [mem 0x000a0000-0x000effff]
[    0.511988][    T0] PM: hibernation: Registered nosave memory: [mem 0x000f0000-0x000fffff]
[    0.515280][    T0] [mem 0x80000000-0xfeffbfff] available for PCI devices
[    0.521534][    T0] Booting paravirtualized kernel on KVM
[    0.525926][    T0] clocksource: refined-jiffies: mask: 0xffffffff max_cycles: 0xffffffff, max_idle_ns: 19112604462750000 ns
[    0.794860][    T0] setup_percpu: NR_CPUS:8 nr_cpumask_bits:2 nr_cpu_ids:2 nr_node_ids:1
[    0.884786][    T0] percpu: Embedded 74 pages/cpu s265288 r8192 d29624 u1048576
[    0.890721][    T0] kvm-guest: PV spinlocks enabled
[    0.894461][    T0] PV qspinlock hash table entries: 256 (order: 0, 4096 bytes, linear)
[    0.900290][    T0] Kernel command line: console=ttyS0 oops=panic panic=86400 nokaslr earlyprintk=serial rdinit=/init
[    0.916313][    T0] random: crng init done
[    0.922739][    T0] Dentry cache hash table entries: 262144 (order: 9, 2097152 bytes, linear)
[    0.930844][    T0] Inode-cache hash table entries: 131072 (order: 8, 1048576 bytes, linear)
[    0.936356][    T0] Fallback order for Node 0: 0 
[    0.936390][    T0] Built 1 zonelists, mobility grouping on.  Total pages: 524158
[    0.941042][    T0] Policy zone: DMA32
[    0.947689][    T0] mem auto-init: stack:all(zero), heap alloc:on, heap free:off
[    0.950000][    T0] stackdepot: allocating hash table via alloc_large_system_hash
[    0.952866][    T0] stackdepot hash table entries: 1048576 (order: 12, 16777216 bytes, linear)
[    1.609433][    T0] SLUB: HWalign=64, Order=0-3, MinObjects=0, CPUs=2, Nodes=1
[    1.681423][    T0] allocated 4194304 bytes of page_ext
[    1.689699][    T0] Dynamic Preempt: full
[    1.712544][    T0] Running RCU self tests
[    1.720872][    T0] Running RCU synchronous self tests
[    1.722303][    T0] rcu: Preemptible hierarchical RCU implementation.
[    1.723577][    T0] rcu: 	RCU lockdep checking is enabled.
[    1.724823][    T0] rcu: 	RCU restricting CPUs from NR_CPUS=8 to nr_cpu_ids=2.
[    1.726427][    T0] rcu: 	RCU callback double-/use-after-free debug is enabled.
[    1.727976][    T0] rcu: 	RCU debug extended QS entry/exit.
[    1.729085][    T0] 	Trampoline variant of Tasks RCU enabled.
[    1.733615][    T0] 	Tracing variant of Tasks RCU enabled.
[    1.736728][    T0] rcu: RCU calculated value of scheduler-enlistment delay is 10 jiffies.
[    1.741032][    T0] rcu: Adjusting geometry for rcu_fanout_leaf=16, nr_cpu_ids=2
[    1.750931][    T0] Running RCU synchronous self tests
[    1.752169][    T0] RCU Tasks: Setting shift to 1 and lim to 1 rcu_task_cb_adjust=1.
[    1.755752][    T0] RCU Tasks Trace: Setting shift to 1 and lim to 1 rcu_task_cb_adjust=1.
[    2.046892][    T0] NR_IRQS: 4352, nr_irqs: 440, preallocated irqs: 16
[    2.065378][    T0] rcu: srcu_init: Setting srcu_struct sizes based on contention.
[    2.077668][    T0] kfence: initialized - using 2097152 bytes for 255 objects at 0x(____ptrval____)-0x(____ptrval____)
[    2.120648][    T0] Console: colour VGA+ 80x25
[    2.127709][    T0] printk: legacy console [ttyS0] enabled
[    2.127709][    T0] printk: legacy console [ttyS0] enabled
[    2.134802][    T0] printk: legacy bootconsole [earlyser0] disabled
[    2.134802][    T0] printk: legacy bootconsole [earlyser0] disabled
[    2.137849][    T0] Lock dependency validator: Copyright (c) 2006 Red Hat, Inc., Ingo Molnar
[    2.139521][    T0] ... MAX_LOCKDEP_SUBCLASSES:  8
[    2.140477][    T0] ... MAX_LOCK_DEPTH:          48
[    2.144375][    T0] ... MAX_LOCKDEP_KEYS:        8192
[    2.147983][    T0] ... CLASSHASH_SIZE:          4096
[    2.154149][    T0] ... MAX_LOCKDEP_ENTRIES:     131072
[    2.156246][    T0] ... MAX_LOCKDEP_CHAINS:      262144
[    2.157652][    T0] ... CHAINHASH_SIZE:          131072
[    2.161141][    T0]  memory used by lock dependency info: 20721 kB
[    2.162557][    T0]  memory used for stack traces: 8320 kB
[    2.165669][    T0]  per task-struct memory footprint: 1920 bytes
[    2.170893][    T0] ACPI: Core revision 20240322
[    2.188463][    T0] clocksource: hpet: mask: 0xffffffff max_cycles: 0xffffffff, max_idle_ns: 19112604467 ns
[    2.199255][    T0] APIC: Switch to symmetric I/O mode setup
[    2.207207][    T0] x2apic enabled
[    2.215480][    T0] APIC: Switched APIC routing to: physical x2apic
[    2.217811][    T0] kvm-guest: APIC: send_IPI_mask() replaced with kvm_send_ipi_mask()
[    2.227575][    T0] kvm-guest: APIC: send_IPI_mask_allbutself() replaced with kvm_send_ipi_mask_allbutself()
[    2.231936][    T0] kvm-guest: setup PV IPIs
[    2.245405][    T0] ..TIMER: vector=0x30 apic1=0 pin1=2 apic2=-1 pin2=-1
[    2.247758][    T0] clocksource: tsc-early: mask: 0xffffffffffffffff max_cycles: 0x2b2c8d6afc8, max_idle_ns: 440795331172 ns
[    2.255144][    T0] Calibrating delay loop (skipped) preset value.. 5990.39 BogoMIPS (lpj=29951980)
[    2.260951][    T0] x86/cpu: User Mode Instruction Prevention (UMIP) activated
[    2.284336][    T0] Last level iTLB entries: 4KB 0, 2MB 0, 4MB 0
[    2.287280][    T0] Last level dTLB entries: 4KB 0, 2MB 0, 4MB 0, 1GB 0
[    2.289057][    T0] Spectre V1 : Mitigation: usercopy/swapgs barriers and __user pointer sanitization
[    2.294873][    T0] Spectre V2 : WARNING: Unprivileged eBPF is enabled with eIBRS on, data leaks possible via Spectre v2 BHB attacks!
[    2.302804][    T0] Spectre V2 : Spectre BHI mitigation: SW BHB clearing on syscall and VM exit
[    2.312777][    T0] Spectre V2 : Mitigation: Enhanced / Automatic IBRS
[    2.322946][    T0] Spectre V2 : Spectre v2 / SpectreRSB mitigation: Filling RSB on context switch
[    2.327048][    T0] Spectre V2 : Spectre v2 / PBRSB-eIBRS: Retire a single CALL on VMEXIT
[    2.332761][    T0] RETBleed: Mitigation: Enhanced IBRS
[    2.342817][    T0] Spectre V2 : mitigation: Enabling conditional Indirect Branch Prediction Barrier
[    2.345258][    T0] Speculative Store Bypass: Mitigation: Speculative Store Bypass disabled via prctl
[    2.350687][    T0] MMIO Stale Data: Unknown: No mitigations
[    2.352752][    T0] Register File Data Sampling: Vulnerable: No microcode
[    2.363029][    T0] x86/fpu: Supporting XSAVE feature 0x001: 'x87 floating point registers'
[    2.372708][    T0] x86/fpu: Supporting XSAVE feature 0x002: 'SSE registers'
[    2.374889][    T0] x86/fpu: Supporting XSAVE feature 0x004: 'AVX registers'
[    2.377234][    T0] x86/fpu: xstate_offset[2]:  576, xstate_sizes[2]:  256
[    2.382708][    T0] x86/fpu: Enabled xstate features 0x7, context size is 832 bytes, using 'compacted' format.
[    3.026955][    T0] Freeing SMP alternatives memory: 124K
[    3.029910][    T0] pid_max: default: 32768 minimum: 301
[    3.036220][    T0] LSM: initializing lsm=lockdown,capability,landlock,yama,safesetid,tomoyo,apparmor,bpf,ima,evm
[    3.043483][    T0] landlock: Up and running.
[    3.044845][    T0] Yama: becoming mindful.
[    3.056315][    T0] TOMOYO Linux initialized
[    3.064374][    T0] AppArmor: AppArmor initialized
[    3.069201][    T0] LSM support for eBPF active
[    3.074897][    T0] Mount-cache hash table entries: 4096 (order: 3, 32768 bytes, linear)
[    3.083071][    T0] Mountpoint-cache hash table entries: 4096 (order: 3, 32768 bytes, linear)
[    3.148383][    T0] Running RCU synchronous self tests
[    3.152861][    T0] Running RCU synchronous self tests
[    3.177982][    T1] smpboot: CPU0: 13th Gen Intel(R) Core(TM) i9-13900H (family: 0x6, model: 0xba, stepping: 0x2)
[    3.291210][    T1] Running RCU Tasks wait API self tests
[    3.415246][    T1] Running RCU Tasks Trace wait API self tests
[    3.424348][    T1] Performance Events: unsupported p6 CPU model 186 no PMU driver, software events only.
[    3.431338][    T1] signal: max sigframe size: 1776
[    3.437784][    T1] rcu: Hierarchical SRCU implementation.
[    3.443262][    T1] rcu: 	Max phase no-delay instances is 1000.
[    3.452532][    T1] Timer migration: 1 hierarchy levels; 8 children per group; 1 crossnode level
[    3.452996][   T16] Callback from call_rcu_tasks_trace() invoked.
[    3.462783][    T1] NMI watchdog: Perf NMI watchdog permanently disabled
[    3.472764][    T1] smp: Bringing up secondary CPUs ...
[    3.512388][    T1] smpboot: x86: Booting SMP configuration:
[    3.515305][    T1] .... node  #0, CPUs:      #1
[    3.535902][    T1] smp: Brought up 1 node, 2 CPUs
[    3.545913][    T1] smpboot: Total of 2 processors activated (11980.79 BogoMIPS)
[    3.588592][    T1] Memory: 1393080K/2096632K available (167936K kernel code, 40148K rwdata, 37964K rodata, 26260K init, 35092K bss, 692688K reserved, 0K cma-reserved)
[    3.595138][    T1] devtmpfs: initialized
[    3.595308][    T1] x86/mm: Memory block size: 128MB
[    3.633720][   T14] Callback from call_rcu_tasks() invoked.
[    3.684233][    T1] Running RCU synchronous self tests
[    3.693062][    T1] Running RCU synchronous self tests
[    3.694655][    T1] clocksource: jiffies: mask: 0xffffffff max_cycles: 0xffffffff, max_idle_ns: 19112604462750000 ns
[    3.695549][    T1] futex hash table entries: 512 (order: 4, 65536 bytes, linear)
[    3.702704][    T1] PM: RTC time: 05:23:33, date: 2026-05-22
[    3.713944][    T1] NET: Registered PF_NETLINK/PF_ROUTE protocol family
[    3.722851][    T1] audit: initializing netlink subsys (disabled)
[    3.724740][   T30] audit: type=2000 audit(1779427413.407:1): state=initialized audit_enabled=0 res=1
[    3.726909][    T1] thermal_sys: Registered thermal governor 'step_wise'
[    3.728016][    T1] thermal_sys: Registered thermal governor 'user_space'
[    3.732935][    T1] cpuidle: using governor menu
[    3.739550][    T1] NET: Registered PF_QIPCRTR protocol family
[    3.750477][    T1] dca service started, version 1.12.1
[    3.753032][    T1] PCI: Using configuration type 1 for base access
[    3.757407][    T1] HugeTLB: registered 1.00 GiB page size, pre-allocated 0 pages
[    3.762686][    T1] HugeTLB: 16380 KiB vmemmap can be freed for a 1.00 GiB page
[    3.764569][    T1] HugeTLB: registered 2.00 MiB page size, pre-allocated 0 pages
[    3.767698][    T1] HugeTLB: 28 KiB vmemmap can be freed for a 2.00 MiB page
[    3.793398][    T1] cryptd: max_cpu_qlen set to 1000
[    3.804318][    T1] raid6: skipped pq benchmark and selected avx2x4
[    3.806842][    T1] raid6: using avx2x2 recovery algorithm
[    3.812948][    T1] ACPI: Added _OSI(Module Device)
[    3.812948][    T1] ACPI: Added _OSI(Processor Device)
[    3.814108][    T1] ACPI: Added _OSI(3.0 _SCP Extensions)
[    3.816322][    T1] ACPI: Added _OSI(Processor Aggregator Device)
[    3.879856][    T1] ACPI: 1 ACPI AML tables successfully acquired and loaded
[    3.920362][    T1] ACPI: Interpreter enabled
[    3.923271][    T1] ACPI: PM: (supports S0 S3 S4 S5)
[    3.929465][    T1] ACPI: Using IOAPIC for interrupt routing
[    3.931398][    T1] PCI: Using host bridge windows from ACPI; if necessary, use "pci=nocrs" and report a bug
[    3.932739][    T1] PCI: Using E820 reservations for host bridge windows
[    3.941982][    T1] ACPI: Enabled 2 GPEs in block 00 to 0F
[    4.061105][    T1] ACPI: PCI Root Bridge [PCI0] (domain 0000 [bus 00-ff])
[    4.062759][    T1] acpi PNP0A03:00: _OSC: OS supports [ASPM ClockPM Segments MSI HPX-Type3]
[    4.066759][    T1] acpi PNP0A03:00: _OSC: not requesting OS control; OS requires [ExtendedConfig ASPM ClockPM MSI]
[    4.073412][    T1] acpi PNP0A03:00: fail to add MMCONFIG information, can't access extended configuration space under this bridge
[    4.079189][    T1] PCI host bridge to bus 0000:00
[    4.083180][    T1] pci_bus 0000:00: root bus resource [io  0x0000-0x0cf7 window]
[    4.088462][    T1] pci_bus 0000:00: root bus resource [io  0x0d00-0xffff window]
[    4.092703][    T1] pci_bus 0000:00: root bus resource [mem 0x000a0000-0x000bffff window]
[    4.095301][    T1] pci_bus 0000:00: root bus resource [mem 0x80000000-0xfebfffff window]
[    4.097977][    T1] pci_bus 0000:00: root bus resource [mem 0x100000000-0x17fffffff window]
[    4.100995][    T1] pci_bus 0000:00: root bus resource [bus 00-ff]
[    4.103109][    T1] pci 0000:00:00.0: [8086:1237] type 00 class 0x060000 conventional PCI endpoint
[    4.151195][    T1] pci 0000:00:01.0: [8086:7000] type 00 class 0x060100 conventional PCI endpoint
[    4.194773][    T1] pci 0000:00:01.1: [8086:7010] type 00 class 0x010180 conventional PCI endpoint
[    4.199352][    T1] pci 0000:00:01.1: BAR 4 [io  0xc000-0xc00f]
[    4.203732][    T1] pci 0000:00:01.1: BAR 0 [io  0x01f0-0x01f7]: legacy IDE quirk
[    4.209784][    T1] pci 0000:00:01.1: BAR 1 [io  0x03f6]: legacy IDE quirk
[    4.212690][    T1] pci 0000:00:01.1: BAR 2 [io  0x0170-0x0177]: legacy IDE quirk
[    4.215617][    T1] pci 0000:00:01.1: BAR 3 [io  0x0376]: legacy IDE quirk
[    4.224027][    T1] pci 0000:00:01.3: [8086:7113] type 00 class 0x068000 conventional PCI endpoint
[    4.233238][    T1] pci 0000:00:01.3: quirk: [io  0x0600-0x063f] claimed by PIIX4 ACPI
[    4.235548][    T1] pci 0000:00:01.3: quirk: [io  0x0700-0x070f] claimed by PIIX4 SMB
[    4.239490][    T1] pci 0000:00:02.0: [1234:1111] type 00 class 0x030000 conventional PCI endpoint
[    4.246107][    T1] pci 0000:00:02.0: BAR 0 [mem 0xfd000000-0xfdffffff pref]
[    4.251508][    T1] pci 0000:00:02.0: BAR 2 [mem 0xfebf0000-0xfebf0fff]
[    4.260700][    T1] pci 0000:00:02.0: ROM [mem 0xfebe0000-0xfebeffff pref]
[    4.265549][    T1] pci 0000:00:02.0: Video device with shadowed ROM at [mem 0x000c0000-0x000dffff]
[    4.351131][    T1] ACPI: PCI: Interrupt link LNKA configured for IRQ 10
[    4.357318][    T1] ACPI: PCI: Interrupt link LNKB configured for IRQ 10
[    4.363404][    T1] ACPI: PCI: Interrupt link LNKC configured for IRQ 11
[    4.369626][    T1] ACPI: PCI: Interrupt link LNKD configured for IRQ 11
[    4.374838][    T1] ACPI: PCI: Interrupt link LNKS configured for IRQ 9
[    4.394804][    T1] iommu: Default domain type: Translated
[    4.397998][    T1] iommu: DMA domain TLB invalidation policy: lazy mode
[    4.408041][    T1] SCSI subsystem initialized
[    4.412088][    T1] ACPI: bus type USB registered
[    4.414236][    T1] usbcore: registered new interface driver usbfs
[    4.422313][    T1] usbcore: registered new interface driver hub
[    4.423241][    T1] usbcore: registered new device driver usb
[    4.435757][    T1] mc: Linux media interface: v0.10
[    4.439356][    T1] videodev: Linux video capture interface: v2.00
[    4.444101][    T1] pps_core: LinuxPPS API ver. 1 registered
[    4.446534][    T1] pps_core: Software ver. 5.3.6 - Copyright 2005-2007 Rodolfo Giometti <giometti@linux.it>
[    4.449612][    T1] PTP clock support registered
[    4.462927][    T1] EDAC MC: Ver: 3.0.0
[    4.470276][    T1] Advanced Linux Sound Architecture Driver Initialized.
[    4.478552][    T1] Bluetooth: Core ver 2.22
[    4.480085][    T1] NET: Registered PF_BLUETOOTH protocol family
[    4.481888][    T1] Bluetooth: HCI device and connection manager initialized
[    4.483168][    T1] Bluetooth: HCI socket layer initialized
[    4.484984][    T1] Bluetooth: L2CAP socket layer initialized
[    4.487298][    T1] Bluetooth: SCO socket layer initialized
[    4.490787][    T1] NET: Registered PF_ATMPVC protocol family
[    4.492686][    T1] NET: Registered PF_ATMSVC protocol family
[    4.494884][    T1] NetLabel: Initializing
[    4.496155][    T1] NetLabel:  domain hash size = 128
[    4.499399][    T1] NetLabel:  protocols = UNLABELED CIPSOv4 CALIPSO
[    4.504370][    T1] NetLabel:  unlabeled traffic allowed by default
[    4.511198][    T1] nfc: nfc_init: NFC Core ver 0.1
[    4.513117][    T1] NET: Registered PF_NFC protocol family
[    4.515234][    T1] PCI: Using ACPI for IRQ routing
[    4.517820][    T1] pci 0000:00:02.0: vgaarb: setting as boot VGA device
[    4.520683][    T1] pci 0000:00:02.0: vgaarb: bridge control possible
[    4.522661][    T1] pci 0000:00:02.0: vgaarb: VGA device added: decodes=io+mem,owns=io+mem,locks=none
[    4.522717][    T1] vgaarb: loaded
[    4.526617][    T1] hpet0: at MMIO 0xfed00000, IRQs 2, 8, 0
[    4.531103][    T1] hpet0: 3 comparators, 64-bit 100.000000 MHz counter
[    4.536264][    T1] clocksource: Switched to clocksource kvm-clock
[    4.543003][    T1] VFS: Disk quotas dquot_6.6.0
[    4.547328][    T1] VFS: Dquot-cache hash table entries: 512 (order 0, 4096 bytes)
[    4.558397][    T1] netfs: FS-Cache loaded
[    4.561296][    T1] CacheFiles: Loaded
[    4.563553][    T1] TOMOYO: 2.6.0
[    4.565720][    T1] Mandatory Access Control activated.
[    4.571544][    T1] AppArmor: AppArmor Filesystem Enabled
[    4.574200][    T1] pnp: PnP ACPI init
[    4.587029][    T1] pnp: PnP ACPI: found 6 devices
[    4.638219][    T1] clocksource: acpi_pm: mask: 0xffffff max_cycles: 0xffffff, max_idle_ns: 2085701024 ns
[    4.644132][    T1] NET: Registered PF_INET protocol family
[    4.646704][    T1] IP idents hash table entries: 32768 (order: 6, 262144 bytes, linear)
[    4.662075][    T1] tcp_listen_portaddr_hash hash table entries: 1024 (order: 4, 73728 bytes, linear)
[    4.667202][    T1] Table-perturb hash table entries: 65536 (order: 6, 262144 bytes, linear)
[    4.671697][    T1] TCP established hash table entries: 16384 (order: 5, 131072 bytes, linear)
[    4.683956][    T1] TCP bind hash table entries: 16384 (order: 9, 2359296 bytes, linear)
[    4.687215][    T1] TCP: Hash tables configured (established 16384 bind 16384)
[    4.692618][    T1] MPTCP token hash table entries: 2048 (order: 5, 180224 bytes, linear)
[    4.699033][    T1] UDP hash table entries: 1024 (order: 5, 163840 bytes, linear)
[    4.702082][    T1] UDP-Lite hash table entries: 1024 (order: 5, 163840 bytes, linear)
[    4.705223][    T1] NET: Registered PF_UNIX/PF_LOCAL protocol family
[    4.712899][    T1] RPC: Registered named UNIX socket transport module.
[    4.716411][    T1] RPC: Registered udp transport module.
[    4.718180][    T1] RPC: Registered tcp transport module.
[    4.719861][    T1] RPC: Registered tcp-with-tls transport module.
[    4.722027][    T1] RPC: Registered tcp NFSv4.1 backchannel transport module.
[    4.726980][    T1] NET: Registered PF_XDP protocol family
[    4.729041][    T1] pci_bus 0000:00: resource 4 [io  0x0000-0x0cf7 window]
[    4.736305][    T1] pci_bus 0000:00: resource 5 [io  0x0d00-0xffff window]
[    4.738401][    T1] pci_bus 0000:00: resource 6 [mem 0x000a0000-0x000bffff window]
[    4.740764][    T1] pci_bus 0000:00: resource 7 [mem 0x80000000-0xfebfffff window]
[    4.743034][    T1] pci_bus 0000:00: resource 8 [mem 0x100000000-0x17fffffff window]
[    4.746756][    T1] pci 0000:00:01.0: PIIX3: Enabling Passive Release
[    4.748734][    T1] pci 0000:00:00.0: Limiting direct PCI/PCI transfers
[    4.751001][    T1] PCI: CLS 0 bytes, default 64
[    4.757678][   T51] Trying to unpack rootfs image as initramfs...
[    4.771077][    T1] ACPI: bus type thunderbolt registered
[    4.774971][    T1] RAPL PMU: API unit is 2^-32 Joules, 0 fixed counters, 10737418240 ms ovfl timer
[    4.834496][    T1] kvm_amd: CPU 1 isn't AMD or Hygon
[    4.835967][    T1] clocksource: tsc: mask: 0xffffffffffffffff max_cycles: 0x2b2c8d6afc8, max_idle_ns: 440795331172 ns
[    4.892162][   T51] Freeing initrd memory: 1352K
[    4.896849][   T65] kworker/u8:4 (65) used greatest stack depth: 28680 bytes left
[    4.899418][   T69] kworker/u8:4 (69) used greatest stack depth: 28416 bytes left
[    4.904159][   T63] kworker/u8:1 (63) used greatest stack depth: 27728 bytes left
[    6.657712][    T1] Initialise system trusted keyrings
[    6.660620][    T1] workingset: timestamp_bits=40 max_order=19 bucket_order=0
[    6.672481][    T1] DLM installed
[    6.676696][    T1] squashfs: version 4.0 (2009/01/31) Phillip Lougher
[    6.686836][    T1] NFS: Registering the id_resolver key type
[    6.689756][    T1] Key type id_resolver registered
[    6.691388][    T1] Key type id_legacy registered
[    6.693322][    T1] nfs4filelayout_init: NFSv4 File Layout Driver Registering...
[    6.695847][    T1] nfs4flexfilelayout_init: NFSv4 Flexfile Layout Driver Registering...
[    6.711583][    T1] Key type cifs.spnego registered
[    6.713527][    T1] Key type cifs.idmap registered
[    6.715190][    T1] ntfs3: Enabled Linux POSIX ACLs support
[    6.716834][    T1] ntfs3: Read-only LZX/Xpress compression included
[    6.718840][    T1] efs: 1.0a - http://aeschi.ch.eu.org/efs/
[    6.725565][    T1] jffs2: version 2.2. (NAND) (SUMMARY)  © 2001-2006 Red Hat, Inc.
[    6.731282][    T1] romfs: ROMFS MTD (C) 2007 Red Hat, Inc.
[    6.733089][    T1] QNX4 filesystem 0.2.3 registered.
[    6.734506][    T1] qnx6: QNX6 filesystem 1.0.0 registered.
[    6.737226][    T1] fuse: init (API version 7.40)
[    6.747070][    T1] orangefs_debugfs_init: called with debug mask: :none: :0:
[    6.751010][    T1] orangefs_init: module version upstream loaded
[    6.756321][    T1] JFS: nTxBlock = 8192, nTxLock = 65536
[    6.777921][    T1] SGI XFS with ACLs, security attributes, realtime, quota, no debug enabled
[    6.783427][    T1] 9p: Installing v9fs 9p2000 file system support
[    6.787886][    T1] NILFS version 2 loaded
[    6.789242][    T1] befs: version: 0.9.3
[    6.793301][    T1] ocfs2: Registered cluster interface o2cb
[    6.795832][    T1] ocfs2: Registered cluster interface user
[    6.798123][    T1] OCFS2 User DLM kernel interface loaded
[    6.816926][    T1] gfs2: GFS2 installed
[    6.823991][    T1] ceph: loaded (mds proto 32)
[    6.845737][    T1] NET: Registered PF_ALG protocol family
[    6.849092][    T1] xor: automatically using best checksumming function   avx       
[    6.853369][    T1] async_tx: api initialized (async)
[    6.855049][    T1] Key type asymmetric registered
[    6.856666][    T1] Asymmetric key parser 'x509' registered
[    6.860794][    T1] Asymmetric key parser 'pkcs8' registered
[    6.862803][    T1] Key type pkcs7_test registered
[    6.864788][    T1] Block layer SCSI generic (bsg) driver version 0.4 loaded (major 238)
[    6.868392][    T1] io scheduler mq-deadline registered
[    6.869710][    T1] io scheduler kyber registered
[    6.871986][    T1] io scheduler bfq registered
[    6.901409][    T1] input: Power Button as /devices/LNXSYSTM:00/LNXPWRBN:00/input/input0
[    6.911728][    T1] ACPI: button: Power Button [PWRF]
[    6.921484][    T1] ioatdma: Intel(R) QuickData Technology Driver 5.00
[    6.977856][  T211] kworker/u8:4 (211) used greatest stack depth: 27488 bytes left
[    7.325701][    T1] N_HDLC line discipline registered with maxframe=4096
[    7.328165][    T1] Serial: 8250/16550 driver, 4 ports, IRQ sharing enabled
[    7.341540][    T1] 00:04: ttyS0 at I/O 0x3f8 (irq = 4, base_baud = 115200) is a 16550A
[    7.379856][    T1] Non-volatile memory driver v1.3
[    7.382571][    T1] Linux agpgart interface v0.103
[    7.387241][    T1] usbcore: registered new interface driver xillyusb
[    7.397545][    T1] ACPI: bus type drm_connector registered
[    7.407101][    T1] [drm] Initialized vgem 1.0.0 for vgem on minor 0
[    7.420074][    T1] [drm] Initialized vkms 1.0.0 for vkms on minor 1
[    7.499856][    T1] Console: switching to colour frame buffer device 128x48
[    7.518317][    T1] platform vkms: [drm] fb0: vkmsdrmfb frame buffer device
[    7.520915][    T1] usbcore: registered new interface driver udl
[    7.530433][    T1] bochs-drm 0000:00:02.0: vgaarb: deactivate vga console
[    7.546871][    T1] [drm] Found bochs VGA, ID 0xb0c5.
[    7.551006][    T1] [drm] Framebuffer size 16384 kB @ 0xfd000000, mmio @ 0xfebf0000.
[    7.560460][    T1] [drm] Found EDID data blob.
[    7.568789][    T1] [drm] Initialized bochs-drm 1.0.0 for 0000:00:02.0 on minor 2
[    7.594244][    T1] fbcon: bochs-drmdrmfb (fb1) is primary device
[    7.594259][    T1] fbcon: Remapping primary device, fb1, to tty 1-63
[    8.167450][    T1] bochs-drm 0000:00:02.0: [drm] fb1: bochs-drmdrmfb frame buffer device
[    8.175680][    T1] usbcore: registered new interface driver gm12u320
[    8.177906][    T1] usbcore: registered new interface driver gud
[    8.233166][    T1] brd: module loaded
[    8.324622][    T1] loop: module loaded
[    8.474279][    T1] zram: Added device: zram0
[    8.488585][    T1] null_blk: disk nullb0 created
[    8.490985][    T1] null_blk: module loaded
[    8.494914][    T1] Guest personality initialized and is inactive
[    8.498737][    T1] VMCI host device registered (name=vmci, major=10, minor=118)
[    8.502713][    T1] Initialized host personality
[    8.507852][    T1] usbcore: registered new interface driver rtsx_usb
[    8.514210][    T1] usbcore: registered new interface driver viperboard
[    8.516951][    T1] usbcore: registered new interface driver dln2
[    8.520188][    T1] usbcore: registered new interface driver pn533_usb
[    8.530465][    T1] nfcsim 0.2 initialized
[    8.532484][    T1] usbcore: registered new interface driver port100
[    8.534691][    T1] usbcore: registered new interface driver nfcmrvl
[    8.544231][    T1] Loading iSCSI transport class v2.0-870.
[    8.554495][    T1] st: Version 20160209, fixed bufsize 32768, s/g segs 256
[    8.600573][    T1] scsi host0: ata_piix
[    8.605430][    T1] scsi host1: ata_piix
[    8.611743][    T1] ata1: PATA max MWDMA2 cmd 0x1f0 ctl 0x3f6 bmdma 0xc000 irq 14 lpm-pol 0
[    8.615386][    T1] ata2: PATA max MWDMA2 cmd 0x170 ctl 0x376 bmdma 0xc008 irq 15 lpm-pol 0
[    8.624732][    T1] Rounding down aligned max_sectors from 4294967295 to 4294967288
[    8.631365][    T1] db_root: cannot open: /etc/target
[    8.635425][    T1] slram: not enough parameters.
[    8.643557][    T1] ftl_cs: FTL header not found.
[    8.705525][ T1062] kworker/u8:5 (1062) used greatest stack depth: 27440 bytes left
[    8.709962][    T1] wireguard: WireGuard 1.0.0 loaded. See www.wireguard.com for information.
[    8.715874][    T1] wireguard: Copyright (C) 2015-2019 Jason A. Donenfeld <Jason@zx2c4.com>. All Rights Reserved.
[    8.721710][    T1] eql: Equalizer2002: Simon Janes (simon@ncm.com) and David S. Miller (davem@redhat.com)
[    8.736258][    T1] MACsec IEEE 802.1AE
[    8.754936][    T1] usbcore: registered new interface driver mvusb_mdio
[    8.758667][    T1] tun: Universal TUN/TAP device driver, 1.6
[    8.763664][ T1115] kworker/u8:3 (1115) used greatest stack depth: 27072 bytes left
[    8.765091][    T1] vcan: Virtual CAN interface driver
[    8.770833][    T1] vxcan: Virtual CAN Tunnel driver
[    8.773671][    T1] slcan: serial line CAN interface driver
[    8.777009][    T1] CAN device driver interface
[    8.779801][    T1] usbcore: registered new interface driver usb_8dev
[    8.783454][    T1] usbcore: registered new interface driver ems_usb
[    8.786541][    T1] usbcore: registered new interface driver esd_usb
[    8.789841][    T1] usbcore: registered new interface driver etas_es58x
[    8.792081][ T1002] ata2: found unknown device (class 0)
[    8.797916][    T1] usbcore: registered new interface driver f81604
[    8.802590][ T1002] ata2.00: ATAPI: QEMU DVD-ROM, 2.5+, max UDMA/100
[    8.806924][    T1] usbcore: registered new interface driver gs_usb
[    8.814171][    T1] usbcore: registered new interface driver kvaser_usb
[    8.817332][    T1] usbcore: registered new interface driver mcba_usb
[    8.817815][   T61] scsi 1:0:0:0: CD-ROM            QEMU     QEMU DVD-ROM     2.5+ PQ: 0 ANSI: 5
[    8.819675][    T1] usbcore: registered new interface driver peak_usb
[    8.827300][    T1] usbcore: registered new interface driver ucan
[    8.833499][    T1] e100: Intel(R) PRO/100 Network Driver
[    8.836627][    T1] e100: Copyright(c) 1999-2006 Intel Corporation
[    8.839727][    T1] e1000: Intel(R) PRO/1000 Network Driver
[    8.841633][    T1] e1000: Copyright (c) 1999-2006 Intel Corporation.
[    8.844167][    T1] e1000e: Intel(R) PRO/1000 Network Driver
[    8.846028][    T1] e1000e: Copyright(c) 1999 - 2015 Intel Corporation.
[    8.849145][    T1] mkiss: AX.25 Multikiss, Hans Albas PE1AYX
[    8.852223][    T1] AX.25: 6pack driver, Revision: 0.3.0
[    8.854467][    T1] AX.25: bpqether driver version 004
[    8.856340][    T1] PPP generic driver version 2.4.2
[    8.859912][    T1] PPP BSD Compression module registered
[    8.862069][    T1] PPP Deflate Compression module registered
[    8.864500][    T1] PPP MPPE Compression module registered
[    8.866372][    T1] NET: Registered PF_PPPOX protocol family
[    8.868247][    T1] PPTP driver version 0.8.5
[    8.872908][    T1] SLIP: version 0.8.4-NET3.019-NEWTTY (dynamic channels, max=256) (6 bit encapsulation enabled).
[    8.877821][    T1] CSLIP: code copyright 1989 Regents of the University of California.
[    8.880479][    T1] SLIP linefill/keepalive option.
[    8.882565][    T1] hdlc: HDLC support module revision 1.22
[    8.886468][    T1] LAPB Ethernet driver version 0.02
[    8.891425][    T1] usbcore: registered new interface driver ath9k_htc
[    8.895185][    T1] usbcore: registered new interface driver carl9170
[    8.897505][    T1] usbcore: registered new interface driver ath6kl_usb
[    8.899960][    T1] usbcore: registered new interface driver ar5523
[    8.902908][    T1] usbcore: registered new interface driver ath10k_usb
[    8.905544][    T1] usbcore: registered new interface driver plfxlc
[    8.908573][    T1] mac80211_hwsim: initializing netlink
[    8.924004][   T61] sr 1:0:0:0: [sr0] scsi3-mmc drive: 4x/4x cd/rw xa/form2 tray
[    8.929346][   T61] cdrom: Uniform CD-ROM driver Revision: 3.20
[    8.943608][    T1] usbcore: registered new interface driver atusb
[    8.957641][    T1] mac802154_hwsim mac802154_hwsim: Added 2 mac802154 hwsim hardware radios
[    8.961703][    T1] VMware vmxnet3 virtual NIC driver - version 1.9.0.0-k-NAPI
[    8.964639][    T1] usbcore: registered new interface driver catc
[    8.967338][    T1] usbcore: registered new interface driver kaweth
[    8.970206][    T1] pegasus: Pegasus/Pegasus II USB Ethernet driver
[    8.976010][    T1] usbcore: registered new interface driver pegasus
[    8.978582][    T1] usbcore: registered new interface driver rtl8150
[    8.981270][    T1] usbcore: registered new device driver r8152-cfgselector
[    8.992963][    T1] usbcore: registered new interface driver r8152
[    8.996028][    T1] usbcore: registered new interface driver hso
[    8.999045][    T1] usbcore: registered new interface driver lan78xx
[    9.003449][    T1] usbcore: registered new interface driver asix
[    9.004023][   T61] sr 1:0:0:0: Attached scsi generic sg0 type 5
[    9.006049][    T1] usbcore: registered new interface driver ax88179_178a
[    9.009950][    T1] usbcore: registered new interface driver cdc_ether
[    9.014165][    T1] usbcore: registered new interface driver cdc_eem
[    9.017121][    T1] usbcore: registered new interface driver dm9601
[    9.019341][    T1] usbcore: registered new interface driver sr9700
[    9.021883][    T1] usbcore: registered new interface driver CoreChips
[    9.024853][    T1] usbcore: registered new interface driver smsc75xx
[    9.027884][    T1] usbcore: registered new interface driver smsc95xx
[    9.032661][    T1] usbcore: registered new interface driver gl620a
[    9.035182][    T1] usbcore: registered new interface driver net1080
[    9.037780][    T1] usbcore: registered new interface driver plusb
[    9.041668][    T1] usbcore: registered new interface driver rndis_host
[    9.047612][    T1] usbcore: registered new interface driver cdc_subset
[    9.051885][    T1] usbcore: registered new interface driver zaurus
[    9.053997][    T1] usbcore: registered new interface driver MOSCHIP usb-ethernet driver
[    9.056667][    T1] usbcore: registered new interface driver int51x1
[    9.060855][    T1] usbcore: registered new interface driver cdc_phonet
[    9.064302][    T1] usbcore: registered new interface driver kalmia
[    9.067013][    T1] usbcore: registered new interface driver ipheth
[    9.069127][    T1] usbcore: registered new interface driver sierra_net
[    9.071672][    T1] usbcore: registered new interface driver cx82310_eth
[    9.074862][    T1] usbcore: registered new interface driver cdc_ncm
[    9.078501][    T1] usbcore: registered new interface driver huawei_cdc_ncm
[    9.083715][    T1] usbcore: registered new interface driver lg-vl600
[    9.087576][    T1] usbcore: registered new interface driver qmi_wwan
[    9.089973][    T1] usbcore: registered new interface driver cdc_mbim
[    9.092469][    T1] usbcore: registered new interface driver ch9200
[    9.095836][    T1] usbcore: registered new interface driver aqc111
[    9.100385][    T1] usbcore: registered new interface driver r8153_ecm
[    9.111352][    T1] VFIO - User Level meta-driver version: 0.3
[    9.123970][    T1] aoe: AoE v85 initialised.
[    9.137575][    T1] SPI driver max3421-hcd has no spi_device_id for maxim,max3421
[    9.143551][    T1] usbcore: registered new interface driver cdc_acm
[    9.146590][    T1] cdc_acm: USB Abstract Control Model driver for USB modems and ISDN adapters
[    9.151633][    T1] usbcore: registered new interface driver usblp
[    9.155684][    T1] usbcore: registered new interface driver cdc_wdm
[    9.159667][    T1] usbcore: registered new interface driver usbtmc
[    9.168923][    T1] usbcore: registered new interface driver uas
[    9.172659][    T1] usbcore: registered new interface driver usb-storage
[    9.177643][    T1] usbcore: registered new interface driver ums-alauda
[    9.182418][    T1] usbcore: registered new interface driver ums-cypress
[    9.185135][    T1] usbcore: registered new interface driver ums-datafab
[    9.188896][    T1] usbcore: registered new interface driver ums_eneub6250
[    9.191806][    T1] usbcore: registered new interface driver ums-freecom
[    9.194494][    T1] usbcore: registered new interface driver ums-isd200
[    9.197359][    T1] usbcore: registered new interface driver ums-jumpshot
[    9.203656][    T1] usbcore: registered new interface driver ums-karma
[    9.207920][    T1] usbcore: registered new interface driver ums-onetouch
[    9.213283][    T1] usbcore: registered new interface driver ums-realtek
[    9.218100][    T1] usbcore: registered new interface driver ums-sddr09
[    9.221943][    T1] usbcore: registered new interface driver ums-sddr55
[    9.225907][    T1] usbcore: registered new interface driver ums-usbat
[    9.230163][    T1] usbcore: registered new interface driver mdc800
[    9.233430][    T1] mdc800: v0.7.5 (30/10/2000):USB Driver for Mustek MDC800 Digital Camera
[    9.238016][    T1] usbcore: registered new interface driver microtekX6
[    9.242732][    T1] usbcore: registered new interface driver usbserial_generic
[    9.247002][    T1] usbserial: USB Serial support registered for generic
[    9.252552][    T1] usbcore: registered new interface driver aircable
[    9.256291][    T1] usbserial: USB Serial support registered for aircable
[    9.260372][    T1] usbcore: registered new interface driver ark3116
[    9.264005][    T1] usbserial: USB Serial support registered for ark3116
[    9.268601][    T1] usbcore: registered new interface driver belkin_sa
[    9.272564][    T1] usbserial: USB Serial support registered for Belkin / Peracom / GoHubs USB Serial Adapter
[    9.277100][    T1] usbcore: registered new interface driver ch341
[    9.279471][    T1] usbserial: USB Serial support registered for ch341-uart
[    9.282428][    T1] usbcore: registered new interface driver cp210x
[    9.285444][    T1] usbserial: USB Serial support registered for cp210x
[    9.289399][    T1] usbcore: registered new interface driver cyberjack
[    9.293250][    T1] usbserial: USB Serial support registered for Reiner SCT Cyberjack USB card reader
[    9.300361][    T1] usbcore: registered new interface driver cypress_m8
[    9.305361][    T1] usbserial: USB Serial support registered for DeLorme Earthmate USB
[    9.309712][    T1] usbserial: USB Serial support registered for HID->COM RS232 Adapter
[    9.315997][    T1] usbserial: USB Serial support registered for Nokia CA-42 V2 Adapter
[    9.326673][    T1] usbcore: registered new interface driver usb_debug
[    9.330399][    T1] usbserial: USB Serial support registered for debug
[    9.334802][    T1] usbserial: USB Serial support registered for xhci_dbc
[    9.338765][    T1] usbcore: registered new interface driver digi_acceleport
[    9.342626][    T1] usbserial: USB Serial support registered for Digi 2 port USB adapter
[    9.346466][    T1] usbserial: USB Serial support registered for Digi 4 port USB adapter
[    9.349785][    T1] usbcore: registered new interface driver io_edgeport
[    9.354318][    T1] usbserial: USB Serial support registered for Edgeport 2 port adapter
[    9.359625][    T1] usbserial: USB Serial support registered for Edgeport 4 port adapter
[    9.364602][    T1] usbserial: USB Serial support registered for Edgeport 8 port adapter
[    9.368033][    T1] usbserial: USB Serial support registered for EPiC device
[    9.371795][    T1] usbcore: registered new interface driver io_ti
[    9.376084][    T1] usbserial: USB Serial support registered for Edgeport TI 1 port adapter
[    9.379184][    T1] usbserial: USB Serial support registered for Edgeport TI 2 port adapter
[    9.383815][    T1] usbcore: registered new interface driver empeg
[    9.387845][    T1] usbserial: USB Serial support registered for empeg
[    9.393370][    T1] usbcore: registered new interface driver f81534a_ctrl
[    9.396709][    T1] usbcore: registered new interface driver f81232
[    9.400809][    T1] usbserial: USB Serial support registered for f81232
[    9.403508][    T1] usbserial: USB Serial support registered for f81534a
[    9.406946][    T1] usbcore: registered new interface driver f81534
[    9.409529][    T1] usbserial: USB Serial support registered for Fintek F81532/F81534
[    9.413001][    T1] usbcore: registered new interface driver ftdi_sio
[    9.415432][    T1] usbserial: USB Serial support registered for FTDI USB Serial Device
[    9.418276][    T1] usbcore: registered new interface driver garmin_gps
[    9.421612][    T1] usbserial: USB Serial support registered for Garmin GPS usb/tty
[    9.424813][    T1] usbcore: registered new interface driver ipaq
[    9.427064][    T1] usbserial: USB Serial support registered for PocketPC PDA
[    9.429849][    T1] usbcore: registered new interface driver ipw
[    9.432979][    T1] usbserial: USB Serial support registered for IPWireless converter
[    9.440000][    T1] usbcore: registered new interface driver ir_usb
[    9.442562][    T1] usbserial: USB Serial support registered for IR Dongle
[    9.444946][    T1] usbcore: registered new interface driver iuu_phoenix
[    9.447353][    T1] usbserial: USB Serial support registered for iuu_phoenix
[    9.449777][    T1] usbcore: registered new interface driver keyspan
[    9.452096][    T1] usbserial: USB Serial support registered for Keyspan - (without firmware)
[    9.454923][    T1] usbserial: USB Serial support registered for Keyspan 1 port adapter
[    9.459412][    T1] usbserial: USB Serial support registered for Keyspan 2 port adapter
[    9.463879][    T1] usbserial: USB Serial support registered for Keyspan 4 port adapter
[    9.466983][    T1] usbcore: registered new interface driver keyspan_pda
[    9.469311][    T1] usbserial: USB Serial support registered for Keyspan PDA
[    9.472470][    T1] usbserial: USB Serial support registered for Keyspan PDA - (prerenumeration)
[    9.477707][    T1] usbcore: registered new interface driver kl5kusb105
[    9.480036][    T1] usbserial: USB Serial support registered for KL5KUSB105D / PalmConnect
[    9.482954][    T1] usbcore: registered new interface driver kobil_sct
[    9.485196][    T1] usbserial: USB Serial support registered for KOBIL USB smart card terminal
[    9.488109][    T1] usbcore: registered new interface driver mct_u232
[    9.491988][    T1] usbserial: USB Serial support registered for MCT U232
[    9.497735][    T1] usbcore: registered new interface driver metro_usb
[    9.500019][    T1] usbserial: USB Serial support registered for Metrologic USB to Serial
[    9.502902][    T1] usbcore: registered new interface driver mos7720
[    9.505000][    T1] usbserial: USB Serial support registered for Moschip 2 port adapter
[    9.508849][    T1] usbcore: registered new interface driver mos7840
[    9.512425][    T1] usbserial: USB Serial support registered for Moschip 7840/7820 USB Serial Driver
[    9.516511][    T1] usbcore: registered new interface driver mxuport
[    9.518670][    T1] usbserial: USB Serial support registered for MOXA UPort
[    9.521175][    T1] usbcore: registered new interface driver navman
[    9.524420][    T1] usbserial: USB Serial support registered for navman
[    9.528086][    T1] usbcore: registered new interface driver omninet
[    9.532112][    T1] usbserial: USB Serial support registered for ZyXEL - omni.net usb
[    9.534804][    T1] usbcore: registered new interface driver opticon
[    9.537141][    T1] usbserial: USB Serial support registered for opticon
[    9.539461][    T1] usbcore: registered new interface driver option
[    9.542529][    T1] usbserial: USB Serial support registered for GSM modem (1-port)
[    9.545525][    T1] usbcore: registered new interface driver oti6858
[    9.549065][    T1] usbserial: USB Serial support registered for oti6858
[    9.551331][    T1] usbcore: registered new interface driver pl2303
[    9.553517][    T1] usbserial: USB Serial support registered for pl2303
[    9.555662][    T1] usbcore: registered new interface driver qcaux
[    9.558429][    T1] usbserial: USB Serial support registered for qcaux
[    9.562022][    T1] usbcore: registered new interface driver qcserial
[    9.565495][    T1] usbserial: USB Serial support registered for Qualcomm USB modem
[    9.569501][    T1] usbcore: registered new interface driver quatech2
[    9.572920][    T1] usbserial: USB Serial support registered for Quatech 2nd gen USB to Serial Driver
[    9.579887][    T1] usbcore: registered new interface driver safe_serial
[    9.586749][    T1] usbserial: USB Serial support registered for safe_serial
[    9.592284][    T1] usbcore: registered new interface driver sierra
[    9.595661][    T1] usbserial: USB Serial support registered for Sierra USB modem
[    9.598242][    T1] usbcore: registered new interface driver usb_serial_simple
[    9.600791][    T1] usbserial: USB Serial support registered for carelink
[    9.603624][    T1] usbserial: USB Serial support registered for flashloader
[    9.606056][    T1] usbserial: USB Serial support registered for funsoft
[    9.608355][    T1] usbserial: USB Serial support registered for google
[    9.612271][    T1] usbserial: USB Serial support registered for hp4x
[    9.615022][    T1] usbserial: USB Serial support registered for kaufmann
[    9.617108][    T1] usbserial: USB Serial support registered for libtransistor
[    9.619429][    T1] usbserial: USB Serial support registered for moto_modem
[    9.622219][    T1] usbserial: USB Serial support registered for motorola_tetra
[    9.625121][    T1] usbserial: USB Serial support registered for nokia
[    9.627214][    T1] usbserial: USB Serial support registered for novatel_gps
[    9.629376][    T1] usbserial: USB Serial support registered for siemens_mpi
[    9.632143][    T1] usbserial: USB Serial support registered for suunto
[    9.634446][    T1] usbserial: USB Serial support registered for vivopay
[    9.636801][    T1] usbserial: USB Serial support registered for zio
[    9.638834][    T1] usbcore: registered new interface driver spcp8x5
[    9.641497][    T1] usbserial: USB Serial support registered for SPCP8x5
[    9.643778][    T1] usbcore: registered new interface driver ssu100
[    9.646389][    T1] usbserial: USB Serial support registered for Quatech SSU-100 USB to Serial Driver
[    9.649525][    T1] usbcore: registered new interface driver symbolserial
[    9.652808][    T1] usbserial: USB Serial support registered for symbol
[    9.655445][    T1] usbcore: registered new interface driver ti_usb_3410_5052
[    9.657897][    T1] usbserial: USB Serial support registered for TI USB 3410 1 port adapter
[    9.661290][    T1] usbserial: USB Serial support registered for TI USB 5052 2 port adapter
[    9.665631][    T1] usbcore: registered new interface driver upd78f0730
[    9.669001][    T1] usbserial: USB Serial support registered for upd78f0730
[    9.673994][    T1] usbcore: registered new interface driver visor
[    9.677012][    T1] usbserial: USB Serial support registered for Handspring Visor / Palm OS
[    9.679809][    T1] usbserial: USB Serial support registered for Sony Clie 5.0
[    9.682618][    T1] usbserial: USB Serial support registered for Sony Clie 3.5
[    9.686529][    T1] usbcore: registered new interface driver wishbone_serial
[    9.690386][    T1] usbserial: USB Serial support registered for wishbone_serial
[    9.695578][    T1] usbcore: registered new interface driver whiteheat
[    9.699032][    T1] usbserial: USB Serial support registered for Connect Tech - WhiteHEAT - (prerenumeration)
[    9.703832][    T1] usbserial: USB Serial support registered for Connect Tech - WhiteHEAT
[    9.707534][    T1] usbcore: registered new interface driver xr_serial
[    9.714098][    T1] usbserial: USB Serial support registered for xr_serial
[    9.716434][    T1] usbcore: registered new interface driver xsens_mt
[    9.718529][    T1] usbserial: USB Serial support registered for xsens_mt
[    9.721141][    T1] usbcore: registered new interface driver adutux
[    9.723351][    T1] usbcore: registered new interface driver appledisplay
[    9.727485][    T1] usbcore: registered new interface driver cypress_cy7c63
[    9.731066][    T1] usbcore: registered new interface driver cytherm
[    9.733577][    T1] usbcore: registered new interface driver emi26 - firmware loader
[    9.736391][    T1] usbcore: registered new interface driver emi62 - firmware loader
[    9.739165][    T1] usbcore: registered new device driver apple-mfi-fastcharge
[    9.742406][    T1] usbcore: registered new interface driver ljca
[    9.745743][    T1] usbcore: registered new interface driver idmouse
[    9.748664][    T1] usbcore: registered new interface driver iowarrior
[    9.753234][    T1] usbcore: registered new interface driver isight_firmware
[    9.755679][    T1] usbcore: registered new interface driver usblcd
[    9.758303][    T1] usbcore: registered new interface driver ldusb
[    9.760407][    T1] usbcore: registered new interface driver legousbtower
[    9.762755][    T1] usbcore: registered new interface driver usbtest
[    9.766667][    T1] usbcore: registered new interface driver usb_ehset_test
[    9.769897][    T1] usbcore: registered new interface driver trancevibrator
[    9.772693][    T1] usbcore: registered new interface driver uss720
[    9.774817][    T1] uss720: USB Parport Cable driver for Cables using the Lucent Technologies USS720 Chip
[    9.778051][    T1] uss720: NOTE: this is a special purpose driver to allow nonstandard
[    9.780814][    T1] uss720: protocols (eg. bitbang) over USS720 usb to parallel cables
[    9.783794][    T1] uss720: If you just want to connect to a printer, use usblp instead
[    9.786549][    T1] usbcore: registered new interface driver usbsevseg
[    9.788729][    T1] usbcore: registered new interface driver yurex
[    9.791566][    T1] usbcore: registered new interface driver chaoskey
[    9.793822][    T1] usbcore: registered new interface driver sisusb
[    9.795909][    T1] usbcore: registered new interface driver lvs
[    9.798823][    T1] usbcore: registered new interface driver cxacru
[    9.801600][    T1] usbcore: registered new interface driver speedtch
[    9.803812][    T1] usbcore: registered new interface driver ueagle-atm
[    9.806381][    T1] xusbatm: malformed module parameters
[    9.813537][    T1] dummy_hcd dummy_hcd.0: USB Host+Gadget Emulator, driver 02 May 2005
[    9.816379][    T1] dummy_hcd dummy_hcd.0: Dummy host controller
[    9.820963][    T1] dummy_hcd dummy_hcd.0: new USB bus registered, assigned bus number 1
[    9.826694][    T1] usb usb1: New USB device found, idVendor=1d6b, idProduct=0002, bcdDevice= 6.11
[    9.831176][    T1] usb usb1: New USB device strings: Mfr=3, Product=2, SerialNumber=1
[    9.833731][    T1] usb usb1: Product: Dummy host controller
[    9.835420][    T1] usb usb1: Manufacturer: Linux 6.11.0-rc4 dummy_hcd
[    9.837368][    T1] usb usb1: SerialNumber: dummy_hcd.0
[    9.845771][    T1] hub 1-0:1.0: USB hub found
[    9.847675][    T1] hub 1-0:1.0: 1 port detected
[    9.858246][    T1] SPI driver max3420-udc has no spi_device_id for maxim,max3421-udc
[    9.863271][    T1] gadgetfs: USB Gadget filesystem, version 24 Aug 2004
[    9.867373][    T1] vhci_hcd vhci_hcd.0: USB/IP Virtual Host Controller
[    9.870347][    T1] vhci_hcd vhci_hcd.0: new USB bus registered, assigned bus number 2
[    9.873385][    T1] vhci_hcd: created sysfs vhci_hcd.0
[    9.876880][    T1] usb usb2: New USB device found, idVendor=1d6b, idProduct=0002, bcdDevice= 6.11
[    9.879710][    T1] usb usb2: New USB device strings: Mfr=3, Product=2, SerialNumber=1
[    9.883033][    T1] usb usb2: Product: USB/IP Virtual Host Controller
[    9.886771][    T1] usb usb2: Manufacturer: Linux 6.11.0-rc4 vhci_hcd
[    9.888700][    T1] usb usb2: SerialNumber: vhci_hcd.0
[    9.893719][    T1] hub 2-0:1.0: USB hub found
[    9.895554][    T1] hub 2-0:1.0: 8 ports detected
[    9.905667][    T1] vhci_hcd vhci_hcd.0: USB/IP Virtual Host Controller
[    9.908869][    T1] vhci_hcd vhci_hcd.0: new USB bus registered, assigned bus number 3
[    9.915449][    T1] usb usb3: We don't know the algorithms for LPM for this host, disabling LPM.
[    9.920557][    T1] usb usb3: New USB device found, idVendor=1d6b, idProduct=0003, bcdDevice= 6.11
[    9.923443][    T1] usb usb3: New USB device strings: Mfr=3, Product=2, SerialNumber=1
[    9.926067][    T1] usb usb3: Product: USB/IP Virtual Host Controller
[    9.931976][    T1] usb usb3: Manufacturer: Linux 6.11.0-rc4 vhci_hcd
[    9.935455][    T1] usb usb3: SerialNumber: vhci_hcd.0
[    9.942365][    T1] hub 3-0:1.0: USB hub found
[    9.944157][    T1] hub 3-0:1.0: 8 ports detected
[    9.957966][    T1] vhci_hcd vhci_hcd.1: USB/IP Virtual Host Controller
[    9.961596][    T1] vhci_hcd vhci_hcd.1: new USB bus registered, assigned bus number 4
[    9.967023][    T1] usb usb4: New USB device found, idVendor=1d6b, idProduct=0002, bcdDevice= 6.11
[    9.971222][    T1] usb usb4: New USB device strings: Mfr=3, Product=2, SerialNumber=1
[    9.973725][    T1] usb usb4: Product: USB/IP Virtual Host Controller
[    9.976096][    T1] usb usb4: Manufacturer: Linux 6.11.0-rc4 vhci_hcd
[    9.978781][    T1] usb usb4: SerialNumber: vhci_hcd.1
[    9.986723][    T1] hub 4-0:1.0: USB hub found
[    9.988345][    T1] hub 4-0:1.0: 8 ports detected
[    9.997063][    T1] vhci_hcd vhci_hcd.1: USB/IP Virtual Host Controller
[   10.003466][    T1] vhci_hcd vhci_hcd.1: new USB bus registered, assigned bus number 5
[   10.007927][    T1] usb usb5: We don't know the algorithms for LPM for this host, disabling LPM.
[   10.011509][    T1] usb usb5: New USB device found, idVendor=1d6b, idProduct=0003, bcdDevice= 6.11
[   10.015644][    T1] usb usb5: New USB device strings: Mfr=3, Product=2, SerialNumber=1
[   10.020955][    T1] usb usb5: Product: USB/IP Virtual Host Controller
[   10.023948][    T1] usb usb5: Manufacturer: Linux 6.11.0-rc4 vhci_hcd
[   10.025990][    T1] usb usb5: SerialNumber: vhci_hcd.1
[   10.031643][    T1] hub 5-0:1.0: USB hub found
[   10.034539][    T1] hub 5-0:1.0: 8 ports detected
[   10.047863][    T1] vhci_hcd vhci_hcd.2: USB/IP Virtual Host Controller
[   10.053822][    T1] vhci_hcd vhci_hcd.2: new USB bus registered, assigned bus number 6
[   10.057385][    T1] usb usb6: New USB device found, idVendor=1d6b, idProduct=0002, bcdDevice= 6.11
[   10.060101][    T1] usb usb6: New USB device strings: Mfr=3, Product=2, SerialNumber=1
[   10.062452][    T1] usb usb6: Product: USB/IP Virtual Host Controller
[   10.065948][    T1] usb usb6: Manufacturer: Linux 6.11.0-rc4 vhci_hcd
[   10.068669][    T1] usb usb6: SerialNumber: vhci_hcd.2
[   10.078157][    T1] hub 6-0:1.0: USB hub found
[   10.079967][    T1] hub 6-0:1.0: 8 ports detected
[   10.089764][    T1] vhci_hcd vhci_hcd.2: USB/IP Virtual Host Controller
[   10.097127][    T1] vhci_hcd vhci_hcd.2: new USB bus registered, assigned bus number 7
[   10.100001][    T1] usb usb7: We don't know the algorithms for LPM for this host, disabling LPM.
[   10.106077][    T1] usb usb7: New USB device found, idVendor=1d6b, idProduct=0003, bcdDevice= 6.11
[   10.113064][    T1] usb usb7: New USB device strings: Mfr=3, Product=2, SerialNumber=1
[   10.116877][    T1] usb usb7: Product: USB/IP Virtual Host Controller
[   10.118875][    T1] usb usb7: Manufacturer: Linux 6.11.0-rc4 vhci_hcd
[   10.121246][    T1] usb usb7: SerialNumber: vhci_hcd.2
[   10.132075][    T1] hub 7-0:1.0: USB hub found
[   10.133933][    T1] hub 7-0:1.0: 8 ports detected
[   10.149219][    T1] vhci_hcd vhci_hcd.3: USB/IP Virtual Host Controller
[   10.156591][    T1] vhci_hcd vhci_hcd.3: new USB bus registered, assigned bus number 8
[   10.160303][    T1] usb usb8: New USB device found, idVendor=1d6b, idProduct=0002, bcdDevice= 6.11
[   10.164153][    T1] usb usb8: New USB device strings: Mfr=3, Product=2, SerialNumber=1
[   10.166650][    T1] usb usb8: Product: USB/IP Virtual Host Controller
[   10.168716][    T1] usb usb8: Manufacturer: Linux 6.11.0-rc4 vhci_hcd
[   10.170914][    T1] usb usb8: SerialNumber: vhci_hcd.3
[   10.176812][    T1] hub 8-0:1.0: USB hub found
[   10.178442][    T1] hub 8-0:1.0: 8 ports detected
[   10.188052][    T1] vhci_hcd vhci_hcd.3: USB/IP Virtual Host Controller
[   10.191864][    T1] vhci_hcd vhci_hcd.3: new USB bus registered, assigned bus number 9
[   10.194571][    T1] usb usb9: We don't know the algorithms for LPM for this host, disabling LPM.
[   10.198034][    T1] usb usb9: New USB device found, idVendor=1d6b, idProduct=0003, bcdDevice= 6.11
[   10.200708][    T1] usb usb9: New USB device strings: Mfr=3, Product=2, SerialNumber=1
[   10.203167][    T1] usb usb9: Product: USB/IP Virtual Host Controller
[   10.206334][    T1] usb usb9: Manufacturer: Linux 6.11.0-rc4 vhci_hcd
[   10.208312][    T1] usb usb9: SerialNumber: vhci_hcd.3
[   10.212622][    T1] hub 9-0:1.0: USB hub found
[   10.214256][    T1] hub 9-0:1.0: 8 ports detected
[   10.224591][    T1] vhci_hcd vhci_hcd.4: USB/IP Virtual Host Controller
[   10.228851][    T1] vhci_hcd vhci_hcd.4: new USB bus registered, assigned bus number 10
[   10.232703][    T1] usb usb10: New USB device found, idVendor=1d6b, idProduct=0002, bcdDevice= 6.11
[   10.235393][    T1] usb usb10: New USB device strings: Mfr=3, Product=2, SerialNumber=1
[   10.238685][    T1] usb usb10: Product: USB/IP Virtual Host Controller
[   10.245016][    T1] usb usb10: Manufacturer: Linux 6.11.0-rc4 vhci_hcd
[   10.247052][    T1] usb usb10: SerialNumber: vhci_hcd.4
[   10.252705][    T1] hub 10-0:1.0: USB hub found
[   10.254427][    T1] hub 10-0:1.0: 8 ports detected
[   10.264960][    T1] vhci_hcd vhci_hcd.4: USB/IP Virtual Host Controller
[   10.270412][    T1] vhci_hcd vhci_hcd.4: new USB bus registered, assigned bus number 11
[   10.273932][    T1] usb usb11: We don't know the algorithms for LPM for this host, disabling LPM.
[   10.277967][    T1] usb usb11: New USB device found, idVendor=1d6b, idProduct=0003, bcdDevice= 6.11
[   10.281970][    T1] usb usb11: New USB device strings: Mfr=3, Product=2, SerialNumber=1
[   10.284495][    T1] usb usb11: Product: USB/IP Virtual Host Controller
[   10.286527][    T1] usb usb11: Manufacturer: Linux 6.11.0-rc4 vhci_hcd
[   10.288468][    T1] usb usb11: SerialNumber: vhci_hcd.4
[   10.307016][    T1] hub 11-0:1.0: USB hub found
[   10.308787][    T1] hub 11-0:1.0: 8 ports detected
[   10.327171][    T1] vhci_hcd vhci_hcd.5: USB/IP Virtual Host Controller
[   10.332802][    T1] vhci_hcd vhci_hcd.5: new USB bus registered, assigned bus number 12
[   10.337541][    T1] usb usb12: New USB device found, idVendor=1d6b, idProduct=0002, bcdDevice= 6.11
[   10.343580][    T1] usb usb12: New USB device strings: Mfr=3, Product=2, SerialNumber=1
[   10.346426][    T1] usb usb12: Product: USB/IP Virtual Host Controller
[   10.348516][    T1] usb usb12: Manufacturer: Linux 6.11.0-rc4 vhci_hcd
[   10.350608][    T1] usb usb12: SerialNumber: vhci_hcd.5
[   10.356653][    T1] hub 12-0:1.0: USB hub found
[   10.358977][    T1] hub 12-0:1.0: 8 ports detected
[   10.372443][    T1] vhci_hcd vhci_hcd.5: USB/IP Virtual Host Controller
[   10.380318][    T1] vhci_hcd vhci_hcd.5: new USB bus registered, assigned bus number 13
[   10.385427][    T1] usb usb13: We don't know the algorithms for LPM for this host, disabling LPM.
[   10.389945][    T1] usb usb13: New USB device found, idVendor=1d6b, idProduct=0003, bcdDevice= 6.11
[   10.396051][    T1] usb usb13: New USB device strings: Mfr=3, Product=2, SerialNumber=1
[   10.403302][    T1] usb usb13: Product: USB/IP Virtual Host Controller
[   10.406471][    T1] usb usb13: Manufacturer: Linux 6.11.0-rc4 vhci_hcd
[   10.409523][    T1] usb usb13: SerialNumber: vhci_hcd.5
[   10.418124][    T1] hub 13-0:1.0: USB hub found
[   10.424139][    T1] hub 13-0:1.0: 8 ports detected
[   10.439094][    T1] vhci_hcd vhci_hcd.6: USB/IP Virtual Host Controller
[   10.443436][    T1] vhci_hcd vhci_hcd.6: new USB bus registered, assigned bus number 14
[   10.454385][    T1] usb usb14: New USB device found, idVendor=1d6b, idProduct=0002, bcdDevice= 6.11
[   10.458896][    T1] usb usb14: New USB device strings: Mfr=3, Product=2, SerialNumber=1
[   10.461793][    T1] usb usb14: Product: USB/IP Virtual Host Controller
[   10.464377][    T1] usb usb14: Manufacturer: Linux 6.11.0-rc4 vhci_hcd
[   10.466849][    T1] usb usb14: SerialNumber: vhci_hcd.6
[   10.476843][    T1] hub 14-0:1.0: USB hub found
[   10.479486][    T1] hub 14-0:1.0: 8 ports detected
[   10.492028][    T1] vhci_hcd vhci_hcd.6: USB/IP Virtual Host Controller
[   10.497500][    T1] vhci_hcd vhci_hcd.6: new USB bus registered, assigned bus number 15
[   10.502288][    T1] usb usb15: We don't know the algorithms for LPM for this host, disabling LPM.
[   10.509109][    T1] usb usb15: New USB device found, idVendor=1d6b, idProduct=0003, bcdDevice= 6.11
[   10.512309][    T1] usb usb15: New USB device strings: Mfr=3, Product=2, SerialNumber=1
[   10.514779][    T1] usb usb15: Product: USB/IP Virtual Host Controller
[   10.516926][    T1] usb usb15: Manufacturer: Linux 6.11.0-rc4 vhci_hcd
[   10.520712][    T1] usb usb15: SerialNumber: vhci_hcd.6
[   10.531349][    T1] hub 15-0:1.0: USB hub found
[   10.533547][    T1] hub 15-0:1.0: 8 ports detected
[   10.550028][    T1] vhci_hcd vhci_hcd.7: USB/IP Virtual Host Controller
[   10.554802][    T1] vhci_hcd vhci_hcd.7: new USB bus registered, assigned bus number 16
[   10.558800][    T1] usb usb16: New USB device found, idVendor=1d6b, idProduct=0002, bcdDevice= 6.11
[   10.562033][    T1] usb usb16: New USB device strings: Mfr=3, Product=2, SerialNumber=1
[   10.564524][    T1] usb usb16: Product: USB/IP Virtual Host Controller
[   10.566704][    T1] usb usb16: Manufacturer: Linux 6.11.0-rc4 vhci_hcd
[   10.568832][    T1] usb usb16: SerialNumber: vhci_hcd.7
[   10.574951][    T1] hub 16-0:1.0: USB hub found
[   10.576880][    T1] hub 16-0:1.0: 8 ports detected
[   10.589173][    T1] vhci_hcd vhci_hcd.7: USB/IP Virtual Host Controller
[   10.597350][    T1] vhci_hcd vhci_hcd.7: new USB bus registered, assigned bus number 17
[   10.601971][    T1] usb usb17: We don't know the algorithms for LPM for this host, disabling LPM.
[   10.610073][    T1] usb usb17: New USB device found, idVendor=1d6b, idProduct=0003, bcdDevice= 6.11
[   10.613642][    T1] usb usb17: New USB device strings: Mfr=3, Product=2, SerialNumber=1
[   10.616087][    T1] usb usb17: Product: USB/IP Virtual Host Controller
[   10.618095][    T1] usb usb17: Manufacturer: Linux 6.11.0-rc4 vhci_hcd
[   10.619958][    T1] usb usb17: SerialNumber: vhci_hcd.7
[   10.628517][    T1] hub 17-0:1.0: USB hub found
[   10.630382][    T1] hub 17-0:1.0: 8 ports detected
[   10.644083][    T1] vhci_hcd vhci_hcd.8: USB/IP Virtual Host Controller
[   10.647127][    T1] vhci_hcd vhci_hcd.8: new USB bus registered, assigned bus number 18
[   10.651337][    T1] usb usb18: New USB device found, idVendor=1d6b, idProduct=0002, bcdDevice= 6.11
[   10.657702][    T1] usb usb18: New USB device strings: Mfr=3, Product=2, SerialNumber=1
[   10.660050][    T1] usb usb18: Product: USB/IP Virtual Host Controller
[   10.663330][    T1] usb usb18: Manufacturer: Linux 6.11.0-rc4 vhci_hcd
[   10.665411][    T1] usb usb18: SerialNumber: vhci_hcd.8
[   10.669734][    T1] hub 18-0:1.0: USB hub found
[   10.671850][    T1] hub 18-0:1.0: 8 ports detected
[   10.685650][    T1] vhci_hcd vhci_hcd.8: USB/IP Virtual Host Controller
[   10.689006][    T1] vhci_hcd vhci_hcd.8: new USB bus registered, assigned bus number 19
[   10.693264][    T1] usb usb19: We don't know the algorithms for LPM for this host, disabling LPM.
[   10.699323][    T1] usb usb19: New USB device found, idVendor=1d6b, idProduct=0003, bcdDevice= 6.11
[   10.703124][    T1] usb usb19: New USB device strings: Mfr=3, Product=2, SerialNumber=1
[   10.708427][    T1] usb usb19: Product: USB/IP Virtual Host Controller
[   10.711726][    T1] usb usb19: Manufacturer: Linux 6.11.0-rc4 vhci_hcd
[   10.715007][    T1] usb usb19: SerialNumber: vhci_hcd.8
[   10.723026][    T1] hub 19-0:1.0: USB hub found
[   10.724720][    T1] hub 19-0:1.0: 8 ports detected
[   10.739277][    T1] vhci_hcd vhci_hcd.9: USB/IP Virtual Host Controller
[   10.743719][    T1] vhci_hcd vhci_hcd.9: new USB bus registered, assigned bus number 20
[   10.751558][    T1] usb usb20: New USB device found, idVendor=1d6b, idProduct=0002, bcdDevice= 6.11
[   10.758179][    T1] usb usb20: New USB device strings: Mfr=3, Product=2, SerialNumber=1
[   10.760831][    T1] usb usb20: Product: USB/IP Virtual Host Controller
[   10.762749][    T1] usb usb20: Manufacturer: Linux 6.11.0-rc4 vhci_hcd
[   10.764934][    T1] usb usb20: SerialNumber: vhci_hcd.9
[   10.769567][    T1] hub 20-0:1.0: USB hub found
[   10.771345][    T1] hub 20-0:1.0: 8 ports detected
[   10.780358][    T1] vhci_hcd vhci_hcd.9: USB/IP Virtual Host Controller
[   10.783967][    T1] vhci_hcd vhci_hcd.9: new USB bus registered, assigned bus number 21
[   10.786690][    T1] usb usb21: We don't know the algorithms for LPM for this host, disabling LPM.
[   10.790139][    T1] usb usb21: New USB device found, idVendor=1d6b, idProduct=0003, bcdDevice= 6.11
[   10.792862][    T1] usb usb21: New USB device strings: Mfr=3, Product=2, SerialNumber=1
[   10.795216][    T1] usb usb21: Product: USB/IP Virtual Host Controller
[   10.800800][    T1] usb usb21: Manufacturer: Linux 6.11.0-rc4 vhci_hcd
[   10.803097][    T1] usb usb21: SerialNumber: vhci_hcd.9
[   10.807255][    T1] hub 21-0:1.0: USB hub found
[   10.808941][    T1] hub 21-0:1.0: 8 ports detected
[   10.819971][    T1] vhci_hcd vhci_hcd.10: USB/IP Virtual Host Controller
[   10.823063][    T1] vhci_hcd vhci_hcd.10: new USB bus registered, assigned bus number 22
[   10.828996][    T1] usb usb22: New USB device found, idVendor=1d6b, idProduct=0002, bcdDevice= 6.11
[   10.831949][    T1] usb usb22: New USB device strings: Mfr=3, Product=2, SerialNumber=1
[   10.834296][    T1] usb usb22: Product: USB/IP Virtual Host Controller
[   10.836575][    T1] usb usb22: Manufacturer: Linux 6.11.0-rc4 vhci_hcd
[   10.840779][    T1] usb usb22: SerialNumber: vhci_hcd.10
[   10.846474][    T1] hub 22-0:1.0: USB hub found
[   10.848046][    T1] hub 22-0:1.0: 8 ports detected
[   10.856791][    T1] vhci_hcd vhci_hcd.10: USB/IP Virtual Host Controller
[   10.859785][    T1] vhci_hcd vhci_hcd.10: new USB bus registered, assigned bus number 23
[   10.865565][    T1] usb usb23: We don't know the algorithms for LPM for this host, disabling LPM.
[   10.869334][    T1] usb usb23: New USB device found, idVendor=1d6b, idProduct=0003, bcdDevice= 6.11
[   10.873815][    T1] usb usb23: New USB device strings: Mfr=3, Product=2, SerialNumber=1
[   10.876728][    T1] usb usb23: Product: USB/IP Virtual Host Controller
[   10.878837][    T1] usb usb23: Manufacturer: Linux 6.11.0-rc4 vhci_hcd
[   10.880904][    T1] usb usb23: SerialNumber: vhci_hcd.10
[   10.885347][    T1] hub 23-0:1.0: USB hub found
[   10.888967][    T1] hub 23-0:1.0: 8 ports detected
[   10.912209][    T1] vhci_hcd vhci_hcd.11: USB/IP Virtual Host Controller
[   10.915564][    T1] vhci_hcd vhci_hcd.11: new USB bus registered, assigned bus number 24
[   10.922683][    T1] usb usb24: New USB device found, idVendor=1d6b, idProduct=0002, bcdDevice= 6.11
[   10.926636][    T1] usb usb24: New USB device strings: Mfr=3, Product=2, SerialNumber=1
[   10.930156][    T1] usb usb24: Product: USB/IP Virtual Host Controller
[   10.932131][    T1] usb usb24: Manufacturer: Linux 6.11.0-rc4 vhci_hcd
[   10.934093][    T1] usb usb24: SerialNumber: vhci_hcd.11
[   10.939137][    T1] hub 24-0:1.0: USB hub found
[   10.941563][    T1] hub 24-0:1.0: 8 ports detected
[   10.957679][    T1] vhci_hcd vhci_hcd.11: USB/IP Virtual Host Controller
[   10.966323][    T1] vhci_hcd vhci_hcd.11: new USB bus registered, assigned bus number 25
[   10.970502][    T1] usb usb25: We don't know the algorithms for LPM for this host, disabling LPM.
[   10.977030][    T1] usb usb25: New USB device found, idVendor=1d6b, idProduct=0003, bcdDevice= 6.11
[   10.985428][    T1] usb usb25: New USB device strings: Mfr=3, Product=2, SerialNumber=1
[   10.988405][    T1] usb usb25: Product: USB/IP Virtual Host Controller
[   10.991664][    T1] usb usb25: Manufacturer: Linux 6.11.0-rc4 vhci_hcd
[   10.995974][    T1] usb usb25: SerialNumber: vhci_hcd.11
[   11.005190][    T1] hub 25-0:1.0: USB hub found
[   11.006991][    T1] hub 25-0:1.0: 8 ports detected
[   11.018984][    T1] vhci_hcd vhci_hcd.12: USB/IP Virtual Host Controller
[   11.022820][    T1] vhci_hcd vhci_hcd.12: new USB bus registered, assigned bus number 26
[   11.026926][    T1] usb usb26: New USB device found, idVendor=1d6b, idProduct=0002, bcdDevice= 6.11
[   11.029795][    T1] usb usb26: New USB device strings: Mfr=3, Product=2, SerialNumber=1
[   11.032483][    T1] usb usb26: Product: USB/IP Virtual Host Controller
[   11.035543][    T1] usb usb26: Manufacturer: Linux 6.11.0-rc4 vhci_hcd
[   11.037620][    T1] usb usb26: SerialNumber: vhci_hcd.12
[   11.043830][    T1] hub 26-0:1.0: USB hub found
[   11.045580][    T1] hub 26-0:1.0: 8 ports detected
[   11.055425][    T1] vhci_hcd vhci_hcd.12: USB/IP Virtual Host Controller
[   11.058541][    T1] vhci_hcd vhci_hcd.12: new USB bus registered, assigned bus number 27
[   11.062156][    T1] usb usb27: We don't know the algorithms for LPM for this host, disabling LPM.
[   11.066677][    T1] usb usb27: New USB device found, idVendor=1d6b, idProduct=0003, bcdDevice= 6.11
[   11.072220][    T1] usb usb27: New USB device strings: Mfr=3, Product=2, SerialNumber=1
[   11.077427][    T1] usb usb27: Product: USB/IP Virtual Host Controller
[   11.080505][    T1] usb usb27: Manufacturer: Linux 6.11.0-rc4 vhci_hcd
[   11.082786][    T1] usb usb27: SerialNumber: vhci_hcd.12
[   11.088922][    T1] hub 27-0:1.0: USB hub found
[   11.090867][    T1] hub 27-0:1.0: 8 ports detected
[   11.103144][    T1] vhci_hcd vhci_hcd.13: USB/IP Virtual Host Controller
[   11.106138][    T1] vhci_hcd vhci_hcd.13: new USB bus registered, assigned bus number 28
[   11.110294][    T1] usb usb28: New USB device found, idVendor=1d6b, idProduct=0002, bcdDevice= 6.11
[   11.113096][    T1] usb usb28: New USB device strings: Mfr=3, Product=2, SerialNumber=1
[   11.115705][    T1] usb usb28: Product: USB/IP Virtual Host Controller
[   11.117586][    T1] usb usb28: Manufacturer: Linux 6.11.0-rc4 vhci_hcd
[   11.119496][    T1] usb usb28: SerialNumber: vhci_hcd.13
[   11.127477][    T1] hub 28-0:1.0: USB hub found
[   11.129169][    T1] hub 28-0:1.0: 8 ports detected
[   11.142293][    T1] vhci_hcd vhci_hcd.13: USB/IP Virtual Host Controller
[   11.145348][    T1] vhci_hcd vhci_hcd.13: new USB bus registered, assigned bus number 29
[   11.148456][    T1] usb usb29: We don't know the algorithms for LPM for this host, disabling LPM.
[   11.154759][    T1] usb usb29: New USB device found, idVendor=1d6b, idProduct=0003, bcdDevice= 6.11
[   11.157793][    T1] usb usb29: New USB device strings: Mfr=3, Product=2, SerialNumber=1
[   11.160184][    T1] usb usb29: Product: USB/IP Virtual Host Controller
[   11.162207][    T1] usb usb29: Manufacturer: Linux 6.11.0-rc4 vhci_hcd
[   11.164209][    T1] usb usb29: SerialNumber: vhci_hcd.13
[   11.169450][    T1] hub 29-0:1.0: USB hub found
[   11.174191][    T1] hub 29-0:1.0: 8 ports detected
[   11.186926][    T1] vhci_hcd vhci_hcd.14: USB/IP Virtual Host Controller
[   11.190117][    T1] vhci_hcd vhci_hcd.14: new USB bus registered, assigned bus number 30
[   11.194219][    T1] usb usb30: New USB device found, idVendor=1d6b, idProduct=0002, bcdDevice= 6.11
[   11.197599][    T1] usb usb30: New USB device strings: Mfr=3, Product=2, SerialNumber=1
[   11.199840][    T1] usb usb30: Product: USB/IP Virtual Host Controller
[   11.201995][    T1] usb usb30: Manufacturer: Linux 6.11.0-rc4 vhci_hcd
[   11.206673][    T1] usb usb30: SerialNumber: vhci_hcd.14
[   11.214927][    T1] hub 30-0:1.0: USB hub found
[   11.216692][    T1] hub 30-0:1.0: 8 ports detected
[   11.227790][    T1] vhci_hcd vhci_hcd.14: USB/IP Virtual Host Controller
[   11.233182][    T1] vhci_hcd vhci_hcd.14: new USB bus registered, assigned bus number 31
[   11.238654][    T1] usb usb31: We don't know the algorithms for LPM for this host, disabling LPM.
[   11.243576][    T1] usb usb31: New USB device found, idVendor=1d6b, idProduct=0003, bcdDevice= 6.11
[   11.255585][    T1] usb usb31: New USB device strings: Mfr=3, Product=2, SerialNumber=1
[   11.259240][    T1] usb usb31: Product: USB/IP Virtual Host Controller
[   11.264916][    T1] usb usb31: Manufacturer: Linux 6.11.0-rc4 vhci_hcd
[   11.269990][    T1] usb usb31: SerialNumber: vhci_hcd.14
[   11.280455][    T1] hub 31-0:1.0: USB hub found
[   11.287432][    T1] hub 31-0:1.0: 8 ports detected
[   11.312579][    T1] vhci_hcd vhci_hcd.15: USB/IP Virtual Host Controller
[   11.329782][    T1] vhci_hcd vhci_hcd.15: new USB bus registered, assigned bus number 32
[   11.336402][    T1] usb usb32: New USB device found, idVendor=1d6b, idProduct=0002, bcdDevice= 6.11
[   11.339941][    T1] usb usb32: New USB device strings: Mfr=3, Product=2, SerialNumber=1
[   11.342726][    T1] usb usb32: Product: USB/IP Virtual Host Controller
[   11.345317][    T1] usb usb32: Manufacturer: Linux 6.11.0-rc4 vhci_hcd
[   11.347656][    T1] usb usb32: SerialNumber: vhci_hcd.15
[   11.353046][    T1] hub 32-0:1.0: USB hub found
[   11.355204][    T1] hub 32-0:1.0: 8 ports detected
[   11.365327][    T1] vhci_hcd vhci_hcd.15: USB/IP Virtual Host Controller
[   11.369085][    T1] vhci_hcd vhci_hcd.15: new USB bus registered, assigned bus number 33
[   11.373300][    T1] usb usb33: We don't know the algorithms for LPM for this host, disabling LPM.
[   11.378551][    T1] usb usb33: New USB device found, idVendor=1d6b, idProduct=0003, bcdDevice= 6.11
[   11.384504][    T1] usb usb33: New USB device strings: Mfr=3, Product=2, SerialNumber=1
[   11.390025][    T1] usb usb33: Product: USB/IP Virtual Host Controller
[   11.393604][    T1] usb usb33: Manufacturer: Linux 6.11.0-rc4 vhci_hcd
[   11.395807][    T1] usb usb33: SerialNumber: vhci_hcd.15
[   11.402036][    T1] hub 33-0:1.0: USB hub found
[   11.404168][    T1] hub 33-0:1.0: 8 ports detected
[   11.417625][    T1] usbcore: registered new device driver usbip-host
[   11.425443][    T1] i8042: PNP: PS/2 Controller [PNP0303:KBD,PNP0f13:MOU] at 0x60,0x64 irq 1,12
[   11.437656][    T1] serio: i8042 KBD port at 0x60,0x64 irq 1
[   11.440846][    T1] serio: i8042 AUX port at 0x60,0x64 irq 12
[   11.445014][    T1] mousedev: PS/2 mouse device common for all mice
[   11.449109][    T1] usbcore: registered new interface driver appletouch
[   11.452367][    T8] input: AT Translated Set 2 keyboard as /devices/platform/i8042/serio0/input/input1
[   11.456759][    T1] usbcore: registered new interface driver bcm5974
[   11.463028][    T1] usbcore: registered new interface driver synaptics_usb
[   11.466446][    T1] usbcore: registered new interface driver iforce
[   11.479964][    T1] usbcore: registered new interface driver pxrc
[   11.482321][    T1] usbcore: registered new interface driver xpad
[   11.485708][    T1] usbcore: registered new interface driver usb_acecad
[   11.492855][    T1] usbcore: registered new interface driver aiptek
[   11.496374][    T1] usbcore: registered new interface driver hanwang
[   11.500412][    T1] usbcore: registered new interface driver kbtab
[   11.504459][    T1] usbcore: registered new interface driver pegasus_notetaker
[   11.510474][    T1] usbcore: registered new interface driver usbtouchscreen
[   11.515670][    T1] usbcore: registered new interface driver sur40
[   11.518197][    T1] usbcore: registered new interface driver ati_remote2
[   11.533706][    T1] cm109: Keymap for Komunikate KIP1000 phone loaded
[   11.543528][    T1] usbcore: registered new interface driver cm109
[   11.549271][    T1] cm109: CM109 phone driver: 20080805 (C) Alfred E. Heggestad
[   11.555081][    T1] usbcore: registered new interface driver ims_pcu
[   11.560314][    T1] usbcore: registered new interface driver keyspan_remote
[   11.563039][    T1] usbcore: registered new interface driver powermate
[   11.570116][    T1] usbcore: registered new interface driver yealink
[   11.573454][    T1] rtc_cmos 00:05: RTC can wake from S4
[   11.584992][    T1] rtc_cmos 00:05: registered as rtc0
[   11.587492][    T1] rtc_cmos 00:05: alarms up to one day, y3k, 242 bytes nvram, hpet irqs
[   11.590893][    T1] i2c_dev: i2c /dev entries driver
[   11.593100][    T1] usbcore: registered new interface driver i2c-diolan-u2c
[   11.596892][    T1] usbcore: registered new interface driver i2c-cp2615
[   11.600015][    T1] usbcore: registered new interface driver RobotFuzz Open Source InterFace, OSIF
[   11.605450][    T1] usbcore: registered new interface driver i2c-tiny-usb
[   11.612424][    T1] usbcore: registered new interface driver igorplugusb
[   11.616830][    T1] usbcore: registered new interface driver iguanair
[   11.620322][    T1] usbcore: registered new interface driver imon
[   11.625638][    T1] usbcore: registered new interface driver imon_raw
[   11.632680][    T1] usbcore: registered new interface driver mceusb
[   11.634947][    T1] usbcore: registered new interface driver redrat3
[   11.637314][    T1] usbcore: registered new interface driver streamzap
[   11.642791][    T1] usbcore: registered new interface driver ir_toy
[   11.645295][    T1] usbcore: registered new interface driver ttusbir
[   11.648784][    T1] usbcore: registered new interface driver ati_remote
[   11.651305][    T1] usbcore: registered new interface driver xbox_remote
[   11.653998][    T1] b2c2-flexcop: B2C2 FlexcopII/II(b)/III digital TV receiver chip loaded successfully
[   11.662956][    T1] usbcore: registered new interface driver b2c2_flexcop_usb
[   11.667766][    T1] usbcore: registered new interface driver dvb_usb_vp7045
[   11.680206][    T1] usbcore: registered new interface driver dvb_usb_vp702x
[   11.698383][    T1] usbcore: registered new interface driver dvb_usb_gp8psk
[   11.713425][    T1] usbcore: registered new interface driver dvb_usb_dtt200u
[   11.718418][    T1] usbcore: registered new interface driver dvb_usb_a800
[   11.726882][    T1] usbcore: registered new interface driver dvb_usb_dibusb_mb
[   11.731886][    T1] usbcore: registered new interface driver dvb_usb_dibusb_mc
[   11.736018][    T1] usbcore: registered new interface driver dvb_usb_nova_t_usb2
[   11.739231][    T1] usbcore: registered new interface driver dvb_usb_umt_010
[   11.742879][    T1] usbcore: registered new interface driver dvb_usb_m920x
[   11.745724][    T1] usbcore: registered new interface driver dvb_usb_digitv
[   11.748203][    T1] usbcore: registered new interface driver dvb_usb_cxusb
[   11.750547][    T1] usbcore: registered new interface driver dvb_usb_ttusb2
[   11.753269][    T1] usbcore: registered new interface driver dvb_usb_dib0700
[   11.755717][    T1] usbcore: registered new interface driver opera1
[   11.758191][    T1] usbcore: registered new interface driver dvb_usb_af9005
[   11.762738][    T1] failing symbol_get of non-GPLONLY symbol af9005_rc_decode.
[   11.768203][    T1] failing symbol_get of non-GPLONLY symbol af9005_rc_decode.
[   11.771766][    T1] failing symbol_get of non-GPLONLY symbol rc_map_af9005_table.
[   11.777173][    T1] failing symbol_get of non-GPLONLY symbol rc_map_af9005_table.
[   11.779333][    T1] failing symbol_get of non-GPLONLY symbol rc_map_af9005_table_size.
[   11.784573][    T1] failing symbol_get of non-GPLONLY symbol rc_map_af9005_table_size.
[   11.787024][    T1] af9005: af9005_rc_decode function not found, disabling remote
[   11.790193][    T1] usbcore: registered new interface driver pctv452e
[   11.793274][    T1] usbcore: registered new interface driver dw2102
[   11.795510][    T1] usbcore: registered new interface driver dvb_usb_dtv5100
[   11.801627][    T1] usbcore: registered new interface driver cinergyT2
[   11.808281][    T1] usbcore: registered new interface driver dvb_usb_az6027
[   11.819022][    T1] usbcore: registered new interface driver dvb_usb_technisat_usb2
[   11.823666][    T1] usbcore: registered new interface driver dvb_usb_af9015
[   11.828293][    T1] usbcore: registered new interface driver dvb_usb_af9035
[   11.830794][    T1] usbcore: registered new interface driver dvb_usb_anysee
[   11.833550][    T1] usbcore: registered new interface driver dvb_usb_au6610
[   11.837407][    T1] usbcore: registered new interface driver dvb_usb_az6007
[   11.845373][    T1] usbcore: registered new interface driver dvb_usb_ce6230
[   11.847794][    T1] usbcore: registered new interface driver dvb_usb_ec168
[   11.851123][    T1] usbcore: registered new interface driver dvb_usb_lmedm04
[   11.854943][    T1] usbcore: registered new interface driver dvb_usb_gl861
[   11.858362][    T1] usbcore: registered new interface driver dvb_usb_mxl111sf
[   11.865456][    T1] usbcore: registered new interface driver dvb_usb_rtl28xxu
[   11.867904][    T1] usbcore: registered new interface driver dvb_usb_dvbsky
[   11.872708][    T1] usbcore: registered new interface driver zd1301
[   11.875589][    T1] usbcore: registered new interface driver s2255
[   11.878033][    T1] usbcore: registered new interface driver smsusb
[   11.882727][    T1] usbcore: registered new interface driver ttusb
[   11.885472][    T1] usbcore: registered new interface driver ttusb-dec
[   11.887658][    T1] usbcore: registered new interface driver Abilis Systems as10x usb driver
[   11.890334][    T1] usbcore: registered new interface driver airspy
[   11.892394][    T1] gspca_main: v2.14.0 registered
[   11.894829][    T1] usbcore: registered new interface driver benq
[   11.899301][    T1] usbcore: registered new interface driver conex
[   11.901604][    T1] usbcore: registered new interface driver cpia1
[   11.903763][    T1] usbcore: registered new interface driver dtcs033
[   11.905914][    T1] usbcore: registered new interface driver etoms
[   11.908039][    T1] usbcore: registered new interface driver finepix
[   11.910261][    T1] usbcore: registered new interface driver jeilinj
[   11.919042][    T1] usbcore: registered new interface driver jl2005bcd
[   11.924449][    T1] usbcore: registered new interface driver kinect
[   11.926741][    T1] usbcore: registered new interface driver konica
[   11.929346][    T1] usbcore: registered new interface driver mars
[   11.933767][    T1] usbcore: registered new interface driver mr97310a
[   11.942189][    T1] usbcore: registered new interface driver nw80x
[   11.945763][    T1] usbcore: registered new interface driver ov519
[   11.948672][    T1] usbcore: registered new interface driver ov534
[   11.952589][    T1] usbcore: registered new interface driver ov534_9
[   11.958094][    T1] usbcore: registered new interface driver pac207
[   11.964003][    T1] usbcore: registered new interface driver gspca_pac7302
[   11.971227][    T1] usbcore: registered new interface driver pac7311
[   11.978797][    T1] usbcore: registered new interface driver se401
[   11.981457][    T1] usbcore: registered new interface driver sn9c2028
[   11.984524][    T1] usbcore: registered new interface driver gspca_sn9c20x
[   11.988141][    T1] usbcore: registered new interface driver sonixb
[   11.996061][    T1] usbcore: registered new interface driver sonixj
[   11.998868][    T1] usbcore: registered new interface driver spca500
[   12.002281][    T1] usbcore: registered new interface driver spca501
[   12.004490][    T1] usbcore: registered new interface driver spca505
[   12.007113][    T1] usbcore: registered new interface driver spca506
[   12.011033][    T1] usbcore: registered new interface driver spca508
[   12.014362][    T1] usbcore: registered new interface driver spca561
[   12.019646][    T1] usbcore: registered new interface driver spca1528
[   12.023017][    T1] usbcore: registered new interface driver sq905
[   12.026266][    T1] usbcore: registered new interface driver sq905c
[   12.032073][    T1] usbcore: registered new interface driver sq930x
[   12.034375][    T1] usbcore: registered new interface driver sunplus
[   12.038197][    T1] usbcore: registered new interface driver stk014
[   12.046800][    T1] usbcore: registered new interface driver stk1135
[   12.049301][    T1] usbcore: registered new interface driver stv0680
[   12.052729][    T1] usbcore: registered new interface driver t613
[   12.058120][    T1] usbcore: registered new interface driver gspca_topro
[   12.062738][    T1] usbcore: registered new interface driver touptek
[   12.065020][    T1] usbcore: registered new interface driver tv8532
[   12.067400][    T1] usbcore: registered new interface driver vc032x
[   12.069960][    T1] usbcore: registered new interface driver vicam
[   12.074032][    T1] usbcore: registered new interface driver xirlink-cit
[   12.076774][    T1] usbcore: registered new interface driver gspca_zc3xx
[   12.079493][    T1] usbcore: registered new interface driver ALi m5602
[   12.083750][    T1] usbcore: registered new interface driver STV06xx
[   12.086179][    T1] usbcore: registered new interface driver gspca_gl860
[   12.088676][    T1] usbcore: registered new interface driver hackrf
[   12.093855][    T1] usbcore: registered new interface driver msi2500
[   12.096148][    T1] usbcore: registered new interface driver Philips webcam
[   12.099452][    T1] usbcore: registered new interface driver uvcvideo
[   12.102733][    T1] au0828: au0828 driver loaded
[   12.105741][    T1] usbcore: registered new interface driver au0828
[   12.109209][    T1] usbcore: registered new interface driver cx231xx
[   12.112704][    T1] usbcore: registered new interface driver em28xx
[   12.114915][    T1] em28xx: Registered (Em28xx v4l2 Extension) extension
[   12.117195][    T1] em28xx: Registered (Em28xx Audio Extension) extension
[   12.119554][    T1] em28xx: Registered (Em28xx dvb Extension) extension
[   12.123803][    T1] em28xx: Registered (Em28xx Input Extension) extension
[   12.129688][    T1] usbcore: registered new interface driver go7007
[   12.132452][    T1] usbcore: registered new interface driver go7007-loader
[   12.135153][    T1] usbcore: registered new interface driver hdpvr
[   12.139268][    T1] usbcore: registered new interface driver pvrusb2
[   12.144893][    T1] pvrusb2: V4L in-tree version:Hauppauge WinTV-PVR-USB2 MPEG2 Encoder/Tuner
[   12.147934][    T1] pvrusb2: Debug mask is 31 (0x1f)
[   12.150811][    T1] usbcore: registered new interface driver stk1160
[   12.154011][    T1] usbcore: registered new interface driver usbtv
[   12.167428][    T1] dvbdev: DVB: registering new adapter (dvb_vidtv_bridge)
[   12.173649][    T1] i2c i2c-0: DVB: registering adapter 0 frontend 0 (Dummy demod for DVB-T/T2/C/S/S2)...
[   12.176963][    T1] dvbdev: dvb_create_media_entity: media entity 'Dummy demod for DVB-T/T2/C/S/S2' registered.
[   12.195820][    T1] dvbdev: dvb_create_media_entity: media entity 'dvb-demux' registered.
[   12.207743][    T1] vidtv vidtv.0: Successfully initialized vidtv!
[   12.212826][    T1] vicodec vicodec.0: Device 'stateful-encoder' registered as /dev/video0
[   12.218198][    T1] vicodec vicodec.0: Device 'stateful-decoder' registered as /dev/video1
[   12.225088][    T1] vicodec vicodec.0: Device 'stateless-decoder' registered as /dev/video2
[   12.233476][    T1] vim2m vim2m.0: Device registered as /dev/video0
[   12.277254][    T1] vivid-000: using single planar format API
[   12.306705][    T1] vivid-000: CEC adapter cec0 registered for HDMI input
[   12.310201][    T1] vivid-000: V4L2 capture device registered as video7
[   12.315512][    T1] vivid-000: CEC adapter cec1 registered for HDMI output 0
[   12.327168][    T1] vivid-000: V4L2 output device registered as video8
[   12.331844][    T1] vivid-000: V4L2 capture device registered as vbi0, supports raw and sliced VBI
[   12.335703][    T1] vivid-000: V4L2 output device registered as vbi1, supports raw and sliced VBI
[   12.338940][    T1] vivid-000: V4L2 capture device registered as swradio0
[   12.343251][    T1] vivid-000: V4L2 receiver device registered as radio0
[   12.346879][    T1] vivid-000: V4L2 transmitter device registered as radio1
[   12.349894][    T1] vivid-000: V4L2 metadata capture device registered as video9
[   12.352974][    T1] vivid-000: V4L2 metadata output device registered as video10
[   12.355764][    T1] vivid-000: V4L2 touch capture device registered as v4l-touch0
[   12.360881][    T1] usbcore: registered new interface driver radioshark2
[   12.364411][    T1] usbcore: registered new interface driver radioshark
[   12.366592][    T1] usbcore: registered new interface driver radio-si470x
[   12.369203][    T1] usbcore: registered new interface driver radio-usb-si4713
[   12.373472][    T1] usbcore: registered new interface driver dsbr100
[   12.375839][    T1] usbcore: registered new interface driver radio-keene
[   12.378203][    T1] usbcore: registered new interface driver radio-ma901
[   12.380557][    T1] usbcore: registered new interface driver radio-mr800
[   12.383330][    T1] usbcore: registered new interface driver radio-raremono
[   12.393195][    T1] usbcore: registered new interface driver powerz
[   12.395351][    T1] usbcore: registered new interface driver pcwd_usb
[   12.411520][    T1] device-mapper: core: CONFIG_IMA_DISABLE_HTABLE is disabled. Duplicate IMA measurements will not be recorded in the IMA log.
[   12.416443][    T1] device-mapper: uevent: version 1.0.3
[   12.419926][    T1] device-mapper: ioctl: 4.48.0-ioctl (2023-03-01) initialised: dm-devel@lists.linux.dev
[   12.426534][    T1] device-mapper: multipath round-robin: version 1.2.0 loaded
[   12.431466][    T1] device-mapper: multipath queue-length: version 0.2.0 loaded
[   12.435005][    T1] device-mapper: multipath service-time: version 0.3.0 loaded
[   12.440378][    T1] Bluetooth: HCI UART driver ver 2.3
[   12.442813][    T1] Bluetooth: HCI UART protocol H4 registered
[   12.446348][    T1] Bluetooth: HCI UART protocol BCSP registered
[   12.449507][    T1] Bluetooth: HCI UART protocol LL registered
[   12.453788][    T1] Bluetooth: HCI UART protocol Three-wire (H5) registered
[   12.456994][    T1] Bluetooth: HCI UART protocol QCA registered
[   12.460479][    T1] Bluetooth: HCI UART protocol AG6XX registered
[   12.467569][    T1] Bluetooth: HCI UART protocol Marvell registered
[   12.471635][    T1] usbcore: registered new interface driver bcm203x
[   12.473891][    T1] usbcore: registered new interface driver bpa10x
[   12.479141][    T1] usbcore: registered new interface driver bfusb
[   12.481930][    T1] usbcore: registered new interface driver btusb
[   12.485287][    T1] usbcore: registered new interface driver ath3k
[   12.490328][    T1] CAPI 2.0 started up with major 68 (middleware)
[   12.493800][    T1] Modular ISDN core version 1.1.29
[   12.498487][    T1] NET: Registered PF_ISDN protocol family
[   12.500290][    T1] DSP module 2.0
[   12.501601][    T1] mISDN_dsp: DSP clocks every 80 samples. This equals 1 jiffies.
[   12.510216][    T1] mISDN: Layer-1-over-IP driver Rev. 2.00
[   12.513193][    T1] 0 virtual devices registered
[   12.515498][    T1] usbcore: registered new interface driver HFC-S_USB
[   12.517566][    T1] intel_pstate: CPU model not supported
[   12.519281][    T1] VUB300 Driver rom wait states = 1C irqpoll timeout = 0400
[   12.521346][    T1] usbcore: registered new interface driver vub300
[   12.527612][    T1] usbcore: registered new interface driver ushc
[   12.554046][    T8] input: ImExPS/2 Generic Explorer Mouse as /devices/platform/i8042/serio1/input/input3
[   12.559982][    T1] iscsi: registered transport (iser)
[   12.569124][    T1] SoftiWARP attached
[   12.589346][    T1] hid: raw HID events driver (C) Jiri Kosina
[   12.652621][    T1] usbcore: registered new interface driver usbhid
[   12.655463][    T1] usbhid: USB HID core driver
[   12.661527][    T1] usbcore: registered new interface driver es2_ap_driver
[   12.663668][    T1] comedi: version 0.7.76 - http://www.comedi.org
[   12.665987][    T1] usbcore: registered new interface driver dt9812
[   12.668126][    T1] usbcore: registered new interface driver ni6501
[   12.674178][    T1] usbcore: registered new interface driver usbdux
[   12.677240][    T1] usbcore: registered new interface driver usbduxfast
[   12.679604][    T1] usbcore: registered new interface driver usbduxsigma
[   12.691302][    T1] usbcore: registered new interface driver vmk80xx
[   12.696369][    T1] usbcore: registered new interface driver r8712u
[   12.699603][    T1] greybus: registered new driver hid
[   12.702388][    T1] greybus: registered new driver gbphy
[   12.704201][    T1] gb_gbphy: registered new driver usb
[   12.707895][    T1] asus_wmi: ASUS WMI generic driver loaded
[   12.718126][    T1] gnss: GNSS driver registered with major 491
[   12.723296][    T1] usbcore: registered new interface driver gnss-usb
[   12.728089][    T1] usbcore: registered new interface driver hdm_usb
[   12.821612][    T1] usbcore: registered new interface driver snd-usb-audio
[   12.824533][    T1] usbcore: registered new interface driver snd-ua101
[   12.830638][    T1] usbcore: registered new interface driver snd-usb-usx2y
[   12.833474][    T1] usbcore: registered new interface driver snd-usb-us122l
[   12.836309][    T1] usbcore: registered new interface driver snd-usb-caiaq
[   12.838798][    T1] usbcore: registered new interface driver snd-usb-6fire
[   12.846134][    T1] usbcore: registered new interface driver snd-usb-hiface
[   12.849868][    T1] usbcore: registered new interface driver snd-bcd2000
[   12.854366][    T1] usbcore: registered new interface driver snd_usb_pod
[   12.856629][    T1] usbcore: registered new interface driver snd_usb_podhd
[   12.859024][    T1] usbcore: registered new interface driver snd_usb_toneport
[   12.861549][    T1] usbcore: registered new interface driver snd_usb_variax
[   12.868441][    T1] drop_monitor: Initializing network drop monitor service
[   12.872524][    T1] NET: Registered PF_LLC protocol family
[   12.874566][    T1] GACT probability on
[   12.875856][    T1] Mirror/redirect action on
[   12.877437][    T1] Simple TC action Loaded
[   12.881724][    T1] netem: version 1.3
[   12.884842][    T1] u32 classifier
[   12.887119][    T1]     Performance counters on
[   12.888504][    T1]     input device check on
[   12.889904][    T1]     Actions configured
[   12.897890][    T1] xt_time: kernel timezone is -0000
[   12.899949][    T1] IPVS: Registered protocols (TCP, UDP, SCTP, AH, ESP)
[   12.902928][    T1] IPVS: Connection hash table configured (size=4096, memory=32Kbytes)
[   12.909315][    T1] IPVS: ipvs loaded.
[   12.910852][    T1] IPVS: [rr] scheduler registered.
[   12.912389][    T1] IPVS: [wrr] scheduler registered.
