bash: warning: setlocale: LC_ALL: cannot change locale (en_US.UTF-8)
c[?7l[2J[0mSeaBIOS (version 1.16.2-debian-1.16.2-1)
Booting from ROM...
c[?7l[2Jearly console in extract_kernel
input_data: 0x000000000f5222a3
input_len: 0x0000000005ec4155
output: 0x0000000001000000
output_len: 0x00000000125bbc78
kernel_total_size: 0x0000000014426000
needed_size: 0x0000000014600000
trampoline_32bit: 0x0000000000000000

Decompressing Linux... Parsing ELF... done.
Booting the kernel (entry_offset: 0x000000000000007a).
[    0.000000][    T0] Linux version 6.11.0-rc4-00003-ga79f79cb3180 (root@buildkitsandbox) (gcc (Debian 12.2.0-14+deb12u1) 12.2.0, GNU ld (GNU Binutils for Debian) 2.40) #2 SMP PREEMPT_DYNAMIC Fri May 22 05:33:22 UTC 2026
[    0.000000][    T0] Command line: console=ttyS0 oops=panic panic=86400 nokaslr earlyprintk=serial rdinit=/init
[    0.000000][    T0] KERNEL supported cpus:
[    0.000000][    T0]   Intel GenuineIntel
[    0.000000][    T0]   AMD AuthenticAMD
[    0.000000][    T0] BIOS-provided physical RAM map:
[    0.000000][    T0] BIOS-e820: [mem 0x0000000000000000-0x000000000009fbff] usable
[    0.000000][    T0] BIOS-e820: [mem 0x000000000009fc00-0x000000000009ffff] reserved
[    0.000000][    T0] BIOS-e820: [mem 0x00000000000f0000-0x00000000000fffff] reserved
[    0.000000][    T0] BIOS-e820: [mem 0x0000000000100000-0x000000007ffdffff] usable
[    0.000000][    T0] BIOS-e820: [mem 0x000000007ffe0000-0x000000007fffffff] reserved
[    0.000000][    T0] BIOS-e820: [mem 0x00000000feffc000-0x00000000feffffff] reserved
[    0.000000][    T0] BIOS-e820: [mem 0x00000000fffc0000-0x00000000ffffffff] reserved
[    0.000000][    T0] printk: legacy bootconsole [earlyser0] enabled
[    0.000000][    T0] NX (Execute Disable) protection: active
[    0.000000][    T0] APIC: Static calls initialized
[    0.000000][    T0] SMBIOS 2.8 present.
[    0.000000][    T0] DMI: QEMU Standard PC (i440FX + PIIX, 1996), BIOS 1.16.2-debian-1.16.2-1 04/01/2014
[    0.000000][    T0] DMI: Memory slots populated: 1/1
[    0.000000][    T0] Hypervisor detected: KVM
[    0.000000][    T0] kvm-clock: Using msrs 4b564d01 and 4b564d00
[    0.000009][    T0] kvm-clock: using sched offset of 2455172701 cycles
[    0.003447][    T0] clocksource: kvm-clock: mask: 0xffffffffffffffff max_cycles: 0x1cd42e4dffb, max_idle_ns: 881590591483 ns
[    0.011238][    T0] tsc: Detected 2995.198 MHz processor
[    0.021917][    T0] last_pfn = 0x7ffe0 max_arch_pfn = 0x400000000
[    0.024420][    T0] MTRR map: 4 entries (3 fixed + 1 variable; max 19), built from 8 variable MTRRs
[    0.029147][    T0] x86/PAT: Configuration [0-7]: WB  WC  UC- UC  WB  WP  UC- WT  
[    0.047475][    T0] found SMP MP-table at [mem 0x000f5ba0-0x000f5baf]
[    0.052510][    T0] Using GB pages for direct mapping
[    0.056593][    T0] Incomplete global flushes, disabling PCID
[    0.061059][    T0] RAMDISK: [mem 0x7fe8e000-0x7ffdffff]
[    0.070001][    T0] ACPI: Early table checksum verification disabled
[    0.073823][    T0] ACPI: RSDP 0x00000000000F59D0 000014 (v00 BOCHS )
[    0.076926][    T0] ACPI: RSDT 0x000000007FFE1B33 000034 (v01 BOCHS  BXPC     00000001 BXPC 00000001)
[    0.081213][    T0] ACPI: FACP 0x000000007FFE19DF 000074 (v01 BOCHS  BXPC     00000001 BXPC 00000001)
[    0.085851][    T0] ACPI: DSDT 0x000000007FFE0040 00199F (v01 BOCHS  BXPC     00000001 BXPC 00000001)
[    0.093107][    T0] ACPI: FACS 0x000000007FFE0000 000040
[    0.095226][    T0] ACPI: APIC 0x000000007FFE1A53 000080 (v01 BOCHS  BXPC     00000001 BXPC 00000001)
[    0.098458][    T0] ACPI: HPET 0x000000007FFE1AD3 000038 (v01 BOCHS  BXPC     00000001 BXPC 00000001)
[    0.102958][    T0] ACPI: WAET 0x000000007FFE1B0B 000028 (v01 BOCHS  BXPC     00000001 BXPC 00000001)
[    0.110678][    T0] ACPI: Reserving FACP table memory at [mem 0x7ffe19df-0x7ffe1a52]
[    0.114067][    T0] ACPI: Reserving DSDT table memory at [mem 0x7ffe0040-0x7ffe19de]
[    0.116884][    T0] ACPI: Reserving FACS table memory at [mem 0x7ffe0000-0x7ffe003f]
[    0.120723][    T0] ACPI: Reserving APIC table memory at [mem 0x7ffe1a53-0x7ffe1ad2]
[    0.129820][    T0] ACPI: Reserving HPET table memory at [mem 0x7ffe1ad3-0x7ffe1b0a]
[    0.133238][    T0] ACPI: Reserving WAET table memory at [mem 0x7ffe1b0b-0x7ffe1b32]
[    0.138306][    T0] No NUMA configuration found
[    0.140622][    T0] Faking a node at [mem 0x0000000000000000-0x000000007ffdffff]
[    0.146481][    T0] NODE_DATA(0) allocated [mem 0x7fe87e00-0x7fe8ddff]
[    0.274448][    T0] Zone ranges:
[    0.278627][    T0]   DMA      [mem 0x0000000000001000-0x0000000000ffffff]
[    0.280718][    T0]   DMA32    [mem 0x0000000001000000-0x000000007ffdffff]
[    0.282798][    T0]   Normal   empty
[    0.283931][    T0]   Device   empty
[    0.285072][    T0] Movable zone start for each node
[    0.286580][    T0] Early memory node ranges
[    0.288855][    T0]   node   0: [mem 0x0000000000001000-0x000000000009efff]
[    0.293403][    T0]   node   0: [mem 0x0000000000100000-0x000000007ffdffff]
[    0.296397][    T0] Initmem setup node 0 [mem 0x0000000000001000-0x000000007ffdffff]
[    0.300045][    T0] On node 0, zone DMA: 1 pages in unavailable ranges
[    0.303313][    T0] On node 0, zone DMA: 97 pages in unavailable ranges
[    0.327125][    T0] On node 0, zone DMA32: 32 pages in unavailable ranges
[    1.118132][    T0] kasan: KernelAddressSanitizer initialized
[    1.125562][    T0] ACPI: PM-Timer IO Port: 0x608
[    1.128173][    T0] ACPI: LAPIC_NMI (acpi_id[0xff] dfl dfl lint[0x1])
[    1.131944][    T0] IOAPIC[0]: apic_id 0, version 17, address 0xfec00000, GSI 0-23
[    1.134769][    T0] ACPI: INT_SRC_OVR (bus 0 bus_irq 0 global_irq 2 dfl dfl)
[    1.137564][    T0] ACPI: INT_SRC_OVR (bus 0 bus_irq 5 global_irq 5 high level)
[    1.141702][    T0] ACPI: INT_SRC_OVR (bus 0 bus_irq 9 global_irq 9 high level)
[    1.144184][    T0] ACPI: INT_SRC_OVR (bus 0 bus_irq 10 global_irq 10 high level)
[    1.148018][    T0] ACPI: INT_SRC_OVR (bus 0 bus_irq 11 global_irq 11 high level)
[    1.151961][    T0] ACPI: Using ACPI (MADT) for SMP configuration information
[    1.159217][    T0] ACPI: HPET id: 0x8086a201 base: 0xfed00000
[    1.162080][    T0] TSC deadline timer available
[    1.164077][    T0] CPU topo: Max. logical packages:   1
[    1.166601][    T0] CPU topo: Max. logical dies:       1
[    1.169106][    T0] CPU topo: Max. dies per package:   1
[    1.179705][    T0] CPU topo: Max. threads per core:   1
[    1.186002][    T0] CPU topo: Num. cores per package:     2
[    1.191091][    T0] CPU topo: Num. threads per package:   2
[    1.192810][    T0] CPU topo: Allowing 2 present CPUs plus 0 hotplug CPUs
[    1.195922][    T0] kvm-guest: APIC: eoi() replaced with kvm_guest_apic_eoi_write()
[    1.198504][    T0] kvm-guest: KVM setup pv remote TLB flush
[    1.200505][    T0] kvm-guest: setup PV sched yield
[    1.202158][    T0] PM: hibernation: Registered nosave memory: [mem 0x00000000-0x00000fff]
[    1.204356][    T0] PM: hibernation: Registered nosave memory: [mem 0x0009f000-0x0009ffff]
[    1.206723][    T0] PM: hibernation: Registered nosave memory: [mem 0x000a0000-0x000effff]
[    1.212103][    T0] PM: hibernation: Registered nosave memory: [mem 0x000f0000-0x000fffff]
[    1.216206][    T0] [mem 0x80000000-0xfeffbfff] available for PCI devices
[    1.219230][    T0] Booting paravirtualized kernel on KVM
[    1.220858][    T0] clocksource: refined-jiffies: mask: 0xffffffff max_cycles: 0xffffffff, max_idle_ns: 19112604462750000 ns
[    1.403434][    T0] setup_percpu: NR_CPUS:8 nr_cpumask_bits:2 nr_cpu_ids:2 nr_node_ids:1
[    1.423725][    T0] percpu: Embedded 74 pages/cpu s265288 r8192 d29624 u1048576
[    1.427933][    T0] kvm-guest: PV spinlocks enabled
[    1.429381][    T0] PV qspinlock hash table entries: 256 (order: 0, 4096 bytes, linear)
[    1.431936][    T0] Kernel command line: console=ttyS0 oops=panic panic=86400 nokaslr earlyprintk=serial rdinit=/init
[    1.437317][    T0] random: crng init done
[    1.441397][    T0] Dentry cache hash table entries: 262144 (order: 9, 2097152 bytes, linear)
[    1.447736][    T0] Inode-cache hash table entries: 131072 (order: 8, 1048576 bytes, linear)
[    1.451220][    T0] Fallback order for Node 0: 0 
[    1.451235][    T0] Built 1 zonelists, mobility grouping on.  Total pages: 524158
[    1.456183][    T0] Policy zone: DMA32
[    1.463894][    T0] mem auto-init: stack:all(zero), heap alloc:on, heap free:off
[    1.465901][    T0] stackdepot: allocating hash table via alloc_large_system_hash
[    1.467664][    T0] stackdepot hash table entries: 1048576 (order: 12, 16777216 bytes, linear)
[    1.681347][    T0] SLUB: HWalign=64, Order=0-3, MinObjects=0, CPUs=2, Nodes=1
[    1.695370][    T0] allocated 4194304 bytes of page_ext
[    1.698942][    T0] Dynamic Preempt: full
[    1.704038][    T0] Running RCU self tests
[    1.706139][    T0] Running RCU synchronous self tests
[    1.708604][    T0] rcu: Preemptible hierarchical RCU implementation.
[    1.710342][    T0] rcu: 	RCU lockdep checking is enabled.
[    1.712539][    T0] rcu: 	RCU restricting CPUs from NR_CPUS=8 to nr_cpu_ids=2.
[    1.714690][    T0] rcu: 	RCU callback double-/use-after-free debug is enabled.
[    1.716239][    T0] rcu: 	RCU debug extended QS entry/exit.
[    1.717438][    T0] 	Trampoline variant of Tasks RCU enabled.
[    1.718719][    T0] 	Tracing variant of Tasks RCU enabled.
[    1.719916][    T0] rcu: RCU calculated value of scheduler-enlistment delay is 10 jiffies.
[    1.721815][    T0] rcu: Adjusting geometry for rcu_fanout_leaf=16, nr_cpu_ids=2
[    1.723700][    T0] Running RCU synchronous self tests
[    1.725174][    T0] RCU Tasks: Setting shift to 1 and lim to 1 rcu_task_cb_adjust=1.
[    1.727100][    T0] RCU Tasks Trace: Setting shift to 1 and lim to 1 rcu_task_cb_adjust=1.
[    1.886462][    T0] NR_IRQS: 4352, nr_irqs: 440, preallocated irqs: 16
[    1.891029][    T0] rcu: srcu_init: Setting srcu_struct sizes based on contention.
[    1.894723][    T0] kfence: initialized - using 2097152 bytes for 255 objects at 0x(____ptrval____)-0x(____ptrval____)
[    1.914950][    T0] Console: colour VGA+ 80x25
[    1.916392][    T0] printk: legacy console [ttyS0] enabled
[    1.916392][    T0] printk: legacy console [ttyS0] enabled
[    1.919210][    T0] printk: legacy bootconsole [earlyser0] disabled
[    1.919210][    T0] printk: legacy bootconsole [earlyser0] disabled
[    1.922413][    T0] Lock dependency validator: Copyright (c) 2006 Red Hat, Inc., Ingo Molnar
[    1.926256][    T0] ... MAX_LOCKDEP_SUBCLASSES:  8
[    1.928884][    T0] ... MAX_LOCK_DEPTH:          48
[    1.931141][    T0] ... MAX_LOCKDEP_KEYS:        8192
[    1.932418][    T0] ... CLASSHASH_SIZE:          4096
[    1.933827][    T0] ... MAX_LOCKDEP_ENTRIES:     131072
[    1.935150][    T0] ... MAX_LOCKDEP_CHAINS:      262144
[    1.936416][    T0] ... CHAINHASH_SIZE:          131072
[    1.937717][    T0]  memory used by lock dependency info: 20721 kB
[    1.940395][    T0]  memory used for stack traces: 8320 kB
[    1.944784][    T0]  per task-struct memory footprint: 1920 bytes
[    1.949057][    T0] ACPI: Core revision 20240322
[    1.954381][    T0] clocksource: hpet: mask: 0xffffffff max_cycles: 0xffffffff, max_idle_ns: 19112604467 ns
[    1.957372][    T0] APIC: Switch to symmetric I/O mode setup
[    1.959348][    T0] x2apic enabled
[    1.961066][    T0] APIC: Switched APIC routing to: physical x2apic
[    1.962649][    T0] kvm-guest: APIC: send_IPI_mask() replaced with kvm_send_ipi_mask()
[    1.965311][    T0] kvm-guest: APIC: send_IPI_mask_allbutself() replaced with kvm_send_ipi_mask_allbutself()
[    1.968989][    T0] kvm-guest: setup PV IPIs
[    1.975492][    T0] ..TIMER: vector=0x30 apic1=0 pin1=2 apic2=-1 pin2=-1
[    1.977310][    T0] clocksource: tsc-early: mask: 0xffffffffffffffff max_cycles: 0x2b2c8d6afc8, max_idle_ns: 440795331172 ns
[    1.980315][    T0] Calibrating delay loop (skipped) preset value.. 5990.39 BogoMIPS (lpj=29951980)
[    1.984753][    T0] x86/cpu: User Mode Instruction Prevention (UMIP) activated
[    1.991134][    T0] Last level iTLB entries: 4KB 0, 2MB 0, 4MB 0
[    1.993470][    T0] Last level dTLB entries: 4KB 0, 2MB 0, 4MB 0, 1GB 0
[    1.996305][    T0] Spectre V1 : Mitigation: usercopy/swapgs barriers and __user pointer sanitization
[    2.000300][    T0] Spectre V2 : WARNING: Unprivileged eBPF is enabled with eIBRS on, data leaks possible via Spectre v2 BHB attacks!
[    2.004521][    T0] Spectre V2 : Spectre BHI mitigation: SW BHB clearing on syscall and VM exit
[    2.010298][    T0] Spectre V2 : Mitigation: Enhanced / Automatic IBRS
[    2.014192][    T0] Spectre V2 : Spectre v2 / SpectreRSB mitigation: Filling RSB on context switch
[    2.017464][    T0] Spectre V2 : Spectre v2 / PBRSB-eIBRS: Retire a single CALL on VMEXIT
[    2.020318][    T0] RETBleed: Mitigation: Enhanced IBRS
[    2.024021][    T0] Spectre V2 : mitigation: Enabling conditional Indirect Branch Prediction Barrier
[    2.026479][    T0] Speculative Store Bypass: Mitigation: Speculative Store Bypass disabled via prctl
[    2.028716][    T0] MMIO Stale Data: Unknown: No mitigations
[    2.030334][    T0] Register File Data Sampling: Vulnerable: No microcode
[    2.032279][    T0] x86/fpu: Supporting XSAVE feature 0x001: 'x87 floating point registers'
[    2.035957][    T0] x86/fpu: Supporting XSAVE feature 0x002: 'SSE registers'
[    2.040296][    T0] x86/fpu: Supporting XSAVE feature 0x004: 'AVX registers'
[    2.043504][    T0] x86/fpu: xstate_offset[2]:  576, xstate_sizes[2]:  256
[    2.047305][    T0] x86/fpu: Enabled xstate features 0x7, context size is 832 bytes, using 'compacted' format.
[    2.254245][    T0] Freeing SMP alternatives memory: 124K
[    2.256121][    T0] pid_max: default: 32768 minimum: 301
[    2.257982][    T0] LSM: initializing lsm=lockdown,capability,landlock,yama,safesetid,tomoyo,apparmor,bpf,ima,evm
[    2.260426][    T0] landlock: Up and running.
[    2.261522][    T0] Yama: becoming mindful.
[    2.262749][    T0] TOMOYO Linux initialized
[    2.264281][    T0] AppArmor: AppArmor initialized
[    2.265523][    T0] LSM support for eBPF active
[    2.267150][    T0] Mount-cache hash table entries: 4096 (order: 3, 32768 bytes, linear)
[    2.270302][    T0] Mountpoint-cache hash table entries: 4096 (order: 3, 32768 bytes, linear)
[    2.276419][    T0] Running RCU synchronous self tests
[    2.278254][    T0] Running RCU synchronous self tests
[    2.281220][    T1] smpboot: CPU0: 13th Gen Intel(R) Core(TM) i9-13900H (family: 0x6, model: 0xba, stepping: 0x2)
[    2.311324][    T1] Running RCU Tasks wait API self tests
[    2.313660][    T1] Running RCU Tasks Trace wait API self tests
[    2.315656][    T1] Performance Events: unsupported p6 CPU model 186 no PMU driver, software events only.
[    2.319747][    T1] signal: max sigframe size: 1776
[    2.345408][   T15] Callback from call_rcu_tasks_trace() invoked.
[    2.360484][    T1] rcu: Hierarchical SRCU implementation.
[    2.362145][    T1] rcu: 	Max phase no-delay instances is 1000.
[    2.364883][    T1] Timer migration: 1 hierarchy levels; 8 children per group; 1 crossnode level
[    2.376048][    T1] NMI watchdog: Perf NMI watchdog permanently disabled
[    2.381057][    T1] smp: Bringing up secondary CPUs ...
[    2.386909][    T1] smpboot: x86: Booting SMP configuration:
[    2.388459][    T1] .... node  #0, CPUs:      #1
[    2.390904][    T1] smp: Brought up 1 node, 2 CPUs
[    2.393680][    T1] smpboot: Total of 2 processors activated (11980.79 BogoMIPS)
[    2.402689][    T1] Memory: 1393080K/2096632K available (167936K kernel code, 40148K rwdata, 37964K rodata, 26260K init, 35092K bss, 692688K reserved, 0K cma-reserved)
[    2.413275][    T1] devtmpfs: initialized
[    2.421357][    T1] x86/mm: Memory block size: 128MB
[    2.451802][    T1] Running RCU synchronous self tests
[    2.453398][    T1] Running RCU synchronous self tests
[    2.455899][    T1] clocksource: jiffies: mask: 0xffffffff max_cycles: 0xffffffff, max_idle_ns: 19112604462750000 ns
[    2.460596][    T1] futex hash table entries: 512 (order: 4, 65536 bytes, linear)
[    2.470311][    T1] PM: RTC time: 05:35:32, date: 2026-05-22
[    2.478613][    T1] NET: Registered PF_NETLINK/PF_ROUTE protocol family
[    2.483594][    T1] audit: initializing netlink subsys (disabled)
[    2.490690][   T29] audit: type=2000 audit(1779428132.833:1): state=initialized audit_enabled=0 res=1
[    2.503943][    T1] thermal_sys: Registered thermal governor 'step_wise'
[    2.503956][    T1] thermal_sys: Registered thermal governor 'user_space'
[    2.509597][    T1] cpuidle: using governor menu
[    2.509597][    T1] NET: Registered PF_QIPCRTR protocol family
[    2.511294][    T1] dca service started, version 1.12.1
[    2.514504][    T1] PCI: Using configuration type 1 for base access
[    2.521795][    T1] HugeTLB: registered 1.00 GiB page size, pre-allocated 0 pages
[    2.530751][    T1] HugeTLB: 16380 KiB vmemmap can be freed for a 1.00 GiB page
[    2.530711][   T14] Callback from call_rcu_tasks() invoked.
[    2.534093][    T1] HugeTLB: registered 2.00 MiB page size, pre-allocated 0 pages
[    2.537583][    T1] HugeTLB: 28 KiB vmemmap can be freed for a 2.00 MiB page
[    2.546941][    T1] cryptd: max_cpu_qlen set to 1000
[    2.550640][    T1] raid6: skipped pq benchmark and selected avx2x4
[    2.550640][    T1] raid6: using avx2x2 recovery algorithm
[    2.560957][    T1] ACPI: Added _OSI(Module Device)
[    2.560957][    T1] ACPI: Added _OSI(Processor Device)
[    2.560957][    T1] ACPI: Added _OSI(3.0 _SCP Extensions)
[    2.560957][    T1] ACPI: Added _OSI(Processor Aggregator Device)
[    2.650113][    T1] ACPI: 1 ACPI AML tables successfully acquired and loaded
[    2.687295][    T1] ACPI: Interpreter enabled
[    2.688969][    T1] ACPI: PM: (supports S0 S3 S4 S5)
[    2.690333][    T1] ACPI: Using IOAPIC for interrupt routing
[    2.692346][    T1] PCI: Using host bridge windows from ACPI; if necessary, use "pci=nocrs" and report a bug
[    2.697142][    T1] PCI: Using E820 reservations for host bridge windows
[    2.707079][    T1] ACPI: Enabled 2 GPEs in block 00 to 0F
[    2.829462][    T1] ACPI: PCI Root Bridge [PCI0] (domain 0000 [bus 00-ff])
[    2.830378][    T1] acpi PNP0A03:00: _OSC: OS supports [ASPM ClockPM Segments MSI HPX-Type3]
[    2.836140][    T1] acpi PNP0A03:00: _OSC: not requesting OS control; OS requires [ExtendedConfig ASPM ClockPM MSI]
[    2.839559][    T1] acpi PNP0A03:00: fail to add MMCONFIG information, can't access extended configuration space under this bridge
[    2.842361][    T1] PCI host bridge to bus 0000:00
[    2.845306][    T1] pci_bus 0000:00: root bus resource [io  0x0000-0x0cf7 window]
[    2.849477][    T1] pci_bus 0000:00: root bus resource [io  0x0d00-0xffff window]
[    2.860318][    T1] pci_bus 0000:00: root bus resource [mem 0x000a0000-0x000bffff window]
[    2.862925][    T1] pci_bus 0000:00: root bus resource [mem 0x80000000-0xfebfffff window]
[    2.865830][    T1] pci_bus 0000:00: root bus resource [mem 0x100000000-0x17fffffff window]
[    2.868185][    T1] pci_bus 0000:00: root bus resource [bus 00-ff]
[    2.870326][    T1] pci 0000:00:00.0: [8086:1237] type 00 class 0x060000 conventional PCI endpoint
[    2.912980][    T1] pci 0000:00:01.0: [8086:7000] type 00 class 0x060100 conventional PCI endpoint
[    2.961626][    T1] pci 0000:00:01.1: [8086:7010] type 00 class 0x010180 conventional PCI endpoint
[    2.968481][    T1] pci 0000:00:01.1: BAR 4 [io  0xc000-0xc00f]
[    2.972034][    T1] pci 0000:00:01.1: BAR 0 [io  0x01f0-0x01f7]: legacy IDE quirk
[    2.977015][    T1] pci 0000:00:01.1: BAR 1 [io  0x03f6]: legacy IDE quirk
[    2.978901][    T1] pci 0000:00:01.1: BAR 2 [io  0x0170-0x0177]: legacy IDE quirk
[    2.980306][    T1] pci 0000:00:01.1: BAR 3 [io  0x0376]: legacy IDE quirk
[    2.991246][    T1] pci 0000:00:01.3: [8086:7113] type 00 class 0x068000 conventional PCI endpoint
[    2.999965][    T1] pci 0000:00:01.3: quirk: [io  0x0600-0x063f] claimed by PIIX4 ACPI
[    3.000433][    T1] pci 0000:00:01.3: quirk: [io  0x0700-0x070f] claimed by PIIX4 SMB
[    3.007577][    T1] pci 0000:00:02.0: [1234:1111] type 00 class 0x030000 conventional PCI endpoint
[    3.022464][    T1] pci 0000:00:02.0: BAR 0 [mem 0xfd000000-0xfdffffff pref]
[    3.033705][    T1] pci 0000:00:02.0: BAR 2 [mem 0xfebf0000-0xfebf0fff]
[    3.044067][    T1] pci 0000:00:02.0: ROM [mem 0xfebe0000-0xfebeffff pref]
[    3.053208][    T1] pci 0000:00:02.0: Video device with shadowed ROM at [mem 0x000c0000-0x000dffff]
[    3.109026][    T1] ACPI: PCI: Interrupt link LNKA configured for IRQ 10
[    3.124016][    T1] ACPI: PCI: Interrupt link LNKB configured for IRQ 10
[    3.129400][    T1] ACPI: PCI: Interrupt link LNKC configured for IRQ 11
[    3.134214][    T1] ACPI: PCI: Interrupt link LNKD configured for IRQ 11
[    3.140996][    T1] ACPI: PCI: Interrupt link LNKS configured for IRQ 9
[    3.160753][    T1] iommu: Default domain type: Translated
[    3.170359][    T1] iommu: DMA domain TLB invalidation policy: lazy mode
[    3.179250][    T1] SCSI subsystem initialized
[    3.192234][    T1] ACPI: bus type USB registered
[    3.194293][    T1] usbcore: registered new interface driver usbfs
[    3.203101][    T1] usbcore: registered new interface driver hub
[    3.206126][    T1] usbcore: registered new device driver usb
[    3.209386][    T1] mc: Linux media interface: v0.10
[    3.210836][    T1] videodev: Linux video capture interface: v2.00
[    3.218206][    T1] pps_core: LinuxPPS API ver. 1 registered
[    3.220310][    T1] pps_core: Software ver. 5.3.6 - Copyright 2005-2007 Rodolfo Giometti <giometti@linux.it>
[    3.223126][    T1] PTP clock support registered
[    3.240707][    T1] EDAC MC: Ver: 3.0.0
[    3.252718][    T1] Advanced Linux Sound Architecture Driver Initialized.
[    3.261515][    T1] Bluetooth: Core ver 2.22
[    3.264273][    T1] NET: Registered PF_BLUETOOTH protocol family
[    3.265888][    T1] Bluetooth: HCI device and connection manager initialized
[    3.270977][    T1] Bluetooth: HCI socket layer initialized
[    3.275758][    T1] Bluetooth: L2CAP socket layer initialized
[    3.277695][    T1] Bluetooth: SCO socket layer initialized
[    3.279519][    T1] NET: Registered PF_ATMPVC protocol family
[    3.280313][    T1] NET: Registered PF_ATMSVC protocol family
[    3.285148][    T1] NetLabel: Initializing
[    3.287316][    T1] NetLabel:  domain hash size = 128
[    3.290329][    T1] NetLabel:  protocols = UNLABELED CIPSOv4 CALIPSO
[    3.298967][    T1] NetLabel:  unlabeled traffic allowed by default
[    3.303958][    T1] nfc: nfc_init: NFC Core ver 0.1
[    3.306005][    T1] NET: Registered PF_NFC protocol family
[    3.307798][    T1] PCI: Using ACPI for IRQ routing
[    3.310677][    T1] pci 0000:00:02.0: vgaarb: setting as boot VGA device
[    3.312824][    T1] pci 0000:00:02.0: vgaarb: bridge control possible
[    3.314701][    T1] pci 0000:00:02.0: vgaarb: VGA device added: decodes=io+mem,owns=io+mem,locks=none
[    3.320365][    T1] vgaarb: loaded
[    3.328945][    T1] hpet0: at MMIO 0xfed00000, IRQs 2, 8, 0
[    3.330311][    T1] hpet0: 3 comparators, 64-bit 100.000000 MHz counter
[    3.337670][    T1] clocksource: Switched to clocksource kvm-clock
[    3.350630][    T1] VFS: Disk quotas dquot_6.6.0
[    3.353748][    T1] VFS: Dquot-cache hash table entries: 512 (order 0, 4096 bytes)
[    3.359891][    T1] netfs: FS-Cache loaded
[    3.362363][    T1] CacheFiles: Loaded
[    3.367943][    T1] TOMOYO: 2.6.0
[    3.370159][    T1] Mandatory Access Control activated.
[    3.375811][    T1] AppArmor: AppArmor Filesystem Enabled
[    3.379341][    T1] pnp: PnP ACPI init
[    3.392550][    T1] pnp: PnP ACPI: found 6 devices
[    3.435400][    T1] clocksource: acpi_pm: mask: 0xffffff max_cycles: 0xffffff, max_idle_ns: 2085701024 ns
[    3.444244][    T1] NET: Registered PF_INET protocol family
[    3.447298][    T1] IP idents hash table entries: 32768 (order: 6, 262144 bytes, linear)
[    3.463319][    T1] tcp_listen_portaddr_hash hash table entries: 1024 (order: 4, 73728 bytes, linear)
[    3.466755][    T1] Table-perturb hash table entries: 65536 (order: 6, 262144 bytes, linear)
[    3.473874][    T1] TCP established hash table entries: 16384 (order: 5, 131072 bytes, linear)
[    3.488487][    T1] TCP bind hash table entries: 16384 (order: 9, 2359296 bytes, linear)
[    3.495505][    T1] TCP: Hash tables configured (established 16384 bind 16384)
[    3.499441][    T1] MPTCP token hash table entries: 2048 (order: 5, 180224 bytes, linear)
[    3.502732][    T1] UDP hash table entries: 1024 (order: 5, 163840 bytes, linear)
[    3.509206][    T1] UDP-Lite hash table entries: 1024 (order: 5, 163840 bytes, linear)
[    3.515198][    T1] NET: Registered PF_UNIX/PF_LOCAL protocol family
[    3.520791][    T1] RPC: Registered named UNIX socket transport module.
[    3.525438][    T1] RPC: Registered udp transport module.
[    3.530388][    T1] RPC: Registered tcp transport module.
[    3.532311][    T1] RPC: Registered tcp-with-tls transport module.
[    3.534160][    T1] RPC: Registered tcp NFSv4.1 backchannel transport module.
[    3.538847][    T1] NET: Registered PF_XDP protocol family
[    3.542956][    T1] pci_bus 0000:00: resource 4 [io  0x0000-0x0cf7 window]
[    3.547019][    T1] pci_bus 0000:00: resource 5 [io  0x0d00-0xffff window]
[    3.551454][    T1] pci_bus 0000:00: resource 6 [mem 0x000a0000-0x000bffff window]
[    3.553698][    T1] pci_bus 0000:00: resource 7 [mem 0x80000000-0xfebfffff window]
[    3.556938][    T1] pci_bus 0000:00: resource 8 [mem 0x100000000-0x17fffffff window]
[    3.560503][    T1] pci 0000:00:01.0: PIIX3: Enabling Passive Release
[    3.564255][    T1] pci 0000:00:00.0: Limiting direct PCI/PCI transfers
[    3.566862][    T1] PCI: CLS 0 bytes, default 64
[    3.569022][    T1] ACPI: bus type thunderbolt registered
[    3.574589][   T51] Trying to unpack rootfs image as initramfs...
[    3.577438][    T1] RAPL PMU: API unit is 2^-32 Joules, 0 fixed counters, 10737418240 ms ovfl timer
[    3.637320][    T1] kvm_amd: CPU 1 isn't AMD or Hygon
[    3.640160][    T1] clocksource: tsc: mask: 0xffffffffffffffff max_cycles: 0x2b2c8d6afc8, max_idle_ns: 440795331172 ns
[    3.755173][   T51] Freeing initrd memory: 1352K
[    3.758910][   T64] kworker/u8:4 (64) used greatest stack depth: 28768 bytes left
[    3.760818][   T63] kworker/u8:4 (63) used greatest stack depth: 28416 bytes left
[    5.231985][    T1] Initialise system trusted keyrings
[    5.233945][   T81] kworker/u8:2 (81) used greatest stack depth: 27728 bytes left
[    5.234920][    T1] workingset: timestamp_bits=40 max_order=19 bucket_order=0
[    5.242900][    T1] DLM installed
[    5.247194][    T1] squashfs: version 4.0 (2009/01/31) Phillip Lougher
[    5.253371][    T1] NFS: Registering the id_resolver key type
[    5.255401][    T1] Key type id_resolver registered
[    5.257192][    T1] Key type id_legacy registered
[    5.258748][    T1] nfs4filelayout_init: NFSv4 File Layout Driver Registering...
[    5.264520][    T1] nfs4flexfilelayout_init: NFSv4 Flexfile Layout Driver Registering...
[    5.281439][    T1] Key type cifs.spnego registered
[    5.283212][    T1] Key type cifs.idmap registered
[    5.285290][    T1] ntfs3: Enabled Linux POSIX ACLs support
[    5.287525][    T1] ntfs3: Read-only LZX/Xpress compression included
[    5.290286][    T1] efs: 1.0a - http://aeschi.ch.eu.org/efs/
[    5.292065][    T1] jffs2: version 2.2. (NAND) (SUMMARY)  © 2001-2006 Red Hat, Inc.
[    5.296112][    T1] romfs: ROMFS MTD (C) 2007 Red Hat, Inc.
[    5.297915][    T1] QNX4 filesystem 0.2.3 registered.
[    5.301294][    T1] qnx6: QNX6 filesystem 1.0.0 registered.
[    5.305686][    T1] fuse: init (API version 7.40)
[    5.309529][    T1] orangefs_debugfs_init: called with debug mask: :none: :0:
[    5.312411][    T1] orangefs_init: module version upstream loaded
[    5.315545][    T1] JFS: nTxBlock = 8192, nTxLock = 65536
[    5.338302][    T1] SGI XFS with ACLs, security attributes, realtime, quota, no debug enabled
[    5.347431][    T1] 9p: Installing v9fs 9p2000 file system support
[    5.349664][    T1] NILFS version 2 loaded
[    5.351019][    T1] befs: version: 0.9.3
[    5.352783][    T1] ocfs2: Registered cluster interface o2cb
[    5.358448][    T1] ocfs2: Registered cluster interface user
[    5.361366][    T1] OCFS2 User DLM kernel interface loaded
[    5.377184][    T1] gfs2: GFS2 installed
[    5.390683][    T1] ceph: loaded (mds proto 32)
[    5.407423][    T1] NET: Registered PF_ALG protocol family
[    5.408987][    T1] xor: automatically using best checksumming function   avx       
[    5.413159][    T1] async_tx: api initialized (async)
[    5.415647][    T1] Key type asymmetric registered
[    5.417109][    T1] Asymmetric key parser 'x509' registered
[    5.418724][    T1] Asymmetric key parser 'pkcs8' registered
[    5.420364][    T1] Key type pkcs7_test registered
[    5.422103][    T1] Block layer SCSI generic (bsg) driver version 0.4 loaded (major 238)
[    5.425497][    T1] io scheduler mq-deadline registered
[    5.427326][    T1] io scheduler kyber registered
[    5.428887][    T1] io scheduler bfq registered
[    5.435745][    T1] input: Power Button as /devices/LNXSYSTM:00/LNXPWRBN:00/input/input0
[    5.443973][    T1] ACPI: button: Power Button [PWRF]
[    5.450648][  T153] kworker/u8:2 (153) used greatest stack depth: 27552 bytes left
[    5.455327][    T1] ioatdma: Intel(R) QuickData Technology Driver 5.00
[    5.660012][  T516] kworker/u8:0 (516) used greatest stack depth: 27440 bytes left
[    5.732580][    T1] N_HDLC line discipline registered with maxframe=4096
[    5.734911][    T1] Serial: 8250/16550 driver, 4 ports, IRQ sharing enabled
[    5.740994][    T1] 00:04: ttyS0 at I/O 0x3f8 (irq = 4, base_baud = 115200) is a 16550A
[    5.759004][  T725] kworker/u8:1 (725) used greatest stack depth: 27408 bytes left
[    5.763039][    T1] Non-volatile memory driver v1.3
[    5.765314][    T1] Linux agpgart interface v0.103
[    5.772118][    T1] usbcore: registered new interface driver xillyusb
[    5.782923][    T1] ACPI: bus type drm_connector registered
[    5.790102][    T1] [drm] Initialized vgem 1.0.0 for vgem on minor 0
[    5.800591][    T1] [drm] Initialized vkms 1.0.0 for vkms on minor 1
[    5.864984][    T1] Console: switching to colour frame buffer device 128x48
[    5.883327][    T1] platform vkms: [drm] fb0: vkmsdrmfb frame buffer device
[    5.885453][    T1] usbcore: registered new interface driver udl
[    5.888692][    T1] bochs-drm 0000:00:02.0: vgaarb: deactivate vga console
[    5.899769][    T1] [drm] Found bochs VGA, ID 0xb0c5.
[    5.901113][    T1] [drm] Framebuffer size 16384 kB @ 0xfd000000, mmio @ 0xfebf0000.
[    5.907923][    T1] [drm] Found EDID data blob.
[    5.912210][    T1] [drm] Initialized bochs-drm 1.0.0 for 0000:00:02.0 on minor 2
[    5.931075][    T1] fbcon: bochs-drmdrmfb (fb1) is primary device
[    5.931088][    T1] fbcon: Remapping primary device, fb1, to tty 1-63
[    6.426375][    T1] bochs-drm 0000:00:02.0: [drm] fb1: bochs-drmdrmfb frame buffer device
[    6.429831][    T1] usbcore: registered new interface driver gm12u320
[    6.433242][    T1] usbcore: registered new interface driver gud
[    6.496732][    T1] brd: module loaded
[    6.587810][    T1] loop: module loaded
[    6.784668][    T1] zram: Added device: zram0
[    6.795425][    T1] null_blk: disk nullb0 created
[    6.798821][    T1] null_blk: module loaded
[    6.804995][    T1] Guest personality initialized and is inactive
[    6.809370][    T1] VMCI host device registered (name=vmci, major=10, minor=118)
[    6.811443][    T1] Initialized host personality
[    6.813222][    T1] usbcore: registered new interface driver rtsx_usb
[    6.823113][    T1] usbcore: registered new interface driver viperboard
[    6.826511][    T1] usbcore: registered new interface driver dln2
[    6.829718][    T1] usbcore: registered new interface driver pn533_usb
[    6.839406][    T1] nfcsim 0.2 initialized
[    6.844039][    T1] usbcore: registered new interface driver port100
[    6.847868][    T1] usbcore: registered new interface driver nfcmrvl
[    6.856306][    T1] Loading iSCSI transport class v2.0-870.
[    6.865691][    T1] st: Version 20160209, fixed bufsize 32768, s/g segs 256
[    6.889901][    T1] scsi host0: ata_piix
[    6.894603][    T1] scsi host1: ata_piix
[    6.898132][    T1] ata1: PATA max MWDMA2 cmd 0x1f0 ctl 0x3f6 bmdma 0xc000 irq 14 lpm-pol 0
[    6.902189][    T1] ata2: PATA max MWDMA2 cmd 0x170 ctl 0x376 bmdma 0xc008 irq 15 lpm-pol 0
[    6.910575][    T1] Rounding down aligned max_sectors from 4294967295 to 4294967288
[    6.919233][    T1] db_root: cannot open: /etc/target
[    6.922213][    T1] slram: not enough parameters.
[    6.933210][    T1] ftl_cs: FTL header not found.
[    6.960973][    T1] wireguard: WireGuard 1.0.0 loaded. See www.wireguard.com for information.
[    6.964232][    T1] wireguard: Copyright (C) 2015-2019 Jason A. Donenfeld <Jason@zx2c4.com>. All Rights Reserved.
[    6.969032][    T1] eql: Equalizer2002: Simon Janes (simon@ncm.com) and David S. Miller (davem@redhat.com)
[    6.984922][    T1] MACsec IEEE 802.1AE
[    6.994406][    T1] usbcore: registered new interface driver mvusb_mdio
[    7.000203][    T1] tun: Universal TUN/TAP device driver, 1.6
[    7.005074][    T1] vcan: Virtual CAN interface driver
[    7.011128][    T1] vxcan: Virtual CAN Tunnel driver
[    7.014309][    T1] slcan: serial line CAN interface driver
[    7.016623][    T1] CAN device driver interface
[    7.018306][    T1] usbcore: registered new interface driver usb_8dev
[    7.020725][    T1] usbcore: registered new interface driver ems_usb
[    7.023149][    T1] usbcore: registered new interface driver esd_usb
[    7.027384][    T1] usbcore: registered new interface driver etas_es58x
[    7.029827][    T1] usbcore: registered new interface driver f81604
[    7.034440][    T1] usbcore: registered new interface driver gs_usb
[    7.039464][    T1] usbcore: registered new interface driver kvaser_usb
[    7.046385][    T1] usbcore: registered new interface driver mcba_usb
[    7.051348][    T1] usbcore: registered new interface driver peak_usb
[    7.053653][    T1] usbcore: registered new interface driver ucan
[    7.057018][    T1] e100: Intel(R) PRO/100 Network Driver
[    7.058753][    T1] e100: Copyright(c) 1999-2006 Intel Corporation
[    7.060877][    T1] e1000: Intel(R) PRO/1000 Network Driver
[    7.064443][    T1] e1000: Copyright (c) 1999-2006 Intel Corporation.
[    7.067945][ T1004] ata2: found unknown device (class 0)
[    7.068172][    T1] e1000e: Intel(R) PRO/1000 Network Driver
[    7.074195][    T1] e1000e: Copyright(c) 1999 - 2015 Intel Corporation.
[    7.079840][ T1004] ata2.00: ATAPI: QEMU DVD-ROM, 2.5+, max UDMA/100
[    7.084517][    T1] mkiss: AX.25 Multikiss, Hans Albas PE1AYX
[    7.087622][    T1] AX.25: 6pack driver, Revision: 0.3.0
[    7.090679][    T1] AX.25: bpqether driver version 004
[    7.093305][    T1] PPP generic driver version 2.4.2
[    7.100043][    T1] PPP BSD Compression module registered
[    7.104340][    T1] PPP Deflate Compression module registered
[    7.105722][   T34] scsi 1:0:0:0: CD-ROM            QEMU     QEMU DVD-ROM     2.5+ PQ: 0 ANSI: 5
[    7.110240][    T1] PPP MPPE Compression module registered
[    7.121192][    T1] NET: Registered PF_PPPOX protocol family
[    7.123373][    T1] PPTP driver version 0.8.5
[    7.126428][    T1] SLIP: version 0.8.4-NET3.019-NEWTTY (dynamic channels, max=256) (6 bit encapsulation enabled).
[    7.132613][    T1] CSLIP: code copyright 1989 Regents of the University of California.
[    7.135228][    T1] SLIP linefill/keepalive option.
[    7.137762][    T1] hdlc: HDLC support module revision 1.22
[    7.139749][    T1] LAPB Ethernet driver version 0.02
[    7.143203][    T1] usbcore: registered new interface driver ath9k_htc
[    7.146439][    T1] usbcore: registered new interface driver carl9170
[    7.149158][    T1] usbcore: registered new interface driver ath6kl_usb
[    7.151830][    T1] usbcore: registered new interface driver ar5523
[    7.154922][    T1] usbcore: registered new interface driver ath10k_usb
[    7.158287][    T1] usbcore: registered new interface driver plfxlc
[    7.162980][    T1] mac80211_hwsim: initializing netlink
[    7.206624][    T1] usbcore: registered new interface driver atusb
[    7.219724][   T34] sr 1:0:0:0: [sr0] scsi3-mmc drive: 4x/4x cd/rw xa/form2 tray
[    7.219725][    T1] mac802154_hwsim mac802154_hwsim: Added 2 mac802154 hwsim hardware radios
[    7.219789][   T34] cdrom: Uniform CD-ROM driver Revision: 3.20
[    7.223021][    T1] VMware vmxnet3 virtual NIC driver - version 1.9.0.0-k-NAPI
[    7.234280][    T1] usbcore: registered new interface driver catc
[    7.238618][    T1] usbcore: registered new interface driver kaweth
[    7.241681][    T1] pegasus: Pegasus/Pegasus II USB Ethernet driver
[    7.247568][    T1] usbcore: registered new interface driver pegasus
[    7.250368][    T1] usbcore: registered new interface driver rtl8150
[    7.254123][    T1] usbcore: registered new device driver r8152-cfgselector
[    7.258019][    T1] usbcore: registered new interface driver r8152
[    7.261456][    T1] usbcore: registered new interface driver hso
[    7.264227][    T1] usbcore: registered new interface driver lan78xx
[    7.267652][    T1] usbcore: registered new interface driver asix
[    7.273844][    T1] usbcore: registered new interface driver ax88179_178a
[    7.277749][    T1] usbcore: registered new interface driver cdc_ether
[    7.281305][    T1] usbcore: registered new interface driver cdc_eem
[    7.284230][    T1] usbcore: registered new interface driver dm9601
[    7.290118][    T1] usbcore: registered new interface driver sr9700
[    7.290725][   T34] sr 1:0:0:0: Attached scsi generic sg0 type 5
[    7.293630][    T1] usbcore: registered new interface driver CoreChips
[    7.301273][    T1] usbcore: registered new interface driver smsc75xx
[    7.304454][    T1] usbcore: registered new interface driver smsc95xx
[    7.307905][    T1] usbcore: registered new interface driver gl620a
[    7.310908][    T1] usbcore: registered new interface driver net1080
[    7.313594][    T1] usbcore: registered new interface driver plusb
[    7.317230][    T1] usbcore: registered new interface driver rndis_host
[    7.320672][    T1] usbcore: registered new interface driver cdc_subset
[    7.323678][    T1] usbcore: registered new interface driver zaurus
[    7.327103][    T1] usbcore: registered new interface driver MOSCHIP usb-ethernet driver
[    7.331838][    T1] usbcore: registered new interface driver int51x1
[    7.334208][    T1] usbcore: registered new interface driver cdc_phonet
[    7.337241][    T1] usbcore: registered new interface driver kalmia
[    7.339518][    T1] usbcore: registered new interface driver ipheth
[    7.341650][    T1] usbcore: registered new interface driver sierra_net
[    7.344030][    T1] usbcore: registered new interface driver cx82310_eth
[    7.346586][    T1] usbcore: registered new interface driver cdc_ncm
[    7.351613][    T1] usbcore: registered new interface driver huawei_cdc_ncm
[    7.354012][    T1] usbcore: registered new interface driver lg-vl600
[    7.357004][    T1] usbcore: registered new interface driver qmi_wwan
[    7.359634][    T1] usbcore: registered new interface driver cdc_mbim
[    7.361809][    T1] usbcore: registered new interface driver ch9200
[    7.365449][    T1] usbcore: registered new interface driver aqc111
[    7.367806][    T1] usbcore: registered new interface driver r8153_ecm
[    7.375229][    T1] VFIO - User Level meta-driver version: 0.3
[    7.383222][    T1] aoe: AoE v85 initialised.
[    7.395229][    T1] SPI driver max3421-hcd has no spi_device_id for maxim,max3421
[    7.398876][    T1] usbcore: registered new interface driver cdc_acm
[    7.401332][    T1] cdc_acm: USB Abstract Control Model driver for USB modems and ISDN adapters
[    7.407481][    T1] usbcore: registered new interface driver usblp
[    7.409663][    T1] usbcore: registered new interface driver cdc_wdm
[    7.411774][    T1] usbcore: registered new interface driver usbtmc
[    7.414604][    T1] usbcore: registered new interface driver uas
[    7.417891][    T1] usbcore: registered new interface driver usb-storage
[    7.421776][    T1] usbcore: registered new interface driver ums-alauda
[    7.426666][    T1] usbcore: registered new interface driver ums-cypress
[    7.428883][    T1] usbcore: registered new interface driver ums-datafab
[    7.431636][    T1] usbcore: registered new interface driver ums_eneub6250
[    7.433854][    T1] usbcore: registered new interface driver ums-freecom
[    7.435996][    T1] usbcore: registered new interface driver ums-isd200
[    7.438735][    T1] usbcore: registered new interface driver ums-jumpshot
[    7.441097][    T1] usbcore: registered new interface driver ums-karma
[    7.443731][    T1] usbcore: registered new interface driver ums-onetouch
[    7.446024][    T1] usbcore: registered new interface driver ums-realtek
[    7.448361][    T1] usbcore: registered new interface driver ums-sddr09
[    7.450628][    T1] usbcore: registered new interface driver ums-sddr55
[    7.453184][    T1] usbcore: registered new interface driver ums-usbat
[    7.455462][    T1] usbcore: registered new interface driver mdc800
[    7.459863][    T1] mdc800: v0.7.5 (30/10/2000):USB Driver for Mustek MDC800 Digital Camera
[    7.464828][    T1] usbcore: registered new interface driver microtekX6
[    7.467599][    T1] usbcore: registered new interface driver usbserial_generic
[    7.470573][    T1] usbserial: USB Serial support registered for generic
[    7.473068][    T1] usbcore: registered new interface driver aircable
[    7.475261][    T1] usbserial: USB Serial support registered for aircable
[    7.478261][    T1] usbcore: registered new interface driver ark3116
[    7.480453][    T1] usbserial: USB Serial support registered for ark3116
[    7.483007][    T1] usbcore: registered new interface driver belkin_sa
[    7.485177][    T1] usbserial: USB Serial support registered for Belkin / Peracom / GoHubs USB Serial Adapter
[    7.488875][    T1] usbcore: registered new interface driver ch341
[    7.492600][    T1] usbserial: USB Serial support registered for ch341-uart
[    7.496116][    T1] usbcore: registered new interface driver cp210x
[    7.498681][    T1] usbserial: USB Serial support registered for cp210x
[    7.500911][    T1] usbcore: registered new interface driver cyberjack
[    7.503106][    T1] usbserial: USB Serial support registered for Reiner SCT Cyberjack USB card reader
[    7.508653][    T1] usbcore: registered new interface driver cypress_m8
[    7.511638][    T1] usbserial: USB Serial support registered for DeLorme Earthmate USB
[    7.514272][    T1] usbserial: USB Serial support registered for HID->COM RS232 Adapter
[    7.516931][    T1] usbserial: USB Serial support registered for Nokia CA-42 V2 Adapter
[    7.519624][    T1] usbcore: registered new interface driver usb_debug
[    7.524778][    T1] usbserial: USB Serial support registered for debug
[    7.528184][    T1] usbserial: USB Serial support registered for xhci_dbc
[    7.532080][    T1] usbcore: registered new interface driver digi_acceleport
[    7.534407][    T1] usbserial: USB Serial support registered for Digi 2 port USB adapter
[    7.537204][    T1] usbserial: USB Serial support registered for Digi 4 port USB adapter
[    7.539847][    T1] usbcore: registered new interface driver io_edgeport
[    7.542963][    T1] usbserial: USB Serial support registered for Edgeport 2 port adapter
[    7.547934][    T1] usbserial: USB Serial support registered for Edgeport 4 port adapter
[    7.550686][    T1] usbserial: USB Serial support registered for Edgeport 8 port adapter
[    7.553383][    T1] usbserial: USB Serial support registered for EPiC device
[    7.555970][    T1] usbcore: registered new interface driver io_ti
[    7.558161][    T1] usbserial: USB Serial support registered for Edgeport TI 1 port adapter
[    7.560871][    T1] usbserial: USB Serial support registered for Edgeport TI 2 port adapter
[    7.563758][    T1] usbcore: registered new interface driver empeg
[    7.565837][    T1] usbserial: USB Serial support registered for empeg
[    7.568522][    T1] usbcore: registered new interface driver f81534a_ctrl
[    7.570862][    T1] usbcore: registered new interface driver f81232
[    7.573040][    T1] usbserial: USB Serial support registered for f81232
[    7.575692][    T1] usbserial: USB Serial support registered for f81534a
[    7.579108][    T1] usbcore: registered new interface driver f81534
[    7.581585][    T1] usbserial: USB Serial support registered for Fintek F81532/F81534
[    7.584887][    T1] usbcore: registered new interface driver ftdi_sio
[    7.587333][    T1] usbserial: USB Serial support registered for FTDI USB Serial Device
[    7.590209][    T1] usbcore: registered new interface driver garmin_gps
[    7.592506][    T1] usbserial: USB Serial support registered for Garmin GPS usb/tty
[    7.595075][    T1] usbcore: registered new interface driver ipaq
[    7.597241][    T1] usbserial: USB Serial support registered for PocketPC PDA
[    7.599634][    T1] usbcore: registered new interface driver ipw
[    7.602210][    T1] usbserial: USB Serial support registered for IPWireless converter
[    7.604940][    T1] usbcore: registered new interface driver ir_usb
[    7.607490][    T1] usbserial: USB Serial support registered for IR Dongle
[    7.610046][    T1] usbcore: registered new interface driver iuu_phoenix
[    7.612235][    T1] usbserial: USB Serial support registered for iuu_phoenix
[    7.614505][    T1] usbcore: registered new interface driver keyspan
[    7.616821][    T1] usbserial: USB Serial support registered for Keyspan - (without firmware)
[    7.619478][    T1] usbserial: USB Serial support registered for Keyspan 1 port adapter
[    7.625627][    T1] usbserial: USB Serial support registered for Keyspan 2 port adapter
[    7.630459][    T1] usbserial: USB Serial support registered for Keyspan 4 port adapter
[    7.633060][    T1] usbcore: registered new interface driver keyspan_pda
[    7.635335][    T1] usbserial: USB Serial support registered for Keyspan PDA
[    7.637724][    T1] usbserial: USB Serial support registered for Keyspan PDA - (prerenumeration)
[    7.641921][    T1] usbcore: registered new interface driver kl5kusb105
[    7.644048][    T1] usbserial: USB Serial support registered for KL5KUSB105D / PalmConnect
[    7.650345][    T1] usbcore: registered new interface driver kobil_sct
[    7.652593][    T1] usbserial: USB Serial support registered for KOBIL USB smart card terminal
[    7.655330][    T1] usbcore: registered new interface driver mct_u232
[    7.661142][    T1] usbserial: USB Serial support registered for MCT U232
[    7.664147][    T1] usbcore: registered new interface driver metro_usb
[    7.666453][    T1] usbserial: USB Serial support registered for Metrologic USB to Serial
[    7.669105][    T1] usbcore: registered new interface driver mos7720
[    7.671139][    T1] usbserial: USB Serial support registered for Moschip 2 port adapter
[    7.673633][    T1] usbcore: registered new interface driver mos7840
[    7.675808][    T1] usbserial: USB Serial support registered for Moschip 7840/7820 USB Serial Driver
[    7.681785][    T1] usbcore: registered new interface driver mxuport
[    7.684067][    T1] usbserial: USB Serial support registered for MOXA UPort
[    7.687312][    T1] usbcore: registered new interface driver navman
[    7.689310][    T1] usbserial: USB Serial support registered for navman
[    7.691433][    T1] usbcore: registered new interface driver omninet
[    7.693546][    T1] usbserial: USB Serial support registered for ZyXEL - omni.net usb
[    7.698378][    T1] usbcore: registered new interface driver opticon
[    7.700627][    T1] usbserial: USB Serial support registered for opticon
[    7.703001][    T1] usbcore: registered new interface driver option
[    7.706412][    T1] usbserial: USB Serial support registered for GSM modem (1-port)
[    7.708921][    T1] usbcore: registered new interface driver oti6858
[    7.711013][    T1] usbserial: USB Serial support registered for oti6858
[    7.713526][    T1] usbcore: registered new interface driver pl2303
[    7.715651][    T1] usbserial: USB Serial support registered for pl2303
[    7.718400][    T1] usbcore: registered new interface driver qcaux
[    7.722531][    T1] usbserial: USB Serial support registered for qcaux
[    7.724916][    T1] usbcore: registered new interface driver qcserial
[    7.727071][    T1] usbserial: USB Serial support registered for Qualcomm USB modem
[    7.729691][    T1] usbcore: registered new interface driver quatech2
[    7.733181][    T1] usbserial: USB Serial support registered for Quatech 2nd gen USB to Serial Driver
[    7.736312][    T1] usbcore: registered new interface driver safe_serial
[    7.738620][    T1] usbserial: USB Serial support registered for safe_serial
[    7.743230][    T1] usbcore: registered new interface driver sierra
[    7.745664][    T1] usbserial: USB Serial support registered for Sierra USB modem
[    7.748112][    T1] usbcore: registered new interface driver usb_serial_simple
[    7.751803][    T1] usbserial: USB Serial support registered for carelink
[    7.754723][    T1] usbserial: USB Serial support registered for flashloader
[    7.757026][    T1] usbserial: USB Serial support registered for funsoft
[    7.760428][    T1] usbserial: USB Serial support registered for google
[    7.764470][    T1] usbserial: USB Serial support registered for hp4x
[    7.766790][    T1] usbserial: USB Serial support registered for kaufmann
[    7.769045][    T1] usbserial: USB Serial support registered for libtransistor
[    7.772758][    T1] usbserial: USB Serial support registered for moto_modem
[    7.775143][    T1] usbserial: USB Serial support registered for motorola_tetra
[    7.783769][    T1] usbserial: USB Serial support registered for nokia
[    7.786916][    T1] usbserial: USB Serial support registered for novatel_gps
[    7.790236][    T1] usbserial: USB Serial support registered for siemens_mpi
[    7.793249][    T1] usbserial: USB Serial support registered for suunto
[    7.802548][    T1] usbserial: USB Serial support registered for vivopay
[    7.806083][    T1] usbserial: USB Serial support registered for zio
[    7.809861][    T1] usbcore: registered new interface driver spcp8x5
[    7.812942][    T1] usbserial: USB Serial support registered for SPCP8x5
[    7.815133][    T1] usbcore: registered new interface driver ssu100
[    7.817499][    T1] usbserial: USB Serial support registered for Quatech SSU-100 USB to Serial Driver
[    7.820447][    T1] usbcore: registered new interface driver symbolserial
[    7.822722][    T1] usbserial: USB Serial support registered for symbol
[    7.824917][    T1] usbcore: registered new interface driver ti_usb_3410_5052
[    7.827313][    T1] usbserial: USB Serial support registered for TI USB 3410 1 port adapter
[    7.835408][    T1] usbserial: USB Serial support registered for TI USB 5052 2 port adapter
[    7.838162][    T1] usbcore: registered new interface driver upd78f0730
[    7.840259][    T1] usbserial: USB Serial support registered for upd78f0730
[    7.842580][    T1] usbcore: registered new interface driver visor
[    7.844608][    T1] usbserial: USB Serial support registered for Handspring Visor / Palm OS
[    7.847319][    T1] usbserial: USB Serial support registered for Sony Clie 5.0
[    7.849599][    T1] usbserial: USB Serial support registered for Sony Clie 3.5
[    7.852059][    T1] usbcore: registered new interface driver wishbone_serial
[    7.854362][    T1] usbserial: USB Serial support registered for wishbone_serial
[    7.856905][    T1] usbcore: registered new interface driver whiteheat
[    7.859005][    T1] usbserial: USB Serial support registered for Connect Tech - WhiteHEAT - (prerenumeration)
[    7.862134][    T1] usbserial: USB Serial support registered for Connect Tech - WhiteHEAT
[    7.864818][    T1] usbcore: registered new interface driver xr_serial
[    7.866902][    T1] usbserial: USB Serial support registered for xr_serial
[    7.869712][    T1] usbcore: registered new interface driver xsens_mt
[    7.871985][    T1] usbserial: USB Serial support registered for xsens_mt
[    7.874243][    T1] usbcore: registered new interface driver adutux
[    7.876632][    T1] usbcore: registered new interface driver appledisplay
[    7.878881][    T1] usbcore: registered new interface driver cypress_cy7c63
[    7.881157][    T1] usbcore: registered new interface driver cytherm
[    7.884917][    T1] usbcore: registered new interface driver emi26 - firmware loader
[    7.890296][    T1] usbcore: registered new interface driver emi62 - firmware loader
[    7.893535][    T1] usbcore: registered new device driver apple-mfi-fastcharge
[    7.896862][    T1] usbcore: registered new interface driver ljca
[    7.899066][    T1] usbcore: registered new interface driver idmouse
[    7.901306][    T1] usbcore: registered new interface driver iowarrior
[    7.903489][    T1] usbcore: registered new interface driver isight_firmware
[    7.910263][    T1] usbcore: registered new interface driver usblcd
[    7.912835][    T1] usbcore: registered new interface driver ldusb
[    7.915037][    T1] usbcore: registered new interface driver legousbtower
[    7.917543][    T1] usbcore: registered new interface driver usbtest
[    7.919616][    T1] usbcore: registered new interface driver usb_ehset_test
[    7.922331][    T1] usbcore: registered new interface driver trancevibrator
[    7.925029][    T1] usbcore: registered new interface driver uss720
[    7.928734][    T1] uss720: USB Parport Cable driver for Cables using the Lucent Technologies USS720 Chip
[    7.934813][    T1] uss720: NOTE: this is a special purpose driver to allow nonstandard
[    7.937736][    T1] uss720: protocols (eg. bitbang) over USS720 usb to parallel cables
[    7.940943][    T1] uss720: If you just want to connect to a printer, use usblp instead
[    7.944922][    T1] usbcore: registered new interface driver usbsevseg
[    7.948507][    T1] usbcore: registered new interface driver yurex
[    7.952563][    T1] usbcore: registered new interface driver chaoskey
[    7.955757][    T1] usbcore: registered new interface driver sisusb
[    7.958782][    T1] usbcore: registered new interface driver lvs
[    7.960936][    T1] usbcore: registered new interface driver cxacru
[    7.963178][    T1] usbcore: registered new interface driver speedtch
[    7.965606][    T1] usbcore: registered new interface driver ueagle-atm
[    7.967661][    T1] xusbatm: malformed module parameters
[    7.972532][    T1] dummy_hcd dummy_hcd.0: USB Host+Gadget Emulator, driver 02 May 2005
[    7.977196][    T1] dummy_hcd dummy_hcd.0: Dummy host controller
[    7.981577][    T1] dummy_hcd dummy_hcd.0: new USB bus registered, assigned bus number 1
[    7.986652][    T1] usb usb1: New USB device found, idVendor=1d6b, idProduct=0002, bcdDevice= 6.11
[    7.993399][    T1] usb usb1: New USB device strings: Mfr=3, Product=2, SerialNumber=1
[    7.996848][    T1] usb usb1: Product: Dummy host controller
[    7.999230][    T1] usb usb1: Manufacturer: Linux 6.11.0-rc4-00003-ga79f79cb3180 dummy_hcd
[    8.002790][    T1] usb usb1: SerialNumber: dummy_hcd.0
[    8.009417][    T1] hub 1-0:1.0: USB hub found
[    8.011337][    T1] hub 1-0:1.0: 1 port detected
[    8.021294][    T1] SPI driver max3420-udc has no spi_device_id for maxim,max3421-udc
[    8.024671][    T1] gadgetfs: USB Gadget filesystem, version 24 Aug 2004
[    8.029026][    T1] vhci_hcd vhci_hcd.0: USB/IP Virtual Host Controller
[    8.032351][    T1] vhci_hcd vhci_hcd.0: new USB bus registered, assigned bus number 2
[    8.037744][    T1] vhci_hcd: created sysfs vhci_hcd.0
[    8.040889][    T1] usb usb2: New USB device found, idVendor=1d6b, idProduct=0002, bcdDevice= 6.11
[    8.043727][    T1] usb usb2: New USB device strings: Mfr=3, Product=2, SerialNumber=1
[    8.046477][    T1] usb usb2: Product: USB/IP Virtual Host Controller
[    8.048505][    T1] usb usb2: Manufacturer: Linux 6.11.0-rc4-00003-ga79f79cb3180 vhci_hcd
[    8.051026][    T1] usb usb2: SerialNumber: vhci_hcd.0
[    8.060498][    T1] hub 2-0:1.0: USB hub found
[    8.062612][    T1] hub 2-0:1.0: 8 ports detected
[    8.072509][    T1] vhci_hcd vhci_hcd.0: USB/IP Virtual Host Controller
[    8.079354][    T1] vhci_hcd vhci_hcd.0: new USB bus registered, assigned bus number 3
[    8.083165][    T1] usb usb3: We don't know the algorithms for LPM for this host, disabling LPM.
[    8.087167][    T1] usb usb3: New USB device found, idVendor=1d6b, idProduct=0003, bcdDevice= 6.11
[    8.091219][    T1] usb usb3: New USB device strings: Mfr=3, Product=2, SerialNumber=1
[    8.094499][    T1] usb usb3: Product: USB/IP Virtual Host Controller
[    8.100478][    T1] usb usb3: Manufacturer: Linux 6.11.0-rc4-00003-ga79f79cb3180 vhci_hcd
[    8.103093][    T1] usb usb3: SerialNumber: vhci_hcd.0
[    8.109102][    T1] hub 3-0:1.0: USB hub found
[    8.113007][    T1] hub 3-0:1.0: 8 ports detected
[    8.125766][    T1] vhci_hcd vhci_hcd.1: USB/IP Virtual Host Controller
[    8.129933][    T1] vhci_hcd vhci_hcd.1: new USB bus registered, assigned bus number 4
[    8.133242][    T1] usb usb4: New USB device found, idVendor=1d6b, idProduct=0002, bcdDevice= 6.11
[    8.135989][    T1] usb usb4: New USB device strings: Mfr=3, Product=2, SerialNumber=1
[    8.138635][    T1] usb usb4: Product: USB/IP Virtual Host Controller
[    8.140589][    T1] usb usb4: Manufacturer: Linux 6.11.0-rc4-00003-ga79f79cb3180 vhci_hcd
[    8.144555][    T1] usb usb4: SerialNumber: vhci_hcd.1
[    8.148898][    T1] hub 4-0:1.0: USB hub found
[    8.150464][    T1] hub 4-0:1.0: 8 ports detected
[    8.158965][    T1] vhci_hcd vhci_hcd.1: USB/IP Virtual Host Controller
[    8.165150][    T1] vhci_hcd vhci_hcd.1: new USB bus registered, assigned bus number 5
[    8.167995][    T1] usb usb5: We don't know the algorithms for LPM for this host, disabling LPM.
[    8.171347][    T1] usb usb5: New USB device found, idVendor=1d6b, idProduct=0003, bcdDevice= 6.11
[    8.173969][    T1] usb usb5: New USB device strings: Mfr=3, Product=2, SerialNumber=1
[    8.176476][    T1] usb usb5: Product: USB/IP Virtual Host Controller
[    8.179045][    T1] usb usb5: Manufacturer: Linux 6.11.0-rc4-00003-ga79f79cb3180 vhci_hcd
[    8.181507][    T1] usb usb5: SerialNumber: vhci_hcd.1
[    8.191226][    T1] hub 5-0:1.0: USB hub found
[    8.193015][    T1] hub 5-0:1.0: 8 ports detected
[    8.215707][    T1] vhci_hcd vhci_hcd.2: USB/IP Virtual Host Controller
[    8.221009][    T1] vhci_hcd vhci_hcd.2: new USB bus registered, assigned bus number 6
[    8.225083][    T1] usb usb6: New USB device found, idVendor=1d6b, idProduct=0002, bcdDevice= 6.11
[    8.227767][    T1] usb usb6: New USB device strings: Mfr=3, Product=2, SerialNumber=1
[    8.230125][    T1] usb usb6: Product: USB/IP Virtual Host Controller
[    8.232941][    T1] usb usb6: Manufacturer: Linux 6.11.0-rc4-00003-ga79f79cb3180 vhci_hcd
[    8.237918][    T1] usb usb6: SerialNumber: vhci_hcd.2
[    8.243869][    T1] hub 6-0:1.0: USB hub found
[    8.245366][    T1] hub 6-0:1.0: 8 ports detected
[    8.254879][    T1] vhci_hcd vhci_hcd.2: USB/IP Virtual Host Controller
[    8.259264][    T1] vhci_hcd vhci_hcd.2: new USB bus registered, assigned bus number 7
[    8.261982][    T1] usb usb7: We don't know the algorithms for LPM for this host, disabling LPM.
[    8.265352][    T1] usb usb7: New USB device found, idVendor=1d6b, idProduct=0003, bcdDevice= 6.11
[    8.269582][    T1] usb usb7: New USB device strings: Mfr=3, Product=2, SerialNumber=1
[    8.273489][    T1] usb usb7: Product: USB/IP Virtual Host Controller
[    8.275864][    T1] usb usb7: Manufacturer: Linux 6.11.0-rc4-00003-ga79f79cb3180 vhci_hcd
[    8.279685][    T1] usb usb7: SerialNumber: vhci_hcd.2
[    8.283923][    T1] hub 7-0:1.0: USB hub found
[    8.285900][    T1] hub 7-0:1.0: 8 ports detected
[    8.301634][    T1] vhci_hcd vhci_hcd.3: USB/IP Virtual Host Controller
[    8.305303][    T1] vhci_hcd vhci_hcd.3: new USB bus registered, assigned bus number 8
[    8.309460][    T1] usb usb8: New USB device found, idVendor=1d6b, idProduct=0002, bcdDevice= 6.11
[    8.312203][    T1] usb usb8: New USB device strings: Mfr=3, Product=2, SerialNumber=1
[    8.314672][    T1] usb usb8: Product: USB/IP Virtual Host Controller
[    8.316972][    T1] usb usb8: Manufacturer: Linux 6.11.0-rc4-00003-ga79f79cb3180 vhci_hcd
[    8.320751][    T1] usb usb8: SerialNumber: vhci_hcd.3
[    8.326006][    T1] hub 8-0:1.0: USB hub found
[    8.327721][    T1] hub 8-0:1.0: 8 ports detected
[    8.335996][    T1] vhci_hcd vhci_hcd.3: USB/IP Virtual Host Controller
[    8.340155][    T1] vhci_hcd vhci_hcd.3: new USB bus registered, assigned bus number 9
[    8.342970][    T1] usb usb9: We don't know the algorithms for LPM for this host, disabling LPM.
[    8.346422][    T1] usb usb9: New USB device found, idVendor=1d6b, idProduct=0003, bcdDevice= 6.11
[    8.349398][    T1] usb usb9: New USB device strings: Mfr=3, Product=2, SerialNumber=1
[    8.351715][    T1] usb usb9: Product: USB/IP Virtual Host Controller
[    8.353615][    T1] usb usb9: Manufacturer: Linux 6.11.0-rc4-00003-ga79f79cb3180 vhci_hcd
[    8.356053][    T1] usb usb9: SerialNumber: vhci_hcd.3
[    8.361539][    T1] hub 9-0:1.0: USB hub found
[    8.363223][    T1] hub 9-0:1.0: 8 ports detected
[    8.373912][    T1] vhci_hcd vhci_hcd.4: USB/IP Virtual Host Controller
[    8.380611][    T1] vhci_hcd vhci_hcd.4: new USB bus registered, assigned bus number 10
[    8.388260][    T1] usb usb10: New USB device found, idVendor=1d6b, idProduct=0002, bcdDevice= 6.11
[    8.391198][    T1] usb usb10: New USB device strings: Mfr=3, Product=2, SerialNumber=1
[    8.394195][    T1] usb usb10: Product: USB/IP Virtual Host Controller
[    8.397058][    T1] usb usb10: Manufacturer: Linux 6.11.0-rc4-00003-ga79f79cb3180 vhci_hcd
[    8.400930][    T1] usb usb10: SerialNumber: vhci_hcd.4
[    8.407087][    T1] hub 10-0:1.0: USB hub found
[    8.409111][    T1] hub 10-0:1.0: 8 ports detected
[    8.419732][    T1] vhci_hcd vhci_hcd.4: USB/IP Virtual Host Controller
[    8.425240][    T1] vhci_hcd vhci_hcd.4: new USB bus registered, assigned bus number 11
[    8.428780][    T1] usb usb11: We don't know the algorithms for LPM for this host, disabling LPM.
[    8.435457][    T1] usb usb11: New USB device found, idVendor=1d6b, idProduct=0003, bcdDevice= 6.11
[    8.438562][    T1] usb usb11: New USB device strings: Mfr=3, Product=2, SerialNumber=1
[    8.440891][    T1] usb usb11: Product: USB/IP Virtual Host Controller
[    8.442814][    T1] usb usb11: Manufacturer: Linux 6.11.0-rc4-00003-ga79f79cb3180 vhci_hcd
[    8.445292][    T1] usb usb11: SerialNumber: vhci_hcd.4
[    8.451204][    T1] hub 11-0:1.0: USB hub found
[    8.452802][    T1] hub 11-0:1.0: 8 ports detected
[    8.467643][    T1] vhci_hcd vhci_hcd.5: USB/IP Virtual Host Controller
[    8.472088][    T1] vhci_hcd vhci_hcd.5: new USB bus registered, assigned bus number 12
[    8.479169][    T1] usb usb12: New USB device found, idVendor=1d6b, idProduct=0002, bcdDevice= 6.11
[    8.482114][    T1] usb usb12: New USB device strings: Mfr=3, Product=2, SerialNumber=1
[    8.484518][    T1] usb usb12: Product: USB/IP Virtual Host Controller
[    8.486597][    T1] usb usb12: Manufacturer: Linux 6.11.0-rc4-00003-ga79f79cb3180 vhci_hcd
[    8.490370][    T1] usb usb12: SerialNumber: vhci_hcd.5
[    8.499140][    T1] hub 12-0:1.0: USB hub found
[    8.501578][    T1] hub 12-0:1.0: 8 ports detected
[    8.510324][    T1] vhci_hcd vhci_hcd.5: USB/IP Virtual Host Controller
[    8.514651][    T1] vhci_hcd vhci_hcd.5: new USB bus registered, assigned bus number 13
[    8.517434][    T1] usb usb13: We don't know the algorithms for LPM for this host, disabling LPM.
[    8.520817][    T1] usb usb13: New USB device found, idVendor=1d6b, idProduct=0003, bcdDevice= 6.11
[    8.530114][    T1] usb usb13: New USB device strings: Mfr=3, Product=2, SerialNumber=1
[    8.533426][    T1] usb usb13: Product: USB/IP Virtual Host Controller
[    8.535619][    T1] usb usb13: Manufacturer: Linux 6.11.0-rc4-00003-ga79f79cb3180 vhci_hcd
[    8.538668][    T1] usb usb13: SerialNumber: vhci_hcd.5
[    8.544002][    T1] hub 13-0:1.0: USB hub found
[    8.546117][    T1] hub 13-0:1.0: 8 ports detected
[    8.558802][    T1] vhci_hcd vhci_hcd.6: USB/IP Virtual Host Controller
[    8.561893][    T1] vhci_hcd vhci_hcd.6: new USB bus registered, assigned bus number 14
[    8.565991][    T1] usb usb14: New USB device found, idVendor=1d6b, idProduct=0002, bcdDevice= 6.11
[    8.569382][    T1] usb usb14: New USB device strings: Mfr=3, Product=2, SerialNumber=1
[    8.571985][    T1] usb usb14: Product: USB/IP Virtual Host Controller
[    8.574024][    T1] usb usb14: Manufacturer: Linux 6.11.0-rc4-00003-ga79f79cb3180 vhci_hcd
[    8.577702][    T1] usb usb14: SerialNumber: vhci_hcd.6
[    8.583363][    T1] hub 14-0:1.0: USB hub found
[    8.584957][    T1] hub 14-0:1.0: 8 ports detected
[    8.596721][    T1] vhci_hcd vhci_hcd.6: USB/IP Virtual Host Controller
[    8.600237][    T1] vhci_hcd vhci_hcd.6: new USB bus registered, assigned bus number 15
[    8.603813][    T1] usb usb15: We don't know the algorithms for LPM for this host, disabling LPM.
[    8.607726][    T1] usb usb15: New USB device found, idVendor=1d6b, idProduct=0003, bcdDevice= 6.11
[    8.610519][    T1] usb usb15: New USB device strings: Mfr=3, Product=2, SerialNumber=1
[    8.613021][    T1] usb usb15: Product: USB/IP Virtual Host Controller
[    8.614978][    T1] usb usb15: Manufacturer: Linux 6.11.0-rc4-00003-ga79f79cb3180 vhci_hcd
[    8.617596][    T1] usb usb15: SerialNumber: vhci_hcd.6
[    8.622322][    T1] hub 15-0:1.0: USB hub found
[    8.623899][    T1] hub 15-0:1.0: 8 ports detected
[    8.635099][    T1] vhci_hcd vhci_hcd.7: USB/IP Virtual Host Controller
[    8.642548][    T1] vhci_hcd vhci_hcd.7: new USB bus registered, assigned bus number 16
[    8.646693][    T1] usb usb16: New USB device found, idVendor=1d6b, idProduct=0002, bcdDevice= 6.11
[    8.649450][    T1] usb usb16: New USB device strings: Mfr=3, Product=2, SerialNumber=1
[    8.651830][    T1] usb usb16: Product: USB/IP Virtual Host Controller
[    8.653855][    T1] usb usb16: Manufacturer: Linux 6.11.0-rc4-00003-ga79f79cb3180 vhci_hcd
[    8.657436][    T1] usb usb16: SerialNumber: vhci_hcd.7
[    8.663547][    T1] hub 16-0:1.0: USB hub found
[    8.665194][    T1] hub 16-0:1.0: 8 ports detected
[    8.674118][    T1] vhci_hcd vhci_hcd.7: USB/IP Virtual Host Controller
[    8.678454][    T1] vhci_hcd vhci_hcd.7: new USB bus registered, assigned bus number 17
[    8.682534][    T1] usb usb17: We don't know the algorithms for LPM for this host, disabling LPM.
[    8.686047][    T1] usb usb17: New USB device found, idVendor=1d6b, idProduct=0003, bcdDevice= 6.11
[    8.688916][    T1] usb usb17: New USB device strings: Mfr=3, Product=2, SerialNumber=1
[    8.691243][    T1] usb usb17: Product: USB/IP Virtual Host Controller
[    8.693206][    T1] usb usb17: Manufacturer: Linux 6.11.0-rc4-00003-ga79f79cb3180 vhci_hcd
[    8.697361][    T1] usb usb17: SerialNumber: vhci_hcd.7
[    8.703839][    T1] hub 17-0:1.0: USB hub found
[    8.705984][    T1] hub 17-0:1.0: 8 ports detected
[    8.717018][    T1] vhci_hcd vhci_hcd.8: USB/IP Virtual Host Controller
[    8.720823][    T1] vhci_hcd vhci_hcd.8: new USB bus registered, assigned bus number 18
[    8.724138][    T1] usb usb18: New USB device found, idVendor=1d6b, idProduct=0002, bcdDevice= 6.11
[    8.726970][    T1] usb usb18: New USB device strings: Mfr=3, Product=2, SerialNumber=1
[    8.729447][    T1] usb usb18: Product: USB/IP Virtual Host Controller
[    8.731408][    T1] usb usb18: Manufacturer: Linux 6.11.0-rc4-00003-ga79f79cb3180 vhci_hcd
[    8.733890][    T1] usb usb18: SerialNumber: vhci_hcd.8
[    8.739564][    T1] hub 18-0:1.0: USB hub found
[    8.741266][    T1] hub 18-0:1.0: 8 ports detected
[    8.750058][    T1] vhci_hcd vhci_hcd.8: USB/IP Virtual Host Controller
[    8.753063][    T1] vhci_hcd vhci_hcd.8: new USB bus registered, assigned bus number 19
[    8.756245][    T1] usb usb19: We don't know the algorithms for LPM for this host, disabling LPM.
[    8.759780][    T1] usb usb19: New USB device found, idVendor=1d6b, idProduct=0003, bcdDevice= 6.11
[    8.762647][    T1] usb usb19: New USB device strings: Mfr=3, Product=2, SerialNumber=1
[    8.768805][    T1] usb usb19: Product: USB/IP Virtual Host Controller
[    8.771757][    T1] usb usb19: Manufacturer: Linux 6.11.0-rc4-00003-ga79f79cb3180 vhci_hcd
[    8.774524][    T1] usb usb19: SerialNumber: vhci_hcd.8
[    8.783204][    T1] hub 19-0:1.0: USB hub found
[    8.786086][    T1] hub 19-0:1.0: 8 ports detected
[    8.800493][    T1] vhci_hcd vhci_hcd.9: USB/IP Virtual Host Controller
[    8.804471][    T1] vhci_hcd vhci_hcd.9: new USB bus registered, assigned bus number 20
[    8.807877][    T1] usb usb20: New USB device found, idVendor=1d6b, idProduct=0002, bcdDevice= 6.11
[    8.810560][    T1] usb usb20: New USB device strings: Mfr=3, Product=2, SerialNumber=1
[    8.813028][    T1] usb usb20: Product: USB/IP Virtual Host Controller
[    8.815080][    T1] usb usb20: Manufacturer: Linux 6.11.0-rc4-00003-ga79f79cb3180 vhci_hcd
[    8.818080][    T1] usb usb20: SerialNumber: vhci_hcd.9
[    8.824835][    T1] hub 20-0:1.0: USB hub found
[    8.826924][    T1] hub 20-0:1.0: 8 ports detected
[    8.836691][    T1] vhci_hcd vhci_hcd.9: USB/IP Virtual Host Controller
[    8.839952][    T1] vhci_hcd vhci_hcd.9: new USB bus registered, assigned bus number 21
[    8.842740][    T1] usb usb21: We don't know the algorithms for LPM for this host, disabling LPM.
[    8.846350][    T1] usb usb21: New USB device found, idVendor=1d6b, idProduct=0003, bcdDevice= 6.11
[    8.849181][    T1] usb usb21: New USB device strings: Mfr=3, Product=2, SerialNumber=1
[    8.851522][    T1] usb usb21: Product: USB/IP Virtual Host Controller
[    8.853451][    T1] usb usb21: Manufacturer: Linux 6.11.0-rc4-00003-ga79f79cb3180 vhci_hcd
[    8.855878][    T1] usb usb21: SerialNumber: vhci_hcd.9
[    8.860717][    T1] hub 21-0:1.0: USB hub found
[    8.862325][    T1] hub 21-0:1.0: 8 ports detected
[    8.873625][    T1] vhci_hcd vhci_hcd.10: USB/IP Virtual Host Controller
[    8.877233][    T1] vhci_hcd vhci_hcd.10: new USB bus registered, assigned bus number 22
[    8.880604][    T1] usb usb22: New USB device found, idVendor=1d6b, idProduct=0002, bcdDevice= 6.11
[    8.883267][    T1] usb usb22: New USB device strings: Mfr=3, Product=2, SerialNumber=1
[    8.885618][    T1] usb usb22: Product: USB/IP Virtual Host Controller
[    8.887667][    T1] usb usb22: Manufacturer: Linux 6.11.0-rc4-00003-ga79f79cb3180 vhci_hcd
[    8.890205][    T1] usb usb22: SerialNumber: vhci_hcd.10
[    8.895596][    T1] hub 22-0:1.0: USB hub found
[    8.898186][    T1] hub 22-0:1.0: 8 ports detected
[    8.906935][    T1] vhci_hcd vhci_hcd.10: USB/IP Virtual Host Controller
[    8.909907][    T1] vhci_hcd vhci_hcd.10: new USB bus registered, assigned bus number 23
[    8.912890][    T1] usb usb23: We don't know the algorithms for LPM for this host, disabling LPM.
[    8.916363][    T1] usb usb23: New USB device found, idVendor=1d6b, idProduct=0003, bcdDevice= 6.11
[    8.919057][    T1] usb usb23: New USB device strings: Mfr=3, Product=2, SerialNumber=1
[    8.921710][    T1] usb usb23: Product: USB/IP Virtual Host Controller
[    8.923731][    T1] usb usb23: Manufacturer: Linux 6.11.0-rc4-00003-ga79f79cb3180 vhci_hcd
[    8.926899][    T1] usb usb23: SerialNumber: vhci_hcd.10
[    8.931886][    T1] hub 23-0:1.0: USB hub found
[    8.933486][    T1] hub 23-0:1.0: 8 ports detected
[    8.944854][    T1] vhci_hcd vhci_hcd.11: USB/IP Virtual Host Controller
[    8.948449][    T1] vhci_hcd vhci_hcd.11: new USB bus registered, assigned bus number 24
[    8.953840][    T1] usb usb24: New USB device found, idVendor=1d6b, idProduct=0002, bcdDevice= 6.11
[    8.956601][    T1] usb usb24: New USB device strings: Mfr=3, Product=2, SerialNumber=1
[    8.959179][    T1] usb usb24: Product: USB/IP Virtual Host Controller
[    8.961240][    T1] usb usb24: Manufacturer: Linux 6.11.0-rc4-00003-ga79f79cb3180 vhci_hcd
[    8.963793][    T1] usb usb24: SerialNumber: vhci_hcd.11
[    8.971655][    T1] hub 24-0:1.0: USB hub found
[    8.973479][    T1] hub 24-0:1.0: 8 ports detected
[    8.983850][    T1] vhci_hcd vhci_hcd.11: USB/IP Virtual Host Controller
[    8.989190][    T1] vhci_hcd vhci_hcd.11: new USB bus registered, assigned bus number 25
[    8.991941][    T1] usb usb25: We don't know the algorithms for LPM for this host, disabling LPM.
[    8.995462][    T1] usb usb25: New USB device found, idVendor=1d6b, idProduct=0003, bcdDevice= 6.11
[    8.998832][    T1] usb usb25: New USB device strings: Mfr=3, Product=2, SerialNumber=1
[    9.002484][    T1] usb usb25: Product: USB/IP Virtual Host Controller
[    9.004860][    T1] usb usb25: Manufacturer: Linux 6.11.0-rc4-00003-ga79f79cb3180 vhci_hcd
[    9.008131][    T1] usb usb25: SerialNumber: vhci_hcd.11
[    9.014024][    T1] hub 25-0:1.0: USB hub found
[    9.015732][    T1] hub 25-0:1.0: 8 ports detected
[    9.028612][    T1] vhci_hcd vhci_hcd.12: USB/IP Virtual Host Controller
[    9.031811][    T1] vhci_hcd vhci_hcd.12: new USB bus registered, assigned bus number 26
[    9.036681][    T1] usb usb26: New USB device found, idVendor=1d6b, idProduct=0002, bcdDevice= 6.11
[    9.040523][    T1] usb usb26: New USB device strings: Mfr=3, Product=2, SerialNumber=1
[    9.044710][    T1] usb usb26: Product: USB/IP Virtual Host Controller
[    9.046714][    T1] usb usb26: Manufacturer: Linux 6.11.0-rc4-00003-ga79f79cb3180 vhci_hcd
[    9.049151][    T1] usb usb26: SerialNumber: vhci_hcd.12
[    9.056415][    T1] hub 26-0:1.0: USB hub found
[    9.059964][    T1] hub 26-0:1.0: 8 ports detected
[    9.071450][    T1] vhci_hcd vhci_hcd.12: USB/IP Virtual Host Controller
[    9.078582][    T1] vhci_hcd vhci_hcd.12: new USB bus registered, assigned bus number 27
[    9.083332][    T1] usb usb27: We don't know the algorithms for LPM for this host, disabling LPM.
[    9.087120][    T1] usb usb27: New USB device found, idVendor=1d6b, idProduct=0003, bcdDevice= 6.11
[    9.093978][    T1] usb usb27: New USB device strings: Mfr=3, Product=2, SerialNumber=1
[    9.099861][    T1] usb usb27: Product: USB/IP Virtual Host Controller
[    9.101982][    T1] usb usb27: Manufacturer: Linux 6.11.0-rc4-00003-ga79f79cb3180 vhci_hcd
[    9.104801][    T1] usb usb27: SerialNumber: vhci_hcd.12
[    9.110181][    T1] hub 27-0:1.0: USB hub found
[    9.112011][    T1] hub 27-0:1.0: 8 ports detected
[    9.134910][    T1] vhci_hcd vhci_hcd.13: USB/IP Virtual Host Controller
[    9.141173][    T1] vhci_hcd vhci_hcd.13: new USB bus registered, assigned bus number 28
[    9.152184][    T1] usb usb28: New USB device found, idVendor=1d6b, idProduct=0002, bcdDevice= 6.11
[    9.157516][    T1] usb usb28: New USB device strings: Mfr=3, Product=2, SerialNumber=1
[    9.159816][    T1] usb usb28: Product: USB/IP Virtual Host Controller
[    9.161806][    T1] usb usb28: Manufacturer: Linux 6.11.0-rc4-00003-ga79f79cb3180 vhci_hcd
[    9.166088][    T1] usb usb28: SerialNumber: vhci_hcd.13
[    9.178241][    T1] hub 28-0:1.0: USB hub found
[    9.180266][    T1] hub 28-0:1.0: 8 ports detected
[    9.193287][    T1] vhci_hcd vhci_hcd.13: USB/IP Virtual Host Controller
[    9.197010][    T1] vhci_hcd vhci_hcd.13: new USB bus registered, assigned bus number 29
[    9.201152][    T1] usb usb29: We don't know the algorithms for LPM for this host, disabling LPM.
[    9.204922][    T1] usb usb29: New USB device found, idVendor=1d6b, idProduct=0003, bcdDevice= 6.11
[    9.211009][    T1] usb usb29: New USB device strings: Mfr=3, Product=2, SerialNumber=1
[    9.216318][    T1] usb usb29: Product: USB/IP Virtual Host Controller
[    9.219776][    T1] usb usb29: Manufacturer: Linux 6.11.0-rc4-00003-ga79f79cb3180 vhci_hcd
[    9.222722][    T1] usb usb29: SerialNumber: vhci_hcd.13
[    9.232646][    T1] hub 29-0:1.0: USB hub found
[    9.234525][    T1] hub 29-0:1.0: 8 ports detected
[    9.253054][    T1] vhci_hcd vhci_hcd.14: USB/IP Virtual Host Controller
[    9.256873][    T1] vhci_hcd vhci_hcd.14: new USB bus registered, assigned bus number 30
[    9.263265][    T1] usb usb30: New USB device found, idVendor=1d6b, idProduct=0002, bcdDevice= 6.11
[    9.266404][    T1] usb usb30: New USB device strings: Mfr=3, Product=2, SerialNumber=1
[    9.268859][    T1] usb usb30: Product: USB/IP Virtual Host Controller
[    9.270873][    T1] usb usb30: Manufacturer: Linux 6.11.0-rc4-00003-ga79f79cb3180 vhci_hcd
[    9.273543][    T1] usb usb30: SerialNumber: vhci_hcd.14
[    9.279892][    T1] hub 30-0:1.0: USB hub found
[    9.281651][    T1] hub 30-0:1.0: 8 ports detected
[    9.293402][    T1] vhci_hcd vhci_hcd.14: USB/IP Virtual Host Controller
[    9.297110][    T1] vhci_hcd vhci_hcd.14: new USB bus registered, assigned bus number 31
[    9.302557][    T1] usb usb31: We don't know the algorithms for LPM for this host, disabling LPM.
[    9.309763][    T1] usb usb31: New USB device found, idVendor=1d6b, idProduct=0003, bcdDevice= 6.11
[    9.312424][    T1] usb usb31: New USB device strings: Mfr=3, Product=2, SerialNumber=1
[    9.315132][    T1] usb usb31: Product: USB/IP Virtual Host Controller
[    9.319409][    T1] usb usb31: Manufacturer: Linux 6.11.0-rc4-00003-ga79f79cb3180 vhci_hcd
[    9.324116][    T1] usb usb31: SerialNumber: vhci_hcd.14
[    9.330115][    T1] hub 31-0:1.0: USB hub found
[    9.331808][    T1] hub 31-0:1.0: 8 ports detected
[    9.343894][    T1] vhci_hcd vhci_hcd.15: USB/IP Virtual Host Controller
[    9.347680][    T1] vhci_hcd vhci_hcd.15: new USB bus registered, assigned bus number 32
[    9.352916][    T1] usb usb32: New USB device found, idVendor=1d6b, idProduct=0002, bcdDevice= 6.11
[    9.355811][    T1] usb usb32: New USB device strings: Mfr=3, Product=2, SerialNumber=1
[    9.358551][    T1] usb usb32: Product: USB/IP Virtual Host Controller
[    9.360681][    T1] usb usb32: Manufacturer: Linux 6.11.0-rc4-00003-ga79f79cb3180 vhci_hcd
[    9.363400][    T1] usb usb32: SerialNumber: vhci_hcd.15
[    9.369202][    T1] hub 32-0:1.0: USB hub found
[    9.370839][    T1] hub 32-0:1.0: 8 ports detected
[    9.381927][    T1] vhci_hcd vhci_hcd.15: USB/IP Virtual Host Controller
[    9.388990][    T1] vhci_hcd vhci_hcd.15: new USB bus registered, assigned bus number 33
[    9.394451][    T1] usb usb33: We don't know the algorithms for LPM for this host, disabling LPM.
[    9.399949][    T1] usb usb33: New USB device found, idVendor=1d6b, idProduct=0003, bcdDevice= 6.11
[    9.404151][    T1] usb usb33: New USB device strings: Mfr=3, Product=2, SerialNumber=1
[    9.407506][    T1] usb usb33: Product: USB/IP Virtual Host Controller
[    9.409520][    T1] usb usb33: Manufacturer: Linux 6.11.0-rc4-00003-ga79f79cb3180 vhci_hcd
[    9.412194][    T1] usb usb33: SerialNumber: vhci_hcd.15
[    9.419128][    T1] hub 33-0:1.0: USB hub found
[    9.420768][    T1] hub 33-0:1.0: 8 ports detected
[    9.431552][    T1] usbcore: registered new device driver usbip-host
[    9.443524][    T1] i8042: PNP: PS/2 Controller [PNP0303:KBD,PNP0f13:MOU] at 0x60,0x64 irq 1,12
[    9.452159][    T1] serio: i8042 KBD port at 0x60,0x64 irq 1
[    9.455218][    T1] serio: i8042 AUX port at 0x60,0x64 irq 12
[    9.460445][    T1] mousedev: PS/2 mouse device common for all mice
[    9.464241][    T1] usbcore: registered new interface driver appletouch
[    9.468009][    T1] usbcore: registered new interface driver bcm5974
[    9.470799][ T1160] input: AT Translated Set 2 keyboard as /devices/platform/i8042/serio0/input/input1
[    9.476832][    T1] usbcore: registered new interface driver synaptics_usb
[    9.479128][    T1] usbcore: registered new interface driver iforce
[    9.483946][    T1] usbcore: registered new interface driver pxrc
[    9.486087][    T1] usbcore: registered new interface driver xpad
[    9.490332][    T1] usbcore: registered new interface driver usb_acecad
[    9.496100][    T1] usbcore: registered new interface driver aiptek
[    9.504737][    T1] usbcore: registered new interface driver hanwang
[    9.514274][    T1] usbcore: registered new interface driver kbtab
[    9.516783][    T1] usbcore: registered new interface driver pegasus_notetaker
[    9.519226][    T1] usbcore: registered new interface driver usbtouchscreen
[    9.521652][    T1] usbcore: registered new interface driver sur40
[    9.527744][    T1] usbcore: registered new interface driver ati_remote2
[    9.530655][    T1] cm109: Keymap for Komunikate KIP1000 phone loaded
[    9.534067][    T1] usbcore: registered new interface driver cm109
[    9.536024][    T1] cm109: CM109 phone driver: 20080805 (C) Alfred E. Heggestad
[    9.538698][    T1] usbcore: registered new interface driver ims_pcu
[    9.542791][    T1] usbcore: registered new interface driver keyspan_remote
[    9.546781][    T1] usbcore: registered new interface driver powermate
[    9.551000][    T1] usbcore: registered new interface driver yealink
[    9.553911][    T1] rtc_cmos 00:05: RTC can wake from S4
[    9.562404][    T1] rtc_cmos 00:05: registered as rtc0
[    9.564241][    T1] rtc_cmos 00:05: alarms up to one day, y3k, 242 bytes nvram, hpet irqs
[    9.570065][    T1] i2c_dev: i2c /dev entries driver
[    9.572181][    T1] usbcore: registered new interface driver i2c-diolan-u2c
[    9.575203][    T1] usbcore: registered new interface driver i2c-cp2615
[    9.578809][    T1] usbcore: registered new interface driver RobotFuzz Open Source InterFace, OSIF
[    9.581928][    T1] usbcore: registered new interface driver i2c-tiny-usb
[    9.589459][    T1] usbcore: registered new interface driver igorplugusb
[    9.591697][    T1] usbcore: registered new interface driver iguanair
[    9.594066][    T1] usbcore: registered new interface driver imon
[    9.598336][    T1] usbcore: registered new interface driver imon_raw
[    9.600569][    T1] usbcore: registered new interface driver mceusb
[    9.602754][    T1] usbcore: registered new interface driver redrat3
[    9.604938][    T1] usbcore: registered new interface driver streamzap
[    9.607307][    T1] usbcore: registered new interface driver ir_toy
[    9.609677][    T1] usbcore: registered new interface driver ttusbir
[    9.611786][    T1] usbcore: registered new interface driver ati_remote
[    9.614132][    T1] usbcore: registered new interface driver xbox_remote
[    9.616716][    T1] b2c2-flexcop: B2C2 FlexcopII/II(b)/III digital TV receiver chip loaded successfully
[    9.624324][    T1] usbcore: registered new interface driver b2c2_flexcop_usb
[    9.627214][    T1] usbcore: registered new interface driver dvb_usb_vp7045
[    9.629532][    T1] usbcore: registered new interface driver dvb_usb_vp702x
[    9.631844][    T1] usbcore: registered new interface driver dvb_usb_gp8psk
[    9.634561][    T1] usbcore: registered new interface driver dvb_usb_dtt200u
[    9.637554][    T1] usbcore: registered new interface driver dvb_usb_a800
[    9.641144][    T1] usbcore: registered new interface driver dvb_usb_dibusb_mb
[    9.643527][    T1] usbcore: registered new interface driver dvb_usb_dibusb_mc
[    9.645977][    T1] usbcore: registered new interface driver dvb_usb_nova_t_usb2
[    9.648637][    T1] usbcore: registered new interface driver dvb_usb_umt_010
[    9.651027][    T1] usbcore: registered new interface driver dvb_usb_m920x
[    9.653278][    T1] usbcore: registered new interface driver dvb_usb_digitv
[    9.658199][    T1] usbcore: registered new interface driver dvb_usb_cxusb
[    9.664152][    T1] usbcore: registered new interface driver dvb_usb_ttusb2
[    9.666682][    T1] usbcore: registered new interface driver dvb_usb_dib0700
[    9.669561][    T1] usbcore: registered new interface driver opera1
[    9.671778][    T1] usbcore: registered new interface driver dvb_usb_af9005
[    9.674006][    T1] failing symbol_get of non-GPLONLY symbol af9005_rc_decode.
[    9.677434][    T1] failing symbol_get of non-GPLONLY symbol af9005_rc_decode.
[    9.680020][    T1] failing symbol_get of non-GPLONLY symbol rc_map_af9005_table.
[    9.684489][    T1] failing symbol_get of non-GPLONLY symbol rc_map_af9005_table.
[    9.686949][    T1] failing symbol_get of non-GPLONLY symbol rc_map_af9005_table_size.
[    9.690226][    T1] failing symbol_get of non-GPLONLY symbol rc_map_af9005_table_size.
[    9.692791][    T1] af9005: af9005_rc_decode function not found, disabling remote
[    9.697046][    T1] usbcore: registered new interface driver pctv452e
[    9.701850][    T1] usbcore: registered new interface driver dw2102
[    9.705399][    T1] usbcore: registered new interface driver dvb_usb_dtv5100
[    9.708709][    T1] usbcore: registered new interface driver cinergyT2
[    9.711334][    T1] usbcore: registered new interface driver dvb_usb_az6027
[    9.713896][    T1] usbcore: registered new interface driver dvb_usb_technisat_usb2
[    9.718400][    T1] usbcore: registered new interface driver dvb_usb_af9015
[    9.720789][    T1] usbcore: registered new interface driver dvb_usb_af9035
[    9.724279][    T1] usbcore: registered new interface driver dvb_usb_anysee
[    9.726766][    T1] usbcore: registered new interface driver dvb_usb_au6610
[    9.729227][    T1] usbcore: registered new interface driver dvb_usb_az6007
[    9.731570][    T1] usbcore: registered new interface driver dvb_usb_ce6230
[    9.733854][    T1] usbcore: registered new interface driver dvb_usb_ec168
[    9.736131][    T1] usbcore: registered new interface driver dvb_usb_lmedm04
[    9.738680][    T1] usbcore: registered new interface driver dvb_usb_gl861
[    9.742913][    T1] usbcore: registered new interface driver dvb_usb_mxl111sf
[    9.745461][    T1] usbcore: registered new interface driver dvb_usb_rtl28xxu
[    9.748479][    T1] usbcore: registered new interface driver dvb_usb_dvbsky
[    9.752996][    T1] usbcore: registered new interface driver zd1301
[    9.755090][    T1] usbcore: registered new interface driver s2255
[    9.758273][    T1] usbcore: registered new interface driver smsusb
[    9.761712][    T1] usbcore: registered new interface driver ttusb
[    9.765130][    T1] usbcore: registered new interface driver ttusb-dec
[    9.767970][    T1] usbcore: registered new interface driver Abilis Systems as10x usb driver
[    9.770887][    T1] usbcore: registered new interface driver airspy
[    9.773573][    T1] gspca_main: v2.14.0 registered
[    9.775319][    T1] usbcore: registered new interface driver benq
[    9.777474][    T1] usbcore: registered new interface driver conex
[    9.782615][    T1] usbcore: registered new interface driver cpia1
[    9.784832][    T1] usbcore: registered new interface driver dtcs033
[    9.787992][    T1] usbcore: registered new interface driver etoms
[    9.790182][    T1] usbcore: registered new interface driver finepix
[    9.792449][    T1] usbcore: registered new interface driver jeilinj
[    9.794550][    T1] usbcore: registered new interface driver jl2005bcd
[    9.797635][    T1] usbcore: registered new interface driver kinect
[    9.800854][    T1] usbcore: registered new interface driver konica
[    9.804389][    T1] usbcore: registered new interface driver mars
[    9.807156][    T1] usbcore: registered new interface driver mr97310a
[    9.810084][    T1] usbcore: registered new interface driver nw80x
[    9.812197][    T1] usbcore: registered new interface driver ov519
[    9.814453][    T1] usbcore: registered new interface driver ov534
[    9.816794][    T1] usbcore: registered new interface driver ov534_9
[    9.819532][    T1] usbcore: registered new interface driver pac207
[    9.823087][    T1] usbcore: registered new interface driver gspca_pac7302
[    9.829047][    T1] usbcore: registered new interface driver pac7311
[    9.832634][    T1] usbcore: registered new interface driver se401
[    9.836383][    T1] usbcore: registered new interface driver sn9c2028
[    9.839957][    T1] usbcore: registered new interface driver gspca_sn9c20x
[    9.843836][    T1] usbcore: registered new interface driver sonixb
[    9.847506][    T1] usbcore: registered new interface driver sonixj
[    9.851236][    T1] usbcore: registered new interface driver spca500
[    9.854742][    T1] usbcore: registered new interface driver spca501
[    9.858258][    T1] usbcore: registered new interface driver spca505
[    9.861915][    T1] usbcore: registered new interface driver spca506
[    9.866019][    T1] usbcore: registered new interface driver spca508
[    9.868658][    T1] usbcore: registered new interface driver spca561
[    9.870838][    T1] usbcore: registered new interface driver spca1528
[    9.873028][    T1] usbcore: registered new interface driver sq905
[    9.875077][    T1] usbcore: registered new interface driver sq905c
[    9.877460][    T1] usbcore: registered new interface driver sq930x
[    9.879810][    T1] usbcore: registered new interface driver sunplus
[    9.882634][    T1] usbcore: registered new interface driver stk014
[    9.885096][    T1] usbcore: registered new interface driver stk1135
[    9.887431][    T1] usbcore: registered new interface driver stv0680
[    9.889606][    T1] usbcore: registered new interface driver t613
[    9.892818][    T1] usbcore: registered new interface driver gspca_topro
[    9.895160][    T1] usbcore: registered new interface driver touptek
[    9.899922][    T1] usbcore: registered new interface driver tv8532
[    9.903928][    T1] usbcore: registered new interface driver vc032x
[    9.906276][    T1] usbcore: registered new interface driver vicam
[    9.908388][    T1] usbcore: registered new interface driver xirlink-cit
[    9.910576][    T1] usbcore: registered new interface driver gspca_zc3xx
[    9.913320][    T1] usbcore: registered new interface driver ALi m5602
[    9.915610][    T1] usbcore: registered new interface driver STV06xx
[    9.920221][    T1] usbcore: registered new interface driver gspca_gl860
[    9.922642][    T1] usbcore: registered new interface driver hackrf
[    9.924770][    T1] usbcore: registered new interface driver msi2500
[    9.927258][    T1] usbcore: registered new interface driver Philips webcam
[    9.930447][    T1] usbcore: registered new interface driver uvcvideo
[    9.933477][    T1] au0828: au0828 driver loaded
[    9.937034][    T1] usbcore: registered new interface driver au0828
[    9.939324][    T1] usbcore: registered new interface driver cx231xx
[    9.943359][    T1] usbcore: registered new interface driver em28xx
[    9.945377][    T1] em28xx: Registered (Em28xx v4l2 Extension) extension
[    9.947714][    T1] em28xx: Registered (Em28xx Audio Extension) extension
[    9.952502][    T1] em28xx: Registered (Em28xx dvb Extension) extension
[    9.954521][    T1] em28xx: Registered (Em28xx Input Extension) extension
[    9.958303][    T1] usbcore: registered new interface driver go7007
[    9.960479][    T1] usbcore: registered new interface driver go7007-loader
[    9.963089][    T1] usbcore: registered new interface driver hdpvr
[    9.968972][    T1] usbcore: registered new interface driver pvrusb2
[    9.971218][    T1] pvrusb2: V4L in-tree version:Hauppauge WinTV-PVR-USB2 MPEG2 Encoder/Tuner
[    9.974018][    T1] pvrusb2: Debug mask is 31 (0x1f)
[    9.976025][    T1] usbcore: registered new interface driver stk1160
[    9.980156][    T1] usbcore: registered new interface driver usbtv
[    9.986359][    T1] dvbdev: DVB: registering new adapter (dvb_vidtv_bridge)
[    9.994749][    T1] i2c i2c-0: DVB: registering adapter 0 frontend 0 (Dummy demod for DVB-T/T2/C/S/S2)...
[    9.998307][    T1] dvbdev: dvb_create_media_entity: media entity 'Dummy demod for DVB-T/T2/C/S/S2' registered.
[   10.010090][    T1] dvbdev: dvb_create_media_entity: media entity 'dvb-demux' registered.
[   10.023527][    T1] vidtv vidtv.0: Successfully initialized vidtv!
[   10.035740][    T1] vicodec vicodec.0: Device 'stateful-encoder' registered as /dev/video0
[   10.039187][    T1] vicodec vicodec.0: Device 'stateful-decoder' registered as /dev/video1
[   10.042708][    T1] vicodec vicodec.0: Device 'stateless-decoder' registered as /dev/video2
[   10.054714][    T1] vim2m vim2m.0: Device registered as /dev/video0
[   10.086451][    T1] vivid-000: using single planar format API
[   10.112379][    T1] vivid-000: CEC adapter cec0 registered for HDMI input
[   10.116466][    T1] vivid-000: V4L2 capture device registered as video7
[   10.120696][    T1] vivid-000: CEC adapter cec1 registered for HDMI output 0
[   10.198967][    T1] vivid-000: V4L2 output device registered as video8
[   10.207543][    T1] vivid-000: V4L2 capture device registered as vbi0, supports raw and sliced VBI
[   10.215548][    T1] vivid-000: V4L2 output device registered as vbi1, supports raw and sliced VBI
[   10.220490][    T1] vivid-000: V4L2 capture device registered as swradio0
[   10.223848][    T1] vivid-000: V4L2 receiver device registered as radio0
[   10.228713][    T1] vivid-000: V4L2 transmitter device registered as radio1
[   10.234301][    T1] vivid-000: V4L2 metadata capture device registered as video9
[   10.237287][    T1] vivid-000: V4L2 metadata output device registered as video10
[   10.240437][    T1] vivid-000: V4L2 touch capture device registered as v4l-touch0
[   10.248684][    T1] usbcore: registered new interface driver radioshark2
[   10.252289][    T1] usbcore: registered new interface driver radioshark
[   10.254906][    T1] usbcore: registered new interface driver radio-si470x
[   10.259703][    T1] usbcore: registered new interface driver radio-usb-si4713
[   10.263512][    T1] usbcore: registered new interface driver dsbr100
[   10.266245][    T1] usbcore: registered new interface driver radio-keene
[   10.269564][    T1] usbcore: registered new interface driver radio-ma901
[   10.274043][    T1] usbcore: registered new interface driver radio-mr800
[   10.278969][    T1] usbcore: registered new interface driver radio-raremono
[   10.285029][    T1] usbcore: registered new interface driver powerz
[   10.289438][    T1] usbcore: registered new interface driver pcwd_usb
[   10.297744][    T1] device-mapper: core: CONFIG_IMA_DISABLE_HTABLE is disabled. Duplicate IMA measurements will not be recorded in the IMA log.
[   10.302732][    T1] device-mapper: uevent: version 1.0.3
[   10.305761][    T1] device-mapper: ioctl: 4.48.0-ioctl (2023-03-01) initialised: dm-devel@lists.linux.dev
[   10.315770][    T1] device-mapper: multipath round-robin: version 1.2.0 loaded
[   10.318266][    T1] device-mapper: multipath queue-length: version 0.2.0 loaded
[   10.320464][    T1] device-mapper: multipath service-time: version 0.3.0 loaded
[   10.324108][    T1] Bluetooth: HCI UART driver ver 2.3
[   10.325682][    T1] Bluetooth: HCI UART protocol H4 registered
[   10.327654][    T1] Bluetooth: HCI UART protocol BCSP registered
[   10.329902][    T1] Bluetooth: HCI UART protocol LL registered
[   10.334078][    T1] Bluetooth: HCI UART protocol Three-wire (H5) registered
[   10.339680][    T1] Bluetooth: HCI UART protocol QCA registered
[   10.342413][    T1] Bluetooth: HCI UART protocol AG6XX registered
[   10.344990][    T1] Bluetooth: HCI UART protocol Marvell registered
[   10.349390][    T1] usbcore: registered new interface driver bcm203x
[   10.351999][    T1] usbcore: registered new interface driver bpa10x
[   10.354898][    T1] usbcore: registered new interface driver bfusb
[   10.360193][    T1] usbcore: registered new interface driver btusb
[   10.363787][    T1] usbcore: registered new interface driver ath3k
[   10.369497][    T1] CAPI 2.0 started up with major 68 (middleware)
[   10.372939][    T1] Modular ISDN core version 1.1.29
[   10.379848][    T1] NET: Registered PF_ISDN protocol family
[   10.385423][    T1] DSP module 2.0
[   10.387954][    T1] mISDN_dsp: DSP clocks every 80 samples. This equals 1 jiffies.
[   10.402302][    T1] mISDN: Layer-1-over-IP driver Rev. 2.00
[   10.406108][    T1] 0 virtual devices registered
[   10.409076][    T1] usbcore: registered new interface driver HFC-S_USB
[   10.411077][    T1] intel_pstate: CPU model not supported
[   10.412991][    T1] VUB300 Driver rom wait states = 1C irqpoll timeout = 0400
[   10.416924][    T1] usbcore: registered new interface driver vub300
[   10.424763][    T1] usbcore: registered new interface driver ushc
[   10.433354][    T1] iscsi: registered transport (iser)
[   10.437646][    T1] SoftiWARP attached
[   10.449866][    T1] hid: raw HID events driver (C) Jiri Kosina
[   10.493251][    T1] usbcore: registered new interface driver usbhid
[   10.495136][    T1] usbhid: USB HID core driver
[   10.502048][    T1] usbcore: registered new interface driver es2_ap_driver
[   10.504488][    T1] comedi: version 0.7.76 - http://www.comedi.org
[   10.509792][    T1] usbcore: registered new interface driver dt9812
[   10.516287][    T1] usbcore: registered new interface driver ni6501
[   10.518281][    T1] usbcore: registered new interface driver usbdux
[   10.520294][    T1] usbcore: registered new interface driver usbduxfast
[   10.522634][    T1] usbcore: registered new interface driver usbduxsigma
[   10.525055][    T1] usbcore: registered new interface driver vmk80xx
[   10.527849][    T1] usbcore: registered new interface driver r8712u
[   10.530303][    T1] greybus: registered new driver hid
[   10.535097][    T1] greybus: registered new driver gbphy
[   10.536884][    T1] gb_gbphy: registered new driver usb
[   10.538517][    T1] asus_wmi: ASUS WMI generic driver loaded
[   10.544853][    T1] gnss: GNSS driver registered with major 491
[   10.547917][    T1] usbcore: registered new interface driver gnss-usb
[   10.552008][    T1] usbcore: registered new interface driver hdm_usb
[   10.559163][ T1160] input: ImExPS/2 Generic Explorer Mouse as /devices/platform/i8042/serio1/input/input3
[   10.628655][    T1] usbcore: registered new interface driver snd-usb-audio
[   10.631483][    T1] usbcore: registered new interface driver snd-ua101
[   10.635302][    T1] usbcore: registered new interface driver snd-usb-usx2y
[   10.639323][    T1] usbcore: registered new interface driver snd-usb-us122l
[   10.641607][    T1] usbcore: registered new interface driver snd-usb-caiaq
[   10.644336][    T1] usbcore: registered new interface driver snd-usb-6fire
[   10.648758][    T1] usbcore: registered new interface driver snd-usb-hiface
[   10.651987][    T1] usbcore: registered new interface driver snd-bcd2000
[   10.656800][    T1] usbcore: registered new interface driver snd_usb_pod
[   10.659012][    T1] usbcore: registered new interface driver snd_usb_podhd
[   10.661249][    T1] usbcore: registered new interface driver snd_usb_toneport
[   10.663511][    T1] usbcore: registered new interface driver snd_usb_variax
[   10.671734][    T1] drop_monitor: Initializing network drop monitor service
[   10.674628][    T1] NET: Registered PF_LLC protocol family
[   10.677697][    T1] GACT probability on
[   10.679033][    T1] Mirror/redirect action on
