bash: warning: setlocale: LC_ALL: cannot change locale (en_US.UTF-8)
c[?7l[2J[0mSeaBIOS (version 1.16.2-debian-1.16.2-1)
Booting from ROM...
c[?7l[2Jearly console in extract_kernel
input_data: 0x000000000d49a2bf
input_len: 0x0000000004d66cc9
output: 0x0000000001000000
output_len: 0x000000000f377ae0
kernel_total_size: 0x0000000011226000
needed_size: 0x0000000011400000
trampoline_32bit: 0x000000000009d000

Decompressing Linux... Parsing ELF... done.
Booting the kernel.
[    0.000000][    T0] Linux version 6.2.0-rc8-00083-g3ac88fa4605e-dirty (root@buildkitsandbox) (gcc (Debian 12.2.0-14+deb12u1) 12.2.0, GNU ld (GNU Binutils for Debian) 2.40) #1 SMP PREEMPT_DYNAMIC Mon May 25 17:36:59 UTC 2026
[    0.000000][    T0] Command line: console=ttyS0 oops=panic panic=86400 nokaslr earlyprintk=serial rdinit=/init
[    0.000000][    T0] KERNEL supported cpus:
[    0.000000][    T0]   Intel GenuineIntel
[    0.000000][    T0]   AMD AuthenticAMD
[    0.000000][    T0] x86/fpu: Supporting XSAVE feature 0x001: 'x87 floating point registers'
[    0.000000][    T0] x86/fpu: Supporting XSAVE feature 0x002: 'SSE registers'
[    0.000000][    T0] x86/fpu: Supporting XSAVE feature 0x004: 'AVX registers'
[    0.000000][    T0] x86/fpu: xstate_offset[2]:  576, xstate_sizes[2]:  256
[    0.000000][    T0] x86/fpu: Enabled xstate features 0x7, context size is 832 bytes, using 'compacted' format.
[    0.000000][    T0] signal: max sigframe size: 1776
[    0.000000][    T0] BIOS-provided physical RAM map:
[    0.000000][    T0] BIOS-e820: [mem 0x0000000000000000-0x000000000009fbff] usable
[    0.000000][    T0] BIOS-e820: [mem 0x000000000009fc00-0x000000000009ffff] reserved
[    0.000000][    T0] BIOS-e820: [mem 0x00000000000f0000-0x00000000000fffff] reserved
[    0.000000][    T0] BIOS-e820: [mem 0x0000000000100000-0x000000007ffdffff] usable
[    0.000000][    T0] BIOS-e820: [mem 0x000000007ffe0000-0x000000007fffffff] reserved
[    0.000000][    T0] BIOS-e820: [mem 0x00000000feffc000-0x00000000feffffff] reserved
[    0.000000][    T0] BIOS-e820: [mem 0x00000000fffc0000-0x00000000ffffffff] reserved
[    0.000000][    T0] BIOS-e820: [mem 0x000000fd00000000-0x000000ffffffffff] reserved
[    0.000000][    T0] printk: bootconsole [earlyser0] enabled
[    0.000000][    T0] NX (Execute Disable) protection: active
[    0.000000][    T0] SMBIOS 2.8 present.
[    0.000000][    T0] DMI: QEMU Standard PC (i440FX + PIIX, 1996), BIOS 1.16.2-debian-1.16.2-1 04/01/2014
[    0.000000][    T0] Hypervisor detected: KVM
[    0.000000][    T0] kvm-clock: Using msrs 4b564d01 and 4b564d00
[    0.000003][    T0] kvm-clock: using sched offset of 926740424 cycles
[    0.000665][    T0] clocksource: kvm-clock: mask: 0xffffffffffffffff max_cycles: 0x1cd42e4dffb, max_idle_ns: 881590591483 ns
[    0.002671][    T0] tsc: Detected 3493.436 MHz processor
[    0.007426][    T0] last_pfn = 0x7ffe0 max_arch_pfn = 0x400000000
[    0.008164][    T0] x86/PAT: Configuration [0-7]: WB  WC  UC- UC  WB  WP  UC- WT  
[    0.012023][    T0] found SMP MP-table at [mem 0x000f5ba0-0x000f5baf]
[    0.012790][    T0] Using GB pages for direct mapping
[    0.014197][    T0] RAMDISK: [mem 0x7fe88000-0x7ffdffff]
[    0.014810][    T0] ACPI: Early table checksum verification disabled
[    0.015537][    T0] ACPI: RSDP 0x00000000000F59D0 000014 (v00 BOCHS )
[    0.016292][    T0] ACPI: RSDT 0x000000007FFE1B33 000034 (v01 BOCHS  BXPC     00000001 BXPC 00000001)
[    0.017359][    T0] ACPI: FACP 0x000000007FFE19DF 000074 (v01 BOCHS  BXPC     00000001 BXPC 00000001)
[    0.018421][    T0] ACPI: DSDT 0x000000007FFE0040 00199F (v01 BOCHS  BXPC     00000001 BXPC 00000001)
[    0.019495][    T0] ACPI: FACS 0x000000007FFE0000 000040
[    0.020114][    T0] ACPI: APIC 0x000000007FFE1A53 000080 (v01 BOCHS  BXPC     00000001 BXPC 00000001)
[    0.021207][    T0] ACPI: HPET 0x000000007FFE1AD3 000038 (v01 BOCHS  BXPC     00000001 BXPC 00000001)
[    0.022276][    T0] ACPI: WAET 0x000000007FFE1B0B 000028 (v01 BOCHS  BXPC     00000001 BXPC 00000001)
[    0.023343][    T0] ACPI: Reserving FACP table memory at [mem 0x7ffe19df-0x7ffe1a52]
[    0.024228][    T0] ACPI: Reserving DSDT table memory at [mem 0x7ffe0040-0x7ffe19de]
[    0.025123][    T0] ACPI: Reserving FACS table memory at [mem 0x7ffe0000-0x7ffe003f]
[    0.026010][    T0] ACPI: Reserving APIC table memory at [mem 0x7ffe1a53-0x7ffe1ad2]
[    0.026899][    T0] ACPI: Reserving HPET table memory at [mem 0x7ffe1ad3-0x7ffe1b0a]
[    0.027786][    T0] ACPI: Reserving WAET table memory at [mem 0x7ffe1b0b-0x7ffe1b32]
[    0.029436][    T0] No NUMA configuration found
[    0.029954][    T0] Faking a node at [mem 0x0000000000000000-0x000000007ffdffff]
[    0.030806][    T0] NODE_DATA(0) allocated [mem 0x7fe82000-0x7fe87fff]
[    0.035014][    T0] Zone ranges:
[    0.035425][    T0]   DMA      [mem 0x0000000000001000-0x0000000000ffffff]
[    0.036218][    T0]   DMA32    [mem 0x0000000001000000-0x000000007ffdffff]
[    0.037032][    T0]   Normal   empty
[    0.037450][    T0]   Device   empty
[    0.037865][    T0] Movable zone start for each node
[    0.038442][    T0] Early memory node ranges
[    0.038937][    T0]   node   0: [mem 0x0000000000001000-0x000000000009efff]
[    0.039740][    T0]   node   0: [mem 0x0000000000100000-0x000000007ffdffff]
[    0.040551][    T0] Initmem setup node 0 [mem 0x0000000000001000-0x000000007ffdffff]
[    0.041452][    T0] On node 0, zone DMA: 1 pages in unavailable ranges
[    0.041556][    T0] On node 0, zone DMA: 97 pages in unavailable ranges
[    0.054097][    T0] On node 0, zone DMA32: 32 pages in unavailable ranges
[    0.087999][    T0] kasan: KernelAddressSanitizer initialized
[    0.089761][    T0] ACPI: PM-Timer IO Port: 0x608
[    0.090314][    T0] ACPI: LAPIC_NMI (acpi_id[0xff] dfl dfl lint[0x1])
[    0.091098][    T0] IOAPIC[0]: apic_id 0, version 17, address 0xfec00000, GSI 0-23
[    0.091973][    T0] ACPI: INT_SRC_OVR (bus 0 bus_irq 0 global_irq 2 dfl dfl)
[    0.092787][    T0] ACPI: INT_SRC_OVR (bus 0 bus_irq 5 global_irq 5 high level)
[    0.093625][    T0] ACPI: INT_SRC_OVR (bus 0 bus_irq 9 global_irq 9 high level)
[    0.094465][    T0] ACPI: INT_SRC_OVR (bus 0 bus_irq 10 global_irq 10 high level)
[    0.095315][    T0] ACPI: INT_SRC_OVR (bus 0 bus_irq 11 global_irq 11 high level)
[    0.096181][    T0] ACPI: Using ACPI (MADT) for SMP configuration information
[    0.097003][    T0] ACPI: HPET id: 0x8086a201 base: 0xfed00000
[    0.097674][    T0] TSC deadline timer available
[    0.098206][    T0] smpboot: Allowing 2 CPUs, 0 hotplug CPUs
[    0.098891][    T0] kvm-guest: KVM setup pv remote TLB flush
[    0.099541][    T0] kvm-guest: setup PV sched yield
[    0.100119][    T0] PM: hibernation: Registered nosave memory: [mem 0x00000000-0x00000fff]
[    0.101048][    T0] PM: hibernation: Registered nosave memory: [mem 0x0009f000-0x0009ffff]
[    0.101955][    T0] PM: hibernation: Registered nosave memory: [mem 0x000a0000-0x000effff]
[    0.102856][    T0] PM: hibernation: Registered nosave memory: [mem 0x000f0000-0x000fffff]
[    0.103765][    T0] [mem 0x80000000-0xfeffbfff] available for PCI devices
[    0.104518][    T0] Booting paravirtualized kernel on KVM
[    0.105113][    T0] clocksource: refined-jiffies: mask: 0xffffffff max_cycles: 0xffffffff, max_idle_ns: 19112604462750000 ns
[    0.147280][    T0] setup_percpu: NR_CPUS:8 nr_cpumask_bits:2 nr_cpu_ids:2 nr_node_ids:1
[    0.148481][    T0] percpu: Embedded 70 pages/cpu s249544 r8192 d28984 u1048576
[    0.149419][    T0] kvm-guest: PV spinlocks enabled
[    0.149984][    T0] PV qspinlock hash table entries: 256 (order: 0, 4096 bytes, linear)
[    0.150917][    T0] Fallback order for Node 0: 0 
[    0.151469][    T0] Built 1 zonelists, mobility grouping on.  Total pages: 515808
[    0.152344][    T0] Policy zone: DMA32
[    0.152777][    T0] Kernel command line: console=ttyS0 oops=panic panic=86400 nokaslr earlyprintk=serial rdinit=/init
[    0.154553][    T0] random: crng init done
[    0.155271][    T0] Dentry cache hash table entries: 262144 (order: 9, 2097152 bytes, linear)
[    0.156448][    T0] Inode-cache hash table entries: 131072 (order: 8, 1048576 bytes, linear)
[    0.157891][    T0] mem auto-init: stack:off, heap alloc:on, heap free:off
[    0.159667][    T0] stackdepot hash table entries: 1048576 (order: 11, 8388608 bytes, linear)
[    0.253696][    T0] Memory: 1469636K/2096632K available (151552K kernel code, 36578K rwdata, 31708K rodata, 2904K init, 35364K bss, 626740K reserved, 0K cma-reserved)
[    0.255795][    T0] SLUB: HWalign=64, Order=0-3, MinObjects=0, CPUs=2, Nodes=1
[    0.257940][    T0] Dynamic Preempt: full
[    0.258784][    T0] Running RCU self tests
[    0.259292][    T0] rcu: Preemptible hierarchical RCU implementation.
[    0.260062][    T0] rcu: 	RCU lockdep checking is enabled.
[    0.260722][    T0] rcu: 	RCU restricting CPUs from NR_CPUS=8 to nr_cpu_ids=2.
[    0.261585][    T0] rcu: 	RCU callback double-/use-after-free debug is enabled.
[    0.262449][    T0] rcu: 	RCU debug extended QS entry/exit.
[    0.263118][    T0] 	Trampoline variant of Tasks RCU enabled.
[    0.263801][    T0] 	Tracing variant of Tasks RCU enabled.
[    0.264457][    T0] rcu: RCU calculated value of scheduler-enlistment delay is 10 jiffies.
[    0.265445][    T0] rcu: Adjusting geometry for rcu_fanout_leaf=16, nr_cpu_ids=2
[    0.294929][    T0] NR_IRQS: 4352, nr_irqs: 440, preallocated irqs: 16
[    0.296071][    T0] rcu: srcu_init: Setting srcu_struct sizes based on contention.
[    0.297186][    T0] kfence: initialized - using 2097152 bytes for 255 objects at 0x(____ptrval____)-0x(____ptrval____)
[    0.306123][    T0] Console: colour VGA+ 80x25
[    0.306704][    T0] printk: console [ttyS0] enabled
[    0.306704][    T0] printk: console [ttyS0] enabled
[    0.307867][    T0] printk: bootconsole [earlyser0] disabled
[    0.307867][    T0] printk: bootconsole [earlyser0] disabled
[    0.309233][    T0] Lock dependency validator: Copyright (c) 2006 Red Hat, Inc., Ingo Molnar
[    0.310234][    T0] ... MAX_LOCKDEP_SUBCLASSES:  8
[    0.310810][    T0] ... MAX_LOCK_DEPTH:          48
[    0.311391][    T0] ... MAX_LOCKDEP_KEYS:        8192
[    0.311998][    T0] ... CLASSHASH_SIZE:          4096
[    0.312610][    T0] ... MAX_LOCKDEP_ENTRIES:     131072
[    0.313235][    T0] ... MAX_LOCKDEP_CHAINS:      262144
[    0.313865][    T0] ... CHAINHASH_SIZE:          131072
[    0.314488][    T0]  memory used by lock dependency info: 20657 kB
[    0.315221][    T0]  memory used for stack traces: 8320 kB
[    0.315874][    T0]  per task-struct memory footprint: 1920 bytes
[    0.316681][    T0] ACPI: Core revision 20221020
[    0.317568][    T0] clocksource: hpet: mask: 0xffffffff max_cycles: 0xffffffff, max_idle_ns: 19112604467 ns
[    0.318901][    T0] APIC: Switch to symmetric I/O mode setup
[    0.319743][    T0] x2apic enabled
[    0.320388][    T0] Switched APIC routing to physical x2apic.
[    0.321082][    T0] kvm-guest: setup PV IPIs
[    0.322755][    T0] ..TIMER: vector=0x30 apic1=0 pin1=2 apic2=-1 pin2=-1
[    0.323560][    T0] tsc: Marking TSC unstable due to TSCs unsynchronized
[    0.324366][    T0] Calibrating delay loop (skipped) preset value.. 6986.87 BogoMIPS (lpj=34934360)
[    0.325409][    T0] pid_max: default: 32768 minimum: 301
[    0.326143][    T0] LSM: initializing lsm=lockdown,capability,landlock,yama,safesetid,integrity,tomoyo,apparmor,bpf
[    0.327422][    T0] landlock: Up and running.
[    0.327938][    T0] Yama: becoming mindful.
[    0.328497][    T0] TOMOYO Linux initialized
[    0.334503][    T0] AppArmor: AppArmor initialized
[    0.335080][    T0] LSM support for eBPF active
[    0.335753][    T0] Mount-cache hash table entries: 4096 (order: 3, 32768 bytes, linear)
[    0.336694][    T0] Mountpoint-cache hash table entries: 4096 (order: 3, 32768 bytes, linear)
[    0.339086][    T0] x86/cpu: User Mode Instruction Prevention (UMIP) activated
[    0.340030][    T0] Last level iTLB entries: 4KB 512, 2MB 255, 4MB 127
[    0.340782][    T0] Last level dTLB entries: 4KB 512, 2MB 255, 4MB 127, 1GB 0
[    0.341621][    T0] Spectre V1 : Mitigation: usercopy/swapgs barriers and __user pointer sanitization
[    0.342681][    T0] Spectre V2 : Kernel not compiled with retpoline; no mitigation available!
[    0.342687][    T0] Spectre V2 : Vulnerable
[    0.344352][    T0] Spectre V2 : Spectre v2 / SpectreRSB mitigation: Filling RSB on context switch
[    0.345383][    T0] Spectre V2 : Enabling Speculation Barrier for firmware calls
[    0.346246][    T0] RETBleed: Mitigation: IBPB
[    0.346775][    T0] Spectre V2 : mitigation: Enabling conditional Indirect Branch Prediction Barrier
[    0.347836][    T0] Speculative Store Bypass: Mitigation: Speculative Store Bypass disabled via prctl
[    0.357362][    T0] Freeing SMP alternatives memory: 116K
[    0.358393][    T1] smpboot: CPU0: AMD Ryzen Threadripper PRO 3975WX 32-Cores (family: 0x17, model: 0x31, stepping: 0x0)
[    0.360801][    T1] cblist_init_generic: Setting adjustable number of callback queues.
[    0.361753][    T1] cblist_init_generic: Setting shift to 1 and lim to 1.
[    0.362714][    T1] cblist_init_generic: Setting shift to 1 and lim to 1.
[    0.363626][    T1] Running RCU-tasks wait API self tests
[    0.464679][    T1] Performance Events: Fam17h+ core perfctr, AMD PMU driver.
[    0.466502][    T1] ... version:                0
[    0.467617][    T1] ... bit width:              48
[    0.468737][    T1] ... generic registers:      6
[    0.469859][    T1] ... value mask:             0000ffffffffffff
[    0.471251][    T1] ... max period:             00007fffffffffff
[    0.472647][    T1] ... fixed-purpose events:   0
[    0.473770][    T1] ... event mask:             000000000000003f
[    0.475351][    T1] rcu: Hierarchical SRCU implementation.
[    0.476654][    T1] rcu: 	Max phase no-delay instances is 1000.
[    0.483520][    T1] smp: Bringing up secondary CPUs ...
[    0.485916][    T1] x86: Booting SMP configuration:
[    0.487093][    T1] .... node  #0, CPUs:      #1
[    0.488959][    T1] smp: Brought up 1 node, 2 CPUs
[    0.488959][    T1] smpboot: Max logical packages: 1
[    0.488959][    T1] smpboot: Total of 2 processors activated (13973.74 BogoMIPS)
[    0.495537][    T1] devtmpfs: initialized
[    0.496242][    T1] x86/mm: Memory block size: 128MB
[    0.514431][   T13] Callback from call_rcu_tasks_trace() invoked.
[    0.523175][    T1] clocksource: jiffies: mask: 0xffffffff max_cycles: 0xffffffff, max_idle_ns: 19112604462750000 ns
[    0.524390][    T1] futex hash table entries: 512 (order: 4, 65536 bytes, linear)
[    0.526890][    T1] PM: RTC time: 17:45:03, date: 2026-05-25
[    0.530089][    T1] NET: Registered PF_NETLINK/PF_ROUTE protocol family
[    0.532135][    T1] audit: initializing netlink subsys (disabled)
[    0.532987][   T26] audit: type=2000 audit(1779731104.310:1): state=initialized audit_enabled=0 res=1
[    0.532987][    T1] thermal_sys: Registered thermal governor 'step_wise'
[    0.534383][    T1] thermal_sys: Registered thermal governor 'user_space'
[    0.535267][    T1] cpuidle: using governor menu
[    0.536622][    T1] NET: Registered PF_QIPCRTR protocol family
[    0.537909][    T1] PCI: Using configuration type 1 for base access
[    0.537909][    T1] PCI: Using configuration type 1 for extended access
[    0.554859][    T1] HugeTLB: registered 1.00 GiB page size, pre-allocated 0 pages
[    0.555731][    T1] HugeTLB: 16380 KiB vmemmap can be freed for a 1.00 GiB page
[    0.556575][    T1] HugeTLB: registered 2.00 MiB page size, pre-allocated 0 pages
[    0.557441][    T1] HugeTLB: 28 KiB vmemmap can be freed for a 2.00 MiB page
[    0.561407][    T1] cryptd: max_cpu_qlen set to 1000
[    0.563358][    T1] raid6: skipped pq benchmark and selected avx2x4
[    0.564093][    T1] raid6: using avx2x2 recovery algorithm
[    0.564930][    T1] ACPI: Added _OSI(Module Device)
[    0.565510][    T1] ACPI: Added _OSI(Processor Device)
[    0.566123][    T1] ACPI: Added _OSI(3.0 _SCP Extensions)
[    0.566760][    T1] ACPI: Added _OSI(Processor Aggregator Device)
[    0.587675][    T1] ACPI: 1 ACPI AML tables successfully acquired and loaded
[    0.617778][    T1] ACPI: Interpreter enabled
[    0.618464][    T1] ACPI: PM: (supports S0 S3 S4 S5)
[    0.619058][    T1] ACPI: Using IOAPIC for interrupt routing
[    0.619827][    T1] PCI: Using host bridge windows from ACPI; if necessary, use "pci=nocrs" and report a bug
[    0.620965][    T1] PCI: Using E820 reservations for host bridge windows
[    0.623099][    T1] ACPI: Enabled 2 GPEs in block 00 to 0F
[    0.665407][    T1] ACPI: PCI Root Bridge [PCI0] (domain 0000 [bus 00-ff])
[    0.666304][    T1] acpi PNP0A03:00: _OSC: OS supports [ExtendedConfig ASPM ClockPM Segments MSI HPX-Type3]
[    0.668913][    T1] PCI host bridge to bus 0000:00
[    0.669493][    T1] pci_bus 0000:00: root bus resource [io  0x0000-0x0cf7 window]
[    0.670387][    T1] pci_bus 0000:00: root bus resource [io  0x0d00-0xffff window]
[    0.671274][    T1] pci_bus 0000:00: root bus resource [mem 0x000a0000-0x000bffff window]
[    0.672244][    T1] pci_bus 0000:00: root bus resource [mem 0x80000000-0xfebfffff window]
[    0.673205][    T1] pci_bus 0000:00: root bus resource [mem 0x100000000-0x17fffffff window]
[    0.674191][    T1] pci_bus 0000:00: root bus resource [bus 00-ff]
[    0.674684][    T1] pci 0000:00:00.0: [8086:1237] type 00 class 0x060000
[    0.688825][    T1] pci 0000:00:01.0: [8086:7000] type 00 class 0x060100
[    0.702676][    T1] pci 0000:00:01.1: [8086:7010] type 00 class 0x010180
[    0.704913][    T1] pci 0000:00:01.1: reg 0x20: [io  0xc000-0xc00f]
[    0.706291][    T1] pci 0000:00:01.1: legacy IDE quirk: reg 0x10: [io  0x01f0-0x01f7]
[    0.707218][    T1] pci 0000:00:01.1: legacy IDE quirk: reg 0x14: [io  0x03f6]
[    0.708071][    T1] pci 0000:00:01.1: legacy IDE quirk: reg 0x18: [io  0x0170-0x0177]
[    0.709002][    T1] pci 0000:00:01.1: legacy IDE quirk: reg 0x1c: [io  0x0376]
[    0.710319][    T1] pci 0000:00:01.3: [8086:7113] type 00 class 0x068000
[    0.711517][    T1] pci 0000:00:01.3: quirk: [io  0x0600-0x063f] claimed by PIIX4 ACPI
[    0.712454][    T1] pci 0000:00:01.3: quirk: [io  0x0700-0x070f] claimed by PIIX4 SMB
[    0.714165][    T1] pci 0000:00:02.0: [1234:1111] type 00 class 0x030000
[    0.715476][    T1] pci 0000:00:02.0: reg 0x10: [mem 0xfd000000-0xfdffffff pref]
[    0.717728][    T1] pci 0000:00:02.0: reg 0x18: [mem 0xfebf0000-0xfebf0fff]
[    0.721850][    T1] pci 0000:00:02.0: reg 0x30: [mem 0xfebe0000-0xfebeffff pref]
[    0.722823][    T1] pci 0000:00:02.0: Video device with shadowed ROM at [mem 0x000c0000-0x000dffff]
[    0.741361][    T1] ACPI: PCI: Interrupt link LNKA configured for IRQ 10
[    0.743455][    T1] ACPI: PCI: Interrupt link LNKB configured for IRQ 10
[    0.745520][    T1] ACPI: PCI: Interrupt link LNKC configured for IRQ 11
[    0.747563][    T1] ACPI: PCI: Interrupt link LNKD configured for IRQ 11
[    0.748873][    T1] ACPI: PCI: Interrupt link LNKS configured for IRQ 9
[    0.753569][    T1] iommu: Default domain type: Translated 
[    0.754210][    T1] iommu: DMA domain TLB invalidation policy: lazy mode 
[    0.755829][    T1] SCSI subsystem initialized
[    0.756949][    T1] ACPI: bus type USB registered
[    0.757619][    T1] usbcore: registered new interface driver usbfs
[    0.758385][    T1] usbcore: registered new interface driver hub
[    0.759127][    T1] usbcore: registered new device driver usb
[    0.760324][    T1] mc: Linux media interface: v0.10
[    0.760946][    T1] videodev: Linux video capture interface: v2.00
[    0.761867][    T1] pps_core: LinuxPPS API ver. 1 registered
[    0.762512][    T1] pps_core: Software ver. 5.3.6 - Copyright 2005-2007 Rodolfo Giometti <giometti@linux.it>
[    0.763640][    T1] PTP clock support registered
[    0.764456][    T1] EDAC MC: Ver: 3.0.0
[    0.766088][    T1] Advanced Linux Sound Architecture Driver Initialized.
[    0.768525][    T1] Bluetooth: Core ver 2.22
[    0.769084][    T1] NET: Registered PF_BLUETOOTH protocol family
[    0.769764][    T1] Bluetooth: HCI device and connection manager initialized
[    0.770579][    T1] Bluetooth: HCI socket layer initialized
[    0.771221][    T1] Bluetooth: L2CAP socket layer initialized
[    0.771907][    T1] Bluetooth: SCO socket layer initialized
[    0.772565][    T1] NET: Registered PF_ATMPVC protocol family
[    0.773217][    T1] NET: Registered PF_ATMSVC protocol family
[    0.773967][    T1] NetLabel: Initializing
[    0.774367][    T1] NetLabel:  domain hash size = 128
[    0.774939][    T1] NetLabel:  protocols = UNLABELED CIPSOv4 CALIPSO
[    0.775965][    T1] NetLabel:  unlabeled traffic allowed by default
[    0.776913][    T1] nfc: nfc_init: NFC Core ver 0.1
[    0.776913][    T1] NET: Registered PF_NFC protocol family
[    0.776913][    T1] PCI: Using ACPI for IRQ routing
[    0.779582][    T1] pci 0000:00:02.0: vgaarb: setting as boot VGA device
[    0.780376][    T1] pci 0000:00:02.0: vgaarb: bridge control possible
[    0.781103][    T1] pci 0000:00:02.0: vgaarb: VGA device added: decodes=io+mem,owns=io+mem,locks=none
[    0.782204][    T1] vgaarb: loaded
[    0.783365][    T1] hpet0: at MMIO 0xfed00000, IRQs 2, 8, 0
[    0.784071][    T1] hpet0: 3 comparators, 64-bit 100.000000 MHz counter
[    0.787729][    T1] clocksource: Switched to clocksource kvm-clock
[    0.793653][    T1] VFS: Disk quotas dquot_6.6.0
[    0.793653][    T1] VFS: Dquot-cache hash table entries: 512 (order 0, 4096 bytes)
[    0.793653][    T1] FS-Cache: Loaded
[    0.793895][    T1] CacheFiles: Loaded
[    0.794571][    T1] TOMOYO: 2.6.0
[    0.794970][    T1] Mandatory Access Control activated.
[    0.796834][    T1] AppArmor: AppArmor Filesystem Enabled
[    0.797695][    T1] pnp: PnP ACPI init
[    0.802308][    T1] pnp: PnP ACPI: found 6 devices
[    0.821477][    T1] clocksource: acpi_pm: mask: 0xffffff max_cycles: 0xffffff, max_idle_ns: 2085701024 ns
[    0.822929][    T1] NET: Registered PF_INET protocol family
[    0.823888][    T1] IP idents hash table entries: 32768 (order: 6, 262144 bytes, linear)
[    0.826519][    T1] tcp_listen_portaddr_hash hash table entries: 1024 (order: 4, 73728 bytes, linear)
[    0.827702][    T1] Table-perturb hash table entries: 65536 (order: 6, 262144 bytes, linear)
[    0.828928][    T1] TCP established hash table entries: 16384 (order: 5, 131072 bytes, linear)
[    0.830979][    T1] TCP bind hash table entries: 16384 (order: 9, 2359296 bytes, linear)
[    0.832897][    T1] TCP: Hash tables configured (established 16384 bind 16384)
[    0.834033][    T1] MPTCP token hash table entries: 2048 (order: 5, 180224 bytes, linear)
[    0.835484][    T1] UDP hash table entries: 1024 (order: 5, 163840 bytes, linear)
[    0.836554][    T1] UDP-Lite hash table entries: 1024 (order: 5, 163840 bytes, linear)
[    0.837778][    T1] NET: Registered PF_UNIX/PF_LOCAL protocol family
[    0.839420][    T1] RPC: Registered named UNIX socket transport module.
[    0.840261][    T1] RPC: Registered udp transport module.
[    0.840923][    T1] RPC: Registered tcp transport module.
[    0.841608][    T1] RPC: Registered tcp NFSv4.1 backchannel transport module.
[    0.843833][    T1] NET: Registered PF_XDP protocol family
[    0.844577][    T1] pci_bus 0000:00: resource 4 [io  0x0000-0x0cf7 window]
[    0.845430][    T1] pci_bus 0000:00: resource 5 [io  0x0d00-0xffff window]
[    0.846241][    T1] pci_bus 0000:00: resource 6 [mem 0x000a0000-0x000bffff window]
[    0.847212][    T1] pci_bus 0000:00: resource 7 [mem 0x80000000-0xfebfffff window]
[    0.848090][    T1] pci_bus 0000:00: resource 8 [mem 0x100000000-0x17fffffff window]
[    0.849447][    T1] pci 0000:00:01.0: PIIX3: Enabling Passive Release
[    0.850239][    T1] pci 0000:00:00.0: Limiting direct PCI/PCI transfers
[    0.851143][    T1] PCI: CLS 0 bytes, default 64
[    0.853941][   T11] Trying to unpack rootfs image as initramfs...
[    0.864430][    T1] ACPI: bus type thunderbolt registered
[    0.865819][    T1] kvm: no hardware support for 'kvm_intel'
[    0.866686][    T1] kvm: Nested Virtualization enabled
[    0.867275][    T1] SVM: kvm: Nested Paging enabled
[    0.946524][   T11] Freeing initrd memory: 1376K
[    0.948106][   T58] kworker/u4:4 (58) used greatest stack depth: 28512 bytes left
[    0.949050][   T61] kworker/u4:4 (61) used greatest stack depth: 28208 bytes left
[    0.950392][   T63] kworker/u4:4 (63) used greatest stack depth: 27808 bytes left
[    3.024563][   T12] Callback from call_rcu_tasks() invoked.
[    3.402773][    T1] Initialise system trusted keyrings
[    3.405384][    T1] workingset: timestamp_bits=40 max_order=19 bucket_order=0
[    3.406296][    T1] zbud: loaded
[    3.408324][    T1] DLM installed
[    3.409447][    T1] squashfs: version 4.0 (2009/01/31) Phillip Lougher
[    3.411731][    T1] NFS: Registering the id_resolver key type
[    3.412410][    T1] Key type id_resolver registered
[    3.412974][    T1] Key type id_legacy registered
[    3.413542][    T1] nfs4filelayout_init: NFSv4 File Layout Driver Registering...
[    3.414434][    T1] nfs4flexfilelayout_init: NFSv4 Flexfile Layout Driver Registering...
[    3.417953][    T1] Key type cifs.spnego registered
[    3.418579][    T1] Key type cifs.idmap registered
[    3.419293][    T1] ntfs: driver 2.1.32 [Flags: R/W].
[    3.419936][    T1] ntfs3: Max link count 4000
[    3.420440][    T1] ntfs3: Enabled Linux POSIX ACLs support
[    3.421061][    T1] ntfs3: Read-only LZX/Xpress compression included
[    3.421809][    T1] efs: 1.0a - http://aeschi.ch.eu.org/efs/
[    3.422450][    T1] jffs2: version 2.2. (NAND) (SUMMARY)  © 2001-2006 Red Hat, Inc.
[    3.423582][    T1] romfs: ROMFS MTD (C) 2007 Red Hat, Inc.
[    3.424237][    T1] QNX4 filesystem 0.2.3 registered.
[    3.424851][    T1] qnx6: QNX6 filesystem 1.0.0 registered.
[    3.425652][    T1] fuse: init (API version 7.38)
[    3.427029][    T1] orangefs_debugfs_init: called with debug mask: :none: :0:
[    3.428111][    T1] orangefs_init: module version upstream loaded
[    3.428912][    T1] JFS: nTxBlock = 8192, nTxLock = 65536
[    3.433062][    T1] SGI XFS with ACLs, security attributes, realtime, quota, no debug enabled
[    3.434993][    T1] 9p: Installing v9fs 9p2000 file system support
[    3.435834][    T1] NILFS version 2 loaded
[    3.436300][    T1] befs: version: 0.9.3
[    3.436915][    T1] ocfs2: Registered cluster interface o2cb
[    3.437843][    T1] ocfs2: Registered cluster interface user
[    3.438679][    T1] OCFS2 User DLM kernel interface loaded
[    3.443668][    T1] gfs2: GFS2 installed
[    3.446094][    T1] ceph: loaded (mds proto 32)
[    3.452973][    T1] NET: Registered PF_ALG protocol family
[    3.453641][    T1] xor: automatically using best checksumming function   avx       
[    3.454540][    T1] async_tx: api initialized (async)
[    3.455120][    T1] Key type asymmetric registered
[    3.455676][    T1] Asymmetric key parser 'x509' registered
[    3.456322][    T1] Asymmetric key parser 'pkcs8' registered
[    3.456957][    T1] Key type pkcs7_test registered
[    3.457680][    T1] Block layer SCSI generic (bsg) driver version 0.4 loaded (major 240)
[    3.458869][    T1] io scheduler mq-deadline registered
[    3.459465][    T1] io scheduler kyber registered
[    3.460039][    T1] io scheduler bfq registered
[    3.464397][    T1] input: Power Button as /devices/LNXSYSTM:00/LNXPWRBN:00/input/input0
[    3.471619][    T1] ACPI: button: Power Button [PWRF]
[    3.528984][  T325] kworker/u4:1 (325) used greatest stack depth: 27680 bytes left
[    3.579234][  T504] kworker/u4:1 (504) used greatest stack depth: 27488 bytes left
[    3.630103][    T1] N_HDLC line discipline registered with maxframe=4096
[    3.630906][    T1] Serial: 8250/16550 driver, 4 ports, IRQ sharing enabled
[    3.632081][    T1] 00:04: ttyS0 at I/O 0x3f8 (irq = 4, base_baud = 115200) is a 16550A
[    3.643849][    T1] Non-volatile memory driver v1.3
[    3.644656][    T1] Linux agpgart interface v0.103
[    3.646998][    T1] ACPI: bus type drm_connector registered
[    3.649992][    T1] [drm] Initialized vgem 1.0.0 20120112 for vgem on minor 0
[    3.653454][    T1] [drm] Initialized vkms 1.0.0 20180514 for vkms on minor 1
[    3.702393][    T1] Console: switching to colour frame buffer device 128x48
[    3.719688][    T1] platform vkms: [drm] fb0: vkmsdrmfb frame buffer device
[    3.720565][    T1] usbcore: registered new interface driver udl
[    3.721471][    T1] bochs-drm 0000:00:02.0: vgaarb: deactivate vga console
[    3.723482][    T1] [drm] Found bochs VGA, ID 0xb0c5.
[    3.724046][    T1] [drm] Framebuffer size 16384 kB @ 0xfd000000, mmio @ 0xfebf0000.
[    3.726754][    T1] [drm] Found EDID data blob.
[    3.728517][    T1] [drm] Initialized bochs-drm 1.0.0 20130925 for 0000:00:02.0 on minor 2
[    3.731988][    T1] fbcon: bochs-drmdrmfb (fb1) is primary device
[    3.731998][    T1] fbcon: Remapping primary device, fb1, to tty 1-63
[    9.888357][    T1] bochs-drm 0000:00:02.0: [drm] fb1: bochs-drmdrmfb frame buffer device
[    9.893703][   T11] Floppy drive(s): fd0 is 2.88M AMI BIOS
[    9.920477][    T1] brd: module loaded
[    9.934883][   T11] FDC 0 is a S82078B
[    9.955840][    T1] loop: module loaded
[    9.998704][    T1] zram: Added device: zram0
[   10.002678][    T1] null_blk: disk nullb0 created
[   10.003230][    T1] null_blk: module loaded
[   10.003874][    T1] Guest personality initialized and is inactive
[   10.005097][    T1] VMCI host device registered (name=vmci, major=10, minor=118)
[   10.005929][    T1] Initialized host personality
[   10.006611][    T1] usbcore: registered new interface driver rtsx_usb
[   10.007821][    T1] usbcore: registered new interface driver viperboard
[   10.008845][    T1] usbcore: registered new interface driver dln2
[   10.009842][    T1] usbcore: registered new interface driver pn533_usb
[   10.012489][    T1] nfcsim 0.2 initialized
[   10.013142][    T1] usbcore: registered new interface driver port100
[   10.014003][    T1] usbcore: registered new interface driver nfcmrvl
[   10.017295][    T1] Loading iSCSI transport class v2.0-870.
[   10.021472][    T1] st: Version 20160209, fixed bufsize 32768, s/g segs 256
[   10.032882][    T1] scsi host0: ata_piix
[   10.035550][    T1] scsi host1: ata_piix
[   10.036393][    T1] ata1: PATA max MWDMA2 cmd 0x1f0 ctl 0x3f6 bmdma 0xc000 irq 14
[   10.037231][    T1] ata2: PATA max MWDMA2 cmd 0x170 ctl 0x376 bmdma 0xc008 irq 15
[   10.041157][    T1] Rounding down aligned max_sectors from 4294967295 to 4294967288
[   10.042219][    T1] db_root: cannot open: /etc/target
[   10.043198][    T1] slram: not enough parameters.
[   10.048054][    T1] ftl_cs: FTL header not found.
[   10.058368][    T1] wireguard: WireGuard 1.0.0 loaded. See www.wireguard.com for information.
[   10.059327][    T1] wireguard: Copyright (C) 2015-2019 Jason A. Donenfeld <Jason@zx2c4.com>. All Rights Reserved.
[   10.060462][    T1] eql: Equalizer2002: Simon Janes (simon@ncm.com) and David S. Miller (davem@redhat.com)
[   10.069778][    T1] MACsec IEEE 802.1AE
[   10.075927][    T1] tun: Universal TUN/TAP device driver, 1.6
[   10.077253][    T1] vcan: Virtual CAN interface driver
[   10.077840][    T1] vxcan: Virtual CAN Tunnel driver
[   10.078399][    T1] slcan: serial line CAN interface driver
[   10.079029][    T1] CAN device driver interface
[   10.082549][    T1] usbcore: registered new interface driver usb_8dev
[   10.084146][    T1] usbcore: registered new interface driver ems_usb
[   10.086094][    T1] usbcore: registered new interface driver gs_usb
[   10.086922][    T1] usbcore: registered new interface driver kvaser_usb
[   10.087823][    T1] usbcore: registered new interface driver mcba_usb
[   10.088704][    T1] usbcore: registered new interface driver peak_usb
[   10.089715][    T1] e100: Intel(R) PRO/100 Network Driver
[   10.090340][    T1] e100: Copyright(c) 1999-2006 Intel Corporation
[   10.091183][    T1] e1000: Intel(R) PRO/1000 Network Driver
[   10.091817][    T1] e1000: Copyright (c) 1999-2006 Intel Corporation.
[   10.092698][    T1] e1000e: Intel(R) PRO/1000 Network Driver
[   10.093331][    T1] e1000e: Copyright(c) 1999 - 2015 Intel Corporation.
[   10.094555][    T1] mkiss: AX.25 Multikiss, Hans Albas PE1AYX
[   10.095247][    T1] AX.25: 6pack driver, Revision: 0.3.0
[   10.095857][    T1] AX.25: bpqether driver version 004
[   10.096431][    T1] PPP generic driver version 2.4.2
[   10.097419][    T1] PPP BSD Compression module registered
[   10.098032][    T1] PPP Deflate Compression module registered
[   10.098695][    T1] PPP MPPE Compression module registered
[   10.099309][    T1] NET: Registered PF_PPPOX protocol family
[   10.099973][    T1] PPTP driver version 0.8.5
[   10.100565][    T1] SLIP: version 0.8.4-NET3.019-NEWTTY (dynamic channels, max=256) (6 bit encapsulation enabled).
[   10.101705][    T1] CSLIP: code copyright 1989 Regents of the University of California.
[   10.102588][    T1] SLIP linefill/keepalive option.
[   10.103133][    T1] hdlc: HDLC support module revision 1.22
[   10.103777][    T1] LAPB Ethernet driver version 0.02
[   10.105810][    T1] usbcore: registered new interface driver ath9k_htc
[   10.106692][    T1] usbcore: registered new interface driver carl9170
[   10.107571][    T1] usbcore: registered new interface driver ath6kl_usb
[   10.108459][    T1] usbcore: registered new interface driver ar5523
[   10.109448][    T1] usbcore: registered new interface driver ath10k_usb
[   10.110335][    T1] usbcore: registered new interface driver rndis_wlan
[   10.111267][    T1] mac80211_hwsim: initializing netlink
[   10.122840][    T1] usbcore: registered new interface driver atusb
[   10.127770][    T1] mac802154_hwsim mac802154_hwsim: Added 2 mac802154 hwsim hardware radios
[   10.129260][    T1] VMware vmxnet3 virtual NIC driver - version 1.7.0.0-k-NAPI
[   10.130359][    T1] usbcore: registered new interface driver catc
[   10.131196][    T1] usbcore: registered new interface driver kaweth
[   10.131905][    T1] pegasus: Pegasus/Pegasus II USB Ethernet driver
[   10.132752][    T1] usbcore: registered new interface driver pegasus
[   10.133636][    T1] usbcore: registered new interface driver rtl8150
[   10.134564][    T1] usbcore: registered new interface driver r8152
[   10.135264][    T1] hso: drivers/net/usb/hso.c: Option Wireless
[   10.136111][    T1] usbcore: registered new interface driver hso
[   10.136937][    T1] usbcore: registered new interface driver lan78xx
[   10.137795][    T1] usbcore: registered new interface driver asix
[   10.138615][    T1] usbcore: registered new interface driver ax88179_178a
[   10.139533][    T1] usbcore: registered new interface driver cdc_ether
[   10.140430][    T1] usbcore: registered new interface driver cdc_eem
[   10.141283][    T1] usbcore: registered new interface driver dm9601
[   10.142129][    T1] usbcore: registered new interface driver sr9700
[   10.142983][    T1] usbcore: registered new interface driver CoreChips
[   10.143879][    T1] usbcore: registered new interface driver smsc75xx
[   10.144941][    T1] usbcore: registered new interface driver smsc95xx
[   10.145984][    T1] usbcore: registered new interface driver gl620a
[   10.146839][    T1] usbcore: registered new interface driver net1080
[   10.147710][    T1] usbcore: registered new interface driver plusb
[   10.148555][    T1] usbcore: registered new interface driver rndis_host
[   10.149597][    T1] usbcore: registered new interface driver cdc_subset
[   10.150493][    T1] usbcore: registered new interface driver zaurus
[   10.151376][    T1] usbcore: registered new interface driver MOSCHIP usb-ethernet driver
[   10.152428][    T1] usbcore: registered new interface driver int51x1
[   10.153292][    T1] usbcore: registered new interface driver cdc_phonet
[   10.154183][    T1] usbcore: registered new interface driver kalmia
[   10.155047][    T1] usbcore: registered new interface driver ipheth
[   10.155898][    T1] usbcore: registered new interface driver sierra_net
[   10.156801][    T1] usbcore: registered new interface driver cx82310_eth
[   10.157702][    T1] usbcore: registered new interface driver cdc_ncm
[   10.158567][    T1] usbcore: registered new interface driver huawei_cdc_ncm
[   10.159499][    T1] usbcore: registered new interface driver lg-vl600
[   10.160358][    T1] usbcore: registered new interface driver qmi_wwan
[   10.161230][    T1] usbcore: registered new interface driver cdc_mbim
[   10.162114][    T1] usbcore: registered new interface driver ch9200
[   10.163443][    T1] usbcore: registered new interface driver r8153_ecm
[   10.166269][    T1] VFIO - User Level meta-driver version: 0.3
[   10.169127][    T1] aoe: AoE v85 initialised.
[   10.172997][    T1] SPI driver max3421-hcd has no spi_device_id for maxim,max3421
[   10.174025][    T1] usbcore: registered new interface driver cdc_acm
[   10.176506][    T1] cdc_acm: USB Abstract Control Model driver for USB modems and ISDN adapters
[   10.177548][    T1] usbcore: registered new interface driver usblp
[   10.178310][    T1] usbcore: registered new interface driver cdc_wdm
[   10.179091][    T1] usbcore: registered new interface driver usbtmc
[   10.180005][    T1] usbcore: registered new interface driver uas
[   10.180774][    T1] usbcore: registered new interface driver usb-storage
[   10.181589][    T1] usbcore: registered new interface driver ums-alauda
[   10.182378][    T1] usbcore: registered new interface driver ums-cypress
[   10.183178][    T1] usbcore: registered new interface driver ums-datafab
[   10.183978][    T1] usbcore: registered new interface driver ums_eneub6250
[   10.186160][    T1] usbcore: registered new interface driver ums-freecom
[   10.186959][    T1] usbcore: registered new interface driver ums-isd200
[   10.187759][    T1] usbcore: registered new interface driver ums-jumpshot
[   10.188566][    T1] usbcore: registered new interface driver ums-karma
[   10.189348][    T1] usbcore: registered new interface driver ums-onetouch
[   10.190157][    T1] usbcore: registered new interface driver ums-realtek
[   10.190959][    T1] usbcore: registered new interface driver ums-sddr09
[   10.191755][    T1] usbcore: registered new interface driver ums-sddr55
[   10.192552][    T1] usbcore: registered new interface driver ums-usbat
[   10.193355][    T1] usbcore: registered new interface driver mdc800
[   10.194052][    T1] mdc800: v0.7.5 (30/10/2000):USB Driver for Mustek MDC800 Digital Camera
[   10.196453][    T1] usbcore: registered new interface driver microtekX6
[   10.197357][    T1] usbcore: registered new interface driver usbserial_generic
[   10.198302][    T1] usbserial: USB Serial support registered for generic
[   10.199129][    T1] usbcore: registered new interface driver aircable
[   10.200127][    T1] usbserial: USB Serial support registered for aircable
[   10.200938][    T1] usbcore: registered new interface driver ark3116
[   10.201701][    T1] usbserial: USB Serial support registered for ark3116
[   10.202497][    T1] usbcore: registered new interface driver belkin_sa
[   10.203276][    T1] usbserial: USB Serial support registered for Belkin / Peracom / GoHubs USB Serial Adapter
[   10.204447][    T1] usbcore: registered new interface driver ch341
[   10.205179][    T1] usbserial: USB Serial support registered for ch341-uart
[   10.206007][    T1] usbcore: registered new interface driver cp210x
[   10.206782][    T1] usbserial: USB Serial support registered for cp210x
[   10.207580][    T1] usbcore: registered new interface driver cyberjack
[   10.208350][    T1] usbserial: USB Serial support registered for Reiner SCT Cyberjack USB card reader
[   10.209427][    T1] usbcore: registered new interface driver cypress_m8
[   10.210207][    T1] usbserial: USB Serial support registered for DeLorme Earthmate USB
[   10.211125][    T1] usbserial: USB Serial support registered for HID->COM RS232 Adapter
[   10.212062][    T1] usbserial: USB Serial support registered for Nokia CA-42 V2 Adapter
[   10.213002][    T1] usbcore: registered new interface driver usb_debug
[   10.213771][    T1] usbserial: USB Serial support registered for debug
[   10.214586][  T970] ata2: found unknown device (class 0)
[   10.215499][    T1] usbserial: USB Serial support registered for xhci_dbc
[   10.215965][  T970] ata2.00: ATAPI: QEMU DVD-ROM, 2.5+, max UDMA/100
[   10.216373][    T1] usbcore: registered new interface driver digi_acceleport
[   10.218045][    T1] usbserial: USB Serial support registered for Digi 2 port USB adapter
[   10.219116][    T1] usbserial: USB Serial support registered for Digi 4 port USB adapter
[   10.220252][   T39] scsi 1:0:0:0: CD-ROM            QEMU     QEMU DVD-ROM     2.5+ PQ: 0 ANSI: 5
[   10.220258][    T1] usbcore: registered new interface driver io_edgeport
[   10.221275][    T1] usbserial: USB Serial support registered for Edgeport 2 port adapter
[   10.223090][    T1] usbserial: USB Serial support registered for Edgeport 4 port adapter
[   10.224186][    T1] usbserial: USB Serial support registered for Edgeport 8 port adapter
[   10.225378][    T1] usbserial: USB Serial support registered for EPiC device
[   10.226828][    T1] usbcore: registered new interface driver io_ti
[   10.227578][    T1] usbserial: USB Serial support registered for Edgeport TI 1 port adapter
[   10.228555][    T1] usbserial: USB Serial support registered for Edgeport TI 2 port adapter
[   10.229530][    T1] usbcore: registered new interface driver empeg
[   10.230262][    T1] usbserial: USB Serial support registered for empeg
[   10.231060][    T1] usbcore: registered new interface driver f81534a_ctrl
[   10.231885][    T1] usbcore: registered new interface driver f81232
[   10.232637][    T1] usbserial: USB Serial support registered for f81232
[   10.233417][    T1] usbserial: USB Serial support registered for f81534a
[   10.234219][    T1] usbcore: registered new interface driver f81534
[   10.235122][    T1] usbserial: USB Serial support registered for Fintek F81532/F81534
[   10.236052][    T1] usbcore: registered new interface driver ftdi_sio
[   10.236815][    T1] usbserial: USB Serial support registered for FTDI USB Serial Device
[   10.237765][    T1] usbcore: registered new interface driver garmin_gps
[   10.238552][    T1] usbserial: USB Serial support registered for Garmin GPS usb/tty
[   10.239459][    T1] usbcore: registered new interface driver ipaq
[   10.240183][    T1] usbserial: USB Serial support registered for PocketPC PDA
[   10.241030][    T1] usbcore: registered new interface driver ipw
[   10.241746][    T1] usbserial: USB Serial support registered for IPWireless converter
[   10.242666][    T1] usbcore: registered new interface driver ir_usb
[   10.243419][    T1] usbserial: USB Serial support registered for IR Dongle
[   10.244234][    T1] usbcore: registered new interface driver iuu_phoenix
[   10.245056][    T1] usbserial: USB Serial support registered for iuu_phoenix
[   10.245901][    T1] usbcore: registered new interface driver keyspan
[   10.246653][    T1] usbserial: USB Serial support registered for Keyspan - (without firmware)
[   10.247649][    T1] usbserial: USB Serial support registered for Keyspan 1 port adapter
[   10.248584][    T1] usbserial: USB Serial support registered for Keyspan 2 port adapter
[   10.249517][    T1] usbserial: USB Serial support registered for Keyspan 4 port adapter
[   10.250456][    T1] usbcore: registered new interface driver keyspan_pda
[   10.251252][    T1] usbserial: USB Serial support registered for Keyspan PDA
[   10.253020][    T1] usbserial: USB Serial support registered for Keyspan PDA - (prerenumeration)
[   10.255138][    T1] usbcore: registered new interface driver kl5kusb105
[   10.256197][    T1] usbserial: USB Serial support registered for KL5KUSB105D / PalmConnect
[   10.257200][    T1] usbcore: registered new interface driver kobil_sct
[   10.257995][    T1] usbserial: USB Serial support registered for KOBIL USB smart card terminal
[   10.259029][    T1] usbcore: registered new interface driver mct_u232
[   10.259824][    T1] usbserial: USB Serial support registered for MCT U232
[   10.260658][    T1] usbcore: registered new interface driver metro_usb
[   10.261449][    T1] usbserial: USB Serial support registered for Metrologic USB to Serial
[   10.262433][    T1] usbcore: registered new interface driver mos7720
[   10.263208][    T1] usbserial: USB Serial support registered for Moschip 2 port adapter
[   10.264185][    T1] usbcore: registered new interface driver mos7840
[   10.265061][    T1] usbserial: USB Serial support registered for Moschip 7840/7820 USB Serial Driver
[   10.266155][    T1] usbcore: registered new interface driver mxuport
[   10.266933][    T1] usbserial: USB Serial support registered for MOXA UPort
[   10.267797][    T1] usbcore: registered new interface driver navman
[   10.268559][    T1] usbserial: USB Serial support registered for navman
[   10.269373][    T1] usbcore: registered new interface driver omninet
[   10.270145][    T1] usbserial: USB Serial support registered for ZyXEL - omni.net usb
[   10.271099][    T1] usbcore: registered new interface driver opticon
[   10.271880][    T1] usbserial: USB Serial support registered for opticon
[   10.272851][    T1] usbcore: registered new interface driver option
[   10.273615][    T1] usbserial: USB Serial support registered for GSM modem (1-port)
[   10.274567][    T1] usbcore: registered new interface driver oti6858
[   10.275393][    T1] usbserial: USB Serial support registered for oti6858
[   10.276218][    T1] usbcore: registered new interface driver pl2303
[   10.276988][    T1] usbserial: USB Serial support registered for pl2303
[   10.277800][    T1] usbcore: registered new interface driver qcaux
[   10.278553][    T1] usbserial: USB Serial support registered for qcaux
[   10.279362][    T1] usbcore: registered new interface driver qcserial
[   10.280165][    T1] usbserial: USB Serial support registered for Qualcomm USB modem
[   10.281090][    T1] usbcore: registered new interface driver quatech2
[   10.281872][    T1] usbserial: USB Serial support registered for Quatech 2nd gen USB to Serial Driver
[   10.282969][    T1] usbcore: registered new interface driver safe_serial
[   10.283791][    T1] usbserial: USB Serial support registered for safe_serial
[   10.284686][    T1] usbcore: registered new interface driver sierra
[   10.285452][    T1] usbserial: USB Serial support registered for Sierra USB modem
[   10.286364][    T1] usbcore: registered new interface driver usb_serial_simple
[   10.287238][    T1] usbserial: USB Serial support registered for carelink
[   10.288064][    T1] usbserial: USB Serial support registered for zio
[   10.288835][    T1] usbserial: USB Serial support registered for funsoft
[   10.289652][    T1] usbserial: USB Serial support registered for flashloader
[   10.290502][    T1] usbserial: USB Serial support registered for google
[   10.291310][    T1] usbserial: USB Serial support registered for libtransistor
[   10.292274][    T1] usbserial: USB Serial support registered for vivopay
[   10.293092][    T1] usbserial: USB Serial support registered for moto_modem
[   10.293934][    T1] usbserial: USB Serial support registered for motorola_tetra
[   10.294839][    T1] usbserial: USB Serial support registered for nokia
[   10.295638][    T1] usbserial: USB Serial support registered for novatel_gps
[   10.296493][    T1] usbserial: USB Serial support registered for hp4x
[   10.297274][    T1] usbserial: USB Serial support registered for suunto
[   10.298080][    T1] usbserial: USB Serial support registered for siemens_mpi
[   10.298939][    T1] usbcore: registered new interface driver spcp8x5
[   10.299722][    T1] usbserial: USB Serial support registered for SPCP8x5
[   10.300541][    T1] usbcore: registered new interface driver ssu100
[   10.301306][    T1] usbserial: USB Serial support registered for Quatech SSU-100 USB to Serial Driver
[   10.302411][    T1] usbcore: registered new interface driver symbolserial
[   10.303246][    T1] usbserial: USB Serial support registered for symbol
[   10.304053][    T1] usbcore: registered new interface driver ti_usb_3410_5052
[   10.304935][    T1] usbserial: USB Serial support registered for TI USB 3410 1 port adapter
[   10.305927][    T1] usbserial: USB Serial support registered for TI USB 5052 2 port adapter
[   10.306935][    T1] usbcore: registered new interface driver upd78f0730
[   10.307747][    T1] usbserial: USB Serial support registered for upd78f0730
[   10.308601][    T1] usbcore: registered new interface driver visor
[   10.309363][    T1] usbserial: USB Serial support registered for Handspring Visor / Palm OS
[   10.310374][    T1] usbserial: USB Serial support registered for Sony Clie 5.0
[   10.311258][    T1] usbserial: USB Serial support registered for Sony Clie 3.5
[   10.312138][    T1] usbcore: registered new interface driver wishbone_serial
[   10.312992][    T1] usbserial: USB Serial support registered for wishbone_serial
[   10.313902][    T1] usbcore: registered new interface driver whiteheat
[   10.314764][    T1] usbserial: USB Serial support registered for Connect Tech - WhiteHEAT - (prerenumeration)
[   10.315959][    T1] usbserial: USB Serial support registered for Connect Tech - WhiteHEAT
[   10.316947][    T1] usbcore: registered new interface driver xr_serial
[   10.317748][    T1] usbserial: USB Serial support registered for xr_serial
[   10.318588][    T1] usbcore: registered new interface driver xsens_mt
[   10.319378][    T1] usbserial: USB Serial support registered for xsens_mt
[   10.320223][    T1] usbcore: registered new interface driver adutux
[   10.321005][    T1] usbcore: registered new interface driver appledisplay
[   10.322007][    T1] usbcore: registered new interface driver cypress_cy7c63
[   10.322859][    T1] usbcore: registered new interface driver cytherm
[   10.323649][    T1] usbcore: registered new interface driver emi26 - firmware loader
[   10.324630][    T1] usbcore: registered new interface driver emi62 - firmware loader
[   10.325516][    T1] ftdi_elan: driver ftdi-elan
[   10.326106][    T1] usbcore: registered new interface driver ftdi-elan
[   10.326909][    T1] usbcore: registered new interface driver idmouse
[   10.327704][    T1] usbcore: registered new interface driver iowarrior
[   10.328525][    T1] usbcore: registered new interface driver isight_firmware
[   10.329386][    T1] usbcore: registered new interface driver usblcd
[   10.330162][    T1] usbcore: registered new interface driver ldusb
[   10.330939][    T1] usbcore: registered new interface driver legousbtower
[   10.331783][    T1] usbcore: registered new interface driver usbtest
[   10.332576][    T1] usbcore: registered new interface driver usb_ehset_test
[   10.333437][    T1] usbcore: registered new interface driver trancevibrator
[   10.334315][    T1] usbcore: registered new interface driver uss720
[   10.335281][    T1] uss720: USB Parport Cable driver for Cables using the Lucent Technologies USS720 Chip
[   10.336384][    T1] uss720: NOTE: this is a special purpose driver to allow nonstandard
[   10.337301][    T1] uss720: protocols (eg. bitbang) over USS720 usb to parallel cables
[   10.338202][    T1] uss720: If you just want to connect to a printer, use usblp instead
[   10.339409][    T1] usbcore: registered new interface driver usbsevseg
[   10.340249][    T1] usbcore: registered new interface driver yurex
[   10.341226][    T1] usbcore: registered new interface driver chaoskey
[   10.342037][    T1] usbcore: registered new interface driver sisusb
[   10.342823][    T1] usbcore: registered new interface driver lvs
[   10.343589][    T1] usbcore: registered new interface driver cxacru
[   10.344476][    T1] usbcore: registered new interface driver speedtch
[   10.345478][    T1] usbcore: registered new interface driver ueagle-atm
[   10.346250][    T1] xusbatm: malformed module parameters
[   10.347718][    T1] dummy_hcd dummy_hcd.0: USB Host+Gadget Emulator, driver 02 May 2005
[   10.348660][    T1] dummy_hcd dummy_hcd.0: Dummy host controller
[   10.350124][    T1] dummy_hcd dummy_hcd.0: new USB bus registered, assigned bus number 1
[   10.351639][    T1] usb usb1: New USB device found, idVendor=1d6b, idProduct=0002, bcdDevice= 6.02
[   10.352699][    T1] usb usb1: New USB device strings: Mfr=3, Product=2, SerialNumber=1
[   10.353605][    T1] usb usb1: Product: Dummy host controller
[   10.354258][    T1] usb usb1: Manufacturer: Linux 6.2.0-rc8-00083-g3ac88fa4605e-dirty dummy_hcd
[   10.355288][    T1] usb usb1: SerialNumber: dummy_hcd.0
[   10.357421][    T1] hub 1-0:1.0: USB hub found
[   10.358107][    T1] hub 1-0:1.0: 1 port detected
[   10.361999][    T1] gadgetfs: USB Gadget filesystem, version 24 Aug 2004
[   10.365436][    T1] vhci_hcd vhci_hcd.0: USB/IP Virtual Host Controller
[   10.366663][    T1] vhci_hcd vhci_hcd.0: new USB bus registered, assigned bus number 2
[   10.367834][    T1] vhci_hcd: created sysfs vhci_hcd.0
[   10.368805][    T1] usb usb2: New USB device found, idVendor=1d6b, idProduct=0002, bcdDevice= 6.02
[   10.369878][    T1] usb usb2: New USB device strings: Mfr=3, Product=2, SerialNumber=1
[   10.370816][    T1] usb usb2: Product: USB/IP Virtual Host Controller
[   10.371595][    T1] usb usb2: Manufacturer: Linux 6.2.0-rc8-00083-g3ac88fa4605e-dirty vhci_hcd
[   10.372623][    T1] usb usb2: SerialNumber: vhci_hcd.0
[   10.375663][    T1] hub 2-0:1.0: USB hub found
[   10.376335][    T1] hub 2-0:1.0: 8 ports detected
[   10.379769][    T1] vhci_hcd vhci_hcd.0: USB/IP Virtual Host Controller
[   10.380932][    T1] vhci_hcd vhci_hcd.0: new USB bus registered, assigned bus number 3
[   10.382029][    T1] usb usb3: We don't know the algorithms for LPM for this host, disabling LPM.
[   10.383389][    T1] usb usb3: New USB device found, idVendor=1d6b, idProduct=0003, bcdDevice= 6.02
[   10.385832][    T1] usb usb3: New USB device strings: Mfr=3, Product=2, SerialNumber=1
[   10.386782][    T1] usb usb3: Product: USB/IP Virtual Host Controller
[   10.387563][    T1] usb usb3: Manufacturer: Linux 6.2.0-rc8-00083-g3ac88fa4605e-dirty vhci_hcd
[   10.388600][    T1] usb usb3: SerialNumber: vhci_hcd.0
[   10.390499][    T1] hub 3-0:1.0: USB hub found
[   10.391132][    T1] hub 3-0:1.0: 8 ports detected
[   10.395574][    T1] vhci_hcd vhci_hcd.1: USB/IP Virtual Host Controller
[   10.396722][   T39] sr 1:0:0:0: [sr0] scsi3-mmc drive: 4x/4x cd/rw xa/form2 tray
[   10.397250][    T1] vhci_hcd vhci_hcd.1: new USB bus registered, assigned bus number 4
[   10.397610][   T39] cdrom: Uniform CD-ROM driver Revision: 3.20
[   10.398878][    T1] usb usb4: New USB device found, idVendor=1d6b, idProduct=0002, bcdDevice= 6.02
[   10.400407][    T1] usb usb4: New USB device strings: Mfr=3, Product=2, SerialNumber=1
[   10.401355][    T1] usb usb4: Product: USB/IP Virtual Host Controller
[   10.402138][    T1] usb usb4: Manufacturer: Linux 6.2.0-rc8-00083-g3ac88fa4605e-dirty vhci_hcd
[   10.403154][    T1] usb usb4: SerialNumber: vhci_hcd.1
[   10.405084][    T1] hub 4-0:1.0: USB hub found
[   10.405714][    T1] hub 4-0:1.0: 8 ports detected
[   10.409053][    T1] vhci_hcd vhci_hcd.1: USB/IP Virtual Host Controller
[   10.410153][    T1] vhci_hcd vhci_hcd.1: new USB bus registered, assigned bus number 5
[   10.411256][    T1] usb usb5: We don't know the algorithms for LPM for this host, disabling LPM.
[   10.412576][    T1] usb usb5: New USB device found, idVendor=1d6b, idProduct=0003, bcdDevice= 6.02
[   10.413652][    T1] usb usb5: New USB device strings: Mfr=3, Product=2, SerialNumber=1
[   10.414772][    T1] usb usb5: Product: USB/IP Virtual Host Controller
[   10.415563][    T1] usb usb5: Manufacturer: Linux 6.2.0-rc8-00083-g3ac88fa4605e-dirty vhci_hcd
[   10.416592][    T1] usb usb5: SerialNumber: vhci_hcd.1
[   10.418174][    T1] hub 5-0:1.0: USB hub found
[   10.418795][    T1] hub 5-0:1.0: 8 ports detected
[   10.422757][    T1] vhci_hcd vhci_hcd.2: USB/IP Virtual Host Controller
[   10.423872][    T1] vhci_hcd vhci_hcd.2: new USB bus registered, assigned bus number 6
[   10.425187][    T1] usb usb6: New USB device found, idVendor=1d6b, idProduct=0002, bcdDevice= 6.02
[   10.426259][    T1] usb usb6: New USB device strings: Mfr=3, Product=2, SerialNumber=1
[   10.427219][    T1] usb usb6: Product: USB/IP Virtual Host Controller
[   10.428004][    T1] usb usb6: Manufacturer: Linux 6.2.0-rc8-00083-g3ac88fa4605e-dirty vhci_hcd
[   10.429034][    T1] usb usb6: SerialNumber: vhci_hcd.2
[   10.430597][    T1] hub 6-0:1.0: USB hub found
[   10.431539][    T1] hub 6-0:1.0: 8 ports detected
[   10.435142][    T1] vhci_hcd vhci_hcd.2: USB/IP Virtual Host Controller
[   10.436780][    T1] vhci_hcd vhci_hcd.2: new USB bus registered, assigned bus number 7
[   10.437860][    T1] usb usb7: We don't know the algorithms for LPM for this host, disabling LPM.
[   10.439328][    T1] usb usb7: New USB device found, idVendor=1d6b, idProduct=0003, bcdDevice= 6.02
[   10.440027][   T39] sr 1:0:0:0: Attached scsi generic sg0 type 5
[   10.440402][    T1] usb usb7: New USB device strings: Mfr=3, Product=2, SerialNumber=1
[   10.442038][    T1] usb usb7: Product: USB/IP Virtual Host Controller
[   10.442807][    T1] usb usb7: Manufacturer: Linux 6.2.0-rc8-00083-g3ac88fa4605e-dirty vhci_hcd
[   10.443833][    T1] usb usb7: SerialNumber: vhci_hcd.2
[   10.445748][    T1] hub 7-0:1.0: USB hub found
[   10.446361][    T1] hub 7-0:1.0: 8 ports detected
[   10.450372][    T1] vhci_hcd vhci_hcd.3: USB/IP Virtual Host Controller
[   10.451495][    T1] vhci_hcd vhci_hcd.3: new USB bus registered, assigned bus number 8
[   10.452759][    T1] usb usb8: New USB device found, idVendor=1d6b, idProduct=0002, bcdDevice= 6.02
[   10.453837][    T1] usb usb8: New USB device strings: Mfr=3, Product=2, SerialNumber=1
[   10.454822][    T1] usb usb8: Product: USB/IP Virtual Host Controller
[   10.455610][    T1] usb usb8: Manufacturer: Linux 6.2.0-rc8-00083-g3ac88fa4605e-dirty vhci_hcd
[   10.456636][    T1] usb usb8: SerialNumber: vhci_hcd.3
[   10.458178][    T1] hub 8-0:1.0: USB hub found
[   10.458796][    T1] hub 8-0:1.0: 8 ports detected
[   10.462032][    T1] vhci_hcd vhci_hcd.3: USB/IP Virtual Host Controller
[   10.463153][    T1] vhci_hcd vhci_hcd.3: new USB bus registered, assigned bus number 9
[   10.464245][    T1] usb usb9: We don't know the algorithms for LPM for this host, disabling LPM.
[   10.465604][    T1] usb usb9: New USB device found, idVendor=1d6b, idProduct=0003, bcdDevice= 6.02
[   10.466689][    T1] usb usb9: New USB device strings: Mfr=3, Product=2, SerialNumber=1
[   10.467661][    T1] usb usb9: Product: USB/IP Virtual Host Controller
[   10.468441][    T1] usb usb9: Manufacturer: Linux 6.2.0-rc8-00083-g3ac88fa4605e-dirty vhci_hcd
[   10.469483][    T1] usb usb9: SerialNumber: vhci_hcd.3
[   10.471066][    T1] hub 9-0:1.0: USB hub found
[   10.471692][    T1] hub 9-0:1.0: 8 ports detected
[   10.475945][    T1] vhci_hcd vhci_hcd.4: USB/IP Virtual Host Controller
[   10.477042][    T1] vhci_hcd vhci_hcd.4: new USB bus registered, assigned bus number 10
[   10.478327][    T1] usb usb10: New USB device found, idVendor=1d6b, idProduct=0002, bcdDevice= 6.02
[   10.479432][    T1] usb usb10: New USB device strings: Mfr=3, Product=2, SerialNumber=1
[   10.480399][    T1] usb usb10: Product: USB/IP Virtual Host Controller
[   10.481193][    T1] usb usb10: Manufacturer: Linux 6.2.0-rc8-00083-g3ac88fa4605e-dirty vhci_hcd
[   10.482241][    T1] usb usb10: SerialNumber: vhci_hcd.4
[   10.484059][    T1] hub 10-0:1.0: USB hub found
[   10.484915][    T1] hub 10-0:1.0: 8 ports detected
[   10.488196][    T1] vhci_hcd vhci_hcd.4: USB/IP Virtual Host Controller
[   10.489341][    T1] vhci_hcd vhci_hcd.4: new USB bus registered, assigned bus number 11
[   10.490437][    T1] usb usb11: We don't know the algorithms for LPM for this host, disabling LPM.
[   10.491781][    T1] usb usb11: New USB device found, idVendor=1d6b, idProduct=0003, bcdDevice= 6.02
[   10.492868][    T1] usb usb11: New USB device strings: Mfr=3, Product=2, SerialNumber=1
[   10.493834][    T1] usb usb11: Product: USB/IP Virtual Host Controller
[   10.494649][    T1] usb usb11: Manufacturer: Linux 6.2.0-rc8-00083-g3ac88fa4605e-dirty vhci_hcd
[   10.495695][    T1] usb usb11: SerialNumber: vhci_hcd.4
[   10.497340][    T1] hub 11-0:1.0: USB hub found
[   10.497963][    T1] hub 11-0:1.0: 8 ports detected
[   10.501898][    T1] vhci_hcd vhci_hcd.5: USB/IP Virtual Host Controller
[   10.503011][    T1] vhci_hcd vhci_hcd.5: new USB bus registered, assigned bus number 12
[   10.504310][    T1] usb usb12: New USB device found, idVendor=1d6b, idProduct=0002, bcdDevice= 6.02
[   10.505439][    T1] usb usb12: New USB device strings: Mfr=3, Product=2, SerialNumber=1
[   10.506401][    T1] usb usb12: Product: USB/IP Virtual Host Controller
[   10.507185][    T1] usb usb12: Manufacturer: Linux 6.2.0-rc8-00083-g3ac88fa4605e-dirty vhci_hcd
[   10.508238][    T1] usb usb12: SerialNumber: vhci_hcd.5
[   10.509916][    T1] hub 12-0:1.0: USB hub found
[   10.510547][    T1] hub 12-0:1.0: 8 ports detected
[   10.513793][    T1] vhci_hcd vhci_hcd.5: USB/IP Virtual Host Controller
[   10.514952][    T1] vhci_hcd vhci_hcd.5: new USB bus registered, assigned bus number 13
[   10.516055][    T1] usb usb13: We don't know the algorithms for LPM for this host, disabling LPM.
[   10.517401][    T1] usb usb13: New USB device found, idVendor=1d6b, idProduct=0003, bcdDevice= 6.02
[   10.518480][    T1] usb usb13: New USB device strings: Mfr=3, Product=2, SerialNumber=1
[   10.519441][    T1] usb usb13: Product: USB/IP Virtual Host Controller
[   10.520228][    T1] usb usb13: Manufacturer: Linux 6.2.0-rc8-00083-g3ac88fa4605e-dirty vhci_hcd
[   10.521260][    T1] usb usb13: SerialNumber: vhci_hcd.5
[   10.522933][    T1] hub 13-0:1.0: USB hub found
[   10.523584][    T1] hub 13-0:1.0: 8 ports detected
[   10.527659][    T1] vhci_hcd vhci_hcd.6: USB/IP Virtual Host Controller
[   10.528765][    T1] vhci_hcd vhci_hcd.6: new USB bus registered, assigned bus number 14
[   10.530046][    T1] usb usb14: New USB device found, idVendor=1d6b, idProduct=0002, bcdDevice= 6.02
[   10.531123][    T1] usb usb14: New USB device strings: Mfr=3, Product=2, SerialNumber=1
[   10.532087][    T1] usb usb14: Product: USB/IP Virtual Host Controller
[   10.532876][    T1] usb usb14: Manufacturer: Linux 6.2.0-rc8-00083-g3ac88fa4605e-dirty vhci_hcd
[   10.533923][    T1] usb usb14: SerialNumber: vhci_hcd.6
[   10.535655][    T1] hub 14-0:1.0: USB hub found
[   10.536294][    T1] hub 14-0:1.0: 8 ports detected
[   10.539557][    T1] vhci_hcd vhci_hcd.6: USB/IP Virtual Host Controller
[   10.540713][    T1] vhci_hcd vhci_hcd.6: new USB bus registered, assigned bus number 15
[   10.541821][    T1] usb usb15: We don't know the algorithms for LPM for this host, disabling LPM.
[   10.543149][    T1] usb usb15: New USB device found, idVendor=1d6b, idProduct=0003, bcdDevice= 6.02
[   10.544247][    T1] usb usb15: New USB device strings: Mfr=3, Product=2, SerialNumber=1
[   10.545237][    T1] usb usb15: Product: USB/IP Virtual Host Controller
[   10.546019][    T1] usb usb15: Manufacturer: Linux 6.2.0-rc8-00083-g3ac88fa4605e-dirty vhci_hcd
[   10.547058][    T1] usb usb15: SerialNumber: vhci_hcd.6
[   10.548740][    T1] hub 15-0:1.0: USB hub found
[   10.549365][    T1] hub 15-0:1.0: 8 ports detected
[   10.553304][    T1] vhci_hcd vhci_hcd.7: USB/IP Virtual Host Controller
[   10.554526][    T1] vhci_hcd vhci_hcd.7: new USB bus registered, assigned bus number 16
[   10.556014][    T1] usb usb16: New USB device found, idVendor=1d6b, idProduct=0002, bcdDevice= 6.02
[   10.557104][    T1] usb usb16: New USB device strings: Mfr=3, Product=2, SerialNumber=1
[   10.558072][    T1] usb usb16: Product: USB/IP Virtual Host Controller
[   10.558856][    T1] usb usb16: Manufacturer: Linux 6.2.0-rc8-00083-g3ac88fa4605e-dirty vhci_hcd
[   10.559902][    T1] usb usb16: SerialNumber: vhci_hcd.7
[   10.561577][    T1] hub 16-0:1.0: USB hub found
[   10.562205][    T1] hub 16-0:1.0: 8 ports detected
[   10.565502][    T1] vhci_hcd vhci_hcd.7: USB/IP Virtual Host Controller
[   10.566655][    T1] vhci_hcd vhci_hcd.7: new USB bus registered, assigned bus number 17
[   10.567756][    T1] usb usb17: We don't know the algorithms for LPM for this host, disabling LPM.
[   10.569069][    T1] usb usb17: New USB device found, idVendor=1d6b, idProduct=0003, bcdDevice= 6.02
[   10.570154][    T1] usb usb17: New USB device strings: Mfr=3, Product=2, SerialNumber=1
[   10.571119][    T1] usb usb17: Product: USB/IP Virtual Host Controller
[   10.571913][    T1] usb usb17: Manufacturer: Linux 6.2.0-rc8-00083-g3ac88fa4605e-dirty vhci_hcd
[   10.572949][    T1] usb usb17: SerialNumber: vhci_hcd.7
[   10.574657][    T1] hub 17-0:1.0: USB hub found
[   10.575300][    T1] hub 17-0:1.0: 8 ports detected
[   10.579208][    T1] vhci_hcd vhci_hcd.8: USB/IP Virtual Host Controller
[   10.580319][    T1] vhci_hcd vhci_hcd.8: new USB bus registered, assigned bus number 18
[   10.581588][    T1] usb usb18: New USB device found, idVendor=1d6b, idProduct=0002, bcdDevice= 6.02
[   10.582678][    T1] usb usb18: New USB device strings: Mfr=3, Product=2, SerialNumber=1
[   10.583654][    T1] usb usb18: Product: USB/IP Virtual Host Controller
[   10.584478][    T1] usb usb18: Manufacturer: Linux 6.2.0-rc8-00083-g3ac88fa4605e-dirty vhci_hcd
[   10.585523][    T1] usb usb18: SerialNumber: vhci_hcd.8
[   10.587196][    T1] hub 18-0:1.0: USB hub found
[   10.587842][    T1] hub 18-0:1.0: 8 ports detected
[   10.591096][    T1] vhci_hcd vhci_hcd.8: USB/IP Virtual Host Controller
[   10.592263][    T1] vhci_hcd vhci_hcd.8: new USB bus registered, assigned bus number 19
[   10.593358][    T1] usb usb19: We don't know the algorithms for LPM for this host, disabling LPM.
[   10.594798][    T1] usb usb19: New USB device found, idVendor=1d6b, idProduct=0003, bcdDevice= 6.02
[   10.595911][    T1] usb usb19: New USB device strings: Mfr=3, Product=2, SerialNumber=1
[   10.596879][    T1] usb usb19: Product: USB/IP Virtual Host Controller
[   10.597671][    T1] usb usb19: Manufacturer: Linux 6.2.0-rc8-00083-g3ac88fa4605e-dirty vhci_hcd
[   10.598701][    T1] usb usb19: SerialNumber: vhci_hcd.8
[   10.600380][    T1] hub 19-0:1.0: USB hub found
[   10.601011][    T1] hub 19-0:1.0: 8 ports detected
[   10.604992][    T1] vhci_hcd vhci_hcd.9: USB/IP Virtual Host Controller
[   10.606338][    T1] vhci_hcd vhci_hcd.9: new USB bus registered, assigned bus number 20
[   10.607656][    T1] usb usb20: New USB device found, idVendor=1d6b, idProduct=0002, bcdDevice= 6.02
[   10.608742][    T1] usb usb20: New USB device strings: Mfr=3, Product=2, SerialNumber=1
[   10.609690][    T1] usb usb20: Product: USB/IP Virtual Host Controller
[   10.610468][    T1] usb usb20: Manufacturer: Linux 6.2.0-rc8-00083-g3ac88fa4605e-dirty vhci_hcd
[   10.611508][    T1] usb usb20: SerialNumber: vhci_hcd.9
[   10.613160][    T1] hub 20-0:1.0: USB hub found
[   10.613790][    T1] hub 20-0:1.0: 8 ports detected
[   10.617257][    T1] vhci_hcd vhci_hcd.9: USB/IP Virtual Host Controller
[   10.618382][    T1] vhci_hcd vhci_hcd.9: new USB bus registered, assigned bus number 21
[   10.619473][    T1] usb usb21: We don't know the algorithms for LPM for this host, disabling LPM.
[   10.620797][    T1] usb usb21: New USB device found, idVendor=1d6b, idProduct=0003, bcdDevice= 6.02
[   10.621879][    T1] usb usb21: New USB device strings: Mfr=3, Product=2, SerialNumber=1
[   10.622831][    T1] usb usb21: Product: USB/IP Virtual Host Controller
[   10.623621][    T1] usb usb21: Manufacturer: Linux 6.2.0-rc8-00083-g3ac88fa4605e-dirty vhci_hcd
[   10.624683][    T1] usb usb21: SerialNumber: vhci_hcd.9
[   10.626556][    T1] hub 21-0:1.0: USB hub found
[   10.627189][    T1] hub 21-0:1.0: 8 ports detected
[   10.631144][    T1] vhci_hcd vhci_hcd.10: USB/IP Virtual Host Controller
[   10.632301][    T1] vhci_hcd vhci_hcd.10: new USB bus registered, assigned bus number 22
[   10.633595][    T1] usb usb22: New USB device found, idVendor=1d6b, idProduct=0002, bcdDevice= 6.02
[   10.634713][    T1] usb usb22: New USB device strings: Mfr=3, Product=2, SerialNumber=1
[   10.635671][    T1] usb usb22: Product: USB/IP Virtual Host Controller
[   10.636459][    T1] usb usb22: Manufacturer: Linux 6.2.0-rc8-00083-g3ac88fa4605e-dirty vhci_hcd
[   10.637498][    T1] usb usb22: SerialNumber: vhci_hcd.10
[   10.639152][    T1] hub 22-0:1.0: USB hub found
[   10.639784][    T1] hub 22-0:1.0: 8 ports detected
[   10.643036][    T1] vhci_hcd vhci_hcd.10: USB/IP Virtual Host Controller
[   10.644186][    T1] vhci_hcd vhci_hcd.10: new USB bus registered, assigned bus number 23
[   10.645424][    T1] usb usb23: We don't know the algorithms for LPM for this host, disabling LPM.
[   10.646760][    T1] usb usb23: New USB device found, idVendor=1d6b, idProduct=0003, bcdDevice= 6.02
[   10.647854][    T1] usb usb23: New USB device strings: Mfr=3, Product=2, SerialNumber=1
[   10.648815][    T1] usb usb23: Product: USB/IP Virtual Host Controller
[   10.649598][    T1] usb usb23: Manufacturer: Linux 6.2.0-rc8-00083-g3ac88fa4605e-dirty vhci_hcd
[   10.650630][    T1] usb usb23: SerialNumber: vhci_hcd.10
[   10.652296][    T1] hub 23-0:1.0: USB hub found
[   10.652933][    T1] hub 23-0:1.0: 8 ports detected
[   10.656914][    T1] vhci_hcd vhci_hcd.11: USB/IP Virtual Host Controller
[   10.658035][    T1] vhci_hcd vhci_hcd.11: new USB bus registered, assigned bus number 24
[   10.659345][    T1] usb usb24: New USB device found, idVendor=1d6b, idProduct=0002, bcdDevice= 6.02
[   10.660429][    T1] usb usb24: New USB device strings: Mfr=3, Product=2, SerialNumber=1
[   10.661378][    T1] usb usb24: Product: USB/IP Virtual Host Controller
[   10.662170][    T1] usb usb24: Manufacturer: Linux 6.2.0-rc8-00083-g3ac88fa4605e-dirty vhci_hcd
[   10.663202][    T1] usb usb24: SerialNumber: vhci_hcd.11
[   10.665864][    T1] hub 24-0:1.0: USB hub found
[   10.666483][    T1] hub 24-0:1.0: 8 ports detected
[   10.669721][    T1] vhci_hcd vhci_hcd.11: USB/IP Virtual Host Controller
[   10.670859][    T1] vhci_hcd vhci_hcd.11: new USB bus registered, assigned bus number 25
[   10.671966][    T1] usb usb25: We don't know the algorithms for LPM for this host, disabling LPM.
[   10.673283][    T1] usb usb25: New USB device found, idVendor=1d6b, idProduct=0003, bcdDevice= 6.02
[   10.674420][    T1] usb usb25: New USB device strings: Mfr=3, Product=2, SerialNumber=1
[   10.675385][    T1] usb usb25: Product: USB/IP Virtual Host Controller
[   10.676175][    T1] usb usb25: Manufacturer: Linux 6.2.0-rc8-00083-g3ac88fa4605e-dirty vhci_hcd
[   10.677210][    T1] usb usb25: SerialNumber: vhci_hcd.11
[   10.678885][    T1] hub 25-0:1.0: USB hub found
[   10.679532][    T1] hub 25-0:1.0: 8 ports detected
[   10.683471][    T1] vhci_hcd vhci_hcd.12: USB/IP Virtual Host Controller
[   10.684615][    T1] vhci_hcd vhci_hcd.12: new USB bus registered, assigned bus number 26
[   10.685906][    T1] usb usb26: New USB device found, idVendor=1d6b, idProduct=0002, bcdDevice= 6.02
[   10.686997][    T1] usb usb26: New USB device strings: Mfr=3, Product=2, SerialNumber=1
[   10.687968][    T1] usb usb26: Product: USB/IP Virtual Host Controller
[   10.688751][    T1] usb usb26: Manufacturer: Linux 6.2.0-rc8-00083-g3ac88fa4605e-dirty vhci_hcd
[   10.689783][    T1] usb usb26: SerialNumber: vhci_hcd.12
[   10.691774][    T1] hub 26-0:1.0: USB hub found
[   10.692404][    T1] hub 26-0:1.0: 8 ports detected
[   10.695762][    T1] vhci_hcd vhci_hcd.12: USB/IP Virtual Host Controller
[   10.696914][    T1] vhci_hcd vhci_hcd.12: new USB bus registered, assigned bus number 27
[   10.698019][    T1] usb usb27: We don't know the algorithms for LPM for this host, disabling LPM.
[   10.699346][    T1] usb usb27: New USB device found, idVendor=1d6b, idProduct=0003, bcdDevice= 6.02
[   10.700433][    T1] usb usb27: New USB device strings: Mfr=3, Product=2, SerialNumber=1
[   10.701390][    T1] usb usb27: Product: USB/IP Virtual Host Controller
[   10.702173][    T1] usb usb27: Manufacturer: Linux 6.2.0-rc8-00083-g3ac88fa4605e-dirty vhci_hcd
[   10.703221][    T1] usb usb27: SerialNumber: vhci_hcd.12
[   10.706087][    T1] hub 27-0:1.0: USB hub found
[   10.706723][    T1] hub 27-0:1.0: 8 ports detected
[   10.710665][    T1] vhci_hcd vhci_hcd.13: USB/IP Virtual Host Controller
[   10.711797][    T1] vhci_hcd vhci_hcd.13: new USB bus registered, assigned bus number 28
[   10.713093][    T1] usb usb28: New USB device found, idVendor=1d6b, idProduct=0002, bcdDevice= 6.02
[   10.714179][    T1] usb usb28: New USB device strings: Mfr=3, Product=2, SerialNumber=1
[   10.715172][    T1] usb usb28: Product: USB/IP Virtual Host Controller
[   10.715973][    T1] usb usb28: Manufacturer: Linux 6.2.0-rc8-00083-g3ac88fa4605e-dirty vhci_hcd
[   10.717014][    T1] usb usb28: SerialNumber: vhci_hcd.13
[   10.718737][    T1] hub 28-0:1.0: USB hub found
[   10.719370][    T1] hub 28-0:1.0: 8 ports detected
[   10.722610][    T1] vhci_hcd vhci_hcd.13: USB/IP Virtual Host Controller
[   10.723758][    T1] vhci_hcd vhci_hcd.13: new USB bus registered, assigned bus number 29
[   10.724900][    T1] usb usb29: We don't know the algorithms for LPM for this host, disabling LPM.
[   10.726220][    T1] usb usb29: New USB device found, idVendor=1d6b, idProduct=0003, bcdDevice= 6.02
[   10.727302][    T1] usb usb29: New USB device strings: Mfr=3, Product=2, SerialNumber=1
[   10.728253][    T1] usb usb29: Product: USB/IP Virtual Host Controller
[   10.729037][    T1] usb usb29: Manufacturer: Linux 6.2.0-rc8-00083-g3ac88fa4605e-dirty vhci_hcd
[   10.730063][    T1] usb usb29: SerialNumber: vhci_hcd.13
[   10.731760][    T1] hub 29-0:1.0: USB hub found
[   10.732394][    T1] hub 29-0:1.0: 8 ports detected
[   10.736381][    T1] vhci_hcd vhci_hcd.14: USB/IP Virtual Host Controller
[   10.737486][    T1] vhci_hcd vhci_hcd.14: new USB bus registered, assigned bus number 30
[   10.738780][    T1] usb usb30: New USB device found, idVendor=1d6b, idProduct=0002, bcdDevice= 6.02
[   10.739873][    T1] usb usb30: New USB device strings: Mfr=3, Product=2, SerialNumber=1
[   10.740834][    T1] usb usb30: Product: USB/IP Virtual Host Controller
[   10.741625][    T1] usb usb30: Manufacturer: Linux 6.2.0-rc8-00083-g3ac88fa4605e-dirty vhci_hcd
[   10.742659][    T1] usb usb30: SerialNumber: vhci_hcd.14
[   10.744394][    T1] hub 30-0:1.0: USB hub found
[   10.745027][    T1] hub 30-0:1.0: 8 ports detected
[   10.748306][    T1] vhci_hcd vhci_hcd.14: USB/IP Virtual Host Controller
[   10.749449][    T1] vhci_hcd vhci_hcd.14: new USB bus registered, assigned bus number 31
[   10.750561][    T1] usb usb31: We don't know the algorithms for LPM for this host, disabling LPM.
[   10.751904][    T1] usb usb31: New USB device found, idVendor=1d6b, idProduct=0003, bcdDevice= 6.02
[   10.752988][    T1] usb usb31: New USB device strings: Mfr=3, Product=2, SerialNumber=1
[   10.753941][    T1] usb usb31: Product: USB/IP Virtual Host Controller
[   10.754756][    T1] usb usb31: Manufacturer: Linux 6.2.0-rc8-00083-g3ac88fa4605e-dirty vhci_hcd
[   10.755794][    T1] usb usb31: SerialNumber: vhci_hcd.14
[   10.757786][    T1] hub 31-0:1.0: USB hub found
[   10.758420][    T1] hub 31-0:1.0: 8 ports detected
[   10.762363][    T1] vhci_hcd vhci_hcd.15: USB/IP Virtual Host Controller
[   10.763578][    T1] vhci_hcd vhci_hcd.15: new USB bus registered, assigned bus number 32
[   10.764901][    T1] usb usb32: New USB device found, idVendor=1d6b, idProduct=0002, bcdDevice= 6.02
[   10.765990][    T1] usb usb32: New USB device strings: Mfr=3, Product=2, SerialNumber=1
[   10.766947][    T1] usb usb32: Product: USB/IP Virtual Host Controller
[   10.767735][    T1] usb usb32: Manufacturer: Linux 6.2.0-rc8-00083-g3ac88fa4605e-dirty vhci_hcd
[   10.768779][    T1] usb usb32: SerialNumber: vhci_hcd.15
[   10.770467][    T1] hub 32-0:1.0: USB hub found
[   10.771101][    T1] hub 32-0:1.0: 8 ports detected
[   10.774530][    T1] vhci_hcd vhci_hcd.15: USB/IP Virtual Host Controller
[   10.775682][    T1] vhci_hcd vhci_hcd.15: new USB bus registered, assigned bus number 33
[   10.776791][    T1] usb usb33: We don't know the algorithms for LPM for this host, disabling LPM.
[   10.778108][    T1] usb usb33: New USB device found, idVendor=1d6b, idProduct=0003, bcdDevice= 6.02
[   10.779196][    T1] usb usb33: New USB device strings: Mfr=3, Product=2, SerialNumber=1
[   10.780163][    T1] usb usb33: Product: USB/IP Virtual Host Controller
[   10.780952][    T1] usb usb33: Manufacturer: Linux 6.2.0-rc8-00083-g3ac88fa4605e-dirty vhci_hcd
[   10.781984][    T1] usb usb33: SerialNumber: vhci_hcd.15
[   10.783837][    T1] hub 33-0:1.0: USB hub found
[   10.784518][    T1] hub 33-0:1.0: 8 ports detected
[   10.788460][    T1] usbcore: registered new device driver usbip-host
[   10.790344][    T1] i8042: PNP: PS/2 Controller [PNP0303:KBD,PNP0f13:MOU] at 0x60,0x64 irq 1,12
[   10.792438][    T1] serio: i8042 KBD port at 0x60,0x64 irq 1
[   10.793735][    T1] serio: i8042 AUX port at 0x60,0x64 irq 12
[   10.797312][    T1] mousedev: PS/2 mouse device common for all mice
[   10.799770][    T1] usbcore: registered new interface driver appletouch
[   10.801021][   T49] input: AT Translated Set 2 keyboard as /devices/platform/i8042/serio0/input/input1
[   10.804945][    T1] usbcore: registered new interface driver bcm5974
[   10.807948][    T1] usbcore: registered new interface driver synaptics_usb
[   10.808983][    T1] usbcore: registered new interface driver iforce
[   10.810483][    T1] usbcore: registered new interface driver xpad
[   10.811889][    T1] usbcore: registered new interface driver usb_acecad
[   10.812881][    T1] usbcore: registered new interface driver aiptek
[   10.813808][    T1] usbcore: registered new interface driver hanwang
[   10.814757][    T1] usbcore: registered new interface driver kbtab
[   10.815613][    T1] usbcore: registered new interface driver pegasus_notetaker
[   10.816609][    T1] usbcore: registered new interface driver usbtouchscreen
[   10.817544][    T1] usbcore: registered new interface driver sur40
[   10.818390][    T1] usbcore: registered new interface driver ati_remote2
[   10.819189][    T1] cm109: Keymap for Komunikate KIP1000 phone loaded
[   10.820074][    T1] usbcore: registered new interface driver cm109
[   10.820817][    T1] cm109: CM109 phone driver: 20080805 (C) Alfred E. Heggestad
[   10.821787][    T1] usbcore: registered new interface driver ims_pcu
[   10.822653][    T1] usbcore: registered new interface driver keyspan_remote
[   10.823603][    T1] usbcore: registered new interface driver powermate
[   10.824724][    T1] usbcore: registered new interface driver yealink
[   10.825865][    T1] rtc_cmos 00:05: RTC can wake from S4
[   10.828784][    T1] rtc_cmos 00:05: registered as rtc0
[   10.829452][    T1] rtc_cmos 00:05: alarms up to one day, y3k, 242 bytes nvram, hpet irqs
[   10.830640][    T1] i2c_dev: i2c /dev entries driver
[   10.831501][    T1] usbcore: registered new interface driver i2c-diolan-u2c
[   10.832507][    T1] usbcore: registered new interface driver RobotFuzz Open Source InterFace, OSIF
[   10.833685][    T1] usbcore: registered new interface driver i2c-tiny-usb
[   10.836792][    T1] usbcore: registered new interface driver igorplugusb
[   10.837687][    T1] usbcore: registered new interface driver iguanair
[   10.838572][    T1] usbcore: registered new interface driver imon
[   10.839485][    T1] usbcore: registered new interface driver mceusb
[   10.840349][    T1] usbcore: registered new interface driver redrat3
[   10.841213][    T1] usbcore: registered new interface driver streamzap
[   10.842101][    T1] usbcore: registered new interface driver ttusbir
[   10.843028][    T1] usbcore: registered new interface driver ati_remote
[   10.846971][    T1] b2c2-flexcop: B2C2 FlexcopII/II(b)/III digital TV receiver chip loaded successfully
[   10.848262][    T1] usbcore: registered new interface driver b2c2_flexcop_usb
[   10.849217][    T1] usbcore: registered new interface driver dvb_usb_vp7045
[   10.850161][    T1] usbcore: registered new interface driver dvb_usb_vp702x
[   10.851099][    T1] usbcore: registered new interface driver dvb_usb_gp8psk
[   10.852048][    T1] usbcore: registered new interface driver dvb_usb_dtt200u
[   10.853002][    T1] usbcore: registered new interface driver dvb_usb_a800
[   10.853931][    T1] usbcore: registered new interface driver dvb_usb_dibusb_mb
[   10.855659][    T1] usbcore: registered new interface driver dvb_usb_dibusb_mc
[   10.856624][    T1] usbcore: registered new interface driver dvb_usb_nova_t_usb2
[   10.857606][    T1] usbcore: registered new interface driver dvb_usb_umt_010
[   10.858564][    T1] usbcore: registered new interface driver dvb_usb_m920x
[   10.859500][    T1] usbcore: registered new interface driver dvb_usb_digitv
[   10.860454][    T1] usbcore: registered new interface driver dvb_usb_cxusb
[   10.861385][    T1] usbcore: registered new interface driver dvb_usb_ttusb2
[   10.862605][    T1] usbcore: registered new interface driver dvb_usb_dib0700
[   10.863559][    T1] usbcore: registered new interface driver opera1
[   10.864464][    T1] usbcore: registered new interface driver dvb_usb_af9005
[   10.865411][    T1] usbcore: registered new interface driver pctv452e
[   10.866315][    T1] usbcore: registered new interface driver dw2102
[   10.867182][    T1] usbcore: registered new interface driver dvb_usb_dtv5100
[   10.868130][    T1] usbcore: registered new interface driver cinergyT2
[   10.869016][    T1] usbcore: registered new interface driver dvb_usb_az6027
[   10.869965][    T1] usbcore: registered new interface driver dvb_usb_technisat_usb2
[   10.871002][    T1] usbcore: registered new interface driver dvb_usb_af9015
[   10.871968][    T1] usbcore: registered new interface driver dvb_usb_af9035
[   10.872896][    T1] usbcore: registered new interface driver dvb_usb_anysee
[   10.873833][    T1] usbcore: registered new interface driver dvb_usb_au6610
[   10.875338][    T1] usbcore: registered new interface driver dvb_usb_az6007
[   10.876264][    T1] usbcore: registered new interface driver dvb_usb_ce6230
[   10.877190][    T1] usbcore: registered new interface driver dvb_usb_ec168
[   10.878111][    T1] usbcore: registered new interface driver dvb_usb_lmedm04
[   10.879044][    T1] usbcore: registered new interface driver dvb_usb_gl861
[   10.880001][    T1] usbcore: registered new interface driver dvb_usb_mxl111sf
[   10.880984][    T1] usbcore: registered new interface driver dvb_usb_rtl28xxu
[   10.881950][    T1] usbcore: registered new interface driver dvb_usb_dvbsky
[   10.882885][    T1] usbcore: registered new interface driver zd1301
[   10.883758][    T1] usbcore: registered new interface driver s2255
[   10.884790][    T1] usbcore: registered new interface driver smsusb
[   10.885650][    T1] usbcore: registered new interface driver ttusb
[   10.886506][    T1] usbcore: registered new interface driver ttusb-dec
[   10.887402][    T1] usbcore: registered new interface driver Abilis Systems as10x usb driver
[   10.888498][    T1] usbcore: registered new interface driver airspy
[   10.889250][    T1] gspca_main: v2.14.0 registered
[   10.889921][    T1] usbcore: registered new interface driver benq
[   10.890752][    T1] usbcore: registered new interface driver conex
[   10.891601][    T1] usbcore: registered new interface driver cpia1
[   10.892439][    T1] usbcore: registered new interface driver dtcs033
[   10.893293][    T1] usbcore: registered new interface driver etoms
[   10.894158][    T1] usbcore: registered new interface driver finepix
[   10.895038][    T1] usbcore: registered new interface driver jeilinj
[   10.896125][    T1] usbcore: registered new interface driver jl2005bcd
[   10.897007][    T1] usbcore: registered new interface driver kinect
[   10.897858][    T1] usbcore: registered new interface driver konica
[   10.898701][    T1] usbcore: registered new interface driver mars
[   10.899537][    T1] usbcore: registered new interface driver mr97310a
[   10.900422][    T1] usbcore: registered new interface driver nw80x
[   10.901278][    T1] usbcore: registered new interface driver ov519
[   10.902120][    T1] usbcore: registered new interface driver ov534
[   10.902962][    T1] usbcore: registered new interface driver ov534_9
[   10.903843][    T1] usbcore: registered new interface driver pac207
[   10.904750][    T1] usbcore: registered new interface driver gspca_pac7302
[   10.905678][    T1] usbcore: registered new interface driver pac7311
[   10.906542][    T1] usbcore: registered new interface driver se401
[   10.907392][    T1] usbcore: registered new interface driver sn9c2028
[   10.908300][    T1] usbcore: registered new interface driver gspca_sn9c20x
[   10.909235][    T1] usbcore: registered new interface driver sonixb
[   10.910121][    T1] usbcore: registered new interface driver sonixj
[   10.910990][    T1] usbcore: registered new interface driver spca500
[   10.911859][    T1] usbcore: registered new interface driver spca501
[   10.912717][    T1] usbcore: registered new interface driver spca505
[   10.913584][    T1] usbcore: registered new interface driver spca506
[   10.914476][    T1] usbcore: registered new interface driver spca508
[   10.915358][    T1] usbcore: registered new interface driver spca561
[   10.916219][    T1] usbcore: registered new interface driver spca1528
[   10.917086][    T1] usbcore: registered new interface driver sq905
[   10.917943][    T1] usbcore: registered new interface driver sq905c
[   10.918796][    T1] usbcore: registered new interface driver sq930x
[   10.919697][    T1] usbcore: registered new interface driver sunplus
[   10.920567][    T1] usbcore: registered new interface driver stk014
[   10.921428][    T1] usbcore: registered new interface driver stk1135
[   10.922288][    T1] usbcore: registered new interface driver stv0680
[   10.923156][    T1] usbcore: registered new interface driver t613
[   10.923983][    T1] usbcore: registered new interface driver gspca_topro
[   10.924966][    T1] usbcore: registered new interface driver touptek
[   10.925838][    T1] usbcore: registered new interface driver tv8532
[   10.926692][    T1] usbcore: registered new interface driver vc032x
[   10.927550][    T1] usbcore: registered new interface driver vicam
[   10.928404][    T1] usbcore: registered new interface driver xirlink-cit
[   10.929355][    T1] usbcore: registered new interface driver gspca_zc3xx
[   10.930266][    T1] usbcore: registered new interface driver ALi m5602
[   10.931151][    T1] usbcore: registered new interface driver STV06xx
[   10.932017][    T1] usbcore: registered new interface driver gspca_gl860
[   10.932926][    T1] usbcore: registered new interface driver hackrf
[   10.933778][    T1] usbcore: registered new interface driver msi2500
[   10.934704][    T1] usbcore: registered new interface driver Philips webcam
[   10.935751][    T1] usbcore: registered new interface driver uvcvideo
[   10.936520][    T1] au0828: au0828 driver loaded
[   10.937208][    T1] usbcore: registered new interface driver au0828
[   10.938091][    T1] usbcore: registered new interface driver cx231xx
[   10.939097][    T1] usbcore: registered new interface driver em28xx
[   10.939865][    T1] em28xx: Registered (Em28xx v4l2 Extension) extension
[   10.940669][    T1] em28xx: Registered (Em28xx Audio Extension) extension
[   10.941478][    T1] em28xx: Registered (Em28xx dvb Extension) extension
[   10.942273][    T1] em28xx: Registered (Em28xx Input Extension) extension
[   10.943196][    T1] usbcore: registered new interface driver go7007
[   10.944055][    T1] usbcore: registered new interface driver go7007-loader
[   10.945302][    T1] usbcore: registered new interface driver hdpvr
[   10.946339][    T1] usbcore: registered new interface driver pvrusb2
[   10.947105][    T1] pvrusb2: V4L in-tree version:Hauppauge WinTV-PVR-USB2 MPEG2 Encoder/Tuner
[   10.948114][    T1] pvrusb2: Debug mask is 31 (0x1f)
[   10.948832][    T1] usbcore: registered new interface driver stk1160
[   10.949699][    T1] usbcore: registered new interface driver usbtv
[   10.952025][    T1] dvbdev: DVB: registering new adapter (dvb_vidtv_bridge)
[   10.954520][    T1] i2c i2c-0: DVB: registering adapter 0 frontend 0 (Dummy demod for DVB-T/T2/C/S/S2)...
[   10.955833][    T1] dvbdev: dvb_create_media_entity: media entity 'Dummy demod for DVB-T/T2/C/S/S2' registered.
[   10.959928][    T1] dvbdev: dvb_create_media_entity: media entity 'dvb-demux' registered.
[   10.963313][    T1] vidtv vidtv.0: Successfully initialized vidtv!
[   10.965215][    T1] vicodec vicodec.0: Device 'stateful-encoder' registered as /dev/video0
[   10.966569][    T1] vicodec vicodec.0: Device 'stateful-decoder' registered as /dev/video1
[   10.967987][    T1] vicodec vicodec.0: Device 'stateless-decoder' registered as /dev/video2
[   10.970067][    T1] vim2m vim2m.0: Device registered as /dev/video0
[   10.979509][    T1] vivid-000: using single planar format API
[   10.987683][    T1] vivid-000: CEC adapter cec0 registered for HDMI input 0
[   10.988893][    T1] vivid-000: V4L2 capture device registered as video7
[   10.990097][    T1] vivid-000: CEC adapter cec1 registered for HDMI output 0
[   10.991272][    T1] vivid-000: V4L2 output device registered as video8
[   10.992391][    T1] vivid-000: V4L2 capture device registered as vbi0, supports raw and sliced VBI
[   10.993779][    T1] vivid-000: V4L2 output device registered as vbi1, supports raw and sliced VBI
[   10.995566][    T1] vivid-000: V4L2 capture device registered as swradio0
[   10.996682][    T1] vivid-000: V4L2 receiver device registered as radio0
[   10.997791][    T1] vivid-000: V4L2 transmitter device registered as radio1
[   10.998933][    T1] vivid-000: V4L2 metadata capture device registered as video9
[   11.000136][    T1] vivid-000: V4L2 metadata output device registered as video10
[   11.001349][    T1] vivid-000: V4L2 touch capture device registered as v4l-touch0
[   11.003000][    T1] usbcore: registered new interface driver radioshark2
[   11.004202][    T1] usbcore: registered new interface driver radioshark
[   11.005251][    T1] usbcore: registered new interface driver radio-si470x
[   11.006410][    T1] usbcore: registered new interface driver radio-usb-si4713
[   11.007456][    T1] usbcore: registered new interface driver dsbr100
[   11.008411][    T1] usbcore: registered new interface driver radio-keene
[   11.009405][    T1] usbcore: registered new interface driver radio-ma901
[   11.010426][    T1] usbcore: registered new interface driver radio-mr800
[   11.011416][    T1] usbcore: registered new interface driver radio-raremono
[   11.013099][    T1] usbcore: registered new interface driver pcwd_usb
[   11.016320][    T1] device-mapper: core: CONFIG_IMA_DISABLE_HTABLE is disabled. Duplicate IMA measurements will not be recorded in the IMA log.
[   11.017849][    T1] device-mapper: uevent: version 1.0.3
[   11.018908][    T1] device-mapper: ioctl: 4.47.0-ioctl (2022-07-28) initialised: dm-devel@redhat.com
[   11.020585][    T1] device-mapper: multipath round-robin: version 1.2.0 loaded
[   11.021458][    T1] device-mapper: multipath queue-length: version 0.2.0 loaded
[   11.022321][    T1] device-mapper: multipath service-time: version 0.3.0 loaded
[   11.023254][    T1] device-mapper: raid: Loading target version 1.15.1
[   11.025002][    T1] Bluetooth: HCI UART driver ver 2.3
[   11.025624][    T1] Bluetooth: HCI UART protocol H4 registered
[   11.026328][    T1] Bluetooth: HCI UART protocol BCSP registered
[   11.027202][    T1] Bluetooth: HCI UART protocol LL registered
[   11.028072][    T1] Bluetooth: HCI UART protocol Three-wire (H5) registered
[   11.029046][    T1] Bluetooth: HCI UART protocol QCA registered
[   11.029752][    T1] Bluetooth: HCI UART protocol AG6XX registered
[   11.030639][    T1] Bluetooth: HCI UART protocol Marvell registered
[   11.031595][    T1] usbcore: registered new interface driver bcm203x
[   11.032554][    T1] usbcore: registered new interface driver bpa10x
[   11.033499][    T1] usbcore: registered new interface driver bfusb
[   11.034768][    T1] usbcore: registered new interface driver btusb
[   11.035734][    T1] usbcore: registered new interface driver ath3k
[   11.036992][    T1] CAPI 2.0 started up with major 68 (middleware)
[   11.037728][    T1] Modular ISDN core version 1.1.29
[   11.038606][    T1] NET: Registered PF_ISDN protocol family
[   11.039280][    T1] DSP module 2.0
[   11.039693][    T1] mISDN_dsp: DSP clocks every 80 samples. This equals 1 jiffies.
[   11.048126][    T1] mISDN: Layer-1-over-IP driver Rev. 2.00
[   11.049230][    T1] 0 virtual devices registered
[   11.049995][    T1] usbcore: registered new interface driver HFC-S_USB
[   11.050782][    T1] VUB300 Driver rom wait states = 1C irqpoll timeout = 0400
[   11.051513][    T1] usbcore: registered new interface driver vub300
[   11.053291][    T1] usbcore: registered new interface driver ushc
[   11.057571][    T1] iscsi: registered transport (iser)
[   11.059528][    T1] SoftiWARP attached
[   11.067318][    T1] hid: raw HID events driver (C) Jiri Kosina
[   11.089976][    T1] usbcore: registered new interface driver usbhid
[   11.090701][    T1] usbhid: USB HID core driver
[   11.095053][    T1] usbcore: registered new interface driver es2_ap_driver
[   11.095870][    T1] comedi: version 0.7.76 - http://www.comedi.org
[   11.096750][    T1] usbcore: registered new interface driver dt9812
[   11.097569][    T1] usbcore: registered new interface driver ni6501
[   11.098388][    T1] usbcore: registered new interface driver usbdux
[   11.099419][    T1] usbcore: registered new interface driver usbduxfast
[   11.100277][    T1] usbcore: registered new interface driver usbduxsigma
[   11.101139][    T1] usbcore: registered new interface driver vmk80xx
[   11.101990][    T1] usbcore: registered new interface driver prism2_usb
[   11.102907][    T1] usbcore: registered new interface driver r8712u
[   11.103677][    T1] greybus: registered new driver hid
[   11.105719][    T1] greybus: registered new driver gbphy
[   11.106376][    T1] gb_gbphy: registered new driver usb
[   11.107012][    T1] asus_wmi: ASUS WMI generic driver loaded
[   11.137570][    T1] usbcore: registered new interface driver snd-usb-audio
[   11.138480][    T1] usbcore: registered new interface driver snd-ua101
[   11.139333][    T1] usbcore: registered new interface driver snd-usb-usx2y
[   11.140218][    T1] usbcore: registered new interface driver snd-usb-us122l
[   11.141124][    T1] usbcore: registered new interface driver snd-usb-caiaq
[   11.142005][    T1] usbcore: registered new interface driver snd-usb-6fire
[   11.142916][    T1] usbcore: registered new interface driver snd-usb-hiface
[   11.143818][    T1] usbcore: registered new interface driver snd-bcd2000
[   11.144774][    T1] usbcore: registered new interface driver snd_usb_pod
[   11.145647][    T1] usbcore: registered new interface driver snd_usb_podhd
[   11.146777][    T1] usbcore: registered new interface driver snd_usb_toneport
[   11.147694][    T1] usbcore: registered new interface driver snd_usb_variax
[   11.148607][    T1] drop_monitor: Initializing network drop monitor service
[   11.149573][    T1] NET: Registered PF_LLC protocol family
[   11.150290][    T1] GACT probability on
[   11.150749][    T1] Mirror/redirect action on
[   11.151365][    T1] Simple TC action Loaded
[   11.152932][    T1] netem: version 1.3
[   11.153438][    T1] u32 classifier
[   11.153831][    T1]     Performance counters on
[   11.154411][    T1]     input device check on
[   11.154911][    T1]     Actions configured
[   11.157660][    T1] xt_time: kernel timezone is -0000
[   11.158310][    T1] IPVS: Registered protocols (TCP, UDP, SCTP, AH, ESP)
[   11.159121][    T1] IPVS: Connection hash table configured (size=4096, memory=32Kbytes)
[   11.160313][    T1] IPVS: ipvs loaded.
[   11.160762][    T1] IPVS: [rr] scheduler registered.
[   11.161328][    T1] IPVS: [wrr] scheduler registered.
[   11.161901][    T1] IPVS: [lc] scheduler registered.
[   11.162469][    T1] IPVS: [wlc] scheduler registered.
[   11.163042][    T1] IPVS: [fo] scheduler registered.
[   11.163616][    T1] IPVS: [ovf] scheduler registered.
[   11.164196][    T1] IPVS: [lblc] scheduler registered.
[   11.164977][    T1] IPVS: [lblcr] scheduler registered.
[   11.165584][    T1] IPVS: [dh] scheduler registered.
[   11.166147][    T1] IPVS: [sh] scheduler registered.
[   11.166716][    T1] IPVS: [mh] scheduler registered.
[   11.167284][    T1] IPVS: [sed] scheduler registered.
[   11.167863][    T1] IPVS: [nq] scheduler registered.
[   11.168427][    T1] IPVS: [twos] scheduler registered.
[   11.169072][    T1] IPVS: [sip] pe registered.
[   11.169661][    T1] ipip: IPv4 and MPLS over IPv4 tunneling driver
[   11.171324][    T1] gre: GRE over IPv4 demultiplexor driver
[   11.171961][    T1] ip_gre: GRE over IPv4 tunneling driver
[   11.175352][    T1] IPv4 over IPsec tunneling driver
[   11.177190][    T1] Initializing XFRM netlink socket
[   11.177828][    T1] IPsec XFRM device driver
[   11.178511][    T1] NET: Registered PF_INET6 protocol family
[   11.184738][    T1] Segment Routing with IPv6
[   11.185245][    T1] RPL Segment Routing with IPv6
[   11.185829][    T1] In-situ OAM (IOAM) with IPv6
[   11.186460][    T1] mip6: Mobile IPv6
[   11.188077][    T1] sit: IPv6, IPv4 and MPLS over IPv4 tunneling driver
[   11.190820][    T1] ip6_gre: GRE over IPv6 tunneling driver
[   11.192465][    T1] NET: Registered PF_PACKET protocol family
[   11.193141][    T1] NET: Registered PF_KEY protocol family
[   11.193899][    T1] Bridge firewalling registered
[   11.194769][    T1] NET: Registered PF_X25 protocol family
[   11.195444][    T1] X25: Linux Version 0.2
[   11.198700][    T1] NET: Registered PF_NETROM protocol family
[   11.206852][    T1] NET: Registered PF_ROSE protocol family
[   11.207567][    T1] NET: Registered PF_AX25 protocol family
[   11.208220][    T1] can: controller area network core
[   11.208876][    T1] NET: Registered PF_CAN protocol family
[   11.209508][    T1] can: raw protocol
[   11.209948][    T1] can: broadcast manager protocol
[   11.210519][    T1] can: netlink gateway - max_hops=1
[   11.211126][    T1] can: SAE J1939
[   11.211538][    T1] can: isotp protocol
[   11.212127][    T1] Bluetooth: RFCOMM TTY layer initialized
[   11.212777][    T1] Bluetooth: RFCOMM socket layer initialized
[   11.213466][    T1] Bluetooth: RFCOMM ver 1.11
[   11.213990][    T1] Bluetooth: BNEP (Ethernet Emulation) ver 1.3
[   11.214715][    T1] Bluetooth: BNEP filters: protocol multicast
[   11.215400][    T1] Bluetooth: BNEP socket layer initialized
[   11.216038][    T1] Bluetooth: CMTP (CAPI Emulation) ver 1.0
[   11.216689][    T1] Bluetooth: CMTP socket layer initialized
[   11.217327][    T1] Bluetooth: HIDP (Human Interface Emulation) ver 1.2
[   11.218076][    T1] Bluetooth: HIDP socket layer initialized
[   11.220097][    T1] NET: Registered PF_RXRPC protocol family
[   11.220750][    T1] Key type rxrpc registered
[   11.221245][    T1] Key type rxrpc_s registered
[   11.221989][    T1] NET: Registered PF_KCM protocol family
[   11.222824][    T1] lec:lane_module_init: lec.c: initialized
