bash: warning: setlocale: LC_ALL: cannot change locale (en_US.UTF-8)
c[?7l[2J[0mSeaBIOS (version 1.16.2-debian-1.16.2-1)
Booting from ROM..c[?7l[2J[0m.early console in extract_kernel
input_data: 0x000000000d49a2bf
input_len: 0x0000000004d65f15
output: 0x0000000001000000
output_len: 0x000000000f377ae0
kernel_total_size: 0x0000000011226000
needed_size: 0x0000000011400000
trampoline_32bit: 0x000000000009d000

Decompressing Linux... Parsing ELF... done.
Booting the kernel.
[    0.000000][    T0] Linux version 6.2.0-rc8-00085-g1bdd951133f3-dirty (root@buildkitsandbox) (gcc (Debian 12.2.0-14+deb12u1) 12.2.0, GNU ld (GNU Binutils for Debian) 2.40) #2 SMP PREEMPT_DYNAMIC Mon May 25 18:12:51 UTC 2026
[    0.000000][    T0] Command line: console=ttyS0 oops=panic panic=86400 nokaslr earlyprintk=serial rdinit=/init
[    0.000000][    T0] KERNEL supported cpus:
[    0.000000][    T0]   Intel GenuineIntel
[    0.000000][    T0]   AMD AuthenticAMD
[    0.000000][    T0] x86/fpu: Supporting XSAVE feature 0x001: 'x87 floating point registers'
[    0.000000][    T0] x86/fpu: Supporting XSAVE feature 0x002: 'SSE registers'
[    0.000000][    T0] x86/fpu: Supporting XSAVE feature 0x004: 'AVX registers'
[    0.000000][    T0] x86/fpu: xstate_offset[2]:  576, xstate_sizes[2]:  256
[    0.000000][    T0] x86/fpu: Enabled xstate features 0x7, context size is 832 bytes, using 'compacted' format.
[    0.000000][    T0] signal: max sigframe size: 1776
[    0.000000][    T0] BIOS-provided physical RAM map:
[    0.000000][    T0] BIOS-e820: [mem 0x0000000000000000-0x000000000009fbff] usable
[    0.000000][    T0] BIOS-e820: [mem 0x000000000009fc00-0x000000000009ffff] reserved
[    0.000000][    T0] BIOS-e820: [mem 0x00000000000f0000-0x00000000000fffff] reserved
[    0.000000][    T0] BIOS-e820: [mem 0x0000000000100000-0x000000007ffdffff] usable
[    0.000000][    T0] BIOS-e820: [mem 0x000000007ffe0000-0x000000007fffffff] reserved
[    0.000000][    T0] BIOS-e820: [mem 0x00000000feffc000-0x00000000feffffff] reserved
[    0.000000][    T0] BIOS-e820: [mem 0x00000000fffc0000-0x00000000ffffffff] reserved
[    0.000000][    T0] BIOS-e820: [mem 0x000000fd00000000-0x000000ffffffffff] reserved
[    0.000000][    T0] printk: bootconsole [earlyser0] enabled
[    0.000000][    T0] NX (Execute Disable) protection: active
[    0.000000][    T0] SMBIOS 2.8 present.
[    0.000000][    T0] DMI: QEMU Standard PC (i440FX + PIIX, 1996), BIOS 1.16.2-debian-1.16.2-1 04/01/2014
[    0.000000][    T0] Hypervisor detected: KVM
[    0.000000][    T0] kvm-clock: Using msrs 4b564d01 and 4b564d00
[    0.000003][    T0] kvm-clock: using sched offset of 929455626 cycles
[    0.000662][    T0] clocksource: kvm-clock: mask: 0xffffffffffffffff max_cycles: 0x1cd42e4dffb, max_idle_ns: 881590591483 ns
[    0.002615][    T0] tsc: Detected 3493.436 MHz processor
[    0.007369][    T0] last_pfn = 0x7ffe0 max_arch_pfn = 0x400000000
[    0.008076][    T0] x86/PAT: Configuration [0-7]: WB  WC  UC- UC  WB  WP  UC- WT  
[    0.011908][    T0] found SMP MP-table at [mem 0x000f5ba0-0x000f5baf]
[    0.012638][    T0] Using GB pages for direct mapping
[    0.014028][    T0] RAMDISK: [mem 0x7fe88000-0x7ffdffff]
[    0.014625][    T0] ACPI: Early table checksum verification disabled
[    0.015327][    T0] ACPI: RSDP 0x00000000000F59D0 000014 (v00 BOCHS )
[    0.016055][    T0] ACPI: RSDT 0x000000007FFE1B33 000034 (v01 BOCHS  BXPC     00000001 BXPC 00000001)
[    0.017087][    T0] ACPI: FACP 0x000000007FFE19DF 000074 (v01 BOCHS  BXPC     00000001 BXPC 00000001)
[    0.018126][    T0] ACPI: DSDT 0x000000007FFE0040 00199F (v01 BOCHS  BXPC     00000001 BXPC 00000001)
[    0.019155][    T0] ACPI: FACS 0x000000007FFE0000 000040
[    0.019754][    T0] ACPI: APIC 0x000000007FFE1A53 000080 (v01 BOCHS  BXPC     00000001 BXPC 00000001)
[    0.020777][    T0] ACPI: HPET 0x000000007FFE1AD3 000038 (v01 BOCHS  BXPC     00000001 BXPC 00000001)
[    0.021809][    T0] ACPI: WAET 0x000000007FFE1B0B 000028 (v01 BOCHS  BXPC     00000001 BXPC 00000001)
[    0.022836][    T0] ACPI: Reserving FACP table memory at [mem 0x7ffe19df-0x7ffe1a52]
[    0.023690][    T0] ACPI: Reserving DSDT table memory at [mem 0x7ffe0040-0x7ffe19de]
[    0.024551][    T0] ACPI: Reserving FACS table memory at [mem 0x7ffe0000-0x7ffe003f]
[    0.025410][    T0] ACPI: Reserving APIC table memory at [mem 0x7ffe1a53-0x7ffe1ad2]
[    0.026265][    T0] ACPI: Reserving HPET table memory at [mem 0x7ffe1ad3-0x7ffe1b0a]
[    0.027120][    T0] ACPI: Reserving WAET table memory at [mem 0x7ffe1b0b-0x7ffe1b32]
[    0.028726][    T0] No NUMA configuration found
[    0.029234][    T0] Faking a node at [mem 0x0000000000000000-0x000000007ffdffff]
[    0.030058][    T0] NODE_DATA(0) allocated [mem 0x7fe82000-0x7fe87fff]
[    0.034247][    T0] Zone ranges:
[    0.034641][    T0]   DMA      [mem 0x0000000000001000-0x0000000000ffffff]
[    0.035406][    T0]   DMA32    [mem 0x0000000001000000-0x000000007ffdffff]
[    0.036169][    T0]   Normal   empty
[    0.036568][    T0]   Device   empty
[    0.036968][    T0] Movable zone start for each node
[    0.037521][    T0] Early memory node ranges
[    0.037993][    T0]   node   0: [mem 0x0000000000001000-0x000000000009efff]
[    0.038768][    T0]   node   0: [mem 0x0000000000100000-0x000000007ffdffff]
[    0.039539][    T0] Initmem setup node 0 [mem 0x0000000000001000-0x000000007ffdffff]
[    0.040403][    T0] On node 0, zone DMA: 1 pages in unavailable ranges
[    0.040501][    T0] On node 0, zone DMA: 97 pages in unavailable ranges
[    0.052967][    T0] On node 0, zone DMA32: 32 pages in unavailable ranges
[    0.086848][    T0] kasan: KernelAddressSanitizer initialized
[    0.088502][    T0] ACPI: PM-Timer IO Port: 0x608
[    0.089036][    T0] ACPI: LAPIC_NMI (acpi_id[0xff] dfl dfl lint[0x1])
[    0.089792][    T0] IOAPIC[0]: apic_id 0, version 17, address 0xfec00000, GSI 0-23
[    0.090636][    T0] ACPI: INT_SRC_OVR (bus 0 bus_irq 0 global_irq 2 dfl dfl)
[    0.091424][    T0] ACPI: INT_SRC_OVR (bus 0 bus_irq 5 global_irq 5 high level)
[    0.092232][    T0] ACPI: INT_SRC_OVR (bus 0 bus_irq 9 global_irq 9 high level)
[    0.093040][    T0] ACPI: INT_SRC_OVR (bus 0 bus_irq 10 global_irq 10 high level)
[    0.093874][    T0] ACPI: INT_SRC_OVR (bus 0 bus_irq 11 global_irq 11 high level)
[    0.094717][    T0] ACPI: Using ACPI (MADT) for SMP configuration information
[    0.095502][    T0] ACPI: HPET id: 0x8086a201 base: 0xfed00000
[    0.096158][    T0] TSC deadline timer available
[    0.096671][    T0] smpboot: Allowing 2 CPUs, 0 hotplug CPUs
[    0.097337][    T0] kvm-guest: KVM setup pv remote TLB flush
[    0.097965][    T0] kvm-guest: setup PV sched yield
[    0.098541][    T0] PM: hibernation: Registered nosave memory: [mem 0x00000000-0x00000fff]
[    0.099458][    T0] PM: hibernation: Registered nosave memory: [mem 0x0009f000-0x0009ffff]
[    0.100369][    T0] PM: hibernation: Registered nosave memory: [mem 0x000a0000-0x000effff]
[    0.101285][    T0] PM: hibernation: Registered nosave memory: [mem 0x000f0000-0x000fffff]
[    0.102199][    T0] [mem 0x80000000-0xfeffbfff] available for PCI devices
[    0.102952][    T0] Booting paravirtualized kernel on KVM
[    0.103553][    T0] clocksource: refined-jiffies: mask: 0xffffffff max_cycles: 0xffffffff, max_idle_ns: 19112604462750000 ns
[    0.145660][    T0] setup_percpu: NR_CPUS:8 nr_cpumask_bits:2 nr_cpu_ids:2 nr_node_ids:1
[    0.146876][    T0] percpu: Embedded 70 pages/cpu s249544 r8192 d28984 u1048576
[    0.147814][    T0] kvm-guest: PV spinlocks enabled
[    0.148386][    T0] PV qspinlock hash table entries: 256 (order: 0, 4096 bytes, linear)
[    0.149329][    T0] Fallback order for Node 0: 0 
[    0.149887][    T0] Built 1 zonelists, mobility grouping on.  Total pages: 515808
[    0.150747][    T0] Policy zone: DMA32
[    0.151180][    T0] Kernel command line: console=ttyS0 oops=panic panic=86400 nokaslr earlyprintk=serial rdinit=/init
[    0.152962][    T0] random: crng init done
[    0.153690][    T0] Dentry cache hash table entries: 262144 (order: 9, 2097152 bytes, linear)
[    0.154872][    T0] Inode-cache hash table entries: 131072 (order: 8, 1048576 bytes, linear)
[    0.156267][    T0] mem auto-init: stack:off, heap alloc:on, heap free:off
[    0.158007][    T0] stackdepot hash table entries: 1048576 (order: 11, 8388608 bytes, linear)
[    0.251507][    T0] Memory: 1469640K/2096632K available (151552K kernel code, 36578K rwdata, 31708K rodata, 2904K init, 35364K bss, 626736K reserved, 0K cma-reserved)
[    0.253543][    T0] SLUB: HWalign=64, Order=0-3, MinObjects=0, CPUs=2, Nodes=1
[    0.255609][    T0] Dynamic Preempt: full
[    0.256417][    T0] Running RCU self tests
[    0.256899][    T0] rcu: Preemptible hierarchical RCU implementation.
[    0.257633][    T0] rcu: 	RCU lockdep checking is enabled.
[    0.258257][    T0] rcu: 	RCU restricting CPUs from NR_CPUS=8 to nr_cpu_ids=2.
[    0.259073][    T0] rcu: 	RCU callback double-/use-after-free debug is enabled.
[    0.259901][    T0] rcu: 	RCU debug extended QS entry/exit.
[    0.260530][    T0] 	Trampoline variant of Tasks RCU enabled.
[    0.261188][    T0] 	Tracing variant of Tasks RCU enabled.
[    0.261807][    T0] rcu: RCU calculated value of scheduler-enlistment delay is 10 jiffies.
[    0.262742][    T0] rcu: Adjusting geometry for rcu_fanout_leaf=16, nr_cpu_ids=2
[    0.292074][    T0] NR_IRQS: 4352, nr_irqs: 440, preallocated irqs: 16
[    0.293185][    T0] rcu: srcu_init: Setting srcu_struct sizes based on contention.
[    0.294247][    T0] kfence: initialized - using 2097152 bytes for 255 objects at 0x(____ptrval____)-0x(____ptrval____)
[    0.303050][    T0] Console: colour VGA+ 80x25
[    0.303616][    T0] printk: console [ttyS0] enabled
[    0.303616][    T0] printk: console [ttyS0] enabled
[    0.304727][    T0] printk: bootconsole [earlyser0] disabled
[    0.304727][    T0] printk: bootconsole [earlyser0] disabled
[    0.306026][    T0] Lock dependency validator: Copyright (c) 2006 Red Hat, Inc., Ingo Molnar
[    0.306987][    T0] ... MAX_LOCKDEP_SUBCLASSES:  8
[    0.307542][    T0] ... MAX_LOCK_DEPTH:          48
[    0.308099][    T0] ... MAX_LOCKDEP_KEYS:        8192
[    0.308688][    T0] ... CLASSHASH_SIZE:          4096
[    0.309277][    T0] ... MAX_LOCKDEP_ENTRIES:     131072
[    0.309877][    T0] ... MAX_LOCKDEP_CHAINS:      262144
[    0.310478][    T0] ... CHAINHASH_SIZE:          131072
[    0.311075][    T0]  memory used by lock dependency info: 20657 kB
[    0.311793][    T0]  memory used for stack traces: 8320 kB
[    0.312422][    T0]  per task-struct memory footprint: 1920 bytes
[    0.313179][    T0] ACPI: Core revision 20221020
[    0.314026][    T0] clocksource: hpet: mask: 0xffffffff max_cycles: 0xffffffff, max_idle_ns: 19112604467 ns
[    0.315319][    T0] APIC: Switch to symmetric I/O mode setup
[    0.316139][    T0] x2apic enabled
[    0.316753][    T0] Switched APIC routing to physical x2apic.
[    0.317416][    T0] kvm-guest: setup PV IPIs
[    0.319076][    T0] ..TIMER: vector=0x30 apic1=0 pin1=2 apic2=-1 pin2=-1
[    0.319856][    T0] tsc: Marking TSC unstable due to TSCs unsynchronized
[    0.320629][    T0] Calibrating delay loop (skipped) preset value.. 6986.87 BogoMIPS (lpj=34934360)
[    0.321639][    T0] pid_max: default: 32768 minimum: 301
[    0.322342][    T0] LSM: initializing lsm=lockdown,capability,landlock,yama,safesetid,integrity,tomoyo,apparmor,bpf
[    0.323572][    T0] landlock: Up and running.
[    0.324066][    T0] Yama: becoming mindful.
[    0.324588][    T0] TOMOYO Linux initialized
[    0.325201][    T0] AppArmor: AppArmor initialized
[    0.330657][    T0] LSM support for eBPF active
[    0.331306][    T0] Mount-cache hash table entries: 4096 (order: 3, 32768 bytes, linear)
[    0.332215][    T0] Mountpoint-cache hash table entries: 4096 (order: 3, 32768 bytes, linear)
[    0.334575][    T0] x86/cpu: User Mode Instruction Prevention (UMIP) activated
[    0.335498][    T0] Last level iTLB entries: 4KB 512, 2MB 255, 4MB 127
[    0.336229][    T0] Last level dTLB entries: 4KB 512, 2MB 255, 4MB 127, 1GB 0
[    0.337037][    T0] Spectre V1 : Mitigation: usercopy/swapgs barriers and __user pointer sanitization
[    0.338065][    T0] Spectre V2 : Kernel not compiled with retpoline; no mitigation available!
[    0.338073][    T0] Spectre V2 : Vulnerable
[    0.339539][    T0] Spectre V2 : Spectre v2 / SpectreRSB mitigation: Filling RSB on context switch
[    0.340623][    T0] Spectre V2 : Enabling Speculation Barrier for firmware calls
[    0.341443][    T0] RETBleed: Mitigation: IBPB
[    0.341952][    T0] Spectre V2 : mitigation: Enabling conditional Indirect Branch Prediction Barrier
[    0.342960][    T0] Speculative Store Bypass: Mitigation: Speculative Store Bypass disabled via prctl
[    0.353037][    T0] Freeing SMP alternatives memory: 116K
[    0.354066][    T1] smpboot: CPU0: AMD Ryzen Threadripper PRO 3975WX 32-Cores (family: 0x17, model: 0x31, stepping: 0x0)
[    0.356445][    T1] cblist_init_generic: Setting adjustable number of callback queues.
[    0.357359][    T1] cblist_init_generic: Setting shift to 1 and lim to 1.
[    0.358275][    T1] cblist_init_generic: Setting shift to 1 and lim to 1.
[    0.359159][    T1] Running RCU-tasks wait API self tests
[    0.460957][    T1] Performance Events: Fam17h+ core perfctr, AMD PMU driver.
[    0.462673][    T1] ... version:                0
[    0.463709][    T1] ... bit width:              48
[    0.464752][    T1] ... generic registers:      6
[    0.465776][    T1] ... value mask:             0000ffffffffffff
[    0.467083][    T1] ... max period:             00007fffffffffff
[    0.468390][    T1] ... fixed-purpose events:   0
[    0.469412][    T1] ... event mask:             000000000000003f
[    0.471629][    T1] rcu: Hierarchical SRCU implementation.
[    0.472833][    T1] rcu: 	Max phase no-delay instances is 1000.
[    0.479579][    T1] smp: Bringing up secondary CPUs ...
[    0.482193][    T1] x86: Booting SMP configuration:
[    0.483307][    T1] .... node  #0, CPUs:      #1
[    0.485141][    T1] smp: Brought up 1 node, 2 CPUs
[    0.485141][    T1] smpboot: Max logical packages: 1
[    0.485141][    T1] smpboot: Total of 2 processors activated (13973.74 BogoMIPS)
[    0.491383][    T1] devtmpfs: initialized
[    0.492429][    T1] x86/mm: Memory block size: 128MB
[    0.510731][   T13] Callback from call_rcu_tasks_trace() invoked.
[    0.520959][    T1] clocksource: jiffies: mask: 0xffffffff max_cycles: 0xffffffff, max_idle_ns: 19112604462750000 ns
[    0.522170][    T1] futex hash table entries: 512 (order: 4, 65536 bytes, linear)
[    0.524650][    T1] PM: RTC time: 18:20:40, date: 2026-05-25
[    0.527834][    T1] NET: Registered PF_NETLINK/PF_ROUTE protocol family
[    0.529863][    T1] audit: initializing netlink subsys (disabled)
[    0.530709][   T26] audit: type=2000 audit(1779733240.872:1): state=initialized audit_enabled=0 res=1
[    0.531841][    T1] thermal_sys: Registered thermal governor 'step_wise'
[    0.532702][    T1] thermal_sys: Registered thermal governor 'user_space'
[    0.533563][    T1] cpuidle: using governor menu
[    0.534880][    T1] NET: Registered PF_QIPCRTR protocol family
[    0.536148][    T1] PCI: Using configuration type 1 for base access
[    0.536148][    T1] PCI: Using configuration type 1 for extended access
[    0.551101][    T1] HugeTLB: registered 1.00 GiB page size, pre-allocated 0 pages
[    0.551948][    T1] HugeTLB: 16380 KiB vmemmap can be freed for a 1.00 GiB page
[    0.552777][    T1] HugeTLB: registered 2.00 MiB page size, pre-allocated 0 pages
[    0.553613][    T1] HugeTLB: 28 KiB vmemmap can be freed for a 2.00 MiB page
[    0.557456][    T1] cryptd: max_cpu_qlen set to 1000
[    0.559369][    T1] raid6: skipped pq benchmark and selected avx2x4
[    0.560081][    T1] raid6: using avx2x2 recovery algorithm
[    0.561180][    T1] ACPI: Added _OSI(Module Device)
[    0.561737][    T1] ACPI: Added _OSI(Processor Device)
[    0.562329][    T1] ACPI: Added _OSI(3.0 _SCP Extensions)
[    0.562939][    T1] ACPI: Added _OSI(Processor Aggregator Device)
[    0.583742][    T1] ACPI: 1 ACPI AML tables successfully acquired and loaded
[    0.614161][    T1] ACPI: Interpreter enabled
[    0.614827][    T1] ACPI: PM: (supports S0 S3 S4 S5)
[    0.615405][    T1] ACPI: Using IOAPIC for interrupt routing
[    0.616148][    T1] PCI: Using host bridge windows from ACPI; if necessary, use "pci=nocrs" and report a bug
[    0.617249][    T1] PCI: Using E820 reservations for host bridge windows
[    0.619342][    T1] ACPI: Enabled 2 GPEs in block 00 to 0F
[    0.661647][    T1] ACPI: PCI Root Bridge [PCI0] (domain 0000 [bus 00-ff])
[    0.662477][    T1] acpi PNP0A03:00: _OSC: OS supports [ExtendedConfig ASPM ClockPM Segments MSI HPX-Type3]
[    0.665000][    T1] PCI host bridge to bus 0000:00
[    0.665560][    T1] pci_bus 0000:00: root bus resource [io  0x0000-0x0cf7 window]
[    0.666422][    T1] pci_bus 0000:00: root bus resource [io  0x0d00-0xffff window]
[    0.667270][    T1] pci_bus 0000:00: root bus resource [mem 0x000a0000-0x000bffff window]
[    0.668201][    T1] pci_bus 0000:00: root bus resource [mem 0x80000000-0xfebfffff window]
[    0.669124][    T1] pci_bus 0000:00: root bus resource [mem 0x100000000-0x17fffffff window]
[    0.670071][    T1] pci_bus 0000:00: root bus resource [bus 00-ff]
[    0.670943][    T1] pci 0000:00:00.0: [8086:1237] type 00 class 0x060000
[    0.685121][    T1] pci 0000:00:01.0: [8086:7000] type 00 class 0x060100
[    0.698917][    T1] pci 0000:00:01.1: [8086:7010] type 00 class 0x010180
[    0.701071][    T1] pci 0000:00:01.1: reg 0x20: [io  0xc000-0xc00f]
[    0.702394][    T1] pci 0000:00:01.1: legacy IDE quirk: reg 0x10: [io  0x01f0-0x01f7]
[    0.703284][    T1] pci 0000:00:01.1: legacy IDE quirk: reg 0x14: [io  0x03f6]
[    0.704105][    T1] pci 0000:00:01.1: legacy IDE quirk: reg 0x18: [io  0x0170-0x0177]
[    0.704988][    T1] pci 0000:00:01.1: legacy IDE quirk: reg 0x1c: [io  0x0376]
[    0.706272][    T1] pci 0000:00:01.3: [8086:7113] type 00 class 0x068000
[    0.707443][    T1] pci 0000:00:01.3: quirk: [io  0x0600-0x063f] claimed by PIIX4 ACPI
[    0.708410][    T1] pci 0000:00:01.3: quirk: [io  0x0700-0x070f] claimed by PIIX4 SMB
[    0.709785][    T1] pci 0000:00:02.0: [1234:1111] type 00 class 0x030000
[    0.711774][    T1] pci 0000:00:02.0: reg 0x10: [mem 0xfd000000-0xfdffffff pref]
[    0.713995][    T1] pci 0000:00:02.0: reg 0x18: [mem 0xfebf0000-0xfebf0fff]
[    0.717975][    T1] pci 0000:00:02.0: reg 0x30: [mem 0xfebe0000-0xfebeffff pref]
[    0.718961][    T1] pci 0000:00:02.0: Video device with shadowed ROM at [mem 0x000c0000-0x000dffff]
[    0.737569][    T1] ACPI: PCI: Interrupt link LNKA configured for IRQ 10
[    0.739656][    T1] ACPI: PCI: Interrupt link LNKB configured for IRQ 10
[    0.741722][    T1] ACPI: PCI: Interrupt link LNKC configured for IRQ 11
[    0.743773][    T1] ACPI: PCI: Interrupt link LNKD configured for IRQ 11
[    0.745083][    T1] ACPI: PCI: Interrupt link LNKS configured for IRQ 9
[    0.749814][    T1] iommu: Default domain type: Translated 
[    0.750450][    T1] iommu: DMA domain TLB invalidation policy: lazy mode 
[    0.752099][    T1] SCSI subsystem initialized
[    0.753237][    T1] ACPI: bus type USB registered
[    0.753906][    T1] usbcore: registered new interface driver usbfs
[    0.754725][    T1] usbcore: registered new interface driver hub
[    0.755474][    T1] usbcore: registered new device driver usb
[    0.756676][    T1] mc: Linux media interface: v0.10
[    0.757316][    T1] videodev: Linux video capture interface: v2.00
[    0.758239][    T1] pps_core: LinuxPPS API ver. 1 registered
[    0.758884][    T1] pps_core: Software ver. 5.3.6 - Copyright 2005-2007 Rodolfo Giometti <giometti@linux.it>
[    0.760020][    T1] PTP clock support registered
[    0.760846][    T1] EDAC MC: Ver: 3.0.0
[    0.762501][    T1] Advanced Linux Sound Architecture Driver Initialized.
[    0.764941][    T1] Bluetooth: Core ver 2.22
[    0.765505][    T1] NET: Registered PF_BLUETOOTH protocol family
[    0.766185][    T1] Bluetooth: HCI device and connection manager initialized
[    0.766996][    T1] Bluetooth: HCI socket layer initialized
[    0.767631][    T1] Bluetooth: L2CAP socket layer initialized
[    0.768308][    T1] Bluetooth: SCO socket layer initialized
[    0.768958][    T1] NET: Registered PF_ATMPVC protocol family
[    0.769610][    T1] NET: Registered PF_ATMSVC protocol family
[    0.770363][    T1] NetLabel: Initializing
[    0.770633][    T1] NetLabel:  domain hash size = 128
[    0.771212][    T1] NetLabel:  protocols = UNLABELED CIPSOv4 CALIPSO
[    0.772228][    T1] NetLabel:  unlabeled traffic allowed by default
[    0.773221][    T1] nfc: nfc_init: NFC Core ver 0.1
[    0.773221][    T1] NET: Registered PF_NFC protocol family
[    0.773221][    T1] PCI: Using ACPI for IRQ routing
[    0.773221][    T1] pci 0000:00:02.0: vgaarb: setting as boot VGA device
[    0.773221][    T1] pci 0000:00:02.0: vgaarb: bridge control possible
[    0.773221][    T1] pci 0000:00:02.0: vgaarb: VGA device added: decodes=io+mem,owns=io+mem,locks=none
[    0.773229][    T1] vgaarb: loaded
[    0.774221][    T1] hpet0: at MMIO 0xfed00000, IRQs 2, 8, 0
[    0.774871][    T1] hpet0: 3 comparators, 64-bit 100.000000 MHz counter
[    0.784995][    T1] clocksource: Switched to clocksource kvm-clock
[    0.790611][    T1] VFS: Disk quotas dquot_6.6.0
[    0.790611][    T1] VFS: Dquot-cache hash table entries: 512 (order 0, 4096 bytes)
[    0.790611][    T1] FS-Cache: Loaded
[    0.790611][    T1] CacheFiles: Loaded
[    0.790611][    T1] TOMOYO: 2.6.0
[    0.790872][    T1] Mandatory Access Control activated.
[    0.792656][    T1] AppArmor: AppArmor Filesystem Enabled
[    0.793439][    T1] pnp: PnP ACPI init
[    0.797994][    T1] pnp: PnP ACPI: found 6 devices
[    0.818630][    T1] clocksource: acpi_pm: mask: 0xffffff max_cycles: 0xffffff, max_idle_ns: 2085701024 ns
[    0.820026][    T1] NET: Registered PF_INET protocol family
[    0.820896][    T1] IP idents hash table entries: 32768 (order: 6, 262144 bytes, linear)
[    0.823670][    T1] tcp_listen_portaddr_hash hash table entries: 1024 (order: 4, 73728 bytes, linear)
[    0.824770][    T1] Table-perturb hash table entries: 65536 (order: 6, 262144 bytes, linear)
[    0.825915][    T1] TCP established hash table entries: 16384 (order: 5, 131072 bytes, linear)
[    0.827848][    T1] TCP bind hash table entries: 16384 (order: 9, 2359296 bytes, linear)
[    0.829679][    T1] TCP: Hash tables configured (established 16384 bind 16384)
[    0.831060][    T1] MPTCP token hash table entries: 2048 (order: 5, 180224 bytes, linear)
[    0.832128][    T1] UDP hash table entries: 1024 (order: 5, 163840 bytes, linear)
[    0.833075][    T1] UDP-Lite hash table entries: 1024 (order: 5, 163840 bytes, linear)
[    0.834274][    T1] NET: Registered PF_UNIX/PF_LOCAL protocol family
[    0.835897][    T1] RPC: Registered named UNIX socket transport module.
[    0.836678][    T1] RPC: Registered udp transport module.
[    0.837290][    T1] RPC: Registered tcp transport module.
[    0.837899][    T1] RPC: Registered tcp NFSv4.1 backchannel transport module.
[    0.840092][    T1] NET: Registered PF_XDP protocol family
[    0.840758][    T1] pci_bus 0000:00: resource 4 [io  0x0000-0x0cf7 window]
[    0.841537][    T1] pci_bus 0000:00: resource 5 [io  0x0d00-0xffff window]
[    0.842315][    T1] pci_bus 0000:00: resource 6 [mem 0x000a0000-0x000bffff window]
[    0.843165][    T1] pci_bus 0000:00: resource 7 [mem 0x80000000-0xfebfffff window]
[    0.844023][    T1] pci_bus 0000:00: resource 8 [mem 0x100000000-0x17fffffff window]
[    0.845276][    T1] pci 0000:00:01.0: PIIX3: Enabling Passive Release
[    0.846016][    T1] pci 0000:00:00.0: Limiting direct PCI/PCI transfers
[    0.846836][    T1] PCI: CLS 0 bytes, default 64
[    0.849592][   T39] Trying to unpack rootfs image as initramfs...
[    0.860685][    T1] ACPI: bus type thunderbolt registered
[    0.862053][    T1] kvm: no hardware support for 'kvm_intel'
[    0.862910][    T1] kvm: Nested Virtualization enabled
[    0.863495][    T1] SVM: kvm: Nested Paging enabled
[    0.967254][   T39] Freeing initrd memory: 1376K
[    0.968748][   T58] kworker/u4:5 (58) used greatest stack depth: 28208 bytes left
[    0.971816][   T69] kworker/u4:4 (69) used greatest stack depth: 27680 bytes left
[    3.020767][   T12] Callback from call_rcu_tasks() invoked.
[    3.378825][    T1] Initialise system trusted keyrings
[    3.380725][    T1] workingset: timestamp_bits=40 max_order=19 bucket_order=0
[    3.382495][    T1] zbud: loaded
[    3.386252][    T1] DLM installed
[    3.388579][    T1] squashfs: version 4.0 (2009/01/31) Phillip Lougher
[    3.392502][    T1] NFS: Registering the id_resolver key type
[    3.393813][    T1] Key type id_resolver registered
[    3.394905][    T1] Key type id_legacy registered
[    3.396017][    T1] nfs4filelayout_init: NFSv4 File Layout Driver Registering...
[    3.397690][    T1] nfs4flexfilelayout_init: NFSv4 Flexfile Layout Driver Registering...
[    3.403221][    T1] Key type cifs.spnego registered
[    3.404453][    T1] Key type cifs.idmap registered
[    3.405822][    T1] ntfs: driver 2.1.32 [Flags: R/W].
[    3.407052][    T1] ntfs3: Max link count 4000
[    3.408033][    T1] ntfs3: Enabled Linux POSIX ACLs support
[    3.409232][    T1] ntfs3: Read-only LZX/Xpress compression included
[    3.410729][    T1] efs: 1.0a - http://aeschi.ch.eu.org/efs/
[    3.411995][    T1] jffs2: version 2.2. (NAND) (SUMMARY)  © 2001-2006 Red Hat, Inc.
[    3.414221][    T1] romfs: ROMFS MTD (C) 2007 Red Hat, Inc.
[    3.415484][    T1] QNX4 filesystem 0.2.3 registered.
[    3.416622][    T1] qnx6: QNX6 filesystem 1.0.0 registered.
[    3.418179][    T1] fuse: init (API version 7.38)
[    3.420388][    T1] orangefs_debugfs_init: called with debug mask: :none: :0:
[    3.422497][    T1] orangefs_init: module version upstream loaded
[    3.424056][    T1] JFS: nTxBlock = 8192, nTxLock = 65536
[    3.431216][    T1] SGI XFS with ACLs, security attributes, realtime, quota, no debug enabled
[    3.433864][    T1] 9p: Installing v9fs 9p2000 file system support
[    3.434663][    T1] NILFS version 2 loaded
[    3.435132][    T1] befs: version: 0.9.3
[    3.435745][    T1] ocfs2: Registered cluster interface o2cb
[    3.436619][    T1] ocfs2: Registered cluster interface user
[    3.437414][    T1] OCFS2 User DLM kernel interface loaded
[    3.442454][    T1] gfs2: GFS2 installed
[    3.444798][    T1] ceph: loaded (mds proto 32)
[    3.451738][    T1] NET: Registered PF_ALG protocol family
[    3.452419][    T1] xor: automatically using best checksumming function   avx       
[    3.453304][    T1] async_tx: api initialized (async)
[    3.453882][    T1] Key type asymmetric registered
[    3.454438][    T1] Asymmetric key parser 'x509' registered
[    3.455089][    T1] Asymmetric key parser 'pkcs8' registered
[    3.455728][    T1] Key type pkcs7_test registered
[    3.456376][    T1] Block layer SCSI generic (bsg) driver version 0.4 loaded (major 240)
[    3.457603][    T1] io scheduler mq-deadline registered
[    3.458204][    T1] io scheduler kyber registered
[    3.458777][    T1] io scheduler bfq registered
[    3.461072][    T1] input: Power Button as /devices/LNXSYSTM:00/LNXPWRBN:00/input/input0
[    3.466622][    T1] ACPI: button: Power Button [PWRF]
[    3.499829][  T217] kworker/u4:0 (217) used greatest stack depth: 27472 bytes left
[    3.526310][  T297] kworker/u4:1 (297) used greatest stack depth: 27424 bytes left
[    3.628104][    T1] N_HDLC line discipline registered with maxframe=4096
[    3.628914][    T1] Serial: 8250/16550 driver, 4 ports, IRQ sharing enabled
[    3.630066][    T1] 00:04: ttyS0 at I/O 0x3f8 (irq = 4, base_baud = 115200) is a 16550A
[    3.642623][    T1] Non-volatile memory driver v1.3
[    3.643325][    T1] Linux agpgart interface v0.103
[    3.645534][    T1] ACPI: bus type drm_connector registered
[    3.649791][    T1] [drm] Initialized vgem 1.0.0 20120112 for vgem on minor 0
[    3.653431][    T1] [drm] Initialized vkms 1.0.0 20180514 for vkms on minor 1
[    3.702602][    T1] Console: switching to colour frame buffer device 128x48
[    3.719951][    T1] platform vkms: [drm] fb0: vkmsdrmfb frame buffer device
[    3.721087][    T1] usbcore: registered new interface driver udl
[    3.722021][    T1] bochs-drm 0000:00:02.0: vgaarb: deactivate vga console
[    3.724492][    T1] [drm] Found bochs VGA, ID 0xb0c5.
[    3.725064][    T1] [drm] Framebuffer size 16384 kB @ 0xfd000000, mmio @ 0xfebf0000.
[    3.727348][    T1] [drm] Found EDID data blob.
[    3.728951][    T1] [drm] Initialized bochs-drm 1.0.0 20130925 for 0000:00:02.0 on minor 2
[    3.733053][    T1] fbcon: bochs-drmdrmfb (fb1) is primary device
[    3.733064][    T1] fbcon: Remapping primary device, fb1, to tty 1-63
[    9.561368][    T1] bochs-drm 0000:00:02.0: [drm] fb1: bochs-drmdrmfb frame buffer device
[    9.571048][   T11] Floppy drive(s): fd0 is 2.88M AMI BIOS
[    9.601709][   T11] FDC 0 is a S82078B
[    9.621586][    T1] brd: module loaded
[    9.655756][    T1] loop: module loaded
[    9.697304][    T1] zram: Added device: zram0
[    9.701351][    T1] null_blk: disk nullb0 created
[    9.701892][    T1] null_blk: module loaded
[    9.702535][    T1] Guest personality initialized and is inactive
[    9.703507][    T1] VMCI host device registered (name=vmci, major=10, minor=118)
[    9.704343][    T1] Initialized host personality
[    9.705051][    T1] usbcore: registered new interface driver rtsx_usb
[    9.706269][    T1] usbcore: registered new interface driver viperboard
[    9.707334][    T1] usbcore: registered new interface driver dln2
[    9.708305][    T1] usbcore: registered new interface driver pn533_usb
[    9.711218][    T1] nfcsim 0.2 initialized
[    9.711856][    T1] usbcore: registered new interface driver port100
[    9.712726][    T1] usbcore: registered new interface driver nfcmrvl
[    9.715836][    T1] Loading iSCSI transport class v2.0-870.
[    9.719767][    T1] st: Version 20160209, fixed bufsize 32768, s/g segs 256
[    9.730774][    T1] scsi host0: ata_piix
[    9.733113][    T1] scsi host1: ata_piix
[    9.733954][    T1] ata1: PATA max MWDMA2 cmd 0x1f0 ctl 0x3f6 bmdma 0xc000 irq 14
[    9.734800][    T1] ata2: PATA max MWDMA2 cmd 0x170 ctl 0x376 bmdma 0xc008 irq 15
[    9.737817][    T1] Rounding down aligned max_sectors from 4294967295 to 4294967288
[    9.738908][    T1] db_root: cannot open: /etc/target
[    9.739815][    T1] slram: not enough parameters.
[    9.743136][    T1] ftl_cs: FTL header not found.
[    9.756447][    T1] wireguard: WireGuard 1.0.0 loaded. See www.wireguard.com for information.
[    9.757408][    T1] wireguard: Copyright (C) 2015-2019 Jason A. Donenfeld <Jason@zx2c4.com>. All Rights Reserved.
[    9.758546][    T1] eql: Equalizer2002: Simon Janes (simon@ncm.com) and David S. Miller (davem@redhat.com)
[    9.762652][    T1] MACsec IEEE 802.1AE
[    9.768556][    T1] tun: Universal TUN/TAP device driver, 1.6
[    9.769902][    T1] vcan: Virtual CAN interface driver
[    9.770493][    T1] vxcan: Virtual CAN Tunnel driver
[    9.771168][    T1] slcan: serial line CAN interface driver
[    9.771806][    T1] CAN device driver interface
[    9.772496][    T1] usbcore: registered new interface driver usb_8dev
[    9.773384][    T1] usbcore: registered new interface driver ems_usb
[    9.774271][    T1] usbcore: registered new interface driver gs_usb
[    9.775140][    T1] usbcore: registered new interface driver kvaser_usb
[    9.776051][    T1] usbcore: registered new interface driver mcba_usb
[    9.776947][    T1] usbcore: registered new interface driver peak_usb
[    9.778026][    T1] e100: Intel(R) PRO/100 Network Driver
[    9.778642][    T1] e100: Copyright(c) 1999-2006 Intel Corporation
[    9.779498][    T1] e1000: Intel(R) PRO/1000 Network Driver
[    9.780174][    T1] e1000: Copyright (c) 1999-2006 Intel Corporation.
[    9.781262][    T1] e1000e: Intel(R) PRO/1000 Network Driver
[    9.781905][    T1] e1000e: Copyright(c) 1999 - 2015 Intel Corporation.
[    9.783317][    T1] mkiss: AX.25 Multikiss, Hans Albas PE1AYX
[    9.783976][    T1] AX.25: 6pack driver, Revision: 0.3.0
[    9.784582][    T1] AX.25: bpqether driver version 004
[    9.785159][    T1] PPP generic driver version 2.4.2
[    9.786163][    T1] PPP BSD Compression module registered
[    9.786786][    T1] PPP Deflate Compression module registered
[    9.787458][    T1] PPP MPPE Compression module registered
[    9.788085][    T1] NET: Registered PF_PPPOX protocol family
[    9.788811][    T1] PPTP driver version 0.8.5
[    9.789460][    T1] SLIP: version 0.8.4-NET3.019-NEWTTY (dynamic channels, max=256) (6 bit encapsulation enabled).
[    9.790707][    T1] CSLIP: code copyright 1989 Regents of the University of California.
[    9.791650][    T1] SLIP linefill/keepalive option.
[    9.792255][    T1] hdlc: HDLC support module revision 1.22
[    9.792936][    T1] LAPB Ethernet driver version 0.02
[    9.794057][    T1] usbcore: registered new interface driver ath9k_htc
[    9.795048][    T1] usbcore: registered new interface driver carl9170
[    9.796022][    T1] usbcore: registered new interface driver ath6kl_usb
[    9.796989][    T1] usbcore: registered new interface driver ar5523
[    9.798079][    T1] usbcore: registered new interface driver ath10k_usb
[    9.799061][    T1] usbcore: registered new interface driver rndis_wlan
[    9.800086][    T1] mac80211_hwsim: initializing netlink
[    9.812951][    T1] usbcore: registered new interface driver atusb
[    9.818794][    T1] mac802154_hwsim mac802154_hwsim: Added 2 mac802154 hwsim hardware radios
[    9.820420][    T1] VMware vmxnet3 virtual NIC driver - version 1.7.0.0-k-NAPI
[    9.821661][    T1] usbcore: registered new interface driver catc
[    9.822590][    T1] usbcore: registered new interface driver kaweth
[    9.823372][    T1] pegasus: Pegasus/Pegasus II USB Ethernet driver
[    9.824317][    T1] usbcore: registered new interface driver pegasus
[    9.825263][    T1] usbcore: registered new interface driver rtl8150
[    9.826211][    T1] usbcore: registered new interface driver r8152
[    9.826969][    T1] hso: drivers/net/usb/hso.c: Option Wireless
[    9.827896][    T1] usbcore: registered new interface driver hso
[    9.828803][    T1] usbcore: registered new interface driver lan78xx
[    9.829741][    T1] usbcore: registered new interface driver asix
[    9.830693][    T1] usbcore: registered new interface driver ax88179_178a
[    9.831842][    T1] usbcore: registered new interface driver cdc_ether
[    9.832815][    T1] usbcore: registered new interface driver cdc_eem
[    9.833768][    T1] usbcore: registered new interface driver dm9601
[    9.834705][    T1] usbcore: registered new interface driver sr9700
[    9.835592][    T1] usbcore: registered new interface driver CoreChips
[    9.836504][    T1] usbcore: registered new interface driver smsc75xx
[    9.837397][    T1] usbcore: registered new interface driver smsc95xx
[    9.838302][    T1] usbcore: registered new interface driver gl620a
[    9.839179][    T1] usbcore: registered new interface driver net1080
[    9.840071][    T1] usbcore: registered new interface driver plusb
[    9.840967][    T1] usbcore: registered new interface driver rndis_host
[    9.841899][    T1] usbcore: registered new interface driver cdc_subset
[    9.842821][    T1] usbcore: registered new interface driver zaurus
[    9.843700][    T1] usbcore: registered new interface driver MOSCHIP usb-ethernet driver
[    9.844793][    T1] usbcore: registered new interface driver int51x1
[    9.845696][    T1] usbcore: registered new interface driver cdc_phonet
[    9.846624][    T1] usbcore: registered new interface driver kalmia
[    9.847533][    T1] usbcore: registered new interface driver ipheth
[    9.848424][    T1] usbcore: registered new interface driver sierra_net
[    9.849348][    T1] usbcore: registered new interface driver cx82310_eth
[    9.850282][    T1] usbcore: registered new interface driver cdc_ncm
[    9.851322][    T1] usbcore: registered new interface driver huawei_cdc_ncm
[    9.852289][    T1] usbcore: registered new interface driver lg-vl600
[    9.853201][    T1] usbcore: registered new interface driver qmi_wwan
[    9.854110][    T1] usbcore: registered new interface driver cdc_mbim
[    9.855022][    T1] usbcore: registered new interface driver ch9200
[    9.855915][    T1] usbcore: registered new interface driver r8153_ecm
[    9.859788][    T1] VFIO - User Level meta-driver version: 0.3
[    9.862918][    T1] aoe: AoE v85 initialised.
[    9.868762][    T1] SPI driver max3421-hcd has no spi_device_id for maxim,max3421
[    9.870092][    T1] usbcore: registered new interface driver cdc_acm
[    9.870863][    T1] cdc_acm: USB Abstract Control Model driver for USB modems and ISDN adapters
[    9.872050][    T1] usbcore: registered new interface driver usblp
[    9.872926][    T1] usbcore: registered new interface driver cdc_wdm
[    9.874358][    T1] usbcore: registered new interface driver usbtmc
[    9.875393][    T1] usbcore: registered new interface driver uas
[    9.876255][    T1] usbcore: registered new interface driver usb-storage
[    9.877174][    T1] usbcore: registered new interface driver ums-alauda
[    9.878083][    T1] usbcore: registered new interface driver ums-cypress
[    9.879005][    T1] usbcore: registered new interface driver ums-datafab
[    9.879936][    T1] usbcore: registered new interface driver ums_eneub6250
[    9.880903][    T1] usbcore: registered new interface driver ums-freecom
[    9.881823][    T1] usbcore: registered new interface driver ums-isd200
[    9.882739][    T1] usbcore: registered new interface driver ums-jumpshot
[    9.883663][    T1] usbcore: registered new interface driver ums-karma
[    9.884599][    T1] usbcore: registered new interface driver ums-onetouch
[    9.885529][    T1] usbcore: registered new interface driver ums-realtek
[    9.886445][    T1] usbcore: registered new interface driver ums-sddr09
[    9.887356][    T1] usbcore: registered new interface driver ums-sddr55
[    9.888267][    T1] usbcore: registered new interface driver ums-usbat
[    9.889202][    T1] usbcore: registered new interface driver mdc800
[    9.889934][    T1] mdc800: v0.7.5 (30/10/2000):USB Driver for Mustek MDC800 Digital Camera
[    9.891287][    T1] usbcore: registered new interface driver microtekX6
[    9.892382][    T1] usbcore: registered new interface driver usbserial_generic
[    9.893504][    T1] usbserial: USB Serial support registered for generic
[    9.894470][    T1] usbcore: registered new interface driver aircable
[    9.895365][    T1] usbserial: USB Serial support registered for aircable
[    9.896334][    T1] usbcore: registered new interface driver ark3116
[    9.897220][    T1] usbserial: USB Serial support registered for ark3116
[    9.898146][    T1] usbcore: registered new interface driver belkin_sa
[    9.899208][    T1] usbserial: USB Serial support registered for Belkin / Peracom / GoHubs USB Serial Adapter
[    9.900504][    T1] usbcore: registered new interface driver ch341
[    9.901017][  T968] ata2: found unknown device (class 0)
[    9.901482][    T1] usbserial: USB Serial support registered for ch341-uart
[    9.902937][    T1] usbcore: registered new interface driver cp210x
[    9.903533][  T968] ata2.00: ATAPI: QEMU DVD-ROM, 2.5+, max UDMA/100
[    9.903771][    T1] usbserial: USB Serial support registered for cp210x
[    9.905425][    T1] usbcore: registered new interface driver cyberjack
[    9.906281][    T1] usbserial: USB Serial support registered for Reiner SCT Cyberjack USB card reader
[    9.907403][    T1] usbcore: registered new interface driver cypress_m8
[    9.908223][    T1] usbserial: USB Serial support registered for DeLorme Earthmate USB
[    9.909185][    T1] usbserial: USB Serial support registered for HID->COM RS232 Adapter
[    9.910160][    T1] usbserial: USB Serial support registered for Nokia CA-42 V2 Adapter
[    9.911535][    T1] usbcore: registered new interface driver usb_debug
[    9.912349][    T1] usbserial: USB Serial support registered for debug
[    9.913146][    T1] usbserial: USB Serial support registered for xhci_dbc
[    9.914064][    T1] usbcore: registered new interface driver digi_acceleport
[    9.915032][    T1] usbserial: USB Serial support registered for Digi 2 port USB adapter
[    9.916141][    T1] usbserial: USB Serial support registered for Digi 4 port USB adapter
[    9.916987][   T39] scsi 1:0:0:0: CD-ROM            QEMU     QEMU DVD-ROM     2.5+ PQ: 0 ANSI: 5
[    9.917313][    T1] usbcore: registered new interface driver io_edgeport
[    9.919258][    T1] usbserial: USB Serial support registered for Edgeport 2 port adapter
[    9.920505][    T1] usbserial: USB Serial support registered for Edgeport 4 port adapter
[    9.921733][    T1] usbserial: USB Serial support registered for Edgeport 8 port adapter
[    9.922821][    T1] usbserial: USB Serial support registered for EPiC device
[    9.923805][    T1] usbcore: registered new interface driver io_ti
[    9.924933][    T1] usbserial: USB Serial support registered for Edgeport TI 1 port adapter
[    9.926033][    T1] usbserial: USB Serial support registered for Edgeport TI 2 port adapter
[    9.927169][    T1] usbcore: registered new interface driver empeg
[    9.928041][    T1] usbserial: USB Serial support registered for empeg
[    9.928966][    T1] usbcore: registered new interface driver f81534a_ctrl
[    9.929919][    T1] usbcore: registered new interface driver f81232
[    9.930871][    T1] usbserial: USB Serial support registered for f81232
[    9.931793][    T1] usbserial: USB Serial support registered for f81534a
[    9.932734][    T1] usbcore: registered new interface driver f81534
[    9.933614][    T1] usbserial: USB Serial support registered for Fintek F81532/F81534
[    9.934669][    T1] usbcore: registered new interface driver ftdi_sio
[    9.935566][    T1] usbserial: USB Serial support registered for FTDI USB Serial Device
[    9.936669][    T1] usbcore: registered new interface driver garmin_gps
[    9.937586][    T1] usbserial: USB Serial support registered for Garmin GPS usb/tty
[    9.938629][    T1] usbcore: registered new interface driver ipaq
[    9.939489][    T1] usbserial: USB Serial support registered for PocketPC PDA
[    9.940475][    T1] usbcore: registered new interface driver ipw
[    9.941356][    T1] usbserial: USB Serial support registered for IPWireless converter
[    9.942457][    T1] usbcore: registered new interface driver ir_usb
[    9.943332][    T1] usbserial: USB Serial support registered for IR Dongle
[    9.944281][    T1] usbcore: registered new interface driver iuu_phoenix
[    9.945208][    T1] usbserial: USB Serial support registered for iuu_phoenix
[    9.946194][    T1] usbcore: registered new interface driver keyspan
[    9.947076][    T1] usbserial: USB Serial support registered for Keyspan - (without firmware)
[    9.948229][    T1] usbserial: USB Serial support registered for Keyspan 1 port adapter
[    9.949310][    T1] usbserial: USB Serial support registered for Keyspan 2 port adapter
[    9.950383][    T1] usbserial: USB Serial support registered for Keyspan 4 port adapter
[    9.951495][    T1] usbcore: registered new interface driver keyspan_pda
[    9.952423][    T1] usbserial: USB Serial support registered for Keyspan PDA
[    9.953391][    T1] usbserial: USB Serial support registered for Keyspan PDA - (prerenumeration)
[    9.954586][    T1] usbcore: registered new interface driver kl5kusb105
[    9.955505][    T1] usbserial: USB Serial support registered for KL5KUSB105D / PalmConnect
[    9.956615][    T1] usbcore: registered new interface driver kobil_sct
[    9.957514][    T1] usbserial: USB Serial support registered for KOBIL USB smart card terminal
[    9.958671][    T1] usbcore: registered new interface driver mct_u232
[    9.959567][    T1] usbserial: USB Serial support registered for MCT U232
[    9.960548][    T1] usbcore: registered new interface driver metro_usb
[    9.961485][    T1] usbserial: USB Serial support registered for Metrologic USB to Serial
[    9.962629][    T1] usbcore: registered new interface driver mos7720
[    9.963753][    T1] usbserial: USB Serial support registered for Moschip 2 port adapter
[    9.965073][    T1] usbcore: registered new interface driver mos7840
[    9.965961][    T1] usbserial: USB Serial support registered for Moschip 7840/7820 USB Serial Driver
[    9.967174][    T1] usbcore: registered new interface driver mxuport
[    9.968064][    T1] usbserial: USB Serial support registered for MOXA UPort
[    9.969042][    T1] usbcore: registered new interface driver navman
[    9.969914][    T1] usbserial: USB Serial support registered for navman
[    9.970890][    T1] usbcore: registered new interface driver omninet
[    9.971774][    T1] usbserial: USB Serial support registered for ZyXEL - omni.net usb
[    9.972845][    T1] usbcore: registered new interface driver opticon
[    9.973729][    T1] usbserial: USB Serial support registered for opticon
[    9.974670][    T1] usbcore: registered new interface driver option
[    9.975583][    T1] usbserial: USB Serial support registered for GSM modem (1-port)
[    9.976625][    T1] usbcore: registered new interface driver oti6858
[    9.977519][    T1] usbserial: USB Serial support registered for oti6858
[    9.978453][    T1] usbcore: registered new interface driver pl2303
[    9.979347][    T1] usbserial: USB Serial support registered for pl2303
[    9.980284][    T1] usbcore: registered new interface driver qcaux
[    9.981200][    T1] usbserial: USB Serial support registered for qcaux
[    9.982111][    T1] usbcore: registered new interface driver qcserial
[    9.983010][    T1] usbserial: USB Serial support registered for Qualcomm USB modem
[    9.984066][    T1] usbcore: registered new interface driver quatech2
[    9.984963][    T1] usbserial: USB Serial support registered for Quatech 2nd gen USB to Serial Driver
[    9.986179][    T1] usbcore: registered new interface driver safe_serial
[    9.987134][    T1] usbserial: USB Serial support registered for safe_serial
[    9.988273][    T1] usbcore: registered new interface driver sierra
[    9.989149][    T1] usbserial: USB Serial support registered for Sierra USB modem
[    9.990166][    T1] usbcore: registered new interface driver usb_serial_simple
[    9.991183][    T1] usbserial: USB Serial support registered for carelink
[    9.992131][    T1] usbserial: USB Serial support registered for zio
[    9.993030][    T1] usbserial: USB Serial support registered for funsoft
[    9.993952][    T1] usbserial: USB Serial support registered for flashloader
[    9.994916][    T1] usbserial: USB Serial support registered for google
[    9.995836][    T1] usbserial: USB Serial support registered for libtransistor
[    9.996825][    T1] usbserial: USB Serial support registered for vivopay
[    9.997745][    T1] usbserial: USB Serial support registered for moto_modem
[    9.998710][    T1] usbserial: USB Serial support registered for motorola_tetra
[    9.999702][    T1] usbserial: USB Serial support registered for nokia
[   10.000629][    T1] usbserial: USB Serial support registered for novatel_gps
[   10.001731][    T1] usbserial: USB Serial support registered for hp4x
[   10.002708][    T1] usbserial: USB Serial support registered for suunto
[   10.002750][   T39] sr 1:0:0:0: [sr0] scsi3-mmc drive: 4x/4x cd/rw xa/form2 tray
[   10.003621][    T1] usbserial: USB Serial support registered for siemens_mpi
[   10.004392][   T39] cdrom: Uniform CD-ROM driver Revision: 3.20
[   10.005347][    T1] usbcore: registered new interface driver spcp8x5
[   10.006870][    T1] usbserial: USB Serial support registered for SPCP8x5
[   10.007802][    T1] usbcore: registered new interface driver ssu100
[   10.008693][    T1] usbserial: USB Serial support registered for Quatech SSU-100 USB to Serial Driver
[   10.009919][    T1] usbcore: registered new interface driver symbolserial
[   10.011037][    T1] usbserial: USB Serial support registered for symbol
[   10.011992][    T1] usbcore: registered new interface driver ti_usb_3410_5052
[   10.012962][    T1] usbserial: USB Serial support registered for TI USB 3410 1 port adapter
[   10.014060][    T1] usbserial: USB Serial support registered for TI USB 5052 2 port adapter
[   10.015174][    T1] usbcore: registered new interface driver upd78f0730
[   10.016090][    T1] usbserial: USB Serial support registered for upd78f0730
[   10.017054][    T1] usbcore: registered new interface driver visor
[   10.017934][    T1] usbserial: USB Serial support registered for Handspring Visor / Palm OS
[   10.019035][    T1] usbserial: USB Serial support registered for Sony Clie 5.0
[   10.020023][    T1] usbserial: USB Serial support registered for Sony Clie 3.5
[   10.021030][    T1] usbcore: registered new interface driver wishbone_serial
[   10.021993][    T1] usbserial: USB Serial support registered for wishbone_serial
[   10.022995][    T1] usbcore: registered new interface driver whiteheat
[   10.023926][    T1] usbserial: USB Serial support registered for Connect Tech - WhiteHEAT - (prerenumeration)
[   10.025216][    T1] usbserial: USB Serial support registered for Connect Tech - WhiteHEAT
[   10.026306][    T1] usbcore: registered new interface driver xr_serial
[   10.027215][    T1] usbserial: USB Serial support registered for xr_serial
[   10.028165][    T1] usbcore: registered new interface driver xsens_mt
[   10.029061][    T1] usbserial: USB Serial support registered for xsens_mt
[   10.030031][    T1] usbcore: registered new interface driver adutux
[   10.031106][    T1] usbcore: registered new interface driver appledisplay
[   10.032054][    T1] usbcore: registered new interface driver cypress_cy7c63
[   10.033014][    T1] usbcore: registered new interface driver cytherm
[   10.033911][    T1] usbcore: registered new interface driver emi26 - firmware loader
[   10.034957][    T1] usbcore: registered new interface driver emi62 - firmware loader
[   10.035857][    T1] ftdi_elan: driver ftdi-elan
[   10.036577][    T1] usbcore: registered new interface driver ftdi-elan
[   10.037488][    T1] usbcore: registered new interface driver idmouse
[   10.038379][    T1] usbcore: registered new interface driver iowarrior
[   10.039449][    T1] usbcore: registered new interface driver isight_firmware
[   10.040435][    T1] usbcore: registered new interface driver usblcd
[   10.041367][    T1] usbcore: registered new interface driver ldusb
[   10.042320][    T1] usbcore: registered new interface driver legousbtower
[   10.043412][    T1] usbcore: registered new interface driver usbtest
[   10.044238][    T1] usbcore: registered new interface driver usb_ehset_test
[   10.045105][    T1] usbcore: registered new interface driver trancevibrator
[   10.046013][    T1] usbcore: registered new interface driver uss720
[   10.046867][    T1] uss720: USB Parport Cable driver for Cables using the Lucent Technologies USS720 Chip
[   10.047983][    T1] uss720: NOTE: this is a special purpose driver to allow nonstandard
[   10.047984][   T39] sr 1:0:0:0: Attached scsi generic sg0 type 5
[   10.048907][    T1] uss720: protocols (eg. bitbang) over USS720 usb to parallel cables
[   10.048912][    T1] uss720: If you just want to connect to a printer, use usblp instead
[   10.048983][    T1] usbcore: registered new interface driver usbsevseg
[   10.054608][    T1] usbcore: registered new interface driver yurex
[   10.055586][    T1] usbcore: registered new interface driver chaoskey
[   10.056407][    T1] usbcore: registered new interface driver sisusb
[   10.057192][    T1] usbcore: registered new interface driver lvs
[   10.057953][    T1] usbcore: registered new interface driver cxacru
[   10.058739][    T1] usbcore: registered new interface driver speedtch
[   10.059546][    T1] usbcore: registered new interface driver ueagle-atm
[   10.060329][    T1] xusbatm: malformed module parameters
[   10.062098][    T1] dummy_hcd dummy_hcd.0: USB Host+Gadget Emulator, driver 02 May 2005
[   10.063038][    T1] dummy_hcd dummy_hcd.0: Dummy host controller
[   10.064649][    T1] dummy_hcd dummy_hcd.0: new USB bus registered, assigned bus number 1
[   10.066157][    T1] usb usb1: New USB device found, idVendor=1d6b, idProduct=0002, bcdDevice= 6.02
[   10.067225][    T1] usb usb1: New USB device strings: Mfr=3, Product=2, SerialNumber=1
[   10.068158][    T1] usb usb1: Product: Dummy host controller
[   10.068845][    T1] usb usb1: Manufacturer: Linux 6.2.0-rc8-00085-g1bdd951133f3-dirty dummy_hcd
[   10.069891][    T1] usb usb1: SerialNumber: dummy_hcd.0
[   10.072215][    T1] hub 1-0:1.0: USB hub found
[   10.072971][    T1] hub 1-0:1.0: 1 port detected
[   10.077089][    T1] gadgetfs: USB Gadget filesystem, version 24 Aug 2004
[   10.080195][    T1] vhci_hcd vhci_hcd.0: USB/IP Virtual Host Controller
[   10.081740][    T1] vhci_hcd vhci_hcd.0: new USB bus registered, assigned bus number 2
[   10.082875][    T1] vhci_hcd: created sysfs vhci_hcd.0
[   10.083813][    T1] usb usb2: New USB device found, idVendor=1d6b, idProduct=0002, bcdDevice= 6.02
[   10.084871][    T1] usb usb2: New USB device strings: Mfr=3, Product=2, SerialNumber=1
[   10.085793][    T1] usb usb2: Product: USB/IP Virtual Host Controller
[   10.086545][    T1] usb usb2: Manufacturer: Linux 6.2.0-rc8-00085-g1bdd951133f3-dirty vhci_hcd
[   10.087539][    T1] usb usb2: SerialNumber: vhci_hcd.0
[   10.089118][    T1] hub 2-0:1.0: USB hub found
[   10.089744][    T1] hub 2-0:1.0: 8 ports detected
[   10.094379][    T1] vhci_hcd vhci_hcd.0: USB/IP Virtual Host Controller
[   10.095446][    T1] vhci_hcd vhci_hcd.0: new USB bus registered, assigned bus number 3
[   10.096516][    T1] usb usb3: We don't know the algorithms for LPM for this host, disabling LPM.
[   10.097831][    T1] usb usb3: New USB device found, idVendor=1d6b, idProduct=0003, bcdDevice= 6.02
[   10.098871][    T1] usb usb3: New USB device strings: Mfr=3, Product=2, SerialNumber=1
[   10.099793][    T1] usb usb3: Product: USB/IP Virtual Host Controller
[   10.100550][    T1] usb usb3: Manufacturer: Linux 6.2.0-rc8-00085-g1bdd951133f3-dirty vhci_hcd
[   10.101609][    T1] usb usb3: SerialNumber: vhci_hcd.0
[   10.103189][    T1] hub 3-0:1.0: USB hub found
[   10.103796][    T1] hub 3-0:1.0: 8 ports detected
[   10.107931][    T1] vhci_hcd vhci_hcd.1: USB/IP Virtual Host Controller
[   10.109007][    T1] vhci_hcd vhci_hcd.1: new USB bus registered, assigned bus number 4
[   10.110253][    T1] usb usb4: New USB device found, idVendor=1d6b, idProduct=0002, bcdDevice= 6.02
[   10.111434][    T1] usb usb4: New USB device strings: Mfr=3, Product=2, SerialNumber=1
[   10.112361][    T1] usb usb4: Product: USB/IP Virtual Host Controller
[   10.113113][    T1] usb usb4: Manufacturer: Linux 6.2.0-rc8-00085-g1bdd951133f3-dirty vhci_hcd
[   10.114113][    T1] usb usb4: SerialNumber: vhci_hcd.1
[   10.115993][    T1] hub 4-0:1.0: USB hub found
[   10.116627][    T1] hub 4-0:1.0: 8 ports detected
[   10.120191][    T1] vhci_hcd vhci_hcd.1: USB/IP Virtual Host Controller
[   10.121370][    T1] vhci_hcd vhci_hcd.1: new USB bus registered, assigned bus number 5
[   10.122500][    T1] usb usb5: We don't know the algorithms for LPM for this host, disabling LPM.
[   10.123851][    T1] usb usb5: New USB device found, idVendor=1d6b, idProduct=0003, bcdDevice= 6.02
[   10.124961][    T1] usb usb5: New USB device strings: Mfr=3, Product=2, SerialNumber=1
[   10.125923][    T1] usb usb5: Product: USB/IP Virtual Host Controller
[   10.126713][    T1] usb usb5: Manufacturer: Linux 6.2.0-rc8-00085-g1bdd951133f3-dirty vhci_hcd
[   10.127764][    T1] usb usb5: SerialNumber: vhci_hcd.1
[   10.129428][    T1] hub 5-0:1.0: USB hub found
[   10.130112][    T1] hub 5-0:1.0: 8 ports detected
[   10.134519][    T1] vhci_hcd vhci_hcd.2: USB/IP Virtual Host Controller
[   10.135675][    T1] vhci_hcd vhci_hcd.2: new USB bus registered, assigned bus number 6
[   10.136998][    T1] usb usb6: New USB device found, idVendor=1d6b, idProduct=0002, bcdDevice= 6.02
[   10.138095][    T1] usb usb6: New USB device strings: Mfr=3, Product=2, SerialNumber=1
[   10.139063][    T1] usb usb6: Product: USB/IP Virtual Host Controller
[   10.139850][    T1] usb usb6: Manufacturer: Linux 6.2.0-rc8-00085-g1bdd951133f3-dirty vhci_hcd
[   10.140927][    T1] usb usb6: SerialNumber: vhci_hcd.2
[   10.142582][    T1] hub 6-0:1.0: USB hub found
[   10.143213][    T1] hub 6-0:1.0: 8 ports detected
[   10.146815][    T1] vhci_hcd vhci_hcd.2: USB/IP Virtual Host Controller
[   10.147973][    T1] vhci_hcd vhci_hcd.2: new USB bus registered, assigned bus number 7
[   10.149073][    T1] usb usb7: We don't know the algorithms for LPM for this host, disabling LPM.
[   10.150422][    T1] usb usb7: New USB device found, idVendor=1d6b, idProduct=0003, bcdDevice= 6.02
[   10.151558][    T1] usb usb7: New USB device strings: Mfr=3, Product=2, SerialNumber=1
[   10.152535][    T1] usb usb7: Product: USB/IP Virtual Host Controller
[   10.153317][    T1] usb usb7: Manufacturer: Linux 6.2.0-rc8-00085-g1bdd951133f3-dirty vhci_hcd
[   10.154309][    T1] usb usb7: SerialNumber: vhci_hcd.2
[   10.155887][    T1] hub 7-0:1.0: USB hub found
[   10.156490][    T1] hub 7-0:1.0: 8 ports detected
[   10.160436][    T1] vhci_hcd vhci_hcd.3: USB/IP Virtual Host Controller
[   10.161540][    T1] vhci_hcd vhci_hcd.3: new USB bus registered, assigned bus number 8
[   10.162795][    T1] usb usb8: New USB device found, idVendor=1d6b, idProduct=0002, bcdDevice= 6.02
[   10.163841][    T1] usb usb8: New USB device strings: Mfr=3, Product=2, SerialNumber=1
[   10.164763][    T1] usb usb8: Product: USB/IP Virtual Host Controller
[   10.165507][    T1] usb usb8: Manufacturer: Linux 6.2.0-rc8-00085-g1bdd951133f3-dirty vhci_hcd
[   10.166500][    T1] usb usb8: SerialNumber: vhci_hcd.3
[   10.168047][    T1] hub 8-0:1.0: USB hub found
[   10.168646][    T1] hub 8-0:1.0: 8 ports detected
[   10.171937][    T1] vhci_hcd vhci_hcd.3: USB/IP Virtual Host Controller
[   10.173008][    T1] vhci_hcd vhci_hcd.3: new USB bus registered, assigned bus number 9
[   10.174067][    T1] usb usb9: We don't know the algorithms for LPM for this host, disabling LPM.
[   10.175336][    T1] usb usb9: New USB device found, idVendor=1d6b, idProduct=0003, bcdDevice= 6.02
[   10.176384][    T1] usb usb9: New USB device strings: Mfr=3, Product=2, SerialNumber=1
[   10.177300][    T1] usb usb9: Product: USB/IP Virtual Host Controller
[   10.178050][    T1] usb usb9: Manufacturer: Linux 6.2.0-rc8-00085-g1bdd951133f3-dirty vhci_hcd
[   10.179043][    T1] usb usb9: SerialNumber: vhci_hcd.3
[   10.180584][    T1] hub 9-0:1.0: USB hub found
[   10.181216][    T1] hub 9-0:1.0: 8 ports detected
[   10.185382][    T1] vhci_hcd vhci_hcd.4: USB/IP Virtual Host Controller
[   10.186486][    T1] vhci_hcd vhci_hcd.4: new USB bus registered, assigned bus number 10
[   10.187732][    T1] usb usb10: New USB device found, idVendor=1d6b, idProduct=0002, bcdDevice= 6.02
[   10.188793][    T1] usb usb10: New USB device strings: Mfr=3, Product=2, SerialNumber=1
[   10.189720][    T1] usb usb10: Product: USB/IP Virtual Host Controller
[   10.190477][    T1] usb usb10: Manufacturer: Linux 6.2.0-rc8-00085-g1bdd951133f3-dirty vhci_hcd
[   10.191507][    T1] usb usb10: SerialNumber: vhci_hcd.4
[   10.193052][    T1] hub 10-0:1.0: USB hub found
[   10.193656][    T1] hub 10-0:1.0: 8 ports detected
[   10.196954][    T1] vhci_hcd vhci_hcd.4: USB/IP Virtual Host Controller
[   10.198033][    T1] vhci_hcd vhci_hcd.4: new USB bus registered, assigned bus number 11
[   10.199089][    T1] usb usb11: We don't know the algorithms for LPM for this host, disabling LPM.
[   10.200373][    T1] usb usb11: New USB device found, idVendor=1d6b, idProduct=0003, bcdDevice= 6.02
[   10.201448][    T1] usb usb11: New USB device strings: Mfr=3, Product=2, SerialNumber=1
[   10.202378][    T1] usb usb11: Product: USB/IP Virtual Host Controller
[   10.203136][    T1] usb usb11: Manufacturer: Linux 6.2.0-rc8-00085-g1bdd951133f3-dirty vhci_hcd
[   10.204166][    T1] usb usb11: SerialNumber: vhci_hcd.4
[   10.205824][    T1] hub 11-0:1.0: USB hub found
[   10.206437][    T1] hub 11-0:1.0: 8 ports detected
[   10.210394][    T1] vhci_hcd vhci_hcd.5: USB/IP Virtual Host Controller
[   10.211603][    T1] vhci_hcd vhci_hcd.5: new USB bus registered, assigned bus number 12
[   10.212849][    T1] usb usb12: New USB device found, idVendor=1d6b, idProduct=0002, bcdDevice= 6.02
[   10.213895][    T1] usb usb12: New USB device strings: Mfr=3, Product=2, SerialNumber=1
[   10.214817][    T1] usb usb12: Product: USB/IP Virtual Host Controller
[   10.215574][    T1] usb usb12: Manufacturer: Linux 6.2.0-rc8-00085-g1bdd951133f3-dirty vhci_hcd
[   10.216580][    T1] usb usb12: SerialNumber: vhci_hcd.5
[   10.218259][    T1] hub 12-0:1.0: USB hub found
[   10.218867][    T1] hub 12-0:1.0: 8 ports detected
[   10.222171][    T1] vhci_hcd vhci_hcd.5: USB/IP Virtual Host Controller
[   10.223268][    T1] vhci_hcd vhci_hcd.5: new USB bus registered, assigned bus number 13
[   10.224334][    T1] usb usb13: We don't know the algorithms for LPM for this host, disabling LPM.
[   10.225614][    T1] usb usb13: New USB device found, idVendor=1d6b, idProduct=0003, bcdDevice= 6.02
[   10.226663][    T1] usb usb13: New USB device strings: Mfr=3, Product=2, SerialNumber=1
[   10.227585][    T1] usb usb13: Product: USB/IP Virtual Host Controller
[   10.228355][    T1] usb usb13: Manufacturer: Linux 6.2.0-rc8-00085-g1bdd951133f3-dirty vhci_hcd
[   10.229360][    T1] usb usb13: SerialNumber: vhci_hcd.5
[   10.231060][    T1] hub 13-0:1.0: USB hub found
[   10.231673][    T1] hub 13-0:1.0: 8 ports detected
[   10.235614][    T1] vhci_hcd vhci_hcd.6: USB/IP Virtual Host Controller
[   10.236685][    T1] vhci_hcd vhci_hcd.6: new USB bus registered, assigned bus number 14
[   10.237920][    T1] usb usb14: New USB device found, idVendor=1d6b, idProduct=0002, bcdDevice= 6.02
[   10.238969][    T1] usb usb14: New USB device strings: Mfr=3, Product=2, SerialNumber=1
[   10.239899][    T1] usb usb14: Product: USB/IP Virtual Host Controller
[   10.240679][    T1] usb usb14: Manufacturer: Linux 6.2.0-rc8-00085-g1bdd951133f3-dirty vhci_hcd
[   10.241684][    T1] usb usb14: SerialNumber: vhci_hcd.6
[   10.243381][    T1] hub 14-0:1.0: USB hub found
[   10.244027][    T1] hub 14-0:1.0: 8 ports detected
[   10.247280][    T1] vhci_hcd vhci_hcd.6: USB/IP Virtual Host Controller
[   10.248420][    T1] vhci_hcd vhci_hcd.6: new USB bus registered, assigned bus number 15
[   10.249485][    T1] usb usb15: We don't know the algorithms for LPM for this host, disabling LPM.
[   10.250790][    T1] usb usb15: New USB device found, idVendor=1d6b, idProduct=0003, bcdDevice= 6.02
[   10.251839][    T1] usb usb15: New USB device strings: Mfr=3, Product=2, SerialNumber=1
[   10.252771][    T1] usb usb15: Product: USB/IP Virtual Host Controller
[   10.253536][    T1] usb usb15: Manufacturer: Linux 6.2.0-rc8-00085-g1bdd951133f3-dirty vhci_hcd
[   10.254538][    T1] usb usb15: SerialNumber: vhci_hcd.6
[   10.256500][    T1] hub 15-0:1.0: USB hub found
[   10.257106][    T1] hub 15-0:1.0: 8 ports detected
[   10.261068][    T1] vhci_hcd vhci_hcd.7: USB/IP Virtual Host Controller
[   10.262446][    T1] vhci_hcd vhci_hcd.7: new USB bus registered, assigned bus number 16
[   10.263689][    T1] usb usb16: New USB device found, idVendor=1d6b, idProduct=0002, bcdDevice= 6.02
[   10.264743][    T1] usb usb16: New USB device strings: Mfr=3, Product=2, SerialNumber=1
[   10.265668][    T1] usb usb16: Product: USB/IP Virtual Host Controller
[   10.266417][    T1] usb usb16: Manufacturer: Linux 6.2.0-rc8-00085-g1bdd951133f3-dirty vhci_hcd
[   10.267415][    T1] usb usb16: SerialNumber: vhci_hcd.7
[   10.269081][    T1] hub 16-0:1.0: USB hub found
[   10.269689][    T1] hub 16-0:1.0: 8 ports detected
[   10.272988][    T1] vhci_hcd vhci_hcd.7: USB/IP Virtual Host Controller
[   10.274107][    T1] vhci_hcd vhci_hcd.7: new USB bus registered, assigned bus number 17
[   10.275161][    T1] usb usb17: We don't know the algorithms for LPM for this host, disabling LPM.
[   10.276449][    T1] usb usb17: New USB device found, idVendor=1d6b, idProduct=0003, bcdDevice= 6.02
[   10.277490][    T1] usb usb17: New USB device strings: Mfr=3, Product=2, SerialNumber=1
[   10.278411][    T1] usb usb17: Product: USB/IP Virtual Host Controller
[   10.279165][    T1] usb usb17: Manufacturer: Linux 6.2.0-rc8-00085-g1bdd951133f3-dirty vhci_hcd
[   10.280162][    T1] usb usb17: SerialNumber: vhci_hcd.7
[   10.281860][    T1] hub 17-0:1.0: USB hub found
[   10.282488][    T1] hub 17-0:1.0: 8 ports detected
[   10.286426][    T1] vhci_hcd vhci_hcd.8: USB/IP Virtual Host Controller
[   10.287480][    T1] vhci_hcd vhci_hcd.8: new USB bus registered, assigned bus number 18
[   10.288723][    T1] usb usb18: New USB device found, idVendor=1d6b, idProduct=0002, bcdDevice= 6.02
[   10.289776][    T1] usb usb18: New USB device strings: Mfr=3, Product=2, SerialNumber=1
[   10.290727][    T1] usb usb18: Product: USB/IP Virtual Host Controller
[   10.291490][    T1] usb usb18: Manufacturer: Linux 6.2.0-rc8-00085-g1bdd951133f3-dirty vhci_hcd
[   10.292497][    T1] usb usb18: SerialNumber: vhci_hcd.8
[   10.294181][    T1] hub 18-0:1.0: USB hub found
[   10.294779][    T1] hub 18-0:1.0: 8 ports detected
[   10.298051][    T1] vhci_hcd vhci_hcd.8: USB/IP Virtual Host Controller
[   10.299243][    T1] vhci_hcd vhci_hcd.8: new USB bus registered, assigned bus number 19
[   10.300314][    T1] usb usb19: We don't know the algorithms for LPM for this host, disabling LPM.
[   10.301731][    T1] usb usb19: New USB device found, idVendor=1d6b, idProduct=0003, bcdDevice= 6.02
[   10.302779][    T1] usb usb19: New USB device strings: Mfr=3, Product=2, SerialNumber=1
[   10.303699][    T1] usb usb19: Product: USB/IP Virtual Host Controller
[   10.304457][    T1] usb usb19: Manufacturer: Linux 6.2.0-rc8-00085-g1bdd951133f3-dirty vhci_hcd
[   10.305452][    T1] usb usb19: SerialNumber: vhci_hcd.8
[   10.307099][    T1] hub 19-0:1.0: USB hub found
[   10.307703][    T1] hub 19-0:1.0: 8 ports detected
[   10.311698][    T1] vhci_hcd vhci_hcd.9: USB/IP Virtual Host Controller
[   10.312768][    T1] vhci_hcd vhci_hcd.9: new USB bus registered, assigned bus number 20
[   10.314021][    T1] usb usb20: New USB device found, idVendor=1d6b, idProduct=0002, bcdDevice= 6.02
[   10.315066][    T1] usb usb20: New USB device strings: Mfr=3, Product=2, SerialNumber=1
[   10.315994][    T1] usb usb20: Product: USB/IP Virtual Host Controller
[   10.316750][    T1] usb usb20: Manufacturer: Linux 6.2.0-rc8-00085-g1bdd951133f3-dirty vhci_hcd
[   10.317743][    T1] usb usb20: SerialNumber: vhci_hcd.9
[   10.319688][    T1] hub 20-0:1.0: USB hub found
[   10.320298][    T1] hub 20-0:1.0: 8 ports detected
[   10.323882][    T1] vhci_hcd vhci_hcd.9: USB/IP Virtual Host Controller
[   10.324981][    T1] vhci_hcd vhci_hcd.9: new USB bus registered, assigned bus number 21
[   10.326042][    T1] usb usb21: We don't know the algorithms for LPM for this host, disabling LPM.
[   10.327318][    T1] usb usb21: New USB device found, idVendor=1d6b, idProduct=0003, bcdDevice= 6.02
[   10.328377][    T1] usb usb21: New USB device strings: Mfr=3, Product=2, SerialNumber=1
[   10.329298][    T1] usb usb21: Product: USB/IP Virtual Host Controller
[   10.330057][    T1] usb usb21: Manufacturer: Linux 6.2.0-rc8-00085-g1bdd951133f3-dirty vhci_hcd
[   10.331103][    T1] usb usb21: SerialNumber: vhci_hcd.9
[   10.332814][    T1] hub 21-0:1.0: USB hub found
[   10.333423][    T1] hub 21-0:1.0: 8 ports detected
[   10.337458][    T1] vhci_hcd vhci_hcd.10: USB/IP Virtual Host Controller
[   10.338606][    T1] vhci_hcd vhci_hcd.10: new USB bus registered, assigned bus number 22
[   10.339879][    T1] usb usb22: New USB device found, idVendor=1d6b, idProduct=0002, bcdDevice= 6.02
[   10.340976][    T1] usb usb22: New USB device strings: Mfr=3, Product=2, SerialNumber=1
[   10.341901][    T1] usb usb22: Product: USB/IP Virtual Host Controller
[   10.342657][    T1] usb usb22: Manufacturer: Linux 6.2.0-rc8-00085-g1bdd951133f3-dirty vhci_hcd
[   10.343658][    T1] usb usb22: SerialNumber: vhci_hcd.10
[   10.345346][    T1] hub 22-0:1.0: USB hub found
[   10.345960][    T1] hub 22-0:1.0: 8 ports detected
[   10.349503][    T1] vhci_hcd vhci_hcd.10: USB/IP Virtual Host Controller
[   10.350669][    T1] vhci_hcd vhci_hcd.10: new USB bus registered, assigned bus number 23
[   10.351863][    T1] usb usb23: We don't know the algorithms for LPM for this host, disabling LPM.
[   10.353166][    T1] usb usb23: New USB device found, idVendor=1d6b, idProduct=0003, bcdDevice= 6.02
[   10.354219][    T1] usb usb23: New USB device strings: Mfr=3, Product=2, SerialNumber=1
[   10.355142][    T1] usb usb23: Product: USB/IP Virtual Host Controller
[   10.355906][    T1] usb usb23: Manufacturer: Linux 6.2.0-rc8-00085-g1bdd951133f3-dirty vhci_hcd
[   10.356911][    T1] usb usb23: SerialNumber: vhci_hcd.10
[   10.358498][    T1] hub 23-0:1.0: USB hub found
[   10.359109][    T1] hub 23-0:1.0: 8 ports detected
[   10.362659][ T1588] kworker/u4:2 (1588) used greatest stack depth: 27120 bytes left
[   10.363356][    T1] vhci_hcd vhci_hcd.11: USB/IP Virtual Host Controller
[   10.365016][    T1] vhci_hcd vhci_hcd.11: new USB bus registered, assigned bus number 24
[   10.366287][    T1] usb usb24: New USB device found, idVendor=1d6b, idProduct=0002, bcdDevice= 6.02
[   10.367339][    T1] usb usb24: New USB device strings: Mfr=3, Product=2, SerialNumber=1
[   10.368271][    T1] usb usb24: Product: USB/IP Virtual Host Controller
[   10.369031][    T1] usb usb24: Manufacturer: Linux 6.2.0-rc8-00085-g1bdd951133f3-dirty vhci_hcd
[   10.370033][    T1] usb usb24: SerialNumber: vhci_hcd.11
[   10.371859][    T1] hub 24-0:1.0: USB hub found
[   10.372487][    T1] hub 24-0:1.0: 8 ports detected
[   10.375793][    T1] vhci_hcd vhci_hcd.11: USB/IP Virtual Host Controller
[   10.376896][    T1] vhci_hcd vhci_hcd.11: new USB bus registered, assigned bus number 25
[   10.377985][    T1] usb usb25: We don't know the algorithms for LPM for this host, disabling LPM.
[   10.379288][    T1] usb usb25: New USB device found, idVendor=1d6b, idProduct=0003, bcdDevice= 6.02
[   10.380352][    T1] usb usb25: New USB device strings: Mfr=3, Product=2, SerialNumber=1
[   10.382085][    T1] usb usb25: Product: USB/IP Virtual Host Controller
[   10.382859][    T1] usb usb25: Manufacturer: Linux 6.2.0-rc8-00085-g1bdd951133f3-dirty vhci_hcd
[   10.383874][    T1] usb usb25: SerialNumber: vhci_hcd.11
[   10.385440][    T1] hub 25-0:1.0: USB hub found
[   10.386049][    T1] hub 25-0:1.0: 8 ports detected
[   10.390073][    T1] vhci_hcd vhci_hcd.12: USB/IP Virtual Host Controller
[   10.391698][    T1] vhci_hcd vhci_hcd.12: new USB bus registered, assigned bus number 26
[   10.392983][    T1] usb usb26: New USB device found, idVendor=1d6b, idProduct=0002, bcdDevice= 6.02
[   10.394108][    T1] usb usb26: New USB device strings: Mfr=3, Product=2, SerialNumber=1
[   10.395114][    T1] usb usb26: Product: USB/IP Virtual Host Controller
[   10.395967][    T1] usb usb26: Manufacturer: Linux 6.2.0-rc8-00085-g1bdd951133f3-dirty vhci_hcd
[   10.397047][    T1] usb usb26: SerialNumber: vhci_hcd.12
[   10.398738][    T1] hub 26-0:1.0: USB hub found
[   10.399395][    T1] hub 26-0:1.0: 8 ports detected
[   10.403189][    T1] vhci_hcd vhci_hcd.12: USB/IP Virtual Host Controller
[   10.404363][    T1] vhci_hcd vhci_hcd.12: new USB bus registered, assigned bus number 27
[   10.405520][    T1] usb usb27: We don't know the algorithms for LPM for this host, disabling LPM.
[   10.406912][    T1] usb usb27: New USB device found, idVendor=1d6b, idProduct=0003, bcdDevice= 6.02
[   10.408051][    T1] usb usb27: New USB device strings: Mfr=3, Product=2, SerialNumber=1
[   10.409051][    T1] usb usb27: Product: USB/IP Virtual Host Controller
[   10.409874][    T1] usb usb27: Manufacturer: Linux 6.2.0-rc8-00085-g1bdd951133f3-dirty vhci_hcd
[   10.411147][    T1] usb usb27: SerialNumber: vhci_hcd.12
[   10.412844][    T1] hub 27-0:1.0: USB hub found
[   10.413502][    T1] hub 27-0:1.0: 8 ports detected
[   10.417791][    T1] vhci_hcd vhci_hcd.13: USB/IP Virtual Host Controller
[   10.418964][    T1] vhci_hcd vhci_hcd.13: new USB bus registered, assigned bus number 28
[   10.420320][    T1] usb usb28: New USB device found, idVendor=1d6b, idProduct=0002, bcdDevice= 6.02
[   10.421488][    T1] usb usb28: New USB device strings: Mfr=3, Product=2, SerialNumber=1
[   10.422491][    T1] usb usb28: Product: USB/IP Virtual Host Controller
[   10.423313][    T1] usb usb28: Manufacturer: Linux 6.2.0-rc8-00085-g1bdd951133f3-dirty vhci_hcd
[   10.424398][    T1] usb usb28: SerialNumber: vhci_hcd.13
[   10.426141][    T1] hub 28-0:1.0: USB hub found
[   10.426800][    T1] hub 28-0:1.0: 8 ports detected
[   10.430329][    T1] vhci_hcd vhci_hcd.13: USB/IP Virtual Host Controller
[   10.431501][    T1] vhci_hcd vhci_hcd.13: new USB bus registered, assigned bus number 29
[   10.432584][    T1] usb usb29: We don't know the algorithms for LPM for this host, disabling LPM.
[   10.433877][    T1] usb usb29: New USB device found, idVendor=1d6b, idProduct=0003, bcdDevice= 6.02
[   10.434932][    T1] usb usb29: New USB device strings: Mfr=3, Product=2, SerialNumber=1
[   10.435861][    T1] usb usb29: Product: USB/IP Virtual Host Controller
[   10.436634][    T1] usb usb29: Manufacturer: Linux 6.2.0-rc8-00085-g1bdd951133f3-dirty vhci_hcd
[   10.437643][    T1] usb usb29: SerialNumber: vhci_hcd.13
[   10.439205][    T1] hub 29-0:1.0: USB hub found
[   10.439814][    T1] hub 29-0:1.0: 8 ports detected
[   10.443913][    T1] vhci_hcd vhci_hcd.14: USB/IP Virtual Host Controller
[   10.445034][    T1] vhci_hcd vhci_hcd.14: new USB bus registered, assigned bus number 30
[   10.446308][    T1] usb usb30: New USB device found, idVendor=1d6b, idProduct=0002, bcdDevice= 6.02
[   10.447376][    T1] usb usb30: New USB device strings: Mfr=3, Product=2, SerialNumber=1
[   10.448340][    T1] usb usb30: Product: USB/IP Virtual Host Controller
[   10.449103][    T1] usb usb30: Manufacturer: Linux 6.2.0-rc8-00085-g1bdd951133f3-dirty vhci_hcd
[   10.450109][    T1] usb usb30: SerialNumber: vhci_hcd.14
[   10.451726][    T1] hub 30-0:1.0: USB hub found
[   10.452352][    T1] hub 30-0:1.0: 8 ports detected
[   10.455622][    T1] vhci_hcd vhci_hcd.14: USB/IP Virtual Host Controller
[   10.456725][    T1] vhci_hcd vhci_hcd.14: new USB bus registered, assigned bus number 31
[   10.457810][    T1] usb usb31: We don't know the algorithms for LPM for this host, disabling LPM.
[   10.459101][    T1] usb usb31: New USB device found, idVendor=1d6b, idProduct=0003, bcdDevice= 6.02
[   10.460182][    T1] usb usb31: New USB device strings: Mfr=3, Product=2, SerialNumber=1
[   10.461159][    T1] usb usb31: Product: USB/IP Virtual Host Controller
[   10.461937][    T1] usb usb31: Manufacturer: Linux 6.2.0-rc8-00085-g1bdd951133f3-dirty vhci_hcd
[   10.462960][    T1] usb usb31: SerialNumber: vhci_hcd.14
[   10.464662][    T1] hub 31-0:1.0: USB hub found
[   10.465272][    T1] hub 31-0:1.0: 8 ports detected
[   10.469436][    T1] vhci_hcd vhci_hcd.15: USB/IP Virtual Host Controller
[   10.470601][    T1] vhci_hcd vhci_hcd.15: new USB bus registered, assigned bus number 32
[   10.471914][    T1] usb usb32: New USB device found, idVendor=1d6b, idProduct=0002, bcdDevice= 6.02
[   10.472980][    T1] usb usb32: New USB device strings: Mfr=3, Product=2, SerialNumber=1
[   10.473917][    T1] usb usb32: Product: USB/IP Virtual Host Controller
[   10.474684][    T1] usb usb32: Manufacturer: Linux 6.2.0-rc8-00085-g1bdd951133f3-dirty vhci_hcd
[   10.475698][    T1] usb usb32: SerialNumber: vhci_hcd.15
[   10.477370][    T1] hub 32-0:1.0: USB hub found
[   10.477980][    T1] hub 32-0:1.0: 8 ports detected
[   10.481372][    T1] vhci_hcd vhci_hcd.15: USB/IP Virtual Host Controller
[   10.482790][    T1] vhci_hcd vhci_hcd.15: new USB bus registered, assigned bus number 33
[   10.483875][    T1] usb usb33: We don't know the algorithms for LPM for this host, disabling LPM.
[   10.485186][    T1] usb usb33: New USB device found, idVendor=1d6b, idProduct=0003, bcdDevice= 6.02
[   10.486246][    T1] usb usb33: New USB device strings: Mfr=3, Product=2, SerialNumber=1
[   10.487178][    T1] usb usb33: Product: USB/IP Virtual Host Controller
[   10.487957][    T1] usb usb33: Manufacturer: Linux 6.2.0-rc8-00085-g1bdd951133f3-dirty vhci_hcd
[   10.488974][    T1] usb usb33: SerialNumber: vhci_hcd.15
[   10.490656][    T1] hub 33-0:1.0: USB hub found
[   10.491268][    T1] hub 33-0:1.0: 8 ports detected
[   10.495277][    T1] usbcore: registered new device driver usbip-host
[   10.497227][    T1] i8042: PNP: PS/2 Controller [PNP0303:KBD,PNP0f13:MOU] at 0x60,0x64 irq 1,12
[   10.499335][    T1] serio: i8042 KBD port at 0x60,0x64 irq 1
[   10.500691][    T1] serio: i8042 AUX port at 0x60,0x64 irq 12
[   10.504009][    T1] mousedev: PS/2 mouse device common for all mice
[   10.506067][    T1] usbcore: registered new interface driver appletouch
[   10.507752][   T22] input: AT Translated Set 2 keyboard as /devices/platform/i8042/serio0/input/input1
[   10.508838][    T1] usbcore: registered new interface driver bcm5974
[   10.516068][    T1] usbcore: registered new interface driver synaptics_usb
[   10.517847][    T1] usbcore: registered new interface driver iforce
[   10.519579][    T1] usbcore: registered new interface driver xpad
[   10.522273][    T1] usbcore: registered new interface driver usb_acecad
[   10.523802][    T1] usbcore: registered new interface driver aiptek
[   10.524862][    T1] usbcore: registered new interface driver hanwang
[   10.525700][    T1] usbcore: registered new interface driver kbtab
[   10.526517][    T1] usbcore: registered new interface driver pegasus_notetaker
[   10.527483][    T1] usbcore: registered new interface driver usbtouchscreen
[   10.528398][    T1] usbcore: registered new interface driver sur40
[   10.529210][    T1] usbcore: registered new interface driver ati_remote2
[   10.529993][    T1] cm109: Keymap for Komunikate KIP1000 phone loaded
[   10.531682][    T1] usbcore: registered new interface driver cm109
[   10.532414][    T1] cm109: CM109 phone driver: 20080805 (C) Alfred E. Heggestad
[   10.533356][    T1] usbcore: registered new interface driver ims_pcu
[   10.534191][    T1] usbcore: registered new interface driver keyspan_remote
[   10.535094][    T1] usbcore: registered new interface driver powermate
[   10.536135][    T1] usbcore: registered new interface driver yealink
[   10.537728][    T1] rtc_cmos 00:05: RTC can wake from S4
[   10.541174][    T1] rtc_cmos 00:05: registered as rtc0
[   10.541823][    T1] rtc_cmos 00:05: alarms up to one day, y3k, 242 bytes nvram, hpet irqs
[   10.543775][    T1] i2c_dev: i2c /dev entries driver
[   10.544858][    T1] usbcore: registered new interface driver i2c-diolan-u2c
[   10.546015][    T1] usbcore: registered new interface driver RobotFuzz Open Source InterFace, OSIF
[   10.547259][    T1] usbcore: registered new interface driver i2c-tiny-usb
[   10.550092][    T1] usbcore: registered new interface driver igorplugusb
[   10.551222][    T1] usbcore: registered new interface driver iguanair
[   10.552191][    T1] usbcore: registered new interface driver imon
[   10.553641][    T1] usbcore: registered new interface driver mceusb
[   10.554547][    T1] usbcore: registered new interface driver redrat3
[   10.555763][    T1] usbcore: registered new interface driver streamzap
[   10.556702][    T1] usbcore: registered new interface driver ttusbir
[   10.557636][    T1] usbcore: registered new interface driver ati_remote
[   10.558727][    T1] b2c2-flexcop: B2C2 FlexcopII/II(b)/III digital TV receiver chip loaded successfully
[   10.560076][    T1] usbcore: registered new interface driver b2c2_flexcop_usb
[   10.561127][    T1] usbcore: registered new interface driver dvb_usb_vp7045
[   10.562125][    T1] usbcore: registered new interface driver dvb_usb_vp702x
[   10.563120][    T1] usbcore: registered new interface driver dvb_usb_gp8psk
[   10.564185][    T1] usbcore: registered new interface driver dvb_usb_dtt200u
[   10.565188][    T1] usbcore: registered new interface driver dvb_usb_a800
[   10.566190][    T1] usbcore: registered new interface driver dvb_usb_dibusb_mb
[   10.567231][    T1] usbcore: registered new interface driver dvb_usb_dibusb_mc
[   10.568284][    T1] usbcore: registered new interface driver dvb_usb_nova_t_usb2
[   10.569326][    T1] usbcore: registered new interface driver dvb_usb_umt_010
[   10.570539][    T1] usbcore: registered new interface driver dvb_usb_m920x
[   10.571731][    T1] usbcore: registered new interface driver dvb_usb_digitv
[   10.572745][    T1] usbcore: registered new interface driver dvb_usb_cxusb
[   10.573739][    T1] usbcore: registered new interface driver dvb_usb_ttusb2
[   10.574804][    T1] usbcore: registered new interface driver dvb_usb_dib0700
[   10.575805][    T1] usbcore: registered new interface driver opera1
[   10.576744][    T1] usbcore: registered new interface driver dvb_usb_af9005
[   10.577761][    T1] usbcore: registered new interface driver pctv452e
[   10.578727][    T1] usbcore: registered new interface driver dw2102
[   10.579646][    T1] usbcore: registered new interface driver dvb_usb_dtv5100
[   10.580688][    T1] usbcore: registered new interface driver cinergyT2
[   10.581649][    T1] usbcore: registered new interface driver dvb_usb_az6027
[   10.582643][    T1] usbcore: registered new interface driver dvb_usb_technisat_usb2
[   10.583739][    T1] usbcore: registered new interface driver dvb_usb_af9015
[   10.584764][    T1] usbcore: registered new interface driver dvb_usb_af9035
[   10.585757][    T1] usbcore: registered new interface driver dvb_usb_anysee
[   10.586774][    T1] usbcore: registered new interface driver dvb_usb_au6610
[   10.587763][    T1] usbcore: registered new interface driver dvb_usb_az6007
[   10.588794][    T1] usbcore: registered new interface driver dvb_usb_ce6230
[   10.589783][    T1] usbcore: registered new interface driver dvb_usb_ec168
[   10.591078][    T1] usbcore: registered new interface driver dvb_usb_lmedm04
[   10.592081][    T1] usbcore: registered new interface driver dvb_usb_gl861
[   10.593100][    T1] usbcore: registered new interface driver dvb_usb_mxl111sf
[   10.594167][    T1] usbcore: registered new interface driver dvb_usb_rtl28xxu
[   10.595197][    T1] usbcore: registered new interface driver dvb_usb_dvbsky
[   10.596394][    T1] usbcore: registered new interface driver zd1301
[   10.597320][    T1] usbcore: registered new interface driver s2255
[   10.598275][    T1] usbcore: registered new interface driver smsusb
[   10.599198][    T1] usbcore: registered new interface driver ttusb
[   10.600117][    T1] usbcore: registered new interface driver ttusb-dec
[   10.601104][    T1] usbcore: registered new interface driver Abilis Systems as10x usb driver
[   10.602272][    T1] usbcore: registered new interface driver airspy
[   10.603005][    T1] gspca_main: v2.14.0 registered
[   10.603749][    T1] usbcore: registered new interface driver benq
[   10.604656][    T1] usbcore: registered new interface driver conex
[   10.605570][    T1] usbcore: registered new interface driver cpia1
[   10.606473][    T1] usbcore: registered new interface driver dtcs033
[   10.607403][    T1] usbcore: registered new interface driver etoms
[   10.608332][    T1] usbcore: registered new interface driver finepix
[   10.609263][    T1] usbcore: registered new interface driver jeilinj
[   10.610191][    T1] usbcore: registered new interface driver jl2005bcd
[   10.611164][    T1] usbcore: registered new interface driver kinect
[   10.612101][    T1] usbcore: registered new interface driver konica
[   10.613028][    T1] usbcore: registered new interface driver mars
[   10.613936][    T1] usbcore: registered new interface driver mr97310a
[   10.614886][    T1] usbcore: registered new interface driver nw80x
[   10.615817][    T1] usbcore: registered new interface driver ov519
[   10.616741][    T1] usbcore: registered new interface driver ov534
[   10.617659][    T1] usbcore: registered new interface driver ov534_9
[   10.618600][    T1] usbcore: registered new interface driver pac207
[   10.619530][    T1] usbcore: registered new interface driver gspca_pac7302
[   10.620531][    T1] usbcore: registered new interface driver pac7311
[   10.621486][    T1] usbcore: registered new interface driver se401
[   10.622400][    T1] usbcore: registered new interface driver sn9c2028
[   10.623369][    T1] usbcore: registered new interface driver gspca_sn9c20x
[   10.624457][    T1] usbcore: registered new interface driver sonixb
[   10.625490][    T1] usbcore: registered new interface driver sonixj
[   10.626499][    T1] usbcore: registered new interface driver spca500
[   10.627505][    T1] usbcore: registered new interface driver spca501
[   10.628496][    T1] usbcore: registered new interface driver spca505
[   10.629425][    T1] usbcore: registered new interface driver spca506
[   10.630372][    T1] usbcore: registered new interface driver spca508
[   10.631573][    T1] usbcore: registered new interface driver spca561
[   10.632513][    T1] usbcore: registered new interface driver spca1528
[   10.633455][    T1] usbcore: registered new interface driver sq905
[   10.634382][    T1] usbcore: registered new interface driver sq905c
[   10.635312][    T1] usbcore: registered new interface driver sq930x
[   10.636291][    T1] usbcore: registered new interface driver sunplus
[   10.637228][    T1] usbcore: registered new interface driver stk014
[   10.638143][    T1] usbcore: registered new interface driver stk1135
[   10.639082][    T1] usbcore: registered new interface driver stv0680
[   10.640030][    T1] usbcore: registered new interface driver t613
[   10.640963][    T1] usbcore: registered new interface driver gspca_topro
[   10.641956][    T1] usbcore: registered new interface driver touptek
[   10.642898][    T1] usbcore: registered new interface driver tv8532
[   10.643839][    T1] usbcore: registered new interface driver vc032x
[   10.644776][    T1] usbcore: registered new interface driver vicam
[   10.645700][    T1] usbcore: registered new interface driver xirlink-cit
[   10.646728][    T1] usbcore: registered new interface driver gspca_zc3xx
[   10.647714][    T1] usbcore: registered new interface driver ALi m5602
[   10.648681][    T1] usbcore: registered new interface driver STV06xx
[   10.649615][    T1] usbcore: registered new interface driver gspca_gl860
[   10.650599][    T1] usbcore: registered new interface driver hackrf
[   10.651543][    T1] usbcore: registered new interface driver msi2500
[   10.652516][    T1] usbcore: registered new interface driver Philips webcam
[   10.653630][    T1] usbcore: registered new interface driver uvcvideo
[   10.654385][    T1] au0828: au0828 driver loaded
[   10.655152][    T1] usbcore: registered new interface driver au0828
[   10.656120][    T1] usbcore: registered new interface driver cx231xx
[   10.657189][    T1] usbcore: registered new interface driver em28xx
[   10.657939][    T1] em28xx: Registered (Em28xx v4l2 Extension) extension
[   10.658722][    T1] em28xx: Registered (Em28xx Audio Extension) extension
[   10.659508][    T1] em28xx: Registered (Em28xx dvb Extension) extension
[   10.660275][    T1] em28xx: Registered (Em28xx Input Extension) extension
[   10.661296][    T1] usbcore: registered new interface driver go7007
[   10.662237][    T1] usbcore: registered new interface driver go7007-loader
[   10.663367][    T1] usbcore: registered new interface driver hdpvr
[   10.664472][    T1] usbcore: registered new interface driver pvrusb2
[   10.665251][    T1] pvrusb2: V4L in-tree version:Hauppauge WinTV-PVR-USB2 MPEG2 Encoder/Tuner
[   10.666240][    T1] pvrusb2: Debug mask is 31 (0x1f)
[   10.666926][    T1] usbcore: registered new interface driver stk1160
[   10.667771][    T1] usbcore: registered new interface driver usbtv
[   10.670205][    T1] dvbdev: DVB: registering new adapter (dvb_vidtv_bridge)
[   10.674872][    T1] i2c i2c-0: DVB: registering adapter 0 frontend 0 (Dummy demod for DVB-T/T2/C/S/S2)...
[   10.676313][    T1] dvbdev: dvb_create_media_entity: media entity 'Dummy demod for DVB-T/T2/C/S/S2' registered.
[   10.680476][    T1] dvbdev: dvb_create_media_entity: media entity 'dvb-demux' registered.
[   10.684074][    T1] vidtv vidtv.0: Successfully initialized vidtv!
[   10.685758][    T1] vicodec vicodec.0: Device 'stateful-encoder' registered as /dev/video0
[   10.687042][    T1] vicodec vicodec.0: Device 'stateful-decoder' registered as /dev/video1
[   10.688340][    T1] vicodec vicodec.0: Device 'stateless-decoder' registered as /dev/video2
[   10.690056][    T1] vim2m vim2m.0: Device registered as /dev/video0
[   10.700040][    T1] vivid-000: using single planar format API
[   10.707462][    T1] vivid-000: CEC adapter cec0 registered for HDMI input 0
[   10.708638][    T1] vivid-000: V4L2 capture device registered as video7
[   10.709760][    T1] vivid-000: CEC adapter cec1 registered for HDMI output 0
[   10.711063][    T1] vivid-000: V4L2 output device registered as video8
[   10.712355][    T1] vivid-000: V4L2 capture device registered as vbi0, supports raw and sliced VBI
[   10.713715][    T1] vivid-000: V4L2 output device registered as vbi1, supports raw and sliced VBI
[   10.715077][    T1] vivid-000: V4L2 capture device registered as swradio0
[   10.716189][    T1] vivid-000: V4L2 receiver device registered as radio0
[   10.717279][    T1] vivid-000: V4L2 transmitter device registered as radio1
[   10.718434][    T1] vivid-000: V4L2 metadata capture device registered as video9
[   10.719615][    T1] vivid-000: V4L2 metadata output device registered as video10
[   10.722301][    T1] vivid-000: V4L2 touch capture device registered as v4l-touch0
[   10.723944][    T1] usbcore: registered new interface driver radioshark2
[   10.724918][    T1] usbcore: registered new interface driver radioshark
[   10.725889][    T1] usbcore: registered new interface driver radio-si470x
[   10.727021][    T1] usbcore: registered new interface driver radio-usb-si4713
[   10.728051][    T1] usbcore: registered new interface driver dsbr100
[   10.729302][    T1] usbcore: registered new interface driver radio-keene
[   10.730255][    T1] usbcore: registered new interface driver radio-ma901
[   10.731331][    T1] usbcore: registered new interface driver radio-mr800
[   10.732341][    T1] usbcore: registered new interface driver radio-raremono
[   10.734013][    T1] usbcore: registered new interface driver pcwd_usb
[   10.735859][    T1] device-mapper: core: CONFIG_IMA_DISABLE_HTABLE is disabled. Duplicate IMA measurements will not be recorded in the IMA log.
[   10.737389][    T1] device-mapper: uevent: version 1.0.3
[   10.738411][    T1] device-mapper: ioctl: 4.47.0-ioctl (2022-07-28) initialised: dm-devel@redhat.com
[   10.740000][    T1] device-mapper: multipath round-robin: version 1.2.0 loaded
[   10.740885][    T1] device-mapper: multipath queue-length: version 0.2.0 loaded
[   10.741730][    T1] device-mapper: multipath service-time: version 0.3.0 loaded
[   10.742637][    T1] device-mapper: raid: Loading target version 1.15.1
[   10.743711][    T1] Bluetooth: HCI UART driver ver 2.3
[   10.744325][    T1] Bluetooth: HCI UART protocol H4 registered
[   10.745008][    T1] Bluetooth: HCI UART protocol BCSP registered
[   10.745866][    T1] Bluetooth: HCI UART protocol LL registered
[   10.746696][    T1] Bluetooth: HCI UART protocol Three-wire (H5) registered
[   10.747653][    T1] Bluetooth: HCI UART protocol QCA registered
[   10.748361][    T1] Bluetooth: HCI UART protocol AG6XX registered
[   10.749239][    T1] Bluetooth: HCI UART protocol Marvell registered
[   10.750175][    T1] usbcore: registered new interface driver bcm203x
[   10.751162][    T1] usbcore: registered new interface driver bpa10x
[   10.752109][    T1] usbcore: registered new interface driver bfusb
[   10.753261][    T1] usbcore: registered new interface driver btusb
[   10.754379][    T1] usbcore: registered new interface driver ath3k
[   10.755623][    T1] CAPI 2.0 started up with major 68 (middleware)
[   10.756353][    T1] Modular ISDN core version 1.1.29
[   10.757359][    T1] NET: Registered PF_ISDN protocol family
[   10.758016][    T1] DSP module 2.0
[   10.758417][    T1] mISDN_dsp: DSP clocks every 80 samples. This equals 1 jiffies.
[   10.766874][    T1] mISDN: Layer-1-over-IP driver Rev. 2.00
[   10.768024][    T1] 0 virtual devices registered
[   10.768774][    T1] usbcore: registered new interface driver HFC-S_USB
[   10.769546][    T1] VUB300 Driver rom wait states = 1C irqpoll timeout = 0400
[   10.770211][    T1] usbcore: registered new interface driver vub300
[   10.772121][    T1] usbcore: registered new interface driver ushc
[   10.775934][    T1] iscsi: registered transport (iser)
[   10.777253][    T1] SoftiWARP attached
[   10.783503][    T1] hid: raw HID events driver (C) Jiri Kosina
[   10.792123][    T1] usbcore: registered new interface driver usbhid
[   10.792867][    T1] usbhid: USB HID core driver
[   10.795168][    T1] usbcore: registered new interface driver es2_ap_driver
[   10.795979][    T1] comedi: version 0.7.76 - http://www.comedi.org
[   10.797121][    T1] usbcore: registered new interface driver dt9812
[   10.809088][    T1] usbcore: registered new interface driver ni6501
[   10.809994][    T1] usbcore: registered new interface driver usbdux
[   10.810947][    T1] usbcore: registered new interface driver usbduxfast
[   10.811918][    T1] usbcore: registered new interface driver usbduxsigma
[   10.812891][    T1] usbcore: registered new interface driver vmk80xx
[   10.813845][    T1] usbcore: registered new interface driver prism2_usb
[   10.814895][    T1] usbcore: registered new interface driver r8712u
[   10.815763][    T1] greybus: registered new driver hid
[   10.816717][    T1] greybus: registered new driver gbphy
[   10.817509][    T1] gb_gbphy: registered new driver usb
[   10.818260][    T1] asus_wmi: ASUS WMI generic driver loaded
[   10.856220][    T1] usbcore: registered new interface driver snd-usb-audio
[   10.857226][    T1] usbcore: registered new interface driver snd-ua101
[   10.858176][    T1] usbcore: registered new interface driver snd-usb-usx2y
[   10.859152][    T1] usbcore: registered new interface driver snd-usb-us122l
[   10.860166][    T1] usbcore: registered new interface driver snd-usb-caiaq
[   10.861181][    T1] usbcore: registered new interface driver snd-usb-6fire
[   10.862180][    T1] usbcore: registered new interface driver snd-usb-hiface
[   10.863173][    T1] usbcore: registered new interface driver snd-bcd2000
[   10.864162][    T1] usbcore: registered new interface driver snd_usb_pod
[   10.865124][    T1] usbcore: registered new interface driver snd_usb_podhd
[   10.866106][    T1] usbcore: registered new interface driver snd_usb_toneport
[   10.867112][    T1] usbcore: registered new interface driver snd_usb_variax
[   10.868141][    T1] drop_monitor: Initializing network drop monitor service
[   10.869120][    T1] NET: Registered PF_LLC protocol family
[   10.869839][    T1] GACT probability on
[   10.870307][    T1] Mirror/redirect action on
[   10.870967][    T1] Simple TC action Loaded
[   10.872852][    T1] netem: version 1.3
[   10.873352][    T1] u32 classifier
[   10.873747][    T1]     Performance counters on
[   10.874264][    T1]     input device check on
[   10.874762][    T1]     Actions configured
[   10.877954][    T1] xt_time: kernel timezone is -0000
[   10.878616][    T1] IPVS: Registered protocols (TCP, UDP, SCTP, AH, ESP)
[   10.879604][    T1] IPVS: Connection hash table configured (size=4096, memory=32Kbytes)
[   10.881042][    T1] IPVS: ipvs loaded.
[   10.881496][    T1] IPVS: [rr] scheduler registered.
[   10.882068][    T1] IPVS: [wrr] scheduler registered.
[   10.882642][    T1] IPVS: [lc] scheduler registered.
[   10.883213][    T1] IPVS: [wlc] scheduler registered.
[   10.883788][    T1] IPVS: [fo] scheduler registered.
[   10.884362][    T1] IPVS: [ovf] scheduler registered.
[   10.884946][    T1] IPVS: [lblc] scheduler registered.
[   10.885538][    T1] IPVS: [lblcr] scheduler registered.
[   10.886131][    T1] IPVS: [dh] scheduler registered.
[   10.886695][    T1] IPVS: [sh] scheduler registered.
[   10.887265][    T1] IPVS: [mh] scheduler registered.
[   10.887829][    T1] IPVS: [sed] scheduler registered.
[   10.888417][    T1] IPVS: [nq] scheduler registered.
[   10.888981][    T1] IPVS: [twos] scheduler registered.
[   10.889626][    T1] IPVS: [sip] pe registered.
[   10.890218][    T1] ipip: IPv4 and MPLS over IPv4 tunneling driver
[   10.892226][    T1] gre: GRE over IPv4 demultiplexor driver
[   10.892870][    T1] ip_gre: GRE over IPv4 tunneling driver
[   10.896981][    T1] IPv4 over IPsec tunneling driver
[   10.899123][    T1] Initializing XFRM netlink socket
[   10.899759][    T1] IPsec XFRM device driver
[   10.900451][    T1] NET: Registered PF_INET6 protocol family
[   10.907019][    T1] Segment Routing with IPv6
[   10.907534][    T1] RPL Segment Routing with IPv6
[   10.908131][    T1] In-situ OAM (IOAM) with IPv6
[   10.908773][    T1] mip6: Mobile IPv6
[   10.911148][    T1] sit: IPv6, IPv4 and MPLS over IPv4 tunneling driver
[   10.914498][    T1] ip6_gre: GRE over IPv6 tunneling driver
[   10.916439][    T1] NET: Registered PF_PACKET protocol family
[   10.917135][    T1] NET: Registered PF_KEY protocol family
[   10.917919][    T1] Bridge firewalling registered
[   10.918787][    T1] NET: Registered PF_X25 protocol family
[   10.919467][    T1] X25: Linux Version 0.2
[   10.924192][    T1] NET: Registered PF_NETROM protocol family
[   10.935320][    T1] NET: Registered PF_ROSE protocol family
[   10.936041][    T1] NET: Registered PF_AX25 protocol family
[   10.936708][    T1] can: controller area network core
[   10.937404][    T1] NET: Registered PF_CAN protocol family
[   10.938044][    T1] can: raw protocol
[   10.938500][    T1] can: broadcast manager protocol
[   10.939077][    T1] can: netlink gateway - max_hops=1
[   10.939701][    T1] can: SAE J1939
[   10.940115][    T1] can: isotp protocol
[   10.940793][    T1] Bluetooth: RFCOMM TTY layer initialized
[   10.941459][    T1] Bluetooth: RFCOMM socket layer initialized
[   10.942162][    T1] Bluetooth: RFCOMM ver 1.11
[   10.942699][    T1] Bluetooth: BNEP (Ethernet Emulation) ver 1.3
[   10.943402][    T1] Bluetooth: BNEP filters: protocol multicast
[   10.944101][    T1] Bluetooth: BNEP socket layer initialized
[   10.944760][    T1] Bluetooth: CMTP (CAPI Emulation) ver 1.0
[   10.945424][    T1] Bluetooth: CMTP socket layer initialized
[   10.946083][    T1] Bluetooth: HIDP (Human Interface Emulation) ver 1.2
[   10.946852][    T1] Bluetooth: HIDP socket layer initialized
[   10.949023][    T1] NET: Registered PF_RXRPC protocol family
[   10.949746][    T1] Key type rxrpc registered
[   10.950294][    T1] Key type rxrpc_s registered
[   10.953283][    T1] NET: Registered PF_KCM protocol family
[   10.954207][    T1] lec:lane_module_init: lec.c: initialized
