bash: warning: setlocale: LC_ALL: cannot change locale (en_US.UTF-8)
c[?7l[2J[0mSeaBIOS (version 1.16.2-debian-1.16.2-1)
Booting from ROM...
c[?7l[2Jearly console in extract_kernel
input_data: 0x000000000c2892bf
input_len: 0x0000000004777bea
output: 0x0000000001000000
output_len: 0x000000000e5bdad8
kernel_total_size: 0x000000000fa26000
needed_size: 0x000000000fc00000
trampoline_32bit: 0x000000000009d000

Decompressing Linux... Parsing ELF... done.
Booting the kernel.
[    0.000000][    T0] Linux version 5.17.0-rc6-next-20220303-g91265a6da44d-dirty (root@buildkitsandbox) (gcc (Debian 12.2.0-14+deb12u1) 12.2.0, GNU ld (GNU Binutils for Debian) 2.40) #1 SMP PREEMPT Mon May 25 20:52:59 UTC 2026
[    0.000000][    T0] Command line: console=ttyS0 oops=panic panic=86400 nokaslr earlyprintk=serial rdinit=/init
[    0.000000][    T0] KERNEL supported cpus:
[    0.000000][    T0]   Intel GenuineIntel
[    0.000000][    T0]   AMD AuthenticAMD
[    0.000000][    T0] x86/fpu: Supporting XSAVE feature 0x001: 'x87 floating point registers'
[    0.000000][    T0] x86/fpu: Supporting XSAVE feature 0x002: 'SSE registers'
[    0.000000][    T0] x86/fpu: Supporting XSAVE feature 0x004: 'AVX registers'
[    0.000000][    T0] x86/fpu: xstate_offset[2]:  576, xstate_sizes[2]:  256
[    0.000000][    T0] x86/fpu: Enabled xstate features 0x7, context size is 832 bytes, using 'compacted' format.
[    0.000000][    T0] signal: max sigframe size: 1776
[    0.000000][    T0] BIOS-provided physical RAM map:
[    0.000000][    T0] BIOS-e820: [mem 0x0000000000000000-0x000000000009fbff] usable
[    0.000000][    T0] BIOS-e820: [mem 0x000000000009fc00-0x000000000009ffff] reserved
[    0.000000][    T0] BIOS-e820: [mem 0x00000000000f0000-0x00000000000fffff] reserved
[    0.000000][    T0] BIOS-e820: [mem 0x0000000000100000-0x000000007ffdffff] usable
[    0.000000][    T0] BIOS-e820: [mem 0x000000007ffe0000-0x000000007fffffff] reserved
[    0.000000][    T0] BIOS-e820: [mem 0x00000000feffc000-0x00000000feffffff] reserved
[    0.000000][    T0] BIOS-e820: [mem 0x00000000fffc0000-0x00000000ffffffff] reserved
[    0.000000][    T0] BIOS-e820: [mem 0x000000fd00000000-0x000000ffffffffff] reserved
[    0.000000][    T0] printk: bootconsole [earlyser0] enabled
[    0.000000][    T0] NX (Execute Disable) protection: active
[    0.000000][    T0] SMBIOS 2.8 present.
[    0.000000][    T0] DMI: QEMU Standard PC (i440FX + PIIX, 1996), BIOS 1.16.2-debian-1.16.2-1 04/01/2014
[    0.000000][    T0] Hypervisor detected: KVM
[    0.000000][    T0] kvm-clock: Using msrs 4b564d01 and 4b564d00
[    0.000005][    T0] kvm-clock: using sched offset of 3384230592 cycles
[    0.000884][    T0] clocksource: kvm-clock: mask: 0xffffffffffffffff max_cycles: 0x1cd42e4dffb, max_idle_ns: 881590591483 ns
[    0.003478][    T0] tsc: Detected 3493.436 MHz processor
[    0.009200][    T0] last_pfn = 0x7ffe0 max_arch_pfn = 0x400000000
[    0.010145][    T0] x86/PAT: Configuration [0-7]: WB  WC  UC- UC  WB  WP  UC- WT  
[    0.014488][    T0] found SMP MP-table at [mem 0x000f5ba0-0x000f5baf]
[    0.015471][    T0] Using GB pages for direct mapping
[    0.016944][    T0] RAMDISK: [mem 0x7fe94000-0x7ffdffff]
[    0.017717][    T0] ACPI: Early table checksum verification disabled
[    0.018653][    T0] ACPI: RSDP 0x00000000000F59D0 000014 (v00 BOCHS )
[    0.019584][    T0] ACPI: RSDT 0x000000007FFE1B33 000034 (v01 BOCHS  BXPC     00000001 BXPC 00000001)
[    0.020920][    T0] ACPI: FACP 0x000000007FFE19DF 000074 (v01 BOCHS  BXPC     00000001 BXPC 00000001)
[    0.022267][    T0] ACPI: DSDT 0x000000007FFE0040 00199F (v01 BOCHS  BXPC     00000001 BXPC 00000001)
[    0.023591][    T0] ACPI: FACS 0x000000007FFE0000 000040
[    0.024364][    T0] ACPI: APIC 0x000000007FFE1A53 000080 (v01 BOCHS  BXPC     00000001 BXPC 00000001)
[    0.025673][    T0] ACPI: HPET 0x000000007FFE1AD3 000038 (v01 BOCHS  BXPC     00000001 BXPC 00000001)
[    0.026999][    T0] ACPI: WAET 0x000000007FFE1B0B 000028 (v01 BOCHS  BXPC     00000001 BXPC 00000001)
[    0.028306][    T0] ACPI: Reserving FACP table memory at [mem 0x7ffe19df-0x7ffe1a52]
[    0.029396][    T0] ACPI: Reserving DSDT table memory at [mem 0x7ffe0040-0x7ffe19de]
[    0.030493][    T0] ACPI: Reserving FACS table memory at [mem 0x7ffe0000-0x7ffe003f]
[    0.031594][    T0] ACPI: Reserving APIC table memory at [mem 0x7ffe1a53-0x7ffe1ad2]
[    0.032684][    T0] ACPI: Reserving HPET table memory at [mem 0x7ffe1ad3-0x7ffe1b0a]
[    0.033776][    T0] ACPI: Reserving WAET table memory at [mem 0x7ffe1b0b-0x7ffe1b32]
[    0.035674][    T0] No NUMA configuration found
[    0.036322][    T0] Faking a node at [mem 0x0000000000000000-0x000000007ffdffff]
[    0.037389][    T0] NODE_DATA(0) allocated [mem 0x7fe8e000-0x7fe93fff]
[    0.165110][    T0] Zone ranges:
[    0.165579][    T0]   DMA      [mem 0x0000000000001000-0x0000000000ffffff]
[    0.166453][    T0]   DMA32    [mem 0x0000000001000000-0x000000007ffdffff]
[    0.167309][    T0]   Normal   empty
[    0.167755][    T0]   Device   empty
[    0.168201][    T0] Movable zone start for each node
[    0.168844][    T0] Early memory node ranges
[    0.169369][    T0]   node   0: [mem 0x0000000000001000-0x000000000009efff]
[    0.170251][    T0]   node   0: [mem 0x0000000000100000-0x000000007ffdffff]
[    0.171111][    T0] Initmem setup node 0 [mem 0x0000000000001000-0x000000007ffdffff]
[    0.172080][    T0] On node 0, zone DMA: 1 pages in unavailable ranges
[    0.172184][    T0] On node 0, zone DMA: 97 pages in unavailable ranges
[    0.185551][    T0] On node 0, zone DMA32: 32 pages in unavailable ranges
[    1.230881][    T0] kasan: KernelAddressSanitizer initialized
[    1.232795][    T0] ACPI: PM-Timer IO Port: 0x608
[    1.233419][    T0] ACPI: LAPIC_NMI (acpi_id[0xff] dfl dfl lint[0x1])
[    1.234288][    T0] IOAPIC[0]: apic_id 0, version 17, address 0xfec00000, GSI 0-23
[    1.235268][    T0] ACPI: INT_SRC_OVR (bus 0 bus_irq 0 global_irq 2 dfl dfl)
[    1.236169][    T0] ACPI: INT_SRC_OVR (bus 0 bus_irq 5 global_irq 5 high level)
[    1.237094][    T0] ACPI: INT_SRC_OVR (bus 0 bus_irq 9 global_irq 9 high level)
[    1.238034][    T0] ACPI: INT_SRC_OVR (bus 0 bus_irq 10 global_irq 10 high level)
[    1.238986][    T0] ACPI: INT_SRC_OVR (bus 0 bus_irq 11 global_irq 11 high level)
[    1.239944][    T0] ACPI: Using ACPI (MADT) for SMP configuration information
[    1.240850][    T0] ACPI: HPET id: 0x8086a201 base: 0xfed00000
[    1.241598][    T0] TSC deadline timer available
[    1.242191][    T0] smpboot: Allowing 2 CPUs, 0 hotplug CPUs
[    1.242952][    T0] kvm-guest: KVM setup pv remote TLB flush
[    1.243679][    T0] kvm-guest: setup PV sched yield
[    1.244341][    T0] PM: hibernation: Registered nosave memory: [mem 0x00000000-0x00000fff]
[    1.245399][    T0] PM: hibernation: Registered nosave memory: [mem 0x0009f000-0x0009ffff]
[    1.246465][    T0] PM: hibernation: Registered nosave memory: [mem 0x000a0000-0x000effff]
[    1.247522][    T0] PM: hibernation: Registered nosave memory: [mem 0x000f0000-0x000fffff]
[    1.248612][    T0] [mem 0x80000000-0xfeffbfff] available for PCI devices
[    1.249473][    T0] Booting paravirtualized kernel on KVM
[    1.250171][    T0] clocksource: refined-jiffies: mask: 0xffffffff max_cycles: 0xffffffff, max_idle_ns: 19112604462750000 ns
[    1.297086][    T0] setup_percpu: NR_CPUS:8 nr_cpumask_bits:8 nr_cpu_ids:2 nr_node_ids:1
[    1.298465][    T0] percpu: Embedded 69 pages/cpu s243784 r8192 d30648 u1048576
[    1.299557][    T0] kvm-guest: PV spinlocks enabled
[    1.300213][    T0] PV qspinlock hash table entries: 256 (order: 0, 4096 bytes, linear)
[    1.301292][    T0] Fallback order for Node 0: 0 
[    1.301929][    T0] Built 1 zonelists, mobility grouping on.  Total pages: 515808
[    1.302919][    T0] Policy zone: DMA32
[    1.303423][    T0] Kernel command line: console=ttyS0 oops=panic panic=86400 nokaslr earlyprintk=serial rdinit=/init
[    1.327584][    T0] Dentry cache hash table entries: 262144 (order: 9, 2097152 bytes, linear)
[    1.328844][    T0] Inode-cache hash table entries: 131072 (order: 8, 1048576 bytes, linear)
[    1.331736][    T0] mem auto-init: stack:off, heap alloc:on, heap free:off
[    1.332660][    T0] Stack Depot allocating hash table with memblock_alloc
[    1.453187][    T0] Memory: 1497160K/2096632K available (141341K kernel code, 34304K rwdata, 29728K rodata, 2684K init, 24844K bss, 599216K reserved, 0K cma-reserved)
[    1.455495][    T0] SLUB: HWalign=64, Order=0-3, MinObjects=0, CPUs=2, Nodes=1
[    1.457800][    T0] Dynamic Preempt: full
[    1.458709][    T0] Running RCU self tests
[    1.459255][    T0] rcu: Preemptible hierarchical RCU implementation.
[    1.460089][    T0] rcu: 	RCU lockdep checking is enabled.
[    1.460787][    T0] rcu: 	RCU restricting CPUs from NR_CPUS=8 to nr_cpu_ids=2.
[    1.461698][    T0] rcu: 	RCU callback double-/use-after-free debug is enabled.
[    1.462634][    T0] rcu: 	RCU debug extended QS entry/exit.
[    1.463342][    T0] 	Trampoline variant of Tasks RCU enabled.
[    1.464077][    T0] 	Tracing variant of Tasks RCU enabled.
[    1.464785][    T0] rcu: RCU calculated value of scheduler-enlistment delay is 10 jiffies.
[    1.465854][    T0] rcu: Adjusting geometry for rcu_fanout_leaf=16, nr_cpu_ids=2
[    1.491740][    T0] NR_IRQS: 4352, nr_irqs: 440, preallocated irqs: 16
[    1.492972][    T0] rcu: srcu_init: Setting srcu_struct sizes based on contention.
[    1.494092][    T0] kfence: initialized - using 2097152 bytes for 255 objects at 0x(____ptrval____)-0x(____ptrval____)
[    1.495478][    T0] random: crng init done (trusting CPU's manufacturer)
[    1.504540][    T0] Console: colour VGA+ 80x25
[    1.505187][    T0] printk: console [ttyS0] enabled
[    1.505187][    T0] printk: console [ttyS0] enabled
[    1.506425][    T0] printk: bootconsole [earlyser0] disabled
[    1.506425][    T0] printk: bootconsole [earlyser0] disabled
[    1.507840][    T0] Lock dependency validator: Copyright (c) 2006 Red Hat, Inc., Ingo Molnar
[    1.508893][    T0] ... MAX_LOCKDEP_SUBCLASSES:  8
[    1.509498][    T0] ... MAX_LOCK_DEPTH:          48
[    1.510126][    T0] ... MAX_LOCKDEP_KEYS:        8192
[    1.510774][    T0] ... CLASSHASH_SIZE:          4096
[    1.511416][    T0] ... MAX_LOCKDEP_ENTRIES:     65536
[    1.512080][    T0] ... MAX_LOCKDEP_CHAINS:      131072
[    1.512756][    T0] ... CHAINHASH_SIZE:          65536
[    1.513418][    T0]  memory used by lock dependency info: 11129 kB
[    1.514227][    T0]  memory used for stack traces: 8320 kB
[    1.514948][    T0]  per task-struct memory footprint: 1920 bytes
[    1.515852][    T0] ACPI: Core revision 20211217
[    1.516880][    T0] clocksource: hpet: mask: 0xffffffff max_cycles: 0xffffffff, max_idle_ns: 19112604467 ns
[    1.518419][    T0] APIC: Switch to symmetric I/O mode setup
[    1.519210][    T0] kvm-guest: setup PV IPIs
[    1.521147][    T0] ..TIMER: vector=0x30 apic1=0 pin1=2 apic2=-1 pin2=-1
[    1.522090][    T0] tsc: Marking TSC unstable due to TSCs unsynchronized
[    1.523022][    T0] Calibrating delay loop (skipped) preset value.. 6986.87 BogoMIPS (lpj=34934360)
[    1.524252][    T0] pid_max: default: 32768 minimum: 301
[    1.525277][    T0] LSM: Security Framework initializing
[    1.526055][    T0] landlock: Up and running.
[    1.526669][    T0] Yama: becoming mindful.
[    1.527297][    T0] TOMOYO Linux initialized
[    1.528100][    T0] AppArmor: AppArmor initialized
[    1.533022][    T0] LSM support for eBPF active
[    1.533812][    T0] Mount-cache hash table entries: 4096 (order: 3, 32768 bytes, linear)
[    1.534921][    T0] Mountpoint-cache hash table entries: 4096 (order: 3, 32768 bytes, linear)
[    1.537572][    T0] x86/cpu: User Mode Instruction Prevention (UMIP) activated
[    1.538656][    T0] Last level iTLB entries: 4KB 512, 2MB 255, 4MB 127
[    1.539508][    T0] Last level dTLB entries: 4KB 512, 2MB 255, 4MB 127, 1GB 0
[    1.540432][    T0] Spectre V1 : Mitigation: usercopy/swapgs barriers and __user pointer sanitization
[    1.541608][    T0] Spectre V2 : Spectre mitigation: kernel not compiled with retpoline; no mitigation available!
[    1.541618][    T0] Speculative Store Bypass: Mitigation: Speculative Store Bypass disabled via prctl
[    1.545861][    T0] Freeing SMP alternatives memory: 108K
[    1.546988][    T1] smpboot: CPU0: AMD Ryzen Threadripper PRO 3975WX 32-Cores (family: 0x17, model: 0x31, stepping: 0x0)
[    1.549630][    T1] cblist_init_generic: Setting adjustable number of callback queues.
[    1.550679][    T1] cblist_init_generic: Setting shift to 1 and lim to 1.
[    1.551771][    T1] cblist_init_generic: Setting shift to 1 and lim to 1.
[    1.552791][    T1] Running RCU-tasks wait API self tests
[    1.653540][    T1] Performance Events: Fam17h+ core perfctr, AMD PMU driver.
[    1.655481][    T1] ... version:                0
[    1.656698][    T1] ... bit width:              48
[    1.657947][    T1] ... generic registers:      6
[    1.659160][    T1] ... value mask:             0000ffffffffffff
[    1.660690][    T1] ... max period:             00007fffffffffff
[    1.662227][    T1] ... fixed-purpose events:   0
[    1.663044][    T1] ... event mask:             000000000000003f
[    1.665581][    T1] rcu: Hierarchical SRCU implementation.
[    1.672662][    T1] smp: Bringing up secondary CPUs ...
[    1.675114][    T1] x86: Booting SMP configuration:
[    1.676404][    T1] .... node  #0, CPUs:      #1
[    1.679051][    T1] smp: Brought up 1 node, 2 CPUs
[    1.679051][    T1] smpboot: Max logical packages: 1
[    1.679051][    T1] smpboot: Total of 2 processors activated (13973.74 BogoMIPS)
[    1.684122][    T1] devtmpfs: initialized
[    1.684487][    T1] x86/mm: Memory block size: 128MB
[    1.703114][   T13] Callback from call_rcu_tasks_trace() invoked.
[    1.714930][    T1] clocksource: jiffies: mask: 0xffffffff max_cycles: 0xffffffff, max_idle_ns: 19112604462750000 ns
[    1.717675][    T1] futex hash table entries: 512 (order: 4, 65536 bytes, linear)
[    1.726373][    T1] PM: RTC time: 20:59:50, date: 2026-05-25
[    1.731401][    T1] NET: Registered PF_NETLINK/PF_ROUTE protocol family
[    1.735617][    T1] audit: initializing netlink subsys (disabled)
[    1.737372][   T26] audit: type=2000 audit(1779742790.775:1): state=initialized audit_enabled=0 res=1
[    1.737372][    T1] thermal_sys: Registered thermal governor 'step_wise'
[    1.737372][    T1] thermal_sys: Registered thermal governor 'user_space'
[    1.743215][    T1] cpuidle: using governor menu
[    1.746046][    T1] NET: Registered PF_QIPCRTR protocol family
[    1.748910][    T1] PCI: Using configuration type 1 for base access
[    1.753027][    T1] PCI: Using configuration type 1 for extended access
[    1.879633][    T1] HugeTLB registered 1.00 GiB page size, pre-allocated 0 pages
[    1.879633][    T1] HugeTLB registered 2.00 MiB page size, pre-allocated 0 pages
[    1.884142][    T1] cryptd: max_cpu_qlen set to 1000
[    1.884471][    T1] raid6: skipped pq benchmark and selected avx2x4
[    1.884471][    T1] raid6: using avx2x2 recovery algorithm
[    1.885507][    T1] ACPI: Added _OSI(Module Device)
[    1.886141][    T1] ACPI: Added _OSI(Processor Device)
[    1.886807][    T1] ACPI: Added _OSI(3.0 _SCP Extensions)
[    1.887496][    T1] ACPI: Added _OSI(Processor Aggregator Device)
[    1.894769][    T1] ACPI: Added _OSI(Linux-Dell-Video)
[    1.895430][    T1] ACPI: Added _OSI(Linux-Lenovo-NV-HDMI-Audio)
[    1.896215][    T1] ACPI: Added _OSI(Linux-HPI-Hybrid-Graphics)
[    1.918272][    T1] ACPI: 1 ACPI AML tables successfully acquired and loaded
[    1.938327][    T1] ACPI: Interpreter enabled
[    1.939076][    T1] ACPI: PM: (supports S0 S3 S4 S5)
[    1.939728][    T1] ACPI: Using IOAPIC for interrupt routing
[    1.940569][    T1] PCI: Using host bridge windows from ACPI; if necessary, use "pci=nocrs" and report a bug
[    1.943295][    T1] ACPI: Enabled 2 GPEs in block 00 to 0F
[    1.993397][    T1] ACPI: PCI Root Bridge [PCI0] (domain 0000 [bus 00-ff])
[    1.994343][    T1] acpi PNP0A03:00: _OSC: OS supports [ExtendedConfig ASPM ClockPM Segments MSI HPX-Type3]
[    1.996304][    T1] PCI host bridge to bus 0000:00
[    1.997005][    T1] pci_bus 0000:00: root bus resource [io  0x0000-0x0cf7 window]
[    1.996976][   T12] Callback from call_rcu_tasks() invoked.
[    1.998103][    T1] pci_bus 0000:00: root bus resource [io  0x0d00-0xffff window]
[    1.999859][    T1] pci_bus 0000:00: root bus resource [mem 0x000a0000-0x000bffff window]
[    2.000882][    T1] pci_bus 0000:00: root bus resource [mem 0x80000000-0xfebfffff window]
[    2.001905][    T1] pci_bus 0000:00: root bus resource [mem 0x100000000-0x17fffffff window]
[    2.002952][    T1] pci_bus 0000:00: root bus resource [bus 00-ff]
[    2.003319][    T1] pci 0000:00:00.0: [8086:1237] type 00 class 0x060000
[    2.016845][    T1] pci 0000:00:01.0: [8086:7000] type 00 class 0x060100
[    2.035068][    T1] pci 0000:00:01.1: [8086:7010] type 00 class 0x010180
[    2.037501][    T1] pci 0000:00:01.1: reg 0x20: [io  0xc000-0xc00f]
[    2.039010][    T1] pci 0000:00:01.1: legacy IDE quirk: reg 0x10: [io  0x01f0-0x01f7]
[    2.039996][    T1] pci 0000:00:01.1: legacy IDE quirk: reg 0x14: [io  0x03f6]
[    2.040899][    T1] pci 0000:00:01.1: legacy IDE quirk: reg 0x18: [io  0x0170-0x0177]
[    2.041890][    T1] pci 0000:00:01.1: legacy IDE quirk: reg 0x1c: [io  0x0376]
[    2.043333][    T1] pci 0000:00:01.3: [8086:7113] type 00 class 0x068000
[    2.044693][    T1] pci 0000:00:01.3: quirk: [io  0x0600-0x063f] claimed by PIIX4 ACPI
[    2.045721][    T1] pci 0000:00:01.3: quirk: [io  0x0700-0x070f] claimed by PIIX4 SMB
[    2.047487][    T1] pci 0000:00:02.0: [1234:1111] type 00 class 0x030000
[    2.053417][    T1] pci 0000:00:02.0: reg 0x10: [mem 0xfd000000-0xfdffffff pref]
[    2.056066][    T1] pci 0000:00:02.0: reg 0x18: [mem 0xfebf0000-0xfebf0fff]
[    2.060881][    T1] pci 0000:00:02.0: reg 0x30: [mem 0xfebe0000-0xfebeffff pref]
[    2.062129][    T1] pci 0000:00:02.0: Video device with shadowed ROM at [mem 0x000c0000-0x000dffff]
[    2.079145][    T1] ACPI: PCI: Interrupt link LNKA configured for IRQ 10
[    2.081279][    T1] ACPI: PCI: Interrupt link LNKB configured for IRQ 10
[    2.083372][    T1] ACPI: PCI: Interrupt link LNKC configured for IRQ 11
[    2.085464][    T1] ACPI: PCI: Interrupt link LNKD configured for IRQ 11
[    2.086829][    T1] ACPI: PCI: Interrupt link LNKS configured for IRQ 9
[    2.091603][    T1] iommu: Default domain type: Translated 
[    2.093030][    T1] iommu: DMA domain TLB invalidation policy: lazy mode 
[    2.098545][    T1] SCSI subsystem initialized
[    2.100089][    T1] ACPI: bus type USB registered
[    2.100089][    T1] usbcore: registered new interface driver usbfs
[    2.103114][    T1] usbcore: registered new interface driver hub
[    2.103988][    T1] usbcore: registered new device driver usb
[    2.105201][    T1] mc: Linux media interface: v0.10
[    2.105904][    T1] videodev: Linux video capture interface: v2.00
[    2.106922][    T1] pps_core: LinuxPPS API ver. 1 registered
[    2.107632][    T1] pps_core: Software ver. 5.3.6 - Copyright 2005-2007 Rodolfo Giometti <giometti@linux.it>
[    2.108882][    T1] PTP clock support registered
[    2.109595][    T1] EDAC MC: Ver: 3.0.0
[    2.109595][    T1] Advanced Linux Sound Architecture Driver Initialized.
[    2.114539][    T1] Bluetooth: Core ver 2.22
[    2.115179][    T1] NET: Registered PF_BLUETOOTH protocol family
[    2.115958][    T1] Bluetooth: HCI device and connection manager initialized
[    2.116893][    T1] Bluetooth: HCI socket layer initialized
[    2.117624][    T1] Bluetooth: L2CAP socket layer initialized
[    2.118399][    T1] Bluetooth: SCO socket layer initialized
[    2.119148][    T1] NET: Registered PF_ATMPVC protocol family
[    2.119898][    T1] NET: Registered PF_ATMSVC protocol family
[    2.120758][    T1] NetLabel: Initializing
[    2.121296][    T1] NetLabel:  domain hash size = 128
[    2.121950][    T1] NetLabel:  protocols = UNLABELED CIPSOv4 CALIPSO
[    2.122902][    T1] NetLabel:  unlabeled traffic allowed by default
[    2.123342][    T1] nfc: nfc_init: NFC Core ver 0.1
[    2.124055][    T1] NET: Registered PF_NFC protocol family
[    2.124775][    T1] PCI: Using ACPI for IRQ routing
[    2.125617][    T1] pci 0000:00:02.0: vgaarb: setting as boot VGA device
[    2.125617][    T1] pci 0000:00:02.0: vgaarb: bridge control possible
[    2.125617][    T1] pci 0000:00:02.0: vgaarb: VGA device added: decodes=io+mem,owns=io+mem,locks=none
[    2.126003][    T1] vgaarb: loaded
[    2.127147][    T1] hpet0: at MMIO 0xfed00000, IRQs 2, 8, 0
[    2.127863][    T1] hpet0: 3 comparators, 64-bit 100.000000 MHz counter
[    2.135330][    T1] clocksource: Switched to clocksource kvm-clock
[    2.569442][    T1] VFS: Disk quotas dquot_6.6.0
[    2.570149][    T1] VFS: Dquot-cache hash table entries: 512 (order 0, 4096 bytes)
[    2.571371][    T1] FS-Cache: Loaded
[    2.572471][    T1] CacheFiles: Loaded
[    2.573256][    T1] TOMOYO: 2.6.0
[    2.573727][    T1] Mandatory Access Control activated.
[    2.575649][    T1] AppArmor: AppArmor Filesystem Enabled
[    2.576548][    T1] pnp: PnP ACPI init
[    2.581533][    T1] pnp: PnP ACPI: found 6 devices
[    2.607173][    T1] clocksource: acpi_pm: mask: 0xffffff max_cycles: 0xffffff, max_idle_ns: 2085701024 ns
[    2.608680][    T1] NET: Registered PF_INET protocol family
[    2.615478][    T1] IP idents hash table entries: 32768 (order: 6, 262144 bytes, linear)
[    2.617904][    T1] tcp_listen_portaddr_hash hash table entries: 1024 (order: 4, 81920 bytes, linear)
[    2.619127][    T1] TCP established hash table entries: 16384 (order: 5, 131072 bytes, linear)
[    2.627352][    T1] TCP bind hash table entries: 16384 (order: 8, 1179648 bytes, linear)
[    2.628912][    T1] TCP: Hash tables configured (established 16384 bind 16384)
[    2.630171][    T1] MPTCP token hash table entries: 2048 (order: 5, 180224 bytes, linear)
[    2.631345][    T1] UDP hash table entries: 1024 (order: 5, 163840 bytes, linear)
[    2.632410][    T1] UDP-Lite hash table entries: 1024 (order: 5, 163840 bytes, linear)
[    2.633823][    T1] NET: Registered PF_UNIX/PF_LOCAL protocol family
[    2.635429][    T1] RPC: Registered named UNIX socket transport module.
[    2.636288][    T1] RPC: Registered udp transport module.
[    2.636987][    T1] RPC: Registered tcp transport module.
[    2.637677][    T1] RPC: Registered tcp NFSv4.1 backchannel transport module.
[    2.639573][    T1] NET: Registered PF_XDP protocol family
[    2.640312][    T1] pci_bus 0000:00: resource 4 [io  0x0000-0x0cf7 window]
[    2.641212][    T1] pci_bus 0000:00: resource 5 [io  0x0d00-0xffff window]
[    2.642123][    T1] pci_bus 0000:00: resource 6 [mem 0x000a0000-0x000bffff window]
[    2.643207][    T1] pci_bus 0000:00: resource 7 [mem 0x80000000-0xfebfffff window]
[    2.644202][    T1] pci_bus 0000:00: resource 8 [mem 0x100000000-0x17fffffff window]
[    2.645652][    T1] pci 0000:00:01.0: PIIX3: Enabling Passive Release
[    2.646536][    T1] pci 0000:00:00.0: Limiting direct PCI/PCI transfers
[    2.647434][    T1] pci 0000:00:01.0: Activating ISA DMA hang workarounds
[    2.648386][    T1] PCI: CLS 0 bytes, default 64
[    2.649152][    T1] ACPI: bus type thunderbolt registered
[    2.650725][    T1] kvm: no hardware support for 'kvm_intel'
[    2.651710][    T1] kvm: Nested Virtualization enabled
[    2.652393][    T1] SVM: kvm: Nested Paging enabled
[    2.659869][   T11] Trying to unpack rootfs image as initramfs...
[    2.674091][   T59] cryptomgr_test (59) used greatest stack depth: 29792 bytes left
[    2.770314][   T11] Freeing initrd memory: 1328K
[    2.771592][   T58] kworker/u4:2 (58) used greatest stack depth: 28176 bytes left
[    2.773058][   T65] kworker/u4:3 (65) used greatest stack depth: 27776 bytes left
[    4.985137][    T1] Initialise system trusted keyrings
[    4.986236][    T1] workingset: timestamp_bits=40 max_order=19 bucket_order=0
[    5.012113][    T1] zbud: loaded
[    5.017541][    T1] DLM installed
[    5.021684][    T1] squashfs: version 4.0 (2009/01/31) Phillip Lougher
[    5.028361][    T1] NFS: Registering the id_resolver key type
[    5.029125][    T1] Key type id_resolver registered
[    5.029760][    T1] Key type id_legacy registered
[    5.030551][    T1] nfs4filelayout_init: NFSv4 File Layout Driver Registering...
[    5.031501][    T1] nfs4flexfilelayout_init: NFSv4 Flexfile Layout Driver Registering...
[    5.032496][    T1] Installing knfsd (copyright (C) 1996 okir@monad.swb.de).
[    5.038073][    T1] Key type cifs.spnego registered
[    5.038760][    T1] Key type cifs.idmap registered
[    5.039702][    T1] ntfs: driver 2.1.32 [Flags: R/W].
[    5.041320][    T1] efs: 1.0a - http://aeschi.ch.eu.org/efs/
[    5.042203][    T1] jffs2: version 2.2. (NAND) (SUMMARY)  © 2001-2006 Red Hat, Inc.
[    5.045181][    T1] romfs: ROMFS MTD (C) 2007 Red Hat, Inc.
[    5.046214][    T1] QNX4 filesystem 0.2.3 registered.
[    5.047025][    T1] qnx6: QNX6 filesystem 1.0.0 registered.
[    5.048069][    T1] fuse: init (API version 7.36)
[    5.050260][    T1] orangefs_debugfs_init: called with debug mask: :none: :0:
[    5.051451][    T1] orangefs_init: module version upstream loaded
[    5.052825][    T1] JFS: nTxBlock = 8192, nTxLock = 65536
[    5.107274][    T1] SGI XFS with ACLs, security attributes, realtime, quota, fatal assert, debug enabled
[    5.122112][    T1] 9p: Installing v9fs 9p2000 file system support
[    5.123870][    T1] NILFS version 2 loaded
[    5.124406][    T1] befs: version: 0.9.3
[    5.125873][    T1] ocfs2: Registered cluster interface o2cb
[    5.126876][    T1] ocfs2: Registered cluster interface user
[    5.128071][    T1] OCFS2 User DLM kernel interface loaded
[    5.137654][    T1] gfs2: GFS2 installed
[    5.149973][    T1] ceph: loaded (mds proto 32)
[    5.161295][    T1] NET: Registered PF_ALG protocol family
[    5.162050][    T1] xor: automatically using best checksumming function   avx       
[    5.163108][    T1] async_tx: api initialized (async)
[    5.163775][    T1] Key type asymmetric registered
[    5.164414][    T1] Asymmetric key parser 'x509' registered
[    5.165153][    T1] Asymmetric key parser 'pkcs8' registered
[    5.165881][    T1] Key type pkcs7_test registered
[    5.166490][    T1] Asymmetric key parser 'tpm_parser' registered
[    5.169262][    T1] alg: self-tests for CTR-KDF (hmac(sha256)) passed
[    5.170257][    T1] Block layer SCSI generic (bsg) driver version 0.4 loaded (major 240)
[    5.171733][    T1] io scheduler mq-deadline registered
[    5.172415][    T1] io scheduler kyber registered
[    5.173450][    T1] io scheduler bfq registered
[    5.188822][    T1] input: Power Button as /devices/LNXSYSTM:00/LNXPWRBN:00/input/input0
[    5.193716][    T1] ACPI: button: Power Button [PWRF]
[    5.204285][  T167] kworker/u4:1 (167) used greatest stack depth: 27728 bytes left
[    5.231043][  T225] kworker/u4:2 (225) used greatest stack depth: 27408 bytes left
[    5.355582][  T576] kworker/u4:4 (576) used greatest stack depth: 26816 bytes left
[    5.403517][    T1] N_HDLC line discipline registered with maxframe=4096
[    5.404433][    T1] Serial: 8250/16550 driver, 4 ports, IRQ sharing enabled
[    5.405767][    T1] 00:04: ttyS0 at I/O 0x3f8 (irq = 4, base_baud = 115200) is a 16550A
[    5.415308][    T1] Non-volatile memory driver v1.3
[    5.415997][    T1] Linux agpgart interface v0.103
[    5.423761][    T1] ACPI: bus type drm_connector registered
[    5.426210][    T1] [drm] Initialized vgem 1.0.0 20120112 for vgem on minor 0
[    5.429772][    T1] [drm] Initialized vkms 1.0.0 20180514 for vkms on minor 1
[    5.490826][    T1] Console: switching to colour frame buffer device 128x48
[    5.507372][    T1] platform vkms: [drm] fb0: vkmsdrmfb frame buffer device
[    5.508447][    T1] usbcore: registered new interface driver udl
[    5.509379][    T1] bochs-drm 0000:00:02.0: vgaarb: deactivate vga console
[    5.512515][    T1] [drm] Found bochs VGA, ID 0xb0c5.
[    5.513224][    T1] [drm] Framebuffer size 16384 kB @ 0xfd000000, mmio @ 0xfebf0000.
[    5.515783][    T1] [drm] Found EDID data blob.
[    5.517497][    T1] [drm] Initialized bochs-drm 1.0.0 20130925 for 0000:00:02.0 on minor 2
[    5.529126][    T1] fbcon: bochs-drmdrmfb (fb1) is primary device
[    5.529141][    T1] fbcon: Remapping primary device, fb1, to tty 1-63
[   21.220380][    T1] bochs-drm 0000:00:02.0: [drm] fb1: bochs-drmdrmfb frame buffer device
[   21.226846][   T11] Floppy drive(s): fd0 is 2.88M AMI BIOS
[   21.255652][    T1] brd: module loaded
[   21.263827][   T11] FDC 0 is a S82078B
[   21.294512][    T1] loop: module loaded
[   21.339701][    T1] zram: Added device: zram0
[   21.343482][    T1] null_blk: module loaded
[   21.344143][    T1] Guest personality initialized and is inactive
[   21.345192][    T1] VMCI host device registered (name=vmci, major=10, minor=120)
[   21.346175][    T1] Initialized host personality
[   21.346881][    T1] usbcore: registered new interface driver rtsx_usb
[   21.347970][    T1] usbcore: registered new interface driver viperboard
[   21.348955][    T1] usbcore: registered new interface driver dln2
[   21.350098][    T1] usbcore: registered new interface driver pn533_usb
[   21.353360][    T1] nfcsim 0.2 initialized
[   21.354314][    T1] usbcore: registered new interface driver port100
[   21.355359][    T1] usbcore: registered new interface driver nfcmrvl
[   21.357972][    T1] Loading iSCSI transport class v2.0-870.
[   21.361610][    T1] st: Version 20160209, fixed bufsize 32768, s/g segs 256
[   21.377276][    T1] scsi host0: ata_piix
[   21.379761][    T1] scsi host1: ata_piix
[   21.380727][    T1] ata1: PATA max MWDMA2 cmd 0x1f0 ctl 0x3f6 bmdma 0xc000 irq 14
[   21.381718][    T1] ata2: PATA max MWDMA2 cmd 0x170 ctl 0x376 bmdma 0xc008 irq 15
[   21.385935][    T1] Rounding down aligned max_sectors from 4294967295 to 4294967288
[   21.387878][    T1] db_root: cannot open: /etc/target
[   21.388843][    T1] slram: not enough parameters.
[   21.391335][    T1] ftl_cs: FTL header not found.
[   21.401459][    T1] wireguard: WireGuard 1.0.0 loaded. See www.wireguard.com for information.
[   21.402536][    T1] wireguard: Copyright (C) 2015-2019 Jason A. Donenfeld <Jason@zx2c4.com>. All Rights Reserved.
[   21.405640][    T1] eql: Equalizer2002: Simon Janes (simon@ncm.com) and David S. Miller (davem@redhat.com)
[   21.409244][    T1] MACsec IEEE 802.1AE
[   21.412214][    T1] tun: Universal TUN/TAP device driver, 1.6
[   21.415886][    T1] vcan: Virtual CAN interface driver
[   21.416540][    T1] vxcan: Virtual CAN Tunnel driver
[   21.417165][    T1] slcan: serial line CAN interface driver
[   21.417945][    T1] slcan: 10 dynamic interface channels.
[   21.418631][    T1] CAN device driver interface
[   21.419300][    T1] usbcore: registered new interface driver usb_8dev
[   21.420178][    T1] usbcore: registered new interface driver ems_usb
[   21.421045][    T1] usbcore: registered new interface driver esd_usb2
[   21.421929][    T1] usbcore: registered new interface driver gs_usb
[   21.422799][    T1] usbcore: registered new interface driver kvaser_usb
[   21.424953][    T1] usbcore: registered new interface driver mcba_usb
[   21.425843][    T1] usbcore: registered new interface driver peak_usb
[   21.426799][    T1] e100: Intel(R) PRO/100 Network Driver
[   21.427503][    T1] e100: Copyright(c) 1999-2006 Intel Corporation
[   21.428389][    T1] e1000: Intel(R) PRO/1000 Network Driver
[   21.429117][    T1] e1000: Copyright (c) 1999-2006 Intel Corporation.
[   21.430065][    T1] e1000e: Intel(R) PRO/1000 Network Driver
[   21.430801][    T1] e1000e: Copyright(c) 1999 - 2015 Intel Corporation.
[   21.432047][    T1] mkiss: AX.25 Multikiss, Hans Albas PE1AYX
[   21.432770][    T1] AX.25: 6pack driver, Revision: 0.3.0
[   21.433500][    T1] AX.25: bpqether driver version 004
[   21.434184][    T1] PPP generic driver version 2.4.2
[   21.435252][    T1] PPP BSD Compression module registered
[   21.435941][    T1] PPP Deflate Compression module registered
[   21.436973][    T1] PPP MPPE Compression module registered
[   21.437676][    T1] NET: Registered PF_PPPOX protocol family
[   21.438412][    T1] PPTP driver version 0.8.5
[   21.439088][    T1] SLIP: version 0.8.4-NET3.019-NEWTTY (dynamic channels, max=256) (6 bit encapsulation enabled).
[   21.440394][    T1] CSLIP: code copyright 1989 Regents of the University of California.
[   21.441411][    T1] SLIP linefill/keepalive option.
[   21.442036][    T1] hdlc: HDLC support module revision 1.22
[   21.442755][    T1] LAPB Ethernet driver version 0.02
[   21.443881][    T1] usbcore: registered new interface driver ath9k_htc
[   21.444811][    T1] usbcore: registered new interface driver carl9170
[   21.445731][    T1] usbcore: registered new interface driver ath6kl_usb
[   21.446685][    T1] usbcore: registered new interface driver ar5523
[   21.447777][    T1] usbcore: registered new interface driver ath10k_usb
[   21.448723][    T1] usbcore: registered new interface driver rndis_wlan
[   21.449716][    T1] mac80211_hwsim: initializing netlink
[   21.461066][    T1] usbcore: registered new interface driver atusb
[   21.465482][    T1] mac802154_hwsim mac802154_hwsim: Added 2 mac802154 hwsim hardware radios
[   21.467109][    T1] VMware vmxnet3 virtual NIC driver - version 1.6.0.0-k-NAPI
[   21.468210][    T1] usbcore: registered new interface driver catc
[   21.469055][    T1] usbcore: registered new interface driver kaweth
[   21.469886][    T1] pegasus: Pegasus/Pegasus II USB Ethernet driver
[   21.470765][    T1] usbcore: registered new interface driver pegasus
[   21.471657][    T1] usbcore: registered new interface driver rtl8150
[   21.472563][    T1] usbcore: registered new interface driver r8152
[   21.473423][    T1] hso: drivers/net/usb/hso.c: Option Wireless
[   21.474311][    T1] usbcore: registered new interface driver hso
[   21.475170][    T1] usbcore: registered new interface driver lan78xx
[   21.476086][    T1] usbcore: registered new interface driver asix
[   21.476939][    T1] usbcore: registered new interface driver ax88179_178a
[   21.477907][    T1] usbcore: registered new interface driver cdc_ether
[   21.478821][    T1] usbcore: registered new interface driver cdc_eem
[   21.479720][    T1] usbcore: registered new interface driver dm9601
[   21.480815][    T1] usbcore: registered new interface driver sr9700
[   21.481917][    T1] usbcore: registered new interface driver CoreChips
[   21.482949][    T1] usbcore: registered new interface driver smsc75xx
[   21.484381][    T1] usbcore: registered new interface driver smsc95xx
[   21.485296][    T1] usbcore: registered new interface driver gl620a
[   21.486172][    T1] usbcore: registered new interface driver net1080
[   21.487061][    T1] usbcore: registered new interface driver plusb
[   21.488268][    T1] usbcore: registered new interface driver rndis_host
[   21.489372][    T1] usbcore: registered new interface driver cdc_subset
[   21.490491][    T1] usbcore: registered new interface driver zaurus
[   21.491555][    T1] usbcore: registered new interface driver MOSCHIP usb-ethernet driver
[   21.492914][    T1] usbcore: registered new interface driver int51x1
[   21.494034][    T1] usbcore: registered new interface driver cdc_phonet
[   21.495146][    T1] usbcore: registered new interface driver kalmia
[   21.496219][    T1] usbcore: registered new interface driver ipheth
[   21.497296][    T1] usbcore: registered new interface driver sierra_net
[   21.498503][    T1] usbcore: registered new interface driver cx82310_eth
[   21.499682][    T1] usbcore: registered new interface driver cdc_ncm
[   21.500556][    T1] usbcore: registered new interface driver huawei_cdc_ncm
[   21.501527][    T1] usbcore: registered new interface driver lg-vl600
[   21.502415][    T1] usbcore: registered new interface driver qmi_wwan
[   21.503335][    T1] usbcore: registered new interface driver cdc_mbim
[   21.504233][    T1] usbcore: registered new interface driver ch9200
[   21.506569][    T1] VFIO - User Level meta-driver version: 0.3
[   21.510270][    T1] aoe: AoE v85 initialised.
[   21.512440][    T1] ehci_hcd: USB 2.0 'Enhanced' Host Controller (EHCI) Driver
[   21.513458][    T1] ehci-pci: EHCI PCI platform driver
[   21.514214][    T1] ehci-platform: EHCI generic platform driver
[   21.515134][    T1] ohci_hcd: USB 1.1 'Open' Host Controller (OHCI) Driver
[   21.516032][    T1] ohci-pci: OHCI PCI platform driver
[   21.516774][    T1] ohci-platform: OHCI generic platform driver
[   21.517649][    T1] uhci_hcd: USB Universal Host Controller Interface driver
[   21.519139][    T1] driver u132_hcd
[   21.520214][    T1] fotg210_hcd: FOTG210 Host Controller (EHCI) Driver
[   21.521055][    T1] Warning! fotg210_hcd should always be loaded before uhci_hcd and ohci_hcd, not after
[   21.522354][    T1] SPI driver max3421-hcd has no spi_device_id for maxim,max3421
[   21.523817][    T1] usbcore: registered new interface driver cdc_acm
[   21.524635][    T1] cdc_acm: USB Abstract Control Model driver for USB modems and ISDN adapters
[   21.525853][    T1] usbcore: registered new interface driver usblp
[   21.526718][    T1] usbcore: registered new interface driver cdc_wdm
[   21.527601][    T1] usbcore: registered new interface driver usbtmc
[   21.528747][    T1] usbcore: registered new interface driver uas
[   21.529695][    T1] usbcore: registered new interface driver usb-storage
[   21.530600][    T1] usbcore: registered new interface driver ums-alauda
[   21.531491][    T1] usbcore: registered new interface driver ums-cypress
[   21.532388][    T1] usbcore: registered new interface driver ums-datafab
[   21.536381][    T1] usbcore: registered new interface driver ums_eneub6250
[   21.537342][    T1] usbcore: registered new interface driver ums-freecom
[   21.538261][    T1] usbcore: registered new interface driver ums-isd200
[   21.539156][    T1] usbcore: registered new interface driver ums-jumpshot
[   21.540080][    T1] usbcore: registered new interface driver ums-karma
[   21.540966][    T1] usbcore: registered new interface driver ums-onetouch
[   21.541919][    T1] usbcore: registered new interface driver ums-realtek
[   21.542821][    T1] usbcore: registered new interface driver ums-sddr09
[   21.545896][    T1] usbcore: registered new interface driver ums-sddr55
[   21.546794][    T1] usbcore: registered new interface driver ums-usbat
[   21.547705][    T1] usbcore: registered new interface driver mdc800
[   21.548497][    T1] mdc800: v0.7.5 (30/10/2000):USB Driver for Mustek MDC800 Digital Camera
[   21.549616][    T1] usbcore: registered new interface driver microtekX6
[   21.550636][    T1] usbcore: registered new interface driver usbserial_generic
[   21.551846][    T1] usbserial: USB Serial support registered for generic
[   21.552784][    T1] usbcore: registered new interface driver aircable
[   21.554126][    T1] usbserial: USB Serial support registered for aircable
[   21.555046][    T1] usbcore: registered new interface driver ark3116
[   21.555897][    T1] usbserial: USB Serial support registered for ark3116
[   21.556802][    T1] usbcore: registered new interface driver belkin_sa
[   21.557680][    T1] usbserial: USB Serial support registered for Belkin / Peracom / GoHubs USB Serial Adapter
[   21.558976][    T1] usbcore: registered new interface driver ch341
[   21.559795][    T1] usbserial: USB Serial support registered for ch341-uart
[   21.560728][    T1] usbcore: registered new interface driver cp210x
[   21.561595][    T1] usbserial: USB Serial support registered for cp210x
[   21.562485][    T1] usbcore: registered new interface driver cyberjack
[   21.563389][  T987] ata2: found unknown device (class 0)
[   21.563401][    T1] usbserial: USB Serial support registered for Reiner SCT Cyberjack USB card reader
[   21.564140][    T1] usbcore: registered new interface driver cypress_m8
[   21.566359][    T1] usbserial: USB Serial support registered for DeLorme Earthmate USB
[   21.566702][  T987] ata2.00: ATAPI: QEMU DVD-ROM, 2.5+, max UDMA/100
[   21.567463][    T1] usbserial: USB Serial support registered for HID->COM RS232 Adapter
[   21.570635][    T1] usbserial: USB Serial support registered for Nokia CA-42 V2 Adapter
[   21.571730][   T11] scsi 1:0:0:0: CD-ROM            QEMU     QEMU DVD-ROM     2.5+ PQ: 0 ANSI: 5
[   21.571930][    T1] usbcore: registered new interface driver usb_debug
[   21.574189][    T1] usbserial: USB Serial support registered for debug
[   21.575373][    T1] usbserial: USB Serial support registered for xhci_dbc
[   21.576460][    T1] usbcore: registered new interface driver digi_acceleport
[   21.577415][    T1] usbserial: USB Serial support registered for Digi 2 port USB adapter
[   21.578489][    T1] usbserial: USB Serial support registered for Digi 4 port USB adapter
[   21.579584][    T1] usbcore: registered new interface driver io_edgeport
[   21.580482][    T1] usbserial: USB Serial support registered for Edgeport 2 port adapter
[   21.581562][    T1] usbserial: USB Serial support registered for Edgeport 4 port adapter
[   21.582645][    T1] usbserial: USB Serial support registered for Edgeport 8 port adapter
[   21.583887][    T1] usbserial: USB Serial support registered for EPiC device
[   21.584862][    T1] usbcore: registered new interface driver io_ti
[   21.585704][    T1] usbserial: USB Serial support registered for Edgeport TI 1 port adapter
[   21.586813][    T1] usbserial: USB Serial support registered for Edgeport TI 2 port adapter
[   21.587934][    T1] usbcore: registered new interface driver empeg
[   21.588772][    T1] usbserial: USB Serial support registered for empeg
[   21.589685][    T1] usbcore: registered new interface driver f81534a_ctrl
[   21.590617][    T1] usbcore: registered new interface driver f81232
[   21.591480][    T1] usbserial: USB Serial support registered for f81232
[   21.592370][    T1] usbserial: USB Serial support registered for f81534a
[   21.593771][    T1] usbcore: registered new interface driver f81534
[   21.594628][    T1] usbserial: USB Serial support registered for Fintek F81532/F81534
[   21.595685][    T1] usbcore: registered new interface driver ftdi_sio
[   21.596568][    T1] usbserial: USB Serial support registered for FTDI USB Serial Device
[   21.597653][    T1] usbcore: registered new interface driver garmin_gps
[   21.598553][    T1] usbserial: USB Serial support registered for Garmin GPS usb/tty
[   21.599606][    T1] usbcore: registered new interface driver ipaq
[   21.600636][    T1] usbserial: USB Serial support registered for PocketPC PDA
[   21.601874][    T1] usbcore: registered new interface driver ipw
[   21.602753][    T1] usbserial: USB Serial support registered for IPWireless converter
[   21.603824][    T1] usbcore: registered new interface driver ir_usb
[   21.604968][    T1] usbserial: USB Serial support registered for IR Dongle
[   21.605924][    T1] usbcore: registered new interface driver iuu_phoenix
[   21.606832][    T1] usbserial: USB Serial support registered for iuu_phoenix
[   21.607894][    T1] usbcore: registered new interface driver keyspan
[   21.608926][    T1] usbserial: USB Serial support registered for Keyspan - (without firmware)
[   21.610307][    T1] usbserial: USB Serial support registered for Keyspan 1 port adapter
[   21.611617][    T1] usbserial: USB Serial support registered for Keyspan 2 port adapter
[   21.612930][    T1] usbserial: USB Serial support registered for Keyspan 4 port adapter
[   21.614299][    T1] usbcore: registered new interface driver keyspan_pda
[   21.615474][    T1] usbserial: USB Serial support registered for Keyspan PDA
[   21.616522][    T1] usbserial: USB Serial support registered for Keyspan PDA - (prerenumeration)
[   21.617725][    T1] usbcore: registered new interface driver kl5kusb105
[   21.618646][    T1] usbserial: USB Serial support registered for KL5KUSB105D / PalmConnect
[   21.619766][    T1] usbcore: registered new interface driver kobil_sct
[   21.620642][    T1] usbserial: USB Serial support registered for KOBIL USB smart card terminal
[   21.621795][    T1] usbcore: registered new interface driver mct_u232
[   21.622670][    T1] usbserial: USB Serial support registered for MCT U232
[   21.623623][    T1] usbcore: registered new interface driver metro_usb
[   21.624530][    T1] usbserial: USB Serial support registered for Metrologic USB to Serial
[   21.625638][    T1] usbcore: registered new interface driver mos7720
[   21.626504][    T1] usbserial: USB Serial support registered for Moschip 2 port adapter
[   21.627589][    T1] usbcore: registered new interface driver mos7840
[   21.628457][    T1] usbserial: USB Serial support registered for Moschip 7840/7820 USB Serial Driver
[   21.629695][    T1] usbcore: registered new interface driver mxuport
[   21.630563][    T1] usbserial: USB Serial support registered for MOXA UPort
[   21.631512][    T1] usbcore: registered new interface driver navman
[   21.632366][    T1] usbserial: USB Serial support registered for navman
[   21.633304][    T1] usbcore: registered new interface driver omninet
[   21.634162][    T1] usbserial: USB Serial support registered for ZyXEL - omni.net usb
[   21.635221][    T1] usbcore: registered new interface driver opticon
[   21.636078][    T1] usbserial: USB Serial support registered for opticon
[   21.636998][    T1] usbcore: registered new interface driver option
[   21.637856][    T1] usbserial: USB Serial support registered for GSM modem (1-port)
[   21.638893][    T1] usbcore: registered new interface driver oti6858
[   21.639755][    T1] usbserial: USB Serial support registered for oti6858
[   21.640672][    T1] usbcore: registered new interface driver pl2303
[   21.641556][    T1] usbserial: USB Serial support registered for pl2303
[   21.642458][    T1] usbcore: registered new interface driver qcaux
[   21.643327][    T1] usbserial: USB Serial support registered for qcaux
[   21.644237][    T1] usbcore: registered new interface driver qcserial
[   21.645114][    T1] usbserial: USB Serial support registered for Qualcomm USB modem
[   21.646166][    T1] usbcore: registered new interface driver quatech2
[   21.647060][    T1] usbserial: USB Serial support registered for Quatech 2nd gen USB to Serial Driver
[   21.648309][    T1] usbcore: registered new interface driver safe_serial
[   21.649232][    T1] usbserial: USB Serial support registered for safe_serial
[   21.650203][    T1] usbcore: registered new interface driver sierra
[   21.651065][    T1] usbserial: USB Serial support registered for Sierra USB modem
[   21.652094][    T1] usbcore: registered new interface driver usb_serial_simple
[   21.653339][    T1] usbserial: USB Serial support registered for carelink
[   21.654279][    T1] usbserial: USB Serial support registered for zio
[   21.655137][    T1] usbserial: USB Serial support registered for funsoft
[   21.656039][    T1] usbserial: USB Serial support registered for flashloader
[   21.656988][    T1] usbserial: USB Serial support registered for google
[   21.658001][    T1] usbserial: USB Serial support registered for libtransistor
[   21.658965][    T1] usbserial: USB Serial support registered for vivopay
[   21.659861][    T1] usbserial: USB Serial support registered for moto_modem
[   21.660810][    T1] usbserial: USB Serial support registered for motorola_tetra
[   21.661805][    T1] usbserial: USB Serial support registered for novatel_gps
[   21.662762][    T1] usbserial: USB Serial support registered for hp4x
[   21.663714][    T1] usbserial: USB Serial support registered for suunto
[   21.664830][    T1] usbserial: USB Serial support registered for siemens_mpi
[   21.665810][    T1] usbcore: registered new interface driver spcp8x5
[   21.666678][    T1] usbserial: USB Serial support registered for SPCP8x5
[   21.667603][    T1] usbcore: registered new interface driver ssu100
[   21.668455][    T1] usbserial: USB Serial support registered for Quatech SSU-100 USB to Serial Driver
[   21.669697][    T1] usbcore: registered new interface driver symbolserial
[   21.670631][    T1] usbserial: USB Serial support registered for symbol
[   21.671543][    T1] usbcore: registered new interface driver ti_usb_3410_5052
[   21.672494][    T1] usbserial: USB Serial support registered for TI USB 3410 1 port adapter
[   21.674160][    T1] usbserial: USB Serial support registered for TI USB 5052 2 port adapter
[   21.675283][    T1] usbcore: registered new interface driver upd78f0730
[   21.676175][    T1] usbserial: USB Serial support registered for upd78f0730
[   21.677138][    T1] usbcore: registered new interface driver visor
[   21.677990][    T1] usbserial: USB Serial support registered for Handspring Visor / Palm OS
[   21.679095][    T1] usbserial: USB Serial support registered for Sony Clie 5.0
[   21.680066][    T1] usbserial: USB Serial support registered for Sony Clie 3.5
[   21.681056][    T1] usbcore: registered new interface driver wishbone_serial
[   21.682018][    T1] usbserial: USB Serial support registered for wishbone_serial
[   21.683040][    T1] usbcore: registered new interface driver whiteheat
[   21.683930][    T1] usbserial: USB Serial support registered for Connect Tech - WhiteHEAT - (prerenumeration)
[   21.685239][    T1] usbserial: USB Serial support registered for Connect Tech - WhiteHEAT
[   21.686542][    T1] usbcore: registered new interface driver xr_serial
[   21.687495][    T1] usbserial: USB Serial support registered for xr_serial
[   21.688563][    T1] usbcore: registered new interface driver xsens_mt
[   21.689019][   T11] sr 1:0:0:0: [sr0] scsi3-mmc drive: 4x/4x cd/rw xa/form2 tray
[   21.689475][    T1] usbserial: USB Serial support registered for xsens_mt
[   21.690420][   T11] cdrom: Uniform CD-ROM driver Revision: 3.20
[   21.691327][    T1] usbcore: registered new interface driver adutux
[   21.692988][    T1] usbcore: registered new interface driver appledisplay
[   21.694564][    T1] usbcore: registered new interface driver cypress_cy7c63
[   21.695524][    T1] usbcore: registered new interface driver cytherm
[   21.696407][    T1] usbcore: registered new interface driver emi26 - firmware loader
[   21.697478][    T1] usbcore: registered new interface driver emi62 - firmware loader
[   21.698463][    T1] ftdi_elan: driver ftdi-elan
[   21.699122][    T1] usbcore: registered new interface driver ftdi-elan
[   21.700029][    T1] usbcore: registered new interface driver idmouse
[   21.700907][    T1] usbcore: registered new interface driver iowarrior
[   21.701815][    T1] usbcore: registered new interface driver isight_firmware
[   21.702782][    T1] usbcore: registered new interface driver usblcd
[   21.703699][    T1] usbcore: registered new interface driver ldusb
[   21.704558][    T1] usbcore: registered new interface driver legousbtower
[   21.705544][    T1] usbcore: registered new interface driver usbtest
[   21.706437][    T1] usbcore: registered new interface driver usb_ehset_test
[   21.707430][    T1] usbcore: registered new interface driver trancevibrator
[   21.708398][    T1] usbcore: registered new interface driver uss720
[   21.709199][    T1] uss720: USB Parport Cable driver for Cables using the Lucent Technologies USS720 Chip
[   21.710416][    T1] uss720: NOTE: this is a special purpose driver to allow nonstandard
[   21.711434][    T1] uss720: protocols (eg. bitbang) over USS720 usb to parallel cables
[   21.712439][    T1] uss720: If you just want to connect to a printer, use usblp instead
[   21.713710][    T1] usbcore: registered new interface driver usbsevseg
[   21.714831][    T1] usbcore: registered new interface driver yurex
[   21.715911][    T1] usbcore: registered new interface driver chaoskey
[   21.717019][    T1] usbcore: registered new interface driver sisusb
[   21.718084][    T1] usbcore: registered new interface driver lvs
[   21.719099][    T1] usbcore: registered new interface driver cxacru
[   21.720063][    T1] usbcore: registered new interface driver speedtch
[   21.720980][    T1] usbcore: registered new interface driver ueagle-atm
[   21.721836][    T1] xusbatm: malformed module parameters
[   21.723323][    T1] dummy_hcd dummy_hcd.0: USB Host+Gadget Emulator, driver 02 May 2005
[   21.724369][    T1] dummy_hcd dummy_hcd.0: Dummy host controller
[   21.727094][    T1] dummy_hcd dummy_hcd.0: new USB bus registered, assigned bus number 1
[   21.729597][    T1] usb usb1: New USB device found, idVendor=1d6b, idProduct=0002, bcdDevice= 5.17
[   21.731267][    T1] usb usb1: New USB device strings: Mfr=3, Product=2, SerialNumber=1
[   21.732711][    T1] usb usb1: Product: Dummy host controller
[   21.736284][    T1] usb usb1: Manufacturer: Linux 5.17.0-rc6-next-20220303-g91265a6da44d-dirty dummy_hcd
[   21.737573][    T1] usb usb1: SerialNumber: dummy_hcd.0
[   21.740396][    T1] hub 1-0:1.0: USB hub found
[   21.741345][    T1] hub 1-0:1.0: 1 port detected
[   21.747687][    T1] gadgetfs: USB Gadget filesystem, version 24 Aug 2004
[   21.749873][   T11] sr 1:0:0:0: Attached scsi generic sg0 type 5
[   21.754003][    T1] vhci_hcd vhci_hcd.0: USB/IP Virtual Host Controller
[   21.755437][    T1] vhci_hcd vhci_hcd.0: new USB bus registered, assigned bus number 2
[   21.756621][    T1] vhci_hcd: created sysfs vhci_hcd.0
[   21.757964][    T1] usb usb2: New USB device found, idVendor=1d6b, idProduct=0002, bcdDevice= 5.17
[   21.759116][    T1] usb usb2: New USB device strings: Mfr=3, Product=2, SerialNumber=1
[   21.760153][    T1] usb usb2: Product: USB/IP Virtual Host Controller
[   21.760984][    T1] usb usb2: Manufacturer: Linux 5.17.0-rc6-next-20220303-g91265a6da44d-dirty vhci_hcd
[   21.762191][    T1] usb usb2: SerialNumber: vhci_hcd.0
[   21.764057][    T1] hub 2-0:1.0: USB hub found
[   21.764781][    T1] hub 2-0:1.0: 8 ports detected
[   21.768270][    T1] vhci_hcd vhci_hcd.0: USB/IP Virtual Host Controller
[   21.769569][    T1] vhci_hcd vhci_hcd.0: new USB bus registered, assigned bus number 3
[   21.770778][    T1] usb usb3: We don't know the algorithms for LPM for this host, disabling LPM.
[   21.772213][    T1] usb usb3: New USB device found, idVendor=1d6b, idProduct=0003, bcdDevice= 5.17
[   21.774191][    T1] usb usb3: New USB device strings: Mfr=3, Product=2, SerialNumber=1
[   21.775602][    T1] usb usb3: Product: USB/IP Virtual Host Controller
[   21.776739][    T1] usb usb3: Manufacturer: Linux 5.17.0-rc6-next-20220303-g91265a6da44d-dirty vhci_hcd
[   21.778397][    T1] usb usb3: SerialNumber: vhci_hcd.0
[   21.781519][    T1] hub 3-0:1.0: USB hub found
[   21.782415][    T1] hub 3-0:1.0: 8 ports detected
[   21.790185][    T1] vhci_hcd vhci_hcd.1: USB/IP Virtual Host Controller
[   21.791807][    T1] vhci_hcd vhci_hcd.1: new USB bus registered, assigned bus number 4
[   21.793792][    T1] usb usb4: New USB device found, idVendor=1d6b, idProduct=0002, bcdDevice= 5.17
[   21.795308][    T1] usb usb4: New USB device strings: Mfr=3, Product=2, SerialNumber=1
[   21.796700][    T1] usb usb4: Product: USB/IP Virtual Host Controller
[   21.797866][    T1] usb usb4: Manufacturer: Linux 5.17.0-rc6-next-20220303-g91265a6da44d-dirty vhci_hcd
[   21.799526][    T1] usb usb4: SerialNumber: vhci_hcd.1
[   21.801762][    T1] hub 4-0:1.0: USB hub found
[   21.802492][    T1] hub 4-0:1.0: 8 ports detected
[   21.806063][    T1] vhci_hcd vhci_hcd.1: USB/IP Virtual Host Controller
[   21.807295][    T1] vhci_hcd vhci_hcd.1: new USB bus registered, assigned bus number 5
[   21.808555][    T1] usb usb5: We don't know the algorithms for LPM for this host, disabling LPM.
[   21.810039][    T1] usb usb5: New USB device found, idVendor=1d6b, idProduct=0003, bcdDevice= 5.17
[   21.811236][    T1] usb usb5: New USB device strings: Mfr=3, Product=2, SerialNumber=1
[   21.812291][    T1] usb usb5: Product: USB/IP Virtual Host Controller
[   21.813197][    T1] usb usb5: Manufacturer: Linux 5.17.0-rc6-next-20220303-g91265a6da44d-dirty vhci_hcd
[   21.814507][    T1] usb usb5: SerialNumber: vhci_hcd.1
[   21.816246][    T1] hub 5-0:1.0: USB hub found
[   21.817090][    T1] hub 5-0:1.0: 8 ports detected
[   21.821265][    T1] vhci_hcd vhci_hcd.2: USB/IP Virtual Host Controller
[   21.822551][    T1] vhci_hcd vhci_hcd.2: new USB bus registered, assigned bus number 6
[   21.824018][    T1] usb usb6: New USB device found, idVendor=1d6b, idProduct=0002, bcdDevice= 5.17
[   21.825185][    T1] usb usb6: New USB device strings: Mfr=3, Product=2, SerialNumber=1
[   21.826218][    T1] usb usb6: Product: USB/IP Virtual Host Controller
[   21.827055][    T1] usb usb6: Manufacturer: Linux 5.17.0-rc6-next-20220303-g91265a6da44d-dirty vhci_hcd
[   21.828267][    T1] usb usb6: SerialNumber: vhci_hcd.2
[   21.829921][    T1] hub 6-0:1.0: USB hub found
[   21.830586][    T1] hub 6-0:1.0: 8 ports detected
[   21.833943][    T1] vhci_hcd vhci_hcd.2: USB/IP Virtual Host Controller
[   21.835116][    T1] vhci_hcd vhci_hcd.2: new USB bus registered, assigned bus number 7
[   21.836338][    T1] usb usb7: We don't know the algorithms for LPM for this host, disabling LPM.
[   21.837768][    T1] usb usb7: New USB device found, idVendor=1d6b, idProduct=0003, bcdDevice= 5.17
[   21.838930][    T1] usb usb7: New USB device strings: Mfr=3, Product=2, SerialNumber=1
[   21.839959][    T1] usb usb7: Product: USB/IP Virtual Host Controller
[   21.840797][    T1] usb usb7: Manufacturer: Linux 5.17.0-rc6-next-20220303-g91265a6da44d-dirty vhci_hcd
[   21.842024][    T1] usb usb7: SerialNumber: vhci_hcd.2
[   21.844046][    T1] hub 7-0:1.0: USB hub found
[   21.844889][    T1] hub 7-0:1.0: 8 ports detected
[   21.850493][    T1] vhci_hcd vhci_hcd.3: USB/IP Virtual Host Controller
[   21.851816][    T1] vhci_hcd vhci_hcd.3: new USB bus registered, assigned bus number 8
[   21.853999][    T1] usb usb8: New USB device found, idVendor=1d6b, idProduct=0002, bcdDevice= 5.17
[   21.855156][    T1] usb usb8: New USB device strings: Mfr=3, Product=2, SerialNumber=1
[   21.856170][    T1] usb usb8: Product: USB/IP Virtual Host Controller
[   21.857001][    T1] usb usb8: Manufacturer: Linux 5.17.0-rc6-next-20220303-g91265a6da44d-dirty vhci_hcd
[   21.858207][    T1] usb usb8: SerialNumber: vhci_hcd.3
[   21.859887][    T1] hub 8-0:1.0: USB hub found
[   21.860561][    T1] hub 8-0:1.0: 8 ports detected
[   21.863958][    T1] vhci_hcd vhci_hcd.3: USB/IP Virtual Host Controller
[   21.865129][    T1] vhci_hcd vhci_hcd.3: new USB bus registered, assigned bus number 9
[   21.866336][    T1] usb usb9: We don't know the algorithms for LPM for this host, disabling LPM.
[   21.867758][    T1] usb usb9: New USB device found, idVendor=1d6b, idProduct=0003, bcdDevice= 5.17
[   21.868903][    T1] usb usb9: New USB device strings: Mfr=3, Product=2, SerialNumber=1
[   21.869933][    T1] usb usb9: Product: USB/IP Virtual Host Controller
[   21.870758][    T1] usb usb9: Manufacturer: Linux 5.17.0-rc6-next-20220303-g91265a6da44d-dirty vhci_hcd
[   21.871966][    T1] usb usb9: SerialNumber: vhci_hcd.3
[   21.873797][    T1] hub 9-0:1.0: USB hub found
[   21.874476][    T1] hub 9-0:1.0: 8 ports detected
[   21.878512][    T1] vhci_hcd vhci_hcd.4: USB/IP Virtual Host Controller
[   21.879702][    T1] vhci_hcd vhci_hcd.4: new USB bus registered, assigned bus number 10
[   21.881103][    T1] usb usb10: New USB device found, idVendor=1d6b, idProduct=0002, bcdDevice= 5.17
[   21.882275][    T1] usb usb10: New USB device strings: Mfr=3, Product=2, SerialNumber=1
[   21.883357][    T1] usb usb10: Product: USB/IP Virtual Host Controller
[   21.884208][    T1] usb usb10: Manufacturer: Linux 5.17.0-rc6-next-20220303-g91265a6da44d-dirty vhci_hcd
[   21.885426][    T1] usb usb10: SerialNumber: vhci_hcd.4
[   21.887309][    T1] hub 10-0:1.0: USB hub found
[   21.887983][    T1] hub 10-0:1.0: 8 ports detected
[   21.891240][    T1] vhci_hcd vhci_hcd.4: USB/IP Virtual Host Controller
[   21.892389][    T1] vhci_hcd vhci_hcd.4: new USB bus registered, assigned bus number 11
[   21.893709][    T1] usb usb11: We don't know the algorithms for LPM for this host, disabling LPM.
[   21.895117][    T1] usb usb11: New USB device found, idVendor=1d6b, idProduct=0003, bcdDevice= 5.17
[   21.896274][    T1] usb usb11: New USB device strings: Mfr=3, Product=2, SerialNumber=1
[   21.897296][    T1] usb usb11: Product: USB/IP Virtual Host Controller
[   21.898126][    T1] usb usb11: Manufacturer: Linux 5.17.0-rc6-next-20220303-g91265a6da44d-dirty vhci_hcd
[   21.899339][    T1] usb usb11: SerialNumber: vhci_hcd.4
[   21.901090][    T1] hub 11-0:1.0: USB hub found
[   21.901781][    T1] hub 11-0:1.0: 8 ports detected
[   21.905969][    T1] vhci_hcd vhci_hcd.5: USB/IP Virtual Host Controller
[   21.907235][    T1] vhci_hcd vhci_hcd.5: new USB bus registered, assigned bus number 12
[   21.908639][    T1] usb usb12: New USB device found, idVendor=1d6b, idProduct=0002, bcdDevice= 5.17
[   21.909801][    T1] usb usb12: New USB device strings: Mfr=3, Product=2, SerialNumber=1
[   21.910819][    T1] usb usb12: Product: USB/IP Virtual Host Controller
[   21.911651][    T1] usb usb12: Manufacturer: Linux 5.17.0-rc6-next-20220303-g91265a6da44d-dirty vhci_hcd
[   21.912857][    T1] usb usb12: SerialNumber: vhci_hcd.5
[   21.914640][    T1] hub 12-0:1.0: USB hub found
[   21.915325][    T1] hub 12-0:1.0: 8 ports detected
[   21.918625][    T1] vhci_hcd vhci_hcd.5: USB/IP Virtual Host Controller
[   21.919866][    T1] vhci_hcd vhci_hcd.5: new USB bus registered, assigned bus number 13
[   21.921066][    T1] usb usb13: We don't know the algorithms for LPM for this host, disabling LPM.
[   21.922490][    T1] usb usb13: New USB device found, idVendor=1d6b, idProduct=0003, bcdDevice= 5.17
[   21.923694][    T1] usb usb13: New USB device strings: Mfr=3, Product=2, SerialNumber=1
[   21.924719][    T1] usb usb13: Product: USB/IP Virtual Host Controller
[   21.925556][    T1] usb usb13: Manufacturer: Linux 5.17.0-rc6-next-20220303-g91265a6da44d-dirty vhci_hcd
[   21.926756][    T1] usb usb13: SerialNumber: vhci_hcd.5
[   21.928725][    T1] hub 13-0:1.0: USB hub found
[   21.929422][    T1] hub 13-0:1.0: 8 ports detected
[   21.933502][    T1] vhci_hcd vhci_hcd.6: USB/IP Virtual Host Controller
[   21.934910][    T1] vhci_hcd vhci_hcd.6: new USB bus registered, assigned bus number 14
[   21.936273][    T1] usb usb14: New USB device found, idVendor=1d6b, idProduct=0002, bcdDevice= 5.17
[   21.937436][    T1] usb usb14: New USB device strings: Mfr=3, Product=2, SerialNumber=1
[   21.938449][    T1] usb usb14: Product: USB/IP Virtual Host Controller
[   21.939288][    T1] usb usb14: Manufacturer: Linux 5.17.0-rc6-next-20220303-g91265a6da44d-dirty vhci_hcd
[   21.940492][    T1] usb usb14: SerialNumber: vhci_hcd.6
[   21.942330][    T1] hub 14-0:1.0: USB hub found
[   21.942995][    T1] hub 14-0:1.0: 8 ports detected
[   21.946302][    T1] vhci_hcd vhci_hcd.6: USB/IP Virtual Host Controller
[   21.947499][    T1] vhci_hcd vhci_hcd.6: new USB bus registered, assigned bus number 15
[   21.948706][    T1] usb usb15: We don't know the algorithms for LPM for this host, disabling LPM.
[   21.950127][    T1] usb usb15: New USB device found, idVendor=1d6b, idProduct=0003, bcdDevice= 5.17
[   21.951287][    T1] usb usb15: New USB device strings: Mfr=3, Product=2, SerialNumber=1
[   21.952311][    T1] usb usb15: Product: USB/IP Virtual Host Controller
[   21.953174][    T1] usb usb15: Manufacturer: Linux 5.17.0-rc6-next-20220303-g91265a6da44d-dirty vhci_hcd
[   21.954384][    T1] usb usb15: SerialNumber: vhci_hcd.6
[   21.956182][    T1] hub 15-0:1.0: USB hub found
[   21.956875][    T1] hub 15-0:1.0: 8 ports detected
[   21.961146][    T1] vhci_hcd vhci_hcd.7: USB/IP Virtual Host Controller
[   21.962376][    T1] vhci_hcd vhci_hcd.7: new USB bus registered, assigned bus number 16
[   21.963811][    T1] usb usb16: New USB device found, idVendor=1d6b, idProduct=0002, bcdDevice= 5.17
[   21.964966][    T1] usb usb16: New USB device strings: Mfr=3, Product=2, SerialNumber=1
[   21.965989][    T1] usb usb16: Product: USB/IP Virtual Host Controller
[   21.966829][    T1] usb usb16: Manufacturer: Linux 5.17.0-rc6-next-20220303-g91265a6da44d-dirty vhci_hcd
[   21.968028][    T1] usb usb16: SerialNumber: vhci_hcd.7
[   21.969880][    T1] hub 16-0:1.0: USB hub found
[   21.970570][    T1] hub 16-0:1.0: 8 ports detected
[   21.973956][    T1] vhci_hcd vhci_hcd.7: USB/IP Virtual Host Controller
[   21.975167][    T1] vhci_hcd vhci_hcd.7: new USB bus registered, assigned bus number 17
[   21.976388][    T1] usb usb17: We don't know the algorithms for LPM for this host, disabling LPM.
[   21.977811][    T1] usb usb17: New USB device found, idVendor=1d6b, idProduct=0003, bcdDevice= 5.17
[   21.978970][    T1] usb usb17: New USB device strings: Mfr=3, Product=2, SerialNumber=1
[   21.979996][    T1] usb usb17: Product: USB/IP Virtual Host Controller
[   21.980838][    T1] usb usb17: Manufacturer: Linux 5.17.0-rc6-next-20220303-g91265a6da44d-dirty vhci_hcd
[   21.982043][    T1] usb usb17: SerialNumber: vhci_hcd.7
[   21.983923][    T1] hub 17-0:1.0: USB hub found
[   21.984593][    T1] hub 17-0:1.0: 8 ports detected
[   21.988851][    T1] vhci_hcd vhci_hcd.8: USB/IP Virtual Host Controller
[   21.990237][    T1] vhci_hcd vhci_hcd.8: new USB bus registered, assigned bus number 18
[   21.994795][    T1] usb usb18: New USB device found, idVendor=1d6b, idProduct=0002, bcdDevice= 5.17
[   21.997148][    T1] usb usb18: New USB device strings: Mfr=3, Product=2, SerialNumber=1
[   21.999235][    T1] usb usb18: Product: USB/IP Virtual Host Controller
[   22.000939][    T1] usb usb18: Manufacturer: Linux 5.17.0-rc6-next-20220303-g91265a6da44d-dirty vhci_hcd
[   22.005376][    T1] usb usb18: SerialNumber: vhci_hcd.8
[   22.008987][    T1] hub 18-0:1.0: USB hub found
[   22.010405][    T1] hub 18-0:1.0: 8 ports detected
[   22.017111][    T1] vhci_hcd vhci_hcd.8: USB/IP Virtual Host Controller
[   22.019412][    T1] vhci_hcd vhci_hcd.8: new USB bus registered, assigned bus number 19
[   22.022173][    T1] usb usb19: We don't know the algorithms for LPM for this host, disabling LPM.
[   22.025467][    T1] usb usb19: New USB device found, idVendor=1d6b, idProduct=0003, bcdDevice= 5.17
[   22.027813][    T1] usb usb19: New USB device strings: Mfr=3, Product=2, SerialNumber=1
[   22.029886][    T1] usb usb19: Product: USB/IP Virtual Host Controller
[   22.031583][    T1] usb usb19: Manufacturer: Linux 5.17.0-rc6-next-20220303-g91265a6da44d-dirty vhci_hcd
[   22.034042][    T1] usb usb19: SerialNumber: vhci_hcd.8
[   22.037332][    T1] hub 19-0:1.0: USB hub found
[   22.038662][    T1] hub 19-0:1.0: 8 ports detected
[   22.046084][    T1] vhci_hcd vhci_hcd.9: USB/IP Virtual Host Controller
[   22.048181][    T1] vhci_hcd vhci_hcd.9: new USB bus registered, assigned bus number 20
[   22.050224][    T1] usb usb20: New USB device found, idVendor=1d6b, idProduct=0002, bcdDevice= 5.17
[   22.051373][    T1] usb usb20: New USB device strings: Mfr=3, Product=2, SerialNumber=1
[   22.052390][    T1] usb usb20: Product: USB/IP Virtual Host Controller
[   22.053268][    T1] usb usb20: Manufacturer: Linux 5.17.0-rc6-next-20220303-g91265a6da44d-dirty vhci_hcd
[   22.054466][    T1] usb usb20: SerialNumber: vhci_hcd.9
[   22.056235][    T1] hub 20-0:1.0: USB hub found
[   22.056898][    T1] hub 20-0:1.0: 8 ports detected
[   22.060202][    T1] vhci_hcd vhci_hcd.9: USB/IP Virtual Host Controller
[   22.061459][    T1] vhci_hcd vhci_hcd.9: new USB bus registered, assigned bus number 21
[   22.062627][    T1] usb usb21: We don't know the algorithms for LPM for this host, disabling LPM.
[   22.064165][    T1] usb usb21: New USB device found, idVendor=1d6b, idProduct=0003, bcdDevice= 5.17
[   22.065335][    T1] usb usb21: New USB device strings: Mfr=3, Product=2, SerialNumber=1
[   22.066343][    T1] usb usb21: Product: USB/IP Virtual Host Controller
[   22.067180][    T1] usb usb21: Manufacturer: Linux 5.17.0-rc6-next-20220303-g91265a6da44d-dirty vhci_hcd
[   22.068373][    T1] usb usb21: SerialNumber: vhci_hcd.9
[   22.070168][    T1] hub 21-0:1.0: USB hub found
[   22.070828][    T1] hub 21-0:1.0: 8 ports detected
[   22.075044][    T1] vhci_hcd vhci_hcd.10: USB/IP Virtual Host Controller
[   22.076293][    T1] vhci_hcd vhci_hcd.10: new USB bus registered, assigned bus number 22
[   22.077719][    T1] usb usb22: New USB device found, idVendor=1d6b, idProduct=0002, bcdDevice= 5.17
[   22.078869][    T1] usb usb22: New USB device strings: Mfr=3, Product=2, SerialNumber=1
[   22.079881][    T1] usb usb22: Product: USB/IP Virtual Host Controller
[   22.080704][    T1] usb usb22: Manufacturer: Linux 5.17.0-rc6-next-20220303-g91265a6da44d-dirty vhci_hcd
[   22.081901][    T1] usb usb22: SerialNumber: vhci_hcd.10
[   22.084991][    T1] hub 22-0:1.0: USB hub found
[   22.085915][    T1] hub 22-0:1.0: 8 ports detected
[   22.090147][    T1] vhci_hcd vhci_hcd.10: USB/IP Virtual Host Controller
[   22.091428][    T1] vhci_hcd vhci_hcd.10: new USB bus registered, assigned bus number 23
[   22.092643][    T1] usb usb23: We don't know the algorithms for LPM for this host, disabling LPM.
[   22.094110][    T1] usb usb23: New USB device found, idVendor=1d6b, idProduct=0003, bcdDevice= 5.17
[   22.095267][    T1] usb usb23: New USB device strings: Mfr=3, Product=2, SerialNumber=1
[   22.096282][    T1] usb usb23: Product: USB/IP Virtual Host Controller
[   22.097118][    T1] usb usb23: Manufacturer: Linux 5.17.0-rc6-next-20220303-g91265a6da44d-dirty vhci_hcd
[   22.098315][    T1] usb usb23: SerialNumber: vhci_hcd.10
[   22.100149][    T1] hub 23-0:1.0: USB hub found
[   22.100820][    T1] hub 23-0:1.0: 8 ports detected
[   22.105079][    T1] vhci_hcd vhci_hcd.11: USB/IP Virtual Host Controller
[   22.106509][    T1] vhci_hcd vhci_hcd.11: new USB bus registered, assigned bus number 24
[   22.108463][    T1] usb usb24: New USB device found, idVendor=1d6b, idProduct=0002, bcdDevice= 5.17
[   22.109722][    T1] usb usb24: New USB device strings: Mfr=3, Product=2, SerialNumber=1
[   22.110736][    T1] usb usb24: Product: USB/IP Virtual Host Controller
[   22.111568][    T1] usb usb24: Manufacturer: Linux 5.17.0-rc6-next-20220303-g91265a6da44d-dirty vhci_hcd
[   22.112764][    T1] usb usb24: SerialNumber: vhci_hcd.11
[   22.114716][    T1] hub 24-0:1.0: USB hub found
[   22.115392][    T1] hub 24-0:1.0: 8 ports detected
[   22.118719][    T1] vhci_hcd vhci_hcd.11: USB/IP Virtual Host Controller
[   22.119963][    T1] vhci_hcd vhci_hcd.11: new USB bus registered, assigned bus number 25
[   22.121175][    T1] usb usb25: We don't know the algorithms for LPM for this host, disabling LPM.
[   22.122742][    T1] usb usb25: New USB device found, idVendor=1d6b, idProduct=0003, bcdDevice= 5.17
[   22.124131][    T1] usb usb25: New USB device strings: Mfr=3, Product=2, SerialNumber=1
[   22.125195][    T1] usb usb25: Product: USB/IP Virtual Host Controller
[   22.126036][    T1] usb usb25: Manufacturer: Linux 5.17.0-rc6-next-20220303-g91265a6da44d-dirty vhci_hcd
[   22.127218][    T1] usb usb25: SerialNumber: vhci_hcd.11
[   22.129083][    T1] hub 25-0:1.0: USB hub found
[   22.129760][    T1] hub 25-0:1.0: 8 ports detected
[   22.133970][    T1] vhci_hcd vhci_hcd.12: USB/IP Virtual Host Controller
[   22.135243][    T1] vhci_hcd vhci_hcd.12: new USB bus registered, assigned bus number 26
[   22.136655][    T1] usb usb26: New USB device found, idVendor=1d6b, idProduct=0002, bcdDevice= 5.17
[   22.137855][    T1] usb usb26: New USB device strings: Mfr=3, Product=2, SerialNumber=1
[   22.138950][    T1] usb usb26: Product: USB/IP Virtual Host Controller
[   22.139918][    T1] usb usb26: Manufacturer: Linux 5.17.0-rc6-next-20220303-g91265a6da44d-dirty vhci_hcd
[   22.141189][    T1] usb usb26: SerialNumber: vhci_hcd.12
[   22.143113][    T1] hub 26-0:1.0: USB hub found
[   22.143813][    T1] hub 26-0:1.0: 8 ports detected
[   22.147137][    T1] vhci_hcd vhci_hcd.12: USB/IP Virtual Host Controller
[   22.148362][    T1] vhci_hcd vhci_hcd.12: new USB bus registered, assigned bus number 27
[   22.149534][    T1] usb usb27: We don't know the algorithms for LPM for this host, disabling LPM.
[   22.150935][    T1] usb usb27: New USB device found, idVendor=1d6b, idProduct=0003, bcdDevice= 5.17
[   22.152079][    T1] usb usb27: New USB device strings: Mfr=3, Product=2, SerialNumber=1
[   22.153155][    T1] usb usb27: Product: USB/IP Virtual Host Controller
[   22.153995][    T1] usb usb27: Manufacturer: Linux 5.17.0-rc6-next-20220303-g91265a6da44d-dirty vhci_hcd
[   22.155203][    T1] usb usb27: SerialNumber: vhci_hcd.12
[   22.157282][    T1] hub 27-0:1.0: USB hub found
[   22.158081][    T1] hub 27-0:1.0: 8 ports detected
[   22.162329][    T1] vhci_hcd vhci_hcd.13: USB/IP Virtual Host Controller
[   22.163608][    T1] vhci_hcd vhci_hcd.13: new USB bus registered, assigned bus number 28
[   22.165020][    T1] usb usb28: New USB device found, idVendor=1d6b, idProduct=0002, bcdDevice= 5.17
[   22.166178][    T1] usb usb28: New USB device strings: Mfr=3, Product=2, SerialNumber=1
[   22.167196][    T1] usb usb28: Product: USB/IP Virtual Host Controller
[   22.168026][    T1] usb usb28: Manufacturer: Linux 5.17.0-rc6-next-20220303-g91265a6da44d-dirty vhci_hcd
[   22.169225][    T1] usb usb28: SerialNumber: vhci_hcd.13
[   22.171014][    T1] hub 28-0:1.0: USB hub found
[   22.171698][    T1] hub 28-0:1.0: 8 ports detected
[   22.175035][    T1] vhci_hcd vhci_hcd.13: USB/IP Virtual Host Controller
[   22.176269][    T1] vhci_hcd vhci_hcd.13: new USB bus registered, assigned bus number 29
[   22.177484][    T1] usb usb29: We don't know the algorithms for LPM for this host, disabling LPM.
[   22.178937][    T1] usb usb29: New USB device found, idVendor=1d6b, idProduct=0003, bcdDevice= 5.17
[   22.180135][    T1] usb usb29: New USB device strings: Mfr=3, Product=2, SerialNumber=1
[   22.181152][    T1] usb usb29: Product: USB/IP Virtual Host Controller
[   22.181991][    T1] usb usb29: Manufacturer: Linux 5.17.0-rc6-next-20220303-g91265a6da44d-dirty vhci_hcd
[   22.183220][    T1] usb usb29: SerialNumber: vhci_hcd.13
[   22.184916][    T1] hub 29-0:1.0: USB hub found
[   22.185823][    T1] hub 29-0:1.0: 8 ports detected
[   22.189990][    T1] vhci_hcd vhci_hcd.14: USB/IP Virtual Host Controller
[   22.191274][    T1] vhci_hcd vhci_hcd.14: new USB bus registered, assigned bus number 30
[   22.192679][    T1] usb usb30: New USB device found, idVendor=1d6b, idProduct=0002, bcdDevice= 5.17
[   22.193886][    T1] usb usb30: New USB device strings: Mfr=3, Product=2, SerialNumber=1
[   22.194911][    T1] usb usb30: Product: USB/IP Virtual Host Controller
[   22.195745][    T1] usb usb30: Manufacturer: Linux 5.17.0-rc6-next-20220303-g91265a6da44d-dirty vhci_hcd
[   22.196953][    T1] usb usb30: SerialNumber: vhci_hcd.14
[   22.198631][    T1] hub 30-0:1.0: USB hub found
[   22.199325][    T1] hub 30-0:1.0: 8 ports detected
[   22.202608][    T1] vhci_hcd vhci_hcd.14: USB/IP Virtual Host Controller
[   22.203816][    T1] vhci_hcd vhci_hcd.14: new USB bus registered, assigned bus number 31
[   22.205038][    T1] usb usb31: We don't know the algorithms for LPM for this host, disabling LPM.
[   22.206478][    T1] usb usb31: New USB device found, idVendor=1d6b, idProduct=0003, bcdDevice= 5.17
[   22.207635][    T1] usb usb31: New USB device strings: Mfr=3, Product=2, SerialNumber=1
[   22.208654][    T1] usb usb31: Product: USB/IP Virtual Host Controller
[   22.209487][    T1] usb usb31: Manufacturer: Linux 5.17.0-rc6-next-20220303-g91265a6da44d-dirty vhci_hcd
[   22.210682][    T1] usb usb31: SerialNumber: vhci_hcd.14
[   22.212504][    T1] hub 31-0:1.0: USB hub found
[   22.213202][    T1] hub 31-0:1.0: 8 ports detected
[   22.217374][    T1] vhci_hcd vhci_hcd.15: USB/IP Virtual Host Controller
[   22.218589][    T1] vhci_hcd vhci_hcd.15: new USB bus registered, assigned bus number 32
[   22.219964][    T1] usb usb32: New USB device found, idVendor=1d6b, idProduct=0002, bcdDevice= 5.17
[   22.221273][    T1] usb usb32: New USB device strings: Mfr=3, Product=2, SerialNumber=1
[   22.222606][    T1] usb usb32: Product: USB/IP Virtual Host Controller
[   22.223766][    T1] usb usb32: Manufacturer: Linux 5.17.0-rc6-next-20220303-g91265a6da44d-dirty vhci_hcd
[   22.225235][    T1] usb usb32: SerialNumber: vhci_hcd.15
[   22.227426][    T1] hub 32-0:1.0: USB hub found
[   22.228108][    T1] hub 32-0:1.0: 8 ports detected
[   22.231406][    T1] vhci_hcd vhci_hcd.15: USB/IP Virtual Host Controller
[   22.232674][    T1] vhci_hcd vhci_hcd.15: new USB bus registered, assigned bus number 33
[   22.233980][    T1] usb usb33: We don't know the algorithms for LPM for this host, disabling LPM.
[   22.235405][    T1] usb usb33: New USB device found, idVendor=1d6b, idProduct=0003, bcdDevice= 5.17
[   22.236563][    T1] usb usb33: New USB device strings: Mfr=3, Product=2, SerialNumber=1
[   22.237606][    T1] usb usb33: Product: USB/IP Virtual Host Controller
[   22.238441][    T1] usb usb33: Manufacturer: Linux 5.17.0-rc6-next-20220303-g91265a6da44d-dirty vhci_hcd
[   22.239646][    T1] usb usb33: SerialNumber: vhci_hcd.15
[   22.241538][    T1] hub 33-0:1.0: USB hub found
[   22.242239][    T1] hub 33-0:1.0: 8 ports detected
[   22.246608][    T1] usbcore: registered new device driver usbip-host
[   22.248671][    T1] i8042: PNP: PS/2 Controller [PNP0303:KBD,PNP0f13:MOU] at 0x60,0x64 irq 1,12
[   22.251312][    T1] serio: i8042 KBD port at 0x60,0x64 irq 1
[   22.254232][    T1] serio: i8042 AUX port at 0x60,0x64 irq 12
[   22.256368][    T1] mousedev: PS/2 mouse device common for all mice
[   22.258286][    T1] usbcore: registered new interface driver appletouch
[   22.259523][    T1] usbcore: registered new interface driver bcm5974
[   22.261692][    T1] usbcore: registered new interface driver synaptics_usb
[   22.261967][   T14] input: AT Translated Set 2 keyboard as /devices/platform/i8042/serio0/input/input1
[   22.265095][    T1] usbcore: registered new interface driver iforce
[   22.267371][    T1] usbcore: registered new interface driver xpad
[   22.271360][    T1] usbcore: registered new interface driver usb_acecad
[   22.272571][    T1] usbcore: registered new interface driver aiptek
[   22.274315][    T1] usbcore: registered new interface driver hanwang
[   22.275678][    T1] usbcore: registered new interface driver kbtab
[   22.276794][    T1] usbcore: registered new interface driver pegasus_notetaker
[   22.278010][    T1] usbcore: registered new interface driver usbtouchscreen
[   22.279042][    T1] usbcore: registered new interface driver sur40
[   22.279999][    T1] usbcore: registered new interface driver ati_remote2
[   22.280854][    T1] cm109: Keymap for Komunikate KIP1000 phone loaded
[   22.281828][    T1] usbcore: registered new interface driver cm109
[   22.282619][    T1] cm109: CM109 phone driver: 20080805 (C) Alfred E. Heggestad
[   22.283763][    T1] usbcore: registered new interface driver ims_pcu
[   22.284711][    T1] usbcore: registered new interface driver keyspan_remote
[   22.285725][    T1] usbcore: registered new interface driver powermate
[   22.287062][    T1] usbcore: registered new interface driver yealink
[   22.288458][    T1] rtc_cmos 00:05: RTC can wake from S4
[   22.292110][    T1] rtc_cmos 00:05: registered as rtc0
[   22.292940][    T1] rtc_cmos 00:05: alarms up to one day, y3k, 242 bytes nvram, hpet irqs
[   22.295206][    T1] i2c_dev: i2c /dev entries driver
[   22.296220][    T1] usbcore: registered new interface driver i2c-diolan-u2c
[   22.297314][    T1] usbcore: registered new interface driver RobotFuzz Open Source InterFace, OSIF
[   22.298580][    T1] usbcore: registered new interface driver i2c-tiny-usb
[   22.300187][    T1] usbcore: registered new interface driver igorplugusb
[   22.304234][    T1] usbcore: registered new interface driver iguanair
[   22.305240][    T1] usbcore: registered new interface driver imon
[   22.306319][    T1] usbcore: registered new interface driver mceusb
[   22.308516][    T1] usbcore: registered new interface driver redrat3
[   22.309467][    T1] usbcore: registered new interface driver streamzap
[   22.310418][    T1] usbcore: registered new interface driver ttusbir
[   22.311386][    T1] usbcore: registered new interface driver ati_remote
[   22.312427][    T1] b2c2-flexcop: B2C2 FlexcopII/II(b)/III digital TV receiver chip loaded successfully
[   22.314762][    T1] usbcore: registered new interface driver ttusb-dec
[   22.315742][    T1] usbcore: registered new interface driver ttusb
[   22.316663][    T1] usbcore: registered new interface driver dvb_usb_vp7045
[   22.317689][    T1] usbcore: registered new interface driver dvb_usb_vp702x
[   22.318716][    T1] usbcore: registered new interface driver dvb_usb_gp8psk
[   22.319759][    T1] usbcore: registered new interface driver dvb_usb_dtt200u
[   22.320791][    T1] usbcore: registered new interface driver dvb_usb_a800
[   22.321873][    T1] usbcore: registered new interface driver dvb_usb_dibusb_mb
[   22.322942][    T1] usbcore: registered new interface driver dvb_usb_dibusb_mc
[   22.324036][    T1] usbcore: registered new interface driver dvb_usb_nova_t_usb2
[   22.325114][    T1] usbcore: registered new interface driver dvb_usb_umt_010
[   22.326157][    T1] usbcore: registered new interface driver dvb_usb_m920x
[   22.327373][    T1] usbcore: registered new interface driver dvb_usb_digitv
[   22.328416][    T1] usbcore: registered new interface driver dvb_usb_cxusb
[   22.329431][    T1] usbcore: registered new interface driver dvb_usb_ttusb2
[   22.330549][    T1] usbcore: registered new interface driver dvb_usb_dib0700
[   22.331574][    T1] usbcore: registered new interface driver opera1
[   22.332518][    T1] usbcore: registered new interface driver dvb_usb_af9005
[   22.334015][    T1] usbcore: registered new interface driver pctv452e
[   22.335026][    T1] usbcore: registered new interface driver dw2102
[   22.335967][    T1] usbcore: registered new interface driver dvb_usb_dtv5100
[   22.337006][    T1] usbcore: registered new interface driver cinergyT2
[   22.338239][    T1] usbcore: registered new interface driver dvb_usb_az6027
[   22.339644][    T1] usbcore: registered new interface driver dvb_usb_technisat_usb2
[   22.341262][    T1] usbcore: registered new interface driver dvb_usb_af9015
[   22.342544][    T1] usbcore: registered new interface driver dvb_usb_af9035
[   22.344011][    T1] usbcore: registered new interface driver dvb_usb_anysee
[   22.345044][    T1] usbcore: registered new interface driver dvb_usb_au6610
[   22.346079][    T1] usbcore: registered new interface driver dvb_usb_az6007
[   22.347098][    T1] usbcore: registered new interface driver dvb_usb_ce6230
[   22.348147][    T1] usbcore: registered new interface driver dvb_usb_ec168
[   22.349171][    T1] usbcore: registered new interface driver dvb_usb_lmedm04
[   22.350263][    T1] usbcore: registered new interface driver dvb_usb_gl861
[   22.351345][    T1] usbcore: registered new interface driver dvb_usb_mxl111sf
[   22.352457][    T1] usbcore: registered new interface driver dvb_usb_rtl28xxu
[   22.353591][    T1] usbcore: registered new interface driver dvb_usb_dvbsky
[   22.354647][    T1] usbcore: registered new interface driver zd1301
[   22.355662][    T1] usbcore: registered new interface driver smsusb
[   22.356627][    T1] usbcore: registered new interface driver b2c2_flexcop_usb
[   22.357722][    T1] usbcore: registered new interface driver zr364xx
[   22.358709][    T1] usbcore: registered new interface driver stkwebcam
[   22.359705][    T1] usbcore: registered new interface driver s2255
[   22.360751][    T1] usbcore: registered new interface driver Abilis Systems as10x usb driver
[   22.362120][    T1] usbcore: registered new interface driver airspy
[   22.363104][    T1] gspca_main: v2.14.0 registered
[   22.363885][    T1] usbcore: registered new interface driver benq
[   22.364779][    T1] usbcore: registered new interface driver conex
[   22.365689][    T1] usbcore: registered new interface driver cpia1
[   22.366587][    T1] usbcore: registered new interface driver dtcs033
[   22.367514][    T1] usbcore: registered new interface driver etoms
[   22.368449][    T1] usbcore: registered new interface driver finepix
[   22.369378][    T1] usbcore: registered new interface driver jeilinj
[   22.370302][    T1] usbcore: registered new interface driver jl2005bcd
[   22.371266][    T1] usbcore: registered new interface driver kinect
[   22.372173][    T1] usbcore: registered new interface driver konica
[   22.373111][    T1] usbcore: registered new interface driver mars
[   22.374223][    T1] usbcore: registered new interface driver mr97310a
[   22.375191][    T1] usbcore: registered new interface driver nw80x
[   22.376212][    T1] usbcore: registered new interface driver ov519
[   22.377210][    T1] usbcore: registered new interface driver ov534
[   22.378280][    T1] usbcore: registered new interface driver ov534_9
[   22.379276][    T1] usbcore: registered new interface driver pac207
[   22.380205][    T1] usbcore: registered new interface driver gspca_pac7302
[   22.381194][    T1] usbcore: registered new interface driver pac7311
[   22.382148][    T1] usbcore: registered new interface driver se401
[   22.383088][    T1] usbcore: registered new interface driver sn9c2028
[   22.384055][    T1] usbcore: registered new interface driver gspca_sn9c20x
[   22.385070][    T1] usbcore: registered new interface driver sonixb
[   22.386034][    T1] usbcore: registered new interface driver sonixj
[   22.386964][    T1] usbcore: registered new interface driver spca500
[   22.387903][    T1] usbcore: registered new interface driver spca501
[   22.388829][    T1] usbcore: registered new interface driver spca505
[   22.389776][    T1] usbcore: registered new interface driver spca506
[   22.390725][    T1] usbcore: registered new interface driver spca508
[   22.391699][    T1] usbcore: registered new interface driver spca561
[   22.392749][    T1] usbcore: registered new interface driver spca1528
[   22.393965][    T1] usbcore: registered new interface driver sq905
[   22.394972][    T1] usbcore: registered new interface driver sq905c
[   22.395926][    T1] usbcore: registered new interface driver sq930x
[   22.396946][    T1] usbcore: registered new interface driver sunplus
[   22.397919][    T1] usbcore: registered new interface driver stk014
[   22.398869][    T1] usbcore: registered new interface driver stk1135
[   22.399820][    T1] usbcore: registered new interface driver stv0680
[   22.400775][    T1] usbcore: registered new interface driver t613
[   22.401854][    T1] usbcore: registered new interface driver gspca_topro
[   22.402859][    T1] usbcore: registered new interface driver touptek
[   22.403834][    T1] usbcore: registered new interface driver tv8532
[   22.404779][    T1] usbcore: registered new interface driver vc032x
[   22.405714][    T1] usbcore: registered new interface driver vicam
[   22.406659][    T1] usbcore: registered new interface driver xirlink-cit
[   22.407719][    T1] usbcore: registered new interface driver gspca_zc3xx
[   22.408759][    T1] usbcore: registered new interface driver ALi m5602
[   22.409777][    T1] usbcore: registered new interface driver STV06xx
[   22.410749][    T1] usbcore: registered new interface driver gspca_gl860
[   22.411759][    T1] usbcore: registered new interface driver hackrf
[   22.412712][    T1] usbcore: registered new interface driver msi2500
[   22.413745][    T1] usbcore: registered new interface driver Philips webcam
[   22.414925][    T1] usbcore: registered new interface driver uvcvideo
[   22.415762][    T1] au0828: au0828 driver loaded
[   22.416527][    T1] usbcore: registered new interface driver au0828
[   22.417330][    T1] cpia2: V4L-Driver for Vision CPiA2 based cameras v3.0.1
[   22.418368][    T1] usbcore: registered new interface driver cpia2
[   22.419339][    T1] usbcore: registered new interface driver cx231xx
[   22.420457][    T1] usbcore: registered new interface driver em28xx
[   22.421282][    T1] em28xx: Registered (Em28xx v4l2 Extension) extension
[   22.422131][    T1] em28xx: Registered (Em28xx Audio Extension) extension
[   22.422992][    T1] em28xx: Registered (Em28xx dvb Extension) extension
[   22.423860][    T1] em28xx: Registered (Em28xx Input Extension) extension
[   22.424889][    T1] usbcore: registered new interface driver go7007
[   22.425826][    T1] usbcore: registered new interface driver go7007-loader
[   22.426929][    T1] usbcore: registered new interface driver hdpvr
[   22.428173][    T1] usbcore: registered new interface driver pvrusb2
[   22.429044][    T1] pvrusb2: V4L in-tree version:Hauppauge WinTV-PVR-USB2 MPEG2 Encoder/Tuner
[   22.430144][    T1] pvrusb2: Debug mask is 31 (0x1f)
[   22.430965][    T1] usbcore: registered new interface driver stk1160
[   22.432221][    T1] usbcore: registered new interface driver tm6000
[   22.433415][    T1] usbcore: registered new interface driver usbtv
[   22.435947][    T1] dvbdev: DVB: registering new adapter (dvb_vidtv_bridge)
[   22.438778][    T1] i2c i2c-0: DVB: registering adapter 0 frontend 0 (Dummy demod for DVB-T/T2/C/S/S2)...
[   22.440305][    T1] dvbdev: dvb_create_media_entity: media entity 'Dummy demod for DVB-T/T2/C/S/S2' registered.
[   22.444800][    T1] dvbdev: dvb_create_media_entity: media entity 'dvb-demux' registered.
[   22.447820][    T1] vidtv vidtv.0: Successfully initialized vidtv!
[   22.449587][    T1] vicodec vicodec.0: Device 'stateful-encoder' registered as /dev/video0
[   22.450975][    T1] vicodec vicodec.0: Device 'stateful-decoder' registered as /dev/video1
[   22.452349][    T1] vicodec vicodec.0: Device 'stateless-decoder' registered as /dev/video2
[   22.454858][    T1] vim2m vim2m.0: Device registered as /dev/video0
[   22.462173][    T1] vivid-000: using single planar format API
[   22.469426][    T1] vivid-000: CEC adapter cec0 registered for HDMI input 0
[   22.470862][    T1] vivid-000: V4L2 capture device registered as video7
[   22.472207][    T1] vivid-000: CEC adapter cec1 registered for HDMI output 0
[   22.473836][    T1] vivid-000: V4L2 output device registered as video8
[   22.475166][    T1] vivid-000: V4L2 capture device registered as vbi0, supports raw and sliced VBI
[   22.476922][    T1] vivid-000: V4L2 output device registered as vbi1, supports raw and sliced VBI
[   22.478640][    T1] vivid-000: V4L2 capture device registered as swradio0
[   22.480005][    T1] vivid-000: V4L2 receiver device registered as radio0
[   22.481351][    T1] vivid-000: V4L2 transmitter device registered as radio1
[   22.482737][    T1] vivid-000: V4L2 metadata capture device registered as video9
[   22.485295][    T1] vivid-000: V4L2 metadata output device registered as video10
[   22.486805][    T1] vivid-000: V4L2 touch capture device registered as v4l-touch0
[   22.488833][    T1] usbcore: registered new interface driver radioshark2
[   22.490061][    T1] usbcore: registered new interface driver radioshark
[   22.491289][    T1] usbcore: registered new interface driver radio-si470x
[   22.492586][    T1] usbcore: registered new interface driver radio-usb-si4713
[   22.494120][    T1] usbcore: registered new interface driver dsbr100
[   22.495544][    T1] usbcore: registered new interface driver radio-keene
[   22.496925][    T1] usbcore: registered new interface driver radio-ma901
[   22.498153][    T1] usbcore: registered new interface driver radio-mr800
[   22.499353][    T1] usbcore: registered new interface driver radio-raremono
[   22.501123][    T1] usbcore: registered new interface driver pcwd_usb
[   22.504733][    T1] device-mapper: core: CONFIG_IMA_DISABLE_HTABLE is disabled. Duplicate IMA measurements will not be recorded in the IMA log.
[   22.506596][    T1] device-mapper: uevent: version 1.0.3
[   22.508105][    T1] device-mapper: ioctl: 4.46.0-ioctl (2022-02-22) initialised: dm-devel@redhat.com
[   22.510223][    T1] device-mapper: multipath round-robin: version 1.2.0 loaded
[   22.511204][    T1] device-mapper: multipath queue-length: version 0.2.0 loaded
[   22.512179][    T1] device-mapper: multipath service-time: version 0.3.0 loaded
[   22.514704][    T1] device-mapper: raid: Loading target version 1.15.1
[   22.516476][    T1] Bluetooth: HCI UART driver ver 2.3
[   22.517171][    T1] Bluetooth: HCI UART protocol H4 registered
[   22.517952][    T1] Bluetooth: HCI UART protocol BCSP registered
[   22.518824][    T1] Bluetooth: HCI UART protocol LL registered
[   22.519657][    T1] Bluetooth: HCI UART protocol Three-wire (H5) registered
[   22.520635][    T1] Bluetooth: HCI UART protocol QCA registered
[   22.521431][    T1] Bluetooth: HCI UART protocol AG6XX registered
[   22.522295][    T1] Bluetooth: HCI UART protocol Marvell registered
[   22.523467][    T1] usbcore: registered new interface driver bcm203x
[   22.524415][    T1] usbcore: registered new interface driver bpa10x
[   22.525354][    T1] usbcore: registered new interface driver bfusb
[   22.526328][    T1] usbcore: registered new interface driver btusb
[   22.527320][    T1] usbcore: registered new interface driver ath3k
[   22.528525][    T1] CAPI 2.0 started up with major 68 (middleware)
[   22.529325][    T1] Modular ISDN core version 1.1.29
[   22.530236][    T1] NET: Registered PF_ISDN protocol family
[   22.530988][    T1] DSP module 2.0
[   22.531456][    T1] mISDN_dsp: DSP clocks every 80 samples. This equals 1 jiffies.
[   22.540752][    T1] mISDN: Layer-1-over-IP driver Rev. 2.00
[   22.541987][    T1] 0 virtual devices registered
[   22.542823][    T1] usbcore: registered new interface driver HFC-S_USB
[   22.543773][    T1] VUB300 Driver rom wait states = 1C irqpoll timeout = 0400
[   22.544555][    T1] usbcore: registered new interface driver vub300
[   22.546426][    T1] usbcore: registered new interface driver ushc
[   22.549999][    T1] iscsi: registered transport (iser)
[   22.551277][    T1] SoftiWARP attached
[   22.552095][    T1] Driver 'memconsole' was unable to register with bus_type 'coreboot' because the bus was not initialized.
[   22.553842][    T1] Driver 'vpd' was unable to register with bus_type 'coreboot' because the bus was not initialized.
[   22.559678][    T1] hid: raw HID events driver (C) Jiri Kosina
[   22.569416][    T1] usbcore: registered new interface driver usbhid
[   22.570229][    T1] usbhid: USB HID core driver
[   22.582862][    T1] usbcore: registered new interface driver es2_ap_driver
[   22.585241][    T1] comedi: version 0.7.76 - http://www.comedi.org
[   22.586292][    T1] usbcore: registered new interface driver dt9812
[   22.587218][    T1] usbcore: registered new interface driver ni6501
[   22.588130][    T1] usbcore: registered new interface driver usbdux
[   22.589053][    T1] usbcore: registered new interface driver usbduxfast
[   22.590021][    T1] usbcore: registered new interface driver usbduxsigma
[   22.591002][    T1] usbcore: registered new interface driver vmk80xx
[   22.591999][    T1] usbcore: registered new interface driver prism2_usb
[   22.595972][    T1] usbcore: registered new interface driver r8712u
[   22.597380][    T1] ashmem: initialized
[   22.597959][    T1] greybus: registered new driver hid
[   22.598755][    T1] greybus: registered new driver gbphy
[   22.599499][    T1] gb_gbphy: registered new driver usb
[   22.600168][    T1] asus_wmi: ASUS WMI generic driver loaded
[   22.626427][    T1] usbcore: registered new interface driver snd-usb-audio
[   22.627496][    T1] usbcore: registered new interface driver snd-ua101
[   22.628471][    T1] usbcore: registered new interface driver snd-usb-usx2y
[   22.629506][    T1] usbcore: registered new interface driver snd-usb-us122l
[   22.630550][    T1] usbcore: registered new interface driver snd-usb-caiaq
[   22.631588][    T1] usbcore: registered new interface driver snd-usb-6fire
[   22.632616][    T1] usbcore: registered new interface driver snd-usb-hiface
[   22.634147][    T1] usbcore: registered new interface driver snd-bcd2000
[   22.635143][    T1] usbcore: registered new interface driver snd_usb_pod
[   22.636118][    T1] usbcore: registered new interface driver snd_usb_podhd
[   22.637109][    T1] usbcore: registered new interface driver snd_usb_toneport
[   22.638136][    T1] usbcore: registered new interface driver snd_usb_variax
[   22.639140][    T1] drop_monitor: Initializing network drop monitor service
[   22.640544][    T1] NET: Registered PF_LLC protocol family
[   22.641383][    T1] GACT probability on
[   22.641894][    T1] Mirror/redirect action on
[   22.642578][    T1] Simple TC action Loaded
[   22.644339][    T1] netem: version 1.3
[   22.645105][    T1] u32 classifier
[   22.645572][    T1]     Performance counters on
[   22.646164][    T1]     input device check on
[   22.646734][    T1]     Actions configured
[   22.650417][    T1] xt_time: kernel timezone is -0000
[   22.651144][    T1] IPVS: Registered protocols (TCP, UDP, SCTP, AH, ESP)
[   22.652200][    T1] IPVS: Connection hash table configured (size=4096, memory=64Kbytes)
[   22.653822][    T1] IPVS: ipvs loaded.
[   22.654328][    T1] IPVS: [rr] scheduler registered.
[   22.654958][    T1] IPVS: [wrr] scheduler registered.
[   22.655617][    T1] IPVS: [lc] scheduler registered.
[   22.656248][    T1] IPVS: [wlc] scheduler registered.
[   22.656886][    T1] IPVS: [fo] scheduler registered.
[   22.657521][    T1] IPVS: [ovf] scheduler registered.
[   22.658169][    T1] IPVS: [lblc] scheduler registered.
[   22.658826][    T1] IPVS: [lblcr] scheduler registered.
[   22.659487][    T1] IPVS: [dh] scheduler registered.
[   22.660114][    T1] IPVS: [sh] scheduler registered.
[   22.660742][    T1] IPVS: [mh] scheduler registered.
[   22.661375][    T1] IPVS: [sed] scheduler registered.
[   22.662015][    T1] IPVS: [nq] scheduler registered.
[   22.662641][    T1] IPVS: [twos] scheduler registered.
[   22.663436][    T1] IPVS: [sip] pe registered.
[   22.664092][    T1] ipip: IPv4 and MPLS over IPv4 tunneling driver
[   22.665858][    T1] gre: GRE over IPv4 demultiplexor driver
[   22.666572][    T1] ip_gre: GRE over IPv4 tunneling driver
[   22.669844][    T1] IPv4 over IPsec tunneling driver
[   22.671597][    T1] ipt_CLUSTERIP: ClusterIP Version 0.8 loaded successfully
[   22.672578][    T1] Initializing XFRM netlink socket
[   22.673331][    T1] IPsec XFRM device driver
[   22.675205][    T1] NET: Registered PF_INET6 protocol family
[   22.681655][    T1] Segment Routing with IPv6
[   22.682254][    T1] RPL Segment Routing with IPv6
[   22.682899][    T1] In-situ OAM (IOAM) with IPv6
[   22.683772][    T1] mip6: Mobile IPv6
[   22.685841][    T1] sit: IPv6, IPv4 and MPLS over IPv4 tunneling driver
[   22.688793][    T1] ip6_gre: GRE over IPv6 tunneling driver
[   22.690547][    T1] NET: Registered PF_PACKET protocol family
[   22.691312][    T1] NET: Registered PF_KEY protocol family
[   22.692346][    T1] Bridge firewalling registered
[   22.693392][    T1] NET: Registered PF_X25 protocol family
[   22.694166][    T1] X25: Linux Version 0.2
[   22.697645][    T1] NET: Registered PF_NETROM protocol family
[   22.706509][    T1] NET: Registered PF_ROSE protocol family
[   22.707327][    T1] NET: Registered PF_AX25 protocol family
[   22.708078][    T1] can: controller area network core
[   22.709010][    T1] NET: Registered PF_CAN protocol family
