bash: warning: setlocale: LC_ALL: cannot change locale (en_US.UTF-8)
c[?7l[2J[0mSeaBIOS (version 1.16.2-debian-1.16.2-1)
Booting from ROM...
c[?7l[2Jearly console in extract_kernel
input_data: 0x000000000c28a2bf
input_len: 0x0000000004776cc1
output: 0x0000000001000000
output_len: 0x000000000e5bdad8
kernel_total_size: 0x000000000fa26000
needed_size: 0x000000000fc00000
trampoline_32bit: 0x000000000009d000

Decompressing Linux... Parsing ELF... done.
Booting the kernel.
[    0.000000][    T0] Linux version 5.17.0-rc6-next-20220303-gf8b8faa5cc20-dirty (root@buildkitsandbox) (gcc (Debian 12.2.0-14+deb12u1) 12.2.0, GNU ld (GNU Binutils for Debian) 2.40) #2 SMP PREEMPT Mon May 25 21:01:02 UTC 2026
[    0.000000][    T0] Command line: console=ttyS0 oops=panic panic=86400 nokaslr earlyprintk=serial rdinit=/init
[    0.000000][    T0] KERNEL supported cpus:
[    0.000000][    T0]   Intel GenuineIntel
[    0.000000][    T0]   AMD AuthenticAMD
[    0.000000][    T0] x86/fpu: Supporting XSAVE feature 0x001: 'x87 floating point registers'
[    0.000000][    T0] x86/fpu: Supporting XSAVE feature 0x002: 'SSE registers'
[    0.000000][    T0] x86/fpu: Supporting XSAVE feature 0x004: 'AVX registers'
[    0.000000][    T0] x86/fpu: xstate_offset[2]:  576, xstate_sizes[2]:  256
[    0.000000][    T0] x86/fpu: Enabled xstate features 0x7, context size is 832 bytes, using 'compacted' format.
[    0.000000][    T0] signal: max sigframe size: 1776
[    0.000000][    T0] BIOS-provided physical RAM map:
[    0.000000][    T0] BIOS-e820: [mem 0x0000000000000000-0x000000000009fbff] usable
[    0.000000][    T0] BIOS-e820: [mem 0x000000000009fc00-0x000000000009ffff] reserved
[    0.000000][    T0] BIOS-e820: [mem 0x00000000000f0000-0x00000000000fffff] reserved
[    0.000000][    T0] BIOS-e820: [mem 0x0000000000100000-0x000000007ffdffff] usable
[    0.000000][    T0] BIOS-e820: [mem 0x000000007ffe0000-0x000000007fffffff] reserved
[    0.000000][    T0] BIOS-e820: [mem 0x00000000feffc000-0x00000000feffffff] reserved
[    0.000000][    T0] BIOS-e820: [mem 0x00000000fffc0000-0x00000000ffffffff] reserved
[    0.000000][    T0] BIOS-e820: [mem 0x000000fd00000000-0x000000ffffffffff] reserved
[    0.000000][    T0] printk: bootconsole [earlyser0] enabled
[    0.000000][    T0] NX (Execute Disable) protection: active
[    0.000000][    T0] SMBIOS 2.8 present.
[    0.000000][    T0] DMI: QEMU Standard PC (i440FX + PIIX, 1996), BIOS 1.16.2-debian-1.16.2-1 04/01/2014
[    0.000000][    T0] Hypervisor detected: KVM
[    0.000000][    T0] kvm-clock: Using msrs 4b564d01 and 4b564d00
[    0.000003][    T0] kvm-clock: using sched offset of 11646587791 cycles
[    0.000724][    T0] clocksource: kvm-clock: mask: 0xffffffffffffffff max_cycles: 0x1cd42e4dffb, max_idle_ns: 881590591483 ns
[    0.002838][    T0] tsc: Detected 3493.436 MHz processor
[    0.008139][    T0] last_pfn = 0x7ffe0 max_arch_pfn = 0x400000000
[    0.008916][    T0] x86/PAT: Configuration [0-7]: WB  WC  UC- UC  WB  WP  UC- WT  
[    0.013004][    T0] found SMP MP-table at [mem 0x000f5ba0-0x000f5baf]
[    0.013830][    T0] Using GB pages for direct mapping
[    0.015211][    T0] RAMDISK: [mem 0x7fe94000-0x7ffdffff]
[    0.015895][    T0] ACPI: Early table checksum verification disabled
[    0.016693][    T0] ACPI: RSDP 0x00000000000F59D0 000014 (v00 BOCHS )
[    0.017509][    T0] ACPI: RSDT 0x000000007FFE1B33 000034 (v01 BOCHS  BXPC     00000001 BXPC 00000001)
[    0.018657][    T0] ACPI: FACP 0x000000007FFE19DF 000074 (v01 BOCHS  BXPC     00000001 BXPC 00000001)
[    0.019827][    T0] ACPI: DSDT 0x000000007FFE0040 00199F (v01 BOCHS  BXPC     00000001 BXPC 00000001)
[    0.020963][    T0] ACPI: FACS 0x000000007FFE0000 000040
[    0.021612][    T0] ACPI: APIC 0x000000007FFE1A53 000080 (v01 BOCHS  BXPC     00000001 BXPC 00000001)
[    0.022722][    T0] ACPI: HPET 0x000000007FFE1AD3 000038 (v01 BOCHS  BXPC     00000001 BXPC 00000001)
[    0.023835][    T0] ACPI: WAET 0x000000007FFE1B0B 000028 (v01 BOCHS  BXPC     00000001 BXPC 00000001)
[    0.024937][    T0] ACPI: Reserving FACP table memory at [mem 0x7ffe19df-0x7ffe1a52]
[    0.025889][    T0] ACPI: Reserving DSDT table memory at [mem 0x7ffe0040-0x7ffe19de]
[    0.026845][    T0] ACPI: Reserving FACS table memory at [mem 0x7ffe0000-0x7ffe003f]
[    0.027776][    T0] ACPI: Reserving APIC table memory at [mem 0x7ffe1a53-0x7ffe1ad2]
[    0.028704][    T0] ACPI: Reserving HPET table memory at [mem 0x7ffe1ad3-0x7ffe1b0a]
[    0.029628][    T0] ACPI: Reserving WAET table memory at [mem 0x7ffe1b0b-0x7ffe1b32]
[    0.031323][    T0] No NUMA configuration found
[    0.031874][    T0] Faking a node at [mem 0x0000000000000000-0x000000007ffdffff]
[    0.032765][    T0] NODE_DATA(0) allocated [mem 0x7fe8e000-0x7fe93fff]
[    0.051776][    T0] Zone ranges:
[    0.052213][    T0]   DMA      [mem 0x0000000000001000-0x0000000000ffffff]
[    0.053035][    T0]   DMA32    [mem 0x0000000001000000-0x000000007ffdffff]
[    0.053874][    T0]   Normal   empty
[    0.054302][    T0]   Device   empty
[    0.054730][    T0] Movable zone start for each node
[    0.055317][    T0] Early memory node ranges
[    0.055828][    T0]   node   0: [mem 0x0000000000001000-0x000000000009efff]
[    0.056661][    T0]   node   0: [mem 0x0000000000100000-0x000000007ffdffff]
[    0.057504][    T0] Initmem setup node 0 [mem 0x0000000000001000-0x000000007ffdffff]
[    0.058489][    T0] On node 0, zone DMA: 1 pages in unavailable ranges
[    0.058590][    T0] On node 0, zone DMA: 97 pages in unavailable ranges
[    0.071410][    T0] On node 0, zone DMA32: 32 pages in unavailable ranges
[    0.448145][    T0] kasan: KernelAddressSanitizer initialized
[    0.449973][    T0] ACPI: PM-Timer IO Port: 0x608
[    0.450554][    T0] ACPI: LAPIC_NMI (acpi_id[0xff] dfl dfl lint[0x1])
[    0.451370][    T0] IOAPIC[0]: apic_id 0, version 17, address 0xfec00000, GSI 0-23
[    0.452311][    T0] ACPI: INT_SRC_OVR (bus 0 bus_irq 0 global_irq 2 dfl dfl)
[    0.453164][    T0] ACPI: INT_SRC_OVR (bus 0 bus_irq 5 global_irq 5 high level)
[    0.454039][    T0] ACPI: INT_SRC_OVR (bus 0 bus_irq 9 global_irq 9 high level)
[    0.454922][    T0] ACPI: INT_SRC_OVR (bus 0 bus_irq 10 global_irq 10 high level)
[    0.455827][    T0] ACPI: INT_SRC_OVR (bus 0 bus_irq 11 global_irq 11 high level)
[    0.456730][    T0] ACPI: Using ACPI (MADT) for SMP configuration information
[    0.457580][    T0] ACPI: HPET id: 0x8086a201 base: 0xfed00000
[    0.458291][    T0] TSC deadline timer available
[    0.458850][    T0] smpboot: Allowing 2 CPUs, 0 hotplug CPUs
[    0.459571][    T0] kvm-guest: KVM setup pv remote TLB flush
[    0.460246][    T0] kvm-guest: setup PV sched yield
[    0.460869][    T0] PM: hibernation: Registered nosave memory: [mem 0x00000000-0x00000fff]
[    0.461853][    T0] PM: hibernation: Registered nosave memory: [mem 0x0009f000-0x0009ffff]
[    0.462841][    T0] PM: hibernation: Registered nosave memory: [mem 0x000a0000-0x000effff]
[    0.463833][    T0] PM: hibernation: Registered nosave memory: [mem 0x000f0000-0x000fffff]
[    0.464825][    T0] [mem 0x80000000-0xfeffbfff] available for PCI devices
[    0.465636][    T0] Booting paravirtualized kernel on KVM
[    0.466309][    T0] clocksource: refined-jiffies: mask: 0xffffffff max_cycles: 0xffffffff, max_idle_ns: 19112604462750000 ns
[    0.506769][    T0] setup_percpu: NR_CPUS:8 nr_cpumask_bits:8 nr_cpu_ids:2 nr_node_ids:1
[    0.510909][    T0] percpu: Embedded 69 pages/cpu s243784 r8192 d30648 u1048576
[    0.511966][    T0] kvm-guest: PV spinlocks enabled
[    0.512581][    T0] PV qspinlock hash table entries: 256 (order: 0, 4096 bytes, linear)
[    0.513586][    T0] Fallback order for Node 0: 0 
[    0.514196][    T0] Built 1 zonelists, mobility grouping on.  Total pages: 515808
[    0.515120][    T0] Policy zone: DMA32
[    0.515590][    T0] Kernel command line: console=ttyS0 oops=panic panic=86400 nokaslr earlyprintk=serial rdinit=/init
[    0.520176][    T0] Dentry cache hash table entries: 262144 (order: 9, 2097152 bytes, linear)
[    0.521318][    T0] Inode-cache hash table entries: 131072 (order: 8, 1048576 bytes, linear)
[    0.524135][    T0] mem auto-init: stack:off, heap alloc:on, heap free:off
[    0.525019][    T0] Stack Depot allocating hash table with memblock_alloc
[    0.647358][    T0] Memory: 1497160K/2096632K available (141341K kernel code, 34304K rwdata, 29728K rodata, 2684K init, 24844K bss, 599216K reserved, 0K cma-reserved)
[    0.649605][    T0] SLUB: HWalign=64, Order=0-3, MinObjects=0, CPUs=2, Nodes=1
[    0.651738][    T0] Dynamic Preempt: full
[    0.655137][    T0] Running RCU self tests
[    0.655663][    T0] rcu: Preemptible hierarchical RCU implementation.
[    0.656452][    T0] rcu: 	RCU lockdep checking is enabled.
[    0.657122][    T0] rcu: 	RCU restricting CPUs from NR_CPUS=8 to nr_cpu_ids=2.
[    0.658003][    T0] rcu: 	RCU callback double-/use-after-free debug is enabled.
[    0.658884][    T0] rcu: 	RCU debug extended QS entry/exit.
[    0.659561][    T0] 	Trampoline variant of Tasks RCU enabled.
[    0.660261][    T0] 	Tracing variant of Tasks RCU enabled.
[    0.660930][    T0] rcu: RCU calculated value of scheduler-enlistment delay is 10 jiffies.
[    0.661944][    T0] rcu: Adjusting geometry for rcu_fanout_leaf=16, nr_cpu_ids=2
[    0.687284][    T0] NR_IRQS: 4352, nr_irqs: 440, preallocated irqs: 16
[    0.688497][    T0] rcu: srcu_init: Setting srcu_struct sizes based on contention.
[    0.689612][    T0] kfence: initialized - using 2097152 bytes for 255 objects at 0x(____ptrval____)-0x(____ptrval____)
[    0.690957][    T0] random: crng init done (trusting CPU's manufacturer)
[    0.699779][    T0] Console: colour VGA+ 80x25
[    0.700404][    T0] printk: console [ttyS0] enabled
[    0.700404][    T0] printk: console [ttyS0] enabled
[    0.701588][    T0] printk: bootconsole [earlyser0] disabled
[    0.701588][    T0] printk: bootconsole [earlyser0] disabled
[    0.702949][    T0] Lock dependency validator: Copyright (c) 2006 Red Hat, Inc., Ingo Molnar
[    0.703977][    T0] ... MAX_LOCKDEP_SUBCLASSES:  8
[    0.704565][    T0] ... MAX_LOCK_DEPTH:          48
[    0.705167][    T0] ... MAX_LOCKDEP_KEYS:        8192
[    0.705785][    T0] ... CLASSHASH_SIZE:          4096
[    0.706408][    T0] ... MAX_LOCKDEP_ENTRIES:     65536
[    0.707036][    T0] ... MAX_LOCKDEP_CHAINS:      131072
[    0.707679][    T0] ... CHAINHASH_SIZE:          65536
[    0.708307][    T0]  memory used by lock dependency info: 11129 kB
[    0.709057][    T0]  memory used for stack traces: 8320 kB
[    0.709724][    T0]  per task-struct memory footprint: 1920 bytes
[    0.710544][    T0] ACPI: Core revision 20211217
[    0.711464][    T0] clocksource: hpet: mask: 0xffffffff max_cycles: 0xffffffff, max_idle_ns: 19112604467 ns
[    0.712885][    T0] APIC: Switch to symmetric I/O mode setup
[    0.713583][    T0] kvm-guest: setup PV IPIs
[    0.715325][    T0] ..TIMER: vector=0x30 apic1=0 pin1=2 apic2=-1 pin2=-1
[    0.716159][    T0] tsc: Marking TSC unstable due to TSCs unsynchronized
[    0.716972][    T0] Calibrating delay loop (skipped) preset value.. 6986.87 BogoMIPS (lpj=34934360)
[    0.718042][    T0] pid_max: default: 32768 minimum: 301
[    0.720384][    T0] LSM: Security Framework initializing
[    0.721076][    T0] landlock: Up and running.
[    0.721612][    T0] Yama: becoming mindful.
[    0.722184][    T0] TOMOYO Linux initialized
[    0.727064][    T0] AppArmor: AppArmor initialized
[    0.727665][    T0] LSM support for eBPF active
[    0.728378][    T0] Mount-cache hash table entries: 4096 (order: 3, 32768 bytes, linear)
[    0.729344][    T0] Mountpoint-cache hash table entries: 4096 (order: 3, 32768 bytes, linear)
[    0.731924][    T0] x86/cpu: User Mode Instruction Prevention (UMIP) activated
[    0.732920][    T0] Last level iTLB entries: 4KB 512, 2MB 255, 4MB 127
[    0.733698][    T0] Last level dTLB entries: 4KB 512, 2MB 255, 4MB 127, 1GB 0
[    0.734559][    T0] Spectre V1 : Mitigation: usercopy/swapgs barriers and __user pointer sanitization
[    0.735647][    T0] Spectre V2 : Spectre mitigation: kernel not compiled with retpoline; no mitigation available!
[    0.735656][    T0] Speculative Store Bypass: Mitigation: Speculative Store Bypass disabled via prctl
[    0.739018][    T0] Freeing SMP alternatives memory: 108K
[    0.740148][    T1] smpboot: CPU0: AMD Ryzen Threadripper PRO 3975WX 32-Cores (family: 0x17, model: 0x31, stepping: 0x0)
[    0.742724][    T1] cblist_init_generic: Setting adjustable number of callback queues.
[    0.743700][    T1] cblist_init_generic: Setting shift to 1 and lim to 1.
[    0.744720][    T1] cblist_init_generic: Setting shift to 1 and lim to 1.
[    0.745654][    T1] Running RCU-tasks wait API self tests
[    0.847186][    T1] Performance Events: Fam17h+ core perfctr, AMD PMU driver.
[    0.848112][    T1] ... version:                0
[    0.848692][    T1] ... bit width:              48
[    0.849278][    T1] ... generic registers:      6
[    0.849853][    T1] ... value mask:             0000ffffffffffff
[    0.850581][    T1] ... max period:             00007fffffffffff
[    0.851312][    T1] ... fixed-purpose events:   0
[    0.851885][    T1] ... event mask:             000000000000003f
[    0.853132][    T1] rcu: Hierarchical SRCU implementation.
[    0.856659][    T1] smp: Bringing up secondary CPUs ...
[    0.860735][    T1] x86: Booting SMP configuration:
[    0.861356][    T1] .... node  #0, CPUs:      #1
[    0.863394][    T1] smp: Brought up 1 node, 2 CPUs
[    0.863394][    T1] smpboot: Max logical packages: 1
[    0.863394][    T1] smpboot: Total of 2 processors activated (13973.74 BogoMIPS)
[    0.867359][    T1] devtmpfs: initialized
[    0.869009][    T1] x86/mm: Memory block size: 128MB
[    0.886992][   T13] Callback from call_rcu_tasks_trace() invoked.
[    0.898077][    T1] clocksource: jiffies: mask: 0xffffffff max_cycles: 0xffffffff, max_idle_ns: 19112604462750000 ns
[    0.899366][    T1] futex hash table entries: 512 (order: 4, 65536 bytes, linear)
[    0.902857][    T1] PM: RTC time: 21:02:49, date: 2026-05-25
[    0.913788][    T1] NET: Registered PF_NETLINK/PF_ROUTE protocol family
[    0.917761][    T1] audit: initializing netlink subsys (disabled)
[    0.919269][   T26] audit: type=2000 audit(1779742969.707:1): state=initialized audit_enabled=0 res=1
[    0.919648][    T1] thermal_sys: Registered thermal governor 'step_wise'
[    0.919666][    T1] thermal_sys: Registered thermal governor 'user_space'
[    0.919666][    T1] cpuidle: using governor menu
[    0.927015][    T1] NET: Registered PF_QIPCRTR protocol family
[    0.929599][    T1] PCI: Using configuration type 1 for base access
[    0.930512][    T1] PCI: Using configuration type 1 for extended access
[    1.062829][    T1] HugeTLB registered 1.00 GiB page size, pre-allocated 0 pages
[    1.062829][    T1] HugeTLB registered 2.00 MiB page size, pre-allocated 0 pages
[    1.067109][   T12] Callback from call_rcu_tasks() invoked.
[    1.068655][    T1] cryptd: max_cpu_qlen set to 1000
[    1.069153][    T1] raid6: skipped pq benchmark and selected avx2x4
[    1.069153][    T1] raid6: using avx2x2 recovery algorithm
[    1.069402][    T1] ACPI: Added _OSI(Module Device)
[    1.078004][    T1] ACPI: Added _OSI(Processor Device)
[    1.078660][    T1] ACPI: Added _OSI(3.0 _SCP Extensions)
[    1.079333][    T1] ACPI: Added _OSI(Processor Aggregator Device)
[    1.080101][    T1] ACPI: Added _OSI(Linux-Dell-Video)
[    1.080751][    T1] ACPI: Added _OSI(Linux-Lenovo-NV-HDMI-Audio)
[    1.081508][    T1] ACPI: Added _OSI(Linux-HPI-Hybrid-Graphics)
[    1.103313][    T1] ACPI: 1 ACPI AML tables successfully acquired and loaded
[    1.121646][    T1] ACPI: Interpreter enabled
[    1.122355][    T1] ACPI: PM: (supports S0 S3 S4 S5)
[    1.122995][    T1] ACPI: Using IOAPIC for interrupt routing
[    1.123816][    T1] PCI: Using host bridge windows from ACPI; if necessary, use "pci=nocrs" and report a bug
[    1.126481][    T1] ACPI: Enabled 2 GPEs in block 00 to 0F
[    1.171075][    T1] ACPI: PCI Root Bridge [PCI0] (domain 0000 [bus 00-ff])
[    1.172006][    T1] acpi PNP0A03:00: _OSC: OS supports [ExtendedConfig ASPM ClockPM Segments MSI HPX-Type3]
[    1.173918][    T1] PCI host bridge to bus 0000:00
[    1.174535][    T1] pci_bus 0000:00: root bus resource [io  0x0000-0x0cf7 window]
[    1.175472][    T1] pci_bus 0000:00: root bus resource [io  0x0d00-0xffff window]
[    1.176401][    T1] pci_bus 0000:00: root bus resource [mem 0x000a0000-0x000bffff window]
[    1.176996][    T1] pci_bus 0000:00: root bus resource [mem 0x80000000-0xfebfffff window]
[    1.178061][    T1] pci_bus 0000:00: root bus resource [mem 0x100000000-0x17fffffff window]
[    1.179118][    T1] pci_bus 0000:00: root bus resource [bus 00-ff]
[    1.180205][    T1] pci 0000:00:00.0: [8086:1237] type 00 class 0x060000
[    1.193334][    T1] pci 0000:00:01.0: [8086:7000] type 00 class 0x060100
[    1.206201][    T1] pci 0000:00:01.1: [8086:7010] type 00 class 0x010180
[    1.208508][    T1] pci 0000:00:01.1: reg 0x20: [io  0xc000-0xc00f]
[    1.209996][    T1] pci 0000:00:01.1: legacy IDE quirk: reg 0x10: [io  0x01f0-0x01f7]
[    1.210969][    T1] pci 0000:00:01.1: legacy IDE quirk: reg 0x14: [io  0x03f6]
[    1.211845][    T1] pci 0000:00:01.1: legacy IDE quirk: reg 0x18: [io  0x0170-0x0177]
[    1.212794][    T1] pci 0000:00:01.1: legacy IDE quirk: reg 0x1c: [io  0x0376]
[    1.214120][    T1] pci 0000:00:01.3: [8086:7113] type 00 class 0x068000
[    1.215367][    T1] pci 0000:00:01.3: quirk: [io  0x0600-0x063f] claimed by PIIX4 ACPI
[    1.216339][    T1] pci 0000:00:01.3: quirk: [io  0x0700-0x070f] claimed by PIIX4 SMB
[    1.217451][    T1] pci 0000:00:02.0: [1234:1111] type 00 class 0x030000
[    1.227469][    T1] pci 0000:00:02.0: reg 0x10: [mem 0xfd000000-0xfdffffff pref]
[    1.230452][    T1] pci 0000:00:02.0: reg 0x18: [mem 0xfebf0000-0xfebf0fff]
[    1.235539][    T1] pci 0000:00:02.0: reg 0x30: [mem 0xfebe0000-0xfebeffff pref]
[    1.237046][    T1] pci 0000:00:02.0: Video device with shadowed ROM at [mem 0x000c0000-0x000dffff]
[    1.254411][    T1] ACPI: PCI: Interrupt link LNKA configured for IRQ 10
[    1.256536][    T1] ACPI: PCI: Interrupt link LNKB configured for IRQ 10
[    1.258199][    T1] ACPI: PCI: Interrupt link LNKC configured for IRQ 11
[    1.260282][    T1] ACPI: PCI: Interrupt link LNKD configured for IRQ 11
[    1.261655][    T1] ACPI: PCI: Interrupt link LNKS configured for IRQ 9
[    1.267025][    T1] iommu: Default domain type: Translated 
[    1.268465][    T1] iommu: DMA domain TLB invalidation policy: lazy mode 
[    1.273611][    T1] SCSI subsystem initialized
[    1.277540][    T1] ACPI: bus type USB registered
[    1.278356][    T1] usbcore: registered new interface driver usbfs
[    1.279255][    T1] usbcore: registered new interface driver hub
[    1.280097][    T1] usbcore: registered new device driver usb
[    1.281323][    T1] mc: Linux media interface: v0.10
[    1.282031][    T1] videodev: Linux video capture interface: v2.00
[    1.283070][    T1] pps_core: LinuxPPS API ver. 1 registered
[    1.283781][    T1] pps_core: Software ver. 5.3.6 - Copyright 2005-2007 Rodolfo Giometti <giometti@linux.it>
[    1.285049][    T1] PTP clock support registered
[    1.285813][    T1] EDAC MC: Ver: 3.0.0
[    1.287862][    T1] Advanced Linux Sound Architecture Driver Initialized.
[    1.290392][    T1] Bluetooth: Core ver 2.22
[    1.291022][    T1] NET: Registered PF_BLUETOOTH protocol family
[    1.291789][    T1] Bluetooth: HCI device and connection manager initialized
[    1.292692][    T1] Bluetooth: HCI socket layer initialized
[    1.293411][    T1] Bluetooth: L2CAP socket layer initialized
[    1.294174][    T1] Bluetooth: SCO socket layer initialized
[    1.294911][    T1] NET: Registered PF_ATMPVC protocol family
[    1.296969][    T1] NET: Registered PF_ATMSVC protocol family
[    1.297817][    T1] NetLabel: Initializing
[    1.298333][    T1] NetLabel:  domain hash size = 128
[    1.298963][    T1] NetLabel:  protocols = UNLABELED CIPSOv4 CALIPSO
[    1.299901][    T1] NetLabel:  unlabeled traffic allowed by default
[    1.300990][    T1] nfc: nfc_init: NFC Core ver 0.1
[    1.300990][    T1] NET: Registered PF_NFC protocol family
[    1.300990][    T1] PCI: Using ACPI for IRQ routing
[    1.300990][    T1] pci 0000:00:02.0: vgaarb: setting as boot VGA device
[    1.300990][    T1] pci 0000:00:02.0: vgaarb: bridge control possible
[    1.300990][    T1] pci 0000:00:02.0: vgaarb: VGA device added: decodes=io+mem,owns=io+mem,locks=none
[    1.306968][    T1] vgaarb: loaded
[    1.308082][    T1] hpet0: at MMIO 0xfed00000, IRQs 2, 8, 0
[    1.308812][    T1] hpet0: 3 comparators, 64-bit 100.000000 MHz counter
[    1.314107][    T1] clocksource: Switched to clocksource kvm-clock
[    1.698474][    T1] VFS: Disk quotas dquot_6.6.0
[    1.699172][    T1] VFS: Dquot-cache hash table entries: 512 (order 0, 4096 bytes)
[    1.700369][    T1] FS-Cache: Loaded
[    1.701490][    T1] CacheFiles: Loaded
[    1.702247][    T1] TOMOYO: 2.6.0
[    1.702685][    T1] Mandatory Access Control activated.
[    1.704570][    T1] AppArmor: AppArmor Filesystem Enabled
[    1.705460][    T1] pnp: PnP ACPI init
[    1.710173][    T1] pnp: PnP ACPI: found 6 devices
[    1.734827][    T1] clocksource: acpi_pm: mask: 0xffffff max_cycles: 0xffffff, max_idle_ns: 2085701024 ns
[    1.736290][    T1] NET: Registered PF_INET protocol family
[    1.738716][    T1] IP idents hash table entries: 32768 (order: 6, 262144 bytes, linear)
[    1.741058][    T1] tcp_listen_portaddr_hash hash table entries: 1024 (order: 4, 81920 bytes, linear)
[    1.742278][    T1] TCP established hash table entries: 16384 (order: 5, 131072 bytes, linear)
[    1.746887][    T1] TCP bind hash table entries: 16384 (order: 8, 1179648 bytes, linear)
[    1.748454][    T1] TCP: Hash tables configured (established 16384 bind 16384)
[    1.749646][    T1] MPTCP token hash table entries: 2048 (order: 5, 180224 bytes, linear)
[    1.750812][    T1] UDP hash table entries: 1024 (order: 5, 163840 bytes, linear)
[    1.751847][    T1] UDP-Lite hash table entries: 1024 (order: 5, 163840 bytes, linear)
[    1.753159][    T1] NET: Registered PF_UNIX/PF_LOCAL protocol family
[    1.754699][    T1] RPC: Registered named UNIX socket transport module.
[    1.755550][    T1] RPC: Registered udp transport module.
[    1.756232][    T1] RPC: Registered tcp transport module.
[    1.756910][    T1] RPC: Registered tcp NFSv4.1 backchannel transport module.
[    1.758720][    T1] NET: Registered PF_XDP protocol family
[    1.759442][    T1] pci_bus 0000:00: resource 4 [io  0x0000-0x0cf7 window]
[    1.760302][    T1] pci_bus 0000:00: resource 5 [io  0x0d00-0xffff window]
[    1.761157][    T1] pci_bus 0000:00: resource 6 [mem 0x000a0000-0x000bffff window]
[    1.762113][    T1] pci_bus 0000:00: resource 7 [mem 0x80000000-0xfebfffff window]
[    1.763058][    T1] pci_bus 0000:00: resource 8 [mem 0x100000000-0x17fffffff window]
[    1.764440][    T1] pci 0000:00:01.0: PIIX3: Enabling Passive Release
[    1.765261][    T1] pci 0000:00:00.0: Limiting direct PCI/PCI transfers
[    1.766110][    T1] pci 0000:00:01.0: Activating ISA DMA hang workarounds
[    1.767160][    T1] PCI: CLS 0 bytes, default 64
[    1.771767][   T11] Trying to unpack rootfs image as initramfs...
[    1.777091][    T1] ACPI: bus type thunderbolt registered
[    1.778672][    T1] kvm: no hardware support for 'kvm_intel'
[    1.779706][    T1] kvm: Nested Virtualization enabled
[    1.780385][    T1] SVM: kvm: Nested Paging enabled
[    1.817630][   T62] cryptomgr_test (62) used greatest stack depth: 29792 bytes left
[    1.875098][   T11] Freeing initrd memory: 1328K
[    1.876567][   T56] kworker/u4:3 (56) used greatest stack depth: 28176 bytes left
[    1.877833][   T54] kworker/u4:2 (54) used greatest stack depth: 27472 bytes left
[    4.015585][    T1] Initialise system trusted keyrings
[    4.017608][    T1] workingset: timestamp_bits=40 max_order=19 bucket_order=0
[    4.043122][    T1] zbud: loaded
[    4.048975][    T1] DLM installed
[    4.057133][    T1] squashfs: version 4.0 (2009/01/31) Phillip Lougher
[    4.071492][    T1] NFS: Registering the id_resolver key type
[    4.072254][    T1] Key type id_resolver registered
[    4.072873][    T1] Key type id_legacy registered
[    4.073648][    T1] nfs4filelayout_init: NFSv4 File Layout Driver Registering...
[    4.074572][    T1] nfs4flexfilelayout_init: NFSv4 Flexfile Layout Driver Registering...
[    4.075540][    T1] Installing knfsd (copyright (C) 1996 okir@monad.swb.de).
[    4.082496][    T1] Key type cifs.spnego registered
[    4.083846][    T1] Key type cifs.idmap registered
[    4.085683][    T1] ntfs: driver 2.1.32 [Flags: R/W].
[    4.088988][    T1] efs: 1.0a - http://aeschi.ch.eu.org/efs/
[    4.090711][    T1] jffs2: version 2.2. (NAND) (SUMMARY)  © 2001-2006 Red Hat, Inc.
[    4.096469][    T1] romfs: ROMFS MTD (C) 2007 Red Hat, Inc.
[    4.098524][    T1] QNX4 filesystem 0.2.3 registered.
[    4.100082][    T1] qnx6: QNX6 filesystem 1.0.0 registered.
[    4.102174][    T1] fuse: init (API version 7.36)
[    4.106311][    T1] orangefs_debugfs_init: called with debug mask: :none: :0:
[    4.108691][    T1] orangefs_init: module version upstream loaded
[    4.111324][    T1] JFS: nTxBlock = 8192, nTxLock = 65536
[    4.133238][    T1] SGI XFS with ACLs, security attributes, realtime, quota, fatal assert, debug enabled
[    4.144093][    T1] 9p: Installing v9fs 9p2000 file system support
[    4.145746][    T1] NILFS version 2 loaded
[    4.146254][    T1] befs: version: 0.9.3
[    4.147711][    T1] ocfs2: Registered cluster interface o2cb
[    4.148678][    T1] ocfs2: Registered cluster interface user
[    4.149774][    T1] OCFS2 User DLM kernel interface loaded
[    4.166097][    T1] gfs2: GFS2 installed
[    4.174383][    T1] ceph: loaded (mds proto 32)
[    4.185646][    T1] NET: Registered PF_ALG protocol family
[    4.186368][    T1] xor: automatically using best checksumming function   avx       
[    4.187399][    T1] async_tx: api initialized (async)
[    4.188017][    T1] Key type asymmetric registered
[    4.188610][    T1] Asymmetric key parser 'x509' registered
[    4.189303][    T1] Asymmetric key parser 'pkcs8' registered
[    4.189991][    T1] Key type pkcs7_test registered
[    4.190573][    T1] Asymmetric key parser 'tpm_parser' registered
[    4.193816][    T1] alg: self-tests for CTR-KDF (hmac(sha256)) passed
[    4.195512][    T1] Block layer SCSI generic (bsg) driver version 0.4 loaded (major 240)
[    4.197788][    T1] io scheduler mq-deadline registered
[    4.198437][    T1] io scheduler kyber registered
[    4.199361][    T1] io scheduler bfq registered
[    4.235607][    T1] input: Power Button as /devices/LNXSYSTM:00/LNXPWRBN:00/input/input0
[    4.247630][    T1] ACPI: button: Power Button [PWRF]
[    4.442538][    T1] N_HDLC line discipline registered with maxframe=4096
[    4.443415][    T1] Serial: 8250/16550 driver, 4 ports, IRQ sharing enabled
[    4.444690][    T1] 00:04: ttyS0 at I/O 0x3f8 (irq = 4, base_baud = 115200) is a 16550A
[    4.453209][    T1] Non-volatile memory driver v1.3
[    4.453871][    T1] Linux agpgart interface v0.103
[    4.455174][    T1] ACPI: bus type drm_connector registered
[    4.457897][    T1] [drm] Initialized vgem 1.0.0 20120112 for vgem on minor 0
[    4.471202][    T1] [drm] Initialized vkms 1.0.0 20180514 for vkms on minor 1
[    4.531196][    T1] Console: switching to colour frame buffer device 128x48
[    4.547572][    T1] platform vkms: [drm] fb0: vkmsdrmfb frame buffer device
[    4.548548][    T1] usbcore: registered new interface driver udl
[    4.549421][    T1] bochs-drm 0000:00:02.0: vgaarb: deactivate vga console
[    4.555723][    T1] [drm] Found bochs VGA, ID 0xb0c5.
[    4.556357][    T1] [drm] Framebuffer size 16384 kB @ 0xfd000000, mmio @ 0xfebf0000.
[    4.558870][    T1] [drm] Found EDID data blob.
[    4.560546][    T1] [drm] Initialized bochs-drm 1.0.0 20130925 for 0000:00:02.0 on minor 2
[    4.568539][    T1] fbcon: bochs-drmdrmfb (fb1) is primary device
[    4.568553][    T1] fbcon: Remapping primary device, fb1, to tty 1-63
[   18.422630][    T1] bochs-drm 0000:00:02.0: [drm] fb1: bochs-drmdrmfb frame buffer device
[   18.428882][   T53] Floppy drive(s): fd0 is 2.88M AMI BIOS
[   18.457481][   T53] FDC 0 is a S82078B
[   18.480868][    T1] brd: module loaded
[   18.531328][    T1] loop: module loaded
[   18.577858][    T1] zram: Added device: zram0
[   18.582726][    T1] null_blk: module loaded
[   18.583351][    T1] Guest personality initialized and is inactive
[   18.584310][    T1] VMCI host device registered (name=vmci, major=10, minor=120)
[   18.585173][    T1] Initialized host personality
[   18.585817][    T1] usbcore: registered new interface driver rtsx_usb
[   18.586790][    T1] usbcore: registered new interface driver viperboard
[   18.587884][    T1] usbcore: registered new interface driver dln2
[   18.588762][    T1] usbcore: registered new interface driver pn533_usb
[   18.591126][    T1] nfcsim 0.2 initialized
[   18.591701][    T1] usbcore: registered new interface driver port100
[   18.592500][    T1] usbcore: registered new interface driver nfcmrvl
[   18.594466][    T1] Loading iSCSI transport class v2.0-870.
[   18.597960][    T1] st: Version 20160209, fixed bufsize 32768, s/g segs 256
[   18.613034][    T1] scsi host0: ata_piix
[   18.614839][    T1] scsi host1: ata_piix
[   18.615708][    T1] ata1: PATA max MWDMA2 cmd 0x1f0 ctl 0x3f6 bmdma 0xc000 irq 14
[   18.616580][    T1] ata2: PATA max MWDMA2 cmd 0x170 ctl 0x376 bmdma 0xc008 irq 15
[   18.623645][    T1] Rounding down aligned max_sectors from 4294967295 to 4294967288
[   18.624785][    T1] db_root: cannot open: /etc/target
[   18.625814][    T1] slram: not enough parameters.
[   18.628593][    T1] ftl_cs: FTL header not found.
[   18.642745][    T1] wireguard: WireGuard 1.0.0 loaded. See www.wireguard.com for information.
[   18.643761][    T1] wireguard: Copyright (C) 2015-2019 Jason A. Donenfeld <Jason@zx2c4.com>. All Rights Reserved.
[   18.644946][    T1] eql: Equalizer2002: Simon Janes (simon@ncm.com) and David S. Miller (davem@redhat.com)
[   18.648495][    T1] MACsec IEEE 802.1AE
[   18.651314][    T1] tun: Universal TUN/TAP device driver, 1.6
[   18.652873][    T1] vcan: Virtual CAN interface driver
[   18.653497][    T1] vxcan: Virtual CAN Tunnel driver
[   18.654081][    T1] slcan: serial line CAN interface driver
[   18.654725][    T1] slcan: 10 dynamic interface channels.
[   18.655361][    T1] CAN device driver interface
[   18.655980][    T1] usbcore: registered new interface driver usb_8dev
[   18.656821][    T1] usbcore: registered new interface driver ems_usb
[   18.660067][    T1] usbcore: registered new interface driver esd_usb2
[   18.660950][    T1] usbcore: registered new interface driver gs_usb
[   18.661745][    T1] usbcore: registered new interface driver kvaser_usb
[   18.662576][    T1] usbcore: registered new interface driver mcba_usb
[   18.663387][    T1] usbcore: registered new interface driver peak_usb
[   18.664315][    T1] e100: Intel(R) PRO/100 Network Driver
[   18.664948][    T1] e100: Copyright(c) 1999-2006 Intel Corporation
[   18.665739][    T1] e1000: Intel(R) PRO/1000 Network Driver
[   18.666387][    T1] e1000: Copyright (c) 1999-2006 Intel Corporation.
[   18.667255][    T1] e1000e: Intel(R) PRO/1000 Network Driver
[   18.667911][    T1] e1000e: Copyright(c) 1999 - 2015 Intel Corporation.
[   18.669308][    T1] mkiss: AX.25 Multikiss, Hans Albas PE1AYX
[   18.669979][    T1] AX.25: 6pack driver, Revision: 0.3.0
[   18.670619][    T1] AX.25: bpqether driver version 004
[   18.671235][    T1] PPP generic driver version 2.4.2
[   18.672253][    T1] PPP BSD Compression module registered
[   18.672889][    T1] PPP Deflate Compression module registered
[   18.673601][    T1] PPP MPPE Compression module registered
[   18.674245][    T1] NET: Registered PF_PPPOX protocol family
[   18.674927][    T1] PPTP driver version 0.8.5
[   18.679411][    T1] SLIP: version 0.8.4-NET3.019-NEWTTY (dynamic channels, max=256) (6 bit encapsulation enabled).
[   18.680794][    T1] CSLIP: code copyright 1989 Regents of the University of California.
[   18.682447][    T1] SLIP linefill/keepalive option.
[   18.683697][    T1] hdlc: HDLC support module revision 1.22
[   18.685108][    T1] LAPB Ethernet driver version 0.02
[   18.686494][    T1] usbcore: registered new interface driver ath9k_htc
[   18.687417][    T1] usbcore: registered new interface driver carl9170
[   18.688327][    T1] usbcore: registered new interface driver ath6kl_usb
[   18.689362][    T1] usbcore: registered new interface driver ar5523
[   18.690429][    T1] usbcore: registered new interface driver ath10k_usb
[   18.691758][    T1] usbcore: registered new interface driver rndis_wlan
[   18.692868][    T1] mac80211_hwsim: initializing netlink
[   18.706236][    T1] usbcore: registered new interface driver atusb
[   18.712253][    T1] mac802154_hwsim mac802154_hwsim: Added 2 mac802154 hwsim hardware radios
[   18.713943][    T1] VMware vmxnet3 virtual NIC driver - version 1.6.0.0-k-NAPI
[   18.714991][    T1] usbcore: registered new interface driver catc
[   18.715772][    T1] usbcore: registered new interface driver kaweth
[   18.716504][    T1] pegasus: Pegasus/Pegasus II USB Ethernet driver
[   18.717785][    T1] usbcore: registered new interface driver pegasus
[   18.718601][    T1] usbcore: registered new interface driver rtl8150
[   18.719427][    T1] usbcore: registered new interface driver r8152
[   18.720150][    T1] hso: drivers/net/usb/hso.c: Option Wireless
[   18.720972][    T1] usbcore: registered new interface driver hso
[   18.721755][    T1] usbcore: registered new interface driver lan78xx
[   18.722604][    T1] usbcore: registered new interface driver asix
[   18.723386][    T1] usbcore: registered new interface driver ax88179_178a
[   18.724248][    T1] usbcore: registered new interface driver cdc_ether
[   18.725076][    T1] usbcore: registered new interface driver cdc_eem
[   18.725889][    T1] usbcore: registered new interface driver dm9601
[   18.726686][    T1] usbcore: registered new interface driver sr9700
[   18.727535][    T1] usbcore: registered new interface driver CoreChips
[   18.728379][    T1] usbcore: registered new interface driver smsc75xx
[   18.729254][    T1] usbcore: registered new interface driver smsc95xx
[   18.730337][    T1] usbcore: registered new interface driver gl620a
[   18.731134][    T1] usbcore: registered new interface driver net1080
[   18.731938][    T1] usbcore: registered new interface driver plusb
[   18.732725][    T1] usbcore: registered new interface driver rndis_host
[   18.733567][    T1] usbcore: registered new interface driver cdc_subset
[   18.734401][    T1] usbcore: registered new interface driver zaurus
[   18.735194][    T1] usbcore: registered new interface driver MOSCHIP usb-ethernet driver
[   18.736345][    T1] usbcore: registered new interface driver int51x1
[   18.737265][    T1] usbcore: registered new interface driver cdc_phonet
[   18.738112][    T1] usbcore: registered new interface driver kalmia
[   18.738941][    T1] usbcore: registered new interface driver ipheth
[   18.739736][    T1] usbcore: registered new interface driver sierra_net
[   18.740563][    T1] usbcore: registered new interface driver cx82310_eth
[   18.741428][    T1] usbcore: registered new interface driver cdc_ncm
[   18.742262][    T1] usbcore: registered new interface driver huawei_cdc_ncm
[   18.743142][    T1] usbcore: registered new interface driver lg-vl600
[   18.743960][    T1] usbcore: registered new interface driver qmi_wwan
[   18.744782][    T1] usbcore: registered new interface driver cdc_mbim
[   18.745617][    T1] usbcore: registered new interface driver ch9200
[   18.748349][    T1] VFIO - User Level meta-driver version: 0.3
[   18.752372][    T1] aoe: AoE v85 initialised.
[   18.754627][    T1] ehci_hcd: USB 2.0 'Enhanced' Host Controller (EHCI) Driver
[   18.755493][    T1] ehci-pci: EHCI PCI platform driver
[   18.756189][    T1] ehci-platform: EHCI generic platform driver
[   18.759678][    T1] ohci_hcd: USB 1.1 'Open' Host Controller (OHCI) Driver
[   18.760757][    T1] ohci-pci: OHCI PCI platform driver
[   18.761687][    T1] ohci-platform: OHCI generic platform driver
[   18.762674][    T1] uhci_hcd: USB Universal Host Controller Interface driver
[   18.764515][    T1] driver u132_hcd
[   18.765775][    T1] fotg210_hcd: FOTG210 Host Controller (EHCI) Driver
[   18.766754][    T1] Warning! fotg210_hcd should always be loaded before uhci_hcd and ohci_hcd, not after
[   18.769074][    T1] SPI driver max3421-hcd has no spi_device_id for maxim,max3421
[   18.770437][    T1] usbcore: registered new interface driver cdc_acm
[   18.771373][    T1] cdc_acm: USB Abstract Control Model driver for USB modems and ISDN adapters
[   18.772798][    T1] usbcore: registered new interface driver usblp
[   18.774247][    T1] usbcore: registered new interface driver cdc_wdm
[   18.775939][    T1] usbcore: registered new interface driver usbtmc
[   18.777979][    T1] usbcore: registered new interface driver uas
[   18.779018][    T1] usbcore: registered new interface driver usb-storage
[   18.780071][    T1] usbcore: registered new interface driver ums-alauda
[   18.781106][    T1] usbcore: registered new interface driver ums-cypress
[   18.782076][    T1] usbcore: registered new interface driver ums-datafab
[   18.783069][    T1] usbcore: registered new interface driver ums_eneub6250
[   18.784112][    T1] usbcore: registered new interface driver ums-freecom
[   18.785142][    T1] usbcore: registered new interface driver ums-isd200
[   18.786080][    T1] usbcore: registered new interface driver ums-jumpshot
[   18.787208][  T985] ata2: found unknown device (class 0)
[   18.788264][  T985] ata2.00: ATAPI: QEMU DVD-ROM, 2.5+, max UDMA/100
[   18.790055][    T1] usbcore: registered new interface driver ums-karma
[   18.790927][    T1] usbcore: registered new interface driver ums-onetouch
[   18.791888][   T53] scsi 1:0:0:0: CD-ROM            QEMU     QEMU DVD-ROM     2.5+ PQ: 0 ANSI: 5
[   18.791968][    T1] usbcore: registered new interface driver ums-realtek
[   18.793972][    T1] usbcore: registered new interface driver ums-sddr09
[   18.794939][    T1] usbcore: registered new interface driver ums-sddr55
[   18.795832][    T1] usbcore: registered new interface driver ums-usbat
[   18.796798][    T1] usbcore: registered new interface driver mdc800
[   18.798573][    T1] mdc800: v0.7.5 (30/10/2000):USB Driver for Mustek MDC800 Digital Camera
[   18.799723][    T1] usbcore: registered new interface driver microtekX6
[   18.800696][    T1] usbcore: registered new interface driver usbserial_generic
[   18.801787][    T1] usbserial: USB Serial support registered for generic
[   18.802790][    T1] usbcore: registered new interface driver aircable
[   18.803639][    T1] usbserial: USB Serial support registered for aircable
[   18.804502][    T1] usbcore: registered new interface driver ark3116
[   18.805314][    T1] usbserial: USB Serial support registered for ark3116
[   18.806155][    T1] usbcore: registered new interface driver belkin_sa
[   18.807760][    T1] usbserial: USB Serial support registered for Belkin / Peracom / GoHubs USB Serial Adapter
[   18.808977][    T1] usbcore: registered new interface driver ch341
[   18.809753][    T1] usbserial: USB Serial support registered for ch341-uart
[   18.810629][    T1] usbcore: registered new interface driver cp210x
[   18.811441][    T1] usbserial: USB Serial support registered for cp210x
[   18.812658][    T1] usbcore: registered new interface driver cyberjack
[   18.813496][    T1] usbserial: USB Serial support registered for Reiner SCT Cyberjack USB card reader
[   18.814633][    T1] usbcore: registered new interface driver cypress_m8
[   18.815447][    T1] usbserial: USB Serial support registered for DeLorme Earthmate USB
[   18.816407][    T1] usbserial: USB Serial support registered for HID->COM RS232 Adapter
[   18.818514][    T1] usbserial: USB Serial support registered for Nokia CA-42 V2 Adapter
[   18.819518][    T1] usbcore: registered new interface driver usb_debug
[   18.820330][    T1] usbserial: USB Serial support registered for debug
[   18.821143][    T1] usbserial: USB Serial support registered for xhci_dbc
[   18.822003][    T1] usbcore: registered new interface driver digi_acceleport
[   18.822875][    T1] usbserial: USB Serial support registered for Digi 2 port USB adapter
[   18.823876][    T1] usbserial: USB Serial support registered for Digi 4 port USB adapter
[   18.824886][    T1] usbcore: registered new interface driver io_edgeport
[   18.825724][    T1] usbserial: USB Serial support registered for Edgeport 2 port adapter
[   18.826708][    T1] usbserial: USB Serial support registered for Edgeport 4 port adapter
[   18.828271][    T1] usbserial: USB Serial support registered for Edgeport 8 port adapter
[   18.829263][    T1] usbserial: USB Serial support registered for EPiC device
[   18.830157][    T1] usbcore: registered new interface driver io_ti
[   18.830928][    T1] usbserial: USB Serial support registered for Edgeport TI 1 port adapter
[   18.831949][    T1] usbserial: USB Serial support registered for Edgeport TI 2 port adapter
[   18.832976][    T1] usbcore: registered new interface driver empeg
[   18.833745][    T1] usbserial: USB Serial support registered for empeg
[   18.834596][    T1] usbcore: registered new interface driver f81534a_ctrl
[   18.835453][    T1] usbcore: registered new interface driver f81232
[   18.836238][    T1] usbserial: USB Serial support registered for f81232
[   18.837227][    T1] usbserial: USB Serial support registered for f81534a
[   18.838251][    T1] usbcore: registered new interface driver f81534
[   18.839186][    T1] usbserial: USB Serial support registered for Fintek F81532/F81534
[   18.840360][    T1] usbcore: registered new interface driver ftdi_sio
[   18.841336][    T1] usbserial: USB Serial support registered for FTDI USB Serial Device
[   18.842534][    T1] usbcore: registered new interface driver garmin_gps
[   18.843527][    T1] usbserial: USB Serial support registered for Garmin GPS usb/tty
[   18.844623][    T1] usbcore: registered new interface driver ipaq
[   18.845391][    T1] usbserial: USB Serial support registered for PocketPC PDA
[   18.846340][    T1] usbcore: registered new interface driver ipw
[   18.847203][    T1] usbserial: USB Serial support registered for IPWireless converter
[   18.848771][   T53] sr 1:0:0:0: [sr0] scsi3-mmc drive: 4x/4x cd/rw xa/form2 tray
[   18.849080][    T1] usbcore: registered new interface driver ir_usb
[   18.849691][   T53] cdrom: Uniform CD-ROM driver Revision: 3.20
[   18.850640][    T1] usbserial: USB Serial support registered for IR Dongle
[   18.852346][    T1] usbcore: registered new interface driver iuu_phoenix
[   18.853309][    T1] usbserial: USB Serial support registered for iuu_phoenix
[   18.854276][    T1] usbcore: registered new interface driver keyspan
[   18.855148][    T1] usbserial: USB Serial support registered for Keyspan - (without firmware)
[   18.856280][    T1] usbserial: USB Serial support registered for Keyspan 1 port adapter
[   18.858442][    T1] usbserial: USB Serial support registered for Keyspan 2 port adapter
[   18.859518][    T1] usbserial: USB Serial support registered for Keyspan 4 port adapter
[   18.860605][    T1] usbcore: registered new interface driver keyspan_pda
[   18.861519][    T1] usbserial: USB Serial support registered for Keyspan PDA
[   18.862468][    T1] usbserial: USB Serial support registered for Keyspan PDA - (prerenumeration)
[   18.863648][    T1] usbcore: registered new interface driver kl5kusb105
[   18.864545][    T1] usbserial: USB Serial support registered for KL5KUSB105D / PalmConnect
[   18.865664][    T1] usbcore: registered new interface driver kobil_sct
[   18.866552][    T1] usbserial: USB Serial support registered for KOBIL USB smart card terminal
[   18.868215][    T1] usbcore: registered new interface driver mct_u232
[   18.869093][    T1] usbserial: USB Serial support registered for MCT U232
[   18.870024][    T1] usbcore: registered new interface driver metro_usb
[   18.870907][    T1] usbserial: USB Serial support registered for Metrologic USB to Serial
[   18.872014][    T1] usbcore: registered new interface driver mos7720
[   18.872883][    T1] usbserial: USB Serial support registered for Moschip 2 port adapter
[   18.873968][    T1] usbcore: registered new interface driver mos7840
[   18.874833][    T1] usbserial: USB Serial support registered for Moschip 7840/7820 USB Serial Driver
[   18.876051][    T1] usbcore: registered new interface driver mxuport
[   18.876931][    T1] usbserial: USB Serial support registered for MOXA UPort
[   18.877920][    T1] usbcore: registered new interface driver navman
[   18.878784][    T1] usbserial: USB Serial support registered for navman
[   18.879698][    T1] usbcore: registered new interface driver omninet
[   18.880559][    T1] usbserial: USB Serial support registered for ZyXEL - omni.net usb
[   18.881815][    T1] usbcore: registered new interface driver opticon
[   18.882676][    T1] usbserial: USB Serial support registered for opticon
[   18.883592][    T1] usbcore: registered new interface driver option
[   18.884443][    T1] usbserial: USB Serial support registered for GSM modem (1-port)
[   18.885506][    T1] usbcore: registered new interface driver oti6858
[   18.886388][    T1] usbserial: USB Serial support registered for oti6858
[   18.887340][    T1] usbcore: registered new interface driver pl2303
[   18.888204][    T1] usbserial: USB Serial support registered for pl2303
[   18.889125][    T1] usbcore: registered new interface driver qcaux
[   18.889983][    T1] usbserial: USB Serial support registered for qcaux
[   18.890913][    T1] usbcore: registered new interface driver qcserial
[   18.891803][    T1] usbserial: USB Serial support registered for Qualcomm USB modem
[   18.892864][    T1] usbcore: registered new interface driver quatech2
[   18.893769][    T1] usbserial: USB Serial support registered for Quatech 2nd gen USB to Serial Driver
[   18.895029][    T1] usbcore: registered new interface driver safe_serial
[   18.895950][    T1] usbserial: USB Serial support registered for safe_serial
[   18.896921][    T1] usbcore: registered new interface driver sierra
[   18.897817][    T1] usbserial: USB Serial support registered for Sierra USB modem
[   18.898848][    T1] usbcore: registered new interface driver usb_serial_simple
[   18.899835][    T1] usbserial: USB Serial support registered for carelink
[   18.900765][    T1] usbserial: USB Serial support registered for zio
[   18.901651][    T1] usbserial: USB Serial support registered for funsoft
[   18.902567][    T1] usbserial: USB Serial support registered for flashloader
[   18.903521][    T1] usbserial: USB Serial support registered for google
[   18.904428][    T1] usbserial: USB Serial support registered for libtransistor
[   18.905420][    T1] usbserial: USB Serial support registered for vivopay
[   18.906327][    T1] usbserial: USB Serial support registered for moto_modem
[   18.907345][    T1] usbserial: USB Serial support registered for motorola_tetra
[   18.908327][    T1] usbserial: USB Serial support registered for novatel_gps
[   18.909270][    T1] usbserial: USB Serial support registered for hp4x
[   18.910154][    T1] usbserial: USB Serial support registered for suunto
[   18.911050][    T1] usbserial: USB Serial support registered for siemens_mpi
[   18.912019][    T1] usbcore: registered new interface driver spcp8x5
[   18.912886][    T1] usbserial: USB Serial support registered for SPCP8x5
[   18.913815][    T1] usbcore: registered new interface driver ssu100
[   18.914668][    T1] usbserial: USB Serial support registered for Quatech SSU-100 USB to Serial Driver
[   18.915914][    T1] usbcore: registered new interface driver symbolserial
[   18.916831][    T1] usbserial: USB Serial support registered for symbol
[   18.917795][    T1] usbcore: registered new interface driver ti_usb_3410_5052
[   18.918759][    T1] usbserial: USB Serial support registered for TI USB 3410 1 port adapter
[   18.919869][    T1] usbserial: USB Serial support registered for TI USB 5052 2 port adapter
[   18.921001][    T1] usbcore: registered new interface driver upd78f0730
[   18.921913][    T1] usbserial: USB Serial support registered for upd78f0730
[   18.922873][    T1] usbcore: registered new interface driver visor
[   18.923715][    T1] usbserial: USB Serial support registered for Handspring Visor / Palm OS
[   18.924820][    T1] usbserial: USB Serial support registered for Sony Clie 5.0
[   18.925803][    T1] usbserial: USB Serial support registered for Sony Clie 3.5
[   18.926784][    T1] usbcore: registered new interface driver wishbone_serial
[   18.928110][    T1] usbserial: USB Serial support registered for wishbone_serial
[   18.929135][    T1] usbcore: registered new interface driver whiteheat
[   18.930037][    T1] usbserial: USB Serial support registered for Connect Tech - WhiteHEAT - (prerenumeration)
[   18.931375][    T1] usbserial: USB Serial support registered for Connect Tech - WhiteHEAT
[   18.932898][    T1] usbcore: registered new interface driver xr_serial
[   18.933317][   T53] sr 1:0:0:0: Attached scsi generic sg0 type 5
[   18.934016][    T1] usbserial: USB Serial support registered for xr_serial
[   18.935571][    T1] usbcore: registered new interface driver xsens_mt
[   18.936696][    T1] usbserial: USB Serial support registered for xsens_mt
[   18.938283][    T1] usbcore: registered new interface driver adutux
[   18.939177][    T1] usbcore: registered new interface driver appledisplay
[   18.940134][    T1] usbcore: registered new interface driver cypress_cy7c63
[   18.941108][    T1] usbcore: registered new interface driver cytherm
[   18.941969][    T1] usbcore: registered new interface driver emi26 - firmware loader
[   18.943018][    T1] usbcore: registered new interface driver emi62 - firmware loader
[   18.944005][    T1] ftdi_elan: driver ftdi-elan
[   18.944679][    T1] usbcore: registered new interface driver ftdi-elan
[   18.945602][    T1] usbcore: registered new interface driver idmouse
[   18.946491][    T1] usbcore: registered new interface driver iowarrior
[   18.947622][    T1] usbcore: registered new interface driver isight_firmware
[   18.948600][    T1] usbcore: registered new interface driver usblcd
[   18.949500][    T1] usbcore: registered new interface driver ldusb
[   18.950372][    T1] usbcore: registered new interface driver legousbtower
[   18.951341][    T1] usbcore: registered new interface driver usbtest
[   18.952232][    T1] usbcore: registered new interface driver usb_ehset_test
[   18.953407][    T1] usbcore: registered new interface driver trancevibrator
[   18.954402][    T1] usbcore: registered new interface driver uss720
[   18.955206][    T1] uss720: USB Parport Cable driver for Cables using the Lucent Technologies USS720 Chip
[   18.956414][    T1] uss720: NOTE: this is a special purpose driver to allow nonstandard
[   18.957455][    T1] uss720: protocols (eg. bitbang) over USS720 usb to parallel cables
[   18.958460][    T1] uss720: If you just want to connect to a printer, use usblp instead
[   18.959547][    T1] usbcore: registered new interface driver usbsevseg
[   18.960450][    T1] usbcore: registered new interface driver yurex
[   18.961536][    T1] usbcore: registered new interface driver chaoskey
[   18.962441][    T1] usbcore: registered new interface driver sisusb
[   18.963321][    T1] usbcore: registered new interface driver lvs
[   18.964187][    T1] usbcore: registered new interface driver cxacru
[   18.965093][    T1] usbcore: registered new interface driver speedtch
[   18.966034][    T1] usbcore: registered new interface driver ueagle-atm
[   18.966887][    T1] xusbatm: malformed module parameters
[   18.968411][    T1] dummy_hcd dummy_hcd.0: USB Host+Gadget Emulator, driver 02 May 2005
[   18.969491][    T1] dummy_hcd dummy_hcd.0: Dummy host controller
[   18.971191][    T1] dummy_hcd dummy_hcd.0: new USB bus registered, assigned bus number 1
[   18.972880][    T1] usb usb1: New USB device found, idVendor=1d6b, idProduct=0002, bcdDevice= 5.17
[   18.974081][    T1] usb usb1: New USB device strings: Mfr=3, Product=2, SerialNumber=1
[   18.975100][    T1] usb usb1: Product: Dummy host controller
[   18.975840][    T1] usb usb1: Manufacturer: Linux 5.17.0-rc6-next-20220303-gf8b8faa5cc20-dirty dummy_hcd
[   18.977085][    T1] usb usb1: SerialNumber: dummy_hcd.0
[   18.979466][    T1] hub 1-0:1.0: USB hub found
[   18.980261][    T1] hub 1-0:1.0: 1 port detected
[   18.984933][    T1] gadgetfs: USB Gadget filesystem, version 24 Aug 2004
[   18.988281][    T1] vhci_hcd vhci_hcd.0: USB/IP Virtual Host Controller
[   18.989459][    T1] vhci_hcd vhci_hcd.0: new USB bus registered, assigned bus number 2
[   18.990785][    T1] vhci_hcd: created sysfs vhci_hcd.0
[   18.991793][    T1] usb usb2: New USB device found, idVendor=1d6b, idProduct=0002, bcdDevice= 5.17
[   18.992913][    T1] usb usb2: New USB device strings: Mfr=3, Product=2, SerialNumber=1
[   18.993910][    T1] usb usb2: Product: USB/IP Virtual Host Controller
[   18.994718][    T1] usb usb2: Manufacturer: Linux 5.17.0-rc6-next-20220303-gf8b8faa5cc20-dirty vhci_hcd
[   18.995887][    T1] usb usb2: SerialNumber: vhci_hcd.0
[   18.997605][    T1] hub 2-0:1.0: USB hub found
[   18.998287][    T1] hub 2-0:1.0: 8 ports detected
[   19.001703][    T1] vhci_hcd vhci_hcd.0: USB/IP Virtual Host Controller
[   19.002878][    T1] vhci_hcd vhci_hcd.0: new USB bus registered, assigned bus number 3
[   19.004017][    T1] usb usb3: We don't know the algorithms for LPM for this host, disabling LPM.
[   19.005424][    T1] usb usb3: New USB device found, idVendor=1d6b, idProduct=0003, bcdDevice= 5.17
[   19.006549][    T1] usb usb3: New USB device strings: Mfr=3, Product=2, SerialNumber=1
[   19.008198][    T1] usb usb3: Product: USB/IP Virtual Host Controller
[   19.009031][    T1] usb usb3: Manufacturer: Linux 5.17.0-rc6-next-20220303-gf8b8faa5cc20-dirty vhci_hcd
[   19.010205][    T1] usb usb3: SerialNumber: vhci_hcd.0
[   19.011872][    T1] hub 3-0:1.0: USB hub found
[   19.012522][    T1] hub 3-0:1.0: 8 ports detected
[   19.016544][    T1] vhci_hcd vhci_hcd.1: USB/IP Virtual Host Controller
[   19.017804][    T1] vhci_hcd vhci_hcd.1: new USB bus registered, assigned bus number 4
[   19.019128][    T1] usb usb4: New USB device found, idVendor=1d6b, idProduct=0002, bcdDevice= 5.17
[   19.020255][    T1] usb usb4: New USB device strings: Mfr=3, Product=2, SerialNumber=1
[   19.021242][    T1] usb usb4: Product: USB/IP Virtual Host Controller
[   19.022060][    T1] usb usb4: Manufacturer: Linux 5.17.0-rc6-next-20220303-gf8b8faa5cc20-dirty vhci_hcd
[   19.023237][    T1] usb usb4: SerialNumber: vhci_hcd.1
[   19.024878][    T1] hub 4-0:1.0: USB hub found
[   19.025530][    T1] hub 4-0:1.0: 8 ports detected
[   19.028762][    T1] vhci_hcd vhci_hcd.1: USB/IP Virtual Host Controller
[   19.029916][    T1] vhci_hcd vhci_hcd.1: new USB bus registered, assigned bus number 5
[   19.031044][    T1] usb usb5: We don't know the algorithms for LPM for this host, disabling LPM.
[   19.032416][    T1] usb usb5: New USB device found, idVendor=1d6b, idProduct=0003, bcdDevice= 5.17
[   19.033543][    T1] usb usb5: New USB device strings: Mfr=3, Product=2, SerialNumber=1
[   19.034537][    T1] usb usb5: Product: USB/IP Virtual Host Controller
[   19.035342][    T1] usb usb5: Manufacturer: Linux 5.17.0-rc6-next-20220303-gf8b8faa5cc20-dirty vhci_hcd
[   19.036513][    T1] usb usb5: SerialNumber: vhci_hcd.1
[   19.038169][    T1] hub 5-0:1.0: USB hub found
[   19.038813][    T1] hub 5-0:1.0: 8 ports detected
[   19.042768][    T1] vhci_hcd vhci_hcd.2: USB/IP Virtual Host Controller
[   19.043925][    T1] vhci_hcd vhci_hcd.2: new USB bus registered, assigned bus number 6
[   19.045243][    T1] usb usb6: New USB device found, idVendor=1d6b, idProduct=0002, bcdDevice= 5.17
[   19.046371][    T1] usb usb6: New USB device strings: Mfr=3, Product=2, SerialNumber=1
[   19.047394][    T1] usb usb6: Product: USB/IP Virtual Host Controller
[   19.048200][    T1] usb usb6: Manufacturer: Linux 5.17.0-rc6-next-20220303-gf8b8faa5cc20-dirty vhci_hcd
[   19.049367][    T1] usb usb6: SerialNumber: vhci_hcd.2
[   19.051015][    T1] hub 6-0:1.0: USB hub found
[   19.051654][    T1] hub 6-0:1.0: 8 ports detected
[   19.054867][    T1] vhci_hcd vhci_hcd.2: USB/IP Virtual Host Controller
[   19.056006][    T1] vhci_hcd vhci_hcd.2: new USB bus registered, assigned bus number 7
[   19.057162][    T1] usb usb7: We don't know the algorithms for LPM for this host, disabling LPM.
[   19.058545][    T1] usb usb7: New USB device found, idVendor=1d6b, idProduct=0003, bcdDevice= 5.17
[   19.059706][    T1] usb usb7: New USB device strings: Mfr=3, Product=2, SerialNumber=1
[   19.060724][    T1] usb usb7: Product: USB/IP Virtual Host Controller
[   19.061560][    T1] usb usb7: Manufacturer: Linux 5.17.0-rc6-next-20220303-gf8b8faa5cc20-dirty vhci_hcd
[   19.062764][    T1] usb usb7: SerialNumber: vhci_hcd.2
[   19.064448][    T1] hub 7-0:1.0: USB hub found
[   19.065113][    T1] hub 7-0:1.0: 8 ports detected
[   19.069157][    T1] vhci_hcd vhci_hcd.3: USB/IP Virtual Host Controller
[   19.070373][    T1] vhci_hcd vhci_hcd.3: new USB bus registered, assigned bus number 8
[   19.071751][    T1] usb usb8: New USB device found, idVendor=1d6b, idProduct=0002, bcdDevice= 5.17
[   19.072920][    T1] usb usb8: New USB device strings: Mfr=3, Product=2, SerialNumber=1
[   19.073958][    T1] usb usb8: Product: USB/IP Virtual Host Controller
[   19.074797][    T1] usb usb8: Manufacturer: Linux 5.17.0-rc6-next-20220303-gf8b8faa5cc20-dirty vhci_hcd
[   19.075997][    T1] usb usb8: SerialNumber: vhci_hcd.3
[   19.078101][    T1] hub 8-0:1.0: USB hub found
[   19.078774][    T1] hub 8-0:1.0: 8 ports detected
[   19.082046][    T1] vhci_hcd vhci_hcd.3: USB/IP Virtual Host Controller
[   19.083262][    T1] vhci_hcd vhci_hcd.3: new USB bus registered, assigned bus number 9
[   19.084447][    T1] usb usb9: We don't know the algorithms for LPM for this host, disabling LPM.
[   19.085903][    T1] usb usb9: New USB device found, idVendor=1d6b, idProduct=0003, bcdDevice= 5.17
[   19.087102][    T1] usb usb9: New USB device strings: Mfr=3, Product=2, SerialNumber=1
[   19.088137][    T1] usb usb9: Product: USB/IP Virtual Host Controller
[   19.088970][    T1] usb usb9: Manufacturer: Linux 5.17.0-rc6-next-20220303-gf8b8faa5cc20-dirty vhci_hcd
[   19.090188][    T1] usb usb9: SerialNumber: vhci_hcd.3
[   19.091864][    T1] hub 9-0:1.0: USB hub found
[   19.092527][    T1] hub 9-0:1.0: 8 ports detected
[   19.100225][    T1] vhci_hcd vhci_hcd.4: USB/IP Virtual Host Controller
[   19.101426][    T1] vhci_hcd vhci_hcd.4: new USB bus registered, assigned bus number 10
[   19.102802][    T1] usb usb10: New USB device found, idVendor=1d6b, idProduct=0002, bcdDevice= 5.17
[   19.103972][    T1] usb usb10: New USB device strings: Mfr=3, Product=2, SerialNumber=1
[   19.105000][    T1] usb usb10: Product: USB/IP Virtual Host Controller
[   19.105846][    T1] usb usb10: Manufacturer: Linux 5.17.0-rc6-next-20220303-gf8b8faa5cc20-dirty vhci_hcd
[   19.107102][    T1] usb usb10: SerialNumber: vhci_hcd.4
[   19.108871][    T1] hub 10-0:1.0: USB hub found
[   19.109562][    T1] hub 10-0:1.0: 8 ports detected
[   19.112811][    T1] vhci_hcd vhci_hcd.4: USB/IP Virtual Host Controller
[   19.113998][    T1] vhci_hcd vhci_hcd.4: new USB bus registered, assigned bus number 11
[   19.115178][    T1] usb usb11: We don't know the algorithms for LPM for this host, disabling LPM.
[   19.116599][    T1] usb usb11: New USB device found, idVendor=1d6b, idProduct=0003, bcdDevice= 5.17
[   19.117827][    T1] usb usb11: New USB device strings: Mfr=3, Product=2, SerialNumber=1
[   19.118863][    T1] usb usb11: Product: USB/IP Virtual Host Controller
[   19.119710][    T1] usb usb11: Manufacturer: Linux 5.17.0-rc6-next-20220303-gf8b8faa5cc20-dirty vhci_hcd
[   19.120927][    T1] usb usb11: SerialNumber: vhci_hcd.4
[   19.122644][    T1] hub 11-0:1.0: USB hub found
[   19.123327][    T1] hub 11-0:1.0: 8 ports detected
[   19.127409][    T1] vhci_hcd vhci_hcd.5: USB/IP Virtual Host Controller
[   19.128650][    T1] vhci_hcd vhci_hcd.5: new USB bus registered, assigned bus number 12
[   19.130044][    T1] usb usb12: New USB device found, idVendor=1d6b, idProduct=0002, bcdDevice= 5.17
[   19.131228][    T1] usb usb12: New USB device strings: Mfr=3, Product=2, SerialNumber=1
[   19.132263][    T1] usb usb12: Product: USB/IP Virtual Host Controller
[   19.133112][    T1] usb usb12: Manufacturer: Linux 5.17.0-rc6-next-20220303-gf8b8faa5cc20-dirty vhci_hcd
[   19.134324][    T1] usb usb12: SerialNumber: vhci_hcd.5
[   19.135985][    T1] hub 12-0:1.0: USB hub found
[   19.136668][    T1] hub 12-0:1.0: 8 ports detected
[   19.139979][    T1] vhci_hcd vhci_hcd.5: USB/IP Virtual Host Controller
[   19.141190][    T1] vhci_hcd vhci_hcd.5: new USB bus registered, assigned bus number 13
[   19.142391][    T1] usb usb13: We don't know the algorithms for LPM for this host, disabling LPM.
[   19.143810][    T1] usb usb13: New USB device found, idVendor=1d6b, idProduct=0003, bcdDevice= 5.17
[   19.144983][    T1] usb usb13: New USB device strings: Mfr=3, Product=2, SerialNumber=1
[   19.146024][    T1] usb usb13: Product: USB/IP Virtual Host Controller
[   19.146867][    T1] usb usb13: Manufacturer: Linux 5.17.0-rc6-next-20220303-gf8b8faa5cc20-dirty vhci_hcd
[   19.148120][    T1] usb usb13: SerialNumber: vhci_hcd.5
[   19.149792][    T1] hub 13-0:1.0: USB hub found
[   19.150471][    T1] hub 13-0:1.0: 8 ports detected
[   19.154432][    T1] vhci_hcd vhci_hcd.6: USB/IP Virtual Host Controller
[   19.155640][    T1] vhci_hcd vhci_hcd.6: new USB bus registered, assigned bus number 14
[   19.157060][    T1] usb usb14: New USB device found, idVendor=1d6b, idProduct=0002, bcdDevice= 5.17
[   19.158240][    T1] usb usb14: New USB device strings: Mfr=3, Product=2, SerialNumber=1
[   19.159274][    T1] usb usb14: Product: USB/IP Virtual Host Controller
[   19.160112][    T1] usb usb14: Manufacturer: Linux 5.17.0-rc6-next-20220303-gf8b8faa5cc20-dirty vhci_hcd
[   19.161341][    T1] usb usb14: SerialNumber: vhci_hcd.6
[   19.163050][    T1] hub 14-0:1.0: USB hub found
[   19.163964][    T1] hub 14-0:1.0: 8 ports detected
[   19.167247][    T1] vhci_hcd vhci_hcd.6: USB/IP Virtual Host Controller
[   19.168434][    T1] vhci_hcd vhci_hcd.6: new USB bus registered, assigned bus number 15
[   19.169624][    T1] usb usb15: We don't know the algorithms for LPM for this host, disabling LPM.
[   19.171054][    T1] usb usb15: New USB device found, idVendor=1d6b, idProduct=0003, bcdDevice= 5.17
[   19.172222][    T1] usb usb15: New USB device strings: Mfr=3, Product=2, SerialNumber=1
[   19.173263][    T1] usb usb15: Product: USB/IP Virtual Host Controller
[   19.174117][    T1] usb usb15: Manufacturer: Linux 5.17.0-rc6-next-20220303-gf8b8faa5cc20-dirty vhci_hcd
[   19.175344][    T1] usb usb15: SerialNumber: vhci_hcd.6
[   19.177076][    T1] hub 15-0:1.0: USB hub found
[   19.177791][    T1] hub 15-0:1.0: 8 ports detected
[   19.181775][    T1] vhci_hcd vhci_hcd.7: USB/IP Virtual Host Controller
[   19.182959][    T1] vhci_hcd vhci_hcd.7: new USB bus registered, assigned bus number 16
[   19.184341][    T1] usb usb16: New USB device found, idVendor=1d6b, idProduct=0002, bcdDevice= 5.17
[   19.185528][    T1] usb usb16: New USB device strings: Mfr=3, Product=2, SerialNumber=1
[   19.186564][    T1] usb usb16: Product: USB/IP Virtual Host Controller
[   19.187456][    T1] usb usb16: Manufacturer: Linux 5.17.0-rc6-next-20220303-gf8b8faa5cc20-dirty vhci_hcd
[   19.188690][    T1] usb usb16: SerialNumber: vhci_hcd.7
[   19.190436][    T1] hub 16-0:1.0: USB hub found
[   19.191115][    T1] hub 16-0:1.0: 8 ports detected
[   19.194398][    T1] vhci_hcd vhci_hcd.7: USB/IP Virtual Host Controller
[   19.195610][    T1] vhci_hcd vhci_hcd.7: new USB bus registered, assigned bus number 17
[   19.196784][    T1] usb usb17: We don't know the algorithms for LPM for this host, disabling LPM.
[   19.198263][    T1] usb usb17: New USB device found, idVendor=1d6b, idProduct=0003, bcdDevice= 5.17
[   19.199442][    T1] usb usb17: New USB device strings: Mfr=3, Product=2, SerialNumber=1
[   19.200473][    T1] usb usb17: Product: USB/IP Virtual Host Controller
[   19.201318][    T1] usb usb17: Manufacturer: Linux 5.17.0-rc6-next-20220303-gf8b8faa5cc20-dirty vhci_hcd
[   19.202535][    T1] usb usb17: SerialNumber: vhci_hcd.7
[   19.204212][    T1] hub 17-0:1.0: USB hub found
[   19.204890][    T1] hub 17-0:1.0: 8 ports detected
[   19.208882][    T1] vhci_hcd vhci_hcd.8: USB/IP Virtual Host Controller
[   19.210082][    T1] vhci_hcd vhci_hcd.8: new USB bus registered, assigned bus number 18
[   19.211458][    T1] usb usb18: New USB device found, idVendor=1d6b, idProduct=0002, bcdDevice= 5.17
[   19.212629][    T1] usb usb18: New USB device strings: Mfr=3, Product=2, SerialNumber=1
[   19.213664][    T1] usb usb18: Product: USB/IP Virtual Host Controller
[   19.214519][    T1] usb usb18: Manufacturer: Linux 5.17.0-rc6-next-20220303-gf8b8faa5cc20-dirty vhci_hcd
[   19.215739][    T1] usb usb18: SerialNumber: vhci_hcd.8
[   19.217413][    T1] hub 18-0:1.0: USB hub found
[   19.218097][    T1] hub 18-0:1.0: 8 ports detected
[   19.221423][    T1] vhci_hcd vhci_hcd.8: USB/IP Virtual Host Controller
[   19.222616][    T1] vhci_hcd vhci_hcd.8: new USB bus registered, assigned bus number 19
[   19.223791][    T1] usb usb19: We don't know the algorithms for LPM for this host, disabling LPM.
[   19.225219][    T1] usb usb19: New USB device found, idVendor=1d6b, idProduct=0003, bcdDevice= 5.17
[   19.226397][    T1] usb usb19: New USB device strings: Mfr=3, Product=2, SerialNumber=1
[   19.227469][    T1] usb usb19: Product: USB/IP Virtual Host Controller
[   19.228320][    T1] usb usb19: Manufacturer: Linux 5.17.0-rc6-next-20220303-gf8b8faa5cc20-dirty vhci_hcd
[   19.229550][    T1] usb usb19: SerialNumber: vhci_hcd.8
[   19.231223][    T1] hub 19-0:1.0: USB hub found
[   19.231908][    T1] hub 19-0:1.0: 8 ports detected
[   19.235886][    T1] vhci_hcd vhci_hcd.9: USB/IP Virtual Host Controller
[   19.237456][    T1] vhci_hcd vhci_hcd.9: new USB bus registered, assigned bus number 20
[   19.238824][    T1] usb usb20: New USB device found, idVendor=1d6b, idProduct=0002, bcdDevice= 5.17
[   19.239947][    T1] usb usb20: New USB device strings: Mfr=3, Product=2, SerialNumber=1
[   19.240939][    T1] usb usb20: Product: USB/IP Virtual Host Controller
[   19.241762][    T1] usb usb20: Manufacturer: Linux 5.17.0-rc6-next-20220303-gf8b8faa5cc20-dirty vhci_hcd
[   19.242933][    T1] usb usb20: SerialNumber: vhci_hcd.9
[   19.244632][    T1] hub 20-0:1.0: USB hub found
[   19.245300][    T1] hub 20-0:1.0: 8 ports detected
[   19.248644][    T1] vhci_hcd vhci_hcd.9: USB/IP Virtual Host Controller
[   19.249803][    T1] vhci_hcd vhci_hcd.9: new USB bus registered, assigned bus number 21
[   19.250939][    T1] usb usb21: We don't know the algorithms for LPM for this host, disabling LPM.
[   19.252344][    T1] usb usb21: New USB device found, idVendor=1d6b, idProduct=0003, bcdDevice= 5.17
[   19.253489][    T1] usb usb21: New USB device strings: Mfr=3, Product=2, SerialNumber=1
[   19.254499][    T1] usb usb21: Product: USB/IP Virtual Host Controller
[   19.255326][    T1] usb usb21: Manufacturer: Linux 5.17.0-rc6-next-20220303-gf8b8faa5cc20-dirty vhci_hcd
[   19.256523][    T1] usb usb21: SerialNumber: vhci_hcd.9
[   19.258318][    T1] hub 21-0:1.0: USB hub found
[   19.258974][    T1] hub 21-0:1.0: 8 ports detected
[   19.264872][    T1] vhci_hcd vhci_hcd.10: USB/IP Virtual Host Controller
[   19.266369][    T1] vhci_hcd vhci_hcd.10: new USB bus registered, assigned bus number 22
[   19.268603][    T1] usb usb22: New USB device found, idVendor=1d6b, idProduct=0002, bcdDevice= 5.17
[   19.269767][    T1] usb usb22: New USB device strings: Mfr=3, Product=2, SerialNumber=1
[   19.270730][    T1] usb usb22: Product: USB/IP Virtual Host Controller
[   19.271508][    T1] usb usb22: Manufacturer: Linux 5.17.0-rc6-next-20220303-gf8b8faa5cc20-dirty vhci_hcd
[   19.272828][    T1] usb usb22: SerialNumber: vhci_hcd.10
[   19.274867][    T1] hub 22-0:1.0: USB hub found
[   19.275589][    T1] hub 22-0:1.0: 8 ports detected
[   19.280229][    T1] vhci_hcd vhci_hcd.10: USB/IP Virtual Host Controller
[   19.281466][    T1] vhci_hcd vhci_hcd.10: new USB bus registered, assigned bus number 23
[   19.282712][    T1] usb usb23: We don't know the algorithms for LPM for this host, disabling LPM.
[   19.284050][    T1] usb usb23: New USB device found, idVendor=1d6b, idProduct=0003, bcdDevice= 5.17
[   19.285141][    T1] usb usb23: New USB device strings: Mfr=3, Product=2, SerialNumber=1
[   19.286217][    T1] usb usb23: Product: USB/IP Virtual Host Controller
[   19.287389][    T1] usb usb23: Manufacturer: Linux 5.17.0-rc6-next-20220303-gf8b8faa5cc20-dirty vhci_hcd
[   19.288699][    T1] usb usb23: SerialNumber: vhci_hcd.10
[   19.290832][    T1] hub 23-0:1.0: USB hub found
[   19.291631][    T1] hub 23-0:1.0: 8 ports detected
[   19.296439][    T1] vhci_hcd vhci_hcd.11: USB/IP Virtual Host Controller
[   19.297694][    T1] vhci_hcd vhci_hcd.11: new USB bus registered, assigned bus number 24
[   19.299162][    T1] usb usb24: New USB device found, idVendor=1d6b, idProduct=0002, bcdDevice= 5.17
[   19.300456][    T1] usb usb24: New USB device strings: Mfr=3, Product=2, SerialNumber=1
[   19.301615][    T1] usb usb24: Product: USB/IP Virtual Host Controller
[   19.302556][    T1] usb usb24: Manufacturer: Linux 5.17.0-rc6-next-20220303-gf8b8faa5cc20-dirty vhci_hcd
[   19.303951][    T1] usb usb24: SerialNumber: vhci_hcd.11
[   19.306004][    T1] hub 24-0:1.0: USB hub found
[   19.306770][    T1] hub 24-0:1.0: 8 ports detected
[   19.310687][    T1] vhci_hcd vhci_hcd.11: USB/IP Virtual Host Controller
[   19.311796][    T1] vhci_hcd vhci_hcd.11: new USB bus registered, assigned bus number 25
[   19.313057][    T1] usb usb25: We don't know the algorithms for LPM for this host, disabling LPM.
[   19.314666][    T1] usb usb25: New USB device found, idVendor=1d6b, idProduct=0003, bcdDevice= 5.17
[   19.315937][    T1] usb usb25: New USB device strings: Mfr=3, Product=2, SerialNumber=1
[   19.317161][    T1] usb usb25: Product: USB/IP Virtual Host Controller
[   19.318144][    T1] usb usb25: Manufacturer: Linux 5.17.0-rc6-next-20220303-gf8b8faa5cc20-dirty vhci_hcd
[   19.319541][    T1] usb usb25: SerialNumber: vhci_hcd.11
[   19.321311][    T1] hub 25-0:1.0: USB hub found
[   19.322086][    T1] hub 25-0:1.0: 8 ports detected
[   19.326302][    T1] vhci_hcd vhci_hcd.12: USB/IP Virtual Host Controller
[   19.327483][    T1] vhci_hcd vhci_hcd.12: new USB bus registered, assigned bus number 26
[   19.328833][    T1] usb usb26: New USB device found, idVendor=1d6b, idProduct=0002, bcdDevice= 5.17
[   19.329969][    T1] usb usb26: New USB device strings: Mfr=3, Product=2, SerialNumber=1
[   19.330963][    T1] usb usb26: Product: USB/IP Virtual Host Controller
[   19.331778][    T1] usb usb26: Manufacturer: Linux 5.17.0-rc6-next-20220303-gf8b8faa5cc20-dirty vhci_hcd
[   19.332958][    T1] usb usb26: SerialNumber: vhci_hcd.12
[   19.334592][    T1] hub 26-0:1.0: USB hub found
[   19.335260][    T1] hub 26-0:1.0: 8 ports detected
[   19.338588][    T1] vhci_hcd vhci_hcd.12: USB/IP Virtual Host Controller
[   19.339768][    T1] vhci_hcd vhci_hcd.12: new USB bus registered, assigned bus number 27
[   19.340919][    T1] usb usb27: We don't know the algorithms for LPM for this host, disabling LPM.
[   19.342303][    T1] usb usb27: New USB device found, idVendor=1d6b, idProduct=0003, bcdDevice= 5.17
[   19.343442][    T1] usb usb27: New USB device strings: Mfr=3, Product=2, SerialNumber=1
[   19.344443][    T1] usb usb27: Product: USB/IP Virtual Host Controller
[   19.345253][    T1] usb usb27: Manufacturer: Linux 5.17.0-rc6-next-20220303-gf8b8faa5cc20-dirty vhci_hcd
[   19.346444][    T1] usb usb27: SerialNumber: vhci_hcd.12
[   19.348255][    T1] hub 27-0:1.0: USB hub found
[   19.348921][    T1] hub 27-0:1.0: 8 ports detected
[   19.353237][    T1] vhci_hcd vhci_hcd.13: USB/IP Virtual Host Controller
[   19.354553][    T1] vhci_hcd vhci_hcd.13: new USB bus registered, assigned bus number 28
[   19.355943][    T1] usb usb28: New USB device found, idVendor=1d6b, idProduct=0002, bcdDevice= 5.17
[   19.357106][    T1] usb usb28: New USB device strings: Mfr=3, Product=2, SerialNumber=1
[   19.358127][    T1] usb usb28: Product: USB/IP Virtual Host Controller
[   19.358946][    T1] usb usb28: Manufacturer: Linux 5.17.0-rc6-next-20220303-gf8b8faa5cc20-dirty vhci_hcd
[   19.360116][    T1] usb usb28: SerialNumber: vhci_hcd.13
[   19.361865][    T1] hub 28-0:1.0: USB hub found
[   19.362531][    T1] hub 28-0:1.0: 8 ports detected
[   19.365875][    T1] vhci_hcd vhci_hcd.13: USB/IP Virtual Host Controller
[   19.367644][    T1] vhci_hcd vhci_hcd.13: new USB bus registered, assigned bus number 29
[   19.368791][    T1] usb usb29: We don't know the algorithms for LPM for this host, disabling LPM.
[   19.370197][    T1] usb usb29: New USB device found, idVendor=1d6b, idProduct=0003, bcdDevice= 5.17
[   19.371330][    T1] usb usb29: New USB device strings: Mfr=3, Product=2, SerialNumber=1
[   19.372329][    T1] usb usb29: Product: USB/IP Virtual Host Controller
[   19.373137][    T1] usb usb29: Manufacturer: Linux 5.17.0-rc6-next-20220303-gf8b8faa5cc20-dirty vhci_hcd
[   19.374318][    T1] usb usb29: SerialNumber: vhci_hcd.13
[   19.375937][    T1] hub 29-0:1.0: USB hub found
[   19.376578][    T1] hub 29-0:1.0: 8 ports detected
[   19.380569][    T1] vhci_hcd vhci_hcd.14: USB/IP Virtual Host Controller
[   19.381718][    T1] vhci_hcd vhci_hcd.14: new USB bus registered, assigned bus number 30
[   19.383051][    T1] usb usb30: New USB device found, idVendor=1d6b, idProduct=0002, bcdDevice= 5.17
[   19.384176][    T1] usb usb30: New USB device strings: Mfr=3, Product=2, SerialNumber=1
[   19.385174][    T1] usb usb30: Product: USB/IP Virtual Host Controller
[   19.386005][    T1] usb usb30: Manufacturer: Linux 5.17.0-rc6-next-20220303-gf8b8faa5cc20-dirty vhci_hcd
[   19.387286][    T1] usb usb30: SerialNumber: vhci_hcd.14
[   19.388927][    T1] hub 30-0:1.0: USB hub found
[   19.389653][    T1] hub 30-0:1.0: 8 ports detected
[   19.392667][ T1656] kworker/u4:3 (1656) used greatest stack depth: 27424 bytes left
[   19.392964][    T1] vhci_hcd vhci_hcd.14: USB/IP Virtual Host Controller
[   19.394979][    T1] vhci_hcd vhci_hcd.14: new USB bus registered, assigned bus number 31
[   19.396128][    T1] usb usb31: We don't know the algorithms for LPM for this host, disabling LPM.
[   19.397579][    T1] usb usb31: New USB device found, idVendor=1d6b, idProduct=0003, bcdDevice= 5.17
[   19.398715][    T1] usb usb31: New USB device strings: Mfr=3, Product=2, SerialNumber=1
[   19.399740][    T1] usb usb31: Product: USB/IP Virtual Host Controller
[   19.400552][    T1] usb usb31: Manufacturer: Linux 5.17.0-rc6-next-20220303-gf8b8faa5cc20-dirty vhci_hcd
[   19.401712][    T1] usb usb31: SerialNumber: vhci_hcd.14
[   19.403479][    T1] hub 31-0:1.0: USB hub found
[   19.404146][    T1] hub 31-0:1.0: 8 ports detected
[   19.408378][    T1] vhci_hcd vhci_hcd.15: USB/IP Virtual Host Controller
[   19.409598][    T1] vhci_hcd vhci_hcd.15: new USB bus registered, assigned bus number 32
[   19.410948][    T1] usb usb32: New USB device found, idVendor=1d6b, idProduct=0002, bcdDevice= 5.17
[   19.412082][    T1] usb usb32: New USB device strings: Mfr=3, Product=2, SerialNumber=1
[   19.413086][    T1] usb usb32: Product: USB/IP Virtual Host Controller
[   19.413912][    T1] usb usb32: Manufacturer: Linux 5.17.0-rc6-next-20220303-gf8b8faa5cc20-dirty vhci_hcd
[   19.415088][    T1] usb usb32: SerialNumber: vhci_hcd.15
[   19.416812][    T1] hub 32-0:1.0: USB hub found
[   19.417552][    T1] hub 32-0:1.0: 8 ports detected
[   19.421026][    T1] vhci_hcd vhci_hcd.15: USB/IP Virtual Host Controller
[   19.422181][    T1] vhci_hcd vhci_hcd.15: new USB bus registered, assigned bus number 33
[   19.423495][    T1] usb usb33: We don't know the algorithms for LPM for this host, disabling LPM.
[   19.425190][    T1] usb usb33: New USB device found, idVendor=1d6b, idProduct=0003, bcdDevice= 5.17
[   19.426605][    T1] usb usb33: New USB device strings: Mfr=3, Product=2, SerialNumber=1
[   19.427893][    T1] usb usb33: Product: USB/IP Virtual Host Controller
[   19.428918][    T1] usb usb33: Manufacturer: Linux 5.17.0-rc6-next-20220303-gf8b8faa5cc20-dirty vhci_hcd
[   19.430365][    T1] usb usb33: SerialNumber: vhci_hcd.15
[   19.432165][    T1] hub 33-0:1.0: USB hub found
[   19.432958][    T1] hub 33-0:1.0: 8 ports detected
[   19.437330][    T1] usbcore: registered new device driver usbip-host
[   19.439794][    T1] i8042: PNP: PS/2 Controller [PNP0303:KBD,PNP0f13:MOU] at 0x60,0x64 irq 1,12
[   19.443306][    T1] serio: i8042 KBD port at 0x60,0x64 irq 1
[   19.444779][    T1] serio: i8042 AUX port at 0x60,0x64 irq 12
[   19.447279][    T1] mousedev: PS/2 mouse device common for all mice
[   19.449818][    T1] usbcore: registered new interface driver appletouch
[   19.450263][  T138] input: AT Translated Set 2 keyboard as /devices/platform/i8042/serio0/input/input1
[   19.451012][    T1] usbcore: registered new interface driver bcm5974
[   19.453258][    T1] usbcore: registered new interface driver synaptics_usb
[   19.454546][    T1] usbcore: registered new interface driver iforce
[   19.458402][    T1] usbcore: registered new interface driver xpad
[   19.459605][    T1] usbcore: registered new interface driver usb_acecad
[   19.460827][    T1] usbcore: registered new interface driver aiptek
[   19.461992][    T1] usbcore: registered new interface driver hanwang
[   19.463180][    T1] usbcore: registered new interface driver kbtab
[   19.464342][    T1] usbcore: registered new interface driver pegasus_notetaker
[   19.465796][    T1] usbcore: registered new interface driver usbtouchscreen
[   19.467489][    T1] usbcore: registered new interface driver sur40
[   19.468565][    T1] usbcore: registered new interface driver ati_remote2
[   19.469582][    T1] cm109: Keymap for Komunikate KIP1000 phone loaded
[   19.470754][    T1] usbcore: registered new interface driver cm109
[   19.471707][    T1] cm109: CM109 phone driver: 20080805 (C) Alfred E. Heggestad
[   19.472956][    T1] usbcore: registered new interface driver ims_pcu
[   19.474075][    T1] usbcore: registered new interface driver keyspan_remote
[   19.475247][    T1] usbcore: registered new interface driver powermate
[   19.476675][    T1] usbcore: registered new interface driver yealink
[   19.479906][    T1] rtc_cmos 00:05: RTC can wake from S4
[   19.483065][    T1] rtc_cmos 00:05: registered as rtc0
[   19.483874][    T1] rtc_cmos 00:05: alarms up to one day, y3k, 242 bytes nvram, hpet irqs
[   19.485350][    T1] i2c_dev: i2c /dev entries driver
[   19.486449][    T1] usbcore: registered new interface driver i2c-diolan-u2c
[   19.488414][    T1] usbcore: registered new interface driver RobotFuzz Open Source InterFace, OSIF
[   19.489912][    T1] usbcore: registered new interface driver i2c-tiny-usb
[   19.491627][    T1] usbcore: registered new interface driver igorplugusb
[   19.492776][    T1] usbcore: registered new interface driver iguanair
[   19.493920][    T1] usbcore: registered new interface driver imon
[   19.495027][    T1] usbcore: registered new interface driver mceusb
[   19.496332][    T1] usbcore: registered new interface driver redrat3
[   19.498605][    T1] usbcore: registered new interface driver streamzap
[   19.499753][    T1] usbcore: registered new interface driver ttusbir
[   19.500732][    T1] usbcore: registered new interface driver ati_remote
[   19.501839][    T1] b2c2-flexcop: B2C2 FlexcopII/II(b)/III digital TV receiver chip loaded successfully
[   19.503533][    T1] usbcore: registered new interface driver ttusb-dec
[   19.504674][    T1] usbcore: registered new interface driver ttusb
[   19.505595][    T1] usbcore: registered new interface driver dvb_usb_vp7045
[   19.506592][    T1] usbcore: registered new interface driver dvb_usb_vp702x
[   19.507660][    T1] usbcore: registered new interface driver dvb_usb_gp8psk
[   19.508683][    T1] usbcore: registered new interface driver dvb_usb_dtt200u
[   19.509703][    T1] usbcore: registered new interface driver dvb_usb_a800
[   19.510872][    T1] usbcore: registered new interface driver dvb_usb_dibusb_mb
[   19.512091][    T1] usbcore: registered new interface driver dvb_usb_dibusb_mc
[   19.513361][    T1] usbcore: registered new interface driver dvb_usb_nova_t_usb2
[   19.514629][    T1] usbcore: registered new interface driver dvb_usb_umt_010
[   19.515890][    T1] usbcore: registered new interface driver dvb_usb_m920x
[   19.517119][    T1] usbcore: registered new interface driver dvb_usb_digitv
[   19.518369][    T1] usbcore: registered new interface driver dvb_usb_cxusb
[   19.519619][    T1] usbcore: registered new interface driver dvb_usb_ttusb2
[   19.520971][    T1] usbcore: registered new interface driver dvb_usb_dib0700
[   19.522241][    T1] usbcore: registered new interface driver opera1
[   19.523404][    T1] usbcore: registered new interface driver dvb_usb_af9005
[   19.524674][    T1] usbcore: registered new interface driver pctv452e
[   19.525918][    T1] usbcore: registered new interface driver dw2102
[   19.526878][    T1] usbcore: registered new interface driver dvb_usb_dtv5100
[   19.529434][    T1] usbcore: registered new interface driver cinergyT2
[   19.530538][    T1] usbcore: registered new interface driver dvb_usb_az6027
[   19.531770][    T1] usbcore: registered new interface driver dvb_usb_technisat_usb2
[   19.532951][    T1] usbcore: registered new interface driver dvb_usb_af9015
[   19.533992][    T1] usbcore: registered new interface driver dvb_usb_af9035
[   19.535209][    T1] usbcore: registered new interface driver dvb_usb_anysee
[   19.536211][    T1] usbcore: registered new interface driver dvb_usb_au6610
[   19.537266][    T1] usbcore: registered new interface driver dvb_usb_az6007
[   19.538284][    T1] usbcore: registered new interface driver dvb_usb_ce6230
[   19.539528][    T1] usbcore: registered new interface driver dvb_usb_ec168
[   19.540632][    T1] usbcore: registered new interface driver dvb_usb_lmedm04
[   19.541876][    T1] usbcore: registered new interface driver dvb_usb_gl861
[   19.543083][    T1] usbcore: registered new interface driver dvb_usb_mxl111sf
[   19.544412][    T1] usbcore: registered new interface driver dvb_usb_rtl28xxu
[   19.545710][    T1] usbcore: registered new interface driver dvb_usb_dvbsky
[   19.546988][    T1] usbcore: registered new interface driver zd1301
[   19.547933][    T1] usbcore: registered new interface driver smsusb
[   19.549073][    T1] usbcore: registered new interface driver b2c2_flexcop_usb
[   19.550151][    T1] usbcore: registered new interface driver zr364xx
[   19.551080][    T1] usbcore: registered new interface driver stkwebcam
[   19.552088][    T1] usbcore: registered new interface driver s2255
[   19.553181][    T1] usbcore: registered new interface driver Abilis Systems as10x usb driver
[   19.554629][    T1] usbcore: registered new interface driver airspy
[   19.555548][    T1] gspca_main: v2.14.0 registered
[   19.556459][    T1] usbcore: registered new interface driver benq
[   19.557633][    T1] usbcore: registered new interface driver conex
[   19.558763][    T1] usbcore: registered new interface driver cpia1
[   19.559886][    T1] usbcore: registered new interface driver dtcs033
[   19.560948][    T1] usbcore: registered new interface driver etoms
[   19.561861][    T1] usbcore: registered new interface driver finepix
[   19.562986][    T1] usbcore: registered new interface driver jeilinj
[   19.563938][    T1] usbcore: registered new interface driver jl2005bcd
[   19.564890][    T1] usbcore: registered new interface driver kinect
[   19.565797][    T1] usbcore: registered new interface driver konica
[   19.566701][    T1] usbcore: registered new interface driver mars
[   19.567796][    T1] usbcore: registered new interface driver mr97310a
[   19.568743][    T1] usbcore: registered new interface driver nw80x
[   19.569668][    T1] usbcore: registered new interface driver ov519
[   19.570668][    T1] usbcore: registered new interface driver ov534
[   19.571685][    T1] usbcore: registered new interface driver ov534_9
[   19.572621][    T1] usbcore: registered new interface driver pac207
[   19.573686][    T1] usbcore: registered new interface driver gspca_pac7302
[   19.574775][    T1] usbcore: registered new interface driver pac7311
[   19.575841][    T1] usbcore: registered new interface driver se401
[   19.576731][    T1] usbcore: registered new interface driver sn9c2028
[   19.577771][    T1] usbcore: registered new interface driver gspca_sn9c20x
[   19.578898][    T1] usbcore: registered new interface driver sonixb
[   19.579825][    T1] usbcore: registered new interface driver sonixj
[   19.580882][    T1] usbcore: registered new interface driver spca500
[   19.582298][    T1] usbcore: registered new interface driver spca501
[   19.583362][    T1] usbcore: registered new interface driver spca505
[   19.584441][    T1] usbcore: registered new interface driver spca506
[   19.585530][    T1] usbcore: registered new interface driver spca508
[   19.586604][    T1] usbcore: registered new interface driver spca561
[   19.587746][    T1] usbcore: registered new interface driver spca1528
[   19.588869][    T1] usbcore: registered new interface driver sq905
[   19.589855][    T1] usbcore: registered new interface driver sq905c
[   19.590762][    T1] usbcore: registered new interface driver sq930x
[   19.591709][    T1] usbcore: registered new interface driver sunplus
[   19.592726][    T1] usbcore: registered new interface driver stk014
[   19.593820][    T1] usbcore: registered new interface driver stk1135
[   19.594878][    T1] usbcore: registered new interface driver stv0680
[   19.595990][    T1] usbcore: registered new interface driver t613
[   19.597085][    T1] usbcore: registered new interface driver gspca_topro
[   19.599096][    T1] usbcore: registered new interface driver touptek
[   19.600973][    T1] usbcore: registered new interface driver tv8532
[   19.602241][    T1] usbcore: registered new interface driver vc032x
[   19.603142][    T1] usbcore: registered new interface driver vicam
[   19.604061][    T1] usbcore: registered new interface driver xirlink-cit
[   19.605085][    T1] usbcore: registered new interface driver gspca_zc3xx
[   19.606084][    T1] usbcore: registered new interface driver ALi m5602
[   19.607173][    T1] usbcore: registered new interface driver STV06xx
[   19.608118][    T1] usbcore: registered new interface driver gspca_gl860
[   19.609097][    T1] usbcore: registered new interface driver hackrf
[   19.610034][    T1] usbcore: registered new interface driver msi2500
[   19.610993][    T1] usbcore: registered new interface driver Philips webcam
[   19.612116][    T1] usbcore: registered new interface driver uvcvideo
[   19.612925][    T1] au0828: au0828 driver loaded
[   19.613674][    T1] usbcore: registered new interface driver au0828
[   19.614455][    T1] cpia2: V4L-Driver for Vision CPiA2 based cameras v3.0.1
[   19.615460][    T1] usbcore: registered new interface driver cpia2
[   19.616400][    T1] usbcore: registered new interface driver cx231xx
[   19.617521][    T1] usbcore: registered new interface driver em28xx
[   19.618337][    T1] em28xx: Registered (Em28xx v4l2 Extension) extension
[   19.619170][    T1] em28xx: Registered (Em28xx Audio Extension) extension
[   19.620006][    T1] em28xx: Registered (Em28xx dvb Extension) extension
[   19.620825][    T1] em28xx: Registered (Em28xx Input Extension) extension
[   19.621824][    T1] usbcore: registered new interface driver go7007
[   19.622721][    T1] usbcore: registered new interface driver go7007-loader
[   19.623772][    T1] usbcore: registered new interface driver hdpvr
[   19.624986][    T1] usbcore: registered new interface driver pvrusb2
[   19.625817][    T1] pvrusb2: V4L in-tree version:Hauppauge WinTV-PVR-USB2 MPEG2 Encoder/Tuner
[   19.626878][    T1] pvrusb2: Debug mask is 31 (0x1f)
[   19.628344][    T1] usbcore: registered new interface driver stk1160
[   19.629308][    T1] usbcore: registered new interface driver tm6000
[   19.630275][    T1] usbcore: registered new interface driver usbtv
[   19.632688][    T1] dvbdev: DVB: registering new adapter (dvb_vidtv_bridge)
[   19.635326][    T1] i2c i2c-0: DVB: registering adapter 0 frontend 0 (Dummy demod for DVB-T/T2/C/S/S2)...
[   19.636731][    T1] dvbdev: dvb_create_media_entity: media entity 'Dummy demod for DVB-T/T2/C/S/S2' registered.
[   19.644192][    T1] dvbdev: dvb_create_media_entity: media entity 'dvb-demux' registered.
[   19.647183][    T1] vidtv vidtv.0: Successfully initialized vidtv!
[   19.649671][    T1] vicodec vicodec.0: Device 'stateful-encoder' registered as /dev/video0
[   19.650965][    T1] vicodec vicodec.0: Device 'stateful-decoder' registered as /dev/video1
[   19.652252][    T1] vicodec vicodec.0: Device 'stateless-decoder' registered as /dev/video2
[   19.654228][    T1] vim2m vim2m.0: Device registered as /dev/video0
[   19.666446][    T1] vivid-000: using single planar format API
[   19.677161][    T1] vivid-000: CEC adapter cec0 registered for HDMI input 0
[   19.678338][    T1] vivid-000: V4L2 capture device registered as video7
[   19.679443][    T1] vivid-000: CEC adapter cec1 registered for HDMI output 0
[   19.680601][    T1] vivid-000: V4L2 output device registered as video8
[   19.681679][    T1] vivid-000: V4L2 capture device registered as vbi0, supports raw and sliced VBI
[   19.683046][    T1] vivid-000: V4L2 output device registered as vbi1, supports raw and sliced VBI
[   19.684640][    T1] vivid-000: V4L2 capture device registered as swradio0
[   19.685828][    T1] vivid-000: V4L2 receiver device registered as radio0
[   19.686878][    T1] vivid-000: V4L2 transmitter device registered as radio1
[   19.689707][    T1] vivid-000: V4L2 metadata capture device registered as video9
[   19.690856][    T1] vivid-000: V4L2 metadata output device registered as video10
[   19.692015][    T1] vivid-000: V4L2 touch capture device registered as v4l-touch0
[   19.693688][    T1] usbcore: registered new interface driver radioshark2
[   19.694663][    T1] usbcore: registered new interface driver radioshark
[   19.695617][    T1] usbcore: registered new interface driver radio-si470x
[   19.696626][    T1] usbcore: registered new interface driver radio-usb-si4713
[   19.698317][    T1] usbcore: registered new interface driver dsbr100
[   19.699227][    T1] usbcore: registered new interface driver radio-keene
[   19.700185][    T1] usbcore: registered new interface driver radio-ma901
[   19.701154][    T1] usbcore: registered new interface driver radio-mr800
[   19.702093][    T1] usbcore: registered new interface driver radio-raremono
[   19.703529][    T1] usbcore: registered new interface driver pcwd_usb
[   19.705386][    T1] device-mapper: core: CONFIG_IMA_DISABLE_HTABLE is disabled. Duplicate IMA measurements will not be recorded in the IMA log.
[   19.708493][    T1] device-mapper: uevent: version 1.0.3
[   19.709906][    T1] device-mapper: ioctl: 4.46.0-ioctl (2022-02-22) initialised: dm-devel@redhat.com
[   19.711963][    T1] device-mapper: multipath round-robin: version 1.2.0 loaded
[   19.712861][    T1] device-mapper: multipath queue-length: version 0.2.0 loaded
[   19.713769][    T1] device-mapper: multipath service-time: version 0.3.0 loaded
[   19.715056][    T1] device-mapper: raid: Loading target version 1.15.1
[   19.716766][    T1] Bluetooth: HCI UART driver ver 2.3
[   19.717570][    T1] Bluetooth: HCI UART protocol H4 registered
[   19.718297][    T1] Bluetooth: HCI UART protocol BCSP registered
[   19.719101][    T1] Bluetooth: HCI UART protocol LL registered
[   19.719868][    T1] Bluetooth: HCI UART protocol Three-wire (H5) registered
[   19.720767][    T1] Bluetooth: HCI UART protocol QCA registered
[   19.721495][    T1] Bluetooth: HCI UART protocol AG6XX registered
[   19.722302][    T1] Bluetooth: HCI UART protocol Marvell registered
[   19.723243][    T1] usbcore: registered new interface driver bcm203x
[   19.724180][    T1] usbcore: registered new interface driver bpa10x
[   19.725100][    T1] usbcore: registered new interface driver bfusb
[   19.726043][    T1] usbcore: registered new interface driver btusb
[   19.727111][    T1] usbcore: registered new interface driver ath3k
[   19.728523][    T1] CAPI 2.0 started up with major 68 (middleware)
[   19.729299][    T1] Modular ISDN core version 1.1.29
[   19.730222][    T1] NET: Registered PF_ISDN protocol family
[   19.730916][    T1] DSP module 2.0
[   19.731347][    T1] mISDN_dsp: DSP clocks every 80 samples. This equals 1 jiffies.
[   19.740553][    T1] mISDN: Layer-1-over-IP driver Rev. 2.00
[   19.741719][    T1] 0 virtual devices registered
[   19.742514][    T1] usbcore: registered new interface driver HFC-S_USB
[   19.743340][    T1] VUB300 Driver rom wait states = 1C irqpoll timeout = 0400
[   19.744111][    T1] usbcore: registered new interface driver vub300
[   19.745929][    T1] usbcore: registered new interface driver ushc
[   19.749345][    T1] iscsi: registered transport (iser)
[   19.750607][    T1] SoftiWARP attached
[   19.751398][    T1] Driver 'memconsole' was unable to register with bus_type 'coreboot' because the bus was not initialized.
[   19.752761][    T1] Driver 'vpd' was unable to register with bus_type 'coreboot' because the bus was not initialized.
[   19.759024][    T1] hid: raw HID events driver (C) Jiri Kosina
[   19.771359][    T1] usbcore: registered new interface driver usbhid
[   19.772165][    T1] usbhid: USB HID core driver
[   19.774517][    T1] usbcore: registered new interface driver es2_ap_driver
[   19.775370][    T1] comedi: version 0.7.76 - http://www.comedi.org
[   19.776353][    T1] usbcore: registered new interface driver dt9812
[   19.779338][    T1] usbcore: registered new interface driver ni6501
[   19.780244][    T1] usbcore: registered new interface driver usbdux
[   19.781135][    T1] usbcore: registered new interface driver usbduxfast
[   19.782074][    T1] usbcore: registered new interface driver usbduxsigma
[   19.783035][    T1] usbcore: registered new interface driver vmk80xx
[   19.783990][    T1] usbcore: registered new interface driver prism2_usb
[   19.785041][    T1] usbcore: registered new interface driver r8712u
[   19.786709][    T1] ashmem: initialized
[   19.788273][    T1] greybus: registered new driver hid
[   19.789051][    T1] greybus: registered new driver gbphy
[   19.789795][    T1] gb_gbphy: registered new driver usb
[   19.790447][    T1] asus_wmi: ASUS WMI generic driver loaded
[   19.820766][    T1] usbcore: registered new interface driver snd-usb-audio
[   19.821786][    T1] usbcore: registered new interface driver snd-ua101
[   19.822743][    T1] usbcore: registered new interface driver snd-usb-usx2y
[   19.823737][    T1] usbcore: registered new interface driver snd-usb-us122l
[   19.824746][    T1] usbcore: registered new interface driver snd-usb-caiaq
[   19.825739][    T1] usbcore: registered new interface driver snd-usb-6fire
[   19.826748][    T1] usbcore: registered new interface driver snd-usb-hiface
[   19.828798][    T1] usbcore: registered new interface driver snd-bcd2000
[   19.829764][    T1] usbcore: registered new interface driver snd_usb_pod
[   19.830707][    T1] usbcore: registered new interface driver snd_usb_podhd
[   19.831670][    T1] usbcore: registered new interface driver snd_usb_toneport
[   19.832667][    T1] usbcore: registered new interface driver snd_usb_variax
[   19.833664][    T1] drop_monitor: Initializing network drop monitor service
[   19.834727][    T1] NET: Registered PF_LLC protocol family
[   19.835530][    T1] GACT probability on
[   19.836032][    T1] Mirror/redirect action on
[   19.836701][    T1] Simple TC action Loaded
[   19.839436][    T1] netem: version 1.3
[   19.840137][    T1] u32 classifier
[   19.840566][    T1]     Performance counters on
[   19.841124][    T1]     input device check on
[   19.841667][    T1]     Actions configured
[   19.849052][    T1] xt_time: kernel timezone is -0000
[   19.849768][    T1] IPVS: Registered protocols (TCP, UDP, SCTP, AH, ESP)
[   19.850793][    T1] IPVS: Connection hash table configured (size=4096, memory=64Kbytes)
[   19.852049][    T1] IPVS: ipvs loaded.
[   19.852535][    T1] IPVS: [rr] scheduler registered.
[   19.853149][    T1] IPVS: [wrr] scheduler registered.
[   19.853775][    T1] IPVS: [lc] scheduler registered.
[   19.854388][    T1] IPVS: [wlc] scheduler registered.
[   19.855011][    T1] IPVS: [fo] scheduler registered.
[   19.855622][    T1] IPVS: [ovf] scheduler registered.
[   19.856267][    T1] IPVS: [lblc] scheduler registered.
[   19.856913][    T1] IPVS: [lblcr] scheduler registered.
[   19.857622][    T1] IPVS: [dh] scheduler registered.
[   19.858248][    T1] IPVS: [sh] scheduler registered.
[   19.858865][    T1] IPVS: [mh] scheduler registered.
[   19.859483][    T1] IPVS: [sed] scheduler registered.
[   19.860105][    T1] IPVS: [nq] scheduler registered.
[   19.860723][    T1] IPVS: [twos] scheduler registered.
[   19.861431][    T1] IPVS: [sip] pe registered.
[   19.862070][    T1] ipip: IPv4 and MPLS over IPv4 tunneling driver
[   19.863792][    T1] gre: GRE over IPv4 demultiplexor driver
[   19.864489][    T1] ip_gre: GRE over IPv4 tunneling driver
[   19.867769][    T1] IPv4 over IPsec tunneling driver
[   19.869436][    T1] ipt_CLUSTERIP: ClusterIP Version 0.8 loaded successfully
[   19.870407][    T1] Initializing XFRM netlink socket
[   19.871093][    T1] IPsec XFRM device driver
[   19.872941][    T1] NET: Registered PF_INET6 protocol family
[   19.879225][    T1] Segment Routing with IPv6
[   19.879808][    T1] RPL Segment Routing with IPv6
[   19.880436][    T1] In-situ OAM (IOAM) with IPv6
[   19.881283][    T1] mip6: Mobile IPv6
[   19.883405][    T1] sit: IPv6, IPv4 and MPLS over IPv4 tunneling driver
[   19.886489][    T1] ip6_gre: GRE over IPv6 tunneling driver
[   19.889115][    T1] NET: Registered PF_PACKET protocol family
[   19.889884][    T1] NET: Registered PF_KEY protocol family
[   19.890953][    T1] Bridge firewalling registered
[   19.891945][    T1] NET: Registered PF_X25 protocol family
[   19.892725][    T1] X25: Linux Version 0.2
[   19.900054][    T1] NET: Registered PF_NETROM protocol family
[   19.910621][    T1] NET: Registered PF_ROSE protocol family
[   19.911440][    T1] NET: Registered PF_AX25 protocol family
[   19.912173][    T1] can: controller area network core
[   19.913064][    T1] NET: Registered PF_CAN protocol family
[   19.913769][    T1] can: raw protocol
[   19.914254][    T1] can: broadcast manager protocol
[   19.914870][    T1] can: netlink gateway - max_hops=1
