bash: warning: setlocale: LC_ALL: cannot change locale (en_US.UTF-8)
c[?7l[2J[0mSeaBIOS (version 1.16.2-debian-1.16.2-1)
Booting from ROM..c[?7l[2J[0m.early console in extract_kernel
input_data: 0x000000000d27c2bf
input_len: 0x0000000004b840db
output: 0x0000000001000000
output_len: 0x000000000eed0a90
kernel_total_size: 0x0000000010e26000
needed_size: 0x0000000011000000
trampoline_32bit: 0x000000000009d000

Decompressing Linux... Parsing ELF... done.
Booting the kernel.
[    0.000000][    T0] Linux version 6.1.0-rc7-g04aa64375f48-dirty (root@buildkitsandbox) (gcc (Debian 12.2.0-14+deb12u1) 12.2.0, GNU ld (GNU Binutils for Debian) 2.40) #1 SMP PREEMPT_DYNAMIC Mon May 25 15:40:15 UTC 2026
[    0.000000][    T0] Command line: console=ttyS0 oops=panic panic=86400 nokaslr earlyprintk=serial rdinit=/init
[    0.000000][    T0] KERNEL supported cpus:
[    0.000000][    T0]   Intel GenuineIntel
[    0.000000][    T0]   AMD AuthenticAMD
[    0.000000][    T0] x86/fpu: Supporting XSAVE feature 0x001: 'x87 floating point registers'
[    0.000000][    T0] x86/fpu: Supporting XSAVE feature 0x002: 'SSE registers'
[    0.000000][    T0] x86/fpu: Supporting XSAVE feature 0x004: 'AVX registers'
[    0.000000][    T0] x86/fpu: xstate_offset[2]:  576, xstate_sizes[2]:  256
[    0.000000][    T0] x86/fpu: Enabled xstate features 0x7, context size is 832 bytes, using 'compacted' format.
[    0.000000][    T0] signal: max sigframe size: 1776
[    0.000000][    T0] BIOS-provided physical RAM map:
[    0.000000][    T0] BIOS-e820: [mem 0x0000000000000000-0x000000000009fbff] usable
[    0.000000][    T0] BIOS-e820: [mem 0x000000000009fc00-0x000000000009ffff] reserved
[    0.000000][    T0] BIOS-e820: [mem 0x00000000000f0000-0x00000000000fffff] reserved
[    0.000000][    T0] BIOS-e820: [mem 0x0000000000100000-0x000000007ffdffff] usable
[    0.000000][    T0] BIOS-e820: [mem 0x000000007ffe0000-0x000000007fffffff] reserved
[    0.000000][    T0] BIOS-e820: [mem 0x00000000feffc000-0x00000000feffffff] reserved
[    0.000000][    T0] BIOS-e820: [mem 0x00000000fffc0000-0x00000000ffffffff] reserved
[    0.000000][    T0] BIOS-e820: [mem 0x000000fd00000000-0x000000ffffffffff] reserved
[    0.000000][    T0] printk: bootconsole [earlyser0] enabled
[    0.000000][    T0] NX (Execute Disable) protection: active
[    0.000000][    T0] SMBIOS 2.8 present.
[    0.000000][    T0] DMI: QEMU Standard PC (i440FX + PIIX, 1996), BIOS 1.16.2-debian-1.16.2-1 04/01/2014
[    0.000000][    T0] Hypervisor detected: KVM
[    0.000000][    T0] kvm-clock: Using msrs 4b564d01 and 4b564d00
[    0.000003][    T0] kvm-clock: using sched offset of 942384806 cycles
[    0.000743][    T0] clocksource: kvm-clock: mask: 0xffffffffffffffff max_cycles: 0x1cd42e4dffb, max_idle_ns: 881590591483 ns
[    0.002902][    T0] tsc: Detected 3493.436 MHz processor
[    0.007826][    T0] last_pfn = 0x7ffe0 max_arch_pfn = 0x400000000
[    0.008637][    T0] x86/PAT: Configuration [0-7]: WB  WC  UC- UC  WB  WP  UC- WT  
[    0.012584][    T0] found SMP MP-table at [mem 0x000f5ba0-0x000f5baf]
[    0.013399][    T0] Using GB pages for direct mapping
[    0.014753][    T0] RAMDISK: [mem 0x7fe8f000-0x7ffdffff]
[    0.015425][    T0] ACPI: Early table checksum verification disabled
[    0.016230][    T0] ACPI: RSDP 0x00000000000F59D0 000014 (v00 BOCHS )
[    0.017044][    T0] ACPI: RSDT 0x000000007FFE1B33 000034 (v01 BOCHS  BXPC     00000001 BXPC 00000001)
[    0.018200][    T0] ACPI: FACP 0x000000007FFE19DF 000074 (v01 BOCHS  BXPC     00000001 BXPC 00000001)
[    0.019359][    T0] ACPI: DSDT 0x000000007FFE0040 00199F (v01 BOCHS  BXPC     00000001 BXPC 00000001)
[    0.020534][    T0] ACPI: FACS 0x000000007FFE0000 000040
[    0.021215][    T0] ACPI: APIC 0x000000007FFE1A53 000080 (v01 BOCHS  BXPC     00000001 BXPC 00000001)
[    0.022361][    T0] ACPI: HPET 0x000000007FFE1AD3 000038 (v01 BOCHS  BXPC     00000001 BXPC 00000001)
[    0.023522][    T0] ACPI: WAET 0x000000007FFE1B0B 000028 (v01 BOCHS  BXPC     00000001 BXPC 00000001)
[    0.024684][    T0] ACPI: Reserving FACP table memory at [mem 0x7ffe19df-0x7ffe1a52]
[    0.025639][    T0] ACPI: Reserving DSDT table memory at [mem 0x7ffe0040-0x7ffe19de]
[    0.026598][    T0] ACPI: Reserving FACS table memory at [mem 0x7ffe0000-0x7ffe003f]
[    0.027550][    T0] ACPI: Reserving APIC table memory at [mem 0x7ffe1a53-0x7ffe1ad2]
[    0.028520][    T0] ACPI: Reserving HPET table memory at [mem 0x7ffe1ad3-0x7ffe1b0a]
[    0.029471][    T0] ACPI: Reserving WAET table memory at [mem 0x7ffe1b0b-0x7ffe1b32]
[    0.031189][    T0] No NUMA configuration found
[    0.031744][    T0] Faking a node at [mem 0x0000000000000000-0x000000007ffdffff]
[    0.032666][    T0] NODE_DATA(0) allocated [mem 0x7fe89000-0x7fe8efff]
[    0.037055][    T0] Zone ranges:
[    0.037485][    T0]   DMA      [mem 0x0000000000001000-0x0000000000ffffff]
[    0.038342][    T0]   DMA32    [mem 0x0000000001000000-0x000000007ffdffff]
[    0.039210][    T0]   Normal   empty
[    0.039657][    T0]   Device   empty
[    0.040110][    T0] Movable zone start for each node
[    0.040737][    T0] Early memory node ranges
[    0.041265][    T0]   node   0: [mem 0x0000000000001000-0x000000000009efff]
[    0.042117][    T0]   node   0: [mem 0x0000000000100000-0x000000007ffdffff]
[    0.042980][    T0] Initmem setup node 0 [mem 0x0000000000001000-0x000000007ffdffff]
[    0.043942][    T0] On node 0, zone DMA: 1 pages in unavailable ranges
[    0.044047][    T0] On node 0, zone DMA: 97 pages in unavailable ranges
[    0.056616][    T0] On node 0, zone DMA32: 32 pages in unavailable ranges
[    0.092036][    T0] kasan: KernelAddressSanitizer initialized
[    0.093906][    T0] ACPI: PM-Timer IO Port: 0x608
[    0.094514][    T0] ACPI: LAPIC_NMI (acpi_id[0xff] dfl dfl lint[0x1])
[    0.095363][    T0] IOAPIC[0]: apic_id 0, version 17, address 0xfec00000, GSI 0-23
[    0.096332][    T0] ACPI: INT_SRC_OVR (bus 0 bus_irq 0 global_irq 2 dfl dfl)
[    0.097208][    T0] ACPI: INT_SRC_OVR (bus 0 bus_irq 5 global_irq 5 high level)
[    0.098111][    T0] ACPI: INT_SRC_OVR (bus 0 bus_irq 9 global_irq 9 high level)
[    0.099031][    T0] ACPI: INT_SRC_OVR (bus 0 bus_irq 10 global_irq 10 high level)
[    0.099962][    T0] ACPI: INT_SRC_OVR (bus 0 bus_irq 11 global_irq 11 high level)
[    0.100923][    T0] ACPI: Using ACPI (MADT) for SMP configuration information
[    0.101816][    T0] ACPI: HPET id: 0x8086a201 base: 0xfed00000
[    0.102543][    T0] TSC deadline timer available
[    0.103130][    T0] smpboot: Allowing 2 CPUs, 0 hotplug CPUs
[    0.103881][    T0] kvm-guest: KVM setup pv remote TLB flush
[    0.104606][    T0] kvm-guest: setup PV sched yield
[    0.105258][    T0] PM: hibernation: Registered nosave memory: [mem 0x00000000-0x00000fff]
[    0.106282][    T0] PM: hibernation: Registered nosave memory: [mem 0x0009f000-0x0009ffff]
[    0.107306][    T0] PM: hibernation: Registered nosave memory: [mem 0x000a0000-0x000effff]
[    0.108336][    T0] PM: hibernation: Registered nosave memory: [mem 0x000f0000-0x000fffff]
[    0.109368][    T0] [mem 0x80000000-0xfeffbfff] available for PCI devices
[    0.110224][    T0] Booting paravirtualized kernel on KVM
[    0.110899][    T0] clocksource: refined-jiffies: mask: 0xffffffff max_cycles: 0xffffffff, max_idle_ns: 19112604462750000 ns
[    0.153679][    T0] setup_percpu: NR_CPUS:8 nr_cpumask_bits:2 nr_cpu_ids:2 nr_node_ids:1
[    0.155001][    T0] percpu: Embedded 69 pages/cpu s244360 r8192 d30072 u1048576
[    0.156040][    T0] kvm-guest: PV spinlocks enabled
[    0.156681][    T0] PV qspinlock hash table entries: 256 (order: 0, 4096 bytes, linear)
[    0.157737][    T0] Fallback order for Node 0: 0 
[    0.158353][    T0] Built 1 zonelists, mobility grouping on.  Total pages: 515808
[    0.159331][    T0] Policy zone: DMA32
[    0.159818][    T0] Kernel command line: console=ttyS0 oops=panic panic=86400 nokaslr earlyprintk=serial rdinit=/init
[    0.161778][    T0] random: crng init done
[    0.162568][    T0] Dentry cache hash table entries: 262144 (order: 9, 2097152 bytes, linear)
[    0.163718][    T0] Inode-cache hash table entries: 131072 (order: 8, 1048576 bytes, linear)
[    0.165113][    T0] mem auto-init: stack:off, heap alloc:on, heap free:off
[    0.166988][    T0] stackdepot hash table entries: 1048576 (order: 11, 8388608 bytes, linear)
[    0.263247][    T0] Memory: 1474100K/2096632K available (149535K kernel code, 36087K rwdata, 30672K rodata, 2760K init, 33984K bss, 622276K reserved, 0K cma-reserved)
[    0.265524][    T0] SLUB: HWalign=64, Order=0-3, MinObjects=0, CPUs=2, Nodes=1
[    0.267681][    T0] Dynamic Preempt: full
[    0.268570][    T0] Running RCU self tests
[    0.269125][    T0] rcu: Preemptible hierarchical RCU implementation.
[    0.269944][    T0] rcu: 	RCU lockdep checking is enabled.
[    0.270643][    T0] rcu: 	RCU restricting CPUs from NR_CPUS=8 to nr_cpu_ids=2.
[    0.271565][    T0] rcu: 	RCU callback double-/use-after-free debug is enabled.
[    0.272517][    T0] rcu: 	RCU debug extended QS entry/exit.
[    0.273242][    T0] 	Trampoline variant of Tasks RCU enabled.
[    0.273979][    T0] 	Tracing variant of Tasks RCU enabled.
[    0.274682][    T0] rcu: RCU calculated value of scheduler-enlistment delay is 10 jiffies.
[    0.275735][    T0] rcu: Adjusting geometry for rcu_fanout_leaf=16, nr_cpu_ids=2
[    0.303166][    T0] NR_IRQS: 4352, nr_irqs: 440, preallocated irqs: 16
[    0.304363][    T0] rcu: srcu_init: Setting srcu_struct sizes based on contention.
[    0.305534][    T0] kfence: initialized - using 2097152 bytes for 255 objects at 0x(____ptrval____)-0x(____ptrval____)
[    0.314841][    T0] Console: colour VGA+ 80x25
[    0.315449][    T0] printk: console [ttyS0] enabled
[    0.315449][    T0] printk: console [ttyS0] enabled
[    0.316702][    T0] printk: bootconsole [earlyser0] disabled
[    0.316702][    T0] printk: bootconsole [earlyser0] disabled
[    0.318150][    T0] Lock dependency validator: Copyright (c) 2006 Red Hat, Inc., Ingo Molnar
[    0.319215][    T0] ... MAX_LOCKDEP_SUBCLASSES:  8
[    0.319837][    T0] ... MAX_LOCK_DEPTH:          48
[    0.320474][    T0] ... MAX_LOCKDEP_KEYS:        8192
[    0.321123][    T0] ... CLASSHASH_SIZE:          4096
[    0.321762][    T0] ... MAX_LOCKDEP_ENTRIES:     131072
[    0.322429][    T0] ... MAX_LOCKDEP_CHAINS:      262144
[    0.323096][    T0] ... CHAINHASH_SIZE:          131072
[    0.323762][    T0]  memory used by lock dependency info: 20657 kB
[    0.324563][    T0]  memory used for stack traces: 8320 kB
[    0.325262][    T0]  per task-struct memory footprint: 1920 bytes
[    0.326107][    T0] ACPI: Core revision 20220331
[    0.327036][    T0] clocksource: hpet: mask: 0xffffffff max_cycles: 0xffffffff, max_idle_ns: 19112604467 ns
[    0.328484][    T0] APIC: Switch to symmetric I/O mode setup
[    0.329379][    T0] x2apic enabled
[    0.330036][    T0] Switched APIC routing to physical x2apic.
[    0.330771][    T0] kvm-guest: setup PV IPIs
[    0.332686][    T0] ..TIMER: vector=0x30 apic1=0 pin1=2 apic2=-1 pin2=-1
[    0.333536][    T0] tsc: Marking TSC unstable due to TSCs unsynchronized
[    0.334381][    T0] Calibrating delay loop (skipped) preset value.. 6986.87 BogoMIPS (lpj=34934360)
[    0.335495][    T0] pid_max: default: 32768 minimum: 301
[    0.336287][    T0] LSM: Security Framework initializing
[    0.336995][    T0] landlock: Up and running.
[    0.337543][    T0] Yama: becoming mindful.
[    0.338131][    T0] TOMOYO Linux initialized
[    0.344523][    T0] AppArmor: AppArmor initialized
[    0.345148][    T0] LSM support for eBPF active
[    0.345875][    T0] Mount-cache hash table entries: 4096 (order: 3, 32768 bytes, linear)
[    0.346886][    T0] Mountpoint-cache hash table entries: 4096 (order: 3, 32768 bytes, linear)
[    0.349471][    T0] x86/cpu: User Mode Instruction Prevention (UMIP) activated
[    0.350500][    T0] Last level iTLB entries: 4KB 512, 2MB 255, 4MB 127
[    0.351320][    T0] Last level dTLB entries: 4KB 512, 2MB 255, 4MB 127, 1GB 0
[    0.352238][    T0] Spectre V1 : Mitigation: usercopy/swapgs barriers and __user pointer sanitization
[    0.353361][    T0] Spectre V2 : Kernel not compiled with retpoline; no mitigation available!
[    0.353366][    T0] Spectre V2 : Vulnerable
[    0.354870][    T0] Spectre V2 : Spectre v2 / SpectreRSB mitigation: Filling RSB on context switch
[    0.355964][    T0] Spectre V2 : Enabling Speculation Barrier for firmware calls
[    0.356854][    T0] RETBleed: Mitigation: IBPB
[    0.357428][    T0] Spectre V2 : mitigation: Enabling conditional Indirect Branch Prediction Barrier
[    0.358561][    T0] Speculative Store Bypass: Mitigation: Speculative Store Bypass disabled via prctl
[    0.361345][    T0] Freeing SMP alternatives memory: 116K
[    0.362420][    T1] smpboot: CPU0: AMD Ryzen Threadripper PRO 3975WX 32-Cores (family: 0x17, model: 0x31, stepping: 0x0)
[    0.364361][    T1] cblist_init_generic: Setting adjustable number of callback queues.
[    0.364361][    T1] cblist_init_generic: Setting shift to 1 and lim to 1.
[    0.364361][    T1] cblist_init_generic: Setting shift to 1 and lim to 1.
[    0.364361][    T1] Running RCU-tasks wait API self tests
[    0.464704][    T1] Performance Events: Fam17h+ core perfctr, AMD PMU driver.
[    0.466547][    T1] ... version:                0
[    0.467637][    T1] ... bit width:              48
[    0.468738][    T1] ... generic registers:      6
[    0.469853][    T1] ... value mask:             0000ffffffffffff
[    0.471232][    T1] ... max period:             00007fffffffffff
[    0.472597][    T1] ... fixed-purpose events:   0
[    0.473717][    T1] ... event mask:             000000000000003f
[    0.475364][    T1] rcu: Hierarchical SRCU implementation.
[    0.476636][    T1] rcu: 	Max phase no-delay instances is 1000.
[    0.483375][    T1] smp: Bringing up secondary CPUs ...
[    0.485967][    T1] x86: Booting SMP configuration:
[    0.487119][    T1] .... node  #0, CPUs:      #1
[    0.488241][    T1] smp: Brought up 1 node, 2 CPUs
[    0.488241][    T1] smpboot: Max logical packages: 1
[    0.488241][    T1] smpboot: Total of 2 processors activated (13973.74 BogoMIPS)
[    0.495071][    T1] devtmpfs: initialized
[    0.496269][    T1] x86/mm: Memory block size: 128MB
[    0.514478][   T13] Callback from call_rcu_tasks_trace() invoked.
[    0.523181][    T1] clocksource: jiffies: mask: 0xffffffff max_cycles: 0xffffffff, max_idle_ns: 19112604462750000 ns
[    0.524573][    T1] futex hash table entries: 512 (order: 4, 65536 bytes, linear)
[    0.527101][    T1] PM: RTC time: 15:41:44, date: 2026-05-25
[    0.530561][    T1] NET: Registered PF_NETLINK/PF_ROUTE protocol family
[    0.532631][    T1] audit: initializing netlink subsys (disabled)
[    0.533491][   T26] audit: type=2000 audit(1779723705.444:1): state=initialized audit_enabled=0 res=1
[    0.534777][    T1] thermal_sys: Registered thermal governor 'step_wise'
[    0.535699][    T1] thermal_sys: Registered thermal governor 'user_space'
[    0.536619][    T1] cpuidle: using governor menu
[    0.538019][    T1] NET: Registered PF_QIPCRTR protocol family
[    0.539376][    T1] PCI: Using configuration type 1 for base access
[    0.539376][    T1] PCI: Using configuration type 1 for extended access
[    0.666493][    T1] HugeTLB: registered 1.00 GiB page size, pre-allocated 0 pages
[    0.666493][    T1] HugeTLB: 16380 KiB vmemmap can be freed for a 1.00 GiB page
[    0.666522][    T1] HugeTLB: registered 2.00 MiB page size, pre-allocated 0 pages
[    0.667501][    T1] HugeTLB: 28 KiB vmemmap can be freed for a 2.00 MiB page
[    0.674420][    T1] cryptd: max_cpu_qlen set to 1000
[    0.674420][    T1] raid6: skipped pq benchmark and selected avx2x4
[    0.674420][    T1] raid6: using avx2x2 recovery algorithm
[    0.675636][    T1] ACPI: Added _OSI(Module Device)
[    0.676241][    T1] ACPI: Added _OSI(Processor Device)
[    0.676930][    T1] ACPI: Added _OSI(3.0 _SCP Extensions)
[    0.677642][    T1] ACPI: Added _OSI(Processor Aggregator Device)
[    0.684727][   T12] Callback from call_rcu_tasks() invoked.
[    0.698585][    T1] ACPI: 1 ACPI AML tables successfully acquired and loaded
[    0.757063][    T1] ACPI: Interpreter enabled
[    0.757825][    T1] ACPI: PM: (supports S0 S3 S4 S5)
[    0.758437][    T1] ACPI: Using IOAPIC for interrupt routing
[    0.759400][    T1] PCI: Using host bridge windows from ACPI; if necessary, use "pci=nocrs" and report a bug
[    0.760567][    T1] PCI: Using E820 reservations for host bridge windows
[    0.762761][    T1] ACPI: Enabled 2 GPEs in block 00 to 0F
[    0.807140][    T1] ACPI: PCI Root Bridge [PCI0] (domain 0000 [bus 00-ff])
[    0.808022][    T1] acpi PNP0A03:00: _OSC: OS supports [ExtendedConfig ASPM ClockPM Segments MSI HPX-Type3]
[    0.810669][    T1] PCI host bridge to bus 0000:00
[    0.811269][    T1] pci_bus 0000:00: root bus resource [io  0x0000-0x0cf7 window]
[    0.812172][    T1] pci_bus 0000:00: root bus resource [io  0x0d00-0xffff window]
[    0.813074][    T1] pci_bus 0000:00: root bus resource [mem 0x000a0000-0x000bffff window]
[    0.814061][    T1] pci_bus 0000:00: root bus resource [mem 0x80000000-0xfebfffff window]
[    0.814554][    T1] pci_bus 0000:00: root bus resource [mem 0x100000000-0x17fffffff window]
[    0.815568][    T1] pci_bus 0000:00: root bus resource [bus 00-ff]
[    0.816636][    T1] pci 0000:00:00.0: [8086:1237] type 00 class 0x060000
[    0.830872][    T1] pci 0000:00:01.0: [8086:7000] type 00 class 0x060100
[    0.844954][    T1] pci 0000:00:01.1: [8086:7010] type 00 class 0x010180
[    0.847293][    T1] pci 0000:00:01.1: reg 0x20: [io  0xc000-0xc00f]
[    0.848720][    T1] pci 0000:00:01.1: legacy IDE quirk: reg 0x10: [io  0x01f0-0x01f7]
[    0.849796][    T1] pci 0000:00:01.1: legacy IDE quirk: reg 0x14: [io  0x03f6]
[    0.850792][    T1] pci 0000:00:01.1: legacy IDE quirk: reg 0x18: [io  0x0170-0x0177]
[    0.851830][    T1] pci 0000:00:01.1: legacy IDE quirk: reg 0x1c: [io  0x0376]
[    0.853217][    T1] pci 0000:00:01.3: [8086:7113] type 00 class 0x068000
[    0.854467][    T1] pci 0000:00:01.3: quirk: [io  0x0600-0x063f] claimed by PIIX4 ACPI
[    0.855428][    T1] pci 0000:00:01.3: quirk: [io  0x0700-0x070f] claimed by PIIX4 SMB
[    0.857140][    T1] pci 0000:00:02.0: [1234:1111] type 00 class 0x030000
[    0.859131][    T1] pci 0000:00:02.0: reg 0x10: [mem 0xfd000000-0xfdffffff pref]
[    0.861390][    T1] pci 0000:00:02.0: reg 0x18: [mem 0xfebf0000-0xfebf0fff]
[    0.865621][    T1] pci 0000:00:02.0: reg 0x30: [mem 0xfebe0000-0xfebeffff pref]
[    0.867224][    T1] pci 0000:00:02.0: Video device with shadowed ROM at [mem 0x000c0000-0x000dffff]
[    0.884960][    T1] ACPI: PCI: Interrupt link LNKA configured for IRQ 10
[    0.887143][    T1] ACPI: PCI: Interrupt link LNKB configured for IRQ 10
[    0.889258][    T1] ACPI: PCI: Interrupt link LNKC configured for IRQ 11
[    0.891392][    T1] ACPI: PCI: Interrupt link LNKD configured for IRQ 11
[    0.892753][    T1] ACPI: PCI: Interrupt link LNKS configured for IRQ 9
[    0.897598][    T1] iommu: Default domain type: Translated 
[    0.898288][    T1] iommu: DMA domain TLB invalidation policy: lazy mode 
[    0.900713][    T1] SCSI subsystem initialized
[    0.901933][    T1] ACPI: bus type USB registered
[    0.902687][    T1] usbcore: registered new interface driver usbfs
[    0.903541][    T1] usbcore: registered new interface driver hub
[    0.904337][    T1] usbcore: registered new device driver usb
[    0.904979][    T1] mc: Linux media interface: v0.10
[    0.905650][    T1] videodev: Linux video capture interface: v2.00
[    0.906618][    T1] pps_core: LinuxPPS API ver. 1 registered
[    0.907303][    T1] pps_core: Software ver. 5.3.6 - Copyright 2005-2007 Rodolfo Giometti <giometti@linux.it>
[    0.908510][    T1] PTP clock support registered
[    0.909401][    T1] EDAC MC: Ver: 3.0.0
[    0.911202][    T1] Advanced Linux Sound Architecture Driver Initialized.
[    0.913528][    T1] Bluetooth: Core ver 2.22
[    0.914114][    T1] NET: Registered PF_BLUETOOTH protocol family
[    0.914372][    T1] Bluetooth: HCI device and connection manager initialized
[    0.915238][    T1] Bluetooth: HCI socket layer initialized
[    0.915914][    T1] Bluetooth: L2CAP socket layer initialized
[    0.916679][    T1] Bluetooth: SCO socket layer initialized
[    0.917377][    T1] NET: Registered PF_ATMPVC protocol family
[    0.918067][    T1] NET: Registered PF_ATMSVC protocol family
[    0.918868][    T1] NetLabel: Initializing
[    0.919367][    T1] NetLabel:  domain hash size = 128
[    0.919976][    T1] NetLabel:  protocols = UNLABELED CIPSOv4 CALIPSO
[    0.920942][    T1] NetLabel:  unlabeled traffic allowed by default
[    0.921956][    T1] nfc: nfc_init: NFC Core ver 0.1
[    0.921956][    T1] NET: Registered PF_NFC protocol family
[    0.921956][    T1] PCI: Using ACPI for IRQ routing
[    0.924847][    T1] pci 0000:00:02.0: vgaarb: setting as boot VGA device
[    0.925249][    T1] pci 0000:00:02.0: vgaarb: bridge control possible
[    0.926018][    T1] pci 0000:00:02.0: vgaarb: VGA device added: decodes=io+mem,owns=io+mem,locks=none
[    0.927112][    T1] vgaarb: loaded
[    0.928169][    T1] hpet0: at MMIO 0xfed00000, IRQs 2, 8, 0
[    0.928859][    T1] hpet0: 3 comparators, 64-bit 100.000000 MHz counter
[    0.934532][    T1] clocksource: Switched to clocksource kvm-clock
[    0.945110][    T1] VFS: Disk quotas dquot_6.6.0
[    0.945741][    T1] VFS: Dquot-cache hash table entries: 512 (order 0, 4096 bytes)
[    0.946855][    T1] FS-Cache: Loaded
[    0.947751][    T1] CacheFiles: Loaded
[    0.948442][    T1] TOMOYO: 2.6.0
[    0.948864][    T1] Mandatory Access Control activated.
[    0.950672][    T1] AppArmor: AppArmor Filesystem Enabled
[    0.951504][    T1] pnp: PnP ACPI init
[    0.956202][    T1] pnp: PnP ACPI: found 6 devices
[    0.977112][    T1] clocksource: acpi_pm: mask: 0xffffff max_cycles: 0xffffff, max_idle_ns: 2085701024 ns
[    0.978515][    T1] NET: Registered PF_INET protocol family
[    0.979524][    T1] IP idents hash table entries: 32768 (order: 6, 262144 bytes, linear)
[    0.982275][    T1] tcp_listen_portaddr_hash hash table entries: 1024 (order: 4, 73728 bytes, linear)
[    0.983418][    T1] Table-perturb hash table entries: 65536 (order: 6, 262144 bytes, linear)
[    0.984511][    T1] TCP established hash table entries: 16384 (order: 5, 131072 bytes, linear)
[    0.986499][    T1] TCP bind hash table entries: 16384 (order: 9, 2359296 bytes, linear)
[    0.988402][    T1] TCP: Hash tables configured (established 16384 bind 16384)
[    0.989546][    T1] MPTCP token hash table entries: 2048 (order: 5, 180224 bytes, linear)
[    0.990654][    T1] UDP hash table entries: 1024 (order: 5, 163840 bytes, linear)
[    0.991644][    T1] UDP-Lite hash table entries: 1024 (order: 5, 163840 bytes, linear)
[    0.992921][    T1] NET: Registered PF_UNIX/PF_LOCAL protocol family
[    0.994499][    T1] RPC: Registered named UNIX socket transport module.
[    0.995319][    T1] RPC: Registered udp transport module.
[    0.995980][    T1] RPC: Registered tcp transport module.
[    0.996641][    T1] RPC: Registered tcp NFSv4.1 backchannel transport module.
[    0.998446][    T1] NET: Registered PF_XDP protocol family
[    0.999126][    T1] pci_bus 0000:00: resource 4 [io  0x0000-0x0cf7 window]
[    0.999960][    T1] pci_bus 0000:00: resource 5 [io  0x0d00-0xffff window]
[    1.000805][    T1] pci_bus 0000:00: resource 6 [mem 0x000a0000-0x000bffff window]
[    1.001709][    T1] pci_bus 0000:00: resource 7 [mem 0x80000000-0xfebfffff window]
[    1.002613][    T1] pci_bus 0000:00: resource 8 [mem 0x100000000-0x17fffffff window]
[    1.003925][    T1] pci 0000:00:01.0: PIIX3: Enabling Passive Release
[    1.004766][    T1] pci 0000:00:00.0: Limiting direct PCI/PCI transfers
[    1.005639][    T1] PCI: CLS 0 bytes, default 64
[    1.006364][    T1] ACPI: bus type thunderbolt registered
[    1.007698][    T1] kvm: no hardware support for 'kvm_intel'
[    1.010760][   T40] Trying to unpack rootfs image as initramfs...
[    1.014484][    T1] kvm: Nested Virtualization enabled
[    1.015110][    T1] SVM: kvm: Nested Paging enabled
[    1.047491][   T64] cryptomgr_test (64) used greatest stack depth: 29824 bytes left
[    1.110623][   T40] Freeing initrd memory: 1348K
[    1.112011][   T63] kworker/u4:4 (63) used greatest stack depth: 28208 bytes left
[    1.124961][   T95] kworker/u4:2 (95) used greatest stack depth: 27696 bytes left
[    3.402009][    T1] Initialise system trusted keyrings
[    3.404515][    T1] workingset: timestamp_bits=40 max_order=19 bucket_order=0
[    3.432132][    T1] zbud: loaded
[    3.437935][    T1] DLM installed
[    3.445748][    T1] squashfs: version 4.0 (2009/01/31) Phillip Lougher
[    3.456166][    T1] NFS: Registering the id_resolver key type
[    3.456919][    T1] Key type id_resolver registered
[    3.457547][    T1] Key type id_legacy registered
[    3.458330][    T1] nfs4filelayout_init: NFSv4 File Layout Driver Registering...
[    3.459269][    T1] nfs4flexfilelayout_init: NFSv4 Flexfile Layout Driver Registering...
[    3.465157][    T1] Key type cifs.spnego registered
[    3.465840][    T1] Key type cifs.idmap registered
[    3.466764][    T1] ntfs: driver 2.1.32 [Flags: R/W].
[    3.468222][    T1] ntfs3: Max link count 4000
[    3.468783][    T1] ntfs3: Enabled Linux POSIX ACLs support
[    3.469463][    T1] ntfs3: Read-only LZX/Xpress compression included
[    3.470864][    T1] efs: 1.0a - http://aeschi.ch.eu.org/efs/
[    3.471735][    T1] jffs2: version 2.2. (NAND) (SUMMARY)  © 2001-2006 Red Hat, Inc.
[    3.475020][    T1] romfs: ROMFS MTD (C) 2007 Red Hat, Inc.
[    3.476052][    T1] QNX4 filesystem 0.2.3 registered.
[    3.476848][    T1] qnx6: QNX6 filesystem 1.0.0 registered.
[    3.477958][    T1] fuse: init (API version 7.37)
[    3.480346][    T1] orangefs_debugfs_init: called with debug mask: :none: :0:
[    3.481507][    T1] orangefs_init: module version upstream loaded
[    3.482855][    T1] JFS: nTxBlock = 8192, nTxLock = 65536
[    3.487221][    T1] SGI XFS with ACLs, security attributes, realtime, quota, no debug enabled
[    3.494452][    T1] 9p: Installing v9fs 9p2000 file system support
[    3.496101][    T1] NILFS version 2 loaded
[    3.496624][    T1] befs: version: 0.9.3
[    3.498045][    T1] ocfs2: Registered cluster interface o2cb
[    3.499156][    T1] ocfs2: Registered cluster interface user
[    3.500216][    T1] OCFS2 User DLM kernel interface loaded
[    3.507493][    T1] gfs2: GFS2 installed
[    3.514168][    T1] ceph: loaded (mds proto 32)
[    3.525244][    T1] NET: Registered PF_ALG protocol family
[    3.526100][    T1] xor: automatically using best checksumming function   avx       
[    3.527223][    T1] async_tx: api initialized (async)
[    3.527974][    T1] Key type asymmetric registered
[    3.528689][    T1] Asymmetric key parser 'x509' registered
[    3.529514][    T1] Asymmetric key parser 'pkcs8' registered
[    3.530334][    T1] Key type pkcs7_test registered
[    3.533233][    T1] alg: self-tests for CTR-KDF (hmac(sha256)) passed
[    3.535547][    T1] Block layer SCSI generic (bsg) driver version 0.4 loaded (major 240)
[    3.538075][    T1] io scheduler mq-deadline registered
[    3.538836][    T1] io scheduler kyber registered
[    3.539886][    T1] io scheduler bfq registered
[    3.546834][    T1] input: Power Button as /devices/LNXSYSTM:00/LNXPWRBN:00/input/input0
[    3.552804][    T1] ACPI: button: Power Button [PWRF]
[    3.591685][  T276] kworker/u4:1 (276) used greatest stack depth: 27408 bytes left
[    3.708660][    T1] N_HDLC line discipline registered with maxframe=4096
[    3.709539][    T1] Serial: 8250/16550 driver, 4 ports, IRQ sharing enabled
[    3.710776][    T1] 00:04: ttyS0 at I/O 0x3f8 (irq = 4, base_baud = 115200) is a 16550A
[    3.720659][    T1] Non-volatile memory driver v1.3
[    3.721319][    T1] Linux agpgart interface v0.103
[    3.722515][    T1] ACPI: bus type drm_connector registered
[    3.729710][    T1] [drm] Initialized vgem 1.0.0 20120112 for vgem on minor 0
[    3.732883][    T1] [drm] Initialized vkms 1.0.0 20180514 for vkms on minor 1
[    3.782804][    T1] Console: switching to colour frame buffer device 128x48
[    3.800347][    T1] platform vkms: [drm] fb0: vkmsdrmfb frame buffer device
[    3.801309][    T1] usbcore: registered new interface driver udl
[    3.802258][    T1] bochs-drm 0000:00:02.0: vgaarb: deactivate vga console
[    3.804794][    T1] [drm] Found bochs VGA, ID 0xb0c5.
[    3.805411][    T1] [drm] Framebuffer size 16384 kB @ 0xfd000000, mmio @ 0xfebf0000.
[    3.808086][    T1] [drm] Found EDID data blob.
[    3.809687][    T1] [drm] Initialized bochs-drm 1.0.0 20130925 for 0000:00:02.0 on minor 2
[    3.813484][    T1] fbcon: bochs-drmdrmfb (fb1) is primary device
[    3.813494][    T1] fbcon: Remapping primary device, fb1, to tty 1-63
[    8.626099][    T1] bochs-drm 0000:00:02.0: [drm] fb1: bochs-drmdrmfb frame buffer device
[    8.639035][   T65] Floppy drive(s): fd0 is 2.88M AMI BIOS
[    8.656102][    T1] brd: module loaded
[    8.665158][   T65] FDC 0 is a S82078B
[    8.688101][    T1] loop: module loaded
[    8.729063][    T1] zram: Added device: zram0
[    8.733056][    T1] null_blk: disk nullb0 created
[    8.733743][    T1] null_blk: module loaded
[    8.734559][    T1] Guest personality initialized and is inactive
[    8.735658][    T1] VMCI host device registered (name=vmci, major=10, minor=119)
[    8.736728][    T1] Initialized host personality
[    8.737515][    T1] usbcore: registered new interface driver rtsx_usb
[    8.738697][    T1] usbcore: registered new interface driver viperboard
[    8.739674][    T1] usbcore: registered new interface driver dln2
[    8.740558][    T1] usbcore: registered new interface driver pn533_usb
[    8.743272][    T1] nfcsim 0.2 initialized
[    8.743872][    T1] usbcore: registered new interface driver port100
[    8.744836][    T1] usbcore: registered new interface driver nfcmrvl
[    8.746661][    T1] Loading iSCSI transport class v2.0-870.
[    8.752212][    T1] st: Version 20160209, fixed bufsize 32768, s/g segs 256
[    8.765201][    T1] scsi host0: ata_piix
[    8.767162][    T1] scsi host1: ata_piix
[    8.768362][    T1] ata1: PATA max MWDMA2 cmd 0x1f0 ctl 0x3f6 bmdma 0xc000 irq 14
[    8.769483][    T1] ata2: PATA max MWDMA2 cmd 0x170 ctl 0x376 bmdma 0xc008 irq 15
[    8.774021][    T1] Rounding down aligned max_sectors from 4294967295 to 4294967288
[    8.776529][    T1] db_root: cannot open: /etc/target
[    8.777610][    T1] slram: not enough parameters.
[    8.780355][    T1] ftl_cs: FTL header not found.
[    8.789617][    T1] wireguard: WireGuard 1.0.0 loaded. See www.wireguard.com for information.
[    8.790911][    T1] wireguard: Copyright (C) 2015-2019 Jason A. Donenfeld <Jason@zx2c4.com>. All Rights Reserved.
[    8.792449][    T1] eql: Equalizer2002: Simon Janes (simon@ncm.com) and David S. Miller (davem@redhat.com)
[    8.799494][    T1] MACsec IEEE 802.1AE
[    8.802458][    T1] tun: Universal TUN/TAP device driver, 1.6
[    8.805912][    T1] vcan: Virtual CAN interface driver
[    8.806695][    T1] vxcan: Virtual CAN Tunnel driver
[    8.807449][    T1] slcan: serial line CAN interface driver
[    8.808641][    T1] CAN device driver interface
[    8.809948][    T1] usbcore: registered new interface driver usb_8dev
[    8.811745][    T1] usbcore: registered new interface driver ems_usb
[    8.813006][    T1] usbcore: registered new interface driver gs_usb
[    8.813847][    T1] usbcore: registered new interface driver kvaser_usb
[    8.815580][    T1] usbcore: registered new interface driver mcba_usb
[    8.816459][    T1] usbcore: registered new interface driver peak_usb
[    8.817407][    T1] e100: Intel(R) PRO/100 Network Driver
[    8.818074][    T1] e100: Copyright(c) 1999-2006 Intel Corporation
[    8.818909][    T1] e1000: Intel(R) PRO/1000 Network Driver
[    8.819591][    T1] e1000: Copyright (c) 1999-2006 Intel Corporation.
[    8.820487][    T1] e1000e: Intel(R) PRO/1000 Network Driver
[    8.821183][    T1] e1000e: Copyright(c) 1999 - 2015 Intel Corporation.
[    8.822404][    T1] mkiss: AX.25 Multikiss, Hans Albas PE1AYX
[    8.823104][    T1] AX.25: 6pack driver, Revision: 0.3.0
[    8.823755][    T1] AX.25: bpqether driver version 004
[    8.824587][    T1] PPP generic driver version 2.4.2
[    8.825679][    T1] PPP BSD Compression module registered
[    8.826340][    T1] PPP Deflate Compression module registered
[    8.827072][    T1] PPP MPPE Compression module registered
[    8.827746][    T1] NET: Registered PF_PPPOX protocol family
[    8.828460][    T1] PPTP driver version 0.8.5
[    8.829103][    T1] SLIP: version 0.8.4-NET3.019-NEWTTY (dynamic channels, max=256) (6 bit encapsulation enabled).
[    8.830355][    T1] CSLIP: code copyright 1989 Regents of the University of California.
[    8.831316][    T1] SLIP linefill/keepalive option.
[    8.831913][    T1] hdlc: HDLC support module revision 1.22
[    8.832603][    T1] LAPB Ethernet driver version 0.02
[    8.833789][    T1] usbcore: registered new interface driver ath9k_htc
[    8.836096][    T1] usbcore: registered new interface driver carl9170
[    8.837026][    T1] usbcore: registered new interface driver ath6kl_usb
[    8.837999][    T1] usbcore: registered new interface driver ar5523
[    8.839095][    T1] usbcore: registered new interface driver ath10k_usb
[    8.840088][    T1] usbcore: registered new interface driver rndis_wlan
[    8.841083][    T1] mac80211_hwsim: initializing netlink
[    8.853849][    T1] usbcore: registered new interface driver atusb
[    8.859266][    T1] mac802154_hwsim mac802154_hwsim: Added 2 mac802154 hwsim hardware radios
[    8.860849][    T1] VMware vmxnet3 virtual NIC driver - version 1.7.0.0-k-NAPI
[    8.862076][    T1] usbcore: registered new interface driver catc
[    8.863030][    T1] usbcore: registered new interface driver kaweth
[    8.863796][    T1] pegasus: Pegasus/Pegasus II USB Ethernet driver
[    8.864783][    T1] usbcore: registered new interface driver pegasus
[    8.865717][    T1] usbcore: registered new interface driver rtl8150
[    8.866655][    T1] usbcore: registered new interface driver r8152
[    8.867401][    T1] hso: drivers/net/usb/hso.c: Option Wireless
[    8.868347][    T1] usbcore: registered new interface driver hso
[    8.869230][    T1] usbcore: registered new interface driver lan78xx
[    8.870197][    T1] usbcore: registered new interface driver asix
[    8.871095][    T1] usbcore: registered new interface driver ax88179_178a
[    8.872073][    T1] usbcore: registered new interface driver cdc_ether
[    8.873021][    T1] usbcore: registered new interface driver cdc_eem
[    8.873950][    T1] usbcore: registered new interface driver dm9601
[    8.874983][    T1] usbcore: registered new interface driver sr9700
[    8.875947][    T1] usbcore: registered new interface driver CoreChips
[    8.876921][    T1] usbcore: registered new interface driver smsc75xx
[    8.877891][    T1] usbcore: registered new interface driver smsc95xx
[    8.878836][    T1] usbcore: registered new interface driver gl620a
[    8.879762][    T1] usbcore: registered new interface driver net1080
[    8.880695][    T1] usbcore: registered new interface driver plusb
[    8.881621][    T1] usbcore: registered new interface driver rndis_host
[    8.882613][    T1] usbcore: registered new interface driver cdc_subset
[    8.883576][    T1] usbcore: registered new interface driver zaurus
[    8.884619][    T1] usbcore: registered new interface driver MOSCHIP usb-ethernet driver
[    8.885746][    T1] usbcore: registered new interface driver int51x1
[    8.886666][    T1] usbcore: registered new interface driver cdc_phonet
[    8.887641][    T1] usbcore: registered new interface driver kalmia
[    8.888574][    T1] usbcore: registered new interface driver ipheth
[    8.889980][    T1] usbcore: registered new interface driver sierra_net
[    8.890939][    T1] usbcore: registered new interface driver cx82310_eth
[    8.891936][    T1] usbcore: registered new interface driver cdc_ncm
[    8.892868][    T1] usbcore: registered new interface driver huawei_cdc_ncm
[    8.893870][    T1] usbcore: registered new interface driver lg-vl600
[    8.894839][    T1] usbcore: registered new interface driver qmi_wwan
[    8.895792][    T1] usbcore: registered new interface driver cdc_mbim
[    8.896737][    T1] usbcore: registered new interface driver ch9200
[    8.897683][    T1] usbcore: registered new interface driver r8153_ecm
[    8.900464][    T1] VFIO - User Level meta-driver version: 0.3
[    8.904020][    T1] aoe: AoE v85 initialised.
[    8.909502][    T1] Warning! fotg210_hcd should always be loaded before uhci_hcd and ohci_hcd, not after
[    8.910729][    T1] SPI driver max3421-hcd has no spi_device_id for maxim,max3421
[    8.911817][    T1] usbcore: registered new interface driver cdc_acm
[    8.912590][    T1] cdc_acm: USB Abstract Control Model driver for USB modems and ISDN adapters
[    8.913749][    T1] usbcore: registered new interface driver usblp
[    8.914619][    T1] usbcore: registered new interface driver cdc_wdm
[    8.915460][    T1] usbcore: registered new interface driver usbtmc
[    8.916449][    T1] usbcore: registered new interface driver uas
[    8.917280][    T1] usbcore: registered new interface driver usb-storage
[    8.918156][    T1] usbcore: registered new interface driver ums-alauda
[    8.919012][    T1] usbcore: registered new interface driver ums-cypress
[    8.919886][    T1] usbcore: registered new interface driver ums-datafab
[    8.920749][    T1] usbcore: registered new interface driver ums_eneub6250
[    8.921637][    T1] usbcore: registered new interface driver ums-freecom
[    8.922529][    T1] usbcore: registered new interface driver ums-isd200
[    8.923384][    T1] usbcore: registered new interface driver ums-jumpshot
[    8.924257][    T1] usbcore: registered new interface driver ums-karma
[    8.926603][    T1] usbcore: registered new interface driver ums-onetouch
[    8.927507][    T1] usbcore: registered new interface driver ums-realtek
[    8.928373][    T1] usbcore: registered new interface driver ums-sddr09
[    8.929223][    T1] usbcore: registered new interface driver ums-sddr55
[    8.930079][    T1] usbcore: registered new interface driver ums-usbat
[    8.930951][    T1] usbcore: registered new interface driver mdc800
[    8.931704][    T1] mdc800: v0.7.5 (30/10/2000):USB Driver for Mustek MDC800 Digital Camera
[    8.932771][    T1] usbcore: registered new interface driver microtekX6
[    8.933732][    T1] usbcore: registered new interface driver usbserial_generic
[    8.934760][ T1006] ata2: found unknown device (class 0)
[    8.936085][    T1] usbserial: USB Serial support registered for generic
[    8.936209][ T1006] ata2.00: ATAPI: QEMU DVD-ROM, 2.5+, max UDMA/100
[    8.936988][    T1] usbcore: registered new interface driver aircable
[    8.938665][    T1] usbserial: USB Serial support registered for aircable
[    8.939600][    T1] usbcore: registered new interface driver ark3116
[    8.940416][    T1] usbserial: USB Serial support registered for ark3116
[    8.941279][    T1] usbcore: registered new interface driver belkin_sa
[    8.942109][    T1] usbserial: USB Serial support registered for Belkin / Peracom / GoHubs USB Serial Adapter
[    8.943356][    T1] usbcore: registered new interface driver ch341
[    8.944151][    T1] usbserial: USB Serial support registered for ch341-uart
[    8.945139][    T1] usbcore: registered new interface driver cp210x
[    8.945936][    T1] usbserial: USB Serial support registered for cp210x
[    8.946793][    T1] usbcore: registered new interface driver cyberjack
[    8.947693][    T1] usbserial: USB Serial support registered for Reiner SCT Cyberjack USB card reader
[    8.948863][    T1] usbcore: registered new interface driver cypress_m8
[    8.949711][    T1] usbserial: USB Serial support registered for DeLorme Earthmate USB
[    8.950463][   T65] scsi 1:0:0:0: CD-ROM            QEMU     QEMU DVD-ROM     2.5+ PQ: 0 ANSI: 5
[    8.950796][    T1] usbserial: USB Serial support registered for HID->COM RS232 Adapter
[    8.953013][    T1] usbserial: USB Serial support registered for Nokia CA-42 V2 Adapter
[    8.954194][    T1] usbcore: registered new interface driver usb_debug
[    8.955081][    T1] usbserial: USB Serial support registered for debug
[    8.955925][    T1] usbserial: USB Serial support registered for xhci_dbc
[    8.956804][    T1] usbcore: registered new interface driver digi_acceleport
[    8.957695][    T1] usbserial: USB Serial support registered for Digi 2 port USB adapter
[    8.958708][    T1] usbserial: USB Serial support registered for Digi 4 port USB adapter
[    8.959744][    T1] usbcore: registered new interface driver io_edgeport
[    8.960602][    T1] usbserial: USB Serial support registered for Edgeport 2 port adapter
[    8.961643][    T1] usbserial: USB Serial support registered for Edgeport 4 port adapter
[    8.962678][    T1] usbserial: USB Serial support registered for Edgeport 8 port adapter
[    8.963697][    T1] usbserial: USB Serial support registered for EPiC device
[    8.964648][    T1] usbcore: registered new interface driver io_ti
[    8.965439][    T1] usbserial: USB Serial support registered for Edgeport TI 1 port adapter
[    8.966481][    T1] usbserial: USB Serial support registered for Edgeport TI 2 port adapter
[    8.967540][    T1] usbcore: registered new interface driver empeg
[    8.968347][    T1] usbserial: USB Serial support registered for empeg
[    8.969210][    T1] usbcore: registered new interface driver f81534a_ctrl
[    8.970089][    T1] usbcore: registered new interface driver f81232
[    8.970903][    T1] usbserial: USB Serial support registered for f81232
[    8.971880][    T1] usbserial: USB Serial support registered for f81534a
[    8.972756][    T1] usbcore: registered new interface driver f81534
[    8.973560][    T1] usbserial: USB Serial support registered for Fintek F81532/F81534
[    8.974762][    T1] usbcore: registered new interface driver ftdi_sio
[    8.975633][    T1] usbserial: USB Serial support registered for FTDI USB Serial Device
[    8.976666][    T1] usbcore: registered new interface driver garmin_gps
[    8.977510][    T1] usbserial: USB Serial support registered for Garmin GPS usb/tty
[    8.978488][    T1] usbcore: registered new interface driver ipaq
[    8.979266][    T1] usbserial: USB Serial support registered for PocketPC PDA
[    8.980227][    T1] usbcore: registered new interface driver ipw
[    8.981016][    T1] usbserial: USB Serial support registered for IPWireless converter
[    8.982019][    T1] usbcore: registered new interface driver ir_usb
[    8.982818][    T1] usbserial: USB Serial support registered for IR Dongle
[    8.983714][    T1] usbcore: registered new interface driver iuu_phoenix
[    8.984597][    T1] usbserial: USB Serial support registered for iuu_phoenix
[    8.985511][    T1] usbcore: registered new interface driver keyspan
[    8.986520][    T1] usbserial: USB Serial support registered for Keyspan - (without firmware)
[    8.987612][    T1] usbserial: USB Serial support registered for Keyspan 1 port adapter
[    8.988653][    T1] usbserial: USB Serial support registered for Keyspan 2 port adapter
[    8.989679][    T1] usbserial: USB Serial support registered for Keyspan 4 port adapter
[    8.990738][    T1] usbcore: registered new interface driver keyspan_pda
[    8.991615][    T1] usbserial: USB Serial support registered for Keyspan PDA
[    8.992560][    T1] usbserial: USB Serial support registered for Keyspan PDA - (prerenumeration)
[    8.993696][    T1] usbcore: registered new interface driver kl5kusb105
[    8.994578][    T1] usbserial: USB Serial support registered for KL5KUSB105D / PalmConnect
[    8.995652][    T1] usbcore: registered new interface driver kobil_sct
[    8.996520][    T1] usbserial: USB Serial support registered for KOBIL USB smart card terminal
[    8.997634][    T1] usbcore: registered new interface driver mct_u232
[    8.998475][    T1] usbserial: USB Serial support registered for MCT U232
[    8.999383][    T1] usbcore: registered new interface driver metro_usb
[    9.000244][    T1] usbserial: USB Serial support registered for Metrologic USB to Serial
[    9.001310][    T1] usbcore: registered new interface driver mos7720
[    9.002143][    T1] usbserial: USB Serial support registered for Moschip 2 port adapter
[    9.003188][    T1] usbcore: registered new interface driver mos7840
[    9.004100][    T1] usbserial: USB Serial support registered for Moschip 7840/7820 USB Serial Driver
[    9.005310][    T1] usbcore: registered new interface driver mxuport
[    9.006176][    T1] usbserial: USB Serial support registered for MOXA UPort
[    9.007094][    T1] usbcore: registered new interface driver navman
[    9.007921][    T1] usbserial: USB Serial support registered for navman
[    9.008793][    T1] usbcore: registered new interface driver omninet
[    9.009630][    T1] usbserial: USB Serial support registered for ZyXEL - omni.net usb
[    9.010655][    T1] usbcore: registered new interface driver opticon
[    9.011487][    T1] usbserial: USB Serial support registered for opticon
[    9.012384][    T1] usbcore: registered new interface driver option
[    9.013212][    T1] usbserial: USB Serial support registered for GSM modem (1-port)
[    9.014222][    T1] usbcore: registered new interface driver oti6858
[    9.015095][    T1] usbserial: USB Serial support registered for oti6858
[    9.015989][    T1] usbcore: registered new interface driver pl2303
[    9.016812][    T1] usbserial: USB Serial support registered for pl2303
[    9.017682][    T1] usbcore: registered new interface driver qcaux
[    9.018506][    T1] usbserial: USB Serial support registered for qcaux
[    9.019383][    T1] usbcore: registered new interface driver qcserial
[    9.020229][    T1] usbserial: USB Serial support registered for Qualcomm USB modem
[    9.021232][    T1] usbcore: registered new interface driver quatech2
[    9.022074][    T1] usbserial: USB Serial support registered for Quatech 2nd gen USB to Serial Driver
[    9.023262][    T1] usbcore: registered new interface driver safe_serial
[    9.024152][    T1] usbserial: USB Serial support registered for safe_serial
[    9.025112][    T1] usbcore: registered new interface driver sierra
[    9.025936][    T1] usbserial: USB Serial support registered for Sierra USB modem
[    9.026919][    T1] usbcore: registered new interface driver usb_serial_simple
[    9.027856][    T1] usbserial: USB Serial support registered for carelink
[    9.028761][    T1] usbserial: USB Serial support registered for zio
[    9.029600][    T1] usbserial: USB Serial support registered for funsoft
[    9.030474][    T1] usbserial: USB Serial support registered for flashloader
[    9.031389][    T1] usbserial: USB Serial support registered for google
[    9.032264][    T1] usbserial: USB Serial support registered for libtransistor
[    9.033203][    T1] usbserial: USB Serial support registered for vivopay
[    9.034106][    T1] usbserial: USB Serial support registered for moto_modem
[    9.035039][    T1] usbserial: USB Serial support registered for motorola_tetra
[    9.035996][    T1] usbserial: USB Serial support registered for nokia
[    9.036855][    T1] usbserial: USB Serial support registered for novatel_gps
[    9.037808][    T1] usbserial: USB Serial support registered for hp4x
[    9.038690][    T1] usbserial: USB Serial support registered for suunto
[    9.039565][    T1] usbserial: USB Serial support registered for siemens_mpi
[    9.040509][    T1] usbcore: registered new interface driver spcp8x5
[    9.041498][    T1] usbserial: USB Serial support registered for SPCP8x5
[    9.042397][    T1] usbcore: registered new interface driver ssu100
[    9.043223][    T1] usbserial: USB Serial support registered for Quatech SSU-100 USB to Serial Driver
[    9.044453][    T1] usbcore: registered new interface driver symbolserial
[    9.045344][    T1] usbserial: USB Serial support registered for symbol
[    9.046234][    T1] usbcore: registered new interface driver ti_usb_3410_5052
[    9.047165][    T1] usbserial: USB Serial support registered for TI USB 3410 1 port adapter
[    9.048254][    T1] usbserial: USB Serial support registered for TI USB 5052 2 port adapter
[    9.049348][    T1] usbcore: registered new interface driver upd78f0730
[    9.050245][    T1] usbserial: USB Serial support registered for upd78f0730
[    9.051171][    T1] usbcore: registered new interface driver visor
[    9.052034][    T1] usbserial: USB Serial support registered for Handspring Visor / Palm OS
[    9.053143][    T1] usbserial: USB Serial support registered for Sony Clie 5.0
[    9.054079][    T1] usbserial: USB Serial support registered for Sony Clie 3.5
[    9.055092][    T1] usbcore: registered new interface driver wishbone_serial
[    9.056076][    T1] usbserial: USB Serial support registered for wishbone_serial
[    9.057042][    T1] usbcore: registered new interface driver whiteheat
[    9.057891][    T1] usbserial: USB Serial support registered for Connect Tech - WhiteHEAT - (prerenumeration)
[    9.059139][    T1] usbserial: USB Serial support registered for Connect Tech - WhiteHEAT
[    9.060210][    T1] usbcore: registered new interface driver xr_serial
[    9.061064][    T1] usbserial: USB Serial support registered for xr_serial
[    9.061978][    T1] usbcore: registered new interface driver xsens_mt
[    9.062822][    T1] usbserial: USB Serial support registered for xsens_mt
[    9.063734][    T1] usbcore: registered new interface driver adutux
[    9.064614][    T1] usbcore: registered new interface driver appledisplay
[    9.065526][    T1] usbcore: registered new interface driver cypress_cy7c63
[    9.066490][    T1] usbcore: registered new interface driver cytherm
[    9.067352][    T1] usbcore: registered new interface driver emi26 - firmware loader
[    9.068384][    T1] usbcore: registered new interface driver emi62 - firmware loader
[    9.069344][    T1] ftdi_elan: driver ftdi-elan
[    9.069983][    T1] usbcore: registered new interface driver ftdi-elan
[    9.070858][    T1] usbcore: registered new interface driver idmouse
[    9.071715][    T1] usbcore: registered new interface driver iowarrior
[    9.072604][    T1] usbcore: registered new interface driver isight_firmware
[    9.073551][    T1] usbcore: registered new interface driver usblcd
[    9.074430][    T1] usbcore: registered new interface driver ldusb
[    9.075267][    T1] usbcore: registered new interface driver legousbtower
[    9.076257][    T1] usbcore: registered new interface driver usbtest
[    9.077185][    T1] usbcore: registered new interface driver usb_ehset_test
[    9.078116][    T1] usbcore: registered new interface driver trancevibrator
[    9.079060][    T1] usbcore: registered new interface driver uss720
[    9.079831][    T1] uss720: USB Parport Cable driver for Cables using the Lucent Technologies USS720 Chip
[    9.081006][    T1] uss720: NOTE: this is a special purpose driver to allow nonstandard
[    9.081980][    T1] uss720: protocols (eg. bitbang) over USS720 usb to parallel cables
[    9.082957][    T1] uss720: If you just want to connect to a printer, use usblp instead
[    9.084018][    T1] usbcore: registered new interface driver usbsevseg
[    9.085057][    T1] usbcore: registered new interface driver yurex
[    9.086086][    T1] usbcore: registered new interface driver chaoskey
[    9.086963][    T1] usbcore: registered new interface driver sisusb
[    9.087814][    T1] usbcore: registered new interface driver lvs
[    9.088639][    T1] usbcore: registered new interface driver cxacru
[    9.089503][    T1] usbcore: registered new interface driver speedtch
[    9.090391][    T1] usbcore: registered new interface driver ueagle-atm
[    9.091213][    T1] xusbatm: malformed module parameters
[    9.092541][    T1] dummy_hcd dummy_hcd.0: USB Host+Gadget Emulator, driver 02 May 2005
[    9.093567][    T1] dummy_hcd dummy_hcd.0: Dummy host controller
[    9.095215][    T1] dummy_hcd dummy_hcd.0: new USB bus registered, assigned bus number 1
[    9.096834][    T1] usb usb1: New USB device found, idVendor=1d6b, idProduct=0002, bcdDevice= 6.01
[    9.097982][    T1] usb usb1: New USB device strings: Mfr=3, Product=2, SerialNumber=1
[    9.098961][    T1] usb usb1: Product: Dummy host controller
[    9.099659][    T1] usb usb1: Manufacturer: Linux 6.1.0-rc7-g04aa64375f48-dirty dummy_hcd
[    9.100667][    T1] usb usb1: SerialNumber: dummy_hcd.0
[    9.102836][    T1] hub 1-0:1.0: USB hub found
[    9.103586][    T1] hub 1-0:1.0: 1 port detected
[    9.108152][    T1] gadgetfs: USB Gadget filesystem, version 24 Aug 2004
[    9.112776][    T1] vhci_hcd vhci_hcd.0: USB/IP Virtual Host Controller
[    9.114062][    T1] vhci_hcd vhci_hcd.0: new USB bus registered, assigned bus number 2
[    9.115283][    T1] vhci_hcd: created sysfs vhci_hcd.0
[    9.116291][    T1] usb usb2: New USB device found, idVendor=1d6b, idProduct=0002, bcdDevice= 6.01
[    9.117406][    T1] usb usb2: New USB device strings: Mfr=3, Product=2, SerialNumber=1
[    9.118387][    T1] usb usb2: Product: USB/IP Virtual Host Controller
[    9.119189][    T1] usb usb2: Manufacturer: Linux 6.1.0-rc7-g04aa64375f48-dirty vhci_hcd
[    9.120194][    T1] usb usb2: SerialNumber: vhci_hcd.0
[    9.121800][    T1] hub 2-0:1.0: USB hub found
[    9.122463][    T1] hub 2-0:1.0: 8 ports detected
[    9.126202][    T1] vhci_hcd vhci_hcd.0: USB/IP Virtual Host Controller
[    9.127311][    T1] vhci_hcd vhci_hcd.0: new USB bus registered, assigned bus number 3
[    9.128457][    T1] usb usb3: We don't know the algorithms for LPM for this host, disabling LPM.
[    9.129830][    T1] usb usb3: New USB device found, idVendor=1d6b, idProduct=0003, bcdDevice= 6.01
[    9.130946][    T1] usb usb3: New USB device strings: Mfr=3, Product=2, SerialNumber=1
[    9.131934][    T1] usb usb3: Product: USB/IP Virtual Host Controller
[    9.132730][    T1] usb usb3: Manufacturer: Linux 6.1.0-rc7-g04aa64375f48-dirty vhci_hcd
[    9.133727][    T1] usb usb3: SerialNumber: vhci_hcd.0
[    9.135390][    T1] hub 3-0:1.0: USB hub found
[    9.136039][    T1] hub 3-0:1.0: 8 ports detected
[    9.140066][    T1] vhci_hcd vhci_hcd.1: USB/IP Virtual Host Controller
[    9.141199][    T1] vhci_hcd vhci_hcd.1: new USB bus registered, assigned bus number 4
[    9.142498][    T1] usb usb4: New USB device found, idVendor=1d6b, idProduct=0002, bcdDevice= 6.01
[    9.143606][    T1] usb usb4: New USB device strings: Mfr=3, Product=2, SerialNumber=1
[    9.145525][    T1] usb usb4: Product: USB/IP Virtual Host Controller
[    9.146334][    T1] usb usb4: Manufacturer: Linux 6.1.0-rc7-g04aa64375f48-dirty vhci_hcd
[    9.147329][    T1] usb usb4: SerialNumber: vhci_hcd.1
[    9.148832][   T65] sr 1:0:0:0: [sr0] scsi3-mmc drive: 4x/4x cd/rw xa/form2 tray
[    9.149035][    T1] hub 4-0:1.0: USB hub found
[    9.150477][   T65] cdrom: Uniform CD-ROM driver Revision: 3.20
[    9.151077][    T1] hub 4-0:1.0: 8 ports detected
[    9.155738][    T1] vhci_hcd vhci_hcd.1: USB/IP Virtual Host Controller
[    9.156848][    T1] vhci_hcd vhci_hcd.1: new USB bus registered, assigned bus number 5
[    9.157956][    T1] usb usb5: We don't know the algorithms for LPM for this host, disabling LPM.
[    9.159293][    T1] usb usb5: New USB device found, idVendor=1d6b, idProduct=0003, bcdDevice= 6.01
[    9.160407][    T1] usb usb5: New USB device strings: Mfr=3, Product=2, SerialNumber=1
[    9.161384][    T1] usb usb5: Product: USB/IP Virtual Host Controller
[    9.162180][    T1] usb usb5: Manufacturer: Linux 6.1.0-rc7-g04aa64375f48-dirty vhci_hcd
[    9.163170][    T1] usb usb5: SerialNumber: vhci_hcd.1
[    9.164888][    T1] hub 5-0:1.0: USB hub found
[    9.165527][    T1] hub 5-0:1.0: 8 ports detected
[    9.169473][    T1] vhci_hcd vhci_hcd.2: USB/IP Virtual Host Controller
[    9.170576][    T1] vhci_hcd vhci_hcd.2: new USB bus registered, assigned bus number 6
[    9.171896][    T1] usb usb6: New USB device found, idVendor=1d6b, idProduct=0002, bcdDevice= 6.01
[    9.173007][    T1] usb usb6: New USB device strings: Mfr=3, Product=2, SerialNumber=1
[    9.173981][    T1] usb usb6: Product: USB/IP Virtual Host Controller
[    9.174821][    T1] usb usb6: Manufacturer: Linux 6.1.0-rc7-g04aa64375f48-dirty vhci_hcd
[    9.175830][    T1] usb usb6: SerialNumber: vhci_hcd.2
[    9.177401][    T1] hub 6-0:1.0: USB hub found
[    9.178034][    T1] hub 6-0:1.0: 8 ports detected
[    9.181344][    T1] vhci_hcd vhci_hcd.2: USB/IP Virtual Host Controller
[    9.182439][    T1] vhci_hcd vhci_hcd.2: new USB bus registered, assigned bus number 7
[    9.183754][    T1] usb usb7: We don't know the algorithms for LPM for this host, disabling LPM.
[    9.185137][    T1] usb usb7: New USB device found, idVendor=1d6b, idProduct=0003, bcdDevice= 6.01
[    9.186244][    T1] usb usb7: New USB device strings: Mfr=3, Product=2, SerialNumber=1
[    9.187215][    T1] usb usb7: Product: USB/IP Virtual Host Controller
[    9.188028][    T1] usb usb7: Manufacturer: Linux 6.1.0-rc7-g04aa64375f48-dirty vhci_hcd
[    9.189024][    T1] usb usb7: SerialNumber: vhci_hcd.2
[    9.190575][    T1] hub 7-0:1.0: USB hub found
[    9.191210][    T1] hub 7-0:1.0: 8 ports detected
[    9.195168][    T1] vhci_hcd vhci_hcd.3: USB/IP Virtual Host Controller
[    9.196298][    T1] vhci_hcd vhci_hcd.3: new USB bus registered, assigned bus number 8
[    9.197599][    T1] usb usb8: New USB device found, idVendor=1d6b, idProduct=0002, bcdDevice= 6.01
[    9.198712][    T1] usb usb8: New USB device strings: Mfr=3, Product=2, SerialNumber=1
[    9.199691][    T1] usb usb8: Product: USB/IP Virtual Host Controller
[    9.200498][    T1] usb usb8: Manufacturer: Linux 6.1.0-rc7-g04aa64375f48-dirty vhci_hcd
[    9.201497][    T1] usb usb8: SerialNumber: vhci_hcd.3
[    9.203040][    T1] hub 8-0:1.0: USB hub found
[    9.203681][    T1] hub 8-0:1.0: 8 ports detected
[    9.207311][    T1] vhci_hcd vhci_hcd.3: USB/IP Virtual Host Controller
[    9.208443][    T1] vhci_hcd vhci_hcd.3: new USB bus registered, assigned bus number 9
[    9.209560][    T1] usb usb9: We don't know the algorithms for LPM for this host, disabling LPM.
[    9.210915][    T1] usb usb9: New USB device found, idVendor=1d6b, idProduct=0003, bcdDevice= 6.01
[    9.212059][    T1] usb usb9: New USB device strings: Mfr=3, Product=2, SerialNumber=1
[    9.213145][    T1] usb usb9: Product: USB/IP Virtual Host Controller
[    9.213943][    T1] usb usb9: Manufacturer: Linux 6.1.0-rc7-g04aa64375f48-dirty vhci_hcd
[    9.215530][    T1] usb usb9: SerialNumber: vhci_hcd.3
[    9.216724][   T65] sr 1:0:0:0: Attached scsi generic sg0 type 5
[    9.217919][    T1] hub 9-0:1.0: USB hub found
[    9.218823][    T1] hub 9-0:1.0: 8 ports detected
[    9.223202][    T1] vhci_hcd vhci_hcd.4: USB/IP Virtual Host Controller
[    9.224294][    T1] vhci_hcd vhci_hcd.4: new USB bus registered, assigned bus number 10
[    9.225672][    T1] usb usb10: New USB device found, idVendor=1d6b, idProduct=0002, bcdDevice= 6.01
[    9.226800][    T1] usb usb10: New USB device strings: Mfr=3, Product=2, SerialNumber=1
[    9.227792][    T1] usb usb10: Product: USB/IP Virtual Host Controller
[    9.228610][    T1] usb usb10: Manufacturer: Linux 6.1.0-rc7-g04aa64375f48-dirty vhci_hcd
[    9.229619][    T1] usb usb10: SerialNumber: vhci_hcd.4
[    9.231205][    T1] hub 10-0:1.0: USB hub found
[    9.231850][    T1] hub 10-0:1.0: 8 ports detected
[    9.235211][    T1] vhci_hcd vhci_hcd.4: USB/IP Virtual Host Controller
[    9.236314][    T1] vhci_hcd vhci_hcd.4: new USB bus registered, assigned bus number 11
[    9.237437][    T1] usb usb11: We don't know the algorithms for LPM for this host, disabling LPM.
[    9.238799][    T1] usb usb11: New USB device found, idVendor=1d6b, idProduct=0003, bcdDevice= 6.01
[    9.239928][    T1] usb usb11: New USB device strings: Mfr=3, Product=2, SerialNumber=1
[    9.240915][    T1] usb usb11: Product: USB/IP Virtual Host Controller
[    9.241728][    T1] usb usb11: Manufacturer: Linux 6.1.0-rc7-g04aa64375f48-dirty vhci_hcd
[    9.242742][    T1] usb usb11: SerialNumber: vhci_hcd.4
[    9.244304][    T1] hub 11-0:1.0: USB hub found
[    9.244999][    T1] hub 11-0:1.0: 8 ports detected
[    9.248961][    T1] vhci_hcd vhci_hcd.5: USB/IP Virtual Host Controller
[    9.250061][    T1] vhci_hcd vhci_hcd.5: new USB bus registered, assigned bus number 12
[    9.251370][    T1] usb usb12: New USB device found, idVendor=1d6b, idProduct=0002, bcdDevice= 6.01
[    9.252507][    T1] usb usb12: New USB device strings: Mfr=3, Product=2, SerialNumber=1
[    9.253498][    T1] usb usb12: Product: USB/IP Virtual Host Controller
[    9.254301][    T1] usb usb12: Manufacturer: Linux 6.1.0-rc7-g04aa64375f48-dirty vhci_hcd
[    9.255365][    T1] usb usb12: SerialNumber: vhci_hcd.5
[    9.256944][    T1] hub 12-0:1.0: USB hub found
[    9.257593][    T1] hub 12-0:1.0: 8 ports detected
[    9.260883][    T1] vhci_hcd vhci_hcd.5: USB/IP Virtual Host Controller
[    9.261975][    T1] vhci_hcd vhci_hcd.5: new USB bus registered, assigned bus number 13
[    9.263096][    T1] usb usb13: We don't know the algorithms for LPM for this host, disabling LPM.
[    9.264975][    T1] usb usb13: New USB device found, idVendor=1d6b, idProduct=0003, bcdDevice= 6.01
[    9.266107][    T1] usb usb13: New USB device strings: Mfr=3, Product=2, SerialNumber=1
[    9.267101][    T1] usb usb13: Product: USB/IP Virtual Host Controller
[    9.267914][    T1] usb usb13: Manufacturer: Linux 6.1.0-rc7-g04aa64375f48-dirty vhci_hcd
[    9.268927][    T1] usb usb13: SerialNumber: vhci_hcd.5
[    9.270743][    T1] hub 13-0:1.0: USB hub found
[    9.271388][    T1] hub 13-0:1.0: 8 ports detected
[    9.275421][    T1] vhci_hcd vhci_hcd.6: USB/IP Virtual Host Controller
[    9.276527][    T1] vhci_hcd vhci_hcd.6: new USB bus registered, assigned bus number 14
[    9.277844][    T1] usb usb14: New USB device found, idVendor=1d6b, idProduct=0002, bcdDevice= 6.01
[    9.278968][    T1] usb usb14: New USB device strings: Mfr=3, Product=2, SerialNumber=1
[    9.279967][    T1] usb usb14: Product: USB/IP Virtual Host Controller
[    9.280780][    T1] usb usb14: Manufacturer: Linux 6.1.0-rc7-g04aa64375f48-dirty vhci_hcd
[    9.281788][    T1] usb usb14: SerialNumber: vhci_hcd.6
[    9.283371][    T1] hub 14-0:1.0: USB hub found
[    9.284031][    T1] hub 14-0:1.0: 8 ports detected
[    9.287396][    T1] vhci_hcd vhci_hcd.6: USB/IP Virtual Host Controller
[    9.288483][    T1] vhci_hcd vhci_hcd.6: new USB bus registered, assigned bus number 15
[    9.289606][    T1] usb usb15: We don't know the algorithms for LPM for this host, disabling LPM.
[    9.290962][    T1] usb usb15: New USB device found, idVendor=1d6b, idProduct=0003, bcdDevice= 6.01
[    9.292096][    T1] usb usb15: New USB device strings: Mfr=3, Product=2, SerialNumber=1
[    9.293087][    T1] usb usb15: Product: USB/IP Virtual Host Controller
[    9.293899][    T1] usb usb15: Manufacturer: Linux 6.1.0-rc7-g04aa64375f48-dirty vhci_hcd
[    9.294948][    T1] usb usb15: SerialNumber: vhci_hcd.6
[    9.296523][    T1] hub 15-0:1.0: USB hub found
[    9.297171][    T1] hub 15-0:1.0: 8 ports detected
[    9.301112][    T1] vhci_hcd vhci_hcd.7: USB/IP Virtual Host Controller
[    9.302224][    T1] vhci_hcd vhci_hcd.7: new USB bus registered, assigned bus number 16
[    9.303534][    T1] usb usb16: New USB device found, idVendor=1d6b, idProduct=0002, bcdDevice= 6.01
[    9.304699][    T1] usb usb16: New USB device strings: Mfr=3, Product=2, SerialNumber=1
[    9.305696][    T1] usb usb16: Product: USB/IP Virtual Host Controller
[    9.306504][    T1] usb usb16: Manufacturer: Linux 6.1.0-rc7-g04aa64375f48-dirty vhci_hcd
[    9.307572][    T1] usb usb16: SerialNumber: vhci_hcd.7
[    9.309150][    T1] hub 16-0:1.0: USB hub found
[    9.309802][    T1] hub 16-0:1.0: 8 ports detected
[    9.313065][    T1] vhci_hcd vhci_hcd.7: USB/IP Virtual Host Controller
[    9.314162][    T1] vhci_hcd vhci_hcd.7: new USB bus registered, assigned bus number 17
[    9.315315][    T1] usb usb17: We don't know the algorithms for LPM for this host, disabling LPM.
[    9.316691][    T1] usb usb17: New USB device found, idVendor=1d6b, idProduct=0003, bcdDevice= 6.01
[    9.317813][    T1] usb usb17: New USB device strings: Mfr=3, Product=2, SerialNumber=1
[    9.318800][    T1] usb usb17: Product: USB/IP Virtual Host Controller
[    9.319617][    T1] usb usb17: Manufacturer: Linux 6.1.0-rc7-g04aa64375f48-dirty vhci_hcd
[    9.320631][    T1] usb usb17: SerialNumber: vhci_hcd.7
[    9.322188][    T1] hub 17-0:1.0: USB hub found
[    9.322839][    T1] hub 17-0:1.0: 8 ports detected
[    9.326893][    T1] vhci_hcd vhci_hcd.8: USB/IP Virtual Host Controller
[    9.327998][    T1] vhci_hcd vhci_hcd.8: new USB bus registered, assigned bus number 18
[    9.329309][    T1] usb usb18: New USB device found, idVendor=1d6b, idProduct=0002, bcdDevice= 6.01
[    9.330428][    T1] usb usb18: New USB device strings: Mfr=3, Product=2, SerialNumber=1
[    9.331421][    T1] usb usb18: Product: USB/IP Virtual Host Controller
[    9.332241][    T1] usb usb18: Manufacturer: Linux 6.1.0-rc7-g04aa64375f48-dirty vhci_hcd
[    9.333246][    T1] usb usb18: SerialNumber: vhci_hcd.8
[    9.334918][    T1] hub 18-0:1.0: USB hub found
[    9.335756][    T1] hub 18-0:1.0: 8 ports detected
[    9.339016][    T1] vhci_hcd vhci_hcd.8: USB/IP Virtual Host Controller
[    9.340228][    T1] vhci_hcd vhci_hcd.8: new USB bus registered, assigned bus number 19
[    9.341346][    T1] usb usb19: We don't know the algorithms for LPM for this host, disabling LPM.
[    9.342707][    T1] usb usb19: New USB device found, idVendor=1d6b, idProduct=0003, bcdDevice= 6.01
[    9.343825][    T1] usb usb19: New USB device strings: Mfr=3, Product=2, SerialNumber=1
[    9.344856][    T1] usb usb19: Product: USB/IP Virtual Host Controller
[    9.345671][    T1] usb usb19: Manufacturer: Linux 6.1.0-rc7-g04aa64375f48-dirty vhci_hcd
[    9.346683][    T1] usb usb19: SerialNumber: vhci_hcd.8
[    9.348383][    T1] hub 19-0:1.0: USB hub found
[    9.349038][    T1] hub 19-0:1.0: 8 ports detected
[    9.353005][    T1] vhci_hcd vhci_hcd.9: USB/IP Virtual Host Controller
[    9.354220][    T1] vhci_hcd vhci_hcd.9: new USB bus registered, assigned bus number 20
[    9.355606][    T1] usb usb20: New USB device found, idVendor=1d6b, idProduct=0002, bcdDevice= 6.01
[    9.356744][    T1] usb usb20: New USB device strings: Mfr=3, Product=2, SerialNumber=1
[    9.357736][    T1] usb usb20: Product: USB/IP Virtual Host Controller
[    9.358546][    T1] usb usb20: Manufacturer: Linux 6.1.0-rc7-g04aa64375f48-dirty vhci_hcd
[    9.359552][    T1] usb usb20: SerialNumber: vhci_hcd.9
[    9.361247][    T1] hub 20-0:1.0: USB hub found
[    9.361893][    T1] hub 20-0:1.0: 8 ports detected
[    9.365243][    T1] vhci_hcd vhci_hcd.9: USB/IP Virtual Host Controller
[    9.366419][    T1] vhci_hcd vhci_hcd.9: new USB bus registered, assigned bus number 21
[    9.367540][    T1] usb usb21: We don't know the algorithms for LPM for this host, disabling LPM.
[    9.368914][    T1] usb usb21: New USB device found, idVendor=1d6b, idProduct=0003, bcdDevice= 6.01
[    9.370037][    T1] usb usb21: New USB device strings: Mfr=3, Product=2, SerialNumber=1
[    9.371023][    T1] usb usb21: Product: USB/IP Virtual Host Controller
[    9.371837][    T1] usb usb21: Manufacturer: Linux 6.1.0-rc7-g04aa64375f48-dirty vhci_hcd
[    9.372860][    T1] usb usb21: SerialNumber: vhci_hcd.9
[    9.374578][    T1] hub 21-0:1.0: USB hub found
[    9.375225][    T1] hub 21-0:1.0: 8 ports detected
[    9.379188][    T1] vhci_hcd vhci_hcd.10: USB/IP Virtual Host Controller
[    9.380388][    T1] vhci_hcd vhci_hcd.10: new USB bus registered, assigned bus number 22
[    9.381709][    T1] usb usb22: New USB device found, idVendor=1d6b, idProduct=0002, bcdDevice= 6.01
[    9.382832][    T1] usb usb22: New USB device strings: Mfr=3, Product=2, SerialNumber=1
[    9.383822][    T1] usb usb22: Product: USB/IP Virtual Host Controller
[    9.384669][    T1] usb usb22: Manufacturer: Linux 6.1.0-rc7-g04aa64375f48-dirty vhci_hcd
[    9.385681][    T1] usb usb22: SerialNumber: vhci_hcd.10
[    9.387374][    T1] hub 22-0:1.0: USB hub found
[    9.388026][    T1] hub 22-0:1.0: 8 ports detected
[    9.391280][    T1] vhci_hcd vhci_hcd.10: USB/IP Virtual Host Controller
[    9.392464][    T1] vhci_hcd vhci_hcd.10: new USB bus registered, assigned bus number 23
[    9.393608][    T1] usb usb23: We don't know the algorithms for LPM for this host, disabling LPM.
[    9.394985][    T1] usb usb23: New USB device found, idVendor=1d6b, idProduct=0003, bcdDevice= 6.01
[    9.396135][    T1] usb usb23: New USB device strings: Mfr=3, Product=2, SerialNumber=1
[    9.397124][    T1] usb usb23: Product: USB/IP Virtual Host Controller
[    9.397937][    T1] usb usb23: Manufacturer: Linux 6.1.0-rc7-g04aa64375f48-dirty vhci_hcd
[    9.398943][    T1] usb usb23: SerialNumber: vhci_hcd.10
[    9.400659][    T1] hub 23-0:1.0: USB hub found
[    9.401307][    T1] hub 23-0:1.0: 8 ports detected
[    9.405328][    T1] vhci_hcd vhci_hcd.11: USB/IP Virtual Host Controller
[    9.406592][    T1] vhci_hcd vhci_hcd.11: new USB bus registered, assigned bus number 24
[    9.407955][    T1] usb usb24: New USB device found, idVendor=1d6b, idProduct=0002, bcdDevice= 6.01
[    9.409074][    T1] usb usb24: New USB device strings: Mfr=3, Product=2, SerialNumber=1
[    9.410074][    T1] usb usb24: Product: USB/IP Virtual Host Controller
[    9.410884][    T1] usb usb24: Manufacturer: Linux 6.1.0-rc7-g04aa64375f48-dirty vhci_hcd
[    9.411909][    T1] usb usb24: SerialNumber: vhci_hcd.11
[    9.413616][    T1] hub 24-0:1.0: USB hub found
[    9.414270][    T1] hub 24-0:1.0: 8 ports detected
[    9.417617][    T1] vhci_hcd vhci_hcd.11: USB/IP Virtual Host Controller
[    9.418788][    T1] vhci_hcd vhci_hcd.11: new USB bus registered, assigned bus number 25
[    9.419945][    T1] usb usb25: We don't know the algorithms for LPM for this host, disabling LPM.
[    9.421302][    T1] usb usb25: New USB device found, idVendor=1d6b, idProduct=0003, bcdDevice= 6.01
[    9.422428][    T1] usb usb25: New USB device strings: Mfr=3, Product=2, SerialNumber=1
[    9.423414][    T1] usb usb25: Product: USB/IP Virtual Host Controller
[    9.424231][    T1] usb usb25: Manufacturer: Linux 6.1.0-rc7-g04aa64375f48-dirty vhci_hcd
[    9.425260][    T1] usb usb25: SerialNumber: vhci_hcd.11
[    9.426971][    T1] hub 25-0:1.0: USB hub found
[    9.427613][    T1] hub 25-0:1.0: 8 ports detected
[    9.431596][    T1] vhci_hcd vhci_hcd.12: USB/IP Virtual Host Controller
[    9.432775][    T1] vhci_hcd vhci_hcd.12: new USB bus registered, assigned bus number 26
[    9.434102][    T1] usb usb26: New USB device found, idVendor=1d6b, idProduct=0002, bcdDevice= 6.01
[    9.435274][    T1] usb usb26: New USB device strings: Mfr=3, Product=2, SerialNumber=1
[    9.436281][    T1] usb usb26: Product: USB/IP Virtual Host Controller
[    9.437094][    T1] usb usb26: Manufacturer: Linux 6.1.0-rc7-g04aa64375f48-dirty vhci_hcd
[    9.438108][    T1] usb usb26: SerialNumber: vhci_hcd.12
[    9.439881][    T1] hub 26-0:1.0: USB hub found
[    9.440524][    T1] hub 26-0:1.0: 8 ports detected
[    9.443798][    T1] vhci_hcd vhci_hcd.12: USB/IP Virtual Host Controller
[    9.445433][    T1] vhci_hcd vhci_hcd.12: new USB bus registered, assigned bus number 27
[    9.446569][    T1] usb usb27: We don't know the algorithms for LPM for this host, disabling LPM.
[    9.447949][    T1] usb usb27: New USB device found, idVendor=1d6b, idProduct=0003, bcdDevice= 6.01
[    9.449073][    T1] usb usb27: New USB device strings: Mfr=3, Product=2, SerialNumber=1
[    9.450064][    T1] usb usb27: Product: USB/IP Virtual Host Controller
[    9.450879][    T1] usb usb27: Manufacturer: Linux 6.1.0-rc7-g04aa64375f48-dirty vhci_hcd
[    9.451891][    T1] usb usb27: SerialNumber: vhci_hcd.12
[    9.453590][    T1] hub 27-0:1.0: USB hub found
[    9.454240][    T1] hub 27-0:1.0: 8 ports detected
[    9.458265][    T1] vhci_hcd vhci_hcd.13: USB/IP Virtual Host Controller
[    9.459464][    T1] vhci_hcd vhci_hcd.13: new USB bus registered, assigned bus number 28
[    9.460798][    T1] usb usb28: New USB device found, idVendor=1d6b, idProduct=0002, bcdDevice= 6.01
[    9.461923][    T1] usb usb28: New USB device strings: Mfr=3, Product=2, SerialNumber=1
[    9.462913][    T1] usb usb28: Product: USB/IP Virtual Host Controller
[    9.463718][    T1] usb usb28: Manufacturer: Linux 6.1.0-rc7-g04aa64375f48-dirty vhci_hcd
[    9.464768][    T1] usb usb28: SerialNumber: vhci_hcd.13
[    9.466487][    T1] hub 28-0:1.0: USB hub found
[    9.467138][    T1] hub 28-0:1.0: 8 ports detected
[    9.470626][    T1] vhci_hcd vhci_hcd.13: USB/IP Virtual Host Controller
[    9.471791][    T1] vhci_hcd vhci_hcd.13: new USB bus registered, assigned bus number 29
[    9.472939][    T1] usb usb29: We don't know the algorithms for LPM for this host, disabling LPM.
[    9.474299][    T1] usb usb29: New USB device found, idVendor=1d6b, idProduct=0003, bcdDevice= 6.01
[    9.475455][    T1] usb usb29: New USB device strings: Mfr=3, Product=2, SerialNumber=1
[    9.476463][    T1] usb usb29: Product: USB/IP Virtual Host Controller
[    9.477274][    T1] usb usb29: Manufacturer: Linux 6.1.0-rc7-g04aa64375f48-dirty vhci_hcd
[    9.478285][    T1] usb usb29: SerialNumber: vhci_hcd.13
[    9.480021][    T1] hub 29-0:1.0: USB hub found
[    9.480667][    T1] hub 29-0:1.0: 8 ports detected
[    9.484642][    T1] vhci_hcd vhci_hcd.14: USB/IP Virtual Host Controller
[    9.485833][    T1] vhci_hcd vhci_hcd.14: new USB bus registered, assigned bus number 30
[    9.487164][    T1] usb usb30: New USB device found, idVendor=1d6b, idProduct=0002, bcdDevice= 6.01
[    9.488297][    T1] usb usb30: New USB device strings: Mfr=3, Product=2, SerialNumber=1
[    9.489286][    T1] usb usb30: Product: USB/IP Virtual Host Controller
[    9.490097][    T1] usb usb30: Manufacturer: Linux 6.1.0-rc7-g04aa64375f48-dirty vhci_hcd
[    9.491107][    T1] usb usb30: SerialNumber: vhci_hcd.14
[    9.492807][    T1] hub 30-0:1.0: USB hub found
[    9.493450][    T1] hub 30-0:1.0: 8 ports detected
[    9.496767][    T1] vhci_hcd vhci_hcd.14: USB/IP Virtual Host Controller
[    9.497962][    T1] vhci_hcd vhci_hcd.14: new USB bus registered, assigned bus number 31
[    9.499099][    T1] usb usb31: We don't know the algorithms for LPM for this host, disabling LPM.
[    9.500468][    T1] usb usb31: New USB device found, idVendor=1d6b, idProduct=0003, bcdDevice= 6.01
[    9.501589][    T1] usb usb31: New USB device strings: Mfr=3, Product=2, SerialNumber=1
[    9.502573][    T1] usb usb31: Product: USB/IP Virtual Host Controller
[    9.503386][    T1] usb usb31: Manufacturer: Linux 6.1.0-rc7-g04aa64375f48-dirty vhci_hcd
[    9.504432][    T1] usb usb31: SerialNumber: vhci_hcd.14
[    9.506159][    T1] hub 31-0:1.0: USB hub found
[    9.506812][    T1] hub 31-0:1.0: 8 ports detected
[    9.510879][    T1] vhci_hcd vhci_hcd.15: USB/IP Virtual Host Controller
[    9.512082][    T1] vhci_hcd vhci_hcd.15: new USB bus registered, assigned bus number 32
[    9.513395][    T1] usb usb32: New USB device found, idVendor=1d6b, idProduct=0002, bcdDevice= 6.01
[    9.514545][    T1] usb usb32: New USB device strings: Mfr=3, Product=2, SerialNumber=1
[    9.515534][    T1] usb usb32: Product: USB/IP Virtual Host Controller
[    9.516360][    T1] usb usb32: Manufacturer: Linux 6.1.0-rc7-g04aa64375f48-dirty vhci_hcd
[    9.517372][    T1] usb usb32: SerialNumber: vhci_hcd.15
[    9.519073][    T1] hub 32-0:1.0: USB hub found
[    9.519715][    T1] hub 32-0:1.0: 8 ports detected
[    9.522990][    T1] vhci_hcd vhci_hcd.15: USB/IP Virtual Host Controller
[    9.524155][    T1] vhci_hcd vhci_hcd.15: new USB bus registered, assigned bus number 33
[    9.525305][    T1] usb usb33: We don't know the algorithms for LPM for this host, disabling LPM.
[    9.526668][    T1] usb usb33: New USB device found, idVendor=1d6b, idProduct=0003, bcdDevice= 6.01
[    9.527798][    T1] usb usb33: New USB device strings: Mfr=3, Product=2, SerialNumber=1
[    9.528800][    T1] usb usb33: Product: USB/IP Virtual Host Controller
[    9.529618][    T1] usb usb33: Manufacturer: Linux 6.1.0-rc7-g04aa64375f48-dirty vhci_hcd
[    9.530629][    T1] usb usb33: SerialNumber: vhci_hcd.15
[    9.532348][    T1] hub 33-0:1.0: USB hub found
[    9.533000][    T1] hub 33-0:1.0: 8 ports detected
[    9.537169][    T1] usbcore: registered new device driver usbip-host
[    9.539117][    T1] i8042: PNP: PS/2 Controller [PNP0303:KBD,PNP0f13:MOU] at 0x60,0x64 irq 1,12
[    9.541506][    T1] serio: i8042 KBD port at 0x60,0x64 irq 1
[    9.542883][    T1] serio: i8042 AUX port at 0x60,0x64 irq 12
[    9.546564][    T1] mousedev: PS/2 mouse device common for all mice
[    9.548585][    T1] usbcore: registered new interface driver appletouch
[    9.549621][    T1] usbcore: registered new interface driver bcm5974
[    9.551393][   T31] input: AT Translated Set 2 keyboard as /devices/platform/i8042/serio0/input/input1
[    9.552496][    T1] usbcore: registered new interface driver synaptics_usb
[    9.556102][    T1] usbcore: registered new interface driver iforce
[    9.558126][    T1] usbcore: registered new interface driver xpad
[    9.559850][    T1] usbcore: registered new interface driver usb_acecad
[    9.561733][    T1] usbcore: registered new interface driver aiptek
[    9.563546][    T1] usbcore: registered new interface driver hanwang
[    9.568037][    T1] usbcore: registered new interface driver kbtab
[    9.569799][    T1] usbcore: registered new interface driver pegasus_notetaker
[    9.571946][    T1] usbcore: registered new interface driver usbtouchscreen
[    9.573926][    T1] usbcore: registered new interface driver sur40
[    9.576974][    T1] usbcore: registered new interface driver ati_remote2
[    9.578447][    T1] cm109: Keymap for Komunikate KIP1000 phone loaded
[    9.580088][    T1] usbcore: registered new interface driver cm109
[    9.581227][    T1] cm109: CM109 phone driver: 20080805 (C) Alfred E. Heggestad
[    9.582232][    T1] usbcore: registered new interface driver ims_pcu
[    9.583144][    T1] usbcore: registered new interface driver keyspan_remote
[    9.584124][    T1] usbcore: registered new interface driver powermate
[    9.585577][    T1] usbcore: registered new interface driver yealink
[    9.587228][    T1] rtc_cmos 00:05: RTC can wake from S4
[    9.590754][    T1] rtc_cmos 00:05: registered as rtc0
[    9.591400][    T1] rtc_cmos 00:05: alarms up to one day, y3k, 242 bytes nvram, hpet irqs
[    9.593448][    T1] i2c_dev: i2c /dev entries driver
[    9.594693][    T1] usbcore: registered new interface driver i2c-diolan-u2c
[    9.596111][    T1] usbcore: registered new interface driver RobotFuzz Open Source InterFace, OSIF
[    9.597410][    T1] usbcore: registered new interface driver i2c-tiny-usb
[    9.600336][    T1] usbcore: registered new interface driver igorplugusb
[    9.601356][    T1] usbcore: registered new interface driver iguanair
[    9.602397][    T1] usbcore: registered new interface driver imon
[    9.603827][    T1] usbcore: registered new interface driver mceusb
[    9.604939][    T1] usbcore: registered new interface driver redrat3
[    9.605930][    T1] usbcore: registered new interface driver streamzap
[    9.606941][    T1] usbcore: registered new interface driver ttusbir
[    9.607960][    T1] usbcore: registered new interface driver ati_remote
[    9.609149][    T1] b2c2-flexcop: B2C2 FlexcopII/II(b)/III digital TV receiver chip loaded successfully
[    9.610602][    T1] usbcore: registered new interface driver b2c2_flexcop_usb
[    9.611707][    T1] usbcore: registered new interface driver dvb_usb_vp7045
[    9.612795][    T1] usbcore: registered new interface driver dvb_usb_vp702x
[    9.613880][    T1] usbcore: registered new interface driver dvb_usb_gp8psk
[    9.615054][    T1] usbcore: registered new interface driver dvb_usb_dtt200u
[    9.616170][    T1] usbcore: registered new interface driver dvb_usb_a800
[    9.617252][    T1] usbcore: registered new interface driver dvb_usb_dibusb_mb
[    9.618381][    T1] usbcore: registered new interface driver dvb_usb_dibusb_mc
[    9.619518][    T1] usbcore: registered new interface driver dvb_usb_nova_t_usb2
[    9.620719][    T1] usbcore: registered new interface driver dvb_usb_umt_010
[    9.621822][    T1] usbcore: registered new interface driver dvb_usb_m920x
[    9.622924][    T1] usbcore: registered new interface driver dvb_usb_digitv
[    9.624036][    T1] usbcore: registered new interface driver dvb_usb_cxusb
[    9.625157][    T1] usbcore: registered new interface driver dvb_usb_ttusb2
[    9.626314][    T1] usbcore: registered new interface driver dvb_usb_dib0700
[    9.627402][    T1] usbcore: registered new interface driver opera1
[    9.628431][    T1] usbcore: registered new interface driver dvb_usb_af9005
[    9.629546][    T1] usbcore: registered new interface driver pctv452e
[    9.630621][    T1] usbcore: registered new interface driver dw2102
[    9.631619][    T1] usbcore: registered new interface driver dvb_usb_dtv5100
[    9.632731][    T1] usbcore: registered new interface driver cinergyT2
[    9.633771][    T1] usbcore: registered new interface driver dvb_usb_az6027
[    9.635553][    T1] usbcore: registered new interface driver dvb_usb_technisat_usb2
[    9.636756][    T1] usbcore: registered new interface driver dvb_usb_af9015
[    9.637778][    T1] usbcore: registered new interface driver dvb_usb_af9035
[    9.638759][    T1] usbcore: registered new interface driver dvb_usb_anysee
[    9.639739][    T1] usbcore: registered new interface driver dvb_usb_au6610
[    9.640728][    T1] usbcore: registered new interface driver dvb_usb_az6007
[    9.641714][    T1] usbcore: registered new interface driver dvb_usb_ce6230
[    9.642693][    T1] usbcore: registered new interface driver dvb_usb_ec168
[    9.643657][    T1] usbcore: registered new interface driver dvb_usb_lmedm04
[    9.644685][    T1] usbcore: registered new interface driver dvb_usb_gl861
[    9.645687][    T1] usbcore: registered new interface driver dvb_usb_mxl111sf
[    9.646725][    T1] usbcore: registered new interface driver dvb_usb_rtl28xxu
[    9.647738][    T1] usbcore: registered new interface driver dvb_usb_dvbsky
[    9.648724][    T1] usbcore: registered new interface driver zd1301
[    9.649629][    T1] usbcore: registered new interface driver s2255
[    9.650533][    T1] usbcore: registered new interface driver smsusb
[    9.651445][    T1] usbcore: registered new interface driver ttusb
[    9.652351][    T1] usbcore: registered new interface driver ttusb-dec
[    9.653297][    T1] usbcore: registered new interface driver Abilis Systems as10x usb driver
[    9.654481][    T1] usbcore: registered new interface driver airspy
[    9.655277][    T1] gspca_main: v2.14.0 registered
[    9.656020][    T1] usbcore: registered new interface driver benq
[    9.656903][    T1] usbcore: registered new interface driver conex
[    9.657778][    T1] usbcore: registered new interface driver cpia1
[    9.658652][    T1] usbcore: registered new interface driver dtcs033
[    9.659545][    T1] usbcore: registered new interface driver etoms
[    9.660438][    T1] usbcore: registered new interface driver finepix
[    9.661329][    T1] usbcore: registered new interface driver jeilinj
[    9.662216][    T1] usbcore: registered new interface driver jl2005bcd
[    9.663173][    T1] usbcore: registered new interface driver kinect
[    9.664241][    T1] usbcore: registered new interface driver konica
[    9.665148][    T1] usbcore: registered new interface driver mars
[    9.666046][    T1] usbcore: registered new interface driver mr97310a
[    9.666975][    T1] usbcore: registered new interface driver nw80x
[    9.667891][    T1] usbcore: registered new interface driver ov519
[    9.668764][    T1] usbcore: registered new interface driver ov534
[    9.669639][    T1] usbcore: registered new interface driver ov534_9
[    9.670563][    T1] usbcore: registered new interface driver pac207
[    9.671458][    T1] usbcore: registered new interface driver gspca_pac7302
[    9.672427][    T1] usbcore: registered new interface driver pac7311
[    9.673321][    T1] usbcore: registered new interface driver se401
[    9.674201][    T1] usbcore: registered new interface driver sn9c2028
[    9.675171][    T1] usbcore: registered new interface driver gspca_sn9c20x
[    9.676151][    T1] usbcore: registered new interface driver sonixb
[    9.677066][    T1] usbcore: registered new interface driver sonixj
[    9.677960][    T1] usbcore: registered new interface driver spca500
[    9.678857][    T1] usbcore: registered new interface driver spca501
[    9.679754][    T1] usbcore: registered new interface driver spca505
[    9.680655][    T1] usbcore: registered new interface driver spca506
[    9.681553][    T1] usbcore: registered new interface driver spca508
[    9.682467][    T1] usbcore: registered new interface driver spca561
[    9.683356][    T1] usbcore: registered new interface driver spca1528
[    9.684266][    T1] usbcore: registered new interface driver sq905
[    9.685166][    T1] usbcore: registered new interface driver sq905c
[    9.686058][    T1] usbcore: registered new interface driver sq930x
[    9.686992][    T1] usbcore: registered new interface driver sunplus
[    9.687898][    T1] usbcore: registered new interface driver stk014
[    9.688785][    T1] usbcore: registered new interface driver stk1135
[    9.689676][    T1] usbcore: registered new interface driver stv0680
[    9.690566][    T1] usbcore: registered new interface driver t613
[    9.691444][    T1] usbcore: registered new interface driver gspca_topro
[    9.692388][    T1] usbcore: registered new interface driver touptek
[    9.693301][    T1] usbcore: registered new interface driver tv8532
[    9.694193][    T1] usbcore: registered new interface driver vc032x
[    9.695098][    T1] usbcore: registered new interface driver vicam
[    9.695995][    T1] usbcore: registered new interface driver xirlink-cit
[    9.696989][    T1] usbcore: registered new interface driver gspca_zc3xx
[    9.697937][    T1] usbcore: registered new interface driver ALi m5602
[    9.698884][    T1] usbcore: registered new interface driver STV06xx
[    9.699794][    T1] usbcore: registered new interface driver gspca_gl860
[    9.700786][    T1] usbcore: registered new interface driver hackrf
[    9.701693][    T1] usbcore: registered new interface driver msi2500
[    9.702624][    T1] usbcore: registered new interface driver Philips webcam
[    9.703711][    T1] usbcore: registered new interface driver uvcvideo
[    9.704532][    T1] au0828: au0828 driver loaded
[    9.705249][    T1] usbcore: registered new interface driver au0828
[    9.706174][    T1] usbcore: registered new interface driver cx231xx
[    9.707191][    T1] usbcore: registered new interface driver em28xx
[    9.707974][    T1] em28xx: Registered (Em28xx v4l2 Extension) extension
[    9.708790][    T1] em28xx: Registered (Em28xx Audio Extension) extension
[    9.709615][    T1] em28xx: Registered (Em28xx dvb Extension) extension
[    9.710428][    T1] em28xx: Registered (Em28xx Input Extension) extension
[    9.711402][    T1] usbcore: registered new interface driver go7007
[    9.712294][    T1] usbcore: registered new interface driver go7007-loader
[    9.713349][    T1] usbcore: registered new interface driver hdpvr
[    9.714482][    T1] usbcore: registered new interface driver pvrusb2
[    9.715272][    T1] pvrusb2: V4L in-tree version:Hauppauge WinTV-PVR-USB2 MPEG2 Encoder/Tuner
[    9.716319][    T1] pvrusb2: Debug mask is 31 (0x1f)
[    9.717071][    T1] usbcore: registered new interface driver stk1160
[    9.717961][    T1] usbcore: registered new interface driver usbtv
[    9.719863][    T1] dvbdev: DVB: registering new adapter (dvb_vidtv_bridge)
[    9.722276][    T1] i2c i2c-0: DVB: registering adapter 0 frontend 0 (Dummy demod for DVB-T/T2/C/S/S2)...
[    9.723598][    T1] dvbdev: dvb_create_media_entity: media entity 'Dummy demod for DVB-T/T2/C/S/S2' registered.
[    9.728036][    T1] dvbdev: dvb_create_media_entity: media entity 'dvb-demux' registered.
[    9.731795][    T1] vidtv vidtv.0: Successfully initialized vidtv!
[    9.733567][    T1] vicodec vicodec.0: Device 'stateful-encoder' registered as /dev/video0
[    9.735126][    T1] vicodec vicodec.0: Device 'stateful-decoder' registered as /dev/video1
[    9.736506][    T1] vicodec vicodec.0: Device 'stateless-decoder' registered as /dev/video2
[    9.738578][    T1] vim2m vim2m.0: Device registered as /dev/video0
[    9.748519][    T1] vivid-000: using single planar format API
[    9.755549][    T1] vivid-000: CEC adapter cec0 registered for HDMI input 0
[    9.756766][    T1] vivid-000: V4L2 capture device registered as video7
[    9.757934][    T1] vivid-000: CEC adapter cec1 registered for HDMI output 0
[    9.759134][    T1] vivid-000: V4L2 output device registered as video8
[    9.760263][    T1] vivid-000: V4L2 capture device registered as vbi0, supports raw and sliced VBI
[    9.761708][    T1] vivid-000: V4L2 output device registered as vbi1, supports raw and sliced VBI
[    9.763124][    T1] vivid-000: V4L2 capture device registered as swradio0
[    9.764290][    T1] vivid-000: V4L2 receiver device registered as radio0
[    9.765983][    T1] vivid-000: V4L2 transmitter device registered as radio1
[    9.767162][    T1] vivid-000: V4L2 metadata capture device registered as video9
[    9.768406][    T1] vivid-000: V4L2 metadata output device registered as video10
[    9.769647][    T1] vivid-000: V4L2 touch capture device registered as v4l-touch0
[    9.771400][    T1] usbcore: registered new interface driver radioshark2
[    9.772439][    T1] usbcore: registered new interface driver radioshark
[    9.773495][    T1] usbcore: registered new interface driver radio-si470x
[    9.774945][    T1] usbcore: registered new interface driver radio-usb-si4713
[    9.776195][    T1] usbcore: registered new interface driver dsbr100
[    9.777194][    T1] usbcore: registered new interface driver radio-keene
[    9.778256][    T1] usbcore: registered new interface driver radio-ma901
[    9.779304][    T1] usbcore: registered new interface driver radio-mr800
[    9.780359][    T1] usbcore: registered new interface driver radio-raremono
[    9.782336][    T1] usbcore: registered new interface driver pcwd_usb
[    9.784475][    T1] device-mapper: core: CONFIG_IMA_DISABLE_HTABLE is disabled. Duplicate IMA measurements will not be recorded in the IMA log.
[    9.786206][    T1] device-mapper: uevent: version 1.0.3
[    9.787618][    T1] device-mapper: ioctl: 4.47.0-ioctl (2022-07-28) initialised: dm-devel@redhat.com
[    9.789549][    T1] device-mapper: multipath round-robin: version 1.2.0 loaded
[    9.790447][    T1] device-mapper: multipath queue-length: version 0.2.0 loaded
[    9.791343][    T1] device-mapper: multipath service-time: version 0.3.0 loaded
[    9.792625][    T1] device-mapper: raid: Loading target version 1.15.1
[    9.794424][    T1] Bluetooth: HCI UART driver ver 2.3
[    9.795058][    T1] Bluetooth: HCI UART protocol H4 registered
[    9.795760][    T1] Bluetooth: HCI UART protocol BCSP registered
[    9.796655][    T1] Bluetooth: HCI UART protocol LL registered
[    9.797525][    T1] Bluetooth: HCI UART protocol Three-wire (H5) registered
[    9.798551][    T1] Bluetooth: HCI UART protocol QCA registered
[    9.799279][    T1] Bluetooth: HCI UART protocol AG6XX registered
[    9.800177][    T1] Bluetooth: HCI UART protocol Marvell registered
[    9.801374][    T1] usbcore: registered new interface driver bcm203x
[    9.802366][    T1] usbcore: registered new interface driver bpa10x
[    9.803348][    T1] usbcore: registered new interface driver bfusb
[    9.804355][    T1] usbcore: registered new interface driver btusb
[    9.805421][    T1] usbcore: registered new interface driver ath3k
[    9.806706][    T1] CAPI 2.0 started up with major 68 (middleware)
[    9.807471][    T1] Modular ISDN core version 1.1.29
[    9.808526][    T1] NET: Registered PF_ISDN protocol family
[    9.809215][    T1] DSP module 2.0
[    9.809645][    T1] mISDN_dsp: DSP clocks every 80 samples. This equals 1 jiffies.
[    9.818562][    T1] mISDN: Layer-1-over-IP driver Rev. 2.00
[    9.819711][    T1] 0 virtual devices registered
[    9.820532][    T1] usbcore: registered new interface driver HFC-S_USB
[    9.821338][    T1] VUB300 Driver rom wait states = 1C irqpoll timeout = 0400
[    9.822006][    T1] usbcore: registered new interface driver vub300
[    9.823893][    T1] usbcore: registered new interface driver ushc
[    9.827410][    T1] iscsi: registered transport (iser)
[    9.829135][    T1] SoftiWARP attached
[    9.835175][    T1] hid: raw HID events driver (C) Jiri Kosina
[    9.844310][    T1] usbcore: registered new interface driver usbhid
[    9.856576][    T1] usbhid: USB HID core driver
[    9.858701][    T1] usbcore: registered new interface driver es2_ap_driver
[    9.859747][    T1] comedi: version 0.7.76 - http://www.comedi.org
[    9.861060][    T1] usbcore: registered new interface driver dt9812
[    9.862252][    T1] usbcore: registered new interface driver ni6501
[    9.863420][    T1] usbcore: registered new interface driver usbdux
[    9.864629][    T1] usbcore: registered new interface driver usbduxfast
[    9.865857][    T1] usbcore: registered new interface driver usbduxsigma
[    9.867095][    T1] usbcore: registered new interface driver vmk80xx
[    9.868337][    T1] usbcore: registered new interface driver prism2_usb
[    9.869632][    T1] usbcore: registered new interface driver r8712u
[    9.870749][    T1] greybus: registered new driver hid
[    9.871841][    T1] greybus: registered new driver gbphy
[    9.872820][    T1] gb_gbphy: registered new driver usb
[    9.873766][    T1] asus_wmi: ASUS WMI generic driver loaded
[    9.913078][    T1] usbcore: registered new interface driver snd-usb-audio
[    9.914496][    T1] usbcore: registered new interface driver snd-ua101
[    9.915719][    T1] usbcore: registered new interface driver snd-usb-usx2y
[    9.916987][    T1] usbcore: registered new interface driver snd-usb-us122l
[    9.918269][    T1] usbcore: registered new interface driver snd-usb-caiaq
[    9.919531][    T1] usbcore: registered new interface driver snd-usb-6fire
[    9.920808][    T1] usbcore: registered new interface driver snd-usb-hiface
[    9.922060][    T1] usbcore: registered new interface driver snd-bcd2000
[    9.923259][    T1] usbcore: registered new interface driver snd_usb_pod
[    9.924508][    T1] usbcore: registered new interface driver snd_usb_podhd
[    9.925744][    T1] usbcore: registered new interface driver snd_usb_toneport
[    9.927006][    T1] usbcore: registered new interface driver snd_usb_variax
[    9.928256][    T1] drop_monitor: Initializing network drop monitor service
[    9.929498][    T1] NET: Registered PF_LLC protocol family
[    9.930439][    T1] GACT probability on
[    9.931036][    T1] Mirror/redirect action on
[    9.931798][    T1] Simple TC action Loaded
[    9.933786][    T1] netem: version 1.3
[    9.935211][    T1] u32 classifier
[    9.935729][    T1]     Performance counters on
[    9.936417][    T1]     input device check on
[    9.937078][    T1]     Actions configured
[    9.941343][    T1] xt_time: kernel timezone is -0000
[    9.942190][    T1] IPVS: Registered protocols (TCP, UDP, SCTP, AH, ESP)
[    9.943416][    T1] IPVS: Connection hash table configured (size=4096, memory=32Kbytes)
[    9.944957][    T1] IPVS: ipvs loaded.
[    9.945555][    T1] IPVS: [rr] scheduler registered.
[    9.946320][    T1] IPVS: [wrr] scheduler registered.
[    9.947088][    T1] IPVS: [lc] scheduler registered.
[    9.947844][    T1] IPVS: [wlc] scheduler registered.
[    9.948626][    T1] IPVS: [fo] scheduler registered.
[    9.949379][    T1] IPVS: [ovf] scheduler registered.
[    9.950162][    T1] IPVS: [lblc] scheduler registered.
[    9.950954][    T1] IPVS: [lblcr] scheduler registered.
[    9.951752][    T1] IPVS: [dh] scheduler registered.
[    9.952512][    T1] IPVS: [sh] scheduler registered.
[    9.953267][    T1] IPVS: [mh] scheduler registered.
[    9.954021][    T1] IPVS: [sed] scheduler registered.
[    9.954858][    T1] IPVS: [nq] scheduler registered.
[    9.955620][    T1] IPVS: [twos] scheduler registered.
[    9.956493][    T1] IPVS: [sip] pe registered.
[    9.957261][    T1] ipip: IPv4 and MPLS over IPv4 tunneling driver
[    9.959450][    T1] gre: GRE over IPv4 demultiplexor driver
[    9.960309][    T1] ip_gre: GRE over IPv4 tunneling driver
[    9.964650][    T1] IPv4 over IPsec tunneling driver
[    9.966767][    T1] ipt_CLUSTERIP: ClusterIP Version 0.8 loaded successfully
[    9.968128][    T1] Initializing XFRM netlink socket
[    9.968954][    T1] IPsec XFRM device driver
[    9.970927][    T1] NET: Registered PF_INET6 protocol family
[    9.977349][    T1] Segment Routing with IPv6
[    9.978030][    T1] RPL Segment Routing with IPv6
[    9.978800][    T1] In-situ OAM (IOAM) with IPv6
[    9.979774][    T1] mip6: Mobile IPv6
[    9.981997][    T1] sit: IPv6, IPv4 and MPLS over IPv4 tunneling driver
[    9.985689][    T1] ip6_gre: GRE over IPv6 tunneling driver
[    9.988015][    T1] NET: Registered PF_PACKET protocol family
[    9.988896][    T1] NET: Registered PF_KEY protocol family
[    9.990053][    T1] Bridge firewalling registered
[    9.991062][    T1] NET: Registered PF_X25 protocol family
[    9.991929][    T1] X25: Linux Version 0.2
[    9.996959][    T1] NET: Registered PF_NETROM protocol family
[   10.007894][    T1] NET: Registered PF_ROSE protocol family
[   10.008832][    T1] NET: Registered PF_AX25 protocol family
[   10.009698][    T1] can: controller area network core
[   10.010716][    T1] NET: Registered PF_CAN protocol family
[   10.011555][    T1] can: raw protocol
[   10.012148][    T1] can: broadcast manager protocol
[   10.012901][    T1] can: netlink gateway - max_hops=1
[   10.013853][    T1] can: SAE J1939
[   10.014472][    T1] can: isotp protocol
[   10.015226][    T1] Bluetooth: RFCOMM TTY layer initialized
[   10.016093][    T1] Bluetooth: RFCOMM socket layer initialized
[   10.017002][    T1] Bluetooth: RFCOMM ver 1.11
[   10.017701][    T1] Bluetooth: BNEP (Ethernet Emulation) ver 1.3
[   10.018607][    T1] Bluetooth: BNEP filters: protocol multicast
[   10.019513][    T1] Bluetooth: BNEP socket layer initialized
[   10.020372][    T1] Bluetooth: CMTP (CAPI Emulation) ver 1.0
[   10.021250][    T1] Bluetooth: CMTP socket layer initialized
[   10.022115][    T1] Bluetooth: HIDP (Human Interface Emulation) ver 1.2
[   10.023129][    T1] Bluetooth: HIDP socket layer initialized
[   10.030899][    T1] NET: Registered PF_RXRPC protocol family
[   10.031771][    T1] Key type rxrpc registered
[   10.032449][    T1] Key type rxrpc_s registered
[   10.033845][    T1] NET: Registered PF_KCM protocol family
[   10.034949][    T1] lec:lane_module_init: lec.c: initialized
[   10.035831][    T1] mpoa:atm_mpoa_init: mpc.c: initialized
