bash: warning: setlocale: LC_ALL: cannot change locale (en_US.UTF-8)
c[?7l[2J[0mSeaBIOS (version 1.16.2-debian-1.16.2-1)
Booting from ROM...
c[?7l[2Jearly console in extract_kernel
input_data: 0x000000000d27d2bf
input_len: 0x0000000004b83bb0
output: 0x0000000001000000
output_len: 0x000000000eed0a90
kernel_total_size: 0x0000000010e26000
needed_size: 0x0000000011000000
trampoline_32bit: 0x000000000009d000

Decompressing Linux... Parsing ELF... done.
Booting the kernel.
[    0.000000][    T0] Linux version 6.1.0-rc7-g6aca0f7f313d-dirty (root@buildkitsandbox) (gcc (Debian 12.2.0-14+deb12u1) 12.2.0, GNU ld (GNU Binutils for Debian) 2.40) #2 SMP PREEMPT_DYNAMIC Mon May 25 15:43:09 UTC 2026
[    0.000000][    T0] Command line: console=ttyS0 oops=panic panic=86400 nokaslr earlyprintk=serial rdinit=/init
[    0.000000][    T0] KERNEL supported cpus:
[    0.000000][    T0]   Intel GenuineIntel
[    0.000000][    T0]   AMD AuthenticAMD
[    0.000000][    T0] x86/fpu: Supporting XSAVE feature 0x001: 'x87 floating point registers'
[    0.000000][    T0] x86/fpu: Supporting XSAVE feature 0x002: 'SSE registers'
[    0.000000][    T0] x86/fpu: Supporting XSAVE feature 0x004: 'AVX registers'
[    0.000000][    T0] x86/fpu: xstate_offset[2]:  576, xstate_sizes[2]:  256
[    0.000000][    T0] x86/fpu: Enabled xstate features 0x7, context size is 832 bytes, using 'compacted' format.
[    0.000000][    T0] signal: max sigframe size: 1776
[    0.000000][    T0] BIOS-provided physical RAM map:
[    0.000000][    T0] BIOS-e820: [mem 0x0000000000000000-0x000000000009fbff] usable
[    0.000000][    T0] BIOS-e820: [mem 0x000000000009fc00-0x000000000009ffff] reserved
[    0.000000][    T0] BIOS-e820: [mem 0x00000000000f0000-0x00000000000fffff] reserved
[    0.000000][    T0] BIOS-e820: [mem 0x0000000000100000-0x000000007ffdffff] usable
[    0.000000][    T0] BIOS-e820: [mem 0x000000007ffe0000-0x000000007fffffff] reserved
[    0.000000][    T0] BIOS-e820: [mem 0x00000000feffc000-0x00000000feffffff] reserved
[    0.000000][    T0] BIOS-e820: [mem 0x00000000fffc0000-0x00000000ffffffff] reserved
[    0.000000][    T0] BIOS-e820: [mem 0x000000fd00000000-0x000000ffffffffff] reserved
[    0.000000][    T0] printk: bootconsole [earlyser0] enabled
[    0.000000][    T0] NX (Execute Disable) protection: active
[    0.000000][    T0] SMBIOS 2.8 present.
[    0.000000][    T0] DMI: QEMU Standard PC (i440FX + PIIX, 1996), BIOS 1.16.2-debian-1.16.2-1 04/01/2014
[    0.000000][    T0] Hypervisor detected: KVM
[    0.000000][    T0] kvm-clock: Using msrs 4b564d01 and 4b564d00
[    0.000005][    T0] kvm-clock: using sched offset of 1533965614 cycles
[    0.000805][    T0] clocksource: kvm-clock: mask: 0xffffffffffffffff max_cycles: 0x1cd42e4dffb, max_idle_ns: 881590591483 ns
[    0.003144][    T0] tsc: Detected 3493.436 MHz processor
[    0.008470][    T0] last_pfn = 0x7ffe0 max_arch_pfn = 0x400000000
[    0.009341][    T0] x86/PAT: Configuration [0-7]: WB  WC  UC- UC  WB  WP  UC- WT  
[    0.013549][    T0] found SMP MP-table at [mem 0x000f5ba0-0x000f5baf]
[    0.014408][    T0] Using GB pages for direct mapping
[    0.015843][    T0] RAMDISK: [mem 0x7fe8f000-0x7ffdffff]
[    0.016554][    T0] ACPI: Early table checksum verification disabled
[    0.017389][    T0] ACPI: RSDP 0x00000000000F59D0 000014 (v00 BOCHS )
[    0.018247][    T0] ACPI: RSDT 0x000000007FFE1B33 000034 (v01 BOCHS  BXPC     00000001 BXPC 00000001)
[    0.019645][    T0] ACPI: FACP 0x000000007FFE19DF 000074 (v01 BOCHS  BXPC     00000001 BXPC 00000001)
[    0.021036][    T0] ACPI: DSDT 0x000000007FFE0040 00199F (v01 BOCHS  BXPC     00000001 BXPC 00000001)
[    0.022254][    T0] ACPI: FACS 0x000000007FFE0000 000040
[    0.022960][    T0] ACPI: APIC 0x000000007FFE1A53 000080 (v01 BOCHS  BXPC     00000001 BXPC 00000001)
[    0.024165][    T0] ACPI: HPET 0x000000007FFE1AD3 000038 (v01 BOCHS  BXPC     00000001 BXPC 00000001)
[    0.025373][    T0] ACPI: WAET 0x000000007FFE1B0B 000028 (v01 BOCHS  BXPC     00000001 BXPC 00000001)
[    0.026565][    T0] ACPI: Reserving FACP table memory at [mem 0x7ffe19df-0x7ffe1a52]
[    0.027561][    T0] ACPI: Reserving DSDT table memory at [mem 0x7ffe0040-0x7ffe19de]
[    0.028564][    T0] ACPI: Reserving FACS table memory at [mem 0x7ffe0000-0x7ffe003f]
[    0.029572][    T0] ACPI: Reserving APIC table memory at [mem 0x7ffe1a53-0x7ffe1ad2]
[    0.030569][    T0] ACPI: Reserving HPET table memory at [mem 0x7ffe1ad3-0x7ffe1b0a]
[    0.031579][    T0] ACPI: Reserving WAET table memory at [mem 0x7ffe1b0b-0x7ffe1b32]
[    0.033442][    T0] No NUMA configuration found
[    0.034041][    T0] Faking a node at [mem 0x0000000000000000-0x000000007ffdffff]
[    0.035033][    T0] NODE_DATA(0) allocated [mem 0x7fe89000-0x7fe8efff]
[    0.293368][    T0] Zone ranges:
[    0.293836][    T0]   DMA      [mem 0x0000000000001000-0x0000000000ffffff]
[    0.294754][    T0]   DMA32    [mem 0x0000000001000000-0x000000007ffdffff]
[    0.295663][    T0]   Normal   empty
[    0.296310][    T0]   Device   empty
[    0.297324][    T0] Movable zone start for each node
[    0.298037][    T0] Early memory node ranges
[    0.298593][    T0]   node   0: [mem 0x0000000000001000-0x000000000009efff]
[    0.299506][    T0]   node   0: [mem 0x0000000000100000-0x000000007ffdffff]
[    0.300403][    T0] Initmem setup node 0 [mem 0x0000000000001000-0x000000007ffdffff]
[    0.301410][    T0] On node 0, zone DMA: 1 pages in unavailable ranges
[    0.301515][    T0] On node 0, zone DMA: 97 pages in unavailable ranges
[    0.315414][    T0] On node 0, zone DMA32: 32 pages in unavailable ranges
[    5.797370][    T0] kasan: KernelAddressSanitizer initialized
[    5.799309][    T0] ACPI: PM-Timer IO Port: 0x608
[    5.799936][    T0] ACPI: LAPIC_NMI (acpi_id[0xff] dfl dfl lint[0x1])
[    5.800823][    T0] IOAPIC[0]: apic_id 0, version 17, address 0xfec00000, GSI 0-23
[    5.801803][    T0] ACPI: INT_SRC_OVR (bus 0 bus_irq 0 global_irq 2 dfl dfl)
[    5.802713][    T0] ACPI: INT_SRC_OVR (bus 0 bus_irq 5 global_irq 5 high level)
[    5.803659][    T0] ACPI: INT_SRC_OVR (bus 0 bus_irq 9 global_irq 9 high level)
[    5.804622][    T0] ACPI: INT_SRC_OVR (bus 0 bus_irq 10 global_irq 10 high level)
[    5.805598][    T0] ACPI: INT_SRC_OVR (bus 0 bus_irq 11 global_irq 11 high level)
[    5.806577][    T0] ACPI: Using ACPI (MADT) for SMP configuration information
[    5.807508][    T0] ACPI: HPET id: 0x8086a201 base: 0xfed00000
[    5.808275][    T0] TSC deadline timer available
[    5.808893][    T0] smpboot: Allowing 2 CPUs, 0 hotplug CPUs
[    5.809668][    T0] kvm-guest: KVM setup pv remote TLB flush
[    5.810397][    T0] kvm-guest: setup PV sched yield
[    5.811074][    T0] PM: hibernation: Registered nosave memory: [mem 0x00000000-0x00000fff]
[    5.812145][    T0] PM: hibernation: Registered nosave memory: [mem 0x0009f000-0x0009ffff]
[    5.813214][    T0] PM: hibernation: Registered nosave memory: [mem 0x000a0000-0x000effff]
[    5.814271][    T0] PM: hibernation: Registered nosave memory: [mem 0x000f0000-0x000fffff]
[    5.815331][    T0] [mem 0x80000000-0xfeffbfff] available for PCI devices
[    5.816201][    T0] Booting paravirtualized kernel on KVM
[    5.816907][    T0] clocksource: refined-jiffies: mask: 0xffffffff max_cycles: 0xffffffff, max_idle_ns: 19112604462750000 ns
[    5.862839][    T0] setup_percpu: NR_CPUS:8 nr_cpumask_bits:2 nr_cpu_ids:2 nr_node_ids:1
[    6.061633][    T0] percpu: Embedded 69 pages/cpu s244360 r8192 d30072 u1048576
[    6.062820][    T0] kvm-guest: PV spinlocks enabled
[    6.063512][    T0] PV qspinlock hash table entries: 256 (order: 0, 4096 bytes, linear)
[    6.064714][    T0] Fallback order for Node 0: 0 
[    6.065398][    T0] Built 1 zonelists, mobility grouping on.  Total pages: 515808
[    6.066438][    T0] Policy zone: DMA32
[    6.066980][    T0] Kernel command line: console=ttyS0 oops=panic panic=86400 nokaslr earlyprintk=serial rdinit=/init
[    6.069204][    T0] random: crng init done
[    8.856596][    T0] Dentry cache hash table entries: 262144 (order: 9, 2097152 bytes, linear)
[    8.857882][    T0] Inode-cache hash table entries: 131072 (order: 8, 1048576 bytes, linear)
[    8.948886][    T0] mem auto-init: stack:off, heap alloc:on, heap free:off
[   10.454048][    T0] stackdepot hash table entries: 1048576 (order: 11, 8388608 bytes, linear)
[   10.602842][    T0] Memory: 1474100K/2096632K available (149535K kernel code, 36087K rwdata, 30672K rodata, 2760K init, 33984K bss, 622276K reserved, 0K cma-reserved)
[   10.605250][    T0] SLUB: HWalign=64, Order=0-3, MinObjects=0, CPUs=2, Nodes=1
[   10.607488][    T0] Dynamic Preempt: full
[   10.665193][    T0] Running RCU self tests
[   10.665806][    T0] rcu: Preemptible hierarchical RCU implementation.
[   10.666683][    T0] rcu: 	RCU lockdep checking is enabled.
[   10.667423][    T0] rcu: 	RCU restricting CPUs from NR_CPUS=8 to nr_cpu_ids=2.
[   10.668396][    T0] rcu: 	RCU callback double-/use-after-free debug is enabled.
[   10.669383][    T0] rcu: 	RCU debug extended QS entry/exit.
[   10.670134][    T0] 	Trampoline variant of Tasks RCU enabled.
[   10.670921][    T0] 	Tracing variant of Tasks RCU enabled.
[   10.671692][    T0] rcu: RCU calculated value of scheduler-enlistment delay is 10 jiffies.
[   10.672827][    T0] rcu: Adjusting geometry for rcu_fanout_leaf=16, nr_cpu_ids=2
[   10.702411][    T0] NR_IRQS: 4352, nr_irqs: 440, preallocated irqs: 16
[   10.703707][    T0] rcu: srcu_init: Setting srcu_struct sizes based on contention.
[   10.704934][    T0] kfence: initialized - using 2097152 bytes for 255 objects at 0x(____ptrval____)-0x(____ptrval____)
[   10.714754][    T0] Console: colour VGA+ 80x25
[   10.715383][    T0] printk: console [ttyS0] enabled
[   10.715383][    T0] printk: console [ttyS0] enabled
[   10.716689][    T0] printk: bootconsole [earlyser0] disabled
[   10.716689][    T0] printk: bootconsole [earlyser0] disabled
[   10.718186][    T0] Lock dependency validator: Copyright (c) 2006 Red Hat, Inc., Ingo Molnar
[   10.719304][    T0] ... MAX_LOCKDEP_SUBCLASSES:  8
[   10.719960][    T0] ... MAX_LOCK_DEPTH:          48
[   10.720640][    T0] ... MAX_LOCKDEP_KEYS:        8192
[   10.721330][    T0] ... CLASSHASH_SIZE:          4096
[   10.722020][    T0] ... MAX_LOCKDEP_ENTRIES:     131072
[   10.722729][    T0] ... MAX_LOCKDEP_CHAINS:      262144
[   10.723451][    T0] ... CHAINHASH_SIZE:          131072
[   10.724165][    T0]  memory used by lock dependency info: 20657 kB
[   10.725009][    T0]  memory used for stack traces: 8320 kB
[   10.725754][    T0]  per task-struct memory footprint: 1920 bytes
[   10.726652][    T0] ACPI: Core revision 20220331
[   10.727649][    T0] clocksource: hpet: mask: 0xffffffff max_cycles: 0xffffffff, max_idle_ns: 19112604467 ns
[   10.729192][    T0] APIC: Switch to symmetric I/O mode setup
[   10.730162][    T0] x2apic enabled
[   10.730887][    T0] Switched APIC routing to physical x2apic.
[   10.731674][    T0] kvm-guest: setup PV IPIs
[   10.934663][    T0] ..TIMER: vector=0x30 apic1=0 pin1=2 apic2=-1 pin2=-1
[   10.935663][    T0] tsc: Marking TSC unstable due to TSCs unsynchronized
[   10.936597][    T0] Calibrating delay loop (skipped) preset value.. 6986.87 BogoMIPS (lpj=34934360)
[   10.937810][    T0] pid_max: default: 32768 minimum: 301
[   10.938657][    T0] LSM: Security Framework initializing
[   10.946673][    T0] landlock: Up and running.
[   10.947272][    T0] Yama: becoming mindful.
[   10.947906][    T0] TOMOYO Linux initialized
[   10.948670][    T0] AppArmor: AppArmor initialized
[   10.949307][    T0] LSM support for eBPF active
[   10.950073][    T0] Mount-cache hash table entries: 4096 (order: 3, 32768 bytes, linear)
[   10.951144][    T0] Mountpoint-cache hash table entries: 4096 (order: 3, 32768 bytes, linear)
[   10.954318][    T0] x86/cpu: User Mode Instruction Prevention (UMIP) activated
[   10.955381][    T0] Last level iTLB entries: 4KB 512, 2MB 255, 4MB 127
[   10.956586][    T0] Last level dTLB entries: 4KB 512, 2MB 255, 4MB 127, 1GB 0
[   10.957527][    T0] Spectre V1 : Mitigation: usercopy/swapgs barriers and __user pointer sanitization
[   10.958732][    T0] Spectre V2 : Kernel not compiled with retpoline; no mitigation available!
[   10.958737][    T0] Spectre V2 : Vulnerable
[   10.960397][    T0] Spectre V2 : Spectre v2 / SpectreRSB mitigation: Filling RSB on context switch
[   10.961553][    T0] Spectre V2 : Enabling Speculation Barrier for firmware calls
[   10.962505][    T0] RETBleed: Mitigation: IBPB
[   10.963093][    T0] Spectre V2 : mitigation: Enabling conditional Indirect Branch Prediction Barrier
[   10.964272][    T0] Speculative Store Bypass: Mitigation: Speculative Store Bypass disabled via prctl
[   10.967253][    T0] Freeing SMP alternatives memory: 116K
[   10.968598][    T1] smpboot: CPU0: AMD Ryzen Threadripper PRO 3975WX 32-Cores (family: 0x17, model: 0x31, stepping: 0x0)
[   10.971724][    T1] cblist_init_generic: Setting adjustable number of callback queues.
[   10.972802][    T1] cblist_init_generic: Setting shift to 1 and lim to 1.
[   10.973911][    T1] cblist_init_generic: Setting shift to 1 and lim to 1.
[   10.975186][    T1] Running RCU-tasks wait API self tests
[   11.076876][    T1] Performance Events: Fam17h+ core perfctr, AMD PMU driver.
[   11.078181][    T1] ... version:                0
[   11.078936][    T1] ... bit width:              48
[   11.079709][    T1] ... generic registers:      6
[   11.080459][    T1] ... value mask:             0000ffffffffffff
[   11.081425][    T1] ... max period:             00007fffffffffff
[   11.082386][    T1] ... fixed-purpose events:   0
[   11.083147][    T1] ... event mask:             000000000000003f
[   11.084896][    T1] rcu: Hierarchical SRCU implementation.
[   11.085806][    T1] rcu: 	Max phase no-delay instances is 1000.
[   11.096690][   T13] Callback from call_rcu_tasks_trace() invoked.
[   11.098489][    T1] smp: Bringing up secondary CPUs ...
[   11.100315][    T1] x86: Booting SMP configuration:
[   11.100952][    T1] .... node  #0, CPUs:      #1
[   11.102381][    T1] smp: Brought up 1 node, 2 CPUs
[   11.102381][    T1] smpboot: Max logical packages: 1
[   11.102381][    T1] smpboot: Total of 2 processors activated (13973.74 BogoMIPS)
[   11.106612][    T1] devtmpfs: initialized
[   11.107708][    T1] x86/mm: Memory block size: 128MB
[   11.126962][    T1] clocksource: jiffies: mask: 0xffffffff max_cycles: 0xffffffff, max_idle_ns: 19112604462750000 ns
[   11.136644][    T1] futex hash table entries: 512 (order: 4, 65536 bytes, linear)
[   11.140477][    T1] PM: RTC time: 15:44:35, date: 2026-05-25
[   11.148853][    T1] NET: Registered PF_NETLINK/PF_ROUTE protocol family
[   11.151522][    T1] audit: initializing netlink subsys (disabled)
[   11.152565][   T26] audit: type=2000 audit(1779723876.420:1): state=initialized audit_enabled=0 res=1
[   11.152565][    T1] thermal_sys: Registered thermal governor 'step_wise'
[   11.152565][    T1] thermal_sys: Registered thermal governor 'user_space'
[   11.152565][    T1] cpuidle: using governor menu
[   11.157240][    T1] NET: Registered PF_QIPCRTR protocol family
[   11.158795][    T1] PCI: Using configuration type 1 for base access
[   11.158852][    T1] PCI: Using configuration type 1 for extended access
[   11.341069][    T1] HugeTLB: registered 1.00 GiB page size, pre-allocated 0 pages
[   11.341069][    T1] HugeTLB: 16380 KiB vmemmap can be freed for a 1.00 GiB page
[   11.341069][    T1] HugeTLB: registered 2.00 MiB page size, pre-allocated 0 pages
[   11.342048][    T1] HugeTLB: 28 KiB vmemmap can be freed for a 2.00 MiB page
[   11.914942][   T12] Callback from call_rcu_tasks() invoked.
[   11.917590][    T1] cryptd: max_cpu_qlen set to 1000
[   11.919906][    T1] raid6: skipped pq benchmark and selected avx2x4
[   11.920735][    T1] raid6: using avx2x2 recovery algorithm
[   11.922098][    T1] ACPI: Added _OSI(Module Device)
[   11.922767][    T1] ACPI: Added _OSI(Processor Device)
[   11.923444][    T1] ACPI: Added _OSI(3.0 _SCP Extensions)
[   11.924168][    T1] ACPI: Added _OSI(Processor Aggregator Device)
[   11.949336][    T1] ACPI: 1 ACPI AML tables successfully acquired and loaded
[   11.983594][    T1] ACPI: Interpreter enabled
[   11.984613][    T1] ACPI: PM: (supports S0 S3 S4 S5)
[   11.985360][    T1] ACPI: Using IOAPIC for interrupt routing
[   11.986240][    T1] PCI: Using host bridge windows from ACPI; if necessary, use "pci=nocrs" and report a bug
[   11.986604][    T1] PCI: Using E820 reservations for host bridge windows
[   11.989807][    T1] ACPI: Enabled 2 GPEs in block 00 to 0F
[   12.037494][    T1] ACPI: PCI Root Bridge [PCI0] (domain 0000 [bus 00-ff])
[   12.038489][    T1] acpi PNP0A03:00: _OSC: OS supports [ExtendedConfig ASPM ClockPM Segments MSI HPX-Type3]
[   12.041503][    T1] PCI host bridge to bus 0000:00
[   12.042157][    T1] pci_bus 0000:00: root bus resource [io  0x0000-0x0cf7 window]
[   12.043190][    T1] pci_bus 0000:00: root bus resource [io  0x0d00-0xffff window]
[   12.044233][    T1] pci_bus 0000:00: root bus resource [mem 0x000a0000-0x000bffff window]
[   12.045332][    T1] pci_bus 0000:00: root bus resource [mem 0x80000000-0xfebfffff window]
[   12.046472][    T1] pci_bus 0000:00: root bus resource [mem 0x100000000-0x17fffffff window]
[   12.046810][    T1] pci_bus 0000:00: root bus resource [bus 00-ff]
[   12.048163][    T1] pci 0000:00:00.0: [8086:1237] type 00 class 0x060000
[   12.064691][    T1] pci 0000:00:01.0: [8086:7000] type 00 class 0x060100
[   12.080631][    T1] pci 0000:00:01.1: [8086:7010] type 00 class 0x010180
[   12.083407][    T1] pci 0000:00:01.1: reg 0x20: [io  0xc000-0xc00f]
[   12.084961][    T1] pci 0000:00:01.1: legacy IDE quirk: reg 0x10: [io  0x01f0-0x01f7]
[   12.085956][    T1] pci 0000:00:01.1: legacy IDE quirk: reg 0x14: [io  0x03f6]
[   12.086597][    T1] pci 0000:00:01.1: legacy IDE quirk: reg 0x18: [io  0x0170-0x0177]
[   12.087591][    T1] pci 0000:00:01.1: legacy IDE quirk: reg 0x1c: [io  0x0376]
[   12.089071][    T1] pci 0000:00:01.3: [8086:7113] type 00 class 0x068000
[   12.090584][    T1] pci 0000:00:01.3: quirk: [io  0x0600-0x063f] claimed by PIIX4 ACPI
[   12.091835][    T1] pci 0000:00:01.3: quirk: [io  0x0700-0x070f] claimed by PIIX4 SMB
[   12.093670][    T1] pci 0000:00:02.0: [1234:1111] type 00 class 0x030000
[   12.096953][    T1] pci 0000:00:02.0: reg 0x10: [mem 0xfd000000-0xfdffffff pref]
[   12.099330][    T1] pci 0000:00:02.0: reg 0x18: [mem 0xfebf0000-0xfebf0fff]
[   12.104161][    T1] pci 0000:00:02.0: reg 0x30: [mem 0xfebe0000-0xfebeffff pref]
[   12.105293][    T1] pci 0000:00:02.0: Video device with shadowed ROM at [mem 0x000c0000-0x000dffff]
[   12.124862][    T1] ACPI: PCI: Interrupt link LNKA configured for IRQ 10
[   12.127619][    T1] ACPI: PCI: Interrupt link LNKB configured for IRQ 10
[   12.129895][    T1] ACPI: PCI: Interrupt link LNKC configured for IRQ 11
[   12.132189][    T1] ACPI: PCI: Interrupt link LNKD configured for IRQ 11
[   12.133661][    T1] ACPI: PCI: Interrupt link LNKS configured for IRQ 9
[   12.139134][    T1] iommu: Default domain type: Translated 
[   12.139896][    T1] iommu: DMA domain TLB invalidation policy: lazy mode 
[   12.142641][    T1] SCSI subsystem initialized
[   12.143963][    T1] ACPI: bus type USB registered
[   12.144865][    T1] usbcore: registered new interface driver usbfs
[   12.145786][    T1] usbcore: registered new interface driver hub
[   12.146651][    T1] usbcore: registered new device driver usb
[   12.148020][    T1] mc: Linux media interface: v0.10
[   12.148731][    T1] videodev: Linux video capture interface: v2.00
[   12.149776][    T1] pps_core: LinuxPPS API ver. 1 registered
[   12.150568][    T1] pps_core: Software ver. 5.3.6 - Copyright 2005-2007 Rodolfo Giometti <giometti@linux.it>
[   12.151874][    T1] PTP clock support registered
[   12.152852][    T1] EDAC MC: Ver: 3.0.0
[   12.154677][    T1] Advanced Linux Sound Architecture Driver Initialized.
[   12.158145][    T1] Bluetooth: Core ver 2.22
[   12.158839][    T1] NET: Registered PF_BLUETOOTH protocol family
[   12.159635][    T1] Bluetooth: HCI device and connection manager initialized
[   12.160573][    T1] Bluetooth: HCI socket layer initialized
[   12.161306][    T1] Bluetooth: L2CAP socket layer initialized
[   12.162094][    T1] Bluetooth: SCO socket layer initialized
[   12.162839][    T1] NET: Registered PF_ATMPVC protocol family
[   12.163610][    T1] NET: Registered PF_ATMSVC protocol family
[   12.164486][    T1] NetLabel: Initializing
[   12.165038][    T1] NetLabel:  domain hash size = 128
[   12.165697][    T1] NetLabel:  protocols = UNLABELED CIPSOv4 CALIPSO
[   12.166701][    T1] NetLabel:  unlabeled traffic allowed by default
[   12.167847][    T1] nfc: nfc_init: NFC Core ver 0.1
[   12.167847][    T1] NET: Registered PF_NFC protocol family
[   12.168505][    T1] PCI: Using ACPI for IRQ routing
[   12.169428][    T1] pci 0000:00:02.0: vgaarb: setting as boot VGA device
[   12.169428][    T1] pci 0000:00:02.0: vgaarb: bridge control possible
[   12.169428][    T1] pci 0000:00:02.0: vgaarb: VGA device added: decodes=io+mem,owns=io+mem,locks=none
[   12.169581][    T1] vgaarb: loaded
[   12.170760][    T1] hpet0: at MMIO 0xfed00000, IRQs 2, 8, 0
[   12.171528][    T1] hpet0: 3 comparators, 64-bit 100.000000 MHz counter
[   12.183147][    T1] clocksource: Switched to clocksource kvm-clock
[   12.186576][    T1] VFS: Disk quotas dquot_6.6.0
[   12.186576][    T1] VFS: Dquot-cache hash table entries: 512 (order 0, 4096 bytes)
[   12.186576][    T1] FS-Cache: Loaded
[   12.186576][    T1] CacheFiles: Loaded
[   12.186576][    T1] TOMOYO: 2.6.0
[   12.186576][    T1] Mandatory Access Control activated.
[   12.187861][    T1] AppArmor: AppArmor Filesystem Enabled
[   12.188977][    T1] pnp: PnP ACPI init
[   12.194495][    T1] pnp: PnP ACPI: found 6 devices
[   12.862933][    T1] clocksource: acpi_pm: mask: 0xffffff max_cycles: 0xffffff, max_idle_ns: 2085701024 ns
[   12.864496][    T1] NET: Registered PF_INET protocol family
[   12.865445][    T1] IP idents hash table entries: 32768 (order: 6, 262144 bytes, linear)
[   12.868700][    T1] tcp_listen_portaddr_hash hash table entries: 1024 (order: 4, 73728 bytes, linear)
[   12.870105][    T1] Table-perturb hash table entries: 65536 (order: 6, 262144 bytes, linear)
[   12.871249][    T1] TCP established hash table entries: 16384 (order: 5, 131072 bytes, linear)
[   12.905863][    T1] TCP bind hash table entries: 16384 (order: 9, 2359296 bytes, linear)
[   12.907917][    T1] TCP: Hash tables configured (established 16384 bind 16384)
[   12.909290][    T1] MPTCP token hash table entries: 2048 (order: 5, 180224 bytes, linear)
[   12.910496][    T1] UDP hash table entries: 1024 (order: 5, 163840 bytes, linear)
[   12.911571][    T1] UDP-Lite hash table entries: 1024 (order: 5, 163840 bytes, linear)
[   12.912954][    T1] NET: Registered PF_UNIX/PF_LOCAL protocol family
[   12.914659][    T1] RPC: Registered named UNIX socket transport module.
[   12.915527][    T1] RPC: Registered udp transport module.
[   12.916228][    T1] RPC: Registered tcp transport module.
[   12.916968][    T1] RPC: Registered tcp NFSv4.1 backchannel transport module.
[   12.918876][    T1] NET: Registered PF_XDP protocol family
[   12.919610][    T1] pci_bus 0000:00: resource 4 [io  0x0000-0x0cf7 window]
[   12.920505][    T1] pci_bus 0000:00: resource 5 [io  0x0d00-0xffff window]
[   12.921396][    T1] pci_bus 0000:00: resource 6 [mem 0x000a0000-0x000bffff window]
[   12.922384][    T1] pci_bus 0000:00: resource 7 [mem 0x80000000-0xfebfffff window]
[   12.923348][    T1] pci_bus 0000:00: resource 8 [mem 0x100000000-0x17fffffff window]
[   12.924743][    T1] pci 0000:00:01.0: PIIX3: Enabling Passive Release
[   12.925595][    T1] pci 0000:00:00.0: Limiting direct PCI/PCI transfers
[   12.926529][    T1] PCI: CLS 0 bytes, default 64
[   12.927293][    T1] ACPI: bus type thunderbolt registered
[   12.928876][    T1] kvm: no hardware support for 'kvm_intel'
[   12.930108][   T33] Trying to unpack rootfs image as initramfs...
[   12.936698][    T1] kvm: Nested Virtualization enabled
[   12.937389][    T1] SVM: kvm: Nested Paging enabled
[   12.967285][   T66] cryptomgr_test (66) used greatest stack depth: 29824 bytes left
[   13.073070][   T33] Freeing initrd memory: 1348K
[   13.075006][   T60] kworker/u4:3 (60) used greatest stack depth: 28512 bytes left
[   13.076189][   T58] kworker/u4:3 (58) used greatest stack depth: 28208 bytes left
[   13.079704][   T57] kworker/u4:3 (57) used greatest stack depth: 28080 bytes left
[   16.043206][    T1] Initialise system trusted keyrings
[   16.046842][    T1] workingset: timestamp_bits=40 max_order=19 bucket_order=0
[   16.088799][    T1] zbud: loaded
[   16.095989][    T1] DLM installed
[   16.113522][    T1] squashfs: version 4.0 (2009/01/31) Phillip Lougher
[   16.124567][    T1] NFS: Registering the id_resolver key type
[   16.125518][    T1] Key type id_resolver registered
[   16.126177][    T1] Key type id_legacy registered
[   16.127181][    T1] nfs4filelayout_init: NFSv4 File Layout Driver Registering...
[   16.128208][    T1] nfs4flexfilelayout_init: NFSv4 Flexfile Layout Driver Registering...
[   16.135089][    T1] Key type cifs.spnego registered
[   16.135873][    T1] Key type cifs.idmap registered
[   16.136961][    T1] ntfs: driver 2.1.32 [Flags: R/W].
[   16.138585][    T1] ntfs3: Max link count 4000
[   16.139188][    T1] ntfs3: Enabled Linux POSIX ACLs support
[   16.139919][    T1] ntfs3: Read-only LZX/Xpress compression included
[   16.141512][    T1] efs: 1.0a - http://aeschi.ch.eu.org/efs/
[   16.142455][    T1] jffs2: version 2.2. (NAND) (SUMMARY)  © 2001-2006 Red Hat, Inc.
[   16.155372][    T1] romfs: ROMFS MTD (C) 2007 Red Hat, Inc.
[   16.157830][    T1] QNX4 filesystem 0.2.3 registered.
[   16.158710][    T1] qnx6: QNX6 filesystem 1.0.0 registered.
[   16.160106][    T1] fuse: init (API version 7.37)
[   16.162828][    T1] orangefs_debugfs_init: called with debug mask: :none: :0:
[   16.163188][  T127] kworker/u4:1 (127) used greatest stack depth: 27824 bytes left
[   16.164444][    T1] orangefs_init: module version upstream loaded
[   16.166622][    T1] JFS: nTxBlock = 8192, nTxLock = 65536
[   17.668918][    T1] SGI XFS with ACLs, security attributes, realtime, quota, no debug enabled
[   17.677252][    T1] 9p: Installing v9fs 9p2000 file system support
[   17.679107][    T1] NILFS version 2 loaded
[   17.679657][    T1] befs: version: 0.9.3
[   17.681328][    T1] ocfs2: Registered cluster interface o2cb
[   17.682481][    T1] ocfs2: Registered cluster interface user
[   17.683629][    T1] OCFS2 User DLM kernel interface loaded
[   17.693025][    T1] gfs2: GFS2 installed
[   18.505862][    T1] ceph: loaded (mds proto 32)
[   19.178606][    T1] NET: Registered PF_ALG protocol family
[   19.179456][    T1] xor: automatically using best checksumming function   avx       
[   19.180478][    T1] async_tx: api initialized (async)
[   19.181163][    T1] Key type asymmetric registered
[   19.181794][    T1] Asymmetric key parser 'x509' registered
[   19.182533][    T1] Asymmetric key parser 'pkcs8' registered
[   19.183262][    T1] Key type pkcs7_test registered
[   19.186027][    T1] alg: self-tests for CTR-KDF (hmac(sha256)) passed
[   19.187210][    T1] Block layer SCSI generic (bsg) driver version 0.4 loaded (major 240)
[   19.188716][    T1] io scheduler mq-deadline registered
[   19.189402][    T1] io scheduler kyber registered
[   19.190412][    T1] io scheduler bfq registered
[   19.194513][    T1] input: Power Button as /devices/LNXSYSTM:00/LNXPWRBN:00/input/input0
[   19.227031][    T1] ACPI: button: Power Button [PWRF]
[   19.697281][  T226] kworker/u4:4 (226) used greatest stack depth: 27520 bytes left
[   22.588846][    T1] N_HDLC line discipline registered with maxframe=4096
[   22.590018][    T1] Serial: 8250/16550 driver, 4 ports, IRQ sharing enabled
[   22.591648][    T1] 00:04: ttyS0 at I/O 0x3f8 (irq = 4, base_baud = 115200) is a 16550A
[   22.599050][    T1] Non-volatile memory driver v1.3
[   22.599806][    T1] Linux agpgart interface v0.103
[   22.601299][    T1] ACPI: bus type drm_connector registered
[   22.611012][    T1] [drm] Initialized vgem 1.0.0 20120112 for vgem on minor 0
[   22.617708][    T1] [drm] Initialized vkms 1.0.0 20180514 for vkms on minor 1
[   22.668900][    T1] Console: switching to colour frame buffer device 128x48
[   22.686553][    T1] platform vkms: [drm] fb0: vkmsdrmfb frame buffer device
[   22.687748][    T1] usbcore: registered new interface driver udl
[   22.688837][    T1] bochs-drm 0000:00:02.0: vgaarb: deactivate vga console
[   22.692409][    T1] [drm] Found bochs VGA, ID 0xb0c5.
[   22.693093][    T1] [drm] Framebuffer size 16384 kB @ 0xfd000000, mmio @ 0xfebf0000.
[   22.695804][    T1] [drm] Found EDID data blob.
[   22.697624][    T1] [drm] Initialized bochs-drm 1.0.0 20130925 for 0000:00:02.0 on minor 2
[   22.722597][    T1] fbcon: bochs-drmdrmfb (fb1) is primary device
[   22.722611][    T1] fbcon: Remapping primary device, fb1, to tty 1-63
[   28.338577][    T1] bochs-drm 0000:00:02.0: [drm] fb1: bochs-drmdrmfb frame buffer device
[   28.345204][   T55] Floppy drive(s): fd0 is 2.88M AMI BIOS
[   28.364331][    T1] brd: module loaded
[   28.367577][   T55] FDC 0 is a S82078B
[   28.397470][    T1] loop: module loaded
[   28.440461][    T1] zram: Added device: zram0
[   28.444517][    T1] null_blk: disk nullb0 created
[   28.445254][    T1] null_blk: module loaded
[   28.446051][    T1] Guest personality initialized and is inactive
[   28.447291][    T1] VMCI host device registered (name=vmci, major=10, minor=119)
[   28.448485][    T1] Initialized host personality
[   28.449357][    T1] usbcore: registered new interface driver rtsx_usb
[   28.450783][    T1] usbcore: registered new interface driver viperboard
[   28.451998][    T1] usbcore: registered new interface driver dln2
[   28.453155][    T1] usbcore: registered new interface driver pn533_usb
[   28.455848][    T1] nfcsim 0.2 initialized
[   28.456741][    T1] usbcore: registered new interface driver port100
[   28.457890][    T1] usbcore: registered new interface driver nfcmrvl
[   28.460235][    T1] Loading iSCSI transport class v2.0-870.
[   28.465279][    T1] st: Version 20160209, fixed bufsize 32768, s/g segs 256
[   28.479734][    T1] scsi host0: ata_piix
[   28.481647][    T1] scsi host1: ata_piix
[   28.482656][    T1] ata1: PATA max MWDMA2 cmd 0x1f0 ctl 0x3f6 bmdma 0xc000 irq 14
[   28.483831][    T1] ata2: PATA max MWDMA2 cmd 0x170 ctl 0x376 bmdma 0xc008 irq 15
[   28.488987][    T1] Rounding down aligned max_sectors from 4294967295 to 4294967288
[   28.490499][    T1] db_root: cannot open: /etc/target
[   28.491743][    T1] slram: not enough parameters.
[   28.495319][    T1] ftl_cs: FTL header not found.
[   28.509252][    T1] wireguard: WireGuard 1.0.0 loaded. See www.wireguard.com for information.
[   28.510366][    T1] wireguard: Copyright (C) 2015-2019 Jason A. Donenfeld <Jason@zx2c4.com>. All Rights Reserved.
[   28.511650][    T1] eql: Equalizer2002: Simon Janes (simon@ncm.com) and David S. Miller (davem@redhat.com)
[   28.515309][    T1] MACsec IEEE 802.1AE
[   28.525881][    T1] tun: Universal TUN/TAP device driver, 1.6
[   28.529606][    T1] vcan: Virtual CAN interface driver
[   28.530288][    T1] vxcan: Virtual CAN Tunnel driver
[   28.530921][    T1] slcan: serial line CAN interface driver
[   28.531638][    T1] CAN device driver interface
[   28.532367][    T1] usbcore: registered new interface driver usb_8dev
[   28.533462][    T1] usbcore: registered new interface driver ems_usb
[   28.534558][    T1] usbcore: registered new interface driver gs_usb
[   28.535639][    T1] usbcore: registered new interface driver kvaser_usb
[   28.539493][    T1] usbcore: registered new interface driver mcba_usb
[   28.540593][    T1] usbcore: registered new interface driver peak_usb
[   28.541808][    T1] e100: Intel(R) PRO/100 Network Driver
[   28.542655][    T1] e100: Copyright(c) 1999-2006 Intel Corporation
[   28.543754][    T1] e1000: Intel(R) PRO/1000 Network Driver
[   28.544657][    T1] e1000: Copyright (c) 1999-2006 Intel Corporation.
[   28.545819][    T1] e1000e: Intel(R) PRO/1000 Network Driver
[   28.548122][    T1] e1000e: Copyright(c) 1999 - 2015 Intel Corporation.
[   28.549600][    T1] mkiss: AX.25 Multikiss, Hans Albas PE1AYX
[   28.550503][    T1] AX.25: 6pack driver, Revision: 0.3.0
[   28.551365][    T1] AX.25: bpqether driver version 004
[   28.552163][    T1] PPP generic driver version 2.4.2
[   28.553347][    T1] PPP BSD Compression module registered
[   28.554190][    T1] PPP Deflate Compression module registered
[   28.555130][    T1] PPP MPPE Compression module registered
[   28.555997][    T1] NET: Registered PF_PPPOX protocol family
[   28.557465][    T1] PPTP driver version 0.8.5
[   28.558551][    T1] SLIP: version 0.8.4-NET3.019-NEWTTY (dynamic channels, max=256) (6 bit encapsulation enabled).
[   28.560133][    T1] CSLIP: code copyright 1989 Regents of the University of California.
[   28.561396][    T1] SLIP linefill/keepalive option.
[   28.562175][    T1] hdlc: HDLC support module revision 1.22
[   28.563085][    T1] LAPB Ethernet driver version 0.02
[   28.564280][    T1] usbcore: registered new interface driver ath9k_htc
[   28.565431][    T1] usbcore: registered new interface driver carl9170
[   28.566535][    T1] usbcore: registered new interface driver ath6kl_usb
[   28.568693][    T1] usbcore: registered new interface driver ar5523
[   28.569872][    T1] usbcore: registered new interface driver ath10k_usb
[   28.571053][    T1] usbcore: registered new interface driver rndis_wlan
[   28.572288][    T1] mac80211_hwsim: initializing netlink
[   28.584283][    T1] usbcore: registered new interface driver atusb
[   28.589875][    T1] mac802154_hwsim mac802154_hwsim: Added 2 mac802154 hwsim hardware radios
[   28.591448][    T1] VMware vmxnet3 virtual NIC driver - version 1.7.0.0-k-NAPI
[   28.592847][    T1] usbcore: registered new interface driver catc
[   28.593903][    T1] usbcore: registered new interface driver kaweth
[   28.594900][    T1] pegasus: Pegasus/Pegasus II USB Ethernet driver
[   28.596008][    T1] usbcore: registered new interface driver pegasus
[   28.597136][    T1] usbcore: registered new interface driver rtl8150
[   28.598227][    T1] usbcore: registered new interface driver r8152
[   28.599194][    T1] hso: drivers/net/usb/hso.c: Option Wireless
[   28.600297][    T1] usbcore: registered new interface driver hso
[   28.601333][    T1] usbcore: registered new interface driver lan78xx
[   28.602446][    T1] usbcore: registered new interface driver asix
[   28.603479][    T1] usbcore: registered new interface driver ax88179_178a
[   28.604627][    T1] usbcore: registered new interface driver cdc_ether
[   28.605729][    T1] usbcore: registered new interface driver cdc_eem
[   28.606838][    T1] usbcore: registered new interface driver dm9601
[   28.607909][    T1] usbcore: registered new interface driver sr9700
[   28.608996][    T1] usbcore: registered new interface driver CoreChips
[   28.610130][    T1] usbcore: registered new interface driver smsc75xx
[   28.611213][    T1] usbcore: registered new interface driver smsc95xx
[   28.612276][    T1] usbcore: registered new interface driver gl620a
[   28.613298][    T1] usbcore: registered new interface driver net1080
[   28.614387][    T1] usbcore: registered new interface driver plusb
[   28.615404][    T1] usbcore: registered new interface driver rndis_host
[   28.616507][    T1] usbcore: registered new interface driver cdc_subset
[   28.617657][    T1] usbcore: registered new interface driver zaurus
[   28.618717][    T1] usbcore: registered new interface driver MOSCHIP usb-ethernet driver
[   28.620068][    T1] usbcore: registered new interface driver int51x1
[   28.621126][    T1] usbcore: registered new interface driver cdc_phonet
[   28.622226][    T1] usbcore: registered new interface driver kalmia
[   28.623635][    T1] usbcore: registered new interface driver ipheth
[   28.624700][    T1] usbcore: registered new interface driver sierra_net
[   28.625804][    T1] usbcore: registered new interface driver cx82310_eth
[   28.626971][    T1] usbcore: registered new interface driver cdc_ncm
[   28.628054][    T1] usbcore: registered new interface driver huawei_cdc_ncm
[   28.629203][    T1] usbcore: registered new interface driver lg-vl600
[   28.630277][    T1] usbcore: registered new interface driver qmi_wwan
[   28.631364][    T1] usbcore: registered new interface driver cdc_mbim
[   28.632440][    T1] usbcore: registered new interface driver ch9200
[   28.633507][    T1] usbcore: registered new interface driver r8153_ecm
[   28.636629][    T1] VFIO - User Level meta-driver version: 0.3
[   28.640794][    T1] aoe: AoE v85 initialised.
[   28.646827][ T1008] ata2: found unknown device (class 0)
[   28.648396][    T1] Warning! fotg210_hcd should always be loaded before uhci_hcd and ohci_hcd, not after
[   28.649929][    T1] SPI driver max3421-hcd has no spi_device_id for maxim,max3421
[   28.651881][    T1] usbcore: registered new interface driver cdc_acm
[   28.652601][ T1008] ata2.00: ATAPI: QEMU DVD-ROM, 2.5+, max UDMA/100
[   28.652928][    T1] cdc_acm: USB Abstract Control Model driver for USB modems and ISDN adapters
[   28.655399][    T1] usbcore: registered new interface driver usblp
[   28.656418][    T1] usbcore: registered new interface driver cdc_wdm
[   28.657591][    T1] usbcore: registered new interface driver usbtmc
[   28.658768][    T1] usbcore: registered new interface driver uas
[   28.659794][    T1] usbcore: registered new interface driver usb-storage
[   28.660870][    T1] usbcore: registered new interface driver ums-alauda
[   28.661921][    T1] usbcore: registered new interface driver ums-cypress
[   28.662992][    T1] usbcore: registered new interface driver ums-datafab
[   28.664082][    T1] usbcore: registered new interface driver ums_eneub6250
[   28.665182][    T1] usbcore: registered new interface driver ums-freecom
[   28.666349][   T55] scsi 1:0:0:0: CD-ROM            QEMU     QEMU DVD-ROM     2.5+ PQ: 0 ANSI: 5
[   28.666357][    T1] usbcore: registered new interface driver ums-isd200
[   28.670016][    T1] usbcore: registered new interface driver ums-jumpshot
[   28.671309][    T1] usbcore: registered new interface driver ums-karma
[   28.672371][    T1] usbcore: registered new interface driver ums-onetouch
[   28.673496][    T1] usbcore: registered new interface driver ums-realtek
[   28.674563][    T1] usbcore: registered new interface driver ums-sddr09
[   28.675650][    T1] usbcore: registered new interface driver ums-sddr55
[   28.676860][    T1] usbcore: registered new interface driver ums-usbat
[   28.677970][    T1] usbcore: registered new interface driver mdc800
[   28.678905][    T1] mdc800: v0.7.5 (30/10/2000):USB Driver for Mustek MDC800 Digital Camera
[   28.680265][    T1] usbcore: registered new interface driver microtekX6
[   28.681454][    T1] usbcore: registered new interface driver usbserial_generic
[   28.682809][    T1] usbserial: USB Serial support registered for generic
[   28.683952][    T1] usbcore: registered new interface driver aircable
[   28.684983][    T1] usbserial: USB Serial support registered for aircable
[   28.686097][    T1] usbcore: registered new interface driver ark3116
[   28.687246][    T1] usbserial: USB Serial support registered for ark3116
[   28.688596][    T1] usbcore: registered new interface driver belkin_sa
[   28.689654][    T1] usbserial: USB Serial support registered for Belkin / Peracom / GoHubs USB Serial Adapter
[   28.691225][    T1] usbcore: registered new interface driver ch341
[   28.692221][    T1] usbserial: USB Serial support registered for ch341-uart
[   28.693365][    T1] usbcore: registered new interface driver cp210x
[   28.694406][    T1] usbserial: USB Serial support registered for cp210x
[   28.695525][    T1] usbcore: registered new interface driver cyberjack
[   28.696665][    T1] usbserial: USB Serial support registered for Reiner SCT Cyberjack USB card reader
[   28.698163][    T1] usbcore: registered new interface driver cypress_m8
[   28.699248][    T1] usbserial: USB Serial support registered for DeLorme Earthmate USB
[   28.700587][    T1] usbserial: USB Serial support registered for HID->COM RS232 Adapter
[   28.701945][    T1] usbserial: USB Serial support registered for Nokia CA-42 V2 Adapter
[   28.703342][    T1] usbcore: registered new interface driver usb_debug
[   28.704463][    T1] usbserial: USB Serial support registered for debug
[   28.705585][    T1] usbserial: USB Serial support registered for xhci_dbc
[   28.706808][    T1] usbcore: registered new interface driver digi_acceleport
[   28.707996][    T1] usbserial: USB Serial support registered for Digi 2 port USB adapter
[   28.709325][    T1] usbserial: USB Serial support registered for Digi 4 port USB adapter
[   28.710633][    T1] usbcore: registered new interface driver io_edgeport
[   28.711739][    T1] usbserial: USB Serial support registered for Edgeport 2 port adapter
[   28.713070][    T1] usbserial: USB Serial support registered for Edgeport 4 port adapter
[   28.714345][    T1] usbserial: USB Serial support registered for Edgeport 8 port adapter
[   28.715580][    T1] usbserial: USB Serial support registered for EPiC device
[   28.716789][    T1] usbcore: registered new interface driver io_ti
[   28.717777][    T1] usbserial: USB Serial support registered for Edgeport TI 1 port adapter
[   28.719086][    T1] usbserial: USB Serial support registered for Edgeport TI 2 port adapter
[   28.720502][    T1] usbcore: registered new interface driver empeg
[   28.721533][    T1] usbserial: USB Serial support registered for empeg
[   28.722662][    T1] usbcore: registered new interface driver f81534a_ctrl
[   28.723824][    T1] usbcore: registered new interface driver f81232
[   28.724896][    T1] usbserial: USB Serial support registered for f81232
[   28.726036][    T1] usbserial: USB Serial support registered for f81534a
[   28.727234][    T1] usbcore: registered new interface driver f81534
[   28.728328][    T1] usbserial: USB Serial support registered for Fintek F81532/F81534
[   28.729678][    T1] usbcore: registered new interface driver ftdi_sio
[   28.730737][    T1] usbserial: USB Serial support registered for FTDI USB Serial Device
[   28.732074][    T1] usbcore: registered new interface driver garmin_gps
[   28.733304][    T1] usbserial: USB Serial support registered for Garmin GPS usb/tty
[   28.734559][    T1] usbcore: registered new interface driver ipaq
[   28.735547][    T1] usbserial: USB Serial support registered for PocketPC PDA
[   28.736759][    T1] usbcore: registered new interface driver ipw
[   28.737733][    T1] usbserial: USB Serial support registered for IPWireless converter
[   28.739008][    T1] usbcore: registered new interface driver ir_usb
[   28.740016][    T1] usbserial: USB Serial support registered for IR Dongle
[   28.741111][    T1] usbcore: registered new interface driver iuu_phoenix
[   28.742154][    T1] usbserial: USB Serial support registered for iuu_phoenix
[   28.743283][    T1] usbcore: registered new interface driver keyspan
[   28.744690][    T1] usbserial: USB Serial support registered for Keyspan - (without firmware)
[   28.745937][    T1] usbserial: USB Serial support registered for Keyspan 1 port adapter
[   28.747286][    T1] usbserial: USB Serial support registered for Keyspan 2 port adapter
[   28.748616][    T1] usbserial: USB Serial support registered for Keyspan 4 port adapter
[   28.749987][    T1] usbcore: registered new interface driver keyspan_pda
[   28.751170][    T1] usbserial: USB Serial support registered for Keyspan PDA
[   28.752323][    T1] usbserial: USB Serial support registered for Keyspan PDA - (prerenumeration)
[   28.753779][    T1] usbcore: registered new interface driver kl5kusb105
[   28.754873][    T1] usbserial: USB Serial support registered for KL5KUSB105D / PalmConnect
[   28.756281][    T1] usbcore: registered new interface driver kobil_sct
[   28.757382][    T1] usbserial: USB Serial support registered for KOBIL USB smart card terminal
[   28.758791][    T1] usbcore: registered new interface driver mct_u232
[   28.760067][    T1] usbserial: USB Serial support registered for MCT U232
[   28.761219][    T1] usbcore: registered new interface driver metro_usb
[   28.762297][    T1] usbserial: USB Serial support registered for Metrologic USB to Serial
[   28.763649][    T1] usbcore: registered new interface driver mos7720
[   28.764746][    T1] usbserial: USB Serial support registered for Moschip 2 port adapter
[   28.766094][    T1] usbcore: registered new interface driver mos7840
[   28.767202][    T1] usbserial: USB Serial support registered for Moschip 7840/7820 USB Serial Driver
[   28.768735][    T1] usbcore: registered new interface driver mxuport
[   28.769818][    T1] usbserial: USB Serial support registered for MOXA UPort
[   28.770996][    T1] usbcore: registered new interface driver navman
[   28.772075][    T1] usbserial: USB Serial support registered for navman
[   28.773213][    T1] usbcore: registered new interface driver omninet
[   28.774286][    T1] usbserial: USB Serial support registered for ZyXEL - omni.net usb
[   28.775620][    T1] usbcore: registered new interface driver opticon
[   28.776741][    T1] usbserial: USB Serial support registered for opticon
[   28.777889][    T1] usbcore: registered new interface driver option
[   28.778964][    T1] usbserial: USB Serial support registered for GSM modem (1-port)
[   28.780286][    T1] usbcore: registered new interface driver oti6858
[   28.781364][    T1] usbserial: USB Serial support registered for oti6858
[   28.782528][    T1] usbcore: registered new interface driver pl2303
[   28.783572][    T1] usbserial: USB Serial support registered for pl2303
[   28.784729][    T1] usbcore: registered new interface driver qcaux
[   28.785826][    T1] usbserial: USB Serial support registered for qcaux
[   28.787194][    T1] usbcore: registered new interface driver qcserial
[   28.788298][    T1] usbserial: USB Serial support registered for Qualcomm USB modem
[   28.789599][    T1] usbcore: registered new interface driver quatech2
[   28.790696][    T1] usbserial: USB Serial support registered for Quatech 2nd gen USB to Serial Driver
[   28.792278][    T1] usbcore: registered new interface driver safe_serial
[   28.793418][    T1] usbserial: USB Serial support registered for safe_serial
[   28.794622][    T1] usbcore: registered new interface driver sierra
[   28.795680][    T1] usbserial: USB Serial support registered for Sierra USB modem
[   28.797032][    T1] usbcore: registered new interface driver usb_serial_simple
[   28.798248][    T1] usbserial: USB Serial support registered for carelink
[   28.799384][    T1] usbserial: USB Serial support registered for zio
[   28.800471][    T1] usbserial: USB Serial support registered for funsoft
[   28.801607][    T1] usbserial: USB Serial support registered for flashloader
[   28.802792][    T1] usbserial: USB Serial support registered for google
[   28.803929][    T1] usbserial: USB Serial support registered for libtransistor
[   28.805160][    T1] usbserial: USB Serial support registered for vivopay
[   28.806318][    T1] usbserial: USB Serial support registered for moto_modem
[   28.807675][    T1] usbserial: USB Serial support registered for motorola_tetra
[   28.808932][    T1] usbserial: USB Serial support registered for nokia
[   28.810059][    T1] usbserial: USB Serial support registered for novatel_gps
[   28.811265][    T1] usbserial: USB Serial support registered for hp4x
[   28.812382][    T1] usbserial: USB Serial support registered for suunto
[   28.813518][    T1] usbserial: USB Serial support registered for siemens_mpi
[   28.814739][    T1] usbcore: registered new interface driver spcp8x5
[   28.815829][    T1] usbserial: USB Serial support registered for SPCP8x5
[   28.817014][    T1] usbcore: registered new interface driver ssu100
[   28.818061][    T1] usbserial: USB Serial support registered for Quatech SSU-100 USB to Serial Driver
[   28.819582][    T1] usbcore: registered new interface driver symbolserial
[   28.820735][    T1] usbserial: USB Serial support registered for symbol
[   28.821874][    T1] usbcore: registered new interface driver ti_usb_3410_5052
[   28.823236][    T1] usbserial: USB Serial support registered for TI USB 3410 1 port adapter
[   28.824605][    T1] usbserial: USB Serial support registered for TI USB 5052 2 port adapter
[   28.825990][    T1] usbcore: registered new interface driver upd78f0730
[   28.827126][    T1] usbserial: USB Serial support registered for upd78f0730
[   28.828319][    T1] usbcore: registered new interface driver visor
[   28.829341][    T1] usbserial: USB Serial support registered for Handspring Visor / Palm OS
[   28.830695][    T1] usbserial: USB Serial support registered for Sony Clie 5.0
[   28.831939][    T1] usbserial: USB Serial support registered for Sony Clie 3.5
[   28.833169][    T1] usbcore: registered new interface driver wishbone_serial
[   28.834311][    T1] usbserial: USB Serial support registered for wishbone_serial
[   28.835536][    T1] usbcore: registered new interface driver whiteheat
[   28.836673][    T1] usbserial: USB Serial support registered for Connect Tech - WhiteHEAT - (prerenumeration)
[   28.838243][    T1] usbserial: USB Serial support registered for Connect Tech - WhiteHEAT
[   28.839586][    T1] usbcore: registered new interface driver xr_serial
[   28.840677][    T1] usbserial: USB Serial support registered for xr_serial
[   28.841846][    T1] usbcore: registered new interface driver xsens_mt
[   28.842916][    T1] usbserial: USB Serial support registered for xsens_mt
[   28.844085][    T1] usbcore: registered new interface driver adutux
[   28.845160][    T1] usbcore: registered new interface driver appledisplay
[   28.846311][    T1] usbcore: registered new interface driver cypress_cy7c63
[   28.847658][    T1] usbcore: registered new interface driver cytherm
[   28.848733][    T1] usbcore: registered new interface driver emi26 - firmware loader
[   28.850210][    T1] usbcore: registered new interface driver emi62 - firmware loader
[   28.851506][    T1] ftdi_elan: driver ftdi-elan
[   28.852395][    T1] usbcore: registered new interface driver ftdi-elan
[   28.853551][    T1] usbcore: registered new interface driver idmouse
[   28.854716][    T1] usbcore: registered new interface driver iowarrior
[   28.855808][    T1] usbcore: registered new interface driver isight_firmware
[   28.857041][    T1] usbcore: registered new interface driver usblcd
[   28.858141][    T1] usbcore: registered new interface driver ldusb
[   28.859218][    T1] usbcore: registered new interface driver legousbtower
[   28.860435][    T1] usbcore: registered new interface driver usbtest
[   28.861562][    T1] usbcore: registered new interface driver usb_ehset_test
[   28.862801][    T1] usbcore: registered new interface driver trancevibrator
[   28.864040][    T1] usbcore: registered new interface driver uss720
[   28.865042][    T1] uss720: USB Parport Cable driver for Cables using the Lucent Technologies USS720 Chip
[   28.866656][    T1] uss720: NOTE: this is a special purpose driver to allow nonstandard
[   28.867999][    T1] uss720: protocols (eg. bitbang) over USS720 usb to parallel cables
[   28.869325][    T1] uss720: If you just want to connect to a printer, use usblp instead
[   28.870813][    T1] usbcore: registered new interface driver usbsevseg
[   28.872006][    T1] usbcore: registered new interface driver yurex
[   28.873331][    T1] usbcore: registered new interface driver chaoskey
[   28.874467][    T1] usbcore: registered new interface driver sisusb
[   28.875580][    T1] usbcore: registered new interface driver lvs
[   28.876702][    T1] usbcore: registered new interface driver cxacru
[   28.877844][    T1] usbcore: registered new interface driver speedtch
[   28.879037][    T1] usbcore: registered new interface driver ueagle-atm
[   28.880111][    T1] xusbatm: malformed module parameters
[   28.881614][    T1] dummy_hcd dummy_hcd.0: USB Host+Gadget Emulator, driver 02 May 2005
[   28.882897][    T1] dummy_hcd dummy_hcd.0: Dummy host controller
[   28.884711][    T1] dummy_hcd dummy_hcd.0: new USB bus registered, assigned bus number 1
[   28.886707][    T1] usb usb1: New USB device found, idVendor=1d6b, idProduct=0002, bcdDevice= 6.01
[   28.888185][    T1] usb usb1: New USB device strings: Mfr=3, Product=2, SerialNumber=1
[   28.889461][    T1] usb usb1: Product: Dummy host controller
[   28.890380][    T1] usb usb1: Manufacturer: Linux 6.1.0-rc7-g6aca0f7f313d-dirty dummy_hcd
[   28.891666][    T1] usb usb1: SerialNumber: dummy_hcd.0
[   28.894391][    T1] hub 1-0:1.0: USB hub found
[   28.895331][    T1] hub 1-0:1.0: 1 port detected
[   28.900221][    T1] gadgetfs: USB Gadget filesystem, version 24 Aug 2004
[   28.903951][    T1] vhci_hcd vhci_hcd.0: USB/IP Virtual Host Controller
[   28.905485][    T1] vhci_hcd vhci_hcd.0: new USB bus registered, assigned bus number 2
[   28.907047][    T1] vhci_hcd: created sysfs vhci_hcd.0
[   28.908260][    T1] usb usb2: New USB device found, idVendor=1d6b, idProduct=0002, bcdDevice= 6.01
[   28.909657][    T1] usb usb2: New USB device strings: Mfr=3, Product=2, SerialNumber=1
[   28.910885][    T1] usb usb2: Product: USB/IP Virtual Host Controller
[   28.911772][    T1] usb usb2: Manufacturer: Linux 6.1.0-rc7-g6aca0f7f313d-dirty vhci_hcd
[   28.912835][    T1] usb usb2: SerialNumber: vhci_hcd.0
[   28.914695][    T1] hub 2-0:1.0: USB hub found
[   28.915555][    T1] hub 2-0:1.0: 8 ports detected
[   28.919978][    T1] vhci_hcd vhci_hcd.0: USB/IP Virtual Host Controller
[   28.920281][   T55] sr 1:0:0:0: [sr0] scsi3-mmc drive: 4x/4x cd/rw xa/form2 tray
[   28.922042][    T1] vhci_hcd vhci_hcd.0: new USB bus registered, assigned bus number 3
[   28.922161][   T55] cdrom: Uniform CD-ROM driver Revision: 3.20
[   28.923424][    T1] usb usb3: We don't know the algorithms for LPM for this host, disabling LPM.
[   28.925697][    T1] usb usb3: New USB device found, idVendor=1d6b, idProduct=0003, bcdDevice= 6.01
[   28.926914][    T1] usb usb3: New USB device strings: Mfr=3, Product=2, SerialNumber=1
[   28.927949][    T1] usb usb3: Product: USB/IP Virtual Host Controller
[   28.928778][    T1] usb usb3: Manufacturer: Linux 6.1.0-rc7-g6aca0f7f313d-dirty vhci_hcd
[   28.929815][    T1] usb usb3: SerialNumber: vhci_hcd.0
[   28.931703][    T1] hub 3-0:1.0: USB hub found
[   28.932394][    T1] hub 3-0:1.0: 8 ports detected
[   28.937516][    T1] vhci_hcd vhci_hcd.1: USB/IP Virtual Host Controller
[   28.939091][    T1] vhci_hcd vhci_hcd.1: new USB bus registered, assigned bus number 4
[   28.940592][    T1] usb usb4: New USB device found, idVendor=1d6b, idProduct=0002, bcdDevice= 6.01
[   28.941779][    T1] usb usb4: New USB device strings: Mfr=3, Product=2, SerialNumber=1
[   28.942824][    T1] usb usb4: Product: USB/IP Virtual Host Controller
[   28.943678][    T1] usb usb4: Manufacturer: Linux 6.1.0-rc7-g6aca0f7f313d-dirty vhci_hcd
[   28.944748][    T1] usb usb4: SerialNumber: vhci_hcd.1
[   28.946539][    T1] hub 4-0:1.0: USB hub found
[   28.947570][    T1] hub 4-0:1.0: 8 ports detected
[   28.951105][    T1] vhci_hcd vhci_hcd.1: USB/IP Virtual Host Controller
[   28.952340][    T1] vhci_hcd vhci_hcd.1: new USB bus registered, assigned bus number 5
[   28.953520][    T1] usb usb5: We don't know the algorithms for LPM for this host, disabling LPM.
[   28.954940][    T1] usb usb5: New USB device found, idVendor=1d6b, idProduct=0003, bcdDevice= 6.01
[   28.956125][    T1] usb usb5: New USB device strings: Mfr=3, Product=2, SerialNumber=1
[   28.957342][    T1] usb usb5: Product: USB/IP Virtual Host Controller
[   28.958376][    T1] usb usb5: Manufacturer: Linux 6.1.0-rc7-g6aca0f7f313d-dirty vhci_hcd
[   28.959430][    T1] usb usb5: SerialNumber: vhci_hcd.1
[   28.961603][    T1] hub 5-0:1.0: USB hub found
[   28.962272][    T1] hub 5-0:1.0: 8 ports detected
[   28.965096][   T55] sr 1:0:0:0: Attached scsi generic sg0 type 5
[   28.967173][    T1] vhci_hcd vhci_hcd.2: USB/IP Virtual Host Controller
[   28.968990][    T1] vhci_hcd vhci_hcd.2: new USB bus registered, assigned bus number 6
[   28.970355][    T1] usb usb6: New USB device found, idVendor=1d6b, idProduct=0002, bcdDevice= 6.01
[   28.971507][    T1] usb usb6: New USB device strings: Mfr=3, Product=2, SerialNumber=1
[   28.972525][    T1] usb usb6: Product: USB/IP Virtual Host Controller
[   28.973351][    T1] usb usb6: Manufacturer: Linux 6.1.0-rc7-g6aca0f7f313d-dirty vhci_hcd
[   28.974385][    T1] usb usb6: SerialNumber: vhci_hcd.2
[   28.976170][    T1] hub 6-0:1.0: USB hub found
[   28.976925][    T1] hub 6-0:1.0: 8 ports detected
[   28.980492][    T1] vhci_hcd vhci_hcd.2: USB/IP Virtual Host Controller
[   28.981752][    T1] vhci_hcd vhci_hcd.2: new USB bus registered, assigned bus number 7
[   28.982967][    T1] usb usb7: We don't know the algorithms for LPM for this host, disabling LPM.
[   28.984444][    T1] usb usb7: New USB device found, idVendor=1d6b, idProduct=0003, bcdDevice= 6.01
[   28.985623][    T1] usb usb7: New USB device strings: Mfr=3, Product=2, SerialNumber=1
[   28.986863][    T1] usb usb7: Product: USB/IP Virtual Host Controller
[   28.987717][    T1] usb usb7: Manufacturer: Linux 6.1.0-rc7-g6aca0f7f313d-dirty vhci_hcd
[   28.988777][    T1] usb usb7: SerialNumber: vhci_hcd.2
[   28.990558][    T1] hub 7-0:1.0: USB hub found
[   28.991229][    T1] hub 7-0:1.0: 8 ports detected
[   28.995474][    T1] vhci_hcd vhci_hcd.3: USB/IP Virtual Host Controller
[   28.996851][    T1] vhci_hcd vhci_hcd.3: new USB bus registered, assigned bus number 8
[   28.998230][    T1] usb usb8: New USB device found, idVendor=1d6b, idProduct=0002, bcdDevice= 6.01
[   28.999389][    T1] usb usb8: New USB device strings: Mfr=3, Product=2, SerialNumber=1
[   29.000420][    T1] usb usb8: Product: USB/IP Virtual Host Controller
[   29.001252][    T1] usb usb8: Manufacturer: Linux 6.1.0-rc7-g6aca0f7f313d-dirty vhci_hcd
[   29.002287][    T1] usb usb8: SerialNumber: vhci_hcd.3
[   29.004155][    T1] hub 8-0:1.0: USB hub found
[   29.004823][    T1] hub 8-0:1.0: 8 ports detected
[   29.008752][    T1] vhci_hcd vhci_hcd.3: USB/IP Virtual Host Controller
[   29.009977][    T1] vhci_hcd vhci_hcd.3: new USB bus registered, assigned bus number 9
[   29.011152][    T1] usb usb9: We don't know the algorithms for LPM for this host, disabling LPM.
[   29.012588][    T1] usb usb9: New USB device found, idVendor=1d6b, idProduct=0003, bcdDevice= 6.01
[   29.013765][    T1] usb usb9: New USB device strings: Mfr=3, Product=2, SerialNumber=1
[   29.014818][    T1] usb usb9: Product: USB/IP Virtual Host Controller
[   29.015663][    T1] usb usb9: Manufacturer: Linux 6.1.0-rc7-g6aca0f7f313d-dirty vhci_hcd
[   29.016795][    T1] usb usb9: SerialNumber: vhci_hcd.3
[   29.018590][    T1] hub 9-0:1.0: USB hub found
[   29.019276][    T1] hub 9-0:1.0: 8 ports detected
[   29.023572][    T1] vhci_hcd vhci_hcd.4: USB/IP Virtual Host Controller
[   29.024838][    T1] vhci_hcd vhci_hcd.4: new USB bus registered, assigned bus number 10
[   29.026483][    T1] usb usb10: New USB device found, idVendor=1d6b, idProduct=0002, bcdDevice= 6.01
[   29.027755][    T1] usb usb10: New USB device strings: Mfr=3, Product=2, SerialNumber=1
[   29.028822][    T1] usb usb10: Product: USB/IP Virtual Host Controller
[   29.029687][    T1] usb usb10: Manufacturer: Linux 6.1.0-rc7-g6aca0f7f313d-dirty vhci_hcd
[   29.030766][    T1] usb usb10: SerialNumber: vhci_hcd.4
[   29.032621][    T1] hub 10-0:1.0: USB hub found
[   29.033318][    T1] hub 10-0:1.0: 8 ports detected
[   29.037051][    T1] vhci_hcd vhci_hcd.4: USB/IP Virtual Host Controller
[   29.038364][    T1] vhci_hcd vhci_hcd.4: new USB bus registered, assigned bus number 11
[   29.039575][    T1] usb usb11: We don't know the algorithms for LPM for this host, disabling LPM.
[   29.041049][    T1] usb usb11: New USB device found, idVendor=1d6b, idProduct=0003, bcdDevice= 6.01
[   29.042250][    T1] usb usb11: New USB device strings: Mfr=3, Product=2, SerialNumber=1
[   29.043307][    T1] usb usb11: Product: USB/IP Virtual Host Controller
[   29.044171][    T1] usb usb11: Manufacturer: Linux 6.1.0-rc7-g6aca0f7f313d-dirty vhci_hcd
[   29.045254][    T1] usb usb11: SerialNumber: vhci_hcd.4
[   29.047110][    T1] hub 11-0:1.0: USB hub found
[   29.047823][    T1] hub 11-0:1.0: 8 ports detected
[   29.052195][    T1] vhci_hcd vhci_hcd.5: USB/IP Virtual Host Controller
[   29.053465][    T1] vhci_hcd vhci_hcd.5: new USB bus registered, assigned bus number 12
[   29.054879][    T1] usb usb12: New USB device found, idVendor=1d6b, idProduct=0002, bcdDevice= 6.01
[   29.056085][    T1] usb usb12: New USB device strings: Mfr=3, Product=2, SerialNumber=1
[   29.057189][    T1] usb usb12: Product: USB/IP Virtual Host Controller
[   29.058047][    T1] usb usb12: Manufacturer: Linux 6.1.0-rc7-g6aca0f7f313d-dirty vhci_hcd
[   29.059131][    T1] usb usb12: SerialNumber: vhci_hcd.5
[   29.061139][    T1] hub 12-0:1.0: USB hub found
[   29.061845][    T1] hub 12-0:1.0: 8 ports detected
[   29.065525][    T1] vhci_hcd vhci_hcd.5: USB/IP Virtual Host Controller
[   29.066802][    T1] vhci_hcd vhci_hcd.5: new USB bus registered, assigned bus number 13
[   29.068016][    T1] usb usb13: We don't know the algorithms for LPM for this host, disabling LPM.
[   29.069480][    T1] usb usb13: New USB device found, idVendor=1d6b, idProduct=0003, bcdDevice= 6.01
[   29.070715][    T1] usb usb13: New USB device strings: Mfr=3, Product=2, SerialNumber=1
[   29.071755][    T1] usb usb13: Product: USB/IP Virtual Host Controller
[   29.072615][    T1] usb usb13: Manufacturer: Linux 6.1.0-rc7-g6aca0f7f313d-dirty vhci_hcd
[   29.073673][    T1] usb usb13: SerialNumber: vhci_hcd.5
[   29.075643][    T1] hub 13-0:1.0: USB hub found
[   29.076360][    T1] hub 13-0:1.0: 8 ports detected
[   29.080960][    T1] vhci_hcd vhci_hcd.6: USB/IP Virtual Host Controller
[   29.082286][    T1] vhci_hcd vhci_hcd.6: new USB bus registered, assigned bus number 14
[   29.083737][    T1] usb usb14: New USB device found, idVendor=1d6b, idProduct=0002, bcdDevice= 6.01
[   29.084957][    T1] usb usb14: New USB device strings: Mfr=3, Product=2, SerialNumber=1
[   29.086014][    T1] usb usb14: Product: USB/IP Virtual Host Controller
[   29.086922][    T1] usb usb14: Manufacturer: Linux 6.1.0-rc7-g6aca0f7f313d-dirty vhci_hcd
[   29.088011][    T1] usb usb14: SerialNumber: vhci_hcd.6
[   29.089899][    T1] hub 14-0:1.0: USB hub found
[   29.090680][    T1] hub 14-0:1.0: 8 ports detected
[   29.094496][    T1] vhci_hcd vhci_hcd.6: USB/IP Virtual Host Controller
[   29.095831][    T1] vhci_hcd vhci_hcd.6: new USB bus registered, assigned bus number 15
[   29.097080][    T1] usb usb15: We don't know the algorithms for LPM for this host, disabling LPM.
[   29.098690][    T1] usb usb15: New USB device found, idVendor=1d6b, idProduct=0003, bcdDevice= 6.01
[   29.099966][    T1] usb usb15: New USB device strings: Mfr=3, Product=2, SerialNumber=1
[   29.101128][    T1] usb usb15: Product: USB/IP Virtual Host Controller
[   29.102143][    T1] usb usb15: Manufacturer: Linux 6.1.0-rc7-g6aca0f7f313d-dirty vhci_hcd
[   29.103415][    T1] usb usb15: SerialNumber: vhci_hcd.6
[   29.105754][    T1] hub 15-0:1.0: USB hub found
[   29.106651][    T1] hub 15-0:1.0: 8 ports detected
[   29.112798][    T1] vhci_hcd vhci_hcd.7: USB/IP Virtual Host Controller
[   29.114347][    T1] vhci_hcd vhci_hcd.7: new USB bus registered, assigned bus number 16
[   29.116164][    T1] usb usb16: New USB device found, idVendor=1d6b, idProduct=0002, bcdDevice= 6.01
[   29.117751][    T1] usb usb16: New USB device strings: Mfr=3, Product=2, SerialNumber=1
[   29.119033][    T1] usb usb16: Product: USB/IP Virtual Host Controller
[   29.120073][    T1] usb usb16: Manufacturer: Linux 6.1.0-rc7-g6aca0f7f313d-dirty vhci_hcd
[   29.121332][    T1] usb usb16: SerialNumber: vhci_hcd.7
[   29.123288][    T1] hub 16-0:1.0: USB hub found
[   29.123991][    T1] hub 16-0:1.0: 8 ports detected
[   29.127592][    T1] vhci_hcd vhci_hcd.7: USB/IP Virtual Host Controller
[   29.128841][    T1] vhci_hcd vhci_hcd.7: new USB bus registered, assigned bus number 17
[   29.130057][    T1] usb usb17: We don't know the algorithms for LPM for this host, disabling LPM.
[   29.131516][    T1] usb usb17: New USB device found, idVendor=1d6b, idProduct=0003, bcdDevice= 6.01
[   29.132730][    T1] usb usb17: New USB device strings: Mfr=3, Product=2, SerialNumber=1
[   29.133801][    T1] usb usb17: Product: USB/IP Virtual Host Controller
[   29.134673][    T1] usb usb17: Manufacturer: Linux 6.1.0-rc7-g6aca0f7f313d-dirty vhci_hcd
[   29.135776][    T1] usb usb17: SerialNumber: vhci_hcd.7
[   29.137662][    T1] hub 17-0:1.0: USB hub found
[   29.138373][    T1] hub 17-0:1.0: 8 ports detected
[   29.142731][    T1] vhci_hcd vhci_hcd.8: USB/IP Virtual Host Controller
[   29.144010][    T1] vhci_hcd vhci_hcd.8: new USB bus registered, assigned bus number 18
[   29.145426][    T1] usb usb18: New USB device found, idVendor=1d6b, idProduct=0002, bcdDevice= 6.01
[   29.146660][    T1] usb usb18: New USB device strings: Mfr=3, Product=2, SerialNumber=1
[   29.147709][    T1] usb usb18: Product: USB/IP Virtual Host Controller
[   29.148587][    T1] usb usb18: Manufacturer: Linux 6.1.0-rc7-g6aca0f7f313d-dirty vhci_hcd
[   29.149666][    T1] usb usb18: SerialNumber: vhci_hcd.8
[   29.151461][    T1] hub 18-0:1.0: USB hub found
[   29.152168][    T1] hub 18-0:1.0: 8 ports detected
[   29.155724][    T1] vhci_hcd vhci_hcd.8: USB/IP Virtual Host Controller
[   29.157016][    T1] vhci_hcd vhci_hcd.8: new USB bus registered, assigned bus number 19
[   29.158472][    T1] usb usb19: We don't know the algorithms for LPM for this host, disabling LPM.
[   29.160184][    T1] usb usb19: New USB device found, idVendor=1d6b, idProduct=0003, bcdDevice= 6.01
[   29.161399][    T1] usb usb19: New USB device strings: Mfr=3, Product=2, SerialNumber=1
[   29.162473][    T1] usb usb19: Product: USB/IP Virtual Host Controller
[   29.163359][    T1] usb usb19: Manufacturer: Linux 6.1.0-rc7-g6aca0f7f313d-dirty vhci_hcd
[   29.164474][    T1] usb usb19: SerialNumber: vhci_hcd.8
[   29.166415][    T1] hub 19-0:1.0: USB hub found
[   29.167158][    T1] hub 19-0:1.0: 8 ports detected
[   29.171538][    T1] vhci_hcd vhci_hcd.9: USB/IP Virtual Host Controller
[   29.172840][    T1] vhci_hcd vhci_hcd.9: new USB bus registered, assigned bus number 20
[   29.174259][    T1] usb usb20: New USB device found, idVendor=1d6b, idProduct=0002, bcdDevice= 6.01
[   29.175469][    T1] usb usb20: New USB device strings: Mfr=3, Product=2, SerialNumber=1
[   29.176538][    T1] usb usb20: Product: USB/IP Virtual Host Controller
[   29.177459][    T1] usb usb20: Manufacturer: Linux 6.1.0-rc7-g6aca0f7f313d-dirty vhci_hcd
[   29.178542][    T1] usb usb20: SerialNumber: vhci_hcd.9
[   29.180372][    T1] hub 20-0:1.0: USB hub found
[   29.181064][    T1] hub 20-0:1.0: 8 ports detected
[   29.184545][    T1] vhci_hcd vhci_hcd.9: USB/IP Virtual Host Controller
[   29.185770][    T1] vhci_hcd vhci_hcd.9: new USB bus registered, assigned bus number 21
[   29.187209][    T1] usb usb21: We don't know the algorithms for LPM for this host, disabling LPM.
[   29.188641][    T1] usb usb21: New USB device found, idVendor=1d6b, idProduct=0003, bcdDevice= 6.01
[   29.189821][    T1] usb usb21: New USB device strings: Mfr=3, Product=2, SerialNumber=1
[   29.190848][    T1] usb usb21: Product: USB/IP Virtual Host Controller
[   29.191682][    T1] usb usb21: Manufacturer: Linux 6.1.0-rc7-g6aca0f7f313d-dirty vhci_hcd
[   29.192732][    T1] usb usb21: SerialNumber: vhci_hcd.9
[   29.194557][    T1] hub 21-0:1.0: USB hub found
[   29.195241][    T1] hub 21-0:1.0: 8 ports detected
[   29.199617][    T1] vhci_hcd vhci_hcd.10: USB/IP Virtual Host Controller
[   29.200880][    T1] vhci_hcd vhci_hcd.10: new USB bus registered, assigned bus number 22
[   29.202267][    T1] usb usb22: New USB device found, idVendor=1d6b, idProduct=0002, bcdDevice= 6.01
[   29.203418][    T1] usb usb22: New USB device strings: Mfr=3, Product=2, SerialNumber=1
[   29.204442][    T1] usb usb22: Product: USB/IP Virtual Host Controller
[   29.205279][    T1] usb usb22: Manufacturer: Linux 6.1.0-rc7-g6aca0f7f313d-dirty vhci_hcd
[   29.206329][    T1] usb usb22: SerialNumber: vhci_hcd.10
[   29.208254][    T1] hub 22-0:1.0: USB hub found
[   29.208930][    T1] hub 22-0:1.0: 8 ports detected
[   29.212600][    T1] vhci_hcd vhci_hcd.10: USB/IP Virtual Host Controller
[   29.213871][    T1] vhci_hcd vhci_hcd.10: new USB bus registered, assigned bus number 23
[   29.215064][    T1] usb usb23: We don't know the algorithms for LPM for this host, disabling LPM.
[   29.216488][    T1] usb usb23: New USB device found, idVendor=1d6b, idProduct=0003, bcdDevice= 6.01
[   29.217688][    T1] usb usb23: New USB device strings: Mfr=3, Product=2, SerialNumber=1
[   29.218723][    T1] usb usb23: Product: USB/IP Virtual Host Controller
[   29.219559][    T1] usb usb23: Manufacturer: Linux 6.1.0-rc7-g6aca0f7f313d-dirty vhci_hcd
[   29.220610][    T1] usb usb23: SerialNumber: vhci_hcd.10
[   29.222391][    T1] hub 23-0:1.0: USB hub found
[   29.223069][    T1] hub 23-0:1.0: 8 ports detected
[   29.227421][    T1] vhci_hcd vhci_hcd.11: USB/IP Virtual Host Controller
[   29.228669][    T1] vhci_hcd vhci_hcd.11: new USB bus registered, assigned bus number 24
[   29.230044][    T1] usb usb24: New USB device found, idVendor=1d6b, idProduct=0002, bcdDevice= 6.01
[   29.231205][    T1] usb usb24: New USB device strings: Mfr=3, Product=2, SerialNumber=1
[   29.232262][    T1] usb usb24: Product: USB/IP Virtual Host Controller
[   29.233108][    T1] usb usb24: Manufacturer: Linux 6.1.0-rc7-g6aca0f7f313d-dirty vhci_hcd
[   29.234225][    T1] usb usb24: SerialNumber: vhci_hcd.11
[   29.236168][    T1] hub 24-0:1.0: USB hub found
[   29.236978][    T1] hub 24-0:1.0: 8 ports detected
[   29.240582][    T1] vhci_hcd vhci_hcd.11: USB/IP Virtual Host Controller
[   29.241926][    T1] vhci_hcd vhci_hcd.11: new USB bus registered, assigned bus number 25
[   29.243314][    T1] usb usb25: We don't know the algorithms for LPM for this host, disabling LPM.
[   29.244978][    T1] usb usb25: New USB device found, idVendor=1d6b, idProduct=0003, bcdDevice= 6.01
[   29.246333][    T1] usb usb25: New USB device strings: Mfr=3, Product=2, SerialNumber=1
[   29.247546][    T1] usb usb25: Product: USB/IP Virtual Host Controller
[   29.248463][    T1] usb usb25: Manufacturer: Linux 6.1.0-rc7-g6aca0f7f313d-dirty vhci_hcd
[   29.249602][    T1] usb usb25: SerialNumber: vhci_hcd.11
[   29.251721][    T1] hub 25-0:1.0: USB hub found
[   29.252500][    T1] hub 25-0:1.0: 8 ports detected
[   29.257459][    T1] vhci_hcd vhci_hcd.12: USB/IP Virtual Host Controller
[   29.258839][    T1] vhci_hcd vhci_hcd.12: new USB bus registered, assigned bus number 26
[   29.260265][    T1] usb usb26: New USB device found, idVendor=1d6b, idProduct=0002, bcdDevice= 6.01
[   29.261427][    T1] usb usb26: New USB device strings: Mfr=3, Product=2, SerialNumber=1
[   29.262442][    T1] usb usb26: Product: USB/IP Virtual Host Controller
[   29.263279][    T1] usb usb26: Manufacturer: Linux 6.1.0-rc7-g6aca0f7f313d-dirty vhci_hcd
[   29.264332][    T1] usb usb26: SerialNumber: vhci_hcd.12
[   29.266179][    T1] hub 26-0:1.0: USB hub found
[   29.267764][    T1] hub 26-0:1.0: 8 ports detected
[   29.271264][    T1] vhci_hcd vhci_hcd.12: USB/IP Virtual Host Controller
[   29.272531][    T1] vhci_hcd vhci_hcd.12: new USB bus registered, assigned bus number 27
[   29.273736][    T1] usb usb27: We don't know the algorithms for LPM for this host, disabling LPM.
[   29.275156][    T1] usb usb27: New USB device found, idVendor=1d6b, idProduct=0003, bcdDevice= 6.01
[   29.276344][    T1] usb usb27: New USB device strings: Mfr=3, Product=2, SerialNumber=1
[   29.277429][    T1] usb usb27: Product: USB/IP Virtual Host Controller
[   29.278292][    T1] usb usb27: Manufacturer: Linux 6.1.0-rc7-g6aca0f7f313d-dirty vhci_hcd
[   29.279410][    T1] usb usb27: SerialNumber: vhci_hcd.12
[   29.281294][    T1] hub 27-0:1.0: USB hub found
[   29.281996][    T1] hub 27-0:1.0: 8 ports detected
[   29.286437][    T1] vhci_hcd vhci_hcd.13: USB/IP Virtual Host Controller
[   29.288228][    T1] vhci_hcd vhci_hcd.13: new USB bus registered, assigned bus number 28
[   29.289706][    T1] usb usb28: New USB device found, idVendor=1d6b, idProduct=0002, bcdDevice= 6.01
[   29.291044][    T1] usb usb28: New USB device strings: Mfr=3, Product=2, SerialNumber=1
[   29.292168][    T1] usb usb28: Product: USB/IP Virtual Host Controller
[   29.293032][    T1] usb usb28: Manufacturer: Linux 6.1.0-rc7-g6aca0f7f313d-dirty vhci_hcd
[   29.294114][    T1] usb usb28: SerialNumber: vhci_hcd.13
[   29.296026][    T1] hub 28-0:1.0: USB hub found
[   29.296798][    T1] hub 28-0:1.0: 8 ports detected
[   29.300514][    T1] vhci_hcd vhci_hcd.13: USB/IP Virtual Host Controller
[   29.301814][    T1] vhci_hcd vhci_hcd.13: new USB bus registered, assigned bus number 29
[   29.303059][    T1] usb usb29: We don't know the algorithms for LPM for this host, disabling LPM.
[   29.304611][    T1] usb usb29: New USB device found, idVendor=1d6b, idProduct=0003, bcdDevice= 6.01
[   29.305827][    T1] usb usb29: New USB device strings: Mfr=3, Product=2, SerialNumber=1
[   29.307502][    T1] usb usb29: Product: USB/IP Virtual Host Controller
[   29.308402][    T1] usb usb29: Manufacturer: Linux 6.1.0-rc7-g6aca0f7f313d-dirty vhci_hcd
[   29.309530][    T1] usb usb29: SerialNumber: vhci_hcd.13
[   29.311512][    T1] hub 29-0:1.0: USB hub found
[   29.312231][    T1] hub 29-0:1.0: 8 ports detected
[   29.316845][    T1] vhci_hcd vhci_hcd.14: USB/IP Virtual Host Controller
[   29.318178][    T1] vhci_hcd vhci_hcd.14: new USB bus registered, assigned bus number 30
[   29.319658][    T1] usb usb30: New USB device found, idVendor=1d6b, idProduct=0002, bcdDevice= 6.01
[   29.320951][    T1] usb usb30: New USB device strings: Mfr=3, Product=2, SerialNumber=1
[   29.322036][    T1] usb usb30: Product: USB/IP Virtual Host Controller
[   29.322966][    T1] usb usb30: Manufacturer: Linux 6.1.0-rc7-g6aca0f7f313d-dirty vhci_hcd
[   29.324136][    T1] usb usb30: SerialNumber: vhci_hcd.14
[   29.326245][    T1] hub 30-0:1.0: USB hub found
[   29.327129][    T1] hub 30-0:1.0: 8 ports detected
[   29.331627][    T1] vhci_hcd vhci_hcd.14: USB/IP Virtual Host Controller
[   29.333032][    T1] vhci_hcd vhci_hcd.14: new USB bus registered, assigned bus number 31
[   29.334299][    T1] usb usb31: We don't know the algorithms for LPM for this host, disabling LPM.
[   29.335858][    T1] usb usb31: New USB device found, idVendor=1d6b, idProduct=0003, bcdDevice= 6.01
[   29.337153][    T1] usb usb31: New USB device strings: Mfr=3, Product=2, SerialNumber=1
[   29.338268][    T1] usb usb31: Product: USB/IP Virtual Host Controller
[   29.339170][    T1] usb usb31: Manufacturer: Linux 6.1.0-rc7-g6aca0f7f313d-dirty vhci_hcd
[   29.340300][    T1] usb usb31: SerialNumber: vhci_hcd.14
[   29.342298][    T1] hub 31-0:1.0: USB hub found
[   29.343035][    T1] hub 31-0:1.0: 8 ports detected
[   29.347865][    T1] vhci_hcd vhci_hcd.15: USB/IP Virtual Host Controller
[   29.349181][    T1] vhci_hcd vhci_hcd.15: new USB bus registered, assigned bus number 32
[   29.350661][    T1] usb usb32: New USB device found, idVendor=1d6b, idProduct=0002, bcdDevice= 6.01
[   29.351922][    T1] usb usb32: New USB device strings: Mfr=3, Product=2, SerialNumber=1
[   29.353022][    T1] usb usb32: Product: USB/IP Virtual Host Controller
[   29.353912][    T1] usb usb32: Manufacturer: Linux 6.1.0-rc7-g6aca0f7f313d-dirty vhci_hcd
[   29.355111][    T1] usb usb32: SerialNumber: vhci_hcd.15
[   29.357131][    T1] hub 32-0:1.0: USB hub found
[   29.357873][    T1] hub 32-0:1.0: 8 ports detected
[   29.361901][    T1] vhci_hcd vhci_hcd.15: USB/IP Virtual Host Controller
[   29.363262][    T1] vhci_hcd vhci_hcd.15: new USB bus registered, assigned bus number 33
[   29.364549][    T1] usb usb33: We don't know the algorithms for LPM for this host, disabling LPM.
[   29.366300][    T1] usb usb33: New USB device found, idVendor=1d6b, idProduct=0003, bcdDevice= 6.01
[   29.367743][    T1] usb usb33: New USB device strings: Mfr=3, Product=2, SerialNumber=1
[   29.368857][    T1] usb usb33: Product: USB/IP Virtual Host Controller
[   29.369761][    T1] usb usb33: Manufacturer: Linux 6.1.0-rc7-g6aca0f7f313d-dirty vhci_hcd
[   29.370944][    T1] usb usb33: SerialNumber: vhci_hcd.15
[   29.373054][    T1] hub 33-0:1.0: USB hub found
[   29.373847][    T1] hub 33-0:1.0: 8 ports detected
[   29.378750][    T1] usbcore: registered new device driver usbip-host
[   29.381010][    T1] i8042: PNP: PS/2 Controller [PNP0303:KBD,PNP0f13:MOU] at 0x60,0x64 irq 1,12
[   29.384704][    T1] serio: i8042 KBD port at 0x60,0x64 irq 1
[   29.386227][    T1] serio: i8042 AUX port at 0x60,0x64 irq 12
[   29.389356][    T1] mousedev: PS/2 mouse device common for all mice
[   29.392364][   T31] input: AT Translated Set 2 keyboard as /devices/platform/i8042/serio0/input/input1
[   29.392830][    T1] usbcore: registered new interface driver appletouch
[   29.397294][    T1] usbcore: registered new interface driver bcm5974
[   29.399909][    T1] usbcore: registered new interface driver synaptics_usb
[   29.401437][    T1] usbcore: registered new interface driver iforce
[   29.403284][    T1] usbcore: registered new interface driver xpad
[   29.404299][    T1] usbcore: registered new interface driver usb_acecad
[   29.405305][    T1] usbcore: registered new interface driver aiptek
[   29.406264][    T1] usbcore: registered new interface driver hanwang
[   29.407666][    T1] usbcore: registered new interface driver kbtab
[   29.408630][    T1] usbcore: registered new interface driver pegasus_notetaker
[   29.409772][    T1] usbcore: registered new interface driver usbtouchscreen
[   29.410844][    T1] usbcore: registered new interface driver sur40
[   29.411836][    T1] usbcore: registered new interface driver ati_remote2
[   29.412736][    T1] cm109: Keymap for Komunikate KIP1000 phone loaded
[   29.413751][    T1] usbcore: registered new interface driver cm109
[   29.414582][    T1] cm109: CM109 phone driver: 20080805 (C) Alfred E. Heggestad
[   29.415667][    T1] usbcore: registered new interface driver ims_pcu
[   29.416699][    T1] usbcore: registered new interface driver keyspan_remote
[   29.417758][    T1] usbcore: registered new interface driver powermate
[   29.419015][    T1] usbcore: registered new interface driver yealink
[   29.420504][    T1] rtc_cmos 00:05: RTC can wake from S4
[   29.423912][    T1] rtc_cmos 00:05: registered as rtc0
[   29.424626][    T1] rtc_cmos 00:05: alarms up to one day, y3k, 242 bytes nvram, hpet irqs
[   29.426041][    T1] i2c_dev: i2c /dev entries driver
[   29.427710][    T1] usbcore: registered new interface driver i2c-diolan-u2c
[   29.428869][    T1] usbcore: registered new interface driver RobotFuzz Open Source InterFace, OSIF
[   29.430192][    T1] usbcore: registered new interface driver i2c-tiny-usb
[   29.431849][    T1] usbcore: registered new interface driver igorplugusb
[   29.432856][    T1] usbcore: registered new interface driver iguanair
[   29.433880][    T1] usbcore: registered new interface driver imon
[   29.434882][    T1] usbcore: registered new interface driver mceusb
[   29.435909][    T1] usbcore: registered new interface driver redrat3
[   29.437816][    T1] usbcore: registered new interface driver streamzap
[   29.438823][    T1] usbcore: registered new interface driver ttusbir
[   29.439852][    T1] usbcore: registered new interface driver ati_remote
[   29.440985][    T1] b2c2-flexcop: B2C2 FlexcopII/II(b)/III digital TV receiver chip loaded successfully
[   29.442536][    T1] usbcore: registered new interface driver b2c2_flexcop_usb
[   29.443670][    T1] usbcore: registered new interface driver dvb_usb_vp7045
[   29.444822][    T1] usbcore: registered new interface driver dvb_usb_vp702x
[   29.445981][    T1] usbcore: registered new interface driver dvb_usb_gp8psk
[   29.447442][    T1] usbcore: registered new interface driver dvb_usb_dtt200u
[   29.448572][    T1] usbcore: registered new interface driver dvb_usb_a800
[   29.449647][    T1] usbcore: registered new interface driver dvb_usb_dibusb_mb
[   29.450751][    T1] usbcore: registered new interface driver dvb_usb_dibusb_mc
[   29.451846][    T1] usbcore: registered new interface driver dvb_usb_nova_t_usb2
[   29.452957][    T1] usbcore: registered new interface driver dvb_usb_umt_010
[   29.454073][    T1] usbcore: registered new interface driver dvb_usb_m920x
[   29.455111][    T1] usbcore: registered new interface driver dvb_usb_digitv
[   29.456282][    T1] usbcore: registered new interface driver dvb_usb_cxusb
[   29.457392][    T1] usbcore: registered new interface driver dvb_usb_ttusb2
[   29.458574][    T1] usbcore: registered new interface driver dvb_usb_dib0700
[   29.459908][    T1] usbcore: registered new interface driver opera1
[   29.460917][    T1] usbcore: registered new interface driver dvb_usb_af9005
[   29.462003][    T1] usbcore: registered new interface driver pctv452e
[   29.463024][    T1] usbcore: registered new interface driver dw2102
[   29.464019][    T1] usbcore: registered new interface driver dvb_usb_dtv5100
[   29.465178][    T1] usbcore: registered new interface driver cinergyT2
[   29.466224][    T1] usbcore: registered new interface driver dvb_usb_az6027
[   29.467351][    T1] usbcore: registered new interface driver dvb_usb_technisat_usb2
[   29.468571][    T1] usbcore: registered new interface driver dvb_usb_af9015
[   29.469680][    T1] usbcore: registered new interface driver dvb_usb_af9035
[   29.470764][    T1] usbcore: registered new interface driver dvb_usb_anysee
[   29.471844][    T1] usbcore: registered new interface driver dvb_usb_au6610
[   29.472903][    T1] usbcore: registered new interface driver dvb_usb_az6007
[   29.473974][    T1] usbcore: registered new interface driver dvb_usb_ce6230
[   29.475049][    T1] usbcore: registered new interface driver dvb_usb_ec168
[   29.476107][    T1] usbcore: registered new interface driver dvb_usb_lmedm04
[   29.477206][    T1] usbcore: registered new interface driver dvb_usb_gl861
[   29.478279][    T1] usbcore: registered new interface driver dvb_usb_mxl111sf
[   29.479394][    T1] usbcore: registered new interface driver dvb_usb_rtl28xxu
[   29.480535][    T1] usbcore: registered new interface driver dvb_usb_dvbsky
[   29.481587][    T1] usbcore: registered new interface driver zd1301
[   29.482550][    T1] usbcore: registered new interface driver s2255
[   29.483550][    T1] usbcore: registered new interface driver smsusb
[   29.484534][    T1] usbcore: registered new interface driver ttusb
[   29.485517][    T1] usbcore: registered new interface driver ttusb-dec
[   29.486525][    T1] usbcore: registered new interface driver Abilis Systems as10x usb driver
[   29.487826][    T1] usbcore: registered new interface driver airspy
[   29.488699][    T1] gspca_main: v2.14.0 registered
[   29.489496][    T1] usbcore: registered new interface driver benq
[   29.490474][    T1] usbcore: registered new interface driver conex
[   29.491408][    T1] usbcore: registered new interface driver cpia1
[   29.492349][    T1] usbcore: registered new interface driver dtcs033
[   29.493295][    T1] usbcore: registered new interface driver etoms
[   29.494245][    T1] usbcore: registered new interface driver finepix
[   29.495196][    T1] usbcore: registered new interface driver jeilinj
[   29.496146][    T1] usbcore: registered new interface driver jl2005bcd
[   29.497169][    T1] usbcore: registered new interface driver kinect
[   29.498095][    T1] usbcore: registered new interface driver konica
[   29.499019][    T1] usbcore: registered new interface driver mars
[   29.499957][    T1] usbcore: registered new interface driver mr97310a
[   29.500935][    T1] usbcore: registered new interface driver nw80x
[   29.501898][    T1] usbcore: registered new interface driver ov519
[   29.502799][    T1] usbcore: registered new interface driver ov534
[   29.503709][    T1] usbcore: registered new interface driver ov534_9
[   29.504703][    T1] usbcore: registered new interface driver pac207
[   29.505702][    T1] usbcore: registered new interface driver gspca_pac7302
[   29.506725][    T1] usbcore: registered new interface driver pac7311
[   29.507654][    T1] usbcore: registered new interface driver se401
[   29.508589][    T1] usbcore: registered new interface driver sn9c2028
[   29.508949][ T1861] kworker/u4:4 (1861) used greatest stack depth: 27392 bytes left
[   29.509552][    T1] usbcore: registered new interface driver gspca_sn9c20x
[   29.511426][    T1] usbcore: registered new interface driver sonixb
[   29.512433][    T1] usbcore: registered new interface driver sonixj
[   29.513387][    T1] usbcore: registered new interface driver spca500
[   29.514321][    T1] usbcore: registered new interface driver spca501
[   29.515249][    T1] usbcore: registered new interface driver spca505
[   29.516185][    T1] usbcore: registered new interface driver spca506
[   29.517134][    T1] usbcore: registered new interface driver spca508
[   29.518068][    T1] usbcore: registered new interface driver spca561
[   29.519001][    T1] usbcore: registered new interface driver spca1528
[   29.519954][    T1] usbcore: registered new interface driver sq905
[   29.521196][    T1] usbcore: registered new interface driver sq905c
[   29.522337][    T1] usbcore: registered new interface driver sq930x
[   29.523558][    T1] usbcore: registered new interface driver sunplus
[   29.524752][    T1] usbcore: registered new interface driver stk014
[   29.525921][    T1] usbcore: registered new interface driver stk1135
[   29.527135][    T1] usbcore: registered new interface driver stv0680
[   29.528333][    T1] usbcore: registered new interface driver t613
[   29.529549][    T1] usbcore: registered new interface driver gspca_topro
[   29.530811][    T1] usbcore: registered new interface driver touptek
[   29.532061][    T1] usbcore: registered new interface driver tv8532
[   29.533284][    T1] usbcore: registered new interface driver vc032x
[   29.534487][    T1] usbcore: registered new interface driver vicam
[   29.535729][    T1] usbcore: registered new interface driver xirlink-cit
[   29.537159][    T1] usbcore: registered new interface driver gspca_zc3xx
[   29.538477][    T1] usbcore: registered new interface driver ALi m5602
[   29.539782][    T1] usbcore: registered new interface driver STV06xx
[   29.541069][    T1] usbcore: registered new interface driver gspca_gl860
[   29.542409][    T1] usbcore: registered new interface driver hackrf
[   29.543675][    T1] usbcore: registered new interface driver msi2500
[   29.544978][    T1] usbcore: registered new interface driver Philips webcam
[   29.546531][    T1] usbcore: registered new interface driver uvcvideo
[   29.547650][    T1] au0828: au0828 driver loaded
[   29.548532][    T1] usbcore: registered new interface driver au0828
[   29.549555][    T1] usbcore: registered new interface driver cx231xx
[   29.550689][    T1] usbcore: registered new interface driver em28xx
[   29.551541][    T1] em28xx: Registered (Em28xx v4l2 Extension) extension
[   29.552444][    T1] em28xx: Registered (Em28xx Audio Extension) extension
[   29.553347][    T1] em28xx: Registered (Em28xx dvb Extension) extension
[   29.554220][    T1] em28xx: Registered (Em28xx Input Extension) extension
[   29.555282][    T1] usbcore: registered new interface driver go7007
[   29.556235][    T1] usbcore: registered new interface driver go7007-loader
[   29.557467][    T1] usbcore: registered new interface driver hdpvr
[   29.558660][    T1] usbcore: registered new interface driver pvrusb2
[   29.559498][    T1] pvrusb2: V4L in-tree version:Hauppauge WinTV-PVR-USB2 MPEG2 Encoder/Tuner
[   29.560605][    T1] pvrusb2: Debug mask is 31 (0x1f)
[   29.561407][    T1] usbcore: registered new interface driver stk1160
[   29.562365][    T1] usbcore: registered new interface driver usbtv
[   29.565031][    T1] dvbdev: DVB: registering new adapter (dvb_vidtv_bridge)
[   29.568042][    T1] i2c i2c-0: DVB: registering adapter 0 frontend 0 (Dummy demod for DVB-T/T2/C/S/S2)...
[   29.569524][    T1] dvbdev: dvb_create_media_entity: media entity 'Dummy demod for DVB-T/T2/C/S/S2' registered.
[   29.575891][    T1] dvbdev: dvb_create_media_entity: media entity 'dvb-demux' registered.
[   29.580207][    T1] vidtv vidtv.0: Successfully initialized vidtv!
[   29.581724][    T1] vicodec vicodec.0: Device 'stateful-encoder' registered as /dev/video0
[   29.583076][    T1] vicodec vicodec.0: Device 'stateful-decoder' registered as /dev/video1
[   29.584448][    T1] vicodec vicodec.0: Device 'stateless-decoder' registered as /dev/video2
[   29.587150][    T1] vim2m vim2m.0: Device registered as /dev/video0
[   29.598872][    T1] vivid-000: using single planar format API
[   29.638248][    T1] vivid-000: CEC adapter cec0 registered for HDMI input 0
[   29.639462][    T1] vivid-000: V4L2 capture device registered as video7
[   29.640591][    T1] vivid-000: CEC adapter cec1 registered for HDMI output 0
[   29.641744][    T1] vivid-000: V4L2 output device registered as video8
[   29.642813][    T1] vivid-000: V4L2 capture device registered as vbi0, supports raw and sliced VBI
[   29.644177][    T1] vivid-000: V4L2 output device registered as vbi1, supports raw and sliced VBI
[   29.645519][    T1] vivid-000: V4L2 capture device registered as swradio0
[   29.646636][    T1] vivid-000: V4L2 receiver device registered as radio0
[   29.647710][    T1] vivid-000: V4L2 transmitter device registered as radio1
[   29.648823][    T1] vivid-000: V4L2 metadata capture device registered as video9
[   29.649987][    T1] vivid-000: V4L2 metadata output device registered as video10
[   29.651163][    T1] vivid-000: V4L2 touch capture device registered as v4l-touch0
[   29.652595][    T1] usbcore: registered new interface driver radioshark2
[   29.653564][    T1] usbcore: registered new interface driver radioshark
[   29.654548][    T1] usbcore: registered new interface driver radio-si470x
[   29.655587][    T1] usbcore: registered new interface driver radio-usb-si4713
[   29.656675][    T1] usbcore: registered new interface driver dsbr100
[   29.657594][    T1] usbcore: registered new interface driver radio-keene
[   29.658575][    T1] usbcore: registered new interface driver radio-ma901
[   29.659547][    T1] usbcore: registered new interface driver radio-mr800
[   29.660514][    T1] usbcore: registered new interface driver radio-raremono
[   29.661986][    T1] usbcore: registered new interface driver pcwd_usb
[   29.663926][    T1] device-mapper: core: CONFIG_IMA_DISABLE_HTABLE is disabled. Duplicate IMA measurements will not be recorded in the IMA log.
[   29.665834][    T1] device-mapper: uevent: version 1.0.3
[   29.667364][    T1] device-mapper: ioctl: 4.47.0-ioctl (2022-07-28) initialised: dm-devel@redhat.com
[   29.669739][    T1] device-mapper: multipath round-robin: version 1.2.0 loaded
[   29.670670][    T1] device-mapper: multipath queue-length: version 0.2.0 loaded
[   29.671597][    T1] device-mapper: multipath service-time: version 0.3.0 loaded
[   29.672946][    T1] device-mapper: raid: Loading target version 1.15.1
[   29.674923][    T1] Bluetooth: HCI UART driver ver 2.3
[   29.675597][    T1] Bluetooth: HCI UART protocol H4 registered
[   29.676364][    T1] Bluetooth: HCI UART protocol BCSP registered
[   29.677235][    T1] Bluetooth: HCI UART protocol LL registered
[   29.678041][    T1] Bluetooth: HCI UART protocol Three-wire (H5) registered
[   29.678988][    T1] Bluetooth: HCI UART protocol QCA registered
[   29.679757][    T1] Bluetooth: HCI UART protocol AG6XX registered
[   29.680619][    T1] Bluetooth: HCI UART protocol Marvell registered
[   29.681613][    T1] usbcore: registered new interface driver bcm203x
[   29.682570][    T1] usbcore: registered new interface driver bpa10x
[   29.683511][    T1] usbcore: registered new interface driver bfusb
[   29.685694][    T1] usbcore: registered new interface driver btusb
[   29.686708][    T1] usbcore: registered new interface driver ath3k
[   29.687913][    T1] CAPI 2.0 started up with major 68 (middleware)
[   29.688708][    T1] Modular ISDN core version 1.1.29
[   29.689596][    T1] NET: Registered PF_ISDN protocol family
[   29.690311][    T1] DSP module 2.0
[   29.690749][    T1] mISDN_dsp: DSP clocks every 80 samples. This equals 1 jiffies.
[   29.699865][    T1] mISDN: Layer-1-over-IP driver Rev. 2.00
[   29.701061][    T1] 0 virtual devices registered
[   29.701844][    T1] usbcore: registered new interface driver HFC-S_USB
[   29.702679][    T1] VUB300 Driver rom wait states = 1C irqpoll timeout = 0400
[   29.703303][    T1] usbcore: registered new interface driver vub300
[   29.705133][    T1] usbcore: registered new interface driver ushc
[   29.708813][    T1] iscsi: registered transport (iser)
[   29.709988][    T1] SoftiWARP attached
[   29.717567][    T1] hid: raw HID events driver (C) Jiri Kosina
[   29.755887][    T1] usbcore: registered new interface driver usbhid
[   29.757773][    T1] usbhid: USB HID core driver
[   29.760602][    T1] usbcore: registered new interface driver es2_ap_driver
[   29.761509][    T1] comedi: version 0.7.76 - http://www.comedi.org
[   29.762698][    T1] usbcore: registered new interface driver dt9812
[   29.763725][    T1] usbcore: registered new interface driver ni6501
[   29.764757][    T1] usbcore: registered new interface driver usbdux
[   29.765774][    T1] usbcore: registered new interface driver usbduxfast
[   29.766863][    T1] usbcore: registered new interface driver usbduxsigma
[   29.767940][    T1] usbcore: registered new interface driver vmk80xx
[   29.769010][    T1] usbcore: registered new interface driver prism2_usb
[   29.770148][    T1] usbcore: registered new interface driver r8712u
[   29.771094][    T1] greybus: registered new driver hid
[   29.772073][    T1] greybus: registered new driver gbphy
[   29.772904][    T1] gb_gbphy: registered new driver usb
[   29.773731][    T1] asus_wmi: ASUS WMI generic driver loaded
[   29.807789][    T1] usbcore: registered new interface driver snd-usb-audio
[   29.808861][    T1] usbcore: registered new interface driver snd-ua101
[   29.809833][    T1] usbcore: registered new interface driver snd-usb-usx2y
[   29.810843][    T1] usbcore: registered new interface driver snd-usb-us122l
[   29.811907][    T1] usbcore: registered new interface driver snd-usb-caiaq
[   29.812924][    T1] usbcore: registered new interface driver snd-usb-6fire
[   29.813949][    T1] usbcore: registered new interface driver snd-usb-hiface
[   29.814948][    T1] usbcore: registered new interface driver snd-bcd2000
[   29.815934][    T1] usbcore: registered new interface driver snd_usb_pod
[   29.817192][    T1] usbcore: registered new interface driver snd_usb_podhd
[   29.818181][    T1] usbcore: registered new interface driver snd_usb_toneport
[   29.819194][    T1] usbcore: registered new interface driver snd_usb_variax
[   29.820220][    T1] drop_monitor: Initializing network drop monitor service
[   29.821314][    T1] NET: Registered PF_LLC protocol family
[   29.822139][    T1] GACT probability on
[   29.822649][    T1] Mirror/redirect action on
[   29.823322][    T1] Simple TC action Loaded
[   29.825040][    T1] netem: version 1.3
[   29.825753][    T1] u32 classifier
[   29.826194][    T1]     Performance counters on
[   29.826992][    T1]     input device check on
[   29.827583][    T1]     Actions configured
[   29.831679][    T1] xt_time: kernel timezone is -0000
[   29.832412][    T1] IPVS: Registered protocols (TCP, UDP, SCTP, AH, ESP)
[   29.833461][    T1] IPVS: Connection hash table configured (size=4096, memory=32Kbytes)
[   29.834771][    T1] IPVS: ipvs loaded.
[   29.835275][    T1] IPVS: [rr] scheduler registered.
[   29.835911][    T1] IPVS: [wrr] scheduler registered.
[   29.836547][    T1] IPVS: [lc] scheduler registered.
[   29.837218][    T1] IPVS: [wlc] scheduler registered.
[   29.837858][    T1] IPVS: [fo] scheduler registered.
[   29.838490][    T1] IPVS: [ovf] scheduler registered.
[   29.839137][    T1] IPVS: [lblc] scheduler registered.
[   29.839786][    T1] IPVS: [lblcr] scheduler registered.
[   29.840457][    T1] IPVS: [dh] scheduler registered.
[   29.841084][    T1] IPVS: [sh] scheduler registered.
[   29.841711][    T1] IPVS: [mh] scheduler registered.
[   29.842344][    T1] IPVS: [sed] scheduler registered.
[   29.842984][    T1] IPVS: [nq] scheduler registered.
[   29.843612][    T1] IPVS: [twos] scheduler registered.
[   29.844358][    T1] IPVS: [sip] pe registered.
[   29.845015][    T1] ipip: IPv4 and MPLS over IPv4 tunneling driver
[   29.846836][    T1] gre: GRE over IPv4 demultiplexor driver
[   29.847549][    T1] ip_gre: GRE over IPv4 tunneling driver
[   29.851202][    T1] IPv4 over IPsec tunneling driver
[   29.852948][    T1] ipt_CLUSTERIP: ClusterIP Version 0.8 loaded successfully
[   29.854122][    T1] Initializing XFRM netlink socket
[   29.854842][    T1] IPsec XFRM device driver
[   29.856842][    T1] NET: Registered PF_INET6 protocol family
[   29.863054][    T1] Segment Routing with IPv6
[   29.863642][    T1] RPL Segment Routing with IPv6
[   29.864315][    T1] In-situ OAM (IOAM) with IPv6
[   29.865218][    T1] mip6: Mobile IPv6
[   29.867539][    T1] sit: IPv6, IPv4 and MPLS over IPv4 tunneling driver
[   29.870652][    T1] ip6_gre: GRE over IPv6 tunneling driver
[   29.872504][    T1] NET: Registered PF_PACKET protocol family
[   29.873298][    T1] NET: Registered PF_KEY protocol family
[   29.874382][    T1] Bridge firewalling registered
[   29.875332][    T1] NET: Registered PF_X25 protocol family
[   29.876112][    T1] X25: Linux Version 0.2
[   29.879631][    T1] NET: Registered PF_NETROM protocol family
[   29.888382][    T1] NET: Registered PF_ROSE protocol family
[   29.889460][    T1] NET: Registered PF_AX25 protocol family
[   29.890198][    T1] can: controller area network core
[   29.891119][    T1] NET: Registered PF_CAN protocol family
[   29.891835][    T1] can: raw protocol
[   29.892345][    T1] can: broadcast manager protocol
[   29.892984][    T1] can: netlink gateway - max_hops=1
[   29.893837][    T1] can: SAE J1939
[   29.894289][    T1] can: isotp protocol
[   29.894943][    T1] Bluetooth: RFCOMM TTY layer initialized
[   29.895672][    T1] Bluetooth: RFCOMM socket layer initialized
[   29.896452][    T1] Bluetooth: RFCOMM ver 1.11
[   29.897080][    T1] Bluetooth: BNEP (Ethernet Emulation) ver 1.3
[   29.897871][    T1] Bluetooth: BNEP filters: protocol multicast
[   29.898652][    T1] Bluetooth: BNEP socket layer initialized
[   29.899392][    T1] Bluetooth: CMTP (CAPI Emulation) ver 1.0
[   29.900142][    T1] Bluetooth: CMTP socket layer initialized
[   29.900876][    T1] Bluetooth: HIDP (Human Interface Emulation) ver 1.2
[   29.901751][    T1] Bluetooth: HIDP socket layer initialized
[   29.905850][    T1] NET: Registered PF_RXRPC protocol family
[   29.906722][    T1] Key type rxrpc registered
