c[?7l[2J[0mSeaBIOS (version 1.16.2-debian-1.16.2-1)


iPXE (http://ipxe.org) 00:03.0 CA00 PCI2.10 PnP PMM+7EFCEF00+7EF0EF00 CA00
Press Ctrl-B to configure iPXE (PCI 00:03.0)...                                                                               


Booting from ROM...
c[?7l[2JNo EFI environment detected.
early console in extract_kernel
input_data: 0x0000000004bc33a8
input_len: 0x00000000019c4dfd
output: 0x0000000001000000
output_len: 0x0000000005512744
kernel_total_size: 0x0000000005230000
needed_size: 0x0000000005600000
trampoline_32bit: 0x000000000009d000


KASLR disabled: 'nokaslr' on cmdline.


Decompressing Linux... Parsing ELF... No relocation needed... done.
Booting the kernel (entry_offset: 0x0000000000000000).
[    0.000000] Linux version 6.4.0-rc6-00229-g0516585786b3-dirty (root@buildkitsandbox) (gcc (Debian 12.2.0-14+deb12u1) 12.2.0, GNU ld (GNU Binutils for Debian) 2.40) #2 SMP PREEMPT_DYNAMIC Sat May 16 05:54:24 UTC 2026
[    0.000000] Command line: console=ttyS0 oops=panic panic=-1 nokaslr earlyprintk=serial
[    0.000000] x86/fpu: Supporting XSAVE feature 0x001: 'x87 floating point registers'
[    0.000000] x86/fpu: Supporting XSAVE feature 0x002: 'SSE registers'
[    0.000000] x86/fpu: Supporting XSAVE feature 0x004: 'AVX registers'
[    0.000000] x86/fpu: xstate_offset[2]:  576, xstate_sizes[2]:  256
[    0.000000] x86/fpu: Enabled xstate features 0x7, context size is 832 bytes, using 'compacted' format.
[    0.000000] signal: max sigframe size: 1776
[    0.000000] BIOS-provided physical RAM map:
[    0.000000] BIOS-e820: [mem 0x0000000000000000-0x000000000009fbff] usable
[    0.000000] BIOS-e820: [mem 0x000000000009fc00-0x000000000009ffff] reserved
[    0.000000] BIOS-e820: [mem 0x00000000000f0000-0x00000000000fffff] reserved
[    0.000000] BIOS-e820: [mem 0x0000000000100000-0x000000007ffdffff] usable
[    0.000000] BIOS-e820: [mem 0x000000007ffe0000-0x000000007fffffff] reserved
[    0.000000] BIOS-e820: [mem 0x00000000feffc000-0x00000000feffffff] reserved
[    0.000000] BIOS-e820: [mem 0x00000000fffc0000-0x00000000ffffffff] reserved
[    0.000000] printk: bootconsole [earlyser0] enabled
[    0.000000] NX (Execute Disable) protection: active
[    0.000000] SMBIOS 2.8 present.
[    0.000000] DMI: QEMU Standard PC (i440FX + PIIX, 1996), BIOS 1.16.2-debian-1.16.2-1 04/01/2014
[    0.000000] Hypervisor detected: KVM
[    0.000000] kvm-clock: Using msrs 4b564d01 and 4b564d00
[    0.000002] kvm-clock: using sched offset of 560724856 cycles
[    0.001513] clocksource: kvm-clock: mask: 0xffffffffffffffff max_cycles: 0x1cd42e4dffb, max_idle_ns: 881590591483 ns
[    0.006630] tsc: Detected 2995.198 MHz processor
[    0.008653] last_pfn = 0x7ffe0 max_arch_pfn = 0x400000000
[    0.011250] x86/PAT: Configuration [0-7]: WB  WC  UC- UC  WB  WP  UC- WT  
[    0.018885] found SMP MP-table at [mem 0x000f5ba0-0x000f5baf]
[    0.021303] Using GB pages for direct mapping
[    0.022956] Incomplete global flushes, disabling PCID
[    0.023147] RAMDISK: [mem 0x7fe90000-0x7ffdffff]
[    0.026656] ACPI: Early table checksum verification disabled
[    0.028661] ACPI: RSDP 0x00000000000F59D0 000014 (v00 BOCHS )
[    0.030738] ACPI: RSDT 0x000000007FFE1B33 000034 (v01 BOCHS  BXPC     00000001 BXPC 00000001)
[    0.033136] ACPI: FACP 0x000000007FFE19DF 000074 (v01 BOCHS  BXPC     00000001 BXPC 00000001)
[    0.035567] ACPI: DSDT 0x000000007FFE0040 00199F (v01 BOCHS  BXPC     00000001 BXPC 00000001)
[    0.038056] ACPI: FACS 0x000000007FFE0000 000040
[    0.039467] ACPI: APIC 0x000000007FFE1A53 000080 (v01 BOCHS  BXPC     00000001 BXPC 00000001)
[    0.042637] ACPI: HPET 0x000000007FFE1AD3 000038 (v01 BOCHS  BXPC     00000001 BXPC 00000001)
[    0.045333] ACPI: WAET 0x000000007FFE1B0B 000028 (v01 BOCHS  BXPC     00000001 BXPC 00000001)
[    0.047943] ACPI: Reserving FACP table memory at [mem 0x7ffe19df-0x7ffe1a52]
[    0.049924] ACPI: Reserving DSDT table memory at [mem 0x7ffe0040-0x7ffe19de]
[    0.051857] ACPI: Reserving FACS table memory at [mem 0x7ffe0000-0x7ffe003f]
[    0.053838] ACPI: Reserving APIC table memory at [mem 0x7ffe1a53-0x7ffe1ad2]
[    0.056066] ACPI: Reserving HPET table memory at [mem 0x7ffe1ad3-0x7ffe1b0a]
[    0.058808] ACPI: Reserving WAET table memory at [mem 0x7ffe1b0b-0x7ffe1b32]
[    0.061742] No NUMA configuration found
[    0.062960] Faking a node at [mem 0x0000000000000000-0x000000007ffdffff]
[    0.065520] NODE_DATA(0) allocated [mem 0x7fe8c000-0x7fe8ffff]
[    0.067047] Zone ranges:
[    0.067736]   DMA      [mem 0x0000000000001000-0x0000000000ffffff]
[    0.069391]   DMA32    [mem 0x0000000001000000-0x000000007ffdffff]
[    0.071189]   Normal   empty
[    0.072280] Movable zone start for each node
[    0.073819] Early memory node ranges
[    0.075202]   node   0: [mem 0x0000000000001000-0x000000000009efff]
[    0.077686]   node   0: [mem 0x0000000000100000-0x000000007ffdffff]
[    0.079995] Initmem setup node 0 [mem 0x0000000000001000-0x000000007ffdffff]
[    0.084585] On node 0, zone DMA: 1 pages in unavailable ranges
[    0.084635] On node 0, zone DMA: 97 pages in unavailable ranges
[    0.130428] On node 0, zone DMA32: 32 pages in unavailable ranges
[    0.547143] kasan: KernelAddressSanitizer initialized
[    0.553715] ACPI: PM-Timer IO Port: 0x608
[    0.555016] ACPI: LAPIC_NMI (acpi_id[0xff] dfl dfl lint[0x1])
[    0.556890] IOAPIC[0]: apic_id 0, version 17, address 0xfec00000, GSI 0-23
[    0.558818] ACPI: INT_SRC_OVR (bus 0 bus_irq 0 global_irq 2 dfl dfl)
[    0.561435] ACPI: INT_SRC_OVR (bus 0 bus_irq 5 global_irq 5 high level)
[    0.566788] ACPI: INT_SRC_OVR (bus 0 bus_irq 9 global_irq 9 high level)
[    0.569534] ACPI: INT_SRC_OVR (bus 0 bus_irq 10 global_irq 10 high level)
[    0.571810] ACPI: INT_SRC_OVR (bus 0 bus_irq 11 global_irq 11 high level)
[    0.573867] ACPI: Using ACPI (MADT) for SMP configuration information
[    0.575914] ACPI: HPET id: 0x8086a201 base: 0xfed00000
[    0.577290] TSC deadline timer available
[    0.578243] smpboot: Allowing 2 CPUs, 0 hotplug CPUs
[    0.579736] kvm-guest: KVM setup pv remote TLB flush
[    0.581196] kvm-guest: setup PV sched yield
[    0.582447] PM: hibernation: Registered nosave memory: [mem 0x00000000-0x00000fff]
[    0.584867] PM: hibernation: Registered nosave memory: [mem 0x0009f000-0x0009ffff]
[    0.587362] PM: hibernation: Registered nosave memory: [mem 0x000a0000-0x000effff]
[    0.589901] PM: hibernation: Registered nosave memory: [mem 0x000f0000-0x000fffff]
[    0.592270] [mem 0x80000000-0xfeffbfff] available for PCI devices
[    0.594162] Booting paravirtualized kernel on KVM
[    0.595469] clocksource: refined-jiffies: mask: 0xffffffff max_cycles: 0xffffffff, max_idle_ns: 1910969940391419 ns
[    0.608639] setup_percpu: NR_CPUS:64 nr_cpumask_bits:2 nr_cpu_ids:2 nr_node_ids:1
[    0.617571] percpu: Embedded 66 pages/cpu s232488 r8192 d29656 u1048576
[    0.620092] Kernel command line: console=ttyS0 oops=panic panic=-1 nokaslr earlyprintk=serial
[    0.623947] Unknown kernel command line parameters "nokaslr", will be passed to user space.
[    0.628548] random: crng init done
[    0.633895] Dentry cache hash table entries: 262144 (order: 9, 2097152 bytes, linear)
[    0.638175] Inode-cache hash table entries: 131072 (order: 8, 1048576 bytes, linear)
[    0.641198] Fallback order for Node 0: 0 
[    0.641211] Built 1 zonelists, mobility grouping on.  Total pages: 515808
[    0.645874] Policy zone: DMA32
[    0.646897] mem auto-init: stack:all(zero), heap alloc:off, heap free:off
[    0.648752] stackdepot: allocating hash table via alloc_large_system_hash
[    0.660724] stackdepot hash table entries: 1048576 (order: 11, 8388608 bytes, linear)
[    0.700008] Memory: 1692952K/2096632K available (49152K kernel code, 7933K rwdata, 10056K rodata, 5612K init, 3004K bss, 403424K reserved, 0K cma-reserved)
[    0.703902] SLUB: HWalign=64, Order=0-3, MinObjects=0, CPUs=2, Nodes=1
Poking KASLR using RDRAND RDTSC...
[    0.707799] Dynamic Preempt: voluntary
[    0.709380] rcu: Preemptible hierarchical RCU implementation.
[    0.712118] rcu: 	RCU event tracing is enabled.
[    0.714521] rcu: 	RCU restricting CPUs from NR_CPUS=64 to nr_cpu_ids=2.
[    0.717642] 	Trampoline variant of Tasks RCU enabled.
[    0.718811] rcu: RCU calculated value of scheduler-enlistment delay is 100 jiffies.
[    0.721183] rcu: Adjusting geometry for rcu_fanout_leaf=16, nr_cpu_ids=2
[    0.730925] NR_IRQS: 4352, nr_irqs: 440, preallocated irqs: 16
[    0.734286] rcu: srcu_init: Setting srcu_struct sizes based on contention.
[    0.746462] Console: colour VGA+ 80x25
[    0.747658] printk: console [ttyS0] enabled
[    0.747658] printk: console [ttyS0] enabled
[    0.752190] printk: bootconsole [earlyser0] disabled
[    0.752190] printk: bootconsole [earlyser0] disabled
[    0.755439] ACPI: Core revision 20230331
[    0.756726] clocksource: hpet: mask: 0xffffffff max_cycles: 0xffffffff, max_idle_ns: 19112604467 ns
[    0.758956] APIC: Switch to symmetric I/O mode setup
[    0.760138] kvm-guest: setup PV IPIs
[    0.763440] ..TIMER: vector=0x30 apic1=0 pin1=2 apic2=-1 pin2=-1
[    0.765397] clocksource: tsc-early: mask: 0xffffffffffffffff max_cycles: 0x2b2c8d6afc8, max_idle_ns: 440795331172 ns
[    0.771114] Calibrating delay loop (skipped) preset value.. 5990.39 BogoMIPS (lpj=2995198)
[    0.772105] pid_max: default: 32768 minimum: 301
[    0.774109] LSM: initializing lsm=capability,selinux,integrity
[    0.775151] SELinux:  Initializing.
[    0.776256] Mount-cache hash table entries: 4096 (order: 3, 32768 bytes, linear)
[    0.777108] Mountpoint-cache hash table entries: 4096 (order: 3, 32768 bytes, linear)
[    0.781386] x86/cpu: User Mode Instruction Prevention (UMIP) activated
[    0.782488] Last level iTLB entries: 4KB 0, 2MB 0, 4MB 0
[    0.783104] Last level dTLB entries: 4KB 0, 2MB 0, 4MB 0, 1GB 0
[    0.784131] Spectre V1 : Mitigation: usercopy/swapgs barriers and __user pointer sanitization
[    0.785110] Spectre V2 : Mitigation: Enhanced / Automatic IBRS
[    0.786104] Spectre V2 : Spectre v2 / SpectreRSB mitigation: Filling RSB on context switch
[    0.787103] Spectre V2 : Spectre v2 / PBRSB-eIBRS: Retire a single CALL on VMEXIT
[    0.788104] RETBleed: Mitigation: Enhanced IBRS
[    0.789109] Spectre V2 : mitigation: Enabling conditional Indirect Branch Prediction Barrier
[    0.790106] Speculative Store Bypass: Mitigation: Speculative Store Bypass disabled via prctl
[    0.791103] MMIO Stale Data: Unknown: No mitigations
[    0.814701] Freeing SMP alternatives memory: 44K
[    0.816384] smpboot: CPU0: 13th Gen Intel(R) Core(TM) i9-13900H (family: 0x6, model: 0xba, stepping: 0x2)
[    0.817884] cblist_init_generic: Setting adjustable number of callback queues.
[    0.818109] cblist_init_generic: Setting shift to 1 and lim to 1.
[    0.819247] Performance Events: unsupported p6 CPU model 186 no PMU driver, software events only.
[    0.820295] rcu: Hierarchical SRCU implementation.
[    0.821110] rcu: 	Max phase no-delay instances is 400.
[    0.823296] smp: Bringing up secondary CPUs ...
[    0.824738] x86: Booting SMP configuration:
[    0.825108] .... node  #0, CPUs:      #1
[    0.826601] smp: Brought up 1 node, 2 CPUs
[    0.828115] smpboot: Max logical packages: 1
[    0.829112] smpboot: Total of 2 processors activated (11980.79 BogoMIPS)
[    0.832109] devtmpfs: initialized
[    0.836168] clocksource: jiffies: mask: 0xffffffff max_cycles: 0xffffffff, max_idle_ns: 1911260446275000 ns
[    0.837111] futex hash table entries: 512 (order: 3, 32768 bytes, linear)
[    0.838443] PM: RTC time: 06:03:50, date: 2026-05-16
[    0.840290] NET: Registered PF_NETLINK/PF_ROUTE protocol family
[    0.841661] audit: initializing netlink subsys (disabled)
[    0.842253] audit: type=2000 audit(1778911430.591:1): state=initialized audit_enabled=0 res=1
[    0.842524] thermal_sys: Registered thermal governor 'step_wise'
[    0.843112] thermal_sys: Registered thermal governor 'user_space'
[    0.844135] cpuidle: using governor menu
[    0.846566] PCI: Using configuration type 1 for base access
[    0.847301] kprobes: kprobe jump-optimization is enabled. All kprobes are optimized if possible.
[    0.850101] HugeTLB: registered 2.00 MiB page size, pre-allocated 0 pages
[    0.852111] HugeTLB: 28 KiB vmemmap can be freed for a 2.00 MiB page
[    0.854469] ACPI: Added _OSI(Module Device)
[    0.856110] ACPI: Added _OSI(Processor Device)
[    0.857111] ACPI: Added _OSI(3.0 _SCP Extensions)
[    0.859111] ACPI: Added _OSI(Processor Aggregator Device)
[    0.873188] ACPI: 1 ACPI AML tables successfully acquired and loaded
[    0.933617] ACPI: Interpreter enabled
[    0.934194] ACPI: PM: (supports S0 S3 S4 S5)
[    0.935107] ACPI: Using IOAPIC for interrupt routing
[    0.936216] PCI: Using host bridge windows from ACPI; if necessary, use "pci=nocrs" and report a bug
[    0.937109] PCI: Using E820 reservations for host bridge windows
[    0.938568] ACPI: Enabled 2 GPEs in block 00 to 0F
[    0.956659] ACPI: PCI Root Bridge [PCI0] (domain 0000 [bus 00-ff])
[    0.957131] acpi PNP0A03:00: _OSC: OS supports [ASPM ClockPM Segments MSI HPX-Type3]
[    0.958110] acpi PNP0A03:00: _OSC: not requesting OS control; OS requires [ExtendedConfig ASPM ClockPM MSI]
[    0.959206] acpi PNP0A03:00: fail to add MMCONFIG information, can't access extended configuration space under this bridge
[    0.960354] PCI host bridge to bus 0000:00
[    0.961110] pci_bus 0000:00: root bus resource [io  0x0000-0x0cf7 window]
[    0.962110] pci_bus 0000:00: root bus resource [io  0x0d00-0xffff window]
[    0.963116] pci_bus 0000:00: root bus resource [mem 0x000a0000-0x000bffff window]
[    0.964117] pci_bus 0000:00: root bus resource [mem 0x80000000-0xfebfffff window]
[    0.965117] pci_bus 0000:00: root bus resource [mem 0x100000000-0x17fffffff window]
[    0.966114] pci_bus 0000:00: root bus resource [bus 00-ff]
[    0.967227] pci 0000:00:00.0: [8086:1237] type 00 class 0x060000
[    0.975528] pci 0000:00:01.0: [8086:7000] type 00 class 0x060100
[    0.985315] pci 0000:00:01.1: [8086:7010] type 00 class 0x010180
[    0.987901] pci 0000:00:01.1: reg 0x20: [io  0xc040-0xc04f]
[    0.988839] pci 0000:00:01.1: legacy IDE quirk: reg 0x10: [io  0x01f0-0x01f7]
[    0.989108] pci 0000:00:01.1: legacy IDE quirk: reg 0x14: [io  0x03f6]
[    0.990108] pci 0000:00:01.1: legacy IDE quirk: reg 0x18: [io  0x0170-0x0177]
[    0.991107] pci 0000:00:01.1: legacy IDE quirk: reg 0x1c: [io  0x0376]
[    0.992669] pci 0000:00:01.3: [8086:7113] type 00 class 0x068000
[    0.994109] pci 0000:00:01.3: quirk: [io  0x0600-0x063f] claimed by PIIX4 ACPI
[    0.995127] pci 0000:00:01.3: quirk: [io  0x0700-0x070f] claimed by PIIX4 SMB
[    0.996616] pci 0000:00:02.0: [1234:1111] type 00 class 0x030000
[    0.998698] pci 0000:00:02.0: reg 0x10: [mem 0xfd000000-0xfdffffff pref]
[    1.001193] pci 0000:00:02.0: reg 0x18: [mem 0xfebf0000-0xfebf0fff]
[    1.006515] pci 0000:00:02.0: reg 0x30: [mem 0xfebe0000-0xfebeffff pref]
[    1.007609] pci 0000:00:02.0: Video device with shadowed ROM at [mem 0x000c0000-0x000dffff]
[    1.016353] pci 0000:00:03.0: [8086:100e] type 00 class 0x020000
[    1.018186] pci 0000:00:03.0: reg 0x10: [mem 0xfebc0000-0xfebdffff]
[    1.020110] pci 0000:00:03.0: reg 0x14: [io  0xc000-0xc03f]
[    1.026773] pci 0000:00:03.0: reg 0x30: [mem 0xfeb80000-0xfebbffff pref]
[    1.037213] ACPI: PCI: Interrupt link LNKA configured for IRQ 10
[    1.038681] ACPI: PCI: Interrupt link LNKB configured for IRQ 10
[    1.040212] ACPI: PCI: Interrupt link LNKC configured for IRQ 11
[    1.041706] ACPI: PCI: Interrupt link LNKD configured for IRQ 11
[    1.042367] ACPI: PCI: Interrupt link LNKS configured for IRQ 9
[    1.045751] iommu: Default domain type: Translated 
[    1.046109] iommu: DMA domain TLB invalidation policy: lazy mode 
[    1.047778] SCSI subsystem initialized
[    1.048536] ACPI: bus type USB registered
[    1.049242] usbcore: registered new interface driver usbfs
[    1.051143] usbcore: registered new interface driver hub
[    1.053136] usbcore: registered new device driver usb
[    1.054258] pps_core: LinuxPPS API ver. 1 registered
[    1.056123] pps_core: Software ver. 5.3.6 - Copyright 2005-2007 Rodolfo Giometti <giometti@linux.it>
[    1.058361] PTP clock support registered
[    1.061273] Advanced Linux Sound Architecture Driver Initialized.
[    1.063761] NetLabel: Initializing
[    1.064108] NetLabel:  domain hash size = 128
[    1.065107] NetLabel:  protocols = UNLABELED CIPSOv4 CALIPSO
[    1.066278] NetLabel:  unlabeled traffic allowed by default
[    1.067286] PCI: Using ACPI for IRQ routing
[    1.068376] pci 0000:00:02.0: vgaarb: setting as boot VGA device
[    1.069101] pci 0000:00:02.0: vgaarb: bridge control possible
[    1.069101] pci 0000:00:02.0: vgaarb: VGA device added: decodes=io+mem,owns=io+mem,locks=none
[    1.069111] vgaarb: loaded
[    1.070675] hpet0: at MMIO 0xfed00000, IRQs 2, 8, 0
[    1.071108] hpet0: 3 comparators, 64-bit 100.000000 MHz counter
[    1.075285] clocksource: Switched to clocksource kvm-clock
[    1.121893] VFS: Disk quotas dquot_6.6.0
[    1.123144] VFS: Dquot-cache hash table entries: 512 (order 0, 4096 bytes)
[    1.125392] pnp: PnP ACPI init
[    1.128052] pnp: PnP ACPI: found 6 devices
[    1.148767] clocksource: acpi_pm: mask: 0xffffff max_cycles: 0xffffff, max_idle_ns: 2085701024 ns
[    1.151331] NET: Registered PF_INET protocol family
[    1.152988] IP idents hash table entries: 32768 (order: 6, 262144 bytes, linear)
[    1.157006] tcp_listen_portaddr_hash hash table entries: 1024 (order: 2, 16384 bytes, linear)
[    1.159111] Table-perturb hash table entries: 65536 (order: 6, 262144 bytes, linear)
[    1.161005] TCP established hash table entries: 16384 (order: 5, 131072 bytes, linear)
[    1.162999] TCP bind hash table entries: 16384 (order: 7, 524288 bytes, linear)
[    1.165025] TCP: Hash tables configured (established 16384 bind 16384)
[    1.167085] UDP hash table entries: 1024 (order: 3, 32768 bytes, linear)
[    1.169166] UDP-Lite hash table entries: 1024 (order: 3, 32768 bytes, linear)
[    1.172186] NET: Registered PF_UNIX/PF_LOCAL protocol family
[    1.177178] RPC: Registered named UNIX socket transport module.
[    1.178789] RPC: Registered udp transport module.
[    1.180129] RPC: Registered tcp transport module.
[    1.181349] RPC: Registered tcp NFSv4.1 backchannel transport module.
[    1.184430] pci_bus 0000:00: resource 4 [io  0x0000-0x0cf7 window]
[    1.185930] pci_bus 0000:00: resource 5 [io  0x0d00-0xffff window]
[    1.187473] pci_bus 0000:00: resource 6 [mem 0x000a0000-0x000bffff window]
[    1.189362] pci_bus 0000:00: resource 7 [mem 0x80000000-0xfebfffff window]
[    1.191130] pci_bus 0000:00: resource 8 [mem 0x100000000-0x17fffffff window]
[    1.192986] pci 0000:00:01.0: PIIX3: Enabling Passive Release
[    1.194413] pci 0000:00:00.0: Limiting direct PCI/PCI transfers
[    1.195976] PCI: CLS 0 bytes, default 64
[    1.197301] Unpacking initramfs...
[    1.201230] RAPL PMU: API unit is 2^-32 Joules, 0 fixed counters, 10737418240 ms ovfl timer
[    1.203545] clocksource: tsc: mask: 0xffffffffffffffff max_cycles: 0x2b2c8d6afc8, max_idle_ns: 440795331172 ns
[    1.209662] Initialise system trusted keyrings
[    1.211195] workingset: timestamp_bits=56 max_order=19 bucket_order=0
[    1.218296] NFS: Registering the id_resolver key type
[    1.219548] Key type id_resolver registered
[    1.220517] Key type id_legacy registered
[    1.221741] 9p: Installing v9fs 9p2000 file system support
[    1.221762] Freeing initrd memory: 1344K
[    1.229693] Key type asymmetric registered
[    1.231297] Asymmetric key parser 'x509' registered
[    1.232562] Block layer SCSI generic (bsg) driver version 0.4 loaded (major 251)
[    1.234304] io scheduler mq-deadline registered
[    1.235452] io scheduler kyber registered
[    1.237183] input: Power Button as /devices/LNXSYSTM:00/LNXPWRBN:00/input/input0
[    1.239330] ACPI: button: Power Button [PWRF]
[    1.241214] Serial: 8250/16550 driver, 4 ports, IRQ sharing enabled
[    1.243346] 00:04: ttyS0 at I/O 0x3f8 (irq = 4, base_baud = 115200) is a 16550A
[    1.246404] Non-volatile memory driver v1.3
[    1.247469] Linux agpgart interface v0.103
[    1.248595] ACPI: bus type drm_connector registered
[    1.254441] loop: module loaded
[    1.257808] scsi host0: ata_piix
[    1.259711] scsi host1: ata_piix
[    1.260835] ata1: PATA max MWDMA2 cmd 0x1f0 ctl 0x3f6 bmdma 0xc040 irq 14
[    1.262540] ata2: PATA max MWDMA2 cmd 0x170 ctl 0x376 bmdma 0xc048 irq 15
[    1.266198] e100: Intel(R) PRO/100 Network Driver
[    1.267326] e100: Copyright(c) 1999-2006 Intel Corporation
[    1.268632] e1000: Intel(R) PRO/1000 Network Driver
[    1.269788] e1000: Copyright (c) 1999-2006 Intel Corporation.
[    1.424324] ata2: found unknown device (class 0)
[    1.426547] ata2.00: ATAPI: QEMU DVD-ROM, 2.5+, max UDMA/100
[    1.432883] scsi 1:0:0:0: CD-ROM            QEMU     QEMU DVD-ROM     2.5+ PQ: 0 ANSI: 5
[    1.453078] sr 1:0:0:0: [sr0] scsi3-mmc drive: 4x/4x cd/rw xa/form2 tray
[    1.454450] cdrom: Uniform CD-ROM driver Revision: 3.20
[    1.464262] sr 1:0:0:0: Attached scsi generic sg0 type 5
[    1.724770] ACPI: \_SB_.LNKC: Enabled at IRQ 11
[    2.085803] e1000 0000:00:03.0 eth0: (PCI:33MHz:32-bit) 52:54:00:12:34:56
[    2.088390] e1000 0000:00:03.0 eth0: Intel(R) PRO/1000 Network Connection
[    2.089846] e1000e: Intel(R) PRO/1000 Network Driver
[    2.090935] e1000e: Copyright(c) 1999 - 2015 Intel Corporation.
[    2.092290] sky2: driver version 1.30
[    2.093778] usbcore: registered new interface driver usblp
[    2.095063] usbcore: registered new interface driver usb-storage
[    2.096373] i8042: PNP: PS/2 Controller [PNP0303:KBD,PNP0f13:MOU] at 0x60,0x64 irq 1,12
[    2.099340] serio: i8042 KBD port at 0x60,0x64 irq 1
[    2.101420] serio: i8042 AUX port at 0x60,0x64 irq 12
[    2.104528] input: AT Translated Set 2 keyboard as /devices/platform/i8042/serio0/input/input1
[    2.105116] rtc_cmos 00:05: RTC can wake from S4
[    2.110535] rtc_cmos 00:05: registered as rtc0
[    2.111840] rtc_cmos 00:05: alarms up to one day, y3k, 242 bytes nvram, hpet irqs
[    2.114900] device-mapper: ioctl: 4.48.0-ioctl (2023-03-01) initialised: dm-devel@redhat.com
[    2.117702] intel_pstate: CPU model not supported
[    2.119658] hid: raw HID events driver (C) Jiri Kosina
[    2.122772] usbcore: registered new interface driver usbhid
[    2.124153] usbhid: USB HID core driver
[    2.127524] Initializing XFRM netlink socket
[    2.128755] NET: Registered PF_INET6 protocol family
[    2.131510] Segment Routing with IPv6
[    2.132577] In-situ OAM (IOAM) with IPv6
[    2.134403] sit: IPv6, IPv4 and MPLS over IPv4 tunneling driver
[    2.136980] NET: Registered PF_PACKET protocol family
[    2.138540] 9pnet: Installing 9P2000 support
[    2.139829] Key type dns_resolver registered
[    2.141753] IPI shorthand broadcast: enabled
[    2.153955] sched_clock: Marking stable (2124005173, 29938083)->(2216685607, -62742351)
[    2.156759] registered taskstats version 1
[    2.158309] Loading compiled-in X.509 certificates
[    2.168214] PM:   Magic number: 10:343:64
[    2.169893] printk: console [netcon0] enabled
[    2.171441] netconsole: network logging started
[    2.173193] cfg80211: Loading compiled-in X.509 certificates for regulatory database
[    2.176354] kworker/u4:1 (50) used greatest stack depth: 29544 bytes left
[    2.179703] Loaded X.509 cert 'sforshee: 00b28ddf47aef9cea7'
[    2.181108] ALSA device list:
[    2.181831]   No soundcards found.
[    2.185416] Freeing unused kernel image (initmem) memory: 5612K
[    2.186542] platform regulatory.0: Direct firmware load for regulatory.db failed with error -2
[    2.188442] cfg80211: failed to load regulatory.db
[    2.191050] Write protecting the kernel read-only data: 59392k
[    2.192552] Freeing unused kernel image (rodata/data gap) memory: 184K
[    2.203455] x86/mm: Checked W+X mappings: passed, no W+X pages found.
[    2.204611] Run /init as init process
[    2.208002] mount (54) used greatest stack depth: 28712 bytes left
[    2.209331] mount (55) used greatest stack depth: 28488 bytes left

secb: rootfs ready
---- poc begin ----
[poc] batch0 (setup): 364 bytes, 6 msgs
[poc] nfnl seq=1: OK
[poc] nfnl seq=2: OK
[poc] nfnl seq=3: OK
[poc] nfnl seq=4: OK
[poc] nfnl seq=5: OK
[poc] nfnl seq=6: OK
[poc] batch1 (trigger): 188880 bytes, 4 msgs
[poc] nfnl seq=1: error -95 (Operation not supported)
[poc] nfnl seq=2: error -2 (No such file or directory)
[poc] nfnl seq=3: error -2 (No such file or directory)
[poc] nfnl seq=4: OK
[poc] batch1 had some errors (may be OK)
[poc] batch2 (DELCHAIN victim): 80 bytes, 1 msgs
[poc] nfnl seq=1: error -16 (Device or resource busy)
[poc] batch2 had errors (UAF may have already fired)
[poc] batch3 (GETRULE dump CHAIN_HOLDER): 80 bytes
[poc] batch3 sent (UAF read fired in dump path)
[    2.748860] input: ImExPS/2 Generic Explorer Mouse as /devices/platform/i8042/serio1/input/input3
[    4.353920] poc (60) used greatest stack depth: 27728 bytes left
---- poc end rc=0 ----
secb: poc exited without crashing the kernel
[    5.704900] ACPI: PM: Preparing to enter system sleep state S5
[    5.706158] reboot: Power down
NO_CRASH_DETECTED
