c[?7l[2J[0mSeaBIOS (version 1.16.2-debian-1.16.2-1)


iPXE (http://ipxe.org) 00:03.0 CA00 PCI2.10 PnP PMM+7EFCEF00+7EF0EF00 CA00
Press Ctrl-B to configure iPXE (PCI 00:03.0)...                                                                               


Booting from ROM...
c[?7l[2JNo EFI environment detected.
early console in extract_kernel
input_data: 0x0000000004bc33a8
input_len: 0x00000000019c4924
output: 0x0000000001000000
output_len: 0x0000000005512744
kernel_total_size: 0x0000000005230000
needed_size: 0x0000000005600000
trampoline_32bit: 0x000000000009d000


KASLR disabled: 'nokaslr' on cmdline.


Decompressing Linux... Parsing ELF... No relocation needed... done.
Booting the kernel (entry_offset: 0x0000000000000000).
[    0.000000] Linux version 6.4.0-rc6-00228-gb770283c98e0-dirty (root@buildkitsandbox) (gcc (Debian 12.2.0-14+deb12u1) 12.2.0, GNU ld (GNU Binutils for Debian) 2.40) #1 SMP PREEMPT_DYNAMIC Sat May 16 05:47:18 UTC 2026
[    0.000000] Command line: console=ttyS0 oops=panic panic=-1 nokaslr earlyprintk=serial
[    0.000000] x86/fpu: Supporting XSAVE feature 0x001: 'x87 floating point registers'
[    0.000000] x86/fpu: Supporting XSAVE feature 0x002: 'SSE registers'
[    0.000000] x86/fpu: Supporting XSAVE feature 0x004: 'AVX registers'
[    0.000000] x86/fpu: xstate_offset[2]:  576, xstate_sizes[2]:  256
[    0.000000] x86/fpu: Enabled xstate features 0x7, context size is 832 bytes, using 'compacted' format.
[    0.000000] signal: max sigframe size: 1776
[    0.000000] BIOS-provided physical RAM map:
[    0.000000] BIOS-e820: [mem 0x0000000000000000-0x000000000009fbff] usable
[    0.000000] BIOS-e820: [mem 0x000000000009fc00-0x000000000009ffff] reserved
[    0.000000] BIOS-e820: [mem 0x00000000000f0000-0x00000000000fffff] reserved
[    0.000000] BIOS-e820: [mem 0x0000000000100000-0x000000007ffdffff] usable
[    0.000000] BIOS-e820: [mem 0x000000007ffe0000-0x000000007fffffff] reserved
[    0.000000] BIOS-e820: [mem 0x00000000feffc000-0x00000000feffffff] reserved
[    0.000000] BIOS-e820: [mem 0x00000000fffc0000-0x00000000ffffffff] reserved
[    0.000000] printk: bootconsole [earlyser0] enabled
[    0.000000] NX (Execute Disable) protection: active
[    0.000000] SMBIOS 2.8 present.
[    0.000000] DMI: QEMU Standard PC (i440FX + PIIX, 1996), BIOS 1.16.2-debian-1.16.2-1 04/01/2014
[    0.000000] Hypervisor detected: KVM
[    0.000000] kvm-clock: Using msrs 4b564d01 and 4b564d00
[    0.000002] kvm-clock: using sched offset of 464150245 cycles
[    0.004256] clocksource: kvm-clock: mask: 0xffffffffffffffff max_cycles: 0x1cd42e4dffb, max_idle_ns: 881590591483 ns
[    0.009238] tsc: Detected 2995.198 MHz processor
[    0.011127] last_pfn = 0x7ffe0 max_arch_pfn = 0x400000000
[    0.012833] x86/PAT: Configuration [0-7]: WB  WC  UC- UC  WB  WP  UC- WT  
[    0.021476] found SMP MP-table at [mem 0x000f5ba0-0x000f5baf]
[    0.026297] Using GB pages for direct mapping
[    0.027764] Incomplete global flushes, disabling PCID
[    0.027966] RAMDISK: [mem 0x7fe90000-0x7ffdffff]
[    0.031048] ACPI: Early table checksum verification disabled
[    0.032930] ACPI: RSDP 0x00000000000F59D0 000014 (v00 BOCHS )
[    0.035559] ACPI: RSDT 0x000000007FFE1B33 000034 (v01 BOCHS  BXPC     00000001 BXPC 00000001)
[    0.039444] ACPI: FACP 0x000000007FFE19DF 000074 (v01 BOCHS  BXPC     00000001 BXPC 00000001)
[    0.042717] ACPI: DSDT 0x000000007FFE0040 00199F (v01 BOCHS  BXPC     00000001 BXPC 00000001)
[    0.046136] ACPI: FACS 0x000000007FFE0000 000040
[    0.047722] ACPI: APIC 0x000000007FFE1A53 000080 (v01 BOCHS  BXPC     00000001 BXPC 00000001)
[    0.050550] ACPI: HPET 0x000000007FFE1AD3 000038 (v01 BOCHS  BXPC     00000001 BXPC 00000001)
[    0.052767] ACPI: WAET 0x000000007FFE1B0B 000028 (v01 BOCHS  BXPC     00000001 BXPC 00000001)
[    0.055527] ACPI: Reserving FACP table memory at [mem 0x7ffe19df-0x7ffe1a52]
[    0.058013] ACPI: Reserving DSDT table memory at [mem 0x7ffe0040-0x7ffe19de]
[    0.060556] ACPI: Reserving FACS table memory at [mem 0x7ffe0000-0x7ffe003f]
[    0.062868] ACPI: Reserving APIC table memory at [mem 0x7ffe1a53-0x7ffe1ad2]
[    0.065198] ACPI: Reserving HPET table memory at [mem 0x7ffe1ad3-0x7ffe1b0a]
[    0.067644] ACPI: Reserving WAET table memory at [mem 0x7ffe1b0b-0x7ffe1b32]
[    0.071022] No NUMA configuration found
[    0.072491] Faking a node at [mem 0x0000000000000000-0x000000007ffdffff]
[    0.074645] NODE_DATA(0) allocated [mem 0x7fe8c000-0x7fe8ffff]
[    0.076636] Zone ranges:
[    0.077436]   DMA      [mem 0x0000000000001000-0x0000000000ffffff]
[    0.079416]   DMA32    [mem 0x0000000001000000-0x000000007ffdffff]
[    0.081519]   Normal   empty
[    0.082529] Movable zone start for each node
[    0.083981] Early memory node ranges
[    0.085316]   node   0: [mem 0x0000000000001000-0x000000000009efff]
[    0.087529]   node   0: [mem 0x0000000000100000-0x000000007ffdffff]
[    0.089727] Initmem setup node 0 [mem 0x0000000000001000-0x000000007ffdffff]
[    0.093434] On node 0, zone DMA: 1 pages in unavailable ranges
[    0.093501] On node 0, zone DMA: 97 pages in unavailable ranges
[    0.116098] On node 0, zone DMA32: 32 pages in unavailable ranges
[    0.420387] kasan: KernelAddressSanitizer initialized
[    0.425232] ACPI: PM-Timer IO Port: 0x608
[    0.426388] ACPI: LAPIC_NMI (acpi_id[0xff] dfl dfl lint[0x1])
[    0.428277] IOAPIC[0]: apic_id 0, version 17, address 0xfec00000, GSI 0-23
[    0.430837] ACPI: INT_SRC_OVR (bus 0 bus_irq 0 global_irq 2 dfl dfl)
[    0.433162] ACPI: INT_SRC_OVR (bus 0 bus_irq 5 global_irq 5 high level)
[    0.435334] ACPI: INT_SRC_OVR (bus 0 bus_irq 9 global_irq 9 high level)
[    0.437663] ACPI: INT_SRC_OVR (bus 0 bus_irq 10 global_irq 10 high level)
[    0.440308] ACPI: INT_SRC_OVR (bus 0 bus_irq 11 global_irq 11 high level)
[    0.442666] ACPI: Using ACPI (MADT) for SMP configuration information
[    0.444493] ACPI: HPET id: 0x8086a201 base: 0xfed00000
[    0.446003] TSC deadline timer available
[    0.447226] smpboot: Allowing 2 CPUs, 0 hotplug CPUs
[    0.448792] kvm-guest: KVM setup pv remote TLB flush
[    0.450140] kvm-guest: setup PV sched yield
[    0.451381] PM: hibernation: Registered nosave memory: [mem 0x00000000-0x00000fff]
[    0.453600] PM: hibernation: Registered nosave memory: [mem 0x0009f000-0x0009ffff]
[    0.455772] PM: hibernation: Registered nosave memory: [mem 0x000a0000-0x000effff]
[    0.458055] PM: hibernation: Registered nosave memory: [mem 0x000f0000-0x000fffff]
[    0.460326] [mem 0x80000000-0xfeffbfff] available for PCI devices
[    0.462141] Booting paravirtualized kernel on KVM
[    0.463544] clocksource: refined-jiffies: mask: 0xffffffff max_cycles: 0xffffffff, max_idle_ns: 1910969940391419 ns
[    0.477038] setup_percpu: NR_CPUS:64 nr_cpumask_bits:2 nr_cpu_ids:2 nr_node_ids:1
[    0.483050] percpu: Embedded 66 pages/cpu s232488 r8192 d29656 u1048576
[    0.484918] Kernel command line: console=ttyS0 oops=panic panic=-1 nokaslr earlyprintk=serial
[    0.487505] Unknown kernel command line parameters "nokaslr", will be passed to user space.
[    0.490005] random: crng init done
[    0.495117] Dentry cache hash table entries: 262144 (order: 9, 2097152 bytes, linear)
[    0.501663] Inode-cache hash table entries: 131072 (order: 8, 1048576 bytes, linear)
[    0.504139] Fallback order for Node 0: 0 
[    0.504153] Built 1 zonelists, mobility grouping on.  Total pages: 515808
[    0.506806] Policy zone: DMA32
[    0.507539] mem auto-init: stack:all(zero), heap alloc:off, heap free:off
[    0.509243] stackdepot: allocating hash table via alloc_large_system_hash
[    0.526630] stackdepot hash table entries: 1048576 (order: 11, 8388608 bytes, linear)
[    0.554413] Memory: 1692952K/2096632K available (49152K kernel code, 7933K rwdata, 10056K rodata, 5612K init, 3004K bss, 403424K reserved, 0K cma-reserved)
[    0.558127] SLUB: HWalign=64, Order=0-3, MinObjects=0, CPUs=2, Nodes=1
Poking KASLR using RDRAND RDTSC...
[    0.561824] Dynamic Preempt: voluntary
[    0.567504] rcu: Preemptible hierarchical RCU implementation.
[    0.569197] rcu: 	RCU event tracing is enabled.
[    0.570356] rcu: 	RCU restricting CPUs from NR_CPUS=64 to nr_cpu_ids=2.
[    0.572064] 	Trampoline variant of Tasks RCU enabled.
[    0.573571] rcu: RCU calculated value of scheduler-enlistment delay is 100 jiffies.
[    0.575627] rcu: Adjusting geometry for rcu_fanout_leaf=16, nr_cpu_ids=2
[    0.586222] NR_IRQS: 4352, nr_irqs: 440, preallocated irqs: 16
[    0.588713] rcu: srcu_init: Setting srcu_struct sizes based on contention.
[    0.600320] Console: colour VGA+ 80x25
[    0.601389] printk: console [ttyS0] enabled
[    0.601389] printk: console [ttyS0] enabled
[    0.603944] printk: bootconsole [earlyser0] disabled
[    0.603944] printk: bootconsole [earlyser0] disabled
[    0.606687] ACPI: Core revision 20230331
[    0.608021] clocksource: hpet: mask: 0xffffffff max_cycles: 0xffffffff, max_idle_ns: 19112604467 ns
[    0.611348] APIC: Switch to symmetric I/O mode setup
[    0.612865] kvm-guest: setup PV IPIs
[    0.616716] ..TIMER: vector=0x30 apic1=0 pin1=2 apic2=-1 pin2=-1
[    0.618651] clocksource: tsc-early: mask: 0xffffffffffffffff max_cycles: 0x2b2c8d6afc8, max_idle_ns: 440795331172 ns
[    0.622929] Calibrating delay loop (skipped) preset value.. 5990.39 BogoMIPS (lpj=2995198)
[    0.623930] pid_max: default: 32768 minimum: 301
[    0.624998] LSM: initializing lsm=capability,selinux,integrity
[    0.625954] SELinux:  Initializing.
[    0.627019] Mount-cache hash table entries: 4096 (order: 3, 32768 bytes, linear)
[    0.628928] Mountpoint-cache hash table entries: 4096 (order: 3, 32768 bytes, linear)
[    0.632572] x86/cpu: User Mode Instruction Prevention (UMIP) activated
[    0.634138] Last level iTLB entries: 4KB 0, 2MB 0, 4MB 0
[    0.634924] Last level dTLB entries: 4KB 0, 2MB 0, 4MB 0, 1GB 0
[    0.635950] Spectre V1 : Mitigation: usercopy/swapgs barriers and __user pointer sanitization
[    0.636933] Spectre V2 : Mitigation: Enhanced / Automatic IBRS
[    0.637926] Spectre V2 : Spectre v2 / SpectreRSB mitigation: Filling RSB on context switch
[    0.638927] Spectre V2 : Spectre v2 / PBRSB-eIBRS: Retire a single CALL on VMEXIT
[    0.639928] RETBleed: Mitigation: Enhanced IBRS
[    0.640929] Spectre V2 : mitigation: Enabling conditional Indirect Branch Prediction Barrier
[    0.641927] Speculative Store Bypass: Mitigation: Speculative Store Bypass disabled via prctl
[    0.642926] MMIO Stale Data: Unknown: No mitigations
[    0.660495] Freeing SMP alternatives memory: 44K
[    0.662094] smpboot: CPU0: 13th Gen Intel(R) Core(TM) i9-13900H (family: 0x6, model: 0xba, stepping: 0x2)
[    0.663185] cblist_init_generic: Setting adjustable number of callback queues.
[    0.663934] cblist_init_generic: Setting shift to 1 and lim to 1.
[    0.664990] Performance Events: unsupported p6 CPU model 186 no PMU driver, software events only.
[    0.666048] rcu: Hierarchical SRCU implementation.
[    0.666932] rcu: 	Max phase no-delay instances is 400.
[    0.669138] smp: Bringing up secondary CPUs ...
[    0.670140] x86: Booting SMP configuration:
[    0.670934] .... node  #0, CPUs:      #1
[    0.676007] smp: Brought up 1 node, 2 CPUs
[    0.677959] smpboot: Max logical packages: 1
[    0.678932] smpboot: Total of 2 processors activated (11980.79 BogoMIPS)
[    0.684036] devtmpfs: initialized
[    0.696091] clocksource: jiffies: mask: 0xffffffff max_cycles: 0xffffffff, max_idle_ns: 1911260446275000 ns
[    0.696947] futex hash table entries: 512 (order: 3, 32768 bytes, linear)
[    0.698934] PM: RTC time: 05:53:11, date: 2026-05-16
[    0.701144] NET: Registered PF_NETLINK/PF_ROUTE protocol family
[    0.703171] audit: initializing netlink subsys (disabled)
[    0.704059] audit: type=2000 audit(1778910791.835:1): state=initialized audit_enabled=0 res=1
[    0.704225] thermal_sys: Registered thermal governor 'step_wise'
[    0.704930] thermal_sys: Registered thermal governor 'user_space'
[    0.709986] cpuidle: using governor menu
[    0.713191] PCI: Using configuration type 1 for base access
[    0.714135] kprobes: kprobe jump-optimization is enabled. All kprobes are optimized if possible.
[    0.720102] HugeTLB: registered 2.00 MiB page size, pre-allocated 0 pages
[    0.725932] HugeTLB: 28 KiB vmemmap can be freed for a 2.00 MiB page
[    0.732996] ACPI: Added _OSI(Module Device)
[    0.738938] ACPI: Added _OSI(Processor Device)
[    0.742937] ACPI: Added _OSI(3.0 _SCP Extensions)
[    0.745929] ACPI: Added _OSI(Processor Aggregator Device)
[    0.848112] ACPI: 1 ACPI AML tables successfully acquired and loaded
[    0.987958] ACPI: Interpreter enabled
[    0.989025] ACPI: PM: (supports S0 S3 S4 S5)
[    0.989930] ACPI: Using IOAPIC for interrupt routing
[    0.991006] PCI: Using host bridge windows from ACPI; if necessary, use "pci=nocrs" and report a bug
[    0.991934] PCI: Using E820 reservations for host bridge windows
[    0.994144] ACPI: Enabled 2 GPEs in block 00 to 0F
[    1.041178] ACPI: PCI Root Bridge [PCI0] (domain 0000 [bus 00-ff])
[    1.041943] acpi PNP0A03:00: _OSC: OS supports [ASPM ClockPM Segments MSI HPX-Type3]
[    1.042930] acpi PNP0A03:00: _OSC: not requesting OS control; OS requires [ExtendedConfig ASPM ClockPM MSI]
[    1.044005] acpi PNP0A03:00: fail to add MMCONFIG information, can't access extended configuration space under this bridge
[    1.045152] PCI host bridge to bus 0000:00
[    1.045934] pci_bus 0000:00: root bus resource [io  0x0000-0x0cf7 window]
[    1.046933] pci_bus 0000:00: root bus resource [io  0x0d00-0xffff window]
[    1.048066] pci_bus 0000:00: root bus resource [mem 0x000a0000-0x000bffff window]
[    1.048942] pci_bus 0000:00: root bus resource [mem 0x80000000-0xfebfffff window]
[    1.049941] pci_bus 0000:00: root bus resource [mem 0x100000000-0x17fffffff window]
[    1.050942] pci_bus 0000:00: root bus resource [bus 00-ff]
[    1.052194] pci 0000:00:00.0: [8086:1237] type 00 class 0x060000
[    1.075011] pci 0000:00:01.0: [8086:7000] type 00 class 0x060100
[    1.097968] pci 0000:00:01.1: [8086:7010] type 00 class 0x010180
[    1.104154] pci 0000:00:01.1: reg 0x20: [io  0xc040-0xc04f]
[    1.107002] pci 0000:00:01.1: legacy IDE quirk: reg 0x10: [io  0x01f0-0x01f7]
[    1.107934] pci 0000:00:01.1: legacy IDE quirk: reg 0x14: [io  0x03f6]
[    1.108931] pci 0000:00:01.1: legacy IDE quirk: reg 0x18: [io  0x0170-0x0177]
[    1.109981] pci 0000:00:01.1: legacy IDE quirk: reg 0x1c: [io  0x0376]
[    1.113119] pci 0000:00:01.3: [8086:7113] type 00 class 0x068000
[    1.116958] pci 0000:00:01.3: quirk: [io  0x0600-0x063f] claimed by PIIX4 ACPI
[    1.117946] pci 0000:00:01.3: quirk: [io  0x0700-0x070f] claimed by PIIX4 SMB
[    1.120131] pci 0000:00:02.0: [1234:1111] type 00 class 0x030000
[    1.123001] pci 0000:00:02.0: reg 0x10: [mem 0xfd000000-0xfdffffff pref]
[    1.128024] pci 0000:00:02.0: reg 0x18: [mem 0xfebf0000-0xfebf0fff]
[    1.136993] pci 0000:00:02.0: reg 0x30: [mem 0xfebe0000-0xfebeffff pref]
[    1.138961] pci 0000:00:02.0: Video device with shadowed ROM at [mem 0x000c0000-0x000dffff]
[    1.160060] pci 0000:00:03.0: [8086:100e] type 00 class 0x020000
[    1.162963] pci 0000:00:03.0: reg 0x10: [mem 0xfebc0000-0xfebdffff]
[    1.165991] pci 0000:00:03.0: reg 0x14: [io  0xc000-0xc03f]
[    1.176980] pci 0000:00:03.0: reg 0x30: [mem 0xfeb80000-0xfebbffff pref]
[    1.210031] ACPI: PCI: Interrupt link LNKA configured for IRQ 10
[    1.212206] ACPI: PCI: Interrupt link LNKB configured for IRQ 10
[    1.214217] ACPI: PCI: Interrupt link LNKC configured for IRQ 11
[    1.216200] ACPI: PCI: Interrupt link LNKD configured for IRQ 11
[    1.218106] ACPI: PCI: Interrupt link LNKS configured for IRQ 9
[    1.225123] iommu: Default domain type: Translated 
[    1.225930] iommu: DMA domain TLB invalidation policy: lazy mode 
[    1.229060] SCSI subsystem initialized
[    1.230172] ACPI: bus type USB registered
[    1.235003] usbcore: registered new interface driver usbfs
[    1.239953] usbcore: registered new interface driver hub
[    1.244971] usbcore: registered new device driver usb
[    1.250008] pps_core: LinuxPPS API ver. 1 registered
[    1.254930] pps_core: Software ver. 5.3.6 - Copyright 2005-2007 Rodolfo Giometti <giometti@linux.it>
[    1.261944] PTP clock support registered
[    1.267018] Advanced Linux Sound Architecture Driver Initialized.
[    1.269158] NetLabel: Initializing
[    1.269930] NetLabel:  domain hash size = 128
[    1.270929] NetLabel:  protocols = UNLABELED CIPSOv4 CALIPSO
[    1.271979] NetLabel:  unlabeled traffic allowed by default
[    1.273005] PCI: Using ACPI for IRQ routing
[    1.274976] pci 0000:00:02.0: vgaarb: setting as boot VGA device
[    1.275922] pci 0000:00:02.0: vgaarb: bridge control possible
[    1.275922] pci 0000:00:02.0: vgaarb: VGA device added: decodes=io+mem,owns=io+mem,locks=none
[    1.275967] vgaarb: loaded
[    1.278128] hpet0: at MMIO 0xfed00000, IRQs 2, 8, 0
[    1.278988] hpet0: 3 comparators, 64-bit 100.000000 MHz counter
[    1.284120] clocksource: Switched to clocksource kvm-clock
[    1.336790] VFS: Disk quotas dquot_6.6.0
[    1.338571] VFS: Dquot-cache hash table entries: 512 (order 0, 4096 bytes)
[    1.341124] pnp: PnP ACPI init
[    1.343647] pnp: PnP ACPI: found 6 devices
[    1.371145] clocksource: acpi_pm: mask: 0xffffff max_cycles: 0xffffff, max_idle_ns: 2085701024 ns
[    1.375679] NET: Registered PF_INET protocol family
[    1.377196] IP idents hash table entries: 32768 (order: 6, 262144 bytes, linear)
[    1.380281] tcp_listen_portaddr_hash hash table entries: 1024 (order: 2, 16384 bytes, linear)
[    1.383374] Table-perturb hash table entries: 65536 (order: 6, 262144 bytes, linear)
[    1.385482] TCP established hash table entries: 16384 (order: 5, 131072 bytes, linear)
[    1.387645] TCP bind hash table entries: 16384 (order: 7, 524288 bytes, linear)
[    1.393953] TCP: Hash tables configured (established 16384 bind 16384)
[    1.395836] UDP hash table entries: 1024 (order: 3, 32768 bytes, linear)
[    1.397756] UDP-Lite hash table entries: 1024 (order: 3, 32768 bytes, linear)
[    1.401938] NET: Registered PF_UNIX/PF_LOCAL protocol family
[    1.404220] RPC: Registered named UNIX socket transport module.
[    1.406888] RPC: Registered udp transport module.
[    1.408330] RPC: Registered tcp transport module.
[    1.409861] RPC: Registered tcp NFSv4.1 backchannel transport module.
[    1.413265] pci_bus 0000:00: resource 4 [io  0x0000-0x0cf7 window]
[    1.415068] pci_bus 0000:00: resource 5 [io  0x0d00-0xffff window]
[    1.416880] pci_bus 0000:00: resource 6 [mem 0x000a0000-0x000bffff window]
[    1.418722] pci_bus 0000:00: resource 7 [mem 0x80000000-0xfebfffff window]
[    1.422002] pci_bus 0000:00: resource 8 [mem 0x100000000-0x17fffffff window]
[    1.424784] pci 0000:00:01.0: PIIX3: Enabling Passive Release
[    1.428406] pci 0000:00:00.0: Limiting direct PCI/PCI transfers
[    1.430857] PCI: CLS 0 bytes, default 64
[    1.432934] Unpacking initramfs...
[    1.437444] RAPL PMU: API unit is 2^-32 Joules, 0 fixed counters, 10737418240 ms ovfl timer
[    1.440114] clocksource: tsc: mask: 0xffffffffffffffff max_cycles: 0x2b2c8d6afc8, max_idle_ns: 440795331172 ns
[    1.446159] Initialise system trusted keyrings
[    1.447745] workingset: timestamp_bits=56 max_order=19 bucket_order=0
[    1.450260] NFS: Registering the id_resolver key type
[    1.452380] Key type id_resolver registered
[    1.455084] Key type id_legacy registered
[    1.460102] 9p: Installing v9fs 9p2000 file system support
[    1.463106] Freeing initrd memory: 1344K
[    1.473301] Key type asymmetric registered
[    1.474600] Asymmetric key parser 'x509' registered
[    1.482598] hrtimer: interrupt took 3122713 ns
[    1.482958] Block layer SCSI generic (bsg) driver version 0.4 loaded (major 251)
[    1.501255] io scheduler mq-deadline registered
[    1.506700] io scheduler kyber registered
[    1.509329] input: Power Button as /devices/LNXSYSTM:00/LNXPWRBN:00/input/input0
[    1.511678] ACPI: button: Power Button [PWRF]
[    1.513953] Serial: 8250/16550 driver, 4 ports, IRQ sharing enabled
[    1.516054] 00:04: ttyS0 at I/O 0x3f8 (irq = 4, base_baud = 115200) is a 16550A
[    1.519172] Non-volatile memory driver v1.3
[    1.520399] Linux agpgart interface v0.103
[    1.521744] ACPI: bus type drm_connector registered
[    1.531557] loop: module loaded
[    1.534838] scsi host0: ata_piix
[    1.536452] scsi host1: ata_piix
[    1.537578] ata1: PATA max MWDMA2 cmd 0x1f0 ctl 0x3f6 bmdma 0xc040 irq 14
[    1.539402] ata2: PATA max MWDMA2 cmd 0x170 ctl 0x376 bmdma 0xc048 irq 15
[    1.542777] e100: Intel(R) PRO/100 Network Driver
[    1.544455] e100: Copyright(c) 1999-2006 Intel Corporation
[    1.546060] e1000: Intel(R) PRO/1000 Network Driver
[    1.549477] e1000: Copyright (c) 1999-2006 Intel Corporation.
[    1.698658] ata2: found unknown device (class 0)
[    1.700931] ata2.00: ATAPI: QEMU DVD-ROM, 2.5+, max UDMA/100
[    1.703891] scsi 1:0:0:0: CD-ROM            QEMU     QEMU DVD-ROM     2.5+ PQ: 0 ANSI: 5
[    1.732137] sr 1:0:0:0: [sr0] scsi3-mmc drive: 4x/4x cd/rw xa/form2 tray
[    1.733810] cdrom: Uniform CD-ROM driver Revision: 3.20
[    1.742951] sr 1:0:0:0: Attached scsi generic sg0 type 5
[    2.054045] ACPI: \_SB_.LNKC: Enabled at IRQ 11
[    2.405011] e1000 0000:00:03.0 eth0: (PCI:33MHz:32-bit) 52:54:00:12:34:56
[    2.407017] e1000 0000:00:03.0 eth0: Intel(R) PRO/1000 Network Connection
[    2.409200] e1000e: Intel(R) PRO/1000 Network Driver
[    2.410461] e1000e: Copyright(c) 1999 - 2015 Intel Corporation.
[    2.411939] sky2: driver version 1.30
[    2.413294] usbcore: registered new interface driver usblp
[    2.414569] usbcore: registered new interface driver usb-storage
[    2.416102] i8042: PNP: PS/2 Controller [PNP0303:KBD,PNP0f13:MOU] at 0x60,0x64 irq 1,12
[    2.418909] serio: i8042 KBD port at 0x60,0x64 irq 1
[    2.420563] serio: i8042 AUX port at 0x60,0x64 irq 12
[    2.422491] rtc_cmos 00:05: RTC can wake from S4
[    2.424855] input: AT Translated Set 2 keyboard as /devices/platform/i8042/serio0/input/input1
[    2.426525] rtc_cmos 00:05: registered as rtc0
[    2.429142] rtc_cmos 00:05: alarms up to one day, y3k, 242 bytes nvram, hpet irqs
[    2.432157] device-mapper: ioctl: 4.48.0-ioctl (2023-03-01) initialised: dm-devel@redhat.com
[    2.435354] intel_pstate: CPU model not supported
[    2.436497] hid: raw HID events driver (C) Jiri Kosina
[    2.438144] usbcore: registered new interface driver usbhid
[    2.439505] usbhid: USB HID core driver
[    2.444993] Initializing XFRM netlink socket
[    2.446162] NET: Registered PF_INET6 protocol family
[    2.448171] Segment Routing with IPv6
[    2.449146] In-situ OAM (IOAM) with IPv6
[    2.450201] sit: IPv6, IPv4 and MPLS over IPv4 tunneling driver
[    2.451965] NET: Registered PF_PACKET protocol family
[    2.453283] 9pnet: Installing 9P2000 support
[    2.454342] Key type dns_resolver registered
[    2.455968] IPI shorthand broadcast: enabled
[    2.472599] sched_clock: Marking stable (2444006955, 28233291)->(2221360091, 250880155)
[    2.474937] registered taskstats version 1
[    2.476074] Loading compiled-in X.509 certificates
[    2.487916] PM:   Magic number: 10:64:871
[    2.489091] printk: console [netcon0] enabled
[    2.490256] netconsole: network logging started
[    2.491538] cfg80211: Loading compiled-in X.509 certificates for regulatory database
[    2.493603] kworker/u4:1 (50) used greatest stack depth: 29544 bytes left
[    2.495522] Loaded X.509 cert 'sforshee: 00b28ddf47aef9cea7'
[    2.498373] platform regulatory.0: Direct firmware load for regulatory.db failed with error -2
[    2.500640] cfg80211: failed to load regulatory.db
[    2.500665] ALSA device list:
[    2.502535]   No soundcards found.
[    2.504474] Freeing unused kernel image (initmem) memory: 5612K
[    2.511330] Write protecting the kernel read-only data: 59392k
[    2.512202] Freeing unused kernel image (rodata/data gap) memory: 184K
[    2.522600] x86/mm: Checked W+X mappings: passed, no W+X pages found.
[    2.523690] Run /init as init process
[    2.526118] mount (54) used greatest stack depth: 28712 bytes left

secb: rootfs ready
---- poc begin ----
[poc] batch0 (setup): 364 bytes, 6 msgs
[poc] nfnl seq=1: OK
[poc] nfnl seq=2: OK
[poc] nfnl seq=3: OK
[poc] nfnl seq=4: OK
[poc] nfnl seq=5: OK
[poc] nfnl seq=6: OK
[poc] batch1 (trigger): 188880 bytes, 4 msgs
[poc] nfnl seq=1: OK
[poc] nfnl seq=2: OK
[poc] nfnl seq=3: OK
[poc] nfnl seq=4: OK
[poc] batch2 (DELCHAIN victim): 80 bytes, 1 msgs
[poc] nfnl seq=1: OK
[poc] batch3 (GETRULE dump CHAIN_HOLDER): 80 bytes
[poc] batch3 sent (UAF read fired in dump path)
[    3.060039] input: ImExPS/2 Generic Explorer Mouse as /devices/platform/i8042/serio1/input/input3
[    4.668298] poc (60) used greatest stack depth: 27728 bytes left
---- poc end rc=0 ----
secb: poc exited without crashing the kernel
[    4.689459] ==================================================================
[    4.690435] BUG: KASAN: slab-use-after-free in nft_immediate_deactivate+0x3ca/0x5c0
[    4.691402] Read of size 1 at addr ffff888009b97354 by task kworker/u4:1/27
[    4.692183] 
[    4.692429] CPU: 1 PID: 27 Comm: kworker/u4:1 Not tainted 6.4.0-rc6-00228-gb770283c98e0-dirty #1
[    4.693642] Hardware name: QEMU Standard PC (i440FX + PIIX, 1996), BIOS 1.16.2-debian-1.16.2-1 04/01/2014
[    4.694821] Workqueue: netns cleanup_net
[    4.695362] Call Trace:
[    4.695671]  <TASK>
[    4.695931]  dump_stack_lvl+0x36/0x50
[    4.696462]  print_report+0xcf/0x660
[    4.697052]  ? nft_immediate_deactivate+0x3ca/0x5c0
[    4.697826]  kasan_report+0xc9/0x100
[    4.698343]  ? nft_immediate_deactivate+0x3ca/0x5c0
[    4.699057]  nft_immediate_deactivate+0x3ca/0x5c0
[    4.699756]  ? kasan_set_track+0x25/0x30
[    4.700548]  ? kasan_save_free_info+0x2e/0x50
[    4.701386]  ? __pfx_nft_immediate_deactivate+0x10/0x10
[    4.702421]  ? worker_thread+0xed/0x1390
[    4.702981]  ? kthread+0x29b/0x370
[    4.703616]  ? ret_from_fork+0x29/0x50
[    4.704191]  __nft_release_table+0x2c7/0xd60
[    4.704874]  ? __pfx___nft_release_table+0x10/0x10
[    4.705574]  ? __pfx_mutex_lock+0x10/0x10
[    4.706243]  nf_tables_exit_net+0x21f/0x470
[    4.706953]  ops_exit_list+0x89/0x140
[    4.707861]  cleanup_net+0x3b3/0x980
[    4.708608]  ? __pfx_cleanup_net+0x10/0x10
[    4.709413]  ? _raw_spin_lock_irq+0x81/0xe0
[    4.709997]  ? read_word_at_a_time+0xe/0x20
[    4.710553]  ? strscpy+0xad/0x290
[    4.711039]  process_one_work+0x72a/0x12d0
[    4.711568]  worker_thread+0xed/0x1390
[    4.712102]  ? __pfx_worker_thread+0x10/0x10
[    4.712746]  kthread+0x29b/0x370
[    4.713187]  ? __pfx_kthread+0x10/0x10
[    4.713726]  ret_from_fork+0x29/0x50
[    4.714233]  </TASK>
[    4.714582] 
[    4.714810] Allocated by task 60:
[    4.715244]  kasan_save_stack+0x33/0x60
[    4.716348]  kasan_set_track+0x25/0x30
[    4.717313]  __kasan_kmalloc+0x8f/0xa0
[    4.718185]  nf_tables_addchain.constprop.0+0x8d1/0x2200
[    4.719143]  nf_tables_newchain+0x163b/0x25a0
[    4.719903]  nfnetlink_rcv_batch+0x129a/0x1fc0
[    4.720696]  nfnetlink_rcv+0x2df/0x360
[    4.721274]  netlink_unicast+0x588/0x7f0
[    4.721968]  netlink_sendmsg+0x7b7/0xc60
[    4.722606]  sock_sendmsg+0x13d/0x180
[    4.723231]  __sys_sendto+0x1e1/0x2a0
[    4.723772]  __x64_sys_sendto+0xdb/0x1b0
[    4.724393]  do_syscall_64+0x3b/0x90
[    4.725076]  entry_SYSCALL_64_after_hwframe+0x72/0xdc
[    4.725931] 
[    4.726160] Freed by task 47:
[    4.726591]  kasan_save_stack+0x33/0x60
[    4.727159]  kasan_set_track+0x25/0x30
[    4.727752]  kasan_save_free_info+0x2e/0x50
[    4.728502]  __kasan_slab_free+0x10a/0x180
[    4.729059]  __kmem_cache_free+0x7a/0x190
[    4.729532]  nf_tables_trans_destroy_work+0x852/0xb10
[    4.730134]  process_one_work+0x72a/0x12d0
[    4.730633]  worker_thread+0xed/0x1390
[    4.731144]  kthread+0x29b/0x370
[    4.731545]  ret_from_fork+0x29/0x50
[    4.731957] 
[    4.732162] The buggy address belongs to the object at ffff888009b97300
[    4.732162]  which belongs to the cache kmalloc-128 of size 128
[    4.733641] The buggy address is located 84 bytes inside of
[    4.733641]  freed 128-byte region [ffff888009b97300, ffff888009b97380)
[    4.735281] 
[    4.735598] The buggy address belongs to the physical page:
[    4.736604] page:00000000164a5d43 refcount:1 mapcount:0 mapping:0000000000000000 index:0x0 pfn:0x9b97
[    4.738238] flags: 0x100000000000200(slab|node=0|zone=1)
[    4.739035] page_type: 0xffffffff()
[    4.739628] raw: 0100000000000200 ffff8880064418c0 dead000000000122 0000000000000000
[    4.740832] raw: 0000000000000000 0000000000100010 00000001ffffffff 0000000000000000
[    4.741870] page dumped because: kasan: bad access detected
[    4.742921] 
[    4.743187] Memory state around the buggy address:
[    4.743956]  ffff888009b97200: 00 00 00 00 00 00 00 00 00 00 00 00 00 fc fc fc
[    4.744981]  ffff888009b97280: fc fc fc fc fc fc fc fc fc fc fc fc fc fc fc fc
[    4.746242] >ffff888009b97300: fa fb fb fb fb fb fb fb fb fb fb fb fb fb fb fb
[    4.747288]                                                  ^
[    4.748026]  ffff888009b97380: fc fc fc fc fc fc fc fc fc fc fc fc fc fc fc fc
[    4.748939]  ffff888009b97400: 00 00 00 00 00 00 00 00 00 00 00 00 00 00 00 fc
[    4.749902] ==================================================================
[    4.750908] Disabling lock debugging due to kernel taint
[    6.025777] ACPI: PM: Preparing to enter system sleep state S5
[    6.026871] reboot: Power down
CONFIRMED: KASAN_UAF
