bash: warning: setlocale: LC_ALL: cannot change locale (en_US.UTF-8)
c[?7l[2J[0mSeaBIOS (version 1.16.2-debian-1.16.2-1)
Booting from ROM...
c[?7l[2Jearly console in extract_kernel
input_data: 0x0000000014d342a3
input_len: 0x00000000060b1947
output: 0x0000000001000000
output_len: 0x0000000012a02cd8
kernel_total_size: 0x0000000019e26000
needed_size: 0x000000001a000000
trampoline_32bit: 0x0000000000000000

Decompressing Linux... Parsing ELF... done.
Booting the kernel (entry_offset: 0x000000000a58e578).
[    0.000000][    T0] Linux version 6.14.0-rc5-g5acf46d7c21b-dirty (root@buildkitsandbox) (gcc (Debian 12.2.0-14+deb12u1) 12.2.0, GNU ld (GNU Binutils for Debian) 2.40) #2 SMP PREEMPT_DYNAMIC Sun May 24 20:36:20 UTC 2026
[    0.000000][    T0] Command line: console=ttyS0 oops=panic panic=86400 nokaslr earlyprintk=serial rdinit=/init
[    0.000000][    T0] KERNEL supported cpus:
[    0.000000][    T0]   Intel GenuineIntel
[    0.000000][    T0]   AMD AuthenticAMD
[    0.000000][    T0] BIOS-provided physical RAM map:
[    0.000000][    T0] BIOS-e820: [mem 0x0000000000000000-0x000000000009fbff] usable
[    0.000000][    T0] BIOS-e820: [mem 0x000000000009fc00-0x000000000009ffff] reserved
[    0.000000][    T0] BIOS-e820: [mem 0x00000000000f0000-0x00000000000fffff] reserved
[    0.000000][    T0] BIOS-e820: [mem 0x0000000000100000-0x000000007ffdffff] usable
[    0.000000][    T0] BIOS-e820: [mem 0x000000007ffe0000-0x000000007fffffff] reserved
[    0.000000][    T0] BIOS-e820: [mem 0x00000000feffc000-0x00000000feffffff] reserved
[    0.000000][    T0] BIOS-e820: [mem 0x00000000fffc0000-0x00000000ffffffff] reserved
[    0.000000][    T0] BIOS-e820: [mem 0x000000fd00000000-0x000000ffffffffff] reserved
[    0.000000][    T0] printk: legacy bootconsole [earlyser0] enabled
[    0.000000][    T0] NX (Execute Disable) protection: active
[    0.000000][    T0] APIC: Static calls initialized
[    0.000000][    T0] SMBIOS 2.8 present.
[    0.000000][    T0] DMI: QEMU Standard PC (i440FX + PIIX, 1996), BIOS 1.16.2-debian-1.16.2-1 04/01/2014
[    0.000000][    T0] DMI: Memory slots populated: 1/1
[    0.000000][    T0] Hypervisor detected: KVM
[    0.000000][    T0] kvm-clock: Using msrs 4b564d01 and 4b564d00
[    0.000002][    T0] kvm-clock: using sched offset of 1135226394 cycles
[    0.000679][    T0] clocksource: kvm-clock: mask: 0xffffffffffffffff max_cycles: 0x1cd42e4dffb, max_idle_ns: 881590591483 ns
[    0.002707][    T0] tsc: Detected 3493.436 MHz processor
[    0.009161][    T0] last_pfn = 0x7ffe0 max_arch_pfn = 0x400000000
[    0.009896][    T0] MTRR map: 4 entries (3 fixed + 1 variable; max 19), built from 8 variable MTRRs
[    0.010937][    T0] x86/PAT: Configuration [0-7]: WB  WC  UC- UC  WB  WP  UC- WT  
[    0.014744][    T0] found SMP MP-table at [mem 0x000f5ba0-0x000f5baf]
[    0.015492][    T0] Using GB pages for direct mapping
[    0.018885][    T0] RAMDISK: [mem 0x7fe8a000-0x7ffdffff]
[    0.019500][    T0] ACPI: Early table checksum verification disabled
[    0.020224][    T0] ACPI: RSDP 0x00000000000F59D0 000014 (v00 BOCHS )
[    0.020977][    T0] ACPI: RSDT 0x000000007FFE1B33 000034 (v01 BOCHS  BXPC     00000001 BXPC 00000001)
[    0.022045][    T0] ACPI: FACP 0x000000007FFE19DF 000074 (v01 BOCHS  BXPC     00000001 BXPC 00000001)
[    0.023118][    T0] ACPI: DSDT 0x000000007FFE0040 00199F (v01 BOCHS  BXPC     00000001 BXPC 00000001)
[    0.024181][    T0] ACPI: FACS 0x000000007FFE0000 000040
[    0.024803][    T0] ACPI: APIC 0x000000007FFE1A53 000080 (v01 BOCHS  BXPC     00000001 BXPC 00000001)
[    0.025860][    T0] ACPI: HPET 0x000000007FFE1AD3 000038 (v01 BOCHS  BXPC     00000001 BXPC 00000001)
[    0.026923][    T0] ACPI: WAET 0x000000007FFE1B0B 000028 (v01 BOCHS  BXPC     00000001 BXPC 00000001)
[    0.027980][    T0] ACPI: Reserving FACP table memory at [mem 0x7ffe19df-0x7ffe1a52]
[    0.028857][    T0] ACPI: Reserving DSDT table memory at [mem 0x7ffe0040-0x7ffe19de]
[    0.029735][    T0] ACPI: Reserving FACS table memory at [mem 0x7ffe0000-0x7ffe003f]
[    0.030623][    T0] ACPI: Reserving APIC table memory at [mem 0x7ffe1a53-0x7ffe1ad2]
[    0.031501][    T0] ACPI: Reserving HPET table memory at [mem 0x7ffe1ad3-0x7ffe1b0a]
[    0.032378][    T0] ACPI: Reserving WAET table memory at [mem 0x7ffe1b0b-0x7ffe1b32]
[    0.034040][    T0] No NUMA configuration found
[    0.034566][    T0] Faking a node at [mem 0x0000000000000000-0x000000007ffdffff]
[    0.035410][    T0] NODE_DATA(0) allocated [mem 0x7fe841c0-0x7fe89c7f]
[    0.039517][    T0] Zone ranges:
[    0.039928][    T0]   DMA      [mem 0x0000000000001000-0x0000000000ffffff]
[    0.040720][    T0]   DMA32    [mem 0x0000000001000000-0x000000007ffdffff]
[    0.041505][    T0]   Normal   empty
[    0.041918][    T0]   Device   empty
[    0.042330][    T0] Movable zone start for each node
[    0.042901][    T0] Early memory node ranges
[    0.043387][    T0]   node   0: [mem 0x0000000000001000-0x000000000009efff]
[    0.044179][    T0]   node   0: [mem 0x0000000000100000-0x000000007ffdffff]
[    0.044973][    T0] Initmem setup node 0 [mem 0x0000000000001000-0x000000007ffdffff]
[    0.045872][    T0] On node 0, zone DMA: 1 pages in unavailable ranges
[    0.046808][    T0] On node 0, zone DMA: 97 pages in unavailable ranges
[    0.069270][    T0] On node 0, zone DMA32: 32 pages in unavailable ranges
[    0.105048][    T0] kasan: KernelAddressSanitizer initialized
[    0.105993][    T0] ACPI: PM-Timer IO Port: 0x608
[    0.106556][    T0] ACPI: LAPIC_NMI (acpi_id[0xff] dfl dfl lint[0x1])
[    0.107327][    T0] IOAPIC[0]: apic_id 0, version 17, address 0xfec00000, GSI 0-23
[    0.108198][    T0] ACPI: INT_SRC_OVR (bus 0 bus_irq 0 global_irq 2 dfl dfl)
[    0.109006][    T0] ACPI: INT_SRC_OVR (bus 0 bus_irq 5 global_irq 5 high level)
[    0.109837][    T0] ACPI: INT_SRC_OVR (bus 0 bus_irq 9 global_irq 9 high level)
[    0.110673][    T0] ACPI: INT_SRC_OVR (bus 0 bus_irq 10 global_irq 10 high level)
[    0.111522][    T0] ACPI: INT_SRC_OVR (bus 0 bus_irq 11 global_irq 11 high level)
[    0.112381][    T0] ACPI: Using ACPI (MADT) for SMP configuration information
[    0.113194][    T0] ACPI: HPET id: 0x8086a201 base: 0xfed00000
[    0.113861][    T0] TSC deadline timer available
[    0.114400][    T0] CPU topo: Max. logical packages:   1
[    0.115002][    T0] CPU topo: Max. logical dies:       1
[    0.115604][    T0] CPU topo: Max. dies per package:   1
[    0.116215][    T0] CPU topo: Max. threads per core:   1
[    0.116817][    T0] CPU topo: Num. cores per package:     2
[    0.117450][    T0] CPU topo: Num. threads per package:   2
[    0.118084][    T0] CPU topo: Allowing 2 present CPUs plus 0 hotplug CPUs
[    0.118906][    T0] kvm-guest: APIC: eoi() replaced with kvm_guest_apic_eoi_write()
[    0.119797][    T0] kvm-guest: KVM setup pv remote TLB flush
[    0.120442][    T0] kvm-guest: setup PV sched yield
[    0.121024][    T0] PM: hibernation: Registered nosave memory: [mem 0x00000000-0x00000fff]
[    0.121964][    T0] PM: hibernation: Registered nosave memory: [mem 0x0009f000-0x0009ffff]
[    0.122906][    T0] PM: hibernation: Registered nosave memory: [mem 0x000a0000-0x000effff]
[    0.123843][    T0] PM: hibernation: Registered nosave memory: [mem 0x000f0000-0x000fffff]
[    0.124783][    T0] [mem 0x80000000-0xfeffbfff] available for PCI devices
[    0.125553][    T0] Booting paravirtualized kernel on KVM
[    0.126172][    T0] clocksource: refined-jiffies: mask: 0xffffffff max_cycles: 0xffffffff, max_idle_ns: 19112604462750000 ns
[    0.172000][    T0] setup_percpu: NR_CPUS:8 nr_cpumask_bits:2 nr_cpu_ids:2 nr_node_ids:1
[    0.173222][    T0] percpu: Embedded 74 pages/cpu s265352 r8192 d29560 u1048576
[    0.174193][    T0] kvm-guest: PV spinlocks enabled
[    0.174783][    T0] PV qspinlock hash table entries: 256 (order: 0, 4096 bytes, linear)
[    0.175729][    T0] Kernel command line: console=ttyS0 oops=panic panic=86400 nokaslr earlyprintk=serial rdinit=/init
[    0.177536][    T0] random: crng init done
[    0.178028][    T0] printk: log buffer data + meta data: 262144 + 917504 = 1179648 bytes
[    0.179234][    T0] Dentry cache hash table entries: 262144 (order: 9, 2097152 bytes, linear)
[    0.180307][    T0] Inode-cache hash table entries: 131072 (order: 8, 1048576 bytes, linear)
[    0.181440][    T0] Fallback order for Node 0: 0 
[    0.181452][    T0] Built 1 zonelists, mobility grouping on.  Total pages: 524158
[    0.182904][    T0] Policy zone: DMA32
[    0.183607][    T0] mem auto-init: stack:all(zero), heap alloc:on, heap free:off
[    0.184487][    T0] stackdepot: allocating hash table via alloc_large_system_hash
[    0.185381][    T0] stackdepot hash table entries: 1048576 (order: 12, 16777216 bytes, linear)
[    0.317566][    T0] SLUB: HWalign=64, Order=0-3, MinObjects=0, CPUs=2, Nodes=1
[    0.320530][    T0] allocated 4194304 bytes of page_ext
[    0.321659][    T0] Dynamic Preempt: full
[    0.322582][    T0] Running RCU self tests
[    0.323073][    T0] Running RCU synchronous self tests
[    0.323679][    T0] rcu: Preemptible hierarchical RCU implementation.
[    0.324442][    T0] rcu: 	RCU lockdep checking is enabled.
[    0.325088][    T0] rcu: 	RCU restricting CPUs from NR_CPUS=8 to nr_cpu_ids=2.
[    0.325943][    T0] rcu: 	RCU callback double-/use-after-free debug is enabled.
[    0.326816][    T0] rcu: 	RCU debug extended QS entry/exit.
[    0.327472][    T0] 	Trampoline variant of Tasks RCU enabled.
[    0.328153][    T0] 	Tracing variant of Tasks RCU enabled.
[    0.328798][    T0] rcu: RCU calculated value of scheduler-enlistment delay is 10 jiffies.
[    0.329773][    T0] rcu: Adjusting geometry for rcu_fanout_leaf=16, nr_cpu_ids=2
[    0.330710][    T0] Running RCU synchronous self tests
[    0.331331][    T0] RCU Tasks: Setting shift to 1 and lim to 1 rcu_task_cb_adjust=1 rcu_task_cpu_ids=2.
[    0.332439][    T0] RCU Tasks Trace: Setting shift to 1 and lim to 1 rcu_task_cb_adjust=1 rcu_task_cpu_ids=2.
[    0.421502][    T0] NR_IRQS: 4352, nr_irqs: 440, preallocated irqs: 16
[    0.422804][    T0] rcu: srcu_init: Setting srcu_struct sizes based on contention.
[    0.423954][    T0] kfence: initialized - using 2097152 bytes for 255 objects at 0x(____ptrval____)-0x(____ptrval____)
[    0.432948][    T0] Console: colour VGA+ 80x25
[    0.433560][    T0] printk: legacy console [ttyS0] enabled
[    0.433560][    T0] printk: legacy console [ttyS0] enabled
[    0.434858][    T0] printk: legacy bootconsole [earlyser0] disabled
[    0.434858][    T0] printk: legacy bootconsole [earlyser0] disabled
[    0.436345][    T0] Lock dependency validator: Copyright (c) 2006 Red Hat, Inc., Ingo Molnar
[    0.437340][    T0] ... MAX_LOCKDEP_SUBCLASSES:  8
[    0.437911][    T0] ... MAX_LOCK_DEPTH:          48
[    0.438494][    T0] ... MAX_LOCKDEP_KEYS:        8192
[    0.439093][    T0] ... CLASSHASH_SIZE:          4096
[    0.439691][    T0] ... MAX_LOCKDEP_ENTRIES:     1048576
[    0.440318][    T0] ... MAX_LOCKDEP_CHAINS:      1048576
[    0.440946][    T0] ... CHAINHASH_SIZE:          524288
[    0.441571][    T0]  memory used by lock dependency info: 106625 kB
[    0.442307][    T0]  memory used for stack traces: 8320 kB
[    0.442988][    T0]  per task-struct memory footprint: 1920 bytes
[    0.443768][    T0] ACPI: Core revision 20240827
[    0.444657][    T0] clocksource: hpet: mask: 0xffffffff max_cycles: 0xffffffff, max_idle_ns: 19112604467 ns
[    0.446002][    T0] APIC: Switch to symmetric I/O mode setup
[    0.446855][    T0] x2apic enabled
[    0.447705][    T0] APIC: Switched APIC routing to: physical x2apic
[    0.448453][    T0] kvm-guest: APIC: send_IPI_mask() replaced with kvm_send_ipi_mask()
[    0.449389][    T0] kvm-guest: APIC: send_IPI_mask_allbutself() replaced with kvm_send_ipi_mask_allbutself()
[    0.450544][    T0] kvm-guest: setup PV IPIs
[    0.452332][    T0] ..TIMER: vector=0x30 apic1=0 pin1=2 apic2=-1 pin2=-1
[    0.453153][    T0] clocksource: tsc-early: mask: 0xffffffffffffffff max_cycles: 0x325b186289d, max_idle_ns: 440795326624 ns
[    0.454470][    T0] Calibrating delay loop (skipped) preset value.. 6986.87 BogoMIPS (lpj=34934360)
[    0.455594][    T0] x86/cpu: User Mode Instruction Prevention (UMIP) activated
[    0.464611][    T0] Last level iTLB entries: 4KB 512, 2MB 255, 4MB 127
[    0.465369][    T0] Last level dTLB entries: 4KB 512, 2MB 255, 4MB 127, 1GB 0
[    0.466205][    T0] Spectre V1 : Mitigation: usercopy/swapgs barriers and __user pointer sanitization
[    0.467267][    T0] Spectre V2 : Mitigation: Retpolines
[    0.467870][    T0] Spectre V2 : Spectre v2 / SpectreRSB mitigation: Filling RSB on context switch
[    0.468889][    T0] Spectre V2 : Spectre v2 / SpectreRSB : Filling RSB on VMEXIT
[    0.469734][    T0] Spectre V2 : Enabling Speculation Barrier for firmware calls
[    0.470587][    T0] RETBleed: Mitigation: untrained return thunk
[    0.471284][    T0] Spectre V2 : mitigation: Enabling conditional Indirect Branch Prediction Barrier
[    0.472336][    T0] Speculative Store Bypass: Mitigation: Speculative Store Bypass disabled via prctl
[    0.473387][    T0] Speculative Return Stack Overflow: IBPB-extending microcode not applied!
[    0.474470][    T0] Speculative Return Stack Overflow: WARNING: See https://kernel.org/doc/html/latest/admin-guide/hw-vuln/srso.html for mitigation options.
[    0.474478][    T0] Speculative Return Stack Overflow: Vulnerable: Safe RET, no microcode
[    0.477012][    T0] x86/fpu: Supporting XSAVE feature 0x001: 'x87 floating point registers'
[    0.477960][    T0] x86/fpu: Supporting XSAVE feature 0x002: 'SSE registers'
[    0.478767][    T0] x86/fpu: Supporting XSAVE feature 0x004: 'AVX registers'
[    0.479568][    T0] x86/fpu: xstate_offset[2]:  576, xstate_sizes[2]:  256
[    0.480352][    T0] x86/fpu: Enabled xstate features 0x7, context size is 832 bytes, using 'compacted' format.
[    0.792774][    T0] Freeing SMP alternatives memory: 124K
[    0.793501][    T0] pid_max: default: 32768 minimum: 301
[    0.794450][    T0] LSM: initializing lsm=lockdown,capability,landlock,yama,safesetid,tomoyo,apparmor,bpf,ima,evm
[    0.796463][    T0] landlock: Up and running.
[    0.797011][    T0] Yama: becoming mindful.
[    0.798031][    T0] TOMOYO Linux initialized
[    0.799799][    T0] AppArmor: AppArmor initialized
[    0.803382][    T0] LSM support for eBPF active
[    0.804707][    T0] Mount-cache hash table entries: 4096 (order: 3, 32768 bytes, linear)
[    0.805702][    T0] Mountpoint-cache hash table entries: 4096 (order: 3, 32768 bytes, linear)
[    0.810421][    T0] Running RCU synchronous self tests
[    0.811062][    T0] Running RCU synchronous self tests
[    0.812436][    T1] smpboot: CPU0: AMD Ryzen Threadripper PRO 3975WX 32-Cores (family: 0x17, model: 0x31, stepping: 0x0)
[    0.814463][    T1] Running RCU Tasks wait API self tests
[    0.914891][    T1] Running RCU Tasks Trace wait API self tests
[    0.916593][    T1] Performance Events: Fam17h+ core perfctr, AMD PMU driver.
[    0.918776][    T1] ... version:                0
[    0.919927][    T1] ... bit width:              48
[    0.921093][    T1] ... generic registers:      6
[    0.922230][    T1] ... value mask:             0000ffffffffffff
[    0.923693][    T1] ... max period:             00007fffffffffff
[    0.924493][    T1] ... fixed-purpose events:   0
[    0.925640][    T1] ... event mask:             000000000000003f
[    0.929080][    T1] signal: max sigframe size: 1776
[    0.931830][    T1] rcu: Hierarchical SRCU implementation.
[    0.933162][    T1] rcu: 	Max phase no-delay instances is 1000.
[    0.934579][   T15] Callback from call_rcu_tasks_trace() invoked.
[    0.937555][    T1] Timer migration: 1 hierarchy levels; 8 children per group; 1 crossnode level
[    1.022071][    T1] smp: Bringing up secondary CPUs ...
[    1.024602][    T1] smpboot: x86: Booting SMP configuration:
[    1.025326][    T1] .... node  #0, CPUs:      #1
[    1.025642][    T1] smp: Brought up 1 node, 2 CPUs
[    1.025642][    T1] smpboot: Total of 2 processors activated (13973.74 BogoMIPS)
[    1.027156][    T1] Memory: 1289336K/2096632K available (169530K kernel code, 41258K rwdata, 39348K rodata, 26932K init, 120824K bss, 796384K reserved, 0K cma-reserved)
[    1.036221][    T1] devtmpfs: initialized
[    1.036351][    T1] x86/mm: Memory block size: 128MB
[    1.077198][    T1] Running RCU synchronous self tests
[    1.077685][    T1] Running RCU synchronous self tests
[    1.084519][    T1] clocksource: jiffies: mask: 0xffffffff max_cycles: 0xffffffff, max_idle_ns: 19112604462750000 ns
[    1.085777][    T1] futex hash table entries: 512 (order: 4, 65536 bytes, linear)
[    1.088757][    T1] PM: RTC time: 20:38:00, date: 2026-05-24
[    1.105847][    T1] NET: Registered PF_NETLINK/PF_ROUTE protocol family
[    1.115804][    T1] audit: initializing netlink subsys (disabled)
[    1.117322][   T29] audit: type=2000 audit(1779655081.223:1): state=initialized audit_enabled=0 res=1
[    1.125572][    T1] thermal_sys: Registered thermal governor 'step_wise'
[    1.125917][    T1] cpuidle: using governor menu
[    1.127240][    T1] NET: Registered PF_QIPCRTR protocol family
[    1.134900][   T14] Callback from call_rcu_tasks() invoked.
[    1.136340][    T1] dca service started, version 1.12.1
[    1.137917][    T1] PCI: Using configuration type 1 for base access
[    1.139436][    T1] PCI: Using configuration type 1 for extended access
[    1.147434][    T1] HugeTLB: registered 1.00 GiB page size, pre-allocated 0 pages
[    1.149246][    T1] HugeTLB: 16380 KiB vmemmap can be freed for a 1.00 GiB page
[    1.154606][    T1] HugeTLB: registered 2.00 MiB page size, pre-allocated 0 pages
[    1.156414][    T1] HugeTLB: 28 KiB vmemmap can be freed for a 2.00 MiB page
[    1.187160][    T1] cryptd: max_cpu_qlen set to 1000
[    1.199663][    T1] raid6: skipped pq benchmark and selected avx2x4
[    1.201199][    T1] raid6: using avx2x2 recovery algorithm
[    1.205251][    T1] ACPI: Added _OSI(Module Device)
[    1.206467][    T1] ACPI: Added _OSI(Processor Device)
[    1.207718][    T1] ACPI: Added _OSI(3.0 _SCP Extensions)
[    1.209037][    T1] ACPI: Added _OSI(Processor Aggregator Device)
[    1.262459][    T1] ACPI: 1 ACPI AML tables successfully acquired and loaded
[    1.294619][    T1] ACPI: Interpreter enabled
[    1.295529][    T1] ACPI: PM: (supports S0 S3 S4 S5)
[    1.296171][    T1] ACPI: Using IOAPIC for interrupt routing
[    1.297113][    T1] PCI: Using host bridge windows from ACPI; if necessary, use "pci=nocrs" and report a bug
[    1.298300][    T1] PCI: Using E820 reservations for host bridge windows
[    1.302497][    T1] ACPI: Enabled 2 GPEs in block 00 to 0F
[    1.412907][    T1] ACPI: PCI Root Bridge [PCI0] (domain 0000 [bus 00-ff])
[    1.413853][    T1] acpi PNP0A03:00: _OSC: OS supports [ExtendedConfig ASPM ClockPM Segments MSI HPX-Type3]
[    1.418143][    T1] PCI host bridge to bus 0000:00
[    1.418929][    T1] pci_bus 0000:00: root bus resource [io  0x0000-0x0cf7 window]
[    1.419874][    T1] pci_bus 0000:00: root bus resource [io  0x0d00-0xffff window]
[    1.420813][    T1] pci_bus 0000:00: root bus resource [mem 0x000a0000-0x000bffff window]
[    1.421824][    T1] pci_bus 0000:00: root bus resource [mem 0x80000000-0xfebfffff window]
[    1.422843][    T1] pci_bus 0000:00: root bus resource [mem 0x100000000-0x17fffffff window]
[    1.423889][    T1] pci_bus 0000:00: root bus resource [bus 00-ff]
[    1.424897][    T1] pci 0000:00:00.0: [8086:1237] type 00 class 0x060000 conventional PCI endpoint
[    1.456124][    T1] pci 0000:00:01.0: [8086:7000] type 00 class 0x060100 conventional PCI endpoint
[    1.486684][    T1] pci 0000:00:01.1: [8086:7010] type 00 class 0x010180 conventional PCI endpoint
[    1.488337][    T1] pci 0000:00:01.1: BAR 4 [io  0xc000-0xc00f]
[    1.489119][    T1] pci 0000:00:01.1: BAR 0 [io  0x01f0-0x01f7]: legacy IDE quirk
[    1.490038][    T1] pci 0000:00:01.1: BAR 1 [io  0x03f6]: legacy IDE quirk
[    1.490889][    T1] pci 0000:00:01.1: BAR 2 [io  0x0170-0x0177]: legacy IDE quirk
[    1.491811][    T1] pci 0000:00:01.1: BAR 3 [io  0x0376]: legacy IDE quirk
[    1.493722][    T1] pci 0000:00:01.3: [8086:7113] type 00 class 0x068000 conventional PCI endpoint
[    1.494913][    T1] pci 0000:00:01.3: quirk: [io  0x0600-0x063f] claimed by PIIX4 ACPI
[    1.495900][    T1] pci 0000:00:01.3: quirk: [io  0x0700-0x070f] claimed by PIIX4 SMB
[    1.497942][    T1] pci 0000:00:02.0: [1234:1111] type 00 class 0x030000 conventional PCI endpoint
[    1.500500][    T1] pci 0000:00:02.0: BAR 0 [mem 0xfd000000-0xfdffffff pref]
[    1.501409][    T1] pci 0000:00:02.0: BAR 2 [mem 0xfebf0000-0xfebf0fff]
[    1.502269][    T1] pci 0000:00:02.0: ROM [mem 0xfebe0000-0xfebeffff pref]
[    1.503333][    T1] pci 0000:00:02.0: Video device with shadowed ROM at [mem 0x000c0000-0x000dffff]
[    1.542108][    T1] ACPI: PCI: Interrupt link LNKA configured for IRQ 10
[    1.545873][    T1] ACPI: PCI: Interrupt link LNKB configured for IRQ 10
[    1.549543][    T1] ACPI: PCI: Interrupt link LNKC configured for IRQ 11
[    1.553210][    T1] ACPI: PCI: Interrupt link LNKD configured for IRQ 11
[    1.555237][    T1] ACPI: PCI: Interrupt link LNKS configured for IRQ 9
[    1.564987][    T1] iommu: Default domain type: Translated
[    1.565220][    T1] iommu: DMA domain TLB invalidation policy: lazy mode
[    1.569560][    T1] SCSI subsystem initialized
[    1.570509][    T1] ACPI: bus type USB registered
[    1.570509][    T1] usbcore: registered new interface driver usbfs
[    1.570509][    T1] usbcore: registered new interface driver hub
[    1.574668][    T1] usbcore: registered new device driver usb
[    1.576807][    T1] mc: Linux media interface: v0.10
[    1.577597][    T1] videodev: Linux video capture interface: v2.00
[    1.578915][    T1] pps_core: LinuxPPS API ver. 1 registered
[    1.579612][    T1] pps_core: Software ver. 5.3.6 - Copyright 2005-2007 Rodolfo Giometti <giometti@linux.it>
[    1.580861][    T1] PTP clock support registered
[    1.582262][    T1] EDAC MC: Ver: 3.0.0
[    1.586299][    T1] Advanced Linux Sound Architecture Driver Initialized.
[    1.591675][    T1] Bluetooth: Core ver 2.22
[    1.592345][    T1] NET: Registered PF_BLUETOOTH protocol family
[    1.593089][    T1] Bluetooth: HCI device and connection manager initialized
[    1.593994][    T1] Bluetooth: HCI socket layer initialized
[    1.594517][    T1] Bluetooth: L2CAP socket layer initialized
[    1.595282][    T1] Bluetooth: SCO socket layer initialized
[    1.596041][    T1] NET: Registered PF_ATMPVC protocol family
[    1.596757][    T1] NET: Registered PF_ATMSVC protocol family
[    1.597708][    T1] NetLabel: Initializing
[    1.598229][    T1] NetLabel:  domain hash size = 128
[    1.598858][    T1] NetLabel:  protocols = UNLABELED CIPSOv4 CALIPSO
[    1.600012][    T1] NetLabel:  unlabeled traffic allowed by default
[    1.601383][    T1] nfc: nfc_init: NFC Core ver 0.1
[    1.601383][    T1] NET: Registered PF_NFC protocol family
[    1.601383][    T1] PCI: Using ACPI for IRQ routing
[    1.605660][    T1] pci 0000:00:02.0: vgaarb: setting as boot VGA device
[    1.605660][    T1] pci 0000:00:02.0: vgaarb: bridge control possible
[    1.606264][    T1] pci 0000:00:02.0: vgaarb: VGA device added: decodes=io+mem,owns=io+mem,locks=none
[    1.607391][    T1] vgaarb: loaded
[    1.609598][    T1] hpet0: at MMIO 0xfed00000, IRQs 2, 8, 0
[    1.610348][    T1] hpet0: 3 comparators, 64-bit 100.000000 MHz counter
[    1.617150][    T1] clocksource: Switched to clocksource kvm-clock
[    1.621026][    T1] VFS: Disk quotas dquot_6.6.0
[    1.621702][    T1] VFS: Dquot-cache hash table entries: 512 (order 0, 4096 bytes)
[    1.624463][    T1] netfs: FS-Cache loaded
[    1.627045][    T1] CacheFiles: Loaded
[    1.628002][    T1] TOMOYO: 2.6.0
[    1.628467][    T1] Mandatory Access Control activated.
[    1.632264][    T1] AppArmor: AppArmor Filesystem Enabled
[    1.633365][    T1] pnp: PnP ACPI init
[    1.643836][    T1] pnp: PnP ACPI: found 6 devices
[    1.707642][    T1] clocksource: acpi_pm: mask: 0xffffff max_cycles: 0xffffff, max_idle_ns: 2085701024 ns
[    1.709447][    T1] NET: Registered PF_INET protocol family
[    1.710633][    T1] IP idents hash table entries: 32768 (order: 6, 262144 bytes, linear)
[    1.715271][    T1] tcp_listen_portaddr_hash hash table entries: 1024 (order: 4, 73728 bytes, linear)
[    1.716485][    T1] Table-perturb hash table entries: 65536 (order: 6, 262144 bytes, linear)
[    1.717600][    T1] TCP established hash table entries: 16384 (order: 5, 131072 bytes, linear)
[    1.721303][    T1] TCP bind hash table entries: 16384 (order: 9, 2359296 bytes, linear)
[    1.724349][    T1] TCP: Hash tables configured (established 16384 bind 16384)
[    1.726031][    T1] MPTCP token hash table entries: 2048 (order: 5, 180224 bytes, linear)
[    1.727314][    T1] UDP hash table entries: 1024 (order: 6, 262144 bytes, linear)
[    1.728496][    T1] UDP-Lite hash table entries: 1024 (order: 6, 262144 bytes, linear)
[    1.730363][    T1] NET: Registered PF_UNIX/PF_LOCAL protocol family
[    1.753349][    T1] RPC: Registered named UNIX socket transport module.
[    1.754185][    T1] RPC: Registered udp transport module.
[    1.754855][    T1] RPC: Registered tcp transport module.
[    1.755518][    T1] RPC: Registered tcp-with-tls transport module.
[    1.756271][    T1] RPC: Registered tcp NFSv4.1 backchannel transport module.
[    1.771162][    T1] NET: Registered PF_XDP protocol family
[    1.771876][    T1] pci_bus 0000:00: resource 4 [io  0x0000-0x0cf7 window]
[    1.772729][    T1] pci_bus 0000:00: resource 5 [io  0x0d00-0xffff window]
[    1.773578][    T1] pci_bus 0000:00: resource 6 [mem 0x000a0000-0x000bffff window]
[    1.774514][    T1] pci_bus 0000:00: resource 7 [mem 0x80000000-0xfebfffff window]
[    1.775444][    T1] pci_bus 0000:00: resource 8 [mem 0x100000000-0x17fffffff window]
[    1.777308][    T1] pci 0000:00:01.0: PIIX3: Enabling Passive Release
[    1.778114][    T1] pci 0000:00:00.0: Limiting direct PCI/PCI transfers
[    1.779169][    T1] PCI: CLS 0 bytes, default 64
[    1.779970][    T1] ACPI: bus type thunderbolt registered
[    1.782532][    T1] kvm_intel: VMX not supported by CPU 0
[    1.783485][    T1] kvm_amd: Nested Virtualization enabled
[    1.784189][    T1] kvm_amd: Nested Paging enabled
[    1.785548][   T56] Trying to unpack rootfs image as initramfs...
[    1.821504][    T1] clocksource: tsc: mask: 0xffffffffffffffff max_cycles: 0x325b186289d, max_idle_ns: 440795326624 ns
[    1.830407][    T1] AES CTR mode by8 optimization enabled
[    2.087144][   T56] Freeing initrd memory: 1368K
[    2.088706][   T63] kworker/u8:4 (63) used greatest stack depth: 28416 bytes left
[    2.090439][   T65] kworker/u8:5 (65) used greatest stack depth: 27584 bytes left
[   13.246742][    T1] Initialise system trusted keyrings
[   13.249131][    T1] workingset: timestamp_bits=40 max_order=19 bucket_order=0
[   13.253944][    T1] DLM installed
[   13.256718][    T1] squashfs: version 4.0 (2009/01/31) Phillip Lougher
[   13.271047][    T1] NFS: Registering the id_resolver key type
[   13.271824][    T1] Key type id_resolver registered
[   13.272453][    T1] Key type id_legacy registered
[   13.273136][    T1] nfs4filelayout_init: NFSv4 File Layout Driver Registering...
[   13.274099][    T1] nfs4flexfilelayout_init: NFSv4 Flexfile Layout Driver Registering...
[   13.282497][    T1] Key type cifs.spnego registered
[   13.283243][    T1] Key type cifs.idmap registered
[   13.285988][    T1] ntfs3: Enabled Linux POSIX ACLs support
[   13.286679][    T1] ntfs3: Read-only LZX/Xpress compression included
[   13.287590][    T1] efs: 1.0a - http://aeschi.ch.eu.org/efs/
[   13.288322][    T1] jffs2: version 2.2. (NAND) (SUMMARY)  © 2001-2006 Red Hat, Inc.
[   13.290058][    T1] romfs: ROMFS MTD (C) 2007 Red Hat, Inc.
[   13.290882][    T1] QNX4 filesystem 0.2.3 registered.
[   13.291575][    T1] qnx6: QNX6 filesystem 1.0.0 registered.
[   13.292747][    T1] fuse: init (API version 7.42)
[   13.295327][    T1] orangefs_debugfs_init: called with debug mask: :none: :0:
[   13.296910][    T1] orangefs_init: module version upstream loaded
[   13.298050][    T1] JFS: nTxBlock = 8192, nTxLock = 65536
[   13.310844][    T1] SGI XFS with ACLs, security attributes, realtime, quota, no debug enabled
[   13.314636][    T1] 9p: Installing v9fs 9p2000 file system support
[   13.315699][    T1] NILFS version 2 loaded
[   13.316214][    T1] befs: version: 0.9.3
[   13.317117][    T1] ocfs2: Registered cluster interface o2cb
[   13.318344][    T1] ocfs2: Registered cluster interface user
[   13.319562][    T1] OCFS2 User DLM kernel interface loaded
[   13.330967][    T1] gfs2: GFS2 installed
[   13.339223][    T1] ceph: loaded (mds proto 32)
[   13.381284][    T1] NET: Registered PF_ALG protocol family
[   13.382092][    T1] xor: automatically using best checksumming function   avx       
[   13.383074][    T1] async_tx: api initialized (async)
[   13.383713][    T1] Key type asymmetric registered
[   13.384334][    T1] Asymmetric key parser 'x509' registered
[   13.385056][    T1] Asymmetric key parser 'pkcs8' registered
[   13.385759][    T1] Key type pkcs7_test registered
[   13.386641][    T1] Block layer SCSI generic (bsg) driver version 0.4 loaded (major 238)
[   13.388797][    T1] io scheduler mq-deadline registered
[   13.390090][    T1] io scheduler kyber registered
[   13.391704][    T1] io scheduler bfq registered
[   13.404344][    T1] input: Power Button as /devices/LNXSYSTM:00/LNXPWRBN:00/input/input0
[   13.411739][    T1] ACPI: button: Power Button [PWRF]
[   13.429856][    T1] ioatdma: Intel(R) QuickData Technology Driver 5.00
[   13.447966][  T196] kworker/u8:3 (196) used greatest stack depth: 27520 bytes left
[   13.733628][  T668] kworker/u8:1 (668) used greatest stack depth: 27280 bytes left
[   13.748209][    T1] N_HDLC line discipline registered with maxframe=4096
[   13.749105][    T1] Serial: 8250/16550 driver, 4 ports, IRQ sharing enabled
[   13.752531][    T1] 00:04: ttyS0 at I/O 0x3f8 (irq = 4, base_baud = 115200) is a 16550A
[   13.772046][    T1] Non-volatile memory driver v1.3
[   13.772767][    T1] Linux agpgart interface v0.103
[   13.775011][    T1] usbcore: registered new interface driver xillyusb
[   13.778963][    T1] ACPI: bus type drm_connector registered
[   13.785473][    T1] [drm] Initialized vgem 1.0.0 for vgem on minor 0
[   13.794468][    T1] [drm] Initialized vkms 1.0.0 for vkms on minor 1
[   13.863639][    T1] Console: switching to colour frame buffer device 128x48
[   13.880876][    T1] platform vkms: [drm] fb0: vkmsdrmfb frame buffer device
[   13.881983][    T1] usbcore: registered new interface driver udl
[   13.883890][    T1] bochs-drm 0000:00:02.0: vgaarb: deactivate vga console
[   13.889188][    T1] [drm] Found bochs VGA, ID 0xb0c5.
[   13.889843][    T1] [drm] Framebuffer size 16384 kB @ 0xfd000000, mmio @ 0xfebf0000.
[   13.893805][    T1] [drm] Initialized bochs-drm 1.0.0 for 0000:00:02.0 on minor 2
[   13.924224][    T1] fbcon: bochs-drmdrmfb (fb1) is primary device
[   13.924248][    T1] fbcon: Remapping primary device, fb1, to tty 1-63
[   15.831583][    T1] bochs-drm 0000:00:02.0: [drm] fb1: bochs-drmdrmfb frame buffer device
[   15.834711][    T1] usbcore: registered new interface driver gm12u320
[   15.836794][    T1] usbcore: registered new interface driver gud
[   15.890605][    T1] brd: module loaded
[   15.958852][    T1] loop: module loaded
[   16.093303][    T1] zram: Added device: zram0
[   16.101900][    T1] null_blk: disk nullb0 created
[   16.102521][    T1] null_blk: module loaded
[   16.103638][    T1] Guest personality initialized and is inactive
[   16.104934][    T1] VMCI host device registered (name=vmci, major=10, minor=118)
[   16.105835][    T1] Initialized host personality
[   16.106596][    T1] usbcore: registered new interface driver rtsx_usb
[   16.108242][    T1] usbcore: registered new interface driver viperboard
[   16.109309][    T1] usbcore: registered new interface driver dln2
[   16.110489][    T1] usbcore: registered new interface driver pn533_usb
[   16.115147][    T1] nfcsim 0.2 initialized
[   16.115798][    T1] usbcore: registered new interface driver port100
[   16.116710][    T1] usbcore: registered new interface driver nfcmrvl
[   16.120223][    T1] Loading iSCSI transport class v2.0-870.
[   16.129882][    T1] st: Version 20160209, fixed bufsize 32768, s/g segs 256
[   16.174345][    T1] scsi host0: ata_piix
[   16.177325][    T1] scsi host1: ata_piix
[   16.178771][    T1] ata1: PATA max MWDMA2 cmd 0x1f0 ctl 0x3f6 bmdma 0xc000 irq 14 lpm-pol 0
[   16.179789][    T1] ata2: PATA max MWDMA2 cmd 0x170 ctl 0x376 bmdma 0xc008 irq 15 lpm-pol 0
[   16.195377][    T1] Rounding down aligned max_sectors from 4294967295 to 4294967288
[   16.196747][    T1] db_root: cannot open: /etc/target
[   16.198577][    T1] slram: not enough parameters.
[   16.204557][    T1] ftl_cs: FTL header not found.
[   16.231261][    T1] wireguard: WireGuard 1.0.0 loaded. See www.wireguard.com for information.
[   16.232297][    T1] wireguard: Copyright (C) 2015-2019 Jason A. Donenfeld <Jason@zx2c4.com>. All Rights Reserved.
[   16.233522][    T1] eql: Equalizer2002: Simon Janes (simon@ncm.com) and David S. Miller (davem@redhat.com)
[   16.241665][    T1] MACsec IEEE 802.1AE
[   16.251426][    T1] usbcore: registered new interface driver mvusb_mdio
[   16.252869][    T1] tun: Universal TUN/TAP device driver, 1.6
[   16.256532][    T1] vcan: Virtual CAN interface driver
[   16.257209][    T1] vxcan: Virtual CAN Tunnel driver
[   16.257909][    T1] slcan: serial line CAN interface driver
[   16.258635][    T1] CAN device driver interface
[   16.259330][    T1] usbcore: registered new interface driver usb_8dev
[   16.260254][    T1] usbcore: registered new interface driver ems_usb
[   16.262001][    T1] usbcore: registered new interface driver esd_usb
[   16.262929][    T1] usbcore: registered new interface driver etas_es58x
[   16.263889][    T1] usbcore: registered new interface driver f81604
[   16.264806][    T1] usbcore: registered new interface driver gs_usb
[   16.265723][    T1] usbcore: registered new interface driver kvaser_usb
[   16.266678][    T1] usbcore: registered new interface driver mcba_usb
[   16.268074][    T1] usbcore: registered new interface driver peak_usb
[   16.268992][    T1] usbcore: registered new interface driver ucan
[   16.270065][    T1] e100: Intel(R) PRO/100 Network Driver
[   16.270739][    T1] e100: Copyright(c) 1999-2006 Intel Corporation
[   16.272040][    T1] e1000: Intel(R) PRO/1000 Network Driver
[   16.272747][    T1] e1000: Copyright (c) 1999-2006 Intel Corporation.
[   16.273764][    T1] e1000e: Intel(R) PRO/1000 Network Driver
[   16.274467][    T1] e1000e: Copyright(c) 1999 - 2015 Intel Corporation.
[   16.286084][    T1] mkiss: AX.25 Multikiss, Hans Albas PE1AYX
[   16.286877][    T1] AX.25: bpqether driver version 004
[   16.287530][    T1] PPP generic driver version 2.4.2
[   16.289061][    T1] PPP BSD Compression module registered
[   16.289778][    T1] PPP Deflate Compression module registered
[   16.290561][    T1] PPP MPPE Compression module registered
[   16.291349][    T1] NET: Registered PF_PPPOX protocol family
[   16.292124][    T1] PPTP driver version 0.8.5
[   16.293212][    T1] SLIP: version 0.8.4-NET3.019-NEWTTY (dynamic channels, max=256) (6 bit encapsulation enabled).
[   16.294512][    T1] CSLIP: code copyright 1989 Regents of the University of California.
[   16.295506][    T1] SLIP linefill/keepalive option.
[   16.296136][    T1] hdlc: HDLC support module revision 1.22
[   16.296878][    T1] LAPB Ethernet driver version 0.02
[   16.298068][    T1] usbcore: registered new interface driver ath9k_htc
[   16.299668][    T1] usbcore: registered new interface driver carl9170
[   16.300680][    T1] usbcore: registered new interface driver ath6kl_usb
[   16.301710][    T1] usbcore: registered new interface driver ar5523
[   16.302865][    T1] usbcore: registered new interface driver ath10k_usb
[   16.303884][    T1] usbcore: registered new interface driver plfxlc
[   16.304909][    T1] mac80211_hwsim: initializing netlink
[   16.331779][    T1] usbcore: registered new interface driver atusb
[   16.341326][    T1] mac802154_hwsim mac802154_hwsim: Added 2 mac802154 hwsim hardware radios
[   16.343001][    T1] VMware vmxnet3 virtual NIC driver - version 1.9.0.0-k-NAPI
[   16.344540][    T1] usbcore: registered new interface driver catc
[   16.345475][    T1] usbcore: registered new interface driver kaweth
[   16.346279][    T1] pegasus: Pegasus/Pegasus II USB Ethernet driver
[   16.347242][    T1] usbcore: registered new interface driver pegasus
[   16.348208][    T1] usbcore: registered new interface driver rtl8150
[   16.349148][    T1] usbcore: registered new device driver r8152-cfgselector
[   16.350197][    T1] usbcore: registered new interface driver r8152
[   16.352309][ T1005] ata2: found unknown device (class 0)
[   16.354210][    T1] usbcore: registered new interface driver hso
[   16.355125][ T1005] ata2.00: ATAPI: QEMU DVD-ROM, 2.5+, max UDMA/100
[   16.355233][    T1] usbcore: registered new interface driver lan78xx
[   16.356986][    T1] usbcore: registered new interface driver asix
[   16.357932][    T1] usbcore: registered new interface driver ax88179_178a
[   16.358985][    T1] usbcore: registered new interface driver cdc_ether
[   16.359968][    T1] usbcore: registered new interface driver cdc_eem
[   16.361008][    T1] usbcore: registered new interface driver dm9601
[   16.361961][    T1] usbcore: registered new interface driver sr9700
[   16.362947][    T1] usbcore: registered new interface driver CoreChips
[   16.363915][    T1] usbcore: registered new interface driver smsc75xx
[   16.364896][    T1] usbcore: registered new interface driver smsc95xx
[   16.365841][    T1] usbcore: registered new interface driver gl620a
[   16.366766][    T1] usbcore: registered new interface driver net1080
[   16.367701][    T1] usbcore: registered new interface driver plusb
[   16.368608][    T1] usbcore: registered new interface driver rndis_host
[   16.369574][    T1] usbcore: registered new interface driver cdc_subset
[   16.370548][    T1] usbcore: registered new interface driver zaurus
[   16.371654][   T12] scsi 1:0:0:0: CD-ROM            QEMU     QEMU DVD-ROM     2.5+ PQ: 0 ANSI: 5
[   16.372570][    T1] usbcore: registered new interface driver MOSCHIP usb-ethernet driver
[   16.374147][    T1] usbcore: registered new interface driver int51x1
[   16.375407][    T1] usbcore: registered new interface driver cdc_phonet
[   16.376895][    T1] usbcore: registered new interface driver kalmia
[   16.378031][    T1] usbcore: registered new interface driver ipheth
[   16.379159][    T1] usbcore: registered new interface driver sierra_net
[   16.380429][    T1] usbcore: registered new interface driver cx82310_eth
[   16.381455][    T1] usbcore: registered new interface driver cdc_ncm
[   16.382462][    T1] usbcore: registered new interface driver huawei_cdc_ncm
[   16.383475][    T1] usbcore: registered new interface driver lg-vl600
[   16.384414][    T1] usbcore: registered new interface driver qmi_wwan
[   16.385351][    T1] usbcore: registered new interface driver cdc_mbim
[   16.386289][    T1] usbcore: registered new interface driver ch9200
[   16.387337][    T1] usbcore: registered new interface driver aqc111
[   16.388278][    T1] usbcore: registered new interface driver r8153_ecm
[   16.403157][    T1] VFIO - User Level meta-driver version: 0.3
[   16.407797][    T1] aoe: AoE v85 initialised.
[   16.415832][    T1] SPI driver max3421-hcd has no spi_device_id for maxim,max3421
[   16.417169][    T1] usbcore: registered new interface driver cdc_acm
[   16.417958][    T1] cdc_acm: USB Abstract Control Model driver for USB modems and ISDN adapters
[   16.419148][    T1] usbcore: registered new interface driver usblp
[   16.420050][    T1] usbcore: registered new interface driver cdc_wdm
[   16.423379][    T1] usbcore: registered new interface driver usbtmc
[   16.424587][    T1] usbcore: registered new interface driver uas
[   16.425486][    T1] usbcore: registered new interface driver usb-storage
[   16.426441][    T1] usbcore: registered new interface driver ums-alauda
[   16.427370][    T1] usbcore: registered new interface driver ums-cypress
[   16.428308][    T1] usbcore: registered new interface driver ums-datafab
[   16.429246][    T1] usbcore: registered new interface driver ums_eneub6250
[   16.430213][    T1] usbcore: registered new interface driver ums-freecom
[   16.431664][    T1] usbcore: registered new interface driver ums-isd200
[   16.432993][    T1] usbcore: registered new interface driver ums-jumpshot
[   16.433963][    T1] usbcore: registered new interface driver ums-karma
[   16.434910][    T1] usbcore: registered new interface driver ums-onetouch
[   16.435864][    T1] usbcore: registered new interface driver ums-realtek
[   16.436832][    T1] usbcore: registered new interface driver ums-sddr09
[   16.438090][    T1] usbcore: registered new interface driver ums-sddr55
[   16.439045][    T1] usbcore: registered new interface driver ums-usbat
[   16.440064][    T1] usbcore: registered new interface driver mdc800
[   16.440912][    T1] mdc800: v0.7.5 (30/10/2000):USB Driver for Mustek MDC800 Digital Camera
[   16.442070][    T1] usbcore: registered new interface driver microtekX6
[   16.443288][    T1] usbcore: registered new interface driver usbserial_generic
[   16.444454][    T1] usbserial: USB Serial support registered for generic
[   16.445442][    T1] usbcore: registered new interface driver aircable
[   16.446379][    T1] usbserial: USB Serial support registered for aircable
[   16.447346][    T1] usbcore: registered new interface driver ark3116
[   16.448233][    T1] usbserial: USB Serial support registered for ark3116
[   16.449546][    T1] usbcore: registered new interface driver belkin_sa
[   16.450462][    T1] usbserial: USB Serial support registered for Belkin / Peracom / GoHubs USB Serial Adapter
[   16.451972][    T1] usbcore: registered new interface driver ch341
[   16.452838][    T1] usbserial: USB Serial support registered for ch341-uart
[   16.453808][    T1] usbcore: registered new interface driver cp210x
[   16.454693][    T1] usbserial: USB Serial support registered for cp210x
[   16.456351][    T1] usbcore: registered new interface driver cyberjack
[   16.457513][    T1] usbserial: USB Serial support registered for Reiner SCT Cyberjack USB card reader
[   16.458989][    T1] usbcore: registered new interface driver cypress_m8
[   16.460168][    T1] usbserial: USB Serial support registered for DeLorme Earthmate USB
[   16.463182][    T1] usbserial: USB Serial support registered for HID->COM RS232 Adapter
[   16.464353][   T12] sr 1:0:0:0: [sr0] scsi3-mmc drive: 4x/4x cd/rw xa/form2 tray
[   16.464412][    T1] usbserial: USB Serial support registered for Nokia CA-42 V2 Adapter
[   16.465321][   T12] cdrom: Uniform CD-ROM driver Revision: 3.20
[   16.466411][    T1] usbcore: registered new interface driver usb_debug
[   16.468134][    T1] usbserial: USB Serial support registered for debug
[   16.469087][    T1] usbserial: USB Serial support registered for xhci_dbc
[   16.470053][    T1] usbcore: registered new interface driver digi_acceleport
[   16.471077][    T1] usbserial: USB Serial support registered for Digi 2 port USB adapter
[   16.472179][    T1] usbserial: USB Serial support registered for Digi 4 port USB adapter
[   16.473297][    T1] usbcore: registered new interface driver io_edgeport
[   16.474234][    T1] usbserial: USB Serial support registered for Edgeport 2 port adapter
[   16.475346][    T1] usbserial: USB Serial support registered for Edgeport 4 port adapter
[   16.476442][    T1] usbserial: USB Serial support registered for Edgeport 8 port adapter
[   16.477544][    T1] usbserial: USB Serial support registered for EPiC device
[   16.478555][    T1] usbcore: registered new interface driver io_ti
[   16.479437][    T1] usbserial: USB Serial support registered for Edgeport TI 1 port adapter
[   16.480564][    T1] usbserial: USB Serial support registered for Edgeport TI 2 port adapter
[   16.482590][    T1] usbcore: registered new interface driver empeg
[   16.483469][    T1] usbserial: USB Serial support registered for empeg
[   16.484430][    T1] usbcore: registered new interface driver f81534a_ctrl
[   16.485411][    T1] usbcore: registered new interface driver f81232
[   16.486309][    T1] usbserial: USB Serial support registered for f81232
[   16.487257][    T1] usbserial: USB Serial support registered for f81534a
[   16.488208][    T1] usbcore: registered new interface driver f81534
[   16.489088][    T1] usbserial: USB Serial support registered for Fintek F81532/F81534
[   16.490161][    T1] usbcore: registered new interface driver ftdi_sio
[   16.491146][    T1] usbserial: USB Serial support registered for FTDI USB Serial Device
[   16.492260][    T1] usbcore: registered new interface driver garmin_gps
[   16.493178][    T1] usbserial: USB Serial support registered for Garmin GPS usb/tty
[   16.494236][    T1] usbcore: registered new interface driver ipaq
[   16.495106][    T1] usbserial: USB Serial support registered for PocketPC PDA
[   16.496103][    T1] usbcore: registered new interface driver ipw
[   16.496966][    T1] usbserial: USB Serial support registered for IPWireless converter
[   16.498061][    T1] usbcore: registered new interface driver ir_usb
[   16.498947][    T1] usbserial: USB Serial support registered for IR Dongle
[   16.499914][    T1] usbcore: registered new interface driver iuu_phoenix
[   16.500881][    T1] usbserial: USB Serial support registered for iuu_phoenix
[   16.501913][    T1] usbcore: registered new interface driver keyspan
[   16.502820][    T1] usbserial: USB Serial support registered for Keyspan - (without firmware)
[   16.503981][    T1] usbserial: USB Serial support registered for Keyspan 1 port adapter
[   16.505061][    T1] usbserial: USB Serial support registered for Keyspan 2 port adapter
[   16.506163][    T1] usbserial: USB Serial support registered for Keyspan 4 port adapter
[   16.507280][    T1] usbcore: registered new interface driver keyspan_pda
[   16.508217][    T1] usbserial: USB Serial support registered for Keyspan PDA
[   16.509191][    T1] usbserial: USB Serial support registered for Keyspan PDA - (prerenumeration)
[   16.510405][    T1] usbcore: registered new interface driver kl5kusb105
[   16.511370][    T1] usbserial: USB Serial support registered for KL5KUSB105D / PalmConnect
[   16.512511][    T1] usbcore: registered new interface driver kobil_sct
[   16.513430][    T1] usbserial: USB Serial support registered for KOBIL USB smart card terminal
[   16.514634][    T1] usbcore: registered new interface driver mct_u232
[   16.515534][    T1] usbserial: USB Serial support registered for MCT U232
[   16.516493][    T1] usbcore: registered new interface driver metro_usb
[   16.517410][    T1] usbserial: USB Serial support registered for Metrologic USB to Serial
[   16.518547][    T1] usbcore: registered new interface driver mos7720
[   16.519436][    T1] usbserial: USB Serial support registered for Moschip 2 port adapter
[   16.520531][    T1] usbcore: registered new interface driver mos7840
[   16.522566][    T1] usbserial: USB Serial support registered for Moschip 7840/7820 USB Serial Driver
[   16.523847][    T1] usbcore: registered new interface driver mxuport
[   16.524741][    T1] usbserial: USB Serial support registered for MOXA UPort
[   16.525741][    T1] usbcore: registered new interface driver navman
[   16.526635][    T1] usbserial: USB Serial support registered for navman
[   16.527587][    T1] usbcore: registered new interface driver omninet
[   16.528491][    T1] usbserial: USB Serial support registered for ZyXEL - omni.net usb
[   16.529576][    T1] usbcore: registered new interface driver opticon
[   16.530486][    T1] usbserial: USB Serial support registered for opticon
[   16.532249][    T1] usbcore: registered new interface driver option
[   16.533130][    T1] usbserial: USB Serial support registered for GSM modem (1-port)
[   16.534206][    T1] usbcore: registered new interface driver oti6858
[   16.535103][    T1] usbserial: USB Serial support registered for oti6858
[   16.536050][    T1] usbcore: registered new interface driver pl2303
[   16.536952][    T1] usbserial: USB Serial support registered for pl2303
[   16.538327][    T1] usbcore: registered new interface driver qcaux
[   16.539213][    T1] usbserial: USB Serial support registered for qcaux
[   16.540139][    T1] usbcore: registered new interface driver qcserial
[   16.541867][    T1] usbserial: USB Serial support registered for Qualcomm USB modem
[   16.542940][    T1] usbcore: registered new interface driver quatech2
[   16.543902][    T1] usbserial: USB Serial support registered for Quatech 2nd gen USB to Serial Driver
[   16.545159][    T1] usbcore: registered new interface driver safe_serial
[   16.546103][    T1] usbserial: USB Serial support registered for safe_serial
[   16.547105][    T1] usbcore: registered new interface driver sierra
[   16.547992][    T1] usbserial: USB Serial support registered for Sierra USB modem
[   16.548176][   T12] sr 1:0:0:0: Attached scsi generic sg0 type 5
[   16.549043][    T1] usbcore: registered new interface driver usb_serial_simple
[   16.550658][    T1] usbserial: USB Serial support registered for carelink
[   16.551963][    T1] usbserial: USB Serial support registered for flashloader
[   16.552946][    T1] usbserial: USB Serial support registered for funsoft
[   16.553875][    T1] usbserial: USB Serial support registered for google
[   16.554803][    T1] usbserial: USB Serial support registered for hp4x
[   16.555726][    T1] usbserial: USB Serial support registered for kaufmann
[   16.557288][    T1] usbserial: USB Serial support registered for libtransistor
[   16.558293][    T1] usbserial: USB Serial support registered for moto_modem
[   16.559265][    T1] usbserial: USB Serial support registered for motorola_tetra
[   16.560272][    T1] usbserial: USB Serial support registered for nokia
[   16.561284][    T1] usbserial: USB Serial support registered for novatel_gps
[   16.562613][    T1] usbserial: USB Serial support registered for siemens_mpi
[   16.563601][    T1] usbserial: USB Serial support registered for suunto
[   16.564526][    T1] usbserial: USB Serial support registered for vivopay
[   16.565468][    T1] usbserial: USB Serial support registered for zio
[   16.566412][    T1] usbcore: registered new interface driver spcp8x5
[   16.567338][    T1] usbserial: USB Serial support registered for SPCP8x5
[   16.568291][    T1] usbcore: registered new interface driver ssu100
[   16.569172][    T1] usbserial: USB Serial support registered for Quatech SSU-100 USB to Serial Driver
[   16.570423][    T1] usbcore: registered new interface driver symbolserial
[   16.572149][    T1] usbserial: USB Serial support registered for symbol
[   16.573103][    T1] usbcore: registered new interface driver ti_usb_3410_5052
[   16.574101][    T1] usbserial: USB Serial support registered for TI USB 3410 1 port adapter
[   16.575242][    T1] usbserial: USB Serial support registered for TI USB 5052 2 port adapter
[   16.576410][    T1] usbcore: registered new interface driver upd78f0730
[   16.577340][    T1] usbserial: USB Serial support registered for upd78f0730
[   16.578342][    T1] usbcore: registered new interface driver visor
[   16.579217][    T1] usbserial: USB Serial support registered for Handspring Visor / Palm OS
[   16.580352][    T1] usbserial: USB Serial support registered for Sony Clie 5.0
[   16.581391][    T1] usbserial: USB Serial support registered for Sony Clie 3.5
[   16.582415][    T1] usbcore: registered new interface driver wishbone_serial
[   16.583407][    T1] usbserial: USB Serial support registered for wishbone_serial
[   16.584764][    T1] usbcore: registered new interface driver whiteheat
[   16.585876][    T1] usbserial: USB Serial support registered for Connect Tech - WhiteHEAT - (prerenumeration)
[   16.587485][    T1] usbserial: USB Serial support registered for Connect Tech - WhiteHEAT
[   16.588852][    T1] usbcore: registered new interface driver xr_serial
[   16.590041][    T1] usbserial: USB Serial support registered for xr_serial
[   16.591299][    T1] usbcore: registered new interface driver xsens_mt
[   16.592444][    T1] usbserial: USB Serial support registered for xsens_mt
[   16.593670][    T1] usbcore: registered new interface driver adutux
[   16.594875][    T1] usbcore: registered new interface driver appledisplay
[   16.596098][    T1] usbcore: registered new interface driver cypress_cy7c63
[   16.597348][    T1] usbcore: registered new interface driver cytherm
[   16.598528][    T1] usbcore: registered new interface driver emi26 - firmware loader
[   16.599866][    T1] usbcore: registered new interface driver emi62 - firmware loader
[   16.601010][    T1] usbcore: registered new device driver apple-mfi-fastcharge
[   16.602097][    T1] usbcore: registered new interface driver ljca
[   16.603027][    T1] usbcore: registered new interface driver idmouse
[   16.603968][    T1] usbcore: registered new interface driver iowarrior
[   16.604936][    T1] usbcore: registered new interface driver isight_firmware
[   16.605997][    T1] usbcore: registered new interface driver usblcd
[   16.607022][    T1] usbcore: registered new interface driver ldusb
[   16.607957][    T1] usbcore: registered new interface driver legousbtower
[   16.608962][    T1] usbcore: registered new interface driver usbtest
[   16.609910][    T1] usbcore: registered new interface driver usb_ehset_test
[   16.612367][    T1] usbcore: registered new interface driver trancevibrator
[   16.613417][    T1] usbcore: registered new interface driver uss720
[   16.614216][    T1] uss720: USB Parport Cable driver for Cables using the Lucent Technologies USS720 Chip
[   16.615397][    T1] uss720: NOTE: this is a special purpose driver to allow nonstandard
[   16.616408][    T1] uss720: protocols (eg. bitbang) over USS720 usb to parallel cables
[   16.617391][    T1] uss720: If you just want to connect to a printer, use usblp instead
[   16.618543][    T1] usbcore: registered new interface driver usbsevseg
[   16.619528][    T1] usbcore: registered new interface driver yurex
[   16.621895][    T1] usbcore: registered new interface driver chaoskey
[   16.623107][    T1] usbcore: registered new interface driver sisusb
[   16.624060][    T1] usbcore: registered new interface driver lvs
[   16.624981][    T1] usbcore: registered new interface driver cxacru
[   16.625923][    T1] usbcore: registered new interface driver speedtch
[   16.626891][    T1] usbcore: registered new interface driver ueagle-atm
[   16.627728][    T1] xusbatm: malformed module parameters
[   16.631640][    T1] dummy_hcd dummy_hcd.0: USB Host+Gadget Emulator, driver 02 May 2005
[   16.633025][    T1] dummy_hcd dummy_hcd.0: Dummy host controller
[   16.635152][    T1] dummy_hcd dummy_hcd.0: new USB bus registered, assigned bus number 1
[   16.637821][    T1] usb usb1: New USB device found, idVendor=1d6b, idProduct=0002, bcdDevice= 6.14
[   16.638994][    T1] usb usb1: New USB device strings: Mfr=3, Product=2, SerialNumber=1
[   16.639997][    T1] usb usb1: Product: Dummy host controller
[   16.640733][    T1] usb usb1: Manufacturer: Linux 6.14.0-rc5-g5acf46d7c21b-dirty dummy_hcd
[   16.641826][    T1] usb usb1: SerialNumber: dummy_hcd.0
[   16.646000][    T1] hub 1-0:1.0: USB hub found
[   16.647837][    T1] hub 1-0:1.0: 1 port detected
[   16.662605][    T1] SPI driver max3420-udc has no spi_device_id for maxim,max3421-udc
[   16.664496][    T1] gadgetfs: USB Gadget filesystem, version 24 Aug 2004
[   16.676927][    T1] vhci_hcd vhci_hcd.0: USB/IP Virtual Host Controller
[   16.678591][    T1] vhci_hcd vhci_hcd.0: new USB bus registered, assigned bus number 2
[   16.680067][    T1] vhci_hcd: created sysfs vhci_hcd.0
[   16.681689][    T1] usb usb2: New USB device found, idVendor=1d6b, idProduct=0002, bcdDevice= 6.14
[   16.682812][    T1] usb usb2: New USB device strings: Mfr=3, Product=2, SerialNumber=1
[   16.683794][    T1] usb usb2: Product: USB/IP Virtual Host Controller
[   16.684599][    T1] usb usb2: Manufacturer: Linux 6.14.0-rc5-g5acf46d7c21b-dirty vhci_hcd
[   16.685607][    T1] usb usb2: SerialNumber: vhci_hcd.0
[   16.688777][    T1] hub 2-0:1.0: USB hub found
[   16.689574][    T1] hub 2-0:1.0: 8 ports detected
[   16.697047][    T1] vhci_hcd vhci_hcd.0: USB/IP Virtual Host Controller
[   16.699614][    T1] vhci_hcd vhci_hcd.0: new USB bus registered, assigned bus number 3
[   16.701040][    T1] usb usb3: We don't know the algorithms for LPM for this host, disabling LPM.
[   16.702946][    T1] usb usb3: New USB device found, idVendor=1d6b, idProduct=0003, bcdDevice= 6.14
[   16.704060][    T1] usb usb3: New USB device strings: Mfr=3, Product=2, SerialNumber=1
[   16.705041][    T1] usb usb3: Product: USB/IP Virtual Host Controller
[   16.705856][    T1] usb usb3: Manufacturer: Linux 6.14.0-rc5-g5acf46d7c21b-dirty vhci_hcd
[   16.706873][    T1] usb usb3: SerialNumber: vhci_hcd.0
[   16.710069][    T1] hub 3-0:1.0: USB hub found
[   16.710870][    T1] hub 3-0:1.0: 8 ports detected
[   16.723175][    T1] vhci_hcd vhci_hcd.1: USB/IP Virtual Host Controller
[   16.726175][    T1] vhci_hcd vhci_hcd.1: new USB bus registered, assigned bus number 4
[   16.729943][    T1] usb usb4: New USB device found, idVendor=1d6b, idProduct=0002, bcdDevice= 6.14
[   16.734235][    T1] usb usb4: New USB device strings: Mfr=3, Product=2, SerialNumber=1
[   16.736276][    T1] usb usb4: Product: USB/IP Virtual Host Controller
[   16.737900][    T1] usb usb4: Manufacturer: Linux 6.14.0-rc5-g5acf46d7c21b-dirty vhci_hcd
[   16.739598][    T1] usb usb4: SerialNumber: vhci_hcd.1
[   16.742882][    T1] hub 4-0:1.0: USB hub found
[   16.743620][    T1] hub 4-0:1.0: 8 ports detected
[   16.750711][    T1] vhci_hcd vhci_hcd.1: USB/IP Virtual Host Controller
[   16.752952][    T1] vhci_hcd vhci_hcd.1: new USB bus registered, assigned bus number 5
[   16.754281][    T1] usb usb5: We don't know the algorithms for LPM for this host, disabling LPM.
[   16.756096][    T1] usb usb5: New USB device found, idVendor=1d6b, idProduct=0003, bcdDevice= 6.14
[   16.757200][    T1] usb usb5: New USB device strings: Mfr=3, Product=2, SerialNumber=1
[   16.758175][    T1] usb usb5: Product: USB/IP Virtual Host Controller
[   16.758979][    T1] usb usb5: Manufacturer: Linux 6.14.0-rc5-g5acf46d7c21b-dirty vhci_hcd
[   16.759980][    T1] usb usb5: SerialNumber: vhci_hcd.1
[   16.763074][    T1] hub 5-0:1.0: USB hub found
[   16.763830][    T1] hub 5-0:1.0: 8 ports detected
[   16.773706][    T1] vhci_hcd vhci_hcd.2: USB/IP Virtual Host Controller
[   16.775236][    T1] vhci_hcd vhci_hcd.2: new USB bus registered, assigned bus number 6
[   16.777059][    T1] usb usb6: New USB device found, idVendor=1d6b, idProduct=0002, bcdDevice= 6.14
[   16.778172][    T1] usb usb6: New USB device strings: Mfr=3, Product=2, SerialNumber=1
[   16.779153][    T1] usb usb6: Product: USB/IP Virtual Host Controller
[   16.779957][    T1] usb usb6: Manufacturer: Linux 6.14.0-rc5-g5acf46d7c21b-dirty vhci_hcd
[   16.780999][    T1] usb usb6: SerialNumber: vhci_hcd.2
[   16.784317][    T1] hub 6-0:1.0: USB hub found
[   16.785054][    T1] hub 6-0:1.0: 8 ports detected
[   16.792421][    T1] vhci_hcd vhci_hcd.2: USB/IP Virtual Host Controller
[   16.795104][    T1] vhci_hcd vhci_hcd.2: new USB bus registered, assigned bus number 7
[   16.796431][    T1] usb usb7: We don't know the algorithms for LPM for this host, disabling LPM.
[   16.798224][    T1] usb usb7: New USB device found, idVendor=1d6b, idProduct=0003, bcdDevice= 6.14
[   16.799343][    T1] usb usb7: New USB device strings: Mfr=3, Product=2, SerialNumber=1
[   16.800317][    T1] usb usb7: Product: USB/IP Virtual Host Controller
[   16.801163][    T1] usb usb7: Manufacturer: Linux 6.14.0-rc5-g5acf46d7c21b-dirty vhci_hcd
[   16.802167][    T1] usb usb7: SerialNumber: vhci_hcd.2
[   16.805473][    T1] hub 7-0:1.0: USB hub found
[   16.806231][    T1] hub 7-0:1.0: 8 ports detected
[   16.816028][    T1] vhci_hcd vhci_hcd.3: USB/IP Virtual Host Controller
[   16.817656][    T1] vhci_hcd vhci_hcd.3: new USB bus registered, assigned bus number 8
[   16.819501][    T1] usb usb8: New USB device found, idVendor=1d6b, idProduct=0002, bcdDevice= 6.14
[   16.820607][    T1] usb usb8: New USB device strings: Mfr=3, Product=2, SerialNumber=1
[   16.821626][    T1] usb usb8: Product: USB/IP Virtual Host Controller
[   16.822739][    T1] usb usb8: Manufacturer: Linux 6.14.0-rc5-g5acf46d7c21b-dirty vhci_hcd
[   16.824718][    T1] usb usb8: SerialNumber: vhci_hcd.3
[   16.829459][    T1] hub 8-0:1.0: USB hub found
[   16.830204][    T1] hub 8-0:1.0: 8 ports detected
[   16.837572][    T1] vhci_hcd vhci_hcd.3: USB/IP Virtual Host Controller
[   16.839706][    T1] vhci_hcd vhci_hcd.3: new USB bus registered, assigned bus number 9
[   16.841079][    T1] usb usb9: We don't know the algorithms for LPM for this host, disabling LPM.
[   16.842876][    T1] usb usb9: New USB device found, idVendor=1d6b, idProduct=0003, bcdDevice= 6.14
[   16.843979][    T1] usb usb9: New USB device strings: Mfr=3, Product=2, SerialNumber=1
[   16.844952][    T1] usb usb9: Product: USB/IP Virtual Host Controller
[   16.845750][    T1] usb usb9: Manufacturer: Linux 6.14.0-rc5-g5acf46d7c21b-dirty vhci_hcd
[   16.846762][    T1] usb usb9: SerialNumber: vhci_hcd.3
[   16.850230][    T1] hub 9-0:1.0: USB hub found
[   16.851011][    T1] hub 9-0:1.0: 8 ports detected
[   16.861249][    T1] vhci_hcd vhci_hcd.4: USB/IP Virtual Host Controller
[   16.863077][    T1] vhci_hcd vhci_hcd.4: new USB bus registered, assigned bus number 10
[   16.864916][    T1] usb usb10: New USB device found, idVendor=1d6b, idProduct=0002, bcdDevice= 6.14
[   16.866030][    T1] usb usb10: New USB device strings: Mfr=3, Product=2, SerialNumber=1
[   16.867021][    T1] usb usb10: Product: USB/IP Virtual Host Controller
[   16.867829][    T1] usb usb10: Manufacturer: Linux 6.14.0-rc5-g5acf46d7c21b-dirty vhci_hcd
[   16.868845][    T1] usb usb10: SerialNumber: vhci_hcd.4
[   16.873369][    T1] hub 10-0:1.0: USB hub found
[   16.874114][    T1] hub 10-0:1.0: 8 ports detected
[   16.881939][    T1] vhci_hcd vhci_hcd.4: USB/IP Virtual Host Controller
[   16.883569][    T1] vhci_hcd vhci_hcd.4: new USB bus registered, assigned bus number 11
[   16.884907][    T1] usb usb11: We don't know the algorithms for LPM for this host, disabling LPM.
[   16.886728][    T1] usb usb11: New USB device found, idVendor=1d6b, idProduct=0003, bcdDevice= 6.14
[   16.887845][    T1] usb usb11: New USB device strings: Mfr=3, Product=2, SerialNumber=1
[   16.888829][    T1] usb usb11: Product: USB/IP Virtual Host Controller
[   16.889660][    T1] usb usb11: Manufacturer: Linux 6.14.0-rc5-g5acf46d7c21b-dirty vhci_hcd
[   16.890682][    T1] usb usb11: SerialNumber: vhci_hcd.4
[   16.894177][    T1] hub 11-0:1.0: USB hub found
[   16.894939][    T1] hub 11-0:1.0: 8 ports detected
[   16.904815][    T1] vhci_hcd vhci_hcd.5: USB/IP Virtual Host Controller
[   16.906486][    T1] vhci_hcd vhci_hcd.5: new USB bus registered, assigned bus number 12
[   16.908331][    T1] usb usb12: New USB device found, idVendor=1d6b, idProduct=0002, bcdDevice= 6.14
[   16.909446][    T1] usb usb12: New USB device strings: Mfr=3, Product=2, SerialNumber=1
[   16.910435][    T1] usb usb12: Product: USB/IP Virtual Host Controller
[   16.911285][    T1] usb usb12: Manufacturer: Linux 6.14.0-rc5-g5acf46d7c21b-dirty vhci_hcd
[   16.912299][    T1] usb usb12: SerialNumber: vhci_hcd.5
[   16.915640][    T1] hub 12-0:1.0: USB hub found
[   16.917104][    T1] hub 12-0:1.0: 8 ports detected
[   16.924254][    T1] vhci_hcd vhci_hcd.5: USB/IP Virtual Host Controller
[   16.926545][    T1] vhci_hcd vhci_hcd.5: new USB bus registered, assigned bus number 13
[   16.927900][    T1] usb usb13: We don't know the algorithms for LPM for this host, disabling LPM.
[   16.929728][    T1] usb usb13: New USB device found, idVendor=1d6b, idProduct=0003, bcdDevice= 6.14
[   16.930882][    T1] usb usb13: New USB device strings: Mfr=3, Product=2, SerialNumber=1
[   16.931869][    T1] usb usb13: Product: USB/IP Virtual Host Controller
[   16.932679][    T1] usb usb13: Manufacturer: Linux 6.14.0-rc5-g5acf46d7c21b-dirty vhci_hcd
[   16.933691][    T1] usb usb13: SerialNumber: vhci_hcd.5
[   16.937061][    T1] hub 13-0:1.0: USB hub found
[   16.937810][    T1] hub 13-0:1.0: 8 ports detected
[   16.947650][    T1] vhci_hcd vhci_hcd.6: USB/IP Virtual Host Controller
[   16.949326][    T1] vhci_hcd vhci_hcd.6: new USB bus registered, assigned bus number 14
[   16.951213][    T1] usb usb14: New USB device found, idVendor=1d6b, idProduct=0002, bcdDevice= 6.14
[   16.952327][    T1] usb usb14: New USB device strings: Mfr=3, Product=2, SerialNumber=1
[   16.953318][    T1] usb usb14: Product: USB/IP Virtual Host Controller
[   16.954126][    T1] usb usb14: Manufacturer: Linux 6.14.0-rc5-g5acf46d7c21b-dirty vhci_hcd
[   16.955141][    T1] usb usb14: SerialNumber: vhci_hcd.6
[   16.958470][    T1] hub 14-0:1.0: USB hub found
[   16.959221][    T1] hub 14-0:1.0: 8 ports detected
[   16.967503][    T1] vhci_hcd vhci_hcd.6: USB/IP Virtual Host Controller
[   16.969133][    T1] vhci_hcd vhci_hcd.6: new USB bus registered, assigned bus number 15
[   16.970469][    T1] usb usb15: We don't know the algorithms for LPM for this host, disabling LPM.
[   16.972300][    T1] usb usb15: New USB device found, idVendor=1d6b, idProduct=0003, bcdDevice= 6.14
[   16.973436][    T1] usb usb15: New USB device strings: Mfr=3, Product=2, SerialNumber=1
[   16.974426][    T1] usb usb15: Product: USB/IP Virtual Host Controller
[   16.975234][    T1] usb usb15: Manufacturer: Linux 6.14.0-rc5-g5acf46d7c21b-dirty vhci_hcd
[   16.976244][    T1] usb usb15: SerialNumber: vhci_hcd.6
[   16.979805][    T1] hub 15-0:1.0: USB hub found
[   16.980551][    T1] hub 15-0:1.0: 8 ports detected
[   16.990598][    T1] vhci_hcd vhci_hcd.7: USB/IP Virtual Host Controller
[   16.992424][    T1] vhci_hcd vhci_hcd.7: new USB bus registered, assigned bus number 16
[   16.994425][    T1] usb usb16: New USB device found, idVendor=1d6b, idProduct=0002, bcdDevice= 6.14
[   16.995540][    T1] usb usb16: New USB device strings: Mfr=3, Product=2, SerialNumber=1
[   16.996524][    T1] usb usb16: Product: USB/IP Virtual Host Controller
[   16.997331][    T1] usb usb16: Manufacturer: Linux 6.14.0-rc5-g5acf46d7c21b-dirty vhci_hcd
[   16.998348][    T1] usb usb16: SerialNumber: vhci_hcd.7
[   17.001717][    T1] hub 16-0:1.0: USB hub found
[   17.002704][    T1] hub 16-0:1.0: 8 ports detected
[   17.010928][    T1] vhci_hcd vhci_hcd.7: USB/IP Virtual Host Controller
[   17.012559][    T1] vhci_hcd vhci_hcd.7: new USB bus registered, assigned bus number 17
[   17.013996][    T1] usb usb17: We don't know the algorithms for LPM for this host, disabling LPM.
[   17.015830][    T1] usb usb17: New USB device found, idVendor=1d6b, idProduct=0003, bcdDevice= 6.14
[   17.016944][    T1] usb usb17: New USB device strings: Mfr=3, Product=2, SerialNumber=1
[   17.017928][    T1] usb usb17: Product: USB/IP Virtual Host Controller
[   17.018742][    T1] usb usb17: Manufacturer: Linux 6.14.0-rc5-g5acf46d7c21b-dirty vhci_hcd
[   17.019755][    T1] usb usb17: SerialNumber: vhci_hcd.7
[   17.023252][    T1] hub 17-0:1.0: USB hub found
[   17.024000][    T1] hub 17-0:1.0: 8 ports detected
[   17.033829][    T1] vhci_hcd vhci_hcd.8: USB/IP Virtual Host Controller
[   17.035505][    T1] vhci_hcd vhci_hcd.8: new USB bus registered, assigned bus number 18
[   17.037473][    T1] usb usb18: New USB device found, idVendor=1d6b, idProduct=0002, bcdDevice= 6.14
[   17.038600][    T1] usb usb18: New USB device strings: Mfr=3, Product=2, SerialNumber=1
[   17.039607][    T1] usb usb18: Product: USB/IP Virtual Host Controller
[   17.040416][    T1] usb usb18: Manufacturer: Linux 6.14.0-rc5-g5acf46d7c21b-dirty vhci_hcd
[   17.041462][    T1] usb usb18: SerialNumber: vhci_hcd.8
[   17.044887][    T1] hub 18-0:1.0: USB hub found
[   17.045638][    T1] hub 18-0:1.0: 8 ports detected
[   17.053684][    T1] vhci_hcd vhci_hcd.8: USB/IP Virtual Host Controller
[   17.055445][    T1] vhci_hcd vhci_hcd.8: new USB bus registered, assigned bus number 19
[   17.056815][    T1] usb usb19: We don't know the algorithms for LPM for this host, disabling LPM.
[   17.058743][    T1] usb usb19: New USB device found, idVendor=1d6b, idProduct=0003, bcdDevice= 6.14
[   17.059862][    T1] usb usb19: New USB device strings: Mfr=3, Product=2, SerialNumber=1
[   17.060879][    T1] usb usb19: Product: USB/IP Virtual Host Controller
[   17.061689][    T1] usb usb19: Manufacturer: Linux 6.14.0-rc5-g5acf46d7c21b-dirty vhci_hcd
[   17.063262][    T1] usb usb19: SerialNumber: vhci_hcd.8
[   17.068427][    T1] hub 19-0:1.0: USB hub found
[   17.069185][    T1] hub 19-0:1.0: 8 ports detected
[   17.079163][    T1] vhci_hcd vhci_hcd.9: USB/IP Virtual Host Controller
[   17.080849][    T1] vhci_hcd vhci_hcd.9: new USB bus registered, assigned bus number 20
[   17.082755][    T1] usb usb20: New USB device found, idVendor=1d6b, idProduct=0002, bcdDevice= 6.14
[   17.083854][    T1] usb usb20: New USB device strings: Mfr=3, Product=2, SerialNumber=1
[   17.084833][    T1] usb usb20: Product: USB/IP Virtual Host Controller
[   17.085632][    T1] usb usb20: Manufacturer: Linux 6.14.0-rc5-g5acf46d7c21b-dirty vhci_hcd
[   17.086635][    T1] usb usb20: SerialNumber: vhci_hcd.9
[   17.090108][    T1] hub 20-0:1.0: USB hub found
[   17.090927][    T1] hub 20-0:1.0: 8 ports detected
[   17.098457][    T1] vhci_hcd vhci_hcd.9: USB/IP Virtual Host Controller
[   17.100229][    T1] vhci_hcd vhci_hcd.9: new USB bus registered, assigned bus number 21
[   17.101564][    T1] usb usb21: We don't know the algorithms for LPM for this host, disabling LPM.
[   17.103358][    T1] usb usb21: New USB device found, idVendor=1d6b, idProduct=0003, bcdDevice= 6.14
[   17.104462][    T1] usb usb21: New USB device strings: Mfr=3, Product=2, SerialNumber=1
[   17.105436][    T1] usb usb21: Product: USB/IP Virtual Host Controller
[   17.106266][    T1] usb usb21: Manufacturer: Linux 6.14.0-rc5-g5acf46d7c21b-dirty vhci_hcd
[   17.107267][    T1] usb usb21: SerialNumber: vhci_hcd.9
[   17.110919][    T1] hub 21-0:1.0: USB hub found
[   17.111698][    T1] hub 21-0:1.0: 8 ports detected
[   17.121640][    T1] vhci_hcd vhci_hcd.10: USB/IP Virtual Host Controller
[   17.123317][    T1] vhci_hcd vhci_hcd.10: new USB bus registered, assigned bus number 22
[   17.125156][    T1] usb usb22: New USB device found, idVendor=1d6b, idProduct=0002, bcdDevice= 6.14
[   17.126261][    T1] usb usb22: New USB device strings: Mfr=3, Product=2, SerialNumber=1
[   17.127235][    T1] usb usb22: Product: USB/IP Virtual Host Controller
[   17.128032][    T1] usb usb22: Manufacturer: Linux 6.14.0-rc5-g5acf46d7c21b-dirty vhci_hcd
[   17.129030][    T1] usb usb22: SerialNumber: vhci_hcd.10
[   17.132548][    T1] hub 22-0:1.0: USB hub found
[   17.133275][    T1] hub 22-0:1.0: 8 ports detected
[   17.140946][    T1] vhci_hcd vhci_hcd.10: USB/IP Virtual Host Controller
[   17.142917][    T1] vhci_hcd vhci_hcd.10: new USB bus registered, assigned bus number 23
[   17.144263][    T1] usb usb23: We don't know the algorithms for LPM for this host, disabling LPM.
[   17.146039][    T1] usb usb23: New USB device found, idVendor=1d6b, idProduct=0003, bcdDevice= 6.14
[   17.147152][    T1] usb usb23: New USB device strings: Mfr=3, Product=2, SerialNumber=1
[   17.148125][    T1] usb usb23: Product: USB/IP Virtual Host Controller
[   17.148924][    T1] usb usb23: Manufacturer: Linux 6.14.0-rc5-g5acf46d7c21b-dirty vhci_hcd
[   17.149923][    T1] usb usb23: SerialNumber: vhci_hcd.10
[   17.154100][    T1] hub 23-0:1.0: USB hub found
[   17.154834][    T1] hub 23-0:1.0: 8 ports detected
[   17.164664][    T1] vhci_hcd vhci_hcd.11: USB/IP Virtual Host Controller
[   17.166270][    T1] vhci_hcd vhci_hcd.11: new USB bus registered, assigned bus number 24
[   17.168116][    T1] usb usb24: New USB device found, idVendor=1d6b, idProduct=0002, bcdDevice= 6.14
[   17.169227][    T1] usb usb24: New USB device strings: Mfr=3, Product=2, SerialNumber=1
[   17.170200][    T1] usb usb24: Product: USB/IP Virtual Host Controller
[   17.171039][    T1] usb usb24: Manufacturer: Linux 6.14.0-rc5-g5acf46d7c21b-dirty vhci_hcd
[   17.172042][    T1] usb usb24: SerialNumber: vhci_hcd.11
[   17.175625][    T1] hub 24-0:1.0: USB hub found
[   17.176357][    T1] hub 24-0:1.0: 8 ports detected
[   17.183578][    T1] vhci_hcd vhci_hcd.11: USB/IP Virtual Host Controller
[   17.185606][    T1] vhci_hcd vhci_hcd.11: new USB bus registered, assigned bus number 25
[   17.186941][    T1] usb usb25: We don't know the algorithms for LPM for this host, disabling LPM.
[   17.188716][    T1] usb usb25: New USB device found, idVendor=1d6b, idProduct=0003, bcdDevice= 6.14
[   17.189840][    T1] usb usb25: New USB device strings: Mfr=3, Product=2, SerialNumber=1
[   17.190844][    T1] usb usb25: Product: USB/IP Virtual Host Controller
[   17.191649][    T1] usb usb25: Manufacturer: Linux 6.14.0-rc5-g5acf46d7c21b-dirty vhci_hcd
[   17.192651][    T1] usb usb25: SerialNumber: vhci_hcd.11
[   17.195971][    T1] hub 25-0:1.0: USB hub found
[   17.196868][    T1] hub 25-0:1.0: 8 ports detected
[   17.205604][    T1] vhci_hcd vhci_hcd.12: USB/IP Virtual Host Controller
[   17.208406][    T1] vhci_hcd vhci_hcd.12: new USB bus registered, assigned bus number 26
[   17.210238][    T1] usb usb26: New USB device found, idVendor=1d6b, idProduct=0002, bcdDevice= 6.14
[   17.211391][    T1] usb usb26: New USB device strings: Mfr=3, Product=2, SerialNumber=1
[   17.212372][    T1] usb usb26: Product: USB/IP Virtual Host Controller
[   17.213177][    T1] usb usb26: Manufacturer: Linux 6.14.0-rc5-g5acf46d7c21b-dirty vhci_hcd
[   17.214184][    T1] usb usb26: SerialNumber: vhci_hcd.12
[   17.217496][    T1] hub 26-0:1.0: USB hub found
[   17.218388][    T1] hub 26-0:1.0: 8 ports detected
[   17.226406][    T1] vhci_hcd vhci_hcd.12: USB/IP Virtual Host Controller
[   17.228235][    T1] vhci_hcd vhci_hcd.12: new USB bus registered, assigned bus number 27
[   17.229582][    T1] usb usb27: We don't know the algorithms for LPM for this host, disabling LPM.
[   17.231420][    T1] usb usb27: New USB device found, idVendor=1d6b, idProduct=0003, bcdDevice= 6.14
[   17.232524][    T1] usb usb27: New USB device strings: Mfr=3, Product=2, SerialNumber=1
[   17.233500][    T1] usb usb27: Product: USB/IP Virtual Host Controller
[   17.234310][    T1] usb usb27: Manufacturer: Linux 6.14.0-rc5-g5acf46d7c21b-dirty vhci_hcd
[   17.235319][    T1] usb usb27: SerialNumber: vhci_hcd.12
[   17.238716][    T1] hub 27-0:1.0: USB hub found
[   17.239627][    T1] hub 27-0:1.0: 8 ports detected
[   17.249249][    T1] vhci_hcd vhci_hcd.13: USB/IP Virtual Host Controller
[   17.250875][    T1] vhci_hcd vhci_hcd.13: new USB bus registered, assigned bus number 28
[   17.253100][    T1] usb usb28: New USB device found, idVendor=1d6b, idProduct=0002, bcdDevice= 6.14
[   17.254198][    T1] usb usb28: New USB device strings: Mfr=3, Product=2, SerialNumber=1
[   17.255176][    T1] usb usb28: Product: USB/IP Virtual Host Controller
[   17.255994][    T1] usb usb28: Manufacturer: Linux 6.14.0-rc5-g5acf46d7c21b-dirty vhci_hcd
[   17.256992][    T1] usb usb28: SerialNumber: vhci_hcd.13
[   17.260266][    T1] hub 28-0:1.0: USB hub found
[   17.261033][    T1] hub 28-0:1.0: 8 ports detected
[   17.268055][    T1] vhci_hcd vhci_hcd.13: USB/IP Virtual Host Controller
[   17.270333][    T1] vhci_hcd vhci_hcd.13: new USB bus registered, assigned bus number 29
[   17.271744][    T1] usb usb29: We don't know the algorithms for LPM for this host, disabling LPM.
[   17.273590][    T1] usb usb29: New USB device found, idVendor=1d6b, idProduct=0003, bcdDevice= 6.14
[   17.274699][    T1] usb usb29: New USB device strings: Mfr=3, Product=2, SerialNumber=1
[   17.275672][    T1] usb usb29: Product: USB/IP Virtual Host Controller
[   17.276470][    T1] usb usb29: Manufacturer: Linux 6.14.0-rc5-g5acf46d7c21b-dirty vhci_hcd
[   17.277468][    T1] usb usb29: SerialNumber: vhci_hcd.13
[   17.280824][    T1] hub 29-0:1.0: USB hub found
[   17.281704][    T1] hub 29-0:1.0: 8 ports detected
[   17.291475][    T1] vhci_hcd vhci_hcd.14: USB/IP Virtual Host Controller
[   17.293226][    T1] vhci_hcd vhci_hcd.14: new USB bus registered, assigned bus number 30
[   17.295084][    T1] usb usb30: New USB device found, idVendor=1d6b, idProduct=0002, bcdDevice= 6.14
[   17.296193][    T1] usb usb30: New USB device strings: Mfr=3, Product=2, SerialNumber=1
[   17.297166][    T1] usb usb30: Product: USB/IP Virtual Host Controller
[   17.297965][    T1] usb usb30: Manufacturer: Linux 6.14.0-rc5-g5acf46d7c21b-dirty vhci_hcd
[   17.298968][    T1] usb usb30: SerialNumber: vhci_hcd.14
[   17.303163][    T1] hub 30-0:1.0: USB hub found
[   17.304044][    T1] hub 30-0:1.0: 8 ports detected
[   17.311609][    T1] vhci_hcd vhci_hcd.14: USB/IP Virtual Host Controller
[   17.313398][    T1] vhci_hcd vhci_hcd.14: new USB bus registered, assigned bus number 31
[   17.314833][    T1] usb usb31: We don't know the algorithms for LPM for this host, disabling LPM.
[   17.316653][    T1] usb usb31: New USB device found, idVendor=1d6b, idProduct=0003, bcdDevice= 6.14
[   17.317764][    T1] usb usb31: New USB device strings: Mfr=3, Product=2, SerialNumber=1
[   17.318747][    T1] usb usb31: Product: USB/IP Virtual Host Controller
[   17.319550][    T1] usb usb31: Manufacturer: Linux 6.14.0-rc5-g5acf46d7c21b-dirty vhci_hcd
[   17.320552][    T1] usb usb31: SerialNumber: vhci_hcd.14
[   17.323983][    T1] hub 31-0:1.0: USB hub found
[   17.324729][    T1] hub 31-0:1.0: 8 ports detected
[   17.334475][    T1] vhci_hcd vhci_hcd.15: USB/IP Virtual Host Controller
[   17.336107][    T1] vhci_hcd vhci_hcd.15: new USB bus registered, assigned bus number 32
[   17.337936][    T1] usb usb32: New USB device found, idVendor=1d6b, idProduct=0002, bcdDevice= 6.14
[   17.339041][    T1] usb usb32: New USB device strings: Mfr=3, Product=2, SerialNumber=1
[   17.340043][    T1] usb usb32: Product: USB/IP Virtual Host Controller
[   17.340899][    T1] usb usb32: Manufacturer: Linux 6.14.0-rc5-g5acf46d7c21b-dirty vhci_hcd
[   17.341908][    T1] usb usb32: SerialNumber: vhci_hcd.15
[   17.345217][    T1] hub 32-0:1.0: USB hub found
[   17.346130][    T1] hub 32-0:1.0: 8 ports detected
[   17.353697][    T1] vhci_hcd vhci_hcd.15: USB/IP Virtual Host Controller
[   17.355644][    T1] vhci_hcd vhci_hcd.15: new USB bus registered, assigned bus number 33
[   17.357122][    T1] usb usb33: We don't know the algorithms for LPM for this host, disabling LPM.
[   17.358935][    T1] usb usb33: New USB device found, idVendor=1d6b, idProduct=0003, bcdDevice= 6.14
[   17.360049][    T1] usb usb33: New USB device strings: Mfr=3, Product=2, SerialNumber=1
[   17.361073][    T1] usb usb33: Product: USB/IP Virtual Host Controller
[   17.361883][    T1] usb usb33: Manufacturer: Linux 6.14.0-rc5-g5acf46d7c21b-dirty vhci_hcd
[   17.362897][    T1] usb usb33: SerialNumber: vhci_hcd.15
[   17.366229][    T1] hub 33-0:1.0: USB hub found
[   17.366969][    T1] hub 33-0:1.0: 8 ports detected
[   17.377510][    T1] usbcore: registered new device driver usbip-host
[   17.390059][    T1] i8042: PNP: PS/2 Controller [PNP0303:KBD,PNP0f13:MOU] at 0x60,0x64 irq 1,12
[   17.393577][    T1] serio: i8042 KBD port at 0x60,0x64 irq 1
[   17.396854][    T1] serio: i8042 AUX port at 0x60,0x64 irq 12
[   17.400053][    T1] mousedev: PS/2 mouse device common for all mice
[   17.402429][    T1] usbcore: registered new interface driver appletouch
[   17.405010][    T1] usbcore: registered new interface driver bcm5974
[   17.407663][    T1] usbcore: registered new interface driver synaptics_usb
[   17.408342][    T8] input: AT Translated Set 2 keyboard as /devices/platform/i8042/serio0/input/input1
[   17.410189][    T1] usbcore: registered new interface driver iforce
[   17.412599][    T1] usbcore: registered new interface driver pxrc
[   17.415151][    T1] usbcore: registered new interface driver xpad
[   17.416980][    T1] usbcore: registered new interface driver usb_acecad
[   17.418940][    T1] usbcore: registered new interface driver aiptek
[   17.421389][    T1] usbcore: registered new interface driver hanwang
[   17.423356][    T1] usbcore: registered new interface driver kbtab
[   17.425543][    T1] usbcore: registered new interface driver pegasus_notetaker
[   17.428050][    T1] usbcore: registered new interface driver usbtouchscreen
[   17.430001][    T1] usbcore: registered new interface driver sur40
[   17.433098][    T1] usbcore: registered new interface driver ati_remote2
[   17.433927][    T1] cm109: Keymap for Komunikate KIP1000 phone loaded
[   17.434979][    T1] usbcore: registered new interface driver cm109
[   17.435750][    T1] cm109: CM109 phone driver: 20080805 (C) Alfred E. Heggestad
[   17.437060][    T1] usbcore: registered new interface driver ims_pcu
[   17.438129][    T1] usbcore: registered new interface driver keyspan_remote
[   17.439286][    T1] usbcore: registered new interface driver powermate
[   17.442647][    T1] usbcore: registered new interface driver yealink
[   17.444566][    T1] rtc_cmos 00:05: RTC can wake from S4
[   17.449649][    T1] rtc_cmos 00:05: registered as rtc0
[   17.450390][    T1] rtc_cmos 00:05: alarms up to one day, y3k, 242 bytes nvram, hpet irqs
[   17.453156][    T1] i2c_dev: i2c /dev entries driver
[   17.455014][    T1] usbcore: registered new interface driver i2c-diolan-u2c
[   17.457104][    T1] usbcore: registered new interface driver i2c-cp2615
[   17.458418][    T1] usbcore: registered new interface driver RobotFuzz Open Source InterFace, OSIF
[   17.460029][    T1] usbcore: registered new interface driver i2c-tiny-usb
[   17.463941][    T1] usbcore: registered new interface driver igorplugusb
[   17.465050][    T1] usbcore: registered new interface driver iguanair
[   17.466182][    T1] usbcore: registered new interface driver imon
[   17.467204][    T1] usbcore: registered new interface driver imon_raw
[   17.468592][    T1] usbcore: registered new interface driver mceusb
[   17.469641][    T1] usbcore: registered new interface driver redrat3
[   17.470697][    T1] usbcore: registered new interface driver streamzap
[   17.474297][    T1] usbcore: registered new interface driver ir_toy
[   17.475358][    T1] usbcore: registered new interface driver ttusbir
[   17.476432][    T1] usbcore: registered new interface driver ati_remote
[   17.478320][    T1] usbcore: registered new interface driver xbox_remote
[   17.479481][    T1] b2c2-flexcop: B2C2 FlexcopII/II(b)/III digital TV receiver chip loaded successfully
[   17.481171][    T1] usbcore: registered new interface driver b2c2_flexcop_usb
[   17.482342][    T1] usbcore: registered new interface driver dvb_usb_vp7045
[   17.483470][    T1] usbcore: registered new interface driver dvb_usb_vp702x
[   17.484692][    T1] usbcore: registered new interface driver dvb_usb_gp8psk
[   17.485855][    T1] usbcore: registered new interface driver dvb_usb_dtt200u
[   17.487011][    T1] usbcore: registered new interface driver dvb_usb_a800
[   17.488222][    T1] usbcore: registered new interface driver dvb_usb_dibusb_mb
[   17.489427][    T1] usbcore: registered new interface driver dvb_usb_dibusb_mc
[   17.490585][    T1] usbcore: registered new interface driver dvb_usb_nova_t_usb2
[   17.492786][    T1] usbcore: registered new interface driver dvb_usb_umt_010
[   17.493944][    T1] usbcore: registered new interface driver dvb_usb_m920x
[   17.495060][    T1] usbcore: registered new interface driver dvb_usb_digitv
[   17.496250][    T1] usbcore: registered new interface driver dvb_usb_cxusb
[   17.497383][    T1] usbcore: registered new interface driver dvb_usb_ttusb2
[   17.498864][    T1] usbcore: registered new interface driver dvb_usb_dib0700
[   17.500072][    T1] usbcore: registered new interface driver opera1
[   17.501216][    T1] usbcore: registered new interface driver dvb_usb_af9005
[   17.502091][    T1] failing symbol_get of non-GPLONLY symbol af9005_rc_decode.
[   17.503698][    T1] failing symbol_get of non-GPLONLY symbol af9005_rc_decode.
[   17.504602][    T1] failing symbol_get of non-GPLONLY symbol rc_map_af9005_table.
[   17.506103][    T1] failing symbol_get of non-GPLONLY symbol rc_map_af9005_table.
[   17.507037][    T1] failing symbol_get of non-GPLONLY symbol rc_map_af9005_table_size.
[   17.508515][    T1] failing symbol_get of non-GPLONLY symbol rc_map_af9005_table_size.
[   17.509495][    T1] af9005: af9005_rc_decode function not found, disabling remote
[   17.510710][    T1] usbcore: registered new interface driver pctv452e
[   17.512929][    T1] usbcore: registered new interface driver dw2102
[   17.513973][    T1] usbcore: registered new interface driver dvb_usb_dtv5100
[   17.515122][    T1] usbcore: registered new interface driver cinergyT2
[   17.516226][    T1] usbcore: registered new interface driver dvb_usb_az6027
[   17.517355][    T1] usbcore: registered new interface driver dvb_usb_technisat_usb2
[   17.518665][    T1] usbcore: registered new interface driver dvb_usb_af9015
[   17.519892][    T1] usbcore: registered new interface driver dvb_usb_af9035
[   17.521042][    T1] usbcore: registered new interface driver dvb_usb_anysee
[   17.522146][    T1] usbcore: registered new interface driver dvb_usb_au6610
[   17.523268][    T1] usbcore: registered new interface driver dvb_usb_az6007
[   17.524375][    T1] usbcore: registered new interface driver dvb_usb_ce6230
[   17.525560][    T1] usbcore: registered new interface driver dvb_usb_ec168
[   17.526663][    T1] usbcore: registered new interface driver dvb_usb_lmedm04
[   17.527773][    T1] usbcore: registered new interface driver dvb_usb_gl861
[   17.528978][    T1] usbcore: registered new interface driver dvb_usb_mxl111sf
[   17.530220][    T1] usbcore: registered new interface driver dvb_usb_rtl28xxu
[   17.531702][    T1] usbcore: registered new interface driver dvb_usb_dvbsky
[   17.532798][    T1] usbcore: registered new interface driver zd1301
[   17.533852][    T1] usbcore: registered new interface driver s2255
[   17.535039][    T1] usbcore: registered new interface driver smsusb
[   17.536082][    T1] usbcore: registered new interface driver ttusb
[   17.537123][    T1] usbcore: registered new interface driver ttusb-dec
[   17.538205][    T1] usbcore: registered new interface driver Abilis Systems as10x usb driver
[   17.539516][    T1] usbcore: registered new interface driver airspy
[   17.540300][    T1] gspca_main: v2.14.0 registered
[   17.541202][    T1] usbcore: registered new interface driver benq
[   17.542220][    T1] usbcore: registered new interface driver conex
[   17.543255][    T1] usbcore: registered new interface driver cpia1
[   17.544298][    T1] usbcore: registered new interface driver dtcs033
[   17.545348][    T1] usbcore: registered new interface driver etoms
[   17.546464][    T1] usbcore: registered new interface driver finepix
[   17.547517][    T1] usbcore: registered new interface driver jeilinj
[   17.548577][    T1] usbcore: registered new interface driver jl2005bcd
[   17.549657][    T1] usbcore: registered new interface driver kinect
[   17.550703][    T1] usbcore: registered new interface driver konica
[   17.551787][    T1] usbcore: registered new interface driver mars
[   17.552836][    T1] usbcore: registered new interface driver mr97310a
[   17.553927][    T1] usbcore: registered new interface driver nw80x
[   17.555045][    T1] usbcore: registered new interface driver ov519
[   17.556084][    T1] usbcore: registered new interface driver ov534
[   17.557130][    T1] usbcore: registered new interface driver ov534_9
[   17.558219][    T1] usbcore: registered new interface driver pac207
[   17.559324][    T1] usbcore: registered new interface driver gspca_pac7302
[   17.560451][    T1] usbcore: registered new interface driver pac7311
[   17.561566][    T1] usbcore: registered new interface driver se401
[   17.562628][    T1] usbcore: registered new interface driver sn9c2028
[   17.563818][    T1] usbcore: registered new interface driver gspca_sn9c20x
[   17.565011][    T1] usbcore: registered new interface driver sonixb
[   17.566196][    T1] usbcore: registered new interface driver sonixj
[   17.567291][    T1] usbcore: registered new interface driver spca500
[   17.568375][    T1] usbcore: registered new interface driver spca501
[   17.569436][    T1] usbcore: registered new interface driver spca505
[   17.570509][    T1] usbcore: registered new interface driver spca506
[   17.571624][    T1] usbcore: registered new interface driver spca508
[   17.573876][    T1] usbcore: registered new interface driver spca561
[   17.574930][    T1] usbcore: registered new interface driver spca1528
[   17.576009][    T1] usbcore: registered new interface driver sq905
[   17.577057][    T1] usbcore: registered new interface driver sq905c
[   17.578112][    T1] usbcore: registered new interface driver sq930x
[   17.579383][    T1] usbcore: registered new interface driver sunplus
[   17.580493][    T1] usbcore: registered new interface driver stk014
[   17.581570][    T1] usbcore: registered new interface driver stk1135
[   17.582640][    T1] usbcore: registered new interface driver stv0680
[   17.583691][    T1] usbcore: registered new interface driver t613
[   17.584730][    T1] usbcore: registered new interface driver gspca_topro
[   17.585841][    T1] usbcore: registered new interface driver touptek
[   17.586910][    T1] usbcore: registered new interface driver tv8532
[   17.588027][    T1] usbcore: registered new interface driver vc032x
[   17.589079][    T1] usbcore: registered new interface driver vicam
[   17.590128][    T1] usbcore: registered new interface driver xirlink-cit
[   17.591450][    T1] usbcore: registered new interface driver gspca_zc3xx
[   17.592622][    T1] usbcore: registered new interface driver ALi m5602
[   17.593721][    T1] usbcore: registered new interface driver STV06xx
[   17.594793][    T1] usbcore: registered new interface driver gspca_gl860
[   17.595950][    T1] usbcore: registered new interface driver hackrf
[   17.596996][    T1] usbcore: registered new interface driver msi2500
[   17.598234][    T1] usbcore: registered new interface driver Philips webcam
[   17.599726][    T1] usbcore: registered new interface driver uvcvideo
[   17.600534][    T1] au0828: au0828 driver loaded
[   17.601485][    T1] usbcore: registered new interface driver au0828
[   17.602666][    T1] usbcore: registered new interface driver cx231xx
[   17.604143][    T1] usbcore: registered new interface driver em28xx
[   17.604951][    T1] em28xx: Registered (Em28xx v4l2 Extension) extension
[   17.605785][    T1] em28xx: Registered (Em28xx Audio Extension) extension
[   17.606631][    T1] em28xx: Registered (Em28xx dvb Extension) extension
[   17.607453][    T1] em28xx: Registered (Em28xx Input Extension) extension
[   17.608598][    T1] usbcore: registered new interface driver go7007
[   17.609653][    T1] usbcore: registered new interface driver go7007-loader
[   17.611160][    T1] usbcore: registered new interface driver hdpvr
[   17.612901][    T1] usbcore: registered new interface driver pvrusb2
[   17.613699][    T1] pvrusb2: V4L in-tree version:Hauppauge WinTV-PVR-USB2 MPEG2 Encoder/Tuner
[   17.614749][    T1] pvrusb2: Debug mask is 31 (0x1f)
[   17.615633][    T1] usbcore: registered new interface driver stk1160
[   17.616708][    T1] usbcore: registered new interface driver usbtv
[   17.622369][    T1] dvbdev: DVB: registering new adapter (dvb_vidtv_bridge)
[   17.626558][    T1] i2c i2c-0: DVB: registering adapter 0 frontend 0 (Dummy demod for DVB-T/T2/C/S/S2)...
[   17.628029][    T1] dvbdev: dvb_create_media_entity: media entity 'Dummy demod for DVB-T/T2/C/S/S2' registered.
[   17.638489][    T1] dvbdev: dvb_create_media_entity: media entity 'dvb-demux' registered.
[   17.645694][    T1] vidtv vidtv.0: Successfully initialized vidtv!
[   17.648783][    T1] vicodec vicodec.0: Device 'stateful-encoder' registered as /dev/video0
[   17.650513][    T1] vicodec vicodec.0: Device 'stateful-decoder' registered as /dev/video1
[   17.653649][    T1] vicodec vicodec.0: Device 'stateless-decoder' registered as /dev/video2
[   17.656321][    T1] vim2m vim2m.0: Device registered as /dev/video0
[   17.684719][    T1] vivid-000: using single planar format API
[   17.700379][    T1] vivid-000: CEC adapter cec0 registered for HDMI input
[   17.702055][    T1] vivid-000: V4L2 capture device registered as video7
[   17.703485][    T1] vivid-000: CEC adapter cec1 registered for HDMI output 0
[   17.704945][    T1] vivid-000: V4L2 output device registered as video8
[   17.706423][    T1] vivid-000: V4L2 capture device registered as vbi0, supports raw and sliced VBI
[   17.708109][    T1] vivid-000: V4L2 output device registered as vbi1, supports raw and sliced VBI
[   17.709794][    T1] vivid-000: V4L2 capture device registered as swradio0
[   17.711384][    T1] vivid-000: V4L2 receiver device registered as radio0
[   17.712806][    T1] vivid-000: V4L2 transmitter device registered as radio1
[   17.714268][    T1] vivid-000: V4L2 metadata capture device registered as video9
[   17.717578][    T1] vivid-000: V4L2 metadata output device registered as video10
[   17.719117][    T1] vivid-000: V4L2 touch capture device registered as v4l-touch0
[   17.722250][    T1] usbcore: registered new interface driver radioshark2
[   17.723375][    T1] usbcore: registered new interface driver radioshark
[   17.724460][    T1] usbcore: registered new interface driver radio-si470x
[   17.725695][    T1] usbcore: registered new interface driver radio-usb-si4713
[   17.726846][    T1] usbcore: registered new interface driver dsbr100
[   17.727903][    T1] usbcore: registered new interface driver radio-keene
[   17.728995][    T1] usbcore: registered new interface driver radio-ma901
[   17.730079][    T1] usbcore: registered new interface driver radio-mr800
[   17.732351][    T1] usbcore: registered new interface driver radio-raremono
[   17.734751][    T1] usbcore: registered new interface driver powerz
[   17.735789][    T1] usbcore: registered new interface driver pcwd_usb
[   17.748617][    T1] device-mapper: core: CONFIG_IMA_DISABLE_HTABLE is disabled. Duplicate IMA measurements will not be recorded in the IMA log.
[   17.750227][    T1] device-mapper: uevent: version 1.0.3
[   17.751855][    T1] device-mapper: ioctl: 4.49.0-ioctl (2025-01-17) initialised: dm-devel@lists.linux.dev
[   17.754347][    T1] device-mapper: multipath round-robin: version 1.2.0 loaded
[   17.755250][    T1] device-mapper: multipath queue-length: version 0.2.0 loaded
[   17.756170][    T1] device-mapper: multipath service-time: version 0.3.0 loaded
[   17.757995][    T1] Bluetooth: HCI UART driver ver 2.3
[   17.758663][    T1] Bluetooth: HCI UART protocol H4 registered
[   17.759385][    T1] Bluetooth: HCI UART protocol BCSP registered
[   17.760266][    T1] Bluetooth: HCI UART protocol LL registered
[   17.761166][    T1] Bluetooth: HCI UART protocol Three-wire (H5) registered
[   17.762152][    T1] Bluetooth: HCI UART protocol QCA registered
[   17.762891][    T1] Bluetooth: HCI UART protocol AG6XX registered
[   17.763773][    T1] Bluetooth: HCI UART protocol Marvell registered
[   17.764815][    T1] usbcore: registered new interface driver bcm203x
[   17.765869][    T1] usbcore: registered new interface driver bpa10x
[   17.766922][    T1] usbcore: registered new interface driver bfusb
[   17.768070][    T1] usbcore: registered new interface driver btusb
[   17.769305][    T1] usbcore: registered new interface driver ath3k
[   17.770458][    T1] Modular ISDN core version 1.1.29
[   17.772348][    T1] NET: Registered PF_ISDN protocol family
[   17.773073][    T1] DSP module 2.0
[   17.773513][    T1] mISDN_dsp: DSP clocks every 80 samples. This equals 1 jiffies.
[   17.803335][    T1] mISDN: Layer-1-over-IP driver Rev. 2.00
[   17.805514][    T1] 0 virtual devices registered
[   17.806452][    T1] usbcore: registered new interface driver HFC-S_USB
[   17.807259][    T1] amd_pstate: the _CPC object is not present in SBIOS or ACPI disabled
[   17.808242][    T1] VUB300 Driver rom wait states = 1C irqpoll timeout = 0400
[   17.814897][    T1] usbcore: registered new interface driver vub300
[   17.818644][    T1] usbcore: registered new interface driver ushc
[   17.836632][    T1] iscsi: registered transport (iser)
[   17.838908][    T1] SoftiWARP attached
[   17.853389][    T8] input: ImExPS/2 Generic Explorer Mouse as /devices/platform/i8042/serio1/input/input3
[   17.864772][    T1] hid: raw HID events driver (C) Jiri Kosina
[   17.925185][    T1] usbcore: registered new interface driver usbhid
[   17.925978][    T1] usbhid: USB HID core driver
[   17.930746][    T1] usbcore: registered new interface driver es2_ap_driver
[   17.934456][    T1] comedi: version 0.7.76 - http://www.comedi.org
[   17.936018][    T1] usbcore: registered new interface driver dt9812
[   17.937298][    T1] usbcore: registered new interface driver ni6501
[   17.938589][    T1] usbcore: registered new interface driver usbdux
[   17.939893][    T1] usbcore: registered new interface driver usbduxfast
[   17.943501][    T1] usbcore: registered new interface driver usbduxsigma
[   17.944643][    T1] usbcore: registered new interface driver vmk80xx
[   17.946106][    T1] greybus: registered new driver hid
[   17.947082][    T1] greybus: registered new driver gbphy
[   17.949245][    T1] gb_gbphy: registered new driver usb
[   17.950044][    T1] asus_wmi: ASUS WMI generic driver loaded
[   17.960130][    T1] gnss: GNSS driver registered with major 494
[   17.961850][    T1] usbcore: registered new interface driver gnss-usb
[   17.963098][    T1] usbcore: registered new interface driver hdm_usb
[   18.029517][    T1] usbcore: registered new interface driver snd-usb-audio
[   18.030653][    T1] usbcore: registered new interface driver snd-ua101
[   18.032074][    T1] usbcore: registered new interface driver snd-usb-usx2y
[   18.033193][    T1] usbcore: registered new interface driver snd-usb-us122l
[   18.034371][    T1] usbcore: registered new interface driver snd-usb-caiaq
[   18.035489][    T1] usbcore: registered new interface driver snd-usb-6fire
[   18.036652][    T1] usbcore: registered new interface driver snd-usb-hiface
[   18.037770][    T1] usbcore: registered new interface driver snd-bcd2000
[   18.038913][    T1] usbcore: registered new interface driver snd_usb_pod
[   18.040042][    T1] usbcore: registered new interface driver snd_usb_podhd
[   18.041497][    T1] usbcore: registered new interface driver snd_usb_toneport
[   18.042652][    T1] usbcore: registered new interface driver snd_usb_variax
[   18.045031][    T1] drop_monitor: Initializing network drop monitor service
[   18.046249][    T1] NET: Registered PF_LLC protocol family
[   18.047114][    T1] GACT probability on
[   18.047651][    T1] Mirror/redirect action on
[   18.048388][    T1] Simple TC action Loaded
