bash: warning: setlocale: LC_ALL: cannot change locale (en_US.UTF-8)
c[?7l[2J[0mSeaBIOS (version 1.16.2-debian-1.16.2-1)


iPXE (http://ipxe.org) 00:03.0 CA00 PCI2.10 PnP PMM+7EFCEF00+7EF0EF00 CA00
Press Ctrl-B to configure iPXE (PCI 00:03.0)...                                                                               


Booting from ROM...
c[?7l[2J[    0.000000] Linux version 6.4.0-04328-gda2a930a9152-dirty (root@buildkitsandbox) (gcc (Debian 12.2.0-14+deb12u1) 12.2.0, GNU ld (GNU Binutils for Debian) 2.40) #2 SMP PREEMPT_DYNAMIC Thu May 14 00:44:28 UTC 2026
[    0.000000] Command line: console=ttyS0 oops=panic nokaslr rdinit=/init
[    0.000000] BIOS-provided physical RAM map:
[    0.000000] BIOS-e820: [mem 0x0000000000000000-0x000000000009fbff] usable
[    0.000000] BIOS-e820: [mem 0x000000000009fc00-0x000000000009ffff] reserved
[    0.000000] BIOS-e820: [mem 0x00000000000f0000-0x00000000000fffff] reserved
[    0.000000] BIOS-e820: [mem 0x0000000000100000-0x000000007ffdffff] usable
[    0.000000] BIOS-e820: [mem 0x000000007ffe0000-0x000000007fffffff] reserved
[    0.000000] BIOS-e820: [mem 0x00000000feffc000-0x00000000feffffff] reserved
[    0.000000] BIOS-e820: [mem 0x00000000fffc0000-0x00000000ffffffff] reserved
[    0.000000] NX (Execute Disable) protection: active
[    0.000000] SMBIOS 2.8 present.
[    0.000000] DMI: QEMU Standard PC (i440FX + PIIX, 1996), BIOS 1.16.2-debian-1.16.2-1 04/01/2014
[    0.000000] Hypervisor detected: KVM
[    0.000000] kvm-clock: Using msrs 4b564d01 and 4b564d00
[    0.000001] kvm-clock: using sched offset of 441259279 cycles
[    0.000002] clocksource: kvm-clock: mask: 0xffffffffffffffff max_cycles: 0x1cd42e4dffb, max_idle_ns: 881590591483 ns
[    0.000004] tsc: Detected 2995.198 MHz processor
[    0.000447] last_pfn = 0x7ffe0 max_arch_pfn = 0x400000000
[    0.000538] MTRR map: 4 entries (3 fixed + 1 variable; max 19), built from 8 variable MTRRs
[    0.000550] x86/PAT: Configuration [0-7]: WB  WC  UC- UC  WB  WP  UC- WT  
[    0.006197] found SMP MP-table at [mem 0x000f5ba0-0x000f5baf]
[    0.006325] Using GB pages for direct mapping
[    0.006353] Incomplete global flushes, disabling PCID
[    0.006504] RAMDISK: [mem 0x7fe91000-0x7ffdffff]
[    0.006535] ACPI: Early table checksum verification disabled
[    0.006564] ACPI: RSDP 0x00000000000F59D0 000014 (v00 BOCHS )
[    0.006568] ACPI: RSDT 0x000000007FFE1B33 000034 (v01 BOCHS  BXPC     00000001 BXPC 00000001)
[    0.006574] ACPI: FACP 0x000000007FFE19DF 000074 (v01 BOCHS  BXPC     00000001 BXPC 00000001)
[    0.006579] ACPI: DSDT 0x000000007FFE0040 00199F (v01 BOCHS  BXPC     00000001 BXPC 00000001)
[    0.006583] ACPI: FACS 0x000000007FFE0000 000040
[    0.006585] ACPI: APIC 0x000000007FFE1A53 000080 (v01 BOCHS  BXPC     00000001 BXPC 00000001)
[    0.006588] ACPI: HPET 0x000000007FFE1AD3 000038 (v01 BOCHS  BXPC     00000001 BXPC 00000001)
[    0.006591] ACPI: WAET 0x000000007FFE1B0B 000028 (v01 BOCHS  BXPC     00000001 BXPC 00000001)
[    0.006593] ACPI: Reserving FACP table memory at [mem 0x7ffe19df-0x7ffe1a52]
[    0.006595] ACPI: Reserving DSDT table memory at [mem 0x7ffe0040-0x7ffe19de]
[    0.006596] ACPI: Reserving FACS table memory at [mem 0x7ffe0000-0x7ffe003f]
[    0.006597] ACPI: Reserving APIC table memory at [mem 0x7ffe1a53-0x7ffe1ad2]
[    0.006598] ACPI: Reserving HPET table memory at [mem 0x7ffe1ad3-0x7ffe1b0a]
[    0.006599] ACPI: Reserving WAET table memory at [mem 0x7ffe1b0b-0x7ffe1b32]
[    0.007238] No NUMA configuration found
[    0.007239] Faking a node at [mem 0x0000000000000000-0x000000007ffdffff]
[    0.007243] NODE_DATA(0) allocated [mem 0x7fe8d000-0x7fe90fff]
[    0.007269] Zone ranges:
[    0.007269]   DMA      [mem 0x0000000000001000-0x0000000000ffffff]
[    0.007270]   DMA32    [mem 0x0000000001000000-0x000000007ffdffff]
[    0.007272]   Normal   empty
[    0.007272] Movable zone start for each node
[    0.007273] Early memory node ranges
[    0.007273]   node   0: [mem 0x0000000000001000-0x000000000009efff]
[    0.007274]   node   0: [mem 0x0000000000100000-0x000000007ffdffff]
[    0.007276] Initmem setup node 0 [mem 0x0000000000001000-0x000000007ffdffff]
[    0.007886] On node 0, zone DMA: 1 pages in unavailable ranges
[    0.007944] On node 0, zone DMA: 97 pages in unavailable ranges
[    0.023207] On node 0, zone DMA32: 32 pages in unavailable ranges
[    0.111010] kasan: KernelAddressSanitizer initialized
[    0.111809] ACPI: PM-Timer IO Port: 0x608
[    0.111816] ACPI: LAPIC_NMI (acpi_id[0xff] dfl dfl lint[0x1])
[    0.111877] IOAPIC[0]: apic_id 0, version 17, address 0xfec00000, GSI 0-23
[    0.111880] ACPI: INT_SRC_OVR (bus 0 bus_irq 0 global_irq 2 dfl dfl)
[    0.111882] ACPI: INT_SRC_OVR (bus 0 bus_irq 5 global_irq 5 high level)
[    0.111882] ACPI: INT_SRC_OVR (bus 0 bus_irq 9 global_irq 9 high level)
[    0.111884] ACPI: INT_SRC_OVR (bus 0 bus_irq 10 global_irq 10 high level)
[    0.111884] ACPI: INT_SRC_OVR (bus 0 bus_irq 11 global_irq 11 high level)
[    0.111888] ACPI: Using ACPI (MADT) for SMP configuration information
[    0.111889] ACPI: HPET id: 0x8086a201 base: 0xfed00000
[    0.111892] TSC deadline timer available
[    0.111898] smpboot: Allowing 2 CPUs, 0 hotplug CPUs
[    0.111932] kvm-guest: KVM setup pv remote TLB flush
[    0.111942] kvm-guest: setup PV sched yield
[    0.111966] PM: hibernation: Registered nosave memory: [mem 0x00000000-0x00000fff]
[    0.111967] PM: hibernation: Registered nosave memory: [mem 0x0009f000-0x0009ffff]
[    0.111968] PM: hibernation: Registered nosave memory: [mem 0x000a0000-0x000effff]
[    0.111969] PM: hibernation: Registered nosave memory: [mem 0x000f0000-0x000fffff]
[    0.111970] [mem 0x80000000-0xfeffbfff] available for PCI devices
[    0.111971] Booting paravirtualized kernel on KVM
[    0.111973] clocksource: refined-jiffies: mask: 0xffffffff max_cycles: 0xffffffff, max_idle_ns: 1910969940391419 ns
[    0.122367] setup_percpu: NR_CPUS:64 nr_cpumask_bits:2 nr_cpu_ids:2 nr_node_ids:1
[    0.123443] percpu: Embedded 66 pages/cpu s232104 r8192 d30040 u1048576
[    0.123499] Kernel command line: console=ttyS0 oops=panic nokaslr rdinit=/init
[    0.123568] random: crng init done
[    0.124177] Dentry cache hash table entries: 262144 (order: 9, 2097152 bytes, linear)
[    0.124753] Inode-cache hash table entries: 131072 (order: 8, 1048576 bytes, linear)
[    0.124823] Fallback order for Node 0: 0 
[    0.124826] Built 1 zonelists, mobility grouping on.  Total pages: 515808
[    0.124827] Policy zone: DMA32
[    0.124828] mem auto-init: stack:all(zero), heap alloc:off, heap free:off
[    0.124829] stackdepot: allocating hash table via alloc_large_system_hash
[    0.127181] stackdepot hash table entries: 1048576 (order: 11, 8388608 bytes, linear)
[    0.145753] Memory: 1692956K/2096632K available (49152K kernel code, 7954K rwdata, 10060K rodata, 5632K init, 2996K bss, 403420K reserved, 0K cma-reserved)
[    0.145916] SLUB: HWalign=64, Order=0-3, MinObjects=0, CPUs=2, Nodes=1
[    0.146924] Dynamic Preempt: voluntary
[    0.147632] rcu: Preemptible hierarchical RCU implementation.
[    0.147633] rcu: 	RCU event tracing is enabled.
[    0.147634] rcu: 	RCU restricting CPUs from NR_CPUS=64 to nr_cpu_ids=2.
[    0.147635] 	Trampoline variant of Tasks RCU enabled.
[    0.147636] rcu: RCU calculated value of scheduler-enlistment delay is 100 jiffies.
[    0.147637] rcu: Adjusting geometry for rcu_fanout_leaf=16, nr_cpu_ids=2
[    0.155544] NR_IRQS: 4352, nr_irqs: 440, preallocated irqs: 16
[    0.155810] rcu: srcu_init: Setting srcu_struct sizes based on contention.
[    0.163482] Console: colour VGA+ 80x25
[    0.163543] printk: console [ttyS0] enabled
[    0.315289] ACPI: Core revision 20230331
[    0.316379] clocksource: hpet: mask: 0xffffffff max_cycles: 0xffffffff, max_idle_ns: 19112604467 ns
[    0.318533] APIC: Switch to symmetric I/O mode setup
[    0.319644] kvm-guest: setup PV IPIs
[    0.322443] ..TIMER: vector=0x30 apic1=0 pin1=2 apic2=-1 pin2=-1
[    0.323912] clocksource: tsc-early: mask: 0xffffffffffffffff max_cycles: 0x2b2c8d6afc8, max_idle_ns: 440795331172 ns
[    0.326252] Calibrating delay loop (skipped) preset value.. 5990.39 BogoMIPS (lpj=2995198)
[    0.327975] x86/cpu: User Mode Instruction Prevention (UMIP) activated
[    0.328539] Last level iTLB entries: 4KB 0, 2MB 0, 4MB 0
[    0.329250] Last level dTLB entries: 4KB 0, 2MB 0, 4MB 0, 1GB 0
[    0.330273] Spectre V1 : Mitigation: usercopy/swapgs barriers and __user pointer sanitization
[    0.331257] Spectre V2 : Mitigation: Enhanced / Automatic IBRS
[    0.332249] Spectre V2 : Spectre v2 / SpectreRSB mitigation: Filling RSB on context switch
[    0.334249] Spectre V2 : Spectre v2 / PBRSB-eIBRS: Retire a single CALL on VMEXIT
[    0.335250] RETBleed: Mitigation: Enhanced IBRS
[    0.336252] Spectre V2 : mitigation: Enabling conditional Indirect Branch Prediction Barrier
[    0.337250] Speculative Store Bypass: Mitigation: Speculative Store Bypass disabled via prctl
[    0.339249] MMIO Stale Data: Unknown: No mitigations
[    0.340297] x86/fpu: Supporting XSAVE feature 0x001: 'x87 floating point registers'
[    0.341249] x86/fpu: Supporting XSAVE feature 0x002: 'SSE registers'
[    0.342249] x86/fpu: Supporting XSAVE feature 0x004: 'AVX registers'
[    0.343249] x86/fpu: xstate_offset[2]:  576, xstate_sizes[2]:  256
[    0.344247] x86/fpu: Enabled xstate features 0x7, context size is 832 bytes, using 'compacted' format.
[    0.363250] Freeing SMP alternatives memory: 44K
[    0.364249] pid_max: default: 32768 minimum: 301
[    0.365330] LSM: initializing lsm=capability,selinux,integrity
[    0.366279] SELinux:  Initializing.
[    0.367335] Mount-cache hash table entries: 4096 (order: 3, 32768 bytes, linear)
[    0.368253] Mountpoint-cache hash table entries: 4096 (order: 3, 32768 bytes, linear)
[    0.370688] smpboot: CPU0: 13th Gen Intel(R) Core(TM) i9-13900H (family: 0x6, model: 0xba, stepping: 0x2)
[    0.371507] RCU Tasks: Setting shift to 1 and lim to 1 rcu_task_cb_adjust=1.
[    0.372286] Performance Events: unsupported p6 CPU model 186 no PMU driver, software events only.
[    0.373318] signal: max sigframe size: 1776
[    0.374352] rcu: Hierarchical SRCU implementation.
[    0.375257] rcu: 	Max phase no-delay instances is 400.
[    0.376812] smp: Bringing up secondary CPUs ...
[    0.377549] smpboot: x86: Booting SMP configuration:
[    0.378259] .... node  #0, CPUs:      #1
[    0.379372] smp: Brought up 1 node, 2 CPUs
[    0.381255] smpboot: Max logical packages: 1
[    0.382255] smpboot: Total of 2 processors activated (11980.79 BogoMIPS)
[    0.385327] devtmpfs: initialized
[    0.388412] clocksource: jiffies: mask: 0xffffffff max_cycles: 0xffffffff, max_idle_ns: 1911260446275000 ns
[    0.389330] futex hash table entries: 512 (order: 3, 32768 bytes, linear)
[    0.390832] PM: RTC time: 00:45:59, date: 2026-05-14
[    0.391644] NET: Registered PF_NETLINK/PF_ROUTE protocol family
[    0.392571] audit: initializing netlink subsys (disabled)
[    0.393340] audit: type=2000 audit(1778719560.508:1): state=initialized audit_enabled=0 res=1
[    0.393562] thermal_sys: Registered thermal governor 'step_wise'
[    0.394256] thermal_sys: Registered thermal governor 'user_space'
[    0.395283] cpuidle: using governor menu
[    0.397847] PCI: Using configuration type 1 for base access
[    0.398496] kprobes: kprobe jump-optimization is enabled. All kprobes are optimized if possible.
[    0.401458] HugeTLB: registered 2.00 MiB page size, pre-allocated 0 pages
[    0.403257] HugeTLB: 28 KiB vmemmap can be freed for a 2.00 MiB page
[    0.405574] ACPI: Added _OSI(Module Device)
[    0.406255] ACPI: Added _OSI(Processor Device)
[    0.407254] ACPI: Added _OSI(3.0 _SCP Extensions)
[    0.409267] ACPI: Added _OSI(Processor Aggregator Device)
[    0.419677] ACPI: 1 ACPI AML tables successfully acquired and loaded
[    0.478061] ACPI: Interpreter enabled
[    0.478294] ACPI: PM: (supports S0 S3 S4 S5)
[    0.479253] ACPI: Using IOAPIC for interrupt routing
[    0.480291] PCI: Using host bridge windows from ACPI; if necessary, use "pci=nocrs" and report a bug
[    0.481253] PCI: Using E820 reservations for host bridge windows
[    0.482691] ACPI: Enabled 2 GPEs in block 00 to 0F
[    0.496124] ACPI: PCI Root Bridge [PCI0] (domain 0000 [bus 00-ff])
[    0.496265] acpi PNP0A03:00: _OSC: OS supports [ASPM ClockPM Segments MSI HPX-Type3]
[    0.497253] acpi PNP0A03:00: _OSC: not requesting OS control; OS requires [ExtendedConfig ASPM ClockPM MSI]
[    0.498314] acpi PNP0A03:00: fail to add MMCONFIG information, can't access extended configuration space under this bridge
[    0.499452] PCI host bridge to bus 0000:00
[    0.500262] pci_bus 0000:00: root bus resource [io  0x0000-0x0cf7 window]
[    0.501262] pci_bus 0000:00: root bus resource [io  0x0d00-0xffff window]
[    0.502261] pci_bus 0000:00: root bus resource [mem 0x000a0000-0x000bffff window]
[    0.503261] pci_bus 0000:00: root bus resource [mem 0x80000000-0xfebfffff window]
[    0.504260] pci_bus 0000:00: root bus resource [mem 0x100000000-0x17fffffff window]
[    0.505257] pci_bus 0000:00: root bus resource [bus 00-ff]
[    0.506377] pci 0000:00:00.0: [8086:1237] type 00 class 0x060000
[    0.512763] pci 0000:00:01.0: [8086:7000] type 00 class 0x060100
[    0.519571] pci 0000:00:01.1: [8086:7010] type 00 class 0x010180
[    0.521643] pci 0000:00:01.1: reg 0x20: [io  0xc040-0xc04f]
[    0.522970] pci 0000:00:01.1: legacy IDE quirk: reg 0x10: [io  0x01f0-0x01f7]
[    0.523263] pci 0000:00:01.1: legacy IDE quirk: reg 0x14: [io  0x03f6]
[    0.524262] pci 0000:00:01.1: legacy IDE quirk: reg 0x18: [io  0x0170-0x0177]
[    0.525260] pci 0000:00:01.1: legacy IDE quirk: reg 0x1c: [io  0x0376]
[    0.526948] pci 0000:00:01.3: [8086:7113] type 00 class 0x068000
[    0.528080] pci 0000:00:01.3: quirk: [io  0x0600-0x063f] claimed by PIIX4 ACPI
[    0.528284] pci 0000:00:01.3: quirk: [io  0x0700-0x070f] claimed by PIIX4 SMB
[    0.529833] pci 0000:00:02.0: [1234:1111] type 00 class 0x030000
[    0.531336] pci 0000:00:02.0: reg 0x10: [mem 0xfd000000-0xfdffffff pref]
[    0.534328] pci 0000:00:02.0: reg 0x18: [mem 0xfebf0000-0xfebf0fff]
[    0.538246] pci 0000:00:02.0: reg 0x30: [mem 0xfebe0000-0xfebeffff pref]
[    0.539610] pci 0000:00:02.0: Video device with shadowed ROM at [mem 0x000c0000-0x000dffff]
[    0.545728] pci 0000:00:03.0: [8086:100e] type 00 class 0x020000
[    0.547255] pci 0000:00:03.0: reg 0x10: [mem 0xfebc0000-0xfebdffff]
[    0.549241] pci 0000:00:03.0: reg 0x14: [io  0xc000-0xc03f]
[    0.553122] pci 0000:00:03.0: reg 0x30: [mem 0xfeb80000-0xfebbffff pref]
[    0.560372] ACPI: PCI: Interrupt link LNKA configured for IRQ 10
[    0.561815] ACPI: PCI: Interrupt link LNKB configured for IRQ 10
[    0.562758] ACPI: PCI: Interrupt link LNKC configured for IRQ 11
[    0.563785] ACPI: PCI: Interrupt link LNKD configured for IRQ 11
[    0.564581] ACPI: PCI: Interrupt link LNKS configured for IRQ 9
[    0.566834] iommu: Default domain type: Translated 
[    0.567255] iommu: DMA domain TLB invalidation policy: lazy mode 
[    0.568549] SCSI subsystem initialized
[    0.569401] ACPI: bus type USB registered
[    0.570296] usbcore: registered new interface driver usbfs
[    0.571272] usbcore: registered new interface driver hub
[    0.572272] usbcore: registered new device driver usb
[    0.574303] pps_core: LinuxPPS API ver. 1 registered
[    0.575252] pps_core: Software ver. 5.3.6 - Copyright 2005-2007 Rodolfo Giometti <giometti@linux.it>
[    0.577269] PTP clock support registered
[    0.578367] Advanced Linux Sound Architecture Driver Initialized.
[    0.580778] NetLabel: Initializing
[    0.581253] NetLabel:  domain hash size = 128
[    0.582268] NetLabel:  protocols = UNLABELED CIPSOv4 CALIPSO
[    0.584548] NetLabel:  unlabeled traffic allowed by default
[    0.586338] PCI: Using ACPI for IRQ routing
[    0.587605] pci 0000:00:02.0: vgaarb: setting as boot VGA device
[    0.588246] pci 0000:00:02.0: vgaarb: bridge control possible
[    0.588246] pci 0000:00:02.0: vgaarb: VGA device added: decodes=io+mem,owns=io+mem,locks=none
[    0.593280] vgaarb: loaded
[    0.594457] hpet0: at MMIO 0xfed00000, IRQs 2, 8, 0
[    0.595254] hpet0: 3 comparators, 64-bit 100.000000 MHz counter
[    0.602455] clocksource: Switched to clocksource kvm-clock
[    0.604144] VFS: Disk quotas dquot_6.6.0
[    0.605285] VFS: Dquot-cache hash table entries: 512 (order 0, 4096 bytes)
[    0.608106] pnp: PnP ACPI init
[    0.610603] pnp: PnP ACPI: found 6 devices
[    0.619793] clocksource: acpi_pm: mask: 0xffffff max_cycles: 0xffffff, max_idle_ns: 2085701024 ns
[    0.622459] NET: Registered PF_INET protocol family
[    0.623806] IP idents hash table entries: 32768 (order: 6, 262144 bytes, linear)
[    0.626553] tcp_listen_portaddr_hash hash table entries: 1024 (order: 2, 16384 bytes, linear)
[    0.628790] Table-perturb hash table entries: 65536 (order: 6, 262144 bytes, linear)
[    0.631092] TCP established hash table entries: 16384 (order: 5, 131072 bytes, linear)
[    0.634361] TCP bind hash table entries: 16384 (order: 7, 524288 bytes, linear)
[    0.636421] TCP: Hash tables configured (established 16384 bind 16384)
[    0.638991] UDP hash table entries: 1024 (order: 3, 32768 bytes, linear)
[    0.641021] UDP-Lite hash table entries: 1024 (order: 3, 32768 bytes, linear)
[    0.642970] NET: Registered PF_UNIX/PF_LOCAL protocol family
[    0.645052] RPC: Registered named UNIX socket transport module.
[    0.646676] RPC: Registered udp transport module.
[    0.648034] RPC: Registered tcp transport module.
[    0.649391] RPC: Registered tcp NFSv4.1 backchannel transport module.
[    0.651949] pci_bus 0000:00: resource 4 [io  0x0000-0x0cf7 window]
[    0.654105] pci_bus 0000:00: resource 5 [io  0x0d00-0xffff window]
[    0.656830] pci_bus 0000:00: resource 6 [mem 0x000a0000-0x000bffff window]
[    0.660150] pci_bus 0000:00: resource 7 [mem 0x80000000-0xfebfffff window]
[    0.662035] pci_bus 0000:00: resource 8 [mem 0x100000000-0x17fffffff window]
[    0.664299] pci 0000:00:01.0: PIIX3: Enabling Passive Release
[    0.666003] pci 0000:00:00.0: Limiting direct PCI/PCI transfers
[    0.667887] PCI: CLS 0 bytes, default 64
[    0.669266] Unpacking initramfs...
[    0.672584] RAPL PMU: API unit is 2^-32 Joules, 0 fixed counters, 10737418240 ms ovfl timer
[    0.675009] clocksource: tsc: mask: 0xffffffffffffffff max_cycles: 0x2b2c8d6afc8, max_idle_ns: 440795331172 ns
[    0.680340] Initialise system trusted keyrings
[    0.681832] workingset: timestamp_bits=56 max_order=19 bucket_order=0
[    0.684237] NFS: Registering the id_resolver key type
[    0.685621] Key type id_resolver registered
[    0.686800] Key type id_legacy registered
[    0.687974] 9p: Installing v9fs 9p2000 file system support
[    0.695034] Freeing initrd memory: 1340K
[    0.696822] Key type asymmetric registered
[    0.697998] Asymmetric key parser 'x509' registered
[    0.699412] Block layer SCSI generic (bsg) driver version 0.4 loaded (major 251)
[    0.701552] io scheduler mq-deadline registered
[    0.702869] io scheduler kyber registered
[    0.704403] input: Power Button as /devices/LNXSYSTM:00/LNXPWRBN:00/input/input0
[    0.706774] ACPI: button: Power Button [PWRF]
[    0.708893] Serial: 8250/16550 driver, 4 ports, IRQ sharing enabled
[    0.710901] 00:04: ttyS0 at I/O 0x3f8 (irq = 4, base_baud = 115200) is a 16550A
[    0.714022] Non-volatile memory driver v1.3
[    0.715174] Linux agpgart interface v0.103
[    0.716491] ACPI: bus type drm_connector registered
[    0.723619] loop: module loaded
[    0.726771] scsi host0: ata_piix
[    0.728267] scsi host1: ata_piix
[    0.729352] ata1: PATA max MWDMA2 cmd 0x1f0 ctl 0x3f6 bmdma 0xc040 irq 14
[    0.731192] ata2: PATA max MWDMA2 cmd 0x170 ctl 0x376 bmdma 0xc048 irq 15
[    0.734053] e100: Intel(R) PRO/100 Network Driver
[    0.735809] e100: Copyright(c) 1999-2006 Intel Corporation
[    0.737375] e1000: Intel(R) PRO/1000 Network Driver
[    0.739150] e1000: Copyright (c) 1999-2006 Intel Corporation.
[    0.892025] ata2: found unknown device (class 0)
[    0.893869] ata2.00: ATAPI: QEMU DVD-ROM, 2.5+, max UDMA/100
[    0.896771] scsi 1:0:0:0: CD-ROM            QEMU     QEMU DVD-ROM     2.5+ PQ: 0 ANSI: 5
[    0.914384] sr 1:0:0:0: [sr0] scsi3-mmc drive: 4x/4x cd/rw xa/form2 tray
[    0.916055] cdrom: Uniform CD-ROM driver Revision: 3.20
[    1.159344] ACPI: \_SB_.LNKC: Enabled at IRQ 11
[    1.512407] e1000 0000:00:03.0 eth0: (PCI:33MHz:32-bit) 52:54:00:12:34:56
[    1.514753] e1000 0000:00:03.0 eth0: Intel(R) PRO/1000 Network Connection
[    1.516472] e1000e: Intel(R) PRO/1000 Network Driver
[    1.517717] e1000e: Copyright(c) 1999 - 2015 Intel Corporation.
[    1.519160] sky2: driver version 1.30
[    1.521046] usbcore: registered new interface driver usblp
[    1.522387] usbcore: registered new interface driver usb-storage
[    1.523909] i8042: PNP: PS/2 Controller [PNP0303:KBD,PNP0f13:MOU] at 0x60,0x64 irq 1,12
[    1.526830] serio: i8042 KBD port at 0x60,0x64 irq 1
[    1.528248] serio: i8042 AUX port at 0x60,0x64 irq 12
[    1.530801] input: AT Translated Set 2 keyboard as /devices/platform/i8042/serio0/input/input1
[    1.532965] rtc_cmos 00:05: RTC can wake from S4
[    1.535761] rtc_cmos 00:05: registered as rtc0
[    1.537146] rtc_cmos 00:05: alarms up to one day, y3k, 242 bytes nvram, hpet irqs
[    1.539402] device-mapper: ioctl: 4.48.0-ioctl (2023-03-01) initialised: dm-devel@redhat.com
[    1.541510] intel_pstate: CPU model not supported
[    1.542861] hid: raw HID events driver (C) Jiri Kosina
[    1.544657] usbcore: registered new interface driver usbhid
[    1.546978] usbhid: USB HID core driver
[    1.551029] IPVS: Registered protocols (TCP)
[    1.552075] IPVS: Connection hash table configured (size=4096, memory=32Kbytes)
[    1.553868] IPVS: ipvs loaded.
[    1.554626] IPVS: [rr] scheduler registered.
[    1.555730] Initializing XFRM netlink socket
[    1.556738] NET: Registered PF_INET6 protocol family
[    1.558730] Segment Routing with IPv6
[    1.559692] In-situ OAM (IOAM) with IPv6
[    1.560647] sit: IPv6, IPv4 and MPLS over IPv4 tunneling driver
[    1.563193] NET: Registered PF_PACKET protocol family
[    1.564676] 9pnet: Installing 9P2000 support
[    1.565874] Key type dns_resolver registered
[    1.567466] IPI shorthand broadcast: enabled
[    1.578824] sched_clock: Marking stable (1411006509, 167426287)->(1673577040, -95144244)
[    1.580951] registered taskstats version 1
[    1.582194] Loading compiled-in X.509 certificates
[    1.591087] PM:   Magic number: 10:278:759
[    1.592074] printk: console [netcon0] enabled
[    1.593002] netconsole: network logging started
[    1.594102] cfg80211: Loading compiled-in X.509 certificates for regulatory database
[    1.596118] kworker/u4:1 (51) used greatest stack depth: 29536 bytes left
[    1.598943] Loaded X.509 cert 'sforshee: 00b28ddf47aef9cea7'
[    1.600268] ALSA device list:
[    1.600952]   No soundcards found.
[    1.602981] Freeing unused kernel image (initmem) memory: 5632K
[    1.603970] platform regulatory.0: Direct firmware load for regulatory.db failed with error -2
[    1.605370] cfg80211: failed to load regulatory.db
[    1.608261] Write protecting the kernel read-only data: 59392k
[    1.609225] Freeing unused kernel image (rodata/data gap) memory: 180K
[    1.619810] x86/mm: Checked W+X mappings: passed, no W+X pages found.
[    1.620747] Run /init as init process
[    1.623109] mount (55) used greatest stack depth: 28760 bytes left

secb: rootfs ready
---- poc begin ----
poc: userns+netns ready (outer)
[    1.636413] IPVS: starting estimator thread 0...
[    1.638198] poc (62) used greatest stack depth: 27104 bytes left
[    1.663887] IPVS: stop unused estimator thread 0...
[    1.701385] IPVS: starting estimator thread 0...
[    1.730926] IPVS: stop unused estimator thread 0...
[    1.765262] IPVS: starting estimator thread 0...
[    1.790102] IPVS: stop unused estimator thread 0...
[    1.830942] IPVS: starting estimator thread 0...
[    1.862977] IPVS: stop unused estimator thread 0...
[    1.894998] IPVS: starting estimator thread 0...
[    1.928497] IPVS: stop unused estimator thread 0...
[    1.959507] IPVS: starting estimator thread 0...
[    1.982877] IPVS: stop unused estimator thread 0...
[    2.024084] IPVS: starting estimator thread 0...
[    2.025708] poc (75) used greatest stack depth: 27032 bytes left
[    2.050923] IPVS: stop unused estimator thread 0...
[    2.091077] IPVS: starting estimator thread 0...
[    2.124731] IPVS: stop unused estimator thread 0...
poc: iter=8 wins=8 losses=0
[    2.157266] IPVS: starting estimator thread 0...
[    2.174394] input: ImExPS/2 Generic Explorer Mouse as /devices/platform/i8042/serio1/input/input3
[    2.185906] IPVS: stop unused estimator thread 0...
[    2.221184] IPVS: starting estimator thread 0...
[    2.252589] IPVS: stop unused estimator thread 0...
[    2.284581] IPVS: starting estimator thread 0...
[    2.318105] IPVS: stop unused estimator thread 0...
[    2.350615] IPVS: starting estimator thread 0...
[    2.385076] IPVS: stop unused estimator thread 0...
[    2.414024] IPVS: starting estimator thread 0...
[    2.450303] IPVS: stop unused estimator thread 0...
[    2.477273] IPVS: starting estimator thread 0...
[    2.508479] IPVS: stop unused estimator thread 0...
[    2.542359] IPVS: starting estimator thread 0...
[    2.583255] IPVS: stop unused estimator thread 0...
[    2.607564] IPVS: starting estimator thread 0...
[    2.633991] IPVS: stop unused estimator thread 0...
poc: iter=16 wins=16 losses=0
[    2.673868] IPVS: starting estimator thread 0...
[    2.715965] IPVS: stop unused estimator thread 0...
[    2.740273] IPVS: starting estimator thread 0...
[    2.772674] IPVS: stop unused estimator thread 0...
[    2.804771] IPVS: starting estimator thread 0...
[    2.834962] IPVS: stop unused estimator thread 0...
[    2.870966] IPVS: starting estimator thread 0...
[    2.901206] IPVS: stop unused estimator thread 0...
[    2.941088] IPVS: starting estimator thread 0...
[    2.976014] IPVS: stop unused estimator thread 0...
[    3.005479] IPVS: starting estimator thread 0...
[    3.041907] IPVS: stop unused estimator thread 0...
[    3.071383] IPVS: starting estimator thread 0...
[    3.100911] IPVS: stop unused estimator thread 0...
[    3.136728] IPVS: starting estimator thread 0...
[    3.162969] IPVS: stop unused estimator thread 0...
poc: iter=24 wins=24 losses=0
[    3.202367] IPVS: starting estimator thread 0...
[    3.237871] IPVS: stop unused estimator thread 0...
[    3.266016] IPVS: starting estimator thread 0...
[    3.267188] poc (113) used greatest stack depth: 26896 bytes left
[    3.294895] IPVS: stop unused estimator thread 0...
[    3.330311] IPVS: starting estimator thread 0...
[    3.359023] IPVS: stop unused estimator thread 0...
[    3.393668] IPVS: starting estimator thread 0...
[    3.421915] IPVS: stop unused estimator thread 0...
[    3.459918] IPVS: starting estimator thread 0...
[    3.487271] IPVS: stop unused estimator thread 0...
[    3.524904] IPVS: starting estimator thread 0...
[    3.560488] IPVS: stop unused estimator thread 0...
[    3.588499] IPVS: starting estimator thread 0...
[    3.618917] IPVS: stop unused estimator thread 0...
[    3.653192] IPVS: starting estimator thread 0...
[    3.686779] IPVS: stop unused estimator thread 0...
poc: iter=32 wins=32 losses=0
[    3.716072] IPVS: starting estimator thread 0...
[    3.746812] IPVS: stop unused estimator thread 0...
[    3.781555] IPVS: starting estimator thread 0...
[    3.813977] IPVS: stop unused estimator thread 0...
[    3.847020] IPVS: starting estimator thread 0...
[    3.874026] IPVS: stop unused estimator thread 0...
[    3.911791] IPVS: starting estimator thread 0...
[    3.943044] IPVS: stop unused estimator thread 0...
[    3.976585] IPVS: starting estimator thread 0...
[    4.007039] IPVS: stop unused estimator thread 0...
[    4.042814] IPVS: starting estimator thread 0...
[    4.079211] IPVS: stop unused estimator thread 0...
[    4.108630] IPVS: starting estimator thread 0...
[    4.133899] IPVS: stop unused estimator thread 0...
[    4.171944] IPVS: starting estimator thread 0...
[    4.200884] IPVS: stop unused estimator thread 0...
poc: iter=40 wins=40 losses=0
[    4.236543] IPVS: starting estimator thread 0...
[    4.264192] IPVS: stop unused estimator thread 0...
[    4.300876] IPVS: starting estimator thread 0...
[    4.326943] IPVS: stop unused estimator thread 0...
[    4.365417] IPVS: starting estimator thread 0...
[    4.392032] IPVS: stop unused estimator thread 0...
[    4.430382] IPVS: starting estimator thread 0...
[    4.459953] IPVS: stop unused estimator thread 0...
[    4.499114] IPVS: starting estimator thread 0...
[    4.522980] IPVS: stop unused estimator thread 0...
[    4.563718] IPVS: starting estimator thread 0...
[    4.588844] IPVS: stop unused estimator thread 0...
[    4.628081] IPVS: starting estimator thread 0...
[    4.656110] IPVS: stop unused estimator thread 0...
[    4.692688] IPVS: starting estimator thread 0...
[    4.722913] IPVS: stop unused estimator thread 0...
poc: iter=48 wins=48 losses=0
[    4.760250] IPVS: starting estimator thread 0...
[    4.786142] IPVS: stop unused estimator thread 0...
[    4.827604] IPVS: starting estimator thread 0...
[    4.853098] IPVS: stop unused estimator thread 0...
[    4.895273] IPVS: starting estimator thread 0...
[    4.925233] IPVS: stop unused estimator thread 0...
[    4.960625] IPVS: starting estimator thread 0...
[    4.986996] IPVS: stop unused estimator thread 0...
[    5.025719] IPVS: starting estimator thread 0...
[    5.052220] IPVS: stop unused estimator thread 0...
[    5.092770] IPVS: starting estimator thread 0...
[    5.119198] IPVS: stop unused estimator thread 0...
[    5.157602] IPVS: starting estimator thread 0...
[    5.188847] IPVS: stop unused estimator thread 0...
[    5.224250] IPVS: starting estimator thread 0...
[    5.250253] IPVS: stop unused estimator thread 0...
poc: iter=56 wins=56 losses=0
[    5.289509] IPVS: starting estimator thread 0...
[    5.314934] IPVS: stop unused estimator thread 0...
[    5.353232] IPVS: starting estimator thread 0...
[    5.385114] IPVS: stop unused estimator thread 0...
[    5.417581] IPVS: starting estimator thread 0...
[    5.444822] IPVS: stop unused estimator thread 0...
[    5.483067] IPVS: starting estimator thread 0...
[    5.515973] IPVS: stop unused estimator thread 0...
[    5.548389] IPVS: starting estimator thread 0...
[    5.577830] IPVS: stop unused estimator thread 0...
[    5.612499] IPVS: starting estimator thread 0...
[    5.644975] IPVS: stop unused estimator thread 0...
[    5.680224] IPVS: starting estimator thread 0...
[    5.708502] IPVS: stop unused estimator thread 0...
[    5.746499] IPVS: starting estimator thread 0...
[    5.774959] IPVS: stop unused estimator thread 0...
poc: iter=64 wins=64 losses=0
poc: done wins=64 losses=0
---- poc end rc=0 ----
secb: poc exited without crashing the kernel
[    9.180765] ACPI: PM: Preparing to enter system sleep state S5
[    9.181863] reboot: Power down
NO_CRASH_DETECTED
