bash: warning: setlocale: LC_ALL: cannot change locale (en_US.UTF-8)
c[?7l[2J[0mSeaBIOS (version 1.16.2-debian-1.16.2-1)


iPXE (http://ipxe.org) 00:03.0 CA00 PCI2.10 PnP PMM+7EFCEF00+7EF0EF00 CA00
Press Ctrl-B to configure iPXE (PCI 00:03.0)...                                                                               


Booting from ROM..c[?7l[2J[0m.[    0.000000] Linux version 6.4.0-04326-geaf9e7192ec9-dirty (root@buildkitsandbox) (gcc (Debian 12.2.0-14+deb12u1) 12.2.0, GNU ld (GNU Binutils for Debian) 2.40) #1 SMP PREEMPT_DYNAMIC Thu May 14 00:42:38 UTC 2026
[    0.000000] Command line: console=ttyS0 oops=panic nokaslr rdinit=/init
[    0.000000] BIOS-provided physical RAM map:
[    0.000000] BIOS-e820: [mem 0x0000000000000000-0x000000000009fbff] usable
[    0.000000] BIOS-e820: [mem 0x000000000009fc00-0x000000000009ffff] reserved
[    0.000000] BIOS-e820: [mem 0x00000000000f0000-0x00000000000fffff] reserved
[    0.000000] BIOS-e820: [mem 0x0000000000100000-0x000000007ffdffff] usable
[    0.000000] BIOS-e820: [mem 0x000000007ffe0000-0x000000007fffffff] reserved
[    0.000000] BIOS-e820: [mem 0x00000000feffc000-0x00000000feffffff] reserved
[    0.000000] BIOS-e820: [mem 0x00000000fffc0000-0x00000000ffffffff] reserved
[    0.000000] NX (Execute Disable) protection: active
[    0.000000] SMBIOS 2.8 present.
[    0.000000] DMI: QEMU Standard PC (i440FX + PIIX, 1996), BIOS 1.16.2-debian-1.16.2-1 04/01/2014
[    0.000000] Hypervisor detected: KVM
[    0.000000] kvm-clock: Using msrs 4b564d01 and 4b564d00
[    0.000001] kvm-clock: using sched offset of 392513044 cycles
[    0.000003] clocksource: kvm-clock: mask: 0xffffffffffffffff max_cycles: 0x1cd42e4dffb, max_idle_ns: 881590591483 ns
[    0.000005] tsc: Detected 2995.198 MHz processor
[    0.000453] last_pfn = 0x7ffe0 max_arch_pfn = 0x400000000
[    0.000546] MTRR map: 4 entries (3 fixed + 1 variable; max 19), built from 8 variable MTRRs
[    0.000551] x86/PAT: Configuration [0-7]: WB  WC  UC- UC  WB  WP  UC- WT  
[    0.006172] found SMP MP-table at [mem 0x000f5ba0-0x000f5baf]
[    0.006285] Using GB pages for direct mapping
[    0.006311] Incomplete global flushes, disabling PCID
[    0.006455] RAMDISK: [mem 0x7fe91000-0x7ffdffff]
[    0.006484] ACPI: Early table checksum verification disabled
[    0.006512] ACPI: RSDP 0x00000000000F59D0 000014 (v00 BOCHS )
[    0.006516] ACPI: RSDT 0x000000007FFE1B33 000034 (v01 BOCHS  BXPC     00000001 BXPC 00000001)
[    0.006522] ACPI: FACP 0x000000007FFE19DF 000074 (v01 BOCHS  BXPC     00000001 BXPC 00000001)
[    0.006527] ACPI: DSDT 0x000000007FFE0040 00199F (v01 BOCHS  BXPC     00000001 BXPC 00000001)
[    0.006530] ACPI: FACS 0x000000007FFE0000 000040
[    0.006533] ACPI: APIC 0x000000007FFE1A53 000080 (v01 BOCHS  BXPC     00000001 BXPC 00000001)
[    0.006536] ACPI: HPET 0x000000007FFE1AD3 000038 (v01 BOCHS  BXPC     00000001 BXPC 00000001)
[    0.006538] ACPI: WAET 0x000000007FFE1B0B 000028 (v01 BOCHS  BXPC     00000001 BXPC 00000001)
[    0.006540] ACPI: Reserving FACP table memory at [mem 0x7ffe19df-0x7ffe1a52]
[    0.006542] ACPI: Reserving DSDT table memory at [mem 0x7ffe0040-0x7ffe19de]
[    0.006543] ACPI: Reserving FACS table memory at [mem 0x7ffe0000-0x7ffe003f]
[    0.006544] ACPI: Reserving APIC table memory at [mem 0x7ffe1a53-0x7ffe1ad2]
[    0.006545] ACPI: Reserving HPET table memory at [mem 0x7ffe1ad3-0x7ffe1b0a]
[    0.006546] ACPI: Reserving WAET table memory at [mem 0x7ffe1b0b-0x7ffe1b32]
[    0.007113] No NUMA configuration found
[    0.007113] Faking a node at [mem 0x0000000000000000-0x000000007ffdffff]
[    0.007117] NODE_DATA(0) allocated [mem 0x7fe8d000-0x7fe90fff]
[    0.007138] Zone ranges:
[    0.007139]   DMA      [mem 0x0000000000001000-0x0000000000ffffff]
[    0.007141]   DMA32    [mem 0x0000000001000000-0x000000007ffdffff]
[    0.007142]   Normal   empty
[    0.007142] Movable zone start for each node
[    0.007143] Early memory node ranges
[    0.007143]   node   0: [mem 0x0000000000001000-0x000000000009efff]
[    0.007145]   node   0: [mem 0x0000000000100000-0x000000007ffdffff]
[    0.007146] Initmem setup node 0 [mem 0x0000000000001000-0x000000007ffdffff]
[    0.007792] On node 0, zone DMA: 1 pages in unavailable ranges
[    0.007837] On node 0, zone DMA: 97 pages in unavailable ranges
[    0.022442] On node 0, zone DMA32: 32 pages in unavailable ranges
[    0.113942] kasan: KernelAddressSanitizer initialized
[    0.114628] ACPI: PM-Timer IO Port: 0x608
[    0.114636] ACPI: LAPIC_NMI (acpi_id[0xff] dfl dfl lint[0x1])
[    0.114690] IOAPIC[0]: apic_id 0, version 17, address 0xfec00000, GSI 0-23
[    0.114693] ACPI: INT_SRC_OVR (bus 0 bus_irq 0 global_irq 2 dfl dfl)
[    0.114695] ACPI: INT_SRC_OVR (bus 0 bus_irq 5 global_irq 5 high level)
[    0.114696] ACPI: INT_SRC_OVR (bus 0 bus_irq 9 global_irq 9 high level)
[    0.114697] ACPI: INT_SRC_OVR (bus 0 bus_irq 10 global_irq 10 high level)
[    0.114698] ACPI: INT_SRC_OVR (bus 0 bus_irq 11 global_irq 11 high level)
[    0.114701] ACPI: Using ACPI (MADT) for SMP configuration information
[    0.114702] ACPI: HPET id: 0x8086a201 base: 0xfed00000
[    0.114705] TSC deadline timer available
[    0.114710] smpboot: Allowing 2 CPUs, 0 hotplug CPUs
[    0.114744] kvm-guest: KVM setup pv remote TLB flush
[    0.114753] kvm-guest: setup PV sched yield
[    0.114778] PM: hibernation: Registered nosave memory: [mem 0x00000000-0x00000fff]
[    0.114779] PM: hibernation: Registered nosave memory: [mem 0x0009f000-0x0009ffff]
[    0.114780] PM: hibernation: Registered nosave memory: [mem 0x000a0000-0x000effff]
[    0.114781] PM: hibernation: Registered nosave memory: [mem 0x000f0000-0x000fffff]
[    0.114782] [mem 0x80000000-0xfeffbfff] available for PCI devices
[    0.114783] Booting paravirtualized kernel on KVM
[    0.114785] clocksource: refined-jiffies: mask: 0xffffffff max_cycles: 0xffffffff, max_idle_ns: 1910969940391419 ns
[    0.125105] setup_percpu: NR_CPUS:64 nr_cpumask_bits:2 nr_cpu_ids:2 nr_node_ids:1
[    0.125923] percpu: Embedded 66 pages/cpu s232104 r8192 d30040 u1048576
[    0.125976] Kernel command line: console=ttyS0 oops=panic nokaslr rdinit=/init
[    0.126047] random: crng init done
[    0.126784] Dentry cache hash table entries: 262144 (order: 9, 2097152 bytes, linear)
[    0.127668] Inode-cache hash table entries: 131072 (order: 8, 1048576 bytes, linear)
[    0.127739] Fallback order for Node 0: 0 
[    0.127743] Built 1 zonelists, mobility grouping on.  Total pages: 515808
[    0.127744] Policy zone: DMA32
[    0.127745] mem auto-init: stack:all(zero), heap alloc:off, heap free:off
[    0.127746] stackdepot: allocating hash table via alloc_large_system_hash
[    0.130989] stackdepot hash table entries: 1048576 (order: 11, 8388608 bytes, linear)
[    0.175604] Memory: 1692956K/2096632K available (49152K kernel code, 7954K rwdata, 10060K rodata, 5632K init, 2996K bss, 403420K reserved, 0K cma-reserved)
[    0.177717] SLUB: HWalign=64, Order=0-3, MinObjects=0, CPUs=2, Nodes=1
[    0.192326] Dynamic Preempt: voluntary
[    0.196620] rcu: Preemptible hierarchical RCU implementation.
[    0.196669] rcu: 	RCU event tracing is enabled.
[    0.196672] rcu: 	RCU restricting CPUs from NR_CPUS=64 to nr_cpu_ids=2.
[    0.196697] 	Trampoline variant of Tasks RCU enabled.
[    0.196699] rcu: RCU calculated value of scheduler-enlistment delay is 100 jiffies.
[    0.196701] rcu: Adjusting geometry for rcu_fanout_leaf=16, nr_cpu_ids=2
[    0.253549] NR_IRQS: 4352, nr_irqs: 440, preallocated irqs: 16
[    0.253998] rcu: srcu_init: Setting srcu_struct sizes based on contention.
[    0.262105] Console: colour VGA+ 80x25
[    0.262190] printk: console [ttyS0] enabled
[    0.518221] ACPI: Core revision 20230331
[    0.523286] clocksource: hpet: mask: 0xffffffff max_cycles: 0xffffffff, max_idle_ns: 19112604467 ns
[    0.530802] APIC: Switch to symmetric I/O mode setup
[    0.533181] kvm-guest: setup PV IPIs
[    0.540686] ..TIMER: vector=0x30 apic1=0 pin1=2 apic2=-1 pin2=-1
[    0.544179] clocksource: tsc-early: mask: 0xffffffffffffffff max_cycles: 0x2b2c8d6afc8, max_idle_ns: 440795331172 ns
[    0.551059] Calibrating delay loop (skipped) preset value.. 5990.39 BogoMIPS (lpj=2995198)
[    0.553545] x86/cpu: User Mode Instruction Prevention (UMIP) activated
[    0.554572] Last level iTLB entries: 4KB 0, 2MB 0, 4MB 0
[    0.555192] Last level dTLB entries: 4KB 0, 2MB 0, 4MB 0, 1GB 0
[    0.557019] Spectre V1 : Mitigation: usercopy/swapgs barriers and __user pointer sanitization
[    0.559006] Spectre V2 : Mitigation: Enhanced / Automatic IBRS
[    0.560009] Spectre V2 : Spectre v2 / SpectreRSB mitigation: Filling RSB on context switch
[    0.561205] Spectre V2 : Spectre v2 / PBRSB-eIBRS: Retire a single CALL on VMEXIT
[    0.563019] RETBleed: Mitigation: Enhanced IBRS
[    0.565045] Spectre V2 : mitigation: Enabling conditional Indirect Branch Prediction Barrier
[    0.567390] Speculative Store Bypass: Mitigation: Speculative Store Bypass disabled via prctl
[    0.569015] MMIO Stale Data: Unknown: No mitigations
[    0.573266] x86/fpu: Supporting XSAVE feature 0x001: 'x87 floating point registers'
[    0.575186] x86/fpu: Supporting XSAVE feature 0x002: 'SSE registers'
[    0.575980] x86/fpu: Supporting XSAVE feature 0x004: 'AVX registers'
[    0.576039] x86/fpu: xstate_offset[2]:  576, xstate_sizes[2]:  256
[    0.577117] x86/fpu: Enabled xstate features 0x7, context size is 832 bytes, using 'compacted' format.
[    0.610486] Freeing SMP alternatives memory: 44K
[    0.611338] pid_max: default: 32768 minimum: 301
[    0.618521] LSM: initializing lsm=capability,selinux,integrity
[    0.620581] SELinux:  Initializing.
[    0.623862] Mount-cache hash table entries: 4096 (order: 3, 32768 bytes, linear)
[    0.625056] Mountpoint-cache hash table entries: 4096 (order: 3, 32768 bytes, linear)
[    0.655430] smpboot: CPU0: 13th Gen Intel(R) Core(TM) i9-13900H (family: 0x6, model: 0xba, stepping: 0x2)
[    0.664037] RCU Tasks: Setting shift to 1 and lim to 1 rcu_task_cb_adjust=1.
[    0.666891] Performance Events: unsupported p6 CPU model 186 no PMU driver, software events only.
[    0.667500] signal: max sigframe size: 1776
[    0.672286] rcu: Hierarchical SRCU implementation.
[    0.673335] rcu: 	Max phase no-delay instances is 400.
[    0.689348] smp: Bringing up secondary CPUs ...
[    0.691698] smpboot: x86: Booting SMP configuration:
[    0.692079] .... node  #0, CPUs:      #1
[    0.695506] smp: Brought up 1 node, 2 CPUs
[    0.697039] smpboot: Max logical packages: 1
[    0.698135] smpboot: Total of 2 processors activated (11980.79 BogoMIPS)
[    0.725191] devtmpfs: initialized
[    0.746452] clocksource: jiffies: mask: 0xffffffff max_cycles: 0xffffffff, max_idle_ns: 1911260446275000 ns
[    0.747135] futex hash table entries: 512 (order: 3, 32768 bytes, linear)
[    0.749980] PM: RTC time: 00:43:43, date: 2026-05-14
[    0.758131] NET: Registered PF_NETLINK/PF_ROUTE protocol family
[    0.762154] audit: initializing netlink subsys (disabled)
[    0.767421] audit: type=2000 audit(1778719423.396:1): state=initialized audit_enabled=0 res=1
[    0.767421] thermal_sys: Registered thermal governor 'step_wise'
[    0.767980] thermal_sys: Registered thermal governor 'user_space'
[    0.773606] cpuidle: using governor menu
[    0.791154] PCI: Using configuration type 1 for base access
[    0.797990] kprobes: kprobe jump-optimization is enabled. All kprobes are optimized if possible.
[    0.800038] HugeTLB: registered 2.00 MiB page size, pre-allocated 0 pages
[    0.801221] HugeTLB: 28 KiB vmemmap can be freed for a 2.00 MiB page
[    0.823566] ACPI: Added _OSI(Module Device)
[    0.824116] ACPI: Added _OSI(Processor Device)
[    0.825044] ACPI: Added _OSI(3.0 _SCP Extensions)
[    0.826170] ACPI: Added _OSI(Processor Aggregator Device)
[    0.931974] ACPI: 1 ACPI AML tables successfully acquired and loaded
[    0.944304] ACPI: Interpreter enabled
[    0.945067] ACPI: PM: (supports S0 S3 S4 S5)
[    0.945988] ACPI: Using IOAPIC for interrupt routing
[    0.947075] PCI: Using host bridge windows from ACPI; if necessary, use "pci=nocrs" and report a bug
[    0.947987] PCI: Using E820 reservations for host bridge windows
[    0.949491] ACPI: Enabled 2 GPEs in block 00 to 0F
[    1.104342] ACPI: PCI Root Bridge [PCI0] (domain 0000 [bus 00-ff])
[    1.105015] acpi PNP0A03:00: _OSC: OS supports [ASPM ClockPM Segments MSI HPX-Type3]
[    1.106052] acpi PNP0A03:00: _OSC: not requesting OS control; OS requires [ExtendedConfig ASPM ClockPM MSI]
[    1.107421] acpi PNP0A03:00: fail to add MMCONFIG information, can't access extended configuration space under this bridge
[    1.122345] PCI host bridge to bus 0000:00
[    1.123821] pci_bus 0000:00: root bus resource [io  0x0000-0x0cf7 window]
[    1.124573] pci_bus 0000:00: root bus resource [io  0x0d00-0xffff window]
[    1.125636] pci_bus 0000:00: root bus resource [mem 0x000a0000-0x000bffff window]
[    1.126775] pci_bus 0000:00: root bus resource [mem 0x80000000-0xfebfffff window]
[    1.127844] pci_bus 0000:00: root bus resource [mem 0x100000000-0x17fffffff window]
[    1.128835] pci_bus 0000:00: root bus resource [bus 00-ff]
[    1.135621] pci 0000:00:00.0: [8086:1237] type 00 class 0x060000
[    1.299368] pci 0000:00:01.0: [8086:7000] type 00 class 0x060100
[    1.402372] pci 0000:00:01.1: [8086:7010] type 00 class 0x010180
[    1.406865] pci 0000:00:01.1: reg 0x20: [io  0xc040-0xc04f]
[    1.409218] pci 0000:00:01.1: legacy IDE quirk: reg 0x10: [io  0x01f0-0x01f7]
[    1.410370] pci 0000:00:01.1: legacy IDE quirk: reg 0x14: [io  0x03f6]
[    1.411059] pci 0000:00:01.1: legacy IDE quirk: reg 0x18: [io  0x0170-0x0177]
[    1.412077] pci 0000:00:01.1: legacy IDE quirk: reg 0x1c: [io  0x0376]
[    1.421442] pci 0000:00:01.3: [8086:7113] type 00 class 0x068000
[    1.425749] pci 0000:00:01.3: quirk: [io  0x0600-0x063f] claimed by PIIX4 ACPI
[    1.426401] pci 0000:00:01.3: quirk: [io  0x0700-0x070f] claimed by PIIX4 SMB
[    1.431980] pci 0000:00:02.0: [1234:1111] type 00 class 0x030000
[    1.434953] pci 0000:00:02.0: reg 0x10: [mem 0xfd000000-0xfdffffff pref]
[    1.438880] pci 0000:00:02.0: reg 0x18: [mem 0xfebf0000-0xfebf0fff]
[    1.444176] pci 0000:00:02.0: reg 0x30: [mem 0xfebe0000-0xfebeffff pref]
[    1.449980] pci 0000:00:02.0: Video device with shadowed ROM at [mem 0x000c0000-0x000dffff]
[    1.531499] pci 0000:00:03.0: [8086:100e] type 00 class 0x020000
[    1.533048] pci 0000:00:03.0: reg 0x10: [mem 0xfebc0000-0xfebdffff]
[    1.536399] pci 0000:00:03.0: reg 0x14: [io  0xc000-0xc03f]
[    1.542747] pci 0000:00:03.0: reg 0x30: [mem 0xfeb80000-0xfebbffff pref]
[    1.669288] ACPI: PCI: Interrupt link LNKA configured for IRQ 10
[    1.678694] ACPI: PCI: Interrupt link LNKB configured for IRQ 10
[    1.694510] ACPI: PCI: Interrupt link LNKC configured for IRQ 11
[    1.702294] ACPI: PCI: Interrupt link LNKD configured for IRQ 11
[    1.704012] ACPI: PCI: Interrupt link LNKS configured for IRQ 9
[    1.744322] iommu: Default domain type: Translated 
[    1.745207] iommu: DMA domain TLB invalidation policy: lazy mode 
[    1.751441] SCSI subsystem initialized
[    1.752523] ACPI: bus type USB registered
[    1.754143] usbcore: registered new interface driver usbfs
[    1.755067] usbcore: registered new interface driver hub
[    1.757329] usbcore: registered new device driver usb
[    1.758171] pps_core: LinuxPPS API ver. 1 registered
[    1.758988] pps_core: Software ver. 5.3.6 - Copyright 2005-2007 Rodolfo Giometti <giometti@linux.it>
[    1.761049] PTP clock support registered
[    1.781849] Advanced Linux Sound Architecture Driver Initialized.
[    1.804722] NetLabel: Initializing
[    1.806009] NetLabel:  domain hash size = 128
[    1.808012] NetLabel:  protocols = UNLABELED CIPSOv4 CALIPSO
[    1.811571] NetLabel:  unlabeled traffic allowed by default
[    1.820745] PCI: Using ACPI for IRQ routing
[    1.830632] pci 0000:00:02.0: vgaarb: setting as boot VGA device
[    1.830980] pci 0000:00:02.0: vgaarb: bridge control possible
[    1.830980] pci 0000:00:02.0: vgaarb: VGA device added: decodes=io+mem,owns=io+mem,locks=none
[    1.838247] vgaarb: loaded
[    1.845746] hpet0: at MMIO 0xfed00000, IRQs 2, 8, 0
[    1.847247] hpet0: 3 comparators, 64-bit 100.000000 MHz counter
[    1.856897] clocksource: Switched to clocksource kvm-clock
[    1.956686] VFS: Disk quotas dquot_6.6.0
[    1.957724] VFS: Dquot-cache hash table entries: 512 (order 0, 4096 bytes)
[    1.959579] pnp: PnP ACPI init
[    1.966870] pnp: PnP ACPI: found 6 devices
[    1.992447] clocksource: acpi_pm: mask: 0xffffff max_cycles: 0xffffff, max_idle_ns: 2085701024 ns
[    2.002815] NET: Registered PF_INET protocol family
[    2.012397] IP idents hash table entries: 32768 (order: 6, 262144 bytes, linear)
[    2.016598] tcp_listen_portaddr_hash hash table entries: 1024 (order: 2, 16384 bytes, linear)
[    2.018914] Table-perturb hash table entries: 65536 (order: 6, 262144 bytes, linear)
[    2.021181] TCP established hash table entries: 16384 (order: 5, 131072 bytes, linear)
[    2.023218] TCP bind hash table entries: 16384 (order: 7, 524288 bytes, linear)
[    2.025128] TCP: Hash tables configured (established 16384 bind 16384)
[    2.027078] UDP hash table entries: 1024 (order: 3, 32768 bytes, linear)
[    2.028882] UDP-Lite hash table entries: 1024 (order: 3, 32768 bytes, linear)
[    2.036841] NET: Registered PF_UNIX/PF_LOCAL protocol family
[    2.045821] RPC: Registered named UNIX socket transport module.
[    2.048243] RPC: Registered udp transport module.
[    2.049307] RPC: Registered tcp transport module.
[    2.050383] RPC: Registered tcp NFSv4.1 backchannel transport module.
[    2.054553] pci_bus 0000:00: resource 4 [io  0x0000-0x0cf7 window]
[    2.056129] pci_bus 0000:00: resource 5 [io  0x0d00-0xffff window]
[    2.057715] pci_bus 0000:00: resource 6 [mem 0x000a0000-0x000bffff window]
[    2.059423] pci_bus 0000:00: resource 7 [mem 0x80000000-0xfebfffff window]
[    2.061408] pci_bus 0000:00: resource 8 [mem 0x100000000-0x17fffffff window]
[    2.070284] pci 0000:00:01.0: PIIX3: Enabling Passive Release
[    2.073306] pci 0000:00:00.0: Limiting direct PCI/PCI transfers
[    2.077932] PCI: CLS 0 bytes, default 64
[    2.092913] RAPL PMU: API unit is 2^-32 Joules, 0 fixed counters, 10737418240 ms ovfl timer
[    2.097127] clocksource: tsc: mask: 0xffffffffffffffff max_cycles: 0x2b2c8d6afc8, max_idle_ns: 440795331172 ns
[    2.097290] Unpacking initramfs...
[    2.104476] Initialise system trusted keyrings
[    2.105837] workingset: timestamp_bits=56 max_order=19 bucket_order=0
[    2.108114] NFS: Registering the id_resolver key type
[    2.109539] Key type id_resolver registered
[    2.110619] Key type id_legacy registered
[    2.111856] 9p: Installing v9fs 9p2000 file system support
[    2.136898] Key type asymmetric registered
[    2.141150] Asymmetric key parser 'x509' registered
[    2.146375] Block layer SCSI generic (bsg) driver version 0.4 loaded (major 251)
[    2.152780] io scheduler mq-deadline registered
[    2.155898] io scheduler kyber registered
[    2.183606] input: Power Button as /devices/LNXSYSTM:00/LNXPWRBN:00/input/input0
[    2.197563] ACPI: button: Power Button [PWRF]
[    2.197573] Freeing initrd memory: 1340K
[    2.237737] Serial: 8250/16550 driver, 4 ports, IRQ sharing enabled
[    2.239701] 00:04: ttyS0 at I/O 0x3f8 (irq = 4, base_baud = 115200) is a 16550A
[    2.243034] Non-volatile memory driver v1.3
[    2.244195] Linux agpgart interface v0.103
[    2.245491] ACPI: bus type drm_connector registered
[    2.518701] loop: module loaded
[    2.529563] scsi host0: ata_piix
[    2.532009] scsi host1: ata_piix
[    2.532868] ata1: PATA max MWDMA2 cmd 0x1f0 ctl 0x3f6 bmdma 0xc040 irq 14
[    2.534474] ata2: PATA max MWDMA2 cmd 0x170 ctl 0x376 bmdma 0xc048 irq 15
[    2.547212] e100: Intel(R) PRO/100 Network Driver
[    2.548886] e100: Copyright(c) 1999-2006 Intel Corporation
[    2.553393] e1000: Intel(R) PRO/1000 Network Driver
[    2.558223] e1000: Copyright (c) 1999-2006 Intel Corporation.
[    2.696626] ata2: found unknown device (class 0)
[    2.700907] ata2.00: ATAPI: QEMU DVD-ROM, 2.5+, max UDMA/100
[    2.713425] scsi 1:0:0:0: CD-ROM            QEMU     QEMU DVD-ROM     2.5+ PQ: 0 ANSI: 5
[    2.762544] sr 1:0:0:0: [sr0] scsi3-mmc drive: 4x/4x cd/rw xa/form2 tray
[    2.766450] cdrom: Uniform CD-ROM driver Revision: 3.20
[    3.179472] hrtimer: interrupt took 3401467 ns
[    4.292369] ACPI: \_SB_.LNKC: Enabled at IRQ 11
[    4.662692] e1000 0000:00:03.0 eth0: (PCI:33MHz:32-bit) 52:54:00:12:34:56
[    4.664264] e1000 0000:00:03.0 eth0: Intel(R) PRO/1000 Network Connection
[    4.666060] e1000e: Intel(R) PRO/1000 Network Driver
[    4.668567] e1000e: Copyright(c) 1999 - 2015 Intel Corporation.
[    4.671157] sky2: driver version 1.30
[    4.673043] usbcore: registered new interface driver usblp
[    4.674394] usbcore: registered new interface driver usb-storage
[    4.676050] i8042: PNP: PS/2 Controller [PNP0303:KBD,PNP0f13:MOU] at 0x60,0x64 irq 1,12
[    4.682127] serio: i8042 KBD port at 0x60,0x64 irq 1
[    4.683245] serio: i8042 AUX port at 0x60,0x64 irq 12
[    4.685575] input: AT Translated Set 2 keyboard as /devices/platform/i8042/serio0/input/input1
[    4.686736] rtc_cmos 00:05: RTC can wake from S4
[    4.690799] rtc_cmos 00:05: registered as rtc0
[    4.692215] rtc_cmos 00:05: alarms up to one day, y3k, 242 bytes nvram, hpet irqs
[    4.695632] device-mapper: ioctl: 4.48.0-ioctl (2023-03-01) initialised: dm-devel@redhat.com
[    4.697702] intel_pstate: CPU model not supported
[    4.699344] hid: raw HID events driver (C) Jiri Kosina
[    4.701450] usbcore: registered new interface driver usbhid
[    4.702969] usbhid: USB HID core driver
[    4.706017] IPVS: Registered protocols (TCP)
[    4.707220] IPVS: Connection hash table configured (size=4096, memory=32Kbytes)
[    4.709100] IPVS: ipvs loaded.
[    4.709823] IPVS: [rr] scheduler registered.
[    4.710929] Initializing XFRM netlink socket
[    4.712071] NET: Registered PF_INET6 protocol family
[    4.714193] Segment Routing with IPv6
[    4.715152] In-situ OAM (IOAM) with IPv6
[    4.716183] sit: IPv6, IPv4 and MPLS over IPv4 tunneling driver
[    4.718031] NET: Registered PF_PACKET protocol family
[    4.719508] 9pnet: Installing 9P2000 support
[    4.720614] Key type dns_resolver registered
[    4.722251] IPI shorthand broadcast: enabled
[    4.733185] sched_clock: Marking stable (4444007737, 288947216)->(5284011998, -551057045)
[    4.736933] registered taskstats version 1
[    4.737752] Loading compiled-in X.509 certificates
[    4.746559] PM:   Magic number: 10:725:708
[    4.747803] printk: console [netcon0] enabled
[    4.748936] netconsole: network logging started
[    4.752122] cfg80211: Loading compiled-in X.509 certificates for regulatory database
[    4.754516] kworker/u4:1 (52) used greatest stack depth: 29536 bytes left
[    4.756494] Loaded X.509 cert 'sforshee: 00b28ddf47aef9cea7'
[    4.757885] ALSA device list:
[    4.758624]   No soundcards found.
[    4.760573] Freeing unused kernel image (initmem) memory: 5632K
[    4.761493] platform regulatory.0: Direct firmware load for regulatory.db failed with error -2
[    4.762588] cfg80211: failed to load regulatory.db
[    4.766056] Write protecting the kernel read-only data: 59392k
[    4.767031] Freeing unused kernel image (rodata/data gap) memory: 180K
[    4.777821] x86/mm: Checked W+X mappings: passed, no W+X pages found.
[    4.778804] Run /init as init process
[    4.781427] mount (56) used greatest stack depth: 28760 bytes left
[    4.784708] mount (59) used greatest stack depth: 28704 bytes left

secb: rootfs ready
---- poc begin ----
poc: userns+netns ready (outer)
[    4.795135] IPVS: starting estimator thread 0...
[    4.796941] poc (63) used greatest stack depth: 27104 bytes left
[    4.821391] ==================================================================
[    4.822275] BUG: KASAN: slab-use-after-free in ip_vs_unbind_app+0x14b/0x170
[    4.823287] Read of size 8 at addr ffff888009b84a28 by task kworker/u4:1/27
[    4.824153] 
[    4.824384] CPU: 0 PID: 27 Comm: kworker/u4:1 Not tainted 6.4.0-04326-geaf9e7192ec9-dirty #1
[    4.825524] Hardware name: QEMU Standard PC (i440FX + PIIX, 1996), BIOS 1.16.2-debian-1.16.2-1 04/01/2014
[    4.826944] Workqueue: netns cleanup_net
[    4.827549] Call Trace:
[    4.827864]  <TASK>
[    4.828218]  dump_stack_lvl+0x36/0x50
[    4.828755]  print_report+0xcf/0x660
[    4.829281]  ? ip_vs_unbind_app+0x14b/0x170
[    4.829931]  kasan_report+0xc7/0x100
[    4.830497]  ? ip_vs_unbind_app+0x14b/0x170
[    4.831095]  ip_vs_unbind_app+0x14b/0x170
[    4.832038]  ip_vs_conn_expire+0xe9d/0x1150
[    4.832793]  ? __pfx_ip_vs_conn_expire+0x10/0x10
[    4.833551]  ? __pfx_timer_delete+0x10/0x10
[    4.834555]  ip_vs_conn_net_cleanup+0x16d/0x410
[    4.835155]  __ip_vs_cleanup_batch+0x6d/0x100
[    4.836197]  cleanup_net+0x3b3/0x980
[    4.837013]  ? __pfx_cleanup_net+0x10/0x10
[    4.837620]  ? _raw_spin_lock_irq+0x81/0xe0
[    4.838265]  ? read_word_at_a_time+0xe/0x20
[    4.838961]  ? strscpy+0xad/0x290
[    4.839618]  process_one_work+0x801/0x1500
[    4.840350]  worker_thread+0xed/0x1390
[    4.840946]  ? __pfx_worker_thread+0x10/0x10
[    4.841687]  kthread+0x29b/0x370
[    4.842235]  ? __pfx_kthread+0x10/0x10
[    4.842803]  ret_from_fork+0x29/0x50
[    4.843350]  </TASK>
[    4.843678] 
[    4.843929] Allocated by task 63:
[    4.844420]  kasan_save_stack+0x33/0x60
[    4.844894]  kasan_set_track+0x25/0x30
[    4.845429]  __kasan_kmalloc+0x8f/0xa0
[    4.846009]  __kmalloc_node_track_caller+0x5a/0x160
[    4.846730]  kmemdup+0x20/0x50
[    4.847152]  register_ip_vs_app+0x12d/0x2c0
[    4.847709]  __ip_vs_ftp_init+0x56/0x160
[    4.848273]  ops_init+0x9a/0x450
[    4.848687]  setup_net+0x395/0x850
[    4.849205]  copy_net_ns+0x255/0x550
[    4.849927]  create_new_namespaces+0x353/0x910
[    4.852530]  unshare_nsproxy_namespaces+0x8a/0x1b0
[    4.853808]  ksys_unshare+0x31c/0x6b0
[    4.854583]  __x64_sys_unshare+0x2c/0x40
[    4.855372]  do_syscall_64+0x3b/0x90
[    4.856241]  entry_SYSCALL_64_after_hwframe+0x6e/0xd8
[    4.858114] 
[    4.858463] Freed by task 27:
[    4.858913]  kasan_save_stack+0x33/0x60
[    4.859385]  kasan_set_track+0x25/0x30
[    4.859862]  kasan_save_free_info+0x2b/0x50
[    4.860416]  __kasan_slab_free+0x10a/0x180
[    4.860945]  __kmem_cache_free+0x82/0x1c0
[    4.861414]  unregister_ip_vs_app+0x2e2/0x440
[    4.862010]  ops_exit_list+0x89/0x140
[    4.862492]  cleanup_net+0x3b3/0x980
[    4.862952]  process_one_work+0x801/0x1500
[    4.863568]  worker_thread+0xed/0x1390
[    4.864043]  kthread+0x29b/0x370
[    4.864537]  ret_from_fork+0x29/0x50
[    4.865069] 
[    4.865281] The buggy address belongs to the object at ffff888009b84a00
[    4.865281]  which belongs to the cache kmalloc-256 of size 256
[    4.866817] The buggy address is located 40 bytes inside of
[    4.866817]  freed 256-byte region [ffff888009b84a00, ffff888009b84b00)
[    4.868452] 
[    4.868679] The buggy address belongs to the physical page:
[    4.869437] page:00000000f2e0b114 refcount:1 mapcount:0 mapping:0000000000000000 index:0x0 pfn:0x9b84
[    4.870583] head:00000000f2e0b114 order:1 entire_mapcount:0 nr_pages_mapped:0 pincount:0
[    4.871922] flags: 0x100000000010200(slab|head|node=0|zone=1)
[    4.872822] page_type: 0xffffffff()
[    4.873333] raw: 0100000000010200 ffff888006441b40 dead000000000122 0000000000000000
[    4.874310] raw: 0000000000000000 0000000000100010 00000001ffffffff 0000000000000000
[    4.875494] page dumped because: kasan: bad access detected
[    4.876260] 
[    4.876510] Memory state around the buggy address:
[    4.877374]  ffff888009b84900: fc fc fc fc fc fc fc fc fc fc fc fc fc fc fc fc
[    4.878993]  ffff888009b84980: fc fc fc fc fc fc fc fc fc fc fc fc fc fc fc fc
[    4.880600] >ffff888009b84a00: fa fb fb fb fb fb fb fb fb fb fb fb fb fb fb fb
[    4.882088]                                   ^
[    4.882969]  ffff888009b84a80: fb fb fb fb fb fb fb fb fb fb fb fb fb fb fb fb
[    4.884237]  ffff888009b84b00: fc fc fc fc fc fc fc fc fc fc fc fc fc fc fc fc
[    4.885452] ==================================================================
[    4.886750] Disabling lock debugging due to kernel taint
[    4.887865] IPVS: starting estimator thread 0...
[    4.887873] IPVS: stop unused estimator thread 0...
[    4.914301] IPVS: stop unused estimator thread 0...
[    4.951576] IPVS: starting estimator thread 0...
[    4.990523] IPVS: stop unused estimator thread 0...
[    5.017554] IPVS: starting estimator thread 0...
[    5.054371] IPVS: stop unused estimator thread 0...
[    5.082073] IPVS: starting estimator thread 0...
[    5.112344] IPVS: stop unused estimator thread 0...
[    5.145459] IPVS: starting estimator thread 0...
[    5.179434] IPVS: stop unused estimator thread 0...
[    5.210681] IPVS: starting estimator thread 0...
[    5.239343] IPVS: stop unused estimator thread 0...
[    5.274029] IPVS: starting estimator thread 0...
[    5.299529] IPVS: stop unused estimator thread 0...
[    5.330857] input: ImExPS/2 Generic Explorer Mouse as /devices/platform/i8042/serio1/input/input3
poc: iter=8 wins=8 losses=0
[    5.338994] IPVS: starting estimator thread 0...
[    5.373480] IPVS: stop unused estimator thread 0...
[    5.406005] IPVS: starting estimator thread 0...
[    5.435529] IPVS: stop unused estimator thread 0...
[    5.470095] IPVS: starting estimator thread 0...
[    5.496474] IPVS: stop unused estimator thread 0...
[    5.536085] IPVS: starting estimator thread 0...
[    5.567820] IPVS: stop unused estimator thread 0...
[    5.602224] IPVS: starting estimator thread 0...
[    5.629730] IPVS: stop unused estimator thread 0...
[    5.667403] IPVS: starting estimator thread 0...
[    5.692678] IPVS: stop unused estimator thread 0...
[    5.736452] IPVS: starting estimator thread 0...
[    5.773386] IPVS: stop unused estimator thread 0...
[    5.800990] IPVS: starting estimator thread 0...
[    5.826419] IPVS: stop unused estimator thread 0...
poc: iter=16 wins=16 losses=0
[    5.865478] IPVS: starting estimator thread 0...
[    5.897072] IPVS: stop unused estimator thread 0...
[    5.931137] IPVS: starting estimator thread 0...
[    5.963387] IPVS: stop unused estimator thread 0...
[    5.996717] IPVS: starting estimator thread 0...
[    6.028556] IPVS: stop unused estimator thread 0...
[    6.061371] IPVS: starting estimator thread 0...
[    6.062504] poc (102) used greatest stack depth: 26896 bytes left
[    6.089531] IPVS: stop unused estimator thread 0...
[    6.126341] IPVS: starting estimator thread 0...
[    6.152177] IPVS: stop unused estimator thread 0...
[    6.190036] IPVS: starting estimator thread 0...
[    6.217431] IPVS: stop unused estimator thread 0...
[    6.255060] IPVS: starting estimator thread 0...
[    6.281425] IPVS: stop unused estimator thread 0...
[    6.317655] IPVS: starting estimator thread 0...
[    6.345340] IPVS: stop unused estimator thread 0...
poc: iter=24 wins=24 losses=0
[    6.383335] IPVS: starting estimator thread 0...
[    6.408498] IPVS: stop unused estimator thread 0...
[    6.448383] IPVS: starting estimator thread 0...
[    6.479867] IPVS: stop unused estimator thread 0...
[    6.512989] IPVS: starting estimator thread 0...
[    6.549308] IPVS: stop unused estimator thread 0...
[    6.576284] IPVS: starting estimator thread 0...
[    6.602349] IPVS: stop unused estimator thread 0...
[    6.639921] IPVS: starting estimator thread 0...
[    6.670873] IPVS: stop unused estimator thread 0...
[    6.704113] IPVS: starting estimator thread 0...
[    6.731346] IPVS: stop unused estimator thread 0...
[    6.771124] IPVS: starting estimator thread 0...
[    6.799810] IPVS: stop unused estimator thread 0...
[    6.838343] IPVS: starting estimator thread 0...
[    6.866928] IPVS: stop unused estimator thread 0...
poc: iter=32 wins=32 losses=0
[    6.905022] IPVS: starting estimator thread 0...
[    6.932770] IPVS: stop unused estimator thread 0...
[    6.971331] IPVS: starting estimator thread 0...
[    6.996751] IPVS: stop unused estimator thread 0...
[    7.035092] IPVS: starting estimator thread 0...
[    7.066465] IPVS: stop unused estimator thread 0...
[    7.099068] IPVS: starting estimator thread 0...
[    7.127424] IPVS: stop unused estimator thread 0...
[    7.162505] IPVS: starting estimator thread 0...
[    7.196334] IPVS: stop unused estimator thread 0...
[    7.226217] IPVS: starting estimator thread 0...
[    7.253536] IPVS: stop unused estimator thread 0...
[    7.290988] IPVS: starting estimator thread 0...
[    7.316528] IPVS: stop unused estimator thread 0...
[    7.355160] IPVS: starting estimator thread 0...
[    7.380702] IPVS: stop unused estimator thread 0...
poc: iter=40 wins=40 losses=0
[    7.421473] IPVS: starting estimator thread 0...
[    7.451119] IPVS: stop unused estimator thread 0...
[    7.485245] IPVS: starting estimator thread 0...
[    7.518525] IPVS: stop unused estimator thread 0...
[    7.548309] IPVS: starting estimator thread 0...
[    7.580375] IPVS: stop unused estimator thread 0...
[    7.616778] IPVS: starting estimator thread 0...
[    7.644731] IPVS: stop unused estimator thread 0...
[    7.681046] IPVS: starting estimator thread 0...
[    7.705403] IPVS: stop unused estimator thread 0...
[    7.748592] IPVS: starting estimator thread 0...
[    7.776510] IPVS: stop unused estimator thread 0...
[    7.815492] IPVS: starting estimator thread 0...
[    7.846491] IPVS: stop unused estimator thread 0...
[    7.879817] IPVS: starting estimator thread 0...
[    7.915455] IPVS: stop unused estimator thread 0...
poc: iter=48 wins=48 losses=0
[    7.944093] IPVS: starting estimator thread 0...
[    7.974505] IPVS: stop unused estimator thread 0...
[    8.007829] IPVS: starting estimator thread 0...
[    8.037526] IPVS: stop unused estimator thread 0...
[    8.072074] IPVS: starting estimator thread 0...
[    8.096780] IPVS: stop unused estimator thread 0...
[    8.137048] IPVS: starting estimator thread 0...
[    8.167456] IPVS: stop unused estimator thread 0...
[    8.200330] IPVS: starting estimator thread 0...
[    8.231467] IPVS: stop unused estimator thread 0...
[    8.263814] IPVS: starting estimator thread 0...
[    8.295445] IPVS: stop unused estimator thread 0...
[    8.327791] IPVS: starting estimator thread 0...
[    8.357594] IPVS: stop unused estimator thread 0...
[    8.391101] IPVS: starting estimator thread 0...
[    8.417344] IPVS: stop unused estimator thread 0...
poc: iter=56 wins=56 losses=0
[    8.455031] IPVS: starting estimator thread 0...
[    8.484129] IPVS: stop unused estimator thread 0...
[    8.518614] IPVS: starting estimator thread 0...
[    8.549375] IPVS: stop unused estimator thread 0...
[    8.581876] IPVS: starting estimator thread 0...
[    8.610299] IPVS: stop unused estimator thread 0...
[    8.645995] IPVS: starting estimator thread 0...
[    8.677702] IPVS: stop unused estimator thread 0...
[    8.712208] IPVS: starting estimator thread 0...
[    8.745095] IPVS: stop unused estimator thread 0...
[    8.778431] IPVS: starting estimator thread 0...
[    8.817475] IPVS: stop unused estimator thread 0...
[    8.844437] IPVS: starting estimator thread 0...
[    8.878509] IPVS: stop unused estimator thread 0...
[    8.912297] IPVS: starting estimator thread 0...
[    8.943548] IPVS: stop unused estimator thread 0...
poc: iter=64 wins=64 losses=0
poc: done wins=64 losses=0
---- poc end rc=0 ----
secb: poc exited without crashing the kernel
[   12.353685] ACPI: PM: Preparing to enter system sleep state S5
[   12.355364] reboot: Power down
CONFIRMED: KASAN_UAF
