[build] packing initramfs.cpio.gz
[build] initramfs -> /out/initramfs.cpio.gz (1.4M)
[build] done
bash: warning: setlocale: LC_ALL: cannot change locale (en_US.UTF-8)
c[?7l[2J[0mSeaBIOS (version 1.16.2-debian-1.16.2-1)


iPXE (http://ipxe.org) 00:03.0 CA00 PCI2.10 PnP PMM+7EFCEF00+7EF0EF00 CA00
Press Ctrl-B to configure iPXE (PCI 00:03.0)...
                                                                               


Booting from ROM...
c[?7l[2JNo EFI environment detected.
early console in extract_kernel
input_data: 0x0000000004be33a8
input_len: 0x00000000019a3afe
output: 0x0000000001000000
output_len: 0x0000000005511358
kernel_total_size: 0x0000000005230000
needed_size: 0x0000000005600000
trampoline_32bit: 0x000000000009d000


KASLR disabled: 'nokaslr' on cmdline.


Decompressing Linux... Parsing ELF... No relocation needed... done.
Booting the kernel (entry_offset: 0x0000000000000000).
[    0.000000] Linux version 6.4.0-04322-gc451410ca7e3-dirty (root@8051082ecc0c) (gcc (Debian 12.2.0-14+deb12u1) 12.2.0, GNU ld (GNU Binutils for Debian) 2.40) #2 SMP PREEMPT_DYNAMIC Fri May  8 12:03:39 UTC 2026
[    0.000000] Command line: console=ttyS0 oops=panic panic=-1 nokaslr earlyprintk=serial
[    0.000000] BIOS-provided physical RAM map:
[    0.000000] BIOS-e820: [mem 0x0000000000000000-0x000000000009fbff] usable
[    0.000000] BIOS-e820: [mem 0x000000000009fc00-0x000000000009ffff] reserved
[    0.000000] BIOS-e820: [mem 0x00000000000f0000-0x00000000000fffff] reserved
[    0.000000] BIOS-e820: [mem 0x0000000000100000-0x000000007ffdffff] usable
[    0.000000] BIOS-e820: [mem 0x000000007ffe0000-0x000000007fffffff] reserved
[    0.000000] BIOS-e820: [mem 0x00000000feffc000-0x00000000feffffff] reserved
[    0.000000] BIOS-e820: [mem 0x00000000fffc0000-0x00000000ffffffff] reserved
[    0.000000] printk: bootconsole [earlyser0] enabled
[    0.000000] NX (Execute Disable) protection: active
[    0.000000] SMBIOS 2.8 present.
[    0.000000] DMI: QEMU Standard PC (i440FX + PIIX, 1996), BIOS 1.16.2-debian-1.16.2-1 04/01/2014
[    0.000000] Hypervisor detected: KVM
[    0.000000] kvm-clock: Using msrs 4b564d01 and 4b564d00
[    0.000003] kvm-clock: using sched offset of 510740658 cycles
[    0.001259] clocksource: kvm-clock: mask: 0xffffffffffffffff max_cycles: 0x1cd42e4dffb, max_idle_ns: 881590591483 ns
[    0.005786] tsc: Detected 2995.200 MHz processor
[    0.007179] last_pfn = 0x7ffe0 max_arch_pfn = 0x400000000
[    0.008705] MTRR map: 4 entries (3 fixed + 1 variable; max 19), built from 8 variable MTRRs
[    0.011052] x86/PAT: Configuration [0-7]: WB  WC  UC- UC  WB  WP  UC- WT  
[    0.018289] found SMP MP-table at [mem 0x000f5ba0-0x000f5baf]
[    0.019939] Using GB pages for direct mapping
[    0.021243] Incomplete global flushes, disabling PCID
[    0.021645] RAMDISK: [mem 0x7fe91000-0x7ffdffff]
[    0.024261] ACPI: Early table checksum verification disabled
[    0.025867] ACPI: RSDP 0x00000000000F59D0 000014 (v00 BOCHS )
[    0.027157] ACPI: RSDT 0x000000007FFE1B33 000034 (v01 BOCHS  BXPC     00000001 BXPC 00000001)
[    0.029457] ACPI: FACP 0x000000007FFE19DF 000074 (v01 BOCHS  BXPC     00000001 BXPC 00000001)
[    0.031602] ACPI: DSDT 0x000000007FFE0040 00199F (v01 BOCHS  BXPC     00000001 BXPC 00000001)
[    0.033847] ACPI: FACS 0x000000007FFE0000 000040
[    0.035060] ACPI: APIC 0x000000007FFE1A53 000080 (v01 BOCHS  BXPC     00000001 BXPC 00000001)
[    0.037267] ACPI: HPET 0x000000007FFE1AD3 000038 (v01 BOCHS  BXPC     00000001 BXPC 00000001)
[    0.040417] ACPI: WAET 0x000000007FFE1B0B 000028 (v01 BOCHS  BXPC     00000001 BXPC 00000001)
[    0.042767] ACPI: Reserving FACP table memory at [mem 0x7ffe19df-0x7ffe1a52]
[    0.046216] ACPI: Reserving DSDT table memory at [mem 0x7ffe0040-0x7ffe19de]
[    0.048152] ACPI: Reserving FACS table memory at [mem 0x7ffe0000-0x7ffe003f]
[    0.054135] ACPI: Reserving APIC table memory at [mem 0x7ffe1a53-0x7ffe1ad2]
[    0.055990] ACPI: Reserving HPET table memory at [mem 0x7ffe1ad3-0x7ffe1b0a]
[    0.057885] ACPI: Reserving WAET table memory at [mem 0x7ffe1b0b-0x7ffe1b32]
[    0.060475] No NUMA configuration found
[    0.061655] Faking a node at [mem 0x0000000000000000-0x000000007ffdffff]
[    0.063633] NODE_DATA(0) allocated [mem 0x7fe8d000-0x7fe90fff]
[    0.066094] Zone ranges:
[    0.066792]   DMA      [mem 0x0000000000001000-0x0000000000ffffff]
[    0.068703]   DMA32    [mem 0x0000000001000000-0x000000007ffdffff]
[    0.071031]   Normal   empty
[    0.071781] Movable zone start for each node
[    0.072930] Early memory node ranges
[    0.073999]   node   0: [mem 0x0000000000001000-0x000000000009efff]
[    0.075845]   node   0: [mem 0x0000000000100000-0x000000007ffdffff]
[    0.077453] Initmem setup node 0 [mem 0x0000000000001000-0x000000007ffdffff]
[    0.080150] On node 0, zone DMA: 1 pages in unavailable ranges
[    0.080202] On node 0, zone DMA: 97 pages in unavailable ranges
[    0.099310] On node 0, zone DMA32: 32 pages in unavailable ranges
[    0.192643] kasan: KernelAddressSanitizer initialized
[    0.196459] ACPI: PM-Timer IO Port: 0x608
[    0.197841] ACPI: LAPIC_NMI (acpi_id[0xff] dfl dfl lint[0x1])
[    0.199734] IOAPIC[0]: apic_id 0, version 17, address 0xfec00000, GSI 0-23
[    0.202225] ACPI: INT_SRC_OVR (bus 0 bus_irq 0 global_irq 2 dfl dfl)
[    0.204227] ACPI: INT_SRC_OVR (bus 0 bus_irq 5 global_irq 5 high level)
[    0.205956] ACPI: INT_SRC_OVR (bus 0 bus_irq 9 global_irq 9 high level)
[    0.207681] ACPI: INT_SRC_OVR (bus 0 bus_irq 10 global_irq 10 high level)
[    0.209430] ACPI: INT_SRC_OVR (bus 0 bus_irq 11 global_irq 11 high level)
[    0.212172] ACPI: Using ACPI (MADT) for SMP configuration information
[    0.213829] ACPI: HPET id: 0x8086a201 base: 0xfed00000
[    0.215170] TSC deadline timer available
[    0.216168] smpboot: Allowing 2 CPUs, 0 hotplug CPUs
[    0.217695] kvm-guest: KVM setup pv remote TLB flush
[    0.219146] kvm-guest: setup PV sched yield
[    0.220511] PM: hibernation: Registered nosave memory: [mem 0x00000000-0x00000fff]
[    0.222841] PM: hibernation: Registered nosave memory: [mem 0x0009f000-0x0009ffff]
[    0.225086] PM: hibernation: Registered nosave memory: [mem 0x000a0000-0x000effff]
[    0.226917] PM: hibernation: Registered nosave memory: [mem 0x000f0000-0x000fffff]
[    0.228679] [mem 0x80000000-0xfeffbfff] available for PCI devices
[    0.230194] Booting paravirtualized kernel on KVM
[    0.231350] clocksource: refined-jiffies: mask: 0xffffffff max_cycles: 0xffffffff, max_idle_ns: 1910969940391419 ns
[    0.245278] setup_percpu: NR_CPUS:64 nr_cpumask_bits:2 nr_cpu_ids:2 nr_node_ids:1
[    0.247883] percpu: Embedded 66 pages/cpu s232104 r8192 d30040 u1048576
[    0.249564] Kernel command line: console=ttyS0 oops=panic panic=-1 nokaslr earlyprintk=serial
[    0.251701] Unknown kernel command line parameters "nokaslr", will be passed to user space.
[    0.255096] random: crng init done
[    0.257565] Dentry cache hash table entries: 262144 (order: 9, 2097152 bytes, linear)
[    0.263512] Inode-cache hash table entries: 131072 (order: 8, 1048576 bytes, linear)
[    0.265708] Fallback order for Node 0: 0 
[    0.265714] Built 1 zonelists, mobility grouping on.  Total pages: 515808
[    0.267965] Policy zone: DMA32
[    0.268583] mem auto-init: stack:all(zero), heap alloc:off, heap free:off
[    0.270060] stackdepot: allocating hash table via alloc_large_system_hash
[    0.275458] stackdepot hash table entries: 1048576 (order: 11, 8388608 bytes, linear)
[    0.299403] Memory: 1692956K/2096632K available (49152K kernel code, 7947K rwdata, 10048K rodata, 5624K init, 3008K bss, 403420K reserved, 0K cma-reserved)
[    0.302702] SLUB: HWalign=64, Order=0-3, MinObjects=0, CPUs=2, Nodes=1
Poking KASLR using RDRAND RDTSC...
[    0.305825] Dynamic Preempt: voluntary
[    0.307544] rcu: Preemptible hierarchical RCU implementation.
[    0.308899] rcu: 	RCU event tracing is enabled.
[    0.309870] rcu: 	RCU restricting CPUs from NR_CPUS=64 to nr_cpu_ids=2.
[    0.311578] 	Trampoline variant of Tasks RCU enabled.
[    0.313100] rcu: RCU calculated value of scheduler-enlistment delay is 100 jiffies.
[    0.315156] rcu: Adjusting geometry for rcu_fanout_leaf=16, nr_cpu_ids=2
[    0.325873] NR_IRQS: 4352, nr_irqs: 440, preallocated irqs: 16
[    0.327743] rcu: srcu_init: Setting srcu_struct sizes based on contention.
[    0.337947] Console: colour VGA+ 80x25
[    0.338871] printk: console [ttyS0] enabled
[    0.338871] printk: console [ttyS0] enabled
[    0.340769] printk: bootconsole [earlyser0] disabled
[    0.340769] printk: bootconsole [earlyser0] disabled
[    0.343085] ACPI: Core revision 20230331
[    0.344216] clocksource: hpet: mask: 0xffffffff max_cycles: 0xffffffff, max_idle_ns: 19112604467 ns
[    0.346563] APIC: Switch to symmetric I/O mode setup
[    0.347910] kvm-guest: setup PV IPIs
[    0.351096] ..TIMER: vector=0x30 apic1=0 pin1=2 apic2=-1 pin2=-1
[    0.352563] clocksource: tsc-early: mask: 0xffffffffffffffff max_cycles: 0x2b2c8ec87c7, max_idle_ns: 440795278598 ns
[    0.355439] Calibrating delay loop (skipped) preset value.. 5990.40 BogoMIPS (lpj=2995200)
[    0.357959] x86/cpu: User Mode Instruction Prevention (UMIP) activated
[    0.358726] Last level iTLB entries: 4KB 0, 2MB 0, 4MB 0
[    0.359436] Last level dTLB entries: 4KB 0, 2MB 0, 4MB 0, 1GB 0
[    0.360460] Spectre V1 : Mitigation: usercopy/swapgs barriers and __user pointer sanitization
[    0.361444] Spectre V2 : Mitigation: Enhanced / Automatic IBRS
[    0.362437] Spectre V2 : Spectre v2 / SpectreRSB mitigation: Filling RSB on context switch
[    0.363437] Spectre V2 : Spectre v2 / PBRSB-eIBRS: Retire a single CALL on VMEXIT
[    0.364439] RETBleed: Mitigation: Enhanced IBRS
[    0.365442] Spectre V2 : mitigation: Enabling conditional Indirect Branch Prediction Barrier
[    0.366438] Speculative Store Bypass: Mitigation: Speculative Store Bypass disabled via prctl
[    0.367440] MMIO Stale Data: Unknown: No mitigations
[    0.368489] x86/fpu: Supporting XSAVE feature 0x001: 'x87 floating point registers'
[    0.369441] x86/fpu: Supporting XSAVE feature 0x002: 'SSE registers'
[    0.370441] x86/fpu: Supporting XSAVE feature 0x004: 'AVX registers'
[    0.372439] x86/fpu: xstate_offset[2]:  576, xstate_sizes[2]:  256
[    0.373441] x86/fpu: Enabled xstate features 0x7, context size is 832 bytes, using 'compacted' format.
[    0.393686] Freeing SMP alternatives memory: 44K
[    0.394437] pid_max: default: 32768 minimum: 301
[    0.395519] LSM: initializing lsm=capability,selinux,integrity
[    0.396462] SELinux:  Initializing.
[    0.397523] Mount-cache hash table entries: 4096 (order: 3, 32768 bytes, linear)
[    0.398487] Mountpoint-cache hash table entries: 4096 (order: 3, 32768 bytes, linear)
[    0.401693] smpboot: CPU0: 13th Gen Intel(R) Core(TM) i9-13900H (family: 0x6, model: 0xba, stepping: 0x2)
[    0.402764] RCU Tasks: Setting shift to 1 and lim to 1 rcu_task_cb_adjust=1.
[    0.403499] Performance Events: unsupported p6 CPU model 186 no PMU driver, software events only.
[    0.404518] signal: max sigframe size: 1776
[    0.405568] rcu: Hierarchical SRCU implementation.
[    0.406456] rcu: 	Max phase no-delay instances is 400.
[    0.408721] smp: Bringing up secondary CPUs ...
[    0.409789] smpboot: x86: Booting SMP configuration:
[    0.410452] .... node  #0, CPUs:      #1
[    0.412531] smp: Brought up 1 node, 2 CPUs
[    0.414445] smpboot: Max logical packages: 1
[    0.415443] smpboot: Total of 2 processors activated (11980.80 BogoMIPS)
[    0.419574] devtmpfs: initialized
[    0.423094] clocksource: jiffies: mask: 0xffffffff max_cycles: 0xffffffff, max_idle_ns: 1911260446275000 ns
[    0.423551] futex hash table entries: 512 (order: 3, 32768 bytes, linear)
[    0.425153] PM: RTC time: 12:04:01, date: 2026-05-08
[    0.425898] NET: Registered PF_NETLINK/PF_ROUTE protocol family
[    0.426894] audit: initializing netlink subsys (disabled)
[    0.427572] audit: type=2000 audit(1778241842.087:1): state=initialized audit_enabled=0 res=1
[    0.427815] thermal_sys: Registered thermal governor 'step_wise'
[    0.428447] thermal_sys: Registered thermal governor 'user_space'
[    0.429502] cpuidle: using governor menu
[    0.431982] PCI: Using configuration type 1 for base access
[    0.432695] kprobes: kprobe jump-optimization is enabled. All kprobes are optimized if possible.
[    0.434694] HugeTLB: registered 2.00 MiB page size, pre-allocated 0 pages
[    0.436444] HugeTLB: 28 KiB vmemmap can be freed for a 2.00 MiB page
[    0.439011] cryptd: max_cpu_qlen set to 1000
[    0.440434] ACPI: Added _OSI(Module Device)
[    0.441444] ACPI: Added _OSI(Processor Device)
[    0.443449] ACPI: Added _OSI(3.0 _SCP Extensions)
[    0.445446] ACPI: Added _OSI(Processor Aggregator Device)
[    0.461903] ACPI: 1 ACPI AML tables successfully acquired and loaded
[    0.526391] ACPI: Interpreter enabled
[    0.526717] ACPI: PM: (supports S0 S3 S4 S5)
[    0.527448] ACPI: Using IOAPIC for interrupt routing
[    0.528807] PCI: Using host bridge windows from ACPI; if necessary, use "pci=nocrs" and report a bug
[    0.529448] PCI: Using E820 reservations for host bridge windows
[    0.531062] ACPI: Enabled 2 GPEs in block 00 to 0F
[    0.546387] ACPI: PCI Root Bridge [PCI0] (domain 0000 [bus 00-ff])
[    0.546456] acpi PNP0A03:00: _OSC: OS supports [ASPM ClockPM Segments MSI HPX-Type3]
[    0.547441] acpi PNP0A03:00: _OSC: not requesting OS control; OS requires [ExtendedConfig ASPM ClockPM MSI]
[    0.548509] acpi PNP0A03:00: fail to add MMCONFIG information, can't access extended configuration space under this bridge
[    0.550156] PCI host bridge to bus 0000:00
[    0.550603] pci_bus 0000:00: root bus resource [io  0x0000-0x0cf7 window]
[    0.551451] pci_bus 0000:00: root bus resource [io  0x0d00-0xffff window]
[    0.552450] pci_bus 0000:00: root bus resource [mem 0x000a0000-0x000bffff window]
[    0.553581] pci_bus 0000:00: root bus resource [mem 0x80000000-0xfebfffff window]
[    0.554443] pci_bus 0000:00: root bus resource [mem 0x100000000-0x17fffffff window]
[    0.555469] pci_bus 0000:00: root bus resource [bus 00-ff]
[    0.556903] pci 0000:00:00.0: [8086:1237] type 00 class 0x060000
[    0.564313] pci 0000:00:01.0: [8086:7000] type 00 class 0x060100
[    0.570979] pci 0000:00:01.1: [8086:7010] type 00 class 0x010180
[    0.573447] pci 0000:00:01.1: reg 0x20: [io  0xc040-0xc04f]
[    0.575200] pci 0000:00:01.1: legacy IDE quirk: reg 0x10: [io  0x01f0-0x01f7]
[    0.575447] pci 0000:00:01.1: legacy IDE quirk: reg 0x14: [io  0x03f6]
[    0.576441] pci 0000:00:01.1: legacy IDE quirk: reg 0x18: [io  0x0170-0x0177]
[    0.577443] pci 0000:00:01.1: legacy IDE quirk: reg 0x1c: [io  0x0376]
[    0.579238] pci 0000:00:01.3: [8086:7113] type 00 class 0x068000
[    0.580414] pci 0000:00:01.3: quirk: [io  0x0600-0x063f] claimed by PIIX4 ACPI
[    0.580466] pci 0000:00:01.3: quirk: [io  0x0700-0x070f] claimed by PIIX4 SMB
[    0.581945] pci 0000:00:02.0: [1234:1111] type 00 class 0x030000
[    0.583508] pci 0000:00:02.0: reg 0x10: [mem 0xfd000000-0xfdffffff pref]
[    0.586961] pci 0000:00:02.0: reg 0x18: [mem 0xfebf0000-0xfebf0fff]
[    0.592267] pci 0000:00:02.0: reg 0x30: [mem 0xfebe0000-0xfebeffff pref]
[    0.592801] pci 0000:00:02.0: Video device with shadowed ROM at [mem 0x000c0000-0x000dffff]
[    0.599484] pci 0000:00:03.0: [8086:100e] type 00 class 0x020000
[    0.601467] pci 0000:00:03.0: reg 0x10: [mem 0xfebc0000-0xfebdffff]
[    0.603385] pci 0000:00:03.0: reg 0x14: [io  0xc000-0xc03f]
[    0.608937] pci 0000:00:03.0: reg 0x30: [mem 0xfeb80000-0xfebbffff pref]
[    0.616887] ACPI: PCI: Interrupt link LNKA configured for IRQ 10
[    0.617975] ACPI: PCI: Interrupt link LNKB configured for IRQ 10
[    0.618956] ACPI: PCI: Interrupt link LNKC configured for IRQ 11
[    0.619955] ACPI: PCI: Interrupt link LNKD configured for IRQ 11
[    0.620647] ACPI: PCI: Interrupt link LNKS configured for IRQ 9
[    0.622836] iommu: Default domain type: Translated 
[    0.623441] iommu: DMA domain TLB invalidation policy: lazy mode 
[    0.624739] SCSI subsystem initialized
[    0.625615] ACPI: bus type USB registered
[    0.626434] usbcore: registered new interface driver usbfs
[    0.627466] usbcore: registered new interface driver hub
[    0.629463] usbcore: registered new device driver usb
[    0.630508] pps_core: LinuxPPS API ver. 1 registered
[    0.632462] pps_core: Software ver. 5.3.6 - Copyright 2005-2007 Rodolfo Giometti <giometti@linux.it>
[    0.634690] PTP clock support registered
[    0.636634] Advanced Linux Sound Architecture Driver Initialized.
[    0.639132] NetLabel: Initializing
[    0.639454] NetLabel:  domain hash size = 128
[    0.641442] NetLabel:  protocols = UNLABELED CIPSOv4 CALIPSO
[    0.642512] NetLabel:  unlabeled traffic allowed by default
[    0.644508] PCI: Using ACPI for IRQ routing
[    0.645718] pci 0000:00:02.0: vgaarb: setting as boot VGA device
[    0.646434] pci 0000:00:02.0: vgaarb: bridge control possible
[    0.646434] pci 0000:00:02.0: vgaarb: VGA device added: decodes=io+mem,owns=io+mem,locks=none
[    0.651444] vgaarb: loaded
[    0.652539] hpet0: at MMIO 0xfed00000, IRQs 2, 8, 0
[    0.653443] hpet0: 3 comparators, 64-bit 100.000000 MHz counter
[    0.658578] clocksource: Switched to clocksource kvm-clock
[    0.698274] VFS: Disk quotas dquot_6.6.0
[    0.699372] VFS: Dquot-cache hash table entries: 512 (order 0, 4096 bytes)
[    0.701243] pnp: PnP ACPI init
[    0.703503] pnp: PnP ACPI: found 6 devices
[    0.719373] clocksource: acpi_pm: mask: 0xffffff max_cycles: 0xffffff, max_idle_ns: 2085701024 ns
[    0.721573] NET: Registered PF_INET protocol family
[    0.722857] IP idents hash table entries: 32768 (order: 6, 262144 bytes, linear)
[    0.725201] tcp_listen_portaddr_hash hash table entries: 1024 (order: 2, 16384 bytes, linear)
[    0.728528] Table-perturb hash table entries: 65536 (order: 6, 262144 bytes, linear)
[    0.732092] TCP established hash table entries: 16384 (order: 5, 131072 bytes, linear)
[    0.735474] TCP bind hash table entries: 16384 (order: 7, 524288 bytes, linear)
[    0.737759] TCP: Hash tables configured (established 16384 bind 16384)
[    0.740400] UDP hash table entries: 1024 (order: 3, 32768 bytes, linear)
[    0.742235] UDP-Lite hash table entries: 1024 (order: 3, 32768 bytes, linear)
[    0.744329] NET: Registered PF_UNIX/PF_LOCAL protocol family
[    0.746697] RPC: Registered named UNIX socket transport module.
[    0.748866] RPC: Registered udp transport module.
[    0.750299] RPC: Registered tcp transport module.
[    0.751670] RPC: Registered tcp NFSv4.1 backchannel transport module.
[    0.755907] pci_bus 0000:00: resource 4 [io  0x0000-0x0cf7 window]
[    0.758633] pci_bus 0000:00: resource 5 [io  0x0d00-0xffff window]
[    0.764224] pci_bus 0000:00: resource 6 [mem 0x000a0000-0x000bffff window]
[    0.767328] pci_bus 0000:00: resource 7 [mem 0x80000000-0xfebfffff window]
[    0.769293] pci_bus 0000:00: resource 8 [mem 0x100000000-0x17fffffff window]
[    0.771858] pci 0000:00:01.0: PIIX3: Enabling Passive Release
[    0.773500] pci 0000:00:00.0: Limiting direct PCI/PCI transfers
[    0.775275] PCI: CLS 0 bytes, default 64
[    0.776930] Unpacking initramfs...
[    0.780871] RAPL PMU: API unit is 2^-32 Joules, 0 fixed counters, 10737418240 ms ovfl timer
[    0.783633] clocksource: tsc: mask: 0xffffffffffffffff max_cycles: 0x2b2c8ec87c7, max_idle_ns: 440795278598 ns
[    0.790225] Initialise system trusted keyrings
[    0.791626] workingset: timestamp_bits=56 max_order=19 bucket_order=0
[    0.794062] NFS: Registering the id_resolver key type
[    0.795741] Key type id_resolver registered
[    0.796835] Key type id_legacy registered
[    0.798147] 9p: Installing v9fs 9p2000 file system support
[    0.798454] Freeing initrd memory: 1340K
[    0.806807] NET: Registered PF_ALG protocol family
[    0.808048] Key type asymmetric registered
[    0.809168] Asymmetric key parser 'x509' registered
[    0.810490] Block layer SCSI generic (bsg) driver version 0.4 loaded (major 251)
[    0.811993] io scheduler mq-deadline registered
[    0.813090] io scheduler kyber registered
[    0.814530] input: Power Button as /devices/LNXSYSTM:00/LNXPWRBN:00/input/input0
[    0.816749] ACPI: button: Power Button [PWRF]
[    0.818519] Serial: 8250/16550 driver, 4 ports, IRQ sharing enabled
[    0.820415] 00:04: ttyS0 at I/O 0x3f8 (irq = 4, base_baud = 115200) is a 16550A
[    0.823236] Non-volatile memory driver v1.3
[    0.824439] Linux agpgart interface v0.103
[    0.826711] ACPI: bus type drm_connector registered
[    0.834304] loop: module loaded
[    0.836998] scsi host0: ata_piix
[    0.838283] scsi host1: ata_piix
[    0.839326] ata1: PATA max MWDMA2 cmd 0x1f0 ctl 0x3f6 bmdma 0xc040 irq 14
[    0.841055] ata2: PATA max MWDMA2 cmd 0x170 ctl 0x376 bmdma 0xc048 irq 15
[    0.843656] e100: Intel(R) PRO/100 Network Driver
[    0.846855] e100: Copyright(c) 1999-2006 Intel Corporation
[    0.848611] e1000: Intel(R) PRO/1000 Network Driver
[    0.849907] e1000: Copyright (c) 1999-2006 Intel Corporation.
[    1.000394] ata2: found unknown device (class 0)
[    1.002335] ata2.00: ATAPI: QEMU DVD-ROM, 2.5+, max UDMA/100
[    1.005098] scsi 1:0:0:0: CD-ROM            QEMU     QEMU DVD-ROM     2.5+ PQ: 0 ANSI: 5
[    1.022515] sr 1:0:0:0: [sr0] scsi3-mmc drive: 4x/4x cd/rw xa/form2 tray
[    1.023965] cdrom: Uniform CD-ROM driver Revision: 3.20
[    1.278865] ACPI: \_SB_.LNKC: Enabled at IRQ 11
[    1.639398] e1000 0000:00:03.0 eth0: (PCI:33MHz:32-bit) 52:54:00:12:34:56
[    1.641320] e1000 0000:00:03.0 eth0: Intel(R) PRO/1000 Network Connection
[    1.643211] e1000e: Intel(R) PRO/1000 Network Driver
[    1.644440] e1000e: Copyright(c) 1999 - 2015 Intel Corporation.
[    1.645861] sky2: driver version 1.30
[    1.647316] usbcore: registered new interface driver usblp
[    1.649364] usbcore: registered new interface driver usb-storage
[    1.651323] i8042: PNP: PS/2 Controller [PNP0303:KBD,PNP0f13:MOU] at 0x60,0x64 irq 1,12
[    1.656313] serio: i8042 KBD port at 0x60,0x64 irq 1
[    1.657432] serio: i8042 AUX port at 0x60,0x64 irq 12
[    1.659199] rtc_cmos 00:05: RTC can wake from S4
[    1.661149] input: AT Translated Set 2 keyboard as /devices/platform/i8042/serio0/input/input1
[    1.662413] rtc_cmos 00:05: registered as rtc0
[    1.665545] rtc_cmos 00:05: alarms up to one day, y3k, 242 bytes nvram, hpet irqs
[    1.667484] device-mapper: ioctl: 4.48.0-ioctl (2023-03-01) initialised: dm-devel@redhat.com
[    1.669638] intel_pstate: CPU model not supported
[    1.670927] hid: raw HID events driver (C) Jiri Kosina
[    1.672793] usbcore: registered new interface driver usbhid
[    1.674167] usbhid: USB HID core driver
[    1.676449] Initializing XFRM netlink socket
[    1.677876] NET: Registered PF_INET6 protocol family
[    1.680224] Segment Routing with IPv6
[    1.681270] In-situ OAM (IOAM) with IPv6
[    1.682828] sit: IPv6, IPv4 and MPLS over IPv4 tunneling driver
[    1.685010] NET: Registered PF_PACKET protocol family
[    1.686963] 9pnet: Installing 9P2000 support
[    1.688275] Key type dns_resolver registered
[    1.690123] IPI shorthand broadcast: enabled
[    1.701477] sched_clock: Marking stable (1679007500, 21767047)->(1833875986, -133101439)
[    1.703759] registered taskstats version 1
[    1.704750] Loading compiled-in X.509 certificates
[    1.715248] PM:   Magic number: 10:379:76
[    1.716412] printk: console [netcon0] enabled
[    1.718578] netconsole: network logging started
[    1.720379] cfg80211: Loading compiled-in X.509 certificates for regulatory database
[    1.722529] kworker/u4:1 (54) used greatest stack depth: 29536 bytes left
[    1.724302] Loaded X.509 cert 'sforshee: 00b28ddf47aef9cea7'
[    1.725725] platform regulatory.0: Direct firmware load for regulatory.db failed with error -2
[    1.728350] cfg80211: failed to load regulatory.db
[    1.728366] ALSA device list:
[    1.731094]   No soundcards found.
[    1.733215] Freeing unused kernel image (initmem) memory: 5624K
[    1.740034] Write protecting the kernel read-only data: 59392k
[    1.741358] Freeing unused kernel image (rodata/data gap) memory: 192K
[    1.753278] x86/mm: Checked W+X mappings: passed, no W+X pages found.
[    1.755085] Run /init as init process
[    1.760470] mount (58) used greatest stack depth: 28760 bytes left
[    1.769015] ip (64) used greatest stack depth: 27504 bytes left

secb: rootfs ready
---- poc begin ----
[poc] cryptd(ccm(aes)) registered, port=4386
[    1.980903] ==================================================================
[    1.981953] BUG: KASAN: use-after-free in copyout+0x2d/0x50
[    1.982761] Read of size 32 at addr ffff888009fc200d by task poc/65
[    1.983604] 
[    1.983879] CPU: 0 PID: 65 Comm: poc Not tainted 6.4.0-04322-gc451410ca7e3-dirty #2
[    1.985543] Hardware name: QEMU Standard PC (i440FX + PIIX, 1996), BIOS 1.16.2-debian-1.16.2-1 04/01/2014
[    1.986626] Call Trace:
[    1.986973]  <TASK>
[    1.987330]  dump_stack_lvl+0x36/0x50
[    1.987808]  print_report+0xcf/0x660
[    1.988406]  ? copyout+0x2d/0x50
[    1.988963]  kasan_report+0xc7/0x100
[    1.989448]  ? copyout+0x2d/0x50
[    1.989988]  kasan_check_range+0x101/0x1c0
[    1.990838]  copyout+0x2d/0x50
[    1.992439]  _copy_to_iter+0x157/0xe50
[    1.993954]  ? __kasan_slab_free+0x10a/0x180
[    1.997503]  ? kmem_cache_free+0xa5/0x380
[    1.998827]  ? tls_sw_recvmsg+0xcff/0x18b0
[    2.000251]  ? inet_recvmsg+0x319/0x420
[    2.001061]  ? sock_recvmsg+0x143/0x190
[    2.001844]  ? __sys_recvfrom+0x184/0x290
[    2.002801]  ? __x64_sys_recvfrom+0xdb/0x1b0
[    2.003689]  ? do_syscall_64+0x3b/0x90
[    2.004512]  ? entry_SYSCALL_64_after_hwframe+0x6e/0xd8
[    2.005519]  ? __pfx__copy_to_iter+0x10/0x10
[    2.006446]  __skb_datagram_iter+0x3d1/0x970
[    2.007351]  ? __pfx_simple_copy_to_iter+0x10/0x10
[    2.008256]  skb_copy_datagram_iter+0x35/0x100
[    2.009138]  process_rx_list+0x275/0x610
[    2.009905]  tls_sw_recvmsg+0xd6b/0x18b0
[    2.010604]  ? __pfx_tls_sw_recvmsg+0x10/0x10
[    2.013269]  ? __pfx_selinux_socket_recvmsg+0x10/0x10
[    2.014032]  ? __alloc_skb+0x10d/0x280
[    2.014633]  ? __pfx_inet_recvmsg+0x10/0x10
[    2.015250]  inet_recvmsg+0x319/0x420
[    2.015848]  ? crypto_ahash_setkey+0xa9/0x2a0
[    2.016528]  ? __pfx_inet_recvmsg+0x10/0x10
[    2.017206]  ? __pfx_inet_recvmsg+0x10/0x10
[    2.017812]  sock_recvmsg+0x143/0x190
[    2.018401]  ? sockfd_lookup_light+0x15/0x170
[    2.019068]  __sys_recvfrom+0x184/0x290
[    2.019611]  ? __pfx___sys_recvfrom+0x10/0x10
[    2.020285]  ? release_sock+0xa4/0x170
[    2.020902]  __x64_sys_recvfrom+0xdb/0x1b0
[    2.021569]  ? exit_to_user_mode_prepare+0x2a/0x110
[    2.023732]  ? syscall_exit_to_user_mode+0x21/0x50
[    2.025564]  do_syscall_64+0x3b/0x90
[    2.026120]  entry_SYSCALL_64_after_hwframe+0x6e/0xd8
[    2.026806] RIP: 0033:0x43c119
[    2.027266] Code: ff c3 66 2e 0f 1f 84 00 00 00 00 00 0f 1f 44 00 00 80 3d 51 bf 06 00 00 41 89 ca 74 1c 45 31 c9 45 31 c0 b8 2d 00 00 00 0f 05 <48> 3d 00 f0 ff ff 77 67 c3 66 0f 1f 44 00 00 55 48 83 ec 20 48 89
[    2.029752] RSP: 002b:00007fffee800b18 EFLAGS: 00000246 ORIG_RAX: 000000000000002d
[    2.030800] RAX: ffffffffffffffda RBX: 0000000000000004 RCX: 000000000043c119
[    2.031725] RDX: 0000000000000020 RSI: 00007fffee800b90 RDI: 0000000000000005
[    2.032756] RBP: 0000000000000005 R08: 0000000000000000 R09: 0000000000000000
[    2.033741] R10: 0000000000000000 R11: 0000000000000246 R12: 0000000000000003
[    2.034799] R13: 00007fffee800b30 R14: 00007fffee800b90 R15: 000000000000004c
[    2.035788]  </TASK>
[    2.036134] 
[    2.036403] The buggy address belongs to the physical page:
[    2.037203] page:00000000625b50c0 refcount:0 mapcount:0 mapping:0000000000000000 index:0x0 pfn:0x9fc2
[    2.040519] flags: 0x100000000000000(node=0|zone=1)
[    2.041216] page_type: 0xffffffff()
[    2.041756] raw: 0100000000000000 ffffea000027f048 ffff88806d23c518 0000000000000000
[    2.042807] raw: 0000000000000000 0000000000000000 00000000ffffffff 0000000000000000
[    2.043813] page dumped because: kasan: bad access detected
[    2.044538] 
[    2.044754] Memory state around the buggy address:
[    2.045367]  ffff888009fc1f00: ff ff ff ff ff ff ff ff ff ff ff ff ff ff ff ff
[    2.046348]  ffff888009fc1f80: ff ff ff ff ff ff ff ff ff ff ff ff ff ff ff ff
[    2.047329] >ffff888009fc2000: ff ff ff ff ff ff ff ff ff ff ff ff ff ff ff ff
[    2.048322]                       ^
[    2.048878]  ffff888009fc2080: ff ff ff ff ff ff ff ff ff ff ff ff ff ff ff ff
[    2.049966]  ffff888009fc2100: ff ff ff ff ff ff ff ff ff ff ff ff ff ff ff ff
[    2.052978] ==================================================================
[    2.054097] Disabling lock debugging due to kernel taint
[server] partial recv -> 64 (errno=0)
[poc] done rc=0
[    2.155876] poc (65) used greatest stack depth: 26968 bytes left

---- poc end rc=0 ----
secb: poc exited without crashing the kernel
[    2.298190] input: ImExPS/2 Generic Explorer Mouse as /devices/platform/i8042/serio1/input/input3
[    3.508240] ACPI: PM: Preparing to enter system sleep state S5
[    3.509803] reboot: Power down
CONFIRMED: KASAN_UAF
