[build] packing initramfs.cpio.gz
[build] initramfs -> /out/initramfs.cpio.gz (1.4M)
[build] done
bash: warning: setlocale: LC_ALL: cannot change locale (en_US.UTF-8)
c[?7l[2J[0mSeaBIOS (version 1.16.2-debian-1.16.2-1)


iPXE (http://ipxe.org) 00:03.0 CA00 PCI2.10 PnP PMM+7EFCEF00+7EF0EF00 CA00
Press Ctrl-B to configure iPXE (PCI 00:03.0)...                                                                               


Booting from ROM...
c[?7l[2JNo EFI environment detected.
early console in extract_kernel
input_data: 0x0000000004be33a8
input_len: 0x00000000019a3ad8
output: 0x0000000001000000
output_len: 0x0000000005511358
kernel_total_size: 0x0000000005230000
needed_size: 0x0000000005600000
trampoline_32bit: 0x000000000009d000


KASLR disabled: 'nokaslr' on cmdline.


Decompressing Linux... Parsing ELF... No relocation needed... done.
Booting the kernel (entry_offset: 0x0000000000000000).
[    0.000000] Linux version 6.4.0-04323-g0f30f059cdcf-dirty (root@e39f4a8d407a) (gcc (Debian 12.2.0-14+deb12u1) 12.2.0, GNU ld (GNU Binutils for Debian) 2.40) #3 SMP PREEMPT_DYNAMIC Fri May  8 12:11:42 UTC 2026
[    0.000000] Command line: console=ttyS0 oops=panic panic=-1 nokaslr earlyprintk=serial
[    0.000000] BIOS-provided physical RAM map:
[    0.000000] BIOS-e820: [mem 0x0000000000000000-0x000000000009fbff] usable
[    0.000000] BIOS-e820: [mem 0x000000000009fc00-0x000000000009ffff] reserved
[    0.000000] BIOS-e820: [mem 0x00000000000f0000-0x00000000000fffff] reserved
[    0.000000] BIOS-e820: [mem 0x0000000000100000-0x000000007ffdffff] usable
[    0.000000] BIOS-e820: [mem 0x000000007ffe0000-0x000000007fffffff] reserved
[    0.000000] BIOS-e820: [mem 0x00000000feffc000-0x00000000feffffff] reserved
[    0.000000] BIOS-e820: [mem 0x00000000fffc0000-0x00000000ffffffff] reserved
[    0.000000] printk: bootconsole [earlyser0] enabled
[    0.000000] NX (Execute Disable) protection: active
[    0.000000] SMBIOS 2.8 present.
[    0.000000] DMI: QEMU Standard PC (i440FX + PIIX, 1996), BIOS 1.16.2-debian-1.16.2-1 04/01/2014
[    0.000000] Hypervisor detected: KVM
[    0.000000] kvm-clock: Using msrs 4b564d01 and 4b564d00
[    0.000028] kvm-clock: using sched offset of 513811696 cycles
[    0.001897] clocksource: kvm-clock: mask: 0xffffffffffffffff max_cycles: 0x1cd42e4dffb, max_idle_ns: 881590591483 ns
[    0.007749] tsc: Detected 2995.200 MHz processor
[    0.010023] last_pfn = 0x7ffe0 max_arch_pfn = 0x400000000
[    0.011942] MTRR map: 4 entries (3 fixed + 1 variable; max 19), built from 8 variable MTRRs
[    0.014727] x86/PAT: Configuration [0-7]: WB  WC  UC- UC  WB  WP  UC- WT  
[    0.023168] found SMP MP-table at [mem 0x000f5ba0-0x000f5baf]
[    0.025711] Using GB pages for direct mapping
[    0.027160] Incomplete global flushes, disabling PCID
[    0.027649] RAMDISK: [mem 0x7fe91000-0x7ffdffff]
[    0.030724] ACPI: Early table checksum verification disabled
[    0.032513] ACPI: RSDP 0x00000000000F59D0 000014 (v00 BOCHS )
[    0.034407] ACPI: RSDT 0x000000007FFE1B33 000034 (v01 BOCHS  BXPC     00000001 BXPC 00000001)
[    0.037179] ACPI: FACP 0x000000007FFE19DF 000074 (v01 BOCHS  BXPC     00000001 BXPC 00000001)
[    0.039979] ACPI: DSDT 0x000000007FFE0040 00199F (v01 BOCHS  BXPC     00000001 BXPC 00000001)
[    0.042730] ACPI: FACS 0x000000007FFE0000 000040
[    0.044171] ACPI: APIC 0x000000007FFE1A53 000080 (v01 BOCHS  BXPC     00000001 BXPC 00000001)
[    0.046995] ACPI: HPET 0x000000007FFE1AD3 000038 (v01 BOCHS  BXPC     00000001 BXPC 00000001)
[    0.049878] ACPI: WAET 0x000000007FFE1B0B 000028 (v01 BOCHS  BXPC     00000001 BXPC 00000001)
[    0.052404] ACPI: Reserving FACP table memory at [mem 0x7ffe19df-0x7ffe1a52]
[    0.054650] ACPI: Reserving DSDT table memory at [mem 0x7ffe0040-0x7ffe19de]
[    0.057005] ACPI: Reserving FACS table memory at [mem 0x7ffe0000-0x7ffe003f]
[    0.059355] ACPI: Reserving APIC table memory at [mem 0x7ffe1a53-0x7ffe1ad2]
[    0.061541] ACPI: Reserving HPET table memory at [mem 0x7ffe1ad3-0x7ffe1b0a]
[    0.064251] ACPI: Reserving WAET table memory at [mem 0x7ffe1b0b-0x7ffe1b32]
[    0.067531] No NUMA configuration found
[    0.068786] Faking a node at [mem 0x0000000000000000-0x000000007ffdffff]
[    0.070925] NODE_DATA(0) allocated [mem 0x7fe8d000-0x7fe90fff]
[    0.072847] Zone ranges:
[    0.073608]   DMA      [mem 0x0000000000001000-0x0000000000ffffff]
[    0.075725]   DMA32    [mem 0x0000000001000000-0x000000007ffdffff]
[    0.078026]   Normal   empty
[    0.079087] Movable zone start for each node
[    0.080382] Early memory node ranges
[    0.081551]   node   0: [mem 0x0000000000001000-0x000000000009efff]
[    0.083736]   node   0: [mem 0x0000000000100000-0x000000007ffdffff]
[    0.085767] Initmem setup node 0 [mem 0x0000000000001000-0x000000007ffdffff]
[    0.089213] On node 0, zone DMA: 1 pages in unavailable ranges
[    0.089317] On node 0, zone DMA: 97 pages in unavailable ranges
[    0.110062] On node 0, zone DMA32: 32 pages in unavailable ranges
[    0.207215] kasan: KernelAddressSanitizer initialized
[    0.210989] ACPI: PM-Timer IO Port: 0x608
[    0.212122] ACPI: LAPIC_NMI (acpi_id[0xff] dfl dfl lint[0x1])
[    0.214064] IOAPIC[0]: apic_id 0, version 17, address 0xfec00000, GSI 0-23
[    0.216244] ACPI: INT_SRC_OVR (bus 0 bus_irq 0 global_irq 2 dfl dfl)
[    0.218058] ACPI: INT_SRC_OVR (bus 0 bus_irq 5 global_irq 5 high level)
[    0.219997] ACPI: INT_SRC_OVR (bus 0 bus_irq 9 global_irq 9 high level)
[    0.224265] ACPI: INT_SRC_OVR (bus 0 bus_irq 10 global_irq 10 high level)
[    0.226221] ACPI: INT_SRC_OVR (bus 0 bus_irq 11 global_irq 11 high level)
[    0.228146] ACPI: Using ACPI (MADT) for SMP configuration information
[    0.229889] ACPI: HPET id: 0x8086a201 base: 0xfed00000
[    0.231257] TSC deadline timer available
[    0.232335] smpboot: Allowing 2 CPUs, 0 hotplug CPUs
[    0.233952] kvm-guest: KVM setup pv remote TLB flush
[    0.235444] kvm-guest: setup PV sched yield
[    0.236855] PM: hibernation: Registered nosave memory: [mem 0x00000000-0x00000fff]
[    0.239250] PM: hibernation: Registered nosave memory: [mem 0x0009f000-0x0009ffff]
[    0.241483] PM: hibernation: Registered nosave memory: [mem 0x000a0000-0x000effff]
[    0.243902] PM: hibernation: Registered nosave memory: [mem 0x000f0000-0x000fffff]
[    0.246321] [mem 0x80000000-0xfeffbfff] available for PCI devices
[    0.248194] Booting paravirtualized kernel on KVM
[    0.250265] clocksource: refined-jiffies: mask: 0xffffffff max_cycles: 0xffffffff, max_idle_ns: 1910969940391419 ns
[    0.266877] setup_percpu: NR_CPUS:64 nr_cpumask_bits:2 nr_cpu_ids:2 nr_node_ids:1
[    0.269959] percpu: Embedded 66 pages/cpu s232104 r8192 d30040 u1048576
[    0.272096] Kernel command line: console=ttyS0 oops=panic panic=-1 nokaslr earlyprintk=serial
[    0.275284] Unknown kernel command line parameters "nokaslr", will be passed to user space.
[    0.278225] random: crng init done
[    0.280104] Dentry cache hash table entries: 262144 (order: 9, 2097152 bytes, linear)
[    0.283339] Inode-cache hash table entries: 131072 (order: 8, 1048576 bytes, linear)
[    0.285938] Fallback order for Node 0: 0 
[    0.285952] Built 1 zonelists, mobility grouping on.  Total pages: 515808
[    0.289897] Policy zone: DMA32
[    0.291281] mem auto-init: stack:all(zero), heap alloc:off, heap free:off
[    0.294554] stackdepot: allocating hash table via alloc_large_system_hash
[    0.301499] stackdepot hash table entries: 1048576 (order: 11, 8388608 bytes, linear)
[    0.327815] Memory: 1692956K/2096632K available (49152K kernel code, 7947K rwdata, 10048K rodata, 5624K init, 3008K bss, 403420K reserved, 0K cma-reserved)
[    0.332092] SLUB: HWalign=64, Order=0-3, MinObjects=0, CPUs=2, Nodes=1
Poking KASLR using RDRAND RDTSC...
[    0.336119] Dynamic Preempt: voluntary
[    0.337982] rcu: Preemptible hierarchical RCU implementation.
[    0.339422] rcu: 	RCU event tracing is enabled.
[    0.340492] rcu: 	RCU restricting CPUs from NR_CPUS=64 to nr_cpu_ids=2.
[    0.341780] 	Trampoline variant of Tasks RCU enabled.
[    0.342866] rcu: RCU calculated value of scheduler-enlistment delay is 100 jiffies.
[    0.345102] rcu: Adjusting geometry for rcu_fanout_leaf=16, nr_cpu_ids=2
[    0.356514] NR_IRQS: 4352, nr_irqs: 440, preallocated irqs: 16
[    0.358798] rcu: srcu_init: Setting srcu_struct sizes based on contention.
[    0.370023] Console: colour VGA+ 80x25
[    0.370970] printk: console [ttyS0] enabled
[    0.370970] printk: console [ttyS0] enabled
[    0.372988] printk: bootconsole [earlyser0] disabled
[    0.372988] printk: bootconsole [earlyser0] disabled
[    0.375360] ACPI: Core revision 20230331
[    0.376778] clocksource: hpet: mask: 0xffffffff max_cycles: 0xffffffff, max_idle_ns: 19112604467 ns
[    0.379416] APIC: Switch to symmetric I/O mode setup
[    0.380806] kvm-guest: setup PV IPIs
[    0.384506] ..TIMER: vector=0x30 apic1=0 pin1=2 apic2=-1 pin2=-1
[    0.386584] clocksource: tsc-early: mask: 0xffffffffffffffff max_cycles: 0x2b2c8ec87c7, max_idle_ns: 440795278598 ns
[    0.389871] Calibrating delay loop (skipped) preset value.. 5990.40 BogoMIPS (lpj=2995200)
[    0.391960] x86/cpu: User Mode Instruction Prevention (UMIP) activated
[    0.394114] Last level iTLB entries: 4KB 0, 2MB 0, 4MB 0
[    0.394841] Last level dTLB entries: 4KB 0, 2MB 0, 4MB 0, 1GB 0
[    0.395869] Spectre V1 : Mitigation: usercopy/swapgs barriers and __user pointer sanitization
[    0.396854] Spectre V2 : Mitigation: Enhanced / Automatic IBRS
[    0.397841] Spectre V2 : Spectre v2 / SpectreRSB mitigation: Filling RSB on context switch
[    0.398841] Spectre V2 : Spectre v2 / PBRSB-eIBRS: Retire a single CALL on VMEXIT
[    0.399837] RETBleed: Mitigation: Enhanced IBRS
[    0.399853] Spectre V2 : mitigation: Enabling conditional Indirect Branch Prediction Barrier
[    0.400885] Speculative Store Bypass: Mitigation: Speculative Store Bypass disabled via prctl
[    0.401846] MMIO Stale Data: Unknown: No mitigations
[    0.402904] x86/fpu: Supporting XSAVE feature 0x001: 'x87 floating point registers'
[    0.403843] x86/fpu: Supporting XSAVE feature 0x002: 'SSE registers'
[    0.404842] x86/fpu: Supporting XSAVE feature 0x004: 'AVX registers'
[    0.405844] x86/fpu: xstate_offset[2]:  576, xstate_sizes[2]:  256
[    0.406844] x86/fpu: Enabled xstate features 0x7, context size is 832 bytes, using 'compacted' format.
[    0.428364] Freeing SMP alternatives memory: 44K
[    0.428844] pid_max: default: 32768 minimum: 301
[    0.430086] LSM: initializing lsm=capability,selinux,integrity
[    0.430876] SELinux:  Initializing.
[    0.432045] Mount-cache hash table entries: 4096 (order: 3, 32768 bytes, linear)
[    0.432847] Mountpoint-cache hash table entries: 4096 (order: 3, 32768 bytes, linear)
[    0.436334] smpboot: CPU0: 13th Gen Intel(R) Core(TM) i9-13900H (family: 0x6, model: 0xba, stepping: 0x2)
[    0.437120] RCU Tasks: Setting shift to 1 and lim to 1 rcu_task_cb_adjust=1.
[    0.437885] Performance Events: unsupported p6 CPU model 186 no PMU driver, software events only.
[    0.438905] signal: max sigframe size: 1776
[    0.439915] rcu: Hierarchical SRCU implementation.
[    0.440849] rcu: 	Max phase no-delay instances is 400.
[    0.442472] smp: Bringing up secondary CPUs ...
[    0.443106] smpboot: x86: Booting SMP configuration:
[    0.443848] .... node  #0, CPUs:      #1
[    0.445982] smp: Brought up 1 node, 2 CPUs
[    0.447877] smpboot: Max logical packages: 1
[    0.448855] smpboot: Total of 2 processors activated (11980.80 BogoMIPS)
[    0.451253] devtmpfs: initialized
[    0.454118] clocksource: jiffies: mask: 0xffffffff max_cycles: 0xffffffff, max_idle_ns: 1911260446275000 ns
[    0.454852] futex hash table entries: 512 (order: 3, 32768 bytes, linear)
[    0.456256] PM: RTC time: 12:12:07, date: 2026-05-08
[    0.457171] NET: Registered PF_NETLINK/PF_ROUTE protocol family
[    0.458166] audit: initializing netlink subsys (disabled)
[    0.458958] audit: type=2000 audit(1778242328.041:1): state=initialized audit_enabled=0 res=1
[    0.459138] thermal_sys: Registered thermal governor 'step_wise'
[    0.459848] thermal_sys: Registered thermal governor 'user_space'
[    0.460892] cpuidle: using governor menu
[    0.464015] PCI: Using configuration type 1 for base access
[    0.465109] kprobes: kprobe jump-optimization is enabled. All kprobes are optimized if possible.
[    0.467082] HugeTLB: registered 2.00 MiB page size, pre-allocated 0 pages
[    0.470847] HugeTLB: 28 KiB vmemmap can be freed for a 2.00 MiB page
[    0.473736] cryptd: max_cpu_qlen set to 1000
[    0.476106] ACPI: Added _OSI(Module Device)
[    0.477850] ACPI: Added _OSI(Processor Device)
[    0.478844] ACPI: Added _OSI(3.0 _SCP Extensions)
[    0.482914] ACPI: Added _OSI(Processor Aggregator Device)
[    0.493042] ACPI: 1 ACPI AML tables successfully acquired and loaded
[    0.551473] ACPI: Interpreter enabled
[    0.551891] ACPI: PM: (supports S0 S3 S4 S5)
[    0.552843] ACPI: Using IOAPIC for interrupt routing
[    0.553908] PCI: Using host bridge windows from ACPI; if necessary, use "pci=nocrs" and report a bug
[    0.555844] PCI: Using E820 reservations for host bridge windows
[    0.558355] ACPI: Enabled 2 GPEs in block 00 to 0F
[    0.575975] ACPI: PCI Root Bridge [PCI0] (domain 0000 [bus 00-ff])
[    0.577870] acpi PNP0A03:00: _OSC: OS supports [ASPM ClockPM Segments MSI HPX-Type3]
[    0.578848] acpi PNP0A03:00: _OSC: not requesting OS control; OS requires [ExtendedConfig ASPM ClockPM MSI]
[    0.582938] acpi PNP0A03:00: fail to add MMCONFIG information, can't access extended configuration space under this bridge
[    0.586119] PCI host bridge to bus 0000:00
[    0.586849] pci_bus 0000:00: root bus resource [io  0x0000-0x0cf7 window]
[    0.588855] pci_bus 0000:00: root bus resource [io  0x0d00-0xffff window]
[    0.590857] pci_bus 0000:00: root bus resource [mem 0x000a0000-0x000bffff window]
[    0.592854] pci_bus 0000:00: root bus resource [mem 0x80000000-0xfebfffff window]
[    0.594855] pci_bus 0000:00: root bus resource [mem 0x100000000-0x17fffffff window]
[    0.596857] pci_bus 0000:00: root bus resource [bus 00-ff]
[    0.598993] pci 0000:00:00.0: [8086:1237] type 00 class 0x060000
[    0.606190] pci 0000:00:01.0: [8086:7000] type 00 class 0x060100
[    0.610837] pci 0000:00:01.1: [8086:7010] type 00 class 0x010180
[    0.614717] pci 0000:00:01.1: reg 0x20: [io  0xc040-0xc04f]
[    0.615603] pci 0000:00:01.1: legacy IDE quirk: reg 0x10: [io  0x01f0-0x01f7]
[    0.616909] pci 0000:00:01.1: legacy IDE quirk: reg 0x14: [io  0x03f6]
[    0.617845] pci 0000:00:01.1: legacy IDE quirk: reg 0x18: [io  0x0170-0x0177]
[    0.619849] pci 0000:00:01.1: legacy IDE quirk: reg 0x1c: [io  0x0376]
[    0.622667] pci 0000:00:01.3: [8086:7113] type 00 class 0x068000
[    0.625934] pci 0000:00:01.3: quirk: [io  0x0600-0x063f] claimed by PIIX4 ACPI
[    0.627866] pci 0000:00:01.3: quirk: [io  0x0700-0x070f] claimed by PIIX4 SMB
[    0.630995] pci 0000:00:02.0: [1234:1111] type 00 class 0x030000
[    0.632980] pci 0000:00:02.0: reg 0x10: [mem 0xfd000000-0xfdffffff pref]
[    0.637316] pci 0000:00:02.0: reg 0x18: [mem 0xfebf0000-0xfebf0fff]
[    0.643960] pci 0000:00:02.0: reg 0x30: [mem 0xfebe0000-0xfebeffff pref]
[    0.645310] pci 0000:00:02.0: Video device with shadowed ROM at [mem 0x000c0000-0x000dffff]
[    0.654714] pci 0000:00:03.0: [8086:100e] type 00 class 0x020000
[    0.657483] pci 0000:00:03.0: reg 0x10: [mem 0xfebc0000-0xfebdffff]
[    0.659380] pci 0000:00:03.0: reg 0x14: [io  0xc000-0xc03f]
[    0.663804] pci 0000:00:03.0: reg 0x30: [mem 0xfeb80000-0xfebbffff pref]
[    0.674711] ACPI: PCI: Interrupt link LNKA configured for IRQ 10
[    0.677974] ACPI: PCI: Interrupt link LNKB configured for IRQ 10
[    0.680558] ACPI: PCI: Interrupt link LNKC configured for IRQ 11
[    0.684681] ACPI: PCI: Interrupt link LNKD configured for IRQ 11
[    0.686151] ACPI: PCI: Interrupt link LNKS configured for IRQ 9
[    0.689688] iommu: Default domain type: Translated 
[    0.690845] iommu: DMA domain TLB invalidation policy: lazy mode 
[    0.693200] SCSI subsystem initialized
[    0.695030] ACPI: bus type USB registered
[    0.695898] usbcore: registered new interface driver usbfs
[    0.696869] usbcore: registered new interface driver hub
[    0.697872] usbcore: registered new device driver usb
[    0.698913] pps_core: LinuxPPS API ver. 1 registered
[    0.699845] pps_core: Software ver. 5.3.6 - Copyright 2005-2007 Rodolfo Giometti <giometti@linux.it>
[    0.700861] PTP clock support registered
[    0.701972] Advanced Linux Sound Architecture Driver Initialized.
[    0.704087] NetLabel: Initializing
[    0.704847] NetLabel:  domain hash size = 128
[    0.705843] NetLabel:  protocols = UNLABELED CIPSOv4 CALIPSO
[    0.706936] NetLabel:  unlabeled traffic allowed by default
[    0.707936] PCI: Using ACPI for IRQ routing
[    0.709166] pci 0000:00:02.0: vgaarb: setting as boot VGA device
[    0.709837] pci 0000:00:02.0: vgaarb: bridge control possible
[    0.709837] pci 0000:00:02.0: vgaarb: VGA device added: decodes=io+mem,owns=io+mem,locks=none
[    0.709927] vgaarb: loaded
[    0.711276] hpet0: at MMIO 0xfed00000, IRQs 2, 8, 0
[    0.711849] hpet0: 3 comparators, 64-bit 100.000000 MHz counter
[    0.717298] clocksource: Switched to clocksource kvm-clock
[    0.757392] VFS: Disk quotas dquot_6.6.0
[    0.760830] VFS: Dquot-cache hash table entries: 512 (order 0, 4096 bytes)
[    0.762930] pnp: PnP ACPI init
[    0.765384] pnp: PnP ACPI: found 6 devices
[    0.781291] clocksource: acpi_pm: mask: 0xffffff max_cycles: 0xffffff, max_idle_ns: 2085701024 ns
[    0.784110] NET: Registered PF_INET protocol family
[    0.785657] IP idents hash table entries: 32768 (order: 6, 262144 bytes, linear)
[    0.788434] tcp_listen_portaddr_hash hash table entries: 1024 (order: 2, 16384 bytes, linear)
[    0.791474] Table-perturb hash table entries: 65536 (order: 6, 262144 bytes, linear)
[    0.793914] TCP established hash table entries: 16384 (order: 5, 131072 bytes, linear)
[    0.796191] TCP bind hash table entries: 16384 (order: 7, 524288 bytes, linear)
[    0.798355] TCP: Hash tables configured (established 16384 bind 16384)
[    0.801176] UDP hash table entries: 1024 (order: 3, 32768 bytes, linear)
[    0.803165] UDP-Lite hash table entries: 1024 (order: 3, 32768 bytes, linear)
[    0.805714] NET: Registered PF_UNIX/PF_LOCAL protocol family
[    0.808106] RPC: Registered named UNIX socket transport module.
[    0.810946] RPC: Registered udp transport module.
[    0.815013] RPC: Registered tcp transport module.
[    0.816432] RPC: Registered tcp NFSv4.1 backchannel transport module.
[    0.819229] pci_bus 0000:00: resource 4 [io  0x0000-0x0cf7 window]
[    0.821029] pci_bus 0000:00: resource 5 [io  0x0d00-0xffff window]
[    0.822823] pci_bus 0000:00: resource 6 [mem 0x000a0000-0x000bffff window]
[    0.824703] pci_bus 0000:00: resource 7 [mem 0x80000000-0xfebfffff window]
[    0.827291] pci_bus 0000:00: resource 8 [mem 0x100000000-0x17fffffff window]
[    0.829960] pci 0000:00:01.0: PIIX3: Enabling Passive Release
[    0.831793] pci 0000:00:00.0: Limiting direct PCI/PCI transfers
[    0.834064] PCI: CLS 0 bytes, default 64
[    0.836045] Unpacking initramfs...
[    0.841028] RAPL PMU: API unit is 2^-32 Joules, 0 fixed counters, 10737418240 ms ovfl timer
[    0.843324] clocksource: tsc: mask: 0xffffffffffffffff max_cycles: 0x2b2c8ec87c7, max_idle_ns: 440795278598 ns
[    0.849694] Initialise system trusted keyrings
[    0.852652] workingset: timestamp_bits=56 max_order=19 bucket_order=0
[    0.856563] NFS: Registering the id_resolver key type
[    0.858232] Key type id_resolver registered
[    0.859658] Key type id_legacy registered
[    0.860960] 9p: Installing v9fs 9p2000 file system support
[    0.863850] Freeing initrd memory: 1340K
[    0.869197] NET: Registered PF_ALG protocol family
[    0.870642] Key type asymmetric registered
[    0.871960] Asymmetric key parser 'x509' registered
[    0.874022] Block layer SCSI generic (bsg) driver version 0.4 loaded (major 251)
[    0.877410] io scheduler mq-deadline registered
[    0.881021] io scheduler kyber registered
[    0.883307] input: Power Button as /devices/LNXSYSTM:00/LNXPWRBN:00/input/input0
[    0.885797] ACPI: button: Power Button [PWRF]
[    0.889006] Serial: 8250/16550 driver, 4 ports, IRQ sharing enabled
[    0.893297] 00:04: ttyS0 at I/O 0x3f8 (irq = 4, base_baud = 115200) is a 16550A
[    0.900032] Non-volatile memory driver v1.3
[    0.901337] Linux agpgart interface v0.103
[    0.902783] ACPI: bus type drm_connector registered
[    0.912357] loop: module loaded
[    0.917923] scsi host0: ata_piix
[    0.920376] scsi host1: ata_piix
[    0.921898] ata1: PATA max MWDMA2 cmd 0x1f0 ctl 0x3f6 bmdma 0xc040 irq 14
[    0.924428] ata2: PATA max MWDMA2 cmd 0x170 ctl 0x376 bmdma 0xc048 irq 15
[    0.928480] e100: Intel(R) PRO/100 Network Driver
[    0.931015] e100: Copyright(c) 1999-2006 Intel Corporation
[    0.933897] e1000: Intel(R) PRO/1000 Network Driver
[    0.935575] e1000: Copyright (c) 1999-2006 Intel Corporation.
[    1.084241] ata2: found unknown device (class 0)
[    1.086934] ata2.00: ATAPI: QEMU DVD-ROM, 2.5+, max UDMA/100
[    1.090126] scsi 1:0:0:0: CD-ROM            QEMU     QEMU DVD-ROM     2.5+ PQ: 0 ANSI: 5
[    1.107341] sr 1:0:0:0: [sr0] scsi3-mmc drive: 4x/4x cd/rw xa/form2 tray
[    1.108909] cdrom: Uniform CD-ROM driver Revision: 3.20
[    1.423621] ACPI: \_SB_.LNKC: Enabled at IRQ 11
[    1.786133] e1000 0000:00:03.0 eth0: (PCI:33MHz:32-bit) 52:54:00:12:34:56
[    1.788104] e1000 0000:00:03.0 eth0: Intel(R) PRO/1000 Network Connection
[    1.790000] e1000e: Intel(R) PRO/1000 Network Driver
[    1.791330] e1000e: Copyright(c) 1999 - 2015 Intel Corporation.
[    1.793156] sky2: driver version 1.30
[    1.795505] usbcore: registered new interface driver usblp
[    1.797083] usbcore: registered new interface driver usb-storage
[    1.800183] i8042: PNP: PS/2 Controller [PNP0303:KBD,PNP0f13:MOU] at 0x60,0x64 irq 1,12
[    1.805444] serio: i8042 KBD port at 0x60,0x64 irq 1
[    1.807082] serio: i8042 AUX port at 0x60,0x64 irq 12
[    1.809275] rtc_cmos 00:05: RTC can wake from S4
[    1.811685] input: AT Translated Set 2 keyboard as /devices/platform/i8042/serio0/input/input1
[    1.812976] rtc_cmos 00:05: registered as rtc0
[    1.815823] rtc_cmos 00:05: alarms up to one day, y3k, 242 bytes nvram, hpet irqs
[    1.819353] device-mapper: ioctl: 4.48.0-ioctl (2023-03-01) initialised: dm-devel@redhat.com
[    1.822367] intel_pstate: CPU model not supported
[    1.826617] hid: raw HID events driver (C) Jiri Kosina
[    1.829623] usbcore: registered new interface driver usbhid
[    1.832111] usbhid: USB HID core driver
[    1.835180] Initializing XFRM netlink socket
[    1.836596] NET: Registered PF_INET6 protocol family
[    1.838811] Segment Routing with IPv6
[    1.840106] In-situ OAM (IOAM) with IPv6
[    1.842735] sit: IPv6, IPv4 and MPLS over IPv4 tunneling driver
[    1.846126] NET: Registered PF_PACKET protocol family
[    1.848412] 9pnet: Installing 9P2000 support
[    1.849869] Key type dns_resolver registered
[    1.851719] IPI shorthand broadcast: enabled
[    1.865458] sched_clock: Marking stable (1841035007, 24205086)->(1968130840, -102890747)
[    1.868442] registered taskstats version 1
[    1.869716] Loading compiled-in X.509 certificates
[    1.879916] PM:   Magic number: 10:35:228
[    1.882395] vc vcsu: hash matches
[    1.884000] printk: console [netcon0] enabled
[    1.885687] netconsole: network logging started
[    1.888815] cfg80211: Loading compiled-in X.509 certificates for regulatory database
[    1.891555] kworker/u4:1 (53) used greatest stack depth: 29536 bytes left
[    1.893885] Loaded X.509 cert 'sforshee: 00b28ddf47aef9cea7'
[    1.895514] ALSA device list:
[    1.896625]   No soundcards found.
[    1.899807] Freeing unused kernel image (initmem) memory: 5624K
[    1.901513] platform regulatory.0: Direct firmware load for regulatory.db failed with error -2
[    1.905383] cfg80211: failed to load regulatory.db
[    1.908357] Write protecting the kernel read-only data: 59392k
[    1.909592] Freeing unused kernel image (rodata/data gap) memory: 192K
[    1.922429] x86/mm: Checked W+X mappings: passed, no W+X pages found.
[    1.923509] Run /init as init process
[    1.926639] mount (57) used greatest stack depth: 28704 bytes left
[    1.935732] ip (63) used greatest stack depth: 27200 bytes left

secb: rootfs ready
---- poc begin ----
[poc] cryptd(ccm(aes)) registered, port=4385
[server] partial recv -> 64 (errno=0)
[poc] done rc=0
---- poc end rc=0 ----
secb: poc exited without crashing the kernel
[    2.455879] input: ImExPS/2 Generic Explorer Mouse as /devices/platform/i8042/serio1/input/input3
[    3.608460] ACPI: PM: Preparing to enter system sleep state S5
[    3.609472] reboot: Power down
NO_CRASH_DETECTED
