bash: warning: setlocale: LC_ALL: cannot change locale (en_US.UTF-8)
c[?7l[2J[0mSeaBIOS (version 1.16.2-debian-1.16.2-1)
Booting from ROM..c[?7l[2J[0m.early console in extract_kernel
input_data: 0x000000000d27b2bf
input_len: 0x0000000004b8517e
output: 0x0000000001000000
output_len: 0x000000000f0d1a90
kernel_total_size: 0x0000000010e26000
needed_size: 0x0000000011000000
trampoline_32bit: 0x000000000009d000

Decompressing Linux... Parsing ELF... done.
Booting the kernel.
[    0.000000][    T0] Linux version 6.1.0-rc7-00202-gc67adbe9410a-dirty (root@buildkitsandbox) (gcc (Debian 12.2.0-14+deb12u1) 12.2.0, GNU ld (GNU Binutils for Debian) 2.40) #2 SMP PREEMPT_DYNAMIC Mon May 25 16:02:02 UTC 2026
[    0.000000][    T0] Command line: console=ttyS0 oops=panic panic=86400 nokaslr earlyprintk=serial rdinit=/init
[    0.000000][    T0] KERNEL supported cpus:
[    0.000000][    T0]   Intel GenuineIntel
[    0.000000][    T0]   AMD AuthenticAMD
[    0.000000][    T0] x86/fpu: Supporting XSAVE feature 0x001: 'x87 floating point registers'
[    0.000000][    T0] x86/fpu: Supporting XSAVE feature 0x002: 'SSE registers'
[    0.000000][    T0] x86/fpu: Supporting XSAVE feature 0x004: 'AVX registers'
[    0.000000][    T0] x86/fpu: xstate_offset[2]:  576, xstate_sizes[2]:  256
[    0.000000][    T0] x86/fpu: Enabled xstate features 0x7, context size is 832 bytes, using 'compacted' format.
[    0.000000][    T0] signal: max sigframe size: 1776
[    0.000000][    T0] BIOS-provided physical RAM map:
[    0.000000][    T0] BIOS-e820: [mem 0x0000000000000000-0x000000000009fbff] usable
[    0.000000][    T0] BIOS-e820: [mem 0x000000000009fc00-0x000000000009ffff] reserved
[    0.000000][    T0] BIOS-e820: [mem 0x00000000000f0000-0x00000000000fffff] reserved
[    0.000000][    T0] BIOS-e820: [mem 0x0000000000100000-0x000000007ffdffff] usable
[    0.000000][    T0] BIOS-e820: [mem 0x000000007ffe0000-0x000000007fffffff] reserved
[    0.000000][    T0] BIOS-e820: [mem 0x00000000feffc000-0x00000000feffffff] reserved
[    0.000000][    T0] BIOS-e820: [mem 0x00000000fffc0000-0x00000000ffffffff] reserved
[    0.000000][    T0] BIOS-e820: [mem 0x000000fd00000000-0x000000ffffffffff] reserved
[    0.000000][    T0] printk: bootconsole [earlyser0] enabled
[    0.000000][    T0] NX (Execute Disable) protection: active
[    0.000000][    T0] SMBIOS 2.8 present.
[    0.000000][    T0] DMI: QEMU Standard PC (i440FX + PIIX, 1996), BIOS 1.16.2-debian-1.16.2-1 04/01/2014
[    0.000000][    T0] Hypervisor detected: KVM
[    0.000000][    T0] kvm-clock: Using msrs 4b564d01 and 4b564d00
[    0.000005][    T0] kvm-clock: using sched offset of 967451726 cycles
[    0.000713][    T0] clocksource: kvm-clock: mask: 0xffffffffffffffff max_cycles: 0x1cd42e4dffb, max_idle_ns: 881590591483 ns
[    0.002780][    T0] tsc: Detected 3493.436 MHz processor
[    0.007713][    T0] last_pfn = 0x7ffe0 max_arch_pfn = 0x400000000
[    0.008469][    T0] x86/PAT: Configuration [0-7]: WB  WC  UC- UC  WB  WP  UC- WT  
[    0.012618][    T0] found SMP MP-table at [mem 0x000f5ba0-0x000f5baf]
[    0.013454][    T0] Using GB pages for direct mapping
[    0.014894][    T0] RAMDISK: [mem 0x7fe4c000-0x7ffdffff]
[    0.015548][    T0] ACPI: Early table checksum verification disabled
[    0.016305][    T0] ACPI: RSDP 0x00000000000F59D0 000014 (v00 BOCHS )
[    0.017096][    T0] ACPI: RSDT 0x000000007FFE1B33 000034 (v01 BOCHS  BXPC     00000001 BXPC 00000001)
[    0.018211][    T0] ACPI: FACP 0x000000007FFE19DF 000074 (v01 BOCHS  BXPC     00000001 BXPC 00000001)
[    0.019323][    T0] ACPI: DSDT 0x000000007FFE0040 00199F (v01 BOCHS  BXPC     00000001 BXPC 00000001)
[    0.020434][    T0] ACPI: FACS 0x000000007FFE0000 000040
[    0.021097][    T0] ACPI: APIC 0x000000007FFE1A53 000080 (v01 BOCHS  BXPC     00000001 BXPC 00000001)
[    0.022213][    T0] ACPI: HPET 0x000000007FFE1AD3 000038 (v01 BOCHS  BXPC     00000001 BXPC 00000001)
[    0.023328][    T0] ACPI: WAET 0x000000007FFE1B0B 000028 (v01 BOCHS  BXPC     00000001 BXPC 00000001)
[    0.024443][    T0] ACPI: Reserving FACP table memory at [mem 0x7ffe19df-0x7ffe1a52]
[    0.025412][    T0] ACPI: Reserving DSDT table memory at [mem 0x7ffe0040-0x7ffe19de]
[    0.026375][    T0] ACPI: Reserving FACS table memory at [mem 0x7ffe0000-0x7ffe003f]
[    0.027301][    T0] ACPI: Reserving APIC table memory at [mem 0x7ffe1a53-0x7ffe1ad2]
[    0.028227][    T0] ACPI: Reserving HPET table memory at [mem 0x7ffe1ad3-0x7ffe1b0a]
[    0.029195][    T0] ACPI: Reserving WAET table memory at [mem 0x7ffe1b0b-0x7ffe1b32]
[    0.030994][    T0] No NUMA configuration found
[    0.031541][    T0] Faking a node at [mem 0x0000000000000000-0x000000007ffdffff]
[    0.032436][    T0] NODE_DATA(0) allocated [mem 0x7fe46000-0x7fe4bfff]
[    0.036964][    T0] Zone ranges:
[    0.037385][    T0]   DMA      [mem 0x0000000000001000-0x0000000000ffffff]
[    0.038218][    T0]   DMA32    [mem 0x0000000001000000-0x000000007ffdffff]
[    0.039038][    T0]   Normal   empty
[    0.039470][    T0]   Device   empty
[    0.039899][    T0] Movable zone start for each node
[    0.040486][    T0] Early memory node ranges
[    0.041000][    T0]   node   0: [mem 0x0000000000001000-0x000000000009efff]
[    0.041831][    T0]   node   0: [mem 0x0000000000100000-0x000000007ffdffff]
[    0.042662][    T0] Initmem setup node 0 [mem 0x0000000000001000-0x000000007ffdffff]
[    0.043598][    T0] On node 0, zone DMA: 1 pages in unavailable ranges
[    0.043698][    T0] On node 0, zone DMA: 97 pages in unavailable ranges
[    0.056677][    T0] On node 0, zone DMA32: 32 pages in unavailable ranges
[    0.093639][    T0] kasan: KernelAddressSanitizer initialized
[    0.095421][    T0] ACPI: PM-Timer IO Port: 0x608
[    0.096002][    T0] ACPI: LAPIC_NMI (acpi_id[0xff] dfl dfl lint[0x1])
[    0.096839][    T0] IOAPIC[0]: apic_id 0, version 17, address 0xfec00000, GSI 0-23
[    0.097757][    T0] ACPI: INT_SRC_OVR (bus 0 bus_irq 0 global_irq 2 dfl dfl)
[    0.098600][    T0] ACPI: INT_SRC_OVR (bus 0 bus_irq 5 global_irq 5 high level)
[    0.099471][    T0] ACPI: INT_SRC_OVR (bus 0 bus_irq 9 global_irq 9 high level)
[    0.100346][    T0] ACPI: INT_SRC_OVR (bus 0 bus_irq 10 global_irq 10 high level)
[    0.101253][    T0] ACPI: INT_SRC_OVR (bus 0 bus_irq 11 global_irq 11 high level)
[    0.102165][    T0] ACPI: Using ACPI (MADT) for SMP configuration information
[    0.103016][    T0] ACPI: HPET id: 0x8086a201 base: 0xfed00000
[    0.103724][    T0] TSC deadline timer available
[    0.104283][    T0] smpboot: Allowing 2 CPUs, 0 hotplug CPUs
[    0.105024][    T0] kvm-guest: KVM setup pv remote TLB flush
[    0.105704][    T0] kvm-guest: setup PV sched yield
[    0.106316][    T0] PM: hibernation: Registered nosave memory: [mem 0x00000000-0x00000fff]
[    0.107314][    T0] PM: hibernation: Registered nosave memory: [mem 0x0009f000-0x0009ffff]
[    0.108301][    T0] PM: hibernation: Registered nosave memory: [mem 0x000a0000-0x000effff]
[    0.109295][    T0] PM: hibernation: Registered nosave memory: [mem 0x000f0000-0x000fffff]
[    0.110286][    T0] [mem 0x80000000-0xfeffbfff] available for PCI devices
[    0.111096][    T0] Booting paravirtualized kernel on KVM
[    0.111754][    T0] clocksource: refined-jiffies: mask: 0xffffffff max_cycles: 0xffffffff, max_idle_ns: 19112604462750000 ns
[    0.156155][    T0] setup_percpu: NR_CPUS:8 nr_cpumask_bits:2 nr_cpu_ids:2 nr_node_ids:1
[    0.157519][    T0] percpu: Embedded 69 pages/cpu s244360 r8192 d30072 u1048576
[    0.158532][    T0] kvm-guest: PV spinlocks enabled
[    0.159148][    T0] PV qspinlock hash table entries: 256 (order: 0, 4096 bytes, linear)
[    0.160167][    T0] Fallback order for Node 0: 0 
[    0.160826][    T0] Built 1 zonelists, mobility grouping on.  Total pages: 515808
[    0.161783][    T0] Policy zone: DMA32
[    0.162266][    T0] Kernel command line: console=ttyS0 oops=panic panic=86400 nokaslr earlyprintk=serial rdinit=/init
[    0.164206][    T0] random: crng init done
[    0.165012][    T0] Dentry cache hash table entries: 262144 (order: 9, 2097152 bytes, linear)
[    0.166508][    T0] Inode-cache hash table entries: 131072 (order: 8, 1048576 bytes, linear)
[    0.168193][    T0] mem auto-init: stack:off, heap alloc:on, heap free:off
[    0.170391][    T0] stackdepot hash table entries: 1048576 (order: 11, 8388608 bytes, linear)
[    0.271033][    T0] Memory: 1473832K/2096632K available (149535K kernel code, 36088K rwdata, 30676K rodata, 2760K init, 33980K bss, 622544K reserved, 0K cma-reserved)
[    0.273282][    T0] SLUB: HWalign=64, Order=0-3, MinObjects=0, CPUs=2, Nodes=1
[    0.275441][    T0] Dynamic Preempt: full
[    0.276307][    T0] Running RCU self tests
[    0.276838][    T0] rcu: Preemptible hierarchical RCU implementation.
[    0.277638][    T0] rcu: 	RCU lockdep checking is enabled.
[    0.278319][    T0] rcu: 	RCU restricting CPUs from NR_CPUS=8 to nr_cpu_ids=2.
[    0.279219][    T0] rcu: 	RCU callback double-/use-after-free debug is enabled.
[    0.280155][    T0] rcu: 	RCU debug extended QS entry/exit.
[    0.280874][    T0] 	Trampoline variant of Tasks RCU enabled.
[    0.281593][    T0] 	Tracing variant of Tasks RCU enabled.
[    0.282271][    T0] rcu: RCU calculated value of scheduler-enlistment delay is 10 jiffies.
[    0.283288][    T0] rcu: Adjusting geometry for rcu_fanout_leaf=16, nr_cpu_ids=2
[    0.311708][    T0] NR_IRQS: 4352, nr_irqs: 440, preallocated irqs: 16
[    0.312959][    T0] rcu: srcu_init: Setting srcu_struct sizes based on contention.
[    0.314134][    T0] kfence: initialized - using 2097152 bytes for 255 objects at 0x(____ptrval____)-0x(____ptrval____)
[    0.323659][    T0] Console: colour VGA+ 80x25
[    0.324261][    T0] printk: console [ttyS0] enabled
[    0.324261][    T0] printk: console [ttyS0] enabled
[    0.325463][    T0] printk: bootconsole [earlyser0] disabled
[    0.325463][    T0] printk: bootconsole [earlyser0] disabled
[    0.326913][    T0] Lock dependency validator: Copyright (c) 2006 Red Hat, Inc., Ingo Molnar
[    0.327927][    T0] ... MAX_LOCKDEP_SUBCLASSES:  8
[    0.328509][    T0] ... MAX_LOCK_DEPTH:          48
[    0.329126][    T0] ... MAX_LOCKDEP_KEYS:        8192
[    0.329756][    T0] ... CLASSHASH_SIZE:          4096
[    0.330382][    T0] ... MAX_LOCKDEP_ENTRIES:     131072
[    0.331064][    T0] ... MAX_LOCKDEP_CHAINS:      262144
[    0.331708][    T0] ... CHAINHASH_SIZE:          131072
[    0.332354][    T0]  memory used by lock dependency info: 20657 kB
[    0.333139][    T0]  memory used for stack traces: 8320 kB
[    0.333815][    T0]  per task-struct memory footprint: 1920 bytes
[    0.334678][    T0] ACPI: Core revision 20220331
[    0.335626][    T0] clocksource: hpet: mask: 0xffffffff max_cycles: 0xffffffff, max_idle_ns: 19112604467 ns
[    0.337048][    T0] APIC: Switch to symmetric I/O mode setup
[    0.337926][    T0] x2apic enabled
[    0.338623][    T0] Switched APIC routing to physical x2apic.
[    0.339389][    T0] kvm-guest: setup PV IPIs
[    0.341327][    T0] ..TIMER: vector=0x30 apic1=0 pin1=2 apic2=-1 pin2=-1
[    0.342172][    T0] tsc: Marking TSC unstable due to TSCs unsynchronized
[    0.343047][    T0] Calibrating delay loop (skipped) preset value.. 6986.87 BogoMIPS (lpj=34934360)
[    0.344135][    T0] pid_max: default: 32768 minimum: 301
[    0.344906][    T0] LSM: Security Framework initializing
[    0.345594][    T0] landlock: Up and running.
[    0.346114][    T0] Yama: becoming mindful.
[    0.346671][    T0] TOMOYO Linux initialized
[    0.353201][    T0] AppArmor: AppArmor initialized
[    0.353791][    T0] LSM support for eBPF active
[    0.354516][    T0] Mount-cache hash table entries: 4096 (order: 3, 32768 bytes, linear)
[    0.355484][    T0] Mountpoint-cache hash table entries: 4096 (order: 3, 32768 bytes, linear)
[    0.358119][    T0] x86/cpu: User Mode Instruction Prevention (UMIP) activated
[    0.359110][    T0] Last level iTLB entries: 4KB 512, 2MB 255, 4MB 127
[    0.359906][    T0] Last level dTLB entries: 4KB 512, 2MB 255, 4MB 127, 1GB 0
[    0.360775][    T0] Spectre V1 : Mitigation: usercopy/swapgs barriers and __user pointer sanitization
[    0.361878][    T0] Spectre V2 : Kernel not compiled with retpoline; no mitigation available!
[    0.361883][    T0] Spectre V2 : Vulnerable
[    0.363543][    T0] Spectre V2 : Spectre v2 / SpectreRSB mitigation: Filling RSB on context switch
[    0.364608][    T0] Spectre V2 : Enabling Speculation Barrier for firmware calls
[    0.365485][    T0] RETBleed: Mitigation: IBPB
[    0.366027][    T0] Spectre V2 : mitigation: Enabling conditional Indirect Branch Prediction Barrier
[    0.367150][    T0] Speculative Store Bypass: Mitigation: Speculative Store Bypass disabled via prctl
[    0.369825][    T0] Freeing SMP alternatives memory: 116K
[    0.370912][    T1] smpboot: CPU0: AMD Ryzen Threadripper PRO 3975WX 32-Cores (family: 0x17, model: 0x31, stepping: 0x0)
[    0.373023][    T1] cblist_init_generic: Setting adjustable number of callback queues.
[    0.373023][    T1] cblist_init_generic: Setting shift to 1 and lim to 1.
[    0.373023][    T1] cblist_init_generic: Setting shift to 1 and lim to 1.
[    0.373023][    T1] Running RCU-tasks wait API self tests
[    0.473306][    T1] Performance Events: Fam17h+ core perfctr, AMD PMU driver.
[    0.474321][    T1] ... version:                0
[    0.474886][    T1] ... bit width:              48
[    0.475515][    T1] ... generic registers:      6
[    0.476115][    T1] ... value mask:             0000ffffffffffff
[    0.476848][    T1] ... max period:             00007fffffffffff
[    0.477576][    T1] ... fixed-purpose events:   0
[    0.478155][    T1] ... event mask:             000000000000003f
[    0.479567][    T1] rcu: Hierarchical SRCU implementation.
[    0.480239][    T1] rcu: 	Max phase no-delay instances is 1000.
[    0.484171][    T1] smp: Bringing up secondary CPUs ...
[    0.485661][    T1] x86: Booting SMP configuration:
[    0.486292][    T1] .... node  #0, CPUs:      #1
[    0.487296][    T1] smp: Brought up 1 node, 2 CPUs
[    0.487296][    T1] smpboot: Max logical packages: 1
[    0.487296][    T1] smpboot: Total of 2 processors activated (13973.74 BogoMIPS)
[    0.487296][    T1] devtmpfs: initialized
[    0.487296][    T1] x86/mm: Memory block size: 128MB
[    0.509006][    T1] clocksource: jiffies: mask: 0xffffffff max_cycles: 0xffffffff, max_idle_ns: 19112604462750000 ns
[    0.509006][    T1] futex hash table entries: 512 (order: 4, 65536 bytes, linear)
[    0.513086][   T13] Callback from call_rcu_tasks_trace() invoked.
[    0.515077][    T1] PM: RTC time: 16:03:19, date: 2026-05-25
[    0.518643][    T1] NET: Registered PF_NETLINK/PF_ROUTE protocol family
[    0.520870][    T1] audit: initializing netlink subsys (disabled)
[    0.521813][   T26] audit: type=2000 audit(1779724999.585:1): state=initialized audit_enabled=0 res=1
[    0.523259][    T1] thermal_sys: Registered thermal governor 'step_wise'
[    0.523267][    T1] thermal_sys: Registered thermal governor 'user_space'
[    0.524226][    T1] cpuidle: using governor menu
[    0.525666][    T1] NET: Registered PF_QIPCRTR protocol family
[    0.527054][    T1] PCI: Using configuration type 1 for base access
[    0.527054][    T1] PCI: Using configuration type 1 for extended access
[    0.661405][    T1] HugeTLB: registered 1.00 GiB page size, pre-allocated 0 pages
[    0.661405][    T1] HugeTLB: 16380 KiB vmemmap can be freed for a 1.00 GiB page
[    0.661405][    T1] HugeTLB: registered 2.00 MiB page size, pre-allocated 0 pages
[    0.663052][    T1] HugeTLB: 28 KiB vmemmap can be freed for a 2.00 MiB page
[    0.676470][    T1] cryptd: max_cpu_qlen set to 1000
[    0.684464][    T1] raid6: skipped pq benchmark and selected avx2x4
[    0.686377][    T1] raid6: using avx2x2 recovery algorithm
[    0.689126][    T1] ACPI: Added _OSI(Module Device)
[    0.689126][    T1] ACPI: Added _OSI(Processor Device)
[    0.689126][    T1] ACPI: Added _OSI(3.0 _SCP Extensions)
[    0.693279][    T1] ACPI: Added _OSI(Processor Aggregator Device)
[    0.693933][   T12] Callback from call_rcu_tasks() invoked.
[    0.726412][    T1] ACPI: 1 ACPI AML tables successfully acquired and loaded
[    0.795830][    T1] ACPI: Interpreter enabled
[    0.796694][    T1] ACPI: PM: (supports S0 S3 S4 S5)
[    0.797441][    T1] ACPI: Using IOAPIC for interrupt routing
[    0.798396][    T1] PCI: Using host bridge windows from ACPI; if necessary, use "pci=nocrs" and report a bug
[    0.799784][    T1] PCI: Using E820 reservations for host bridge windows
[    0.799784][    T1] ACPI: Enabled 2 GPEs in block 00 to 0F
[    0.839504][    T1] ACPI: PCI Root Bridge [PCI0] (domain 0000 [bus 00-ff])
[    0.840555][    T1] acpi PNP0A03:00: _OSC: OS supports [ExtendedConfig ASPM ClockPM Segments MSI HPX-Type3]
[    0.843551][    T1] PCI host bridge to bus 0000:00
[    0.844260][    T1] pci_bus 0000:00: root bus resource [io  0x0000-0x0cf7 window]
[    0.845349][    T1] pci_bus 0000:00: root bus resource [io  0x0d00-0xffff window]
[    0.846428][    T1] pci_bus 0000:00: root bus resource [mem 0x000a0000-0x000bffff window]
[    0.847602][    T1] pci_bus 0000:00: root bus resource [mem 0x80000000-0xfebfffff window]
[    0.848771][    T1] pci_bus 0000:00: root bus resource [mem 0x100000000-0x17fffffff window]
[    0.849976][    T1] pci_bus 0000:00: root bus resource [bus 00-ff]
[    0.851213][    T1] pci 0000:00:00.0: [8086:1237] type 00 class 0x060000
[    0.866752][    T1] pci 0000:00:01.0: [8086:7000] type 00 class 0x060100
[    0.881864][    T1] pci 0000:00:01.1: [8086:7010] type 00 class 0x010180
[    0.884459][    T1] pci 0000:00:01.1: reg 0x20: [io  0xc000-0xc00f]
[    0.886033][    T1] pci 0000:00:01.1: legacy IDE quirk: reg 0x10: [io  0x01f0-0x01f7]
[    0.887147][    T1] pci 0000:00:01.1: legacy IDE quirk: reg 0x14: [io  0x03f6]
[    0.888181][    T1] pci 0000:00:01.1: legacy IDE quirk: reg 0x18: [io  0x0170-0x0177]
[    0.889293][    T1] pci 0000:00:01.1: legacy IDE quirk: reg 0x1c: [io  0x0376]
[    0.890876][    T1] pci 0000:00:01.3: [8086:7113] type 00 class 0x068000
[    0.892295][    T1] pci 0000:00:01.3: quirk: [io  0x0600-0x063f] claimed by PIIX4 ACPI
[    0.893049][    T1] pci 0000:00:01.3: quirk: [io  0x0700-0x070f] claimed by PIIX4 SMB
[    0.894562][    T1] pci 0000:00:02.0: [1234:1111] type 00 class 0x030000
[    0.896571][    T1] pci 0000:00:02.0: reg 0x10: [mem 0xfd000000-0xfdffffff pref]
[    0.898784][    T1] pci 0000:00:02.0: reg 0x18: [mem 0xfebf0000-0xfebf0fff]
[    0.903062][    T1] pci 0000:00:02.0: reg 0x30: [mem 0xfebe0000-0xfebeffff pref]
[    0.904399][    T1] pci 0000:00:02.0: Video device with shadowed ROM at [mem 0x000c0000-0x000dffff]
[    0.925193][    T1] ACPI: PCI: Interrupt link LNKA configured for IRQ 10
[    0.927512][    T1] ACPI: PCI: Interrupt link LNKB configured for IRQ 10
[    0.929764][    T1] ACPI: PCI: Interrupt link LNKC configured for IRQ 11
[    0.932043][    T1] ACPI: PCI: Interrupt link LNKD configured for IRQ 11
[    0.933577][    T1] ACPI: PCI: Interrupt link LNKS configured for IRQ 9
[    0.948366][    T1] iommu: Default domain type: Translated 
[    0.948366][    T1] iommu: DMA domain TLB invalidation policy: lazy mode 
[    0.948366][    T1] SCSI subsystem initialized
[    0.963543][    T1] ACPI: bus type USB registered
[    0.964297][    T1] usbcore: registered new interface driver usbfs
[    0.965138][    T1] usbcore: registered new interface driver hub
[    0.965931][    T1] usbcore: registered new device driver usb
[    0.967294][    T1] mc: Linux media interface: v0.10
[    0.968083][    T1] videodev: Linux video capture interface: v2.00
[    0.969158][    T1] pps_core: LinuxPPS API ver. 1 registered
[    0.969837][    T1] pps_core: Software ver. 5.3.6 - Copyright 2005-2007 Rodolfo Giometti <giometti@linux.it>
[    0.971028][    T1] PTP clock support registered
[    0.971800][    T1] EDAC MC: Ver: 3.0.0
[    0.974220][    T1] Advanced Linux Sound Architecture Driver Initialized.
[    0.976696][    T1] Bluetooth: Core ver 2.22
[    0.977300][    T1] NET: Registered PF_BLUETOOTH protocol family
[    0.978017][    T1] Bluetooth: HCI device and connection manager initialized
[    0.978873][    T1] Bluetooth: HCI socket layer initialized
[    0.979563][    T1] Bluetooth: L2CAP socket layer initialized
[    0.980394][    T1] Bluetooth: SCO socket layer initialized
[    0.981096][    T1] NET: Registered PF_ATMPVC protocol family
[    0.981783][    T1] NET: Registered PF_ATMSVC protocol family
[    0.982598][    T1] NetLabel: Initializing
[    0.983060][    T1] NetLabel:  domain hash size = 128
[    0.983682][    T1] NetLabel:  protocols = UNLABELED CIPSOv4 CALIPSO
[    0.984586][    T1] NetLabel:  unlabeled traffic allowed by default
[    0.986090][    T1] nfc: nfc_init: NFC Core ver 0.1
[    0.986802][    T1] NET: Registered PF_NFC protocol family
[    0.987497][    T1] PCI: Using ACPI for IRQ routing
[    0.988420][    T1] pci 0000:00:02.0: vgaarb: setting as boot VGA device
[    0.989232][    T1] pci 0000:00:02.0: vgaarb: bridge control possible
[    0.990007][    T1] pci 0000:00:02.0: vgaarb: VGA device added: decodes=io+mem,owns=io+mem,locks=none
[    0.991095][    T1] vgaarb: loaded
[    0.992161][    T1] hpet0: at MMIO 0xfed00000, IRQs 2, 8, 0
[    0.992848][    T1] hpet0: 3 comparators, 64-bit 100.000000 MHz counter
[    1.008450][    T1] clocksource: Switched to clocksource kvm-clock
[    1.010550][    T1] VFS: Disk quotas dquot_6.6.0
[    1.011176][    T1] VFS: Dquot-cache hash table entries: 512 (order 0, 4096 bytes)
[    1.012330][    T1] FS-Cache: Loaded
[    1.012330][    T1] CacheFiles: Loaded
[    1.012330][    T1] TOMOYO: 2.6.0
[    1.012330][    T1] Mandatory Access Control activated.
[    1.012330][    T1] AppArmor: AppArmor Filesystem Enabled
[    1.012330][    T1] pnp: PnP ACPI init
[    1.016450][    T1] pnp: PnP ACPI: found 6 devices
[    1.038809][    T1] clocksource: acpi_pm: mask: 0xffffff max_cycles: 0xffffff, max_idle_ns: 2085701024 ns
[    1.040285][    T1] NET: Registered PF_INET protocol family
[    1.041211][    T1] IP idents hash table entries: 32768 (order: 6, 262144 bytes, linear)
[    1.044184][    T1] tcp_listen_portaddr_hash hash table entries: 1024 (order: 4, 73728 bytes, linear)
[    1.045489][    T1] Table-perturb hash table entries: 65536 (order: 6, 262144 bytes, linear)
[    1.046525][    T1] TCP established hash table entries: 16384 (order: 5, 131072 bytes, linear)
[    1.048585][    T1] TCP bind hash table entries: 16384 (order: 9, 2359296 bytes, linear)
[    1.050838][    T1] TCP: Hash tables configured (established 16384 bind 16384)
[    1.052086][    T1] MPTCP token hash table entries: 2048 (order: 5, 180224 bytes, linear)
[    1.053246][    T1] UDP hash table entries: 1024 (order: 5, 163840 bytes, linear)
[    1.054242][    T1] UDP-Lite hash table entries: 1024 (order: 5, 163840 bytes, linear)
[    1.055549][    T1] NET: Registered PF_UNIX/PF_LOCAL protocol family
[    1.057408][    T1] RPC: Registered named UNIX socket transport module.
[    1.058242][    T1] RPC: Registered udp transport module.
[    1.058890][    T1] RPC: Registered tcp transport module.
[    1.059531][    T1] RPC: Registered tcp NFSv4.1 backchannel transport module.
[    1.061363][    T1] NET: Registered PF_XDP protocol family
[    1.062047][    T1] pci_bus 0000:00: resource 4 [io  0x0000-0x0cf7 window]
[    1.062866][    T1] pci_bus 0000:00: resource 5 [io  0x0d00-0xffff window]
[    1.063721][    T1] pci_bus 0000:00: resource 6 [mem 0x000a0000-0x000bffff window]
[    1.064626][    T1] pci_bus 0000:00: resource 7 [mem 0x80000000-0xfebfffff window]
[    1.065524][    T1] pci_bus 0000:00: resource 8 [mem 0x100000000-0x17fffffff window]
[    1.066840][    T1] pci 0000:00:01.0: PIIX3: Enabling Passive Release
[    1.067694][    T1] pci 0000:00:00.0: Limiting direct PCI/PCI transfers
[    1.068571][    T1] PCI: CLS 0 bytes, default 64
[    1.069225][    T1] ACPI: bus type thunderbolt registered
[    1.070612][    T1] kvm: no hardware support for 'kvm_intel'
[    1.071486][    T1] kvm: Nested Virtualization enabled
[    1.071712][   T46] Trying to unpack rootfs image as initramfs...
[    1.072115][    T1] SVM: kvm: Nested Paging enabled
[    1.086424][   T64] cryptomgr_test (64) used greatest stack depth: 29824 bytes left
[    1.089064][   T72] cryptomgr_test (72) used greatest stack depth: 29808 bytes left
[    1.091536][   T78] cryptomgr_test (78) used greatest stack depth: 28480 bytes left
[    1.204271][   T46] Freeing initrd memory: 1616K
[    1.205550][   T97] kworker/u4:1 (97) used greatest stack depth: 28208 bytes left
[    1.208162][   T66] kworker/u4:4 (66) used greatest stack depth: 27808 bytes left
[    3.581323][    T1] Initialise system trusted keyrings
[    3.582414][    T1] workingset: timestamp_bits=40 max_order=19 bucket_order=0
[    3.610897][    T1] zbud: loaded
[    3.616300][    T1] DLM installed
[    3.620862][    T1] squashfs: version 4.0 (2009/01/31) Phillip Lougher
[    3.628327][    T1] NFS: Registering the id_resolver key type
[    3.629118][    T1] Key type id_resolver registered
[    3.629744][    T1] Key type id_legacy registered
[    3.630543][    T1] nfs4filelayout_init: NFSv4 File Layout Driver Registering...
[    3.631480][    T1] nfs4flexfilelayout_init: NFSv4 Flexfile Layout Driver Registering...
[    3.637633][    T1] Key type cifs.spnego registered
[    3.638316][    T1] Key type cifs.idmap registered
[    3.639241][    T1] ntfs: driver 2.1.32 [Flags: R/W].
[    3.640761][    T1] ntfs3: Max link count 4000
[    3.641313][    T1] ntfs3: Enabled Linux POSIX ACLs support
[    3.642002][    T1] ntfs3: Read-only LZX/Xpress compression included
[    3.643530][    T1] efs: 1.0a - http://aeschi.ch.eu.org/efs/
[    3.644430][    T1] jffs2: version 2.2. (NAND) (SUMMARY)  © 2001-2006 Red Hat, Inc.
[    3.647548][    T1] romfs: ROMFS MTD (C) 2007 Red Hat, Inc.
[    3.648611][    T1] QNX4 filesystem 0.2.3 registered.
[    3.649425][    T1] qnx6: QNX6 filesystem 1.0.0 registered.
[    3.650608][    T1] fuse: init (API version 7.37)
[    3.653869][    T1] orangefs_debugfs_init: called with debug mask: :none: :0:
[    3.655050][    T1] orangefs_init: module version upstream loaded
[    3.656408][    T1] JFS: nTxBlock = 8192, nTxLock = 65536
[    3.660948][    T1] SGI XFS with ACLs, security attributes, realtime, quota, no debug enabled
[    3.668532][    T1] 9p: Installing v9fs 9p2000 file system support
[    3.670217][    T1] NILFS version 2 loaded
[    3.670730][    T1] befs: version: 0.9.3
[    3.672212][    T1] ocfs2: Registered cluster interface o2cb
[    3.673317][    T1] ocfs2: Registered cluster interface user
[    3.674342][    T1] OCFS2 User DLM kernel interface loaded
[    3.681501][    T1] gfs2: GFS2 installed
[    3.688804][    T1] ceph: loaded (mds proto 32)
[    3.698100][    T1] NET: Registered PF_ALG protocol family
[    3.698980][    T1] xor: automatically using best checksumming function   avx       
[    3.699998][    T1] async_tx: api initialized (async)
[    3.700616][    T1] Key type asymmetric registered
[    3.701207][    T1] Asymmetric key parser 'x509' registered
[    3.701889][    T1] Asymmetric key parser 'pkcs8' registered
[    3.702559][    T1] Key type pkcs7_test registered
[    3.705161][    T1] alg: self-tests for CTR-KDF (hmac(sha256)) passed
[    3.706052][    T1] Block layer SCSI generic (bsg) driver version 0.4 loaded (major 240)
[    3.707346][    T1] io scheduler mq-deadline registered
[    3.707991][    T1] io scheduler kyber registered
[    3.708947][    T1] io scheduler bfq registered
[    3.712729][    T1] input: Power Button as /devices/LNXSYSTM:00/LNXPWRBN:00/input/input0
[    3.714942][    T1] ACPI: button: Power Button [PWRF]
[    3.715057][  T157] kworker/u4:2 (157) used greatest stack depth: 27264 bytes left
[    3.868055][    T1] N_HDLC line discipline registered with maxframe=4096
[    3.868934][    T1] Serial: 8250/16550 driver, 4 ports, IRQ sharing enabled
[    3.870184][    T1] 00:04: ttyS0 at I/O 0x3f8 (irq = 4, base_baud = 115200) is a 16550A
[    3.880283][    T1] Non-volatile memory driver v1.3
[    3.881050][    T1] Linux agpgart interface v0.103
[    3.884594][    T1] ACPI: bus type drm_connector registered
[    3.889358][    T1] [drm] Initialized vgem 1.0.0 20120112 for vgem on minor 0
[    3.893602][    T1] [drm] Initialized vkms 1.0.0 20180514 for vkms on minor 1
[    3.943545][    T1] Console: switching to colour frame buffer device 128x48
[    3.960938][    T1] platform vkms: [drm] fb0: vkmsdrmfb frame buffer device
[    3.961961][    T1] usbcore: registered new interface driver udl
[    3.962974][    T1] bochs-drm 0000:00:02.0: vgaarb: deactivate vga console
[    3.966163][    T1] [drm] Found bochs VGA, ID 0xb0c5.
[    3.966781][    T1] [drm] Framebuffer size 16384 kB @ 0xfd000000, mmio @ 0xfebf0000.
[    3.969223][    T1] [drm] Found EDID data blob.
[    3.970855][    T1] [drm] Initialized bochs-drm 1.0.0 20130925 for 0000:00:02.0 on minor 2
[    3.974588][    T1] fbcon: bochs-drmdrmfb (fb1) is primary device
[    3.974600][    T1] fbcon: Remapping primary device, fb1, to tty 1-63
[   10.651558][    T1] bochs-drm 0000:00:02.0: [drm] fb1: bochs-drmdrmfb frame buffer device
[   10.658921][   T40] Floppy drive(s): fd0 is 2.88M AMI BIOS
[   10.683846][   T40] FDC 0 is a S82078B
[   10.694272][    T1] brd: module loaded
[   10.754369][    T1] loop: module loaded
[   10.813415][    T1] zram: Added device: zram0
[   10.817622][    T1] null_blk: disk nullb0 created
[   10.818208][    T1] null_blk: module loaded
[   10.819065][    T1] Guest personality initialized and is inactive
[   10.820334][    T1] VMCI host device registered (name=vmci, major=10, minor=119)
[   10.821225][    T1] Initialized host personality
[   10.821998][    T1] usbcore: registered new interface driver rtsx_usb
[   10.823472][    T1] usbcore: registered new interface driver viperboard
[   10.824627][    T1] usbcore: registered new interface driver dln2
[   10.825716][    T1] usbcore: registered new interface driver pn533_usb
[   10.828537][    T1] nfcsim 0.2 initialized
[   10.829260][    T1] usbcore: registered new interface driver port100
[   10.830190][    T1] usbcore: registered new interface driver nfcmrvl
[   10.833604][    T1] Loading iSCSI transport class v2.0-870.
[   10.834553][  T935] kworker/u4:2 (935) used greatest stack depth: 26816 bytes left
[   10.838993][    T1] st: Version 20160209, fixed bufsize 32768, s/g segs 256
[   10.851967][    T1] scsi host0: ata_piix
[   10.855857][    T1] scsi host1: ata_piix
[   10.857047][    T1] ata1: PATA max MWDMA2 cmd 0x1f0 ctl 0x3f6 bmdma 0xc000 irq 14
[   10.858121][    T1] ata2: PATA max MWDMA2 cmd 0x170 ctl 0x376 bmdma 0xc008 irq 15
[   10.862696][    T1] Rounding down aligned max_sectors from 4294967295 to 4294967288
[   10.864499][    T1] db_root: cannot open: /etc/target
[   10.865748][    T1] slram: not enough parameters.
[   10.868978][    T1] ftl_cs: FTL header not found.
[   10.884104][    T1] wireguard: WireGuard 1.0.0 loaded. See www.wireguard.com for information.
[   10.885200][    T1] wireguard: Copyright (C) 2015-2019 Jason A. Donenfeld <Jason@zx2c4.com>. All Rights Reserved.
[   10.886404][    T1] eql: Equalizer2002: Simon Janes (simon@ncm.com) and David S. Miller (davem@redhat.com)
[   10.889991][    T1] MACsec IEEE 802.1AE
[   10.901267][    T1] tun: Universal TUN/TAP device driver, 1.6
[   10.902753][    T1] vcan: Virtual CAN interface driver
[   10.903467][    T1] vxcan: Virtual CAN Tunnel driver
[   10.904093][    T1] slcan: serial line CAN interface driver
[   10.904790][    T1] CAN device driver interface
[   10.905449][    T1] usbcore: registered new interface driver usb_8dev
[   10.906290][    T1] usbcore: registered new interface driver ems_usb
[   10.907126][    T1] usbcore: registered new interface driver gs_usb
[   10.907953][    T1] usbcore: registered new interface driver kvaser_usb
[   10.908828][    T1] usbcore: registered new interface driver mcba_usb
[   10.909673][    T1] usbcore: registered new interface driver peak_usb
[   10.910614][    T1] e100: Intel(R) PRO/100 Network Driver
[   10.911265][    T1] e100: Copyright(c) 1999-2006 Intel Corporation
[   10.912084][    T1] e1000: Intel(R) PRO/1000 Network Driver
[   10.912753][    T1] e1000: Copyright (c) 1999-2006 Intel Corporation.
[   10.916207][    T1] e1000e: Intel(R) PRO/1000 Network Driver
[   10.916891][    T1] e1000e: Copyright(c) 1999 - 2015 Intel Corporation.
[   10.918092][    T1] mkiss: AX.25 Multikiss, Hans Albas PE1AYX
[   10.918787][    T1] AX.25: 6pack driver, Revision: 0.3.0
[   10.919438][    T1] AX.25: bpqether driver version 004
[   10.920063][    T1] PPP generic driver version 2.4.2
[   10.921036][    T1] PPP BSD Compression module registered
[   10.921699][    T1] PPP Deflate Compression module registered
[   10.922429][    T1] PPP MPPE Compression module registered
[   10.923128][    T1] NET: Registered PF_PPPOX protocol family
[   10.923850][    T1] PPTP driver version 0.8.5
[   10.924496][    T1] SLIP: version 0.8.4-NET3.019-NEWTTY (dynamic channels, max=256) (6 bit encapsulation enabled).
[   10.925711][    T1] CSLIP: code copyright 1989 Regents of the University of California.
[   10.926652][    T1] SLIP linefill/keepalive option.
[   10.927236][    T1] hdlc: HDLC support module revision 1.22
[   10.927930][    T1] LAPB Ethernet driver version 0.02
[   10.928837][    T1] usbcore: registered new interface driver ath9k_htc
[   10.929706][    T1] usbcore: registered new interface driver carl9170
[   10.930568][    T1] usbcore: registered new interface driver ath6kl_usb
[   10.931433][    T1] usbcore: registered new interface driver ar5523
[   10.932380][    T1] usbcore: registered new interface driver ath10k_usb
[   10.933339][    T1] usbcore: registered new interface driver rndis_wlan
[   10.934267][    T1] mac80211_hwsim: initializing netlink
[   10.946648][    T1] usbcore: registered new interface driver atusb
[   10.951797][    T1] mac802154_hwsim mac802154_hwsim: Added 2 mac802154 hwsim hardware radios
[   10.953077][    T1] VMware vmxnet3 virtual NIC driver - version 1.7.0.0-k-NAPI
[   10.954145][    T1] usbcore: registered new interface driver catc
[   10.954956][    T1] usbcore: registered new interface driver kaweth
[   10.955728][    T1] pegasus: Pegasus/Pegasus II USB Ethernet driver
[   10.956565][    T1] usbcore: registered new interface driver pegasus
[   10.957399][    T1] usbcore: registered new interface driver rtl8150
[   10.958253][    T1] usbcore: registered new interface driver r8152
[   10.959007][    T1] hso: drivers/net/usb/hso.c: Option Wireless
[   10.959839][    T1] usbcore: registered new interface driver hso
[   10.960635][    T1] usbcore: registered new interface driver lan78xx
[   10.961486][    T1] usbcore: registered new interface driver asix
[   10.962291][    T1] usbcore: registered new interface driver ax88179_178a
[   10.963219][    T1] usbcore: registered new interface driver cdc_ether
[   10.964085][    T1] usbcore: registered new interface driver cdc_eem
[   10.964919][    T1] usbcore: registered new interface driver dm9601
[   10.965736][    T1] usbcore: registered new interface driver sr9700
[   10.966574][    T1] usbcore: registered new interface driver CoreChips
[   10.967461][    T1] usbcore: registered new interface driver smsc75xx
[   10.968334][    T1] usbcore: registered new interface driver smsc95xx
[   10.969188][    T1] usbcore: registered new interface driver gl620a
[   10.970010][    T1] usbcore: registered new interface driver net1080
[   10.970845][    T1] usbcore: registered new interface driver plusb
[   10.971662][    T1] usbcore: registered new interface driver rndis_host
[   10.972526][    T1] usbcore: registered new interface driver cdc_subset
[   10.973411][    T1] usbcore: registered new interface driver zaurus
[   10.974241][    T1] usbcore: registered new interface driver MOSCHIP usb-ethernet driver
[   10.975709][    T1] usbcore: registered new interface driver int51x1
[   10.976557][    T1] usbcore: registered new interface driver cdc_phonet
[   10.977435][    T1] usbcore: registered new interface driver kalmia
[   10.978263][    T1] usbcore: registered new interface driver ipheth
[   10.979146][    T1] usbcore: registered new interface driver sierra_net
[   10.980018][    T1] usbcore: registered new interface driver cx82310_eth
[   10.980925][    T1] usbcore: registered new interface driver cdc_ncm
[   10.981762][    T1] usbcore: registered new interface driver huawei_cdc_ncm
[   10.982664][    T1] usbcore: registered new interface driver lg-vl600
[   10.983656][    T1] usbcore: registered new interface driver qmi_wwan
[   10.984506][    T1] usbcore: registered new interface driver cdc_mbim
[   10.985350][    T1] usbcore: registered new interface driver ch9200
[   10.986178][    T1] usbcore: registered new interface driver r8153_ecm
[   10.988654][    T1] VFIO - User Level meta-driver version: 0.3
[   10.993461][    T1] aoe: AoE v85 initialised.
[   10.999799][    T1] Warning! fotg210_hcd should always be loaded before uhci_hcd and ohci_hcd, not after
[   11.001157][    T1] SPI driver max3421-hcd has no spi_device_id for maxim,max3421
[   11.002561][    T1] usbcore: registered new interface driver cdc_acm
[   11.004540][    T1] cdc_acm: USB Abstract Control Model driver for USB modems and ISDN adapters
[   11.006559][    T1] usbcore: registered new interface driver usblp
[   11.007405][    T1] usbcore: registered new interface driver cdc_wdm
[   11.008252][    T1] usbcore: registered new interface driver usbtmc
[   11.009377][    T1] usbcore: registered new interface driver uas
[   11.010315][    T1] usbcore: registered new interface driver usb-storage
[   11.011280][    T1] usbcore: registered new interface driver ums-alauda
[   11.012242][    T1] usbcore: registered new interface driver ums-cypress
[   11.013247][    T1] usbcore: registered new interface driver ums-datafab
[   11.014193][    T1] usbcore: registered new interface driver ums_eneub6250
[   11.015170][    T1] usbcore: registered new interface driver ums-freecom
[   11.016139][    T1] usbcore: registered new interface driver ums-isd200
[   11.017087][    T1] usbcore: registered new interface driver ums-jumpshot
[   11.018046][    T1] usbcore: registered new interface driver ums-karma
[   11.018981][    T1] usbcore: registered new interface driver ums-onetouch
[   11.020012][    T1] usbcore: registered new interface driver ums-realtek
[   11.020974][    T1] usbcore: registered new interface driver ums-sddr09
[   11.022041][    T1] usbcore: registered new interface driver ums-sddr55
[   11.023344][ T1004] ata2: found unknown device (class 0)
[   11.025663][ T1004] ata2.00: ATAPI: QEMU DVD-ROM, 2.5+, max UDMA/100
[   11.027060][    T1] usbcore: registered new interface driver ums-usbat
[   11.028041][    T1] usbcore: registered new interface driver mdc800
[   11.028905][    T1] mdc800: v0.7.5 (30/10/2000):USB Driver for Mustek MDC800 Digital Camera
[   11.028941][    T9] scsi 1:0:0:0: CD-ROM            QEMU     QEMU DVD-ROM     2.5+ PQ: 0 ANSI: 5
[   11.029963][    T1] usbcore: registered new interface driver microtekX6
[   11.032096][    T1] usbcore: registered new interface driver usbserial_generic
[   11.033497][    T1] usbserial: USB Serial support registered for generic
[   11.034520][    T1] usbcore: registered new interface driver aircable
[   11.035390][    T1] usbserial: USB Serial support registered for aircable
[   11.036268][    T1] usbcore: registered new interface driver ark3116
[   11.037068][    T1] usbserial: USB Serial support registered for ark3116
[   11.037935][    T1] usbcore: registered new interface driver belkin_sa
[   11.038754][    T1] usbserial: USB Serial support registered for Belkin / Peracom / GoHubs USB Serial Adapter
[   11.040009][    T1] usbcore: registered new interface driver ch341
[   11.040924][    T1] usbserial: USB Serial support registered for ch341-uart
[   11.041981][    T1] usbcore: registered new interface driver cp210x
[   11.042775][    T1] usbserial: USB Serial support registered for cp210x
[   11.043885][    T1] usbcore: registered new interface driver cyberjack
[   11.044729][    T1] usbserial: USB Serial support registered for Reiner SCT Cyberjack USB card reader
[   11.045881][    T1] usbcore: registered new interface driver cypress_m8
[   11.046709][    T1] usbserial: USB Serial support registered for DeLorme Earthmate USB
[   11.047702][    T1] usbserial: USB Serial support registered for HID->COM RS232 Adapter
[   11.048692][    T1] usbserial: USB Serial support registered for Nokia CA-42 V2 Adapter
[   11.049701][    T1] usbcore: registered new interface driver usb_debug
[   11.050523][    T1] usbserial: USB Serial support registered for debug
[   11.051365][    T1] usbserial: USB Serial support registered for xhci_dbc
[   11.052243][    T1] usbcore: registered new interface driver digi_acceleport
[   11.053203][    T1] usbserial: USB Serial support registered for Digi 2 port USB adapter
[   11.054222][    T1] usbserial: USB Serial support registered for Digi 4 port USB adapter
[   11.055237][    T1] usbcore: registered new interface driver io_edgeport
[   11.056230][    T1] usbserial: USB Serial support registered for Edgeport 2 port adapter
[   11.057418][    T1] usbserial: USB Serial support registered for Edgeport 4 port adapter
[   11.058438][    T1] usbserial: USB Serial support registered for Edgeport 8 port adapter
[   11.059438][    T1] usbserial: USB Serial support registered for EPiC device
[   11.060364][    T1] usbcore: registered new interface driver io_ti
[   11.061149][    T1] usbserial: USB Serial support registered for Edgeport TI 1 port adapter
[   11.062184][    T1] usbserial: USB Serial support registered for Edgeport TI 2 port adapter
[   11.063283][    T1] usbcore: registered new interface driver empeg
[   11.064079][    T1] usbserial: USB Serial support registered for empeg
[   11.064954][    T1] usbcore: registered new interface driver f81534a_ctrl
[   11.065842][    T1] usbcore: registered new interface driver f81232
[   11.066660][    T1] usbserial: USB Serial support registered for f81232
[   11.067514][    T1] usbserial: USB Serial support registered for f81534a
[   11.068397][    T1] usbcore: registered new interface driver f81534
[   11.069210][    T1] usbserial: USB Serial support registered for Fintek F81532/F81534
[   11.070219][    T1] usbcore: registered new interface driver ftdi_sio
[   11.071040][    T1] usbserial: USB Serial support registered for FTDI USB Serial Device
[   11.072080][    T1] usbcore: registered new interface driver garmin_gps
[   11.073093][    T1] usbserial: USB Serial support registered for Garmin GPS usb/tty
[   11.074154][    T1] usbcore: registered new interface driver ipaq
[   11.075081][    T1] usbserial: USB Serial support registered for PocketPC PDA
[   11.076187][    T1] usbcore: registered new interface driver ipw
[   11.076996][    T1] usbserial: USB Serial support registered for IPWireless converter
[   11.078003][    T1] usbcore: registered new interface driver ir_usb
[   11.078887][    T1] usbserial: USB Serial support registered for IR Dongle
[   11.079811][    T1] usbcore: registered new interface driver iuu_phoenix
[   11.080661][    T1] usbserial: USB Serial support registered for iuu_phoenix
[   11.081572][    T1] usbcore: registered new interface driver keyspan
[   11.082383][    T1] usbserial: USB Serial support registered for Keyspan - (without firmware)
[   11.083507][    T1] usbserial: USB Serial support registered for Keyspan 1 port adapter
[   11.084520][    T1] usbserial: USB Serial support registered for Keyspan 2 port adapter
[   11.085526][    T1] usbserial: USB Serial support registered for Keyspan 4 port adapter
[   11.086563][    T1] usbcore: registered new interface driver keyspan_pda
[   11.087416][    T1] usbserial: USB Serial support registered for Keyspan PDA
[   11.088302][    T1] usbserial: USB Serial support registered for Keyspan PDA - (prerenumeration)
[   11.089415][    T1] usbcore: registered new interface driver kl5kusb105
[   11.090364][    T1] usbserial: USB Serial support registered for KL5KUSB105D / PalmConnect
[   11.091657][    T1] usbcore: registered new interface driver kobil_sct
[   11.092499][    T1] usbserial: USB Serial support registered for KOBIL USB smart card terminal
[   11.093655][    T1] usbcore: registered new interface driver mct_u232
[   11.094497][    T1] usbserial: USB Serial support registered for MCT U232
[   11.095380][    T1] usbcore: registered new interface driver metro_usb
[   11.096462][    T1] usbserial: USB Serial support registered for Metrologic USB to Serial
[   11.097506][    T1] usbcore: registered new interface driver mos7720
[   11.098328][    T1] usbserial: USB Serial support registered for Moschip 2 port adapter
[   11.099360][    T1] usbcore: registered new interface driver mos7840
[   11.100171][    T1] usbserial: USB Serial support registered for Moschip 7840/7820 USB Serial Driver
[   11.101314][    T1] usbcore: registered new interface driver mxuport
[   11.102129][    T1] usbserial: USB Serial support registered for MOXA UPort
[   11.103019][    T1] usbcore: registered new interface driver navman
[   11.103905][    T1] usbserial: USB Serial support registered for navman
[   11.104758][    T1] usbcore: registered new interface driver omninet
[   11.105568][    T1] usbserial: USB Serial support registered for ZyXEL - omni.net usb
[   11.106779][    T1] usbcore: registered new interface driver opticon
[   11.107743][    T1] usbserial: USB Serial support registered for opticon
[   11.108647][    T1] usbcore: registered new interface driver option
[   11.109616][    T1] usbserial: USB Serial support registered for GSM modem (1-port)
[   11.110818][    T1] usbcore: registered new interface driver oti6858
[   11.111827][    T1] usbserial: USB Serial support registered for oti6858
[   11.112892][    T1] usbcore: registered new interface driver pl2303
[   11.113943][    T1] usbserial: USB Serial support registered for pl2303
[   11.114982][    T1] usbcore: registered new interface driver qcaux
[   11.116002][    T1] usbserial: USB Serial support registered for qcaux
[   11.117117][    T1] usbcore: registered new interface driver qcserial
[   11.118131][    T1] usbserial: USB Serial support registered for Qualcomm USB modem
[   11.119351][    T1] usbcore: registered new interface driver quatech2
[   11.120376][    T1] usbserial: USB Serial support registered for Quatech 2nd gen USB to Serial Driver
[   11.121797][    T1] usbcore: registered new interface driver safe_serial
[   11.123010][    T1] usbserial: USB Serial support registered for safe_serial
[   11.124184][    T1] usbcore: registered new interface driver sierra
[   11.125167][    T1] usbserial: USB Serial support registered for Sierra USB modem
[   11.126375][    T1] usbcore: registered new interface driver usb_serial_simple
[   11.127513][    T1] usbserial: USB Serial support registered for carelink
[   11.128568][    T1] usbserial: USB Serial support registered for zio
[   11.129549][    T1] usbserial: USB Serial support registered for funsoft
[   11.130585][    T1] usbserial: USB Serial support registered for flashloader
[   11.131678][    T1] usbserial: USB Serial support registered for google
[   11.132704][    T1] usbserial: USB Serial support registered for libtransistor
[   11.133994][    T1] usbserial: USB Serial support registered for vivopay
[   11.135039][    T1] usbserial: USB Serial support registered for moto_modem
[   11.136116][    T1] usbserial: USB Serial support registered for motorola_tetra
[   11.137242][    T1] usbserial: USB Serial support registered for nokia
[   11.138255][    T1] usbserial: USB Serial support registered for novatel_gps
[   11.139335][    T1] usbserial: USB Serial support registered for hp4x
[   11.140346][    T1] usbserial: USB Serial support registered for suunto
[   11.141371][    T1] usbserial: USB Serial support registered for siemens_mpi
[   11.142521][    T1] usbcore: registered new interface driver spcp8x5
[   11.143590][    T1] usbserial: USB Serial support registered for SPCP8x5
[   11.144690][    T1] usbcore: registered new interface driver ssu100
[   11.145680][    T1] usbserial: USB Serial support registered for Quatech SSU-100 USB to Serial Driver
[   11.147105][    T1] usbcore: registered new interface driver symbolserial
[   11.148151][    T1] usbserial: USB Serial support registered for symbol
[   11.149192][    T1] usbcore: registered new interface driver ti_usb_3410_5052
[   11.150290][    T1] usbserial: USB Serial support registered for TI USB 3410 1 port adapter
[   11.151575][    T1] usbserial: USB Serial support registered for TI USB 5052 2 port adapter
[   11.152865][    T1] usbcore: registered new interface driver upd78f0730
[   11.154116][    T1] usbserial: USB Serial support registered for upd78f0730
[   11.155315][    T9] sr 1:0:0:0: [sr0] scsi3-mmc drive: 4x/4x cd/rw xa/form2 tray
[   11.155342][    T1] usbcore: registered new interface driver visor
[   11.156256][    T9] cdrom: Uniform CD-ROM driver Revision: 3.20
[   11.157205][    T1] usbserial: USB Serial support registered for Handspring Visor / Palm OS
[   11.159245][    T1] usbserial: USB Serial support registered for Sony Clie 5.0
[   11.160370][    T1] usbserial: USB Serial support registered for Sony Clie 3.5
[   11.161538][    T1] usbcore: registered new interface driver wishbone_serial
[   11.162640][    T1] usbserial: USB Serial support registered for wishbone_serial
[   11.163880][    T1] usbcore: registered new interface driver whiteheat
[   11.164935][    T1] usbserial: USB Serial support registered for Connect Tech - WhiteHEAT - (prerenumeration)
[   11.166428][    T1] usbserial: USB Serial support registered for Connect Tech - WhiteHEAT
[   11.167717][    T1] usbcore: registered new interface driver xr_serial
[   11.168755][    T1] usbserial: USB Serial support registered for xr_serial
[   11.169855][    T1] usbcore: registered new interface driver xsens_mt
[   11.170897][    T1] usbserial: USB Serial support registered for xsens_mt
[   11.172009][    T1] usbcore: registered new interface driver adutux
[   11.173059][    T1] usbcore: registered new interface driver appledisplay
[   11.174179][    T1] usbcore: registered new interface driver cypress_cy7c63
[   11.175307][    T1] usbcore: registered new interface driver cytherm
[   11.176332][    T1] usbcore: registered new interface driver emi26 - firmware loader
[   11.177550][    T1] usbcore: registered new interface driver emi62 - firmware loader
[   11.178684][    T1] ftdi_elan: driver ftdi-elan
[   11.179445][    T1] usbcore: registered new interface driver ftdi-elan
[   11.180492][    T1] usbcore: registered new interface driver idmouse
[   11.181505][    T1] usbcore: registered new interface driver iowarrior
[   11.182548][    T1] usbcore: registered new interface driver isight_firmware
[   11.183683][    T1] usbcore: registered new interface driver usblcd
[   11.184673][    T1] usbcore: registered new interface driver ldusb
[   11.185645][    T1] usbcore: registered new interface driver legousbtower
[   11.186749][    T1] usbcore: registered new interface driver usbtest
[   11.187755][    T1] usbcore: registered new interface driver usb_ehset_test
[   11.188842][    T1] usbcore: registered new interface driver trancevibrator
[   11.189942][    T1] usbcore: registered new interface driver uss720
[   11.190858][    T1] uss720: USB Parport Cable driver for Cables using the Lucent Technologies USS720 Chip
[   11.192249][    T1] uss720: NOTE: this is a special purpose driver to allow nonstandard
[   11.193453][    T1] uss720: protocols (eg. bitbang) over USS720 usb to parallel cables
[   11.194614][    T1] uss720: If you just want to connect to a printer, use usblp instead
[   11.195907][    T1] usbcore: registered new interface driver usbsevseg
[   11.196956][    T1] usbcore: registered new interface driver yurex
[   11.198145][    T1] usbcore: registered new interface driver chaoskey
[   11.199176][    T1] usbcore: registered new interface driver sisusb
[   11.200190][    T1] usbcore: registered new interface driver lvs
[   11.201150][    T1] usbcore: registered new interface driver cxacru
[   11.202180][    T1] usbcore: registered new interface driver speedtch
[   11.203260][    T1] usbcore: registered new interface driver ueagle-atm
[   11.204235][    T1] xusbatm: malformed module parameters
[   11.205570][    T1] dummy_hcd dummy_hcd.0: USB Host+Gadget Emulator, driver 02 May 2005
[   11.206856][    T1] dummy_hcd dummy_hcd.0: Dummy host controller
[   11.209511][    T1] dummy_hcd dummy_hcd.0: new USB bus registered, assigned bus number 1
[   11.211332][    T1] usb usb1: New USB device found, idVendor=1d6b, idProduct=0002, bcdDevice= 6.01
[   11.212713][    T1] usb usb1: New USB device strings: Mfr=3, Product=2, SerialNumber=1
[   11.213971][    T1] usb usb1: Product: Dummy host controller
[   11.215255][    T9] sr 1:0:0:0: Attached scsi generic sg0 type 5
[   11.215430][    T1] usb usb1: Manufacturer: Linux 6.1.0-rc7-00202-gc67adbe9410a-dirty dummy_hcd
[   11.217668][    T1] usb usb1: SerialNumber: dummy_hcd.0
[   11.220083][    T1] hub 1-0:1.0: USB hub found
[   11.220960][    T1] hub 1-0:1.0: 1 port detected
[   11.225445][    T1] gadgetfs: USB Gadget filesystem, version 24 Aug 2004
[   11.228248][    T1] vhci_hcd vhci_hcd.0: USB/IP Virtual Host Controller
[   11.229795][    T1] vhci_hcd vhci_hcd.0: new USB bus registered, assigned bus number 2
[   11.230957][    T1] vhci_hcd: created sysfs vhci_hcd.0
[   11.231955][    T1] usb usb2: New USB device found, idVendor=1d6b, idProduct=0002, bcdDevice= 6.01
[   11.233812][    T1] usb usb2: New USB device strings: Mfr=3, Product=2, SerialNumber=1
[   11.234760][    T1] usb usb2: Product: USB/IP Virtual Host Controller
[   11.235536][    T1] usb usb2: Manufacturer: Linux 6.1.0-rc7-00202-gc67adbe9410a-dirty vhci_hcd
[   11.236557][    T1] usb usb2: SerialNumber: vhci_hcd.0
[   11.238488][    T1] hub 2-0:1.0: USB hub found
[   11.239167][    T1] hub 2-0:1.0: 8 ports detected
[   11.242926][    T1] vhci_hcd vhci_hcd.0: USB/IP Virtual Host Controller
[   11.244480][    T1] vhci_hcd vhci_hcd.0: new USB bus registered, assigned bus number 3
[   11.245595][    T1] usb usb3: We don't know the algorithms for LPM for this host, disabling LPM.
[   11.246953][    T1] usb usb3: New USB device found, idVendor=1d6b, idProduct=0003, bcdDevice= 6.01
[   11.248035][    T1] usb usb3: New USB device strings: Mfr=3, Product=2, SerialNumber=1
[   11.249006][    T1] usb usb3: Product: USB/IP Virtual Host Controller
[   11.249806][    T1] usb usb3: Manufacturer: Linux 6.1.0-rc7-00202-gc67adbe9410a-dirty vhci_hcd
[   11.250872][    T1] usb usb3: SerialNumber: vhci_hcd.0
[   11.252715][    T1] hub 3-0:1.0: USB hub found
[   11.255112][    T1] hub 3-0:1.0: 8 ports detected
[   11.259668][    T1] vhci_hcd vhci_hcd.1: USB/IP Virtual Host Controller
[   11.260979][    T1] vhci_hcd vhci_hcd.1: new USB bus registered, assigned bus number 4
[   11.262292][    T1] usb usb4: New USB device found, idVendor=1d6b, idProduct=0002, bcdDevice= 6.01
[   11.263445][    T1] usb usb4: New USB device strings: Mfr=3, Product=2, SerialNumber=1
[   11.264501][    T1] usb usb4: Product: USB/IP Virtual Host Controller
[   11.265276][    T1] usb usb4: Manufacturer: Linux 6.1.0-rc7-00202-gc67adbe9410a-dirty vhci_hcd
[   11.266304][    T1] usb usb4: SerialNumber: vhci_hcd.1
[   11.268047][    T1] hub 4-0:1.0: USB hub found
[   11.268673][    T1] hub 4-0:1.0: 8 ports detected
[   11.272260][    T1] vhci_hcd vhci_hcd.1: USB/IP Virtual Host Controller
[   11.273464][    T1] vhci_hcd vhci_hcd.1: new USB bus registered, assigned bus number 5
[   11.274569][    T1] usb usb5: We don't know the algorithms for LPM for this host, disabling LPM.
[   11.276016][    T1] usb usb5: New USB device found, idVendor=1d6b, idProduct=0003, bcdDevice= 6.01
[   11.277123][    T1] usb usb5: New USB device strings: Mfr=3, Product=2, SerialNumber=1
[   11.278086][    T1] usb usb5: Product: USB/IP Virtual Host Controller
[   11.278924][    T1] usb usb5: Manufacturer: Linux 6.1.0-rc7-00202-gc67adbe9410a-dirty vhci_hcd
[   11.279962][    T1] usb usb5: SerialNumber: vhci_hcd.1
[   11.281733][    T1] hub 5-0:1.0: USB hub found
[   11.282354][    T1] hub 5-0:1.0: 8 ports detected
[   11.286584][    T1] vhci_hcd vhci_hcd.2: USB/IP Virtual Host Controller
[   11.287764][    T1] vhci_hcd vhci_hcd.2: new USB bus registered, assigned bus number 6
[   11.289060][    T1] usb usb6: New USB device found, idVendor=1d6b, idProduct=0002, bcdDevice= 6.01
[   11.290157][    T1] usb usb6: New USB device strings: Mfr=3, Product=2, SerialNumber=1
[   11.291116][    T1] usb usb6: Product: USB/IP Virtual Host Controller
[   11.291970][    T1] usb usb6: Manufacturer: Linux 6.1.0-rc7-00202-gc67adbe9410a-dirty vhci_hcd
[   11.293076][    T1] usb usb6: SerialNumber: vhci_hcd.2
[   11.294844][    T1] hub 6-0:1.0: USB hub found
[   11.295499][    T1] hub 6-0:1.0: 8 ports detected
[   11.299094][    T1] vhci_hcd vhci_hcd.2: USB/IP Virtual Host Controller
[   11.300262][    T1] vhci_hcd vhci_hcd.2: new USB bus registered, assigned bus number 7
[   11.301395][    T1] usb usb7: We don't know the algorithms for LPM for this host, disabling LPM.
[   11.302748][    T1] usb usb7: New USB device found, idVendor=1d6b, idProduct=0003, bcdDevice= 6.01
[   11.304109][    T1] usb usb7: New USB device strings: Mfr=3, Product=2, SerialNumber=1
[   11.305078][    T1] usb usb7: Product: USB/IP Virtual Host Controller
[   11.305866][    T1] usb usb7: Manufacturer: Linux 6.1.0-rc7-00202-gc67adbe9410a-dirty vhci_hcd
[   11.306921][    T1] usb usb7: SerialNumber: vhci_hcd.2
[   11.308577][    T1] hub 7-0:1.0: USB hub found
[   11.309202][    T1] hub 7-0:1.0: 8 ports detected
[   11.313536][    T1] vhci_hcd vhci_hcd.3: USB/IP Virtual Host Controller
[   11.314722][    T1] vhci_hcd vhci_hcd.3: new USB bus registered, assigned bus number 8
[   11.316028][    T1] usb usb8: New USB device found, idVendor=1d6b, idProduct=0002, bcdDevice= 6.01
[   11.317119][    T1] usb usb8: New USB device strings: Mfr=3, Product=2, SerialNumber=1
[   11.318116][    T1] usb usb8: Product: USB/IP Virtual Host Controller
[   11.318890][    T1] usb usb8: Manufacturer: Linux 6.1.0-rc7-00202-gc67adbe9410a-dirty vhci_hcd
[   11.319923][    T1] usb usb8: SerialNumber: vhci_hcd.3
[   11.321857][    T1] hub 8-0:1.0: USB hub found
[   11.322485][    T1] hub 8-0:1.0: 8 ports detected
[   11.325917][    T1] vhci_hcd vhci_hcd.3: USB/IP Virtual Host Controller
[   11.327049][    T1] vhci_hcd vhci_hcd.3: new USB bus registered, assigned bus number 9
[   11.328171][    T1] usb usb9: We don't know the algorithms for LPM for this host, disabling LPM.
[   11.329521][    T1] usb usb9: New USB device found, idVendor=1d6b, idProduct=0003, bcdDevice= 6.01
[   11.330613][    T1] usb usb9: New USB device strings: Mfr=3, Product=2, SerialNumber=1
[   11.331587][    T1] usb usb9: Product: USB/IP Virtual Host Controller
[   11.332382][    T1] usb usb9: Manufacturer: Linux 6.1.0-rc7-00202-gc67adbe9410a-dirty vhci_hcd
[   11.333506][    T1] usb usb9: SerialNumber: vhci_hcd.3
[   11.335578][    T1] hub 9-0:1.0: USB hub found
[   11.336302][    T1] hub 9-0:1.0: 8 ports detected
[   11.340465][    T1] vhci_hcd vhci_hcd.4: USB/IP Virtual Host Controller
[   11.341640][    T1] vhci_hcd vhci_hcd.4: new USB bus registered, assigned bus number 10
[   11.342948][    T1] usb usb10: New USB device found, idVendor=1d6b, idProduct=0002, bcdDevice= 6.01
[   11.344084][    T1] usb usb10: New USB device strings: Mfr=3, Product=2, SerialNumber=1
[   11.345101][    T1] usb usb10: Product: USB/IP Virtual Host Controller
[   11.345961][    T1] usb usb10: Manufacturer: Linux 6.1.0-rc7-00202-gc67adbe9410a-dirty vhci_hcd
[   11.347177][    T1] usb usb10: SerialNumber: vhci_hcd.4
[   11.349096][    T1] hub 10-0:1.0: USB hub found
[   11.349737][    T1] hub 10-0:1.0: 8 ports detected
[   11.353209][    T1] vhci_hcd vhci_hcd.4: USB/IP Virtual Host Controller
[   11.354350][    T1] vhci_hcd vhci_hcd.4: new USB bus registered, assigned bus number 11
[   11.355458][    T1] usb usb11: We don't know the algorithms for LPM for this host, disabling LPM.
[   11.356827][    T1] usb usb11: New USB device found, idVendor=1d6b, idProduct=0003, bcdDevice= 6.01
[   11.357937][    T1] usb usb11: New USB device strings: Mfr=3, Product=2, SerialNumber=1
[   11.358910][    T1] usb usb11: Product: USB/IP Virtual Host Controller
[   11.359717][    T1] usb usb11: Manufacturer: Linux 6.1.0-rc7-00202-gc67adbe9410a-dirty vhci_hcd
[   11.360797][    T1] usb usb11: SerialNumber: vhci_hcd.4
[   11.362543][    T1] hub 11-0:1.0: USB hub found
[   11.363327][    T1] hub 11-0:1.0: 8 ports detected
[   11.367510][    T1] vhci_hcd vhci_hcd.5: USB/IP Virtual Host Controller
[   11.368665][    T1] vhci_hcd vhci_hcd.5: new USB bus registered, assigned bus number 12
[   11.369978][    T1] usb usb12: New USB device found, idVendor=1d6b, idProduct=0002, bcdDevice= 6.01
[   11.371074][    T1] usb usb12: New USB device strings: Mfr=3, Product=2, SerialNumber=1
[   11.372048][    T1] usb usb12: Product: USB/IP Virtual Host Controller
[   11.372845][    T1] usb usb12: Manufacturer: Linux 6.1.0-rc7-00202-gc67adbe9410a-dirty vhci_hcd
[   11.373921][    T1] usb usb12: SerialNumber: vhci_hcd.5
[   11.375586][    T1] hub 12-0:1.0: USB hub found
[   11.376222][    T1] hub 12-0:1.0: 8 ports detected
[   11.379859][    T1] vhci_hcd vhci_hcd.5: USB/IP Virtual Host Controller
[   11.381024][    T1] vhci_hcd vhci_hcd.5: new USB bus registered, assigned bus number 13
[   11.382139][    T1] usb usb13: We don't know the algorithms for LPM for this host, disabling LPM.
[   11.383540][    T1] usb usb13: New USB device found, idVendor=1d6b, idProduct=0003, bcdDevice= 6.01
[   11.384646][    T1] usb usb13: New USB device strings: Mfr=3, Product=2, SerialNumber=1
[   11.385618][    T1] usb usb13: Product: USB/IP Virtual Host Controller
[   11.386416][    T1] usb usb13: Manufacturer: Linux 6.1.0-rc7-00202-gc67adbe9410a-dirty vhci_hcd
[   11.387475][    T1] usb usb13: SerialNumber: vhci_hcd.5
[   11.389377][    T1] hub 13-0:1.0: USB hub found
[   11.390014][    T1] hub 13-0:1.0: 8 ports detected
[   11.394165][    T1] vhci_hcd vhci_hcd.6: USB/IP Virtual Host Controller
[   11.395319][    T1] vhci_hcd vhci_hcd.6: new USB bus registered, assigned bus number 14
[   11.396653][    T1] usb usb14: New USB device found, idVendor=1d6b, idProduct=0002, bcdDevice= 6.01
[   11.397750][    T1] usb usb14: New USB device strings: Mfr=3, Product=2, SerialNumber=1
[   11.398719][    T1] usb usb14: Product: USB/IP Virtual Host Controller
[   11.399521][    T1] usb usb14: Manufacturer: Linux 6.1.0-rc7-00202-gc67adbe9410a-dirty vhci_hcd
[   11.400572][    T1] usb usb14: SerialNumber: vhci_hcd.6
[   11.402312][    T1] hub 14-0:1.0: USB hub found
[   11.402958][    T1] hub 14-0:1.0: 8 ports detected
[   11.406383][    T1] vhci_hcd vhci_hcd.6: USB/IP Virtual Host Controller
[   11.407525][    T1] vhci_hcd vhci_hcd.6: new USB bus registered, assigned bus number 15
[   11.408638][    T1] usb usb15: We don't know the algorithms for LPM for this host, disabling LPM.
[   11.409988][    T1] usb usb15: New USB device found, idVendor=1d6b, idProduct=0003, bcdDevice= 6.01
[   11.411348][    T1] usb usb15: New USB device strings: Mfr=3, Product=2, SerialNumber=1
[   11.412641][    T1] usb usb15: Product: USB/IP Virtual Host Controller
[   11.413749][    T1] usb usb15: Manufacturer: Linux 6.1.0-rc7-00202-gc67adbe9410a-dirty vhci_hcd
[   11.414953][    T1] usb usb15: SerialNumber: vhci_hcd.6
[   11.416897][    T1] hub 15-0:1.0: USB hub found
[   11.417544][    T1] hub 15-0:1.0: 8 ports detected
[   11.421678][    T1] vhci_hcd vhci_hcd.7: USB/IP Virtual Host Controller
[   11.422862][    T1] vhci_hcd vhci_hcd.7: new USB bus registered, assigned bus number 16
[   11.424234][    T1] usb usb16: New USB device found, idVendor=1d6b, idProduct=0002, bcdDevice= 6.01
[   11.425339][    T1] usb usb16: New USB device strings: Mfr=3, Product=2, SerialNumber=1
[   11.426325][    T1] usb usb16: Product: USB/IP Virtual Host Controller
[   11.427119][    T1] usb usb16: Manufacturer: Linux 6.1.0-rc7-00202-gc67adbe9410a-dirty vhci_hcd
[   11.428193][    T1] usb usb16: SerialNumber: vhci_hcd.7
[   11.429881][    T1] hub 16-0:1.0: USB hub found
[   11.430517][    T1] hub 16-0:1.0: 8 ports detected
[   11.433973][    T1] vhci_hcd vhci_hcd.7: USB/IP Virtual Host Controller
[   11.435109][    T1] vhci_hcd vhci_hcd.7: new USB bus registered, assigned bus number 17
[   11.436241][    T1] usb usb17: We don't know the algorithms for LPM for this host, disabling LPM.
[   11.437645][    T1] usb usb17: New USB device found, idVendor=1d6b, idProduct=0003, bcdDevice= 6.01
[   11.438751][    T1] usb usb17: New USB device strings: Mfr=3, Product=2, SerialNumber=1
[   11.439766][    T1] usb usb17: Product: USB/IP Virtual Host Controller
[   11.440564][    T1] usb usb17: Manufacturer: Linux 6.1.0-rc7-00202-gc67adbe9410a-dirty vhci_hcd
[   11.441613][    T1] usb usb17: SerialNumber: vhci_hcd.7
[   11.443359][    T1] hub 17-0:1.0: USB hub found
[   11.444017][    T1] hub 17-0:1.0: 8 ports detected
[   11.448170][    T1] vhci_hcd vhci_hcd.8: USB/IP Virtual Host Controller
[   11.449342][    T1] vhci_hcd vhci_hcd.8: new USB bus registered, assigned bus number 18
[   11.450652][    T1] usb usb18: New USB device found, idVendor=1d6b, idProduct=0002, bcdDevice= 6.01
[   11.451774][    T1] usb usb18: New USB device strings: Mfr=3, Product=2, SerialNumber=1
[   11.452823][    T1] usb usb18: Product: USB/IP Virtual Host Controller
[   11.453763][    T1] usb usb18: Manufacturer: Linux 6.1.0-rc7-00202-gc67adbe9410a-dirty vhci_hcd
[   11.454982][    T1] usb usb18: SerialNumber: vhci_hcd.8
[   11.457147][    T1] hub 18-0:1.0: USB hub found
[   11.457787][    T1] hub 18-0:1.0: 8 ports detected
[   11.461210][    T1] vhci_hcd vhci_hcd.8: USB/IP Virtual Host Controller
[   11.462349][    T1] vhci_hcd vhci_hcd.8: new USB bus registered, assigned bus number 19
[   11.463474][    T1] usb usb19: We don't know the algorithms for LPM for this host, disabling LPM.
[   11.464824][    T1] usb usb19: New USB device found, idVendor=1d6b, idProduct=0003, bcdDevice= 6.01
[   11.465921][    T1] usb usb19: New USB device strings: Mfr=3, Product=2, SerialNumber=1
[   11.466889][    T1] usb usb19: Product: USB/IP Virtual Host Controller
[   11.467698][    T1] usb usb19: Manufacturer: Linux 6.1.0-rc7-00202-gc67adbe9410a-dirty vhci_hcd
[   11.468817][    T1] usb usb19: SerialNumber: vhci_hcd.8
[   11.470871][    T1] hub 19-0:1.0: USB hub found
[   11.471610][    T1] hub 19-0:1.0: 8 ports detected
[   11.475812][    T1] vhci_hcd vhci_hcd.9: USB/IP Virtual Host Controller
[   11.476955][    T1] vhci_hcd vhci_hcd.9: new USB bus registered, assigned bus number 20
[   11.478255][    T1] usb usb20: New USB device found, idVendor=1d6b, idProduct=0002, bcdDevice= 6.01
[   11.479344][    T1] usb usb20: New USB device strings: Mfr=3, Product=2, SerialNumber=1
[   11.480323][    T1] usb usb20: Product: USB/IP Virtual Host Controller
[   11.481145][    T1] usb usb20: Manufacturer: Linux 6.1.0-rc7-00202-gc67adbe9410a-dirty vhci_hcd
[   11.482424][    T1] usb usb20: SerialNumber: vhci_hcd.9
[   11.484899][    T1] hub 20-0:1.0: USB hub found
[   11.485636][    T1] hub 20-0:1.0: 8 ports detected
[   11.489806][    T1] vhci_hcd vhci_hcd.9: USB/IP Virtual Host Controller
[   11.491029][    T1] vhci_hcd vhci_hcd.9: new USB bus registered, assigned bus number 21
[   11.492158][    T1] usb usb21: We don't know the algorithms for LPM for this host, disabling LPM.
[   11.493549][    T1] usb usb21: New USB device found, idVendor=1d6b, idProduct=0003, bcdDevice= 6.01
[   11.494649][    T1] usb usb21: New USB device strings: Mfr=3, Product=2, SerialNumber=1
[   11.495622][    T1] usb usb21: Product: USB/IP Virtual Host Controller
[   11.496411][    T1] usb usb21: Manufacturer: Linux 6.1.0-rc7-00202-gc67adbe9410a-dirty vhci_hcd
[   11.497442][    T1] usb usb21: SerialNumber: vhci_hcd.9
[   11.499315][    T1] hub 21-0:1.0: USB hub found
[   11.499959][    T1] hub 21-0:1.0: 8 ports detected
[   11.504249][    T1] vhci_hcd vhci_hcd.10: USB/IP Virtual Host Controller
[   11.505401][    T1] vhci_hcd vhci_hcd.10: new USB bus registered, assigned bus number 22
[   11.506709][    T1] usb usb22: New USB device found, idVendor=1d6b, idProduct=0002, bcdDevice= 6.01
[   11.507824][    T1] usb usb22: New USB device strings: Mfr=3, Product=2, SerialNumber=1
[   11.508794][    T1] usb usb22: Product: USB/IP Virtual Host Controller
[   11.509586][    T1] usb usb22: Manufacturer: Linux 6.1.0-rc7-00202-gc67adbe9410a-dirty vhci_hcd
[   11.510630][    T1] usb usb22: SerialNumber: vhci_hcd.10
[   11.512324][    T1] hub 22-0:1.0: USB hub found
[   11.512958][    T1] hub 22-0:1.0: 8 ports detected
[   11.516445][    T1] vhci_hcd vhci_hcd.10: USB/IP Virtual Host Controller
[   11.517707][    T1] vhci_hcd vhci_hcd.10: new USB bus registered, assigned bus number 23
[   11.519018][    T1] usb usb23: We don't know the algorithms for LPM for this host, disabling LPM.
[   11.520526][    T1] usb usb23: New USB device found, idVendor=1d6b, idProduct=0003, bcdDevice= 6.01
[   11.521635][    T1] usb usb23: New USB device strings: Mfr=3, Product=2, SerialNumber=1
[   11.522603][    T1] usb usb23: Product: USB/IP Virtual Host Controller
[   11.523422][    T1] usb usb23: Manufacturer: Linux 6.1.0-rc7-00202-gc67adbe9410a-dirty vhci_hcd
[   11.524471][    T1] usb usb23: SerialNumber: vhci_hcd.10
[   11.526405][    T1] hub 23-0:1.0: USB hub found
[   11.527033][    T1] hub 23-0:1.0: 8 ports detected
[   11.531165][    T1] vhci_hcd vhci_hcd.11: USB/IP Virtual Host Controller
[   11.532405][    T1] vhci_hcd vhci_hcd.11: new USB bus registered, assigned bus number 24
[   11.533828][    T1] usb usb24: New USB device found, idVendor=1d6b, idProduct=0002, bcdDevice= 6.01
[   11.534936][    T1] usb usb24: New USB device strings: Mfr=3, Product=2, SerialNumber=1
[   11.535921][    T1] usb usb24: Product: USB/IP Virtual Host Controller
[   11.536716][    T1] usb usb24: Manufacturer: Linux 6.1.0-rc7-00202-gc67adbe9410a-dirty vhci_hcd
[   11.537764][    T1] usb usb24: SerialNumber: vhci_hcd.11
[   11.539566][    T1] hub 24-0:1.0: USB hub found
[   11.540203][    T1] hub 24-0:1.0: 8 ports detected
[   11.543778][    T1] vhci_hcd vhci_hcd.11: USB/IP Virtual Host Controller
[   11.544933][    T1] vhci_hcd vhci_hcd.11: new USB bus registered, assigned bus number 25
[   11.546052][    T1] usb usb25: We don't know the algorithms for LPM for this host, disabling LPM.
[   11.547421][    T1] usb usb25: New USB device found, idVendor=1d6b, idProduct=0003, bcdDevice= 6.01
[   11.548552][    T1] usb usb25: New USB device strings: Mfr=3, Product=2, SerialNumber=1
[   11.549509][    T1] usb usb25: Product: USB/IP Virtual Host Controller
[   11.550297][    T1] usb usb25: Manufacturer: Linux 6.1.0-rc7-00202-gc67adbe9410a-dirty vhci_hcd
[   11.551356][    T1] usb usb25: SerialNumber: vhci_hcd.11
[   11.553249][    T1] hub 25-0:1.0: USB hub found
[   11.553877][    T1] hub 25-0:1.0: 8 ports detected
[   11.557985][    T1] vhci_hcd vhci_hcd.12: USB/IP Virtual Host Controller
[   11.559141][    T1] vhci_hcd vhci_hcd.12: new USB bus registered, assigned bus number 26
[   11.560455][    T1] usb usb26: New USB device found, idVendor=1d6b, idProduct=0002, bcdDevice= 6.01
[   11.561547][    T1] usb usb26: New USB device strings: Mfr=3, Product=2, SerialNumber=1
[   11.562531][    T1] usb usb26: Product: USB/IP Virtual Host Controller
[   11.563350][    T1] usb usb26: Manufacturer: Linux 6.1.0-rc7-00202-gc67adbe9410a-dirty vhci_hcd
[   11.564396][    T1] usb usb26: SerialNumber: vhci_hcd.12
[   11.566049][    T1] hub 26-0:1.0: USB hub found
[   11.566682][    T1] hub 26-0:1.0: 8 ports detected
[   11.570097][    T1] vhci_hcd vhci_hcd.12: USB/IP Virtual Host Controller
[   11.571245][    T1] vhci_hcd vhci_hcd.12: new USB bus registered, assigned bus number 27
[   11.572360][    T1] usb usb27: We don't know the algorithms for LPM for this host, disabling LPM.
[   11.573725][    T1] usb usb27: New USB device found, idVendor=1d6b, idProduct=0003, bcdDevice= 6.01
[   11.574822][    T1] usb usb27: New USB device strings: Mfr=3, Product=2, SerialNumber=1
[   11.575793][    T1] usb usb27: Product: USB/IP Virtual Host Controller
[   11.576611][    T1] usb usb27: Manufacturer: Linux 6.1.0-rc7-00202-gc67adbe9410a-dirty vhci_hcd
[   11.577672][    T1] usb usb27: SerialNumber: vhci_hcd.12
[   11.579314][    T1] hub 27-0:1.0: USB hub found
[   11.579949][    T1] hub 27-0:1.0: 8 ports detected
[   11.584539][    T1] vhci_hcd vhci_hcd.13: USB/IP Virtual Host Controller
[   11.585789][    T1] vhci_hcd vhci_hcd.13: new USB bus registered, assigned bus number 28
[   11.587143][    T1] usb usb28: New USB device found, idVendor=1d6b, idProduct=0002, bcdDevice= 6.01
[   11.588252][    T1] usb usb28: New USB device strings: Mfr=3, Product=2, SerialNumber=1
[   11.589214][    T1] usb usb28: Product: USB/IP Virtual Host Controller
[   11.590005][    T1] usb usb28: Manufacturer: Linux 6.1.0-rc7-00202-gc67adbe9410a-dirty vhci_hcd
[   11.591047][    T1] usb usb28: SerialNumber: vhci_hcd.13
[   11.592738][    T1] hub 28-0:1.0: USB hub found
[   11.593414][    T1] hub 28-0:1.0: 8 ports detected
[   11.596788][    T1] vhci_hcd vhci_hcd.13: USB/IP Virtual Host Controller
[   11.597921][    T1] vhci_hcd vhci_hcd.13: new USB bus registered, assigned bus number 29
[   11.599033][    T1] usb usb29: We don't know the algorithms for LPM for this host, disabling LPM.
[   11.600403][    T1] usb usb29: New USB device found, idVendor=1d6b, idProduct=0003, bcdDevice= 6.01
[   11.601504][    T1] usb usb29: New USB device strings: Mfr=3, Product=2, SerialNumber=1
[   11.602473][    T1] usb usb29: Product: USB/IP Virtual Host Controller
[   11.603297][    T1] usb usb29: Manufacturer: Linux 6.1.0-rc7-00202-gc67adbe9410a-dirty vhci_hcd
[   11.604360][    T1] usb usb29: SerialNumber: vhci_hcd.13
[   11.606137][    T1] hub 29-0:1.0: USB hub found
[   11.606766][    T1] hub 29-0:1.0: 8 ports detected
[   11.611129][    T1] vhci_hcd vhci_hcd.14: USB/IP Virtual Host Controller
[   11.612405][    T1] vhci_hcd vhci_hcd.14: new USB bus registered, assigned bus number 30
[   11.613734][    T1] usb usb30: New USB device found, idVendor=1d6b, idProduct=0002, bcdDevice= 6.01
[   11.614835][    T1] usb usb30: New USB device strings: Mfr=3, Product=2, SerialNumber=1
[   11.615811][    T1] usb usb30: Product: USB/IP Virtual Host Controller
[   11.616603][    T1] usb usb30: Manufacturer: Linux 6.1.0-rc7-00202-gc67adbe9410a-dirty vhci_hcd
[   11.617656][    T1] usb usb30: SerialNumber: vhci_hcd.14
[   11.619445][    T1] hub 30-0:1.0: USB hub found
[   11.620102][    T1] hub 30-0:1.0: 8 ports detected
[   11.623543][    T1] vhci_hcd vhci_hcd.14: USB/IP Virtual Host Controller
[   11.624702][    T1] vhci_hcd vhci_hcd.14: new USB bus registered, assigned bus number 31
[   11.625820][    T1] usb usb31: We don't know the algorithms for LPM for this host, disabling LPM.
[   11.627176][    T1] usb usb31: New USB device found, idVendor=1d6b, idProduct=0003, bcdDevice= 6.01
[   11.628281][    T1] usb usb31: New USB device strings: Mfr=3, Product=2, SerialNumber=1
[   11.629253][    T1] usb usb31: Product: USB/IP Virtual Host Controller
[   11.630052][    T1] usb usb31: Manufacturer: Linux 6.1.0-rc7-00202-gc67adbe9410a-dirty vhci_hcd
[   11.631102][    T1] usb usb31: SerialNumber: vhci_hcd.14
[   11.633331][    T1] hub 31-0:1.0: USB hub found
[   11.634186][    T1] hub 31-0:1.0: 8 ports detected
[   11.638964][    T1] vhci_hcd vhci_hcd.15: USB/IP Virtual Host Controller
[   11.640332][    T1] vhci_hcd vhci_hcd.15: new USB bus registered, assigned bus number 32
[   11.641762][    T1] usb usb32: New USB device found, idVendor=1d6b, idProduct=0002, bcdDevice= 6.01
[   11.642856][    T1] usb usb32: New USB device strings: Mfr=3, Product=2, SerialNumber=1
[   11.643881][    T1] usb usb32: Product: USB/IP Virtual Host Controller
[   11.644687][    T1] usb usb32: Manufacturer: Linux 6.1.0-rc7-00202-gc67adbe9410a-dirty vhci_hcd
[   11.645727][    T1] usb usb32: SerialNumber: vhci_hcd.15
[   11.647715][    T1] hub 32-0:1.0: USB hub found
[   11.648452][    T1] hub 32-0:1.0: 8 ports detected
[   11.652308][    T1] vhci_hcd vhci_hcd.15: USB/IP Virtual Host Controller
[   11.653742][    T1] vhci_hcd vhci_hcd.15: new USB bus registered, assigned bus number 33
[   11.654991][    T1] usb usb33: We don't know the algorithms for LPM for this host, disabling LPM.
[   11.656351][    T1] usb usb33: New USB device found, idVendor=1d6b, idProduct=0003, bcdDevice= 6.01
[   11.657442][    T1] usb usb33: New USB device strings: Mfr=3, Product=2, SerialNumber=1
[   11.658404][    T1] usb usb33: Product: USB/IP Virtual Host Controller
[   11.659192][    T1] usb usb33: Manufacturer: Linux 6.1.0-rc7-00202-gc67adbe9410a-dirty vhci_hcd
[   11.660250][    T1] usb usb33: SerialNumber: vhci_hcd.15
[   11.662243][    T1] hub 33-0:1.0: USB hub found
[   11.662976][    T1] hub 33-0:1.0: 8 ports detected
[   11.668440][    T1] usbcore: registered new device driver usbip-host
[   11.671235][    T1] i8042: PNP: PS/2 Controller [PNP0303:KBD,PNP0f13:MOU] at 0x60,0x64 irq 1,12
[   11.676306][    T1] serio: i8042 KBD port at 0x60,0x64 irq 1
[   11.677850][    T1] serio: i8042 AUX port at 0x60,0x64 irq 12
[   11.679784][    T1] mousedev: PS/2 mouse device common for all mice
[   11.682016][  T780] input: AT Translated Set 2 keyboard as /devices/platform/i8042/serio0/input/input1
[   11.684244][    T1] usbcore: registered new interface driver appletouch
[   11.686651][    T1] usbcore: registered new interface driver bcm5974
[   11.689114][    T1] usbcore: registered new interface driver synaptics_usb
[   11.690208][    T1] usbcore: registered new interface driver iforce
[   11.691328][    T1] usbcore: registered new interface driver xpad
[   11.692348][    T1] usbcore: registered new interface driver usb_acecad
[   11.693294][    T1] usbcore: registered new interface driver aiptek
[   11.694156][    T1] usbcore: registered new interface driver hanwang
[   11.695020][    T1] usbcore: registered new interface driver kbtab
[   11.695874][    T1] usbcore: registered new interface driver pegasus_notetaker
[   11.696909][    T1] usbcore: registered new interface driver usbtouchscreen
[   11.697876][    T1] usbcore: registered new interface driver sur40
[   11.698823][    T1] usbcore: registered new interface driver ati_remote2
[   11.699662][    T1] cm109: Keymap for Komunikate KIP1000 phone loaded
[   11.700608][    T1] usbcore: registered new interface driver cm109
[   11.701407][    T1] cm109: CM109 phone driver: 20080805 (C) Alfred E. Heggestad
[   11.702436][    T1] usbcore: registered new interface driver ims_pcu
[   11.704435][    T1] usbcore: registered new interface driver keyspan_remote
[   11.705605][    T1] usbcore: registered new interface driver powermate
[   11.707959][    T1] usbcore: registered new interface driver yealink
[   11.710219][    T1] rtc_cmos 00:05: RTC can wake from S4
[   11.715203][    T1] rtc_cmos 00:05: registered as rtc0
[   11.715917][    T1] rtc_cmos 00:05: alarms up to one day, y3k, 242 bytes nvram, hpet irqs
[   11.717740][    T1] i2c_dev: i2c /dev entries driver
[   11.719122][    T1] usbcore: registered new interface driver i2c-diolan-u2c
[   11.720355][    T1] usbcore: registered new interface driver RobotFuzz Open Source InterFace, OSIF
[   11.721636][    T1] usbcore: registered new interface driver i2c-tiny-usb
[   11.724735][    T1] usbcore: registered new interface driver igorplugusb
[   11.726009][    T1] usbcore: registered new interface driver iguanair
[   11.727271][    T1] usbcore: registered new interface driver imon
[   11.728902][    T1] usbcore: registered new interface driver mceusb
[   11.730289][    T1] usbcore: registered new interface driver redrat3
[   11.731290][    T1] usbcore: registered new interface driver streamzap
[   11.732319][    T1] usbcore: registered new interface driver ttusbir
[   11.733399][    T1] usbcore: registered new interface driver ati_remote
[   11.734564][    T1] b2c2-flexcop: B2C2 FlexcopII/II(b)/III digital TV receiver chip loaded successfully
[   11.736360][    T1] usbcore: registered new interface driver b2c2_flexcop_usb
[   11.737474][    T1] usbcore: registered new interface driver dvb_usb_vp7045
[   11.738542][    T1] usbcore: registered new interface driver dvb_usb_vp702x
[   11.739654][    T1] usbcore: registered new interface driver dvb_usb_gp8psk
[   11.740774][    T1] usbcore: registered new interface driver dvb_usb_dtt200u
[   11.741851][    T1] usbcore: registered new interface driver dvb_usb_a800
[   11.742912][    T1] usbcore: registered new interface driver dvb_usb_dibusb_mb
[   11.744355][    T1] usbcore: registered new interface driver dvb_usb_dibusb_mc
[   11.745510][    T1] usbcore: registered new interface driver dvb_usb_nova_t_usb2
[   11.746633][    T1] usbcore: registered new interface driver dvb_usb_umt_010
[   11.747729][    T1] usbcore: registered new interface driver dvb_usb_m920x
[   11.748779][    T1] usbcore: registered new interface driver dvb_usb_digitv
[   11.749898][    T1] usbcore: registered new interface driver dvb_usb_cxusb
[   11.750945][    T1] usbcore: registered new interface driver dvb_usb_ttusb2
[   11.752099][    T1] usbcore: registered new interface driver dvb_usb_dib0700
[   11.753399][    T1] usbcore: registered new interface driver opera1
[   11.754582][    T1] usbcore: registered new interface driver dvb_usb_af9005
[   11.755773][    T1] usbcore: registered new interface driver pctv452e
[   11.756804][    T1] usbcore: registered new interface driver dw2102
[   11.757815][    T1] usbcore: registered new interface driver dvb_usb_dtv5100
[   11.758913][    T1] usbcore: registered new interface driver cinergyT2
[   11.759987][    T1] usbcore: registered new interface driver dvb_usb_az6027
[   11.761088][    T1] usbcore: registered new interface driver dvb_usb_technisat_usb2
[   11.762328][    T1] usbcore: registered new interface driver dvb_usb_af9015
[   11.763828][    T1] usbcore: registered new interface driver dvb_usb_af9035
[   11.765046][    T1] usbcore: registered new interface driver dvb_usb_anysee
[   11.766083][    T1] usbcore: registered new interface driver dvb_usb_au6610
[   11.767148][    T1] usbcore: registered new interface driver dvb_usb_az6007
[   11.768274][    T1] usbcore: registered new interface driver dvb_usb_ce6230
[   11.769536][    T1] usbcore: registered new interface driver dvb_usb_ec168
[   11.770717][    T1] usbcore: registered new interface driver dvb_usb_lmedm04
[   11.771795][    T1] usbcore: registered new interface driver dvb_usb_gl861
[   11.772884][    T1] usbcore: registered new interface driver dvb_usb_mxl111sf
[   11.774087][    T1] usbcore: registered new interface driver dvb_usb_rtl28xxu
[   11.775086][    T1] usbcore: registered new interface driver dvb_usb_dvbsky
[   11.776107][    T1] usbcore: registered new interface driver zd1301
[   11.777025][    T1] usbcore: registered new interface driver s2255
[   11.777922][    T1] usbcore: registered new interface driver smsusb
[   11.778802][    T1] usbcore: registered new interface driver ttusb
[   11.779693][    T1] usbcore: registered new interface driver ttusb-dec
[   11.780614][    T1] usbcore: registered new interface driver Abilis Systems as10x usb driver
[   11.781735][    T1] usbcore: registered new interface driver airspy
[   11.782486][    T1] gspca_main: v2.14.0 registered
[   11.783274][    T1] usbcore: registered new interface driver benq
[   11.784382][    T1] usbcore: registered new interface driver conex
[   11.785563][    T1] usbcore: registered new interface driver cpia1
[   11.786697][    T1] usbcore: registered new interface driver dtcs033
[   11.787694][    T1] usbcore: registered new interface driver etoms
[   11.788697][    T1] usbcore: registered new interface driver finepix
[   11.789668][    T1] usbcore: registered new interface driver jeilinj
[   11.790635][    T1] usbcore: registered new interface driver jl2005bcd
[   11.791665][    T1] usbcore: registered new interface driver kinect
[   11.792625][    T1] usbcore: registered new interface driver konica
[   11.793666][    T1] usbcore: registered new interface driver mars
[   11.794649][    T1] usbcore: registered new interface driver mr97310a
[   11.795675][    T1] usbcore: registered new interface driver nw80x
[   11.796668][    T1] usbcore: registered new interface driver ov519
[   11.797638][    T1] usbcore: registered new interface driver ov534
[   11.798595][    T1] usbcore: registered new interface driver ov534_9
[   11.799619][    T1] usbcore: registered new interface driver pac207
[   11.800632][    T1] usbcore: registered new interface driver gspca_pac7302
[   11.801677][    T1] usbcore: registered new interface driver pac7311
[   11.802749][    T1] usbcore: registered new interface driver se401
[   11.804059][    T1] usbcore: registered new interface driver sn9c2028
[   11.805447][    T1] usbcore: registered new interface driver gspca_sn9c20x
[   11.806500][    T1] usbcore: registered new interface driver sonixb
[   11.807512][    T1] usbcore: registered new interface driver sonixj
[   11.808506][    T1] usbcore: registered new interface driver spca500
[   11.809493][    T1] usbcore: registered new interface driver spca501
[   11.810475][    T1] usbcore: registered new interface driver spca505
[   11.811436][    T1] usbcore: registered new interface driver spca506
[   11.812478][    T1] usbcore: registered new interface driver spca508
[   11.813652][    T1] usbcore: registered new interface driver spca561
[   11.814985][    T1] usbcore: registered new interface driver spca1528
[   11.815977][    T1] usbcore: registered new interface driver sq905
[   11.816924][    T1] usbcore: registered new interface driver sq905c
[   11.817879][    T1] usbcore: registered new interface driver sq930x
[   11.818891][    T1] usbcore: registered new interface driver sunplus
[   11.819892][    T1] usbcore: registered new interface driver stk014
[   11.820994][    T1] usbcore: registered new interface driver stk1135
[   11.822205][    T1] usbcore: registered new interface driver stv0680
[   11.823298][    T1] usbcore: registered new interface driver t613
[   11.824328][    T1] usbcore: registered new interface driver gspca_topro
[   11.825387][    T1] usbcore: registered new interface driver touptek
[   11.826394][    T1] usbcore: registered new interface driver tv8532
[   11.827415][    T1] usbcore: registered new interface driver vc032x
[   11.828419][    T1] usbcore: registered new interface driver vicam
[   11.829428][    T1] usbcore: registered new interface driver xirlink-cit
[   11.830559][    T1] usbcore: registered new interface driver gspca_zc3xx
[   11.831634][    T1] usbcore: registered new interface driver ALi m5602
[   11.832699][    T1] usbcore: registered new interface driver STV06xx
[   11.833758][    T1] usbcore: registered new interface driver gspca_gl860
[   11.834821][    T1] usbcore: registered new interface driver hackrf
[   11.835839][    T1] usbcore: registered new interface driver msi2500
[   11.836983][    T1] usbcore: registered new interface driver Philips webcam
[   11.838736][    T1] usbcore: registered new interface driver uvcvideo
[   11.839551][    T1] au0828: au0828 driver loaded
[   11.840404][    T1] usbcore: registered new interface driver au0828
[   11.841432][    T1] usbcore: registered new interface driver cx231xx
[   11.842562][    T1] usbcore: registered new interface driver em28xx
[   11.843370][    T1] em28xx: Registered (Em28xx v4l2 Extension) extension
[   11.844197][    T1] em28xx: Registered (Em28xx Audio Extension) extension
[   11.845012][    T1] em28xx: Registered (Em28xx dvb Extension) extension
[   11.845819][    T1] em28xx: Registered (Em28xx Input Extension) extension
[   11.846889][    T1] usbcore: registered new interface driver go7007
[   11.847860][    T1] usbcore: registered new interface driver go7007-loader
[   11.849076][    T1] usbcore: registered new interface driver hdpvr
[   11.850126][    T1] usbcore: registered new interface driver pvrusb2
[   11.850895][    T1] pvrusb2: V4L in-tree version:Hauppauge WinTV-PVR-USB2 MPEG2 Encoder/Tuner
[   11.851937][    T1] pvrusb2: Debug mask is 31 (0x1f)
[   11.852681][    T1] usbcore: registered new interface driver stk1160
[   11.853584][    T1] usbcore: registered new interface driver usbtv
[   11.855619][    T1] dvbdev: DVB: registering new adapter (dvb_vidtv_bridge)
[   11.858251][    T1] i2c i2c-0: DVB: registering adapter 0 frontend 0 (Dummy demod for DVB-T/T2/C/S/S2)...
[   11.859570][    T1] dvbdev: dvb_create_media_entity: media entity 'Dummy demod for DVB-T/T2/C/S/S2' registered.
[   11.863774][    T1] dvbdev: dvb_create_media_entity: media entity 'dvb-demux' registered.
[   11.867180][    T1] vidtv vidtv.0: Successfully initialized vidtv!
[   11.868568][    T1] vicodec vicodec.0: Device 'stateful-encoder' registered as /dev/video0
[   11.869967][    T1] vicodec vicodec.0: Device 'stateful-decoder' registered as /dev/video1
[   11.871349][    T1] vicodec vicodec.0: Device 'stateless-decoder' registered as /dev/video2
[   11.873428][    T1] vim2m vim2m.0: Device registered as /dev/video0
[   11.882885][    T1] vivid-000: using single planar format API
[   11.889579][    T1] vivid-000: CEC adapter cec0 registered for HDMI input 0
[   11.890942][    T1] vivid-000: V4L2 capture device registered as video7
[   11.892196][    T1] vivid-000: CEC adapter cec1 registered for HDMI output 0
[   11.895237][    T1] vivid-000: V4L2 output device registered as video8
[   11.896497][    T1] vivid-000: V4L2 capture device registered as vbi0, supports raw and sliced VBI
[   11.898102][    T1] vivid-000: V4L2 output device registered as vbi1, supports raw and sliced VBI
[   11.899676][    T1] vivid-000: V4L2 capture device registered as swradio0
[   11.900957][    T1] vivid-000: V4L2 receiver device registered as radio0
[   11.902419][    T1] vivid-000: V4L2 transmitter device registered as radio1
[   11.904224][    T1] vivid-000: V4L2 metadata capture device registered as video9
[   11.905634][    T1] vivid-000: V4L2 metadata output device registered as video10
[   11.907045][    T1] vivid-000: V4L2 touch capture device registered as v4l-touch0
[   11.908917][    T1] usbcore: registered new interface driver radioshark2
[   11.910056][    T1] usbcore: registered new interface driver radioshark
[   11.911194][    T1] usbcore: registered new interface driver radio-si470x
[   11.912428][    T1] usbcore: registered new interface driver radio-usb-si4713
[   11.913735][    T1] usbcore: registered new interface driver dsbr100
[   11.914809][    T1] usbcore: registered new interface driver radio-keene
[   11.915969][    T1] usbcore: registered new interface driver radio-ma901
[   11.917114][    T1] usbcore: registered new interface driver radio-mr800
[   11.918228][    T1] usbcore: registered new interface driver radio-raremono
[   11.919935][    T1] usbcore: registered new interface driver pcwd_usb
[   11.922103][    T1] device-mapper: core: CONFIG_IMA_DISABLE_HTABLE is disabled. Duplicate IMA measurements will not be recorded in the IMA log.
[   11.924755][    T1] device-mapper: uevent: version 1.0.3
[   11.926515][    T1] device-mapper: ioctl: 4.47.0-ioctl (2022-07-28) initialised: dm-devel@redhat.com
[   11.928838][    T1] device-mapper: multipath round-robin: version 1.2.0 loaded
[   11.929975][    T1] device-mapper: multipath queue-length: version 0.2.0 loaded
[   11.931124][    T1] device-mapper: multipath service-time: version 0.3.0 loaded
[   11.932687][    T1] device-mapper: raid: Loading target version 1.15.1
[   11.934892][    T1] Bluetooth: HCI UART driver ver 2.3
[   11.935704][    T1] Bluetooth: HCI UART protocol H4 registered
[   11.936601][    T1] Bluetooth: HCI UART protocol BCSP registered
[   11.937597][    T1] Bluetooth: HCI UART protocol LL registered
[   11.938544][    T1] Bluetooth: HCI UART protocol Three-wire (H5) registered
[   11.939661][    T1] Bluetooth: HCI UART protocol QCA registered
[   11.940553][    T1] Bluetooth: HCI UART protocol AG6XX registered
[   11.941522][    T1] Bluetooth: HCI UART protocol Marvell registered
[   11.942644][    T1] usbcore: registered new interface driver bcm203x
[   11.943778][    T1] usbcore: registered new interface driver bpa10x
[   11.944842][    T1] usbcore: registered new interface driver bfusb
[   11.945928][    T1] usbcore: registered new interface driver btusb
[   11.947038][    T1] usbcore: registered new interface driver ath3k
[   11.948384][    T1] CAPI 2.0 started up with major 68 (middleware)
[   11.949307][    T1] Modular ISDN core version 1.1.29
[   11.950330][    T1] NET: Registered PF_ISDN protocol family
[   11.951166][    T1] DSP module 2.0
[   11.951699][    T1] mISDN_dsp: DSP clocks every 80 samples. This equals 1 jiffies.
[   11.961173][    T1] mISDN: Layer-1-over-IP driver Rev. 2.00
[   11.962561][    T1] 0 virtual devices registered
[   11.963513][    T1] usbcore: registered new interface driver HFC-S_USB
[   11.964513][    T1] VUB300 Driver rom wait states = 1C irqpoll timeout = 0400
[   11.965131][    T1] usbcore: registered new interface driver vub300
[   11.967277][    T1] usbcore: registered new interface driver ushc
[   11.970829][    T1] iscsi: registered transport (iser)
[   11.972428][    T1] SoftiWARP attached
[   11.978687][    T1] hid: raw HID events driver (C) Jiri Kosina
[   11.988434][    T1] usbcore: registered new interface driver usbhid
[   11.989406][    T1] usbhid: USB HID core driver
[   12.001292][    T1] usbcore: registered new interface driver es2_ap_driver
[   12.002364][    T1] comedi: version 0.7.76 - http://www.comedi.org
[   12.003580][    T1] usbcore: registered new interface driver dt9812
[   12.004649][    T1] usbcore: registered new interface driver ni6501
[   12.005723][    T1] usbcore: registered new interface driver usbdux
[   12.006793][    T1] usbcore: registered new interface driver usbduxfast
[   12.007946][    T1] usbcore: registered new interface driver usbduxsigma
[   12.009086][    T1] usbcore: registered new interface driver vmk80xx
[   12.010220][    T1] usbcore: registered new interface driver prism2_usb
[   12.011434][    T1] usbcore: registered new interface driver r8712u
[   12.012704][    T1] greybus: registered new driver hid
[   12.013756][    T1] greybus: registered new driver gbphy
[   12.014622][    T1] gb_gbphy: registered new driver usb
[   12.015465][    T1] asus_wmi: ASUS WMI generic driver loaded
[   12.049443][    T1] usbcore: registered new interface driver snd-usb-audio
[   12.050690][    T1] usbcore: registered new interface driver snd-ua101
[   12.051867][    T1] usbcore: registered new interface driver snd-usb-usx2y
[   12.053407][    T1] usbcore: registered new interface driver snd-usb-us122l
[   12.054627][    T1] usbcore: registered new interface driver snd-usb-caiaq
[   12.055828][    T1] usbcore: registered new interface driver snd-usb-6fire
[   12.056886][    T1] usbcore: registered new interface driver snd-usb-hiface
[   12.057827][    T1] usbcore: registered new interface driver snd-bcd2000
[   12.058736][    T1] usbcore: registered new interface driver snd_usb_pod
[   12.059665][    T1] usbcore: registered new interface driver snd_usb_podhd
[   12.060589][    T1] usbcore: registered new interface driver snd_usb_toneport
[   12.061545][    T1] usbcore: registered new interface driver snd_usb_variax
[   12.062499][    T1] drop_monitor: Initializing network drop monitor service
[   12.063976][    T1] NET: Registered PF_LLC protocol family
[   12.064776][    T1] GACT probability on
[   12.065258][    T1] Mirror/redirect action on
[   12.065889][    T1] Simple TC action Loaded
[   12.067535][    T1] netem: version 1.3
[   12.068213][    T1] u32 classifier
[   12.068628][    T1]     Performance counters on
[   12.069168][    T1]     input device check on
[   12.069687][    T1]     Actions configured
[   12.073997][    T1] xt_time: kernel timezone is -0000
[   12.074693][    T1] IPVS: Registered protocols (TCP, UDP, SCTP, AH, ESP)
[   12.075734][    T1] IPVS: Connection hash table configured (size=4096, memory=32Kbytes)
[   12.077020][    T1] IPVS: ipvs loaded.
[   12.077493][    T1] IPVS: [rr] scheduler registered.
[   12.078088][    T1] IPVS: [wrr] scheduler registered.
[   12.078691][    T1] IPVS: [lc] scheduler registered.
[   12.079283][    T1] IPVS: [wlc] scheduler registered.
[   12.079896][    T1] IPVS: [fo] scheduler registered.
[   12.080488][    T1] IPVS: [ovf] scheduler registered.
[   12.081099][    T1] IPVS: [lblc] scheduler registered.
[   12.081720][    T1] IPVS: [lblcr] scheduler registered.
[   12.082343][    T1] IPVS: [dh] scheduler registered.
[   12.082936][    T1] IPVS: [sh] scheduler registered.
[   12.083578][    T1] IPVS: [mh] scheduler registered.
[   12.084175][    T1] IPVS: [sed] scheduler registered.
[   12.084777][    T1] IPVS: [nq] scheduler registered.
[   12.085369][    T1] IPVS: [twos] scheduler registered.
[   12.086089][    T1] IPVS: [sip] pe registered.
[   12.086714][    T1] ipip: IPv4 and MPLS over IPv4 tunneling driver
[   12.088455][    T1] gre: GRE over IPv4 demultiplexor driver
[   12.089125][    T1] ip_gre: GRE over IPv4 tunneling driver
[   12.092812][    T1] IPv4 over IPsec tunneling driver
[   12.094545][    T1] ipt_CLUSTERIP: ClusterIP Version 0.8 loaded successfully
[   12.095683][    T1] Initializing XFRM netlink socket
[   12.096345][    T1] IPsec XFRM device driver
[   12.098239][    T1] NET: Registered PF_INET6 protocol family
[   12.104189][    T1] Segment Routing with IPv6
[   12.104730][    T1] RPL Segment Routing with IPv6
[   12.105341][    T1] In-situ OAM (IOAM) with IPv6
[   12.106166][    T1] mip6: Mobile IPv6
[   12.108199][    T1] sit: IPv6, IPv4 and MPLS over IPv4 tunneling driver
[   12.111169][    T1] ip6_gre: GRE over IPv6 tunneling driver
[   12.112942][    T1] NET: Registered PF_PACKET protocol family
[   12.113705][    T1] NET: Registered PF_KEY protocol family
[   12.114775][    T1] Bridge firewalling registered
[   12.115704][    T1] NET: Registered PF_X25 protocol family
[   12.116405][    T1] X25: Linux Version 0.2
[   12.119849][    T1] NET: Registered PF_NETROM protocol family
[   12.128207][    T1] NET: Registered PF_ROSE protocol family
[   12.129029][    T1] NET: Registered PF_AX25 protocol family
[   12.129713][    T1] can: controller area network core
[   12.130582][    T1] NET: Registered PF_CAN protocol family
[   12.131239][    T1] can: raw protocol
[   12.131723][    T1] can: broadcast manager protocol
[   12.132316][    T1] can: netlink gateway - max_hops=1
[   12.133178][    T1] can: SAE J1939
[   12.133623][    T1] can: isotp protocol
[   12.134419][    T1] Bluetooth: RFCOMM TTY layer initialized
[   12.135120][    T1] Bluetooth: RFCOMM socket layer initialized
[   12.135881][    T1] Bluetooth: RFCOMM ver 1.11
[   12.136481][    T1] Bluetooth: BNEP (Ethernet Emulation) ver 1.3
[   12.137277][    T1] Bluetooth: BNEP filters: protocol multicast
[   12.137998][    T1] Bluetooth: BNEP socket layer initialized
[   12.138670][    T1] Bluetooth: CMTP (CAPI Emulation) ver 1.0
[   12.139347][    T1] Bluetooth: CMTP socket layer initialized
