bash: warning: setlocale: LC_ALL: cannot change locale (en_US.UTF-8)
c[?7l[2J[0mSeaBIOS (version 1.16.2-debian-1.16.2-1)
Booting from ROM..c[?7l[2J[0m.early console in extract_kernel
input_data: 0x000000000d27d2bf
input_len: 0x0000000004b834e5
output: 0x0000000001000000
output_len: 0x000000000f0d1a90
kernel_total_size: 0x0000000010e26000
needed_size: 0x0000000011000000
trampoline_32bit: 0x000000000009d000

Decompressing Linux... Parsing ELF... done.
Booting the kernel.
[    0.000000][    T0] Linux version 6.1.0-rc7-00200-gc2bf05db6c78-dirty (root@buildkitsandbox) (gcc (Debian 12.2.0-14+deb12u1) 12.2.0, GNU ld (GNU Binutils for Debian) 2.40) #1 SMP PREEMPT_DYNAMIC Mon May 25 15:58:55 UTC 2026
[    0.000000][    T0] Command line: console=ttyS0 oops=panic panic=86400 nokaslr earlyprintk=serial rdinit=/init
[    0.000000][    T0] KERNEL supported cpus:
[    0.000000][    T0]   Intel GenuineIntel
[    0.000000][    T0]   AMD AuthenticAMD
[    0.000000][    T0] x86/fpu: Supporting XSAVE feature 0x001: 'x87 floating point registers'
[    0.000000][    T0] x86/fpu: Supporting XSAVE feature 0x002: 'SSE registers'
[    0.000000][    T0] x86/fpu: Supporting XSAVE feature 0x004: 'AVX registers'
[    0.000000][    T0] x86/fpu: xstate_offset[2]:  576, xstate_sizes[2]:  256
[    0.000000][    T0] x86/fpu: Enabled xstate features 0x7, context size is 832 bytes, using 'compacted' format.
[    0.000000][    T0] signal: max sigframe size: 1776
[    0.000000][    T0] BIOS-provided physical RAM map:
[    0.000000][    T0] BIOS-e820: [mem 0x0000000000000000-0x000000000009fbff] usable
[    0.000000][    T0] BIOS-e820: [mem 0x000000000009fc00-0x000000000009ffff] reserved
[    0.000000][    T0] BIOS-e820: [mem 0x00000000000f0000-0x00000000000fffff] reserved
[    0.000000][    T0] BIOS-e820: [mem 0x0000000000100000-0x000000007ffdffff] usable
[    0.000000][    T0] BIOS-e820: [mem 0x000000007ffe0000-0x000000007fffffff] reserved
[    0.000000][    T0] BIOS-e820: [mem 0x00000000feffc000-0x00000000feffffff] reserved
[    0.000000][    T0] BIOS-e820: [mem 0x00000000fffc0000-0x00000000ffffffff] reserved
[    0.000000][    T0] BIOS-e820: [mem 0x000000fd00000000-0x000000ffffffffff] reserved
[    0.000000][    T0] printk: bootconsole [earlyser0] enabled
[    0.000000][    T0] NX (Execute Disable) protection: active
[    0.000000][    T0] SMBIOS 2.8 present.
[    0.000000][    T0] DMI: QEMU Standard PC (i440FX + PIIX, 1996), BIOS 1.16.2-debian-1.16.2-1 04/01/2014
[    0.000000][    T0] Hypervisor detected: KVM
[    0.000000][    T0] kvm-clock: Using msrs 4b564d01 and 4b564d00
[    0.000005][    T0] kvm-clock: using sched offset of 958221857 cycles
[    0.000707][    T0] clocksource: kvm-clock: mask: 0xffffffffffffffff max_cycles: 0x1cd42e4dffb, max_idle_ns: 881590591483 ns
[    0.002779][    T0] tsc: Detected 3493.436 MHz processor
[    0.007935][    T0] last_pfn = 0x7ffe0 max_arch_pfn = 0x400000000
[    0.008711][    T0] x86/PAT: Configuration [0-7]: WB  WC  UC- UC  WB  WP  UC- WT  
[    0.012754][    T0] found SMP MP-table at [mem 0x000f5ba0-0x000f5baf]
[    0.013538][    T0] Using GB pages for direct mapping
[    0.015021][    T0] RAMDISK: [mem 0x7fe4c000-0x7ffdffff]
[    0.015694][    T0] ACPI: Early table checksum verification disabled
[    0.016474][    T0] ACPI: RSDP 0x00000000000F59D0 000014 (v00 BOCHS )
[    0.017257][    T0] ACPI: RSDT 0x000000007FFE1B33 000034 (v01 BOCHS  BXPC     00000001 BXPC 00000001)
[    0.018401][    T0] ACPI: FACP 0x000000007FFE19DF 000074 (v01 BOCHS  BXPC     00000001 BXPC 00000001)
[    0.019560][    T0] ACPI: DSDT 0x000000007FFE0040 00199F (v01 BOCHS  BXPC     00000001 BXPC 00000001)
[    0.020721][    T0] ACPI: FACS 0x000000007FFE0000 000040
[    0.021405][    T0] ACPI: APIC 0x000000007FFE1A53 000080 (v01 BOCHS  BXPC     00000001 BXPC 00000001)
[    0.022563][    T0] ACPI: HPET 0x000000007FFE1AD3 000038 (v01 BOCHS  BXPC     00000001 BXPC 00000001)
[    0.023672][    T0] ACPI: WAET 0x000000007FFE1B0B 000028 (v01 BOCHS  BXPC     00000001 BXPC 00000001)
[    0.024799][    T0] ACPI: Reserving FACP table memory at [mem 0x7ffe19df-0x7ffe1a52]
[    0.025732][    T0] ACPI: Reserving DSDT table memory at [mem 0x7ffe0040-0x7ffe19de]
[    0.026689][    T0] ACPI: Reserving FACS table memory at [mem 0x7ffe0000-0x7ffe003f]
[    0.027621][    T0] ACPI: Reserving APIC table memory at [mem 0x7ffe1a53-0x7ffe1ad2]
[    0.028540][    T0] ACPI: Reserving HPET table memory at [mem 0x7ffe1ad3-0x7ffe1b0a]
[    0.029475][    T0] ACPI: Reserving WAET table memory at [mem 0x7ffe1b0b-0x7ffe1b32]
[    0.031305][    T0] No NUMA configuration found
[    0.031855][    T0] Faking a node at [mem 0x0000000000000000-0x000000007ffdffff]
[    0.032755][    T0] NODE_DATA(0) allocated [mem 0x7fe46000-0x7fe4bfff]
[    0.037287][    T0] Zone ranges:
[    0.037761][    T0]   DMA      [mem 0x0000000000001000-0x0000000000ffffff]
[    0.038617][    T0]   DMA32    [mem 0x0000000001000000-0x000000007ffdffff]
[    0.039466][    T0]   Normal   empty
[    0.039896][    T0]   Device   empty
[    0.040340][    T0] Movable zone start for each node
[    0.040942][    T0] Early memory node ranges
[    0.041456][    T0]   node   0: [mem 0x0000000000001000-0x000000000009efff]
[    0.042305][    T0]   node   0: [mem 0x0000000000100000-0x000000007ffdffff]
[    0.043153][    T0] Initmem setup node 0 [mem 0x0000000000001000-0x000000007ffdffff]
[    0.044119][    T0] On node 0, zone DMA: 1 pages in unavailable ranges
[    0.044235][    T0] On node 0, zone DMA: 97 pages in unavailable ranges
[    0.057333][    T0] On node 0, zone DMA32: 32 pages in unavailable ranges
[    0.094992][    T0] kasan: KernelAddressSanitizer initialized
[    0.096797][    T0] ACPI: PM-Timer IO Port: 0x608
[    0.097383][    T0] ACPI: LAPIC_NMI (acpi_id[0xff] dfl dfl lint[0x1])
[    0.098215][    T0] IOAPIC[0]: apic_id 0, version 17, address 0xfec00000, GSI 0-23
[    0.099129][    T0] ACPI: INT_SRC_OVR (bus 0 bus_irq 0 global_irq 2 dfl dfl)
[    0.099978][    T0] ACPI: INT_SRC_OVR (bus 0 bus_irq 5 global_irq 5 high level)
[    0.100858][    T0] ACPI: INT_SRC_OVR (bus 0 bus_irq 9 global_irq 9 high level)
[    0.101759][    T0] ACPI: INT_SRC_OVR (bus 0 bus_irq 10 global_irq 10 high level)
[    0.102719][    T0] ACPI: INT_SRC_OVR (bus 0 bus_irq 11 global_irq 11 high level)
[    0.103653][    T0] ACPI: Using ACPI (MADT) for SMP configuration information
[    0.104559][    T0] ACPI: HPET id: 0x8086a201 base: 0xfed00000
[    0.105293][    T0] TSC deadline timer available
[    0.105853][    T0] smpboot: Allowing 2 CPUs, 0 hotplug CPUs
[    0.106553][    T0] kvm-guest: KVM setup pv remote TLB flush
[    0.107217][    T0] kvm-guest: setup PV sched yield
[    0.107822][    T0] PM: hibernation: Registered nosave memory: [mem 0x00000000-0x00000fff]
[    0.108791][    T0] PM: hibernation: Registered nosave memory: [mem 0x0009f000-0x0009ffff]
[    0.109766][    T0] PM: hibernation: Registered nosave memory: [mem 0x000a0000-0x000effff]
[    0.110730][    T0] PM: hibernation: Registered nosave memory: [mem 0x000f0000-0x000fffff]
[    0.111690][    T0] [mem 0x80000000-0xfeffbfff] available for PCI devices
[    0.112489][    T0] Booting paravirtualized kernel on KVM
[    0.113126][    T0] clocksource: refined-jiffies: mask: 0xffffffff max_cycles: 0xffffffff, max_idle_ns: 19112604462750000 ns
[    0.157497][    T0] setup_percpu: NR_CPUS:8 nr_cpumask_bits:2 nr_cpu_ids:2 nr_node_ids:1
[    0.158837][    T0] percpu: Embedded 69 pages/cpu s244360 r8192 d30072 u1048576
[    0.159834][    T0] kvm-guest: PV spinlocks enabled
[    0.160437][    T0] PV qspinlock hash table entries: 256 (order: 0, 4096 bytes, linear)
[    0.161430][    T0] Fallback order for Node 0: 0 
[    0.162027][    T0] Built 1 zonelists, mobility grouping on.  Total pages: 515808
[    0.162933][    T0] Policy zone: DMA32
[    0.163402][    T0] Kernel command line: console=ttyS0 oops=panic panic=86400 nokaslr earlyprintk=serial rdinit=/init
[    0.165291][    T0] random: crng init done
[    0.166082][    T0] Dentry cache hash table entries: 262144 (order: 9, 2097152 bytes, linear)
[    0.167345][    T0] Inode-cache hash table entries: 131072 (order: 8, 1048576 bytes, linear)
[    0.168703][    T0] mem auto-init: stack:off, heap alloc:on, heap free:off
[    0.170648][    T0] stackdepot hash table entries: 1048576 (order: 11, 8388608 bytes, linear)
[    0.270920][    T0] Memory: 1473832K/2096632K available (149535K kernel code, 36088K rwdata, 30676K rodata, 2760K init, 33980K bss, 622544K reserved, 0K cma-reserved)
[    0.273101][    T0] SLUB: HWalign=64, Order=0-3, MinObjects=0, CPUs=2, Nodes=1
[    0.275252][    T0] Dynamic Preempt: full
[    0.276113][    T0] Running RCU self tests
[    0.276628][    T0] rcu: Preemptible hierarchical RCU implementation.
[    0.277406][    T0] rcu: 	RCU lockdep checking is enabled.
[    0.278084][    T0] rcu: 	RCU restricting CPUs from NR_CPUS=8 to nr_cpu_ids=2.
[    0.278955][    T0] rcu: 	RCU callback double-/use-after-free debug is enabled.
[    0.279835][    T0] rcu: 	RCU debug extended QS entry/exit.
[    0.280507][    T0] 	Trampoline variant of Tasks RCU enabled.
[    0.281204][    T0] 	Tracing variant of Tasks RCU enabled.
[    0.281872][    T0] rcu: RCU calculated value of scheduler-enlistment delay is 10 jiffies.
[    0.282865][    T0] rcu: Adjusting geometry for rcu_fanout_leaf=16, nr_cpu_ids=2
[    0.310941][    T0] NR_IRQS: 4352, nr_irqs: 440, preallocated irqs: 16
[    0.312151][    T0] rcu: srcu_init: Setting srcu_struct sizes based on contention.
[    0.313280][    T0] kfence: initialized - using 2097152 bytes for 255 objects at 0x(____ptrval____)-0x(____ptrval____)
[    0.322631][    T0] Console: colour VGA+ 80x25
[    0.323215][    T0] printk: console [ttyS0] enabled
[    0.323215][    T0] printk: console [ttyS0] enabled
[    0.324395][    T0] printk: bootconsole [earlyser0] disabled
[    0.324395][    T0] printk: bootconsole [earlyser0] disabled
[    0.325759][    T0] Lock dependency validator: Copyright (c) 2006 Red Hat, Inc., Ingo Molnar
[    0.326777][    T0] ... MAX_LOCKDEP_SUBCLASSES:  8
[    0.327358][    T0] ... MAX_LOCK_DEPTH:          48
[    0.327975][    T0] ... MAX_LOCKDEP_KEYS:        8192
[    0.328594][    T0] ... CLASSHASH_SIZE:          4096
[    0.329209][    T0] ... MAX_LOCKDEP_ENTRIES:     131072
[    0.329852][    T0] ... MAX_LOCKDEP_CHAINS:      262144
[    0.330483][    T0] ... CHAINHASH_SIZE:          131072
[    0.331121][    T0]  memory used by lock dependency info: 20657 kB
[    0.331880][    T0]  memory used for stack traces: 8320 kB
[    0.332550][    T0]  per task-struct memory footprint: 1920 bytes
[    0.333357][    T0] ACPI: Core revision 20220331
[    0.334268][    T0] clocksource: hpet: mask: 0xffffffff max_cycles: 0xffffffff, max_idle_ns: 19112604467 ns
[    0.335648][    T0] APIC: Switch to symmetric I/O mode setup
[    0.336516][    T0] x2apic enabled
[    0.337162][    T0] Switched APIC routing to physical x2apic.
[    0.337871][    T0] kvm-guest: setup PV IPIs
[    0.339808][    T0] ..TIMER: vector=0x30 apic1=0 pin1=2 apic2=-1 pin2=-1
[    0.340640][    T0] tsc: Marking TSC unstable due to TSCs unsynchronized
[    0.341461][    T0] Calibrating delay loop (skipped) preset value.. 6986.87 BogoMIPS (lpj=34934360)
[    0.342536][    T0] pid_max: default: 32768 minimum: 301
[    0.343280][    T0] LSM: Security Framework initializing
[    0.343957][    T0] landlock: Up and running.
[    0.344475][    T0] Yama: becoming mindful.
[    0.345024][    T0] TOMOYO Linux initialized
[    0.351583][    T0] AppArmor: AppArmor initialized
[    0.352174][    T0] LSM support for eBPF active
[    0.352862][    T0] Mount-cache hash table entries: 4096 (order: 3, 32768 bytes, linear)
[    0.353819][    T0] Mountpoint-cache hash table entries: 4096 (order: 3, 32768 bytes, linear)
[    0.356448][    T0] x86/cpu: User Mode Instruction Prevention (UMIP) activated
[    0.357423][    T0] Last level iTLB entries: 4KB 512, 2MB 255, 4MB 127
[    0.358194][    T0] Last level dTLB entries: 4KB 512, 2MB 255, 4MB 127, 1GB 0
[    0.359050][    T0] Spectre V1 : Mitigation: usercopy/swapgs barriers and __user pointer sanitization
[    0.360140][    T0] Spectre V2 : Kernel not compiled with retpoline; no mitigation available!
[    0.360145][    T0] Spectre V2 : Vulnerable
[    0.361452][    T0] Spectre V2 : Spectre v2 / SpectreRSB mitigation: Filling RSB on context switch
[    0.362497][    T0] Spectre V2 : Enabling Speculation Barrier for firmware calls
[    0.363391][    T0] RETBleed: Mitigation: IBPB
[    0.363941][    T0] Spectre V2 : mitigation: Enabling conditional Indirect Branch Prediction Barrier
[    0.365004][    T0] Speculative Store Bypass: Mitigation: Speculative Store Bypass disabled via prctl
[    0.367678][    T0] Freeing SMP alternatives memory: 116K
[    0.368769][    T1] smpboot: CPU0: AMD Ryzen Threadripper PRO 3975WX 32-Cores (family: 0x17, model: 0x31, stepping: 0x0)
[    0.371440][    T1] cblist_init_generic: Setting adjustable number of callback queues.
[    0.371440][    T1] cblist_init_generic: Setting shift to 1 and lim to 1.
[    0.371440][    T1] cblist_init_generic: Setting shift to 1 and lim to 1.
[    0.371440][    T1] Running RCU-tasks wait API self tests
[    0.471859][    T1] Performance Events: Fam17h+ core perfctr, AMD PMU driver.
[    0.473590][    T1] ... version:                0
[    0.474574][    T1] ... bit width:              48
[    0.475771][    T1] ... generic registers:      6
[    0.477000][    T1] ... value mask:             0000ffffffffffff
[    0.478555][    T1] ... max period:             00007fffffffffff
[    0.480117][    T1] ... fixed-purpose events:   0
[    0.481332][    T1] ... event mask:             000000000000003f
[    0.482616][    T1] rcu: Hierarchical SRCU implementation.
[    0.484033][    T1] rcu: 	Max phase no-delay instances is 1000.
[    0.490721][    T1] smp: Bringing up secondary CPUs ...
[    0.492974][    T1] x86: Booting SMP configuration:
[    0.494042][    T1] .... node  #0, CPUs:      #1
[    0.496302][    T1] smp: Brought up 1 node, 2 CPUs
[    0.496302][    T1] smpboot: Max logical packages: 1
[    0.496302][    T1] smpboot: Total of 2 processors activated (13973.74 BogoMIPS)
[    0.502847][    T1] devtmpfs: initialized
[    0.503442][    T1] x86/mm: Memory block size: 128MB
[    0.521570][   T13] Callback from call_rcu_tasks_trace() invoked.
[    0.532410][    T1] clocksource: jiffies: mask: 0xffffffff max_cycles: 0xffffffff, max_idle_ns: 19112604462750000 ns
[    0.533894][    T1] futex hash table entries: 512 (order: 4, 65536 bytes, linear)
[    0.536512][    T1] PM: RTC time: 16:00:45, date: 2026-05-25
[    0.540082][    T1] NET: Registered PF_NETLINK/PF_ROUTE protocol family
[    0.542651][    T1] audit: initializing netlink subsys (disabled)
[    0.543540][   T26] audit: type=2000 audit(1779724846.257:1): state=initialized audit_enabled=0 res=1
[    0.543540][    T1] thermal_sys: Registered thermal governor 'step_wise'
[    0.544165][    T1] thermal_sys: Registered thermal governor 'user_space'
[    0.545158][    T1] cpuidle: using governor menu
[    0.546604][    T1] NET: Registered PF_QIPCRTR protocol family
[    0.547950][    T1] PCI: Using configuration type 1 for base access
[    0.551453][    T1] PCI: Using configuration type 1 for extended access
[    0.678036][    T1] HugeTLB: registered 1.00 GiB page size, pre-allocated 0 pages
[    0.678036][    T1] HugeTLB: 16380 KiB vmemmap can be freed for a 1.00 GiB page
[    0.678036][    T1] HugeTLB: registered 2.00 MiB page size, pre-allocated 0 pages
[    0.678036][    T1] HugeTLB: 28 KiB vmemmap can be freed for a 2.00 MiB page
[    0.681912][    T1] cryptd: max_cpu_qlen set to 1000
[    0.684131][    T1] raid6: skipped pq benchmark and selected avx2x4
[    0.684965][    T1] raid6: using avx2x2 recovery algorithm
[    0.686175][    T1] ACPI: Added _OSI(Module Device)
[    0.686770][    T1] ACPI: Added _OSI(Processor Device)
[    0.691537][    T1] ACPI: Added _OSI(3.0 _SCP Extensions)
[    0.691749][   T12] Callback from call_rcu_tasks() invoked.
[    0.691537][    T1] ACPI: Added _OSI(Processor Aggregator Device)
[    0.710422][    T1] ACPI: 1 ACPI AML tables successfully acquired and loaded
[    0.744334][    T1] ACPI: Interpreter enabled
[    0.745130][    T1] ACPI: PM: (supports S0 S3 S4 S5)
[    0.745763][    T1] ACPI: Using IOAPIC for interrupt routing
[    0.746625][    T1] PCI: Using host bridge windows from ACPI; if necessary, use "pci=nocrs" and report a bug
[    0.747905][    T1] PCI: Using E820 reservations for host bridge windows
[    0.751672][    T1] ACPI: Enabled 2 GPEs in block 00 to 0F
[    0.795704][    T1] ACPI: PCI Root Bridge [PCI0] (domain 0000 [bus 00-ff])
[    0.796662][    T1] acpi PNP0A03:00: _OSC: OS supports [ExtendedConfig ASPM ClockPM Segments MSI HPX-Type3]
[    0.799479][    T1] PCI host bridge to bus 0000:00
[    0.800093][    T1] pci_bus 0000:00: root bus resource [io  0x0000-0x0cf7 window]
[    0.800982][    T1] pci_bus 0000:00: root bus resource [io  0x0d00-0xffff window]
[    0.801460][    T1] pci_bus 0000:00: root bus resource [mem 0x000a0000-0x000bffff window]
[    0.802526][    T1] pci_bus 0000:00: root bus resource [mem 0x80000000-0xfebfffff window]
[    0.803570][    T1] pci_bus 0000:00: root bus resource [mem 0x100000000-0x17fffffff window]
[    0.804611][    T1] pci_bus 0000:00: root bus resource [bus 00-ff]
[    0.805700][    T1] pci 0000:00:00.0: [8086:1237] type 00 class 0x060000
[    0.820281][    T1] pci 0000:00:01.0: [8086:7000] type 00 class 0x060100
[    0.834613][    T1] pci 0000:00:01.1: [8086:7010] type 00 class 0x010180
[    0.837037][    T1] pci 0000:00:01.1: reg 0x20: [io  0xc000-0xc00f]
[    0.838454][    T1] pci 0000:00:01.1: legacy IDE quirk: reg 0x10: [io  0x01f0-0x01f7]
[    0.839400][    T1] pci 0000:00:01.1: legacy IDE quirk: reg 0x14: [io  0x03f6]
[    0.840263][    T1] pci 0000:00:01.1: legacy IDE quirk: reg 0x18: [io  0x0170-0x0177]
[    0.841185][    T1] pci 0000:00:01.1: legacy IDE quirk: reg 0x1c: [io  0x0376]
[    0.841929][    T1] pci 0000:00:01.3: [8086:7113] type 00 class 0x068000
[    0.843152][    T1] pci 0000:00:01.3: quirk: [io  0x0600-0x063f] claimed by PIIX4 ACPI
[    0.844162][    T1] pci 0000:00:01.3: quirk: [io  0x0700-0x070f] claimed by PIIX4 SMB
[    0.845915][    T1] pci 0000:00:02.0: [1234:1111] type 00 class 0x030000
[    0.848001][    T1] pci 0000:00:02.0: reg 0x10: [mem 0xfd000000-0xfdffffff pref]
[    0.850343][    T1] pci 0000:00:02.0: reg 0x18: [mem 0xfebf0000-0xfebf0fff]
[    0.854894][    T1] pci 0000:00:02.0: reg 0x30: [mem 0xfebe0000-0xfebeffff pref]
[    0.861441][    T1] pci 0000:00:02.0: Video device with shadowed ROM at [mem 0x000c0000-0x000dffff]
[    0.875349][    T1] ACPI: PCI: Interrupt link LNKA configured for IRQ 10
[    0.877677][    T1] ACPI: PCI: Interrupt link LNKB configured for IRQ 10
[    0.879992][    T1] ACPI: PCI: Interrupt link LNKC configured for IRQ 11
[    0.882290][    T1] ACPI: PCI: Interrupt link LNKD configured for IRQ 11
[    0.883795][    T1] ACPI: PCI: Interrupt link LNKS configured for IRQ 9
[    0.894367][    T1] iommu: Default domain type: Translated 
[    0.894367][    T1] iommu: DMA domain TLB invalidation policy: lazy mode 
[    0.894367][    T1] SCSI subsystem initialized
[    0.898802][    T1] ACPI: bus type USB registered
[    0.899631][    T1] usbcore: registered new interface driver usbfs
[    0.900535][    T1] usbcore: registered new interface driver hub
[    0.901379][    T1] usbcore: registered new device driver usb
[    0.902022][    T1] mc: Linux media interface: v0.10
[    0.902729][    T1] videodev: Linux video capture interface: v2.00
[    0.903835][    T1] pps_core: LinuxPPS API ver. 1 registered
[    0.904587][    T1] pps_core: Software ver. 5.3.6 - Copyright 2005-2007 Rodolfo Giometti <giometti@linux.it>
[    0.905965][    T1] PTP clock support registered
[    0.906917][    T1] EDAC MC: Ver: 3.0.0
[    0.908849][    T1] Advanced Linux Sound Architecture Driver Initialized.
[    0.911328][    T1] Bluetooth: Core ver 2.22
[    0.911522][    T1] NET: Registered PF_BLUETOOTH protocol family
[    0.912258][    T1] Bluetooth: HCI device and connection manager initialized
[    0.913120][    T1] Bluetooth: HCI socket layer initialized
[    0.913791][    T1] Bluetooth: L2CAP socket layer initialized
[    0.914524][    T1] Bluetooth: SCO socket layer initialized
[    0.915242][    T1] NET: Registered PF_ATMPVC protocol family
[    0.915931][    T1] NET: Registered PF_ATMSVC protocol family
[    0.916830][    T1] NetLabel: Initializing
[    0.917400][    T1] NetLabel:  domain hash size = 128
[    0.918104][    T1] NetLabel:  protocols = UNLABELED CIPSOv4 CALIPSO
[    0.919126][    T1] NetLabel:  unlabeled traffic allowed by default
[    0.920270][    T1] nfc: nfc_init: NFC Core ver 0.1
[    0.921507][    T1] NET: Registered PF_NFC protocol family
[    0.922292][    T1] PCI: Using ACPI for IRQ routing
[    0.923245][    T1] pci 0000:00:02.0: vgaarb: setting as boot VGA device
[    0.923245][    T1] pci 0000:00:02.0: vgaarb: bridge control possible
[    0.923253][    T1] pci 0000:00:02.0: vgaarb: VGA device added: decodes=io+mem,owns=io+mem,locks=none
[    0.924469][    T1] vgaarb: loaded
[    0.925608][    T1] hpet0: at MMIO 0xfed00000, IRQs 2, 8, 0
[    0.926385][    T1] hpet0: 3 comparators, 64-bit 100.000000 MHz counter
[    0.932703][    T1] clocksource: Switched to clocksource kvm-clock
[    0.936228][    T1] VFS: Disk quotas dquot_6.6.0
[    0.936857][    T1] VFS: Dquot-cache hash table entries: 512 (order 0, 4096 bytes)
[    0.937994][    T1] FS-Cache: Loaded
[    0.938810][    T1] CacheFiles: Loaded
[    0.938810][    T1] TOMOYO: 2.6.0
[    0.938876][    T1] Mandatory Access Control activated.
[    0.940853][    T1] AppArmor: AppArmor Filesystem Enabled
[    0.941845][    T1] pnp: PnP ACPI init
[    0.946666][    T1] pnp: PnP ACPI: found 6 devices
[    0.967471][    T1] clocksource: acpi_pm: mask: 0xffffff max_cycles: 0xffffff, max_idle_ns: 2085701024 ns
[    0.968878][    T1] NET: Registered PF_INET protocol family
[    0.969850][    T1] IP idents hash table entries: 32768 (order: 6, 262144 bytes, linear)
[    0.972845][    T1] tcp_listen_portaddr_hash hash table entries: 1024 (order: 4, 73728 bytes, linear)
[    0.974060][    T1] Table-perturb hash table entries: 65536 (order: 6, 262144 bytes, linear)
[    0.975254][    T1] TCP established hash table entries: 16384 (order: 5, 131072 bytes, linear)
[    0.977321][    T1] TCP bind hash table entries: 16384 (order: 9, 2359296 bytes, linear)
[    0.979252][    T1] TCP: Hash tables configured (established 16384 bind 16384)
[    0.980475][    T1] MPTCP token hash table entries: 2048 (order: 5, 180224 bytes, linear)
[    0.981887][    T1] UDP hash table entries: 1024 (order: 5, 163840 bytes, linear)
[    0.983058][    T1] UDP-Lite hash table entries: 1024 (order: 5, 163840 bytes, linear)
[    0.984510][    T1] NET: Registered PF_UNIX/PF_LOCAL protocol family
[    0.986192][    T1] RPC: Registered named UNIX socket transport module.
[    0.987125][    T1] RPC: Registered udp transport module.
[    0.987868][    T1] RPC: Registered tcp transport module.
[    0.988626][    T1] RPC: Registered tcp NFSv4.1 backchannel transport module.
[    0.990652][    T1] NET: Registered PF_XDP protocol family
[    0.991472][    T1] pci_bus 0000:00: resource 4 [io  0x0000-0x0cf7 window]
[    0.992453][    T1] pci_bus 0000:00: resource 5 [io  0x0d00-0xffff window]
[    0.993428][    T1] pci_bus 0000:00: resource 6 [mem 0x000a0000-0x000bffff window]
[    0.994496][    T1] pci_bus 0000:00: resource 7 [mem 0x80000000-0xfebfffff window]
[    0.995560][    T1] pci_bus 0000:00: resource 8 [mem 0x100000000-0x17fffffff window]
[    0.997063][    T1] pci 0000:00:01.0: PIIX3: Enabling Passive Release
[    0.998002][    T1] pci 0000:00:00.0: Limiting direct PCI/PCI transfers
[    0.999040][    T1] PCI: CLS 0 bytes, default 64
[    1.002150][   T40] Trying to unpack rootfs image as initramfs...
[    1.021506][    T1] ACPI: bus type thunderbolt registered
[    1.022913][    T1] kvm: no hardware support for 'kvm_intel'
[    1.023833][    T1] kvm: Nested Virtualization enabled
[    1.024583][    T1] SVM: kvm: Nested Paging enabled
[    1.052216][   T66] cryptomgr_test (66) used greatest stack depth: 29824 bytes left
[    1.124105][   T40] Freeing initrd memory: 1616K
[    1.125428][   T62] kworker/u4:4 (62) used greatest stack depth: 28512 bytes left
[    1.126519][   T56] kworker/u4:3 (56) used greatest stack depth: 28208 bytes left
[    3.529885][    T1] Initialise system trusted keyrings
[    3.532212][    T1] workingset: timestamp_bits=40 max_order=19 bucket_order=0
[    3.560220][    T1] zbud: loaded
[    3.565432][    T1] DLM installed
[    3.569659][    T1] squashfs: version 4.0 (2009/01/31) Phillip Lougher
[    3.578350][    T1] NFS: Registering the id_resolver key type
[    3.579816][    T1] Key type id_resolver registered
[    3.581030][    T1] Key type id_legacy registered
[    3.582789][    T1] nfs4filelayout_init: NFSv4 File Layout Driver Registering...
[    3.584674][    T1] nfs4flexfilelayout_init: NFSv4 Flexfile Layout Driver Registering...
[    3.596238][    T1] Key type cifs.spnego registered
[    3.597605][    T1] Key type cifs.idmap registered
[    3.599544][    T1] ntfs: driver 2.1.32 [Flags: R/W].
[    3.603159][    T1] ntfs3: Max link count 4000
[    3.604276][    T1] ntfs3: Enabled Linux POSIX ACLs support
[    3.605667][    T1] ntfs3: Read-only LZX/Xpress compression included
[    3.608672][    T1] efs: 1.0a - http://aeschi.ch.eu.org/efs/
[    3.610765][    T1] jffs2: version 2.2. (NAND) (SUMMARY)  © 2001-2006 Red Hat, Inc.
[    3.617631][    T1] romfs: ROMFS MTD (C) 2007 Red Hat, Inc.
[    3.620042][    T1] QNX4 filesystem 0.2.3 registered.
[    3.621995][    T1] qnx6: QNX6 filesystem 1.0.0 registered.
[    3.624131][    T1] fuse: init (API version 7.37)
[    3.628141][    T1] orangefs_debugfs_init: called with debug mask: :none: :0:
[    3.630534][    T1] orangefs_init: module version upstream loaded
[    3.633450][    T1] JFS: nTxBlock = 8192, nTxLock = 65536
[    3.641086][    T1] SGI XFS with ACLs, security attributes, realtime, quota, no debug enabled
[    3.652754][    T1] 9p: Installing v9fs 9p2000 file system support
[    3.654596][    T1] NILFS version 2 loaded
[    3.655177][    T1] befs: version: 0.9.3
[    3.656744][    T1] ocfs2: Registered cluster interface o2cb
[    3.657871][    T1] ocfs2: Registered cluster interface user
[    3.659030][    T1] OCFS2 User DLM kernel interface loaded
[    3.666160][    T1] gfs2: GFS2 installed
[    3.673456][    T1] ceph: loaded (mds proto 32)
[    3.682592][    T1] NET: Registered PF_ALG protocol family
[    3.683441][    T1] xor: automatically using best checksumming function   avx       
[    3.684565][    T1] async_tx: api initialized (async)
[    3.685301][    T1] Key type asymmetric registered
[    3.686002][    T1] Asymmetric key parser 'x509' registered
[    3.686818][    T1] Asymmetric key parser 'pkcs8' registered
[    3.687642][    T1] Key type pkcs7_test registered
[    3.688900][  T141] kworker/u4:1 (141) used greatest stack depth: 27808 bytes left
[    3.690816][    T1] alg: self-tests for CTR-KDF (hmac(sha256)) passed
[    3.691868][    T1] Block layer SCSI generic (bsg) driver version 0.4 loaded (major 240)
[    3.693296][    T1] io scheduler mq-deadline registered
[    3.694047][    T1] io scheduler kyber registered
[    3.695116][    T1] io scheduler bfq registered
[    3.701261][    T1] input: Power Button as /devices/LNXSYSTM:00/LNXPWRBN:00/input/input0
[    3.708492][    T1] ACPI: button: Power Button [PWRF]
[    3.730613][  T210] kworker/u4:1 (210) used greatest stack depth: 27568 bytes left
[    3.880637][    T1] N_HDLC line discipline registered with maxframe=4096
[    3.881842][    T1] Serial: 8250/16550 driver, 4 ports, IRQ sharing enabled
[    3.883297][    T1] 00:04: ttyS0 at I/O 0x3f8 (irq = 4, base_baud = 115200) is a 16550A
[    3.894119][    T1] Non-volatile memory driver v1.3
[    3.895046][    T1] Linux agpgart interface v0.103
[    3.897277][    T1] ACPI: bus type drm_connector registered
[    3.903536][    T1] [drm] Initialized vgem 1.0.0 20120112 for vgem on minor 0
[    3.907539][    T1] [drm] Initialized vkms 1.0.0 20180514 for vkms on minor 1
[    3.959243][    T1] Console: switching to colour frame buffer device 128x48
[    3.977217][    T1] platform vkms: [drm] fb0: vkmsdrmfb frame buffer device
[    3.978442][    T1] usbcore: registered new interface driver udl
[    3.979620][    T1] bochs-drm 0000:00:02.0: vgaarb: deactivate vga console
[    3.982790][    T1] [drm] Found bochs VGA, ID 0xb0c5.
[    3.983569][    T1] [drm] Framebuffer size 16384 kB @ 0xfd000000, mmio @ 0xfebf0000.
[    3.986375][    T1] [drm] Found EDID data blob.
[    3.988386][    T1] [drm] Initialized bochs-drm 1.0.0 20130925 for 0000:00:02.0 on minor 2
[    3.992833][    T1] fbcon: bochs-drmdrmfb (fb1) is primary device
[    3.992845][    T1] fbcon: Remapping primary device, fb1, to tty 1-63
[   12.100359][    T1] bochs-drm 0000:00:02.0: [drm] fb1: bochs-drmdrmfb frame buffer device
[   12.106636][   T11] Floppy drive(s): fd0 is 2.88M AMI BIOS
[   12.127177][  T813] kworker/u4:4 (813) used greatest stack depth: 27504 bytes left
[   12.130126][    T1] brd: module loaded
[   12.131972][   T11] FDC 0 is a S82078B
[   12.163098][    T1] loop: module loaded
[   12.207080][    T1] zram: Added device: zram0
[   12.211422][    T1] null_blk: disk nullb0 created
[   12.212448][    T1] null_blk: module loaded
[   12.213278][    T1] Guest personality initialized and is inactive
[   12.214620][    T1] VMCI host device registered (name=vmci, major=10, minor=119)
[   12.215518][    T1] Initialized host personality
[   12.216304][    T1] usbcore: registered new interface driver rtsx_usb
[   12.217678][    T1] usbcore: registered new interface driver viperboard
[   12.218831][    T1] usbcore: registered new interface driver dln2
[   12.220007][    T1] usbcore: registered new interface driver pn533_usb
[   12.222925][    T1] nfcsim 0.2 initialized
[   12.223630][    T1] usbcore: registered new interface driver port100
[   12.224590][    T1] usbcore: registered new interface driver nfcmrvl
[   12.228085][    T1] Loading iSCSI transport class v2.0-870.
[   12.232568][    T1] st: Version 20160209, fixed bufsize 32768, s/g segs 256
[   12.245297][    T1] scsi host0: ata_piix
[   12.247558][    T1] scsi host1: ata_piix
[   12.248756][    T1] ata1: PATA max MWDMA2 cmd 0x1f0 ctl 0x3f6 bmdma 0xc000 irq 14
[   12.249791][    T1] ata2: PATA max MWDMA2 cmd 0x170 ctl 0x376 bmdma 0xc008 irq 15
[   12.255082][    T1] Rounding down aligned max_sectors from 4294967295 to 4294967288
[   12.256355][    T1] db_root: cannot open: /etc/target
[   12.257666][    T1] slram: not enough parameters.
[   12.260821][    T1] ftl_cs: FTL header not found.
[   12.275068][    T1] wireguard: WireGuard 1.0.0 loaded. See www.wireguard.com for information.
[   12.276239][    T1] wireguard: Copyright (C) 2015-2019 Jason A. Donenfeld <Jason@zx2c4.com>. All Rights Reserved.
[   12.277649][    T1] eql: Equalizer2002: Simon Janes (simon@ncm.com) and David S. Miller (davem@redhat.com)
[   12.282766][    T1] MACsec IEEE 802.1AE
[   12.288919][    T1] tun: Universal TUN/TAP device driver, 1.6
[   12.290946][    T1] vcan: Virtual CAN interface driver
[   12.291833][    T1] vxcan: Virtual CAN Tunnel driver
[   12.292495][    T1] slcan: serial line CAN interface driver
[   12.293236][    T1] CAN device driver interface
[   12.294346][    T1] usbcore: registered new interface driver usb_8dev
[   12.295430][    T1] usbcore: registered new interface driver ems_usb
[   12.296467][    T1] usbcore: registered new interface driver gs_usb
[   12.297514][    T1] usbcore: registered new interface driver kvaser_usb
[   12.298608][    T1] usbcore: registered new interface driver mcba_usb
[   12.299713][    T1] usbcore: registered new interface driver peak_usb
[   12.300913][    T1] e100: Intel(R) PRO/100 Network Driver
[   12.301711][    T1] e100: Copyright(c) 1999-2006 Intel Corporation
[   12.302774][    T1] e1000: Intel(R) PRO/1000 Network Driver
[   12.303538][    T1] e1000: Copyright (c) 1999-2006 Intel Corporation.
[   12.304654][    T1] e1000e: Intel(R) PRO/1000 Network Driver
[   12.305414][    T1] e1000e: Copyright(c) 1999 - 2015 Intel Corporation.
[   12.306955][    T1] mkiss: AX.25 Multikiss, Hans Albas PE1AYX
[   12.307732][    T1] AX.25: 6pack driver, Revision: 0.3.0
[   12.308538][    T1] AX.25: bpqether driver version 004
[   12.309261][    T1] PPP generic driver version 2.4.2
[   12.310495][    T1] PPP BSD Compression module registered
[   12.311246][    T1] PPP Deflate Compression module registered
[   12.312195][    T1] PPP MPPE Compression module registered
[   12.312947][    T1] NET: Registered PF_PPPOX protocol family
[   12.313732][    T1] PPTP driver version 0.8.5
[   12.314689][    T1] SLIP: version 0.8.4-NET3.019-NEWTTY (dynamic channels, max=256) (6 bit encapsulation enabled).
[   12.316039][    T1] CSLIP: code copyright 1989 Regents of the University of California.
[   12.317129][    T1] SLIP linefill/keepalive option.
[   12.317834][    T1] hdlc: HDLC support module revision 1.22
[   12.318662][    T1] LAPB Ethernet driver version 0.02
[   12.319899][    T1] usbcore: registered new interface driver ath9k_htc
[   12.320905][    T1] usbcore: registered new interface driver carl9170
[   12.322182][    T1] usbcore: registered new interface driver ath6kl_usb
[   12.323308][    T1] usbcore: registered new interface driver ar5523
[   12.324490][    T1] usbcore: registered new interface driver ath10k_usb
[   12.325621][    T1] usbcore: registered new interface driver rndis_wlan
[   12.326734][    T1] mac80211_hwsim: initializing netlink
[   12.340118][    T1] usbcore: registered new interface driver atusb
[   12.345123][    T1] mac802154_hwsim mac802154_hwsim: Added 2 mac802154 hwsim hardware radios
[   12.346824][    T1] VMware vmxnet3 virtual NIC driver - version 1.7.0.0-k-NAPI
[   12.348203][    T1] usbcore: registered new interface driver catc
[   12.349194][    T1] usbcore: registered new interface driver kaweth
[   12.350063][    T1] pegasus: Pegasus/Pegasus II USB Ethernet driver
[   12.351073][    T1] usbcore: registered new interface driver pegasus
[   12.352111][    T1] usbcore: registered new interface driver rtl8150
[   12.353213][    T1] usbcore: registered new interface driver r8152
[   12.353999][    T1] hso: drivers/net/usb/hso.c: Option Wireless
[   12.354998][    T1] usbcore: registered new interface driver hso
[   12.355986][    T1] usbcore: registered new interface driver lan78xx
[   12.357034][    T1] usbcore: registered new interface driver asix
[   12.358023][    T1] usbcore: registered new interface driver ax88179_178a
[   12.359128][    T1] usbcore: registered new interface driver cdc_ether
[   12.360196][    T1] usbcore: registered new interface driver cdc_eem
[   12.361278][    T1] usbcore: registered new interface driver dm9601
[   12.362296][    T1] usbcore: registered new interface driver sr9700
[   12.363336][    T1] usbcore: registered new interface driver CoreChips
[   12.364440][    T1] usbcore: registered new interface driver smsc75xx
[   12.365510][    T1] usbcore: registered new interface driver smsc95xx
[   12.366524][    T1] usbcore: registered new interface driver gl620a
[   12.367603][    T1] usbcore: registered new interface driver net1080
[   12.368632][    T1] usbcore: registered new interface driver plusb
[   12.369684][    T1] usbcore: registered new interface driver rndis_host
[   12.370765][    T1] usbcore: registered new interface driver cdc_subset
[   12.371845][    T1] usbcore: registered new interface driver zaurus
[   12.373279][    T1] usbcore: registered new interface driver MOSCHIP usb-ethernet driver
[   12.374543][    T1] usbcore: registered new interface driver int51x1
[   12.375575][    T1] usbcore: registered new interface driver cdc_phonet
[   12.376613][    T1] usbcore: registered new interface driver kalmia
[   12.377650][    T1] usbcore: registered new interface driver ipheth
[   12.378676][    T1] usbcore: registered new interface driver sierra_net
[   12.379793][    T1] usbcore: registered new interface driver cx82310_eth
[   12.380918][    T1] usbcore: registered new interface driver cdc_ncm
[   12.381960][    T1] usbcore: registered new interface driver huawei_cdc_ncm
[   12.383070][    T1] usbcore: registered new interface driver lg-vl600
[   12.384121][    T1] usbcore: registered new interface driver qmi_wwan
[   12.385165][    T1] usbcore: registered new interface driver cdc_mbim
[   12.386259][    T1] usbcore: registered new interface driver ch9200
[   12.387329][    T1] usbcore: registered new interface driver r8153_ecm
[   12.390876][    T1] VFIO - User Level meta-driver version: 0.3
[   12.396314][    T1] aoe: AoE v85 initialised.
[   12.402281][    T1] Warning! fotg210_hcd should always be loaded before uhci_hcd and ohci_hcd, not after
[   12.403735][    T1] SPI driver max3421-hcd has no spi_device_id for maxim,max3421
[   12.405307][    T1] usbcore: registered new interface driver cdc_acm
[   12.406182][    T1] cdc_acm: USB Abstract Control Model driver for USB modems and ISDN adapters
[   12.407580][    T1] usbcore: registered new interface driver usblp
[   12.408497][    T1] usbcore: registered new interface driver cdc_wdm
[   12.409553][    T1] usbcore: registered new interface driver usbtmc
[   12.410673][    T1] usbcore: registered new interface driver uas
[   12.411683][    T1] usbcore: registered new interface driver usb-storage
[   12.412730][    T1] usbcore: registered new interface driver ums-alauda
[   12.413707][    T1] usbcore: registered new interface driver ums-cypress
[   12.414708][    T1] usbcore: registered new interface driver ums-datafab
[   12.415689][    T1] usbcore: registered new interface driver ums_eneub6250
[   12.416687][    T1] usbcore: registered new interface driver ums-freecom
[   12.417665][    T1] usbcore: registered new interface driver ums-isd200
[   12.418621][    T1] usbcore: registered new interface driver ums-jumpshot
[   12.419607][    T1] usbcore: registered new interface driver ums-karma
[   12.420534][    T1] usbcore: registered new interface driver ums-onetouch
[   12.421735][    T1] usbcore: registered new interface driver ums-realtek
[   12.422692][    T1] usbcore: registered new interface driver ums-sddr09
[   12.423814][    T1] usbcore: registered new interface driver ums-sddr55
[   12.424904][    T1] usbcore: registered new interface driver ums-usbat
[   12.425976][    T1] usbcore: registered new interface driver mdc800
[   12.426818][    T1] mdc800: v0.7.5 (30/10/2000):USB Driver for Mustek MDC800 Digital Camera
[   12.428110][    T1] usbcore: registered new interface driver microtekX6
[   12.429441][    T1] usbcore: registered new interface driver usbserial_generic
[   12.430772][    T1] usbserial: USB Serial support registered for generic
[   12.431802][ T1004] ata2: found unknown device (class 0)
[   12.432891][    T1] usbcore: registered new interface driver aircable
[   12.433592][ T1004] ata2.00: ATAPI: QEMU DVD-ROM, 2.5+, max UDMA/100
[   12.434014][    T1] usbserial: USB Serial support registered for aircable
[   12.435972][    T1] usbcore: registered new interface driver ark3116
[   12.437032][    T1] usbserial: USB Serial support registered for ark3116
[   12.438145][    T1] usbcore: registered new interface driver belkin_sa
[   12.439219][    T1] usbserial: USB Serial support registered for Belkin / Peracom / GoHubs USB Serial Adapter
[   12.440749][    T1] usbcore: registered new interface driver ch341
[   12.441751][    T1] usbserial: USB Serial support registered for ch341-uart
[   12.442873][    T1] usbcore: registered new interface driver cp210x
[   12.444105][    T1] usbserial: USB Serial support registered for cp210x
[   12.445208][    T1] usbcore: registered new interface driver cyberjack
[   12.446240][    T1] usbserial: USB Serial support registered for Reiner SCT Cyberjack USB card reader
[   12.447416][   T11] scsi 1:0:0:0: CD-ROM            QEMU     QEMU DVD-ROM     2.5+ PQ: 0 ANSI: 5
[   12.447639][    T1] usbcore: registered new interface driver cypress_m8
[   12.450685][    T1] usbserial: USB Serial support registered for DeLorme Earthmate USB
[   12.451896][    T1] usbserial: USB Serial support registered for HID->COM RS232 Adapter
[   12.453249][    T1] usbserial: USB Serial support registered for Nokia CA-42 V2 Adapter
[   12.454594][    T1] usbcore: registered new interface driver usb_debug
[   12.455913][    T1] usbserial: USB Serial support registered for debug
[   12.456909][    T1] usbserial: USB Serial support registered for xhci_dbc
[   12.457906][    T1] usbcore: registered new interface driver digi_acceleport
[   12.458895][    T1] usbserial: USB Serial support registered for Digi 2 port USB adapter
[   12.460004][    T1] usbserial: USB Serial support registered for Digi 4 port USB adapter
[   12.461143][    T1] usbcore: registered new interface driver io_edgeport
[   12.462185][    T1] usbserial: USB Serial support registered for Edgeport 2 port adapter
[   12.463289][    T1] usbserial: USB Serial support registered for Edgeport 4 port adapter
[   12.464412][    T1] usbserial: USB Serial support registered for Edgeport 8 port adapter
[   12.465578][    T1] usbserial: USB Serial support registered for EPiC device
[   12.466586][    T1] usbcore: registered new interface driver io_ti
[   12.467471][    T1] usbserial: USB Serial support registered for Edgeport TI 1 port adapter
[   12.468619][    T1] usbserial: USB Serial support registered for Edgeport TI 2 port adapter
[   12.469832][    T1] usbcore: registered new interface driver empeg
[   12.470719][    T1] usbserial: USB Serial support registered for empeg
[   12.471896][    T1] usbcore: registered new interface driver f81534a_ctrl
[   12.473000][    T1] usbcore: registered new interface driver f81232
[   12.473970][    T1] usbserial: USB Serial support registered for f81232
[   12.474936][    T1] usbserial: USB Serial support registered for f81534a
[   12.475888][    T1] usbcore: registered new interface driver f81534
[   12.476786][    T1] usbserial: USB Serial support registered for Fintek F81532/F81534
[   12.477925][    T1] usbcore: registered new interface driver ftdi_sio
[   12.478844][    T1] usbserial: USB Serial support registered for FTDI USB Serial Device
[   12.479966][    T1] usbcore: registered new interface driver garmin_gps
[   12.480914][    T1] usbserial: USB Serial support registered for Garmin GPS usb/tty
[   12.482187][    T1] usbcore: registered new interface driver ipaq
[   12.483057][    T1] usbserial: USB Serial support registered for PocketPC PDA
[   12.484095][    T1] usbcore: registered new interface driver ipw
[   12.484962][    T1] usbserial: USB Serial support registered for IPWireless converter
[   12.486066][    T1] usbcore: registered new interface driver ir_usb
[   12.486971][    T1] usbserial: USB Serial support registered for IR Dongle
[   12.487959][    T1] usbcore: registered new interface driver iuu_phoenix
[   12.488925][    T1] usbserial: USB Serial support registered for iuu_phoenix
[   12.489984][    T1] usbcore: registered new interface driver keyspan
[   12.490997][    T1] usbserial: USB Serial support registered for Keyspan - (without firmware)
[   12.492230][    T1] usbserial: USB Serial support registered for Keyspan 1 port adapter
[   12.493343][    T1] usbserial: USB Serial support registered for Keyspan 2 port adapter
[   12.494397][    T1] usbserial: USB Serial support registered for Keyspan 4 port adapter
[   12.495425][    T1] usbcore: registered new interface driver keyspan_pda
[   12.496356][    T1] usbserial: USB Serial support registered for Keyspan PDA
[   12.497417][    T1] usbserial: USB Serial support registered for Keyspan PDA - (prerenumeration)
[   12.498728][    T1] usbcore: registered new interface driver kl5kusb105
[   12.499642][    T1] usbserial: USB Serial support registered for KL5KUSB105D / PalmConnect
[   12.500830][    T1] usbcore: registered new interface driver kobil_sct
[   12.501860][    T1] usbserial: USB Serial support registered for KOBIL USB smart card terminal
[   12.503135][    T1] usbcore: registered new interface driver mct_u232
[   12.504106][    T1] usbserial: USB Serial support registered for MCT U232
[   12.505068][    T1] usbcore: registered new interface driver metro_usb
[   12.505966][    T1] usbserial: USB Serial support registered for Metrologic USB to Serial
[   12.507170][    T1] usbcore: registered new interface driver mos7720
[   12.508099][    T1] usbserial: USB Serial support registered for Moschip 2 port adapter
[   12.509323][    T1] usbcore: registered new interface driver mos7840
[   12.510263][    T1] usbserial: USB Serial support registered for Moschip 7840/7820 USB Serial Driver
[   12.511621][    T1] usbcore: registered new interface driver mxuport
[   12.512541][    T1] usbserial: USB Serial support registered for MOXA UPort
[   12.513506][    T1] usbcore: registered new interface driver navman
[   12.514418][    T1] usbserial: USB Serial support registered for navman
[   12.515402][    T1] usbcore: registered new interface driver omninet
[   12.516338][    T1] usbserial: USB Serial support registered for ZyXEL - omni.net usb
[   12.517477][    T1] usbcore: registered new interface driver opticon
[   12.518521][    T1] usbserial: USB Serial support registered for opticon
[   12.519504][    T1] usbcore: registered new interface driver option
[   12.520439][    T1] usbserial: USB Serial support registered for GSM modem (1-port)
[   12.521602][    T1] usbcore: registered new interface driver oti6858
[   12.522529][    T1] usbserial: USB Serial support registered for oti6858
[   12.523632][   T11] sr 1:0:0:0: [sr0] scsi3-mmc drive: 4x/4x cd/rw xa/form2 tray
[   12.523678][    T1] usbcore: registered new interface driver pl2303
[   12.524559][   T11] cdrom: Uniform CD-ROM driver Revision: 3.20
[   12.525484][    T1] usbserial: USB Serial support registered for pl2303
[   12.527143][    T1] usbcore: registered new interface driver qcaux
[   12.528016][    T1] usbserial: USB Serial support registered for qcaux
[   12.528917][    T1] usbcore: registered new interface driver qcserial
[   12.529875][    T1] usbserial: USB Serial support registered for Qualcomm USB modem
[   12.530881][    T1] usbcore: registered new interface driver quatech2
[   12.531785][    T1] usbserial: USB Serial support registered for Quatech 2nd gen USB to Serial Driver
[   12.533047][    T1] usbcore: registered new interface driver safe_serial
[   12.534007][    T1] usbserial: USB Serial support registered for safe_serial
[   12.535007][    T1] usbcore: registered new interface driver sierra
[   12.535839][    T1] usbserial: USB Serial support registered for Sierra USB modem
[   12.536934][    T1] usbcore: registered new interface driver usb_serial_simple
[   12.537993][    T1] usbserial: USB Serial support registered for carelink
[   12.538934][    T1] usbserial: USB Serial support registered for zio
[   12.539744][    T1] usbserial: USB Serial support registered for funsoft
[   12.540742][    T1] usbserial: USB Serial support registered for flashloader
[   12.541795][    T1] usbserial: USB Serial support registered for google
[   12.542822][    T1] usbserial: USB Serial support registered for libtransistor
[   12.543920][    T1] usbserial: USB Serial support registered for vivopay
[   12.544903][    T1] usbserial: USB Serial support registered for moto_modem
[   12.545905][    T1] usbserial: USB Serial support registered for motorola_tetra
[   12.546977][    T1] usbserial: USB Serial support registered for nokia
[   12.547943][    T1] usbserial: USB Serial support registered for novatel_gps
[   12.548972][    T1] usbserial: USB Serial support registered for hp4x
[   12.549845][    T1] usbserial: USB Serial support registered for suunto
[   12.550791][    T1] usbserial: USB Serial support registered for siemens_mpi
[   12.551858][    T1] usbcore: registered new interface driver spcp8x5
[   12.552831][    T1] usbserial: USB Serial support registered for SPCP8x5
[   12.553828][    T1] usbcore: registered new interface driver ssu100
[   12.554694][    T1] usbserial: USB Serial support registered for Quatech SSU-100 USB to Serial Driver
[   12.555985][    T1] usbcore: registered new interface driver symbolserial
[   12.556918][    T1] usbserial: USB Serial support registered for symbol
[   12.557973][    T1] usbcore: registered new interface driver ti_usb_3410_5052
[   12.558911][    T1] usbserial: USB Serial support registered for TI USB 3410 1 port adapter
[   12.559037][   T11] sr 1:0:0:0: Attached scsi generic sg0 type 5
[   12.560112][    T1] usbserial: USB Serial support registered for TI USB 5052 2 port adapter
[   12.563656][    T1] usbcore: registered new interface driver upd78f0730
[   12.564569][    T1] usbserial: USB Serial support registered for upd78f0730
[   12.565570][    T1] usbcore: registered new interface driver visor
[   12.566454][    T1] usbserial: USB Serial support registered for Handspring Visor / Palm OS
[   12.567605][    T1] usbserial: USB Serial support registered for Sony Clie 5.0
[   12.568618][    T1] usbserial: USB Serial support registered for Sony Clie 3.5
[   12.569657][    T1] usbcore: registered new interface driver wishbone_serial
[   12.570643][    T1] usbserial: USB Serial support registered for wishbone_serial
[   12.572143][    T1] usbcore: registered new interface driver whiteheat
[   12.572998][    T1] usbserial: USB Serial support registered for Connect Tech - WhiteHEAT - (prerenumeration)
[   12.574223][    T1] usbserial: USB Serial support registered for Connect Tech - WhiteHEAT
[   12.575261][    T1] usbcore: registered new interface driver xr_serial
[   12.576096][    T1] usbserial: USB Serial support registered for xr_serial
[   12.576998][    T1] usbcore: registered new interface driver xsens_mt
[   12.577821][    T1] usbserial: USB Serial support registered for xsens_mt
[   12.578704][    T1] usbcore: registered new interface driver adutux
[   12.579534][    T1] usbcore: registered new interface driver appledisplay
[   12.580419][    T1] usbcore: registered new interface driver cypress_cy7c63
[   12.581332][    T1] usbcore: registered new interface driver cytherm
[   12.582191][    T1] usbcore: registered new interface driver emi26 - firmware loader
[   12.583190][    T1] usbcore: registered new interface driver emi62 - firmware loader
[   12.584119][    T1] ftdi_elan: driver ftdi-elan
[   12.584748][    T1] usbcore: registered new interface driver ftdi-elan
[   12.585601][    T1] usbcore: registered new interface driver idmouse
[   12.586428][    T1] usbcore: registered new interface driver iowarrior
[   12.587282][    T1] usbcore: registered new interface driver isight_firmware
[   12.588191][    T1] usbcore: registered new interface driver usblcd
[   12.589018][    T1] usbcore: registered new interface driver ldusb
[   12.589992][    T1] usbcore: registered new interface driver legousbtower
[   12.590901][    T1] usbcore: registered new interface driver usbtest
[   12.591758][    T1] usbcore: registered new interface driver usb_ehset_test
[   12.592668][    T1] usbcore: registered new interface driver trancevibrator
[   12.593586][    T1] usbcore: registered new interface driver uss720
[   12.594348][    T1] uss720: USB Parport Cable driver for Cables using the Lucent Technologies USS720 Chip
[   12.595489][    T1] uss720: NOTE: this is a special purpose driver to allow nonstandard
[   12.596452][    T1] uss720: protocols (eg. bitbang) over USS720 usb to parallel cables
[   12.597408][    T1] uss720: If you just want to connect to a printer, use usblp instead
[   12.598434][    T1] usbcore: registered new interface driver usbsevseg
[   12.599287][    T1] usbcore: registered new interface driver yurex
[   12.600662][    T1] usbcore: registered new interface driver chaoskey
[   12.601650][    T1] usbcore: registered new interface driver sisusb
[   12.602482][    T1] usbcore: registered new interface driver lvs
[   12.603277][    T1] usbcore: registered new interface driver cxacru
[   12.604122][    T1] usbcore: registered new interface driver speedtch
[   12.604997][    T1] usbcore: registered new interface driver ueagle-atm
[   12.605795][    T1] xusbatm: malformed module parameters
[   12.606964][    T1] dummy_hcd dummy_hcd.0: USB Host+Gadget Emulator, driver 02 May 2005
[   12.607949][    T1] dummy_hcd dummy_hcd.0: Dummy host controller
[   12.609835][    T1] dummy_hcd dummy_hcd.0: new USB bus registered, assigned bus number 1
[   12.611415][    T1] usb usb1: New USB device found, idVendor=1d6b, idProduct=0002, bcdDevice= 6.01
[   12.612554][    T1] usb usb1: New USB device strings: Mfr=3, Product=2, SerialNumber=1
[   12.613524][    T1] usb usb1: Product: Dummy host controller
[   12.614209][    T1] usb usb1: Manufacturer: Linux 6.1.0-rc7-00200-gc2bf05db6c78-dirty dummy_hcd
[   12.615248][    T1] usb usb1: SerialNumber: dummy_hcd.0
[   12.617436][    T1] hub 1-0:1.0: USB hub found
[   12.618155][    T1] hub 1-0:1.0: 1 port detected
[   12.622533][    T1] gadgetfs: USB Gadget filesystem, version 24 Aug 2004
[   12.625429][    T1] vhci_hcd vhci_hcd.0: USB/IP Virtual Host Controller
[   12.626635][    T1] vhci_hcd vhci_hcd.0: new USB bus registered, assigned bus number 2
[   12.627800][    T1] vhci_hcd: created sysfs vhci_hcd.0
[   12.628781][    T1] usb usb2: New USB device found, idVendor=1d6b, idProduct=0002, bcdDevice= 6.01
[   12.629873][    T1] usb usb2: New USB device strings: Mfr=3, Product=2, SerialNumber=1
[   12.630822][    T1] usb usb2: Product: USB/IP Virtual Host Controller
[   12.632625][    T1] usb usb2: Manufacturer: Linux 6.1.0-rc7-00200-gc2bf05db6c78-dirty vhci_hcd
[   12.633678][    T1] usb usb2: SerialNumber: vhci_hcd.0
[   12.635658][    T1] hub 2-0:1.0: USB hub found
[   12.636345][    T1] hub 2-0:1.0: 8 ports detected
[   12.639792][    T1] vhci_hcd vhci_hcd.0: USB/IP Virtual Host Controller
[   12.640936][    T1] vhci_hcd vhci_hcd.0: new USB bus registered, assigned bus number 3
[   12.642577][    T1] usb usb3: We don't know the algorithms for LPM for this host, disabling LPM.
[   12.643945][    T1] usb usb3: New USB device found, idVendor=1d6b, idProduct=0003, bcdDevice= 6.01
[   12.645041][    T1] usb usb3: New USB device strings: Mfr=3, Product=2, SerialNumber=1
[   12.645997][    T1] usb usb3: Product: USB/IP Virtual Host Controller
[   12.646774][    T1] usb usb3: Manufacturer: Linux 6.1.0-rc7-00200-gc2bf05db6c78-dirty vhci_hcd
[   12.647814][    T1] usb usb3: SerialNumber: vhci_hcd.0
[   12.649445][    T1] hub 3-0:1.0: USB hub found
[   12.650071][    T1] hub 3-0:1.0: 8 ports detected
[   12.654276][    T1] vhci_hcd vhci_hcd.1: USB/IP Virtual Host Controller
[   12.655435][    T1] vhci_hcd vhci_hcd.1: new USB bus registered, assigned bus number 4
[   12.656722][    T1] usb usb4: New USB device found, idVendor=1d6b, idProduct=0002, bcdDevice= 6.01
[   12.657805][    T1] usb usb4: New USB device strings: Mfr=3, Product=2, SerialNumber=1
[   12.658758][    T1] usb usb4: Product: USB/IP Virtual Host Controller
[   12.659541][    T1] usb usb4: Manufacturer: Linux 6.1.0-rc7-00200-gc2bf05db6c78-dirty vhci_hcd
[   12.660580][    T1] usb usb4: SerialNumber: vhci_hcd.1
[   12.662303][    T1] hub 4-0:1.0: USB hub found
[   12.662926][    T1] hub 4-0:1.0: 8 ports detected
[   12.666506][    T1] vhci_hcd vhci_hcd.1: USB/IP Virtual Host Controller
[   12.667643][    T1] vhci_hcd vhci_hcd.1: new USB bus registered, assigned bus number 5
[   12.668743][    T1] usb usb5: We don't know the algorithms for LPM for this host, disabling LPM.
[   12.670073][    T1] usb usb5: New USB device found, idVendor=1d6b, idProduct=0003, bcdDevice= 6.01
[   12.671154][    T1] usb usb5: New USB device strings: Mfr=3, Product=2, SerialNumber=1
[   12.672140][    T1] usb usb5: Product: USB/IP Virtual Host Controller
[   12.672926][    T1] usb usb5: Manufacturer: Linux 6.1.0-rc7-00200-gc2bf05db6c78-dirty vhci_hcd
[   12.673967][    T1] usb usb5: SerialNumber: vhci_hcd.1
[   12.675609][    T1] hub 5-0:1.0: USB hub found
[   12.676232][    T1] hub 5-0:1.0: 8 ports detected
[   12.680303][    T1] vhci_hcd vhci_hcd.2: USB/IP Virtual Host Controller
[   12.681819][    T1] vhci_hcd vhci_hcd.2: new USB bus registered, assigned bus number 6
[   12.683137][    T1] usb usb6: New USB device found, idVendor=1d6b, idProduct=0002, bcdDevice= 6.01
[   12.684248][    T1] usb usb6: New USB device strings: Mfr=3, Product=2, SerialNumber=1
[   12.685194][    T1] usb usb6: Product: USB/IP Virtual Host Controller
[   12.685958][    T1] usb usb6: Manufacturer: Linux 6.1.0-rc7-00200-gc2bf05db6c78-dirty vhci_hcd
[   12.686987][    T1] usb usb6: SerialNumber: vhci_hcd.2
[   12.688953][    T1] hub 6-0:1.0: USB hub found
[   12.689696][    T1] hub 6-0:1.0: 8 ports detected
[   12.693066][    T1] vhci_hcd vhci_hcd.2: USB/IP Virtual Host Controller
[   12.694243][    T1] vhci_hcd vhci_hcd.2: new USB bus registered, assigned bus number 7
[   12.695317][    T1] usb usb7: We don't know the algorithms for LPM for this host, disabling LPM.
[   12.696643][    T1] usb usb7: New USB device found, idVendor=1d6b, idProduct=0003, bcdDevice= 6.01
[   12.697732][    T1] usb usb7: New USB device strings: Mfr=3, Product=2, SerialNumber=1
[   12.698668][    T1] usb usb7: Product: USB/IP Virtual Host Controller
[   12.699448][    T1] usb usb7: Manufacturer: Linux 6.1.0-rc7-00200-gc2bf05db6c78-dirty vhci_hcd
[   12.700465][    T1] usb usb7: SerialNumber: vhci_hcd.2
[   12.702331][    T1] hub 7-0:1.0: USB hub found
[   12.702955][    T1] hub 7-0:1.0: 8 ports detected
[   12.707025][    T1] vhci_hcd vhci_hcd.3: USB/IP Virtual Host Controller
[   12.708189][    T1] vhci_hcd vhci_hcd.3: new USB bus registered, assigned bus number 8
[   12.709690][    T1] usb usb8: New USB device found, idVendor=1d6b, idProduct=0002, bcdDevice= 6.01
[   12.710769][    T1] usb usb8: New USB device strings: Mfr=3, Product=2, SerialNumber=1
[   12.711750][    T1] usb usb8: Product: USB/IP Virtual Host Controller
[   12.712540][    T1] usb usb8: Manufacturer: Linux 6.1.0-rc7-00200-gc2bf05db6c78-dirty vhci_hcd
[   12.713585][    T1] usb usb8: SerialNumber: vhci_hcd.3
[   12.715352][    T1] hub 8-0:1.0: USB hub found
[   12.715971][    T1] hub 8-0:1.0: 8 ports detected
[   12.719328][    T1] vhci_hcd vhci_hcd.3: USB/IP Virtual Host Controller
[   12.720503][    T1] vhci_hcd vhci_hcd.3: new USB bus registered, assigned bus number 9
[   12.721652][    T1] usb usb9: We don't know the algorithms for LPM for this host, disabling LPM.
[   12.723030][    T1] usb usb9: New USB device found, idVendor=1d6b, idProduct=0003, bcdDevice= 6.01
[   12.724154][    T1] usb usb9: New USB device strings: Mfr=3, Product=2, SerialNumber=1
[   12.725156][    T1] usb usb9: Product: USB/IP Virtual Host Controller
[   12.725984][    T1] usb usb9: Manufacturer: Linux 6.1.0-rc7-00200-gc2bf05db6c78-dirty vhci_hcd
[   12.727066][    T1] usb usb9: SerialNumber: vhci_hcd.3
[   12.728951][    T1] hub 9-0:1.0: USB hub found
[   12.729573][    T1] hub 9-0:1.0: 8 ports detected
[   12.733808][    T1] vhci_hcd vhci_hcd.4: USB/IP Virtual Host Controller
[   12.735000][    T1] vhci_hcd vhci_hcd.4: new USB bus registered, assigned bus number 10
[   12.736303][    T1] usb usb10: New USB device found, idVendor=1d6b, idProduct=0002, bcdDevice= 6.01
[   12.737395][    T1] usb usb10: New USB device strings: Mfr=3, Product=2, SerialNumber=1
[   12.738357][    T1] usb usb10: Product: USB/IP Virtual Host Controller
[   12.739133][    T1] usb usb10: Manufacturer: Linux 6.1.0-rc7-00200-gc2bf05db6c78-dirty vhci_hcd
[   12.740161][    T1] usb usb10: SerialNumber: vhci_hcd.4
[   12.741931][    T1] hub 10-0:1.0: USB hub found
[   12.742559][    T1] hub 10-0:1.0: 8 ports detected
[   12.745918][    T1] vhci_hcd vhci_hcd.4: USB/IP Virtual Host Controller
[   12.747077][    T1] vhci_hcd vhci_hcd.4: new USB bus registered, assigned bus number 11
[   12.748178][    T1] usb usb11: We don't know the algorithms for LPM for this host, disabling LPM.
[   12.749519][    T1] usb usb11: New USB device found, idVendor=1d6b, idProduct=0003, bcdDevice= 6.01
[   12.750599][    T1] usb usb11: New USB device strings: Mfr=3, Product=2, SerialNumber=1
[   12.751576][    T1] usb usb11: Product: USB/IP Virtual Host Controller
[   12.752352][    T1] usb usb11: Manufacturer: Linux 6.1.0-rc7-00200-gc2bf05db6c78-dirty vhci_hcd
[   12.753382][    T1] usb usb11: SerialNumber: vhci_hcd.4
[   12.755114][    T1] hub 11-0:1.0: USB hub found
[   12.755742][    T1] hub 11-0:1.0: 8 ports detected
[   12.759780][    T1] vhci_hcd vhci_hcd.5: USB/IP Virtual Host Controller
[   12.760904][    T1] vhci_hcd vhci_hcd.5: new USB bus registered, assigned bus number 12
[   12.762249][    T1] usb usb12: New USB device found, idVendor=1d6b, idProduct=0002, bcdDevice= 6.01
[   12.763334][    T1] usb usb12: New USB device strings: Mfr=3, Product=2, SerialNumber=1
[   12.764286][    T1] usb usb12: Product: USB/IP Virtual Host Controller
[   12.765070][    T1] usb usb12: Manufacturer: Linux 6.1.0-rc7-00200-gc2bf05db6c78-dirty vhci_hcd
[   12.766105][    T1] usb usb12: SerialNumber: vhci_hcd.5
[   12.767824][    T1] hub 12-0:1.0: USB hub found
[   12.768447][    T1] hub 12-0:1.0: 8 ports detected
[   12.771835][    T1] vhci_hcd vhci_hcd.5: USB/IP Virtual Host Controller
[   12.773001][    T1] vhci_hcd vhci_hcd.5: new USB bus registered, assigned bus number 13
[   12.774091][    T1] usb usb13: We don't know the algorithms for LPM for this host, disabling LPM.
[   12.775410][    T1] usb usb13: New USB device found, idVendor=1d6b, idProduct=0003, bcdDevice= 6.01
[   12.776484][    T1] usb usb13: New USB device strings: Mfr=3, Product=2, SerialNumber=1
[   12.777444][    T1] usb usb13: Product: USB/IP Virtual Host Controller
[   12.778219][    T1] usb usb13: Manufacturer: Linux 6.1.0-rc7-00200-gc2bf05db6c78-dirty vhci_hcd
[   12.779248][    T1] usb usb13: SerialNumber: vhci_hcd.5
[   12.781016][    T1] hub 13-0:1.0: USB hub found
[   12.781688][    T1] hub 13-0:1.0: 8 ports detected
[   12.785734][    T1] vhci_hcd vhci_hcd.6: USB/IP Virtual Host Controller
[   12.786823][    T1] vhci_hcd vhci_hcd.6: new USB bus registered, assigned bus number 14
[   12.788100][    T1] usb usb14: New USB device found, idVendor=1d6b, idProduct=0002, bcdDevice= 6.01
[   12.789193][    T1] usb usb14: New USB device strings: Mfr=3, Product=2, SerialNumber=1
[   12.790141][    T1] usb usb14: Product: USB/IP Virtual Host Controller
[   12.790914][    T1] usb usb14: Manufacturer: Linux 6.1.0-rc7-00200-gc2bf05db6c78-dirty vhci_hcd
[   12.791975][    T1] usb usb14: SerialNumber: vhci_hcd.6
[   12.793693][    T1] hub 14-0:1.0: USB hub found
[   12.794314][    T1] hub 14-0:1.0: 8 ports detected
[   12.797614][    T1] vhci_hcd vhci_hcd.6: USB/IP Virtual Host Controller
[   12.798762][    T1] vhci_hcd vhci_hcd.6: new USB bus registered, assigned bus number 15
[   12.799844][    T1] usb usb15: We don't know the algorithms for LPM for this host, disabling LPM.
[   12.801168][    T1] usb usb15: New USB device found, idVendor=1d6b, idProduct=0003, bcdDevice= 6.01
[   12.802281][    T1] usb usb15: New USB device strings: Mfr=3, Product=2, SerialNumber=1
[   12.803236][    T1] usb usb15: Product: USB/IP Virtual Host Controller
[   12.804013][    T1] usb usb15: Manufacturer: Linux 6.1.0-rc7-00200-gc2bf05db6c78-dirty vhci_hcd
[   12.805044][    T1] usb usb15: SerialNumber: vhci_hcd.6
[   12.807011][    T1] hub 15-0:1.0: USB hub found
[   12.807641][    T1] hub 15-0:1.0: 8 ports detected
[   12.811723][    T1] vhci_hcd vhci_hcd.7: USB/IP Virtual Host Controller
[   12.812866][    T1] vhci_hcd vhci_hcd.7: new USB bus registered, assigned bus number 16
[   12.814140][    T1] usb usb16: New USB device found, idVendor=1d6b, idProduct=0002, bcdDevice= 6.01
[   12.815221][    T1] usb usb16: New USB device strings: Mfr=3, Product=2, SerialNumber=1
[   12.816169][    T1] usb usb16: Product: USB/IP Virtual Host Controller
[   12.816956][    T1] usb usb16: Manufacturer: Linux 6.1.0-rc7-00200-gc2bf05db6c78-dirty vhci_hcd
[   12.817983][    T1] usb usb16: SerialNumber: vhci_hcd.7
[   12.819684][    T1] hub 16-0:1.0: USB hub found
[   12.820307][    T1] hub 16-0:1.0: 8 ports detected
[   12.823643][    T1] vhci_hcd vhci_hcd.7: USB/IP Virtual Host Controller
[   12.824810][    T1] vhci_hcd vhci_hcd.7: new USB bus registered, assigned bus number 17
[   12.825893][    T1] usb usb17: We don't know the algorithms for LPM for this host, disabling LPM.
[   12.827210][    T1] usb usb17: New USB device found, idVendor=1d6b, idProduct=0003, bcdDevice= 6.01
[   12.828289][    T1] usb usb17: New USB device strings: Mfr=3, Product=2, SerialNumber=1
[   12.829247][    T1] usb usb17: Product: USB/IP Virtual Host Controller
[   12.830027][    T1] usb usb17: Manufacturer: Linux 6.1.0-rc7-00200-gc2bf05db6c78-dirty vhci_hcd
[   12.831051][    T1] usb usb17: SerialNumber: vhci_hcd.7
[   12.832813][    T1] hub 17-0:1.0: USB hub found
[   12.833436][    T1] hub 17-0:1.0: 8 ports detected
[   12.837470][    T1] vhci_hcd vhci_hcd.8: USB/IP Virtual Host Controller
[   12.838569][    T1] vhci_hcd vhci_hcd.8: new USB bus registered, assigned bus number 18
[   12.839852][    T1] usb usb18: New USB device found, idVendor=1d6b, idProduct=0002, bcdDevice= 6.01
[   12.840941][    T1] usb usb18: New USB device strings: Mfr=3, Product=2, SerialNumber=1
[   12.841925][    T1] usb usb18: Product: USB/IP Virtual Host Controller
[   12.842709][    T1] usb usb18: Manufacturer: Linux 6.1.0-rc7-00200-gc2bf05db6c78-dirty vhci_hcd
[   12.843735][    T1] usb usb18: SerialNumber: vhci_hcd.8
[   12.845454][    T1] hub 18-0:1.0: USB hub found
[   12.846076][    T1] hub 18-0:1.0: 8 ports detected
[   12.849380][    T1] vhci_hcd vhci_hcd.8: USB/IP Virtual Host Controller
[   12.850523][    T1] vhci_hcd vhci_hcd.8: new USB bus registered, assigned bus number 19
[   12.851634][    T1] usb usb19: We don't know the algorithms for LPM for this host, disabling LPM.
[   12.852957][    T1] usb usb19: New USB device found, idVendor=1d6b, idProduct=0003, bcdDevice= 6.01
[   12.854022][    T1] usb usb19: New USB device strings: Mfr=3, Product=2, SerialNumber=1
[   12.854974][    T1] usb usb19: Product: USB/IP Virtual Host Controller
[   12.855753][    T1] usb usb19: Manufacturer: Linux 6.1.0-rc7-00200-gc2bf05db6c78-dirty vhci_hcd
[   12.856790][    T1] usb usb19: SerialNumber: vhci_hcd.8
[   12.858515][    T1] hub 19-0:1.0: USB hub found
[   12.859135][    T1] hub 19-0:1.0: 8 ports detected
[   12.863185][    T1] vhci_hcd vhci_hcd.9: USB/IP Virtual Host Controller
[   12.864292][    T1] vhci_hcd vhci_hcd.9: new USB bus registered, assigned bus number 20
[   12.865688][    T1] usb usb20: New USB device found, idVendor=1d6b, idProduct=0002, bcdDevice= 6.01
[   12.866767][    T1] usb usb20: New USB device strings: Mfr=3, Product=2, SerialNumber=1
[   12.867720][    T1] usb usb20: Product: USB/IP Virtual Host Controller
[   12.868501][    T1] usb usb20: Manufacturer: Linux 6.1.0-rc7-00200-gc2bf05db6c78-dirty vhci_hcd
[   12.869532][    T1] usb usb20: SerialNumber: vhci_hcd.9
[   12.871235][    T1] hub 20-0:1.0: USB hub found
[   12.872061][    T1] hub 20-0:1.0: 8 ports detected
[   12.875428][    T1] vhci_hcd vhci_hcd.9: USB/IP Virtual Host Controller
[   12.876597][    T1] vhci_hcd vhci_hcd.9: new USB bus registered, assigned bus number 21
[   12.877929][    T1] usb usb21: We don't know the algorithms for LPM for this host, disabling LPM.
[   12.879250][    T1] usb usb21: New USB device found, idVendor=1d6b, idProduct=0003, bcdDevice= 6.01
[   12.880325][    T1] usb usb21: New USB device strings: Mfr=3, Product=2, SerialNumber=1
[   12.881310][    T1] usb usb21: Product: USB/IP Virtual Host Controller
[   12.882131][    T1] usb usb21: Manufacturer: Linux 6.1.0-rc7-00200-gc2bf05db6c78-dirty vhci_hcd
[   12.883187][    T1] usb usb21: SerialNumber: vhci_hcd.9
[   12.884938][    T1] hub 21-0:1.0: USB hub found
[   12.885581][    T1] hub 21-0:1.0: 8 ports detected
[   12.889685][    T1] vhci_hcd vhci_hcd.10: USB/IP Virtual Host Controller
[   12.890797][    T1] vhci_hcd vhci_hcd.10: new USB bus registered, assigned bus number 22
[   12.892134][    T1] usb usb22: New USB device found, idVendor=1d6b, idProduct=0002, bcdDevice= 6.01
[   12.893224][    T1] usb usb22: New USB device strings: Mfr=3, Product=2, SerialNumber=1
[   12.894192][    T1] usb usb22: Product: USB/IP Virtual Host Controller
[   12.894973][    T1] usb usb22: Manufacturer: Linux 6.1.0-rc7-00200-gc2bf05db6c78-dirty vhci_hcd
[   12.895998][    T1] usb usb22: SerialNumber: vhci_hcd.10
[   12.897749][    T1] hub 22-0:1.0: USB hub found
[   12.898380][    T1] hub 22-0:1.0: 8 ports detected
[   12.901807][    T1] vhci_hcd vhci_hcd.10: USB/IP Virtual Host Controller
[   12.902948][    T1] vhci_hcd vhci_hcd.10: new USB bus registered, assigned bus number 23
[   12.904054][    T1] usb usb23: We don't know the algorithms for LPM for this host, disabling LPM.
[   12.905390][    T1] usb usb23: New USB device found, idVendor=1d6b, idProduct=0003, bcdDevice= 6.01
[   12.906507][    T1] usb usb23: New USB device strings: Mfr=3, Product=2, SerialNumber=1
[   12.907456][    T1] usb usb23: Product: USB/IP Virtual Host Controller
[   12.908229][    T1] usb usb23: Manufacturer: Linux 6.1.0-rc7-00200-gc2bf05db6c78-dirty vhci_hcd
[   12.909263][    T1] usb usb23: SerialNumber: vhci_hcd.10
[   12.910978][    T1] hub 23-0:1.0: USB hub found
[   12.911643][    T1] hub 23-0:1.0: 8 ports detected
[   12.915719][    T1] vhci_hcd vhci_hcd.11: USB/IP Virtual Host Controller
[   12.916836][    T1] vhci_hcd vhci_hcd.11: new USB bus registered, assigned bus number 24
[   12.918122][    T1] usb usb24: New USB device found, idVendor=1d6b, idProduct=0002, bcdDevice= 6.01
[   12.919203][    T1] usb usb24: New USB device strings: Mfr=3, Product=2, SerialNumber=1
[   12.920152][    T1] usb usb24: Product: USB/IP Virtual Host Controller
[   12.920942][    T1] usb usb24: Manufacturer: Linux 6.1.0-rc7-00200-gc2bf05db6c78-dirty vhci_hcd
[   12.921990][    T1] usb usb24: SerialNumber: vhci_hcd.11
[   12.923733][    T1] hub 24-0:1.0: USB hub found
[   12.924353][    T1] hub 24-0:1.0: 8 ports detected
[   12.927661][    T1] vhci_hcd vhci_hcd.11: USB/IP Virtual Host Controller
[   12.928832][    T1] vhci_hcd vhci_hcd.11: new USB bus registered, assigned bus number 25
[   12.929928][    T1] usb usb25: We don't know the algorithms for LPM for this host, disabling LPM.
[   12.931257][    T1] usb usb25: New USB device found, idVendor=1d6b, idProduct=0003, bcdDevice= 6.01
[   12.932472][    T1] usb usb25: New USB device strings: Mfr=3, Product=2, SerialNumber=1
[   12.933459][    T1] usb usb25: Product: USB/IP Virtual Host Controller
[   12.934235][    T1] usb usb25: Manufacturer: Linux 6.1.0-rc7-00200-gc2bf05db6c78-dirty vhci_hcd
[   12.935271][    T1] usb usb25: SerialNumber: vhci_hcd.11
[   12.937060][    T1] hub 25-0:1.0: USB hub found
[   12.937687][    T1] hub 25-0:1.0: 8 ports detected
[   12.942236][    T1] vhci_hcd vhci_hcd.12: USB/IP Virtual Host Controller
[   12.943403][    T1] vhci_hcd vhci_hcd.12: new USB bus registered, assigned bus number 26
[   12.944936][    T1] usb usb26: New USB device found, idVendor=1d6b, idProduct=0002, bcdDevice= 6.01
[   12.946014][    T1] usb usb26: New USB device strings: Mfr=3, Product=2, SerialNumber=1
[   12.946991][    T1] usb usb26: Product: USB/IP Virtual Host Controller
[   12.947772][    T1] usb usb26: Manufacturer: Linux 6.1.0-rc7-00200-gc2bf05db6c78-dirty vhci_hcd
[   12.948810][    T1] usb usb26: SerialNumber: vhci_hcd.12
[   12.950630][    T1] hub 26-0:1.0: USB hub found
[   12.951326][    T1] hub 26-0:1.0: 8 ports detected
[   12.954792][    T1] vhci_hcd vhci_hcd.12: USB/IP Virtual Host Controller
[   12.956042][    T1] vhci_hcd vhci_hcd.12: new USB bus registered, assigned bus number 27
[   12.957147][    T1] usb usb27: We don't know the algorithms for LPM for this host, disabling LPM.
[   12.958464][    T1] usb usb27: New USB device found, idVendor=1d6b, idProduct=0003, bcdDevice= 6.01
[   12.959538][    T1] usb usb27: New USB device strings: Mfr=3, Product=2, SerialNumber=1
[   12.960487][    T1] usb usb27: Product: USB/IP Virtual Host Controller
[   12.961274][    T1] usb usb27: Manufacturer: Linux 6.1.0-rc7-00200-gc2bf05db6c78-dirty vhci_hcd
[   12.962343][    T1] usb usb27: SerialNumber: vhci_hcd.12
[   12.964237][    T1] hub 27-0:1.0: USB hub found
[   12.964879][    T1] hub 27-0:1.0: 8 ports detected
[   12.969151][    T1] vhci_hcd vhci_hcd.13: USB/IP Virtual Host Controller
[   12.970529][    T1] vhci_hcd vhci_hcd.13: new USB bus registered, assigned bus number 28
[   12.971871][    T1] usb usb28: New USB device found, idVendor=1d6b, idProduct=0002, bcdDevice= 6.01
[   12.972969][    T1] usb usb28: New USB device strings: Mfr=3, Product=2, SerialNumber=1
[   12.973923][    T1] usb usb28: Product: USB/IP Virtual Host Controller
[   12.974707][    T1] usb usb28: Manufacturer: Linux 6.1.0-rc7-00200-gc2bf05db6c78-dirty vhci_hcd
[   12.975739][    T1] usb usb28: SerialNumber: vhci_hcd.13
[   12.977537][    T1] hub 28-0:1.0: USB hub found
[   12.978162][    T1] hub 28-0:1.0: 8 ports detected
[   12.981688][    T1] vhci_hcd vhci_hcd.13: USB/IP Virtual Host Controller
[   12.982889][    T1] vhci_hcd vhci_hcd.13: new USB bus registered, assigned bus number 29
[   12.983988][    T1] usb usb29: We don't know the algorithms for LPM for this host, disabling LPM.
[   12.985349][    T1] usb usb29: New USB device found, idVendor=1d6b, idProduct=0003, bcdDevice= 6.01
[   12.986434][    T1] usb usb29: New USB device strings: Mfr=3, Product=2, SerialNumber=1
[   12.987388][    T1] usb usb29: Product: USB/IP Virtual Host Controller
[   12.988178][    T1] usb usb29: Manufacturer: Linux 6.1.0-rc7-00200-gc2bf05db6c78-dirty vhci_hcd
[   12.989219][    T1] usb usb29: SerialNumber: vhci_hcd.13
[   12.990937][    T1] hub 29-0:1.0: USB hub found
[   12.991715][    T1] hub 29-0:1.0: 8 ports detected
[   12.995778][    T1] vhci_hcd vhci_hcd.14: USB/IP Virtual Host Controller
[   12.996944][    T1] vhci_hcd vhci_hcd.14: new USB bus registered, assigned bus number 30
[   12.998227][    T1] usb usb30: New USB device found, idVendor=1d6b, idProduct=0002, bcdDevice= 6.01
[   12.999303][    T1] usb usb30: New USB device strings: Mfr=3, Product=2, SerialNumber=1
[   13.000266][    T1] usb usb30: Product: USB/IP Virtual Host Controller
[   13.001055][    T1] usb usb30: Manufacturer: Linux 6.1.0-rc7-00200-gc2bf05db6c78-dirty vhci_hcd
[   13.002106][    T1] usb usb30: SerialNumber: vhci_hcd.14
[   13.003816][    T1] hub 30-0:1.0: USB hub found
[   13.004443][    T1] hub 30-0:1.0: 8 ports detected
[   13.007879][    T1] vhci_hcd vhci_hcd.14: USB/IP Virtual Host Controller
[   13.009050][    T1] vhci_hcd vhci_hcd.14: new USB bus registered, assigned bus number 31
[   13.010148][    T1] usb usb31: We don't know the algorithms for LPM for this host, disabling LPM.
[   13.011487][    T1] usb usb31: New USB device found, idVendor=1d6b, idProduct=0003, bcdDevice= 6.01
[   13.012563][    T1] usb usb31: New USB device strings: Mfr=3, Product=2, SerialNumber=1
[   13.013526][    T1] usb usb31: Product: USB/IP Virtual Host Controller
[   13.014301][    T1] usb usb31: Manufacturer: Linux 6.1.0-rc7-00200-gc2bf05db6c78-dirty vhci_hcd
[   13.015325][    T1] usb usb31: SerialNumber: vhci_hcd.14
[   13.017286][    T1] hub 31-0:1.0: USB hub found
[   13.017911][    T1] hub 31-0:1.0: 8 ports detected
[   13.021986][    T1] vhci_hcd vhci_hcd.15: USB/IP Virtual Host Controller
[   13.023124][    T1] vhci_hcd vhci_hcd.15: new USB bus registered, assigned bus number 32
[   13.024422][    T1] usb usb32: New USB device found, idVendor=1d6b, idProduct=0002, bcdDevice= 6.01
[   13.025510][    T1] usb usb32: New USB device strings: Mfr=3, Product=2, SerialNumber=1
[   13.026469][    T1] usb usb32: Product: USB/IP Virtual Host Controller
[   13.027247][    T1] usb usb32: Manufacturer: Linux 6.1.0-rc7-00200-gc2bf05db6c78-dirty vhci_hcd
[   13.028282][    T1] usb usb32: SerialNumber: vhci_hcd.15
[   13.030001][    T1] hub 32-0:1.0: USB hub found
[   13.030626][    T1] hub 32-0:1.0: 8 ports detected
[   13.034042][    T1] vhci_hcd vhci_hcd.15: USB/IP Virtual Host Controller
[   13.035169][    T1] vhci_hcd vhci_hcd.15: new USB bus registered, assigned bus number 33
[   13.036525][    T1] usb usb33: We don't know the algorithms for LPM for this host, disabling LPM.
[   13.037874][    T1] usb usb33: New USB device found, idVendor=1d6b, idProduct=0003, bcdDevice= 6.01
[   13.038950][    T1] usb usb33: New USB device strings: Mfr=3, Product=2, SerialNumber=1
[   13.039905][    T1] usb usb33: Product: USB/IP Virtual Host Controller
[   13.040688][    T1] usb usb33: Manufacturer: Linux 6.1.0-rc7-00200-gc2bf05db6c78-dirty vhci_hcd
[   13.041755][    T1] usb usb33: SerialNumber: vhci_hcd.15
[   13.043583][    T1] hub 33-0:1.0: USB hub found
[   13.044204][    T1] hub 33-0:1.0: 8 ports detected
[   13.048419][    T1] usbcore: registered new device driver usbip-host
[   13.050394][    T1] i8042: PNP: PS/2 Controller [PNP0303:KBD,PNP0f13:MOU] at 0x60,0x64 irq 1,12
[   13.053309][    T1] serio: i8042 KBD port at 0x60,0x64 irq 1
[   13.055344][    T1] serio: i8042 AUX port at 0x60,0x64 irq 12
[   13.057486][    T1] mousedev: PS/2 mouse device common for all mice
[   13.059881][ T1416] input: AT Translated Set 2 keyboard as /devices/platform/i8042/serio0/input/input1
[   13.062592][    T1] usbcore: registered new interface driver appletouch
[   13.063542][    T1] usbcore: registered new interface driver bcm5974
[   13.065529][    T1] usbcore: registered new interface driver synaptics_usb
[   13.066717][    T1] usbcore: registered new interface driver iforce
[   13.067664][    T1] usbcore: registered new interface driver xpad
[   13.068503][    T1] usbcore: registered new interface driver usb_acecad
[   13.069406][    T1] usbcore: registered new interface driver aiptek
[   13.070262][    T1] usbcore: registered new interface driver hanwang
[   13.071132][    T1] usbcore: registered new interface driver kbtab
[   13.074575][    T1] usbcore: registered new interface driver pegasus_notetaker
[   13.075687][    T1] usbcore: registered new interface driver usbtouchscreen
[   13.076667][    T1] usbcore: registered new interface driver sur40
[   13.077567][    T1] usbcore: registered new interface driver ati_remote2
[   13.078367][    T1] cm109: Keymap for Komunikate KIP1000 phone loaded
[   13.079270][    T1] usbcore: registered new interface driver cm109
[   13.080005][    T1] cm109: CM109 phone driver: 20080805 (C) Alfred E. Heggestad
[   13.080981][    T1] usbcore: registered new interface driver ims_pcu
[   13.081887][    T1] usbcore: registered new interface driver keyspan_remote
[   13.082826][    T1] usbcore: registered new interface driver powermate
[   13.083950][    T1] usbcore: registered new interface driver yealink
[   13.085211][    T1] rtc_cmos 00:05: RTC can wake from S4
[   13.088053][    T1] rtc_cmos 00:05: registered as rtc0
[   13.088689][    T1] rtc_cmos 00:05: alarms up to one day, y3k, 242 bytes nvram, hpet irqs
[   13.089928][    T1] i2c_dev: i2c /dev entries driver
[   13.090828][    T1] usbcore: registered new interface driver i2c-diolan-u2c
[   13.093573][    T1] usbcore: registered new interface driver RobotFuzz Open Source InterFace, OSIF
[   13.094840][    T1] usbcore: registered new interface driver i2c-tiny-usb
[   13.097797][    T1] usbcore: registered new interface driver igorplugusb
[   13.098795][    T1] usbcore: registered new interface driver iguanair
[   13.099840][    T1] usbcore: registered new interface driver imon
[   13.100828][    T1] usbcore: registered new interface driver mceusb
[   13.103417][    T1] usbcore: registered new interface driver redrat3
[   13.104354][    T1] usbcore: registered new interface driver streamzap
[   13.105345][    T1] usbcore: registered new interface driver ttusbir
[   13.106337][    T1] usbcore: registered new interface driver ati_remote
[   13.107492][    T1] b2c2-flexcop: B2C2 FlexcopII/II(b)/III digital TV receiver chip loaded successfully
[   13.109144][    T1] usbcore: registered new interface driver b2c2_flexcop_usb
[   13.110200][    T1] usbcore: registered new interface driver dvb_usb_vp7045
[   13.111259][    T1] usbcore: registered new interface driver dvb_usb_vp702x
[   13.113022][    T1] usbcore: registered new interface driver dvb_usb_gp8psk
[   13.114071][    T1] usbcore: registered new interface driver dvb_usb_dtt200u
[   13.115139][    T1] usbcore: registered new interface driver dvb_usb_a800
[   13.116207][    T1] usbcore: registered new interface driver dvb_usb_dibusb_mb
[   13.117314][    T1] usbcore: registered new interface driver dvb_usb_dibusb_mc
[   13.118435][    T1] usbcore: registered new interface driver dvb_usb_nova_t_usb2
[   13.119534][    T1] usbcore: registered new interface driver dvb_usb_umt_010
[   13.120612][    T1] usbcore: registered new interface driver dvb_usb_m920x
[   13.121676][    T1] usbcore: registered new interface driver dvb_usb_digitv
[   13.122744][    T1] usbcore: registered new interface driver dvb_usb_cxusb
[   13.123985][    T1] usbcore: registered new interface driver dvb_usb_ttusb2
[   13.125112][    T1] usbcore: registered new interface driver dvb_usb_dib0700
[   13.126165][    T1] usbcore: registered new interface driver opera1
[   13.127152][    T1] usbcore: registered new interface driver dvb_usb_af9005
[   13.128213][    T1] usbcore: registered new interface driver pctv452e
[   13.129252][    T1] usbcore: registered new interface driver dw2102
[   13.130686][    T1] usbcore: registered new interface driver dvb_usb_dtv5100
[   13.132146][    T1] usbcore: registered new interface driver cinergyT2
[   13.133171][    T1] usbcore: registered new interface driver dvb_usb_az6027
[   13.134238][    T1] usbcore: registered new interface driver dvb_usb_technisat_usb2
[   13.135407][    T1] usbcore: registered new interface driver dvb_usb_af9015
[   13.136492][    T1] usbcore: registered new interface driver dvb_usb_af9035
[   13.137611][    T1] usbcore: registered new interface driver dvb_usb_anysee
[   13.138691][    T1] usbcore: registered new interface driver dvb_usb_au6610
[   13.139753][    T1] usbcore: registered new interface driver dvb_usb_az6007
[   13.140865][    T1] usbcore: registered new interface driver dvb_usb_ce6230
[   13.142181][    T1] usbcore: registered new interface driver dvb_usb_ec168
[   13.143260][    T1] usbcore: registered new interface driver dvb_usb_lmedm04
[   13.144357][    T1] usbcore: registered new interface driver dvb_usb_gl861
[   13.145464][    T1] usbcore: registered new interface driver dvb_usb_mxl111sf
[   13.146635][    T1] usbcore: registered new interface driver dvb_usb_rtl28xxu
[   13.147744][    T1] usbcore: registered new interface driver dvb_usb_dvbsky
[   13.148888][    T1] usbcore: registered new interface driver zd1301
[   13.149906][    T1] usbcore: registered new interface driver s2255
[   13.150928][    T1] usbcore: registered new interface driver smsusb
[   13.152060][    T1] usbcore: registered new interface driver ttusb
[   13.153100][    T1] usbcore: registered new interface driver ttusb-dec
[   13.154149][    T1] usbcore: registered new interface driver Abilis Systems as10x usb driver
[   13.155432][    T1] usbcore: registered new interface driver airspy
[   13.156186][    T1] gspca_main: v2.14.0 registered
[   13.156968][    T1] usbcore: registered new interface driver benq
[   13.157904][    T1] usbcore: registered new interface driver conex
[   13.158850][    T1] usbcore: registered new interface driver cpia1
[   13.159787][    T1] usbcore: registered new interface driver dtcs033
[   13.160754][    T1] usbcore: registered new interface driver etoms
[   13.161768][    T1] usbcore: registered new interface driver finepix
[   13.162995][    T1] usbcore: registered new interface driver jeilinj
[   13.163958][    T1] usbcore: registered new interface driver jl2005bcd
[   13.164983][    T1] usbcore: registered new interface driver kinect
[   13.165943][    T1] usbcore: registered new interface driver konica
[   13.166902][    T1] usbcore: registered new interface driver mars
[   13.167868][    T1] usbcore: registered new interface driver mr97310a
[   13.168886][    T1] usbcore: registered new interface driver nw80x
[   13.169884][    T1] usbcore: registered new interface driver ov519
[   13.170848][    T1] usbcore: registered new interface driver ov534
[   13.171825][    T1] usbcore: registered new interface driver ov534_9
[   13.172836][    T1] usbcore: registered new interface driver pac207
[   13.173812][    T1] usbcore: registered new interface driver gspca_pac7302
[   13.174840][    T1] usbcore: registered new interface driver pac7311
[   13.175801][    T1] usbcore: registered new interface driver se401
[   13.176758][    T1] usbcore: registered new interface driver sn9c2028
[   13.177780][    T1] usbcore: registered new interface driver gspca_sn9c20x
[   13.178824][    T1] usbcore: registered new interface driver sonixb
[   13.179807][    T1] usbcore: registered new interface driver sonixj
[   13.180783][    T1] usbcore: registered new interface driver spca500
[   13.181777][    T1] usbcore: registered new interface driver spca501
[   13.182734][    T1] usbcore: registered new interface driver spca505
[   13.183691][    T1] usbcore: registered new interface driver spca506
[   13.184657][    T1] usbcore: registered new interface driver spca508
[   13.185638][    T1] usbcore: registered new interface driver spca561
[   13.186592][    T1] usbcore: registered new interface driver spca1528
[   13.187562][    T1] usbcore: registered new interface driver sq905
[   13.188509][    T1] usbcore: registered new interface driver sq905c
[   13.189481][    T1] usbcore: registered new interface driver sq930x
[   13.190489][    T1] usbcore: registered new interface driver sunplus
[   13.191493][    T1] usbcore: registered new interface driver stk014
[   13.192463][    T1] usbcore: registered new interface driver stk1135
[   13.193435][    T1] usbcore: registered new interface driver stv0680
[   13.194404][    T1] usbcore: registered new interface driver t613
[   13.195358][    T1] usbcore: registered new interface driver gspca_topro
[   13.196380][    T1] usbcore: registered new interface driver touptek
[   13.197372][    T1] usbcore: registered new interface driver tv8532
[   13.198337][    T1] usbcore: registered new interface driver vc032x
[   13.199293][    T1] usbcore: registered new interface driver vicam
[   13.200262][    T1] usbcore: registered new interface driver xirlink-cit
[   13.201348][    T1] usbcore: registered new interface driver gspca_zc3xx
[   13.202583][    T1] usbcore: registered new interface driver ALi m5602
[   13.203770][    T1] usbcore: registered new interface driver STV06xx
[   13.204770][    T1] usbcore: registered new interface driver gspca_gl860
[   13.205859][    T1] usbcore: registered new interface driver hackrf
[   13.206831][    T1] usbcore: registered new interface driver msi2500
[   13.207842][    T1] usbcore: registered new interface driver Philips webcam
[   13.209018][    T1] usbcore: registered new interface driver uvcvideo
[   13.209786][    T1] au0828: au0828 driver loaded
[   13.210814][    T1] usbcore: registered new interface driver au0828
[   13.211839][    T1] usbcore: registered new interface driver cx231xx
[   13.212962][    T1] usbcore: registered new interface driver em28xx
[   13.213729][    T1] em28xx: Registered (Em28xx v4l2 Extension) extension
[   13.214548][    T1] em28xx: Registered (Em28xx Audio Extension) extension
[   13.215379][    T1] em28xx: Registered (Em28xx dvb Extension) extension
[   13.216167][    T1] em28xx: Registered (Em28xx Input Extension) extension
[   13.217221][    T1] usbcore: registered new interface driver go7007
[   13.218178][    T1] usbcore: registered new interface driver go7007-loader
[   13.219360][    T1] usbcore: registered new interface driver hdpvr
[   13.220460][    T1] usbcore: registered new interface driver pvrusb2
[   13.221235][    T1] pvrusb2: V4L in-tree version:Hauppauge WinTV-PVR-USB2 MPEG2 Encoder/Tuner
[   13.222281][    T1] pvrusb2: Debug mask is 31 (0x1f)
[   13.223015][    T1] usbcore: registered new interface driver stk1160
[   13.223878][    T1] usbcore: registered new interface driver usbtv
[   13.225953][    T1] dvbdev: DVB: registering new adapter (dvb_vidtv_bridge)
[   13.228931][    T1] i2c i2c-0: DVB: registering adapter 0 frontend 0 (Dummy demod for DVB-T/T2/C/S/S2)...
[   13.230262][    T1] dvbdev: dvb_create_media_entity: media entity 'Dummy demod for DVB-T/T2/C/S/S2' registered.
[   13.234393][    T1] dvbdev: dvb_create_media_entity: media entity 'dvb-demux' registered.
[   13.237823][    T1] vidtv vidtv.0: Successfully initialized vidtv!
[   13.239362][    T1] vicodec vicodec.0: Device 'stateful-encoder' registered as /dev/video0
[   13.240632][    T1] vicodec vicodec.0: Device 'stateful-decoder' registered as /dev/video1
[   13.242200][    T1] vicodec vicodec.0: Device 'stateless-decoder' registered as /dev/video2
[   13.243870][    T1] vim2m vim2m.0: Device registered as /dev/video0
[   13.252237][    T1] vivid-000: using single planar format API
[   13.260120][    T1] vivid-000: CEC adapter cec0 registered for HDMI input 0
[   13.264011][    T1] vivid-000: V4L2 capture device registered as video7
[   13.266003][    T1] vivid-000: CEC adapter cec1 registered for HDMI output 0
[   13.268060][    T1] vivid-000: V4L2 output device registered as video8
[   13.270028][    T1] vivid-000: V4L2 capture device registered as vbi0, supports raw and sliced VBI
[   13.274296][    T1] vivid-000: V4L2 output device registered as vbi1, supports raw and sliced VBI
[   13.276695][    T1] vivid-000: V4L2 capture device registered as swradio0
[   13.278718][    T1] vivid-000: V4L2 receiver device registered as radio0
[   13.280695][    T1] vivid-000: V4L2 transmitter device registered as radio1
[   13.283270][    T1] vivid-000: V4L2 metadata capture device registered as video9
[   13.285290][    T1] vivid-000: V4L2 metadata output device registered as video10
[   13.286531][    T1] vivid-000: V4L2 touch capture device registered as v4l-touch0
[   13.288252][    T1] usbcore: registered new interface driver radioshark2
[   13.289349][    T1] usbcore: registered new interface driver radioshark
[   13.290396][    T1] usbcore: registered new interface driver radio-si470x
[   13.291653][    T1] usbcore: registered new interface driver radio-usb-si4713
[   13.292976][    T1] usbcore: registered new interface driver dsbr100
[   13.294076][    T1] usbcore: registered new interface driver radio-keene
[   13.295111][    T1] usbcore: registered new interface driver radio-ma901
[   13.296135][    T1] usbcore: registered new interface driver radio-mr800
[   13.297147][    T1] usbcore: registered new interface driver radio-raremono
[   13.298912][    T1] usbcore: registered new interface driver pcwd_usb
[   13.300897][    T1] device-mapper: core: CONFIG_IMA_DISABLE_HTABLE is disabled. Duplicate IMA measurements will not be recorded in the IMA log.
[   13.302644][    T1] device-mapper: uevent: version 1.0.3
[   13.304054][    T1] device-mapper: ioctl: 4.47.0-ioctl (2022-07-28) initialised: dm-devel@redhat.com
[   13.305944][    T1] device-mapper: multipath round-robin: version 1.2.0 loaded
[   13.306805][    T1] device-mapper: multipath queue-length: version 0.2.0 loaded
[   13.307669][    T1] device-mapper: multipath service-time: version 0.3.0 loaded
[   13.308931][    T1] device-mapper: raid: Loading target version 1.15.1
[   13.310716][    T1] Bluetooth: HCI UART driver ver 2.3
[   13.311337][    T1] Bluetooth: HCI UART protocol H4 registered
[   13.312058][    T1] Bluetooth: HCI UART protocol BCSP registered
[   13.312924][    T1] Bluetooth: HCI UART protocol LL registered
[   13.313764][    T1] Bluetooth: HCI UART protocol Three-wire (H5) registered
[   13.314751][    T1] Bluetooth: HCI UART protocol QCA registered
[   13.315457][    T1] Bluetooth: HCI UART protocol AG6XX registered
[   13.316342][    T1] Bluetooth: HCI UART protocol Marvell registered
[   13.317317][    T1] usbcore: registered new interface driver bcm203x
[   13.318301][    T1] usbcore: registered new interface driver bpa10x
[   13.319263][    T1] usbcore: registered new interface driver bfusb
[   13.320267][    T1] usbcore: registered new interface driver btusb
[   13.321282][    T1] usbcore: registered new interface driver ath3k
[   13.322747][    T1] CAPI 2.0 started up with major 68 (middleware)
[   13.323489][    T1] Modular ISDN core version 1.1.29
[   13.324560][    T1] NET: Registered PF_ISDN protocol family
[   13.325239][    T1] DSP module 2.0
[   13.325652][    T1] mISDN_dsp: DSP clocks every 80 samples. This equals 1 jiffies.
[   13.334722][    T1] mISDN: Layer-1-over-IP driver Rev. 2.00
[   13.335859][    T1] 0 virtual devices registered
[   13.336666][    T1] usbcore: registered new interface driver HFC-S_USB
[   13.337455][    T1] VUB300 Driver rom wait states = 1C irqpoll timeout = 0400
[   13.338193][    T1] usbcore: registered new interface driver vub300
[   13.339981][    T1] usbcore: registered new interface driver ushc
[   13.344618][    T1] iscsi: registered transport (iser)
[   13.346410][    T1] SoftiWARP attached
[   13.354082][    T1] hid: raw HID events driver (C) Jiri Kosina
[   13.377955][    T1] usbcore: registered new interface driver usbhid
[   13.378736][    T1] usbhid: USB HID core driver
[   13.380370][    T1] usbcore: registered new interface driver es2_ap_driver
[   13.381203][    T1] comedi: version 0.7.76 - http://www.comedi.org
[   13.383426][    T1] usbcore: registered new interface driver dt9812
[   13.384304][    T1] usbcore: registered new interface driver ni6501
[   13.385170][    T1] usbcore: registered new interface driver usbdux
[   13.386023][    T1] usbcore: registered new interface driver usbduxfast
[   13.386924][    T1] usbcore: registered new interface driver usbduxsigma
[   13.387836][    T1] usbcore: registered new interface driver vmk80xx
[   13.388776][    T1] usbcore: registered new interface driver prism2_usb
[   13.389762][    T1] usbcore: registered new interface driver r8712u
[   13.390571][    T1] greybus: registered new driver hid
[   13.391316][    T1] greybus: registered new driver gbphy
[   13.393472][    T1] gb_gbphy: registered new driver usb
[   13.394151][    T1] asus_wmi: ASUS WMI generic driver loaded
[   13.427141][    T1] usbcore: registered new interface driver snd-usb-audio
[   13.428323][    T1] usbcore: registered new interface driver snd-ua101
[   13.429436][    T1] usbcore: registered new interface driver snd-usb-usx2y
[   13.430598][    T1] usbcore: registered new interface driver snd-usb-us122l
[   13.432866][    T1] usbcore: registered new interface driver snd-usb-caiaq
[   13.434061][    T1] usbcore: registered new interface driver snd-usb-6fire
[   13.435269][    T1] usbcore: registered new interface driver snd-usb-hiface
[   13.436450][    T1] usbcore: registered new interface driver snd-bcd2000
[   13.437611][    T1] usbcore: registered new interface driver snd_usb_pod
[   13.438752][    T1] usbcore: registered new interface driver snd_usb_podhd
[   13.439926][    T1] usbcore: registered new interface driver snd_usb_toneport
[   13.441154][    T1] usbcore: registered new interface driver snd_usb_variax
[   13.442415][    T1] drop_monitor: Initializing network drop monitor service
[   13.443691][    T1] NET: Registered PF_LLC protocol family
[   13.444649][    T1] GACT probability on
[   13.445280][    T1] Mirror/redirect action on
[   13.446078][    T1] Simple TC action Loaded
[   13.447874][    T1] netem: version 1.3
[   13.448695][    T1] u32 classifier
[   13.449221][    T1]     Performance counters on
[   13.449916][    T1]     input device check on
[   13.450584][    T1]     Actions configured
[   13.454677][    T1] xt_time: kernel timezone is -0000
[   13.455528][    T1] IPVS: Registered protocols (TCP, UDP, SCTP, AH, ESP)
[   13.456778][    T1] IPVS: Connection hash table configured (size=4096, memory=32Kbytes)
[   13.458257][    T1] IPVS: ipvs loaded.
[   13.458858][    T1] IPVS: [rr] scheduler registered.
[   13.459619][    T1] IPVS: [wrr] scheduler registered.
[   13.460395][    T1] IPVS: [lc] scheduler registered.
[   13.461158][    T1] IPVS: [wlc] scheduler registered.
[   13.461991][    T1] IPVS: [fo] scheduler registered.
[   13.462751][    T1] IPVS: [ovf] scheduler registered.
[   13.463534][    T1] IPVS: [lblc] scheduler registered.
[   13.464334][    T1] IPVS: [lblcr] scheduler registered.
[   13.465140][    T1] IPVS: [dh] scheduler registered.
[   13.465912][    T1] IPVS: [sh] scheduler registered.
[   13.466678][    T1] IPVS: [mh] scheduler registered.
[   13.467444][    T1] IPVS: [sed] scheduler registered.
[   13.468220][    T1] IPVS: [nq] scheduler registered.
[   13.469000][    T1] IPVS: [twos] scheduler registered.
[   13.469874][    T1] IPVS: [sip] pe registered.
[   13.470653][    T1] ipip: IPv4 and MPLS over IPv4 tunneling driver
[   13.473673][    T1] gre: GRE over IPv4 demultiplexor driver
[   13.474522][    T1] ip_gre: GRE over IPv4 tunneling driver
[   13.478265][    T1] IPv4 over IPsec tunneling driver
[   13.480147][    T1] ipt_CLUSTERIP: ClusterIP Version 0.8 loaded successfully
[   13.482119][    T1] Initializing XFRM netlink socket
[   13.482949][    T1] IPsec XFRM device driver
[   13.485015][    T1] NET: Registered PF_INET6 protocol family
[   13.491211][    T1] Segment Routing with IPv6
[   13.491919][    T1] RPL Segment Routing with IPv6
[   13.492702][    T1] In-situ OAM (IOAM) with IPv6
[   13.493698][    T1] mip6: Mobile IPv6
[   13.495716][    T1] sit: IPv6, IPv4 and MPLS over IPv4 tunneling driver
[   13.499004][    T1] ip6_gre: GRE over IPv6 tunneling driver
[   13.500971][    T1] NET: Registered PF_PACKET protocol family
[   13.501948][    T1] NET: Registered PF_KEY protocol family
[   13.503637][    T1] Bridge firewalling registered
[   13.504641][    T1] NET: Registered PF_X25 protocol family
[   13.505538][    T1] X25: Linux Version 0.2
[   13.509149][    T1] NET: Registered PF_NETROM protocol family
[   13.520141][    T1] NET: Registered PF_ROSE protocol family
[   13.521145][    T1] NET: Registered PF_AX25 protocol family
[   13.522580][    T1] can: controller area network core
[   13.523633][    T1] NET: Registered PF_CAN protocol family
[   13.524477][    T1] can: raw protocol
[   13.525101][    T1] can: broadcast manager protocol
[   13.525885][    T1] can: netlink gateway - max_hops=1
[   13.526876][    T1] can: SAE J1939
[   13.527422][    T1] can: isotp protocol
[   13.528193][    T1] Bluetooth: RFCOMM TTY layer initialized
[   13.529083][    T1] Bluetooth: RFCOMM socket layer initialized
[   13.530015][    T1] Bluetooth: RFCOMM ver 1.11
[   13.530737][    T1] Bluetooth: BNEP (Ethernet Emulation) ver 1.3
[   13.532428][    T1] Bluetooth: BNEP filters: protocol multicast
[   13.533372][    T1] Bluetooth: BNEP socket layer initialized
[   13.534245][    T1] Bluetooth: CMTP (CAPI Emulation) ver 1.0
[   13.535135][    T1] Bluetooth: CMTP socket layer initialized
[   13.536009][    T1] Bluetooth: HIDP (Human Interface Emulation) ver 1.2
[   13.537047][    T1] Bluetooth: HIDP socket layer initialized
