bash: warning: setlocale: LC_ALL: cannot change locale (en_US.UTF-8)
c[?7l[2J[0mSeaBIOS (version 1.16.2-debian-1.16.2-1)


iPXE (http://ipxe.org) 00:03.0 CA00 PCI2.10 PnP PMM+7EFCEF00+7EF0EF00 CA00
Press Ctrl-B to configure iPXE (PCI 00:03.0)...                                                                               


Booting from ROM..c[?7l[2J[    0.000000] Linux version 6.4.0-rc4-00246-ga1a64a151dae-dirty (root@buildkitsandbox) (gcc (Debian 12.2.0-14+deb12u1) 12.2.0, GNU ld (GNU Binutils for Debian) 2.40) #1 SMP PREEMPT_DYNAMIC Tue May  5 09:50:42 UTC 2026
[    0.000000] Command line: console=ttyS0 oops=panic nokaslr rdinit=/init
[    0.000000] x86/fpu: Supporting XSAVE feature 0x001: 'x87 floating point registers'
[    0.000000] x86/fpu: Supporting XSAVE feature 0x002: 'SSE registers'
[    0.000000] x86/fpu: Supporting XSAVE feature 0x004: 'AVX registers'
[    0.000000] x86/fpu: Supporting XSAVE feature 0x200: 'Protection Keys User registers'
[    0.000000] x86/fpu: xstate_offset[2]:  576, xstate_sizes[2]:  256
[    0.000000] x86/fpu: xstate_offset[9]:  832, xstate_sizes[9]:    8
[    0.000000] x86/fpu: Enabled xstate features 0x207, context size is 840 bytes, using 'compacted' format.
[    0.000000] signal: max sigframe size: 3632
[    0.000000] BIOS-provided physical RAM map:
[    0.000000] BIOS-e820: [mem 0x0000000000000000-0x000000000009fbff] usable
[    0.000000] BIOS-e820: [mem 0x000000000009fc00-0x000000000009ffff] reserved
[    0.000000] BIOS-e820: [mem 0x00000000000f0000-0x00000000000fffff] reserved
[    0.000000] BIOS-e820: [mem 0x0000000000100000-0x000000007ffdffff] usable
[    0.000000] BIOS-e820: [mem 0x000000007ffe0000-0x000000007fffffff] reserved
[    0.000000] BIOS-e820: [mem 0x00000000feffc000-0x00000000feffffff] reserved
[    0.000000] BIOS-e820: [mem 0x00000000fffc0000-0x00000000ffffffff] reserved
[    0.000000] NX (Execute Disable) protection: active
[    0.000000] SMBIOS 2.8 present.
[    0.000000] DMI: QEMU Standard PC (i440FX + PIIX, 1996), BIOS 1.16.2-debian-1.16.2-1 04/01/2014
[    0.000000] Hypervisor detected: KVM
[    0.000000] kvm-clock: Using msrs 4b564d01 and 4b564d00
[    0.000001] kvm-clock: using sched offset of 320027323 cycles
[    0.000002] clocksource: kvm-clock: mask: 0xffffffffffffffff max_cycles: 0x1cd42e4dffb, max_idle_ns: 881590591483 ns
[    0.000005] tsc: Detected 3187.200 MHz processor
[    0.000306] last_pfn = 0x7ffe0 max_arch_pfn = 0x400000000
[    0.000328] x86/PAT: Configuration [0-7]: WB  WC  UC- UC  WB  WP  UC- WT  
[    0.003878] found SMP MP-table at [mem 0x000f5ba0-0x000f5baf]
[    0.003886] Using GB pages for direct mapping
[    0.003887] Incomplete global flushes, disabling PCID
[    0.004297] RAMDISK: [mem 0x7fe92000-0x7ffdffff]
[    0.004301] ACPI: Early table checksum verification disabled
[    0.004303] ACPI: RSDP 0x00000000000F59D0 000014 (v00 BOCHS )
[    0.004305] ACPI: RSDT 0x000000007FFE1B33 000034 (v01 BOCHS  BXPC     00000001 BXPC 00000001)
[    0.004310] ACPI: FACP 0x000000007FFE19DF 000074 (v01 BOCHS  BXPC     00000001 BXPC 00000001)
[    0.004314] ACPI: DSDT 0x000000007FFE0040 00199F (v01 BOCHS  BXPC     00000001 BXPC 00000001)
[    0.004316] ACPI: FACS 0x000000007FFE0000 000040
[    0.004318] ACPI: APIC 0x000000007FFE1A53 000080 (v01 BOCHS  BXPC     00000001 BXPC 00000001)
[    0.004320] ACPI: HPET 0x000000007FFE1AD3 000038 (v01 BOCHS  BXPC     00000001 BXPC 00000001)
[    0.004321] ACPI: WAET 0x000000007FFE1B0B 000028 (v01 BOCHS  BXPC     00000001 BXPC 00000001)
[    0.004323] ACPI: Reserving FACP table memory at [mem 0x7ffe19df-0x7ffe1a52]
[    0.004324] ACPI: Reserving DSDT table memory at [mem 0x7ffe0040-0x7ffe19de]
[    0.004324] ACPI: Reserving FACS table memory at [mem 0x7ffe0000-0x7ffe003f]
[    0.004325] ACPI: Reserving APIC table memory at [mem 0x7ffe1a53-0x7ffe1ad2]
[    0.004325] ACPI: Reserving HPET table memory at [mem 0x7ffe1ad3-0x7ffe1b0a]
[    0.004326] ACPI: Reserving WAET table memory at [mem 0x7ffe1b0b-0x7ffe1b32]
[    0.004512] No NUMA configuration found
[    0.004512] Faking a node at [mem 0x0000000000000000-0x000000007ffdffff]
[    0.004514] NODE_DATA(0) allocated [mem 0x7fe8e000-0x7fe91fff]
[    0.004521] Zone ranges:
[    0.004522]   DMA      [mem 0x0000000000001000-0x0000000000ffffff]
[    0.004523]   DMA32    [mem 0x0000000001000000-0x000000007ffdffff]
[    0.004524]   Normal   empty
[    0.004525] Movable zone start for each node
[    0.004525] Early memory node ranges
[    0.004525]   node   0: [mem 0x0000000000001000-0x000000000009efff]
[    0.004527]   node   0: [mem 0x0000000000100000-0x000000007ffdffff]
[    0.004528] Initmem setup node 0 [mem 0x0000000000001000-0x000000007ffdffff]
[    0.006694] On node 0, zone DMA: 1 pages in unavailable ranges
[    0.006737] On node 0, zone DMA: 97 pages in unavailable ranges
[    0.034088] On node 0, zone DMA32: 32 pages in unavailable ranges
[    0.326695] kasan: KernelAddressSanitizer initialized
[    0.326914] ACPI: PM-Timer IO Port: 0x608
[    0.326921] ACPI: LAPIC_NMI (acpi_id[0xff] dfl dfl lint[0x1])
[    0.326951] IOAPIC[0]: apic_id 0, version 17, address 0xfec00000, GSI 0-23
[    0.326953] ACPI: INT_SRC_OVR (bus 0 bus_irq 0 global_irq 2 dfl dfl)
[    0.326955] ACPI: INT_SRC_OVR (bus 0 bus_irq 5 global_irq 5 high level)
[    0.326956] ACPI: INT_SRC_OVR (bus 0 bus_irq 9 global_irq 9 high level)
[    0.326956] ACPI: INT_SRC_OVR (bus 0 bus_irq 10 global_irq 10 high level)
[    0.326957] ACPI: INT_SRC_OVR (bus 0 bus_irq 11 global_irq 11 high level)
[    0.326959] ACPI: Using ACPI (MADT) for SMP configuration information
[    0.326960] ACPI: HPET id: 0x8086a201 base: 0xfed00000
[    0.326962] TSC deadline timer available
[    0.326963] smpboot: Allowing 2 CPUs, 0 hotplug CPUs
[    0.326980] kvm-guest: KVM setup pv remote TLB flush
[    0.326982] kvm-guest: setup PV sched yield
[    0.326987] PM: hibernation: Registered nosave memory: [mem 0x00000000-0x00000fff]
[    0.326989] PM: hibernation: Registered nosave memory: [mem 0x0009f000-0x0009ffff]
[    0.326989] PM: hibernation: Registered nosave memory: [mem 0x000a0000-0x000effff]
[    0.326990] PM: hibernation: Registered nosave memory: [mem 0x000f0000-0x000fffff]
[    0.326991] [mem 0x80000000-0xfeffbfff] available for PCI devices
[    0.326992] Booting paravirtualized kernel on KVM
[    0.326994] clocksource: refined-jiffies: mask: 0xffffffff max_cycles: 0xffffffff, max_idle_ns: 1910969940391419 ns
[    0.334923] setup_percpu: NR_CPUS:64 nr_cpumask_bits:2 nr_cpu_ids:2 nr_node_ids:1
[    0.337014] percpu: Embedded 66 pages/cpu s232488 r8192 d29656 u1048576
[    0.337042] Kernel command line: console=ttyS0 oops=panic nokaslr rdinit=/init
[    0.337087] random: crng init done
[    0.338866] Dentry cache hash table entries: 262144 (order: 9, 2097152 bytes, linear)
[    0.340721] Inode-cache hash table entries: 131072 (order: 8, 1048576 bytes, linear)
[    0.340759] Fallback order for Node 0: 0 
[    0.340762] Built 1 zonelists, mobility grouping on.  Total pages: 515808
[    0.340763] Policy zone: DMA32
[    0.340764] mem auto-init: stack:all(zero), heap alloc:off, heap free:off
[    0.340764] stackdepot: allocating hash table via alloc_large_system_hash
[    0.347284] stackdepot hash table entries: 1048576 (order: 11, 8388608 bytes, linear)
[    0.368151] Memory: 1692960K/2096632K available (49152K kernel code, 7932K rwdata, 10056K rodata, 5608K init, 3012K bss, 403416K reserved, 0K cma-reserved)
[    0.368264] SLUB: HWalign=64, Order=0-3, MinObjects=0, CPUs=2, Nodes=1
[    0.369315] Dynamic Preempt: voluntary
[    0.371852] rcu: Preemptible hierarchical RCU implementation.
[    0.371853] rcu: 	RCU event tracing is enabled.
[    0.371854] rcu: 	RCU restricting CPUs from NR_CPUS=64 to nr_cpu_ids=2.
[    0.371855] 	Trampoline variant of Tasks RCU enabled.
[    0.371856] rcu: RCU calculated value of scheduler-enlistment delay is 100 jiffies.
[    0.371857] rcu: Adjusting geometry for rcu_fanout_leaf=16, nr_cpu_ids=2
[    0.377869] NR_IRQS: 4352, nr_irqs: 440, preallocated irqs: 16
[    0.378062] rcu: srcu_init: Setting srcu_struct sizes based on contention.
[    0.380486] Console: colour VGA+ 80x25
[    0.380512] printk: console [ttyS0] enabled
[    0.422203] ACPI: Core revision 20230331
[    0.422581] clocksource: hpet: mask: 0xffffffff max_cycles: 0xffffffff, max_idle_ns: 19112604467 ns
[    0.423199] APIC: Switch to symmetric I/O mode setup
[    0.423508] kvm-guest: setup PV IPIs
[    0.424407] ..TIMER: vector=0x30 apic1=0 pin1=2 apic2=-1 pin2=-1
[    0.424785] clocksource: tsc-early: mask: 0xffffffffffffffff max_cycles: 0x2df10e7656b, max_idle_ns: 440795364873 ns
[    0.425420] Calibrating delay loop (skipped) preset value.. 6374.40 BogoMIPS (lpj=3187200)
[    0.425922] pid_max: default: 32768 minimum: 301
[    0.426453] LSM: initializing lsm=capability,selinux,integrity
[    0.426808] SELinux:  Initializing.
[    0.427089] Mount-cache hash table entries: 4096 (order: 3, 32768 bytes, linear)
[    0.427417] Mountpoint-cache hash table entries: 4096 (order: 3, 32768 bytes, linear)
[    0.428758] x86/cpu: User Mode Instruction Prevention (UMIP) activated
[    0.429473] Last level iTLB entries: 4KB 0, 2MB 0, 4MB 0
[    0.429801] Last level dTLB entries: 4KB 0, 2MB 0, 4MB 0, 1GB 0
[    0.430165] Spectre V1 : Mitigation: usercopy/swapgs barriers and __user pointer sanitization
[    0.430416] Spectre V2 : Mitigation: Enhanced / Automatic IBRS
[    0.430772] Spectre V2 : Spectre v2 / SpectreRSB mitigation: Filling RSB on context switch
[    0.431415] Spectre V2 : Spectre v2 / PBRSB-eIBRS: Retire a single CALL on VMEXIT
[    0.431871] Spectre V2 : mitigation: Enabling conditional Indirect Branch Prediction Barrier
[    0.432415] Speculative Store Bypass: Mitigation: Speculative Store Bypass disabled via prctl
[    0.432932] MMIO Stale Data: Unknown: No mitigations
[    0.447549] Freeing SMP alternatives memory: 44K
[    0.447957] smpboot: CPU0: Intel(R) Core(TM) i9-14900K (family: 0x6, model: 0xb7, stepping: 0x1)
[    0.448414] cblist_init_generic: Setting adjustable number of callback queues.
[    0.448416] cblist_init_generic: Setting shift to 1 and lim to 1.
[    0.448801] Performance Events: unsupported p6 CPU model 183 no PMU driver, software events only.
[    0.449441] rcu: Hierarchical SRCU implementation.
[    0.449735] rcu: 	Max phase no-delay instances is 400.
[    0.450473] smp: Bringing up secondary CPUs ...
[    0.450863] x86: Booting SMP configuration:
[    0.451118] .... node  #0, CPUs:      #1
[    0.451454] smp: Brought up 1 node, 2 CPUs
[    0.451937] smpboot: Max logical packages: 1
[    0.452418] smpboot: Total of 2 processors activated (12748.80 BogoMIPS)
[    0.453095] devtmpfs: initialized
[    0.455077] clocksource: jiffies: mask: 0xffffffff max_cycles: 0xffffffff, max_idle_ns: 1911260446275000 ns
[    0.455419] futex hash table entries: 512 (order: 3, 32768 bytes, linear)
[    0.455927] PM: RTC time: 09:53:27, date: 2026-05-05
[    0.456443] NET: Registered PF_NETLINK/PF_ROUTE protocol family
[    0.457006] audit: initializing netlink subsys (disabled)
[    0.457435] audit: type=2000 audit(1777974808.557:1): state=initialized audit_enabled=0 res=1
[    0.457591] thermal_sys: Registered thermal governor 'step_wise'
[    0.457959] thermal_sys: Registered thermal governor 'user_space'
[    0.458428] cpuidle: using governor menu
[    0.459214] PCI: Using configuration type 1 for base access
[    0.459550] kprobes: kprobe jump-optimization is enabled. All kprobes are optimized if possible.
[    0.462545] HugeTLB: registered 2.00 MiB page size, pre-allocated 0 pages
[    0.463037] HugeTLB: 28 KiB vmemmap can be freed for a 2.00 MiB page
[    0.463950] ACPI: Added _OSI(Module Device)
[    0.463970] ACPI: Added _OSI(Processor Device)
[    0.464313] ACPI: Added _OSI(3.0 _SCP Extensions)
[    0.464417] ACPI: Added _OSI(Processor Aggregator Device)
[    0.472825] ACPI: 1 ACPI AML tables successfully acquired and loaded
[    0.517959] ACPI: Interpreter enabled
[    0.518229] ACPI: PM: (supports S0 S3 S4 S5)
[    0.518416] ACPI: Using IOAPIC for interrupt routing
[    0.518734] PCI: Using host bridge windows from ACPI; if necessary, use "pci=nocrs" and report a bug
[    0.519262] PCI: Using E820 reservations for host bridge windows
[    0.519723] ACPI: Enabled 2 GPEs in block 00 to 0F
[    0.530036] ACPI: PCI Root Bridge [PCI0] (domain 0000 [bus 00-ff])
[    0.530423] acpi PNP0A03:00: _OSC: OS supports [ASPM ClockPM Segments MSI HPX-Type3]
[    0.530894] acpi PNP0A03:00: _OSC: not requesting OS control; OS requires [ExtendedConfig ASPM ClockPM MSI]
[    0.531464] acpi PNP0A03:00: fail to add MMCONFIG information, can't access extended configuration space under this bridge
[    0.532300] PCI host bridge to bus 0000:00
[    0.532417] pci_bus 0000:00: root bus resource [io  0x0000-0x0cf7 window]
[    0.532842] pci_bus 0000:00: root bus resource [io  0x0d00-0xffff window]
[    0.533264] pci_bus 0000:00: root bus resource [mem 0x000a0000-0x000bffff window]
[    0.533416] pci_bus 0000:00: root bus resource [mem 0x80000000-0xfebfffff window]
[    0.533873] pci_bus 0000:00: root bus resource [mem 0x100000000-0x17fffffff window]
[    0.534342] pci_bus 0000:00: root bus resource [bus 00-ff]
[    0.534463] pci 0000:00:00.0: [8086:1237] type 00 class 0x060000
[    0.538813] pci 0000:00:01.0: [8086:7000] type 00 class 0x060100
[    0.543970] pci 0000:00:01.1: [8086:7010] type 00 class 0x010180
[    0.545287] pci 0000:00:01.1: reg 0x20: [io  0xc040-0xc04f]
[    0.545802] pci 0000:00:01.1: legacy IDE quirk: reg 0x10: [io  0x01f0-0x01f7]
[    0.546232] pci 0000:00:01.1: legacy IDE quirk: reg 0x14: [io  0x03f6]
[    0.546417] pci 0000:00:01.1: legacy IDE quirk: reg 0x18: [io  0x0170-0x0177]
[    0.546850] pci 0000:00:01.1: legacy IDE quirk: reg 0x1c: [io  0x0376]
[    0.547478] pci 0000:00:01.3: [8086:7113] type 00 class 0x068000
[    0.548084] pci 0000:00:01.3: quirk: [io  0x0600-0x063f] claimed by PIIX4 ACPI
[    0.548420] pci 0000:00:01.3: quirk: [io  0x0700-0x070f] claimed by PIIX4 SMB
[    0.549011] pci 0000:00:02.0: [1234:1111] type 00 class 0x030000
[    0.550113] pci 0000:00:02.0: reg 0x10: [mem 0xfd000000-0xfdffffff pref]
[    0.551303] pci 0000:00:02.0: reg 0x18: [mem 0xfebf0000-0xfebf0fff]
[    0.554200] pci 0000:00:02.0: reg 0x30: [mem 0xfebe0000-0xfebeffff pref]
[    0.554497] pci 0000:00:02.0: Video device with shadowed ROM at [mem 0x000c0000-0x000dffff]
[    0.558903] pci 0000:00:03.0: [8086:100e] type 00 class 0x020000
[    0.559599] pci 0000:00:03.0: reg 0x10: [mem 0xfebc0000-0xfebdffff]
[    0.560417] pci 0000:00:03.0: reg 0x14: [io  0xc000-0xc03f]
[    0.562417] pci 0000:00:03.0: reg 0x30: [mem 0xfeb80000-0xfebbffff pref]
[    0.567633] ACPI: PCI: Interrupt link LNKA configured for IRQ 10
[    0.568422] ACPI: PCI: Interrupt link LNKB configured for IRQ 10
[    0.569615] ACPI: PCI: Interrupt link LNKC configured for IRQ 11
[    0.570784] ACPI: PCI: Interrupt link LNKD configured for IRQ 11
[    0.571280] ACPI: PCI: Interrupt link LNKS configured for IRQ 9
[    0.572428] iommu: Default domain type: Translated 
[    0.572717] iommu: DMA domain TLB invalidation policy: lazy mode 
[    0.573275] SCSI subsystem initialized
[    0.573511] ACPI: bus type USB registered
[    0.573788] usbcore: registered new interface driver usbfs
[    0.573788] usbcore: registered new interface driver hub
[    0.573788] usbcore: registered new device driver usb
[    0.574113] pps_core: LinuxPPS API ver. 1 registered
[    0.574415] pps_core: Software ver. 5.3.6 - Copyright 2005-2007 Rodolfo Giometti <giometti@linux.it>
[    0.574950] PTP clock support registered
[    0.575499] Advanced Linux Sound Architecture Driver Initialized.
[    0.576769] NetLabel: Initializing
[    0.576974] NetLabel:  domain hash size = 128
[    0.577232] NetLabel:  protocols = UNLABELED CIPSOv4 CALIPSO
[    0.577450] NetLabel:  unlabeled traffic allowed by default
[    0.577810] PCI: Using ACPI for IRQ routing
[    0.577810] pci 0000:00:02.0: vgaarb: setting as boot VGA device
[    0.577810] pci 0000:00:02.0: vgaarb: bridge control possible
[    0.578121] pci 0000:00:02.0: vgaarb: VGA device added: decodes=io+mem,owns=io+mem,locks=none
[    0.578416] vgaarb: loaded
[    0.578648] hpet0: at MMIO 0xfed00000, IRQs 2, 8, 0
[    0.578950] hpet0: 3 comparators, 64-bit 100.000000 MHz counter
[    0.582462] clocksource: Switched to clocksource kvm-clock
[    0.586412] VFS: Disk quotas dquot_6.6.0
[    0.586671] VFS: Dquot-cache hash table entries: 512 (order 0, 4096 bytes)
[    0.587174] pnp: PnP ACPI init
[    0.588388] pnp: PnP ACPI: found 6 devices
[    0.595394] clocksource: acpi_pm: mask: 0xffffff max_cycles: 0xffffff, max_idle_ns: 2085701024 ns
[    0.595993] NET: Registered PF_INET protocol family
[    0.598709] IP idents hash table entries: 32768 (order: 6, 262144 bytes, linear)
[    0.599648] tcp_listen_portaddr_hash hash table entries: 1024 (order: 2, 16384 bytes, linear)
[    0.600165] Table-perturb hash table entries: 65536 (order: 6, 262144 bytes, linear)
[    0.600644] TCP established hash table entries: 16384 (order: 5, 131072 bytes, linear)
[    0.601145] TCP bind hash table entries: 16384 (order: 7, 524288 bytes, linear)
[    0.601614] TCP: Hash tables configured (established 16384 bind 16384)
[    0.602052] UDP hash table entries: 1024 (order: 3, 32768 bytes, linear)
[    0.602467] UDP-Lite hash table entries: 1024 (order: 3, 32768 bytes, linear)
[    0.602974] NET: Registered PF_UNIX/PF_LOCAL protocol family
[    0.603516] RPC: Registered named UNIX socket transport module.
[    0.603880] RPC: Registered udp transport module.
[    0.604169] RPC: Registered tcp transport module.
[    0.604466] RPC: Registered tcp NFSv4.1 backchannel transport module.
[    0.607856] pci_bus 0000:00: resource 4 [io  0x0000-0x0cf7 window]
[    0.608229] pci_bus 0000:00: resource 5 [io  0x0d00-0xffff window]
[    0.608595] pci_bus 0000:00: resource 6 [mem 0x000a0000-0x000bffff window]
[    0.608998] pci_bus 0000:00: resource 7 [mem 0x80000000-0xfebfffff window]
[    0.609407] pci_bus 0000:00: resource 8 [mem 0x100000000-0x17fffffff window]
[    0.609926] pci 0000:00:01.0: PIIX3: Enabling Passive Release
[    0.610285] pci 0000:00:00.0: Limiting direct PCI/PCI transfers
[    0.610686] PCI: CLS 0 bytes, default 64
[    0.611095] Unpacking initramfs...
[    0.615418] RAPL PMU: API unit is 2^-32 Joules, 0 fixed counters, 10737418240 ms ovfl timer
[    0.615964] clocksource: tsc: mask: 0xffffffffffffffff max_cycles: 0x2df10e7656b, max_idle_ns: 440795364873 ns
[    0.624924] Freeing initrd memory: 1336K
[    0.627738] Initialise system trusted keyrings
[    0.628122] workingset: timestamp_bits=56 max_order=19 bucket_order=0
[    0.628863] NFS: Registering the id_resolver key type
[    0.629184] Key type id_resolver registered
[    0.629450] Key type id_legacy registered
[    0.629759] 9p: Installing v9fs 9p2000 file system support
[    0.633868] Key type asymmetric registered
[    0.634146] Asymmetric key parser 'x509' registered
[    0.634455] Block layer SCSI generic (bsg) driver version 0.4 loaded (major 251)
[    0.634899] io scheduler mq-deadline registered
[    0.635163] io scheduler kyber registered
[    0.635609] input: Power Button as /devices/LNXSYSTM:00/LNXPWRBN:00/input/input0
[    0.636129] ACPI: button: Power Button [PWRF]
[    0.636709] Serial: 8250/16550 driver, 4 ports, IRQ sharing enabled
[    0.637158] 00:04: ttyS0 at I/O 0x3f8 (irq = 4, base_baud = 115200) is a 16550A
[    0.638141] Non-volatile memory driver v1.3
[    0.638399] Linux agpgart interface v0.103
[    0.638726] ACPI: bus type drm_connector registered
[    0.642631] loop: module loaded
[    0.643818] scsi host0: ata_piix
[    0.644216] scsi host1: ata_piix
[    0.644507] ata1: PATA max MWDMA2 cmd 0x1f0 ctl 0x3f6 bmdma 0xc040 irq 14
[    0.644922] ata2: PATA max MWDMA2 cmd 0x170 ctl 0x376 bmdma 0xc048 irq 15
[    0.645731] e100: Intel(R) PRO/100 Network Driver
[    0.646011] e100: Copyright(c) 1999-2006 Intel Corporation
[    0.646356] e1000: Intel(R) PRO/1000 Network Driver
[    0.646654] e1000: Copyright (c) 1999-2006 Intel Corporation.
[    0.799459] ata2: found unknown device (class 0)
[    0.800160] ata2.00: ATAPI: QEMU DVD-ROM, 2.5+, max UDMA/100
[    0.801094] scsi 1:0:0:0: CD-ROM            QEMU     QEMU DVD-ROM     2.5+ PQ: 0 ANSI: 5
[    0.811661] sr 1:0:0:0: [sr0] scsi3-mmc drive: 4x/4x cd/rw xa/form2 tray
[    0.812063] cdrom: Uniform CD-ROM driver Revision: 3.20
[    0.820489] sr 1:0:0:0: Attached scsi generic sg0 type 5
[    0.948087] ACPI: \_SB_.LNKC: Enabled at IRQ 11
[    1.237862] e1000 0000:00:03.0 eth0: (PCI:33MHz:32-bit) 52:54:00:12:34:56
[    1.238271] e1000 0000:00:03.0 eth0: Intel(R) PRO/1000 Network Connection
[    1.238692] e1000e: Intel(R) PRO/1000 Network Driver
[    1.238981] e1000e: Copyright(c) 1999 - 2015 Intel Corporation.
[    1.239340] sky2: driver version 1.30
[    1.239848] usbcore: registered new interface driver usblp
[    1.240176] usbcore: registered new interface driver usb-storage
[    1.240576] i8042: PNP: PS/2 Controller [PNP0303:KBD,PNP0f13:MOU] at 0x60,0x64 irq 1,12
[    1.241491] serio: i8042 KBD port at 0x60,0x64 irq 1
[    1.241787] serio: i8042 AUX port at 0x60,0x64 irq 12
[    1.242394] rtc_cmos 00:05: RTC can wake from S4
[    1.242776] input: AT Translated Set 2 keyboard as /devices/platform/i8042/serio0/input/input1
[    1.244538] rtc_cmos 00:05: registered as rtc0
[    1.244855] rtc_cmos 00:05: alarms up to one day, y3k, 242 bytes nvram, hpet irqs
[    1.245595] device-mapper: ioctl: 4.48.0-ioctl (2023-03-01) initialised: dm-devel@redhat.com
[    1.246089] intel_pstate: CPU model not supported
[    1.246401] hid: raw HID events driver (C) Jiri Kosina
[    1.246917] usbcore: registered new interface driver usbhid
[    1.247240] usbhid: USB HID core driver
[    1.254698] Initializing XFRM netlink socket
[    1.255000] NET: Registered PF_INET6 protocol family
[    1.255635] Segment Routing with IPv6
[    1.255862] In-situ OAM (IOAM) with IPv6
[    1.256137] sit: IPv6, IPv4 and MPLS over IPv4 tunneling driver
[    1.256702] NET: Registered PF_PACKET protocol family
[    1.257030] 9pnet: Installing 9P2000 support
[    1.257300] Key type dns_resolver registered
[    1.257774] IPI shorthand broadcast: enabled
[    1.284093] sched_clock: Marking stable (1238000938, 45346089)->(1285245902, -1898875)
[    1.284739] registered taskstats version 1
[    1.284980] Loading compiled-in X.509 certificates
[    1.292864] PM:   Magic number: 10:660:878
[    1.293161] printk: console [netcon0] enabled
[    1.293422] netconsole: network logging started
[    1.293769] cfg80211: Loading compiled-in X.509 certificates for regulatory database
[    1.294453] kworker/u4:1 (50) used greatest stack depth: 29544 bytes left
[    1.295830] Loaded X.509 cert 'sforshee: 00b28ddf47aef9cea7'
[    1.296202] platform regulatory.0: Direct firmware load for regulatory.db failed with error -2
[    1.296708] cfg80211: failed to load regulatory.db
[    1.297003] ALSA device list:
[    1.297179]   No soundcards found.
[    1.298223] Freeing unused kernel image (initmem) memory: 5608K
[    1.305415] Write protecting the kernel read-only data: 59392k
[    1.305742] Freeing unused kernel image (rodata/data gap) memory: 184K
[    1.313363] x86/mm: Checked W+X mappings: passed, no W+X pages found.
[    1.313665] Run /init as init process
[    1.315339] mount (54) used greatest stack depth: 28712 bytes left

secb: rootfs ready
---- poc begin ----
poc: userns+netns ready
[    1.335366] ==================================================================
[    1.335686] BUG: KASAN: slab-use-after-free in nft_set_lookup_global+0x356/0x390
[    1.335979] Read of size 8 at addr ffff888009e31c20 by task poc/60
[    1.336219] 
[    1.336286] CPU: 0 PID: 60 Comm: poc Not tainted 6.4.0-rc4-00246-ga1a64a151dae-dirty #1
[    1.336597] Hardware name: QEMU Standard PC (i440FX + PIIX, 1996), BIOS 1.16.2-debian-1.16.2-1 04/01/2014
[    1.336962] Call Trace:
[    1.337063]  <TASK>
[    1.337151]  dump_stack_lvl+0x36/0x50
[    1.337298]  print_report+0xcf/0x660
[    1.337445]  ? nft_set_lookup_global+0x356/0x390
[    1.337627]  kasan_report+0xc9/0x100
[    1.337770]  ? nft_set_lookup_global+0x356/0x390
[    1.337952]  nft_set_lookup_global+0x356/0x390
[    1.338129]  nft_lookup_init+0x115/0x620
[    1.338286]  ? nf_tables_newrule+0x8f8/0x2700
[    1.338461]  ? __kmalloc+0x59/0x160
[    1.338606]  nf_tables_newrule+0xb2d/0x2700
[    1.338770]  ? __pfx_nf_tables_newrule+0x10/0x10
[    1.338952]  ? __pfx___nla_validate_parse+0x10/0x10
[    1.339146]  nfnetlink_rcv_batch+0x129a/0x1fc0
[    1.339323]  ? __pfx_nfnetlink_rcv_batch+0x10/0x10
[    1.339513]  ? _raw_spin_lock_irqsave+0x86/0xe0
[    1.339694]  ? kmalloc_reserve+0xb1/0x1e0
[    1.339853]  ? __alloc_skb+0xd4/0x280
[    1.339999]  ? netlink_sendmsg+0x83a/0xc60
[    1.340161]  ? sock_sendmsg+0x13d/0x180
[    1.340314]  ? ____sys_sendmsg+0x5ce/0x810
[    1.340477]  ? avc_has_perm_noaudit+0x8a/0x130
[    1.340655]  nfnetlink_rcv+0x2df/0x360
[    1.340804]  ? __pfx_nfnetlink_rcv+0x10/0x10
[    1.340973]  ? __kmalloc_node_track_caller+0x5a/0x160
[    1.341176]  netlink_unicast+0x588/0x7f0
[    1.341332]  ? __pfx_netlink_unicast+0x10/0x10
[    1.341510]  netlink_sendmsg+0x7b7/0xc60
[    1.341665]  ? __pfx_netlink_sendmsg+0x10/0x10
[    1.341842]  ? __kasan_slab_alloc+0x6e/0x70
[    1.342008]  ? __pfx_netlink_sendmsg+0x10/0x10
[    1.342183]  sock_sendmsg+0x13d/0x180
[    1.342329]  ____sys_sendmsg+0x5ce/0x810
[    1.342486]  ? __pfx_____sys_sendmsg+0x10/0x10
[    1.342662]  ? __pfx_copy_msghdr_from_user+0x10/0x10
[    1.342857]  ? __pfx_get_page_from_freelist+0x10/0x10
[    1.343056]  ? __pfx__raw_spin_lock_irqsave+0x10/0x10
[    1.343254]  ___sys_sendmsg+0x100/0x180
[    1.343406]  ? __pfx____sys_sendmsg+0x10/0x10
[    1.343581]  ? __pfx___wake_up_common_lock+0x10/0x10
[    1.343777]  ? _raw_spin_lock+0x80/0xe0
[    1.343930]  ? __pfx___handle_mm_fault+0x10/0x10
[    1.344113]  __sys_sendmsg+0xe6/0x190
[    1.344248]  ? __pfx___sys_sendmsg+0x10/0x10
[    1.344415]  ? do_user_addr_fault+0x22a/0xac0
[    1.344602]  do_syscall_64+0x3b/0x90
[    1.344751]  entry_SYSCALL_64_after_hwframe+0x72/0xdc
[    1.344954] RIP: 0033:0x43b8f0
[    1.345079] Code: ff f7 d8 64 89 02 48 c7 c0 ff ff ff ff eb b7 66 2e 0f 1f 84 00 00 00 00 00 90 80 3d 71 b7 06 00 00 74 17 b8 2e 00 00 00 0f 05 <48> 3d 00 f0 ff ff 77 58 c3 0f 1f 80 00 00 00 00 48 83 ec 28 89 54
[    1.345790] RSP: 002b:00007ffceedf73b8 EFLAGS: 00000202 ORIG_RAX: 000000000000002e
[    1.346083] RAX: ffffffffffffffda RBX: 0000000000000040 RCX: 000000000043b8f0
[    1.346359] RDX: 0000000000000000 RSI: 00007ffceedf73f0 RDI: 0000000000000003
[    1.346636] RBP: 0000000000000000 R08: 0000000000000028 R09: 00000000004a84f0
[    1.346911] R10: 0000000000300100 R11: 0000000000000202 R12: 00007ffceedf7430
[    1.347187] R13: 0000000000000003 R14: 00000000004a84dc R15: 0000000000000000
[    1.347465]  </TASK>
[    1.347556] 
[    1.347621] Allocated by task 60:
[    1.347755]  kasan_save_stack+0x33/0x60
[    1.347907]  kasan_set_track+0x25/0x30
[    1.348056]  __kasan_kmalloc+0x8f/0xa0
[    1.348205]  __kmalloc_node+0x5c/0x160
[    1.348355]  nf_tables_newset+0x1af0/0x3870
[    1.348521]  nfnetlink_rcv_batch+0x129a/0x1fc0
[    1.348697]  nfnetlink_rcv+0x2df/0x360
[    1.348845]  netlink_unicast+0x588/0x7f0
[    1.349000]  netlink_sendmsg+0x7b7/0xc60
[    1.349156]  sock_sendmsg+0x13d/0x180
[    1.349302]  ____sys_sendmsg+0x5ce/0x810
[    1.349459]  ___sys_sendmsg+0x100/0x180
[    1.349612]  __sys_sendmsg+0xe6/0x190
[    1.349758]  do_syscall_64+0x3b/0x90
[    1.349901]  entry_SYSCALL_64_after_hwframe+0x72/0xdc
[    1.350099] 
[    1.350165] Freed by task 60:
[    1.350285]  kasan_save_stack+0x33/0x60
[    1.350439]  kasan_set_track+0x25/0x30
[    1.350588]  kasan_save_free_info+0x2e/0x50
[    1.350754]  __kasan_slab_free+0x10a/0x180
[    1.350915]  __kmem_cache_free+0x7a/0x190
[    1.351075]  nf_tables_rule_release+0x1c9/0x360
[    1.351254]  nf_tables_newrule+0xc08/0x2700
[    1.351418]  nfnetlink_rcv_batch+0x129a/0x1fc0
[    1.351596]  nfnetlink_rcv+0x2df/0x360
[    1.351744]  netlink_unicast+0x588/0x7f0
[    1.351900]  netlink_sendmsg+0x7b7/0xc60
[    1.352055]  sock_sendmsg+0x13d/0x180
[    1.352200]  ____sys_sendmsg+0x5ce/0x810
[    1.352355]  ___sys_sendmsg+0x100/0x180
[    1.352510]  __sys_sendmsg+0xe6/0x190
[    1.352656]  do_syscall_64+0x3b/0x90
[    1.352799]  entry_SYSCALL_64_after_hwframe+0x72/0xdc
[    1.352998] 
[    1.353063] The buggy address belongs to the object at ffff888009e31c00
[    1.353063]  which belongs to the cache kmalloc-512 of size 512
[    1.353562] The buggy address is located 32 bytes inside of
[    1.353562]  freed 512-byte region [ffff888009e31c00, ffff888009e31e00)
[    1.354040] 
[    1.354108] The buggy address belongs to the physical page:
[    1.354334] page:0000000059f62830 refcount:1 mapcount:0 mapping:0000000000000000 index:0x0 pfn:0x9e30
[    1.354705] head:0000000059f62830 order:2 entire_mapcount:0 nr_pages_mapped:0 pincount:0
[    1.355028] flags: 0x100000000010200(slab|head|node=0|zone=1)
[    1.355263] page_type: 0xffffffff()
[    1.355408] raw: 0100000000010200 ffff888006441c80 dead000000000122 0000000000000000
[    1.355711] raw: 0000000000000000 0000000080100010 00000001ffffffff 0000000000000000
[    1.356010] page dumped because: kasan: bad access detected
[    1.356226] 
[    1.356292] Memory state around the buggy address:
[    1.356483]  ffff888009e31b00: fc fc fc fc fc fc fc fc fc fc fc fc fc fc fc fc
[    1.356764]  ffff888009e31b80: fc fc fc fc fc fc fc fc fc fc fc fc fc fc fc fc
[    1.357045] >ffff888009e31c00: fa fb fb fb fb fb fb fb fb fb fb fb fb fb fb fb
[    1.357326]                                ^
[    1.357499]  ffff888009e31c80: fb fb fb fb fb fb fb fb fb fb fb fb fb fb fb fb
[    1.357780]  ffff888009e31d00: fb fb fb fb fb fb fb fb fb fb fb fb fb fb fb fb
[    1.358062] ==================================================================
[    1.358355] Disabling lock debugging due to kernel taint
[    1.358573] general protection fault, probably for non-canonical address 0xe09b7c0ce0000007: 0000 [#1] PREEMPT SMP KASAN NOPTI
[    1.359010] KASAN: maybe wild-memory-access in range [0x04dc006700000038-0x04dc00670000003f]
[    1.359336] CPU: 0 PID: 60 Comm: poc Tainted: G    B              6.4.0-rc4-00246-ga1a64a151dae-dirty #1
[    1.359704] Hardware name: QEMU Standard PC (i440FX + PIIX, 1996), BIOS 1.16.2-debian-1.16.2-1 04/01/2014
[    1.360070] RIP: 0010:nf_tables_deactivate_set+0x19d/0x460
[    1.360285] Code: fc ff df 48 89 fa 48 c1 ea 03 80 3c 02 00 0f 85 9f 02 00 00 48 89 ea 49 89 6c 24 08 48 b8 00 00 00 00 00 fc ff df 48 c1 ea 03 <80> 3c 02 00 0f 85 1e 02 00 00 48 b8 22 01 00 00 00 00 ad de 4c 89
[    1.360995] RSP: 0018:ffffc9000040f2e0 EFLAGS: 00010203
[    1.361201] RAX: dffffc0000000000 RBX: ffff888009c2a800 RCX: 0000000000000003
[    1.361477] RDX: 009b800ce0000007 RSI: ffff888009e31c00 RDI: ffffc9000040f2a8
[    1.361753] RBP: 04dc00670000003c R08: 1ffff11001385504 R09: ffffc9000040f428
[    1.362029] R10: ffff888009c2a800 R11: 0000000000000000 R12: ffff888009c2a600
[    1.362305] R13: ffff888009e31c10 R14: ffffc9000040f428 R15: ffffffff84486140
[    1.362584] FS:  0000000001127380(0000) GS:ffff88806d200000(0000) knlGS:0000000000000000
[    1.362896] CS:  0010 DS: 0000 ES: 0000 CR0: 0000000080050033
[    1.363122] CR2: 00007ffceedf73de CR3: 0000000009cac000 CR4: 0000000000750ef0
[    1.363399] PKRU: 55555554
[    1.363512] Call Trace:
[    1.363613]  <TASK>
[    1.363700]  ? die_addr+0x3b/0xa0
[    1.363836]  ? exc_general_protection+0x150/0x220
[    1.364022]  ? asm_exc_general_protection+0x26/0x30
[    1.364214]  ? nf_tables_deactivate_set+0x19d/0x460
[    1.364407]  nf_tables_rule_release+0xb7/0x360
[    1.364585]  ? nf_tables_newrule+0x8f8/0x2700
[    1.364758]  nf_tables_newrule+0xc08/0x2700
[    1.364923]  ? __pfx_nf_tables_newrule+0x10/0x10
[    1.365106]  ? __pfx___nla_validate_parse+0x10/0x10
[    1.365298]  nfnetlink_rcv_batch+0x129a/0x1fc0
[    1.365477]  ? __pfx_nfnetlink_rcv_batch+0x10/0x10
[    1.365666]  ? _raw_spin_lock_irqsave+0x86/0xe0
[    1.365847]  ? kmalloc_reserve+0xb1/0x1e0
[    1.366006]  ? __alloc_skb+0xd4/0x280
[    1.366151]  ? netlink_sendmsg+0x83a/0xc60
[    1.366314]  ? sock_sendmsg+0x13d/0x180
[    1.366468]  ? ____sys_sendmsg+0x5ce/0x810
[    1.366630]  ? avc_has_perm_noaudit+0x8a/0x130
[    1.366808]  nfnetlink_rcv+0x2df/0x360
[    1.366958]  ? __pfx_nfnetlink_rcv+0x10/0x10
[    1.367127]  ? __kmalloc_node_track_caller+0x5a/0x160
[    1.367327]  netlink_unicast+0x588/0x7f0
[    1.367485]  ? __pfx_netlink_unicast+0x10/0x10
[    1.367662]  netlink_sendmsg+0x7b7/0xc60
[    1.367817]  ? __pfx_netlink_sendmsg+0x10/0x10
[    1.367993]  ? __kasan_slab_alloc+0x6e/0x70
[    1.368159]  ? __pfx_netlink_sendmsg+0x10/0x10
[    1.368335]  sock_sendmsg+0x13d/0x180
[    1.368484]  ____sys_sendmsg+0x5ce/0x810
[    1.368639]  ? __pfx_____sys_sendmsg+0x10/0x10
[    1.368815]  ? __pfx_copy_msghdr_from_user+0x10/0x10
[    1.369010]  ? __pfx_get_page_from_freelist+0x10/0x10
[    1.369208]  ? __pfx__raw_spin_lock_irqsave+0x10/0x10
[    1.369407]  ___sys_sendmsg+0x100/0x180
[    1.369561]  ? __pfx____sys_sendmsg+0x10/0x10
[    1.369734]  ? __pfx___wake_up_common_lock+0x10/0x10
[    1.369930]  ? _raw_spin_lock+0x80/0xe0
[    1.370083]  ? __pfx___handle_mm_fault+0x10/0x10
[    1.370266]  __sys_sendmsg+0xe6/0x190
[    1.370412]  ? __pfx___sys_sendmsg+0x10/0x10
[    1.370585]  ? do_user_addr_fault+0x22a/0xac0
[    1.370758]  do_syscall_64+0x3b/0x90
[    1.370901]  entry_SYSCALL_64_after_hwframe+0x72/0xdc
[    1.371100] RIP: 0033:0x43b8f0
[    1.371224] Code: ff f7 d8 64 89 02 48 c7 c0 ff ff ff ff eb b7 66 2e 0f 1f 84 00 00 00 00 00 90 80 3d 71 b7 06 00 00 74 17 b8 2e 00 00 00 0f 05 <48> 3d 00 f0 ff ff 77 58 c3 0f 1f 80 00 00 00 00 48 83 ec 28 89 54
[    1.371934] RSP: 002b:00007ffceedf73b8 EFLAGS: 00000202 ORIG_RAX: 000000000000002e
[    1.372226] RAX: ffffffffffffffda RBX: 0000000000000040 RCX: 000000000043b8f0
[    1.372505] RDX: 0000000000000000 RSI: 00007ffceedf73f0 RDI: 0000000000000003
[    1.372781] RBP: 0000000000000000 R08: 0000000000000028 R09: 00000000004a84f0
[    1.373057] R10: 0000000000300100 R11: 0000000000000202 R12: 00007ffceedf7430
[    1.373334] R13: 0000000000000003 R14: 00000000004a84dc R15: 0000000000000000
[    1.373612]  </TASK>
[    1.373703] Modules linked in:
[    1.373844] ---[ end trace 0000000000000000 ]---
[    1.374027] RIP: 0010:nf_tables_deactivate_set+0x19d/0x460
[    1.374242] Code: fc ff df 48 89 fa 48 c1 ea 03 80 3c 02 00 0f 85 9f 02 00 00 48 89 ea 49 89 6c 24 08 48 b8 00 00 00 00 00 fc ff df 48 c1 ea 03 <80> 3c 02 00 0f 85 1e 02 00 00 48 b8 22 01 00 00 00 00 ad de 4c 89
[    1.374958] RSP: 0018:ffffc9000040f2e0 EFLAGS: 00010203
[    1.375163] RAX: dffffc0000000000 RBX: ffff888009c2a800 RCX: 0000000000000003
[    1.375444] RDX: 009b800ce0000007 RSI: ffff888009e31c00 RDI: ffffc9000040f2a8
[    1.375721] RBP: 04dc00670000003c R08: 1ffff11001385504 R09: ffffc9000040f428
[    1.375998] R10: ffff888009c2a800 R11: 0000000000000000 R12: ffff888009c2a600
[    1.376275] R13: ffff888009e31c10 R14: ffffc9000040f428 R15: ffffffff84486140
[    1.376556] FS:  0000000001127380(0000) GS:ffff88806d200000(0000) knlGS:0000000000000000
[    1.376868] CS:  0010 DS: 0000 ES: 0000 CR0: 0000000080050033
[    1.377095] CR2: 00007ffceedf73de CR3: 0000000009cac000 CR4: 0000000000750ef0
[    1.377385] PKRU: 55555554
[    1.377497] Kernel panic - not syncing: Fatal exception
[    1.377747] Kernel Offset: disabled
CONFIRMED: KASAN_UAF
