bash: warning: setlocale: LC_ALL: cannot change locale (en_US.UTF-8)
c[?7l[2J[0mSeaBIOS (version 1.16.2-debian-1.16.2-1)


iPXE (http://ipxe.org) 00:03.0 CA00 PCI2.10 PnP PMM+7EFCEF00+7EF0EF00 CA00
Press Ctrl-B to configure iPXE (PCI 00:03.0)...                                                                               


Booting from ROM...
c[?7l[2J[    0.000000] Linux version 6.4.0-rc4-00248-gaf95b37eeb2d-dirty (root@buildkitsandbox) (gcc (Debian 12.2.0-14+deb12u1) 12.2.0, GNU ld (GNU Binutils for Debian) 2.40) #2 SMP PREEMPT_DYNAMIC Tue May  5 09:54:29 UTC 2026
[    0.000000] Command line: console=ttyS0 oops=panic nokaslr rdinit=/init
[    0.000000] x86/fpu: Supporting XSAVE feature 0x001: 'x87 floating point registers'
[    0.000000] x86/fpu: Supporting XSAVE feature 0x002: 'SSE registers'
[    0.000000] x86/fpu: Supporting XSAVE feature 0x004: 'AVX registers'
[    0.000000] x86/fpu: Supporting XSAVE feature 0x200: 'Protection Keys User registers'
[    0.000000] x86/fpu: xstate_offset[2]:  576, xstate_sizes[2]:  256
[    0.000000] x86/fpu: xstate_offset[9]:  832, xstate_sizes[9]:    8
[    0.000000] x86/fpu: Enabled xstate features 0x207, context size is 840 bytes, using 'compacted' format.
[    0.000000] signal: max sigframe size: 3632
[    0.000000] BIOS-provided physical RAM map:
[    0.000000] BIOS-e820: [mem 0x0000000000000000-0x000000000009fbff] usable
[    0.000000] BIOS-e820: [mem 0x000000000009fc00-0x000000000009ffff] reserved
[    0.000000] BIOS-e820: [mem 0x00000000000f0000-0x00000000000fffff] reserved
[    0.000000] BIOS-e820: [mem 0x0000000000100000-0x000000007ffdffff] usable
[    0.000000] BIOS-e820: [mem 0x000000007ffe0000-0x000000007fffffff] reserved
[    0.000000] BIOS-e820: [mem 0x00000000feffc000-0x00000000feffffff] reserved
[    0.000000] BIOS-e820: [mem 0x00000000fffc0000-0x00000000ffffffff] reserved
[    0.000000] NX (Execute Disable) protection: active
[    0.000000] SMBIOS 2.8 present.
[    0.000000] DMI: QEMU Standard PC (i440FX + PIIX, 1996), BIOS 1.16.2-debian-1.16.2-1 04/01/2014
[    0.000000] Hypervisor detected: KVM
[    0.000000] kvm-clock: Using msrs 4b564d01 and 4b564d00
[    0.000002] kvm-clock: using sched offset of 1427249626 cycles
[    0.000006] clocksource: kvm-clock: mask: 0xffffffffffffffff max_cycles: 0x1cd42e4dffb, max_idle_ns: 881590591483 ns
[    0.000013] tsc: Detected 3187.200 MHz processor
[    0.001254] last_pfn = 0x7ffe0 max_arch_pfn = 0x400000000
[    0.001323] x86/PAT: Configuration [0-7]: WB  WC  UC- UC  WB  WP  UC- WT  
[    0.006116] found SMP MP-table at [mem 0x000f5ba0-0x000f5baf]
[    0.006162] Using GB pages for direct mapping
[    0.006164] Incomplete global flushes, disabling PCID
[    0.007133] RAMDISK: [mem 0x7fe92000-0x7ffdffff]
[    0.007156] ACPI: Early table checksum verification disabled
[    0.007161] ACPI: RSDP 0x00000000000F59D0 000014 (v00 BOCHS )
[    0.007170] ACPI: RSDT 0x000000007FFE1B33 000034 (v01 BOCHS  BXPC     00000001 BXPC 00000001)
[    0.007180] ACPI: FACP 0x000000007FFE19DF 000074 (v01 BOCHS  BXPC     00000001 BXPC 00000001)
[    0.007189] ACPI: DSDT 0x000000007FFE0040 00199F (v01 BOCHS  BXPC     00000001 BXPC 00000001)
[    0.007195] ACPI: FACS 0x000000007FFE0000 000040
[    0.007199] ACPI: APIC 0x000000007FFE1A53 000080 (v01 BOCHS  BXPC     00000001 BXPC 00000001)
[    0.007203] ACPI: HPET 0x000000007FFE1AD3 000038 (v01 BOCHS  BXPC     00000001 BXPC 00000001)
[    0.007208] ACPI: WAET 0x000000007FFE1B0B 000028 (v01 BOCHS  BXPC     00000001 BXPC 00000001)
[    0.007213] ACPI: Reserving FACP table memory at [mem 0x7ffe19df-0x7ffe1a52]
[    0.007215] ACPI: Reserving DSDT table memory at [mem 0x7ffe0040-0x7ffe19de]
[    0.007218] ACPI: Reserving FACS table memory at [mem 0x7ffe0000-0x7ffe003f]
[    0.007220] ACPI: Reserving APIC table memory at [mem 0x7ffe1a53-0x7ffe1ad2]
[    0.007221] ACPI: Reserving HPET table memory at [mem 0x7ffe1ad3-0x7ffe1b0a]
[    0.007223] ACPI: Reserving WAET table memory at [mem 0x7ffe1b0b-0x7ffe1b32]
[    0.007695] No NUMA configuration found
[    0.007697] Faking a node at [mem 0x0000000000000000-0x000000007ffdffff]
[    0.007704] NODE_DATA(0) allocated [mem 0x7fe8e000-0x7fe91fff]
[    0.007734] Zone ranges:
[    0.007735]   DMA      [mem 0x0000000000001000-0x0000000000ffffff]
[    0.007739]   DMA32    [mem 0x0000000001000000-0x000000007ffdffff]
[    0.007742]   Normal   empty
[    0.007743] Movable zone start for each node
[    0.007744] Early memory node ranges
[    0.007745]   node   0: [mem 0x0000000000001000-0x000000000009efff]
[    0.007747]   node   0: [mem 0x0000000000100000-0x000000007ffdffff]
[    0.007751] Initmem setup node 0 [mem 0x0000000000001000-0x000000007ffdffff]
[    0.034152] On node 0, zone DMA: 1 pages in unavailable ranges
[    0.034239] On node 0, zone DMA: 97 pages in unavailable ranges
[    0.164130] On node 0, zone DMA32: 32 pages in unavailable ranges
[    2.781768] kasan: KernelAddressSanitizer initialized
[    2.782092] ACPI: PM-Timer IO Port: 0x608
[    2.782103] ACPI: LAPIC_NMI (acpi_id[0xff] dfl dfl lint[0x1])
[    2.782146] IOAPIC[0]: apic_id 0, version 17, address 0xfec00000, GSI 0-23
[    2.782150] ACPI: INT_SRC_OVR (bus 0 bus_irq 0 global_irq 2 dfl dfl)
[    2.782153] ACPI: INT_SRC_OVR (bus 0 bus_irq 5 global_irq 5 high level)
[    2.782154] ACPI: INT_SRC_OVR (bus 0 bus_irq 9 global_irq 9 high level)
[    2.782155] ACPI: INT_SRC_OVR (bus 0 bus_irq 10 global_irq 10 high level)
[    2.782157] ACPI: INT_SRC_OVR (bus 0 bus_irq 11 global_irq 11 high level)
[    2.782160] ACPI: Using ACPI (MADT) for SMP configuration information
[    2.782162] ACPI: HPET id: 0x8086a201 base: 0xfed00000
[    2.782165] TSC deadline timer available
[    2.782167] smpboot: Allowing 2 CPUs, 0 hotplug CPUs
[    2.782196] kvm-guest: KVM setup pv remote TLB flush
[    2.782200] kvm-guest: setup PV sched yield
[    2.782208] PM: hibernation: Registered nosave memory: [mem 0x00000000-0x00000fff]
[    2.782210] PM: hibernation: Registered nosave memory: [mem 0x0009f000-0x0009ffff]
[    2.782211] PM: hibernation: Registered nosave memory: [mem 0x000a0000-0x000effff]
[    2.782212] PM: hibernation: Registered nosave memory: [mem 0x000f0000-0x000fffff]
[    2.782214] [mem 0x80000000-0xfeffbfff] available for PCI devices
[    2.782216] Booting paravirtualized kernel on KVM
[    2.782219] clocksource: refined-jiffies: mask: 0xffffffff max_cycles: 0xffffffff, max_idle_ns: 1910969940391419 ns
[    2.792020] setup_percpu: NR_CPUS:64 nr_cpumask_bits:2 nr_cpu_ids:2 nr_node_ids:1
[    2.844780] percpu: Embedded 66 pages/cpu s232488 r8192 d29656 u1048576
[    2.844854] Kernel command line: console=ttyS0 oops=panic nokaslr rdinit=/init
[    2.844934] random: crng init done
[    2.963735] Dentry cache hash table entries: 262144 (order: 9, 2097152 bytes, linear)
[    3.011271] Inode-cache hash table entries: 131072 (order: 8, 1048576 bytes, linear)
[    3.011395] Fallback order for Node 0: 0 
[    3.011400] Built 1 zonelists, mobility grouping on.  Total pages: 515808
[    3.011402] Policy zone: DMA32
[    3.011404] mem auto-init: stack:all(zero), heap alloc:off, heap free:off
[    3.011406] stackdepot: allocating hash table via alloc_large_system_hash
[    3.177081] stackdepot hash table entries: 1048576 (order: 11, 8388608 bytes, linear)
[    3.235790] Memory: 1692960K/2096632K available (49152K kernel code, 7932K rwdata, 10056K rodata, 5608K init, 3012K bss, 403416K reserved, 0K cma-reserved)
[    3.235983] SLUB: HWalign=64, Order=0-3, MinObjects=0, CPUs=2, Nodes=1
[    3.237372] Dynamic Preempt: voluntary
[    3.247518] rcu: Preemptible hierarchical RCU implementation.
[    3.247525] rcu: 	RCU event tracing is enabled.
[    3.247526] rcu: 	RCU restricting CPUs from NR_CPUS=64 to nr_cpu_ids=2.
[    3.247530] 	Trampoline variant of Tasks RCU enabled.
[    3.247532] rcu: RCU calculated value of scheduler-enlistment delay is 100 jiffies.
[    3.247533] rcu: Adjusting geometry for rcu_fanout_leaf=16, nr_cpu_ids=2
[    3.257330] NR_IRQS: 4352, nr_irqs: 440, preallocated irqs: 16
[    3.257599] rcu: srcu_init: Setting srcu_struct sizes based on contention.
[    3.264819] Console: colour VGA+ 80x25
[    3.264900] printk: console [ttyS0] enabled
[    3.486293] ACPI: Core revision 20230331
[    3.487614] clocksource: hpet: mask: 0xffffffff max_cycles: 0xffffffff, max_idle_ns: 19112604467 ns
[    3.490731] APIC: Switch to symmetric I/O mode setup
[    3.492081] kvm-guest: setup PV IPIs
[    3.494003] ..TIMER: vector=0x30 apic1=0 pin1=2 apic2=-1 pin2=-1
[    3.496005] clocksource: tsc-early: mask: 0xffffffffffffffff max_cycles: 0x2df10e7656b, max_idle_ns: 440795364873 ns
[    3.499091] Calibrating delay loop (skipped) preset value.. 6374.40 BogoMIPS (lpj=3187200)
[    3.500093] pid_max: default: 32768 minimum: 301
[    3.501208] LSM: initializing lsm=capability,selinux,integrity
[    3.502137] SELinux:  Initializing.
[    3.503245] Mount-cache hash table entries: 4096 (order: 3, 32768 bytes, linear)
[    3.504109] Mountpoint-cache hash table entries: 4096 (order: 3, 32768 bytes, linear)
[    3.507180] x86/cpu: User Mode Instruction Prevention (UMIP) activated
[    3.508232] Last level iTLB entries: 4KB 0, 2MB 0, 4MB 0
[    3.509091] Last level dTLB entries: 4KB 0, 2MB 0, 4MB 0, 1GB 0
[    3.510107] Spectre V1 : Mitigation: usercopy/swapgs barriers and __user pointer sanitization
[    3.512097] Spectre V2 : Mitigation: Enhanced / Automatic IBRS
[    3.514086] Spectre V2 : Spectre v2 / SpectreRSB mitigation: Filling RSB on context switch
[    3.515087] Spectre V2 : Spectre v2 / PBRSB-eIBRS: Retire a single CALL on VMEXIT
[    3.516106] Spectre V2 : mitigation: Enabling conditional Indirect Branch Prediction Barrier
[    3.517092] Speculative Store Bypass: Mitigation: Speculative Store Bypass disabled via prctl
[    3.518093] MMIO Stale Data: Unknown: No mitigations
[    3.543789] Freeing SMP alternatives memory: 44K
[    3.544473] smpboot: CPU0: Intel(R) Core(TM) i9-14900K (family: 0x6, model: 0xb7, stepping: 0x1)
[    3.546383] cblist_init_generic: Setting adjustable number of callback queues.
[    3.547094] cblist_init_generic: Setting shift to 1 and lim to 1.
[    3.548279] Performance Events: unsupported p6 CPU model 183 no PMU driver, software events only.
[    3.549325] rcu: Hierarchical SRCU implementation.
[    3.550093] rcu: 	Max phase no-delay instances is 400.
[    3.553370] smp: Bringing up secondary CPUs ...
[    3.555297] x86: Booting SMP configuration:
[    3.556091] .... node  #0, CPUs:      #1
[    3.557133] smp: Brought up 1 node, 2 CPUs
[    3.559091] smpboot: Max logical packages: 1
[    3.560089] smpboot: Total of 2 processors activated (12748.80 BogoMIPS)
[    3.563087] devtmpfs: initialized
[    3.572240] clocksource: jiffies: mask: 0xffffffff max_cycles: 0xffffffff, max_idle_ns: 1911260446275000 ns
[    3.573109] futex hash table entries: 512 (order: 3, 32768 bytes, linear)
[    3.574446] PM: RTC time: 09:58:31, date: 2026-05-05
[    3.576232] NET: Registered PF_NETLINK/PF_ROUTE protocol family
[    3.578163] audit: initializing netlink subsys (disabled)
[    3.579322] audit: type=2000 audit(1777975111.545:1): state=initialized audit_enabled=0 res=1
[    3.581280] thermal_sys: Registered thermal governor 'step_wise'
[    3.582091] thermal_sys: Registered thermal governor 'user_space'
[    3.583170] cpuidle: using governor menu
[    3.586428] PCI: Using configuration type 1 for base access
[    3.588293] kprobes: kprobe jump-optimization is enabled. All kprobes are optimized if possible.
[    3.596376] HugeTLB: registered 2.00 MiB page size, pre-allocated 0 pages
[    3.603098] HugeTLB: 28 KiB vmemmap can be freed for a 2.00 MiB page
[    3.616472] ACPI: Added _OSI(Module Device)
[    3.619108] ACPI: Added _OSI(Processor Device)
[    3.622099] ACPI: Added _OSI(3.0 _SCP Extensions)
[    3.627116] ACPI: Added _OSI(Processor Aggregator Device)
[    3.672224] ACPI: 1 ACPI AML tables successfully acquired and loaded
[    3.863368] ACPI: Interpreter enabled
[    3.864168] ACPI: PM: (supports S0 S3 S4 S5)
[    3.865088] ACPI: Using IOAPIC for interrupt routing
[    3.866194] PCI: Using host bridge windows from ACPI; if necessary, use "pci=nocrs" and report a bug
[    3.867090] PCI: Using E820 reservations for host bridge windows
[    3.869346] ACPI: Enabled 2 GPEs in block 00 to 0F
[    3.920260] ACPI: PCI Root Bridge [PCI0] (domain 0000 [bus 00-ff])
[    3.921143] acpi PNP0A03:00: _OSC: OS supports [ASPM ClockPM Segments MSI HPX-Type3]
[    3.922098] acpi PNP0A03:00: _OSC: not requesting OS control; OS requires [ExtendedConfig ASPM ClockPM MSI]
[    3.923245] acpi PNP0A03:00: fail to add MMCONFIG information, can't access extended configuration space under this bridge
[    3.925172] PCI host bridge to bus 0000:00
[    3.926109] pci_bus 0000:00: root bus resource [io  0x0000-0x0cf7 window]
[    3.927109] pci_bus 0000:00: root bus resource [io  0x0d00-0xffff window]
[    3.928110] pci_bus 0000:00: root bus resource [mem 0x000a0000-0x000bffff window]
[    3.929102] pci_bus 0000:00: root bus resource [mem 0x80000000-0xfebfffff window]
[    3.930108] pci_bus 0000:00: root bus resource [mem 0x100000000-0x17fffffff window]
[    3.931111] pci_bus 0000:00: root bus resource [bus 00-ff]
[    3.932293] pci 0000:00:00.0: [8086:1237] type 00 class 0x060000
[    3.953441] pci 0000:00:01.0: [8086:7000] type 00 class 0x060100
[    3.977086] pci 0000:00:01.1: [8086:7010] type 00 class 0x010180
[    3.983373] pci 0000:00:01.1: reg 0x20: [io  0xc040-0xc04f]
[    3.986418] pci 0000:00:01.1: legacy IDE quirk: reg 0x10: [io  0x01f0-0x01f7]
[    3.987094] pci 0000:00:01.1: legacy IDE quirk: reg 0x14: [io  0x03f6]
[    3.988104] pci 0000:00:01.1: legacy IDE quirk: reg 0x18: [io  0x0170-0x0177]
[    3.989099] pci 0000:00:01.1: legacy IDE quirk: reg 0x1c: [io  0x0376]
[    3.991253] pci 0000:00:01.3: [8086:7113] type 00 class 0x068000
[    3.994218] pci 0000:00:01.3: quirk: [io  0x0600-0x063f] claimed by PIIX4 ACPI
[    3.995122] pci 0000:00:01.3: quirk: [io  0x0700-0x070f] claimed by PIIX4 SMB
[    3.997365] pci 0000:00:02.0: [1234:1111] type 00 class 0x030000
[    4.000118] pci 0000:00:02.0: reg 0x10: [mem 0xfd000000-0xfdffffff pref]
[    4.005114] pci 0000:00:02.0: reg 0x18: [mem 0xfebf0000-0xfebf0fff]
[    4.014470] pci 0000:00:02.0: reg 0x30: [mem 0xfebe0000-0xfebeffff pref]
[    4.016365] pci 0000:00:02.0: Video device with shadowed ROM at [mem 0x000c0000-0x000dffff]
[    4.045140] pci 0000:00:03.0: [8086:100e] type 00 class 0x020000
[    4.048092] pci 0000:00:03.0: reg 0x10: [mem 0xfebc0000-0xfebdffff]
[    4.051092] pci 0000:00:03.0: reg 0x14: [io  0xc000-0xc03f]
[    4.061465] pci 0000:00:03.0: reg 0x30: [mem 0xfeb80000-0xfebbffff pref]
[    4.096253] ACPI: PCI: Interrupt link LNKA configured for IRQ 10
[    4.100113] ACPI: PCI: Interrupt link LNKB configured for IRQ 10
[    4.103436] ACPI: PCI: Interrupt link LNKC configured for IRQ 11
[    4.106354] ACPI: PCI: Interrupt link LNKD configured for IRQ 11
[    4.108225] ACPI: PCI: Interrupt link LNKS configured for IRQ 9
[    4.117454] iommu: Default domain type: Translated 
[    4.119093] iommu: DMA domain TLB invalidation policy: lazy mode 
[    4.122135] SCSI subsystem initialized
[    4.123571] ACPI: bus type USB registered
[    4.129320] usbcore: registered new interface driver usbfs
[    4.135200] usbcore: registered new interface driver hub
[    4.140245] usbcore: registered new device driver usb
[    4.145343] pps_core: LinuxPPS API ver. 1 registered
[    4.153094] pps_core: Software ver. 5.3.6 - Copyright 2005-2007 Rodolfo Giometti <giometti@linux.it>
[    4.160243] PTP clock support registered
[    4.166294] Advanced Linux Sound Architecture Driver Initialized.
[    4.170412] NetLabel: Initializing
[    4.171091] NetLabel:  domain hash size = 128
[    4.172091] NetLabel:  protocols = UNLABELED CIPSOv4 CALIPSO
[    4.173347] NetLabel:  unlabeled traffic allowed by default
[    4.175153] PCI: Using ACPI for IRQ routing
[    4.177142] pci 0000:00:02.0: vgaarb: setting as boot VGA device
[    4.178081] pci 0000:00:02.0: vgaarb: bridge control possible
[    4.178081] pci 0000:00:02.0: vgaarb: VGA device added: decodes=io+mem,owns=io+mem,locks=none
[    4.178094] vgaarb: loaded
[    4.180169] hpet0: at MMIO 0xfed00000, IRQs 2, 8, 0
[    4.181106] hpet0: 3 comparators, 64-bit 100.000000 MHz counter
[    4.185318] clocksource: Switched to clocksource kvm-clock
[    4.461361] VFS: Disk quotas dquot_6.6.0
[    4.463156] VFS: Dquot-cache hash table entries: 512 (order 0, 4096 bytes)
[    4.466272] pnp: PnP ACPI init
[    4.470147] pnp: PnP ACPI: found 6 devices
[    4.501837] clocksource: acpi_pm: mask: 0xffffff max_cycles: 0xffffff, max_idle_ns: 2085701024 ns
[    4.502737] kwatchdog (33) used greatest stack depth: 30952 bytes left
[    4.505423] NET: Registered PF_INET protocol family
[    4.508966] IP idents hash table entries: 32768 (order: 6, 262144 bytes, linear)
[    4.513151] tcp_listen_portaddr_hash hash table entries: 1024 (order: 2, 16384 bytes, linear)
[    4.515680] Table-perturb hash table entries: 65536 (order: 6, 262144 bytes, linear)
[    4.518934] TCP established hash table entries: 16384 (order: 5, 131072 bytes, linear)
[    4.521547] TCP bind hash table entries: 16384 (order: 7, 524288 bytes, linear)
[    4.524866] TCP: Hash tables configured (established 16384 bind 16384)
[    4.527823] UDP hash table entries: 1024 (order: 3, 32768 bytes, linear)
[    4.529903] UDP-Lite hash table entries: 1024 (order: 3, 32768 bytes, linear)
[    4.533141] NET: Registered PF_UNIX/PF_LOCAL protocol family
[    4.555824] RPC: Registered named UNIX socket transport module.
[    4.558349] RPC: Registered udp transport module.
[    4.559679] RPC: Registered tcp transport module.
[    4.561387] RPC: Registered tcp NFSv4.1 backchannel transport module.
[    4.565147] pci_bus 0000:00: resource 4 [io  0x0000-0x0cf7 window]
[    4.566663] pci_bus 0000:00: resource 5 [io  0x0d00-0xffff window]
[    4.568925] pci_bus 0000:00: resource 6 [mem 0x000a0000-0x000bffff window]
[    4.571730] pci_bus 0000:00: resource 7 [mem 0x80000000-0xfebfffff window]
[    4.573802] pci_bus 0000:00: resource 8 [mem 0x100000000-0x17fffffff window]
[    4.576800] pci 0000:00:01.0: PIIX3: Enabling Passive Release
[    4.579149] pci 0000:00:00.0: Limiting direct PCI/PCI transfers
[    4.581689] PCI: CLS 0 bytes, default 64
[    4.583799] Unpacking initramfs...
[    4.586679] RAPL PMU: API unit is 2^-32 Joules, 0 fixed counters, 10737418240 ms ovfl timer
[    4.588808] clocksource: tsc: mask: 0xffffffffffffffff max_cycles: 0x2df10e7656b, max_idle_ns: 440795364873 ns
[    4.595739] Initialise system trusted keyrings
[    4.597859] workingset: timestamp_bits=56 max_order=19 bucket_order=0
[    4.600955] NFS: Registering the id_resolver key type
[    4.603058] Key type id_resolver registered
[    4.604384] Key type id_legacy registered
[    4.605761] 9p: Installing v9fs 9p2000 file system support
[    4.612998] Key type asymmetric registered
[    4.614747] Asymmetric key parser 'x509' registered
[    4.634923] Block layer SCSI generic (bsg) driver version 0.4 loaded (major 251)
[    4.638081] io scheduler mq-deadline registered
[    4.639487] io scheduler kyber registered
[    4.645887] input: Power Button as /devices/LNXSYSTM:00/LNXPWRBN:00/input/input0
[    4.646839] Freeing initrd memory: 1336K
[    4.649191] ACPI: button: Power Button [PWRF]
[    4.652828] Serial: 8250/16550 driver, 4 ports, IRQ sharing enabled
[    4.655694] 00:04: ttyS0 at I/O 0x3f8 (irq = 4, base_baud = 115200) is a 16550A
[    4.660925] Non-volatile memory driver v1.3
[    4.662612] Linux agpgart interface v0.103
[    4.664049] ACPI: bus type drm_connector registered
[    4.688850] loop: module loaded
[    4.693580] scsi host0: ata_piix
[    4.695660] scsi host1: ata_piix
[    4.697283] ata1: PATA max MWDMA2 cmd 0x1f0 ctl 0x3f6 bmdma 0xc040 irq 14
[    4.699379] ata2: PATA max MWDMA2 cmd 0x170 ctl 0x376 bmdma 0xc048 irq 15
[    4.703657] e100: Intel(R) PRO/100 Network Driver
[    4.705327] e100: Copyright(c) 1999-2006 Intel Corporation
[    4.707110] e1000: Intel(R) PRO/1000 Network Driver
[    4.709119] e1000: Copyright (c) 1999-2006 Intel Corporation.
[    4.855293] ata2: found unknown device (class 0)
[    4.858026] ata2.00: ATAPI: QEMU DVD-ROM, 2.5+, max UDMA/100
[    4.862052] scsi 1:0:0:0: CD-ROM            QEMU     QEMU DVD-ROM     2.5+ PQ: 0 ANSI: 5
[    4.889450] sr 1:0:0:0: [sr0] scsi3-mmc drive: 4x/4x cd/rw xa/form2 tray
[    4.891628] cdrom: Uniform CD-ROM driver Revision: 3.20
[    4.913096] sr 1:0:0:0: Attached scsi generic sg0 type 5
[    5.580992] ACPI: \_SB_.LNKC: Enabled at IRQ 11
[    5.937595] e1000 0000:00:03.0 eth0: (PCI:33MHz:32-bit) 52:54:00:12:34:56
[    5.940021] e1000 0000:00:03.0 eth0: Intel(R) PRO/1000 Network Connection
[    5.942457] e1000e: Intel(R) PRO/1000 Network Driver
[    5.943582] e1000e: Copyright(c) 1999 - 2015 Intel Corporation.
[    5.945365] sky2: driver version 1.30
[    5.947503] usbcore: registered new interface driver usblp
[    5.949452] usbcore: registered new interface driver usb-storage
[    5.951702] i8042: PNP: PS/2 Controller [PNP0303:KBD,PNP0f13:MOU] at 0x60,0x64 irq 1,12
[    5.955354] serio: i8042 KBD port at 0x60,0x64 irq 1
[    5.957095] serio: i8042 AUX port at 0x60,0x64 irq 12
[    5.959787] rtc_cmos 00:05: RTC can wake from S4
[    5.961604] input: AT Translated Set 2 keyboard as /devices/platform/i8042/serio0/input/input1
[    5.963124] rtc_cmos 00:05: registered as rtc0
[    5.965294] rtc_cmos 00:05: alarms up to one day, y3k, 242 bytes nvram, hpet irqs
[    5.968859] device-mapper: ioctl: 4.48.0-ioctl (2023-03-01) initialised: dm-devel@redhat.com
[    5.971769] intel_pstate: CPU model not supported
[    5.972802] hid: raw HID events driver (C) Jiri Kosina
[    5.975083] usbcore: registered new interface driver usbhid
[    5.976838] usbhid: USB HID core driver
[    6.009833] Initializing XFRM netlink socket
[    6.011431] NET: Registered PF_INET6 protocol family
[    6.016765] Segment Routing with IPv6
[    6.017886] In-situ OAM (IOAM) with IPv6
[    6.018734] sit: IPv6, IPv4 and MPLS over IPv4 tunneling driver
[    6.020629] NET: Registered PF_PACKET protocol family
[    6.022688] 9pnet: Installing 9P2000 support
[    6.024213] Key type dns_resolver registered
[    6.026254] IPI shorthand broadcast: enabled
[    6.077808] sched_clock: Marking stable (5840003418, 237468063)->(5999146859, 78324622)
[    6.081188] registered taskstats version 1
[    6.081954] Loading compiled-in X.509 certificates
[    6.104700] PM:   Magic number: 10:763:979
[    6.106326] printk: console [netcon0] enabled
[    6.108197] netconsole: network logging started
[    6.110062] cfg80211: Loading compiled-in X.509 certificates for regulatory database
[    6.113241] kworker/u4:1 (51) used greatest stack depth: 29472 bytes left
[    6.116034] Loaded X.509 cert 'sforshee: 00b28ddf47aef9cea7'
[    6.117194] ALSA device list:
[    6.118170]   No soundcards found.
[    6.121402] Freeing unused kernel image (initmem) memory: 5608K
[    6.122652] platform regulatory.0: Direct firmware load for regulatory.db failed with error -2
[    6.124569] cfg80211: failed to load regulatory.db
[    6.131553] Write protecting the kernel read-only data: 59392k
[    6.132953] Freeing unused kernel image (rodata/data gap) memory: 184K
[    6.147939] x86/mm: Checked W+X mappings: passed, no W+X pages found.
[    6.149835] Run /init as init process
[    6.154266] mount (55) used greatest stack depth: 28712 bytes left

secb: rootfs ready
---- poc begin ----
poc: userns+netns ready
poc:   err type=2566 err=-22 (Invalid argument)
poc:   err type=2566 err=-2 (No such file or directory)
poc:   err type=2566 err=-2 (No such file or directory)
poc: batch: sent (oks=3 errs=3)
poc:   err type=2562 err=-2 (No such file or directory)
poc: del: sent (oks=0 errs=1)
poc:   err type=2566 err=-22 (Invalid argument)
poc:   err type=2566 err=-2 (No such file or directory)
poc:   err type=2566 err=-2 (No such file or directory)
poc: batch: sent (oks=3 errs=3)
poc:   err type=2562 err=-2 (No such file or directory)
poc: del: sent (oks=0 errs=1)
poc:   err type=2566 err=-22 (Invalid argument)
poc:   err type=2566 err=-2 (No such file or directory)
poc:   err type=2566 err=-2 (No such file or directory)
poc: batch: sent (oks=3 errs=3)
poc:   err type=2562 err=-2 (No such file or directory)
poc: del: sent (oks=0 errs=1)
poc:   err type=2566 err=-22 (Invalid argument)
poc:   err type=2566 err=-2 (No such file or directory)
poc:   err type=2566 err=-2 (No such file or directory)
poc: batch: sent (oks=3 errs=3)
poc:   err type=2562 err=-2 (No such file or directory)
poc: del: sent (oks=0 errs=1)
poc:   err type=2566 err=-22 (Invalid argument)
poc:   err type=2566 err=-2 (No such file or directory)
poc:   err type=2566 err=-2 (No such file or directory)
poc: batch: sent (oks=3 errs=3)
poc:   err type=2562 err=-2 (No such file or directory)
poc: del: sent (oks=0 errs=1)
poc:   err type=2566 err=-22 (Invalid argument)
poc:   err type=2566 err=-2 (No such file or directory)
poc:   err type=2566 err=-2 (No such file or directory)
poc: batch: sent (oks=3 errs=3)
poc:   err type=2562 err=-2 (No such file or directory)
poc: del: sent (oks=0 errs=1)
poc:   err type=2566 err=-22 (Invalid argument)
poc:   err type=2566 err=-2 (No such file or directory)
poc:   err type=2566 err=-2 (No such file or directory)
poc: batch: sent (oks=3 errs=3)
poc:   err type=2562 err=-2 (No such file or directory)
poc: del: sent (oks=0 errs=1)
poc:   err type=2566 err=-22 (Invalid argument)
poc:   err type=2566 err=-2 (No such file or directory)
poc:   err type=2566 err=-2 (No such file or directory)
poc: batch: sent (oks=3 errs=3)
poc:   err type=2562 err=-2 (No such file or directory)
poc: del: sent (oks=0 errs=1)
poc:   err type=2566 err=-22 (Invalid argument)
poc:   err type=2566 err=-2 (No such file or directory)
poc:   err type=2566 err=-2 (No such file or directory)
poc: batch: sent (oks=3 errs=3)
poc:   err type=2562 err=-2 (No such file or directory)
poc: del: sent (oks=0 errs=1)
poc:   err type=2566 err=-22 (Invalid argument)
poc:   err type=2566 err=-2 (No such file or directory)
poc:   err type=2566 err=-2 (No such file or directory)
poc: batch: sent (oks=3 errs=3)
poc:   err type=2562 err=-2 (No such file or directory)
poc: del: sent (oks=0 errs=1)
poc:   err type=2566 err=-22 (Invalid argument)
poc:   err type=2566 err=-2 (No such file or directory)
poc:   err type=2566 err=-2 (No such file or directory)
poc: batch: sent (oks=3 errs=3)
poc:   err type=2562 err=-2 (No such file or directory)
poc: del: sent (oks=0 errs=1)
poc:   err type=2566 err=-22 (Invalid argument)
poc:   err type=2566 err=-2 (No such file or directory)
poc:   err type=2566 err=-2 (No such file or directory)
poc: batch: sent (oks=3 errs=3)
poc:   err type=2562 err=-2 (No such file or directory)
poc: del: sent (oks=0 errs=1)
poc:   err type=2566 err=-22 (Invalid argument)
poc:   err type=2566 err=-2 (No such file or directory)
poc:   err type=2566 err=-2 (No such file or directory)
poc: batch: sent (oks=3 errs=3)
poc:   err type=2562 err=-2 (No such file or directory)
poc: del: sent (oks=0 errs=1)
poc:   err type=2566 err=-22 (Invalid argument)
poc:   err type=2566 err=-2 (No such file or directory)
poc:   err type=2566 err=-2 (No such file or directory)
poc: batch: sent (oks=3 errs=3)
poc:   err type=2562 err=-2 (No such file or directory)
poc: del: sent (oks=0 errs=1)
poc:   err type=2566 err=-22 (Invalid argument)
poc:   err type=2566 err=-2 (No such file or directory)
poc:   err type=2566 err=-2 (No such file or directory)
poc: batch: sent (oks=3 errs=3)
poc:   err type=2562 err=-2 (No such file or directory)
poc: del: sent (oks=0 errs=1)
poc:   err type=2566 err=-22 (Invalid argument)
poc:   err type=2566 err=-2 (No such file or directory)
poc:   err type=2566 err=-2 (No such file or directory)
poc: batch: sent (oks=3 errs=3)
poc:   err type=2562 err=-2 (No such file or directory)
poc: del: sent (oks=0 errs=1)
poc:   err type=2566 err=-22 (Invalid argument)
poc:   err type=2566 err=-2 (No such file or directory)
poc:   err type=2566 err=-2 (No such file or directory)
poc: batch: sent (oks=3 errs=3)
poc:   err type=2562 err=-2 (No such file or directory)
poc: del: sent (oks=0 errs=1)
poc:   err type=2566 err=-22 (Invalid argument)
poc:   err type=2566 err=-2 (No such file or directory)
poc:   err type=2566 err=-2 (No such file or directory)
poc: batch: sent (oks=3 errs=3)
poc:   err type=2562 err=-2 (No such file or directory)
poc: del: sent (oks=0 errs=1)
poc:   err type=2566 err=-22 (Invalid argument)
poc:   err type=2566 err=-2 (No such file or directory)
poc:   err type=2566 err=-2 (No such file or directory)
poc: batch: sent (oks=3 errs=3)
poc:   err type=2562 err=-2 (No such file or directory)
poc: del: sent (oks=0 errs=1)
poc:   err type=2566 err=-22 (Invalid argument)
poc:   err type=2566 err=-2 (No such file or directory)
poc:   err type=2566 err=-2 (No such file or directory)
poc: batch: sent (oks=3 errs=3)
poc:   err type=2562 err=-2 (No such file or directory)
poc: del: sent (oks=0 errs=1)
poc:   err type=2566 err=-22 (Invalid argument)
poc:   err type=2566 err=-2 (No such file or directory)
poc:   err type=2566 err=-2 (No such file or directory)
poc: batch: sent (oks=3 errs=3)
poc:   err type=2562 err=-2 (No such file or directory)
poc: del: sent (oks=0 errs=1)
poc:   err type=2566 err=-22 (Invalid argument)
poc:   err type=2566 err=-2 (No such file or directory)
poc:   err type=2566 err=-2 (No such file or directory)
poc: batch: sent (oks=3 errs=3)
poc:   err type=2562 err=-2 (No such file or directory)
poc: del: sent (oks=0 errs=1)
[    6.592000] input: ImExPS/2 Generic Explorer Mouse as /devices/platform/i8042/serio1/input/input3
poc:   err type=2566 err=-22 (Invalid argument)
poc:   err type=2566 err=-2 (No such file or directory)
poc:   err type=2566 err=-2 (No such file or directory)
poc: batch: sent (oks=3 errs=3)
poc:   err type=2562 err=-2 (No such file or directory)
poc: del: sent (oks=0 errs=1)
poc:   err type=2566 err=-22 (Invalid argument)
poc:   err type=2566 err=-2 (No such file or directory)
poc:   err type=2566 err=-2 (No such file or directory)
poc: batch: sent (oks=3 errs=3)
poc:   err type=2562 err=-2 (No such file or directory)
poc: del: sent (oks=0 errs=1)
poc:   err type=2566 err=-22 (Invalid argument)
poc:   err type=2566 err=-2 (No such file or directory)
poc:   err type=2566 err=-2 (No such file or directory)
poc: batch: sent (oks=3 errs=3)
poc:   err type=2562 err=-2 (No such file or directory)
poc: del: sent (oks=0 errs=1)
poc:   err type=2566 err=-22 (Invalid argument)
poc:   err type=2566 err=-2 (No such file or directory)
poc:   err type=2566 err=-2 (No such file or directory)
poc: batch: sent (oks=3 errs=3)
poc:   err type=2562 err=-2 (No such file or directory)
poc: del: sent (oks=0 errs=1)
poc:   err type=2566 err=-22 (Invalid argument)
poc:   err type=2566 err=-2 (No such file or directory)
poc:   err type=2566 err=-2 (No such file or directory)
poc: batch: sent (oks=3 errs=3)
poc:   err type=2562 err=-2 (No such file or directory)
poc: del: sent (oks=0 errs=1)
poc:   err type=2566 err=-22 (Invalid argument)
poc:   err type=2566 err=-2 (No such file or directory)
poc:   err type=2566 err=-2 (No such file or directory)
poc: batch: sent (oks=3 errs=3)
poc:   err type=2562 err=-2 (No such file or directory)
poc: del: sent (oks=0 errs=1)
poc:   err type=2566 err=-22 (Invalid argument)
poc:   err type=2566 err=-2 (No such file or directory)
poc:   err type=2566 err=-2 (No such file or directory)
poc: batch: sent (oks=3 errs=3)
poc:   err type=2562 err=-2 (No such file or directory)
poc: del: sent (oks=0 errs=1)
poc:   err type=2566 err=-22 (Invalid argument)
poc:   err type=2566 err=-2 (No such file or directory)
poc:   err type=2566 err=-2 (No such file or directory)
poc: batch: sent (oks=3 errs=3)
poc:   err type=2562 err=-2 (No such file or directory)
poc: del: sent (oks=0 errs=1)
poc:   err type=2566 err=-22 (Invalid argument)
poc:   err type=2566 err=-2 (No such file or directory)
poc:   err type=2566 err=-2 (No such file or directory)
poc: batch: sent (oks=3 errs=3)
poc:   err type=2562 err=-2 (No such file or directory)
poc: del: sent (oks=0 errs=1)
poc:   err type=2566 err=-22 (Invalid argument)
poc:   err type=2566 err=-2 (No such file or directory)
poc:   err type=2566 err=-2 (No such file or directory)
poc: batch: sent (oks=3 errs=3)
poc:   err type=2562 err=-2 (No such file or directory)
poc: del: sent (oks=0 errs=1)
poc: done
[    7.776010] poc (61) used greatest stack depth: 26568 bytes left
---- poc end rc=0 ----
secb: poc exited without crashing the kernel
[    9.506881] ACPI: PM: Preparing to enter system sleep state S5
[    9.508101] reboot: Power down
NO_CRASH_DETECTED
