bash: warning: setlocale: LC_ALL: cannot change locale (en_US.UTF-8)
c[?7l[2J[0mSeaBIOS (version 1.16.2-debian-1.16.2-1)


iPXE (http://ipxe.org) 00:03.0 CA00 PCI2.10 PnP PMM+7EFCEF00+7EF0EF00 CA00
Press Ctrl-B to configure iPXE (PCI 00:03.0)...                                                                               


Booting from ROM..c[?7l[2J[    0.000000] Linux version 6.1.0-14081-g5401c3e09928-dirty (root@buildkitsandbox) (gcc (Debian 12.2.0-14+deb12u1) 12.2.0, GNU ld (GNU Binutils for Debian) 2.40) #1 SMP PREEMPT_DYNAMIC Tue May  5 09:20:23 UTC 2026
[    0.000000] Command line: console=ttyS0 oops=panic nokaslr rdinit=/init
[    0.000000] x86/fpu: Supporting XSAVE feature 0x001: 'x87 floating point registers'
[    0.000000] x86/fpu: Supporting XSAVE feature 0x002: 'SSE registers'
[    0.000000] x86/fpu: Supporting XSAVE feature 0x004: 'AVX registers'
[    0.000000] x86/fpu: Supporting XSAVE feature 0x200: 'Protection Keys User registers'
[    0.000000] x86/fpu: xstate_offset[2]:  576, xstate_sizes[2]:  256
[    0.000000] x86/fpu: xstate_offset[9]:  832, xstate_sizes[9]:    8
[    0.000000] x86/fpu: Enabled xstate features 0x207, context size is 840 bytes, using 'compacted' format.
[    0.000000] signal: max sigframe size: 3632
[    0.000000] BIOS-provided physical RAM map:
[    0.000000] BIOS-e820: [mem 0x0000000000000000-0x000000000009fbff] usable
[    0.000000] BIOS-e820: [mem 0x000000000009fc00-0x000000000009ffff] reserved
[    0.000000] BIOS-e820: [mem 0x00000000000f0000-0x00000000000fffff] reserved
[    0.000000] BIOS-e820: [mem 0x0000000000100000-0x000000007ffdffff] usable
[    0.000000] BIOS-e820: [mem 0x000000007ffe0000-0x000000007fffffff] reserved
[    0.000000] BIOS-e820: [mem 0x00000000feffc000-0x00000000feffffff] reserved
[    0.000000] BIOS-e820: [mem 0x00000000fffc0000-0x00000000ffffffff] reserved
[    0.000000] NX (Execute Disable) protection: active
[    0.000000] SMBIOS 2.8 present.
[    0.000000] DMI: QEMU Standard PC (i440FX + PIIX, 1996), BIOS 1.16.2-debian-1.16.2-1 04/01/2014
[    0.000000] Hypervisor detected: KVM
[    0.000000] kvm-clock: Using msrs 4b564d01 and 4b564d00
[    0.000001] kvm-clock: using sched offset of 231676495 cycles
[    0.000002] clocksource: kvm-clock: mask: 0xffffffffffffffff max_cycles: 0x1cd42e4dffb, max_idle_ns: 881590591483 ns
[    0.000005] tsc: Detected 3187.200 MHz processor
[    0.000287] last_pfn = 0x7ffe0 max_arch_pfn = 0x400000000
[    0.000309] x86/PAT: Configuration [0-7]: WB  WC  UC- UC  WB  WP  UC- WT  
[    0.002269] found SMP MP-table at [mem 0x000f5ba0-0x000f5baf]
[    0.002280] Using GB pages for direct mapping
[    0.002402] RAMDISK: [mem 0x7fe92000-0x7ffdffff]
[    0.002406] ACPI: Early table checksum verification disabled
[    0.002408] ACPI: RSDP 0x00000000000F59D0 000014 (v00 BOCHS )
[    0.002411] ACPI: RSDT 0x000000007FFE1B33 000034 (v01 BOCHS  BXPC     00000001 BXPC 00000001)
[    0.002416] ACPI: FACP 0x000000007FFE19DF 000074 (v01 BOCHS  BXPC     00000001 BXPC 00000001)
[    0.002421] ACPI: DSDT 0x000000007FFE0040 00199F (v01 BOCHS  BXPC     00000001 BXPC 00000001)
[    0.002423] ACPI: FACS 0x000000007FFE0000 000040
[    0.002425] ACPI: APIC 0x000000007FFE1A53 000080 (v01 BOCHS  BXPC     00000001 BXPC 00000001)
[    0.002427] ACPI: HPET 0x000000007FFE1AD3 000038 (v01 BOCHS  BXPC     00000001 BXPC 00000001)
[    0.002429] ACPI: WAET 0x000000007FFE1B0B 000028 (v01 BOCHS  BXPC     00000001 BXPC 00000001)
[    0.002430] ACPI: Reserving FACP table memory at [mem 0x7ffe19df-0x7ffe1a52]
[    0.002431] ACPI: Reserving DSDT table memory at [mem 0x7ffe0040-0x7ffe19de]
[    0.002432] ACPI: Reserving FACS table memory at [mem 0x7ffe0000-0x7ffe003f]
[    0.002433] ACPI: Reserving APIC table memory at [mem 0x7ffe1a53-0x7ffe1ad2]
[    0.002433] ACPI: Reserving HPET table memory at [mem 0x7ffe1ad3-0x7ffe1b0a]
[    0.002434] ACPI: Reserving WAET table memory at [mem 0x7ffe1b0b-0x7ffe1b32]
[    0.002614] No NUMA configuration found
[    0.002615] Faking a node at [mem 0x0000000000000000-0x000000007ffdffff]
[    0.002617] NODE_DATA(0) allocated [mem 0x7fe8e000-0x7fe91fff]
[    0.002627] Zone ranges:
[    0.002628]   DMA      [mem 0x0000000000001000-0x0000000000ffffff]
[    0.002630]   DMA32    [mem 0x0000000001000000-0x000000007ffdffff]
[    0.002631]   Normal   empty
[    0.002631] Movable zone start for each node
[    0.002632] Early memory node ranges
[    0.002632]   node   0: [mem 0x0000000000001000-0x000000000009efff]
[    0.002634]   node   0: [mem 0x0000000000100000-0x000000007ffdffff]
[    0.002634] Initmem setup node 0 [mem 0x0000000000001000-0x000000007ffdffff]
[    0.002813] On node 0, zone DMA: 1 pages in unavailable ranges
[    0.002861] On node 0, zone DMA: 97 pages in unavailable ranges
[    0.011781] On node 0, zone DMA32: 32 pages in unavailable ranges
[    0.118426] kasan: KernelAddressSanitizer initialized
[    0.118630] ACPI: PM-Timer IO Port: 0x608
[    0.118638] ACPI: LAPIC_NMI (acpi_id[0xff] dfl dfl lint[0x1])
[    0.118668] IOAPIC[0]: apic_id 0, version 17, address 0xfec00000, GSI 0-23
[    0.118670] ACPI: INT_SRC_OVR (bus 0 bus_irq 0 global_irq 2 dfl dfl)
[    0.118672] ACPI: INT_SRC_OVR (bus 0 bus_irq 5 global_irq 5 high level)
[    0.118673] ACPI: INT_SRC_OVR (bus 0 bus_irq 9 global_irq 9 high level)
[    0.118673] ACPI: INT_SRC_OVR (bus 0 bus_irq 10 global_irq 10 high level)
[    0.118674] ACPI: INT_SRC_OVR (bus 0 bus_irq 11 global_irq 11 high level)
[    0.118677] ACPI: Using ACPI (MADT) for SMP configuration information
[    0.118677] ACPI: HPET id: 0x8086a201 base: 0xfed00000
[    0.118681] TSC deadline timer available
[    0.118682] smpboot: Allowing 2 CPUs, 0 hotplug CPUs
[    0.118700] kvm-guest: KVM setup pv remote TLB flush
[    0.118703] kvm-guest: setup PV sched yield
[    0.118710] PM: hibernation: Registered nosave memory: [mem 0x00000000-0x00000fff]
[    0.118712] PM: hibernation: Registered nosave memory: [mem 0x0009f000-0x0009ffff]
[    0.118712] PM: hibernation: Registered nosave memory: [mem 0x000a0000-0x000effff]
[    0.118713] PM: hibernation: Registered nosave memory: [mem 0x000f0000-0x000fffff]
[    0.118714] [mem 0x80000000-0xfeffbfff] available for PCI devices
[    0.118715] Booting paravirtualized kernel on KVM
[    0.118717] clocksource: refined-jiffies: mask: 0xffffffff max_cycles: 0xffffffff, max_idle_ns: 1910969940391419 ns
[    0.126701] setup_percpu: NR_CPUS:64 nr_cpumask_bits:2 nr_cpu_ids:2 nr_node_ids:1
[    0.127390] percpu: Embedded 66 pages/cpu s230760 r8192 d31384 u1048576
[    0.127425] Fallback order for Node 0: 0 
[    0.127428] Built 1 zonelists, mobility grouping on.  Total pages: 515808
[    0.127429] Policy zone: DMA32
[    0.127430] Kernel command line: console=ttyS0 oops=panic nokaslr rdinit=/init
[    0.127478] random: crng init done
[    0.128336] Dentry cache hash table entries: 262144 (order: 9, 2097152 bytes, linear)
[    0.129450] Inode-cache hash table entries: 131072 (order: 8, 1048576 bytes, linear)
[    0.129505] mem auto-init: stack:all(zero), heap alloc:off, heap free:off
[    0.132649] stackdepot hash table entries: 1048576 (order: 11, 8388608 bytes, linear)
[    0.156593] Memory: 1695228K/2096632K available (49152K kernel code, 7787K rwdata, 9956K rodata, 5292K init, 1528K bss, 401148K reserved, 0K cma-reserved)
[    0.156717] SLUB: HWalign=64, Order=0-3, MinObjects=0, CPUs=2, Nodes=1
[    0.157659] Dynamic Preempt: voluntary
[    0.158490] rcu: Preemptible hierarchical RCU implementation.
[    0.158492] rcu: 	RCU event tracing is enabled.
[    0.158492] rcu: 	RCU restricting CPUs from NR_CPUS=64 to nr_cpu_ids=2.
[    0.158494] 	Trampoline variant of Tasks RCU enabled.
[    0.158495] rcu: RCU calculated value of scheduler-enlistment delay is 100 jiffies.
[    0.158496] rcu: Adjusting geometry for rcu_fanout_leaf=16, nr_cpu_ids=2
[    0.163635] NR_IRQS: 4352, nr_irqs: 440, preallocated irqs: 16
[    0.163826] rcu: srcu_init: Setting srcu_struct sizes based on contention.
[    0.166195] Console: colour VGA+ 80x25
[    0.166222] printk: console [ttyS0] enabled
[    0.205994] ACPI: Core revision 20221020
[    0.206345] clocksource: hpet: mask: 0xffffffff max_cycles: 0xffffffff, max_idle_ns: 19112604467 ns
[    0.206935] APIC: Switch to symmetric I/O mode setup
[    0.207232] kvm-guest: setup PV IPIs
[    0.208095] ..TIMER: vector=0x30 apic1=0 pin1=2 apic2=-1 pin2=-1
[    0.208461] clocksource: tsc-early: mask: 0xffffffffffffffff max_cycles: 0x2df10e7656b, max_idle_ns: 440795364873 ns
[    0.209110] Calibrating delay loop (skipped) preset value.. 6374.40 BogoMIPS (lpj=3187200)
[    0.209604] pid_max: default: 32768 minimum: 301
[    0.209909] LSM: initializing lsm=capability,integrity,selinux
[    0.210115] SELinux:  Initializing.
[    0.210376] Mount-cache hash table entries: 4096 (order: 3, 32768 bytes, linear)
[    0.211107] Mountpoint-cache hash table entries: 4096 (order: 3, 32768 bytes, linear)
[    0.211933] x86/cpu: User Mode Instruction Prevention (UMIP) activated
[    0.212157] Last level iTLB entries: 4KB 0, 2MB 0, 4MB 0
[    0.212464] Last level dTLB entries: 4KB 0, 2MB 0, 4MB 0, 1GB 0
[    0.212809] Spectre V1 : Mitigation: usercopy/swapgs barriers and __user pointer sanitization
[    0.213106] Spectre V2 : Mitigation: Enhanced IBRS
[    0.213395] Spectre V2 : Spectre v2 / SpectreRSB mitigation: Filling RSB on context switch
[    0.214103] Spectre V2 : Spectre v2 / PBRSB-eIBRS: Retire a single CALL on VMEXIT
[    0.214529] Spectre V2 : mitigation: Enabling conditional Indirect Branch Prediction Barrier
[    0.215104] Speculative Store Bypass: Mitigation: Speculative Store Bypass disabled via prctl
[    0.215585] MMIO Stale Data: Unknown: No mitigations
[    0.231571] Freeing SMP alternatives memory: 44K
[    0.233163] smpboot: CPU0: Intel(R) Core(TM) i9-14900K (family: 0x6, model: 0xb7, stepping: 0x1)
[    0.233810] cblist_init_generic: Setting adjustable number of callback queues.
[    0.234105] cblist_init_generic: Setting shift to 1 and lim to 1.
[    0.234470] Performance Events: unsupported p6 CPU model 183 no PMU driver, software events only.
[    0.235012] rcu: Hierarchical SRCU implementation.
[    0.235104] rcu: 	Max phase no-delay instances is 400.
[    0.235748] smp: Bringing up secondary CPUs ...
[    0.236121] x86: Booting SMP configuration:
[    0.236361] .... node  #0, CPUs:      #1
[    0.236581] smp: Brought up 1 node, 2 CPUs
[    0.236582] smpboot: Max logical packages: 1
[    0.237350] smpboot: Total of 2 processors activated (12748.80 BogoMIPS)
[    0.239107] devtmpfs: initialized
[    0.240273] clocksource: jiffies: mask: 0xffffffff max_cycles: 0xffffffff, max_idle_ns: 1911260446275000 ns
[    0.240761] futex hash table entries: 512 (order: 3, 32768 bytes, linear)
[    0.241200] PM: RTC time: 09:23:26, date: 2026-05-05
[    0.241598] NET: Registered PF_NETLINK/PF_ROUTE protocol family
[    0.242116] audit: initializing netlink subsys (disabled)
[    0.242452] audit: type=2000 audit(1777973006.993:1): state=initialized audit_enabled=0 res=1
[    0.242452] thermal_sys: Registered thermal governor 'step_wise'
[    0.242644] thermal_sys: Registered thermal governor 'user_space'
[    0.243134] cpuidle: using governor menu
[    0.243846] PCI: Using configuration type 1 for base access
[    0.244243] kprobes: kprobe jump-optimization is enabled. All kprobes are optimized if possible.
[    0.247262] HugeTLB: registered 2.00 MiB page size, pre-allocated 0 pages
[    0.247662] HugeTLB: 28 KiB vmemmap can be freed for a 2.00 MiB page
[    0.248726] ACPI: Added _OSI(Module Device)
[    0.248726] ACPI: Added _OSI(Processor Device)
[    0.248820] ACPI: Added _OSI(3.0 _SCP Extensions)
[    0.249093] ACPI: Added _OSI(Processor Aggregator Device)
[    0.254827] ACPI: 1 ACPI AML tables successfully acquired and loaded
[    0.297701] ACPI: Interpreter enabled
[    0.297967] ACPI: PM: (supports S0 S3 S4 S5)
[    0.298105] ACPI: Using IOAPIC for interrupt routing
[    0.298417] PCI: Using host bridge windows from ACPI; if necessary, use "pci=nocrs" and report a bug
[    0.298937] PCI: Using E820 reservations for host bridge windows
[    0.299440] ACPI: Enabled 2 GPEs in block 00 to 0F
[    0.309907] ACPI: PCI Root Bridge [PCI0] (domain 0000 [bus 00-ff])
[    0.310113] acpi PNP0A03:00: _OSC: OS supports [ASPM ClockPM Segments MSI HPX-Type3]
[    0.310552] acpi PNP0A03:00: _OSC: not requesting OS control; OS requires [ExtendedConfig ASPM ClockPM MSI]
[    0.311154] acpi PNP0A03:00: fail to add MMCONFIG information, can't access extended configuration space under this bridge
[    0.311943] PCI host bridge to bus 0000:00
[    0.312106] pci_bus 0000:00: root bus resource [io  0x0000-0x0cf7 window]
[    0.312499] pci_bus 0000:00: root bus resource [io  0x0d00-0xffff window]
[    0.312886] pci_bus 0000:00: root bus resource [mem 0x000a0000-0x000bffff window]
[    0.313106] pci_bus 0000:00: root bus resource [mem 0x80000000-0xfebfffff window]
[    0.313533] pci_bus 0000:00: root bus resource [mem 0x100000000-0x17fffffff window]
[    0.313968] pci_bus 0000:00: root bus resource [bus 00-ff]
[    0.314157] pci 0000:00:00.0: [8086:1237] type 00 class 0x060000
[    0.318494] pci 0000:00:01.0: [8086:7000] type 00 class 0x060100
[    0.322804] pci 0000:00:01.1: [8086:7010] type 00 class 0x010180
[    0.324048] pci 0000:00:01.1: reg 0x20: [io  0xc040-0xc04f]
[    0.324458] pci 0000:00:01.1: legacy IDE quirk: reg 0x10: [io  0x01f0-0x01f7]
[    0.324883] pci 0000:00:01.1: legacy IDE quirk: reg 0x14: [io  0x03f6]
[    0.325104] pci 0000:00:01.1: legacy IDE quirk: reg 0x18: [io  0x0170-0x0177]
[    0.325516] pci 0000:00:01.1: legacy IDE quirk: reg 0x1c: [io  0x0376]
[    0.326067] pci 0000:00:01.3: [8086:7113] type 00 class 0x068000
[    0.326338] pci 0000:00:01.3: quirk: [io  0x0600-0x063f] claimed by PIIX4 ACPI
[    0.326763] pci 0000:00:01.3: quirk: [io  0x0700-0x070f] claimed by PIIX4 SMB
[    0.327265] pci 0000:00:02.0: [1234:1111] type 00 class 0x030000
[    0.328111] pci 0000:00:02.0: reg 0x10: [mem 0xfd000000-0xfdffffff pref]
[    0.329445] pci 0000:00:02.0: reg 0x18: [mem 0xfebf0000-0xfebf0fff]
[    0.331442] pci 0000:00:02.0: reg 0x30: [mem 0xfebe0000-0xfebeffff pref]
[    0.331891] pci 0000:00:02.0: Video device with shadowed ROM at [mem 0x000c0000-0x000dffff]
[    0.336095] pci 0000:00:03.0: [8086:100e] type 00 class 0x020000
[    0.337064] pci 0000:00:03.0: reg 0x10: [mem 0xfebc0000-0xfebdffff]
[    0.337393] pci 0000:00:03.0: reg 0x14: [io  0xc000-0xc03f]
[    0.339688] pci 0000:00:03.0: reg 0x30: [mem 0xfeb80000-0xfebbffff pref]
[    0.344956] ACPI: PCI: Interrupt link LNKA configured for IRQ 10
[    0.345469] ACPI: PCI: Interrupt link LNKB configured for IRQ 10
[    0.346171] ACPI: PCI: Interrupt link LNKC configured for IRQ 11
[    0.346868] ACPI: PCI: Interrupt link LNKD configured for IRQ 11
[    0.347252] ACPI: PCI: Interrupt link LNKS configured for IRQ 9
[    0.348585] iommu: Default domain type: Translated 
[    0.348873] iommu: DMA domain TLB invalidation policy: lazy mode 
[    0.349288] SCSI subsystem initialized
[    0.349554] ACPI: bus type USB registered
[    0.350157] usbcore: registered new interface driver usbfs
[    0.351133] usbcore: registered new interface driver hub
[    0.352074] usbcore: registered new device driver usb
[    0.353157] pps_core: LinuxPPS API ver. 1 registered
[    0.353459] pps_core: Software ver. 5.3.6 - Copyright 2005-2007 Rodolfo Giometti <giometti@linux.it>
[    0.354000] PTP clock support registered
[    0.354181] Advanced Linux Sound Architecture Driver Initialized.
[    0.354861] NetLabel: Initializing
[    0.355105] NetLabel:  domain hash size = 128
[    0.355361] NetLabel:  protocols = UNLABELED CIPSOv4 CALIPSO
[    0.355730] NetLabel:  unlabeled traffic allowed by default
[    0.356116] PCI: Using ACPI for IRQ routing
[    0.356454] pci 0000:00:02.0: vgaarb: setting as boot VGA device
[    0.356461] pci 0000:00:02.0: vgaarb: bridge control possible
[    0.356797] pci 0000:00:02.0: vgaarb: VGA device added: decodes=io+mem,owns=io+mem,locks=none
[    0.357104] vgaarb: loaded
[    0.357338] hpet0: at MMIO 0xfed00000, IRQs 2, 8, 0
[    0.357638] hpet0: 3 comparators, 64-bit 100.000000 MHz counter
[    0.362145] clocksource: Switched to clocksource kvm-clock
[    0.362635] VFS: Disk quotas dquot_6.6.0
[    0.362874] VFS: Dquot-cache hash table entries: 512 (order 0, 4096 bytes)
[    0.363316] pnp: PnP ACPI init
[    0.365446] pnp: PnP ACPI: found 6 devices
[    0.372409] clocksource: acpi_pm: mask: 0xffffff max_cycles: 0xffffff, max_idle_ns: 2085701024 ns
[    0.372967] NET: Registered PF_INET protocol family
[    0.374496] IP idents hash table entries: 32768 (order: 6, 262144 bytes, linear)
[    0.375376] tcp_listen_portaddr_hash hash table entries: 1024 (order: 2, 16384 bytes, linear)
[    0.375879] Table-perturb hash table entries: 65536 (order: 6, 262144 bytes, linear)
[    0.376343] TCP established hash table entries: 16384 (order: 5, 131072 bytes, linear)
[    0.376834] TCP bind hash table entries: 16384 (order: 7, 524288 bytes, linear)
[    0.377283] TCP: Hash tables configured (established 16384 bind 16384)
[    0.377691] UDP hash table entries: 1024 (order: 3, 32768 bytes, linear)
[    0.378081] UDP-Lite hash table entries: 1024 (order: 3, 32768 bytes, linear)
[    0.378557] NET: Registered PF_UNIX/PF_LOCAL protocol family
[    0.379041] RPC: Registered named UNIX socket transport module.
[    0.379396] RPC: Registered udp transport module.
[    0.379674] RPC: Registered tcp transport module.
[    0.379947] RPC: Registered tcp NFSv4.1 backchannel transport module.
[    0.380652] pci_bus 0000:00: resource 4 [io  0x0000-0x0cf7 window]
[    0.381021] pci_bus 0000:00: resource 5 [io  0x0d00-0xffff window]
[    0.381387] pci_bus 0000:00: resource 6 [mem 0x000a0000-0x000bffff window]
[    0.381801] pci_bus 0000:00: resource 7 [mem 0x80000000-0xfebfffff window]
[    0.382213] pci_bus 0000:00: resource 8 [mem 0x100000000-0x17fffffff window]
[    0.382733] pci 0000:00:01.0: PIIX3: Enabling Passive Release
[    0.383077] pci 0000:00:00.0: Limiting direct PCI/PCI transfers
[    0.383447] PCI: CLS 0 bytes, default 64
[    0.384064] RAPL PMU: API unit is 2^-32 Joules, 0 fixed counters, 10737418240 ms ovfl timer
[    0.384681] Unpacking initramfs...
[    0.390148] clocksource: tsc: mask: 0xffffffffffffffff max_cycles: 0x2df10e7656b, max_idle_ns: 440795364873 ns
[    0.394196] Initialise system trusted keyrings
[    0.394518] workingset: timestamp_bits=56 max_order=19 bucket_order=0
[    0.395203] NFS: Registering the id_resolver key type
[    0.395506] Key type id_resolver registered
[    0.395757] Key type id_legacy registered
[    0.396054] 9p: Installing v9fs 9p2000 file system support
[    0.398684] Freeing initrd memory: 1336K
[    0.400991] Key type asymmetric registered
[    0.401286] Asymmetric key parser 'x509' registered
[    0.401589] Block layer SCSI generic (bsg) driver version 0.4 loaded (major 251)
[    0.402072] io scheduler mq-deadline registered
[    0.402344] io scheduler kyber registered
[    0.402762] input: Power Button as /devices/LNXSYSTM:00/LNXPWRBN:00/input/input0
[    0.403275] ACPI: button: Power Button [PWRF]
[    0.403847] Serial: 8250/16550 driver, 4 ports, IRQ sharing enabled
[    0.404294] 00:04: ttyS0 at I/O 0x3f8 (irq = 4, base_baud = 115200) is a 16550A
[    0.405277] Non-volatile memory driver v1.3
[    0.405523] Linux agpgart interface v0.103
[    0.405835] ACPI: bus type drm_connector registered
[    0.409526] loop: module loaded
[    0.410671] scsi host0: ata_piix
[    0.411053] scsi host1: ata_piix
[    0.411321] ata1: PATA max MWDMA2 cmd 0x1f0 ctl 0x3f6 bmdma 0xc040 irq 14
[    0.411722] ata2: PATA max MWDMA2 cmd 0x170 ctl 0x376 bmdma 0xc048 irq 15
[    0.412534] e100: Intel(R) PRO/100 Network Driver
[    0.412814] e100: Copyright(c) 1999-2006 Intel Corporation
[    0.413139] e1000: Intel(R) PRO/1000 Network Driver
[    0.413427] e1000: Copyright (c) 1999-2006 Intel Corporation.
[    0.566403] ata2: found unknown device (class 0)
[    0.567012] ata2.00: ATAPI: QEMU DVD-ROM, 2.5+, max UDMA/100
[    0.567928] scsi 1:0:0:0: CD-ROM            QEMU     QEMU DVD-ROM     2.5+ PQ: 0 ANSI: 5
[    0.604489] sr 1:0:0:0: [sr0] scsi3-mmc drive: 4x/4x cd/rw xa/form2 tray
[    0.604882] cdrom: Uniform CD-ROM driver Revision: 3.20
[    0.622686] sr 1:0:0:0: Attached scsi generic sg0 type 5
[    0.742445] ACPI: \_SB_.LNKC: Enabled at IRQ 11
[    1.032473] e1000 0000:00:03.0 eth0: (PCI:33MHz:32-bit) 52:54:00:12:34:56
[    1.032885] e1000 0000:00:03.0 eth0: Intel(R) PRO/1000 Network Connection
[    1.033316] e1000e: Intel(R) PRO/1000 Network Driver
[    1.033604] e1000e: Copyright(c) 1999 - 2015 Intel Corporation.
[    1.033963] sky2: driver version 1.30
[    1.034467] usbcore: registered new interface driver usblp
[    1.034796] usbcore: registered new interface driver usb-storage
[    1.035200] i8042: PNP: PS/2 Controller [PNP0303:KBD,PNP0f13:MOU] at 0x60,0x64 irq 1,12
[    1.036114] serio: i8042 KBD port at 0x60,0x64 irq 1
[    1.036404] serio: i8042 AUX port at 0x60,0x64 irq 12
[    1.036991] rtc_cmos 00:05: RTC can wake from S4
[    1.037482] input: AT Translated Set 2 keyboard as /devices/platform/i8042/serio0/input/input1
[    1.039186] rtc_cmos 00:05: registered as rtc0
[    1.039980] rtc_cmos 00:05: alarms up to one day, y3k, 242 bytes nvram, hpet irqs
[    1.040802] device-mapper: ioctl: 4.47.0-ioctl (2022-07-28) initialised: dm-devel@redhat.com
[    1.041308] intel_pstate: CPU model not supported
[    1.041619] hid: raw HID events driver (C) Jiri Kosina
[    1.042143] usbcore: registered new interface driver usbhid
[    1.042468] usbhid: USB HID core driver
[    1.043376] Initializing XFRM netlink socket
[    1.043671] NET: Registered PF_INET6 protocol family
[    1.044282] Segment Routing with IPv6
[    1.044509] In-situ OAM (IOAM) with IPv6
[    1.044788] sit: IPv6, IPv4 and MPLS over IPv4 tunneling driver
[    1.045362] NET: Registered PF_PACKET protocol family
[    1.045722] 9pnet: Installing 9P2000 support
[    1.045995] Key type dns_resolver registered
[    1.046441] IPI shorthand broadcast: enabled
[    1.053711] sched_clock: Marking stable (1009833923, 43270644)->(1061374404, -8269837)
[    1.054534] registered taskstats version 1
[    1.054795] Loading compiled-in X.509 certificates
[    1.061180] PM:   Magic number: 10:145:373
[    1.061459] vc vcsa1: hash matches
[    1.061696] printk: console [netcon0] enabled
[    1.061968] netconsole: network logging started
[    1.062434] cfg80211: Loading compiled-in X.509 certificates for regulatory database
[    1.063087] kworker/u4:0 (53) used greatest stack depth: 29512 bytes left
[    1.063690] cfg80211: Loaded X.509 cert 'sforshee: 00b28ddf47aef9cea7'
[    1.064141] platform regulatory.0: Direct firmware load for regulatory.db failed with error -2
[    1.064672] cfg80211: failed to load regulatory.db
[    1.064986] ALSA device list:
[    1.065181]   No soundcards found.
[    1.066217] Freeing unused kernel image (initmem) memory: 5292K
[    1.071123] Write protecting the kernel read-only data: 59392k
[    1.071468] Freeing unused kernel image (rodata/data gap) memory: 284K
[    1.079374] x86/mm: Checked W+X mappings: passed, no W+X pages found.
[    1.079713] Run /init as init process
[    1.081052] mount (57) used greatest stack depth: 28832 bytes left

secb: rootfs ready
---- poc begin ----
poc: starting
poc: lo up
poc: bound port=33029
poc: espintcp ULP installed
poc: listen OK (vulnerable kernel)
poc: closing listener without accept (UAF here)
poc: done (no crash observed)
[    1.287428] poc (64) used greatest stack depth: 28584 bytes left
[    1.288169] poc (63) used greatest stack depth: 27560 bytes left
---- poc end rc=0 ----
secb: poc exited without crashing the kernel
[    1.293120] ==================================================================
[    1.293405] BUG: KASAN: use-after-free in espintcp_destruct+0x71/0x80
[    1.293667] Read of size 8 at addr ffff88800932e410 by task swapper/1/0
[    1.293921] 
[    1.293987] CPU: 1 PID: 0 Comm: swapper/1 Not tainted 6.1.0-14081-g5401c3e09928-dirty #1
[    1.294300] Hardware name: QEMU Standard PC (i440FX + PIIX, 1996), BIOS 1.16.2-debian-1.16.2-1 04/01/2014
[    1.294666] Call Trace:
[    1.294767]  <IRQ>
[    1.294852]  dump_stack_lvl+0x37/0x4a
[    1.294996]  print_report+0x184/0x4a8
[    1.295143]  ? espintcp_destruct+0x71/0x80
[    1.295307]  kasan_report+0xc9/0x150
[    1.295453]  ? espintcp_destruct+0x71/0x80
[    1.295617]  espintcp_destruct+0x71/0x80
[    1.295771]  __sk_destruct+0x41/0x540
[    1.295919]  rcu_core+0x5ff/0x19e0
[    1.296057]  ? __pfx_rcu_core+0x10/0x10
[    1.296207]  __do_softirq+0x1e3/0x609
[    1.296354]  ? hrtimer_interrupt+0x33d/0x7e0
[    1.296525]  ? __pfx___do_softirq+0x10/0x10
[    1.296694]  __irq_exit_rcu+0x87/0x180
[    1.296845]  sysvec_apic_timer_interrupt+0x8e/0xb0
[    1.297037]  </IRQ>
[    1.297129]  <TASK>
[    1.297216]  asm_sysvec_apic_timer_interrupt+0x1a/0x20
[    1.297417] RIP: 0010:default_idle+0xf/0x20
[    1.297587] Code: b8 fd ff ff cc cc cc cc cc cc cc 90 90 90 90 90 90 90 90 90 90 90 90 90 90 90 90 f3 0f 1e fa eb 07 0f 00 2d 63 9d 41 00 fb f4 <c3> cc cc cc cc 66 66 2e 0f 1f 84 00 00 00 00 00 90 90 90 90 90 90
[    1.298292] RSP: 0018:ffffc900000ffe50 EFLAGS: 00000206
[    1.298497] RAX: ffffffff83c0b6f0 RBX: ffff888006660000 RCX: ffffffff83bf1de1
[    1.298778] RDX: 0000000000000001 RSI: ffffffff8418dd60 RDI: 00000000000013f4
[    1.299052] RBP: 0000000000000001 R08: 0000000000000001 R09: ffff88806d333e83
[    1.299326] R10: ffffed100da667d0 R11: ffffffff85ea5043 R12: ffffed1000ccc000
[    1.299602] R13: ffffffff85191910 R14: 0000000000000000 R15: dffffc0000000000
[    1.299882]  ? __pfx_default_idle+0x10/0x10
[    1.300049]  ? ct_kernel_exit.constprop.0+0xd1/0xf0
[    1.300241]  default_idle_call+0x6e/0x210
[    1.300398]  do_idle+0x3c1/0x540
[    1.300528]  ? __pfx__raw_spin_lock_irqsave+0x10/0x10
[    1.300733]  ? __pfx_do_idle+0x10/0x10
[    1.300884]  cpu_startup_entry+0x18/0x20
[    1.301044]  start_secondary+0x1c7/0x220
[    1.301201]  secondary_startup_64_no_verify+0xe0/0xeb
[    1.301402]  </TASK>
[    1.301503] 
[    1.301572] Allocated by task 63:
[    1.301699]  kasan_save_stack+0x33/0x60
[    1.301843]  kasan_set_track+0x25/0x30
[    1.302011]  __kasan_kmalloc+0x92/0xa0
[    1.302217]  espintcp_init_sk+0x103/0x9f0
[    1.302389]  tcp_set_ulp+0x19b/0x2c0
[    1.302544]  do_tcp_setsockopt+0x483/0x21e0
[    1.302716]  __sys_setsockopt+0x13b/0x270
[    1.302883]  __x64_sys_setsockopt+0xb8/0x150
[    1.303050]  do_syscall_64+0x3b/0x90
[    1.303197]  entry_SYSCALL_64_after_hwframe+0x72/0xdc
[    1.303403] 
[    1.303471] Freed by task 64:
[    1.303602]  kasan_save_stack+0x33/0x60
[    1.303764]  kasan_set_track+0x25/0x30
[    1.303921]  kasan_save_free_info+0x2e/0x50
[    1.304097]  __kasan_slab_free+0x10a/0x180
[    1.304270]  __kmem_cache_free+0x7a/0x190
[    1.304439]  __sk_destruct+0x41/0x540
[    1.304598]  inet_csk_listen_stop+0x4d4/0xe80
[    1.304783]  __tcp_close+0xa22/0xd30
[    1.304935]  tcp_close+0x25/0x70
[    1.305075]  inet_release+0xc6/0x1d0
[    1.305228]  __sock_release+0xbd/0x270
[    1.305386]  sock_close+0x10/0x20
[    1.305531]  __fput+0x1e3/0x9b0
[    1.305667]  task_work_run+0x117/0x1f0
[    1.305827]  do_exit+0x836/0x2250
[    1.305961]  do_group_exit+0xa8/0x230
[    1.306101]  get_signal+0x1d2c/0x1e20
[    1.306243]  arch_do_signal_or_restart+0x89/0x5e0
[    1.306422]  exit_to_user_mode_prepare+0xa2/0x120
[    1.306617]  syscall_exit_to_user_mode+0x21/0x50
[    1.306809]  do_syscall_64+0x4a/0x90
[    1.306957]  entry_SYSCALL_64_after_hwframe+0x72/0xdc
[    1.307165] 
[    1.307234] Last potentially related work creation:
[    1.307434]  kasan_save_stack+0x33/0x60
[    1.307588]  __kasan_record_aux_stack+0x97/0xb0
[    1.307768]  insert_work+0x45/0x2e0
[    1.307910]  __queue_work+0x518/0xe80
[    1.308056]  queue_work_on+0x4f/0x60
[    1.308201]  espintcp_init_sk+0x1f2/0x9f0
[    1.308359]  tcp_set_ulp+0x19b/0x2c0
[    1.308504]  do_tcp_setsockopt+0x483/0x21e0
[    1.308669]  __sys_setsockopt+0x13b/0x270
[    1.308825]  __x64_sys_setsockopt+0xb8/0x150
[    1.308992]  do_syscall_64+0x3b/0x90
[    1.309136]  entry_SYSCALL_64_after_hwframe+0x72/0xdc
[    1.309332] 
[    1.309396] The buggy address belongs to the object at ffff88800932e000
[    1.309396]  which belongs to the cache kmalloc-2k of size 2048
[    1.309885] The buggy address is located 1040 bytes inside of
[    1.309885]  2048-byte region [ffff88800932e000, ffff88800932e800)
[    1.310361] 
[    1.310430] The buggy address belongs to the physical page:
[    1.310654] page:0000000034aec9d7 refcount:1 mapcount:0 mapping:0000000000000000 index:0x0 pfn:0x9328
[    1.311029] head:0000000034aec9d7 order:3 compound_mapcount:0 subpages_mapcount:0 compound_pincount:0
[    1.311381] flags: 0x100000000010200(slab|head|node=0|zone=1)
[    1.311610] raw: 0100000000010200 ffff888006442000 dead000000000122 0000000000000000
[    1.311905] raw: 0000000000000000 0000000080080008 00000001ffffffff 0000000000000000
[    1.312203] page dumped because: kasan: bad access detected
[    1.312431] 
[    1.312501] Memory state around the buggy address:
[    1.312703]  ffff88800932e300: fb fb fb fb fb fb fb fb fb fb fb fb fb fb fb fb
[    1.313000]  ffff88800932e380: fb fb fb fb fb fb fb fb fb fb fb fb fb fb fb fb
[    1.313297] >ffff88800932e400: fb fb fb fb fb fb fb fb fb fb fb fb fb fb fb fb
[    1.313594]                          ^
[    1.313752]  ffff88800932e480: fb fb fb fb fb fb fb fb fb fb fb fb fb fb fb fb
[    1.314048]  ffff88800932e500: fb fb fb fb fb fb fb fb fb fb fb fb fb fb fb fb
[    1.314343] ==================================================================
[    1.314644] Disabling lock debugging due to kernel taint
[    1.663402] input: ImExPS/2 Generic Explorer Mouse as /devices/platform/i8042/serio1/input/input3
[    2.572027] ACPI: PM: Preparing to enter system sleep state S5
[    2.572364] reboot: Power down
CONFIRMED: KASAN_UAF
