bash: warning: setlocale: LC_ALL: cannot change locale (en_US.UTF-8)
c[?7l[2J[0mSeaBIOS (version 1.16.2-debian-1.16.2-1)


iPXE (http://ipxe.org) 00:03.0 CA00 PCI2.10 PnP PMM+7EFCEF00+7EF0EF00 CA00
Press Ctrl-B to configure iPXE (PCI 00:03.0)...                                                                               


Booting from ROM..c[?7l[2J[    0.000000] Linux version 6.1.0-14083-gf5234c5d5372-dirty (root@buildkitsandbox) (gcc (Debian 12.2.0-14+deb12u1) 12.2.0, GNU ld (GNU Binutils for Debian) 2.40) #2 SMP PREEMPT_DYNAMIC Tue May  5 09:24:15 UTC 2026
[    0.000000] Command line: console=ttyS0 oops=panic nokaslr rdinit=/init
[    0.000000] x86/fpu: Supporting XSAVE feature 0x001: 'x87 floating point registers'
[    0.000000] x86/fpu: Supporting XSAVE feature 0x002: 'SSE registers'
[    0.000000] x86/fpu: Supporting XSAVE feature 0x004: 'AVX registers'
[    0.000000] x86/fpu: Supporting XSAVE feature 0x200: 'Protection Keys User registers'
[    0.000000] x86/fpu: xstate_offset[2]:  576, xstate_sizes[2]:  256
[    0.000000] x86/fpu: xstate_offset[9]:  832, xstate_sizes[9]:    8
[    0.000000] x86/fpu: Enabled xstate features 0x207, context size is 840 bytes, using 'compacted' format.
[    0.000000] signal: max sigframe size: 3632
[    0.000000] BIOS-provided physical RAM map:
[    0.000000] BIOS-e820: [mem 0x0000000000000000-0x000000000009fbff] usable
[    0.000000] BIOS-e820: [mem 0x000000000009fc00-0x000000000009ffff] reserved
[    0.000000] BIOS-e820: [mem 0x00000000000f0000-0x00000000000fffff] reserved
[    0.000000] BIOS-e820: [mem 0x0000000000100000-0x000000007ffdffff] usable
[    0.000000] BIOS-e820: [mem 0x000000007ffe0000-0x000000007fffffff] reserved
[    0.000000] BIOS-e820: [mem 0x00000000feffc000-0x00000000feffffff] reserved
[    0.000000] BIOS-e820: [mem 0x00000000fffc0000-0x00000000ffffffff] reserved
[    0.000000] NX (Execute Disable) protection: active
[    0.000000] SMBIOS 2.8 present.
[    0.000000] DMI: QEMU Standard PC (i440FX + PIIX, 1996), BIOS 1.16.2-debian-1.16.2-1 04/01/2014
[    0.000000] Hypervisor detected: KVM
[    0.000000] kvm-clock: Using msrs 4b564d01 and 4b564d00
[    0.000000] kvm-clock: using sched offset of 290079547 cycles
[    0.000002] clocksource: kvm-clock: mask: 0xffffffffffffffff max_cycles: 0x1cd42e4dffb, max_idle_ns: 881590591483 ns
[    0.000004] tsc: Detected 3187.200 MHz processor
[    0.000277] last_pfn = 0x7ffe0 max_arch_pfn = 0x400000000
[    0.000298] x86/PAT: Configuration [0-7]: WB  WC  UC- UC  WB  WP  UC- WT  
[    0.002176] found SMP MP-table at [mem 0x000f5ba0-0x000f5baf]
[    0.002184] Using GB pages for direct mapping
[    0.002296] RAMDISK: [mem 0x7fe92000-0x7ffdffff]
[    0.002301] ACPI: Early table checksum verification disabled
[    0.002303] ACPI: RSDP 0x00000000000F59D0 000014 (v00 BOCHS )
[    0.002306] ACPI: RSDT 0x000000007FFE1B33 000034 (v01 BOCHS  BXPC     00000001 BXPC 00000001)
[    0.002311] ACPI: FACP 0x000000007FFE19DF 000074 (v01 BOCHS  BXPC     00000001 BXPC 00000001)
[    0.002316] ACPI: DSDT 0x000000007FFE0040 00199F (v01 BOCHS  BXPC     00000001 BXPC 00000001)
[    0.002318] ACPI: FACS 0x000000007FFE0000 000040
[    0.002320] ACPI: APIC 0x000000007FFE1A53 000080 (v01 BOCHS  BXPC     00000001 BXPC 00000001)
[    0.002322] ACPI: HPET 0x000000007FFE1AD3 000038 (v01 BOCHS  BXPC     00000001 BXPC 00000001)
[    0.002324] ACPI: WAET 0x000000007FFE1B0B 000028 (v01 BOCHS  BXPC     00000001 BXPC 00000001)
[    0.002326] ACPI: Reserving FACP table memory at [mem 0x7ffe19df-0x7ffe1a52]
[    0.002327] ACPI: Reserving DSDT table memory at [mem 0x7ffe0040-0x7ffe19de]
[    0.002328] ACPI: Reserving FACS table memory at [mem 0x7ffe0000-0x7ffe003f]
[    0.002329] ACPI: Reserving APIC table memory at [mem 0x7ffe1a53-0x7ffe1ad2]
[    0.002330] ACPI: Reserving HPET table memory at [mem 0x7ffe1ad3-0x7ffe1b0a]
[    0.002330] ACPI: Reserving WAET table memory at [mem 0x7ffe1b0b-0x7ffe1b32]
[    0.002521] No NUMA configuration found
[    0.002522] Faking a node at [mem 0x0000000000000000-0x000000007ffdffff]
[    0.002524] NODE_DATA(0) allocated [mem 0x7fe8e000-0x7fe91fff]
[    0.002534] Zone ranges:
[    0.002535]   DMA      [mem 0x0000000000001000-0x0000000000ffffff]
[    0.002536]   DMA32    [mem 0x0000000001000000-0x000000007ffdffff]
[    0.002537]   Normal   empty
[    0.002538] Movable zone start for each node
[    0.002538] Early memory node ranges
[    0.002539]   node   0: [mem 0x0000000000001000-0x000000000009efff]
[    0.002540]   node   0: [mem 0x0000000000100000-0x000000007ffdffff]
[    0.002541] Initmem setup node 0 [mem 0x0000000000001000-0x000000007ffdffff]
[    0.003348] On node 0, zone DMA: 1 pages in unavailable ranges
[    0.003398] On node 0, zone DMA: 97 pages in unavailable ranges
[    0.033301] On node 0, zone DMA32: 32 pages in unavailable ranges
[    0.169261] kasan: KernelAddressSanitizer initialized
[    0.169470] ACPI: PM-Timer IO Port: 0x608
[    0.169477] ACPI: LAPIC_NMI (acpi_id[0xff] dfl dfl lint[0x1])
[    0.169505] IOAPIC[0]: apic_id 0, version 17, address 0xfec00000, GSI 0-23
[    0.169507] ACPI: INT_SRC_OVR (bus 0 bus_irq 0 global_irq 2 dfl dfl)
[    0.169509] ACPI: INT_SRC_OVR (bus 0 bus_irq 5 global_irq 5 high level)
[    0.169510] ACPI: INT_SRC_OVR (bus 0 bus_irq 9 global_irq 9 high level)
[    0.169510] ACPI: INT_SRC_OVR (bus 0 bus_irq 10 global_irq 10 high level)
[    0.169511] ACPI: INT_SRC_OVR (bus 0 bus_irq 11 global_irq 11 high level)
[    0.169513] ACPI: Using ACPI (MADT) for SMP configuration information
[    0.169514] ACPI: HPET id: 0x8086a201 base: 0xfed00000
[    0.169517] TSC deadline timer available
[    0.169518] smpboot: Allowing 2 CPUs, 0 hotplug CPUs
[    0.169536] kvm-guest: KVM setup pv remote TLB flush
[    0.169539] kvm-guest: setup PV sched yield
[    0.169545] PM: hibernation: Registered nosave memory: [mem 0x00000000-0x00000fff]
[    0.169547] PM: hibernation: Registered nosave memory: [mem 0x0009f000-0x0009ffff]
[    0.169548] PM: hibernation: Registered nosave memory: [mem 0x000a0000-0x000effff]
[    0.169548] PM: hibernation: Registered nosave memory: [mem 0x000f0000-0x000fffff]
[    0.169549] [mem 0x80000000-0xfeffbfff] available for PCI devices
[    0.169550] Booting paravirtualized kernel on KVM
[    0.169552] clocksource: refined-jiffies: mask: 0xffffffff max_cycles: 0xffffffff, max_idle_ns: 1910969940391419 ns
[    0.177025] setup_percpu: NR_CPUS:64 nr_cpumask_bits:2 nr_cpu_ids:2 nr_node_ids:1
[    0.178712] percpu: Embedded 66 pages/cpu s230760 r8192 d31384 u1048576
[    0.178745] Fallback order for Node 0: 0 
[    0.178747] Built 1 zonelists, mobility grouping on.  Total pages: 515808
[    0.178749] Policy zone: DMA32
[    0.178749] Kernel command line: console=ttyS0 oops=panic nokaslr rdinit=/init
[    0.178792] random: crng init done
[    0.179410] Dentry cache hash table entries: 262144 (order: 9, 2097152 bytes, linear)
[    0.180092] Inode-cache hash table entries: 131072 (order: 8, 1048576 bytes, linear)
[    0.180141] mem auto-init: stack:all(zero), heap alloc:off, heap free:off
[    0.184266] stackdepot hash table entries: 1048576 (order: 11, 8388608 bytes, linear)
[    0.206287] Memory: 1695236K/2096632K available (49152K kernel code, 7787K rwdata, 9956K rodata, 5292K init, 1528K bss, 401140K reserved, 0K cma-reserved)
[    0.206402] SLUB: HWalign=64, Order=0-3, MinObjects=0, CPUs=2, Nodes=1
[    0.207359] Dynamic Preempt: voluntary
[    0.207929] rcu: Preemptible hierarchical RCU implementation.
[    0.207930] rcu: 	RCU event tracing is enabled.
[    0.207930] rcu: 	RCU restricting CPUs from NR_CPUS=64 to nr_cpu_ids=2.
[    0.207932] 	Trampoline variant of Tasks RCU enabled.
[    0.207933] rcu: RCU calculated value of scheduler-enlistment delay is 100 jiffies.
[    0.207934] rcu: Adjusting geometry for rcu_fanout_leaf=16, nr_cpu_ids=2
[    0.212922] NR_IRQS: 4352, nr_irqs: 440, preallocated irqs: 16
[    0.213107] rcu: srcu_init: Setting srcu_struct sizes based on contention.
[    0.215456] Console: colour VGA+ 80x25
[    0.215482] printk: console [ttyS0] enabled
[    0.255302] ACPI: Core revision 20221020
[    0.255652] clocksource: hpet: mask: 0xffffffff max_cycles: 0xffffffff, max_idle_ns: 19112604467 ns
[    0.256233] APIC: Switch to symmetric I/O mode setup
[    0.256525] kvm-guest: setup PV IPIs
[    0.257379] ..TIMER: vector=0x30 apic1=0 pin1=2 apic2=-1 pin2=-1
[    0.257740] clocksource: tsc-early: mask: 0xffffffffffffffff max_cycles: 0x2df10e7656b, max_idle_ns: 440795364873 ns
[    0.258384] Calibrating delay loop (skipped) preset value.. 6374.40 BogoMIPS (lpj=3187200)
[    0.258861] pid_max: default: 32768 minimum: 301
[    0.259164] LSM: initializing lsm=capability,integrity,selinux
[    0.259389] SELinux:  Initializing.
[    0.259652] Mount-cache hash table entries: 4096 (order: 3, 32768 bytes, linear)
[    0.260081] Mountpoint-cache hash table entries: 4096 (order: 3, 32768 bytes, linear)
[    0.260754] x86/cpu: User Mode Instruction Prevention (UMIP) activated
[    0.261432] Last level iTLB entries: 4KB 0, 2MB 0, 4MB 0
[    0.261740] Last level dTLB entries: 4KB 0, 2MB 0, 4MB 0, 1GB 0
[    0.262085] Spectre V1 : Mitigation: usercopy/swapgs barriers and __user pointer sanitization
[    0.262381] Spectre V2 : Mitigation: Enhanced IBRS
[    0.262660] Spectre V2 : Spectre v2 / SpectreRSB mitigation: Filling RSB on context switch
[    0.263379] Spectre V2 : Spectre v2 / PBRSB-eIBRS: Retire a single CALL on VMEXIT
[    0.263813] Spectre V2 : mitigation: Enabling conditional Indirect Branch Prediction Barrier
[    0.264380] Speculative Store Bypass: Mitigation: Speculative Store Bypass disabled via prctl
[    0.264872] MMIO Stale Data: Unknown: No mitigations
[    0.279983] Freeing SMP alternatives memory: 44K
[    0.280461] smpboot: CPU0: Intel(R) Core(TM) i9-14900K (family: 0x6, model: 0xb7, stepping: 0x1)
[    0.281135] cblist_init_generic: Setting adjustable number of callback queues.
[    0.281381] cblist_init_generic: Setting shift to 1 and lim to 1.
[    0.281754] Performance Events: unsupported p6 CPU model 183 no PMU driver, software events only.
[    0.282305] rcu: Hierarchical SRCU implementation.
[    0.282381] rcu: 	Max phase no-delay instances is 400.
[    0.283025] smp: Bringing up secondary CPUs ...
[    0.283404] x86: Booting SMP configuration:
[    0.283650] .... node  #0, CPUs:      #1
[    0.283843] smp: Brought up 1 node, 2 CPUs
[    0.283865] smpboot: Max logical packages: 1
[    0.284381] smpboot: Total of 2 processors activated (12748.80 BogoMIPS)
[    0.285423] devtmpfs: initialized
[    0.286988] clocksource: jiffies: mask: 0xffffffff max_cycles: 0xffffffff, max_idle_ns: 1911260446275000 ns
[    0.287384] futex hash table entries: 512 (order: 3, 32768 bytes, linear)
[    0.287873] PM: RTC time: 09:27:39, date: 2026-05-05
[    0.288273] NET: Registered PF_NETLINK/PF_ROUTE protocol family
[    0.288557] audit: initializing netlink subsys (disabled)
[    0.288900] audit: type=2000 audit(1777973260.040:1): state=initialized audit_enabled=0 res=1
[    0.288900] thermal_sys: Registered thermal governor 'step_wise'
[    0.289381] thermal_sys: Registered thermal governor 'user_space'
[    0.289765] cpuidle: using governor menu
[    0.290529] PCI: Using configuration type 1 for base access
[    0.290989] kprobes: kprobe jump-optimization is enabled. All kprobes are optimized if possible.
[    0.292536] HugeTLB: registered 2.00 MiB page size, pre-allocated 0 pages
[    0.292943] HugeTLB: 28 KiB vmemmap can be freed for a 2.00 MiB page
[    0.296457] ACPI: Added _OSI(Module Device)
[    0.296711] ACPI: Added _OSI(Processor Device)
[    0.296972] ACPI: Added _OSI(3.0 _SCP Extensions)
[    0.297247] ACPI: Added _OSI(Processor Aggregator Device)
[    0.303111] ACPI: 1 ACPI AML tables successfully acquired and loaded
[    0.344051] ACPI: Interpreter enabled
[    0.344414] ACPI: PM: (supports S0 S3 S4 S5)
[    0.344671] ACPI: Using IOAPIC for interrupt routing
[    0.344992] PCI: Using host bridge windows from ACPI; if necessary, use "pci=nocrs" and report a bug
[    0.345380] PCI: Using E820 reservations for host bridge windows
[    0.346071] ACPI: Enabled 2 GPEs in block 00 to 0F
[    0.356461] ACPI: PCI Root Bridge [PCI0] (domain 0000 [bus 00-ff])
[    0.356984] acpi PNP0A03:00: _OSC: OS supports [ASPM ClockPM Segments MSI HPX-Type3]
[    0.357383] acpi PNP0A03:00: _OSC: not requesting OS control; OS requires [ExtendedConfig ASPM ClockPM MSI]
[    0.357996] acpi PNP0A03:00: fail to add MMCONFIG information, can't access extended configuration space under this bridge
[    0.358554] PCI host bridge to bus 0000:00
[    0.358798] pci_bus 0000:00: root bus resource [io  0x0000-0x0cf7 window]
[    0.359197] pci_bus 0000:00: root bus resource [io  0x0d00-0xffff window]
[    0.359381] pci_bus 0000:00: root bus resource [mem 0x000a0000-0x000bffff window]
[    0.359818] pci_bus 0000:00: root bus resource [mem 0x80000000-0xfebfffff window]
[    0.360253] pci_bus 0000:00: root bus resource [mem 0x100000000-0x17fffffff window]
[    0.360382] pci_bus 0000:00: root bus resource [bus 00-ff]
[    0.360752] pci 0000:00:00.0: [8086:1237] type 00 class 0x060000
[    0.365050] pci 0000:00:01.0: [8086:7000] type 00 class 0x060100
[    0.369332] pci 0000:00:01.1: [8086:7010] type 00 class 0x010180
[    0.370280] pci 0000:00:01.1: reg 0x20: [io  0xc040-0xc04f]
[    0.370807] pci 0000:00:01.1: legacy IDE quirk: reg 0x10: [io  0x01f0-0x01f7]
[    0.371225] pci 0000:00:01.1: legacy IDE quirk: reg 0x14: [io  0x03f6]
[    0.371381] pci 0000:00:01.1: legacy IDE quirk: reg 0x18: [io  0x0170-0x0177]
[    0.371803] pci 0000:00:01.1: legacy IDE quirk: reg 0x1c: [io  0x0376]
[    0.372349] pci 0000:00:01.3: [8086:7113] type 00 class 0x068000
[    0.372609] pci 0000:00:01.3: quirk: [io  0x0600-0x063f] claimed by PIIX4 ACPI
[    0.373037] pci 0000:00:01.3: quirk: [io  0x0700-0x070f] claimed by PIIX4 SMB
[    0.373541] pci 0000:00:02.0: [1234:1111] type 00 class 0x030000
[    0.374385] pci 0000:00:02.0: reg 0x10: [mem 0xfd000000-0xfdffffff pref]
[    0.375585] pci 0000:00:02.0: reg 0x18: [mem 0xfebf0000-0xfebf0fff]
[    0.377583] pci 0000:00:02.0: reg 0x30: [mem 0xfebe0000-0xfebeffff pref]
[    0.378039] pci 0000:00:02.0: Video device with shadowed ROM at [mem 0x000c0000-0x000dffff]
[    0.382382] pci 0000:00:03.0: [8086:100e] type 00 class 0x020000
[    0.383081] pci 0000:00:03.0: reg 0x10: [mem 0xfebc0000-0xfebdffff]
[    0.383655] pci 0000:00:03.0: reg 0x14: [io  0xc000-0xc03f]
[    0.385292] pci 0000:00:03.0: reg 0x30: [mem 0xfeb80000-0xfebbffff pref]
[    0.390211] ACPI: PCI: Interrupt link LNKA configured for IRQ 10
[    0.390747] ACPI: PCI: Interrupt link LNKB configured for IRQ 10
[    0.391457] ACPI: PCI: Interrupt link LNKC configured for IRQ 11
[    0.392183] ACPI: PCI: Interrupt link LNKD configured for IRQ 11
[    0.392529] ACPI: PCI: Interrupt link LNKS configured for IRQ 9
[    0.393875] iommu: Default domain type: Translated 
[    0.394169] iommu: DMA domain TLB invalidation policy: lazy mode 
[    0.394561] SCSI subsystem initialized
[    0.394805] ACPI: bus type USB registered
[    0.394805] usbcore: registered new interface driver usbfs
[    0.394805] usbcore: registered new interface driver hub
[    0.395081] usbcore: registered new device driver usb
[    0.395423] pps_core: LinuxPPS API ver. 1 registered
[    0.395714] pps_core: Software ver. 5.3.6 - Copyright 2005-2007 Rodolfo Giometti <giometti@linux.it>
[    0.396252] PTP clock support registered
[    0.397455] Advanced Linux Sound Architecture Driver Initialized.
[    0.398142] NetLabel: Initializing
[    0.398381] NetLabel:  domain hash size = 128
[    0.398637] NetLabel:  protocols = UNLABELED CIPSOv4 CALIPSO
[    0.399004] NetLabel:  unlabeled traffic allowed by default
[    0.399392] PCI: Using ACPI for IRQ routing
[    0.399732] pci 0000:00:02.0: vgaarb: setting as boot VGA device
[    0.399747] pci 0000:00:02.0: vgaarb: bridge control possible
[    0.400081] pci 0000:00:02.0: vgaarb: VGA device added: decodes=io+mem,owns=io+mem,locks=none
[    0.400380] vgaarb: loaded
[    0.400603] hpet0: at MMIO 0xfed00000, IRQs 2, 8, 0
[    0.400890] hpet0: 3 comparators, 64-bit 100.000000 MHz counter
[    0.403424] clocksource: Switched to clocksource kvm-clock
[    0.403916] VFS: Disk quotas dquot_6.6.0
[    0.404155] VFS: Dquot-cache hash table entries: 512 (order 0, 4096 bytes)
[    0.404596] pnp: PnP ACPI init
[    0.406538] pnp: PnP ACPI: found 6 devices
[    0.413494] clocksource: acpi_pm: mask: 0xffffff max_cycles: 0xffffff, max_idle_ns: 2085701024 ns
[    0.414050] NET: Registered PF_INET protocol family
[    0.415900] IP idents hash table entries: 32768 (order: 6, 262144 bytes, linear)
[    0.416756] tcp_listen_portaddr_hash hash table entries: 1024 (order: 2, 16384 bytes, linear)
[    0.417261] Table-perturb hash table entries: 65536 (order: 6, 262144 bytes, linear)
[    0.417716] TCP established hash table entries: 16384 (order: 5, 131072 bytes, linear)
[    0.418193] TCP bind hash table entries: 16384 (order: 7, 524288 bytes, linear)
[    0.418639] TCP: Hash tables configured (established 16384 bind 16384)
[    0.419044] UDP hash table entries: 1024 (order: 3, 32768 bytes, linear)
[    0.419441] UDP-Lite hash table entries: 1024 (order: 3, 32768 bytes, linear)
[    0.419919] NET: Registered PF_UNIX/PF_LOCAL protocol family
[    0.420401] RPC: Registered named UNIX socket transport module.
[    0.420745] RPC: Registered udp transport module.
[    0.421020] RPC: Registered tcp transport module.
[    0.421296] RPC: Registered tcp NFSv4.1 backchannel transport module.
[    0.421996] pci_bus 0000:00: resource 4 [io  0x0000-0x0cf7 window]
[    0.422366] pci_bus 0000:00: resource 5 [io  0x0d00-0xffff window]
[    0.422728] pci_bus 0000:00: resource 6 [mem 0x000a0000-0x000bffff window]
[    0.423127] pci_bus 0000:00: resource 7 [mem 0x80000000-0xfebfffff window]
[    0.423529] pci_bus 0000:00: resource 8 [mem 0x100000000-0x17fffffff window]
[    0.424040] pci 0000:00:01.0: PIIX3: Enabling Passive Release
[    0.424385] pci 0000:00:00.0: Limiting direct PCI/PCI transfers
[    0.424762] PCI: CLS 0 bytes, default 64
[    0.425053] RAPL PMU: API unit is 2^-32 Joules, 0 fixed counters, 10737418240 ms ovfl timer
[    0.425129] Unpacking initramfs...
[    0.425564] clocksource: tsc: mask: 0xffffffffffffffff max_cycles: 0x2df10e7656b, max_idle_ns: 440795364873 ns
[    0.433299] Initialise system trusted keyrings
[    0.433801] workingset: timestamp_bits=56 max_order=19 bucket_order=0
[    0.434471] NFS: Registering the id_resolver key type
[    0.434775] Key type id_resolver registered
[    0.435020] Key type id_legacy registered
[    0.435303] 9p: Installing v9fs 9p2000 file system support
[    0.439455] Key type asymmetric registered
[    0.439731] Asymmetric key parser 'x509' registered
[    0.439778] Freeing initrd memory: 1336K
[    0.440035] Block layer SCSI generic (bsg) driver version 0.4 loaded (major 251)
[    0.440699] io scheduler mq-deadline registered
[    0.440962] io scheduler kyber registered
[    0.441370] input: Power Button as /devices/LNXSYSTM:00/LNXPWRBN:00/input/input0
[    0.441884] ACPI: button: Power Button [PWRF]
[    0.442455] Serial: 8250/16550 driver, 4 ports, IRQ sharing enabled
[    0.442900] 00:04: ttyS0 at I/O 0x3f8 (irq = 4, base_baud = 115200) is a 16550A
[    0.443885] Non-volatile memory driver v1.3
[    0.444134] Linux agpgart interface v0.103
[    0.444456] ACPI: bus type drm_connector registered
[    0.447926] loop: module loaded
[    0.449107] scsi host0: ata_piix
[    0.449508] scsi host1: ata_piix
[    0.449777] ata1: PATA max MWDMA2 cmd 0x1f0 ctl 0x3f6 bmdma 0xc040 irq 14
[    0.450175] ata2: PATA max MWDMA2 cmd 0x170 ctl 0x376 bmdma 0xc048 irq 15
[    0.450974] e100: Intel(R) PRO/100 Network Driver
[    0.451252] e100: Copyright(c) 1999-2006 Intel Corporation
[    0.451586] e1000: Intel(R) PRO/1000 Network Driver
[    0.451871] e1000: Copyright (c) 1999-2006 Intel Corporation.
[    0.607683] ata2: found unknown device (class 0)
[    0.608323] ata2.00: ATAPI: QEMU DVD-ROM, 2.5+, max UDMA/100
[    0.609257] scsi 1:0:0:0: CD-ROM            QEMU     QEMU DVD-ROM     2.5+ PQ: 0 ANSI: 5
[    0.656740] sr 1:0:0:0: [sr0] scsi3-mmc drive: 4x/4x cd/rw xa/form2 tray
[    0.657146] cdrom: Uniform CD-ROM driver Revision: 3.20
[    0.675139] sr 1:0:0:0: Attached scsi generic sg0 type 5
[    0.783032] ACPI: \_SB_.LNKC: Enabled at IRQ 11
[    1.072961] e1000 0000:00:03.0 eth0: (PCI:33MHz:32-bit) 52:54:00:12:34:56
[    1.073392] e1000 0000:00:03.0 eth0: Intel(R) PRO/1000 Network Connection
[    1.073822] e1000e: Intel(R) PRO/1000 Network Driver
[    1.074112] e1000e: Copyright(c) 1999 - 2015 Intel Corporation.
[    1.074478] sky2: driver version 1.30
[    1.075022] usbcore: registered new interface driver usblp
[    1.075366] usbcore: registered new interface driver usb-storage
[    1.075777] i8042: PNP: PS/2 Controller [PNP0303:KBD,PNP0f13:MOU] at 0x60,0x64 irq 1,12
[    1.076698] serio: i8042 KBD port at 0x60,0x64 irq 1
[    1.076994] serio: i8042 AUX port at 0x60,0x64 irq 12
[    1.077671] rtc_cmos 00:05: RTC can wake from S4
[    1.078045] input: AT Translated Set 2 keyboard as /devices/platform/i8042/serio0/input/input1
[    1.079869] rtc_cmos 00:05: registered as rtc0
[    1.080247] rtc_cmos 00:05: alarms up to one day, y3k, 242 bytes nvram, hpet irqs
[    1.080970] device-mapper: ioctl: 4.47.0-ioctl (2022-07-28) initialised: dm-devel@redhat.com
[    1.081561] intel_pstate: CPU model not supported
[    1.081913] hid: raw HID events driver (C) Jiri Kosina
[    1.082488] usbcore: registered new interface driver usbhid
[    1.082875] usbhid: USB HID core driver
[    1.085472] Initializing XFRM netlink socket
[    1.085771] NET: Registered PF_INET6 protocol family
[    1.086433] Segment Routing with IPv6
[    1.086663] In-situ OAM (IOAM) with IPv6
[    1.086935] sit: IPv6, IPv4 and MPLS over IPv4 tunneling driver
[    1.087506] NET: Registered PF_PACKET protocol family
[    1.087870] 9pnet: Installing 9P2000 support
[    1.088205] Key type dns_resolver registered
[    1.088700] IPI shorthand broadcast: enabled
[    1.100546] sched_clock: Marking stable (1057113384, 43266879)->(1109442003, -9061740)
[    1.101256] registered taskstats version 1
[    1.101548] Loading compiled-in X.509 certificates
[    1.108211] PM:   Magic number: 10:248:474
[    1.108549] printk: console [netcon0] enabled
[    1.108856] netconsole: network logging started
[    1.109345] cfg80211: Loading compiled-in X.509 certificates for regulatory database
[    1.110048] kworker/u4:2 (53) used greatest stack depth: 29512 bytes left
[    1.110842] cfg80211: Loaded X.509 cert 'sforshee: 00b28ddf47aef9cea7'
[    1.111233] ALSA device list:
[    1.111415]   No soundcards found.
[    1.112375] Freeing unused kernel image (initmem) memory: 5292K
[    1.112671] platform regulatory.0: Direct firmware load for regulatory.db failed with error -2
[    1.113003] cfg80211: failed to load regulatory.db
[    1.114464] Write protecting the kernel read-only data: 59392k
[    1.114790] Freeing unused kernel image (rodata/data gap) memory: 284K
[    1.122466] x86/mm: Checked W+X mappings: passed, no W+X pages found.
[    1.122773] Run /init as init process
[    1.124390] mount (57) used greatest stack depth: 28832 bytes left

secb: rootfs ready
---- poc begin ----
poc: starting
poc: lo up
poc: bound port=37633
poc: espintcp ULP installed
poc: listen:[    1.131765] poc (63) used greatest stack depth: 27560 bytes left
 Invalid argument (kernel appears patched)
---- poc end rc=0 ----
secb: poc exited without crashing the kernel
[    1.704027] input: ImExPS/2 Generic Explorer Mouse as /devices/platform/i8042/serio1/input/input3
[    2.426546] ACPI: PM: Preparing to enter system sleep state S5
[    2.426853] reboot: Power down
NO_CRASH_DETECTED
