bash: warning: setlocale: LC_ALL: cannot change locale (en_US.UTF-8)
c[?7l[2J[0mSeaBIOS (version 1.16.2-debian-1.16.2-1)


iPXE (http://ipxe.org) 00:03.0 CA00 PCI2.10 PnP PMM+7EFCEF00+7EF0EF00 CA00
Press Ctrl-B to configure iPXE (PCI 00:03.0)...                                                                               


Booting from ROM..c[?7l[2J[    0.000000] Linux version 6.16.0-12109-g2efe41234dbd-dirty (root@buildkitsandbox) (gcc (Debian 12.2.0-14+deb12u1) 12.2.0, GNU ld (GNU Binutils for Debian) 2.40) #1 SMP PREEMPT_DYNAMIC Tue May  5 17:16:07 UTC 2026
[    0.000000] Command line: console=ttyS0 oops=panic nokaslr rdinit=/init
[    0.000000] BIOS-provided physical RAM map:
[    0.000000] BIOS-e820: [mem 0x0000000000000000-0x000000000009fbff] usable
[    0.000000] BIOS-e820: [mem 0x000000000009fc00-0x000000000009ffff] reserved
[    0.000000] BIOS-e820: [mem 0x00000000000f0000-0x00000000000fffff] reserved
[    0.000000] BIOS-e820: [mem 0x0000000000100000-0x000000007ffdffff] usable
[    0.000000] BIOS-e820: [mem 0x000000007ffe0000-0x000000007fffffff] reserved
[    0.000000] BIOS-e820: [mem 0x00000000feffc000-0x00000000feffffff] reserved
[    0.000000] BIOS-e820: [mem 0x00000000fffc0000-0x00000000ffffffff] reserved
[    0.000000] NX (Execute Disable) protection: active
[    0.000000] APIC: Static calls initialized
[    0.000000] SMBIOS 2.8 present.
[    0.000000] DMI: QEMU Standard PC (i440FX + PIIX, 1996), BIOS 1.16.2-debian-1.16.2-1 04/01/2014
[    0.000000] DMI: Memory slots populated: 1/1
[    0.000000] Hypervisor detected: KVM
[    0.000000] kvm-clock: Using msrs 4b564d01 and 4b564d00
[    0.000000] kvm-clock: using sched offset of 304291147 cycles
[    0.000002] clocksource: kvm-clock: mask: 0xffffffffffffffff max_cycles: 0x1cd42e4dffb, max_idle_ns: 881590591483 ns
[    0.000004] tsc: Detected 3187.200 MHz processor
[    0.000323] last_pfn = 0x7ffe0 max_arch_pfn = 0x400000000
[    0.000341] MTRR map: 4 entries (3 fixed + 1 variable; max 19), built from 8 variable MTRRs
[    0.000343] x86/PAT: Configuration [0-7]: WB  WC  UC- UC  WB  WP  UC- WT  
[    0.002528] found SMP MP-table at [mem 0x000f5ba0-0x000f5baf]
[    0.002536] Using GB pages for direct mapping
[    0.002626] RAMDISK: [mem 0x7fe89000-0x7ffdffff]
[    0.002631] ACPI: Early table checksum verification disabled
[    0.002633] ACPI: RSDP 0x00000000000F59D0 000014 (v00 BOCHS )
[    0.002636] ACPI: RSDT 0x000000007FFE1B33 000034 (v01 BOCHS  BXPC     00000001 BXPC 00000001)
[    0.002640] ACPI: FACP 0x000000007FFE19DF 000074 (v01 BOCHS  BXPC     00000001 BXPC 00000001)
[    0.002644] ACPI: DSDT 0x000000007FFE0040 00199F (v01 BOCHS  BXPC     00000001 BXPC 00000001)
[    0.002646] ACPI: FACS 0x000000007FFE0000 000040
[    0.002648] ACPI: APIC 0x000000007FFE1A53 000080 (v01 BOCHS  BXPC     00000001 BXPC 00000001)
[    0.002649] ACPI: HPET 0x000000007FFE1AD3 000038 (v01 BOCHS  BXPC     00000001 BXPC 00000001)
[    0.002651] ACPI: WAET 0x000000007FFE1B0B 000028 (v01 BOCHS  BXPC     00000001 BXPC 00000001)
[    0.002652] ACPI: Reserving FACP table memory at [mem 0x7ffe19df-0x7ffe1a52]
[    0.002653] ACPI: Reserving DSDT table memory at [mem 0x7ffe0040-0x7ffe19de]
[    0.002654] ACPI: Reserving FACS table memory at [mem 0x7ffe0000-0x7ffe003f]
[    0.002654] ACPI: Reserving APIC table memory at [mem 0x7ffe1a53-0x7ffe1ad2]
[    0.002655] ACPI: Reserving HPET table memory at [mem 0x7ffe1ad3-0x7ffe1b0a]
[    0.002655] ACPI: Reserving WAET table memory at [mem 0x7ffe1b0b-0x7ffe1b32]
[    0.002836] No NUMA configuration found
[    0.002837] Faking a node at [mem 0x0000000000000000-0x000000007ffdffff]
[    0.002838] NODE_DATA(0) allocated [mem 0x7fe85900-0x7fe88fff]
[    0.002846] Zone ranges:
[    0.002847]   DMA      [mem 0x0000000000001000-0x0000000000ffffff]
[    0.002848]   DMA32    [mem 0x0000000001000000-0x000000007ffdffff]
[    0.002849]   Normal   empty
[    0.002849] Movable zone start for each node
[    0.002850] Early memory node ranges
[    0.002850]   node   0: [mem 0x0000000000001000-0x000000000009efff]
[    0.002851]   node   0: [mem 0x0000000000100000-0x000000007ffdffff]
[    0.002852] Initmem setup node 0 [mem 0x0000000000001000-0x000000007ffdffff]
[    0.003493] On node 0, zone DMA: 1 pages in unavailable ranges
[    0.003527] On node 0, zone DMA: 97 pages in unavailable ranges
[    0.022299] On node 0, zone DMA32: 32 pages in unavailable ranges
[    0.209850] kasan: KernelAddressSanitizer initialized
[    0.210050] ACPI: PM-Timer IO Port: 0x608
[    0.210063] ACPI: LAPIC_NMI (acpi_id[0xff] dfl dfl lint[0x1])
[    0.210092] IOAPIC[0]: apic_id 0, version 17, address 0xfec00000, GSI 0-23
[    0.210094] ACPI: INT_SRC_OVR (bus 0 bus_irq 0 global_irq 2 dfl dfl)
[    0.210095] ACPI: INT_SRC_OVR (bus 0 bus_irq 5 global_irq 5 high level)
[    0.210096] ACPI: INT_SRC_OVR (bus 0 bus_irq 9 global_irq 9 high level)
[    0.210097] ACPI: INT_SRC_OVR (bus 0 bus_irq 10 global_irq 10 high level)
[    0.210098] ACPI: INT_SRC_OVR (bus 0 bus_irq 11 global_irq 11 high level)
[    0.210100] ACPI: Using ACPI (MADT) for SMP configuration information
[    0.210101] ACPI: HPET id: 0x8086a201 base: 0xfed00000
[    0.210104] TSC deadline timer available
[    0.210106] CPU topo: Max. logical packages:   1
[    0.210106] CPU topo: Max. logical dies:       1
[    0.210107] CPU topo: Max. dies per package:   1
[    0.210108] CPU topo: Max. threads per core:   1
[    0.210109] CPU topo: Num. cores per package:     2
[    0.210109] CPU topo: Num. threads per package:   2
[    0.210110] CPU topo: Allowing 2 present CPUs plus 0 hotplug CPUs
[    0.210123] kvm-guest: APIC: eoi() replaced with kvm_guest_apic_eoi_write()
[    0.210134] kvm-guest: KVM setup pv remote TLB flush
[    0.210136] kvm-guest: setup PV sched yield
[    0.210141] PM: hibernation: Registered nosave memory: [mem 0x00000000-0x00000fff]
[    0.210143] PM: hibernation: Registered nosave memory: [mem 0x0009f000-0x000fffff]
[    0.210144] [mem 0x80000000-0xfeffbfff] available for PCI devices
[    0.210145] Booting paravirtualized kernel on KVM
[    0.210147] clocksource: refined-jiffies: mask: 0xffffffff max_cycles: 0xffffffff, max_idle_ns: 1910969940391419 ns
[    0.218790] setup_percpu: NR_CPUS:64 nr_cpumask_bits:2 nr_cpu_ids:2 nr_node_ids:1
[    0.219898] percpu: Embedded 64 pages/cpu s221976 r8192 d31976 u1048576
[    0.219926] Kernel command line: console=ttyS0 oops=panic nokaslr rdinit=/init
[    0.219967] random: crng init done
[    0.219968] printk: log buffer data + meta data: 262144 + 917504 = 1179648 bytes
[    0.220511] Dentry cache hash table entries: 262144 (order: 9, 2097152 bytes, linear)
[    0.220559] Inode-cache hash table entries: 131072 (order: 8, 1048576 bytes, linear)
[    0.220606] Fallback order for Node 0: 0 
[    0.220608] Built 1 zonelists, mobility grouping on.  Total pages: 524158
[    0.220608] Policy zone: DMA32
[    0.220609] mem auto-init: stack:all(zero), heap alloc:off, heap free:off
[    0.220610] stackdepot: allocating hash table via alloc_large_system_hash
[    0.220611] stackdepot hash table entries: 1048576 (order: 12, 16777216 bytes, linear)
[    0.230407] stackdepot: allocating space for 8192 stack pools via memblock
[    0.249561] SLUB: HWalign=64, Order=0-3, MinObjects=0, CPUs=2, Nodes=1
[    0.250563] Dynamic Preempt: voluntary
[    0.251933] rcu: Preemptible hierarchical RCU implementation.
[    0.251934] rcu: 	RCU event tracing is enabled.
[    0.251934] rcu: 	RCU restricting CPUs from NR_CPUS=64 to nr_cpu_ids=2.
[    0.251936] 	Trampoline variant of Tasks RCU enabled.
[    0.251936] 	Tracing variant of Tasks RCU enabled.
[    0.251937] rcu: RCU calculated value of scheduler-enlistment delay is 100 jiffies.
[    0.251938] rcu: Adjusting geometry for rcu_fanout_leaf=16, nr_cpu_ids=2
[    0.251950] RCU Tasks: Setting shift to 1 and lim to 1 rcu_task_cb_adjust=1 rcu_task_cpu_ids=2.
[    0.251952] RCU Tasks Trace: Setting shift to 1 and lim to 1 rcu_task_cb_adjust=1 rcu_task_cpu_ids=2.
[    0.260047] NR_IRQS: 4352, nr_irqs: 440, preallocated irqs: 16
[    0.260281] rcu: srcu_init: Setting srcu_struct sizes based on contention.
[    0.262459] Console: colour VGA+ 80x25
[    0.262488] printk: legacy console [ttyS0] enabled
[    0.300898] ACPI: Core revision 20250404
[    0.301238] clocksource: hpet: mask: 0xffffffff max_cycles: 0xffffffff, max_idle_ns: 19112604467 ns
[    0.301792] APIC: Switch to symmetric I/O mode setup
[    0.302169] x2apic enabled
[    0.302468] APIC: Switched APIC routing to: physical x2apic
[    0.302775] kvm-guest: APIC: send_IPI_mask() replaced with kvm_send_ipi_mask()
[    0.303179] kvm-guest: APIC: send_IPI_mask_allbutself() replaced with kvm_send_ipi_mask_allbutself()
[    0.303677] kvm-guest: setup PV IPIs
[    0.304493] ..TIMER: vector=0x30 apic1=0 pin1=2 apic2=-1 pin2=-1
[    0.304840] clocksource: tsc-early: mask: 0xffffffffffffffff max_cycles: 0x2df10e7656b, max_idle_ns: 440795364873 ns
[    0.305415] Calibrating delay loop (skipped) preset value.. 6374.40 BogoMIPS (lpj=3187200)
[    0.306491] x86/cpu: User Mode Instruction Prevention (UMIP) activated
[    0.306894] Last level iTLB entries: 4KB 0, 2MB 0, 4MB 0
[    0.307187] Last level dTLB entries: 4KB 0, 2MB 0, 4MB 0, 1GB 0
[    0.307418] mitigations: Enabled attack vectors: user_kernel, user_user, SMT mitigations: auto
[    0.307891] Speculative Store Bypass: Mitigation: Speculative Store Bypass disabled via prctl
[    0.308413] Spectre V2 : Mitigation: Enhanced / Automatic IBRS
[    0.308733] ITS: Mitigation: Aligned branch/return thunks
[    0.309033] Spectre V1 : Mitigation: usercopy/swapgs barriers and __user pointer sanitization
[    0.309414] Spectre V2 : Spectre v2 / PBRSB-eIBRS: Retire a single CALL on VMEXIT
[    0.309827] Spectre V2 : mitigation: Enabling conditional Indirect Branch Prediction Barrier
[    0.310414] active return thunk: its_return_thunk
[    0.310689] x86/fpu: Supporting XSAVE feature 0x001: 'x87 floating point registers'
[    0.311121] x86/fpu: Supporting XSAVE feature 0x002: 'SSE registers'
[    0.311413] x86/fpu: Supporting XSAVE feature 0x004: 'AVX registers'
[    0.311773] x86/fpu: Supporting XSAVE feature 0x200: 'Protection Keys User registers'
[    0.312413] x86/fpu: xstate_offset[2]:  576, xstate_sizes[2]:  256
[    0.312763] x86/fpu: xstate_offset[9]:  832, xstate_sizes[9]:    8
[    0.313113] x86/fpu: Enabled xstate features 0x207, context size is 840 bytes, using 'compacted' format.
[    0.331741] Freeing SMP alternatives memory: 52K
[    0.332019] pid_max: default: 32768 minimum: 301
[    0.332330] LSM: initializing lsm=capability,selinux
[    0.332433] SELinux:  Initializing.
[    0.332763] Mount-cache hash table entries: 4096 (order: 3, 32768 bytes, linear)
[    0.333190] Mountpoint-cache hash table entries: 4096 (order: 3, 32768 bytes, linear)
[    0.333805] smpboot: CPU0: Intel(R) Core(TM) i9-14900K (family: 0x6, model: 0xb7, stepping: 0x1)
[    0.334412] Performance Events: unsupported CPU family 6 model 183 no PMU driver, software events only.
[    0.334434] signal: max sigframe size: 3632
[    0.334705] rcu: Hierarchical SRCU implementation.
[    0.334980] rcu: 	Max phase no-delay instances is 400.
[    0.335330] Timer migration: 1 hierarchy levels; 8 children per group; 1 crossnode level
[    0.337218] smp: Bringing up secondary CPUs ...
[    0.337542] smpboot: x86: Booting SMP configuration:
[    0.337824] .... node  #0, CPUs:      #1
[    0.337955] smp: Brought up 1 node, 2 CPUs
[    0.338652] smpboot: Total of 2 processors activated (12748.80 BogoMIPS)
[    0.339178] Memory: 1668908K/2096632K available (52569K kernel code, 8919K rwdata, 11624K rodata, 6168K init, 2868K bss, 420856K reserved, 0K cma-reserved)
[    0.340471] devtmpfs: initialized
[    0.342593] clocksource: jiffies: mask: 0xffffffff max_cycles: 0xffffffff, max_idle_ns: 1911260446275000 ns
[    0.342993] posixtimers hash table entries: 1024 (order: 2, 16384 bytes, linear)
[    0.343417] futex hash table entries: 512 (32768 bytes on 1 NUMA nodes, total 32 KiB, linear).
[    0.344028] PM: RTC time: 17:19:28, date: 2026-05-05
[    0.344436] NET: Registered PF_NETLINK/PF_ROUTE protocol family
[    0.344977] audit: initializing netlink subsys (disabled)
[    0.345435] audit: type=2000 audit(1778001569.196:1): state=initialized audit_enabled=0 res=1
[    0.345733] thermal_sys: Registered thermal governor 'step_wise'
[    0.345935] cpuidle: using governor menu
[    0.346934] PCI: Using configuration type 1 for base access
[    0.347441] kprobes: kprobe jump-optimization is enabled. All kprobes are optimized if possible.
[    0.349543] HugeTLB: allocation took 0ms with hugepage_allocation_threads=1
[    0.349960] HugeTLB: registered 2.00 MiB page size, pre-allocated 0 pages
[    0.350355] HugeTLB: 28 KiB vmemmap can be freed for a 2.00 MiB page
[    0.350743] ACPI: Added _OSI(Module Device)
[    0.350991] ACPI: Added _OSI(Processor Device)
[    0.351253] ACPI: Added _OSI(Processor Aggregator Device)
[    0.357809] ACPI: 1 ACPI AML tables successfully acquired and loaded
[    0.364540] ACPI: Interpreter enabled
[    0.364795] ACPI: PM: (supports S0 S3 S4 S5)
[    0.365053] ACPI: Using IOAPIC for interrupt routing
[    0.365370] PCI: Using host bridge windows from ACPI; if necessary, use "pci=nocrs" and report a bug
[    0.366414] PCI: Using E820 reservations for host bridge windows
[    0.367117] ACPI: Enabled 2 GPEs in block 00 to 0F
[    0.379094] ACPI: PCI Root Bridge [PCI0] (domain 0000 [bus 00-ff])
[    0.379421] acpi PNP0A03:00: _OSC: OS supports [ASPM ClockPM Segments MSI HPX-Type3]
[    0.379872] acpi PNP0A03:00: _OSC: not requesting OS control; OS requires [ExtendedConfig ASPM ClockPM MSI]
[    0.380464] acpi PNP0A03:00: fail to add MMCONFIG information, can't access extended configuration space under this bridge
[    0.381269] PCI host bridge to bus 0000:00
[    0.381437] pci_bus 0000:00: root bus resource [io  0x0000-0x0cf7 window]
[    0.381833] pci_bus 0000:00: root bus resource [io  0x0d00-0xffff window]
[    0.382230] pci_bus 0000:00: root bus resource [mem 0x000a0000-0x000bffff window]
[    0.382415] pci_bus 0000:00: root bus resource [mem 0x80000000-0xfebfffff window]
[    0.382851] pci_bus 0000:00: root bus resource [mem 0x100000000-0x17fffffff window]
[    0.383296] pci_bus 0000:00: root bus resource [bus 00-ff]
[    0.383442] pci 0000:00:00.0: [8086:1237] type 00 class 0x060000 conventional PCI endpoint
[    0.388098] pci 0000:00:01.0: [8086:7000] type 00 class 0x060100 conventional PCI endpoint
[    0.393507] pci 0000:00:01.1: [8086:7010] type 00 class 0x010180 conventional PCI endpoint
[    0.394313] pci 0000:00:01.1: BAR 4 [io  0xc040-0xc04f]
[    0.394434] pci 0000:00:01.1: BAR 0 [io  0x01f0-0x01f7]: legacy IDE quirk
[    0.394827] pci 0000:00:01.1: BAR 1 [io  0x03f6]: legacy IDE quirk
[    0.395188] pci 0000:00:01.1: BAR 2 [io  0x0170-0x0177]: legacy IDE quirk
[    0.395414] pci 0000:00:01.1: BAR 3 [io  0x0376]: legacy IDE quirk
[    0.395914] pci 0000:00:01.3: [8086:7113] type 00 class 0x068000 conventional PCI endpoint
[    0.396577] pci 0000:00:01.3: quirk: [io  0x0600-0x063f] claimed by PIIX4 ACPI
[    0.397001] pci 0000:00:01.3: quirk: [io  0x0700-0x070f] claimed by PIIX4 SMB
[    0.397568] pci 0000:00:02.0: [1234:1111] type 00 class 0x030000 conventional PCI endpoint
[    0.398646] pci 0000:00:02.0: BAR 0 [mem 0xfd000000-0xfdffffff pref]
[    0.399032] pci 0000:00:02.0: BAR 2 [mem 0xfebf0000-0xfebf0fff]
[    0.399390] pci 0000:00:02.0: ROM [mem 0xfebe0000-0xfebeffff pref]
[    0.399462] pci 0000:00:02.0: Video device with shadowed ROM at [mem 0x000c0000-0x000dffff]
[    0.403943] pci 0000:00:03.0: [8086:100e] type 00 class 0x020000 conventional PCI endpoint
[    0.405002] pci 0000:00:03.0: BAR 0 [mem 0xfebc0000-0xfebdffff]
[    0.405351] pci 0000:00:03.0: BAR 1 [io  0xc000-0xc03f]
[    0.406433] pci 0000:00:03.0: ROM [mem 0xfeb80000-0xfebbffff pref]
[    0.411748] ACPI: PCI: Interrupt link LNKA configured for IRQ 10
[    0.412492] ACPI: PCI: Interrupt link LNKB configured for IRQ 10
[    0.413214] ACPI: PCI: Interrupt link LNKC configured for IRQ 11
[    0.413787] ACPI: PCI: Interrupt link LNKD configured for IRQ 11
[    0.414286] ACPI: PCI: Interrupt link LNKS configured for IRQ 9
[    0.415389] iommu: Default domain type: Translated
[    0.415414] iommu: DMA domain TLB invalidation policy: lazy mode
[    0.416580] SCSI subsystem initialized
[    0.417488] ACPI: bus type USB registered
[    0.417783] usbcore: registered new interface driver usbfs
[    0.418123] usbcore: registered new interface driver hub
[    0.419105] usbcore: registered new device driver usb
[    0.419105] pps_core: LinuxPPS API ver. 1 registered
[    0.419105] pps_core: Software ver. 5.3.6 - Copyright 2005-2007 Rodolfo Giometti <giometti@linux.it>
[    0.419421] PTP clock support registered
[    0.420473] Advanced Linux Sound Architecture Driver Initialized.
[    0.420497] NetLabel: Initializing
[    0.420700] NetLabel:  domain hash size = 128
[    0.420955] NetLabel:  protocols = UNLABELED CIPSOv4 CALIPSO
[    0.421319] NetLabel:  unlabeled traffic allowed by default
[    0.422446] PCI: Using ACPI for IRQ routing
[    0.422747] pci 0000:00:02.0: vgaarb: setting as boot VGA device
[    0.422775] pci 0000:00:02.0: vgaarb: bridge control possible
[    0.423112] pci 0000:00:02.0: vgaarb: VGA device added: decodes=io+mem,owns=io+mem,locks=none
[    0.423414] vgaarb: loaded
[    0.423623] hpet0: at MMIO 0xfed00000, IRQs 2, 8, 0
[    0.423913] hpet0: 3 comparators, 64-bit 100.000000 MHz counter
[    0.428444] clocksource: Switched to clocksource kvm-clock
[    0.428984] VFS: Disk quotas dquot_6.6.0
[    0.429221] VFS: Dquot-cache hash table entries: 512 (order 0, 4096 bytes)
[    0.429884] pnp: PnP ACPI init
[    0.431150] pnp: PnP ACPI: found 6 devices
[    0.439349] clocksource: acpi_pm: mask: 0xffffff max_cycles: 0xffffff, max_idle_ns: 2085701024 ns
[    0.439903] NET: Registered PF_INET protocol family
[    0.440236] IP idents hash table entries: 32768 (order: 6, 262144 bytes, linear)
[    0.441084] tcp_listen_portaddr_hash hash table entries: 1024 (order: 2, 16384 bytes, linear)
[    0.441583] Table-perturb hash table entries: 65536 (order: 6, 262144 bytes, linear)
[    0.442038] TCP established hash table entries: 16384 (order: 5, 131072 bytes, linear)
[    0.444003] TCP bind hash table entries: 16384 (order: 7, 524288 bytes, linear)
[    0.444460] TCP: Hash tables configured (established 16384 bind 16384)
[    0.444871] UDP hash table entries: 1024 (order: 4, 65536 bytes, linear)
[    0.445271] UDP-Lite hash table entries: 1024 (order: 4, 65536 bytes, linear)
[    0.445747] NET: Registered PF_UNIX/PF_LOCAL protocol family
[    0.446256] RPC: Registered named UNIX socket transport module.
[    0.446613] RPC: Registered udp transport module.
[    0.446893] RPC: Registered tcp transport module.
[    0.447176] RPC: Registered tcp-with-tls transport module.
[    0.447506] RPC: Registered tcp NFSv4.1 backchannel transport module.
[    0.448207] pci_bus 0000:00: resource 4 [io  0x0000-0x0cf7 window]
[    0.448570] pci_bus 0000:00: resource 5 [io  0x0d00-0xffff window]
[    0.448931] pci_bus 0000:00: resource 6 [mem 0x000a0000-0x000bffff window]
[    0.449333] pci_bus 0000:00: resource 7 [mem 0x80000000-0xfebfffff window]
[    0.449731] pci_bus 0000:00: resource 8 [mem 0x100000000-0x17fffffff window]
[    0.450231] pci 0000:00:01.0: PIIX3: Enabling Passive Release
[    0.450569] pci 0000:00:00.0: Limiting direct PCI/PCI transfers
[    0.450945] PCI: CLS 0 bytes, default 64
[    0.451230] RAPL PMU: API unit is 2^-32 Joules, 0 fixed counters, 10737418240 ms ovfl timer
[    0.451289] Unpacking initramfs...
[    0.451724] clocksource: tsc: mask: 0xffffffffffffffff max_cycles: 0x2df10e7656b, max_idle_ns: 440795364873 ns
[    0.455854] Initialise system trusted keyrings
[    0.456871] workingset: timestamp_bits=56 max_order=19 bucket_order=0
[    0.458206] NFS: Registering the id_resolver key type
[    0.458519] Key type id_resolver registered
[    0.458776] Key type id_legacy registered
[    0.459091] 9p: Installing v9fs 9p2000 file system support
[    0.465982] Key type asymmetric registered
[    0.466220] Freeing initrd memory: 1372K
[    0.466270] Asymmetric key parser 'x509' registered
[    0.466827] Block layer SCSI generic (bsg) driver version 0.4 loaded (major 251)
[    0.467280] io scheduler mq-deadline registered
[    0.467546] io scheduler kyber registered
[    0.467969] input: Power Button as /devices/LNXSYSTM:00/LNXPWRBN:00/input/input0
[    0.468505] ACPI: button: Power Button [PWRF]
[    0.469078] Serial: 8250/16550 driver, 4 ports, IRQ sharing enabled
[    0.469618] 00:04: ttyS0 at I/O 0x3f8 (irq = 4, base_baud = 115200) is a 16550A
[    0.470821] Non-volatile memory driver v1.3
[    0.471074] Linux agpgart interface v0.103
[    0.472048] ACPI: bus type drm_connector registered
[    0.474902] loop: module loaded
[    0.476152] scsi host0: ata_piix
[    0.478015] scsi host1: ata_piix
[    0.478311] ata1: PATA max MWDMA2 cmd 0x1f0 ctl 0x3f6 bmdma 0xc040 irq 14 lpm-pol 0
[    0.478757] ata2: PATA max MWDMA2 cmd 0x170 ctl 0x376 bmdma 0xc048 irq 15 lpm-pol 0
[    0.479747] e100: Intel(R) PRO/100 Network Driver
[    0.480040] e100: Copyright(c) 1999-2006 Intel Corporation
[    0.480401] e1000: Intel(R) PRO/1000 Network Driver
[    0.480706] e1000: Copyright (c) 1999-2006 Intel Corporation.
[    0.631329] ata2: found unknown device (class 0)
[    0.632029] ata2.00: ATAPI: QEMU DVD-ROM, 2.5+, max UDMA/100
[    0.633123] scsi 1:0:0:0: CD-ROM            QEMU     QEMU DVD-ROM     2.5+ PQ: 0 ANSI: 5
[    0.648679] sr 1:0:0:0: [sr0] scsi3-mmc drive: 4x/4x cd/rw xa/form2 tray
[    0.649073] cdrom: Uniform CD-ROM driver Revision: 3.20
[    0.660091] sr 1:0:0:0: Attached scsi generic sg0 type 5
[    0.818259] ACPI: \_SB_.LNKC: Enabled at IRQ 11
[    1.102440] e1000 0000:00:03.0 eth0: (PCI:33MHz:32-bit) 52:54:00:12:34:56
[    1.102850] e1000 0000:00:03.0 eth0: Intel(R) PRO/1000 Network Connection
[    1.103295] e1000e: Intel(R) PRO/1000 Network Driver
[    1.103581] e1000e: Copyright(c) 1999 - 2015 Intel Corporation.
[    1.103958] sky2: driver version 1.30
[    1.104517] usbcore: registered new interface driver usblp
[    1.104859] usbcore: registered new interface driver usb-storage
[    1.105275] i8042: PNP: PS/2 Controller [PNP0303:KBD,PNP0f13:MOU] at 0x60,0x64 irq 1,12
[    1.106212] serio: i8042 KBD port at 0x60,0x64 irq 1
[    1.106516] serio: i8042 AUX port at 0x60,0x64 irq 12
[    1.107181] input: AT Translated Set 2 keyboard as /devices/platform/i8042/serio0/input/input1
[    1.107785] rtc_cmos 00:05: RTC can wake from S4
[    1.108704] rtc_cmos 00:05: registered as rtc0
[    1.109034] rtc_cmos 00:05: alarms up to one day, y3k, 242 bytes nvram, hpet irqs
[    1.110043] device-mapper: ioctl: 4.50.0-ioctl (2025-04-28) initialised: dm-devel@lists.linux.dev
[    1.110576] intel_pstate: CPU model not supported
[    1.110878] hid: raw HID events driver (C) Jiri Kosina
[    1.111589] usbcore: registered new interface driver usbhid
[    1.111916] usbhid: USB HID core driver
[    1.114368] Initializing XFRM netlink socket
[    1.114654] NET: Registered PF_INET6 protocol family
[    1.115332] Segment Routing with IPv6
[    1.115567] In-situ OAM (IOAM) with IPv6
[    1.115830] sit: IPv6, IPv4 and MPLS over IPv4 tunneling driver
[    1.116404] NET: Registered PF_PACKET protocol family
[    1.116785] 9pnet: Installing 9P2000 support
[    1.117069] Key type dns_resolver registered
[    1.117648] IPI shorthand broadcast: enabled
[    1.127828] sched_clock: Marking stable (1085000932, 42126282)->(1129760670, -2633456)
[    1.128482] registered taskstats version 1
[    1.128726] Loading compiled-in X.509 certificates
[    1.136383] Demotion targets for Node 0: null
[    1.136738] PM:   Magic number: 10:443:339
[    1.137014] netconsole: network logging started
[    1.137352] cfg80211: Loading compiled-in X.509 certificates for regulatory database
[    1.137907] kworker/u8:1 (59) used greatest stack depth: 29744 bytes left
[    1.139195] kworker/u8:1 (60) used greatest stack depth: 29664 bytes left
[    1.139808] Loaded X.509 cert 'sforshee: 00b28ddf47aef9cea7'
[    1.140290] Loaded X.509 cert 'wens: 61c038651aabdcf94bd0ac7ff06c7248db18c600'
[    1.140761] faux_driver regulatory: Direct firmware load for regulatory.db failed with error -2
[    1.141270] cfg80211: failed to load regulatory.db
[    1.141565] ALSA device list:
[    1.141741]   No soundcards found.
[    1.142799] Freeing unused kernel image (initmem) memory: 6168K
[    1.143048] Write protecting the kernel read-only data: 65536k
[    1.143476] Freeing unused kernel image (text/rodata gap) memory: 676K
[    1.143845] Freeing unused kernel image (rodata/data gap) memory: 664K
[    1.153791] x86/mm: Checked W+X mappings: passed, no W+X pages found.
[    1.154082] Run /init as init process
[    1.156210] mkdir (62) used greatest stack depth: 28912 bytes left
[    1.156935] mount (63) used greatest stack depth: 28176 bytes left

secb: rootfs ready
---- poc begin ----
poc: starting
poc: lo up
poc: iter=0
[    1.247930] ------------[ cut here ]------------
[    1.248257] WARNING: CPU: 1 PID: 69 at net/tls/tls_strp.c:487 tls_strp_msg_load+0x452/0x4e0
[    1.248832] Modules linked in:
[    1.249060] CPU: 1 UID: 0 PID: 69 Comm: poc Not tainted 6.16.0-12109-g2efe41234dbd-dirty #1 PREEMPT(voluntary) 
[    1.249762] Hardware name: QEMU Standard PC (i440FX + PIIX, 1996), BIOS 1.16.2-debian-1.16.2-1 04/01/2014
[    1.250430] RIP: 0010:tls_strp_msg_load+0x452/0x4e0
[    1.250779] Code: d9 fd 8b 74 24 04 e9 0d fc ff ff e8 e8 34 d9 fd e9 4c fd ff ff e8 1e 34 d9 fd e9 13 fd ff ff e8 34 35 d9 fd e9 dc fc ff ff 90 <0f> 0b 90 e9 32 fd ff ff e8 61 34 d9 fd e9 0e fc ff ff 48 89 df e8
[    1.252078] RSP: 0018:ffffc9000049f948 EFLAGS: 00010202
[    1.252531] RAX: 0000000000000007 RBX: ffff888006e9d858 RCX: ffffffff83be170d
[    1.253131] RDX: 0000000000000000 RSI: 0000000000000025 RDI: ffff88800a4509e0
[    1.253727] RBP: ffff88800a450980 R08: 0000000000000000 R09: ffffed100148a13c
[    1.254329] R10: ffff88800a4509e7 R11: 0000000000000080 R12: ffff888006e9d864
[    1.254921] R13: 0000000000000000 R14: 000000008371e428 R15: 0000000000000001
[    1.255514] FS:  000000002557b3c0(0000) GS:ffff8880e6a12000(0000) knlGS:0000000000000000
[    1.256195] CS:  0010 DS: 0000 ES: 0000 CR0: 0000000080050033
[    1.256670] CR2: 00000000005847d0 CR3: 00000000095f7004 CR4: 0000000000770ef0
[    1.257314] PKRU: 55555554
[    1.257607] Call Trace:
[    1.257925]  <TASK>
[    1.258204]  tls_rx_rec_wait+0x70d/0x8e0
[    1.258687]  ? __pfx_tls_rx_rec_wait+0x10/0x10
[    1.259237]  ? __pfx_woken_wake_function+0x10/0x10
[    1.259821]  tls_sw_recvmsg+0x589/0x1960
[    1.260315]  ? __pfx_tls_sw_recvmsg+0x10/0x10
[    1.260849]  ? stack_depot_save_flags+0x29/0x800
[    1.261416]  ? kasan_record_aux_stack+0x8c/0xa0
[    1.261972]  ? __pfx_inet_recvmsg+0x10/0x10
[    1.262493]  inet_recvmsg+0x310/0x410
[    1.262948]  ? __pfx_inet_recvmsg+0x10/0x10
[    1.263461]  ? __pfx_inet_recvmsg+0x10/0x10
[    1.263972]  sock_recvmsg+0x178/0x220
[    1.264433]  __sys_recvfrom+0x19b/0x2a0
[    1.264913]  ? __pfx___sys_recvfrom+0x10/0x10
[    1.265454]  ? fput_close_sync+0xe2/0x190
[    1.265949]  ? __pfx_fput_close_sync+0x10/0x10
[    1.266498]  ? file_close_fd_locked+0x173/0x290
[    1.267054]  __x64_sys_recvfrom+0xdb/0x1b0
[    1.267556]  ? fpregs_assert_state_consistent+0x26/0xa0
[    1.268214]  do_syscall_64+0xa8/0x270
[    1.268669]  entry_SYSCALL_64_after_hwframe+0x77/0x7f
[    1.269260] RIP: 0033:0x43eb44
[    1.269623] Code: 89 4c 24 1c e8 cd 2b 02 00 44 8b 54 24 1c 8b 3c 24 45 31 c9 89 c5 48 8b 54 24 10 48 8b 74 24 08 45 31 c0 b8 2d 00 00 00 0f 05 <48> 3d 00 f0 ff ff 77 34 89 ef 48 89 04 24 e8 19 2c 02 00 48 8b 04
[    1.271695] RSP: 002b:00007ffca3d0ebd0 EFLAGS: 00000246 ORIG_RAX: 000000000000002d
[    1.272560] RAX: ffffffffffffffda RBX: 0000000000000000 RCX: 000000000043eb44
[    1.273383] RDX: 0000000000001000 RSI: 00007ffca3d0ec70 RDI: 0000000000000004
[    1.274201] RBP: 0000000000000000 R08: 0000000000000000 R09: 0000000000000000
[    1.274769] R10: 0000000000000040 R11: 0000000000000246 R12: 0000000000000005
[    1.275247] R13: 00007ffca3d0ec70 R14: 0000000000000001 R15: 0000000000000001
[    1.275719]  </TASK>
[    1.275876] ---[ end trace 0000000000000000 ]---
[    1.276194] ==================================================================
[    1.276665] BUG: KASAN: slab-use-after-free in __skb_nsg+0x306/0x380
[    1.277086] Read of size 4 at addr ffff88800a4f6150 by task poc/69
[    1.277494] 
[    1.277608] CPU: 1 UID: 0 PID: 69 Comm: poc Tainted: G        W           6.16.0-12109-g2efe41234dbd-dirty #1 PREEMPT(voluntary) 
[    1.277612] Tainted: [W]=WARN
[    1.277613] Hardware name: QEMU Standard PC (i440FX + PIIX, 1996), BIOS 1.16.2-debian-1.16.2-1 04/01/2014
[    1.277614] Call Trace:
[    1.277616]  <TASK>
[    1.277616]  dump_stack_lvl+0x53/0x70
[    1.277621]  print_report+0xce/0x650
[    1.277624]  ? __skb_nsg+0x306/0x380
[    1.277627]  kasan_report+0xce/0x100
[    1.277629]  ? __skb_nsg+0x306/0x380
[    1.277632]  __skb_nsg+0x306/0x380
[    1.277635]  ? add_taint+0x25/0x90
[    1.277638]  tls_decrypt_sg+0x240/0x2c70
[    1.277641]  ? report_bug+0x261/0x2c0
[    1.277644]  ? __pfx_tls_decrypt_sg+0x10/0x10
[    1.277647]  ? tls_strp_msg_load+0x36d/0x4e0
[    1.277649]  ? tls_strp_msg_load+0x454/0x4e0
[    1.277652]  ? tls_strp_msg_load+0x36d/0x4e0
[    1.277654]  ? tls_rx_rec_wait+0x70d/0x8e0
[    1.277657]  tls_rx_one_record+0xd1/0x1000
[    1.277661]  ? __pfx_tls_rx_one_record+0x10/0x10
[    1.277664]  tls_sw_recvmsg+0x8f0/0x1960
[    1.277667]  ? __pfx_tls_sw_recvmsg+0x10/0x10
[    1.277669]  ? stack_depot_save_flags+0x29/0x800
[    1.277671]  ? kasan_record_aux_stack+0x8c/0xa0
[    1.277674]  ? __pfx_inet_recvmsg+0x10/0x10
[    1.277677]  inet_recvmsg+0x310/0x410
[    1.277679]  ? __pfx_inet_recvmsg+0x10/0x10
[    1.277682]  ? __pfx_inet_recvmsg+0x10/0x10
[    1.277684]  sock_recvmsg+0x178/0x220
[    1.277686]  __sys_recvfrom+0x19b/0x2a0
[    1.277688]  ? __pfx___sys_recvfrom+0x10/0x10
[    1.277692]  ? fput_close_sync+0xe2/0x190
[    1.277694]  ? __pfx_fput_close_sync+0x10/0x10
[    1.277697]  ? file_close_fd_locked+0x173/0x290
[    1.277700]  __x64_sys_recvfrom+0xdb/0x1b0
[    1.277702]  ? fpregs_assert_state_consistent+0x26/0xa0
[    1.277705]  do_syscall_64+0xa8/0x270
[    1.277707]  entry_SYSCALL_64_after_hwframe+0x77/0x7f
[    1.277709] RIP: 0033:0x43eb44
[    1.277711] Code: 89 4c 24 1c e8 cd 2b 02 00 44 8b 54 24 1c 8b 3c 24 45 31 c9 89 c5 48 8b 54 24 10 48 8b 74 24 08 45 31 c0 b8 2d 00 00 00 0f 05 <48> 3d 00 f0 ff ff 77 34 89 ef 48 89 04 24 e8 19 2c 02 00 48 8b 04
[    1.277713] RSP: 002b:00007ffca3d0ebd0 EFLAGS: 00000246 ORIG_RAX: 000000000000002d
[    1.277715] RAX: ffffffffffffffda RBX: 0000000000000000 RCX: 000000000043eb44
[    1.277716] RDX: 0000000000001000 RSI: 00007ffca3d0ec70 RDI: 0000000000000004
[    1.277717] RBP: 0000000000000000 R08: 0000000000000000 R09: 0000000000000000
[    1.277718] R10: 0000000000000040 R11: 0000000000000246 R12: 0000000000000005
[    1.277719] R13: 00007ffca3d0ec70 R14: 0000000000000001 R15: 0000000000000001
[    1.277722]  </TASK>
[    1.277722] 
[    1.288256] Allocated by task 69:
[    1.288393]  kasan_save_stack+0x33/0x60
[    1.288549]  kasan_save_track+0x14/0x30
[    1.288705]  __kasan_slab_alloc+0x6e/0x70
[    1.288866]  kmem_cache_alloc_node_noprof+0xf2/0x330
[    1.289063]  __alloc_skb+0x207/0x2d0
[    1.289208]  tcp_stream_alloc_skb+0x2c/0x510
[    1.289380]  tcp_sendmsg_locked+0x126c/0x3bb0
[    1.289553]  tcp_sendmsg+0x26/0x40
[    1.289691]  __sys_sendto+0x364/0x430
[    1.289841]  __x64_sys_sendto+0xdb/0x1b0
[    1.289998]  do_syscall_64+0xa8/0x270
[    1.290149]  entry_SYSCALL_64_after_hwframe+0x77/0x7f
[    1.290351] 
[    1.290419] Freed by task 69:
[    1.290543]  kasan_save_stack+0x33/0x60
[    1.290701]  kasan_save_track+0x14/0x30
[    1.290855]  kasan_save_free_info+0x3b/0x60
[    1.291021]  __kasan_slab_free+0x3e/0x50
[    1.291179]  kmem_cache_free+0xce/0x370
[    1.291332]  net_rx_action+0x3e5/0xe90
[    1.291482]  handle_softirqs+0x1b8/0x5c0
[    1.291640]  do_softirq+0x3e/0x60
[    1.291775]  __local_bh_enable_ip+0x65/0x70
[    1.291942]  __dev_queue_xmit+0x94b/0x3320
[    1.292105]  ip_finish_output2+0x71f/0x19a0
[    1.292271]  __ip_finish_output.part.0+0x472/0x8e0
[    1.292461]  ip_output+0x260/0x4e0
[    1.292598]  __ip_queue_xmit+0xcff/0x1d10
[    1.292758]  __tcp_transmit_skb+0x2425/0x3910
[    1.292935]  tcp_write_xmit+0x11ad/0x7440
[    1.293094]  __tcp_push_pending_frames+0x8f/0x2f0
[    1.293281]  __tcp_close+0x7df/0xd40
[    1.293425]  tcp_close+0x1e/0xb0
[    1.293557]  inet_release+0xc9/0x1c0
[    1.293701]  __sock_release+0x9e/0x260
[    1.293852]  sock_close+0x10/0x20
[    1.293994]  __fput+0x359/0xac0
[    1.294128]  fput_close_sync+0xe2/0x190
[    1.294285]  __x64_sys_close+0x78/0xd0
[    1.294436]  do_syscall_64+0xa8/0x270
[    1.294584]  entry_SYSCALL_64_after_hwframe+0x77/0x7f
[    1.294785] 
[    1.294852] The buggy address belongs to the object at ffff88800a4f6000
[    1.294852]  which belongs to the cache skbuff_fclone_cache of size 456
[    1.295370] The buggy address is located 336 bytes inside of
[    1.295370]  freed 456-byte region [ffff88800a4f6000, ffff88800a4f61c8)
[    1.295849] 
[    1.295918] The buggy address belongs to the physical page:
[    1.296143] page: refcount:0 mapcount:0 mapping:0000000000000000 index:0x0 pfn:0xa4f6
[    1.296455] head: order:1 mapcount:0 entire_mapcount:0 nr_pages_mapped:0 pincount:0
[    1.296759] flags: 0x100000000000040(head|node=0|zone=1)
[    1.296972] page_type: f5(slab)
[    1.297106] raw: 0100000000000040 ffff888007656a00 dead000000000122 0000000000000000
[    1.297415] raw: 0000000000000000 00000000800c000c 00000000f5000000 0000000000000000
[    1.297723] head: 0100000000000040 ffff888007656a00 dead000000000122 0000000000000000
[    1.298032] head: 0000000000000000 00000000800c000c 00000000f5000000 0000000000000000
[    1.298344] head: 0100000000000001 ffffea0000293d81 00000000ffffffff 00000000ffffffff
[    1.298655] head: 0000000000000000 0000000000000000 00000000ffffffff 0000000000000000
[    1.298960] page dumped because: kasan: bad access detected
[    1.299176] 
[    1.299243] Memory state around the buggy address:
[    1.299432]  ffff88800a4f6000: fa fb fb fb fb fb fb fb fb fb fb fb fb fb fb fb
[    1.299712]  ffff88800a4f6080: fb fb fb fb fb fb fb fb fb fb fb fb fb fb fb fb
[    1.299993] >ffff88800a4f6100: fb fb fb fb fb fb fb fb fb fb fb fb fb fb fb fb
[    1.300272]                                                  ^
[    1.300500]  ffff88800a4f6180: fb fb fb fb fb fb fb fb fb fc fc fc fc fc fc fc
[    1.300780]  ffff88800a4f6200: fc fc fc fc fc fc fc fc fc fc fc fc fc fc fc fc
[    1.301059] ==================================================================
[    1.301346] Disabling lock debugging due to kernel taint
[    1.301568] ------------[ cut here ]------------
[    1.301751] WARNING: CPU: 1 PID: 69 at net/core/skbuff.c:5157 __skb_to_sgvec+0x34c/0xb50
[    1.302065] Modules linked in:
[    1.302203] CPU: 1 UID: 0 PID: 69 Comm: poc Tainted: G    B   W           6.16.0-12109-g2efe41234dbd-dirty #1 PREEMPT(voluntary) 
[    1.302648] Tainted: [B]=BAD_PAGE, [W]=WARN
[    1.302816] Hardware name: QEMU Standard PC (i440FX + PIIX, 1996), BIOS 1.16.2-debian-1.16.2-1 04/01/2014
[    1.303185] RIP: 0010:__skb_to_sgvec+0x34c/0xb50
[    1.303369] Code: 0f b6 04 28 38 c8 7f 08 84 c0 0f 85 0f 04 00 00 0f b6 43 02 39 d0 0f 8e d7 01 00 00 43 8d 04 39 44 39 e0 0f 8d 21 fe ff ff 90 <0f> 0b 90 e9 18 fe ff ff 41 8d 4b ff 48 8b 3c 24 48 63 c9 48 c1 e1
[    1.304078] RSP: 0018:ffffc9000049f760 EFLAGS: 00010282
[    1.304285] RAX: 00000000fffffff1 RBX: ffff8880097b3240 RCX: 00000000ffffffe4
[    1.304562] RDX: 0000000000000000 RSI: ffff888009535bfc RDI: ffff8880097b3242
[    1.304840] RBP: ffffea0000284680 R08: 0000000000000000 R09: 000000000000000d
[    1.305116] R10: ffff888009535b40 R11: 0000000000000000 R12: 0000000000000000
[    1.305394] R13: dffffc0000000000 R14: 0000000000000000 R15: 00000000ffffffe4
[    1.305671] FS:  000000002557b3c0(0000) GS:ffff8880e6a12000(0000) knlGS:0000000000000000
[    1.305985] CS:  0010 DS: 0000 ES: 0000 CR0: 0000000080050033
[    1.306213] CR2: 00000000005847d0 CR3: 00000000095f7004 CR4: 0000000000770ef0
[    1.306491] PKRU: 55555554
[    1.306601] Call Trace:
[    1.306703]  <TASK>
[    1.306794]  ? __kmalloc_noprof+0x192/0x420
[    1.306961]  skb_to_sgvec+0x14/0x70
[    1.307102]  tls_decrypt_sg+0x1107/0x2c70
[    1.307265]  ? __pfx_tls_decrypt_sg+0x10/0x10
[    1.307440]  ? tls_strp_msg_load+0x36d/0x4e0
[    1.307611]  ? tls_strp_msg_load+0x454/0x4e0
[    1.307784]  ? tls_strp_msg_load+0x36d/0x4e0
[    1.307956]  ? tls_rx_rec_wait+0x70d/0x8e0
[    1.308120]  tls_rx_one_record+0xd1/0x1000
[    1.308287]  ? __pfx_tls_rx_one_record+0x10/0x10
[    1.308472]  tls_sw_recvmsg+0x8f0/0x1960
[    1.308629]  ? __pfx_tls_sw_recvmsg+0x10/0x10
[    1.308804]  ? stack_depot_save_flags+0x29/0x800
[    1.308988]  ? kasan_record_aux_stack+0x8c/0xa0
[    1.309173]  ? __pfx_inet_recvmsg+0x10/0x10
[    1.309339]  inet_recvmsg+0x310/0x410
[    1.309487]  ? __pfx_inet_recvmsg+0x10/0x10
[    1.309653]  ? __pfx_inet_recvmsg+0x10/0x10
[    1.309821]  sock_recvmsg+0x178/0x220
[    1.309969]  __sys_recvfrom+0x19b/0x2a0
[    1.310123]  ? __pfx___sys_recvfrom+0x10/0x10
[    1.310302]  ? fput_close_sync+0xe2/0x190
[    1.310462]  ? __pfx_fput_close_sync+0x10/0x10
[    1.310639]  ? file_close_fd_locked+0x173/0x290
[    1.310823]  __x64_sys_recvfrom+0xdb/0x1b0
[    1.310986]  ? fpregs_assert_state_consistent+0x26/0xa0
[    1.311197]  do_syscall_64+0xa8/0x270
[    1.311345]  entry_SYSCALL_64_after_hwframe+0x77/0x7f
[    1.311544] RIP: 0033:0x43eb44
[    1.311669] Code: 89 4c 24 1c e8 cd 2b 02 00 44 8b 54 24 1c 8b 3c 24 45 31 c9 89 c5 48 8b 54 24 10 48 8b 74 24 08 45 31 c0 b8 2d 00 00 00 0f 05 <48> 3d 00 f0 ff ff 77 34 89 ef 48 89 04 24 e8 19 2c 02 00 48 8b 04
[    1.312379] RSP: 002b:00007ffca3d0ebd0 EFLAGS: 00000246 ORIG_RAX: 000000000000002d
[    1.312672] RAX: ffffffffffffffda RBX: 0000000000000000 RCX: 000000000043eb44
[    1.312950] RDX: 0000000000001000 RSI: 00007ffca3d0ec70 RDI: 0000000000000004
[    1.313229] RBP: 0000000000000000 R08: 0000000000000000 R09: 0000000000000000
[    1.313505] R10: 0000000000000040 R11: 0000000000000246 R12: 0000000000000005
[    1.313784] R13: 00007ffca3d0ec70 R14: 0000000000000001 R15: 0000000000000001
[    1.314061]  </TASK>
[    1.314155] ---[ end trace 0000000000000000 ]---
[    1.314344] ------------[ cut here ]------------
[    1.314526] kernel BUG at net/core/skbuff.c:5200!
[    1.314715] Oops: invalid opcode: 0000 [#1] SMP KASAN NOPTI
[    1.314935] CPU: 1 UID: 0 PID: 69 Comm: poc Tainted: G    B   W           6.16.0-12109-g2efe41234dbd-dirty #1 PREEMPT(voluntary) 
[    1.315380] Tainted: [B]=BAD_PAGE, [W]=WARN
[    1.315545] Hardware name: QEMU Standard PC (i440FX + PIIX, 1996), BIOS 1.16.2-debian-1.16.2-1 04/01/2014
[    1.315910] RIP: 0010:__skb_to_sgvec+0x675/0xb50
[    1.316093] Code: 00 0f 85 58 03 00 00 f6 02 02 0f 84 3f ff ff ff e9 2b fd ff ff 41 89 c3 e9 29 fd ff ff 45 89 e3 45 85 ff 0f 84 1d fd ff ff 90 <0f> 0b 44 89 4c 24 58 4c 89 54 24 18 44 89 5c 24 10 e8 85 85 2b fe
[    1.316802] RSP: 0018:ffffc9000049f760 EFLAGS: 00010286
[    1.317006] RAX: dffffc0000000000 RBX: 0000000000000000 RCX: 0000000000000002
[    1.317282] RDX: 1ffff110012f6649 RSI: 0000000000000000 RDI: ffff8880097b3248
[    1.317558] RBP: 0000000000000000 R08: 0000000000000000 R09: 000000000000000d
[    1.317835] R10: ffff888009535b40 R11: 0000000000000000 R12: 0000000000000001
[    1.318111] R13: dffffc0000000000 R14: 0000000000000000 R15: 00000000ffffffe4
[    1.318387] FS:  000000002557b3c0(0000) GS:ffff8880e6a12000(0000) knlGS:0000000000000000
[    1.318698] CS:  0010 DS: 0000 ES: 0000 CR0: 0000000080050033
[    1.318925] CR2: 00000000005847d0 CR3: 00000000095f7004 CR4: 0000000000770ef0
[    1.319202] PKRU: 55555554
[    1.319313] Call Trace:
[    1.319414]  <TASK>
[    1.319503]  ? __kmalloc_noprof+0x192/0x420
[    1.319670]  skb_to_sgvec+0x14/0x70
[    1.319812]  tls_decrypt_sg+0x1107/0x2c70
[    1.319973]  ? __pfx_tls_decrypt_sg+0x10/0x10
[    1.320148]  ? tls_strp_msg_load+0x36d/0x4e0
[    1.320319]  ? tls_strp_msg_load+0x454/0x4e0
[    1.320490]  ? tls_strp_msg_load+0x36d/0x4e0
[    1.320661]  ? tls_rx_rec_wait+0x70d/0x8e0
[    1.320827]  tls_rx_one_record+0xd1/0x1000
[    1.320990]  ? __pfx_tls_rx_one_record+0x10/0x10
[    1.321174]  tls_sw_recvmsg+0x8f0/0x1960
[    1.321332]  ? __pfx_tls_sw_recvmsg+0x10/0x10
[    1.321505]  ? stack_depot_save_flags+0x29/0x800
[    1.321689]  ? kasan_record_aux_stack+0x8c/0xa0
[    1.321872]  ? __pfx_inet_recvmsg+0x10/0x10
[    1.322039]  inet_recvmsg+0x310/0x410
[    1.322187]  ? __pfx_inet_recvmsg+0x10/0x10
[    1.322353]  ? __pfx_inet_recvmsg+0x10/0x10
[    1.322519]  sock_recvmsg+0x178/0x220
[    1.322667]  __sys_recvfrom+0x19b/0x2a0
[    1.322822]  ? __pfx___sys_recvfrom+0x10/0x10
[    1.322997]  ? fput_close_sync+0xe2/0x190
[    1.323158]  ? __pfx_fput_close_sync+0x10/0x10
[    1.323335]  ? file_close_fd_locked+0x173/0x290
[    1.323517]  __x64_sys_recvfrom+0xdb/0x1b0
[    1.323680]  ? fpregs_assert_state_consistent+0x26/0xa0
[    1.323888]  do_syscall_64+0xa8/0x270
[    1.324036]  entry_SYSCALL_64_after_hwframe+0x77/0x7f
[    1.324234] RIP: 0033:0x43eb44
[    1.324359] Code: 89 4c 24 1c e8 cd 2b 02 00 44 8b 54 24 1c 8b 3c 24 45 31 c9 89 c5 48 8b 54 24 10 48 8b 74 24 08 45 31 c0 b8 2d 00 00 00 0f 05 <48> 3d 00 f0 ff ff 77 34 89 ef 48 89 04 24 e8 19 2c 02 00 48 8b 04
[    1.325066] RSP: 002b:00007ffca3d0ebd0 EFLAGS: 00000246 ORIG_RAX: 000000000000002d
[    1.325357] RAX: ffffffffffffffda RBX: 0000000000000000 RCX: 000000000043eb44
[    1.325633] RDX: 0000000000001000 RSI: 00007ffca3d0ec70 RDI: 0000000000000004
[    1.325910] RBP: 0000000000000000 R08: 0000000000000000 R09: 0000000000000000
[    1.326186] R10: 0000000000000040 R11: 0000000000000246 R12: 0000000000000005
[    1.326462] R13: 00007ffca3d0ec70 R14: 0000000000000001 R15: 0000000000000001
[    1.326738]  </TASK>
[    1.326831] Modules linked in:
[    1.326961] ---[ end trace 0000000000000000 ]---
[    1.327147] RIP: 0010:__skb_to_sgvec+0x675/0xb50
[    1.327331] Code: 00 0f 85 58 03 00 00 f6 02 02 0f 84 3f ff ff ff e9 2b fd ff ff 41 89 c3 e9 29 fd ff ff 45 89 e3 45 85 ff 0f 84 1d fd ff ff 90 <0f> 0b 44 89 4c 24 58 4c 89 54 24 18 44 89 5c 24 10 e8 85 85 2b fe
[    1.328040] RSP: 0018:ffffc9000049f760 EFLAGS: 00010286
[    1.328247] RAX: dffffc0000000000 RBX: 0000000000000000 RCX: 0000000000000002
[    1.328524] RDX: 1ffff110012f6649 RSI: 0000000000000000 RDI: ffff8880097b3248
[    1.328802] RBP: 0000000000000000 R08: 0000000000000000 R09: 000000000000000d
[    1.329078] R10: ffff888009535b40 R11: 0000000000000000 R12: 0000000000000001
[    1.329358] R13: dffffc0000000000 R14: 0000000000000000 R15: 00000000ffffffe4
[    1.329634] FS:  000000002557b3c0(0000) GS:ffff8880e6a12000(0000) knlGS:0000000000000000
[    1.329948] CS:  0010 DS: 0000 ES: 0000 CR0: 0000000080050033
[    1.330177] CR2: 00000000005847d0 CR3: 00000000095f7004 CR4: 0000000000770ef0
[    1.330454] PKRU: 55555554
[    1.330565] Kernel panic - not syncing: Fatal exception
[    1.330829] Kernel Offset: disabled
CONFIRMED: KASAN_UAF
