bash: warning: setlocale: LC_ALL: cannot change locale (en_US.UTF-8)
c[?7l[2J[0mSeaBIOS (version 1.16.2-debian-1.16.2-1)


iPXE (http://ipxe.org) 00:03.0 CA00 PCI2.10 PnP PMM+7EFCEF00+7EF0EF00 CA00
Press Ctrl-B to configure iPXE (PCI 00:03.0)...                                                                               


Booting from ROM...
c[?7l[2J[    0.000000] Linux version 6.16.0-12111-g7ce0996d42c3-dirty (root@buildkitsandbox) (gcc (Debian 12.2.0-14+deb12u1) 12.2.0, GNU ld (GNU Binutils for Debian) 2.40) #2 SMP PREEMPT_DYNAMIC Tue May  5 17:20:11 UTC 2026
[    0.000000] Command line: console=ttyS0 oops=panic nokaslr rdinit=/init
[    0.000000] BIOS-provided physical RAM map:
[    0.000000] BIOS-e820: [mem 0x0000000000000000-0x000000000009fbff] usable
[    0.000000] BIOS-e820: [mem 0x000000000009fc00-0x000000000009ffff] reserved
[    0.000000] BIOS-e820: [mem 0x00000000000f0000-0x00000000000fffff] reserved
[    0.000000] BIOS-e820: [mem 0x0000000000100000-0x000000007ffdffff] usable
[    0.000000] BIOS-e820: [mem 0x000000007ffe0000-0x000000007fffffff] reserved
[    0.000000] BIOS-e820: [mem 0x00000000feffc000-0x00000000feffffff] reserved
[    0.000000] BIOS-e820: [mem 0x00000000fffc0000-0x00000000ffffffff] reserved
[    0.000000] NX (Execute Disable) protection: active
[    0.000000] APIC: Static calls initialized
[    0.000000] SMBIOS 2.8 present.
[    0.000000] DMI: QEMU Standard PC (i440FX + PIIX, 1996), BIOS 1.16.2-debian-1.16.2-1 04/01/2014
[    0.000000] DMI: Memory slots populated: 1/1
[    0.000000] Hypervisor detected: KVM
[    0.000000] kvm-clock: Using msrs 4b564d01 and 4b564d00
[    0.000000] kvm-clock: using sched offset of 342230840 cycles
[    0.000002] clocksource: kvm-clock: mask: 0xffffffffffffffff max_cycles: 0x1cd42e4dffb, max_idle_ns: 881590591483 ns
[    0.000003] tsc: Detected 3187.200 MHz processor
[    0.000301] last_pfn = 0x7ffe0 max_arch_pfn = 0x400000000
[    0.000318] MTRR map: 4 entries (3 fixed + 1 variable; max 19), built from 8 variable MTRRs
[    0.000320] x86/PAT: Configuration [0-7]: WB  WC  UC- UC  WB  WP  UC- WT  
[    0.002378] found SMP MP-table at [mem 0x000f5ba0-0x000f5baf]
[    0.002383] Using GB pages for direct mapping
[    0.002478] RAMDISK: [mem 0x7fe89000-0x7ffdffff]
[    0.002481] ACPI: Early table checksum verification disabled
[    0.002483] ACPI: RSDP 0x00000000000F59D0 000014 (v00 BOCHS )
[    0.002486] ACPI: RSDT 0x000000007FFE1B33 000034 (v01 BOCHS  BXPC     00000001 BXPC 00000001)
[    0.002490] ACPI: FACP 0x000000007FFE19DF 000074 (v01 BOCHS  BXPC     00000001 BXPC 00000001)
[    0.002494] ACPI: DSDT 0x000000007FFE0040 00199F (v01 BOCHS  BXPC     00000001 BXPC 00000001)
[    0.002496] ACPI: FACS 0x000000007FFE0000 000040
[    0.002498] ACPI: APIC 0x000000007FFE1A53 000080 (v01 BOCHS  BXPC     00000001 BXPC 00000001)
[    0.002499] ACPI: HPET 0x000000007FFE1AD3 000038 (v01 BOCHS  BXPC     00000001 BXPC 00000001)
[    0.002501] ACPI: WAET 0x000000007FFE1B0B 000028 (v01 BOCHS  BXPC     00000001 BXPC 00000001)
[    0.002502] ACPI: Reserving FACP table memory at [mem 0x7ffe19df-0x7ffe1a52]
[    0.002503] ACPI: Reserving DSDT table memory at [mem 0x7ffe0040-0x7ffe19de]
[    0.002503] ACPI: Reserving FACS table memory at [mem 0x7ffe0000-0x7ffe003f]
[    0.002504] ACPI: Reserving APIC table memory at [mem 0x7ffe1a53-0x7ffe1ad2]
[    0.002505] ACPI: Reserving HPET table memory at [mem 0x7ffe1ad3-0x7ffe1b0a]
[    0.002505] ACPI: Reserving WAET table memory at [mem 0x7ffe1b0b-0x7ffe1b32]
[    0.002676] No NUMA configuration found
[    0.002677] Faking a node at [mem 0x0000000000000000-0x000000007ffdffff]
[    0.002678] NODE_DATA(0) allocated [mem 0x7fe85900-0x7fe88fff]
[    0.002686] Zone ranges:
[    0.002686]   DMA      [mem 0x0000000000001000-0x0000000000ffffff]
[    0.002688]   DMA32    [mem 0x0000000001000000-0x000000007ffdffff]
[    0.002688]   Normal   empty
[    0.002689] Movable zone start for each node
[    0.002689] Early memory node ranges
[    0.002690]   node   0: [mem 0x0000000000001000-0x000000000009efff]
[    0.002690]   node   0: [mem 0x0000000000100000-0x000000007ffdffff]
[    0.002691] Initmem setup node 0 [mem 0x0000000000001000-0x000000007ffdffff]
[    0.004179] On node 0, zone DMA: 1 pages in unavailable ranges
[    0.004214] On node 0, zone DMA: 97 pages in unavailable ranges
[    0.027822] On node 0, zone DMA32: 32 pages in unavailable ranges
[    0.305233] kasan: KernelAddressSanitizer initialized
[    0.305421] ACPI: PM-Timer IO Port: 0x608
[    0.305434] ACPI: LAPIC_NMI (acpi_id[0xff] dfl dfl lint[0x1])
[    0.305465] IOAPIC[0]: apic_id 0, version 17, address 0xfec00000, GSI 0-23
[    0.305468] ACPI: INT_SRC_OVR (bus 0 bus_irq 0 global_irq 2 dfl dfl)
[    0.305469] ACPI: INT_SRC_OVR (bus 0 bus_irq 5 global_irq 5 high level)
[    0.305470] ACPI: INT_SRC_OVR (bus 0 bus_irq 9 global_irq 9 high level)
[    0.305471] ACPI: INT_SRC_OVR (bus 0 bus_irq 10 global_irq 10 high level)
[    0.305471] ACPI: INT_SRC_OVR (bus 0 bus_irq 11 global_irq 11 high level)
[    0.305474] ACPI: Using ACPI (MADT) for SMP configuration information
[    0.305474] ACPI: HPET id: 0x8086a201 base: 0xfed00000
[    0.305477] TSC deadline timer available
[    0.305479] CPU topo: Max. logical packages:   1
[    0.305480] CPU topo: Max. logical dies:       1
[    0.305480] CPU topo: Max. dies per package:   1
[    0.305482] CPU topo: Max. threads per core:   1
[    0.305483] CPU topo: Num. cores per package:     2
[    0.305483] CPU topo: Num. threads per package:   2
[    0.305484] CPU topo: Allowing 2 present CPUs plus 0 hotplug CPUs
[    0.305496] kvm-guest: APIC: eoi() replaced with kvm_guest_apic_eoi_write()
[    0.305510] kvm-guest: KVM setup pv remote TLB flush
[    0.305512] kvm-guest: setup PV sched yield
[    0.305517] PM: hibernation: Registered nosave memory: [mem 0x00000000-0x00000fff]
[    0.305518] PM: hibernation: Registered nosave memory: [mem 0x0009f000-0x000fffff]
[    0.305519] [mem 0x80000000-0xfeffbfff] available for PCI devices
[    0.305520] Booting paravirtualized kernel on KVM
[    0.305522] clocksource: refined-jiffies: mask: 0xffffffff max_cycles: 0xffffffff, max_idle_ns: 1910969940391419 ns
[    0.314140] setup_percpu: NR_CPUS:64 nr_cpumask_bits:2 nr_cpu_ids:2 nr_node_ids:1
[    0.315671] percpu: Embedded 64 pages/cpu s221976 r8192 d31976 u1048576
[    0.315699] Kernel command line: console=ttyS0 oops=panic nokaslr rdinit=/init
[    0.315742] random: crng init done
[    0.315742] printk: log buffer data + meta data: 262144 + 917504 = 1179648 bytes
[    0.317627] Dentry cache hash table entries: 262144 (order: 9, 2097152 bytes, linear)
[    0.317687] Inode-cache hash table entries: 131072 (order: 8, 1048576 bytes, linear)
[    0.317728] Fallback order for Node 0: 0 
[    0.317730] Built 1 zonelists, mobility grouping on.  Total pages: 524158
[    0.317731] Policy zone: DMA32
[    0.317733] mem auto-init: stack:all(zero), heap alloc:off, heap free:off
[    0.317733] stackdepot: allocating hash table via alloc_large_system_hash
[    0.317735] stackdepot hash table entries: 1048576 (order: 12, 16777216 bytes, linear)
[    0.329066] stackdepot: allocating space for 8192 stack pools via memblock
[    0.348134] SLUB: HWalign=64, Order=0-3, MinObjects=0, CPUs=2, Nodes=1
[    0.349146] Dynamic Preempt: voluntary
[    0.350629] rcu: Preemptible hierarchical RCU implementation.
[    0.350630] rcu: 	RCU event tracing is enabled.
[    0.350630] rcu: 	RCU restricting CPUs from NR_CPUS=64 to nr_cpu_ids=2.
[    0.350632] 	Trampoline variant of Tasks RCU enabled.
[    0.350632] 	Tracing variant of Tasks RCU enabled.
[    0.350633] rcu: RCU calculated value of scheduler-enlistment delay is 100 jiffies.
[    0.350634] rcu: Adjusting geometry for rcu_fanout_leaf=16, nr_cpu_ids=2
[    0.350646] RCU Tasks: Setting shift to 1 and lim to 1 rcu_task_cb_adjust=1 rcu_task_cpu_ids=2.
[    0.350648] RCU Tasks Trace: Setting shift to 1 and lim to 1 rcu_task_cb_adjust=1 rcu_task_cpu_ids=2.
[    0.358728] NR_IRQS: 4352, nr_irqs: 440, preallocated irqs: 16
[    0.358963] rcu: srcu_init: Setting srcu_struct sizes based on contention.
[    0.361150] Console: colour VGA+ 80x25
[    0.361179] printk: legacy console [ttyS0] enabled
[    0.399584] ACPI: Core revision 20250404
[    0.399926] clocksource: hpet: mask: 0xffffffff max_cycles: 0xffffffff, max_idle_ns: 19112604467 ns
[    0.400481] APIC: Switch to symmetric I/O mode setup
[    0.400859] x2apic enabled
[    0.401161] APIC: Switched APIC routing to: physical x2apic
[    0.401502] kvm-guest: APIC: send_IPI_mask() replaced with kvm_send_ipi_mask()
[    0.401913] kvm-guest: APIC: send_IPI_mask_allbutself() replaced with kvm_send_ipi_mask_allbutself()
[    0.402428] kvm-guest: setup PV IPIs
[    0.403250] ..TIMER: vector=0x30 apic1=0 pin1=2 apic2=-1 pin2=-1
[    0.403600] clocksource: tsc-early: mask: 0xffffffffffffffff max_cycles: 0x2df10e7656b, max_idle_ns: 440795364873 ns
[    0.404176] Calibrating delay loop (skipped) preset value.. 6374.40 BogoMIPS (lpj=3187200)
[    0.405251] x86/cpu: User Mode Instruction Prevention (UMIP) activated
[    0.405654] Last level iTLB entries: 4KB 0, 2MB 0, 4MB 0
[    0.405944] Last level dTLB entries: 4KB 0, 2MB 0, 4MB 0, 1GB 0
[    0.406179] mitigations: Enabled attack vectors: user_kernel, user_user, SMT mitigations: auto
[    0.406652] Speculative Store Bypass: Mitigation: Speculative Store Bypass disabled via prctl
[    0.407175] Spectre V2 : Mitigation: Enhanced / Automatic IBRS
[    0.407495] ITS: Mitigation: Aligned branch/return thunks
[    0.407791] Spectre V1 : Mitigation: usercopy/swapgs barriers and __user pointer sanitization
[    0.408179] Spectre V2 : Spectre v2 / PBRSB-eIBRS: Retire a single CALL on VMEXIT
[    0.408602] Spectre V2 : mitigation: Enabling conditional Indirect Branch Prediction Barrier
[    0.409176] active return thunk: its_return_thunk
[    0.409458] x86/fpu: Supporting XSAVE feature 0x001: 'x87 floating point registers'
[    0.410175] x86/fpu: Supporting XSAVE feature 0x002: 'SSE registers'
[    0.410541] x86/fpu: Supporting XSAVE feature 0x004: 'AVX registers'
[    0.410906] x86/fpu: Supporting XSAVE feature 0x200: 'Protection Keys User registers'
[    0.411175] x86/fpu: xstate_offset[2]:  576, xstate_sizes[2]:  256
[    0.411531] x86/fpu: xstate_offset[9]:  832, xstate_sizes[9]:    8
[    0.411886] x86/fpu: Enabled xstate features 0x207, context size is 840 bytes, using 'compacted' format.
[    0.431637] Freeing SMP alternatives memory: 52K
[    0.431911] pid_max: default: 32768 minimum: 301
[    0.432219] LSM: initializing lsm=capability,selinux
[    0.432530] SELinux:  Initializing.
[    0.432860] Mount-cache hash table entries: 4096 (order: 3, 32768 bytes, linear)
[    0.433177] Mountpoint-cache hash table entries: 4096 (order: 3, 32768 bytes, linear)
[    0.434012] smpboot: CPU0: Intel(R) Core(TM) i9-14900K (family: 0x6, model: 0xb7, stepping: 0x1)
[    0.434174] Performance Events: unsupported CPU family 6 model 183 no PMU driver, software events only.
[    0.434196] signal: max sigframe size: 3632
[    0.434465] rcu: Hierarchical SRCU implementation.
[    0.434738] rcu: 	Max phase no-delay instances is 400.
[    0.435087] Timer migration: 1 hierarchy levels; 8 children per group; 1 crossnode level
[    0.437041] smp: Bringing up secondary CPUs ...
[    0.437297] smpboot: x86: Booting SMP configuration:
[    0.437969] .... node  #0, CPUs:      #1
[    0.438198] smp: Brought up 1 node, 2 CPUs
[    0.438783] smpboot: Total of 2 processors activated (12748.80 BogoMIPS)
[    0.439316] Memory: 1668908K/2096632K available (52569K kernel code, 8919K rwdata, 11624K rodata, 6168K init, 2868K bss, 420856K reserved, 0K cma-reserved)
[    0.441242] devtmpfs: initialized
[    0.443785] clocksource: jiffies: mask: 0xffffffff max_cycles: 0xffffffff, max_idle_ns: 1911260446275000 ns
[    0.444185] posixtimers hash table entries: 1024 (order: 2, 16384 bytes, linear)
[    0.444617] futex hash table entries: 512 (32768 bytes on 1 NUMA nodes, total 32 KiB, linear).
[    0.445232] PM: RTC time: 17:23:39, date: 2026-05-05
[    0.445636] NET: Registered PF_NETLINK/PF_ROUTE protocol family
[    0.446186] audit: initializing netlink subsys (disabled)
[    0.446527] audit: type=2000 audit(1778001819.794:1): state=initialized audit_enabled=0 res=1
[    0.446527] thermal_sys: Registered thermal governor 'step_wise'
[    0.446708] cpuidle: using governor menu
[    0.448288] PCI: Using configuration type 1 for base access
[    0.448697] kprobes: kprobe jump-optimization is enabled. All kprobes are optimized if possible.
[    0.449333] HugeTLB: allocation took 0ms with hugepage_allocation_threads=1
[    0.449744] HugeTLB: registered 2.00 MiB page size, pre-allocated 0 pages
[    0.450138] HugeTLB: 28 KiB vmemmap can be freed for a 2.00 MiB page
[    0.450510] ACPI: Added _OSI(Module Device)
[    0.450765] ACPI: Added _OSI(Processor Device)
[    0.451033] ACPI: Added _OSI(Processor Aggregator Device)
[    0.457636] ACPI: 1 ACPI AML tables successfully acquired and loaded
[    0.459527] ACPI: Interpreter enabled
[    0.459784] ACPI: PM: (supports S0 S3 S4 S5)
[    0.460042] ACPI: Using IOAPIC for interrupt routing
[    0.460205] PCI: Using host bridge windows from ACPI; if necessary, use "pci=nocrs" and report a bug
[    0.460745] PCI: Using E820 reservations for host bridge windows
[    0.461455] ACPI: Enabled 2 GPEs in block 00 to 0F
[    0.473555] ACPI: PCI Root Bridge [PCI0] (domain 0000 [bus 00-ff])
[    0.473942] acpi PNP0A03:00: _OSC: OS supports [ASPM ClockPM Segments MSI HPX-Type3]
[    0.474176] acpi PNP0A03:00: _OSC: not requesting OS control; OS requires [ExtendedConfig ASPM ClockPM MSI]
[    0.474787] acpi PNP0A03:00: fail to add MMCONFIG information, can't access extended configuration space under this bridge
[    0.475340] PCI host bridge to bus 0000:00
[    0.475603] pci_bus 0000:00: root bus resource [io  0x0000-0x0cf7 window]
[    0.475996] pci_bus 0000:00: root bus resource [io  0x0d00-0xffff window]
[    0.476177] pci_bus 0000:00: root bus resource [mem 0x000a0000-0x000bffff window]
[    0.476609] pci_bus 0000:00: root bus resource [mem 0x80000000-0xfebfffff window]
[    0.477041] pci_bus 0000:00: root bus resource [mem 0x100000000-0x17fffffff window]
[    0.477177] pci_bus 0000:00: root bus resource [bus 00-ff]
[    0.477523] pci 0000:00:00.0: [8086:1237] type 00 class 0x060000 conventional PCI endpoint
[    0.482191] pci 0000:00:01.0: [8086:7000] type 00 class 0x060100 conventional PCI endpoint
[    0.486793] pci 0000:00:01.1: [8086:7010] type 00 class 0x010180 conventional PCI endpoint
[    0.487495] pci 0000:00:01.1: BAR 4 [io  0xc040-0xc04f]
[    0.487826] pci 0000:00:01.1: BAR 0 [io  0x01f0-0x01f7]: legacy IDE quirk
[    0.488176] pci 0000:00:01.1: BAR 1 [io  0x03f6]: legacy IDE quirk
[    0.488541] pci 0000:00:01.1: BAR 2 [io  0x0170-0x0177]: legacy IDE quirk
[    0.488954] pci 0000:00:01.1: BAR 3 [io  0x0376]: legacy IDE quirk
[    0.489329] pci 0000:00:01.3: [8086:7113] type 00 class 0x068000 conventional PCI endpoint
[    0.490016] pci 0000:00:01.3: quirk: [io  0x0600-0x063f] claimed by PIIX4 ACPI
[    0.490179] pci 0000:00:01.3: quirk: [io  0x0700-0x070f] claimed by PIIX4 SMB
[    0.490778] pci 0000:00:02.0: [1234:1111] type 00 class 0x030000 conventional PCI endpoint
[    0.491794] pci 0000:00:02.0: BAR 0 [mem 0xfd000000-0xfdffffff pref]
[    0.492185] pci 0000:00:02.0: BAR 2 [mem 0xfebf0000-0xfebf0fff]
[    0.492564] pci 0000:00:02.0: ROM [mem 0xfebe0000-0xfebeffff pref]
[    0.492997] pci 0000:00:02.0: Video device with shadowed ROM at [mem 0x000c0000-0x000dffff]
[    0.497324] pci 0000:00:03.0: [8086:100e] type 00 class 0x020000 conventional PCI endpoint
[    0.498180] pci 0000:00:03.0: BAR 0 [mem 0xfebc0000-0xfebdffff]
[    0.498552] pci 0000:00:03.0: BAR 1 [io  0xc000-0xc03f]
[    0.498885] pci 0000:00:03.0: ROM [mem 0xfeb80000-0xfebbffff pref]
[    0.504301] ACPI: PCI: Interrupt link LNKA configured for IRQ 10
[    0.505038] ACPI: PCI: Interrupt link LNKB configured for IRQ 10
[    0.505550] ACPI: PCI: Interrupt link LNKC configured for IRQ 11
[    0.506275] ACPI: PCI: Interrupt link LNKD configured for IRQ 11
[    0.506771] ACPI: PCI: Interrupt link LNKS configured for IRQ 9
[    0.508109] iommu: Default domain type: Translated
[    0.508176] iommu: DMA domain TLB invalidation policy: lazy mode
[    0.508556] SCSI subsystem initialized
[    0.509232] ACPI: bus type USB registered
[    0.509523] usbcore: registered new interface driver usbfs
[    0.509862] usbcore: registered new interface driver hub
[    0.510190] usbcore: registered new device driver usb
[    0.510525] pps_core: LinuxPPS API ver. 1 registered
[    0.510815] pps_core: Software ver. 5.3.6 - Copyright 2005-2007 Rodolfo Giometti <giometti@linux.it>
[    0.511182] PTP clock support registered
[    0.511548] Advanced Linux Sound Architecture Driver Initialized.
[    0.512238] NetLabel: Initializing
[    0.512440] NetLabel:  domain hash size = 128
[    0.512694] NetLabel:  protocols = UNLABELED CIPSOv4 CALIPSO
[    0.513061] NetLabel:  unlabeled traffic allowed by default
[    0.513265] PCI: Using ACPI for IRQ routing
[    0.513612] pci 0000:00:02.0: vgaarb: setting as boot VGA device
[    0.513960] pci 0000:00:02.0: vgaarb: bridge control possible
[    0.514174] pci 0000:00:02.0: vgaarb: VGA device added: decodes=io+mem,owns=io+mem,locks=none
[    0.514176] vgaarb: loaded
[    0.514406] hpet0: at MMIO 0xfed00000, IRQs 2, 8, 0
[    0.514704] hpet0: 3 comparators, 64-bit 100.000000 MHz counter
[    0.517213] clocksource: Switched to clocksource kvm-clock
[    0.517775] VFS: Disk quotas dquot_6.6.0
[    0.518011] VFS: Dquot-cache hash table entries: 512 (order 0, 4096 bytes)
[    0.518663] pnp: PnP ACPI init
[    0.520057] pnp: PnP ACPI: found 6 devices
[    0.528464] clocksource: acpi_pm: mask: 0xffffff max_cycles: 0xffffff, max_idle_ns: 2085701024 ns
[    0.528990] NET: Registered PF_INET protocol family
[    0.529306] IP idents hash table entries: 32768 (order: 6, 262144 bytes, linear)
[    0.530144] tcp_listen_portaddr_hash hash table entries: 1024 (order: 2, 16384 bytes, linear)
[    0.530648] Table-perturb hash table entries: 65536 (order: 6, 262144 bytes, linear)
[    0.531106] TCP established hash table entries: 16384 (order: 5, 131072 bytes, linear)
[    0.532416] TCP bind hash table entries: 16384 (order: 7, 524288 bytes, linear)
[    0.532862] TCP: Hash tables configured (established 16384 bind 16384)
[    0.533272] UDP hash table entries: 1024 (order: 4, 65536 bytes, linear)
[    0.533668] UDP-Lite hash table entries: 1024 (order: 4, 65536 bytes, linear)
[    0.534159] NET: Registered PF_UNIX/PF_LOCAL protocol family
[    0.534681] RPC: Registered named UNIX socket transport module.
[    0.535034] RPC: Registered udp transport module.
[    0.535311] RPC: Registered tcp transport module.
[    0.535588] RPC: Registered tcp-with-tls transport module.
[    0.535914] RPC: Registered tcp NFSv4.1 backchannel transport module.
[    0.536600] pci_bus 0000:00: resource 4 [io  0x0000-0x0cf7 window]
[    0.536962] pci_bus 0000:00: resource 5 [io  0x0d00-0xffff window]
[    0.537323] pci_bus 0000:00: resource 6 [mem 0x000a0000-0x000bffff window]
[    0.537723] pci_bus 0000:00: resource 7 [mem 0x80000000-0xfebfffff window]
[    0.538120] pci_bus 0000:00: resource 8 [mem 0x100000000-0x17fffffff window]
[    0.538617] pci 0000:00:01.0: PIIX3: Enabling Passive Release
[    0.538955] pci 0000:00:00.0: Limiting direct PCI/PCI transfers
[    0.539331] PCI: CLS 0 bytes, default 64
[    0.539617] RAPL PMU: API unit is 2^-32 Joules, 0 fixed counters, 10737418240 ms ovfl timer
[    0.539686] Unpacking initramfs...
[    0.540106] clocksource: tsc: mask: 0xffffffffffffffff max_cycles: 0x2df10e7656b, max_idle_ns: 440795364873 ns
[    0.546109] Initialise system trusted keyrings
[    0.546439] workingset: timestamp_bits=56 max_order=19 bucket_order=0
[    0.547236] NFS: Registering the id_resolver key type
[    0.547540] Key type id_resolver registered
[    0.547785] Key type id_legacy registered
[    0.548095] 9p: Installing v9fs 9p2000 file system support
[    0.554965] Key type asymmetric registered
[    0.555256] Asymmetric key parser 'x509' registered
[    0.555583] Block layer SCSI generic (bsg) driver version 0.4 loaded (major 251)
[    0.556025] io scheduler mq-deadline registered
[    0.556296] io scheduler kyber registered
[    0.556803] input: Power Button as /devices/LNXSYSTM:00/LNXPWRBN:00/input/input0
[    0.557352] ACPI: button: Power Button [PWRF]
[    0.557451] Freeing initrd memory: 1372K
[    0.558111] Serial: 8250/16550 driver, 4 ports, IRQ sharing enabled
[    0.558691] 00:04: ttyS0 at I/O 0x3f8 (irq = 4, base_baud = 115200) is a 16550A
[    0.561494] Non-volatile memory driver v1.3
[    0.561748] Linux agpgart interface v0.103
[    0.562105] ACPI: bus type drm_connector registered
[    0.565425] loop: module loaded
[    0.566986] scsi host0: ata_piix
[    0.567447] scsi host1: ata_piix
[    0.567730] ata1: PATA max MWDMA2 cmd 0x1f0 ctl 0x3f6 bmdma 0xc040 irq 14 lpm-pol 0
[    0.568171] ata2: PATA max MWDMA2 cmd 0x170 ctl 0x376 bmdma 0xc048 irq 15 lpm-pol 0
[    0.572308] e100: Intel(R) PRO/100 Network Driver
[    0.572589] e100: Copyright(c) 1999-2006 Intel Corporation
[    0.572930] e1000: Intel(R) PRO/1000 Network Driver
[    0.573217] e1000: Copyright (c) 1999-2006 Intel Corporation.
[    0.720327] ata2: found unknown device (class 0)
[    0.721021] ata2.00: ATAPI: QEMU DVD-ROM, 2.5+, max UDMA/100
[    0.722084] scsi 1:0:0:0: CD-ROM            QEMU     QEMU DVD-ROM     2.5+ PQ: 0 ANSI: 5
[    0.740505] sr 1:0:0:0: [sr0] scsi3-mmc drive: 4x/4x cd/rw xa/form2 tray
[    0.740902] cdrom: Uniform CD-ROM driver Revision: 3.20
[    0.752929] sr 1:0:0:0: Attached scsi generic sg0 type 5
[    0.930619] ACPI: \_SB_.LNKC: Enabled at IRQ 11
[    1.215640] e1000 0000:00:03.0 eth0: (PCI:33MHz:32-bit) 52:54:00:12:34:56
[    1.216046] e1000 0000:00:03.0 eth0: Intel(R) PRO/1000 Network Connection
[    1.216519] e1000e: Intel(R) PRO/1000 Network Driver
[    1.216809] e1000e: Copyright(c) 1999 - 2015 Intel Corporation.
[    1.217186] sky2: driver version 1.30
[    1.217931] usbcore: registered new interface driver usblp
[    1.218284] usbcore: registered new interface driver usb-storage
[    1.218704] i8042: PNP: PS/2 Controller [PNP0303:KBD,PNP0f13:MOU] at 0x60,0x64 irq 1,12
[    1.219661] serio: i8042 KBD port at 0x60,0x64 irq 1
[    1.219955] serio: i8042 AUX port at 0x60,0x64 irq 12
[    1.220725] rtc_cmos 00:05: RTC can wake from S4
[    1.221167] input: AT Translated Set 2 keyboard as /devices/platform/i8042/serio0/input/input1
[    1.222218] rtc_cmos 00:05: registered as rtc0
[    1.222545] rtc_cmos 00:05: alarms up to one day, y3k, 242 bytes nvram, hpet irqs
[    1.224348] device-mapper: ioctl: 4.50.0-ioctl (2025-04-28) initialised: dm-devel@lists.linux.dev
[    1.224866] intel_pstate: CPU model not supported
[    1.225183] hid: raw HID events driver (C) Jiri Kosina
[    1.225977] usbcore: registered new interface driver usbhid
[    1.226307] usbhid: USB HID core driver
[    1.230010] Initializing XFRM netlink socket
[    1.230325] NET: Registered PF_INET6 protocol family
[    1.231172] Segment Routing with IPv6
[    1.231419] In-situ OAM (IOAM) with IPv6
[    1.231721] sit: IPv6, IPv4 and MPLS over IPv4 tunneling driver
[    1.232362] NET: Registered PF_PACKET protocol family
[    1.232786] 9pnet: Installing 9P2000 support
[    1.233138] Key type dns_resolver registered
[    1.233677] IPI shorthand broadcast: enabled
[    1.244038] sched_clock: Marking stable (1201000902, 42205438)->(1255166753, -11960413)
[    1.244909] registered taskstats version 1
[    1.245151] Loading compiled-in X.509 certificates
[    1.252157] Demotion targets for Node 0: null
[    1.253218] PM:   Magic number: 10:993:389
[    1.253496] netconsole: network logging started
[    1.253879] cfg80211: Loading compiled-in X.509 certificates for regulatory database
[    1.254462] kworker/u8:1 (59) used greatest stack depth: 29744 bytes left
[    1.255203] Loaded X.509 cert 'sforshee: 00b28ddf47aef9cea7'
[    1.256018] Loaded X.509 cert 'wens: 61c038651aabdcf94bd0ac7ff06c7248db18c600'
[    1.256861] faux_driver regulatory: Direct firmware load for regulatory.db failed with error -2
[    1.257513] cfg80211: failed to load regulatory.db
[    1.257900] ALSA device list:
[    1.258125]   No soundcards found.
[    1.259242] Freeing unused kernel image (initmem) memory: 6168K
[    1.259568] Write protecting the kernel read-only data: 65536k
[    1.260093] Freeing unused kernel image (text/rodata gap) memory: 676K
[    1.260570] Freeing unused kernel image (rodata/data gap) memory: 664K
[    1.270775] x86/mm: Checked W+X mappings: passed, no W+X pages found.
[    1.271137] Run /init as init process
[    1.272066] mkdir (62) used greatest stack depth: 28912 bytes left
[    1.272840] mount (63) used greatest stack depth: 28176 bytes left

secb: rootfs ready
---- poc begin ----
poc: starting
poc: lo up
poc: iter=0
poc: iter=1
poc: iter=2
poc: iter=3
poc: iter=4
[    1.643039] input: ImExPS/2 Generic Explorer Mouse as /devices/platform/i8042/serio1/input/input3
poc: iter=5
poc: iter=6
poc: iter=7
poc: iter=8
poc: iter=9
poc: iter=10
poc: iter=11
poc: iter=12
poc: iter=13
poc: iter=14
poc: iter=15
poc: done (no crash observed)
[    2.462403] poc (69) used greatest stack depth: 26832 bytes left
---- poc end rc=0 ----
secb: poc exited without crashing the kernel
[    3.758280] ACPI: PM: Preparing to enter system sleep state S5
[    3.758604] reboot: Power down
NO_CRASH_DETECTED
