bash: warning: setlocale: LC_ALL: cannot change locale (en_US.UTF-8)
c[?7l[2J[0mSeaBIOS (version 1.16.2-debian-1.16.2-1)


iPXE (http://ipxe.org) 00:03.0 CA00 PCI2.10 PnP PMM+7EFCEF00+7EF0EF00 CA00
Press Ctrl-B to configure iPXE (PCI 00:03.0)...                                                                               


Booting from ROM...
c[?7l[2JNo EFI environment detected.
early console in extract_kernel
input_data: 0x0000000004fcf2c4
input_len: 0x0000000001b94c95
output: 0x0000000001000000
output_len: 0x0000000005ae8170
kernel_total_size: 0x0000000005830000
needed_size: 0x0000000005c00000
trampoline_32bit: 0x0000000000000000


KASLR disabled: 'nokaslr' on cmdline.


Decompressing Linux... Parsing ELF... No relocation needed... done.
Booting the kernel (entry_offset: 0x0000000003220300).
[    0.000000] Linux version 6.13.0-09712-g6181c24b4403-dirty (root@buildkitsandbox) (gcc (Debian 12.2.0-14+deb12u1) 12.2.0, GNU ld (GNU Binutils for Debian) 2.40) #2 SMP PREEMPT_DYNAMIC Sun May 10 06:04:59 UTC 2026
[    0.000000] Command line: console=ttyS0 oops=panic panic=-1 nokaslr earlyprintk=serial
[    0.000000] BIOS-provided physical RAM map:
[    0.000000] BIOS-e820: [mem 0x0000000000000000-0x000000000009fbff] usable
[    0.000000] BIOS-e820: [mem 0x000000000009fc00-0x000000000009ffff] reserved
[    0.000000] BIOS-e820: [mem 0x00000000000f0000-0x00000000000fffff] reserved
[    0.000000] BIOS-e820: [mem 0x0000000000100000-0x000000007ffdffff] usable
[    0.000000] BIOS-e820: [mem 0x000000007ffe0000-0x000000007fffffff] reserved
[    0.000000] BIOS-e820: [mem 0x00000000feffc000-0x00000000feffffff] reserved
[    0.000000] BIOS-e820: [mem 0x00000000fffc0000-0x00000000ffffffff] reserved
[    0.000000] printk: legacy bootconsole [earlyser0] enabled
[    0.000000] NX (Execute Disable) protection: active
[    0.000000] APIC: Static calls initialized
[    0.000000] SMBIOS 2.8 present.
[    0.000000] DMI: QEMU Standard PC (i440FX + PIIX, 1996), BIOS 1.16.2-debian-1.16.2-1 04/01/2014
[    0.000000] DMI: Memory slots populated: 1/1
[    0.000000] Hypervisor detected: KVM
[    0.000000] kvm-clock: Using msrs 4b564d01 and 4b564d00
[    0.000001] kvm-clock: using sched offset of 678738443 cycles
[    0.001506] clocksource: kvm-clock: mask: 0xffffffffffffffff max_cycles: 0x1cd42e4dffb, max_idle_ns: 881590591483 ns
[    0.006909] tsc: Detected 2995.198 MHz processor
[    0.009073] last_pfn = 0x7ffe0 max_arch_pfn = 0x400000000
[    0.010850] MTRR map: 4 entries (3 fixed + 1 variable; max 19), built from 8 variable MTRRs
[    0.014176] x86/PAT: Configuration [0-7]: WB  WC  UC- UC  WB  WP  UC- WT  
[    0.023680] found SMP MP-table at [mem 0x000f5ba0-0x000f5baf]
[    0.025534] Using GB pages for direct mapping
[    0.027044] RAMDISK: [mem 0x7fe8e000-0x7ffdffff]
[    0.028441] ACPI: Early table checksum verification disabled
[    0.030338] ACPI: RSDP 0x00000000000F59D0 000014 (v00 BOCHS )
[    0.032063] ACPI: RSDT 0x000000007FFE1B33 000034 (v01 BOCHS  BXPC     00000001 BXPC 00000001)
[    0.034722] ACPI: FACP 0x000000007FFE19DF 000074 (v01 BOCHS  BXPC     00000001 BXPC 00000001)
[    0.037099] ACPI: DSDT 0x000000007FFE0040 00199F (v01 BOCHS  BXPC     00000001 BXPC 00000001)
[    0.039529] ACPI: FACS 0x000000007FFE0000 000040
[    0.040983] ACPI: APIC 0x000000007FFE1A53 000080 (v01 BOCHS  BXPC     00000001 BXPC 00000001)
[    0.043584] ACPI: HPET 0x000000007FFE1AD3 000038 (v01 BOCHS  BXPC     00000001 BXPC 00000001)
[    0.046369] ACPI: WAET 0x000000007FFE1B0B 000028 (v01 BOCHS  BXPC     00000001 BXPC 00000001)
[    0.048784] ACPI: Reserving FACP table memory at [mem 0x7ffe19df-0x7ffe1a52]
[    0.050905] ACPI: Reserving DSDT table memory at [mem 0x7ffe0040-0x7ffe19de]
[    0.052897] ACPI: Reserving FACS table memory at [mem 0x7ffe0000-0x7ffe003f]
[    0.055322] ACPI: Reserving APIC table memory at [mem 0x7ffe1a53-0x7ffe1ad2]
[    0.057499] ACPI: Reserving HPET table memory at [mem 0x7ffe1ad3-0x7ffe1b0a]
[    0.059919] ACPI: Reserving WAET table memory at [mem 0x7ffe1b0b-0x7ffe1b32]
[    0.063459] No NUMA configuration found
[    0.064780] Faking a node at [mem 0x0000000000000000-0x000000007ffdffff]
[    0.067376] NODE_DATA(0) allocated [mem 0x7fe8a940-0x7fe8dfff]
[    0.069162] Zone ranges:
[    0.069923]   DMA      [mem 0x0000000000001000-0x0000000000ffffff]
[    0.071772]   DMA32    [mem 0x0000000001000000-0x000000007ffdffff]
[    0.073771]   Normal   empty
[    0.074635] Movable zone start for each node
[    0.075956] Early memory node ranges
[    0.077151]   node   0: [mem 0x0000000000001000-0x000000000009efff]
[    0.079830]   node   0: [mem 0x0000000000100000-0x000000007ffdffff]
[    0.082482] Initmem setup node 0 [mem 0x0000000000001000-0x000000007ffdffff]
[    0.087622] On node 0, zone DMA: 1 pages in unavailable ranges
[    0.089814] On node 0, zone DMA: 97 pages in unavailable ranges
[    0.158666] On node 0, zone DMA32: 32 pages in unavailable ranges
[    0.629094] kasan: KernelAddressSanitizer initialized
[    0.631927] ACPI: PM-Timer IO Port: 0x608
[    0.633676] ACPI: LAPIC_NMI (acpi_id[0xff] dfl dfl lint[0x1])
[    0.635923] IOAPIC[0]: apic_id 0, version 17, address 0xfec00000, GSI 0-23
[    0.638440] ACPI: INT_SRC_OVR (bus 0 bus_irq 0 global_irq 2 dfl dfl)
[    0.640489] ACPI: INT_SRC_OVR (bus 0 bus_irq 5 global_irq 5 high level)
[    0.642437] ACPI: INT_SRC_OVR (bus 0 bus_irq 9 global_irq 9 high level)
[    0.644170] ACPI: INT_SRC_OVR (bus 0 bus_irq 10 global_irq 10 high level)
[    0.646019] ACPI: INT_SRC_OVR (bus 0 bus_irq 11 global_irq 11 high level)
[    0.647888] ACPI: Using ACPI (MADT) for SMP configuration information
[    0.649988] ACPI: HPET id: 0x8086a201 base: 0xfed00000
[    0.651691] TSC deadline timer available
[    0.654705] CPU topo: Max. logical packages:   1
[    0.656229] CPU topo: Max. logical dies:       1
[    0.657945] CPU topo: Max. dies per package:   1
[    0.659625] CPU topo: Max. threads per core:   1
[    0.660866] CPU topo: Num. cores per package:     2
[    0.662178] CPU topo: Num. threads per package:   2
[    0.663564] CPU topo: Allowing 2 present CPUs plus 0 hotplug CPUs
[    0.665285] kvm-guest: APIC: eoi() replaced with kvm_guest_apic_eoi_write()
[    0.667536] kvm-guest: KVM setup pv remote TLB flush
[    0.669871] kvm-guest: setup PV sched yield
[    0.671204] PM: hibernation: Registered nosave memory: [mem 0x00000000-0x00000fff]
[    0.675663] PM: hibernation: Registered nosave memory: [mem 0x0009f000-0x0009ffff]
[    0.681495] PM: hibernation: Registered nosave memory: [mem 0x000a0000-0x000effff]
[    0.683606] PM: hibernation: Registered nosave memory: [mem 0x000f0000-0x000fffff]
[    0.687799] [mem 0x80000000-0xfeffbfff] available for PCI devices
[    0.689865] Booting paravirtualized kernel on KVM
[    0.691331] clocksource: refined-jiffies: mask: 0xffffffff max_cycles: 0xffffffff, max_idle_ns: 1910969940391419 ns
[    0.711632] setup_percpu: NR_CPUS:64 nr_cpumask_bits:2 nr_cpu_ids:2 nr_node_ids:1
[    0.721458] percpu: Embedded 68 pages/cpu s240856 r8192 d29480 u1048576
[    0.725603] Kernel command line: console=ttyS0 oops=panic panic=-1 nokaslr earlyprintk=serial
[    0.732985] Unknown kernel command line parameters "nokaslr", will be passed to user space.
[    0.736395] random: crng init done
[    0.737928] printk: log buffer data + meta data: 262144 + 917504 = 1179648 bytes
[    0.744597] Dentry cache hash table entries: 262144 (order: 9, 2097152 bytes, linear)
[    0.750330] Inode-cache hash table entries: 131072 (order: 8, 1048576 bytes, linear)
[    0.754525] Fallback order for Node 0: 0 
[    0.754593] Built 1 zonelists, mobility grouping on.  Total pages: 524158
[    0.758183] Policy zone: DMA32
[    0.759812] mem auto-init: stack:all(zero), heap alloc:off, heap free:off
[    0.763510] stackdepot: allocating hash table via alloc_large_system_hash
[    0.767163] stackdepot hash table entries: 1048576 (order: 12, 16777216 bytes, linear)
[    0.836665] SLUB: HWalign=64, Order=0-3, MinObjects=0, CPUs=2, Nodes=1
Poking KASLR using RDRAND RDTSC...
[    0.843410] Dynamic Preempt: voluntary
[    0.847987] rcu: Preemptible hierarchical RCU implementation.
[    0.849246] rcu: 	RCU event tracing is enabled.
[    0.850656] rcu: 	RCU restricting CPUs from NR_CPUS=64 to nr_cpu_ids=2.
[    0.852043] 	Trampoline variant of Tasks RCU enabled.
[    0.853228] 	Tracing variant of Tasks RCU enabled.
[    0.854468] rcu: RCU calculated value of scheduler-enlistment delay is 100 jiffies.
[    0.856141] rcu: Adjusting geometry for rcu_fanout_leaf=16, nr_cpu_ids=2
[    0.857663] RCU Tasks: Setting shift to 1 and lim to 1 rcu_task_cb_adjust=1 rcu_task_cpu_ids=2.
[    0.860398] RCU Tasks Trace: Setting shift to 1 and lim to 1 rcu_task_cb_adjust=1 rcu_task_cpu_ids=2.
[    0.876428] NR_IRQS: 4352, nr_irqs: 440, preallocated irqs: 16
[    0.878536] rcu: srcu_init: Setting srcu_struct sizes based on contention.
[    0.889307] Console: colour VGA+ 80x25
[    0.890196] printk: legacy console [ttyS0] enabled
[    0.890196] printk: legacy console [ttyS0] enabled
[    0.892369] printk: legacy bootconsole [earlyser0] disabled
[    0.892369] printk: legacy bootconsole [earlyser0] disabled
[    0.895606] ACPI: Core revision 20240827
[    0.897583] clocksource: hpet: mask: 0xffffffff max_cycles: 0xffffffff, max_idle_ns: 19112604467 ns
[    0.901506] APIC: Switch to symmetric I/O mode setup
[    0.902859] kvm-guest: APIC: send_IPI_mask() replaced with kvm_send_ipi_mask()
[    0.905590] kvm-guest: APIC: send_IPI_mask_allbutself() replaced with kvm_send_ipi_mask_allbutself()
[    0.908223] kvm-guest: setup PV IPIs
[    0.911870] ..TIMER: vector=0x30 apic1=0 pin1=2 apic2=-1 pin2=-1
[    0.913692] clocksource: tsc-early: mask: 0xffffffffffffffff max_cycles: 0x2b2c8d6afc8, max_idle_ns: 440795331172 ns
[    0.917532] Calibrating delay loop (skipped) preset value.. 5990.39 BogoMIPS (lpj=2995198)
[    0.919527] x86/cpu: User Mode Instruction Prevention (UMIP) activated
[    0.920902] Last level iTLB entries: 4KB 0, 2MB 0, 4MB 0
[    0.921460] Last level dTLB entries: 4KB 0, 2MB 0, 4MB 0, 1GB 0
[    0.923474] Spectre V1 : Mitigation: usercopy/swapgs barriers and __user pointer sanitization
[    0.924506] Spectre V2 : Spectre BHI mitigation: SW BHB clearing on syscall and VM exit
[    0.925460] Spectre V2 : Mitigation: Enhanced / Automatic IBRS
[    0.926460] Spectre V2 : Spectre v2 / SpectreRSB mitigation: Filling RSB on context switch
[    0.927461] Spectre V2 : Spectre v2 / PBRSB-eIBRS: Retire a single CALL on VMEXIT
[    0.928465] RETBleed: Mitigation: Enhanced IBRS
[    0.929471] Spectre V2 : mitigation: Enabling conditional Indirect Branch Prediction Barrier
[    0.930462] Speculative Store Bypass: Mitigation: Speculative Store Bypass disabled via prctl
[    0.931462] MMIO Stale Data: Unknown: No mitigations
[    0.932458] Register File Data Sampling: Vulnerable: No microcode
[    0.933565] x86/fpu: Supporting XSAVE feature 0x001: 'x87 floating point registers'
[    0.934459] x86/fpu: Supporting XSAVE feature 0x002: 'SSE registers'
[    0.935459] x86/fpu: Supporting XSAVE feature 0x004: 'AVX registers'
[    0.936459] x86/fpu: xstate_offset[2]:  576, xstate_sizes[2]:  256
[    0.937459] x86/fpu: Enabled xstate features 0x7, context size is 832 bytes, using 'compacted' format.
[    0.966499] Freeing SMP alternatives memory: 48K
[    0.967461] pid_max: default: 32768 minimum: 301
[    0.969537] LSM: initializing lsm=capability,selinux
[    0.970568] SELinux:  Initializing.
[    0.974518] Mount-cache hash table entries: 4096 (order: 3, 32768 bytes, linear)
[    0.975572] Mountpoint-cache hash table entries: 4096 (order: 3, 32768 bytes, linear)
[    0.979454] smpboot: CPU0: 13th Gen Intel(R) Core(TM) i9-13900H (family: 0x6, model: 0xba, stepping: 0x2)
[    0.983809] Performance Events: unsupported p6 CPU model 186 no PMU driver, software events only.
[    0.984546] signal: max sigframe size: 1776
[    0.985776] rcu: Hierarchical SRCU implementation.
[    0.986468] rcu: 	Max phase no-delay instances is 400.
[    0.988650] Timer migration: 1 hierarchy levels; 8 children per group; 1 crossnode level
[    0.990491] smp: Bringing up secondary CPUs ...
[    0.992323] smpboot: x86: Booting SMP configuration:
[    0.992467] .... node  #0, CPUs:      #1
[    0.994599] smp: Brought up 1 node, 2 CPUs
[    0.996483] smpboot: Total of 2 processors activated (11980.79 BogoMIPS)
[    0.998629] Memory: 1673072K/2096632K available (51329K kernel code, 8681K rwdata, 11268K rodata, 6056K init, 1352K bss, 418504K reserved, 0K cma-reserved)
[    1.002315] devtmpfs: initialized
[    1.009844] clocksource: jiffies: mask: 0xffffffff max_cycles: 0xffffffff, max_idle_ns: 1911260446275000 ns
[    1.012628] futex hash table entries: 512 (order: 3, 32768 bytes, linear)
[    1.015463] PM: RTC time: 06:16:41, date: 2026-05-10
[    1.018354] NET: Registered PF_NETLINK/PF_ROUTE protocol family
[    1.019991] audit: initializing netlink subsys (disabled)
[    1.022734] audit: type=2000 audit(1778393802.102:1): state=initialized audit_enabled=0 res=1
[    1.023673] thermal_sys: Registered thermal governor 'step_wise'
[    1.024574] cpuidle: using governor menu
[    1.027328] PCI: Using configuration type 1 for base access
[    1.027641] kprobes: kprobe jump-optimization is enabled. All kprobes are optimized if possible.
[    1.029743] HugeTLB: registered 2.00 MiB page size, pre-allocated 0 pages
[    1.030470] HugeTLB: 28 KiB vmemmap can be freed for a 2.00 MiB page
[    1.032444] ACPI: Added _OSI(Module Device)
[    1.032466] ACPI: Added _OSI(Processor Device)
[    1.033463] ACPI: Added _OSI(3.0 _SCP Extensions)
[    1.034469] ACPI: Added _OSI(Processor Aggregator Device)
[    1.046734] ACPI: 1 ACPI AML tables successfully acquired and loaded
[    1.052588] ACPI: Interpreter enabled
[    1.053672] ACPI: PM: (supports S0 S3 S4 S5)
[    1.054467] ACPI: Using IOAPIC for interrupt routing
[    1.055568] PCI: Using host bridge windows from ACPI; if necessary, use "pci=nocrs" and report a bug
[    1.056463] PCI: Using E820 reservations for host bridge windows
[    1.058044] ACPI: Enabled 2 GPEs in block 00 to 0F
[    1.076625] ACPI: PCI Root Bridge [PCI0] (domain 0000 [bus 00-ff])
[    1.077501] acpi PNP0A03:00: _OSC: OS supports [ASPM ClockPM Segments MSI HPX-Type3]
[    1.078489] acpi PNP0A03:00: _OSC: not requesting OS control; OS requires [ExtendedConfig ASPM ClockPM MSI]
[    1.079572] acpi PNP0A03:00: fail to add MMCONFIG information, can't access extended configuration space under this bridge
[    1.080769] PCI host bridge to bus 0000:00
[    1.081503] pci_bus 0000:00: root bus resource [io  0x0000-0x0cf7 window]
[    1.082468] pci_bus 0000:00: root bus resource [io  0x0d00-0xffff window]
[    1.083466] pci_bus 0000:00: root bus resource [mem 0x000a0000-0x000bffff window]
[    1.084476] pci_bus 0000:00: root bus resource [mem 0x80000000-0xfebfffff window]
[    1.085466] pci_bus 0000:00: root bus resource [mem 0x100000000-0x17fffffff window]
[    1.086476] pci_bus 0000:00: root bus resource [bus 00-ff]
[    1.087586] pci 0000:00:00.0: [8086:1237] type 00 class 0x060000 conventional PCI endpoint
[    1.096199] pci 0000:00:01.0: [8086:7000] type 00 class 0x060100 conventional PCI endpoint
[    1.104134] pci 0000:00:01.1: [8086:7010] type 00 class 0x010180 conventional PCI endpoint
[    1.105389] pci 0000:00:01.1: BAR 4 [io  0xc040-0xc04f]
[    1.105536] pci 0000:00:01.1: BAR 0 [io  0x01f0-0x01f7]: legacy IDE quirk
[    1.106462] pci 0000:00:01.1: BAR 1 [io  0x03f6]: legacy IDE quirk
[    1.107462] pci 0000:00:01.1: BAR 2 [io  0x0170-0x0177]: legacy IDE quirk
[    1.108467] pci 0000:00:01.1: BAR 3 [io  0x0376]: legacy IDE quirk
[    1.109859] pci 0000:00:01.3: [8086:7113] type 00 class 0x068000 conventional PCI endpoint
[    1.111228] pci 0000:00:01.3: quirk: [io  0x0600-0x063f] claimed by PIIX4 ACPI
[    1.111493] pci 0000:00:01.3: quirk: [io  0x0700-0x070f] claimed by PIIX4 SMB
[    1.112967] pci 0000:00:02.0: [1234:1111] type 00 class 0x030000 conventional PCI endpoint
[    1.115653] pci 0000:00:02.0: BAR 0 [mem 0xfd000000-0xfdffffff pref]
[    1.116501] pci 0000:00:02.0: BAR 2 [mem 0xfebf0000-0xfebf0fff]
[    1.117520] pci 0000:00:02.0: ROM [mem 0xfebe0000-0xfebeffff pref]
[    1.119911] pci 0000:00:02.0: Video device with shadowed ROM at [mem 0x000c0000-0x000dffff]
[    1.130163] pci 0000:00:03.0: [8086:100e] type 00 class 0x020000 conventional PCI endpoint
[    1.131414] pci 0000:00:03.0: BAR 0 [mem 0xfebc0000-0xfebdffff]
[    1.131517] pci 0000:00:03.0: BAR 1 [io  0xc000-0xc03f]
[    1.132534] pci 0000:00:03.0: ROM [mem 0xfeb80000-0xfebbffff pref]
[    1.142967] ACPI: PCI: Interrupt link LNKA configured for IRQ 10
[    1.144948] ACPI: PCI: Interrupt link LNKB configured for IRQ 10
[    1.146074] ACPI: PCI: Interrupt link LNKC configured for IRQ 11
[    1.147243] ACPI: PCI: Interrupt link LNKD configured for IRQ 11
[    1.147709] ACPI: PCI: Interrupt link LNKS configured for IRQ 9
[    1.152266] iommu: Default domain type: Translated
[    1.152466] iommu: DMA domain TLB invalidation policy: lazy mode
[    1.155005] SCSI subsystem initialized
[    1.157161] ACPI: bus type USB registered
[    1.157733] usbcore: registered new interface driver usbfs
[    1.158572] usbcore: registered new interface driver hub
[    1.159527] usbcore: registered new device driver usb
[    1.160726] pps_core: LinuxPPS API ver. 1 registered
[    1.161461] pps_core: Software ver. 5.3.6 - Copyright 2005-2007 Rodolfo Giometti <giometti@linux.it>
[    1.162515] PTP clock support registered
[    1.164554] Advanced Linux Sound Architecture Driver Initialized.
[    1.167974] NetLabel: Initializing
[    1.168465] NetLabel:  domain hash size = 128
[    1.169461] NetLabel:  protocols = UNLABELED CIPSOv4 CALIPSO
[    1.170749] NetLabel:  unlabeled traffic allowed by default
[    1.172657] PCI: Using ACPI for IRQ routing
[    1.174010] pci 0000:00:02.0: vgaarb: setting as boot VGA device
[    1.174454] pci 0000:00:02.0: vgaarb: bridge control possible
[    1.174454] pci 0000:00:02.0: vgaarb: VGA device added: decodes=io+mem,owns=io+mem,locks=none
[    1.174470] vgaarb: loaded
[    1.176131] hpet0: at MMIO 0xfed00000, IRQs 2, 8, 0
[    1.176462] hpet0: 3 comparators, 64-bit 100.000000 MHz counter
[    1.181042] clocksource: Switched to clocksource kvm-clock
[    1.191773] VFS: Disk quotas dquot_6.6.0
[    1.193195] VFS: Dquot-cache hash table entries: 512 (order 0, 4096 bytes)
[    1.197515] pnp: PnP ACPI init
[    1.201166] pnp: PnP ACPI: found 6 devices
[    1.220955] clocksource: acpi_pm: mask: 0xffffff max_cycles: 0xffffff, max_idle_ns: 2085701024 ns
[    1.224295] NET: Registered PF_INET protocol family
[    1.225982] IP idents hash table entries: 32768 (order: 6, 262144 bytes, linear)
[    1.233309] tcp_listen_portaddr_hash hash table entries: 1024 (order: 2, 16384 bytes, linear)
[    1.235698] Table-perturb hash table entries: 65536 (order: 6, 262144 bytes, linear)
[    1.237853] TCP established hash table entries: 16384 (order: 5, 131072 bytes, linear)
[    1.240706] TCP bind hash table entries: 16384 (order: 7, 524288 bytes, linear)
[    1.242866] TCP: Hash tables configured (established 16384 bind 16384)
[    1.244849] UDP hash table entries: 1024 (order: 4, 65536 bytes, linear)
[    1.246786] UDP-Lite hash table entries: 1024 (order: 4, 65536 bytes, linear)
[    1.249400] NET: Registered PF_UNIX/PF_LOCAL protocol family
[    1.252767] RPC: Registered named UNIX socket transport module.
[    1.254973] RPC: Registered udp transport module.
[    1.257705] RPC: Registered tcp transport module.
[    1.259122] RPC: Registered tcp-with-tls transport module.
[    1.260688] RPC: Registered tcp NFSv4.1 backchannel transport module.
[    1.264337] pci_bus 0000:00: resource 4 [io  0x0000-0x0cf7 window]
[    1.266127] pci_bus 0000:00: resource 5 [io  0x0d00-0xffff window]
[    1.267868] pci_bus 0000:00: resource 6 [mem 0x000a0000-0x000bffff window]
[    1.269934] pci_bus 0000:00: resource 7 [mem 0x80000000-0xfebfffff window]
[    1.271942] pci_bus 0000:00: resource 8 [mem 0x100000000-0x17fffffff window]
[    1.274076] pci 0000:00:01.0: PIIX3: Enabling Passive Release
[    1.275708] pci 0000:00:00.0: Limiting direct PCI/PCI transfers
[    1.277560] PCI: CLS 0 bytes, default 64
[    1.279557] RAPL PMU: API unit is 2^-32 Joules, 0 fixed counters, 10737418240 ms ovfl timer
[    1.279854] Unpacking initramfs...
[    1.282670] clocksource: tsc: mask: 0xffffffffffffffff max_cycles: 0x2b2c8d6afc8, max_idle_ns: 440795331172 ns
[    1.299745] Initialise system trusted keyrings
[    1.303354] workingset: timestamp_bits=56 max_order=19 bucket_order=0
[    1.306593] NFS: Registering the id_resolver key type
[    1.308149] Key type id_resolver registered
[    1.309311] Key type id_legacy registered
[    1.310714] 9p: Installing v9fs 9p2000 file system support
[    1.328451] Key type asymmetric registered
[    1.329603] Asymmetric key parser 'x509' registered
[    1.331232] Block layer SCSI generic (bsg) driver version 0.4 loaded (major 251)
[    1.333638] io scheduler mq-deadline registered
[    1.335043] io scheduler kyber registered
[    1.336828] Freeing initrd memory: 1352K
[    1.337252] input: Power Button as /devices/LNXSYSTM:00/LNXPWRBN:00/input/input0
[    1.340488] ACPI: button: Power Button [PWRF]
[    1.343154] Serial: 8250/16550 driver, 4 ports, IRQ sharing enabled
[    1.345579] 00:04: ttyS0 at I/O 0x3f8 (irq = 4, base_baud = 115200) is a 16550A
[    1.349759] Non-volatile memory driver v1.3
[    1.350888] Linux agpgart interface v0.103
[    1.352413] ACPI: bus type drm_connector registered
[    1.361562] loop: module loaded
[    1.366259] scsi host0: ata_piix
[    1.368073] scsi host1: ata_piix
[    1.375688] ata1: PATA max MWDMA2 cmd 0x1f0 ctl 0x3f6 bmdma 0xc040 irq 14 lpm-pol 0
[    1.377827] ata2: PATA max MWDMA2 cmd 0x170 ctl 0x376 bmdma 0xc048 irq 15 lpm-pol 0
[    1.382810] e100: Intel(R) PRO/100 Network Driver
[    1.384135] e100: Copyright(c) 1999-2006 Intel Corporation
[    1.385749] e1000: Intel(R) PRO/1000 Network Driver
[    1.387098] e1000: Copyright (c) 1999-2006 Intel Corporation.
[    1.533696] ata2: found unknown device (class 0)
[    1.536009] ata2.00: ATAPI: QEMU DVD-ROM, 2.5+, max UDMA/100
[    1.541043] scsi 1:0:0:0: CD-ROM            QEMU     QEMU DVD-ROM     2.5+ PQ: 0 ANSI: 5
[    1.561349] sr 1:0:0:0: [sr0] scsi3-mmc drive: 4x/4x cd/rw xa/form2 tray
[    1.562872] cdrom: Uniform CD-ROM driver Revision: 3.20
[    1.577620] sr 1:0:0:0: Attached scsi generic sg0 type 5
[    1.889242] ACPI: \_SB_.LNKC: Enabled at IRQ 11
[    2.279422] e1000 0000:00:03.0 eth0: (PCI:33MHz:32-bit) 52:54:00:12:34:56
[    2.281927] e1000 0000:00:03.0 eth0: Intel(R) PRO/1000 Network Connection
[    2.283605] e1000e: Intel(R) PRO/1000 Network Driver
[    2.285178] e1000e: Copyright(c) 1999 - 2015 Intel Corporation.
[    2.286866] sky2: driver version 1.30
[    2.289224] usbcore: registered new interface driver usblp
[    2.290788] usbcore: registered new interface driver usb-storage
[    2.293528] i8042: PNP: PS/2 Controller [PNP0303:KBD,PNP0f13:MOU] at 0x60,0x64 irq 1,12
[    2.298044] serio: i8042 KBD port at 0x60,0x64 irq 1
[    2.299714] serio: i8042 AUX port at 0x60,0x64 irq 12
[    2.303383] input: AT Translated Set 2 keyboard as /devices/platform/i8042/serio0/input/input1
[    2.303986] rtc_cmos 00:05: RTC can wake from S4
[    2.310365] rtc_cmos 00:05: registered as rtc0
[    2.311984] rtc_cmos 00:05: alarms up to one day, y3k, 242 bytes nvram, hpet irqs
[    2.315308] device-mapper: ioctl: 4.49.0-ioctl (2025-01-17) initialised: dm-devel@lists.linux.dev
[    2.318450] intel_pstate: CPU model not supported
[    2.320513] hid: raw HID events driver (C) Jiri Kosina
[    2.322796] usbcore: registered new interface driver usbhid
[    2.325018] usbhid: USB HID core driver
[    2.333114] Initializing XFRM netlink socket
[    2.336787] NET: Registered PF_INET6 protocol family
[    2.340507] Segment Routing with IPv6
[    2.341635] In-situ OAM (IOAM) with IPv6
[    2.342891] sit: IPv6, IPv4 and MPLS over IPv4 tunneling driver
[    2.345189] NET: Registered PF_PACKET protocol family
[    2.346855] 9pnet: Installing 9P2000 support
[    2.348226] Key type dns_resolver registered
[    2.351709] IPI shorthand broadcast: enabled
[    2.376671] sched_clock: Marking stable (2347009138, 29198221)->(2516505987, -140298628)
[    2.380416] registered taskstats version 1
[    2.381491] Loading compiled-in X.509 certificates
[    2.399767] Demotion targets for Node 0: null
[    2.401743] PM:   Magic number: 10:99:266
[    2.403139] printk: legacy console [netcon0] enabled
[    2.404534] netconsole: network logging started
[    2.406149] cfg80211: Loading compiled-in X.509 certificates for regulatory database
[    2.409115] kworker/u8:1 (56) used greatest stack depth: 29648 bytes left
[    2.414686] Loaded X.509 cert 'sforshee: 00b28ddf47aef9cea7'
[    2.416561] Loaded X.509 cert 'wens: 61c038651aabdcf94bd0ac7ff06c7248db18c600'
[    2.418819] platform regulatory.0: Direct firmware load for regulatory.db failed with error -2
[    2.419302] ALSA device list:
[    2.421784] cfg80211: failed to load regulatory.db
[    2.422589]   No soundcards found.
[    2.435673] Freeing unused kernel image (initmem) memory: 6056K
[    2.436763] Write protecting the kernel read-only data: 65536k
[    2.441139] Freeing unused kernel image (text/rodata gap) memory: 1916K
[    2.443969] Freeing unused kernel image (rodata/data gap) memory: 1020K
[    2.456616] x86/mm: Checked W+X mappings: passed, no W+X pages found.
[    2.457638] Run /init as init process
[    2.462385] mkdir (59) used greatest stack depth: 28896 bytes left
[    2.463806] mount (60) used greatest stack depth: 28328 bytes left
[    2.480302] busybox (65) used greatest stack depth: 28304 bytes left

secb: rootfs ready
---- poc begin ----
[*] dummy v0 ifindex=3
[*] step1: NEWQDISC hfsc Qdisc_A=0x10000000 (root)
[*] step2: NEWQDISC pfifo_head_drop Qdisc_C=0x30000000 limit=0
[*] step3: send packet -> qlen invariant break
poc: sendto packet: No buffer space available
[    2.520487] poc (66) used greatest stack depth: 26328 bytes left
---- poc end rc=1 ----
secb: poc exited without crashing the kernel
[    2.748727] input: ImExPS/2 Generic Explorer Mouse as /devices/platform/i8042/serio1/input/input3
[    3.917123] ACPI: PM: Preparing to enter system sleep state S5
[    3.919141] reboot: Power down
NO_CRASH_DETECTED
