bash: warning: setlocale: LC_ALL: cannot change locale (en_US.UTF-8)
c[?7l[2J[0mSeaBIOS (version 1.16.2-debian-1.16.2-1)


iPXE (http://ipxe.org) 00:03.0 CA00 PCI2.10 PnP PMM+BEFCEF00+BEF0EF00 CA00
Press Ctrl-B to configure iPXE (PCI 00:03.0)...                                                                               


Booting from ROM...
c[?7l[2JNo EFI environment detected.
early console in extract_kernel
input_data: 0x0000000004bc73a8
input_len: 0x00000000019d0190
output: 0x0000000001000000
output_len: 0x0000000005521208
kernel_total_size: 0x0000000005230000
needed_size: 0x0000000005600000
trampoline_32bit: 0x000000000009d000


KASLR disabled: 'nokaslr' on cmdline.


Decompressing Linux... Parsing ELF... No relocation needed... done.
Booting the kernel (entry_offset: 0x0000000000000000).
[    0.000000] Linux version 6.4.0-04323-g40c520606db5-dirty (root@buildkitsandbox) (gcc (Debian 12.2.0-14+deb12u1) 12.2.0, GNU ld (GNU Binutils for Debian) 2.40) #2 SMP PREEMPT_DYNAMIC Thu May  7 19:15:37 UTC 2026
[    0.000000] Command line: console=ttyS0 oops=panic panic=-1 nokaslr earlyprintk=serial
[    0.000000] BIOS-provided physical RAM map:
[    0.000000] BIOS-e820: [mem 0x0000000000000000-0x000000000009fbff] usable
[    0.000000] BIOS-e820: [mem 0x000000000009fc00-0x000000000009ffff] reserved
[    0.000000] BIOS-e820: [mem 0x00000000000f0000-0x00000000000fffff] reserved
[    0.000000] BIOS-e820: [mem 0x0000000000100000-0x00000000bffdffff] usable
[    0.000000] BIOS-e820: [mem 0x00000000bffe0000-0x00000000bfffffff] reserved
[    0.000000] BIOS-e820: [mem 0x00000000feffc000-0x00000000feffffff] reserved
[    0.000000] BIOS-e820: [mem 0x00000000fffc0000-0x00000000ffffffff] reserved
[    0.000000] BIOS-e820: [mem 0x0000000100000000-0x000000013fffffff] usable
[    0.000000] printk: bootconsole [earlyser0] enabled
[    0.000000] NX (Execute Disable) protection: active
[    0.000000] SMBIOS 2.8 present.
[    0.000000] DMI: QEMU Standard PC (i440FX + PIIX, 1996), BIOS 1.16.2-debian-1.16.2-1 04/01/2014
[    0.000000] Hypervisor detected: KVM
[    0.000000] kvm-clock: Using msrs 4b564d01 and 4b564d00
[    0.000003] kvm-clock: using sched offset of 443146251 cycles
[    0.001770] clocksource: kvm-clock: mask: 0xffffffffffffffff max_cycles: 0x1cd42e4dffb, max_idle_ns: 881590591483 ns
[    0.009426] tsc: Detected 2995.200 MHz processor
[    0.010983] last_pfn = 0x140000 max_arch_pfn = 0x400000000
[    0.012494] MTRR map: 4 entries (3 fixed + 1 variable; max 19), built from 8 variable MTRRs
[    0.014826] x86/PAT: Configuration [0-7]: WB  WC  UC- UC  WB  WP  UC- WT  
[    0.016727] last_pfn = 0xbffe0 max_arch_pfn = 0x400000000
[    0.023810] found SMP MP-table at [mem 0x000f5ba0-0x000f5baf]
[    0.026445] Using GB pages for direct mapping
[    0.028309] Incomplete global flushes, disabling PCID
[    0.029097] RAMDISK: [mem 0xbfe4f000-0xbffdffff]
[    0.031561] ACPI: Early table checksum verification disabled
[    0.032989] ACPI: RSDP 0x00000000000F59B0 000014 (v00 BOCHS )
[    0.034556] ACPI: RSDT 0x00000000BFFE1B33 000034 (v01 BOCHS  BXPC     00000001 BXPC 00000001)
[    0.036771] ACPI: FACP 0x00000000BFFE19DF 000074 (v01 BOCHS  BXPC     00000001 BXPC 00000001)
[    0.039152] ACPI: DSDT 0x00000000BFFE0040 00199F (v01 BOCHS  BXPC     00000001 BXPC 00000001)
[    0.041923] ACPI: FACS 0x00000000BFFE0000 000040
[    0.043338] ACPI: APIC 0x00000000BFFE1A53 000080 (v01 BOCHS  BXPC     00000001 BXPC 00000001)
[    0.045451] ACPI: HPET 0x00000000BFFE1AD3 000038 (v01 BOCHS  BXPC     00000001 BXPC 00000001)
[    0.048573] ACPI: WAET 0x00000000BFFE1B0B 000028 (v01 BOCHS  BXPC     00000001 BXPC 00000001)
[    0.050899] ACPI: Reserving FACP table memory at [mem 0xbffe19df-0xbffe1a52]
[    0.052631] ACPI: Reserving DSDT table memory at [mem 0xbffe0040-0xbffe19de]
[    0.054435] ACPI: Reserving FACS table memory at [mem 0xbffe0000-0xbffe003f]
[    0.056792] ACPI: Reserving APIC table memory at [mem 0xbffe1a53-0xbffe1ad2]
[    0.058837] ACPI: Reserving HPET table memory at [mem 0xbffe1ad3-0xbffe1b0a]
[    0.060374] ACPI: Reserving WAET table memory at [mem 0xbffe1b0b-0xbffe1b32]
[    0.062665] No NUMA configuration found
[    0.063821] Faking a node at [mem 0x0000000000000000-0x000000013fffffff]
[    0.065191] NODE_DATA(0) allocated [mem 0x13fffa000-0x13fffdfff]
[    0.066553] Zone ranges:
[    0.067218]   DMA      [mem 0x0000000000001000-0x0000000000ffffff]
[    0.068743]   DMA32    [mem 0x0000000001000000-0x00000000ffffffff]
[    0.070308]   Normal   [mem 0x0000000100000000-0x000000013fffffff]
[    0.071878] Movable zone start for each node
[    0.072910] Early memory node ranges
[    0.073940]   node   0: [mem 0x0000000000001000-0x000000000009efff]
[    0.075605]   node   0: [mem 0x0000000000100000-0x00000000bffdffff]
[    0.077330]   node   0: [mem 0x0000000100000000-0x000000013fffffff]
[    0.079021] Initmem setup node 0 [mem 0x0000000000001000-0x000000013fffffff]
[    0.082111] On node 0, zone DMA: 1 pages in unavailable ranges
[    0.082156] On node 0, zone DMA: 97 pages in unavailable ranges
[    0.112144] On node 0, zone Normal: 32 pages in unavailable ranges
[    0.283077] kasan: KernelAddressSanitizer initialized
[    0.287159] ACPI: PM-Timer IO Port: 0x608
[    0.288041] ACPI: LAPIC_NMI (acpi_id[0xff] dfl dfl lint[0x1])
[    0.289811] IOAPIC[0]: apic_id 0, version 17, address 0xfec00000, GSI 0-23
[    0.291771] ACPI: INT_SRC_OVR (bus 0 bus_irq 0 global_irq 2 dfl dfl)
[    0.293427] ACPI: INT_SRC_OVR (bus 0 bus_irq 5 global_irq 5 high level)
[    0.295164] ACPI: INT_SRC_OVR (bus 0 bus_irq 9 global_irq 9 high level)
[    0.296829] ACPI: INT_SRC_OVR (bus 0 bus_irq 10 global_irq 10 high level)
[    0.298544] ACPI: INT_SRC_OVR (bus 0 bus_irq 11 global_irq 11 high level)
[    0.300267] ACPI: Using ACPI (MADT) for SMP configuration information
[    0.302017] ACPI: HPET id: 0x8086a201 base: 0xfed00000
[    0.303345] TSC deadline timer available
[    0.304500] smpboot: Allowing 2 CPUs, 0 hotplug CPUs
[    0.305865] kvm-guest: KVM setup pv remote TLB flush
[    0.307253] kvm-guest: setup PV sched yield
[    0.308363] PM: hibernation: Registered nosave memory: [mem 0x00000000-0x00000fff]
[    0.310519] PM: hibernation: Registered nosave memory: [mem 0x0009f000-0x0009ffff]
[    0.312523] PM: hibernation: Registered nosave memory: [mem 0x000a0000-0x000effff]
[    0.314778] PM: hibernation: Registered nosave memory: [mem 0x000f0000-0x000fffff]
[    0.316704] PM: hibernation: Registered nosave memory: [mem 0xbffe0000-0xbfffffff]
[    0.318617] PM: hibernation: Registered nosave memory: [mem 0xc0000000-0xfeffbfff]
[    0.320565] PM: hibernation: Registered nosave memory: [mem 0xfeffc000-0xfeffffff]
[    0.322650] PM: hibernation: Registered nosave memory: [mem 0xff000000-0xfffbffff]
[    0.324636] PM: hibernation: Registered nosave memory: [mem 0xfffc0000-0xffffffff]
[    0.326686] [mem 0xc0000000-0xfeffbfff] available for PCI devices
[    0.328755] Booting paravirtualized kernel on KVM
[    0.330466] clocksource: refined-jiffies: mask: 0xffffffff max_cycles: 0xffffffff, max_idle_ns: 1910969940391419 ns
[    0.345240] setup_percpu: NR_CPUS:64 nr_cpumask_bits:2 nr_cpu_ids:2 nr_node_ids:1
[    0.348159] percpu: Embedded 66 pages/cpu s232168 r8192 d29976 u1048576
[    0.350174] Kernel command line: console=ttyS0 oops=panic panic=-1 nokaslr earlyprintk=serial
[    0.352592] Unknown kernel command line parameters "nokaslr", will be passed to user space.
[    0.355074] random: crng init done
[    0.357601] Dentry cache hash table entries: 524288 (order: 10, 4194304 bytes, linear)
[    0.361362] Inode-cache hash table entries: 262144 (order: 9, 2097152 bytes, linear)
[    0.363622] Fallback order for Node 0: 0 
[    0.363627] Built 1 zonelists, mobility grouping on.  Total pages: 1031904
[    0.366096] Policy zone: Normal
[    0.366932] mem auto-init: stack:all(zero), heap alloc:off, heap free:off
[    0.368811] stackdepot: allocating hash table via alloc_large_system_hash
[    0.373314] stackdepot hash table entries: 1048576 (order: 11, 8388608 bytes, linear)
[    0.375368] software IO TLB: area num 2.
[    0.447353] Memory: 3425548K/4193784K available (49152K kernel code, 7946K rwdata, 10072K rodata, 5644K init, 2948K bss, 767980K reserved, 0K cma-reserved)
[    0.450632] SLUB: HWalign=64, Order=0-3, MinObjects=0, CPUs=2, Nodes=1
Poking KASLR using RDRAND RDTSC...
[    0.454910] Dynamic Preempt: voluntary
[    0.456502] rcu: Preemptible hierarchical RCU implementation.
[    0.457906] rcu: 	RCU event tracing is enabled.
[    0.459013] rcu: 	RCU restricting CPUs from NR_CPUS=64 to nr_cpu_ids=2.
[    0.461132] 	Trampoline variant of Tasks RCU enabled.
[    0.462568] rcu: RCU calculated value of scheduler-enlistment delay is 100 jiffies.
[    0.464467] rcu: Adjusting geometry for rcu_fanout_leaf=16, nr_cpu_ids=2
[    0.475122] NR_IRQS: 4352, nr_irqs: 440, preallocated irqs: 16
[    0.476806] rcu: srcu_init: Setting srcu_struct sizes based on contention.
[    0.487005] Console: colour VGA+ 80x25
[    0.487814] printk: console [ttyS0] enabled
[    0.487814] printk: console [ttyS0] enabled
[    0.490244] printk: bootconsole [earlyser0] disabled
[    0.490244] printk: bootconsole [earlyser0] disabled
[    0.493064] ACPI: Core revision 20230331
[    0.494436] clocksource: hpet: mask: 0xffffffff max_cycles: 0xffffffff, max_idle_ns: 19112604467 ns
[    0.496689] APIC: Switch to symmetric I/O mode setup
[    0.497993] kvm-guest: setup PV IPIs
[    0.501014] ..TIMER: vector=0x30 apic1=0 pin1=2 apic2=-1 pin2=-1
[    0.502439] clocksource: tsc-early: mask: 0xffffffffffffffff max_cycles: 0x2b2c8ec87c7, max_idle_ns: 440795278598 ns
[    0.505068] Calibrating delay loop (skipped) preset value.. 5990.40 BogoMIPS (lpj=2995200)
[    0.506418] x86/cpu: User Mode Instruction Prevention (UMIP) activated
[    0.507402] Last level iTLB entries: 4KB 0, 2MB 0, 4MB 0
[    0.508065] Last level dTLB entries: 4KB 0, 2MB 0, 4MB 0, 1GB 0
[    0.509089] Spectre V1 : Mitigation: usercopy/swapgs barriers and __user pointer sanitization
[    0.510075] Spectre V2 : Mitigation: Enhanced / Automatic IBRS
[    0.511065] Spectre V2 : Spectre v2 / SpectreRSB mitigation: Filling RSB on context switch
[    0.512067] Spectre V2 : Spectre v2 / PBRSB-eIBRS: Retire a single CALL on VMEXIT
[    0.513067] RETBleed: Mitigation: Enhanced IBRS
[    0.514074] Spectre V2 : mitigation: Enabling conditional Indirect Branch Prediction Barrier
[    0.515069] Speculative Store Bypass: Mitigation: Speculative Store Bypass disabled via prctl
[    0.516066] MMIO Stale Data: Unknown: No mitigations
[    0.517115] x86/fpu: Supporting XSAVE feature 0x001: 'x87 floating point registers'
[    0.518067] x86/fpu: Supporting XSAVE feature 0x002: 'SSE registers'
[    0.519066] x86/fpu: Supporting XSAVE feature 0x004: 'AVX registers'
[    0.520065] x86/fpu: xstate_offset[2]:  576, xstate_sizes[2]:  256
[    0.521066] x86/fpu: Enabled xstate features 0x7, context size is 832 bytes, using 'compacted' format.
[    0.540603] Freeing SMP alternatives memory: 44K
[    0.541066] pid_max: default: 32768 minimum: 301
[    0.542229] LSM: initializing lsm=capability,selinux,integrity
[    0.543077] SELinux:  Initializing.
[    0.544168] Mount-cache hash table entries: 8192 (order: 4, 65536 bytes, linear)
[    0.545072] Mountpoint-cache hash table entries: 8192 (order: 4, 65536 bytes, linear)
[    0.547940] smpboot: CPU0: 13th Gen Intel(R) Core(TM) i9-13900H (family: 0x6, model: 0xba, stepping: 0x2)
[    0.548299] RCU Tasks: Setting shift to 1 and lim to 1 rcu_task_cb_adjust=1.
[    0.549122] Performance Events: unsupported p6 CPU model 186 no PMU driver, software events only.
[    0.550132] signal: max sigframe size: 1776
[    0.551136] rcu: Hierarchical SRCU implementation.
[    0.552070] rcu: 	Max phase no-delay instances is 400.
[    0.553565] smp: Bringing up secondary CPUs ...
[    0.554282] smpboot: x86: Booting SMP configuration:
[    0.555074] .... node  #0, CPUs:      #1
[    0.556171] smp: Brought up 1 node, 2 CPUs
[    0.558073] smpboot: Max logical packages: 1
[    0.559073] smpboot: Total of 2 processors activated (11980.80 BogoMIPS)
[    0.561666] devtmpfs: initialized
[    0.564219] clocksource: jiffies: mask: 0xffffffff max_cycles: 0xffffffff, max_idle_ns: 1911260446275000 ns
[    0.565074] futex hash table entries: 512 (order: 3, 32768 bytes, linear)
[    0.566324] PM: RTC time: 19:16:18, date: 2026-05-07
[    0.567303] NET: Registered PF_NETLINK/PF_ROUTE protocol family
[    0.568362] audit: initializing netlink subsys (disabled)
[    0.569768] audit: type=2000 audit(1778181378.971:1): state=initialized audit_enabled=0 res=1
[    0.570233] thermal_sys: Registered thermal governor 'step_wise'
[    0.571072] thermal_sys: Registered thermal governor 'user_space'
[    0.572110] cpuidle: using governor menu
[    0.574480] PCI: Using configuration type 1 for base access
[    0.575272] kprobes: kprobe jump-optimization is enabled. All kprobes are optimized if possible.
[    0.582270] HugeTLB: registered 2.00 MiB page size, pre-allocated 0 pages
[    0.584071] HugeTLB: 28 KiB vmemmap can be freed for a 2.00 MiB page
[    0.589221] ACPI: Added _OSI(Module Device)
[    0.590069] ACPI: Added _OSI(Processor Device)
[    0.590069] ACPI: Added _OSI(3.0 _SCP Extensions)
[    0.591062] ACPI: Added _OSI(Processor Aggregator Device)
[    0.600854] ACPI: 1 ACPI AML tables successfully acquired and loaded
[    0.653324] ACPI: Interpreter enabled
[    0.654116] ACPI: PM: (supports S0 S3 S4 S5)
[    0.655071] ACPI: Using IOAPIC for interrupt routing
[    0.656117] PCI: Using host bridge windows from ACPI; if necessary, use "pci=nocrs" and report a bug
[    0.657072] PCI: Using E820 reservations for host bridge windows
[    0.658523] ACPI: Enabled 2 GPEs in block 00 to 0F
[    0.672564] ACPI: PCI Root Bridge [PCI0] (domain 0000 [bus 00-ff])
[    0.673327] acpi PNP0A03:00: _OSC: OS supports [ASPM ClockPM Segments MSI HPX-Type3]
[    0.674073] acpi PNP0A03:00: _OSC: not requesting OS control; OS requires [ExtendedConfig ASPM ClockPM MSI]
[    0.675391] acpi PNP0A03:00: fail to add MMCONFIG information, can't access extended configuration space under this bridge
[    0.676494] PCI host bridge to bus 0000:00
[    0.677077] pci_bus 0000:00: root bus resource [io  0x0000-0x0cf7 window]
[    0.678078] pci_bus 0000:00: root bus resource [io  0x0d00-0xffff window]
[    0.679199] pci_bus 0000:00: root bus resource [mem 0x000a0000-0x000bffff window]
[    0.680306] pci_bus 0000:00: root bus resource [mem 0xc0000000-0xfebfffff window]
[    0.681085] pci_bus 0000:00: root bus resource [mem 0x140000000-0x1bfffffff window]
[    0.682086] pci_bus 0000:00: root bus resource [bus 00-ff]
[    0.683320] pci 0000:00:00.0: [8086:1237] type 00 class 0x060000
[    0.691089] pci 0000:00:01.0: [8086:7000] type 00 class 0x060100
[    0.699331] pci 0000:00:01.1: [8086:7010] type 00 class 0x010180
[    0.702075] pci 0000:00:01.1: reg 0x20: [io  0xc040-0xc04f]
[    0.703877] pci 0000:00:01.1: legacy IDE quirk: reg 0x10: [io  0x01f0-0x01f7]
[    0.704074] pci 0000:00:01.1: legacy IDE quirk: reg 0x14: [io  0x03f6]
[    0.705070] pci 0000:00:01.1: legacy IDE quirk: reg 0x18: [io  0x0170-0x0177]
[    0.706129] pci 0000:00:01.1: legacy IDE quirk: reg 0x1c: [io  0x0376]
[    0.707844] pci 0000:00:01.3: [8086:7113] type 00 class 0x068000
[    0.709018] pci 0000:00:01.3: quirk: [io  0x0600-0x063f] claimed by PIIX4 ACPI
[    0.709086] pci 0000:00:01.3: quirk: [io  0x0700-0x070f] claimed by PIIX4 SMB
[    0.710935] pci 0000:00:02.0: [1234:1111] type 00 class 0x030000
[    0.712499] pci 0000:00:02.0: reg 0x10: [mem 0xfd000000-0xfdffffff pref]
[    0.715638] pci 0000:00:02.0: reg 0x18: [mem 0xfebf0000-0xfebf0fff]
[    0.720141] pci 0000:00:02.0: reg 0x30: [mem 0xfebe0000-0xfebeffff pref]
[    0.721404] pci 0000:00:02.0: Video device with shadowed ROM at [mem 0x000c0000-0x000dffff]
[    0.727799] pci 0000:00:03.0: [8086:100e] type 00 class 0x020000
[    0.729072] pci 0000:00:03.0: reg 0x10: [mem 0xfebc0000-0xfebdffff]
[    0.731038] pci 0000:00:03.0: reg 0x14: [io  0xc000-0xc03f]
[    0.735574] pci 0000:00:03.0: reg 0x30: [mem 0xfeb80000-0xfebbffff pref]
[    0.743838] ACPI: PCI: Interrupt link LNKA configured for IRQ 10
[    0.744593] ACPI: PCI: Interrupt link LNKB configured for IRQ 10
[    0.745600] ACPI: PCI: Interrupt link LNKC configured for IRQ 11
[    0.746567] ACPI: PCI: Interrupt link LNKD configured for IRQ 11
[    0.747278] ACPI: PCI: Interrupt link LNKS configured for IRQ 9
[    0.749536] iommu: Default domain type: Translated 
[    0.750070] iommu: DMA domain TLB invalidation policy: lazy mode 
[    0.751336] SCSI subsystem initialized
[    0.752231] ACPI: bus type USB registered
[    0.753073] usbcore: registered new interface driver usbfs
[    0.754089] usbcore: registered new interface driver hub
[    0.755086] usbcore: registered new device driver usb
[    0.757113] pps_core: LinuxPPS API ver. 1 registered
[    0.758068] pps_core: Software ver. 5.3.6 - Copyright 2005-2007 Rodolfo Giometti <giometti@linux.it>
[    0.760090] PTP clock support registered
[    0.761189] Advanced Linux Sound Architecture Driver Initialized.
[    0.763580] NetLabel: Initializing
[    0.764070] NetLabel:  domain hash size = 128
[    0.766072] NetLabel:  protocols = UNLABELED CIPSOv4 CALIPSO
[    0.768127] NetLabel:  unlabeled traffic allowed by default
[    0.769149] PCI: Using ACPI for IRQ routing
[    0.771095] pci 0000:00:02.0: vgaarb: setting as boot VGA device
[    0.772062] pci 0000:00:02.0: vgaarb: bridge control possible
[    0.772062] pci 0000:00:02.0: vgaarb: VGA device added: decodes=io+mem,owns=io+mem,locks=none
[    0.776071] vgaarb: loaded
[    0.776875] hpet0: at MMIO 0xfed00000, IRQs 2, 8, 0
[    0.778069] hpet0: 3 comparators, 64-bit 100.000000 MHz counter
[    0.785153] clocksource: Switched to clocksource kvm-clock
[    0.822112] VFS: Disk quotas dquot_6.6.0
[    0.823432] VFS: Dquot-cache hash table entries: 512 (order 0, 4096 bytes)
[    0.825757] pnp: PnP ACPI init
[    0.828474] pnp: PnP ACPI: found 6 devices
[    0.842816] clocksource: acpi_pm: mask: 0xffffff max_cycles: 0xffffff, max_idle_ns: 2085701024 ns
[    0.845457] NET: Registered PF_INET protocol family
[    0.849209] IP idents hash table entries: 65536 (order: 7, 524288 bytes, linear)
[    0.854257] tcp_listen_portaddr_hash hash table entries: 2048 (order: 3, 32768 bytes, linear)
[    0.856362] Table-perturb hash table entries: 65536 (order: 6, 262144 bytes, linear)
[    0.858393] TCP established hash table entries: 32768 (order: 6, 262144 bytes, linear)
[    0.860241] TCP bind hash table entries: 32768 (order: 8, 1048576 bytes, linear)
[    0.862530] TCP: Hash tables configured (established 32768 bind 32768)
[    0.864033] UDP hash table entries: 2048 (order: 4, 65536 bytes, linear)
[    0.865511] UDP-Lite hash table entries: 2048 (order: 4, 65536 bytes, linear)
[    0.867463] NET: Registered PF_UNIX/PF_LOCAL protocol family
[    0.869998] RPC: Registered named UNIX socket transport module.
[    0.871685] RPC: Registered udp transport module.
[    0.872973] RPC: Registered tcp transport module.
[    0.874138] RPC: Registered tcp NFSv4.1 backchannel transport module.
[    0.876822] pci_bus 0000:00: resource 4 [io  0x0000-0x0cf7 window]
[    0.878072] pci_bus 0000:00: resource 5 [io  0x0d00-0xffff window]
[    0.879559] pci_bus 0000:00: resource 6 [mem 0x000a0000-0x000bffff window]
[    0.881313] pci_bus 0000:00: resource 7 [mem 0xc0000000-0xfebfffff window]
[    0.883053] pci_bus 0000:00: resource 8 [mem 0x140000000-0x1bfffffff window]
[    0.884906] pci 0000:00:01.0: PIIX3: Enabling Passive Release
[    0.886595] pci 0000:00:00.0: Limiting direct PCI/PCI transfers
[    0.888255] PCI: CLS 0 bytes, default 64
[    0.889361] PCI-DMA: Using software bounce buffering for IO (SWIOTLB)
[    0.889574] Unpacking initramfs...
[    0.891185] software IO TLB: mapped [mem 0x00000000bbe4f000-0x00000000bfe4f000] (64MB)
[    0.894783] RAPL PMU: API unit is 2^-32 Joules, 0 fixed counters, 10737418240 ms ovfl timer
[    0.897154] clocksource: tsc: mask: 0xffffffffffffffff max_cycles: 0x2b2c8ec87c7, max_idle_ns: 440795278598 ns
[    0.902092] Initialise system trusted keyrings
[    0.903338] workingset: timestamp_bits=56 max_order=20 bucket_order=0
[    0.905353] NFS: Registering the id_resolver key type
[    0.906598] Key type id_resolver registered
[    0.907841] Key type id_legacy registered
[    0.909278] 9p: Installing v9fs 9p2000 file system support
[    0.917351] Key type asymmetric registered
[    0.917393] Freeing initrd memory: 1604K
[    0.918222] Asymmetric key parser 'x509' registered
[    0.920582] Block layer SCSI generic (bsg) driver version 0.4 loaded (major 251)
[    0.922580] io scheduler mq-deadline registered
[    0.923847] io scheduler kyber registered
[    0.925286] input: Power Button as /devices/LNXSYSTM:00/LNXPWRBN:00/input/input0
[    0.928188] ACPI: button: Power Button [PWRF]
[    0.930341] Serial: 8250/16550 driver, 4 ports, IRQ sharing enabled
[    0.933066] 00:04: ttyS0 at I/O 0x3f8 (irq = 4, base_baud = 115200) is a 16550A
[    0.936501] Non-volatile memory driver v1.3
[    0.937625] Linux agpgart interface v0.103
[    0.938808] ACPI: bus type drm_connector registered
[    0.943909] loop: module loaded
[    0.946646] scsi host0: ata_piix
[    0.948338] scsi host1: ata_piix
[    0.949414] ata1: PATA max MWDMA2 cmd 0x1f0 ctl 0x3f6 bmdma 0xc040 irq 14
[    0.951413] ata2: PATA max MWDMA2 cmd 0x170 ctl 0x376 bmdma 0xc048 irq 15
[    0.954614] e100: Intel(R) PRO/100 Network Driver
[    0.955829] e100: Copyright(c) 1999-2006 Intel Corporation
[    0.957314] e1000: Intel(R) PRO/1000 Network Driver
[    0.958582] e1000: Copyright (c) 1999-2006 Intel Corporation.
[    1.110016] ata2: found unknown device (class 0)
[    1.111798] ata2.00: ATAPI: QEMU DVD-ROM, 2.5+, max UDMA/100
[    1.114458] scsi 1:0:0:0: CD-ROM            QEMU     QEMU DVD-ROM     2.5+ PQ: 0 ANSI: 5
[    1.127271] sr 1:0:0:0: [sr0] scsi3-mmc drive: 4x/4x cd/rw xa/form2 tray
[    1.128718] cdrom: Uniform CD-ROM driver Revision: 3.20
[    1.369931] ACPI: \_SB_.LNKC: Enabled at IRQ 11
[    1.725562] e1000 0000:00:03.0 eth0: (PCI:33MHz:32-bit) 52:54:00:12:34:56
[    1.728556] e1000 0000:00:03.0 eth0: Intel(R) PRO/1000 Network Connection
[    1.730132] e1000e: Intel(R) PRO/1000 Network Driver
[    1.731158] e1000e: Copyright(c) 1999 - 2015 Intel Corporation.
[    1.732418] sky2: driver version 1.30
[    1.733581] usbcore: registered new interface driver usblp
[    1.734797] usbcore: registered new interface driver usb-storage
[    1.736189] i8042: PNP: PS/2 Controller [PNP0303:KBD,PNP0f13:MOU] at 0x60,0x64 irq 1,12
[    1.738945] serio: i8042 KBD port at 0x60,0x64 irq 1
[    1.740068] serio: i8042 AUX port at 0x60,0x64 irq 12
[    1.741731] rtc_cmos 00:05: RTC can wake from S4
[    1.743588] input: AT Translated Set 2 keyboard as /devices/platform/i8042/serio0/input/input1
[    1.744126] rtc_cmos 00:05: registered as rtc0
[    1.746762] rtc_cmos 00:05: alarms up to one day, y3k, 242 bytes nvram, hpet irqs
[    1.750098] device-mapper: ioctl: 4.48.0-ioctl (2023-03-01) initialised: dm-devel@redhat.com
[    1.751990] intel_pstate: CPU model not supported
[    1.753109] hid: raw HID events driver (C) Jiri Kosina
[    1.754636] usbcore: registered new interface driver usbhid
[    1.756040] usbhid: USB HID core driver
[    1.758323] Initializing XFRM netlink socket
[    1.759947] NET: Registered PF_INET6 protocol family
[    1.762446] Segment Routing with IPv6
[    1.763344] In-situ OAM (IOAM) with IPv6
[    1.764441] sit: IPv6, IPv4 and MPLS over IPv4 tunneling driver
[    1.766145] NET: Registered PF_PACKET protocol family
[    1.767375] 9pnet: Installing 9P2000 support
[    1.768430] Key type dns_resolver registered
[    1.769935] IPI shorthand broadcast: enabled
[    1.784064] sched_clock: Marking stable (1761428464, 22396175)->(1886983355, -103158716)
[    1.786996] registered taskstats version 1
[    1.788190] Loading compiled-in X.509 certificates
[    1.797293] PM:   Magic number: 10:255:293
[    1.798156] tty tty26: hash matches
[    1.799220] printk: console [netcon0] enabled
[    1.800484] netconsole: network logging started
[    1.801704] cfg80211: Loading compiled-in X.509 certificates for regulatory database
[    1.803811] kworker/u4:1 (51) used greatest stack depth: 29408 bytes left
[    1.805737] Loaded X.509 cert 'sforshee: 00b28ddf47aef9cea7'
[    1.807376] ALSA device list:
[    1.808373]   No soundcards found.
[    1.810610] Freeing unused kernel image (initmem) memory: 5644K
[    1.811991] platform regulatory.0: Direct firmware load for regulatory.db failed with error -2
[    1.814334] cfg80211: failed to load regulatory.db
[    1.817550] Write protecting the kernel read-only data: 59392k
[    1.818644] Freeing unused kernel image (rodata/data gap) memory: 168K
[    1.829575] x86/mm: Checked W+X mappings: passed, no W+X pages found.
[    1.831698] Run /init as init process
[    1.835253] mount (55) used greatest stack depth: 28760 bytes left

secb: rootfs ready
---- poc begin ----
[*] batch 1: NEWTABLE t1
[*] batch 2: NEWOBJ victim_obj + NEWSET s_ref + 16 x NEWSETELEM (victim_obj->use = 16)
[*] primitive 1/16: tmp_0..15 (pipapo NEWSET+NEWSETELEM committed, then DELSETELEM+DELSET — net -1 on victim_obj->use)
[*] DELOBJ victim_obj (victim_obj->use==0 -> allowed; kfree on commit)
    [!] del ack seq=137 err=16 (Device or resource busy)
[    2.368853] input: ImExPS/2 Generic Explorer Mouse as /devices/platform/i8042/serio1/input/input3
[*] GETSETELEM s_ref dump (each elem reads (*nft_set_ext_obj(ext))->key.name)
[+] poc finished
[    2.373754] poc (61) used greatest stack depth: 26928 bytes left
---- poc end rc=0 ----
secb: poc exited without crashing the kernel
[    3.725492] ACPI: PM: Preparing to enter system sleep state S5
[    3.727085] reboot: Power down
NO_CRASH_DETECTED
