c[?7l[2J[0mSeaBIOS (version 1.16.2-debian-1.16.2-1)


iPXE (http://ipxe.org) 00:03.0 CA00 PCI2.10 PnP PMM+7EFCEF00+7EF0EF00 CA00
Press Ctrl-B to configure iPXE (PCI 00:03.0)...                                                                               


Booting from ROM...
c[?7l[2JNo EFI environment detected.
early console in extract_kernel
input_data: 0x0000000004bf03a8
input_len: 0x0000000001984eaa
output: 0x0000000001000000
output_len: 0x00000000054fef14
kernel_total_size: 0x0000000005230000
needed_size: 0x0000000005600000
trampoline_32bit: 0x000000000009d000


KASLR disabled: 'nokaslr' on cmdline.


Decompressing Linux... Parsing ELF... No relocation needed... done.
Booting the kernel (entry_offset: 0x0000000000000000).
[    0.000000] Linux version 6.4.0-04323-g954c0e447c14-dirty (root@buildkitsandbox) (gcc (Debian 12.2.0-14+deb12u1) 12.2.0, GNU ld (GNU Binutils for Debian) 2.40) #2 SMP PREEMPT_DYNAMIC Sat May 16 20:31:32 UTC 2026
[    0.000000] Command line: console=ttyS0 oops=panic panic=-1 nokaslr earlyprintk=serial
[    0.000000] BIOS-provided physical RAM map:
[    0.000000] BIOS-e820: [mem 0x0000000000000000-0x000000000009fbff] usable
[    0.000000] BIOS-e820: [mem 0x000000000009fc00-0x000000000009ffff] reserved
[    0.000000] BIOS-e820: [mem 0x00000000000f0000-0x00000000000fffff] reserved
[    0.000000] BIOS-e820: [mem 0x0000000000100000-0x000000007ffdffff] usable
[    0.000000] BIOS-e820: [mem 0x000000007ffe0000-0x000000007fffffff] reserved
[    0.000000] BIOS-e820: [mem 0x00000000feffc000-0x00000000feffffff] reserved
[    0.000000] BIOS-e820: [mem 0x00000000fffc0000-0x00000000ffffffff] reserved
[    0.000000] printk: bootconsole [earlyser0] enabled
[    0.000000] NX (Execute Disable) protection: active
[    0.000000] SMBIOS 2.8 present.
[    0.000000] DMI: QEMU Standard PC (i440FX + PIIX, 1996), BIOS 1.16.2-debian-1.16.2-1 04/01/2014
[    0.000000] Hypervisor detected: KVM
[    0.000000] kvm-clock: Using msrs 4b564d01 and 4b564d00
[    0.000005] kvm-clock: using sched offset of 500647005 cycles
[    0.002647] clocksource: kvm-clock: mask: 0xffffffffffffffff max_cycles: 0x1cd42e4dffb, max_idle_ns: 881590591483 ns
[    0.012573] tsc: Detected 2995.198 MHz processor
[    0.016690] last_pfn = 0x7ffe0 max_arch_pfn = 0x400000000
[    0.019704] MTRR map: 4 entries (3 fixed + 1 variable; max 19), built from 8 variable MTRRs
[    0.024402] x86/PAT: Configuration [0-7]: WB  WC  UC- UC  WB  WP  UC- WT  
[    0.039051] found SMP MP-table at [mem 0x000f5ba0-0x000f5baf]
[    0.043745] Using GB pages for direct mapping
[    0.048177] Incomplete global flushes, disabling PCID
[    0.049199] RAMDISK: [mem 0x7fe91000-0x7ffdffff]
[    0.055216] ACPI: Early table checksum verification disabled
[    0.058765] ACPI: RSDP 0x00000000000F59D0 000014 (v00 BOCHS )
[    0.063624] ACPI: RSDT 0x000000007FFE1B33 000034 (v01 BOCHS  BXPC     00000001 BXPC 00000001)
[    0.070569] ACPI: FACP 0x000000007FFE19DF 000074 (v01 BOCHS  BXPC     00000001 BXPC 00000001)
[    0.076427] ACPI: DSDT 0x000000007FFE0040 00199F (v01 BOCHS  BXPC     00000001 BXPC 00000001)
[    0.081786] ACPI: FACS 0x000000007FFE0000 000040
[    0.084223] ACPI: APIC 0x000000007FFE1A53 000080 (v01 BOCHS  BXPC     00000001 BXPC 00000001)
[    0.091033] ACPI: HPET 0x000000007FFE1AD3 000038 (v01 BOCHS  BXPC     00000001 BXPC 00000001)
[    0.097171] ACPI: WAET 0x000000007FFE1B0B 000028 (v01 BOCHS  BXPC     00000001 BXPC 00000001)
[    0.104366] ACPI: Reserving FACP table memory at [mem 0x7ffe19df-0x7ffe1a52]
[    0.109153] ACPI: Reserving DSDT table memory at [mem 0x7ffe0040-0x7ffe19de]
[    0.113170] ACPI: Reserving FACS table memory at [mem 0x7ffe0000-0x7ffe003f]
[    0.117618] ACPI: Reserving APIC table memory at [mem 0x7ffe1a53-0x7ffe1ad2]
[    0.123250] ACPI: Reserving HPET table memory at [mem 0x7ffe1ad3-0x7ffe1b0a]
[    0.129023] ACPI: Reserving WAET table memory at [mem 0x7ffe1b0b-0x7ffe1b32]
[    0.134841] No NUMA configuration found
[    0.137416] Faking a node at [mem 0x0000000000000000-0x000000007ffdffff]
[    0.142135] NODE_DATA(0) allocated [mem 0x7fe8d000-0x7fe90fff]
[    0.146535] Zone ranges:
[    0.148715]   DMA      [mem 0x0000000000001000-0x0000000000ffffff]
[    0.153199]   DMA32    [mem 0x0000000001000000-0x000000007ffdffff]
[    0.156452]   Normal   empty
[    0.160607] Movable zone start for each node
[    0.165133] Early memory node ranges
[    0.167438]   node   0: [mem 0x0000000000001000-0x000000000009efff]
[    0.171787]   node   0: [mem 0x0000000000100000-0x000000007ffdffff]
[    0.175775] Initmem setup node 0 [mem 0x0000000000001000-0x000000007ffdffff]
[    0.183305] On node 0, zone DMA: 1 pages in unavailable ranges
[    0.183696] On node 0, zone DMA: 97 pages in unavailable ranges
[    0.230844] On node 0, zone DMA32: 32 pages in unavailable ranges
[    0.449223] kasan: KernelAddressSanitizer initialized
[    0.460634] ACPI: PM-Timer IO Port: 0x608
[    0.463318] ACPI: LAPIC_NMI (acpi_id[0xff] dfl dfl lint[0x1])
[    0.469771] IOAPIC[0]: apic_id 0, version 17, address 0xfec00000, GSI 0-23
[    0.475574] ACPI: INT_SRC_OVR (bus 0 bus_irq 0 global_irq 2 dfl dfl)
[    0.479806] ACPI: INT_SRC_OVR (bus 0 bus_irq 5 global_irq 5 high level)
[    0.483788] ACPI: INT_SRC_OVR (bus 0 bus_irq 9 global_irq 9 high level)
[    0.488281] ACPI: INT_SRC_OVR (bus 0 bus_irq 10 global_irq 10 high level)
[    0.494664] ACPI: INT_SRC_OVR (bus 0 bus_irq 11 global_irq 11 high level)
[    0.499303] ACPI: Using ACPI (MADT) for SMP configuration information
[    0.503194] ACPI: HPET id: 0x8086a201 base: 0xfed00000
[    0.506675] TSC deadline timer available
[    0.512150] smpboot: Allowing 2 CPUs, 0 hotplug CPUs
[    0.516679] kvm-guest: KVM setup pv remote TLB flush
[    0.520157] kvm-guest: setup PV sched yield
[    0.525718] PM: hibernation: Registered nosave memory: [mem 0x00000000-0x00000fff]
[    0.530108] PM: hibernation: Registered nosave memory: [mem 0x0009f000-0x0009ffff]
[    0.534485] PM: hibernation: Registered nosave memory: [mem 0x000a0000-0x000effff]
[    0.540960] PM: hibernation: Registered nosave memory: [mem 0x000f0000-0x000fffff]
[    0.545759] [mem 0x80000000-0xfeffbfff] available for PCI devices
[    0.549376] Booting paravirtualized kernel on KVM
[    0.552781] clocksource: refined-jiffies: mask: 0xffffffff max_cycles: 0xffffffff, max_idle_ns: 1910969940391419 ns
[    0.585367] setup_percpu: NR_CPUS:64 nr_cpumask_bits:2 nr_cpu_ids:2 nr_node_ids:1
[    0.591543] percpu: Embedded 66 pages/cpu s232104 r8192 d30040 u1048576
[    0.597104] Kernel command line: console=ttyS0 oops=panic panic=-1 nokaslr earlyprintk=serial
[    0.603653] Unknown kernel command line parameters "nokaslr", will be passed to user space.
[    0.611519] random: crng init done
[    0.615968] Dentry cache hash table entries: 262144 (order: 9, 2097152 bytes, linear)
[    0.624051] Inode-cache hash table entries: 131072 (order: 8, 1048576 bytes, linear)
[    0.630712] Fallback order for Node 0: 0 
[    0.630730] Built 1 zonelists, mobility grouping on.  Total pages: 515808
[    0.635455] Policy zone: DMA32
[    0.636698] mem auto-init: stack:all(zero), heap alloc:off, heap free:off
[    0.640126] stackdepot: allocating hash table via alloc_large_system_hash
[    0.650636] stackdepot hash table entries: 1048576 (order: 11, 8388608 bytes, linear)
[    0.765936] Memory: 1692956K/2096632K available (49152K kernel code, 7930K rwdata, 10020K rodata, 5604K init, 3076K bss, 403420K reserved, 0K cma-reserved)
[    0.776649] SLUB: HWalign=64, Order=0-3, MinObjects=0, CPUs=2, Nodes=1
Poking KASLR using RDRAND RDTSC...
[    0.814134] Dynamic Preempt: voluntary
[    0.819942] rcu: Preemptible hierarchical RCU implementation.
[    0.823228] rcu: 	RCU event tracing is enabled.
[    0.825628] rcu: 	RCU restricting CPUs from NR_CPUS=64 to nr_cpu_ids=2.
[    0.828802] 	Trampoline variant of Tasks RCU enabled.
[    0.831410] rcu: RCU calculated value of scheduler-enlistment delay is 100 jiffies.
[    0.835696] rcu: Adjusting geometry for rcu_fanout_leaf=16, nr_cpu_ids=2
[    0.894719] NR_IRQS: 4352, nr_irqs: 440, preallocated irqs: 16
[    0.898025] rcu: srcu_init: Setting srcu_struct sizes based on contention.
[    0.919899] Console: colour VGA+ 80x25
[    0.921594] printk: console [ttyS0] enabled
[    0.921594] printk: console [ttyS0] enabled
[    0.925322] printk: bootconsole [earlyser0] disabled
[    0.925322] printk: bootconsole [earlyser0] disabled
[    0.937723] ACPI: Core revision 20230331
[    0.940831] clocksource: hpet: mask: 0xffffffff max_cycles: 0xffffffff, max_idle_ns: 19112604467 ns
[    0.944997] APIC: Switch to symmetric I/O mode setup
[    0.947935] kvm-guest: setup PV IPIs
[    0.960510] ..TIMER: vector=0x30 apic1=0 pin1=2 apic2=-1 pin2=-1
[    0.964521] clocksource: tsc-early: mask: 0xffffffffffffffff max_cycles: 0x2b2c8d6afc8, max_idle_ns: 440795331172 ns
[    0.972709] Calibrating delay loop (skipped) preset value.. 5990.39 BogoMIPS (lpj=2995198)
[    0.977078] x86/cpu: User Mode Instruction Prevention (UMIP) activated
[    0.981340] Last level iTLB entries: 4KB 0, 2MB 0, 4MB 0
[    0.983563] Last level dTLB entries: 4KB 0, 2MB 0, 4MB 0, 1GB 0
[    0.985401] Spectre V1 : Mitigation: usercopy/swapgs barriers and __user pointer sanitization
[    0.986386] Spectre V2 : Mitigation: Enhanced / Automatic IBRS
[    0.988431] Spectre V2 : Spectre v2 / SpectreRSB mitigation: Filling RSB on context switch
[    0.989485] Spectre V2 : Spectre v2 / PBRSB-eIBRS: Retire a single CALL on VMEXIT
[    0.990607] RETBleed: Mitigation: Enhanced IBRS
[    0.992715] Spectre V2 : mitigation: Enabling conditional Indirect Branch Prediction Barrier
[    0.996662] Speculative Store Bypass: Mitigation: Speculative Store Bypass disabled via prctl
[    0.998353] MMIO Stale Data: Unknown: No mitigations
[    1.000566] x86/fpu: Supporting XSAVE feature 0x001: 'x87 floating point registers'
[    1.001380] x86/fpu: Supporting XSAVE feature 0x002: 'SSE registers'
[    1.002328] x86/fpu: Supporting XSAVE feature 0x004: 'AVX registers'
[    1.005564] x86/fpu: xstate_offset[2]:  576, xstate_sizes[2]:  256
[    1.007347] x86/fpu: Enabled xstate features 0x7, context size is 832 bytes, using 'compacted' format.
[    1.096713] Freeing SMP alternatives memory: 44K
[    1.101641] pid_max: default: 32768 minimum: 301
[    1.112016] LSM: initializing lsm=capability,selinux,integrity
[    1.113520] SELinux:  Initializing.
[    1.114716] Mount-cache hash table entries: 4096 (order: 3, 32768 bytes, linear)
[    1.115340] Mountpoint-cache hash table entries: 4096 (order: 3, 32768 bytes, linear)
[    1.148672] smpboot: CPU0: 13th Gen Intel(R) Core(TM) i9-13900H (family: 0x6, model: 0xba, stepping: 0x2)
[    1.150090] RCU Tasks: Setting shift to 1 and lim to 1 rcu_task_cb_adjust=1.
[    1.152474] Performance Events: unsupported p6 CPU model 186 no PMU driver, software events only.
[    1.153918] signal: max sigframe size: 1776
[    1.159277] rcu: Hierarchical SRCU implementation.
[    1.160481] rcu: 	Max phase no-delay instances is 400.
[    1.190510] smp: Bringing up secondary CPUs ...
[    1.219372] smpboot: x86: Booting SMP configuration:
[    1.220329] .... node  #0, CPUs:      #1
[    1.222450] smp: Brought up 1 node, 2 CPUs
[    1.224335] smpboot: Max logical packages: 1
[    1.225383] smpboot: Total of 2 processors activated (11980.79 BogoMIPS)
[    1.234437] devtmpfs: initialized
[    1.248810] clocksource: jiffies: mask: 0xffffffff max_cycles: 0xffffffff, max_idle_ns: 1911260446275000 ns
[    1.249772] futex hash table entries: 512 (order: 3, 32768 bytes, linear)
[    1.251655] PM: RTC time: 20:32:07, date: 2026-05-16
[    1.253167] NET: Registered PF_NETLINK/PF_ROUTE protocol family
[    1.255291] audit: initializing netlink subsys (disabled)
[    1.263437] audit: type=2000 audit(1778963527.809:1): state=initialized audit_enabled=0 res=1
[    1.265789] thermal_sys: Registered thermal governor 'step_wise'
[    1.266348] thermal_sys: Registered thermal governor 'user_space'
[    1.268888] cpuidle: using governor menu
[    1.277934] PCI: Using configuration type 1 for base access
[    1.284252] kprobes: kprobe jump-optimization is enabled. All kprobes are optimized if possible.
[    1.305383] HugeTLB: registered 2.00 MiB page size, pre-allocated 0 pages
[    1.309384] HugeTLB: 28 KiB vmemmap can be freed for a 2.00 MiB page
[    1.343842] ACPI: Added _OSI(Module Device)
[    1.346535] ACPI: Added _OSI(Processor Device)
[    1.349484] ACPI: Added _OSI(3.0 _SCP Extensions)
[    1.352381] ACPI: Added _OSI(Processor Aggregator Device)
[    1.536317] ACPI: 1 ACPI AML tables successfully acquired and loaded
[    1.587006] ACPI: Interpreter enabled
[    1.590079] ACPI: PM: (supports S0 S3 S4 S5)
[    1.593360] ACPI: Using IOAPIC for interrupt routing
[    1.599009] PCI: Using host bridge windows from ACPI; if necessary, use "pci=nocrs" and report a bug
[    1.602388] PCI: Using E820 reservations for host bridge windows
[    1.618194] ACPI: Enabled 2 GPEs in block 00 to 0F
[    1.919492] ACPI: PCI Root Bridge [PCI0] (domain 0000 [bus 00-ff])
[    1.923317] acpi PNP0A03:00: _OSC: OS supports [ASPM ClockPM Segments MSI HPX-Type3]
[    1.926469] acpi PNP0A03:00: _OSC: not requesting OS control; OS requires [ExtendedConfig ASPM ClockPM MSI]
[    1.937317] acpi PNP0A03:00: fail to add MMCONFIG information, can't access extended configuration space under this bridge
[    1.959317] PCI host bridge to bus 0000:00
[    1.963654] pci_bus 0000:00: root bus resource [io  0x0000-0x0cf7 window]
[    1.966730] pci_bus 0000:00: root bus resource [io  0x0d00-0xffff window]
[    1.969996] pci_bus 0000:00: root bus resource [mem 0x000a0000-0x000bffff window]
[    1.973317] pci_bus 0000:00: root bus resource [mem 0x80000000-0xfebfffff window]
[    1.978075] pci_bus 0000:00: root bus resource [mem 0x100000000-0x17fffffff window]
[    1.980933] pci_bus 0000:00: root bus resource [bus 00-ff]
[    1.984607] pci 0000:00:00.0: [8086:1237] type 00 class 0x060000
[    2.067655] pci 0000:00:01.0: [8086:7000] type 00 class 0x060100
[    2.203628] pci 0000:00:01.1: [8086:7010] type 00 class 0x010180
[    2.214839] pci 0000:00:01.1: reg 0x20: [io  0xc040-0xc04f]
[    2.220151] pci 0000:00:01.1: legacy IDE quirk: reg 0x10: [io  0x01f0-0x01f7]
[    2.225239] pci 0000:00:01.1: legacy IDE quirk: reg 0x14: [io  0x03f6]
[    2.228452] pci 0000:00:01.1: legacy IDE quirk: reg 0x18: [io  0x0170-0x0177]
[    2.230336] pci 0000:00:01.1: legacy IDE quirk: reg 0x1c: [io  0x0376]
[    2.248011] pci 0000:00:01.3: [8086:7113] type 00 class 0x068000
[    2.255294] pci 0000:00:01.3: quirk: [io  0x0600-0x063f] claimed by PIIX4 ACPI
[    2.257810] pci 0000:00:01.3: quirk: [io  0x0700-0x070f] claimed by PIIX4 SMB
[    2.269416] pci 0000:00:02.0: [1234:1111] type 00 class 0x030000
[    2.274317] pci 0000:00:02.0: reg 0x10: [mem 0xfd000000-0xfdffffff pref]
[    2.280082] pci 0000:00:02.0: reg 0x18: [mem 0xfebf0000-0xfebf0fff]
[    2.289317] pci 0000:00:02.0: reg 0x30: [mem 0xfebe0000-0xfebeffff pref]
[    2.294317] pci 0000:00:02.0: Video device with shadowed ROM at [mem 0x000c0000-0x000dffff]
[    2.414943] pci 0000:00:03.0: [8086:100e] type 00 class 0x020000
[    2.419762] pci 0000:00:03.0: reg 0x10: [mem 0xfebc0000-0xfebdffff]
[    2.423525] pci 0000:00:03.0: reg 0x14: [io  0xc000-0xc03f]
[    2.436482] pci 0000:00:03.0: reg 0x30: [mem 0xfeb80000-0xfebbffff pref]
[    2.533840] ACPI: PCI: Interrupt link LNKA configured for IRQ 10
[    2.536996] ACPI: PCI: Interrupt link LNKB configured for IRQ 10
[    2.538942] ACPI: PCI: Interrupt link LNKC configured for IRQ 11
[    2.550672] ACPI: PCI: Interrupt link LNKD configured for IRQ 11
[    2.562317] ACPI: PCI: Interrupt link LNKS configured for IRQ 9
[    2.610317] iommu: Default domain type: Translated 
[    2.612363] iommu: DMA domain TLB invalidation policy: lazy mode 
[    2.622397] SCSI subsystem initialized
[    2.635217] ACPI: bus type USB registered
[    2.641416] usbcore: registered new interface driver usbfs
[    2.643666] usbcore: registered new interface driver hub
[    2.645422] usbcore: registered new device driver usb
[    2.653557] pps_core: LinuxPPS API ver. 1 registered
[    2.654360] pps_core: Software ver. 5.3.6 - Copyright 2005-2007 Rodolfo Giometti <giometti@linux.it>
[    2.658580] PTP clock support registered
[    2.671986] Advanced Linux Sound Architecture Driver Initialized.
[    2.698756] NetLabel: Initializing
[    2.700402] NetLabel:  domain hash size = 128
[    2.701414] NetLabel:  protocols = UNLABELED CIPSOv4 CALIPSO
[    2.708722] NetLabel:  unlabeled traffic allowed by default
[    2.716458] PCI: Using ACPI for IRQ routing
[    2.717727] pci 0000:00:02.0: vgaarb: setting as boot VGA device
[    2.718317] pci 0000:00:02.0: vgaarb: bridge control possible
[    2.718317] pci 0000:00:02.0: vgaarb: VGA device added: decodes=io+mem,owns=io+mem,locks=none
[    2.718330] vgaarb: loaded
[    2.719751] hpet0: at MMIO 0xfed00000, IRQs 2, 8, 0
[    2.720327] hpet0: 3 comparators, 64-bit 100.000000 MHz counter
[    2.724605] clocksource: Switched to clocksource kvm-clock
[    2.726355] VFS: Disk quotas dquot_6.6.0
[    2.727436] VFS: Dquot-cache hash table entries: 512 (order 0, 4096 bytes)
[    2.729644] pnp: PnP ACPI init
[    2.732774] pnp: PnP ACPI: found 6 devices
[    2.742185] clocksource: acpi_pm: mask: 0xffffff max_cycles: 0xffffff, max_idle_ns: 2085701024 ns
[    2.744172] NET: Registered PF_INET protocol family
[    2.747181] IP idents hash table entries: 32768 (order: 6, 262144 bytes, linear)
[    2.751637] tcp_listen_portaddr_hash hash table entries: 1024 (order: 2, 16384 bytes, linear)
[    2.754329] Table-perturb hash table entries: 65536 (order: 6, 262144 bytes, linear)
[    2.757313] TCP established hash table entries: 16384 (order: 5, 131072 bytes, linear)
[    2.759461] TCP bind hash table entries: 16384 (order: 7, 524288 bytes, linear)
[    2.761386] TCP: Hash tables configured (established 16384 bind 16384)
[    2.763279] UDP hash table entries: 1024 (order: 3, 32768 bytes, linear)
[    2.765151] UDP-Lite hash table entries: 1024 (order: 3, 32768 bytes, linear)
[    2.767419] NET: Registered PF_UNIX/PF_LOCAL protocol family
[    2.771962] RPC: Registered named UNIX socket transport module.
[    2.775148] RPC: Registered udp transport module.
[    2.776905] RPC: Registered tcp transport module.
[    2.778513] RPC: Registered tcp NFSv4.1 backchannel transport module.
[    2.782003] pci_bus 0000:00: resource 4 [io  0x0000-0x0cf7 window]
[    2.783853] pci_bus 0000:00: resource 5 [io  0x0d00-0xffff window]
[    2.785743] pci_bus 0000:00: resource 6 [mem 0x000a0000-0x000bffff window]
[    2.788437] pci_bus 0000:00: resource 7 [mem 0x80000000-0xfebfffff window]
[    2.790735] pci_bus 0000:00: resource 8 [mem 0x100000000-0x17fffffff window]
[    2.794186] pci 0000:00:01.0: PIIX3: Enabling Passive Release
[    2.796112] pci 0000:00:00.0: Limiting direct PCI/PCI transfers
[    2.798378] PCI: CLS 0 bytes, default 64
[    2.800140] Unpacking initramfs...
[    2.801959] RAPL PMU: API unit is 2^-32 Joules, 0 fixed counters, 10737418240 ms ovfl timer
[    2.804965] clocksource: tsc: mask: 0xffffffffffffffff max_cycles: 0x2b2c8d6afc8, max_idle_ns: 440795331172 ns
[    2.810655] Initialise system trusted keyrings
[    2.812837] workingset: timestamp_bits=56 max_order=19 bucket_order=0
[    2.816853] NFS: Registering the id_resolver key type
[    2.819514] Key type id_resolver registered
[    2.820946] Key type id_legacy registered
[    2.822420] 9p: Installing v9fs 9p2000 file system support
[    2.832191] NET: Registered PF_ALG protocol family
[    2.832336] Freeing initrd memory: 1340K
[    2.834668] Key type asymmetric registered
[    2.834671] Asymmetric key parser 'x509' registered
[    2.834790] Block layer SCSI generic (bsg) driver version 0.4 loaded (major 251)
[    2.842640] io scheduler mq-deadline registered
[    2.844079] io scheduler kyber registered
[    2.845857] input: Power Button as /devices/LNXSYSTM:00/LNXPWRBN:00/input/input0
[    2.849253] ACPI: button: Power Button [PWRF]
[    2.853231] Serial: 8250/16550 driver, 4 ports, IRQ sharing enabled
[    2.856843] 00:04: ttyS0 at I/O 0x3f8 (irq = 4, base_baud = 115200) is a 16550A
[    2.862482] Non-volatile memory driver v1.3
[    2.863892] Linux agpgart interface v0.103
[    2.865420] ACPI: bus type drm_connector registered
[    2.874126] loop: module loaded
[    2.881129] scsi host0: ata_piix
[    2.883881] scsi host1: ata_piix
[    2.886056] ata1: PATA max MWDMA2 cmd 0x1f0 ctl 0x3f6 bmdma 0xc040 irq 14
[    2.888253] ata2: PATA max MWDMA2 cmd 0x170 ctl 0x376 bmdma 0xc048 irq 15
[    2.891284] e100: Intel(R) PRO/100 Network Driver
[    2.893242] e100: Copyright(c) 1999-2006 Intel Corporation
[    2.895403] e1000: Intel(R) PRO/1000 Network Driver
[    2.898291] e1000: Copyright (c) 1999-2006 Intel Corporation.
[    3.045984] ata2: found unknown device (class 0)
[    3.048437] ata2.00: ATAPI: QEMU DVD-ROM, 2.5+, max UDMA/100
[    3.051615] scsi 1:0:0:0: CD-ROM            QEMU     QEMU DVD-ROM     2.5+ PQ: 0 ANSI: 5
[    3.071572] sr 1:0:0:0: [sr0] scsi3-mmc drive: 4x/4x cd/rw xa/form2 tray
[    3.074477] cdrom: Uniform CD-ROM driver Revision: 3.20
[    3.386063] ACPI: \_SB_.LNKC: Enabled at IRQ 11
[    3.754316] e1000 0000:00:03.0 eth0: (PCI:33MHz:32-bit) 52:54:00:12:34:56
[    3.756341] e1000 0000:00:03.0 eth0: Intel(R) PRO/1000 Network Connection
[    3.758312] e1000e: Intel(R) PRO/1000 Network Driver
[    3.759416] e1000e: Copyright(c) 1999 - 2015 Intel Corporation.
[    3.760923] sky2: driver version 1.30
[    3.762360] usbcore: registered new interface driver usblp
[    3.763792] usbcore: registered new interface driver usb-storage
[    3.765319] i8042: PNP: PS/2 Controller [PNP0303:KBD,PNP0f13:MOU] at 0x60,0x64 irq 1,12
[    3.768763] serio: i8042 KBD port at 0x60,0x64 irq 1
[    3.773417] serio: i8042 AUX port at 0x60,0x64 irq 12
[    3.776231] input: AT Translated Set 2 keyboard as /devices/platform/i8042/serio0/input/input1
[    3.776666] rtc_cmos 00:05: RTC can wake from S4
[    3.781833] rtc_cmos 00:05: registered as rtc0
[    3.783625] rtc_cmos 00:05: alarms up to one day, y3k, 242 bytes nvram, hpet irqs
[    3.787720] device-mapper: ioctl: 4.48.0-ioctl (2023-03-01) initialised: dm-devel@redhat.com
[    3.789670] intel_pstate: CPU model not supported
[    3.790932] hid: raw HID events driver (C) Jiri Kosina
[    3.793119] usbcore: registered new interface driver usbhid
[    3.794805] usbhid: USB HID core driver
[    3.797706] Initializing XFRM netlink socket
[    3.799093] NET: Registered PF_INET6 protocol family
[    3.801617] Segment Routing with IPv6
[    3.802515] In-situ OAM (IOAM) with IPv6
[    3.803484] sit: IPv6, IPv4 and MPLS over IPv4 tunneling driver
[    3.805122] NET: Registered PF_PACKET protocol family
[    3.806488] 9pnet: Installing 9P2000 support
[    3.807604] Key type dns_resolver registered
[    3.809193] IPI shorthand broadcast: enabled
[    3.821396] sched_clock: Marking stable (3756008974, 64539351)->(4573375475, -752827150)
[    3.823460] registered taskstats version 1
[    3.824493] Loading compiled-in X.509 certificates
[    3.834630] PM:   Magic number: 10:795:548
[    3.835961] printk: console [netcon0] enabled
[    3.837274] netconsole: network logging started
[    3.839582] cfg80211: Loading compiled-in X.509 certificates for regulatory database
[    3.841947] kworker/u4:1 (51) used greatest stack depth: 29536 bytes left
[    3.843483] kworker/u4:1 (52) used greatest stack depth: 29408 bytes left
[    3.843754] Loaded X.509 cert 'sforshee: 00b28ddf47aef9cea7'
[    3.846633] platform regulatory.0: Direct firmware load for regulatory.db failed with error -2
[    3.848795] cfg80211: failed to load regulatory.db
[    3.848807] ALSA device list:
[    3.850726]   No soundcards found.
[    3.852984] Freeing unused kernel image (initmem) memory: 5604K
[    3.859666] Write protecting the kernel read-only data: 59392k
[    3.860776] Freeing unused kernel image (rodata/data gap) memory: 220K
[    3.871733] x86/mm: Checked W+X mappings: passed, no W+X pages found.
[    3.872876] Run /init as init process
[    3.875977] mount (55) used greatest stack depth: 28760 bytes left

secb: rootfs ready
---- poc begin ----
poc: CVE-2025-39964 af_alg_sendmsg OOB-read trigger
poc: iter 0/32
poc: iter 1/32
poc: iter 2/32
[    4.415689] input: ImExPS/2 Generic Explorer Mouse as /devices/platform/i8042/serio1/input/input3
poc: iter 3/32
poc: iter 4/32
poc: iter 5/32
poc: iter 6/32
poc: iter 7/32
poc: iter 8/32
poc: iter 9/32
poc: iter 10/32
poc: iter 11/32
poc: iter 12/32
poc: iter 13/32
poc: iter 14/32
poc: iter 15/32
poc: iter 16/32
poc: iter 17/32
poc: iter 18/32
poc: iter 19/32
poc: iter 20/32
poc: iter 21/32
poc: iter 22/32
poc: iter 23/32
poc: iter 24/32
poc: iter 25/32
poc: iter 26/32
poc: iter 27/32
poc: iter 28/32
poc: iter 29/32
poc: iter 30/32
poc: iter 31/32
poc: race did not land within 32[   10.578297] poc (61) used greatest stack depth: 27864 bytes left
 tries
---- poc end rc=0 ----
secb: poc exited without crashing the kernel
[   12.282958] ACPI: PM: Preparing to enter system sleep state S5
[   12.285071] reboot: Power down
NO_CRASH_DETECTED
