c[?7l[2J[0mSeaBIOS (version 1.16.2-debian-1.16.2-1)


iPXE (http://ipxe.org) 00:03.0 CA00 PCI2.10 PnP PMM+7EFCEF00+7EF0EF00 CA00
Press Ctrl-B to configure iPXE (PCI 00:03.0)...                                                                               


Booting from ROM...
c[?7l[2JNo EFI environment detected.
early console in extract_kernel
input_data: 0x0000000004bf13a8
input_len: 0x0000000001983626
output: 0x0000000001000000
output_len: 0x00000000054fef14
kernel_total_size: 0x0000000005230000
needed_size: 0x0000000005600000
trampoline_32bit: 0x000000000009d000


KASLR disabled: 'nokaslr' on cmdline.


Decompressing Linux... Parsing ELF... No relocation needed... done.
Booting the kernel (entry_offset: 0x0000000000000000).
[    0.000000] Linux version 6.4.0-04322-gc451410ca7e3-dirty (root@buildkitsandbox) (gcc (Debian 12.2.0-14+deb12u1) 12.2.0, GNU ld (GNU Binutils for Debian) 2.40) #1 SMP PREEMPT_DYNAMIC Sat May 16 20:29:50 UTC 2026
[    0.000000] Command line: console=ttyS0 oops=panic panic=-1 nokaslr earlyprintk=serial
[    0.000000] BIOS-provided physical RAM map:
[    0.000000] BIOS-e820: [mem 0x0000000000000000-0x000000000009fbff] usable
[    0.000000] BIOS-e820: [mem 0x000000000009fc00-0x000000000009ffff] reserved
[    0.000000] BIOS-e820: [mem 0x00000000000f0000-0x00000000000fffff] reserved
[    0.000000] BIOS-e820: [mem 0x0000000000100000-0x000000007ffdffff] usable
[    0.000000] BIOS-e820: [mem 0x000000007ffe0000-0x000000007fffffff] reserved
[    0.000000] BIOS-e820: [mem 0x00000000feffc000-0x00000000feffffff] reserved
[    0.000000] BIOS-e820: [mem 0x00000000fffc0000-0x00000000ffffffff] reserved
[    0.000000] printk: bootconsole [earlyser0] enabled
[    0.000000] NX (Execute Disable) protection: active
[    0.000000] SMBIOS 2.8 present.
[    0.000000] DMI: QEMU Standard PC (i440FX + PIIX, 1996), BIOS 1.16.2-debian-1.16.2-1 04/01/2014
[    0.000000] Hypervisor detected: KVM
[    0.000000] kvm-clock: Using msrs 4b564d01 and 4b564d00
[    0.000002] kvm-clock: using sched offset of 422327625 cycles
[    0.002524] clocksource: kvm-clock: mask: 0xffffffffffffffff max_cycles: 0x1cd42e4dffb, max_idle_ns: 881590591483 ns
[    0.008270] tsc: Detected 2995.198 MHz processor
[    0.010400] last_pfn = 0x7ffe0 max_arch_pfn = 0x400000000
[    0.012627] MTRR map: 4 entries (3 fixed + 1 variable; max 19), built from 8 variable MTRRs
[    0.014935] x86/PAT: Configuration [0-7]: WB  WC  UC- UC  WB  WP  UC- WT  
[    0.022973] found SMP MP-table at [mem 0x000f5ba0-0x000f5baf]
[    0.026793] Using GB pages for direct mapping
[    0.029737] Incomplete global flushes, disabling PCID
[    0.030141] RAMDISK: [mem 0x7fe91000-0x7ffdffff]
[    0.033701] ACPI: Early table checksum verification disabled
[    0.035123] ACPI: RSDP 0x00000000000F59D0 000014 (v00 BOCHS )
[    0.036462] ACPI: RSDT 0x000000007FFE1B33 000034 (v01 BOCHS  BXPC     00000001 BXPC 00000001)
[    0.041644] ACPI: FACP 0x000000007FFE19DF 000074 (v01 BOCHS  BXPC     00000001 BXPC 00000001)
[    0.045919] ACPI: DSDT 0x000000007FFE0040 00199F (v01 BOCHS  BXPC     00000001 BXPC 00000001)
[    0.048493] ACPI: FACS 0x000000007FFE0000 000040
[    0.050045] ACPI: APIC 0x000000007FFE1A53 000080 (v01 BOCHS  BXPC     00000001 BXPC 00000001)
[    0.052326] ACPI: HPET 0x000000007FFE1AD3 000038 (v01 BOCHS  BXPC     00000001 BXPC 00000001)
[    0.054554] ACPI: WAET 0x000000007FFE1B0B 000028 (v01 BOCHS  BXPC     00000001 BXPC 00000001)
[    0.056877] ACPI: Reserving FACP table memory at [mem 0x7ffe19df-0x7ffe1a52]
[    0.058809] ACPI: Reserving DSDT table memory at [mem 0x7ffe0040-0x7ffe19de]
[    0.060882] ACPI: Reserving FACS table memory at [mem 0x7ffe0000-0x7ffe003f]
[    0.062928] ACPI: Reserving APIC table memory at [mem 0x7ffe1a53-0x7ffe1ad2]
[    0.064993] ACPI: Reserving HPET table memory at [mem 0x7ffe1ad3-0x7ffe1b0a]
[    0.067269] ACPI: Reserving WAET table memory at [mem 0x7ffe1b0b-0x7ffe1b32]
[    0.070142] No NUMA configuration found
[    0.071314] Faking a node at [mem 0x0000000000000000-0x000000007ffdffff]
[    0.073241] NODE_DATA(0) allocated [mem 0x7fe8d000-0x7fe90fff]
[    0.075061] Zone ranges:
[    0.075862]   DMA      [mem 0x0000000000001000-0x0000000000ffffff]
[    0.077682]   DMA32    [mem 0x0000000001000000-0x000000007ffdffff]
[    0.079542]   Normal   empty
[    0.080379] Movable zone start for each node
[    0.081870] Early memory node ranges
[    0.085832]   node   0: [mem 0x0000000000001000-0x000000000009efff]
[    0.087656]   node   0: [mem 0x0000000000100000-0x000000007ffdffff]
[    0.089569] Initmem setup node 0 [mem 0x0000000000001000-0x000000007ffdffff]
[    0.092675] On node 0, zone DMA: 1 pages in unavailable ranges
[    0.092733] On node 0, zone DMA: 97 pages in unavailable ranges
[    0.113133] On node 0, zone DMA32: 32 pages in unavailable ranges
[    0.214938] kasan: KernelAddressSanitizer initialized
[    0.218788] ACPI: PM-Timer IO Port: 0x608
[    0.220167] ACPI: LAPIC_NMI (acpi_id[0xff] dfl dfl lint[0x1])
[    0.222252] IOAPIC[0]: apic_id 0, version 17, address 0xfec00000, GSI 0-23
[    0.224101] ACPI: INT_SRC_OVR (bus 0 bus_irq 0 global_irq 2 dfl dfl)
[    0.225594] ACPI: INT_SRC_OVR (bus 0 bus_irq 5 global_irq 5 high level)
[    0.227126] ACPI: INT_SRC_OVR (bus 0 bus_irq 9 global_irq 9 high level)
[    0.228717] ACPI: INT_SRC_OVR (bus 0 bus_irq 10 global_irq 10 high level)
[    0.230386] ACPI: INT_SRC_OVR (bus 0 bus_irq 11 global_irq 11 high level)
[    0.231971] ACPI: Using ACPI (MADT) for SMP configuration information
[    0.233528] ACPI: HPET id: 0x8086a201 base: 0xfed00000
[    0.234818] TSC deadline timer available
[    0.236031] smpboot: Allowing 2 CPUs, 0 hotplug CPUs
[    0.237277] kvm-guest: KVM setup pv remote TLB flush
[    0.238496] kvm-guest: setup PV sched yield
[    0.239785] PM: hibernation: Registered nosave memory: [mem 0x00000000-0x00000fff]
[    0.241674] PM: hibernation: Registered nosave memory: [mem 0x0009f000-0x0009ffff]
[    0.243650] PM: hibernation: Registered nosave memory: [mem 0x000a0000-0x000effff]
[    0.245559] PM: hibernation: Registered nosave memory: [mem 0x000f0000-0x000fffff]
[    0.247325] [mem 0x80000000-0xfeffbfff] available for PCI devices
[    0.248751] Booting paravirtualized kernel on KVM
[    0.249929] clocksource: refined-jiffies: mask: 0xffffffff max_cycles: 0xffffffff, max_idle_ns: 1910969940391419 ns
[    0.262787] setup_percpu: NR_CPUS:64 nr_cpumask_bits:2 nr_cpu_ids:2 nr_node_ids:1
[    0.265303] percpu: Embedded 66 pages/cpu s232104 r8192 d30040 u1048576
[    0.266904] Kernel command line: console=ttyS0 oops=panic panic=-1 nokaslr earlyprintk=serial
[    0.270011] Unknown kernel command line parameters "nokaslr", will be passed to user space.
[    0.274280] random: crng init done
[    0.276894] Dentry cache hash table entries: 262144 (order: 9, 2097152 bytes, linear)
[    0.281550] Inode-cache hash table entries: 131072 (order: 8, 1048576 bytes, linear)
[    0.285487] Fallback order for Node 0: 0 
[    0.285494] Built 1 zonelists, mobility grouping on.  Total pages: 515808
[    0.287756] Policy zone: DMA32
[    0.288356] mem auto-init: stack:all(zero), heap alloc:off, heap free:off
[    0.289809] stackdepot: allocating hash table via alloc_large_system_hash
[    0.307155] stackdepot hash table entries: 1048576 (order: 11, 8388608 bytes, linear)
[    0.330737] Memory: 1692956K/2096632K available (49152K kernel code, 7930K rwdata, 10020K rodata, 5604K init, 3076K bss, 403420K reserved, 0K cma-reserved)
[    0.333846] SLUB: HWalign=64, Order=0-3, MinObjects=0, CPUs=2, Nodes=1
Poking KASLR using RDRAND RDTSC...
[    0.337187] Dynamic Preempt: voluntary
[    0.340718] rcu: Preemptible hierarchical RCU implementation.
[    0.341877] rcu: 	RCU event tracing is enabled.
[    0.342706] rcu: 	RCU restricting CPUs from NR_CPUS=64 to nr_cpu_ids=2.
[    0.343921] 	Trampoline variant of Tasks RCU enabled.
[    0.345040] rcu: RCU calculated value of scheduler-enlistment delay is 100 jiffies.
[    0.346731] rcu: Adjusting geometry for rcu_fanout_leaf=16, nr_cpu_ids=2
[    0.357012] NR_IRQS: 4352, nr_irqs: 440, preallocated irqs: 16
[    0.358385] rcu: srcu_init: Setting srcu_struct sizes based on contention.
[    0.367516] Console: colour VGA+ 80x25
[    0.368481] printk: console [ttyS0] enabled
[    0.368481] printk: console [ttyS0] enabled
[    0.370261] printk: bootconsole [earlyser0] disabled
[    0.370261] printk: bootconsole [earlyser0] disabled
[    0.372578] ACPI: Core revision 20230331
[    0.373741] clocksource: hpet: mask: 0xffffffff max_cycles: 0xffffffff, max_idle_ns: 19112604467 ns
[    0.375816] APIC: Switch to symmetric I/O mode setup
[    0.376955] kvm-guest: setup PV IPIs
[    0.380115] ..TIMER: vector=0x30 apic1=0 pin1=2 apic2=-1 pin2=-1
[    0.381549] clocksource: tsc-early: mask: 0xffffffffffffffff max_cycles: 0x2b2c8d6afc8, max_idle_ns: 440795331172 ns
[    0.384092] Calibrating delay loop (skipped) preset value.. 5990.39 BogoMIPS (lpj=2995198)
[    0.385726] x86/cpu: User Mode Instruction Prevention (UMIP) activated
[    0.387361] Last level iTLB entries: 4KB 0, 2MB 0, 4MB 0
[    0.388089] Last level dTLB entries: 4KB 0, 2MB 0, 4MB 0, 1GB 0
[    0.389116] Spectre V1 : Mitigation: usercopy/swapgs barriers and __user pointer sanitization
[    0.390099] Spectre V2 : Mitigation: Enhanced / Automatic IBRS
[    0.391090] Spectre V2 : Spectre v2 / SpectreRSB mitigation: Filling RSB on context switch
[    0.393089] Spectre V2 : Spectre v2 / PBRSB-eIBRS: Retire a single CALL on VMEXIT
[    0.394093] RETBleed: Mitigation: Enhanced IBRS
[    0.395095] Spectre V2 : mitigation: Enabling conditional Indirect Branch Prediction Barrier
[    0.397090] Speculative Store Bypass: Mitigation: Speculative Store Bypass disabled via prctl
[    0.398093] MMIO Stale Data: Unknown: No mitigations
[    0.399148] x86/fpu: Supporting XSAVE feature 0x001: 'x87 floating point registers'
[    0.400096] x86/fpu: Supporting XSAVE feature 0x002: 'SSE registers'
[    0.402093] x86/fpu: Supporting XSAVE feature 0x004: 'AVX registers'
[    0.403094] x86/fpu: xstate_offset[2]:  576, xstate_sizes[2]:  256
[    0.404094] x86/fpu: Enabled xstate features 0x7, context size is 832 bytes, using 'compacted' format.
[    0.426247] Freeing SMP alternatives memory: 44K
[    0.427090] pid_max: default: 32768 minimum: 301
[    0.428181] LSM: initializing lsm=capability,selinux,integrity
[    0.429114] SELinux:  Initializing.
[    0.430178] Mount-cache hash table entries: 4096 (order: 3, 32768 bytes, linear)
[    0.432093] Mountpoint-cache hash table entries: 4096 (order: 3, 32768 bytes, linear)
[    0.434490] smpboot: CPU0: 13th Gen Intel(R) Core(TM) i9-13900H (family: 0x6, model: 0xba, stepping: 0x2)
[    0.435382] RCU Tasks: Setting shift to 1 and lim to 1 rcu_task_cb_adjust=1.
[    0.436149] Performance Events: unsupported p6 CPU model 186 no PMU driver, software events only.
[    0.437165] signal: max sigframe size: 1776
[    0.438177] rcu: Hierarchical SRCU implementation.
[    0.439095] rcu: 	Max phase no-delay instances is 400.
[    0.440721] smp: Bringing up secondary CPUs ...
[    0.441379] smpboot: x86: Booting SMP configuration:
[    0.442095] .... node  #0, CPUs:      #1
[    0.443238] smp: Brought up 1 node, 2 CPUs
[    0.445100] smpboot: Max logical packages: 1
[    0.446118] smpboot: Total of 2 processors activated (11980.79 BogoMIPS)
[    0.451120] devtmpfs: initialized
[    0.454464] clocksource: jiffies: mask: 0xffffffff max_cycles: 0xffffffff, max_idle_ns: 1911260446275000 ns
[    0.455195] futex hash table entries: 512 (order: 3, 32768 bytes, linear)
[    0.456841] PM: RTC time: 20:30:44, date: 2026-05-16
[    0.457552] NET: Registered PF_NETLINK/PF_ROUTE protocol family
[    0.458922] audit: initializing netlink subsys (disabled)
[    0.459311] audit: type=2000 audit(1778963445.588:1): state=initialized audit_enabled=0 res=1
[    0.459563] thermal_sys: Registered thermal governor 'step_wise'
[    0.460104] thermal_sys: Registered thermal governor 'user_space'
[    0.461146] cpuidle: using governor menu
[    0.464284] PCI: Using configuration type 1 for base access
[    0.465384] kprobes: kprobe jump-optimization is enabled. All kprobes are optimized if possible.
[    0.470085] HugeTLB: registered 2.00 MiB page size, pre-allocated 0 pages
[    0.472098] HugeTLB: 28 KiB vmemmap can be freed for a 2.00 MiB page
[    0.474470] ACPI: Added _OSI(Module Device)
[    0.475096] ACPI: Added _OSI(Processor Device)
[    0.477093] ACPI: Added _OSI(3.0 _SCP Extensions)
[    0.478098] ACPI: Added _OSI(Processor Aggregator Device)
[    0.491643] ACPI: 1 ACPI AML tables successfully acquired and loaded
[    0.551125] ACPI: Interpreter enabled
[    0.552074] ACPI: PM: (supports S0 S3 S4 S5)
[    0.552092] ACPI: Using IOAPIC for interrupt routing
[    0.553130] PCI: Using host bridge windows from ACPI; if necessary, use "pci=nocrs" and report a bug
[    0.554091] PCI: Using E820 reservations for host bridge windows
[    0.555533] ACPI: Enabled 2 GPEs in block 00 to 0F
[    0.569163] ACPI: PCI Root Bridge [PCI0] (domain 0000 [bus 00-ff])
[    0.570113] acpi PNP0A03:00: _OSC: OS supports [ASPM ClockPM Segments MSI HPX-Type3]
[    0.571096] acpi PNP0A03:00: _OSC: not requesting OS control; OS requires [ExtendedConfig ASPM ClockPM MSI]
[    0.572179] acpi PNP0A03:00: fail to add MMCONFIG information, can't access extended configuration space under this bridge
[    0.573836] PCI host bridge to bus 0000:00
[    0.574122] pci_bus 0000:00: root bus resource [io  0x0000-0x0cf7 window]
[    0.575247] pci_bus 0000:00: root bus resource [io  0x0d00-0xffff window]
[    0.576095] pci_bus 0000:00: root bus resource [mem 0x000a0000-0x000bffff window]
[    0.577102] pci_bus 0000:00: root bus resource [mem 0x80000000-0xfebfffff window]
[    0.578100] pci_bus 0000:00: root bus resource [mem 0x100000000-0x17fffffff window]
[    0.579111] pci_bus 0000:00: root bus resource [bus 00-ff]
[    0.580381] pci 0000:00:00.0: [8086:1237] type 00 class 0x060000
[    0.587222] pci 0000:00:01.0: [8086:7000] type 00 class 0x060100
[    0.594602] pci 0000:00:01.1: [8086:7010] type 00 class 0x010180
[    0.596486] pci 0000:00:01.1: reg 0x20: [io  0xc040-0xc04f]
[    0.597779] pci 0000:00:01.1: legacy IDE quirk: reg 0x10: [io  0x01f0-0x01f7]
[    0.598093] pci 0000:00:01.1: legacy IDE quirk: reg 0x14: [io  0x03f6]
[    0.599091] pci 0000:00:01.1: legacy IDE quirk: reg 0x18: [io  0x0170-0x0177]
[    0.600091] pci 0000:00:01.1: legacy IDE quirk: reg 0x1c: [io  0x0376]
[    0.601902] pci 0000:00:01.3: [8086:7113] type 00 class 0x068000
[    0.602979] pci 0000:00:01.3: quirk: [io  0x0600-0x063f] claimed by PIIX4 ACPI
[    0.603113] pci 0000:00:01.3: quirk: [io  0x0700-0x070f] claimed by PIIX4 SMB
[    0.604999] pci 0000:00:02.0: [1234:1111] type 00 class 0x030000
[    0.606166] pci 0000:00:02.0: reg 0x10: [mem 0xfd000000-0xfdffffff pref]
[    0.608556] pci 0000:00:02.0: reg 0x18: [mem 0xfebf0000-0xfebf0fff]
[    0.612521] pci 0000:00:02.0: reg 0x30: [mem 0xfebe0000-0xfebeffff pref]
[    0.613477] pci 0000:00:02.0: Video device with shadowed ROM at [mem 0x000c0000-0x000dffff]
[    0.619823] pci 0000:00:03.0: [8086:100e] type 00 class 0x020000
[    0.621177] pci 0000:00:03.0: reg 0x10: [mem 0xfebc0000-0xfebdffff]
[    0.623115] pci 0000:00:03.0: reg 0x14: [io  0xc000-0xc03f]
[    0.627896] pci 0000:00:03.0: reg 0x30: [mem 0xfeb80000-0xfebbffff pref]
[    0.636121] ACPI: PCI: Interrupt link LNKA configured for IRQ 10
[    0.638085] ACPI: PCI: Interrupt link LNKB configured for IRQ 10
[    0.640072] ACPI: PCI: Interrupt link LNKC configured for IRQ 11
[    0.640688] ACPI: PCI: Interrupt link LNKD configured for IRQ 11
[    0.641358] ACPI: PCI: Interrupt link LNKS configured for IRQ 9
[    0.643733] iommu: Default domain type: Translated 
[    0.644095] iommu: DMA domain TLB invalidation policy: lazy mode 
[    0.645887] SCSI subsystem initialized
[    0.646524] ACPI: bus type USB registered
[    0.647169] usbcore: registered new interface driver usbfs
[    0.649120] usbcore: registered new interface driver hub
[    0.650121] usbcore: registered new device driver usb
[    0.652216] pps_core: LinuxPPS API ver. 1 registered
[    0.653094] pps_core: Software ver. 5.3.6 - Copyright 2005-2007 Rodolfo Giometti <giometti@linux.it>
[    0.656119] PTP clock support registered
[    0.657244] Advanced Linux Sound Architecture Driver Initialized.
[    0.659705] NetLabel: Initializing
[    0.660094] NetLabel:  domain hash size = 128
[    0.662092] NetLabel:  protocols = UNLABELED CIPSOv4 CALIPSO
[    0.663151] NetLabel:  unlabeled traffic allowed by default
[    0.665136] PCI: Using ACPI for IRQ routing
[    0.666382] pci 0000:00:02.0: vgaarb: setting as boot VGA device
[    0.667085] pci 0000:00:02.0: vgaarb: bridge control possible
[    0.667085] pci 0000:00:02.0: vgaarb: VGA device added: decodes=io+mem,owns=io+mem,locks=none
[    0.671097] vgaarb: loaded
[    0.672024] hpet0: at MMIO 0xfed00000, IRQs 2, 8, 0
[    0.674095] hpet0: 3 comparators, 64-bit 100.000000 MHz counter
[    0.680093] clocksource: Switched to clocksource kvm-clock
[    0.729062] VFS: Disk quotas dquot_6.6.0
[    0.730097] VFS: Dquot-cache hash table entries: 512 (order 0, 4096 bytes)
[    0.731991] pnp: PnP ACPI init
[    0.734454] pnp: PnP ACPI: found 6 devices
[    0.751955] clocksource: acpi_pm: mask: 0xffffff max_cycles: 0xffffff, max_idle_ns: 2085701024 ns
[    0.754519] NET: Registered PF_INET protocol family
[    0.757506] IP idents hash table entries: 32768 (order: 6, 262144 bytes, linear)
[    0.762402] tcp_listen_portaddr_hash hash table entries: 1024 (order: 2, 16384 bytes, linear)
[    0.765721] Table-perturb hash table entries: 65536 (order: 6, 262144 bytes, linear)
[    0.767909] TCP established hash table entries: 16384 (order: 5, 131072 bytes, linear)
[    0.770159] TCP bind hash table entries: 16384 (order: 7, 524288 bytes, linear)
[    0.772503] TCP: Hash tables configured (established 16384 bind 16384)
[    0.779449] UDP hash table entries: 1024 (order: 3, 32768 bytes, linear)
[    0.782218] UDP-Lite hash table entries: 1024 (order: 3, 32768 bytes, linear)
[    0.784402] NET: Registered PF_UNIX/PF_LOCAL protocol family
[    0.786662] RPC: Registered named UNIX socket transport module.
[    0.788611] RPC: Registered udp transport module.
[    0.790163] RPC: Registered tcp transport module.
[    0.791613] RPC: Registered tcp NFSv4.1 backchannel transport module.
[    0.795142] pci_bus 0000:00: resource 4 [io  0x0000-0x0cf7 window]
[    0.797549] pci_bus 0000:00: resource 5 [io  0x0d00-0xffff window]
[    0.799469] pci_bus 0000:00: resource 6 [mem 0x000a0000-0x000bffff window]
[    0.801491] pci_bus 0000:00: resource 7 [mem 0x80000000-0xfebfffff window]
[    0.803582] pci_bus 0000:00: resource 8 [mem 0x100000000-0x17fffffff window]
[    0.805918] pci 0000:00:01.0: PIIX3: Enabling Passive Release
[    0.808023] pci 0000:00:00.0: Limiting direct PCI/PCI transfers
[    0.811862] PCI: CLS 0 bytes, default 64
[    0.813966] Unpacking initramfs...
[    0.817486] RAPL PMU: API unit is 2^-32 Joules, 0 fixed counters, 10737418240 ms ovfl timer
[    0.819936] clocksource: tsc: mask: 0xffffffffffffffff max_cycles: 0x2b2c8d6afc8, max_idle_ns: 440795331172 ns
[    0.824879] Initialise system trusted keyrings
[    0.828573] workingset: timestamp_bits=56 max_order=19 bucket_order=0
[    0.834930] NFS: Registering the id_resolver key type
[    0.836391] Key type id_resolver registered
[    0.837614] Key type id_legacy registered
[    0.838630] Freeing initrd memory: 1340K
[    0.838891] 9p: Installing v9fs 9p2000 file system support
[    0.849039] NET: Registered PF_ALG protocol family
[    0.851024] Key type asymmetric registered
[    0.854149] Asymmetric key parser 'x509' registered
[    0.855691] Block layer SCSI generic (bsg) driver version 0.4 loaded (major 251)
[    0.857789] io scheduler mq-deadline registered
[    0.859045] io scheduler kyber registered
[    0.860785] input: Power Button as /devices/LNXSYSTM:00/LNXPWRBN:00/input/input0
[    0.863106] ACPI: button: Power Button [PWRF]
[    0.865533] Serial: 8250/16550 driver, 4 ports, IRQ sharing enabled
[    0.872967] 00:04: ttyS0 at I/O 0x3f8 (irq = 4, base_baud = 115200) is a 16550A
[    0.880280] Non-volatile memory driver v1.3
[    0.882420] Linux agpgart interface v0.103
[    0.884605] ACPI: bus type drm_connector registered
[    0.905020] loop: module loaded
[    0.909201] scsi host0: ata_piix
[    0.911322] scsi host1: ata_piix
[    0.912618] ata1: PATA max MWDMA2 cmd 0x1f0 ctl 0x3f6 bmdma 0xc040 irq 14
[    0.915363] ata2: PATA max MWDMA2 cmd 0x170 ctl 0x376 bmdma 0xc048 irq 15
[    0.920249] e100: Intel(R) PRO/100 Network Driver
[    0.922055] e100: Copyright(c) 1999-2006 Intel Corporation
[    0.924075] e1000: Intel(R) PRO/1000 Network Driver
[    0.925661] e1000: Copyright (c) 1999-2006 Intel Corporation.
[    1.079529] ata2: found unknown device (class 0)
[    1.082131] ata2.00: ATAPI: QEMU DVD-ROM, 2.5+, max UDMA/100
[    1.086250] scsi 1:0:0:0: CD-ROM            QEMU     QEMU DVD-ROM     2.5+ PQ: 0 ANSI: 5
[    1.107929] sr 1:0:0:0: [sr0] scsi3-mmc drive: 4x/4x cd/rw xa/form2 tray
[    1.111088] cdrom: Uniform CD-ROM driver Revision: 3.20
[    1.520750] ACPI: \_SB_.LNKC: Enabled at IRQ 11
[    1.876522] e1000 0000:00:03.0 eth0: (PCI:33MHz:32-bit) 52:54:00:12:34:56
[    1.878259] e1000 0000:00:03.0 eth0: Intel(R) PRO/1000 Network Connection
[    1.879891] e1000e: Intel(R) PRO/1000 Network Driver
[    1.881069] e1000e: Copyright(c) 1999 - 2015 Intel Corporation.
[    1.882492] sky2: driver version 1.30
[    1.883976] usbcore: registered new interface driver usblp
[    1.885300] usbcore: registered new interface driver usb-storage
[    1.886744] i8042: PNP: PS/2 Controller [PNP0303:KBD,PNP0f13:MOU] at 0x60,0x64 irq 1,12
[    1.889920] serio: i8042 KBD port at 0x60,0x64 irq 1
[    1.891165] serio: i8042 AUX port at 0x60,0x64 irq 12
[    1.893235] rtc_cmos 00:05: RTC can wake from S4
[    1.895181] input: AT Translated Set 2 keyboard as /devices/platform/i8042/serio0/input/input1
[    1.897712] rtc_cmos 00:05: registered as rtc0
[    1.899426] rtc_cmos 00:05: alarms up to one day, y3k, 242 bytes nvram, hpet irqs
[    1.901940] device-mapper: ioctl: 4.48.0-ioctl (2023-03-01) initialised: dm-devel@redhat.com
[    1.904641] intel_pstate: CPU model not supported
[    1.907822] hid: raw HID events driver (C) Jiri Kosina
[    1.910026] usbcore: registered new interface driver usbhid
[    1.912446] usbhid: USB HID core driver
[    1.915016] Initializing XFRM netlink socket
[    1.916147] NET: Registered PF_INET6 protocol family
[    1.918201] Segment Routing with IPv6
[    1.919224] In-situ OAM (IOAM) with IPv6
[    1.920369] sit: IPv6, IPv4 and MPLS over IPv4 tunneling driver
[    1.922282] NET: Registered PF_PACKET protocol family
[    1.923741] 9pnet: Installing 9P2000 support
[    1.925960] Key type dns_resolver registered
[    1.928913] IPI shorthand broadcast: enabled
[    1.942106] sched_clock: Marking stable (1920009950, 21327629)->(2045749179, -104411600)
[    1.944905] registered taskstats version 1
[    1.946232] Loading compiled-in X.509 certificates
[    1.956690] PM:   Magic number: 10:795:548
[    1.957910] printk: console [netcon0] enabled
[    1.959158] netconsole: network logging started
[    1.960503] cfg80211: Loading compiled-in X.509 certificates for regulatory database
[    1.963086] kworker/u4:1 (51) used greatest stack depth: 29536 bytes left
[    1.965652] Loaded X.509 cert 'sforshee: 00b28ddf47aef9cea7'
[    1.967716] platform regulatory.0: Direct firmware load for regulatory.db failed with error -2
[    1.971006] cfg80211: failed to load regulatory.db
[    1.971009] ALSA device list:
[    1.974282]   No soundcards found.
[    1.976884] Freeing unused kernel image (initmem) memory: 5604K
[    1.983531] Write protecting the kernel read-only data: 59392k
[    1.985424] Freeing unused kernel image (rodata/data gap) memory: 220K
[    1.998913] x86/mm: Checked W+X mappings: passed, no W+X pages found.
[    2.000136] Run /init as init process
[    2.003302] mount (55) used greatest stack depth: 28760 bytes left

secb: rootfs ready
---- poc begin ----
poc: CVE-2025-39964 af_alg_sendmsg OOB-read trigger
poc: iter 0/32
[    2.224861] ==================================================================
[    2.226116] BUG: KASAN: slab-out-of-bounds in af_alg_sendmsg+0x1d1f/0x2320
[    2.227306] Read of size 8 at addr ffff888009fafff8 by task poc/61
[    2.228197] 
[    2.228440] CPU: 0 PID: 61 Comm: poc Not tainted 6.4.0-04322-gc451410ca7e3-dirty #1
[    2.229518] Hardware name: QEMU Standard PC (i440FX + PIIX, 1996), BIOS 1.16.2-debian-1.16.2-1 04/01/2014
[    2.230806] Call Trace:
[    2.231172]  <TASK>
[    2.231479]  dump_stack_lvl+0x36/0x50
[    2.231999]  print_report+0xcf/0x660
[    2.232490]  ? af_alg_sendmsg+0x1d1f/0x2320
[    2.233165]  kasan_report+0xc7/0x100
[    2.234012]  ? af_alg_sendmsg+0x1d1f/0x2320
[    2.234861]  af_alg_sendmsg+0x1d1f/0x2320
[    2.235615]  ? __pfx_af_alg_sendmsg+0x10/0x10
[    2.236230]  ? remove_wait_queue+0x19/0x110
[    2.237056]  ? __pfx_skcipher_sendmsg+0x10/0x10
[    2.237970]  sock_sendmsg+0x13d/0x180
[    2.238831]  __sys_sendto+0x1eb/0x2b0
[    2.241426]  ? __pfx___sys_sendto+0x10/0x10
[    2.242588]  ? __do_sys_wait4+0x10d/0x120
[    2.243730]  ? __rseq_handle_notify_resume+0x7ce/0xc20
[    2.244355]  ? __pfx___do_sys_wait4+0x10/0x10
[    2.244970]  __x64_sys_sendto+0xdb/0x1b0
[    2.245491]  ? exit_to_user_mode_prepare+0xfe/0x110
[    2.246071]  ? syscall_exit_to_user_mode+0x21/0x50
[    2.246785]  do_syscall_64+0x3b/0x90
[    2.247297]  entry_SYSCALL_64_after_hwframe+0x6e/0xd8
[    2.247877] RIP: 0033:0x43bfc9
[    2.248222] Code: ff ff ff ff eb b7 66 2e 0f 1f 84 00 00 00 00 00 90 80 3d a1 c0 06 00 00 41 89 ca 74 1c 45 31 c9 45 31 c0 b8 2c 00 00 00 0f 05 <48> 3d 00 f0 ff ff 77 67 c3 66 0f 1f 44 00 00 55 48 83 ec 20 48 89
[    2.250901] RSP: 002b:00007fff837d0e38 EFLAGS: 00000246 ORIG_RAX: 000000000000002c
[    2.251849] RAX: ffffffffffffffda RBX: 0000000000000041 RCX: 000000000043bfc9
[    2.252724] RDX: 0000000000000001 RSI: 00000000004a9300 RDI: 0000000000000004
[    2.253779] RBP: 0000000000000004 R08: 0000000000000000 R09: 0000000000000000
[    2.255842] R10: 0000000000008000 R11: 0000000000000246 R12: 00000000004a9300
[    2.257793] R13: 0000000000000003 R14: 0000000000000000 R15: 00007fff837d0f10
[    2.259209]  </TASK>
[    2.259634] 
[    2.259927] The buggy address belongs to the object at ffff888009faf800
[    2.259927]  which belongs to the cache kmalloc-1k of size 1024
[    2.262142] The buggy address is located 1016 bytes to the right of
[    2.262142]  allocated 1024-byte region [ffff888009faf800, ffff888009fafc00)
[    2.264703] 
[    2.265000] The buggy address belongs to the physical page:
[    2.265837] page:0000000012817f11 refcount:1 mapcount:0 mapping:0000000000000000 index:0x0 pfn:0x9fa8
[    2.267124] head:0000000012817f11 order:3 entire_mapcount:0 nr_pages_mapped:0 pincount:0
[    2.268207] flags: 0x100000000010200(slab|head|node=0|zone=1)
[    2.268856] page_type: 0xffffffff()
[    2.269261] raw: 0100000000010200 ffff888006441dc0 dead000000000122 0000000000000000
[    2.270302] raw: 0000000000000000 0000000080100010 00000001ffffffff 0000000000000000
[    2.271313] page dumped because: kasan: bad access detected
[    2.272663] 
[    2.272988] Memory state around the buggy address:
[    2.274175]  ffff888009fafe80: fc fc fc fc fc fc fc fc fc fc fc fc fc fc fc fc
[    2.275736]  ffff888009faff00: fc fc fc fc fc fc fc fc fc fc fc fc fc fc fc fc
[    2.277324] >ffff888009faff80: fc fc fc fc fc fc fc fc fc fc fc fc fc fc fc fc
[    2.278599]                                                                 ^
[    2.280038]  ffff888009fb0000: 00 00 00 00 00 00 00 00 00 00 00 00 00 00 00 00
[    2.281371]  ffff888009fb0080: 00 00 00 00 00 00 00 00 00 00 00 00 00 00 00 00
[    2.282672] ==================================================================
[    2.283639] Disabling lock debugging due to kernel taint
poc: iter 1/32
poc: iter 2/32
[    2.528815] input: ImExPS/2 Generic Explorer Mouse as /devices/platform/i8042/serio1/input/input3
poc: iter 3/32
poc: iter 4/32
poc: iter 5/32
poc: iter 6/32
poc: iter 7/32
poc: iter 8/32
poc: iter 9/32
poc: iter 10/32
poc: iter 11/32
poc: iter 12/32
poc: iter 13/32
poc: iter 14/32
poc: iter 15/32
poc: iter 16/32
poc: iter 17/32
poc: iter 18/32
poc: iter 19/32
poc: iter 20/32
poc: iter 21/32
poc: iter 22/32
poc: iter 23/32
poc: iter 24/32
poc: iter 25/32
poc: iter 26/32
poc: iter 27/32
poc: iter 28/32
poc: iter 29/32
poc: iter 30/32
poc: iter 31/32
poc: race did not land within 32 tries
[    8.834912] poc (61) used greatest stack depth: 27856 bytes left
---- poc end rc=0 ----
secb: poc exited without crashing the kernel
[   10.185733] ACPI: PM: Preparing to enter system sleep state S5
[   10.187091] reboot: Power down
CONFIRMED: KASAN_OOB
