bash: warning: setlocale: LC_ALL: cannot change locale (en_US.UTF-8)
c[?7l[2J[0mSeaBIOS (version 1.16.2-debian-1.16.2-1)
Booting from ROM..c[?7l[2J[0m.early console in extract_kernel
input_data: 0x000000000cd242bf
input_len: 0x00000000048dc39a
output: 0x0000000001000000
output_len: 0x000000000e90ba90
kernel_total_size: 0x0000000010626000
needed_size: 0x0000000010800000
trampoline_32bit: 0x000000000009d000

Decompressing Linux... Parsing ELF... done.
Booting the kernel.
[    0.000000][    T0] Linux version 6.1.0-rc4-00013-gcd956d2594b0-dirty (root@buildkitsandbox) (gcc (Debian 12.2.0-14+deb12u1) 12.2.0, GNU ld (GNU Binutils for Debian) 2.40) #2 SMP PREEMPT_DYNAMIC Mon May 25 15:55:09 UTC 2026
[    0.000000][    T0] Command line: console=ttyS0 oops=panic panic=86400 nokaslr earlyprintk=serial rdinit=/init
[    0.000000][    T0] KERNEL supported cpus:
[    0.000000][    T0]   Intel GenuineIntel
[    0.000000][    T0]   AMD AuthenticAMD
[    0.000000][    T0] x86/fpu: Supporting XSAVE feature 0x001: 'x87 floating point registers'
[    0.000000][    T0] x86/fpu: Supporting XSAVE feature 0x002: 'SSE registers'
[    0.000000][    T0] x86/fpu: Supporting XSAVE feature 0x004: 'AVX registers'
[    0.000000][    T0] x86/fpu: xstate_offset[2]:  576, xstate_sizes[2]:  256
[    0.000000][    T0] x86/fpu: Enabled xstate features 0x7, context size is 832 bytes, using 'compacted' format.
[    0.000000][    T0] signal: max sigframe size: 1776
[    0.000000][    T0] BIOS-provided physical RAM map:
[    0.000000][    T0] BIOS-e820: [mem 0x0000000000000000-0x000000000009fbff] usable
[    0.000000][    T0] BIOS-e820: [mem 0x000000000009fc00-0x000000000009ffff] reserved
[    0.000000][    T0] BIOS-e820: [mem 0x00000000000f0000-0x00000000000fffff] reserved
[    0.000000][    T0] BIOS-e820: [mem 0x0000000000100000-0x000000007ffdffff] usable
[    0.000000][    T0] BIOS-e820: [mem 0x000000007ffe0000-0x000000007fffffff] reserved
[    0.000000][    T0] BIOS-e820: [mem 0x00000000feffc000-0x00000000feffffff] reserved
[    0.000000][    T0] BIOS-e820: [mem 0x00000000fffc0000-0x00000000ffffffff] reserved
[    0.000000][    T0] BIOS-e820: [mem 0x000000fd00000000-0x000000ffffffffff] reserved
[    0.000000][    T0] printk: bootconsole [earlyser0] enabled
[    0.000000][    T0] NX (Execute Disable) protection: active
[    0.000000][    T0] SMBIOS 2.8 present.
[    0.000000][    T0] DMI: QEMU Standard PC (i440FX + PIIX, 1996), BIOS 1.16.2-debian-1.16.2-1 04/01/2014
[    0.000000][    T0] Hypervisor detected: KVM
[    0.000000][    T0] kvm-clock: Using msrs 4b564d01 and 4b564d00
[    0.000004][    T0] kvm-clock: using sched offset of 931816885 cycles
[    0.000698][    T0] clocksource: kvm-clock: mask: 0xffffffffffffffff max_cycles: 0x1cd42e4dffb, max_idle_ns: 881590591483 ns
[    0.002755][    T0] tsc: Detected 3493.436 MHz processor
[    0.007944][    T0] last_pfn = 0x7ffe0 max_arch_pfn = 0x400000000
[    0.008717][    T0] x86/PAT: Configuration [0-7]: WB  WC  UC- UC  WB  WP  UC- WT  
[    0.013130][    T0] found SMP MP-table at [mem 0x000f5ba0-0x000f5baf]
[    0.013937][    T0] Using GB pages for direct mapping
[    0.015282][    T0] RAMDISK: [mem 0x7fe90000-0x7ffdffff]
[    0.015928][    T0] ACPI: Early table checksum verification disabled
[    0.016698][    T0] ACPI: RSDP 0x00000000000F59D0 000014 (v00 BOCHS )
[    0.017536][    T0] ACPI: RSDT 0x000000007FFE1B33 000034 (v01 BOCHS  BXPC     00000001 BXPC 00000001)
[    0.018736][    T0] ACPI: FACP 0x000000007FFE19DF 000074 (v01 BOCHS  BXPC     00000001 BXPC 00000001)
[    0.019910][    T0] ACPI: DSDT 0x000000007FFE0040 00199F (v01 BOCHS  BXPC     00000001 BXPC 00000001)
[    0.021056][    T0] ACPI: FACS 0x000000007FFE0000 000040
[    0.021713][    T0] ACPI: APIC 0x000000007FFE1A53 000080 (v01 BOCHS  BXPC     00000001 BXPC 00000001)
[    0.022847][    T0] ACPI: HPET 0x000000007FFE1AD3 000038 (v01 BOCHS  BXPC     00000001 BXPC 00000001)
[    0.023970][    T0] ACPI: WAET 0x000000007FFE1B0B 000028 (v01 BOCHS  BXPC     00000001 BXPC 00000001)
[    0.025117][    T0] ACPI: Reserving FACP table memory at [mem 0x7ffe19df-0x7ffe1a52]
[    0.026060][    T0] ACPI: Reserving DSDT table memory at [mem 0x7ffe0040-0x7ffe19de]
[    0.026995][    T0] ACPI: Reserving FACS table memory at [mem 0x7ffe0000-0x7ffe003f]
[    0.027942][    T0] ACPI: Reserving APIC table memory at [mem 0x7ffe1a53-0x7ffe1ad2]
[    0.028883][    T0] ACPI: Reserving HPET table memory at [mem 0x7ffe1ad3-0x7ffe1b0a]
[    0.029823][    T0] ACPI: Reserving WAET table memory at [mem 0x7ffe1b0b-0x7ffe1b32]
[    0.031572][    T0] No NUMA configuration found
[    0.032130][    T0] Faking a node at [mem 0x0000000000000000-0x000000007ffdffff]
[    0.033038][    T0] NODE_DATA(0) allocated [mem 0x7fe8a000-0x7fe8ffff]
[    0.037558][    T0] Zone ranges:
[    0.037990][    T0]   DMA      [mem 0x0000000000001000-0x0000000000ffffff]
[    0.038836][    T0]   DMA32    [mem 0x0000000001000000-0x000000007ffdffff]
[    0.039686][    T0]   Normal   empty
[    0.040124][    T0]   Device   empty
[    0.040560][    T0] Movable zone start for each node
[    0.041163][    T0] Early memory node ranges
[    0.041678][    T0]   node   0: [mem 0x0000000000001000-0x000000000009efff]
[    0.042520][    T0]   node   0: [mem 0x0000000000100000-0x000000007ffdffff]
[    0.043366][    T0] Initmem setup node 0 [mem 0x0000000000001000-0x000000007ffdffff]
[    0.044332][    T0] On node 0, zone DMA: 1 pages in unavailable ranges
[    0.044437][    T0] On node 0, zone DMA: 97 pages in unavailable ranges
[    0.057380][    T0] On node 0, zone DMA32: 32 pages in unavailable ranges
[    0.093592][    T0] kasan: KernelAddressSanitizer initialized
[    0.095402][    T0] ACPI: PM-Timer IO Port: 0x608
[    0.096001][    T0] ACPI: LAPIC_NMI (acpi_id[0xff] dfl dfl lint[0x1])
[    0.096829][    T0] IOAPIC[0]: apic_id 0, version 17, address 0xfec00000, GSI 0-23
[    0.097766][    T0] ACPI: INT_SRC_OVR (bus 0 bus_irq 0 global_irq 2 dfl dfl)
[    0.098633][    T0] ACPI: INT_SRC_OVR (bus 0 bus_irq 5 global_irq 5 high level)
[    0.099530][    T0] ACPI: INT_SRC_OVR (bus 0 bus_irq 9 global_irq 9 high level)
[    0.100422][    T0] ACPI: INT_SRC_OVR (bus 0 bus_irq 10 global_irq 10 high level)
[    0.101329][    T0] ACPI: INT_SRC_OVR (bus 0 bus_irq 11 global_irq 11 high level)
[    0.102247][    T0] ACPI: Using ACPI (MADT) for SMP configuration information
[    0.103111][    T0] ACPI: HPET id: 0x8086a201 base: 0xfed00000
[    0.103830][    T0] TSC deadline timer available
[    0.104399][    T0] smpboot: Allowing 2 CPUs, 0 hotplug CPUs
[    0.105124][    T0] kvm-guest: KVM setup pv remote TLB flush
[    0.105810][    T0] kvm-guest: setup PV sched yield
[    0.106447][    T0] PM: hibernation: Registered nosave memory: [mem 0x00000000-0x00000fff]
[    0.107452][    T0] PM: hibernation: Registered nosave memory: [mem 0x0009f000-0x0009ffff]
[    0.108475][    T0] PM: hibernation: Registered nosave memory: [mem 0x000a0000-0x000effff]
[    0.109483][    T0] PM: hibernation: Registered nosave memory: [mem 0x000f0000-0x000fffff]
[    0.110517][    T0] [mem 0x80000000-0xfeffbfff] available for PCI devices
[    0.111308][    T0] Booting paravirtualized kernel on KVM
[    0.111956][    T0] clocksource: refined-jiffies: mask: 0xffffffff max_cycles: 0xffffffff, max_idle_ns: 19112604462750000 ns
[    0.154873][    T0] setup_percpu: NR_CPUS:8 nr_cpumask_bits:2 nr_cpu_ids:2 nr_node_ids:1
[    0.156223][    T0] percpu: Embedded 69 pages/cpu s244296 r8192 d30136 u1048576
[    0.157224][    T0] kvm-guest: PV spinlocks enabled
[    0.157827][    T0] PV qspinlock hash table entries: 256 (order: 0, 4096 bytes, linear)
[    0.158847][    T0] Fallback order for Node 0: 0 
[    0.159457][    T0] Built 1 zonelists, mobility grouping on.  Total pages: 515808
[    0.160396][    T0] Policy zone: DMA32
[    0.160878][    T0] Kernel command line: console=ttyS0 oops=panic panic=86400 nokaslr earlyprintk=serial rdinit=/init
[    0.162803][    T0] random: crng init done
[    0.163478][    T0] Dentry cache hash table entries: 262144 (order: 9, 2097152 bytes, linear)
[    0.164784][    T0] Inode-cache hash table entries: 131072 (order: 8, 1048576 bytes, linear)
[    0.166380][    T0] mem auto-init: stack:off, heap alloc:on, heap free:off
[    0.168390][    T0] stackdepot hash table entries: 1048576 (order: 11, 8388608 bytes, linear)
[    0.271891][    T0] Memory: 1483320K/2096632K available (143391K kernel code, 35103K rwdata, 29756K rodata, 2732K init, 33748K bss, 613056K reserved, 0K cma-reserved)
[    0.274165][    T0] SLUB: HWalign=64, Order=0-3, MinObjects=0, CPUs=2, Nodes=1
[    0.276403][    T0] Dynamic Preempt: full
[    0.277295][    T0] Running RCU self tests
[    0.277839][    T0] rcu: Preemptible hierarchical RCU implementation.
[    0.278653][    T0] rcu: 	RCU lockdep checking is enabled.
[    0.279316][    T0] rcu: 	RCU restricting CPUs from NR_CPUS=8 to nr_cpu_ids=2.
[    0.280196][    T0] rcu: 	RCU callback double-/use-after-free debug is enabled.
[    0.281090][    T0] rcu: 	RCU debug extended QS entry/exit.
[    0.281767][    T0] 	Trampoline variant of Tasks RCU enabled.
[    0.282460][    T0] 	Tracing variant of Tasks RCU enabled.
[    0.283171][    T0] rcu: RCU calculated value of scheduler-enlistment delay is 10 jiffies.
[    0.284373][    T0] rcu: Adjusting geometry for rcu_fanout_leaf=16, nr_cpu_ids=2
[    0.312618][    T0] NR_IRQS: 4352, nr_irqs: 440, preallocated irqs: 16
[    0.313987][    T0] rcu: srcu_init: Setting srcu_struct sizes based on contention.
[    0.315314][    T0] kfence: initialized - using 2097152 bytes for 255 objects at 0x(____ptrval____)-0x(____ptrval____)
[    0.324916][    T0] Console: colour VGA+ 80x25
[    0.325608][    T0] printk: console [ttyS0] enabled
[    0.325608][    T0] printk: console [ttyS0] enabled
[    0.327019][    T0] printk: bootconsole [earlyser0] disabled
[    0.327019][    T0] printk: bootconsole [earlyser0] disabled
[    0.328653][    T0] Lock dependency validator: Copyright (c) 2006 Red Hat, Inc., Ingo Molnar
[    0.329882][    T0] ... MAX_LOCKDEP_SUBCLASSES:  8
[    0.330583][    T0] ... MAX_LOCK_DEPTH:          48
[    0.331294][    T0] ... MAX_LOCKDEP_KEYS:        8192
[    0.332040][    T0] ... CLASSHASH_SIZE:          4096
[    0.332779][    T0] ... MAX_LOCKDEP_ENTRIES:     131072
[    0.333546][    T0] ... MAX_LOCKDEP_CHAINS:      262144
[    0.334318][    T0] ... CHAINHASH_SIZE:          131072
[    0.335096][    T0]  memory used by lock dependency info: 20657 kB
[    0.336016][    T0]  memory used for stack traces: 8320 kB
[    0.336826][    T0]  per task-struct memory footprint: 1920 bytes
[    0.337792][    T0] ACPI: Core revision 20220331
[    0.338836][    T0] clocksource: hpet: mask: 0xffffffff max_cycles: 0xffffffff, max_idle_ns: 19112604467 ns
[    0.340479][    T0] APIC: Switch to symmetric I/O mode setup
[    0.341315][    T0] kvm-guest: setup PV IPIs
[    0.343432][    T0] ..TIMER: vector=0x30 apic1=0 pin1=2 apic2=-1 pin2=-1
[    0.344436][    T0] tsc: Marking TSC unstable due to TSCs unsynchronized
[    0.345412][    T0] Calibrating delay loop (skipped) preset value.. 6986.87 BogoMIPS (lpj=34934360)
[    0.346705][    T0] pid_max: default: 32768 minimum: 301
[    0.347596][    T0] LSM: Security Framework initializing
[    0.348417][    T0] landlock: Up and running.
[    0.349028][    T0] Yama: becoming mindful.
[    0.349681][    T0] TOMOYO Linux initialized
[    0.355458][    T0] AppArmor: AppArmor initialized
[    0.356170][    T0] LSM support for eBPF active
[    0.356983][    T0] Mount-cache hash table entries: 4096 (order: 3, 32768 bytes, linear)
[    0.358131][    T0] Mountpoint-cache hash table entries: 4096 (order: 3, 32768 bytes, linear)
[    0.360984][    T0] x86/cpu: User Mode Instruction Prevention (UMIP) activated
[    0.362133][    T0] Last level iTLB entries: 4KB 512, 2MB 255, 4MB 127
[    0.363061][    T0] Last level dTLB entries: 4KB 512, 2MB 255, 4MB 127, 1GB 0
[    0.364092][    T0] Spectre V1 : Mitigation: usercopy/swapgs barriers and __user pointer sanitization
[    0.365405][    T0] Spectre V2 : Kernel not compiled with retpoline; no mitigation available!
[    0.365411][    T0] Spectre V2 : Vulnerable
[    0.367208][    T0] Spectre V2 : Spectre v2 / SpectreRSB mitigation: Filling RSB on context switch
[    0.368484][    T0] Spectre V2 : Enabling Speculation Barrier for firmware calls
[    0.369529][    T0] RETBleed: Mitigation: IBPB
[    0.370175][    T0] Spectre V2 : mitigation: Enabling conditional Indirect Branch Prediction Barrier
[    0.371459][    T0] Speculative Store Bypass: Mitigation: Speculative Store Bypass disabled via prctl
[    0.374314][    T0] Freeing SMP alternatives memory: 112K
[    0.375612][    T1] smpboot: CPU0: AMD Ryzen Threadripper PRO 3975WX 32-Cores (family: 0x17, model: 0x31, stepping: 0x0)
[    0.378407][    T1] cblist_init_generic: Setting adjustable number of callback queues.
[    0.379567][    T1] cblist_init_generic: Setting shift to 1 and lim to 1.
[    0.380730][    T1] cblist_init_generic: Setting shift to 1 and lim to 1.
[    0.381836][    T1] Running RCU-tasks wait API self tests
[    0.485879][    T1] Performance Events: Fam17h+ core perfctr, AMD PMU driver.
[    0.488247][    T1] ... version:                0
[    0.489673][    T1] ... bit width:              48
[    0.491133][    T1] ... generic registers:      6
[    0.492580][    T1] ... value mask:             0000ffffffffffff
[    0.494392][    T1] ... max period:             00007fffffffffff
[    0.495437][    T1] ... fixed-purpose events:   0
[    0.496865][    T1] ... event mask:             000000000000003f
[    0.499891][    T1] rcu: Hierarchical SRCU implementation.
[    0.501547][    T1] rcu: 	Max phase no-delay instances is 1000.
[    0.509480][    T1] smp: Bringing up secondary CPUs ...
[    0.512787][    T1] x86: Booting SMP configuration:
[    0.514291][    T1] .... node  #0, CPUs:      #1
[    0.515766][    T1] smp: Brought up 1 node, 2 CPUs
[    0.517095][    T1] smpboot: Max logical packages: 1
[    0.518627][    T1] smpboot: Total of 2 processors activated (13973.74 BogoMIPS)
[    0.522700][    T1] devtmpfs: initialized
[    0.526254][    T1] x86/mm: Memory block size: 128MB
[    0.535467][   T13] Callback from call_rcu_tasks_trace() invoked.
[    0.553639][    T1] clocksource: jiffies: mask: 0xffffffff max_cycles: 0xffffffff, max_idle_ns: 19112604462750000 ns
[    0.555646][    T1] futex hash table entries: 512 (order: 4, 65536 bytes, linear)
[    0.558274][    T1] PM: RTC time: 15:56:24, date: 2026-05-25
[    0.561915][    T1] NET: Registered PF_NETLINK/PF_ROUTE protocol family
[    0.564142][    T1] audit: initializing netlink subsys (disabled)
[    0.565046][   T26] audit: type=2000 audit(1779724585.035:1): state=initialized audit_enabled=0 res=1
[    0.566438][    T1] thermal_sys: Registered thermal governor 'step_wise'
[    0.566539][    T1] thermal_sys: Registered thermal governor 'user_space'
[    0.567476][    T1] cpuidle: using governor menu
[    0.568874][    T1] NET: Registered PF_QIPCRTR protocol family
[    0.570232][    T1] PCI: Using configuration type 1 for base access
[    0.570232][    T1] PCI: Using configuration type 1 for extended access
[    0.698052][    T1] HugeTLB: registered 1.00 GiB page size, pre-allocated 0 pages
[    0.698052][    T1] HugeTLB: 16380 KiB vmemmap can be freed for a 1.00 GiB page
[    0.698321][    T1] HugeTLB: registered 2.00 MiB page size, pre-allocated 0 pages
[    0.699433][    T1] HugeTLB: 28 KiB vmemmap can be freed for a 2.00 MiB page
[    0.705514][   T12] Callback from call_rcu_tasks() invoked.
[    0.725577][    T1] cryptd: max_cpu_qlen set to 1000
[    0.729222][    T1] raid6: skipped pq benchmark and selected avx2x4
[    0.729222][    T1] raid6: using avx2x2 recovery algorithm
[    0.730352][    T1] ACPI: Added _OSI(Module Device)
[    0.735446][    T1] ACPI: Added _OSI(Processor Device)
[    0.736722][    T1] ACPI: Added _OSI(3.0 _SCP Extensions)
[    0.738069][    T1] ACPI: Added _OSI(Processor Aggregator Device)
[    0.774558][    T1] ACPI: 1 ACPI AML tables successfully acquired and loaded
[    0.788218][    T1] ACPI: Interpreter enabled
[    0.788917][    T1] ACPI: PM: (supports S0 S3 S4 S5)
[    0.789532][    T1] ACPI: Using IOAPIC for interrupt routing
[    0.790326][    T1] PCI: Using host bridge windows from ACPI; if necessary, use "pci=nocrs" and report a bug
[    0.791508][    T1] PCI: Using E820 reservations for host bridge windows
[    0.795723][    T1] ACPI: Enabled 2 GPEs in block 00 to 0F
[    0.840689][    T1] ACPI: PCI Root Bridge [PCI0] (domain 0000 [bus 00-ff])
[    0.841570][    T1] acpi PNP0A03:00: _OSC: OS supports [ExtendedConfig ASPM ClockPM Segments MSI HPX-Type3]
[    0.844418][    T1] PCI host bridge to bus 0000:00
[    0.845016][    T1] pci_bus 0000:00: root bus resource [io  0x0000-0x0cf7 window]
[    0.845404][    T1] pci_bus 0000:00: root bus resource [io  0x0d00-0xffff window]
[    0.846302][    T1] pci_bus 0000:00: root bus resource [mem 0x000a0000-0x000bffff window]
[    0.847275][    T1] pci_bus 0000:00: root bus resource [mem 0x80000000-0xfebfffff window]
[    0.848246][    T1] pci_bus 0000:00: root bus resource [mem 0x100000000-0x17fffffff window]
[    0.849256][    T1] pci_bus 0000:00: root bus resource [bus 00-ff]
[    0.850325][    T1] pci 0000:00:00.0: [8086:1237] type 00 class 0x060000
[    0.865177][    T1] pci 0000:00:01.0: [8086:7000] type 00 class 0x060100
[    0.879237][    T1] pci 0000:00:01.1: [8086:7010] type 00 class 0x010180
[    0.881681][    T1] pci 0000:00:01.1: reg 0x20: [io  0xc000-0xc00f]
[    0.883099][    T1] pci 0000:00:01.1: legacy IDE quirk: reg 0x10: [io  0x01f0-0x01f7]
[    0.884064][    T1] pci 0000:00:01.1: legacy IDE quirk: reg 0x14: [io  0x03f6]
[    0.884961][    T1] pci 0000:00:01.1: legacy IDE quirk: reg 0x18: [io  0x0170-0x0177]
[    0.885402][    T1] pci 0000:00:01.1: legacy IDE quirk: reg 0x1c: [io  0x0376]
[    0.886794][    T1] pci 0000:00:01.3: [8086:7113] type 00 class 0x068000
[    0.888064][    T1] pci 0000:00:01.3: quirk: [io  0x0600-0x063f] claimed by PIIX4 ACPI
[    0.889042][    T1] pci 0000:00:01.3: quirk: [io  0x0700-0x070f] claimed by PIIX4 SMB
[    0.890846][    T1] pci 0000:00:02.0: [1234:1111] type 00 class 0x030000
[    0.892991][    T1] pci 0000:00:02.0: reg 0x10: [mem 0xfd000000-0xfdffffff pref]
[    0.895346][    T1] pci 0000:00:02.0: reg 0x18: [mem 0xfebf0000-0xfebf0fff]
[    0.898792][    T1] pci 0000:00:02.0: reg 0x30: [mem 0xfebe0000-0xfebeffff pref]
[    0.900445][    T1] pci 0000:00:02.0: Video device with shadowed ROM at [mem 0x000c0000-0x000dffff]
[    0.919940][    T1] ACPI: PCI: Interrupt link LNKA configured for IRQ 10
[    0.922211][    T1] ACPI: PCI: Interrupt link LNKB configured for IRQ 10
[    0.924421][    T1] ACPI: PCI: Interrupt link LNKC configured for IRQ 11
[    0.926650][    T1] ACPI: PCI: Interrupt link LNKD configured for IRQ 11
[    0.928135][    T1] ACPI: PCI: Interrupt link LNKS configured for IRQ 9
[    0.935906][    T1] iommu: Default domain type: Translated 
[    0.936101][    T1] iommu: DMA domain TLB invalidation policy: lazy mode 
[    0.936581][    T1] SCSI subsystem initialized
[    0.939799][    T1] ACPI: bus type USB registered
[    0.939799][    T1] usbcore: registered new interface driver usbfs
[    0.939799][    T1] usbcore: registered new interface driver hub
[    0.939799][    T1] usbcore: registered new device driver usb
[    0.939799][    T1] mc: Linux media interface: v0.10
[    0.940249][    T1] videodev: Linux video capture interface: v2.00
[    0.941283][    T1] pps_core: LinuxPPS API ver. 1 registered
[    0.941990][    T1] pps_core: Software ver. 5.3.6 - Copyright 2005-2007 Rodolfo Giometti <giometti@linux.it>
[    0.943236][    T1] PTP clock support registered
[    0.948451][    T1] EDAC MC: Ver: 3.0.0
[    0.949465][    T1] Advanced Linux Sound Architecture Driver Initialized.
[    0.949465][    T1] Bluetooth: Core ver 2.22
[    0.949465][    T1] NET: Registered PF_BLUETOOTH protocol family
[    0.949984][    T1] Bluetooth: HCI device and connection manager initialized
[    0.950873][    T1] Bluetooth: HCI socket layer initialized
[    0.951571][    T1] Bluetooth: L2CAP socket layer initialized
[    0.952322][    T1] Bluetooth: SCO socket layer initialized
[    0.953047][    T1] NET: Registered PF_ATMPVC protocol family
[    0.953766][    T1] NET: Registered PF_ATMSVC protocol family
[    0.955525][    T1] NetLabel: Initializing
[    0.956049][    T1] NetLabel:  domain hash size = 128
[    0.956675][    T1] NetLabel:  protocols = UNLABELED CIPSOv4 CALIPSO
[    0.957614][    T1] NetLabel:  unlabeled traffic allowed by default
[    0.959165][    T1] nfc: nfc_init: NFC Core ver 0.1
[    0.960072][    T1] NET: Registered PF_NFC protocol family
[    0.960799][    T1] PCI: Using ACPI for IRQ routing
[    0.961756][    T1] pci 0000:00:02.0: vgaarb: setting as boot VGA device
[    0.962613][    T1] pci 0000:00:02.0: vgaarb: bridge control possible
[    0.963404][    T1] pci 0000:00:02.0: vgaarb: VGA device added: decodes=io+mem,owns=io+mem,locks=none
[    0.964533][    T1] vgaarb: loaded
[    0.965640][    T1] hpet0: at MMIO 0xfed00000, IRQs 2, 8, 0
[    0.966355][    T1] hpet0: 3 comparators, 64-bit 100.000000 MHz counter
[    0.971592][    T1] clocksource: Switched to clocksource kvm-clock
[    0.975390][    T1] VFS: Disk quotas dquot_6.6.0
[    0.975390][    T1] VFS: Dquot-cache hash table entries: 512 (order 0, 4096 bytes)
[    0.975390][    T1] FS-Cache: Loaded
[    0.975390][    T1] CacheFiles: Loaded
[    0.975390][    T1] TOMOYO: 2.6.0
[    0.975390][    T1] Mandatory Access Control activated.
[    0.975390][    T1] AppArmor: AppArmor Filesystem Enabled
[    0.975390][    T1] pnp: PnP ACPI init
[    0.979054][    T1] pnp: PnP ACPI: found 6 devices
[    0.998956][    T1] clocksource: acpi_pm: mask: 0xffffff max_cycles: 0xffffff, max_idle_ns: 2085701024 ns
[    1.000429][    T1] NET: Registered PF_INET protocol family
[    1.001312][    T1] IP idents hash table entries: 32768 (order: 6, 262144 bytes, linear)
[    1.004185][    T1] tcp_listen_portaddr_hash hash table entries: 1024 (order: 4, 73728 bytes, linear)
[    1.005378][    T1] Table-perturb hash table entries: 65536 (order: 6, 262144 bytes, linear)
[    1.006660][    T1] TCP established hash table entries: 16384 (order: 5, 131072 bytes, linear)
[    1.008756][    T1] TCP bind hash table entries: 16384 (order: 9, 2359296 bytes, linear)
[    1.010678][    T1] TCP: Hash tables configured (established 16384 bind 16384)
[    1.011879][    T1] MPTCP token hash table entries: 2048 (order: 5, 180224 bytes, linear)
[    1.013046][    T1] UDP hash table entries: 1024 (order: 5, 163840 bytes, linear)
[    1.014089][    T1] UDP-Lite hash table entries: 1024 (order: 5, 163840 bytes, linear)
[    1.015410][    T1] NET: Registered PF_UNIX/PF_LOCAL protocol family
[    1.035936][    T1] RPC: Registered named UNIX socket transport module.
[    1.036789][    T1] RPC: Registered udp transport module.
[    1.037464][    T1] RPC: Registered tcp transport module.
[    1.038138][    T1] RPC: Registered tcp NFSv4.1 backchannel transport module.
[    1.045479][    T1] NET: Registered PF_XDP protocol family
[    1.046191][    T1] pci_bus 0000:00: resource 4 [io  0x0000-0x0cf7 window]
[    1.047050][    T1] pci_bus 0000:00: resource 5 [io  0x0d00-0xffff window]
[    1.047903][    T1] pci_bus 0000:00: resource 6 [mem 0x000a0000-0x000bffff window]
[    1.048850][    T1] pci_bus 0000:00: resource 7 [mem 0x80000000-0xfebfffff window]
[    1.049788][    T1] pci_bus 0000:00: resource 8 [mem 0x100000000-0x17fffffff window]
[    1.051165][    T1] pci 0000:00:01.0: PIIX3: Enabling Passive Release
[    1.051979][    T1] pci 0000:00:00.0: Limiting direct PCI/PCI transfers
[    1.052895][    T1] PCI: CLS 0 bytes, default 64
[    1.053557][    T1] ACPI: bus type thunderbolt registered
[    1.055021][    T1] kvm: no hardware support for 'kvm_intel'
[    1.058315][   T11] Trying to unpack rootfs image as initramfs...
[    1.065669][    T1] kvm: Nested Virtualization enabled
[    1.066293][    T1] SVM: kvm: Nested Paging enabled
[    1.085905][   T66] cryptomgr_test (66) used greatest stack depth: 29824 bytes left
[    1.165003][   T11] Freeing initrd memory: 1344K
[    1.166789][   T56] kworker/u4:3 (56) used greatest stack depth: 28208 bytes left
[    1.177366][   T87] kworker/u4:1 (87) used greatest stack depth: 27824 bytes left
[    1.179475][   T90] kworker/u4:1 (90) used greatest stack depth: 27696 bytes left
[    3.518778][    T1] Initialise system trusted keyrings
[    3.520129][    T1] workingset: timestamp_bits=40 max_order=19 bucket_order=0
[    3.549541][    T1] zbud: loaded
[    3.555211][    T1] DLM installed
[    3.560086][    T1] squashfs: version 4.0 (2009/01/31) Phillip Lougher
[    3.567589][    T1] NFS: Registering the id_resolver key type
[    3.568361][    T1] Key type id_resolver registered
[    3.568983][    T1] Key type id_legacy registered
[    3.569783][    T1] nfs4filelayout_init: NFSv4 File Layout Driver Registering...
[    3.570726][    T1] nfs4flexfilelayout_init: NFSv4 Flexfile Layout Driver Registering...
[    3.577121][    T1] Key type cifs.spnego registered
[    3.577807][    T1] Key type cifs.idmap registered
[    3.578749][    T1] ntfs: driver 2.1.32 [Flags: R/W].
[    3.580239][    T1] ntfs3: Max link count 4000
[    3.580796][    T1] ntfs3: Enabled Linux POSIX ACLs support
[    3.581479][    T1] ntfs3: Read-only LZX/Xpress compression included
[    3.582905][    T1] efs: 1.0a - http://aeschi.ch.eu.org/efs/
[    3.583828][    T1] jffs2: version 2.2. (NAND) (SUMMARY)  © 2001-2006 Red Hat, Inc.
[    3.587003][    T1] romfs: ROMFS MTD (C) 2007 Red Hat, Inc.
[    3.588045][    T1] QNX4 filesystem 0.2.3 registered.
[    3.588857][    T1] qnx6: QNX6 filesystem 1.0.0 registered.
[    3.590187][    T1] fuse: init (API version 7.37)
[    3.593394][    T1] orangefs_debugfs_init: called with debug mask: :none: :0:
[    3.594564][    T1] orangefs_init: module version upstream loaded
[    3.595983][    T1] JFS: nTxBlock = 8192, nTxLock = 65536
[    3.600580][    T1] SGI XFS with ACLs, security attributes, realtime, quota, fatal assert, debug enabled
[    3.609224][    T1] 9p: Installing v9fs 9p2000 file system support
[    3.610897][    T1] NILFS version 2 loaded
[    3.611394][    T1] befs: version: 0.9.3
[    3.612866][    T1] ocfs2: Registered cluster interface o2cb
[    3.613919][    T1] ocfs2: Registered cluster interface user
[    3.614996][    T1] OCFS2 User DLM kernel interface loaded
[    3.622288][    T1] gfs2: GFS2 installed
[    3.629368][    T1] ceph: loaded (mds proto 32)
[    3.638493][    T1] NET: Registered PF_ALG protocol family
[    3.639268][    T1] xor: automatically using best checksumming function   avx       
[    3.640232][    T1] async_tx: api initialized (async)
[    3.640927][    T1] Key type asymmetric registered
[    3.641528][    T1] Asymmetric key parser 'x509' registered
[    3.642259][    T1] Asymmetric key parser 'pkcs8' registered
[    3.642959][    T1] Key type pkcs7_test registered
[    3.645682][    T1] alg: self-tests for CTR-KDF (hmac(sha256)) passed
[    3.646591][    T1] Block layer SCSI generic (bsg) driver version 0.4 loaded (major 240)
[    3.648147][    T1] io scheduler mq-deadline registered
[    3.648809][    T1] io scheduler kyber registered
[    3.649809][    T1] io scheduler bfq registered
[    3.653461][    T1] input: Power Button as /devices/LNXSYSTM:00/LNXPWRBN:00/input/input0
[    3.658832][    T1] ACPI: button: Power Button [PWRF]
[    3.668045][  T207] kworker/u4:3 (207) used greatest stack depth: 26904 bytes left
[    3.808713][    T1] N_HDLC line discipline registered with maxframe=4096
[    3.809587][    T1] Serial: 8250/16550 driver, 4 ports, IRQ sharing enabled
[    3.810778][    T1] 00:04: ttyS0 at I/O 0x3f8 (irq = 4, base_baud = 115200) is a 16550A
[    3.822727][    T1] Non-volatile memory driver v1.3
[    3.823500][    T1] Linux agpgart interface v0.103
[    3.825716][    T1] ACPI: bus type drm_connector registered
[    3.828137][    T1] [drm] Initialized vgem 1.0.0 20120112 for vgem on minor 0
[    3.831846][    T1] [drm] Initialized vkms 1.0.0 20180514 for vkms on minor 1
[    3.880728][    T1] Console: switching to colour frame buffer device 128x48
[    3.898553][    T1] platform vkms: [drm] fb0: vkmsdrmfb frame buffer device
[    3.899570][    T1] usbcore: registered new interface driver udl
[    3.900563][    T1] bochs-drm 0000:00:02.0: vgaarb: deactivate vga console
[    3.903278][    T1] [drm] Found bochs VGA, ID 0xb0c5.
[    3.903902][    T1] [drm] Framebuffer size 16384 kB @ 0xfd000000, mmio @ 0xfebf0000.
[    3.906414][    T1] [drm] Found EDID data blob.
[    3.908061][    T1] [drm] Initialized bochs-drm 1.0.0 20130925 for 0000:00:02.0 on minor 2
[    3.912004][    T1] fbcon: bochs-drmdrmfb (fb1) is primary device
[    3.912016][    T1] fbcon: Remapping primary device, fb1, to tty 1-63
[   11.176087][    T1] bochs-drm 0000:00:02.0: [drm] fb1: bochs-drmdrmfb frame buffer device
[   11.184095][    T9] Floppy drive(s): fd0 is 2.88M AMI BIOS
[   11.211819][    T1] brd: module loaded
[   11.216201][    T9] FDC 0 is a S82078B
[   11.257494][    T1] loop: module loaded
[   11.310823][    T1] zram: Added device: zram0
[   11.314495][    T1] null_blk: disk nullb0 created
[   11.315078][    T1] null_blk: module loaded
[   11.315749][    T1] Guest personality initialized and is inactive
[   11.316745][    T1] VMCI host device registered (name=vmci, major=10, minor=119)
[   11.317654][    T1] Initialized host personality
[   11.318341][    T1] usbcore: registered new interface driver rtsx_usb
[   11.319371][    T1] usbcore: registered new interface driver viperboard
[   11.320315][    T1] usbcore: registered new interface driver dln2
[   11.321328][    T1] usbcore: registered new interface driver pn533_usb
[   11.324888][    T1] nfcsim 0.2 initialized
[   11.325767][    T1] usbcore: registered new interface driver port100
[   11.326851][    T1] usbcore: registered new interface driver nfcmrvl
[   11.329159][    T1] Loading iSCSI transport class v2.0-870.
[   11.333487][    T1] st: Version 20160209, fixed bufsize 32768, s/g segs 256
[   11.346850][    T1] scsi host0: ata_piix
[   11.348828][    T1] scsi host1: ata_piix
[   11.349711][    T1] ata1: PATA max MWDMA2 cmd 0x1f0 ctl 0x3f6 bmdma 0xc000 irq 14
[   11.350609][    T1] ata2: PATA max MWDMA2 cmd 0x170 ctl 0x376 bmdma 0xc008 irq 15
[   11.354491][    T1] Rounding down aligned max_sectors from 4294967295 to 4294967288
[   11.355784][    T1] db_root: cannot open: /etc/target
[   11.356794][    T1] slram: not enough parameters.
[   11.359771][    T1] ftl_cs: FTL header not found.
[   11.371712][    T1] wireguard: WireGuard 1.0.0 loaded. See www.wireguard.com for information.
[   11.372794][    T1] wireguard: Copyright (C) 2015-2019 Jason A. Donenfeld <Jason@zx2c4.com>. All Rights Reserved.
[   11.374020][    T1] eql: Equalizer2002: Simon Janes (simon@ncm.com) and David S. Miller (davem@redhat.com)
[   11.379462][    T1] MACsec IEEE 802.1AE
[   11.386442][    T1] tun: Universal TUN/TAP device driver, 1.6
[   11.387975][    T1] vcan: Virtual CAN interface driver
[   11.388635][    T1] vxcan: Virtual CAN Tunnel driver
[   11.389251][    T1] slcan: serial line CAN interface driver
[   11.389954][    T1] CAN device driver interface
[   11.390717][    T1] usbcore: registered new interface driver usb_8dev
[   11.391715][    T1] usbcore: registered new interface driver ems_usb
[   11.392721][    T1] usbcore: registered new interface driver gs_usb
[   11.393696][    T1] usbcore: registered new interface driver kvaser_usb
[   11.394713][    T1] usbcore: registered new interface driver mcba_usb
[   11.396146][    T1] usbcore: registered new interface driver peak_usb
[   11.397359][    T1] e100: Intel(R) PRO/100 Network Driver
[   11.398048][    T1] e100: Copyright(c) 1999-2006 Intel Corporation
[   11.399241][    T1] e1000: Intel(R) PRO/1000 Network Driver
[   11.399949][    T1] e1000: Copyright (c) 1999-2006 Intel Corporation.
[   11.401018][    T1] e1000e: Intel(R) PRO/1000 Network Driver
[   11.401730][    T1] e1000e: Copyright(c) 1999 - 2015 Intel Corporation.
[   11.403212][    T1] mkiss: AX.25 Multikiss, Hans Albas PE1AYX
[   11.403945][    T1] AX.25: 6pack driver, Revision: 0.3.0
[   11.404646][    T1] AX.25: bpqether driver version 004
[   11.405278][    T1] PPP generic driver version 2.4.2
[   11.406623][    T1] PPP BSD Compression module registered
[   11.407309][    T1] PPP Deflate Compression module registered
[   11.408069][    T1] PPP MPPE Compression module registered
[   11.408773][    T1] NET: Registered PF_PPPOX protocol family
[   11.409514][    T1] PPTP driver version 0.8.5
[   11.410217][    T1] SLIP: version 0.8.4-NET3.019-NEWTTY (dynamic channels, max=256) (6 bit encapsulation enabled).
[   11.411550][    T1] CSLIP: code copyright 1989 Regents of the University of California.
[   11.412552][    T1] SLIP linefill/keepalive option.
[   11.413172][    T1] hdlc: HDLC support module revision 1.22
[   11.413883][    T1] LAPB Ethernet driver version 0.02
[   11.415183][    T1] usbcore: registered new interface driver ath9k_htc
[   11.416286][    T1] usbcore: registered new interface driver carl9170
[   11.417299][    T1] usbcore: registered new interface driver ath6kl_usb
[   11.418317][    T1] usbcore: registered new interface driver ar5523
[   11.419516][    T1] usbcore: registered new interface driver ath10k_usb
[   11.420573][    T1] usbcore: registered new interface driver rndis_wlan
[   11.421657][    T1] mac80211_hwsim: initializing netlink
[   11.438770][    T1] usbcore: registered new interface driver atusb
[   11.443524][    T1] mac802154_hwsim mac802154_hwsim: Added 2 mac802154 hwsim hardware radios
[   11.444777][    T1] VMware vmxnet3 virtual NIC driver - version 1.7.0.0-k-NAPI
[   11.446456][    T1] usbcore: registered new interface driver catc
[   11.447388][    T1] usbcore: registered new interface driver kaweth
[   11.448178][    T1] pegasus: Pegasus/Pegasus II USB Ethernet driver
[   11.449171][    T1] usbcore: registered new interface driver pegasus
[   11.450169][    T1] usbcore: registered new interface driver rtl8150
[   11.451176][    T1] usbcore: registered new interface driver r8152
[   11.451962][    T1] hso: drivers/net/usb/hso.c: Option Wireless
[   11.453958][    T1] usbcore: registered new interface driver hso
[   11.455869][    T1] usbcore: registered new interface driver lan78xx
[   11.457085][    T1] usbcore: registered new interface driver asix
[   11.458146][    T1] usbcore: registered new interface driver ax88179_178a
[   11.459297][    T1] usbcore: registered new interface driver cdc_ether
[   11.460415][    T1] usbcore: registered new interface driver cdc_eem
[   11.461500][    T1] usbcore: registered new interface driver dm9601
[   11.462569][    T1] usbcore: registered new interface driver sr9700
[   11.463661][    T1] usbcore: registered new interface driver CoreChips
[   11.464920][    T1] usbcore: registered new interface driver smsc75xx
[   11.468057][    T1] usbcore: registered new interface driver smsc95xx
[   11.469024][    T1] usbcore: registered new interface driver gl620a
[   11.470000][    T1] usbcore: registered new interface driver net1080
[   11.471001][    T1] usbcore: registered new interface driver plusb
[   11.471910][    T1] usbcore: registered new interface driver rndis_host
[   11.472793][    T1] usbcore: registered new interface driver cdc_subset
[   11.473780][    T1] usbcore: registered new interface driver zaurus
[   11.474624][    T1] usbcore: registered new interface driver MOSCHIP usb-ethernet driver
[   11.476600][    T1] usbcore: registered new interface driver int51x1
[   11.477535][    T1] usbcore: registered new interface driver cdc_phonet
[   11.478507][    T1] usbcore: registered new interface driver kalmia
[   11.479504][    T1] usbcore: registered new interface driver ipheth
[   11.480490][    T1] usbcore: registered new interface driver sierra_net
[   11.481494][    T1] usbcore: registered new interface driver cx82310_eth
[   11.482544][    T1] usbcore: registered new interface driver cdc_ncm
[   11.483539][    T1] usbcore: registered new interface driver huawei_cdc_ncm
[   11.484595][    T1] usbcore: registered new interface driver lg-vl600
[   11.485661][    T1] usbcore: registered new interface driver qmi_wwan
[   11.486641][    T1] usbcore: registered new interface driver cdc_mbim
[   11.487612][    T1] usbcore: registered new interface driver ch9200
[   11.488583][    T1] usbcore: registered new interface driver r8153_ecm
[   11.492879][    T1] VFIO - User Level meta-driver version: 0.3
[   11.497054][    T1] aoe: AoE v85 initialised.
[   11.504485][    T1] Warning! fotg210_hcd should always be loaded before uhci_hcd and ohci_hcd, not after
[   11.506154][    T1] SPI driver max3421-hcd has no spi_device_id for maxim,max3421
[   11.507810][    T1] usbcore: registered new interface driver cdc_acm
[   11.508766][    T1] cdc_acm: USB Abstract Control Model driver for USB modems and ISDN adapters
[   11.510802][    T1] usbcore: registered new interface driver usblp
[   11.511888][    T1] usbcore: registered new interface driver cdc_wdm
[   11.512993][    T1] usbcore: registered new interface driver usbtmc
[   11.514334][    T1] usbcore: registered new interface driver uas
[   11.515688][    T1] usbcore: registered new interface driver usb-storage
[   11.515806][  T995] ata2: found unknown device (class 0)
[   11.516734][    T1] usbcore: registered new interface driver ums-alauda
[   11.518430][    T1] usbcore: registered new interface driver ums-cypress
[   11.518792][  T995] ata2.00: ATAPI: QEMU DVD-ROM, 2.5+, max UDMA/100
[   11.519484][    T1] usbcore: registered new interface driver ums-datafab
[   11.521658][    T1] usbcore: registered new interface driver ums_eneub6250
[   11.522696][    T1] usbcore: registered new interface driver ums-freecom
[   11.523727][    T1] usbcore: registered new interface driver ums-isd200
[   11.524757][    T1] usbcore: registered new interface driver ums-jumpshot
[   11.525832][    T1] usbcore: registered new interface driver ums-karma
[   11.526855][    T1] usbcore: registered new interface driver ums-onetouch
[   11.527909][    T1] usbcore: registered new interface driver ums-realtek
[   11.528940][    T1] usbcore: registered new interface driver ums-sddr09
[   11.529954][    T1] usbcore: registered new interface driver ums-sddr55
[   11.530965][    T1] usbcore: registered new interface driver ums-usbat
[   11.532012][    T1] usbcore: registered new interface driver mdc800
[   11.532622][    T9] scsi 1:0:0:0: CD-ROM            QEMU     QEMU DVD-ROM     2.5+ PQ: 0 ANSI: 5
[   11.532900][    T1] mdc800: v0.7.5 (30/10/2000):USB Driver for Mustek MDC800 Digital Camera
[   11.533082][    T1] usbcore: registered new interface driver microtekX6
[   11.536794][    T1] usbcore: registered new interface driver usbserial_generic
[   11.538111][    T1] usbserial: USB Serial support registered for generic
[   11.539168][    T1] usbcore: registered new interface driver aircable
[   11.540158][    T1] usbserial: USB Serial support registered for aircable
[   11.541216][    T1] usbcore: registered new interface driver ark3116
[   11.542183][    T1] usbserial: USB Serial support registered for ark3116
[   11.543209][    T1] usbcore: registered new interface driver belkin_sa
[   11.544220][    T1] usbserial: USB Serial support registered for Belkin / Peracom / GoHubs USB Serial Adapter
[   11.546037][    T1] usbcore: registered new interface driver ch341
[   11.547018][    T1] usbserial: USB Serial support registered for ch341-uart
[   11.548092][    T1] usbcore: registered new interface driver cp210x
[   11.549073][    T1] usbserial: USB Serial support registered for cp210x
[   11.550096][    T1] usbcore: registered new interface driver cyberjack
[   11.551097][    T1] usbserial: USB Serial support registered for Reiner SCT Cyberjack USB card reader
[   11.552445][    T1] usbcore: registered new interface driver cypress_m8
[   11.553466][    T1] usbserial: USB Serial support registered for DeLorme Earthmate USB
[   11.554642][    T1] usbserial: USB Serial support registered for HID->COM RS232 Adapter
[   11.555904][    T1] usbserial: USB Serial support registered for Nokia CA-42 V2 Adapter
[   11.557106][    T1] usbcore: registered new interface driver usb_debug
[   11.558095][    T1] usbserial: USB Serial support registered for debug
[   11.559076][    T1] usbserial: USB Serial support registered for xhci_dbc
[   11.560125][    T1] usbcore: registered new interface driver digi_acceleport
[   11.561176][    T1] usbserial: USB Serial support registered for Digi 2 port USB adapter
[   11.562455][    T1] usbserial: USB Serial support registered for Digi 4 port USB adapter
[   11.563641][    T1] usbcore: registered new interface driver io_edgeport
[   11.564668][    T1] usbserial: USB Serial support registered for Edgeport 2 port adapter
[   11.565814][    T1] usbserial: USB Serial support registered for Edgeport 4 port adapter
[   11.566881][    T1] usbserial: USB Serial support registered for Edgeport 8 port adapter
[   11.567946][    T1] usbserial: USB Serial support registered for EPiC device
[   11.568928][    T1] usbcore: registered new interface driver io_ti
[   11.569760][    T1] usbserial: USB Serial support registered for Edgeport TI 1 port adapter
[   11.570873][    T1] usbserial: USB Serial support registered for Edgeport TI 2 port adapter
[   11.571994][    T1] usbcore: registered new interface driver empeg
[   11.572839][    T1] usbserial: USB Serial support registered for empeg
[   11.573742][    T1] usbcore: registered new interface driver f81534a_ctrl
[   11.574668][    T1] usbcore: registered new interface driver f81232
[   11.575581][    T1] usbserial: USB Serial support registered for f81232
[   11.576481][    T1] usbserial: USB Serial support registered for f81534a
[   11.577390][    T1] usbcore: registered new interface driver f81534
[   11.578226][    T1] usbserial: USB Serial support registered for Fintek F81532/F81534
[   11.579287][    T1] usbcore: registered new interface driver ftdi_sio
[   11.580173][    T1] usbserial: USB Serial support registered for FTDI USB Serial Device
[   11.581316][    T1] usbcore: registered new interface driver garmin_gps
[   11.582364][    T1] usbserial: USB Serial support registered for Garmin GPS usb/tty
[   11.583766][    T1] usbcore: registered new interface driver ipaq
[   11.584663][    T1] usbserial: USB Serial support registered for PocketPC PDA
[   11.585797][    T1] usbcore: registered new interface driver ipw
[   11.586758][    T1] usbserial: USB Serial support registered for IPWireless converter
[   11.587925][    T1] usbcore: registered new interface driver ir_usb
[   11.588883][    T1] usbserial: USB Serial support registered for IR Dongle
[   11.589905][    T1] usbcore: registered new interface driver iuu_phoenix
[   11.590866][    T1] usbserial: USB Serial support registered for iuu_phoenix
[   11.591949][    T1] usbcore: registered new interface driver keyspan
[   11.592919][    T1] usbserial: USB Serial support registered for Keyspan - (without firmware)
[   11.594196][    T1] usbserial: USB Serial support registered for Keyspan 1 port adapter
[   11.595294][    T1] usbserial: USB Serial support registered for Keyspan 2 port adapter
[   11.596523][    T1] usbserial: USB Serial support registered for Keyspan 4 port adapter
[   11.597743][    T1] usbcore: registered new interface driver keyspan_pda
[   11.598667][    T1] usbserial: USB Serial support registered for Keyspan PDA
[   11.599727][    T1] usbserial: USB Serial support registered for Keyspan PDA - (prerenumeration)
[   11.600962][    T1] usbcore: registered new interface driver kl5kusb105
[   11.601992][    T1] usbserial: USB Serial support registered for KL5KUSB105D / PalmConnect
[   11.603269][    T1] usbcore: registered new interface driver kobil_sct
[   11.604279][    T1] usbserial: USB Serial support registered for KOBIL USB smart card terminal
[   11.605652][    T1] usbcore: registered new interface driver mct_u232
[   11.606655][    T1] usbserial: USB Serial support registered for MCT U232
[   11.607654][    T1] usbcore: registered new interface driver metro_usb
[   11.608535][    T1] usbserial: USB Serial support registered for Metrologic USB to Serial
[   11.609614][    T1] usbcore: registered new interface driver mos7720
[   11.610506][    T1] usbserial: USB Serial support registered for Moschip 2 port adapter
[   11.611595][    T1] usbcore: registered new interface driver mos7840
[   11.612539][    T1] usbserial: USB Serial support registered for Moschip 7840/7820 USB Serial Driver
[   11.613731][    T1] usbcore: registered new interface driver mxuport
[   11.614574][    T1] usbserial: USB Serial support registered for MOXA UPort
[   11.615561][    T1] usbcore: registered new interface driver navman
[   11.616612][    T1] usbserial: USB Serial support registered for navman
[   11.617463][    T1] usbcore: registered new interface driver omninet
[   11.618260][    T1] usbserial: USB Serial support registered for ZyXEL - omni.net usb
[   11.619251][    T1] usbcore: registered new interface driver opticon
[   11.620052][    T1] usbserial: USB Serial support registered for opticon
[   11.620907][    T1] usbcore: registered new interface driver option
[   11.621694][    T1] usbserial: USB Serial support registered for GSM modem (1-port)
[   11.622668][    T1] usbcore: registered new interface driver oti6858
[   11.623469][    T1] usbserial: USB Serial support registered for oti6858
[   11.624327][    T1] usbcore: registered new interface driver pl2303
[   11.625121][    T1] usbserial: USB Serial support registered for pl2303
[   11.626003][    T1] usbcore: registered new interface driver qcaux
[   11.626787][    T1] usbserial: USB Serial support registered for qcaux
[   11.627649][    T1] usbcore: registered new interface driver qcserial
[   11.628512][    T1] usbserial: USB Serial support registered for Qualcomm USB modem
[   11.629541][    T1] usbcore: registered new interface driver quatech2
[   11.630401][    T1] usbserial: USB Serial support registered for Quatech 2nd gen USB to Serial Driver
[   11.631751][    T1] usbcore: registered new interface driver safe_serial
[   11.632679][    T1] usbserial: USB Serial support registered for safe_serial
[   11.633665][    T1] usbcore: registered new interface driver sierra
[   11.634605][    T1] usbserial: USB Serial support registered for Sierra USB modem
[   11.635845][    T1] usbcore: registered new interface driver usb_serial_simple
[   11.636927][    T1] usbserial: USB Serial support registered for carelink
[   11.637841][    T1] usbserial: USB Serial support registered for zio
[   11.638728][    T1] usbserial: USB Serial support registered for funsoft
[   11.639648][    T1] usbserial: USB Serial support registered for flashloader
[   11.640628][    T1] usbserial: USB Serial support registered for google
[   11.641630][    T1] usbserial: USB Serial support registered for libtransistor
[   11.642703][    T1] usbserial: USB Serial support registered for vivopay
[   11.643724][    T1] usbserial: USB Serial support registered for moto_modem
[   11.644730][    T1] usbserial: USB Serial support registered for motorola_tetra
[   11.645858][    T1] usbserial: USB Serial support registered for nokia
[   11.646771][    T1] usbserial: USB Serial support registered for novatel_gps
[   11.647840][    T1] usbserial: USB Serial support registered for hp4x
[   11.648742][    T1] usbserial: USB Serial support registered for suunto
[   11.649706][    T1] usbserial: USB Serial support registered for siemens_mpi
[   11.650738][    T1] usbcore: registered new interface driver spcp8x5
[   11.651629][    T1] usbserial: USB Serial support registered for SPCP8x5
[   11.652530][    T1] usbcore: registered new interface driver ssu100
[   11.653469][    T1] usbserial: USB Serial support registered for Quatech SSU-100 USB to Serial Driver
[   11.654795][    T1] usbcore: registered new interface driver symbolserial
[   11.655860][    T1] usbserial: USB Serial support registered for symbol
[   11.656801][    T1] usbcore: registered new interface driver ti_usb_3410_5052
[   11.657848][    T1] usbserial: USB Serial support registered for TI USB 3410 1 port adapter
[   11.659057][    T1] usbserial: USB Serial support registered for TI USB 5052 2 port adapter
[   11.660427][    T1] usbcore: registered new interface driver upd78f0730
[   11.661373][    T1] usbserial: USB Serial support registered for upd78f0730
[   11.662291][    T1] usbcore: registered new interface driver visor
[   11.663095][    T1] usbserial: USB Serial support registered for Handspring Visor / Palm OS
[   11.664244][    T1] usbserial: USB Serial support registered for Sony Clie 5.0
[   11.665169][    T1] usbserial: USB Serial support registered for Sony Clie 3.5
[   11.666261][    T1] usbcore: registered new interface driver wishbone_serial
[   11.667319][    T1] usbserial: USB Serial support registered for wishbone_serial
[   11.668402][    T1] usbcore: registered new interface driver whiteheat
[   11.669283][    T1] usbserial: USB Serial support registered for Connect Tech - WhiteHEAT - (prerenumeration)
[   11.670552][    T1] usbserial: USB Serial support registered for Connect Tech - WhiteHEAT
[   11.671650][    T1] usbcore: registered new interface driver xr_serial
[   11.672649][    T1] usbserial: USB Serial support registered for xr_serial
[   11.673667][    T1] usbcore: registered new interface driver xsens_mt
[   11.674670][    T1] usbserial: USB Serial support registered for xsens_mt
[   11.675746][    T1] usbcore: registered new interface driver adutux
[   11.676606][    T1] usbcore: registered new interface driver appledisplay
[   11.677617][    T1] usbcore: registered new interface driver cypress_cy7c63
[   11.678702][    T1] usbcore: registered new interface driver cytherm
[   11.679637][    T1] usbcore: registered new interface driver emi26 - firmware loader
[   11.680838][    T1] usbcore: registered new interface driver emi62 - firmware loader
[   11.681836][    T1] ftdi_elan: driver ftdi-elan
[   11.682604][    T1] usbcore: registered new interface driver ftdi-elan
[   11.683608][    T1] usbcore: registered new interface driver idmouse
[   11.684583][    T1] usbcore: registered new interface driver iowarrior
[   11.685507][    T1] usbcore: registered new interface driver isight_firmware
[   11.686525][    T1] usbcore: registered new interface driver usblcd
[   11.687475][    T1] usbcore: registered new interface driver ldusb
[   11.688392][    T1] usbcore: registered new interface driver legousbtower
[   11.689469][    T1] usbcore: registered new interface driver usbtest
[   11.690380][    T1] usbcore: registered new interface driver usb_ehset_test
[   11.691452][    T1] usbcore: registered new interface driver trancevibrator
[   11.692517][    T1] usbcore: registered new interface driver uss720
[   11.693330][    T1] uss720: USB Parport Cable driver for Cables using the Lucent Technologies USS720 Chip
[   11.694625][    T1] uss720: NOTE: this is a special purpose driver to allow nonstandard
[   11.695910][    T1] uss720: protocols (eg. bitbang) over USS720 usb to parallel cables
[   11.696987][    T1] uss720: If you just want to connect to a printer, use usblp instead
[   11.698242][    T1] usbcore: registered new interface driver usbsevseg
[   11.699257][    T1] usbcore: registered new interface driver yurex
[   11.700453][    T1] usbcore: registered new interface driver chaoskey
[   11.701363][    T1] usbcore: registered new interface driver sisusb
[   11.702297][    T1] usbcore: registered new interface driver lvs
[   11.703176][    T1] usbcore: registered new interface driver cxacru
[   11.704130][    T1] usbcore: registered new interface driver speedtch
[   11.705194][    T1] usbcore: registered new interface driver ueagle-atm
[   11.706130][    T1] xusbatm: malformed module parameters
[   11.707719][    T1] dummy_hcd dummy_hcd.0: USB Host+Gadget Emulator, driver 02 May 2005
[   11.708854][    T1] dummy_hcd dummy_hcd.0: Dummy host controller
[   11.710869][    T1] dummy_hcd dummy_hcd.0: new USB bus registered, assigned bus number 1
[   11.712640][    T1] usb usb1: New USB device found, idVendor=1d6b, idProduct=0002, bcdDevice= 6.01
[   11.713775][    T1] usb usb1: New USB device strings: Mfr=3, Product=2, SerialNumber=1
[   11.714741][    T1] usb usb1: Product: Dummy host controller
[   11.715487][    T1] usb usb1: Manufacturer: Linux 6.1.0-rc4-00013-gcd956d2594b0-dirty dummy_hcd
[   11.716558][    T1] usb usb1: SerialNumber: dummy_hcd.0
[   11.718991][    T1] hub 1-0:1.0: USB hub found
[   11.719763][    T1] hub 1-0:1.0: 1 port detected
[   11.724218][    T1] gadgetfs: USB Gadget filesystem, version 24 Aug 2004
[   11.727791][    T1] vhci_hcd vhci_hcd.0: USB/IP Virtual Host Controller
[   11.729428][    T1] vhci_hcd vhci_hcd.0: new USB bus registered, assigned bus number 2
[   11.730834][    T1] vhci_hcd: created sysfs vhci_hcd.0
[   11.731966][    T1] usb usb2: New USB device found, idVendor=1d6b, idProduct=0002, bcdDevice= 6.01
[   11.733296][    T1] usb usb2: New USB device strings: Mfr=3, Product=2, SerialNumber=1
[   11.734456][    T1] usb usb2: Product: USB/IP Virtual Host Controller
[   11.739347][    T9] sr 1:0:0:0: [sr0] scsi3-mmc drive: 4x/4x cd/rw xa/form2 tray
[   11.739587][    T1] usb usb2: Manufacturer: Linux 6.1.0-rc4-00013-gcd956d2594b0-dirty vhci_hcd
[   11.740297][    T9] cdrom: Uniform CD-ROM driver Revision: 3.20
[   11.741550][    T1] usb usb2: SerialNumber: vhci_hcd.0
[   11.744357][    T1] hub 2-0:1.0: USB hub found
[   11.745164][    T1] hub 2-0:1.0: 8 ports detected
[   11.750213][    T1] vhci_hcd vhci_hcd.0: USB/IP Virtual Host Controller
[   11.751552][    T1] vhci_hcd vhci_hcd.0: new USB bus registered, assigned bus number 3
[   11.752888][    T1] usb usb3: We don't know the algorithms for LPM for this host, disabling LPM.
[   11.754489][    T1] usb usb3: New USB device found, idVendor=1d6b, idProduct=0003, bcdDevice= 6.01
[   11.756794][    T1] usb usb3: New USB device strings: Mfr=3, Product=2, SerialNumber=1
[   11.757984][    T1] usb usb3: Product: USB/IP Virtual Host Controller
[   11.758944][    T1] usb usb3: Manufacturer: Linux 6.1.0-rc4-00013-gcd956d2594b0-dirty vhci_hcd
[   11.760220][    T1] usb usb3: SerialNumber: vhci_hcd.0
[   11.762070][    T1] hub 3-0:1.0: USB hub found
[   11.762830][    T1] hub 3-0:1.0: 8 ports detected
[   11.767799][    T1] vhci_hcd vhci_hcd.1: USB/IP Virtual Host Controller
[   11.769401][    T1] vhci_hcd vhci_hcd.1: new USB bus registered, assigned bus number 4
[   11.771088][    T1] usb usb4: New USB device found, idVendor=1d6b, idProduct=0002, bcdDevice= 6.01
[   11.771904][    T9] sr 1:0:0:0: Attached scsi generic sg0 type 5
[   11.772436][    T1] usb usb4: New USB device strings: Mfr=3, Product=2, SerialNumber=1
[   11.774369][    T1] usb usb4: Product: USB/IP Virtual Host Controller
[   11.775342][    T1] usb usb4: Manufacturer: Linux 6.1.0-rc4-00013-gcd956d2594b0-dirty vhci_hcd
[   11.776847][    T1] usb usb4: SerialNumber: vhci_hcd.1
[   11.778885][    T1] hub 4-0:1.0: USB hub found
[   11.779649][    T1] hub 4-0:1.0: 8 ports detected
[   11.783342][    T1] vhci_hcd vhci_hcd.1: USB/IP Virtual Host Controller
[   11.784731][    T1] vhci_hcd vhci_hcd.1: new USB bus registered, assigned bus number 5
[   11.786097][    T1] usb usb5: We don't know the algorithms for LPM for this host, disabling LPM.
[   11.787695][    T1] usb usb5: New USB device found, idVendor=1d6b, idProduct=0003, bcdDevice= 6.01
[   11.789061][    T1] usb usb5: New USB device strings: Mfr=3, Product=2, SerialNumber=1
[   11.790248][    T1] usb usb5: Product: USB/IP Virtual Host Controller
[   11.791205][    T1] usb usb5: Manufacturer: Linux 6.1.0-rc4-00013-gcd956d2594b0-dirty vhci_hcd
[   11.792487][    T1] usb usb5: SerialNumber: vhci_hcd.1
[   11.794400][    T1] hub 5-0:1.0: USB hub found
[   11.795147][    T1] hub 5-0:1.0: 8 ports detected
[   11.799570][    T1] vhci_hcd vhci_hcd.2: USB/IP Virtual Host Controller
[   11.800945][    T1] vhci_hcd vhci_hcd.2: new USB bus registered, assigned bus number 6
[   11.802489][    T1] usb usb6: New USB device found, idVendor=1d6b, idProduct=0002, bcdDevice= 6.01
[   11.803827][    T1] usb usb6: New USB device strings: Mfr=3, Product=2, SerialNumber=1
[   11.805023][    T1] usb usb6: Product: USB/IP Virtual Host Controller
[   11.806018][    T1] usb usb6: Manufacturer: Linux 6.1.0-rc4-00013-gcd956d2594b0-dirty vhci_hcd
[   11.807309][    T1] usb usb6: SerialNumber: vhci_hcd.2
[   11.809247][    T1] hub 6-0:1.0: USB hub found
[   11.810006][    T1] hub 6-0:1.0: 8 ports detected
[   11.813619][    T1] vhci_hcd vhci_hcd.2: USB/IP Virtual Host Controller
[   11.814961][    T1] vhci_hcd vhci_hcd.2: new USB bus registered, assigned bus number 7
[   11.816420][    T1] usb usb7: We don't know the algorithms for LPM for this host, disabling LPM.
[   11.818031][    T1] usb usb7: New USB device found, idVendor=1d6b, idProduct=0003, bcdDevice= 6.01
[   11.819380][    T1] usb usb7: New USB device strings: Mfr=3, Product=2, SerialNumber=1
[   11.820568][    T1] usb usb7: Product: USB/IP Virtual Host Controller
[   11.821541][    T1] usb usb7: Manufacturer: Linux 6.1.0-rc4-00013-gcd956d2594b0-dirty vhci_hcd
[   11.822813][    T1] usb usb7: SerialNumber: vhci_hcd.2
[   11.824703][    T1] hub 7-0:1.0: USB hub found
[   11.825503][    T1] hub 7-0:1.0: 8 ports detected
[   11.829813][    T1] vhci_hcd vhci_hcd.3: USB/IP Virtual Host Controller
[   11.831142][    T1] vhci_hcd vhci_hcd.3: new USB bus registered, assigned bus number 8
[   11.832669][    T1] usb usb8: New USB device found, idVendor=1d6b, idProduct=0002, bcdDevice= 6.01
[   11.833993][    T1] usb usb8: New USB device strings: Mfr=3, Product=2, SerialNumber=1
[   11.835154][    T1] usb usb8: Product: USB/IP Virtual Host Controller
[   11.836140][    T1] usb usb8: Manufacturer: Linux 6.1.0-rc4-00013-gcd956d2594b0-dirty vhci_hcd
[   11.837418][    T1] usb usb8: SerialNumber: vhci_hcd.3
[   11.839492][    T1] hub 8-0:1.0: USB hub found
[   11.840242][    T1] hub 8-0:1.0: 8 ports detected
[   11.843795][    T1] vhci_hcd vhci_hcd.3: USB/IP Virtual Host Controller
[   11.845152][    T1] vhci_hcd vhci_hcd.3: new USB bus registered, assigned bus number 9
[   11.846514][    T1] usb usb9: We don't know the algorithms for LPM for this host, disabling LPM.
[   11.848094][    T1] usb usb9: New USB device found, idVendor=1d6b, idProduct=0003, bcdDevice= 6.01
[   11.849418][    T1] usb usb9: New USB device strings: Mfr=3, Product=2, SerialNumber=1
[   11.850582][    T1] usb usb9: Product: USB/IP Virtual Host Controller
[   11.851525][    T1] usb usb9: Manufacturer: Linux 6.1.0-rc4-00013-gcd956d2594b0-dirty vhci_hcd
[   11.852793][    T1] usb usb9: SerialNumber: vhci_hcd.3
[   11.854640][    T1] hub 9-0:1.0: USB hub found
[   11.855437][    T1] hub 9-0:1.0: 8 ports detected
[   11.859858][    T1] vhci_hcd vhci_hcd.4: USB/IP Virtual Host Controller
[   11.861192][    T1] vhci_hcd vhci_hcd.4: new USB bus registered, assigned bus number 10
[   11.862732][    T1] usb usb10: New USB device found, idVendor=1d6b, idProduct=0002, bcdDevice= 6.01
[   11.864065][    T1] usb usb10: New USB device strings: Mfr=3, Product=2, SerialNumber=1
[   11.865251][    T1] usb usb10: Product: USB/IP Virtual Host Controller
[   11.866316][    T1] usb usb10: Manufacturer: Linux 6.1.0-rc4-00013-gcd956d2594b0-dirty vhci_hcd
[   11.867606][    T1] usb usb10: SerialNumber: vhci_hcd.4
[   11.869406][    T1] hub 10-0:1.0: USB hub found
[   11.870042][    T1] hub 10-0:1.0: 8 ports detected
[   11.873429][    T1] vhci_hcd vhci_hcd.4: USB/IP Virtual Host Controller
[   11.874567][    T1] vhci_hcd vhci_hcd.4: new USB bus registered, assigned bus number 11
[   11.875720][    T1] usb usb11: We don't know the algorithms for LPM for this host, disabling LPM.
[   11.877096][    T1] usb usb11: New USB device found, idVendor=1d6b, idProduct=0003, bcdDevice= 6.01
[   11.878201][    T1] usb usb11: New USB device strings: Mfr=3, Product=2, SerialNumber=1
[   11.879181][    T1] usb usb11: Product: USB/IP Virtual Host Controller
[   11.879991][    T1] usb usb11: Manufacturer: Linux 6.1.0-rc4-00013-gcd956d2594b0-dirty vhci_hcd
[   11.881058][    T1] usb usb11: SerialNumber: vhci_hcd.4
[   11.882713][    T1] hub 11-0:1.0: USB hub found
[   11.883361][    T1] hub 11-0:1.0: 8 ports detected
[   11.887586][    T1] vhci_hcd vhci_hcd.5: USB/IP Virtual Host Controller
[   11.888754][    T1] vhci_hcd vhci_hcd.5: new USB bus registered, assigned bus number 12
[   11.890071][    T1] usb usb12: New USB device found, idVendor=1d6b, idProduct=0002, bcdDevice= 6.01
[   11.891176][    T1] usb usb12: New USB device strings: Mfr=3, Product=2, SerialNumber=1
[   11.892161][    T1] usb usb12: Product: USB/IP Virtual Host Controller
[   11.892970][    T1] usb usb12: Manufacturer: Linux 6.1.0-rc4-00013-gcd956d2594b0-dirty vhci_hcd
[   11.894031][    T1] usb usb12: SerialNumber: vhci_hcd.5
[   11.895721][    T1] hub 12-0:1.0: USB hub found
[   11.896371][    T1] hub 12-0:1.0: 8 ports detected
[   11.899755][    T1] vhci_hcd vhci_hcd.5: USB/IP Virtual Host Controller
[   11.900970][    T1] vhci_hcd vhci_hcd.5: new USB bus registered, assigned bus number 13
[   11.902095][    T1] usb usb13: We don't know the algorithms for LPM for this host, disabling LPM.
[   11.903484][    T1] usb usb13: New USB device found, idVendor=1d6b, idProduct=0003, bcdDevice= 6.01
[   11.904602][    T1] usb usb13: New USB device strings: Mfr=3, Product=2, SerialNumber=1
[   11.905608][    T1] usb usb13: Product: USB/IP Virtual Host Controller
[   11.906411][    T1] usb usb13: Manufacturer: Linux 6.1.0-rc4-00013-gcd956d2594b0-dirty vhci_hcd
[   11.907468][    T1] usb usb13: SerialNumber: vhci_hcd.5
[   11.909271][    T1] hub 13-0:1.0: USB hub found
[   11.909913][    T1] hub 13-0:1.0: 8 ports detected
[   11.914093][    T1] vhci_hcd vhci_hcd.6: USB/IP Virtual Host Controller
[   11.915284][    T1] vhci_hcd vhci_hcd.6: new USB bus registered, assigned bus number 14
[   11.916648][    T1] usb usb14: New USB device found, idVendor=1d6b, idProduct=0002, bcdDevice= 6.01
[   11.917759][    T1] usb usb14: New USB device strings: Mfr=3, Product=2, SerialNumber=1
[   11.918738][    T1] usb usb14: Product: USB/IP Virtual Host Controller
[   11.919538][    T1] usb usb14: Manufacturer: Linux 6.1.0-rc4-00013-gcd956d2594b0-dirty vhci_hcd
[   11.920596][    T1] usb usb14: SerialNumber: vhci_hcd.6
[   11.922372][    T1] hub 14-0:1.0: USB hub found
[   11.923011][    T1] hub 14-0:1.0: 8 ports detected
[   11.926486][    T1] vhci_hcd vhci_hcd.6: USB/IP Virtual Host Controller
[   11.927680][    T1] vhci_hcd vhci_hcd.6: new USB bus registered, assigned bus number 15
[   11.928810][    T1] usb usb15: We don't know the algorithms for LPM for this host, disabling LPM.
[   11.930174][    T1] usb usb15: New USB device found, idVendor=1d6b, idProduct=0003, bcdDevice= 6.01
[   11.931278][    T1] usb usb15: New USB device strings: Mfr=3, Product=2, SerialNumber=1
[   11.932253][    T1] usb usb15: Product: USB/IP Virtual Host Controller
[   11.933052][    T1] usb usb15: Manufacturer: Linux 6.1.0-rc4-00013-gcd956d2594b0-dirty vhci_hcd
[   11.934104][    T1] usb usb15: SerialNumber: vhci_hcd.6
[   11.935906][    T1] hub 15-0:1.0: USB hub found
[   11.936563][    T1] hub 15-0:1.0: 8 ports detected
[   11.940876][    T1] vhci_hcd vhci_hcd.7: USB/IP Virtual Host Controller
[   11.942100][    T1] vhci_hcd vhci_hcd.7: new USB bus registered, assigned bus number 16
[   11.943433][    T1] usb usb16: New USB device found, idVendor=1d6b, idProduct=0002, bcdDevice= 6.01
[   11.944556][    T1] usb usb16: New USB device strings: Mfr=3, Product=2, SerialNumber=1
[   11.945570][    T1] usb usb16: Product: USB/IP Virtual Host Controller
[   11.946374][    T1] usb usb16: Manufacturer: Linux 6.1.0-rc4-00013-gcd956d2594b0-dirty vhci_hcd
[   11.947441][    T1] usb usb16: SerialNumber: vhci_hcd.7
[   11.949229][    T1] hub 16-0:1.0: USB hub found
[   11.949874][    T1] hub 16-0:1.0: 8 ports detected
[   11.953285][    T1] vhci_hcd vhci_hcd.7: USB/IP Virtual Host Controller
[   11.954480][    T1] vhci_hcd vhci_hcd.7: new USB bus registered, assigned bus number 17
[   11.955636][    T1] usb usb17: We don't know the algorithms for LPM for this host, disabling LPM.
[   11.956988][    T1] usb usb17: New USB device found, idVendor=1d6b, idProduct=0003, bcdDevice= 6.01
[   11.958095][    T1] usb usb17: New USB device strings: Mfr=3, Product=2, SerialNumber=1
[   11.959065][    T1] usb usb17: Product: USB/IP Virtual Host Controller
[   11.959867][    T1] usb usb17: Manufacturer: Linux 6.1.0-rc4-00013-gcd956d2594b0-dirty vhci_hcd
[   11.960933][    T1] usb usb17: SerialNumber: vhci_hcd.7
[   11.962758][    T1] hub 17-0:1.0: USB hub found
[   11.963403][    T1] hub 17-0:1.0: 8 ports detected
[   11.967711][    T1] vhci_hcd vhci_hcd.8: USB/IP Virtual Host Controller
[   11.969163][    T1] vhci_hcd vhci_hcd.8: new USB bus registered, assigned bus number 18
[   11.970497][    T1] usb usb18: New USB device found, idVendor=1d6b, idProduct=0002, bcdDevice= 6.01
[   11.971621][    T1] usb usb18: New USB device strings: Mfr=3, Product=2, SerialNumber=1
[   11.972600][    T1] usb usb18: Product: USB/IP Virtual Host Controller
[   11.973400][    T1] usb usb18: Manufacturer: Linux 6.1.0-rc4-00013-gcd956d2594b0-dirty vhci_hcd
[   11.974470][    T1] usb usb18: SerialNumber: vhci_hcd.8
[   11.976460][    T1] hub 18-0:1.0: USB hub found
[   11.977390][    T1] hub 18-0:1.0: 8 ports detected
[   11.980805][    T1] vhci_hcd vhci_hcd.8: USB/IP Virtual Host Controller
[   11.981959][    T1] vhci_hcd vhci_hcd.8: new USB bus registered, assigned bus number 19
[   11.983078][    T1] usb usb19: We don't know the algorithms for LPM for this host, disabling LPM.
[   11.984448][    T1] usb usb19: New USB device found, idVendor=1d6b, idProduct=0003, bcdDevice= 6.01
[   11.985584][    T1] usb usb19: New USB device strings: Mfr=3, Product=2, SerialNumber=1
[   11.986552][    T1] usb usb19: Product: USB/IP Virtual Host Controller
[   11.987348][    T1] usb usb19: Manufacturer: Linux 6.1.0-rc4-00013-gcd956d2594b0-dirty vhci_hcd
[   11.988416][    T1] usb usb19: SerialNumber: vhci_hcd.8
[   11.990104][    T1] hub 19-0:1.0: USB hub found
[   11.990756][    T1] hub 19-0:1.0: 8 ports detected
[   11.994943][    T1] vhci_hcd vhci_hcd.9: USB/IP Virtual Host Controller
[   11.996138][    T1] vhci_hcd vhci_hcd.9: new USB bus registered, assigned bus number 20
[   11.997454][    T1] usb usb20: New USB device found, idVendor=1d6b, idProduct=0002, bcdDevice= 6.01
[   11.998547][    T1] usb usb20: New USB device strings: Mfr=3, Product=2, SerialNumber=1
[   11.999526][    T1] usb usb20: Product: USB/IP Virtual Host Controller
[   12.000331][    T1] usb usb20: Manufacturer: Linux 6.1.0-rc4-00013-gcd956d2594b0-dirty vhci_hcd
[   12.001390][    T1] usb usb20: SerialNumber: vhci_hcd.9
[   12.003094][    T1] hub 20-0:1.0: USB hub found
[   12.003740][    T1] hub 20-0:1.0: 8 ports detected
[   12.007277][    T1] vhci_hcd vhci_hcd.9: USB/IP Virtual Host Controller
[   12.008443][    T1] vhci_hcd vhci_hcd.9: new USB bus registered, assigned bus number 21
[   12.009564][    T1] usb usb21: We don't know the algorithms for LPM for this host, disabling LPM.
[   12.010938][    T1] usb usb21: New USB device found, idVendor=1d6b, idProduct=0003, bcdDevice= 6.01
[   12.012039][    T1] usb usb21: New USB device strings: Mfr=3, Product=2, SerialNumber=1
[   12.013025][    T1] usb usb21: Product: USB/IP Virtual Host Controller
[   12.013821][    T1] usb usb21: Manufacturer: Linux 6.1.0-rc4-00013-gcd956d2594b0-dirty vhci_hcd
[   12.014873][    T1] usb usb21: SerialNumber: vhci_hcd.9
[   12.016711][    T1] hub 21-0:1.0: USB hub found
[   12.017353][    T1] hub 21-0:1.0: 8 ports detected
[   12.021600][    T1] vhci_hcd vhci_hcd.10: USB/IP Virtual Host Controller
[   12.022775][    T1] vhci_hcd vhci_hcd.10: new USB bus registered, assigned bus number 22
[   12.024106][    T1] usb usb22: New USB device found, idVendor=1d6b, idProduct=0002, bcdDevice= 6.01
[   12.025216][    T1] usb usb22: New USB device strings: Mfr=3, Product=2, SerialNumber=1
[   12.026245][    T1] usb usb22: Product: USB/IP Virtual Host Controller
[   12.027052][    T1] usb usb22: Manufacturer: Linux 6.1.0-rc4-00013-gcd956d2594b0-dirty vhci_hcd
[   12.028112][    T1] usb usb22: SerialNumber: vhci_hcd.10
[   12.029877][    T1] hub 22-0:1.0: USB hub found
[   12.030529][    T1] hub 22-0:1.0: 8 ports detected
[   12.033977][    T1] vhci_hcd vhci_hcd.10: USB/IP Virtual Host Controller
[   12.035157][    T1] vhci_hcd vhci_hcd.10: new USB bus registered, assigned bus number 23
[   12.036348][    T1] usb usb23: We don't know the algorithms for LPM for this host, disabling LPM.
[   12.037714][    T1] usb usb23: New USB device found, idVendor=1d6b, idProduct=0003, bcdDevice= 6.01
[   12.038821][    T1] usb usb23: New USB device strings: Mfr=3, Product=2, SerialNumber=1
[   12.039799][    T1] usb usb23: Product: USB/IP Virtual Host Controller
[   12.040600][    T1] usb usb23: Manufacturer: Linux 6.1.0-rc4-00013-gcd956d2594b0-dirty vhci_hcd
[   12.041662][    T1] usb usb23: SerialNumber: vhci_hcd.10
[   12.043359][    T1] hub 23-0:1.0: USB hub found
[   12.044011][    T1] hub 23-0:1.0: 8 ports detected
[   12.048300][    T1] vhci_hcd vhci_hcd.11: USB/IP Virtual Host Controller
[   12.049486][    T1] vhci_hcd vhci_hcd.11: new USB bus registered, assigned bus number 24
[   12.051029][    T1] usb usb24: New USB device found, idVendor=1d6b, idProduct=0002, bcdDevice= 6.01
[   12.052137][    T1] usb usb24: New USB device strings: Mfr=3, Product=2, SerialNumber=1
[   12.053118][    T1] usb usb24: Product: USB/IP Virtual Host Controller
[   12.053919][    T1] usb usb24: Manufacturer: Linux 6.1.0-rc4-00013-gcd956d2594b0-dirty vhci_hcd
[   12.054977][    T1] usb usb24: SerialNumber: vhci_hcd.11
[   12.056718][    T1] hub 24-0:1.0: USB hub found
[   12.057362][    T1] hub 24-0:1.0: 8 ports detected
[   12.060757][    T1] vhci_hcd vhci_hcd.11: USB/IP Virtual Host Controller
[   12.061966][    T1] vhci_hcd vhci_hcd.11: new USB bus registered, assigned bus number 25
[   12.063093][    T1] usb usb25: We don't know the algorithms for LPM for this host, disabling LPM.
[   12.064463][    T1] usb usb25: New USB device found, idVendor=1d6b, idProduct=0003, bcdDevice= 6.01
[   12.065609][    T1] usb usb25: New USB device strings: Mfr=3, Product=2, SerialNumber=1
[   12.066593][    T1] usb usb25: Product: USB/IP Virtual Host Controller
[   12.067391][    T1] usb usb25: Manufacturer: Linux 6.1.0-rc4-00013-gcd956d2594b0-dirty vhci_hcd
[   12.068458][    T1] usb usb25: SerialNumber: vhci_hcd.11
[   12.070150][    T1] hub 25-0:1.0: USB hub found
[   12.070799][    T1] hub 25-0:1.0: 8 ports detected
[   12.074975][    T1] vhci_hcd vhci_hcd.12: USB/IP Virtual Host Controller
[   12.076276][    T1] vhci_hcd vhci_hcd.12: new USB bus registered, assigned bus number 26
[   12.077625][    T1] usb usb26: New USB device found, idVendor=1d6b, idProduct=0002, bcdDevice= 6.01
[   12.078709][    T1] usb usb26: New USB device strings: Mfr=3, Product=2, SerialNumber=1
[   12.079666][    T1] usb usb26: Product: USB/IP Virtual Host Controller
[   12.080470][    T1] usb usb26: Manufacturer: Linux 6.1.0-rc4-00013-gcd956d2594b0-dirty vhci_hcd
[   12.081529][    T1] usb usb26: SerialNumber: vhci_hcd.12
[   12.083227][    T1] hub 26-0:1.0: USB hub found
[   12.083867][    T1] hub 26-0:1.0: 8 ports detected
[   12.087317][    T1] vhci_hcd vhci_hcd.12: USB/IP Virtual Host Controller
[   12.088484][    T1] vhci_hcd vhci_hcd.12: new USB bus registered, assigned bus number 27
[   12.089615][    T1] usb usb27: We don't know the algorithms for LPM for this host, disabling LPM.
[   12.090989][    T1] usb usb27: New USB device found, idVendor=1d6b, idProduct=0003, bcdDevice= 6.01
[   12.092098][    T1] usb usb27: New USB device strings: Mfr=3, Product=2, SerialNumber=1
[   12.093077][    T1] usb usb27: Product: USB/IP Virtual Host Controller
[   12.093884][    T1] usb usb27: Manufacturer: Linux 6.1.0-rc4-00013-gcd956d2594b0-dirty vhci_hcd
[   12.094939][    T1] usb usb27: SerialNumber: vhci_hcd.12
[   12.096633][    T1] hub 27-0:1.0: USB hub found
[   12.097275][    T1] hub 27-0:1.0: 8 ports detected
[   12.101449][    T1] vhci_hcd vhci_hcd.13: USB/IP Virtual Host Controller
[   12.102606][    T1] vhci_hcd vhci_hcd.13: new USB bus registered, assigned bus number 28
[   12.103930][    T1] usb usb28: New USB device found, idVendor=1d6b, idProduct=0002, bcdDevice= 6.01
[   12.105031][    T1] usb usb28: New USB device strings: Mfr=3, Product=2, SerialNumber=1
[   12.106041][    T1] usb usb28: Product: USB/IP Virtual Host Controller
[   12.106852][    T1] usb usb28: Manufacturer: Linux 6.1.0-rc4-00013-gcd956d2594b0-dirty vhci_hcd
[   12.107914][    T1] usb usb28: SerialNumber: vhci_hcd.13
[   12.109872][    T1] hub 28-0:1.0: USB hub found
[   12.110513][    T1] hub 28-0:1.0: 8 ports detected
[   12.113939][    T1] vhci_hcd vhci_hcd.13: USB/IP Virtual Host Controller
[   12.115139][    T1] vhci_hcd vhci_hcd.13: new USB bus registered, assigned bus number 29
[   12.116517][    T1] usb usb29: We don't know the algorithms for LPM for this host, disabling LPM.
[   12.117893][    T1] usb usb29: New USB device found, idVendor=1d6b, idProduct=0003, bcdDevice= 6.01
[   12.119010][    T1] usb usb29: New USB device strings: Mfr=3, Product=2, SerialNumber=1
[   12.119993][    T1] usb usb29: Product: USB/IP Virtual Host Controller
[   12.120800][    T1] usb usb29: Manufacturer: Linux 6.1.0-rc4-00013-gcd956d2594b0-dirty vhci_hcd
[   12.121859][    T1] usb usb29: SerialNumber: vhci_hcd.13
[   12.123622][    T1] hub 29-0:1.0: USB hub found
[   12.124270][    T1] hub 29-0:1.0: 8 ports detected
[   12.128488][    T1] vhci_hcd vhci_hcd.14: USB/IP Virtual Host Controller
[   12.129694][    T1] vhci_hcd vhci_hcd.14: new USB bus registered, assigned bus number 30
[   12.131030][    T1] usb usb30: New USB device found, idVendor=1d6b, idProduct=0002, bcdDevice= 6.01
[   12.132135][    T1] usb usb30: New USB device strings: Mfr=3, Product=2, SerialNumber=1
[   12.133135][    T1] usb usb30: Product: USB/IP Virtual Host Controller
[   12.133930][    T1] usb usb30: Manufacturer: Linux 6.1.0-rc4-00013-gcd956d2594b0-dirty vhci_hcd
[   12.134986][    T1] usb usb30: SerialNumber: vhci_hcd.14
[   12.136765][    T1] hub 30-0:1.0: USB hub found
[   12.137418][    T1] hub 30-0:1.0: 8 ports detected
[   12.140849][    T1] vhci_hcd vhci_hcd.14: USB/IP Virtual Host Controller
[   12.142034][    T1] vhci_hcd vhci_hcd.14: new USB bus registered, assigned bus number 31
[   12.143163][    T1] usb usb31: We don't know the algorithms for LPM for this host, disabling LPM.
[   12.144528][    T1] usb usb31: New USB device found, idVendor=1d6b, idProduct=0003, bcdDevice= 6.01
[   12.145664][    T1] usb usb31: New USB device strings: Mfr=3, Product=2, SerialNumber=1
[   12.146641][    T1] usb usb31: Product: USB/IP Virtual Host Controller
[   12.147443][    T1] usb usb31: Manufacturer: Linux 6.1.0-rc4-00013-gcd956d2594b0-dirty vhci_hcd
[   12.148499][    T1] usb usb31: SerialNumber: vhci_hcd.14
[   12.150266][    T1] hub 31-0:1.0: USB hub found
[   12.150912][    T1] hub 31-0:1.0: 8 ports detected
[   12.155226][    T1] vhci_hcd vhci_hcd.15: USB/IP Virtual Host Controller
[   12.156444][    T1] vhci_hcd vhci_hcd.15: new USB bus registered, assigned bus number 32
[   12.157765][    T1] usb usb32: New USB device found, idVendor=1d6b, idProduct=0002, bcdDevice= 6.01
[   12.158869][    T1] usb usb32: New USB device strings: Mfr=3, Product=2, SerialNumber=1
[   12.159851][    T1] usb usb32: Product: USB/IP Virtual Host Controller
[   12.160658][    T1] usb usb32: Manufacturer: Linux 6.1.0-rc4-00013-gcd956d2594b0-dirty vhci_hcd
[   12.161712][    T1] usb usb32: SerialNumber: vhci_hcd.15
[   12.163462][    T1] hub 32-0:1.0: USB hub found
[   12.164111][    T1] hub 32-0:1.0: 8 ports detected
[   12.167608][    T1] vhci_hcd vhci_hcd.15: USB/IP Virtual Host Controller
[   12.168814][    T1] vhci_hcd vhci_hcd.15: new USB bus registered, assigned bus number 33
[   12.169943][    T1] usb usb33: We don't know the algorithms for LPM for this host, disabling LPM.
[   12.171306][    T1] usb usb33: New USB device found, idVendor=1d6b, idProduct=0003, bcdDevice= 6.01
[   12.172426][    T1] usb usb33: New USB device strings: Mfr=3, Product=2, SerialNumber=1
[   12.173399][    T1] usb usb33: Product: USB/IP Virtual Host Controller
[   12.174195][    T1] usb usb33: Manufacturer: Linux 6.1.0-rc4-00013-gcd956d2594b0-dirty vhci_hcd
[   12.175250][    T1] usb usb33: SerialNumber: vhci_hcd.15
[   12.177029][    T1] hub 33-0:1.0: USB hub found
[   12.177669][    T1] hub 33-0:1.0: 8 ports detected
[   12.182003][    T1] usbcore: registered new device driver usbip-host
[   12.184305][    T1] i8042: PNP: PS/2 Controller [PNP0303:KBD,PNP0f13:MOU] at 0x60,0x64 irq 1,12
[   12.187670][    T1] serio: i8042 KBD port at 0x60,0x64 irq 1
[   12.189306][    T1] serio: i8042 AUX port at 0x60,0x64 irq 12
[   12.191213][    T1] mousedev: PS/2 mouse device common for all mice
[   12.192726][    T1] usbcore: registered new interface driver appletouch
[   12.193704][    T1] usbcore: registered new interface driver bcm5974
[   12.194812][    T1] usbcore: registered new interface driver synaptics_usb
[   12.195801][    T1] usbcore: registered new interface driver iforce
[   12.196789][    T1] usbcore: registered new interface driver xpad
[   12.197643][    T1] usbcore: registered new interface driver usb_acecad
[   12.198569][    T1] usbcore: registered new interface driver aiptek
[   12.199443][    T1] usbcore: registered new interface driver hanwang
[   12.200331][    T1] usbcore: registered new interface driver kbtab
[   12.201197][    T1] usbcore: registered new interface driver pegasus_notetaker
[   12.202240][    T1] usbcore: registered new interface driver usbtouchscreen
[   12.203216][    T1] usbcore: registered new interface driver sur40
[   12.204117][    T1] usbcore: registered new interface driver ati_remote2
[   12.204946][    T1] cm109: Keymap for Komunikate KIP1000 phone loaded
[   12.206833][   T14] input: AT Translated Set 2 keyboard as /devices/platform/i8042/serio0/input/input1
[   12.212084][    T1] usbcore: registered new interface driver cm109
[   12.212928][    T1] cm109: CM109 phone driver: 20080805 (C) Alfred E. Heggestad
[   12.214426][    T1] usbcore: registered new interface driver ims_pcu
[   12.215817][    T1] usbcore: registered new interface driver keyspan_remote
[   12.216856][    T1] usbcore: registered new interface driver powermate
[   12.218027][    T1] usbcore: registered new interface driver yealink
[   12.219330][    T1] rtc_cmos 00:05: RTC can wake from S4
[   12.222509][    T1] rtc_cmos 00:05: registered as rtc0
[   12.223157][    T1] rtc_cmos 00:05: alarms up to one day, y3k, 242 bytes nvram, hpet irqs
[   12.224449][    T1] i2c_dev: i2c /dev entries driver
[   12.226128][    T1] usbcore: registered new interface driver i2c-diolan-u2c
[   12.227159][    T1] usbcore: registered new interface driver RobotFuzz Open Source InterFace, OSIF
[   12.228364][    T1] usbcore: registered new interface driver i2c-tiny-usb
[   12.229882][    T1] usbcore: registered new interface driver igorplugusb
[   12.230813][    T1] usbcore: registered new interface driver iguanair
[   12.231751][    T1] usbcore: registered new interface driver imon
[   12.232663][    T1] usbcore: registered new interface driver mceusb
[   12.233549][    T1] usbcore: registered new interface driver redrat3
[   12.234429][    T1] usbcore: registered new interface driver streamzap
[   12.235340][    T1] usbcore: registered new interface driver ttusbir
[   12.237783][    T1] usbcore: registered new interface driver ati_remote
[   12.238870][    T1] b2c2-flexcop: B2C2 FlexcopII/II(b)/III digital TV receiver chip loaded successfully
[   12.240224][    T1] usbcore: registered new interface driver b2c2_flexcop_usb
[   12.241243][    T1] usbcore: registered new interface driver dvb_usb_vp7045
[   12.242220][    T1] usbcore: registered new interface driver dvb_usb_vp702x
[   12.243201][    T1] usbcore: registered new interface driver dvb_usb_gp8psk
[   12.244191][    T1] usbcore: registered new interface driver dvb_usb_dtt200u
[   12.245182][    T1] usbcore: registered new interface driver dvb_usb_a800
[   12.246888][    T1] usbcore: registered new interface driver dvb_usb_dibusb_mb
[   12.247911][    T1] usbcore: registered new interface driver dvb_usb_dibusb_mc
[   12.248936][    T1] usbcore: registered new interface driver dvb_usb_nova_t_usb2
[   12.249969][    T1] usbcore: registered new interface driver dvb_usb_umt_010
[   12.250964][    T1] usbcore: registered new interface driver dvb_usb_m920x
[   12.251960][    T1] usbcore: registered new interface driver dvb_usb_digitv
[   12.252967][    T1] usbcore: registered new interface driver dvb_usb_cxusb
[   12.253936][    T1] usbcore: registered new interface driver dvb_usb_ttusb2
[   12.254986][    T1] usbcore: registered new interface driver dvb_usb_dib0700
[   12.256719][    T1] usbcore: registered new interface driver opera1
[   12.257634][    T1] usbcore: registered new interface driver dvb_usb_af9005
[   12.258621][    T1] usbcore: registered new interface driver pctv452e
[   12.259561][    T1] usbcore: registered new interface driver dw2102
[   12.260475][    T1] usbcore: registered new interface driver dvb_usb_dtv5100
[   12.261465][    T1] usbcore: registered new interface driver cinergyT2
[   12.262400][    T1] usbcore: registered new interface driver dvb_usb_az6027
[   12.263382][    T1] usbcore: registered new interface driver dvb_usb_technisat_usb2
[   12.264475][    T1] usbcore: registered new interface driver dvb_usb_af9015
[   12.265512][    T1] usbcore: registered new interface driver dvb_usb_af9035
[   12.266715][    T1] usbcore: registered new interface driver dvb_usb_anysee
[   12.267682][    T1] usbcore: registered new interface driver dvb_usb_au6610
[   12.268661][    T1] usbcore: registered new interface driver dvb_usb_az6007
[   12.269640][    T1] usbcore: registered new interface driver dvb_usb_ce6230
[   12.270621][    T1] usbcore: registered new interface driver dvb_usb_ec168
[   12.271581][    T1] usbcore: registered new interface driver dvb_usb_lmedm04
[   12.272574][    T1] usbcore: registered new interface driver dvb_usb_gl861
[   12.273562][    T1] usbcore: registered new interface driver dvb_usb_mxl111sf
[   12.274594][    T1] usbcore: registered new interface driver dvb_usb_rtl28xxu
[   12.275650][    T1] usbcore: registered new interface driver dvb_usb_dvbsky
[   12.276633][    T1] usbcore: registered new interface driver zd1301
[   12.277535][    T1] usbcore: registered new interface driver s2255
[   12.278429][    T1] usbcore: registered new interface driver smsusb
[   12.279333][    T1] usbcore: registered new interface driver ttusb
[   12.280225][    T1] usbcore: registered new interface driver ttusb-dec
[   12.281162][    T1] usbcore: registered new interface driver Abilis Systems as10x usb driver
[   12.282298][    T1] usbcore: registered new interface driver airspy
[   12.283066][    T1] gspca_main: v2.14.0 registered
[   12.283758][    T1] usbcore: registered new interface driver benq
[   12.284619][    T1] usbcore: registered new interface driver conex
[   12.285515][    T1] usbcore: registered new interface driver cpia1
[   12.286386][    T1] usbcore: registered new interface driver dtcs033
[   12.287279][    T1] usbcore: registered new interface driver etoms
[   12.288167][    T1] usbcore: registered new interface driver finepix
[   12.289065][    T1] usbcore: registered new interface driver jeilinj
[   12.289959][    T1] usbcore: registered new interface driver jl2005bcd
[   12.290898][    T1] usbcore: registered new interface driver kinect
[   12.291781][    T1] usbcore: registered new interface driver konica
[   12.292660][    T1] usbcore: registered new interface driver mars
[   12.293546][    T1] usbcore: registered new interface driver mr97310a
[   12.294465][    T1] usbcore: registered new interface driver nw80x
[   12.295378][    T1] usbcore: registered new interface driver ov519
[   12.296367][    T1] usbcore: registered new interface driver ov534
[   12.297233][    T1] usbcore: registered new interface driver ov534_9
[   12.298171][    T1] usbcore: registered new interface driver pac207
[   12.299070][    T1] usbcore: registered new interface driver gspca_pac7302
[   12.300021][    T1] usbcore: registered new interface driver pac7311
[   12.300921][    T1] usbcore: registered new interface driver se401
[   12.301790][    T1] usbcore: registered new interface driver sn9c2028
[   12.302726][    T1] usbcore: registered new interface driver gspca_sn9c20x
[   12.303699][    T1] usbcore: registered new interface driver sonixb
[   12.304859][    T1] usbcore: registered new interface driver sonixj
[   12.305777][    T1] usbcore: registered new interface driver spca500
[   12.306663][    T1] usbcore: registered new interface driver spca501
[   12.307562][    T1] usbcore: registered new interface driver spca505
[   12.308460][    T1] usbcore: registered new interface driver spca506
[   12.309356][    T1] usbcore: registered new interface driver spca508
[   12.310262][    T1] usbcore: registered new interface driver spca561
[   12.311141][    T1] usbcore: registered new interface driver spca1528
[   12.312038][    T1] usbcore: registered new interface driver sq905
[   12.312919][    T1] usbcore: registered new interface driver sq905c
[   12.313799][    T1] usbcore: registered new interface driver sq930x
[   12.314728][    T1] usbcore: registered new interface driver sunplus
[   12.315636][    T1] usbcore: registered new interface driver stk014
[   12.316521][    T1] usbcore: registered new interface driver stk1135
[   12.317404][    T1] usbcore: registered new interface driver stv0680
[   12.318286][    T1] usbcore: registered new interface driver t613
[   12.319154][    T1] usbcore: registered new interface driver gspca_topro
[   12.320076][    T1] usbcore: registered new interface driver touptek
[   12.320971][    T1] usbcore: registered new interface driver tv8532
[   12.321852][    T1] usbcore: registered new interface driver vc032x
[   12.322728][    T1] usbcore: registered new interface driver vicam
[   12.323623][    T1] usbcore: registered new interface driver xirlink-cit
[   12.324640][    T1] usbcore: registered new interface driver gspca_zc3xx
[   12.325614][    T1] usbcore: registered new interface driver ALi m5602
[   12.326550][    T1] usbcore: registered new interface driver STV06xx
[   12.327466][    T1] usbcore: registered new interface driver gspca_gl860
[   12.328425][    T1] usbcore: registered new interface driver hackrf
[   12.329376][    T1] usbcore: registered new interface driver msi2500
[   12.330312][    T1] usbcore: registered new interface driver Philips webcam
[   12.331404][    T1] usbcore: registered new interface driver uvcvideo
[   12.332201][    T1] au0828: au0828 driver loaded
[   12.332927][    T1] usbcore: registered new interface driver au0828
[   12.333860][    T1] usbcore: registered new interface driver cx231xx
[   12.334909][    T1] usbcore: registered new interface driver em28xx
[   12.335731][    T1] em28xx: Registered (Em28xx v4l2 Extension) extension
[   12.336563][    T1] em28xx: Registered (Em28xx Audio Extension) extension
[   12.337399][    T1] em28xx: Registered (Em28xx dvb Extension) extension
[   12.338204][    T1] em28xx: Registered (Em28xx Input Extension) extension
[   12.339188][    T1] usbcore: registered new interface driver go7007
[   12.340070][    T1] usbcore: registered new interface driver go7007-loader
[   12.341122][    T1] usbcore: registered new interface driver hdpvr
[   12.342219][    T1] usbcore: registered new interface driver pvrusb2
[   12.342999][    T1] pvrusb2: V4L in-tree version:Hauppauge WinTV-PVR-USB2 MPEG2 Encoder/Tuner
[   12.344023][    T1] pvrusb2: Debug mask is 31 (0x1f)
[   12.344787][    T1] usbcore: registered new interface driver stk1160
[   12.345758][    T1] usbcore: registered new interface driver usbtv
[   12.347834][    T1] dvbdev: DVB: registering new adapter (dvb_vidtv_bridge)
[   12.350599][    T1] i2c i2c-0: DVB: registering adapter 0 frontend 0 (Dummy demod for DVB-T/T2/C/S/S2)...
[   12.351921][    T1] dvbdev: dvb_create_media_entity: media entity 'Dummy demod for DVB-T/T2/C/S/S2' registered.
[   12.356663][    T1] dvbdev: dvb_create_media_entity: media entity 'dvb-demux' registered.
[   12.360294][    T1] vidtv vidtv.0: Successfully initialized vidtv!
[   12.361761][    T1] vicodec vicodec.0: Device 'stateful-encoder' registered as /dev/video0
[   12.363247][    T1] vicodec vicodec.0: Device 'stateful-decoder' registered as /dev/video1
[   12.364539][    T1] vicodec vicodec.0: Device 'stateless-decoder' registered as /dev/video2
[   12.366401][    T1] vim2m vim2m.0: Device registered as /dev/video0
[   12.375452][    T1] vivid-000: using single planar format API
[   12.382597][    T1] vivid-000: CEC adapter cec0 registered for HDMI input 0
[   12.383974][    T1] vivid-000: V4L2 capture device registered as video7
[   12.385288][    T1] vivid-000: CEC adapter cec1 registered for HDMI output 0
[   12.387399][    T1] vivid-000: V4L2 output device registered as video8
[   12.388842][    T1] vivid-000: V4L2 capture device registered as vbi0, supports raw and sliced VBI
[   12.390598][    T1] vivid-000: V4L2 output device registered as vbi1, supports raw and sliced VBI
[   12.392396][    T1] vivid-000: V4L2 capture device registered as swradio0
[   12.393906][    T1] vivid-000: V4L2 receiver device registered as radio0
[   12.395445][    T1] vivid-000: V4L2 transmitter device registered as radio1
[   12.396894][    T1] vivid-000: V4L2 metadata capture device registered as video9
[   12.398164][    T1] vivid-000: V4L2 metadata output device registered as video10
[   12.399418][    T1] vivid-000: V4L2 touch capture device registered as v4l-touch0
[   12.401515][    T1] usbcore: registered new interface driver radioshark2
[   12.402568][    T1] usbcore: registered new interface driver radioshark
[   12.403641][    T1] usbcore: registered new interface driver radio-si470x
[   12.404865][    T1] usbcore: registered new interface driver radio-usb-si4713
[   12.406263][    T1] usbcore: registered new interface driver dsbr100
[   12.407269][    T1] usbcore: registered new interface driver radio-keene
[   12.408347][    T1] usbcore: registered new interface driver radio-ma901
[   12.409414][    T1] usbcore: registered new interface driver radio-mr800
[   12.410453][    T1] usbcore: registered new interface driver radio-raremono
[   12.412319][    T1] usbcore: registered new interface driver pcwd_usb
[   12.414416][    T1] device-mapper: core: CONFIG_IMA_DISABLE_HTABLE is disabled. Duplicate IMA measurements will not be recorded in the IMA log.
[   12.417777][    T1] device-mapper: uevent: version 1.0.3
[   12.419277][    T1] device-mapper: ioctl: 4.47.0-ioctl (2022-07-28) initialised: dm-devel@redhat.com
[   12.421278][    T1] device-mapper: multipath round-robin: version 1.2.0 loaded
[   12.422172][    T1] device-mapper: multipath queue-length: version 0.2.0 loaded
[   12.423063][    T1] device-mapper: multipath service-time: version 0.3.0 loaded
[   12.424356][    T1] device-mapper: raid: Loading target version 1.15.1
[   12.426256][    T1] Bluetooth: HCI UART driver ver 2.3
[   12.426898][    T1] Bluetooth: HCI UART protocol H4 registered
[   12.427658][    T1] Bluetooth: HCI UART protocol BCSP registered
[   12.429036][    T1] Bluetooth: HCI UART protocol LL registered
[   12.430260][    T1] Bluetooth: HCI UART protocol Three-wire (H5) registered
[   12.431332][    T1] Bluetooth: HCI UART protocol QCA registered
[   12.432064][    T1] Bluetooth: HCI UART protocol AG6XX registered
[   12.432979][    T1] Bluetooth: HCI UART protocol Marvell registered
[   12.434034][    T1] usbcore: registered new interface driver bcm203x
[   12.435048][    T1] usbcore: registered new interface driver bpa10x
[   12.436116][    T1] usbcore: registered new interface driver bfusb
[   12.437157][    T1] usbcore: registered new interface driver btusb
[   12.438201][    T1] usbcore: registered new interface driver ath3k
[   12.439557][    T1] CAPI 2.0 started up with major 68 (middleware)
[   12.440333][    T1] Modular ISDN core version 1.1.29
[   12.441452][    T1] NET: Registered PF_ISDN protocol family
[   12.442151][    T1] DSP module 2.0
[   12.442576][    T1] mISDN_dsp: DSP clocks every 80 samples. This equals 1 jiffies.
[   12.451976][    T1] mISDN: Layer-1-over-IP driver Rev. 2.00
[   12.453135][    T1] 0 virtual devices registered
[   12.454016][    T1] usbcore: registered new interface driver HFC-S_USB
[   12.454822][    T1] VUB300 Driver rom wait states = 1C irqpoll timeout = 0400
[   12.455666][    T1] usbcore: registered new interface driver vub300
[   12.457545][    T1] usbcore: registered new interface driver ushc
[   12.461762][    T1] iscsi: registered transport (iser)
[   12.463118][    T1] SoftiWARP attached
[   12.463773][    T1] Driver 'memconsole' was unable to register with bus_type 'coreboot' because the bus was not initialized.
[   12.465147][    T1] Driver 'vpd' was unable to register with bus_type 'coreboot' because the bus was not initialized.
[   12.472813][    T1] hid: raw HID events driver (C) Jiri Kosina
[   12.495014][    T1] usbcore: registered new interface driver usbhid
[   12.495948][    T1] usbhid: USB HID core driver
[   12.498183][    T1] usbcore: registered new interface driver es2_ap_driver
[   12.499031][    T1] comedi: version 0.7.76 - http://www.comedi.org
[   12.500245][    T1] usbcore: registered new interface driver dt9812
[   12.501260][    T1] usbcore: registered new interface driver ni6501
[   12.502265][    T1] usbcore: registered new interface driver usbdux
[   12.503234][    T1] usbcore: registered new interface driver usbduxfast
[   12.504269][    T1] usbcore: registered new interface driver usbduxsigma
[   12.505574][    T1] usbcore: registered new interface driver vmk80xx
[   12.506665][    T1] usbcore: registered new interface driver prism2_usb
[   12.507970][    T1] usbcore: registered new interface driver r8712u
[   12.508911][    T1] greybus: registered new driver hid
[   12.509878][    T1] greybus: registered new driver gbphy
[   12.510735][    T1] gb_gbphy: registered new driver usb
[   12.511372][    T1] asus_wmi: ASUS WMI generic driver loaded
[   12.543988][    T1] usbcore: registered new interface driver snd-usb-audio
[   12.545039][    T1] usbcore: registered new interface driver snd-ua101
[   12.546074][    T1] usbcore: registered new interface driver snd-usb-usx2y
[   12.547501][    T1] usbcore: registered new interface driver snd-usb-us122l
[   12.548531][    T1] usbcore: registered new interface driver snd-usb-caiaq
[   12.549531][    T1] usbcore: registered new interface driver snd-usb-6fire
[   12.550545][    T1] usbcore: registered new interface driver snd-usb-hiface
[   12.551520][    T1] usbcore: registered new interface driver snd-bcd2000
[   12.552479][    T1] usbcore: registered new interface driver snd_usb_pod
[   12.553424][    T1] usbcore: registered new interface driver snd_usb_podhd
[   12.554389][    T1] usbcore: registered new interface driver snd_usb_toneport
[   12.555433][    T1] usbcore: registered new interface driver snd_usb_variax
[   12.556438][    T1] drop_monitor: Initializing network drop monitor service
[   12.557514][    T1] NET: Registered PF_LLC protocol family
[   12.558322][    T1] GACT probability on
[   12.558832][    T1] Mirror/redirect action on
[   12.559497][    T1] Simple TC action Loaded
[   12.561291][    T1] netem: version 1.3
[   12.562006][    T1] u32 classifier
[   12.562440][    T1]     Performance counters on
[   12.563007][    T1]     input device check on
[   12.563551][    T1]     Actions configured
[   12.567365][    T1] xt_time: kernel timezone is -0000
[   12.568095][    T1] IPVS: Registered protocols (TCP, UDP, SCTP, AH, ESP)
[   12.569194][    T1] IPVS: Connection hash table configured (size=4096, memory=32Kbytes)
[   12.570447][    T1] IPVS: ipvs loaded.
[   12.570937][    T1] IPVS: [rr] scheduler registered.
[   12.571556][    T1] IPVS: [wrr] scheduler registered.
[   12.572241][    T1] IPVS: [lc] scheduler registered.
[   12.572879][    T1] IPVS: [wlc] scheduler registered.
[   12.573497][    T1] IPVS: [fo] scheduler registered.
[   12.574118][    T1] IPVS: [ovf] scheduler registered.
[   12.574751][    T1] IPVS: [lblc] scheduler registered.
[   12.575445][    T1] IPVS: [lblcr] scheduler registered.
[   12.576093][    T1] IPVS: [dh] scheduler registered.
[   12.576716][    T1] IPVS: [sh] scheduler registered.
[   12.577327][    T1] IPVS: [mh] scheduler registered.
[   12.577944][    T1] IPVS: [sed] scheduler registered.
[   12.578562][    T1] IPVS: [nq] scheduler registered.
[   12.579167][    T1] IPVS: [twos] scheduler registered.
[   12.579941][    T1] IPVS: [sip] pe registered.
[   12.580598][    T1] ipip: IPv4 and MPLS over IPv4 tunneling driver
[   12.582587][    T1] gre: GRE over IPv4 demultiplexor driver
[   12.583278][    T1] ip_gre: GRE over IPv4 tunneling driver
[   12.587235][    T1] IPv4 over IPsec tunneling driver
[   12.589104][    T1] ipt_CLUSTERIP: ClusterIP Version 0.8 loaded successfully
[   12.590526][    T1] Initializing XFRM netlink socket
[   12.591207][    T1] IPsec XFRM device driver
[   12.593142][    T1] NET: Registered PF_INET6 protocol family
[   12.599595][    T1] Segment Routing with IPv6
[   12.600154][    T1] RPL Segment Routing with IPv6
[   12.600804][    T1] In-situ OAM (IOAM) with IPv6
[   12.601654][    T1] mip6: Mobile IPv6
[   12.603805][    T1] sit: IPv6, IPv4 and MPLS over IPv4 tunneling driver
[   12.606868][    T1] ip6_gre: GRE over IPv6 tunneling driver
[   12.608694][    T1] NET: Registered PF_PACKET protocol family
[   12.609433][    T1] NET: Registered PF_KEY protocol family
[   12.610479][    T1] Bridge firewalling registered
[   12.611433][    T1] NET: Registered PF_X25 protocol family
[   12.612160][    T1] X25: Linux Version 0.2
[   12.616038][    T1] NET: Registered PF_NETROM protocol family
[   12.624302][    T1] NET: Registered PF_ROSE protocol family
[   12.625086][    T1] NET: Registered PF_AX25 protocol family
[   12.625922][    T1] can: controller area network core
[   12.627036][    T1] NET: Registered PF_CAN protocol family
[   12.627705][    T1] can: raw protocol
[   12.628195][    T1] can: broadcast manager protocol
[   12.628805][    T1] can: netlink gateway - max_hops=1
[   12.629614][    T1] can: SAE J1939
[   12.630048][    T1] can: isotp protocol
[   12.630733][    T1] Bluetooth: RFCOMM TTY layer initialized
[   12.631424][    T1] Bluetooth: RFCOMM socket layer initialized
[   12.632161][    T1] Bluetooth: RFCOMM ver 1.11
[   12.632727][    T1] Bluetooth: BNEP (Ethernet Emulation) ver 1.3
[   12.633483][    T1] Bluetooth: BNEP filters: protocol multicast
[   12.634213][    T1] Bluetooth: BNEP socket layer initialized
[   12.634910][    T1] Bluetooth: CMTP (CAPI Emulation) ver 1.0
[   12.635766][    T1] Bluetooth: CMTP socket layer initialized
