bash: warning: setlocale: LC_ALL: cannot change locale (en_US.UTF-8)
c[?7l[2J[0mSeaBIOS (version 1.16.2-debian-1.16.2-1)
Booting from ROM..c[?7l[2J[0m.early console in extract_kernel
input_data: 0x000000000cd242bf
input_len: 0x00000000048dc41e
output: 0x0000000001000000
output_len: 0x000000000e90ba90
kernel_total_size: 0x0000000010626000
needed_size: 0x0000000010800000
trampoline_32bit: 0x000000000009d000

Decompressing Linux... Parsing ELF... done.
Booting the kernel.
[    0.000000][    T0] Linux version 6.1.0-rc4-00011-g59f2f4b8a757-dirty (root@buildkitsandbox) (gcc (Debian 12.2.0-14+deb12u1) 12.2.0, GNU ld (GNU Binutils for Debian) 2.40) #1 SMP PREEMPT_DYNAMIC Mon May 25 15:49:56 UTC 2026
[    0.000000][    T0] Command line: console=ttyS0 oops=panic panic=86400 nokaslr earlyprintk=serial rdinit=/init
[    0.000000][    T0] KERNEL supported cpus:
[    0.000000][    T0]   Intel GenuineIntel
[    0.000000][    T0]   AMD AuthenticAMD
[    0.000000][    T0] x86/fpu: Supporting XSAVE feature 0x001: 'x87 floating point registers'
[    0.000000][    T0] x86/fpu: Supporting XSAVE feature 0x002: 'SSE registers'
[    0.000000][    T0] x86/fpu: Supporting XSAVE feature 0x004: 'AVX registers'
[    0.000000][    T0] x86/fpu: xstate_offset[2]:  576, xstate_sizes[2]:  256
[    0.000000][    T0] x86/fpu: Enabled xstate features 0x7, context size is 832 bytes, using 'compacted' format.
[    0.000000][    T0] signal: max sigframe size: 1776
[    0.000000][    T0] BIOS-provided physical RAM map:
[    0.000000][    T0] BIOS-e820: [mem 0x0000000000000000-0x000000000009fbff] usable
[    0.000000][    T0] BIOS-e820: [mem 0x000000000009fc00-0x000000000009ffff] reserved
[    0.000000][    T0] BIOS-e820: [mem 0x00000000000f0000-0x00000000000fffff] reserved
[    0.000000][    T0] BIOS-e820: [mem 0x0000000000100000-0x000000007ffdffff] usable
[    0.000000][    T0] BIOS-e820: [mem 0x000000007ffe0000-0x000000007fffffff] reserved
[    0.000000][    T0] BIOS-e820: [mem 0x00000000feffc000-0x00000000feffffff] reserved
[    0.000000][    T0] BIOS-e820: [mem 0x00000000fffc0000-0x00000000ffffffff] reserved
[    0.000000][    T0] BIOS-e820: [mem 0x000000fd00000000-0x000000ffffffffff] reserved
[    0.000000][    T0] printk: bootconsole [earlyser0] enabled
[    0.000000][    T0] NX (Execute Disable) protection: active
[    0.000000][    T0] SMBIOS 2.8 present.
[    0.000000][    T0] DMI: QEMU Standard PC (i440FX + PIIX, 1996), BIOS 1.16.2-debian-1.16.2-1 04/01/2014
[    0.000000][    T0] Hypervisor detected: KVM
[    0.000000][    T0] kvm-clock: Using msrs 4b564d01 and 4b564d00
[    0.000006][    T0] kvm-clock: using sched offset of 987187328 cycles
[    0.000748][    T0] clocksource: kvm-clock: mask: 0xffffffffffffffff max_cycles: 0x1cd42e4dffb, max_idle_ns: 881590591483 ns
[    0.002933][    T0] tsc: Detected 3493.436 MHz processor
[    0.008419][    T0] last_pfn = 0x7ffe0 max_arch_pfn = 0x400000000
[    0.009272][    T0] x86/PAT: Configuration [0-7]: WB  WC  UC- UC  WB  WP  UC- WT  
[    0.013556][    T0] found SMP MP-table at [mem 0x000f5ba0-0x000f5baf]
[    0.014378][    T0] Using GB pages for direct mapping
[    0.015777][    T0] RAMDISK: [mem 0x7fe90000-0x7ffdffff]
[    0.016439][    T0] ACPI: Early table checksum verification disabled
[    0.017226][    T0] ACPI: RSDP 0x00000000000F59D0 000014 (v00 BOCHS )
[    0.018027][    T0] ACPI: RSDT 0x000000007FFE1B33 000034 (v01 BOCHS  BXPC     00000001 BXPC 00000001)
[    0.019160][    T0] ACPI: FACP 0x000000007FFE19DF 000074 (v01 BOCHS  BXPC     00000001 BXPC 00000001)
[    0.020325][    T0] ACPI: DSDT 0x000000007FFE0040 00199F (v01 BOCHS  BXPC     00000001 BXPC 00000001)
[    0.021504][    T0] ACPI: FACS 0x000000007FFE0000 000040
[    0.022184][    T0] ACPI: APIC 0x000000007FFE1A53 000080 (v01 BOCHS  BXPC     00000001 BXPC 00000001)
[    0.023345][    T0] ACPI: HPET 0x000000007FFE1AD3 000038 (v01 BOCHS  BXPC     00000001 BXPC 00000001)
[    0.024507][    T0] ACPI: WAET 0x000000007FFE1B0B 000028 (v01 BOCHS  BXPC     00000001 BXPC 00000001)
[    0.025672][    T0] ACPI: Reserving FACP table memory at [mem 0x7ffe19df-0x7ffe1a52]
[    0.026628][    T0] ACPI: Reserving DSDT table memory at [mem 0x7ffe0040-0x7ffe19de]
[    0.027596][    T0] ACPI: Reserving FACS table memory at [mem 0x7ffe0000-0x7ffe003f]
[    0.028571][    T0] ACPI: Reserving APIC table memory at [mem 0x7ffe1a53-0x7ffe1ad2]
[    0.029559][    T0] ACPI: Reserving HPET table memory at [mem 0x7ffe1ad3-0x7ffe1b0a]
[    0.030535][    T0] ACPI: Reserving WAET table memory at [mem 0x7ffe1b0b-0x7ffe1b32]
[    0.032359][    T0] No NUMA configuration found
[    0.032936][    T0] Faking a node at [mem 0x0000000000000000-0x000000007ffdffff]
[    0.033893][    T0] NODE_DATA(0) allocated [mem 0x7fe8a000-0x7fe8ffff]
[    0.038518][    T0] Zone ranges:
[    0.038966][    T0]   DMA      [mem 0x0000000000001000-0x0000000000ffffff]
[    0.039836][    T0]   DMA32    [mem 0x0000000001000000-0x000000007ffdffff]
[    0.040732][    T0]   Normal   empty
[    0.041192][    T0]   Device   empty
[    0.041663][    T0] Movable zone start for each node
[    0.042289][    T0] Early memory node ranges
[    0.042825][    T0]   node   0: [mem 0x0000000000001000-0x000000000009efff]
[    0.043703][    T0]   node   0: [mem 0x0000000000100000-0x000000007ffdffff]
[    0.044584][    T0] Initmem setup node 0 [mem 0x0000000000001000-0x000000007ffdffff]
[    0.045579][    T0] On node 0, zone DMA: 1 pages in unavailable ranges
[    0.045688][    T0] On node 0, zone DMA: 97 pages in unavailable ranges
[    0.059415][    T0] On node 0, zone DMA32: 32 pages in unavailable ranges
[    0.096711][    T0] kasan: KernelAddressSanitizer initialized
[    0.098577][    T0] ACPI: PM-Timer IO Port: 0x608
[    0.099164][    T0] ACPI: LAPIC_NMI (acpi_id[0xff] dfl dfl lint[0x1])
[    0.099991][    T0] IOAPIC[0]: apic_id 0, version 17, address 0xfec00000, GSI 0-23
[    0.100923][    T0] ACPI: INT_SRC_OVR (bus 0 bus_irq 0 global_irq 2 dfl dfl)
[    0.101828][    T0] ACPI: INT_SRC_OVR (bus 0 bus_irq 5 global_irq 5 high level)
[    0.102731][    T0] ACPI: INT_SRC_OVR (bus 0 bus_irq 9 global_irq 9 high level)
[    0.103632][    T0] ACPI: INT_SRC_OVR (bus 0 bus_irq 10 global_irq 10 high level)
[    0.104553][    T0] ACPI: INT_SRC_OVR (bus 0 bus_irq 11 global_irq 11 high level)
[    0.105499][    T0] ACPI: Using ACPI (MADT) for SMP configuration information
[    0.106383][    T0] ACPI: HPET id: 0x8086a201 base: 0xfed00000
[    0.107109][    T0] TSC deadline timer available
[    0.107694][    T0] smpboot: Allowing 2 CPUs, 0 hotplug CPUs
[    0.108447][    T0] kvm-guest: KVM setup pv remote TLB flush
[    0.109158][    T0] kvm-guest: setup PV sched yield
[    0.109834][    T0] PM: hibernation: Registered nosave memory: [mem 0x00000000-0x00000fff]
[    0.110874][    T0] PM: hibernation: Registered nosave memory: [mem 0x0009f000-0x0009ffff]
[    0.111905][    T0] PM: hibernation: Registered nosave memory: [mem 0x000a0000-0x000effff]
[    0.112936][    T0] PM: hibernation: Registered nosave memory: [mem 0x000f0000-0x000fffff]
[    0.113991][    T0] [mem 0x80000000-0xfeffbfff] available for PCI devices
[    0.114859][    T0] Booting paravirtualized kernel on KVM
[    0.115567][    T0] clocksource: refined-jiffies: mask: 0xffffffff max_cycles: 0xffffffff, max_idle_ns: 19112604462750000 ns
[    0.160596][    T0] setup_percpu: NR_CPUS:8 nr_cpumask_bits:2 nr_cpu_ids:2 nr_node_ids:1
[    0.162055][    T0] percpu: Embedded 69 pages/cpu s244296 r8192 d30136 u1048576
[    0.163150][    T0] kvm-guest: PV spinlocks enabled
[    0.163802][    T0] PV qspinlock hash table entries: 256 (order: 0, 4096 bytes, linear)
[    0.164891][    T0] Fallback order for Node 0: 0 
[    0.165548][    T0] Built 1 zonelists, mobility grouping on.  Total pages: 515808
[    0.166528][    T0] Policy zone: DMA32
[    0.167033][    T0] Kernel command line: console=ttyS0 oops=panic panic=86400 nokaslr earlyprintk=serial rdinit=/init
[    0.169090][    T0] random: crng init done
[    0.169885][    T0] Dentry cache hash table entries: 262144 (order: 9, 2097152 bytes, linear)
[    0.171526][    T0] Inode-cache hash table entries: 131072 (order: 8, 1048576 bytes, linear)
[    0.173282][    T0] mem auto-init: stack:off, heap alloc:on, heap free:off
[    0.175694][    T0] stackdepot hash table entries: 1048576 (order: 11, 8388608 bytes, linear)
[    0.287348][    T0] Memory: 1483320K/2096632K available (143391K kernel code, 35103K rwdata, 29756K rodata, 2732K init, 33748K bss, 613056K reserved, 0K cma-reserved)
[    0.289668][    T0] SLUB: HWalign=64, Order=0-3, MinObjects=0, CPUs=2, Nodes=1
[    0.291944][    T0] Dynamic Preempt: full
[    0.292865][    T0] Running RCU self tests
[    0.293417][    T0] rcu: Preemptible hierarchical RCU implementation.
[    0.294237][    T0] rcu: 	RCU lockdep checking is enabled.
[    0.294942][    T0] rcu: 	RCU restricting CPUs from NR_CPUS=8 to nr_cpu_ids=2.
[    0.295862][    T0] rcu: 	RCU callback double-/use-after-free debug is enabled.
[    0.296791][    T0] rcu: 	RCU debug extended QS entry/exit.
[    0.297518][    T0] 	Trampoline variant of Tasks RCU enabled.
[    0.298249][    T0] 	Tracing variant of Tasks RCU enabled.
[    0.298945][    T0] rcu: RCU calculated value of scheduler-enlistment delay is 10 jiffies.
[    0.299992][    T0] rcu: Adjusting geometry for rcu_fanout_leaf=16, nr_cpu_ids=2
[    0.329616][    T0] NR_IRQS: 4352, nr_irqs: 440, preallocated irqs: 16
[    0.330908][    T0] rcu: srcu_init: Setting srcu_struct sizes based on contention.
[    0.332106][    T0] kfence: initialized - using 2097152 bytes for 255 objects at 0x(____ptrval____)-0x(____ptrval____)
[    0.341988][    T0] Console: colour VGA+ 80x25
[    0.342622][    T0] printk: console [ttyS0] enabled
[    0.342622][    T0] printk: console [ttyS0] enabled
[    0.343875][    T0] printk: bootconsole [earlyser0] disabled
[    0.343875][    T0] printk: bootconsole [earlyser0] disabled
[    0.345366][    T0] Lock dependency validator: Copyright (c) 2006 Red Hat, Inc., Ingo Molnar
[    0.346613][    T0] ... MAX_LOCKDEP_SUBCLASSES:  8
[    0.347361][    T0] ... MAX_LOCK_DEPTH:          48
[    0.348114][    T0] ... MAX_LOCKDEP_KEYS:        8192
[    0.348881][    T0] ... CLASSHASH_SIZE:          4096
[    0.349653][    T0] ... MAX_LOCKDEP_ENTRIES:     131072
[    0.350435][    T0] ... MAX_LOCKDEP_CHAINS:      262144
[    0.351225][    T0] ... CHAINHASH_SIZE:          131072
[    0.352025][    T0]  memory used by lock dependency info: 20657 kB
[    0.352957][    T0]  memory used for stack traces: 8320 kB
[    0.353802][    T0]  per task-struct memory footprint: 1920 bytes
[    0.354914][    T0] ACPI: Core revision 20220331
[    0.356177][    T0] clocksource: hpet: mask: 0xffffffff max_cycles: 0xffffffff, max_idle_ns: 19112604467 ns
[    0.357977][    T0] APIC: Switch to symmetric I/O mode setup
[    0.358900][    T0] kvm-guest: setup PV IPIs
[    0.361453][    T0] ..TIMER: vector=0x30 apic1=0 pin1=2 apic2=-1 pin2=-1
[    0.362518][    T0] tsc: Marking TSC unstable due to TSCs unsynchronized
[    0.363584][    T0] Calibrating delay loop (skipped) preset value.. 6986.87 BogoMIPS (lpj=34934360)
[    0.364769][    T0] pid_max: default: 32768 minimum: 301
[    0.365610][    T0] LSM: Security Framework initializing
[    0.366367][    T0] landlock: Up and running.
[    0.366942][    T0] Yama: becoming mindful.
[    0.367550][    T0] TOMOYO Linux initialized
[    0.373741][    T0] AppArmor: AppArmor initialized
[    0.374393][    T0] LSM support for eBPF active
[    0.375157][    T0] Mount-cache hash table entries: 4096 (order: 3, 32768 bytes, linear)
[    0.376210][    T0] Mountpoint-cache hash table entries: 4096 (order: 3, 32768 bytes, linear)
[    0.379070][    T0] x86/cpu: User Mode Instruction Prevention (UMIP) activated
[    0.380118][    T0] Last level iTLB entries: 4KB 512, 2MB 255, 4MB 127
[    0.380946][    T0] Last level dTLB entries: 4KB 512, 2MB 255, 4MB 127, 1GB 0
[    0.381871][    T0] Spectre V1 : Mitigation: usercopy/swapgs barriers and __user pointer sanitization
[    0.383042][    T0] Spectre V2 : Kernel not compiled with retpoline; no mitigation available!
[    0.383047][    T0] Spectre V2 : Vulnerable
[    0.384101][    T0] Spectre V2 : Spectre v2 / SpectreRSB mitigation: Filling RSB on context switch
[    0.385220][    T0] Spectre V2 : Enabling Speculation Barrier for firmware calls
[    0.386153][    T0] RETBleed: Mitigation: IBPB
[    0.386724][    T0] Spectre V2 : mitigation: Enabling conditional Indirect Branch Prediction Barrier
[    0.387854][    T0] Speculative Store Bypass: Mitigation: Speculative Store Bypass disabled via prctl
[    0.390585][    T0] Freeing SMP alternatives memory: 112K
[    0.391715][    T1] smpboot: CPU0: AMD Ryzen Threadripper PRO 3975WX 32-Cores (family: 0x17, model: 0x31, stepping: 0x0)
[    0.393556][    T1] cblist_init_generic: Setting adjustable number of callback queues.
[    0.393556][    T1] cblist_init_generic: Setting shift to 1 and lim to 1.
[    0.393556][    T1] cblist_init_generic: Setting shift to 1 and lim to 1.
[    0.393556][    T1] Running RCU-tasks wait API self tests
[    0.494105][    T1] Performance Events: Fam17h+ core perfctr, AMD PMU driver.
[    0.495967][    T1] ... version:                0
[    0.497102][    T1] ... bit width:              48
[    0.498355][    T1] ... generic registers:      6
[    0.499492][    T1] ... value mask:             0000ffffffffffff
[    0.500983][    T1] ... max period:             00007fffffffffff
[    0.502457][    T1] ... fixed-purpose events:   0
[    0.503609][    T1] ... event mask:             000000000000003f
[    0.506348][    T1] rcu: Hierarchical SRCU implementation.
[    0.507791][    T1] rcu: 	Max phase no-delay instances is 1000.
[    0.517091][    T1] smp: Bringing up secondary CPUs ...
[    0.520633][    T1] x86: Booting SMP configuration:
[    0.521799][    T1] .... node  #0, CPUs:      #1
[    0.524019][    T1] smp: Brought up 1 node, 2 CPUs
[    0.524943][    T1] smpboot: Max logical packages: 1
[    0.526067][    T1] smpboot: Total of 2 processors activated (13973.74 BogoMIPS)
[    0.529499][    T1] devtmpfs: initialized
[    0.529499][    T1] x86/mm: Memory block size: 128MB
[    0.543648][   T13] Callback from call_rcu_tasks_trace() invoked.
[    0.559004][    T1] clocksource: jiffies: mask: 0xffffffff max_cycles: 0xffffffff, max_idle_ns: 19112604462750000 ns
[    0.559004][    T1] futex hash table entries: 512 (order: 4, 65536 bytes, linear)
[    0.564312][    T1] PM: RTC time: 15:53:21, date: 2026-05-25
[    0.568121][    T1] NET: Registered PF_NETLINK/PF_ROUTE protocol family
[    0.570434][    T1] audit: initializing netlink subsys (disabled)
[    0.571375][   T26] audit: type=2000 audit(1779724402.112:1): state=initialized audit_enabled=0 res=1
[    0.571375][    T1] thermal_sys: Registered thermal governor 'step_wise'
[    0.571375][    T1] thermal_sys: Registered thermal governor 'user_space'
[    0.573724][    T1] cpuidle: using governor menu
[    0.575184][    T1] NET: Registered PF_QIPCRTR protocol family
[    0.576587][    T1] PCI: Using configuration type 1 for base access
[    0.576587][    T1] PCI: Using configuration type 1 for extended access
[    0.708235][    T1] HugeTLB: registered 1.00 GiB page size, pre-allocated 0 pages
[    0.708235][    T1] HugeTLB: 16380 KiB vmemmap can be freed for a 1.00 GiB page
[    0.713744][    T1] HugeTLB: registered 2.00 MiB page size, pre-allocated 0 pages
[    0.714062][   T12] Callback from call_rcu_tasks() invoked.
[    0.715704][    T1] HugeTLB: 28 KiB vmemmap can be freed for a 2.00 MiB page
[    0.725009][    T1] cryptd: max_cpu_qlen set to 1000
[    0.728463][    T1] raid6: skipped pq benchmark and selected avx2x4
[    0.729273][    T1] raid6: using avx2x2 recovery algorithm
[    0.730559][    T1] ACPI: Added _OSI(Module Device)
[    0.731186][    T1] ACPI: Added _OSI(Processor Device)
[    0.731843][    T1] ACPI: Added _OSI(3.0 _SCP Extensions)
[    0.732542][    T1] ACPI: Added _OSI(Processor Aggregator Device)
[    0.755881][    T1] ACPI: 1 ACPI AML tables successfully acquired and loaded
[    0.789351][    T1] ACPI: Interpreter enabled
[    0.790166][    T1] ACPI: PM: (supports S0 S3 S4 S5)
[    0.790844][    T1] ACPI: Using IOAPIC for interrupt routing
[    0.791732][    T1] PCI: Using host bridge windows from ACPI; if necessary, use "pci=nocrs" and report a bug
[    0.793044][    T1] PCI: Using E820 reservations for host bridge windows
[    0.795667][    T1] ACPI: Enabled 2 GPEs in block 00 to 0F
[    0.846616][    T1] ACPI: PCI Root Bridge [PCI0] (domain 0000 [bus 00-ff])
[    0.847574][    T1] acpi PNP0A03:00: _OSC: OS supports [ExtendedConfig ASPM ClockPM Segments MSI HPX-Type3]
[    0.850456][    T1] PCI host bridge to bus 0000:00
[    0.851074][    T1] pci_bus 0000:00: root bus resource [io  0x0000-0x0cf7 window]
[    0.852034][    T1] pci_bus 0000:00: root bus resource [io  0x0d00-0xffff window]
[    0.852974][    T1] pci_bus 0000:00: root bus resource [mem 0x000a0000-0x000bffff window]
[    0.853577][    T1] pci_bus 0000:00: root bus resource [mem 0x80000000-0xfebfffff window]
[    0.854635][    T1] pci_bus 0000:00: root bus resource [mem 0x100000000-0x17fffffff window]
[    0.855687][    T1] pci_bus 0000:00: root bus resource [bus 00-ff]
[    0.856828][    T1] pci 0000:00:00.0: [8086:1237] type 00 class 0x060000
[    0.872843][    T1] pci 0000:00:01.0: [8086:7000] type 00 class 0x060100
[    0.888339][    T1] pci 0000:00:01.1: [8086:7010] type 00 class 0x010180
[    0.890808][    T1] pci 0000:00:01.1: reg 0x20: [io  0xc000-0xc00f]
[    0.892306][    T1] pci 0000:00:01.1: legacy IDE quirk: reg 0x10: [io  0x01f0-0x01f7]
[    0.893294][    T1] pci 0000:00:01.1: legacy IDE quirk: reg 0x14: [io  0x03f6]
[    0.893575][    T1] pci 0000:00:01.1: legacy IDE quirk: reg 0x18: [io  0x0170-0x0177]
[    0.894562][    T1] pci 0000:00:01.1: legacy IDE quirk: reg 0x1c: [io  0x0376]
[    0.896046][    T1] pci 0000:00:01.3: [8086:7113] type 00 class 0x068000
[    0.897351][    T1] pci 0000:00:01.3: quirk: [io  0x0600-0x063f] claimed by PIIX4 ACPI
[    0.898397][    T1] pci 0000:00:01.3: quirk: [io  0x0700-0x070f] claimed by PIIX4 SMB
[    0.900239][    T1] pci 0000:00:02.0: [1234:1111] type 00 class 0x030000
[    0.902378][    T1] pci 0000:00:02.0: reg 0x10: [mem 0xfd000000-0xfdffffff pref]
[    0.904708][    T1] pci 0000:00:02.0: reg 0x18: [mem 0xfebf0000-0xfebf0fff]
[    0.909942][    T1] pci 0000:00:02.0: reg 0x30: [mem 0xfebe0000-0xfebeffff pref]
[    0.911154][    T1] pci 0000:00:02.0: Video device with shadowed ROM at [mem 0x000c0000-0x000dffff]
[    0.931087][    T1] ACPI: PCI: Interrupt link LNKA configured for IRQ 10
[    0.933493][    T1] ACPI: PCI: Interrupt link LNKB configured for IRQ 10
[    0.935018][    T1] ACPI: PCI: Interrupt link LNKC configured for IRQ 11
[    0.937541][    T1] ACPI: PCI: Interrupt link LNKD configured for IRQ 11
[    0.939066][    T1] ACPI: PCI: Interrupt link LNKS configured for IRQ 9
[    0.944492][    T1] iommu: Default domain type: Translated 
[    0.945242][    T1] iommu: DMA domain TLB invalidation policy: lazy mode 
[    0.947887][    T1] SCSI subsystem initialized
[    0.949204][    T1] ACPI: bus type USB registered
[    0.950029][    T1] usbcore: registered new interface driver usbfs
[    0.950959][    T1] usbcore: registered new interface driver hub
[    0.951882][    T1] usbcore: registered new device driver usb
[    0.953263][    T1] mc: Linux media interface: v0.10
[    0.953665][    T1] videodev: Linux video capture interface: v2.00
[    0.954729][    T1] pps_core: LinuxPPS API ver. 1 registered
[    0.955481][    T1] pps_core: Software ver. 5.3.6 - Copyright 2005-2007 Rodolfo Giometti <giometti@linux.it>
[    0.956800][    T1] PTP clock support registered
[    0.957790][    T1] EDAC MC: Ver: 3.0.0
[    0.959743][    T1] Advanced Linux Sound Architecture Driver Initialized.
[    0.962309][    T1] Bluetooth: Core ver 2.22
[    0.962944][    T1] NET: Registered PF_BLUETOOTH protocol family
[    0.963575][    T1] Bluetooth: HCI device and connection manager initialized
[    0.964503][    T1] Bluetooth: HCI socket layer initialized
[    0.965214][    T1] Bluetooth: L2CAP socket layer initialized
[    0.965979][    T1] Bluetooth: SCO socket layer initialized
[    0.966715][    T1] NET: Registered PF_ATMPVC protocol family
[    0.967441][    T1] NET: Registered PF_ATMSVC protocol family
[    0.968311][    T1] NetLabel: Initializing
[    0.968865][    T1] NetLabel:  domain hash size = 128
[    0.969516][    T1] NetLabel:  protocols = UNLABELED CIPSOv4 CALIPSO
[    0.970492][    T1] NetLabel:  unlabeled traffic allowed by default
[    0.971600][    T1] nfc: nfc_init: NFC Core ver 0.1
[    0.971600][    T1] NET: Registered PF_NFC protocol family
[    0.973623][    T1] PCI: Using ACPI for IRQ routing
[    0.974545][    T1] pci 0000:00:02.0: vgaarb: setting as boot VGA device
[    0.974545][    T1] pci 0000:00:02.0: vgaarb: bridge control possible
[    0.975339][    T1] pci 0000:00:02.0: vgaarb: VGA device added: decodes=io+mem,owns=io+mem,locks=none
[    0.976506][    T1] vgaarb: loaded
[    0.977684][    T1] hpet0: at MMIO 0xfed00000, IRQs 2, 8, 0
[    0.978418][    T1] hpet0: 3 comparators, 64-bit 100.000000 MHz counter
[    0.983889][    T1] clocksource: Switched to clocksource kvm-clock
[    0.986255][    T1] VFS: Disk quotas dquot_6.6.0
[    0.986928][    T1] VFS: Dquot-cache hash table entries: 512 (order 0, 4096 bytes)
[    0.988162][    T1] FS-Cache: Loaded
[    0.989061][    T1] CacheFiles: Loaded
[    0.989613][    T1] TOMOYO: 2.6.0
[    0.990050][    T1] Mandatory Access Control activated.
[    0.992049][    T1] AppArmor: AppArmor Filesystem Enabled
[    0.992955][    T1] pnp: PnP ACPI init
[    0.998181][    T1] pnp: PnP ACPI: found 6 devices
[    1.039405][    T1] clocksource: acpi_pm: mask: 0xffffff max_cycles: 0xffffff, max_idle_ns: 2085701024 ns
[    1.040917][    T1] NET: Registered PF_INET protocol family
[    1.041849][    T1] IP idents hash table entries: 32768 (order: 6, 262144 bytes, linear)
[    1.044864][    T1] tcp_listen_portaddr_hash hash table entries: 1024 (order: 4, 73728 bytes, linear)
[    1.046105][    T1] Table-perturb hash table entries: 65536 (order: 6, 262144 bytes, linear)
[    1.047407][    T1] TCP established hash table entries: 16384 (order: 5, 131072 bytes, linear)
[    1.049580][    T1] TCP bind hash table entries: 16384 (order: 9, 2359296 bytes, linear)
[    1.051597][    T1] TCP: Hash tables configured (established 16384 bind 16384)
[    1.052900][    T1] MPTCP token hash table entries: 2048 (order: 5, 180224 bytes, linear)
[    1.054386][    T1] UDP hash table entries: 1024 (order: 5, 163840 bytes, linear)
[    1.055487][    T1] UDP-Lite hash table entries: 1024 (order: 5, 163840 bytes, linear)
[    1.056866][    T1] NET: Registered PF_UNIX/PF_LOCAL protocol family
[    1.058523][    T1] RPC: Registered named UNIX socket transport module.
[    1.059391][    T1] RPC: Registered udp transport module.
[    1.060078][    T1] RPC: Registered tcp transport module.
[    1.060760][    T1] RPC: Registered tcp NFSv4.1 backchannel transport module.
[    1.062677][    T1] NET: Registered PF_XDP protocol family
[    1.063402][    T1] pci_bus 0000:00: resource 4 [io  0x0000-0x0cf7 window]
[    1.064293][    T1] pci_bus 0000:00: resource 5 [io  0x0d00-0xffff window]
[    1.065156][    T1] pci_bus 0000:00: resource 6 [mem 0x000a0000-0x000bffff window]
[    1.066103][    T1] pci_bus 0000:00: resource 7 [mem 0x80000000-0xfebfffff window]
[    1.067054][    T1] pci_bus 0000:00: resource 8 [mem 0x100000000-0x17fffffff window]
[    1.068456][    T1] pci 0000:00:01.0: PIIX3: Enabling Passive Release
[    1.069281][    T1] pci 0000:00:00.0: Limiting direct PCI/PCI transfers
[    1.070193][    T1] PCI: CLS 0 bytes, default 64
[    1.070894][    T1] ACPI: bus type thunderbolt registered
[    1.072385][    T1] kvm: no hardware support for 'kvm_intel'
[    1.073859][   T50] Trying to unpack rootfs image as initramfs...
[    1.093692][    T1] kvm: Nested Virtualization enabled
[    1.094378][    T1] SVM: kvm: Nested Paging enabled
[    1.124361][   T65] cryptomgr_test (65) used greatest stack depth: 29824 bytes left
[    1.192986][   T50] Freeing initrd memory: 1344K
[    1.194820][   T61] kworker/u4:4 (61) used greatest stack depth: 28208 bytes left
[    1.205117][   T88] kworker/u4:3 (88) used greatest stack depth: 27824 bytes left
[    3.689889][    T1] Initialise system trusted keyrings
[    3.691114][    T1] workingset: timestamp_bits=40 max_order=19 bucket_order=0
[    3.721048][    T1] zbud: loaded
[    3.726525][    T1] DLM installed
[    3.730933][    T1] squashfs: version 4.0 (2009/01/31) Phillip Lougher
[    3.738366][    T1] NFS: Registering the id_resolver key type
[    3.739309][    T1] Key type id_resolver registered
[    3.740066][    T1] Key type id_legacy registered
[    3.741008][    T1] nfs4filelayout_init: NFSv4 File Layout Driver Registering...
[    3.742151][    T1] nfs4flexfilelayout_init: NFSv4 Flexfile Layout Driver Registering...
[    3.748585][    T1] Key type cifs.spnego registered
[    3.749339][    T1] Key type cifs.idmap registered
[    3.750324][    T1] ntfs: driver 2.1.32 [Flags: R/W].
[    3.751942][    T1] ntfs3: Max link count 4000
[    3.752500][    T1] ntfs3: Enabled Linux POSIX ACLs support
[    3.753186][    T1] ntfs3: Read-only LZX/Xpress compression included
[    3.754728][    T1] efs: 1.0a - http://aeschi.ch.eu.org/efs/
[    3.755612][    T1] jffs2: version 2.2. (NAND) (SUMMARY)  © 2001-2006 Red Hat, Inc.
[    3.758719][    T1] romfs: ROMFS MTD (C) 2007 Red Hat, Inc.
[    3.759775][    T1] QNX4 filesystem 0.2.3 registered.
[    3.760584][    T1] qnx6: QNX6 filesystem 1.0.0 registered.
[    3.761870][    T1] fuse: init (API version 7.37)
[    3.764536][    T1] orangefs_debugfs_init: called with debug mask: :none: :0:
[    3.765722][    T1] orangefs_init: module version upstream loaded
[    3.767106][    T1] JFS: nTxBlock = 8192, nTxLock = 65536
[    3.772861][    T1] SGI XFS with ACLs, security attributes, realtime, quota, fatal assert, debug enabled
[    3.781841][    T1] 9p: Installing v9fs 9p2000 file system support
[    3.783540][    T1] NILFS version 2 loaded
[    3.784098][    T1] befs: version: 0.9.3
[    3.785592][    T1] ocfs2: Registered cluster interface o2cb
[    3.786537][    T1] ocfs2: Registered cluster interface user
[    3.787575][    T1] OCFS2 User DLM kernel interface loaded
[    3.795194][    T1] gfs2: GFS2 installed
[    3.802552][    T1] ceph: loaded (mds proto 32)
[    3.811638][    T1] NET: Registered PF_ALG protocol family
[    3.812401][    T1] xor: automatically using best checksumming function   avx       
[    3.813384][    T1] async_tx: api initialized (async)
[    3.814352][    T1] Key type asymmetric registered
[    3.814995][    T1] Asymmetric key parser 'x509' registered
[    3.815710][    T1] Asymmetric key parser 'pkcs8' registered
[    3.816416][    T1] Key type pkcs7_test registered
[    3.818756][    T1] alg: self-tests for CTR-KDF (hmac(sha256)) passed
[    3.819667][    T1] Block layer SCSI generic (bsg) driver version 0.4 loaded (major 240)
[    3.821036][    T1] io scheduler mq-deadline registered
[    3.821703][    T1] io scheduler kyber registered
[    3.822724][    T1] io scheduler bfq registered
[    3.829162][    T1] input: Power Button as /devices/LNXSYSTM:00/LNXPWRBN:00/input/input0
[    3.834309][    T1] ACPI: button: Power Button [PWRF]
[    3.841033][  T194] kworker/u4:4 (194) used greatest stack depth: 27696 bytes left
[    3.955151][  T573] kworker/u4:0 (573) used greatest stack depth: 27648 bytes left
[    3.993489][    T1] N_HDLC line discipline registered with maxframe=4096
[    3.994441][    T1] Serial: 8250/16550 driver, 4 ports, IRQ sharing enabled
[    3.995729][    T1] 00:04: ttyS0 at I/O 0x3f8 (irq = 4, base_baud = 115200) is a 16550A
[    4.005710][    T1] Non-volatile memory driver v1.3
[    4.006550][    T1] Linux agpgart interface v0.103
[    4.008562][    T1] ACPI: bus type drm_connector registered
[    4.013459][    T1] [drm] Initialized vgem 1.0.0 20120112 for vgem on minor 0
[    4.017598][    T1] [drm] Initialized vkms 1.0.0 20180514 for vkms on minor 1
[    4.069242][    T1] Console: switching to colour frame buffer device 128x48
[    4.087095][    T1] platform vkms: [drm] fb0: vkmsdrmfb frame buffer device
[    4.088279][    T1] usbcore: registered new interface driver udl
[    4.089617][    T1] bochs-drm 0000:00:02.0: vgaarb: deactivate vga console
[    4.091395][  T765] kworker/u4:4 (765) used greatest stack depth: 27520 bytes left
[    4.092803][    T1] [drm] Found bochs VGA, ID 0xb0c5.
[    4.093477][    T1] [drm] Framebuffer size 16384 kB @ 0xfd000000, mmio @ 0xfebf0000.
[    4.096206][    T1] [drm] Found EDID data blob.
[    4.097999][    T1] [drm] Initialized bochs-drm 1.0.0 20130925 for 0000:00:02.0 on minor 2
[    4.102683][    T1] fbcon: bochs-drmdrmfb (fb1) is primary device
[    4.102696][    T1] fbcon: Remapping primary device, fb1, to tty 1-63
[    9.682618][    T1] bochs-drm 0000:00:02.0: [drm] fb1: bochs-drmdrmfb frame buffer device
[    9.703488][   T34] Floppy drive(s): fd0 is 2.88M AMI BIOS
[    9.734484][   T34] FDC 0 is a S82078B
[    9.750062][    T1] brd: module loaded
[    9.790837][    T1] loop: module loaded
[    9.837470][    T1] zram: Added device: zram0
[    9.841818][    T1] null_blk: disk nullb0 created
[    9.842488][    T1] null_blk: module loaded
[    9.843376][    T1] Guest personality initialized and is inactive
[    9.844624][    T1] VMCI host device registered (name=vmci, major=10, minor=119)
[    9.845698][    T1] Initialized host personality
[    9.846667][    T1] usbcore: registered new interface driver rtsx_usb
[    9.848146][    T1] usbcore: registered new interface driver viperboard
[    9.849452][    T1] usbcore: registered new interface driver dln2
[    9.850903][    T1] usbcore: registered new interface driver pn533_usb
[    9.854003][    T1] nfcsim 0.2 initialized
[    9.854834][    T1] usbcore: registered new interface driver port100
[    9.855959][    T1] usbcore: registered new interface driver nfcmrvl
[    9.859432][    T1] Loading iSCSI transport class v2.0-870.
[    9.864290][    T1] st: Version 20160209, fixed bufsize 32768, s/g segs 256
[    9.876631][    T1] scsi host0: ata_piix
[    9.878996][    T1] scsi host1: ata_piix
[    9.880085][    T1] ata1: PATA max MWDMA2 cmd 0x1f0 ctl 0x3f6 bmdma 0xc000 irq 14
[    9.880983][    T1] ata2: PATA max MWDMA2 cmd 0x170 ctl 0x376 bmdma 0xc008 irq 15
[    9.886305][    T1] Rounding down aligned max_sectors from 4294967295 to 4294967288
[    9.887501][    T1] db_root: cannot open: /etc/target
[    9.888677][    T1] slram: not enough parameters.
[    9.891733][    T1] ftl_cs: FTL header not found.
[    9.907625][    T1] wireguard: WireGuard 1.0.0 loaded. See www.wireguard.com for information.
[    9.908678][    T1] wireguard: Copyright (C) 2015-2019 Jason A. Donenfeld <Jason@zx2c4.com>. All Rights Reserved.
[    9.909892][    T1] eql: Equalizer2002: Simon Janes (simon@ncm.com) and David S. Miller (davem@redhat.com)
[    9.916809][    T1] MACsec IEEE 802.1AE
[    9.923610][    T1] tun: Universal TUN/TAP device driver, 1.6
[    9.925186][    T1] vcan: Virtual CAN interface driver
[    9.925822][    T1] vxcan: Virtual CAN Tunnel driver
[    9.926425][    T1] slcan: serial line CAN interface driver
[    9.927106][    T1] CAN device driver interface
[    9.928519][    T1] usbcore: registered new interface driver usb_8dev
[    9.929464][    T1] usbcore: registered new interface driver ems_usb
[    9.930372][    T1] usbcore: registered new interface driver gs_usb
[    9.931308][    T1] usbcore: registered new interface driver kvaser_usb
[    9.932266][    T1] usbcore: registered new interface driver mcba_usb
[    9.933234][    T1] usbcore: registered new interface driver peak_usb
[    9.934756][    T1] e100: Intel(R) PRO/100 Network Driver
[    9.935411][    T1] e100: Copyright(c) 1999-2006 Intel Corporation
[    9.936225][    T1] e1000: Intel(R) PRO/1000 Network Driver
[    9.936892][    T1] e1000: Copyright (c) 1999-2006 Intel Corporation.
[    9.937773][    T1] e1000e: Intel(R) PRO/1000 Network Driver
[    9.938456][    T1] e1000e: Copyright(c) 1999 - 2015 Intel Corporation.
[    9.940056][    T1] mkiss: AX.25 Multikiss, Hans Albas PE1AYX
[    9.940752][    T1] AX.25: 6pack driver, Revision: 0.3.0
[    9.941411][    T1] AX.25: bpqether driver version 004
[    9.942041][    T1] PPP generic driver version 2.4.2
[    9.943001][    T1] PPP BSD Compression module registered
[    9.943729][    T1] PPP Deflate Compression module registered
[    9.944479][    T1] PPP MPPE Compression module registered
[    9.945153][    T1] NET: Registered PF_PPPOX protocol family
[    9.945873][    T1] PPTP driver version 0.8.5
[    9.946542][    T1] SLIP: version 0.8.4-NET3.019-NEWTTY (dynamic channels, max=256) (6 bit encapsulation enabled).
[    9.947806][    T1] CSLIP: code copyright 1989 Regents of the University of California.
[    9.948775][    T1] SLIP linefill/keepalive option.
[    9.949377][    T1] hdlc: HDLC support module revision 1.22
[    9.950081][    T1] LAPB Ethernet driver version 0.02
[    9.951176][    T1] usbcore: registered new interface driver ath9k_htc
[    9.952180][    T1] usbcore: registered new interface driver carl9170
[    9.953150][    T1] usbcore: registered new interface driver ath6kl_usb
[    9.954511][    T1] usbcore: registered new interface driver ar5523
[    9.955627][    T1] usbcore: registered new interface driver ath10k_usb
[    9.956634][    T1] usbcore: registered new interface driver rndis_wlan
[    9.957660][    T1] mac80211_hwsim: initializing netlink
[    9.971831][    T1] usbcore: registered new interface driver atusb
[    9.977026][    T1] mac802154_hwsim mac802154_hwsim: Added 2 mac802154 hwsim hardware radios
[    9.978617][    T1] VMware vmxnet3 virtual NIC driver - version 1.7.0.0-k-NAPI
[    9.979894][    T1] usbcore: registered new interface driver catc
[    9.980807][    T1] usbcore: registered new interface driver kaweth
[    9.981575][    T1] pegasus: Pegasus/Pegasus II USB Ethernet driver
[    9.982499][    T1] usbcore: registered new interface driver pegasus
[    9.983744][    T1] usbcore: registered new interface driver rtl8150
[    9.984680][    T1] usbcore: registered new interface driver r8152
[    9.985426][    T1] hso: drivers/net/usb/hso.c: Option Wireless
[    9.986386][    T1] usbcore: registered new interface driver hso
[    9.987289][    T1] usbcore: registered new interface driver lan78xx
[    9.988248][    T1] usbcore: registered new interface driver asix
[    9.989155][    T1] usbcore: registered new interface driver ax88179_178a
[    9.990135][    T1] usbcore: registered new interface driver cdc_ether
[    9.991113][    T1] usbcore: registered new interface driver cdc_eem
[    9.992079][    T1] usbcore: registered new interface driver dm9601
[    9.993006][    T1] usbcore: registered new interface driver sr9700
[    9.994025][    T1] usbcore: registered new interface driver CoreChips
[    9.995016][    T1] usbcore: registered new interface driver smsc75xx
[    9.995990][    T1] usbcore: registered new interface driver smsc95xx
[    9.996935][    T1] usbcore: registered new interface driver gl620a
[    9.997870][    T1] usbcore: registered new interface driver net1080
[    9.998801][    T1] usbcore: registered new interface driver plusb
[    9.999715][    T1] usbcore: registered new interface driver rndis_host
[   10.000683][    T1] usbcore: registered new interface driver cdc_subset
[   10.001638][    T1] usbcore: registered new interface driver zaurus
[   10.002551][    T1] usbcore: registered new interface driver MOSCHIP usb-ethernet driver
[   10.003915][    T1] usbcore: registered new interface driver int51x1
[   10.004846][    T1] usbcore: registered new interface driver cdc_phonet
[   10.005824][    T1] usbcore: registered new interface driver kalmia
[   10.006754][    T1] usbcore: registered new interface driver ipheth
[   10.007734][    T1] usbcore: registered new interface driver sierra_net
[   10.008861][    T1] usbcore: registered new interface driver cx82310_eth
[   10.010027][    T1] usbcore: registered new interface driver cdc_ncm
[   10.011128][    T1] usbcore: registered new interface driver huawei_cdc_ncm
[   10.012330][    T1] usbcore: registered new interface driver lg-vl600
[   10.013459][    T1] usbcore: registered new interface driver qmi_wwan
[   10.014615][    T1] usbcore: registered new interface driver cdc_mbim
[   10.015794][    T1] usbcore: registered new interface driver ch9200
[   10.016984][    T1] usbcore: registered new interface driver r8153_ecm
[   10.021018][    T1] VFIO - User Level meta-driver version: 0.3
[   10.024922][    T1] aoe: AoE v85 initialised.
[   10.031656][    T1] Warning! fotg210_hcd should always be loaded before uhci_hcd and ohci_hcd, not after
[   10.033525][    T1] SPI driver max3421-hcd has no spi_device_id for maxim,max3421
[   10.035210][    T1] usbcore: registered new interface driver cdc_acm
[   10.036196][    T1] cdc_acm: USB Abstract Control Model driver for USB modems and ISDN adapters
[   10.038006][    T1] usbcore: registered new interface driver usblp
[   10.039392][    T1] usbcore: registered new interface driver cdc_wdm
[   10.040562][    T1] usbcore: registered new interface driver usbtmc
[   10.041942][    T1] usbcore: registered new interface driver uas
[   10.043121][    T1] usbcore: registered new interface driver usb-storage
[   10.043950][  T994] ata2: found unknown device (class 0)
[   10.045652][    T1] usbcore: registered new interface driver ums-alauda
[   10.046428][  T994] ata2.00: ATAPI: QEMU DVD-ROM, 2.5+, max UDMA/100
[   10.046988][    T1] usbcore: registered new interface driver ums-cypress
[   10.050014][   T34] scsi 1:0:0:0: CD-ROM            QEMU     QEMU DVD-ROM     2.5+ PQ: 0 ANSI: 5
[   10.053019][    T1] usbcore: registered new interface driver ums-datafab
[   10.055003][    T1] usbcore: registered new interface driver ums_eneub6250
[   10.056199][    T1] usbcore: registered new interface driver ums-freecom
[   10.057366][    T1] usbcore: registered new interface driver ums-isd200
[   10.058545][    T1] usbcore: registered new interface driver ums-jumpshot
[   10.059760][    T1] usbcore: registered new interface driver ums-karma
[   10.061391][    T1] usbcore: registered new interface driver ums-onetouch
[   10.062614][    T1] usbcore: registered new interface driver ums-realtek
[   10.063973][    T1] usbcore: registered new interface driver ums-sddr09
[   10.065150][    T1] usbcore: registered new interface driver ums-sddr55
[   10.066335][    T1] usbcore: registered new interface driver ums-usbat
[   10.067547][    T1] usbcore: registered new interface driver mdc800
[   10.068488][    T1] mdc800: v0.7.5 (30/10/2000):USB Driver for Mustek MDC800 Digital Camera
[   10.069927][    T1] usbcore: registered new interface driver microtekX6
[   10.071322][    T1] usbcore: registered new interface driver usbserial_generic
[   10.072705][    T1] usbserial: USB Serial support registered for generic
[   10.073988][    T1] usbcore: registered new interface driver aircable
[   10.075126][    T1] usbserial: USB Serial support registered for aircable
[   10.076321][    T1] usbcore: registered new interface driver ark3116
[   10.077435][    T1] usbserial: USB Serial support registered for ark3116
[   10.078650][    T1] usbcore: registered new interface driver belkin_sa
[   10.079809][    T1] usbserial: USB Serial support registered for Belkin / Peracom / GoHubs USB Serial Adapter
[   10.081460][    T1] usbcore: registered new interface driver ch341
[   10.082547][    T1] usbserial: USB Serial support registered for ch341-uart
[   10.083806][    T1] usbcore: registered new interface driver cp210x
[   10.084906][    T1] usbserial: USB Serial support registered for cp210x
[   10.086667][    T1] usbcore: registered new interface driver cyberjack
[   10.087814][    T1] usbserial: USB Serial support registered for Reiner SCT Cyberjack USB card reader
[   10.089360][    T1] usbcore: registered new interface driver cypress_m8
[   10.090534][    T1] usbserial: USB Serial support registered for DeLorme Earthmate USB
[   10.091896][    T1] usbserial: USB Serial support registered for HID->COM RS232 Adapter
[   10.093256][    T1] usbserial: USB Serial support registered for Nokia CA-42 V2 Adapter
[   10.094785][    T1] usbcore: registered new interface driver usb_debug
[   10.097632][    T1] usbserial: USB Serial support registered for debug
[   10.098782][    T1] usbserial: USB Serial support registered for xhci_dbc
[   10.099971][    T1] usbcore: registered new interface driver digi_acceleport
[   10.101200][    T1] usbserial: USB Serial support registered for Digi 2 port USB adapter
[   10.102578][    T1] usbserial: USB Serial support registered for Digi 4 port USB adapter
[   10.104041][    T1] usbcore: registered new interface driver io_edgeport
[   10.105448][    T1] usbserial: USB Serial support registered for Edgeport 2 port adapter
[   10.106879][    T1] usbserial: USB Serial support registered for Edgeport 4 port adapter
[   10.108307][    T1] usbserial: USB Serial support registered for Edgeport 8 port adapter
[   10.109767][    T1] usbserial: USB Serial support registered for EPiC device
[   10.111060][    T1] usbcore: registered new interface driver io_ti
[   10.112214][    T1] usbserial: USB Serial support registered for Edgeport TI 1 port adapter
[   10.113720][    T1] usbserial: USB Serial support registered for Edgeport TI 2 port adapter
[   10.115225][    T1] usbcore: registered new interface driver empeg
[   10.116355][    T1] usbserial: USB Serial support registered for empeg
[   10.117589][    T1] usbcore: registered new interface driver f81534a_ctrl
[   10.118855][    T1] usbcore: registered new interface driver f81232
[   10.120019][    T1] usbserial: USB Serial support registered for f81232
[   10.121241][    T1] usbserial: USB Serial support registered for f81534a
[   10.122457][    T1] usbcore: registered new interface driver f81534
[   10.123632][    T1] usbserial: USB Serial support registered for Fintek F81532/F81534
[   10.125042][    T1] usbcore: registered new interface driver ftdi_sio
[   10.126177][    T1] usbserial: USB Serial support registered for FTDI USB Serial Device
[   10.127579][    T1] usbcore: registered new interface driver garmin_gps
[   10.128773][    T1] usbserial: USB Serial support registered for Garmin GPS usb/tty
[   10.130134][    T1] usbcore: registered new interface driver ipaq
[   10.131217][    T1] usbserial: USB Serial support registered for PocketPC PDA
[   10.132488][    T1] usbcore: registered new interface driver ipw
[   10.133543][    T1] usbserial: USB Serial support registered for IPWireless converter
[   10.134960][    T1] usbcore: registered new interface driver ir_usb
[   10.136089][    T1] usbserial: USB Serial support registered for IR Dongle
[   10.137273][    T1] usbcore: registered new interface driver iuu_phoenix
[   10.138439][    T1] usbserial: USB Serial support registered for iuu_phoenix
[   10.139685][    T1] usbcore: registered new interface driver keyspan
[   10.140802][    T1] usbserial: USB Serial support registered for Keyspan - (without firmware)
[   10.142253][    T1] usbserial: USB Serial support registered for Keyspan 1 port adapter
[   10.143535][    T1] usbserial: USB Serial support registered for Keyspan 2 port adapter
[   10.144692][    T1] usbserial: USB Serial support registered for Keyspan 4 port adapter
[   10.146046][    T1] usbcore: registered new interface driver keyspan_pda
[   10.147048][    T1] usbserial: USB Serial support registered for Keyspan PDA
[   10.148118][    T1] usbserial: USB Serial support registered for Keyspan PDA - (prerenumeration)
[   10.149443][    T1] usbcore: registered new interface driver kl5kusb105
[   10.150540][    T1] usbserial: USB Serial support registered for KL5KUSB105D / PalmConnect
[   10.151766][    T1] usbcore: registered new interface driver kobil_sct
[   10.152785][    T1] usbserial: USB Serial support registered for KOBIL USB smart card terminal
[   10.154523][    T1] usbcore: registered new interface driver mct_u232
[   10.155755][    T1] usbserial: USB Serial support registered for MCT U232
[   10.157075][    T1] usbcore: registered new interface driver metro_usb
[   10.158308][    T1] usbserial: USB Serial support registered for Metrologic USB to Serial
[   10.159832][    T1] usbcore: registered new interface driver mos7720
[   10.161033][    T1] usbserial: USB Serial support registered for Moschip 2 port adapter
[   10.162511][    T1] usbcore: registered new interface driver mos7840
[   10.163732][    T1] usbserial: USB Serial support registered for Moschip 7840/7820 USB Serial Driver
[   10.165401][    T1] usbcore: registered new interface driver mxuport
[   10.166587][    T1] usbserial: USB Serial support registered for MOXA UPort
[   10.167875][    T1] usbcore: registered new interface driver navman
[   10.169052][    T1] usbserial: USB Serial support registered for navman
[   10.170267][    T1] usbcore: registered new interface driver omninet
[   10.171428][    T1] usbserial: USB Serial support registered for ZyXEL - omni.net usb
[   10.172845][    T1] usbcore: registered new interface driver opticon
[   10.174148][    T1] usbserial: USB Serial support registered for opticon
[   10.175822][   T34] sr 1:0:0:0: [sr0] scsi3-mmc drive: 4x/4x cd/rw xa/form2 tray
[   10.176978][   T34] cdrom: Uniform CD-ROM driver Revision: 3.20
[   10.178206][    T1] usbcore: registered new interface driver option
[   10.179337][    T1] usbserial: USB Serial support registered for GSM modem (1-port)
[   10.180682][    T1] usbcore: registered new interface driver oti6858
[   10.181815][    T1] usbserial: USB Serial support registered for oti6858
[   10.183015][    T1] usbcore: registered new interface driver pl2303
[   10.184193][    T1] usbserial: USB Serial support registered for pl2303
[   10.185375][    T1] usbcore: registered new interface driver qcaux
[   10.186482][    T1] usbserial: USB Serial support registered for qcaux
[   10.187665][    T1] usbcore: registered new interface driver qcserial
[   10.188818][    T1] usbserial: USB Serial support registered for Qualcomm USB modem
[   10.190181][    T1] usbcore: registered new interface driver quatech2
[   10.191274][    T1] usbserial: USB Serial support registered for Quatech 2nd gen USB to Serial Driver
[   10.192553][    T1] usbcore: registered new interface driver safe_serial
[   10.193523][    T1] usbserial: USB Serial support registered for safe_serial
[   10.194698][    T1] usbcore: registered new interface driver sierra
[   10.195692][    T1] usbserial: USB Serial support registered for Sierra USB modem
[   10.197058][    T1] usbcore: registered new interface driver usb_serial_simple
[   10.198167][    T1] usbserial: USB Serial support registered for carelink
[   10.199235][    T1] usbserial: USB Serial support registered for zio
[   10.200202][    T1] usbserial: USB Serial support registered for funsoft
[   10.201230][    T1] usbserial: USB Serial support registered for flashloader
[   10.202333][    T1] usbserial: USB Serial support registered for google
[   10.203415][    T1] usbserial: USB Serial support registered for libtransistor
[   10.204555][    T1] usbserial: USB Serial support registered for vivopay
[   10.205730][    T1] usbserial: USB Serial support registered for moto_modem
[   10.206964][    T1] usbserial: USB Serial support registered for motorola_tetra
[   10.208252][    T1] usbserial: USB Serial support registered for nokia
[   10.209422][    T1] usbserial: USB Serial support registered for novatel_gps
[   10.210720][    T1] usbserial: USB Serial support registered for hp4x
[   10.211894][    T1] usbserial: USB Serial support registered for suunto
[   10.213103][    T1] usbserial: USB Serial support registered for siemens_mpi
[   10.214427][    T1] usbcore: registered new interface driver spcp8x5
[   10.215544][    T1] usbserial: USB Serial support registered for SPCP8x5
[   10.216685][    T1] usbcore: registered new interface driver ssu100
[   10.217731][    T1] usbserial: USB Serial support registered for Quatech SSU-100 USB to Serial Driver
[   10.219247][    T1] usbcore: registered new interface driver symbolserial
[   10.220569][    T1] usbserial: USB Serial support registered for symbol
[   10.221671][    T1] usbcore: registered new interface driver ti_usb_3410_5052
[   10.222851][    T1] usbserial: USB Serial support registered for TI USB 3410 1 port adapter
[   10.224235][    T1] usbserial: USB Serial support registered for TI USB 5052 2 port adapter
[   10.225617][    T1] usbcore: registered new interface driver upd78f0730
[   10.226724][    T1] usbserial: USB Serial support registered for upd78f0730
[   10.227895][    T1] usbcore: registered new interface driver visor
[   10.228923][    T1] usbserial: USB Serial support registered for Handspring Visor / Palm OS
[   10.230278][    T1] usbserial: USB Serial support registered for Sony Clie 5.0
[   10.231471][    T1] usbserial: USB Serial support registered for Sony Clie 3.5
[   10.232676][    T1] usbcore: registered new interface driver wishbone_serial
[   10.233895][    T1] usbserial: USB Serial support registered for wishbone_serial
[   10.235867][    T1] usbcore: registered new interface driver whiteheat
[   10.241360][   T34] sr 1:0:0:0: Attached scsi generic sg0 type 5
[   10.242542][    T1] usbserial: USB Serial support registered for Connect Tech - WhiteHEAT - (prerenumeration)
[   10.244186][    T1] usbserial: USB Serial support registered for Connect Tech - WhiteHEAT
[   10.245540][    T1] usbcore: registered new interface driver xr_serial
[   10.246637][    T1] usbserial: USB Serial support registered for xr_serial
[   10.247807][    T1] usbcore: registered new interface driver xsens_mt
[   10.248879][    T1] usbserial: USB Serial support registered for xsens_mt
[   10.250020][    T1] usbcore: registered new interface driver adutux
[   10.251099][    T1] usbcore: registered new interface driver appledisplay
[   10.252253][    T1] usbcore: registered new interface driver cypress_cy7c63
[   10.253415][    T1] usbcore: registered new interface driver cytherm
[   10.254821][    T1] usbcore: registered new interface driver emi26 - firmware loader
[   10.256105][    T1] usbcore: registered new interface driver emi62 - firmware loader
[   10.257305][    T1] ftdi_elan: driver ftdi-elan
[   10.258105][    T1] usbcore: registered new interface driver ftdi-elan
[   10.259214][    T1] usbcore: registered new interface driver idmouse
[   10.260447][    T1] usbcore: registered new interface driver iowarrior
[   10.261561][    T1] usbcore: registered new interface driver isight_firmware
[   10.262760][    T1] usbcore: registered new interface driver usblcd
[   10.263937][    T1] usbcore: registered new interface driver ldusb
[   10.264998][    T1] usbcore: registered new interface driver legousbtower
[   10.266180][    T1] usbcore: registered new interface driver usbtest
[   10.267279][    T1] usbcore: registered new interface driver usb_ehset_test
[   10.268456][    T1] usbcore: registered new interface driver trancevibrator
[   10.269634][    T1] usbcore: registered new interface driver uss720
[   10.270631][    T1] uss720: USB Parport Cable driver for Cables using the Lucent Technologies USS720 Chip
[   10.272131][    T1] uss720: NOTE: this is a special purpose driver to allow nonstandard
[   10.273386][    T1] uss720: protocols (eg. bitbang) over USS720 usb to parallel cables
[   10.274660][    T1] uss720: If you just want to connect to a printer, use usblp instead
[   10.275937][    T1] usbcore: registered new interface driver usbsevseg
[   10.276892][    T1] usbcore: registered new interface driver yurex
[   10.278446][    T1] usbcore: registered new interface driver chaoskey
[   10.279415][    T1] usbcore: registered new interface driver sisusb
[   10.280335][    T1] usbcore: registered new interface driver lvs
[   10.281224][    T1] usbcore: registered new interface driver cxacru
[   10.282183][    T1] usbcore: registered new interface driver speedtch
[   10.283170][    T1] usbcore: registered new interface driver ueagle-atm
[   10.284085][    T1] xusbatm: malformed module parameters
[   10.285582][    T1] dummy_hcd dummy_hcd.0: USB Host+Gadget Emulator, driver 02 May 2005
[   10.286687][    T1] dummy_hcd dummy_hcd.0: Dummy host controller
[   10.289399][    T1] dummy_hcd dummy_hcd.0: new USB bus registered, assigned bus number 1
[   10.291174][    T1] usb usb1: New USB device found, idVendor=1d6b, idProduct=0002, bcdDevice= 6.01
[   10.292408][    T1] usb usb1: New USB device strings: Mfr=3, Product=2, SerialNumber=1
[   10.293489][    T1] usb usb1: Product: Dummy host controller
[   10.294290][    T1] usb usb1: Manufacturer: Linux 6.1.0-rc4-00011-g59f2f4b8a757-dirty dummy_hcd
[   10.295465][    T1] usb usb1: SerialNumber: dummy_hcd.0
[   10.297819][    T1] hub 1-0:1.0: USB hub found
[   10.298632][    T1] hub 1-0:1.0: 1 port detected
[   10.303312][    T1] gadgetfs: USB Gadget filesystem, version 24 Aug 2004
[   10.306470][    T1] vhci_hcd vhci_hcd.0: USB/IP Virtual Host Controller
[   10.307749][    T1] vhci_hcd vhci_hcd.0: new USB bus registered, assigned bus number 2
[   10.309004][    T1] vhci_hcd: created sysfs vhci_hcd.0
[   10.310309][    T1] usb usb2: New USB device found, idVendor=1d6b, idProduct=0002, bcdDevice= 6.01
[   10.311514][    T1] usb usb2: New USB device strings: Mfr=3, Product=2, SerialNumber=1
[   10.312557][    T1] usb usb2: Product: USB/IP Virtual Host Controller
[   10.313419][    T1] usb usb2: Manufacturer: Linux 6.1.0-rc4-00011-g59f2f4b8a757-dirty vhci_hcd
[   10.314592][    T1] usb usb2: SerialNumber: vhci_hcd.0
[   10.316357][    T1] hub 2-0:1.0: USB hub found
[   10.317115][    T1] hub 2-0:1.0: 8 ports detected
[   10.320800][    T1] vhci_hcd vhci_hcd.0: USB/IP Virtual Host Controller
[   10.322030][    T1] vhci_hcd vhci_hcd.0: new USB bus registered, assigned bus number 3
[   10.323401][    T1] usb usb3: We don't know the algorithms for LPM for this host, disabling LPM.
[   10.325491][    T1] usb usb3: New USB device found, idVendor=1d6b, idProduct=0003, bcdDevice= 6.01
[   10.326838][    T1] usb usb3: New USB device strings: Mfr=3, Product=2, SerialNumber=1
[   10.328044][    T1] usb usb3: Product: USB/IP Virtual Host Controller
[   10.329039][    T1] usb usb3: Manufacturer: Linux 6.1.0-rc4-00011-g59f2f4b8a757-dirty vhci_hcd
[   10.330368][    T1] usb usb3: SerialNumber: vhci_hcd.0
[   10.332225][    T1] hub 3-0:1.0: USB hub found
[   10.333027][    T1] hub 3-0:1.0: 8 ports detected
[   10.338678][    T1] vhci_hcd vhci_hcd.1: USB/IP Virtual Host Controller
[   10.340053][    T1] vhci_hcd vhci_hcd.1: new USB bus registered, assigned bus number 4
[   10.341620][    T1] usb usb4: New USB device found, idVendor=1d6b, idProduct=0002, bcdDevice= 6.01
[   10.342997][    T1] usb usb4: New USB device strings: Mfr=3, Product=2, SerialNumber=1
[   10.344293][    T1] usb usb4: Product: USB/IP Virtual Host Controller
[   10.345291][    T1] usb usb4: Manufacturer: Linux 6.1.0-rc4-00011-g59f2f4b8a757-dirty vhci_hcd
[   10.346642][    T1] usb usb4: SerialNumber: vhci_hcd.1
[   10.348554][    T1] hub 4-0:1.0: USB hub found
[   10.349345][    T1] hub 4-0:1.0: 8 ports detected
[   10.353176][    T1] vhci_hcd vhci_hcd.1: USB/IP Virtual Host Controller
[   10.354672][    T1] vhci_hcd vhci_hcd.1: new USB bus registered, assigned bus number 5
[   10.356055][    T1] usb usb5: We don't know the algorithms for LPM for this host, disabling LPM.
[   10.357692][    T1] usb usb5: New USB device found, idVendor=1d6b, idProduct=0003, bcdDevice= 6.01
[   10.359083][    T1] usb usb5: New USB device strings: Mfr=3, Product=2, SerialNumber=1
[   10.360297][    T1] usb usb5: Product: USB/IP Virtual Host Controller
[   10.361274][    T1] usb usb5: Manufacturer: Linux 6.1.0-rc4-00011-g59f2f4b8a757-dirty vhci_hcd
[   10.362605][    T1] usb usb5: SerialNumber: vhci_hcd.1
[   10.364524][    T1] hub 5-0:1.0: USB hub found
[   10.365294][    T1] hub 5-0:1.0: 8 ports detected
[   10.369779][    T1] vhci_hcd vhci_hcd.2: USB/IP Virtual Host Controller
[   10.371177][    T1] vhci_hcd vhci_hcd.2: new USB bus registered, assigned bus number 6
[   10.372741][    T1] usb usb6: New USB device found, idVendor=1d6b, idProduct=0002, bcdDevice= 6.01
[   10.374121][    T1] usb usb6: New USB device strings: Mfr=3, Product=2, SerialNumber=1
[   10.375335][    T1] usb usb6: Product: USB/IP Virtual Host Controller
[   10.376327][    T1] usb usb6: Manufacturer: Linux 6.1.0-rc4-00011-g59f2f4b8a757-dirty vhci_hcd
[   10.377668][    T1] usb usb6: SerialNumber: vhci_hcd.2
[   10.379632][    T1] hub 6-0:1.0: USB hub found
[   10.380426][    T1] hub 6-0:1.0: 8 ports detected
[   10.384277][    T1] vhci_hcd vhci_hcd.2: USB/IP Virtual Host Controller
[   10.385671][    T1] vhci_hcd vhci_hcd.2: new USB bus registered, assigned bus number 7
[   10.387092][    T1] usb usb7: We don't know the algorithms for LPM for this host, disabling LPM.
[   10.388777][    T1] usb usb7: New USB device found, idVendor=1d6b, idProduct=0003, bcdDevice= 6.01
[   10.390212][    T1] usb usb7: New USB device strings: Mfr=3, Product=2, SerialNumber=1
[   10.391459][    T1] usb usb7: Product: USB/IP Virtual Host Controller
[   10.392462][    T1] usb usb7: Manufacturer: Linux 6.1.0-rc4-00011-g59f2f4b8a757-dirty vhci_hcd
[   10.393836][    T1] usb usb7: SerialNumber: vhci_hcd.2
[   10.395703][    T1] hub 7-0:1.0: USB hub found
[   10.396490][    T1] hub 7-0:1.0: 8 ports detected
[   10.401064][    T1] vhci_hcd vhci_hcd.3: USB/IP Virtual Host Controller
[   10.402316][    T1] vhci_hcd vhci_hcd.3: new USB bus registered, assigned bus number 8
[   10.403983][    T1] usb usb8: New USB device found, idVendor=1d6b, idProduct=0002, bcdDevice= 6.01
[   10.405420][    T1] usb usb8: New USB device strings: Mfr=3, Product=2, SerialNumber=1
[   10.406703][    T1] usb usb8: Product: USB/IP Virtual Host Controller
[   10.407758][    T1] usb usb8: Manufacturer: Linux 6.1.0-rc4-00011-g59f2f4b8a757-dirty vhci_hcd
[   10.409145][    T1] usb usb8: SerialNumber: vhci_hcd.3
[   10.411076][    T1] hub 8-0:1.0: USB hub found
[   10.411876][    T1] hub 8-0:1.0: 8 ports detected
[   10.415836][    T1] vhci_hcd vhci_hcd.3: USB/IP Virtual Host Controller
[   10.417228][    T1] vhci_hcd vhci_hcd.3: new USB bus registered, assigned bus number 9
[   10.418676][    T1] usb usb9: We don't know the algorithms for LPM for this host, disabling LPM.
[   10.420381][    T1] usb usb9: New USB device found, idVendor=1d6b, idProduct=0003, bcdDevice= 6.01
[   10.421815][    T1] usb usb9: New USB device strings: Mfr=3, Product=2, SerialNumber=1
[   10.423077][    T1] usb usb9: Product: USB/IP Virtual Host Controller
[   10.424200][    T1] usb usb9: Manufacturer: Linux 6.1.0-rc4-00011-g59f2f4b8a757-dirty vhci_hcd
[   10.425584][    T1] usb usb9: SerialNumber: vhci_hcd.3
[   10.427519][    T1] hub 9-0:1.0: USB hub found
[   10.428335][    T1] hub 9-0:1.0: 8 ports detected
[   10.433230][    T1] vhci_hcd vhci_hcd.4: USB/IP Virtual Host Controller
[   10.434701][    T1] vhci_hcd vhci_hcd.4: new USB bus registered, assigned bus number 10
[   10.436334][    T1] usb usb10: New USB device found, idVendor=1d6b, idProduct=0002, bcdDevice= 6.01
[   10.437774][    T1] usb usb10: New USB device strings: Mfr=3, Product=2, SerialNumber=1
[   10.439067][    T1] usb usb10: Product: USB/IP Virtual Host Controller
[   10.440111][    T1] usb usb10: Manufacturer: Linux 6.1.0-rc4-00011-g59f2f4b8a757-dirty vhci_hcd
[   10.441521][    T1] usb usb10: SerialNumber: vhci_hcd.4
[   10.443457][    T1] hub 10-0:1.0: USB hub found
[   10.444325][    T1] hub 10-0:1.0: 8 ports detected
[   10.448213][    T1] vhci_hcd vhci_hcd.4: USB/IP Virtual Host Controller
[   10.449619][    T1] vhci_hcd vhci_hcd.4: new USB bus registered, assigned bus number 11
[   10.451096][    T1] usb usb11: We don't know the algorithms for LPM for this host, disabling LPM.
[   10.452852][    T1] usb usb11: New USB device found, idVendor=1d6b, idProduct=0003, bcdDevice= 6.01
[   10.454343][    T1] usb usb11: New USB device strings: Mfr=3, Product=2, SerialNumber=1
[   10.455651][    T1] usb usb11: Product: USB/IP Virtual Host Controller
[   10.456701][    T1] usb usb11: Manufacturer: Linux 6.1.0-rc4-00011-g59f2f4b8a757-dirty vhci_hcd
[   10.458094][    T1] usb usb11: SerialNumber: vhci_hcd.4
[   10.460035][    T1] hub 11-0:1.0: USB hub found
[   10.460858][    T1] hub 11-0:1.0: 8 ports detected
[   10.465535][    T1] vhci_hcd vhci_hcd.5: USB/IP Virtual Host Controller
[   10.466982][    T1] vhci_hcd vhci_hcd.5: new USB bus registered, assigned bus number 12
[   10.468633][    T1] usb usb12: New USB device found, idVendor=1d6b, idProduct=0002, bcdDevice= 6.01
[   10.470047][    T1] usb usb12: New USB device strings: Mfr=3, Product=2, SerialNumber=1
[   10.471319][    T1] usb usb12: Product: USB/IP Virtual Host Controller
[   10.472369][    T1] usb usb12: Manufacturer: Linux 6.1.0-rc4-00011-g59f2f4b8a757-dirty vhci_hcd
[   10.473798][    T1] usb usb12: SerialNumber: vhci_hcd.5
[   10.475829][    T1] hub 12-0:1.0: USB hub found
[   10.476652][    T1] hub 12-0:1.0: 8 ports detected
[   10.480487][    T1] vhci_hcd vhci_hcd.5: USB/IP Virtual Host Controller
[   10.481920][    T1] vhci_hcd vhci_hcd.5: new USB bus registered, assigned bus number 13
[   10.483295][    T1] usb usb13: We don't know the algorithms for LPM for this host, disabling LPM.
[   10.484944][    T1] usb usb13: New USB device found, idVendor=1d6b, idProduct=0003, bcdDevice= 6.01
[   10.486128][    T1] usb usb13: New USB device strings: Mfr=3, Product=2, SerialNumber=1
[   10.487190][    T1] usb usb13: Product: USB/IP Virtual Host Controller
[   10.488040][    T1] usb usb13: Manufacturer: Linux 6.1.0-rc4-00011-g59f2f4b8a757-dirty vhci_hcd
[   10.489161][    T1] usb usb13: SerialNumber: vhci_hcd.5
[   10.490956][    T1] hub 13-0:1.0: USB hub found
[   10.491664][    T1] hub 13-0:1.0: 8 ports detected
[   10.496174][    T1] vhci_hcd vhci_hcd.6: USB/IP Virtual Host Controller
[   10.497388][    T1] vhci_hcd vhci_hcd.6: new USB bus registered, assigned bus number 14
[   10.498824][    T1] usb usb14: New USB device found, idVendor=1d6b, idProduct=0002, bcdDevice= 6.01
[   10.500001][    T1] usb usb14: New USB device strings: Mfr=3, Product=2, SerialNumber=1
[   10.501031][    T1] usb usb14: Product: USB/IP Virtual Host Controller
[   10.501877][    T1] usb usb14: Manufacturer: Linux 6.1.0-rc4-00011-g59f2f4b8a757-dirty vhci_hcd
[   10.502999][    T1] usb usb14: SerialNumber: vhci_hcd.6
[   10.504766][    T1] hub 14-0:1.0: USB hub found
[   10.505442][    T1] hub 14-0:1.0: 8 ports detected
[   10.509528][    T1] vhci_hcd vhci_hcd.6: USB/IP Virtual Host Controller
[   10.510719][    T1] vhci_hcd vhci_hcd.6: new USB bus registered, assigned bus number 15
[   10.511905][    T1] usb usb15: We don't know the algorithms for LPM for this host, disabling LPM.
[   10.513349][    T1] usb usb15: New USB device found, idVendor=1d6b, idProduct=0003, bcdDevice= 6.01
[   10.514535][    T1] usb usb15: New USB device strings: Mfr=3, Product=2, SerialNumber=1
[   10.515576][    T1] usb usb15: Product: USB/IP Virtual Host Controller
[   10.516417][    T1] usb usb15: Manufacturer: Linux 6.1.0-rc4-00011-g59f2f4b8a757-dirty vhci_hcd
[   10.517524][    T1] usb usb15: SerialNumber: vhci_hcd.6
[   10.519367][    T1] hub 15-0:1.0: USB hub found
[   10.520041][    T1] hub 15-0:1.0: 8 ports detected
[   10.524555][    T1] vhci_hcd vhci_hcd.7: USB/IP Virtual Host Controller
[   10.526050][    T1] vhci_hcd vhci_hcd.7: new USB bus registered, assigned bus number 16
[   10.527445][    T1] usb usb16: New USB device found, idVendor=1d6b, idProduct=0002, bcdDevice= 6.01
[   10.528607][    T1] usb usb16: New USB device strings: Mfr=3, Product=2, SerialNumber=1
[   10.529627][    T1] usb usb16: Product: USB/IP Virtual Host Controller
[   10.530463][    T1] usb usb16: Manufacturer: Linux 6.1.0-rc4-00011-g59f2f4b8a757-dirty vhci_hcd
[   10.531594][    T1] usb usb16: SerialNumber: vhci_hcd.7
[   10.533422][    T1] hub 16-0:1.0: USB hub found
[   10.534145][    T1] hub 16-0:1.0: 8 ports detected
[   10.537806][    T1] vhci_hcd vhci_hcd.7: USB/IP Virtual Host Controller
[   10.539048][    T1] vhci_hcd vhci_hcd.7: new USB bus registered, assigned bus number 17
[   10.540231][    T1] usb usb17: We don't know the algorithms for LPM for this host, disabling LPM.
[   10.541680][    T1] usb usb17: New USB device found, idVendor=1d6b, idProduct=0003, bcdDevice= 6.01
[   10.542844][    T1] usb usb17: New USB device strings: Mfr=3, Product=2, SerialNumber=1
[   10.543891][    T1] usb usb17: Product: USB/IP Virtual Host Controller
[   10.544732][    T1] usb usb17: Manufacturer: Linux 6.1.0-rc4-00011-g59f2f4b8a757-dirty vhci_hcd
[   10.545836][    T1] usb usb17: SerialNumber: vhci_hcd.7
[   10.547907][    T1] hub 17-0:1.0: USB hub found
[   10.548622][    T1] hub 17-0:1.0: 8 ports detected
[   10.553157][    T1] vhci_hcd vhci_hcd.8: USB/IP Virtual Host Controller
[   10.554637][    T1] vhci_hcd vhci_hcd.8: new USB bus registered, assigned bus number 18
[   10.556137][    T1] usb usb18: New USB device found, idVendor=1d6b, idProduct=0002, bcdDevice= 6.01
[   10.557525][    T1] usb usb18: New USB device strings: Mfr=3, Product=2, SerialNumber=1
[   10.558633][    T1] usb usb18: Product: USB/IP Virtual Host Controller
[   10.559513][    T1] usb usb18: Manufacturer: Linux 6.1.0-rc4-00011-g59f2f4b8a757-dirty vhci_hcd
[   10.560666][    T1] usb usb18: SerialNumber: vhci_hcd.8
[   10.562528][    T1] hub 18-0:1.0: USB hub found
[   10.563258][    T1] hub 18-0:1.0: 8 ports detected
[   10.567085][    T1] vhci_hcd vhci_hcd.8: USB/IP Virtual Host Controller
[   10.568327][    T1] vhci_hcd vhci_hcd.8: new USB bus registered, assigned bus number 19
[   10.569561][    T1] usb usb19: We don't know the algorithms for LPM for this host, disabling LPM.
[   10.571092][    T1] usb usb19: New USB device found, idVendor=1d6b, idProduct=0003, bcdDevice= 6.01
[   10.572317][    T1] usb usb19: New USB device strings: Mfr=3, Product=2, SerialNumber=1
[   10.573396][    T1] usb usb19: Product: USB/IP Virtual Host Controller
[   10.574389][    T1] usb usb19: Manufacturer: Linux 6.1.0-rc4-00011-g59f2f4b8a757-dirty vhci_hcd
[   10.575769][    T1] usb usb19: SerialNumber: vhci_hcd.8
[   10.578042][    T1] hub 19-0:1.0: USB hub found
[   10.578865][    T1] hub 19-0:1.0: 8 ports detected
[   10.583539][    T1] vhci_hcd vhci_hcd.9: USB/IP Virtual Host Controller
[   10.584976][    T1] vhci_hcd vhci_hcd.9: new USB bus registered, assigned bus number 20
[   10.586653][    T1] usb usb20: New USB device found, idVendor=1d6b, idProduct=0002, bcdDevice= 6.01
[   10.588070][    T1] usb usb20: New USB device strings: Mfr=3, Product=2, SerialNumber=1
[   10.589358][    T1] usb usb20: Product: USB/IP Virtual Host Controller
[   10.590402][    T1] usb usb20: Manufacturer: Linux 6.1.0-rc4-00011-g59f2f4b8a757-dirty vhci_hcd
[   10.591805][    T1] usb usb20: SerialNumber: vhci_hcd.9
[   10.593824][    T1] hub 20-0:1.0: USB hub found
[   10.594666][    T1] hub 20-0:1.0: 8 ports detected
[   10.598481][    T1] vhci_hcd vhci_hcd.9: USB/IP Virtual Host Controller
[   10.599864][    T1] vhci_hcd vhci_hcd.9: new USB bus registered, assigned bus number 21
[   10.601297][    T1] usb usb21: We don't know the algorithms for LPM for this host, disabling LPM.
[   10.603022][    T1] usb usb21: New USB device found, idVendor=1d6b, idProduct=0003, bcdDevice= 6.01
[   10.604491][    T1] usb usb21: New USB device strings: Mfr=3, Product=2, SerialNumber=1
[   10.605764][    T1] usb usb21: Product: USB/IP Virtual Host Controller
[   10.606807][    T1] usb usb21: Manufacturer: Linux 6.1.0-rc4-00011-g59f2f4b8a757-dirty vhci_hcd
[   10.608202][    T1] usb usb21: SerialNumber: vhci_hcd.9
[   10.610151][    T1] hub 21-0:1.0: USB hub found
[   10.611082][    T1] hub 21-0:1.0: 8 ports detected
[   10.615987][    T1] vhci_hcd vhci_hcd.10: USB/IP Virtual Host Controller
[   10.617414][    T1] vhci_hcd vhci_hcd.10: new USB bus registered, assigned bus number 22
[   10.619085][    T1] usb usb22: New USB device found, idVendor=1d6b, idProduct=0002, bcdDevice= 6.01
[   10.620519][    T1] usb usb22: New USB device strings: Mfr=3, Product=2, SerialNumber=1
[   10.621803][    T1] usb usb22: Product: USB/IP Virtual Host Controller
[   10.622848][    T1] usb usb22: Manufacturer: Linux 6.1.0-rc4-00011-g59f2f4b8a757-dirty vhci_hcd
[   10.624289][    T1] usb usb22: SerialNumber: vhci_hcd.10
[   10.626210][    T1] hub 22-0:1.0: USB hub found
[   10.627050][    T1] hub 22-0:1.0: 8 ports detected
[   10.631094][    T1] vhci_hcd vhci_hcd.10: USB/IP Virtual Host Controller
[   10.632498][    T1] vhci_hcd vhci_hcd.10: new USB bus registered, assigned bus number 23
[   10.633971][    T1] usb usb23: We don't know the algorithms for LPM for this host, disabling LPM.
[   10.635680][    T1] usb usb23: New USB device found, idVendor=1d6b, idProduct=0003, bcdDevice= 6.01
[   10.637109][    T1] usb usb23: New USB device strings: Mfr=3, Product=2, SerialNumber=1
[   10.638393][    T1] usb usb23: Product: USB/IP Virtual Host Controller
[   10.639441][    T1] usb usb23: Manufacturer: Linux 6.1.0-rc4-00011-g59f2f4b8a757-dirty vhci_hcd
[   10.640823][    T1] usb usb23: SerialNumber: vhci_hcd.10
[   10.642785][    T1] hub 23-0:1.0: USB hub found
[   10.643633][    T1] hub 23-0:1.0: 8 ports detected
[   10.648349][    T1] vhci_hcd vhci_hcd.11: USB/IP Virtual Host Controller
[   10.649768][    T1] vhci_hcd vhci_hcd.11: new USB bus registered, assigned bus number 24
[   10.651421][    T1] usb usb24: New USB device found, idVendor=1d6b, idProduct=0002, bcdDevice= 6.01
[   10.652844][    T1] usb usb24: New USB device strings: Mfr=3, Product=2, SerialNumber=1
[   10.654159][    T1] usb usb24: Product: USB/IP Virtual Host Controller
[   10.655224][    T1] usb usb24: Manufacturer: Linux 6.1.0-rc4-00011-g59f2f4b8a757-dirty vhci_hcd
[   10.656610][    T1] usb usb24: SerialNumber: vhci_hcd.11
[   10.658536][    T1] hub 24-0:1.0: USB hub found
[   10.659353][    T1] hub 24-0:1.0: 8 ports detected
[   10.663440][    T1] vhci_hcd vhci_hcd.11: USB/IP Virtual Host Controller
[   10.664866][    T1] vhci_hcd vhci_hcd.11: new USB bus registered, assigned bus number 25
[   10.666244][    T1] usb usb25: We don't know the algorithms for LPM for this host, disabling LPM.
[   10.667694][    T1] usb usb25: New USB device found, idVendor=1d6b, idProduct=0003, bcdDevice= 6.01
[   10.668860][    T1] usb usb25: New USB device strings: Mfr=3, Product=2, SerialNumber=1
[   10.669889][    T1] usb usb25: Product: USB/IP Virtual Host Controller
[   10.670743][    T1] usb usb25: Manufacturer: Linux 6.1.0-rc4-00011-g59f2f4b8a757-dirty vhci_hcd
[   10.671857][    T1] usb usb25: SerialNumber: vhci_hcd.11
[   10.673697][    T1] hub 25-0:1.0: USB hub found
[   10.674374][    T1] hub 25-0:1.0: 8 ports detected
[   10.678845][    T1] vhci_hcd vhci_hcd.12: USB/IP Virtual Host Controller
[   10.680050][    T1] vhci_hcd vhci_hcd.12: new USB bus registered, assigned bus number 26
[   10.681451][    T1] usb usb26: New USB device found, idVendor=1d6b, idProduct=0002, bcdDevice= 6.01
[   10.682623][    T1] usb usb26: New USB device strings: Mfr=3, Product=2, SerialNumber=1
[   10.683672][    T1] usb usb26: Product: USB/IP Virtual Host Controller
[   10.684506][    T1] usb usb26: Manufacturer: Linux 6.1.0-rc4-00011-g59f2f4b8a757-dirty vhci_hcd
[   10.685611][    T1] usb usb26: SerialNumber: vhci_hcd.12
[   10.687378][    T1] hub 26-0:1.0: USB hub found
[   10.688053][    T1] hub 26-0:1.0: 8 ports detected
[   10.691641][ T1644] kworker/u4:3 (1644) used greatest stack depth: 27216 bytes left
[   10.691909][    T1] vhci_hcd vhci_hcd.12: USB/IP Virtual Host Controller
[   10.693889][    T1] vhci_hcd vhci_hcd.12: new USB bus registered, assigned bus number 27
[   10.695076][    T1] usb usb27: We don't know the algorithms for LPM for this host, disabling LPM.
[   10.696486][    T1] usb usb27: New USB device found, idVendor=1d6b, idProduct=0003, bcdDevice= 6.01
[   10.697624][    T1] usb usb27: New USB device strings: Mfr=3, Product=2, SerialNumber=1
[   10.698642][    T1] usb usb27: Product: USB/IP Virtual Host Controller
[   10.699465][    T1] usb usb27: Manufacturer: Linux 6.1.0-rc4-00011-g59f2f4b8a757-dirty vhci_hcd
[   10.700552][    T1] usb usb27: SerialNumber: vhci_hcd.12
[   10.702257][    T1] hub 27-0:1.0: USB hub found
[   10.703087][    T1] hub 27-0:1.0: 8 ports detected
[   10.708505][    T1] vhci_hcd vhci_hcd.13: USB/IP Virtual Host Controller
[   10.709923][    T1] vhci_hcd vhci_hcd.13: new USB bus registered, assigned bus number 28
[   10.711437][    T1] usb usb28: New USB device found, idVendor=1d6b, idProduct=0002, bcdDevice= 6.01
[   10.712582][    T1] usb usb28: New USB device strings: Mfr=3, Product=2, SerialNumber=1
[   10.713641][    T1] usb usb28: Product: USB/IP Virtual Host Controller
[   10.714616][    T1] usb usb28: Manufacturer: Linux 6.1.0-rc4-00011-g59f2f4b8a757-dirty vhci_hcd
[   10.715718][    T1] usb usb28: SerialNumber: vhci_hcd.13
[   10.717799][    T1] hub 28-0:1.0: USB hub found
[   10.718576][    T1] hub 28-0:1.0: 8 ports detected
[   10.722703][    T1] vhci_hcd vhci_hcd.13: USB/IP Virtual Host Controller
[   10.724035][    T1] vhci_hcd vhci_hcd.13: new USB bus registered, assigned bus number 29
[   10.725350][    T1] usb usb29: We don't know the algorithms for LPM for this host, disabling LPM.
[   10.726793][    T1] usb usb29: New USB device found, idVendor=1d6b, idProduct=0003, bcdDevice= 6.01
[   10.727935][    T1] usb usb29: New USB device strings: Mfr=3, Product=2, SerialNumber=1
[   10.728947][    T1] usb usb29: Product: USB/IP Virtual Host Controller
[   10.729916][    T1] usb usb29: Manufacturer: Linux 6.1.0-rc4-00011-g59f2f4b8a757-dirty vhci_hcd
[   10.731268][    T1] usb usb29: SerialNumber: vhci_hcd.13
[   10.733519][    T1] hub 29-0:1.0: USB hub found
[   10.734354][    T1] hub 29-0:1.0: 8 ports detected
[   10.739039][    T1] vhci_hcd vhci_hcd.14: USB/IP Virtual Host Controller
[   10.740259][    T1] vhci_hcd vhci_hcd.14: new USB bus registered, assigned bus number 30
[   10.741651][    T1] usb usb30: New USB device found, idVendor=1d6b, idProduct=0002, bcdDevice= 6.01
[   10.742799][    T1] usb usb30: New USB device strings: Mfr=3, Product=2, SerialNumber=1
[   10.743847][    T1] usb usb30: Product: USB/IP Virtual Host Controller
[   10.744683][    T1] usb usb30: Manufacturer: Linux 6.1.0-rc4-00011-g59f2f4b8a757-dirty vhci_hcd
[   10.745789][    T1] usb usb30: SerialNumber: vhci_hcd.14
[   10.747524][    T1] hub 30-0:1.0: USB hub found
[   10.748262][    T1] hub 30-0:1.0: 8 ports detected
[   10.752488][    T1] vhci_hcd vhci_hcd.14: USB/IP Virtual Host Controller
[   10.753770][    T1] vhci_hcd vhci_hcd.14: new USB bus registered, assigned bus number 31
[   10.754951][    T1] usb usb31: We don't know the algorithms for LPM for this host, disabling LPM.
[   10.756439][    T1] usb usb31: New USB device found, idVendor=1d6b, idProduct=0003, bcdDevice= 6.01
[   10.757600][    T1] usb usb31: New USB device strings: Mfr=3, Product=2, SerialNumber=1
[   10.758626][    T1] usb usb31: Product: USB/IP Virtual Host Controller
[   10.759464][    T1] usb usb31: Manufacturer: Linux 6.1.0-rc4-00011-g59f2f4b8a757-dirty vhci_hcd
[   10.760566][    T1] usb usb31: SerialNumber: vhci_hcd.14
[   10.762313][    T1] hub 31-0:1.0: USB hub found
[   10.762999][    T1] hub 31-0:1.0: 8 ports detected
[   10.767465][    T1] vhci_hcd vhci_hcd.15: USB/IP Virtual Host Controller
[   10.768670][    T1] vhci_hcd vhci_hcd.15: new USB bus registered, assigned bus number 32
[   10.770063][    T1] usb usb32: New USB device found, idVendor=1d6b, idProduct=0002, bcdDevice= 6.01
[   10.771224][    T1] usb usb32: New USB device strings: Mfr=3, Product=2, SerialNumber=1
[   10.772238][    T1] usb usb32: Product: USB/IP Virtual Host Controller
[   10.773069][    T1] usb usb32: Manufacturer: Linux 6.1.0-rc4-00011-g59f2f4b8a757-dirty vhci_hcd
[   10.774191][    T1] usb usb32: SerialNumber: vhci_hcd.15
[   10.775931][    T1] hub 32-0:1.0: USB hub found
[   10.776599][    T1] hub 32-0:1.0: 8 ports detected
[   10.780220][    T1] vhci_hcd vhci_hcd.15: USB/IP Virtual Host Controller
[   10.781402][    T1] vhci_hcd vhci_hcd.15: new USB bus registered, assigned bus number 33
[   10.782577][    T1] usb usb33: We don't know the algorithms for LPM for this host, disabling LPM.
[   10.784038][    T1] usb usb33: New USB device found, idVendor=1d6b, idProduct=0003, bcdDevice= 6.01
[   10.785195][    T1] usb usb33: New USB device strings: Mfr=3, Product=2, SerialNumber=1
[   10.786208][    T1] usb usb33: Product: USB/IP Virtual Host Controller
[   10.787189][    T1] usb usb33: Manufacturer: Linux 6.1.0-rc4-00011-g59f2f4b8a757-dirty vhci_hcd
[   10.788527][    T1] usb usb33: SerialNumber: vhci_hcd.15
[   10.790816][    T1] hub 33-0:1.0: USB hub found
[   10.791655][    T1] hub 33-0:1.0: 8 ports detected
[   10.797090][    T1] usbcore: registered new device driver usbip-host
[   10.800134][    T1] i8042: PNP: PS/2 Controller [PNP0303:KBD,PNP0f13:MOU] at 0x60,0x64 irq 1,12
[   10.805108][    T1] serio: i8042 KBD port at 0x60,0x64 irq 1
[   10.806525][    T1] serio: i8042 AUX port at 0x60,0x64 irq 12
[   10.809689][    T1] mousedev: PS/2 mouse device common for all mice
[   10.813003][   T31] input: AT Translated Set 2 keyboard as /devices/platform/i8042/serio0/input/input1
[   10.813860][    T1] usbcore: registered new interface driver appletouch
[   10.816207][    T1] usbcore: registered new interface driver bcm5974
[   10.820768][    T1] usbcore: registered new interface driver synaptics_usb
[   10.822920][    T1] usbcore: registered new interface driver iforce
[   10.825676][    T1] usbcore: registered new interface driver xpad
[   10.826715][    T1] usbcore: registered new interface driver usb_acecad
[   10.827789][    T1] usbcore: registered new interface driver aiptek
[   10.828825][    T1] usbcore: registered new interface driver hanwang
[   10.829860][    T1] usbcore: registered new interface driver kbtab
[   10.830894][    T1] usbcore: registered new interface driver pegasus_notetaker
[   10.832139][    T1] usbcore: registered new interface driver usbtouchscreen
[   10.833291][    T1] usbcore: registered new interface driver sur40
[   10.834944][    T1] usbcore: registered new interface driver ati_remote2
[   10.835974][    T1] cm109: Keymap for Komunikate KIP1000 phone loaded
[   10.836970][    T1] usbcore: registered new interface driver cm109
[   10.837877][    T1] cm109: CM109 phone driver: 20080805 (C) Alfred E. Heggestad
[   10.838946][    T1] usbcore: registered new interface driver ims_pcu
[   10.840042][    T1] usbcore: registered new interface driver keyspan_remote
[   10.841177][    T1] usbcore: registered new interface driver powermate
[   10.842579][    T1] usbcore: registered new interface driver yealink
[   10.845555][    T1] rtc_cmos 00:05: RTC can wake from S4
[   10.849876][    T1] rtc_cmos 00:05: registered as rtc0
[   10.850760][    T1] rtc_cmos 00:05: alarms up to one day, y3k, 242 bytes nvram, hpet irqs
[   10.852802][    T1] i2c_dev: i2c /dev entries driver
[   10.856077][    T1] usbcore: registered new interface driver i2c-diolan-u2c
[   10.857590][    T1] usbcore: registered new interface driver RobotFuzz Open Source InterFace, OSIF
[   10.859068][    T1] usbcore: registered new interface driver i2c-tiny-usb
[   10.863757][    T1] usbcore: registered new interface driver igorplugusb
[   10.865218][    T1] usbcore: registered new interface driver iguanair
[   10.866584][    T1] usbcore: registered new interface driver imon
[   10.867766][    T1] usbcore: registered new interface driver mceusb
[   10.868916][    T1] usbcore: registered new interface driver redrat3
[   10.870069][    T1] usbcore: registered new interface driver streamzap
[   10.871244][    T1] usbcore: registered new interface driver ttusbir
[   10.872426][    T1] usbcore: registered new interface driver ati_remote
[   10.874003][    T1] b2c2-flexcop: B2C2 FlexcopII/II(b)/III digital TV receiver chip loaded successfully
[   10.875631][    T1] usbcore: registered new interface driver b2c2_flexcop_usb
[   10.876954][    T1] usbcore: registered new interface driver dvb_usb_vp7045
[   10.878185][    T1] usbcore: registered new interface driver dvb_usb_vp702x
[   10.879469][    T1] usbcore: registered new interface driver dvb_usb_gp8psk
[   10.880772][    T1] usbcore: registered new interface driver dvb_usb_dtt200u
[   10.882027][    T1] usbcore: registered new interface driver dvb_usb_a800
[   10.883282][    T1] usbcore: registered new interface driver dvb_usb_dibusb_mb
[   10.884941][    T1] usbcore: registered new interface driver dvb_usb_dibusb_mc
[   10.886190][    T1] usbcore: registered new interface driver dvb_usb_nova_t_usb2
[   10.887503][    T1] usbcore: registered new interface driver dvb_usb_umt_010
[   10.888761][    T1] usbcore: registered new interface driver dvb_usb_m920x
[   10.889984][    T1] usbcore: registered new interface driver dvb_usb_digitv
[   10.891258][    T1] usbcore: registered new interface driver dvb_usb_cxusb
[   10.892524][    T1] usbcore: registered new interface driver dvb_usb_ttusb2
[   10.893927][    T1] usbcore: registered new interface driver dvb_usb_dib0700
[   10.895194][    T1] usbcore: registered new interface driver opera1
[   10.896383][    T1] usbcore: registered new interface driver dvb_usb_af9005
[   10.897637][    T1] usbcore: registered new interface driver pctv452e
[   10.898885][    T1] usbcore: registered new interface driver dw2102
[   10.900033][    T1] usbcore: registered new interface driver dvb_usb_dtv5100
[   10.901281][    T1] usbcore: registered new interface driver cinergyT2
[   10.902493][    T1] usbcore: registered new interface driver dvb_usb_az6027
[   10.904105][    T1] usbcore: registered new interface driver dvb_usb_technisat_usb2
[   10.905651][    T1] usbcore: registered new interface driver dvb_usb_af9015
[   10.907082][    T1] usbcore: registered new interface driver dvb_usb_af9035
[   10.908440][    T1] usbcore: registered new interface driver dvb_usb_anysee
[   10.909722][    T1] usbcore: registered new interface driver dvb_usb_au6610
[   10.910877][    T1] usbcore: registered new interface driver dvb_usb_az6007
[   10.912014][    T1] usbcore: registered new interface driver dvb_usb_ce6230
[   10.913161][    T1] usbcore: registered new interface driver dvb_usb_ec168
[   10.914638][    T1] usbcore: registered new interface driver dvb_usb_lmedm04
[   10.915938][    T1] usbcore: registered new interface driver dvb_usb_gl861
[   10.917113][    T1] usbcore: registered new interface driver dvb_usb_mxl111sf
[   10.918307][    T1] usbcore: registered new interface driver dvb_usb_rtl28xxu
[   10.919507][    T1] usbcore: registered new interface driver dvb_usb_dvbsky
[   10.920654][    T1] usbcore: registered new interface driver zd1301
[   10.921722][    T1] usbcore: registered new interface driver s2255
[   10.922799][    T1] usbcore: registered new interface driver smsusb
[   10.923929][    T1] usbcore: registered new interface driver ttusb
[   10.924990][    T1] usbcore: registered new interface driver ttusb-dec
[   10.926112][    T1] usbcore: registered new interface driver Abilis Systems as10x usb driver
[   10.927436][    T1] usbcore: registered new interface driver airspy
[   10.928357][    T1] gspca_main: v2.14.0 registered
[   10.929098][    T1] usbcore: registered new interface driver benq
[   10.930119][    T1] usbcore: registered new interface driver conex
[   10.931158][    T1] usbcore: registered new interface driver cpia1
[   10.932181][    T1] usbcore: registered new interface driver dtcs033
[   10.933237][    T1] usbcore: registered new interface driver etoms
[   10.934599][    T1] usbcore: registered new interface driver finepix
[   10.935646][    T1] usbcore: registered new interface driver jeilinj
[   10.936711][    T1] usbcore: registered new interface driver jl2005bcd
[   10.937816][    T1] usbcore: registered new interface driver kinect
[   10.938882][    T1] usbcore: registered new interface driver konica
[   10.939945][    T1] usbcore: registered new interface driver mars
[   10.941008][    T1] usbcore: registered new interface driver mr97310a
[   10.942100][    T1] usbcore: registered new interface driver nw80x
[   10.943195][    T1] usbcore: registered new interface driver ov519
[   10.944278][    T1] usbcore: registered new interface driver ov534
[   10.945307][    T1] usbcore: registered new interface driver ov534_9
[   10.946403][    T1] usbcore: registered new interface driver pac207
[   10.947464][    T1] usbcore: registered new interface driver gspca_pac7302
[   10.948593][    T1] usbcore: registered new interface driver pac7311
[   10.949644][    T1] usbcore: registered new interface driver se401
[   10.950681][    T1] usbcore: registered new interface driver sn9c2028
[   10.951784][    T1] usbcore: registered new interface driver gspca_sn9c20x
[   10.952923][    T1] usbcore: registered new interface driver sonixb
[   10.954196][    T1] usbcore: registered new interface driver sonixj
[   10.955462][    T1] usbcore: registered new interface driver spca500
[   10.956532][    T1] usbcore: registered new interface driver spca501
[   10.957587][    T1] usbcore: registered new interface driver spca505
[   10.958670][    T1] usbcore: registered new interface driver spca506
[   10.959720][    T1] usbcore: registered new interface driver spca508
[   10.960782][    T1] usbcore: registered new interface driver spca561
[   10.961836][    T1] usbcore: registered new interface driver spca1528
[   10.962901][    T1] usbcore: registered new interface driver sq905
[   10.963968][    T1] usbcore: registered new interface driver sq905c
[   10.965021][    T1] usbcore: registered new interface driver sq930x
[   10.966105][    T1] usbcore: registered new interface driver sunplus
[   10.967163][    T1] usbcore: registered new interface driver stk014
[   10.968203][    T1] usbcore: registered new interface driver stk1135
[   10.969257][    T1] usbcore: registered new interface driver stv0680
[   10.970308][    T1] usbcore: registered new interface driver t613
[   10.971360][    T1] usbcore: registered new interface driver gspca_topro
[   10.972462][    T1] usbcore: registered new interface driver touptek
[   10.973527][    T1] usbcore: registered new interface driver tv8532
[   10.974613][    T1] usbcore: registered new interface driver vc032x
[   10.975654][    T1] usbcore: registered new interface driver vicam
[   10.976715][    T1] usbcore: registered new interface driver xirlink-cit
[   10.977896][    T1] usbcore: registered new interface driver gspca_zc3xx
[   10.979038][    T1] usbcore: registered new interface driver ALi m5602
[   10.980150][    T1] usbcore: registered new interface driver STV06xx
[   10.981235][    T1] usbcore: registered new interface driver gspca_gl860
[   10.982371][    T1] usbcore: registered new interface driver hackrf
[   10.983446][    T1] usbcore: registered new interface driver msi2500
[   10.984585][    T1] usbcore: registered new interface driver Philips webcam
[   10.985846][    T1] usbcore: registered new interface driver uvcvideo
[   10.986798][    T1] au0828: au0828 driver loaded
[   10.987573][    T1] usbcore: registered new interface driver au0828
[   10.988692][    T1] usbcore: registered new interface driver cx231xx
[   10.989904][    T1] usbcore: registered new interface driver em28xx
[   10.990841][    T1] em28xx: Registered (Em28xx v4l2 Extension) extension
[   10.991701][    T1] em28xx: Registered (Em28xx Audio Extension) extension
[   10.992571][    T1] em28xx: Registered (Em28xx dvb Extension) extension
[   10.993418][    T1] em28xx: Registered (Em28xx Input Extension) extension
[   10.994500][    T1] usbcore: registered new interface driver go7007
[   10.995575][    T1] usbcore: registered new interface driver go7007-loader
[   10.996892][    T1] usbcore: registered new interface driver hdpvr
[   10.998780][    T1] usbcore: registered new interface driver pvrusb2
[   10.999694][    T1] pvrusb2: V4L in-tree version:Hauppauge WinTV-PVR-USB2 MPEG2 Encoder/Tuner
[   11.000766][    T1] pvrusb2: Debug mask is 31 (0x1f)
[   11.001677][    T1] usbcore: registered new interface driver stk1160
[   11.002839][    T1] usbcore: registered new interface driver usbtv
[   11.007643][    T1] dvbdev: DVB: registering new adapter (dvb_vidtv_bridge)
[   11.010927][    T1] i2c i2c-0: DVB: registering adapter 0 frontend 0 (Dummy demod for DVB-T/T2/C/S/S2)...
[   11.012525][    T1] dvbdev: dvb_create_media_entity: media entity 'Dummy demod for DVB-T/T2/C/S/S2' registered.
[   11.017044][    T1] dvbdev: dvb_create_media_entity: media entity 'dvb-demux' registered.
[   11.021261][    T1] vidtv vidtv.0: Successfully initialized vidtv!
[   11.023249][    T1] vicodec vicodec.0: Device 'stateful-encoder' registered as /dev/video0
[   11.024870][    T1] vicodec vicodec.0: Device 'stateful-decoder' registered as /dev/video1
[   11.026246][    T1] vicodec vicodec.0: Device 'stateless-decoder' registered as /dev/video2
[   11.028089][    T1] vim2m vim2m.0: Device registered as /dev/video0
[   11.036594][    T1] vivid-000: using single planar format API
[   11.043263][    T1] vivid-000: CEC adapter cec0 registered for HDMI input 0
[   11.049880][    T1] vivid-000: V4L2 capture device registered as video7
[   11.051265][    T1] vivid-000: CEC adapter cec1 registered for HDMI output 0
[   11.052723][    T1] vivid-000: V4L2 output device registered as video8
[   11.054117][    T1] vivid-000: V4L2 capture device registered as vbi0, supports raw and sliced VBI
[   11.055825][    T1] vivid-000: V4L2 output device registered as vbi1, supports raw and sliced VBI
[   11.057415][    T1] vivid-000: V4L2 capture device registered as swradio0
[   11.058754][    T1] vivid-000: V4L2 receiver device registered as radio0
[   11.060094][    T1] vivid-000: V4L2 transmitter device registered as radio1
[   11.061483][    T1] vivid-000: V4L2 metadata capture device registered as video9
[   11.062932][    T1] vivid-000: V4L2 metadata output device registered as video10
[   11.065268][    T1] vivid-000: V4L2 touch capture device registered as v4l-touch0
[   11.067251][    T1] usbcore: registered new interface driver radioshark2
[   11.068537][    T1] usbcore: registered new interface driver radioshark
[   11.069829][    T1] usbcore: registered new interface driver radio-si470x
[   11.071290][    T1] usbcore: registered new interface driver radio-usb-si4713
[   11.073087][    T1] usbcore: registered new interface driver dsbr100
[   11.074326][    T1] usbcore: registered new interface driver radio-keene
[   11.075637][    T1] usbcore: registered new interface driver radio-ma901
[   11.076943][    T1] usbcore: registered new interface driver radio-mr800
[   11.078223][    T1] usbcore: registered new interface driver radio-raremono
[   11.080317][    T1] usbcore: registered new interface driver pcwd_usb
[   11.082499][    T1] device-mapper: core: CONFIG_IMA_DISABLE_HTABLE is disabled. Duplicate IMA measurements will not be recorded in the IMA log.
[   11.084731][    T1] device-mapper: uevent: version 1.0.3
[   11.086401][    T1] device-mapper: ioctl: 4.47.0-ioctl (2022-07-28) initialised: dm-devel@redhat.com
[   11.088747][    T1] device-mapper: multipath round-robin: version 1.2.0 loaded
[   11.089882][    T1] device-mapper: multipath queue-length: version 0.2.0 loaded
[   11.091040][    T1] device-mapper: multipath service-time: version 0.3.0 loaded
[   11.092603][    T1] device-mapper: raid: Loading target version 1.15.1
[   11.095171][    T1] Bluetooth: HCI UART driver ver 2.3
[   11.096000][    T1] Bluetooth: HCI UART protocol H4 registered
[   11.096921][    T1] Bluetooth: HCI UART protocol BCSP registered
[   11.098030][    T1] Bluetooth: HCI UART protocol LL registered
[   11.099108][    T1] Bluetooth: HCI UART protocol Three-wire (H5) registered
[   11.100267][    T1] Bluetooth: HCI UART protocol QCA registered
[   11.101118][    T1] Bluetooth: HCI UART protocol AG6XX registered
[   11.102074][    T1] Bluetooth: HCI UART protocol Marvell registered
[   11.103251][    T1] usbcore: registered new interface driver bcm203x
[   11.104496][    T1] usbcore: registered new interface driver bpa10x
[   11.105651][    T1] usbcore: registered new interface driver bfusb
[   11.106842][    T1] usbcore: registered new interface driver btusb
[   11.108036][    T1] usbcore: registered new interface driver ath3k
[   11.109733][    T1] CAPI 2.0 started up with major 68 (middleware)
[   11.110616][    T1] Modular ISDN core version 1.1.29
[   11.111974][    T1] NET: Registered PF_ISDN protocol family
[   11.112773][    T1] DSP module 2.0
[   11.113220][    T1] mISDN_dsp: DSP clocks every 80 samples. This equals 1 jiffies.
[   11.123378][    T1] mISDN: Layer-1-over-IP driver Rev. 2.00
[   11.124699][    T1] 0 virtual devices registered
[   11.125577][    T1] usbcore: registered new interface driver HFC-S_USB
[   11.126535][    T1] VUB300 Driver rom wait states = 1C irqpoll timeout = 0400
[   11.127500][    T1] usbcore: registered new interface driver vub300
[   11.129435][    T1] usbcore: registered new interface driver ushc
[   11.134178][    T1] iscsi: registered transport (iser)
[   11.135570][    T1] SoftiWARP attached
[   11.136243][    T1] Driver 'memconsole' was unable to register with bus_type 'coreboot' because the bus was not initialized.
[   11.137662][    T1] Driver 'vpd' was unable to register with bus_type 'coreboot' because the bus was not initialized.
[   11.143805][    T1] hid: raw HID events driver (C) Jiri Kosina
[   11.159798][    T1] usbcore: registered new interface driver usbhid
[   11.160630][    T1] usbhid: USB HID core driver
[   11.172948][    T1] usbcore: registered new interface driver es2_ap_driver
[   11.174153][    T1] comedi: version 0.7.76 - http://www.comedi.org
[   11.175180][    T1] usbcore: registered new interface driver dt9812
[   11.176306][    T1] usbcore: registered new interface driver ni6501
[   11.177230][    T1] usbcore: registered new interface driver usbdux
[   11.178145][    T1] usbcore: registered new interface driver usbduxfast
[   11.179370][    T1] usbcore: registered new interface driver usbduxsigma
[   11.180359][    T1] usbcore: registered new interface driver vmk80xx
[   11.181348][    T1] usbcore: registered new interface driver prism2_usb
[   11.182978][    T1] usbcore: registered new interface driver r8712u
[   11.184098][    T1] greybus: registered new driver hid
[   11.185016][    T1] greybus: registered new driver gbphy
[   11.185901][    T1] gb_gbphy: registered new driver usb
[   11.186712][    T1] asus_wmi: ASUS WMI generic driver loaded
[   11.228290][    T1] usbcore: registered new interface driver snd-usb-audio
[   11.229598][    T1] usbcore: registered new interface driver snd-ua101
[   11.230805][    T1] usbcore: registered new interface driver snd-usb-usx2y
[   11.232068][    T1] usbcore: registered new interface driver snd-usb-us122l
[   11.233315][    T1] usbcore: registered new interface driver snd-usb-caiaq
[   11.234961][    T1] usbcore: registered new interface driver snd-usb-6fire
[   11.236522][    T1] usbcore: registered new interface driver snd-usb-hiface
[   11.237959][    T1] usbcore: registered new interface driver snd-bcd2000
[   11.239164][    T1] usbcore: registered new interface driver snd_usb_pod
[   11.240356][    T1] usbcore: registered new interface driver snd_usb_podhd
[   11.241576][    T1] usbcore: registered new interface driver snd_usb_toneport
[   11.242824][    T1] usbcore: registered new interface driver snd_usb_variax
[   11.244137][    T1] drop_monitor: Initializing network drop monitor service
[   11.245303][    T1] NET: Registered PF_LLC protocol family
[   11.246134][    T1] GACT probability on
[   11.246662][    T1] Mirror/redirect action on
[   11.247335][    T1] Simple TC action Loaded
[   11.249764][    T1] netem: version 1.3
[   11.250540][    T1] u32 classifier
[   11.250992][    T1]     Performance counters on
[   11.251568][    T1]     input device check on
[   11.252122][    T1]     Actions configured
[   11.258858][    T1] xt_time: kernel timezone is -0000
[   11.259659][    T1] IPVS: Registered protocols (TCP, UDP, SCTP, AH, ESP)
[   11.260794][    T1] IPVS: Connection hash table configured (size=4096, memory=32Kbytes)
[   11.262191][    T1] IPVS: ipvs loaded.
[   11.262744][    T1] IPVS: [rr] scheduler registered.
[   11.263431][    T1] IPVS: [wrr] scheduler registered.
[   11.264261][    T1] IPVS: [lc] scheduler registered.
[   11.265006][    T1] IPVS: [wlc] scheduler registered.
[   11.265756][    T1] IPVS: [fo] scheduler registered.
[   11.266497][    T1] IPVS: [ovf] scheduler registered.
[   11.267491][    T1] IPVS: [lblc] scheduler registered.
[   11.268306][    T1] IPVS: [lblcr] scheduler registered.
[   11.269123][    T1] IPVS: [dh] scheduler registered.
[   11.269837][    T1] IPVS: [sh] scheduler registered.
[   11.270522][    T1] IPVS: [mh] scheduler registered.
[   11.271221][    T1] IPVS: [sed] scheduler registered.
[   11.271910][    T1] IPVS: [nq] scheduler registered.
[   11.272593][    T1] IPVS: [twos] scheduler registered.
[   11.273386][    T1] IPVS: [sip] pe registered.
[   11.274227][    T1] ipip: IPv4 and MPLS over IPv4 tunneling driver
[   11.276339][    T1] gre: GRE over IPv4 demultiplexor driver
[   11.277089][    T1] ip_gre: GRE over IPv4 tunneling driver
[   11.280785][    T1] IPv4 over IPsec tunneling driver
[   11.282617][    T1] ipt_CLUSTERIP: ClusterIP Version 0.8 loaded successfully
[   11.283933][    T1] Initializing XFRM netlink socket
[   11.284711][    T1] IPsec XFRM device driver
[   11.286790][    T1] NET: Registered PF_INET6 protocol family
[   11.293479][    T1] Segment Routing with IPv6
[   11.294105][    T1] RPL Segment Routing with IPv6
[   11.294827][    T1] In-situ OAM (IOAM) with IPv6
[   11.295777][    T1] mip6: Mobile IPv6
[   11.297846][    T1] sit: IPv6, IPv4 and MPLS over IPv4 tunneling driver
[   11.301068][    T1] ip6_gre: GRE over IPv6 tunneling driver
[   11.303003][    T1] NET: Registered PF_PACKET protocol family
[   11.303874][    T1] NET: Registered PF_KEY protocol family
[   11.304983][    T1] Bridge firewalling registered
[   11.306379][    T1] NET: Registered PF_X25 protocol family
[   11.307196][    T1] X25: Linux Version 0.2
[   11.311760][    T1] NET: Registered PF_NETROM protocol family
[   11.325962][    T1] NET: Registered PF_ROSE protocol family
[   11.326807][    T1] NET: Registered PF_AX25 protocol family
[   11.327584][    T1] can: controller area network core
[   11.328553][    T1] NET: Registered PF_CAN protocol family
[   11.329322][    T1] can: raw protocol
[   11.329858][    T1] can: broadcast manager protocol
[   11.330550][    T1] can: netlink gateway - max_hops=1
[   11.331475][    T1] can: SAE J1939
[   11.331959][    T1] can: isotp protocol
[   11.332667][    T1] Bluetooth: RFCOMM TTY layer initialized
[   11.333400][    T1] Bluetooth: RFCOMM socket layer initialized
[   11.334241][    T1] Bluetooth: RFCOMM ver 1.11
[   11.334845][    T1] Bluetooth: BNEP (Ethernet Emulation) ver 1.3
[   11.335609][    T1] Bluetooth: BNEP filters: protocol multicast
[   11.336360][    T1] Bluetooth: BNEP socket layer initialized
