bash: warning: setlocale: LC_ALL: cannot change locale (en_US.UTF-8)
c[?7l[2J[0mSeaBIOS (version 1.16.2-debian-1.16.2-1)


iPXE (http://ipxe.org) 00:03.0 CA00 PCI2.10 PnP PMM+7EFCEF00+7EF0EF00 CA00
Press Ctrl-B to configure iPXE (PCI 00:03.0)...                                                                               


Booting from ROM...
c[?7l[2JNo EFI environment detected.
early console in extract_kernel
input_data: 0x00000000051b32c4
input_len: 0x0000000001b9c4c1
output: 0x0000000001000000
output_len: 0x0000000005cd245c
kernel_total_size: 0x0000000005830000
needed_size: 0x0000000005e00000
trampoline_32bit: 0x0000000000000000


KASLR disabled: 'nokaslr' on cmdline.


Decompressing Linux... Parsing ELF... No relocation needed... done.
Booting the kernel (entry_offset: 0x0000000000000000).
[    0.000000] Linux version 6.12.0-00002-g333b1fc99bef-dirty (root@buildkitsandbox) (gcc (Debian 12.2.0-14+deb12u1) 12.2.0, GNU ld (GNU Binutils for Debian) 2.40) #2 SMP PREEMPT_DYNAMIC Mon May 18 06:56:31 UTC 2026
[    0.000000] Command line: console=ttyS0 oops=panic panic=-1 nokaslr earlyprintk=serial
[    0.000000] BIOS-provided physical RAM map:
[    0.000000] BIOS-e820: [mem 0x0000000000000000-0x000000000009fbff] usable
[    0.000000] BIOS-e820: [mem 0x000000000009fc00-0x000000000009ffff] reserved
[    0.000000] BIOS-e820: [mem 0x00000000000f0000-0x00000000000fffff] reserved
[    0.000000] BIOS-e820: [mem 0x0000000000100000-0x000000007ffdffff] usable
[    0.000000] BIOS-e820: [mem 0x000000007ffe0000-0x000000007fffffff] reserved
[    0.000000] BIOS-e820: [mem 0x00000000feffc000-0x00000000feffffff] reserved
[    0.000000] BIOS-e820: [mem 0x00000000fffc0000-0x00000000ffffffff] reserved
[    0.000000] printk: legacy bootconsole [earlyser0] enabled
[    0.000000] NX (Execute Disable) protection: active
[    0.000000] APIC: Static calls initialized
[    0.000000] SMBIOS 2.8 present.
[    0.000000] DMI: QEMU Standard PC (i440FX + PIIX, 1996), BIOS 1.16.2-debian-1.16.2-1 04/01/2014
[    0.000000] DMI: Memory slots populated: 1/1
[    0.000000] Hypervisor detected: KVM
[    0.000000] kvm-clock: Using msrs 4b564d01 and 4b564d00
[    0.000002] kvm-clock: using sched offset of 472802509 cycles
[    0.001277] clocksource: kvm-clock: mask: 0xffffffffffffffff max_cycles: 0x1cd42e4dffb, max_idle_ns: 881590591483 ns
[    0.005066] tsc: Detected 2995.200 MHz processor
[    0.006479] last_pfn = 0x7ffe0 max_arch_pfn = 0x400000000
[    0.007753] MTRR map: 4 entries (3 fixed + 1 variable; max 19), built from 8 variable MTRRs
[    0.009496] x86/PAT: Configuration [0-7]: WB  WC  UC- UC  WB  WP  UC- WT  
[    0.016977] found SMP MP-table at [mem 0x000f5ba0-0x000f5baf]
[    0.018879] Using GB pages for direct mapping
[    0.020227] Incomplete global flushes, disabling PCID
[    0.020360] RAMDISK: [mem 0x7fe52000-0x7ffdffff]
[    0.023378] ACPI: Early table checksum verification disabled
[    0.024812] ACPI: RSDP 0x00000000000F59D0 000014 (v00 BOCHS )
[    0.026207] ACPI: RSDT 0x000000007FFE1B33 000034 (v01 BOCHS  BXPC     00000001 BXPC 00000001)
[    0.028392] ACPI: FACP 0x000000007FFE19DF 000074 (v01 BOCHS  BXPC     00000001 BXPC 00000001)
[    0.030495] ACPI: DSDT 0x000000007FFE0040 00199F (v01 BOCHS  BXPC     00000001 BXPC 00000001)
[    0.032326] ACPI: FACS 0x000000007FFE0000 000040
[    0.033474] ACPI: APIC 0x000000007FFE1A53 000080 (v01 BOCHS  BXPC     00000001 BXPC 00000001)
[    0.035595] ACPI: HPET 0x000000007FFE1AD3 000038 (v01 BOCHS  BXPC     00000001 BXPC 00000001)
[    0.038491] ACPI: WAET 0x000000007FFE1B0B 000028 (v01 BOCHS  BXPC     00000001 BXPC 00000001)
[    0.042016] ACPI: Reserving FACP table memory at [mem 0x7ffe19df-0x7ffe1a52]
[    0.043902] ACPI: Reserving DSDT table memory at [mem 0x7ffe0040-0x7ffe19de]
[    0.045886] ACPI: Reserving FACS table memory at [mem 0x7ffe0000-0x7ffe003f]
[    0.047758] ACPI: Reserving APIC table memory at [mem 0x7ffe1a53-0x7ffe1ad2]
[    0.049602] ACPI: Reserving HPET table memory at [mem 0x7ffe1ad3-0x7ffe1b0a]
[    0.051568] ACPI: Reserving WAET table memory at [mem 0x7ffe1b0b-0x7ffe1b32]
[    0.054279] No NUMA configuration found
[    0.055320] Faking a node at [mem 0x0000000000000000-0x000000007ffdffff]
[    0.057520] NODE_DATA(0) allocated [mem 0x7fe4e940-0x7fe51fff]
[    0.060445] Zone ranges:
[    0.061622]   DMA      [mem 0x0000000000001000-0x0000000000ffffff]
[    0.064021]   DMA32    [mem 0x0000000001000000-0x000000007ffdffff]
[    0.065705]   Normal   empty
[    0.066513] Movable zone start for each node
[    0.067759] Early memory node ranges
[    0.068777]   node   0: [mem 0x0000000000001000-0x000000000009efff]
[    0.071142]   node   0: [mem 0x0000000000100000-0x000000007ffdffff]
[    0.073025] Initmem setup node 0 [mem 0x0000000000001000-0x000000007ffdffff]
[    0.075795] On node 0, zone DMA: 1 pages in unavailable ranges
[    0.078343] On node 0, zone DMA: 97 pages in unavailable ranges
[    0.095003] On node 0, zone DMA32: 32 pages in unavailable ranges
[    0.200427] kasan: KernelAddressSanitizer initialized
[    0.203011] ACPI: PM-Timer IO Port: 0x608
[    0.204453] ACPI: LAPIC_NMI (acpi_id[0xff] dfl dfl lint[0x1])
[    0.206102] IOAPIC[0]: apic_id 0, version 17, address 0xfec00000, GSI 0-23
[    0.208030] ACPI: INT_SRC_OVR (bus 0 bus_irq 0 global_irq 2 dfl dfl)
[    0.209794] ACPI: INT_SRC_OVR (bus 0 bus_irq 5 global_irq 5 high level)
[    0.211475] ACPI: INT_SRC_OVR (bus 0 bus_irq 9 global_irq 9 high level)
[    0.213224] ACPI: INT_SRC_OVR (bus 0 bus_irq 10 global_irq 10 high level)
[    0.215039] ACPI: INT_SRC_OVR (bus 0 bus_irq 11 global_irq 11 high level)
[    0.216851] ACPI: Using ACPI (MADT) for SMP configuration information
[    0.218584] ACPI: HPET id: 0x8086a201 base: 0xfed00000
[    0.219939] TSC deadline timer available
[    0.221341] CPU topo: Max. logical packages:   1
[    0.222758] CPU topo: Max. logical dies:       1
[    0.224017] CPU topo: Max. dies per package:   1
[    0.225304] CPU topo: Max. threads per core:   1
[    0.226625] CPU topo: Num. cores per package:     2
[    0.228233] CPU topo: Num. threads per package:   2
[    0.229555] CPU topo: Allowing 2 present CPUs plus 0 hotplug CPUs
[    0.231342] kvm-guest: APIC: eoi() replaced with kvm_guest_apic_eoi_write()
[    0.233305] kvm-guest: KVM setup pv remote TLB flush
[    0.234686] kvm-guest: setup PV sched yield
[    0.235915] PM: hibernation: Registered nosave memory: [mem 0x00000000-0x00000fff]
[    0.238183] PM: hibernation: Registered nosave memory: [mem 0x0009f000-0x0009ffff]
[    0.240124] PM: hibernation: Registered nosave memory: [mem 0x000a0000-0x000effff]
[    0.242301] PM: hibernation: Registered nosave memory: [mem 0x000f0000-0x000fffff]
[    0.244887] [mem 0x80000000-0xfeffbfff] available for PCI devices
[    0.246877] Booting paravirtualized kernel on KVM
[    0.248292] clocksource: refined-jiffies: mask: 0xffffffff max_cycles: 0xffffffff, max_idle_ns: 1910969940391419 ns
[    0.264733] setup_percpu: NR_CPUS:64 nr_cpumask_bits:2 nr_cpu_ids:2 nr_node_ids:1
[    0.267674] percpu: Embedded 68 pages/cpu s241496 r8192 d28840 u1048576
[    0.269674] Kernel command line: console=ttyS0 oops=panic panic=-1 nokaslr earlyprintk=serial
[    0.272163] Unknown kernel command line parameters "nokaslr", will be passed to user space.
[    0.274425] random: crng init done
[    0.276094] Dentry cache hash table entries: 262144 (order: 9, 2097152 bytes, linear)
[    0.278450] Inode-cache hash table entries: 131072 (order: 8, 1048576 bytes, linear)
[    0.280839] Fallback order for Node 0: 0 
[    0.280844] Built 1 zonelists, mobility grouping on.  Total pages: 524158
[    0.283709] Policy zone: DMA32
[    0.284417] mem auto-init: stack:all(zero), heap alloc:off, heap free:off
[    0.286021] stackdepot: allocating hash table via alloc_large_system_hash
[    0.287716] stackdepot hash table entries: 1048576 (order: 12, 16777216 bytes, linear)
[    0.316325] SLUB: HWalign=64, Order=0-3, MinObjects=0, CPUs=2, Nodes=1
Poking KASLR using RDRAND RDTSC...
[    0.319744] Dynamic Preempt: voluntary
[    0.321496] rcu: Preemptible hierarchical RCU implementation.
[    0.323327] rcu: 	RCU event tracing is enabled.
[    0.324768] rcu: 	RCU restricting CPUs from NR_CPUS=64 to nr_cpu_ids=2.
[    0.329630] 	Trampoline variant of Tasks RCU enabled.
[    0.330752] rcu: RCU calculated value of scheduler-enlistment delay is 100 jiffies.
[    0.332554] rcu: Adjusting geometry for rcu_fanout_leaf=16, nr_cpu_ids=2
[    0.334093] RCU Tasks: Setting shift to 1 and lim to 1 rcu_task_cb_adjust=1 rcu_task_cpu_ids=2.
[    0.346613] NR_IRQS: 4352, nr_irqs: 440, preallocated irqs: 16
[    0.349527] rcu: srcu_init: Setting srcu_struct sizes based on contention.
[    0.359371] Console: colour VGA+ 80x25
[    0.360793] printk: legacy console [ttyS0] enabled
[    0.360793] printk: legacy console [ttyS0] enabled
[    0.364078] printk: legacy bootconsole [earlyser0] disabled
[    0.364078] printk: legacy bootconsole [earlyser0] disabled
[    0.366784] ACPI: Core revision 20240827
[    0.368003] clocksource: hpet: mask: 0xffffffff max_cycles: 0xffffffff, max_idle_ns: 19112604467 ns
[    0.370422] APIC: Switch to symmetric I/O mode setup
[    0.371804] kvm-guest: APIC: send_IPI_mask() replaced with kvm_send_ipi_mask()
[    0.373821] kvm-guest: APIC: send_IPI_mask_allbutself() replaced with kvm_send_ipi_mask_allbutself()
[    0.376942] kvm-guest: setup PV IPIs
[    0.379886] ..TIMER: vector=0x30 apic1=0 pin1=2 apic2=-1 pin2=-1
[    0.381514] clocksource: tsc-early: mask: 0xffffffffffffffff max_cycles: 0x2b2c8ec87c7, max_idle_ns: 440795278598 ns
[    0.384403] Calibrating delay loop (skipped) preset value.. 5990.40 BogoMIPS (lpj=2995200)
[    0.386920] x86/cpu: User Mode Instruction Prevention (UMIP) activated
[    0.387708] Last level iTLB entries: 4KB 0, 2MB 0, 4MB 0
[    0.388401] Last level dTLB entries: 4KB 0, 2MB 0, 4MB 0, 1GB 0
[    0.389430] Spectre V1 : Mitigation: usercopy/swapgs barriers and __user pointer sanitization
[    0.390408] Spectre V2 : Spectre BHI mitigation: SW BHB clearing on syscall and VM exit
[    0.391406] Spectre V2 : Mitigation: Enhanced / Automatic IBRS
[    0.392402] Spectre V2 : Spectre v2 / SpectreRSB mitigation: Filling RSB on context switch
[    0.394400] Spectre V2 : Spectre v2 / PBRSB-eIBRS: Retire a single CALL on VMEXIT
[    0.395401] RETBleed: Mitigation: Enhanced IBRS
[    0.396406] Spectre V2 : mitigation: Enabling conditional Indirect Branch Prediction Barrier
[    0.397402] Speculative Store Bypass: Mitigation: Speculative Store Bypass disabled via prctl
[    0.398402] MMIO Stale Data: Unknown: No mitigations
[    0.399400] Register File Data Sampling: Vulnerable: No microcode
[    0.400452] x86/fpu: Supporting XSAVE feature 0x001: 'x87 floating point registers'
[    0.401403] x86/fpu: Supporting XSAVE feature 0x002: 'SSE registers'
[    0.402402] x86/fpu: Supporting XSAVE feature 0x004: 'AVX registers'
[    0.403402] x86/fpu: xstate_offset[2]:  576, xstate_sizes[2]:  256
[    0.404399] x86/fpu: Enabled xstate features 0x7, context size is 832 bytes, using 'compacted' format.
[    0.425232] Freeing SMP alternatives memory: 48K
[    0.425406] pid_max: default: 32768 minimum: 301
[    0.426511] LSM: initializing lsm=capability,selinux
[    0.427441] SELinux:  Initializing.
[    0.429401] Mount-cache hash table entries: 4096 (order: 3, 32768 bytes, linear)
[    0.430414] Mountpoint-cache hash table entries: 4096 (order: 3, 32768 bytes, linear)
[    0.432605] smpboot: CPU0: 13th Gen Intel(R) Core(TM) i9-13900H (family: 0x6, model: 0xba, stepping: 0x2)
[    0.433774] Performance Events: unsupported p6 CPU model 186 no PMU driver, software events only.
[    0.434497] signal: max sigframe size: 1776
[    0.435491] rcu: Hierarchical SRCU implementation.
[    0.436405] rcu: 	Max phase no-delay instances is 400.
[    0.437503] Timer migration: 1 hierarchy levels; 8 children per group; 1 crossnode level
[    0.438983] smp: Bringing up secondary CPUs ...
[    0.439681] smpboot: x86: Booting SMP configuration:
[    0.440412] .... node  #0, CPUs:      #1
[    0.442412] smp: Brought up 1 node, 2 CPUs
[    0.444413] smpboot: Total of 2 processors activated (11980.80 BogoMIPS)
[    0.446356] Memory: 1672848K/2096632K available (53248K kernel code, 8626K rwdata, 11176K rodata, 6000K init, 1424K bss, 418744K reserved, 0K cma-reserved)
[    0.448414] devtmpfs: initialized
[    0.451895] clocksource: jiffies: mask: 0xffffffff max_cycles: 0xffffffff, max_idle_ns: 1911260446275000 ns
[    0.454414] futex hash table entries: 512 (order: 3, 32768 bytes, linear)
[    0.456703] PM: RTC time: 06:57:09, date: 2026-05-18
[    0.457639] NET: Registered PF_NETLINK/PF_ROUTE protocol family
[    0.461827] audit: initializing netlink subsys (disabled)
[    0.463498] audit: type=2000 audit(1779087430.317:1): state=initialized audit_enabled=0 res=1
[    0.464562] thermal_sys: Registered thermal governor 'step_wise'
[    0.465406] thermal_sys: Registered thermal governor 'user_space'
[    0.466468] cpuidle: using governor menu
[    0.469032] PCI: Using configuration type 1 for base access
[    0.469567] kprobes: kprobe jump-optimization is enabled. All kprobes are optimized if possible.
[    0.470650] HugeTLB: registered 2.00 MiB page size, pre-allocated 0 pages
[    0.471409] HugeTLB: 28 KiB vmemmap can be freed for a 2.00 MiB page
[    0.472653] ACPI: Added _OSI(Module Device)
[    0.473397] ACPI: Added _OSI(Processor Device)
[    0.474417] ACPI: Added _OSI(3.0 _SCP Extensions)
[    0.476411] ACPI: Added _OSI(Processor Aggregator Device)
[    0.486382] ACPI: 1 ACPI AML tables successfully acquired and loaded
[    0.496877] ACPI: Interpreter enabled
[    0.498453] ACPI: PM: (supports S0 S3 S4 S5)
[    0.499405] ACPI: Using IOAPIC for interrupt routing
[    0.500460] PCI: Using host bridge windows from ACPI; if necessary, use "pci=nocrs" and report a bug
[    0.503408] PCI: Using E820 reservations for host bridge windows
[    0.504921] ACPI: Enabled 2 GPEs in block 00 to 0F
[    0.524049] ACPI: PCI Root Bridge [PCI0] (domain 0000 [bus 00-ff])
[    0.525435] acpi PNP0A03:00: _OSC: OS supports [ASPM ClockPM Segments MSI HPX-Type3]
[    0.528414] acpi PNP0A03:00: _OSC: not requesting OS control; OS requires [ExtendedConfig ASPM ClockPM MSI]
[    0.531506] acpi PNP0A03:00: fail to add MMCONFIG information, can't access extended configuration space under this bridge
[    0.534677] PCI host bridge to bus 0000:00
[    0.535440] pci_bus 0000:00: root bus resource [io  0x0000-0x0cf7 window]
[    0.537406] pci_bus 0000:00: root bus resource [io  0x0d00-0xffff window]
[    0.539407] pci_bus 0000:00: root bus resource [mem 0x000a0000-0x000bffff window]
[    0.541450] pci_bus 0000:00: root bus resource [mem 0x80000000-0xfebfffff window]
[    0.544425] pci_bus 0000:00: root bus resource [mem 0x100000000-0x17fffffff window]
[    0.546419] pci_bus 0000:00: root bus resource [bus 00-ff]
[    0.547510] pci 0000:00:00.0: [8086:1237] type 00 class 0x060000 conventional PCI endpoint
[    0.557020] pci 0000:00:01.0: [8086:7000] type 00 class 0x060100 conventional PCI endpoint
[    0.566282] pci 0000:00:01.1: [8086:7010] type 00 class 0x010180 conventional PCI endpoint
[    0.570220] pci 0000:00:01.1: BAR 4 [io  0xc040-0xc04f]
[    0.573099] pci 0000:00:01.1: BAR 0 [io  0x01f0-0x01f7]: legacy IDE quirk
[    0.575413] pci 0000:00:01.1: BAR 1 [io  0x03f6]: legacy IDE quirk
[    0.576404] pci 0000:00:01.1: BAR 2 [io  0x0170-0x0177]: legacy IDE quirk
[    0.578409] pci 0000:00:01.1: BAR 3 [io  0x0376]: legacy IDE quirk
[    0.580854] pci 0000:00:01.3: [8086:7113] type 00 class 0x068000 conventional PCI endpoint
[    0.584385] pci 0000:00:01.3: quirk: [io  0x0600-0x063f] claimed by PIIX4 ACPI
[    0.585425] pci 0000:00:01.3: quirk: [io  0x0700-0x070f] claimed by PIIX4 SMB
[    0.587904] pci 0000:00:02.0: [1234:1111] type 00 class 0x030000 conventional PCI endpoint
[    0.592915] pci 0000:00:02.0: BAR 0 [mem 0xfd000000-0xfdffffff pref]
[    0.597472] pci 0000:00:02.0: BAR 2 [mem 0xfebf0000-0xfebf0fff]
[    0.602953] pci 0000:00:02.0: ROM [mem 0xfebe0000-0xfebeffff pref]
[    0.604792] pci 0000:00:02.0: Video device with shadowed ROM at [mem 0x000c0000-0x000dffff]
[    0.614358] pci 0000:00:03.0: [8086:100e] type 00 class 0x020000 conventional PCI endpoint
[    0.617933] pci 0000:00:03.0: BAR 0 [mem 0xfebc0000-0xfebdffff]
[    0.620409] pci 0000:00:03.0: BAR 1 [io  0xc000-0xc03f]
[    0.626978] pci 0000:00:03.0: ROM [mem 0xfeb80000-0xfebbffff pref]
[    0.636375] ACPI: PCI: Interrupt link LNKA configured for IRQ 10
[    0.637984] ACPI: PCI: Interrupt link LNKB configured for IRQ 10
[    0.641106] ACPI: PCI: Interrupt link LNKC configured for IRQ 11
[    0.644124] ACPI: PCI: Interrupt link LNKD configured for IRQ 11
[    0.646749] ACPI: PCI: Interrupt link LNKS configured for IRQ 9
[    0.651227] iommu: Default domain type: Translated
[    0.652412] iommu: DMA domain TLB invalidation policy: lazy mode
[    0.654793] SCSI subsystem initialized
[    0.656615] ACPI: bus type USB registered
[    0.657476] usbcore: registered new interface driver usbfs
[    0.658441] usbcore: registered new interface driver hub
[    0.659470] usbcore: registered new device driver usb
[    0.660515] pps_core: LinuxPPS API ver. 1 registered
[    0.661407] pps_core: Software ver. 5.3.6 - Copyright 2005-2007 Rodolfo Giometti <giometti@linux.it>
[    0.662425] PTP clock support registered
[    0.663549] Advanced Linux Sound Architecture Driver Initialized.
[    0.665833] NetLabel: Initializing
[    0.666406] NetLabel:  domain hash size = 128
[    0.667406] NetLabel:  protocols = UNLABELED CIPSOv4 CALIPSO
[    0.668466] NetLabel:  unlabeled traffic allowed by default
[    0.669879] PCI: Using ACPI for IRQ routing
[    0.670865] pci 0000:00:02.0: vgaarb: setting as boot VGA device
[    0.671397] pci 0000:00:02.0: vgaarb: bridge control possible
[    0.671397] pci 0000:00:02.0: vgaarb: VGA device added: decodes=io+mem,owns=io+mem,locks=none
[    0.671444] vgaarb: loaded
[    0.673311] hpet0: at MMIO 0xfed00000, IRQs 2, 8, 0
[    0.673405] hpet0: 3 comparators, 64-bit 100.000000 MHz counter
[    0.678995] clocksource: Switched to clocksource kvm-clock
[    0.681102] VFS: Disk quotas dquot_6.6.0
[    0.682367] VFS: Dquot-cache hash table entries: 512 (order 0, 4096 bytes)
[    0.685882] pnp: PnP ACPI init
[    0.688825] pnp: PnP ACPI: found 6 devices
[    0.707791] clocksource: acpi_pm: mask: 0xffffff max_cycles: 0xffffff, max_idle_ns: 2085701024 ns
[    0.710512] NET: Registered PF_INET protocol family
[    0.712517] IP idents hash table entries: 32768 (order: 6, 262144 bytes, linear)
[    0.715428] tcp_listen_portaddr_hash hash table entries: 1024 (order: 2, 16384 bytes, linear)
[    0.717863] Table-perturb hash table entries: 65536 (order: 6, 262144 bytes, linear)
[    0.720565] TCP established hash table entries: 16384 (order: 5, 131072 bytes, linear)
[    0.723314] TCP bind hash table entries: 16384 (order: 7, 524288 bytes, linear)
[    0.725579] TCP: Hash tables configured (established 16384 bind 16384)
[    0.728049] UDP hash table entries: 1024 (order: 3, 32768 bytes, linear)
[    0.729906] UDP-Lite hash table entries: 1024 (order: 3, 32768 bytes, linear)
[    0.732266] NET: Registered PF_UNIX/PF_LOCAL protocol family
[    0.735758] RPC: Registered named UNIX socket transport module.
[    0.737432] RPC: Registered udp transport module.
[    0.738776] RPC: Registered tcp transport module.
[    0.740080] RPC: Registered tcp-with-tls transport module.
[    0.741656] RPC: Registered tcp NFSv4.1 backchannel transport module.
[    0.745108] pci_bus 0000:00: resource 4 [io  0x0000-0x0cf7 window]
[    0.747317] pci_bus 0000:00: resource 5 [io  0x0d00-0xffff window]
[    0.749187] pci_bus 0000:00: resource 6 [mem 0x000a0000-0x000bffff window]
[    0.751058] pci_bus 0000:00: resource 7 [mem 0x80000000-0xfebfffff window]
[    0.753020] pci_bus 0000:00: resource 8 [mem 0x100000000-0x17fffffff window]
[    0.755960] pci 0000:00:01.0: PIIX3: Enabling Passive Release
[    0.757862] pci 0000:00:00.0: Limiting direct PCI/PCI transfers
[    0.759852] PCI: CLS 0 bytes, default 64
[    0.761350] RAPL PMU: API unit is 2^-32 Joules, 0 fixed counters, 10737418240 ms ovfl timer
[    0.761469] Unpacking initramfs...
[    0.764206] clocksource: tsc: mask: 0xffffffffffffffff max_cycles: 0x2b2c8ec87c7, max_idle_ns: 440795278598 ns
[    0.774585] Initialise system trusted keyrings
[    0.776075] workingset: timestamp_bits=56 max_order=19 bucket_order=0
[    0.779639] NFS: Registering the id_resolver key type
[    0.781134] Key type id_resolver registered
[    0.782418] Key type id_legacy registered
[    0.783796] 9p: Installing v9fs 9p2000 file system support
[    0.794215] Freeing initrd memory: 1592K
[    0.797704] Key type asymmetric registered
[    0.799207] Asymmetric key parser 'x509' registered
[    0.800931] Block layer SCSI generic (bsg) driver version 0.4 loaded (major 251)
[    0.802970] io scheduler mq-deadline registered
[    0.804844] io scheduler kyber registered
[    0.806583] input: Power Button as /devices/LNXSYSTM:00/LNXPWRBN:00/input/input0
[    0.809221] ACPI: button: Power Button [PWRF]
[    0.811480] Serial: 8250/16550 driver, 4 ports, IRQ sharing enabled
[    0.813761] 00:04: ttyS0 at I/O 0x3f8 (irq = 4, base_baud = 115200) is a 16550A
[    0.819347] Non-volatile memory driver v1.3
[    0.821082] Linux agpgart interface v0.103
[    0.823234] ACPI: bus type drm_connector registered
[    0.830946] loop: module loaded
[    0.839303] scsi host0: ata_piix
[    0.841929] scsi host1: ata_piix
[    0.843581] ata1: PATA max MWDMA2 cmd 0x1f0 ctl 0x3f6 bmdma 0xc040 irq 14 lpm-pol 0
[    0.846414] ata2: PATA max MWDMA2 cmd 0x170 ctl 0x376 bmdma 0xc048 irq 15 lpm-pol 0
[    0.851677] e100: Intel(R) PRO/100 Network Driver
[    0.853375] e100: Copyright(c) 1999-2006 Intel Corporation
[    0.855447] e1000: Intel(R) PRO/1000 Network Driver
[    0.856982] e1000: Copyright (c) 1999-2006 Intel Corporation.
[    1.002867] ata2: found unknown device (class 0)
[    1.005135] ata2.00: ATAPI: QEMU DVD-ROM, 2.5+, max UDMA/100
[    1.008351] scsi 1:0:0:0: CD-ROM            QEMU     QEMU DVD-ROM     2.5+ PQ: 0 ANSI: 5
[    1.030534] sr 1:0:0:0: [sr0] scsi3-mmc drive: 4x/4x cd/rw xa/form2 tray
[    1.032145] cdrom: Uniform CD-ROM driver Revision: 3.20
[    1.045246] sr 1:0:0:0: Attached scsi generic sg0 type 5
[    1.313874] ACPI: \_SB_.LNKC: Enabled at IRQ 11
[    1.665536] e1000 0000:00:03.0 eth0: (PCI:33MHz:32-bit) 52:54:00:12:34:56
[    1.667343] e1000 0000:00:03.0 eth0: Intel(R) PRO/1000 Network Connection
[    1.668944] e1000e: Intel(R) PRO/1000 Network Driver
[    1.670178] e1000e: Copyright(c) 1999 - 2015 Intel Corporation.
[    1.672126] sky2: driver version 1.30
[    1.673475] usbcore: registered new interface driver usblp
[    1.674745] usbcore: registered new interface driver usb-storage
[    1.676886] i8042: PNP: PS/2 Controller [PNP0303:KBD,PNP0f13:MOU] at 0x60,0x64 irq 1,12
[    1.680416] serio: i8042 KBD port at 0x60,0x64 irq 1
[    1.681582] serio: i8042 AUX port at 0x60,0x64 irq 12
[    1.684427] input: AT Translated Set 2 keyboard as /devices/platform/i8042/serio0/input/input1
[    1.686516] rtc_cmos 00:05: RTC can wake from S4
[    1.689798] rtc_cmos 00:05: registered as rtc0
[    1.691156] rtc_cmos 00:05: alarms up to one day, y3k, 242 bytes nvram, hpet irqs
[    1.693857] device-mapper: ioctl: 4.48.0-ioctl (2023-03-01) initialised: dm-devel@lists.linux.dev
[    1.695813] intel_pstate: CPU model not supported
[    1.697140] hid: raw HID events driver (C) Jiri Kosina
[    1.698881] usbcore: registered new interface driver usbhid
[    1.701223] usbhid: USB HID core driver
[    1.704780] Initializing XFRM netlink socket
[    1.705944] NET: Registered PF_INET6 protocol family
[    1.708596] Segment Routing with IPv6
[    1.709498] In-situ OAM (IOAM) with IPv6
[    1.710448] sit: IPv6, IPv4 and MPLS over IPv4 tunneling driver
[    1.712444] NET: Registered PF_PACKET protocol family
[    1.713638] 9pnet: Installing 9P2000 support
[    1.714722] Key type dns_resolver registered
[    1.717588] IPI shorthand broadcast: enabled
[    1.730850] sched_clock: Marking stable (1703047404, 27379365)->(1809222262, -78795493)
[    1.734019] registered taskstats version 1
[    1.735165] Loading compiled-in X.509 certificates
[    1.746132] Demotion targets for Node 0: null
[    1.749131] PM:   Magic number: 10:423:974
[    1.750291] printk: legacy console [netcon0] enabled
[    1.751518] netconsole: network logging started
[    1.752785] cfg80211: Loading compiled-in X.509 certificates for regulatory database
[    1.755562] kworker/u8:1 (55) used greatest stack depth: 29488 bytes left
[    1.757754] Loaded X.509 cert 'sforshee: 00b28ddf47aef9cea7'
[    1.759332] Loaded X.509 cert 'wens: 61c038651aabdcf94bd0ac7ff06c7248db18c600'
[    1.761175] platform regulatory.0: Direct firmware load for regulatory.db failed with error -2
[    1.763119] cfg80211: failed to load regulatory.db
[    1.763203] ALSA device list:
[    1.765245]   No soundcards found.
[    1.767904] Freeing unused kernel image (initmem) memory: 6000K
[    1.768779] Write protecting the kernel read-only data: 65536k
[    1.770080] Freeing unused kernel image (rodata/data gap) memory: 1112K
[    1.782061] x86/mm: Checked W+X mappings: passed, no W+X pages found.
[    1.783117] Run /init as init process
[    1.784920] mkdir (58) used greatest stack depth: 28840 bytes left
[    1.785848] mount (59) used greatest stack depth: 28144 bytes left

secb: rootfs ready
---- poc begin ----
[*] CVE-2026-23278 trigger (nftables catchall break -> chain UAF)
[*] entered userns + netns (CAP_NET_ADMIN granted)
[*] phase 1: build table/base_chain/vmap/target_chain
    [drain phase1-setup] acks=4 last_err=0
[*] phase 1b: add catchall_A (goto tc) + lookup rule
    [drain phase1-bind] acks=2 last_err=0
[*] phase 2: send abort batch (expects ENOENT)
    [!] phase2-abort seq=15 err=2 (No such file or directory)
[    2.128685] input: ImExPS/2 Generic Explorer Mouse as /devices/platform/i8042/serio1/input/input3
    [drain phase2-abort] acks=5 last_err=-2
[*] phase 3: DELCHAIN(tc) -> kfree(target_chain)
    [!] phase3-delchain seq=18 err=16 (Device or resource busy)
    [drain phase3-delchain] acks=1 last_err=-16
[!] DELCHAIN returned -16 -- bug may not have triggered (chain->use was not actually leaked to 0)
[*] phase 4: DELTABLE(t) -> UAF write in nft_verdict_uninit
    [drain phase4-deltable] acks=1 last_err=0
[*] PoC completed without KASAN -- if running on the vuln image this means the trigger did not land.  On the fixed image this is the expected outcome.
[    2.354521] poc (65) used greatest stack depth: 27048 bytes left
---- poc end rc=0 ----
secb: poc exited without crashing the kernel
[    3.715321] ACPI: PM: Preparing to enter system sleep state S5
[    3.717244] reboot: Power down
NO_CRASH_DETECTED
