bash: warning: setlocale: LC_ALL: cannot change locale (en_US.UTF-8)
c[?7l[2J[0mSeaBIOS (version 1.16.2-debian-1.16.2-1)


iPXE (http://ipxe.org) 00:03.0 CA00 PCI2.10 PnP PMM+7EFCEF00+7EF0EF00 CA00
Press Ctrl-B to configure iPXE (PCI 00:03.0)...                                                                               


Booting from ROM...
c[?7l[2JNo EFI environment detected.
early console in extract_kernel
input_data: 0x0000000004bf03a8
input_len: 0x000000000198802f
output: 0x0000000001000000
output_len: 0x0000000005502068
kernel_total_size: 0x0000000005230000
needed_size: 0x0000000005600000
trampoline_32bit: 0x000000000009d000


KASLR disabled: 'nokaslr' on cmdline.


Decompressing Linux... Parsing ELF... No relocation needed... done.
Booting the kernel (entry_offset: 0x0000000000000000).
[    0.000000] Linux version 6.4.0-04322-gc451410ca7e3-dirty (root@buildkitsandbox) (gcc (Debian 12.2.0-14+deb12u1) 12.2.0, GNU ld (GNU Binutils for Debian) 2.40) #1 SMP PREEMPT_DYNAMIC Sun May 17 07:37:42 UTC 2026
[    0.000000] Command line: console=ttyS0 oops=panic panic=-1 nokaslr earlyprintk=serial
[    0.000000] BIOS-provided physical RAM map:
[    0.000000] BIOS-e820: [mem 0x0000000000000000-0x000000000009fbff] usable
[    0.000000] BIOS-e820: [mem 0x000000000009fc00-0x000000000009ffff] reserved
[    0.000000] BIOS-e820: [mem 0x00000000000f0000-0x00000000000fffff] reserved
[    0.000000] BIOS-e820: [mem 0x0000000000100000-0x000000007ffdffff] usable
[    0.000000] BIOS-e820: [mem 0x000000007ffe0000-0x000000007fffffff] reserved
[    0.000000] BIOS-e820: [mem 0x00000000feffc000-0x00000000feffffff] reserved
[    0.000000] BIOS-e820: [mem 0x00000000fffc0000-0x00000000ffffffff] reserved
[    0.000000] printk: bootconsole [earlyser0] enabled
[    0.000000] NX (Execute Disable) protection: active
[    0.000000] SMBIOS 2.8 present.
[    0.000000] DMI: QEMU Standard PC (i440FX + PIIX, 1996), BIOS 1.16.2-debian-1.16.2-1 04/01/2014
[    0.000000] Hypervisor detected: KVM
[    0.000000] kvm-clock: Using msrs 4b564d01 and 4b564d00
[    0.000002] kvm-clock: using sched offset of 471082470 cycles
[    0.001634] clocksource: kvm-clock: mask: 0xffffffffffffffff max_cycles: 0x1cd42e4dffb, max_idle_ns: 881590591483 ns
[    0.006526] tsc: Detected 2995.198 MHz processor
[    0.008480] last_pfn = 0x7ffe0 max_arch_pfn = 0x400000000
[    0.010289] MTRR map: 4 entries (3 fixed + 1 variable; max 19), built from 8 variable MTRRs
[    0.012886] x86/PAT: Configuration [0-7]: WB  WC  UC- UC  WB  WP  UC- WT  
[    0.023734] found SMP MP-table at [mem 0x000f5ba0-0x000f5baf]
[    0.025678] Using GB pages for direct mapping
[    0.026921] Incomplete global flushes, disabling PCID
[    0.027089] RAMDISK: [mem 0x7fe8f000-0x7ffdffff]
[    0.029908] ACPI: Early table checksum verification disabled
[    0.031806] ACPI: RSDP 0x00000000000F59D0 000014 (v00 BOCHS )
[    0.033608] ACPI: RSDT 0x000000007FFE1B33 000034 (v01 BOCHS  BXPC     00000001 BXPC 00000001)
[    0.040789] ACPI: FACP 0x000000007FFE19DF 000074 (v01 BOCHS  BXPC     00000001 BXPC 00000001)
[    0.043663] ACPI: DSDT 0x000000007FFE0040 00199F (v01 BOCHS  BXPC     00000001 BXPC 00000001)
[    0.046269] ACPI: FACS 0x000000007FFE0000 000040
[    0.047625] ACPI: APIC 0x000000007FFE1A53 000080 (v01 BOCHS  BXPC     00000001 BXPC 00000001)
[    0.050209] ACPI: HPET 0x000000007FFE1AD3 000038 (v01 BOCHS  BXPC     00000001 BXPC 00000001)
[    0.056195] ACPI: WAET 0x000000007FFE1B0B 000028 (v01 BOCHS  BXPC     00000001 BXPC 00000001)
[    0.060229] ACPI: Reserving FACP table memory at [mem 0x7ffe19df-0x7ffe1a52]
[    0.062560] ACPI: Reserving DSDT table memory at [mem 0x7ffe0040-0x7ffe19de]
[    0.064958] ACPI: Reserving FACS table memory at [mem 0x7ffe0000-0x7ffe003f]
[    0.067108] ACPI: Reserving APIC table memory at [mem 0x7ffe1a53-0x7ffe1ad2]
[    0.069974] ACPI: Reserving HPET table memory at [mem 0x7ffe1ad3-0x7ffe1b0a]
[    0.073531] ACPI: Reserving WAET table memory at [mem 0x7ffe1b0b-0x7ffe1b32]
[    0.076616] No NUMA configuration found
[    0.077851] Faking a node at [mem 0x0000000000000000-0x000000007ffdffff]
[    0.080063] NODE_DATA(0) allocated [mem 0x7fe8b000-0x7fe8efff]
[    0.081590] Zone ranges:
[    0.082522]   DMA      [mem 0x0000000000001000-0x0000000000ffffff]
[    0.085338]   DMA32    [mem 0x0000000001000000-0x000000007ffdffff]
[    0.088532]   Normal   empty
[    0.089895] Movable zone start for each node
[    0.091646] Early memory node ranges
[    0.092797]   node   0: [mem 0x0000000000001000-0x000000000009efff]
[    0.095063]   node   0: [mem 0x0000000000100000-0x000000007ffdffff]
[    0.097724] Initmem setup node 0 [mem 0x0000000000001000-0x000000007ffdffff]
[    0.101777] On node 0, zone DMA: 1 pages in unavailable ranges
[    0.101909] On node 0, zone DMA: 97 pages in unavailable ranges
[    0.124098] On node 0, zone DMA32: 32 pages in unavailable ranges
[    0.211608] kasan: KernelAddressSanitizer initialized
[    0.215700] ACPI: PM-Timer IO Port: 0x608
[    0.216870] ACPI: LAPIC_NMI (acpi_id[0xff] dfl dfl lint[0x1])
[    0.218967] IOAPIC[0]: apic_id 0, version 17, address 0xfec00000, GSI 0-23
[    0.220478] ACPI: INT_SRC_OVR (bus 0 bus_irq 0 global_irq 2 dfl dfl)
[    0.222126] ACPI: INT_SRC_OVR (bus 0 bus_irq 5 global_irq 5 high level)
[    0.223958] ACPI: INT_SRC_OVR (bus 0 bus_irq 9 global_irq 9 high level)
[    0.225795] ACPI: INT_SRC_OVR (bus 0 bus_irq 10 global_irq 10 high level)
[    0.228234] ACPI: INT_SRC_OVR (bus 0 bus_irq 11 global_irq 11 high level)
[    0.230833] ACPI: Using ACPI (MADT) for SMP configuration information
[    0.232978] ACPI: HPET id: 0x8086a201 base: 0xfed00000
[    0.235241] TSC deadline timer available
[    0.236211] smpboot: Allowing 2 CPUs, 0 hotplug CPUs
[    0.237401] kvm-guest: KVM setup pv remote TLB flush
[    0.238930] kvm-guest: setup PV sched yield
[    0.240286] PM: hibernation: Registered nosave memory: [mem 0x00000000-0x00000fff]
[    0.242615] PM: hibernation: Registered nosave memory: [mem 0x0009f000-0x0009ffff]
[    0.245022] PM: hibernation: Registered nosave memory: [mem 0x000a0000-0x000effff]
[    0.247970] PM: hibernation: Registered nosave memory: [mem 0x000f0000-0x000fffff]
[    0.251224] [mem 0x80000000-0xfeffbfff] available for PCI devices
[    0.255852] Booting paravirtualized kernel on KVM
[    0.257278] clocksource: refined-jiffies: mask: 0xffffffff max_cycles: 0xffffffff, max_idle_ns: 1910969940391419 ns
[    0.273722] setup_percpu: NR_CPUS:64 nr_cpumask_bits:2 nr_cpu_ids:2 nr_node_ids:1
[    0.277067] percpu: Embedded 66 pages/cpu s232104 r8192 d30040 u1048576
[    0.279284] Kernel command line: console=ttyS0 oops=panic panic=-1 nokaslr earlyprintk=serial
[    0.281964] Unknown kernel command line parameters "nokaslr", will be passed to user space.
[    0.284517] random: crng init done
[    0.286358] Dentry cache hash table entries: 262144 (order: 9, 2097152 bytes, linear)
[    0.290395] Inode-cache hash table entries: 131072 (order: 8, 1048576 bytes, linear)
[    0.293040] Fallback order for Node 0: 0 
[    0.293046] Built 1 zonelists, mobility grouping on.  Total pages: 515808
[    0.295761] Policy zone: DMA32
[    0.296549] mem auto-init: stack:all(zero), heap alloc:off, heap free:off
[    0.298258] stackdepot: allocating hash table via alloc_large_system_hash
[    0.303845] stackdepot hash table entries: 1048576 (order: 11, 8388608 bytes, linear)
[    0.326162] Memory: 1692948K/2096632K available (49152K kernel code, 7930K rwdata, 10024K rodata, 5612K init, 3064K bss, 403428K reserved, 0K cma-reserved)
[    0.329121] SLUB: HWalign=64, Order=0-3, MinObjects=0, CPUs=2, Nodes=1
Poking KASLR using RDRAND RDTSC...
[    0.332421] Dynamic Preempt: voluntary
[    0.334255] rcu: Preemptible hierarchical RCU implementation.
[    0.337725] rcu: 	RCU event tracing is enabled.
[    0.338792] rcu: 	RCU restricting CPUs from NR_CPUS=64 to nr_cpu_ids=2.
[    0.340384] 	Trampoline variant of Tasks RCU enabled.
[    0.341575] rcu: RCU calculated value of scheduler-enlistment delay is 100 jiffies.
[    0.343608] rcu: Adjusting geometry for rcu_fanout_leaf=16, nr_cpu_ids=2
[    0.354592] NR_IRQS: 4352, nr_irqs: 440, preallocated irqs: 16
[    0.356320] rcu: srcu_init: Setting srcu_struct sizes based on contention.
[    0.367034] Console: colour VGA+ 80x25
[    0.367985] printk: console [ttyS0] enabled
[    0.367985] printk: console [ttyS0] enabled
[    0.369969] printk: bootconsole [earlyser0] disabled
[    0.369969] printk: bootconsole [earlyser0] disabled
[    0.372502] ACPI: Core revision 20230331
[    0.373821] clocksource: hpet: mask: 0xffffffff max_cycles: 0xffffffff, max_idle_ns: 19112604467 ns
[    0.376231] APIC: Switch to symmetric I/O mode setup
[    0.379252] kvm-guest: setup PV IPIs
[    0.382990] ..TIMER: vector=0x30 apic1=0 pin1=2 apic2=-1 pin2=-1
[    0.384701] clocksource: tsc-early: mask: 0xffffffffffffffff max_cycles: 0x2b2c8d6afc8, max_idle_ns: 440795331172 ns
[    0.387405] Calibrating delay loop (skipped) preset value.. 5990.39 BogoMIPS (lpj=2995198)
[    0.389038] x86/cpu: User Mode Instruction Prevention (UMIP) activated
[    0.391699] Last level iTLB entries: 4KB 0, 2MB 0, 4MB 0
[    0.392405] Last level dTLB entries: 4KB 0, 2MB 0, 4MB 0, 1GB 0
[    0.393433] Spectre V1 : Mitigation: usercopy/swapgs barriers and __user pointer sanitization
[    0.394413] Spectre V2 : Mitigation: Enhanced / Automatic IBRS
[    0.395403] Spectre V2 : Spectre v2 / SpectreRSB mitigation: Filling RSB on context switch
[    0.396402] Spectre V2 : Spectre v2 / PBRSB-eIBRS: Retire a single CALL on VMEXIT
[    0.397403] RETBleed: Mitigation: Enhanced IBRS
[    0.398412] Spectre V2 : mitigation: Enabling conditional Indirect Branch Prediction Barrier
[    0.399406] Speculative Store Bypass: Mitigation: Speculative Store Bypass disabled via prctl
[    0.400404] MMIO Stale Data: Unknown: No mitigations
[    0.401458] x86/fpu: Supporting XSAVE feature 0x001: 'x87 floating point registers'
[    0.402404] x86/fpu: Supporting XSAVE feature 0x002: 'SSE registers'
[    0.403403] x86/fpu: Supporting XSAVE feature 0x004: 'AVX registers'
[    0.404403] x86/fpu: xstate_offset[2]:  576, xstate_sizes[2]:  256
[    0.405399] x86/fpu: Enabled xstate features 0x7, context size is 832 bytes, using 'compacted' format.
[    0.424883] Freeing SMP alternatives memory: 44K
[    0.425608] pid_max: default: 32768 minimum: 301
[    0.427667] LSM: initializing lsm=capability,selinux,integrity
[    0.428422] SELinux:  Initializing.
[    0.430414] Mount-cache hash table entries: 4096 (order: 3, 32768 bytes, linear)
[    0.431408] Mountpoint-cache hash table entries: 4096 (order: 3, 32768 bytes, linear)
[    0.434208] smpboot: CPU0: 13th Gen Intel(R) Core(TM) i9-13900H (family: 0x6, model: 0xba, stepping: 0x2)
[    0.434639] RCU Tasks: Setting shift to 1 and lim to 1 rcu_task_cb_adjust=1.
[    0.435437] Performance Events: unsupported p6 CPU model 186 no PMU driver, software events only.
[    0.436459] signal: max sigframe size: 1776
[    0.437467] rcu: Hierarchical SRCU implementation.
[    0.438407] rcu: 	Max phase no-delay instances is 400.
[    0.439931] smp: Bringing up secondary CPUs ...
[    0.440635] smpboot: x86: Booting SMP configuration:
[    0.441408] .... node  #0, CPUs:      #1
[    0.443427] smp: Brought up 1 node, 2 CPUs
[    0.445427] smpboot: Max logical packages: 1
[    0.446427] smpboot: Total of 2 processors activated (11980.79 BogoMIPS)
[    0.449488] devtmpfs: initialized
[    0.452604] clocksource: jiffies: mask: 0xffffffff max_cycles: 0xffffffff, max_idle_ns: 1911260446275000 ns
[    0.453495] futex hash table entries: 512 (order: 3, 32768 bytes, linear)
[    0.455066] PM: RTC time: 07:38:36, date: 2026-05-17
[    0.456144] NET: Registered PF_NETLINK/PF_ROUTE protocol family
[    0.456806] audit: initializing netlink subsys (disabled)
[    0.457522] audit: type=2000 audit(1779003517.157:1): state=initialized audit_enabled=0 res=1
[    0.457738] thermal_sys: Registered thermal governor 'step_wise'
[    0.458438] thermal_sys: Registered thermal governor 'user_space'
[    0.459460] cpuidle: using governor menu
[    0.462492] PCI: Using configuration type 1 for base access
[    0.464138] kprobes: kprobe jump-optimization is enabled. All kprobes are optimized if possible.
[    0.467134] HugeTLB: registered 2.00 MiB page size, pre-allocated 0 pages
[    0.468413] HugeTLB: 28 KiB vmemmap can be freed for a 2.00 MiB page
[    0.471400] ACPI: Added _OSI(Module Device)
[    0.472410] ACPI: Added _OSI(Processor Device)
[    0.473407] ACPI: Added _OSI(3.0 _SCP Extensions)
[    0.475411] ACPI: Added _OSI(Processor Aggregator Device)
[    0.485888] ACPI: 1 ACPI AML tables successfully acquired and loaded
[    0.544082] ACPI: Interpreter enabled
[    0.544450] ACPI: PM: (supports S0 S3 S4 S5)
[    0.545409] ACPI: Using IOAPIC for interrupt routing
[    0.546487] PCI: Using host bridge windows from ACPI; if necessary, use "pci=nocrs" and report a bug
[    0.547407] PCI: Using E820 reservations for host bridge windows
[    0.548853] ACPI: Enabled 2 GPEs in block 00 to 0F
[    0.562617] ACPI: PCI Root Bridge [PCI0] (domain 0000 [bus 00-ff])
[    0.563615] acpi PNP0A03:00: _OSC: OS supports [ASPM ClockPM Segments MSI HPX-Type3]
[    0.564411] acpi PNP0A03:00: _OSC: not requesting OS control; OS requires [ExtendedConfig ASPM ClockPM MSI]
[    0.565568] acpi PNP0A03:00: fail to add MMCONFIG information, can't access extended configuration space under this bridge
[    0.566803] PCI host bridge to bus 0000:00
[    0.567409] pci_bus 0000:00: root bus resource [io  0x0000-0x0cf7 window]
[    0.568409] pci_bus 0000:00: root bus resource [io  0x0d00-0xffff window]
[    0.569543] pci_bus 0000:00: root bus resource [mem 0x000a0000-0x000bffff window]
[    0.570439] pci_bus 0000:00: root bus resource [mem 0x80000000-0xfebfffff window]
[    0.571544] pci_bus 0000:00: root bus resource [mem 0x100000000-0x17fffffff window]
[    0.572427] pci_bus 0000:00: root bus resource [bus 00-ff]
[    0.573680] pci 0000:00:00.0: [8086:1237] type 00 class 0x060000
[    0.581167] pci 0000:00:01.0: [8086:7000] type 00 class 0x060100
[    0.588576] pci 0000:00:01.1: [8086:7010] type 00 class 0x010180
[    0.590891] pci 0000:00:01.1: reg 0x20: [io  0xc040-0xc04f]
[    0.591986] pci 0000:00:01.1: legacy IDE quirk: reg 0x10: [io  0x01f0-0x01f7]
[    0.592461] pci 0000:00:01.1: legacy IDE quirk: reg 0x14: [io  0x03f6]
[    0.593411] pci 0000:00:01.1: legacy IDE quirk: reg 0x18: [io  0x0170-0x0177]
[    0.594409] pci 0000:00:01.1: legacy IDE quirk: reg 0x1c: [io  0x0376]
[    0.596131] pci 0000:00:01.3: [8086:7113] type 00 class 0x068000
[    0.597580] pci 0000:00:01.3: quirk: [io  0x0600-0x063f] claimed by PIIX4 ACPI
[    0.598423] pci 0000:00:01.3: quirk: [io  0x0700-0x070f] claimed by PIIX4 SMB
[    0.600021] pci 0000:00:02.0: [1234:1111] type 00 class 0x030000
[    0.602035] pci 0000:00:02.0: reg 0x10: [mem 0xfd000000-0xfdffffff pref]
[    0.604474] pci 0000:00:02.0: reg 0x18: [mem 0xfebf0000-0xfebf0fff]
[    0.608805] pci 0000:00:02.0: reg 0x30: [mem 0xfebe0000-0xfebeffff pref]
[    0.609774] pci 0000:00:02.0: Video device with shadowed ROM at [mem 0x000c0000-0x000dffff]
[    0.616123] pci 0000:00:03.0: [8086:100e] type 00 class 0x020000
[    0.617411] pci 0000:00:03.0: reg 0x10: [mem 0xfebc0000-0xfebdffff]
[    0.619337] pci 0000:00:03.0: reg 0x14: [io  0xc000-0xc03f]
[    0.624408] pci 0000:00:03.0: reg 0x30: [mem 0xfeb80000-0xfebbffff pref]
[    0.632648] ACPI: PCI: Interrupt link LNKA configured for IRQ 10
[    0.633963] ACPI: PCI: Interrupt link LNKB configured for IRQ 10
[    0.635560] ACPI: PCI: Interrupt link LNKC configured for IRQ 11
[    0.636931] ACPI: PCI: Interrupt link LNKD configured for IRQ 11
[    0.637629] ACPI: PCI: Interrupt link LNKS configured for IRQ 9
[    0.640042] iommu: Default domain type: Translated 
[    0.640408] iommu: DMA domain TLB invalidation policy: lazy mode 
[    0.641703] SCSI subsystem initialized
[    0.642755] ACPI: bus type USB registered
[    0.643476] usbcore: registered new interface driver usbfs
[    0.645441] usbcore: registered new interface driver hub
[    0.646427] usbcore: registered new device driver usb
[    0.647496] pps_core: LinuxPPS API ver. 1 registered
[    0.649410] pps_core: Software ver. 5.3.6 - Copyright 2005-2007 Rodolfo Giometti <giometti@linux.it>
[    0.651440] PTP clock support registered
[    0.653570] Advanced Linux Sound Architecture Driver Initialized.
[    0.656019] NetLabel: Initializing
[    0.657409] NetLabel:  domain hash size = 128
[    0.658408] NetLabel:  protocols = UNLABELED CIPSOv4 CALIPSO
[    0.660484] NetLabel:  unlabeled traffic allowed by default
[    0.664502] PCI: Using ACPI for IRQ routing
[    0.665676] pci 0000:00:02.0: vgaarb: setting as boot VGA device
[    0.666399] pci 0000:00:02.0: vgaarb: bridge control possible
[    0.666399] pci 0000:00:02.0: vgaarb: VGA device added: decodes=io+mem,owns=io+mem,locks=none
[    0.670410] vgaarb: loaded
[    0.671441] hpet0: at MMIO 0xfed00000, IRQs 2, 8, 0
[    0.673409] hpet0: 3 comparators, 64-bit 100.000000 MHz counter
[    0.683506] clocksource: Switched to clocksource kvm-clock
[    0.721077] VFS: Disk quotas dquot_6.6.0
[    0.722675] VFS: Dquot-cache hash table entries: 512 (order 0, 4096 bytes)
[    0.724658] pnp: PnP ACPI init
[    0.726903] pnp: PnP ACPI: found 6 devices
[    0.742174] clocksource: acpi_pm: mask: 0xffffff max_cycles: 0xffffff, max_idle_ns: 2085701024 ns
[    0.744170] NET: Registered PF_INET protocol family
[    0.745323] IP idents hash table entries: 32768 (order: 6, 262144 bytes, linear)
[    0.748248] tcp_listen_portaddr_hash hash table entries: 1024 (order: 2, 16384 bytes, linear)
[    0.750570] Table-perturb hash table entries: 65536 (order: 6, 262144 bytes, linear)
[    0.752572] TCP established hash table entries: 16384 (order: 5, 131072 bytes, linear)
[    0.754558] TCP bind hash table entries: 16384 (order: 7, 524288 bytes, linear)
[    0.756347] TCP: Hash tables configured (established 16384 bind 16384)
[    0.758735] UDP hash table entries: 1024 (order: 3, 32768 bytes, linear)
[    0.760241] UDP-Lite hash table entries: 1024 (order: 3, 32768 bytes, linear)
[    0.761948] NET: Registered PF_UNIX/PF_LOCAL protocol family
[    0.764558] RPC: Registered named UNIX socket transport module.
[    0.766086] RPC: Registered udp transport module.
[    0.767429] RPC: Registered tcp transport module.
[    0.768749] RPC: Registered tcp NFSv4.1 backchannel transport module.
[    0.771251] pci_bus 0000:00: resource 4 [io  0x0000-0x0cf7 window]
[    0.773042] pci_bus 0000:00: resource 5 [io  0x0d00-0xffff window]
[    0.774697] pci_bus 0000:00: resource 6 [mem 0x000a0000-0x000bffff window]
[    0.776625] pci_bus 0000:00: resource 7 [mem 0x80000000-0xfebfffff window]
[    0.778829] pci_bus 0000:00: resource 8 [mem 0x100000000-0x17fffffff window]
[    0.780942] pci 0000:00:01.0: PIIX3: Enabling Passive Release
[    0.782529] pci 0000:00:00.0: Limiting direct PCI/PCI transfers
[    0.784210] PCI: CLS 0 bytes, default 64
[    0.785394] Unpacking initramfs...
[    0.788666] RAPL PMU: API unit is 2^-32 Joules, 0 fixed counters, 10737418240 ms ovfl timer
[    0.790712] clocksource: tsc: mask: 0xffffffffffffffff max_cycles: 0x2b2c8d6afc8, max_idle_ns: 440795331172 ns
[    0.796850] Initialise system trusted keyrings
[    0.798203] workingset: timestamp_bits=56 max_order=19 bucket_order=0
[    0.800437] NFS: Registering the id_resolver key type
[    0.801867] Key type id_resolver registered
[    0.803013] Key type id_legacy registered
[    0.804230] 9p: Installing v9fs 9p2000 file system support
[    0.808137] Freeing initrd memory: 1348K
[    0.814176] Key type asymmetric registered
[    0.815714] Asymmetric key parser 'x509' registered
[    0.817168] Block layer SCSI generic (bsg) driver version 0.4 loaded (major 251)
[    0.819177] io scheduler mq-deadline registered
[    0.820355] io scheduler kyber registered
[    0.821978] input: Power Button as /devices/LNXSYSTM:00/LNXPWRBN:00/input/input0
[    0.825737] ACPI: button: Power Button [PWRF]
[    0.828354] Serial: 8250/16550 driver, 4 ports, IRQ sharing enabled
[    0.831436] 00:04: ttyS0 at I/O 0x3f8 (irq = 4, base_baud = 115200) is a 16550A
[    0.835136] Non-volatile memory driver v1.3
[    0.836268] Linux agpgart interface v0.103
[    0.837510] ACPI: bus type drm_connector registered
[    0.844432] loop: module loaded
[    0.848157] scsi host0: ata_piix
[    0.850994] scsi host1: ata_piix
[    0.852090] ata1: PATA max MWDMA2 cmd 0x1f0 ctl 0x3f6 bmdma 0xc040 irq 14
[    0.854139] ata2: PATA max MWDMA2 cmd 0x170 ctl 0x376 bmdma 0xc048 irq 15
[    0.856729] e100: Intel(R) PRO/100 Network Driver
[    0.858311] e100: Copyright(c) 1999-2006 Intel Corporation
[    0.859766] e1000: Intel(R) PRO/1000 Network Driver
[    0.861082] e1000: Copyright (c) 1999-2006 Intel Corporation.
[    1.015023] ata2: found unknown device (class 0)
[    1.017723] ata2.00: ATAPI: QEMU DVD-ROM, 2.5+, max UDMA/100
[    1.020099] scsi 1:0:0:0: CD-ROM            QEMU     QEMU DVD-ROM     2.5+ PQ: 0 ANSI: 5
[    1.037239] sr 1:0:0:0: [sr0] scsi3-mmc drive: 4x/4x cd/rw xa/form2 tray
[    1.038660] cdrom: Uniform CD-ROM driver Revision: 3.20
[    1.301791] ACPI: \_SB_.LNKC: Enabled at IRQ 11
[    1.677934] e1000 0000:00:03.0 eth0: (PCI:33MHz:32-bit) 52:54:00:12:34:56
[    1.680572] e1000 0000:00:03.0 eth0: Intel(R) PRO/1000 Network Connection
[    1.682191] e1000e: Intel(R) PRO/1000 Network Driver
[    1.683336] e1000e: Copyright(c) 1999 - 2015 Intel Corporation.
[    1.684668] sky2: driver version 1.30
[    1.686037] usbcore: registered new interface driver usblp
[    1.687121] usbcore: registered new interface driver usb-storage
[    1.688529] i8042: PNP: PS/2 Controller [PNP0303:KBD,PNP0f13:MOU] at 0x60,0x64 irq 1,12
[    1.693971] serio: i8042 KBD port at 0x60,0x64 irq 1
[    1.696515] serio: i8042 AUX port at 0x60,0x64 irq 12
[    1.698159] rtc_cmos 00:05: RTC can wake from S4
[    1.701298] input: AT Translated Set 2 keyboard as /devices/platform/i8042/serio0/input/input1
[    1.703646] rtc_cmos 00:05: registered as rtc0
[    1.705115] rtc_cmos 00:05: alarms up to one day, y3k, 242 bytes nvram, hpet irqs
[    1.707689] device-mapper: ioctl: 4.48.0-ioctl (2023-03-01) initialised: dm-devel@redhat.com
[    1.709440] intel_pstate: CPU model not supported
[    1.711282] hid: raw HID events driver (C) Jiri Kosina
[    1.713613] usbcore: registered new interface driver usbhid
[    1.715645] usbhid: USB HID core driver
[    1.716712] netem: version 1.3
[    1.718595] Initializing XFRM netlink socket
[    1.719377] NET: Registered PF_INET6 protocol family
[    1.720962] Segment Routing with IPv6
[    1.721756] In-situ OAM (IOAM) with IPv6
[    1.722659] sit: IPv6, IPv4 and MPLS over IPv4 tunneling driver
[    1.724929] NET: Registered PF_PACKET protocol family
[    1.727303] 9pnet: Installing 9P2000 support
[    1.729324] Key type dns_resolver registered
[    1.733701] IPI shorthand broadcast: enabled
[    1.745719] sched_clock: Marking stable (1721007251, 24454556)->(1853503608, -108041801)
[    1.748655] registered taskstats version 1
[    1.750602] Loading compiled-in X.509 certificates
[    1.759568] PM:   Magic number: 10:592:622
[    1.760573] printk: console [netcon0] enabled
[    1.761586] netconsole: network logging started
[    1.763275] cfg80211: Loading compiled-in X.509 certificates for regulatory database
[    1.765491] kworker/u4:1 (50) used greatest stack depth: 29536 bytes left
[    1.767412] Loaded X.509 cert 'sforshee: 00b28ddf47aef9cea7'
[    1.768815] ALSA device list:
[    1.769511]   No soundcards found.
[    1.771812] Freeing unused kernel image (initmem) memory: 5612K
[    1.772884] platform regulatory.0: Direct firmware load for regulatory.db failed with error -2
[    1.774148] cfg80211: failed to load regulatory.db
[    1.776602] Write protecting the kernel read-only data: 59392k
[    1.779006] Freeing unused kernel image (rodata/data gap) memory: 216K
[    1.791091] x86/mm: Checked W+X mappings: passed, no W+X pages found.
[    1.792109] Run /init as init process
[    1.794947] mount (55) used greatest stack depth: 28760 bytes left

secb: rootfs ready
---- poc begin ----
[poc] lo up
[poc] === iter 0[    1.806332] drr_dequeue: netem qdisc 1: is non-work-conserving?
 ===
[poc] P1 sendto [    1.807575] ==================================================================
rc=1
[    1.808814] BUG: KASAN: slab-use-after-free in drr_enqueue+0x974/0x9a0
[    1.809767] Write of size 8 at addr ffff888009f23550 by task poc/61
[    1.810608] 
[    1.810867] CPU: 0 PID: 61 Comm: poc Not tainted 6.4.0-04322-gc451410ca7e3-dirty #1
[    1.813998] Hardware name: QEMU Standard PC (i440FX + PIIX, 1996), BIOS 1.16.2-debian-1.16.2-1 04/01/2014
[    1.815386] Call Trace:
[    1.815794]  <TASK>
[    1.816131]  dump_stack_lvl+0x36/0x50
[    1.816705]  print_report+0xcf/0x660
[    1.817210]  ? drr_enqueue+0x974/0x9a0
[    1.817758]  kasan_report+0xc7/0x100
[    1.818243]  ? drr_enqueue+0x974/0x9a0
[    1.818817]  drr_enqueue+0x974/0x9a0
[    1.819278]  ? kmem_cache_alloc_node+0x110/0x280
[    1.819888]  ? __pfx_drr_enqueue+0x10/0x10
[    1.820443]  ? _raw_spin_lock+0x80/0xe0
[    1.821253]  dev_qdisc_enqueue+0x3b/0x140
[    1.822048]  ? __is_insn_slot_addr+0x86/0xd0
[    1.822768]  __dev_queue_xmit+0x161f/0x30c0
[    1.823288]  ? selinux_ip_postroute_compat+0x321/0x3d0
[    1.823881]  ? __pfx___dev_queue_xmit+0x10/0x10
[    1.824505]  ? stack_trace_save+0x90/0xd0
[    1.825068]  ? __pfx_stack_trace_save+0x10/0x10
[    1.825752]  ? selinux_ip_postroute+0x2ac/0xac0
[    1.826420]  ip_finish_output2+0x6cf/0x18f0
[    1.827054]  ? __pfx_ip_finish_output2+0x10/0x10
[    1.827749]  __ip_finish_output.part.0+0x271/0x950
[    1.828386]  ? __pfx___ip_finish_output.part.0+0x10/0x10
[    1.829095]  ? nf_hook_slow+0xa2/0x170
[    1.829659]  ip_output+0x2c7/0x650
[    1.830310]  ? __pfx_ip_output+0x10/0x10
[    1.830948]  ? __pfx_ip_finish_output+0x10/0x10
[    1.831588]  ? __pfx_ip_generic_getfrag+0x10/0x10
[    1.832194]  ? __pfx_ip_make_skb+0x10/0x10
[    1.832736]  ip_send_skb+0x113/0x150
[    1.833285]  udp_send_skb+0x57d/0x1260
[    1.833981]  udp_sendmsg+0x1757/0x2230
[    1.834511]  ? avc_has_perm_noaudit+0x8a/0x130
[    1.835079]  ? __pfx_ip_generic_getfrag+0x10/0x10
[    1.835778]  ? __pfx_udp_sendmsg+0x10/0x10
[    1.836590]  ? udp_lib_get_port+0x4b9/0x1850
[    1.837237]  ? ip4_datagram_release_cb+0x161/0x7f0
[    1.838169]  ? __pfx_ip4_datagram_release_cb+0x10/0x10
[    1.839008]  ? __pfx_sk_setsockopt+0x10/0x10
[    1.839590]  ? inet_autobind+0x108/0x160
[    1.840167]  ? inet_send_prepare+0x21f/0x2a0
[    1.840787]  ? __pfx_inet_sendmsg+0x10/0x10
[    1.841300]  ? sock_sendmsg+0x138/0x180
[    1.841822]  sock_sendmsg+0x138/0x180
[    1.842349]  __sys_sendto+0x1eb/0x2b0
[    1.842896]  ? __pfx___sys_sendto+0x10/0x10
[    1.843546]  ? __pfx_udp_push_pending_frames+0x10/0x10
[    1.844173]  ? udp_lib_setsockopt+0x52f/0xc00
[    1.844832]  ? __pfx_udp_lib_setsockopt+0x10/0x10
[    1.845426]  ? __pfx___sys_socket+0x10/0x10
[    1.846011]  __x64_sys_sendto+0xdb/0x1b0
[    1.846530]  ? exit_to_user_mode_prepare+0x2a/0x110
[    1.847204]  ? syscall_exit_to_user_mode+0x21/0x50
[    1.847903]  do_syscall_64+0x3b/0x90
[    1.848604]  entry_SYSCALL_64_after_hwframe+0x6e/0xd8
[    1.849288] RIP: 0033:0x43b8f3
[    1.849835] Code: c7 c2 b8 ff ff ff f7 d8 64 89 02 48 c7 c0 ff ff ff ff eb b8 0f 1f 00 80 3d 91 07 07 00 00 41 89 ca 74 14 b8 2c 00 00 00 0f 05 <48> 3d 00 f0 ff ff 77 75 c3 0f 1f 40 00 55 48 83 ec 30 44 89 4c 24
[    1.852450] RSP: 002b:00007ffd41745158 EFLAGS: 00000202 ORIG_RAX: 000000000000002c
[    1.853604] RAX: ffffffffffffffda RBX: 0000000000000004 RCX: 000000000043b8f3
[    1.854824] RDX: 0000000000000001 RSI: 0000000000482824 RDI: 0000000000000004
[    1.855847] RBP: 000000000047f105 R08: 00007ffd41745170 R09: 0000000000000010
[    1.856943] R10: 0000000000000000 R11: 0000000000000202 R12: 000000000047f102
[    1.857993] R13: 000000000047f105 R14: 0000000000000001 R15: 0000000000000001
[    1.859018]  </TASK>
[    1.859345] 
[    1.859590] Allocated by task 61:
[    1.860125]  kasan_save_stack+0x33/0x60
[    1.860656]  kasan_set_track+0x25/0x30
[    1.861183]  __kasan_kmalloc+0x8f/0xa0
[    1.861773]  drr_change_class+0x36c/0xac0
[    1.862442]  tc_ctl_tclass+0x3cf/0xf40
[    1.863026]  rtnetlink_rcv_msg+0x35d/0x9d0
[    1.863656]  netlink_rcv_skb+0x12f/0x370
[    1.864296]  netlink_unicast+0x588/0x7f0
[    1.864893]  netlink_sendmsg+0x7b7/0xc60
[    1.865488]  sock_sendmsg+0x13d/0x180
[    1.866029]  ____sys_sendmsg+0x5c5/0x7f0
[    1.866573]  ___sys_sendmsg+0x100/0x180
[    1.867195]  __sys_sendmsg+0xe6/0x190
[    1.867766]  do_syscall_64+0x3b/0x90
[    1.868519]  entry_SYSCALL_64_after_hwframe+0x6e/0xd8
[    1.869825] 
[    1.870049] Freed by task 61:
[    1.870617]  kasan_save_stack+0x33/0x60
[    1.871225]  kasan_set_track+0x25/0x30
[    1.871693]  kasan_save_free_info+0x2b/0x50
[    1.872349]  __kasan_slab_free+0x10a/0x180
[    1.872983]  __kmem_cache_free+0x82/0x1c0
[    1.873554]  drr_delete_class+0x2b8/0x420
[    1.874282]  tc_ctl_tclass+0x9af/0xf40
[    1.874892]  rtnetlink_rcv_msg+0x35d/0x9d0
[    1.875492]  netlink_rcv_skb+0x12f/0x370
[    1.876041]  netlink_unicast+0x588/0x7f0
[    1.876621]  netlink_sendmsg+0x7b7/0xc60
[    1.877277]  sock_sendmsg+0x13d/0x180
[    1.877846]  ____sys_sendmsg+0x5c5/0x7f0
[    1.878531]  ___sys_sendmsg+0x100/0x180
[    1.879178]  __sys_sendmsg+0xe6/0x190
[    1.879791]  do_syscall_64+0x3b/0x90
[    1.880292]  entry_SYSCALL_64_after_hwframe+0x6e/0xd8
[    1.881123] 
[    1.881348] The buggy address belongs to the object at ffff888009f23500
[    1.881348]  which belongs to the cache kmalloc-128 of size 128
[    1.883301] The buggy address is located 80 bytes inside of
[    1.883301]  freed 128-byte region [ffff888009f23500, ffff888009f23580)
[    1.885620] 
[    1.885944] The buggy address belongs to the physical page:
[    1.886808] page:00000000eceff23a refcount:1 mapcount:0 mapping:0000000000000000 index:0x0 pfn:0x9f23
[    1.888254] flags: 0x100000000000200(slab|node=0|zone=1)
[    1.889140] page_type: 0xffffffff()
[    1.889720] raw: 0100000000000200 ffff8880064418c0 dead000000000122 0000000000000000
[    1.891011] raw: 0000000000000000 0000000080100010 00000001ffffffff 0000000000000000
[    1.892303] page dumped because: kasan: bad access detected
[    1.893203] 
[    1.893535] Memory state around the buggy address:
[    1.894419]  ffff888009f23400: 00 00 00 00 00 00 00 00 00 00 00 00 00 00 00 00
[    1.895484]  ffff888009f23480: fc fc fc fc fc fc fc fc fc fc fc fc fc fc fc fc
[    1.896526] >ffff888009f23500: fa fb fb fb fb fb fb fb fb fb fb fb fb fb fb fb
[    1.897601]                                                  ^
[    1.898544]  ffff888009f23580: fc fc fc fc fc fc fc fc fc fc fc fc fc fc fc fc
[    1.899761]  ffff888009f23600: 00 00 00 00 00 00 00 00 00 00 00 00 00 00 fc fc
[    1.901118] ==================================================================
[    1.903077] Disabling lock debugging due to kernel taint
[poc] P2 sendto rc=1
[poc] === iter 1[    1.925148] general protection fault, probably for non-canonical address 0x65d005d00000000: 0000 [#1] PREEMPT SMP KASAN NOPTI
[    1.926848] CPU: 0 PID: 61 Comm: poc Tainted: G    B              6.4.0-04322-gc451410ca7e3-dirty #1
[    1.928182] Hardware name: QEMU Standard PC (i440FX + PIIX, 1996), BIOS 1.16.2-debian-1.16.2-1 04/01/2014
[    1.929500] RIP: 0010:qdisc_peek_dequeued+0x75/0x290
[    1.930168] Code: cc cc cc cc 48 b8 00 00 00 00 00 fc ff df 48 8d 7b 08 48 89 fa 48 c1 ea 03 80 3c 02 00 0f 85 c4 01 00 00 48 8b 43 08 48 89 df <ff> d0 0f 1f 00 48 85 c0 74 c3 48 ba 00 00 00 00 00 fc ff df 48 89
[    1.932962] RSP: 0018:ffffc900003ef418 EFLAGS: 00010282
[    1.933666] RAX: 065d005d00000000 RBX: ffff888009f7e000 RCX: 0000000000000000
[    1.934675] RDX: 0000000000000000 RSI: 0000000000000008 RDI: ffff888009f7e000
[    1.935789] RBP: ffff888009f7e080 R08: 0000000000000001 R09: ffff888009f02040
[    1.936967] R10: ffff888009f02080 R11: ffff888009f020f0 R12: ffff888009f02180
[    1.937803] R13: ffff888009f23560 R14: ffff888009f02000 R15: ffff888009f7e000
[    1.938850] FS:  0000000000bdc380(0000) GS:ffff88806d200000(0000) knlGS:0000000000000000
[    1.940111] CS:  0010 DS: 0000 ES: 0000 CR0: 0000000080050033
 ===
[    1.940891] CR2: 00007ffd41742fa0 CR3: 0000000006658000 CR4: 0000000000350ef0
[    1.941979] Call Trace:
[    1.942390]  <TASK>
[    1.942750]  ? die_addr+0x3b/0xa0
[    1.943209]  ? exc_general_protection+0x150/0x220
[    1.943891]  ? asm_exc_general_protection+0x26/0x30
[    1.944591]  ? qdisc_peek_dequeued+0x75/0x290
[    1.945199]  ? qdisc_peek_dequeued+0x77/0x290
[    1.945804]  drr_dequeue+0x1da/0xb60
[    1.946266]  __qdisc_run+0x178/0x1780
[    1.946799]  ? dev_qdisc_enqueue+0x3b/0x140
[    1.947468]  __dev_queue_xmit+0x1952/0x30c0
[    1.948120]  ? selinux_ip_postroute_compat+0x321/0x3d0
[    1.948858]  ? __pfx___dev_queue_xmit+0x10/0x10
[    1.949596]  ? stack_trace_save+0x90/0xd0
[    1.950133]  ? __pfx_stack_trace_save+0x10/0x10
[    1.950824]  ? selinux_ip_postroute+0x2ac/0xac0
[    1.951462]  ip_finish_output2+0x6cf/0x18f0
[    1.952486]  ? __pfx_ip_finish_output2+0x10/0x10
[    1.953483]  __ip_finish_output.part.0+0x271/0x950
[    1.954218]  ? __pfx___ip_finish_output.part.0+0x10/0x10
[    1.955155]  ? nf_hook_slow+0xa2/0x170
[    1.955830]  ip_output+0x2c7/0x650
[    1.956446]  ? __pfx_ip_output+0x10/0x10
[    1.957007]  ? __pfx_ip_finish_output+0x10/0x10
[    1.957784]  ? __pfx_ip_generic_getfrag+0x10/0x10
[    1.958527]  ? __pfx_ip_make_skb+0x10/0x10
[    1.959252]  ip_send_skb+0x113/0x150
[    1.959783]  udp_send_skb+0x57d/0x1260
[    1.960446]  udp_sendmsg+0x1757/0x2230
[    1.961130]  ? avc_has_perm_noaudit+0x8a/0x130
[    1.961954]  ? __pfx_ip_generic_getfrag+0x10/0x10
[    1.962782]  ? __pfx_udp_sendmsg+0x10/0x10
[    1.963333]  ? udp_lib_get_port+0x4b9/0x1850
[    1.964033]  ? ip4_datagram_release_cb+0x161/0x7f0
[    1.964761]  ? __pfx_ip4_datagram_release_cb+0x10/0x10
[    1.965626]  ? __pfx_sk_setsockopt+0x10/0x10
[    1.966262]  ? inet_autobind+0x108/0x160
[    1.966936]  ? inet_send_prepare+0x21f/0x2a0
[    1.967555]  ? __pfx_inet_sendmsg+0x10/0x10
[    1.968180]  ? sock_sendmsg+0x138/0x180
[    1.968740]  sock_sendmsg+0x138/0x180
[    1.969279]  __sys_sendto+0x1eb/0x2b0
[    1.969904]  ? __pfx___sys_sendto+0x10/0x10
[    1.970508]  ? __pfx_udp_push_pending_frames+0x10/0x10
[    1.971283]  ? udp_lib_setsockopt+0x52f/0xc00
[    1.971931]  ? __pfx_udp_lib_setsockopt+0x10/0x10
[    1.972829]  ? __pfx___sys_socket+0x10/0x10
[    1.973702]  __x64_sys_sendto+0xdb/0x1b0
[    1.974465]  ? exit_to_user_mode_prepare+0x2a/0x110
[    1.975427]  ? syscall_exit_to_user_mode+0x21/0x50
[    1.976337]  do_syscall_64+0x3b/0x90
[    1.976901]  entry_SYSCALL_64_after_hwframe+0x6e/0xd8
[    1.978106] RIP: 0033:0x43b8f3
[    1.978946] Code: c7 c2 b8 ff ff ff f7 d8 64 89 02 48 c7 c0 ff ff ff ff eb b8 0f 1f 00 80 3d 91 07 07 00 00 41 89 ca 74 14 b8 2c 00 00 00 0f 05 <48> 3d 00 f0 ff ff 77 75 c3 0f 1f 40 00 55 48 83 ec 30 44 89 4c 24
[    1.982594] RSP: 002b:00007ffd41745158 EFLAGS: 00000202 ORIG_RAX: 000000000000002c
[    1.983753] RAX: ffffffffffffffda RBX: 0000000000000004 RCX: 000000000043b8f3
[    1.984902] RDX: 0000000000000001 RSI: 0000000000482824 RDI: 0000000000000004
[    1.986273] RBP: 000000000047f102 R08: 00007ffd41745170 R09: 0000000000000010
[    1.987321] R10: 0000000000000000 R11: 0000000000000202 R12: 000000000047f102
[    1.988380] R13: 000000000047f105 R14: 0000000000000001 R15: 0000000000000001
[    1.989964]  </TASK>
[    1.990402] Modules linked in:
[    1.991141] ---[ end trace 0000000000000000 ]---
[    1.991960] RIP: 0010:qdisc_peek_dequeued+0x75/0x290
[    1.992792] Code: cc cc cc cc 48 b8 00 00 00 00 00 fc ff df 48 8d 7b 08 48 89 fa 48 c1 ea 03 80 3c 02 00 0f 85 c4 01 00 00 48 8b 43 08 48 89 df <ff> d0 0f 1f 00 48 85 c0 74 c3 48 ba 00 00 00 00 00 fc ff df 48 89
[    1.996428] RSP: 0018:ffffc900003ef418 EFLAGS: 00010282
[    1.997294] RAX: 065d005d00000000 RBX: ffff888009f7e000 RCX: 0000000000000000
[    1.998904] RDX: 0000000000000000 RSI: 0000000000000008 RDI: ffff888009f7e000
[    2.000305] RBP: ffff888009f7e080 R08: 0000000000000001 R09: ffff888009f02040
[    2.001445] R10: ffff888009f02080 R11: ffff888009f020f0 R12: ffff888009f02180
[    2.002730] R13: ffff888009f23560 R14: ffff888009f02000 R15: ffff888009f7e000
[    2.003967] FS:  0000000000bdc380(0000) GS:ffff88806d200000(0000) knlGS:0000000000000000
[    2.005304] CS:  0010 DS: 0000 ES: 0000 CR0: 0000000080050033
[    2.006224] CR2: 00007ffd41742fa0 CR3: 0000000006658000 CR4: 0000000000350ef0
[    2.007389] Kernel panic - not syncing: Fatal exception in interrupt
[    2.009138] Kernel Offset: disabled
CONFIRMED: KASAN_UAF
