bash: warning: setlocale: LC_ALL: cannot change locale (en_US.UTF-8)
c[?7l[2J[0mSeaBIOS (version 1.16.2-debian-1.16.2-1)


iPXE (http://ipxe.org) 00:03.0 CA00 PCI2.10 PnP PMM+7EFCEF00+7EF0EF00 CA00
Press Ctrl-B to configure iPXE (PCI 00:03.0)...                                                                               


Booting from ROM...
c[?7l[2JNo EFI environment detected.
early console in extract_kernel
input_data: 0x0000000004bf03a8
input_len: 0x0000000001988054
output: 0x0000000001000000
output_len: 0x0000000005502068
kernel_total_size: 0x0000000005230000
needed_size: 0x0000000005600000
trampoline_32bit: 0x000000000009d000


KASLR disabled: 'nokaslr' on cmdline.


Decompressing Linux... Parsing ELF... No relocation needed... done.
Booting the kernel (entry_offset: 0x0000000000000000).
[    0.000000] Linux version 6.4.0-04323-g0d4aa1e10e26-dirty (root@buildkitsandbox) (gcc (Debian 12.2.0-14+deb12u1) 12.2.0, GNU ld (GNU Binutils for Debian) 2.40) #2 SMP PREEMPT_DYNAMIC Sun May 17 07:39:22 UTC 2026
[    0.000000] Command line: console=ttyS0 oops=panic panic=-1 nokaslr earlyprintk=serial
[    0.000000] BIOS-provided physical RAM map:
[    0.000000] BIOS-e820: [mem 0x0000000000000000-0x000000000009fbff] usable
[    0.000000] BIOS-e820: [mem 0x000000000009fc00-0x000000000009ffff] reserved
[    0.000000] BIOS-e820: [mem 0x00000000000f0000-0x00000000000fffff] reserved
[    0.000000] BIOS-e820: [mem 0x0000000000100000-0x000000007ffdffff] usable
[    0.000000] BIOS-e820: [mem 0x000000007ffe0000-0x000000007fffffff] reserved
[    0.000000] BIOS-e820: [mem 0x00000000feffc000-0x00000000feffffff] reserved
[    0.000000] BIOS-e820: [mem 0x00000000fffc0000-0x00000000ffffffff] reserved
[    0.000000] printk: bootconsole [earlyser0] enabled
[    0.000000] NX (Execute Disable) protection: active
[    0.000000] SMBIOS 2.8 present.
[    0.000000] DMI: QEMU Standard PC (i440FX + PIIX, 1996), BIOS 1.16.2-debian-1.16.2-1 04/01/2014
[    0.000000] Hypervisor detected: KVM
[    0.000000] kvm-clock: Using msrs 4b564d01 and 4b564d00
[    0.000004] kvm-clock: using sched offset of 1269571657 cycles
[    0.002784] clocksource: kvm-clock: mask: 0xffffffffffffffff max_cycles: 0x1cd42e4dffb, max_idle_ns: 881590591483 ns
[    0.009897] tsc: Detected 2995.198 MHz processor
[    0.013167] last_pfn = 0x7ffe0 max_arch_pfn = 0x400000000
[    0.016982] MTRR map: 4 entries (3 fixed + 1 variable; max 19), built from 8 variable MTRRs
[    0.020338] x86/PAT: Configuration [0-7]: WB  WC  UC- UC  WB  WP  UC- WT  
[    0.034409] found SMP MP-table at [mem 0x000f5ba0-0x000f5baf]
[    0.038146] Using GB pages for direct mapping
[    0.041957] Incomplete global flushes, disabling PCID
[    0.042577] RAMDISK: [mem 0x7fe8f000-0x7ffdffff]
[    0.049914] ACPI: Early table checksum verification disabled
[    0.054284] ACPI: RSDP 0x00000000000F59D0 000014 (v00 BOCHS )
[    0.067057] ACPI: RSDT 0x000000007FFE1B33 000034 (v01 BOCHS  BXPC     00000001 BXPC 00000001)
[    0.074612] ACPI: FACP 0x000000007FFE19DF 000074 (v01 BOCHS  BXPC     00000001 BXPC 00000001)
[    0.089230] ACPI: DSDT 0x000000007FFE0040 00199F (v01 BOCHS  BXPC     00000001 BXPC 00000001)
[    0.097211] ACPI: FACS 0x000000007FFE0000 000040
[    0.101533] ACPI: APIC 0x000000007FFE1A53 000080 (v01 BOCHS  BXPC     00000001 BXPC 00000001)
[    0.110282] ACPI: HPET 0x000000007FFE1AD3 000038 (v01 BOCHS  BXPC     00000001 BXPC 00000001)
[    0.116376] ACPI: WAET 0x000000007FFE1B0B 000028 (v01 BOCHS  BXPC     00000001 BXPC 00000001)
[    0.123865] ACPI: Reserving FACP table memory at [mem 0x7ffe19df-0x7ffe1a52]
[    0.128947] ACPI: Reserving DSDT table memory at [mem 0x7ffe0040-0x7ffe19de]
[    0.133984] ACPI: Reserving FACS table memory at [mem 0x7ffe0000-0x7ffe003f]
[    0.142462] ACPI: Reserving APIC table memory at [mem 0x7ffe1a53-0x7ffe1ad2]
[    0.148419] ACPI: Reserving HPET table memory at [mem 0x7ffe1ad3-0x7ffe1b0a]
[    0.157925] ACPI: Reserving WAET table memory at [mem 0x7ffe1b0b-0x7ffe1b32]
[    0.170933] No NUMA configuration found
[    0.178415] Faking a node at [mem 0x0000000000000000-0x000000007ffdffff]
[    0.185537] NODE_DATA(0) allocated [mem 0x7fe8b000-0x7fe8efff]
[    0.192354] Zone ranges:
[    0.194135]   DMA      [mem 0x0000000000001000-0x0000000000ffffff]
[    0.204589]   DMA32    [mem 0x0000000001000000-0x000000007ffdffff]
[    0.214433]   Normal   empty
[    0.218864] Movable zone start for each node
[    0.224157] Early memory node ranges
[    0.228390]   node   0: [mem 0x0000000000001000-0x000000000009efff]
[    0.239988]   node   0: [mem 0x0000000000100000-0x000000007ffdffff]
[    0.250206] Initmem setup node 0 [mem 0x0000000000001000-0x000000007ffdffff]
[    0.260454] On node 0, zone DMA: 1 pages in unavailable ranges
[    0.260666] On node 0, zone DMA: 97 pages in unavailable ranges
[    0.333700] On node 0, zone DMA32: 32 pages in unavailable ranges
[    0.763118] kasan: KernelAddressSanitizer initialized
[    0.781791] ACPI: PM-Timer IO Port: 0x608
[    0.784278] ACPI: LAPIC_NMI (acpi_id[0xff] dfl dfl lint[0x1])
[    0.787773] IOAPIC[0]: apic_id 0, version 17, address 0xfec00000, GSI 0-23
[    0.791755] ACPI: INT_SRC_OVR (bus 0 bus_irq 0 global_irq 2 dfl dfl)
[    0.795532] ACPI: INT_SRC_OVR (bus 0 bus_irq 5 global_irq 5 high level)
[    0.800511] ACPI: INT_SRC_OVR (bus 0 bus_irq 9 global_irq 9 high level)
[    0.811905] ACPI: INT_SRC_OVR (bus 0 bus_irq 10 global_irq 10 high level)
[    0.817306] ACPI: INT_SRC_OVR (bus 0 bus_irq 11 global_irq 11 high level)
[    0.823414] ACPI: Using ACPI (MADT) for SMP configuration information
[    0.827956] ACPI: HPET id: 0x8086a201 base: 0xfed00000
[    0.830920] TSC deadline timer available
[    0.833476] smpboot: Allowing 2 CPUs, 0 hotplug CPUs
[    0.836962] kvm-guest: KVM setup pv remote TLB flush
[    0.839893] kvm-guest: setup PV sched yield
[    0.842365] PM: hibernation: Registered nosave memory: [mem 0x00000000-0x00000fff]
[    0.847422] PM: hibernation: Registered nosave memory: [mem 0x0009f000-0x0009ffff]
[    0.852132] PM: hibernation: Registered nosave memory: [mem 0x000a0000-0x000effff]
[    0.858480] PM: hibernation: Registered nosave memory: [mem 0x000f0000-0x000fffff]
[    0.865150] [mem 0x80000000-0xfeffbfff] available for PCI devices
[    0.872131] Booting paravirtualized kernel on KVM
[    0.875409] clocksource: refined-jiffies: mask: 0xffffffff max_cycles: 0xffffffff, max_idle_ns: 1910969940391419 ns
[    0.910749] setup_percpu: NR_CPUS:64 nr_cpumask_bits:2 nr_cpu_ids:2 nr_node_ids:1
[    0.918805] percpu: Embedded 66 pages/cpu s232104 r8192 d30040 u1048576
[    0.923458] Kernel command line: console=ttyS0 oops=panic panic=-1 nokaslr earlyprintk=serial
[    0.929995] Unknown kernel command line parameters "nokaslr", will be passed to user space.
[    0.936402] random: crng init done
[    0.939682] Dentry cache hash table entries: 262144 (order: 9, 2097152 bytes, linear)
[    0.950720] Inode-cache hash table entries: 131072 (order: 8, 1048576 bytes, linear)
[    0.956254] Fallback order for Node 0: 0 
[    0.956518] Built 1 zonelists, mobility grouping on.  Total pages: 515808
[    0.962670] Policy zone: DMA32
[    0.966426] mem auto-init: stack:all(zero), heap alloc:off, heap free:off
[    0.969334] stackdepot: allocating hash table via alloc_large_system_hash
[    0.983753] stackdepot hash table entries: 1048576 (order: 11, 8388608 bytes, linear)
[    1.079271] Memory: 1692948K/2096632K available (49152K kernel code, 7930K rwdata, 10024K rodata, 5612K init, 3064K bss, 403428K reserved, 0K cma-reserved)
[    1.107330] SLUB: HWalign=64, Order=0-3, MinObjects=0, CPUs=2, Nodes=1
Poking KASLR using RDRAND RDTSC...
[    1.140177] Dynamic Preempt: voluntary
[    1.145629] rcu: Preemptible hierarchical RCU implementation.
[    1.151789] rcu: 	RCU event tracing is enabled.
[    1.155454] rcu: 	RCU restricting CPUs from NR_CPUS=64 to nr_cpu_ids=2.
[    1.162147] 	Trampoline variant of Tasks RCU enabled.
[    1.171741] rcu: RCU calculated value of scheduler-enlistment delay is 100 jiffies.
[    1.179827] rcu: Adjusting geometry for rcu_fanout_leaf=16, nr_cpu_ids=2
[    1.274224] NR_IRQS: 4352, nr_irqs: 440, preallocated irqs: 16
[    1.285986] rcu: srcu_init: Setting srcu_struct sizes based on contention.
[    1.328763] Console: colour VGA+ 80x25
[    1.333716] printk: console [ttyS0] enabled
[    1.333716] printk: console [ttyS0] enabled
[    1.345809] printk: bootconsole [earlyser0] disabled
[    1.345809] printk: bootconsole [earlyser0] disabled
[    1.357278] ACPI: Core revision 20230331
[    1.372253] clocksource: hpet: mask: 0xffffffff max_cycles: 0xffffffff, max_idle_ns: 19112604467 ns
[    1.390524] APIC: Switch to symmetric I/O mode setup
[    1.401319] kvm-guest: setup PV IPIs
[    1.431191] ..TIMER: vector=0x30 apic1=0 pin1=2 apic2=-1 pin2=-1
[    1.441876] clocksource: tsc-early: mask: 0xffffffffffffffff max_cycles: 0x2b2c8d6afc8, max_idle_ns: 440795331172 ns
[    1.457208] Calibrating delay loop (skipped) preset value.. 5990.39 BogoMIPS (lpj=2995198)
[    1.458151] x86/cpu: User Mode Instruction Prevention (UMIP) activated
[    1.460155] Last level iTLB entries: 4KB 0, 2MB 0, 4MB 0
[    1.461369] Last level dTLB entries: 4KB 0, 2MB 0, 4MB 0, 1GB 0
[    1.467506] Spectre V1 : Mitigation: usercopy/swapgs barriers and __user pointer sanitization
[    1.470600] Spectre V2 : Mitigation: Enhanced / Automatic IBRS
[    1.473230] Spectre V2 : Spectre v2 / SpectreRSB mitigation: Filling RSB on context switch
[    1.475289] Spectre V2 : Spectre v2 / PBRSB-eIBRS: Retire a single CALL on VMEXIT
[    1.477191] RETBleed: Mitigation: Enhanced IBRS
[    1.478285] Spectre V2 : mitigation: Enabling conditional Indirect Branch Prediction Barrier
[    1.480168] Speculative Store Bypass: Mitigation: Speculative Store Bypass disabled via prctl
[    1.481531] MMIO Stale Data: Unknown: No mitigations
[    1.483420] x86/fpu: Supporting XSAVE feature 0x001: 'x87 floating point registers'
[    1.484328] x86/fpu: Supporting XSAVE feature 0x002: 'SSE registers'
[    1.486655] x86/fpu: Supporting XSAVE feature 0x004: 'AVX registers'
[    1.488229] x86/fpu: xstate_offset[2]:  576, xstate_sizes[2]:  256
[    1.491203] x86/fpu: Enabled xstate features 0x7, context size is 832 bytes, using 'compacted' format.
[    1.760151] Freeing SMP alternatives memory: 44K
[    1.763511] pid_max: default: 32768 minimum: 301
[    1.791678] LSM: initializing lsm=capability,selinux,integrity
[    1.801512] SELinux:  Initializing.
[    1.806810] Mount-cache hash table entries: 4096 (order: 3, 32768 bytes, linear)
[    1.808415] Mountpoint-cache hash table entries: 4096 (order: 3, 32768 bytes, linear)
[    1.872761] smpboot: CPU0: 13th Gen Intel(R) Core(TM) i9-13900H (family: 0x6, model: 0xba, stepping: 0x2)
[    1.881384] RCU Tasks: Setting shift to 1 and lim to 1 rcu_task_cb_adjust=1.
[    1.888513] Performance Events: unsupported p6 CPU model 186 no PMU driver, software events only.
[    1.890776] signal: max sigframe size: 1776
[    1.899151] rcu: Hierarchical SRCU implementation.
[    1.899644] rcu: 	Max phase no-delay instances is 400.
[    1.908863] smp: Bringing up secondary CPUs ...
[    1.921942] smpboot: x86: Booting SMP configuration:
[    1.922301] .... node  #0, CPUs:      #1
[    1.934583] smp: Brought up 1 node, 2 CPUs
[    1.936282] smpboot: Max logical packages: 1
[    1.937615] smpboot: Total of 2 processors activated (11980.79 BogoMIPS)
[    1.958115] devtmpfs: initialized
[    1.973860] clocksource: jiffies: mask: 0xffffffff max_cycles: 0xffffffff, max_idle_ns: 1911260446275000 ns
[    1.974342] futex hash table entries: 512 (order: 3, 32768 bytes, linear)
[    1.991549] PM: RTC time: 07:40:49, date: 2026-05-17
[    1.999658] NET: Registered PF_NETLINK/PF_ROUTE protocol family
[    2.004090] audit: initializing netlink subsys (disabled)
[    2.005297] audit: type=2000 audit(1779003649.736:1): state=initialized audit_enabled=0 res=1
[    2.006151] thermal_sys: Registered thermal governor 'step_wise'
[    2.006151] thermal_sys: Registered thermal governor 'user_space'
[    2.007743] cpuidle: using governor menu
[    2.022569] PCI: Using configuration type 1 for base access
[    2.035151] kprobes: kprobe jump-optimization is enabled. All kprobes are optimized if possible.
[    2.046235] HugeTLB: registered 2.00 MiB page size, pre-allocated 0 pages
[    2.047213] HugeTLB: 28 KiB vmemmap can be freed for a 2.00 MiB page
[    2.051037] ACPI: Added _OSI(Module Device)
[    2.051194] ACPI: Added _OSI(Processor Device)
[    2.052226] ACPI: Added _OSI(3.0 _SCP Extensions)
[    2.053342] ACPI: Added _OSI(Processor Aggregator Device)
[    2.116343] ACPI: 1 ACPI AML tables successfully acquired and loaded
[    2.141987] ACPI: Interpreter enabled
[    2.144644] ACPI: PM: (supports S0 S3 S4 S5)
[    2.145199] ACPI: Using IOAPIC for interrupt routing
[    2.151151] PCI: Using host bridge windows from ACPI; if necessary, use "pci=nocrs" and report a bug
[    2.152225] PCI: Using E820 reservations for host bridge windows
[    2.159416] ACPI: Enabled 2 GPEs in block 00 to 0F
[    2.671792] ACPI: PCI Root Bridge [PCI0] (domain 0000 [bus 00-ff])
[    2.672250] acpi PNP0A03:00: _OSC: OS supports [ASPM ClockPM Segments MSI HPX-Type3]
[    2.673710] acpi PNP0A03:00: _OSC: not requesting OS control; OS requires [ExtendedConfig ASPM ClockPM MSI]
[    2.680468] acpi PNP0A03:00: fail to add MMCONFIG information, can't access extended configuration space under this bridge
[    2.712063] PCI host bridge to bus 0000:00
[    2.712722] pci_bus 0000:00: root bus resource [io  0x0000-0x0cf7 window]
[    2.713216] pci_bus 0000:00: root bus resource [io  0x0d00-0xffff window]
[    2.718491] pci_bus 0000:00: root bus resource [mem 0x000a0000-0x000bffff window]
[    2.721151] pci_bus 0000:00: root bus resource [mem 0x80000000-0xfebfffff window]
[    2.721887] pci_bus 0000:00: root bus resource [mem 0x100000000-0x17fffffff window]
[    2.722810] pci_bus 0000:00: root bus resource [bus 00-ff]
[    2.729824] pci 0000:00:00.0: [8086:1237] type 00 class 0x060000
[    2.797990] pci 0000:00:01.0: [8086:7000] type 00 class 0x060100
[    2.819628] pci 0000:00:01.1: [8086:7010] type 00 class 0x010180
[    2.826184] pci 0000:00:01.1: reg 0x20: [io  0xc040-0xc04f]
[    2.829182] pci 0000:00:01.1: legacy IDE quirk: reg 0x10: [io  0x01f0-0x01f7]
[    2.830197] pci 0000:00:01.1: legacy IDE quirk: reg 0x14: [io  0x03f6]
[    2.831214] pci 0000:00:01.1: legacy IDE quirk: reg 0x18: [io  0x0170-0x0177]
[    2.832195] pci 0000:00:01.1: legacy IDE quirk: reg 0x1c: [io  0x0376]
[    2.834317] pci 0000:00:01.3: [8086:7113] type 00 class 0x068000
[    2.840436] pci 0000:00:01.3: quirk: [io  0x0600-0x063f] claimed by PIIX4 ACPI
[    2.841491] pci 0000:00:01.3: quirk: [io  0x0700-0x070f] claimed by PIIX4 SMB
[    2.843980] pci 0000:00:02.0: [1234:1111] type 00 class 0x030000
[    2.846086] pci 0000:00:02.0: reg 0x10: [mem 0xfd000000-0xfdffffff pref]
[    2.852575] pci 0000:00:02.0: reg 0x18: [mem 0xfebf0000-0xfebf0fff]
[    2.857817] pci 0000:00:02.0: reg 0x30: [mem 0xfebe0000-0xfebeffff pref]
[    2.858708] pci 0000:00:02.0: Video device with shadowed ROM at [mem 0x000c0000-0x000dffff]
[    2.868745] pci 0000:00:03.0: [8086:100e] type 00 class 0x020000
[    2.870104] pci 0000:00:03.0: reg 0x10: [mem 0xfebc0000-0xfebdffff]
[    2.871169] pci 0000:00:03.0: reg 0x14: [io  0xc000-0xc03f]
[    2.876552] pci 0000:00:03.0: reg 0x30: [mem 0xfeb80000-0xfebbffff pref]
[    2.893638] ACPI: PCI: Interrupt link LNKA configured for IRQ 10
[    2.895594] ACPI: PCI: Interrupt link LNKB configured for IRQ 10
[    2.897084] ACPI: PCI: Interrupt link LNKC configured for IRQ 11
[    2.898735] ACPI: PCI: Interrupt link LNKD configured for IRQ 11
[    2.899549] ACPI: PCI: Interrupt link LNKS configured for IRQ 9
[    2.903380] iommu: Default domain type: Translated 
[    2.904174] iommu: DMA domain TLB invalidation policy: lazy mode 
[    2.905695] SCSI subsystem initialized
[    2.907440] ACPI: bus type USB registered
[    2.908274] usbcore: registered new interface driver usbfs
[    2.909230] usbcore: registered new interface driver hub
[    2.910260] usbcore: registered new device driver usb
[    2.911286] pps_core: LinuxPPS API ver. 1 registered
[    2.912166] pps_core: Software ver. 5.3.6 - Copyright 2005-2007 Rodolfo Giometti <giometti@linux.it>
[    2.913211] PTP clock support registered
[    2.915428] Advanced Linux Sound Architecture Driver Initialized.
[    2.931678] NetLabel: Initializing
[    2.932198] NetLabel:  domain hash size = 128
[    2.933181] NetLabel:  protocols = UNLABELED CIPSOv4 CALIPSO
[    2.934415] NetLabel:  unlabeled traffic allowed by default
[    2.936571] PCI: Using ACPI for IRQ routing
[    2.939944] pci 0000:00:02.0: vgaarb: setting as boot VGA device
[    2.940151] pci 0000:00:02.0: vgaarb: bridge control possible
[    2.940151] pci 0000:00:02.0: vgaarb: VGA device added: decodes=io+mem,owns=io+mem,locks=none
[    2.940170] vgaarb: loaded
[    2.942565] hpet0: at MMIO 0xfed00000, IRQs 2, 8, 0
[    2.943171] hpet0: 3 comparators, 64-bit 100.000000 MHz counter
[    2.951715] clocksource: Switched to clocksource kvm-clock
[    2.960959] VFS: Disk quotas dquot_6.6.0
[    2.965108] VFS: Dquot-cache hash table entries: 512 (order 0, 4096 bytes)
[    2.972953] pnp: PnP ACPI init
[    2.985409] pnp: PnP ACPI: found 6 devices
[    3.009484] clocksource: acpi_pm: mask: 0xffffff max_cycles: 0xffffff, max_idle_ns: 2085701024 ns
[    3.019480] NET: Registered PF_INET protocol family
[    3.030621] IP idents hash table entries: 32768 (order: 6, 262144 bytes, linear)
[    3.044122] tcp_listen_portaddr_hash hash table entries: 1024 (order: 2, 16384 bytes, linear)
[    3.052495] Table-perturb hash table entries: 65536 (order: 6, 262144 bytes, linear)
[    3.060113] TCP established hash table entries: 16384 (order: 5, 131072 bytes, linear)
[    3.067647] TCP bind hash table entries: 16384 (order: 7, 524288 bytes, linear)
[    3.073323] TCP: Hash tables configured (established 16384 bind 16384)
[    3.084551] UDP hash table entries: 1024 (order: 3, 32768 bytes, linear)
[    3.093857] UDP-Lite hash table entries: 1024 (order: 3, 32768 bytes, linear)
[    3.096424] NET: Registered PF_UNIX/PF_LOCAL protocol family
[    3.098674] RPC: Registered named UNIX socket transport module.
[    3.113704] RPC: Registered udp transport module.
[    3.118298] RPC: Registered tcp transport module.
[    3.123151] RPC: Registered tcp NFSv4.1 backchannel transport module.
[    3.145096] pci_bus 0000:00: resource 4 [io  0x0000-0x0cf7 window]
[    3.153096] pci_bus 0000:00: resource 5 [io  0x0d00-0xffff window]
[    3.166778] pci_bus 0000:00: resource 6 [mem 0x000a0000-0x000bffff window]
[    3.180539] pci_bus 0000:00: resource 7 [mem 0x80000000-0xfebfffff window]
[    3.197103] pci_bus 0000:00: resource 8 [mem 0x100000000-0x17fffffff window]
[    3.214178] pci 0000:00:01.0: PIIX3: Enabling Passive Release
[    3.224095] pci 0000:00:00.0: Limiting direct PCI/PCI transfers
[    3.232322] PCI: CLS 0 bytes, default 64
[    3.244338] Unpacking initramfs...
[    3.266320] RAPL PMU: API unit is 2^-32 Joules, 0 fixed counters, 10737418240 ms ovfl timer
[    3.272668] clocksource: tsc: mask: 0xffffffffffffffff max_cycles: 0x2b2c8d6afc8, max_idle_ns: 440795331172 ns
[    3.279680] Initialise system trusted keyrings
[    3.283748] workingset: timestamp_bits=56 max_order=19 bucket_order=0
[    3.289836] NFS: Registering the id_resolver key type
[    3.292479] Key type id_resolver registered
[    3.306388] Key type id_legacy registered
[    3.308577] 9p: Installing v9fs 9p2000 file system support
[    3.336633] Freeing initrd memory: 1348K
[    3.343223] Key type asymmetric registered
[    3.358561] Asymmetric key parser 'x509' registered
[    3.361226] Block layer SCSI generic (bsg) driver version 0.4 loaded (major 251)
[    3.363970] io scheduler mq-deadline registered
[    3.368899] io scheduler kyber registered
[    3.379545] input: Power Button as /devices/LNXSYSTM:00/LNXPWRBN:00/input/input0
[    3.394222] ACPI: button: Power Button [PWRF]
[    3.417872] Serial: 8250/16550 driver, 4 ports, IRQ sharing enabled
[    3.422736] 00:04: ttyS0 at I/O 0x3f8 (irq = 4, base_baud = 115200) is a 16550A
[    3.430545] Non-volatile memory driver v1.3
[    3.433221] Linux agpgart interface v0.103
[    3.437438] ACPI: bus type drm_connector registered
[    3.479834] loop: module loaded
[    3.514171] scsi host0: ata_piix
[    3.525916] scsi host1: ata_piix
[    3.532855] ata1: PATA max MWDMA2 cmd 0x1f0 ctl 0x3f6 bmdma 0xc040 irq 14
[    3.552981] ata2: PATA max MWDMA2 cmd 0x170 ctl 0x376 bmdma 0xc048 irq 15
[    3.563724] e100: Intel(R) PRO/100 Network Driver
[    3.570384] e100: Copyright(c) 1999-2006 Intel Corporation
[    3.575631] e1000: Intel(R) PRO/1000 Network Driver
[    3.582207] e1000: Copyright (c) 1999-2006 Intel Corporation.
[    3.716969] ata2: found unknown device (class 0)
[    3.725410] ata2.00: ATAPI: QEMU DVD-ROM, 2.5+, max UDMA/100
[    3.737602] scsi 1:0:0:0: CD-ROM            QEMU     QEMU DVD-ROM     2.5+ PQ: 0 ANSI: 5
[    3.786985] sr 1:0:0:0: [sr0] scsi3-mmc drive: 4x/4x cd/rw xa/form2 tray
[    3.794552] cdrom: Uniform CD-ROM driver Revision: 3.20
[    4.924918] hrtimer: interrupt took 12603090 ns
[    5.282324] ACPI: \_SB_.LNKC: Enabled at IRQ 11
[    5.860800] e1000 0000:00:03.0 eth0: (PCI:33MHz:32-bit) 52:54:00:12:34:56
[    5.867459] e1000 0000:00:03.0 eth0: Intel(R) PRO/1000 Network Connection
[    5.873943] e1000e: Intel(R) PRO/1000 Network Driver
[    5.878589] e1000e: Copyright(c) 1999 - 2015 Intel Corporation.
[    5.885555] sky2: driver version 1.30
[    5.888368] usbcore: registered new interface driver usblp
[    5.892067] usbcore: registered new interface driver usb-storage
[    5.896262] i8042: PNP: PS/2 Controller [PNP0303:KBD,PNP0f13:MOU] at 0x60,0x64 irq 1,12
[    5.926392] serio: i8042 KBD port at 0x60,0x64 irq 1
[    5.929525] serio: i8042 AUX port at 0x60,0x64 irq 12
[    5.938195] input: AT Translated Set 2 keyboard as /devices/platform/i8042/serio0/input/input1
[    5.938418] rtc_cmos 00:05: RTC can wake from S4
[    5.953355] rtc_cmos 00:05: registered as rtc0
[    5.957767] rtc_cmos 00:05: alarms up to one day, y3k, 242 bytes nvram, hpet irqs
[    5.965541] device-mapper: ioctl: 4.48.0-ioctl (2023-03-01) initialised: dm-devel@redhat.com
[    5.988340] intel_pstate: CPU model not supported
[    5.990695] hid: raw HID events driver (C) Jiri Kosina
[    5.994605] usbcore: registered new interface driver usbhid
[    6.004054] usbhid: USB HID core driver
[    6.011186] netem: version 1.3
[    6.015494] Initializing XFRM netlink socket
[    6.018576] NET: Registered PF_INET6 protocol family
[    6.024157] Segment Routing with IPv6
[    6.026686] In-situ OAM (IOAM) with IPv6
[    6.029546] sit: IPv6, IPv4 and MPLS over IPv4 tunneling driver
[    6.033953] NET: Registered PF_PACKET protocol family
[    6.036629] 9pnet: Installing 9P2000 support
[    6.040779] Key type dns_resolver registered
[    6.046733] IPI shorthand broadcast: enabled
[    6.090671] sched_clock: Marking stable (5933055920, 156990306)->(8064444067, -1974397841)
[    6.105173] registered taskstats version 1
[    6.112478] Loading compiled-in X.509 certificates
[    6.153855] PM:   Magic number: 10:145:673
[    6.164312] printk: console [netcon0] enabled
[    6.170073] netconsole: network logging started
[    6.184825] cfg80211: Loading compiled-in X.509 certificates for regulatory database
[    6.200132] kworker/u4:1 (51) used greatest stack depth: 29536 bytes left
[    6.206939] Loaded X.509 cert 'sforshee: 00b28ddf47aef9cea7'
[    6.209669] platform regulatory.0: Direct firmware load for regulatory.db failed with error -2
[    6.213049] cfg80211: failed to load regulatory.db
[    6.213187] ALSA device list:
[    6.236312]   No soundcards found.
[    6.260949] Freeing unused kernel image (initmem) memory: 5612K
[    6.280617] Write protecting the kernel read-only data: 59392k
[    6.286197] Freeing unused kernel image (rodata/data gap) memory: 216K
[    6.323102] x86/mm: Checked W+X mappings: passed, no W+X pages found.
[    6.324969] Run /init as init process
[    6.360858] mount (56) used greatest stack depth: 28760 bytes left

secb: rootfs ready
---- poc begin ----
[poc] lo up
[poc] === iter 0[    6.450118] drr_dequeue: netem qdisc 1: is non-work-conserving?
 ===
[poc] P1 sendto rc=1
[poc] P2 sendto rc=1
[    6.476601] drr_dequeue: netem qdisc 1: is non-work-conserving?
[poc] === iter 1 ===
[poc] P1 sendto rc=1
[poc] P2 sendto rc=1
[    6.509939] drr_dequeue: netem qdisc 1: is non-work-conserving?
[poc] === iter 2 ===
[poc] P1 sendto rc=1
[poc] P2 sendto rc=1
[    6.536983] drr_dequeue: netem qdisc 1: is non-work-conserving?
[poc] === iter 3 ===
[poc] P1 sendto rc=1
[poc] P2 sendto rc=1
[    6.565801] drr_dequeue: netem qdisc 1: is non-work-conserving?
[poc] === iter 4 ===
[poc] P1 sendto rc=1
[poc] P2 sendto rc=1
[poc] === iter 5 ===
[    6.605949] drr_dequeue: netem qdisc 1: is non-work-conserving?
[poc] P1 sendto rc=1
[poc] P2 sendto rc=1
[    6.632138] drr_dequeue: netem qdisc 1: is non-work-conserving?
[poc] === iter 6 ===
[poc] P1 sendto rc=1
[poc] P2 sendto rc=1
[    6.659903] drr_dequeue: netem qdisc 1: is non-work-conserving?
[poc] === iter 7 ===
[poc] P1 sendto rc=1
[poc] P2 sendto rc=1
[    6.947122] input: ImExPS/2 Generic Explorer Mouse as /devices/platform/i8042/serio1/input/input3
[    7.696783] poc (62) used greatest stack depth: 25248 bytes left
---- poc end rc=0 ----
secb: poc exited without crashing the kernel
[   10.251350] ACPI: PM: Preparing to enter system sleep state S5
[   10.254147] reboot: Power down
NO_CRASH_DETECTED
