bash: warning: setlocale: LC_ALL: cannot change locale (en_US.UTF-8)
c[?7l[2J[0mSeaBIOS (version 1.16.2-debian-1.16.2-1)


iPXE (http://ipxe.org) 00:03.0 CA00 PCI2.10 PnP PMM+7EFCEF00+7EF0EF00 CA00
Press Ctrl-B to configure iPXE (PCI 00:03.0)...                                                                               


Booting from ROM..c[?7l[2J[    0.000000] Linux version 6.1.129-21966-gcd2915581898-dirty (root@buildkitsandbox) (gcc (Debian 12.2.0-14+deb12u1) 12.2.0, GNU ld (GNU Binutils for Debian) 2.40) #1 SMP PREEMPT_DYNAMIC Tue May  5 12:07:21 UTC 2026
[    0.000000] Command line: console=ttyS0 oops=panic nokaslr rdinit=/init
[    0.000000] BIOS-provided physical RAM map:
[    0.000000] BIOS-e820: [mem 0x0000000000000000-0x000000000009fbff] usable
[    0.000000] BIOS-e820: [mem 0x000000000009fc00-0x000000000009ffff] reserved
[    0.000000] BIOS-e820: [mem 0x00000000000f0000-0x00000000000fffff] reserved
[    0.000000] BIOS-e820: [mem 0x0000000000100000-0x000000007ffdffff] usable
[    0.000000] BIOS-e820: [mem 0x000000007ffe0000-0x000000007fffffff] reserved
[    0.000000] BIOS-e820: [mem 0x00000000feffc000-0x00000000feffffff] reserved
[    0.000000] BIOS-e820: [mem 0x00000000fffc0000-0x00000000ffffffff] reserved
[    0.000000] NX (Execute Disable) protection: active
[    0.000000] SMBIOS 2.8 present.
[    0.000000] DMI: QEMU Standard PC (i440FX + PIIX, 1996), BIOS 1.16.2-debian-1.16.2-1 04/01/2014
[    0.000000] Hypervisor detected: KVM
[    0.000000] kvm-clock: Using msrs 4b564d01 and 4b564d00
[    0.000000] kvm-clock: using sched offset of 334805635 cycles
[    0.000002] clocksource: kvm-clock: mask: 0xffffffffffffffff max_cycles: 0x1cd42e4dffb, max_idle_ns: 881590591483 ns
[    0.000004] tsc: Detected 3187.200 MHz processor
[    0.000278] last_pfn = 0x7ffe0 max_arch_pfn = 0x400000000
[    0.000302] x86/PAT: Configuration [0-7]: WB  WC  UC- UC  WB  WP  UC- WT  
[    0.002147] found SMP MP-table at [mem 0x000f5ba0-0x000f5baf]
[    0.002156] Using GB pages for direct mapping
[    0.002156] Incomplete global flushes, disabling PCID
[    0.002260] RAMDISK: [mem 0x7fe91000-0x7ffdffff]
[    0.002264] ACPI: Early table checksum verification disabled
[    0.002265] ACPI: RSDP 0x00000000000F59D0 000014 (v00 BOCHS )
[    0.002268] ACPI: RSDT 0x000000007FFE1B33 000034 (v01 BOCHS  BXPC     00000001 BXPC 00000001)
[    0.002272] ACPI: FACP 0x000000007FFE19DF 000074 (v01 BOCHS  BXPC     00000001 BXPC 00000001)
[    0.002276] ACPI: DSDT 0x000000007FFE0040 00199F (v01 BOCHS  BXPC     00000001 BXPC 00000001)
[    0.002278] ACPI: FACS 0x000000007FFE0000 000040
[    0.002280] ACPI: APIC 0x000000007FFE1A53 000080 (v01 BOCHS  BXPC     00000001 BXPC 00000001)
[    0.002282] ACPI: HPET 0x000000007FFE1AD3 000038 (v01 BOCHS  BXPC     00000001 BXPC 00000001)
[    0.002283] ACPI: WAET 0x000000007FFE1B0B 000028 (v01 BOCHS  BXPC     00000001 BXPC 00000001)
[    0.002285] ACPI: Reserving FACP table memory at [mem 0x7ffe19df-0x7ffe1a52]
[    0.002286] ACPI: Reserving DSDT table memory at [mem 0x7ffe0040-0x7ffe19de]
[    0.002286] ACPI: Reserving FACS table memory at [mem 0x7ffe0000-0x7ffe003f]
[    0.002287] ACPI: Reserving APIC table memory at [mem 0x7ffe1a53-0x7ffe1ad2]
[    0.002287] ACPI: Reserving HPET table memory at [mem 0x7ffe1ad3-0x7ffe1b0a]
[    0.002288] ACPI: Reserving WAET table memory at [mem 0x7ffe1b0b-0x7ffe1b32]
[    0.002459] No NUMA configuration found
[    0.002460] Faking a node at [mem 0x0000000000000000-0x000000007ffdffff]
[    0.002462] NODE_DATA(0) allocated [mem 0x7fe8d000-0x7fe90fff]
[    0.002472] Zone ranges:
[    0.002472]   DMA      [mem 0x0000000000001000-0x0000000000ffffff]
[    0.002473]   DMA32    [mem 0x0000000001000000-0x000000007ffdffff]
[    0.002474]   Normal   empty
[    0.002475] Movable zone start for each node
[    0.002475] Early memory node ranges
[    0.002475]   node   0: [mem 0x0000000000001000-0x000000000009efff]
[    0.002476]   node   0: [mem 0x0000000000100000-0x000000007ffdffff]
[    0.002477] Initmem setup node 0 [mem 0x0000000000001000-0x000000007ffdffff]
[    0.004629] On node 0, zone DMA: 1 pages in unavailable ranges
[    0.004672] On node 0, zone DMA: 97 pages in unavailable ranges
[    0.050889] On node 0, zone DMA32: 32 pages in unavailable ranges
[    0.288398] kasan: KernelAddressSanitizer initialized
[    0.288594] ACPI: PM-Timer IO Port: 0x608
[    0.288602] ACPI: LAPIC_NMI (acpi_id[0xff] dfl dfl lint[0x1])
[    0.288630] IOAPIC[0]: apic_id 0, version 17, address 0xfec00000, GSI 0-23
[    0.288632] ACPI: INT_SRC_OVR (bus 0 bus_irq 0 global_irq 2 dfl dfl)
[    0.288634] ACPI: INT_SRC_OVR (bus 0 bus_irq 5 global_irq 5 high level)
[    0.288635] ACPI: INT_SRC_OVR (bus 0 bus_irq 9 global_irq 9 high level)
[    0.288636] ACPI: INT_SRC_OVR (bus 0 bus_irq 10 global_irq 10 high level)
[    0.288636] ACPI: INT_SRC_OVR (bus 0 bus_irq 11 global_irq 11 high level)
[    0.288639] ACPI: Using ACPI (MADT) for SMP configuration information
[    0.288639] ACPI: HPET id: 0x8086a201 base: 0xfed00000
[    0.288642] TSC deadline timer available
[    0.288643] smpboot: Allowing 2 CPUs, 0 hotplug CPUs
[    0.288659] kvm-guest: KVM setup pv remote TLB flush
[    0.288662] kvm-guest: setup PV sched yield
[    0.288669] PM: hibernation: Registered nosave memory: [mem 0x00000000-0x00000fff]
[    0.288670] PM: hibernation: Registered nosave memory: [mem 0x0009f000-0x0009ffff]
[    0.288670] PM: hibernation: Registered nosave memory: [mem 0x000a0000-0x000effff]
[    0.288671] PM: hibernation: Registered nosave memory: [mem 0x000f0000-0x000fffff]
[    0.288672] [mem 0x80000000-0xfeffbfff] available for PCI devices
[    0.288673] Booting paravirtualized kernel on KVM
[    0.288675] clocksource: refined-jiffies: mask: 0xffffffff max_cycles: 0xffffffff, max_idle_ns: 1910969940391419 ns
[    0.296276] setup_percpu: NR_CPUS:64 nr_cpumask_bits:2 nr_cpu_ids:2 nr_node_ids:1
[    0.297057] percpu: Embedded 65 pages/cpu s226024 r8192 d32024 u1048576
[    0.297092] Fallback order for Node 0: 0 
[    0.297095] Built 1 zonelists, mobility grouping on.  Total pages: 515808
[    0.297096] Policy zone: DMA32
[    0.297097] Kernel command line: console=ttyS0 oops=panic nokaslr rdinit=/init
[    0.297133] random: crng init done
[    0.299017] Dentry cache hash table entries: 262144 (order: 9, 2097152 bytes, linear)
[    0.299063] Inode-cache hash table entries: 131072 (order: 8, 1048576 bytes, linear)
[    0.299087] mem auto-init: stack:all(zero), heap alloc:off, heap free:off
[    0.303781] stackdepot hash table entries: 1048576 (order: 11, 8388608 bytes, linear)
[    0.325241] Memory: 1695368K/2096632K available (47116K kernel code, 7892K rwdata, 8760K rodata, 2112K init, 2552K bss, 401008K reserved, 0K cma-reserved)
[    0.325350] SLUB: HWalign=64, Order=0-3, MinObjects=0, CPUs=2, Nodes=1
[    0.326278] Dynamic Preempt: voluntary
[    0.327336] rcu: Preemptible hierarchical RCU implementation.
[    0.327337] rcu: 	RCU event tracing is enabled.
[    0.327337] rcu: 	RCU restricting CPUs from NR_CPUS=64 to nr_cpu_ids=2.
[    0.327339] 	Trampoline variant of Tasks RCU enabled.
[    0.327340] rcu: RCU calculated value of scheduler-enlistment delay is 100 jiffies.
[    0.327340] rcu: Adjusting geometry for rcu_fanout_leaf=16, nr_cpu_ids=2
[    0.332582] NR_IRQS: 4352, nr_irqs: 440, preallocated irqs: 16
[    0.332777] rcu: srcu_init: Setting srcu_struct sizes based on contention.
[    0.334980] Console: colour VGA+ 80x25
[    0.369908] printk: console [ttyS0] enabled
[    0.370156] ACPI: Core revision 20220331
[    0.370489] clocksource: hpet: mask: 0xffffffff max_cycles: 0xffffffff, max_idle_ns: 19112604467 ns
[    0.371051] APIC: Switch to symmetric I/O mode setup
[    0.371363] kvm-guest: setup PV IPIs
[    0.372176] ..TIMER: vector=0x30 apic1=0 pin1=2 apic2=-1 pin2=-1
[    0.372533] clocksource: tsc-early: mask: 0xffffffffffffffff max_cycles: 0x2df10e7656b, max_idle_ns: 440795364873 ns
[    0.373165] Calibrating delay loop (skipped) preset value.. 6374.40 BogoMIPS (lpj=3187200)
[    0.373706] x86/cpu: User Mode Instruction Prevention (UMIP) activated
[    0.374210] Last level iTLB entries: 4KB 0, 2MB 0, 4MB 0
[    0.374516] Last level dTLB entries: 4KB 0, 2MB 0, 4MB 0, 1GB 0
[    0.374940] Spectre V1 : Mitigation: usercopy/swapgs barriers and __user pointer sanitization
[    0.375167] Spectre V2 : Spectre BHI mitigation: SW BHB clearing on vm exit
[    0.375644] Spectre V2 : Spectre BHI mitigation: SW BHB clearing on syscall
[    0.376164] Spectre V2 : Mitigation: Enhanced / Automatic IBRS
[    0.376504] Spectre V2 : Spectre v2 / SpectreRSB mitigation: Filling RSB on context switch
[    0.377164] Spectre V2 : Spectre v2 / PBRSB-eIBRS: Retire a single CALL on VMEXIT
[    0.377681] Spectre V2 : mitigation: Enabling conditional Indirect Branch Prediction Barrier
[    0.378164] Speculative Store Bypass: Mitigation: Speculative Store Bypass disabled via prctl
[    0.379164] MMIO Stale Data: Unknown: No mitigations
[    0.379507] Register File Data Sampling: Vulnerable: No microcode
[    0.379943] x86/fpu: Supporting XSAVE feature 0x001: 'x87 floating point registers'
[    0.380164] x86/fpu: Supporting XSAVE feature 0x002: 'SSE registers'
[    0.380622] x86/fpu: Supporting XSAVE feature 0x004: 'AVX registers'
[    0.381164] x86/fpu: Supporting XSAVE feature 0x200: 'Protection Keys User registers'
[    0.381738] x86/fpu: xstate_offset[2]:  576, xstate_sizes[2]:  256
[    0.382164] x86/fpu: xstate_offset[9]:  832, xstate_sizes[9]:    8
[    0.382598] x86/fpu: Enabled xstate features 0x207, context size is 840 bytes, using 'compacted' format.
[    0.397067] Freeing SMP alternatives memory: 44K
[    0.397165] pid_max: default: 32768 minimum: 301
[    0.397544] LSM: Security Framework initializing
[    0.397893] SELinux:  Initializing.
[    0.398217] Mount-cache hash table entries: 4096 (order: 3, 32768 bytes, linear)
[    0.398717] Mountpoint-cache hash table entries: 4096 (order: 3, 32768 bytes, linear)
[    0.399512] smpboot: CPU0: Intel(R) Core(TM) i9-14900K (family: 0x6, model: 0xb7, stepping: 0x1)
[    0.400163] cblist_init_generic: Setting adjustable number of callback queues.
[    0.400166] cblist_init_generic: Setting shift to 1 and lim to 1.
[    0.400545] Performance Events: unsupported p6 CPU model 183 no PMU driver, software events only.
[    0.401121] signal: max sigframe size: 3632
[    0.401192] rcu: Hierarchical SRCU implementation.
[    0.401540] rcu: 	Max phase no-delay instances is 400.
[    0.402171] smp: Bringing up secondary CPUs ...
[    0.402605] x86: Booting SMP configuration:
[    0.402907] .... node  #0, CPUs:      #1
[    0.403100] smp: Brought up 1 node, 2 CPUs
[    0.403425] smpboot: Max logical packages: 1
[    0.403680] smpboot: Total of 2 processors activated (12748.80 BogoMIPS)
[    0.405206] devtmpfs: initialized
[    0.407191] clocksource: jiffies: mask: 0xffffffff max_cycles: 0xffffffff, max_idle_ns: 1911260446275000 ns
[    0.407871] futex hash table entries: 512 (order: 3, 32768 bytes, linear)
[    0.408256] PM: RTC time: 12:09:59, date: 2026-05-05
[    0.408665] NET: Registered PF_NETLINK/PF_ROUTE protocol family
[    0.409469] audit: initializing netlink subsys (disabled)
[    0.410249] audit: type=2000 audit(1777983000.457:1): state=initialized audit_enabled=0 res=1
[    0.410508] thermal_sys: Registered thermal governor 'step_wise'
[    0.410752] thermal_sys: Registered thermal governor 'user_space'
[    0.411208] cpuidle: using governor menu
[    0.411935] PCI: Using configuration type 1 for base access
[    0.420103] kprobes: kprobe jump-optimization is enabled. All kprobes are optimized if possible.
[    0.421313] HugeTLB: registered 2.00 MiB page size, pre-allocated 0 pages
[    0.421712] HugeTLB: 28 KiB vmemmap can be freed for a 2.00 MiB page
[    0.422457] ACPI: Added _OSI(Module Device)
[    0.422596] ACPI: Added _OSI(Processor Device)
[    0.422854] ACPI: Added _OSI(3.0 _SCP Extensions)
[    0.423122] ACPI: Added _OSI(Processor Aggregator Device)
[    0.429894] ACPI: 1 ACPI AML tables successfully acquired and loaded
[    0.435589] ACPI: Interpreter enabled
[    0.435728] ACPI: PM: (supports S0 S3 S4 S5)
[    0.435973] ACPI: Using IOAPIC for interrupt routing
[    0.436186] PCI: Using host bridge windows from ACPI; if necessary, use "pci=nocrs" and report a bug
[    0.436703] PCI: Using E820 reservations for host bridge windows
[    0.437353] ACPI: Enabled 2 GPEs in block 00 to 0F
[    0.446812] ACPI: PCI Root Bridge [PCI0] (domain 0000 [bus 00-ff])
[    0.447172] acpi PNP0A03:00: _OSC: OS supports [ASPM ClockPM Segments MSI HPX-Type3]
[    0.447611] acpi PNP0A03:00: _OSC: not requesting OS control; OS requires [ExtendedConfig ASPM ClockPM MSI]
[    0.448207] acpi PNP0A03:00: fail to add MMCONFIG information, can't access extended PCI configuration space under this bridge.
[    0.448995] PCI host bridge to bus 0000:00
[    0.449167] pci_bus 0000:00: root bus resource [io  0x0000-0x0cf7 window]
[    0.449552] pci_bus 0000:00: root bus resource [io  0x0d00-0xffff window]
[    0.449936] pci_bus 0000:00: root bus resource [mem 0x000a0000-0x000bffff window]
[    0.451166] pci_bus 0000:00: root bus resource [mem 0x80000000-0xfebfffff window]
[    0.451590] pci_bus 0000:00: root bus resource [mem 0x100000000-0x17fffffff window]
[    0.452026] pci_bus 0000:00: root bus resource [bus 00-ff]
[    0.452210] pci 0000:00:00.0: [8086:1237] type 00 class 0x060000
[    0.456087] pci 0000:00:01.0: [8086:7000] type 00 class 0x060100
[    0.461440] pci 0000:00:01.1: [8086:7010] type 00 class 0x010180
[    0.462737] pci 0000:00:01.1: reg 0x20: [io  0xc040-0xc04f]
[    0.463351] pci 0000:00:01.1: legacy IDE quirk: reg 0x10: [io  0x01f0-0x01f7]
[    0.463753] pci 0000:00:01.1: legacy IDE quirk: reg 0x14: [io  0x03f6]
[    0.464121] pci 0000:00:01.1: legacy IDE quirk: reg 0x18: [io  0x0170-0x0177]
[    0.465166] pci 0000:00:01.1: legacy IDE quirk: reg 0x1c: [io  0x0376]
[    0.465675] pci 0000:00:01.3: [8086:7113] type 00 class 0x068000
[    0.466239] pci 0000:00:01.3: quirk: [io  0x0600-0x063f] claimed by PIIX4 ACPI
[    0.466649] pci 0000:00:01.3: quirk: [io  0x0700-0x070f] claimed by PIIX4 SMB
[    0.467195] pci 0000:00:02.0: [1234:1111] type 00 class 0x030000
[    0.468016] pci 0000:00:02.0: reg 0x10: [mem 0xfd000000-0xfdffffff pref]
[    0.468985] pci 0000:00:02.0: reg 0x18: [mem 0xfebf0000-0xfebf0fff]
[    0.470761] pci 0000:00:02.0: reg 0x30: [mem 0xfebe0000-0xfebeffff pref]
[    0.471193] pci 0000:00:02.0: Video device with shadowed ROM at [mem 0x000c0000-0x000dffff]
[    0.475357] pci 0000:00:03.0: [8086:100e] type 00 class 0x020000
[    0.476011] pci 0000:00:03.0: reg 0x10: [mem 0xfebc0000-0xfebdffff]
[    0.476427] pci 0000:00:03.0: reg 0x14: [io  0xc000-0xc03f]
[    0.477986] pci 0000:00:03.0: reg 0x30: [mem 0xfeb80000-0xfebbffff pref]
[    0.483471] ACPI: PCI: Interrupt link LNKA configured for IRQ 10
[    0.484158] ACPI: PCI: Interrupt link LNKB configured for IRQ 10
[    0.484490] ACPI: PCI: Interrupt link LNKC configured for IRQ 11
[    0.485152] ACPI: PCI: Interrupt link LNKD configured for IRQ 11
[    0.485294] ACPI: PCI: Interrupt link LNKS configured for IRQ 9
[    0.486483] iommu: Default domain type: Translated 
[    0.486764] iommu: DMA domain TLB invalidation policy: lazy mode 
[    0.487275] SCSI subsystem initialized
[    0.488236] ACPI: bus type USB registered
[    0.488499] usbcore: registered new interface driver usbfs
[    0.488499] usbcore: registered new interface driver hub
[    0.488499] usbcore: registered new device driver usb
[    0.488815] pps_core: LinuxPPS API ver. 1 registered
[    0.489097] pps_core: Software ver. 5.3.6 - Copyright 2005-2007 Rodolfo Giometti <giometti@linux.it>
[    0.490171] PTP clock support registered
[    0.490428] Advanced Linux Sound Architecture Driver Initialized.
[    0.490823] NetLabel: Initializing
[    0.491165] NetLabel:  domain hash size = 128
[    0.491412] NetLabel:  protocols = UNLABELED CIPSOv4 CALIPSO
[    0.491764] NetLabel:  unlabeled traffic allowed by default
[    0.492220] PCI: Using ACPI for IRQ routing
[    0.492506] pci 0000:00:02.0: vgaarb: setting as boot VGA device
[    0.492518] pci 0000:00:02.0: vgaarb: bridge control possible
[    0.492844] pci 0000:00:02.0: vgaarb: VGA device added: decodes=io+mem,owns=io+mem,locks=none
[    0.493165] vgaarb: loaded
[    0.493371] hpet0: at MMIO 0xfed00000, IRQs 2, 8, 0
[    0.493653] hpet0: 3 comparators, 64-bit 100.000000 MHz counter
[    0.498197] clocksource: Switched to clocksource kvm-clock
[    0.500155] VFS: Disk quotas dquot_6.6.0
[    0.500407] VFS: Dquot-cache hash table entries: 512 (order 0, 4096 bytes)
[    0.500877] pnp: PnP ACPI init
[    0.501986] pnp: PnP ACPI: found 6 devices
[    0.508790] clocksource: acpi_pm: mask: 0xffffff max_cycles: 0xffffff, max_idle_ns: 2085701024 ns
[    0.509332] NET: Registered PF_INET protocol family
[    0.509657] IP idents hash table entries: 32768 (order: 6, 262144 bytes, linear)
[    0.510467] tcp_listen_portaddr_hash hash table entries: 1024 (order: 2, 16384 bytes, linear)
[    0.510954] Table-perturb hash table entries: 65536 (order: 6, 262144 bytes, linear)
[    0.511401] TCP established hash table entries: 16384 (order: 5, 131072 bytes, linear)
[    0.511863] TCP bind hash table entries: 16384 (order: 7, 524288 bytes, linear)
[    0.512300] TCP: Hash tables configured (established 16384 bind 16384)
[    0.512702] UDP hash table entries: 1024 (order: 3, 32768 bytes, linear)
[    0.513104] UDP-Lite hash table entries: 1024 (order: 3, 32768 bytes, linear)
[    0.513563] NET: Registered PF_UNIX/PF_LOCAL protocol family
[    0.514017] RPC: Registered named UNIX socket transport module.
[    0.514364] RPC: Registered udp transport module.
[    0.514647] RPC: Registered tcp transport module.
[    0.514920] RPC: Registered tcp NFSv4.1 backchannel transport module.
[    0.517027] pci_bus 0000:00: resource 4 [io  0x0000-0x0cf7 window]
[    0.517405] pci_bus 0000:00: resource 5 [io  0x0d00-0xffff window]
[    0.517770] pci_bus 0000:00: resource 6 [mem 0x000a0000-0x000bffff window]
[    0.518180] pci_bus 0000:00: resource 7 [mem 0x80000000-0xfebfffff window]
[    0.518574] pci_bus 0000:00: resource 8 [mem 0x100000000-0x17fffffff window]
[    0.519051] pci 0000:00:01.0: PIIX3: Enabling Passive Release
[    0.519399] pci 0000:00:00.0: Limiting direct PCI/PCI transfers
[    0.519784] PCI: CLS 0 bytes, default 64
[    0.520197] Unpacking initramfs...
[    0.523457] RAPL PMU: API unit is 2^-32 Joules, 0 fixed counters, 10737418240 ms ovfl timer
[    0.523970] clocksource: tsc: mask: 0xffffffffffffffff max_cycles: 0x2df10e7656b, max_idle_ns: 440795364873 ns
[    0.532149] Initialise system trusted keyrings
[    0.532669] workingset: timestamp_bits=56 max_order=19 bucket_order=0
[    0.538175] Freeing initrd memory: 1340K
[    0.539367] NFS: Registering the id_resolver key type
[    0.539673] Key type id_resolver registered
[    0.539911] Key type id_legacy registered
[    0.540196] 9p: Installing v9fs 9p2000 file system support
[    0.544456] Key type asymmetric registered
[    0.544727] Asymmetric key parser 'x509' registered
[    0.545023] Block layer SCSI generic (bsg) driver version 0.4 loaded (major 251)
[    0.545457] io scheduler mq-deadline registered
[    0.545715] io scheduler kyber registered
[    0.546324] cryptomgr_test (41) used greatest stack depth: 30904 bytes left
[    0.546911] input: Power Button as /devices/LNXSYSTM:00/LNXPWRBN:00/input/input0
[    0.547436] ACPI: button: Power Button [PWRF]
[    0.549109] Serial: 8250/16550 driver, 4 ports, IRQ sharing enabled
[    0.549567] 00:04: ttyS0 at I/O 0x3f8 (irq = 4, base_baud = 115200) is a 16550A
[    0.550551] Non-volatile memory driver v1.3
[    0.550795] Linux agpgart interface v0.103
[    0.551103] ACPI: bus type drm_connector registered
[    0.556046] loop: module loaded
[    0.557267] scsi host0: ata_piix
[    0.557686] scsi host1: ata_piix
[    0.557945] ata1: PATA max MWDMA2 cmd 0x1f0 ctl 0x3f6 bmdma 0xc040 irq 14
[    0.558336] ata2: PATA max MWDMA2 cmd 0x170 ctl 0x376 bmdma 0xc048 irq 15
[    0.559131] e100: Intel(R) PRO/100 Network Driver
[    0.559409] e100: Copyright(c) 1999-2006 Intel Corporation
[    0.559740] e1000: Intel(R) PRO/1000 Network Driver
[    0.560020] e1000: Copyright (c) 1999-2006 Intel Corporation.
[    0.715668] ata2: found unknown device (class 0)
[    0.716281] ata2.00: ATAPI: QEMU DVD-ROM, 2.5+, max UDMA/100
[    0.717590] scsi 1:0:0:0: CD-ROM            QEMU     QEMU DVD-ROM     2.5+ PQ: 0 ANSI: 5
[    0.754692] sr 1:0:0:0: [sr0] scsi3-mmc drive: 4x/4x cd/rw xa/form2 tray
[    0.755089] cdrom: Uniform CD-ROM driver Revision: 3.20
[    0.773099] sr 1:0:0:0: Attached scsi generic sg0 type 5
[    0.847127] ACPI: \_SB_.LNKC: Enabled at IRQ 11
[    1.135882] e1000 0000:00:03.0 eth0: (PCI:33MHz:32-bit) 52:54:00:12:34:56
[    1.136275] e1000 0000:00:03.0 eth0: Intel(R) PRO/1000 Network Connection
[    1.136713] e1000e: Intel(R) PRO/1000 Network Driver
[    1.136996] e1000e: Copyright(c) 1999 - 2015 Intel Corporation.
[    1.137360] sky2: driver version 1.30
[    1.137871] usbcore: registered new interface driver usblp
[    1.138206] usbcore: registered new interface driver usb-storage
[    1.138602] i8042: PNP: PS/2 Controller [PNP0303:KBD,PNP0f13:MOU] at 0x60,0x64 irq 1,12
[    1.141255] serio: i8042 KBD port at 0x60,0x64 irq 1
[    1.141555] serio: i8042 AUX port at 0x60,0x64 irq 12
[    1.142192] input: AT Translated Set 2 keyboard as /devices/platform/i8042/serio0/input/input1
[    1.142894] rtc_cmos 00:05: RTC can wake from S4
[    1.144248] rtc_cmos 00:05: registered as rtc0
[    1.144622] rtc_cmos 00:05: alarms up to one day, y3k, 242 bytes nvram, hpet irqs
[    1.145305] device-mapper: ioctl: 4.47.0-ioctl (2022-07-28) initialised: dm-devel@redhat.com
[    1.145789] intel_pstate: CPU model not supported
[    1.146085] hid: raw HID events driver (C) Jiri Kosina
[    1.146616] usbcore: registered new interface driver usbhid
[    1.146933] usbhid: USB HID core driver
[    1.149504] Initializing XFRM netlink socket
[    1.149996] NET: Registered PF_INET6 protocol family
[    1.150796] Segment Routing with IPv6
[    1.151026] In-situ OAM (IOAM) with IPv6
[    1.151321] sit: IPv6, IPv4 and MPLS over IPv4 tunneling driver
[    1.151876] NET: Registered PF_PACKET protocol family
[    1.152224] 9pnet: Installing 9P2000 support
[    1.152498] Key type dns_resolver registered
[    1.152929] IPI shorthand broadcast: enabled
[    1.153211] sched_clock: Marking stable (1114465952, 38382087)->(1158816382, -5968343)
[    1.153765] registered taskstats version 1
[    1.154000] Loading compiled-in X.509 certificates
[    1.154724] cryptomgr_test (64) used greatest stack depth: 30528 bytes left
[    1.155169] PM:   Magic number: 10:257:177
[    1.155449] acpi device:0d: hash matches
[    1.155688] printk: console [netcon0] enabled
[    1.155943] netconsole: network logging started
[    1.156360] cfg80211: Loading compiled-in X.509 certificates for regulatory database
[    1.156924] kworker/u4:0 (73) used greatest stack depth: 29512 bytes left
[    1.157501] cfg80211: Loaded X.509 cert 'sforshee: 00b28ddf47aef9cea7'
[    1.157993] cfg80211: Loaded X.509 cert 'wens: 61c038651aabdcf94bd0ac7ff06c7248db18c600'
[    1.158470] ALSA device list:
[    1.158646]   No soundcards found.
[    1.159279] Freeing unused kernel image (initmem) memory: 2112K
[    1.159520] Write protecting the kernel read-only data: 59392k
[    1.160054] Freeing unused kernel image (text/rodata gap) memory: 2032K
[    1.160519] Freeing unused kernel image (rodata/data gap) memory: 1480K
[    1.168048] x86/mm: Checked W+X mappings: passed, no W+X pages found.
[    1.168367] Run /init as init process
[    1.168401] platform regulatory.0: Direct firmware load for regulatory.db failed with error -2
[    1.168852] cfg80211: failed to load regulatory.db
[    1.172082] mount (78) used greatest stack depth: 28352 bytes left

secb: rootfs ready
---- poc begin ----
poc: starting CVE-2023-52927 trigger
poc: userns + netns ready
poc: NETLINK_NETFILTER fd=3
poc:   batch: 0 ack, 0 err
poc: nft ruleset committed
poc: UDP listener 127.0.0.1:56789 opened
poc: driving nft_ct_set_zone_eval + nf_nat_setup_info in a loop
[    1.181455] ==================================================================
[    1.181744] BUG: KASAN: use-after-free in nf_nat_setup_info+0x203c/0x2070
[    1.182013] Write of size 8 at addr ffff88800623a298 by task poc/84
[    1.182263] 
[    1.182331] CPU: 0 PID: 84 Comm: poc Not tainted 6.1.129-21966-gcd2915581898-dirty #1
[    1.182641] Hardware name: QEMU Standard PC (i440FX + PIIX, 1996), BIOS 1.16.2-debian-1.16.2-1 04/01/2014
[    1.183012] Call Trace:
[    1.183117]  <TASK>
[    1.183211]  dump_stack_lvl+0x33/0x46
[    1.183363]  print_report+0x181/0x4a5
[    1.183512]  ? nf_nat_setup_info+0x203c/0x2070
[    1.183691]  kasan_report+0xc5/0x150
[    1.183837]  ? nf_nat_setup_info+0x203c/0x2070
[    1.184016]  nf_nat_setup_info+0x203c/0x2070
[    1.184191]  ? nf_ct_nat_ext_add+0x150/0x150
[    1.184364]  __nf_nat_alloc_null_binding+0x12a/0x1a0
[    1.184562]  ? nft_nat_inet_reg+0x10/0x10
[    1.184723]  ? nf_nat_setup_info+0x2070/0x2070
[    1.184906]  ? nf_nat_setup_info+0x2070/0x2070
[    1.185086]  nf_nat_inet_fn+0x613/0x900
[    1.185246]  nf_nat_ipv4_out+0xf5/0x460
[    1.185404]  ? nft_do_chain_inet_ingress+0xbb0/0xbb0
[    1.185607]  nf_hook_slow+0x9e/0x170
[    1.185753]  ip_output+0x3ad/0x6c0
[    1.185893]  ? __ip_finish_output.part.0+0x940/0x940
[    1.186091]  ? dst_output+0xc0/0xc0
[    1.186233]  ? ip_frag_init+0x3e0/0x3e0
[    1.186387]  ? ip_flush_pending_frames+0x20/0x20
[    1.186572]  ip_send_skb+0x10f/0x150
[    1.186718]  udp_send_skb+0x581/0x1260
[    1.186871]  udp_sendmsg+0x16d5/0x1f70
[    1.187023]  ? _raw_write_lock_irq+0xd0/0xd0
[    1.187198]  ? ip_frag_init+0x3e0/0x3e0
[    1.187352]  ? udp_unicast_rcv_skb+0x330/0x330
[    1.187531]  ? ip4_datagram_connect+0x40/0x40
[    1.187706]  ? __wake_up_common_lock+0xe3/0x140
[    1.187889]  ? inet_autobind+0x111/0x160
[    1.188048]  ? inet_splice_eof+0xa0/0xa0
[    1.188207]  ? __sock_sendmsg+0xda/0x110
[    1.188366]  ? inet_splice_eof+0xa0/0xa0
[    1.188523]  __sock_sendmsg+0xda/0x110
[    1.188675]  __sys_sendto+0x1e7/0x2b0
[    1.188824]  ? __ia32_sys_getpeername+0xb0/0xb0
[    1.189005]  ? set_next_entity+0x2b4/0x4e0
[    1.189172]  ? __rseq_handle_notify_resume+0x736/0xa40
[    1.189377]  ? __schedule+0x8aa/0x19d0
[    1.189529]  ? ksys_write+0xf5/0x1d0
[    1.189674]  __x64_sys_sendto+0xd7/0x1b0
[    1.189831]  ? exit_to_user_mode_prepare+0x2a/0x110
[    1.190026]  ? clear_bhb_loop+0x35/0x90
[    1.190182]  ? clear_bhb_loop+0x35/0x90
[    1.190337]  ? clear_bhb_loop+0x35/0x90
[    1.190491]  do_syscall_64+0x34/0x80
[    1.190637]  entry_SYSCALL_64_after_hwframe+0x6e/0xd8
[    1.190837] RIP: 0033:0x43ba13
[    1.190963] Code: c7 c2 b8 ff ff ff f7 d8 64 89 02 48 c7 c0 ff ff ff ff eb b8 0f 1f 00 80 3d 51 c6 06 00 00 41 89 ca 74 14 b8 2c 00 00 00 0f 05 <48> 3d 00 f0 ff ff 77 75 c3 0f 1f 40 00 55 48 83 ec 30 44 89 4c 24
[    1.191677] RSP: 002b:00007ffd19cb95f8 EFLAGS: 00000202 ORIG_RAX: 000000000000002c
[    1.191973] RAX: ffffffffffffffda RBX: 00007ffd19cb9620 RCX: 000000000043ba13
[    1.192253] RDX: 0000000000000040 RSI: 00007ffd19cb9630 RDI: 0000000000000005
[    1.192532] RBP: 0000000000000000 R08: 00007ffd19cb9620 R09: 0000000000000010
[    1.192810] R10: 0000000000000040 R11: 0000000000000202 R12: 0000000000000005
[    1.193089] R13: 0100007fd5dd0002 R14: 0000000000000004 R15: 00007ffd19cb9630
[    1.193368]  </TASK>
[    1.193460] 
[    1.193528] Allocated by task 84:
[    1.193663]  kasan_save_stack+0x2f/0x60
[    1.193818]  kasan_set_track+0x21/0x30
[    1.193969]  __kasan_kmalloc+0x8e/0x90
[    1.194124]  nf_ct_tmpl_alloc+0x77/0x200
[    1.194282]  nft_ct_set_zone_eval+0x357/0x4c0
[    1.194457]  nft_do_chain+0x2ce/0x13a0
[    1.194609]  nft_do_chain_ipv4+0x185/0x210
[    1.194772]  nf_hook_slow+0x9e/0x170
[    1.194917]  __ip_local_out+0x2c9/0x3b0
[    1.195074]  ip_send_skb+0x41/0x150
[    1.195216]  udp_send_skb+0x581/0x1260
[    1.195367]  udp_sendmsg+0x16d5/0x1f70
[    1.195521]  __sock_sendmsg+0xda/0x110
[    1.195678]  __sys_sendto+0x1e7/0x2b0
[    1.195831]  __x64_sys_sendto+0xd7/0x1b0
[    1.195994]  do_syscall_64+0x34/0x80
[    1.196147]  entry_SYSCALL_64_after_hwframe+0x6e/0xd8
[    1.196351] 
[    1.196419] Freed by task 84:
[    1.196541]  kasan_save_stack+0x2f/0x60
[    1.196695]  kasan_set_track+0x21/0x30
[    1.196847]  kasan_save_free_info+0x2a/0x50
[    1.197014]  __kasan_slab_free+0x106/0x180
[    1.197179]  __kmem_cache_free+0x76/0x180
[    1.197341]  nf_conntrack_destroy+0x3a/0x60
[    1.197508]  skb_release_head_state+0x150/0x1c0
[    1.197690]  kfree_skb_reason+0x71/0x1e0
[    1.197847]  nf_hook_slow+0x123/0x170
[    1.197996]  ip_output+0x3ad/0x6c0
[    1.198136]  ip_send_skb+0x10f/0x150
[    1.198281]  udp_send_skb+0x581/0x1260
[    1.198433]  udp_sendmsg+0x16d5/0x1f70
[    1.198584]  __sock_sendmsg+0xda/0x110
[    1.198736]  __sys_sendto+0x1e7/0x2b0
[    1.198885]  __x64_sys_sendto+0xd7/0x1b0
[    1.199042]  do_syscall_64+0x34/0x80
[    1.199190]  entry_SYSCALL_64_after_hwframe+0x6e/0xd8
[    1.199390] 
[    1.199458] The buggy address belongs to the object at ffff88800623a200
[    1.199458]  which belongs to the cache kmalloc-256 of size 256
[    1.199936] The buggy address is located 152 bytes inside of
[    1.199936]  256-byte region [ffff88800623a200, ffff88800623a300)
[    1.200389] 
[    1.200458] The buggy address belongs to the physical page:
[    1.200675] page:00000000ff13f0e8 refcount:1 mapcount:0 mapping:0000000000000000 index:0x0 pfn:0x623a
[    1.201030] head:00000000ff13f0e8 order:1 compound_mapcount:0 compound_pincount:0
[    1.201320] flags: 0x100000000010200(slab|head|node=0|zone=1)
[    1.201546] raw: 0100000000010200 0000000000000000 dead000000000122 ffff888006041b40
[    1.201845] raw: 0000000000000000 0000000080100010 00000001ffffffff 0000000000000000
[    1.202145] page dumped because: kasan: bad access detected
[    1.202362] 
[    1.202429] Memory state around the buggy address:
[    1.202618]  ffff88800623a180: fc fc fc fc fc fc fc fc fc fc fc fc fc fc fc fc
[    1.202898]  ffff88800623a200: fa fb fb fb fb fb fb fb fb fb fb fb fb fb fb fb
[    1.203179] >ffff88800623a280: fb fb fb fb fb fb fb fb fb fb fb fb fb fb fb fb
[    1.203458]                             ^
[    1.203617]  ffff88800623a300: fc fc fc fc fc fc fc fc fc fc fc fc fc fc fc fc
[    1.203897]  ffff88800623a380: fc fc fc fc fc fc fc fc fc fc fc fc fc fc fc fc
[    1.204178] ==================================================================
[    1.204462] Disabling lock debugging due to kernel taint
poc: burst 0 sent
poc: burst 8 sent
poc: burst 16 sent
poc: burst 24 sent
[    1.767153] input: ImExPS/2 Generic Explorer Mouse as /devices/platform/i8042/serio1/input/input3
poc: done (no crash observed)
[    1.913329] poc (84) used greatest stack depth: 26112 bytes left
---- poc end rc=0 ----
secb: poc exited without crashing the kernel
[    3.164539] ACPI: PM: Preparing to enter system sleep state S5
[    3.164925] reboot: Power down
CONFIRMED: KASAN_UAF
