bash: warning: setlocale: LC_ALL: cannot change locale (en_US.UTF-8)
c[?7l[2J[0mSeaBIOS (version 1.16.2-debian-1.16.2-1)


iPXE (http://ipxe.org) 00:03.0 CA00 PCI2.10 PnP PMM+7EFCEF00+7EF0EF00 CA00
Press Ctrl-B to configure iPXE (PCI 00:03.0)...                                                                               


Booting from ROM..c[?7l[2J[    0.000000] Linux version 6.1.129-21968-g355b832583d4-dirty (root@buildkitsandbox) (gcc (Debian 12.2.0-14+deb12u1) 12.2.0, GNU ld (GNU Binutils for Debian) 2.40) #2 SMP PREEMPT_DYNAMIC Tue May  5 12:10:45 UTC 2026
[    0.000000] Command line: console=ttyS0 oops=panic nokaslr rdinit=/init
[    0.000000] BIOS-provided physical RAM map:
[    0.000000] BIOS-e820: [mem 0x0000000000000000-0x000000000009fbff] usable
[    0.000000] BIOS-e820: [mem 0x000000000009fc00-0x000000000009ffff] reserved
[    0.000000] BIOS-e820: [mem 0x00000000000f0000-0x00000000000fffff] reserved
[    0.000000] BIOS-e820: [mem 0x0000000000100000-0x000000007ffdffff] usable
[    0.000000] BIOS-e820: [mem 0x000000007ffe0000-0x000000007fffffff] reserved
[    0.000000] BIOS-e820: [mem 0x00000000feffc000-0x00000000feffffff] reserved
[    0.000000] BIOS-e820: [mem 0x00000000fffc0000-0x00000000ffffffff] reserved
[    0.000000] NX (Execute Disable) protection: active
[    0.000000] SMBIOS 2.8 present.
[    0.000000] DMI: QEMU Standard PC (i440FX + PIIX, 1996), BIOS 1.16.2-debian-1.16.2-1 04/01/2014
[    0.000000] Hypervisor detected: KVM
[    0.000000] kvm-clock: Using msrs 4b564d01 and 4b564d00
[    0.000001] kvm-clock: using sched offset of 287832220 cycles
[    0.000002] clocksource: kvm-clock: mask: 0xffffffffffffffff max_cycles: 0x1cd42e4dffb, max_idle_ns: 881590591483 ns
[    0.000004] tsc: Detected 3187.200 MHz processor
[    0.000285] last_pfn = 0x7ffe0 max_arch_pfn = 0x400000000
[    0.000310] x86/PAT: Configuration [0-7]: WB  WC  UC- UC  WB  WP  UC- WT  
[    0.002160] found SMP MP-table at [mem 0x000f5ba0-0x000f5baf]
[    0.002168] Using GB pages for direct mapping
[    0.002169] Incomplete global flushes, disabling PCID
[    0.002271] RAMDISK: [mem 0x7fe91000-0x7ffdffff]
[    0.002276] ACPI: Early table checksum verification disabled
[    0.002278] ACPI: RSDP 0x00000000000F59D0 000014 (v00 BOCHS )
[    0.002282] ACPI: RSDT 0x000000007FFE1B33 000034 (v01 BOCHS  BXPC     00000001 BXPC 00000001)
[    0.002286] ACPI: FACP 0x000000007FFE19DF 000074 (v01 BOCHS  BXPC     00000001 BXPC 00000001)
[    0.002291] ACPI: DSDT 0x000000007FFE0040 00199F (v01 BOCHS  BXPC     00000001 BXPC 00000001)
[    0.002293] ACPI: FACS 0x000000007FFE0000 000040
[    0.002294] ACPI: APIC 0x000000007FFE1A53 000080 (v01 BOCHS  BXPC     00000001 BXPC 00000001)
[    0.002296] ACPI: HPET 0x000000007FFE1AD3 000038 (v01 BOCHS  BXPC     00000001 BXPC 00000001)
[    0.002298] ACPI: WAET 0x000000007FFE1B0B 000028 (v01 BOCHS  BXPC     00000001 BXPC 00000001)
[    0.002299] ACPI: Reserving FACP table memory at [mem 0x7ffe19df-0x7ffe1a52]
[    0.002300] ACPI: Reserving DSDT table memory at [mem 0x7ffe0040-0x7ffe19de]
[    0.002301] ACPI: Reserving FACS table memory at [mem 0x7ffe0000-0x7ffe003f]
[    0.002301] ACPI: Reserving APIC table memory at [mem 0x7ffe1a53-0x7ffe1ad2]
[    0.002302] ACPI: Reserving HPET table memory at [mem 0x7ffe1ad3-0x7ffe1b0a]
[    0.002302] ACPI: Reserving WAET table memory at [mem 0x7ffe1b0b-0x7ffe1b32]
[    0.002470] No NUMA configuration found
[    0.002470] Faking a node at [mem 0x0000000000000000-0x000000007ffdffff]
[    0.002473] NODE_DATA(0) allocated [mem 0x7fe8d000-0x7fe90fff]
[    0.002513] Zone ranges:
[    0.002514]   DMA      [mem 0x0000000000001000-0x0000000000ffffff]
[    0.002515]   DMA32    [mem 0x0000000001000000-0x000000007ffdffff]
[    0.002516]   Normal   empty
[    0.002516] Movable zone start for each node
[    0.002517] Early memory node ranges
[    0.002517]   node   0: [mem 0x0000000000001000-0x000000000009efff]
[    0.002518]   node   0: [mem 0x0000000000100000-0x000000007ffdffff]
[    0.002519] Initmem setup node 0 [mem 0x0000000000001000-0x000000007ffdffff]
[    0.005057] On node 0, zone DMA: 1 pages in unavailable ranges
[    0.005099] On node 0, zone DMA: 97 pages in unavailable ranges
[    0.036827] On node 0, zone DMA32: 32 pages in unavailable ranges
[    0.249763] kasan: KernelAddressSanitizer initialized
[    0.249964] ACPI: PM-Timer IO Port: 0x608
[    0.249973] ACPI: LAPIC_NMI (acpi_id[0xff] dfl dfl lint[0x1])
[    0.250000] IOAPIC[0]: apic_id 0, version 17, address 0xfec00000, GSI 0-23
[    0.250002] ACPI: INT_SRC_OVR (bus 0 bus_irq 0 global_irq 2 dfl dfl)
[    0.250004] ACPI: INT_SRC_OVR (bus 0 bus_irq 5 global_irq 5 high level)
[    0.250004] ACPI: INT_SRC_OVR (bus 0 bus_irq 9 global_irq 9 high level)
[    0.250005] ACPI: INT_SRC_OVR (bus 0 bus_irq 10 global_irq 10 high level)
[    0.250006] ACPI: INT_SRC_OVR (bus 0 bus_irq 11 global_irq 11 high level)
[    0.250008] ACPI: Using ACPI (MADT) for SMP configuration information
[    0.250009] ACPI: HPET id: 0x8086a201 base: 0xfed00000
[    0.250012] TSC deadline timer available
[    0.250013] smpboot: Allowing 2 CPUs, 0 hotplug CPUs
[    0.250031] kvm-guest: KVM setup pv remote TLB flush
[    0.250033] kvm-guest: setup PV sched yield
[    0.250039] PM: hibernation: Registered nosave memory: [mem 0x00000000-0x00000fff]
[    0.250041] PM: hibernation: Registered nosave memory: [mem 0x0009f000-0x0009ffff]
[    0.250042] PM: hibernation: Registered nosave memory: [mem 0x000a0000-0x000effff]
[    0.250042] PM: hibernation: Registered nosave memory: [mem 0x000f0000-0x000fffff]
[    0.250043] [mem 0x80000000-0xfeffbfff] available for PCI devices
[    0.250044] Booting paravirtualized kernel on KVM
[    0.250047] clocksource: refined-jiffies: mask: 0xffffffff max_cycles: 0xffffffff, max_idle_ns: 1910969940391419 ns
[    0.257977] setup_percpu: NR_CPUS:64 nr_cpumask_bits:2 nr_cpu_ids:2 nr_node_ids:1
[    0.259022] percpu: Embedded 65 pages/cpu s226024 r8192 d32024 u1048576
[    0.259056] Fallback order for Node 0: 0 
[    0.259058] Built 1 zonelists, mobility grouping on.  Total pages: 515808
[    0.259059] Policy zone: DMA32
[    0.259060] Kernel command line: console=ttyS0 oops=panic nokaslr rdinit=/init
[    0.259097] random: crng init done
[    0.260245] Dentry cache hash table entries: 262144 (order: 9, 2097152 bytes, linear)
[    0.260444] Inode-cache hash table entries: 131072 (order: 8, 1048576 bytes, linear)
[    0.260471] mem auto-init: stack:all(zero), heap alloc:off, heap free:off
[    0.266211] stackdepot hash table entries: 1048576 (order: 11, 8388608 bytes, linear)
[    0.289400] Memory: 1695368K/2096632K available (47116K kernel code, 7892K rwdata, 8760K rodata, 2112K init, 2552K bss, 401008K reserved, 0K cma-reserved)
[    0.289512] SLUB: HWalign=64, Order=0-3, MinObjects=0, CPUs=2, Nodes=1
[    0.290432] Dynamic Preempt: voluntary
[    0.290678] rcu: Preemptible hierarchical RCU implementation.
[    0.290679] rcu: 	RCU event tracing is enabled.
[    0.290680] rcu: 	RCU restricting CPUs from NR_CPUS=64 to nr_cpu_ids=2.
[    0.290682] 	Trampoline variant of Tasks RCU enabled.
[    0.290683] rcu: RCU calculated value of scheduler-enlistment delay is 100 jiffies.
[    0.290684] rcu: Adjusting geometry for rcu_fanout_leaf=16, nr_cpu_ids=2
[    0.296019] NR_IRQS: 4352, nr_irqs: 440, preallocated irqs: 16
[    0.296218] rcu: srcu_init: Setting srcu_struct sizes based on contention.
[    0.298435] Console: colour VGA+ 80x25
[    0.332723] printk: console [ttyS0] enabled
[    0.332965] ACPI: Core revision 20220331
[    0.333293] clocksource: hpet: mask: 0xffffffff max_cycles: 0xffffffff, max_idle_ns: 19112604467 ns
[    0.333842] APIC: Switch to symmetric I/O mode setup
[    0.334117] kvm-guest: setup PV IPIs
[    0.334922] ..TIMER: vector=0x30 apic1=0 pin1=2 apic2=-1 pin2=-1
[    0.335264] clocksource: tsc-early: mask: 0xffffffffffffffff max_cycles: 0x2df10e7656b, max_idle_ns: 440795364873 ns
[    0.335848] Calibrating delay loop (skipped) preset value.. 6374.40 BogoMIPS (lpj=3187200)
[    0.336370] x86/cpu: User Mode Instruction Prevention (UMIP) activated
[    0.336772] Last level iTLB entries: 4KB 0, 2MB 0, 4MB 0
[    0.336846] Last level dTLB entries: 4KB 0, 2MB 0, 4MB 0, 1GB 0
[    0.337174] Spectre V1 : Mitigation: usercopy/swapgs barriers and __user pointer sanitization
[    0.337848] Spectre V2 : Spectre BHI mitigation: SW BHB clearing on vm exit
[    0.338230] Spectre V2 : Spectre BHI mitigation: SW BHB clearing on syscall
[    0.338614] Spectre V2 : Mitigation: Enhanced / Automatic IBRS
[    0.338846] Spectre V2 : Spectre v2 / SpectreRSB mitigation: Filling RSB on context switch
[    0.339298] Spectre V2 : Spectre v2 / PBRSB-eIBRS: Retire a single CALL on VMEXIT
[    0.339847] Spectre V2 : mitigation: Enabling conditional Indirect Branch Prediction Barrier
[    0.340309] Speculative Store Bypass: Mitigation: Speculative Store Bypass disabled via prctl
[    0.340776] MMIO Stale Data: Unknown: No mitigations
[    0.340846] Register File Data Sampling: Vulnerable: No microcode
[    0.341193] x86/fpu: Supporting XSAVE feature 0x001: 'x87 floating point registers'
[    0.341626] x86/fpu: Supporting XSAVE feature 0x002: 'SSE registers'
[    0.341846] x86/fpu: Supporting XSAVE feature 0x004: 'AVX registers'
[    0.342206] x86/fpu: Supporting XSAVE feature 0x200: 'Protection Keys User registers'
[    0.342846] x86/fpu: xstate_offset[2]:  576, xstate_sizes[2]:  256
[    0.343198] x86/fpu: xstate_offset[9]:  832, xstate_sizes[9]:    8
[    0.343550] x86/fpu: Enabled xstate features 0x207, context size is 840 bytes, using 'compacted' format.
[    0.357477] Freeing SMP alternatives memory: 44K
[    0.357788] pid_max: default: 32768 minimum: 301
[    0.357882] LSM: Security Framework initializing
[    0.358158] SELinux:  Initializing.
[    0.358412] Mount-cache hash table entries: 4096 (order: 3, 32768 bytes, linear)
[    0.358849] Mountpoint-cache hash table entries: 4096 (order: 3, 32768 bytes, linear)
[    0.359892] smpboot: CPU0: Intel(R) Core(TM) i9-14900K (family: 0x6, model: 0xb7, stepping: 0x1)
[    0.360536] cblist_init_generic: Setting adjustable number of callback queues.
[    0.360848] cblist_init_generic: Setting shift to 1 and lim to 1.
[    0.361213] Performance Events: unsupported p6 CPU model 183 no PMU driver, software events only.
[    0.361736] signal: max sigframe size: 3632
[    0.361868] rcu: Hierarchical SRCU implementation.
[    0.362141] rcu: 	Max phase no-delay instances is 400.
[    0.362687] smp: Bringing up secondary CPUs ...
[    0.362951] x86: Booting SMP configuration:
[    0.363190] .... node  #0, CPUs:      #1
[    0.363535] smp: Brought up 1 node, 2 CPUs
[    0.363849] smpboot: Max logical packages: 1
[    0.364097] smpboot: Total of 2 processors activated (12748.80 BogoMIPS)
[    0.365849] devtmpfs: initialized
[    0.367024] clocksource: jiffies: mask: 0xffffffff max_cycles: 0xffffffff, max_idle_ns: 1911260446275000 ns
[    0.367500] futex hash table entries: 512 (order: 3, 32768 bytes, linear)
[    0.367951] PM: RTC time: 12:14:25, date: 2026-05-05
[    0.368379] NET: Registered PF_NETLINK/PF_ROUTE protocol family
[    0.368888] audit: initializing netlink subsys (disabled)
[    0.369221] audit: type=2000 audit(1777983266.475:1): state=initialized audit_enabled=0 res=1
[    0.369221] thermal_sys: Registered thermal governor 'step_wise'
[    0.369377] thermal_sys: Registered thermal governor 'user_space'
[    0.369888] cpuidle: using governor menu
[    0.370610] PCI: Using configuration type 1 for base access
[    0.378814] kprobes: kprobe jump-optimization is enabled. All kprobes are optimized if possible.
[    0.380846] HugeTLB: registered 2.00 MiB page size, pre-allocated 0 pages
[    0.381850] HugeTLB: 28 KiB vmemmap can be freed for a 2.00 MiB page
[    0.383846] ACPI: Added _OSI(Module Device)
[    0.383851] ACPI: Added _OSI(Processor Device)
[    0.384609] ACPI: Added _OSI(3.0 _SCP Extensions)
[    0.385851] ACPI: Added _OSI(Processor Aggregator Device)
[    0.396130] ACPI: 1 ACPI AML tables successfully acquired and loaded
[    0.400621] ACPI: Interpreter enabled
[    0.400700] ACPI: PM: (supports S0 S3 S4 S5)
[    0.400848] ACPI: Using IOAPIC for interrupt routing
[    0.401166] PCI: Using host bridge windows from ACPI; if necessary, use "pci=nocrs" and report a bug
[    0.401692] PCI: Using E820 reservations for host bridge windows
[    0.403152] ACPI: Enabled 2 GPEs in block 00 to 0F
[    0.412760] ACPI: PCI Root Bridge [PCI0] (domain 0000 [bus 00-ff])
[    0.412855] acpi PNP0A03:00: _OSC: OS supports [ASPM ClockPM Segments MSI HPX-Type3]
[    0.413304] acpi PNP0A03:00: _OSC: not requesting OS control; OS requires [ExtendedConfig ASPM ClockPM MSI]
[    0.413891] acpi PNP0A03:00: fail to add MMCONFIG information, can't access extended PCI configuration space under this bridge.
[    0.414695] PCI host bridge to bus 0000:00
[    0.414849] pci_bus 0000:00: root bus resource [io  0x0000-0x0cf7 window]
[    0.415243] pci_bus 0000:00: root bus resource [io  0x0d00-0xffff window]
[    0.415639] pci_bus 0000:00: root bus resource [mem 0x000a0000-0x000bffff window]
[    0.415848] pci_bus 0000:00: root bus resource [mem 0x80000000-0xfebfffff window]
[    0.416283] pci_bus 0000:00: root bus resource [mem 0x100000000-0x17fffffff window]
[    0.416727] pci_bus 0000:00: root bus resource [bus 00-ff]
[    0.416892] pci 0000:00:00.0: [8086:1237] type 00 class 0x060000
[    0.420822] pci 0000:00:01.0: [8086:7000] type 00 class 0x060100
[    0.426004] pci 0000:00:01.1: [8086:7010] type 00 class 0x010180
[    0.427285] pci 0000:00:01.1: reg 0x20: [io  0xc040-0xc04f]
[    0.428039] pci 0000:00:01.1: legacy IDE quirk: reg 0x10: [io  0x01f0-0x01f7]
[    0.428455] pci 0000:00:01.1: legacy IDE quirk: reg 0x14: [io  0x03f6]
[    0.428837] pci 0000:00:01.1: legacy IDE quirk: reg 0x18: [io  0x0170-0x0177]
[    0.428847] pci 0000:00:01.1: legacy IDE quirk: reg 0x1c: [io  0x0376]
[    0.429384] pci 0000:00:01.3: [8086:7113] type 00 class 0x068000
[    0.429959] pci 0000:00:01.3: quirk: [io  0x0600-0x063f] claimed by PIIX4 ACPI
[    0.430384] pci 0000:00:01.3: quirk: [io  0x0700-0x070f] claimed by PIIX4 SMB
[    0.430959] pci 0000:00:02.0: [1234:1111] type 00 class 0x030000
[    0.433012] pci 0000:00:02.0: reg 0x10: [mem 0xfd000000-0xfdffffff pref]
[    0.434401] pci 0000:00:02.0: reg 0x18: [mem 0xfebf0000-0xfebf0fff]
[    0.436391] pci 0000:00:02.0: reg 0x30: [mem 0xfebe0000-0xfebeffff pref]
[    0.436920] pci 0000:00:02.0: Video device with shadowed ROM at [mem 0x000c0000-0x000dffff]
[    0.441422] pci 0000:00:03.0: [8086:100e] type 00 class 0x020000
[    0.442000] pci 0000:00:03.0: reg 0x10: [mem 0xfebc0000-0xfebdffff]
[    0.442607] pci 0000:00:03.0: reg 0x14: [io  0xc000-0xc03f]
[    0.444082] pci 0000:00:03.0: reg 0x30: [mem 0xfeb80000-0xfebbffff pref]
[    0.449121] ACPI: PCI: Interrupt link LNKA configured for IRQ 10
[    0.449833] ACPI: PCI: Interrupt link LNKB configured for IRQ 10
[    0.451192] ACPI: PCI: Interrupt link LNKC configured for IRQ 11
[    0.451869] ACPI: PCI: Interrupt link LNKD configured for IRQ 11
[    0.452363] ACPI: PCI: Interrupt link LNKS configured for IRQ 9
[    0.453832] iommu: Default domain type: Translated 
[    0.453847] iommu: DMA domain TLB invalidation policy: lazy mode 
[    0.454472] SCSI subsystem initialized
[    0.454963] ACPI: bus type USB registered
[    0.455290] usbcore: registered new interface driver usbfs
[    0.455653] usbcore: registered new interface driver hub
[    0.455861] usbcore: registered new device driver usb
[    0.456225] pps_core: LinuxPPS API ver. 1 registered
[    0.456513] pps_core: Software ver. 5.3.6 - Copyright 2005-2007 Rodolfo Giometti <giometti@linux.it>
[    0.456856] PTP clock support registered
[    0.457955] Advanced Linux Sound Architecture Driver Initialized.
[    0.458059] NetLabel: Initializing
[    0.458259] NetLabel:  domain hash size = 128
[    0.458512] NetLabel:  protocols = UNLABELED CIPSOv4 CALIPSO
[    0.458909] NetLabel:  unlabeled traffic allowed by default
[    0.459900] PCI: Using ACPI for IRQ routing
[    0.460213] pci 0000:00:02.0: vgaarb: setting as boot VGA device
[    0.460213] pci 0000:00:02.0: vgaarb: bridge control possible
[    0.460539] pci 0000:00:02.0: vgaarb: VGA device added: decodes=io+mem,owns=io+mem,locks=none
[    0.460847] vgaarb: loaded
[    0.461132] hpet0: at MMIO 0xfed00000, IRQs 2, 8, 0
[    0.461418] hpet0: 3 comparators, 64-bit 100.000000 MHz counter
[    0.464886] clocksource: Switched to clocksource kvm-clock
[    0.465885] VFS: Disk quotas dquot_6.6.0
[    0.466142] VFS: Dquot-cache hash table entries: 512 (order 0, 4096 bytes)
[    0.466688] pnp: PnP ACPI init
[    0.467925] pnp: PnP ACPI: found 6 devices
[    0.475557] clocksource: acpi_pm: mask: 0xffffff max_cycles: 0xffffff, max_idle_ns: 2085701024 ns
[    0.476134] NET: Registered PF_INET protocol family
[    0.476599] IP idents hash table entries: 32768 (order: 6, 262144 bytes, linear)
[    0.477524] tcp_listen_portaddr_hash hash table entries: 1024 (order: 2, 16384 bytes, linear)
[    0.478036] Table-perturb hash table entries: 65536 (order: 6, 262144 bytes, linear)
[    0.478494] TCP established hash table entries: 16384 (order: 5, 131072 bytes, linear)
[    0.479035] TCP bind hash table entries: 16384 (order: 7, 524288 bytes, linear)
[    0.479671] TCP: Hash tables configured (established 16384 bind 16384)
[    0.480152] UDP hash table entries: 1024 (order: 3, 32768 bytes, linear)
[    0.480569] UDP-Lite hash table entries: 1024 (order: 3, 32768 bytes, linear)
[    0.481095] NET: Registered PF_UNIX/PF_LOCAL protocol family
[    0.483989] RPC: Registered named UNIX socket transport module.
[    0.484350] RPC: Registered udp transport module.
[    0.484644] RPC: Registered tcp transport module.
[    0.484931] RPC: Registered tcp NFSv4.1 backchannel transport module.
[    0.485631] pci_bus 0000:00: resource 4 [io  0x0000-0x0cf7 window]
[    0.485995] pci_bus 0000:00: resource 5 [io  0x0d00-0xffff window]
[    0.486359] pci_bus 0000:00: resource 6 [mem 0x000a0000-0x000bffff window]
[    0.486766] pci_bus 0000:00: resource 7 [mem 0x80000000-0xfebfffff window]
[    0.487169] pci_bus 0000:00: resource 8 [mem 0x100000000-0x17fffffff window]
[    0.487664] pci 0000:00:01.0: PIIX3: Enabling Passive Release
[    0.488007] pci 0000:00:00.0: Limiting direct PCI/PCI transfers
[    0.488379] PCI: CLS 0 bytes, default 64
[    0.488811] Unpacking initramfs...
[    0.491639] RAPL PMU: API unit is 2^-32 Joules, 0 fixed counters, 10737418240 ms ovfl timer
[    0.492144] clocksource: tsc: mask: 0xffffffffffffffff max_cycles: 0x2df10e7656b, max_idle_ns: 440795364873 ns
[    0.494571] Initialise system trusted keyrings
[    0.494927] workingset: timestamp_bits=56 max_order=19 bucket_order=0
[    0.502361] NFS: Registering the id_resolver key type
[    0.502673] Key type id_resolver registered
[    0.502920] Key type id_legacy registered
[    0.503220] 9p: Installing v9fs 9p2000 file system support
[    0.504761] Freeing initrd memory: 1340K
[    0.507565] Key type asymmetric registered
[    0.507854] Asymmetric key parser 'x509' registered
[    0.508169] Block layer SCSI generic (bsg) driver version 0.4 loaded (major 251)
[    0.508627] io scheduler mq-deadline registered
[    0.508892] io scheduler kyber registered
[    0.509222] cryptomgr_test (41) used greatest stack depth: 30904 bytes left
[    0.509811] input: Power Button as /devices/LNXSYSTM:00/LNXPWRBN:00/input/input0
[    0.510501] ACPI: button: Power Button [PWRF]
[    0.512931] Serial: 8250/16550 driver, 4 ports, IRQ sharing enabled
[    0.513400] 00:04: ttyS0 at I/O 0x3f8 (irq = 4, base_baud = 115200) is a 16550A
[    0.514542] Non-volatile memory driver v1.3
[    0.514805] Linux agpgart interface v0.103
[    0.515153] ACPI: bus type drm_connector registered
[    0.519869] loop: module loaded
[    0.521405] scsi host0: ata_piix
[    0.521931] scsi host1: ata_piix
[    0.522229] ata1: PATA max MWDMA2 cmd 0x1f0 ctl 0x3f6 bmdma 0xc040 irq 14
[    0.522637] ata2: PATA max MWDMA2 cmd 0x170 ctl 0x376 bmdma 0xc048 irq 15
[    0.523627] e100: Intel(R) PRO/100 Network Driver
[    0.523919] e100: Copyright(c) 1999-2006 Intel Corporation
[    0.524266] e1000: Intel(R) PRO/1000 Network Driver
[    0.524569] e1000: Copyright (c) 1999-2006 Intel Corporation.
[    0.678940] ata2: found unknown device (class 0)
[    0.679547] ata2.00: ATAPI: QEMU DVD-ROM, 2.5+, max UDMA/100
[    0.680677] scsi 1:0:0:0: CD-ROM            QEMU     QEMU DVD-ROM     2.5+ PQ: 0 ANSI: 5
[    0.716904] sr 1:0:0:0: [sr0] scsi3-mmc drive: 4x/4x cd/rw xa/form2 tray
[    0.717280] cdrom: Uniform CD-ROM driver Revision: 3.20
[    0.733383] sr 1:0:0:0: Attached scsi generic sg0 type 5
[    0.812975] ACPI: \_SB_.LNKC: Enabled at IRQ 11
[    1.101181] e1000 0000:00:03.0 eth0: (PCI:33MHz:32-bit) 52:54:00:12:34:56
[    1.101576] e1000 0000:00:03.0 eth0: Intel(R) PRO/1000 Network Connection
[    1.102016] e1000e: Intel(R) PRO/1000 Network Driver
[    1.102308] e1000e: Copyright(c) 1999 - 2015 Intel Corporation.
[    1.102702] sky2: driver version 1.30
[    1.103273] usbcore: registered new interface driver usblp
[    1.103610] usbcore: registered new interface driver usb-storage
[    1.104032] i8042: PNP: PS/2 Controller [PNP0303:KBD,PNP0f13:MOU] at 0x60,0x64 irq 1,12
[    1.104981] serio: i8042 KBD port at 0x60,0x64 irq 1
[    1.105281] serio: i8042 AUX port at 0x60,0x64 irq 12
[    1.108929] rtc_cmos 00:05: RTC can wake from S4
[    1.109279] input: AT Translated Set 2 keyboard as /devices/platform/i8042/serio0/input/input1
[    1.111210] rtc_cmos 00:05: registered as rtc0
[    1.111532] rtc_cmos 00:05: alarms up to one day, y3k, 242 bytes nvram, hpet irqs
[    1.112283] device-mapper: ioctl: 4.47.0-ioctl (2022-07-28) initialised: dm-devel@redhat.com
[    1.112780] intel_pstate: CPU model not supported
[    1.113081] hid: raw HID events driver (C) Jiri Kosina
[    1.113718] usbcore: registered new interface driver usbhid
[    1.114042] usbhid: USB HID core driver
[    1.115821] Initializing XFRM netlink socket
[    1.116340] NET: Registered PF_INET6 protocol family
[    1.117246] Segment Routing with IPv6
[    1.117495] In-situ OAM (IOAM) with IPv6
[    1.117828] sit: IPv6, IPv4 and MPLS over IPv4 tunneling driver
[    1.118435] NET: Registered PF_PACKET protocol family
[    1.118806] 9pnet: Installing 9P2000 support
[    1.119080] Key type dns_resolver registered
[    1.119544] IPI shorthand broadcast: enabled
[    1.120300] sched_clock: Marking stable (1082585856, 37622460)->(1123227540, -3019224)
[    1.121875] registered taskstats version 1
[    1.122581] Loading compiled-in X.509 certificates
[    1.123681] cryptomgr_test (53) used greatest stack depth: 30456 bytes left
[    1.124528] PM:   Magic number: 10:807:227
[    1.125306] printk: console [netcon0] enabled
[    1.126067] netconsole: network logging started
[    1.126893] cfg80211: Loading compiled-in X.509 certificates for regulatory database
[    1.127510] kworker/u4:2 (72) used greatest stack depth: 29512 bytes left
[    1.128302] cfg80211: Loaded X.509 cert 'sforshee: 00b28ddf47aef9cea7'
[    1.128867] cfg80211: Loaded X.509 cert 'wens: 61c038651aabdcf94bd0ac7ff06c7248db18c600'
[    1.129398] ALSA device list:
[    1.129596]   No soundcards found.
[    1.130329] Freeing unused kernel image (initmem) memory: 2112K
[    1.130609] Write protecting the kernel read-only data: 59392k
[    1.131221] Freeing unused kernel image (text/rodata gap) memory: 2032K
[    1.131790] Freeing unused kernel image (rodata/data gap) memory: 1480K
[    1.140945] x86/mm: Checked W+X mappings: passed, no W+X pages found.
[    1.141264] Run /init as init process
[    1.141304] platform regulatory.0: Direct firmware load for regulatory.db failed with error -2
[    1.141761] cfg80211: failed to load regulatory.db
[    1.143666] mount (77) used greatest stack depth: 28352 bytes left

secb: rootfs ready
---- poc begin ----
poc: starting CVE-2023-52927 trigger
poc: userns + netns ready
poc: NETLINK_NETFILTER fd=3
poc:   batch: 0 ack, 0 err
poc: nft ruleset committed
poc: UDP listener 127.0.0.1:56789 opened
poc: driving nft_ct_set_zone_eval + nf_nat_setup_info in a loop
poc: burst 0 sent
poc: burst 8 sent
poc: burst 16 sent
poc: burst 24 sent
[    1.737249] input: ImExPS/2 Generic Explorer Mouse as /devices/platform/i8042/serio1/input/input3
poc: done (no crash observed)
[    1.855850] poc (83) used greatest stack depth: 27224 bytes left
---- poc end rc=0 ----
secb: poc exited without crashing the kernel
[    3.112399] ACPI: PM: Preparing to enter system sleep state S5
[    3.112707] reboot: Power down
NO_CRASH_DETECTED
