bash: warning: setlocale: LC_ALL: cannot change locale (en_US.UTF-8)
c[?7l[2J[0mSeaBIOS (version 1.16.2-debian-1.16.2-1)
Booting from ROM...
c[?7l[2Jearly console in extract_kernel
input_data: 0x00000000149062a3
input_len: 0x0000000005edfa6c
output: 0x0000000001000000
output_len: 0x00000000125d2c78
kernel_total_size: 0x0000000019826000
needed_size: 0x0000000019a00000
trampoline_32bit: 0x0000000000000000

Decompressing Linux... Parsing ELF... done.
Booting the kernel (entry_offset: 0x000000000000007a).
[    0.000000][    T0] Linux version 6.11.0-rc7-00149-g0babf683783d-dirty (root@buildkitsandbox) (gcc (Debian 12.2.0-14+deb12u1) 12.2.0, GNU ld (GNU Binutils for Debian) 2.40) #1 SMP PREEMPT_DYNAMIC Tue May 26 05:02:03 UTC 2026
[    0.000000][    T0] Command line: console=ttyS0 oops=panic panic=86400 nokaslr earlyprintk=serial rdinit=/init
[    0.000000][    T0] KERNEL supported cpus:
[    0.000000][    T0]   Intel GenuineIntel
[    0.000000][    T0]   AMD AuthenticAMD
[    0.000000][    T0] BIOS-provided physical RAM map:
[    0.000000][    T0] BIOS-e820: [mem 0x0000000000000000-0x000000000009fbff] usable
[    0.000000][    T0] BIOS-e820: [mem 0x000000000009fc00-0x000000000009ffff] reserved
[    0.000000][    T0] BIOS-e820: [mem 0x00000000000f0000-0x00000000000fffff] reserved
[    0.000000][    T0] BIOS-e820: [mem 0x0000000000100000-0x000000007ffdffff] usable
[    0.000000][    T0] BIOS-e820: [mem 0x000000007ffe0000-0x000000007fffffff] reserved
[    0.000000][    T0] BIOS-e820: [mem 0x00000000feffc000-0x00000000feffffff] reserved
[    0.000000][    T0] BIOS-e820: [mem 0x00000000fffc0000-0x00000000ffffffff] reserved
[    0.000000][    T0] BIOS-e820: [mem 0x000000fd00000000-0x000000ffffffffff] reserved
[    0.000000][    T0] printk: legacy bootconsole [earlyser0] enabled
[    0.000000][    T0] NX (Execute Disable) protection: active
[    0.000000][    T0] APIC: Static calls initialized
[    0.000000][    T0] SMBIOS 2.8 present.
[    0.000000][    T0] DMI: QEMU Standard PC (i440FX + PIIX, 1996), BIOS 1.16.2-debian-1.16.2-1 04/01/2014
[    0.000000][    T0] DMI: Memory slots populated: 1/1
[    0.000000][    T0] Hypervisor detected: KVM
[    0.000000][    T0] kvm-clock: Using msrs 4b564d01 and 4b564d00
[    0.000006][    T0] kvm-clock: using sched offset of 9158080454 cycles
[    0.000956][    T0] clocksource: kvm-clock: mask: 0xffffffffffffffff max_cycles: 0x1cd42e4dffb, max_idle_ns: 881590591483 ns
[    0.003747][    T0] tsc: Detected 3493.436 MHz processor
[    0.012811][    T0] last_pfn = 0x7ffe0 max_arch_pfn = 0x400000000
[    0.013831][    T0] MTRR map: 4 entries (3 fixed + 1 variable; max 19), built from 8 variable MTRRs
[    0.015050][    T0] x86/PAT: Configuration [0-7]: WB  WC  UC- UC  WB  WP  UC- WT  
[    0.020092][    T0] found SMP MP-table at [mem 0x000f5ba0-0x000f5baf]
[    0.021231][    T0] Using GB pages for direct mapping
[    0.025026][    T0] RAMDISK: [mem 0x7fe7f000-0x7ffdffff]
[    0.025989][    T0] ACPI: Early table checksum verification disabled
[    0.027052][    T0] ACPI: RSDP 0x00000000000F59D0 000014 (v00 BOCHS )
[    0.028154][    T0] ACPI: RSDT 0x000000007FFE1B33 000034 (v01 BOCHS  BXPC     00000001 BXPC 00000001)
[    0.029709][    T0] ACPI: FACP 0x000000007FFE19DF 000074 (v01 BOCHS  BXPC     00000001 BXPC 00000001)
[    0.031278][    T0] ACPI: DSDT 0x000000007FFE0040 00199F (v01 BOCHS  BXPC     00000001 BXPC 00000001)
[    0.032695][    T0] ACPI: FACS 0x000000007FFE0000 000040
[    0.033545][    T0] ACPI: APIC 0x000000007FFE1A53 000080 (v01 BOCHS  BXPC     00000001 BXPC 00000001)
[    0.035072][    T0] ACPI: HPET 0x000000007FFE1AD3 000038 (v01 BOCHS  BXPC     00000001 BXPC 00000001)
[    0.036295][    T0] ACPI: WAET 0x000000007FFE1B0B 000028 (v01 BOCHS  BXPC     00000001 BXPC 00000001)
[    0.037799][    T0] ACPI: Reserving FACP table memory at [mem 0x7ffe19df-0x7ffe1a52]
[    0.039106][    T0] ACPI: Reserving DSDT table memory at [mem 0x7ffe0040-0x7ffe19de]
[    0.040385][    T0] ACPI: Reserving FACS table memory at [mem 0x7ffe0000-0x7ffe003f]
[    0.041667][    T0] ACPI: Reserving APIC table memory at [mem 0x7ffe1a53-0x7ffe1ad2]
[    0.042956][    T0] ACPI: Reserving HPET table memory at [mem 0x7ffe1ad3-0x7ffe1b0a]
[    0.044216][    T0] ACPI: Reserving WAET table memory at [mem 0x7ffe1b0b-0x7ffe1b32]
[    0.046641][    T0] No NUMA configuration found
[    0.047383][    T0] Faking a node at [mem 0x0000000000000000-0x000000007ffdffff]
[    0.048622][    T0] NODE_DATA(0) allocated [mem 0x7fe78e00-0x7fe7edff]
[    0.208741][    T0] Zone ranges:
[    0.209512][    T0]   DMA      [mem 0x0000000000001000-0x0000000000ffffff]
[    0.211138][    T0]   DMA32    [mem 0x0000000001000000-0x000000007ffdffff]
[    0.212538][    T0]   Normal   empty
[    0.213337][    T0]   Device   empty
[    0.214049][    T0] Movable zone start for each node
[    0.215090][    T0] Early memory node ranges
[    0.215979][    T0]   node   0: [mem 0x0000000000001000-0x000000000009efff]
[    0.217400][    T0]   node   0: [mem 0x0000000000100000-0x000000007ffdffff]
[    0.218853][    T0] Initmem setup node 0 [mem 0x0000000000001000-0x000000007ffdffff]
[    0.220501][    T0] On node 0, zone DMA: 1 pages in unavailable ranges
[    0.222206][    T0] On node 0, zone DMA: 97 pages in unavailable ranges
[    0.256788][    T0] On node 0, zone DMA32: 32 pages in unavailable ranges
[    2.115513][    T0] kasan: KernelAddressSanitizer initialized
[    2.116883][    T0] ACPI: PM-Timer IO Port: 0x608
[    2.117707][    T0] ACPI: LAPIC_NMI (acpi_id[0xff] dfl dfl lint[0x1])
[    2.119352][    T0] IOAPIC[0]: apic_id 0, version 17, address 0xfec00000, GSI 0-23
[    2.120645][    T0] ACPI: INT_SRC_OVR (bus 0 bus_irq 0 global_irq 2 dfl dfl)
[    2.121874][    T0] ACPI: INT_SRC_OVR (bus 0 bus_irq 5 global_irq 5 high level)
[    2.123097][    T0] ACPI: INT_SRC_OVR (bus 0 bus_irq 9 global_irq 9 high level)
[    2.124258][    T0] ACPI: INT_SRC_OVR (bus 0 bus_irq 10 global_irq 10 high level)
[    2.125444][    T0] ACPI: INT_SRC_OVR (bus 0 bus_irq 11 global_irq 11 high level)
[    2.126722][    T0] ACPI: Using ACPI (MADT) for SMP configuration information
[    2.127951][    T0] ACPI: HPET id: 0x8086a201 base: 0xfed00000
[    2.128948][    T0] TSC deadline timer available
[    2.129988][    T0] CPU topo: Max. logical packages:   1
[    2.130855][    T0] CPU topo: Max. logical dies:       1
[    2.131707][    T0] CPU topo: Max. dies per package:   1
[    2.132628][    T0] CPU topo: Max. threads per core:   1
[    2.133507][    T0] CPU topo: Num. cores per package:     2
[    2.134601][    T0] CPU topo: Num. threads per package:   2
[    2.135495][    T0] CPU topo: Allowing 2 present CPUs plus 0 hotplug CPUs
[    2.136608][    T0] kvm-guest: APIC: eoi() replaced with kvm_guest_apic_eoi_write()
[    2.137956][    T0] kvm-guest: KVM setup pv remote TLB flush
[    2.138924][    T0] kvm-guest: setup PV sched yield
[    2.139792][    T0] PM: hibernation: Registered nosave memory: [mem 0x00000000-0x00000fff]
[    2.141046][    T0] PM: hibernation: Registered nosave memory: [mem 0x0009f000-0x0009ffff]
[    2.142354][    T0] PM: hibernation: Registered nosave memory: [mem 0x000a0000-0x000effff]
[    2.144354][    T0] PM: hibernation: Registered nosave memory: [mem 0x000f0000-0x000fffff]
[    2.145681][    T0] [mem 0x80000000-0xfeffbfff] available for PCI devices
[    2.146998][    T0] Booting paravirtualized kernel on KVM
[    2.147869][    T0] clocksource: refined-jiffies: mask: 0xffffffff max_cycles: 0xffffffff, max_idle_ns: 19112604462750000 ns
[    2.423614][    T0] setup_percpu: NR_CPUS:8 nr_cpumask_bits:2 nr_cpu_ids:2 nr_node_ids:1
[    2.453780][    T0] percpu: Embedded 74 pages/cpu s265288 r8192 d29624 u1048576
[    2.455321][    T0] kvm-guest: PV spinlocks enabled
[    2.456162][    T0] PV qspinlock hash table entries: 256 (order: 0, 4096 bytes, linear)
[    2.457537][    T0] Kernel command line: console=ttyS0 oops=panic panic=86400 nokaslr earlyprintk=serial rdinit=/init
[    2.461953][    T0] random: crng init done
[    2.463990][    T0] Dentry cache hash table entries: 262144 (order: 9, 2097152 bytes, linear)
[    2.498995][    T0] Inode-cache hash table entries: 131072 (order: 8, 1048576 bytes, linear)
[    2.503076][    T0] Fallback order for Node 0: 0 
[    2.503097][    T0] Built 1 zonelists, mobility grouping on.  Total pages: 524158
[    2.508449][    T0] Policy zone: DMA32
[    2.510551][    T0] mem auto-init: stack:all(zero), heap alloc:on, heap free:off
[    2.513759][    T0] stackdepot: allocating hash table via alloc_large_system_hash
[    2.517009][    T0] stackdepot hash table entries: 1048576 (order: 12, 16777216 bytes, linear)
[    2.855467][    T0] SLUB: HWalign=64, Order=0-3, MinObjects=0, CPUs=2, Nodes=1
[    2.883112][    T0] allocated 4194304 bytes of page_ext
[    2.886568][    T0] Dynamic Preempt: full
[    2.889606][    T0] Running RCU self tests
[    2.891315][    T0] Running RCU synchronous self tests
[    2.893656][    T0] rcu: Preemptible hierarchical RCU implementation.
[    2.896298][    T0] rcu: 	RCU lockdep checking is enabled.
[    2.898739][    T0] rcu: 	RCU restricting CPUs from NR_CPUS=8 to nr_cpu_ids=2.
[    2.901924][    T0] rcu: 	RCU callback double-/use-after-free debug is enabled.
[    2.905173][    T0] rcu: 	RCU debug extended QS entry/exit.
[    2.907717][    T0] 	Trampoline variant of Tasks RCU enabled.
[    2.910322][    T0] 	Tracing variant of Tasks RCU enabled.
[    2.912829][    T0] rcu: RCU calculated value of scheduler-enlistment delay is 10 jiffies.
[    2.916378][    T0] rcu: Adjusting geometry for rcu_fanout_leaf=16, nr_cpu_ids=2
[    2.919973][    T0] Running RCU synchronous self tests
[    2.922278][    T0] RCU Tasks: Setting shift to 1 and lim to 1 rcu_task_cb_adjust=1.
[    2.925734][    T0] RCU Tasks Trace: Setting shift to 1 and lim to 1 rcu_task_cb_adjust=1.
[    3.113407][    T0] NR_IRQS: 4352, nr_irqs: 440, preallocated irqs: 16
[    3.116948][    T0] rcu: srcu_init: Setting srcu_struct sizes based on contention.
[    3.118691][    T0] kfence: initialized - using 2097152 bytes for 255 objects at 0x(____ptrval____)-0x(____ptrval____)
[    3.129614][    T0] Console: colour VGA+ 80x25
[    3.130540][    T0] printk: legacy console [ttyS0] enabled
[    3.130540][    T0] printk: legacy console [ttyS0] enabled
[    3.132431][    T0] printk: legacy bootconsole [earlyser0] disabled
[    3.132431][    T0] printk: legacy bootconsole [earlyser0] disabled
[    3.134698][    T0] Lock dependency validator: Copyright (c) 2006 Red Hat, Inc., Ingo Molnar
[    3.136153][    T0] ... MAX_LOCKDEP_SUBCLASSES:  8
[    3.136967][    T0] ... MAX_LOCK_DEPTH:          48
[    3.137802][    T0] ... MAX_LOCKDEP_KEYS:        8192
[    3.138692][    T0] ... CLASSHASH_SIZE:          4096
[    3.139559][    T0] ... MAX_LOCKDEP_ENTRIES:     1048576
[    3.140464][    T0] ... MAX_LOCKDEP_CHAINS:      1048576
[    3.141209][    T0] ... CHAINHASH_SIZE:          524288
[    3.141913][    T0]  memory used by lock dependency info: 106625 kB
[    3.142812][    T0]  memory used for stack traces: 8320 kB
[    3.143630][    T0]  per task-struct memory footprint: 1920 bytes
[    3.144619][    T0] ACPI: Core revision 20240322
[    3.146144][    T0] clocksource: hpet: mask: 0xffffffff max_cycles: 0xffffffff, max_idle_ns: 19112604467 ns
[    3.148266][    T0] APIC: Switch to symmetric I/O mode setup
[    3.149447][    T0] x2apic enabled
[    3.150634][    T0] APIC: Switched APIC routing to: physical x2apic
[    3.151793][    T0] kvm-guest: APIC: send_IPI_mask() replaced with kvm_send_ipi_mask()
[    3.152883][    T0] kvm-guest: APIC: send_IPI_mask_allbutself() replaced with kvm_send_ipi_mask_allbutself()
[    3.154210][    T0] kvm-guest: setup PV IPIs
[    3.157233][    T0] ..TIMER: vector=0x30 apic1=0 pin1=2 apic2=-1 pin2=-1
[    3.158755][    T0] tsc: Marking TSC unstable due to TSCs unsynchronized
[    3.160010][    T0] Calibrating delay loop (skipped) preset value.. 6986.87 BogoMIPS (lpj=34934360)
[    3.161742][    T0] x86/cpu: User Mode Instruction Prevention (UMIP) activated
[    3.163079][    T0] Last level iTLB entries: 4KB 512, 2MB 255, 4MB 127
[    3.163984][    T0] Last level dTLB entries: 4KB 512, 2MB 255, 4MB 127, 1GB 0
[    3.164945][    T0] Spectre V1 : Mitigation: usercopy/swapgs barriers and __user pointer sanitization
[    3.166136][    T0] Spectre V2 : Mitigation: Retpolines
[    3.166927][    T0] Spectre V2 : Spectre v2 / SpectreRSB mitigation: Filling RSB on context switch
[    3.170102][    T0] Spectre V2 : Spectre v2 / SpectreRSB : Filling RSB on VMEXIT
[    3.171318][    T0] Spectre V2 : Enabling Speculation Barrier for firmware calls
[    3.172689][    T0] RETBleed: Mitigation: untrained return thunk
[    3.173865][    T0] Spectre V2 : mitigation: Enabling conditional Indirect Branch Prediction Barrier
[    3.175631][    T0] Speculative Store Bypass: Mitigation: Speculative Store Bypass disabled via prctl
[    3.177163][    T0] Speculative Return Stack Overflow: IBPB-extending microcode not applied!
[    3.178296][    T0] Speculative Return Stack Overflow: WARNING: See https://kernel.org/doc/html/latest/admin-guide/hw-vuln/srso.html for mitigation options.
[    3.178304][    T0] Speculative Return Stack Overflow: Vulnerable: Safe RET, no microcode
[    3.181566][    T0] x86/fpu: Supporting XSAVE feature 0x001: 'x87 floating point registers'
[    3.182914][    T0] x86/fpu: Supporting XSAVE feature 0x002: 'SSE registers'
[    3.183826][    T0] x86/fpu: Supporting XSAVE feature 0x004: 'AVX registers'
[    3.184768][    T0] x86/fpu: xstate_offset[2]:  576, xstate_sizes[2]:  256
[    3.185655][    T0] x86/fpu: Enabled xstate features 0x7, context size is 832 bytes, using 'compacted' format.
[    3.584551][    T0] Freeing SMP alternatives memory: 124K
[    3.585523][    T0] pid_max: default: 32768 minimum: 301
[    3.587586][    T0] LSM: initializing lsm=lockdown,capability,landlock,yama,safesetid,tomoyo,apparmor,bpf,ima,evm
[    3.589687][    T0] landlock: Up and running.
[    3.590000][    T0] Yama: becoming mindful.
[    3.591203][    T0] TOMOYO Linux initialized
[    3.593556][    T0] AppArmor: AppArmor initialized
[    3.594486][    T0] LSM support for eBPF active
[    3.596885][    T0] Mount-cache hash table entries: 4096 (order: 3, 32768 bytes, linear)
[    3.598248][    T0] Mountpoint-cache hash table entries: 4096 (order: 3, 32768 bytes, linear)
[    3.618093][    T0] Running RCU synchronous self tests
[    3.618968][    T0] Running RCU synchronous self tests
[    3.622552][    T1] smpboot: CPU0: AMD Ryzen Threadripper PRO 3975WX 32-Cores (family: 0x17, model: 0x31, stepping: 0x0)
[    3.654717][    T1] Running RCU Tasks wait API self tests
[    3.760875][    T1] Running RCU Tasks Trace wait API self tests
[    3.763872][    T1] Performance Events: Fam17h+ core perfctr, AMD PMU driver.
[    3.767090][    T1] ... version:                0
[    3.768940][    T1] ... bit width:              48
[    3.770012][    T1] ... generic registers:      6
[    3.771810][    T1] ... value mask:             0000ffffffffffff
[    3.774119][    T1] ... max period:             00007fffffffffff
[    3.776434][    T1] ... fixed-purpose events:   0
[    3.778237][    T1] ... event mask:             000000000000003f
[    3.780109][   T15] Callback from call_rcu_tasks_trace() invoked.
[    3.784582][    T1] signal: max sigframe size: 1776
[    3.787708][    T1] rcu: Hierarchical SRCU implementation.
[    3.789462][    T1] rcu: 	Max phase no-delay instances is 1000.
[    3.792033][    T1] Timer migration: 1 hierarchy levels; 8 children per group; 1 crossnode level
[    3.897249][    T1] smp: Bringing up secondary CPUs ...
[    3.914333][    T1] smpboot: x86: Booting SMP configuration:
[    3.916865][    T1] .... node  #0, CPUs:      #1
[    3.920299][    T1] smp: Brought up 1 node, 2 CPUs
[    3.922348][    T1] smpboot: Total of 2 processors activated (13973.74 BogoMIPS)
[    3.931182][    T1] Memory: 1296248K/2096632K available (167936K kernel code, 40190K rwdata, 38000K rodata, 26288K init, 121016K bss, 789520K reserved, 0K cma-reserved)
[    3.943040][    T1] devtmpfs: initialized
[    3.944016][    T1] x86/mm: Memory block size: 128MB
[    3.980353][   T14] Callback from call_rcu_tasks() invoked.
[    4.003183][    T1] Running RCU synchronous self tests
[    4.005217][    T1] Running RCU synchronous self tests
[    4.010122][    T1] clocksource: jiffies: mask: 0xffffffff max_cycles: 0xffffffff, max_idle_ns: 19112604462750000 ns
[    4.010122][    T1] futex hash table entries: 512 (order: 4, 65536 bytes, linear)
[    4.030637][    T1] PM: RTC time: 05:32:18, date: 2026-05-26
[    4.049663][    T1] NET: Registered PF_NETLINK/PF_ROUTE protocol family
[    4.062856][    T1] audit: initializing netlink subsys (disabled)
[    4.071749][   T29] audit: type=2000 audit(1779773538.551:1): state=initialized audit_enabled=0 res=1
[    4.086155][    T1] thermal_sys: Registered thermal governor 'step_wise'
[    4.086181][    T1] thermal_sys: Registered thermal governor 'user_space'
[    4.088037][    T1] cpuidle: using governor menu
[    4.090706][    T1] NET: Registered PF_QIPCRTR protocol family
[    4.101173][    T1] dca service started, version 1.12.1
[    4.103989][    T1] PCI: Using configuration type 1 for base access
[    4.105528][    T1] PCI: Using configuration type 1 for extended access
[    4.115302][    T1] HugeTLB: registered 1.00 GiB page size, pre-allocated 0 pages
[    4.118081][    T1] HugeTLB: 16380 KiB vmemmap can be freed for a 1.00 GiB page
[    4.120019][    T1] HugeTLB: registered 2.00 MiB page size, pre-allocated 0 pages
[    4.122685][    T1] HugeTLB: 28 KiB vmemmap can be freed for a 2.00 MiB page
[    4.160048][    T1] cryptd: max_cpu_qlen set to 1000
[    4.177950][    T1] raid6: skipped pq benchmark and selected avx2x4
[    4.180008][    T1] raid6: using avx2x2 recovery algorithm
[    4.187248][    T1] ACPI: Added _OSI(Module Device)
[    4.189116][    T1] ACPI: Added _OSI(Processor Device)
[    4.190884][    T1] ACPI: Added _OSI(3.0 _SCP Extensions)
[    4.193231][    T1] ACPI: Added _OSI(Processor Aggregator Device)
[    4.502291][    T1] ACPI: 1 ACPI AML tables successfully acquired and loaded
[    4.567926][    T1] ACPI: Interpreter enabled
[    4.571122][    T1] ACPI: PM: (supports S0 S3 S4 S5)
[    4.573113][    T1] ACPI: Using IOAPIC for interrupt routing
[    4.576086][    T1] PCI: Using host bridge windows from ACPI; if necessary, use "pci=nocrs" and report a bug
[    4.579580][    T1] PCI: Using E820 reservations for host bridge windows
[    4.596632][    T1] ACPI: Enabled 2 GPEs in block 00 to 0F
[    5.171391][    T1] ACPI: PCI Root Bridge [PCI0] (domain 0000 [bus 00-ff])
[    5.174324][    T1] acpi PNP0A03:00: _OSC: OS supports [ExtendedConfig ASPM ClockPM Segments MSI HPX-Type3]
[    5.189604][    T1] PCI host bridge to bus 0000:00
[    5.191090][    T1] pci_bus 0000:00: root bus resource [io  0x0000-0x0cf7 window]
[    5.193896][    T1] pci_bus 0000:00: root bus resource [io  0x0d00-0xffff window]
[    5.196703][    T1] pci_bus 0000:00: root bus resource [mem 0x000a0000-0x000bffff window]
[    5.199836][    T1] pci_bus 0000:00: root bus resource [mem 0x80000000-0xfebfffff window]
[    5.200070][    T1] pci_bus 0000:00: root bus resource [mem 0x100000000-0x17fffffff window]
[    5.203110][    T1] pci_bus 0000:00: root bus resource [bus 00-ff]
[    5.206542][    T1] pci 0000:00:00.0: [8086:1237] type 00 class 0x060000 conventional PCI endpoint
[    5.414056][    T1] pci 0000:00:01.0: [8086:7000] type 00 class 0x060100 conventional PCI endpoint
[    5.617490][    T1] pci 0000:00:01.1: [8086:7010] type 00 class 0x010180 conventional PCI endpoint
[    5.622176][    T1] pci 0000:00:01.1: BAR 4 [io  0xc000-0xc00f]
[    5.625298][    T1] pci 0000:00:01.1: BAR 0 [io  0x01f0-0x01f7]: legacy IDE quirk
[    5.627993][    T1] pci 0000:00:01.1: BAR 1 [io  0x03f6]: legacy IDE quirk
[    5.630622][    T1] pci 0000:00:01.1: BAR 2 [io  0x0170-0x0177]: legacy IDE quirk
[    5.633323][    T1] pci 0000:00:01.1: BAR 3 [io  0x0376]: legacy IDE quirk
[    5.640137][    T1] pci 0000:00:01.3: [8086:7113] type 00 class 0x068000 conventional PCI endpoint
[    5.644429][    T1] pci 0000:00:01.3: quirk: [io  0x0600-0x063f] claimed by PIIX4 ACPI
[    5.647317][    T1] pci 0000:00:01.3: quirk: [io  0x0700-0x070f] claimed by PIIX4 SMB
[    5.653927][    T1] pci 0000:00:02.0: [1234:1111] type 00 class 0x030000 conventional PCI endpoint
[    5.660476][    T1] pci 0000:00:02.0: BAR 0 [mem 0xfd000000-0xfdffffff pref]
[    5.665373][    T1] pci 0000:00:02.0: BAR 2 [mem 0xfebf0000-0xfebf0fff]
[    5.673253][    T1] pci 0000:00:02.0: ROM [mem 0xfebe0000-0xfebeffff pref]
[    5.676485][    T1] pci 0000:00:02.0: Video device with shadowed ROM at [mem 0x000c0000-0x000dffff]
[    5.928301][    T1] ACPI: PCI: Interrupt link LNKA configured for IRQ 10
[    5.947982][    T1] ACPI: PCI: Interrupt link LNKB configured for IRQ 10
[    5.967843][    T1] ACPI: PCI: Interrupt link LNKC configured for IRQ 11
[    5.988058][    T1] ACPI: PCI: Interrupt link LNKD configured for IRQ 11
[    5.996938][    T1] ACPI: PCI: Interrupt link LNKS configured for IRQ 9
[    6.060042][    T1] iommu: Default domain type: Translated
[    6.062094][    T1] iommu: DMA domain TLB invalidation policy: lazy mode
[    6.079602][    T1] SCSI subsystem initialized
[    6.089413][    T1] ACPI: bus type USB registered
[    6.091527][    T1] usbcore: registered new interface driver usbfs
[    6.094574][    T1] usbcore: registered new interface driver hub
[    6.097370][    T1] usbcore: registered new device driver usb
[    6.104629][    T1] mc: Linux media interface: v0.10
[    6.106955][    T1] videodev: Linux video capture interface: v2.00
[    6.111763][    T1] pps_core: LinuxPPS API ver. 1 registered
[    6.113783][    T1] pps_core: Software ver. 5.3.6 - Copyright 2005-2007 Rodolfo Giometti <giometti@linux.it>
[    6.117565][    T1] PTP clock support registered
[    6.121305][    T1] EDAC MC: Ver: 3.0.0
[    6.135669][    T1] Advanced Linux Sound Architecture Driver Initialized.
[    6.153388][    T1] Bluetooth: Core ver 2.22
[    6.155426][    T1] NET: Registered PF_BLUETOOTH protocol family
[    6.157550][    T1] Bluetooth: HCI device and connection manager initialized
[    6.160147][    T1] Bluetooth: HCI socket layer initialized
[    6.162147][    T1] Bluetooth: L2CAP socket layer initialized
[    6.164447][    T1] Bluetooth: SCO socket layer initialized
[    6.166626][    T1] NET: Registered PF_ATMPVC protocol family
[    6.168660][    T1] NET: Registered PF_ATMSVC protocol family
[    6.170932][    T1] NetLabel: Initializing
[    6.172392][    T1] NetLabel:  domain hash size = 128
[    6.174171][    T1] NetLabel:  protocols = UNLABELED CIPSOv4 CALIPSO
[    6.177863][    T1] NetLabel:  unlabeled traffic allowed by default
[    6.186286][    T1] nfc: nfc_init: NFC Core ver 0.1
[    6.189119][    T1] NET: Registered PF_NFC protocol family
[    6.190325][    T1] PCI: Using ACPI for IRQ routing
[    6.194224][    T1] pci 0000:00:02.0: vgaarb: setting as boot VGA device
[    6.196742][    T1] pci 0000:00:02.0: vgaarb: bridge control possible
[    6.199029][    T1] pci 0000:00:02.0: vgaarb: VGA device added: decodes=io+mem,owns=io+mem,locks=none
[    6.200039][    T1] vgaarb: loaded
[    6.203985][    T1] hpet0: at MMIO 0xfed00000, IRQs 2, 8, 0
[    6.206130][    T1] hpet0: 3 comparators, 64-bit 100.000000 MHz counter
[    6.212847][    T1] clocksource: Switched to clocksource kvm-clock
[    6.225170][    T1] VFS: Disk quotas dquot_6.6.0
[    6.227108][    T1] VFS: Dquot-cache hash table entries: 512 (order 0, 4096 bytes)
[    6.242357][    T1] netfs: FS-Cache loaded
[    6.247545][    T1] CacheFiles: Loaded
[    6.250917][    T1] TOMOYO: 2.6.0
[    6.252378][    T1] Mandatory Access Control activated.
[    6.267012][    T1] AppArmor: AppArmor Filesystem Enabled
[    6.270601][    T1] pnp: PnP ACPI init
[    6.323042][    T1] pnp: PnP ACPI: found 6 devices
[    6.491797][    T1] clocksource: acpi_pm: mask: 0xffffff max_cycles: 0xffffff, max_idle_ns: 2085701024 ns
[    6.504830][    T1] NET: Registered PF_INET protocol family
[    6.510387][    T1] IP idents hash table entries: 32768 (order: 6, 262144 bytes, linear)
[    6.525444][    T1] tcp_listen_portaddr_hash hash table entries: 1024 (order: 4, 73728 bytes, linear)
[    6.529112][    T1] Table-perturb hash table entries: 65536 (order: 6, 262144 bytes, linear)
[    6.533279][    T1] TCP established hash table entries: 16384 (order: 5, 131072 bytes, linear)
[    6.543420][    T1] TCP bind hash table entries: 16384 (order: 9, 2359296 bytes, linear)
[    6.549700][    T1] TCP: Hash tables configured (established 16384 bind 16384)
[    6.555524][    T1] MPTCP token hash table entries: 2048 (order: 5, 180224 bytes, linear)
[    6.559168][    T1] UDP hash table entries: 1024 (order: 5, 163840 bytes, linear)
[    6.567289][    T1] UDP-Lite hash table entries: 1024 (order: 5, 163840 bytes, linear)
[    6.573460][    T1] NET: Registered PF_UNIX/PF_LOCAL protocol family
[    6.583386][    T1] RPC: Registered named UNIX socket transport module.
[    6.586219][    T1] RPC: Registered udp transport module.
[    6.588199][    T1] RPC: Registered tcp transport module.
[    6.590195][    T1] RPC: Registered tcp-with-tls transport module.
[    6.592587][    T1] RPC: Registered tcp NFSv4.1 backchannel transport module.
[    6.604043][    T1] NET: Registered PF_XDP protocol family
[    6.606162][    T1] pci_bus 0000:00: resource 4 [io  0x0000-0x0cf7 window]
[    6.608726][    T1] pci_bus 0000:00: resource 5 [io  0x0d00-0xffff window]
[    6.611205][    T1] pci_bus 0000:00: resource 6 [mem 0x000a0000-0x000bffff window]
[    6.614195][    T1] pci_bus 0000:00: resource 7 [mem 0x80000000-0xfebfffff window]
[    6.616962][    T1] pci_bus 0000:00: resource 8 [mem 0x100000000-0x17fffffff window]
[    6.623943][    T1] pci 0000:00:01.0: PIIX3: Enabling Passive Release
[    6.626303][    T1] pci 0000:00:00.0: Limiting direct PCI/PCI transfers
[    6.628999][    T1] PCI: CLS 0 bytes, default 64
[    6.642380][    T1] ACPI: bus type thunderbolt registered
[    6.647136][    T1] kvm_intel: VMX not supported by CPU 1
[    6.650032][    T1] kvm_amd: Nested Virtualization enabled
[    6.660313][   T51] Trying to unpack rootfs image as initramfs...
[    6.662889][    T1] kvm_amd: Nested Paging enabled
[    7.224500][   T51] Freeing initrd memory: 1412K
[    7.228004][   T72] kworker/u8:4 (72) used greatest stack depth: 27504 bytes left
[    7.230718][   T80] kworker/u8:4 (80) used greatest stack depth: 27248 bytes left
[   19.171637][    T1] Initialise system trusted keyrings
[   19.178142][    T1] workingset: timestamp_bits=40 max_order=19 bucket_order=0
[   19.193876][    T1] DLM installed
[   19.205389][    T1] squashfs: version 4.0 (2009/01/31) Phillip Lougher
[   19.219973][    T1] NFS: Registering the id_resolver key type
[   19.224204][    T1] Key type id_resolver registered
[   19.228323][    T1] Key type id_legacy registered
[   19.230792][    T1] nfs4filelayout_init: NFSv4 File Layout Driver Registering...
[   19.238666][    T1] nfs4flexfilelayout_init: NFSv4 Flexfile Layout Driver Registering...
[   19.270406][    T1] Key type cifs.spnego registered
[   19.272089][    T1] Key type cifs.idmap registered
[   19.276172][    T1] ntfs3: Enabled Linux POSIX ACLs support
[   19.278327][    T1] ntfs3: Read-only LZX/Xpress compression included
[   19.281078][    T1] efs: 1.0a - http://aeschi.ch.eu.org/efs/
[   19.283606][    T1] jffs2: version 2.2. (NAND) (SUMMARY)  © 2001-2006 Red Hat, Inc.
[   19.288133][    T1] romfs: ROMFS MTD (C) 2007 Red Hat, Inc.
[   19.290025][    T1] QNX4 filesystem 0.2.3 registered.
[   19.291751][    T1] qnx6: QNX6 filesystem 1.0.0 registered.
[   19.294727][    T1] fuse: init (API version 7.40)
[   19.301447][    T1] orangefs_debugfs_init: called with debug mask: :none: :0:
[   19.306019][    T1] orangefs_init: module version upstream loaded
[   19.309973][    T1] JFS: nTxBlock = 8192, nTxLock = 65536
[   19.351860][    T1] SGI XFS with ACLs, security attributes, realtime, quota, no debug enabled
[   19.362086][    T1] 9p: Installing v9fs 9p2000 file system support
[   19.365300][    T1] NILFS version 2 loaded
[   19.366978][    T1] befs: version: 0.9.3
[   19.369668][    T1] ocfs2: Registered cluster interface o2cb
[   19.373442][    T1] ocfs2: Registered cluster interface user
[   19.376781][    T1] OCFS2 User DLM kernel interface loaded
[   19.429947][    T1] gfs2: GFS2 installed
[   19.479615][    T1] ceph: loaded (mds proto 32)
[   19.538762][    T1] NET: Registered PF_ALG protocol family
[   19.540100][    T1] xor: automatically using best checksumming function   avx       
[   19.542462][    T1] async_tx: api initialized (async)
[   19.543477][    T1] Key type asymmetric registered
[   19.544848][    T1] Asymmetric key parser 'x509' registered
[   19.545914][    T1] Asymmetric key parser 'pkcs8' registered
[   19.546898][    T1] Key type pkcs7_test registered
[   19.548582][    T1] Block layer SCSI generic (bsg) driver version 0.4 loaded (major 238)
[   19.551889][    T1] io scheduler mq-deadline registered
[   19.552833][    T1] io scheduler kyber registered
[   19.554001][    T1] io scheduler bfq registered
[   19.587042][    T1] input: Power Button as /devices/LNXSYSTM:00/LNXPWRBN:00/input/input0
[   19.598121][    T1] ACPI: button: Power Button [PWRF]
[   19.619533][    T1] ioatdma: Intel(R) QuickData Technology Driver 5.00
[   20.783588][    T1] N_HDLC line discipline registered with maxframe=4096
[   20.786004][    T1] Serial: 8250/16550 driver, 4 ports, IRQ sharing enabled
[   20.796304][    T1] 00:04: ttyS0 at I/O 0x3f8 (irq = 4, base_baud = 115200) is a 16550A
[   20.857670][    T1] Non-volatile memory driver v1.3
[   20.859873][    T1] Linux agpgart interface v0.103
[   20.876578][    T1] usbcore: registered new interface driver xillyusb
[   20.891202][    T1] ACPI: bus type drm_connector registered
[   20.917000][    T1] [drm] Initialized vgem 1.0.0 for vgem on minor 0
[   20.939759][    T1] [drm] Initialized vkms 1.0.0 for vkms on minor 1
[   21.060692][    T1] Console: switching to colour frame buffer device 128x48
[   21.094013][    T1] platform vkms: [drm] fb0: vkmsdrmfb frame buffer device
[   21.099207][    T1] usbcore: registered new interface driver udl
[   21.106266][    T1] bochs-drm 0000:00:02.0: vgaarb: deactivate vga console
[   21.120137][    T1] [drm] Found bochs VGA, ID 0xb0c5.
[   21.122742][    T1] [drm] Framebuffer size 16384 kB @ 0xfd000000, mmio @ 0xfebf0000.
[   21.134037][    T1] [drm] Found EDID data blob.
[   21.147814][    T1] [drm] Initialized bochs-drm 1.0.0 for 0000:00:02.0 on minor 2
[   21.193632][    T1] fbcon: bochs-drmdrmfb (fb1) is primary device
[   21.193679][    T1] fbcon: Remapping primary device, fb1, to tty 1-63
[   41.327793][    T1] bochs-drm 0000:00:02.0: [drm] fb1: bochs-drmdrmfb frame buffer device
[   41.334033][    T1] usbcore: registered new interface driver gm12u320
[   41.339350][    T1] usbcore: registered new interface driver gud
[   41.531542][    T1] brd: module loaded
[   41.819094][    T1] loop: module loaded
[   42.208496][    T1] zram: Added device: zram0
[   42.239074][    T1] null_blk: disk nullb0 created
[   42.241117][    T1] null_blk: module loaded
[   42.244923][    T1] Guest personality initialized and is inactive
[   42.249911][    T1] VMCI host device registered (name=vmci, major=10, minor=118)
[   42.256116][    T1] Initialized host personality
[   42.258459][    T1] usbcore: registered new interface driver rtsx_usb
[   42.265130][    T1] usbcore: registered new interface driver viperboard
[   42.268857][    T1] usbcore: registered new interface driver dln2
[   42.273278][    T1] usbcore: registered new interface driver pn533_usb
[   42.289666][    T1] nfcsim 0.2 initialized
[   42.294010][    T1] usbcore: registered new interface driver port100
[   42.297732][    T1] usbcore: registered new interface driver nfcmrvl
[   42.316799][    T1] Loading iSCSI transport class v2.0-870.
[   42.338372][    T1] st: Version 20160209, fixed bufsize 32768, s/g segs 256
[   42.429757][    T1] scsi host0: ata_piix
[   42.440474][    T1] scsi host1: ata_piix
[   42.446376][    T1] ata1: PATA max MWDMA2 cmd 0x1f0 ctl 0x3f6 bmdma 0xc000 irq 14 lpm-pol 0
[   42.449722][    T1] ata2: PATA max MWDMA2 cmd 0x170 ctl 0x376 bmdma 0xc008 irq 15 lpm-pol 0
[   42.464476][    T1] Rounding down aligned max_sectors from 4294967295 to 4294967288
[   42.476066][    T1] db_root: cannot open: /etc/target
[   42.481319][    T1] slram: not enough parameters.
[   42.496282][    T1] ftl_cs: FTL header not found.
[   42.596508][    T1] wireguard: WireGuard 1.0.0 loaded. See www.wireguard.com for information.
[   42.600308][    T1] wireguard: Copyright (C) 2015-2019 Jason A. Donenfeld <Jason@zx2c4.com>. All Rights Reserved.
[   42.605155][    T1] eql: Equalizer2002: Simon Janes (simon@ncm.com) and David S. Miller (davem@redhat.com)
[   42.631927][ T1005] ata2: found unknown device (class 0)
[   42.636119][    T1] MACsec IEEE 802.1AE
[   42.641404][ T1005] ata2.00: ATAPI: QEMU DVD-ROM, 2.5+, max UDMA/100
[   42.692274][    T1] usbcore: registered new interface driver mvusb_mdio
[   42.695695][    T1] tun: Universal TUN/TAP device driver, 1.6
[   42.695957][   T43] scsi 1:0:0:0: CD-ROM            QEMU     QEMU DVD-ROM     2.5+ PQ: 0 ANSI: 5
[   42.707482][    T1] vcan: Virtual CAN interface driver
[   42.709658][    T1] vxcan: Virtual CAN Tunnel driver
[   42.722134][    T1] slcan: serial line CAN interface driver
[   42.724456][    T1] CAN device driver interface
[   42.726398][    T1] usbcore: registered new interface driver usb_8dev
[   42.728689][    T1] usbcore: registered new interface driver ems_usb
[   42.732233][    T1] usbcore: registered new interface driver esd_usb
[   42.735145][    T1] usbcore: registered new interface driver etas_es58x
[   42.738181][    T1] usbcore: registered new interface driver f81604
[   42.740439][    T1] usbcore: registered new interface driver gs_usb
[   42.743349][    T1] usbcore: registered new interface driver kvaser_usb
[   42.746003][    T1] usbcore: registered new interface driver mcba_usb
[   42.747840][    T1] usbcore: registered new interface driver peak_usb
[   42.749602][    T1] usbcore: registered new interface driver ucan
[   42.753590][    T1] e100: Intel(R) PRO/100 Network Driver
[   42.755702][    T1] e100: Copyright(c) 1999-2006 Intel Corporation
[   42.758640][    T1] e1000: Intel(R) PRO/1000 Network Driver
[   42.760920][    T1] e1000: Copyright (c) 1999-2006 Intel Corporation.
[   42.764150][    T1] e1000e: Intel(R) PRO/1000 Network Driver
[   42.766310][    T1] e1000e: Copyright(c) 1999 - 2015 Intel Corporation.
[   42.770737][    T1] mkiss: AX.25 Multikiss, Hans Albas PE1AYX
[   42.771999][    T1] AX.25: 6pack driver, Revision: 0.3.0
[   42.772958][    T1] AX.25: bpqether driver version 004
[   42.773948][    T1] PPP generic driver version 2.4.2
[   42.778690][    T1] PPP BSD Compression module registered
[   42.780933][    T1] PPP Deflate Compression module registered
[   42.784017][    T1] PPP MPPE Compression module registered
[   42.786178][    T1] NET: Registered PF_PPPOX protocol family
[   42.788466][    T1] PPTP driver version 0.8.5
[   42.790944][    T1] SLIP: version 0.8.4-NET3.019-NEWTTY (dynamic channels, max=256) (6 bit encapsulation enabled).
[   42.795805][    T1] CSLIP: code copyright 1989 Regents of the University of California.
[   42.798781][    T1] SLIP linefill/keepalive option.
[   42.800830][    T1] hdlc: HDLC support module revision 1.22
[   42.803155][    T1] LAPB Ethernet driver version 0.02
[   42.807071][    T1] usbcore: registered new interface driver ath9k_htc
[   42.809351][    T1] usbcore: registered new interface driver carl9170
[   42.812175][    T1] usbcore: registered new interface driver ath6kl_usb
[   42.815680][   T43] sr 1:0:0:0: [sr0] scsi3-mmc drive: 4x/4x cd/rw xa/form2 tray
[   42.816849][    T1] usbcore: registered new interface driver ar5523
[   42.819342][   T43] cdrom: Uniform CD-ROM driver Revision: 3.20
[   42.821170][    T1] usbcore: registered new interface driver ath10k_usb
[   42.823762][    T1] usbcore: registered new interface driver plfxlc
[   42.827388][    T1] mac80211_hwsim: initializing netlink
[   42.926448][    T1] usbcore: registered new interface driver atusb
[   42.927426][   T43] sr 1:0:0:0: Attached scsi generic sg0 type 5
[   42.969061][    T1] mac802154_hwsim mac802154_hwsim: Added 2 mac802154 hwsim hardware radios
[   42.974395][    T1] VMware vmxnet3 virtual NIC driver - version 1.9.0.0-k-NAPI
[   42.976909][    T1] usbcore: registered new interface driver catc
[   42.978364][    T1] usbcore: registered new interface driver kaweth
[   42.979992][    T1] pegasus: Pegasus/Pegasus II USB Ethernet driver
[   42.983193][    T1] usbcore: registered new interface driver pegasus
[   42.986178][    T1] usbcore: registered new interface driver rtl8150
[   42.989130][    T1] usbcore: registered new device driver r8152-cfgselector
[   42.993137][    T1] usbcore: registered new interface driver r8152
[   42.996215][    T1] usbcore: registered new interface driver hso
[   42.998992][    T1] usbcore: registered new interface driver lan78xx
[   43.002025][    T1] usbcore: registered new interface driver asix
[   43.006153][    T1] usbcore: registered new interface driver ax88179_178a
[   43.010621][    T1] usbcore: registered new interface driver cdc_ether
[   43.013710][    T1] usbcore: registered new interface driver cdc_eem
[   43.016506][    T1] usbcore: registered new interface driver dm9601
[   43.019476][    T1] usbcore: registered new interface driver sr9700
[   43.022317][    T1] usbcore: registered new interface driver CoreChips
[   43.025328][    T1] usbcore: registered new interface driver smsc75xx
[   43.028349][    T1] usbcore: registered new interface driver smsc95xx
[   43.032271][    T1] usbcore: registered new interface driver gl620a
[   43.035263][    T1] usbcore: registered new interface driver net1080
[   43.037509][    T1] usbcore: registered new interface driver plusb
[   43.039028][    T1] usbcore: registered new interface driver rndis_host
[   43.044055][    T1] usbcore: registered new interface driver cdc_subset
[   43.047179][    T1] usbcore: registered new interface driver zaurus
[   43.049328][    T1] usbcore: registered new interface driver MOSCHIP usb-ethernet driver
[   43.051181][    T1] usbcore: registered new interface driver int51x1
[   43.053284][    T1] usbcore: registered new interface driver cdc_phonet
[   43.054874][    T1] usbcore: registered new interface driver kalmia
[   43.056384][    T1] usbcore: registered new interface driver ipheth
[   43.057798][    T1] usbcore: registered new interface driver sierra_net
[   43.059892][    T1] usbcore: registered new interface driver cx82310_eth
[   43.063246][    T1] usbcore: registered new interface driver cdc_ncm
[   43.066235][    T1] usbcore: registered new interface driver huawei_cdc_ncm
[   43.069509][    T1] usbcore: registered new interface driver lg-vl600
[   43.072666][    T1] usbcore: registered new interface driver qmi_wwan
[   43.075559][    T1] usbcore: registered new interface driver cdc_mbim
[   43.078138][    T1] usbcore: registered new interface driver ch9200
[   43.081136][    T1] usbcore: registered new interface driver aqc111
[   43.083883][    T1] usbcore: registered new interface driver r8153_ecm
[   43.099133][    T1] VFIO - User Level meta-driver version: 0.3
[   43.118378][    T1] aoe: AoE v85 initialised.
[   43.146069][    T1] SPI driver max3421-hcd has no spi_device_id for maxim,max3421
[   43.150603][    T1] usbcore: registered new interface driver cdc_acm
[   43.156132][    T1] cdc_acm: USB Abstract Control Model driver for USB modems and ISDN adapters
[   43.160534][    T1] usbcore: registered new interface driver usblp
[   43.168289][    T1] usbcore: registered new interface driver cdc_wdm
[   43.171181][    T1] usbcore: registered new interface driver usbtmc
[   43.178763][    T1] usbcore: registered new interface driver uas
[   43.181598][    T1] usbcore: registered new interface driver usb-storage
[   43.189899][    T1] usbcore: registered new interface driver ums-alauda
[   43.194160][    T1] usbcore: registered new interface driver ums-cypress
[   43.198548][    T1] usbcore: registered new interface driver ums-datafab
[   43.202084][    T1] usbcore: registered new interface driver ums_eneub6250
[   43.203903][    T1] usbcore: registered new interface driver ums-freecom
[   43.206254][    T1] usbcore: registered new interface driver ums-isd200
[   43.208016][    T1] usbcore: registered new interface driver ums-jumpshot
[   43.209775][    T1] usbcore: registered new interface driver ums-karma
[   43.211347][    T1] usbcore: registered new interface driver ums-onetouch
[   43.213158][    T1] usbcore: registered new interface driver ums-realtek
[   43.214839][    T1] usbcore: registered new interface driver ums-sddr09
[   43.217280][    T1] usbcore: registered new interface driver ums-sddr55
[   43.220137][    T1] usbcore: registered new interface driver ums-usbat
[   43.224292][    T1] usbcore: registered new interface driver mdc800
[   43.225359][    T1] mdc800: v0.7.5 (30/10/2000):USB Driver for Mustek MDC800 Digital Camera
[   43.227264][    T1] usbcore: registered new interface driver microtekX6
[   43.229649][    T1] usbcore: registered new interface driver usbserial_generic
[   43.232304][    T1] usbserial: USB Serial support registered for generic
[   43.234138][    T1] usbcore: registered new interface driver aircable
[   43.235683][    T1] usbserial: USB Serial support registered for aircable
[   43.237437][    T1] usbcore: registered new interface driver ark3116
[   43.238944][    T1] usbserial: USB Serial support registered for ark3116
[   43.240637][    T1] usbcore: registered new interface driver belkin_sa
[   43.243050][    T1] usbserial: USB Serial support registered for Belkin / Peracom / GoHubs USB Serial Adapter
[   43.249622][    T1] usbcore: registered new interface driver ch341
[   43.252791][    T1] usbserial: USB Serial support registered for ch341-uart
[   43.254465][    T1] usbcore: registered new interface driver cp210x
[   43.255946][    T1] usbserial: USB Serial support registered for cp210x
[   43.257441][    T1] usbcore: registered new interface driver cyberjack
[   43.258842][    T1] usbserial: USB Serial support registered for Reiner SCT Cyberjack USB card reader
[   43.261306][    T1] usbcore: registered new interface driver cypress_m8
[   43.263640][    T1] usbserial: USB Serial support registered for DeLorme Earthmate USB
[   43.266286][    T1] usbserial: USB Serial support registered for HID->COM RS232 Adapter
[   43.271141][    T1] usbserial: USB Serial support registered for Nokia CA-42 V2 Adapter
[   43.280286][    T1] usbcore: registered new interface driver usb_debug
[   43.284574][    T1] usbserial: USB Serial support registered for debug
[   43.286072][    T1] usbserial: USB Serial support registered for xhci_dbc
[   43.290893][    T1] usbcore: registered new interface driver digi_acceleport
[   43.294556][    T1] usbserial: USB Serial support registered for Digi 2 port USB adapter
[   43.296268][ T1342] kworker/u8:4 (1342) used greatest stack depth: 27120 bytes left
[   43.298157][    T1] usbserial: USB Serial support registered for Digi 4 port USB adapter
[   43.301811][    T1] usbcore: registered new interface driver io_edgeport
[   43.305392][    T1] usbserial: USB Serial support registered for Edgeport 2 port adapter
[   43.309438][    T1] usbserial: USB Serial support registered for Edgeport 4 port adapter
[   43.313549][    T1] usbserial: USB Serial support registered for Edgeport 8 port adapter
[   43.317375][    T1] usbserial: USB Serial support registered for EPiC device
[   43.320833][    T1] usbcore: registered new interface driver io_ti
[   43.324066][    T1] usbserial: USB Serial support registered for Edgeport TI 1 port adapter
[   43.328074][    T1] usbserial: USB Serial support registered for Edgeport TI 2 port adapter
[   43.332470][    T1] usbcore: registered new interface driver empeg
[   43.335566][    T1] usbserial: USB Serial support registered for empeg
[   43.339046][    T1] usbcore: registered new interface driver f81534a_ctrl
[   43.342719][    T1] usbcore: registered new interface driver f81232
[   43.345850][    T1] usbserial: USB Serial support registered for f81232
[   43.349034][    T1] usbserial: USB Serial support registered for f81534a
[   43.352407][    T1] usbcore: registered new interface driver f81534
[   43.355546][    T1] usbserial: USB Serial support registered for Fintek F81532/F81534
[   43.360702][    T1] usbcore: registered new interface driver ftdi_sio
[   43.365818][    T1] usbserial: USB Serial support registered for FTDI USB Serial Device
[   43.371275][    T1] usbcore: registered new interface driver garmin_gps
[   43.375858][    T1] usbserial: USB Serial support registered for Garmin GPS usb/tty
[   43.383459][    T1] usbcore: registered new interface driver ipaq
[   43.387282][    T1] usbserial: USB Serial support registered for PocketPC PDA
[   43.389013][    T1] usbcore: registered new interface driver ipw
[   43.390336][    T1] usbserial: USB Serial support registered for IPWireless converter
[   43.394123][    T1] usbcore: registered new interface driver ir_usb
[   43.395498][    T1] usbserial: USB Serial support registered for IR Dongle
[   43.397223][    T1] usbcore: registered new interface driver iuu_phoenix
[   43.398780][    T1] usbserial: USB Serial support registered for iuu_phoenix
[   43.400781][    T1] usbcore: registered new interface driver keyspan
[   43.403002][    T1] usbserial: USB Serial support registered for Keyspan - (without firmware)
[   43.406033][    T1] usbserial: USB Serial support registered for Keyspan 1 port adapter
[   43.408197][    T1] usbserial: USB Serial support registered for Keyspan 2 port adapter
[   43.410245][    T1] usbserial: USB Serial support registered for Keyspan 4 port adapter
[   43.412668][    T1] usbcore: registered new interface driver keyspan_pda
[   43.414758][    T1] usbserial: USB Serial support registered for Keyspan PDA
[   43.418007][    T1] usbserial: USB Serial support registered for Keyspan PDA - (prerenumeration)
[   43.422676][    T1] usbcore: registered new interface driver kl5kusb105
[   43.426239][    T1] usbserial: USB Serial support registered for KL5KUSB105D / PalmConnect
[   43.429706][    T1] usbcore: registered new interface driver kobil_sct
[   43.433603][    T1] usbserial: USB Serial support registered for KOBIL USB smart card terminal
[   43.437838][    T1] usbcore: registered new interface driver mct_u232
[   43.441342][    T1] usbserial: USB Serial support registered for MCT U232
[   43.444523][    T1] usbcore: registered new interface driver metro_usb
[   43.447492][    T1] usbserial: USB Serial support registered for Metrologic USB to Serial
[   43.451116][    T1] usbcore: registered new interface driver mos7720
[   43.454760][    T1] usbserial: USB Serial support registered for Moschip 2 port adapter
[   43.458071][    T1] usbcore: registered new interface driver mos7840
[   43.460635][    T1] usbserial: USB Serial support registered for Moschip 7840/7820 USB Serial Driver
[   43.464672][    T1] usbcore: registered new interface driver mxuport
[   43.467259][    T1] usbserial: USB Serial support registered for MOXA UPort
[   43.470058][    T1] usbcore: registered new interface driver navman
[   43.473687][    T1] usbserial: USB Serial support registered for navman
[   43.476762][    T1] usbcore: registered new interface driver omninet
[   43.479516][    T1] usbserial: USB Serial support registered for ZyXEL - omni.net usb
[   43.483012][    T1] usbcore: registered new interface driver opticon
[   43.485555][    T1] usbserial: USB Serial support registered for opticon
[   43.487925][    T1] usbcore: registered new interface driver option
[   43.489283][    T1] usbserial: USB Serial support registered for GSM modem (1-port)
[   43.491113][    T1] usbcore: registered new interface driver oti6858
[   43.492627][    T1] usbserial: USB Serial support registered for oti6858
[   43.494156][    T1] usbcore: registered new interface driver pl2303
[   43.495495][    T1] usbserial: USB Serial support registered for pl2303
[   43.496779][    T1] usbcore: registered new interface driver qcaux
[   43.497997][    T1] usbserial: USB Serial support registered for qcaux
[   43.499490][    T1] usbcore: registered new interface driver qcserial
[   43.501129][    T1] usbserial: USB Serial support registered for Qualcomm USB modem
[   43.502749][    T1] usbcore: registered new interface driver quatech2
[   43.504206][    T1] usbserial: USB Serial support registered for Quatech 2nd gen USB to Serial Driver
[   43.506143][    T1] usbcore: registered new interface driver safe_serial
[   43.507580][    T1] usbserial: USB Serial support registered for safe_serial
[   43.509147][    T1] usbcore: registered new interface driver sierra
[   43.510470][    T1] usbserial: USB Serial support registered for Sierra USB modem
[   43.512174][    T1] usbcore: registered new interface driver usb_serial_simple
[   43.514417][    T1] usbserial: USB Serial support registered for carelink
[   43.515949][    T1] usbserial: USB Serial support registered for flashloader
[   43.517366][    T1] usbserial: USB Serial support registered for funsoft
[   43.518631][    T1] usbserial: USB Serial support registered for google
[   43.519959][    T1] usbserial: USB Serial support registered for hp4x
[   43.521223][    T1] usbserial: USB Serial support registered for kaufmann
[   43.522659][    T1] usbserial: USB Serial support registered for libtransistor
[   43.524140][    T1] usbserial: USB Serial support registered for moto_modem
[   43.525469][    T1] usbserial: USB Serial support registered for motorola_tetra
[   43.527033][    T1] usbserial: USB Serial support registered for nokia
[   43.529974][    T1] usbserial: USB Serial support registered for novatel_gps
[   43.532643][    T1] usbserial: USB Serial support registered for siemens_mpi
[   43.536032][    T1] usbserial: USB Serial support registered for suunto
[   43.540039][    T1] usbserial: USB Serial support registered for vivopay
[   43.543200][    T1] usbserial: USB Serial support registered for zio
[   43.545566][    T1] usbcore: registered new interface driver spcp8x5
[   43.548093][    T1] usbserial: USB Serial support registered for SPCP8x5
[   43.550867][    T1] usbcore: registered new interface driver ssu100
[   43.552961][    T1] usbserial: USB Serial support registered for Quatech SSU-100 USB to Serial Driver
[   43.554939][    T1] usbcore: registered new interface driver symbolserial
[   43.557047][    T1] usbserial: USB Serial support registered for symbol
[   43.559086][    T1] usbcore: registered new interface driver ti_usb_3410_5052
[   43.562306][    T1] usbserial: USB Serial support registered for TI USB 3410 1 port adapter
[   43.564463][    T1] usbserial: USB Serial support registered for TI USB 5052 2 port adapter
[   43.566795][    T1] usbcore: registered new interface driver upd78f0730
[   43.568262][    T1] usbserial: USB Serial support registered for upd78f0730
[   43.569658][    T1] usbcore: registered new interface driver visor
[   43.571012][    T1] usbserial: USB Serial support registered for Handspring Visor / Palm OS
[   43.573449][    T1] usbserial: USB Serial support registered for Sony Clie 5.0
[   43.574979][    T1] usbserial: USB Serial support registered for Sony Clie 3.5
[   43.576462][    T1] usbcore: registered new interface driver wishbone_serial
[   43.578394][    T1] usbserial: USB Serial support registered for wishbone_serial
[   43.580001][    T1] usbcore: registered new interface driver whiteheat
[   43.581371][    T1] usbserial: USB Serial support registered for Connect Tech - WhiteHEAT - (prerenumeration)
[   43.584497][    T1] usbserial: USB Serial support registered for Connect Tech - WhiteHEAT
[   43.586222][    T1] usbcore: registered new interface driver xr_serial
[   43.587467][    T1] usbserial: USB Serial support registered for xr_serial
[   43.588945][    T1] usbcore: registered new interface driver xsens_mt
[   43.590235][    T1] usbserial: USB Serial support registered for xsens_mt
[   43.591832][    T1] usbcore: registered new interface driver adutux
[   43.593142][    T1] usbcore: registered new interface driver appledisplay
[   43.594597][    T1] usbcore: registered new interface driver cypress_cy7c63
[   43.596787][    T1] usbcore: registered new interface driver cytherm
[   43.598289][    T1] usbcore: registered new interface driver emi26 - firmware loader
[   43.600314][    T1] usbcore: registered new interface driver emi62 - firmware loader
[   43.602707][    T1] usbcore: registered new device driver apple-mfi-fastcharge
[   43.604298][    T1] usbcore: registered new interface driver ljca
[   43.605545][    T1] usbcore: registered new interface driver idmouse
[   43.606808][    T1] usbcore: registered new interface driver iowarrior
[   43.608268][    T1] usbcore: registered new interface driver isight_firmware
[   43.610038][    T1] usbcore: registered new interface driver usblcd
[   43.611656][    T1] usbcore: registered new interface driver ldusb
[   43.613359][    T1] usbcore: registered new interface driver legousbtower
[   43.614991][    T1] usbcore: registered new interface driver usbtest
[   43.616631][    T1] usbcore: registered new interface driver usb_ehset_test
[   43.619251][    T1] usbcore: registered new interface driver trancevibrator
[   43.620983][    T1] usbcore: registered new interface driver uss720
[   43.622174][    T1] uss720: USB Parport Cable driver for Cables using the Lucent Technologies USS720 Chip
[   43.623726][    T1] uss720: NOTE: this is a special purpose driver to allow nonstandard
[   43.625008][    T1] uss720: protocols (eg. bitbang) over USS720 usb to parallel cables
[   43.626280][    T1] uss720: If you just want to connect to a printer, use usblp instead
[   43.628165][    T1] usbcore: registered new interface driver usbsevseg
[   43.629802][    T1] usbcore: registered new interface driver yurex
[   43.635678][    T1] usbcore: registered new interface driver chaoskey
[   43.637383][    T1] usbcore: registered new interface driver sisusb
[   43.638987][    T1] usbcore: registered new interface driver lvs
[   43.641438][    T1] usbcore: registered new interface driver cxacru
[   43.643745][    T1] usbcore: registered new interface driver speedtch
[   43.645325][    T1] usbcore: registered new interface driver ueagle-atm
[   43.646495][    T1] xusbatm: malformed module parameters
[   43.652870][    T1] dummy_hcd dummy_hcd.0: USB Host+Gadget Emulator, driver 02 May 2005
[   43.654547][    T1] dummy_hcd dummy_hcd.0: Dummy host controller
[   43.667881][    T1] dummy_hcd dummy_hcd.0: new USB bus registered, assigned bus number 1
[   43.677371][    T1] usb usb1: New USB device found, idVendor=1d6b, idProduct=0002, bcdDevice= 6.11
[   43.679240][    T1] usb usb1: New USB device strings: Mfr=3, Product=2, SerialNumber=1
[   43.680651][    T1] usb usb1: Product: Dummy host controller
[   43.688473][    T1] usb usb1: Manufacturer: Linux 6.11.0-rc7-00149-g0babf683783d-dirty dummy_hcd
[   43.692365][    T1] usb usb1: SerialNumber: dummy_hcd.0
[   43.710735][    T1] hub 1-0:1.0: USB hub found
[   43.715484][    T1] hub 1-0:1.0: 1 port detected
[   43.751305][    T1] SPI driver max3420-udc has no spi_device_id for maxim,max3421-udc
[   43.758227][    T1] gadgetfs: USB Gadget filesystem, version 24 Aug 2004
[   43.766203][    T1] vhci_hcd vhci_hcd.0: USB/IP Virtual Host Controller
[   43.772251][    T1] vhci_hcd vhci_hcd.0: new USB bus registered, assigned bus number 2
[   43.776182][    T1] vhci_hcd: created sysfs vhci_hcd.0
[   43.782212][    T1] usb usb2: New USB device found, idVendor=1d6b, idProduct=0002, bcdDevice= 6.11
[   43.784324][    T1] usb usb2: New USB device strings: Mfr=3, Product=2, SerialNumber=1
[   43.786091][    T1] usb usb2: Product: USB/IP Virtual Host Controller
[   43.787653][    T1] usb usb2: Manufacturer: Linux 6.11.0-rc7-00149-g0babf683783d-dirty vhci_hcd
[   43.789369][    T1] usb usb2: SerialNumber: vhci_hcd.0
[   43.802901][    T1] hub 2-0:1.0: USB hub found
[   43.804976][    T1] hub 2-0:1.0: 8 ports detected
[   43.844732][    T1] vhci_hcd vhci_hcd.0: USB/IP Virtual Host Controller
[   43.850864][    T1] vhci_hcd vhci_hcd.0: new USB bus registered, assigned bus number 3
[   43.857354][    T1] usb usb3: We don't know the algorithms for LPM for this host, disabling LPM.
[   43.865121][    T1] usb usb3: New USB device found, idVendor=1d6b, idProduct=0003, bcdDevice= 6.11
[   43.868963][    T1] usb usb3: New USB device strings: Mfr=3, Product=2, SerialNumber=1
[   43.872401][    T1] usb usb3: Product: USB/IP Virtual Host Controller
[   43.875126][    T1] usb usb3: Manufacturer: Linux 6.11.0-rc7-00149-g0babf683783d-dirty vhci_hcd
[   43.878716][    T1] usb usb3: SerialNumber: vhci_hcd.0
[   43.891499][    T1] hub 3-0:1.0: USB hub found
[   43.893367][    T1] hub 3-0:1.0: 8 ports detected
[   43.937923][    T1] vhci_hcd vhci_hcd.1: USB/IP Virtual Host Controller
[   43.942504][    T1] vhci_hcd vhci_hcd.1: new USB bus registered, assigned bus number 4
[   43.966451][    T1] usb usb4: New USB device found, idVendor=1d6b, idProduct=0002, bcdDevice= 6.11
[   43.970174][    T1] usb usb4: New USB device strings: Mfr=3, Product=2, SerialNumber=1
[   43.973474][    T1] usb usb4: Product: USB/IP Virtual Host Controller
[   43.976096][    T1] usb usb4: Manufacturer: Linux 6.11.0-rc7-00149-g0babf683783d-dirty vhci_hcd
[   43.978551][    T1] usb usb4: SerialNumber: vhci_hcd.1
[   43.989430][    T1] hub 4-0:1.0: USB hub found
[   43.991595][    T1] hub 4-0:1.0: 8 ports detected
[   44.023718][    T1] vhci_hcd vhci_hcd.1: USB/IP Virtual Host Controller
[   44.028890][    T1] vhci_hcd vhci_hcd.1: new USB bus registered, assigned bus number 5
[   44.033021][    T1] usb usb5: We don't know the algorithms for LPM for this host, disabling LPM.
[   44.038277][    T1] usb usb5: New USB device found, idVendor=1d6b, idProduct=0003, bcdDevice= 6.11
[   44.040222][    T1] usb usb5: New USB device strings: Mfr=3, Product=2, SerialNumber=1
[   44.041862][    T1] usb usb5: Product: USB/IP Virtual Host Controller
[   44.043524][    T1] usb usb5: Manufacturer: Linux 6.11.0-rc7-00149-g0babf683783d-dirty vhci_hcd
[   44.045105][    T1] usb usb5: SerialNumber: vhci_hcd.1
[   44.055764][    T1] hub 5-0:1.0: USB hub found
[   44.058402][    T1] hub 5-0:1.0: 8 ports detected
[   44.103223][    T1] vhci_hcd vhci_hcd.2: USB/IP Virtual Host Controller
[   44.108053][    T1] vhci_hcd vhci_hcd.2: new USB bus registered, assigned bus number 6
[   44.116513][    T1] usb usb6: New USB device found, idVendor=1d6b, idProduct=0002, bcdDevice= 6.11
[   44.120451][    T1] usb usb6: New USB device strings: Mfr=3, Product=2, SerialNumber=1
[   44.139616][    T1] usb usb6: Product: USB/IP Virtual Host Controller
[   44.144091][    T1] usb usb6: Manufacturer: Linux 6.11.0-rc7-00149-g0babf683783d-dirty vhci_hcd
[   44.147446][    T1] usb usb6: SerialNumber: vhci_hcd.2
[   44.159756][    T1] hub 6-0:1.0: USB hub found
[   44.162613][    T1] hub 6-0:1.0: 8 ports detected
[   44.200436][    T1] vhci_hcd vhci_hcd.2: USB/IP Virtual Host Controller
[   44.210526][    T1] vhci_hcd vhci_hcd.2: new USB bus registered, assigned bus number 7
[   44.213938][    T1] usb usb7: We don't know the algorithms for LPM for this host, disabling LPM.
[   44.223127][    T1] usb usb7: New USB device found, idVendor=1d6b, idProduct=0003, bcdDevice= 6.11
[   44.226918][    T1] usb usb7: New USB device strings: Mfr=3, Product=2, SerialNumber=1
[   44.230496][    T1] usb usb7: Product: USB/IP Virtual Host Controller
[   44.234700][    T1] usb usb7: Manufacturer: Linux 6.11.0-rc7-00149-g0babf683783d-dirty vhci_hcd
[   44.238410][    T1] usb usb7: SerialNumber: vhci_hcd.2
[   44.251409][    T1] hub 7-0:1.0: USB hub found
[   44.254553][    T1] hub 7-0:1.0: 8 ports detected
[   44.301866][    T1] vhci_hcd vhci_hcd.3: USB/IP Virtual Host Controller
[   44.316263][    T1] vhci_hcd vhci_hcd.3: new USB bus registered, assigned bus number 8
[   44.326049][    T1] usb usb8: New USB device found, idVendor=1d6b, idProduct=0002, bcdDevice= 6.11
[   44.329959][    T1] usb usb8: New USB device strings: Mfr=3, Product=2, SerialNumber=1
[   44.333680][    T1] usb usb8: Product: USB/IP Virtual Host Controller
[   44.336370][    T1] usb usb8: Manufacturer: Linux 6.11.0-rc7-00149-g0babf683783d-dirty vhci_hcd
[   44.340053][    T1] usb usb8: SerialNumber: vhci_hcd.3
[   44.356760][    T1] hub 8-0:1.0: USB hub found
[   44.362455][    T1] hub 8-0:1.0: 8 ports detected
[   44.416163][    T1] vhci_hcd vhci_hcd.3: USB/IP Virtual Host Controller
[   44.424562][    T1] vhci_hcd vhci_hcd.3: new USB bus registered, assigned bus number 9
[   44.427700][    T1] usb usb9: We don't know the algorithms for LPM for this host, disabling LPM.
[   44.435231][    T1] usb usb9: New USB device found, idVendor=1d6b, idProduct=0003, bcdDevice= 6.11
[   44.439082][    T1] usb usb9: New USB device strings: Mfr=3, Product=2, SerialNumber=1
[   44.443123][    T1] usb usb9: Product: USB/IP Virtual Host Controller
[   44.445893][    T1] usb usb9: Manufacturer: Linux 6.11.0-rc7-00149-g0babf683783d-dirty vhci_hcd
[   44.449543][    T1] usb usb9: SerialNumber: vhci_hcd.3
[   44.461864][    T1] hub 9-0:1.0: USB hub found
[   44.464915][    T1] hub 9-0:1.0: 8 ports detected
[   44.518011][    T1] vhci_hcd vhci_hcd.4: USB/IP Virtual Host Controller
[   44.522430][    T1] vhci_hcd vhci_hcd.4: new USB bus registered, assigned bus number 10
[   44.529277][    T1] usb usb10: New USB device found, idVendor=1d6b, idProduct=0002, bcdDevice= 6.11
[   44.532864][    T1] usb usb10: New USB device strings: Mfr=3, Product=2, SerialNumber=1
[   44.536107][    T1] usb usb10: Product: USB/IP Virtual Host Controller
[   44.538818][    T1] usb usb10: Manufacturer: Linux 6.11.0-rc7-00149-g0babf683783d-dirty vhci_hcd
[   44.542568][    T1] usb usb10: SerialNumber: vhci_hcd.4
[   44.553304][    T1] hub 10-0:1.0: USB hub found
[   44.557366][    T1] hub 10-0:1.0: 8 ports detected
[   44.598900][    T1] vhci_hcd vhci_hcd.4: USB/IP Virtual Host Controller
[   44.606701][    T1] vhci_hcd vhci_hcd.4: new USB bus registered, assigned bus number 11
[   44.612739][    T1] usb usb11: We don't know the algorithms for LPM for this host, disabling LPM.
[   44.620591][    T1] usb usb11: New USB device found, idVendor=1d6b, idProduct=0003, bcdDevice= 6.11
[   44.624487][    T1] usb usb11: New USB device strings: Mfr=3, Product=2, SerialNumber=1
[   44.627958][    T1] usb usb11: Product: USB/IP Virtual Host Controller
[   44.630776][    T1] usb usb11: Manufacturer: Linux 6.11.0-rc7-00149-g0babf683783d-dirty vhci_hcd
[   44.634640][    T1] usb usb11: SerialNumber: vhci_hcd.4
[   44.646501][    T1] hub 11-0:1.0: USB hub found
[   44.649006][    T1] hub 11-0:1.0: 8 ports detected
[   44.699046][    T1] vhci_hcd vhci_hcd.5: USB/IP Virtual Host Controller
[   44.707187][    T1] vhci_hcd vhci_hcd.5: new USB bus registered, assigned bus number 12
[   44.715520][    T1] usb usb12: New USB device found, idVendor=1d6b, idProduct=0002, bcdDevice= 6.11
[   44.719331][    T1] usb usb12: New USB device strings: Mfr=3, Product=2, SerialNumber=1
[   44.723250][    T1] usb usb12: Product: USB/IP Virtual Host Controller
[   44.726295][    T1] usb usb12: Manufacturer: Linux 6.11.0-rc7-00149-g0babf683783d-dirty vhci_hcd
[   44.729902][    T1] usb usb12: SerialNumber: vhci_hcd.5
[   44.744584][    T1] hub 12-0:1.0: USB hub found
[   44.747687][    T1] hub 12-0:1.0: 8 ports detected
[   44.785712][    T1] vhci_hcd vhci_hcd.5: USB/IP Virtual Host Controller
[   44.795491][    T1] vhci_hcd vhci_hcd.5: new USB bus registered, assigned bus number 13
[   44.800695][    T1] usb usb13: We don't know the algorithms for LPM for this host, disabling LPM.
[   44.809002][    T1] usb usb13: New USB device found, idVendor=1d6b, idProduct=0003, bcdDevice= 6.11
[   44.812856][    T1] usb usb13: New USB device strings: Mfr=3, Product=2, SerialNumber=1
[   44.816106][    T1] usb usb13: Product: USB/IP Virtual Host Controller
[   44.818854][    T1] usb usb13: Manufacturer: Linux 6.11.0-rc7-00149-g0babf683783d-dirty vhci_hcd
[   44.822554][    T1] usb usb13: SerialNumber: vhci_hcd.5
[   44.835078][    T1] hub 13-0:1.0: USB hub found
[   44.839574][    T1] hub 13-0:1.0: 8 ports detected
[   44.886718][    T1] vhci_hcd vhci_hcd.6: USB/IP Virtual Host Controller
[   44.894678][    T1] vhci_hcd vhci_hcd.6: new USB bus registered, assigned bus number 14
[   44.902412][    T1] usb usb14: New USB device found, idVendor=1d6b, idProduct=0002, bcdDevice= 6.11
[   44.905972][    T1] usb usb14: New USB device strings: Mfr=3, Product=2, SerialNumber=1
[   44.909141][    T1] usb usb14: Product: USB/IP Virtual Host Controller
[   44.913138][    T1] usb usb14: Manufacturer: Linux 6.11.0-rc7-00149-g0babf683783d-dirty vhci_hcd
[   44.916540][    T1] usb usb14: SerialNumber: vhci_hcd.6
[   44.928415][    T1] hub 14-0:1.0: USB hub found
[   44.931257][    T1] hub 14-0:1.0: 8 ports detected
[   44.964948][    T1] vhci_hcd vhci_hcd.6: USB/IP Virtual Host Controller
[   44.970479][    T1] vhci_hcd vhci_hcd.6: new USB bus registered, assigned bus number 15
[   44.976605][    T1] usb usb15: We don't know the algorithms for LPM for this host, disabling LPM.
[   44.985038][    T1] usb usb15: New USB device found, idVendor=1d6b, idProduct=0003, bcdDevice= 6.11
[   44.988870][    T1] usb usb15: New USB device strings: Mfr=3, Product=2, SerialNumber=1
[   44.994943][    T1] usb usb15: Product: USB/IP Virtual Host Controller
[   44.998636][    T1] usb usb15: Manufacturer: Linux 6.11.0-rc7-00149-g0babf683783d-dirty vhci_hcd
[   45.002310][    T1] usb usb15: SerialNumber: vhci_hcd.6
[   45.014841][    T1] hub 15-0:1.0: USB hub found
[   45.017799][    T1] hub 15-0:1.0: 8 ports detected
[   45.065356][    T1] vhci_hcd vhci_hcd.7: USB/IP Virtual Host Controller
[   45.071260][    T1] vhci_hcd vhci_hcd.7: new USB bus registered, assigned bus number 16
[   45.079475][    T1] usb usb16: New USB device found, idVendor=1d6b, idProduct=0002, bcdDevice= 6.11
[   45.083245][    T1] usb usb16: New USB device strings: Mfr=3, Product=2, SerialNumber=1
[   45.086382][    T1] usb usb16: Product: USB/IP Virtual Host Controller
[   45.088047][    T1] usb usb16: Manufacturer: Linux 6.11.0-rc7-00149-g0babf683783d-dirty vhci_hcd
[   45.089469][    T1] usb usb16: SerialNumber: vhci_hcd.7
[   45.102081][    T1] hub 16-0:1.0: USB hub found
[   45.106648][    T1] hub 16-0:1.0: 8 ports detected
[   45.141005][    T1] vhci_hcd vhci_hcd.7: USB/IP Virtual Host Controller
[   45.146561][    T1] vhci_hcd vhci_hcd.7: new USB bus registered, assigned bus number 17
[   45.151006][    T1] usb usb17: We don't know the algorithms for LPM for this host, disabling LPM.
[   45.156849][    T1] usb usb17: New USB device found, idVendor=1d6b, idProduct=0003, bcdDevice= 6.11
[   45.159840][    T1] usb usb17: New USB device strings: Mfr=3, Product=2, SerialNumber=1
[   45.161543][    T1] usb usb17: Product: USB/IP Virtual Host Controller
[   45.164030][    T1] usb usb17: Manufacturer: Linux 6.11.0-rc7-00149-g0babf683783d-dirty vhci_hcd
[   45.167187][    T1] usb usb17: SerialNumber: vhci_hcd.7
[   45.177655][    T1] hub 17-0:1.0: USB hub found
[   45.180971][    T1] hub 17-0:1.0: 8 ports detected
[   45.222256][    T1] vhci_hcd vhci_hcd.8: USB/IP Virtual Host Controller
[   45.228047][    T1] vhci_hcd vhci_hcd.8: new USB bus registered, assigned bus number 18
[   45.235341][    T1] usb usb18: New USB device found, idVendor=1d6b, idProduct=0002, bcdDevice= 6.11
[   45.239015][    T1] usb usb18: New USB device strings: Mfr=3, Product=2, SerialNumber=1
[   45.242376][    T1] usb usb18: Product: USB/IP Virtual Host Controller
[   45.245138][    T1] usb usb18: Manufacturer: Linux 6.11.0-rc7-00149-g0babf683783d-dirty vhci_hcd
[   45.248780][    T1] usb usb18: SerialNumber: vhci_hcd.8
[   45.259835][    T1] hub 18-0:1.0: USB hub found
[   45.264022][    T1] hub 18-0:1.0: 8 ports detected
[   45.300923][    T1] vhci_hcd vhci_hcd.8: USB/IP Virtual Host Controller
[   45.308291][    T1] vhci_hcd vhci_hcd.8: new USB bus registered, assigned bus number 19
[   45.314638][    T1] usb usb19: We don't know the algorithms for LPM for this host, disabling LPM.
[   45.323048][    T1] usb usb19: New USB device found, idVendor=1d6b, idProduct=0003, bcdDevice= 6.11
[   45.327043][    T1] usb usb19: New USB device strings: Mfr=3, Product=2, SerialNumber=1
[   45.330391][    T1] usb usb19: Product: USB/IP Virtual Host Controller
[   45.333324][    T1] usb usb19: Manufacturer: Linux 6.11.0-rc7-00149-g0babf683783d-dirty vhci_hcd
[   45.337080][    T1] usb usb19: SerialNumber: vhci_hcd.8
[   45.349894][    T1] hub 19-0:1.0: USB hub found
[   45.352950][    T1] hub 19-0:1.0: 8 ports detected
[   45.399194][    T1] vhci_hcd vhci_hcd.9: USB/IP Virtual Host Controller
[   45.404168][    T1] vhci_hcd vhci_hcd.9: new USB bus registered, assigned bus number 20
[   45.410535][    T1] usb usb20: New USB device found, idVendor=1d6b, idProduct=0002, bcdDevice= 6.11
[   45.412343][    T1] usb usb20: New USB device strings: Mfr=3, Product=2, SerialNumber=1
[   45.414269][    T1] usb usb20: Product: USB/IP Virtual Host Controller
[   45.416324][    T1] usb usb20: Manufacturer: Linux 6.11.0-rc7-00149-g0babf683783d-dirty vhci_hcd
[   45.417655][    T1] usb usb20: SerialNumber: vhci_hcd.9
[   45.429202][    T1] hub 20-0:1.0: USB hub found
[   45.432045][    T1] hub 20-0:1.0: 8 ports detected
[   45.465511][    T1] vhci_hcd vhci_hcd.9: USB/IP Virtual Host Controller
[   45.471532][    T1] vhci_hcd vhci_hcd.9: new USB bus registered, assigned bus number 21
[   45.476371][    T1] usb usb21: We don't know the algorithms for LPM for this host, disabling LPM.
[   45.487037][    T1] usb usb21: New USB device found, idVendor=1d6b, idProduct=0003, bcdDevice= 6.11
[   45.491504][    T1] usb usb21: New USB device strings: Mfr=3, Product=2, SerialNumber=1
[   45.495183][    T1] usb usb21: Product: USB/IP Virtual Host Controller
[   45.498031][    T1] usb usb21: Manufacturer: Linux 6.11.0-rc7-00149-g0babf683783d-dirty vhci_hcd
[   45.500459][    T1] usb usb21: SerialNumber: vhci_hcd.9
[   45.511210][    T1] hub 21-0:1.0: USB hub found
[   45.513910][    T1] hub 21-0:1.0: 8 ports detected
[   45.551517][    T1] vhci_hcd vhci_hcd.10: USB/IP Virtual Host Controller
[   45.556067][    T1] vhci_hcd vhci_hcd.10: new USB bus registered, assigned bus number 22
[   45.562715][    T1] usb usb22: New USB device found, idVendor=1d6b, idProduct=0002, bcdDevice= 6.11
[   45.566295][    T1] usb usb22: New USB device strings: Mfr=3, Product=2, SerialNumber=1
[   45.569731][    T1] usb usb22: Product: USB/IP Virtual Host Controller
[   45.573753][    T1] usb usb22: Manufacturer: Linux 6.11.0-rc7-00149-g0babf683783d-dirty vhci_hcd
[   45.577922][    T1] usb usb22: SerialNumber: vhci_hcd.10
[   45.590018][    T1] hub 22-0:1.0: USB hub found
[   45.593032][    T1] hub 22-0:1.0: 8 ports detected
[   45.638737][    T1] vhci_hcd vhci_hcd.10: USB/IP Virtual Host Controller
[   45.644935][    T1] vhci_hcd vhci_hcd.10: new USB bus registered, assigned bus number 23
[   45.649846][    T1] usb usb23: We don't know the algorithms for LPM for this host, disabling LPM.
[   45.658753][    T1] usb usb23: New USB device found, idVendor=1d6b, idProduct=0003, bcdDevice= 6.11
[   45.662548][    T1] usb usb23: New USB device strings: Mfr=3, Product=2, SerialNumber=1
[   45.665579][    T1] usb usb23: Product: USB/IP Virtual Host Controller
[   45.670481][    T1] usb usb23: Manufacturer: Linux 6.11.0-rc7-00149-g0babf683783d-dirty vhci_hcd
[   45.675178][    T1] usb usb23: SerialNumber: vhci_hcd.10
[   45.689133][    T1] hub 23-0:1.0: USB hub found
[   45.691026][    T1] hub 23-0:1.0: 8 ports detected
[   45.738805][    T1] vhci_hcd vhci_hcd.11: USB/IP Virtual Host Controller
[   45.747634][    T1] vhci_hcd vhci_hcd.11: new USB bus registered, assigned bus number 24
[   45.755578][    T1] usb usb24: New USB device found, idVendor=1d6b, idProduct=0002, bcdDevice= 6.11
[   45.758507][    T1] usb usb24: New USB device strings: Mfr=3, Product=2, SerialNumber=1
[   45.761302][    T1] usb usb24: Product: USB/IP Virtual Host Controller
[   45.763422][    T1] usb usb24: Manufacturer: Linux 6.11.0-rc7-00149-g0babf683783d-dirty vhci_hcd
[   45.764918][    T1] usb usb24: SerialNumber: vhci_hcd.11
[   45.775737][    T1] hub 24-0:1.0: USB hub found
[   45.777859][    T1] hub 24-0:1.0: 8 ports detected
[   45.815404][    T1] vhci_hcd vhci_hcd.11: USB/IP Virtual Host Controller
[   45.823928][    T1] vhci_hcd vhci_hcd.11: new USB bus registered, assigned bus number 25
[   45.830432][    T1] usb usb25: We don't know the algorithms for LPM for this host, disabling LPM.
[   45.838975][    T1] usb usb25: New USB device found, idVendor=1d6b, idProduct=0003, bcdDevice= 6.11
[   45.843159][    T1] usb usb25: New USB device strings: Mfr=3, Product=2, SerialNumber=1
[   45.846704][    T1] usb usb25: Product: USB/IP Virtual Host Controller
[   45.849548][    T1] usb usb25: Manufacturer: Linux 6.11.0-rc7-00149-g0babf683783d-dirty vhci_hcd
[   45.853410][    T1] usb usb25: SerialNumber: vhci_hcd.11
[   45.865508][    T1] hub 25-0:1.0: USB hub found
[   45.868401][    T1] hub 25-0:1.0: 8 ports detected
[   45.924155][    T1] vhci_hcd vhci_hcd.12: USB/IP Virtual Host Controller
[   45.930189][    T1] vhci_hcd vhci_hcd.12: new USB bus registered, assigned bus number 26
[   45.942431][    T1] usb usb26: New USB device found, idVendor=1d6b, idProduct=0002, bcdDevice= 6.11
[   45.945995][    T1] usb usb26: New USB device strings: Mfr=3, Product=2, SerialNumber=1
[   45.949121][    T1] usb usb26: Product: USB/IP Virtual Host Controller
[   45.952000][    T1] usb usb26: Manufacturer: Linux 6.11.0-rc7-00149-g0babf683783d-dirty vhci_hcd
[   45.955425][    T1] usb usb26: SerialNumber: vhci_hcd.12
[   45.968423][    T1] hub 26-0:1.0: USB hub found
[   45.975567][    T1] hub 26-0:1.0: 8 ports detected
[   46.021423][    T1] vhci_hcd vhci_hcd.12: USB/IP Virtual Host Controller
[   46.033552][    T1] vhci_hcd vhci_hcd.12: new USB bus registered, assigned bus number 27
[   46.038854][    T1] usb usb27: We don't know the algorithms for LPM for this host, disabling LPM.
[   46.046886][    T1] usb usb27: New USB device found, idVendor=1d6b, idProduct=0003, bcdDevice= 6.11
[   46.050482][    T1] usb usb27: New USB device strings: Mfr=3, Product=2, SerialNumber=1
[   46.055179][    T1] usb usb27: Product: USB/IP Virtual Host Controller
[   46.057885][    T1] usb usb27: Manufacturer: Linux 6.11.0-rc7-00149-g0babf683783d-dirty vhci_hcd
[   46.061243][    T1] usb usb27: SerialNumber: vhci_hcd.12
[   46.091761][    T1] hub 27-0:1.0: USB hub found
[   46.094668][    T1] hub 27-0:1.0: 8 ports detected
[   46.149340][    T1] vhci_hcd vhci_hcd.13: USB/IP Virtual Host Controller
[   46.160119][    T1] vhci_hcd vhci_hcd.13: new USB bus registered, assigned bus number 28
[   46.168825][    T1] usb usb28: New USB device found, idVendor=1d6b, idProduct=0002, bcdDevice= 6.11
[   46.172467][    T1] usb usb28: New USB device strings: Mfr=3, Product=2, SerialNumber=1
[   46.175963][    T1] usb usb28: Product: USB/IP Virtual Host Controller
[   46.178578][    T1] usb usb28: Manufacturer: Linux 6.11.0-rc7-00149-g0babf683783d-dirty vhci_hcd
[   46.182444][    T1] usb usb28: SerialNumber: vhci_hcd.13
[   46.197503][    T1] hub 28-0:1.0: USB hub found
[   46.200280][    T1] hub 28-0:1.0: 8 ports detected
[   46.236390][    T1] vhci_hcd vhci_hcd.13: USB/IP Virtual Host Controller
[   46.242088][    T1] vhci_hcd vhci_hcd.13: new USB bus registered, assigned bus number 29
[   46.247001][    T1] usb usb29: We don't know the algorithms for LPM for this host, disabling LPM.
[   46.252371][    T1] usb usb29: New USB device found, idVendor=1d6b, idProduct=0003, bcdDevice= 6.11
[   46.255944][    T1] usb usb29: New USB device strings: Mfr=3, Product=2, SerialNumber=1
[   46.258871][    T1] usb usb29: Product: USB/IP Virtual Host Controller
[   46.261549][    T1] usb usb29: Manufacturer: Linux 6.11.0-rc7-00149-g0babf683783d-dirty vhci_hcd
[   46.265023][    T1] usb usb29: SerialNumber: vhci_hcd.13
[   46.277109][    T1] hub 29-0:1.0: USB hub found
[   46.280818][    T1] hub 29-0:1.0: 8 ports detected
[   46.328751][    T1] vhci_hcd vhci_hcd.14: USB/IP Virtual Host Controller
[   46.334651][    T1] vhci_hcd vhci_hcd.14: new USB bus registered, assigned bus number 30
[   46.343126][    T1] usb usb30: New USB device found, idVendor=1d6b, idProduct=0002, bcdDevice= 6.11
[   46.344721][    T1] usb usb30: New USB device strings: Mfr=3, Product=2, SerialNumber=1
[   46.345976][    T1] usb usb30: Product: USB/IP Virtual Host Controller
[   46.347114][    T1] usb usb30: Manufacturer: Linux 6.11.0-rc7-00149-g0babf683783d-dirty vhci_hcd
[   46.348641][    T1] usb usb30: SerialNumber: vhci_hcd.14
[   46.359381][    T1] hub 30-0:1.0: USB hub found
[   46.361175][    T1] hub 30-0:1.0: 8 ports detected
[   46.400283][    T1] vhci_hcd vhci_hcd.14: USB/IP Virtual Host Controller
[   46.407820][    T1] vhci_hcd vhci_hcd.14: new USB bus registered, assigned bus number 31
[   46.412681][    T1] usb usb31: We don't know the algorithms for LPM for this host, disabling LPM.
[   46.424308][    T1] usb usb31: New USB device found, idVendor=1d6b, idProduct=0003, bcdDevice= 6.11
[   46.427702][    T1] usb usb31: New USB device strings: Mfr=3, Product=2, SerialNumber=1
[   46.430639][    T1] usb usb31: Product: USB/IP Virtual Host Controller
[   46.432077][    T1] usb usb31: Manufacturer: Linux 6.11.0-rc7-00149-g0babf683783d-dirty vhci_hcd
[   46.435721][    T1] usb usb31: SerialNumber: vhci_hcd.14
[   46.447231][    T1] hub 31-0:1.0: USB hub found
[   46.451543][    T1] hub 31-0:1.0: 8 ports detected
[   46.502719][    T1] vhci_hcd vhci_hcd.15: USB/IP Virtual Host Controller
[   46.506746][    T1] vhci_hcd vhci_hcd.15: new USB bus registered, assigned bus number 32
[   46.513989][    T1] usb usb32: New USB device found, idVendor=1d6b, idProduct=0002, bcdDevice= 6.11
[   46.516017][    T1] usb usb32: New USB device strings: Mfr=3, Product=2, SerialNumber=1
[   46.517497][    T1] usb usb32: Product: USB/IP Virtual Host Controller
[   46.518643][    T1] usb usb32: Manufacturer: Linux 6.11.0-rc7-00149-g0babf683783d-dirty vhci_hcd
[   46.520219][    T1] usb usb32: SerialNumber: vhci_hcd.15
[   46.530503][    T1] hub 32-0:1.0: USB hub found
[   46.535586][    T1] hub 32-0:1.0: 8 ports detected
[   46.583815][    T1] vhci_hcd vhci_hcd.15: USB/IP Virtual Host Controller
[   46.589900][    T1] vhci_hcd vhci_hcd.15: new USB bus registered, assigned bus number 33
[   46.594933][    T1] usb usb33: We don't know the algorithms for LPM for this host, disabling LPM.
[   46.602176][    T1] usb usb33: New USB device found, idVendor=1d6b, idProduct=0003, bcdDevice= 6.11
[   46.605663][    T1] usb usb33: New USB device strings: Mfr=3, Product=2, SerialNumber=1
[   46.608681][    T1] usb usb33: Product: USB/IP Virtual Host Controller
[   46.611175][    T1] usb usb33: Manufacturer: Linux 6.11.0-rc7-00149-g0babf683783d-dirty vhci_hcd
[   46.614561][    T1] usb usb33: SerialNumber: vhci_hcd.15
[   46.628113][    T1] hub 33-0:1.0: USB hub found
[   46.630983][    T1] hub 33-0:1.0: 8 ports detected
[   46.676223][    T1] usbcore: registered new device driver usbip-host
[   46.714715][    T1] i8042: PNP: PS/2 Controller [PNP0303:KBD,PNP0f13:MOU] at 0x60,0x64 irq 1,12
[   46.724816][    T1] serio: i8042 KBD port at 0x60,0x64 irq 1
[   46.727665][    T1] serio: i8042 AUX port at 0x60,0x64 irq 12
[   46.741496][    T1] mousedev: PS/2 mouse device common for all mice
[   46.752803][    T1] usbcore: registered new interface driver appletouch
[   46.754746][    T1] usbcore: registered new interface driver bcm5974
[   46.758418][    T1] usbcore: registered new interface driver synaptics_usb
[   46.764262][    T1] usbcore: registered new interface driver iforce
[   46.768713][    T1] usbcore: registered new interface driver pxrc
[   46.773339][    T1] usbcore: registered new interface driver xpad
[   46.775398][    T9] input: AT Translated Set 2 keyboard as /devices/platform/i8042/serio0/input/input1
[   46.778529][    T1] usbcore: registered new interface driver usb_acecad
[   46.785213][    T1] usbcore: registered new interface driver aiptek
[   46.789491][    T1] usbcore: registered new interface driver hanwang
[   46.793490][    T1] usbcore: registered new interface driver kbtab
[   46.795920][    T1] usbcore: registered new interface driver pegasus_notetaker
[   46.799396][    T1] usbcore: registered new interface driver usbtouchscreen
[   46.802905][    T1] usbcore: registered new interface driver sur40
[   46.804669][    T1] usbcore: registered new interface driver ati_remote2
[   46.806557][    T1] cm109: Keymap for Komunikate KIP1000 phone loaded
[   46.813688][    T1] usbcore: registered new interface driver cm109
[   46.814818][    T1] cm109: CM109 phone driver: 20080805 (C) Alfred E. Heggestad
[   46.818605][    T1] usbcore: registered new interface driver ims_pcu
[   46.823047][    T1] usbcore: registered new interface driver keyspan_remote
[   46.827087][    T1] usbcore: registered new interface driver powermate
[   46.832266][    T1] usbcore: registered new interface driver yealink
[   46.844099][    T1] rtc_cmos 00:05: RTC can wake from S4
[   46.861182][    T1] rtc_cmos 00:05: registered as rtc0
[   46.865010][    T1] rtc_cmos 00:05: alarms up to one day, y3k, 242 bytes nvram, hpet irqs
[   46.871517][    T1] i2c_dev: i2c /dev entries driver
[   46.879826][    T1] usbcore: registered new interface driver i2c-diolan-u2c
[   46.886275][    T1] usbcore: registered new interface driver i2c-cp2615
[   46.889525][    T1] usbcore: registered new interface driver RobotFuzz Open Source InterFace, OSIF
[   46.895212][    T1] usbcore: registered new interface driver i2c-tiny-usb
[   46.906425][    T1] usbcore: registered new interface driver igorplugusb
[   46.912907][    T1] usbcore: registered new interface driver iguanair
[   46.917567][    T1] usbcore: registered new interface driver imon
[   46.921310][    T1] usbcore: registered new interface driver imon_raw
[   46.927371][    T1] usbcore: registered new interface driver mceusb
[   46.930502][    T1] usbcore: registered new interface driver redrat3
[   46.934290][    T1] usbcore: registered new interface driver streamzap
[   46.937577][    T1] usbcore: registered new interface driver ir_toy
[   46.940675][    T1] usbcore: registered new interface driver ttusbir
[   46.943884][    T1] usbcore: registered new interface driver ati_remote
[   46.947124][    T1] usbcore: registered new interface driver xbox_remote
[   46.950772][    T1] b2c2-flexcop: B2C2 FlexcopII/II(b)/III digital TV receiver chip loaded successfully
[   46.956579][    T1] usbcore: registered new interface driver b2c2_flexcop_usb
[   46.960038][    T1] usbcore: registered new interface driver dvb_usb_vp7045
[   46.963441][    T1] usbcore: registered new interface driver dvb_usb_vp702x
[   46.966785][    T1] usbcore: registered new interface driver dvb_usb_gp8psk
[   46.970182][    T1] usbcore: registered new interface driver dvb_usb_dtt200u
[   46.973686][    T1] usbcore: registered new interface driver dvb_usb_a800
[   46.977142][    T1] usbcore: registered new interface driver dvb_usb_dibusb_mb
[   46.980833][    T1] usbcore: registered new interface driver dvb_usb_dibusb_mc
[   46.984430][    T1] usbcore: registered new interface driver dvb_usb_nova_t_usb2
[   46.987986][    T1] usbcore: registered new interface driver dvb_usb_umt_010
[   46.991412][    T1] usbcore: registered new interface driver dvb_usb_m920x
[   46.994798][    T1] usbcore: registered new interface driver dvb_usb_digitv
[   46.997067][    T1] usbcore: registered new interface driver dvb_usb_cxusb
[   46.999336][    T1] usbcore: registered new interface driver dvb_usb_ttusb2
[   47.003171][    T1] usbcore: registered new interface driver dvb_usb_dib0700
[   47.006555][    T1] usbcore: registered new interface driver opera1
[   47.009750][    T1] usbcore: registered new interface driver dvb_usb_af9005
[   47.012450][    T1] failing symbol_get of non-GPLONLY symbol af9005_rc_decode.
[   47.017999][    T1] failing symbol_get of non-GPLONLY symbol af9005_rc_decode.
[   47.020779][    T1] failing symbol_get of non-GPLONLY symbol rc_map_af9005_table.
[   47.027363][    T1] failing symbol_get of non-GPLONLY symbol rc_map_af9005_table.
[   47.030268][    T1] failing symbol_get of non-GPLONLY symbol rc_map_af9005_table_size.
[   47.035137][    T1] failing symbol_get of non-GPLONLY symbol rc_map_af9005_table_size.
[   47.038142][    T1] af9005: af9005_rc_decode function not found, disabling remote
[   47.041792][    T1] usbcore: registered new interface driver pctv452e
[   47.045575][    T1] usbcore: registered new interface driver dw2102
[   47.048671][    T1] usbcore: registered new interface driver dvb_usb_dtv5100
[   47.053236][    T1] usbcore: registered new interface driver cinergyT2
[   47.056527][    T1] usbcore: registered new interface driver dvb_usb_az6027
[   47.059900][    T1] usbcore: registered new interface driver dvb_usb_technisat_usb2
[   47.064159][    T1] usbcore: registered new interface driver dvb_usb_af9015
[   47.067620][    T1] usbcore: registered new interface driver dvb_usb_af9035
[   47.070890][    T1] usbcore: registered new interface driver dvb_usb_anysee
[   47.074290][    T1] usbcore: registered new interface driver dvb_usb_au6610
[   47.077604][    T1] usbcore: registered new interface driver dvb_usb_az6007
[   47.080936][    T1] usbcore: registered new interface driver dvb_usb_ce6230
[   47.086675][    T1] usbcore: registered new interface driver dvb_usb_ec168
[   47.091360][    T1] usbcore: registered new interface driver dvb_usb_lmedm04
[   47.096152][    T1] usbcore: registered new interface driver dvb_usb_gl861
[   47.100832][    T1] usbcore: registered new interface driver dvb_usb_mxl111sf
[   47.108232][    T1] usbcore: registered new interface driver dvb_usb_rtl28xxu
[   47.110269][    T1] usbcore: registered new interface driver dvb_usb_dvbsky
[   47.113354][    T1] usbcore: registered new interface driver zd1301
[   47.115337][    T1] usbcore: registered new interface driver s2255
[   47.117372][    T1] usbcore: registered new interface driver smsusb
[   47.120829][    T1] usbcore: registered new interface driver ttusb
[   47.124603][    T1] usbcore: registered new interface driver ttusb-dec
[   47.127911][    T1] usbcore: registered new interface driver Abilis Systems as10x usb driver
[   47.130129][    T1] usbcore: registered new interface driver airspy
[   47.131572][    T1] gspca_main: v2.14.0 registered
[   47.134644][    T1] usbcore: registered new interface driver benq
[   47.136744][    T1] usbcore: registered new interface driver conex
[   47.138415][    T1] usbcore: registered new interface driver cpia1
[   47.140493][    T1] usbcore: registered new interface driver dtcs033
[   47.144321][    T1] usbcore: registered new interface driver etoms
[   47.148058][    T1] usbcore: registered new interface driver finepix
[   47.151805][    T1] usbcore: registered new interface driver jeilinj
[   47.155574][    T1] usbcore: registered new interface driver jl2005bcd
[   47.160844][    T1] usbcore: registered new interface driver kinect
[   47.169089][    T1] usbcore: registered new interface driver konica
[   47.174175][    T1] usbcore: registered new interface driver mars
[   47.177845][    T1] usbcore: registered new interface driver mr97310a
[   47.179729][    T1] usbcore: registered new interface driver nw80x
[   47.183193][    T1] usbcore: registered new interface driver ov519
[   47.186442][    T1] usbcore: registered new interface driver ov534
[   47.189665][    T1] usbcore: registered new interface driver ov534_9
[   47.193307][    T1] usbcore: registered new interface driver pac207
[   47.196818][    T1] usbcore: registered new interface driver gspca_pac7302
[   47.200542][    T1] usbcore: registered new interface driver pac7311
[   47.204042][    T1] usbcore: registered new interface driver se401
[   47.207377][    T1] usbcore: registered new interface driver sn9c2028
[   47.210883][    T1] usbcore: registered new interface driver gspca_sn9c20x
[   47.214734][    T1] usbcore: registered new interface driver sonixb
[   47.218209][    T1] usbcore: registered new interface driver sonixj
[   47.222198][    T1] usbcore: registered new interface driver spca500
[   47.225811][    T1] usbcore: registered new interface driver spca501
[   47.229330][    T1] usbcore: registered new interface driver spca505
[   47.233643][    T1] usbcore: registered new interface driver spca506
[   47.237182][    T1] usbcore: registered new interface driver spca508
[   47.240791][    T1] usbcore: registered new interface driver spca561
[   47.244519][    T1] usbcore: registered new interface driver spca1528
[   47.249319][    T1] usbcore: registered new interface driver sq905
[   47.261539][    T1] usbcore: registered new interface driver sq905c
[   47.272774][    T1] usbcore: registered new interface driver sq930x
[   47.276115][    T9] input: ImExPS/2 Generic Explorer Mouse as /devices/platform/i8042/serio1/input/input3
[   47.276602][    T1] usbcore: registered new interface driver sunplus
[   47.286509][    T1] usbcore: registered new interface driver stk014
[   47.291905][    T1] usbcore: registered new interface driver stk1135
[   47.295468][    T1] usbcore: registered new interface driver stv0680
[   47.298967][    T1] usbcore: registered new interface driver t613
[   47.302918][    T1] usbcore: registered new interface driver gspca_topro
[   47.306618][    T1] usbcore: registered new interface driver touptek
[   47.310146][    T1] usbcore: registered new interface driver tv8532
[   47.313926][    T1] usbcore: registered new interface driver vc032x
[   47.317230][    T1] usbcore: registered new interface driver vicam
[   47.320587][    T1] usbcore: registered new interface driver xirlink-cit
[   47.326631][    T1] usbcore: registered new interface driver gspca_zc3xx
[   47.328385][    T1] usbcore: registered new interface driver ALi m5602
[   47.330335][    T1] usbcore: registered new interface driver STV06xx
[   47.333549][    T1] usbcore: registered new interface driver gspca_gl860
[   47.336940][    T1] usbcore: registered new interface driver hackrf
[   47.340283][    T1] usbcore: registered new interface driver msi2500
[   47.345766][    T1] usbcore: registered new interface driver Philips webcam
[   47.349738][    T1] usbcore: registered new interface driver uvcvideo
[   47.352299][    T1] au0828: au0828 driver loaded
[   47.354912][    T1] usbcore: registered new interface driver au0828
[   47.358164][    T1] usbcore: registered new interface driver cx231xx
[   47.363597][    T1] usbcore: registered new interface driver em28xx
[   47.367437][    T1] em28xx: Registered (Em28xx v4l2 Extension) extension
[   47.370152][    T1] em28xx: Registered (Em28xx Audio Extension) extension
[   47.373103][    T1] em28xx: Registered (Em28xx dvb Extension) extension
[   47.375709][    T1] em28xx: Registered (Em28xx Input Extension) extension
[   47.380018][    T1] usbcore: registered new interface driver go7007
[   47.385994][    T1] usbcore: registered new interface driver go7007-loader
[   47.393454][    T1] usbcore: registered new interface driver hdpvr
[   47.396900][    T1] usbcore: registered new interface driver pvrusb2
[   47.397982][    T1] pvrusb2: V4L in-tree version:Hauppauge WinTV-PVR-USB2 MPEG2 Encoder/Tuner
[   47.399777][    T1] pvrusb2: Debug mask is 31 (0x1f)
[   47.401581][    T1] usbcore: registered new interface driver stk1160
[   47.406429][    T1] usbcore: registered new interface driver usbtv
[   47.437097][    T1] dvbdev: DVB: registering new adapter (dvb_vidtv_bridge)
[   47.450783][    T1] i2c i2c-0: DVB: registering adapter 0 frontend 0 (Dummy demod for DVB-T/T2/C/S/S2)...
[   47.455072][    T1] dvbdev: dvb_create_media_entity: media entity 'Dummy demod for DVB-T/T2/C/S/S2' registered.
[   47.488211][    T1] dvbdev: dvb_create_media_entity: media entity 'dvb-demux' registered.
[   47.521886][    T1] vidtv vidtv.0: Successfully initialized vidtv!
[   47.534818][    T1] vicodec vicodec.0: Device 'stateful-encoder' registered as /dev/video0
[   47.541233][    T1] vicodec vicodec.0: Device 'stateful-decoder' registered as /dev/video1
[   47.546942][    T1] vicodec vicodec.0: Device 'stateless-decoder' registered as /dev/video2
[   47.556436][    T1] vim2m vim2m.0: Device registered as /dev/video0
[   47.625233][    T1] vivid-000: using single planar format API
[   47.685196][    T1] vivid-000: CEC adapter cec0 registered for HDMI input
[   47.690877][    T1] vivid-000: V4L2 capture device registered as video7
[   47.703790][    T1] vivid-000: CEC adapter cec1 registered for HDMI output 0
[   47.710147][    T1] vivid-000: V4L2 output device registered as video8
[   47.715429][    T1] vivid-000: V4L2 capture device registered as vbi0, supports raw and sliced VBI
[   47.723855][    T1] vivid-000: V4L2 output device registered as vbi1, supports raw and sliced VBI
[   47.730134][    T1] vivid-000: V4L2 capture device registered as swradio0
[   47.735468][    T1] vivid-000: V4L2 receiver device registered as radio0
[   47.741389][    T1] vivid-000: V4L2 transmitter device registered as radio1
[   47.747434][    T1] vivid-000: V4L2 metadata capture device registered as video9
[   47.753027][    T1] vivid-000: V4L2 metadata output device registered as video10
[   47.765084][    T1] vivid-000: V4L2 touch capture device registered as v4l-touch0
[   47.778760][    T1] usbcore: registered new interface driver radioshark2
[   47.782351][    T1] usbcore: registered new interface driver radioshark
[   47.785779][    T1] usbcore: registered new interface driver radio-si470x
[   47.790361][    T1] usbcore: registered new interface driver radio-usb-si4713
[   47.795757][    T1] usbcore: registered new interface driver dsbr100
[   47.799116][    T1] usbcore: registered new interface driver radio-keene
[   47.803853][    T1] usbcore: registered new interface driver radio-ma901
[   47.808375][    T1] usbcore: registered new interface driver radio-mr800
[   47.813247][    T1] usbcore: registered new interface driver radio-raremono
[   47.824005][    T1] usbcore: registered new interface driver powerz
[   47.830996][    T1] usbcore: registered new interface driver pcwd_usb
[   47.839220][    T1] device-mapper: core: CONFIG_IMA_DISABLE_HTABLE is disabled. Duplicate IMA measurements will not be recorded in the IMA log.
[   47.842267][    T1] device-mapper: uevent: version 1.0.3
[   47.845942][    T1] device-mapper: ioctl: 4.48.0-ioctl (2023-03-01) initialised: dm-devel@lists.linux.dev
[   47.854436][    T1] device-mapper: multipath round-robin: version 1.2.0 loaded
[   47.856242][    T1] device-mapper: multipath queue-length: version 0.2.0 loaded
[   47.857803][    T1] device-mapper: multipath service-time: version 0.3.0 loaded
[   47.863889][    T1] Bluetooth: HCI UART driver ver 2.3
[   47.867148][    T1] Bluetooth: HCI UART protocol H4 registered
[   47.869405][    T1] Bluetooth: HCI UART protocol BCSP registered
[   47.872412][    T1] Bluetooth: HCI UART protocol LL registered
[   47.878877][    T1] Bluetooth: HCI UART protocol Three-wire (H5) registered
[   47.882239][    T1] Bluetooth: HCI UART protocol QCA registered
[   47.893218][    T1] Bluetooth: HCI UART protocol AG6XX registered
[   47.896072][    T1] Bluetooth: HCI UART protocol Marvell registered
[   47.905607][    T1] usbcore: registered new interface driver bcm203x
[   47.908924][    T1] usbcore: registered new interface driver bpa10x
[   47.912702][    T1] usbcore: registered new interface driver bfusb
[   47.916051][    T1] usbcore: registered new interface driver btusb
[   47.920444][    T1] usbcore: registered new interface driver ath3k
[   47.927930][    T1] CAPI 2.0 started up with major 68 (middleware)
[   47.930448][    T1] Modular ISDN core version 1.1.29
[   47.934546][    T1] NET: Registered PF_ISDN protocol family
[   47.936777][    T1] DSP module 2.0
[   47.938096][    T1] mISDN_dsp: DSP clocks every 80 samples. This equals 1 jiffies.
[   47.983799][    T1] mISDN: Layer-1-over-IP driver Rev. 2.00
[   47.988353][    T1] 0 virtual devices registered
[   47.990977][    T1] usbcore: registered new interface driver HFC-S_USB
[   47.995563][    T1] amd_pstate: the _CPC object is not present in SBIOS or ACPI disabled
[   47.998826][    T1] VUB300 Driver rom wait states = 1C irqpoll timeout = 0400
[   48.003408][    T1] usbcore: registered new interface driver vub300
[   48.009397][    T1] usbcore: registered new interface driver ushc
[   48.027954][    T1] iscsi: registered transport (iser)
[   48.034469][    T1] SoftiWARP attached
[   48.072958][    T1] hid: raw HID events driver (C) Jiri Kosina
[   48.222703][    T1] usbcore: registered new interface driver usbhid
[   48.225353][    T1] usbhid: USB HID core driver
[   48.252547][    T1] usbcore: registered new interface driver es2_ap_driver
[   48.255551][    T1] comedi: version 0.7.76 - http://www.comedi.org
[   48.259346][    T1] usbcore: registered new interface driver dt9812
[   48.262835][    T1] usbcore: registered new interface driver ni6501
[   48.266156][    T1] usbcore: registered new interface driver usbdux
[   48.269384][    T1] usbcore: registered new interface driver usbduxfast
[   48.272906][    T1] usbcore: registered new interface driver usbduxsigma
[   48.276346][    T1] usbcore: registered new interface driver vmk80xx
[   48.280336][    T1] usbcore: registered new interface driver r8712u
[   48.284098][    T1] greybus: registered new driver hid
[   48.287423][    T1] greybus: registered new driver gbphy
[   48.290240][    T1] gb_gbphy: registered new driver usb
[   48.293859][    T1] asus_wmi: ASUS WMI generic driver loaded
[   48.314115][    T1] gnss: GNSS driver registered with major 491
[   48.320146][    T1] usbcore: registered new interface driver gnss-usb
[   48.323345][    T1] usbcore: registered new interface driver hdm_usb
[   48.685327][    T1] usbcore: registered new interface driver snd-usb-audio
[   48.689951][    T1] usbcore: registered new interface driver snd-ua101
[   48.693345][    T1] usbcore: registered new interface driver snd-usb-usx2y
[   48.696944][    T1] usbcore: registered new interface driver snd-usb-us122l
[   48.700662][    T1] usbcore: registered new interface driver snd-usb-caiaq
[   48.704190][    T1] usbcore: registered new interface driver snd-usb-6fire
[   48.707633][    T1] usbcore: registered new interface driver snd-usb-hiface
[   48.710274][    T1] usbcore: registered new interface driver snd-bcd2000
[   48.712930][    T1] usbcore: registered new interface driver snd_usb_pod
[   48.717011][    T1] usbcore: registered new interface driver snd_usb_podhd
[   48.719754][    T1] usbcore: registered new interface driver snd_usb_toneport
[   48.722255][    T1] usbcore: registered new interface driver snd_usb_variax
[   48.728543][    T1] drop_monitor: Initializing network drop monitor service
[   48.733049][    T1] NET: Registered PF_LLC protocol family
[   48.735354][    T1] GACT probability on
