bash: warning: setlocale: LC_ALL: cannot change locale (en_US.UTF-8)
c[?7l[2J[0mSeaBIOS (version 1.16.2-debian-1.16.2-1)
Booting from ROM...
c[?7l[2Jearly console in extract_kernel
input_data: 0x00000000149062a3
input_len: 0x0000000005edfdbf
output: 0x0000000001000000
output_len: 0x00000000125d2c78
kernel_total_size: 0x0000000019826000
needed_size: 0x0000000019a00000
trampoline_32bit: 0x0000000000000000

Decompressing Linux... Parsing ELF... done.
Booting the kernel (entry_offset: 0x000000000000007a).
[    0.000000][    T0] Linux version 6.11.0-rc7-00151-gd17c30814ced-dirty (root@buildkitsandbox) (gcc (Debian 12.2.0-14+deb12u1) 12.2.0, GNU ld (GNU Binutils for Debian) 2.40) #2 SMP PREEMPT_DYNAMIC Tue May 26 02:09:07 UTC 2026
[    0.000000][    T0] Command line: console=ttyS0 oops=panic panic=86400 nokaslr earlyprintk=serial rdinit=/init
[    0.000000][    T0] KERNEL supported cpus:
[    0.000000][    T0]   Intel GenuineIntel
[    0.000000][    T0]   AMD AuthenticAMD
[    0.000000][    T0] BIOS-provided physical RAM map:
[    0.000000][    T0] BIOS-e820: [mem 0x0000000000000000-0x000000000009fbff] usable
[    0.000000][    T0] BIOS-e820: [mem 0x000000000009fc00-0x000000000009ffff] reserved
[    0.000000][    T0] BIOS-e820: [mem 0x00000000000f0000-0x00000000000fffff] reserved
[    0.000000][    T0] BIOS-e820: [mem 0x0000000000100000-0x000000007ffdffff] usable
[    0.000000][    T0] BIOS-e820: [mem 0x000000007ffe0000-0x000000007fffffff] reserved
[    0.000000][    T0] BIOS-e820: [mem 0x00000000feffc000-0x00000000feffffff] reserved
[    0.000000][    T0] BIOS-e820: [mem 0x00000000fffc0000-0x00000000ffffffff] reserved
[    0.000000][    T0] BIOS-e820: [mem 0x000000fd00000000-0x000000ffffffffff] reserved
[    0.000000][    T0] printk: legacy bootconsole [earlyser0] enabled
[    0.000000][    T0] NX (Execute Disable) protection: active
[    0.000000][    T0] APIC: Static calls initialized
[    0.000000][    T0] SMBIOS 2.8 present.
[    0.000000][    T0] DMI: QEMU Standard PC (i440FX + PIIX, 1996), BIOS 1.16.2-debian-1.16.2-1 04/01/2014
[    0.000000][    T0] DMI: Memory slots populated: 1/1
[    0.000000][    T0] Hypervisor detected: KVM
[    0.000000][    T0] kvm-clock: Using msrs 4b564d01 and 4b564d00
[    0.000006][    T0] kvm-clock: using sched offset of 15015820186 cycles
[    0.000997][    T0] clocksource: kvm-clock: mask: 0xffffffffffffffff max_cycles: 0x1cd42e4dffb, max_idle_ns: 881590591483 ns
[    0.003951][    T0] tsc: Detected 3493.436 MHz processor
[    0.012357][    T0] last_pfn = 0x7ffe0 max_arch_pfn = 0x400000000
[    0.013411][    T0] MTRR map: 4 entries (3 fixed + 1 variable; max 19), built from 8 variable MTRRs
[    0.014886][    T0] x86/PAT: Configuration [0-7]: WB  WC  UC- UC  WB  WP  UC- WT  
[    0.020128][    T0] found SMP MP-table at [mem 0x000f5ba0-0x000f5baf]
[    0.021211][    T0] Using GB pages for direct mapping
[    0.024907][    T0] RAMDISK: [mem 0x7fe7f000-0x7ffdffff]
[    0.025777][    T0] ACPI: Early table checksum verification disabled
[    0.026830][    T0] ACPI: RSDP 0x00000000000F59D0 000014 (v00 BOCHS )
[    0.027894][    T0] ACPI: RSDT 0x000000007FFE1B33 000034 (v01 BOCHS  BXPC     00000001 BXPC 00000001)
[    0.029444][    T0] ACPI: FACP 0x000000007FFE19DF 000074 (v01 BOCHS  BXPC     00000001 BXPC 00000001)
[    0.030973][    T0] ACPI: DSDT 0x000000007FFE0040 00199F (v01 BOCHS  BXPC     00000001 BXPC 00000001)
[    0.032499][    T0] ACPI: FACS 0x000000007FFE0000 000040
[    0.033392][    T0] ACPI: APIC 0x000000007FFE1A53 000080 (v01 BOCHS  BXPC     00000001 BXPC 00000001)
[    0.034924][    T0] ACPI: HPET 0x000000007FFE1AD3 000038 (v01 BOCHS  BXPC     00000001 BXPC 00000001)
[    0.036475][    T0] ACPI: WAET 0x000000007FFE1B0B 000028 (v01 BOCHS  BXPC     00000001 BXPC 00000001)
[    0.037997][    T0] ACPI: Reserving FACP table memory at [mem 0x7ffe19df-0x7ffe1a52]
[    0.039283][    T0] ACPI: Reserving DSDT table memory at [mem 0x7ffe0040-0x7ffe19de]
[    0.040563][    T0] ACPI: Reserving FACS table memory at [mem 0x7ffe0000-0x7ffe003f]
[    0.041857][    T0] ACPI: Reserving APIC table memory at [mem 0x7ffe1a53-0x7ffe1ad2]
[    0.043128][    T0] ACPI: Reserving HPET table memory at [mem 0x7ffe1ad3-0x7ffe1b0a]
[    0.044396][    T0] ACPI: Reserving WAET table memory at [mem 0x7ffe1b0b-0x7ffe1b32]
[    0.046896][    T0] No NUMA configuration found
[    0.047627][    T0] Faking a node at [mem 0x0000000000000000-0x000000007ffdffff]
[    0.048860][    T0] NODE_DATA(0) allocated [mem 0x7fe78e00-0x7fe7edff]
[    1.741790][    T0] Zone ranges:
[    1.742333][    T0]   DMA      [mem 0x0000000000001000-0x0000000000ffffff]
[    1.743443][    T0]   DMA32    [mem 0x0000000001000000-0x000000007ffdffff]
[    1.744566][    T0]   Normal   empty
[    1.745174][    T0]   Device   empty
[    1.745766][    T0] Movable zone start for each node
[    1.746584][    T0] Early memory node ranges
[    1.747282][    T0]   node   0: [mem 0x0000000000001000-0x000000000009efff]
[    1.748268][    T0]   node   0: [mem 0x0000000000100000-0x000000007ffdffff]
[    1.749286][    T0] Initmem setup node 0 [mem 0x0000000000001000-0x000000007ffdffff]
[    1.750523][    T0] On node 0, zone DMA: 1 pages in unavailable ranges
[    1.751812][    T0] On node 0, zone DMA: 97 pages in unavailable ranges
[    1.781118][    T0] On node 0, zone DMA32: 32 pages in unavailable ranges
[   10.010080][    T0] kasan: KernelAddressSanitizer initialized
[   10.011534][    T0] ACPI: PM-Timer IO Port: 0x608
[   10.012376][    T0] ACPI: LAPIC_NMI (acpi_id[0xff] dfl dfl lint[0x1])
[   10.013558][    T0] IOAPIC[0]: apic_id 0, version 17, address 0xfec00000, GSI 0-23
[   10.014817][    T0] ACPI: INT_SRC_OVR (bus 0 bus_irq 0 global_irq 2 dfl dfl)
[   10.015978][    T0] ACPI: INT_SRC_OVR (bus 0 bus_irq 5 global_irq 5 high level)
[   10.017206][    T0] ACPI: INT_SRC_OVR (bus 0 bus_irq 9 global_irq 9 high level)
[   10.018408][    T0] ACPI: INT_SRC_OVR (bus 0 bus_irq 10 global_irq 10 high level)
[   10.019635][    T0] ACPI: INT_SRC_OVR (bus 0 bus_irq 11 global_irq 11 high level)
[   10.020923][    T0] ACPI: Using ACPI (MADT) for SMP configuration information
[   10.022123][    T0] ACPI: HPET id: 0x8086a201 base: 0xfed00000
[   10.023111][    T0] TSC deadline timer available
[   10.023877][    T0] CPU topo: Max. logical packages:   1
[   10.024771][    T0] CPU topo: Max. logical dies:       1
[   10.025636][    T0] CPU topo: Max. dies per package:   1
[   10.026543][    T0] CPU topo: Max. threads per core:   1
[   10.027412][    T0] CPU topo: Num. cores per package:     2
[   10.028313][    T0] CPU topo: Num. threads per package:   2
[   10.029219][    T0] CPU topo: Allowing 2 present CPUs plus 0 hotplug CPUs
[   10.030402][    T0] kvm-guest: APIC: eoi() replaced with kvm_guest_apic_eoi_write()
[   10.031817][    T0] kvm-guest: KVM setup pv remote TLB flush
[   10.032787][    T0] kvm-guest: setup PV sched yield
[   10.033691][    T0] PM: hibernation: Registered nosave memory: [mem 0x00000000-0x00000fff]
[   10.035094][    T0] PM: hibernation: Registered nosave memory: [mem 0x0009f000-0x0009ffff]
[   10.036444][    T0] PM: hibernation: Registered nosave memory: [mem 0x000a0000-0x000effff]
[   10.037794][    T0] PM: hibernation: Registered nosave memory: [mem 0x000f0000-0x000fffff]
[   10.039169][    T0] [mem 0x80000000-0xfeffbfff] available for PCI devices
[   10.040286][    T0] Booting paravirtualized kernel on KVM
[   10.041229][    T0] clocksource: refined-jiffies: mask: 0xffffffff max_cycles: 0xffffffff, max_idle_ns: 19112604462750000 ns
[   10.324655][    T0] setup_percpu: NR_CPUS:8 nr_cpumask_bits:2 nr_cpu_ids:2 nr_node_ids:1
[   10.326200][    T0] percpu: Embedded 74 pages/cpu s265288 r8192 d29624 u1048576
[   10.327407][    T0] kvm-guest: PV spinlocks enabled
[   10.328079][    T0] PV qspinlock hash table entries: 256 (order: 0, 4096 bytes, linear)
[   10.329191][    T0] Kernel command line: console=ttyS0 oops=panic panic=86400 nokaslr earlyprintk=serial rdinit=/init
[   10.331514][    T0] random: crng init done
[   10.332243][    T0] Dentry cache hash table entries: 262144 (order: 9, 2097152 bytes, linear)
[   10.333658][    T0] Inode-cache hash table entries: 131072 (order: 8, 1048576 bytes, linear)
[   10.335025][    T0] Fallback order for Node 0: 0 
[   10.335039][    T0] Built 1 zonelists, mobility grouping on.  Total pages: 524158
[   10.336719][    T0] Policy zone: DMA32
[   10.337578][    T0] mem auto-init: stack:all(zero), heap alloc:on, heap free:off
[   10.338599][    T0] stackdepot: allocating hash table via alloc_large_system_hash
[   10.339631][    T0] stackdepot hash table entries: 1048576 (order: 12, 16777216 bytes, linear)
[   10.632391][    T0] SLUB: HWalign=64, Order=0-3, MinObjects=0, CPUs=2, Nodes=1
[   10.641088][    T0] allocated 4194304 bytes of page_ext
[   10.642885][    T0] Dynamic Preempt: full
[   10.655947][    T0] Running RCU self tests
[   10.656576][    T0] Running RCU synchronous self tests
[   10.657286][    T0] rcu: Preemptible hierarchical RCU implementation.
[   10.658145][    T0] rcu: 	RCU lockdep checking is enabled.
[   10.658860][    T0] rcu: 	RCU restricting CPUs from NR_CPUS=8 to nr_cpu_ids=2.
[   10.659802][    T0] rcu: 	RCU callback double-/use-after-free debug is enabled.
[   10.660783][    T0] rcu: 	RCU debug extended QS entry/exit.
[   10.661518][    T0] 	Trampoline variant of Tasks RCU enabled.
[   10.662272][    T0] 	Tracing variant of Tasks RCU enabled.
[   10.662998][    T0] rcu: RCU calculated value of scheduler-enlistment delay is 10 jiffies.
[   10.664089][    T0] rcu: Adjusting geometry for rcu_fanout_leaf=16, nr_cpu_ids=2
[   10.665259][    T0] Running RCU synchronous self tests
[   10.665948][    T0] RCU Tasks: Setting shift to 1 and lim to 1 rcu_task_cb_adjust=1.
[   10.666979][    T0] RCU Tasks Trace: Setting shift to 1 and lim to 1 rcu_task_cb_adjust=1.
[   10.803950][    T0] NR_IRQS: 4352, nr_irqs: 440, preallocated irqs: 16
[   10.805897][    T0] rcu: srcu_init: Setting srcu_struct sizes based on contention.
[   10.807287][    T0] kfence: initialized - using 2097152 bytes for 255 objects at 0x(____ptrval____)-0x(____ptrval____)
[   10.817852][    T0] Console: colour VGA+ 80x25
[   10.818650][    T0] printk: legacy console [ttyS0] enabled
[   10.818650][    T0] printk: legacy console [ttyS0] enabled
[   10.820125][    T0] printk: legacy bootconsole [earlyser0] disabled
[   10.820125][    T0] printk: legacy bootconsole [earlyser0] disabled
[   10.821860][    T0] Lock dependency validator: Copyright (c) 2006 Red Hat, Inc., Ingo Molnar
[   10.822979][    T0] ... MAX_LOCKDEP_SUBCLASSES:  8
[   10.823623][    T0] ... MAX_LOCK_DEPTH:          48
[   10.824274][    T0] ... MAX_LOCKDEP_KEYS:        8192
[   10.824954][    T0] ... CLASSHASH_SIZE:          4096
[   10.825642][    T0] ... MAX_LOCKDEP_ENTRIES:     1048576
[   10.826353][    T0] ... MAX_LOCKDEP_CHAINS:      1048576
[   10.827162][    T0] ... CHAINHASH_SIZE:          524288
[   10.827905][    T0]  memory used by lock dependency info: 106625 kB
[   10.828757][    T0]  memory used for stack traces: 8320 kB
[   10.829496][    T0]  per task-struct memory footprint: 1920 bytes
[   10.830479][    T0] ACPI: Core revision 20240322
[   10.832019][    T0] clocksource: hpet: mask: 0xffffffff max_cycles: 0xffffffff, max_idle_ns: 19112604467 ns
[   10.833811][    T0] APIC: Switch to symmetric I/O mode setup
[   10.834787][    T0] x2apic enabled
[   10.835878][    T0] APIC: Switched APIC routing to: physical x2apic
[   10.836748][    T0] kvm-guest: APIC: send_IPI_mask() replaced with kvm_send_ipi_mask()
[   10.837809][    T0] kvm-guest: APIC: send_IPI_mask_allbutself() replaced with kvm_send_ipi_mask_allbutself()
[   10.839108][    T0] kvm-guest: setup PV IPIs
[   10.841755][    T0] ..TIMER: vector=0x30 apic1=0 pin1=2 apic2=-1 pin2=-1
[   10.842714][    T0] tsc: Marking TSC unstable due to TSCs unsynchronized
[   10.843875][    T0] Calibrating delay loop (skipped) preset value.. 6986.87 BogoMIPS (lpj=34934360)
[   10.845185][    T0] x86/cpu: User Mode Instruction Prevention (UMIP) activated
[   10.846349][    T0] Last level iTLB entries: 4KB 512, 2MB 255, 4MB 127
[   10.847207][    T0] Last level dTLB entries: 4KB 512, 2MB 255, 4MB 127, 1GB 0
[   10.848196][    T0] Spectre V1 : Mitigation: usercopy/swapgs barriers and __user pointer sanitization
[   10.849421][    T0] Spectre V2 : Mitigation: Retpolines
[   10.850108][    T0] Spectre V2 : Spectre v2 / SpectreRSB mitigation: Filling RSB on context switch
[   10.851272][    T0] Spectre V2 : Spectre v2 / SpectreRSB : Filling RSB on VMEXIT
[   10.852234][    T0] Spectre V2 : Enabling Speculation Barrier for firmware calls
[   10.853205][    T0] RETBleed: Mitigation: untrained return thunk
[   10.853864][    T0] Spectre V2 : mitigation: Enabling conditional Indirect Branch Prediction Barrier
[   10.855057][    T0] Speculative Store Bypass: Mitigation: Speculative Store Bypass disabled via prctl
[   10.856316][    T0] Speculative Return Stack Overflow: IBPB-extending microcode not applied!
[   10.857460][    T0] Speculative Return Stack Overflow: WARNING: See https://kernel.org/doc/html/latest/admin-guide/hw-vuln/srso.html for mitigation options.
[   10.857468][    T0] Speculative Return Stack Overflow: Vulnerable: Safe RET, no microcode
[   10.860653][    T0] x86/fpu: Supporting XSAVE feature 0x001: 'x87 floating point registers'
[   10.861746][    T0] x86/fpu: Supporting XSAVE feature 0x002: 'SSE registers'
[   10.862661][    T0] x86/fpu: Supporting XSAVE feature 0x004: 'AVX registers'
[   10.863855][    T0] x86/fpu: xstate_offset[2]:  576, xstate_sizes[2]:  256
[   10.864767][    T0] x86/fpu: Enabled xstate features 0x7, context size is 832 bytes, using 'compacted' format.
[   11.222358][    T0] Freeing SMP alternatives memory: 124K
[   11.223145][    T0] pid_max: default: 32768 minimum: 301
[   11.224840][    T0] LSM: initializing lsm=lockdown,capability,landlock,yama,safesetid,tomoyo,apparmor,bpf,ima,evm
[   11.226628][    T0] landlock: Up and running.
[   11.227222][    T0] Yama: becoming mindful.
[   11.228196][    T0] TOMOYO Linux initialized
[   11.230055][    T0] AppArmor: AppArmor initialized
[   11.230817][    T0] LSM support for eBPF active
[   11.232845][    T0] Mount-cache hash table entries: 4096 (order: 3, 32768 bytes, linear)
[   11.233871][    T0] Mountpoint-cache hash table entries: 4096 (order: 3, 32768 bytes, linear)
[   11.250598][    T0] Running RCU synchronous self tests
[   11.251312][    T0] Running RCU synchronous self tests
[   11.254469][    T1] smpboot: CPU0: AMD Ryzen Threadripper PRO 3975WX 32-Cores (family: 0x17, model: 0x31, stepping: 0x0)
[   11.267895][    T1] Running RCU Tasks wait API self tests
[   11.374742][    T1] Running RCU Tasks Trace wait API self tests
[   11.376485][    T1] Performance Events: Fam17h+ core perfctr, AMD PMU driver.
[   11.378081][    T1] ... version:                0
[   11.378899][    T1] ... bit width:              48
[   11.379758][    T1] ... generic registers:      6
[   11.380584][    T1] ... value mask:             0000ffffffffffff
[   11.381629][    T1] ... max period:             00007fffffffffff
[   11.382668][    T1] ... fixed-purpose events:   0
[   11.383508][    T1] ... event mask:             000000000000003f
[   11.385997][    T1] signal: max sigframe size: 1776
[   11.388218][    T1] rcu: Hierarchical SRCU implementation.
[   11.389183][    T1] rcu: 	Max phase no-delay instances is 1000.
[   11.392576][    T1] Timer migration: 1 hierarchy levels; 8 children per group; 1 crossnode level
[   11.394711][   T15] Callback from call_rcu_tasks_trace() invoked.
[   11.494192][    T1] smp: Bringing up secondary CPUs ...
[   11.500207][    T1] smpboot: x86: Booting SMP configuration:
[   11.501107][    T1] .... node  #0, CPUs:      #1
[   11.504014][    T1] smp: Brought up 1 node, 2 CPUs
[   11.504668][    T1] smpboot: Total of 2 processors activated (13973.74 BogoMIPS)
[   11.509085][    T1] Memory: 1296248K/2096632K available (167936K kernel code, 40190K rwdata, 38000K rodata, 26288K init, 121016K bss, 789520K reserved, 0K cma-reserved)
[   11.517583][    T1] devtmpfs: initialized
[   11.518103][    T1] x86/mm: Memory block size: 128MB
[   11.589213][    T1] Running RCU synchronous self tests
[   11.590304][    T1] Running RCU synchronous self tests
[   11.590304][    T1] clocksource: jiffies: mask: 0xffffffff max_cycles: 0xffffffff, max_idle_ns: 19112604462750000 ns
[   11.594093][    T1] futex hash table entries: 512 (order: 4, 65536 bytes, linear)
[   11.594093][   T14] Callback from call_rcu_tasks() invoked.
[   11.604606][    T1] PM: RTC time: 02:11:13, date: 2026-05-26
[   11.631873][    T1] NET: Registered PF_NETLINK/PF_ROUTE protocol family
[   11.645348][    T1] audit: initializing netlink subsys (disabled)
[   11.656571][   T29] audit: type=2000 audit(1779761473.752:1): state=initialized audit_enabled=0 res=1
[   11.670794][    T1] thermal_sys: Registered thermal governor 'step_wise'
[   11.670820][    T1] thermal_sys: Registered thermal governor 'user_space'
[   11.672306][    T1] cpuidle: using governor menu
[   11.674532][    T1] NET: Registered PF_QIPCRTR protocol family
[   11.684160][    T1] dca service started, version 1.12.1
[   11.685293][    T1] PCI: Using configuration type 1 for base access
[   11.686133][    T1] PCI: Using configuration type 1 for extended access
[   11.695802][    T1] HugeTLB: registered 1.00 GiB page size, pre-allocated 0 pages
[   11.695802][    T1] HugeTLB: 16380 KiB vmemmap can be freed for a 1.00 GiB page
[   11.696577][    T1] HugeTLB: registered 2.00 MiB page size, pre-allocated 0 pages
[   11.697843][    T1] HugeTLB: 28 KiB vmemmap can be freed for a 2.00 MiB page
[   11.745112][    T1] cryptd: max_cpu_qlen set to 1000
[   11.772455][    T1] raid6: skipped pq benchmark and selected avx2x4
[   11.772455][    T1] raid6: using avx2x2 recovery algorithm
[   11.772455][    T1] ACPI: Added _OSI(Module Device)
[   11.772455][    T1] ACPI: Added _OSI(Processor Device)
[   11.772455][    T1] ACPI: Added _OSI(3.0 _SCP Extensions)
[   11.773355][    T1] ACPI: Added _OSI(Processor Aggregator Device)
[   12.111146][    T1] ACPI: 1 ACPI AML tables successfully acquired and loaded
[   12.183299][    T1] ACPI: Interpreter enabled
[   12.185492][    T1] ACPI: PM: (supports S0 S3 S4 S5)
[   12.186512][    T1] ACPI: Using IOAPIC for interrupt routing
[   12.188479][    T1] PCI: Using host bridge windows from ACPI; if necessary, use "pci=nocrs" and report a bug
[   12.190122][    T1] PCI: Using E820 reservations for host bridge windows
[   12.209101][    T1] ACPI: Enabled 2 GPEs in block 00 to 0F
[   12.744366][    T1] ACPI: PCI Root Bridge [PCI0] (domain 0000 [bus 00-ff])
[   12.745763][    T1] acpi PNP0A03:00: _OSC: OS supports [ExtendedConfig ASPM ClockPM Segments MSI HPX-Type3]
[   12.757335][    T1] PCI host bridge to bus 0000:00
[   12.759304][    T1] pci_bus 0000:00: root bus resource [io  0x0000-0x0cf7 window]
[   12.760487][    T1] pci_bus 0000:00: root bus resource [io  0x0d00-0xffff window]
[   12.761595][    T1] pci_bus 0000:00: root bus resource [mem 0x000a0000-0x000bffff window]
[   12.762784][    T1] pci_bus 0000:00: root bus resource [mem 0x80000000-0xfebfffff window]
[   12.763917][    T1] pci_bus 0000:00: root bus resource [mem 0x100000000-0x17fffffff window]
[   12.765116][    T1] pci_bus 0000:00: root bus resource [bus 00-ff]
[   12.767056][    T1] pci 0000:00:00.0: [8086:1237] type 00 class 0x060000 conventional PCI endpoint
[   12.945568][    T1] pci 0000:00:01.0: [8086:7000] type 00 class 0x060100 conventional PCI endpoint
[   13.115400][    T1] pci 0000:00:01.1: [8086:7010] type 00 class 0x010180 conventional PCI endpoint
[   13.118787][    T1] pci 0000:00:01.1: BAR 4 [io  0xc000-0xc00f]
[   13.120532][    T1] pci 0000:00:01.1: BAR 0 [io  0x01f0-0x01f7]: legacy IDE quirk
[   13.121788][    T1] pci 0000:00:01.1: BAR 1 [io  0x03f6]: legacy IDE quirk
[   13.122961][    T1] pci 0000:00:01.1: BAR 2 [io  0x0170-0x0177]: legacy IDE quirk
[   13.123878][    T1] pci 0000:00:01.1: BAR 3 [io  0x0376]: legacy IDE quirk
[   13.128608][    T1] pci 0000:00:01.3: [8086:7113] type 00 class 0x068000 conventional PCI endpoint
[   13.131002][    T1] pci 0000:00:01.3: quirk: [io  0x0600-0x063f] claimed by PIIX4 ACPI
[   13.132351][    T1] pci 0000:00:01.3: quirk: [io  0x0700-0x070f] claimed by PIIX4 SMB
[   13.136856][    T1] pci 0000:00:02.0: [1234:1111] type 00 class 0x030000 conventional PCI endpoint
[   13.144381][    T1] pci 0000:00:02.0: BAR 0 [mem 0xfd000000-0xfdffffff pref]
[   13.147932][    T1] pci 0000:00:02.0: BAR 2 [mem 0xfebf0000-0xfebf0fff]
[   13.154224][    T1] pci 0000:00:02.0: ROM [mem 0xfebe0000-0xfebeffff pref]
[   13.156327][    T1] pci 0000:00:02.0: Video device with shadowed ROM at [mem 0x000c0000-0x000dffff]
[   13.364822][    T1] ACPI: PCI: Interrupt link LNKA configured for IRQ 10
[   13.381675][    T1] ACPI: PCI: Interrupt link LNKB configured for IRQ 10
[   13.398347][    T1] ACPI: PCI: Interrupt link LNKC configured for IRQ 11
[   13.415228][    T1] ACPI: PCI: Interrupt link LNKD configured for IRQ 11
[   13.422373][    T1] ACPI: PCI: Interrupt link LNKS configured for IRQ 9
[   13.476616][    T1] iommu: Default domain type: Translated
[   13.476616][    T1] iommu: DMA domain TLB invalidation policy: lazy mode
[   13.482697][    T1] SCSI subsystem initialized
[   13.497843][    T1] ACPI: bus type USB registered
[   13.499806][    T1] usbcore: registered new interface driver usbfs
[   13.501294][    T1] usbcore: registered new interface driver hub
[   13.502666][    T1] usbcore: registered new device driver usb
[   13.508054][    T1] mc: Linux media interface: v0.10
[   13.509268][    T1] videodev: Linux video capture interface: v2.00
[   13.511970][    T1] pps_core: LinuxPPS API ver. 1 registered
[   13.512762][    T1] pps_core: Software ver. 5.3.6 - Copyright 2005-2007 Rodolfo Giometti <giometti@linux.it>
[   13.514136][    T1] PTP clock support registered
[   13.525821][    T1] EDAC MC: Ver: 3.0.0
[   13.530899][    T1] Advanced Linux Sound Architecture Driver Initialized.
[   13.544414][    T1] Bluetooth: Core ver 2.22
[   13.545472][    T1] NET: Registered PF_BLUETOOTH protocol family
[   13.546288][    T1] Bluetooth: HCI device and connection manager initialized
[   13.547382][    T1] Bluetooth: HCI socket layer initialized
[   13.548172][    T1] Bluetooth: L2CAP socket layer initialized
[   13.549259][    T1] Bluetooth: SCO socket layer initialized
[   13.550276][    T1] NET: Registered PF_ATMPVC protocol family
[   13.551260][    T1] NET: Registered PF_ATMSVC protocol family
[   13.553134][    T1] NetLabel: Initializing
[   13.553843][    T1] NetLabel:  domain hash size = 128
[   13.554712][    T1] NetLabel:  protocols = UNLABELED CIPSOv4 CALIPSO
[   13.557114][    T1] NetLabel:  unlabeled traffic allowed by default
[   13.563665][    T1] nfc: nfc_init: NFC Core ver 0.1
[   13.575040][    T1] NET: Registered PF_NFC protocol family
[   13.576271][    T1] PCI: Using ACPI for IRQ routing
[   13.579037][    T1] pci 0000:00:02.0: vgaarb: setting as boot VGA device
[   13.580293][    T1] pci 0000:00:02.0: vgaarb: bridge control possible
[   13.581394][    T1] pci 0000:00:02.0: vgaarb: VGA device added: decodes=io+mem,owns=io+mem,locks=none
[   13.582956][    T1] vgaarb: loaded
[   13.586237][    T1] hpet0: at MMIO 0xfed00000, IRQs 2, 8, 0
[   13.587262][    T1] hpet0: 3 comparators, 64-bit 100.000000 MHz counter
[   13.593020][    T1] clocksource: Switched to clocksource kvm-clock
[   13.595111][    T1] VFS: Disk quotas dquot_6.6.0
[   13.597096][    T1] VFS: Dquot-cache hash table entries: 512 (order 0, 4096 bytes)
[   13.609411][    T1] netfs: FS-Cache loaded
[   13.613434][    T1] CacheFiles: Loaded
[   13.615516][    T1] TOMOYO: 2.6.0
[   13.616109][    T1] Mandatory Access Control activated.
[   13.627675][    T1] AppArmor: AppArmor Filesystem Enabled
[   13.629854][    T1] pnp: PnP ACPI init
[   13.680426][    T1] pnp: PnP ACPI: found 6 devices
[   13.942822][    T1] clocksource: acpi_pm: mask: 0xffffff max_cycles: 0xffffff, max_idle_ns: 2085701024 ns
[   13.969881][    T1] NET: Registered PF_INET protocol family
[   13.997127][    T1] IP idents hash table entries: 32768 (order: 6, 262144 bytes, linear)
[   14.009076][    T1] tcp_listen_portaddr_hash hash table entries: 1024 (order: 4, 73728 bytes, linear)
[   14.010808][    T1] Table-perturb hash table entries: 65536 (order: 6, 262144 bytes, linear)
[   14.012400][    T1] TCP established hash table entries: 16384 (order: 5, 131072 bytes, linear)
[   14.028612][    T1] TCP bind hash table entries: 16384 (order: 9, 2359296 bytes, linear)
[   14.032483][    T1] TCP: Hash tables configured (established 16384 bind 16384)
[   14.036166][    T1] MPTCP token hash table entries: 2048 (order: 5, 180224 bytes, linear)
[   14.038249][    T1] UDP hash table entries: 1024 (order: 5, 163840 bytes, linear)
[   14.039900][    T1] UDP-Lite hash table entries: 1024 (order: 5, 163840 bytes, linear)
[   14.043242][    T1] NET: Registered PF_UNIX/PF_LOCAL protocol family
[   14.050320][    T1] RPC: Registered named UNIX socket transport module.
[   14.051557][    T1] RPC: Registered udp transport module.
[   14.052468][    T1] RPC: Registered tcp transport module.
[   14.053382][    T1] RPC: Registered tcp-with-tls transport module.
[   14.054417][    T1] RPC: Registered tcp NFSv4.1 backchannel transport module.
[   14.063261][    T1] NET: Registered PF_XDP protocol family
[   14.064184][    T1] pci_bus 0000:00: resource 4 [io  0x0000-0x0cf7 window]
[   14.065144][    T1] pci_bus 0000:00: resource 5 [io  0x0d00-0xffff window]
[   14.066085][    T1] pci_bus 0000:00: resource 6 [mem 0x000a0000-0x000bffff window]
[   14.067173][    T1] pci_bus 0000:00: resource 7 [mem 0x80000000-0xfebfffff window]
[   14.068224][    T1] pci_bus 0000:00: resource 8 [mem 0x100000000-0x17fffffff window]
[   14.072723][    T1] pci 0000:00:01.0: PIIX3: Enabling Passive Release
[   14.073627][    T1] pci 0000:00:00.0: Limiting direct PCI/PCI transfers
[   14.074808][    T1] PCI: CLS 0 bytes, default 64
[   14.076131][    T1] ACPI: bus type thunderbolt registered
[   14.079543][    T1] kvm_intel: VMX not supported by CPU 1
[   14.081443][    T1] kvm_amd: Nested Virtualization enabled
[   14.082337][    T1] kvm_amd: Nested Paging enabled
[   14.111937][   T51] Trying to unpack rootfs image as initramfs...
[   14.640362][   T51] Freeing initrd memory: 1412K
[   14.643145][   T62] kworker/u8:1 (62) used greatest stack depth: 28416 bytes left
[   25.426385][    T1] Initialise system trusted keyrings
[   25.429237][   T82] kworker/u8:3 (82) used greatest stack depth: 27728 bytes left
[   25.434646][    T1] workingset: timestamp_bits=40 max_order=19 bucket_order=0
[   25.449851][    T1] DLM installed
[   25.462556][    T1] squashfs: version 4.0 (2009/01/31) Phillip Lougher
[   25.478996][    T1] NFS: Registering the id_resolver key type
[   25.480377][    T1] Key type id_resolver registered
[   25.481440][    T1] Key type id_legacy registered
[   25.482796][    T1] nfs4filelayout_init: NFSv4 File Layout Driver Registering...
[   25.484505][    T1] nfs4flexfilelayout_init: NFSv4 Flexfile Layout Driver Registering...
[   25.516000][    T1] Key type cifs.spnego registered
[   25.518631][    T1] Key type cifs.idmap registered
[   25.520490][    T1] ntfs3: Enabled Linux POSIX ACLs support
[   25.523074][    T1] ntfs3: Read-only LZX/Xpress compression included
[   25.526565][    T1] efs: 1.0a - http://aeschi.ch.eu.org/efs/
[   25.529339][    T1] jffs2: version 2.2. (NAND) (SUMMARY)  © 2001-2006 Red Hat, Inc.
[   25.535183][    T1] romfs: ROMFS MTD (C) 2007 Red Hat, Inc.
[   25.538149][    T1] QNX4 filesystem 0.2.3 registered.
[   25.540548][    T1] qnx6: QNX6 filesystem 1.0.0 registered.
[   25.544945][    T1] fuse: init (API version 7.40)
[   25.553602][    T1] orangefs_debugfs_init: called with debug mask: :none: :0:
[   25.559270][    T1] orangefs_init: module version upstream loaded
[   25.563067][    T1] JFS: nTxBlock = 8192, nTxLock = 65536
[   25.642977][    T1] SGI XFS with ACLs, security attributes, realtime, quota, no debug enabled
[   25.654834][    T1] 9p: Installing v9fs 9p2000 file system support
[   25.658359][    T1] NILFS version 2 loaded
[   25.660184][    T1] befs: version: 0.9.3
[   25.663204][    T1] ocfs2: Registered cluster interface o2cb
[   25.667575][    T1] ocfs2: Registered cluster interface user
[   25.671377][    T1] OCFS2 User DLM kernel interface loaded
[   25.731484][    T1] gfs2: GFS2 installed
[   25.752592][    T1] ceph: loaded (mds proto 32)
[   25.818569][    T1] NET: Registered PF_ALG protocol family
[   25.820006][    T1] xor: automatically using best checksumming function   avx       
[   25.821647][    T1] async_tx: api initialized (async)
[   25.822702][    T1] Key type asymmetric registered
[   25.823717][    T1] Asymmetric key parser 'x509' registered
[   25.824831][    T1] Asymmetric key parser 'pkcs8' registered
[   25.825805][    T1] Key type pkcs7_test registered
[   25.827792][    T1] Block layer SCSI generic (bsg) driver version 0.4 loaded (major 238)
[   25.831255][    T1] io scheduler mq-deadline registered
[   25.832280][    T1] io scheduler kyber registered
[   25.833557][    T1] io scheduler bfq registered
[   25.857698][    T1] input: Power Button as /devices/LNXSYSTM:00/LNXPWRBN:00/input/input0
[   25.867338][    T1] ACPI: button: Power Button [PWRF]
[   25.891712][    T1] ioatdma: Intel(R) QuickData Technology Driver 5.00
[   26.417340][  T418] kworker/u8:4 (418) used greatest stack depth: 27408 bytes left
[   26.998264][    T1] N_HDLC line discipline registered with maxframe=4096
[   27.001479][    T1] Serial: 8250/16550 driver, 4 ports, IRQ sharing enabled
[   27.013990][    T1] 00:04: ttyS0 at I/O 0x3f8 (irq = 4, base_baud = 115200) is a 16550A
[   27.086873][    T1] Non-volatile memory driver v1.3
[   27.089308][    T1] Linux agpgart interface v0.103
[   27.095620][    T1] usbcore: registered new interface driver xillyusb
[   27.106282][    T1] ACPI: bus type drm_connector registered
[   27.119034][    T1] [drm] Initialized vgem 1.0.0 for vgem on minor 0
[   27.137565][    T1] [drm] Initialized vkms 1.0.0 for vkms on minor 1
[   27.261127][    T1] Console: switching to colour frame buffer device 128x48
[   27.280170][    T1] platform vkms: [drm] fb0: vkmsdrmfb frame buffer device
[   27.282134][    T1] usbcore: registered new interface driver udl
[   27.286779][    T1] bochs-drm 0000:00:02.0: vgaarb: deactivate vga console
[   27.296490][    T1] [drm] Found bochs VGA, ID 0xb0c5.
[   27.297332][    T1] [drm] Framebuffer size 16384 kB @ 0xfd000000, mmio @ 0xfebf0000.
[   27.306918][    T1] [drm] Found EDID data blob.
[   27.320245][    T1] [drm] Initialized bochs-drm 1.0.0 for 0000:00:02.0 on minor 2
[   27.337613][    T1] fbcon: bochs-drmdrmfb (fb1) is primary device
[   27.337659][    T1] fbcon: Remapping primary device, fb1, to tty 1-63
[   43.366612][    T1] bochs-drm 0000:00:02.0: [drm] fb1: bochs-drmdrmfb frame buffer device
[   43.378804][    T1] usbcore: registered new interface driver gm12u320
[   43.382770][    T1] usbcore: registered new interface driver gud
[   43.542281][    T1] brd: module loaded
[   43.771555][    T1] loop: module loaded
[   44.168160][    T1] zram: Added device: zram0
[   44.200882][    T1] null_blk: disk nullb0 created
[   44.201969][    T1] null_blk: module loaded
[   44.206025][    T1] Guest personality initialized and is inactive
[   44.209041][    T1] VMCI host device registered (name=vmci, major=10, minor=118)
[   44.210372][    T1] Initialized host personality
[   44.211747][    T1] usbcore: registered new interface driver rtsx_usb
[   44.218447][    T1] usbcore: registered new interface driver viperboard
[   44.220595][    T1] usbcore: registered new interface driver dln2
[   44.227679][    T1] usbcore: registered new interface driver pn533_usb
[   44.242501][    T1] nfcsim 0.2 initialized
[   44.243805][    T1] usbcore: registered new interface driver port100
[   44.245466][    T1] usbcore: registered new interface driver nfcmrvl
[   44.264913][    T1] Loading iSCSI transport class v2.0-870.
[   44.286421][    T1] st: Version 20160209, fixed bufsize 32768, s/g segs 256
[   44.378833][    T1] scsi host0: ata_piix
[   44.389132][    T1] scsi host1: ata_piix
[   44.393116][    T1] ata1: PATA max MWDMA2 cmd 0x1f0 ctl 0x3f6 bmdma 0xc000 irq 14 lpm-pol 0
[   44.394332][    T1] ata2: PATA max MWDMA2 cmd 0x170 ctl 0x376 bmdma 0xc008 irq 15 lpm-pol 0
[   44.409843][    T1] Rounding down aligned max_sectors from 4294967295 to 4294967288
[   44.412217][    T1] db_root: cannot open: /etc/target
[   44.418874][    T1] slram: not enough parameters.
[   44.431786][    T1] ftl_cs: FTL header not found.
[   44.543712][    T1] wireguard: WireGuard 1.0.0 loaded. See www.wireguard.com for information.
[   44.545241][    T1] wireguard: Copyright (C) 2015-2019 Jason A. Donenfeld <Jason@zx2c4.com>. All Rights Reserved.
[   44.548622][    T1] eql: Equalizer2002: Simon Janes (simon@ncm.com) and David S. Miller (davem@redhat.com)
[   44.567250][ T1005] ata2: found unknown device (class 0)
[   44.570892][ T1005] ata2.00: ATAPI: QEMU DVD-ROM, 2.5+, max UDMA/100
[   44.573874][    T1] MACsec IEEE 802.1AE
[   44.596212][   T11] scsi 1:0:0:0: CD-ROM            QEMU     QEMU DVD-ROM     2.5+ PQ: 0 ANSI: 5
[   44.629660][    T1] usbcore: registered new interface driver mvusb_mdio
[   44.634829][    T1] tun: Universal TUN/TAP device driver, 1.6
[   44.645065][    T1] vcan: Virtual CAN interface driver
[   44.645767][    T1] vxcan: Virtual CAN Tunnel driver
[   44.646416][    T1] slcan: serial line CAN interface driver
[   44.647269][    T1] CAN device driver interface
[   44.648275][    T1] usbcore: registered new interface driver usb_8dev
[   44.650200][    T1] usbcore: registered new interface driver ems_usb
[   44.651417][    T1] usbcore: registered new interface driver esd_usb
[   44.652670][    T1] usbcore: registered new interface driver etas_es58x
[   44.654038][    T1] usbcore: registered new interface driver f81604
[   44.655262][    T1] usbcore: registered new interface driver gs_usb
[   44.656524][    T1] usbcore: registered new interface driver kvaser_usb
[   44.660891][    T1] usbcore: registered new interface driver mcba_usb
[   44.662794][    T1] usbcore: registered new interface driver peak_usb
[   44.664052][    T1] usbcore: registered new interface driver ucan
[   44.665700][    T1] e100: Intel(R) PRO/100 Network Driver
[   44.666443][    T1] e100: Copyright(c) 1999-2006 Intel Corporation
[   44.668965][    T1] e1000: Intel(R) PRO/1000 Network Driver
[   44.669742][    T1] e1000: Copyright (c) 1999-2006 Intel Corporation.
[   44.671149][    T1] e1000e: Intel(R) PRO/1000 Network Driver
[   44.671931][    T1] e1000e: Copyright(c) 1999 - 2015 Intel Corporation.
[   44.675596][    T1] mkiss: AX.25 Multikiss, Hans Albas PE1AYX
[   44.676408][    T1] AX.25: 6pack driver, Revision: 0.3.0
[   44.680121][    T1] AX.25: bpqether driver version 004
[   44.680834][    T1] PPP generic driver version 2.4.2
[   44.684363][    T1] PPP BSD Compression module registered
[   44.685142][    T1] PPP Deflate Compression module registered
[   44.685980][    T1] PPP MPPE Compression module registered
[   44.686719][    T1] NET: Registered PF_PPPOX protocol family
[   44.695843][    T1] PPTP driver version 0.8.5
[   44.697235][    T1] SLIP: version 0.8.4-NET3.019-NEWTTY (dynamic channels, max=256) (6 bit encapsulation enabled).
[   44.698684][    T1] CSLIP: code copyright 1989 Regents of the University of California.
[   44.700000][    T1] SLIP linefill/keepalive option.
[   44.700710][    T1] hdlc: HDLC support module revision 1.22
[   44.701513][    T1] LAPB Ethernet driver version 0.02
[   44.704178][    T1] usbcore: registered new interface driver ath9k_htc
[   44.705477][    T1] usbcore: registered new interface driver carl9170
[   44.706772][    T1] usbcore: registered new interface driver ath6kl_usb
[   44.709823][    T1] usbcore: registered new interface driver ar5523
[   44.712024][    T1] usbcore: registered new interface driver ath10k_usb
[   44.714572][    T1] usbcore: registered new interface driver plfxlc
[   44.716059][    T1] mac80211_hwsim: initializing netlink
[   44.739649][   T11] sr 1:0:0:0: [sr0] scsi3-mmc drive: 4x/4x cd/rw xa/form2 tray
[   44.741253][   T11] cdrom: Uniform CD-ROM driver Revision: 3.20
[   44.782239][    T1] usbcore: registered new interface driver atusb
[   44.816300][    T1] mac802154_hwsim mac802154_hwsim: Added 2 mac802154 hwsim hardware radios
[   44.819410][    T1] VMware vmxnet3 virtual NIC driver - version 1.9.0.0-k-NAPI
[   44.821322][    T1] usbcore: registered new interface driver catc
[   44.822567][    T1] usbcore: registered new interface driver kaweth
[   44.823465][    T1] pegasus: Pegasus/Pegasus II USB Ethernet driver
[   44.824793][    T1] usbcore: registered new interface driver pegasus
[   44.826034][    T1] usbcore: registered new interface driver rtl8150
[   44.827859][    T1] usbcore: registered new device driver r8152-cfgselector
[   44.830036][    T1] usbcore: registered new interface driver r8152
[   44.832453][    T1] usbcore: registered new interface driver hso
[   44.833921][    T1] usbcore: registered new interface driver lan78xx
[   44.837980][    T1] usbcore: registered new interface driver asix
[   44.839509][    T1] usbcore: registered new interface driver ax88179_178a
[   44.841761][    T1] usbcore: registered new interface driver cdc_ether
[   44.843383][    T1] usbcore: registered new interface driver cdc_eem
[   44.844946][    T1] usbcore: registered new interface driver dm9601
[   44.846435][    T1] usbcore: registered new interface driver sr9700
[   44.848652][    T1] usbcore: registered new interface driver CoreChips
[   44.849934][    T1] usbcore: registered new interface driver smsc75xx
[   44.851733][    T1] usbcore: registered new interface driver smsc95xx
[   44.853000][    T1] usbcore: registered new interface driver gl620a
[   44.854233][    T1] usbcore: registered new interface driver net1080
[   44.855916][    T1] usbcore: registered new interface driver plusb
[   44.857228][    T1] usbcore: registered new interface driver rndis_host
[   44.858534][    T1] usbcore: registered new interface driver cdc_subset
[   44.860399][    T1] usbcore: registered new interface driver zaurus
[   44.861628][    T1] usbcore: registered new interface driver MOSCHIP usb-ethernet driver
[   44.863465][    T1] usbcore: registered new interface driver int51x1
[   44.866842][    T1] usbcore: registered new interface driver cdc_phonet
[   44.874145][    T1] usbcore: registered new interface driver kalmia
[   44.875528][    T1] usbcore: registered new interface driver ipheth
[   44.876754][    T1] usbcore: registered new interface driver sierra_net
[   44.880116][    T1] usbcore: registered new interface driver cx82310_eth
[   44.882056][    T1] usbcore: registered new interface driver cdc_ncm
[   44.883481][    T1] usbcore: registered new interface driver huawei_cdc_ncm
[   44.885968][    T1] usbcore: registered new interface driver lg-vl600
[   44.888199][    T1] usbcore: registered new interface driver qmi_wwan
[   44.890726][    T1] usbcore: registered new interface driver cdc_mbim
[   44.892068][    T1] usbcore: registered new interface driver ch9200
[   44.893341][    T1] usbcore: registered new interface driver aqc111
[   44.894669][    T1] usbcore: registered new interface driver r8153_ecm
[   44.909289][   T11] sr 1:0:0:0: Attached scsi generic sg0 type 5
[   44.920298][    T1] VFIO - User Level meta-driver version: 0.3
[   44.936776][    T1] aoe: AoE v85 initialised.
[   44.978602][    T1] SPI driver max3421-hcd has no spi_device_id for maxim,max3421
[   44.980942][    T1] usbcore: registered new interface driver cdc_acm
[   44.981823][    T1] cdc_acm: USB Abstract Control Model driver for USB modems and ISDN adapters
[   44.983413][    T1] usbcore: registered new interface driver usblp
[   44.984673][    T1] usbcore: registered new interface driver cdc_wdm
[   44.985939][    T1] usbcore: registered new interface driver usbtmc
[   44.990938][    T1] usbcore: registered new interface driver uas
[   44.992732][    T1] usbcore: registered new interface driver usb-storage
[   44.994595][    T1] usbcore: registered new interface driver ums-alauda
[   44.996742][    T1] usbcore: registered new interface driver ums-cypress
[   44.999326][    T1] usbcore: registered new interface driver ums-datafab
[   45.001170][    T1] usbcore: registered new interface driver ums_eneub6250
[   45.003006][    T1] usbcore: registered new interface driver ums-freecom
[   45.004790][    T1] usbcore: registered new interface driver ums-isd200
[   45.006450][    T1] usbcore: registered new interface driver ums-jumpshot
[   45.010401][    T1] usbcore: registered new interface driver ums-karma
[   45.011735][    T1] usbcore: registered new interface driver ums-onetouch
[   45.013110][    T1] usbcore: registered new interface driver ums-realtek
[   45.014508][    T1] usbcore: registered new interface driver ums-sddr09
[   45.015908][    T1] usbcore: registered new interface driver ums-sddr55
[   45.017426][    T1] usbcore: registered new interface driver ums-usbat
[   45.019583][    T1] usbcore: registered new interface driver mdc800
[   45.020483][    T1] mdc800: v0.7.5 (30/10/2000):USB Driver for Mustek MDC800 Digital Camera
[   45.022776][    T1] usbcore: registered new interface driver microtekX6
[   45.024871][    T1] usbcore: registered new interface driver usbserial_generic
[   45.028580][    T1] usbserial: USB Serial support registered for generic
[   45.030134][    T1] usbcore: registered new interface driver aircable
[   45.031326][    T1] usbserial: USB Serial support registered for aircable
[   45.032617][    T1] usbcore: registered new interface driver ark3116
[   45.033791][    T1] usbserial: USB Serial support registered for ark3116
[   45.035095][    T1] usbcore: registered new interface driver belkin_sa
[   45.038576][    T1] usbserial: USB Serial support registered for Belkin / Peracom / GoHubs USB Serial Adapter
[   45.041089][    T1] usbcore: registered new interface driver ch341
[   45.042234][    T1] usbserial: USB Serial support registered for ch341-uart
[   45.043718][    T1] usbcore: registered new interface driver cp210x
[   45.045108][    T1] usbserial: USB Serial support registered for cp210x
[   45.046585][    T1] usbcore: registered new interface driver cyberjack
[   45.048030][    T1] usbserial: USB Serial support registered for Reiner SCT Cyberjack USB card reader
[   45.050639][    T1] usbcore: registered new interface driver cypress_m8
[   45.052123][    T1] usbserial: USB Serial support registered for DeLorme Earthmate USB
[   45.053681][    T1] usbserial: USB Serial support registered for HID->COM RS232 Adapter
[   45.055395][    T1] usbserial: USB Serial support registered for Nokia CA-42 V2 Adapter
[   45.058231][    T1] usbcore: registered new interface driver usb_debug
[   45.060203][    T1] usbserial: USB Serial support registered for debug
[   45.061522][    T1] usbserial: USB Serial support registered for xhci_dbc
[   45.062929][    T1] usbcore: registered new interface driver digi_acceleport
[   45.064383][    T1] usbserial: USB Serial support registered for Digi 2 port USB adapter
[   45.065921][    T1] usbserial: USB Serial support registered for Digi 4 port USB adapter
[   45.069862][    T1] usbcore: registered new interface driver io_edgeport
[   45.071174][    T1] usbserial: USB Serial support registered for Edgeport 2 port adapter
[   45.072580][    T1] usbserial: USB Serial support registered for Edgeport 4 port adapter
[   45.074008][    T1] usbserial: USB Serial support registered for Edgeport 8 port adapter
[   45.075382][    T1] usbserial: USB Serial support registered for EPiC device
[   45.076707][    T1] usbcore: registered new interface driver io_ti
[   45.078577][    T1] usbserial: USB Serial support registered for Edgeport TI 1 port adapter
[   45.080640][    T1] usbserial: USB Serial support registered for Edgeport TI 2 port adapter
[   45.082113][    T1] usbcore: registered new interface driver empeg
[   45.083236][    T1] usbserial: USB Serial support registered for empeg
[   45.084573][    T1] usbcore: registered new interface driver f81534a_ctrl
[   45.085883][    T1] usbcore: registered new interface driver f81232
[   45.087187][    T1] usbserial: USB Serial support registered for f81232
[   45.088409][    T1] usbserial: USB Serial support registered for f81534a
[   45.089704][    T1] usbcore: registered new interface driver f81534
[   45.090851][    T1] usbserial: USB Serial support registered for Fintek F81532/F81534
[   45.092936][    T1] usbcore: registered new interface driver ftdi_sio
[   45.094131][    T1] usbserial: USB Serial support registered for FTDI USB Serial Device
[   45.095571][    T1] usbcore: registered new interface driver garmin_gps
[   45.096775][    T1] usbserial: USB Serial support registered for Garmin GPS usb/tty
[   45.099740][    T1] usbcore: registered new interface driver ipaq
[   45.101022][    T1] usbserial: USB Serial support registered for PocketPC PDA
[   45.102479][    T1] usbcore: registered new interface driver ipw
[   45.104391][    T1] usbserial: USB Serial support registered for IPWireless converter
[   45.106003][    T1] usbcore: registered new interface driver ir_usb
[   45.108928][    T1] usbserial: USB Serial support registered for IR Dongle
[   45.110530][    T1] usbcore: registered new interface driver iuu_phoenix
[   45.111989][    T1] usbserial: USB Serial support registered for iuu_phoenix
[   45.113548][    T1] usbcore: registered new interface driver keyspan
[   45.114935][    T1] usbserial: USB Serial support registered for Keyspan - (without firmware)
[   45.116628][    T1] usbserial: USB Serial support registered for Keyspan 1 port adapter
[   45.118997][    T1] usbserial: USB Serial support registered for Keyspan 2 port adapter
[   45.120606][    T1] usbserial: USB Serial support registered for Keyspan 4 port adapter
[   45.122373][    T1] usbcore: registered new interface driver keyspan_pda
[   45.123880][    T1] usbserial: USB Serial support registered for Keyspan PDA
[   45.125397][    T1] usbserial: USB Serial support registered for Keyspan PDA - (prerenumeration)
[   45.127943][    T1] usbcore: registered new interface driver kl5kusb105
[   45.129252][    T1] usbserial: USB Serial support registered for KL5KUSB105D / PalmConnect
[   45.130995][    T1] usbcore: registered new interface driver kobil_sct
[   45.132395][    T1] usbserial: USB Serial support registered for KOBIL USB smart card terminal
[   45.134321][    T1] usbcore: registered new interface driver mct_u232
[   45.135669][    T1] usbserial: USB Serial support registered for MCT U232
[   45.137960][    T1] usbcore: registered new interface driver metro_usb
[   45.139291][    T1] usbserial: USB Serial support registered for Metrologic USB to Serial
[   45.141077][    T1] usbcore: registered new interface driver mos7720
[   45.142483][    T1] usbserial: USB Serial support registered for Moschip 2 port adapter
[   45.144201][    T1] usbcore: registered new interface driver mos7840
[   45.145589][    T1] usbserial: USB Serial support registered for Moschip 7840/7820 USB Serial Driver
[   45.148931][    T1] usbcore: registered new interface driver mxuport
[   45.150376][    T1] usbserial: USB Serial support registered for MOXA UPort
[   45.151986][    T1] usbcore: registered new interface driver navman
[   45.153412][    T1] usbserial: USB Serial support registered for navman
[   45.155778][    T1] usbcore: registered new interface driver omninet
[   45.158777][    T1] usbserial: USB Serial support registered for ZyXEL - omni.net usb
[   45.160516][    T1] usbcore: registered new interface driver opticon
[   45.161933][    T1] usbserial: USB Serial support registered for opticon
[   45.163388][    T1] usbcore: registered new interface driver option
[   45.164830][    T1] usbserial: USB Serial support registered for GSM modem (1-port)
[   45.166435][    T1] usbcore: registered new interface driver oti6858
[   45.167837][    T1] usbserial: USB Serial support registered for oti6858
[   45.169353][    T1] usbcore: registered new interface driver pl2303
[   45.170763][    T1] usbserial: USB Serial support registered for pl2303
[   45.172284][    T1] usbcore: registered new interface driver qcaux
[   45.173619][    T1] usbserial: USB Serial support registered for qcaux
[   45.174888][    T1] usbcore: registered new interface driver qcserial
[   45.176061][    T1] usbserial: USB Serial support registered for Qualcomm USB modem
[   45.178209][    T1] usbcore: registered new interface driver quatech2
[   45.179632][    T1] usbserial: USB Serial support registered for Quatech 2nd gen USB to Serial Driver
[   45.182287][    T1] usbcore: registered new interface driver safe_serial
[   45.183698][    T1] usbserial: USB Serial support registered for safe_serial
[   45.185907][    T1] usbcore: registered new interface driver sierra
[   45.188209][    T1] usbserial: USB Serial support registered for Sierra USB modem
[   45.189806][    T1] usbcore: registered new interface driver usb_serial_simple
[   45.191239][    T1] usbserial: USB Serial support registered for carelink
[   45.192612][    T1] usbserial: USB Serial support registered for flashloader
[   45.194076][    T1] usbserial: USB Serial support registered for funsoft
[   45.195415][    T1] usbserial: USB Serial support registered for google
[   45.196787][    T1] usbserial: USB Serial support registered for hp4x
[   45.199272][    T1] usbserial: USB Serial support registered for kaufmann
[   45.200798][    T1] usbserial: USB Serial support registered for libtransistor
[   45.202373][    T1] usbserial: USB Serial support registered for moto_modem
[   45.203885][    T1] usbserial: USB Serial support registered for motorola_tetra
[   45.205466][    T1] usbserial: USB Serial support registered for nokia
[   45.206912][    T1] usbserial: USB Serial support registered for novatel_gps
[   45.209989][    T1] usbserial: USB Serial support registered for siemens_mpi
[   45.211554][    T1] usbserial: USB Serial support registered for suunto
[   45.213067][    T1] usbserial: USB Serial support registered for vivopay
[   45.214561][    T1] usbserial: USB Serial support registered for zio
[   45.216120][    T1] usbcore: registered new interface driver spcp8x5
[   45.218454][    T1] usbserial: USB Serial support registered for SPCP8x5
[   45.220099][    T1] usbcore: registered new interface driver ssu100
[   45.221577][    T1] usbserial: USB Serial support registered for Quatech SSU-100 USB to Serial Driver
[   45.223668][    T1] usbcore: registered new interface driver symbolserial
[   45.225233][    T1] usbserial: USB Serial support registered for symbol
[   45.226884][    T1] usbcore: registered new interface driver ti_usb_3410_5052
[   45.229537][    T1] usbserial: USB Serial support registered for TI USB 3410 1 port adapter
[   45.231348][    T1] usbserial: USB Serial support registered for TI USB 5052 2 port adapter
[   45.233169][    T1] usbcore: registered new interface driver upd78f0730
[   45.234665][    T1] usbserial: USB Serial support registered for upd78f0730
[   45.236267][    T1] usbcore: registered new interface driver visor
[   45.238492][    T1] usbserial: USB Serial support registered for Handspring Visor / Palm OS
[   45.240168][    T1] usbserial: USB Serial support registered for Sony Clie 5.0
[   45.241693][    T1] usbserial: USB Serial support registered for Sony Clie 3.5
[   45.243333][    T1] usbcore: registered new interface driver wishbone_serial
[   45.244853][    T1] usbserial: USB Serial support registered for wishbone_serial
[   45.246489][    T1] usbcore: registered new interface driver whiteheat
[   45.248851][    T1] usbserial: USB Serial support registered for Connect Tech - WhiteHEAT - (prerenumeration)
[   45.250750][    T1] usbserial: USB Serial support registered for Connect Tech - WhiteHEAT
[   45.253229][    T1] usbcore: registered new interface driver xr_serial
[   45.254431][    T1] usbserial: USB Serial support registered for xr_serial
[   45.255720][    T1] usbcore: registered new interface driver xsens_mt
[   45.256894][    T1] usbserial: USB Serial support registered for xsens_mt
[   45.258685][    T1] usbcore: registered new interface driver adutux
[   45.259931][    T1] usbcore: registered new interface driver appledisplay
[   45.261424][    T1] usbcore: registered new interface driver cypress_cy7c63
[   45.262811][    T1] usbcore: registered new interface driver cytherm
[   45.264134][    T1] usbcore: registered new interface driver emi26 - firmware loader
[   45.265622][    T1] usbcore: registered new interface driver emi62 - firmware loader
[   45.267789][    T1] usbcore: registered new device driver apple-mfi-fastcharge
[   45.269214][    T1] usbcore: registered new interface driver ljca
[   45.270468][    T1] usbcore: registered new interface driver idmouse
[   45.272396][    T1] usbcore: registered new interface driver iowarrior
[   45.273752][    T1] usbcore: registered new interface driver isight_firmware
[   45.275150][    T1] usbcore: registered new interface driver usblcd
[   45.276489][    T1] usbcore: registered new interface driver ldusb
[   45.279537][    T1] usbcore: registered new interface driver legousbtower
[   45.281514][    T1] usbcore: registered new interface driver usbtest
[   45.282835][    T1] usbcore: registered new interface driver usb_ehset_test
[   45.284248][    T1] usbcore: registered new interface driver trancevibrator
[   45.285660][    T1] usbcore: registered new interface driver uss720
[   45.286537][    T1] uss720: USB Parport Cable driver for Cables using the Lucent Technologies USS720 Chip
[   45.288565][    T1] uss720: NOTE: this is a special purpose driver to allow nonstandard
[   45.289680][    T1] uss720: protocols (eg. bitbang) over USS720 usb to parallel cables
[   45.290788][    T1] uss720: If you just want to connect to a printer, use usblp instead
[   45.292399][    T1] usbcore: registered new interface driver usbsevseg
[   45.293763][    T1] usbcore: registered new interface driver yurex
[   45.297209][    T1] usbcore: registered new interface driver chaoskey
[   45.300257][    T1] usbcore: registered new interface driver sisusb
[   45.301572][    T1] usbcore: registered new interface driver lvs
[   45.302803][    T1] usbcore: registered new interface driver cxacru
[   45.304083][    T1] usbcore: registered new interface driver speedtch
[   45.305408][    T1] usbcore: registered new interface driver ueagle-atm
[   45.306334][    T1] xusbatm: malformed module parameters
[   45.313130][    T1] dummy_hcd dummy_hcd.0: USB Host+Gadget Emulator, driver 02 May 2005
[   45.315954][    T1] dummy_hcd dummy_hcd.0: Dummy host controller
[   45.321639][    T1] dummy_hcd dummy_hcd.0: new USB bus registered, assigned bus number 1
[   45.332014][    T1] usb usb1: New USB device found, idVendor=1d6b, idProduct=0002, bcdDevice= 6.11
[   45.333610][    T1] usb usb1: New USB device strings: Mfr=3, Product=2, SerialNumber=1
[   45.334840][    T1] usb usb1: Product: Dummy host controller
[   45.335735][    T1] usb usb1: Manufacturer: Linux 6.11.0-rc7-00151-gd17c30814ced-dirty dummy_hcd
[   45.337709][    T1] usb usb1: SerialNumber: dummy_hcd.0
[   45.354298][    T1] hub 1-0:1.0: USB hub found
[   45.356301][    T1] hub 1-0:1.0: 1 port detected
[   45.386910][    T1] SPI driver max3420-udc has no spi_device_id for maxim,max3421-udc
[   45.390437][    T1] gadgetfs: USB Gadget filesystem, version 24 Aug 2004
[   45.396826][    T1] vhci_hcd vhci_hcd.0: USB/IP Virtual Host Controller
[   45.400640][    T1] vhci_hcd vhci_hcd.0: new USB bus registered, assigned bus number 2
[   45.403848][    T1] vhci_hcd: created sysfs vhci_hcd.0
[   45.408415][    T1] usb usb2: New USB device found, idVendor=1d6b, idProduct=0002, bcdDevice= 6.11
[   45.409665][    T1] usb usb2: New USB device strings: Mfr=3, Product=2, SerialNumber=1
[   45.410746][    T1] usb usb2: Product: USB/IP Virtual Host Controller
[   45.411643][    T1] usb usb2: Manufacturer: Linux 6.11.0-rc7-00151-gd17c30814ced-dirty vhci_hcd
[   45.412877][    T1] usb usb2: SerialNumber: vhci_hcd.0
[   45.423291][    T1] hub 2-0:1.0: USB hub found
[   45.425013][    T1] hub 2-0:1.0: 8 ports detected
[   45.456374][    T1] vhci_hcd vhci_hcd.0: USB/IP Virtual Host Controller
[   45.462683][    T1] vhci_hcd vhci_hcd.0: new USB bus registered, assigned bus number 3
[   45.465648][    T1] usb usb3: We don't know the algorithms for LPM for this host, disabling LPM.
[   45.471508][    T1] usb usb3: New USB device found, idVendor=1d6b, idProduct=0003, bcdDevice= 6.11
[   45.473021][    T1] usb usb3: New USB device strings: Mfr=3, Product=2, SerialNumber=1
[   45.474329][    T1] usb usb3: Product: USB/IP Virtual Host Controller
[   45.475399][    T1] usb usb3: Manufacturer: Linux 6.11.0-rc7-00151-gd17c30814ced-dirty vhci_hcd
[   45.476837][    T1] usb usb3: SerialNumber: vhci_hcd.0
[   45.487780][    T1] hub 3-0:1.0: USB hub found
[   45.489260][    T1] hub 3-0:1.0: 8 ports detected
[   45.531125][    T1] vhci_hcd vhci_hcd.1: USB/IP Virtual Host Controller
[   45.536060][    T1] vhci_hcd vhci_hcd.1: new USB bus registered, assigned bus number 4
[   45.542746][    T1] usb usb4: New USB device found, idVendor=1d6b, idProduct=0002, bcdDevice= 6.11
[   45.544314][    T1] usb usb4: New USB device strings: Mfr=3, Product=2, SerialNumber=1
[   45.545696][    T1] usb usb4: Product: USB/IP Virtual Host Controller
[   45.546833][    T1] usb usb4: Manufacturer: Linux 6.11.0-rc7-00151-gd17c30814ced-dirty vhci_hcd
[   45.548385][    T1] usb usb4: SerialNumber: vhci_hcd.1
[   45.559673][    T1] hub 4-0:1.0: USB hub found
[   45.561730][    T1] hub 4-0:1.0: 8 ports detected
[   45.599941][    T1] vhci_hcd vhci_hcd.1: USB/IP Virtual Host Controller
[   45.605534][    T1] vhci_hcd vhci_hcd.1: new USB bus registered, assigned bus number 5
[   45.608697][    T1] usb usb5: We don't know the algorithms for LPM for this host, disabling LPM.
[   45.614598][    T1] usb usb5: New USB device found, idVendor=1d6b, idProduct=0003, bcdDevice= 6.11
[   45.616233][    T1] usb usb5: New USB device strings: Mfr=3, Product=2, SerialNumber=1
[   45.617920][    T1] usb usb5: Product: USB/IP Virtual Host Controller
[   45.619044][    T1] usb usb5: Manufacturer: Linux 6.11.0-rc7-00151-gd17c30814ced-dirty vhci_hcd
[   45.620561][    T1] usb usb5: SerialNumber: vhci_hcd.1
[   45.632461][    T1] hub 5-0:1.0: USB hub found
[   45.634379][    T1] hub 5-0:1.0: 8 ports detected
[   45.676007][    T1] vhci_hcd vhci_hcd.2: USB/IP Virtual Host Controller
[   45.686819][    T1] vhci_hcd vhci_hcd.2: new USB bus registered, assigned bus number 6
[   45.693333][    T1] usb usb6: New USB device found, idVendor=1d6b, idProduct=0002, bcdDevice= 6.11
[   45.694914][    T1] usb usb6: New USB device strings: Mfr=3, Product=2, SerialNumber=1
[   45.696293][    T1] usb usb6: Product: USB/IP Virtual Host Controller
[   45.697545][    T1] usb usb6: Manufacturer: Linux 6.11.0-rc7-00151-gd17c30814ced-dirty vhci_hcd
[   45.699079][    T1] usb usb6: SerialNumber: vhci_hcd.2
[   45.710714][    T1] hub 6-0:1.0: USB hub found
[   45.712724][    T1] hub 6-0:1.0: 8 ports detected
[   45.754309][    T1] vhci_hcd vhci_hcd.2: USB/IP Virtual Host Controller
[   45.758649][    T1] vhci_hcd vhci_hcd.2: new USB bus registered, assigned bus number 7
[   45.761790][    T1] usb usb7: We don't know the algorithms for LPM for this host, disabling LPM.
[   45.767413][    T1] usb usb7: New USB device found, idVendor=1d6b, idProduct=0003, bcdDevice= 6.11
[   45.768952][    T1] usb usb7: New USB device strings: Mfr=3, Product=2, SerialNumber=1
[   45.770248][    T1] usb usb7: Product: USB/IP Virtual Host Controller
[   45.771323][    T1] usb usb7: Manufacturer: Linux 6.11.0-rc7-00151-gd17c30814ced-dirty vhci_hcd
[   45.772761][    T1] usb usb7: SerialNumber: vhci_hcd.2
[   45.785645][    T1] hub 7-0:1.0: USB hub found
[   45.787583][    T1] hub 7-0:1.0: 8 ports detected
[   45.839320][    T1] vhci_hcd vhci_hcd.3: USB/IP Virtual Host Controller
[   45.843845][    T1] vhci_hcd vhci_hcd.3: new USB bus registered, assigned bus number 8
[   45.850769][    T1] usb usb8: New USB device found, idVendor=1d6b, idProduct=0002, bcdDevice= 6.11
[   45.852391][    T1] usb usb8: New USB device strings: Mfr=3, Product=2, SerialNumber=1
[   45.853824][    T1] usb usb8: Product: USB/IP Virtual Host Controller
[   45.855006][    T1] usb usb8: Manufacturer: Linux 6.11.0-rc7-00151-gd17c30814ced-dirty vhci_hcd
[   45.856525][    T1] usb usb8: SerialNumber: vhci_hcd.3
[   45.869052][    T1] hub 8-0:1.0: USB hub found
[   45.871051][    T1] hub 8-0:1.0: 8 ports detected
[   45.909628][    T1] vhci_hcd vhci_hcd.3: USB/IP Virtual Host Controller
[   45.914257][    T1] vhci_hcd vhci_hcd.3: new USB bus registered, assigned bus number 9
[   45.917969][    T1] usb usb9: We don't know the algorithms for LPM for this host, disabling LPM.
[   45.923451][    T1] usb usb9: New USB device found, idVendor=1d6b, idProduct=0003, bcdDevice= 6.11
[   45.924974][    T1] usb usb9: New USB device strings: Mfr=3, Product=2, SerialNumber=1
[   45.926265][    T1] usb usb9: Product: USB/IP Virtual Host Controller
[   45.928616][    T1] usb usb9: Manufacturer: Linux 6.11.0-rc7-00151-gd17c30814ced-dirty vhci_hcd
[   45.930036][    T1] usb usb9: SerialNumber: vhci_hcd.3
[   45.942494][    T1] hub 9-0:1.0: USB hub found
[   45.944342][    T1] hub 9-0:1.0: 8 ports detected
[   45.984367][    T1] vhci_hcd vhci_hcd.4: USB/IP Virtual Host Controller
[   45.988832][    T1] vhci_hcd vhci_hcd.4: new USB bus registered, assigned bus number 10
[   45.995232][    T1] usb usb10: New USB device found, idVendor=1d6b, idProduct=0002, bcdDevice= 6.11
[   45.996895][    T1] usb usb10: New USB device strings: Mfr=3, Product=2, SerialNumber=1
[   45.998321][    T1] usb usb10: Product: USB/IP Virtual Host Controller
[   45.999462][    T1] usb usb10: Manufacturer: Linux 6.11.0-rc7-00151-gd17c30814ced-dirty vhci_hcd
[   46.000952][    T1] usb usb10: SerialNumber: vhci_hcd.4
[   46.013409][    T1] hub 10-0:1.0: USB hub found
[   46.015393][    T1] hub 10-0:1.0: 8 ports detected
[   46.053605][    T1] vhci_hcd vhci_hcd.4: USB/IP Virtual Host Controller
[   46.061504][    T1] vhci_hcd vhci_hcd.4: new USB bus registered, assigned bus number 11
[   46.064778][    T1] usb usb11: We don't know the algorithms for LPM for this host, disabling LPM.
[   46.071080][    T1] usb usb11: New USB device found, idVendor=1d6b, idProduct=0003, bcdDevice= 6.11
[   46.072768][    T1] usb usb11: New USB device strings: Mfr=3, Product=2, SerialNumber=1
[   46.074143][    T1] usb usb11: Product: USB/IP Virtual Host Controller
[   46.075326][    T1] usb usb11: Manufacturer: Linux 6.11.0-rc7-00151-gd17c30814ced-dirty vhci_hcd
[   46.076842][    T1] usb usb11: SerialNumber: vhci_hcd.4
[   46.088551][    T1] hub 11-0:1.0: USB hub found
[   46.091985][    T1] hub 11-0:1.0: 8 ports detected
[   46.142150][    T1] vhci_hcd vhci_hcd.5: USB/IP Virtual Host Controller
[   46.146685][    T1] vhci_hcd vhci_hcd.5: new USB bus registered, assigned bus number 12
[   46.154237][    T1] usb usb12: New USB device found, idVendor=1d6b, idProduct=0002, bcdDevice= 6.11
[   46.155818][    T1] usb usb12: New USB device strings: Mfr=3, Product=2, SerialNumber=1
[   46.157295][    T1] usb usb12: Product: USB/IP Virtual Host Controller
[   46.158438][    T1] usb usb12: Manufacturer: Linux 6.11.0-rc7-00151-gd17c30814ced-dirty vhci_hcd
[   46.159910][    T1] usb usb12: SerialNumber: vhci_hcd.5
[   46.172264][    T1] hub 12-0:1.0: USB hub found
[   46.174143][    T1] hub 12-0:1.0: 8 ports detected
[   46.211504][    T1] vhci_hcd vhci_hcd.5: USB/IP Virtual Host Controller
[   46.218402][    T1] vhci_hcd vhci_hcd.5: new USB bus registered, assigned bus number 13
[   46.221922][    T1] usb usb13: We don't know the algorithms for LPM for this host, disabling LPM.
[   46.228385][    T1] usb usb13: New USB device found, idVendor=1d6b, idProduct=0003, bcdDevice= 6.11
[   46.230067][    T1] usb usb13: New USB device strings: Mfr=3, Product=2, SerialNumber=1
[   46.231591][    T1] usb usb13: Product: USB/IP Virtual Host Controller
[   46.232799][    T1] usb usb13: Manufacturer: Linux 6.11.0-rc7-00151-gd17c30814ced-dirty vhci_hcd
[   46.234309][    T1] usb usb13: SerialNumber: vhci_hcd.5
[   46.246889][    T1] hub 13-0:1.0: USB hub found
[   46.248907][    T1] hub 13-0:1.0: 8 ports detected
[   46.298720][    T1] vhci_hcd vhci_hcd.6: USB/IP Virtual Host Controller
[   46.303446][    T1] vhci_hcd vhci_hcd.6: new USB bus registered, assigned bus number 14
[   46.312900][    T1] usb usb14: New USB device found, idVendor=1d6b, idProduct=0002, bcdDevice= 6.11
[   46.314629][    T1] usb usb14: New USB device strings: Mfr=3, Product=2, SerialNumber=1
[   46.316026][    T1] usb usb14: Product: USB/IP Virtual Host Controller
[   46.317199][    T1] usb usb14: Manufacturer: Linux 6.11.0-rc7-00151-gd17c30814ced-dirty vhci_hcd
[   46.318627][    T1] usb usb14: SerialNumber: vhci_hcd.6
[   46.329774][    T1] hub 14-0:1.0: USB hub found
[   46.331750][    T1] hub 14-0:1.0: 8 ports detected
[   46.369667][    T1] vhci_hcd vhci_hcd.6: USB/IP Virtual Host Controller
[   46.374239][    T1] vhci_hcd vhci_hcd.6: new USB bus registered, assigned bus number 15
[   46.377588][    T1] usb usb15: We don't know the algorithms for LPM for this host, disabling LPM.
[   46.383051][    T1] usb usb15: New USB device found, idVendor=1d6b, idProduct=0003, bcdDevice= 6.11
[   46.384519][    T1] usb usb15: New USB device strings: Mfr=3, Product=2, SerialNumber=1
[   46.385795][    T1] usb usb15: Product: USB/IP Virtual Host Controller
[   46.386784][    T1] usb usb15: Manufacturer: Linux 6.11.0-rc7-00151-gd17c30814ced-dirty vhci_hcd
[   46.388334][    T1] usb usb15: SerialNumber: vhci_hcd.6
[   46.399908][    T1] hub 15-0:1.0: USB hub found
[   46.401872][    T1] hub 15-0:1.0: 8 ports detected
[   46.450088][    T1] vhci_hcd vhci_hcd.7: USB/IP Virtual Host Controller
[   46.454334][    T1] vhci_hcd vhci_hcd.7: new USB bus registered, assigned bus number 16
[   46.460526][    T1] usb usb16: New USB device found, idVendor=1d6b, idProduct=0002, bcdDevice= 6.11
[   46.462138][    T1] usb usb16: New USB device strings: Mfr=3, Product=2, SerialNumber=1
[   46.463467][    T1] usb usb16: Product: USB/IP Virtual Host Controller
[   46.464597][    T1] usb usb16: Manufacturer: Linux 6.11.0-rc7-00151-gd17c30814ced-dirty vhci_hcd
[   46.466072][    T1] usb usb16: SerialNumber: vhci_hcd.7
[   46.477635][    T1] hub 16-0:1.0: USB hub found
[   46.480859][    T1] hub 16-0:1.0: 8 ports detected
[   46.517469][    T1] vhci_hcd vhci_hcd.7: USB/IP Virtual Host Controller
[   46.523448][    T1] vhci_hcd vhci_hcd.7: new USB bus registered, assigned bus number 17
[   46.527390][    T1] usb usb17: We don't know the algorithms for LPM for this host, disabling LPM.
[   46.532732][    T1] usb usb17: New USB device found, idVendor=1d6b, idProduct=0003, bcdDevice= 6.11
[   46.534325][    T1] usb usb17: New USB device strings: Mfr=3, Product=2, SerialNumber=1
[   46.535742][    T1] usb usb17: Product: USB/IP Virtual Host Controller
[   46.536913][    T1] usb usb17: Manufacturer: Linux 6.11.0-rc7-00151-gd17c30814ced-dirty vhci_hcd
[   46.538450][    T1] usb usb17: SerialNumber: vhci_hcd.7
[   46.549490][    T1] hub 17-0:1.0: USB hub found
[   46.551382][    T1] hub 17-0:1.0: 8 ports detected
[   46.595342][    T1] vhci_hcd vhci_hcd.8: USB/IP Virtual Host Controller
[   46.599193][    T1] vhci_hcd vhci_hcd.8: new USB bus registered, assigned bus number 18
[   46.605586][    T1] usb usb18: New USB device found, idVendor=1d6b, idProduct=0002, bcdDevice= 6.11
[   46.607371][    T1] usb usb18: New USB device strings: Mfr=3, Product=2, SerialNumber=1
[   46.608897][    T1] usb usb18: Product: USB/IP Virtual Host Controller
[   46.610105][    T1] usb usb18: Manufacturer: Linux 6.11.0-rc7-00151-gd17c30814ced-dirty vhci_hcd
[   46.611645][    T1] usb usb18: SerialNumber: vhci_hcd.8
[   46.624165][    T1] hub 18-0:1.0: USB hub found
[   46.626096][    T1] hub 18-0:1.0: 8 ports detected
[   46.662258][    T1] vhci_hcd vhci_hcd.8: USB/IP Virtual Host Controller
[   46.669106][    T1] vhci_hcd vhci_hcd.8: new USB bus registered, assigned bus number 19
[   46.674152][    T1] usb usb19: We don't know the algorithms for LPM for this host, disabling LPM.
[   46.681911][    T1] usb usb19: New USB device found, idVendor=1d6b, idProduct=0003, bcdDevice= 6.11
[   46.684145][    T1] usb usb19: New USB device strings: Mfr=3, Product=2, SerialNumber=1
[   46.686117][    T1] usb usb19: Product: USB/IP Virtual Host Controller
[   46.688860][    T1] usb usb19: Manufacturer: Linux 6.11.0-rc7-00151-gd17c30814ced-dirty vhci_hcd
[   46.691012][    T1] usb usb19: SerialNumber: vhci_hcd.8
[   46.705288][    T1] hub 19-0:1.0: USB hub found
[   46.710559][    T1] hub 19-0:1.0: 8 ports detected
[   46.751743][    T1] vhci_hcd vhci_hcd.9: USB/IP Virtual Host Controller
[   46.755305][    T1] vhci_hcd vhci_hcd.9: new USB bus registered, assigned bus number 20
[   46.761720][    T1] usb usb20: New USB device found, idVendor=1d6b, idProduct=0002, bcdDevice= 6.11
[   46.763304][    T1] usb usb20: New USB device strings: Mfr=3, Product=2, SerialNumber=1
[   46.764691][    T1] usb usb20: Product: USB/IP Virtual Host Controller
[   46.765807][    T1] usb usb20: Manufacturer: Linux 6.11.0-rc7-00151-gd17c30814ced-dirty vhci_hcd
[   46.767360][    T1] usb usb20: SerialNumber: vhci_hcd.9
[   46.778104][    T1] hub 20-0:1.0: USB hub found
[   46.779888][    T1] hub 20-0:1.0: 8 ports detected
[   46.809831][    T1] vhci_hcd vhci_hcd.9: USB/IP Virtual Host Controller
[   46.814597][    T1] vhci_hcd vhci_hcd.9: new USB bus registered, assigned bus number 21
[   46.818747][    T1] usb usb21: We don't know the algorithms for LPM for this host, disabling LPM.
[   46.823107][    T1] usb usb21: New USB device found, idVendor=1d6b, idProduct=0003, bcdDevice= 6.11
[   46.824365][    T1] usb usb21: New USB device strings: Mfr=3, Product=2, SerialNumber=1
[   46.825452][    T1] usb usb21: Product: USB/IP Virtual Host Controller
[   46.826341][    T1] usb usb21: Manufacturer: Linux 6.11.0-rc7-00151-gd17c30814ced-dirty vhci_hcd
[   46.827564][    T1] usb usb21: SerialNumber: vhci_hcd.9
[   46.838311][    T1] hub 21-0:1.0: USB hub found
[   46.840271][    T1] hub 21-0:1.0: 8 ports detected
[   46.877901][    T1] vhci_hcd vhci_hcd.10: USB/IP Virtual Host Controller
[   46.881408][    T1] vhci_hcd vhci_hcd.10: new USB bus registered, assigned bus number 22
[   46.886188][    T1] usb usb22: New USB device found, idVendor=1d6b, idProduct=0002, bcdDevice= 6.11
[   46.887507][    T1] usb usb22: New USB device strings: Mfr=3, Product=2, SerialNumber=1
[   46.888608][    T1] usb usb22: Product: USB/IP Virtual Host Controller
[   46.889528][    T1] usb usb22: Manufacturer: Linux 6.11.0-rc7-00151-gd17c30814ced-dirty vhci_hcd
[   46.890749][    T1] usb usb22: SerialNumber: vhci_hcd.10
[   46.900691][    T1] hub 22-0:1.0: USB hub found
[   46.902242][    T1] hub 22-0:1.0: 8 ports detected
[   46.933305][    T1] vhci_hcd vhci_hcd.10: USB/IP Virtual Host Controller
[   46.938004][    T1] vhci_hcd vhci_hcd.10: new USB bus registered, assigned bus number 23
[   46.941194][    T1] usb usb23: We don't know the algorithms for LPM for this host, disabling LPM.
[   46.945879][    T1] usb usb23: New USB device found, idVendor=1d6b, idProduct=0003, bcdDevice= 6.11
[   46.947196][    T1] usb usb23: New USB device strings: Mfr=3, Product=2, SerialNumber=1
[   46.948323][    T1] usb usb23: Product: USB/IP Virtual Host Controller
[   46.949227][    T1] usb usb23: Manufacturer: Linux 6.11.0-rc7-00151-gd17c30814ced-dirty vhci_hcd
[   46.950436][    T1] usb usb23: SerialNumber: vhci_hcd.10
[   46.959676][    T1] hub 23-0:1.0: USB hub found
[   46.961155][    T1] hub 23-0:1.0: 8 ports detected
[   47.003931][    T1] vhci_hcd vhci_hcd.11: USB/IP Virtual Host Controller
[   47.008461][    T1] vhci_hcd vhci_hcd.11: new USB bus registered, assigned bus number 24
[   47.013614][    T1] usb usb24: New USB device found, idVendor=1d6b, idProduct=0002, bcdDevice= 6.11
[   47.015182][    T1] usb usb24: New USB device strings: Mfr=3, Product=2, SerialNumber=1
[   47.016581][    T1] usb usb24: Product: USB/IP Virtual Host Controller
[   47.017906][    T1] usb usb24: Manufacturer: Linux 6.11.0-rc7-00151-gd17c30814ced-dirty vhci_hcd
[   47.019396][    T1] usb usb24: SerialNumber: vhci_hcd.11
[   47.028835][    T1] hub 24-0:1.0: USB hub found
[   47.030487][    T1] hub 24-0:1.0: 8 ports detected
[   47.062199][    T1] vhci_hcd vhci_hcd.11: USB/IP Virtual Host Controller
[   47.066836][    T1] vhci_hcd vhci_hcd.11: new USB bus registered, assigned bus number 25
[   47.069972][    T1] usb usb25: We don't know the algorithms for LPM for this host, disabling LPM.
[   47.075175][    T1] usb usb25: New USB device found, idVendor=1d6b, idProduct=0003, bcdDevice= 6.11
[   47.076696][    T1] usb usb25: New USB device strings: Mfr=3, Product=2, SerialNumber=1
[   47.078025][    T1] usb usb25: Product: USB/IP Virtual Host Controller
[   47.078959][    T1] usb usb25: Manufacturer: Linux 6.11.0-rc7-00151-gd17c30814ced-dirty vhci_hcd
[   47.080334][    T1] usb usb25: SerialNumber: vhci_hcd.11
[   47.091558][    T1] hub 25-0:1.0: USB hub found
[   47.093505][    T1] hub 25-0:1.0: 8 ports detected
[   47.139837][    T1] vhci_hcd vhci_hcd.12: USB/IP Virtual Host Controller
[   47.144714][    T1] vhci_hcd vhci_hcd.12: new USB bus registered, assigned bus number 26
[   47.150108][    T1] usb usb26: New USB device found, idVendor=1d6b, idProduct=0002, bcdDevice= 6.11
[   47.151473][    T1] usb usb26: New USB device strings: Mfr=3, Product=2, SerialNumber=1
[   47.152650][    T1] usb usb26: Product: USB/IP Virtual Host Controller
[   47.153547][    T1] usb usb26: Manufacturer: Linux 6.11.0-rc7-00151-gd17c30814ced-dirty vhci_hcd
[   47.154771][    T1] usb usb26: SerialNumber: vhci_hcd.12
[   47.165802][    T1] hub 26-0:1.0: USB hub found
[   47.170665][    T1] hub 26-0:1.0: 8 ports detected
[   47.214957][    T1] vhci_hcd vhci_hcd.12: USB/IP Virtual Host Controller
[   47.219445][    T1] vhci_hcd vhci_hcd.12: new USB bus registered, assigned bus number 27
[   47.222980][    T1] usb usb27: We don't know the algorithms for LPM for this host, disabling LPM.
[   47.228962][    T1] usb usb27: New USB device found, idVendor=1d6b, idProduct=0003, bcdDevice= 6.11
[   47.230590][    T1] usb usb27: New USB device strings: Mfr=3, Product=2, SerialNumber=1
[   47.232003][    T1] usb usb27: Product: USB/IP Virtual Host Controller
[   47.233210][    T1] usb usb27: Manufacturer: Linux 6.11.0-rc7-00151-gd17c30814ced-dirty vhci_hcd
[   47.234815][    T1] usb usb27: SerialNumber: vhci_hcd.12
[   47.247759][    T1] hub 27-0:1.0: USB hub found
[   47.249622][    T1] hub 27-0:1.0: 8 ports detected
[   47.297391][    T1] vhci_hcd vhci_hcd.13: USB/IP Virtual Host Controller
[   47.301794][    T1] vhci_hcd vhci_hcd.13: new USB bus registered, assigned bus number 28
[   47.309405][    T1] usb usb28: New USB device found, idVendor=1d6b, idProduct=0002, bcdDevice= 6.11
[   47.311082][    T1] usb usb28: New USB device strings: Mfr=3, Product=2, SerialNumber=1
[   47.312391][    T1] usb usb28: Product: USB/IP Virtual Host Controller
[   47.313483][    T1] usb usb28: Manufacturer: Linux 6.11.0-rc7-00151-gd17c30814ced-dirty vhci_hcd
[   47.315030][    T1] usb usb28: SerialNumber: vhci_hcd.13
[   47.325835][    T1] hub 28-0:1.0: USB hub found
[   47.330991][    T1] hub 28-0:1.0: 8 ports detected
[   47.370289][    T1] vhci_hcd vhci_hcd.13: USB/IP Virtual Host Controller
[   47.375867][    T1] vhci_hcd vhci_hcd.13: new USB bus registered, assigned bus number 29
[   47.379276][    T1] usb usb29: We don't know the algorithms for LPM for this host, disabling LPM.
[   47.385039][    T1] usb usb29: New USB device found, idVendor=1d6b, idProduct=0003, bcdDevice= 6.11
[   47.386586][    T1] usb usb29: New USB device strings: Mfr=3, Product=2, SerialNumber=1
[   47.388155][    T1] usb usb29: Product: USB/IP Virtual Host Controller
[   47.389267][    T1] usb usb29: Manufacturer: Linux 6.11.0-rc7-00151-gd17c30814ced-dirty vhci_hcd
[   47.390705][    T1] usb usb29: SerialNumber: vhci_hcd.13
[   47.402195][    T1] hub 29-0:1.0: USB hub found
[   47.404180][    T1] hub 29-0:1.0: 8 ports detected
[   47.456163][    T1] vhci_hcd vhci_hcd.14: USB/IP Virtual Host Controller
[   47.462695][    T1] vhci_hcd vhci_hcd.14: new USB bus registered, assigned bus number 30
[   47.469444][    T1] usb usb30: New USB device found, idVendor=1d6b, idProduct=0002, bcdDevice= 6.11
[   47.471086][    T1] usb usb30: New USB device strings: Mfr=3, Product=2, SerialNumber=1
[   47.472507][    T1] usb usb30: Product: USB/IP Virtual Host Controller
[   47.473663][    T1] usb usb30: Manufacturer: Linux 6.11.0-rc7-00151-gd17c30814ced-dirty vhci_hcd
[   47.475198][    T1] usb usb30: SerialNumber: vhci_hcd.14
[   47.490092][    T1] hub 30-0:1.0: USB hub found
[   47.492061][    T1] hub 30-0:1.0: 8 ports detected
[   47.534812][    T1] vhci_hcd vhci_hcd.14: USB/IP Virtual Host Controller
[   47.539137][    T1] vhci_hcd vhci_hcd.14: new USB bus registered, assigned bus number 31
[   47.542637][    T1] usb usb31: We don't know the algorithms for LPM for this host, disabling LPM.
[   47.548767][    T1] usb usb31: New USB device found, idVendor=1d6b, idProduct=0003, bcdDevice= 6.11
[   47.550384][    T1] usb usb31: New USB device strings: Mfr=3, Product=2, SerialNumber=1
[   47.551758][    T1] usb usb31: Product: USB/IP Virtual Host Controller
[   47.552943][    T1] usb usb31: Manufacturer: Linux 6.11.0-rc7-00151-gd17c30814ced-dirty vhci_hcd
[   47.554445][    T1] usb usb31: SerialNumber: vhci_hcd.14
[   47.565693][    T1] hub 31-0:1.0: USB hub found
[   47.567668][    T1] hub 31-0:1.0: 8 ports detected
[   47.613568][    T1] vhci_hcd vhci_hcd.15: USB/IP Virtual Host Controller
[   47.619442][    T1] vhci_hcd vhci_hcd.15: new USB bus registered, assigned bus number 32
[   47.625910][    T1] usb usb32: New USB device found, idVendor=1d6b, idProduct=0002, bcdDevice= 6.11
[   47.627884][    T1] usb usb32: New USB device strings: Mfr=3, Product=2, SerialNumber=1
[   47.629212][    T1] usb usb32: Product: USB/IP Virtual Host Controller
[   47.630288][    T1] usb usb32: Manufacturer: Linux 6.11.0-rc7-00151-gd17c30814ced-dirty vhci_hcd
[   47.631712][    T1] usb usb32: SerialNumber: vhci_hcd.15
[   47.642652][    T1] hub 32-0:1.0: USB hub found
[   47.644437][    T1] hub 32-0:1.0: 8 ports detected
[   47.678808][    T1] vhci_hcd vhci_hcd.15: USB/IP Virtual Host Controller
[   47.683015][    T1] vhci_hcd vhci_hcd.15: new USB bus registered, assigned bus number 33
[   47.687062][    T1] usb usb33: We don't know the algorithms for LPM for this host, disabling LPM.
[   47.691988][    T1] usb usb33: New USB device found, idVendor=1d6b, idProduct=0003, bcdDevice= 6.11
[   47.693623][    T1] usb usb33: New USB device strings: Mfr=3, Product=2, SerialNumber=1
[   47.694964][    T1] usb usb33: Product: USB/IP Virtual Host Controller
[   47.696108][    T1] usb usb33: Manufacturer: Linux 6.11.0-rc7-00151-gd17c30814ced-dirty vhci_hcd
[   47.697716][    T1] usb usb33: SerialNumber: vhci_hcd.15
[   47.709216][    T1] hub 33-0:1.0: USB hub found
[   47.710655][    T1] hub 33-0:1.0: 8 ports detected
[   47.742970][    T1] usbcore: registered new device driver usbip-host
[   47.780335][    T1] i8042: PNP: PS/2 Controller [PNP0303:KBD,PNP0f13:MOU] at 0x60,0x64 irq 1,12
[   47.786468][    T1] serio: i8042 KBD port at 0x60,0x64 irq 1
[   47.791074][    T1] serio: i8042 AUX port at 0x60,0x64 irq 12
[   47.799632][    T1] mousedev: PS/2 mouse device common for all mice
[   47.806470][    T1] usbcore: registered new interface driver appletouch
[   47.813753][   T45] input: AT Translated Set 2 keyboard as /devices/platform/i8042/serio0/input/input1
[   47.815695][    T1] usbcore: registered new interface driver bcm5974
[   47.826709][    T1] usbcore: registered new interface driver synaptics_usb
[   47.830361][    T1] usbcore: registered new interface driver iforce
[   47.833042][    T1] usbcore: registered new interface driver pxrc
[   47.836380][    T1] usbcore: registered new interface driver xpad
[   47.838293][    T1] usbcore: registered new interface driver usb_acecad
[   47.840348][    T1] usbcore: registered new interface driver aiptek
[   47.842189][    T1] usbcore: registered new interface driver hanwang
[   47.844267][    T1] usbcore: registered new interface driver kbtab
[   47.846016][    T1] usbcore: registered new interface driver pegasus_notetaker
[   47.850185][    T1] usbcore: registered new interface driver usbtouchscreen
[   47.853818][    T1] usbcore: registered new interface driver sur40
[   47.856434][    T1] usbcore: registered new interface driver ati_remote2
[   47.858803][    T1] cm109: Keymap for Komunikate KIP1000 phone loaded
[   47.860755][    T1] usbcore: registered new interface driver cm109
[   47.861854][    T1] cm109: CM109 phone driver: 20080805 (C) Alfred E. Heggestad
[   47.863835][    T1] usbcore: registered new interface driver ims_pcu
[   47.865657][    T1] usbcore: registered new interface driver keyspan_remote
[   47.870257][    T1] usbcore: registered new interface driver powermate
[   47.873579][    T1] usbcore: registered new interface driver yealink
[   47.881906][    T1] rtc_cmos 00:05: RTC can wake from S4
[   47.900584][    T1] rtc_cmos 00:05: registered as rtc0
[   47.901728][    T1] rtc_cmos 00:05: alarms up to one day, y3k, 242 bytes nvram, hpet irqs
[   47.905783][    T1] i2c_dev: i2c /dev entries driver
[   47.909371][    T1] usbcore: registered new interface driver i2c-diolan-u2c
[   47.914099][    T1] usbcore: registered new interface driver i2c-cp2615
[   47.916006][    T1] usbcore: registered new interface driver RobotFuzz Open Source InterFace, OSIF
[   47.918463][    T1] usbcore: registered new interface driver i2c-tiny-usb
[   47.930812][    T1] usbcore: registered new interface driver igorplugusb
[   47.933486][    T1] usbcore: registered new interface driver iguanair
[   47.935349][    T1] usbcore: registered new interface driver imon
[   47.937784][    T1] usbcore: registered new interface driver imon_raw
[   47.939998][    T1] usbcore: registered new interface driver mceusb
[   47.941846][    T1] usbcore: registered new interface driver redrat3
[   47.943703][    T1] usbcore: registered new interface driver streamzap
[   47.945609][    T1] usbcore: registered new interface driver ir_toy
[   47.948937][    T1] usbcore: registered new interface driver ttusbir
[   47.950797][    T1] usbcore: registered new interface driver ati_remote
[   47.952714][    T1] usbcore: registered new interface driver xbox_remote
[   47.955762][    T1] b2c2-flexcop: B2C2 FlexcopII/II(b)/III digital TV receiver chip loaded successfully
[   47.962515][    T1] usbcore: registered new interface driver b2c2_flexcop_usb
[   47.964540][    T1] usbcore: registered new interface driver dvb_usb_vp7045
[   47.966447][    T1] usbcore: registered new interface driver dvb_usb_vp702x
[   47.968507][    T1] usbcore: registered new interface driver dvb_usb_gp8psk
[   47.970497][    T1] usbcore: registered new interface driver dvb_usb_dtt200u
[   47.972498][    T1] usbcore: registered new interface driver dvb_usb_a800
[   47.974543][    T1] usbcore: registered new interface driver dvb_usb_dibusb_mb
[   47.976597][    T1] usbcore: registered new interface driver dvb_usb_dibusb_mc
[   47.980118][    T1] usbcore: registered new interface driver dvb_usb_nova_t_usb2
[   47.982187][    T1] usbcore: registered new interface driver dvb_usb_umt_010
[   47.984168][    T1] usbcore: registered new interface driver dvb_usb_m920x
[   47.986119][    T1] usbcore: registered new interface driver dvb_usb_digitv
[   47.988246][    T1] usbcore: registered new interface driver dvb_usb_cxusb
[   47.990184][    T1] usbcore: registered new interface driver dvb_usb_ttusb2
[   47.993141][    T1] usbcore: registered new interface driver dvb_usb_dib0700
[   47.995072][    T1] usbcore: registered new interface driver opera1
[   47.997348][    T1] usbcore: registered new interface driver dvb_usb_af9005
[   47.998689][    T1] failing symbol_get of non-GPLONLY symbol af9005_rc_decode.
[   48.001283][    T1] failing symbol_get of non-GPLONLY symbol af9005_rc_decode.
[   48.002647][    T1] failing symbol_get of non-GPLONLY symbol rc_map_af9005_table.
[   48.005518][    T1] failing symbol_get of non-GPLONLY symbol rc_map_af9005_table.
[   48.006885][    T1] failing symbol_get of non-GPLONLY symbol rc_map_af9005_table_size.
[   48.009897][    T1] failing symbol_get of non-GPLONLY symbol rc_map_af9005_table_size.
[   48.011349][    T1] af9005: af9005_rc_decode function not found, disabling remote
[   48.013491][    T1] usbcore: registered new interface driver pctv452e
[   48.015564][    T1] usbcore: registered new interface driver dw2102
[   48.019046][    T1] usbcore: registered new interface driver dvb_usb_dtv5100
[   48.021080][    T1] usbcore: registered new interface driver cinergyT2
[   48.023036][    T1] usbcore: registered new interface driver dvb_usb_az6027
[   48.025034][    T1] usbcore: registered new interface driver dvb_usb_technisat_usb2
[   48.028145][    T1] usbcore: registered new interface driver dvb_usb_af9015
[   48.030184][    T1] usbcore: registered new interface driver dvb_usb_af9035
[   48.032066][    T1] usbcore: registered new interface driver dvb_usb_anysee
[   48.033908][    T1] usbcore: registered new interface driver dvb_usb_au6610
[   48.035734][    T1] usbcore: registered new interface driver dvb_usb_az6007
[   48.037601][    T1] usbcore: registered new interface driver dvb_usb_ce6230
[   48.039470][    T1] usbcore: registered new interface driver dvb_usb_ec168
[   48.041316][    T1] usbcore: registered new interface driver dvb_usb_lmedm04
[   48.043174][    T1] usbcore: registered new interface driver dvb_usb_gl861
[   48.045221][    T1] usbcore: registered new interface driver dvb_usb_mxl111sf
[   48.048047][    T1] usbcore: registered new interface driver dvb_usb_rtl28xxu
[   48.050051][    T1] usbcore: registered new interface driver dvb_usb_dvbsky
[   48.051939][    T1] usbcore: registered new interface driver zd1301
[   48.053813][    T1] usbcore: registered new interface driver s2255
[   48.055874][    T1] usbcore: registered new interface driver smsusb
[   48.057836][    T1] usbcore: registered new interface driver ttusb
[   48.059663][    T1] usbcore: registered new interface driver ttusb-dec
[   48.061625][    T1] usbcore: registered new interface driver Abilis Systems as10x usb driver
[   48.063871][    T1] usbcore: registered new interface driver airspy
[   48.065044][    T1] gspca_main: v2.14.0 registered
[   48.066686][    T1] usbcore: registered new interface driver benq
[   48.068861][    T1] usbcore: registered new interface driver conex
[   48.070856][    T1] usbcore: registered new interface driver cpia1
[   48.073848][    T1] usbcore: registered new interface driver dtcs033
[   48.076335][    T1] usbcore: registered new interface driver etoms
[   48.079139][    T1] usbcore: registered new interface driver finepix
[   48.081053][    T1] usbcore: registered new interface driver jeilinj
[   48.082909][    T1] usbcore: registered new interface driver jl2005bcd
[   48.084834][    T1] usbcore: registered new interface driver kinect
[   48.086680][    T1] usbcore: registered new interface driver konica
[   48.088643][    T1] usbcore: registered new interface driver mars
[   48.090438][    T1] usbcore: registered new interface driver mr97310a
[   48.092903][    T1] usbcore: registered new interface driver nw80x
[   48.094842][    T1] usbcore: registered new interface driver ov519
[   48.096666][    T1] usbcore: registered new interface driver ov534
[   48.098545][    T1] usbcore: registered new interface driver ov534_9
[   48.100433][    T1] usbcore: registered new interface driver pac207
[   48.102317][    T1] usbcore: registered new interface driver gspca_pac7302
[   48.104280][    T1] usbcore: registered new interface driver pac7311
[   48.106156][    T1] usbcore: registered new interface driver se401
[   48.108093][    T1] usbcore: registered new interface driver sn9c2028
[   48.110170][    T1] usbcore: registered new interface driver gspca_sn9c20x
[   48.112280][    T1] usbcore: registered new interface driver sonixb
[   48.114327][    T1] usbcore: registered new interface driver sonixj
[   48.116208][    T1] usbcore: registered new interface driver spca500
[   48.118127][    T1] usbcore: registered new interface driver spca501
[   48.120032][    T1] usbcore: registered new interface driver spca505
[   48.121941][    T1] usbcore: registered new interface driver spca506
[   48.123853][    T1] usbcore: registered new interface driver spca508
[   48.125819][    T1] usbcore: registered new interface driver spca561
[   48.127705][    T1] usbcore: registered new interface driver spca1528
[   48.129562][    T1] usbcore: registered new interface driver sq905
[   48.131398][    T1] usbcore: registered new interface driver sq905c
[   48.133253][    T1] usbcore: registered new interface driver sq930x
[   48.135406][    T1] usbcore: registered new interface driver sunplus
[   48.137320][    T1] usbcore: registered new interface driver stk014
[   48.139165][    T1] usbcore: registered new interface driver stk1135
[   48.141512][    T1] usbcore: registered new interface driver stv0680
[   48.143375][    T1] usbcore: registered new interface driver t613
[   48.145205][    T1] usbcore: registered new interface driver gspca_topro
[   48.147269][    T1] usbcore: registered new interface driver touptek
[   48.149178][    T1] usbcore: registered new interface driver tv8532
[   48.151577][    T1] usbcore: registered new interface driver vc032x
[   48.153449][    T1] usbcore: registered new interface driver vicam
[   48.155347][    T1] usbcore: registered new interface driver xirlink-cit
[   48.157551][    T1] usbcore: registered new interface driver gspca_zc3xx
[   48.159332][    T1] usbcore: registered new interface driver ALi m5602
[   48.161040][    T1] usbcore: registered new interface driver STV06xx
[   48.162795][    T1] usbcore: registered new interface driver gspca_gl860
[   48.164977][    T1] usbcore: registered new interface driver hackrf
[   48.166566][    T1] usbcore: registered new interface driver msi2500
[   48.168643][    T1] usbcore: registered new interface driver Philips webcam
[   48.170601][    T1] usbcore: registered new interface driver uvcvideo
[   48.171482][    T1] au0828: au0828 driver loaded
[   48.172771][    T1] usbcore: registered new interface driver au0828
[   48.174303][    T1] usbcore: registered new interface driver cx231xx
[   48.176292][    T1] usbcore: registered new interface driver em28xx
[   48.177300][    T1] em28xx: Registered (Em28xx v4l2 Extension) extension
[   48.178227][    T1] em28xx: Registered (Em28xx Audio Extension) extension
[   48.179149][    T1] em28xx: Registered (Em28xx dvb Extension) extension
[   48.180032][    T1] em28xx: Registered (Em28xx Input Extension) extension
[   48.181589][    T1] usbcore: registered new interface driver go7007
[   48.182978][    T1] usbcore: registered new interface driver go7007-loader
[   48.184785][    T1] usbcore: registered new interface driver hdpvr
[   48.187926][    T1] usbcore: registered new interface driver pvrusb2
[   48.188916][    T1] pvrusb2: V4L in-tree version:Hauppauge WinTV-PVR-USB2 MPEG2 Encoder/Tuner
[   48.190074][    T1] pvrusb2: Debug mask is 31 (0x1f)
[   48.191732][    T1] usbcore: registered new interface driver stk1160
[   48.193170][    T1] usbcore: registered new interface driver usbtv
[   48.204846][    T1] dvbdev: DVB: registering new adapter (dvb_vidtv_bridge)
[   48.219487][    T1] i2c i2c-0: DVB: registering adapter 0 frontend 0 (Dummy demod for DVB-T/T2/C/S/S2)...
[   48.222245][    T1] dvbdev: dvb_create_media_entity: media entity 'Dummy demod for DVB-T/T2/C/S/S2' registered.
[   48.412427][   T45] input: ImExPS/2 Generic Explorer Mouse as /devices/platform/i8042/serio1/input/input3
[   48.428359][    T1] dvbdev: dvb_create_media_entity: media entity 'dvb-demux' registered.
[   48.453993][    T1] vidtv vidtv.0: Successfully initialized vidtv!
[   48.462306][    T1] vicodec vicodec.0: Device 'stateful-encoder' registered as /dev/video0
[   48.465955][    T1] vicodec vicodec.0: Device 'stateful-decoder' registered as /dev/video1
[   48.470265][    T1] vicodec vicodec.0: Device 'stateless-decoder' registered as /dev/video2
[   48.478742][    T1] vim2m vim2m.0: Device registered as /dev/video0
[   48.564590][    T1] vivid-000: using single planar format API
[   48.625088][    T1] vivid-000: CEC adapter cec0 registered for HDMI input
[   48.638967][    T1] vivid-000: V4L2 capture device registered as video7
[   48.642461][    T1] vivid-000: CEC adapter cec1 registered for HDMI output 0
[   48.646090][    T1] vivid-000: V4L2 output device registered as video8
[   48.650269][    T1] vivid-000: V4L2 capture device registered as vbi0, supports raw and sliced VBI
[   48.654025][    T1] vivid-000: V4L2 output device registered as vbi1, supports raw and sliced VBI
[   48.657819][    T1] vivid-000: V4L2 capture device registered as swradio0
[   48.661266][    T1] vivid-000: V4L2 receiver device registered as radio0
[   48.664415][    T1] vivid-000: V4L2 transmitter device registered as radio1
[   48.668398][    T1] vivid-000: V4L2 metadata capture device registered as video9
[   48.671777][    T1] vivid-000: V4L2 metadata output device registered as video10
[   48.675193][    T1] vivid-000: V4L2 touch capture device registered as v4l-touch0
[   48.681812][    T1] usbcore: registered new interface driver radioshark2
[   48.683572][    T1] usbcore: registered new interface driver radioshark
[   48.685280][    T1] usbcore: registered new interface driver radio-si470x
[   48.689144][    T1] usbcore: registered new interface driver radio-usb-si4713
[   48.690903][    T1] usbcore: registered new interface driver dsbr100
[   48.692584][    T1] usbcore: registered new interface driver radio-keene
[   48.694243][    T1] usbcore: registered new interface driver radio-ma901
[   48.695889][    T1] usbcore: registered new interface driver radio-mr800
[   48.699523][    T1] usbcore: registered new interface driver radio-raremono
[   48.704228][    T1] usbcore: registered new interface driver powerz
[   48.705887][    T1] usbcore: registered new interface driver pcwd_usb
[   48.711553][    T1] device-mapper: core: CONFIG_IMA_DISABLE_HTABLE is disabled. Duplicate IMA measurements will not be recorded in the IMA log.
[   48.713682][    T1] device-mapper: uevent: version 1.0.3
[   48.718663][    T1] device-mapper: ioctl: 4.48.0-ioctl (2023-03-01) initialised: dm-devel@lists.linux.dev
[   48.724170][    T1] device-mapper: multipath round-robin: version 1.2.0 loaded
[   48.725227][    T1] device-mapper: multipath queue-length: version 0.2.0 loaded
[   48.726235][    T1] device-mapper: multipath service-time: version 0.3.0 loaded
[   48.730978][    T1] Bluetooth: HCI UART driver ver 2.3
[   48.731749][    T1] Bluetooth: HCI UART protocol H4 registered
[   48.732578][    T1] Bluetooth: HCI UART protocol BCSP registered
[   48.733773][    T1] Bluetooth: HCI UART protocol LL registered
[   48.734918][    T1] Bluetooth: HCI UART protocol Three-wire (H5) registered
[   48.736233][    T1] Bluetooth: HCI UART protocol QCA registered
[   48.737099][    T1] Bluetooth: HCI UART protocol AG6XX registered
[   48.738424][    T1] Bluetooth: HCI UART protocol Marvell registered
[   48.740202][    T1] usbcore: registered new interface driver bcm203x
[   48.741867][    T1] usbcore: registered new interface driver bpa10x
[   48.743476][    T1] usbcore: registered new interface driver bfusb
[   48.745249][    T1] usbcore: registered new interface driver btusb
[   48.747252][    T1] usbcore: registered new interface driver ath3k
[   48.752860][    T1] CAPI 2.0 started up with major 68 (middleware)
[   48.753921][    T1] Modular ISDN core version 1.1.29
[   48.757233][    T1] NET: Registered PF_ISDN protocol family
[   48.758138][    T1] DSP module 2.0
[   48.758626][    T1] mISDN_dsp: DSP clocks every 80 samples. This equals 1 jiffies.
[   48.794008][    T1] mISDN: Layer-1-over-IP driver Rev. 2.00
[   48.796784][    T1] 0 virtual devices registered
[   48.798141][    T1] usbcore: registered new interface driver HFC-S_USB
[   48.799058][    T1] amd_pstate: the _CPC object is not present in SBIOS or ACPI disabled
[   48.800232][    T1] VUB300 Driver rom wait states = 1C irqpoll timeout = 0400
[   48.803111][    T1] usbcore: registered new interface driver vub300
[   48.805580][    T1] usbcore: registered new interface driver ushc
[   48.819443][    T1] iscsi: registered transport (iser)
[   48.822861][    T1] SoftiWARP attached
[   48.849021][    T1] hid: raw HID events driver (C) Jiri Kosina
[   49.040202][    T1] usbcore: registered new interface driver usbhid
[   49.041473][    T1] usbhid: USB HID core driver
[   49.059455][    T1] usbcore: registered new interface driver es2_ap_driver
[   49.060766][    T1] comedi: version 0.7.76 - http://www.comedi.org
[   49.063395][    T1] usbcore: registered new interface driver dt9812
[   49.066878][    T1] usbcore: registered new interface driver ni6501
[   49.071963][    T1] usbcore: registered new interface driver usbdux
[   49.073424][    T1] usbcore: registered new interface driver usbduxfast
[   49.075005][    T1] usbcore: registered new interface driver usbduxsigma
[   49.076658][    T1] usbcore: registered new interface driver vmk80xx
[   49.078551][    T1] usbcore: registered new interface driver r8712u
[   49.079848][    T1] greybus: registered new driver hid
[   49.081529][    T1] greybus: registered new driver gbphy
[   49.083525][    T1] gb_gbphy: registered new driver usb
[   49.084691][    T1] asus_wmi: ASUS WMI generic driver loaded
[   49.104514][    T1] gnss: GNSS driver registered with major 491
[   49.106018][    T1] usbcore: registered new interface driver gnss-usb
[   49.109898][    T1] usbcore: registered new interface driver hdm_usb
[   49.353930][    T1] usbcore: registered new interface driver snd-usb-audio
[   49.355998][    T1] usbcore: registered new interface driver snd-ua101
[   49.357567][    T1] usbcore: registered new interface driver snd-usb-usx2y
[   49.362808][    T1] usbcore: registered new interface driver snd-usb-us122l
[   49.364462][    T1] usbcore: registered new interface driver snd-usb-caiaq
[   49.366264][    T1] usbcore: registered new interface driver snd-usb-6fire
[   49.368887][    T1] usbcore: registered new interface driver snd-usb-hiface
[   49.370664][    T1] usbcore: registered new interface driver snd-bcd2000
[   49.373069][    T1] usbcore: registered new interface driver snd_usb_pod
[   49.374866][    T1] usbcore: registered new interface driver snd_usb_podhd
[   49.376718][    T1] usbcore: registered new interface driver snd_usb_toneport
[   49.379289][    T1] usbcore: registered new interface driver snd_usb_variax
[   49.386274][    T1] drop_monitor: Initializing network drop monitor service
[   49.390015][    T1] NET: Registered PF_LLC protocol family
[   49.391419][    T1] GACT probability on
