bash: warning: setlocale: LC_ALL: cannot change locale (en_US.UTF-8)
c[?7l[2J[0mSeaBIOS (version 1.16.2-debian-1.16.2-1)
Booting from ROM...
c[?7l[2Jearly console in extract_kernel
input_data: 0x000000000a590305
input_len: 0x0000000003c71685
output: 0x0000000001000000
output_len: 0x000000000bd53b28
kernel_total_size: 0x000000000d226000
needed_size: 0x000000000d400000
trampoline_32bit: 0x000000000009d000

Decompressing Linux... Parsing ELF... done.
Booting the kernel.
[    0.000000][    T0] Linux version 5.9.0-rc8+ (root@buildkitsandbox) (gcc (Debian 12.2.0-14+deb12u1) 12.2.0, GNU ld (GNU Binutils for Debian) 2.40) #2 SMP PREEMPT Fri May 22 21:11:49 UTC 2026
[    0.000000][    T0] Command line: console=ttyS0 oops=panic panic=86400 nokaslr earlyprintk=serial rdinit=/init
[    0.000000][    T0] KERNEL supported cpus:
[    0.000000][    T0]   Intel GenuineIntel
[    0.000000][    T0]   AMD AuthenticAMD
[    0.000000][    T0]   Centaur CentaurHauls
[    0.000000][    T0] x86/fpu: Supporting XSAVE feature 0x001: 'x87 floating point registers'
[    0.000000][    T0] x86/fpu: Supporting XSAVE feature 0x002: 'SSE registers'
[    0.000000][    T0] x86/fpu: Supporting XSAVE feature 0x004: 'AVX registers'
[    0.000000][    T0] x86/fpu: xstate_offset[2]:  576, xstate_sizes[2]:  256
[    0.000000][    T0] x86/fpu: Enabled xstate features 0x7, context size is 832 bytes, using 'compacted' format.
[    0.000000][    T0] BIOS-provided physical RAM map:
[    0.000000][    T0] BIOS-e820: [mem 0x0000000000000000-0x000000000009fbff] usable
[    0.000000][    T0] BIOS-e820: [mem 0x000000000009fc00-0x000000000009ffff] reserved
[    0.000000][    T0] BIOS-e820: [mem 0x00000000000f0000-0x00000000000fffff] reserved
[    0.000000][    T0] BIOS-e820: [mem 0x0000000000100000-0x000000007ffdffff] usable
[    0.000000][    T0] BIOS-e820: [mem 0x000000007ffe0000-0x000000007fffffff] reserved
[    0.000000][    T0] BIOS-e820: [mem 0x00000000feffc000-0x00000000feffffff] reserved
[    0.000000][    T0] BIOS-e820: [mem 0x00000000fffc0000-0x00000000ffffffff] reserved
[    0.000000][    T0] printk: bootconsole [earlyser0] enabled
[    0.000000][    T0] NX (Execute Disable) protection: active
[    0.000000][    T0] SMBIOS 2.8 present.
[    0.000000][    T0] DMI: QEMU Standard PC (i440FX + PIIX, 1996), BIOS 1.16.2-debian-1.16.2-1 04/01/2014
[    0.000000][    T0] Hypervisor detected: KVM
[    0.000000][    T0] kvm-clock: Using msrs 4b564d01 and 4b564d00
[    0.000009][    T0] kvm-clock: cpu 0, msr c982001, primary cpu clock
[    0.000010][    T0] kvm-clock: using sched offset of 1467678201 cycles
[    0.002961][    T0] clocksource: kvm-clock: mask: 0xffffffffffffffff max_cycles: 0x1cd42e4dffb, max_idle_ns: 881590591483 ns
[    0.012101][    T0] tsc: Detected 2995.200 MHz processor
[    0.018689][    T0] last_pfn = 0x7ffe0 max_arch_pfn = 0x400000000
[    0.021430][    T0] x86/PAT: Configuration [0-7]: WB  WC  UC- UC  WB  WP  UC- WT  
[    0.035530][    T0] found SMP MP-table at [mem 0x000f5ba0-0x000f5baf]
[    0.040079][    T0] check: Scanning 1 areas for low memory corruption
[    0.043981][    T0] Using GB pages for direct mapping
[    0.047215][    T0] RAMDISK: [mem 0x7fe94000-0x7ffdffff]
[    0.049338][    T0] ACPI: Early table checksum verification disabled
[    0.051749][    T0] ACPI: RSDP 0x00000000000F59D0 000014 (v00 BOCHS )
[    0.054378][    T0] ACPI: RSDT 0x000000007FFE1B33 000034 (v01 BOCHS  BXPC     00000001 BXPC 00000001)
[    0.058881][    T0] ACPI: FACP 0x000000007FFE19DF 000074 (v01 BOCHS  BXPC     00000001 BXPC 00000001)
[    0.063575][    T0] ACPI: DSDT 0x000000007FFE0040 00199F (v01 BOCHS  BXPC     00000001 BXPC 00000001)
[    0.067303][    T0] ACPI: FACS 0x000000007FFE0000 000040
[    0.069421][    T0] ACPI: APIC 0x000000007FFE1A53 000080 (v01 BOCHS  BXPC     00000001 BXPC 00000001)
[    0.072893][    T0] ACPI: HPET 0x000000007FFE1AD3 000038 (v01 BOCHS  BXPC     00000001 BXPC 00000001)
[    0.078725][    T0] ACPI: WAET 0x000000007FFE1B0B 000028 (v01 BOCHS  BXPC     00000001 BXPC 00000001)
[    0.086962][    T0] No NUMA configuration found
[    0.089405][    T0] Faking a node at [mem 0x0000000000000000-0x000000007ffdffff]
[    0.092426][    T0] NODE_DATA(0) allocated [mem 0x7fe8f000-0x7fe93fff]
[    0.197362][    T0] Zone ranges:
[    0.199608][    T0]   DMA      [mem 0x0000000000001000-0x0000000000ffffff]
[    0.202662][    T0]   DMA32    [mem 0x0000000001000000-0x000000007ffdffff]
[    0.205340][    T0]   Normal   empty
[    0.206981][    T0]   Device   empty
[    0.208648][    T0] Movable zone start for each node
[    0.215353][    T0] Early memory node ranges
[    0.217865][    T0]   node   0: [mem 0x0000000000001000-0x000000000009efff]
[    0.220573][    T0]   node   0: [mem 0x0000000000100000-0x000000007ffdffff]
[    0.223248][    T0] Zeroed struct page in unavailable ranges: 130 pages
[    0.223255][    T0] Initmem setup node 0 [mem 0x0000000000001000-0x000000007ffdffff]
[    1.148409][    T0] kasan: KernelAddressSanitizer initialized
[    1.154594][    T0] ACPI: PM-Timer IO Port: 0x608
[    1.158126][    T0] ACPI: LAPIC_NMI (acpi_id[0xff] dfl dfl lint[0x1])
[    1.161927][    T0] IOAPIC[0]: apic_id 0, version 17, address 0xfec00000, GSI 0-23
[    1.167280][    T0] ACPI: INT_SRC_OVR (bus 0 bus_irq 0 global_irq 2 dfl dfl)
[    1.171417][    T0] ACPI: INT_SRC_OVR (bus 0 bus_irq 5 global_irq 5 high level)
[    1.175459][    T0] ACPI: INT_SRC_OVR (bus 0 bus_irq 9 global_irq 9 high level)
[    1.181213][    T0] ACPI: INT_SRC_OVR (bus 0 bus_irq 10 global_irq 10 high level)
[    1.185231][    T0] ACPI: INT_SRC_OVR (bus 0 bus_irq 11 global_irq 11 high level)
[    1.188324][    T0] Using ACPI (MADT) for SMP configuration information
[    1.191643][    T0] ACPI: HPET id: 0x8086a201 base: 0xfed00000
[    1.195187][    T0] TSC deadline timer available
[    1.197322][    T0] smpboot: Allowing 2 CPUs, 0 hotplug CPUs
[    1.199693][    T0] kvm-guest: KVM setup pv remote TLB flush
[    1.203689][    T0] kvm-guest: setup PV sched yield
[    1.207645][    T0] PM: hibernation: Registered nosave memory: [mem 0x00000000-0x00000fff]
[    1.215630][    T0] PM: hibernation: Registered nosave memory: [mem 0x0009f000-0x0009ffff]
[    1.221244][    T0] PM: hibernation: Registered nosave memory: [mem 0x000a0000-0x000effff]
[    1.228569][    T0] PM: hibernation: Registered nosave memory: [mem 0x000f0000-0x000fffff]
[    1.233558][    T0] [mem 0x80000000-0xfeffbfff] available for PCI devices
[    1.237176][    T0] Booting paravirtualized kernel on KVM
[    1.240436][    T0] clocksource: refined-jiffies: mask: 0xffffffff max_cycles: 0xffffffff, max_idle_ns: 19112604462750000 ns
[    1.289965][    T0] setup_percpu: NR_CPUS:64 nr_cpumask_bits:64 nr_cpu_ids:2 nr_node_ids:1
[    1.301124][    T0] percpu: Embedded 65 pages/cpu s226696 r8192 d31352 u1048576
[    1.304633][    T0] kvm-guest: KVM setup async PF for cpu 0
[    1.307603][    T0] kvm-guest: stealtime: cpu 0, msr 6c020a40
[    1.311269][    T0] kvm-guest: PV spinlocks enabled
[    1.313482][    T0] PV qspinlock hash table entries: 256 (order: 0, 4096 bytes, linear)
[    1.317374][    T0] Built 1 zonelists, mobility grouping on.  Total pages: 515945
[    1.323666][    T0] Policy zone: DMA32
[    1.325880][    T0] Kernel command line: console=ttyS0 oops=panic panic=86400 nokaslr earlyprintk=serial rdinit=/init
[    1.337973][    T0] Dentry cache hash table entries: 262144 (order: 9, 2097152 bytes, linear)
[    1.345436][    T0] Inode-cache hash table entries: 131072 (order: 8, 1048576 bytes, linear)
[    1.349697][    T0] mem auto-init: stack:off, heap alloc:on, heap free:off
[    1.553370][    T0] Memory: 1552652K/2096632K available (120839K kernel code, 24325K rwdata, 22072K rodata, 2840K init, 25268K bss, 543724K reserved, 0K cma-reserved)
[    1.568369][    T0] Running RCU self tests
[    1.570023][    T0] rcu: Preemptible hierarchical RCU implementation.
[    1.575571][    T0] rcu: 	RCU lockdep checking is enabled.
[    1.578848][    T0] rcu: 	RCU restricting CPUs from NR_CPUS=64 to nr_cpu_ids=2.
[    1.581162][    T0] rcu: 	RCU callback double-/use-after-free debug enabled.
[    1.583375][    T0] rcu: 	RCU debug extended QS entry/exit.
[    1.585027][    T0] 	Trampoline variant of Tasks RCU enabled.
[    1.586853][    T0] rcu: RCU calculated value of scheduler-enlistment delay is 10 jiffies.
[    1.589664][    T0] rcu: Adjusting geometry for rcu_fanout_leaf=16, nr_cpu_ids=2
[    1.600144][    T0] NR_IRQS: 4352, nr_irqs: 440, preallocated irqs: 16
[    1.603365][    T0] random: get_random_bytes called from start_kernel+0x278/0x4a7 with crng_init=0
[    1.646470][    T0] Console: colour VGA+ 80x25
[    1.651154][    T0] printk: console [ttyS0] enabled
[    1.651154][    T0] printk: console [ttyS0] enabled
[    1.654127][    T0] printk: bootconsole [earlyser0] disabled
[    1.654127][    T0] printk: bootconsole [earlyser0] disabled
[    1.660718][    T0] Lock dependency validator: Copyright (c) 2006 Red Hat, Inc., Ingo Molnar
[    1.663268][    T0] ... MAX_LOCKDEP_SUBCLASSES:  8
[    1.665319][    T0] ... MAX_LOCK_DEPTH:          48
[    1.668013][    T0] ... MAX_LOCKDEP_KEYS:        8192
[    1.669826][    T0] ... CLASSHASH_SIZE:          4096
[    1.671555][    T0] ... MAX_LOCKDEP_ENTRIES:     32768
[    1.673231][    T0] ... MAX_LOCKDEP_CHAINS:      65536
[    1.675044][    T0] ... CHAINHASH_SIZE:          32768
[    1.676803][    T0]  memory used by lock dependency info: 6301 kB
[    1.678997][    T0]  memory used for stack traces: 4224 kB
[    1.682125][    T0]  per task-struct memory footprint: 1920 bytes
[    1.686179][    T0] ACPI: Core revision 20200717
[    1.689583][    T0] clocksource: hpet: mask: 0xffffffff max_cycles: 0xffffffff, max_idle_ns: 19112604467 ns
[    1.693927][    T0] APIC: Switch to symmetric I/O mode setup
[    1.699361][    T0] x2apic enabled
[    1.701182][    T0] Switched APIC routing to physical x2apic.
[    1.703064][    T0] kvm-guest: setup PV IPIs
[    1.708071][    T0] ..TIMER: vector=0x30 apic1=0 pin1=2 apic2=-1 pin2=-1
[    1.712391][    T0] clocksource: tsc-early: mask: 0xffffffffffffffff max_cycles: 0x2b2c8ec87c7, max_idle_ns: 440795278598 ns
[    1.748142][    T0] Calibrating delay loop (skipped) preset value.. 5990.40 BogoMIPS (lpj=29952000)
[    1.758040][    T0] pid_max: default: 32768 minimum: 301
[    1.760792][    T0] LSM: Security Framework initializing
[    1.768382][    T0] Yama: becoming mindful.
[    1.773359][    T0] SELinux:  Initializing.
[    1.775203][    T0] TOMOYO Linux initialized
[    1.778346][    T0] Mount-cache hash table entries: 4096 (order: 3, 32768 bytes, linear)
[    1.781008][    T0] Mountpoint-cache hash table entries: 4096 (order: 3, 32768 bytes, linear)
[    1.789516][    T0] x86/cpu: User Mode Instruction Prevention (UMIP) activated
[    1.794177][    T0] Last level iTLB entries: 4KB 0, 2MB 0, 4MB 0
[    1.796227][    T0] Last level dTLB entries: 4KB 0, 2MB 0, 4MB 0, 1GB 0
[    1.798168][    T0] Spectre V1 : Mitigation: usercopy/swapgs barriers and __user pointer sanitization
[    1.808037][    T0] Spectre V2 : Mitigation: Enhanced IBRS
[    1.810613][    T0] Spectre V2 : Spectre v2 / SpectreRSB mitigation: Filling RSB on context switch
[    1.814875][    T0] Spectre V2 : mitigation: Enabling conditional Indirect Branch Prediction Barrier
[    1.818026][    T0] Speculative Store Bypass: Mitigation: Speculative Store Bypass disabled via prctl and seccomp
[    1.829233][    T0] Freeing SMP alternatives memory: 104K
[    1.833670][    T1] smpboot: CPU0: 13th Gen Intel(R) Core(TM) i9-13900H (family: 0x6, model: 0xba, stepping: 0x2)
[    1.841311][    T1] Performance Events: unsupported p6 CPU model 186 no PMU driver, software events only.
[    1.846688][    T1] rcu: Hierarchical SRCU implementation.
[    1.849355][    T1] dyndbg: Ignore empty _ddebug table in a CONFIG_DYNAMIC_DEBUG_CORE build
[    1.853371][    T1] NMI watchdog: Perf NMI watchdog permanently disabled
[    1.858483][    T1] smp: Bringing up secondary CPUs ...
[    1.870813][    T1] x86: Booting SMP configuration:
[    1.873217][    T1] .... node  #0, CPUs:      #1
[    0.114857][    T0] kvm-clock: cpu 1, msr c982041, secondary cpu clock
[    1.880074][   T14] kvm-guest: KVM setup async PF for cpu 1
[    1.881034][   T14] kvm-guest: stealtime: cpu 1, msr 6c120a40
[    1.883273][    T1] smp: Brought up 1 node, 2 CPUs
[    1.888099][    T1] smpboot: Max logical packages: 1
[    1.890045][    T1] smpboot: Total of 2 processors activated (11980.80 BogoMIPS)
[    1.901068][    T1] devtmpfs: initialized
[    1.901068][    T1] x86/mm: Memory block size: 128MB
[    1.921012][   T22] kworker/u4:0 (22) used greatest stack depth: 27712 bytes left
[    1.921012][    T1] clocksource: jiffies: mask: 0xffffffff max_cycles: 0xffffffff, max_idle_ns: 19112604462750000 ns
[    1.928794][    T1] futex hash table entries: 512 (order: 4, 65536 bytes, linear)
[    1.942728][    T1] xor: automatically using best checksumming function   avx       
[    1.949283][    T1] PM: RTC time: 21:12:50, date: 2026-05-22
[    1.953206][    T1] NET: Registered protocol family 16
[    1.958543][    T1] audit: initializing netlink subsys (disabled)
[    1.961743][   T28] audit: type=2000 audit(1779484370.817:1): state=initialized audit_enabled=0 res=1
[    1.971901][   T33] kworker/u4:2 (33) used greatest stack depth: 27600 bytes left
[    1.976180][    T1] thermal_sys: Registered thermal governor 'step_wise'
[    1.976184][    T1] thermal_sys: Registered thermal governor 'user_space'
[    1.980999][    T1] cpuidle: using governor menu
[    1.983512][    T1] NET: Registered protocol family 42
[    1.992301][    T1] ACPI: bus type PCI registered
[    1.998112][    T1] dca service started, version 1.12.1
[    2.001738][    T1] PCI: Using configuration type 1 for base access
[    2.158569][  T155] kworker/u4:2 (155) used greatest stack depth: 27144 bytes left
[    2.381735][ T1012] kworker/u4:4 (1012) used greatest stack depth: 26744 bytes left
[    2.449843][    T1] HugeTLB registered 1.00 GiB page size, pre-allocated 0 pages
[    2.452312][    T1] HugeTLB registered 2.00 MiB page size, pre-allocated 0 pages
[    2.488266][    T1] cryptd: max_cpu_qlen set to 1000
[    2.698380][    T1] raid6: avx2x4   gen() 12441 MB/s
[    2.868053][    T1] raid6: avx2x4   xor()  5405 MB/s
[    3.038192][    T1] raid6: avx2x2   gen()  8133 MB/s
[    3.200482][    T1] raid6: avx2x2   xor()  4104 MB/s
[    3.372538][    T1] raid6: avx2x1   gen()  5260 MB/s
[    3.545331][    T1] raid6: avx2x1   xor()  2227 MB/s
[    3.710691][    T1] raid6: sse2x4   gen()  6686 MB/s
[    3.888404][    T1] raid6: sse2x4   xor()  4026 MB/s
[    4.058221][    T1] raid6: sse2x2   gen()  4775 MB/s
[    4.228118][    T1] raid6: sse2x2   xor()  2162 MB/s
[    4.398408][    T1] raid6: sse2x1   gen()  3147 MB/s
[    4.571026][    T1] raid6: sse2x1   xor()   572 MB/s
[    4.578187][    T1] raid6: using algorithm avx2x4 gen() 12441 MB/s
[    4.581779][    T1] raid6: .... xor() 5405 MB/s, rmw enabled
[    4.588193][    T1] raid6: using avx2x2 recovery algorithm
[    4.610785][    T1] ACPI: Added _OSI(Module Device)
[    4.616679][    T1] ACPI: Added _OSI(Processor Device)
[    4.618037][    T1] ACPI: Added _OSI(3.0 _SCP Extensions)
[    4.621172][    T1] ACPI: Added _OSI(Processor Aggregator Device)
[    4.628131][    T1] ACPI: Added _OSI(Linux-Dell-Video)
[    4.634387][    T1] ACPI: Added _OSI(Linux-Lenovo-NV-HDMI-Audio)
[    4.638388][    T1] ACPI: Added _OSI(Linux-HPI-Hybrid-Graphics)
[    4.659042][    T1] ACPI: 1 ACPI AML tables successfully acquired and loaded
[    4.697434][    T1] ACPI: Interpreter enabled
[    4.698287][    T1] ACPI: (supports S0 S3 S4 S5)
[    4.699909][    T1] ACPI: Using IOAPIC for interrupt routing
[    4.703963][    T1] PCI: Using host bridge windows from ACPI; if necessary, use "pci=nocrs" and report a bug
[    4.710815][    T1] ACPI: Enabled 2 GPEs in block 00 to 0F
[    4.779274][    T1] ACPI: PCI Root Bridge [PCI0] (domain 0000 [bus 00-ff])
[    4.784529][    T1] acpi PNP0A03:00: _OSC: OS supports [ASPM ClockPM Segments MSI HPX-Type3]
[    4.788385][    T1] acpi PNP0A03:00: fail to add MMCONFIG information, can't access extended PCI configuration space under this bridge.
[    4.796225][    T1] PCI host bridge to bus 0000:00
[    4.798086][    T1] pci_bus 0000:00: root bus resource [io  0x0000-0x0cf7 window]
[    4.803452][    T1] pci_bus 0000:00: root bus resource [io  0x0d00-0xffff window]
[    4.805880][    T1] pci_bus 0000:00: root bus resource [mem 0x000a0000-0x000bffff window]
[    4.808037][    T1] pci_bus 0000:00: root bus resource [mem 0x80000000-0xfebfffff window]
[    4.815665][    T1] pci_bus 0000:00: root bus resource [mem 0x100000000-0x17fffffff window]
[    4.818066][    T1] pci_bus 0000:00: root bus resource [bus 00-ff]
[    4.820905][    T1] pci 0000:00:00.0: [8086:1237] type 00 class 0x060000
[    4.828593][    T1] pci 0000:00:01.0: [8086:7000] type 00 class 0x060100
[    4.839403][    T1] pci 0000:00:01.1: [8086:7010] type 00 class 0x010180
[    4.843965][    T1] pci 0000:00:01.1: reg 0x20: [io  0xc000-0xc00f]
[    4.849498][    T1] pci 0000:00:01.1: legacy IDE quirk: reg 0x10: [io  0x01f0-0x01f7]
[    4.854786][    T1] pci 0000:00:01.1: legacy IDE quirk: reg 0x14: [io  0x03f6]
[    4.857526][    T1] pci 0000:00:01.1: legacy IDE quirk: reg 0x18: [io  0x0170-0x0177]
[    4.858038][    T1] pci 0000:00:01.1: legacy IDE quirk: reg 0x1c: [io  0x0376]
[    4.869132][    T1] pci 0000:00:01.3: [8086:7113] type 00 class 0x068000
[    4.872954][    T1] pci 0000:00:01.3: quirk: [io  0x0600-0x063f] claimed by PIIX4 ACPI
[    4.876456][    T1] pci 0000:00:01.3: quirk: [io  0x0700-0x070f] claimed by PIIX4 SMB
[    4.881133][    T1] pci 0000:00:02.0: [1234:1111] type 00 class 0x030000
[    4.889792][    T1] pci 0000:00:02.0: reg 0x10: [mem 0xfd000000-0xfdffffff pref]
[    4.897570][    T1] pci 0000:00:02.0: reg 0x18: [mem 0xfebf0000-0xfebf0fff]
[    4.908723][    T1] pci 0000:00:02.0: reg 0x30: [mem 0xfebe0000-0xfebeffff pref]
[    4.936191][    T1] ACPI: PCI Interrupt Link [LNKA] (IRQs 5 *10 11)
[    4.940675][    T1] ACPI: PCI Interrupt Link [LNKB] (IRQs 5 *10 11)
[    4.944516][    T1] ACPI: PCI Interrupt Link [LNKC] (IRQs 5 10 *11)
[    4.949608][    T1] ACPI: PCI Interrupt Link [LNKD] (IRQs 5 10 *11)
[    4.953509][    T1] ACPI: PCI Interrupt Link [LNKS] (IRQs *9)
[    4.967443][    T1] iommu: Default domain type: Translated 
[    4.969184][    T1] pci 0000:00:02.0: vgaarb: setting as boot VGA device
[    4.973462][    T1] pci 0000:00:02.0: vgaarb: VGA device added: decodes=io+mem,owns=io+mem,locks=none
[    4.978069][    T1] pci 0000:00:02.0: vgaarb: bridge control possible
[    4.980426][    T1] vgaarb: loaded
[    4.988434][    T1] SCSI subsystem initialized
[    4.998522][    T1] ACPI: bus type USB registered
[    4.998522][    T1] usbcore: registered new interface driver usbfs
[    4.999735][    T1] usbcore: registered new interface driver hub
[    5.008203][    T1] usbcore: registered new device driver usb
[    5.021499][    T1] mc: Linux media interface: v0.10
[    5.023300][    T1] videodev: Linux video capture interface: v2.00
[    5.029065][    T1] pps_core: LinuxPPS API ver. 1 registered
[    5.031344][    T1] pps_core: Software ver. 5.3.6 - Copyright 2005-2007 Rodolfo Giometti <giometti@linux.it>
[    5.038796][    T1] PTP clock support registered
[    5.040128][    T1] EDAC MC: Ver: 3.0.0
[    5.049077][    T1] Advanced Linux Sound Architecture Driver Initialized.
[    5.058725][    T1] Bluetooth: Core ver 2.22
[    5.058958][    T1] NET: Registered protocol family 31
[    5.058958][    T1] Bluetooth: HCI device and connection manager initialized
[    5.060945][    T1] Bluetooth: HCI socket layer initialized
[    5.062867][    T1] Bluetooth: L2CAP socket layer initialized
[    5.065044][    T1] Bluetooth: SCO socket layer initialized
[    5.067381][    T1] NET: Registered protocol family 8
[    5.068045][    T1] NET: Registered protocol family 20
[    5.078409][    T1] NetLabel: Initializing
[    5.078409][    T1] NetLabel:  domain hash size = 128
[    5.078409][    T1] NetLabel:  protocols = UNLABELED CIPSOv4 CALIPSO
[    5.078409][    T1] NetLabel:  unlabeled traffic allowed by default
[    5.090311][    T1] nfc: nfc_init: NFC Core ver 0.1
[    5.094211][    T1] NET: Registered protocol family 39
[    5.096944][    T1] PCI: Using ACPI for IRQ routing
[    5.099364][    T1] hpet0: at MMIO 0xfed00000, IRQs 2, 8, 0
[    5.101344][    T1] hpet0: 3 comparators, 64-bit 100.000000 MHz counter
[    5.110505][    T1] clocksource: Switched to clocksource kvm-clock
[    7.519293][    T1] VFS: Disk quotas dquot_6.6.0
[    7.524155][    T1] VFS: Dquot-cache hash table entries: 512 (order 0, 4096 bytes)
[    7.531573][    T1] FS-Cache: Loaded
[    7.538270][    T1] CacheFiles: Loaded
[    7.542717][    T1] TOMOYO: 2.6.0
[    7.543978][    T1] Mandatory Access Control activated.
[    7.549615][    T1] pnp: PnP ACPI init
[    7.561108][    T1] pnp: PnP ACPI: found 6 devices
[    7.614062][    T1] clocksource: acpi_pm: mask: 0xffffff max_cycles: 0xffffff, max_idle_ns: 2085701024 ns
[    7.619826][    T1] NET: Registered protocol family 2
[    7.625634][    T1] tcp_listen_portaddr_hash hash table entries: 1024 (order: 4, 81920 bytes, linear)
[    7.634287][    T1] TCP established hash table entries: 16384 (order: 5, 131072 bytes, linear)
[    7.647712][    T1] TCP bind hash table entries: 16384 (order: 8, 1179648 bytes, linear)
[    7.652071][    T1] TCP: Hash tables configured (established 16384 bind 16384)
[    7.658384][    T1] MPTCP token hash table entries: 2048 (order: 5, 180224 bytes, linear)
[    7.662622][    T1] UDP hash table entries: 1024 (order: 5, 163840 bytes, linear)
[    7.666564][    T1] UDP-Lite hash table entries: 1024 (order: 5, 163840 bytes, linear)
[    7.673100][    T1] NET: Registered protocol family 1
[    7.677480][    T1] RPC: Registered named UNIX socket transport module.
[    7.680391][    T1] RPC: Registered udp transport module.
[    7.682345][    T1] RPC: Registered tcp transport module.
[    7.684286][    T1] RPC: Registered tcp NFSv4.1 backchannel transport module.
[    7.688398][    T1] NET: Registered protocol family 44
[    7.690416][    T1] pci_bus 0000:00: resource 4 [io  0x0000-0x0cf7 window]
[    7.692859][    T1] pci_bus 0000:00: resource 5 [io  0x0d00-0xffff window]
[    7.695363][    T1] pci_bus 0000:00: resource 6 [mem 0x000a0000-0x000bffff window]
[    7.698081][    T1] pci_bus 0000:00: resource 7 [mem 0x80000000-0xfebfffff window]
[    7.701778][    T1] pci_bus 0000:00: resource 8 [mem 0x100000000-0x17fffffff window]
[    7.705082][    T1] pci 0000:00:01.0: PIIX3: Enabling Passive Release
[    7.707468][    T1] pci 0000:00:00.0: Limiting direct PCI/PCI transfers
[    7.710150][    T1] pci 0000:00:01.0: Activating ISA DMA hang workarounds
[    7.712802][    T1] pci 0000:00:02.0: Video device with shadowed ROM at [mem 0x000c0000-0x000dffff]
[    7.715962][    T1] PCI: CLS 0 bytes, default 64
[    7.722288][    T1] Trying to unpack rootfs image as initramfs...
[    7.894648][    T1] Freeing initrd memory: 1328K
[    7.905824][    T1] kvm: already loaded the other module
[    7.907644][    T1] clocksource: tsc: mask: 0xffffffffffffffff max_cycles: 0x2b2c8ec87c7, max_idle_ns: 440795278598 ns
[    7.914898][    T1] mce: Machine check injector initialized
[    7.925787][    T1] check: Scanning for low memory corruption every 60 seconds
[    7.994900][    T1] Initialise system trusted keyrings
[    7.999807][    T1] workingset: timestamp_bits=40 max_order=19 bucket_order=0
[    8.005936][    T1] zbud: loaded
[    8.012818][    T1] DLM installed
[    8.015518][    T1] squashfs: version 4.0 (2009/01/31) Phillip Lougher
[    8.024159][    T1] FS-Cache: Netfs 'nfs' registered for caching
[    8.027405][    T1] NFS: Registering the id_resolver key type
[    8.030066][    T1] Key type id_resolver registered
[    8.034349][    T1] Key type id_legacy registered
[    8.037095][    T1] nfs4filelayout_init: NFSv4 File Layout Driver Registering...
[    8.041581][    T1] Installing knfsd (copyright (C) 1996 okir@monad.swb.de).
[    8.053094][    T1] FS-Cache: Netfs 'cifs' registered for caching
[    8.059086][    T1] Key type cifs.spnego registered
[    8.062678][    T1] Key type cifs.idmap registered
[    8.068375][    T1] ntfs: driver 2.1.32 [Flags: R/W].
[    8.072449][    T1] efs: 1.0a - http://aeschi.ch.eu.org/efs/
[    8.074821][    T1] jffs2: version 2.2. (NAND) (SUMMARY)  © 2001-2006 Red Hat, Inc.
[    8.083702][    T1] romfs: ROMFS MTD (C) 2007 Red Hat, Inc.
[    8.088361][    T1] QNX4 filesystem 0.2.3 registered.
[    8.090978][    T1] qnx6: QNX6 filesystem 1.0.0 registered.
[    8.095282][    T1] fuse: init (API version 7.31)
[    8.104751][    T1] orangefs_debugfs_init: called with debug mask: :none: :0:
[    8.108813][    T1] orangefs_init: module version upstream loaded
[    8.112773][    T1] JFS: nTxBlock = 8192, nTxLock = 65536
[    8.153827][    T1] SGI XFS with ACLs, security attributes, realtime, quota, no debug enabled
[    8.170325][    T1] 9p: Installing v9fs 9p2000 file system support
[    8.176647][    T1] FS-Cache: Netfs '9p' registered for caching
[    8.183114][    T1] NILFS version 2 loaded
[    8.186447][    T1] befs: version: 0.9.3
[    8.190402][    T1] ocfs2: Registered cluster interface o2cb
[    8.195443][    T1] ocfs2: Registered cluster interface user
[    8.206368][    T1] OCFS2 User DLM kernel interface loaded
[    8.225552][    T1] gfs2: GFS2 installed
[    8.241382][    T1] FS-Cache: Netfs 'ceph' registered for caching
[    8.247023][    T1] ceph: loaded (mds proto 32)
[    8.273602][    T1] NET: Registered protocol family 38
[    8.277692][    T1] async_tx: api initialized (async)
[    8.283996][    T1] Key type asymmetric registered
[    8.286829][    T1] Asymmetric key parser 'x509' registered
[    8.289021][    T1] Asymmetric key parser 'pkcs8' registered
[    8.291146][    T1] Key type pkcs7_test registered
[    8.292995][    T1] Asymmetric key parser 'tpm_parser' registered
[    8.295581][    T1] Block layer SCSI generic (bsg) driver version 0.4 loaded (major 242)
[    8.301177][    T1] io scheduler mq-deadline registered
[    8.307174][    T1] io scheduler kyber registered
[    8.309663][    T1] io scheduler bfq registered
[    8.321149][    T1] hgafb: HGA card not detected.
[    8.323188][    T1] hgafb: probe of hgafb.0 failed with error -22
[    8.325950][    T1] usbcore: registered new interface driver udlfb
[    8.332049][    T1] uvesafb: failed to execute /sbin/v86d
[    8.334165][    T1] uvesafb: make sure that the v86d helper is installed and executable
[    8.337313][    T1] uvesafb: Getting VBE info block failed (eax=0x4f00, err=-2)
[    8.342696][    T1] uvesafb: vbe_init() failed with -22
[    8.345407][    T1] uvesafb: probe of uvesafb.0 failed with error -22
[    8.352662][    T1] vga16fb: mapped to 0x000000006f532545
[   10.876062][    T1] Console: switching to colour frame buffer device 80x30
[   12.470767][    T1] fb0: VGA16 VGA frame buffer device
[   12.475301][    T1] input: Power Button as /devices/LNXSYSTM:00/LNXPWRBN:00/input/input0
[   12.500429][    T1] ACPI: Power Button [PWRF]
[   12.507257][    T1] ioatdma: Intel(R) QuickData Technology Driver 5.00
[   12.690989][    T1] N_HDLC line discipline registered with maxframe=4096
[   12.695780][    T1] Serial: 8250/16550 driver, 4 ports, IRQ sharing enabled
[   12.705383][    T1] 00:04: ttyS0 at I/O 0x3f8 (irq = 4, base_baud = 115200) is a 16550A
[   12.715606][    T1] Cyclades driver 2.6
[   12.721040][    T1] Initializing Nozomi driver 2.1d
[   12.723388][    T1] RocketPort device driver module, version 2.09, 12-June-2003
[   12.727528][    T1] No rocketport ports found; unloading driver
[   12.736251][    T1] Non-volatile memory driver v1.3
[   12.738882][    T1] Linux agpgart interface v0.103
[   12.745860][    T1] [drm] Initialized vgem 1.0.0 20120112 for vgem on minor 0
[   12.754962][    T1] [drm] Initialized vkms 1.0.0 20180514 for vkms on minor 1
[   12.761217][    T1] usbcore: registered new interface driver udl
[   12.766015][    T1] fb0: switching to bochsdrmfb from VGA16 VGA
[   13.628296][    T1] Console: switching to colour VGA+ 80x25
[   13.636338][    T1] bochs-drm 0000:00:02.0: vgaarb: deactivate vga console
[   13.647601][    T1] Console: switching to colour dummy device 80x25
[   13.654562][    T1] [drm] Found bochs VGA, ID 0xb0c5.
[   13.656415][    T1] [drm] Framebuffer size 16384 kB @ 0xfd000000, mmio @ 0xfebf0000.
[   13.660167][    T1] [TTM] Zone  kernel: Available graphics memory: 777170 KiB
[   13.665006][    T1] [TTM] Initializing pool allocator
[   13.669791][    T1] [TTM] Initializing DMA pool allocator
[   13.677478][    T1] [drm] Found EDID data blob.
[   13.682612][    T1] [drm] Initialized bochs-drm 1.0.0 20130925 for 0000:00:02.0 on minor 2
[   13.710477][    T1] fbcon: bochs-drmdrmfb (fb0) is primary device
[   13.749540][    T1] Console: switching to colour frame buffer device 160x50
[   13.771195][    T1] bochs-drm 0000:00:02.0: [drm] fb0: bochs-drmdrmfb frame buffer device
[   13.785591][  T460] Floppy drive(s): fd0 is 2.88M AMI BIOS
[   13.821372][  T460] FDC 0 is a S82078B
[   13.826124][    T1] brd: module loaded
[   13.860094][    T1] loop: module loaded
[   14.014832][    T1] zram: Added device: zram0
[   14.022448][    T1] null_blk: module loaded
[   14.027664][    T1] Guest personality initialized and is inactive
[   14.031185][    T1] VMCI host device registered (name=vmci, major=10, minor=55)
[   14.034287][    T1] Initialized host personality
[   14.042823][    T1] nfcsim 0.2 initialized
[   14.047319][    T1] Loading iSCSI transport class v2.0-870.
[   14.057772][    T1] st: Version 20160209, fixed bufsize 32768, s/g segs 256
[   14.079568][    T1] scsi host0: ata_piix
[   14.082885][    T1] scsi host1: ata_piix
[   14.085026][    T1] ata1: PATA max MWDMA2 cmd 0x1f0 ctl 0x3f6 bmdma 0xc000 irq 14
[   14.087696][    T1] ata2: PATA max MWDMA2 cmd 0x170 ctl 0x376 bmdma 0xc008 irq 15
[   14.093710][    T1] slram: not enough parameters.
[   14.098824][    T1] ftl_cs: FTL header not found.
[   14.142834][    T1] wireguard: WireGuard 1.0.0 loaded. See www.wireguard.com for information.
[   14.149137][    T1] wireguard: Copyright (C) 2015-2019 Jason A. Donenfeld <Jason@zx2c4.com>. All Rights Reserved.
[   14.155078][    T1] eql: Equalizer2002: Simon Janes (simon@ncm.com) and David S. Miller (davem@redhat.com)
[   14.162411][    T1] MACsec IEEE 802.1AE
[   14.165148][    T1] tun: Universal TUN/TAP device driver, 1.6
[   14.169253][    T1] vcan: Virtual CAN interface driver
[   14.171089][    T1] vxcan: Virtual CAN Tunnel driver
[   14.172822][    T1] slcan: serial line CAN interface driver
[   14.174811][    T1] slcan: 10 dynamic interface channels.
[   14.176796][    T1] CAN device driver interface
[   14.180323][    T1] e100: Intel(R) PRO/100 Network Driver
[   14.183409][    T1] e100: Copyright(c) 1999-2006 Intel Corporation
[   14.185974][    T1] e1000: Intel(R) PRO/1000 Network Driver
[   14.189568][    T1] e1000: Copyright (c) 1999-2006 Intel Corporation.
[   14.192204][    T1] e1000e: Intel(R) PRO/1000 Network Driver
[   14.194210][    T1] e1000e: Copyright(c) 1999 - 2015 Intel Corporation.
[   14.197509][    T1] mkiss: AX.25 Multikiss, Hans Albas PE1AYX
[   14.200584][    T1] AX.25: 6pack driver, Revision: 0.3.0
[   14.203719][    T1] AX.25: bpqether driver version 004
[   14.207430][    T1] PPP generic driver version 2.4.2
[   14.213801][    T1] PPP BSD Compression module registered
[   14.217340][    T1] PPP Deflate Compression module registered
[   14.219522][    T1] PPP MPPE Compression module registered
[   14.222527][    T1] NET: Registered protocol family 24
[   14.224550][    T1] PPTP driver version 0.8.5
[   14.228780][    T1] SLIP: version 0.8.4-NET3.019-NEWTTY (dynamic channels, max=256) (6 bit encapsulation enabled).
[   14.236377][    T1] CSLIP: code copyright 1989 Regents of the University of California.
[   14.239356][    T1] SLIP linefill/keepalive option.
[   14.241196][    T1] hdlc: HDLC support module revision 1.22
[   14.248622][    T1] x25_asy: X.25 async: version 0.00 ALPHA (dynamic channels, max=256)
[   14.251932][    T1] DLCI driver v0.35, 4 Jan 1997, mike.mclagan@linux.org.
[   14.254385][    T1] LAPB Ethernet driver version 0.02
[   14.256798][    T1] usbcore: registered new interface driver rndis_wlan
[   14.261820][ T2550] ata2.00: ATAPI: QEMU DVD-ROM, 2.5+, max UDMA/100
[   14.262057][    T1] mac80211_hwsim: initializing netlink
[   14.283598][    T1] fakelb driver is marked as deprecated, please use mac802154_hwsim!
[   14.287965][   T55] scsi 1:0:0:0: CD-ROM            QEMU     QEMU DVD-ROM     2.5+ PQ: 0 ANSI: 5
[   14.341158][    T1] ieee802154fakelb ieee802154fakelb: added 2 fake ieee802154 hardware devices
[   14.352309][    T1] mac802154_hwsim mac802154_hwsim: Added 2 mac802154 hwsim hardware radios
[   14.355445][    T1] VMware vmxnet3 virtual NIC driver - version 1.5.0.0-k-NAPI
[   14.360027][    T1] pegasus: v0.9.3 (2013/04/25), Pegasus/Pegasus II USB Ethernet driver
[   14.363421][    T1] usbcore: registered new interface driver pegasus
[   14.377958][    T1] usbcore: registered new interface driver rtl8150
[   14.388945][    T1] usbcore: registered new interface driver r8152
[   14.394474][    T1] usbcore: registered new interface driver asix
[   14.399781][   T55] sr 1:0:0:0: [sr0] scsi3-mmc drive: 4x/4x cd/rw xa/form2 tray
[   14.401099][    T1] usbcore: registered new interface driver ax88179_178a
[   14.404494][   T55] cdrom: Uniform CD-ROM driver Revision: 3.20
[   14.412663][    T1] usbcore: registered new interface driver cdc_ether
[   14.430205][    T1] usbcore: registered new interface driver dm9601
[   14.436100][    T1] usbcore: registered new interface driver smsc75xx
[   14.446308][   T55] sr 1:0:0:0: Attached scsi generic sg0 type 5
[   14.448958][    T1] usbcore: registered new interface driver smsc95xx
[   14.453866][    T1] usbcore: registered new interface driver net1080
[   14.457940][    T1] usbcore: registered new interface driver rndis_host
[   14.462844][    T1] usbcore: registered new interface driver cdc_subset
[   14.468583][    T1] usbcore: registered new interface driver zaurus
[   14.472215][    T1] usbcore: registered new interface driver MOSCHIP usb-ethernet driver
[   14.479318][    T1] usbcore: registered new interface driver cdc_ncm
[   14.483345][    T1] usbcore: registered new interface driver cdc_mbim
[   14.507703][    T1] VFIO - User Level meta-driver version: 0.3
[   14.527046][    T1] aoe: AoE v85 initialised.
[   14.531549][    T1] ehci_hcd: USB 2.0 'Enhanced' Host Controller (EHCI) Driver
[   14.534454][    T1] ehci-pci: EHCI PCI platform driver
[   14.536868][    T1] ohci_hcd: USB 1.1 'Open' Host Controller (OHCI) Driver
[   14.542620][    T1] ohci-pci: OHCI PCI platform driver
[   14.546040][    T1] uhci_hcd: USB Universal Host Controller Interface driver
[   14.559586][    T1] usbcore: registered new interface driver cdc_acm
[   14.562809][    T1] cdc_acm: USB Abstract Control Model driver for USB modems and ISDN adapters
[   14.567501][    T1] usbcore: registered new interface driver usblp
[   14.570226][    T1] usbcore: registered new interface driver cdc_wdm
[   14.573022][    T1] usbcore: registered new interface driver uas
[   14.575424][    T1] usbcore: registered new interface driver usb-storage
[   14.580654][    T1] usbcore: registered new interface driver ums-realtek
[   14.583439][    T1] usbcore: registered new interface driver usbserial_generic
[   14.586499][    T1] usbserial: USB Serial support registered for generic
[   14.590791][    T1] usbcore: registered new interface driver ch341
[   14.593127][    T1] usbserial: USB Serial support registered for ch341-uart
[   14.595710][    T1] usbcore: registered new interface driver cp210x
[   14.598449][    T1] usbserial: USB Serial support registered for cp210x
[   14.601258][    T1] usbcore: registered new interface driver ftdi_sio
[   14.604052][    T1] usbserial: USB Serial support registered for FTDI USB Serial Device
[   14.607275][    T1] usbcore: registered new interface driver keyspan
[   14.610880][    T1] usbserial: USB Serial support registered for Keyspan - (without firmware)
[   14.614814][    T1] usbserial: USB Serial support registered for Keyspan 1 port adapter
[   14.617835][    T1] usbserial: USB Serial support registered for Keyspan 2 port adapter
[   14.621929][    T1] usbserial: USB Serial support registered for Keyspan 4 port adapter
[   14.625107][    T1] usbcore: registered new interface driver option
[   14.627478][    T1] usbserial: USB Serial support registered for GSM modem (1-port)
[   14.630501][    T1] usbcore: registered new interface driver oti6858
[   14.633357][    T1] usbserial: USB Serial support registered for oti6858
[   14.638334][    T1] usbcore: registered new interface driver pl2303
[   14.641036][    T1] usbserial: USB Serial support registered for pl2303
[   14.643632][    T1] usbcore: registered new interface driver qcserial
[   14.646144][    T1] usbserial: USB Serial support registered for Qualcomm USB modem
[   14.649046][    T1] usbcore: registered new interface driver sierra
[   14.651424][    T1] usbserial: USB Serial support registered for Sierra USB modem
[   14.654227][    T1] usbcore: registered new interface driver usb_serial_simple
[   14.658621][    T1] usbserial: USB Serial support registered for carelink
[   14.661213][    T1] usbserial: USB Serial support registered for zio
[   14.663640][    T1] usbserial: USB Serial support registered for funsoft
[   14.667302][    T1] usbserial: USB Serial support registered for flashloader
[   14.673709][    T1] usbserial: USB Serial support registered for google
[   14.676563][    T1] usbserial: USB Serial support registered for libtransistor
[   14.679406][    T1] usbserial: USB Serial support registered for vivopay
[   14.682053][    T1] usbserial: USB Serial support registered for moto_modem
[   14.684834][    T1] usbserial: USB Serial support registered for motorola_tetra
[   14.689169][    T1] usbserial: USB Serial support registered for novatel_gps
[   14.692428][    T1] usbserial: USB Serial support registered for hp4x
[   14.700019][    T1] usbserial: USB Serial support registered for suunto
[   14.702684][    T1] usbserial: USB Serial support registered for siemens_mpi
[   14.706703][    T1] dummy_hcd dummy_hcd.0: USB Host+Gadget Emulator, driver 02 May 2005
[   14.712201][    T1] dummy_hcd dummy_hcd.0: Dummy host controller
[   14.720893][    T1] dummy_hcd dummy_hcd.0: new USB bus registered, assigned bus number 1
[   14.725696][    T1] usb usb1: New USB device found, idVendor=1d6b, idProduct=0002, bcdDevice= 5.09
[   14.731384][    T1] usb usb1: New USB device strings: Mfr=3, Product=2, SerialNumber=1
[   14.737492][    T1] usb usb1: Product: Dummy host controller
[   14.739573][    T1] usb usb1: Manufacturer: Linux 5.9.0-rc8+ dummy_hcd
[   14.741977][    T1] usb usb1: SerialNumber: dummy_hcd.0
[   14.746296][    T1] hub 1-0:1.0: USB hub found
[   14.749622][    T1] hub 1-0:1.0: 1 port detected
[   14.755825][    T1] using random self ethernet address
[   14.758950][    T1] using random host ethernet address
[   14.762555][    T1] Mass Storage Function, version: 2009/09/11
[   14.764804][    T1] LUN: removable file: (no medium)
[   14.767096][    T1] no file given for LUN0
[   14.769759][    T1] printk: console [ttyGS0] disabled
[   14.781615][    T1] g_multi dummy_udc.0: failed to start g_multi: -22
[   14.788964][    T1] vhci_hcd vhci_hcd.0: USB/IP Virtual Host Controller
[   14.793777][    T1] vhci_hcd vhci_hcd.0: new USB bus registered, assigned bus number 2
[   14.796868][    T1] vhci_hcd: created sysfs vhci_hcd.0
[   14.799325][    T1] usb usb2: New USB device found, idVendor=1d6b, idProduct=0002, bcdDevice= 5.09
[   14.804625][    T1] usb usb2: New USB device strings: Mfr=3, Product=2, SerialNumber=1
[   14.810758][    T1] usb usb2: Product: USB/IP Virtual Host Controller
[   14.813830][    T1] usb usb2: Manufacturer: Linux 5.9.0-rc8+ vhci_hcd
[   14.816314][    T1] usb usb2: SerialNumber: vhci_hcd.0
[   14.824749][    T1] hub 2-0:1.0: USB hub found
[   14.828535][    T1] hub 2-0:1.0: 8 ports detected
[   14.834208][    T1] vhci_hcd vhci_hcd.0: USB/IP Virtual Host Controller
[   14.841276][    T1] vhci_hcd vhci_hcd.0: new USB bus registered, assigned bus number 3
[   14.849518][    T1] usb usb3: We don't know the algorithms for LPM for this host, disabling LPM.
[   14.856060][    T1] usb usb3: New USB device found, idVendor=1d6b, idProduct=0003, bcdDevice= 5.09
[   14.864837][    T1] usb usb3: New USB device strings: Mfr=3, Product=2, SerialNumber=1
[   14.869146][    T1] usb usb3: Product: USB/IP Virtual Host Controller
[   14.873090][    T1] usb usb3: Manufacturer: Linux 5.9.0-rc8+ vhci_hcd
[   14.876672][    T1] usb usb3: SerialNumber: vhci_hcd.0
[   14.884515][    T1] hub 3-0:1.0: USB hub found
[   14.888771][    T1] hub 3-0:1.0: 8 ports detected
[   14.895378][    T1] vhci_hcd vhci_hcd.1: USB/IP Virtual Host Controller
[   14.903143][    T1] vhci_hcd vhci_hcd.1: new USB bus registered, assigned bus number 4
[   14.909793][    T1] usb usb4: New USB device found, idVendor=1d6b, idProduct=0002, bcdDevice= 5.09
[   14.913204][    T1] usb usb4: New USB device strings: Mfr=3, Product=2, SerialNumber=1
[   14.916151][    T1] usb usb4: Product: USB/IP Virtual Host Controller
[   14.919209][    T1] usb usb4: Manufacturer: Linux 5.9.0-rc8+ vhci_hcd
[   14.921665][    T1] usb usb4: SerialNumber: vhci_hcd.1
[   14.926443][    T1] hub 4-0:1.0: USB hub found
[   14.931384][    T1] hub 4-0:1.0: 8 ports detected
[   14.940450][    T1] vhci_hcd vhci_hcd.1: USB/IP Virtual Host Controller
[   14.944630][    T1] vhci_hcd vhci_hcd.1: new USB bus registered, assigned bus number 5
[   14.950790][    T1] usb usb5: We don't know the algorithms for LPM for this host, disabling LPM.
[   14.954855][    T1] usb usb5: New USB device found, idVendor=1d6b, idProduct=0003, bcdDevice= 5.09
[   14.958355][    T1] usb usb5: New USB device strings: Mfr=3, Product=2, SerialNumber=1
[   14.961431][    T1] usb usb5: Product: USB/IP Virtual Host Controller
[   14.963686][    T1] usb usb5: Manufacturer: Linux 5.9.0-rc8+ vhci_hcd
[   14.968755][    T1] usb usb5: SerialNumber: vhci_hcd.1
[   14.975449][    T1] hub 5-0:1.0: USB hub found
[   14.977257][    T1] hub 5-0:1.0: 8 ports detected
[   14.982648][    T1] vhci_hcd vhci_hcd.2: USB/IP Virtual Host Controller
[   14.987260][    T1] vhci_hcd vhci_hcd.2: new USB bus registered, assigned bus number 6
[   14.991597][    T1] usb usb6: New USB device found, idVendor=1d6b, idProduct=0002, bcdDevice= 5.09
[   14.994901][    T1] usb usb6: New USB device strings: Mfr=3, Product=2, SerialNumber=1
[   15.000977][    T1] usb usb6: Product: USB/IP Virtual Host Controller
[   15.004708][    T1] usb usb6: Manufacturer: Linux 5.9.0-rc8+ vhci_hcd
[   15.008786][    T1] usb usb6: SerialNumber: vhci_hcd.2
[   15.015328][    T1] hub 6-0:1.0: USB hub found
[   15.017318][    T1] hub 6-0:1.0: 8 ports detected
[   15.023399][    T1] vhci_hcd vhci_hcd.2: USB/IP Virtual Host Controller
[   15.031448][    T1] vhci_hcd vhci_hcd.2: new USB bus registered, assigned bus number 7
[   15.036619][    T1] usb usb7: We don't know the algorithms for LPM for this host, disabling LPM.
[   15.040565][    T1] usb usb7: New USB device found, idVendor=1d6b, idProduct=0003, bcdDevice= 5.09
[   15.043922][    T1] usb usb7: New USB device strings: Mfr=3, Product=2, SerialNumber=1
[   15.046792][    T1] usb usb7: Product: USB/IP Virtual Host Controller
[   15.050263][    T1] usb usb7: Manufacturer: Linux 5.9.0-rc8+ vhci_hcd
[   15.052688][    T1] usb usb7: SerialNumber: vhci_hcd.2
[   15.059860][    T1] hub 7-0:1.0: USB hub found
[   15.062785][    T1] hub 7-0:1.0: 8 ports detected
[   15.070998][    T1] vhci_hcd vhci_hcd.3: USB/IP Virtual Host Controller
[   15.075197][    T1] vhci_hcd vhci_hcd.3: new USB bus registered, assigned bus number 8
[   15.080653][    T1] usb usb8: New USB device found, idVendor=1d6b, idProduct=0002, bcdDevice= 5.09
[   15.085335][    T1] usb usb8: New USB device strings: Mfr=3, Product=2, SerialNumber=1
[   15.089866][    T1] usb usb8: Product: USB/IP Virtual Host Controller
[   15.092200][    T1] usb usb8: Manufacturer: Linux 5.9.0-rc8+ vhci_hcd
[   15.095996][    T1] usb usb8: SerialNumber: vhci_hcd.3
[   15.101302][    T1] hub 8-0:1.0: USB hub found
[   15.105188][    T1] hub 8-0:1.0: 8 ports detected
[   15.110544][    T1] vhci_hcd vhci_hcd.3: USB/IP Virtual Host Controller
[   15.114966][    T1] vhci_hcd vhci_hcd.3: new USB bus registered, assigned bus number 9
[   15.125329][    T1] usb usb9: We don't know the algorithms for LPM for this host, disabling LPM.
[   15.130590][    T1] usb usb9: New USB device found, idVendor=1d6b, idProduct=0003, bcdDevice= 5.09
[   15.134023][    T1] usb usb9: New USB device strings: Mfr=3, Product=2, SerialNumber=1
[   15.138516][    T1] usb usb9: Product: USB/IP Virtual Host Controller
[   15.140814][    T1] usb usb9: Manufacturer: Linux 5.9.0-rc8+ vhci_hcd
[   15.143148][    T1] usb usb9: SerialNumber: vhci_hcd.3
[   15.152076][    T1] hub 9-0:1.0: USB hub found
[   15.154016][    T1] hub 9-0:1.0: 8 ports detected
[   15.158936][    T1] vhci_hcd vhci_hcd.4: USB/IP Virtual Host Controller
[   15.162466][    T1] vhci_hcd vhci_hcd.4: new USB bus registered, assigned bus number 10
[   15.166091][    T1] usb usb10: New USB device found, idVendor=1d6b, idProduct=0002, bcdDevice= 5.09
[   15.174126][    T1] usb usb10: New USB device strings: Mfr=3, Product=2, SerialNumber=1
[   15.181291][    T1] usb usb10: Product: USB/IP Virtual Host Controller
[   15.185870][    T1] usb usb10: Manufacturer: Linux 5.9.0-rc8+ vhci_hcd
[   15.189227][    T1] usb usb10: SerialNumber: vhci_hcd.4
[   15.197227][    T1] hub 10-0:1.0: USB hub found
[   15.199812][    T1] hub 10-0:1.0: 8 ports detected
[   15.207501][    T1] vhci_hcd vhci_hcd.4: USB/IP Virtual Host Controller
[   15.220375][    T1] vhci_hcd vhci_hcd.4: new USB bus registered, assigned bus number 11
[   15.224227][    T1] usb usb11: We don't know the algorithms for LPM for this host, disabling LPM.
[   15.227836][    T1] usb usb11: New USB device found, idVendor=1d6b, idProduct=0003, bcdDevice= 5.09
[   15.232217][    T1] usb usb11: New USB device strings: Mfr=3, Product=2, SerialNumber=1
[   15.235094][    T1] usb usb11: Product: USB/IP Virtual Host Controller
[   15.237580][    T1] usb usb11: Manufacturer: Linux 5.9.0-rc8+ vhci_hcd
[   15.240656][    T1] usb usb11: SerialNumber: vhci_hcd.4
[   15.245278][    T1] hub 11-0:1.0: USB hub found
[   15.247473][    T1] hub 11-0:1.0: 8 ports detected
[   15.256549][    T1] vhci_hcd vhci_hcd.5: USB/IP Virtual Host Controller
[   15.260419][    T1] vhci_hcd vhci_hcd.5: new USB bus registered, assigned bus number 12
[   15.270604][    T1] usb usb12: New USB device found, idVendor=1d6b, idProduct=0002, bcdDevice= 5.09
[   15.273828][    T1] usb usb12: New USB device strings: Mfr=3, Product=2, SerialNumber=1
[   15.277066][    T1] usb usb12: Product: USB/IP Virtual Host Controller
[   15.281427][    T1] usb usb12: Manufacturer: Linux 5.9.0-rc8+ vhci_hcd
[   15.284936][    T1] usb usb12: SerialNumber: vhci_hcd.5
[   15.290537][    T1] hub 12-0:1.0: USB hub found
[   15.294606][    T1] hub 12-0:1.0: 8 ports detected
[   15.302928][    T1] vhci_hcd vhci_hcd.5: USB/IP Virtual Host Controller
[   15.309202][    T1] vhci_hcd vhci_hcd.5: new USB bus registered, assigned bus number 13
[   15.315443][    T1] usb usb13: We don't know the algorithms for LPM for this host, disabling LPM.
[   15.326169][    T1] usb usb13: New USB device found, idVendor=1d6b, idProduct=0003, bcdDevice= 5.09
[   15.331880][    T1] usb usb13: New USB device strings: Mfr=3, Product=2, SerialNumber=1
[   15.334924][    T1] usb usb13: Product: USB/IP Virtual Host Controller
[   15.337762][    T1] usb usb13: Manufacturer: Linux 5.9.0-rc8+ vhci_hcd
[   15.341153][    T1] usb usb13: SerialNumber: vhci_hcd.5
[   15.348953][    T1] hub 13-0:1.0: USB hub found
[   15.350737][    T1] hub 13-0:1.0: 8 ports detected
[   15.355679][    T1] vhci_hcd vhci_hcd.6: USB/IP Virtual Host Controller
[   15.363124][    T1] vhci_hcd vhci_hcd.6: new USB bus registered, assigned bus number 14
[   15.368922][    T1] usb usb14: New USB device found, idVendor=1d6b, idProduct=0002, bcdDevice= 5.09
[   15.373922][    T1] usb usb14: New USB device strings: Mfr=3, Product=2, SerialNumber=1
[   15.379000][    T1] usb usb14: Product: USB/IP Virtual Host Controller
[   15.381864][    T1] usb usb14: Manufacturer: Linux 5.9.0-rc8+ vhci_hcd
[   15.384646][    T1] usb usb14: SerialNumber: vhci_hcd.6
[   15.390946][    T1] hub 14-0:1.0: USB hub found
[   15.393577][    T1] hub 14-0:1.0: 8 ports detected
[   15.399760][    T1] vhci_hcd vhci_hcd.6: USB/IP Virtual Host Controller
[   15.403801][    T1] vhci_hcd vhci_hcd.6: new USB bus registered, assigned bus number 15
[   15.407544][    T1] usb usb15: We don't know the algorithms for LPM for this host, disabling LPM.
[   15.412985][    T1] usb usb15: New USB device found, idVendor=1d6b, idProduct=0003, bcdDevice= 5.09
[   15.416370][    T1] usb usb15: New USB device strings: Mfr=3, Product=2, SerialNumber=1
[   15.419743][    T1] usb usb15: Product: USB/IP Virtual Host Controller
[   15.422879][    T1] usb usb15: Manufacturer: Linux 5.9.0-rc8+ vhci_hcd
[   15.426374][    T1] usb usb15: SerialNumber: vhci_hcd.6
[   15.432132][    T1] hub 15-0:1.0: USB hub found
[   15.434227][    T1] hub 15-0:1.0: 8 ports detected
[   15.440474][    T1] vhci_hcd vhci_hcd.7: USB/IP Virtual Host Controller
[   15.445530][    T1] vhci_hcd vhci_hcd.7: new USB bus registered, assigned bus number 16
[   15.452893][    T1] usb usb16: New USB device found, idVendor=1d6b, idProduct=0002, bcdDevice= 5.09
[   15.457969][    T1] usb usb16: New USB device strings: Mfr=3, Product=2, SerialNumber=1
[   15.463555][    T1] usb usb16: Product: USB/IP Virtual Host Controller
[   15.468484][    T1] usb usb16: Manufacturer: Linux 5.9.0-rc8+ vhci_hcd
[   15.474514][    T1] usb usb16: SerialNumber: vhci_hcd.7
[   15.480804][    T1] hub 16-0:1.0: USB hub found
[   15.483263][    T1] hub 16-0:1.0: 8 ports detected
[   15.488146][    T1] vhci_hcd vhci_hcd.7: USB/IP Virtual Host Controller
[   15.491513][    T1] vhci_hcd vhci_hcd.7: new USB bus registered, assigned bus number 17
[   15.499599][    T1] usb usb17: We don't know the algorithms for LPM for this host, disabling LPM.
[   15.503218][    T1] usb usb17: New USB device found, idVendor=1d6b, idProduct=0003, bcdDevice= 5.09
[   15.506557][    T1] usb usb17: New USB device strings: Mfr=3, Product=2, SerialNumber=1
[   15.509692][    T1] usb usb17: Product: USB/IP Virtual Host Controller
[   15.511727][    T1] usb usb17: Manufacturer: Linux 5.9.0-rc8+ vhci_hcd
[   15.514771][    T1] usb usb17: SerialNumber: vhci_hcd.7
[   15.521102][    T1] hub 17-0:1.0: USB hub found
[   15.523089][    T1] hub 17-0:1.0: 8 ports detected
[   15.543235][    T1] vhci_hcd vhci_hcd.8: USB/IP Virtual Host Controller
[   15.546535][    T1] vhci_hcd vhci_hcd.8: new USB bus registered, assigned bus number 18
[   15.552952][    T1] usb usb18: New USB device found, idVendor=1d6b, idProduct=0002, bcdDevice= 5.09
[   15.556236][    T1] usb usb18: New USB device strings: Mfr=3, Product=2, SerialNumber=1
[   15.560085][    T1] usb usb18: Product: USB/IP Virtual Host Controller
[   15.563745][    T1] usb usb18: Manufacturer: Linux 5.9.0-rc8+ vhci_hcd
[   15.567373][    T1] usb usb18: SerialNumber: vhci_hcd.8
[   15.572033][    T1] hub 18-0:1.0: USB hub found
[   15.573901][    T1] hub 18-0:1.0: 8 ports detected
[   15.578445][    T1] vhci_hcd vhci_hcd.8: USB/IP Virtual Host Controller
[   15.589784][    T1] vhci_hcd vhci_hcd.8: new USB bus registered, assigned bus number 19
[   15.593789][    T1] usb usb19: We don't know the algorithms for LPM for this host, disabling LPM.
[   15.599531][    T1] usb usb19: New USB device found, idVendor=1d6b, idProduct=0003, bcdDevice= 5.09
[   15.605299][    T1] usb usb19: New USB device strings: Mfr=3, Product=2, SerialNumber=1
[   15.612291][    T1] usb usb19: Product: USB/IP Virtual Host Controller
[   15.617504][    T1] usb usb19: Manufacturer: Linux 5.9.0-rc8+ vhci_hcd
[   15.622028][    T1] usb usb19: SerialNumber: vhci_hcd.8
[   15.638703][    T1] hub 19-0:1.0: USB hub found
[   15.643361][    T1] hub 19-0:1.0: 8 ports detected
[   15.653022][    T1] vhci_hcd vhci_hcd.9: USB/IP Virtual Host Controller
[   15.659489][    T1] vhci_hcd vhci_hcd.9: new USB bus registered, assigned bus number 20
[   15.664356][    T1] usb usb20: New USB device found, idVendor=1d6b, idProduct=0002, bcdDevice= 5.09
[   15.669557][    T1] usb usb20: New USB device strings: Mfr=3, Product=2, SerialNumber=1
[   15.673058][    T1] usb usb20: Product: USB/IP Virtual Host Controller
[   15.675815][    T1] usb usb20: Manufacturer: Linux 5.9.0-rc8+ vhci_hcd
[   15.680754][    T1] usb usb20: SerialNumber: vhci_hcd.9
[   15.687702][    T1] hub 20-0:1.0: USB hub found
[   15.689664][    T1] hub 20-0:1.0: 8 ports detected
[   15.693948][    T1] vhci_hcd vhci_hcd.9: USB/IP Virtual Host Controller
[   15.699439][    T1] vhci_hcd vhci_hcd.9: new USB bus registered, assigned bus number 21
[   15.702684][    T1] usb usb21: We don't know the algorithms for LPM for this host, disabling LPM.
[   15.707608][    T1] usb usb21: New USB device found, idVendor=1d6b, idProduct=0003, bcdDevice= 5.09
[   15.711388][    T1] usb usb21: New USB device strings: Mfr=3, Product=2, SerialNumber=1
[   15.714367][    T1] usb usb21: Product: USB/IP Virtual Host Controller
[   15.717743][    T1] usb usb21: Manufacturer: Linux 5.9.0-rc8+ vhci_hcd
[   15.720520][    T1] usb usb21: SerialNumber: vhci_hcd.9
[   15.724778][    T1] hub 21-0:1.0: USB hub found
[   15.729851][    T1] hub 21-0:1.0: 8 ports detected
[   15.736745][    T1] vhci_hcd vhci_hcd.10: USB/IP Virtual Host Controller
[   15.739912][    T1] vhci_hcd vhci_hcd.10: new USB bus registered, assigned bus number 22
[   15.743416][    T1] usb usb22: New USB device found, idVendor=1d6b, idProduct=0002, bcdDevice= 5.09
[   15.747607][    T1] usb usb22: New USB device strings: Mfr=3, Product=2, SerialNumber=1
[   15.750788][    T1] usb usb22: Product: USB/IP Virtual Host Controller
[   15.753238][    T1] usb usb22: Manufacturer: Linux 5.9.0-rc8+ vhci_hcd
[   15.755593][    T1] usb usb22: SerialNumber: vhci_hcd.10
[   15.759322][    T1] hub 22-0:1.0: USB hub found
[   15.761385][    T1] hub 22-0:1.0: 8 ports detected
[   15.765924][    T1] vhci_hcd vhci_hcd.10: USB/IP Virtual Host Controller
[   15.769938][    T1] vhci_hcd vhci_hcd.10: new USB bus registered, assigned bus number 23
[   15.773078][    T1] usb usb23: We don't know the algorithms for LPM for this host, disabling LPM.
[   15.777332][    T1] usb usb23: New USB device found, idVendor=1d6b, idProduct=0003, bcdDevice= 5.09
[   15.781320][    T1] usb usb23: New USB device strings: Mfr=3, Product=2, SerialNumber=1
[   15.784354][    T1] usb usb23: Product: USB/IP Virtual Host Controller
[   15.786778][    T1] usb usb23: Manufacturer: Linux 5.9.0-rc8+ vhci_hcd
[   15.789295][    T1] usb usb23: SerialNumber: vhci_hcd.10
[   15.795624][    T1] hub 23-0:1.0: USB hub found
[   15.797484][    T1] hub 23-0:1.0: 8 ports detected
[   15.804524][    T1] vhci_hcd vhci_hcd.11: USB/IP Virtual Host Controller
[   15.809407][    T1] vhci_hcd vhci_hcd.11: new USB bus registered, assigned bus number 24
[   15.816375][    T1] usb usb24: New USB device found, idVendor=1d6b, idProduct=0002, bcdDevice= 5.09
[   15.820417][    T1] usb usb24: New USB device strings: Mfr=3, Product=2, SerialNumber=1
[   15.823415][    T1] usb usb24: Product: USB/IP Virtual Host Controller
[   15.825816][    T1] usb usb24: Manufacturer: Linux 5.9.0-rc8+ vhci_hcd
[   15.828203][    T1] usb usb24: SerialNumber: vhci_hcd.11
[   15.833876][    T1] hub 24-0:1.0: USB hub found
[   15.836015][    T1] hub 24-0:1.0: 8 ports detected
[   15.843086][    T1] vhci_hcd vhci_hcd.11: USB/IP Virtual Host Controller
[   15.846473][    T1] vhci_hcd vhci_hcd.11: new USB bus registered, assigned bus number 25
[   15.851607][    T1] usb usb25: We don't know the algorithms for LPM for this host, disabling LPM.
[   15.857375][    T1] usb usb25: New USB device found, idVendor=1d6b, idProduct=0003, bcdDevice= 5.09
[   15.860670][    T1] usb usb25: New USB device strings: Mfr=3, Product=2, SerialNumber=1
[   15.863527][    T1] usb usb25: Product: USB/IP Virtual Host Controller
[   15.865998][    T1] usb usb25: Manufacturer: Linux 5.9.0-rc8+ vhci_hcd
[   15.872016][    T1] usb usb25: SerialNumber: vhci_hcd.11
[   15.878961][    T1] hub 25-0:1.0: USB hub found
[   15.880810][    T1] hub 25-0:1.0: 8 ports detected
[   15.885863][    T1] vhci_hcd vhci_hcd.12: USB/IP Virtual Host Controller
[   15.891949][    T1] vhci_hcd vhci_hcd.12: new USB bus registered, assigned bus number 26
[   15.895870][    T1] usb usb26: New USB device found, idVendor=1d6b, idProduct=0002, bcdDevice= 5.09
[   15.899438][    T1] usb usb26: New USB device strings: Mfr=3, Product=2, SerialNumber=1
[   15.902197][    T1] usb usb26: Product: USB/IP Virtual Host Controller
[   15.904225][    T1] usb usb26: Manufacturer: Linux 5.9.0-rc8+ vhci_hcd
[   15.906481][    T1] usb usb26: SerialNumber: vhci_hcd.12
[   15.914114][    T1] hub 26-0:1.0: USB hub found
[   15.916048][    T1] hub 26-0:1.0: 8 ports detected
[   15.920373][    T1] vhci_hcd vhci_hcd.12: USB/IP Virtual Host Controller
[   15.924632][    T1] vhci_hcd vhci_hcd.12: new USB bus registered, assigned bus number 27
[   15.928388][    T1] usb usb27: We don't know the algorithms for LPM for this host, disabling LPM.
[   15.932520][    T1] usb usb27: New USB device found, idVendor=1d6b, idProduct=0003, bcdDevice= 5.09
[   15.937926][    T1] usb usb27: New USB device strings: Mfr=3, Product=2, SerialNumber=1
[   15.942674][    T1] usb usb27: Product: USB/IP Virtual Host Controller
[   15.946467][    T1] usb usb27: Manufacturer: Linux 5.9.0-rc8+ vhci_hcd
[   15.949559][    T1] usb usb27: SerialNumber: vhci_hcd.12
[   15.953031][    T1] hub 27-0:1.0: USB hub found
[   15.954765][    T1] hub 27-0:1.0: 8 ports detected
[   15.959519][    T1] vhci_hcd vhci_hcd.13: USB/IP Virtual Host Controller
[   15.962580][    T1] vhci_hcd vhci_hcd.13: new USB bus registered, assigned bus number 28
[   15.965806][    T1] usb usb28: New USB device found, idVendor=1d6b, idProduct=0002, bcdDevice= 5.09
[   15.970397][    T1] usb usb28: New USB device strings: Mfr=3, Product=2, SerialNumber=1
[   15.973292][    T1] usb usb28: Product: USB/IP Virtual Host Controller
[   15.976533][    T1] usb usb28: Manufacturer: Linux 5.9.0-rc8+ vhci_hcd
[   15.979657][    T1] usb usb28: SerialNumber: vhci_hcd.13
[   15.984267][    T1] hub 28-0:1.0: USB hub found
[   15.986099][    T1] hub 28-0:1.0: 8 ports detected
[   15.990437][    T1] vhci_hcd vhci_hcd.13: USB/IP Virtual Host Controller
[   15.993786][    T1] vhci_hcd vhci_hcd.13: new USB bus registered, assigned bus number 29
[   15.996829][    T1] usb usb29: We don't know the algorithms for LPM for this host, disabling LPM.
[   16.001062][    T1] usb usb29: New USB device found, idVendor=1d6b, idProduct=0003, bcdDevice= 5.09
[   16.004309][    T1] usb usb29: New USB device strings: Mfr=3, Product=2, SerialNumber=1
[   16.007090][    T1] usb usb29: Product: USB/IP Virtual Host Controller
[   16.009545][    T1] usb usb29: Manufacturer: Linux 5.9.0-rc8+ vhci_hcd
[   16.011821][    T1] usb usb29: SerialNumber: vhci_hcd.13
[   16.015553][    T1] hub 29-0:1.0: USB hub found
[   16.017322][    T1] hub 29-0:1.0: 8 ports detected
[   16.023395][    T1] vhci_hcd vhci_hcd.14: USB/IP Virtual Host Controller
[   16.026523][    T1] vhci_hcd vhci_hcd.14: new USB bus registered, assigned bus number 30
[   16.030553][    T1] usb usb30: New USB device found, idVendor=1d6b, idProduct=0002, bcdDevice= 5.09
[   16.033714][    T1] usb usb30: New USB device strings: Mfr=3, Product=2, SerialNumber=1
[   16.036496][    T1] usb usb30: Product: USB/IP Virtual Host Controller
[   16.038909][    T1] usb usb30: Manufacturer: Linux 5.9.0-rc8+ vhci_hcd
[   16.041481][    T1] usb usb30: SerialNumber: vhci_hcd.14
[   16.046407][    T1] hub 30-0:1.0: USB hub found
[   16.048457][    T1] hub 30-0:1.0: 8 ports detected
[   16.052694][    T1] vhci_hcd vhci_hcd.14: USB/IP Virtual Host Controller
[   16.056064][    T1] vhci_hcd vhci_hcd.14: new USB bus registered, assigned bus number 31
[   16.064222][    T1] usb usb31: We don't know the algorithms for LPM for this host, disabling LPM.
[   16.067699][    T1] usb usb31: New USB device found, idVendor=1d6b, idProduct=0003, bcdDevice= 5.09
[   16.073564][    T1] usb usb31: New USB device strings: Mfr=3, Product=2, SerialNumber=1
[   16.077576][    T1] usb usb31: Product: USB/IP Virtual Host Controller
[   16.080996][    T1] usb usb31: Manufacturer: Linux 5.9.0-rc8+ vhci_hcd
[   16.083370][    T1] usb usb31: SerialNumber: vhci_hcd.14
[   16.088708][    T1] hub 31-0:1.0: USB hub found
[   16.090522][    T1] hub 31-0:1.0: 8 ports detected
[   16.095343][    T1] vhci_hcd vhci_hcd.15: USB/IP Virtual Host Controller
[   16.098838][    T1] vhci_hcd vhci_hcd.15: new USB bus registered, assigned bus number 32
[   16.102075][    T1] usb usb32: New USB device found, idVendor=1d6b, idProduct=0002, bcdDevice= 5.09
[   16.105331][    T1] usb usb32: New USB device strings: Mfr=3, Product=2, SerialNumber=1
[   16.108555][    T1] usb usb32: Product: USB/IP Virtual Host Controller
[   16.111104][    T1] usb usb32: Manufacturer: Linux 5.9.0-rc8+ vhci_hcd
[   16.114036][    T1] usb usb32: SerialNumber: vhci_hcd.15
[   16.121856][    T1] hub 32-0:1.0: USB hub found
[   16.123869][    T1] hub 32-0:1.0: 8 ports detected
[   16.129623][    T1] vhci_hcd vhci_hcd.15: USB/IP Virtual Host Controller
[   16.133311][    T1] vhci_hcd vhci_hcd.15: new USB bus registered, assigned bus number 33
[   16.136432][    T1] usb usb33: We don't know the algorithms for LPM for this host, disabling LPM.
[   16.140680][    T1] usb usb33: New USB device found, idVendor=1d6b, idProduct=0003, bcdDevice= 5.09
[   16.145094][    T1] usb usb33: New USB device strings: Mfr=3, Product=2, SerialNumber=1
[   16.149456][    T1] usb usb33: Product: USB/IP Virtual Host Controller
[   16.151836][    T1] usb usb33: Manufacturer: Linux 5.9.0-rc8+ vhci_hcd
[   16.154205][    T1] usb usb33: SerialNumber: vhci_hcd.15
[   16.157536][    T1] hub 33-0:1.0: USB hub found
[   16.159745][    T1] hub 33-0:1.0: 8 ports detected
[   16.166819][    T1] usbcore: registered new device driver usbip-host
[   16.171620][    T1] i8042: PNP: PS/2 Controller [PNP0303:KBD,PNP0f13:MOU] at 0x60,0x64 irq 1,12
[   16.177662][    T1] serio: i8042 KBD port at 0x60,0x64 irq 1
[   16.183846][    T1] serio: i8042 AUX port at 0x60,0x64 irq 12
[   16.379546][    T1] mousedev: PS/2 mouse device common for all mice
[   16.388416][ T2474] input: AT Translated Set 2 keyboard as /devices/platform/i8042/serio0/input/input1
[   16.394623][    T1] usbcore: registered new interface driver xpad
[   16.405362][    T1] rtc_cmos 00:05: RTC can wake from S4
[   16.414353][    T1] rtc_cmos 00:05: registered as rtc0
[   16.418790][    T1] rtc_cmos 00:05: alarms up to one day, y3k, 242 bytes nvram, hpet irqs
[   16.425512][    T1] i2c /dev entries driver
[   16.497118][    T1] piix4_smbus 0000:00:01.3: SMBus Host Controller at 0x700, revision 0
[   16.505173][    T1] usbcore: registered new interface driver RobotFuzz Open Source InterFace, OSIF
[   16.509384][    T1] usbcore: registered new interface driver i2c-tiny-usb
[   16.512342][    T1] IR NEC protocol handler initialized
[   16.514477][    T1] IR RC5(x/sz) protocol handler initialized
[   16.517691][    T1] IR RC6 protocol handler initialized
[   16.519879][    T1] IR JVC protocol handler initialized
[   16.521870][    T1] IR Sony protocol handler initialized
[   16.525344][    T1] IR SANYO protocol handler initialized
[   16.531671][    T1] IR Sharp protocol handler initialized
[   16.534742][    T1] IR MCE Keyboard/mouse protocol handler initialized
[   16.537215][    T1] IR XMP protocol handler initialized
[   16.540973][    T1] usbcore: registered new interface driver uvcvideo
[   16.543432][    T1] USB Video Class driver (1.1.1)
[   16.545195][    T1] gspca_main: v2.14.0 registered
[   16.574596][    T1] vivid-000: using single planar format API
[   16.600829][    T1] vivid-000: CEC adapter cec0 registered for HDMI input 0
[   16.604041][    T1] vivid-000: V4L2 capture device registered as video3
[   16.607218][    T1] vivid-000: CEC adapter cec1 registered for HDMI output 0
[   16.615254][    T1] vivid-000: V4L2 output device registered as video4
[   16.618651][    T1] vivid-000: V4L2 capture device registered as vbi0, supports raw and sliced VBI
[   16.622858][    T1] vivid-000: V4L2 output device registered as vbi1, supports raw and sliced VBI
[   16.627491][    T1] vivid-000: V4L2 capture device registered as swradio0
[   16.633611][    T1] vivid-000: V4L2 receiver device registered as radio0
[   16.642396][    T1] vivid-000: V4L2 transmitter device registered as radio1
[   16.651186][    T1] vivid-000: V4L2 metadata capture device registered as video5
[   16.654467][    T1] vivid-000: V4L2 metadata output device registered as video6
[   16.661354][    T1] vivid-000: V4L2 touch capture device registered as v4l-touch0
[   16.667445][    T1] vim2m vim2m.0: Device registered as /dev/video7
[   16.671283][    T1] vicodec vicodec.0: Device 'stateful-encoder' registered as /dev/video8
[   16.674806][    T1] vicodec vicodec.0: Device 'stateful-decoder' registered as /dev/video9
[   16.682017][    T1] vicodec vicodec.0: Device 'stateless-decoder' registered as /dev/video10
[   16.686890][    T1] iTCO_wdt: Intel TCO WatchDog Timer Driver v1.11
[   16.690381][    T1] iTCO_vendor_support: vendor-support=0
[   16.694363][    T1] device-mapper: uevent: version 1.0.3
[   16.697352][    T1] device-mapper: ioctl: 4.42.0-ioctl (2020-02-27) initialised: dm-devel@redhat.com
[   16.705209][    T1] device-mapper: multipath round-robin: version 1.2.0 loaded
[   16.707961][    T1] device-mapper: multipath queue-length: version 0.2.0 loaded
[   16.712092][    T1] device-mapper: multipath service-time: version 0.3.0 loaded
[   16.717683][    T1] device-mapper: raid: Loading target version 1.15.1
[   16.721667][    T1] Bluetooth: HCI UART driver ver 2.3
[   16.727306][    T1] Bluetooth: HCI UART protocol H4 registered
[   16.729939][    T1] Bluetooth: HCI UART protocol BCSP registered
[   16.732622][    T1] Bluetooth: HCI UART protocol LL registered
[   16.735292][    T1] Bluetooth: HCI UART protocol Three-wire (H5) registered
[   16.740443][    T1] Bluetooth: HCI UART protocol QCA registered
[   16.743579][    T1] Bluetooth: HCI UART protocol AG6XX registered
[   16.747443][    T1] Bluetooth: HCI UART protocol Marvell registered
[   16.754361][    T1] usbcore: registered new interface driver bfusb
[   16.759193][    T1] usbcore: registered new interface driver btusb
[   16.764127][    T1] CAPI 2.0 started up with major 68 (middleware)
[   16.766388][    T1] Modular ISDN core version 1.1.29
[   16.769149][    T1] NET: Registered protocol family 34
[   16.773605][    T1] DSP module 2.0
[   16.775800][    T1] mISDN_dsp: DSP clocks every 80 samples. This equals 1 jiffies.
[   16.787966][    T1] mISDN: Layer-1-over-IP driver Rev. 2.00
[   16.790806][    T1] 0 virtual devices registered
[   16.792646][    T1] intel_pstate: CPU model not supported
[   16.797137][    T1] usnic_verbs: Cisco VIC (USNIC) Verbs Driver v1.0.3 (December 19, 2013)
[   16.800982][    T1] usnic_verbs:usnic_uiom_init:563: 
[   16.800984][    T1] IOMMU required but not present or enabled.  USNIC QPs will not function w/o enabling IOMMU
[   16.806527][    T1] usnic_verbs:usnic_ib_init:667: 
[   16.806530][    T1] Unable to initialize umem with err -1
[   16.811634][    T1] iscsi: registered transport (iser)
[   16.818754][    T1] SoftiWARP attached
[   16.821403][    T1] Driver 'framebuffer' was unable to register with bus_type 'coreboot' because the bus was not initialized.
[   16.826253][    T1] Driver 'memconsole' was unable to register with bus_type 'coreboot' because the bus was not initialized.
[   16.834395][    T1] Driver 'vpd' was unable to register with bus_type 'coreboot' because the bus was not initialized.
[   16.855183][    T1] hid: raw HID events driver (C) Jiri Kosina
[   16.889073][    T1] usbcore: registered new interface driver usbhid
[   16.893908][    T1] usbhid: USB HID core driver
[   16.903668][    T1] ashmem: initialized
[   16.965670][    T1] usbcore: registered new interface driver snd-usb-audio
[   16.975888][    T1] drop_monitor: Initializing network drop monitor service
[   16.979234][    T1] NET: Registered protocol family 26
[   16.981765][    T1] GACT probability on
[   16.983297][    T1] Mirror/redirect action on
[   16.986817][    T1] Simple TC action Loaded
[   16.992667][    T1] netem: version 1.3
[   16.994183][    T1] u32 classifier
[   16.995515][    T1]     Performance counters on
[   16.997510][    T1]     input device check on
[   16.999709][    T1]     Actions configured
[   17.010372][    T1] xt_time: kernel timezone is -0000
[   17.012406][    T1] IPVS: Registered protocols (TCP, UDP, SCTP, AH, ESP)
[   17.015517][    T1] IPVS: Connection hash table configured (size=4096, memory=64Kbytes)
[   17.023700][    T1] IPVS: ipvs loaded.
[   17.026469][    T1] IPVS: [rr] scheduler registered.
[   17.028880][    T1] IPVS: [wrr] scheduler registered.
[   17.032070][    T1] IPVS: [lc] scheduler registered.
[   17.036270][    T1] IPVS: [wlc] scheduler registered.
[   17.043114][    T1] IPVS: [fo] scheduler registered.
[   17.044057][ T2474] input: ImExPS/2 Generic Explorer Mouse as /devices/platform/i8042/serio1/input/input3
[   17.045819][    T1] IPVS: [ovf] scheduler registered.
[   17.045937][    T1] IPVS: [lblc] scheduler registered.
[   17.045997][    T1] IPVS: [lblcr] scheduler registered.
[   17.046000][    T1] IPVS: [dh] scheduler registered.
[   17.046003][    T1] IPVS: [sh] scheduler registered.
[   17.046006][    T1] IPVS: [mh] scheduler registered.
[   17.046016][    T1] IPVS: [sed] scheduler registered.
[   17.046019][    T1] IPVS: [nq] scheduler registered.
[   17.046392][    T1] IPVS: ftp: loaded support on port[0] = 21
[   17.046426][    T1] IPVS: [sip] pe registered.
[   17.046550][    T1] ipip: IPv4 and MPLS over IPv4 tunneling driver
[   17.048126][    T1] gre: GRE over IPv4 demultiplexor driver
[   17.079816][    T1] ip_gre: GRE over IPv4 tunneling driver
[   17.086642][    T1] IPv4 over IPsec tunneling driver
[   17.092330][    T1] ipt_CLUSTERIP: ClusterIP Version 0.8 loaded successfully
[   17.097206][    T1] Initializing XFRM netlink socket
[   17.099301][    T1] IPsec XFRM device driver
[   17.102073][    T1] NET: Registered protocol family 10
[   17.122817][    T1] Segment Routing with IPv6
[   17.124699][    T1] RPL Segment Routing with IPv6
[   17.127521][    T1] mip6: Mobile IPv6
[   17.134314][    T1] sit: IPv6, IPv4 and MPLS over IPv4 tunneling driver
[   17.142595][    T1] ip6_gre: GRE over IPv6 tunneling driver
[   17.150051][    T1] NET: Registered protocol family 17
[   17.152251][    T1] NET: Registered protocol family 15
[   17.154844][    T1] Bridge firewalling registered
[   17.158076][    T1] NET: Registered protocol family 9
[   17.160778][    T1] X25: Linux Version 0.2
[   17.166794][    T1] NET: Registered protocol family 6
[   17.209423][    T1] NET: Registered protocol family 11
[   17.213726][    T1] NET: Registered protocol family 3
[   17.216482][    T1] can: controller area network core (rev 20170425 abi 9)
[   17.223918][    T1] NET: Registered protocol family 29
[   17.226082][    T1] can: raw protocol (rev 20170425)
[   17.228208][    T1] can: broadcast manager protocol (rev 20170425 t)
[   17.230566][    T1] can: netlink gateway (rev 20190810) max_hops=1
[   17.232925][    T1] can: SAE J1939
[   17.235696][    T1] Bluetooth: RFCOMM TTY layer initialized
[   17.240114][    T1] Bluetooth: RFCOMM socket layer initialized
[   17.242608][    T1] Bluetooth: RFCOMM ver 1.11
[   17.244331][    T1] Bluetooth: BNEP (Ethernet Emulation) ver 1.3
[   17.246583][    T1] Bluetooth: BNEP filters: protocol multicast
[   17.248784][    T1] Bluetooth: BNEP socket layer initialized
[   17.250795][    T1] Bluetooth: CMTP (CAPI Emulation) ver 1.0
[   17.254859][    T1] Bluetooth: CMTP socket layer initialized
[   17.257611][    T1] Bluetooth: HIDP (Human Interface Emulation) ver 1.2
[   17.260918][    T1] Bluetooth: HIDP socket layer initialized
[   17.264044][    T1] RPC: Registered rdma transport module.
[   17.267404][    T1] RPC: Registered rdma backchannel transport module.
[   17.276621][    T1] NET: Registered protocol family 33
[   17.279150][    T1] Key type rxrpc registered
[   17.280825][    T1] Key type rxrpc_s registered
[   17.283622][    T1] NET: Registered protocol family 41
[   17.286745][    T1] lec:lane_module_init: lec.c: initialized
[   17.290303][    T1] mpoa:atm_mpoa_init: mpc.c: initialized
[   17.292951][    T1] l2tp_core: L2TP core driver, V2.0
[   17.295400][    T1] l2tp_ppp: PPPoL2TP kernel driver, V2.0
[   17.297561][    T1] l2tp_ip: L2TP IP encapsulation support (L2TPv3)
[   17.300861][    T1] l2tp_netlink: L2TP netlink interface
[   17.303111][    T1] l2tp_eth: L2TP ethernet pseudowire support (L2TPv3)
[   17.307372][    T1] l2tp_ip6: L2TP IP encapsulation support for IPv6 (L2TPv3)
[   17.311195][    T1] NET: Registered protocol family 35
[   17.313656][    T1] 8021q: 802.1Q VLAN Support v1.8
[   17.372170][    T1] DCCP: Activated CCID 2 (TCP-like)
[   17.376116][    T1] DCCP: Activated CCID 3 (TCP-Friendly Rate Control)
[   17.382872][    T1] sctp: Hash tables configured (bind 32/56)
[   17.389302][    T1] NET: Registered protocol family 21
[   17.393867][    T1] Registered RDS/infiniband transport
[   17.401004][    T1] Registered RDS/tcp transport
[   17.404077][    T1] tipc: Activated (version 2.0.0)
[   17.406275][    T1] NET: Registered protocol family 30
[   17.410362][    T1] tipc: Started in single node mode
[   17.415521][    T1] NET: Registered protocol family 43
[   17.417790][    T1] 9pnet: Installing 9P2000 support
[   17.420222][    T1] NET: Registered protocol family 37
[   17.426627][    T1] NET: Registered protocol family 36
[   17.429851][    T1] Key type dns_resolver registered
[   17.432522][    T1] Key type ceph registered
[   17.436237][    T1] libceph: loaded (mon/osd proto 15/24)
[   17.443763][    T1] batman_adv: B.A.T.M.A.N. advanced 2020.3 (compatibility version 15) loaded
[   17.448330][    T1] openvswitch: Open vSwitch switching datapath
[   17.454101][    T1] NET: Registered protocol family 40
[   17.457437][    T1] mpls_gso: MPLS GSO support
[   17.466005][    T1] IPI shorthand broadcast: enabled
[   17.471710][    T1] AVX2 version of gcm_enc/dec engaged.
[   17.473573][    T1] AES CTR mode by8 optimization enabled
[   17.502002][    T1] sched_clock: Marking stable (17397002964, 104857070)->(17598641490, -96781456)
[   17.514362][    T1] registered taskstats version 1
[   17.518285][    T1] Loading compiled-in X.509 certificates
[   17.532726][    T1] Loaded X.509 cert 'Build time autogenerated kernel key: fe1e0facecc302954fdb0f078d08312bc3f3031f'
[   17.542271][    T1] zswap: loaded using pool lzo/zbud
[   17.546875][    T1] debug_vm_pgtable: [debug_vm_pgtable         ]: Validating architecture page table helpers
[   17.552910][    T1] Key type ._fscrypt registered
[   17.554388][    T1] Key type .fscrypt registered
[   17.556894][    T1] Key type fscrypt-provisioning registered
[   17.565578][    T1] kAFS: Red Hat AFS client v0.1 registering.
[   17.572437][    T1] FS-Cache: Netfs 'afs' registered for caching
[   17.605865][    T1] Btrfs loaded, crc32c=crc32c-intel
[   17.608371][    T1] Key type big_key registered
[   17.618687][    T1] Key type encrypted registered
[   17.624602][    T1] ima: No TPM chip found, activating TPM-bypass!
[   17.627463][    T1] ima: Allocated hash algorithm: sha256
[   17.630530][    T1] ima: No architecture policies found
[   17.633191][    T1] evm: Initialising EVM extended attributes:
[   17.635605][    T1] evm: security.selinux
[   17.637211][    T1] evm: security.SMACK64
[   17.639819][    T1] evm: security.SMACK64EXEC
[   17.641206][    T1] evm: security.SMACK64TRANSMUTE
[   17.642770][    T1] evm: security.SMACK64MMAP
[   17.644483][    T1] evm: security.apparmor
[   17.646081][    T1] evm: security.ima
[   17.647466][    T1] evm: security.capability
[   17.649262][    T1] evm: HMAC attrs: 0x1
[   17.661695][    T1] PM:   Magic number: 10:45:248
[   17.666187][    T1] tty ttyw4: hash matches
[   17.672648][    T1] printk: console [netcon0] enabled
[   17.675133][    T1] netconsole: network logging started
[   17.679077][    T1] gtp: GTP module loaded (pdp ctx size 104 bytes)
[   17.686565][    T1] rdma_rxe: loaded
[   17.689687][    T1] cfg80211: Loading compiled-in X.509 certificates for regulatory database
[   17.699298][    T1] cfg80211: Loaded X.509 cert 'sforshee: 00b28ddf47aef9cea7'
[   17.703151][ T2672] platform regulatory.0: Direct firmware load for regulatory.db failed with error -2
[   17.706721][ T2672] cfg80211: failed to load regulatory.db
[   17.711271][    T1] ALSA device list:
[   17.713210][    T1]   #0: Dummy 1
[   17.715051][    T1]   #1: Loopback 1
[   17.716984][    T1]   #2: Virtual MIDI Card 1
[   17.752498][    T1] Freeing unused kernel image (initmem) memory: 2840K
[   17.808396][    T1] Write protecting the kernel read-only data: 145408k
[   17.814956][    T1] Freeing unused kernel image (text/rodata gap) memory: 2040K
[   17.822439][    T1] Freeing unused kernel image (rodata/data gap) memory: 456K
[   17.827336][    T1] Run /init as init process
/init: line 19: can't create /proc/sys/kernel/unprivileged_userns_clone: nonexistent directory

secb: rootfs ready (Linux 5.9.0-rc8+ x86_64)
---- poc begin ----
---- poc end rc=0 ----
secb: poc exited without crashing the kernel
[   18.968197][ T3542] kvm: exiting hardware virtualization
[   18.977263][ T3542] ACPI: Preparing to enter system sleep state S5
[   18.983596][ T3542] reboot: Power down
NO_CRASH_DETECTED
