bash: warning: setlocale: LC_ALL: cannot change locale (en_US.UTF-8)
c[?7l[2J[0mSeaBIOS (version 1.16.2-debian-1.16.2-1)
Booting from ROM...
c[?7l[2Jearly console in extract_kernel
input_data: 0x000000000a590305
input_len: 0x0000000003c7143d
output: 0x0000000001000000
output_len: 0x000000000bd53b28
kernel_total_size: 0x000000000d226000
needed_size: 0x000000000d400000
trampoline_32bit: 0x000000000009d000

Decompressing Linux... Parsing ELF... done.
Booting the kernel.
[    0.000000][    T0] Linux version 5.9.0-rc8+ (root@buildkitsandbox) (gcc (Debian 12.2.0-14+deb12u1) 12.2.0, GNU ld (GNU Binutils for Debian) 2.40) #1 SMP PREEMPT Fri May 22 20:37:26 UTC 2026
[    0.000000][    T0] Command line: console=ttyS0 oops=panic panic=86400 nokaslr earlyprintk=serial rdinit=/init
[    0.000000][    T0] KERNEL supported cpus:
[    0.000000][    T0]   Intel GenuineIntel
[    0.000000][    T0]   AMD AuthenticAMD
[    0.000000][    T0]   Centaur CentaurHauls
[    0.000000][    T0] x86/fpu: Supporting XSAVE feature 0x001: 'x87 floating point registers'
[    0.000000][    T0] x86/fpu: Supporting XSAVE feature 0x002: 'SSE registers'
[    0.000000][    T0] x86/fpu: Supporting XSAVE feature 0x004: 'AVX registers'
[    0.000000][    T0] x86/fpu: xstate_offset[2]:  576, xstate_sizes[2]:  256
[    0.000000][    T0] x86/fpu: Enabled xstate features 0x7, context size is 832 bytes, using 'compacted' format.
[    0.000000][    T0] BIOS-provided physical RAM map:
[    0.000000][    T0] BIOS-e820: [mem 0x0000000000000000-0x000000000009fbff] usable
[    0.000000][    T0] BIOS-e820: [mem 0x000000000009fc00-0x000000000009ffff] reserved
[    0.000000][    T0] BIOS-e820: [mem 0x00000000000f0000-0x00000000000fffff] reserved
[    0.000000][    T0] BIOS-e820: [mem 0x0000000000100000-0x000000007ffdffff] usable
[    0.000000][    T0] BIOS-e820: [mem 0x000000007ffe0000-0x000000007fffffff] reserved
[    0.000000][    T0] BIOS-e820: [mem 0x00000000feffc000-0x00000000feffffff] reserved
[    0.000000][    T0] BIOS-e820: [mem 0x00000000fffc0000-0x00000000ffffffff] reserved
[    0.000000][    T0] printk: bootconsole [earlyser0] enabled
[    0.000000][    T0] NX (Execute Disable) protection: active
[    0.000000][    T0] SMBIOS 2.8 present.
[    0.000000][    T0] DMI: QEMU Standard PC (i440FX + PIIX, 1996), BIOS 1.16.2-debian-1.16.2-1 04/01/2014
[    0.000000][    T0] Hypervisor detected: KVM
[    0.000000][    T0] kvm-clock: Using msrs 4b564d01 and 4b564d00
[    0.000004][    T0] kvm-clock: cpu 0, msr c982001, primary cpu clock
[    0.000004][    T0] kvm-clock: using sched offset of 1582337463 cycles
[    0.003201][    T0] clocksource: kvm-clock: mask: 0xffffffffffffffff max_cycles: 0x1cd42e4dffb, max_idle_ns: 881590591483 ns
[    0.012929][    T0] tsc: Detected 2995.200 MHz processor
[    0.019006][    T0] last_pfn = 0x7ffe0 max_arch_pfn = 0x400000000
[    0.021708][    T0] x86/PAT: Configuration [0-7]: WB  WC  UC- UC  WB  WP  UC- WT  
[    0.035357][    T0] found SMP MP-table at [mem 0x000f5ba0-0x000f5baf]
[    0.038358][    T0] check: Scanning 1 areas for low memory corruption
[    0.042523][    T0] Using GB pages for direct mapping
[    0.045157][    T0] RAMDISK: [mem 0x7fe94000-0x7ffdffff]
[    0.047027][    T0] ACPI: Early table checksum verification disabled
[    0.049313][    T0] ACPI: RSDP 0x00000000000F59D0 000014 (v00 BOCHS )
[    0.051987][    T0] ACPI: RSDT 0x000000007FFE1B33 000034 (v01 BOCHS  BXPC     00000001 BXPC 00000001)
[    0.055517][    T0] ACPI: FACP 0x000000007FFE19DF 000074 (v01 BOCHS  BXPC     00000001 BXPC 00000001)
[    0.060391][    T0] ACPI: DSDT 0x000000007FFE0040 00199F (v01 BOCHS  BXPC     00000001 BXPC 00000001)
[    0.063720][    T0] ACPI: FACS 0x000000007FFE0000 000040
[    0.065638][    T0] ACPI: APIC 0x000000007FFE1A53 000080 (v01 BOCHS  BXPC     00000001 BXPC 00000001)
[    0.069092][    T0] ACPI: HPET 0x000000007FFE1AD3 000038 (v01 BOCHS  BXPC     00000001 BXPC 00000001)
[    0.075917][    T0] ACPI: WAET 0x000000007FFE1B0B 000028 (v01 BOCHS  BXPC     00000001 BXPC 00000001)
[    0.081218][    T0] No NUMA configuration found
[    0.082747][    T0] Faking a node at [mem 0x0000000000000000-0x000000007ffdffff]
[    0.085251][    T0] NODE_DATA(0) allocated [mem 0x7fe8f000-0x7fe93fff]
[    0.116522][    T0] Zone ranges:
[    0.117614][    T0]   DMA      [mem 0x0000000000001000-0x0000000000ffffff]
[    0.119834][    T0]   DMA32    [mem 0x0000000001000000-0x000000007ffdffff]
[    0.121950][    T0]   Normal   empty
[    0.123426][    T0]   Device   empty
[    0.125159][    T0] Movable zone start for each node
[    0.127406][    T0] Early memory node ranges
[    0.128920][    T0]   node   0: [mem 0x0000000000001000-0x000000000009efff]
[    0.133648][    T0]   node   0: [mem 0x0000000000100000-0x000000007ffdffff]
[    0.139600][    T0] Zeroed struct page in unavailable ranges: 130 pages
[    0.139616][    T0] Initmem setup node 0 [mem 0x0000000000001000-0x000000007ffdffff]
[    0.779752][    T0] kasan: KernelAddressSanitizer initialized
[    0.784150][    T0] ACPI: PM-Timer IO Port: 0x608
[    0.787746][    T0] ACPI: LAPIC_NMI (acpi_id[0xff] dfl dfl lint[0x1])
[    0.790956][    T0] IOAPIC[0]: apic_id 0, version 17, address 0xfec00000, GSI 0-23
[    0.793456][    T0] ACPI: INT_SRC_OVR (bus 0 bus_irq 0 global_irq 2 dfl dfl)
[    0.796267][    T0] ACPI: INT_SRC_OVR (bus 0 bus_irq 5 global_irq 5 high level)
[    0.799715][    T0] ACPI: INT_SRC_OVR (bus 0 bus_irq 9 global_irq 9 high level)
[    0.804887][    T0] ACPI: INT_SRC_OVR (bus 0 bus_irq 10 global_irq 10 high level)
[    0.809051][    T0] ACPI: INT_SRC_OVR (bus 0 bus_irq 11 global_irq 11 high level)
[    0.811724][    T0] Using ACPI (MADT) for SMP configuration information
[    0.814092][    T0] ACPI: HPET id: 0x8086a201 base: 0xfed00000
[    0.816994][    T0] TSC deadline timer available
[    0.820494][    T0] smpboot: Allowing 2 CPUs, 0 hotplug CPUs
[    0.823518][    T0] kvm-guest: KVM setup pv remote TLB flush
[    0.825538][    T0] kvm-guest: setup PV sched yield
[    0.827412][    T0] PM: hibernation: Registered nosave memory: [mem 0x00000000-0x00000fff]
[    0.830256][    T0] PM: hibernation: Registered nosave memory: [mem 0x0009f000-0x0009ffff]
[    0.834279][    T0] PM: hibernation: Registered nosave memory: [mem 0x000a0000-0x000effff]
[    0.839567][    T0] PM: hibernation: Registered nosave memory: [mem 0x000f0000-0x000fffff]
[    0.843086][    T0] [mem 0x80000000-0xfeffbfff] available for PCI devices
[    0.845677][    T0] Booting paravirtualized kernel on KVM
[    0.847570][    T0] clocksource: refined-jiffies: mask: 0xffffffff max_cycles: 0xffffffff, max_idle_ns: 19112604462750000 ns
[    0.889055][    T0] setup_percpu: NR_CPUS:64 nr_cpumask_bits:64 nr_cpu_ids:2 nr_node_ids:1
[    0.895908][    T0] percpu: Embedded 65 pages/cpu s226696 r8192 d31352 u1048576
[    0.899420][    T0] kvm-guest: KVM setup async PF for cpu 0
[    0.901318][    T0] kvm-guest: stealtime: cpu 0, msr 6c020a40
[    0.904597][    T0] kvm-guest: PV spinlocks enabled
[    0.907804][    T0] PV qspinlock hash table entries: 256 (order: 0, 4096 bytes, linear)
[    0.913078][    T0] Built 1 zonelists, mobility grouping on.  Total pages: 515945
[    0.916388][    T0] Policy zone: DMA32
[    0.917682][    T0] Kernel command line: console=ttyS0 oops=panic panic=86400 nokaslr earlyprintk=serial rdinit=/init
[    0.926014][    T0] Dentry cache hash table entries: 262144 (order: 9, 2097152 bytes, linear)
[    0.931719][    T0] Inode-cache hash table entries: 131072 (order: 8, 1048576 bytes, linear)
[    0.934927][    T0] mem auto-init: stack:off, heap alloc:on, heap free:off
[    1.085572][    T0] Memory: 1552652K/2096632K available (120839K kernel code, 24325K rwdata, 22072K rodata, 2840K init, 25268K bss, 543724K reserved, 0K cma-reserved)
[    1.100445][    T0] Running RCU self tests
[    1.105668][    T0] rcu: Preemptible hierarchical RCU implementation.
[    1.109601][    T0] rcu: 	RCU lockdep checking is enabled.
[    1.113147][    T0] rcu: 	RCU restricting CPUs from NR_CPUS=64 to nr_cpu_ids=2.
[    1.115600][    T0] rcu: 	RCU callback double-/use-after-free debug enabled.
[    1.117700][    T0] rcu: 	RCU debug extended QS entry/exit.
[    1.119361][    T0] 	Trampoline variant of Tasks RCU enabled.
[    1.122951][    T0] rcu: RCU calculated value of scheduler-enlistment delay is 10 jiffies.
[    1.126839][    T0] rcu: Adjusting geometry for rcu_fanout_leaf=16, nr_cpu_ids=2
[    1.138085][    T0] NR_IRQS: 4352, nr_irqs: 440, preallocated irqs: 16
[    1.143984][    T0] random: get_random_bytes called from start_kernel+0x278/0x4a7 with crng_init=0
[    1.169236][    T0] Console: colour VGA+ 80x25
[    1.174654][    T0] printk: console [ttyS0] enabled
[    1.174654][    T0] printk: console [ttyS0] enabled
[    1.183992][    T0] printk: bootconsole [earlyser0] disabled
[    1.183992][    T0] printk: bootconsole [earlyser0] disabled
[    1.188482][    T0] Lock dependency validator: Copyright (c) 2006 Red Hat, Inc., Ingo Molnar
[    1.192413][    T0] ... MAX_LOCKDEP_SUBCLASSES:  8
[    1.194995][    T0] ... MAX_LOCK_DEPTH:          48
[    1.198346][    T0] ... MAX_LOCKDEP_KEYS:        8192
[    1.200808][    T0] ... CLASSHASH_SIZE:          4096
[    1.202480][    T0] ... MAX_LOCKDEP_ENTRIES:     32768
[    1.204159][    T0] ... MAX_LOCKDEP_CHAINS:      65536
[    1.205787][    T0] ... CHAINHASH_SIZE:          32768
[    1.208669][    T0]  memory used by lock dependency info: 6301 kB
[    1.214063][    T0]  memory used for stack traces: 4224 kB
[    1.217852][    T0]  per task-struct memory footprint: 1920 bytes
[    1.220103][    T0] ACPI: Core revision 20200717
[    1.222686][    T0] clocksource: hpet: mask: 0xffffffff max_cycles: 0xffffffff, max_idle_ns: 19112604467 ns
[    1.226505][    T0] APIC: Switch to symmetric I/O mode setup
[    1.232339][    T0] x2apic enabled
[    1.235190][    T0] Switched APIC routing to physical x2apic.
[    1.239090][    T0] kvm-guest: setup PV IPIs
[    1.243966][    T0] ..TIMER: vector=0x30 apic1=0 pin1=2 apic2=-1 pin2=-1
[    1.246521][    T0] clocksource: tsc-early: mask: 0xffffffffffffffff max_cycles: 0x2b2c8ec87c7, max_idle_ns: 440795278598 ns
[    1.252140][    T0] Calibrating delay loop (skipped) preset value.. 5990.40 BogoMIPS (lpj=29952000)
[    1.262106][    T0] pid_max: default: 32768 minimum: 301
[    1.265175][    T0] LSM: Security Framework initializing
[    1.267461][    T0] Yama: becoming mindful.
[    1.269356][    T0] SELinux:  Initializing.
[    1.272627][    T0] TOMOYO Linux initialized
[    1.274421][    T0] Mount-cache hash table entries: 4096 (order: 3, 32768 bytes, linear)
[    1.277313][    T0] Mountpoint-cache hash table entries: 4096 (order: 3, 32768 bytes, linear)
[    1.287513][    T0] x86/cpu: User Mode Instruction Prevention (UMIP) activated
[    1.292934][    T0] Last level iTLB entries: 4KB 0, 2MB 0, 4MB 0
[    1.294977][    T0] Last level dTLB entries: 4KB 0, 2MB 0, 4MB 0, 1GB 0
[    1.298266][    T0] Spectre V1 : Mitigation: usercopy/swapgs barriers and __user pointer sanitization
[    1.302118][    T0] Spectre V2 : Mitigation: Enhanced IBRS
[    1.304009][    T0] Spectre V2 : Spectre v2 / SpectreRSB mitigation: Filling RSB on context switch
[    1.312113][    T0] Spectre V2 : mitigation: Enabling conditional Indirect Branch Prediction Barrier
[    1.316481][    T0] Speculative Store Bypass: Mitigation: Speculative Store Bypass disabled via prctl and seccomp
[    1.325790][    T0] Freeing SMP alternatives memory: 104K
[    1.335408][    T1] smpboot: CPU0: 13th Gen Intel(R) Core(TM) i9-13900H (family: 0x6, model: 0xba, stepping: 0x2)
[    1.341625][    T1] Performance Events: unsupported p6 CPU model 186 no PMU driver, software events only.
[    1.342344][    T1] rcu: Hierarchical SRCU implementation.
[    1.344931][    T1] dyndbg: Ignore empty _ddebug table in a CONFIG_DYNAMIC_DEBUG_CORE build
[    1.348578][    T1] NMI watchdog: Perf NMI watchdog permanently disabled
[    1.353165][    T1] smp: Bringing up secondary CPUs ...
[    1.360389][    T1] x86: Booting SMP configuration:
[    1.362236][    T1] .... node  #0, CPUs:      #1
[    0.098335][    T0] kvm-clock: cpu 1, msr c982041, secondary cpu clock
[    1.369279][   T14] kvm-guest: KVM setup async PF for cpu 1
[    1.369279][   T14] kvm-guest: stealtime: cpu 1, msr 6c120a40
[    1.372472][    T1] smp: Brought up 1 node, 2 CPUs
[    1.374296][    T1] smpboot: Max logical packages: 1
[    1.382166][    T1] smpboot: Total of 2 processors activated (11980.80 BogoMIPS)
[    1.388611][    T1] devtmpfs: initialized
[    1.388611][    T1] x86/mm: Memory block size: 128MB
[    1.414621][    T1] clocksource: jiffies: mask: 0xffffffff max_cycles: 0xffffffff, max_idle_ns: 19112604462750000 ns
[    1.415276][   T23] kworker/u4:0 (23) used greatest stack depth: 27712 bytes left
[    1.418364][    T1] futex hash table entries: 512 (order: 4, 65536 bytes, linear)
[    1.433983][    T1] xor: automatically using best checksumming function   avx       
[    1.437426][    T1] PM: RTC time: 21:10:56, date: 2026-05-22
[    1.446841][    T1] NET: Registered protocol family 16
[    1.452369][    T1] audit: initializing netlink subsys (disabled)
[    1.457237][   T27] audit: type=2000 audit(1779484256.830:1): state=initialized audit_enabled=0 res=1
[    1.466622][   T32] kworker/u4:0 (32) used greatest stack depth: 27600 bytes left
[    1.474753][    T1] thermal_sys: Registered thermal governor 'step_wise'
[    1.474759][    T1] thermal_sys: Registered thermal governor 'user_space'
[    1.478744][    T1] cpuidle: using governor menu
[    1.484215][    T1] NET: Registered protocol family 42
[    1.487285][    T1] ACPI: bus type PCI registered
[    1.490212][    T1] dca service started, version 1.12.1
[    1.492531][    T1] PCI: Using configuration type 1 for base access
[    1.622898][  T268] kworker/u4:4 (268) used greatest stack depth: 27072 bytes left
[    2.192088][  T647] kworker/u4:6 (647) used greatest stack depth: 26624 bytes left
[    2.786553][    T1] HugeTLB registered 1.00 GiB page size, pre-allocated 0 pages
[    2.789965][    T1] HugeTLB registered 2.00 MiB page size, pre-allocated 0 pages
[    2.812162][    T1] cryptd: max_cpu_qlen set to 1000
[    3.072205][    T1] raid6: avx2x4   gen() 15622 MB/s
[    3.242189][    T1] raid6: avx2x4   xor()  5991 MB/s
[    3.412235][    T1] raid6: avx2x2   gen()  9108 MB/s
[    3.577270][    T1] raid6: avx2x2   xor()  5248 MB/s
[    3.751668][    T1] raid6: avx2x1   gen()  6151 MB/s
[    3.915220][    T1] raid6: avx2x1   xor()  2679 MB/s
[    4.090589][    T1] raid6: sse2x4   gen()  9105 MB/s
[    4.261364][    T1] raid6: sse2x4   xor()  4866 MB/s
[    4.432206][    T1] raid6: sse2x2   gen()  5328 MB/s
[    4.602180][    T1] raid6: sse2x2   xor()  2384 MB/s
[    4.772119][    T1] raid6: sse2x1   gen()  3468 MB/s
[    4.942464][    T1] raid6: sse2x1   xor()  1263 MB/s
[    4.944830][    T1] raid6: using algorithm avx2x4 gen() 15622 MB/s
[    4.949826][    T1] raid6: .... xor() 5991 MB/s, rmw enabled
[    4.952152][    T1] raid6: using avx2x2 recovery algorithm
[    4.957569][    T1] ACPI: Added _OSI(Module Device)
[    4.959245][    T1] ACPI: Added _OSI(Processor Device)
[    4.961136][    T1] ACPI: Added _OSI(3.0 _SCP Extensions)
[    4.962124][    T1] ACPI: Added _OSI(Processor Aggregator Device)
[    4.964313][    T1] ACPI: Added _OSI(Linux-Dell-Video)
[    4.967314][    T1] ACPI: Added _OSI(Linux-Lenovo-NV-HDMI-Audio)
[    4.971211][    T1] ACPI: Added _OSI(Linux-HPI-Hybrid-Graphics)
[    4.993142][    T1] ACPI: 1 ACPI AML tables successfully acquired and loaded
[    5.025020][    T1] ACPI: Interpreter enabled
[    5.026779][    T1] ACPI: (supports S0 S3 S4 S5)
[    5.028374][    T1] ACPI: Using IOAPIC for interrupt routing
[    5.032155][    T1] PCI: Using host bridge windows from ACPI; if necessary, use "pci=nocrs" and report a bug
[    5.043635][    T1] ACPI: Enabled 2 GPEs in block 00 to 0F
[    5.096805][    T1] ACPI: PCI Root Bridge [PCI0] (domain 0000 [bus 00-ff])
[    5.102270][    T1] acpi PNP0A03:00: _OSC: OS supports [ASPM ClockPM Segments MSI HPX-Type3]
[    5.106838][    T1] acpi PNP0A03:00: fail to add MMCONFIG information, can't access extended PCI configuration space under this bridge.
[    5.112248][    T1] PCI host bridge to bus 0000:00
[    5.112248][    T1] pci_bus 0000:00: root bus resource [io  0x0000-0x0cf7 window]
[    5.116266][    T1] pci_bus 0000:00: root bus resource [io  0x0d00-0xffff window]
[    5.122142][    T1] pci_bus 0000:00: root bus resource [mem 0x000a0000-0x000bffff window]
[    5.127914][    T1] pci_bus 0000:00: root bus resource [mem 0x80000000-0xfebfffff window]
[    5.130990][    T1] pci_bus 0000:00: root bus resource [mem 0x100000000-0x17fffffff window]
[    5.132145][    T1] pci_bus 0000:00: root bus resource [bus 00-ff]
[    5.137321][    T1] pci 0000:00:00.0: [8086:1237] type 00 class 0x060000
[    5.145135][    T1] pci 0000:00:01.0: [8086:7000] type 00 class 0x060100
[    5.152834][    T1] pci 0000:00:01.1: [8086:7010] type 00 class 0x010180
[    5.159290][    T1] pci 0000:00:01.1: reg 0x20: [io  0xc000-0xc00f]
[    5.162582][    T1] pci 0000:00:01.1: legacy IDE quirk: reg 0x10: [io  0x01f0-0x01f7]
[    5.166501][    T1] pci 0000:00:01.1: legacy IDE quirk: reg 0x14: [io  0x03f6]
[    5.170505][    T1] pci 0000:00:01.1: legacy IDE quirk: reg 0x18: [io  0x0170-0x0177]
[    5.172124][    T1] pci 0000:00:01.1: legacy IDE quirk: reg 0x1c: [io  0x0376]
[    5.182191][    T1] pci 0000:00:01.3: [8086:7113] type 00 class 0x068000
[    5.182191][    T1] pci 0000:00:01.3: quirk: [io  0x0600-0x063f] claimed by PIIX4 ACPI
[    5.192163][    T1] pci 0000:00:01.3: quirk: [io  0x0700-0x070f] claimed by PIIX4 SMB
[    5.198746][    T1] pci 0000:00:02.0: [1234:1111] type 00 class 0x030000
[    5.213190][    T1] pci 0000:00:02.0: reg 0x10: [mem 0xfd000000-0xfdffffff pref]
[    5.221815][    T1] pci 0000:00:02.0: reg 0x18: [mem 0xfebf0000-0xfebf0fff]
[    5.229608][    T1] pci 0000:00:02.0: reg 0x30: [mem 0xfebe0000-0xfebeffff pref]
[    5.251453][    T1] ACPI: PCI Interrupt Link [LNKA] (IRQs 5 *10 11)
[    5.253694][    T1] ACPI: PCI Interrupt Link [LNKB] (IRQs 5 *10 11)
[    5.257265][    T1] ACPI: PCI Interrupt Link [LNKC] (IRQs 5 10 *11)
[    5.261424][    T1] ACPI: PCI Interrupt Link [LNKD] (IRQs 5 10 *11)
[    5.262771][    T1] ACPI: PCI Interrupt Link [LNKS] (IRQs *9)
[    5.273913][    T1] iommu: Default domain type: Translated 
[    5.284594][    T1] pci 0000:00:02.0: vgaarb: setting as boot VGA device
[    5.284799][    T1] pci 0000:00:02.0: vgaarb: VGA device added: decodes=io+mem,owns=io+mem,locks=none
[    5.288947][    T1] pci 0000:00:02.0: vgaarb: bridge control possible
[    5.291265][    T1] vgaarb: loaded
[    5.302592][    T1] SCSI subsystem initialized
[    5.306182][    T1] ACPI: bus type USB registered
[    5.313154][    T1] usbcore: registered new interface driver usbfs
[    5.317793][    T1] usbcore: registered new interface driver hub
[    5.320891][    T1] usbcore: registered new device driver usb
[    5.323943][    T1] mc: Linux media interface: v0.10
[    5.327166][    T1] videodev: Linux video capture interface: v2.00
[    5.333172][    T1] pps_core: LinuxPPS API ver. 1 registered
[    5.335170][    T1] pps_core: Software ver. 5.3.6 - Copyright 2005-2007 Rodolfo Giometti <giometti@linux.it>
[    5.338805][    T1] PTP clock support registered
[    5.342812][    T1] EDAC MC: Ver: 3.0.0
[    5.345413][    T1] Advanced Linux Sound Architecture Driver Initialized.
[    5.355578][    T1] Bluetooth: Core ver 2.22
[    5.357424][    T1] NET: Registered protocol family 31
[    5.362205][    T1] Bluetooth: HCI device and connection manager initialized
[    5.364958][    T1] Bluetooth: HCI socket layer initialized
[    5.367221][    T1] Bluetooth: L2CAP socket layer initialized
[    5.369537][    T1] Bluetooth: SCO socket layer initialized
[    5.372543][    T1] NET: Registered protocol family 8
[    5.374365][    T1] NET: Registered protocol family 20
[    5.377358][    T1] NetLabel: Initializing
[    5.381567][    T1] NetLabel:  domain hash size = 128
[    5.382312][    T1] NetLabel:  protocols = UNLABELED CIPSOv4 CALIPSO
[    5.385163][    T1] NetLabel:  unlabeled traffic allowed by default
[    5.388915][    T1] nfc: nfc_init: NFC Core ver 0.1
[    5.391034][    T1] NET: Registered protocol family 39
[    5.392377][    T1] PCI: Using ACPI for IRQ routing
[    5.397224][    T1] hpet0: at MMIO 0xfed00000, IRQs 2, 8, 0
[    5.397224][    T1] hpet0: 3 comparators, 64-bit 100.000000 MHz counter
[    5.402211][    T1] clocksource: Switched to clocksource kvm-clock
[    7.453953][    T1] VFS: Disk quotas dquot_6.6.0
[    7.455681][    T1] VFS: Dquot-cache hash table entries: 512 (order 0, 4096 bytes)
[    7.458852][    T1] FS-Cache: Loaded
[    7.461770][    T1] CacheFiles: Loaded
[    7.463725][    T1] TOMOYO: 2.6.0
[    7.465395][    T1] Mandatory Access Control activated.
[    7.468233][    T1] pnp: PnP ACPI init
[    7.476242][    T1] pnp: PnP ACPI: found 6 devices
[    7.557854][    T1] clocksource: acpi_pm: mask: 0xffffff max_cycles: 0xffffff, max_idle_ns: 2085701024 ns
[    7.563526][    T1] NET: Registered protocol family 2
[    7.568522][    T1] tcp_listen_portaddr_hash hash table entries: 1024 (order: 4, 81920 bytes, linear)
[    7.577359][    T1] TCP established hash table entries: 16384 (order: 5, 131072 bytes, linear)
[    7.581367][    T1] TCP bind hash table entries: 16384 (order: 8, 1179648 bytes, linear)
[    7.584798][    T1] TCP: Hash tables configured (established 16384 bind 16384)
[    7.589272][    T1] MPTCP token hash table entries: 2048 (order: 5, 180224 bytes, linear)
[    7.593322][    T1] UDP hash table entries: 1024 (order: 5, 163840 bytes, linear)
[    7.596230][    T1] UDP-Lite hash table entries: 1024 (order: 5, 163840 bytes, linear)
[    7.599794][    T1] NET: Registered protocol family 1
[    7.606391][    T1] RPC: Registered named UNIX socket transport module.
[    7.608714][    T1] RPC: Registered udp transport module.
[    7.610586][    T1] RPC: Registered tcp transport module.
[    7.613790][    T1] RPC: Registered tcp NFSv4.1 backchannel transport module.
[    7.617797][    T1] NET: Registered protocol family 44
[    7.619881][    T1] pci_bus 0000:00: resource 4 [io  0x0000-0x0cf7 window]
[    7.624076][    T1] pci_bus 0000:00: resource 5 [io  0x0d00-0xffff window]
[    7.626429][    T1] pci_bus 0000:00: resource 6 [mem 0x000a0000-0x000bffff window]
[    7.629300][    T1] pci_bus 0000:00: resource 7 [mem 0x80000000-0xfebfffff window]
[    7.632354][    T1] pci_bus 0000:00: resource 8 [mem 0x100000000-0x17fffffff window]
[    7.637087][    T1] pci 0000:00:01.0: PIIX3: Enabling Passive Release
[    7.640503][    T1] pci 0000:00:00.0: Limiting direct PCI/PCI transfers
[    7.647558][    T1] pci 0000:00:01.0: Activating ISA DMA hang workarounds
[    7.652071][    T1] pci 0000:00:02.0: Video device with shadowed ROM at [mem 0x000c0000-0x000dffff]
[    7.655667][    T1] PCI: CLS 0 bytes, default 64
[    7.661312][    T1] Trying to unpack rootfs image as initramfs...
[    7.789560][    T1] Freeing initrd memory: 1328K
[    7.798307][    T1] kvm: already loaded the other module
[    7.800084][    T1] clocksource: tsc: mask: 0xffffffffffffffff max_cycles: 0x2b2c8ec87c7, max_idle_ns: 440795278598 ns
[    7.805347][    T1] mce: Machine check injector initialized
[    7.811521][    T1] check: Scanning for low memory corruption every 60 seconds
[    7.851240][    T1] Initialise system trusted keyrings
[    7.853814][    T1] workingset: timestamp_bits=40 max_order=19 bucket_order=0
[    7.856560][    T1] zbud: loaded
[    7.860179][    T1] DLM installed
[    7.863400][    T1] squashfs: version 4.0 (2009/01/31) Phillip Lougher
[    7.870991][    T1] FS-Cache: Netfs 'nfs' registered for caching
[    7.875663][    T1] NFS: Registering the id_resolver key type
[    7.877726][    T1] Key type id_resolver registered
[    7.880045][    T1] Key type id_legacy registered
[    7.883073][    T1] nfs4filelayout_init: NFSv4 File Layout Driver Registering...
[    7.886463][    T1] Installing knfsd (copyright (C) 1996 okir@monad.swb.de).
[    7.891576][    T1] FS-Cache: Netfs 'cifs' registered for caching
[    7.895671][    T1] Key type cifs.spnego registered
[    7.898084][    T1] Key type cifs.idmap registered
[    7.900265][    T1] ntfs: driver 2.1.32 [Flags: R/W].
[    7.908132][    T1] efs: 1.0a - http://aeschi.ch.eu.org/efs/
[    7.910118][    T1] jffs2: version 2.2. (NAND) (SUMMARY)  © 2001-2006 Red Hat, Inc.
[    7.914426][    T1] romfs: ROMFS MTD (C) 2007 Red Hat, Inc.
[    7.917672][    T1] QNX4 filesystem 0.2.3 registered.
[    7.920096][    T1] qnx6: QNX6 filesystem 1.0.0 registered.
[    7.924899][    T1] fuse: init (API version 7.31)
[    7.931125][    T1] orangefs_debugfs_init: called with debug mask: :none: :0:
[    7.935218][    T1] orangefs_init: module version upstream loaded
[    7.939528][    T1] JFS: nTxBlock = 8192, nTxLock = 65536
[    7.958780][    T1] SGI XFS with ACLs, security attributes, realtime, quota, no debug enabled
[    7.964520][    T1] 9p: Installing v9fs 9p2000 file system support
[    7.967070][    T1] FS-Cache: Netfs '9p' registered for caching
[    7.969605][    T1] NILFS version 2 loaded
[    7.971504][    T1] befs: version: 0.9.3
[    7.974100][    T1] ocfs2: Registered cluster interface o2cb
[    7.976943][    T1] ocfs2: Registered cluster interface user
[    7.981590][    T1] OCFS2 User DLM kernel interface loaded
[    7.992755][    T1] gfs2: GFS2 installed
[    8.004065][    T1] FS-Cache: Netfs 'ceph' registered for caching
[    8.006322][    T1] ceph: loaded (mds proto 32)
[    8.019930][    T1] NET: Registered protocol family 38
[    8.022288][    T1] async_tx: api initialized (async)
[    8.024699][    T1] Key type asymmetric registered
[    8.026873][    T1] Asymmetric key parser 'x509' registered
[    8.028699][    T1] Asymmetric key parser 'pkcs8' registered
[    8.030496][    T1] Key type pkcs7_test registered
[    8.032254][    T1] Asymmetric key parser 'tpm_parser' registered
[    8.034805][    T1] Block layer SCSI generic (bsg) driver version 0.4 loaded (major 242)
[    8.039530][    T1] io scheduler mq-deadline registered
[    8.043717][    T1] io scheduler kyber registered
[    8.046853][    T1] io scheduler bfq registered
[    8.054151][    T1] hgafb: HGA card not detected.
[    8.065246][    T1] hgafb: probe of hgafb.0 failed with error -22
[    8.078778][    T1] usbcore: registered new interface driver udlfb
[    8.095306][    T1] uvesafb: failed to execute /sbin/v86d
[    8.100778][    T1] uvesafb: make sure that the v86d helper is installed and executable
[    8.112888][    T1] uvesafb: Getting VBE info block failed (eax=0x4f00, err=-2)
[    8.118536][    T1] uvesafb: vbe_init() failed with -22
[    8.124312][    T1] uvesafb: probe of uvesafb.0 failed with error -22
[    8.134475][    T1] vga16fb: mapped to 0x00000000d8648c32
[   10.158713][    T1] Console: switching to colour frame buffer device 80x30
[   11.589870][    T1] fb0: VGA16 VGA frame buffer device
[   11.594794][    T1] input: Power Button as /devices/LNXSYSTM:00/LNXPWRBN:00/input/input0
[   11.613304][    T1] ACPI: Power Button [PWRF]
[   11.621615][    T1] ioatdma: Intel(R) QuickData Technology Driver 5.00
[   11.791125][    T1] N_HDLC line discipline registered with maxframe=4096
[   11.798186][    T1] Serial: 8250/16550 driver, 4 ports, IRQ sharing enabled
[   11.801669][    T1] 00:04: ttyS0 at I/O 0x3f8 (irq = 4, base_baud = 115200) is a 16550A
[   11.810175][    T1] Cyclades driver 2.6
[   11.812756][    T1] Initializing Nozomi driver 2.1d
[   11.815457][    T1] RocketPort device driver module, version 2.09, 12-June-2003
[   11.818111][    T1] No rocketport ports found; unloading driver
[   11.822516][    T1] Non-volatile memory driver v1.3
[   11.824790][    T1] Linux agpgart interface v0.103
[   11.832616][    T1] [drm] Initialized vgem 1.0.0 20120112 for vgem on minor 0
[   11.839466][    T1] [drm] Initialized vkms 1.0.0 20180514 for vkms on minor 1
[   11.843307][    T1] usbcore: registered new interface driver udl
[   11.848341][    T1] fb0: switching to bochsdrmfb from VGA16 VGA
[   12.674701][    T1] Console: switching to colour VGA+ 80x25
[   12.681546][    T1] bochs-drm 0000:00:02.0: vgaarb: deactivate vga console
[   12.689818][    T1] Console: switching to colour dummy device 80x25
[   12.695671][    T1] [drm] Found bochs VGA, ID 0xb0c5.
[   12.698219][    T1] [drm] Framebuffer size 16384 kB @ 0xfd000000, mmio @ 0xfebf0000.
[   12.704215][    T1] [TTM] Zone  kernel: Available graphics memory: 777170 KiB
[   12.707281][    T1] [TTM] Initializing pool allocator
[   12.709362][    T1] [TTM] Initializing DMA pool allocator
[   12.715024][    T1] [drm] Found EDID data blob.
[   12.719459][    T1] [drm] Initialized bochs-drm 1.0.0 20130925 for 0000:00:02.0 on minor 2
[   12.737320][    T1] fbcon: bochs-drmdrmfb (fb0) is primary device
[   12.761837][    T1] Console: switching to colour frame buffer device 160x50
[   12.777822][    T1] bochs-drm 0000:00:02.0: [drm] fb0: bochs-drmdrmfb frame buffer device
[   12.787510][  T199] Floppy drive(s): fd0 is 2.88M AMI BIOS
[   12.813722][  T199] FDC 0 is a S82078B
[   12.815018][    T1] brd: module loaded
[   12.844929][    T1] loop: module loaded
[   13.008890][    T1] zram: Added device: zram0
[   13.018957][    T1] null_blk: module loaded
[   13.020743][    T1] Guest personality initialized and is inactive
[   13.025126][    T1] VMCI host device registered (name=vmci, major=10, minor=55)
[   13.028232][    T1] Initialized host personality
[   13.036678][    T1] nfcsim 0.2 initialized
[   13.040122][    T1] Loading iSCSI transport class v2.0-870.
[   13.046816][    T1] st: Version 20160209, fixed bufsize 32768, s/g segs 256
[   13.067878][    T1] scsi host0: ata_piix
[   13.070666][    T1] scsi host1: ata_piix
[   13.074054][    T1] ata1: PATA max MWDMA2 cmd 0x1f0 ctl 0x3f6 bmdma 0xc000 irq 14
[   13.076534][    T1] ata2: PATA max MWDMA2 cmd 0x170 ctl 0x376 bmdma 0xc008 irq 15
[   13.082807][    T1] slram: not enough parameters.
[   13.088669][    T1] ftl_cs: FTL header not found.
[   13.116660][    T1] wireguard: WireGuard 1.0.0 loaded. See www.wireguard.com for information.
[   13.123055][    T1] wireguard: Copyright (C) 2015-2019 Jason A. Donenfeld <Jason@zx2c4.com>. All Rights Reserved.
[   13.126854][    T1] eql: Equalizer2002: Simon Janes (simon@ncm.com) and David S. Miller (davem@redhat.com)
[   13.136163][    T1] MACsec IEEE 802.1AE
[   13.139138][    T1] tun: Universal TUN/TAP device driver, 1.6
[   13.142292][    T1] vcan: Virtual CAN interface driver
[   13.144963][    T1] vxcan: Virtual CAN Tunnel driver
[   13.146656][    T1] slcan: serial line CAN interface driver
[   13.148640][    T1] slcan: 10 dynamic interface channels.
[   13.150586][    T1] CAN device driver interface
[   13.154541][    T1] e100: Intel(R) PRO/100 Network Driver
[   13.157119][    T1] e100: Copyright(c) 1999-2006 Intel Corporation
[   13.160213][    T1] e1000: Intel(R) PRO/1000 Network Driver
[   13.162392][    T1] e1000: Copyright (c) 1999-2006 Intel Corporation.
[   13.164891][    T1] e1000e: Intel(R) PRO/1000 Network Driver
[   13.166829][    T1] e1000e: Copyright(c) 1999 - 2015 Intel Corporation.
[   13.171122][    T1] mkiss: AX.25 Multikiss, Hans Albas PE1AYX
[   13.173325][    T1] AX.25: 6pack driver, Revision: 0.3.0
[   13.175474][    T1] AX.25: bpqether driver version 004
[   13.177255][    T1] PPP generic driver version 2.4.2
[   13.179871][    T1] PPP BSD Compression module registered
[   13.184783][    T1] PPP Deflate Compression module registered
[   13.189510][    T1] PPP MPPE Compression module registered
[   13.191486][    T1] NET: Registered protocol family 24
[   13.194031][    T1] PPTP driver version 0.8.5
[   13.197051][    T1] SLIP: version 0.8.4-NET3.019-NEWTTY (dynamic channels, max=256) (6 bit encapsulation enabled).
[   13.200628][    T1] CSLIP: code copyright 1989 Regents of the University of California.
[   13.205194][    T1] SLIP linefill/keepalive option.
[   13.207100][    T1] hdlc: HDLC support module revision 1.22
[   13.209108][    T1] x25_asy: X.25 async: version 0.00 ALPHA (dynamic channels, max=256)
[   13.212844][    T1] DLCI driver v0.35, 4 Jan 1997, mike.mclagan@linux.org.
[   13.216811][    T1] LAPB Ethernet driver version 0.02
[   13.219243][    T1] usbcore: registered new interface driver rndis_wlan
[   13.223233][    T1] mac80211_hwsim: initializing netlink
[   13.237090][    T1] fakelb driver is marked as deprecated, please use mac802154_hwsim!
[   13.244663][ T2553] ata2.00: ATAPI: QEMU DVD-ROM, 2.5+, max UDMA/100
[   13.249009][    T1] ieee802154fakelb ieee802154fakelb: added 2 fake ieee802154 hardware devices
[   13.266231][    T1] mac802154_hwsim mac802154_hwsim: Added 2 mac802154 hwsim hardware radios
[   13.269636][    T1] VMware vmxnet3 virtual NIC driver - version 1.5.0.0-k-NAPI
[   13.270494][  T199] scsi 1:0:0:0: CD-ROM            QEMU     QEMU DVD-ROM     2.5+ PQ: 0 ANSI: 5
[   13.272674][    T1] pegasus: v0.9.3 (2013/04/25), Pegasus/Pegasus II USB Ethernet driver
[   13.284068][    T1] usbcore: registered new interface driver pegasus
[   13.287135][    T1] usbcore: registered new interface driver rtl8150
[   13.289673][    T1] usbcore: registered new interface driver r8152
[   13.293409][    T1] usbcore: registered new interface driver asix
[   13.295945][    T1] usbcore: registered new interface driver ax88179_178a
[   13.298794][    T1] usbcore: registered new interface driver cdc_ether
[   13.301626][    T1] usbcore: registered new interface driver dm9601
[   13.308584][    T1] usbcore: registered new interface driver smsc75xx
[   13.311077][    T1] usbcore: registered new interface driver smsc95xx
[   13.313578][    T1] usbcore: registered new interface driver net1080
[   13.315943][    T1] usbcore: registered new interface driver rndis_host
[   13.321158][    T1] usbcore: registered new interface driver cdc_subset
[   13.326284][    T1] usbcore: registered new interface driver zaurus
[   13.331409][    T1] usbcore: registered new interface driver MOSCHIP usb-ethernet driver
[   13.334930][    T1] usbcore: registered new interface driver cdc_ncm
[   13.339512][    T1] usbcore: registered new interface driver cdc_mbim
[   13.349096][    T1] VFIO - User Level meta-driver version: 0.3
[   13.363889][    T1] aoe: AoE v85 initialised.
[   13.368451][  T199] sr 1:0:0:0: [sr0] scsi3-mmc drive: 4x/4x cd/rw xa/form2 tray
[   13.371668][    T1] ehci_hcd: USB 2.0 'Enhanced' Host Controller (EHCI) Driver
[   13.377255][  T199] cdrom: Uniform CD-ROM driver Revision: 3.20
[   13.381355][    T1] ehci-pci: EHCI PCI platform driver
[   13.386572][    T1] ohci_hcd: USB 1.1 'Open' Host Controller (OHCI) Driver
[   13.389326][    T1] ohci-pci: OHCI PCI platform driver
[   13.393523][    T1] uhci_hcd: USB Universal Host Controller Interface driver
[   13.396627][  T199] sr 1:0:0:0: Attached scsi generic sg0 type 5
[   13.397964][    T1] usbcore: registered new interface driver cdc_acm
[   13.406194][    T1] cdc_acm: USB Abstract Control Model driver for USB modems and ISDN adapters
[   13.415090][    T1] usbcore: registered new interface driver usblp
[   13.417658][    T1] usbcore: registered new interface driver cdc_wdm
[   13.422359][    T1] usbcore: registered new interface driver uas
[   13.425555][    T1] usbcore: registered new interface driver usb-storage
[   13.429402][    T1] usbcore: registered new interface driver ums-realtek
[   13.433022][    T1] usbcore: registered new interface driver usbserial_generic
[   13.436061][    T1] usbserial: USB Serial support registered for generic
[   13.438728][    T1] usbcore: registered new interface driver ch341
[   13.442930][    T1] usbserial: USB Serial support registered for ch341-uart
[   13.447004][    T1] usbcore: registered new interface driver cp210x
[   13.449609][    T1] usbserial: USB Serial support registered for cp210x
[   13.453161][    T1] usbcore: registered new interface driver ftdi_sio
[   13.455695][    T1] usbserial: USB Serial support registered for FTDI USB Serial Device
[   13.460976][    T1] usbcore: registered new interface driver keyspan
[   13.463560][    T1] usbserial: USB Serial support registered for Keyspan - (without firmware)
[   13.466897][    T1] usbserial: USB Serial support registered for Keyspan 1 port adapter
[   13.470479][    T1] usbserial: USB Serial support registered for Keyspan 2 port adapter
[   13.474045][    T1] usbserial: USB Serial support registered for Keyspan 4 port adapter
[   13.477959][    T1] usbcore: registered new interface driver option
[   13.480991][    T1] usbserial: USB Serial support registered for GSM modem (1-port)
[   13.484363][    T1] usbcore: registered new interface driver oti6858
[   13.486809][    T1] usbserial: USB Serial support registered for oti6858
[   13.489641][    T1] usbcore: registered new interface driver pl2303
[   13.492311][    T1] usbserial: USB Serial support registered for pl2303
[   13.494986][    T1] usbcore: registered new interface driver qcserial
[   13.497492][    T1] usbserial: USB Serial support registered for Qualcomm USB modem
[   13.500719][    T1] usbcore: registered new interface driver sierra
[   13.503156][    T1] usbserial: USB Serial support registered for Sierra USB modem
[   13.506033][    T1] usbcore: registered new interface driver usb_serial_simple
[   13.509625][    T1] usbserial: USB Serial support registered for carelink
[   13.512836][    T1] usbserial: USB Serial support registered for zio
[   13.515627][    T1] usbserial: USB Serial support registered for funsoft
[   13.518356][    T1] usbserial: USB Serial support registered for flashloader
[   13.521600][    T1] usbserial: USB Serial support registered for google
[   13.526183][    T1] usbserial: USB Serial support registered for libtransistor
[   13.529015][    T1] usbserial: USB Serial support registered for vivopay
[   13.531596][    T1] usbserial: USB Serial support registered for moto_modem
[   13.534575][    T1] usbserial: USB Serial support registered for motorola_tetra
[   13.537330][    T1] usbserial: USB Serial support registered for novatel_gps
[   13.540224][    T1] usbserial: USB Serial support registered for hp4x
[   13.542730][    T1] usbserial: USB Serial support registered for suunto
[   13.545181][    T1] usbserial: USB Serial support registered for siemens_mpi
[   13.549790][    T1] dummy_hcd dummy_hcd.0: USB Host+Gadget Emulator, driver 02 May 2005
[   13.554286][    T1] dummy_hcd dummy_hcd.0: Dummy host controller
[   13.558989][    T1] dummy_hcd dummy_hcd.0: new USB bus registered, assigned bus number 1
[   13.563074][    T1] usb usb1: New USB device found, idVendor=1d6b, idProduct=0002, bcdDevice= 5.09
[   13.566503][    T1] usb usb1: New USB device strings: Mfr=3, Product=2, SerialNumber=1
[   13.573382][    T1] usb usb1: Product: Dummy host controller
[   13.575437][    T1] usb usb1: Manufacturer: Linux 5.9.0-rc8+ dummy_hcd
[   13.577726][    T1] usb usb1: SerialNumber: dummy_hcd.0
[   13.584252][    T1] hub 1-0:1.0: USB hub found
[   13.588010][    T1] hub 1-0:1.0: 1 port detected
[   13.593086][    T1] using random self ethernet address
[   13.595094][    T1] using random host ethernet address
[   13.598237][    T1] Mass Storage Function, version: 2009/09/11
[   13.600508][    T1] LUN: removable file: (no medium)
[   13.602468][    T1] no file given for LUN0
[   13.603969][    T1] printk: console [ttyGS0] disabled
[   13.608548][    T1] g_multi dummy_udc.0: failed to start g_multi: -22
[   13.617338][    T1] vhci_hcd vhci_hcd.0: USB/IP Virtual Host Controller
[   13.620700][    T1] vhci_hcd vhci_hcd.0: new USB bus registered, assigned bus number 2
[   13.623849][    T1] vhci_hcd: created sysfs vhci_hcd.0
[   13.626203][    T1] usb usb2: New USB device found, idVendor=1d6b, idProduct=0002, bcdDevice= 5.09
[   13.629440][    T1] usb usb2: New USB device strings: Mfr=3, Product=2, SerialNumber=1
[   13.632620][    T1] usb usb2: Product: USB/IP Virtual Host Controller
[   13.635991][    T1] usb usb2: Manufacturer: Linux 5.9.0-rc8+ vhci_hcd
[   13.639167][    T1] usb usb2: SerialNumber: vhci_hcd.0
[   13.645025][    T1] hub 2-0:1.0: USB hub found
[   13.648117][    T1] hub 2-0:1.0: 8 ports detected
[   13.652631][    T1] vhci_hcd vhci_hcd.0: USB/IP Virtual Host Controller
[   13.655925][    T1] vhci_hcd vhci_hcd.0: new USB bus registered, assigned bus number 3
[   13.659815][    T1] usb usb3: We don't know the algorithms for LPM for this host, disabling LPM.
[   13.664538][    T1] usb usb3: New USB device found, idVendor=1d6b, idProduct=0003, bcdDevice= 5.09
[   13.668378][    T1] usb usb3: New USB device strings: Mfr=3, Product=2, SerialNumber=1
[   13.671447][    T1] usb usb3: Product: USB/IP Virtual Host Controller
[   13.674636][    T1] usb usb3: Manufacturer: Linux 5.9.0-rc8+ vhci_hcd
[   13.678539][    T1] usb usb3: SerialNumber: vhci_hcd.0
[   13.682179][    T1] hub 3-0:1.0: USB hub found
[   13.683904][    T1] hub 3-0:1.0: 8 ports detected
[   13.688764][    T1] vhci_hcd vhci_hcd.1: USB/IP Virtual Host Controller
[   13.692101][    T1] vhci_hcd vhci_hcd.1: new USB bus registered, assigned bus number 4
[   13.700474][    T1] usb usb4: New USB device found, idVendor=1d6b, idProduct=0002, bcdDevice= 5.09
[   13.704035][    T1] usb usb4: New USB device strings: Mfr=3, Product=2, SerialNumber=1
[   13.707432][    T1] usb usb4: Product: USB/IP Virtual Host Controller
[   13.709820][    T1] usb usb4: Manufacturer: Linux 5.9.0-rc8+ vhci_hcd
[   13.712872][    T1] usb usb4: SerialNumber: vhci_hcd.1
[   13.719248][    T1] hub 4-0:1.0: USB hub found
[   13.724338][    T1] hub 4-0:1.0: 8 ports detected
[   13.729712][    T1] vhci_hcd vhci_hcd.1: USB/IP Virtual Host Controller
[   13.734001][    T1] vhci_hcd vhci_hcd.1: new USB bus registered, assigned bus number 5
[   13.740089][    T1] usb usb5: We don't know the algorithms for LPM for this host, disabling LPM.
[   13.745791][    T1] usb usb5: New USB device found, idVendor=1d6b, idProduct=0003, bcdDevice= 5.09
[   13.749978][    T1] usb usb5: New USB device strings: Mfr=3, Product=2, SerialNumber=1
[   13.754458][    T1] usb usb5: Product: USB/IP Virtual Host Controller
[   13.758898][    T1] usb usb5: Manufacturer: Linux 5.9.0-rc8+ vhci_hcd
[   13.764536][    T1] usb usb5: SerialNumber: vhci_hcd.1
[   13.772847][    T1] hub 5-0:1.0: USB hub found
[   13.775793][    T1] hub 5-0:1.0: 8 ports detected
[   13.786767][    T1] vhci_hcd vhci_hcd.2: USB/IP Virtual Host Controller
[   13.791069][    T1] vhci_hcd vhci_hcd.2: new USB bus registered, assigned bus number 6
[   13.802386][    T1] usb usb6: New USB device found, idVendor=1d6b, idProduct=0002, bcdDevice= 5.09
[   13.808690][    T1] usb usb6: New USB device strings: Mfr=3, Product=2, SerialNumber=1
[   13.817511][    T1] usb usb6: Product: USB/IP Virtual Host Controller
[   13.820049][    T1] usb usb6: Manufacturer: Linux 5.9.0-rc8+ vhci_hcd
[   13.822845][    T1] usb usb6: SerialNumber: vhci_hcd.2
[   13.827022][    T1] hub 6-0:1.0: USB hub found
[   13.831068][    T1] hub 6-0:1.0: 8 ports detected
[   13.841197][    T1] vhci_hcd vhci_hcd.2: USB/IP Virtual Host Controller
[   13.849292][    T1] vhci_hcd vhci_hcd.2: new USB bus registered, assigned bus number 7
[   13.855722][    T1] usb usb7: We don't know the algorithms for LPM for this host, disabling LPM.
[   13.862326][    T1] usb usb7: New USB device found, idVendor=1d6b, idProduct=0003, bcdDevice= 5.09
[   13.872070][    T1] usb usb7: New USB device strings: Mfr=3, Product=2, SerialNumber=1
[   13.875336][    T1] usb usb7: Product: USB/IP Virtual Host Controller
[   13.877807][    T1] usb usb7: Manufacturer: Linux 5.9.0-rc8+ vhci_hcd
[   13.880104][    T1] usb usb7: SerialNumber: vhci_hcd.2
[   13.892769][    T1] hub 7-0:1.0: USB hub found
[   13.894694][    T1] hub 7-0:1.0: 8 ports detected
[   13.903435][    T1] vhci_hcd vhci_hcd.3: USB/IP Virtual Host Controller
[   13.909390][    T1] vhci_hcd vhci_hcd.3: new USB bus registered, assigned bus number 8
[   13.913647][    T1] usb usb8: New USB device found, idVendor=1d6b, idProduct=0002, bcdDevice= 5.09
[   13.916980][    T1] usb usb8: New USB device strings: Mfr=3, Product=2, SerialNumber=1
[   13.919927][    T1] usb usb8: Product: USB/IP Virtual Host Controller
[   13.922446][    T1] usb usb8: Manufacturer: Linux 5.9.0-rc8+ vhci_hcd
[   13.924841][    T1] usb usb8: SerialNumber: vhci_hcd.3
[   13.930321][    T1] hub 8-0:1.0: USB hub found
[   13.932241][    T1] hub 8-0:1.0: 8 ports detected
[   13.936589][    T1] vhci_hcd vhci_hcd.3: USB/IP Virtual Host Controller
[   13.939986][    T1] vhci_hcd vhci_hcd.3: new USB bus registered, assigned bus number 9
[   13.943686][    T1] usb usb9: We don't know the algorithms for LPM for this host, disabling LPM.
[   13.947327][    T1] usb usb9: New USB device found, idVendor=1d6b, idProduct=0003, bcdDevice= 5.09
[   13.950763][    T1] usb usb9: New USB device strings: Mfr=3, Product=2, SerialNumber=1
[   13.953799][    T1] usb usb9: Product: USB/IP Virtual Host Controller
[   13.957622][    T1] usb usb9: Manufacturer: Linux 5.9.0-rc8+ vhci_hcd
[   13.961343][    T1] usb usb9: SerialNumber: vhci_hcd.3
[   13.965917][    T1] hub 9-0:1.0: USB hub found
[   13.967786][    T1] hub 9-0:1.0: 8 ports detected
[   13.972704][    T1] vhci_hcd vhci_hcd.4: USB/IP Virtual Host Controller
[   13.976846][    T1] vhci_hcd vhci_hcd.4: new USB bus registered, assigned bus number 10
[   13.980765][    T1] usb usb10: New USB device found, idVendor=1d6b, idProduct=0002, bcdDevice= 5.09
[   13.984330][    T1] usb usb10: New USB device strings: Mfr=3, Product=2, SerialNumber=1
[   13.987504][    T1] usb usb10: Product: USB/IP Virtual Host Controller
[   13.989985][    T1] usb usb10: Manufacturer: Linux 5.9.0-rc8+ vhci_hcd
[   13.994476][    T1] usb usb10: SerialNumber: vhci_hcd.4
[   14.000248][    T1] hub 10-0:1.0: USB hub found
[   14.002048][    T1] hub 10-0:1.0: 8 ports detected
[   14.008036][    T1] vhci_hcd vhci_hcd.4: USB/IP Virtual Host Controller
[   14.014665][    T1] vhci_hcd vhci_hcd.4: new USB bus registered, assigned bus number 11
[   14.021737][    T1] usb usb11: We don't know the algorithms for LPM for this host, disabling LPM.
[   14.026024][    T1] usb usb11: New USB device found, idVendor=1d6b, idProduct=0003, bcdDevice= 5.09
[   14.029358][    T1] usb usb11: New USB device strings: Mfr=3, Product=2, SerialNumber=1
[   14.032491][    T1] usb usb11: Product: USB/IP Virtual Host Controller
[   14.034829][    T1] usb usb11: Manufacturer: Linux 5.9.0-rc8+ vhci_hcd
[   14.037647][    T1] usb usb11: SerialNumber: vhci_hcd.4
[   14.043645][    T1] hub 11-0:1.0: USB hub found
[   14.045429][    T1] hub 11-0:1.0: 8 ports detected
[   14.050313][    T1] vhci_hcd vhci_hcd.5: USB/IP Virtual Host Controller
[   14.058559][    T1] vhci_hcd vhci_hcd.5: new USB bus registered, assigned bus number 12
[   14.065262][    T1] usb usb12: New USB device found, idVendor=1d6b, idProduct=0002, bcdDevice= 5.09
[   14.068432][    T1] usb usb12: New USB device strings: Mfr=3, Product=2, SerialNumber=1
[   14.071536][    T1] usb usb12: Product: USB/IP Virtual Host Controller
[   14.075219][    T1] usb usb12: Manufacturer: Linux 5.9.0-rc8+ vhci_hcd
[   14.077651][    T1] usb usb12: SerialNumber: vhci_hcd.5
[   14.081691][    T1] hub 12-0:1.0: USB hub found
[   14.083526][    T1] hub 12-0:1.0: 8 ports detected
[   14.087815][    T1] vhci_hcd vhci_hcd.5: USB/IP Virtual Host Controller
[   14.090967][    T1] vhci_hcd vhci_hcd.5: new USB bus registered, assigned bus number 13
[   14.095157][    T1] usb usb13: We don't know the algorithms for LPM for this host, disabling LPM.
[   14.098890][    T1] usb usb13: New USB device found, idVendor=1d6b, idProduct=0003, bcdDevice= 5.09
[   14.102317][    T1] usb usb13: New USB device strings: Mfr=3, Product=2, SerialNumber=1
[   14.106680][    T1] usb usb13: Product: USB/IP Virtual Host Controller
[   14.109225][    T1] usb usb13: Manufacturer: Linux 5.9.0-rc8+ vhci_hcd
[   14.111603][    T1] usb usb13: SerialNumber: vhci_hcd.5
[   14.117683][    T1] hub 13-0:1.0: USB hub found
[   14.119507][    T1] hub 13-0:1.0: 8 ports detected
[   14.125699][    T1] vhci_hcd vhci_hcd.6: USB/IP Virtual Host Controller
[   14.128969][    T1] vhci_hcd vhci_hcd.6: new USB bus registered, assigned bus number 14
[   14.132386][    T1] usb usb14: New USB device found, idVendor=1d6b, idProduct=0002, bcdDevice= 5.09
[   14.135827][    T1] usb usb14: New USB device strings: Mfr=3, Product=2, SerialNumber=1
[   14.139004][    T1] usb usb14: Product: USB/IP Virtual Host Controller
[   14.141478][    T1] usb usb14: Manufacturer: Linux 5.9.0-rc8+ vhci_hcd
[   14.143926][    T1] usb usb14: SerialNumber: vhci_hcd.6
[   14.147355][    T1] hub 14-0:1.0: USB hub found
[   14.149139][    T1] hub 14-0:1.0: 8 ports detected
[   14.156410][    T1] vhci_hcd vhci_hcd.6: USB/IP Virtual Host Controller
[   14.159536][    T1] vhci_hcd vhci_hcd.6: new USB bus registered, assigned bus number 15
[   14.163523][    T1] usb usb15: We don't know the algorithms for LPM for this host, disabling LPM.
[   14.167129][    T1] usb usb15: New USB device found, idVendor=1d6b, idProduct=0003, bcdDevice= 5.09
[   14.170451][    T1] usb usb15: New USB device strings: Mfr=3, Product=2, SerialNumber=1
[   14.173540][    T1] usb usb15: Product: USB/IP Virtual Host Controller
[   14.175990][    T1] usb usb15: Manufacturer: Linux 5.9.0-rc8+ vhci_hcd
[   14.186817][    T1] usb usb15: SerialNumber: vhci_hcd.6
[   14.192019][    T1] hub 15-0:1.0: USB hub found
[   14.195960][    T1] hub 15-0:1.0: 8 ports detected
[   14.200983][    T1] vhci_hcd vhci_hcd.7: USB/IP Virtual Host Controller
[   14.204130][    T1] vhci_hcd vhci_hcd.7: new USB bus registered, assigned bus number 16
[   14.207392][    T1] usb usb16: New USB device found, idVendor=1d6b, idProduct=0002, bcdDevice= 5.09
[   14.211595][    T1] usb usb16: New USB device strings: Mfr=3, Product=2, SerialNumber=1
[   14.215288][    T1] usb usb16: Product: USB/IP Virtual Host Controller
[   14.217809][    T1] usb usb16: Manufacturer: Linux 5.9.0-rc8+ vhci_hcd
[   14.220164][    T1] usb usb16: SerialNumber: vhci_hcd.7
[   14.225484][    T1] hub 16-0:1.0: USB hub found
[   14.227388][    T1] hub 16-0:1.0: 8 ports detected
[   14.234957][    T1] vhci_hcd vhci_hcd.7: USB/IP Virtual Host Controller
[   14.238350][    T1] vhci_hcd vhci_hcd.7: new USB bus registered, assigned bus number 17
[   14.241561][    T1] usb usb17: We don't know the algorithms for LPM for this host, disabling LPM.
[   14.245865][    T1] usb usb17: New USB device found, idVendor=1d6b, idProduct=0003, bcdDevice= 5.09
[   14.249274][    T1] usb usb17: New USB device strings: Mfr=3, Product=2, SerialNumber=1
[   14.252323][    T1] usb usb17: Product: USB/IP Virtual Host Controller
[   14.254683][    T1] usb usb17: Manufacturer: Linux 5.9.0-rc8+ vhci_hcd
[   14.257042][    T1] usb usb17: SerialNumber: vhci_hcd.7
[   14.261025][    T1] hub 17-0:1.0: USB hub found
[   14.263704][    T1] hub 17-0:1.0: 8 ports detected
[   14.269362][    T1] vhci_hcd vhci_hcd.8: USB/IP Virtual Host Controller
[   14.275654][    T1] vhci_hcd vhci_hcd.8: new USB bus registered, assigned bus number 18
[   14.278843][    T1] usb usb18: New USB device found, idVendor=1d6b, idProduct=0002, bcdDevice= 5.09
[   14.282170][    T1] usb usb18: New USB device strings: Mfr=3, Product=2, SerialNumber=1
[   14.284871][    T1] usb usb18: Product: USB/IP Virtual Host Controller
[   14.287197][    T1] usb usb18: Manufacturer: Linux 5.9.0-rc8+ vhci_hcd
[   14.289430][    T1] usb usb18: SerialNumber: vhci_hcd.8
[   14.294359][    T1] hub 18-0:1.0: USB hub found
[   14.297277][    T1] hub 18-0:1.0: 8 ports detected
[   14.301600][    T1] vhci_hcd vhci_hcd.8: USB/IP Virtual Host Controller
[   14.305333][    T1] vhci_hcd vhci_hcd.8: new USB bus registered, assigned bus number 19
[   14.309259][    T1] usb usb19: We don't know the algorithms for LPM for this host, disabling LPM.
[   14.315110][    T1] usb usb19: New USB device found, idVendor=1d6b, idProduct=0003, bcdDevice= 5.09
[   14.318342][    T1] usb usb19: New USB device strings: Mfr=3, Product=2, SerialNumber=1
[   14.321105][    T1] usb usb19: Product: USB/IP Virtual Host Controller
[   14.323790][    T1] usb usb19: Manufacturer: Linux 5.9.0-rc8+ vhci_hcd
[   14.327814][    T1] usb usb19: SerialNumber: vhci_hcd.8
[   14.333045][    T1] hub 19-0:1.0: USB hub found
[   14.335041][    T1] hub 19-0:1.0: 8 ports detected
[   14.340150][    T1] vhci_hcd vhci_hcd.9: USB/IP Virtual Host Controller
[   14.344515][    T1] vhci_hcd vhci_hcd.9: new USB bus registered, assigned bus number 20
[   14.348076][    T1] usb usb20: New USB device found, idVendor=1d6b, idProduct=0002, bcdDevice= 5.09
[   14.351208][    T1] usb usb20: New USB device strings: Mfr=3, Product=2, SerialNumber=1
[   14.354406][    T1] usb usb20: Product: USB/IP Virtual Host Controller
[   14.356740][    T1] usb usb20: Manufacturer: Linux 5.9.0-rc8+ vhci_hcd
[   14.359014][    T1] usb usb20: SerialNumber: vhci_hcd.9
[   14.363412][    T1] hub 20-0:1.0: USB hub found
[   14.365294][    T1] hub 20-0:1.0: 8 ports detected
[   14.369495][    T1] vhci_hcd vhci_hcd.9: USB/IP Virtual Host Controller
[   14.375005][    T1] vhci_hcd vhci_hcd.9: new USB bus registered, assigned bus number 21
[   14.377986][    T1] usb usb21: We don't know the algorithms for LPM for this host, disabling LPM.
[   14.381565][    T1] usb usb21: New USB device found, idVendor=1d6b, idProduct=0003, bcdDevice= 5.09
[   14.384929][    T1] usb usb21: New USB device strings: Mfr=3, Product=2, SerialNumber=1
[   14.387859][    T1] usb usb21: Product: USB/IP Virtual Host Controller
[   14.390311][    T1] usb usb21: Manufacturer: Linux 5.9.0-rc8+ vhci_hcd
[   14.392647][    T1] usb usb21: SerialNumber: vhci_hcd.9
[   14.396071][    T1] hub 21-0:1.0: USB hub found
[   14.397830][    T1] hub 21-0:1.0: 8 ports detected
[   14.402745][    T1] vhci_hcd vhci_hcd.10: USB/IP Virtual Host Controller
[   14.407088][    T1] vhci_hcd vhci_hcd.10: new USB bus registered, assigned bus number 22
[   14.410969][    T1] usb usb22: New USB device found, idVendor=1d6b, idProduct=0002, bcdDevice= 5.09
[   14.415035][    T1] usb usb22: New USB device strings: Mfr=3, Product=2, SerialNumber=1
[   14.417989][    T1] usb usb22: Product: USB/IP Virtual Host Controller
[   14.421473][    T1] usb usb22: Manufacturer: Linux 5.9.0-rc8+ vhci_hcd
[   14.426400][    T1] usb usb22: SerialNumber: vhci_hcd.10
[   14.433651][    T1] hub 22-0:1.0: USB hub found
[   14.435546][    T1] hub 22-0:1.0: 8 ports detected
[   14.440748][    T1] vhci_hcd vhci_hcd.10: USB/IP Virtual Host Controller
[   14.446796][    T1] vhci_hcd vhci_hcd.10: new USB bus registered, assigned bus number 23
[   14.450382][    T1] usb usb23: We don't know the algorithms for LPM for this host, disabling LPM.
[   14.453875][    T1] usb usb23: New USB device found, idVendor=1d6b, idProduct=0003, bcdDevice= 5.09
[   14.457072][    T1] usb usb23: New USB device strings: Mfr=3, Product=2, SerialNumber=1
[   14.460283][    T1] usb usb23: Product: USB/IP Virtual Host Controller
[   14.464387][    T1] usb usb23: Manufacturer: Linux 5.9.0-rc8+ vhci_hcd
[   14.467357][    T1] usb usb23: SerialNumber: vhci_hcd.10
[   14.473145][    T1] hub 23-0:1.0: USB hub found
[   14.474977][    T1] hub 23-0:1.0: 8 ports detected
[   14.482003][    T1] vhci_hcd vhci_hcd.11: USB/IP Virtual Host Controller
[   14.486088][    T1] vhci_hcd vhci_hcd.11: new USB bus registered, assigned bus number 24
[   14.489359][    T1] usb usb24: New USB device found, idVendor=1d6b, idProduct=0002, bcdDevice= 5.09
[   14.494729][    T1] usb usb24: New USB device strings: Mfr=3, Product=2, SerialNumber=1
[   14.499581][    T1] usb usb24: Product: USB/IP Virtual Host Controller
[   14.503748][    T1] usb usb24: Manufacturer: Linux 5.9.0-rc8+ vhci_hcd
[   14.506096][    T1] usb usb24: SerialNumber: vhci_hcd.11
[   14.510129][    T1] hub 24-0:1.0: USB hub found
[   14.512662][    T1] hub 24-0:1.0: 8 ports detected
[   14.516860][    T1] vhci_hcd vhci_hcd.11: USB/IP Virtual Host Controller
[   14.520659][    T1] vhci_hcd vhci_hcd.11: new USB bus registered, assigned bus number 25
[   14.523665][    T1] usb usb25: We don't know the algorithms for LPM for this host, disabling LPM.
[   14.527266][    T1] usb usb25: New USB device found, idVendor=1d6b, idProduct=0003, bcdDevice= 5.09
[   14.531859][    T1] usb usb25: New USB device strings: Mfr=3, Product=2, SerialNumber=1
[   14.535207][    T1] usb usb25: Product: USB/IP Virtual Host Controller
[   14.538025][    T1] usb usb25: Manufacturer: Linux 5.9.0-rc8+ vhci_hcd
[   14.540300][    T1] usb usb25: SerialNumber: vhci_hcd.11
[   14.546332][    T1] hub 25-0:1.0: USB hub found
[   14.550446][    T1] hub 25-0:1.0: 8 ports detected
[   14.555356][    T1] vhci_hcd vhci_hcd.12: USB/IP Virtual Host Controller
[   14.558799][    T1] vhci_hcd vhci_hcd.12: new USB bus registered, assigned bus number 26
[   14.562081][    T1] usb usb26: New USB device found, idVendor=1d6b, idProduct=0002, bcdDevice= 5.09
[   14.566672][    T1] usb usb26: New USB device strings: Mfr=3, Product=2, SerialNumber=1
[   14.573432][    T1] usb usb26: Product: USB/IP Virtual Host Controller
[   14.575973][    T1] usb usb26: Manufacturer: Linux 5.9.0-rc8+ vhci_hcd
[   14.578292][    T1] usb usb26: SerialNumber: vhci_hcd.12
[   14.583751][    T1] hub 26-0:1.0: USB hub found
[   14.585635][    T1] hub 26-0:1.0: 8 ports detected
[   14.591165][    T1] vhci_hcd vhci_hcd.12: USB/IP Virtual Host Controller
[   14.595141][    T1] vhci_hcd vhci_hcd.12: new USB bus registered, assigned bus number 27
[   14.598394][    T1] usb usb27: We don't know the algorithms for LPM for this host, disabling LPM.
[   14.602580][    T1] usb usb27: New USB device found, idVendor=1d6b, idProduct=0003, bcdDevice= 5.09
[   14.606768][    T1] usb usb27: New USB device strings: Mfr=3, Product=2, SerialNumber=1
[   14.609821][    T1] usb usb27: Product: USB/IP Virtual Host Controller
[   14.612911][    T1] usb usb27: Manufacturer: Linux 5.9.0-rc8+ vhci_hcd
[   14.615243][    T1] usb usb27: SerialNumber: vhci_hcd.12
[   14.619537][    T1] hub 27-0:1.0: USB hub found
[   14.623296][    T1] hub 27-0:1.0: 8 ports detected
[   14.629663][    T1] vhci_hcd vhci_hcd.13: USB/IP Virtual Host Controller
[   14.633204][    T1] vhci_hcd vhci_hcd.13: new USB bus registered, assigned bus number 28
[   14.633726][    T1] usb usb28: New USB device found, idVendor=1d6b, idProduct=0002, bcdDevice= 5.09
[   14.646019][    T1] usb usb28: New USB device strings: Mfr=3, Product=2, SerialNumber=1
[   14.650390][    T1] usb usb28: Product: USB/IP Virtual Host Controller
[   14.652765][    T1] usb usb28: Manufacturer: Linux 5.9.0-rc8+ vhci_hcd
[   14.655719][    T1] usb usb28: SerialNumber: vhci_hcd.13
[   14.659822][    T1] hub 28-0:1.0: USB hub found
[   14.663745][    T1] hub 28-0:1.0: 8 ports detected
[   14.668804][    T1] vhci_hcd vhci_hcd.13: USB/IP Virtual Host Controller
[   14.673015][    T1] vhci_hcd vhci_hcd.13: new USB bus registered, assigned bus number 29
[   14.676669][    T1] usb usb29: We don't know the algorithms for LPM for this host, disabling LPM.
[   14.682741][    T1] usb usb29: New USB device found, idVendor=1d6b, idProduct=0003, bcdDevice= 5.09
[   14.687651][    T1] usb usb29: New USB device strings: Mfr=3, Product=2, SerialNumber=1
[   14.690573][    T1] usb usb29: Product: USB/IP Virtual Host Controller
[   14.693922][    T1] usb usb29: Manufacturer: Linux 5.9.0-rc8+ vhci_hcd
[   14.696438][    T1] usb usb29: SerialNumber: vhci_hcd.13
[   14.700669][    T1] hub 29-0:1.0: USB hub found
[   14.702488][    T1] hub 29-0:1.0: 8 ports detected
[   14.707028][    T1] vhci_hcd vhci_hcd.14: USB/IP Virtual Host Controller
[   14.710250][    T1] vhci_hcd vhci_hcd.14: new USB bus registered, assigned bus number 30
[   14.717104][    T1] usb usb30: New USB device found, idVendor=1d6b, idProduct=0002, bcdDevice= 5.09
[   14.720219][    T1] usb usb30: New USB device strings: Mfr=3, Product=2, SerialNumber=1
[   14.723130][    T1] usb usb30: Product: USB/IP Virtual Host Controller
[   14.725412][    T1] usb usb30: Manufacturer: Linux 5.9.0-rc8+ vhci_hcd
[   14.727672][    T1] usb usb30: SerialNumber: vhci_hcd.14
[   14.730755][    T1] hub 30-0:1.0: USB hub found
[   14.733250][    T1] hub 30-0:1.0: 8 ports detected
[   14.737283][    T1] vhci_hcd vhci_hcd.14: USB/IP Virtual Host Controller
[   14.740331][    T1] vhci_hcd vhci_hcd.14: new USB bus registered, assigned bus number 31
[   14.743547][    T1] usb usb31: We don't know the algorithms for LPM for this host, disabling LPM.
[   14.747523][    T1] usb usb31: New USB device found, idVendor=1d6b, idProduct=0003, bcdDevice= 5.09
[   14.751740][    T1] usb usb31: New USB device strings: Mfr=3, Product=2, SerialNumber=1
[   14.755538][    T1] usb usb31: Product: USB/IP Virtual Host Controller
[   14.757879][    T1] usb usb31: Manufacturer: Linux 5.9.0-rc8+ vhci_hcd
[   14.760324][    T1] usb usb31: SerialNumber: vhci_hcd.14
[   14.767044][    T1] hub 31-0:1.0: USB hub found
[   14.770211][    T1] hub 31-0:1.0: 8 ports detected
[   14.777876][    T1] vhci_hcd vhci_hcd.15: USB/IP Virtual Host Controller
[   14.783760][    T1] vhci_hcd vhci_hcd.15: new USB bus registered, assigned bus number 32
[   14.789152][    T1] usb usb32: New USB device found, idVendor=1d6b, idProduct=0002, bcdDevice= 5.09
[   14.792395][    T1] usb usb32: New USB device strings: Mfr=3, Product=2, SerialNumber=1
[   14.795242][    T1] usb usb32: Product: USB/IP Virtual Host Controller
[   14.797918][    T1] usb usb32: Manufacturer: Linux 5.9.0-rc8+ vhci_hcd
[   14.800523][    T1] usb usb32: SerialNumber: vhci_hcd.15
[   14.805422][    T1] hub 32-0:1.0: USB hub found
[   14.808488][    T1] hub 32-0:1.0: 8 ports detected
[   14.813107][    T1] vhci_hcd vhci_hcd.15: USB/IP Virtual Host Controller
[   14.818196][    T1] vhci_hcd vhci_hcd.15: new USB bus registered, assigned bus number 33
[   14.823782][    T1] usb usb33: We don't know the algorithms for LPM for this host, disabling LPM.
[   14.827377][    T1] usb usb33: New USB device found, idVendor=1d6b, idProduct=0003, bcdDevice= 5.09
[   14.830891][    T1] usb usb33: New USB device strings: Mfr=3, Product=2, SerialNumber=1
[   14.835307][    T1] usb usb33: Product: USB/IP Virtual Host Controller
[   14.837720][    T1] usb usb33: Manufacturer: Linux 5.9.0-rc8+ vhci_hcd
[   14.840189][    T1] usb usb33: SerialNumber: vhci_hcd.15
[   14.847699][    T1] hub 33-0:1.0: USB hub found
[   14.849448][    T1] hub 33-0:1.0: 8 ports detected
[   14.857231][    T1] usbcore: registered new device driver usbip-host
[   14.862486][    T1] i8042: PNP: PS/2 Controller [PNP0303:KBD,PNP0f13:MOU] at 0x60,0x64 irq 1,12
[   14.869734][    T1] serio: i8042 KBD port at 0x60,0x64 irq 1
[   14.872630][    T1] serio: i8042 AUX port at 0x60,0x64 irq 12
[   15.051292][    T1] mousedev: PS/2 mouse device common for all mice
[   15.059654][    T1] usbcore: registered new interface driver xpad
[   15.063021][   T22] input: AT Translated Set 2 keyboard as /devices/platform/i8042/serio0/input/input1
[   15.073049][    T1] rtc_cmos 00:05: RTC can wake from S4
[   15.082943][    T1] rtc_cmos 00:05: registered as rtc0
[   15.086221][    T1] rtc_cmos 00:05: alarms up to one day, y3k, 242 bytes nvram, hpet irqs
[   15.091969][    T1] i2c /dev entries driver
[   15.096152][    T1] piix4_smbus 0000:00:01.3: SMBus Host Controller at 0x700, revision 0
[   15.100347][    T1] usbcore: registered new interface driver RobotFuzz Open Source InterFace, OSIF
[   15.105056][    T1] usbcore: registered new interface driver i2c-tiny-usb
[   15.109070][    T1] IR NEC protocol handler initialized
[   15.112332][    T1] IR RC5(x/sz) protocol handler initialized
[   15.114914][    T1] IR RC6 protocol handler initialized
[   15.116671][    T1] IR JVC protocol handler initialized
[   15.118706][    T1] IR Sony protocol handler initialized
[   15.120492][    T1] IR SANYO protocol handler initialized
[   15.124223][    T1] IR Sharp protocol handler initialized
[   15.127207][    T1] IR MCE Keyboard/mouse protocol handler initialized
[   15.131074][    T1] IR XMP protocol handler initialized
[   15.133572][    T1] usbcore: registered new interface driver uvcvideo
[   15.135782][    T1] USB Video Class driver (1.1.1)
[   15.137500][    T1] gspca_main: v2.14.0 registered
[   15.159549][    T1] vivid-000: using single planar format API
[   15.187474][    T1] vivid-000: CEC adapter cec0 registered for HDMI input 0
[   15.197624][    T1] vivid-000: V4L2 capture device registered as video3
[   15.203556][    T1] vivid-000: CEC adapter cec1 registered for HDMI output 0
[   15.206828][    T1] vivid-000: V4L2 output device registered as video4
[   15.209414][    T1] vivid-000: V4L2 capture device registered as vbi0, supports raw and sliced VBI
[   15.214120][    T1] vivid-000: V4L2 output device registered as vbi1, supports raw and sliced VBI
[   15.220874][    T1] vivid-000: V4L2 capture device registered as swradio0
[   15.225921][    T1] vivid-000: V4L2 receiver device registered as radio0
[   15.228894][    T1] vivid-000: V4L2 transmitter device registered as radio1
[   15.234115][    T1] vivid-000: V4L2 metadata capture device registered as video5
[   15.241515][    T1] vivid-000: V4L2 metadata output device registered as video6
[   15.244523][    T1] vivid-000: V4L2 touch capture device registered as v4l-touch0
[   15.250292][    T1] vim2m vim2m.0: Device registered as /dev/video7
[   15.255090][    T1] vicodec vicodec.0: Device 'stateful-encoder' registered as /dev/video8
[   15.260795][    T1] vicodec vicodec.0: Device 'stateful-decoder' registered as /dev/video9
[   15.267032][    T1] vicodec vicodec.0: Device 'stateless-decoder' registered as /dev/video10
[   15.271325][    T1] iTCO_wdt: Intel TCO WatchDog Timer Driver v1.11
[   15.273705][    T1] iTCO_vendor_support: vendor-support=0
[   15.278784][    T1] device-mapper: uevent: version 1.0.3
[   15.283986][    T1] device-mapper: ioctl: 4.42.0-ioctl (2020-02-27) initialised: dm-devel@redhat.com
[   15.291169][    T1] device-mapper: multipath round-robin: version 1.2.0 loaded
[   15.293962][    T1] device-mapper: multipath queue-length: version 0.2.0 loaded
[   15.298778][    T1] device-mapper: multipath service-time: version 0.3.0 loaded
[   15.301930][    T1] device-mapper: raid: Loading target version 1.15.1
[   15.307485][    T1] Bluetooth: HCI UART driver ver 2.3
[   15.309238][    T1] Bluetooth: HCI UART protocol H4 registered
[   15.311228][    T1] Bluetooth: HCI UART protocol BCSP registered
[   15.313592][    T1] Bluetooth: HCI UART protocol LL registered
[   15.317852][    T1] Bluetooth: HCI UART protocol Three-wire (H5) registered
[   15.321844][    T1] Bluetooth: HCI UART protocol QCA registered
[   15.325081][    T1] Bluetooth: HCI UART protocol AG6XX registered
[   15.327906][    T1] Bluetooth: HCI UART protocol Marvell registered
[   15.330788][    T1] usbcore: registered new interface driver bfusb
[   15.333322][    T1] usbcore: registered new interface driver btusb
[   15.337860][    T1] CAPI 2.0 started up with major 68 (middleware)
[   15.340202][    T1] Modular ISDN core version 1.1.29
[   15.344028][    T1] NET: Registered protocol family 34
[   15.345826][    T1] DSP module 2.0
[   15.347056][    T1] mISDN_dsp: DSP clocks every 80 samples. This equals 1 jiffies.
[   15.356252][    T1] mISDN: Layer-1-over-IP driver Rev. 2.00
[   15.361150][    T1] 0 virtual devices registered
[   15.363354][    T1] intel_pstate: CPU model not supported
[   15.370628][    T1] usnic_verbs: Cisco VIC (USNIC) Verbs Driver v1.0.3 (December 19, 2013)
[   15.376162][    T1] usnic_verbs:usnic_uiom_init:563: 
[   15.376165][    T1] IOMMU required but not present or enabled.  USNIC QPs will not function w/o enabling IOMMU
[   15.384263][    T1] usnic_verbs:usnic_ib_init:667: 
[   15.384270][    T1] Unable to initialize umem with err -1
[   15.390210][    T1] iscsi: registered transport (iser)
[   15.393581][    T1] SoftiWARP attached
[   15.395320][    T1] Driver 'framebuffer' was unable to register with bus_type 'coreboot' because the bus was not initialized.
[   15.399225][    T1] Driver 'memconsole' was unable to register with bus_type 'coreboot' because the bus was not initialized.
[   15.403500][    T1] Driver 'vpd' was unable to register with bus_type 'coreboot' because the bus was not initialized.
[   15.414450][    T1] hid: raw HID events driver (C) Jiri Kosina
[   15.429303][    T1] usbcore: registered new interface driver usbhid
[   15.432011][    T1] usbhid: USB HID core driver
[   15.451501][    T1] ashmem: initialized
[   15.505281][    T1] usbcore: registered new interface driver snd-usb-audio
[   15.512099][    T1] drop_monitor: Initializing network drop monitor service
[   15.517314][    T1] NET: Registered protocol family 26
[   15.519311][    T1] GACT probability on
[   15.520633][    T1] Mirror/redirect action on
[   15.522439][    T1] Simple TC action Loaded
[   15.525946][    T1] netem: version 1.3
[   15.528567][    T1] u32 classifier
[   15.529881][    T1]     Performance counters on
[   15.533370][    T1]     input device check on
[   15.535215][    T1]     Actions configured
[   15.543958][    T1] xt_time: kernel timezone is -0000
[   15.546758][    T1] IPVS: Registered protocols (TCP, UDP, SCTP, AH, ESP)
[   15.551698][    T1] IPVS: Connection hash table configured (size=4096, memory=64Kbytes)
[   15.558304][    T1] IPVS: ipvs loaded.
[   15.559845][    T1] IPVS: [rr] scheduler registered.
[   15.563547][    T1] IPVS: [wrr] scheduler registered.
[   15.565407][    T1] IPVS: [lc] scheduler registered.
[   15.569082][    T1] IPVS: [wlc] scheduler registered.
[   15.572875][    T1] IPVS: [fo] scheduler registered.
[   15.574582][    T1] IPVS: [ovf] scheduler registered.
[   15.576469][    T1] IPVS: [lblc] scheduler registered.
[   15.578264][    T1] IPVS: [lblcr] scheduler registered.
[   15.579976][    T1] IPVS: [dh] scheduler registered.
[   15.584003][    T1] IPVS: [sh] scheduler registered.
[   15.585660][    T1] IPVS: [mh] scheduler registered.
[   15.587364][    T1] IPVS: [sed] scheduler registered.
[   15.589072][    T1] IPVS: [nq] scheduler registered.
[   15.591363][    T1] IPVS: ftp: loaded support on port[0] = 21
[   15.593491][    T1] IPVS: [sip] pe registered.
[   15.595194][    T1] ipip: IPv4 and MPLS over IPv4 tunneling driver
[   15.599228][    T1] gre: GRE over IPv4 demultiplexor driver
[   15.602995][    T1] ip_gre: GRE over IPv4 tunneling driver
[   15.610461][    T1] IPv4 over IPsec tunneling driver
[   15.615052][    T1] ipt_CLUSTERIP: ClusterIP Version 0.8 loaded successfully
[   15.618109][    T1] Initializing XFRM netlink socket
[   15.623738][    T1] IPsec XFRM device driver
[   15.626058][    T1] NET: Registered protocol family 10
[   15.639972][    T1] Segment Routing with IPv6
[   15.643217][    T1] RPL Segment Routing with IPv6
[   15.647483][    T1] mip6: Mobile IPv6
[   15.657538][    T1] sit: IPv6, IPv4 and MPLS over IPv4 tunneling driver
[   15.664683][    T1] ip6_gre: GRE over IPv6 tunneling driver
[   15.668397][    T1] NET: Registered protocol family 17
[   15.670433][    T1] NET: Registered protocol family 15
[   15.672801][    T1] Bridge firewalling registered
[   15.678797][    T1] NET: Registered protocol family 9
[   15.681628][    T1] X25: Linux Version 0.2
[   15.689354][    T1] NET: Registered protocol family 6
[   15.716091][   T22] input: ImExPS/2 Generic Explorer Mouse as /devices/platform/i8042/serio1/input/input3
[   15.722761][    T1] NET: Registered protocol family 11
[   15.725699][    T1] NET: Registered protocol family 3
[   15.728100][    T1] can: controller area network core (rev 20170425 abi 9)
[   15.731552][    T1] NET: Registered protocol family 29
[   15.734410][    T1] can: raw protocol (rev 20170425)
[   15.736794][    T1] can: broadcast manager protocol (rev 20170425 t)
[   15.739911][    T1] can: netlink gateway (rev 20190810) max_hops=1
[   15.745030][    T1] can: SAE J1939
[   15.747056][    T1] Bluetooth: RFCOMM TTY layer initialized
[   15.749625][    T1] Bluetooth: RFCOMM socket layer initialized
[   15.751880][    T1] Bluetooth: RFCOMM ver 1.11
[   15.753764][    T1] Bluetooth: BNEP (Ethernet Emulation) ver 1.3
[   15.755950][    T1] Bluetooth: BNEP filters: protocol multicast
[   15.758321][    T1] Bluetooth: BNEP socket layer initialized
[   15.760359][    T1] Bluetooth: CMTP (CAPI Emulation) ver 1.0
[   15.763558][    T1] Bluetooth: CMTP socket layer initialized
[   15.765544][    T1] Bluetooth: HIDP (Human Interface Emulation) ver 1.2
[   15.768839][    T1] Bluetooth: HIDP socket layer initialized
[   15.778271][    T1] RPC: Registered rdma transport module.
[   15.781448][    T1] RPC: Registered rdma backchannel transport module.
[   15.790015][    T1] NET: Registered protocol family 33
[   15.791989][    T1] Key type rxrpc registered
[   15.793855][    T1] Key type rxrpc_s registered
[   15.796867][    T1] NET: Registered protocol family 41
[   15.799570][    T1] lec:lane_module_init: lec.c: initialized
[   15.802970][    T1] mpoa:atm_mpoa_init: mpc.c: initialized
[   15.805600][    T1] l2tp_core: L2TP core driver, V2.0
[   15.807683][    T1] l2tp_ppp: PPPoL2TP kernel driver, V2.0
[   15.809670][    T1] l2tp_ip: L2TP IP encapsulation support (L2TPv3)
[   15.812081][    T1] l2tp_netlink: L2TP netlink interface
[   15.814592][    T1] l2tp_eth: L2TP ethernet pseudowire support (L2TPv3)
[   15.817069][    T1] l2tp_ip6: L2TP IP encapsulation support for IPv6 (L2TPv3)
[   15.820750][    T1] NET: Registered protocol family 35
[   15.824997][    T1] 8021q: 802.1Q VLAN Support v1.8
[   15.853082][    T1] DCCP: Activated CCID 2 (TCP-like)
[   15.855063][    T1] DCCP: Activated CCID 3 (TCP-Friendly Rate Control)
[   15.858186][    T1] sctp: Hash tables configured (bind 32/56)
[   15.862804][    T1] NET: Registered protocol family 21
[   15.866486][    T1] Registered RDS/infiniband transport
[   15.871008][    T1] Registered RDS/tcp transport
[   15.873989][    T1] tipc: Activated (version 2.0.0)
[   15.876892][    T1] NET: Registered protocol family 30
[   15.882358][    T1] tipc: Started in single node mode
[   15.884515][    T1] NET: Registered protocol family 43
[   15.886839][    T1] 9pnet: Installing 9P2000 support
[   15.891948][    T1] NET: Registered protocol family 37
[   15.901172][    T1] NET: Registered protocol family 36
[   15.903971][    T1] Key type dns_resolver registered
[   15.905840][    T1] Key type ceph registered
[   15.907884][    T1] libceph: loaded (mon/osd proto 15/24)
[   15.911496][    T1] batman_adv: B.A.T.M.A.N. advanced 2020.3 (compatibility version 15) loaded
[   15.916055][    T1] openvswitch: Open vSwitch switching datapath
[   15.922769][    T1] NET: Registered protocol family 40
[   15.924834][    T1] mpls_gso: MPLS GSO support
[   15.931537][    T1] IPI shorthand broadcast: enabled
[   15.935816][    T1] AVX2 version of gcm_enc/dec engaged.
[   15.938556][    T1] AES CTR mode by8 optimization enabled
[   15.945850][    T1] sched_clock: Marking stable (15857475908, 88335682)->(16085805615, -139994025)
[   15.950857][    T1] registered taskstats version 1
[   15.954080][    T1] Loading compiled-in X.509 certificates
[   15.962536][    T1] Loaded X.509 cert 'Build time autogenerated kernel key: fe1e0facecc302954fdb0f078d08312bc3f3031f'
[   15.967137][    T1] zswap: loaded using pool lzo/zbud
[   15.970351][    T1] debug_vm_pgtable: [debug_vm_pgtable         ]: Validating architecture page table helpers
[   15.974779][    T1] Key type ._fscrypt registered
[   15.979337][    T1] Key type .fscrypt registered
[   15.995855][    T1] Key type fscrypt-provisioning registered
[   16.014684][    T1] kAFS: Red Hat AFS client v0.1 registering.
[   16.018363][    T1] FS-Cache: Netfs 'afs' registered for caching
[   16.039514][    T1] Btrfs loaded, crc32c=crc32c-intel
[   16.043385][    T1] Key type big_key registered
[   16.050421][    T1] Key type encrypted registered
[   16.054049][    T1] ima: No TPM chip found, activating TPM-bypass!
[   16.056612][    T1] ima: Allocated hash algorithm: sha256
[   16.061042][    T1] ima: No architecture policies found
[   16.065299][    T1] evm: Initialising EVM extended attributes:
[   16.067400][    T1] evm: security.selinux
[   16.069014][    T1] evm: security.SMACK64
[   16.070681][    T1] evm: security.SMACK64EXEC
[   16.072481][    T1] evm: security.SMACK64TRANSMUTE
[   16.075573][    T1] evm: security.SMACK64MMAP
[   16.077198][    T1] evm: security.apparmor
[   16.079275][    T1] evm: security.ima
[   16.081974][    T1] evm: security.capability
[   16.084349][    T1] evm: HMAC attrs: 0x1
[   16.092396][    T1] PM:   Magic number: 10:492:197
[   16.096507][    T1] sound card1: hash matches
[   16.117653][    T1] drm card1: hash matches
[   16.120517][    T1] tty ttys9: hash matches
[   16.124948][    T1] tty ttypc: hash matches
[   16.129562][    T1] printk: console [netcon0] enabled
[   16.131450][    T1] netconsole: network logging started
[   16.137437][    T1] gtp: GTP module loaded (pdp ctx size 104 bytes)
[   16.143514][    T1] rdma_rxe: loaded
[   16.145362][    T1] cfg80211: Loading compiled-in X.509 certificates for regulatory database
[   16.150905][    T1] cfg80211: Loaded X.509 cert 'sforshee: 00b28ddf47aef9cea7'
[   16.154478][ T2478] platform regulatory.0: Direct firmware load for regulatory.db failed with error -2
[   16.159158][ T2478] cfg80211: failed to load regulatory.db
[   16.161817][    T1] ALSA device list:
[   16.163633][    T1]   #0: Dummy 1
[   16.165008][    T1]   #1: Loopback 1
[   16.166287][    T1]   #2: Virtual MIDI Card 1
[   16.194053][    T1] Freeing unused kernel image (initmem) memory: 2840K
[   16.232526][    T1] Write protecting the kernel read-only data: 145408k
[   16.239006][    T1] Freeing unused kernel image (text/rodata gap) memory: 2040K
[   16.242732][    T1] Freeing unused kernel image (rodata/data gap) memory: 456K
[   16.245225][    T1] Run /init as init process
/init: line 19: can't create /proc/sys/kernel/unprivileged_userns_clone: nonexistent directory

secb: rootfs ready (Linux 5.9.0-rc8+ x86_64)
---- poc begin ----
[   16.357207][ T3541] ==================================================================
[   16.360665][ T3541] BUG: KASAN: slab-out-of-bounds in qrtr_endpoint_post+0x5cd/0x1060
[   16.363165][ T3541] Read of size 4294967293 at addr ffff8880696bbde0 by task poc/3541
[   16.365659][ T3541] 
[   16.366443][ T3541] CPU: 1 PID: 3541 Comm: poc Not tainted 5.9.0-rc8+ #1
[   16.368612][ T3541] Hardware name: QEMU Standard PC (i440FX + PIIX, 1996), BIOS 1.16.2-debian-1.16.2-1 04/01/2014
[   16.374824][ T3541] Call Trace:
[   16.376664][ T3541]  dump_stack+0x191/0x1fd
[   16.378946][ T3541]  ? qrtr_endpoint_post+0x5cd/0x1060
[   16.380625][ T3541]  print_address_description.constprop.0.cold+0x72/0x4df
[   16.383323][ T3541]  ? qrtr_endpoint_post+0x5cd/0x1060
[   16.385022][ T3541]  ? lockdep_hardirqs_off+0x96/0xd0
[   16.386754][ T3541]  ? vprintk_func+0x94/0x1cf
[   16.388230][ T3541]  ? qrtr_endpoint_post+0x5cd/0x1060
[   16.391039][ T3541]  ? qrtr_endpoint_post+0x5cd/0x1060
[   16.395077][ T3541]  kasan_report.cold+0x1f/0x37
[   16.398979][ T3541]  ? __build_skb_around+0x110/0x2b0
[   16.401895][ T3541]  ? qrtr_endpoint_post+0x5cd/0x1060
[   16.403548][ T3541]  check_memory_region+0x13b/0x190
[   16.405181][ T3541]  memcpy+0x1f/0x60
[   16.406459][ T3541]  qrtr_endpoint_post+0x5cd/0x1060
[   16.408265][ T3541]  qrtr_tun_write_iter+0xf5/0x180
[   16.410339][ T3541]  new_sync_write+0x46c/0x640
[   16.413060][ T3541]  ? new_sync_read+0x6d0/0x6d0
[   16.414987][ T3541]  ? selinux_file_permission+0x11c/0x590
[   16.416744][ T3541]  ? build_open_flags+0x5f0/0x5f0
[   16.418285][ T3541]  vfs_write+0x5a3/0x730
[   16.419726][ T3541]  ksys_write+0x131/0x250
[   16.421246][ T3541]  ? __ia32_sys_read+0xa0/0xa0
[   16.422955][ T3541]  ? syscall_enter_from_user_mode+0x1c/0x60
[   16.426180][ T3541]  ? check_preemption_disabled+0x4e/0x130
[   16.429553][ T3541]  ? syscall_enter_from_user_mode+0x1c/0x60
[   16.431302][ T3541]  do_syscall_64+0x2d/0x70
[   16.433781][ T3541]  entry_SYSCALL_64_after_hwframe+0x44/0xa9
[   16.435605][ T3541] RIP: 0033:0x4313e9
[   16.436954][ T3541] Code: 48 83 c4 28 c3 e8 47 17 00 00 0f 1f 80 00 00 00 00 48 89 f8 48 89 f7 48 89 d6 48 89 ca 4d 89 c2 4d 89 c8 4c 8b 4c 24 08 0f 05 <48> 3d 01 f0 ff ff 73 01 c3 48 c7 c1 b8 ff ff ff f7 d8 64 89 01 48
[   16.448338][ T3541] RSP: 002b:00007ffd99acaf98 EFLAGS: 00000246 ORIG_RAX: 0000000000000001
[   16.450854][ T3541] RAX: ffffffffffffffda RBX: 00007ffd99acb178 RCX: 00000000004313e9
[   16.453241][ T3541] RDX: 0000000000000020 RSI: 0000000020000000 RDI: 0000000000000003
[   16.455738][ T3541] RBP: 00000000004a06f0 R08: 0000000000000000 R09: 00007ffd99acb178
[   16.458962][ T3541] R10: 0000000000000000 R11: 0000000000000246 R12: 00007ffd99acb168
[   16.464872][ T3541] R13: 0000000000000001 R14: 0000000000000001 R15: 0000000000000001
[   16.468331][ T3541] 
[   16.469048][ T3541] Allocated by task 3541:
[   16.470417][ T3541]  kasan_save_stack+0x19/0x40
[   16.471870][ T3541]  __kasan_kmalloc.constprop.0+0xd7/0xe0
[   16.474039][ T3541]  __kmalloc+0x192/0x330
[   16.476615][ T3541]  qrtr_tun_write_iter+0x8a/0x180
[   16.481098][ T3541]  new_sync_write+0x46c/0x640
[   16.482728][ T3541]  vfs_write+0x5a3/0x730
[   16.485374][ T3541]  ksys_write+0x131/0x250
[   16.486822][ T3541]  do_syscall_64+0x2d/0x70
[   16.488285][ T3541]  entry_SYSCALL_64_after_hwframe+0x44/0xa9
[   16.490214][ T3541] 
[   16.490986][ T3541] The buggy address belongs to the object at ffff8880696bbdc0
[   16.490986][ T3541]  which belongs to the cache kmalloc-32 of size 32
[   16.497265][ T3541] The buggy address is located 0 bytes to the right of
[   16.497265][ T3541]  32-byte region [ffff8880696bbdc0, ffff8880696bbde0)
[   16.504488][ T3541] The buggy address belongs to the page:
[   16.506363][ T3541] page:00000000e2b2d288 refcount:1 mapcount:0 mapping:0000000000000000 index:0xffff8880696bbfc1 pfn:0x696bb
[   16.511880][ T3541] flags: 0xfffe0000000200(slab)
[   16.513514][ T3541] raw: 00fffe0000000200 ffffea0001ac8988 ffffea0001abb008 ffff88806b840100
[   16.520838][ T3541] raw: ffff8880696bbfc1 ffff8880696bb000 0000000100000036 0000000000000000
[   16.523571][ T3541] page dumped because: kasan: bad access detected
[   16.525795][ T3541] 
[   16.526613][ T3541] Memory state around the buggy address:
[   16.528500][ T3541]  ffff8880696bbc80: 06 fc fc fc fc fc fc fc fb fb fb fb fc fc fc fc
[   16.533018][ T3541]  ffff8880696bbd00: 06 fc fc fc fc fc fc fc fb fb fb fb fc fc fc fc
[   16.536339][ T3541] >ffff8880696bbd80: 06 fc fc fc fc fc fc fc 00 00 00 00 fc fc fc fc
[   16.541162][ T3541]                                                        ^
[   16.543623][ T3541]  ffff8880696bbe00: fb fb fb fb fc fc fc fc fa fb fb fb fc fc fc fc
[   16.548047][ T3541]  ffff8880696bbe80: 06 fc fc fc fc fc fc fc fa fb fb fb fc fc fc fc
[   16.551312][ T3541] ==================================================================
[   16.556141][ T3541] Disabling lock debugging due to kernel taint
[   16.559553][  T154] error receiving packet: -14
---- poc end rc=0 ----
secb: poc exited without crashing the kernel
[   17.576005][ T3544] kvm: exiting hardware virtualization
[   17.583563][ T3544] ACPI: Preparing to enter system sleep state S5
[   17.588279][ T3544] reboot: Power down
CONFIRMED: KASAN_OOB
