bash: warning: setlocale: LC_ALL: cannot change locale (en_US.UTF-8)
c[?7l[2J[0mSeaBIOS (version 1.16.2-debian-1.16.2-1)
Booting from ROM...
c[?7l[2Jearly console in extract_kernel
input_data: 0x000000000cdb92bf
input_len: 0x0000000004a473d3
output: 0x0000000001000000
output_len: 0x000000000e9a2b28
kernel_total_size: 0x0000000010826000
needed_size: 0x0000000010a00000
trampoline_32bit: 0x000000000009d000

Decompressing Linux... Parsing ELF... done.
Booting the kernel (entry_offset: 0x0000000000000000).
[    0.000000][    T0] Linux version 6.4.0-00005-g126876463e8e-dirty (root@buildkitsandbox) (gcc (Debian 12.2.0-14+deb12u1) 12.2.0, GNU ld (GNU Binutils for Debian) 2.40) #1 SMP PREEMPT_DYNAMIC Mon May 25 16:21:14 UTC 2026
[    0.000000][    T0] Command line: console=ttyS0 oops=panic panic=86400 nokaslr earlyprintk=serial rdinit=/init
[    0.000000][    T0] KERNEL supported cpus:
[    0.000000][    T0]   Intel GenuineIntel
[    0.000000][    T0]   AMD AuthenticAMD
[    0.000000][    T0] x86/fpu: Supporting XSAVE feature 0x001: 'x87 floating point registers'
[    0.000000][    T0] x86/fpu: Supporting XSAVE feature 0x002: 'SSE registers'
[    0.000000][    T0] x86/fpu: Supporting XSAVE feature 0x004: 'AVX registers'
[    0.000000][    T0] x86/fpu: xstate_offset[2]:  576, xstate_sizes[2]:  256
[    0.000000][    T0] x86/fpu: Enabled xstate features 0x7, context size is 832 bytes, using 'compacted' format.
[    0.000000][    T0] signal: max sigframe size: 1776
[    0.000000][    T0] BIOS-provided physical RAM map:
[    0.000000][    T0] BIOS-e820: [mem 0x0000000000000000-0x000000000009fbff] usable
[    0.000000][    T0] BIOS-e820: [mem 0x000000000009fc00-0x000000000009ffff] reserved
[    0.000000][    T0] BIOS-e820: [mem 0x00000000000f0000-0x00000000000fffff] reserved
[    0.000000][    T0] BIOS-e820: [mem 0x0000000000100000-0x000000007ffdffff] usable
[    0.000000][    T0] BIOS-e820: [mem 0x000000007ffe0000-0x000000007fffffff] reserved
[    0.000000][    T0] BIOS-e820: [mem 0x00000000feffc000-0x00000000feffffff] reserved
[    0.000000][    T0] BIOS-e820: [mem 0x00000000fffc0000-0x00000000ffffffff] reserved
[    0.000000][    T0] BIOS-e820: [mem 0x000000fd00000000-0x000000ffffffffff] reserved
[    0.000000][    T0] printk: bootconsole [earlyser0] enabled
[    0.000000][    T0] NX (Execute Disable) protection: active
[    0.000000][    T0] SMBIOS 2.8 present.
[    0.000000][    T0] DMI: QEMU Standard PC (i440FX + PIIX, 1996), BIOS 1.16.2-debian-1.16.2-1 04/01/2014
[    0.000000][    T0] Hypervisor detected: KVM
[    0.000000][    T0] kvm-clock: Using msrs 4b564d01 and 4b564d00
[    0.000004][    T0] kvm-clock: using sched offset of 996374249 cycles
[    0.000777][    T0] clocksource: kvm-clock: mask: 0xffffffffffffffff max_cycles: 0x1cd42e4dffb, max_idle_ns: 881590591483 ns
[    0.003105][    T0] tsc: Detected 3493.436 MHz processor
[    0.008889][    T0] last_pfn = 0x7ffe0 max_arch_pfn = 0x400000000
[    0.009855][    T0] x86/PAT: Configuration [0-7]: WB  WC  UC- UC  WB  WP  UC- WT  
[    0.014519][    T0] found SMP MP-table at [mem 0x000f5ba0-0x000f5baf]
[    0.015497][    T0] Using GB pages for direct mapping
[    0.017134][    T0] RAMDISK: [mem 0x7fe90000-0x7ffdffff]
[    0.017942][    T0] ACPI: Early table checksum verification disabled
[    0.018885][    T0] ACPI: RSDP 0x00000000000F59D0 000014 (v00 BOCHS )
[    0.019838][    T0] ACPI: RSDT 0x000000007FFE1B33 000034 (v01 BOCHS  BXPC     00000001 BXPC 00000001)
[    0.021214][    T0] ACPI: FACP 0x000000007FFE19DF 000074 (v01 BOCHS  BXPC     00000001 BXPC 00000001)
[    0.022552][    T0] ACPI: DSDT 0x000000007FFE0040 00199F (v01 BOCHS  BXPC     00000001 BXPC 00000001)
[    0.023901][    T0] ACPI: FACS 0x000000007FFE0000 000040
[    0.024630][    T0] ACPI: APIC 0x000000007FFE1A53 000080 (v01 BOCHS  BXPC     00000001 BXPC 00000001)
[    0.025915][    T0] ACPI: HPET 0x000000007FFE1AD3 000038 (v01 BOCHS  BXPC     00000001 BXPC 00000001)
[    0.027267][    T0] ACPI: WAET 0x000000007FFE1B0B 000028 (v01 BOCHS  BXPC     00000001 BXPC 00000001)
[    0.028635][    T0] ACPI: Reserving FACP table memory at [mem 0x7ffe19df-0x7ffe1a52]
[    0.029710][    T0] ACPI: Reserving DSDT table memory at [mem 0x7ffe0040-0x7ffe19de]
[    0.030821][    T0] ACPI: Reserving FACS table memory at [mem 0x7ffe0000-0x7ffe003f]
[    0.031921][    T0] ACPI: Reserving APIC table memory at [mem 0x7ffe1a53-0x7ffe1ad2]
[    0.032991][    T0] ACPI: Reserving HPET table memory at [mem 0x7ffe1ad3-0x7ffe1b0a]
[    0.034017][    T0] ACPI: Reserving WAET table memory at [mem 0x7ffe1b0b-0x7ffe1b32]
[    0.035871][    T0] No NUMA configuration found
[    0.036487][    T0] Faking a node at [mem 0x0000000000000000-0x000000007ffdffff]
[    0.037471][    T0] NODE_DATA(0) allocated [mem 0x7fe8a000-0x7fe8ffff]
[    0.042231][    T0] Zone ranges:
[    0.042724][    T0]   DMA      [mem 0x0000000000001000-0x0000000000ffffff]
[    0.043643][    T0]   DMA32    [mem 0x0000000001000000-0x000000007ffdffff]
[    0.044667][    T0]   Normal   empty
[    0.045241][    T0]   Device   empty
[    0.045765][    T0] Movable zone start for each node
[    0.046424][    T0] Early memory node ranges
[    0.046999][    T0]   node   0: [mem 0x0000000000001000-0x000000000009efff]
[    0.047929][    T0]   node   0: [mem 0x0000000000100000-0x000000007ffdffff]
[    0.048865][    T0] Initmem setup node 0 [mem 0x0000000000001000-0x000000007ffdffff]
[    0.049977][    T0] On node 0, zone DMA: 1 pages in unavailable ranges
[    0.050239][    T0] On node 0, zone DMA: 97 pages in unavailable ranges
[    0.076592][    T0] On node 0, zone DMA32: 32 pages in unavailable ranges
[    0.550644][    T0] kasan: KernelAddressSanitizer initialized
[    0.552616][    T0] ACPI: PM-Timer IO Port: 0x608
[    0.553281][    T0] ACPI: LAPIC_NMI (acpi_id[0xff] dfl dfl lint[0x1])
[    0.554212][    T0] IOAPIC[0]: apic_id 0, version 17, address 0xfec00000, GSI 0-23
[    0.555255][    T0] ACPI: INT_SRC_OVR (bus 0 bus_irq 0 global_irq 2 dfl dfl)
[    0.556220][    T0] ACPI: INT_SRC_OVR (bus 0 bus_irq 5 global_irq 5 high level)
[    0.557226][    T0] ACPI: INT_SRC_OVR (bus 0 bus_irq 9 global_irq 9 high level)
[    0.558221][    T0] ACPI: INT_SRC_OVR (bus 0 bus_irq 10 global_irq 10 high level)
[    0.559232][    T0] ACPI: INT_SRC_OVR (bus 0 bus_irq 11 global_irq 11 high level)
[    0.560257][    T0] ACPI: Using ACPI (MADT) for SMP configuration information
[    0.561235][    T0] ACPI: HPET id: 0x8086a201 base: 0xfed00000
[    0.562043][    T0] TSC deadline timer available
[    0.562681][    T0] smpboot: Allowing 2 CPUs, 0 hotplug CPUs
[    0.563501][    T0] kvm-guest: KVM setup pv remote TLB flush
[    0.564267][    T0] kvm-guest: setup PV sched yield
[    0.565021][    T0] PM: hibernation: Registered nosave memory: [mem 0x00000000-0x00000fff]
[    0.566207][    T0] PM: hibernation: Registered nosave memory: [mem 0x0009f000-0x0009ffff]
[    0.567293][    T0] PM: hibernation: Registered nosave memory: [mem 0x000a0000-0x000effff]
[    0.568375][    T0] PM: hibernation: Registered nosave memory: [mem 0x000f0000-0x000fffff]
[    0.569471][    T0] [mem 0x80000000-0xfeffbfff] available for PCI devices
[    0.570363][    T0] Booting paravirtualized kernel on KVM
[    0.571076][    T0] clocksource: refined-jiffies: mask: 0xffffffff max_cycles: 0xffffffff, max_idle_ns: 19112604462750000 ns
[    0.615102][    T0] setup_percpu: NR_CPUS:8 nr_cpumask_bits:2 nr_cpu_ids:2 nr_node_ids:1
[    0.618234][    T0] percpu: Embedded 72 pages/cpu s254152 r8192 d32568 u1048576
[    0.619324][    T0] kvm-guest: PV spinlocks enabled
[    0.619975][    T0] PV qspinlock hash table entries: 256 (order: 0, 4096 bytes, linear)
[    0.621077][    T0] Kernel command line: console=ttyS0 oops=panic panic=86400 nokaslr earlyprintk=serial rdinit=/init
[    0.622937][    T0] random: crng init done
[    0.623602][    T0] Dentry cache hash table entries: 262144 (order: 9, 2097152 bytes, linear)
[    0.626235][    T0] Inode-cache hash table entries: 131072 (order: 8, 1048576 bytes, linear)
[    0.627518][    T0] Fallback order for Node 0: 0 
[    0.627530][    T0] Built 1 zonelists, mobility grouping on.  Total pages: 515808
[    0.629175][    T0] Policy zone: DMA32
[    0.631898][    T0] mem auto-init: stack:all(zero), heap alloc:on, heap free:off
[    0.632901][    T0] stackdepot: allocating hash table via alloc_large_system_hash
[    4.207882][    T0] stackdepot hash table entries: 1048576 (order: 11, 8388608 bytes, linear)
[    4.328783][    T0] Memory: 1481208K/2096632K available (145408K kernel code, 35161K rwdata, 29996K rodata, 3232K init, 35192K bss, 615168K reserved, 0K cma-reserved)
[    4.331138][    T0] SLUB: HWalign=64, Order=0-3, MinObjects=0, CPUs=2, Nodes=1
[    4.333743][    T0] Dynamic Preempt: full
[    4.357583][    T0] Running RCU self tests
[    4.358166][    T0] Running RCU synchronous self tests
[    4.358840][    T0] rcu: Preemptible hierarchical RCU implementation.
[    4.359680][    T0] rcu: 	RCU lockdep checking is enabled.
[    4.360396][    T0] rcu: 	RCU restricting CPUs from NR_CPUS=8 to nr_cpu_ids=2.
[    4.361346][    T0] rcu: 	RCU callback double-/use-after-free debug is enabled.
[    4.362302][    T0] rcu: 	RCU debug extended QS entry/exit.
[    4.363023][    T0] 	Trampoline variant of Tasks RCU enabled.
[    4.363766][    T0] 	Tracing variant of Tasks RCU enabled.
[    4.364490][    T0] rcu: RCU calculated value of scheduler-enlistment delay is 10 jiffies.
[    4.365558][    T0] rcu: Adjusting geometry for rcu_fanout_leaf=16, nr_cpu_ids=2
[    4.366567][    T0] Running RCU synchronous self tests
[    4.429743][    T0] NR_IRQS: 4352, nr_irqs: 440, preallocated irqs: 16
[    4.431071][    T0] rcu: srcu_init: Setting srcu_struct sizes based on contention.
[    4.432319][    T0] kfence: initialized - using 2097152 bytes for 255 objects at 0x(____ptrval____)-0x(____ptrval____)
[    4.442308][    T0] Console: colour VGA+ 80x25
[    4.442992][    T0] printk: console [ttyS0] enabled
[    4.442992][    T0] printk: console [ttyS0] enabled
[    4.444328][    T0] printk: bootconsole [earlyser0] disabled
[    4.444328][    T0] printk: bootconsole [earlyser0] disabled
[    4.445910][    T0] Lock dependency validator: Copyright (c) 2006 Red Hat, Inc., Ingo Molnar
[    4.447074][    T0] ... MAX_LOCKDEP_SUBCLASSES:  8
[    4.447740][    T0] ... MAX_LOCK_DEPTH:          48
[    4.448425][    T0] ... MAX_LOCKDEP_KEYS:        8192
[    4.449123][    T0] ... CLASSHASH_SIZE:          4096
[    4.449833][    T0] ... MAX_LOCKDEP_ENTRIES:     131072
[    4.450554][    T0] ... MAX_LOCKDEP_CHAINS:      262144
[    4.451274][    T0] ... CHAINHASH_SIZE:          131072
[    4.451987][    T0]  memory used by lock dependency info: 20657 kB
[    4.452837][    T0]  memory used for stack traces: 8320 kB
[    4.453585][    T0]  per task-struct memory footprint: 1920 bytes
[    4.454705][    T0] ACPI: Core revision 20230331
[    4.455709][    T0] clocksource: hpet: mask: 0xffffffff max_cycles: 0xffffffff, max_idle_ns: 19112604467 ns
[    4.457256][    T0] APIC: Switch to symmetric I/O mode setup
[    4.458023][    T0] kvm-guest: setup PV IPIs
[    4.459992][    T0] ..TIMER: vector=0x30 apic1=0 pin1=2 apic2=-1 pin2=-1
[    4.460899][    T0] tsc: Marking TSC unstable due to TSCs unsynchronized
[    4.461790][    T0] Calibrating delay loop (skipped) preset value.. 6986.87 BogoMIPS (lpj=34934360)
[    4.462952][    T0] pid_max: default: 32768 minimum: 301
[    4.463767][    T0] LSM: initializing lsm=lockdown,capability,landlock,yama,safesetid,tomoyo,smack,bpf,integrity
[    4.465173][    T0] landlock: Up and running.
[    4.465745][    T0] Yama: becoming mindful.
[    4.466352][    T0] TOMOYO Linux initialized
[    4.466958][    T0] Smack:  Initializing.
[    4.471807][    T0] Smack:  Netfilter enabled.
[    4.472399][    T0] Smack:  IPv6 Netfilter enabled.
[    4.473067][    T0] LSM support for eBPF active
[    4.473834][    T0] Mount-cache hash table entries: 4096 (order: 3, 32768 bytes, linear)
[    4.474950][    T0] Mountpoint-cache hash table entries: 4096 (order: 3, 32768 bytes, linear)
[    4.477775][    T0] x86/cpu: User Mode Instruction Prevention (UMIP) activated
[    4.478896][    T0] Last level iTLB entries: 4KB 512, 2MB 255, 4MB 127
[    4.479763][    T0] Last level dTLB entries: 4KB 512, 2MB 255, 4MB 127, 1GB 0
[    4.480714][    T0] Spectre V1 : Mitigation: usercopy/swapgs barriers and __user pointer sanitization
[    4.481784][    T0] Spectre V2 : Kernel not compiled with retpoline; no mitigation available!
[    4.481790][    T0] Spectre V2 : Vulnerable
[    4.483449][    T0] Spectre V2 : Spectre v2 / SpectreRSB mitigation: Filling RSB on context switch
[    4.484630][    T0] Spectre V2 : Enabling Speculation Barrier for firmware calls
[    4.485599][    T0] RETBleed: Mitigation: IBPB
[    4.486192][    T0] Spectre V2 : mitigation: Enabling conditional Indirect Branch Prediction Barrier
[    4.487391][    T0] Speculative Store Bypass: Mitigation: Speculative Store Bypass disabled via prctl
[    4.497278][    T0] Freeing SMP alternatives memory: 112K
[    4.498059][    T0] Running RCU synchronous self tests
[    4.498741][    T0] Running RCU synchronous self tests
[    4.499901][    T1] smpboot: CPU0: AMD Ryzen Threadripper PRO 3975WX 32-Cores (family: 0x17, model: 0x31, stepping: 0x0)
[    4.501767][    T1] cblist_init_generic: Setting adjustable number of callback queues.
[    4.501767][    T1] cblist_init_generic: Setting shift to 1 and lim to 1.
[    4.501767][    T1] cblist_init_generic: Setting shift to 1 and lim to 1.
[    4.501767][    T1] Running RCU-tasks wait API self tests
[    4.632061][    T1] Performance Events: Fam17h+ core perfctr, AMD PMU driver.
[    4.633412][    T1] ... version:                0
[    4.634199][    T1] ... bit width:              48
[    4.634993][    T1] ... generic registers:      6
[    4.635766][    T1] ... value mask:             0000ffffffffffff
[    4.636755][    T1] ... max period:             00007fffffffffff
[    4.637731][    T1] ... fixed-purpose events:   0
[    4.638505][    T1] ... event mask:             000000000000003f
[    4.640352][    T1] rcu: Hierarchical SRCU implementation.
[    4.641274][    T1] rcu: 	Max phase no-delay instances is 1000.
[    4.651850][   T14] Callback from call_rcu_tasks_trace() invoked.
[    4.655844][    T1] smp: Bringing up secondary CPUs ...
[    4.657484][    T1] x86: Booting SMP configuration:
[    4.658156][    T1] .... node  #0, CPUs:      #1
[    4.659636][    T1] smp: Brought up 1 node, 2 CPUs
[    4.659636][    T1] smpboot: Max logical packages: 1
[    4.659636][    T1] smpboot: Total of 2 processors activated (13973.74 BogoMIPS)
[    4.662695][    T1] devtmpfs: initialized
[    4.662851][    T1] x86/mm: Memory block size: 128MB
[    4.683336][    T1] Running RCU synchronous self tests
[    4.683336][    T1] Running RCU synchronous self tests
[    4.684014][    T1] clocksource: jiffies: mask: 0xffffffff max_cycles: 0xffffffff, max_idle_ns: 19112604462750000 ns
[    4.685383][    T1] futex hash table entries: 512 (order: 4, 65536 bytes, linear)
[    4.688285][    T1] PM: RTC time: 16:22:31, date: 2026-05-25
[    4.703206][    T1] NET: Registered PF_NETLINK/PF_ROUTE protocol family
[    4.705440][    T1] audit: initializing netlink subsys (disabled)
[    4.706448][   T26] audit: type=2000 audit(1779726152.409:1): state=initialized audit_enabled=0 res=1
[    4.706448][    T1] thermal_sys: Registered thermal governor 'step_wise'
[    4.706448][    T1] thermal_sys: Registered thermal governor 'user_space'
[    4.706448][    T1] cpuidle: using governor menu
[    4.706448][    T1] NET: Registered PF_QIPCRTR protocol family
[    4.712867][    T1] PCI: Using configuration type 1 for base access
[    4.713684][    T1] PCI: Using configuration type 1 for extended access
[    4.722702][    T1] HugeTLB: registered 1.00 GiB page size, pre-allocated 0 pages
[    4.723866][    T1] HugeTLB: 16380 KiB vmemmap can be freed for a 1.00 GiB page
[    4.724798][    T1] HugeTLB: registered 2.00 MiB page size, pre-allocated 0 pages
[    4.725746][    T1] HugeTLB: 28 KiB vmemmap can be freed for a 2.00 MiB page
[    9.825184][    T1] cryptd: max_cpu_qlen set to 1000
[    9.827661][    T1] raid6: skipped pq benchmark and selected avx2x4
[    9.828520][    T1] raid6: using avx2x2 recovery algorithm
[    9.830016][    T1] ACPI: Added _OSI(Module Device)
[    9.830680][    T1] ACPI: Added _OSI(Processor Device)
[    9.831372][    T1] ACPI: Added _OSI(3.0 _SCP Extensions)
[    9.831818][    T1] ACPI: Added _OSI(Processor Aggregator Device)
[    9.854672][    T1] ACPI: 1 ACPI AML tables successfully acquired and loaded
[    9.885417][    T1] ACPI: Interpreter enabled
[    9.886194][    T1] ACPI: PM: (supports S0 S3 S4 S5)
[    9.886871][    T1] ACPI: Using IOAPIC for interrupt routing
[    9.887802][    T1] PCI: Using host bridge windows from ACPI; if necessary, use "pci=nocrs" and report a bug
[    9.889076][    T1] PCI: Using E820 reservations for host bridge windows
[    9.891537][    T1] ACPI: Enabled 2 GPEs in block 00 to 0F
[    9.943558][    T1] ACPI: PCI Root Bridge [PCI0] (domain 0000 [bus 00-ff])
[    9.944559][    T1] acpi PNP0A03:00: _OSC: OS supports [ExtendedConfig ASPM ClockPM Segments MSI HPX-Type3]
[    9.947421][    T1] PCI host bridge to bus 0000:00
[    9.948088][    T1] pci_bus 0000:00: root bus resource [io  0x0000-0x0cf7 window]
[    9.949166][    T1] pci_bus 0000:00: root bus resource [io  0x0d00-0xffff window]
[    9.950167][    T1] pci_bus 0000:00: root bus resource [mem 0x000a0000-0x000bffff window]
[    9.951287][    T1] pci_bus 0000:00: root bus resource [mem 0x80000000-0xfebfffff window]
[    9.951786][    T1] pci_bus 0000:00: root bus resource [mem 0x100000000-0x17fffffff window]
[    9.952957][    T1] pci_bus 0000:00: root bus resource [bus 00-ff]
[    9.954189][    T1] pci 0000:00:00.0: [8086:1237] type 00 class 0x060000
[    9.970364][    T1] pci 0000:00:01.0: [8086:7000] type 00 class 0x060100
[    9.984799][    T1] pci 0000:00:01.1: [8086:7010] type 00 class 0x010180
[    9.987367][    T1] pci 0000:00:01.1: reg 0x20: [io  0xc000-0xc00f]
[    9.988911][    T1] pci 0000:00:01.1: legacy IDE quirk: reg 0x10: [io  0x01f0-0x01f7]
[    9.989936][    T1] pci 0000:00:01.1: legacy IDE quirk: reg 0x14: [io  0x03f6]
[    9.990888][    T1] pci 0000:00:01.1: legacy IDE quirk: reg 0x18: [io  0x0170-0x0177]
[    9.991786][    T1] pci 0000:00:01.1: legacy IDE quirk: reg 0x1c: [io  0x0376]
[    9.993266][    T1] pci 0000:00:01.3: [8086:7113] type 00 class 0x068000
[    9.994604][    T1] pci 0000:00:01.3: quirk: [io  0x0600-0x063f] claimed by PIIX4 ACPI
[    9.995651][    T1] pci 0000:00:01.3: quirk: [io  0x0700-0x070f] claimed by PIIX4 SMB
[    9.997518][    T1] pci 0000:00:02.0: [1234:1111] type 00 class 0x030000
[   10.000206][    T1] pci 0000:00:02.0: reg 0x10: [mem 0xfd000000-0xfdffffff pref]
[   10.002544][    T1] pci 0000:00:02.0: reg 0x18: [mem 0xfebf0000-0xfebf0fff]
[   10.007270][    T1] pci 0000:00:02.0: reg 0x30: [mem 0xfebe0000-0xfebeffff pref]
[   10.008475][    T1] pci 0000:00:02.0: Video device with shadowed ROM at [mem 0x000c0000-0x000dffff]
[   10.035496][    T1] ACPI: PCI: Interrupt link LNKA configured for IRQ 10
[   10.037818][    T1] ACPI: PCI: Interrupt link LNKB configured for IRQ 10
[   10.040712][    T1] ACPI: PCI: Interrupt link LNKC configured for IRQ 11
[   10.042984][    T1] ACPI: PCI: Interrupt link LNKD configured for IRQ 11
[   10.044423][    T1] ACPI: PCI: Interrupt link LNKS configured for IRQ 9
[   10.049664][    T1] iommu: Default domain type: Translated 
[   10.050419][    T1] iommu: DMA domain TLB invalidation policy: lazy mode 
[   10.053038][    T1] SCSI subsystem initialized
[   10.054334][    T1] ACPI: bus type USB registered
[   10.055110][    T1] usbcore: registered new interface driver usbfs
[   10.056015][    T1] usbcore: registered new interface driver hub
[   10.056910][    T1] usbcore: registered new device driver usb
[   10.058273][    T1] mc: Linux media interface: v0.10
[   10.059030][    T1] videodev: Linux video capture interface: v2.00
[   10.060088][    T1] pps_core: LinuxPPS API ver. 1 registered
[   10.060851][    T1] pps_core: Software ver. 5.3.6 - Copyright 2005-2007 Rodolfo Giometti <giometti@linux.it>
[   10.061843][    T1] PTP clock support registered
[   10.062800][    T1] EDAC MC: Ver: 3.0.0
[   10.064657][    T1] Advanced Linux Sound Architecture Driver Initialized.
[   10.067430][    T1] Bluetooth: Core ver 2.22
[   10.068057][    T1] NET: Registered PF_BLUETOOTH protocol family
[   10.068846][    T1] Bluetooth: HCI device and connection manager initialized
[   10.069798][    T1] Bluetooth: HCI socket layer initialized
[   10.070544][    T1] Bluetooth: L2CAP socket layer initialized
[   10.071331][    T1] Bluetooth: SCO socket layer initialized
[   10.071868][    T1] NET: Registered PF_ATMPVC protocol family
[   10.072625][    T1] NET: Registered PF_ATMSVC protocol family
[   10.073504][    T1] NetLabel: Initializing
[   10.074074][    T1] NetLabel:  domain hash size = 128
[   10.074734][    T1] NetLabel:  protocols = UNLABELED CIPSOv4 CALIPSO
[   10.075735][    T1] NetLabel:  unlabeled traffic allowed by default
[   10.082360][    T1] nfc: nfc_init: NFC Core ver 0.1
[   10.083192][    T1] NET: Registered PF_NFC protocol family
[   10.083958][    T1] PCI: Using ACPI for IRQ routing
[   10.084921][    T1] pci 0000:00:02.0: vgaarb: setting as boot VGA device
[   10.084921][    T1] pci 0000:00:02.0: vgaarb: bridge control possible
[   10.084921][    T1] pci 0000:00:02.0: vgaarb: VGA device added: decodes=io+mem,owns=io+mem,locks=none
[   10.084921][    T1] vgaarb: loaded
[   10.085908][    T1] hpet0: at MMIO 0xfed00000, IRQs 2, 8, 0
[   10.086666][    T1] hpet0: 3 comparators, 64-bit 100.000000 MHz counter
[   10.094153][    T1] clocksource: Switched to clocksource kvm-clock
[   10.096594][    T1] VFS: Disk quotas dquot_6.6.0
[   10.097269][    T1] VFS: Dquot-cache hash table entries: 512 (order 0, 4096 bytes)
[   10.098541][    T1] FS-Cache: Loaded
[   10.099433][    T1] CacheFiles: Loaded
[   10.099433][    T1] TOMOYO: 2.6.0
[   10.099433][    T1] Mandatory Access Control activated.
[   10.099433][    T1] pnp: PnP ACPI init
[   10.104595][    T1] pnp: PnP ACPI: found 6 devices
[   10.256319][    T1] clocksource: acpi_pm: mask: 0xffffff max_cycles: 0xffffff, max_idle_ns: 2085701024 ns
[   10.257995][    T1] NET: Registered PF_INET protocol family
[   10.258962][    T1] IP idents hash table entries: 32768 (order: 6, 262144 bytes, linear)
[   10.261936][    T1] tcp_listen_portaddr_hash hash table entries: 1024 (order: 4, 73728 bytes, linear)
[   10.263196][    T1] Table-perturb hash table entries: 65536 (order: 6, 262144 bytes, linear)
[   10.279484][    T1] TCP established hash table entries: 16384 (order: 5, 131072 bytes, linear)
[   10.450304][    T1] TCP bind hash table entries: 16384 (order: 9, 2359296 bytes, linear)
[   10.452356][    T1] TCP: Hash tables configured (established 16384 bind 16384)
[   10.453823][    T1] MPTCP token hash table entries: 2048 (order: 5, 180224 bytes, linear)
[   10.455043][    T1] UDP hash table entries: 1024 (order: 5, 163840 bytes, linear)
[   10.456152][    T1] UDP-Lite hash table entries: 1024 (order: 5, 163840 bytes, linear)
[   10.457594][    T1] NET: Registered PF_UNIX/PF_LOCAL protocol family
[   10.459198][    T1] RPC: Registered named UNIX socket transport module.
[   10.460142][    T1] RPC: Registered udp transport module.
[   10.460855][    T1] RPC: Registered tcp transport module.
[   10.461568][    T1] RPC: Registered tcp NFSv4.1 backchannel transport module.
[   10.463980][    T1] NET: Registered PF_XDP protocol family
[   10.464732][    T1] pci_bus 0000:00: resource 4 [io  0x0000-0x0cf7 window]
[   10.465642][    T1] pci_bus 0000:00: resource 5 [io  0x0d00-0xffff window]
[   10.466558][    T1] pci_bus 0000:00: resource 6 [mem 0x000a0000-0x000bffff window]
[   10.467559][    T1] pci_bus 0000:00: resource 7 [mem 0x80000000-0xfebfffff window]
[   10.468576][    T1] pci_bus 0000:00: resource 8 [mem 0x100000000-0x17fffffff window]
[   10.470044][    T1] pci 0000:00:01.0: PIIX3: Enabling Passive Release
[   10.470916][    T1] pci 0000:00:00.0: Limiting direct PCI/PCI transfers
[   10.471886][    T1] PCI: CLS 0 bytes, default 64
[   10.474986][   T35] Trying to unpack rootfs image as initramfs...
[   10.489770][    T1] ACPI: bus type thunderbolt registered
[   10.491217][    T1] kvm_intel: VMX not supported by CPU 0
[   10.492083][    T1] kvm_amd: Nested Virtualization enabled
[   10.492811][    T1] kvm_amd: Nested Paging enabled
[   10.667280][   T35] Freeing initrd memory: 1344K
[   10.668933][   T73] kworker/u4:4 (73) used greatest stack depth: 28192 bytes left
[   10.670580][   T72] kworker/u4:4 (72) used greatest stack depth: 27792 bytes left
[   10.695457][   T66] kworker/u4:4 (66) used greatest stack depth: 27584 bytes left
[   12.563441][   T13] Callback from call_rcu_tasks() invoked.
[   13.817404][    T1] Initialise system trusted keyrings
[   13.818830][    T1] workingset: timestamp_bits=40 max_order=19 bucket_order=0
[   13.821803][    T1] zbud: loaded
[   13.824154][    T1] DLM installed
[   13.825400][    T1] squashfs: version 4.0 (2009/01/31) Phillip Lougher
[   13.827887][    T1] NFS: Registering the id_resolver key type
[   13.828832][    T1] Key type id_resolver registered
[   13.829640][    T1] Key type id_legacy registered
[   13.830475][    T1] nfs4filelayout_init: NFSv4 File Layout Driver Registering...
[   13.831714][    T1] nfs4flexfilelayout_init: NFSv4 Flexfile Layout Driver Registering...
[   14.264625][    T1] Key type cifs.spnego registered
[   14.265538][    T1] Key type cifs.idmap registered
[   14.266513][    T1] ntfs: driver 2.1.32 [Flags: R/W].
[   14.267389][    T1] ntfs3: Max link count 4000
[   14.268117][    T1] ntfs3: Enabled Linux POSIX ACLs support
[   14.269004][    T1] ntfs3: Read-only LZX/Xpress compression included
[   14.270121][    T1] efs: 1.0a - http://aeschi.ch.eu.org/efs/
[   14.271036][    T1] jffs2: version 2.2. (NAND) (SUMMARY)  © 2001-2006 Red Hat, Inc.
[   14.272688][    T1] romfs: ROMFS MTD (C) 2007 Red Hat, Inc.
[   14.273614][    T1] QNX4 filesystem 0.2.3 registered.
[   14.274447][    T1] qnx6: QNX6 filesystem 1.0.0 registered.
[   14.275742][    T1] fuse: init (API version 7.38)
[   14.277544][    T1] orangefs_debugfs_init: called with debug mask: :none: :0:
[   14.278998][    T1] orangefs_init: module version upstream loaded
[   14.280428][    T1] JFS: nTxBlock = 8192, nTxLock = 65536
[   14.704298][    T1] SGI XFS with ACLs, security attributes, realtime, quota, fatal assert, debug enabled
[   14.707270][    T1] 9p: Installing v9fs 9p2000 file system support
[   14.708201][    T1] NILFS version 2 loaded
[   14.708739][    T1] befs: version: 0.9.3
[   14.709427][    T1] ocfs2: Registered cluster interface o2cb
[   14.710520][    T1] ocfs2: Registered cluster interface user
[   14.711461][    T1] OCFS2 User DLM kernel interface loaded
[   14.716874][    T1] gfs2: GFS2 installed
[   15.080018][    T1] ceph: loaded (mds proto 32)
[   15.090580][    T1] NET: Registered PF_ALG protocol family
[   15.091441][    T1] xor: automatically using best checksumming function   avx       
[   15.093858][    T1] async_tx: api initialized (async)
[   15.094585][    T1] Key type asymmetric registered
[   15.095281][    T1] Asymmetric key parser 'x509' registered
[   15.096158][    T1] Asymmetric key parser 'pkcs8' registered
[   15.097016][    T1] Key type pkcs7_test registered
[   15.097868][    T1] Block layer SCSI generic (bsg) driver version 0.4 loaded (major 240)
[   15.099574][    T1] io scheduler mq-deadline registered
[   15.101395][    T1] io scheduler kyber registered
[   15.102878][    T1] io scheduler bfq registered
[   15.110560][    T1] input: Power Button as /devices/LNXSYSTM:00/LNXPWRBN:00/input/input0
[   15.142723][    T1] ACPI: button: Power Button [PWRF]
[   16.483022][  T532] kworker/u4:0 (532) used greatest stack depth: 27000 bytes left
[   16.822185][    T1] N_HDLC line discipline registered with maxframe=4096
[   16.823144][    T1] Serial: 8250/16550 driver, 4 ports, IRQ sharing enabled
[   16.824440][    T1] 00:04: ttyS0 at I/O 0x3f8 (irq = 4, base_baud = 115200) is a 16550A
[   16.837470][    T1] Non-volatile memory driver v1.3
[   16.849434][    T1] Linux agpgart interface v0.103
[   16.851548][    T1] ACPI: bus type drm_connector registered
[   16.854221][    T1] [drm] Initialized vgem 1.0.0 20120112 for vgem on minor 0
[   16.858046][    T1] [drm] Initialized vkms 1.0.0 20180514 for vkms on minor 1
[   16.921919][    T1] Console: switching to colour frame buffer device 128x48
[   16.939429][    T1] platform vkms: [drm] fb0: vkmsdrmfb frame buffer device
[   16.940575][    T1] usbcore: registered new interface driver udl
[   16.941830][    T1] bochs-drm 0000:00:02.0: vgaarb: deactivate vga console
[   16.955263][    T1] [drm] Found bochs VGA, ID 0xb0c5.
[   16.955971][    T1] [drm] Framebuffer size 16384 kB @ 0xfd000000, mmio @ 0xfebf0000.
[   16.960490][    T1] [drm] Found EDID data blob.
[   16.963895][    T1] [drm] Initialized bochs-drm 1.0.0 20130925 for 0000:00:02.0 on minor 2
[   17.025829][    T1] fbcon: bochs-drmdrmfb (fb1) is primary device
[   17.025844][    T1] fbcon: Remapping primary device, fb1, to tty 1-63
[   24.516252][    T1] bochs-drm 0000:00:02.0: [drm] fb1: bochs-drmdrmfb frame buffer device
[   24.523105][   T56] Floppy drive(s): fd0 is 2.88M AMI BIOS
[   24.550493][   T56] FDC 0 is a S82078B
[   24.593744][    T1] brd: module loaded
[   24.651508][    T1] loop: module loaded
[   24.804951][    T1] zram: Added device: zram0
[   25.300682][    T1] null_blk: disk nullb0 created
[   25.301485][    T1] null_blk: module loaded
[   25.302286][    T1] Guest personality initialized and is inactive
[   25.303789][    T1] VMCI host device registered (name=vmci, major=10, minor=119)
[   25.304991][    T1] Initialized host personality
[   25.305854][    T1] usbcore: registered new interface driver rtsx_usb
[   25.307291][    T1] usbcore: registered new interface driver viperboard
[   25.308598][    T1] usbcore: registered new interface driver dln2
[   25.309877][    T1] usbcore: registered new interface driver pn533_usb
[   25.313473][    T1] nfcsim 0.2 initialized
[   25.314098][    T1] usbcore: registered new interface driver port100
[   25.315021][    T1] usbcore: registered new interface driver nfcmrvl
[   25.326624][    T1] Loading iSCSI transport class v2.0-870.
[   25.329115][    T1] st: Version 20160209, fixed bufsize 32768, s/g segs 256
[   25.355766][    T1] scsi host0: ata_piix
[   25.357553][    T1] scsi host1: ata_piix
[   25.358701][    T1] ata1: PATA max MWDMA2 cmd 0x1f0 ctl 0x3f6 bmdma 0xc000 irq 14
[   25.360052][    T1] ata2: PATA max MWDMA2 cmd 0x170 ctl 0x376 bmdma 0xc008 irq 15
[   25.364435][    T1] Rounding down aligned max_sectors from 4294967295 to 4294967288
[   25.365786][    T1] db_root: cannot open: /etc/target
[   25.370762][    T1] slram: not enough parameters.
[   25.385008][    T1] ftl_cs: FTL header not found.
[   25.406289][    T1] wireguard: WireGuard 1.0.0 loaded. See www.wireguard.com for information.
[   25.410327][    T1] wireguard: Copyright (C) 2015-2019 Jason A. Donenfeld <Jason@zx2c4.com>. All Rights Reserved.
[   25.411755][    T1] eql: Equalizer2002: Simon Janes (simon@ncm.com) and David S. Miller (davem@redhat.com)
[   25.415553][    T1] MACsec IEEE 802.1AE
[   25.432303][    T1] tun: Universal TUN/TAP device driver, 1.6
[   25.434752][    T1] vcan: Virtual CAN interface driver
[   25.435452][    T1] vxcan: Virtual CAN Tunnel driver
[   25.436129][    T1] slcan: serial line CAN interface driver
[   25.436873][    T1] CAN device driver interface
[   25.437625][    T1] usbcore: registered new interface driver usb_8dev
[   25.438686][    T1] usbcore: registered new interface driver ems_usb
[   25.439773][    T1] usbcore: registered new interface driver gs_usb
[   25.440852][    T1] usbcore: registered new interface driver kvaser_usb
[   25.441884][    T1] usbcore: registered new interface driver mcba_usb
[   25.442947][    T1] usbcore: registered new interface driver peak_usb
[   25.444166][    T1] e100: Intel(R) PRO/100 Network Driver
[   25.444881][    T1] e100: Copyright(c) 1999-2006 Intel Corporation
[   25.445862][    T1] e1000: Intel(R) PRO/1000 Network Driver
[   25.446595][    T1] e1000: Copyright (c) 1999-2006 Intel Corporation.
[   25.447653][    T1] e1000e: Intel(R) PRO/1000 Network Driver
[   25.448411][    T1] e1000e: Copyright(c) 1999 - 2015 Intel Corporation.
[   25.451056][    T1] mkiss: AX.25 Multikiss, Hans Albas PE1AYX
[   25.451834][    T1] AX.25: 6pack driver, Revision: 0.3.0
[   25.452553][    T1] AX.25: bpqether driver version 004
[   25.453228][    T1] PPP generic driver version 2.4.2
[   25.454434][    T1] PPP BSD Compression module registered
[   25.455140][    T1] PPP Deflate Compression module registered
[   25.455948][    T1] PPP MPPE Compression module registered
[   25.456680][    T1] NET: Registered PF_PPPOX protocol family
[   25.457432][    T1] PPTP driver version 0.8.5
[   25.458108][    T1] SLIP: version 0.8.4-NET3.019-NEWTTY (dynamic channels, max=256) (6 bit encapsulation enabled).
[   25.459428][    T1] CSLIP: code copyright 1989 Regents of the University of California.
[   25.460800][    T1] SLIP linefill/keepalive option.
[   25.462433][    T1] hdlc: HDLC support module revision 1.22
[   25.463174][    T1] LAPB Ethernet driver version 0.02
[   25.464378][    T1] usbcore: registered new interface driver ath9k_htc
[   25.465383][    T1] usbcore: registered new interface driver carl9170
[   25.466370][    T1] usbcore: registered new interface driver ath6kl_usb
[   25.467374][    T1] usbcore: registered new interface driver ar5523
[   25.468501][    T1] usbcore: registered new interface driver ath10k_usb
[   25.469521][    T1] usbcore: registered new interface driver rndis_wlan
[   25.470679][    T1] mac80211_hwsim: initializing netlink
[   25.502860][    T1] usbcore: registered new interface driver atusb
[   25.508606][    T1] mac802154_hwsim mac802154_hwsim: Added 2 mac802154 hwsim hardware radios
[   25.512110][    T1] VMware vmxnet3 virtual NIC driver - version 1.7.0.0-k-NAPI
[   25.513203][    T1] usbcore: registered new interface driver catc
[   25.514069][    T1] usbcore: registered new interface driver kaweth
[   25.514879][    T1] pegasus: Pegasus/Pegasus II USB Ethernet driver
[   25.515792][    T1] usbcore: registered new interface driver pegasus
[   25.516668][    T1] usbcore: registered new interface driver rtl8150
[   25.517708][    T1] usbcore: registered new device driver r8152-cfgselector
[   25.518692][    T1] usbcore: registered new interface driver r8152
[   25.519517][    T1] hso: drivers/net/usb/hso.c: Option Wireless
[   25.521314][    T1] usbcore: registered new interface driver hso
[   25.522214][    T1] usbcore: registered new interface driver lan78xx
[   25.523123][    T1] usbcore: registered new interface driver asix
[   25.524005][    T1] usbcore: registered new interface driver ax88179_178a
[   25.524956][    T1] usbcore: registered new interface driver cdc_ether
[   25.525874][    T1] usbcore: registered new interface driver cdc_eem
[   25.526768][    T1] usbcore: registered new interface driver dm9601
[   25.527662][    T1] usbcore: registered new interface driver sr9700
[   25.529158][    T1] usbcore: registered new interface driver CoreChips
[   25.530258][  T970] ata2: found unknown device (class 0)
[   25.531856][  T970] ata2.00: ATAPI: QEMU DVD-ROM, 2.5+, max UDMA/100
[   25.532257][    T1] usbcore: registered new interface driver smsc75xx
[   25.534019][    T1] usbcore: registered new interface driver smsc95xx
[   25.535037][    T1] usbcore: registered new interface driver gl620a
[   25.536038][    T1] usbcore: registered new interface driver net1080
[   25.537026][    T1] usbcore: registered new interface driver plusb
[   25.537993][    T1] usbcore: registered new interface driver rndis_host
[   25.539054][    T1] usbcore: registered new interface driver cdc_subset
[   25.540152][    T1] usbcore: registered new interface driver zaurus
[   25.541141][    T1] usbcore: registered new interface driver MOSCHIP usb-ethernet driver
[   25.542354][    T1] usbcore: registered new interface driver int51x1
[   25.543341][    T1] usbcore: registered new interface driver cdc_phonet
[   25.544393][    T1] usbcore: registered new interface driver kalmia
[   25.545321][   T56] scsi 1:0:0:0: CD-ROM            QEMU     QEMU DVD-ROM     2.5+ PQ: 0 ANSI: 5
[   25.545597][    T1] usbcore: registered new interface driver ipheth
[   25.549316][    T1] usbcore: registered new interface driver sierra_net
[   25.550439][    T1] usbcore: registered new interface driver cx82310_eth
[   25.551399][    T1] usbcore: registered new interface driver cdc_ncm
[   25.552367][    T1] usbcore: registered new interface driver huawei_cdc_ncm
[   25.553357][    T1] usbcore: registered new interface driver lg-vl600
[   25.554282][    T1] usbcore: registered new interface driver qmi_wwan
[   25.555279][    T1] usbcore: registered new interface driver cdc_mbim
[   25.556341][    T1] usbcore: registered new interface driver ch9200
[   25.557376][    T1] usbcore: registered new interface driver r8153_ecm
[   25.563415][    T1] VFIO - User Level meta-driver version: 0.3
[   25.568318][    T1] aoe: AoE v85 initialised.
[   25.571605][    T1] SPI driver max3421-hcd has no spi_device_id for maxim,max3421
[   25.572881][    T1] usbcore: registered new interface driver cdc_acm
[   25.573714][    T1] cdc_acm: USB Abstract Control Model driver for USB modems and ISDN adapters
[   25.574873][    T1] usbcore: registered new interface driver usblp
[   25.575788][    T1] usbcore: registered new interface driver cdc_wdm
[   25.576677][    T1] usbcore: registered new interface driver usbtmc
[   25.586107][    T1] usbcore: registered new interface driver uas
[   25.587544][    T1] usbcore: registered new interface driver usb-storage
[   25.588731][    T1] usbcore: registered new interface driver ums-alauda
[   25.590294][    T1] usbcore: registered new interface driver ums-cypress
[   25.591596][    T1] usbcore: registered new interface driver ums-datafab
[   25.592861][    T1] usbcore: registered new interface driver ums_eneub6250
[   25.596285][    T1] usbcore: registered new interface driver ums-freecom
[   25.597495][    T1] usbcore: registered new interface driver ums-isd200
[   25.598595][    T1] usbcore: registered new interface driver ums-jumpshot
[   25.601080][    T1] usbcore: registered new interface driver ums-karma
[   25.602196][    T1] usbcore: registered new interface driver ums-onetouch
[   25.603365][    T1] usbcore: registered new interface driver ums-realtek
[   25.604465][    T1] usbcore: registered new interface driver ums-sddr09
[   25.605408][    T1] usbcore: registered new interface driver ums-sddr55
[   25.606347][    T1] usbcore: registered new interface driver ums-usbat
[   25.607308][    T1] usbcore: registered new interface driver mdc800
[   25.608157][    T1] mdc800: v0.7.5 (30/10/2000):USB Driver for Mustek MDC800 Digital Camera
[   25.609328][    T1] usbcore: registered new interface driver microtekX6
[   25.613141][    T1] usbcore: registered new interface driver usbserial_generic
[   25.614342][    T1] usbserial: USB Serial support registered for generic
[   25.615532][    T1] usbcore: registered new interface driver aircable
[   25.616451][    T1] usbserial: USB Serial support registered for aircable
[   25.617414][    T1] usbcore: registered new interface driver ark3116
[   25.618304][    T1] usbserial: USB Serial support registered for ark3116
[   25.619257][    T1] usbcore: registered new interface driver belkin_sa
[   25.620323][    T1] usbserial: USB Serial support registered for Belkin / Peracom / GoHubs USB Serial Adapter
[   25.621696][    T1] usbcore: registered new interface driver ch341
[   25.622744][    T1] usbserial: USB Serial support registered for ch341-uart
[   25.623090][   T56] sr 1:0:0:0: [sr0] scsi3-mmc drive: 4x/4x cd/rw xa/form2 tray
[   25.623788][    T1] usbcore: registered new interface driver cp210x
[   25.624755][   T56] cdrom: Uniform CD-ROM driver Revision: 3.20
[   25.625600][    T1] usbserial: USB Serial support registered for cp210x
[   25.627858][    T1] usbcore: registered new interface driver cyberjack
[   25.628807][    T1] usbserial: USB Serial support registered for Reiner SCT Cyberjack USB card reader
[   25.630126][    T1] usbcore: registered new interface driver cypress_m8
[   25.631045][    T1] usbserial: USB Serial support registered for DeLorme Earthmate USB
[   25.632140][    T1] usbserial: USB Serial support registered for HID->COM RS232 Adapter
[   25.633221][    T1] usbserial: USB Serial support registered for Nokia CA-42 V2 Adapter
[   25.634315][    T1] usbcore: registered new interface driver usb_debug
[   25.635219][    T1] usbserial: USB Serial support registered for debug
[   25.636141][    T1] usbserial: USB Serial support registered for xhci_dbc
[   25.637091][    T1] usbcore: registered new interface driver digi_acceleport
[   25.638061][    T1] usbserial: USB Serial support registered for Digi 2 port USB adapter
[   25.639163][    T1] usbserial: USB Serial support registered for Digi 4 port USB adapter
[   25.640338][    T1] usbcore: registered new interface driver io_edgeport
[   25.641265][    T1] usbserial: USB Serial support registered for Edgeport 2 port adapter
[   25.642359][    T1] usbserial: USB Serial support registered for Edgeport 4 port adapter
[   25.643472][    T1] usbserial: USB Serial support registered for Edgeport 8 port adapter
[   25.644604][    T1] usbserial: USB Serial support registered for EPiC device
[   25.645592][    T1] usbcore: registered new interface driver io_ti
[   25.646467][    T1] usbserial: USB Serial support registered for Edgeport TI 1 port adapter
[   25.647873][    T1] usbserial: USB Serial support registered for Edgeport TI 2 port adapter
[   25.649031][    T1] usbcore: registered new interface driver empeg
[   25.649950][    T1] usbserial: USB Serial support registered for empeg
[   25.650924][    T1] usbcore: registered new interface driver f81534a_ctrl
[   25.651914][    T1] usbcore: registered new interface driver f81232
[   25.652820][    T1] usbserial: USB Serial support registered for f81232
[   25.653758][    T1] usbserial: USB Serial support registered for f81534a
[   25.654723][    T1] usbcore: registered new interface driver f81534
[   25.655609][    T1] usbserial: USB Serial support registered for Fintek F81532/F81534
[   25.656702][    T1] usbcore: registered new interface driver ftdi_sio
[   25.657586][    T1] usbserial: USB Serial support registered for FTDI USB Serial Device
[   25.658679][    T1] usbcore: registered new interface driver garmin_gps
[   25.659616][    T1] usbserial: USB Serial support registered for Garmin GPS usb/tty
[   25.660736][    T1] usbcore: registered new interface driver ipaq
[   25.661613][    T1] usbserial: USB Serial support registered for PocketPC PDA
[   25.662608][    T1] usbcore: registered new interface driver ipw
[   25.663444][    T1] usbserial: USB Serial support registered for IPWireless converter
[   25.664531][    T1] usbcore: registered new interface driver ir_usb
[   25.665395][    T1] usbserial: USB Serial support registered for IR Dongle
[   25.666341][    T1] usbcore: registered new interface driver iuu_phoenix
[   25.667256][    T1] usbserial: USB Serial support registered for iuu_phoenix
[   25.668263][    T1] usbcore: registered new interface driver keyspan
[   25.669173][    T1] usbserial: USB Serial support registered for Keyspan - (without firmware)
[   25.670409][    T1] usbserial: USB Serial support registered for Keyspan 1 port adapter
[   25.671528][    T1] usbserial: USB Serial support registered for Keyspan 2 port adapter
[   25.672786][    T1] usbserial: USB Serial support registered for Keyspan 4 port adapter
[   25.673901][    T1] usbcore: registered new interface driver keyspan_pda
[   25.674841][    T1] usbserial: USB Serial support registered for Keyspan PDA
[   25.675835][    T1] usbserial: USB Serial support registered for Keyspan PDA - (prerenumeration)
[   25.677069][    T1] usbcore: registered new interface driver kl5kusb105
[   25.677990][    T1] usbserial: USB Serial support registered for KL5KUSB105D / PalmConnect
[   25.679131][    T1] usbcore: registered new interface driver kobil_sct
[   25.680094][    T1] usbserial: USB Serial support registered for KOBIL USB smart card terminal
[   25.681269][    T1] usbcore: registered new interface driver mct_u232
[   25.682173][    T1] usbserial: USB Serial support registered for MCT U232
[   25.683127][    T1] usbcore: registered new interface driver metro_usb
[   25.684048][    T1] usbserial: USB Serial support registered for Metrologic USB to Serial
[   25.685191][    T1] usbcore: registered new interface driver mos7720
[   25.686078][    T1] usbserial: USB Serial support registered for Moschip 2 port adapter
[   25.687186][    T1] usbcore: registered new interface driver mos7840
[   25.688093][    T1] usbserial: USB Serial support registered for Moschip 7840/7820 USB Serial Driver
[   25.689370][    T1] usbcore: registered new interface driver mxuport
[   25.690317][    T1] usbserial: USB Serial support registered for MOXA UPort
[   25.691328][    T1] usbcore: registered new interface driver navman
[   25.692234][    T1] usbserial: USB Serial support registered for navman
[   25.693190][    T1] usbcore: registered new interface driver omninet
[   25.694101][    T1] usbserial: USB Serial support registered for ZyXEL - omni.net usb
[   25.695214][    T1] usbcore: registered new interface driver opticon
[   25.696137][    T1] usbserial: USB Serial support registered for opticon
[   25.697110][    T1] usbcore: registered new interface driver option
[   25.698000][    T1] usbserial: USB Serial support registered for GSM modem (1-port)
[   25.699079][    T1] usbcore: registered new interface driver oti6858
[   25.700016][    T1] usbserial: USB Serial support registered for oti6858
[   25.700975][    T1] usbcore: registered new interface driver pl2303
[   25.701861][    T1] usbserial: USB Serial support registered for pl2303
[   25.702801][    T1] usbcore: registered new interface driver qcaux
[   25.703887][    T1] usbserial: USB Serial support registered for qcaux
[   25.704821][    T1] usbcore: registered new interface driver qcserial
[   25.705738][    T1] usbserial: USB Serial support registered for Qualcomm USB modem
[   25.706839][    T1] usbcore: registered new interface driver quatech2
[   25.707779][    T1] usbserial: USB Serial support registered for Quatech 2nd gen USB to Serial Driver
[   25.709030][    T1] usbcore: registered new interface driver safe_serial
[   25.710078][    T1] usbserial: USB Serial support registered for safe_serial
[   25.711045][    T1] usbcore: registered new interface driver sierra
[   25.711919][    T1] usbserial: USB Serial support registered for Sierra USB modem
[   25.712956][    T1] usbcore: registered new interface driver usb_serial_simple
[   25.713963][    T1] usbserial: USB Serial support registered for carelink
[   25.714898][    T1] usbserial: USB Serial support registered for zio
[   25.715799][    T1] usbserial: USB Serial support registered for funsoft
[   25.716726][    T1] usbserial: USB Serial support registered for flashloader
[   25.717791][    T1] usbserial: USB Serial support registered for google
[   25.718963][    T1] usbserial: USB Serial support registered for libtransistor
[   25.720163][    T1] usbserial: USB Serial support registered for vivopay
[   25.721145][    T1] usbserial: USB Serial support registered for moto_modem
[   25.722151][    T1] usbserial: USB Serial support registered for motorola_tetra
[   25.723226][    T1] usbserial: USB Serial support registered for nokia
[   25.724253][    T1] usbserial: USB Serial support registered for novatel_gps
[   25.725290][    T1] usbserial: USB Serial support registered for hp4x
[   25.726235][    T1] usbserial: USB Serial support registered for suunto
[   25.727208][    T1] usbserial: USB Serial support registered for siemens_mpi
[   25.728272][    T1] usbcore: registered new interface driver spcp8x5
[   25.729208][    T1] usbserial: USB Serial support registered for SPCP8x5
[   25.730637][    T1] usbcore: registered new interface driver ssu100
[   25.731594][    T1] usbserial: USB Serial support registered for Quatech SSU-100 USB to Serial Driver
[   25.732964][    T1] usbcore: registered new interface driver symbolserial
[   25.733969][    T1] usbserial: USB Serial support registered for symbol
[   25.735054][    T1] usbcore: registered new interface driver ti_usb_3410_5052
[   25.736118][    T1] usbserial: USB Serial support registered for TI USB 3410 1 port adapter
[   25.737329][    T1] usbserial: USB Serial support registered for TI USB 5052 2 port adapter
[   25.737462][   T56] sr 1:0:0:0: Attached scsi generic sg0 type 5
[   25.738526][    T1] usbcore: registered new interface driver upd78f0730
[   25.742096][    T1] usbserial: USB Serial support registered for upd78f0730
[   25.743080][    T1] usbcore: registered new interface driver visor
[   25.743982][    T1] usbserial: USB Serial support registered for Handspring Visor / Palm OS
[   25.745195][    T1] usbserial: USB Serial support registered for Sony Clie 5.0
[   25.746238][    T1] usbserial: USB Serial support registered for Sony Clie 3.5
[   25.747285][    T1] usbcore: registered new interface driver wishbone_serial
[   25.748295][    T1] usbserial: USB Serial support registered for wishbone_serial
[   25.749332][    T1] usbcore: registered new interface driver whiteheat
[   25.750367][    T1] usbserial: USB Serial support registered for Connect Tech - WhiteHEAT - (prerenumeration)
[   25.751965][    T1] usbserial: USB Serial support registered for Connect Tech - WhiteHEAT
[   25.753109][    T1] usbcore: registered new interface driver xr_serial
[   25.754031][    T1] usbserial: USB Serial support registered for xr_serial
[   25.755032][    T1] usbcore: registered new interface driver xsens_mt
[   25.755959][    T1] usbserial: USB Serial support registered for xsens_mt
[   25.756940][    T1] usbcore: registered new interface driver adutux
[   25.757864][    T1] usbcore: registered new interface driver appledisplay
[   25.758857][    T1] usbcore: registered new interface driver cypress_cy7c63
[   25.759930][    T1] usbcore: registered new interface driver cytherm
[   25.760909][    T1] usbcore: registered new interface driver emi26 - firmware loader
[   25.762053][    T1] usbcore: registered new interface driver emi62 - firmware loader
[   25.763139][    T1] usbcore: registered new interface driver idmouse
[   25.764072][    T1] usbcore: registered new interface driver iowarrior
[   25.765019][    T1] usbcore: registered new interface driver isight_firmware
[   25.766017][    T1] usbcore: registered new interface driver usblcd
[   25.766922][    T1] usbcore: registered new interface driver ldusb
[   25.767826][    T1] usbcore: registered new interface driver legousbtower
[   25.768802][    T1] usbcore: registered new interface driver usbtest
[   25.769752][    T1] usbcore: registered new interface driver usb_ehset_test
[   25.770757][    T1] usbcore: registered new interface driver trancevibrator
[   25.771773][    T1] usbcore: registered new interface driver uss720
[   25.772619][    T1] uss720: USB Parport Cable driver for Cables using the Lucent Technologies USS720 Chip
[   25.773889][    T1] uss720: NOTE: this is a special purpose driver to allow nonstandard
[   25.774960][    T1] uss720: protocols (eg. bitbang) over USS720 usb to parallel cables
[   25.776030][    T1] uss720: If you just want to connect to a printer, use usblp instead
[   25.777234][    T1] usbcore: registered new interface driver usbsevseg
[   25.778257][    T1] usbcore: registered new interface driver yurex
[   25.779648][    T1] usbcore: registered new interface driver chaoskey
[   25.780756][    T1] usbcore: registered new interface driver sisusb
[   25.781674][    T1] usbcore: registered new interface driver lvs
[   25.782546][    T1] usbcore: registered new interface driver cxacru
[   25.783450][    T1] usbcore: registered new interface driver speedtch
[   25.784408][    T1] usbcore: registered new interface driver ueagle-atm
[   25.785312][    T1] xusbatm: malformed module parameters
[   25.786873][    T1] dummy_hcd dummy_hcd.0: USB Host+Gadget Emulator, driver 02 May 2005
[   25.788004][    T1] dummy_hcd dummy_hcd.0: Dummy host controller
[   25.790898][    T1] dummy_hcd dummy_hcd.0: new USB bus registered, assigned bus number 1
[   25.792645][    T1] usb usb1: New USB device found, idVendor=1d6b, idProduct=0002, bcdDevice= 6.04
[   25.793894][    T1] usb usb1: New USB device strings: Mfr=3, Product=2, SerialNumber=1
[   25.794957][    T1] usb usb1: Product: Dummy host controller
[   25.795737][    T1] usb usb1: Manufacturer: Linux 6.4.0-00005-g126876463e8e-dirty dummy_hcd
[   25.796873][    T1] usb usb1: SerialNumber: dummy_hcd.0
[   25.799549][    T1] hub 1-0:1.0: USB hub found
[   25.800414][    T1] hub 1-0:1.0: 1 port detected
[   25.805021][    T1] gadgetfs: USB Gadget filesystem, version 24 Aug 2004
[   25.808751][    T1] vhci_hcd vhci_hcd.0: USB/IP Virtual Host Controller
[   25.810098][    T1] vhci_hcd vhci_hcd.0: new USB bus registered, assigned bus number 2
[   25.811404][    T1] vhci_hcd: created sysfs vhci_hcd.0
[   25.812450][    T1] usb usb2: New USB device found, idVendor=1d6b, idProduct=0002, bcdDevice= 6.04
[   25.813625][    T1] usb usb2: New USB device strings: Mfr=3, Product=2, SerialNumber=1
[   25.814655][    T1] usb usb2: Product: USB/IP Virtual Host Controller
[   25.815497][    T1] usb usb2: Manufacturer: Linux 6.4.0-00005-g126876463e8e-dirty vhci_hcd
[   25.816588][    T1] usb usb2: SerialNumber: vhci_hcd.0
[   25.818617][    T1] hub 2-0:1.0: USB hub found
[   25.819333][    T1] hub 2-0:1.0: 8 ports detected
[   25.823326][    T1] vhci_hcd vhci_hcd.0: USB/IP Virtual Host Controller
[   25.824633][    T1] vhci_hcd vhci_hcd.0: new USB bus registered, assigned bus number 3
[   25.825844][    T1] usb usb3: We don't know the algorithms for LPM for this host, disabling LPM.
[   25.827322][    T1] usb usb3: New USB device found, idVendor=1d6b, idProduct=0003, bcdDevice= 6.04
[   25.828568][    T1] usb usb3: New USB device strings: Mfr=3, Product=2, SerialNumber=1
[   25.829700][    T1] usb usb3: Product: USB/IP Virtual Host Controller
[   25.830611][    T1] usb usb3: Manufacturer: Linux 6.4.0-00005-g126876463e8e-dirty vhci_hcd
[   25.831786][    T1] usb usb3: SerialNumber: vhci_hcd.0
[   25.833762][    T1] hub 3-0:1.0: USB hub found
[   25.834605][    T1] hub 3-0:1.0: 8 ports detected
[   25.839256][    T1] vhci_hcd vhci_hcd.1: USB/IP Virtual Host Controller
[   25.841473][    T1] vhci_hcd vhci_hcd.1: new USB bus registered, assigned bus number 4
[   25.842922][    T1] usb usb4: New USB device found, idVendor=1d6b, idProduct=0002, bcdDevice= 6.04
[   25.844159][    T1] usb usb4: New USB device strings: Mfr=3, Product=2, SerialNumber=1
[   25.845242][    T1] usb usb4: Product: USB/IP Virtual Host Controller
[   25.846130][    T1] usb usb4: Manufacturer: Linux 6.4.0-00005-g126876463e8e-dirty vhci_hcd
[   25.847275][    T1] usb usb4: SerialNumber: vhci_hcd.1
[   25.849213][    T1] hub 4-0:1.0: USB hub found
[   25.850112][    T1] hub 4-0:1.0: 8 ports detected
[   25.853820][    T1] vhci_hcd vhci_hcd.1: USB/IP Virtual Host Controller
[   25.855145][    T1] vhci_hcd vhci_hcd.1: new USB bus registered, assigned bus number 5
[   25.856403][    T1] usb usb5: We don't know the algorithms for LPM for this host, disabling LPM.
[   25.857918][    T1] usb usb5: New USB device found, idVendor=1d6b, idProduct=0003, bcdDevice= 6.04
[   25.859147][    T1] usb usb5: New USB device strings: Mfr=3, Product=2, SerialNumber=1
[   25.860276][    T1] usb usb5: Product: USB/IP Virtual Host Controller
[   25.861160][    T1] usb usb5: Manufacturer: Linux 6.4.0-00005-g126876463e8e-dirty vhci_hcd
[   25.862290][    T1] usb usb5: SerialNumber: vhci_hcd.1
[   25.864238][    T1] hub 5-0:1.0: USB hub found
[   25.864944][    T1] hub 5-0:1.0: 8 ports detected
[   25.869401][    T1] vhci_hcd vhci_hcd.2: USB/IP Virtual Host Controller
[   25.870916][    T1] vhci_hcd vhci_hcd.2: new USB bus registered, assigned bus number 6
[   25.872410][    T1] usb usb6: New USB device found, idVendor=1d6b, idProduct=0002, bcdDevice= 6.04
[   25.873669][    T1] usb usb6: New USB device strings: Mfr=3, Product=2, SerialNumber=1
[   25.874777][    T1] usb usb6: Product: USB/IP Virtual Host Controller
[   25.875674][    T1] usb usb6: Manufacturer: Linux 6.4.0-00005-g126876463e8e-dirty vhci_hcd
[   25.876826][    T1] usb usb6: SerialNumber: vhci_hcd.2
[   25.878764][    T1] hub 6-0:1.0: USB hub found
[   25.879464][    T1] hub 6-0:1.0: 8 ports detected
[   25.883311][    T1] vhci_hcd vhci_hcd.2: USB/IP Virtual Host Controller
[   25.884769][    T1] vhci_hcd vhci_hcd.2: new USB bus registered, assigned bus number 7
[   25.886134][    T1] usb usb7: We don't know the algorithms for LPM for this host, disabling LPM.
[   25.887623][    T1] usb usb7: New USB device found, idVendor=1d6b, idProduct=0003, bcdDevice= 6.04
[   25.888853][    T1] usb usb7: New USB device strings: Mfr=3, Product=2, SerialNumber=1
[   25.890323][    T1] usb usb7: Product: USB/IP Virtual Host Controller
[   25.891208][    T1] usb usb7: Manufacturer: Linux 6.4.0-00005-g126876463e8e-dirty vhci_hcd
[   25.892325][    T1] usb usb7: SerialNumber: vhci_hcd.2
[   25.894234][    T1] hub 7-0:1.0: USB hub found
[   25.894946][    T1] hub 7-0:1.0: 8 ports detected
[   25.899928][    T1] vhci_hcd vhci_hcd.3: USB/IP Virtual Host Controller
[   25.901261][    T1] vhci_hcd vhci_hcd.3: new USB bus registered, assigned bus number 8
[   25.902691][    T1] usb usb8: New USB device found, idVendor=1d6b, idProduct=0002, bcdDevice= 6.04
[   25.903922][    T1] usb usb8: New USB device strings: Mfr=3, Product=2, SerialNumber=1
[   25.904989][    T1] usb usb8: Product: USB/IP Virtual Host Controller
[   25.905867][    T1] usb usb8: Manufacturer: Linux 6.4.0-00005-g126876463e8e-dirty vhci_hcd
[   25.906976][    T1] usb usb8: SerialNumber: vhci_hcd.3
[   25.908829][    T1] hub 8-0:1.0: USB hub found
[   25.909530][    T1] hub 8-0:1.0: 8 ports detected
[   25.913278][    T1] vhci_hcd vhci_hcd.3: USB/IP Virtual Host Controller
[   25.914584][    T1] vhci_hcd vhci_hcd.3: new USB bus registered, assigned bus number 9
[   25.915800][    T1] usb usb9: We don't know the algorithms for LPM for this host, disabling LPM.
[   25.917267][    T1] usb usb9: New USB device found, idVendor=1d6b, idProduct=0003, bcdDevice= 6.04
[   25.918479][    T1] usb usb9: New USB device strings: Mfr=3, Product=2, SerialNumber=1
[   25.919534][    T1] usb usb9: Product: USB/IP Virtual Host Controller
[   25.920514][    T1] usb usb9: Manufacturer: Linux 6.4.0-00005-g126876463e8e-dirty vhci_hcd
[   25.921635][    T1] usb usb9: SerialNumber: vhci_hcd.3
[   25.923639][    T1] hub 9-0:1.0: USB hub found
[   25.924343][    T1] hub 9-0:1.0: 8 ports detected
[   25.928766][    T1] vhci_hcd vhci_hcd.4: USB/IP Virtual Host Controller
[   25.930145][    T1] vhci_hcd vhci_hcd.4: new USB bus registered, assigned bus number 10
[   25.931601][    T1] usb usb10: New USB device found, idVendor=1d6b, idProduct=0002, bcdDevice= 6.04
[   25.932855][    T1] usb usb10: New USB device strings: Mfr=3, Product=2, SerialNumber=1
[   25.933963][    T1] usb usb10: Product: USB/IP Virtual Host Controller
[   25.934874][    T1] usb usb10: Manufacturer: Linux 6.4.0-00005-g126876463e8e-dirty vhci_hcd
[   25.936039][    T1] usb usb10: SerialNumber: vhci_hcd.4
[   25.938234][    T1] hub 10-0:1.0: USB hub found
[   25.938959][    T1] hub 10-0:1.0: 8 ports detected
[   25.942718][    T1] vhci_hcd vhci_hcd.4: USB/IP Virtual Host Controller
[   25.944168][    T1] vhci_hcd vhci_hcd.4: new USB bus registered, assigned bus number 11
[   25.945453][    T1] usb usb11: We don't know the algorithms for LPM for this host, disabling LPM.
[   25.947030][    T1] usb usb11: New USB device found, idVendor=1d6b, idProduct=0003, bcdDevice= 6.04
[   25.948311][    T1] usb usb11: New USB device strings: Mfr=3, Product=2, SerialNumber=1
[   25.949417][    T1] usb usb11: Product: USB/IP Virtual Host Controller
[   25.950367][    T1] usb usb11: Manufacturer: Linux 6.4.0-00005-g126876463e8e-dirty vhci_hcd
[   25.951546][    T1] usb usb11: SerialNumber: vhci_hcd.4
[   25.953972][    T1] hub 11-0:1.0: USB hub found
[   25.954700][    T1] hub 11-0:1.0: 8 ports detected
[   25.959092][    T1] vhci_hcd vhci_hcd.5: USB/IP Virtual Host Controller
[   25.960391][    T1] vhci_hcd vhci_hcd.5: new USB bus registered, assigned bus number 12
[   25.961804][    T1] usb usb12: New USB device found, idVendor=1d6b, idProduct=0002, bcdDevice= 6.04
[   25.963008][    T1] usb usb12: New USB device strings: Mfr=3, Product=2, SerialNumber=1
[   25.964105][    T1] usb usb12: Product: USB/IP Virtual Host Controller
[   25.965048][    T1] usb usb12: Manufacturer: Linux 6.4.0-00005-g126876463e8e-dirty vhci_hcd
[   25.966197][    T1] usb usb12: SerialNumber: vhci_hcd.5
[   25.968357][    T1] hub 12-0:1.0: USB hub found
[   25.969076][    T1] hub 12-0:1.0: 8 ports detected
[   25.972687][    T1] vhci_hcd vhci_hcd.5: USB/IP Virtual Host Controller
[   25.974026][    T1] vhci_hcd vhci_hcd.5: new USB bus registered, assigned bus number 13
[   25.975249][    T1] usb usb13: We don't know the algorithms for LPM for this host, disabling LPM.
[   25.976713][    T1] usb usb13: New USB device found, idVendor=1d6b, idProduct=0003, bcdDevice= 6.04
[   25.977924][    T1] usb usb13: New USB device strings: Mfr=3, Product=2, SerialNumber=1
[   25.978979][    T1] usb usb13: Product: USB/IP Virtual Host Controller
[   25.979946][    T1] usb usb13: Manufacturer: Linux 6.4.0-00005-g126876463e8e-dirty vhci_hcd
[   25.981076][    T1] usb usb13: SerialNumber: vhci_hcd.5
[   25.983056][    T1] hub 13-0:1.0: USB hub found
[   25.983796][    T1] hub 13-0:1.0: 8 ports detected
[   25.988177][    T1] vhci_hcd vhci_hcd.6: USB/IP Virtual Host Controller
[   25.989494][    T1] vhci_hcd vhci_hcd.6: new USB bus registered, assigned bus number 14
[   25.990938][    T1] usb usb14: New USB device found, idVendor=1d6b, idProduct=0002, bcdDevice= 6.04
[   25.992163][    T1] usb usb14: New USB device strings: Mfr=3, Product=2, SerialNumber=1
[   25.993229][    T1] usb usb14: Product: USB/IP Virtual Host Controller
[   25.994107][    T1] usb usb14: Manufacturer: Linux 6.4.0-00005-g126876463e8e-dirty vhci_hcd
[   25.995226][    T1] usb usb14: SerialNumber: vhci_hcd.6
[   25.997109][    T1] hub 14-0:1.0: USB hub found
[   25.997817][    T1] hub 14-0:1.0: 8 ports detected
[   26.001432][    T1] vhci_hcd vhci_hcd.6: USB/IP Virtual Host Controller
[   26.002721][    T1] vhci_hcd vhci_hcd.6: new USB bus registered, assigned bus number 15
[   26.003973][    T1] usb usb15: We don't know the algorithms for LPM for this host, disabling LPM.
[   26.005454][    T1] usb usb15: New USB device found, idVendor=1d6b, idProduct=0003, bcdDevice= 6.04
[   26.006675][    T1] usb usb15: New USB device strings: Mfr=3, Product=2, SerialNumber=1
[   26.007747][    T1] usb usb15: Product: USB/IP Virtual Host Controller
[   26.008635][    T1] usb usb15: Manufacturer: Linux 6.4.0-00005-g126876463e8e-dirty vhci_hcd
[   26.009995][    T1] usb usb15: SerialNumber: vhci_hcd.6
[   26.012003][    T1] hub 15-0:1.0: USB hub found
[   26.012842][    T1] hub 15-0:1.0: 8 ports detected
[   26.018311][    T1] vhci_hcd vhci_hcd.7: USB/IP Virtual Host Controller
[   26.019700][    T1] vhci_hcd vhci_hcd.7: new USB bus registered, assigned bus number 16
[   26.021160][    T1] usb usb16: New USB device found, idVendor=1d6b, idProduct=0002, bcdDevice= 6.04
[   26.022398][    T1] usb usb16: New USB device strings: Mfr=3, Product=2, SerialNumber=1
[   26.023483][    T1] usb usb16: Product: USB/IP Virtual Host Controller
[   26.024373][    T1] usb usb16: Manufacturer: Linux 6.4.0-00005-g126876463e8e-dirty vhci_hcd
[   26.025495][    T1] usb usb16: SerialNumber: vhci_hcd.7
[   26.027457][    T1] hub 16-0:1.0: USB hub found
[   26.028173][    T1] hub 16-0:1.0: 8 ports detected
[   26.032760][    T1] vhci_hcd vhci_hcd.7: USB/IP Virtual Host Controller
[   26.034422][    T1] vhci_hcd vhci_hcd.7: new USB bus registered, assigned bus number 17
[   26.035648][    T1] usb usb17: We don't know the algorithms for LPM for this host, disabling LPM.
[   26.037131][    T1] usb usb17: New USB device found, idVendor=1d6b, idProduct=0003, bcdDevice= 6.04
[   26.038384][    T1] usb usb17: New USB device strings: Mfr=3, Product=2, SerialNumber=1
[   26.039759][    T1] usb usb17: Product: USB/IP Virtual Host Controller
[   26.040821][    T1] usb usb17: Manufacturer: Linux 6.4.0-00005-g126876463e8e-dirty vhci_hcd
[   26.042143][    T1] usb usb17: SerialNumber: vhci_hcd.7
[   26.044678][    T1] hub 17-0:1.0: USB hub found
[   26.045557][    T1] hub 17-0:1.0: 8 ports detected
[   26.051314][    T1] vhci_hcd vhci_hcd.8: USB/IP Virtual Host Controller
[   26.052868][    T1] vhci_hcd vhci_hcd.8: new USB bus registered, assigned bus number 18
[   26.054698][    T1] usb usb18: New USB device found, idVendor=1d6b, idProduct=0002, bcdDevice= 6.04
[   26.056045][    T1] usb usb18: New USB device strings: Mfr=3, Product=2, SerialNumber=1
[   26.057325][    T1] usb usb18: Product: USB/IP Virtual Host Controller
[   26.058326][    T1] usb usb18: Manufacturer: Linux 6.4.0-00005-g126876463e8e-dirty vhci_hcd
[   26.059455][    T1] usb usb18: SerialNumber: vhci_hcd.8
[   26.061731][    T1] hub 18-0:1.0: USB hub found
[   26.062633][    T1] hub 18-0:1.0: 8 ports detected
[   26.067720][    T1] vhci_hcd vhci_hcd.8: USB/IP Virtual Host Controller
[   26.069123][    T1] vhci_hcd vhci_hcd.8: new USB bus registered, assigned bus number 19
[   26.070401][    T1] usb usb19: We don't know the algorithms for LPM for this host, disabling LPM.
[   26.072174][    T1] usb usb19: New USB device found, idVendor=1d6b, idProduct=0003, bcdDevice= 6.04
[   26.073408][    T1] usb usb19: New USB device strings: Mfr=3, Product=2, SerialNumber=1
[   26.074485][    T1] usb usb19: Product: USB/IP Virtual Host Controller
[   26.075366][    T1] usb usb19: Manufacturer: Linux 6.4.0-00005-g126876463e8e-dirty vhci_hcd
[   26.076550][    T1] usb usb19: SerialNumber: vhci_hcd.8
[   26.078538][    T1] hub 19-0:1.0: USB hub found
[   26.079236][    T1] hub 19-0:1.0: 8 ports detected
[   26.083670][    T1] vhci_hcd vhci_hcd.9: USB/IP Virtual Host Controller
[   26.085041][    T1] vhci_hcd vhci_hcd.9: new USB bus registered, assigned bus number 20
[   26.086621][    T1] usb usb20: New USB device found, idVendor=1d6b, idProduct=0002, bcdDevice= 6.04
[   26.088162][    T1] usb usb20: New USB device strings: Mfr=3, Product=2, SerialNumber=1
[   26.089511][    T1] usb usb20: Product: USB/IP Virtual Host Controller
[   26.090691][    T1] usb usb20: Manufacturer: Linux 6.4.0-00005-g126876463e8e-dirty vhci_hcd
[   26.092149][    T1] usb usb20: SerialNumber: vhci_hcd.9
[   26.094621][    T1] hub 20-0:1.0: USB hub found
[   26.095511][    T1] hub 20-0:1.0: 8 ports detected
[   26.099353][    T1] vhci_hcd vhci_hcd.9: USB/IP Virtual Host Controller
[   26.100973][    T1] vhci_hcd vhci_hcd.9: new USB bus registered, assigned bus number 21
[   26.102489][    T1] usb usb21: We don't know the algorithms for LPM for this host, disabling LPM.
[   26.104315][    T1] usb usb21: New USB device found, idVendor=1d6b, idProduct=0003, bcdDevice= 6.04
[   26.105869][    T1] usb usb21: New USB device strings: Mfr=3, Product=2, SerialNumber=1
[   26.107232][    T1] usb usb21: Product: USB/IP Virtual Host Controller
[   26.108349][    T1] usb usb21: Manufacturer: Linux 6.4.0-00005-g126876463e8e-dirty vhci_hcd
[   26.109814][    T1] usb usb21: SerialNumber: vhci_hcd.9
[   26.113549][    T1] hub 21-0:1.0: USB hub found
[   26.114407][    T1] hub 21-0:1.0: 8 ports detected
[   26.119245][    T1] vhci_hcd vhci_hcd.10: USB/IP Virtual Host Controller
[   26.120958][    T1] vhci_hcd vhci_hcd.10: new USB bus registered, assigned bus number 22
[   26.122731][    T1] usb usb22: New USB device found, idVendor=1d6b, idProduct=0002, bcdDevice= 6.04
[   26.124003][    T1] usb usb22: New USB device strings: Mfr=3, Product=2, SerialNumber=1
[   26.125086][    T1] usb usb22: Product: USB/IP Virtual Host Controller
[   26.125944][    T1] usb usb22: Manufacturer: Linux 6.4.0-00005-g126876463e8e-dirty vhci_hcd
[   26.127037][    T1] usb usb22: SerialNumber: vhci_hcd.10
[   26.129070][    T1] hub 22-0:1.0: USB hub found
[   26.129869][    T1] hub 22-0:1.0: 8 ports detected
[   26.133478][    T1] vhci_hcd vhci_hcd.10: USB/IP Virtual Host Controller
[   26.134836][    T1] vhci_hcd vhci_hcd.10: new USB bus registered, assigned bus number 23
[   26.136089][    T1] usb usb23: We don't know the algorithms for LPM for this host, disabling LPM.
[   26.138141][    T1] usb usb23: New USB device found, idVendor=1d6b, idProduct=0003, bcdDevice= 6.04
[   26.139772][    T1] usb usb23: New USB device strings: Mfr=3, Product=2, SerialNumber=1
[   26.141156][    T1] usb usb23: Product: USB/IP Virtual Host Controller
[   26.142296][    T1] usb usb23: Manufacturer: Linux 6.4.0-00005-g126876463e8e-dirty vhci_hcd
[   26.144055][    T1] usb usb23: SerialNumber: vhci_hcd.10
[   26.146928][    T1] hub 23-0:1.0: USB hub found
[   26.147947][    T1] hub 23-0:1.0: 8 ports detected
[   26.155618][    T1] vhci_hcd vhci_hcd.11: USB/IP Virtual Host Controller
[   26.157639][    T1] vhci_hcd vhci_hcd.11: new USB bus registered, assigned bus number 24
[   26.159585][    T1] usb usb24: New USB device found, idVendor=1d6b, idProduct=0002, bcdDevice= 6.04
[   26.161259][    T1] usb usb24: New USB device strings: Mfr=3, Product=2, SerialNumber=1
[   26.162808][    T1] usb usb24: Product: USB/IP Virtual Host Controller
[   26.164147][    T1] usb usb24: Manufacturer: Linux 6.4.0-00005-g126876463e8e-dirty vhci_hcd
[   26.165544][    T1] usb usb24: SerialNumber: vhci_hcd.11
[   26.168869][    T1] hub 24-0:1.0: USB hub found
[   26.169924][    T1] hub 24-0:1.0: 8 ports detected
[   26.176380][    T1] vhci_hcd vhci_hcd.11: USB/IP Virtual Host Controller
[   26.178478][    T1] vhci_hcd vhci_hcd.11: new USB bus registered, assigned bus number 25
[   26.181051][    T1] usb usb25: We don't know the algorithms for LPM for this host, disabling LPM.
[   26.183128][    T1] usb usb25: New USB device found, idVendor=1d6b, idProduct=0003, bcdDevice= 6.04
[   26.184773][    T1] usb usb25: New USB device strings: Mfr=3, Product=2, SerialNumber=1
[   26.186210][    T1] usb usb25: Product: USB/IP Virtual Host Controller
[   26.187393][    T1] usb usb25: Manufacturer: Linux 6.4.0-00005-g126876463e8e-dirty vhci_hcd
[   26.188885][    T1] usb usb25: SerialNumber: vhci_hcd.11
[   26.191610][    T1] hub 25-0:1.0: USB hub found
[   26.192549][    T1] hub 25-0:1.0: 8 ports detected
[   26.199268][    T1] vhci_hcd vhci_hcd.12: USB/IP Virtual Host Controller
[   26.201512][    T1] vhci_hcd vhci_hcd.12: new USB bus registered, assigned bus number 26
[   26.203480][    T1] usb usb26: New USB device found, idVendor=1d6b, idProduct=0002, bcdDevice= 6.04
[   26.205072][    T1] usb usb26: New USB device strings: Mfr=3, Product=2, SerialNumber=1
[   26.206478][    T1] usb usb26: Product: USB/IP Virtual Host Controller
[   26.207659][    T1] usb usb26: Manufacturer: Linux 6.4.0-00005-g126876463e8e-dirty vhci_hcd
[   26.209108][    T1] usb usb26: SerialNumber: vhci_hcd.12
[   26.211803][    T1] hub 26-0:1.0: USB hub found
[   26.212738][    T1] hub 26-0:1.0: 8 ports detected
[   26.217614][    T1] vhci_hcd vhci_hcd.12: USB/IP Virtual Host Controller
[   26.218969][    T1] vhci_hcd vhci_hcd.12: new USB bus registered, assigned bus number 27
[   26.220559][    T1] usb usb27: We don't know the algorithms for LPM for this host, disabling LPM.
[   26.222053][    T1] usb usb27: New USB device found, idVendor=1d6b, idProduct=0003, bcdDevice= 6.04
[   26.223264][    T1] usb usb27: New USB device strings: Mfr=3, Product=2, SerialNumber=1
[   26.224350][    T1] usb usb27: Product: USB/IP Virtual Host Controller
[   26.225227][    T1] usb usb27: Manufacturer: Linux 6.4.0-00005-g126876463e8e-dirty vhci_hcd
[   26.226338][    T1] usb usb27: SerialNumber: vhci_hcd.12
[   26.228355][    T1] hub 27-0:1.0: USB hub found
[   26.229055][    T1] hub 27-0:1.0: 8 ports detected
[   26.233523][    T1] vhci_hcd vhci_hcd.13: USB/IP Virtual Host Controller
[   26.234904][    T1] vhci_hcd vhci_hcd.13: new USB bus registered, assigned bus number 28
[   26.236370][    T1] usb usb28: New USB device found, idVendor=1d6b, idProduct=0002, bcdDevice= 6.04
[   26.237588][    T1] usb usb28: New USB device strings: Mfr=3, Product=2, SerialNumber=1
[   26.238632][    T1] usb usb28: Product: USB/IP Virtual Host Controller
[   26.239486][    T1] usb usb28: Manufacturer: Linux 6.4.0-00005-g126876463e8e-dirty vhci_hcd
[   26.240691][    T1] usb usb28: SerialNumber: vhci_hcd.13
[   26.242789][    T1] hub 28-0:1.0: USB hub found
[   26.243518][    T1] hub 28-0:1.0: 8 ports detected
[   26.247150][    T1] vhci_hcd vhci_hcd.13: USB/IP Virtual Host Controller
[   26.248623][    T1] vhci_hcd vhci_hcd.13: new USB bus registered, assigned bus number 29
[   26.249906][    T1] usb usb29: We don't know the algorithms for LPM for this host, disabling LPM.
[   26.251377][    T1] usb usb29: New USB device found, idVendor=1d6b, idProduct=0003, bcdDevice= 6.04
[   26.252597][    T1] usb usb29: New USB device strings: Mfr=3, Product=2, SerialNumber=1
[   26.253659][    T1] usb usb29: Product: USB/IP Virtual Host Controller
[   26.254528][    T1] usb usb29: Manufacturer: Linux 6.4.0-00005-g126876463e8e-dirty vhci_hcd
[   26.255643][    T1] usb usb29: SerialNumber: vhci_hcd.13
[   26.257918][    T1] hub 29-0:1.0: USB hub found
[   26.258625][    T1] hub 29-0:1.0: 8 ports detected
[   26.263174][    T1] vhci_hcd vhci_hcd.14: USB/IP Virtual Host Controller
[   26.264600][    T1] vhci_hcd vhci_hcd.14: new USB bus registered, assigned bus number 30
[   26.266356][    T1] usb usb30: New USB device found, idVendor=1d6b, idProduct=0002, bcdDevice= 6.04
[   26.267601][    T1] usb usb30: New USB device strings: Mfr=3, Product=2, SerialNumber=1
[   26.268710][    T1] usb usb30: Product: USB/IP Virtual Host Controller
[   26.269603][    T1] usb usb30: Manufacturer: Linux 6.4.0-00005-g126876463e8e-dirty vhci_hcd
[   26.270787][    T1] usb usb30: SerialNumber: vhci_hcd.14
[   26.272899][    T1] hub 30-0:1.0: USB hub found
[   26.273612][    T1] hub 30-0:1.0: 8 ports detected
[   26.277424][    T1] vhci_hcd vhci_hcd.14: USB/IP Virtual Host Controller
[   26.278834][    T1] vhci_hcd vhci_hcd.14: new USB bus registered, assigned bus number 31
[   26.280148][    T1] usb usb31: We don't know the algorithms for LPM for this host, disabling LPM.
[   26.281648][    T1] usb usb31: New USB device found, idVendor=1d6b, idProduct=0003, bcdDevice= 6.04
[   26.282873][    T1] usb usb31: New USB device strings: Mfr=3, Product=2, SerialNumber=1
[   26.283954][    T1] usb usb31: Product: USB/IP Virtual Host Controller
[   26.284838][    T1] usb usb31: Manufacturer: Linux 6.4.0-00005-g126876463e8e-dirty vhci_hcd
[   26.285953][    T1] usb usb31: SerialNumber: vhci_hcd.14
[   26.288266][    T1] hub 31-0:1.0: USB hub found
[   26.288968][    T1] hub 31-0:1.0: 8 ports detected
[   26.293515][    T1] vhci_hcd vhci_hcd.15: USB/IP Virtual Host Controller
[   26.294964][    T1] vhci_hcd vhci_hcd.15: new USB bus registered, assigned bus number 32
[   26.296440][    T1] usb usb32: New USB device found, idVendor=1d6b, idProduct=0002, bcdDevice= 6.04
[   26.297665][    T1] usb usb32: New USB device strings: Mfr=3, Product=2, SerialNumber=1
[   26.298744][    T1] usb usb32: Product: USB/IP Virtual Host Controller
[   26.299626][    T1] usb usb32: Manufacturer: Linux 6.4.0-00005-g126876463e8e-dirty vhci_hcd
[   26.300822][    T1] usb usb32: SerialNumber: vhci_hcd.15
[   26.302869][    T1] hub 32-0:1.0: USB hub found
[   26.303579][    T1] hub 32-0:1.0: 8 ports detected
[   26.307414][    T1] vhci_hcd vhci_hcd.15: USB/IP Virtual Host Controller
[   26.308826][    T1] vhci_hcd vhci_hcd.15: new USB bus registered, assigned bus number 33
[   26.310184][    T1] usb usb33: We don't know the algorithms for LPM for this host, disabling LPM.
[   26.311662][    T1] usb usb33: New USB device found, idVendor=1d6b, idProduct=0003, bcdDevice= 6.04
[   26.312884][    T1] usb usb33: New USB device strings: Mfr=3, Product=2, SerialNumber=1
[   26.313959][    T1] usb usb33: Product: USB/IP Virtual Host Controller
[   26.314830][    T1] usb usb33: Manufacturer: Linux 6.4.0-00005-g126876463e8e-dirty vhci_hcd
[   26.315935][    T1] usb usb33: SerialNumber: vhci_hcd.15
[   26.319804][    T1] hub 33-0:1.0: USB hub found
[   26.320535][    T1] hub 33-0:1.0: 8 ports detected
[   26.325110][    T1] usbcore: registered new device driver usbip-host
[   26.328306][    T1] i8042: PNP: PS/2 Controller [PNP0303:KBD,PNP0f13:MOU] at 0x60,0x64 irq 1,12
[   26.331828][    T1] serio: i8042 KBD port at 0x60,0x64 irq 1
[   26.333367][    T1] serio: i8042 AUX port at 0x60,0x64 irq 12
[   26.335925][    T1] mousedev: PS/2 mouse device common for all mice
[   26.337586][    T1] usbcore: registered new interface driver appletouch
[   26.338599][    T1] usbcore: registered new interface driver bcm5974
[   26.339728][    T1] usbcore: registered new interface driver synaptics_usb
[   26.340765][    T1] usbcore: registered new interface driver iforce
[   26.341760][    T1] usbcore: registered new interface driver xpad
[   26.342650][    T1] usbcore: registered new interface driver usb_acecad
[   26.343615][    T1] usbcore: registered new interface driver aiptek
[   26.344525][    T1] usbcore: registered new interface driver hanwang
[   26.345446][    T1] usbcore: registered new interface driver kbtab
[   26.346337][    T1] usbcore: registered new interface driver pegasus_notetaker
[   26.347409][    T1] usbcore: registered new interface driver usbtouchscreen
[   26.348421][    T1] usbcore: registered new interface driver sur40
[   26.349314][    T1] usbcore: registered new interface driver ati_remote2
[   26.351297][   T34] input: AT Translated Set 2 keyboard as /devices/platform/i8042/serio0/input/input1
[   26.351663][    T1] cm109: Keymap for Komunikate KIP1000 phone loaded
[   26.353697][    T1] usbcore: registered new interface driver cm109
[   26.354506][    T1] cm109: CM109 phone driver: 20080805 (C) Alfred E. Heggestad
[   26.355718][    T1] usbcore: registered new interface driver ims_pcu
[   26.357028][    T1] usbcore: registered new interface driver keyspan_remote
[   26.360284][    T1] usbcore: registered new interface driver powermate
[   26.361878][    T1] usbcore: registered new interface driver yealink
[   26.363930][    T1] rtc_cmos 00:05: RTC can wake from S4
[   26.369212][    T1] rtc_cmos 00:05: registered as rtc0
[   26.371005][    T1] rtc_cmos 00:05: alarms up to one day, y3k, 242 bytes nvram, hpet irqs
[   26.372707][    T1] i2c_dev: i2c /dev entries driver
[   26.373920][    T1] usbcore: registered new interface driver i2c-diolan-u2c
[   26.375199][    T1] usbcore: registered new interface driver RobotFuzz Open Source InterFace, OSIF
[   26.376827][    T1] usbcore: registered new interface driver i2c-tiny-usb
[   26.380038][    T1] usbcore: registered new interface driver igorplugusb
[   26.381202][    T1] usbcore: registered new interface driver iguanair
[   26.382288][    T1] usbcore: registered new interface driver imon
[   26.383788][    T1] usbcore: registered new interface driver mceusb
[   26.384832][    T1] usbcore: registered new interface driver redrat3
[   26.385920][    T1] usbcore: registered new interface driver streamzap
[   26.387000][    T1] usbcore: registered new interface driver ttusbir
[   26.388078][    T1] usbcore: registered new interface driver ati_remote
[   26.389355][    T1] b2c2-flexcop: B2C2 FlexcopII/II(b)/III digital TV receiver chip loaded successfully
[   26.392864][    T1] usbcore: registered new interface driver b2c2_flexcop_usb
[   26.393988][    T1] usbcore: registered new interface driver dvb_usb_vp7045
[   26.395110][    T1] usbcore: registered new interface driver dvb_usb_vp702x
[   26.396231][    T1] usbcore: registered new interface driver dvb_usb_gp8psk
[   26.397404][    T1] usbcore: registered new interface driver dvb_usb_dtt200u
[   26.398535][    T1] usbcore: registered new interface driver dvb_usb_a800
[   26.399710][    T1] usbcore: registered new interface driver dvb_usb_dibusb_mb
[   26.401151][    T1] usbcore: registered new interface driver dvb_usb_dibusb_mc
[   26.402324][    T1] usbcore: registered new interface driver dvb_usb_nova_t_usb2
[   26.403504][    T1] usbcore: registered new interface driver dvb_usb_umt_010
[   26.404666][    T1] usbcore: registered new interface driver dvb_usb_m920x
[   26.405780][    T1] usbcore: registered new interface driver dvb_usb_digitv
[   26.406927][    T1] usbcore: registered new interface driver dvb_usb_cxusb
[   26.408058][    T1] usbcore: registered new interface driver dvb_usb_ttusb2
[   26.409256][    T1] usbcore: registered new interface driver dvb_usb_dib0700
[   26.410509][    T1] usbcore: registered new interface driver opera1
[   26.411561][    T1] usbcore: registered new interface driver dvb_usb_af9005
[   26.412699][    T1] usbcore: registered new interface driver pctv452e
[   26.413775][    T1] usbcore: registered new interface driver dw2102
[   26.414796][    T1] usbcore: registered new interface driver dvb_usb_dtv5100
[   26.415922][    T1] usbcore: registered new interface driver cinergyT2
[   26.417021][    T1] usbcore: registered new interface driver dvb_usb_az6027
[   26.418169][    T1] usbcore: registered new interface driver dvb_usb_technisat_usb2
[   26.419411][    T1] usbcore: registered new interface driver dvb_usb_af9015
[   26.420884][    T1] usbcore: registered new interface driver dvb_usb_af9035
[   26.422028][    T1] usbcore: registered new interface driver dvb_usb_anysee
[   26.423159][    T1] usbcore: registered new interface driver dvb_usb_au6610
[   26.425907][    T1] usbcore: registered new interface driver dvb_usb_az6007
[   26.427051][    T1] usbcore: registered new interface driver dvb_usb_ce6230
[   26.428195][    T1] usbcore: registered new interface driver dvb_usb_ec168
[   26.429296][    T1] usbcore: registered new interface driver dvb_usb_lmedm04
[   26.430498][    T1] usbcore: registered new interface driver dvb_usb_gl861
[   26.431634][    T1] usbcore: registered new interface driver dvb_usb_mxl111sf
[   26.432826][    T1] usbcore: registered new interface driver dvb_usb_rtl28xxu
[   26.433971][    T1] usbcore: registered new interface driver dvb_usb_dvbsky
[   26.435090][    T1] usbcore: registered new interface driver zd1301
[   26.436128][    T1] usbcore: registered new interface driver s2255
[   26.437193][    T1] usbcore: registered new interface driver smsusb
[   26.438220][    T1] usbcore: registered new interface driver ttusb
[   26.439263][    T1] usbcore: registered new interface driver ttusb-dec
[   26.440399][    T1] usbcore: registered new interface driver Abilis Systems as10x usb driver
[   26.441955][    T1] usbcore: registered new interface driver airspy
[   26.442817][    T1] gspca_main: v2.14.0 registered
[   26.443660][    T1] usbcore: registered new interface driver benq
[   26.444683][    T1] usbcore: registered new interface driver conex
[   26.445709][    T1] usbcore: registered new interface driver cpia1
[   26.446722][    T1] usbcore: registered new interface driver dtcs033
[   26.447797][    T1] usbcore: registered new interface driver etoms
[   26.448877][    T1] usbcore: registered new interface driver finepix
[   26.450174][    T1] usbcore: registered new interface driver jeilinj
[   26.451217][    T1] usbcore: registered new interface driver jl2005bcd
[   26.452196][    T1] usbcore: registered new interface driver kinect
[   26.453119][    T1] usbcore: registered new interface driver konica
[   26.454048][    T1] usbcore: registered new interface driver mars
[   26.454982][    T1] usbcore: registered new interface driver mr97310a
[   26.455959][    T1] usbcore: registered new interface driver nw80x
[   26.456901][    T1] usbcore: registered new interface driver ov519
[   26.457845][    T1] usbcore: registered new interface driver ov534
[   26.458782][    T1] usbcore: registered new interface driver ov534_9
[   26.459795][    T1] usbcore: registered new interface driver pac207
[   26.460758][    T1] usbcore: registered new interface driver gspca_pac7302
[   26.461774][    T1] usbcore: registered new interface driver pac7311
[   26.462865][    T1] usbcore: registered new interface driver se401
[   26.463798][    T1] usbcore: registered new interface driver sn9c2028
[   26.464781][    T1] usbcore: registered new interface driver gspca_sn9c20x
[   26.465805][    T1] usbcore: registered new interface driver sonixb
[   26.466771][    T1] usbcore: registered new interface driver sonixj
[   26.467734][    T1] usbcore: registered new interface driver spca500
[   26.468677][    T1] usbcore: registered new interface driver spca501
[   26.469622][    T1] usbcore: registered new interface driver spca505
[   26.470621][    T1] usbcore: registered new interface driver spca506
[   26.471580][    T1] usbcore: registered new interface driver spca508
[   26.472594][    T1] usbcore: registered new interface driver spca561
[   26.473960][    T1] usbcore: registered new interface driver spca1528
[   26.474935][    T1] usbcore: registered new interface driver sq905
[   26.475876][    T1] usbcore: registered new interface driver sq905c
[   26.476813][    T1] usbcore: registered new interface driver sq930x
[   26.477799][    T1] usbcore: registered new interface driver sunplus
[   26.478741][    T1] usbcore: registered new interface driver stk014
[   26.479738][    T1] usbcore: registered new interface driver stk1135
[   26.480692][    T1] usbcore: registered new interface driver stv0680
[   26.481652][    T1] usbcore: registered new interface driver t613
[   26.482599][    T1] usbcore: registered new interface driver gspca_topro
[   26.483595][    T1] usbcore: registered new interface driver touptek
[   26.484543][    T1] usbcore: registered new interface driver tv8532
[   26.485481][    T1] usbcore: registered new interface driver vc032x
[   26.486402][    T1] usbcore: registered new interface driver vicam
[   26.487320][    T1] usbcore: registered new interface driver xirlink-cit
[   26.488348][    T1] usbcore: registered new interface driver gspca_zc3xx
[   26.489324][    T1] usbcore: registered new interface driver ALi m5602
[   26.490345][    T1] usbcore: registered new interface driver STV06xx
[   26.491288][    T1] usbcore: registered new interface driver gspca_gl860
[   26.492274][    T1] usbcore: registered new interface driver hackrf
[   26.493198][    T1] usbcore: registered new interface driver msi2500
[   26.494227][    T1] usbcore: registered new interface driver Philips webcam
[   26.495395][    T1] usbcore: registered new interface driver uvcvideo
[   26.496269][    T1] au0828: au0828 driver loaded
[   26.497013][    T1] usbcore: registered new interface driver au0828
[   26.497983][    T1] usbcore: registered new interface driver cx231xx
[   26.499074][    T1] usbcore: registered new interface driver em28xx
[   26.499989][    T1] em28xx: Registered (Em28xx v4l2 Extension) extension
[   26.500882][    T1] em28xx: Registered (Em28xx Audio Extension) extension
[   26.501785][    T1] em28xx: Registered (Em28xx dvb Extension) extension
[   26.502718][    T1] em28xx: Registered (Em28xx Input Extension) extension
[   26.503786][    T1] usbcore: registered new interface driver go7007
[   26.504747][    T1] usbcore: registered new interface driver go7007-loader
[   26.505820][    T1] usbcore: registered new interface driver hdpvr
[   26.507218][    T1] usbcore: registered new interface driver pvrusb2
[   26.508121][    T1] pvrusb2: V4L in-tree version:Hauppauge WinTV-PVR-USB2 MPEG2 Encoder/Tuner
[   26.509237][    T1] pvrusb2: Debug mask is 31 (0x1f)
[   26.511290][    T1] usbcore: registered new interface driver stk1160
[   26.512255][    T1] usbcore: registered new interface driver usbtv
[   26.514673][    T1] dvbdev: DVB: registering new adapter (dvb_vidtv_bridge)
[   26.517733][    T1] i2c i2c-0: DVB: registering adapter 0 frontend 0 (Dummy demod for DVB-T/T2/C/S/S2)...
[   26.519267][    T1] dvbdev: dvb_create_media_entity: media entity 'Dummy demod for DVB-T/T2/C/S/S2' registered.
[   26.525434][    T1] dvbdev: dvb_create_media_entity: media entity 'dvb-demux' registered.
[   26.529508][    T1] vidtv vidtv.0: Successfully initialized vidtv!
[   26.531815][    T1] vicodec vicodec.0: Device 'stateful-encoder' registered as /dev/video0
[   26.533278][    T1] vicodec vicodec.0: Device 'stateful-decoder' registered as /dev/video1
[   26.534685][    T1] vicodec vicodec.0: Device 'stateless-decoder' registered as /dev/video2
[   26.536536][    T1] vim2m vim2m.0: Device registered as /dev/video0
[   26.548961][    T1] vivid-000: using single planar format API
[   26.559248][    T1] vivid-000: CEC adapter cec0 registered for HDMI input 0
[   26.560950][    T1] vivid-000: V4L2 capture device registered as video7
[   26.562419][    T1] vivid-000: CEC adapter cec1 registered for HDMI output 0
[   26.563967][    T1] vivid-000: V4L2 output device registered as video8
[   26.565345][    T1] vivid-000: V4L2 capture device registered as vbi0, supports raw and sliced VBI
[   26.567112][    T1] vivid-000: V4L2 output device registered as vbi1, supports raw and sliced VBI
[   26.568875][    T1] vivid-000: V4L2 capture device registered as swradio0
[   26.570366][    T1] vivid-000: V4L2 receiver device registered as radio0
[   26.571780][    T1] vivid-000: V4L2 transmitter device registered as radio1
[   26.573216][    T1] vivid-000: V4L2 metadata capture device registered as video9
[   26.574730][    T1] vivid-000: V4L2 metadata output device registered as video10
[   26.576240][    T1] vivid-000: V4L2 touch capture device registered as v4l-touch0
[   26.577978][    T1] usbcore: registered new interface driver radioshark2
[   26.579181][    T1] usbcore: registered new interface driver radioshark
[   26.580685][    T1] usbcore: registered new interface driver radio-si470x
[   26.582092][    T1] usbcore: registered new interface driver radio-usb-si4713
[   26.583579][    T1] usbcore: registered new interface driver dsbr100
[   26.584903][    T1] usbcore: registered new interface driver radio-keene
[   26.586102][    T1] usbcore: registered new interface driver radio-ma901
[   26.587309][    T1] usbcore: registered new interface driver radio-mr800
[   26.588517][    T1] usbcore: registered new interface driver radio-raremono
[   26.590390][    T1] usbcore: registered new interface driver pcwd_usb
[   26.592603][    T1] device-mapper: core: CONFIG_IMA_DISABLE_HTABLE is disabled. Duplicate IMA measurements will not be recorded in the IMA log.
[   26.594661][    T1] device-mapper: uevent: version 1.0.3
[   26.596347][    T1] device-mapper: ioctl: 4.48.0-ioctl (2023-03-01) initialised: dm-devel@redhat.com
[   26.598513][    T1] device-mapper: multipath round-robin: version 1.2.0 loaded
[   26.599815][    T1] device-mapper: multipath queue-length: version 0.2.0 loaded
[   26.600997][    T1] device-mapper: multipath service-time: version 0.3.0 loaded
[   26.602767][    T1] Bluetooth: HCI UART driver ver 2.3
[   26.603465][    T1] Bluetooth: HCI UART protocol H4 registered
[   26.604249][    T1] Bluetooth: HCI UART protocol BCSP registered
[   26.605142][    T1] Bluetooth: HCI UART protocol LL registered
[   26.606018][    T1] Bluetooth: HCI UART protocol Three-wire (H5) registered
[   26.607021][    T1] Bluetooth: HCI UART protocol QCA registered
[   26.607832][    T1] Bluetooth: HCI UART protocol AG6XX registered
[   26.608699][    T1] Bluetooth: HCI UART protocol Marvell registered
[   26.609762][    T1] usbcore: registered new interface driver bcm203x
[   26.610742][    T1] usbcore: registered new interface driver bpa10x
[   26.611702][    T1] usbcore: registered new interface driver bfusb
[   26.612685][    T1] usbcore: registered new interface driver btusb
[   26.613690][    T1] usbcore: registered new interface driver ath3k
[   26.615036][    T1] CAPI 2.0 started up with major 68 (middleware)
[   26.615895][    T1] Modular ISDN core version 1.1.29
[   26.616898][    T1] NET: Registered PF_ISDN protocol family
[   26.617657][    T1] DSP module 2.0
[   26.618129][    T1] mISDN_dsp: DSP clocks every 80 samples. This equals 1 jiffies.
[   26.627387][    T1] mISDN: Layer-1-over-IP driver Rev. 2.00
[   26.628690][    T1] 0 virtual devices registered
[   26.629479][    T1] usbcore: registered new interface driver HFC-S_USB
[   26.630405][    T1] VUB300 Driver rom wait states = 1C irqpoll timeout = 0400
[   26.631074][    T1] usbcore: registered new interface driver vub300
[   26.632989][    T1] usbcore: registered new interface driver ushc
[   26.638062][    T1] iscsi: registered transport (iser)
[   26.639576][    T1] SoftiWARP attached
[   26.645862][    T1] hid: raw HID events driver (C) Jiri Kosina
[   26.658121][    T1] usbcore: registered new interface driver usbhid
[   26.659008][    T1] usbhid: USB HID core driver
[   26.665806][    T1] usbcore: registered new interface driver es2_ap_driver
[   26.666759][    T1] comedi: version 0.7.76 - http://www.comedi.org
[   26.667828][    T1] usbcore: registered new interface driver dt9812
[   26.668842][    T1] usbcore: registered new interface driver ni6501
[   26.677796][    T1] usbcore: registered new interface driver usbdux
[   26.678874][    T1] usbcore: registered new interface driver usbduxfast
[   26.681702][    T1] usbcore: registered new interface driver usbduxsigma
[   26.682762][    T1] usbcore: registered new interface driver vmk80xx
[   26.683773][    T1] usbcore: registered new interface driver prism2_usb
[   26.684842][    T1] usbcore: registered new interface driver r8712u
[   26.685763][    T1] greybus: registered new driver hid
[   26.686593][    T1] greybus: registered new driver gbphy
[   26.687411][    T1] gb_gbphy: registered new driver usb
[   26.688130][    T1] asus_wmi: ASUS WMI generic driver loaded
[   26.730316][    T1] usbcore: registered new interface driver snd-usb-audio
[   26.731386][    T1] usbcore: registered new interface driver snd-ua101
[   26.732380][    T1] usbcore: registered new interface driver snd-usb-usx2y
[   26.733415][    T1] usbcore: registered new interface driver snd-usb-us122l
[   26.734449][    T1] usbcore: registered new interface driver snd-usb-caiaq
[   26.735451][    T1] usbcore: registered new interface driver snd-usb-6fire
[   26.736484][    T1] usbcore: registered new interface driver snd-usb-hiface
[   26.737495][    T1] usbcore: registered new interface driver snd-bcd2000
[   26.738487][    T1] usbcore: registered new interface driver snd_usb_pod
[   26.739475][    T1] usbcore: registered new interface driver snd_usb_podhd
[   26.741461][    T1] usbcore: registered new interface driver snd_usb_toneport
[   26.742506][    T1] usbcore: registered new interface driver snd_usb_variax
[   26.743554][    T1] drop_monitor: Initializing network drop monitor service
[   26.744687][    T1] NET: Registered PF_LLC protocol family
[   26.745540][    T1] GACT probability on
[   26.746063][    T1] Mirror/redirect action on
[   26.746767][    T1] Simple TC action Loaded
[   26.748507][    T1] netem: version 1.3
[   26.749098][    T1] u32 classifier
[   26.749549][    T1]     Performance counters on
[   26.751598][    T1]     input device check on
[   26.752180][    T1]     Actions configured
[   26.755152][    T1] xt_time: kernel timezone is -0000
[   26.755903][    T1] IPVS: Registered protocols (TCP, UDP, SCTP, AH, ESP)
[   26.756826][    T1] IPVS: Connection hash table configured (size=4096, memory=32Kbytes)
[   26.758227][    T1] IPVS: ipvs loaded.
[   26.758739][    T1] IPVS: [rr] scheduler registered.
[   26.759384][    T1] IPVS: [wrr] scheduler registered.
[   26.760195][    T1] IPVS: [lc] scheduler registered.
[   26.760837][    T1] IPVS: [wlc] scheduler registered.
[   26.761483][    T1] IPVS: [fo] scheduler registered.
[   26.762118][    T1] IPVS: [ovf] scheduler registered.
[   26.762819][    T1] IPVS: [lblc] scheduler registered.
[   26.763487][    T1] IPVS: [lblcr] scheduler registered.
[   26.764162][    T1] IPVS: [dh] scheduler registered.
[   26.764804][    T1] IPVS: [sh] scheduler registered.
[   26.765441][    T1] IPVS: [mh] scheduler registered.
[   26.766086][    T1] IPVS: [sed] scheduler registered.
[   26.766734][    T1] IPVS: [nq] scheduler registered.
[   26.767371][    T1] IPVS: [twos] scheduler registered.
[   26.768197][    T1] IPVS: [sip] pe registered.
[   26.768866][    T1] ipip: IPv4 and MPLS over IPv4 tunneling driver
[   26.770864][    T1] gre: GRE over IPv4 demultiplexor driver
[   26.771595][    T1] ip_gre: GRE over IPv4 tunneling driver
[   26.775301][    T1] IPv4 over IPsec tunneling driver
[   26.777338][    T1] Initializing XFRM netlink socket
[   26.778074][    T1] IPsec XFRM device driver
[   26.778832][    T1] NET: Registered PF_INET6 protocol family
[   26.785629][    T1] Segment Routing with IPv6
[   26.786233][    T1] RPL Segment Routing with IPv6
[   26.786906][    T1] In-situ OAM (IOAM) with IPv6
[   26.787650][    T1] mip6: Mobile IPv6
[   26.789523][    T1] sit: IPv6, IPv4 and MPLS over IPv4 tunneling driver
[   26.792550][    T1] ip6_gre: GRE over IPv6 tunneling driver
[   26.794361][    T1] NET: Registered PF_PACKET protocol family
[   26.795138][    T1] NET: Registered PF_KEY protocol family
[   26.796096][    T1] Bridge firewalling registered
[   26.797072][    T1] NET: Registered PF_X25 protocol family
[   26.797846][    T1] X25: Linux Version 0.2
[   26.802373][    T1] NET: Registered PF_NETROM protocol family
[   26.811311][    T1] NET: Registered PF_ROSE protocol family
[   26.812184][    T1] NET: Registered PF_AX25 protocol family
[   26.812929][    T1] can: controller area network core
[   26.813684][    T1] NET: Registered PF_CAN protocol family
[   26.814397][    T1] can: raw protocol
[   26.814906][    T1] can: broadcast manager protocol
[   26.815549][    T1] can: netlink gateway - max_hops=1
[   26.816265][    T1] can: SAE J1939
[   26.816722][    T1] can: isotp protocol (max_pdu_size 8300)
[   26.817650][    T1] Bluetooth: RFCOMM TTY layer initialized
[   26.818393][    T1] Bluetooth: RFCOMM socket layer initialized
[   26.819194][    T1] Bluetooth: RFCOMM ver 1.11
[   26.819892][    T1] Bluetooth: BNEP (Ethernet Emulation) ver 1.3
[   26.820684][    T1] Bluetooth: BNEP filters: protocol multicast
[   26.821468][    T1] Bluetooth: BNEP socket layer initialized
[   26.822207][    T1] Bluetooth: CMTP (CAPI Emulation) ver 1.0
[   26.822968][    T1] Bluetooth: CMTP socket layer initialized
[   26.823709][    T1] Bluetooth: HIDP (Human Interface Emulation) ver 1.2
[   26.824563][    T1] Bluetooth: HIDP socket layer initialized
[   26.827110][    T1] NET: Registered PF_RXRPC protocol family
[   26.827862][    T1] Key type rxrpc registered
[   26.828425][    T1] Key type rxrpc_s registered
