bash: warning: setlocale: LC_ALL: cannot change locale (en_US.UTF-8)
c[?7l[2J[0mSeaBIOS (version 1.16.2-debian-1.16.2-1)
Booting from ROM..c[?7l[2J[0m.early console in extract_kernel
input_data: 0x000000000cd4b2bf
input_len: 0x00000000048b589a
output: 0x0000000001000000
output_len: 0x000000000e88ba90
kernel_total_size: 0x0000000010626000
needed_size: 0x0000000010800000
trampoline_32bit: 0x000000000009d000

Decompressing Linux... Parsing ELF... done.
Booting the kernel.
[    0.000000][    T0] Linux version 6.1.0-rc4-gfef7fd48922d-dirty (root@buildkitsandbox) (gcc (Debian 12.2.0-14+deb12u1) 12.2.0, GNU ld (GNU Binutils for Debian) 2.40) #1 SMP PREEMPT_DYNAMIC Mon May 25 15:53:36 UTC 2026
[    0.000000][    T0] Command line: console=ttyS0 oops=panic panic=86400 nokaslr earlyprintk=serial rdinit=/init
[    0.000000][    T0] KERNEL supported cpus:
[    0.000000][    T0]   Intel GenuineIntel
[    0.000000][    T0]   AMD AuthenticAMD
[    0.000000][    T0] x86/fpu: Supporting XSAVE feature 0x001: 'x87 floating point registers'
[    0.000000][    T0] x86/fpu: Supporting XSAVE feature 0x002: 'SSE registers'
[    0.000000][    T0] x86/fpu: Supporting XSAVE feature 0x004: 'AVX registers'
[    0.000000][    T0] x86/fpu: xstate_offset[2]:  576, xstate_sizes[2]:  256
[    0.000000][    T0] x86/fpu: Enabled xstate features 0x7, context size is 832 bytes, using 'compacted' format.
[    0.000000][    T0] signal: max sigframe size: 1776
[    0.000000][    T0] BIOS-provided physical RAM map:
[    0.000000][    T0] BIOS-e820: [mem 0x0000000000000000-0x000000000009fbff] usable
[    0.000000][    T0] BIOS-e820: [mem 0x000000000009fc00-0x000000000009ffff] reserved
[    0.000000][    T0] BIOS-e820: [mem 0x00000000000f0000-0x00000000000fffff] reserved
[    0.000000][    T0] BIOS-e820: [mem 0x0000000000100000-0x000000007ffdffff] usable
[    0.000000][    T0] BIOS-e820: [mem 0x000000007ffe0000-0x000000007fffffff] reserved
[    0.000000][    T0] BIOS-e820: [mem 0x00000000feffc000-0x00000000feffffff] reserved
[    0.000000][    T0] BIOS-e820: [mem 0x00000000fffc0000-0x00000000ffffffff] reserved
[    0.000000][    T0] BIOS-e820: [mem 0x000000fd00000000-0x000000ffffffffff] reserved
[    0.000000][    T0] printk: bootconsole [earlyser0] enabled
[    0.000000][    T0] NX (Execute Disable) protection: active
[    0.000000][    T0] SMBIOS 2.8 present.
[    0.000000][    T0] DMI: QEMU Standard PC (i440FX + PIIX, 1996), BIOS 1.16.2-debian-1.16.2-1 04/01/2014
[    0.000000][    T0] Hypervisor detected: KVM
[    0.000000][    T0] kvm-clock: Using msrs 4b564d01 and 4b564d00
[    0.000003][    T0] kvm-clock: using sched offset of 969019346 cycles
[    0.000940][    T0] clocksource: kvm-clock: mask: 0xffffffffffffffff max_cycles: 0x1cd42e4dffb, max_idle_ns: 881590591483 ns
[    0.003715][    T0] tsc: Detected 3493.436 MHz processor
[    0.009103][    T0] last_pfn = 0x7ffe0 max_arch_pfn = 0x400000000
[    0.010139][    T0] x86/PAT: Configuration [0-7]: WB  WC  UC- UC  WB  WP  UC- WT  
[    0.014582][    T0] found SMP MP-table at [mem 0x000f5ba0-0x000f5baf]
[    0.015626][    T0] Using GB pages for direct mapping
[    0.017471][    T0] RAMDISK: [mem 0x7fe90000-0x7ffdffff]
[    0.018329][    T0] ACPI: Early table checksum verification disabled
[    0.019330][    T0] ACPI: RSDP 0x00000000000F59D0 000014 (v00 BOCHS )
[    0.020366][    T0] ACPI: RSDT 0x000000007FFE1B33 000034 (v01 BOCHS  BXPC     00000001 BXPC 00000001)
[    0.021828][    T0] ACPI: FACP 0x000000007FFE19DF 000074 (v01 BOCHS  BXPC     00000001 BXPC 00000001)
[    0.023293][    T0] ACPI: DSDT 0x000000007FFE0040 00199F (v01 BOCHS  BXPC     00000001 BXPC 00000001)
[    0.024755][    T0] ACPI: FACS 0x000000007FFE0000 000040
[    0.025609][    T0] ACPI: APIC 0x000000007FFE1A53 000080 (v01 BOCHS  BXPC     00000001 BXPC 00000001)
[    0.027111][    T0] ACPI: HPET 0x000000007FFE1AD3 000038 (v01 BOCHS  BXPC     00000001 BXPC 00000001)
[    0.028574][    T0] ACPI: WAET 0x000000007FFE1B0B 000028 (v01 BOCHS  BXPC     00000001 BXPC 00000001)
[    0.030045][    T0] ACPI: Reserving FACP table memory at [mem 0x7ffe19df-0x7ffe1a52]
[    0.031273][    T0] ACPI: Reserving DSDT table memory at [mem 0x7ffe0040-0x7ffe19de]
[    0.032515][    T0] ACPI: Reserving FACS table memory at [mem 0x7ffe0000-0x7ffe003f]
[    0.033748][    T0] ACPI: Reserving APIC table memory at [mem 0x7ffe1a53-0x7ffe1ad2]
[    0.034995][    T0] ACPI: Reserving HPET table memory at [mem 0x7ffe1ad3-0x7ffe1b0a]
[    0.036250][    T0] ACPI: Reserving WAET table memory at [mem 0x7ffe1b0b-0x7ffe1b32]
[    0.038367][    T0] No NUMA configuration found
[    0.039095][    T0] Faking a node at [mem 0x0000000000000000-0x000000007ffdffff]
[    0.040297][    T0] NODE_DATA(0) allocated [mem 0x7fe8a000-0x7fe8ffff]
[    0.045092][    T0] Zone ranges:
[    0.045641][    T0]   DMA      [mem 0x0000000000001000-0x0000000000ffffff]
[    0.046753][    T0]   DMA32    [mem 0x0000000001000000-0x000000007ffdffff]
[    0.047842][    T0]   Normal   empty
[    0.048416][    T0]   Device   empty
[    0.048990][    T0] Movable zone start for each node
[    0.049775][    T0] Early memory node ranges
[    0.050468][    T0]   node   0: [mem 0x0000000000001000-0x000000000009efff]
[    0.051575][    T0]   node   0: [mem 0x0000000000100000-0x000000007ffdffff]
[    0.052682][    T0] Initmem setup node 0 [mem 0x0000000000001000-0x000000007ffdffff]
[    0.053919][    T0] On node 0, zone DMA: 1 pages in unavailable ranges
[    0.054037][    T0] On node 0, zone DMA: 97 pages in unavailable ranges
[    0.068229][    T0] On node 0, zone DMA32: 32 pages in unavailable ranges
[    0.104826][    T0] kasan: KernelAddressSanitizer initialized
[    0.107141][    T0] ACPI: PM-Timer IO Port: 0x608
[    0.107906][    T0] ACPI: LAPIC_NMI (acpi_id[0xff] dfl dfl lint[0x1])
[    0.108970][    T0] IOAPIC[0]: apic_id 0, version 17, address 0xfec00000, GSI 0-23
[    0.110183][    T0] ACPI: INT_SRC_OVR (bus 0 bus_irq 0 global_irq 2 dfl dfl)
[    0.111299][    T0] ACPI: INT_SRC_OVR (bus 0 bus_irq 5 global_irq 5 high level)
[    0.112457][    T0] ACPI: INT_SRC_OVR (bus 0 bus_irq 9 global_irq 9 high level)
[    0.113626][    T0] ACPI: INT_SRC_OVR (bus 0 bus_irq 10 global_irq 10 high level)
[    0.114822][    T0] ACPI: INT_SRC_OVR (bus 0 bus_irq 11 global_irq 11 high level)
[    0.116028][    T0] ACPI: Using ACPI (MADT) for SMP configuration information
[    0.117163][    T0] ACPI: HPET id: 0x8086a201 base: 0xfed00000
[    0.118106][    T0] TSC deadline timer available
[    0.118847][    T0] smpboot: Allowing 2 CPUs, 0 hotplug CPUs
[    0.119789][    T0] kvm-guest: KVM setup pv remote TLB flush
[    0.120691][    T0] kvm-guest: setup PV sched yield
[    0.121509][    T0] PM: hibernation: Registered nosave memory: [mem 0x00000000-0x00000fff]
[    0.122840][    T0] PM: hibernation: Registered nosave memory: [mem 0x0009f000-0x0009ffff]
[    0.124158][    T0] PM: hibernation: Registered nosave memory: [mem 0x000a0000-0x000effff]
[    0.125485][    T0] PM: hibernation: Registered nosave memory: [mem 0x000f0000-0x000fffff]
[    0.126831][    T0] [mem 0x80000000-0xfeffbfff] available for PCI devices
[    0.127926][    T0] Booting paravirtualized kernel on KVM
[    0.128809][    T0] clocksource: refined-jiffies: mask: 0xffffffff max_cycles: 0xffffffff, max_idle_ns: 19112604462750000 ns
[    0.172126][    T0] setup_percpu: NR_CPUS:8 nr_cpumask_bits:2 nr_cpu_ids:2 nr_node_ids:1
[    0.173748][    T0] percpu: Embedded 69 pages/cpu s244296 r8192 d30136 u1048576
[    0.175037][    T0] kvm-guest: PV spinlocks enabled
[    0.175849][    T0] PV qspinlock hash table entries: 256 (order: 0, 4096 bytes, linear)
[    0.177212][    T0] Fallback order for Node 0: 0 
[    0.178016][    T0] Built 1 zonelists, mobility grouping on.  Total pages: 515808
[    0.179278][    T0] Policy zone: DMA32
[    0.179913][    T0] Kernel command line: console=ttyS0 oops=panic panic=86400 nokaslr earlyprintk=serial rdinit=/init
[    0.182104][    T0] random: crng init done
[    0.182928][    T0] Dentry cache hash table entries: 262144 (order: 9, 2097152 bytes, linear)
[    0.184597][    T0] Inode-cache hash table entries: 131072 (order: 8, 1048576 bytes, linear)
[    0.186302][    T0] mem auto-init: stack:all(zero), heap alloc:on, heap free:off
[    0.188608][    T0] stackdepot hash table entries: 1048576 (order: 11, 8388608 bytes, linear)
[    0.291057][    T0] Memory: 1483320K/2096632K available (143391K kernel code, 34808K rwdata, 29416K rodata, 2724K init, 34260K bss, 613056K reserved, 0K cma-reserved)
[    0.293852][    T0] SLUB: HWalign=64, Order=0-3, MinObjects=0, CPUs=2, Nodes=1
[    0.296325][    T0] Dynamic Preempt: full
[    0.297343][    T0] Running RCU self tests
[    0.298023][    T0] rcu: Preemptible hierarchical RCU implementation.
[    0.299044][    T0] rcu: 	RCU lockdep checking is enabled.
[    0.299914][    T0] rcu: 	RCU restricting CPUs from NR_CPUS=8 to nr_cpu_ids=2.
[    0.301075][    T0] rcu: 	RCU callback double-/use-after-free debug is enabled.
[    0.302266][    T0] rcu: 	RCU debug extended QS entry/exit.
[    0.303178][    T0] 	Trampoline variant of Tasks RCU enabled.
[    0.304123][    T0] 	Tracing variant of Tasks RCU enabled.
[    0.305028][    T0] rcu: RCU calculated value of scheduler-enlistment delay is 10 jiffies.
[    0.306412][    T0] rcu: Adjusting geometry for rcu_fanout_leaf=16, nr_cpu_ids=2
[    0.336086][    T0] NR_IRQS: 4352, nr_irqs: 440, preallocated irqs: 16
[    0.337606][    T0] rcu: srcu_init: Setting srcu_struct sizes based on contention.
[    0.339103][    T0] kfence: initialized - using 2097152 bytes for 255 objects at 0x(____ptrval____)-0x(____ptrval____)
[    0.349357][    T0] Console: colour VGA+ 80x25
[    0.350146][    T0] printk: console [ttyS0] enabled
[    0.350146][    T0] printk: console [ttyS0] enabled
[    0.351782][    T0] printk: bootconsole [earlyser0] disabled
[    0.351782][    T0] printk: bootconsole [earlyser0] disabled
[    0.353668][    T0] Lock dependency validator: Copyright (c) 2006 Red Hat, Inc., Ingo Molnar
[    0.355087][    T0] ... MAX_LOCKDEP_SUBCLASSES:  8
[    0.355902][    T0] ... MAX_LOCK_DEPTH:          48
[    0.356722][    T0] ... MAX_LOCKDEP_KEYS:        8192
[    0.357577][    T0] ... CLASSHASH_SIZE:          4096
[    0.358439][    T0] ... MAX_LOCKDEP_ENTRIES:     131072
[    0.359321][    T0] ... MAX_LOCKDEP_CHAINS:      262144
[    0.360200][    T0] ... CHAINHASH_SIZE:          131072
[    0.361083][    T0]  memory used by lock dependency info: 20657 kB
[    0.362126][    T0]  memory used for stack traces: 8320 kB
[    0.363043][    T0]  per task-struct memory footprint: 1920 bytes
[    0.364147][    T0] ACPI: Core revision 20220331
[    0.365276][    T0] clocksource: hpet: mask: 0xffffffff max_cycles: 0xffffffff, max_idle_ns: 19112604467 ns
[    0.367131][    T0] APIC: Switch to symmetric I/O mode setup
[    0.368096][    T0] kvm-guest: setup PV IPIs
[    0.370332][    T0] ..TIMER: vector=0x30 apic1=0 pin1=2 apic2=-1 pin2=-1
[    0.371462][    T0] tsc: Marking TSC unstable due to TSCs unsynchronized
[    0.372578][    T0] Calibrating delay loop (skipped) preset value.. 6986.87 BogoMIPS (lpj=34934360)
[    0.374062][    T0] pid_max: default: 32768 minimum: 301
[    0.375060][    T0] LSM: Security Framework initializing
[    0.375986][    T0] landlock: Up and running.
[    0.376703][    T0] Yama: becoming mindful.
[    0.382663][    T0] TOMOYO Linux initialized
[    0.383413][    T0] Smack:  Initializing.
[    0.384073][    T0] Smack:  Netfilter enabled.
[    0.384793][    T0] Smack:  IPv6 Netfilter enabled.
[    0.385604][    T0] LSM support for eBPF active
[    0.386499][    T0] Mount-cache hash table entries: 4096 (order: 3, 32768 bytes, linear)
[    0.387823][    T0] Mountpoint-cache hash table entries: 4096 (order: 3, 32768 bytes, linear)
[    0.390840][    T0] x86/cpu: User Mode Instruction Prevention (UMIP) activated
[    0.392136][    T0] Last level iTLB entries: 4KB 512, 2MB 255, 4MB 127
[    0.392566][    T0] Last level dTLB entries: 4KB 512, 2MB 255, 4MB 127, 1GB 0
[    0.393736][    T0] Spectre V1 : Mitigation: usercopy/swapgs barriers and __user pointer sanitization
[    0.395251][    T0] Spectre V2 : Kernel not compiled with retpoline; no mitigation available!
[    0.395257][    T0] Spectre V2 : Vulnerable
[    0.397309][    T0] Spectre V2 : Spectre v2 / SpectreRSB mitigation: Filling RSB on context switch
[    0.398762][    T0] Spectre V2 : Enabling Speculation Barrier for firmware calls
[    0.399961][    T0] RETBleed: Mitigation: IBPB
[    0.400700][    T0] Spectre V2 : mitigation: Enabling conditional Indirect Branch Prediction Barrier
[    0.402567][    T0] Speculative Store Bypass: Mitigation: Speculative Store Bypass disabled via prctl
[    0.405688][    T0] Freeing SMP alternatives memory: 108K
[    0.407038][    T1] smpboot: CPU0: AMD Ryzen Threadripper PRO 3975WX 32-Cores (family: 0x17, model: 0x31, stepping: 0x0)
[    0.410087][    T1] cblist_init_generic: Setting adjustable number of callback queues.
[    0.411433][    T1] cblist_init_generic: Setting shift to 1 and lim to 1.
[    0.412557][    T1] cblist_init_generic: Setting shift to 1 and lim to 1.
[    0.412557][    T1] Running RCU-tasks wait API self tests
[    0.512910][    T1] Performance Events: Fam17h+ core perfctr, AMD PMU driver.
[    0.514419][    T1] ... version:                0
[    0.515186][    T1] ... bit width:              48
[    0.515964][    T1] ... generic registers:      6
[    0.516722][    T1] ... value mask:             0000ffffffffffff
[    0.517712][    T1] ... max period:             00007fffffffffff
[    0.518696][    T1] ... fixed-purpose events:   0
[    0.519460][    T1] ... event mask:             000000000000003f
[    0.521116][    T1] rcu: Hierarchical SRCU implementation.
[    0.522019][    T1] rcu: 	Max phase no-delay instances is 1000.
[    0.525729][    T1] smp: Bringing up secondary CPUs ...
[    0.527671][    T1] x86: Booting SMP configuration:
[    0.528494][    T1] .... node  #0, CPUs:      #1
[    0.530397][    T1] smp: Brought up 1 node, 2 CPUs
[    0.530397][    T1] smpboot: Max logical packages: 1
[    0.532659][    T1] smpboot: Total of 2 processors activated (13973.74 BogoMIPS)
[    0.534999][    T1] devtmpfs: initialized
[    0.534999][    T1] x86/mm: Memory block size: 128MB
[    0.552653][   T13] Callback from call_rcu_tasks_trace() invoked.
[    0.554919][    T1] clocksource: jiffies: mask: 0xffffffff max_cycles: 0xffffffff, max_idle_ns: 19112604462750000 ns
[    0.554921][    T1] futex hash table entries: 512 (order: 4, 65536 bytes, linear)
[    0.557645][    T1] PM: RTC time: 15:54:55, date: 2026-05-25
[    0.563790][    T1] NET: Registered PF_NETLINK/PF_ROUTE protocol family
[    0.565845][    T1] audit: initializing netlink subsys (disabled)
[    0.566800][   T26] audit: type=2000 audit(1779724495.964:1): state=initialized audit_enabled=0 res=1
[    0.566800][    T1] thermal_sys: Registered thermal governor 'step_wise'
[    0.566800][    T1] thermal_sys: Registered thermal governor 'user_space'
[    0.566800][    T1] cpuidle: using governor menu
[    0.567554][    T1] NET: Registered PF_QIPCRTR protocol family
[    0.573648][    T1] PCI: Using configuration type 1 for base access
[    0.574427][    T1] PCI: Using configuration type 1 for extended access
[    0.695731][    T1] HugeTLB: registered 1.00 GiB page size, pre-allocated 0 pages
[    0.696367][    T1] HugeTLB: 16380 KiB vmemmap can be freed for a 1.00 GiB page
[    0.696367][    T1] HugeTLB: registered 2.00 MiB page size, pre-allocated 0 pages
[    0.696367][    T1] HugeTLB: 28 KiB vmemmap can be freed for a 2.00 MiB page
[    0.722689][    T1] cryptd: max_cpu_qlen set to 1000
[    0.734363][   T12] Callback from call_rcu_tasks() invoked.
[    0.736748][    T1] raid6: skipped pq benchmark and selected avx2x4
[    0.736748][    T1] raid6: using avx2x2 recovery algorithm
[    0.742580][    T1] ACPI: Added _OSI(Module Device)
[    0.742580][    T1] ACPI: Added _OSI(Processor Device)
[    0.742580][    T1] ACPI: Added _OSI(3.0 _SCP Extensions)
[    0.742580][    T1] ACPI: Added _OSI(Processor Aggregator Device)
[    0.776055][    T1] ACPI: 1 ACPI AML tables successfully acquired and loaded
[    0.795428][    T1] ACPI: Interpreter enabled
[    0.796197][    T1] ACPI: PM: (supports S0 S3 S4 S5)
[    0.796832][    T1] ACPI: Using IOAPIC for interrupt routing
[    0.797657][    T1] PCI: Using host bridge windows from ACPI; if necessary, use "pci=nocrs" and report a bug
[    0.798879][    T1] PCI: Using E820 reservations for host bridge windows
[    0.803459][    T1] ACPI: Enabled 2 GPEs in block 00 to 0F
[    0.848490][    T1] ACPI: PCI Root Bridge [PCI0] (domain 0000 [bus 00-ff])
[    0.849617][    T1] acpi PNP0A03:00: _OSC: OS supports [ExtendedConfig ASPM ClockPM Segments MSI HPX-Type3]
[    0.852756][    T1] PCI host bridge to bus 0000:00
[    0.853501][    T1] pci_bus 0000:00: root bus resource [io  0x0000-0x0cf7 window]
[    0.854631][    T1] pci_bus 0000:00: root bus resource [io  0x0d00-0xffff window]
[    0.855765][    T1] pci_bus 0000:00: root bus resource [mem 0x000a0000-0x000bffff window]
[    0.857005][    T1] pci_bus 0000:00: root bus resource [mem 0x80000000-0xfebfffff window]
[    0.858230][    T1] pci_bus 0000:00: root bus resource [mem 0x100000000-0x17fffffff window]
[    0.859480][    T1] pci_bus 0000:00: root bus resource [bus 00-ff]
[    0.860776][    T1] pci 0000:00:00.0: [8086:1237] type 00 class 0x060000
[    0.875943][    T1] pci 0000:00:01.0: [8086:7000] type 00 class 0x060100
[    0.890784][    T1] pci 0000:00:01.1: [8086:7010] type 00 class 0x010180
[    0.893566][    T1] pci 0000:00:01.1: reg 0x20: [io  0xc000-0xc00f]
[    0.895215][    T1] pci 0000:00:01.1: legacy IDE quirk: reg 0x10: [io  0x01f0-0x01f7]
[    0.896396][    T1] pci 0000:00:01.1: legacy IDE quirk: reg 0x14: [io  0x03f6]
[    0.897495][    T1] pci 0000:00:01.1: legacy IDE quirk: reg 0x18: [io  0x0170-0x0177]
[    0.898675][    T1] pci 0000:00:01.1: legacy IDE quirk: reg 0x1c: [io  0x0376]
[    0.900346][    T1] pci 0000:00:01.3: [8086:7113] type 00 class 0x068000
[    0.901802][    T1] pci 0000:00:01.3: quirk: [io  0x0600-0x063f] claimed by PIIX4 ACPI
[    0.902588][    T1] pci 0000:00:01.3: quirk: [io  0x0700-0x070f] claimed by PIIX4 SMB
[    0.904354][    T1] pci 0000:00:02.0: [1234:1111] type 00 class 0x030000
[    0.906627][    T1] pci 0000:00:02.0: reg 0x10: [mem 0xfd000000-0xfdffffff pref]
[    0.909253][    T1] pci 0000:00:02.0: reg 0x18: [mem 0xfebf0000-0xfebf0fff]
[    0.913524][    T1] pci 0000:00:02.0: reg 0x30: [mem 0xfebe0000-0xfebeffff pref]
[    0.914792][    T1] pci 0000:00:02.0: Video device with shadowed ROM at [mem 0x000c0000-0x000dffff]
[    0.933649][    T1] ACPI: PCI: Interrupt link LNKA configured for IRQ 10
[    0.936461][    T1] ACPI: PCI: Interrupt link LNKB configured for IRQ 10
[    0.940582][    T1] ACPI: PCI: Interrupt link LNKC configured for IRQ 11
[    0.942808][    T1] ACPI: PCI: Interrupt link LNKD configured for IRQ 11
[    0.944269][    T1] ACPI: PCI: Interrupt link LNKS configured for IRQ 9
[    0.952640][    T1] iommu: Default domain type: Translated 
[    0.953536][    T1] iommu: DMA domain TLB invalidation policy: lazy mode 
[    0.957309][    T1] SCSI subsystem initialized
[    0.963439][    T1] ACPI: bus type USB registered
[    0.963439][    T1] usbcore: registered new interface driver usbfs
[    0.964025][    T1] usbcore: registered new interface driver hub
[    0.965105][    T1] usbcore: registered new device driver usb
[    0.966944][    T1] mc: Linux media interface: v0.10
[    0.967849][    T1] videodev: Linux video capture interface: v2.00
[    0.969210][    T1] pps_core: LinuxPPS API ver. 1 registered
[    0.970124][    T1] pps_core: Software ver. 5.3.6 - Copyright 2005-2007 Rodolfo Giometti <giometti@linux.it>
[    0.971756][    T1] PTP clock support registered
[    0.982732][    T1] EDAC MC: Ver: 3.0.0
[    0.984025][    T1] Advanced Linux Sound Architecture Driver Initialized.
[    0.987297][    T1] Bluetooth: Core ver 2.22
[    0.988068][    T1] NET: Registered PF_BLUETOOTH protocol family
[    0.988988][    T1] Bluetooth: HCI device and connection manager initialized
[    0.990092][    T1] Bluetooth: HCI socket layer initialized
[    0.990972][    T1] Bluetooth: L2CAP socket layer initialized
[    0.991907][    T1] Bluetooth: SCO socket layer initialized
[    0.992646][    T1] NET: Registered PF_ATMPVC protocol family
[    0.993532][    T1] NET: Registered PF_ATMSVC protocol family
[    0.994598][    T1] NetLabel: Initializing
[    0.995237][    T1] NetLabel:  domain hash size = 128
[    0.996013][    T1] NetLabel:  protocols = UNLABELED CIPSOv4 CALIPSO
[    0.997212][    T1] NetLabel:  unlabeled traffic allowed by default
[    0.999423][    T1] nfc: nfc_init: NFC Core ver 0.1
[    1.000360][    T1] NET: Registered PF_NFC protocol family
[    1.001266][    T1] PCI: Using ACPI for IRQ routing
[    1.002539][    T1] pci 0000:00:02.0: vgaarb: setting as boot VGA device
[    1.002557][    T1] pci 0000:00:02.0: vgaarb: bridge control possible
[    1.002557][    T1] pci 0000:00:02.0: vgaarb: VGA device added: decodes=io+mem,owns=io+mem,locks=none
[    1.002569][    T1] vgaarb: loaded
[    1.003796][    T1] hpet0: at MMIO 0xfed00000, IRQs 2, 8, 0
[    1.004686][    T1] hpet0: 3 comparators, 64-bit 100.000000 MHz counter
[    1.012566][    T1] clocksource: Switched to clocksource kvm-clock
[    1.016922][    T1] VFS: Disk quotas dquot_6.6.0
[    1.018222][    T1] VFS: Dquot-cache hash table entries: 512 (order 0, 4096 bytes)
[    1.019416][    T1] FS-Cache: Loaded
[    1.020431][    T1] CacheFiles: Loaded
[    1.021144][    T1] TOMOYO: 2.6.0
[    1.021592][    T1] Mandatory Access Control activated.
[    1.022436][    T1] pnp: PnP ACPI init
[    1.027332][    T1] pnp: PnP ACPI: found 6 devices
[    1.087356][    T1] clocksource: acpi_pm: mask: 0xffffff max_cycles: 0xffffff, max_idle_ns: 2085701024 ns
[    1.088856][    T1] NET: Registered PF_INET protocol family
[    1.089779][    T1] IP idents hash table entries: 32768 (order: 6, 262144 bytes, linear)
[    1.092705][    T1] tcp_listen_portaddr_hash hash table entries: 1024 (order: 4, 73728 bytes, linear)
[    1.093904][    T1] Table-perturb hash table entries: 65536 (order: 6, 262144 bytes, linear)
[    1.094982][    T1] TCP established hash table entries: 16384 (order: 5, 131072 bytes, linear)
[    1.097041][    T1] TCP bind hash table entries: 16384 (order: 9, 2359296 bytes, linear)
[    1.098947][    T1] TCP: Hash tables configured (established 16384 bind 16384)
[    1.100145][    T1] MPTCP token hash table entries: 2048 (order: 5, 180224 bytes, linear)
[    1.101292][    T1] UDP hash table entries: 1024 (order: 5, 163840 bytes, linear)
[    1.102319][    T1] UDP-Lite hash table entries: 1024 (order: 5, 163840 bytes, linear)
[    1.103744][    T1] NET: Registered PF_UNIX/PF_LOCAL protocol family
[    1.113305][    T1] RPC: Registered named UNIX socket transport module.
[    1.114173][    T1] RPC: Registered udp transport module.
[    1.114858][    T1] RPC: Registered tcp transport module.
[    1.115546][    T1] RPC: Registered tcp NFSv4.1 backchannel transport module.
[    1.122639][    T1] NET: Registered PF_XDP protocol family
[    1.123354][    T1] pci_bus 0000:00: resource 4 [io  0x0000-0x0cf7 window]
[    1.124223][    T1] pci_bus 0000:00: resource 5 [io  0x0d00-0xffff window]
[    1.125087][    T1] pci_bus 0000:00: resource 6 [mem 0x000a0000-0x000bffff window]
[    1.126045][    T1] pci_bus 0000:00: resource 7 [mem 0x80000000-0xfebfffff window]
[    1.126994][    T1] pci_bus 0000:00: resource 8 [mem 0x100000000-0x17fffffff window]
[    1.128370][    T1] pci 0000:00:01.0: PIIX3: Enabling Passive Release
[    1.129186][    T1] pci 0000:00:00.0: Limiting direct PCI/PCI transfers
[    1.130100][    T1] PCI: CLS 0 bytes, default 64
[    1.133262][   T47] Trying to unpack rootfs image as initramfs...
[    1.142658][    T1] ACPI: bus type thunderbolt registered
[    1.143910][    T1] kvm: no hardware support for 'kvm_intel'
[    1.144893][    T1] kvm: Nested Virtualization enabled
[    1.145548][    T1] SVM: kvm: Nested Paging enabled
[    1.183282][   T66] cryptomgr_test (66) used greatest stack depth: 29840 bytes left
[    1.254237][   T47] Freeing initrd memory: 1344K
[    1.255545][   T60] kworker/u4:4 (60) used greatest stack depth: 28224 bytes left
[    1.256953][   T59] kworker/u4:4 (59) used greatest stack depth: 27840 bytes left
[    3.573584][    T1] Initialise system trusted keyrings
[    3.575461][    T1] workingset: timestamp_bits=40 max_order=19 bucket_order=0
[    3.612451][    T1] zbud: loaded
[    3.618126][    T1] DLM installed
[    3.622331][    T1] squashfs: version 4.0 (2009/01/31) Phillip Lougher
[    3.629377][    T1] NFS: Registering the id_resolver key type
[    3.630171][    T1] Key type id_resolver registered
[    3.630814][    T1] Key type id_legacy registered
[    3.631647][    T1] nfs4filelayout_init: NFSv4 File Layout Driver Registering...
[    3.632653][    T1] nfs4flexfilelayout_init: NFSv4 Flexfile Layout Driver Registering...
[    3.638497][    T1] Key type cifs.spnego registered
[    3.639211][    T1] Key type cifs.idmap registered
[    3.640170][    T1] ntfs: driver 2.1.32 [Flags: R/W].
[    3.641692][    T1] ntfs3: Max link count 4000
[    3.642274][    T1] ntfs3: Enabled Linux POSIX ACLs support
[    3.643235][    T1] ntfs3: Read-only LZX/Xpress compression included
[    3.644694][    T1] efs: 1.0a - http://aeschi.ch.eu.org/efs/
[    3.645597][    T1] jffs2: version 2.2. (NAND) (SUMMARY)  © 2001-2006 Red Hat, Inc.
[    3.648834][    T1] romfs: ROMFS MTD (C) 2007 Red Hat, Inc.
[    3.649901][    T1] QNX4 filesystem 0.2.3 registered.
[    3.650725][    T1] qnx6: QNX6 filesystem 1.0.0 registered.
[    3.651990][    T1] fuse: init (API version 7.37)
[    3.654719][    T1] orangefs_debugfs_init: called with debug mask: :none: :0:
[    3.655919][    T1] orangefs_init: module version upstream loaded
[    3.657301][    T1] JFS: nTxBlock = 8192, nTxLock = 65536
[    3.661966][    T1] SGI XFS with ACLs, security attributes, realtime, quota, fatal assert, debug enabled
[    3.670765][    T1] 9p: Installing v9fs 9p2000 file system support
[    3.672470][    T1] NILFS version 2 loaded
[    3.673087][    T1] befs: version: 0.9.3
[    3.674668][    T1] ocfs2: Registered cluster interface o2cb
[    3.675672][    T1] ocfs2: Registered cluster interface user
[    3.676744][    T1] OCFS2 User DLM kernel interface loaded
[    3.684148][    T1] gfs2: GFS2 installed
[    3.691265][    T1] ceph: loaded (mds proto 32)
[    3.703470][    T1] NET: Registered PF_ALG protocol family
[    3.704238][    T1] xor: automatically using best checksumming function   avx       
[    3.705216][    T1] async_tx: api initialized (async)
[    3.705863][    T1] Key type asymmetric registered
[    3.706477][    T1] Asymmetric key parser 'x509' registered
[    3.707194][    T1] Asymmetric key parser 'pkcs8' registered
[    3.707900][    T1] Key type pkcs7_test registered
[    3.710472][    T1] alg: self-tests for CTR-KDF (hmac(sha256)) passed
[    3.711397][    T1] Block layer SCSI generic (bsg) driver version 0.4 loaded (major 240)
[    3.712754][    T1] io scheduler mq-deadline registered
[    3.713437][    T1] io scheduler kyber registered
[    3.714436][    T1] io scheduler bfq registered
[    3.718622][    T1] input: Power Button as /devices/LNXSYSTM:00/LNXPWRBN:00/input/input0
[    3.723189][    T1] ACPI: button: Power Button [PWRF]
[    3.808638][  T408] kworker/u4:3 (408) used greatest stack depth: 27536 bytes left
[    3.912759][    T1] N_HDLC line discipline registered with maxframe=4096
[    3.913713][    T1] Serial: 8250/16550 driver, 4 ports, IRQ sharing enabled
[    3.915043][    T1] 00:04: ttyS0 at I/O 0x3f8 (irq = 4, base_baud = 115200) is a 16550A
[    3.926209][    T1] Non-volatile memory driver v1.3
[    3.927021][    T1] Linux agpgart interface v0.103
[    3.929361][    T1] ACPI: bus type drm_connector registered
[    3.932340][    T1] [drm] Initialized vgem 1.0.0 20120112 for vgem on minor 0
[    3.936422][    T1] [drm] Initialized vkms 1.0.0 20180514 for vkms on minor 1
[    3.987279][    T1] Console: switching to colour frame buffer device 128x48
[    4.004988][    T1] platform vkms: [drm] fb0: vkmsdrmfb frame buffer device
[    4.006054][    T1] usbcore: registered new interface driver udl
[    4.007327][    T1] bochs-drm 0000:00:02.0: vgaarb: deactivate vga console
[    4.010257][    T1] [drm] Found bochs VGA, ID 0xb0c5.
[    4.010899][    T1] [drm] Framebuffer size 16384 kB @ 0xfd000000, mmio @ 0xfebf0000.
[    4.014855][    T1] [drm] Found EDID data blob.
[    4.016700][    T1] [drm] Initialized bochs-drm 1.0.0 20130925 for 0000:00:02.0 on minor 2
[    4.021227][    T1] fbcon: bochs-drmdrmfb (fb1) is primary device
[    4.021240][    T1] fbcon: Remapping primary device, fb1, to tty 1-63
[    9.313821][    T1] bochs-drm 0000:00:02.0: [drm] fb1: bochs-drmdrmfb frame buffer device
[    9.319715][   T47] Floppy drive(s): fd0 is 2.88M AMI BIOS
[    9.340835][    T1] brd: module loaded
[    9.343115][   T47] FDC 0 is a S82078B
[    9.376591][    T1] loop: module loaded
[    9.423695][    T1] zram: Added device: zram0
[    9.427716][    T1] null_blk: disk nullb0 created
[    9.428337][    T1] null_blk: module loaded
[    9.429084][    T1] Guest personality initialized and is inactive
[    9.430272][    T1] VMCI host device registered (name=vmci, major=10, minor=119)
[    9.431239][    T1] Initialized host personality
[    9.432082][    T1] usbcore: registered new interface driver rtsx_usb
[    9.433636][    T1] usbcore: registered new interface driver viperboard
[    9.434829][    T1] usbcore: registered new interface driver dln2
[    9.436113][    T1] usbcore: registered new interface driver pn533_usb
[    9.438876][    T1] nfcsim 0.2 initialized
[    9.439815][    T1] usbcore: registered new interface driver port100
[    9.440812][    T1] usbcore: registered new interface driver nfcmrvl
[    9.444093][    T1] Loading iSCSI transport class v2.0-870.
[    9.446723][    T1] st: Version 20160209, fixed bufsize 32768, s/g segs 256
[    9.459973][    T1] scsi host0: ata_piix
[    9.461884][    T1] scsi host1: ata_piix
[    9.462794][    T1] ata1: PATA max MWDMA2 cmd 0x1f0 ctl 0x3f6 bmdma 0xc000 irq 14
[    9.463745][    T1] ata2: PATA max MWDMA2 cmd 0x170 ctl 0x376 bmdma 0xc008 irq 15
[    9.467878][    T1] Rounding down aligned max_sectors from 4294967295 to 4294967288
[    9.469093][    T1] db_root: cannot open: /etc/target
[    9.470265][    T1] slram: not enough parameters.
[    9.473344][    T1] ftl_cs: FTL header not found.
[    9.487953][    T1] wireguard: WireGuard 1.0.0 loaded. See www.wireguard.com for information.
[    9.489061][    T1] wireguard: Copyright (C) 2015-2019 Jason A. Donenfeld <Jason@zx2c4.com>. All Rights Reserved.
[    9.490356][    T1] eql: Equalizer2002: Simon Janes (simon@ncm.com) and David S. Miller (davem@redhat.com)
[    9.495178][    T1] MACsec IEEE 802.1AE
[    9.501297][    T1] tun: Universal TUN/TAP device driver, 1.6
[    9.502960][    T1] vcan: Virtual CAN interface driver
[    9.503642][    T1] vxcan: Virtual CAN Tunnel driver
[    9.504292][    T1] slcan: serial line CAN interface driver
[    9.505010][    T1] CAN device driver interface
[    9.506021][    T1] usbcore: registered new interface driver usb_8dev
[    9.507043][    T1] usbcore: registered new interface driver ems_usb
[    9.508041][    T1] usbcore: registered new interface driver gs_usb
[    9.509028][    T1] usbcore: registered new interface driver kvaser_usb
[    9.510053][    T1] usbcore: registered new interface driver mcba_usb
[    9.511047][    T1] usbcore: registered new interface driver peak_usb
[    9.512204][    T1] e100: Intel(R) PRO/100 Network Driver
[    9.512994][    T1] e100: Copyright(c) 1999-2006 Intel Corporation
[    9.513972][    T1] e1000: Intel(R) PRO/1000 Network Driver
[    9.514688][    T1] e1000: Copyright (c) 1999-2006 Intel Corporation.
[    9.515714][    T1] e1000e: Intel(R) PRO/1000 Network Driver
[    9.516451][    T1] e1000e: Copyright(c) 1999 - 2015 Intel Corporation.
[    9.517974][    T1] mkiss: AX.25 Multikiss, Hans Albas PE1AYX
[    9.518732][    T1] AX.25: 6pack driver, Revision: 0.3.0
[    9.519435][    T1] AX.25: bpqether driver version 004
[    9.520094][    T1] PPP generic driver version 2.4.2
[    9.521255][    T1] PPP BSD Compression module registered
[    9.521965][    T1] PPP Deflate Compression module registered
[    9.522776][    T1] PPP MPPE Compression module registered
[    9.523484][    T1] NET: Registered PF_PPPOX protocol family
[    9.524232][    T1] PPTP driver version 0.8.5
[    9.524901][    T1] SLIP: version 0.8.4-NET3.019-NEWTTY (dynamic channels, max=256) (6 bit encapsulation enabled).
[    9.526207][    T1] CSLIP: code copyright 1989 Regents of the University of California.
[    9.527213][    T1] SLIP linefill/keepalive option.
[    9.527837][    T1] hdlc: HDLC support module revision 1.22
[    9.528551][    T1] LAPB Ethernet driver version 0.02
[    9.529744][    T1] usbcore: registered new interface driver ath9k_htc
[    9.530759][    T1] usbcore: registered new interface driver carl9170
[    9.531742][    T1] usbcore: registered new interface driver ath6kl_usb
[    9.532826][    T1] usbcore: registered new interface driver ar5523
[    9.534187][    T1] usbcore: registered new interface driver ath10k_usb
[    9.535212][    T1] usbcore: registered new interface driver rndis_wlan
[    9.536237][    T1] mac80211_hwsim: initializing netlink
[    9.549408][    T1] usbcore: registered new interface driver atusb
[    9.556103][    T1] mac802154_hwsim mac802154_hwsim: Added 2 mac802154 hwsim hardware radios
[    9.557715][    T1] VMware vmxnet3 virtual NIC driver - version 1.7.0.0-k-NAPI
[    9.558999][    T1] usbcore: registered new interface driver catc
[    9.559948][    T1] usbcore: registered new interface driver kaweth
[    9.560758][    T1] pegasus: Pegasus/Pegasus II USB Ethernet driver
[    9.561728][    T1] usbcore: registered new interface driver pegasus
[    9.562725][    T1] usbcore: registered new interface driver rtl8150
[    9.563729][    T1] usbcore: registered new interface driver r8152
[    9.564528][    T1] hso: drivers/net/usb/hso.c: Option Wireless
[    9.565501][    T1] usbcore: registered new interface driver hso
[    9.566437][    T1] usbcore: registered new interface driver lan78xx
[    9.567423][    T1] usbcore: registered new interface driver asix
[    9.568363][    T1] usbcore: registered new interface driver ax88179_178a
[    9.569406][    T1] usbcore: registered new interface driver cdc_ether
[    9.570410][    T1] usbcore: registered new interface driver cdc_eem
[    9.571386][    T1] usbcore: registered new interface driver dm9601
[    9.572361][    T1] usbcore: registered new interface driver sr9700
[    9.573393][    T1] usbcore: registered new interface driver CoreChips
[    9.574424][    T1] usbcore: registered new interface driver smsc75xx
[    9.575438][    T1] usbcore: registered new interface driver smsc95xx
[    9.576429][    T1] usbcore: registered new interface driver gl620a
[    9.577991][    T1] usbcore: registered new interface driver net1080
[    9.578969][    T1] usbcore: registered new interface driver plusb
[    9.579919][    T1] usbcore: registered new interface driver rndis_host
[    9.581187][    T1] usbcore: registered new interface driver cdc_subset
[    9.582203][    T1] usbcore: registered new interface driver zaurus
[    9.583199][    T1] usbcore: registered new interface driver MOSCHIP usb-ethernet driver
[    9.584396][    T1] usbcore: registered new interface driver int51x1
[    9.585380][    T1] usbcore: registered new interface driver cdc_phonet
[    9.586395][    T1] usbcore: registered new interface driver kalmia
[    9.587364][    T1] usbcore: registered new interface driver ipheth
[    9.588344][    T1] usbcore: registered new interface driver sierra_net
[    9.589367][    T1] usbcore: registered new interface driver cx82310_eth
[    9.590414][    T1] usbcore: registered new interface driver cdc_ncm
[    9.591405][    T1] usbcore: registered new interface driver huawei_cdc_ncm
[    9.592456][    T1] usbcore: registered new interface driver lg-vl600
[    9.593461][    T1] usbcore: registered new interface driver qmi_wwan
[    9.594443][    T1] usbcore: registered new interface driver cdc_mbim
[    9.595430][    T1] usbcore: registered new interface driver ch9200
[    9.596393][    T1] usbcore: registered new interface driver r8153_ecm
[    9.599990][    T1] VFIO - User Level meta-driver version: 0.3
[    9.604102][    T1] aoe: AoE v85 initialised.
[    9.610197][    T1] Warning! fotg210_hcd should always be loaded before uhci_hcd and ohci_hcd, not after
[    9.610613][ T1252] kworker/u4:4 (1252) used greatest stack depth: 27456 bytes left
[    9.611601][    T1] SPI driver max3421-hcd has no spi_device_id for maxim,max3421
[    9.613902][    T1] usbcore: registered new interface driver cdc_acm
[    9.614725][    T1] cdc_acm: USB Abstract Control Model driver for USB modems and ISDN adapters
[    9.616023][    T1] usbcore: registered new interface driver usblp
[    9.616975][    T1] usbcore: registered new interface driver cdc_wdm
[    9.617963][    T1] usbcore: registered new interface driver usbtmc
[    9.619088][    T1] usbcore: registered new interface driver uas
[    9.620045][    T1] usbcore: registered new interface driver usb-storage
[    9.621075][    T1] usbcore: registered new interface driver ums-alauda
[    9.622285][    T1] usbcore: registered new interface driver ums-cypress
[    9.623368][    T1] usbcore: registered new interface driver ums-datafab
[    9.624433][    T1] usbcore: registered new interface driver ums_eneub6250
[    9.625528][    T1] usbcore: registered new interface driver ums-freecom
[    9.626610][    T1] usbcore: registered new interface driver ums-isd200
[    9.627668][    T1] usbcore: registered new interface driver ums-jumpshot
[    9.628749][    T1] usbcore: registered new interface driver ums-karma
[    9.629810][    T1] usbcore: registered new interface driver ums-onetouch
[    9.630931][    T1] usbcore: registered new interface driver ums-realtek
[    9.632008][    T1] usbcore: registered new interface driver ums-sddr09
[    9.633162][    T1] usbcore: registered new interface driver ums-sddr55
[    9.633186][  T993] ata2: found unknown device (class 0)
[    9.634237][    T1] usbcore: registered new interface driver ums-usbat
[    9.635926][    T1] usbcore: registered new interface driver mdc800
[    9.636774][    T1] mdc800: v0.7.5 (30/10/2000):USB Driver for Mustek MDC800 Digital Camera
[    9.637637][  T993] ata2.00: ATAPI: QEMU DVD-ROM, 2.5+, max UDMA/100
[    9.638018][    T1] usbcore: registered new interface driver microtekX6
[    9.639932][    T1] usbcore: registered new interface driver usbserial_generic
[    9.641089][    T1] usbserial: USB Serial support registered for generic
[    9.642052][    T1] usbcore: registered new interface driver aircable
[    9.642966][    T1] usbserial: USB Serial support registered for aircable
[    9.643904][    T1] usbcore: registered new interface driver ark3116
[    9.644764][    T1] usbserial: USB Serial support registered for ark3116
[    9.645685][    T1] usbcore: registered new interface driver belkin_sa
[    9.646553][    T1] usbserial: USB Serial support registered for Belkin / Peracom / GoHubs USB Serial Adapter
[    9.647862][    T1] usbcore: registered new interface driver ch341
[    9.648688][    T1] usbserial: USB Serial support registered for ch341-uart
[    9.649630][    T1] usbcore: registered new interface driver cp210x
[    9.650466][    T1] usbserial: USB Serial support registered for cp210x
[    9.651223][   T47] scsi 1:0:0:0: CD-ROM            QEMU     QEMU DVD-ROM     2.5+ PQ: 0 ANSI: 5
[    9.651437][    T1] usbcore: registered new interface driver cyberjack
[    9.653419][    T1] usbserial: USB Serial support registered for Reiner SCT Cyberjack USB card reader
[    9.654851][    T1] usbcore: registered new interface driver cypress_m8
[    9.655740][    T1] usbserial: USB Serial support registered for DeLorme Earthmate USB
[    9.656827][    T1] usbserial: USB Serial support registered for HID->COM RS232 Adapter
[    9.658052][    T1] usbserial: USB Serial support registered for Nokia CA-42 V2 Adapter
[    9.659196][    T1] usbcore: registered new interface driver usb_debug
[    9.660065][    T1] usbserial: USB Serial support registered for debug
[    9.660933][    T1] usbserial: USB Serial support registered for xhci_dbc
[    9.661861][    T1] usbcore: registered new interface driver digi_acceleport
[    9.662831][    T1] usbserial: USB Serial support registered for Digi 2 port USB adapter
[    9.663897][    T1] usbserial: USB Serial support registered for Digi 4 port USB adapter
[    9.664981][    T1] usbcore: registered new interface driver io_edgeport
[    9.665890][    T1] usbserial: USB Serial support registered for Edgeport 2 port adapter
[    9.666962][    T1] usbserial: USB Serial support registered for Edgeport 4 port adapter
[    9.668018][    T1] usbserial: USB Serial support registered for Edgeport 8 port adapter
[    9.669089][    T1] usbserial: USB Serial support registered for EPiC device
[    9.670055][    T1] usbcore: registered new interface driver io_ti
[    9.670888][    T1] usbserial: USB Serial support registered for Edgeport TI 1 port adapter
[    9.671994][    T1] usbserial: USB Serial support registered for Edgeport TI 2 port adapter
[    9.673155][    T1] usbcore: registered new interface driver empeg
[    9.674002][    T1] usbserial: USB Serial support registered for empeg
[    9.674922][    T1] usbcore: registered new interface driver f81534a_ctrl
[    9.675854][    T1] usbcore: registered new interface driver f81232
[    9.676706][    T1] usbserial: USB Serial support registered for f81232
[    9.677605][    T1] usbserial: USB Serial support registered for f81534a
[    9.678550][    T1] usbcore: registered new interface driver f81534
[    9.679409][    T1] usbserial: USB Serial support registered for Fintek F81532/F81534
[    9.680495][    T1] usbcore: registered new interface driver ftdi_sio
[    9.681386][    T1] usbserial: USB Serial support registered for FTDI USB Serial Device
[    9.682503][    T1] usbcore: registered new interface driver garmin_gps
[    9.683461][    T1] usbserial: USB Serial support registered for Garmin GPS usb/tty
[    9.684538][    T1] usbcore: registered new interface driver ipaq
[    9.685395][    T1] usbserial: USB Serial support registered for PocketPC PDA
[    9.686392][    T1] usbcore: registered new interface driver ipw
[    9.687219][    T1] usbserial: USB Serial support registered for IPWireless converter
[    9.688303][    T1] usbcore: registered new interface driver ir_usb
[    9.689155][    T1] usbserial: USB Serial support registered for IR Dongle
[    9.690114][    T1] usbcore: registered new interface driver iuu_phoenix
[    9.691189][    T1] usbserial: USB Serial support registered for iuu_phoenix
[    9.692153][    T1] usbcore: registered new interface driver keyspan
[    9.693041][    T1] usbserial: USB Serial support registered for Keyspan - (without firmware)
[    9.694170][    T1] usbserial: USB Serial support registered for Keyspan 1 port adapter
[    9.695223][    T1] usbserial: USB Serial support registered for Keyspan 2 port adapter
[    9.696267][    T1] usbserial: USB Serial support registered for Keyspan 4 port adapter
[    9.697356][    T1] usbcore: registered new interface driver keyspan_pda
[    9.698250][    T1] usbserial: USB Serial support registered for Keyspan PDA
[    9.699187][    T1] usbserial: USB Serial support registered for Keyspan PDA - (prerenumeration)
[    9.700360][    T1] usbcore: registered new interface driver kl5kusb105
[    9.701260][    T1] usbserial: USB Serial support registered for KL5KUSB105D / PalmConnect
[    9.702370][    T1] usbcore: registered new interface driver kobil_sct
[    9.703281][    T1] usbserial: USB Serial support registered for KOBIL USB smart card terminal
[    9.704442][    T1] usbcore: registered new interface driver mct_u232
[    9.705312][    T1] usbserial: USB Serial support registered for MCT U232
[    9.706242][    T1] usbcore: registered new interface driver metro_usb
[    9.707134][    T1] usbserial: USB Serial support registered for Metrologic USB to Serial
[    9.708258][    T1] usbcore: registered new interface driver mos7720
[    9.709119][    T1] usbserial: USB Serial support registered for Moschip 2 port adapter
[    9.710209][    T1] usbcore: registered new interface driver mos7840
[    9.711077][    T1] usbserial: USB Serial support registered for Moschip 7840/7820 USB Serial Driver
[    9.712302][    T1] usbcore: registered new interface driver mxuport
[    9.713192][    T1] usbserial: USB Serial support registered for MOXA UPort
[    9.714154][    T1] usbcore: registered new interface driver navman
[    9.715004][    T1] usbserial: USB Serial support registered for navman
[    9.715903][    T1] usbcore: registered new interface driver omninet
[    9.716767][    T1] usbserial: USB Serial support registered for ZyXEL - omni.net usb
[    9.717835][    T1] usbcore: registered new interface driver opticon
[    9.718707][    T1] usbserial: USB Serial support registered for opticon
[    9.719629][    T1] usbcore: registered new interface driver option
[    9.720490][    T1] usbserial: USB Serial support registered for GSM modem (1-port)
[    9.721571][    T1] usbcore: registered new interface driver oti6858
[    9.722441][    T1] usbserial: USB Serial support registered for oti6858
[    9.723380][    T1] usbcore: registered new interface driver pl2303
[    9.724236][    T1] usbserial: USB Serial support registered for pl2303
[    9.725144][    T1] usbcore: registered new interface driver qcaux
[    9.726006][    T1] usbserial: USB Serial support registered for qcaux
[    9.726896][    T1] usbcore: registered new interface driver qcserial
[    9.727796][    T1] usbserial: USB Serial support registered for Qualcomm USB modem
[    9.728881][    T1] usbcore: registered new interface driver quatech2
[    9.729833][    T1] usbserial: USB Serial support registered for Quatech 2nd gen USB to Serial Driver
[    9.731100][    T1] usbcore: registered new interface driver safe_serial
[    9.732005][    T1] usbserial: USB Serial support registered for safe_serial
[    9.733005][    T1] usbcore: registered new interface driver sierra
[    9.733897][    T1] usbserial: USB Serial support registered for Sierra USB modem
[    9.734921][    T1] usbcore: registered new interface driver usb_serial_simple
[    9.735899][    T1] usbserial: USB Serial support registered for carelink
[    9.736810][    T1] usbserial: USB Serial support registered for zio
[    9.737725][    T1] usbserial: USB Serial support registered for funsoft
[    9.738631][    T1] usbserial: USB Serial support registered for flashloader
[    9.739668][    T1] usbserial: USB Serial support registered for google
[    9.740574][    T1] usbserial: USB Serial support registered for libtransistor
[    9.741565][    T1] usbserial: USB Serial support registered for vivopay
[    9.742465][    T1] usbserial: USB Serial support registered for moto_modem
[    9.743437][    T1] usbserial: USB Serial support registered for motorola_tetra
[    9.744409][    T1] usbserial: USB Serial support registered for nokia
[    9.745304][    T1] usbserial: USB Serial support registered for novatel_gps
[    9.746251][    T1] usbserial: USB Serial support registered for hp4x
[    9.747286][    T1] usbserial: USB Serial support registered for suunto
[    9.748178][    T1] usbserial: USB Serial support registered for siemens_mpi
[    9.749162][    T1] usbcore: registered new interface driver spcp8x5
[    9.750024][    T1] usbserial: USB Serial support registered for SPCP8x5
[    9.750931][    T1] usbcore: registered new interface driver ssu100
[    9.751773][    T1] usbserial: USB Serial support registered for Quatech SSU-100 USB to Serial Driver
[    9.753036][    T1] usbcore: registered new interface driver symbolserial
[    9.754002][    T1] usbserial: USB Serial support registered for symbol
[    9.754908][    T1] usbcore: registered new interface driver ti_usb_3410_5052
[    9.755866][    T1] usbserial: USB Serial support registered for TI USB 3410 1 port adapter
[    9.756979][    T1] usbserial: USB Serial support registered for TI USB 5052 2 port adapter
[    9.758121][    T1] usbcore: registered new interface driver upd78f0730
[    9.759027][    T1] usbserial: USB Serial support registered for upd78f0730
[    9.760006][    T1] usbcore: registered new interface driver visor
[    9.760852][    T1] usbserial: USB Serial support registered for Handspring Visor / Palm OS
[    9.762051][    T1] usbserial: USB Serial support registered for Sony Clie 5.0
[    9.763202][    T1] usbserial: USB Serial support registered for Sony Clie 3.5
[    9.764207][    T1] usbcore: registered new interface driver wishbone_serial
[    9.765176][    T1] usbserial: USB Serial support registered for wishbone_serial
[    9.766216][    T1] usbcore: registered new interface driver whiteheat
[    9.767118][    T1] usbserial: USB Serial support registered for Connect Tech - WhiteHEAT - (prerenumeration)
[    9.768442][    T1] usbserial: USB Serial support registered for Connect Tech - WhiteHEAT
[    9.769572][    T1] usbcore: registered new interface driver xr_serial
[    9.770449][    T1] usbserial: USB Serial support registered for xr_serial
[    9.771433][    T1] usbcore: registered new interface driver xsens_mt
[    9.772315][    T1] usbserial: USB Serial support registered for xsens_mt
[    9.773331][    T1] usbcore: registered new interface driver adutux
[    9.774215][    T1] usbcore: registered new interface driver appledisplay
[    9.775155][    T1] usbcore: registered new interface driver cypress_cy7c63
[    9.776113][    T1] usbcore: registered new interface driver cytherm
[    9.776991][    T1] usbcore: registered new interface driver emi26 - firmware loader
[    9.778070][    T1] usbcore: registered new interface driver emi62 - firmware loader
[    9.779064][    T1] ftdi_elan: driver ftdi-elan
[    9.779718][    T1] usbcore: registered new interface driver ftdi-elan
[    9.780621][    T1] usbcore: registered new interface driver idmouse
[    9.781517][    T1] usbcore: registered new interface driver iowarrior
[    9.782434][    T1] usbcore: registered new interface driver isight_firmware
[    9.783435][    T1] usbcore: registered new interface driver usblcd
[    9.784307][    T1] usbcore: registered new interface driver ldusb
[    9.785180][    T1] usbcore: registered new interface driver legousbtower
[    9.786148][    T1] usbcore: registered new interface driver usbtest
[    9.787034][    T1] usbcore: registered new interface driver usb_ehset_test
[    9.787995][    T1] usbcore: registered new interface driver trancevibrator
[    9.788972][    T1] usbcore: registered new interface driver uss720
[    9.789776][    T1] uss720: USB Parport Cable driver for Cables using the Lucent Technologies USS720 Chip
[    9.790978][    T1] uss720: NOTE: this is a special purpose driver to allow nonstandard
[    9.791987][    T1] uss720: protocols (eg. bitbang) over USS720 usb to parallel cables
[    9.793013][    T1] uss720: If you just want to connect to a printer, use usblp instead
[    9.794114][    T1] usbcore: registered new interface driver usbsevseg
[    9.795022][    T1] usbcore: registered new interface driver yurex
[    9.796084][    T1] usbcore: registered new interface driver chaoskey
[    9.796990][    T1] usbcore: registered new interface driver sisusb
[    9.797869][    T1] usbcore: registered new interface driver lvs
[    9.798710][    T1] usbcore: registered new interface driver cxacru
[    9.799600][    T1] usbcore: registered new interface driver speedtch
[    9.800539][    T1] usbcore: registered new interface driver ueagle-atm
[    9.801393][    T1] xusbatm: malformed module parameters
[    9.802960][    T1] dummy_hcd dummy_hcd.0: USB Host+Gadget Emulator, driver 02 May 2005
[    9.804004][    T1] dummy_hcd dummy_hcd.0: Dummy host controller
[    9.805751][    T1] dummy_hcd dummy_hcd.0: new USB bus registered, assigned bus number 1
[    9.807420][    T1] usb usb1: New USB device found, idVendor=1d6b, idProduct=0002, bcdDevice= 6.01
[    9.808600][    T1] usb usb1: New USB device strings: Mfr=3, Product=2, SerialNumber=1
[    9.809699][    T1] usb usb1: Product: Dummy host controller
[    9.810632][    T1] usb usb1: Manufacturer: Linux 6.1.0-rc4-gfef7fd48922d-dirty dummy_hcd
[    9.811991][    T1] usb usb1: SerialNumber: dummy_hcd.0
[    9.820490][    T1] hub 1-0:1.0: USB hub found
[    9.821622][    T1] hub 1-0:1.0: 1 port detected
[    9.828345][    T1] gadgetfs: USB Gadget filesystem, version 24 Aug 2004
[    9.831810][    T1] vhci_hcd vhci_hcd.0: USB/IP Virtual Host Controller
[    9.834200][    T1] vhci_hcd vhci_hcd.0: new USB bus registered, assigned bus number 2
[    9.835845][    T1] vhci_hcd: created sysfs vhci_hcd.0
[    9.837308][    T1] usb usb2: New USB device found, idVendor=1d6b, idProduct=0002, bcdDevice= 6.01
[    9.838817][    T1] usb usb2: New USB device strings: Mfr=3, Product=2, SerialNumber=1
[    9.840142][    T1] usb usb2: Product: USB/IP Virtual Host Controller
[    9.841219][    T1] usb usb2: Manufacturer: Linux 6.1.0-rc4-gfef7fd48922d-dirty vhci_hcd
[    9.842608][    T1] usb usb2: SerialNumber: vhci_hcd.0
[    9.845104][    T1] hub 2-0:1.0: USB hub found
[    9.846071][    T1] hub 2-0:1.0: 8 ports detected
[    9.850831][    T1] vhci_hcd vhci_hcd.0: USB/IP Virtual Host Controller
[    9.852080][    T1] vhci_hcd vhci_hcd.0: new USB bus registered, assigned bus number 3
[    9.853578][    T1] usb usb3: We don't know the algorithms for LPM for this host, disabling LPM.
[    9.855024][    T1] usb usb3: New USB device found, idVendor=1d6b, idProduct=0003, bcdDevice= 6.01
[    9.856158][    T1] usb usb3: New USB device strings: Mfr=3, Product=2, SerialNumber=1
[    9.857171][    T1] usb usb3: Product: USB/IP Virtual Host Controller
[    9.858033][    T1] usb usb3: Manufacturer: Linux 6.1.0-rc4-gfef7fd48922d-dirty vhci_hcd
[    9.859069][    T1] usb usb3: SerialNumber: vhci_hcd.0
[    9.860880][    T1] hub 3-0:1.0: USB hub found
[    9.861552][    T1] hub 3-0:1.0: 8 ports detected
[    9.865896][    T1] vhci_hcd vhci_hcd.1: USB/IP Virtual Host Controller
[    9.867134][    T1] vhci_hcd vhci_hcd.1: new USB bus registered, assigned bus number 4
[    9.868514][    T1] usb usb4: New USB device found, idVendor=1d6b, idProduct=0002, bcdDevice= 6.01
[    9.869687][    T1] usb usb4: New USB device strings: Mfr=3, Product=2, SerialNumber=1
[    9.870698][    T1] usb usb4: Product: USB/IP Virtual Host Controller
[    9.871516][    T1] usb usb4: Manufacturer: Linux 6.1.0-rc4-gfef7fd48922d-dirty vhci_hcd
[    9.872532][    T1] usb usb4: SerialNumber: vhci_hcd.1
[    9.875426][    T1] hub 4-0:1.0: USB hub found
[    9.875801][   T47] sr 1:0:0:0: [sr0] scsi3-mmc drive: 4x/4x cd/rw xa/form2 tray
[    9.876123][    T1] hub 4-0:1.0: 8 ports detected
[    9.877010][   T47] cdrom: Uniform CD-ROM driver Revision: 3.20
[    9.880443][    T1] vhci_hcd vhci_hcd.1: USB/IP Virtual Host Controller
[    9.881640][    T1] vhci_hcd vhci_hcd.1: new USB bus registered, assigned bus number 5
[    9.882843][    T1] usb usb5: We don't know the algorithms for LPM for this host, disabling LPM.
[    9.884252][    T1] usb usb5: New USB device found, idVendor=1d6b, idProduct=0003, bcdDevice= 6.01
[    9.885405][    T1] usb usb5: New USB device strings: Mfr=3, Product=2, SerialNumber=1
[    9.886410][    T1] usb usb5: Product: USB/IP Virtual Host Controller
[    9.887234][    T1] usb usb5: Manufacturer: Linux 6.1.0-rc4-gfef7fd48922d-dirty vhci_hcd
[    9.888258][    T1] usb usb5: SerialNumber: vhci_hcd.1
[    9.889998][    T1] hub 5-0:1.0: USB hub found
[    9.890657][    T1] hub 5-0:1.0: 8 ports detected
[    9.895200][    T1] vhci_hcd vhci_hcd.2: USB/IP Virtual Host Controller
[    9.896433][    T1] vhci_hcd vhci_hcd.2: new USB bus registered, assigned bus number 6
[    9.897817][    T1] usb usb6: New USB device found, idVendor=1d6b, idProduct=0002, bcdDevice= 6.01
[    9.898978][    T1] usb usb6: New USB device strings: Mfr=3, Product=2, SerialNumber=1
[    9.899998][    T1] usb usb6: Product: USB/IP Virtual Host Controller
[    9.900825][    T1] usb usb6: Manufacturer: Linux 6.1.0-rc4-gfef7fd48922d-dirty vhci_hcd
[    9.901868][    T1] usb usb6: SerialNumber: vhci_hcd.2
[    9.903729][    T1] hub 6-0:1.0: USB hub found
[    9.904401][    T1] hub 6-0:1.0: 8 ports detected
[    9.907866][    T1] vhci_hcd vhci_hcd.2: USB/IP Virtual Host Controller
[    9.909083][    T1] vhci_hcd vhci_hcd.2: new USB bus registered, assigned bus number 7
[    9.910268][    T1] usb usb7: We don't know the algorithms for LPM for this host, disabling LPM.
[    9.911688][    T1] usb usb7: New USB device found, idVendor=1d6b, idProduct=0003, bcdDevice= 6.01
[    9.912869][    T1] usb usb7: New USB device strings: Mfr=3, Product=2, SerialNumber=1
[    9.913894][    T1] usb usb7: Product: USB/IP Virtual Host Controller
[    9.914724][    T1] usb usb7: Manufacturer: Linux 6.1.0-rc4-gfef7fd48922d-dirty vhci_hcd
[    9.915764][    T1] usb usb7: SerialNumber: vhci_hcd.2
[    9.917581][    T1] hub 7-0:1.0: USB hub found
[    9.918250][    T1] hub 7-0:1.0: 8 ports detected
[    9.922482][    T1] vhci_hcd vhci_hcd.3: USB/IP Virtual Host Controller
[    9.923773][    T1] vhci_hcd vhci_hcd.3: new USB bus registered, assigned bus number 8
[    9.925158][    T1] usb usb8: New USB device found, idVendor=1d6b, idProduct=0002, bcdDevice= 6.01
[    9.926327][    T1] usb usb8: New USB device strings: Mfr=3, Product=2, SerialNumber=1
[    9.927342][    T1] usb usb8: Product: USB/IP Virtual Host Controller
[    9.928180][    T1] usb usb8: Manufacturer: Linux 6.1.0-rc4-gfef7fd48922d-dirty vhci_hcd
[    9.929218][    T1] usb usb8: SerialNumber: vhci_hcd.3
[    9.931002][    T1] hub 8-0:1.0: USB hub found
[    9.931662][    T1] hub 8-0:1.0: 8 ports detected
[    9.935175][    T1] vhci_hcd vhci_hcd.3: USB/IP Virtual Host Controller
[    9.936424][    T1] vhci_hcd vhci_hcd.3: new USB bus registered, assigned bus number 9
[    9.937680][    T1] usb usb9: We don't know the algorithms for LPM for this host, disabling LPM.
[    9.938601][   T47] sr 1:0:0:0: Attached scsi generic sg0 type 5
[    9.939106][    T1] usb usb9: New USB device found, idVendor=1d6b, idProduct=0003, bcdDevice= 6.01
[    9.940751][    T1] usb usb9: New USB device strings: Mfr=3, Product=2, SerialNumber=1
[    9.941808][    T1] usb usb9: Product: USB/IP Virtual Host Controller
[    9.942939][    T1] usb usb9: Manufacturer: Linux 6.1.0-rc4-gfef7fd48922d-dirty vhci_hcd
[    9.943978][    T1] usb usb9: SerialNumber: vhci_hcd.3
[    9.945706][    T1] hub 9-0:1.0: USB hub found
[    9.946377][    T1] hub 9-0:1.0: 8 ports detected
[    9.950523][    T1] vhci_hcd vhci_hcd.4: USB/IP Virtual Host Controller
[    9.951730][    T1] vhci_hcd vhci_hcd.4: new USB bus registered, assigned bus number 10
[    9.953340][    T1] usb usb10: New USB device found, idVendor=1d6b, idProduct=0002, bcdDevice= 6.01
[    9.954501][    T1] usb usb10: New USB device strings: Mfr=3, Product=2, SerialNumber=1
[    9.955521][    T1] usb usb10: Product: USB/IP Virtual Host Controller
[    9.956355][    T1] usb usb10: Manufacturer: Linux 6.1.0-rc4-gfef7fd48922d-dirty vhci_hcd
[    9.957398][    T1] usb usb10: SerialNumber: vhci_hcd.4
[    9.959136][    T1] hub 10-0:1.0: USB hub found
[    9.959806][    T1] hub 10-0:1.0: 8 ports detected
[    9.963253][    T1] vhci_hcd vhci_hcd.4: USB/IP Virtual Host Controller
[    9.964419][    T1] vhci_hcd vhci_hcd.4: new USB bus registered, assigned bus number 11
[    9.965815][    T1] usb usb11: We don't know the algorithms for LPM for this host, disabling LPM.
[    9.967511][    T1] usb usb11: New USB device found, idVendor=1d6b, idProduct=0003, bcdDevice= 6.01
[    9.968942][    T1] usb usb11: New USB device strings: Mfr=3, Product=2, SerialNumber=1
[    9.970216][    T1] usb usb11: Product: USB/IP Virtual Host Controller
[    9.971247][    T1] usb usb11: Manufacturer: Linux 6.1.0-rc4-gfef7fd48922d-dirty vhci_hcd
[    9.972537][    T1] usb usb11: SerialNumber: vhci_hcd.4
[    9.974678][    T1] hub 11-0:1.0: USB hub found
[    9.975485][    T1] hub 11-0:1.0: 8 ports detected
[    9.980089][    T1] vhci_hcd vhci_hcd.5: USB/IP Virtual Host Controller
[    9.981333][    T1] vhci_hcd vhci_hcd.5: new USB bus registered, assigned bus number 12
[    9.982845][    T1] usb usb12: New USB device found, idVendor=1d6b, idProduct=0002, bcdDevice= 6.01
[    9.984009][    T1] usb usb12: New USB device strings: Mfr=3, Product=2, SerialNumber=1
[    9.985026][    T1] usb usb12: Product: USB/IP Virtual Host Controller
[    9.985868][    T1] usb usb12: Manufacturer: Linux 6.1.0-rc4-gfef7fd48922d-dirty vhci_hcd
[    9.986918][    T1] usb usb12: SerialNumber: vhci_hcd.5
[    9.988658][    T1] hub 12-0:1.0: USB hub found
[    9.989337][    T1] hub 12-0:1.0: 8 ports detected
[    9.992806][    T1] vhci_hcd vhci_hcd.5: USB/IP Virtual Host Controller
[    9.994009][    T1] vhci_hcd vhci_hcd.5: new USB bus registered, assigned bus number 13
[    9.995193][    T1] usb usb13: We don't know the algorithms for LPM for this host, disabling LPM.
[    9.996618][    T1] usb usb13: New USB device found, idVendor=1d6b, idProduct=0003, bcdDevice= 6.01
[    9.997799][    T1] usb usb13: New USB device strings: Mfr=3, Product=2, SerialNumber=1
[    9.998828][    T1] usb usb13: Product: USB/IP Virtual Host Controller
[    9.999668][    T1] usb usb13: Manufacturer: Linux 6.1.0-rc4-gfef7fd48922d-dirty vhci_hcd
[   10.000716][    T1] usb usb13: SerialNumber: vhci_hcd.5
[   10.002872][    T1] hub 13-0:1.0: USB hub found
[   10.003658][    T1] hub 13-0:1.0: 8 ports detected
[   10.008704][    T1] vhci_hcd vhci_hcd.6: USB/IP Virtual Host Controller
[   10.010162][    T1] vhci_hcd vhci_hcd.6: new USB bus registered, assigned bus number 14
[   10.011668][    T1] usb usb14: New USB device found, idVendor=1d6b, idProduct=0002, bcdDevice= 6.01
[   10.012972][    T1] usb usb14: New USB device strings: Mfr=3, Product=2, SerialNumber=1
[   10.014035][    T1] usb usb14: Product: USB/IP Virtual Host Controller
[   10.014858][    T1] usb usb14: Manufacturer: Linux 6.1.0-rc4-gfef7fd48922d-dirty vhci_hcd
[   10.015903][    T1] usb usb14: SerialNumber: vhci_hcd.6
[   10.018012][    T1] hub 14-0:1.0: USB hub found
[   10.018789][    T1] hub 14-0:1.0: 8 ports detected
[   10.022852][    T1] vhci_hcd vhci_hcd.6: USB/IP Virtual Host Controller
[   10.024338][    T1] vhci_hcd vhci_hcd.6: new USB bus registered, assigned bus number 15
[   10.025663][    T1] usb usb15: We don't know the algorithms for LPM for this host, disabling LPM.
[   10.027106][    T1] usb usb15: New USB device found, idVendor=1d6b, idProduct=0003, bcdDevice= 6.01
[   10.028280][    T1] usb usb15: New USB device strings: Mfr=3, Product=2, SerialNumber=1
[   10.029314][    T1] usb usb15: Product: USB/IP Virtual Host Controller
[   10.030148][    T1] usb usb15: Manufacturer: Linux 6.1.0-rc4-gfef7fd48922d-dirty vhci_hcd
[   10.031196][    T1] usb usb15: SerialNumber: vhci_hcd.6
[   10.034127][    T1] hub 15-0:1.0: USB hub found
[   10.034904][    T1] hub 15-0:1.0: 8 ports detected
[   10.039736][    T1] vhci_hcd vhci_hcd.7: USB/IP Virtual Host Controller
[   10.041136][    T1] vhci_hcd vhci_hcd.7: new USB bus registered, assigned bus number 16
[   10.042717][    T1] usb usb16: New USB device found, idVendor=1d6b, idProduct=0002, bcdDevice= 6.01
[   10.043895][    T1] usb usb16: New USB device strings: Mfr=3, Product=2, SerialNumber=1
[   10.044936][    T1] usb usb16: Product: USB/IP Virtual Host Controller
[   10.045794][    T1] usb usb16: Manufacturer: Linux 6.1.0-rc4-gfef7fd48922d-dirty vhci_hcd
[   10.046852][    T1] usb usb16: SerialNumber: vhci_hcd.7
[   10.048908][    T1] hub 16-0:1.0: USB hub found
[   10.049709][    T1] hub 16-0:1.0: 8 ports detected
[   10.054111][    T1] vhci_hcd vhci_hcd.7: USB/IP Virtual Host Controller
[   10.055388][    T1] vhci_hcd vhci_hcd.7: new USB bus registered, assigned bus number 17
[   10.056685][    T1] usb usb17: We don't know the algorithms for LPM for this host, disabling LPM.
[   10.058128][    T1] usb usb17: New USB device found, idVendor=1d6b, idProduct=0003, bcdDevice= 6.01
[   10.059293][    T1] usb usb17: New USB device strings: Mfr=3, Product=2, SerialNumber=1
[   10.060322][    T1] usb usb17: Product: USB/IP Virtual Host Controller
[   10.061163][    T1] usb usb17: Manufacturer: Linux 6.1.0-rc4-gfef7fd48922d-dirty vhci_hcd
[   10.062224][    T1] usb usb17: SerialNumber: vhci_hcd.7
[   10.064316][    T1] hub 17-0:1.0: USB hub found
[   10.065102][    T1] hub 17-0:1.0: 8 ports detected
[   10.069922][    T1] vhci_hcd vhci_hcd.8: USB/IP Virtual Host Controller
[   10.071319][    T1] vhci_hcd vhci_hcd.8: new USB bus registered, assigned bus number 18
[   10.073063][    T1] usb usb18: New USB device found, idVendor=1d6b, idProduct=0002, bcdDevice= 6.01
[   10.074278][    T1] usb usb18: New USB device strings: Mfr=3, Product=2, SerialNumber=1
[   10.075323][    T1] usb usb18: Product: USB/IP Virtual Host Controller
[   10.076175][    T1] usb usb18: Manufacturer: Linux 6.1.0-rc4-gfef7fd48922d-dirty vhci_hcd
[   10.077243][    T1] usb usb18: SerialNumber: vhci_hcd.8
[   10.079262][    T1] hub 18-0:1.0: USB hub found
[   10.080346][    T1] hub 18-0:1.0: 8 ports detected
[   10.084362][    T1] vhci_hcd vhci_hcd.8: USB/IP Virtual Host Controller
[   10.085605][    T1] vhci_hcd vhci_hcd.8: new USB bus registered, assigned bus number 19
[   10.086904][    T1] usb usb19: We don't know the algorithms for LPM for this host, disabling LPM.
[   10.088319][    T1] usb usb19: New USB device found, idVendor=1d6b, idProduct=0003, bcdDevice= 6.01
[   10.089504][    T1] usb usb19: New USB device strings: Mfr=3, Product=2, SerialNumber=1
[   10.090541][    T1] usb usb19: Product: USB/IP Virtual Host Controller
[   10.091397][    T1] usb usb19: Manufacturer: Linux 6.1.0-rc4-gfef7fd48922d-dirty vhci_hcd
[   10.092472][    T1] usb usb19: SerialNumber: vhci_hcd.8
[   10.094984][    T1] hub 19-0:1.0: USB hub found
[   10.095774][    T1] hub 19-0:1.0: 8 ports detected
[   10.100557][    T1] vhci_hcd vhci_hcd.9: USB/IP Virtual Host Controller
[   10.101960][    T1] vhci_hcd vhci_hcd.9: new USB bus registered, assigned bus number 20
[   10.103520][    T1] usb usb20: New USB device found, idVendor=1d6b, idProduct=0002, bcdDevice= 6.01
[   10.104708][    T1] usb usb20: New USB device strings: Mfr=3, Product=2, SerialNumber=1
[   10.105771][    T1] usb usb20: Product: USB/IP Virtual Host Controller
[   10.106622][    T1] usb usb20: Manufacturer: Linux 6.1.0-rc4-gfef7fd48922d-dirty vhci_hcd
[   10.107694][    T1] usb usb20: SerialNumber: vhci_hcd.9
[   10.109746][    T1] hub 20-0:1.0: USB hub found
[   10.110543][    T1] hub 20-0:1.0: 8 ports detected
[   10.114828][    T1] vhci_hcd vhci_hcd.9: USB/IP Virtual Host Controller
[   10.116093][    T1] vhci_hcd vhci_hcd.9: new USB bus registered, assigned bus number 21
[   10.117398][    T1] usb usb21: We don't know the algorithms for LPM for this host, disabling LPM.
[   10.118818][    T1] usb usb21: New USB device found, idVendor=1d6b, idProduct=0003, bcdDevice= 6.01
[   10.119989][    T1] usb usb21: New USB device strings: Mfr=3, Product=2, SerialNumber=1
[   10.121026][    T1] usb usb21: Product: USB/IP Virtual Host Controller
[   10.121887][    T1] usb usb21: Manufacturer: Linux 6.1.0-rc4-gfef7fd48922d-dirty vhci_hcd
[   10.122993][    T1] usb usb21: SerialNumber: vhci_hcd.9
[   10.125092][    T1] hub 21-0:1.0: USB hub found
[   10.125876][    T1] hub 21-0:1.0: 8 ports detected
[   10.130634][    T1] vhci_hcd vhci_hcd.10: USB/IP Virtual Host Controller
[   10.132049][    T1] vhci_hcd vhci_hcd.10: new USB bus registered, assigned bus number 22
[   10.133740][    T1] usb usb22: New USB device found, idVendor=1d6b, idProduct=0002, bcdDevice= 6.01
[   10.134898][    T1] usb usb22: New USB device strings: Mfr=3, Product=2, SerialNumber=1
[   10.135919][    T1] usb usb22: Product: USB/IP Virtual Host Controller
[   10.136754][    T1] usb usb22: Manufacturer: Linux 6.1.0-rc4-gfef7fd48922d-dirty vhci_hcd
[   10.137803][    T1] usb usb22: SerialNumber: vhci_hcd.10
[   10.139800][    T1] hub 22-0:1.0: USB hub found
[   10.140576][    T1] hub 22-0:1.0: 8 ports detected
[   10.144490][    T1] vhci_hcd vhci_hcd.10: USB/IP Virtual Host Controller
[   10.145756][    T1] vhci_hcd vhci_hcd.10: new USB bus registered, assigned bus number 23
[   10.147046][    T1] usb usb23: We don't know the algorithms for LPM for this host, disabling LPM.
[   10.148473][    T1] usb usb23: New USB device found, idVendor=1d6b, idProduct=0003, bcdDevice= 6.01
[   10.149646][    T1] usb usb23: New USB device strings: Mfr=3, Product=2, SerialNumber=1
[   10.150678][    T1] usb usb23: Product: USB/IP Virtual Host Controller
[   10.151516][    T1] usb usb23: Manufacturer: Linux 6.1.0-rc4-gfef7fd48922d-dirty vhci_hcd
[   10.152647][    T1] usb usb23: SerialNumber: vhci_hcd.10
[   10.155042][    T1] hub 23-0:1.0: USB hub found
[   10.155819][    T1] hub 23-0:1.0: 8 ports detected
[   10.160616][    T1] vhci_hcd vhci_hcd.11: USB/IP Virtual Host Controller
[   10.162054][    T1] vhci_hcd vhci_hcd.11: new USB bus registered, assigned bus number 24
[   10.163645][    T1] usb usb24: New USB device found, idVendor=1d6b, idProduct=0002, bcdDevice= 6.01
[   10.164841][    T1] usb usb24: New USB device strings: Mfr=3, Product=2, SerialNumber=1
[   10.165900][    T1] usb usb24: Product: USB/IP Virtual Host Controller
[   10.166750][    T1] usb usb24: Manufacturer: Linux 6.1.0-rc4-gfef7fd48922d-dirty vhci_hcd
[   10.167813][    T1] usb usb24: SerialNumber: vhci_hcd.11
[   10.169857][    T1] hub 24-0:1.0: USB hub found
[   10.170647][    T1] hub 24-0:1.0: 8 ports detected
[   10.174978][    T1] vhci_hcd vhci_hcd.11: USB/IP Virtual Host Controller
[   10.176271][    T1] vhci_hcd vhci_hcd.11: new USB bus registered, assigned bus number 25
[   10.177614][    T1] usb usb25: We don't know the algorithms for LPM for this host, disabling LPM.
[   10.179063][    T1] usb usb25: New USB device found, idVendor=1d6b, idProduct=0003, bcdDevice= 6.01
[   10.180249][    T1] usb usb25: New USB device strings: Mfr=3, Product=2, SerialNumber=1
[   10.181296][    T1] usb usb25: Product: USB/IP Virtual Host Controller
[   10.182162][    T1] usb usb25: Manufacturer: Linux 6.1.0-rc4-gfef7fd48922d-dirty vhci_hcd
[   10.183282][    T1] usb usb25: SerialNumber: vhci_hcd.11
[   10.185374][    T1] hub 25-0:1.0: USB hub found
[   10.186157][    T1] hub 25-0:1.0: 8 ports detected
[   10.191008][    T1] vhci_hcd vhci_hcd.12: USB/IP Virtual Host Controller
[   10.192434][    T1] vhci_hcd vhci_hcd.12: new USB bus registered, assigned bus number 26
[   10.194152][    T1] usb usb26: New USB device found, idVendor=1d6b, idProduct=0002, bcdDevice= 6.01
[   10.195324][    T1] usb usb26: New USB device strings: Mfr=3, Product=2, SerialNumber=1
[   10.196352][    T1] usb usb26: Product: USB/IP Virtual Host Controller
[   10.197196][    T1] usb usb26: Manufacturer: Linux 6.1.0-rc4-gfef7fd48922d-dirty vhci_hcd
[   10.198261][    T1] usb usb26: SerialNumber: vhci_hcd.12
[   10.200302][    T1] hub 26-0:1.0: USB hub found
[   10.201094][    T1] hub 26-0:1.0: 8 ports detected
[   10.205194][    T1] vhci_hcd vhci_hcd.12: USB/IP Virtual Host Controller
[   10.206451][    T1] vhci_hcd vhci_hcd.12: new USB bus registered, assigned bus number 27
[   10.207769][    T1] usb usb27: We don't know the algorithms for LPM for this host, disabling LPM.
[   10.209222][    T1] usb usb27: New USB device found, idVendor=1d6b, idProduct=0003, bcdDevice= 6.01
[   10.210424][    T1] usb usb27: New USB device strings: Mfr=3, Product=2, SerialNumber=1
[   10.211465][    T1] usb usb27: Product: USB/IP Virtual Host Controller
[   10.212321][    T1] usb usb27: Manufacturer: Linux 6.1.0-rc4-gfef7fd48922d-dirty vhci_hcd
[   10.213526][    T1] usb usb27: SerialNumber: vhci_hcd.12
[   10.215588][    T1] hub 27-0:1.0: USB hub found
[   10.216371][    T1] hub 27-0:1.0: 8 ports detected
[   10.221105][    T1] vhci_hcd vhci_hcd.13: USB/IP Virtual Host Controller
[   10.222499][    T1] vhci_hcd vhci_hcd.13: new USB bus registered, assigned bus number 28
[   10.224056][    T1] usb usb28: New USB device found, idVendor=1d6b, idProduct=0002, bcdDevice= 6.01
[   10.225222][    T1] usb usb28: New USB device strings: Mfr=3, Product=2, SerialNumber=1
[   10.226263][    T1] usb usb28: Product: USB/IP Virtual Host Controller
[   10.227103][    T1] usb usb28: Manufacturer: Linux 6.1.0-rc4-gfef7fd48922d-dirty vhci_hcd
[   10.228152][    T1] usb usb28: SerialNumber: vhci_hcd.13
[   10.230185][    T1] hub 28-0:1.0: USB hub found
[   10.231218][    T1] hub 28-0:1.0: 8 ports detected
[   10.235464][    T1] vhci_hcd vhci_hcd.13: USB/IP Virtual Host Controller
[   10.236721][    T1] vhci_hcd vhci_hcd.13: new USB bus registered, assigned bus number 29
[   10.238051][    T1] usb usb29: We don't know the algorithms for LPM for this host, disabling LPM.
[   10.239474][    T1] usb usb29: New USB device found, idVendor=1d6b, idProduct=0003, bcdDevice= 6.01
[   10.240648][    T1] usb usb29: New USB device strings: Mfr=3, Product=2, SerialNumber=1
[   10.241693][    T1] usb usb29: Product: USB/IP Virtual Host Controller
[   10.242547][    T1] usb usb29: Manufacturer: Linux 6.1.0-rc4-gfef7fd48922d-dirty vhci_hcd
[   10.243645][    T1] usb usb29: SerialNumber: vhci_hcd.13
[   10.245692][    T1] hub 29-0:1.0: USB hub found
[   10.246469][    T1] hub 29-0:1.0: 8 ports detected
[   10.251214][    T1] vhci_hcd vhci_hcd.14: USB/IP Virtual Host Controller
[   10.252648][    T1] vhci_hcd vhci_hcd.14: new USB bus registered, assigned bus number 30
[   10.254293][    T1] usb usb30: New USB device found, idVendor=1d6b, idProduct=0002, bcdDevice= 6.01
[   10.255447][    T1] usb usb30: New USB device strings: Mfr=3, Product=2, SerialNumber=1
[   10.256468][    T1] usb usb30: Product: USB/IP Virtual Host Controller
[   10.257321][    T1] usb usb30: Manufacturer: Linux 6.1.0-rc4-gfef7fd48922d-dirty vhci_hcd
[   10.258364][    T1] usb usb30: SerialNumber: vhci_hcd.14
[   10.260388][    T1] hub 30-0:1.0: USB hub found
[   10.261156][    T1] hub 30-0:1.0: 8 ports detected
[   10.265088][    T1] vhci_hcd vhci_hcd.14: USB/IP Virtual Host Controller
[   10.266321][    T1] vhci_hcd vhci_hcd.14: new USB bus registered, assigned bus number 31
[   10.267637][    T1] usb usb31: We don't know the algorithms for LPM for this host, disabling LPM.
[   10.269063][    T1] usb usb31: New USB device found, idVendor=1d6b, idProduct=0003, bcdDevice= 6.01
[   10.270258][    T1] usb usb31: New USB device strings: Mfr=3, Product=2, SerialNumber=1
[   10.271295][    T1] usb usb31: Product: USB/IP Virtual Host Controller
[   10.272159][    T1] usb usb31: Manufacturer: Linux 6.1.0-rc4-gfef7fd48922d-dirty vhci_hcd
[   10.273317][    T1] usb usb31: SerialNumber: vhci_hcd.14
[   10.275417][    T1] hub 31-0:1.0: USB hub found
[   10.276210][    T1] hub 31-0:1.0: 8 ports detected
[   10.281079][    T1] vhci_hcd vhci_hcd.15: USB/IP Virtual Host Controller
[   10.282535][    T1] vhci_hcd vhci_hcd.15: new USB bus registered, assigned bus number 32
[   10.284209][    T1] usb usb32: New USB device found, idVendor=1d6b, idProduct=0002, bcdDevice= 6.01
[   10.285404][    T1] usb usb32: New USB device strings: Mfr=3, Product=2, SerialNumber=1
[   10.286439][    T1] usb usb32: Product: USB/IP Virtual Host Controller
[   10.287302][    T1] usb usb32: Manufacturer: Linux 6.1.0-rc4-gfef7fd48922d-dirty vhci_hcd
[   10.288375][    T1] usb usb32: SerialNumber: vhci_hcd.15
[   10.290453][    T1] hub 32-0:1.0: USB hub found
[   10.291242][    T1] hub 32-0:1.0: 8 ports detected
[   10.295217][    T1] vhci_hcd vhci_hcd.15: USB/IP Virtual Host Controller
[   10.296459][    T1] vhci_hcd vhci_hcd.15: new USB bus registered, assigned bus number 33
[   10.297774][    T1] usb usb33: We don't know the algorithms for LPM for this host, disabling LPM.
[   10.299205][    T1] usb usb33: New USB device found, idVendor=1d6b, idProduct=0003, bcdDevice= 6.01
[   10.300362][    T1] usb usb33: New USB device strings: Mfr=3, Product=2, SerialNumber=1
[   10.301400][    T1] usb usb33: Product: USB/IP Virtual Host Controller
[   10.302233][    T1] usb usb33: Manufacturer: Linux 6.1.0-rc4-gfef7fd48922d-dirty vhci_hcd
[   10.303510][    T1] usb usb33: SerialNumber: vhci_hcd.15
[   10.305795][    T1] hub 33-0:1.0: USB hub found
[   10.306565][    T1] hub 33-0:1.0: 8 ports detected
[   10.311570][    T1] usbcore: registered new device driver usbip-host
[   10.314901][    T1] i8042: PNP: PS/2 Controller [PNP0303:KBD,PNP0f13:MOU] at 0x60,0x64 irq 1,12
[   10.319228][    T1] serio: i8042 KBD port at 0x60,0x64 irq 1
[   10.320611][    T1] serio: i8042 AUX port at 0x60,0x64 irq 12
[   10.323404][    T1] mousedev: PS/2 mouse device common for all mice
[   10.326584][ T1534] input: AT Translated Set 2 keyboard as /devices/platform/i8042/serio0/input/input1
[   10.332076][    T1] usbcore: registered new interface driver appletouch
[   10.333324][    T1] usbcore: registered new interface driver bcm5974
[   10.335938][    T1] usbcore: registered new interface driver synaptics_usb
[   10.337099][    T1] usbcore: registered new interface driver iforce
[   10.338219][    T1] usbcore: registered new interface driver xpad
[   10.339245][    T1] usbcore: registered new interface driver usb_acecad
[   10.340314][    T1] usbcore: registered new interface driver aiptek
[   10.341345][    T1] usbcore: registered new interface driver hanwang
[   10.342373][    T1] usbcore: registered new interface driver kbtab
[   10.344403][    T1] usbcore: registered new interface driver pegasus_notetaker
[   10.346323][    T1] usbcore: registered new interface driver usbtouchscreen
[   10.347482][    T1] usbcore: registered new interface driver sur40
[   10.348533][    T1] usbcore: registered new interface driver ati_remote2
[   10.349501][    T1] cm109: Keymap for Komunikate KIP1000 phone loaded
[   10.350481][    T1] usbcore: registered new interface driver cm109
[   10.351362][    T1] cm109: CM109 phone driver: 20080805 (C) Alfred E. Heggestad
[   10.352427][    T1] usbcore: registered new interface driver ims_pcu
[   10.353634][    T1] usbcore: registered new interface driver keyspan_remote
[   10.354773][    T1] usbcore: registered new interface driver powermate
[   10.356228][    T1] usbcore: registered new interface driver yealink
[   10.358132][    T1] rtc_cmos 00:05: RTC can wake from S4
[   10.363879][    T1] rtc_cmos 00:05: registered as rtc0
[   10.364740][    T1] rtc_cmos 00:05: alarms up to one day, y3k, 242 bytes nvram, hpet irqs
[   10.366497][    T1] i2c_dev: i2c /dev entries driver
[   10.367876][    T1] usbcore: registered new interface driver i2c-diolan-u2c
[   10.369328][    T1] usbcore: registered new interface driver RobotFuzz Open Source InterFace, OSIF
[   10.370766][    T1] usbcore: registered new interface driver i2c-tiny-usb
[   10.375416][    T1] usbcore: registered new interface driver igorplugusb
[   10.376707][    T1] usbcore: registered new interface driver iguanair
[   10.377797][    T1] usbcore: registered new interface driver imon
[   10.378828][    T1] usbcore: registered new interface driver mceusb
[   10.379853][    T1] usbcore: registered new interface driver redrat3
[   10.380867][    T1] usbcore: registered new interface driver streamzap
[   10.381905][    T1] usbcore: registered new interface driver ttusbir
[   10.384203][    T1] usbcore: registered new interface driver ati_remote
[   10.385467][    T1] b2c2-flexcop: B2C2 FlexcopII/II(b)/III digital TV receiver chip loaded successfully
[   10.387028][    T1] usbcore: registered new interface driver b2c2_flexcop_usb
[   10.388178][    T1] usbcore: registered new interface driver dvb_usb_vp7045
[   10.389323][    T1] usbcore: registered new interface driver dvb_usb_vp702x
[   10.390473][    T1] usbcore: registered new interface driver dvb_usb_gp8psk
[   10.391631][    T1] usbcore: registered new interface driver dvb_usb_dtt200u
[   10.393725][    T1] usbcore: registered new interface driver dvb_usb_a800
[   10.395120][    T1] usbcore: registered new interface driver dvb_usb_dibusb_mb
[   10.396308][    T1] usbcore: registered new interface driver dvb_usb_dibusb_mc
[   10.397474][    T1] usbcore: registered new interface driver dvb_usb_nova_t_usb2
[   10.398913][    T1] usbcore: registered new interface driver dvb_usb_umt_010
[   10.400055][    T1] usbcore: registered new interface driver dvb_usb_m920x
[   10.401178][    T1] usbcore: registered new interface driver dvb_usb_digitv
[   10.402334][    T1] usbcore: registered new interface driver dvb_usb_cxusb
[   10.403802][    T1] usbcore: registered new interface driver dvb_usb_ttusb2
[   10.405024][    T1] usbcore: registered new interface driver dvb_usb_dib0700
[   10.406179][    T1] usbcore: registered new interface driver opera1
[   10.407235][    T1] usbcore: registered new interface driver dvb_usb_af9005
[   10.408377][    T1] usbcore: registered new interface driver pctv452e
[   10.409481][    T1] usbcore: registered new interface driver dw2102
[   10.410530][    T1] usbcore: registered new interface driver dvb_usb_dtv5100
[   10.411676][    T1] usbcore: registered new interface driver cinergyT2
[   10.412900][    T1] usbcore: registered new interface driver dvb_usb_az6027
[   10.414057][    T1] usbcore: registered new interface driver dvb_usb_technisat_usb2
[   10.415312][    T1] usbcore: registered new interface driver dvb_usb_af9015
[   10.416482][    T1] usbcore: registered new interface driver dvb_usb_af9035
[   10.417615][    T1] usbcore: registered new interface driver dvb_usb_anysee
[   10.418735][    T1] usbcore: registered new interface driver dvb_usb_au6610
[   10.419862][    T1] usbcore: registered new interface driver dvb_usb_az6007
[   10.420979][    T1] usbcore: registered new interface driver dvb_usb_ce6230
[   10.422122][    T1] usbcore: registered new interface driver dvb_usb_ec168
[   10.423444][    T1] usbcore: registered new interface driver dvb_usb_lmedm04
[   10.424585][    T1] usbcore: registered new interface driver dvb_usb_gl861
[   10.425736][    T1] usbcore: registered new interface driver dvb_usb_mxl111sf
[   10.426915][    T1] usbcore: registered new interface driver dvb_usb_rtl28xxu
[   10.428082][    T1] usbcore: registered new interface driver dvb_usb_dvbsky
[   10.429205][    T1] usbcore: registered new interface driver zd1301
[   10.430262][    T1] usbcore: registered new interface driver s2255
[   10.431320][    T1] usbcore: registered new interface driver smsusb
[   10.432386][    T1] usbcore: registered new interface driver ttusb
[   10.433509][    T1] usbcore: registered new interface driver ttusb-dec
[   10.434608][    T1] usbcore: registered new interface driver Abilis Systems as10x usb driver
[   10.435894][    T1] usbcore: registered new interface driver airspy
[   10.436798][    T1] gspca_main: v2.14.0 registered
[   10.437540][    T1] usbcore: registered new interface driver benq
[   10.438545][    T1] usbcore: registered new interface driver conex
[   10.439554][    T1] usbcore: registered new interface driver cpia1
[   10.440562][    T1] usbcore: registered new interface driver dtcs033
[   10.441607][    T1] usbcore: registered new interface driver etoms
[   10.442689][    T1] usbcore: registered new interface driver finepix
[   10.443730][    T1] usbcore: registered new interface driver jeilinj
[   10.444759][    T1] usbcore: registered new interface driver jl2005bcd
[   10.445856][    T1] usbcore: registered new interface driver kinect
[   10.446892][    T1] usbcore: registered new interface driver konica
[   10.447919][    T1] usbcore: registered new interface driver mars
[   10.448961][    T1] usbcore: registered new interface driver mr97310a
[   10.450048][    T1] usbcore: registered new interface driver nw80x
[   10.451123][    T1] usbcore: registered new interface driver ov519
[   10.452135][    T1] usbcore: registered new interface driver ov534
[   10.453586][    T1] usbcore: registered new interface driver ov534_9
[   10.454663][    T1] usbcore: registered new interface driver pac207
[   10.455708][    T1] usbcore: registered new interface driver gspca_pac7302
[   10.456825][    T1] usbcore: registered new interface driver pac7311
[   10.457873][    T1] usbcore: registered new interface driver se401
[   10.458891][    T1] usbcore: registered new interface driver sn9c2028
[   10.459979][    T1] usbcore: registered new interface driver gspca_sn9c20x
[   10.461093][    T1] usbcore: registered new interface driver sonixb
[   10.462164][    T1] usbcore: registered new interface driver sonixj
[   10.463241][    T1] usbcore: registered new interface driver spca500
[   10.464283][    T1] usbcore: registered new interface driver spca501
[   10.465325][    T1] usbcore: registered new interface driver spca505
[   10.466362][    T1] usbcore: registered new interface driver spca506
[   10.467399][    T1] usbcore: registered new interface driver spca508
[   10.468444][    T1] usbcore: registered new interface driver spca561
[   10.469494][    T1] usbcore: registered new interface driver spca1528
[   10.470555][    T1] usbcore: registered new interface driver sq905
[   10.471573][    T1] usbcore: registered new interface driver sq905c
[   10.472665][    T1] usbcore: registered new interface driver sq930x
[   10.473761][    T1] usbcore: registered new interface driver sunplus
[   10.474813][    T1] usbcore: registered new interface driver stk014
[   10.475847][    T1] usbcore: registered new interface driver stk1135
[   10.476906][    T1] usbcore: registered new interface driver stv0680
[   10.477968][    T1] usbcore: registered new interface driver t613
[   10.479019][    T1] usbcore: registered new interface driver gspca_topro
[   10.480124][    T1] usbcore: registered new interface driver touptek
[   10.481213][    T1] usbcore: registered new interface driver tv8532
[   10.482285][    T1] usbcore: registered new interface driver vc032x
[   10.483379][    T1] usbcore: registered new interface driver vicam
[   10.484429][    T1] usbcore: registered new interface driver xirlink-cit
[   10.485612][    T1] usbcore: registered new interface driver gspca_zc3xx
[   10.486728][    T1] usbcore: registered new interface driver ALi m5602
[   10.487841][    T1] usbcore: registered new interface driver STV06xx
[   10.488914][    T1] usbcore: registered new interface driver gspca_gl860
[   10.490042][    T1] usbcore: registered new interface driver hackrf
[   10.491108][    T1] usbcore: registered new interface driver msi2500
[   10.492198][    T1] usbcore: registered new interface driver Philips webcam
[   10.493503][    T1] usbcore: registered new interface driver uvcvideo
[   10.494449][    T1] au0828: au0828 driver loaded
[   10.495213][    T1] usbcore: registered new interface driver au0828
[   10.496305][    T1] usbcore: registered new interface driver cx231xx
[   10.497531][    T1] usbcore: registered new interface driver em28xx
[   10.498461][    T1] em28xx: Registered (Em28xx v4l2 Extension) extension
[   10.499330][    T1] em28xx: Registered (Em28xx Audio Extension) extension
[   10.500199][    T1] em28xx: Registered (Em28xx dvb Extension) extension
[   10.501046][    T1] em28xx: Registered (Em28xx Input Extension) extension
[   10.502098][    T1] usbcore: registered new interface driver go7007
[   10.503189][    T1] usbcore: registered new interface driver go7007-loader
[   10.504568][    T1] usbcore: registered new interface driver hdpvr
[   10.506086][    T1] usbcore: registered new interface driver pvrusb2
[   10.507081][    T1] pvrusb2: V4L in-tree version:Hauppauge WinTV-PVR-USB2 MPEG2 Encoder/Tuner
[   10.508177][    T1] pvrusb2: Debug mask is 31 (0x1f)
[   10.508980][    T1] usbcore: registered new interface driver stk1160
[   10.510049][    T1] usbcore: registered new interface driver usbtv
[   10.513121][    T1] dvbdev: DVB: registering new adapter (dvb_vidtv_bridge)
[   10.516190][    T1] i2c i2c-0: DVB: registering adapter 0 frontend 0 (Dummy demod for DVB-T/T2/C/S/S2)...
[   10.517622][    T1] dvbdev: dvb_create_media_entity: media entity 'Dummy demod for DVB-T/T2/C/S/S2' registered.
[   10.522445][    T1] dvbdev: dvb_create_media_entity: media entity 'dvb-demux' registered.
[   10.527575][    T1] vidtv vidtv.0: Successfully initialized vidtv!
[   10.529964][    T1] vicodec vicodec.0: Device 'stateful-encoder' registered as /dev/video0
[   10.531547][    T1] vicodec vicodec.0: Device 'stateful-decoder' registered as /dev/video1
[   10.533265][    T1] vicodec vicodec.0: Device 'stateless-decoder' registered as /dev/video2
[   10.535435][    T1] vim2m vim2m.0: Device registered as /dev/video0
[   10.548731][    T1] vivid-000: using single planar format API
[   10.558369][    T1] vivid-000: CEC adapter cec0 registered for HDMI input 0
[   10.559680][    T1] vivid-000: V4L2 capture device registered as video7
[   10.560961][    T1] vivid-000: CEC adapter cec1 registered for HDMI output 0
[   10.562235][    T1] vivid-000: V4L2 output device registered as video8
[   10.563812][    T1] vivid-000: V4L2 capture device registered as vbi0, supports raw and sliced VBI
[   10.565202][    T1] vivid-000: V4L2 output device registered as vbi1, supports raw and sliced VBI
[   10.566585][    T1] vivid-000: V4L2 capture device registered as swradio0
[   10.567680][    T1] vivid-000: V4L2 receiver device registered as radio0
[   10.568772][    T1] vivid-000: V4L2 transmitter device registered as radio1
[   10.569911][    T1] vivid-000: V4L2 metadata capture device registered as video9
[   10.571088][    T1] vivid-000: V4L2 metadata output device registered as video10
[   10.572259][    T1] vivid-000: V4L2 touch capture device registered as v4l-touch0
[   10.573750][    T1] usbcore: registered new interface driver radioshark2
[   10.574694][    T1] usbcore: registered new interface driver radioshark
[   10.575650][    T1] usbcore: registered new interface driver radio-si470x
[   10.576655][    T1] usbcore: registered new interface driver radio-usb-si4713
[   10.577673][    T1] usbcore: registered new interface driver dsbr100
[   10.578564][    T1] usbcore: registered new interface driver radio-keene
[   10.579521][    T1] usbcore: registered new interface driver radio-ma901
[   10.580492][    T1] usbcore: registered new interface driver radio-mr800
[   10.581439][    T1] usbcore: registered new interface driver radio-raremono
[   10.583096][    T1] usbcore: registered new interface driver pcwd_usb
[   10.585517][    T1] device-mapper: core: CONFIG_IMA_DISABLE_HTABLE is disabled. Duplicate IMA measurements will not be recorded in the IMA log.
[   10.587283][    T1] device-mapper: uevent: version 1.0.3
[   10.588664][    T1] device-mapper: ioctl: 4.47.0-ioctl (2022-07-28) initialised: dm-devel@redhat.com
[   10.590660][    T1] device-mapper: multipath round-robin: version 1.2.0 loaded
[   10.591571][    T1] device-mapper: multipath queue-length: version 0.2.0 loaded
[   10.592486][    T1] device-mapper: multipath service-time: version 0.3.0 loaded
[   10.593855][    T1] device-mapper: raid: Loading target version 1.15.1
[   10.595593][    T1] Bluetooth: HCI UART driver ver 2.3
[   10.596255][    T1] Bluetooth: HCI UART protocol H4 registered
[   10.596989][    T1] Bluetooth: HCI UART protocol BCSP registered
[   10.597818][    T1] Bluetooth: HCI UART protocol LL registered
[   10.598610][    T1] Bluetooth: HCI UART protocol Three-wire (H5) registered
[   10.599532][    T1] Bluetooth: HCI UART protocol QCA registered
[   10.600272][    T1] Bluetooth: HCI UART protocol AG6XX registered
[   10.601085][    T1] Bluetooth: HCI UART protocol Marvell registered
[   10.602012][    T1] usbcore: registered new interface driver bcm203x
[   10.603261][    T1] usbcore: registered new interface driver bpa10x
[   10.604171][    T1] usbcore: registered new interface driver bfusb
[   10.605115][    T1] usbcore: registered new interface driver btusb
[   10.606092][    T1] usbcore: registered new interface driver ath3k
[   10.607230][    T1] CAPI 2.0 started up with major 68 (middleware)
[   10.608010][    T1] Modular ISDN core version 1.1.29
[   10.608904][    T1] NET: Registered PF_ISDN protocol family
[   10.609620][    T1] DSP module 2.0
[   10.610052][    T1] mISDN_dsp: DSP clocks every 80 samples. This equals 1 jiffies.
[   10.619183][    T1] mISDN: Layer-1-over-IP driver Rev. 2.00
[   10.620348][    T1] 0 virtual devices registered
[   10.621084][    T1] usbcore: registered new interface driver HFC-S_USB
[   10.621910][    T1] VUB300 Driver rom wait states = 1C irqpoll timeout = 0400
[   10.622467][    T1] usbcore: registered new interface driver vub300
[   10.624269][    T1] usbcore: registered new interface driver ushc
[   10.627627][    T1] iscsi: registered transport (iser)
[   10.629905][    T1] SoftiWARP attached
[   10.631067][    T1] Driver 'memconsole' was unable to register with bus_type 'coreboot' because the bus was not initialized.
[   10.634034][    T1] Driver 'vpd' was unable to register with bus_type 'coreboot' because the bus was not initialized.
[   10.643111][    T1] hid: raw HID events driver (C) Jiri Kosina
[   10.656661][    T1] usbcore: registered new interface driver usbhid
[   10.657466][    T1] usbhid: USB HID core driver
[   10.668634][    T1] usbcore: registered new interface driver es2_ap_driver
[   10.669530][    T1] comedi: version 0.7.76 - http://www.comedi.org
[   10.670498][    T1] usbcore: registered new interface driver dt9812
[   10.671397][    T1] usbcore: registered new interface driver ni6501
[   10.672286][    T1] usbcore: registered new interface driver usbdux
[   10.674899][    T1] usbcore: registered new interface driver usbduxfast
[   10.675855][    T1] usbcore: registered new interface driver usbduxsigma
[   10.676808][    T1] usbcore: registered new interface driver vmk80xx
[   10.677789][    T1] usbcore: registered new interface driver prism2_usb
[   10.678814][    T1] usbcore: registered new interface driver r8712u
[   10.679660][    T1] greybus: registered new driver hid
[   10.680436][    T1] greybus: registered new driver gbphy
[   10.681161][    T1] gb_gbphy: registered new driver usb
[   10.681822][    T1] asus_wmi: ASUS WMI generic driver loaded
[   10.720389][    T1] usbcore: registered new interface driver snd-usb-audio
[   10.721544][    T1] usbcore: registered new interface driver snd-ua101
[   10.722859][    T1] usbcore: registered new interface driver snd-usb-usx2y
[   10.723948][    T1] usbcore: registered new interface driver snd-usb-us122l
[   10.725072][    T1] usbcore: registered new interface driver snd-usb-caiaq
[   10.726187][    T1] usbcore: registered new interface driver snd-usb-6fire
[   10.727290][    T1] usbcore: registered new interface driver snd-usb-hiface
[   10.728374][    T1] usbcore: registered new interface driver snd-bcd2000
[   10.729438][    T1] usbcore: registered new interface driver snd_usb_pod
[   10.730727][    T1] usbcore: registered new interface driver snd_usb_podhd
[   10.731785][    T1] usbcore: registered new interface driver snd_usb_toneport
[   10.732989][    T1] usbcore: registered new interface driver snd_usb_variax
[   10.734094][    T1] drop_monitor: Initializing network drop monitor service
[   10.735168][    T1] NET: Registered PF_LLC protocol family
[   10.735997][    T1] GACT probability on
[   10.736501][    T1] Mirror/redirect action on
[   10.737179][    T1] Simple TC action Loaded
[   10.739417][    T1] netem: version 1.3
[   10.740133][    T1] u32 classifier
[   10.740572][    T1]     Performance counters on
[   10.741145][    T1]     input device check on
[   10.741699][    T1]     Actions configured
[   10.746092][    T1] xt_time: kernel timezone is -0000
[   10.746821][    T1] IPVS: Registered protocols (TCP, UDP, SCTP, AH, ESP)
[   10.747872][    T1] IPVS: Connection hash table configured (size=4096, memory=32Kbytes)
[   10.749111][    T1] IPVS: ipvs loaded.
[   10.749616][    T1] IPVS: [rr] scheduler registered.
[   10.750244][    T1] IPVS: [wrr] scheduler registered.
[   10.750881][    T1] IPVS: [lc] scheduler registered.
[   10.751507][    T1] IPVS: [wlc] scheduler registered.
[   10.752143][    T1] IPVS: [fo] scheduler registered.
[   10.752895][    T1] IPVS: [ovf] scheduler registered.
[   10.753673][    T1] IPVS: [lblc] scheduler registered.
[   10.754329][    T1] IPVS: [lblcr] scheduler registered.
[   10.754983][    T1] IPVS: [dh] scheduler registered.
[   10.755605][    T1] IPVS: [sh] scheduler registered.
[   10.756226][    T1] IPVS: [mh] scheduler registered.
[   10.756854][    T1] IPVS: [sed] scheduler registered.
[   10.757491][    T1] IPVS: [nq] scheduler registered.
[   10.758112][    T1] IPVS: [twos] scheduler registered.
[   10.758821][    T1] IPVS: [sip] pe registered.
[   10.759463][    T1] ipip: IPv4 and MPLS over IPv4 tunneling driver
[   10.761639][    T1] gre: GRE over IPv4 demultiplexor driver
[   10.762342][    T1] ip_gre: GRE over IPv4 tunneling driver
[   10.767262][    T1] IPv4 over IPsec tunneling driver
[   10.769317][    T1] ipt_CLUSTERIP: ClusterIP Version 0.8 loaded successfully
[   10.770585][    T1] Initializing XFRM netlink socket
[   10.772005][    T1] IPsec XFRM device driver
[   10.777657][    T1] NET: Registered PF_INET6 protocol family
[   10.784551][    T1] Segment Routing with IPv6
[   10.785110][    T1] RPL Segment Routing with IPv6
[   10.785756][    T1] In-situ OAM (IOAM) with IPv6
[   10.786604][    T1] mip6: Mobile IPv6
[   10.788480][    T1] sit: IPv6, IPv4 and MPLS over IPv4 tunneling driver
[   10.791514][    T1] ip6_gre: GRE over IPv6 tunneling driver
[   10.793368][    T1] NET: Registered PF_PACKET protocol family
[   10.794122][    T1] NET: Registered PF_KEY protocol family
[   10.795125][    T1] Bridge firewalling registered
[   10.795991][    T1] NET: Registered PF_X25 protocol family
[   10.796720][    T1] X25: Linux Version 0.2
[   10.800398][    T1] NET: Registered PF_NETROM protocol family
[   10.810417][    T1] NET: Registered PF_ROSE protocol family
[   10.811185][    T1] NET: Registered PF_AX25 protocol family
[   10.811912][    T1] can: controller area network core
[   10.812845][    T1] NET: Registered PF_CAN protocol family
[   10.813549][    T1] can: raw protocol
[   10.814045][    T1] can: broadcast manager protocol
[   10.814681][    T1] can: netlink gateway - max_hops=1
[   10.815505][    T1] can: SAE J1939
[   10.815948][    T1] can: isotp protocol
[   10.816567][    T1] Bluetooth: RFCOMM TTY layer initialized
[   10.817304][    T1] Bluetooth: RFCOMM socket layer initialized
[   10.818061][    T1] Bluetooth: RFCOMM ver 1.11
[   10.818645][    T1] Bluetooth: BNEP (Ethernet Emulation) ver 1.3
[   10.819391][    T1] Bluetooth: BNEP filters: protocol multicast
[   10.820138][    T1] Bluetooth: BNEP socket layer initialized
[   10.820849][    T1] Bluetooth: CMTP (CAPI Emulation) ver 1.0
[   10.821570][    T1] Bluetooth: CMTP socket layer initialized
[   10.822277][    T1] Bluetooth: HIDP (Human Interface Emulation) ver 1.2
[   10.823147][    T1] Bluetooth: HIDP socket layer initialized
[   10.825695][    T1] NET: Registered PF_RXRPC protocol family
