bash: warning: setlocale: LC_ALL: cannot change locale (en_US.UTF-8)
c[?7l[2J[0mSeaBIOS (version 1.16.2-debian-1.16.2-1)


iPXE (http://ipxe.org) 00:03.0 CA00 PCI2.10 PnP PMM+7EFCEF00+7EF0EF00 CA00
Press Ctrl-B to configure iPXE (PCI 00:03.0)...                                                                               


Booting from ROM...
c[?7l[2J[    0.000000] Linux version 6.15.0-rc6-00190-g77defca5af82-dirty (root@buildkitsandbox) (gcc (Debian 12.2.0-14+deb12u1) 12.2.0, GNU ld (GNU Binutils for Debian) 2.40) #2 SMP PREEMPT_DYNAMIC Tue May  5 16:37:14 UTC 2026
[    0.000000] Command line: console=ttyS0 oops=panic nokaslr rdinit=/init
[    0.000000] BIOS-provided physical RAM map:
[    0.000000] BIOS-e820: [mem 0x0000000000000000-0x000000000009fbff] usable
[    0.000000] BIOS-e820: [mem 0x000000000009fc00-0x000000000009ffff] reserved
[    0.000000] BIOS-e820: [mem 0x00000000000f0000-0x00000000000fffff] reserved
[    0.000000] BIOS-e820: [mem 0x0000000000100000-0x000000007ffdffff] usable
[    0.000000] BIOS-e820: [mem 0x000000007ffe0000-0x000000007fffffff] reserved
[    0.000000] BIOS-e820: [mem 0x00000000feffc000-0x00000000feffffff] reserved
[    0.000000] BIOS-e820: [mem 0x00000000fffc0000-0x00000000ffffffff] reserved
[    0.000000] NX (Execute Disable) protection: active
[    0.000000] APIC: Static calls initialized
[    0.000000] SMBIOS 2.8 present.
[    0.000000] DMI: QEMU Standard PC (i440FX + PIIX, 1996), BIOS 1.16.2-debian-1.16.2-1 04/01/2014
[    0.000000] DMI: Memory slots populated: 1/1
[    0.000000] Hypervisor detected: KVM
[    0.000000] kvm-clock: Using msrs 4b564d01 and 4b564d00
[    0.000000] kvm-clock: using sched offset of 395276314 cycles
[    0.000002] clocksource: kvm-clock: mask: 0xffffffffffffffff max_cycles: 0x1cd42e4dffb, max_idle_ns: 881590591483 ns
[    0.000004] tsc: Detected 3187.200 MHz processor
[    0.000306] last_pfn = 0x7ffe0 max_arch_pfn = 0x400000000
[    0.000323] MTRR map: 4 entries (3 fixed + 1 variable; max 19), built from 8 variable MTRRs
[    0.000325] x86/PAT: Configuration [0-7]: WB  WC  UC- UC  WB  WP  UC- WT  
[    0.004967] found SMP MP-table at [mem 0x000f5ba0-0x000f5baf]
[    0.004972] Using GB pages for direct mapping
[    0.005159] RAMDISK: [mem 0x7fe8f000-0x7ffdffff]
[    0.005163] ACPI: Early table checksum verification disabled
[    0.005165] ACPI: RSDP 0x00000000000F59D0 000014 (v00 BOCHS )
[    0.005169] ACPI: RSDT 0x000000007FFE1D68 000034 (v01 BOCHS  BXPC     00000001 BXPC 00000001)
[    0.005174] ACPI: FACP 0x000000007FFE1BE4 000074 (v01 BOCHS  BXPC     00000001 BXPC 00000001)
[    0.005179] ACPI: DSDT 0x000000007FFE0040 001BA4 (v01 BOCHS  BXPC     00000001 BXPC 00000001)
[    0.005182] ACPI: FACS 0x000000007FFE0000 000040
[    0.005185] ACPI: APIC 0x000000007FFE1C58 0000B0 (v01 BOCHS  BXPC     00000001 BXPC 00000001)
[    0.005187] ACPI: HPET 0x000000007FFE1D08 000038 (v01 BOCHS  BXPC     00000001 BXPC 00000001)
[    0.005190] ACPI: WAET 0x000000007FFE1D40 000028 (v01 BOCHS  BXPC     00000001 BXPC 00000001)
[    0.005192] ACPI: Reserving FACP table memory at [mem 0x7ffe1be4-0x7ffe1c57]
[    0.005193] ACPI: Reserving DSDT table memory at [mem 0x7ffe0040-0x7ffe1be3]
[    0.005193] ACPI: Reserving FACS table memory at [mem 0x7ffe0000-0x7ffe003f]
[    0.005194] ACPI: Reserving APIC table memory at [mem 0x7ffe1c58-0x7ffe1d07]
[    0.005195] ACPI: Reserving HPET table memory at [mem 0x7ffe1d08-0x7ffe1d3f]
[    0.005195] ACPI: Reserving WAET table memory at [mem 0x7ffe1d40-0x7ffe1d67]
[    0.005398] No NUMA configuration found
[    0.005398] Faking a node at [mem 0x0000000000000000-0x000000007ffdffff]
[    0.005400] NODE_DATA(0) allocated [mem 0x7fe8b800-0x7fe8efff]
[    0.005407] Zone ranges:
[    0.005408]   DMA      [mem 0x0000000000001000-0x0000000000ffffff]
[    0.005409]   DMA32    [mem 0x0000000001000000-0x000000007ffdffff]
[    0.005410]   Normal   empty
[    0.005410] Movable zone start for each node
[    0.005411] Early memory node ranges
[    0.005411]   node   0: [mem 0x0000000000001000-0x000000000009efff]
[    0.005412]   node   0: [mem 0x0000000000100000-0x000000007ffdffff]
[    0.005413] Initmem setup node 0 [mem 0x0000000000001000-0x000000007ffdffff]
[    0.005748] On node 0, zone DMA: 1 pages in unavailable ranges
[    0.005873] On node 0, zone DMA: 97 pages in unavailable ranges
[    0.025960] On node 0, zone DMA32: 32 pages in unavailable ranges
[    0.871621] kasan: KernelAddressSanitizer initialized
[    0.871814] ACPI: PM-Timer IO Port: 0x608
[    0.871828] ACPI: LAPIC_NMI (acpi_id[0xff] dfl dfl lint[0x1])
[    0.871856] IOAPIC[0]: apic_id 0, version 17, address 0xfec00000, GSI 0-23
[    0.871859] ACPI: INT_SRC_OVR (bus 0 bus_irq 0 global_irq 2 dfl dfl)
[    0.871860] ACPI: INT_SRC_OVR (bus 0 bus_irq 5 global_irq 5 high level)
[    0.871861] ACPI: INT_SRC_OVR (bus 0 bus_irq 9 global_irq 9 high level)
[    0.871862] ACPI: INT_SRC_OVR (bus 0 bus_irq 10 global_irq 10 high level)
[    0.871863] ACPI: INT_SRC_OVR (bus 0 bus_irq 11 global_irq 11 high level)
[    0.871865] ACPI: Using ACPI (MADT) for SMP configuration information
[    0.871866] ACPI: HPET id: 0x8086a201 base: 0xfed00000
[    0.871870] TSC deadline timer available
[    0.871873] CPU topo: Max. logical packages:   1
[    0.871874] CPU topo: Max. logical dies:       1
[    0.871874] CPU topo: Max. dies per package:   1
[    0.871876] CPU topo: Max. threads per core:   1
[    0.871877] CPU topo: Num. cores per package:     8
[    0.871877] CPU topo: Num. threads per package:   8
[    0.871877] CPU topo: Allowing 8 present CPUs plus 0 hotplug CPUs
[    0.871891] kvm-guest: APIC: eoi() replaced with kvm_guest_apic_eoi_write()
[    0.871904] kvm-guest: KVM setup pv remote TLB flush
[    0.871906] kvm-guest: setup PV sched yield
[    0.871913] PM: hibernation: Registered nosave memory: [mem 0x00000000-0x00000fff]
[    0.871914] PM: hibernation: Registered nosave memory: [mem 0x0009f000-0x000fffff]
[    0.871915] [mem 0x80000000-0xfeffbfff] available for PCI devices
[    0.871916] Booting paravirtualized kernel on KVM
[    0.871918] clocksource: refined-jiffies: mask: 0xffffffff max_cycles: 0xffffffff, max_idle_ns: 1910969940391419 ns
[    0.880299] setup_percpu: NR_CPUS:64 nr_cpumask_bits:8 nr_cpu_ids:8 nr_node_ids:1
[    0.881364] percpu: Embedded 63 pages/cpu s220760 r8192 d29096 u262144
[    0.881394] Kernel command line: console=ttyS0 oops=panic nokaslr rdinit=/init
[    0.881432] random: crng init done
[    0.881433] printk: log buffer data + meta data: 262144 + 917504 = 1179648 bytes
[    0.882360] Dentry cache hash table entries: 262144 (order: 9, 2097152 bytes, linear)
[    0.882731] Inode-cache hash table entries: 131072 (order: 8, 1048576 bytes, linear)
[    0.882967] Fallback order for Node 0: 0 
[    0.882970] Built 1 zonelists, mobility grouping on.  Total pages: 524158
[    0.882971] Policy zone: DMA32
[    0.882972] mem auto-init: stack:all(zero), heap alloc:off, heap free:off
[    0.882973] stackdepot: allocating hash table via alloc_large_system_hash
[    0.882974] stackdepot hash table entries: 1048576 (order: 12, 16777216 bytes, linear)
[    0.915071] SLUB: HWalign=64, Order=0-3, MinObjects=0, CPUs=8, Nodes=1
[    0.916244] Dynamic Preempt: voluntary
[    0.916680] rcu: Preemptible hierarchical RCU implementation.
[    0.916681] rcu: 	RCU event tracing is enabled.
[    0.916682] rcu: 	RCU restricting CPUs from NR_CPUS=64 to nr_cpu_ids=8.
[    0.916683] 	Trampoline variant of Tasks RCU enabled.
[    0.916684] 	Tracing variant of Tasks RCU enabled.
[    0.916684] rcu: RCU calculated value of scheduler-enlistment delay is 100 jiffies.
[    0.916685] rcu: Adjusting geometry for rcu_fanout_leaf=16, nr_cpu_ids=8
[    0.916712] RCU Tasks: Setting shift to 3 and lim to 1 rcu_task_cb_adjust=1 rcu_task_cpu_ids=8.
[    0.916715] RCU Tasks Trace: Setting shift to 3 and lim to 1 rcu_task_cb_adjust=1 rcu_task_cpu_ids=8.
[    0.925082] NR_IRQS: 4352, nr_irqs: 488, preallocated irqs: 16
[    0.925333] rcu: srcu_init: Setting srcu_struct sizes based on contention.
[    0.927564] Console: colour VGA+ 80x25
[    0.927593] printk: legacy console [ttyS0] enabled
[    0.965721] ACPI: Core revision 20240827
[    0.966071] clocksource: hpet: mask: 0xffffffff max_cycles: 0xffffffff, max_idle_ns: 19112604467 ns
[    0.966622] APIC: Switch to symmetric I/O mode setup
[    0.967136] x2apic enabled
[    0.967436] APIC: Switched APIC routing to: physical x2apic
[    0.967866] kvm-guest: APIC: send_IPI_mask() replaced with kvm_send_ipi_mask()
[    0.968272] kvm-guest: APIC: send_IPI_mask_allbutself() replaced with kvm_send_ipi_mask_allbutself()
[    0.968891] kvm-guest: setup PV IPIs
[    0.969724] ..TIMER: vector=0x30 apic1=0 pin1=2 apic2=-1 pin2=-1
[    0.970070] clocksource: tsc-early: mask: 0xffffffffffffffff max_cycles: 0x2df10e7656b, max_idle_ns: 440795364873 ns
[    0.970675] Calibrating delay loop (skipped) preset value.. 6374.40 BogoMIPS (lpj=3187200)
[    0.971204] x86/cpu: User Mode Instruction Prevention (UMIP) activated
[    0.971613] Last level iTLB entries: 4KB 0, 2MB 0, 4MB 0
[    0.971673] Last level dTLB entries: 4KB 0, 2MB 0, 4MB 0, 1GB 0
[    0.972006] Spectre V1 : Mitigation: usercopy/swapgs barriers and __user pointer sanitization
[    0.972676] Spectre V2 : Spectre BHI mitigation: SW BHB clearing on syscall and VM exit
[    0.973123] Spectre V2 : Mitigation: Enhanced / Automatic IBRS
[    0.973673] Spectre V2 : Spectre v2 / PBRSB-eIBRS: Retire a single CALL on VMEXIT
[    0.974092] Spectre V2 : mitigation: Enabling conditional Indirect Branch Prediction Barrier
[    0.974561] Speculative Store Bypass: Mitigation: Speculative Store Bypass disabled via prctl
[    0.974673] MMIO Stale Data: Unknown: No mitigations
[    0.974952] ITS: Mitigation: Aligned branch/return thunks
[    0.975264] x86/fpu: Supporting XSAVE feature 0x001: 'x87 floating point registers'
[    0.975673] x86/fpu: Supporting XSAVE feature 0x002: 'SSE registers'
[    0.976037] x86/fpu: Supporting XSAVE feature 0x004: 'AVX registers'
[    0.976673] x86/fpu: Supporting XSAVE feature 0x200: 'Protection Keys User registers'
[    0.977121] x86/fpu: xstate_offset[2]:  576, xstate_sizes[2]:  256
[    0.977473] x86/fpu: xstate_offset[9]:  832, xstate_sizes[9]:    8
[    0.977673] x86/fpu: Enabled xstate features 0x207, context size is 840 bytes, using 'compacted' format.
[    0.996791] Freeing SMP alternatives memory: 52K
[    0.997098] pid_max: default: 32768 minimum: 301
[    0.997423] LSM: initializing lsm=capability,selinux
[    0.997694] SELinux:  Initializing.
[    0.998057] Mount-cache hash table entries: 4096 (order: 3, 32768 bytes, linear)
[    0.998499] Mountpoint-cache hash table entries: 4096 (order: 3, 32768 bytes, linear)
[    0.999259] smpboot: CPU0: Intel(R) Core(TM) i9-14900K (family: 0x6, model: 0xb7, stepping: 0x1)
[    0.999672] Performance Events: unsupported CPU family 6 model 183 no PMU driver, software events only.
[    0.999695] signal: max sigframe size: 3632
[    0.999977] rcu: Hierarchical SRCU implementation.
[    1.000252] rcu: 	Max phase no-delay instances is 400.
[    1.000690] Timer migration: 1 hierarchy levels; 8 children per group; 1 crossnode level
[    1.003376] smp: Bringing up secondary CPUs ...
[    1.003895] smpboot: x86: Booting SMP configuration:
[    1.004188] .... node  #0, CPUs:      #1 #2 #3 #4 #5 #6 #7
[    1.011704] smp: Brought up 1 node, 8 CPUs
[    1.012266] smpboot: Total of 8 processors activated (50995.20 BogoMIPS)
[    1.012910] Memory: 1665964K/2096632K available (51870K kernel code, 8748K rwdata, 11360K rodata, 6108K init, 1160K bss, 420188K reserved, 0K cma-reserved)
[    1.086790] devtmpfs: initialized
[    1.089927] clocksource: jiffies: mask: 0xffffffff max_cycles: 0xffffffff, max_idle_ns: 1911260446275000 ns
[    1.090678] posixtimers hash table entries: 4096 (order: 4, 65536 bytes, linear)
[    1.091132] futex hash table entries: 2048 (order: 5, 131072 bytes, linear)
[    1.091768] PM: RTC time: 16:40:54, date: 2026-05-05
[    1.092308] NET: Registered PF_NETLINK/PF_ROUTE protocol family
[    1.092905] audit: initializing netlink subsys (disabled)
[    1.093235] audit: type=2000 audit(1777999254.746:1): state=initialized audit_enabled=0 res=1
[    1.093708] thermal_sys: Registered thermal governor 'step_wise'
[    1.094138] cpuidle: using governor menu
[    1.095035] PCI: Using configuration type 1 for base access
[    1.095429] kprobes: kprobe jump-optimization is enabled. All kprobes are optimized if possible.
[    1.096805] HugeTLB: allocation took 0ms with hugepage_allocation_threads=2
[    1.096805] HugeTLB: registered 2.00 MiB page size, pre-allocated 0 pages
[    1.097080] HugeTLB: 28 KiB vmemmap can be freed for a 2.00 MiB page
[    1.097870] ACPI: Added _OSI(Module Device)
[    1.098113] ACPI: Added _OSI(Processor Device)
[    1.098371] ACPI: Added _OSI(3.0 _SCP Extensions)
[    1.098674] ACPI: Added _OSI(Processor Aggregator Device)
[    1.106288] ACPI: 1 ACPI AML tables successfully acquired and loaded
[    1.108550] ACPI: Interpreter enabled
[    1.109712] ACPI: PM: (supports S0 S3 S4 S5)
[    1.109965] ACPI: Using IOAPIC for interrupt routing
[    1.110294] PCI: Using host bridge windows from ACPI; if necessary, use "pci=nocrs" and report a bug
[    1.110673] PCI: Using E820 reservations for host bridge windows
[    1.111395] ACPI: Enabled 2 GPEs in block 00 to 0F
[    1.125354] ACPI: PCI Root Bridge [PCI0] (domain 0000 [bus 00-ff])
[    1.125681] acpi PNP0A03:00: _OSC: OS supports [ASPM ClockPM Segments MSI HPX-Type3]
[    1.126132] acpi PNP0A03:00: _OSC: not requesting OS control; OS requires [ExtendedConfig ASPM ClockPM MSI]
[    1.126738] acpi PNP0A03:00: fail to add MMCONFIG information, can't access extended configuration space under this bridge
[    1.127578] PCI host bridge to bus 0000:00
[    1.127704] pci_bus 0000:00: root bus resource [io  0x0000-0x0cf7 window]
[    1.128100] pci_bus 0000:00: root bus resource [io  0x0d00-0xffff window]
[    1.128495] pci_bus 0000:00: root bus resource [mem 0x000a0000-0x000bffff window]
[    1.128675] pci_bus 0000:00: root bus resource [mem 0x80000000-0xfebfffff window]
[    1.129108] pci_bus 0000:00: root bus resource [mem 0x100000000-0x17fffffff window]
[    1.129555] pci_bus 0000:00: root bus resource [bus 00-ff]
[    1.129704] pci 0000:00:00.0: [8086:1237] type 00 class 0x060000 conventional PCI endpoint
[    1.134687] pci 0000:00:01.0: [8086:7000] type 00 class 0x060100 conventional PCI endpoint
[    1.139467] pci 0000:00:01.1: [8086:7010] type 00 class 0x010180 conventional PCI endpoint
[    1.141018] pci 0000:00:01.1: BAR 4 [io  0xc040-0xc04f]
[    1.141357] pci 0000:00:01.1: BAR 0 [io  0x01f0-0x01f7]: legacy IDE quirk
[    1.141674] pci 0000:00:01.1: BAR 1 [io  0x03f6]: legacy IDE quirk
[    1.142044] pci 0000:00:01.1: BAR 2 [io  0x0170-0x0177]: legacy IDE quirk
[    1.142450] pci 0000:00:01.1: BAR 3 [io  0x0376]: legacy IDE quirk
[    1.143213] pci 0000:00:01.3: [8086:7113] type 00 class 0x068000 conventional PCI endpoint
[    1.143863] pci 0000:00:01.3: quirk: [io  0x0600-0x063f] claimed by PIIX4 ACPI
[    1.144284] pci 0000:00:01.3: quirk: [io  0x0700-0x070f] claimed by PIIX4 SMB
[    1.144838] pci 0000:00:02.0: [1234:1111] type 00 class 0x030000 conventional PCI endpoint
[    1.148031] pci 0000:00:02.0: BAR 0 [mem 0xfd000000-0xfdffffff pref]
[    1.148447] pci 0000:00:02.0: BAR 2 [mem 0xfebf0000-0xfebf0fff]
[    1.148690] pci 0000:00:02.0: ROM [mem 0xfebe0000-0xfebeffff pref]
[    1.149246] pci 0000:00:02.0: Video device with shadowed ROM at [mem 0x000c0000-0x000dffff]
[    1.154638] pci 0000:00:03.0: [8086:100e] type 00 class 0x020000 conventional PCI endpoint
[    1.155259] pci 0000:00:03.0: BAR 0 [mem 0xfebc0000-0xfebdffff]
[    1.155610] pci 0000:00:03.0: BAR 1 [io  0xc000-0xc03f]
[    1.156694] pci 0000:00:03.0: ROM [mem 0xfeb80000-0xfebbffff pref]
[    1.162719] ACPI: PCI: Interrupt link LNKA configured for IRQ 10
[    1.163508] ACPI: PCI: Interrupt link LNKB configured for IRQ 10
[    1.164064] ACPI: PCI: Interrupt link LNKC configured for IRQ 11
[    1.164837] ACPI: PCI: Interrupt link LNKD configured for IRQ 11
[    1.165376] ACPI: PCI: Interrupt link LNKS configured for IRQ 9
[    1.168612] iommu: Default domain type: Translated
[    1.168674] iommu: DMA domain TLB invalidation policy: lazy mode
[    1.169486] SCSI subsystem initialized
[    1.169914] ACPI: bus type USB registered
[    1.170288] usbcore: registered new interface driver usbfs
[    1.170715] usbcore: registered new interface driver hub
[    1.171069] usbcore: registered new device driver usb
[    1.172794] pps_core: LinuxPPS API ver. 1 registered
[    1.173098] pps_core: Software ver. 5.3.6 - Copyright 2005-2007 Rodolfo Giometti <giometti@linux.it>
[    1.173678] PTP clock support registered
[    1.173970] Advanced Linux Sound Architecture Driver Initialized.
[    1.175453] NetLabel: Initializing
[    1.175658] NetLabel:  domain hash size = 128
[    1.175674] NetLabel:  protocols = UNLABELED CIPSOv4 CALIPSO
[    1.176128] NetLabel:  unlabeled traffic allowed by default
[    1.176812] PCI: Using ACPI for IRQ routing
[    1.177064] pci 0000:00:02.0: vgaarb: setting as boot VGA device
[    1.177066] pci 0000:00:02.0: vgaarb: bridge control possible
[    1.177406] pci 0000:00:02.0: vgaarb: VGA device added: decodes=io+mem,owns=io+mem,locks=none
[    1.178674] vgaarb: loaded
[    1.179150] hpet0: at MMIO 0xfed00000, IRQs 2, 8, 0
[    1.179448] hpet0: 3 comparators, 64-bit 100.000000 MHz counter
[    1.182789] clocksource: Switched to clocksource kvm-clock
[    1.183661] VFS: Disk quotas dquot_6.6.0
[    1.183918] VFS: Dquot-cache hash table entries: 512 (order 0, 4096 bytes)
[    1.184826] pnp: PnP ACPI init
[    1.186298] pnp: PnP ACPI: found 6 devices
[    1.196322] clocksource: acpi_pm: mask: 0xffffff max_cycles: 0xffffff, max_idle_ns: 2085701024 ns
[    1.197043] NET: Registered PF_INET protocol family
[    1.197577] IP idents hash table entries: 32768 (order: 6, 262144 bytes, linear)
[    1.199060] tcp_listen_portaddr_hash hash table entries: 1024 (order: 2, 16384 bytes, linear)
[    1.199689] Table-perturb hash table entries: 65536 (order: 6, 262144 bytes, linear)
[    1.200250] TCP established hash table entries: 16384 (order: 5, 131072 bytes, linear)
[    1.201200] TCP bind hash table entries: 16384 (order: 7, 524288 bytes, linear)
[    1.201926] TCP: Hash tables configured (established 16384 bind 16384)
[    1.202509] UDP hash table entries: 1024 (order: 4, 65536 bytes, linear)
[    1.203009] UDP-Lite hash table entries: 1024 (order: 4, 65536 bytes, linear)
[    1.203673] NET: Registered PF_UNIX/PF_LOCAL protocol family
[    1.204652] RPC: Registered named UNIX socket transport module.
[    1.205069] RPC: Registered udp transport module.
[    1.205407] RPC: Registered tcp transport module.
[    1.205736] RPC: Registered tcp-with-tls transport module.
[    1.206119] RPC: Registered tcp NFSv4.1 backchannel transport module.
[    1.207072] pci_bus 0000:00: resource 4 [io  0x0000-0x0cf7 window]
[    1.207514] pci_bus 0000:00: resource 5 [io  0x0d00-0xffff window]
[    1.207931] pci_bus 0000:00: resource 6 [mem 0x000a0000-0x000bffff window]
[    1.208327] pci_bus 0000:00: resource 7 [mem 0x80000000-0xfebfffff window]
[    1.208725] pci_bus 0000:00: resource 8 [mem 0x100000000-0x17fffffff window]
[    1.209226] pci 0000:00:01.0: PIIX3: Enabling Passive Release
[    1.209568] pci 0000:00:00.0: Limiting direct PCI/PCI transfers
[    1.209942] PCI: CLS 0 bytes, default 64
[    1.210251] RAPL PMU: API unit is 2^-32 Joules, 0 fixed counters, 10737418240 ms ovfl timer
[    1.210389] Unpacking initramfs...
[    1.210757] clocksource: tsc: mask: 0xffffffffffffffff max_cycles: 0x2df10e7656b, max_idle_ns: 440795364873 ns
[    1.221107] Initialise system trusted keyrings
[    1.221719] workingset: timestamp_bits=56 max_order=19 bucket_order=0
[    1.222969] NFS: Registering the id_resolver key type
[    1.223285] Key type id_resolver registered
[    1.223537] Key type id_legacy registered
[    1.223883] 9p: Installing v9fs 9p2000 file system support
[    1.225480] Freeing initrd memory: 1348K
[    1.231632] Key type asymmetric registered
[    1.231901] Asymmetric key parser 'x509' registered
[    1.232254] Block layer SCSI generic (bsg) driver version 0.4 loaded (major 251)
[    1.232717] io scheduler mq-deadline registered
[    1.232988] io scheduler kyber registered
[    1.233884] input: Power Button as /devices/LNXSYSTM:00/LNXPWRBN:00/input/input0
[    1.234500] ACPI: button: Power Button [PWRF]
[    1.236364] Serial: 8250/16550 driver, 4 ports, IRQ sharing enabled
[    1.236980] 00:04: ttyS0 at I/O 0x3f8 (irq = 4, base_baud = 115200) is a 16550A
[    1.239271] Non-volatile memory driver v1.3
[    1.239529] Linux agpgart interface v0.103
[    1.239923] ACPI: bus type drm_connector registered
[    1.247196] loop: module loaded
[    1.249100] scsi host0: ata_piix
[    1.249714] scsi host1: ata_piix
[    1.250020] ata1: PATA max MWDMA2 cmd 0x1f0 ctl 0x3f6 bmdma 0xc040 irq 14 lpm-pol 0
[    1.250479] ata2: PATA max MWDMA2 cmd 0x170 ctl 0x376 bmdma 0xc048 irq 15 lpm-pol 0
[    1.251908] e100: Intel(R) PRO/100 Network Driver
[    1.252184] e100: Copyright(c) 1999-2006 Intel Corporation
[    1.252543] e1000: Intel(R) PRO/1000 Network Driver
[    1.252827] e1000: Copyright (c) 1999-2006 Intel Corporation.
[    1.406557] ata2: found unknown device (class 0)
[    1.408377] ata2.00: ATAPI: QEMU DVD-ROM, 2.5+, max UDMA/100
[    1.409645] scsi 1:0:0:0: CD-ROM            QEMU     QEMU DVD-ROM     2.5+ PQ: 0 ANSI: 5
[    1.437870] sr 1:0:0:0: [sr0] scsi3-mmc drive: 4x/4x cd/rw xa/form2 tray
[    1.438272] cdrom: Uniform CD-ROM driver Revision: 3.20
[    1.450252] sr 1:0:0:0: Attached scsi generic sg0 type 5
[    1.575305] ACPI: \_SB_.LNKC: Enabled at IRQ 11
[    1.860047] e1000 0000:00:03.0 eth0: (PCI:33MHz:32-bit) 52:54:00:12:34:56
[    1.860454] e1000 0000:00:03.0 eth0: Intel(R) PRO/1000 Network Connection
[    1.860918] e1000e: Intel(R) PRO/1000 Network Driver
[    1.861219] e1000e: Copyright(c) 1999 - 2015 Intel Corporation.
[    1.861611] sky2: driver version 1.30
[    1.862270] usbcore: registered new interface driver usblp
[    1.862637] usbcore: registered new interface driver usb-storage
[    1.863060] i8042: PNP: PS/2 Controller [PNP0303:KBD,PNP0f13:MOU] at 0x60,0x64 irq 1,12
[    1.864164] serio: i8042 KBD port at 0x60,0x64 irq 1
[    1.864469] serio: i8042 AUX port at 0x60,0x64 irq 12
[    1.865096] rtc_cmos 00:05: RTC can wake from S4
[    1.866080] input: AT Translated Set 2 keyboard as /devices/platform/i8042/serio0/input/input1
[    1.866096] rtc_cmos 00:05: registered as rtc0
[    1.866958] rtc_cmos 00:05: alarms up to one day, y3k, 242 bytes nvram, hpet irqs
[    1.867715] device-mapper: ioctl: 4.49.0-ioctl (2025-01-17) initialised: dm-devel@lists.linux.dev
[    1.868345] intel_pstate: CPU model not supported
[    1.934072] hid: raw HID events driver (C) Jiri Kosina
[    1.935039] usbcore: registered new interface driver usbhid
[    1.935371] usbhid: USB HID core driver
[    1.936148] netem: version 1.3
[    1.937010] Initializing XFRM netlink socket
[    1.937346] NET: Registered PF_INET6 protocol family
[    1.938866] Segment Routing with IPv6
[    1.939135] In-situ OAM (IOAM) with IPv6
[    1.939436] sit: IPv6, IPv4 and MPLS over IPv4 tunneling driver
[    1.940119] NET: Registered PF_PACKET protocol family
[    1.940512] 9pnet: Installing 9P2000 support
[    1.941220] Key type dns_resolver registered
[    1.943677] IPI shorthand broadcast: enabled
[    1.954361] sched_clock: Marking stable (1913001076, 41330542)->(1958005220, -3673602)
[    1.955599] registered taskstats version 1
[    1.955844] Loading compiled-in X.509 certificates
[    1.964037] Demotion targets for Node 0: null
[    1.964443] PM:   Magic number: 10:199:691
[    1.964690] sound timer: hash matches
[    1.964990] printk: legacy console [netcon0] enabled
[    1.965279] netconsole: network logging started
[    1.966512] cfg80211: Loading compiled-in X.509 certificates for regulatory database
[    1.967264] kworker/u32:1 (91) used greatest stack depth: 29648 bytes left
[    1.967696] kworker/u32:1 (92) used greatest stack depth: 28888 bytes left
[    1.968784] Loaded X.509 cert 'sforshee: 00b28ddf47aef9cea7'
[    1.969239] Loaded X.509 cert 'wens: 61c038651aabdcf94bd0ac7ff06c7248db18c600'
[    1.969801] platform regulatory.0: Direct firmware load for regulatory.db failed with error -2
[    1.970308] cfg80211: failed to load regulatory.db
[    1.970381] ALSA device list:
[    1.971139]   No soundcards found.
[    1.973990] Freeing unused kernel image (initmem) memory: 6108K
[    1.974733] Write protecting the kernel read-only data: 65536k
[    1.976261] Freeing unused kernel image (text/rodata gap) memory: 1376K
[    1.976743] Freeing unused kernel image (rodata/data gap) memory: 928K
[    1.985426] x86/mm: Checked W+X mappings: passed, no W+X pages found.
[    1.985739] Run /init as init process
[    1.987409] mount (96) used greatest stack depth: 28216 bytes left

secb: rootfs ready
---- poc begin ----
poc: starting
poc: entered user+net namespace
poc: lo up
poc: added root DRR qdisc 1:
poc: added basic filter 1: -> 1:1
poc: added DRR class 1:1
poc: added HFSC qdisc 2:
poc: added HFSC class 2:1 (rt m1=8 d=1 m2=0)
poc: added NETEM qdisc 3:
poc: added BLACKHOLE qdisc 4:
[    2.009156] drr_dequeue: hfsc qdisc 2: is non-work-conserving?
poc: sent first UDP packet (seeds stale DRR active list)
poc: deleted DRR class 1:1
poc: sent second UDP packe[    2.011005] poc (102) used greatest stack depth: 27392 bytes left
t (UAF trigger)
poc: done (no crash observed)
---- poc end rc=0 ----
secb: poc exited without crashing the kernel
[    2.280274] input: ImExPS/2 Generic Explorer Mouse as /devices/platform/i8042/serio1/input/input3
[    3.282448] ACPI: PM: Preparing to enter system sleep state S5
[    3.282903] reboot: Power down
NO_CRASH_DETECTED
