bash: warning: setlocale: LC_ALL: cannot change locale (en_US.UTF-8)
c[?7l[2J[0mSeaBIOS (version 1.16.2-debian-1.16.2-1)


iPXE (http://ipxe.org) 00:03.0 CA00 PCI2.10 PnP PMM+7EFCEF00+7EF0EF00 CA00
Press Ctrl-B to configure iPXE (PCI 00:03.0)...                                                                               


Booting from ROM...
c[?7l[2JNo EFI environment detected.
early console in extract_kernel
input_data: 0x0000000004bf03a8
input_len: 0x000000000198d3ce
output: 0x0000000001000000
output_len: 0x00000000055079e0
kernel_total_size: 0x0000000005230000
needed_size: 0x0000000005600000
trampoline_32bit: 0x000000000009d000


KASLR disabled: 'nokaslr' on cmdline.


Decompressing Linux... Parsing ELF... No relocation needed... done.
Booting the kernel (entry_offset: 0x0000000000000000).
[    0.000000] Linux version 6.4.0-04323-g400c4a66f9a8-dirty (root@buildkitsandbox) (gcc (Debian 12.2.0-14+deb12u1) 12.2.0, GNU ld (GNU Binutils for Debian) 2.40) #2 SMP PREEMPT_DYNAMIC Fri May 15 16:37:13 UTC 2026
[    0.000000] Command line: console=ttyS0 oops=panic panic=-1 nokaslr earlyprintk=serial
[    0.000000] BIOS-provided physical RAM map:
[    0.000000] BIOS-e820: [mem 0x0000000000000000-0x000000000009fbff] usable
[    0.000000] BIOS-e820: [mem 0x000000000009fc00-0x000000000009ffff] reserved
[    0.000000] BIOS-e820: [mem 0x00000000000f0000-0x00000000000fffff] reserved
[    0.000000] BIOS-e820: [mem 0x0000000000100000-0x000000007ffdffff] usable
[    0.000000] BIOS-e820: [mem 0x000000007ffe0000-0x000000007fffffff] reserved
[    0.000000] BIOS-e820: [mem 0x00000000feffc000-0x00000000feffffff] reserved
[    0.000000] BIOS-e820: [mem 0x00000000fffc0000-0x00000000ffffffff] reserved
[    0.000000] printk: bootconsole [earlyser0] enabled
[    0.000000] NX (Execute Disable) protection: active
[    0.000000] SMBIOS 2.8 present.
[    0.000000] DMI: QEMU Standard PC (i440FX + PIIX, 1996), BIOS 1.16.2-debian-1.16.2-1 04/01/2014
[    0.000000] Hypervisor detected: KVM
[    0.000000] kvm-clock: Using msrs 4b564d01 and 4b564d00
[    0.000002] kvm-clock: using sched offset of 442080123 cycles
[    0.001405] clocksource: kvm-clock: mask: 0xffffffffffffffff max_cycles: 0x1cd42e4dffb, max_idle_ns: 881590591483 ns
[    0.006071] tsc: Detected 2995.198 MHz processor
[    0.007884] last_pfn = 0x7ffe0 max_arch_pfn = 0x400000000
[    0.009520] MTRR map: 4 entries (3 fixed + 1 variable; max 19), built from 8 variable MTRRs
[    0.011843] x86/PAT: Configuration [0-7]: WB  WC  UC- UC  WB  WP  UC- WT  
[    0.018963] found SMP MP-table at [mem 0x000f5ba0-0x000f5baf]
[    0.020584] Using GB pages for direct mapping
[    0.021866] Incomplete global flushes, disabling PCID
[    0.022010] RAMDISK: [mem 0x7fe8f000-0x7ffdffff]
[    0.025326] ACPI: Early table checksum verification disabled
[    0.026857] ACPI: RSDP 0x00000000000F59D0 000014 (v00 BOCHS )
[    0.028485] ACPI: RSDT 0x000000007FFE1B33 000034 (v01 BOCHS  BXPC     00000001 BXPC 00000001)
[    0.030748] ACPI: FACP 0x000000007FFE19DF 000074 (v01 BOCHS  BXPC     00000001 BXPC 00000001)
[    0.033061] ACPI: DSDT 0x000000007FFE0040 00199F (v01 BOCHS  BXPC     00000001 BXPC 00000001)
[    0.035419] ACPI: FACS 0x000000007FFE0000 000040
[    0.036731] ACPI: APIC 0x000000007FFE1A53 000080 (v01 BOCHS  BXPC     00000001 BXPC 00000001)
[    0.039159] ACPI: HPET 0x000000007FFE1AD3 000038 (v01 BOCHS  BXPC     00000001 BXPC 00000001)
[    0.042080] ACPI: WAET 0x000000007FFE1B0B 000028 (v01 BOCHS  BXPC     00000001 BXPC 00000001)
[    0.044687] ACPI: Reserving FACP table memory at [mem 0x7ffe19df-0x7ffe1a52]
[    0.046602] ACPI: Reserving DSDT table memory at [mem 0x7ffe0040-0x7ffe19de]
[    0.048380] ACPI: Reserving FACS table memory at [mem 0x7ffe0000-0x7ffe003f]
[    0.050132] ACPI: Reserving APIC table memory at [mem 0x7ffe1a53-0x7ffe1ad2]
[    0.051950] ACPI: Reserving HPET table memory at [mem 0x7ffe1ad3-0x7ffe1b0a]
[    0.053921] ACPI: Reserving WAET table memory at [mem 0x7ffe1b0b-0x7ffe1b32]
[    0.056524] No NUMA configuration found
[    0.057562] Faking a node at [mem 0x0000000000000000-0x000000007ffdffff]
[    0.059372] NODE_DATA(0) allocated [mem 0x7fe8b000-0x7fe8efff]
[    0.060939] Zone ranges:
[    0.061602]   DMA      [mem 0x0000000000001000-0x0000000000ffffff]
[    0.063413]   DMA32    [mem 0x0000000001000000-0x000000007ffdffff]
[    0.065134]   Normal   empty
[    0.066034] Movable zone start for each node
[    0.067130] Early memory node ranges
[    0.068012]   node   0: [mem 0x0000000000001000-0x000000000009efff]
[    0.069697]   node   0: [mem 0x0000000000100000-0x000000007ffdffff]
[    0.071394] Initmem setup node 0 [mem 0x0000000000001000-0x000000007ffdffff]
[    0.074251] On node 0, zone DMA: 1 pages in unavailable ranges
[    0.074301] On node 0, zone DMA: 97 pages in unavailable ranges
[    0.091023] On node 0, zone DMA32: 32 pages in unavailable ranges
[    0.175888] kasan: KernelAddressSanitizer initialized
[    0.179879] ACPI: PM-Timer IO Port: 0x608
[    0.180894] ACPI: LAPIC_NMI (acpi_id[0xff] dfl dfl lint[0x1])
[    0.182380] IOAPIC[0]: apic_id 0, version 17, address 0xfec00000, GSI 0-23
[    0.184121] ACPI: INT_SRC_OVR (bus 0 bus_irq 0 global_irq 2 dfl dfl)
[    0.185759] ACPI: INT_SRC_OVR (bus 0 bus_irq 5 global_irq 5 high level)
[    0.188178] ACPI: INT_SRC_OVR (bus 0 bus_irq 9 global_irq 9 high level)
[    0.190636] ACPI: INT_SRC_OVR (bus 0 bus_irq 10 global_irq 10 high level)
[    0.193175] ACPI: INT_SRC_OVR (bus 0 bus_irq 11 global_irq 11 high level)
[    0.196116] ACPI: Using ACPI (MADT) for SMP configuration information
[    0.197815] ACPI: HPET id: 0x8086a201 base: 0xfed00000
[    0.199191] TSC deadline timer available
[    0.200217] smpboot: Allowing 2 CPUs, 0 hotplug CPUs
[    0.201505] kvm-guest: KVM setup pv remote TLB flush
[    0.202776] kvm-guest: setup PV sched yield
[    0.203908] PM: hibernation: Registered nosave memory: [mem 0x00000000-0x00000fff]
[    0.205860] PM: hibernation: Registered nosave memory: [mem 0x0009f000-0x0009ffff]
[    0.209118] PM: hibernation: Registered nosave memory: [mem 0x000a0000-0x000effff]
[    0.211782] PM: hibernation: Registered nosave memory: [mem 0x000f0000-0x000fffff]
[    0.215294] [mem 0x80000000-0xfeffbfff] available for PCI devices
[    0.217321] Booting paravirtualized kernel on KVM
[    0.218535] clocksource: refined-jiffies: mask: 0xffffffff max_cycles: 0xffffffff, max_idle_ns: 1910969940391419 ns
[    0.231458] setup_percpu: NR_CPUS:64 nr_cpumask_bits:2 nr_cpu_ids:2 nr_node_ids:1
[    0.234743] percpu: Embedded 66 pages/cpu s232104 r8192 d30040 u1048576
[    0.236710] Kernel command line: console=ttyS0 oops=panic panic=-1 nokaslr earlyprintk=serial
[    0.239036] Unknown kernel command line parameters "nokaslr", will be passed to user space.
[    0.241283] random: crng init done
[    0.242814] Dentry cache hash table entries: 262144 (order: 9, 2097152 bytes, linear)
[    0.245528] Inode-cache hash table entries: 131072 (order: 8, 1048576 bytes, linear)
[    0.247928] Fallback order for Node 0: 0 
[    0.247936] Built 1 zonelists, mobility grouping on.  Total pages: 515808
[    0.250292] Policy zone: DMA32
[    0.251001] mem auto-init: stack:all(zero), heap alloc:off, heap free:off
[    0.252391] stackdepot: allocating hash table via alloc_large_system_hash
[    0.256618] stackdepot hash table entries: 1048576 (order: 11, 8388608 bytes, linear)
[    0.278644] Memory: 1692948K/2096632K available (49152K kernel code, 7938K rwdata, 10032K rodata, 5616K init, 3044K bss, 403428K reserved, 0K cma-reserved)
[    0.282551] SLUB: HWalign=64, Order=0-3, MinObjects=0, CPUs=2, Nodes=1
Poking KASLR using RDRAND RDTSC...
[    0.286387] Dynamic Preempt: voluntary
[    0.288228] rcu: Preemptible hierarchical RCU implementation.
[    0.289494] rcu: 	RCU event tracing is enabled.
[    0.290409] rcu: 	RCU restricting CPUs from NR_CPUS=64 to nr_cpu_ids=2.
[    0.291773] 	Trampoline variant of Tasks RCU enabled.
[    0.292894] rcu: RCU calculated value of scheduler-enlistment delay is 100 jiffies.
[    0.294571] rcu: Adjusting geometry for rcu_fanout_leaf=16, nr_cpu_ids=2
[    0.303937] NR_IRQS: 4352, nr_irqs: 440, preallocated irqs: 16
[    0.305848] rcu: srcu_init: Setting srcu_struct sizes based on contention.
[    0.316104] Console: colour VGA+ 80x25
[    0.316913] printk: console [ttyS0] enabled
[    0.316913] printk: console [ttyS0] enabled
[    0.319131] printk: bootconsole [earlyser0] disabled
[    0.319131] printk: bootconsole [earlyser0] disabled
[    0.322398] ACPI: Core revision 20230331
[    0.324836] clocksource: hpet: mask: 0xffffffff max_cycles: 0xffffffff, max_idle_ns: 19112604467 ns
[    0.327368] APIC: Switch to symmetric I/O mode setup
[    0.328638] kvm-guest: setup PV IPIs
[    0.331454] ..TIMER: vector=0x30 apic1=0 pin1=2 apic2=-1 pin2=-1
[    0.332827] clocksource: tsc-early: mask: 0xffffffffffffffff max_cycles: 0x2b2c8d6afc8, max_idle_ns: 440795331172 ns
[    0.335076] Calibrating delay loop (skipped) preset value.. 5990.39 BogoMIPS (lpj=2995198)
[    0.336593] x86/cpu: User Mode Instruction Prevention (UMIP) activated
[    0.337386] Last level iTLB entries: 4KB 0, 2MB 0, 4MB 0
[    0.338076] Last level dTLB entries: 4KB 0, 2MB 0, 4MB 0, 1GB 0
[    0.339099] Spectre V1 : Mitigation: usercopy/swapgs barriers and __user pointer sanitization
[    0.340081] Spectre V2 : Mitigation: Enhanced / Automatic IBRS
[    0.341074] Spectre V2 : Spectre v2 / SpectreRSB mitigation: Filling RSB on context switch
[    0.342074] Spectre V2 : Spectre v2 / PBRSB-eIBRS: Retire a single CALL on VMEXIT
[    0.343074] RETBleed: Mitigation: Enhanced IBRS
[    0.344077] Spectre V2 : mitigation: Enabling conditional Indirect Branch Prediction Barrier
[    0.345075] Speculative Store Bypass: Mitigation: Speculative Store Bypass disabled via prctl
[    0.346073] MMIO Stale Data: Unknown: No mitigations
[    0.347122] x86/fpu: Supporting XSAVE feature 0x001: 'x87 floating point registers'
[    0.348074] x86/fpu: Supporting XSAVE feature 0x002: 'SSE registers'
[    0.349073] x86/fpu: Supporting XSAVE feature 0x004: 'AVX registers'
[    0.350075] x86/fpu: xstate_offset[2]:  576, xstate_sizes[2]:  256
[    0.351075] x86/fpu: Enabled xstate features 0x7, context size is 832 bytes, using 'compacted' format.
[    0.370579] Freeing SMP alternatives memory: 44K
[    0.371075] pid_max: default: 32768 minimum: 301
[    0.372158] LSM: initializing lsm=capability,selinux,integrity
[    0.373093] SELinux:  Initializing.
[    0.374153] Mount-cache hash table entries: 4096 (order: 3, 32768 bytes, linear)
[    0.375077] Mountpoint-cache hash table entries: 4096 (order: 3, 32768 bytes, linear)
[    0.377331] smpboot: CPU0: 13th Gen Intel(R) Core(TM) i9-13900H (family: 0x6, model: 0xba, stepping: 0x2)
[    0.378280] RCU Tasks: Setting shift to 1 and lim to 1 rcu_task_cb_adjust=1.
[    0.379103] Performance Events: unsupported p6 CPU model 186 no PMU driver, software events only.
[    0.380128] signal: max sigframe size: 1776
[    0.381116] rcu: Hierarchical SRCU implementation.
[    0.382077] rcu: 	Max phase no-delay instances is 400.
[    0.383547] smp: Bringing up secondary CPUs ...
[    0.384273] smpboot: x86: Booting SMP configuration:
[    0.385079] .... node  #0, CPUs:      #1
[    0.386154] smp: Brought up 1 node, 2 CPUs
[    0.388080] smpboot: Max logical packages: 1
[    0.389084] smpboot: Total of 2 processors activated (11980.79 BogoMIPS)
[    0.391180] devtmpfs: initialized
[    0.394235] clocksource: jiffies: mask: 0xffffffff max_cycles: 0xffffffff, max_idle_ns: 1911260446275000 ns
[    0.395081] futex hash table entries: 512 (order: 3, 32768 bytes, linear)
[    0.396307] PM: RTC time: 16:37:57, date: 2026-05-15
[    0.397343] NET: Registered PF_NETLINK/PF_ROUTE protocol family
[    0.398408] audit: initializing netlink subsys (disabled)
[    0.399163] audit: type=2000 audit(1778863077.939:1): state=initialized audit_enabled=0 res=1
[    0.399346] thermal_sys: Registered thermal governor 'step_wise'
[    0.400082] thermal_sys: Registered thermal governor 'user_space'
[    0.401108] cpuidle: using governor menu
[    0.403462] PCI: Using configuration type 1 for base access
[    0.404265] kprobes: kprobe jump-optimization is enabled. All kprobes are optimized if possible.
[    0.406254] HugeTLB: registered 2.00 MiB page size, pre-allocated 0 pages
[    0.407081] HugeTLB: 28 KiB vmemmap can be freed for a 2.00 MiB page
[    0.409787] ACPI: Added _OSI(Module Device)
[    0.410082] ACPI: Added _OSI(Processor Device)
[    0.411078] ACPI: Added _OSI(3.0 _SCP Extensions)
[    0.413078] ACPI: Added _OSI(Processor Aggregator Device)
[    0.422607] ACPI: 1 ACPI AML tables successfully acquired and loaded
[    0.503570] ACPI: Interpreter enabled
[    0.504355] ACPI: PM: (supports S0 S3 S4 S5)
[    0.505080] ACPI: Using IOAPIC for interrupt routing
[    0.506420] PCI: Using host bridge windows from ACPI; if necessary, use "pci=nocrs" and report a bug
[    0.507080] PCI: Using E820 reservations for host bridge windows
[    0.508682] ACPI: Enabled 2 GPEs in block 00 to 0F
[    0.522799] ACPI: PCI Root Bridge [PCI0] (domain 0000 [bus 00-ff])
[    0.523107] acpi PNP0A03:00: _OSC: OS supports [ASPM ClockPM Segments MSI HPX-Type3]
[    0.524080] acpi PNP0A03:00: _OSC: not requesting OS control; OS requires [ExtendedConfig ASPM ClockPM MSI]
[    0.525435] acpi PNP0A03:00: fail to add MMCONFIG information, can't access extended configuration space under this bridge
[    0.526507] PCI host bridge to bus 0000:00
[    0.527091] pci_bus 0000:00: root bus resource [io  0x0000-0x0cf7 window]
[    0.528080] pci_bus 0000:00: root bus resource [io  0x0d00-0xffff window]
[    0.529080] pci_bus 0000:00: root bus resource [mem 0x000a0000-0x000bffff window]
[    0.530080] pci_bus 0000:00: root bus resource [mem 0x80000000-0xfebfffff window]
[    0.531085] pci_bus 0000:00: root bus resource [mem 0x100000000-0x17fffffff window]
[    0.532082] pci_bus 0000:00: root bus resource [bus 00-ff]
[    0.533410] pci 0000:00:00.0: [8086:1237] type 00 class 0x060000
[    0.540743] pci 0000:00:01.0: [8086:7000] type 00 class 0x060100
[    0.547601] pci 0000:00:01.1: [8086:7010] type 00 class 0x010180
[    0.549555] pci 0000:00:01.1: reg 0x20: [io  0xc040-0xc04f]
[    0.550744] pci 0000:00:01.1: legacy IDE quirk: reg 0x10: [io  0x01f0-0x01f7]
[    0.551080] pci 0000:00:01.1: legacy IDE quirk: reg 0x14: [io  0x03f6]
[    0.552079] pci 0000:00:01.1: legacy IDE quirk: reg 0x18: [io  0x0170-0x0177]
[    0.553077] pci 0000:00:01.1: legacy IDE quirk: reg 0x1c: [io  0x0376]
[    0.554681] pci 0000:00:01.3: [8086:7113] type 00 class 0x068000
[    0.555989] pci 0000:00:01.3: quirk: [io  0x0600-0x063f] claimed by PIIX4 ACPI
[    0.556103] pci 0000:00:01.3: quirk: [io  0x0700-0x070f] claimed by PIIX4 SMB
[    0.557620] pci 0000:00:02.0: [1234:1111] type 00 class 0x030000
[    0.559145] pci 0000:00:02.0: reg 0x10: [mem 0xfd000000-0xfdffffff pref]
[    0.562144] pci 0000:00:02.0: reg 0x18: [mem 0xfebf0000-0xfebf0fff]
[    0.567129] pci 0000:00:02.0: reg 0x30: [mem 0xfebe0000-0xfebeffff pref]
[    0.568432] pci 0000:00:02.0: Video device with shadowed ROM at [mem 0x000c0000-0x000dffff]
[    0.575047] pci 0000:00:03.0: [8086:100e] type 00 class 0x020000
[    0.576080] pci 0000:00:03.0: reg 0x10: [mem 0xfebc0000-0xfebdffff]
[    0.577998] pci 0000:00:03.0: reg 0x14: [io  0xc000-0xc03f]
[    0.581610] pci 0000:00:03.0: reg 0x30: [mem 0xfeb80000-0xfebbffff pref]
[    0.589430] ACPI: PCI: Interrupt link LNKA configured for IRQ 10
[    0.590654] ACPI: PCI: Interrupt link LNKB configured for IRQ 10
[    0.591630] ACPI: PCI: Interrupt link LNKC configured for IRQ 11
[    0.592617] ACPI: PCI: Interrupt link LNKD configured for IRQ 11
[    0.593324] ACPI: PCI: Interrupt link LNKS configured for IRQ 9
[    0.595624] iommu: Default domain type: Translated 
[    0.596079] iommu: DMA domain TLB invalidation policy: lazy mode 
[    0.597379] SCSI subsystem initialized
[    0.598226] ACPI: bus type USB registered
[    0.599122] usbcore: registered new interface driver usbfs
[    0.600107] usbcore: registered new interface driver hub
[    0.602097] usbcore: registered new device driver usb
[    0.603129] pps_core: LinuxPPS API ver. 1 registered
[    0.604078] pps_core: Software ver. 5.3.6 - Copyright 2005-2007 Rodolfo Giometti <giometti@linux.it>
[    0.607105] PTP clock support registered
[    0.608183] Advanced Linux Sound Architecture Driver Initialized.
[    0.610712] NetLabel: Initializing
[    0.612080] NetLabel:  domain hash size = 128
[    0.613078] NetLabel:  protocols = UNLABELED CIPSOv4 CALIPSO
[    0.614126] NetLabel:  unlabeled traffic allowed by default
[    0.616162] PCI: Using ACPI for IRQ routing
[    0.617335] pci 0000:00:02.0: vgaarb: setting as boot VGA device
[    0.618071] pci 0000:00:02.0: vgaarb: bridge control possible
[    0.618071] pci 0000:00:02.0: vgaarb: VGA device added: decodes=io+mem,owns=io+mem,locks=none
[    0.623079] vgaarb: loaded
[    0.624007] hpet0: at MMIO 0xfed00000, IRQs 2, 8, 0
[    0.625082] hpet0: 3 comparators, 64-bit 100.000000 MHz counter
[    0.629161] clocksource: Switched to clocksource kvm-clock
[    0.666153] VFS: Disk quotas dquot_6.6.0
[    0.668052] VFS: Dquot-cache hash table entries: 512 (order 0, 4096 bytes)
[    0.670960] pnp: PnP ACPI init
[    0.673215] pnp: PnP ACPI: found 6 devices
[    0.687593] clocksource: acpi_pm: mask: 0xffffff max_cycles: 0xffffff, max_idle_ns: 2085701024 ns
[    0.689767] NET: Registered PF_INET protocol family
[    0.690906] IP idents hash table entries: 32768 (order: 6, 262144 bytes, linear)
[    0.693226] tcp_listen_portaddr_hash hash table entries: 1024 (order: 2, 16384 bytes, linear)
[    0.695469] Table-perturb hash table entries: 65536 (order: 6, 262144 bytes, linear)
[    0.697356] TCP established hash table entries: 16384 (order: 5, 131072 bytes, linear)
[    0.700634] TCP bind hash table entries: 16384 (order: 7, 524288 bytes, linear)
[    0.703464] TCP: Hash tables configured (established 16384 bind 16384)
[    0.705858] UDP hash table entries: 1024 (order: 3, 32768 bytes, linear)
[    0.707447] UDP-Lite hash table entries: 1024 (order: 3, 32768 bytes, linear)
[    0.709284] NET: Registered PF_UNIX/PF_LOCAL protocol family
[    0.711451] RPC: Registered named UNIX socket transport module.
[    0.712949] RPC: Registered udp transport module.
[    0.714010] RPC: Registered tcp transport module.
[    0.714992] RPC: Registered tcp NFSv4.1 backchannel transport module.
[    0.717198] pci_bus 0000:00: resource 4 [io  0x0000-0x0cf7 window]
[    0.719063] pci_bus 0000:00: resource 5 [io  0x0d00-0xffff window]
[    0.721223] pci_bus 0000:00: resource 6 [mem 0x000a0000-0x000bffff window]
[    0.723251] pci_bus 0000:00: resource 7 [mem 0x80000000-0xfebfffff window]
[    0.725157] pci_bus 0000:00: resource 8 [mem 0x100000000-0x17fffffff window]
[    0.727556] pci 0000:00:01.0: PIIX3: Enabling Passive Release
[    0.729097] pci 0000:00:00.0: Limiting direct PCI/PCI transfers
[    0.730727] PCI: CLS 0 bytes, default 64
[    0.732099] Unpacking initramfs...
[    0.735635] RAPL PMU: API unit is 2^-32 Joules, 0 fixed counters, 10737418240 ms ovfl timer
[    0.738162] clocksource: tsc: mask: 0xffffffffffffffff max_cycles: 0x2b2c8d6afc8, max_idle_ns: 440795331172 ns
[    0.743676] Initialise system trusted keyrings
[    0.745373] workingset: timestamp_bits=56 max_order=19 bucket_order=0
[    0.748149] NFS: Registering the id_resolver key type
[    0.749308] Key type id_resolver registered
[    0.750299] Key type id_legacy registered
[    0.751421] 9p: Installing v9fs 9p2000 file system support
[    0.754920] Freeing initrd memory: 1348K
[    0.760133] Key type asymmetric registered
[    0.761577] Asymmetric key parser 'x509' registered
[    0.763076] Block layer SCSI generic (bsg) driver version 0.4 loaded (major 251)
[    0.765038] io scheduler mq-deadline registered
[    0.766256] io scheduler kyber registered
[    0.767722] input: Power Button as /devices/LNXSYSTM:00/LNXPWRBN:00/input/input0
[    0.770172] ACPI: button: Power Button [PWRF]
[    0.772104] Serial: 8250/16550 driver, 4 ports, IRQ sharing enabled
[    0.774116] 00:04: ttyS0 at I/O 0x3f8 (irq = 4, base_baud = 115200) is a 16550A
[    0.777546] Non-volatile memory driver v1.3
[    0.779077] Linux agpgart interface v0.103
[    0.781063] ACPI: bus type drm_connector registered
[    0.788709] loop: module loaded
[    0.791805] scsi host0: ata_piix
[    0.793773] scsi host1: ata_piix
[    0.795205] ata1: PATA max MWDMA2 cmd 0x1f0 ctl 0x3f6 bmdma 0xc040 irq 14
[    0.797088] ata2: PATA max MWDMA2 cmd 0x170 ctl 0x376 bmdma 0xc048 irq 15
[    0.800333] e100: Intel(R) PRO/100 Network Driver
[    0.801889] e100: Copyright(c) 1999-2006 Intel Corporation
[    0.804048] e1000: Intel(R) PRO/1000 Network Driver
[    0.805575] e1000: Copyright (c) 1999-2006 Intel Corporation.
[    0.956778] ata2: found unknown device (class 0)
[    0.959061] ata2.00: ATAPI: QEMU DVD-ROM, 2.5+, max UDMA/100
[    0.962055] scsi 1:0:0:0: CD-ROM            QEMU     QEMU DVD-ROM     2.5+ PQ: 0 ANSI: 5
[    0.980297] sr 1:0:0:0: [sr0] scsi3-mmc drive: 4x/4x cd/rw xa/form2 tray
[    0.981755] cdrom: Uniform CD-ROM driver Revision: 3.20
[    1.234189] ACPI: \_SB_.LNKC: Enabled at IRQ 11
[    1.594237] e1000 0000:00:03.0 eth0: (PCI:33MHz:32-bit) 52:54:00:12:34:56
[    1.596674] e1000 0000:00:03.0 eth0: Intel(R) PRO/1000 Network Connection
[    1.599183] e1000e: Intel(R) PRO/1000 Network Driver
[    1.600444] e1000e: Copyright(c) 1999 - 2015 Intel Corporation.
[    1.601958] sky2: driver version 1.30
[    1.603381] usbcore: registered new interface driver usblp
[    1.604670] usbcore: registered new interface driver usb-storage
[    1.606151] i8042: PNP: PS/2 Controller [PNP0303:KBD,PNP0f13:MOU] at 0x60,0x64 irq 1,12
[    1.609214] serio: i8042 KBD port at 0x60,0x64 irq 1
[    1.610409] serio: i8042 AUX port at 0x60,0x64 irq 12
[    1.612418] input: AT Translated Set 2 keyboard as /devices/platform/i8042/serio0/input/input1
[    1.615574] rtc_cmos 00:05: RTC can wake from S4
[    1.618507] rtc_cmos 00:05: registered as rtc0
[    1.619832] rtc_cmos 00:05: alarms up to one day, y3k, 242 bytes nvram, hpet irqs
[    1.622037] device-mapper: ioctl: 4.48.0-ioctl (2023-03-01) initialised: dm-devel@redhat.com
[    1.624097] intel_pstate: CPU model not supported
[    1.625878] hid: raw HID events driver (C) Jiri Kosina
[    1.628891] usbcore: registered new interface driver usbhid
[    1.630951] usbhid: USB HID core driver
[    1.635032] Initializing XFRM netlink socket
[    1.636406] NET: Registered PF_INET6 protocol family
[    1.638201] Segment Routing with IPv6
[    1.639134] In-situ OAM (IOAM) with IPv6
[    1.640126] sit: IPv6, IPv4 and MPLS over IPv4 tunneling driver
[    1.641726] NET: Registered PF_PACKET protocol family
[    1.643686] 9pnet: Installing 9P2000 support
[    1.645395] Key type dns_resolver registered
[    1.647333] IPI shorthand broadcast: enabled
[    1.659091] sched_clock: Marking stable (1636006313, 22336214)->(1745347609, -87005082)
[    1.664207] registered taskstats version 1
[    1.665810] Loading compiled-in X.509 certificates
[    1.675552] PM:   Magic number: 10:399:641
[    1.676673] printk: console [netcon0] enabled
[    1.677881] netconsole: network logging started
[    1.679581] cfg80211: Loading compiled-in X.509 certificates for regulatory database
[    1.683170] kworker/u4:1 (51) used greatest stack depth: 29536 bytes left
[    1.687139] Loaded X.509 cert 'sforshee: 00b28ddf47aef9cea7'
[    1.688460] ALSA device list:
[    1.689138]   No soundcards found.
[    1.691494] Freeing unused kernel image (initmem) memory: 5616K
[    1.692912] platform regulatory.0: Direct firmware load for regulatory.db failed with error -2
[    1.694124] cfg80211: failed to load regulatory.db
[    1.696498] Write protecting the kernel read-only data: 59392k
[    1.697808] Freeing unused kernel image (rodata/data gap) memory: 208K
[    1.708584] x86/mm: Checked W+X mappings: passed, no W+X pages found.
[    1.709745] Run /init as init process
[    1.712737] mount (55) used greatest stack depth: 28760 bytes left

secb: rootfs ready
---- poc begin ----
[poc] create_veth: OK
[poc] veth0 created with numtxqueues=512 -> ifindex=4
[poc] veth0 channels before: rx=512 tx=512 combined=0 max_rx=512 max_tx=512 max_combined=0
[poc] ETHTOOL_SCHANNELS(veth0, tx=465): OK
[poc] add_multiq(CREATE): OK
[poc] veth0 channels before: rx=465 tx=465 combined=0 max_rx=512 max_tx=512 max_combined=0
[poc] ETHTOOL_SCHANNELS(veth0, tx=396): OK
[poc] add_multiq(REPLACE): OK
[    2.255250] input: ImExPS/2 Generic Explorer Mouse as /devices/platform/i8042/serio1/input/input3
[    2.767856] poc (61) used greatest stack depth: 25472 bytes left
---- poc end rc=0 ----
secb: poc exited without crashing the kernel
[    4.126513] ACPI: PM: Preparing to enter system sleep state S5
[    4.128301] reboot: Power down
NO_CRASH_DETECTED
