bash: warning: setlocale: LC_ALL: cannot change locale (en_US.UTF-8)
c[?7l[2J[0mSeaBIOS (version 1.16.2-debian-1.16.2-1)


iPXE (http://ipxe.org) 00:03.0 CA00 PCI2.10 PnP PMM+7EFCEF00+7EF0EF00 CA00
Press Ctrl-B to configure iPXE (PCI 00:03.0)...                                                                               


Booting from ROM...
c[?7l[2JNo EFI environment detected.
early console in extract_kernel
input_data: 0x0000000004bf03a8
input_len: 0x000000000198d6b2
output: 0x0000000001000000
output_len: 0x00000000055079e0
kernel_total_size: 0x0000000005230000
needed_size: 0x0000000005600000
trampoline_32bit: 0x000000000009d000


KASLR disabled: 'nokaslr' on cmdline.


Decompressing Linux... Parsing ELF... No relocation needed... done.
Booting the kernel (entry_offset: 0x0000000000000000).
[    0.000000] Linux version 6.4.0-04322-gc451410ca7e3-dirty (root@buildkitsandbox) (gcc (Debian 12.2.0-14+deb12u1) 12.2.0, GNU ld (GNU Binutils for Debian) 2.40) #1 SMP PREEMPT_DYNAMIC Fri May 15 16:35:46 UTC 2026
[    0.000000] Command line: console=ttyS0 oops=panic panic=-1 nokaslr earlyprintk=serial
[    0.000000] BIOS-provided physical RAM map:
[    0.000000] BIOS-e820: [mem 0x0000000000000000-0x000000000009fbff] usable
[    0.000000] BIOS-e820: [mem 0x000000000009fc00-0x000000000009ffff] reserved
[    0.000000] BIOS-e820: [mem 0x00000000000f0000-0x00000000000fffff] reserved
[    0.000000] BIOS-e820: [mem 0x0000000000100000-0x000000007ffdffff] usable
[    0.000000] BIOS-e820: [mem 0x000000007ffe0000-0x000000007fffffff] reserved
[    0.000000] BIOS-e820: [mem 0x00000000feffc000-0x00000000feffffff] reserved
[    0.000000] BIOS-e820: [mem 0x00000000fffc0000-0x00000000ffffffff] reserved
[    0.000000] printk: bootconsole [earlyser0] enabled
[    0.000000] NX (Execute Disable) protection: active
[    0.000000] SMBIOS 2.8 present.
[    0.000000] DMI: QEMU Standard PC (i440FX + PIIX, 1996), BIOS 1.16.2-debian-1.16.2-1 04/01/2014
[    0.000000] Hypervisor detected: KVM
[    0.000000] kvm-clock: Using msrs 4b564d01 and 4b564d00
[    0.000002] kvm-clock: using sched offset of 440303339 cycles
[    0.001613] clocksource: kvm-clock: mask: 0xffffffffffffffff max_cycles: 0x1cd42e4dffb, max_idle_ns: 881590591483 ns
[    0.005877] tsc: Detected 2995.198 MHz processor
[    0.007482] last_pfn = 0x7ffe0 max_arch_pfn = 0x400000000
[    0.008953] MTRR map: 4 entries (3 fixed + 1 variable; max 19), built from 8 variable MTRRs
[    0.011391] x86/PAT: Configuration [0-7]: WB  WC  UC- UC  WB  WP  UC- WT  
[    0.018628] found SMP MP-table at [mem 0x000f5ba0-0x000f5baf]
[    0.020411] Using GB pages for direct mapping
[    0.021509] Incomplete global flushes, disabling PCID
[    0.021652] RAMDISK: [mem 0x7fe8f000-0x7ffdffff]
[    0.024305] ACPI: Early table checksum verification disabled
[    0.026040] ACPI: RSDP 0x00000000000F59D0 000014 (v00 BOCHS )
[    0.027560] ACPI: RSDT 0x000000007FFE1B33 000034 (v01 BOCHS  BXPC     00000001 BXPC 00000001)
[    0.030015] ACPI: FACP 0x000000007FFE19DF 000074 (v01 BOCHS  BXPC     00000001 BXPC 00000001)
[    0.032426] ACPI: DSDT 0x000000007FFE0040 00199F (v01 BOCHS  BXPC     00000001 BXPC 00000001)
[    0.034836] ACPI: FACS 0x000000007FFE0000 000040
[    0.036263] ACPI: APIC 0x000000007FFE1A53 000080 (v01 BOCHS  BXPC     00000001 BXPC 00000001)
[    0.038455] ACPI: HPET 0x000000007FFE1AD3 000038 (v01 BOCHS  BXPC     00000001 BXPC 00000001)
[    0.040627] ACPI: WAET 0x000000007FFE1B0B 000028 (v01 BOCHS  BXPC     00000001 BXPC 00000001)
[    0.042786] ACPI: Reserving FACP table memory at [mem 0x7ffe19df-0x7ffe1a52]
[    0.044541] ACPI: Reserving DSDT table memory at [mem 0x7ffe0040-0x7ffe19de]
[    0.046469] ACPI: Reserving FACS table memory at [mem 0x7ffe0000-0x7ffe003f]
[    0.048436] ACPI: Reserving APIC table memory at [mem 0x7ffe1a53-0x7ffe1ad2]
[    0.050467] ACPI: Reserving HPET table memory at [mem 0x7ffe1ad3-0x7ffe1b0a]
[    0.052297] ACPI: Reserving WAET table memory at [mem 0x7ffe1b0b-0x7ffe1b32]
[    0.054768] No NUMA configuration found
[    0.055793] Faking a node at [mem 0x0000000000000000-0x000000007ffdffff]
[    0.057541] NODE_DATA(0) allocated [mem 0x7fe8b000-0x7fe8efff]
[    0.059105] Zone ranges:
[    0.059772]   DMA      [mem 0x0000000000001000-0x0000000000ffffff]
[    0.061373]   DMA32    [mem 0x0000000001000000-0x000000007ffdffff]
[    0.062934]   Normal   empty
[    0.063781] Movable zone start for each node
[    0.064980] Early memory node ranges
[    0.065946]   node   0: [mem 0x0000000000001000-0x000000000009efff]
[    0.067620]   node   0: [mem 0x0000000000100000-0x000000007ffdffff]
[    0.069272] Initmem setup node 0 [mem 0x0000000000001000-0x000000007ffdffff]
[    0.072259] On node 0, zone DMA: 1 pages in unavailable ranges
[    0.072304] On node 0, zone DMA: 97 pages in unavailable ranges
[    0.087255] On node 0, zone DMA32: 32 pages in unavailable ranges
[    0.171011] kasan: KernelAddressSanitizer initialized
[    0.175191] ACPI: PM-Timer IO Port: 0x608
[    0.176004] ACPI: LAPIC_NMI (acpi_id[0xff] dfl dfl lint[0x1])
[    0.177174] IOAPIC[0]: apic_id 0, version 17, address 0xfec00000, GSI 0-23
[    0.178496] ACPI: INT_SRC_OVR (bus 0 bus_irq 0 global_irq 2 dfl dfl)
[    0.179833] ACPI: INT_SRC_OVR (bus 0 bus_irq 5 global_irq 5 high level)
[    0.181322] ACPI: INT_SRC_OVR (bus 0 bus_irq 9 global_irq 9 high level)
[    0.182707] ACPI: INT_SRC_OVR (bus 0 bus_irq 10 global_irq 10 high level)
[    0.185103] ACPI: INT_SRC_OVR (bus 0 bus_irq 11 global_irq 11 high level)
[    0.187430] ACPI: Using ACPI (MADT) for SMP configuration information
[    0.189236] ACPI: HPET id: 0x8086a201 base: 0xfed00000
[    0.191973] TSC deadline timer available
[    0.194207] smpboot: Allowing 2 CPUs, 0 hotplug CPUs
[    0.195456] kvm-guest: KVM setup pv remote TLB flush
[    0.196714] kvm-guest: setup PV sched yield
[    0.197797] PM: hibernation: Registered nosave memory: [mem 0x00000000-0x00000fff]
[    0.199779] PM: hibernation: Registered nosave memory: [mem 0x0009f000-0x0009ffff]
[    0.201569] PM: hibernation: Registered nosave memory: [mem 0x000a0000-0x000effff]
[    0.203649] PM: hibernation: Registered nosave memory: [mem 0x000f0000-0x000fffff]
[    0.205304] [mem 0x80000000-0xfeffbfff] available for PCI devices
[    0.206691] Booting paravirtualized kernel on KVM
[    0.207944] clocksource: refined-jiffies: mask: 0xffffffff max_cycles: 0xffffffff, max_idle_ns: 1910969940391419 ns
[    0.221383] setup_percpu: NR_CPUS:64 nr_cpumask_bits:2 nr_cpu_ids:2 nr_node_ids:1
[    0.223999] percpu: Embedded 66 pages/cpu s232104 r8192 d30040 u1048576
[    0.225695] Kernel command line: console=ttyS0 oops=panic panic=-1 nokaslr earlyprintk=serial
[    0.229410] Unknown kernel command line parameters "nokaslr", will be passed to user space.
[    0.233342] random: crng init done
[    0.235811] Dentry cache hash table entries: 262144 (order: 9, 2097152 bytes, linear)
[    0.238454] Inode-cache hash table entries: 131072 (order: 8, 1048576 bytes, linear)
[    0.240584] Fallback order for Node 0: 0 
[    0.240588] Built 1 zonelists, mobility grouping on.  Total pages: 515808
[    0.242831] Policy zone: DMA32
[    0.243467] mem auto-init: stack:all(zero), heap alloc:off, heap free:off
[    0.245090] stackdepot: allocating hash table via alloc_large_system_hash
[    0.250278] stackdepot hash table entries: 1048576 (order: 11, 8388608 bytes, linear)
[    0.270733] Memory: 1692948K/2096632K available (49152K kernel code, 7938K rwdata, 10032K rodata, 5616K init, 3044K bss, 403428K reserved, 0K cma-reserved)
[    0.274298] SLUB: HWalign=64, Order=0-3, MinObjects=0, CPUs=2, Nodes=1
Poking KASLR using RDRAND RDTSC...
[    0.277263] Dynamic Preempt: voluntary
[    0.278781] rcu: Preemptible hierarchical RCU implementation.
[    0.281044] rcu: 	RCU event tracing is enabled.
[    0.282455] rcu: 	RCU restricting CPUs from NR_CPUS=64 to nr_cpu_ids=2.
[    0.285371] 	Trampoline variant of Tasks RCU enabled.
[    0.287576] rcu: RCU calculated value of scheduler-enlistment delay is 100 jiffies.
[    0.290769] rcu: Adjusting geometry for rcu_fanout_leaf=16, nr_cpu_ids=2
[    0.300125] NR_IRQS: 4352, nr_irqs: 440, preallocated irqs: 16
[    0.302390] rcu: srcu_init: Setting srcu_struct sizes based on contention.
[    0.312320] Console: colour VGA+ 80x25
[    0.313105] printk: console [ttyS0] enabled
[    0.313105] printk: console [ttyS0] enabled
[    0.315702] printk: bootconsole [earlyser0] disabled
[    0.315702] printk: bootconsole [earlyser0] disabled
[    0.318675] ACPI: Core revision 20230331
[    0.320085] clocksource: hpet: mask: 0xffffffff max_cycles: 0xffffffff, max_idle_ns: 19112604467 ns
[    0.322997] APIC: Switch to symmetric I/O mode setup
[    0.324223] kvm-guest: setup PV IPIs
[    0.327115] ..TIMER: vector=0x30 apic1=0 pin1=2 apic2=-1 pin2=-1
[    0.328439] clocksource: tsc-early: mask: 0xffffffffffffffff max_cycles: 0x2b2c8d6afc8, max_idle_ns: 440795331172 ns
[    0.330703] Calibrating delay loop (skipped) preset value.. 5990.39 BogoMIPS (lpj=2995198)
[    0.332848] x86/cpu: User Mode Instruction Prevention (UMIP) activated
[    0.333963] Last level iTLB entries: 4KB 0, 2MB 0, 4MB 0
[    0.334701] Last level dTLB entries: 4KB 0, 2MB 0, 4MB 0, 1GB 0
[    0.335721] Spectre V1 : Mitigation: usercopy/swapgs barriers and __user pointer sanitization
[    0.336721] Spectre V2 : Mitigation: Enhanced / Automatic IBRS
[    0.337701] Spectre V2 : Spectre v2 / SpectreRSB mitigation: Filling RSB on context switch
[    0.338701] Spectre V2 : Spectre v2 / PBRSB-eIBRS: Retire a single CALL on VMEXIT
[    0.339702] RETBleed: Mitigation: Enhanced IBRS
[    0.340705] Spectre V2 : mitigation: Enabling conditional Indirect Branch Prediction Barrier
[    0.341702] Speculative Store Bypass: Mitigation: Speculative Store Bypass disabled via prctl
[    0.342702] MMIO Stale Data: Unknown: No mitigations
[    0.343746] x86/fpu: Supporting XSAVE feature 0x001: 'x87 floating point registers'
[    0.344701] x86/fpu: Supporting XSAVE feature 0x002: 'SSE registers'
[    0.345701] x86/fpu: Supporting XSAVE feature 0x004: 'AVX registers'
[    0.347700] x86/fpu: xstate_offset[2]:  576, xstate_sizes[2]:  256
[    0.348701] x86/fpu: Enabled xstate features 0x7, context size is 832 bytes, using 'compacted' format.
[    0.367939] Freeing SMP alternatives memory: 44K
[    0.368701] pid_max: default: 32768 minimum: 301
[    0.370737] LSM: initializing lsm=capability,selinux,integrity
[    0.371721] SELinux:  Initializing.
[    0.372781] Mount-cache hash table entries: 4096 (order: 3, 32768 bytes, linear)
[    0.373705] Mountpoint-cache hash table entries: 4096 (order: 3, 32768 bytes, linear)
[    0.376215] smpboot: CPU0: 13th Gen Intel(R) Core(TM) i9-13900H (family: 0x6, model: 0xba, stepping: 0x2)
[    0.377040] RCU Tasks: Setting shift to 1 and lim to 1 rcu_task_cb_adjust=1.
[    0.377747] Performance Events: unsupported p6 CPU model 186 no PMU driver, software events only.
[    0.378758] signal: max sigframe size: 1776
[    0.379759] rcu: Hierarchical SRCU implementation.
[    0.380704] rcu: 	Max phase no-delay instances is 400.
[    0.382156] smp: Bringing up secondary CPUs ...
[    0.382931] smpboot: x86: Booting SMP configuration:
[    0.383710] .... node  #0, CPUs:      #1
[    0.384778] smp: Brought up 1 node, 2 CPUs
[    0.386713] smpboot: Max logical packages: 1
[    0.387710] smpboot: Total of 2 processors activated (11980.79 BogoMIPS)
[    0.390709] devtmpfs: initialized
[    0.393442] clocksource: jiffies: mask: 0xffffffff max_cycles: 0xffffffff, max_idle_ns: 1911260446275000 ns
[    0.393710] futex hash table entries: 512 (order: 3, 32768 bytes, linear)
[    0.394954] PM: RTC time: 16:36:37, date: 2026-05-15
[    0.395938] NET: Registered PF_NETLINK/PF_ROUTE protocol family
[    0.396964] audit: initializing netlink subsys (disabled)
[    0.397773] audit: type=2000 audit(1778862998.669:1): state=initialized audit_enabled=0 res=1
[    0.397938] thermal_sys: Registered thermal governor 'step_wise'
[    0.398708] thermal_sys: Registered thermal governor 'user_space'
[    0.399744] cpuidle: using governor menu
[    0.402011] PCI: Using configuration type 1 for base access
[    0.402892] kprobes: kprobe jump-optimization is enabled. All kprobes are optimized if possible.
[    0.406698] HugeTLB: registered 2.00 MiB page size, pre-allocated 0 pages
[    0.407707] HugeTLB: 28 KiB vmemmap can be freed for a 2.00 MiB page
[    0.410061] ACPI: Added _OSI(Module Device)
[    0.410706] ACPI: Added _OSI(Processor Device)
[    0.411704] ACPI: Added _OSI(3.0 _SCP Extensions)
[    0.412703] ACPI: Added _OSI(Processor Aggregator Device)
[    0.423050] ACPI: 1 ACPI AML tables successfully acquired and loaded
[    0.482745] ACPI: Interpreter enabled
[    0.483732] ACPI: PM: (supports S0 S3 S4 S5)
[    0.484705] ACPI: Using IOAPIC for interrupt routing
[    0.485766] PCI: Using host bridge windows from ACPI; if necessary, use "pci=nocrs" and report a bug
[    0.487726] PCI: Using E820 reservations for host bridge windows
[    0.490459] ACPI: Enabled 2 GPEs in block 00 to 0F
[    0.504192] ACPI: PCI Root Bridge [PCI0] (domain 0000 [bus 00-ff])
[    0.505727] acpi PNP0A03:00: _OSC: OS supports [ASPM ClockPM Segments MSI HPX-Type3]
[    0.508709] acpi PNP0A03:00: _OSC: not requesting OS control; OS requires [ExtendedConfig ASPM ClockPM MSI]
[    0.510807] acpi PNP0A03:00: fail to add MMCONFIG information, can't access extended configuration space under this bridge
[    0.514979] PCI host bridge to bus 0000:00
[    0.515717] pci_bus 0000:00: root bus resource [io  0x0000-0x0cf7 window]
[    0.517710] pci_bus 0000:00: root bus resource [io  0x0d00-0xffff window]
[    0.518708] pci_bus 0000:00: root bus resource [mem 0x000a0000-0x000bffff window]
[    0.520707] pci_bus 0000:00: root bus resource [mem 0x80000000-0xfebfffff window]
[    0.522718] pci_bus 0000:00: root bus resource [mem 0x100000000-0x17fffffff window]
[    0.525723] pci_bus 0000:00: root bus resource [bus 00-ff]
[    0.526846] pci 0000:00:00.0: [8086:1237] type 00 class 0x060000
[    0.535588] pci 0000:00:01.0: [8086:7000] type 00 class 0x060100
[    0.544290] pci 0000:00:01.1: [8086:7010] type 00 class 0x010180
[    0.547295] pci 0000:00:01.1: reg 0x20: [io  0xc040-0xc04f]
[    0.550421] pci 0000:00:01.1: legacy IDE quirk: reg 0x10: [io  0x01f0-0x01f7]
[    0.552707] pci 0000:00:01.1: legacy IDE quirk: reg 0x14: [io  0x03f6]
[    0.553705] pci 0000:00:01.1: legacy IDE quirk: reg 0x18: [io  0x0170-0x0177]
[    0.555704] pci 0000:00:01.1: legacy IDE quirk: reg 0x1c: [io  0x0376]
[    0.558158] pci 0000:00:01.3: [8086:7113] type 00 class 0x068000
[    0.560636] pci 0000:00:01.3: quirk: [io  0x0600-0x063f] claimed by PIIX4 ACPI
[    0.562729] pci 0000:00:01.3: quirk: [io  0x0700-0x070f] claimed by PIIX4 SMB
[    0.566808] pci 0000:00:02.0: [1234:1111] type 00 class 0x030000
[    0.569793] pci 0000:00:02.0: reg 0x10: [mem 0xfd000000-0xfdffffff pref]
[    0.573790] pci 0000:00:02.0: reg 0x18: [mem 0xfebf0000-0xfebf0fff]
[    0.578126] pci 0000:00:02.0: reg 0x30: [mem 0xfebe0000-0xfebeffff pref]
[    0.581090] pci 0000:00:02.0: Video device with shadowed ROM at [mem 0x000c0000-0x000dffff]
[    0.589597] pci 0000:00:03.0: [8086:100e] type 00 class 0x020000
[    0.592707] pci 0000:00:03.0: reg 0x10: [mem 0xfebc0000-0xfebdffff]
[    0.594566] pci 0000:00:03.0: reg 0x14: [io  0xc000-0xc03f]
[    0.601141] pci 0000:00:03.0: reg 0x30: [mem 0xfeb80000-0xfebbffff pref]
[    0.609160] ACPI: PCI: Interrupt link LNKA configured for IRQ 10
[    0.612267] ACPI: PCI: Interrupt link LNKB configured for IRQ 10
[    0.614251] ACPI: PCI: Interrupt link LNKC configured for IRQ 11
[    0.616209] ACPI: PCI: Interrupt link LNKD configured for IRQ 11
[    0.617914] ACPI: PCI: Interrupt link LNKS configured for IRQ 9
[    0.621295] iommu: Default domain type: Translated 
[    0.622707] iommu: DMA domain TLB invalidation policy: lazy mode 
[    0.624001] SCSI subsystem initialized
[    0.625841] ACPI: bus type USB registered
[    0.626747] usbcore: registered new interface driver usbfs
[    0.627727] usbcore: registered new interface driver hub
[    0.628722] usbcore: registered new device driver usb
[    0.629754] pps_core: LinuxPPS API ver. 1 registered
[    0.630705] pps_core: Software ver. 5.3.6 - Copyright 2005-2007 Rodolfo Giometti <giometti@linux.it>
[    0.631716] PTP clock support registered
[    0.632805] Advanced Linux Sound Architecture Driver Initialized.
[    0.634206] NetLabel: Initializing
[    0.634706] NetLabel:  domain hash size = 128
[    0.635707] NetLabel:  protocols = UNLABELED CIPSOv4 CALIPSO
[    0.636776] NetLabel:  unlabeled traffic allowed by default
[    0.637783] PCI: Using ACPI for IRQ routing
[    0.638977] pci 0000:00:02.0: vgaarb: setting as boot VGA device
[    0.639698] pci 0000:00:02.0: vgaarb: bridge control possible
[    0.639698] pci 0000:00:02.0: vgaarb: VGA device added: decodes=io+mem,owns=io+mem,locks=none
[    0.639707] vgaarb: loaded
[    0.640525] hpet0: at MMIO 0xfed00000, IRQs 2, 8, 0
[    0.640709] hpet0: 3 comparators, 64-bit 100.000000 MHz counter
[    0.643816] clocksource: Switched to clocksource kvm-clock
[    0.646418] VFS: Disk quotas dquot_6.6.0
[    0.647639] VFS: Dquot-cache hash table entries: 512 (order 0, 4096 bytes)
[    0.649967] pnp: PnP ACPI init
[    0.652477] pnp: PnP ACPI: found 6 devices
[    0.662268] clocksource: acpi_pm: mask: 0xffffff max_cycles: 0xffffff, max_idle_ns: 2085701024 ns
[    0.664639] NET: Registered PF_INET protocol family
[    0.667251] IP idents hash table entries: 32768 (order: 6, 262144 bytes, linear)
[    0.669738] tcp_listen_portaddr_hash hash table entries: 1024 (order: 2, 16384 bytes, linear)
[    0.671938] Table-perturb hash table entries: 65536 (order: 6, 262144 bytes, linear)
[    0.674025] TCP established hash table entries: 16384 (order: 5, 131072 bytes, linear)
[    0.676085] TCP bind hash table entries: 16384 (order: 7, 524288 bytes, linear)
[    0.678064] TCP: Hash tables configured (established 16384 bind 16384)
[    0.679778] UDP hash table entries: 1024 (order: 3, 32768 bytes, linear)
[    0.681674] UDP-Lite hash table entries: 1024 (order: 3, 32768 bytes, linear)
[    0.684379] NET: Registered PF_UNIX/PF_LOCAL protocol family
[    0.686640] RPC: Registered named UNIX socket transport module.
[    0.688372] RPC: Registered udp transport module.
[    0.689658] RPC: Registered tcp transport module.
[    0.690967] RPC: Registered tcp NFSv4.1 backchannel transport module.
[    0.694159] pci_bus 0000:00: resource 4 [io  0x0000-0x0cf7 window]
[    0.696732] pci_bus 0000:00: resource 5 [io  0x0d00-0xffff window]
[    0.699782] pci_bus 0000:00: resource 6 [mem 0x000a0000-0x000bffff window]
[    0.701786] pci_bus 0000:00: resource 7 [mem 0x80000000-0xfebfffff window]
[    0.703915] pci_bus 0000:00: resource 8 [mem 0x100000000-0x17fffffff window]
[    0.706388] pci 0000:00:01.0: PIIX3: Enabling Passive Release
[    0.708075] pci 0000:00:00.0: Limiting direct PCI/PCI transfers
[    0.710048] PCI: CLS 0 bytes, default 64
[    0.711557] Unpacking initramfs...
[    0.712623] RAPL PMU: API unit is 2^-32 Joules, 0 fixed counters, 10737418240 ms ovfl timer
[    0.714779] clocksource: tsc: mask: 0xffffffffffffffff max_cycles: 0x2b2c8d6afc8, max_idle_ns: 440795331172 ns
[    0.719269] Initialise system trusted keyrings
[    0.721239] workingset: timestamp_bits=56 max_order=19 bucket_order=0
[    0.724805] NFS: Registering the id_resolver key type
[    0.726348] Key type id_resolver registered
[    0.727692] Key type id_legacy registered
[    0.729158] 9p: Installing v9fs 9p2000 file system support
[    0.735953] Freeing initrd memory: 1348K
[    0.737654] Key type asymmetric registered
[    0.739017] Asymmetric key parser 'x509' registered
[    0.740816] Block layer SCSI generic (bsg) driver version 0.4 loaded (major 251)
[    0.743077] io scheduler mq-deadline registered
[    0.744400] io scheduler kyber registered
[    0.745901] input: Power Button as /devices/LNXSYSTM:00/LNXPWRBN:00/input/input0
[    0.748957] ACPI: button: Power Button [PWRF]
[    0.751587] Serial: 8250/16550 driver, 4 ports, IRQ sharing enabled
[    0.753747] 00:04: ttyS0 at I/O 0x3f8 (irq = 4, base_baud = 115200) is a 16550A
[    0.757700] Non-volatile memory driver v1.3
[    0.759010] Linux agpgart interface v0.103
[    0.760362] ACPI: bus type drm_connector registered
[    0.769107] loop: module loaded
[    0.772373] scsi host0: ata_piix
[    0.773757] scsi host1: ata_piix
[    0.774818] ata1: PATA max MWDMA2 cmd 0x1f0 ctl 0x3f6 bmdma 0xc040 irq 14
[    0.776856] ata2: PATA max MWDMA2 cmd 0x170 ctl 0x376 bmdma 0xc048 irq 15
[    0.781325] e100: Intel(R) PRO/100 Network Driver
[    0.784024] e100: Copyright(c) 1999-2006 Intel Corporation
[    0.786246] e1000: Intel(R) PRO/1000 Network Driver
[    0.787933] e1000: Copyright (c) 1999-2006 Intel Corporation.
[    0.934131] ata2: found unknown device (class 0)
[    0.936389] ata2.00: ATAPI: QEMU DVD-ROM, 2.5+, max UDMA/100
[    0.939488] scsi 1:0:0:0: CD-ROM            QEMU     QEMU DVD-ROM     2.5+ PQ: 0 ANSI: 5
[    0.961617] sr 1:0:0:0: [sr0] scsi3-mmc drive: 4x/4x cd/rw xa/form2 tray
[    0.963064] cdrom: Uniform CD-ROM driver Revision: 3.20
[    1.217005] ACPI: \_SB_.LNKC: Enabled at IRQ 11
[    1.576133] e1000 0000:00:03.0 eth0: (PCI:33MHz:32-bit) 52:54:00:12:34:56
[    1.577647] e1000 0000:00:03.0 eth0: Intel(R) PRO/1000 Network Connection
[    1.579159] e1000e: Intel(R) PRO/1000 Network Driver
[    1.580272] e1000e: Copyright(c) 1999 - 2015 Intel Corporation.
[    1.581590] sky2: driver version 1.30
[    1.582914] usbcore: registered new interface driver usblp
[    1.584132] usbcore: registered new interface driver usb-storage
[    1.585487] i8042: PNP: PS/2 Controller [PNP0303:KBD,PNP0f13:MOU] at 0x60,0x64 irq 1,12
[    1.589764] serio: i8042 KBD port at 0x60,0x64 irq 1
[    1.592605] serio: i8042 AUX port at 0x60,0x64 irq 12
[    1.595944] input: AT Translated Set 2 keyboard as /devices/platform/i8042/serio0/input/input1
[    1.597311] rtc_cmos 00:05: RTC can wake from S4
[    1.601290] rtc_cmos 00:05: registered as rtc0
[    1.602535] rtc_cmos 00:05: alarms up to one day, y3k, 242 bytes nvram, hpet irqs
[    1.604695] device-mapper: ioctl: 4.48.0-ioctl (2023-03-01) initialised: dm-devel@redhat.com
[    1.606817] intel_pstate: CPU model not supported
[    1.608377] hid: raw HID events driver (C) Jiri Kosina
[    1.611054] usbcore: registered new interface driver usbhid
[    1.612585] usbhid: USB HID core driver
[    1.615837] Initializing XFRM netlink socket
[    1.616901] NET: Registered PF_INET6 protocol family
[    1.618971] Segment Routing with IPv6
[    1.619854] In-situ OAM (IOAM) with IPv6
[    1.620862] sit: IPv6, IPv4 and MPLS over IPv4 tunneling driver
[    1.622594] NET: Registered PF_PACKET protocol family
[    1.623838] 9pnet: Installing 9P2000 support
[    1.624918] Key type dns_resolver registered
[    1.626474] IPI shorthand broadcast: enabled
[    1.637698] sched_clock: Marking stable (1615017908, 21702013)->(1688413968, -51694047)
[    1.639961] registered taskstats version 1
[    1.641024] Loading compiled-in X.509 certificates
[    1.649791] PM:   Magic number: 10:399:641
[    1.651031] printk: console [netcon0] enabled
[    1.652303] netconsole: network logging started
[    1.653696] cfg80211: Loading compiled-in X.509 certificates for regulatory database
[    1.656162] kworker/u4:1 (51) used greatest stack depth: 29536 bytes left
[    1.658432] Loaded X.509 cert 'sforshee: 00b28ddf47aef9cea7'
[    1.659773] ALSA device list:
[    1.660470]   No soundcards found.
[    1.662432] Freeing unused kernel image (initmem) memory: 5616K
[    1.663368] platform regulatory.0: Direct firmware load for regulatory.db failed with error -2
[    1.664427] cfg80211: failed to load regulatory.db
[    1.666783] Write protecting the kernel read-only data: 59392k
[    1.667806] Freeing unused kernel image (rodata/data gap) memory: 208K
[    1.679185] x86/mm: Checked W+X mappings: passed, no W+X pages found.
[    1.680187] Run /init as init process
[    1.682684] mount (55) used greatest stack depth: 28760 bytes left

secb: rootfs ready
---- poc begin ----
[poc] create_veth: OK
[poc] veth0 created with numtxqueues=512 -> ifindex=4
[poc] veth0 channels before: rx=512 tx=512 combined=0 max_rx=512 max_tx=512 max_combined=0
[poc] ETHTOOL_SCHANNELS(veth0, tx=465): OK
[poc] add_multiq(CREATE): OK
[poc] veth0 channels before: rx=465 tx=465 combined=0 max_rx=512 max_tx=512 max_combined=0
[poc] ETHTOOL_SCHANNELS(veth0, tx=396): OK
[    1.735780] ==================================================================
[    1.737969] BUG: KASAN: slab-out-of-bounds in multiq_tune+0xbd9/0xd60
[    1.738924] Write of size 8 at addr ffff88800acf6978 by task poc/61
[    1.739796] 
[    1.740047] CPU: 1 PID: 61 Comm: poc Not tainted 6.4.0-04322-gc451410ca7e3-dirty #1
[    1.741114] Hardware name: QEMU Standard PC (i440FX + PIIX, 1996), BIOS 1.16.2-debian-1.16.2-1 04/01/2014
[    1.742403] Call Trace:
[    1.742767]  <TASK>
[    1.743108]  dump_stack_lvl+0x36/0x50
[    1.743684]  print_report+0xcf/0x660
[    1.744221]  ? multiq_tune+0xbd9/0xd60
[    1.744833]  kasan_report+0xc7/0x100
[    1.745364]  ? multiq_tune+0xbd9/0xd60
[    1.745962]  multiq_tune+0xbd9/0xd60
[    1.746470]  ? __pfx_multiq_tune+0x10/0x10
[    1.747075]  ? nla_strcmp+0x20/0xf0
[    1.747549]  tc_modify_qdisc+0xdeb/0x1910
[    1.748144]  ? cred_has_capability.isra.0+0x13a/0x230
[    1.748850]  ? __pfx_tc_modify_qdisc+0x10/0x10
[    1.749584]  ? __pfx_cred_has_capability.isra.0+0x10/0x10
[    1.750710]  ? mutex_lock+0x8d/0xe0
[    1.751285]  ? __pfx_mutex_lock+0x10/0x10
[    1.751920]  rtnetlink_rcv_msg+0x35d/0x9d0
[    1.752878]  ? entry_SYSCALL_64_after_hwframe+0x6e/0xd8
[    1.753646]  ? __pfx_rtnetlink_rcv_msg+0x10/0x10
[    1.754380]  netlink_rcv_skb+0x12f/0x370
[    1.754947]  ? __pfx_rtnetlink_rcv_msg+0x10/0x10
[    1.755660]  ? __pfx_netlink_rcv_skb+0x10/0x10
[    1.756626]  ? __pfx___netlink_lookup+0x10/0x10
[    1.757564]  netlink_unicast+0x588/0x7f0
[    1.758518]  ? __pfx_netlink_unicast+0x10/0x10
[    1.759145]  netlink_sendmsg+0x7b7/0xc60
[    1.759733]  ? __pfx_netlink_sendmsg+0x10/0x10
[    1.760407]  ? __kernel_text_address+0xd/0x40
[    1.761068]  ? arch_stack_walk+0xa7/0x100
[    1.761671]  ? __pfx_netlink_sendmsg+0x10/0x10
[    1.762409]  sock_sendmsg+0x13d/0x180
[    1.762994]  ____sys_sendmsg+0x5c5/0x7f0
[    1.763609]  ? __pfx_____sys_sendmsg+0x10/0x10
[    1.764351]  ? __pfx_copy_msghdr_from_user+0x10/0x10
[    1.765139]  ? __stack_depot_save+0x39/0x470
[    1.765849]  ? kasan_save_stack+0x43/0x60
[    1.766449]  ? kasan_save_stack+0x33/0x60
[    1.767041]  ? __kasan_record_aux_stack+0x94/0xa0
[    1.768301]  ___sys_sendmsg+0x100/0x180
[    1.769827]  ? __pfx____sys_sendmsg+0x10/0x10
[    1.771647]  __sys_sendmsg+0xe6/0x190
[    1.772510]  ? __pfx___sys_sendmsg+0x10/0x10
[    1.773459]  ? fpregs_assert_state_consistent+0x1c/0xa0
[    1.774543]  do_syscall_64+0x3b/0x90
[    1.775430]  entry_SYSCALL_64_after_hwframe+0x6e/0xd8
[    1.776613] RIP: 0033:0x43b550
[    1.777278] Code: ff f7 d8 64 89 02 48 c7 c0 ff ff ff ff eb b7 66 2e 0f 1f 84 00 00 00 00 00 90 80 3d 31 0b 07 00 00 74 17 b8 2e 00 00 00 0f 05 <48> 3d 00 f0 ff ff 77 58 c3 0f 1f 80 00 00 00 00 48 83 ec 28 89 54
[    1.780102] RSP: 002b:00007ffc09a4c4e8 EFLAGS: 00000202 ORIG_RAX: 000000000000002e
[    1.781171] RAX: ffffffffffffffda RBX: 0000000000000003 RCX: 000000000043b550
[    1.782227] RDX: 0000000000000000 RSI: 00007ffc09a4c510 RDI: 0000000000000003
[    1.783394] RBP: 000000000047f12a R08: 00007ffc09a4e53c R09: 0000000000000008
[    1.785595] R10: 0000000000000000 R11: 0000000000000202 R12: 00007ffc09a4c510
[    1.787065] R13: 0000000000000001 R14: 0000000000000001 R15: 0000000000000001
[    1.788210]  </TASK>
[    1.788597] 
[    1.788847] Allocated by task 61:
[    1.789431]  kasan_save_stack+0x33/0x60
[    1.790076]  kasan_set_track+0x25/0x30
[    1.790716]  __kasan_kmalloc+0x8f/0xa0
[    1.791297]  __kmalloc+0x59/0x160
[    1.791890]  multiq_tune+0x215/0xd60
[    1.792478]  tc_modify_qdisc+0xdeb/0x1910
[    1.793226]  rtnetlink_rcv_msg+0x35d/0x9d0
[    1.794145]  netlink_rcv_skb+0x12f/0x370
[    1.794777]  netlink_unicast+0x588/0x7f0
[    1.795436]  netlink_sendmsg+0x7b7/0xc60
[    1.796102]  sock_sendmsg+0x13d/0x180
[    1.796712]  ____sys_sendmsg+0x5c5/0x7f0
[    1.797414]  ___sys_sendmsg+0x100/0x180
[    1.798076]  __sys_sendmsg+0xe6/0x190
[    1.798678]  do_syscall_64+0x3b/0x90
[    1.799246]  entry_SYSCALL_64_after_hwframe+0x6e/0xd8
[    1.800068] 
[    1.800324] The buggy address belongs to the object at ffff88800acf6800
[    1.800324]  which belongs to the cache kmalloc-512 of size 512
[    1.802447] The buggy address is located 0 bytes to the right of
[    1.802447]  allocated 376-byte region [ffff88800acf6800, ffff88800acf6978)
[    1.804788] 
[    1.805096] The buggy address belongs to the physical page:
[    1.806051] page:00000000818e4343 refcount:1 mapcount:0 mapping:0000000000000000 index:0x0 pfn:0xacf4
[    1.807555] head:00000000818e4343 order:2 entire_mapcount:0 nr_pages_mapped:0 pincount:0
[    1.809042] flags: 0x100000000010200(slab|head|node=0|zone=1)
[    1.809967] page_type: 0xffffffff()
[    1.810557] raw: 0100000000010200 ffff888006441c80 dead000000000122 0000000000000000
[    1.812681] raw: 0000000000000000 0000000080100010 00000001ffffffff 0000000000000000
[    1.814066] page dumped because: kasan: bad access detected
[    1.815002] 
[    1.815409] Memory state around the buggy address:
[    1.816188]  ffff88800acf6800: 00 00 00 00 00 00 00 00 00 00 00 00 00 00 00 00
[    1.817302]  ffff88800acf6880: 00 00 00 00 00 00 00 00 00 00 00 00 00 00 00 00
[    1.818773] >ffff88800acf6900: 00 00 00 00 00 00 00 00 00 00 00 00 00 00 00 fc
[    1.820191]                                                                 ^
[    1.821379]  ffff88800acf6980: fc fc fc fc fc fc fc fc fc fc fc fc fc fc fc fc
[    1.822555]  ffff88800acf6a00: fc fc fc fc fc fc fc fc fc fc fc fc fc fc fc fc
[    1.823844] ==================================================================
[    1.825214] Disabling lock debugging due to kernel taint
[poc] add_multiq(REPLACE): OK
[    2.240361] input: ImExPS/2 Generic Explorer Mouse as /devices/platform/i8042/serio1/input/input3
[    2.829411] poc (61) used greatest stack depth: 25472 bytes left
---- poc end rc=0 ----
secb: poc exited without crashing the kernel
[    4.179308] ACPI: PM: Preparing to enter system sleep state S5
[    4.181576] reboot: Power down
CONFIRMED: KASAN_OOB
