c[?7l[2J[0mSeaBIOS (version 1.16.2-debian-1.16.2-1)
Booting from ROM...
c[?7l[2Jearly console in extract_kernel
input_data: 0x000000000c2092bf
input_len: 0x00000000047f757c
output: 0x0000000001000000
output_len: 0x000000000e502ad8
kernel_total_size: 0x000000000fa26000
needed_size: 0x000000000fc00000
trampoline_32bit: 0x000000000009d000

Decompressing Linux... Parsing ELF... done.
Booting the kernel.
[    0.000000][    T0] Linux version 5.17.0-rc2-next-20220202-g6abab1b81b65-dirty (root@buildkitsandbox) (gcc (Debian 12.2.0-14+deb12u1) 12.2.0, GNU ld (GNU Binutils for Debian) 2.40) #1 SMP PREEMPT Tue May 26 06:23:31 UTC 2026
[    0.000000][    T0] Command line: console=ttyS0 oops=panic panic=86400 nokaslr earlyprintk=serial rdinit=/init
[    0.000000][    T0] KERNEL supported cpus:
[    0.000000][    T0]   Intel GenuineIntel
[    0.000000][    T0]   AMD AuthenticAMD
[    0.000000][    T0] x86/fpu: Supporting XSAVE feature 0x001: 'x87 floating point registers'
[    0.000000][    T0] x86/fpu: Supporting XSAVE feature 0x002: 'SSE registers'
[    0.000000][    T0] x86/fpu: Supporting XSAVE feature 0x004: 'AVX registers'
[    0.000000][    T0] x86/fpu: xstate_offset[2]:  576, xstate_sizes[2]:  256
[    0.000000][    T0] x86/fpu: Enabled xstate features 0x7, context size is 832 bytes, using 'compacted' format.
[    0.000000][    T0] signal: max sigframe size: 1776
[    0.000000][    T0] BIOS-provided physical RAM map:
[    0.000000][    T0] BIOS-e820: [mem 0x0000000000000000-0x000000000009fbff] usable
[    0.000000][    T0] BIOS-e820: [mem 0x000000000009fc00-0x000000000009ffff] reserved
[    0.000000][    T0] BIOS-e820: [mem 0x00000000000f0000-0x00000000000fffff] reserved
[    0.000000][    T0] BIOS-e820: [mem 0x0000000000100000-0x000000007ffdffff] usable
[    0.000000][    T0] BIOS-e820: [mem 0x000000007ffe0000-0x000000007fffffff] reserved
[    0.000000][    T0] BIOS-e820: [mem 0x00000000feffc000-0x00000000feffffff] reserved
[    0.000000][    T0] BIOS-e820: [mem 0x00000000fffc0000-0x00000000ffffffff] reserved
[    0.000000][    T0] BIOS-e820: [mem 0x000000fd00000000-0x000000ffffffffff] reserved
[    0.000000][    T0] printk: bootconsole [earlyser0] enabled
[    0.000000][    T0] NX (Execute Disable) protection: active
[    0.000000][    T0] SMBIOS 2.8 present.
[    0.000000][    T0] DMI: QEMU Standard PC (i440FX + PIIX, 1996), BIOS 1.16.2-debian-1.16.2-1 04/01/2014
[    0.000000][    T0] Hypervisor detected: KVM
[    0.000000][    T0] kvm-clock: Using msrs 4b564d01 and 4b564d00
[    0.000003][    T0] kvm-clock: using sched offset of 8361336718 cycles
[    0.000716][    T0] clocksource: kvm-clock: mask: 0xffffffffffffffff max_cycles: 0x1cd42e4dffb, max_idle_ns: 881590591483 ns
[    0.002832][    T0] tsc: Detected 3493.436 MHz processor
[    0.008154][    T0] last_pfn = 0x7ffe0 max_arch_pfn = 0x400000000
[    0.008915][    T0] x86/PAT: Configuration [0-7]: WB  WC  UC- UC  WB  WP  UC- WT  
[    0.013284][    T0] found SMP MP-table at [mem 0x000f5ba0-0x000f5baf]
[    0.014076][    T0] Using GB pages for direct mapping
[    0.015398][    T0] RAMDISK: [mem 0x7fe94000-0x7ffdffff]
[    0.016050][    T0] ACPI: Early table checksum verification disabled
[    0.016815][    T0] ACPI: RSDP 0x00000000000F59D0 000014 (v00 BOCHS )
[    0.017611][    T0] ACPI: RSDT 0x000000007FFE1B33 000034 (v01 BOCHS  BXPC     00000001 BXPC 00000001)
[    0.018742][    T0] ACPI: FACP 0x000000007FFE19DF 000074 (v01 BOCHS  BXPC     00000001 BXPC 00000001)
[    0.019867][    T0] ACPI: DSDT 0x000000007FFE0040 00199F (v01 BOCHS  BXPC     00000001 BXPC 00000001)
[    0.020992][    T0] ACPI: FACS 0x000000007FFE0000 000040
[    0.021636][    T0] ACPI: APIC 0x000000007FFE1A53 000080 (v01 BOCHS  BXPC     00000001 BXPC 00000001)
[    0.022770][    T0] ACPI: HPET 0x000000007FFE1AD3 000038 (v01 BOCHS  BXPC     00000001 BXPC 00000001)
[    0.023889][    T0] ACPI: WAET 0x000000007FFE1B0B 000028 (v01 BOCHS  BXPC     00000001 BXPC 00000001)
[    0.025011][    T0] ACPI: Reserving FACP table memory at [mem 0x7ffe19df-0x7ffe1a52]
[    0.025946][    T0] ACPI: Reserving DSDT table memory at [mem 0x7ffe0040-0x7ffe19de]
[    0.026874][    T0] ACPI: Reserving FACS table memory at [mem 0x7ffe0000-0x7ffe003f]
[    0.027808][    T0] ACPI: Reserving APIC table memory at [mem 0x7ffe1a53-0x7ffe1ad2]
[    0.028735][    T0] ACPI: Reserving HPET table memory at [mem 0x7ffe1ad3-0x7ffe1b0a]
[    0.029673][    T0] ACPI: Reserving WAET table memory at [mem 0x7ffe1b0b-0x7ffe1b32]
[    0.030815][    T0] ACPI: CEDT not present
[    0.031874][    T0] No NUMA configuration found
[    0.032421][    T0] Faking a node at [mem 0x0000000000000000-0x000000007ffdffff]
[    0.033317][    T0] NODE_DATA(0) allocated [mem 0x7fe8e000-0x7fe93fff]
[    0.058309][    T0] Zone ranges:
[    0.058746][    T0]   DMA      [mem 0x0000000000001000-0x0000000000ffffff]
[    0.059579][    T0]   DMA32    [mem 0x0000000001000000-0x000000007ffdffff]
[    0.060407][    T0]   Normal   empty
[    0.060841][    T0]   Device   empty
[    0.061282][    T0] Movable zone start for each node
[    0.061876][    T0] Early memory node ranges
[    0.062375][    T0]   node   0: [mem 0x0000000000001000-0x000000000009efff]
[    0.063188][    T0]   node   0: [mem 0x0000000000100000-0x000000007ffdffff]
[    0.064000][    T0] Initmem setup node 0 [mem 0x0000000000001000-0x000000007ffdffff]
[    0.064907][    T0] On node 0, zone DMA: 1 pages in unavailable ranges
[    0.065010][    T0] On node 0, zone DMA: 97 pages in unavailable ranges
[    0.078029][    T0] On node 0, zone DMA32: 32 pages in unavailable ranges
[   11.259371][    T0] kasan: KernelAddressSanitizer initialized
[   11.261419][    T0] ACPI: PM-Timer IO Port: 0x608
[   11.262116][    T0] ACPI: LAPIC_NMI (acpi_id[0xff] dfl dfl lint[0x1])
[   11.263111][    T0] IOAPIC[0]: apic_id 0, version 17, address 0xfec00000, GSI 0-23
[   11.264154][    T0] ACPI: INT_SRC_OVR (bus 0 bus_irq 0 global_irq 2 dfl dfl)
[   11.264983][    T0] ACPI: INT_SRC_OVR (bus 0 bus_irq 5 global_irq 5 high level)
[   11.265991][    T0] ACPI: INT_SRC_OVR (bus 0 bus_irq 9 global_irq 9 high level)
[   11.266902][    T0] ACPI: INT_SRC_OVR (bus 0 bus_irq 10 global_irq 10 high level)
[   11.267790][    T0] ACPI: INT_SRC_OVR (bus 0 bus_irq 11 global_irq 11 high level)
[   11.268673][    T0] ACPI: Using ACPI (MADT) for SMP configuration information
[   11.269504][    T0] ACPI: HPET id: 0x8086a201 base: 0xfed00000
[   11.270234][    T0] TSC deadline timer available
[   11.270903][    T0] smpboot: Allowing 2 CPUs, 0 hotplug CPUs
[   11.271663][    T0] kvm-guest: KVM setup pv remote TLB flush
[   11.272465][    T0] kvm-guest: setup PV sched yield
[   11.273144][    T0] PM: hibernation: Registered nosave memory: [mem 0x00000000-0x00000fff]
[   11.274339][    T0] PM: hibernation: Registered nosave memory: [mem 0x0009f000-0x0009ffff]
[   11.275520][    T0] PM: hibernation: Registered nosave memory: [mem 0x000a0000-0x000effff]
[   11.276696][    T0] PM: hibernation: Registered nosave memory: [mem 0x000f0000-0x000fffff]
[   11.277873][    T0] [mem 0x80000000-0xfeffbfff] available for PCI devices
[   11.278695][    T0] Booting paravirtualized kernel on KVM
[   11.279340][    T0] clocksource: refined-jiffies: mask: 0xffffffff max_cycles: 0xffffffff, max_idle_ns: 19112604462750000 ns
[   11.325627][    T0] setup_percpu: NR_CPUS:8 nr_cpumask_bits:8 nr_cpu_ids:2 nr_node_ids:1
[   11.328034][    T0] percpu: Embedded 69 pages/cpu s243464 r8192 d30968 u1048576
[   11.329268][    T0] kvm-guest: PV spinlocks enabled
[   11.329984][    T0] PV qspinlock hash table entries: 256 (order: 0, 4096 bytes, linear)
[   11.331181][    T0] Fallback order for Node 0: 0 
[   11.331914][    T0] Built 1 zonelists, mobility grouping on.  Total pages: 515808
[   11.332995][    T0] Policy zone: DMA32
[   11.333453][    T0] Kernel command line: console=ttyS0 oops=panic panic=86400 nokaslr earlyprintk=serial rdinit=/init
[   11.336775][    T0] Dentry cache hash table entries: 262144 (order: 9, 2097152 bytes, linear)
[   11.337903][    T0] Inode-cache hash table entries: 131072 (order: 8, 1048576 bytes, linear)
[   11.346390][    T0] mem auto-init: stack:off, heap alloc:on, heap free:off
[   11.347295][    T0] Stack Depot allocating hash table with memblock_alloc
[   11.487932][    T0] Memory: 1497160K/2096632K available (139293K kernel code, 34260K rwdata, 29684K rodata, 4084K init, 25592K bss, 599216K reserved, 0K cma-reserved)
[   11.490480][    T0] SLUB: HWalign=64, Order=0-3, MinObjects=0, CPUs=2, Nodes=1
[   11.493135][    T0] Dynamic Preempt: full
[   11.494916][    T0] Running RCU self tests
[   11.495561][    T0] rcu: Preemptible hierarchical RCU implementation.
[   11.496516][    T0] rcu: 	RCU lockdep checking is enabled.
[   11.497334][    T0] rcu: 	RCU restricting CPUs from NR_CPUS=8 to nr_cpu_ids=2.
[   11.498433][    T0] rcu: 	RCU callback double-/use-after-free debug is enabled.
[   11.499535][    T0] rcu: 	RCU debug extended QS entry/exit.
[   11.500382][    T0] 	Trampoline variant of Tasks RCU enabled.
[   11.501248][    T0] 	Tracing variant of Tasks RCU enabled.
[   11.502066][    T0] rcu: RCU calculated value of scheduler-enlistment delay is 10 jiffies.
[   11.503126][    T0] rcu: Adjusting geometry for rcu_fanout_leaf=16, nr_cpu_ids=2
[   11.530274][    T0] NR_IRQS: 4352, nr_irqs: 440, preallocated irqs: 16
[   11.531475][    T0] rcu: srcu_init: Setting srcu_struct sizes based on contention.
[   11.532637][    T0] kfence: initialized - using 2097152 bytes for 255 objects at 0x(____ptrval____)-0x(____ptrval____)
[   11.534098][    T0] random: crng init done (trusting CPU's manufacturer)
[   11.544320][    T0] Console: colour VGA+ 80x25
[   11.544918][    T0] printk: console [ttyS0] enabled
[   11.544918][    T0] printk: console [ttyS0] enabled
[   11.546148][    T0] printk: bootconsole [earlyser0] disabled
[   11.546148][    T0] printk: bootconsole [earlyser0] disabled
[   11.547877][    T0] Lock dependency validator: Copyright (c) 2006 Red Hat, Inc., Ingo Molnar
[   11.549117][    T0] ... MAX_LOCKDEP_SUBCLASSES:  8
[   11.549843][    T0] ... MAX_LOCK_DEPTH:          48
[   11.550537][    T0] ... MAX_LOCKDEP_KEYS:        8192
[   11.551270][    T0] ... CLASSHASH_SIZE:          4096
[   11.552068][    T0] ... MAX_LOCKDEP_ENTRIES:     65536
[   11.552720][    T0] ... MAX_LOCKDEP_CHAINS:      131072
[   11.553385][    T0] ... CHAINHASH_SIZE:          65536
[   11.554198][    T0]  memory used by lock dependency info: 11129 kB
[   11.555134][    T0]  memory used for stack traces: 8320 kB
[   11.555975][    T0]  per task-struct memory footprint: 1920 bytes
[   11.556864][    T0] ACPI: Core revision 20211217
[   11.557826][    T0] clocksource: hpet: mask: 0xffffffff max_cycles: 0xffffffff, max_idle_ns: 19112604467 ns
[   11.559260][    T0] APIC: Switch to symmetric I/O mode setup
[   11.560011][    T0] kvm-guest: setup PV IPIs
[   11.561874][    T0] ..TIMER: vector=0x30 apic1=0 pin1=2 apic2=-1 pin2=-1
[   11.562768][    T0] tsc: Marking TSC unstable due to TSCs unsynchronized
[   11.563712][    T0] Calibrating delay loop (skipped) preset value.. 6986.87 BogoMIPS (lpj=34934360)
[   11.564839][    T0] pid_max: default: 32768 minimum: 301
[   11.566632][    T0] LSM: Security Framework initializing
[   11.567341][    T0] landlock: Up and running.
[   11.567883][    T0] Yama: becoming mindful.
[   11.568524][    T0] TOMOYO Linux initialized
[   11.573800][    T0] AppArmor: AppArmor initialized
[   11.574525][    T0] LSM support for eBPF active
[   11.575144][    T0] Mount-cache hash table entries: 4096 (order: 3, 32768 bytes, linear)
[   11.576255][    T0] Mountpoint-cache hash table entries: 4096 (order: 3, 32768 bytes, linear)
[   11.579241][    T0] x86/cpu: User Mode Instruction Prevention (UMIP) activated
[   11.580242][    T0] Last level iTLB entries: 4KB 512, 2MB 255, 4MB 127
[   11.581023][    T0] Last level dTLB entries: 4KB 512, 2MB 255, 4MB 127, 1GB 0
[   11.581884][    T0] Spectre V1 : Mitigation: usercopy/swapgs barriers and __user pointer sanitization
[   11.583118][    T0] Spectre V2 : Spectre mitigation: kernel not compiled with retpoline; no mitigation available!
[   11.583135][    T0] Speculative Store Bypass: Mitigation: Speculative Store Bypass disabled via prctl
[   11.587048][    T0] Freeing SMP alternatives memory: 108K
[   11.588573][    T1] smpboot: CPU0: AMD Ryzen Threadripper PRO 3975WX 32-Cores (family: 0x17, model: 0x31, stepping: 0x0)
[   11.591774][    T1] cblist_init_generic: Setting adjustable number of callback queues.
[   11.592826][    T1] cblist_init_generic: Setting shift to 1 and lim to 1.
[   11.593686][    T1] cblist_init_generic: Setting shift to 1 and lim to 1.
[   11.593686][    T1] Running RCU-tasks wait API self tests
[   11.713873][    T1] Performance Events: Fam17h+ core perfctr, AMD PMU driver.
[   11.714967][    T1] ... version:                0
[   11.715651][    T1] ... bit width:              48
[   11.716365][    T1] ... generic registers:      6
[   11.717058][    T1] ... value mask:             0000ffffffffffff
[   11.717945][    T1] ... max period:             00007fffffffffff
[   11.718824][    T1] ... fixed-purpose events:   0
[   11.719520][    T1] ... event mask:             000000000000003f
[   11.720996][    T1] rcu: Hierarchical SRCU implementation.
[   11.724735][    T1] smp: Bringing up secondary CPUs ...
[   11.726435][    T1] x86: Booting SMP configuration:
[   11.727157][    T1] .... node  #0, CPUs:      #1
[   11.728499][    T1] smp: Brought up 1 node, 2 CPUs
[   11.728499][    T1] smpboot: Max logical packages: 1
[   11.728499][    T1] smpboot: Total of 2 processors activated (13973.74 BogoMIPS)
[   11.744046][    T1] devtmpfs: initialized
[   11.744746][    T1] x86/mm: Memory block size: 128MB
[   11.760988][    T1] clocksource: jiffies: mask: 0xffffffff max_cycles: 0xffffffff, max_idle_ns: 19112604462750000 ns
[   11.763712][   T12] Callback from call_rcu_tasks_trace() invoked.
[   11.763759][    T1] futex hash table entries: 512 (order: 4, 65536 bytes, linear)
[   11.767411][    T1] PM: RTC time: 06:27:59, date: 2026-05-26
[   11.769504][    T1] NET: Registered PF_NETLINK/PF_ROUTE protocol family
[   11.773716][    T1] audit: initializing netlink subsys (disabled)
[   11.774646][   T26] audit: type=2000 audit(1779776880.404:1): state=initialized audit_enabled=0 res=1
[   11.775674][    T1] thermal_sys: Registered thermal governor 'step_wise'
[   11.775683][    T1] thermal_sys: Registered thermal governor 'user_space'
[   11.776624][    T1] cpuidle: using governor menu
[   11.778019][    T1] NET: Registered PF_QIPCRTR protocol family
[   11.779366][    T1] PCI: Using configuration type 1 for base access
[   11.779366][    T1] PCI: Using configuration type 1 for extended access
[   11.924028][    T1] HugeTLB registered 1.00 GiB page size, pre-allocated 0 pages
[   11.924821][    T1] HugeTLB registered 2.00 MiB page size, pre-allocated 0 pages
[   11.933999][   T11] Callback from call_rcu_tasks() invoked.
[   11.934924][    T1] cryptd: max_cpu_qlen set to 1000
[   11.937457][    T1] raid6: skipped pq benchmark and selected avx2x4
[   11.937457][    T1] raid6: using avx2x2 recovery algorithm
[   11.937457][    T1] ACPI: Added _OSI(Module Device)
[   11.937457][    T1] ACPI: Added _OSI(Processor Device)
[   11.937457][    T1] ACPI: Added _OSI(3.0 _SCP Extensions)
[   11.937457][    T1] ACPI: Added _OSI(Processor Aggregator Device)
[   11.937457][    T1] ACPI: Added _OSI(Linux-Dell-Video)
[   11.937457][    T1] ACPI: Added _OSI(Linux-Lenovo-NV-HDMI-Audio)
[   11.937457][    T1] ACPI: Added _OSI(Linux-HPI-Hybrid-Graphics)
[   11.971672][    T1] ACPI: 1 ACPI AML tables successfully acquired and loaded
[   11.997569][    T1] ACPI: Interpreter enabled
[   11.998398][    T1] ACPI: PM: (supports S0 S3 S4 S5)
[   11.999139][    T1] ACPI: Using IOAPIC for interrupt routing
[   12.000503][    T1] PCI: Using host bridge windows from ACPI; if necessary, use "pci=nocrs" and report a bug
[   12.006671][    T1] ACPI: Enabled 2 GPEs in block 00 to 0F
[   12.061267][    T1] ACPI: PCI Root Bridge [PCI0] (domain 0000 [bus 00-ff])
[   12.062336][    T1] acpi PNP0A03:00: _OSC: OS supports [ExtendedConfig ASPM ClockPM Segments MSI HPX-Type3]
[   12.064395][    T1] PCI host bridge to bus 0000:00
[   12.065106][    T1] pci_bus 0000:00: root bus resource [io  0x0000-0x0cf7 window]
[   12.066207][    T1] pci_bus 0000:00: root bus resource [io  0x0d00-0xffff window]
[   12.067289][    T1] pci_bus 0000:00: root bus resource [mem 0x000a0000-0x000bffff window]
[   12.068470][    T1] pci_bus 0000:00: root bus resource [mem 0x80000000-0xfebfffff window]
[   12.069654][    T1] pci_bus 0000:00: root bus resource [mem 0x100000000-0x17fffffff window]
[   12.070864][    T1] pci_bus 0000:00: root bus resource [bus 00-ff]
[   12.072058][    T1] pci 0000:00:00.0: [8086:1237] type 00 class 0x060000
[   12.085853][    T1] pci 0000:00:01.0: [8086:7000] type 00 class 0x060100
[   12.099291][    T1] pci 0000:00:01.1: [8086:7010] type 00 class 0x010180
[   12.101788][    T1] pci 0000:00:01.1: reg 0x20: [io  0xc000-0xc00f]
[   12.103360][    T1] pci 0000:00:01.1: legacy IDE quirk: reg 0x10: [io  0x01f0-0x01f7]
[   12.103700][    T1] pci 0000:00:01.1: legacy IDE quirk: reg 0x14: [io  0x03f6]
[   12.104744][    T1] pci 0000:00:01.1: legacy IDE quirk: reg 0x18: [io  0x0170-0x0177]
[   12.105886][    T1] pci 0000:00:01.1: legacy IDE quirk: reg 0x1c: [io  0x0376]
[   12.107427][    T1] pci 0000:00:01.3: [8086:7113] type 00 class 0x068000
[   12.108838][    T1] pci 0000:00:01.3: quirk: [io  0x0600-0x063f] claimed by PIIX4 ACPI
[   12.110297][    T1] pci 0000:00:01.3: quirk: [io  0x0700-0x070f] claimed by PIIX4 SMB
[   12.111868][    T1] pci 0000:00:02.0: [1234:1111] type 00 class 0x030000
[   12.114148][    T1] pci 0000:00:02.0: reg 0x10: [mem 0xfd000000-0xfdffffff pref]
[   12.116945][    T1] pci 0000:00:02.0: reg 0x18: [mem 0xfebf0000-0xfebf0fff]
[   12.121542][    T1] pci 0000:00:02.0: reg 0x30: [mem 0xfebe0000-0xfebeffff pref]
[   12.122837][    T1] pci 0000:00:02.0: Video device with shadowed ROM at [mem 0x000c0000-0x000dffff]
[   12.139687][    T1] ACPI: PCI: Interrupt link LNKA configured for IRQ 10
[   12.141954][    T1] ACPI: PCI: Interrupt link LNKB configured for IRQ 10
[   12.144209][    T1] ACPI: PCI: Interrupt link LNKC configured for IRQ 11
[   12.146419][    T1] ACPI: PCI: Interrupt link LNKD configured for IRQ 11
[   12.147913][    T1] ACPI: PCI: Interrupt link LNKS configured for IRQ 9
[   12.152732][    T1] iommu: Default domain type: Translated 
[   12.152732][    T1] iommu: DMA domain TLB invalidation policy: lazy mode 
[   12.154080][    T1] pci 0000:00:02.0: vgaarb: setting as boot VGA device
[   12.154643][    T1] pci 0000:00:02.0: vgaarb: VGA device added: decodes=io+mem,owns=io+mem,locks=none
[   12.155780][    T1] pci 0000:00:02.0: vgaarb: bridge control possible
[   12.156563][    T1] vgaarb: loaded
[   12.158645][    T1] SCSI subsystem initialized
[   12.159240][    T1] ACPI: bus type USB registered
[   12.163873][    T1] usbcore: registered new interface driver usbfs
[   12.164888][    T1] usbcore: registered new interface driver hub
[   12.165847][    T1] usbcore: registered new device driver usb
[   12.167158][    T1] mc: Linux media interface: v0.10
[   12.167967][    T1] videodev: Linux video capture interface: v2.00
[   12.169121][    T1] pps_core: LinuxPPS API ver. 1 registered
[   12.169952][    T1] pps_core: Software ver. 5.3.6 - Copyright 2005-2007 Rodolfo Giometti <giometti@linux.it>
[   12.171405][    T1] PTP clock support registered
[   12.172209][    T1] EDAC MC: Ver: 3.0.0
[   12.174316][    T1] Advanced Linux Sound Architecture Driver Initialized.
[   12.176854][    T1] Bluetooth: Core ver 2.22
[   12.177555][    T1] NET: Registered PF_BLUETOOTH protocol family
[   12.178424][    T1] Bluetooth: HCI device and connection manager initialized
[   12.179468][    T1] Bluetooth: HCI socket layer initialized
[   12.180280][    T1] Bluetooth: L2CAP socket layer initialized
[   12.181149][    T1] Bluetooth: SCO socket layer initialized
[   12.181996][    T1] NET: Registered PF_ATMPVC protocol family
[   12.182826][    T1] NET: Registered PF_ATMSVC protocol family
[   12.183786][    T1] NetLabel: Initializing
[   12.184388][    T1] NetLabel:  domain hash size = 128
[   12.185127][    T1] NetLabel:  protocols = UNLABELED CIPSOv4 CALIPSO
[   12.186197][    T1] NetLabel:  unlabeled traffic allowed by default
[   12.187268][    T1] nfc: nfc_init: NFC Core ver 0.1
[   12.187268][    T1] NET: Registered PF_NFC protocol family
[   12.187268][    T1] PCI: Using ACPI for IRQ routing
[   12.187268][    T1] hpet0: at MMIO 0xfed00000, IRQs 2, 8, 0
[   12.188008][    T1] hpet0: 3 comparators, 64-bit 100.000000 MHz counter
[   12.195987][    T1] clocksource: Switched to clocksource kvm-clock
[   13.221836][    T1] VFS: Disk quotas dquot_6.6.0
[   13.222642][    T1] VFS: Dquot-cache hash table entries: 512 (order 0, 4096 bytes)
[   13.224038][    T1] FS-Cache: Loaded
[   13.225192][    T1] CacheFiles: Loaded
[   13.226035][    T1] TOMOYO: 2.6.0
[   13.226549][    T1] Mandatory Access Control activated.
[   13.228570][    T1] AppArmor: AppArmor Filesystem Enabled
[   13.229581][    T1] pnp: PnP ACPI init
[   13.234633][    T1] pnp: PnP ACPI: found 6 devices
[   13.257739][    T1] clocksource: acpi_pm: mask: 0xffffff max_cycles: 0xffffff, max_idle_ns: 2085701024 ns
[   13.259461][    T1] NET: Registered PF_INET protocol family
[   13.260512][    T1] IP idents hash table entries: 32768 (order: 6, 262144 bytes, linear)
[   13.263188][    T1] tcp_listen_portaddr_hash hash table entries: 1024 (order: 4, 81920 bytes, linear)
[   13.264598][    T1] TCP established hash table entries: 16384 (order: 5, 131072 bytes, linear)
[   13.266512][    T1] TCP bind hash table entries: 16384 (order: 8, 1179648 bytes, linear)
[   13.268192][    T1] TCP: Hash tables configured (established 16384 bind 16384)
[   13.269784][    T1] MPTCP token hash table entries: 2048 (order: 5, 180224 bytes, linear)
[   13.271161][    T1] UDP hash table entries: 1024 (order: 5, 163840 bytes, linear)
[   13.272384][    T1] UDP-Lite hash table entries: 1024 (order: 5, 163840 bytes, linear)
[   13.274049][    T1] NET: Registered PF_UNIX/PF_LOCAL protocol family
[   13.275751][    T1] RPC: Registered named UNIX socket transport module.
[   13.276755][    T1] RPC: Registered udp transport module.
[   13.277565][    T1] RPC: Registered tcp transport module.
[   13.278366][    T1] RPC: Registered tcp NFSv4.1 backchannel transport module.
[   13.280389][    T1] NET: Registered PF_XDP protocol family
[   13.281235][    T1] pci_bus 0000:00: resource 4 [io  0x0000-0x0cf7 window]
[   13.282252][    T1] pci_bus 0000:00: resource 5 [io  0x0d00-0xffff window]
[   13.283265][    T1] pci_bus 0000:00: resource 6 [mem 0x000a0000-0x000bffff window]
[   13.284512][    T1] pci_bus 0000:00: resource 7 [mem 0x80000000-0xfebfffff window]
[   13.285637][    T1] pci_bus 0000:00: resource 8 [mem 0x100000000-0x17fffffff window]
[   13.287193][    T1] pci 0000:00:01.0: PIIX3: Enabling Passive Release
[   13.288157][    T1] pci 0000:00:00.0: Limiting direct PCI/PCI transfers
[   13.289150][    T1] pci 0000:00:01.0: Activating ISA DMA hang workarounds
[   13.290218][    T1] PCI: CLS 0 bytes, default 64
[   13.291173][    T1] ACPI: bus type thunderbolt registered
[   13.292796][    T1] kvm: no hardware support for 'kvm_intel'
[   13.296361][   T10] Trying to unpack rootfs image as initramfs...
[   13.303796][    T1] kvm: Nested Virtualization enabled
[   13.304579][    T1] SVM: kvm: Nested Paging enabled
[   13.334500][   T63] cryptomgr_test (63) used greatest stack depth: 29816 bytes left
[   13.344244][   T65] cryptomgr_test (65) used greatest stack depth: 29296 bytes left
[   13.401666][   T10] Freeing initrd memory: 1328K
[   13.402988][   T59] kworker/u4:2 (59) used greatest stack depth: 28544 bytes left
[   13.403920][   T58] kworker/u4:2 (58) used greatest stack depth: 28208 bytes left
[   13.405404][   T55] kworker/u4:2 (55) used greatest stack depth: 27824 bytes left
[   15.691085][    T1] Initialise system trusted keyrings
[   15.692276][    T1] workingset: timestamp_bits=40 max_order=19 bucket_order=0
[   15.721582][    T1] zbud: loaded
[   15.726838][    T1] DLM installed
[   15.730902][    T1] squashfs: version 4.0 (2009/01/31) Phillip Lougher
[   15.737488][    T1] NFS: Registering the id_resolver key type
[   15.738394][    T1] Key type id_resolver registered
[   15.739138][    T1] Key type id_legacy registered
[   15.740048][    T1] nfs4filelayout_init: NFSv4 File Layout Driver Registering...
[   15.741193][    T1] nfs4flexfilelayout_init: NFSv4 Flexfile Layout Driver Registering...
[   15.742393][    T1] Installing knfsd (copyright (C) 1996 okir@monad.swb.de).
[   15.748221][    T1] Key type cifs.spnego registered
[   15.748895][    T1] Key type cifs.idmap registered
[   15.749842][    T1] ntfs: driver 2.1.32 [Flags: R/W].
[   15.751448][    T1] efs: 1.0a - http://aeschi.ch.eu.org/efs/
[   15.752303][    T1] jffs2: version 2.2. (NAND) (SUMMARY)  © 2001-2006 Red Hat, Inc.
[   15.755451][    T1] romfs: ROMFS MTD (C) 2007 Red Hat, Inc.
[   15.756461][    T1] QNX4 filesystem 0.2.3 registered.
[   15.757249][    T1] qnx6: QNX6 filesystem 1.0.0 registered.
[   15.758328][    T1] fuse: init (API version 7.36)
[   15.760605][    T1] orangefs_debugfs_init: called with debug mask: :none: :0:
[   15.761972][    T1] orangefs_init: module version upstream loaded
[   15.763461][    T1] JFS: nTxBlock = 8192, nTxLock = 65536
[   15.768469][    T1] SGI XFS with ACLs, security attributes, realtime, quota, fatal assert, debug enabled
[   15.775816][    T1] 9p: Installing v9fs 9p2000 file system support
[   15.777624][    T1] NILFS version 2 loaded
[   15.778253][    T1] befs: version: 0.9.3
[   15.779774][    T1] ocfs2: Registered cluster interface o2cb
[   15.780883][    T1] ocfs2: Registered cluster interface user
[   15.781983][    T1] OCFS2 User DLM kernel interface loaded
[   15.789506][    T1] gfs2: GFS2 installed
[   15.796562][    T1] ceph: loaded (mds proto 32)
[   15.805283][    T1] NET: Registered PF_ALG protocol family
[   15.806002][    T1] xor: automatically using best checksumming function   avx       
[   15.806949][    T1] async_tx: api initialized (async)
[   15.807564][    T1] Key type asymmetric registered
[   15.808160][    T1] Asymmetric key parser 'x509' registered
[   15.808851][    T1] Asymmetric key parser 'pkcs8' registered
[   15.809540][    T1] Key type pkcs7_test registered
[   15.810120][    T1] Asymmetric key parser 'tpm_parser' registered
[   15.812331][    T1] alg: self-tests for CTR-KDF (hmac(sha256)) passed
[   15.813410][    T1] Block layer SCSI generic (bsg) driver version 0.4 loaded (major 240)
[   15.814982][    T1] io scheduler mq-deadline registered
[   15.815625][    T1] io scheduler kyber registered
[   15.816538][    T1] io scheduler bfq registered
[   15.828129][    T1] input: Power Button as /devices/LNXSYSTM:00/LNXPWRBN:00/input/input0
[   15.833506][    T1] ACPI: button: Power Button [PWRF]
[   15.848402][  T220] kworker/u4:0 (220) used greatest stack depth: 27808 bytes left
[   15.882909][  T329] kworker/u4:0 (329) used greatest stack depth: 27712 bytes left
[   15.973410][    T1] N_HDLC line discipline registered with maxframe=4096
[   15.974494][    T1] Serial: 8250/16550 driver, 4 ports, IRQ sharing enabled
[   15.975916][    T1] 00:04: ttyS0 at I/O 0x3f8 (irq = 4, base_baud = 115200) is a 16550A
[   15.987513][    T1] Non-volatile memory driver v1.3
[   15.988521][    T1] Linux agpgart interface v0.103
[   15.990504][    T1] ACPI: bus type drm_connector registered
[   15.992331][    T1] [drm] Initialized vgem 1.0.0 20120112 for vgem on minor 0
[   15.996149][    T1] [drm] Initialized vkms 1.0.0 20180514 for vkms on minor 1
[   16.075904][    T1] Console: switching to colour frame buffer device 128x48
[   16.092418][    T1] platform vkms: [drm] fb0: vkmsdrmfb frame buffer device
[   16.093393][    T1] usbcore: registered new interface driver udl
[   16.094254][    T1] bochs-drm 0000:00:02.0: vgaarb: deactivate vga console
[   16.097232][    T1] [drm] Found bochs VGA, ID 0xb0c5.
[   16.097838][    T1] [drm] Framebuffer size 16384 kB @ 0xfd000000, mmio @ 0xfebf0000.
[   16.100227][    T1] [drm] Found EDID data blob.
[   16.101838][    T1] [drm] Initialized bochs-drm 1.0.0 20130925 for 0000:00:02.0 on minor 2
[   16.105755][    T1] fbcon: bochs-drmdrmfb (fb1) is primary device
[   16.105768][    T1] fbcon: Remapping primary device, fb1, to tty 1-63
[   30.465427][    T1] bochs-drm 0000:00:02.0: [drm] fb1: bochs-drmdrmfb frame buffer device
[   30.471426][   T52] Floppy drive(s): fd0 is 2.88M AMI BIOS
[   30.494429][   T52] FDC 0 is a S82078B
[   30.502077][    T1] brd: module loaded
[   30.539342][    T1] loop: module loaded
[   30.582592][    T1] zram: Added device: zram0
[   30.586748][    T1] null_blk: module loaded
[   30.587373][    T1] Guest personality initialized and is inactive
[   30.588319][    T1] VMCI host device registered (name=vmci, major=10, minor=120)
[   30.589222][    T1] Initialized host personality
[   30.589892][    T1] usbcore: registered new interface driver rtsx_usb
[   30.590891][    T1] usbcore: registered new interface driver viperboard
[   30.592084][    T1] usbcore: registered new interface driver dln2
[   30.592941][    T1] usbcore: registered new interface driver pn533_usb
[   30.596058][    T1] nfcsim 0.2 initialized
[   30.596643][    T1] usbcore: registered new interface driver port100
[   30.597467][    T1] usbcore: registered new interface driver nfcmrvl
[   30.599551][    T1] Loading iSCSI transport class v2.0-870.
[   30.602379][    T1] st: Version 20160209, fixed bufsize 32768, s/g segs 256
[   30.606570][  T940] kworker/u4:1 (940) used greatest stack depth: 27616 bytes left
[   30.617066][    T1] scsi host0: ata_piix
[   30.618974][    T1] scsi host1: ata_piix
[   30.619265][  T990] kworker/u4:2 (990) used greatest stack depth: 27520 bytes left
[   30.619812][    T1] ata1: PATA max MWDMA2 cmd 0x1f0 ctl 0x3f6 bmdma 0xc000 irq 14
[   30.621258][    T1] ata2: PATA max MWDMA2 cmd 0x170 ctl 0x376 bmdma 0xc008 irq 15
[   30.625261][    T1] Rounding down aligned max_sectors from 4294967295 to 4294967288
[   30.626478][    T1] db_root: cannot open: /etc/target
[   30.627626][    T1] slram: not enough parameters.
[   30.630316][    T1] ftl_cs: FTL header not found.
[   30.643308][    T1] wireguard: WireGuard 1.0.0 loaded. See www.wireguard.com for information.
[   30.648274][    T1] wireguard: Copyright (C) 2015-2019 Jason A. Donenfeld <Jason@zx2c4.com>. All Rights Reserved.
[   30.649513][    T1] eql: Equalizer2002: Simon Janes (simon@ncm.com) and David S. Miller (davem@redhat.com)
[   30.653617][    T1] MACsec IEEE 802.1AE
[   30.661354][    T1] tun: Universal TUN/TAP device driver, 1.6
[   30.663044][    T1] vcan: Virtual CAN interface driver
[   30.664044][    T1] vxcan: Virtual CAN Tunnel driver
[   30.664681][    T1] slcan: serial line CAN interface driver
[   30.665455][    T1] slcan: 10 dynamic interface channels.
[   30.666129][    T1] CAN device driver interface
[   30.666800][    T1] usbcore: registered new interface driver usb_8dev
[   30.667641][    T1] usbcore: registered new interface driver ems_usb
[   30.668470][    T1] usbcore: registered new interface driver esd_usb2
[   30.669315][    T1] usbcore: registered new interface driver gs_usb
[   30.670169][    T1] usbcore: registered new interface driver kvaser_usb
[   30.671014][    T1] usbcore: registered new interface driver mcba_usb
[   30.671850][    T1] usbcore: registered new interface driver peak_usb
[   30.672875][    T1] e100: Intel(R) PRO/100 Network Driver
[   30.673580][    T1] e100: Copyright(c) 1999-2006 Intel Corporation
[   30.675060][    T1] e1000: Intel(R) PRO/1000 Network Driver
[   30.675731][    T1] e1000: Copyright (c) 1999-2006 Intel Corporation.
[   30.676632][    T1] e1000e: Intel(R) PRO/1000 Network Driver
[   30.677305][    T1] e1000e: Copyright(c) 1999 - 2015 Intel Corporation.
[   30.678521][    T1] mkiss: AX.25 Multikiss, Hans Albas PE1AYX
[   30.679198][    T1] AX.25: 6pack driver, Revision: 0.3.0
[   30.679839][    T1] AX.25: bpqether driver version 004
[   30.680439][    T1] PPP generic driver version 2.4.2
[   30.681395][    T1] PPP BSD Compression module registered
[   30.682036][    T1] PPP Deflate Compression module registered
[   30.682747][    T1] PPP MPPE Compression module registered
[   30.683389][    T1] NET: Registered PF_PPPOX protocol family
[   30.684307][    T1] PPTP driver version 0.8.5
[   30.685002][    T1] SLIP: version 0.8.4-NET3.019-NEWTTY (dynamic channels, max=256) (6 bit encapsulation enabled).
[   30.686203][    T1] CSLIP: code copyright 1989 Regents of the University of California.
[   30.687122][    T1] SLIP linefill/keepalive option.
[   30.687690][    T1] hdlc: HDLC support module revision 1.22
[   30.688347][    T1] LAPB Ethernet driver version 0.02
[   30.689289][    T1] usbcore: registered new interface driver ath9k_htc
[   30.690179][    T1] usbcore: registered new interface driver carl9170
[   30.691032][    T1] usbcore: registered new interface driver ath6kl_usb
[   30.691904][    T1] usbcore: registered new interface driver ar5523
[   30.692831][    T1] usbcore: registered new interface driver ath10k_usb
[   30.693766][    T1] usbcore: registered new interface driver rndis_wlan
[   30.694691][    T1] mac80211_hwsim: initializing netlink
[   30.705203][    T1] usbcore: registered new interface driver atusb
[   30.710242][    T1] mac802154_hwsim mac802154_hwsim: Added 2 mac802154 hwsim hardware radios
[   30.711783][    T1] VMware vmxnet3 virtual NIC driver - version 1.6.0.0-k-NAPI
[   30.712822][    T1] usbcore: registered new interface driver catc
[   30.713660][    T1] usbcore: registered new interface driver kaweth
[   30.714717][    T1] pegasus: Pegasus/Pegasus II USB Ethernet driver
[   30.715540][    T1] usbcore: registered new interface driver pegasus
[   30.716359][    T1] usbcore: registered new interface driver rtl8150
[   30.717218][    T1] usbcore: registered new interface driver r8152
[   30.717956][    T1] hso: drivers/net/usb/hso.c: Option Wireless
[   30.718775][    T1] usbcore: registered new interface driver hso
[   30.719553][    T1] usbcore: registered new interface driver lan78xx
[   30.720388][    T1] usbcore: registered new interface driver asix
[   30.721183][    T1] usbcore: registered new interface driver ax88179_178a
[   30.722050][    T1] usbcore: registered new interface driver cdc_ether
[   30.722882][    T1] usbcore: registered new interface driver cdc_eem
[   30.723721][    T1] usbcore: registered new interface driver dm9601
[   30.724538][    T1] usbcore: registered new interface driver sr9700
[   30.725374][    T1] usbcore: registered new interface driver CoreChips
[   30.726223][    T1] usbcore: registered new interface driver smsc75xx
[   30.727070][    T1] usbcore: registered new interface driver smsc95xx
[   30.727895][    T1] usbcore: registered new interface driver gl620a
[   30.728698][    T1] usbcore: registered new interface driver net1080
[   30.729517][    T1] usbcore: registered new interface driver plusb
[   30.730307][    T1] usbcore: registered new interface driver rndis_host
[   30.731148][    T1] usbcore: registered new interface driver cdc_subset
[   30.731994][    T1] usbcore: registered new interface driver zaurus
[   30.732802][    T1] usbcore: registered new interface driver MOSCHIP usb-ethernet driver
[   30.734142][    T1] usbcore: registered new interface driver int51x1
[   30.734959][    T1] usbcore: registered new interface driver cdc_phonet
[   30.735823][    T1] usbcore: registered new interface driver kalmia
[   30.736635][    T1] usbcore: registered new interface driver ipheth
[   30.737463][    T1] usbcore: registered new interface driver sierra_net
[   30.738325][    T1] usbcore: registered new interface driver cx82310_eth
[   30.739213][    T1] usbcore: registered new interface driver cdc_ncm
[   30.740070][    T1] usbcore: registered new interface driver huawei_cdc_ncm
[   30.741156][    T1] usbcore: registered new interface driver lg-vl600
[   30.742000][    T1] usbcore: registered new interface driver qmi_wwan
[   30.742866][    T1] usbcore: registered new interface driver cdc_mbim
[   30.743736][    T1] usbcore: registered new interface driver ch9200
[   30.746288][    T1] VFIO - User Level meta-driver version: 0.3
[   30.747296][ T1207] kworker/u4:4 (1207) used greatest stack depth: 26800 bytes left
[   30.750567][    T1] aoe: AoE v85 initialised.
[   30.753661][    T1] ehci_hcd: USB 2.0 'Enhanced' Host Controller (EHCI) Driver
[   30.757287][    T1] ehci-pci: EHCI PCI platform driver
[   30.758156][    T1] ehci-platform: EHCI generic platform driver
[   30.759197][    T1] ohci_hcd: USB 1.1 'Open' Host Controller (OHCI) Driver
[   30.760267][    T1] ohci-pci: OHCI PCI platform driver
[   30.761016][    T1] ohci-platform: OHCI generic platform driver
[   30.762119][    T1] uhci_hcd: USB Universal Host Controller Interface driver
[   30.764247][    T1] driver u132_hcd
[   30.766149][    T1] fotg210_hcd: FOTG210 Host Controller (EHCI) Driver
[   30.767117][    T1] Warning! fotg210_hcd should always be loaded before uhci_hcd and ohci_hcd, not after
[   30.768321][    T1] SPI driver max3421-hcd has no spi_device_id for maxim,max3421
[   30.769596][    T1] usbcore: registered new interface driver cdc_acm
[   30.770541][    T1] cdc_acm: USB Abstract Control Model driver for USB modems and ISDN adapters
[   30.771689][    T1] usbcore: registered new interface driver usblp
[   30.772589][    T1] usbcore: registered new interface driver cdc_wdm
[   30.773505][    T1] usbcore: registered new interface driver usbtmc
[   30.776143][    T1] usbcore: registered new interface driver uas
[   30.777150][    T1] usbcore: registered new interface driver usb-storage
[   30.778098][    T1] usbcore: registered new interface driver ums-alauda
[   30.779032][    T1] usbcore: registered new interface driver ums-cypress
[   30.779976][    T1] usbcore: registered new interface driver ums-datafab
[   30.780939][    T1] usbcore: registered new interface driver ums_eneub6250
[   30.781901][    T1] usbcore: registered new interface driver ums-freecom
[   30.782844][    T1] usbcore: registered new interface driver ums-isd200
[   30.783831][    T1] usbcore: registered new interface driver ums-jumpshot
[   30.783986][  T988] ata2: found unknown device (class 0)
[   30.784862][    T1] usbcore: registered new interface driver ums-karma
[   30.786647][    T1] usbcore: registered new interface driver ums-onetouch
[   30.787569][  T988] ata2.00: ATAPI: QEMU DVD-ROM, 2.5+, max UDMA/100
[   30.787836][    T1] usbcore: registered new interface driver ums-realtek
[   30.789805][    T1] usbcore: registered new interface driver ums-sddr09
[   30.790885][    T1] usbcore: registered new interface driver ums-sddr55
[   30.791976][    T1] usbcore: registered new interface driver ums-usbat
[   30.793004][    T1] usbcore: registered new interface driver mdc800
[   30.795019][    T1] mdc800: v0.7.5 (30/10/2000):USB Driver for Mustek MDC800 Digital Camera
[   30.796268][    T1] usbcore: registered new interface driver microtekX6
[   30.797411][    T1] usbcore: registered new interface driver usbserial_generic
[   30.798629][    T1] usbserial: USB Serial support registered for generic
[   30.799628][    T1] usbcore: registered new interface driver aircable
[   30.800583][    T1] usbserial: USB Serial support registered for aircable
[   30.801723][    T1] usbcore: registered new interface driver ark3116
[   30.802955][   T52] scsi 1:0:0:0: CD-ROM            QEMU     QEMU DVD-ROM     2.5+ PQ: 0 ANSI: 5
[   30.802960][    T1] usbserial: USB Serial support registered for ark3116
[   30.806626][    T1] usbcore: registered new interface driver belkin_sa
[   30.807774][    T1] usbserial: USB Serial support registered for Belkin / Peracom / GoHubs USB Serial Adapter
[   30.809449][    T1] usbcore: registered new interface driver ch341
[   30.810471][    T1] usbserial: USB Serial support registered for ch341-uart
[   30.811998][    T1] usbcore: registered new interface driver cp210x
[   30.813058][    T1] usbserial: USB Serial support registered for cp210x
[   30.814603][    T1] usbcore: registered new interface driver cyberjack
[   30.815530][    T1] usbserial: USB Serial support registered for Reiner SCT Cyberjack USB card reader
[   30.816781][    T1] usbcore: registered new interface driver cypress_m8
[   30.817720][    T1] usbserial: USB Serial support registered for DeLorme Earthmate USB
[   30.818805][    T1] usbserial: USB Serial support registered for HID->COM RS232 Adapter
[   30.819893][    T1] usbserial: USB Serial support registered for Nokia CA-42 V2 Adapter
[   30.820995][    T1] usbcore: registered new interface driver usb_debug
[   30.821917][    T1] usbserial: USB Serial support registered for debug
[   30.822836][    T1] usbserial: USB Serial support registered for xhci_dbc
[   30.824022][    T1] usbcore: registered new interface driver digi_acceleport
[   30.825007][    T1] usbserial: USB Serial support registered for Digi 2 port USB adapter
[   30.826087][    T1] usbserial: USB Serial support registered for Digi 4 port USB adapter
[   30.827198][    T1] usbcore: registered new interface driver io_edgeport
[   30.828134][    T1] usbserial: USB Serial support registered for Edgeport 2 port adapter
[   30.829232][    T1] usbserial: USB Serial support registered for Edgeport 4 port adapter
[   30.830317][    T1] usbserial: USB Serial support registered for Edgeport 8 port adapter
[   30.831404][    T1] usbserial: USB Serial support registered for EPiC device
[   30.832621][    T1] usbcore: registered new interface driver io_ti
[   30.833502][    T1] usbserial: USB Serial support registered for Edgeport TI 1 port adapter
[   30.834658][    T1] usbserial: USB Serial support registered for Edgeport TI 2 port adapter
[   30.835800][    T1] usbcore: registered new interface driver empeg
[   30.836676][    T1] usbserial: USB Serial support registered for empeg
[   30.837587][    T1] usbcore: registered new interface driver f81534a_ctrl
[   30.838458][    T1] usbcore: registered new interface driver f81232
[   30.839252][    T1] usbserial: USB Serial support registered for f81232
[   30.840082][    T1] usbserial: USB Serial support registered for f81534a
[   30.840939][    T1] usbcore: registered new interface driver f81534
[   30.841725][    T1] usbserial: USB Serial support registered for Fintek F81532/F81534
[   30.842695][    T1] usbcore: registered new interface driver ftdi_sio
[   30.843498][    T1] usbserial: USB Serial support registered for FTDI USB Serial Device
[   30.844513][    T1] usbcore: registered new interface driver garmin_gps
[   30.845341][    T1] usbserial: USB Serial support registered for Garmin GPS usb/tty
[   30.846290][    T1] usbcore: registered new interface driver ipaq
[   30.847051][    T1] usbserial: USB Serial support registered for PocketPC PDA
[   30.847945][    T1] usbcore: registered new interface driver ipw
[   30.848694][    T1] usbserial: USB Serial support registered for IPWireless converter
[   30.849681][    T1] usbcore: registered new interface driver ir_usb
[   30.850465][    T1] usbserial: USB Serial support registered for IR Dongle
[   30.851334][    T1] usbcore: registered new interface driver iuu_phoenix
[   30.852170][    T1] usbserial: USB Serial support registered for iuu_phoenix
[   30.853074][    T1] usbcore: registered new interface driver keyspan
[   30.853898][    T1] usbserial: USB Serial support registered for Keyspan - (without firmware)
[   30.854940][    T1] usbserial: USB Serial support registered for Keyspan 1 port adapter
[   30.855916][    T1] usbserial: USB Serial support registered for Keyspan 2 port adapter
[   30.856910][    T1] usbserial: USB Serial support registered for Keyspan 4 port adapter
[   30.857925][    T1] usbcore: registered new interface driver keyspan_pda
[   30.858762][    T1] usbserial: USB Serial support registered for Keyspan PDA
[   30.859650][    T1] usbserial: USB Serial support registered for Keyspan PDA - (prerenumeration)
[   30.860752][    T1] usbcore: registered new interface driver kl5kusb105
[   30.861602][    T1] usbserial: USB Serial support registered for KL5KUSB105D / PalmConnect
[   30.862628][    T1] usbcore: registered new interface driver kobil_sct
[   30.863534][    T1] usbserial: USB Serial support registered for KOBIL USB smart card terminal
[   30.864639][    T1] usbcore: registered new interface driver mct_u232
[   30.865449][    T1] usbserial: USB Serial support registered for MCT U232
[   30.866319][    T1] usbcore: registered new interface driver metro_usb
[   30.867136][    T1] usbserial: USB Serial support registered for Metrologic USB to Serial
[   30.868162][    T1] usbcore: registered new interface driver mos7720
[   30.868971][    T1] usbserial: USB Serial support registered for Moschip 2 port adapter
[   30.869972][    T1] usbcore: registered new interface driver mos7840
[   30.870763][    T1] usbserial: USB Serial support registered for Moschip 7840/7820 USB Serial Driver
[   30.871883][    T1] usbcore: registered new interface driver mxuport
[   30.872676][    T1] usbserial: USB Serial support registered for MOXA UPort
[   30.873574][    T1] usbcore: registered new interface driver navman
[   30.874392][    T1] usbserial: USB Serial support registered for navman
[   30.875236][    T1] usbcore: registered new interface driver omninet
[   30.876028][    T1] usbserial: USB Serial support registered for ZyXEL - omni.net usb
[   30.877016][    T1] usbcore: registered new interface driver opticon
[   30.877815][    T1] usbserial: USB Serial support registered for opticon
[   30.878683][    T1] usbcore: registered new interface driver option
[   30.879476][    T1] usbserial: USB Serial support registered for GSM modem (1-port)
[   30.880427][    T1] usbcore: registered new interface driver oti6858
[   30.881225][    T1] usbserial: USB Serial support registered for oti6858
[   30.882100][    T1] usbcore: registered new interface driver pl2303
[   30.882885][    T1] usbserial: USB Serial support registered for pl2303
[   30.883755][    T1] usbcore: registered new interface driver qcaux
[   30.884533][    T1] usbserial: USB Serial support registered for qcaux
[   30.885370][    T1] usbcore: registered new interface driver qcserial
[   30.886421][    T1] usbserial: USB Serial support registered for Qualcomm USB modem
[   30.887387][    T1] usbcore: registered new interface driver quatech2
[   30.888210][    T1] usbserial: USB Serial support registered for Quatech 2nd gen USB to Serial Driver
[   30.889368][    T1] usbcore: registered new interface driver safe_serial
[   30.890213][    T1] usbserial: USB Serial support registered for safe_serial
[   30.891105][    T1] usbcore: registered new interface driver sierra
[   30.891899][    T1] usbserial: USB Serial support registered for Sierra USB modem
[   30.892839][    T1] usbcore: registered new interface driver usb_serial_simple
[   30.893782][    T1] usbserial: USB Serial support registered for carelink
[   30.894629][    T1] usbserial: USB Serial support registered for zio
[   30.895422][    T1] usbserial: USB Serial support registered for funsoft
[   30.896256][    T1] usbserial: USB Serial support registered for flashloader
[   30.897132][    T1] usbserial: USB Serial support registered for google
[   30.897958][    T1] usbserial: USB Serial support registered for libtransistor
[   30.898882][    T1] usbserial: USB Serial support registered for vivopay
[   30.899716][    T1] usbserial: USB Serial support registered for moto_modem
[   30.900575][    T1] usbserial: USB Serial support registered for motorola_tetra
[   30.901492][    T1] usbserial: USB Serial support registered for novatel_gps
[   30.902361][    T1] usbserial: USB Serial support registered for hp4x
[   30.903160][    T1] usbserial: USB Serial support registered for suunto
[   30.904008][    T1] usbserial: USB Serial support registered for siemens_mpi
[   30.904902][    T1] usbcore: registered new interface driver spcp8x5
[   30.905699][    T1] usbserial: USB Serial support registered for SPCP8x5
[   30.906543][    T1] usbcore: registered new interface driver ssu100
[   30.907324][    T1] usbserial: USB Serial support registered for Quatech SSU-100 USB to Serial Driver
[   30.908460][    T1] usbcore: registered new interface driver symbolserial
[   30.909305][    T1] usbserial: USB Serial support registered for symbol
[   30.910143][    T1] usbcore: registered new interface driver ti_usb_3410_5052
[   30.911030][    T1] usbserial: USB Serial support registered for TI USB 3410 1 port adapter
[   30.912054][    T1] usbserial: USB Serial support registered for TI USB 5052 2 port adapter
[   30.913096][    T1] usbcore: registered new interface driver upd78f0730
[   30.913950][    T1] usbserial: USB Serial support registered for upd78f0730
[   30.914881][    T1] usbcore: registered new interface driver visor
[   30.915684][    T1] usbserial: USB Serial support registered for Handspring Visor / Palm OS
[   30.916707][    T1] usbserial: USB Serial support registered for Sony Clie 5.0
[   30.917621][    T1] usbserial: USB Serial support registered for Sony Clie 3.5
[   30.918544][    T1] usbcore: registered new interface driver wishbone_serial
[   30.919421][    T1] usbserial: USB Serial support registered for wishbone_serial
[   30.920347][    T1] usbcore: registered new interface driver whiteheat
[   30.921169][    T1] usbserial: USB Serial support registered for Connect Tech - WhiteHEAT - (prerenumeration)
[   30.922367][    T1] usbserial: USB Serial support registered for Connect Tech - WhiteHEAT
[   30.923380][    T1] usbcore: registered new interface driver xr_serial
[   30.924224][    T1] usbserial: USB Serial support registered for xr_serial
[   30.925101][    T1] usbcore: registered new interface driver xsens_mt
[   30.925908][    T1] usbserial: USB Serial support registered for xsens_mt
[   30.926784][    T1] usbcore: registered new interface driver adutux
[   30.927600][    T1] usbcore: registered new interface driver appledisplay
[   30.928467][    T1] usbcore: registered new interface driver cypress_cy7c63
[   30.929350][    T1] usbcore: registered new interface driver cytherm
[   30.930171][    T1] usbcore: registered new interface driver emi26 - firmware loader
[   30.931181][    T1] usbcore: registered new interface driver emi62 - firmware loader
[   30.932084][    T1] ftdi_elan: driver ftdi-elan
[   30.932712][    T1] usbcore: registered new interface driver ftdi-elan
[   30.933559][    T1] usbcore: registered new interface driver idmouse
[   30.934407][    T1] usbcore: registered new interface driver iowarrior
[   30.935241][    T1] usbcore: registered new interface driver isight_firmware
[   30.936143][    T1] usbcore: registered new interface driver usblcd
[   30.936950][    T1] usbcore: registered new interface driver ldusb
[   30.937753][    T1] usbcore: registered new interface driver legousbtower
[   30.938637][    T1] usbcore: registered new interface driver usbtest
[   30.939455][    T1] usbcore: registered new interface driver usb_ehset_test
[   30.940516][    T1] usbcore: registered new interface driver trancevibrator
[   30.941416][    T1] usbcore: registered new interface driver uss720
[   30.942160][    T1] uss720: USB Parport Cable driver for Cables using the Lucent Technologies USS720 Chip
[   30.943271][    T1] uss720: NOTE: this is a special purpose driver to allow nonstandard
[   30.944233][    T1] uss720: protocols (eg. bitbang) over USS720 usb to parallel cables
[   30.945173][    T1] uss720: If you just want to connect to a printer, use usblp instead
[   30.946185][    T1] usbcore: registered new interface driver usbsevseg
[   30.947024][    T1] usbcore: registered new interface driver yurex
[   30.948024][    T1] usbcore: registered new interface driver chaoskey
[   30.948863][    T1] usbcore: registered new interface driver sisusb
[   30.949677][    T1] usbcore: registered new interface driver lvs
[   30.950452][    T1] usbcore: registered new interface driver cxacru
[   30.951282][    T1] usbcore: registered new interface driver speedtch
[   30.952132][    T1] usbcore: registered new interface driver ueagle-atm
[   30.952914][    T1] xusbatm: malformed module parameters
[   30.954340][    T1] dummy_hcd dummy_hcd.0: USB Host+Gadget Emulator, driver 02 May 2005
[   30.955295][    T1] dummy_hcd dummy_hcd.0: Dummy host controller
[   30.957294][    T1] dummy_hcd dummy_hcd.0: new USB bus registered, assigned bus number 1
[   30.958855][    T1] usb usb1: New USB device found, idVendor=1d6b, idProduct=0002, bcdDevice= 5.17
[   30.959929][    T1] usb usb1: New USB device strings: Mfr=3, Product=2, SerialNumber=1
[   30.960852][    T1] usb usb1: Product: Dummy host controller
[   30.961521][    T1] usb usb1: Manufacturer: Linux 5.17.0-rc2-next-20220202-g6abab1b81b65-dirty dummy_hcd
[   30.962619][    T1] usb usb1: SerialNumber: dummy_hcd.0
[   30.965154][    T1] hub 1-0:1.0: USB hub found
[   30.966106][    T1] hub 1-0:1.0: 1 port detected
[   30.970512][    T1] gadgetfs: USB Gadget filesystem, version 24 Aug 2004
[   30.972357][   T52] sr 1:0:0:0: [sr0] scsi3-mmc drive: 4x/4x cd/rw xa/form2 tray
[   30.973289][   T52] cdrom: Uniform CD-ROM driver Revision: 3.20
[   30.976055][    T1] vhci_hcd vhci_hcd.0: USB/IP Virtual Host Controller
[   30.977240][    T1] vhci_hcd vhci_hcd.0: new USB bus registered, assigned bus number 2
[   30.978342][    T1] vhci_hcd: created sysfs vhci_hcd.0
[   30.979312][    T1] usb usb2: New USB device found, idVendor=1d6b, idProduct=0002, bcdDevice= 5.17
[   30.980362][    T1] usb usb2: New USB device strings: Mfr=3, Product=2, SerialNumber=1
[   30.981300][    T1] usb usb2: Product: USB/IP Virtual Host Controller
[   30.982055][    T1] usb usb2: Manufacturer: Linux 5.17.0-rc2-next-20220202-g6abab1b81b65-dirty vhci_hcd
[   30.983144][    T1] usb usb2: SerialNumber: vhci_hcd.0
[   30.984994][    T1] hub 2-0:1.0: USB hub found
[   30.985665][    T1] hub 2-0:1.0: 8 ports detected
[   30.989107][    T1] vhci_hcd vhci_hcd.0: USB/IP Virtual Host Controller
[   30.990259][    T1] vhci_hcd vhci_hcd.0: new USB bus registered, assigned bus number 3
[   30.991357][    T1] usb usb3: We don't know the algorithms for LPM for this host, disabling LPM.
[   30.992725][    T1] usb usb3: New USB device found, idVendor=1d6b, idProduct=0003, bcdDevice= 5.17
[   30.993873][    T1] usb usb3: New USB device strings: Mfr=3, Product=2, SerialNumber=1
[   30.994809][    T1] usb usb3: Product: USB/IP Virtual Host Controller
[   30.995568][    T1] usb usb3: Manufacturer: Linux 5.17.0-rc2-next-20220202-g6abab1b81b65-dirty vhci_hcd
[   30.996661][    T1] usb usb3: SerialNumber: vhci_hcd.0
[   30.998472][    T1] hub 3-0:1.0: USB hub found
[   30.999089][    T1] hub 3-0:1.0: 8 ports detected
[   31.003188][    T1] vhci_hcd vhci_hcd.1: USB/IP Virtual Host Controller
[   31.004654][    T1] vhci_hcd vhci_hcd.1: new USB bus registered, assigned bus number 4
[   31.006012][    T1] usb usb4: New USB device found, idVendor=1d6b, idProduct=0002, bcdDevice= 5.17
[   31.007078][    T1] usb usb4: New USB device strings: Mfr=3, Product=2, SerialNumber=1
[   31.008085][    T1] usb usb4: Product: USB/IP Virtual Host Controller
[   31.008952][    T1] usb usb4: Manufacturer: Linux 5.17.0-rc2-next-20220202-g6abab1b81b65-dirty vhci_hcd
[   31.010153][    T1] usb usb4: SerialNumber: vhci_hcd.1
[   31.012032][    T1] hub 4-0:1.0: USB hub found
[   31.012649][    T1] hub 4-0:1.0: 8 ports detected
[   31.016737][    T1] vhci_hcd vhci_hcd.1: USB/IP Virtual Host Controller
[   31.017890][    T1] vhci_hcd vhci_hcd.1: new USB bus registered, assigned bus number 5
[   31.018967][    T1] usb usb5: We don't know the algorithms for LPM for this host, disabling LPM.
[   31.020307][    T1] usb usb5: New USB device found, idVendor=1d6b, idProduct=0003, bcdDevice= 5.17
[   31.021375][    T1] usb usb5: New USB device strings: Mfr=3, Product=2, SerialNumber=1
[   31.022406][    T1] usb usb5: Product: USB/IP Virtual Host Controller
[   31.023291][    T1] usb usb5: Manufacturer: Linux 5.17.0-rc2-next-20220202-g6abab1b81b65-dirty vhci_hcd
[   31.024642][    T1] usb usb5: SerialNumber: vhci_hcd.1
[   31.028562][    T1] hub 5-0:1.0: USB hub found
[   31.030667][    T1] hub 5-0:1.0: 8 ports detected
[   31.033648][   T52] sr 1:0:0:0: Attached scsi generic sg0 type 5
[   31.043368][    T1] vhci_hcd vhci_hcd.2: USB/IP Virtual Host Controller
[   31.046492][    T1] vhci_hcd vhci_hcd.2: new USB bus registered, assigned bus number 6
[   31.048190][    T1] usb usb6: New USB device found, idVendor=1d6b, idProduct=0002, bcdDevice= 5.17
[   31.049598][    T1] usb usb6: New USB device strings: Mfr=3, Product=2, SerialNumber=1
[   31.050792][    T1] usb usb6: Product: USB/IP Virtual Host Controller
[   31.051769][    T1] usb usb6: Manufacturer: Linux 5.17.0-rc2-next-20220202-g6abab1b81b65-dirty vhci_hcd
[   31.053183][    T1] usb usb6: SerialNumber: vhci_hcd.2
[   31.055457][    T1] hub 6-0:1.0: USB hub found
[   31.056248][    T1] hub 6-0:1.0: 8 ports detected
[   31.060918][    T1] vhci_hcd vhci_hcd.2: USB/IP Virtual Host Controller
[   31.062327][    T1] vhci_hcd vhci_hcd.2: new USB bus registered, assigned bus number 7
[   31.063751][    T1] usb usb7: We don't know the algorithms for LPM for this host, disabling LPM.
[   31.065503][    T1] usb usb7: New USB device found, idVendor=1d6b, idProduct=0003, bcdDevice= 5.17
[   31.066851][    T1] usb usb7: New USB device strings: Mfr=3, Product=2, SerialNumber=1
[   31.067870][    T1] usb usb7: Product: USB/IP Virtual Host Controller
[   31.068643][    T1] usb usb7: Manufacturer: Linux 5.17.0-rc2-next-20220202-g6abab1b81b65-dirty vhci_hcd
[   31.069763][    T1] usb usb7: SerialNumber: vhci_hcd.2
[   31.071554][    T1] hub 7-0:1.0: USB hub found
[   31.072186][    T1] hub 7-0:1.0: 8 ports detected
[   31.076795][    T1] vhci_hcd vhci_hcd.3: USB/IP Virtual Host Controller
[   31.077916][    T1] vhci_hcd vhci_hcd.3: new USB bus registered, assigned bus number 8
[   31.079209][    T1] usb usb8: New USB device found, idVendor=1d6b, idProduct=0002, bcdDevice= 5.17
[   31.080287][    T1] usb usb8: New USB device strings: Mfr=3, Product=2, SerialNumber=1
[   31.081243][    T1] usb usb8: Product: USB/IP Virtual Host Controller
[   31.082008][    T1] usb usb8: Manufacturer: Linux 5.17.0-rc2-next-20220202-g6abab1b81b65-dirty vhci_hcd
[   31.083126][    T1] usb usb8: SerialNumber: vhci_hcd.3
[   31.085010][    T1] hub 8-0:1.0: USB hub found
[   31.085641][    T1] hub 8-0:1.0: 8 ports detected
[   31.088982][    T1] vhci_hcd vhci_hcd.3: USB/IP Virtual Host Controller
[   31.090067][    T1] vhci_hcd vhci_hcd.3: new USB bus registered, assigned bus number 9
[   31.091156][    T1] usb usb9: We don't know the algorithms for LPM for this host, disabling LPM.
[   31.092493][    T1] usb usb9: New USB device found, idVendor=1d6b, idProduct=0003, bcdDevice= 5.17
[   31.093582][    T1] usb usb9: New USB device strings: Mfr=3, Product=2, SerialNumber=1
[   31.094592][    T1] usb usb9: Product: USB/IP Virtual Host Controller
[   31.095362][    T1] usb usb9: Manufacturer: Linux 5.17.0-rc2-next-20220202-g6abab1b81b65-dirty vhci_hcd
[   31.096470][    T1] usb usb9: SerialNumber: vhci_hcd.3
[   31.098057][    T1] hub 9-0:1.0: USB hub found
[   31.098681][    T1] hub 9-0:1.0: 8 ports detected
[   31.102598][    T1] vhci_hcd vhci_hcd.4: USB/IP Virtual Host Controller
[   31.103760][    T1] vhci_hcd vhci_hcd.4: new USB bus registered, assigned bus number 10
[   31.105068][    T1] usb usb10: New USB device found, idVendor=1d6b, idProduct=0002, bcdDevice= 5.17
[   31.106159][    T1] usb usb10: New USB device strings: Mfr=3, Product=2, SerialNumber=1
[   31.107174][    T1] usb usb10: Product: USB/IP Virtual Host Controller
[   31.108084][    T1] usb usb10: Manufacturer: Linux 5.17.0-rc2-next-20220202-g6abab1b81b65-dirty vhci_hcd
[   31.109276][    T1] usb usb10: SerialNumber: vhci_hcd.4
[   31.110999][    T1] hub 10-0:1.0: USB hub found
[   31.111633][    T1] hub 10-0:1.0: 8 ports detected
[   31.115149][    T1] vhci_hcd vhci_hcd.4: USB/IP Virtual Host Controller
[   31.116272][    T1] vhci_hcd vhci_hcd.4: new USB bus registered, assigned bus number 11
[   31.117385][    T1] usb usb11: We don't know the algorithms for LPM for this host, disabling LPM.
[   31.118724][    T1] usb usb11: New USB device found, idVendor=1d6b, idProduct=0003, bcdDevice= 5.17
[   31.119808][    T1] usb usb11: New USB device strings: Mfr=3, Product=2, SerialNumber=1
[   31.120758][    T1] usb usb11: Product: USB/IP Virtual Host Controller
[   31.121571][    T1] usb usb11: Manufacturer: Linux 5.17.0-rc2-next-20220202-g6abab1b81b65-dirty vhci_hcd
[   31.122691][    T1] usb usb11: SerialNumber: vhci_hcd.4
[   31.124354][    T1] hub 11-0:1.0: USB hub found
[   31.124999][    T1] hub 11-0:1.0: 8 ports detected
[   31.128959][    T1] vhci_hcd vhci_hcd.5: USB/IP Virtual Host Controller
[   31.130093][    T1] vhci_hcd vhci_hcd.5: new USB bus registered, assigned bus number 12
[   31.131393][    T1] usb usb12: New USB device found, idVendor=1d6b, idProduct=0002, bcdDevice= 5.17
[   31.132478][    T1] usb usb12: New USB device strings: Mfr=3, Product=2, SerialNumber=1
[   31.133444][    T1] usb usb12: Product: USB/IP Virtual Host Controller
[   31.134250][    T1] usb usb12: Manufacturer: Linux 5.17.0-rc2-next-20220202-g6abab1b81b65-dirty vhci_hcd
[   31.135368][    T1] usb usb12: SerialNumber: vhci_hcd.5
[   31.137077][    T1] hub 12-0:1.0: USB hub found
[   31.137701][    T1] hub 12-0:1.0: 8 ports detected
[   31.140926][    T1] vhci_hcd vhci_hcd.5: USB/IP Virtual Host Controller
[   31.142061][    T1] vhci_hcd vhci_hcd.5: new USB bus registered, assigned bus number 13
[   31.143151][    T1] usb usb13: We don't know the algorithms for LPM for this host, disabling LPM.
[   31.144582][    T1] usb usb13: New USB device found, idVendor=1d6b, idProduct=0003, bcdDevice= 5.17
[   31.145677][    T1] usb usb13: New USB device strings: Mfr=3, Product=2, SerialNumber=1
[   31.146634][    T1] usb usb13: Product: USB/IP Virtual Host Controller
[   31.147409][    T1] usb usb13: Manufacturer: Linux 5.17.0-rc2-next-20220202-g6abab1b81b65-dirty vhci_hcd
[   31.148537][    T1] usb usb13: SerialNumber: vhci_hcd.5
[   31.150300][    T1] hub 13-0:1.0: USB hub found
[   31.150934][    T1] hub 13-0:1.0: 8 ports detected
[   31.155153][    T1] vhci_hcd vhci_hcd.6: USB/IP Virtual Host Controller
[   31.156732][    T1] vhci_hcd vhci_hcd.6: new USB bus registered, assigned bus number 14
[   31.158079][    T1] usb usb14: New USB device found, idVendor=1d6b, idProduct=0002, bcdDevice= 5.17
[   31.159157][    T1] usb usb14: New USB device strings: Mfr=3, Product=2, SerialNumber=1
[   31.160113][    T1] usb usb14: Product: USB/IP Virtual Host Controller
[   31.160906][    T1] usb usb14: Manufacturer: Linux 5.17.0-rc2-next-20220202-g6abab1b81b65-dirty vhci_hcd
[   31.162022][    T1] usb usb14: SerialNumber: vhci_hcd.6
[   31.163738][    T1] hub 14-0:1.0: USB hub found
[   31.164363][    T1] hub 14-0:1.0: 8 ports detected
[   31.167602][    T1] vhci_hcd vhci_hcd.6: USB/IP Virtual Host Controller
[   31.168787][    T1] vhci_hcd vhci_hcd.6: new USB bus registered, assigned bus number 15
[   31.169901][    T1] usb usb15: We don't know the algorithms for LPM for this host, disabling LPM.
[   31.171224][    T1] usb usb15: New USB device found, idVendor=1d6b, idProduct=0003, bcdDevice= 5.17
[   31.172301][    T1] usb usb15: New USB device strings: Mfr=3, Product=2, SerialNumber=1
[   31.173264][    T1] usb usb15: Product: USB/IP Virtual Host Controller
[   31.174078][    T1] usb usb15: Manufacturer: Linux 5.17.0-rc2-next-20220202-g6abab1b81b65-dirty vhci_hcd
[   31.175209][    T1] usb usb15: SerialNumber: vhci_hcd.6
[   31.176997][    T1] hub 15-0:1.0: USB hub found
[   31.177624][    T1] hub 15-0:1.0: 8 ports detected
[   31.181614][    T1] vhci_hcd vhci_hcd.7: USB/IP Virtual Host Controller
[   31.183079][    T1] vhci_hcd vhci_hcd.7: new USB bus registered, assigned bus number 16
[   31.186629][    T1] usb usb16: New USB device found, idVendor=1d6b, idProduct=0002, bcdDevice= 5.17
[   31.188840][    T1] usb usb16: New USB device strings: Mfr=3, Product=2, SerialNumber=1
[   31.190791][    T1] usb usb16: Product: USB/IP Virtual Host Controller
[   31.192373][    T1] usb usb16: Manufacturer: Linux 5.17.0-rc2-next-20220202-g6abab1b81b65-dirty vhci_hcd
[   31.195288][    T1] usb usb16: SerialNumber: vhci_hcd.7
[   31.198463][    T1] hub 16-0:1.0: USB hub found
[   31.199745][    T1] hub 16-0:1.0: 8 ports detected
[   31.207027][    T1] vhci_hcd vhci_hcd.7: USB/IP Virtual Host Controller
[   31.209540][    T1] vhci_hcd vhci_hcd.7: new USB bus registered, assigned bus number 17
[   31.212247][    T1] usb usb17: We don't know the algorithms for LPM for this host, disabling LPM.
[   31.216561][    T1] usb usb17: New USB device found, idVendor=1d6b, idProduct=0003, bcdDevice= 5.17
[   31.218886][    T1] usb usb17: New USB device strings: Mfr=3, Product=2, SerialNumber=1
[   31.220830][    T1] usb usb17: Product: USB/IP Virtual Host Controller
[   31.222528][    T1] usb usb17: Manufacturer: Linux 5.17.0-rc2-next-20220202-g6abab1b81b65-dirty vhci_hcd
[   31.224777][    T1] usb usb17: SerialNumber: vhci_hcd.7
[   31.227768][    T1] hub 17-0:1.0: USB hub found
[   31.228490][    T1] hub 17-0:1.0: 8 ports detected
[   31.232706][    T1] vhci_hcd vhci_hcd.8: USB/IP Virtual Host Controller
[   31.234093][    T1] vhci_hcd vhci_hcd.8: new USB bus registered, assigned bus number 18
[   31.235630][    T1] usb usb18: New USB device found, idVendor=1d6b, idProduct=0002, bcdDevice= 5.17
[   31.236821][    T1] usb usb18: New USB device strings: Mfr=3, Product=2, SerialNumber=1
[   31.237877][    T1] usb usb18: Product: USB/IP Virtual Host Controller
[   31.238685][    T1] usb usb18: Manufacturer: Linux 5.17.0-rc2-next-20220202-g6abab1b81b65-dirty vhci_hcd
[   31.239900][    T1] usb usb18: SerialNumber: vhci_hcd.8
[   31.241579][    T1] hub 18-0:1.0: USB hub found
[   31.242267][    T1] hub 18-0:1.0: 8 ports detected
[   31.245648][    T1] vhci_hcd vhci_hcd.8: USB/IP Virtual Host Controller
[   31.246740][    T1] vhci_hcd vhci_hcd.8: new USB bus registered, assigned bus number 19
[   31.247837][    T1] usb usb19: We don't know the algorithms for LPM for this host, disabling LPM.
[   31.249262][    T1] usb usb19: New USB device found, idVendor=1d6b, idProduct=0003, bcdDevice= 5.17
[   31.250480][    T1] usb usb19: New USB device strings: Mfr=3, Product=2, SerialNumber=1
[   31.251539][    T1] usb usb19: Product: USB/IP Virtual Host Controller
[   31.252382][    T1] usb usb19: Manufacturer: Linux 5.17.0-rc2-next-20220202-g6abab1b81b65-dirty vhci_hcd
[   31.253592][    T1] usb usb19: SerialNumber: vhci_hcd.8
[   31.255472][    T1] hub 19-0:1.0: USB hub found
[   31.256149][    T1] hub 19-0:1.0: 8 ports detected
[   31.260205][    T1] vhci_hcd vhci_hcd.9: USB/IP Virtual Host Controller
[   31.261461][    T1] vhci_hcd vhci_hcd.9: new USB bus registered, assigned bus number 20
[   31.262841][    T1] usb usb20: New USB device found, idVendor=1d6b, idProduct=0002, bcdDevice= 5.17
[   31.264022][    T1] usb usb20: New USB device strings: Mfr=3, Product=2, SerialNumber=1
[   31.264980][    T1] usb usb20: Product: USB/IP Virtual Host Controller
[   31.265750][    T1] usb usb20: Manufacturer: Linux 5.17.0-rc2-next-20220202-g6abab1b81b65-dirty vhci_hcd
[   31.266896][    T1] usb usb20: SerialNumber: vhci_hcd.9
[   31.268497][    T1] hub 20-0:1.0: USB hub found
[   31.269194][    T1] hub 20-0:1.0: 8 ports detected
[   31.272453][    T1] vhci_hcd vhci_hcd.9: USB/IP Virtual Host Controller
[   31.273682][    T1] vhci_hcd vhci_hcd.9: new USB bus registered, assigned bus number 21
[   31.274876][    T1] usb usb21: We don't know the algorithms for LPM for this host, disabling LPM.
[   31.276386][    T1] usb usb21: New USB device found, idVendor=1d6b, idProduct=0003, bcdDevice= 5.17
[   31.277591][    T1] usb usb21: New USB device strings: Mfr=3, Product=2, SerialNumber=1
[   31.278662][    T1] usb usb21: Product: USB/IP Virtual Host Controller
[   31.279528][    T1] usb usb21: Manufacturer: Linux 5.17.0-rc2-next-20220202-g6abab1b81b65-dirty vhci_hcd
[   31.280824][    T1] usb usb21: SerialNumber: vhci_hcd.9
[   31.282616][    T1] hub 21-0:1.0: USB hub found
[   31.283306][    T1] hub 21-0:1.0: 8 ports detected
[   31.287419][    T1] vhci_hcd vhci_hcd.10: USB/IP Virtual Host Controller
[   31.288625][    T1] vhci_hcd vhci_hcd.10: new USB bus registered, assigned bus number 22
[   31.290127][    T1] usb usb22: New USB device found, idVendor=1d6b, idProduct=0002, bcdDevice= 5.17
[   31.291332][    T1] usb usb22: New USB device strings: Mfr=3, Product=2, SerialNumber=1
[   31.292312][    T1] usb usb22: Product: USB/IP Virtual Host Controller
[   31.293190][    T1] usb usb22: Manufacturer: Linux 5.17.0-rc2-next-20220202-g6abab1b81b65-dirty vhci_hcd
[   31.294463][    T1] usb usb22: SerialNumber: vhci_hcd.10
[   31.296409][    T1] hub 22-0:1.0: USB hub found
[   31.297129][    T1] hub 22-0:1.0: 8 ports detected
[   31.300637][    T1] vhci_hcd vhci_hcd.10: USB/IP Virtual Host Controller
[   31.301852][    T1] vhci_hcd vhci_hcd.10: new USB bus registered, assigned bus number 23
[   31.303078][    T1] usb usb23: We don't know the algorithms for LPM for this host, disabling LPM.
[   31.304611][    T1] usb usb23: New USB device found, idVendor=1d6b, idProduct=0003, bcdDevice= 5.17
[   31.305690][    T1] usb usb23: New USB device strings: Mfr=3, Product=2, SerialNumber=1
[   31.306629][    T1] usb usb23: Product: USB/IP Virtual Host Controller
[   31.307408][    T1] usb usb23: Manufacturer: Linux 5.17.0-rc2-next-20220202-g6abab1b81b65-dirty vhci_hcd
[   31.308508][    T1] usb usb23: SerialNumber: vhci_hcd.10
[   31.310113][    T1] hub 23-0:1.0: USB hub found
[   31.310743][    T1] hub 23-0:1.0: 8 ports detected
[   31.314683][    T1] vhci_hcd vhci_hcd.11: USB/IP Virtual Host Controller
[   31.315780][    T1] vhci_hcd vhci_hcd.11: new USB bus registered, assigned bus number 24
[   31.317063][    T1] usb usb24: New USB device found, idVendor=1d6b, idProduct=0002, bcdDevice= 5.17
[   31.318126][    T1] usb usb24: New USB device strings: Mfr=3, Product=2, SerialNumber=1
[   31.319064][    T1] usb usb24: Product: USB/IP Virtual Host Controller
[   31.319844][    T1] usb usb24: Manufacturer: Linux 5.17.0-rc2-next-20220202-g6abab1b81b65-dirty vhci_hcd
[   31.320977][    T1] usb usb24: SerialNumber: vhci_hcd.11
[   31.322537][    T1] hub 24-0:1.0: USB hub found
[   31.323178][    T1] hub 24-0:1.0: 8 ports detected
[   31.326453][    T1] vhci_hcd vhci_hcd.11: USB/IP Virtual Host Controller
[   31.327549][    T1] vhci_hcd vhci_hcd.11: new USB bus registered, assigned bus number 25
[   31.328641][    T1] usb usb25: We don't know the algorithms for LPM for this host, disabling LPM.
[   31.330211][    T1] usb usb25: New USB device found, idVendor=1d6b, idProduct=0003, bcdDevice= 5.17
[   31.331453][    T1] usb usb25: New USB device strings: Mfr=3, Product=2, SerialNumber=1
[   31.332562][    T1] usb usb25: Product: USB/IP Virtual Host Controller
[   31.333465][    T1] usb usb25: Manufacturer: Linux 5.17.0-rc2-next-20220202-g6abab1b81b65-dirty vhci_hcd
[   31.334600][    T1] usb usb25: SerialNumber: vhci_hcd.11
[   31.336200][    T1] hub 25-0:1.0: USB hub found
[   31.336825][    T1] hub 25-0:1.0: 8 ports detected
[   31.340800][    T1] vhci_hcd vhci_hcd.12: USB/IP Virtual Host Controller
[   31.341928][    T1] vhci_hcd vhci_hcd.12: new USB bus registered, assigned bus number 26
[   31.343216][    T1] usb usb26: New USB device found, idVendor=1d6b, idProduct=0002, bcdDevice= 5.17
[   31.344316][    T1] usb usb26: New USB device strings: Mfr=3, Product=2, SerialNumber=1
[   31.345289][    T1] usb usb26: Product: USB/IP Virtual Host Controller
[   31.346063][    T1] usb usb26: Manufacturer: Linux 5.17.0-rc2-next-20220202-g6abab1b81b65-dirty vhci_hcd
[   31.347168][    T1] usb usb26: SerialNumber: vhci_hcd.12
[   31.348735][    T1] hub 26-0:1.0: USB hub found
[   31.349370][    T1] hub 26-0:1.0: 8 ports detected
[   31.352546][    T1] vhci_hcd vhci_hcd.12: USB/IP Virtual Host Controller
[   31.353658][    T1] vhci_hcd vhci_hcd.12: new USB bus registered, assigned bus number 27
[   31.354775][    T1] usb usb27: We don't know the algorithms for LPM for this host, disabling LPM.
[   31.356084][    T1] usb usb27: New USB device found, idVendor=1d6b, idProduct=0003, bcdDevice= 5.17
[   31.357155][    T1] usb usb27: New USB device strings: Mfr=3, Product=2, SerialNumber=1
[   31.358099][    T1] usb usb27: Product: USB/IP Virtual Host Controller
[   31.358879][    T1] usb usb27: Manufacturer: Linux 5.17.0-rc2-next-20220202-g6abab1b81b65-dirty vhci_hcd
[   31.359978][    T1] usb usb27: SerialNumber: vhci_hcd.12
[   31.361543][    T1] hub 27-0:1.0: USB hub found
[   31.362208][    T1] hub 27-0:1.0: 8 ports detected
[   31.366230][    T1] vhci_hcd vhci_hcd.13: USB/IP Virtual Host Controller
[   31.367351][    T1] vhci_hcd vhci_hcd.13: new USB bus registered, assigned bus number 28
[   31.368650][    T1] usb usb28: New USB device found, idVendor=1d6b, idProduct=0002, bcdDevice= 5.17
[   31.369723][    T1] usb usb28: New USB device strings: Mfr=3, Product=2, SerialNumber=1
[   31.370684][    T1] usb usb28: Product: USB/IP Virtual Host Controller
[   31.371462][    T1] usb usb28: Manufacturer: Linux 5.17.0-rc2-next-20220202-g6abab1b81b65-dirty vhci_hcd
[   31.372576][    T1] usb usb28: SerialNumber: vhci_hcd.13
[   31.374170][    T1] hub 28-0:1.0: USB hub found
[   31.374798][    T1] hub 28-0:1.0: 8 ports detected
[   31.378016][    T1] vhci_hcd vhci_hcd.13: USB/IP Virtual Host Controller
[   31.379103][    T1] vhci_hcd vhci_hcd.13: new USB bus registered, assigned bus number 29
[   31.380189][    T1] usb usb29: We don't know the algorithms for LPM for this host, disabling LPM.
[   31.381505][    T1] usb usb29: New USB device found, idVendor=1d6b, idProduct=0003, bcdDevice= 5.17
[   31.382565][    T1] usb usb29: New USB device strings: Mfr=3, Product=2, SerialNumber=1
[   31.383501][    T1] usb usb29: Product: USB/IP Virtual Host Controller
[   31.384311][    T1] usb usb29: Manufacturer: Linux 5.17.0-rc2-next-20220202-g6abab1b81b65-dirty vhci_hcd
[   31.385433][    T1] usb usb29: SerialNumber: vhci_hcd.13
[   31.387006][    T1] hub 29-0:1.0: USB hub found
[   31.387639][    T1] hub 29-0:1.0: 8 ports detected
[   31.391565][    T1] vhci_hcd vhci_hcd.14: USB/IP Virtual Host Controller
[   31.392661][    T1] vhci_hcd vhci_hcd.14: new USB bus registered, assigned bus number 30
[   31.393992][    T1] usb usb30: New USB device found, idVendor=1d6b, idProduct=0002, bcdDevice= 5.17
[   31.395064][    T1] usb usb30: New USB device strings: Mfr=3, Product=2, SerialNumber=1
[   31.396004][    T1] usb usb30: Product: USB/IP Virtual Host Controller
[   31.396789][    T1] usb usb30: Manufacturer: Linux 5.17.0-rc2-next-20220202-g6abab1b81b65-dirty vhci_hcd
[   31.397914][    T1] usb usb30: SerialNumber: vhci_hcd.14
[   31.399607][    T1] hub 30-0:1.0: USB hub found
[   31.400231][    T1] hub 30-0:1.0: 8 ports detected
[   31.403448][    T1] vhci_hcd vhci_hcd.14: USB/IP Virtual Host Controller
[   31.404619][    T1] vhci_hcd vhci_hcd.14: new USB bus registered, assigned bus number 31
[   31.405717][    T1] usb usb31: We don't know the algorithms for LPM for this host, disabling LPM.
[   31.407037][    T1] usb usb31: New USB device found, idVendor=1d6b, idProduct=0003, bcdDevice= 5.17
[   31.408100][    T1] usb usb31: New USB device strings: Mfr=3, Product=2, SerialNumber=1
[   31.409044][    T1] usb usb31: Product: USB/IP Virtual Host Controller
[   31.409820][    T1] usb usb31: Manufacturer: Linux 5.17.0-rc2-next-20220202-g6abab1b81b65-dirty vhci_hcd
[   31.410930][    T1] usb usb31: SerialNumber: vhci_hcd.14
[   31.412582][    T1] hub 31-0:1.0: USB hub found
[   31.413213][    T1] hub 31-0:1.0: 8 ports detected
[   31.417671][    T1] vhci_hcd vhci_hcd.15: USB/IP Virtual Host Controller
[   31.418912][    T1] vhci_hcd vhci_hcd.15: new USB bus registered, assigned bus number 32
[   31.420198][    T1] usb usb32: New USB device found, idVendor=1d6b, idProduct=0002, bcdDevice= 5.17
[   31.421267][    T1] usb usb32: New USB device strings: Mfr=3, Product=2, SerialNumber=1
[   31.422207][    T1] usb usb32: Product: USB/IP Virtual Host Controller
[   31.422986][    T1] usb usb32: Manufacturer: Linux 5.17.0-rc2-next-20220202-g6abab1b81b65-dirty vhci_hcd
[   31.424125][    T1] usb usb32: SerialNumber: vhci_hcd.15
[   31.425813][    T1] hub 32-0:1.0: USB hub found
[   31.426441][    T1] hub 32-0:1.0: 8 ports detected
[   31.429657][    T1] vhci_hcd vhci_hcd.15: USB/IP Virtual Host Controller
[   31.430780][    T1] vhci_hcd vhci_hcd.15: new USB bus registered, assigned bus number 33
[   31.431863][    T1] usb usb33: We don't know the algorithms for LPM for this host, disabling LPM.
[   31.433185][    T1] usb usb33: New USB device found, idVendor=1d6b, idProduct=0003, bcdDevice= 5.17
[   31.434273][    T1] usb usb33: New USB device strings: Mfr=3, Product=2, SerialNumber=1
[   31.435215][    T1] usb usb33: Product: USB/IP Virtual Host Controller
[   31.436001][    T1] usb usb33: Manufacturer: Linux 5.17.0-rc2-next-20220202-g6abab1b81b65-dirty vhci_hcd
[   31.437118][    T1] usb usb33: SerialNumber: vhci_hcd.15
[   31.439117][    T1] hub 33-0:1.0: USB hub found
[   31.439745][    T1] hub 33-0:1.0: 8 ports detected
[   31.443921][    T1] usbcore: registered new device driver usbip-host
[   31.445906][    T1] i8042: PNP: PS/2 Controller [PNP0303:KBD,PNP0f13:MOU] at 0x60,0x64 irq 1,12
[   31.448327][    T1] serio: i8042 KBD port at 0x60,0x64 irq 1
[   31.450729][    T1] serio: i8042 AUX port at 0x60,0x64 irq 12
[   31.452756][    T1] mousedev: PS/2 mouse device common for all mice
[   31.455253][    T7] input: AT Translated Set 2 keyboard as /devices/platform/i8042/serio0/input/input1
[   31.458802][    T1] usbcore: registered new interface driver appletouch
[   31.459766][    T1] usbcore: registered new interface driver bcm5974
[   31.463805][    T1] usbcore: registered new interface driver synaptics_usb
[   31.464849][    T1] usbcore: registered new interface driver iforce
[   31.465823][    T1] usbcore: registered new interface driver xpad
[   31.466670][    T1] usbcore: registered new interface driver usb_acecad
[   31.467573][    T1] usbcore: registered new interface driver aiptek
[   31.468430][    T1] usbcore: registered new interface driver hanwang
[   31.469302][    T1] usbcore: registered new interface driver kbtab
[   31.470190][    T1] usbcore: registered new interface driver pegasus_notetaker
[   31.471214][    T1] usbcore: registered new interface driver usbtouchscreen
[   31.472167][    T1] usbcore: registered new interface driver sur40
[   31.473037][    T1] usbcore: registered new interface driver ati_remote2
[   31.473924][    T1] cm109: Keymap for Komunikate KIP1000 phone loaded
[   31.475202][    T1] usbcore: registered new interface driver cm109
[   31.476051][    T1] cm109: CM109 phone driver: 20080805 (C) Alfred E. Heggestad
[   31.478213][    T1] usbcore: registered new interface driver ims_pcu
[   31.480129][    T1] usbcore: registered new interface driver keyspan_remote
[   31.482189][    T1] usbcore: registered new interface driver powermate
[   31.486719][    T1] usbcore: registered new interface driver yealink
[   31.489602][    T1] rtc_cmos 00:05: RTC can wake from S4
[   31.495102][    T1] rtc_cmos 00:05: registered as rtc0
[   31.496452][    T1] rtc_cmos 00:05: alarms up to one day, y3k, 242 bytes nvram, hpet irqs
[   31.499112][    T1] i2c_dev: i2c /dev entries driver
[   31.501063][    T1] usbcore: registered new interface driver i2c-diolan-u2c
[   31.502993][    T1] usbcore: registered new interface driver RobotFuzz Open Source InterFace, OSIF
[   31.506789][    T1] usbcore: registered new interface driver i2c-tiny-usb
[   31.510024][    T1] usbcore: registered new interface driver ati_remote
[   31.511120][    T1] usbcore: registered new interface driver imon
[   31.512091][    T1] usbcore: registered new interface driver mceusb
[   31.513025][    T1] usbcore: registered new interface driver redrat3
[   31.513969][    T1] usbcore: registered new interface driver streamzap
[   31.514882][    T1] usbcore: registered new interface driver igorplugusb
[   31.515821][    T1] usbcore: registered new interface driver iguanair
[   31.516732][    T1] usbcore: registered new interface driver ttusbir
[   31.517705][    T1] b2c2-flexcop: B2C2 FlexcopII/II(b)/III digital TV receiver chip loaded successfully
[   31.519061][    T1] usbcore: registered new interface driver ttusb-dec
[   31.520005][    T1] usbcore: registered new interface driver ttusb
[   31.520905][    T1] usbcore: registered new interface driver dvb_usb_vp7045
[   31.521897][    T1] usbcore: registered new interface driver dvb_usb_vp702x
[   31.522886][    T1] usbcore: registered new interface driver dvb_usb_gp8psk
[   31.524311][    T1] usbcore: registered new interface driver dvb_usb_dtt200u
[   31.525340][    T1] usbcore: registered new interface driver dvb_usb_a800
[   31.526356][    T1] usbcore: registered new interface driver dvb_usb_dibusb_mb
[   31.527401][    T1] usbcore: registered new interface driver dvb_usb_dibusb_mc
[   31.528406][    T1] usbcore: registered new interface driver dvb_usb_nova_t_usb2
[   31.529467][    T1] usbcore: registered new interface driver dvb_usb_umt_010
[   31.530502][    T1] usbcore: registered new interface driver dvb_usb_m920x
[   31.531507][    T1] usbcore: registered new interface driver dvb_usb_digitv
[   31.532539][    T1] usbcore: registered new interface driver dvb_usb_cxusb
[   31.533552][    T1] usbcore: registered new interface driver dvb_usb_ttusb2
[   31.534759][    T1] usbcore: registered new interface driver dvb_usb_dib0700
[   31.535804][    T1] usbcore: registered new interface driver opera1
[   31.536735][    T1] usbcore: registered new interface driver dvb_usb_af9005
[   31.537771][    T1] usbcore: registered new interface driver pctv452e
[   31.538758][    T1] usbcore: registered new interface driver dw2102
[   31.539691][    T1] usbcore: registered new interface driver dvb_usb_dtv5100
[   31.540716][    T1] usbcore: registered new interface driver cinergyT2
[   31.541687][    T1] usbcore: registered new interface driver dvb_usb_az6027
[   31.542673][    T1] usbcore: registered new interface driver dvb_usb_technisat_usb2
[   31.543854][    T1] usbcore: registered new interface driver dvb_usb_af9015
[   31.544911][    T1] usbcore: registered new interface driver dvb_usb_af9035
[   31.545919][    T1] usbcore: registered new interface driver dvb_usb_anysee
[   31.546919][    T1] usbcore: registered new interface driver dvb_usb_au6610
[   31.547968][    T1] usbcore: registered new interface driver dvb_usb_az6007
[   31.548989][    T1] usbcore: registered new interface driver dvb_usb_ce6230
[   31.549990][    T1] usbcore: registered new interface driver dvb_usb_ec168
[   31.551180][    T1] usbcore: registered new interface driver dvb_usb_lmedm04
[   31.552196][    T1] usbcore: registered new interface driver dvb_usb_gl861
[   31.553240][    T1] usbcore: registered new interface driver dvb_usb_mxl111sf
[   31.554386][    T1] usbcore: registered new interface driver dvb_usb_rtl28xxu
[   31.555427][    T1] usbcore: registered new interface driver dvb_usb_dvbsky
[   31.556431][    T1] usbcore: registered new interface driver zd1301
[   31.557396][    T1] usbcore: registered new interface driver smsusb
[   31.558338][    T1] usbcore: registered new interface driver b2c2_flexcop_usb
[   31.559389][    T1] usbcore: registered new interface driver zr364xx
[   31.560324][    T1] usbcore: registered new interface driver stkwebcam
[   31.561275][    T1] usbcore: registered new interface driver s2255
[   31.562306][    T1] usbcore: registered new interface driver uvcvideo
[   31.563101][    T1] gspca_main: v2.14.0 registered
[   31.563844][    T1] usbcore: registered new interface driver benq
[   31.564710][    T1] usbcore: registered new interface driver conex
[   31.565611][    T1] usbcore: registered new interface driver cpia1
[   31.566501][    T1] usbcore: registered new interface driver dtcs033
[   31.567401][    T1] usbcore: registered new interface driver etoms
[   31.568316][    T1] usbcore: registered new interface driver finepix
[   31.569237][    T1] usbcore: registered new interface driver jeilinj
[   31.570144][    T1] usbcore: registered new interface driver jl2005bcd
[   31.571107][    T1] usbcore: registered new interface driver kinect
[   31.572000][    T1] usbcore: registered new interface driver konica
[   31.572905][    T1] usbcore: registered new interface driver mars
[   31.573837][    T1] usbcore: registered new interface driver mr97310a
[   31.574786][    T1] usbcore: registered new interface driver nw80x
[   31.575744][    T1] usbcore: registered new interface driver ov519
[   31.576640][    T1] usbcore: registered new interface driver ov534
[   31.577551][    T1] usbcore: registered new interface driver ov534_9
[   31.578501][    T1] usbcore: registered new interface driver pac207
[   31.579427][    T1] usbcore: registered new interface driver gspca_pac7302
[   31.580406][    T1] usbcore: registered new interface driver pac7311
[   31.581337][    T1] usbcore: registered new interface driver se401
[   31.582259][    T1] usbcore: registered new interface driver sn9c2028
[   31.583197][    T1] usbcore: registered new interface driver gspca_sn9c20x
[   31.584297][    T1] usbcore: registered new interface driver sonixb
[   31.585252][    T1] usbcore: registered new interface driver sonixj
[   31.586158][    T1] usbcore: registered new interface driver spca500
[   31.587083][    T1] usbcore: registered new interface driver spca501
[   31.587986][    T1] usbcore: registered new interface driver spca505
[   31.588911][    T1] usbcore: registered new interface driver spca506
[   31.589831][    T1] usbcore: registered new interface driver spca508
[   31.590768][    T1] usbcore: registered new interface driver spca561
[   31.591678][    T1] usbcore: registered new interface driver spca1528
[   31.592601][    T1] usbcore: registered new interface driver sq905
[   31.593514][    T1] usbcore: registered new interface driver sq905c
[   31.594435][    T1] usbcore: registered new interface driver sq930x
[   31.595648][    T1] usbcore: registered new interface driver sunplus
[   31.596561][    T1] usbcore: registered new interface driver stk014
[   31.597481][    T1] usbcore: registered new interface driver stk1135
[   31.598436][    T1] usbcore: registered new interface driver stv0680
[   31.599362][    T1] usbcore: registered new interface driver t613
[   31.600285][    T1] usbcore: registered new interface driver gspca_topro
[   31.601236][    T1] usbcore: registered new interface driver touptek
[   31.602157][    T1] usbcore: registered new interface driver tv8532
[   31.603075][    T1] usbcore: registered new interface driver vc032x
[   31.604009][    T1] usbcore: registered new interface driver vicam
[   31.604966][    T1] usbcore: registered new interface driver xirlink-cit
[   31.606034][    T1] usbcore: registered new interface driver gspca_zc3xx
[   31.607031][    T1] usbcore: registered new interface driver ALi m5602
[   31.608003][    T1] usbcore: registered new interface driver STV06xx
[   31.608973][    T1] usbcore: registered new interface driver gspca_gl860
[   31.609999][    T1] usbcore: registered new interface driver Philips webcam
[   31.611012][    T1] usbcore: registered new interface driver airspy
[   31.611957][    T1] usbcore: registered new interface driver hackrf
[   31.612899][    T1] usbcore: registered new interface driver msi2500
[   31.613740][    T1] cpia2: V4L-Driver for Vision CPiA2 based cameras v3.0.1
[   31.614783][    T1] usbcore: registered new interface driver cpia2
[   31.615571][    T1] au0828: au0828 driver loaded
[   31.616344][    T1] usbcore: registered new interface driver au0828
[   31.617288][    T1] usbcore: registered new interface driver hdpvr
[   31.618525][    T1] usbcore: registered new interface driver pvrusb2
[   31.619371][    T1] pvrusb2: V4L in-tree version:Hauppauge WinTV-PVR-USB2 MPEG2 Encoder/Tuner
[   31.620382][    T1] pvrusb2: Debug mask is 31 (0x1f)
[   31.621135][    T1] usbcore: registered new interface driver stk1160
[   31.622066][    T1] usbcore: registered new interface driver cx231xx
[   31.623037][    T1] usbcore: registered new interface driver tm6000
[   31.624301][    T1] usbcore: registered new interface driver em28xx
[   31.625092][    T1] em28xx: Registered (Em28xx v4l2 Extension) extension
[   31.625894][    T1] em28xx: Registered (Em28xx Audio Extension) extension
[   31.626704][    T1] em28xx: Registered (Em28xx dvb Extension) extension
[   31.627497][    T1] em28xx: Registered (Em28xx Input Extension) extension
[   31.628438][    T1] usbcore: registered new interface driver usbtv
[   31.629353][    T1] usbcore: registered new interface driver go7007
[   31.630286][    T1] usbcore: registered new interface driver go7007-loader
[   31.631313][    T1] usbcore: registered new interface driver Abilis Systems as10x usb driver
[   31.640329][    T1] vivid-000: using single planar format API
[   31.646498][    T1] vivid-000: CEC adapter cec0 registered for HDMI input 0
[   31.647692][    T1] vivid-000: V4L2 capture device registered as video3
[   31.648795][    T1] vivid-000: CEC adapter cec1 registered for HDMI output 0
[   31.649964][    T1] vivid-000: V4L2 output device registered as video4
[   31.651046][    T1] vivid-000: V4L2 capture device registered as vbi0, supports raw and sliced VBI
[   31.652422][    T1] vivid-000: V4L2 output device registered as vbi1, supports raw and sliced VBI
[   31.653918][    T1] vivid-000: V4L2 capture device registered as swradio0
[   31.655480][    T1] vivid-000: V4L2 receiver device registered as radio0
[   31.656661][    T1] vivid-000: V4L2 transmitter device registered as radio1
[   31.657781][    T1] vivid-000: V4L2 metadata capture device registered as video5
[   31.658943][    T1] vivid-000: V4L2 metadata output device registered as video6
[   31.660126][    T1] vivid-000: V4L2 touch capture device registered as v4l-touch0
[   31.662006][    T1] vim2m vim2m.0: Device registered as /dev/video0
[   31.664441][    T1] vicodec vicodec.0: Device 'stateful-encoder' registered as /dev/video8
[   31.665690][    T1] vicodec vicodec.0: Device 'stateful-decoder' registered as /dev/video9
[   31.666928][    T1] vicodec vicodec.0: Device 'stateless-decoder' registered as /dev/video10
[   31.669916][    T1] dvbdev: DVB: registering new adapter (dvb_vidtv_bridge)
[   31.672172][    T1] i2c i2c-0: DVB: registering adapter 0 frontend 0 (Dummy demod for DVB-T/T2/C/S/S2)...
[   31.673524][    T1] dvbdev: dvb_create_media_entity: media entity 'Dummy demod for DVB-T/T2/C/S/S2' registered.
[   31.677418][    T1] dvbdev: dvb_create_media_entity: media entity 'dvb-demux' registered.
[   31.680314][    T1] vidtv vidtv.0: Successfully initialized vidtv!
[   31.681403][    T1] usbcore: registered new interface driver radioshark
[   31.682359][    T1] usbcore: registered new interface driver radioshark2
[   31.683349][    T1] usbcore: registered new interface driver dsbr100
[   31.684382][    T1] usbcore: registered new interface driver radio-si470x
[   31.685430][    T1] usbcore: registered new interface driver radio-usb-si4713
[   31.686444][    T1] usbcore: registered new interface driver radio-mr800
[   31.687383][    T1] usbcore: registered new interface driver radio-keene
[   31.688351][    T1] usbcore: registered new interface driver radio-ma901
[   31.689366][    T1] usbcore: registered new interface driver radio-raremono
[   31.690853][    T1] usbcore: registered new interface driver pcwd_usb
[   31.692811][    T1] device-mapper: core: CONFIG_IMA_DISABLE_HTABLE is disabled. Duplicate IMA measurements will not be recorded in the IMA log.
[   31.697570][    T1] device-mapper: uevent: version 1.0.3
[   31.699007][    T1] device-mapper: ioctl: 4.45.0-ioctl (2021-03-22) initialised: dm-devel@redhat.com
[   31.701198][    T1] device-mapper: multipath round-robin: version 1.2.0 loaded
[   31.702181][    T1] device-mapper: multipath queue-length: version 0.2.0 loaded
[   31.703170][    T1] device-mapper: multipath service-time: version 0.3.0 loaded
[   31.704770][    T1] device-mapper: raid: Loading target version 1.15.1
[   31.706458][    T1] Bluetooth: HCI UART driver ver 2.3
[   31.707096][    T1] Bluetooth: HCI UART protocol H4 registered
[   31.707904][    T1] Bluetooth: HCI UART protocol BCSP registered
[   31.708786][    T1] Bluetooth: HCI UART protocol LL registered
[   31.709643][    T1] Bluetooth: HCI UART protocol Three-wire (H5) registered
[   31.710592][    T1] Bluetooth: HCI UART protocol QCA registered
[   31.711305][    T1] Bluetooth: HCI UART protocol AG6XX registered
[   31.712162][    T1] Bluetooth: HCI UART protocol Marvell registered
[   31.713079][    T1] usbcore: registered new interface driver bcm203x
[   31.714072][    T1] usbcore: registered new interface driver bpa10x
[   31.714986][    T1] usbcore: registered new interface driver bfusb
[   31.715902][    T1] usbcore: registered new interface driver btusb
[   31.716856][    T1] usbcore: registered new interface driver ath3k
[   31.717980][    T1] CAPI 2.0 started up with major 68 (middleware)
[   31.718736][    T1] Modular ISDN core version 1.1.29
[   31.719662][    T1] NET: Registered PF_ISDN protocol family
[   31.720345][    T1] DSP module 2.0
[   31.720787][    T1] mISDN_dsp: DSP clocks every 80 samples. This equals 1 jiffies.
[   31.730822][    T1] mISDN: Layer-1-over-IP driver Rev. 2.00
[   31.732164][    T1] 0 virtual devices registered
[   31.733032][    T1] usbcore: registered new interface driver HFC-S_USB
[   31.733932][    T1] VUB300 Driver rom wait states = 1C irqpoll timeout = 0400
[   31.734727][    T1] usbcore: registered new interface driver vub300
[   31.736654][    T1] usbcore: registered new interface driver ushc
[   31.740814][    T1] iscsi: registered transport (iser)
[   31.742164][    T1] SoftiWARP attached
[   31.742950][    T1] Driver 'memconsole' was unable to register with bus_type 'coreboot' because the bus was not initialized.
[   31.744649][    T1] Driver 'vpd' was unable to register with bus_type 'coreboot' because the bus was not initialized.
[   31.750626][    T1] hid: raw HID events driver (C) Jiri Kosina
[   31.764015][    T1] usbcore: registered new interface driver usbhid
[   31.764815][    T1] usbhid: USB HID core driver
[   31.776331][    T1] usbcore: registered new interface driver es2_ap_driver
[   31.777201][    T1] comedi: version 0.7.76 - http://www.comedi.org
[   31.778338][    T1] usbcore: registered new interface driver dt9812
[   31.780239][    T1] usbcore: registered new interface driver ni6501
[   31.781128][    T1] usbcore: registered new interface driver usbdux
[   31.781989][    T1] usbcore: registered new interface driver usbduxfast
[   31.782901][    T1] usbcore: registered new interface driver usbduxsigma
[   31.784358][    T1] usbcore: registered new interface driver vmk80xx
[   31.785362][    T1] usbcore: registered new interface driver prism2_usb
[   31.786398][    T1] usbcore: registered new interface driver r8712u
[   31.787678][    T1] ashmem: initialized
[   31.788212][    T1] greybus: registered new driver hid
[   31.789046][    T1] greybus: registered new driver gbphy
[   31.789744][    T1] gb_gbphy: registered new driver usb
[   31.790363][    T1] asus_wmi: ASUS WMI generic driver loaded
[   31.823632][    T1] usbcore: registered new interface driver snd-usb-audio
[   31.824812][    T1] usbcore: registered new interface driver snd-ua101
[   31.826020][    T1] usbcore: registered new interface driver snd-usb-usx2y
[   31.826987][    T1] usbcore: registered new interface driver snd-usb-us122l
[   31.828085][    T1] usbcore: registered new interface driver snd-usb-caiaq
[   31.829231][    T1] usbcore: registered new interface driver snd-usb-6fire
[   31.830326][    T1] usbcore: registered new interface driver snd-usb-hiface
[   31.831383][    T1] usbcore: registered new interface driver snd-bcd2000
[   31.832420][    T1] usbcore: registered new interface driver snd_usb_pod
[   31.833476][    T1] usbcore: registered new interface driver snd_usb_podhd
[   31.835186][    T1] usbcore: registered new interface driver snd_usb_toneport
[   31.836227][    T1] usbcore: registered new interface driver snd_usb_variax
[   31.837197][    T1] drop_monitor: Initializing network drop monitor service
[   31.838251][    T1] NET: Registered PF_LLC protocol family
[   31.839019][    T1] GACT probability on
[   31.839506][    T1] Mirror/redirect action on
[   31.840161][    T1] Simple TC action Loaded
[   31.842019][    T1] netem: version 1.3
[   31.842695][    T1] u32 classifier
[   31.843116][    T1]     Performance counters on
[   31.843662][    T1]     input device check on
[   31.844324][    T1]     Actions configured
[   31.848923][    T1] xt_time: kernel timezone is -0000
[   31.849671][    T1] IPVS: Registered protocols (TCP, UDP, SCTP, AH, ESP)
[   31.850730][    T1] IPVS: Connection hash table configured (size=4096, memory=64Kbytes)
[   31.851946][    T1] IPVS: ipvs loaded.
[   31.852424][    T1] IPVS: [rr] scheduler registered.
[   31.853040][    T1] IPVS: [wrr] scheduler registered.
[   31.853716][    T1] IPVS: [lc] scheduler registered.
[   31.854320][    T1] IPVS: [wlc] scheduler registered.
[   31.854931][    T1] IPVS: [fo] scheduler registered.
[   31.855526][    T1] IPVS: [ovf] scheduler registered.
[   31.856146][    T1] IPVS: [lblc] scheduler registered.
[   31.856775][    T1] IPVS: [lblcr] scheduler registered.
[   31.857478][    T1] IPVS: [dh] scheduler registered.
[   31.858147][    T1] IPVS: [sh] scheduler registered.
[   31.858812][    T1] IPVS: [mh] scheduler registered.
[   31.859542][    T1] IPVS: [sed] scheduler registered.
[   31.860271][    T1] IPVS: [nq] scheduler registered.
[   31.860868][    T1] IPVS: [twos] scheduler registered.
[   31.861597][    T1] IPVS: [sip] pe registered.
[   31.862292][    T1] ipip: IPv4 and MPLS over IPv4 tunneling driver
[   31.864346][    T1] gre: GRE over IPv4 demultiplexor driver
[   31.865036][    T1] ip_gre: GRE over IPv4 tunneling driver
[   31.868343][    T1] IPv4 over IPsec tunneling driver
[   31.870556][    T1] ipt_CLUSTERIP: ClusterIP Version 0.8 loaded successfully
[   31.871523][    T1] Initializing XFRM netlink socket
[   31.872220][    T1] IPsec XFRM device driver
[   31.874209][    T1] NET: Registered PF_INET6 protocol family
[   31.880733][    T1] Segment Routing with IPv6
[   31.881327][    T1] RPL Segment Routing with IPv6
[   31.881958][    T1] In-situ OAM (IOAM) with IPv6
[   31.882792][    T1] mip6: Mobile IPv6
[   31.885011][    T1] sit: IPv6, IPv4 and MPLS over IPv4 tunneling driver
[   31.887747][    T1] ip6_gre: GRE over IPv6 tunneling driver
[   31.889412][    T1] NET: Registered PF_PACKET protocol family
[   31.890153][    T1] NET: Registered PF_KEY protocol family
[   31.891158][    T1] Bridge firewalling registered
[   31.892075][    T1] NET: Registered PF_X25 protocol family
[   31.892810][    T1] X25: Linux Version 0.2
