c[?7l[2J[0mSeaBIOS (version 1.16.2-debian-1.16.2-1)
Booting from ROM...
c[?7l[2Jearly console in extract_kernel
input_data: 0x00000000159242a3
input_len: 0x0000000006421c35
output: 0x0000000001000000
output_len: 0x00000000132f6d40
kernel_total_size: 0x000000001ad87000
needed_size: 0x000000001ae00000
trampoline_32bit: 0x0000000000000000

Decompressing Linux... Parsing ELF... done.
Booting the kernel (entry_offset: 0x00000000115c1080).
[    0.000000][    T0] Linux version 6.19.0-next-20260212-gaf98e93c5c39-dirty (root@buildkitsandbox) (gcc (Debian 12.2.0-14+deb12u1) 12.2.0, GNU ld (GNU Binutils for Debian) 2.40) #1 SMP PREEMPT_DYNAMIC Tue May 26 10:04:51 UTC 2026
[    0.000000][    T0] Command line: console=ttyS0 oops=panic panic=86400 nokaslr earlyprintk=serial rdinit=/init
[    0.000000][    T0] KERNEL supported cpus:
[    0.000000][    T0]   Intel GenuineIntel
[    0.000000][    T0]   AMD AuthenticAMD
[    0.000000][    T0] x86 CPU feature dependency check failure: CPU0 has '18*32+31' enabled but '18*32+26' disabled. Kernel might be fine, but no guarantees.
[    0.000000][    T0] BIOS-provided physical RAM map:
[    0.000000][    T0] BIOS-e820: [mem 0x0000000000000000-0x000000000009fbff]  System RAM
[    0.000000][    T0] BIOS-e820: [mem 0x000000000009fc00-0x000000000009ffff]  device reserved
[    0.000000][    T0] BIOS-e820: [gap 0x00000000000a0000-0x00000000000effff]
[    0.000000][    T0] BIOS-e820: [mem 0x00000000000f0000-0x00000000000fffff]  device reserved
[    0.000000][    T0] BIOS-e820: [mem 0x0000000000100000-0x000000007ffdffff]  System RAM
[    0.000000][    T0] BIOS-e820: [mem 0x000000007ffe0000-0x000000007fffffff]  device reserved
[    0.000000][    T0] BIOS-e820: [gap 0x0000000080000000-0x00000000feffbfff]
[    0.000000][    T0] BIOS-e820: [mem 0x00000000feffc000-0x00000000feffffff]  device reserved
[    0.000000][    T0] BIOS-e820: [gap 0x00000000ff000000-0x00000000fffbffff]
[    0.000000][    T0] BIOS-e820: [mem 0x00000000fffc0000-0x00000000ffffffff]  device reserved
[    0.000000][    T0] BIOS-e820: [gap 0x0000000100000000-0x000000fcffffffff]
[    0.000000][    T0] BIOS-e820: [mem 0x000000fd00000000-0x000000ffffffffff]  device reserved
[    0.000000][    T0] printk: legacy bootconsole [earlyser0] enabled
[    0.000000][    T0] NX (Execute Disable) protection: active
[    0.000000][    T0] APIC: Static calls initialized
[    0.000000][    T0] SMBIOS 2.8 present.
[    0.000000][    T0] DMI: QEMU Standard PC (i440FX + PIIX, 1996), BIOS 1.16.2-debian-1.16.2-1 04/01/2014
[    0.000000][    T0] DMI: Memory slots populated: 1/1
[    0.000000][    T0] Hypervisor detected: KVM
[    0.000000][    T0] last_pfn = 0x7ffe0 max_arch_pfn = 0x400000000
[    0.000000][    T0] kvm-clock: Using msrs 4b564d01 and 4b564d00
[    0.000005][    T0] kvm-clock: using sched offset of 1271018254 cycles
[    0.000848][    T0] clocksource: kvm-clock: mask: 0xffffffffffffffff max_cycles: 0x1cd42e4dffb, max_idle_ns: 881590591483 ns
[    0.003433][    T0] tsc: Detected 3493.436 MHz processor
[    0.011167][    T0] last_pfn = 0x7ffe0 max_arch_pfn = 0x400000000
[    0.011954][    T0] MTRR map: 4 entries (3 fixed + 1 variable; max 19), built from 8 variable MTRRs
[    0.013037][    T0] x86/PAT: Configuration [0-7]: WB  WC  UC- UC  WB  WP  UC- WT  
[    0.017604][    T0] found SMP MP-table at [mem 0x000f5ba0-0x000f5baf]
[    0.018489][    T0] Using GB pages for direct mapping
[    0.021263][    T0] RAMDISK: [mem 0x7fe88000-0x7ffdffff]
[    0.021987][    T0] ACPI: Early table checksum verification disabled
[    0.022757][    T0] ACPI: RSDP 0x00000000000F59D0 000014 (v00 BOCHS )
[    0.023563][    T0] ACPI: RSDT 0x000000007FFE1B33 000034 (v01 BOCHS  BXPC     00000001 BXPC 00000001)
[    0.024816][    T0] ACPI: FACP 0x000000007FFE19DF 000074 (v01 BOCHS  BXPC     00000001 BXPC 00000001)
[    0.026085][    T0] ACPI: DSDT 0x000000007FFE0040 00199F (v01 BOCHS  BXPC     00000001 BXPC 00000001)
[    0.027424][    T0] ACPI: FACS 0x000000007FFE0000 000040
[    0.028230][    T0] ACPI: APIC 0x000000007FFE1A53 000080 (v01 BOCHS  BXPC     00000001 BXPC 00000001)
[    0.029588][    T0] ACPI: HPET 0x000000007FFE1AD3 000038 (v01 BOCHS  BXPC     00000001 BXPC 00000001)
[    0.030948][    T0] ACPI: WAET 0x000000007FFE1B0B 000028 (v01 BOCHS  BXPC     00000001 BXPC 00000001)
[    0.032316][    T0] ACPI: Reserving FACP table memory at [mem 0x7ffe19df-0x7ffe1a52]
[    0.033361][    T0] ACPI: Reserving DSDT table memory at [mem 0x7ffe0040-0x7ffe19de]
[    0.034506][    T0] ACPI: Reserving FACS table memory at [mem 0x7ffe0000-0x7ffe003f]
[    0.035595][    T0] ACPI: Reserving APIC table memory at [mem 0x7ffe1a53-0x7ffe1ad2]
[    0.036726][    T0] ACPI: Reserving HPET table memory at [mem 0x7ffe1ad3-0x7ffe1b0a]
[    0.037872][    T0] ACPI: Reserving WAET table memory at [mem 0x7ffe1b0b-0x7ffe1b32]
[    0.039886][    T0] No NUMA configuration found
[    0.040548][    T0] Faking a node at [mem 0x0000000000000000-0x000000007ffdffff]
[    0.041506][    T0] NODE_DATA(0) allocated [mem 0x7fe820c0-0x7fe87cbf]
[    0.082066][    T0] KernelAddressSanitizer initialized (generic)
[    0.083276][    T0] ACPI: PM-Timer IO Port: 0x608
[    0.083990][    T0] ACPI: LAPIC_NMI (acpi_id[0xff] dfl dfl lint[0x1])
[    0.084969][    T0] IOAPIC[0]: apic_id 0, version 17, address 0xfec00000, GSI 0-23
[    0.086090][    T0] ACPI: INT_SRC_OVR (bus 0 bus_irq 0 global_irq 2 dfl dfl)
[    0.087109][    T0] ACPI: INT_SRC_OVR (bus 0 bus_irq 5 global_irq 5 high level)
[    0.088074][    T0] ACPI: INT_SRC_OVR (bus 0 bus_irq 9 global_irq 9 high level)
[    0.089117][    T0] ACPI: INT_SRC_OVR (bus 0 bus_irq 10 global_irq 10 high level)
[    0.090001][    T0] ACPI: INT_SRC_OVR (bus 0 bus_irq 11 global_irq 11 high level)
[    0.091080][    T0] ACPI: Using ACPI (MADT) for SMP configuration information
[    0.092110][    T0] ACPI: HPET id: 0x8086a201 base: 0xfed00000
[    0.092963][    T0] TSC deadline timer available
[    0.093565][    T0] CPU topo: Max. logical packages:   1
[    0.094326][    T0] CPU topo: Max. logical dies:       1
[    0.095158][    T0] CPU topo: Max. dies per package:   1
[    0.095894][    T0] CPU topo: Max. threads per core:   1
[    0.096553][    T0] CPU topo: Num. cores per package:     2
[    0.097259][    T0] CPU topo: Num. threads per package:   2
[    0.097919][    T0] CPU topo: Allowing 2 present CPUs plus 0 hotplug CPUs
[    0.098748][    T0] kvm-guest: APIC: eoi() replaced with kvm_guest_apic_eoi_write()
[    0.099987][    T0] kvm-guest: KVM setup pv remote TLB flush
[    0.100828][    T0] kvm-guest: setup PV sched yield
[    0.101621][    T0] PM: hibernation: Registered nosave memory: [mem 0x00000000-0x00000fff]
[    0.102873][    T0] PM: hibernation: Registered nosave memory: [mem 0x0009f000-0x000fffff]
[    0.103910][    T0] [gap 0x80000000-0xfeffbfff] available for PCI devices
[    0.104914][    T0] Booting paravirtualized kernel on KVM
[    0.105703][    T0] clocksource: refined-jiffies: mask: 0xffffffff max_cycles: 0xffffffff, max_idle_ns: 19112604462750000 ns
[    0.162995][    T0] Section 13 and 15 (node 0) have a circular dependency on usemap and pgdat allocations
[    0.164366][    T0] Zone ranges:
[    0.164835][    T0]   DMA      [mem 0x0000000000001000-0x0000000000ffffff]
[    0.165745][    T0]   DMA32    [mem 0x0000000001000000-0x000000007ffdffff]
[    0.166650][    T0]   Normal   empty
[    0.167209][    T0]   Device   empty
[    0.167750][    T0] Movable zone start for each node
[    0.168487][    T0] Early memory node ranges
[    0.169123][    T0]   node   0: [mem 0x0000000000001000-0x000000000009efff]
[    0.170162][    T0]   node   0: [mem 0x0000000000100000-0x000000007ffdffff]
[    0.171196][    T0] Initmem setup node 0 [mem 0x0000000000001000-0x000000007ffdffff]
[    0.172177][    T0] On node 0, zone DMA: 1 pages in unavailable ranges
[    0.173208][    T0] On node 0, zone DMA: 97 pages in unavailable ranges
[    0.198088][    T0] On node 0, zone DMA32: 32 pages in unavailable ranges
[    0.199177][    T0] setup_percpu: NR_CPUS:8 nr_cpumask_bits:2 nr_cpu_ids:2 nr_node_ids:1
[    0.200739][    T0] percpu: Embedded 71 pages/cpu s251400 r8192 d31224 u1048576
[    0.201864][    T0] kvm-guest: PV spinlocks enabled
[    0.202460][    T0] PV qspinlock hash table entries: 256 (order: 0, 4096 bytes, linear)
[    0.203549][    T0] Kernel command line: console=ttyS0 oops=panic panic=86400 nokaslr earlyprintk=serial rdinit=/init
[    0.205808][    T0] random: crng init done
[    0.206369][    T0] printk: log buffer data + meta data: 262144 + 917504 = 1179648 bytes
[    0.207799][    T0] Dentry cache hash table entries: 262144 (order: 9, 2097152 bytes, linear)
[    0.209250][    T0] Inode-cache hash table entries: 131072 (order: 8, 1048576 bytes, linear)
[    0.210603][    T0] Fallback order for Node 0: 0 
[    0.210619][    T0] Built 1 zonelists, mobility grouping on.  Total pages: 524158
[    0.212299][    T0] Policy zone: DMA32
[    0.213134][    T0] mem auto-init: stack:all(zero), heap alloc:on, heap free:off
[    0.214158][    T0] stackdepot: allocating hash table via alloc_large_system_hash
[    0.215175][    T0] stackdepot hash table entries: 1048576 (order: 12, 16777216 bytes, linear)
[    0.218335][    T0] stackdepot: allocating space for 8192 stack pools via memblock
[    0.299388][    T0] SLUB: HWalign=64, Order=0-3, MinObjects=0, CPUs=2, Nodes=1
[    0.304316][    T0] allocated 4194304 bytes of page_ext
[    0.305750][    T0] Dynamic Preempt: full
[    0.307002][    T0] Running RCU self tests
[    0.307525][    T0] Running RCU synchronous self tests
[    0.308171][    T0] rcu: Preemptible hierarchical RCU implementation.
[    0.308959][    T0] rcu: 	RCU lockdep checking is enabled.
[    0.309625][    T0] rcu: 	RCU restricting CPUs from NR_CPUS=8 to nr_cpu_ids=2.
[    0.310512][    T0] rcu: 	RCU callback double-/use-after-free debug is enabled.
[    0.311429][    T0] rcu: 	RCU debug extended QS entry/exit.
[    0.312120][    T0] 	Trampoline variant of Tasks RCU enabled.
[    0.312821][    T0] 	Tracing variant of Tasks RCU enabled.
[    0.313485][    T0] rcu: RCU calculated value of scheduler-enlistment delay is 10 jiffies.
[    0.314488][    T0] rcu: Adjusting geometry for rcu_fanout_leaf=16, nr_cpu_ids=2
[    0.315561][    T0] Running RCU synchronous self tests
[    0.316221][    T0] RCU Tasks: Setting shift to 1 and lim to 1 rcu_task_cb_adjust=1 rcu_task_cpu_ids=2.
[    0.456932][    T0] NR_IRQS: 4352, nr_irqs: 440, preallocated irqs: 16
[    0.458396][    T0] rcu: srcu_init: Setting srcu_struct sizes based on contention.
[    0.459743][    T0] kfence: initialized - using 2097152 bytes for 255 objects at 0x(____ptrval____)-0x(____ptrval____)
[    0.469304][    T0] Console: colour VGA+ 80x25
[    0.469933][    T0] printk: legacy console [ttyS0] enabled
[    0.469933][    T0] printk: legacy console [ttyS0] enabled
[    0.471301][    T0] printk: legacy bootconsole [earlyser0] disabled
[    0.471301][    T0] printk: legacy bootconsole [earlyser0] disabled
[    0.473006][    T0] Lock dependency validator: Copyright (c) 2006 Red Hat, Inc., Ingo Molnar
[    0.474187][    T0] ... MAX_LOCKDEP_SUBCLASSES:  8
[    0.474876][    T0] ... MAX_LOCK_DEPTH:          48
[    0.475559][    T0] ... MAX_LOCKDEP_KEYS:        8192
[    0.476284][    T0] ... CLASSHASH_SIZE:          4096
[    0.476970][    T0] ... MAX_LOCKDEP_ENTRIES:     1048576
[    0.477743][    T0] ... MAX_LOCKDEP_CHAINS:      1048576
[    0.478469][    T0] ... CHAINHASH_SIZE:          524288
[    0.479244][    T0]  memory used by lock dependency info: 106625 kB
[    0.480144][    T0]  memory used for stack traces: 8320 kB
[    0.481010][    T0]  per task-struct memory footprint: 1920 bytes
[    0.482168][    T0] ACPI: Core revision 20251212
[    0.483368][    T0] clocksource: hpet: mask: 0xffffffff max_cycles: 0xffffffff, max_idle_ns: 19112604467 ns
[    0.484833][    T0] APIC: Switch to symmetric I/O mode setup
[    0.485789][    T0] x2apic enabled
[    0.486748][    T0] APIC: Switched APIC routing to: physical x2apic
[    0.487619][    T0] kvm-guest: APIC: send_IPI_mask() replaced with kvm_send_ipi_mask()
[    0.488786][    T0] kvm-guest: APIC: send_IPI_mask_allbutself() replaced with kvm_send_ipi_mask_allbutself()
[    0.490118][    T0] kvm-guest: setup PV IPIs
[    0.492120][    T0] ..TIMER: vector=0x30 apic1=0 pin1=2 apic2=-1 pin2=-1
[    0.492967][    T0] clocksource: tsc-early: mask: 0xffffffffffffffff max_cycles: 0x325b186289d, max_idle_ns: 440795326624 ns
[    0.494529][    T0] Calibrating delay loop (skipped) preset value.. 6986.87 BogoMIPS (lpj=34934360)
[    0.504705][    T0] x86/cpu: User Mode Instruction Prevention (UMIP) activated
[    0.505853][    T0] Last level iTLB entries: 4KB 512, 2MB 255, 4MB 127
[    0.506776][    T0] Last level dTLB entries: 4KB 512, 2MB 255, 4MB 127, 1GB 0
[    0.507794][    T0] mitigations: Enabled attack vectors: user_kernel, user_user, guest_host, guest_guest, SMT mitigations: auto
[    0.509328][    T0] Speculative Store Bypass: Mitigation: Speculative Store Bypass disabled via prctl
[    0.510538][    T0] Spectre V2 : Mitigation: Retpolines
[    0.511270][    T0] RETBleed: Mitigation: untrained return thunk
[    0.512088][    T0] Speculative Return Stack Overflow: Mitigation: SMT disabled
[    0.513061][    T0] Spectre V1 : Mitigation: usercopy/swapgs barriers and __user pointer sanitization
[    0.514528][    T0] Spectre V2 : Spectre v2 / SpectreRSB: Filling RSB on context switch and VMEXIT
[    0.515736][    T0] Spectre V2 : Enabling Speculation Barrier for firmware calls
[    0.516689][    T0] active return thunk: retbleed_return_thunk
[    0.517484][    T0] Spectre V2 : mitigation: Enabling conditional Indirect Branch Prediction Barrier
[    0.518731][    T0] x86/fpu: Supporting XSAVE feature 0x001: 'x87 floating point registers'
[    0.519764][    T0] x86/fpu: Supporting XSAVE feature 0x002: 'SSE registers'
[    0.520599][    T0] x86/fpu: Supporting XSAVE feature 0x004: 'AVX registers'
[    0.521492][    T0] x86/fpu: xstate_offset[2]:  576, xstate_sizes[2]:  256
[    0.522366][    T0] x86/fpu: Enabled xstate features 0x7, context size is 832 bytes, using 'compacted' format.
[    0.714329][    T0] Freeing SMP alternatives memory: 132K
[    0.714534][    T0] pid_max: default: 32768 minimum: 301
[    0.716029][    T0] landlock: Up and running.
[    0.716651][    T0] Yama: becoming mindful.
[    0.717474][    T0] TOMOYO Linux initialized
[    0.718703][    T0] AppArmor: AppArmor initialized
[    0.720458][    T0] LSM support for eBPF active
[    0.721478][    T0] Mount-cache hash table entries: 4096 (order: 3, 32768 bytes, linear)
[    0.722438][    T0] Mountpoint-cache hash table entries: 4096 (order: 3, 32768 bytes, linear)
[    0.725211][    T0] VFS: Finished mounting rootfs on nullfs
[    0.728078][    T0] Running RCU synchronous self tests
[    0.728736][    T0] Running RCU synchronous self tests
[    0.730123][    T1] smpboot: CPU0: AMD Ryzen Threadripper PRO 3975WX 32-Cores (family: 0x17, model: 0x31, stepping: 0x0)
[    0.733554][    T1] Performance Events: Fam17h+ core perfctr, AMD PMU driver.
[    0.734519][    T1] ... version:                   0
[    0.734519][    T1] ... bit width:                 48
[    0.734519][    T1] ... generic counters:          6
[    0.734519][    T1] ... generic bitmap:            000000000000003f
[    0.734519][    T1] ... fixed-purpose counters:    0
[    0.734519][    T1] ... fixed-purpose bitmap:      0000000000000000
[    0.734519][    T1] ... value mask:                0000ffffffffffff
[    0.734519][    T1] ... max period:                00007fffffffffff
[    0.734547][    T1] ... global_ctrl mask:          000000000000003f
[    0.735795][    T1] signal: max sigframe size: 1776
[    0.736642][    T1] rcu: Hierarchical SRCU implementation.
[    0.737303][    T1] rcu: 	Max phase no-delay instances is 1000.
[    0.738520][    T1] Timer migration: 1 hierarchy levels; 8 children per group; 1 crossnode level
[    0.787322][    T1] smp: Bringing up secondary CPUs ...
[    0.789273][    T1] smpboot: x86: Booting SMP configuration:
[    0.790059][    T1] .... node  #0, CPUs:      #1
[    0.790327][    T1] smp: Brought up 1 node, 2 CPUs
[    0.790327][    T1] smpboot: Total of 2 processors activated (13973.74 BogoMIPS)
[    0.795128][    T1] Memory: 1271436K/2096632K available (173494K kernel code, 42669K rwdata, 41580K rodata, 27896K init, 127396K bss, 814140K reserved, 0K cma-reserved)
[    0.797927][    T1] devtmpfs: initialized
[    0.797927][    T1] x86/mm: Memory block size: 128MB
[    0.820366][    T1] Running RCU synchronous self tests
[    0.820366][    T1] Running RCU synchronous self tests
[    0.824670][    T1] Running RCU Tasks wait API self tests
[    0.825269][    T1] Running RCU Tasks Trace wait API self tests
[    0.825526][    T1] clocksource: jiffies: mask: 0xffffffff max_cycles: 0xffffffff, max_idle_ns: 19112604462750000 ns
[    0.826179][    T1] posixtimers hash table entries: 1024 (order: 5, 73728 bytes, linear)
[    0.827395][    T1] futex hash table entries: 512 (65536 bytes on 1 NUMA nodes, total 64 KiB, linear).
[    0.837005][    T1] PM: RTC time: 10:06:25, date: 2026-05-26
[    0.841720][    T1] NET: Registered PF_NETLINK/PF_ROUTE protocol family
[    0.846735][    T1] audit: initializing netlink subsys (disabled)
[    0.847676][   T29] audit: type=2000 audit(1779789986.000:1): state=initialized audit_enabled=0 res=1
[    0.847676][    T1] thermal_sys: Registered thermal governor 'step_wise'
[    0.847676][    T1] cpuidle: using governor menu
[    0.847676][    T1] NET: Registered PF_QIPCRTR protocol family
[    0.856423][    T1] dca service started, version 1.12.1
[    0.857321][    T1] PCI: Using configuration type 1 for base access
[    0.858176][    T1] PCI: Using configuration type 1 for extended access
[    0.864633][   T10] Callback from call_rcu_tasks_trace() invoked.
[    0.875283][    T1] HugeTLB: registered 1.00 GiB page size, pre-allocated 0 pages
[    0.876048][    T1] HugeTLB: 16380 KiB vmemmap can be freed for a 1.00 GiB page
[    0.877148][    T1] HugeTLB: registered 2.00 MiB page size, pre-allocated 0 pages
[    0.878461][    T1] HugeTLB: 28 KiB vmemmap can be freed for a 2.00 MiB page
[    0.906824][    T1] raid6: skipped pq benchmark and selected avx2x4
[    0.907644][    T1] raid6: using avx2x2 recovery algorithm
[    0.909703][    T1] ACPI: Added _OSI(Module Device)
[    0.910351][    T1] ACPI: Added _OSI(Processor Device)
[    0.910964][    T1] ACPI: Added _OSI(Processor Aggregator Device)
[    0.967754][    T1] ACPI: 1 ACPI AML tables successfully acquired and loaded
[    0.997911][    T1] ACPI: \_SB_: platform _OSC: OS support mask [000e7eee]
[    1.003062][    T1] ACPI: Interpreter enabled
[    1.004838][    T1] ACPI: PM: (supports S0 S3 S4 S5)
[    1.005504][    T1] ACPI: Using IOAPIC for interrupt routing
[    1.006602][    T1] PCI: Using host bridge windows from ACPI; if necessary, use "pci=nocrs" and report a bug
[    1.007897][    T1] PCI: Using E820 reservations for host bridge windows
[    1.012307][    T1] ACPI: Enabled 2 GPEs in block 00 to 0F
[    1.106677][    T1] ACPI: PCI Root Bridge [PCI0] (domain 0000 [bus 00-ff])
[    1.107709][    T1] acpi PNP0A03:00: _OSC: OS supports [ExtendedConfig ASPM ClockPM Segments MSI HPX-Type3]
[    1.109020][    T1] acpi PNP0A03:00: _OSC: OS requested [PCIeHotplug PME AER PCIeCapability LTR]
[    1.110103][    T1] acpi PNP0A03:00: _OSC: platform willing to grant [PCIeHotplug PME AER PCIeCapability LTR]
[    1.111295][    T1] acpi PNP0A03:00: _OSC: platform retains control of PCIe features (AE_ERROR)
[    1.114204][    T1] PCI host bridge to bus 0000:00
[    1.114683][    T1] pci_bus 0000:00: root bus resource [io  0x0000-0x0cf7 window]
[    1.115607][    T1] pci_bus 0000:00: root bus resource [io  0x0d00-0xffff window]
[    1.116516][    T1] pci_bus 0000:00: root bus resource [mem 0x000a0000-0x000bffff window]
[    1.117505][    T1] pci_bus 0000:00: root bus resource [mem 0x80000000-0xfebfffff window]
[    1.118490][    T1] pci_bus 0000:00: root bus resource [mem 0x100000000-0x17fffffff window]
[    1.119513][    T1] pci_bus 0000:00: root bus resource [bus 00-ff]
[    1.120544][    T1] pci 0000:00:00.0: [8086:1237] type 00 class 0x060000 conventional PCI endpoint
[    1.149664][    T1] pci 0000:00:01.0: [8086:7000] type 00 class 0x060100 conventional PCI endpoint
[    1.178233][    T1] pci 0000:00:01.1: [8086:7010] type 00 class 0x010180 conventional PCI endpoint
[    1.179871][    T1] pci 0000:00:01.1: BAR 4 [io  0xc000-0xc00f]
[    1.180633][    T1] pci 0000:00:01.1: BAR 0 [io  0x01f0-0x01f7]: legacy IDE quirk
[    1.181543][    T1] pci 0000:00:01.1: BAR 1 [io  0x03f6]: legacy IDE quirk
[    1.182374][    T1] pci 0000:00:01.1: BAR 2 [io  0x0170-0x0177]: legacy IDE quirk
[    1.183293][    T1] pci 0000:00:01.1: BAR 3 [io  0x0376]: legacy IDE quirk
[    1.185003][    T1] pci 0000:00:01.3: [8086:7113] type 00 class 0x068000 conventional PCI endpoint
[    1.186453][    T1] pci 0000:00:01.3: quirk: [io  0x0600-0x063f] claimed by PIIX4 ACPI
[    1.187423][    T1] pci 0000:00:01.3: quirk: [io  0x0700-0x070f] claimed by PIIX4 SMB
[    1.189221][    T1] pci 0000:00:02.0: [1234:1111] type 00 class 0x030000 conventional PCI endpoint
[    1.191852][    T1] pci 0000:00:02.0: BAR 0 [mem 0xfd000000-0xfdffffff pref]
[    1.192721][    T1] pci 0000:00:02.0: BAR 2 [mem 0xfebf0000-0xfebf0fff]
[    1.193536][    T1] pci 0000:00:02.0: ROM [mem 0xfebe0000-0xfebeffff pref]
[    1.194535][    T1] pci 0000:00:02.0: Video device with shadowed ROM at [mem 0x000c0000-0x000dffff]
[    1.230671][    T1] ACPI: PCI: Interrupt link LNKA configured for IRQ 10
[    1.234165][    T1] ACPI: PCI: Interrupt link LNKB configured for IRQ 10
[    1.237125][    T1] ACPI: PCI: Interrupt link LNKC configured for IRQ 11
[    1.240530][    T1] ACPI: PCI: Interrupt link LNKD configured for IRQ 11
[    1.242357][    T1] ACPI: PCI: Interrupt link LNKS configured for IRQ 9
[    1.254556][    T1] iommu: Default domain type: Translated
[    1.255240][    T1] iommu: DMA domain TLB invalidation policy: lazy mode
[    1.259774][    T1] SCSI subsystem initialized
[    1.286126][    T1] ACPI: bus type USB registered
[    1.287488][    T1] usbcore: registered new interface driver usbfs
[    1.288727][    T1] usbcore: registered new interface driver hub
[    1.289798][    T1] usbcore: registered new device driver usb
[    1.290907][    T1] mc: Linux media interface: v0.10
[    1.290907][    T1] videodev: Linux video capture interface: v2.00
[    1.290907][    T1] pps_core: LinuxPPS API ver. 1 registered
[    1.290907][    T1] pps_core: Software ver. 5.3.6 - Copyright 2005-2007 Rodolfo Giometti <giometti@linux.it>
[    1.291398][    T1] PTP clock support registered
[    1.314680][    T1] EDAC MC: Ver: 3.0.0
[    1.328363][    T1] Advanced Linux Sound Architecture Driver Initialized.
[    1.335097][    T1] Bluetooth: Core ver 2.22
[    1.335873][    T1] NET: Registered PF_BLUETOOTH protocol family
[    1.336752][    T1] Bluetooth: HCI device and connection manager initialized
[    1.337813][    T1] Bluetooth: HCI socket layer initialized
[    1.338653][    T1] Bluetooth: L2CAP socket layer initialized
[    1.339566][    T1] Bluetooth: SCO socket layer initialized
[    1.340436][    T1] NET: Registered PF_ATMPVC protocol family
[    1.341280][    T1] NET: Registered PF_ATMSVC protocol family
[    1.342372][    T1] NetLabel: Initializing
[    1.342988][    T1] NetLabel:  domain hash size = 128
[    1.343726][    T1] NetLabel:  protocols = UNLABELED CIPSOv4 CALIPSO
[    1.344923][    T1] NetLabel:  unlabeled traffic allowed by default
[    1.347654][    T1] nfc: nfc_init: NFC Core ver 0.1
[    1.348688][    T1] NET: Registered PF_NFC protocol family
[    1.349836][    T1] mctp: management component transport protocol core
[    1.350733][    T1] NET: Registered PF_MCTP protocol family
[    1.351552][    T1] PCI: Using ACPI for IRQ routing
[    1.352230][    T1] e820: register RAM buffer resource [mem 0x0009fc00-0x0009ffff]
[    1.353133][    T1] e820: register RAM buffer resource [mem 0x7ffe0000-0x7fffffff]
[    1.354431][    T1] pci 0000:00:02.0: vgaarb: setting as boot VGA device
[    1.354519][    T1] pci 0000:00:02.0: vgaarb: bridge control possible
[    1.354519][    T1] pci 0000:00:02.0: vgaarb: VGA device added: decodes=io+mem,owns=io+mem,locks=none
[    1.354527][    T1] vgaarb: loaded
[    1.355857][    T1] hpet0: at MMIO 0xfed00000, IRQs 2, 8, 0
[    1.356543][    T1] hpet0: 3 comparators, 64-bit 100.000000 MHz counter
[    1.364525][    T1] clocksource: Switched to clocksource kvm-clock
[    1.370265][    T1] VFS: Disk quotas dquot_6.6.0
[    1.370892][    T1] VFS: Dquot-cache hash table entries: 512 (order 0, 4096 bytes)
[    1.472071][    T1] netfs: FS-Cache loaded
[    1.473659][    T1] CacheFiles: Loaded
[    1.474486][    T1] TOMOYO: 2.6.0
[    1.474923][    T1] Mandatory Access Control activated.
[    1.477595][    T1] AppArmor: AppArmor Filesystem Enabled
[    1.478472][    T1] pnp: PnP ACPI init
[    1.489842][    T1] pnp: PnP ACPI: found 6 devices
[    1.505578][   T49] kwatchdog (49) used greatest stack depth: 29784 bytes left
[    1.583510][    T1] clocksource: acpi_pm: mask: 0xffffff max_cycles: 0xffffff, max_idle_ns: 2085701024 ns
[    1.585322][    T1] NET: Registered PF_INET protocol family
[    1.586491][    T1] IP idents hash table entries: 32768 (order: 6, 262144 bytes, linear)
[    1.868024][    T1] tcp_listen_portaddr_hash hash table entries: 1024 (order: 5, 73728 bytes, linear)
[    1.869426][    T1] Table-perturb hash table entries: 65536 (order: 6, 262144 bytes, linear)
[    1.870792][    T1] TCP established hash table entries: 16384 (order: 5, 131072 bytes, linear)
[    1.885824][    T1] TCP bind hash table entries: 16384 (order: 10, 2359296 bytes, linear)
[    1.887474][    T1] TCP: Hash tables configured (established 16384 bind 16384)
[    1.889354][    T1] MPTCP token hash table entries: 2048 (order: 6, 180224 bytes, linear)
[    1.890710][    T1] UDP hash table entries: 1024 (order: 6, 262144 bytes, linear)
[    1.891697][    T1] UDP-Lite hash table entries: 1024 (order: 6, 262144 bytes, linear)
[    1.893170][    T1] NET: Registered PF_UNIX/PF_LOCAL protocol family
[    1.896988][    T1] RPC: Registered named UNIX socket transport module.
[    1.897871][    T1] RPC: Registered udp transport module.
[    1.898631][    T1] RPC: Registered tcp transport module.
[    1.899417][    T1] RPC: Registered tcp-with-tls transport module.
[    1.900325][    T1] RPC: Registered tcp NFSv4.1 backchannel transport module.
[    1.903743][    T1] NET: Registered PF_XDP protocol family
[    1.904510][    T1] pci_bus 0000:00: resource 4 [io  0x0000-0x0cf7 window]
[    1.905379][    T1] pci_bus 0000:00: resource 5 [io  0x0d00-0xffff window]
[    1.906222][    T1] pci_bus 0000:00: resource 6 [mem 0x000a0000-0x000bffff window]
[    1.907174][    T1] pci_bus 0000:00: resource 7 [mem 0x80000000-0xfebfffff window]
[    1.908112][    T1] pci_bus 0000:00: resource 8 [mem 0x100000000-0x17fffffff window]
[    1.909834][    T1] pci 0000:00:01.0: PIIX3: Enabling Passive Release
[    1.910674][    T1] pci 0000:00:00.0: Limiting direct PCI/PCI transfers
[    1.911596][    T1] PCI: CLS 0 bytes, default 64
[    1.912334][    T1] ACPI: bus type thunderbolt registered
[    1.914101][    T1] kvm_intel: VMX not supported by CPU 1
[    1.914962][    T1] kvm_amd: Nested Virtualization enabled
[    1.915814][    T1] kvm_amd: Nested Paging enabled
[    1.928243][   T48] Trying to unpack rootfs image as initramfs...
[    1.981306][    T1] clocksource: tsc: mask: 0xffffffffffffffff max_cycles: 0x325b186289d, max_idle_ns: 440795326624 ns
[    2.118218][   T48] Freeing initrd memory: 1376K
[    2.119747][   T61] kworker/u8:4 (61) used greatest stack depth: 28440 bytes left
[    2.176229][    T1] Initialise system trusted keyrings
[    2.187978][    T1] workingset: timestamp_bits=40 max_order=19 bucket_order=0
[    2.192776][    T1] DLM installed
[    2.195146][    T1] squashfs: version 4.0 (2009/01/31) Phillip Lougher
[    2.201650][    T1] NFS: Registering the id_resolver key type
[    2.202578][    T1] Key type id_resolver registered
[    2.203181][    T1] Key type id_legacy registered
[    2.203831][    T1] nfs4filelayout_init: NFSv4 File Layout Driver Registering...
[    2.204774][    T1] nfs4flexfilelayout_init: NFSv4 Flexfile Layout Driver Registering...
[    2.245335][    T1] Key type cifs.spnego registered
[    2.246087][    T1] Key type cifs.idmap registered
[    2.247958][    T1] ntfs3: Enabled Linux POSIX ACLs support
[    2.248630][    T1] ntfs3: Read-only LZX/Xpress compression included
[    2.249498][    T1] efs: 1.0a - http://aeschi.ch.eu.org/efs/
[    2.250212][    T1] jffs2: version 2.2. (NAND) (SUMMARY)  © 2001-2006 Red Hat, Inc.
[    2.251688][    T1] romfs: ROMFS MTD (C) 2007 Red Hat, Inc.
[    2.252418][    T1] QNX4 filesystem 0.2.3 registered.
[    2.253067][    T1] qnx6: QNX6 filesystem 1.0.0 registered.
[    2.254247][    T1] fuse: init (API version 7.45)
[    2.256780][    T1] orangefs_debugfs_init: called with debug mask: :none: :0:
[    2.258180][    T1] orangefs_init: module version upstream loaded
[    2.259277][    T1] JFS: nTxBlock = 8192, nTxLock = 65536
[    2.335560][    T1] SGI XFS with ACLs, security attributes, realtime, quota, no debug enabled
[    2.338772][    T1] 9p: Installing v9fs 9p2000 file system support
[    2.339783][    T1] NILFS version 2 loaded
[    2.340287][    T1] befs: version: 0.9.3
[    2.341110][    T1] ocfs2: Registered cluster interface o2cb
[    2.342343][    T1] ocfs2: Registered cluster interface user
[    2.343523][    T1] OCFS2 User DLM kernel interface loaded
[    2.400307][    T1] gfs2: GFS2 installed
[    2.417453][    T1] ceph: loaded (mds proto 32)
[    2.422451][    T1] cryptd: max_cpu_qlen set to 1000
[    2.448537][    T1] NET: Registered PF_ALG protocol family
[    2.449574][    T1] xor: automatically using best checksumming function   avx       
[    2.450739][    T1] async_tx: api initialized (async)
[    2.451506][    T1] Key type asymmetric registered
[    2.452211][    T1] Asymmetric key parser 'x509' registered
[    2.453061][    T1] Asymmetric key parser 'pkcs8' registered
[    2.453900][    T1] Key type pkcs7_test registered
[    2.455368][    T1] Block layer SCSI generic (bsg) driver version 0.4 loaded (major 239)
[    2.457323][    T1] io scheduler mq-deadline registered
[    2.458104][    T1] io scheduler kyber registered
[    2.459065][    T1] io scheduler bfq registered
[    2.468291][    T1] input: Power Button as /devices/platform/LNXPWRBN:00/input/input0
[    2.469934][    T1] ACPI: button: Power Button [PWRF]
[    2.475639][  T133] kworker/u8:1 (133) used greatest stack depth: 28304 bytes left
[    2.478282][  T142] kworker/u8:1 (142) used greatest stack depth: 28296 bytes left
[    2.484975][    T1] ioatdma: Intel(R) QuickData Technology Driver 5.00
[    2.555711][  T289] kworker/u8:5 (289) used greatest stack depth: 27824 bytes left
[    2.891610][    T1] N_HDLC line discipline registered with maxframe=4096
[    2.892495][    T1] Serial: 8250/16550 driver, 4 ports, IRQ sharing enabled
[    2.895216][    T1] 00:04: ttyS0 at I/O 0x3f8 (irq = 4, base_baud = 115200) is a 16550A
[    2.914050][    T1] Non-volatile memory driver v1.3
[    2.914759][    T1] Linux agpgart interface v0.103
[    2.916770][    T1] usbcore: registered new interface driver xillyusb
[    2.919045][    T1] ACPI: bus type drm_connector registered
[    2.922202][    T1] [drm] Initialized vgem 1.0.0 for vgem on minor 0
[    2.992941][    T1] [drm] Initialized vkms 1.0.0 for vkms on minor 1
[    3.064413][    T1] Console: switching to colour frame buffer device 128x48
[    3.147374][    T1] faux_driver vkms: [drm] fb0: vkmsdrmfb frame buffer device
[    3.149975][    T1] usbcore: registered new interface driver udl
[    3.155915][    T1] bochs-drm 0000:00:02.0: vgaarb: deactivate vga console
[    3.159847][    T1] [drm] Found bochs VGA, ID 0xb0c5.
[    3.159868][    T1] [drm] Framebuffer size 16384 kB @ 0xfd000000, mmio @ 0xfebf0000.
[    3.171708][    T1] [drm] Initialized bochs-drm 1.0.0 for 0000:00:02.0 on minor 2
[    3.193033][    T1] fbcon: bochs-drmdrmfb (fb1) is primary device
[    3.193048][    T1] fbcon: Remapping primary device, fb1, to tty 1-63
[    5.935451][   T28] Callback from call_rcu_tasks() invoked.
[    8.136348][    T1] bochs-drm 0000:00:02.0: [drm] fb1: bochs-drmdrmfb frame buffer device
[    8.139576][    T1] usbcore: registered new interface driver gm12u320
[    8.141488][    T1] usbcore: registered new interface driver gud
[    8.205420][    T1] brd: module loaded
[    8.257029][    T1] loop: module loaded
[    8.439335][    T1] zram: Added device: zram0
[    8.445028][    T1] null_blk: disk nullb0 created
[    8.445639][    T1] null_blk: module loaded
[    8.446812][    T1] Guest personality initialized and is inactive
[    8.447923][    T1] VMCI host device registered (name=vmci, major=10, minor=266)
[    8.448803][    T1] Initialized host personality
[    8.449541][    T1] usbcore: registered new interface driver rtsx_usb
[    8.451657][    T1] usbcore: registered new interface driver viperboard
[    8.453062][    T1] usbcore: registered new interface driver dln2
[    8.454704][    T1] usbcore: registered new interface driver pn533_usb
[    8.457946][    T1] nfcsim 0.2 initialized
[    8.458791][    T1] usbcore: registered new interface driver port100
[    8.459816][    T1] usbcore: registered new interface driver nfcmrvl
[    8.462694][    T1] Loading iSCSI transport class v2.0-870.
[    8.469486][    T1] st: Version 20160209, fixed bufsize 32768, s/g segs 256
[    8.500980][    T1] scsi host0: ata_piix
[    8.504512][    T1] scsi host1: ata_piix
[    8.507435][    T1] ata1: PATA max MWDMA2 cmd 0x1f0 ctl 0x3f6 bmdma 0xc000 irq 14 lpm-pol 0
[    8.508638][    T1] ata2: PATA max MWDMA2 cmd 0x170 ctl 0x376 bmdma 0xc008 irq 15 lpm-pol 0
[    8.514241][    T1] Rounding down aligned max_sectors from 4294967295 to 4294967288
[    8.515794][    T1] db_root: cannot open: /etc/target
[    8.517776][    T1] slram: not enough parameters.
[    8.523672][    T1] ftl_cs: FTL header not found.
[    8.549675][    T1] wireguard: WireGuard 1.0.0 loaded. See www.wireguard.com for information.
[    8.550711][    T1] wireguard: Copyright (C) 2015-2019 Jason A. Donenfeld <Jason@zx2c4.com>. All Rights Reserved.
[    8.551908][    T1] eql: Equalizer2002: Simon Janes (simon@ncm.com) and David S. Miller (davem@redhat.com)
[    8.560903][    T1] MACsec IEEE 802.1AE
[    8.569905][    T1] usbcore: registered new interface driver mvusb_mdio
[    8.571056][    T1] tun: Universal TUN/TAP device driver, 1.6
[    8.572959][    T1] vcan: Virtual CAN interface driver
[    8.573610][    T1] vxcan: Virtual CAN Tunnel driver
[    8.574281][    T1] slcan: serial line CAN interface driver
[    8.574964][    T1] CAN device driver interface
[    8.575888][    T1] usbcore: registered new interface driver usb_8dev
[    8.576863][    T1] usbcore: registered new interface driver ems_usb
[    8.577810][    T1] usbcore: registered new interface driver esd_usb
[    8.578753][    T1] usbcore: registered new interface driver etas_es58x
[    8.579722][    T1] usbcore: registered new interface driver f81604
[    8.580647][    T1] usbcore: registered new interface driver gs_usb
[    8.581567][    T1] usbcore: registered new interface driver kvaser_usb
[    8.582546][    T1] usbcore: registered new interface driver mcba_usb
[    8.583556][    T1] usbcore: registered new interface driver peak_usb
[    8.584689][    T1] usbcore: registered new interface driver ucan
[    8.586941][    T1] e100: Intel(R) PRO/100 Network Driver
[    8.587654][    T1] e100: Copyright(c) 1999-2006 Intel Corporation
[    8.588888][    T1] e1000: Intel(R) PRO/1000 Network Driver
[    8.589715][    T1] e1000: Copyright (c) 1999-2006 Intel Corporation.
[    8.590869][    T1] e1000e: Intel(R) PRO/1000 Network Driver
[    8.591574][    T1] e1000e: Copyright(c) 1999 - 2015 Intel Corporation.
[    8.593043][    T1] mkiss: AX.25 Multikiss, Hans Albas PE1AYX
[    8.593754][    T1] AX.25: bpqether driver version 004
[    8.594362][    T1] PPP generic driver version 2.4.2
[    8.595576][    T1] PPP BSD Compression module registered
[    8.596231][    T1] PPP Deflate Compression module registered
[    8.596911][    T1] PPP MPPE Compression module registered
[    8.597640][    T1] NET: Registered PF_PPPOX protocol family
[    8.598342][    T1] PPTP driver version 0.8.5
[    8.600870][    T1] SLIP: version 0.8.4-NET3.019-NEWTTY (dynamic channels, max=256) (6 bit encapsulation enabled).
[    8.602092][    T1] CSLIP: code copyright 1989 Regents of the University of California.
[    8.603042][    T1] SLIP linefill/keepalive option.
[    8.603628][    T1] hdlc: HDLC support module revision 1.22
[    8.604302][    T1] LAPB Ethernet driver version 0.02
[    8.605510][    T1] usbcore: registered new interface driver ath9k_htc
[    8.606488][    T1] usbcore: registered new interface driver carl9170
[    8.607470][    T1] usbcore: registered new interface driver ath6kl_usb
[    8.608450][    T1] usbcore: registered new interface driver ar5523
[    8.609939][    T1] usbcore: registered new interface driver ath10k_usb
[    8.611256][    T1] usbcore: registered new interface driver plfxlc
[    8.612453][    T1] mac80211_hwsim: initializing netlink
[    8.638140][    T1] usbcore: registered new interface driver atusb
[    8.649970][    T1] mac802154_hwsim mac802154_hwsim: Added 2 mac802154 hwsim hardware radios
[    8.651735][    T1] VMware vmxnet3 virtual NIC driver - version 1.9.0.0-k-NAPI
[    8.653455][    T1] usbcore: registered new interface driver catc
[    8.654652][    T1] usbcore: registered new interface driver kaweth
[    8.655648][    T1] pegasus: Pegasus/Pegasus II USB Ethernet driver
[    8.656947][    T1] usbcore: registered new interface driver pegasus
[    8.658174][    T1] usbcore: registered new interface driver rtl8150
[    8.659235][    T1] usbcore: registered new device driver r8152-cfgselector
[    8.660567][    T1] usbcore: registered new interface driver r8152
[    8.661840][    T1] usbcore: registered new interface driver hso
[    8.663036][    T1] usbcore: registered new interface driver lan78xx
[    8.664300][    T1] usbcore: registered new interface driver asix
[    8.665398][ T1016] ata2: found unknown device (class 0)
[    8.667093][    T1] usbcore: registered new interface driver ax88179_178a
[    8.668310][ T1016] ata2.00: ATAPI: QEMU DVD-ROM, 2.5+, max UDMA/100
[    8.668680][    T1] usbcore: registered new interface driver cdc_ether
[    8.670380][    T1] usbcore: registered new interface driver cdc_eem
[    8.672871][   T58] scsi 1:0:0:0: CD-ROM            QEMU     QEMU DVD-ROM     2.5+ PQ: 0 ANSI: 5
[    8.674298][    T1] usbcore: registered new interface driver dm9601
[    8.675654][    T1] usbcore: registered new interface driver sr9700
[    8.676743][    T1] usbcore: registered new interface driver CoreChips
[    8.679819][    T1] usbcore: registered new interface driver smsc75xx
[    8.681402][    T1] usbcore: registered new interface driver smsc95xx
[    8.682744][    T1] usbcore: registered new interface driver gl620a
[    8.683984][    T1] usbcore: registered new interface driver net1080
[    8.685573][    T1] usbcore: registered new interface driver plusb
[    8.686802][    T1] usbcore: registered new interface driver rndis_host
[    8.688532][    T1] usbcore: registered new interface driver cdc_subset
[    8.689817][    T1] usbcore: registered new interface driver zaurus
[    8.691036][    T1] usbcore: registered new interface driver MOSCHIP usb-ethernet driver
[    8.692599][    T1] usbcore: registered new interface driver int51x1
[    8.693859][    T1] usbcore: registered new interface driver cdc_phonet
[    8.695312][    T1] usbcore: registered new interface driver kalmia
[    8.696541][    T1] usbcore: registered new interface driver ipheth
[    8.697781][    T1] usbcore: registered new interface driver sierra_net
[    8.699055][    T1] usbcore: registered new interface driver cx82310_eth
[    8.700390][    T1] usbcore: registered new interface driver cdc_ncm
[    8.701663][    T1] usbcore: registered new interface driver huawei_cdc_ncm
[    8.703071][    T1] usbcore: registered new interface driver lg-vl600
[    8.704408][    T1] usbcore: registered new interface driver qmi_wwan
[    8.705790][    T1] usbcore: registered new interface driver cdc_mbim
[    8.707095][    T1] usbcore: registered new interface driver ch9200
[    8.708321][    T1] usbcore: registered new interface driver aqc111
[    8.709551][    T1] usbcore: registered new interface driver r8153_ecm
[    8.713061][    T1] VFIO - User Level meta-driver version: 0.3
[    8.718013][    T1] aoe: AoE v85 initialised.
[    8.729698][    T1] usbcore: registered new interface driver cdc_acm
[    8.730632][    T1] cdc_acm: USB Abstract Control Model driver for USB modems and ISDN adapters
[    8.731887][    T1] usbcore: registered new interface driver usblp
[    8.732818][    T1] usbcore: registered new interface driver cdc_wdm
[    8.733780][    T1] usbcore: registered new interface driver usbtmc
[    8.735128][    T1] usbcore: registered new interface driver uas
[    8.736218][    T1] usbcore: registered new interface driver usb-storage
[    8.737269][    T1] usbcore: registered new interface driver ums-alauda
[    8.738230][    T1] usbcore: registered new interface driver ums-cypress
[    8.739220][    T1] usbcore: registered new interface driver ums-datafab
[    8.740209][    T1] usbcore: registered new interface driver ums_eneub6250
[    8.741508][    T1] usbcore: registered new interface driver ums-freecom
[    8.742476][    T1] usbcore: registered new interface driver ums-isd200
[    8.743435][    T1] usbcore: registered new interface driver ums-jumpshot
[    8.744409][    T1] usbcore: registered new interface driver ums-karma
[    8.745383][    T1] usbcore: registered new interface driver ums-onetouch
[    8.746360][    T1] usbcore: registered new interface driver ums-realtek
[    8.747342][    T1] usbcore: registered new interface driver ums-sddr09
[    8.748306][    T1] usbcore: registered new interface driver ums-sddr55
[    8.749280][    T1] usbcore: registered new interface driver ums-usbat
[    8.750297][    T1] usbcore: registered new interface driver mdc800
[    8.751053][    T1] mdc800: v0.7.5 (30/10/2000):USB Driver for Mustek MDC800 Digital Camera
[    8.752226][    T1] usbcore: registered new interface driver microtekX6
[    8.753376][    T1] usbcore: registered new interface driver usbserial_generic
[    8.754469][    T1] usbserial: USB Serial support registered for generic
[    8.755468][    T1] usbcore: registered new interface driver aircable
[    8.756393][    T1] usbserial: USB Serial support registered for aircable
[    8.757340][    T1] usbcore: registered new interface driver ark3116
[    8.758176][    T1] usbserial: USB Serial support registered for ark3116
[    8.759116][    T1] usbcore: registered new interface driver belkin_sa
[    8.759973][    T1] usbserial: USB Serial support registered for Belkin / Peracom / GoHubs USB Serial Adapter
[    8.761268][    T1] usbcore: registered new interface driver ch341
[    8.762076][    T1] usbserial: USB Serial support registered for ch341-uart
[    8.763042][    T1] usbcore: registered new interface driver cp210x
[    8.763858][    T1] usbserial: USB Serial support registered for cp210x
[    8.764766][    T1] usbcore: registered new interface driver cyberjack
[    8.765744][    T1] usbserial: USB Serial support registered for Reiner SCT Cyberjack USB card reader
[    8.766974][    T1] usbcore: registered new interface driver cypress_m8
[    8.767870][    T1] usbserial: USB Serial support registered for DeLorme Earthmate USB
[    8.768879][    T1] usbserial: USB Serial support registered for HID->COM RS232 Adapter
[    8.769905][    T1] usbserial: USB Serial support registered for Nokia CA-42 V2 Adapter
[    8.771001][    T1] usbcore: registered new interface driver usb_debug
[    8.771897][    T1] usbserial: USB Serial support registered for debug
[    8.773020][    T1] usbserial: USB Serial support registered for xhci_dbc
[    8.773973][    T1] usbcore: registered new interface driver digi_acceleport
[    8.776432][    T1] usbserial: USB Serial support registered for Digi 2 port USB adapter
[    8.777484][    T1] usbserial: USB Serial support registered for Digi 4 port USB adapter
[    8.778600][    T1] usbcore: registered new interface driver io_edgeport
[    8.779571][    T1] usbserial: USB Serial support registered for Edgeport 2 port adapter
[    8.780832][    T1] usbserial: USB Serial support registered for Edgeport 4 port adapter
[    8.782070][    T1] usbserial: USB Serial support registered for Edgeport 8 port adapter
[    8.783321][    T1] usbserial: USB Serial support registered for EPiC device
[    8.784494][    T1] usbcore: registered new interface driver io_ti
[    8.785595][    T1] usbserial: USB Serial support registered for Edgeport TI 1 port adapter
[    8.786960][    T1] usbserial: USB Serial support registered for Edgeport TI 2 port adapter
[    8.788085][   T58] sr 1:0:0:0: [sr0] scsi3-mmc drive: 4x/4x cd/rw xa/form2 tray
[    8.788320][    T1] usbcore: registered new interface driver empeg
[    8.789284][   T58] cdrom: Uniform CD-ROM driver Revision: 3.20
[    8.790034][    T1] usbserial: USB Serial support registered for empeg
[    8.792047][    T1] usbcore: registered new interface driver f81534a_ctrl
[    8.793152][    T1] usbcore: registered new interface driver f81232
[    8.794080][    T1] usbserial: USB Serial support registered for f81232
[    8.795041][    T1] usbserial: USB Serial support registered for f81534a
[    8.796160][    T1] usbcore: registered new interface driver f81534
[    8.797079][    T1] usbserial: USB Serial support registered for Fintek F81532/F81534
[    8.798260][    T1] usbcore: registered new interface driver ftdi_sio
[    8.799154][    T1] usbserial: USB Serial support registered for FTDI USB Serial Device
[    8.800464][    T1] usbcore: registered new interface driver garmin_gps
[    8.801515][    T1] usbserial: USB Serial support registered for Garmin GPS usb/tty
[    8.802769][    T1] usbcore: registered new interface driver ipaq
[    8.803734][    T1] usbserial: USB Serial support registered for PocketPC PDA
[    8.804932][    T1] usbcore: registered new interface driver ipw
[    8.807458][    T1] usbserial: USB Serial support registered for IPWireless converter
[    8.808773][    T1] usbcore: registered new interface driver ir_usb
[    8.809793][    T1] usbserial: USB Serial support registered for IR Dongle
[    8.810942][    T1] usbcore: registered new interface driver iuu_phoenix
[    8.812096][    T1] usbserial: USB Serial support registered for iuu_phoenix
[    8.813271][    T1] usbcore: registered new interface driver keyspan
[    8.814280][    T1] usbserial: USB Serial support registered for Keyspan - (without firmware)
[    8.816022][    T1] usbserial: USB Serial support registered for Keyspan 1 port adapter
[    8.817311][    T1] usbserial: USB Serial support registered for Keyspan 2 port adapter
[    8.818627][    T1] usbserial: USB Serial support registered for Keyspan 4 port adapter
[    8.819957][    T1] usbcore: registered new interface driver keyspan_pda
[    8.821014][    T1] usbserial: USB Serial support registered for Keyspan PDA
[    8.822114][    T1] usbserial: USB Serial support registered for Keyspan PDA - (prerenumeration)
[    8.823595][    T1] usbcore: registered new interface driver kl5kusb105
[    8.824635][    T1] usbserial: USB Serial support registered for KL5KUSB105D / PalmConnect
[    8.825906][    T1] usbcore: registered new interface driver kobil_sct
[    8.826410][   T58] sr 1:0:0:0: Attached scsi generic sg0 type 5
[    8.826978][    T1] usbserial: USB Serial support registered for KOBIL USB smart card terminal
[    8.828976][    T1] usbcore: registered new interface driver mct_u232
[    8.829995][    T1] usbserial: USB Serial support registered for MCT U232
[    8.831135][    T1] usbcore: registered new interface driver metro_usb
[    8.832167][    T1] usbserial: USB Serial support registered for Metrologic USB to Serial
[    8.833494][    T1] usbcore: registered new interface driver mos7720
[    8.834501][    T1] usbserial: USB Serial support registered for Moschip 2 port adapter
[    8.835824][    T1] usbcore: registered new interface driver mos7840
[    8.836863][    T1] usbserial: USB Serial support registered for Moschip 7840/7820 USB Serial Driver
[    8.838317][    T1] usbcore: registered new interface driver mxuport
[    8.839346][    T1] usbserial: USB Serial support registered for MOXA UPort
[    8.840513][    T1] usbcore: registered new interface driver navman
[    8.841513][    T1] usbserial: USB Serial support registered for navman
[    8.842621][    T1] usbcore: registered new interface driver omninet
[    8.843625][    T1] usbserial: USB Serial support registered for ZyXEL - omni.net usb
[    8.844896][    T1] usbcore: registered new interface driver opticon
[    8.846114][    T1] usbserial: USB Serial support registered for opticon
[    8.847242][    T1] usbcore: registered new interface driver option
[    8.848250][    T1] usbserial: USB Serial support registered for GSM modem (1-port)
[    8.849506][    T1] usbcore: registered new interface driver oti6858
[    8.850525][    T1] usbserial: USB Serial support registered for oti6858
[    8.851680][    T1] usbcore: registered new interface driver pl2303
[    8.852609][    T1] usbserial: USB Serial support registered for pl2303
[    8.853655][    T1] usbcore: registered new interface driver qcaux
[    8.854579][    T1] usbserial: USB Serial support registered for qcaux
[    8.855689][    T1] usbcore: registered new interface driver qcserial
[    8.856641][    T1] usbserial: USB Serial support registered for Qualcomm USB modem
[    8.857789][    T1] usbcore: registered new interface driver quatech2
[    8.859190][    T1] usbserial: USB Serial support registered for Quatech 2nd gen USB to Serial Driver
[    8.860505][    T1] usbcore: registered new interface driver safe_serial
[    8.861488][    T1] usbserial: USB Serial support registered for safe_serial
[    8.862569][    T1] usbcore: registered new interface driver sierra
[    8.863492][    T1] usbserial: USB Serial support registered for Sierra USB modem
[    8.864627][    T1] usbcore: registered new interface driver usb_serial_simple
[    8.865709][    T1] usbserial: USB Serial support registered for carelink
[    8.866704][    T1] usbserial: USB Serial support registered for flashloader
[    8.867705][    T1] usbserial: USB Serial support registered for funsoft
[    8.868668][    T1] usbserial: USB Serial support registered for google
[    8.869619][    T1] usbserial: USB Serial support registered for hp4x
[    8.870567][    T1] usbserial: USB Serial support registered for kaufmann
[    8.871537][    T1] usbserial: USB Serial support registered for libtransistor
[    8.872618][    T1] usbserial: USB Serial support registered for moto_modem
[    8.873637][    T1] usbserial: USB Serial support registered for motorola_tetra
[    8.874702][    T1] usbserial: USB Serial support registered for nokia
[    8.875650][    T1] usbserial: USB Serial support registered for novatel_gps
[    8.876763][    T1] usbserial: USB Serial support registered for owon
[    8.877776][    T1] usbserial: USB Serial support registered for siemens_mpi
[    8.878708][    T1] usbserial: USB Serial support registered for suunto
[    8.879756][    T1] usbserial: USB Serial support registered for vivopay
[    8.880755][    T1] usbserial: USB Serial support registered for zio
[    8.881771][    T1] usbcore: registered new interface driver spcp8x5
[    8.882769][    T1] usbserial: USB Serial support registered for SPCP8x5
[    8.883759][    T1] usbcore: registered new interface driver ssu100
[    8.884609][    T1] usbserial: USB Serial support registered for Quatech SSU-100 USB to Serial Driver
[    8.885872][    T1] usbcore: registered new interface driver symbolserial
[    8.886902][    T1] usbserial: USB Serial support registered for symbol
[    8.887997][    T1] usbcore: registered new interface driver ti_usb_3410_5052
[    8.889067][    T1] usbserial: USB Serial support registered for TI USB 3410 1 port adapter
[    8.890269][    T1] usbserial: USB Serial support registered for TI USB 5052 2 port adapter
[    8.891501][    T1] usbcore: registered new interface driver upd78f0730
[    8.892452][    T1] usbserial: USB Serial support registered for upd78f0730
[    8.893445][    T1] usbcore: registered new interface driver visor
[    8.894271][    T1] usbserial: USB Serial support registered for Handspring Visor / Palm OS
[    8.895536][    T1] usbserial: USB Serial support registered for Sony Clie 5.0
[    8.896580][    T1] usbserial: USB Serial support registered for Sony Clie 3.5
[    8.897754][    T1] usbcore: registered new interface driver wishbone_serial
[    8.898836][    T1] usbserial: USB Serial support registered for wishbone_serial
[    8.899949][    T1] usbcore: registered new interface driver whiteheat
[    8.900902][    T1] usbserial: USB Serial support registered for Connect Tech - WhiteHEAT - (prerenumeration)
[    8.902232][    T1] usbserial: USB Serial support registered for Connect Tech - WhiteHEAT
[    8.903466][    T1] usbcore: registered new interface driver xr_serial
[    8.904431][    T1] usbserial: USB Serial support registered for xr_serial
[    8.905509][    T1] usbcore: registered new interface driver xsens_mt
[    8.906440][    T1] usbserial: USB Serial support registered for xsens_mt
[    8.907559][    T1] usbcore: registered new interface driver adutux
[    8.908592][    T1] usbcore: registered new interface driver appledisplay
[    8.909721][    T1] usbcore: registered new interface driver cypress_cy7c63
[    8.910929][    T1] usbcore: registered new interface driver cytherm
[    8.911994][    T1] usbcore: registered new interface driver emi26 - firmware loader
[    8.913266][    T1] usbcore: registered new interface driver emi62 - firmware loader
[    8.914391][    T1] usbcore: registered new device driver apple-mfi-fastcharge
[    8.915588][    T1] usbcore: registered new interface driver ljca
[    8.916620][    T1] usbcore: registered new interface driver idmouse
[    8.917691][    T1] usbcore: registered new interface driver iowarrior
[    8.918777][    T1] usbcore: registered new interface driver isight_firmware
[    8.919902][    T1] usbcore: registered new interface driver usblcd
[    8.920939][    T1] usbcore: registered new interface driver ldusb
[    8.921975][    T1] usbcore: registered new interface driver legousbtower
[    8.923083][    T1] usbcore: registered new interface driver usbtest
[    8.924137][    T1] usbcore: registered new interface driver usb_ehset_test
[    8.925296][    T1] usbcore: registered new interface driver trancevibrator
[    8.926439][    T1] usbcore: registered new interface driver uss720
[    8.927271][    T1] uss720: USB Parport Cable driver for Cables using the Lucent Technologies USS720 Chip
[    8.928437][    T1] uss720: NOTE: this is a special purpose driver to allow nonstandard
[    8.929411][    T1] uss720: protocols (eg. bitbang) over USS720 usb to parallel cables
[    8.930384][    T1] uss720: If you just want to connect to a printer, use usblp instead
[    8.931580][    T1] usbcore: registered new interface driver usbsevseg
[    8.932674][    T1] usbcore: registered new interface driver yurex
[    8.934506][    T1] usbcore: registered new interface driver chaoskey
[    8.935802][    T1] usbcore: registered new interface driver sisusb
[    8.936861][    T1] usbcore: registered new interface driver lvs
[    8.937940][    T1] usbcore: registered new interface driver cxacru
[    8.939000][    T1] usbcore: registered new interface driver speedtch
[    8.940101][    T1] usbcore: registered new interface driver ueagle-atm
[    8.940981][    T1] xusbatm: malformed module parameters
[    8.943814][    T1] dummy_hcd dummy_hcd.0: USB Host+Gadget Emulator, driver 02 May 2005
[    8.945445][    T1] dummy_hcd dummy_hcd.0: Dummy host controller
[    8.947248][    T1] dummy_hcd dummy_hcd.0: new USB bus registered, assigned bus number 1
[    8.949535][    T1] usb usb1: New USB device found, idVendor=1d6b, idProduct=0002, bcdDevice= 6.19
[    8.950867][    T1] usb usb1: New USB device strings: Mfr=3, Product=2, SerialNumber=1
[    8.952013][    T1] usb usb1: Product: Dummy host controller
[    8.952742][    T1] usb usb1: Manufacturer: Linux 6.19.0-next-20260212-gaf98e93c5c39-dirty dummy_hcd
[    8.953879][    T1] usb usb1: SerialNumber: dummy_hcd.0
[    8.957929][    T1] hub 1-0:1.0: USB hub found
[    8.958819][    T1] hub 1-0:1.0: 1 port detected
[    8.965202][    T1] SPI driver max3420-udc has no spi_device_id for maxim,max3421-udc
[    8.966554][    T1] gadgetfs: USB Gadget filesystem, version 24 Aug 2004
[    8.968597][    T1] vhci_hcd vhci_hcd.0: USB/IP Virtual Host Controller
[    8.970056][    T1] vhci_hcd vhci_hcd.0: new USB bus registered, assigned bus number 2
[    8.971535][    T1] vhci_hcd vhci_hcd.0: created sysfs vhci_hcd.0
[    8.973003][    T1] usb usb2: New USB device found, idVendor=1d6b, idProduct=0002, bcdDevice= 6.19
[    8.974098][    T1] usb usb2: New USB device strings: Mfr=3, Product=2, SerialNumber=1
[    8.975070][    T1] usb usb2: Product: USB/IP Virtual Host Controller
[    8.975943][    T1] usb usb2: Manufacturer: Linux 6.19.0-next-20260212-gaf98e93c5c39-dirty vhci_hcd
[    8.977047][    T1] usb usb2: SerialNumber: vhci_hcd.0
[    8.979879][    T1] hub 2-0:1.0: USB hub found
[    8.980642][    T1] hub 2-0:1.0: 8 ports detected
[    8.988100][    T1] vhci_hcd vhci_hcd.0: USB/IP Virtual Host Controller
[    8.989805][    T1] vhci_hcd vhci_hcd.0: new USB bus registered, assigned bus number 3
[    8.991053][    T1] usb usb3: We don't know the algorithms for LPM for this host, disabling LPM.
[    8.992787][    T1] usb usb3: New USB device found, idVendor=1d6b, idProduct=0003, bcdDevice= 6.19
[    8.994010][    T1] usb usb3: New USB device strings: Mfr=3, Product=2, SerialNumber=1
[    8.994969][    T1] usb usb3: Product: USB/IP Virtual Host Controller
[    8.995788][    T1] usb usb3: Manufacturer: Linux 6.19.0-next-20260212-gaf98e93c5c39-dirty vhci_hcd
[    8.996883][    T1] usb usb3: SerialNumber: vhci_hcd.0
[    8.999918][    T1] hub 3-0:1.0: USB hub found
[    9.000832][    T1] hub 3-0:1.0: 8 ports detected
[    9.011595][    T1] vhci_hcd vhci_hcd.1: USB/IP Virtual Host Controller
[    9.013215][    T1] vhci_hcd vhci_hcd.1: new USB bus registered, assigned bus number 4
[    9.014981][    T1] usb usb4: New USB device found, idVendor=1d6b, idProduct=0002, bcdDevice= 6.19
[    9.016079][    T1] usb usb4: New USB device strings: Mfr=3, Product=2, SerialNumber=1
[    9.017021][    T1] usb usb4: Product: USB/IP Virtual Host Controller
[    9.017799][    T1] usb usb4: Manufacturer: Linux 6.19.0-next-20260212-gaf98e93c5c39-dirty vhci_hcd
[    9.018882][    T1] usb usb4: SerialNumber: vhci_hcd.1
[    9.021645][    T1] hub 4-0:1.0: USB hub found
[    9.022430][    T1] hub 4-0:1.0: 8 ports detected
[    9.030883][    T1] vhci_hcd vhci_hcd.1: USB/IP Virtual Host Controller
[    9.032457][    T1] vhci_hcd vhci_hcd.1: new USB bus registered, assigned bus number 5
[    9.033695][    T1] usb usb5: We don't know the algorithms for LPM for this host, disabling LPM.
[    9.035550][    T1] usb usb5: New USB device found, idVendor=1d6b, idProduct=0003, bcdDevice= 6.19
[    9.036749][    T1] usb usb5: New USB device strings: Mfr=3, Product=2, SerialNumber=1
[    9.037711][    T1] usb usb5: Product: USB/IP Virtual Host Controller
[    9.038503][    T1] usb usb5: Manufacturer: Linux 6.19.0-next-20260212-gaf98e93c5c39-dirty vhci_hcd
[    9.039589][    T1] usb usb5: SerialNumber: vhci_hcd.1
[    9.042164][    T1] hub 5-0:1.0: USB hub found
[    9.042876][    T1] hub 5-0:1.0: 8 ports detected
[    9.052819][    T1] vhci_hcd vhci_hcd.2: USB/IP Virtual Host Controller
[    9.054499][    T1] vhci_hcd vhci_hcd.2: new USB bus registered, assigned bus number 6
[    9.056193][    T1] usb usb6: New USB device found, idVendor=1d6b, idProduct=0002, bcdDevice= 6.19
[    9.057278][    T1] usb usb6: New USB device strings: Mfr=3, Product=2, SerialNumber=1
[    9.058308][    T1] usb usb6: Product: USB/IP Virtual Host Controller
[    9.059220][    T1] usb usb6: Manufacturer: Linux 6.19.0-next-20260212-gaf98e93c5c39-dirty vhci_hcd
[    9.060328][    T1] usb usb6: SerialNumber: vhci_hcd.2
[    9.063023][    T1] hub 6-0:1.0: USB hub found
[    9.063723][    T1] hub 6-0:1.0: 8 ports detected
[    9.071231][    T1] vhci_hcd vhci_hcd.2: USB/IP Virtual Host Controller
[    9.072706][    T1] vhci_hcd vhci_hcd.2: new USB bus registered, assigned bus number 7
[    9.074033][    T1] usb usb7: We don't know the algorithms for LPM for this host, disabling LPM.
[    9.075781][    T1] usb usb7: New USB device found, idVendor=1d6b, idProduct=0003, bcdDevice= 6.19
[    9.076896][    T1] usb usb7: New USB device strings: Mfr=3, Product=2, SerialNumber=1
[    9.077885][    T1] usb usb7: Product: USB/IP Virtual Host Controller
[    9.078687][    T1] usb usb7: Manufacturer: Linux 6.19.0-next-20260212-gaf98e93c5c39-dirty vhci_hcd
[    9.079780][    T1] usb usb7: SerialNumber: vhci_hcd.2
[    9.082662][    T1] hub 7-0:1.0: USB hub found
[    9.083430][    T1] hub 7-0:1.0: 8 ports detected
[    9.092715][    T1] vhci_hcd vhci_hcd.3: USB/IP Virtual Host Controller
[    9.094472][    T1] vhci_hcd vhci_hcd.3: new USB bus registered, assigned bus number 8
[    9.096672][    T1] usb usb8: New USB device found, idVendor=1d6b, idProduct=0002, bcdDevice= 6.19
[    9.097906][    T1] usb usb8: New USB device strings: Mfr=3, Product=2, SerialNumber=1
[    9.098914][    T1] usb usb8: Product: USB/IP Virtual Host Controller
[    9.099886][    T1] usb usb8: Manufacturer: Linux 6.19.0-next-20260212-gaf98e93c5c39-dirty vhci_hcd
[    9.101209][    T1] usb usb8: SerialNumber: vhci_hcd.3
[    9.104541][    T1] hub 8-0:1.0: USB hub found
[    9.105321][    T1] hub 8-0:1.0: 8 ports detected
[    9.112816][    T1] vhci_hcd vhci_hcd.3: USB/IP Virtual Host Controller
[    9.115809][    T1] vhci_hcd vhci_hcd.3: new USB bus registered, assigned bus number 9
[    9.117123][    T1] usb usb9: We don't know the algorithms for LPM for this host, disabling LPM.
[    9.118854][    T1] usb usb9: New USB device found, idVendor=1d6b, idProduct=0003, bcdDevice= 6.19
[    9.119924][    T1] usb usb9: New USB device strings: Mfr=3, Product=2, SerialNumber=1
[    9.120880][    T1] usb usb9: Product: USB/IP Virtual Host Controller
[    9.121680][    T1] usb usb9: Manufacturer: Linux 6.19.0-next-20260212-gaf98e93c5c39-dirty vhci_hcd
[    9.122784][    T1] usb usb9: SerialNumber: vhci_hcd.3
[    9.126080][    T1] hub 9-0:1.0: USB hub found
[    9.126821][    T1] hub 9-0:1.0: 8 ports detected
[    9.136885][    T1] vhci_hcd vhci_hcd.4: USB/IP Virtual Host Controller
[    9.138686][    T1] vhci_hcd vhci_hcd.4: new USB bus registered, assigned bus number 10
[    9.140376][    T1] usb usb10: New USB device found, idVendor=1d6b, idProduct=0002, bcdDevice= 6.19
[    9.141469][    T1] usb usb10: New USB device strings: Mfr=3, Product=2, SerialNumber=1
[    9.142426][    T1] usb usb10: Product: USB/IP Virtual Host Controller
[    9.143212][    T1] usb usb10: Manufacturer: Linux 6.19.0-next-20260212-gaf98e93c5c39-dirty vhci_hcd
[    9.144293][    T1] usb usb10: SerialNumber: vhci_hcd.4
[    9.147518][    T1] hub 10-0:1.0: USB hub found
[    9.148382][    T1] hub 10-0:1.0: 8 ports detected
[    9.156880][    T1] vhci_hcd vhci_hcd.4: USB/IP Virtual Host Controller
[    9.158376][    T1] vhci_hcd vhci_hcd.4: new USB bus registered, assigned bus number 11
[    9.159674][    T1] usb usb11: We don't know the algorithms for LPM for this host, disabling LPM.
[    9.161309][    T1] usb usb11: New USB device found, idVendor=1d6b, idProduct=0003, bcdDevice= 6.19
[    9.162401][    T1] usb usb11: New USB device strings: Mfr=3, Product=2, SerialNumber=1
[    9.163379][    T1] usb usb11: Product: USB/IP Virtual Host Controller
[    9.164169][    T1] usb usb11: Manufacturer: Linux 6.19.0-next-20260212-gaf98e93c5c39-dirty vhci_hcd
[    9.165262][    T1] usb usb11: SerialNumber: vhci_hcd.4
[    9.168293][    T1] hub 11-0:1.0: USB hub found
[    9.169146][    T1] hub 11-0:1.0: 8 ports detected
[    9.178020][    T1] vhci_hcd vhci_hcd.5: USB/IP Virtual Host Controller
[    9.179482][    T1] vhci_hcd vhci_hcd.5: new USB bus registered, assigned bus number 12
[    9.181203][    T1] usb usb12: New USB device found, idVendor=1d6b, idProduct=0002, bcdDevice= 6.19
[    9.182286][    T1] usb usb12: New USB device strings: Mfr=3, Product=2, SerialNumber=1
[    9.183249][    T1] usb usb12: Product: USB/IP Virtual Host Controller
[    9.184027][    T1] usb usb12: Manufacturer: Linux 6.19.0-next-20260212-gaf98e93c5c39-dirty vhci_hcd
[    9.185111][    T1] usb usb12: SerialNumber: vhci_hcd.5
[    9.188065][    T1] hub 12-0:1.0: USB hub found
[    9.188859][    T1] hub 12-0:1.0: 8 ports detected
[    9.197104][    T1] vhci_hcd vhci_hcd.5: USB/IP Virtual Host Controller
[    9.198896][    T1] vhci_hcd vhci_hcd.5: new USB bus registered, assigned bus number 13
[    9.200358][    T1] usb usb13: We don't know the algorithms for LPM for this host, disabling LPM.
[    9.202009][    T1] usb usb13: New USB device found, idVendor=1d6b, idProduct=0003, bcdDevice= 6.19
[    9.203140][    T1] usb usb13: New USB device strings: Mfr=3, Product=2, SerialNumber=1
[    9.204120][    T1] usb usb13: Product: USB/IP Virtual Host Controller
[    9.204906][    T1] usb usb13: Manufacturer: Linux 6.19.0-next-20260212-gaf98e93c5c39-dirty vhci_hcd
[    9.206017][    T1] usb usb13: SerialNumber: vhci_hcd.5
[    9.208967][    T1] hub 13-0:1.0: USB hub found
[    9.209845][    T1] hub 13-0:1.0: 8 ports detected
[    9.218925][    T1] vhci_hcd vhci_hcd.6: USB/IP Virtual Host Controller
[    9.221070][    T1] vhci_hcd vhci_hcd.6: new USB bus registered, assigned bus number 14
[    9.222764][    T1] usb usb14: New USB device found, idVendor=1d6b, idProduct=0002, bcdDevice= 6.19
[    9.223862][    T1] usb usb14: New USB device strings: Mfr=3, Product=2, SerialNumber=1
[    9.224824][    T1] usb usb14: Product: USB/IP Virtual Host Controller
[    9.225721][    T1] usb usb14: Manufacturer: Linux 6.19.0-next-20260212-gaf98e93c5c39-dirty vhci_hcd
[    9.226917][    T1] usb usb14: SerialNumber: vhci_hcd.6
[    9.230063][    T1] hub 14-0:1.0: USB hub found
[    9.230955][    T1] hub 14-0:1.0: 8 ports detected
[    9.239698][    T1] vhci_hcd vhci_hcd.6: USB/IP Virtual Host Controller
[    9.241150][    T1] vhci_hcd vhci_hcd.6: new USB bus registered, assigned bus number 15
[    9.242580][    T1] usb usb15: We don't know the algorithms for LPM for this host, disabling LPM.
[    9.244375][    T1] usb usb15: New USB device found, idVendor=1d6b, idProduct=0003, bcdDevice= 6.19
[    9.245496][    T1] usb usb15: New USB device strings: Mfr=3, Product=2, SerialNumber=1
[    9.246467][    T1] usb usb15: Product: USB/IP Virtual Host Controller
[    9.247251][    T1] usb usb15: Manufacturer: Linux 6.19.0-next-20260212-gaf98e93c5c39-dirty vhci_hcd
[    9.248340][    T1] usb usb15: SerialNumber: vhci_hcd.6
[    9.251059][    T1] hub 15-0:1.0: USB hub found
[    9.251793][    T1] hub 15-0:1.0: 8 ports detected
[    9.262127][    T1] vhci_hcd vhci_hcd.7: USB/IP Virtual Host Controller
[    9.263586][    T1] vhci_hcd vhci_hcd.7: new USB bus registered, assigned bus number 16
[    9.265538][    T1] usb usb16: New USB device found, idVendor=1d6b, idProduct=0002, bcdDevice= 6.19
[    9.266727][    T1] usb usb16: New USB device strings: Mfr=3, Product=2, SerialNumber=1
[    9.267780][    T1] usb usb16: Product: USB/IP Virtual Host Controller
[    9.268630][    T1] usb usb16: Manufacturer: Linux 6.19.0-next-20260212-gaf98e93c5c39-dirty vhci_hcd
[    9.269818][    T1] usb usb16: SerialNumber: vhci_hcd.7
[    9.273005][    T1] hub 16-0:1.0: USB hub found
[    9.273866][    T1] hub 16-0:1.0: 8 ports detected
[    9.282908][    T1] vhci_hcd vhci_hcd.7: USB/IP Virtual Host Controller
[    9.284457][    T1] vhci_hcd vhci_hcd.7: new USB bus registered, assigned bus number 17
[    9.285718][    T1] usb usb17: We don't know the algorithms for LPM for this host, disabling LPM.
[    9.287632][    T1] usb usb17: New USB device found, idVendor=1d6b, idProduct=0003, bcdDevice= 6.19
[    9.288720][    T1] usb usb17: New USB device strings: Mfr=3, Product=2, SerialNumber=1
[    9.289683][    T1] usb usb17: Product: USB/IP Virtual Host Controller
[    9.290480][    T1] usb usb17: Manufacturer: Linux 6.19.0-next-20260212-gaf98e93c5c39-dirty vhci_hcd
[    9.291566][    T1] usb usb17: SerialNumber: vhci_hcd.7
[    9.295900][    T1] hub 17-0:1.0: USB hub found
[    9.296673][    T1] hub 17-0:1.0: 8 ports detected
[    9.307561][    T1] vhci_hcd vhci_hcd.8: USB/IP Virtual Host Controller
[    9.309130][    T1] vhci_hcd vhci_hcd.8: new USB bus registered, assigned bus number 18
[    9.310822][    T1] usb usb18: New USB device found, idVendor=1d6b, idProduct=0002, bcdDevice= 6.19
[    9.311937][    T1] usb usb18: New USB device strings: Mfr=3, Product=2, SerialNumber=1
[    9.312920][    T1] usb usb18: Product: USB/IP Virtual Host Controller
[    9.313717][    T1] usb usb18: Manufacturer: Linux 6.19.0-next-20260212-gaf98e93c5c39-dirty vhci_hcd
[    9.314929][    T1] usb usb18: SerialNumber: vhci_hcd.8
[    9.317996][    T1] hub 18-0:1.0: USB hub found
[    9.318825][    T1] hub 18-0:1.0: 8 ports detected
[    9.326912][    T1] vhci_hcd vhci_hcd.8: USB/IP Virtual Host Controller
[    9.328519][    T1] vhci_hcd vhci_hcd.8: new USB bus registered, assigned bus number 19
[    9.329762][    T1] usb usb19: We don't know the algorithms for LPM for this host, disabling LPM.
[    9.331434][    T1] usb usb19: New USB device found, idVendor=1d6b, idProduct=0003, bcdDevice= 6.19
[    9.332558][    T1] usb usb19: New USB device strings: Mfr=3, Product=2, SerialNumber=1
[    9.333527][    T1] usb usb19: Product: USB/IP Virtual Host Controller
[    9.334323][    T1] usb usb19: Manufacturer: Linux 6.19.0-next-20260212-gaf98e93c5c39-dirty vhci_hcd
[    9.335459][    T1] usb usb19: SerialNumber: vhci_hcd.8
[    9.338634][    T1] hub 19-0:1.0: USB hub found
[    9.339405][    T1] hub 19-0:1.0: 8 ports detected
[    9.349436][    T1] vhci_hcd vhci_hcd.9: USB/IP Virtual Host Controller
[    9.351138][    T1] vhci_hcd vhci_hcd.9: new USB bus registered, assigned bus number 20
[    9.353006][    T1] usb usb20: New USB device found, idVendor=1d6b, idProduct=0002, bcdDevice= 6.19
[    9.354262][    T1] usb usb20: New USB device strings: Mfr=3, Product=2, SerialNumber=1
[    9.355352][    T1] usb usb20: Product: USB/IP Virtual Host Controller
[    9.356272][    T1] usb usb20: Manufacturer: Linux 6.19.0-next-20260212-gaf98e93c5c39-dirty vhci_hcd
[    9.357540][    T1] usb usb20: SerialNumber: vhci_hcd.9
[    9.360511][    T1] hub 20-0:1.0: USB hub found
[    9.361368][    T1] hub 20-0:1.0: 8 ports detected
[    9.369903][    T1] vhci_hcd vhci_hcd.9: USB/IP Virtual Host Controller
[    9.371487][    T1] vhci_hcd vhci_hcd.9: new USB bus registered, assigned bus number 21
[    9.372932][    T1] usb usb21: We don't know the algorithms for LPM for this host, disabling LPM.
[    9.374792][    T1] usb usb21: New USB device found, idVendor=1d6b, idProduct=0003, bcdDevice= 6.19
[    9.376184][    T1] usb usb21: New USB device strings: Mfr=3, Product=2, SerialNumber=1
[    9.377384][    T1] usb usb21: Product: USB/IP Virtual Host Controller
[    9.378373][    T1] usb usb21: Manufacturer: Linux 6.19.0-next-20260212-gaf98e93c5c39-dirty vhci_hcd
[    9.379629][    T1] usb usb21: SerialNumber: vhci_hcd.9
[    9.382301][    T1] hub 21-0:1.0: USB hub found
[    9.383095][    T1] hub 21-0:1.0: 8 ports detected
[    9.390918][    T1] vhci_hcd vhci_hcd.10: USB/IP Virtual Host Controller
[    9.392474][    T1] vhci_hcd vhci_hcd.10: new USB bus registered, assigned bus number 22
[    9.394224][    T1] usb usb22: New USB device found, idVendor=1d6b, idProduct=0002, bcdDevice= 6.19
[    9.395442][    T1] usb usb22: New USB device strings: Mfr=3, Product=2, SerialNumber=1
[    9.396446][    T1] usb usb22: Product: USB/IP Virtual Host Controller
[    9.397270][    T1] usb usb22: Manufacturer: Linux 6.19.0-next-20260212-gaf98e93c5c39-dirty vhci_hcd
[    9.398442][    T1] usb usb22: SerialNumber: vhci_hcd.10
[    9.401685][    T1] hub 22-0:1.0: USB hub found
[    9.402525][    T1] hub 22-0:1.0: 8 ports detected
[    9.409568][    T1] vhci_hcd vhci_hcd.10: USB/IP Virtual Host Controller
[    9.411045][    T1] vhci_hcd vhci_hcd.10: new USB bus registered, assigned bus number 23
[    9.412425][    T1] usb usb23: We don't know the algorithms for LPM for this host, disabling LPM.
[    9.414144][    T1] usb usb23: New USB device found, idVendor=1d6b, idProduct=0003, bcdDevice= 6.19
[    9.415295][    T1] usb usb23: New USB device strings: Mfr=3, Product=2, SerialNumber=1
[    9.416263][    T1] usb usb23: Product: USB/IP Virtual Host Controller
[    9.417060][    T1] usb usb23: Manufacturer: Linux 6.19.0-next-20260212-gaf98e93c5c39-dirty vhci_hcd
[    9.418184][    T1] usb usb23: SerialNumber: vhci_hcd.10
[    9.420868][    T1] hub 23-0:1.0: USB hub found
[    9.421586][    T1] hub 23-0:1.0: 8 ports detected
[    9.430267][    T1] vhci_hcd vhci_hcd.11: USB/IP Virtual Host Controller
[    9.432080][    T1] vhci_hcd vhci_hcd.11: new USB bus registered, assigned bus number 24
[    9.433881][    T1] usb usb24: New USB device found, idVendor=1d6b, idProduct=0002, bcdDevice= 6.19
[    9.435212][    T1] usb usb24: New USB device strings: Mfr=3, Product=2, SerialNumber=1
[    9.436245][    T1] usb usb24: Product: USB/IP Virtual Host Controller
[    9.437038][    T1] usb usb24: Manufacturer: Linux 6.19.0-next-20260212-gaf98e93c5c39-dirty vhci_hcd
[    9.438283][    T1] usb usb24: SerialNumber: vhci_hcd.11
[    9.441760][    T1] hub 24-0:1.0: USB hub found
[    9.442823][    T1] hub 24-0:1.0: 8 ports detected
[    9.451900][    T1] vhci_hcd vhci_hcd.11: USB/IP Virtual Host Controller
[    9.453354][    T1] vhci_hcd vhci_hcd.11: new USB bus registered, assigned bus number 25
[    9.454745][    T1] usb usb25: We don't know the algorithms for LPM for this host, disabling LPM.
[    9.456430][    T1] usb usb25: New USB device found, idVendor=1d6b, idProduct=0003, bcdDevice= 6.19
[    9.457537][    T1] usb usb25: New USB device strings: Mfr=3, Product=2, SerialNumber=1
[    9.458625][    T1] usb usb25: Product: USB/IP Virtual Host Controller
[    9.459501][    T1] usb usb25: Manufacturer: Linux 6.19.0-next-20260212-gaf98e93c5c39-dirty vhci_hcd
[    9.460823][    T1] usb usb25: SerialNumber: vhci_hcd.11
[    9.464260][    T1] hub 25-0:1.0: USB hub found
[    9.465202][    T1] hub 25-0:1.0: 8 ports detected
[    9.474254][    T1] vhci_hcd vhci_hcd.12: USB/IP Virtual Host Controller
[    9.475912][    T1] vhci_hcd vhci_hcd.12: new USB bus registered, assigned bus number 26
[    9.477610][    T1] usb usb26: New USB device found, idVendor=1d6b, idProduct=0002, bcdDevice= 6.19
[    9.478724][    T1] usb usb26: New USB device strings: Mfr=3, Product=2, SerialNumber=1
[    9.479691][    T1] usb usb26: Product: USB/IP Virtual Host Controller
[    9.480488][    T1] usb usb26: Manufacturer: Linux 6.19.0-next-20260212-gaf98e93c5c39-dirty vhci_hcd
[    9.481589][    T1] usb usb26: SerialNumber: vhci_hcd.12
[    9.484273][    T1] hub 26-0:1.0: USB hub found
[    9.485525][    T1] hub 26-0:1.0: 8 ports detected
[    9.493867][    T1] vhci_hcd vhci_hcd.12: USB/IP Virtual Host Controller
[    9.495351][    T1] vhci_hcd vhci_hcd.12: new USB bus registered, assigned bus number 27
[    9.496737][    T1] usb usb27: We don't know the algorithms for LPM for this host, disabling LPM.
[    9.498398][    T1] usb usb27: New USB device found, idVendor=1d6b, idProduct=0003, bcdDevice= 6.19
[    9.499518][    T1] usb usb27: New USB device strings: Mfr=3, Product=2, SerialNumber=1
[    9.500479][    T1] usb usb27: Product: USB/IP Virtual Host Controller
[    9.501424][    T1] usb usb27: Manufacturer: Linux 6.19.0-next-20260212-gaf98e93c5c39-dirty vhci_hcd
[    9.502642][    T1] usb usb27: SerialNumber: vhci_hcd.12
[    9.505537][    T1] hub 27-0:1.0: USB hub found
[    9.506486][    T1] hub 27-0:1.0: 8 ports detected
[    9.515080][    T1] vhci_hcd vhci_hcd.13: USB/IP Virtual Host Controller
[    9.516704][    T1] vhci_hcd vhci_hcd.13: new USB bus registered, assigned bus number 28
[    9.518374][    T1] usb usb28: New USB device found, idVendor=1d6b, idProduct=0002, bcdDevice= 6.19
[    9.519463][    T1] usb usb28: New USB device strings: Mfr=3, Product=2, SerialNumber=1
[    9.520443][    T1] usb usb28: Product: USB/IP Virtual Host Controller
[    9.521222][    T1] usb usb28: Manufacturer: Linux 6.19.0-next-20260212-gaf98e93c5c39-dirty vhci_hcd
[    9.522304][    T1] usb usb28: SerialNumber: vhci_hcd.13
[    9.524930][    T1] hub 28-0:1.0: USB hub found
[    9.525857][    T1] hub 28-0:1.0: 8 ports detected
[    9.532920][    T1] vhci_hcd vhci_hcd.13: USB/IP Virtual Host Controller
[    9.534603][    T1] vhci_hcd vhci_hcd.13: new USB bus registered, assigned bus number 29
[    9.535937][    T1] usb usb29: We don't know the algorithms for LPM for this host, disabling LPM.
[    9.537607][    T1] usb usb29: New USB device found, idVendor=1d6b, idProduct=0003, bcdDevice= 6.19
[    9.538725][    T1] usb usb29: New USB device strings: Mfr=3, Product=2, SerialNumber=1
[    9.539702][    T1] usb usb29: Product: USB/IP Virtual Host Controller
[    9.540508][    T1] usb usb29: Manufacturer: Linux 6.19.0-next-20260212-gaf98e93c5c39-dirty vhci_hcd
[    9.541719][    T1] usb usb29: SerialNumber: vhci_hcd.13
[    9.545075][    T1] hub 29-0:1.0: USB hub found
[    9.546186][    T1] hub 29-0:1.0: 8 ports detected
[    9.555888][    T1] vhci_hcd vhci_hcd.14: USB/IP Virtual Host Controller
[    9.557345][    T1] vhci_hcd vhci_hcd.14: new USB bus registered, assigned bus number 30
[    9.559196][    T1] usb usb30: New USB device found, idVendor=1d6b, idProduct=0002, bcdDevice= 6.19
[    9.560413][    T1] usb usb30: New USB device strings: Mfr=3, Product=2, SerialNumber=1
[    9.561387][    T1] usb usb30: Product: USB/IP Virtual Host Controller
[    9.562238][    T1] usb usb30: Manufacturer: Linux 6.19.0-next-20260212-gaf98e93c5c39-dirty vhci_hcd
[    9.563386][    T1] usb usb30: SerialNumber: vhci_hcd.14
[    9.566319][    T1] hub 30-0:1.0: USB hub found
[    9.567274][    T1] hub 30-0:1.0: 8 ports detected
[    9.575263][    T1] vhci_hcd vhci_hcd.14: USB/IP Virtual Host Controller
[    9.577216][    T1] vhci_hcd vhci_hcd.14: new USB bus registered, assigned bus number 31
[    9.578784][    T1] usb usb31: We don't know the algorithms for LPM for this host, disabling LPM.
[    9.580943][    T1] usb usb31: New USB device found, idVendor=1d6b, idProduct=0003, bcdDevice= 6.19
[    9.582225][    T1] usb usb31: New USB device strings: Mfr=3, Product=2, SerialNumber=1
[    9.583343][    T1] usb usb31: Product: USB/IP Virtual Host Controller
[    9.584251][    T1] usb usb31: Manufacturer: Linux 6.19.0-next-20260212-gaf98e93c5c39-dirty vhci_hcd
[    9.585587][    T1] usb usb31: SerialNumber: vhci_hcd.14
[    9.588669][    T1] hub 31-0:1.0: USB hub found
[    9.589607][    T1] hub 31-0:1.0: 8 ports detected
[    9.600672][    T1] vhci_hcd vhci_hcd.15: USB/IP Virtual Host Controller
[    9.602416][    T1] vhci_hcd vhci_hcd.15: new USB bus registered, assigned bus number 32
[    9.604360][    T1] usb usb32: New USB device found, idVendor=1d6b, idProduct=0002, bcdDevice= 6.19
[    9.605730][    T1] usb usb32: New USB device strings: Mfr=3, Product=2, SerialNumber=1
[    9.606785][    T1] usb usb32: Product: USB/IP Virtual Host Controller
[    9.607693][    T1] usb usb32: Manufacturer: Linux 6.19.0-next-20260212-gaf98e93c5c39-dirty vhci_hcd
[    9.608819][    T1] usb usb32: SerialNumber: vhci_hcd.15
[    9.612401][    T1] hub 32-0:1.0: USB hub found
[    9.613316][    T1] hub 32-0:1.0: 8 ports detected
[    9.620857][    T1] vhci_hcd vhci_hcd.15: USB/IP Virtual Host Controller
[    9.622326][    T1] vhci_hcd vhci_hcd.15: new USB bus registered, assigned bus number 33
[    9.623742][    T1] usb usb33: We don't know the algorithms for LPM for this host, disabling LPM.
[    9.625548][    T1] usb usb33: New USB device found, idVendor=1d6b, idProduct=0003, bcdDevice= 6.19
[    9.626674][    T1] usb usb33: New USB device strings: Mfr=3, Product=2, SerialNumber=1
[    9.627665][    T1] usb usb33: Product: USB/IP Virtual Host Controller
[    9.628472][    T1] usb usb33: Manufacturer: Linux 6.19.0-next-20260212-gaf98e93c5c39-dirty vhci_hcd
[    9.629584][    T1] usb usb33: SerialNumber: vhci_hcd.15
[    9.632897][    T1] hub 33-0:1.0: USB hub found
[    9.633901][    T1] hub 33-0:1.0: 8 ports detected
[    9.643251][    T1] usbcore: registered new device driver usbip-host
[    9.649120][    T1] i8042: PNP: PS/2 Controller [PNP0303:KBD,PNP0f13:MOU] at 0x60,0x64 irq 1,12
[    9.654694][    T1] serio: i8042 KBD port at 0x60,0x64 irq 1
[    9.656320][    T1] serio: i8042 AUX port at 0x60,0x64 irq 12
[    9.659045][    T1] mousedev: PS/2 mouse device common for all mice
[    9.661313][    T1] usbcore: registered new interface driver appletouch
[    9.662781][    T1] usbcore: registered new interface driver bcm5974
[    9.664784][    T1] usbcore: registered new interface driver synaptics_usb
[    9.667285][  T881] input: AT Translated Set 2 keyboard as /devices/platform/i8042/serio0/input/input1
[    9.670205][    T1] usbcore: registered new interface driver iforce
[    9.671734][    T1] usbcore: registered new interface driver pxrc
[    9.674092][    T1] usbcore: registered new interface driver xpad
[    9.675969][    T1] usbcore: registered new interface driver usb_acecad
[    9.677385][    T1] usbcore: registered new interface driver aiptek
[    9.678742][    T1] usbcore: registered new interface driver hanwang
[    9.680044][    T1] usbcore: registered new interface driver kbtab
[    9.681598][    T1] usbcore: registered new interface driver pegasus_notetaker
[    9.683037][    T1] usbcore: registered new interface driver usbtouchscreen
[    9.684347][    T1] usbcore: registered new interface driver sur40
[    9.689967][    T1] usbcore: registered new interface driver ati_remote2
[    9.690893][    T1] cm109: Keymap for Komunikate KIP1000 phone loaded
[    9.692149][    T1] usbcore: registered new interface driver cm109
[    9.693048][    T1] cm109: CM109 phone driver: 20080805 (C) Alfred E. Heggestad
[    9.694400][    T1] usbcore: registered new interface driver ims_pcu
[    9.695845][    T1] usbcore: registered new interface driver keyspan_remote
[    9.697143][    T1] usbcore: registered new interface driver powermate
[    9.698669][    T1] usbcore: registered new interface driver yealink
[    9.701247][    T1] rtc_cmos 00:05: RTC can wake from S4
[    9.708143][    T1] rtc_cmos 00:05: registered as rtc0
[    9.709011][    T1] rtc_cmos 00:05: alarms up to one day, y3k, 242 bytes nvram, hpet irqs
[    9.711118][    T1] i2c_dev: i2c /dev entries driver
[    9.713038][    T1] usbcore: registered new interface driver i2c-diolan-u2c
[    9.715241][    T1] usbcore: registered new interface driver i2c-cp2615
[    9.716518][    T1] usbcore: registered new interface driver RobotFuzz Open Source InterFace, OSIF
[    9.718034][    T1] usbcore: registered new interface driver i2c-tiny-usb
[    9.722022][    T1] usbcore: registered new interface driver igorplugusb
[    9.723093][    T1] usbcore: registered new interface driver iguanair
[    9.724140][    T1] usbcore: registered new interface driver imon
[    9.725143][    T1] usbcore: registered new interface driver imon_raw
[    9.727382][    T1] usbcore: registered new interface driver mceusb
[    9.728729][    T1] usbcore: registered new interface driver redrat3
[    9.730278][    T1] usbcore: registered new interface driver streamzap
[    9.731410][    T1] usbcore: registered new interface driver ir_toy
[    9.732510][    T1] usbcore: registered new interface driver ttusbir
[    9.733630][    T1] usbcore: registered new interface driver ati_remote
[    9.734803][    T1] usbcore: registered new interface driver xbox_remote
[   10.098025][  T881] input: ImExPS/2 Generic Explorer Mouse as /devices/platform/i8042/serio1/input/input3
[   10.103393][    T1] b2c2-flexcop: B2C2 FlexcopII/II(b)/III digital TV receiver chip loaded successfully
[   10.106481][    T1] usbcore: registered new interface driver b2c2_flexcop_usb
[   10.108850][    T1] usbcore: registered new interface driver dvb_usb_vp7045
[   10.111192][    T1] usbcore: registered new interface driver dvb_usb_vp702x
[   10.113376][    T1] usbcore: registered new interface driver dvb_usb_gp8psk
[   10.115678][    T1] usbcore: registered new interface driver dvb_usb_dtt200u
[   10.117837][    T1] usbcore: registered new interface driver dvb_usb_a800
[   10.120242][    T1] usbcore: registered new interface driver dvb_usb_dibusb_mb
[   10.122682][    T1] usbcore: registered new interface driver dvb_usb_dibusb_mc
[   10.125085][    T1] usbcore: registered new interface driver dvb_usb_nova_t_usb2
[   10.127575][    T1] usbcore: registered new interface driver dvb_usb_umt_010
[   10.130530][    T1] usbcore: registered new interface driver dvb_usb_m920x
[   10.132816][    T1] usbcore: registered new interface driver dvb_usb_digitv
[   10.135157][    T1] usbcore: registered new interface driver dvb_usb_cxusb
[   10.137373][    T1] usbcore: registered new interface driver dvb_usb_ttusb2
[   10.139856][    T1] usbcore: registered new interface driver dvb_usb_dib0700
[   10.141678][    T1] usbcore: registered new interface driver opera1
[   10.142760][    T1] usbcore: registered new interface driver dvb_usb_af9005
[   10.143810][    T1] failing symbol_get of non-GPLONLY symbol af9005_rc_decode.
[   10.146069][    T1] failing symbol_get of non-GPLONLY symbol af9005_rc_decode.
[   10.147202][    T1] failing symbol_get of non-GPLONLY symbol rc_map_af9005_table.
[   10.148773][    T1] failing symbol_get of non-GPLONLY symbol rc_map_af9005_table.
[   10.149931][    T1] failing symbol_get of non-GPLONLY symbol rc_map_af9005_table_size.
[   10.151614][    T1] failing symbol_get of non-GPLONLY symbol rc_map_af9005_table_size.
[   10.152834][    T1] af9005: af9005_rc_decode function not found, disabling remote
[   10.154442][    T1] usbcore: registered new interface driver pctv452e
[   10.156826][    T1] usbcore: registered new interface driver dw2102
[   10.158154][    T1] usbcore: registered new interface driver dvb_usb_dtv5100
[   10.159613][    T1] usbcore: registered new interface driver cinergyT2
[   10.161011][    T1] usbcore: registered new interface driver dvb_usb_az6027
[   10.162456][    T1] usbcore: registered new interface driver dvb_usb_technisat_usb2
[   10.163889][    T1] usbcore: registered new interface driver dvb_usb_af9015
[   10.164977][    T1] usbcore: registered new interface driver dvb_usb_af9035
[   10.166137][    T1] usbcore: registered new interface driver dvb_usb_anysee
[   10.167208][    T1] usbcore: registered new interface driver dvb_usb_au6610
[   10.168342][    T1] usbcore: registered new interface driver dvb_usb_az6007
[   10.169449][    T1] usbcore: registered new interface driver dvb_usb_ce6230
[   10.170612][    T1] usbcore: registered new interface driver dvb_usb_ec168
[   10.171705][    T1] usbcore: registered new interface driver dvb_usb_lmedm04
[   10.172800][    T1] usbcore: registered new interface driver dvb_usb_gl861
[   10.173904][    T1] usbcore: registered new interface driver dvb_usb_mxl111sf
[   10.175064][    T1] usbcore: registered new interface driver dvb_usb_rtl28xxu
[   10.176546][    T1] usbcore: registered new interface driver dvb_usb_dvbsky
[   10.177649][    T1] usbcore: registered new interface driver zd1301
[   10.178695][    T1] usbcore: registered new interface driver s2255
[   10.179754][    T1] usbcore: registered new interface driver smsusb
[   10.180935][    T1] usbcore: registered new interface driver ttusb
[   10.182139][    T1] usbcore: registered new interface driver ttusb-dec
[   10.183364][    T1] usbcore: registered new interface driver Abilis Systems as10x usb driver
[   10.184707][    T1] usbcore: registered new interface driver airspy
[   10.185852][    T1] gspca_main: v2.14.0 registered
[   10.186717][    T1] usbcore: registered new interface driver benq
[   10.187725][    T1] usbcore: registered new interface driver conex
[   10.188755][    T1] usbcore: registered new interface driver cpia1
[   10.189820][    T1] usbcore: registered new interface driver dtcs033
[   10.191254][    T1] usbcore: registered new interface driver etoms
[   10.192274][    T1] usbcore: registered new interface driver finepix
[   10.193278][    T1] usbcore: registered new interface driver jeilinj
[   10.194326][    T1] usbcore: registered new interface driver jl2005bcd
[   10.195395][    T1] usbcore: registered new interface driver kinect
[   10.196432][    T1] usbcore: registered new interface driver konica
[   10.197429][    T1] usbcore: registered new interface driver mars
[   10.198392][    T1] usbcore: registered new interface driver mr97310a
[   10.199410][    T1] usbcore: registered new interface driver nw80x
[   10.200437][    T1] usbcore: registered new interface driver ov519
[   10.201423][    T1] usbcore: registered new interface driver ov534
[   10.202427][    T1] usbcore: registered new interface driver ov534_9
[   10.203485][    T1] usbcore: registered new interface driver pac207
[   10.204500][    T1] usbcore: registered new interface driver gspca_pac7302
[   10.205638][    T1] usbcore: registered new interface driver pac7311
[   10.206678][    T1] usbcore: registered new interface driver se401
[   10.207699][    T1] usbcore: registered new interface driver sn9c2028
[   10.208765][    T1] usbcore: registered new interface driver gspca_sn9c20x
[   10.209958][    T1] usbcore: registered new interface driver sonixb
[   10.210998][    T1] usbcore: registered new interface driver sonixj
[   10.212057][    T1] usbcore: registered new interface driver spca500
[   10.213099][    T1] usbcore: registered new interface driver spca501
[   10.214154][    T1] usbcore: registered new interface driver spca505
[   10.215186][    T1] usbcore: registered new interface driver spca506
[   10.216218][    T1] usbcore: registered new interface driver spca508
[   10.217255][    T1] usbcore: registered new interface driver spca561
[   10.218299][    T1] usbcore: registered new interface driver spca1528
[   10.219320][    T1] usbcore: registered new interface driver sq905
[   10.220333][    T1] usbcore: registered new interface driver sq905c
[   10.221387][    T1] usbcore: registered new interface driver sq930x
[   10.222438][    T1] usbcore: registered new interface driver sunplus
[   10.223477][    T1] usbcore: registered new interface driver stk014
[   10.224480][    T1] usbcore: registered new interface driver stk1135
[   10.225557][    T1] usbcore: registered new interface driver stv0680
[   10.226684][    T1] usbcore: registered new interface driver t613
[   10.227671][    T1] usbcore: registered new interface driver gspca_topro
[   10.228773][    T1] usbcore: registered new interface driver touptek
[   10.229836][    T1] usbcore: registered new interface driver tv8532
[   10.230853][    T1] usbcore: registered new interface driver vc032x
[   10.231889][    T1] usbcore: registered new interface driver vicam
[   10.232922][    T1] usbcore: registered new interface driver xirlink-cit
[   10.234143][    T1] usbcore: registered new interface driver gspca_zc3xx
[   10.235306][    T1] usbcore: registered new interface driver ALi m5602
[   10.236339][    T1] usbcore: registered new interface driver STV06xx
[   10.237349][    T1] usbcore: registered new interface driver gspca_gl860
[   10.238394][    T1] usbcore: registered new interface driver hackrf
[   10.239430][    T1] usbcore: registered new interface driver msi2500
[   10.240579][    T1] usbcore: registered new interface driver Philips webcam
[   10.241793][    T1] usbcore: registered new interface driver uvcvideo
[   10.242569][    T1] au0828: au0828 driver loaded
[   10.243415][    T1] usbcore: registered new interface driver au0828
[   10.244454][    T1] usbcore: registered new interface driver cx231xx
[   10.245616][    T1] usbcore: registered new interface driver em28xx
[   10.246377][    T1] em28xx: Registered (Em28xx v4l2 Extension) extension
[   10.247178][    T1] em28xx: Registered (Em28xx Audio Extension) extension
[   10.248024][    T1] em28xx: Registered (Em28xx dvb Extension) extension
[   10.248810][    T1] em28xx: Registered (Em28xx Input Extension) extension
[   10.249937][    T1] usbcore: registered new interface driver go7007
[   10.250946][    T1] usbcore: registered new interface driver go7007-loader
[   10.252154][    T1] usbcore: registered new interface driver hdpvr
[   10.253486][    T1] usbcore: registered new interface driver pvrusb2
[   10.254426][    T1] pvrusb2: V4L in-tree version:Hauppauge WinTV-PVR-USB2 MPEG2 Encoder/Tuner
[   10.255723][    T1] pvrusb2: Debug mask is 31 (0x1f)
[   10.256755][    T1] usbcore: registered new interface driver stk1160
[   10.257960][    T1] usbcore: registered new interface driver usbtv
[   10.260736][    T1] dvbdev: DVB: registering new adapter (dvb_vidtv_bridge)
[   10.263978][    T1] i2c i2c-0: DVB: registering adapter 0 frontend 0 (Dummy demod for DVB-T/T2/C/S/S2)...
[   10.266743][    T1] dvbdev: dvb_create_media_entity: media entity 'Dummy demod for DVB-T/T2/C/S/S2' registered.
[   10.272994][    T1] dvbdev: dvb_create_media_entity: media entity 'dvb-demux' registered.
[   10.278072][    T1] vidtv vidtv.0: Successfully initialized vidtv!
[   10.280184][    T1] vicodec vicodec.0: Device 'stateful-encoder' registered as /dev/video0
[   10.281745][    T1] vicodec vicodec.0: Device 'stateful-decoder' registered as /dev/video1
[   10.283228][    T1] vicodec vicodec.0: Device 'stateless-decoder' registered as /dev/video2
[   10.286079][    T1] vim2m vim2m.0: Device registered as /dev/video3
[   10.304371][    T1] vivid-000: using single planar format API
[   10.322541][    T1] vivid-000: CEC adapter cec0 registered for HDMI input
[   10.323940][    T1] vivid-000: V4L2 capture device registered as video7
[   10.325204][    T1] vivid-000: CEC adapter cec1 registered for HDMI output 0
[   10.326521][    T1] vivid-000: V4L2 output device registered as video8
[   10.327798][    T1] vivid-000: V4L2 capture device registered as vbi0, supports raw and sliced VBI
[   10.329451][    T1] vivid-000: V4L2 output device registered as vbi1, supports raw and sliced VBI
[   10.331122][    T1] vivid-000: V4L2 capture device registered as swradio0
[   10.332554][    T1] vivid-000: V4L2 receiver device registered as radio0
[   10.334110][    T1] vivid-000: V4L2 transmitter device registered as radio1
[   10.335751][    T1] vivid-000: V4L2 metadata capture device registered as video9
[   10.337244][    T1] vivid-000: V4L2 metadata output device registered as video10
[   10.338574][    T1] vivid-000: V4L2 touch capture device registered as v4l-touch0
[   10.341245][    T1] usbcore: registered new interface driver radioshark2
[   10.342319][    T1] usbcore: registered new interface driver radioshark
[   10.343412][    T1] usbcore: registered new interface driver radio-si470x
[   10.344582][    T1] usbcore: registered new interface driver radio-usb-si4713
[   10.345719][    T1] usbcore: registered new interface driver dsbr100
[   10.346880][    T1] usbcore: registered new interface driver radio-keene
[   10.348064][    T1] usbcore: registered new interface driver radio-ma901
[   10.349337][    T1] usbcore: registered new interface driver radio-mr800
[   10.350522][    T1] usbcore: registered new interface driver radio-raremono
[   10.354951][    T1] usbcore: registered new interface driver powerz
[   10.356204][    T1] usbcore: registered new interface driver pcwd_usb
[   10.358497][    T1] device-mapper: core: CONFIG_IMA_DISABLE_HTABLE is disabled. Duplicate IMA measurements will not be recorded in the IMA log.
[   10.360281][    T1] device-mapper: uevent: version 1.0.3
[   10.361606][    T1] device-mapper: ioctl: 4.50.0-ioctl (2025-04-28) initialised: dm-devel@lists.linux.dev
[   10.363525][    T1] device-mapper: multipath round-robin: version 1.2.0 loaded
[   10.364406][    T1] device-mapper: multipath queue-length: version 0.2.0 loaded
[   10.365311][    T1] device-mapper: multipath service-time: version 0.3.0 loaded
[   10.366878][    T1] Bluetooth: HCI UART driver ver 2.3
[   10.367551][    T1] Bluetooth: HCI UART protocol H4 registered
[   10.368291][    T1] Bluetooth: HCI UART protocol BCSP registered
[   10.369258][    T1] Bluetooth: HCI UART protocol LL registered
[   10.370159][    T1] Bluetooth: HCI UART protocol Three-wire (H5) registered
[   10.371202][    T1] Bluetooth: HCI UART protocol QCA registered
[   10.372012][    T1] Bluetooth: HCI UART protocol AG6XX registered
[   10.373033][    T1] Bluetooth: HCI UART protocol Marvell registered
[   10.374311][    T1] usbcore: registered new interface driver bcm203x
[   10.375607][    T1] usbcore: registered new interface driver bpa10x
[   10.376824][    T1] usbcore: registered new interface driver bfusb
[   10.377872][    T1] usbcore: registered new interface driver btusb
[   10.378945][    T1] usbcore: registered new interface driver ath3k
[   10.380055][    T1] Modular ISDN core version 1.1.29
[   10.381345][    T1] NET: Registered PF_ISDN protocol family
[   10.382040][    T1] DSP module 2.0
[   10.382481][    T1] mISDN_dsp: DSP clocks every 80 samples. This equals 1 jiffies.
[   10.393322][    T1] mISDN: Layer-1-over-IP driver Rev. 2.00
[   10.394852][    T1] 0 virtual devices registered
[   10.395749][    T1] usbcore: registered new interface driver HFC-S_USB
[   10.396597][    T1] amd_pstate: the _CPC object is not present in SBIOS or ACPI disabled
[   10.397571][    T1] VUB300 Driver rom wait states = 1C irqpoll timeout = 0400
[   10.398500][    T1] usbcore: registered new interface driver vub300
[   10.400546][    T1] usbcore: registered new interface driver ushc
[   10.405261][    T1] iscsi: registered transport (iser)
[   10.406540][    T1] SoftiWARP attached
[   10.414392][    T1] hid: raw HID events driver (C) Jiri Kosina
[   10.472650][    T1] usbcore: registered new interface driver usbhid
[   10.473544][    T1] usbhid: USB HID core driver
[   10.478290][    T1] usbcore: registered new interface driver es2_ap_driver
[   10.479286][    T1] comedi: version 0.7.76 - http://www.comedi.org
[   10.482191][    T1] comedi comedi0: comedi_test: 1000000 microvolt, 100000 microsecond waveform attached
[   10.489030][    T1] comedi comedi0: driver 'comedi_test' has successfully auto-configured 'comedi_test'.
[   10.493184][    T1] usbcore: registered new interface driver dt9812
[   10.494519][    T1] usbcore: registered new interface driver ni6501
[   10.495878][    T1] usbcore: registered new interface driver usbdux
[   10.497014][    T1] usbcore: registered new interface driver usbduxfast
[   10.499966][    T1] usbcore: registered new interface driver usbduxsigma
