bash: warning: setlocale: LC_ALL: cannot change locale (en_US.UTF-8)
c[?7l[2J[0mSeaBIOS (version 1.16.2-debian-1.16.2-1)


iPXE (http://ipxe.org) 00:03.0 CA00 PCI2.10 PnP PMM+7EFCEF00+7EF0EF00 CA00
Press Ctrl-B to configure iPXE (PCI 00:03.0)...                                                                               


Booting from ROM..c[?7l[2J[    0.000000] Linux version 6.5.0-04025-g2861f09c1112-dirty (root@buildkitsandbox) (gcc (Debian 12.2.0-14+deb12u1) 12.2.0, GNU ld (GNU Binutils for Debian) 2.40) #1 SMP PREEMPT_DYNAMIC Tue May  5 11:49:36 UTC 2026
[    0.000000] Command line: console=ttyS0 oops=panic nokaslr rdinit=/init
[    0.000000] BIOS-provided physical RAM map:
[    0.000000] BIOS-e820: [mem 0x0000000000000000-0x000000000009fbff] usable
[    0.000000] BIOS-e820: [mem 0x000000000009fc00-0x000000000009ffff] reserved
[    0.000000] BIOS-e820: [mem 0x00000000000f0000-0x00000000000fffff] reserved
[    0.000000] BIOS-e820: [mem 0x0000000000100000-0x000000007ffdffff] usable
[    0.000000] BIOS-e820: [mem 0x000000007ffe0000-0x000000007fffffff] reserved
[    0.000000] BIOS-e820: [mem 0x00000000feffc000-0x00000000feffffff] reserved
[    0.000000] BIOS-e820: [mem 0x00000000fffc0000-0x00000000ffffffff] reserved
[    0.000000] NX (Execute Disable) protection: active
[    0.000000] SMBIOS 2.8 present.
[    0.000000] DMI: QEMU Standard PC (i440FX + PIIX, 1996), BIOS 1.16.2-debian-1.16.2-1 04/01/2014
[    0.000000] Hypervisor detected: KVM
[    0.000000] kvm-clock: Using msrs 4b564d01 and 4b564d00
[    0.000002] kvm-clock: using sched offset of 349251575 cycles
[    0.000005] clocksource: kvm-clock: mask: 0xffffffffffffffff max_cycles: 0x1cd42e4dffb, max_idle_ns: 881590591483 ns
[    0.000009] tsc: Detected 3187.200 MHz processor
[    0.000659] last_pfn = 0x7ffe0 max_arch_pfn = 0x400000000
[    0.000689] MTRR map: 4 entries (3 fixed + 1 variable; max 19), built from 8 variable MTRRs
[    0.000694] x86/PAT: Configuration [0-7]: WB  WC  UC- UC  WB  WP  UC- WT  
[    0.002697] found SMP MP-table at [mem 0x000f5ba0-0x000f5baf]
[    0.002735] Using GB pages for direct mapping
[    0.002736] Incomplete global flushes, disabling PCID
[    0.002932] RAMDISK: [mem 0x7fe92000-0x7ffdffff]
[    0.002948] ACPI: Early table checksum verification disabled
[    0.002953] ACPI: RSDP 0x00000000000F59D0 000014 (v00 BOCHS )
[    0.002960] ACPI: RSDT 0x000000007FFE1B33 000034 (v01 BOCHS  BXPC     00000001 BXPC 00000001)
[    0.002968] ACPI: FACP 0x000000007FFE19DF 000074 (v01 BOCHS  BXPC     00000001 BXPC 00000001)
[    0.002975] ACPI: DSDT 0x000000007FFE0040 00199F (v01 BOCHS  BXPC     00000001 BXPC 00000001)
[    0.002978] ACPI: FACS 0x000000007FFE0000 000040
[    0.002981] ACPI: APIC 0x000000007FFE1A53 000080 (v01 BOCHS  BXPC     00000001 BXPC 00000001)
[    0.002984] ACPI: HPET 0x000000007FFE1AD3 000038 (v01 BOCHS  BXPC     00000001 BXPC 00000001)
[    0.002988] ACPI: WAET 0x000000007FFE1B0B 000028 (v01 BOCHS  BXPC     00000001 BXPC 00000001)
[    0.002990] ACPI: Reserving FACP table memory at [mem 0x7ffe19df-0x7ffe1a52]
[    0.002992] ACPI: Reserving DSDT table memory at [mem 0x7ffe0040-0x7ffe19de]
[    0.002993] ACPI: Reserving FACS table memory at [mem 0x7ffe0000-0x7ffe003f]
[    0.002994] ACPI: Reserving APIC table memory at [mem 0x7ffe1a53-0x7ffe1ad2]
[    0.002994] ACPI: Reserving HPET table memory at [mem 0x7ffe1ad3-0x7ffe1b0a]
[    0.002995] ACPI: Reserving WAET table memory at [mem 0x7ffe1b0b-0x7ffe1b32]
[    0.003467] No NUMA configuration found
[    0.003471] Faking a node at [mem 0x0000000000000000-0x000000007ffdffff]
[    0.003477] NODE_DATA(0) allocated [mem 0x7fe8e000-0x7fe91fff]
[    0.003498] Zone ranges:
[    0.003499]   DMA      [mem 0x0000000000001000-0x0000000000ffffff]
[    0.003502]   DMA32    [mem 0x0000000001000000-0x000000007ffdffff]
[    0.003504]   Normal   empty
[    0.003506] Movable zone start for each node
[    0.003506] Early memory node ranges
[    0.003508]   node   0: [mem 0x0000000000001000-0x000000000009efff]
[    0.003511]   node   0: [mem 0x0000000000100000-0x000000007ffdffff]
[    0.003514] Initmem setup node 0 [mem 0x0000000000001000-0x000000007ffdffff]
[    0.003938] On node 0, zone DMA: 1 pages in unavailable ranges
[    0.004007] On node 0, zone DMA: 97 pages in unavailable ranges
[    0.018529] On node 0, zone DMA32: 32 pages in unavailable ranges
[    0.087457] kasan: KernelAddressSanitizer initialized
[    0.087975] ACPI: PM-Timer IO Port: 0x608
[    0.087990] ACPI: LAPIC_NMI (acpi_id[0xff] dfl dfl lint[0x1])
[    0.088038] IOAPIC[0]: apic_id 0, version 17, address 0xfec00000, GSI 0-23
[    0.088042] ACPI: INT_SRC_OVR (bus 0 bus_irq 0 global_irq 2 dfl dfl)
[    0.088044] ACPI: INT_SRC_OVR (bus 0 bus_irq 5 global_irq 5 high level)
[    0.088045] ACPI: INT_SRC_OVR (bus 0 bus_irq 9 global_irq 9 high level)
[    0.088047] ACPI: INT_SRC_OVR (bus 0 bus_irq 10 global_irq 10 high level)
[    0.088048] ACPI: INT_SRC_OVR (bus 0 bus_irq 11 global_irq 11 high level)
[    0.088051] ACPI: Using ACPI (MADT) for SMP configuration information
[    0.088052] ACPI: HPET id: 0x8086a201 base: 0xfed00000
[    0.088056] TSC deadline timer available
[    0.088058] smpboot: Allowing 2 CPUs, 0 hotplug CPUs
[    0.088084] kvm-guest: KVM setup pv remote TLB flush
[    0.088087] kvm-guest: setup PV sched yield
[    0.088097] PM: hibernation: Registered nosave memory: [mem 0x00000000-0x00000fff]
[    0.088098] PM: hibernation: Registered nosave memory: [mem 0x0009f000-0x0009ffff]
[    0.088099] PM: hibernation: Registered nosave memory: [mem 0x000a0000-0x000effff]
[    0.088100] PM: hibernation: Registered nosave memory: [mem 0x000f0000-0x000fffff]
[    0.088102] [mem 0x80000000-0xfeffbfff] available for PCI devices
[    0.088103] Booting paravirtualized kernel on KVM
[    0.088107] clocksource: refined-jiffies: mask: 0xffffffff max_cycles: 0xffffffff, max_idle_ns: 1910969940391419 ns
[    0.101235] setup_percpu: NR_CPUS:64 nr_cpumask_bits:2 nr_cpu_ids:2 nr_node_ids:1
[    0.101712] percpu: Embedded 66 pages/cpu s232168 r8192 d29976 u1048576
[    0.101761] Kernel command line: console=ttyS0 oops=panic nokaslr rdinit=/init
[    0.101835] random: crng init done
[    0.102258] Dentry cache hash table entries: 262144 (order: 9, 2097152 bytes, linear)
[    0.102687] Inode-cache hash table entries: 131072 (order: 8, 1048576 bytes, linear)
[    0.102740] Fallback order for Node 0: 0 
[    0.102747] Built 1 zonelists, mobility grouping on.  Total pages: 515808
[    0.102748] Policy zone: DMA32
[    0.102750] mem auto-init: stack:all(zero), heap alloc:off, heap free:off
[    0.102751] stackdepot: allocating hash table via alloc_large_system_hash
[    0.104603] stackdepot hash table entries: 1048576 (order: 11, 8388608 bytes, linear)
[    0.159435] Memory: 1692960K/2096632K available (49152K kernel code, 8000K rwdata, 10224K rodata, 5656K init, 2860K bss, 403416K reserved, 0K cma-reserved)
[    0.159602] SLUB: HWalign=64, Order=0-3, MinObjects=0, CPUs=2, Nodes=1
[    0.160814] Dynamic Preempt: voluntary
[    0.161283] rcu: Preemptible hierarchical RCU implementation.
[    0.161284] rcu: 	RCU event tracing is enabled.
[    0.161285] rcu: 	RCU restricting CPUs from NR_CPUS=64 to nr_cpu_ids=2.
[    0.161288] 	Trampoline variant of Tasks RCU enabled.
[    0.161289] rcu: RCU calculated value of scheduler-enlistment delay is 100 jiffies.
[    0.161290] rcu: Adjusting geometry for rcu_fanout_leaf=16, nr_cpu_ids=2
[    0.170969] NR_IRQS: 4352, nr_irqs: 440, preallocated irqs: 16
[    0.171300] rcu: srcu_init: Setting srcu_struct sizes based on contention.
[    0.177888] Console: colour VGA+ 80x25
[    0.177957] printk: console [ttyS0] enabled
[    0.437147] ACPI: Core revision 20230628
[    0.439201] clocksource: hpet: mask: 0xffffffff max_cycles: 0xffffffff, max_idle_ns: 19112604467 ns
[    0.443360] APIC: Switch to symmetric I/O mode setup
[    0.447344] kvm-guest: setup PV IPIs
[    0.448938] ..TIMER: vector=0x30 apic1=0 pin1=2 apic2=-1 pin2=-1
[    0.450842] clocksource: tsc-early: mask: 0xffffffffffffffff max_cycles: 0x2df10e7656b, max_idle_ns: 440795364873 ns
[    0.454058] Calibrating delay loop (skipped) preset value.. 6374.40 BogoMIPS (lpj=3187200)
[    0.455174] x86/cpu: User Mode Instruction Prevention (UMIP) activated
[    0.456176] Last level iTLB entries: 4KB 0, 2MB 0, 4MB 0
[    0.457053] Last level dTLB entries: 4KB 0, 2MB 0, 4MB 0, 1GB 0
[    0.458067] Spectre V1 : Mitigation: usercopy/swapgs barriers and __user pointer sanitization
[    0.459064] Spectre V2 : Mitigation: Enhanced / Automatic IBRS
[    0.460055] Spectre V2 : Spectre v2 / SpectreRSB mitigation: Filling RSB on context switch
[    0.462054] Spectre V2 : Spectre v2 / PBRSB-eIBRS: Retire a single CALL on VMEXIT
[    0.463072] Spectre V2 : mitigation: Enabling conditional Indirect Branch Prediction Barrier
[    0.464058] Speculative Store Bypass: Mitigation: Speculative Store Bypass disabled via prctl
[    0.465061] MMIO Stale Data: Unknown: No mitigations
[    0.466083] x86/fpu: Supporting XSAVE feature 0x001: 'x87 floating point registers'
[    0.468053] x86/fpu: Supporting XSAVE feature 0x002: 'SSE registers'
[    0.469057] x86/fpu: Supporting XSAVE feature 0x004: 'AVX registers'
[    0.470058] x86/fpu: Supporting XSAVE feature 0x200: 'Protection Keys User registers'
[    0.471073] x86/fpu: xstate_offset[2]:  576, xstate_sizes[2]:  256
[    0.472059] x86/fpu: xstate_offset[9]:  832, xstate_sizes[9]:    8
[    0.473061] x86/fpu: Enabled xstate features 0x207, context size is 840 bytes, using 'compacted' format.
[    0.501906] Freeing SMP alternatives memory: 44K
[    0.502056] pid_max: default: 32768 minimum: 301
[    0.503145] LSM: initializing lsm=capability,selinux,integrity
[    0.504109] SELinux:  Initializing.
[    0.506079] Mount-cache hash table entries: 4096 (order: 3, 32768 bytes, linear)
[    0.507067] Mountpoint-cache hash table entries: 4096 (order: 3, 32768 bytes, linear)
[    0.509824] smpboot: CPU0: Intel(R) Core(TM) i9-14900K (family: 0x6, model: 0xb7, stepping: 0x1)
[    0.510489] RCU Tasks: Setting shift to 1 and lim to 1 rcu_task_cb_adjust=1.
[    0.511171] Performance Events: unsupported p6 CPU model 183 no PMU driver, software events only.
[    0.512116] signal: max sigframe size: 3632
[    0.513225] rcu: Hierarchical SRCU implementation.
[    0.514059] rcu: 	Max phase no-delay instances is 400.
[    0.515925] smp: Bringing up secondary CPUs ...
[    0.516451] smpboot: x86: Booting SMP configuration:
[    0.517074] .... node  #0, CPUs:      #1
[    0.517204] smp: Brought up 1 node, 2 CPUs
[    0.519061] smpboot: Max logical packages: 1
[    0.519812] smpboot: Total of 2 processors activated (12748.80 BogoMIPS)
[    0.521057] devtmpfs: initialized
[    0.525086] clocksource: jiffies: mask: 0xffffffff max_cycles: 0xffffffff, max_idle_ns: 1911260446275000 ns
[    0.526075] futex hash table entries: 512 (order: 3, 32768 bytes, linear)
[    0.527396] PM: RTC time: 11:52:05, date: 2026-05-05
[    0.528395] NET: Registered PF_NETLINK/PF_ROUTE protocol family
[    0.529477] audit: initializing netlink subsys (disabled)
[    0.531102] audit: type=2000 audit(1777981926.131:1): state=initialized audit_enabled=0 res=1
[    0.531451] thermal_sys: Registered thermal governor 'step_wise'
[    0.531870] thermal_sys: Registered thermal governor 'user_space'
[    0.532156] cpuidle: using governor menu
[    0.534615] PCI: Using configuration type 1 for base access
[    0.535424] kprobes: kprobe jump-optimization is enabled. All kprobes are optimized if possible.
[    0.539047] HugeTLB: registered 2.00 MiB page size, pre-allocated 0 pages
[    0.540056] HugeTLB: 28 KiB vmemmap can be freed for a 2.00 MiB page
[    0.541508] ACPI: Added _OSI(Module Device)
[    0.542055] ACPI: Added _OSI(Processor Device)
[    0.542655] ACPI: Added _OSI(3.0 _SCP Extensions)
[    0.543051] ACPI: Added _OSI(Processor Aggregator Device)
[    0.555979] ACPI: 1 ACPI AML tables successfully acquired and loaded
[    0.638240] ACPI: _OSC evaluation for CPUs failed, trying _PDC
[    0.640160] ACPI: Interpreter enabled
[    0.641143] ACPI: PM: (supports S0 S3 S4 S5)
[    0.642061] ACPI: Using IOAPIC for interrupt routing
[    0.643161] PCI: Using host bridge windows from ACPI; if necessary, use "pci=nocrs" and report a bug
[    0.644063] PCI: Using E820 reservations for host bridge windows
[    0.645713] ACPI: Enabled 2 GPEs in block 00 to 0F
[    0.664179] ACPI: PCI Root Bridge [PCI0] (domain 0000 [bus 00-ff])
[    0.665084] acpi PNP0A03:00: _OSC: OS supports [ASPM ClockPM Segments MSI HPX-Type3]
[    0.666062] acpi PNP0A03:00: _OSC: not requesting OS control; OS requires [ExtendedConfig ASPM ClockPM MSI]
[    0.667185] acpi PNP0A03:00: fail to add MMCONFIG information, can't access extended configuration space under this bridge
[    0.668505] PCI host bridge to bus 0000:00
[    0.669076] pci_bus 0000:00: root bus resource [io  0x0000-0x0cf7 window]
[    0.670075] pci_bus 0000:00: root bus resource [io  0x0d00-0xffff window]
[    0.671064] pci_bus 0000:00: root bus resource [mem 0x000a0000-0x000bffff window]
[    0.672070] pci_bus 0000:00: root bus resource [mem 0x80000000-0xfebfffff window]
[    0.673064] pci_bus 0000:00: root bus resource [mem 0x100000000-0x17fffffff window]
[    0.674069] pci_bus 0000:00: root bus resource [bus 00-ff]
[    0.675220] pci 0000:00:00.0: [8086:1237] type 00 class 0x060000
[    0.683700] pci 0000:00:01.0: [8086:7000] type 00 class 0x060100
[    0.692301] pci 0000:00:01.1: [8086:7010] type 00 class 0x010180
[    0.694919] pci 0000:00:01.1: reg 0x20: [io  0xc040-0xc04f]
[    0.695954] pci 0000:00:01.1: legacy IDE quirk: reg 0x10: [io  0x01f0-0x01f7]
[    0.696064] pci 0000:00:01.1: legacy IDE quirk: reg 0x14: [io  0x03f6]
[    0.697068] pci 0000:00:01.1: legacy IDE quirk: reg 0x18: [io  0x0170-0x0177]
[    0.698068] pci 0000:00:01.1: legacy IDE quirk: reg 0x1c: [io  0x0376]
[    0.699537] pci 0000:00:01.3: [8086:7113] type 00 class 0x068000
[    0.700781] pci 0000:00:01.3: quirk: [io  0x0600-0x063f] claimed by PIIX4 ACPI
[    0.701082] pci 0000:00:01.3: quirk: [io  0x0700-0x070f] claimed by PIIX4 SMB
[    0.702562] pci 0000:00:02.0: [1234:1111] type 00 class 0x030000
[    0.704062] pci 0000:00:02.0: reg 0x10: [mem 0xfd000000-0xfdffffff pref]
[    0.706413] pci 0000:00:02.0: reg 0x18: [mem 0xfebf0000-0xfebf0fff]
[    0.711053] pci 0000:00:02.0: reg 0x30: [mem 0xfebe0000-0xfebeffff pref]
[    0.711754] pci 0000:00:02.0: Video device with shadowed ROM at [mem 0x000c0000-0x000dffff]
[    0.719585] pci 0000:00:03.0: [8086:100e] type 00 class 0x020000
[    0.720873] pci 0000:00:03.0: reg 0x10: [mem 0xfebc0000-0xfebdffff]
[    0.722385] pci 0000:00:03.0: reg 0x14: [io  0xc000-0xc03f]
[    0.725922] pci 0000:00:03.0: reg 0x30: [mem 0xfeb80000-0xfebbffff pref]
[    0.735726] ACPI: PCI: Interrupt link LNKA configured for IRQ 10
[    0.736865] ACPI: PCI: Interrupt link LNKB configured for IRQ 10
[    0.737862] ACPI: PCI: Interrupt link LNKC configured for IRQ 11
[    0.738905] ACPI: PCI: Interrupt link LNKD configured for IRQ 11
[    0.739433] ACPI: PCI: Interrupt link LNKS configured for IRQ 9
[    0.742166] iommu: Default domain type: Translated
[    0.743060] iommu: DMA domain TLB invalidation policy: lazy mode
[    0.744483] SCSI subsystem initialized
[    0.745275] ACPI: bus type USB registered
[    0.745713] usbcore: registered new interface driver usbfs
[    0.746046] usbcore: registered new interface driver hub
[    0.746100] usbcore: registered new device driver usb
[    0.746607] pps_core: LinuxPPS API ver. 1 registered
[    0.747017] pps_core: Software ver. 5.3.6 - Copyright 2005-2007 Rodolfo Giometti <giometti@linux.it>
[    0.748085] PTP clock support registered
[    0.749153] Advanced Linux Sound Architecture Driver Initialized.
[    0.750599] NetLabel: Initializing
[    0.751054] NetLabel:  domain hash size = 128
[    0.751679] NetLabel:  protocols = UNLABELED CIPSOv4 CALIPSO
[    0.752151] NetLabel:  unlabeled traffic allowed by default
[    0.753127] PCI: Using ACPI for IRQ routing
[    0.754080] pci 0000:00:02.0: vgaarb: setting as boot VGA device
[    0.754835] pci 0000:00:02.0: vgaarb: bridge control possible
[    0.755046] pci 0000:00:02.0: vgaarb: VGA device added: decodes=io+mem,owns=io+mem,locks=none
[    0.757063] vgaarb: loaded
[    0.757598] hpet0: at MMIO 0xfed00000, IRQs 2, 8, 0
[    0.758053] hpet0: 3 comparators, 64-bit 100.000000 MHz counter
[    0.763181] clocksource: Switched to clocksource kvm-clock
[    0.811042] VFS: Disk quotas dquot_6.6.0
[    0.813456] VFS: Dquot-cache hash table entries: 512 (order 0, 4096 bytes)
[    0.814634] pnp: PnP ACPI init
[    0.817281] pnp: PnP ACPI: found 6 devices
[    0.831147] clocksource: acpi_pm: mask: 0xffffff max_cycles: 0xffffff, max_idle_ns: 2085701024 ns
[    0.832612] NET: Registered PF_INET protocol family
[    0.833419] IP idents hash table entries: 32768 (order: 6, 262144 bytes, linear)
[    0.835239] tcp_listen_portaddr_hash hash table entries: 1024 (order: 2, 16384 bytes, linear)
[    0.836111] Table-perturb hash table entries: 65536 (order: 6, 262144 bytes, linear)
[    0.837193] TCP established hash table entries: 16384 (order: 5, 131072 bytes, linear)
[    0.838107] TCP bind hash table entries: 16384 (order: 7, 524288 bytes, linear)
[    0.838796] TCP: Hash tables configured (established 16384 bind 16384)
[    0.840052] UDP hash table entries: 1024 (order: 3, 32768 bytes, linear)
[    0.841037] UDP-Lite hash table entries: 1024 (order: 3, 32768 bytes, linear)
[    0.842180] NET: Registered PF_UNIX/PF_LOCAL protocol family
[    0.843500] RPC: Registered named UNIX socket transport module.
[    0.844131] RPC: Registered udp transport module.
[    0.844506] RPC: Registered tcp transport module.
[    0.845184] RPC: Registered tcp-with-tls transport module.
[    0.845959] RPC: Registered tcp NFSv4.1 backchannel transport module.
[    0.847681] pci_bus 0000:00: resource 4 [io  0x0000-0x0cf7 window]
[    0.848879] pci_bus 0000:00: resource 5 [io  0x0d00-0xffff window]
[    0.851032] pci_bus 0000:00: resource 6 [mem 0x000a0000-0x000bffff window]
[    0.853095] pci_bus 0000:00: resource 7 [mem 0x80000000-0xfebfffff window]
[    0.854302] pci_bus 0000:00: resource 8 [mem 0x100000000-0x17fffffff window]
[    0.855708] pci 0000:00:01.0: PIIX3: Enabling Passive Release
[    0.857618] pci 0000:00:00.0: Limiting direct PCI/PCI transfers
[    0.859324] PCI: CLS 0 bytes, default 64
[    0.860544] Unpacking initramfs...
[    0.860980] RAPL PMU: API unit is 2^-32 Joules, 0 fixed counters, 10737418240 ms ovfl timer
[    0.863094] clocksource: tsc: mask: 0xffffffffffffffff max_cycles: 0x2df10e7656b, max_idle_ns: 440795364873 ns
[    0.869122] Initialise system trusted keyrings
[    0.870941] workingset: timestamp_bits=56 max_order=19 bucket_order=0
[    0.873632] NFS: Registering the id_resolver key type
[    0.875278] Key type id_resolver registered
[    0.876688] Key type id_legacy registered
[    0.878089] 9p: Installing v9fs 9p2000 file system support
[    0.880333] Freeing initrd memory: 1336K
[    0.888068] Key type asymmetric registered
[    0.888899] Asymmetric key parser 'x509' registered
[    0.890619] Block layer SCSI generic (bsg) driver version 0.4 loaded (major 251)
[    0.892196] io scheduler mq-deadline registered
[    0.893764] io scheduler kyber registered
[    0.895545] input: Power Button as /devices/LNXSYSTM:00/LNXPWRBN:00/input/input0
[    0.897367] ACPI: button: Power Button [PWRF]
[    0.899615] Serial: 8250/16550 driver, 4 ports, IRQ sharing enabled
[    0.902110] 00:04: ttyS0 at I/O 0x3f8 (irq = 4, base_baud = 115200) is a 16550A
[    0.905898] Non-volatile memory driver v1.3
[    0.907279] Linux agpgart interface v0.103
[    0.908845] ACPI: bus type drm_connector registered
[    0.916402] loop: module loaded
[    0.919511] scsi host0: ata_piix
[    0.921169] scsi host1: ata_piix
[    0.921941] ata1: PATA max MWDMA2 cmd 0x1f0 ctl 0x3f6 bmdma 0xc040 irq 14
[    0.923116] ata2: PATA max MWDMA2 cmd 0x170 ctl 0x376 bmdma 0xc048 irq 15
[    0.925879] e100: Intel(R) PRO/100 Network Driver
[    0.926545] e100: Copyright(c) 1999-2006 Intel Corporation
[    0.927371] e1000: Intel(R) PRO/1000 Network Driver
[    0.928069] e1000: Copyright (c) 1999-2006 Intel Corporation.
[    1.083250] ata2: found unknown device (class 0)
[    1.085575] ata2.00: ATAPI: QEMU DVD-ROM, 2.5+, max UDMA/100
[    1.088881] scsi 1:0:0:0: CD-ROM            QEMU     QEMU DVD-ROM     2.5+ PQ: 0 ANSI: 5
[    1.141651] sr 1:0:0:0: [sr0] scsi3-mmc drive: 4x/4x cd/rw xa/form2 tray
[    1.143901] cdrom: Uniform CD-ROM driver Revision: 3.20
[    1.152655] sr 1:0:0:0: Attached scsi generic sg0 type 5
[    1.563957] ACPI: \_SB_.LNKC: Enabled at IRQ 11
[    1.877581] e1000 0000:00:03.0 eth0: (PCI:33MHz:32-bit) 52:54:00:12:34:56
[    1.879898] e1000 0000:00:03.0 eth0: Intel(R) PRO/1000 Network Connection
[    1.881607] e1000e: Intel(R) PRO/1000 Network Driver
[    1.883194] e1000e: Copyright(c) 1999 - 2015 Intel Corporation.
[    1.885268] sky2: driver version 1.30
[    1.886794] usbcore: registered new interface driver usblp
[    1.888716] usbcore: registered new interface driver usb-storage
[    1.890455] i8042: PNP: PS/2 Controller [PNP0303:KBD,PNP0f13:MOU] at 0x60,0x64 irq 1,12
[    1.894014] serio: i8042 KBD port at 0x60,0x64 irq 1
[    1.895225] serio: i8042 AUX port at 0x60,0x64 irq 12
[    1.897117] input: AT Translated Set 2 keyboard as /devices/platform/i8042/serio0/input/input1
[    1.897897] rtc_cmos 00:05: RTC can wake from S4
[    1.902044] rtc_cmos 00:05: registered as rtc0
[    1.904112] rtc_cmos 00:05: alarms up to one day, y3k, 242 bytes nvram, hpet irqs
[    1.907658] device-mapper: ioctl: 4.48.0-ioctl (2023-03-01) initialised: dm-devel@redhat.com
[    1.909842] intel_pstate: CPU model not supported
[    1.911652] hid: raw HID events driver (C) Jiri Kosina
[    1.914070] usbcore: registered new interface driver usbhid
[    1.915938] usbhid: USB HID core driver
[    1.918326] Initializing XFRM netlink socket
[    1.919800] NET: Registered PF_INET6 protocol family
[    1.923389] Segment Routing with IPv6
[    1.924671] In-situ OAM (IOAM) with IPv6
[    1.926082] sit: IPv6, IPv4 and MPLS over IPv4 tunneling driver
[    1.928611] NET: Registered PF_PACKET protocol family
[    1.930189] 9pnet: Installing 9P2000 support
[    1.931273] Key type dns_resolver registered
[    1.933361] IPI shorthand broadcast: enabled
[    1.948633] sched_clock: Marking stable (1669007323, 278732806)->(2054307865, -106567736)
[    1.950656] registered taskstats version 1
[    1.951447] Loading compiled-in X.509 certificates
[    1.965145] PM:   Magic number: 10:872:882
[    1.966728] printk: console [netcon0] enabled
[    1.968225] netconsole: network logging started
[    1.970020] cfg80211: Loading compiled-in X.509 certificates for regulatory database
[    1.973156] kworker/u4:1 (51) used greatest stack depth: 29536 bytes left
[    1.976066] Loaded X.509 cert 'sforshee: 00b28ddf47aef9cea7'
[    1.977489] platform regulatory.0: Direct firmware load for regulatory.db failed with error -2
[    1.980261] ALSA device list:
[    1.981324]   No soundcards found.
[    1.984252] Freeing unused kernel image (initmem) memory: 5656K
[    1.985040] cfg80211: failed to load regulatory.db
[    1.990825] Write protecting the kernel read-only data: 59392k
[    1.992745] Freeing unused kernel image (rodata/data gap) memory: 16K
[    2.008874] x86/mm: Checked W+X mappings: passed, no W+X pages found.
[    2.010744] Run /init as init process
[    2.014813] mount (55) used greatest stack depth: 28744 bytes left
[    2.019238] mount (57) used greatest stack depth: 28736 bytes left

secb: rootfs ready
---- poc begin ----
poc: start: CVE-2023-4921 qfq+plug UAF (qfq_dequeue)
[    2.036622] ==================================================================
[    2.038659] BUG: KASAN: slab-use-after-free in qfq_dequeue+0xd4f/0x1710
[    2.040144] Read of size 4 at addr ffff888009abc7a8 by task poc/61
[    2.041264] 
[    2.041663] CPU: 0 PID: 61 Comm: poc Not tainted 6.5.0-04025-g2861f09c1112-dirty #1
[    2.043666] Hardware name: QEMU Standard PC (i440FX + PIIX, 1996), BIOS 1.16.2-debian-1.16.2-1 04/01/2014
[    2.046008] Call Trace:
[    2.046317]  <IRQ>
[    2.046566]  dump_stack_lvl+0x36/0x50
[    2.047448]  print_report+0xcf/0x660
[    2.048552]  ? qfq_dequeue+0xd4f/0x1710
[    2.049631]  kasan_report+0xc7/0x100
[    2.050621]  ? qfq_dequeue+0xd4f/0x1710
[    2.051658]  qfq_dequeue+0xd4f/0x1710
[    2.052698]  __qdisc_run+0x178/0x1780
[    2.053187]  net_tx_action+0x410/0x6b0
[    2.053628]  ? ttwu_do_activate.constprop.0+0xd7/0x500
[    2.055000]  __do_softirq+0x1bf/0x5b5
[    2.056097]  ? __pfx___do_softirq+0x10/0x10
[    2.057230]  ? tick_nohz_stop_idle+0x9a/0x1e0
[    2.058038]  do_softirq+0x3e/0x60
[    2.058436]  </IRQ>
[    2.058695]  <TASK>
[    2.059296]  __local_bh_enable_ip+0x63/0x70
[    2.060468]  __dev_queue_xmit+0x8bc/0x2e80
[    2.061596]  ? _raw_write_lock_bh+0x20/0xe0
[    2.062687]  ? __pfx__raw_write_lock_bh+0x10/0x10
[    2.063857]  ? __kasan_kmalloc+0x8f/0xa0
[    2.064314]  ? __pfx___dev_queue_xmit+0x10/0x10
[    2.065017]  ? __pfx__raw_write_lock_bh+0x10/0x10
[    2.066326]  ? eth_header+0x14f/0x180
[    2.067348]  ? neigh_resolve_output+0x3b5/0x7e0
[    2.068159]  ip_finish_output2+0x8f7/0x1ad0
[    2.068653]  ? crng_make_state+0x73/0x190
[    2.069717]  ? __pfx_ip_finish_output2+0x10/0x10
[    2.071052]  __ip_finish_output.part.0+0x271/0x950
[    2.072350]  ? __pfx___ip_finish_output.part.0+0x10/0x10
[    2.073778]  ? nf_hook_slow+0xa2/0x170
[    2.074217]  ip_output+0x25d/0x5d0
[    2.074623]  ? __ip_local_out+0x2e3/0x3c0
[    2.075602]  ? __pfx_ip_output+0x10/0x10
[    2.076721]  ? __ip_make_skb+0xd9a/0x25d0
[    2.077843]  ? __pfx_ip_finish_output+0x10/0x10
[    2.078902]  ? ip_append_data+0xc6/0x170
[    2.079359]  ip_push_pending_frames+0x152/0x1a0
[    2.079908]  raw_sendmsg+0xec0/0x2660
[    2.080334]  ? kasan_save_stack+0x40/0x60
[    2.081019]  ? __pfx_raw_sendmsg+0x10/0x10
[    2.082146]  ? __pfx_selinux_socket_sendmsg+0x10/0x10
[    2.083081]  ? __pfx_inet_sendmsg+0x10/0x10
[    2.083557]  ? sock_sendmsg+0x16c/0x210
[    2.084427]  sock_sendmsg+0x16c/0x210
[    2.085472]  __sys_sendto+0x1eb/0x2b0
[    2.086498]  ? __pfx___sys_sendto+0x10/0x10
[    2.087625]  ? alloc_fd+0x1a6/0x550
[    2.088593]  ? __pfx___sys_socket+0x10/0x10
[    2.089217]  __x64_sys_sendto+0xdb/0x1b0
[    2.089688]  ? exit_to_user_mode_prepare+0x2a/0x110
[    2.091041]  ? syscall_exit_to_user_mode+0x2f/0x50
[    2.092337]  do_syscall_64+0x3b/0x90
[    2.093363]  entry_SYSCALL_64_after_hwframe+0x6e/0xd8
[    2.094780] RIP: 0033:0x43b683
[    2.095592] Code: c7 c2 b8 ff ff ff f7 d8 64 89 02 48 c7 c0 ff ff ff ff eb b8 0f 1f 00 80 3d e1 b9 06 00 00 41 89 ca 74 14 b8 2c 00 00 00 0f 05 <48> 3d 00 f0 ff ff 77 75 c3 0f 1f 40 00 55 48 83 ec 30 44 89 4c 24
[    2.099559] RSP: 002b:00007fff23a9f998 EFLAGS: 00000202 ORIG_RAX: 000000000000002c
[    2.101515] RAX: ffffffffffffffda RBX: 0000000000000008 RCX: 000000000043b683
[    2.103069] RDX: 0000000000000040 RSI: 00007fff23a9f9c0 RDI: 0000000000000004
[    2.104139] RBP: 0000000000000004 R08: 00007fff23a9f9b0 R09: 0000000000000010
[    2.106131] R10: 0000000000000040 R11: 0000000000000202 R12: 00007fff23a9f9c0
[    2.107945] R13: 00007fff23a9f9b0 R14: 0000000000000010 R15: 0000000001003412
[    2.109764]  </TASK>
[    2.110325] 
[    2.110713] Allocated by task 61:
[    2.111140]  kasan_save_stack+0x33/0x60
[    2.111599]  kasan_set_track+0x25/0x30
[    2.112086]  __kasan_slab_alloc+0x6e/0x70
[    2.112556]  kmem_cache_alloc_node+0x10e/0x280
[    2.113157]  __alloc_skb+0x1cd/0x280
[    2.113576]  __ip_append_data+0x25c1/0x3de0
[    2.114109]  ip_append_data+0xc6/0x170
[    2.114557]  raw_sendmsg+0xaa6/0x2660
[    2.115441]  sock_sendmsg+0x16c/0x210
[    2.116055]  __sys_sendto+0x1eb/0x2b0
[    2.116478]  __x64_sys_sendto+0xdb/0x1b0
[    2.117197]  do_syscall_64+0x3b/0x90
[    2.118121]  entry_SYSCALL_64_after_hwframe+0x6e/0xd8
[    2.119384] 
[    2.119777] Freed by task 61:
[    2.120512]  kasan_save_stack+0x33/0x60
[    2.121533]  kasan_set_track+0x25/0x30
[    2.122539]  kasan_save_free_info+0x2b/0x50
[    2.123615]  __kasan_slab_free+0x10a/0x180
[    2.124674]  kmem_cache_free+0xa5/0x380
[    2.125704]  __netif_receive_skb_core.constprop.0+0x454/0x3470
[    2.126408]  __netif_receive_skb_one_core+0xaa/0x1b0
[    2.127316]  process_backlog+0x18b/0x520
[    2.128364]  __napi_poll+0x9e/0x4f0
[    2.129342]  net_rx_action+0x897/0xd50
[    2.130336]  __do_softirq+0x1bf/0x5b5
[    2.131254] 
[    2.131643] The buggy address belongs to the object at ffff888009abc780
[    2.131643]  which belongs to the cache skbuff_head_cache of size 224
[    2.134806] The buggy address is located 40 bytes inside of
[    2.134806]  freed 224-byte region [ffff888009abc780, ffff888009abc860)
[    2.137547] 
[    2.137756] The buggy address belongs to the physical page:
[    2.138390] page:00000000cb77529a refcount:1 mapcount:0 mapping:0000000000000000 index:0x0 pfn:0x9abc
[    2.139440] flags: 0x100000000000200(slab|node=0|zone=1)
[    2.140459] page_type: 0xffffffff()
[    2.141392] raw: 0100000000000200 ffff8880065828c0 dead000000000122 0000000000000000
[    2.143423] raw: 0000000000000000 00000000800c000c 00000001ffffffff 0000000000000000
[    2.145409] page dumped because: kasan: bad access detected
[    2.146826] 
[    2.147244] Memory state around the buggy address:
[    2.148425]  ffff888009abc680: fb fb fb fb fb fb fb fb fb fb fb fb fb fb fb fb
[    2.150182]  ffff888009abc700: fb fb fb fb fc fc fc fc fc fc fc fc fc fc fc fc
[    2.151977] >ffff888009abc780: fa fb fb fb fb fb fb fb fb fb fb fb fb fb fb fb
[    2.153756]                                   ^
[    2.154873]  ffff888009abc800: fb fb fb fb fb fb fb fb fb fb fb fb fc fc fc fc
[    2.156634]  ffff888009abc880: fc fc fc fc fc fc fc fc fc fc fc fc fc fc fc fc
[    2.158468] ==================================================================
[    2.160322] Disabling lock debugging due to kernel taint
[    2.572674] input: ImExPS/2 Generic Explorer Mouse as /devices/platform/i8042/serio1/input/input3
[    3.340214] poc (61) used greatest stack depth: 26704 bytes left
poc: done
---- poc end rc=0 ----
secb: poc exited without crashing the kernel
[    4.801645] ACPI: PM: Preparing to enter system sleep state S5
[    4.805787] reboot: Power down
CONFIRMED: KASAN_UAF
