bash: warning: setlocale: LC_ALL: cannot change locale (en_US.UTF-8)
c[?7l[2J[0mSeaBIOS (version 1.16.2-debian-1.16.2-1)


iPXE (http://ipxe.org) 00:03.0 CA00 PCI2.10 PnP PMM+7EFCEF00+7EF0EF00 CA00
Press Ctrl-B to configure iPXE (PCI 00:03.0)...                                                                               


Booting from ROM..c[?7l[2J[    0.000000] Linux version 6.5.0-04027-g6c71c03f5d7b-dirty (root@buildkitsandbox) (gcc (Debian 12.2.0-14+deb12u1) 12.2.0, GNU ld (GNU Binutils for Debian) 2.40) #2 SMP PREEMPT_DYNAMIC Tue May  5 11:53:15 UTC 2026
[    0.000000] Command line: console=ttyS0 oops=panic nokaslr rdinit=/init
[    0.000000] BIOS-provided physical RAM map:
[    0.000000] BIOS-e820: [mem 0x0000000000000000-0x000000000009fbff] usable
[    0.000000] BIOS-e820: [mem 0x000000000009fc00-0x000000000009ffff] reserved
[    0.000000] BIOS-e820: [mem 0x00000000000f0000-0x00000000000fffff] reserved
[    0.000000] BIOS-e820: [mem 0x0000000000100000-0x000000007ffdffff] usable
[    0.000000] BIOS-e820: [mem 0x000000007ffe0000-0x000000007fffffff] reserved
[    0.000000] BIOS-e820: [mem 0x00000000feffc000-0x00000000feffffff] reserved
[    0.000000] BIOS-e820: [mem 0x00000000fffc0000-0x00000000ffffffff] reserved
[    0.000000] NX (Execute Disable) protection: active
[    0.000000] SMBIOS 2.8 present.
[    0.000000] DMI: QEMU Standard PC (i440FX + PIIX, 1996), BIOS 1.16.2-debian-1.16.2-1 04/01/2014
[    0.000000] Hypervisor detected: KVM
[    0.000000] kvm-clock: Using msrs 4b564d01 and 4b564d00
[    0.000000] kvm-clock: using sched offset of 315897575 cycles
[    0.000002] clocksource: kvm-clock: mask: 0xffffffffffffffff max_cycles: 0x1cd42e4dffb, max_idle_ns: 881590591483 ns
[    0.000004] tsc: Detected 3187.200 MHz processor
[    0.000303] last_pfn = 0x7ffe0 max_arch_pfn = 0x400000000
[    0.000322] MTRR map: 4 entries (3 fixed + 1 variable; max 19), built from 8 variable MTRRs
[    0.000324] x86/PAT: Configuration [0-7]: WB  WC  UC- UC  WB  WP  UC- WT  
[    0.002257] found SMP MP-table at [mem 0x000f5ba0-0x000f5baf]
[    0.002266] Using GB pages for direct mapping
[    0.002267] Incomplete global flushes, disabling PCID
[    0.002365] RAMDISK: [mem 0x7fe92000-0x7ffdffff]
[    0.002369] ACPI: Early table checksum verification disabled
[    0.002372] ACPI: RSDP 0x00000000000F59D0 000014 (v00 BOCHS )
[    0.002375] ACPI: RSDT 0x000000007FFE1B33 000034 (v01 BOCHS  BXPC     00000001 BXPC 00000001)
[    0.002380] ACPI: FACP 0x000000007FFE19DF 000074 (v01 BOCHS  BXPC     00000001 BXPC 00000001)
[    0.002385] ACPI: DSDT 0x000000007FFE0040 00199F (v01 BOCHS  BXPC     00000001 BXPC 00000001)
[    0.002387] ACPI: FACS 0x000000007FFE0000 000040
[    0.002389] ACPI: APIC 0x000000007FFE1A53 000080 (v01 BOCHS  BXPC     00000001 BXPC 00000001)
[    0.002392] ACPI: HPET 0x000000007FFE1AD3 000038 (v01 BOCHS  BXPC     00000001 BXPC 00000001)
[    0.002394] ACPI: WAET 0x000000007FFE1B0B 000028 (v01 BOCHS  BXPC     00000001 BXPC 00000001)
[    0.002396] ACPI: Reserving FACP table memory at [mem 0x7ffe19df-0x7ffe1a52]
[    0.002397] ACPI: Reserving DSDT table memory at [mem 0x7ffe0040-0x7ffe19de]
[    0.002398] ACPI: Reserving FACS table memory at [mem 0x7ffe0000-0x7ffe003f]
[    0.002398] ACPI: Reserving APIC table memory at [mem 0x7ffe1a53-0x7ffe1ad2]
[    0.002399] ACPI: Reserving HPET table memory at [mem 0x7ffe1ad3-0x7ffe1b0a]
[    0.002399] ACPI: Reserving WAET table memory at [mem 0x7ffe1b0b-0x7ffe1b32]
[    0.002594] No NUMA configuration found
[    0.002594] Faking a node at [mem 0x0000000000000000-0x000000007ffdffff]
[    0.002596] NODE_DATA(0) allocated [mem 0x7fe8e000-0x7fe91fff]
[    0.002604] Zone ranges:
[    0.002605]   DMA      [mem 0x0000000000001000-0x0000000000ffffff]
[    0.002606]   DMA32    [mem 0x0000000001000000-0x000000007ffdffff]
[    0.002607]   Normal   empty
[    0.002608] Movable zone start for each node
[    0.002608] Early memory node ranges
[    0.002609]   node   0: [mem 0x0000000000001000-0x000000000009efff]
[    0.002611]   node   0: [mem 0x0000000000100000-0x000000007ffdffff]
[    0.002612] Initmem setup node 0 [mem 0x0000000000001000-0x000000007ffdffff]
[    0.003863] On node 0, zone DMA: 1 pages in unavailable ranges
[    0.003899] On node 0, zone DMA: 97 pages in unavailable ranges
[    0.029253] On node 0, zone DMA32: 32 pages in unavailable ranges
[    0.667747] kasan: KernelAddressSanitizer initialized
[    0.667958] ACPI: PM-Timer IO Port: 0x608
[    0.667964] ACPI: LAPIC_NMI (acpi_id[0xff] dfl dfl lint[0x1])
[    0.667989] IOAPIC[0]: apic_id 0, version 17, address 0xfec00000, GSI 0-23
[    0.667991] ACPI: INT_SRC_OVR (bus 0 bus_irq 0 global_irq 2 dfl dfl)
[    0.667993] ACPI: INT_SRC_OVR (bus 0 bus_irq 5 global_irq 5 high level)
[    0.667993] ACPI: INT_SRC_OVR (bus 0 bus_irq 9 global_irq 9 high level)
[    0.667994] ACPI: INT_SRC_OVR (bus 0 bus_irq 10 global_irq 10 high level)
[    0.667995] ACPI: INT_SRC_OVR (bus 0 bus_irq 11 global_irq 11 high level)
[    0.667997] ACPI: Using ACPI (MADT) for SMP configuration information
[    0.667997] ACPI: HPET id: 0x8086a201 base: 0xfed00000
[    0.668000] TSC deadline timer available
[    0.668001] smpboot: Allowing 2 CPUs, 0 hotplug CPUs
[    0.668019] kvm-guest: KVM setup pv remote TLB flush
[    0.668021] kvm-guest: setup PV sched yield
[    0.668026] PM: hibernation: Registered nosave memory: [mem 0x00000000-0x00000fff]
[    0.668027] PM: hibernation: Registered nosave memory: [mem 0x0009f000-0x0009ffff]
[    0.668028] PM: hibernation: Registered nosave memory: [mem 0x000a0000-0x000effff]
[    0.668028] PM: hibernation: Registered nosave memory: [mem 0x000f0000-0x000fffff]
[    0.668029] [mem 0x80000000-0xfeffbfff] available for PCI devices
[    0.668030] Booting paravirtualized kernel on KVM
[    0.668032] clocksource: refined-jiffies: mask: 0xffffffff max_cycles: 0xffffffff, max_idle_ns: 1910969940391419 ns
[    0.675924] setup_percpu: NR_CPUS:64 nr_cpumask_bits:2 nr_cpu_ids:2 nr_node_ids:1
[    0.695014] percpu: Embedded 66 pages/cpu s232168 r8192 d29976 u1048576
[    0.695049] Kernel command line: console=ttyS0 oops=panic nokaslr rdinit=/init
[    0.695096] random: crng init done
[    0.696651] Dentry cache hash table entries: 262144 (order: 9, 2097152 bytes, linear)
[    0.697857] Inode-cache hash table entries: 131072 (order: 8, 1048576 bytes, linear)
[    0.697922] Fallback order for Node 0: 0 
[    0.697925] Built 1 zonelists, mobility grouping on.  Total pages: 515808
[    0.697926] Policy zone: DMA32
[    0.697927] mem auto-init: stack:all(zero), heap alloc:off, heap free:off
[    0.697928] stackdepot: allocating hash table via alloc_large_system_hash
[    0.704198] stackdepot hash table entries: 1048576 (order: 11, 8388608 bytes, linear)
[    0.724741] Memory: 1692960K/2096632K available (49152K kernel code, 8000K rwdata, 10224K rodata, 5656K init, 2860K bss, 403416K reserved, 0K cma-reserved)
[    0.724864] SLUB: HWalign=64, Order=0-3, MinObjects=0, CPUs=2, Nodes=1
[    0.725876] Dynamic Preempt: voluntary
[    0.726770] rcu: Preemptible hierarchical RCU implementation.
[    0.726772] rcu: 	RCU event tracing is enabled.
[    0.726772] rcu: 	RCU restricting CPUs from NR_CPUS=64 to nr_cpu_ids=2.
[    0.726773] 	Trampoline variant of Tasks RCU enabled.
[    0.726774] rcu: RCU calculated value of scheduler-enlistment delay is 100 jiffies.
[    0.726775] rcu: Adjusting geometry for rcu_fanout_leaf=16, nr_cpu_ids=2
[    0.732821] NR_IRQS: 4352, nr_irqs: 440, preallocated irqs: 16
[    0.733044] rcu: srcu_init: Setting srcu_struct sizes based on contention.
[    0.735322] Console: colour VGA+ 80x25
[    0.735345] printk: console [ttyS0] enabled
[    0.769437] ACPI: Core revision 20230628
[    0.769782] clocksource: hpet: mask: 0xffffffff max_cycles: 0xffffffff, max_idle_ns: 19112604467 ns
[    0.770356] APIC: Switch to symmetric I/O mode setup
[    0.770636] kvm-guest: setup PV IPIs
[    0.771462] ..TIMER: vector=0x30 apic1=0 pin1=2 apic2=-1 pin2=-1
[    0.771811] clocksource: tsc-early: mask: 0xffffffffffffffff max_cycles: 0x2df10e7656b, max_idle_ns: 440795364873 ns
[    0.772415] Calibrating delay loop (skipped) preset value.. 6374.40 BogoMIPS (lpj=3187200)
[    0.772948] x86/cpu: User Mode Instruction Prevention (UMIP) activated
[    0.773439] Last level iTLB entries: 4KB 0, 2MB 0, 4MB 0
[    0.773736] Last level dTLB entries: 4KB 0, 2MB 0, 4MB 0, 1GB 0
[    0.774071] Spectre V1 : Mitigation: usercopy/swapgs barriers and __user pointer sanitization
[    0.774412] Spectre V2 : Mitigation: Enhanced / Automatic IBRS
[    0.774739] Spectre V2 : Spectre v2 / SpectreRSB mitigation: Filling RSB on context switch
[    0.775202] Spectre V2 : Spectre v2 / PBRSB-eIBRS: Retire a single CALL on VMEXIT
[    0.775411] Spectre V2 : mitigation: Enabling conditional Indirect Branch Prediction Barrier
[    0.775884] Speculative Store Bypass: Mitigation: Speculative Store Bypass disabled via prctl
[    0.776411] MMIO Stale Data: Unknown: No mitigations
[    0.776705] x86/fpu: Supporting XSAVE feature 0x001: 'x87 floating point registers'
[    0.777412] x86/fpu: Supporting XSAVE feature 0x002: 'SSE registers'
[    0.777788] x86/fpu: Supporting XSAVE feature 0x004: 'AVX registers'
[    0.778167] x86/fpu: Supporting XSAVE feature 0x200: 'Protection Keys User registers'
[    0.778412] x86/fpu: xstate_offset[2]:  576, xstate_sizes[2]:  256
[    0.778781] x86/fpu: xstate_offset[9]:  832, xstate_sizes[9]:    8
[    0.779410] x86/fpu: Enabled xstate features 0x207, context size is 840 bytes, using 'compacted' format.
[    0.796829] Freeing SMP alternatives memory: 44K
[    0.797165] pid_max: default: 32768 minimum: 301
[    0.797466] LSM: initializing lsm=capability,selinux,integrity
[    0.797814] SELinux:  Initializing.
[    0.798083] Mount-cache hash table entries: 4096 (order: 3, 32768 bytes, linear)
[    0.798413] Mountpoint-cache hash table entries: 4096 (order: 3, 32768 bytes, linear)
[    0.799915] smpboot: CPU0: Intel(R) Core(TM) i9-14900K (family: 0x6, model: 0xb7, stepping: 0x1)
[    0.800410] RCU Tasks: Setting shift to 1 and lim to 1 rcu_task_cb_adjust=1.
[    0.800445] Performance Events: unsupported p6 CPU model 183 no PMU driver, software events only.
[    0.800977] signal: max sigframe size: 3632
[    0.801265] rcu: Hierarchical SRCU implementation.
[    0.801411] rcu: 	Max phase no-delay instances is 400.
[    0.802181] smp: Bringing up secondary CPUs ...
[    0.802638] smpboot: x86: Booting SMP configuration:
[    0.802928] .... node  #0, CPUs:      #1
[    0.803007] smp: Brought up 1 node, 2 CPUs
[    0.803653] smpboot: Max logical packages: 1
[    0.803901] smpboot: Total of 2 processors activated (12748.80 BogoMIPS)
[    0.808477] devtmpfs: initialized
[    0.810895] clocksource: jiffies: mask: 0xffffffff max_cycles: 0xffffffff, max_idle_ns: 1911260446275000 ns
[    0.811413] futex hash table entries: 512 (order: 3, 32768 bytes, linear)
[    0.811939] PM: RTC time: 11:56:31, date: 2026-05-05
[    0.812394] NET: Registered PF_NETLINK/PF_ROUTE protocol family
[    0.812651] audit: initializing netlink subsys (disabled)
[    0.813024] audit: type=2000 audit(1777982191.390:1): state=initialized audit_enabled=0 res=1
[    0.813024] thermal_sys: Registered thermal governor 'step_wise'
[    0.813411] thermal_sys: Registered thermal governor 'user_space'
[    0.813796] cpuidle: using governor menu
[    0.814649] PCI: Using configuration type 1 for base access
[    0.815153] kprobes: kprobe jump-optimization is enabled. All kprobes are optimized if possible.
[    0.817653] HugeTLB: registered 2.00 MiB page size, pre-allocated 0 pages
[    0.818059] HugeTLB: 28 KiB vmemmap can be freed for a 2.00 MiB page
[    0.819535] ACPI: Added _OSI(Module Device)
[    0.819796] ACPI: Added _OSI(Processor Device)
[    0.820070] ACPI: Added _OSI(3.0 _SCP Extensions)
[    0.820358] ACPI: Added _OSI(Processor Aggregator Device)
[    0.837469] ACPI: 1 ACPI AML tables successfully acquired and loaded
[    0.869439] ACPI: _OSC evaluation for CPUs failed, trying _PDC
[    0.870407] ACPI: Interpreter enabled
[    0.870442] ACPI: PM: (supports S0 S3 S4 S5)
[    0.870694] ACPI: Using IOAPIC for interrupt routing
[    0.871023] PCI: Using host bridge windows from ACPI; if necessary, use "pci=nocrs" and report a bug
[    0.871411] PCI: Using E820 reservations for host bridge windows
[    0.872086] ACPI: Enabled 2 GPEs in block 00 to 0F
[    0.882642] ACPI: PCI Root Bridge [PCI0] (domain 0000 [bus 00-ff])
[    0.883023] acpi PNP0A03:00: _OSC: OS supports [ASPM ClockPM Segments MSI HPX-Type3]
[    0.883412] acpi PNP0A03:00: _OSC: not requesting OS control; OS requires [ExtendedConfig ASPM ClockPM MSI]
[    0.884044] acpi PNP0A03:00: fail to add MMCONFIG information, can't access extended configuration space under this bridge
[    0.884583] PCI host bridge to bus 0000:00
[    0.884833] pci_bus 0000:00: root bus resource [io  0x0000-0x0cf7 window]
[    0.885246] pci_bus 0000:00: root bus resource [io  0x0d00-0xffff window]
[    0.885412] pci_bus 0000:00: root bus resource [mem 0x000a0000-0x000bffff window]
[    0.885861] pci_bus 0000:00: root bus resource [mem 0x80000000-0xfebfffff window]
[    0.886311] pci_bus 0000:00: root bus resource [mem 0x100000000-0x17fffffff window]
[    0.886413] pci_bus 0000:00: root bus resource [bus 00-ff]
[    0.886843] pci 0000:00:00.0: [8086:1237] type 00 class 0x060000
[    0.891222] pci 0000:00:01.0: [8086:7000] type 00 class 0x060100
[    0.896306] pci 0000:00:01.1: [8086:7010] type 00 class 0x010180
[    0.897261] pci 0000:00:01.1: reg 0x20: [io  0xc040-0xc04f]
[    0.897820] pci 0000:00:01.1: legacy IDE quirk: reg 0x10: [io  0x01f0-0x01f7]
[    0.898260] pci 0000:00:01.1: legacy IDE quirk: reg 0x14: [io  0x03f6]
[    0.898416] pci 0000:00:01.1: legacy IDE quirk: reg 0x18: [io  0x0170-0x0177]
[    0.898854] pci 0000:00:01.1: legacy IDE quirk: reg 0x1c: [io  0x0376]
[    0.899450] pci 0000:00:01.3: [8086:7113] type 00 class 0x068000
[    0.900046] pci 0000:00:01.3: quirk: [io  0x0600-0x063f] claimed by PIIX4 ACPI
[    0.900415] pci 0000:00:01.3: quirk: [io  0x0700-0x070f] claimed by PIIX4 SMB
[    0.900995] pci 0000:00:02.0: [1234:1111] type 00 class 0x030000
[    0.901624] pci 0000:00:02.0: reg 0x10: [mem 0xfd000000-0xfdffffff pref]
[    0.902916] pci 0000:00:02.0: reg 0x18: [mem 0xfebf0000-0xfebf0fff]
[    0.904852] pci 0000:00:02.0: reg 0x30: [mem 0xfebe0000-0xfebeffff pref]
[    0.905541] pci 0000:00:02.0: Video device with shadowed ROM at [mem 0x000c0000-0x000dffff]
[    0.910479] pci 0000:00:03.0: [8086:100e] type 00 class 0x020000
[    0.911191] pci 0000:00:03.0: reg 0x10: [mem 0xfebc0000-0xfebdffff]
[    0.911733] pci 0000:00:03.0: reg 0x14: [io  0xc000-0xc03f]
[    0.913391] pci 0000:00:03.0: reg 0x30: [mem 0xfeb80000-0xfebbffff pref]
[    0.918556] ACPI: PCI: Interrupt link LNKA configured for IRQ 10
[    0.919332] ACPI: PCI: Interrupt link LNKB configured for IRQ 10
[    0.919789] ACPI: PCI: Interrupt link LNKC configured for IRQ 11
[    0.920533] ACPI: PCI: Interrupt link LNKD configured for IRQ 11
[    0.921118] ACPI: PCI: Interrupt link LNKS configured for IRQ 9
[    0.922731] iommu: Default domain type: Translated
[    0.923019] iommu: DMA domain TLB invalidation policy: lazy mode
[    0.923689] SCSI subsystem initialized
[    0.923950] ACPI: bus type USB registered
[    0.924487] usbcore: registered new interface driver usbfs
[    0.924908] usbcore: registered new interface driver hub
[    0.925299] usbcore: registered new device driver usb
[    0.925545] pps_core: LinuxPPS API ver. 1 registered
[    0.925891] pps_core: Software ver. 5.3.6 - Copyright 2005-2007 Rodolfo Giometti <giometti@linux.it>
[    0.926438] PTP clock support registered
[    0.927528] Advanced Linux Sound Architecture Driver Initialized.
[    0.927951] NetLabel: Initializing
[    0.928194] NetLabel:  domain hash size = 128
[    0.928411] NetLabel:  protocols = UNLABELED CIPSOv4 CALIPSO
[    0.928886] NetLabel:  unlabeled traffic allowed by default
[    0.929475] PCI: Using ACPI for IRQ routing
[    0.930441] pci 0000:00:02.0: vgaarb: setting as boot VGA device
[    0.930861] pci 0000:00:02.0: vgaarb: bridge control possible
[    0.931259] pci 0000:00:02.0: vgaarb: VGA device added: decodes=io+mem,owns=io+mem,locks=none
[    0.931411] vgaarb: loaded
[    0.931752] hpet0: at MMIO 0xfed00000, IRQs 2, 8, 0
[    0.932120] hpet0: 3 comparators, 64-bit 100.000000 MHz counter
[    0.936459] clocksource: Switched to clocksource kvm-clock
[    0.937182] VFS: Disk quotas dquot_6.6.0
[    0.937394] VFS: Dquot-cache hash table entries: 512 (order 0, 4096 bytes)
[    0.943402] pnp: PnP ACPI init
[    0.944801] pnp: PnP ACPI: found 6 devices
[    0.952565] clocksource: acpi_pm: mask: 0xffffff max_cycles: 0xffffff, max_idle_ns: 2085701024 ns
[    0.953164] NET: Registered PF_INET protocol family
[    0.954432] IP idents hash table entries: 32768 (order: 6, 262144 bytes, linear)
[    0.955418] tcp_listen_portaddr_hash hash table entries: 1024 (order: 2, 16384 bytes, linear)
[    0.955938] Table-perturb hash table entries: 65536 (order: 6, 262144 bytes, linear)
[    0.956419] TCP established hash table entries: 16384 (order: 5, 131072 bytes, linear)
[    0.956947] TCP bind hash table entries: 16384 (order: 7, 524288 bytes, linear)
[    0.957610] TCP: Hash tables configured (established 16384 bind 16384)
[    0.958098] UDP hash table entries: 1024 (order: 3, 32768 bytes, linear)
[    0.958520] UDP-Lite hash table entries: 1024 (order: 3, 32768 bytes, linear)
[    0.959050] NET: Registered PF_UNIX/PF_LOCAL protocol family
[    0.960671] RPC: Registered named UNIX socket transport module.
[    0.961028] RPC: Registered udp transport module.
[    0.961310] RPC: Registered tcp transport module.
[    0.961592] RPC: Registered tcp-with-tls transport module.
[    0.961911] RPC: Registered tcp NFSv4.1 backchannel transport module.
[    0.964981] pci_bus 0000:00: resource 4 [io  0x0000-0x0cf7 window]
[    0.965350] pci_bus 0000:00: resource 5 [io  0x0d00-0xffff window]
[    0.965713] pci_bus 0000:00: resource 6 [mem 0x000a0000-0x000bffff window]
[    0.966114] pci_bus 0000:00: resource 7 [mem 0x80000000-0xfebfffff window]
[    0.966518] pci_bus 0000:00: resource 8 [mem 0x100000000-0x17fffffff window]
[    0.967025] pci 0000:00:01.0: PIIX3: Enabling Passive Release
[    0.967370] pci 0000:00:00.0: Limiting direct PCI/PCI transfers
[    0.967745] PCI: CLS 0 bytes, default 64
[    0.968071] RAPL PMU: API unit is 2^-32 Joules, 0 fixed counters, 10737418240 ms ovfl timer
[    0.968240] Unpacking initramfs...
[    0.968582] clocksource: tsc: mask: 0xffffffffffffffff max_cycles: 0x2df10e7656b, max_idle_ns: 440795364873 ns
[    0.973505] Initialise system trusted keyrings
[    0.973870] workingset: timestamp_bits=56 max_order=19 bucket_order=0
[    0.974680] NFS: Registering the id_resolver key type
[    0.974987] Key type id_resolver registered
[    0.975234] Key type id_legacy registered
[    0.975540] 9p: Installing v9fs 9p2000 file system support
[    0.981850] Key type asymmetric registered
[    0.982122] Asymmetric key parser 'x509' registered
[    0.982462] Block layer SCSI generic (bsg) driver version 0.4 loaded (major 251)
[    0.982849] Freeing initrd memory: 1336K
[    0.982908] io scheduler mq-deadline registered
[    0.983392] io scheduler kyber registered
[    0.983827] input: Power Button as /devices/LNXSYSTM:00/LNXPWRBN:00/input/input0
[    0.984376] ACPI: button: Power Button [PWRF]
[    0.985027] Serial: 8250/16550 driver, 4 ports, IRQ sharing enabled
[    0.985599] 00:04: ttyS0 at I/O 0x3f8 (irq = 4, base_baud = 115200) is a 16550A
[    0.987039] Non-volatile memory driver v1.3
[    0.987289] Linux agpgart interface v0.103
[    0.987636] ACPI: bus type drm_connector registered
[    0.992358] loop: module loaded
[    0.993772] scsi host0: ata_piix
[    0.994286] scsi host1: ata_piix
[    0.994587] ata1: PATA max MWDMA2 cmd 0x1f0 ctl 0x3f6 bmdma 0xc040 irq 14
[    0.994981] ata2: PATA max MWDMA2 cmd 0x170 ctl 0x376 bmdma 0xc048 irq 15
[    0.995968] e100: Intel(R) PRO/100 Network Driver
[    0.996246] e100: Copyright(c) 1999-2006 Intel Corporation
[    0.996588] e1000: Intel(R) PRO/1000 Network Driver
[    0.996923] e1000: Copyright (c) 1999-2006 Intel Corporation.
[    1.155554] ata2: found unknown device (class 0)
[    1.156987] ata2.00: ATAPI: QEMU DVD-ROM, 2.5+, max UDMA/100
[    1.158196] scsi 1:0:0:0: CD-ROM            QEMU     QEMU DVD-ROM     2.5+ PQ: 0 ANSI: 5
[    1.201707] sr 1:0:0:0: [sr0] scsi3-mmc drive: 4x/4x cd/rw xa/form2 tray
[    1.202112] cdrom: Uniform CD-ROM driver Revision: 3.20
[    1.207442] sr 1:0:0:0: Attached scsi generic sg0 type 5
[    1.340296] ACPI: \_SB_.LNKC: Enabled at IRQ 11
[    1.630044] e1000 0000:00:03.0 eth0: (PCI:33MHz:32-bit) 52:54:00:12:34:56
[    1.630455] e1000 0000:00:03.0 eth0: Intel(R) PRO/1000 Network Connection
[    1.630884] e1000e: Intel(R) PRO/1000 Network Driver
[    1.631174] e1000e: Copyright(c) 1999 - 2015 Intel Corporation.
[    1.631555] sky2: driver version 1.30
[    1.632143] usbcore: registered new interface driver usblp
[    1.632475] usbcore: registered new interface driver usb-storage
[    1.632902] i8042: PNP: PS/2 Controller [PNP0303:KBD,PNP0f13:MOU] at 0x60,0x64 irq 1,12
[    1.633822] serio: i8042 KBD port at 0x60,0x64 irq 1
[    1.634118] serio: i8042 AUX port at 0x60,0x64 irq 12
[    1.634695] rtc_cmos 00:05: RTC can wake from S4
[    1.635596] input: AT Translated Set 2 keyboard as /devices/platform/i8042/serio0/input/input1
[    1.636337] rtc_cmos 00:05: registered as rtc0
[    1.636676] rtc_cmos 00:05: alarms up to one day, y3k, 242 bytes nvram, hpet irqs
[    1.637586] device-mapper: ioctl: 4.48.0-ioctl (2023-03-01) initialised: dm-devel@redhat.com
[    1.638327] intel_pstate: CPU model not supported
[    1.638647] hid: raw HID events driver (C) Jiri Kosina
[    1.639254] usbcore: registered new interface driver usbhid
[    1.639584] usbhid: USB HID core driver
[    1.641287] Initializing XFRM netlink socket
[    1.641595] NET: Registered PF_INET6 protocol family
[    1.642372] Segment Routing with IPv6
[    1.642616] In-situ OAM (IOAM) with IPv6
[    1.642889] sit: IPv6, IPv4 and MPLS over IPv4 tunneling driver
[    1.643506] NET: Registered PF_PACKET protocol family
[    1.643840] 9pnet: Installing 9P2000 support
[    1.644115] Key type dns_resolver registered
[    1.644642] IPI shorthand broadcast: enabled
[    1.655325] sched_clock: Marking stable (1617001454, 37360539)->(1667195254, -12833261)
[    1.655988] registered taskstats version 1
[    1.656232] Loading compiled-in X.509 certificates
[    1.662831] PM:   Magic number: 10:425:933
[    1.663127] printk: console [netcon0] enabled
[    1.663396] netconsole: network logging started
[    1.663775] cfg80211: Loading compiled-in X.509 certificates for regulatory database
[    1.664474] kworker/u4:0 (50) used greatest stack depth: 29536 bytes left
[    1.665076] Loaded X.509 cert 'sforshee: 00b28ddf47aef9cea7'
[    1.665471] platform regulatory.0: Direct firmware load for regulatory.db failed with error -2
[    1.665968] cfg80211: failed to load regulatory.db
[    1.666263] ALSA device list:
[    1.666472]   No soundcards found.
[    1.667436] Freeing unused kernel image (initmem) memory: 5656K
[    1.677414] Write protecting the kernel read-only data: 59392k
[    1.677719] Freeing unused kernel image (rodata/data gap) memory: 16K
[    1.685384] x86/mm: Checked W+X mappings: passed, no W+X pages found.
[    1.685696] Run /init as init process
[    1.687608] mount (54) used greatest stack depth: 28744 bytes left
[    1.688136] mount (55) used greatest stack depth: 28544 bytes left

secb: rootfs ready
---- poc begin ----
poc: start: CVE-2023-4921 qfq+plug UAF (qfq_dequeue)
[    1.698780] ------------[ cut here ]------------
[    1.699346] qfq_dequeue: non-workconserving leaf
[    1.699936] WARNING: CPU: 0 PID: 60 at net/sched/sch_qfq.c:1006 qfq_dequeue+0xdc4/0x1500
[    1.700429] Modules linked in:
[    1.700558] CPU: 0 PID: 60 Comm: poc Not tainted 6.5.0-04027-g6c71c03f5d7b-dirty #2
[    1.700850] Hardware name: QEMU Standard PC (i440FX + PIIX, 1996), BIOS 1.16.2-debian-1.16.2-1 04/01/2014
[    1.701230] RIP: 0010:qfq_dequeue+0xdc4/0x1500
[    1.701418] Code: 83 f3 ff ff 4c 89 f7 89 14 24 e8 77 ae 37 fe 8b 14 24 e9 a1 f3 ff ff 48 c7 c7 80 7b 48 84 c6 05 fc 67 e6 01 01 e8 fc 39 e1 fd <0f> 0b 48 b8 00 00 00 00 00 fc ff df 4c 8d 73 3c 4c 89 f2 48 c1 ea
[    1.702188] RSP: 0018:ffffc900003ef488 EFLAGS: 00010286
[    1.702442] RAX: 0000000000000000 RBX: ffff888009c92c00 RCX: dffffc0000000000
[    1.702776] RDX: 0000000000000000 RSI: 1ffff9200007de36 RDI: 0000000000000001
[    1.703101] RBP: ffff888009fec000 R08: 0000000000000001 R09: fffff5200007de36
[    1.703443] R10: ffffc900003ef1b7 R11: 0000000000000000 R12: ffff888009c92b58
[    1.703770] R13: ffff888009fec1b8 R14: ffff888009e7e800 R15: ffff888009c92c48
[    1.704102] FS:  0000000002056380(0000) GS:ffff88806d200000(0000) knlGS:0000000000000000
[    1.704479] CS:  0010 DS: 0000 ES: 0000 CR0: 0000000080050033
[    1.704748] CR2: 00007ffcd8d54d1e CR3: 0000000006664000 CR4: 0000000000750ef0
[    1.705077] PKRU: 55555554
[    1.705213] Call Trace:
[    1.705332]  <TASK>
[    1.705440]  ? __warn+0xc8/0x250
[    1.705604]  ? down_trylock+0x52/0x80
[    1.705783]  ? qfq_dequeue+0xdc4/0x1500
[    1.705964]  ? report_bug+0x26b/0x2e0
[    1.706139]  ? handle_bug+0x3c/0x70
[    1.706306]  ? exc_invalid_op+0x17/0x40
[    1.706490]  ? asm_exc_invalid_op+0x1a/0x20
[    1.706689]  ? qfq_dequeue+0xdc4/0x1500
[    1.706870]  ? qfq_dequeue+0xdc4/0x1500
[    1.707052]  __qdisc_run+0x178/0x1780
[    1.707234]  ? dev_qdisc_enqueue+0x3b/0x140
[    1.707436]  __dev_queue_xmit+0x15b4/0x2e80
[    1.707633]  ? _raw_write_lock_bh+0x20/0xe0
[    1.707829]  ? __pfx__raw_write_lock_bh+0x10/0x10
[    1.708062]  ? __kasan_kmalloc+0x8f/0xa0
[    1.708351]  ? __pfx___dev_queue_xmit+0x10/0x10
[    1.708590]  ? __pfx__raw_write_lock_bh+0x10/0x10
[    1.708831]  ? eth_header+0x14f/0x180
[    1.709021]  ? neigh_resolve_output+0x3b5/0x7e0
[    1.709256]  ip_finish_output2+0x8f7/0x1ad0
[    1.709478]  ? crng_make_state+0x73/0x190
[    1.709688]  ? __pfx_ip_finish_output2+0x10/0x10
[    1.709926]  __ip_finish_output.part.0+0x271/0x950
[    1.710174]  ? __pfx___ip_finish_output.part.0+0x10/0x10
[    1.710448]  ? nf_hook_slow+0xa2/0x170
[    1.710643]  ip_output+0x25d/0x5d0
[    1.710820]  ? __ip_local_out+0x2e3/0x3c0
[    1.711026]  ? __pfx_ip_output+0x10/0x10
[    1.711230]  ? __ip_make_skb+0xd9a/0x25d0
[    1.711440]  ? __pfx_ip_finish_output+0x10/0x10
[    1.711672]  ? ip_append_data+0xc6/0x170
[    1.711874]  ip_push_pending_frames+0x152/0x1a0
[    1.712106]  raw_sendmsg+0xec0/0x2660
[    1.712300]  ? kasan_save_stack+0x40/0x60
[    1.712508]  ? __pfx_raw_sendmsg+0x10/0x10
[    1.712719]  ? __pfx_selinux_socket_sendmsg+0x10/0x10
[    1.712979]  ? __pfx_inet_sendmsg+0x10/0x10
[    1.713195]  ? sock_sendmsg+0x16c/0x210
[    1.713396]  sock_sendmsg+0x16c/0x210
[    1.713586]  __sys_sendto+0x1eb/0x2b0
[    1.713778]  ? __pfx___sys_sendto+0x10/0x10
[    1.713997]  ? alloc_fd+0x1a6/0x550
[    1.714187]  ? __pfx___sys_socket+0x10/0x10
[    1.714410]  __x64_sys_sendto+0xdb/0x1b0
[    1.714617]  ? exit_to_user_mode_prepare+0x2a/0x110
[    1.714874]  ? syscall_exit_to_user_mode+0x2f/0x50
[    1.715125]  do_syscall_64+0x3b/0x90
[    1.715317]  entry_SYSCALL_64_after_hwframe+0x6e/0xd8
[    1.715583] RIP: 0033:0x43b683
[    1.715748] Code: c7 c2 b8 ff ff ff f7 d8 64 89 02 48 c7 c0 ff ff ff ff eb b8 0f 1f 00 80 3d e1 b9 06 00 00 41 89 ca 74 14 b8 2c 00 00 00 0f 05 <48> 3d 00 f0 ff ff 77 75 c3 0f 1f 40 00 55 48 83 ec 30 44 89 4c 24
[    1.716691] RSP: 002b:00007ffcd8d565b8 EFLAGS: 00000202 ORIG_RAX: 000000000000002c
[    1.717079] RAX: ffffffffffffffda RBX: 0000000000000008 RCX: 000000000043b683
[    1.717449] RDX: 0000000000000040 RSI: 00007ffcd8d565e0 RDI: 0000000000000004
[    1.717814] RBP: 0000000000000004 R08: 00007ffcd8d565d0 R09: 0000000000000010
[    1.718181] R10: 0000000000000040 R11: 0000000000000202 R12: 00007ffcd8d565e0
[    1.718548] R13: 00007ffcd8d565d0 R14: 0000000000000010 R15: 0000000001003412
[    1.718914]  </TASK>
[    1.719034] ---[ end trace 0000000000000000 ]---
[    2.261095] input: ImExPS/2 Generic Explorer Mouse as /devices/platform/i8042/serio1/input/input3
[    2.884737] poc (60) used greatest stack depth: 26048 bytes left
poc: done
---- poc end rc=0 ----
secb: poc exited without crashing the kernel
[    4.140089] ACPI: PM: Preparing to enter system sleep state S5
[    4.140409] reboot: Power down
NO_CRASH_DETECTED
