bash: warning: setlocale: LC_ALL: cannot change locale (en_US.UTF-8)
c[?7l[2J[0mSeaBIOS (version 1.16.2-debian-1.16.2-1)


iPXE (http://ipxe.org) 00:03.0 CA00 PCI2.10 PnP PMM+7EFCEF00+7EF0EF00 CA00
Press Ctrl-B to configure iPXE (PCI 00:03.0)...                                                                               


Booting from ROM..c[?7l[2J[    0.000000] Linux version 6.3.0-rc6-00128-g7ab6552acea4-dirty (root@buildkitsandbox) (gcc (Debian 12.2.0-14+deb12u1) 12.2.0, GNU ld (GNU Binutils for Debian) 2.40) #2 SMP PREEMPT_DYNAMIC Tue May  5 09:37:23 UTC 2026
[    0.000000] Command line: console=ttyS0 oops=panic nokaslr rdinit=/init
[    0.000000] x86/fpu: Supporting XSAVE feature 0x001: 'x87 floating point registers'
[    0.000000] x86/fpu: Supporting XSAVE feature 0x002: 'SSE registers'
[    0.000000] x86/fpu: Supporting XSAVE feature 0x004: 'AVX registers'
[    0.000000] x86/fpu: Supporting XSAVE feature 0x200: 'Protection Keys User registers'
[    0.000000] x86/fpu: xstate_offset[2]:  576, xstate_sizes[2]:  256
[    0.000000] x86/fpu: xstate_offset[9]:  832, xstate_sizes[9]:    8
[    0.000000] x86/fpu: Enabled xstate features 0x207, context size is 840 bytes, using 'compacted' format.
[    0.000000] signal: max sigframe size: 3632
[    0.000000] BIOS-provided physical RAM map:
[    0.000000] BIOS-e820: [mem 0x0000000000000000-0x000000000009fbff] usable
[    0.000000] BIOS-e820: [mem 0x000000000009fc00-0x000000000009ffff] reserved
[    0.000000] BIOS-e820: [mem 0x00000000000f0000-0x00000000000fffff] reserved
[    0.000000] BIOS-e820: [mem 0x0000000000100000-0x000000007ffdffff] usable
[    0.000000] BIOS-e820: [mem 0x000000007ffe0000-0x000000007fffffff] reserved
[    0.000000] BIOS-e820: [mem 0x00000000feffc000-0x00000000feffffff] reserved
[    0.000000] BIOS-e820: [mem 0x00000000fffc0000-0x00000000ffffffff] reserved
[    0.000000] NX (Execute Disable) protection: active
[    0.000000] SMBIOS 2.8 present.
[    0.000000] DMI: QEMU Standard PC (i440FX + PIIX, 1996), BIOS 1.16.2-debian-1.16.2-1 04/01/2014
[    0.000000] Hypervisor detected: KVM
[    0.000000] kvm-clock: Using msrs 4b564d01 and 4b564d00
[    0.000000] kvm-clock: using sched offset of 287144898 cycles
[    0.000002] clocksource: kvm-clock: mask: 0xffffffffffffffff max_cycles: 0x1cd42e4dffb, max_idle_ns: 881590591483 ns
[    0.000005] tsc: Detected 3187.200 MHz processor
[    0.000275] last_pfn = 0x7ffe0 max_arch_pfn = 0x400000000
[    0.000296] x86/PAT: Configuration [0-7]: WB  WC  UC- UC  WB  WP  UC- WT  
[    0.001000] found SMP MP-table at [mem 0x000f5ba0-0x000f5baf]
[    0.001000] Using GB pages for direct mapping
[    0.001000] RAMDISK: [mem 0x7fe92000-0x7ffdffff]
[    0.001000] ACPI: Early table checksum verification disabled
[    0.001000] ACPI: RSDP 0x00000000000F59D0 000014 (v00 BOCHS )
[    0.001000] ACPI: RSDT 0x000000007FFE1B33 000034 (v01 BOCHS  BXPC     00000001 BXPC 00000001)
[    0.001000] ACPI: FACP 0x000000007FFE19DF 000074 (v01 BOCHS  BXPC     00000001 BXPC 00000001)
[    0.001000] ACPI: DSDT 0x000000007FFE0040 00199F (v01 BOCHS  BXPC     00000001 BXPC 00000001)
[    0.001000] ACPI: FACS 0x000000007FFE0000 000040
[    0.001000] ACPI: APIC 0x000000007FFE1A53 000080 (v01 BOCHS  BXPC     00000001 BXPC 00000001)
[    0.001000] ACPI: HPET 0x000000007FFE1AD3 000038 (v01 BOCHS  BXPC     00000001 BXPC 00000001)
[    0.001000] ACPI: WAET 0x000000007FFE1B0B 000028 (v01 BOCHS  BXPC     00000001 BXPC 00000001)
[    0.001000] ACPI: Reserving FACP table memory at [mem 0x7ffe19df-0x7ffe1a52]
[    0.001000] ACPI: Reserving DSDT table memory at [mem 0x7ffe0040-0x7ffe19de]
[    0.001000] ACPI: Reserving FACS table memory at [mem 0x7ffe0000-0x7ffe003f]
[    0.001000] ACPI: Reserving APIC table memory at [mem 0x7ffe1a53-0x7ffe1ad2]
[    0.001000] ACPI: Reserving HPET table memory at [mem 0x7ffe1ad3-0x7ffe1b0a]
[    0.001000] ACPI: Reserving WAET table memory at [mem 0x7ffe1b0b-0x7ffe1b32]
[    0.001000] No NUMA configuration found
[    0.001000] Faking a node at [mem 0x0000000000000000-0x000000007ffdffff]
[    0.001000] NODE_DATA(0) allocated [mem 0x7fe8e000-0x7fe91fff]
[    0.001000] Zone ranges:
[    0.001000]   DMA      [mem 0x0000000000001000-0x0000000000ffffff]
[    0.001000]   DMA32    [mem 0x0000000001000000-0x000000007ffdffff]
[    0.001000]   Normal   empty
[    0.001000] Movable zone start for each node
[    0.001000] Early memory node ranges
[    0.001000]   node   0: [mem 0x0000000000001000-0x000000000009efff]
[    0.001000]   node   0: [mem 0x0000000000100000-0x000000007ffdffff]
[    0.001000] Initmem setup node 0 [mem 0x0000000000001000-0x000000007ffdffff]
[    0.001000] On node 0, zone DMA: 1 pages in unavailable ranges
[    0.001000] On node 0, zone DMA: 97 pages in unavailable ranges
[    0.001000] On node 0, zone DMA32: 32 pages in unavailable ranges
[    0.001000] kasan: KernelAddressSanitizer initialized
[    0.001000] ACPI: PM-Timer IO Port: 0x608
[    0.001000] ACPI: LAPIC_NMI (acpi_id[0xff] dfl dfl lint[0x1])
[    0.001000] IOAPIC[0]: apic_id 0, version 17, address 0xfec00000, GSI 0-23
[    0.001000] ACPI: INT_SRC_OVR (bus 0 bus_irq 0 global_irq 2 dfl dfl)
[    0.001000] ACPI: INT_SRC_OVR (bus 0 bus_irq 5 global_irq 5 high level)
[    0.001000] ACPI: INT_SRC_OVR (bus 0 bus_irq 9 global_irq 9 high level)
[    0.001000] ACPI: INT_SRC_OVR (bus 0 bus_irq 10 global_irq 10 high level)
[    0.001000] ACPI: INT_SRC_OVR (bus 0 bus_irq 11 global_irq 11 high level)
[    0.001000] ACPI: Using ACPI (MADT) for SMP configuration information
[    0.001000] ACPI: HPET id: 0x8086a201 base: 0xfed00000
[    0.001000] TSC deadline timer available
[    0.001000] smpboot: Allowing 2 CPUs, 0 hotplug CPUs
[    0.001000] kvm-guest: KVM setup pv remote TLB flush
[    0.001000] kvm-guest: setup PV sched yield
[    0.001000] PM: hibernation: Registered nosave memory: [mem 0x00000000-0x00000fff]
[    0.001000] PM: hibernation: Registered nosave memory: [mem 0x0009f000-0x0009ffff]
[    0.001000] PM: hibernation: Registered nosave memory: [mem 0x000a0000-0x000effff]
[    0.001000] PM: hibernation: Registered nosave memory: [mem 0x000f0000-0x000fffff]
[    0.001000] [mem 0x80000000-0xfeffbfff] available for PCI devices
[    0.001000] Booting paravirtualized kernel on KVM
[    0.001000] clocksource: refined-jiffies: mask: 0xffffffff max_cycles: 0xffffffff, max_idle_ns: 1910969940391419 ns
[    0.001000] setup_percpu: NR_CPUS:64 nr_cpumask_bits:2 nr_cpu_ids:2 nr_node_ids:1
[    0.001000] percpu: Embedded 66 pages/cpu s231848 r8192 d30296 u1048576
[    0.001000] Fallback order for Node 0: 0 
[    0.001000] Built 1 zonelists, mobility grouping on.  Total pages: 515808
[    0.001000] Policy zone: DMA32
[    0.001000] Kernel command line: console=ttyS0 oops=panic nokaslr rdinit=/init
[    0.001000] random: crng init done
[    0.001000] Dentry cache hash table entries: 262144 (order: 9, 2097152 bytes, linear)
[    0.001000] Inode-cache hash table entries: 131072 (order: 8, 1048576 bytes, linear)
[    0.001000] mem auto-init: stack:all(zero), heap alloc:off, heap free:off
[    0.001000] stackdepot: allocating hash table via alloc_large_system_hash
[    0.001000] stackdepot hash table entries: 1048576 (order: 11, 8388608 bytes, linear)
[    0.001000] Memory: 1692960K/2096632K available (49152K kernel code, 7879K rwdata, 9920K rodata, 5548K init, 3180K bss, 403416K reserved, 0K cma-reserved)
[    0.001000] SLUB: HWalign=64, Order=0-3, MinObjects=0, CPUs=2, Nodes=1
[    0.001000] Dynamic Preempt: voluntary
[    0.001000] rcu: Preemptible hierarchical RCU implementation.
[    0.001000] rcu: 	RCU event tracing is enabled.
[    0.001000] rcu: 	RCU restricting CPUs from NR_CPUS=64 to nr_cpu_ids=2.
[    0.001000] 	Trampoline variant of Tasks RCU enabled.
[    0.001000] rcu: RCU calculated value of scheduler-enlistment delay is 100 jiffies.
[    0.001000] rcu: Adjusting geometry for rcu_fanout_leaf=16, nr_cpu_ids=2
[    0.001000] NR_IRQS: 4352, nr_irqs: 440, preallocated irqs: 16
[    0.001000] rcu: srcu_init: Setting srcu_struct sizes based on contention.
[    0.001000] Console: colour VGA+ 80x25
[    0.001000] printk: console [ttyS0] enabled
[    0.001000] ACPI: Core revision 20221020
[    0.001000] clocksource: hpet: mask: 0xffffffff max_cycles: 0xffffffff, max_idle_ns: 19112604467 ns
[    0.001000] APIC: Switch to symmetric I/O mode setup
[    0.001000] kvm-guest: setup PV IPIs
[    0.001000] ..TIMER: vector=0x30 apic1=0 pin1=2 apic2=-1 pin2=-1
[    0.001000] clocksource: tsc-early: mask: 0xffffffffffffffff max_cycles: 0x2df10e7656b, max_idle_ns: 440795364873 ns
[    0.291459] Calibrating delay loop (skipped) preset value.. 6374.40 BogoMIPS (lpj=3187200)
[    0.291928] pid_max: default: 32768 minimum: 301
[    0.292222] LSM: initializing lsm=capability,integrity,selinux
[    0.292462] SELinux:  Initializing.
[    0.292716] Mount-cache hash table entries: 4096 (order: 3, 32768 bytes, linear)
[    0.293137] Mountpoint-cache hash table entries: 4096 (order: 3, 32768 bytes, linear)
[    0.294656] x86/cpu: User Mode Instruction Prevention (UMIP) activated
[    0.295506] Last level iTLB entries: 4KB 0, 2MB 0, 4MB 0
[    0.295810] Last level dTLB entries: 4KB 0, 2MB 0, 4MB 0, 1GB 0
[    0.296459] Spectre V1 : Mitigation: usercopy/swapgs barriers and __user pointer sanitization
[    0.296945] Spectre V2 : Mitigation: Enhanced / Automatic IBRS
[    0.297283] Spectre V2 : Spectre v2 / SpectreRSB mitigation: Filling RSB on context switch
[    0.297454] Spectre V2 : Spectre v2 / PBRSB-eIBRS: Retire a single CALL on VMEXIT
[    0.297885] Spectre V2 : mitigation: Enabling conditional Indirect Branch Prediction Barrier
[    0.298455] Speculative Store Bypass: Mitigation: Speculative Store Bypass disabled via prctl
[    0.298942] MMIO Stale Data: Unknown: No mitigations
[    0.313346] Freeing SMP alternatives memory: 44K
[    0.313563] smpboot: CPU0: Intel(R) Core(TM) i9-14900K (family: 0x6, model: 0xb7, stepping: 0x1)
[    0.314209] cblist_init_generic: Setting adjustable number of callback queues.
[    0.314456] cblist_init_generic: Setting shift to 1 and lim to 1.
[    0.314823] Performance Events: unsupported p6 CPU model 183 no PMU driver, software events only.
[    0.315372] rcu: Hierarchical SRCU implementation.
[    0.315455] rcu: 	Max phase no-delay instances is 400.
[    0.316078] smp: Bringing up secondary CPUs ...
[    0.316440] x86: Booting SMP configuration:
[    0.316456] .... node  #0, CPUs:      #1
[    0.316650] smp: Brought up 1 node, 2 CPUs
[    0.316929] smpboot: Max logical packages: 1
[    0.317177] smpboot: Total of 2 processors activated (12748.80 BogoMIPS)
[    0.317689] devtmpfs: initialized
[    0.319463] clocksource: jiffies: mask: 0xffffffff max_cycles: 0xffffffff, max_idle_ns: 1911260446275000 ns
[    0.320022] futex hash table entries: 512 (order: 3, 32768 bytes, linear)
[    0.320508] PM: RTC time: 09:40:48, date: 2026-05-05
[    0.320896] NET: Registered PF_NETLINK/PF_ROUTE protocol family
[    0.321403] audit: initializing netlink subsys (disabled)
[    0.321483] audit: type=2000 audit(1777974049.377:1): state=initialized audit_enabled=0 res=1
[    0.321612] thermal_sys: Registered thermal governor 'step_wise'
[    0.322081] thermal_sys: Registered thermal governor 'user_space'
[    0.322484] cpuidle: using governor menu
[    0.323190] PCI: Using configuration type 1 for base access
[    0.323574] kprobes: kprobe jump-optimization is enabled. All kprobes are optimized if possible.
[    0.325567] HugeTLB: registered 2.00 MiB page size, pre-allocated 0 pages
[    0.326045] HugeTLB: 28 KiB vmemmap can be freed for a 2.00 MiB page
[    0.327454] ACPI: Added _OSI(Module Device)
[    0.327454] ACPI: Added _OSI(Processor Device)
[    0.327454] ACPI: Added _OSI(3.0 _SCP Extensions)
[    0.328456] ACPI: Added _OSI(Processor Aggregator Device)
[    0.334861] ACPI: 1 ACPI AML tables successfully acquired and loaded
[    0.379064] ACPI: Interpreter enabled
[    0.379484] ACPI: PM: (supports S0 S3 S4 S5)
[    0.379740] ACPI: Using IOAPIC for interrupt routing
[    0.380052] PCI: Using host bridge windows from ACPI; if necessary, use "pci=nocrs" and report a bug
[    0.380455] PCI: Using E820 reservations for host bridge windows
[    0.381108] ACPI: Enabled 2 GPEs in block 00 to 0F
[    0.390758] ACPI: PCI Root Bridge [PCI0] (domain 0000 [bus 00-ff])
[    0.391123] acpi PNP0A03:00: _OSC: OS supports [ASPM ClockPM Segments MSI HPX-Type3]
[    0.391456] acpi PNP0A03:00: _OSC: not requesting OS control; OS requires [ExtendedConfig ASPM ClockPM MSI]
[    0.392060] acpi PNP0A03:00: fail to add MMCONFIG information, can't access extended configuration space under this bridge
[    0.392605] PCI host bridge to bus 0000:00
[    0.392848] pci_bus 0000:00: root bus resource [io  0x0000-0x0cf7 window]
[    0.393240] pci_bus 0000:00: root bus resource [io  0x0d00-0xffff window]
[    0.393456] pci_bus 0000:00: root bus resource [mem 0x000a0000-0x000bffff window]
[    0.393884] pci_bus 0000:00: root bus resource [mem 0x80000000-0xfebfffff window]
[    0.394315] pci_bus 0000:00: root bus resource [mem 0x100000000-0x17fffffff window]
[    0.394456] pci_bus 0000:00: root bus resource [bus 00-ff]
[    0.394819] pci 0000:00:00.0: [8086:1237] type 00 class 0x060000
[    0.398823] pci 0000:00:01.0: [8086:7000] type 00 class 0x060100
[    0.402819] pci 0000:00:01.1: [8086:7010] type 00 class 0x010180
[    0.404024] pci 0000:00:01.1: reg 0x20: [io  0xc040-0xc04f]
[    0.404638] pci 0000:00:01.1: legacy IDE quirk: reg 0x10: [io  0x01f0-0x01f7]
[    0.405050] pci 0000:00:01.1: legacy IDE quirk: reg 0x14: [io  0x03f6]
[    0.405421] pci 0000:00:01.1: legacy IDE quirk: reg 0x18: [io  0x0170-0x0177]
[    0.405455] pci 0000:00:01.1: legacy IDE quirk: reg 0x1c: [io  0x0376]
[    0.405974] pci 0000:00:01.3: [8086:7113] type 00 class 0x068000
[    0.406540] pci 0000:00:01.3: quirk: [io  0x0600-0x063f] claimed by PIIX4 ACPI
[    0.406954] pci 0000:00:01.3: quirk: [io  0x0700-0x070f] claimed by PIIX4 SMB
[    0.407509] pci 0000:00:02.0: [1234:1111] type 00 class 0x030000
[    0.408354] pci 0000:00:02.0: reg 0x10: [mem 0xfd000000-0xfdffffff pref]
[    0.409305] pci 0000:00:02.0: reg 0x18: [mem 0xfebf0000-0xfebf0fff]
[    0.411034] pci 0000:00:02.0: reg 0x30: [mem 0xfebe0000-0xfebeffff pref]
[    0.411470] pci 0000:00:02.0: Video device with shadowed ROM at [mem 0x000c0000-0x000dffff]
[    0.415812] pci 0000:00:03.0: [8086:100e] type 00 class 0x020000
[    0.416456] pci 0000:00:03.0: reg 0x10: [mem 0xfebc0000-0xfebdffff]
[    0.417081] pci 0000:00:03.0: reg 0x14: [io  0xc000-0xc03f]
[    0.418570] pci 0000:00:03.0: reg 0x30: [mem 0xfeb80000-0xfebbffff pref]
[    0.423364] ACPI: PCI: Interrupt link LNKA configured for IRQ 10
[    0.423789] ACPI: PCI: Interrupt link LNKB configured for IRQ 10
[    0.424470] ACPI: PCI: Interrupt link LNKC configured for IRQ 11
[    0.425149] ACPI: PCI: Interrupt link LNKD configured for IRQ 11
[    0.425585] ACPI: PCI: Interrupt link LNKS configured for IRQ 9
[    0.426804] iommu: Default domain type: Translated 
[    0.427087] iommu: DMA domain TLB invalidation policy: lazy mode 
[    0.427603] SCSI subsystem initialized
[    0.427833] ACPI: bus type USB registered
[    0.427833] usbcore: registered new interface driver usbfs
[    0.427833] usbcore: registered new interface driver hub
[    0.428149] usbcore: registered new device driver usb
[    0.428483] pps_core: LinuxPPS API ver. 1 registered
[    0.428773] pps_core: Software ver. 5.3.6 - Copyright 2005-2007 Rodolfo Giometti <giometti@linux.it>
[    0.429316] PTP clock support registered
[    0.429528] Advanced Linux Sound Architecture Driver Initialized.
[    0.430781] NetLabel: Initializing
[    0.430989] NetLabel:  domain hash size = 128
[    0.431242] NetLabel:  protocols = UNLABELED CIPSOv4 CALIPSO
[    0.431487] NetLabel:  unlabeled traffic allowed by default
[    0.431836] PCI: Using ACPI for IRQ routing
[    0.431836] pci 0000:00:02.0: vgaarb: setting as boot VGA device
[    0.431836] pci 0000:00:02.0: vgaarb: bridge control possible
[    0.432142] pci 0000:00:02.0: vgaarb: VGA device added: decodes=io+mem,owns=io+mem,locks=none
[    0.432456] vgaarb: loaded
[    0.432668] hpet0: at MMIO 0xfed00000, IRQs 2, 8, 0
[    0.432951] hpet0: 3 comparators, 64-bit 100.000000 MHz counter
[    0.435506] clocksource: Switched to clocksource kvm-clock
[    0.435978] VFS: Disk quotas dquot_6.6.0
[    0.436213] VFS: Dquot-cache hash table entries: 512 (order 0, 4096 bytes)
[    0.436631] pnp: PnP ACPI init
[    0.438960] pnp: PnP ACPI: found 6 devices
[    0.445721] clocksource: acpi_pm: mask: 0xffffff max_cycles: 0xffffff, max_idle_ns: 2085701024 ns
[    0.446265] NET: Registered PF_INET protocol family
[    0.447925] IP idents hash table entries: 32768 (order: 6, 262144 bytes, linear)
[    0.448740] tcp_listen_portaddr_hash hash table entries: 1024 (order: 2, 16384 bytes, linear)
[    0.449230] Table-perturb hash table entries: 65536 (order: 6, 262144 bytes, linear)
[    0.449680] TCP established hash table entries: 16384 (order: 5, 131072 bytes, linear)
[    0.450145] TCP bind hash table entries: 16384 (order: 7, 524288 bytes, linear)
[    0.450585] TCP: Hash tables configured (established 16384 bind 16384)
[    0.450985] UDP hash table entries: 1024 (order: 3, 32768 bytes, linear)
[    0.451370] UDP-Lite hash table entries: 1024 (order: 3, 32768 bytes, linear)
[    0.451833] NET: Registered PF_UNIX/PF_LOCAL protocol family
[    0.452291] RPC: Registered named UNIX socket transport module.
[    0.452633] RPC: Registered udp transport module.
[    0.452902] RPC: Registered tcp transport module.
[    0.453170] RPC: Registered tcp NFSv4.1 backchannel transport module.
[    0.453820] pci_bus 0000:00: resource 4 [io  0x0000-0x0cf7 window]
[    0.454175] pci_bus 0000:00: resource 5 [io  0x0d00-0xffff window]
[    0.454530] pci_bus 0000:00: resource 6 [mem 0x000a0000-0x000bffff window]
[    0.454920] pci_bus 0000:00: resource 7 [mem 0x80000000-0xfebfffff window]
[    0.455310] pci_bus 0000:00: resource 8 [mem 0x100000000-0x17fffffff window]
[    0.455792] pci 0000:00:01.0: PIIX3: Enabling Passive Release
[    0.456125] pci 0000:00:00.0: Limiting direct PCI/PCI transfers
[    0.456495] PCI: CLS 0 bytes, default 64
[    0.458301] RAPL PMU: API unit is 2^-32 Joules, 0 fixed counters, 10737418240 ms ovfl timer
[    0.458886] clocksource: tsc: mask: 0xffffffffffffffff max_cycles: 0x2df10e7656b, max_idle_ns: 440795364873 ns
[    0.459563] Unpacking initramfs...
[    0.468179] Initialise system trusted keyrings
[    0.468657] workingset: timestamp_bits=56 max_order=19 bucket_order=0
[    0.469299] NFS: Registering the id_resolver key type
[    0.469603] Key type id_resolver registered
[    0.469844] Key type id_legacy registered
[    0.471826] 9p: Installing v9fs 9p2000 file system support
[    0.472503] Freeing initrd memory: 1336K
[    0.476537] Key type asymmetric registered
[    0.476826] Asymmetric key parser 'x509' registered
[    0.477133] Block layer SCSI generic (bsg) driver version 0.4 loaded (major 251)
[    0.477577] io scheduler mq-deadline registered
[    0.477836] io scheduler kyber registered
[    0.478225] input: Power Button as /devices/LNXSYSTM:00/LNXPWRBN:00/input/input0
[    0.478727] ACPI: button: Power Button [PWRF]
[    0.479260] Serial: 8250/16550 driver, 4 ports, IRQ sharing enabled
[    0.479696] 00:04: ttyS0 at I/O 0x3f8 (irq = 4, base_baud = 115200) is a 16550A
[    0.480615] Non-volatile memory driver v1.3
[    0.480857] Linux agpgart interface v0.103
[    0.481156] ACPI: bus type drm_connector registered
[    0.486512] loop: module loaded
[    0.487610] scsi host0: ata_piix
[    0.487988] scsi host1: ata_piix
[    0.488251] ata1: PATA max MWDMA2 cmd 0x1f0 ctl 0x3f6 bmdma 0xc040 irq 14
[    0.488643] ata2: PATA max MWDMA2 cmd 0x170 ctl 0x376 bmdma 0xc048 irq 15
[    0.489664] e100: Intel(R) PRO/100 Network Driver
[    0.489933] e100: Copyright(c) 1999-2006 Intel Corporation
[    0.490254] e1000: Intel(R) PRO/1000 Network Driver
[    0.490537] e1000: Copyright (c) 1999-2006 Intel Corporation.
[    0.640642] ata2: found unknown device (class 0)
[    0.641338] ata2.00: ATAPI: QEMU DVD-ROM, 2.5+, max UDMA/100
[    0.642268] scsi 1:0:0:0: CD-ROM            QEMU     QEMU DVD-ROM     2.5+ PQ: 0 ANSI: 5
[    0.653784] sr 1:0:0:0: [sr0] scsi3-mmc drive: 4x/4x cd/rw xa/form2 tray
[    0.654181] cdrom: Uniform CD-ROM driver Revision: 3.20
[    0.659353] sr 1:0:0:0: Attached scsi generic sg0 type 5
[    0.772245] ACPI: \_SB_.LNKC: Enabled at IRQ 11
[    1.061002] e1000 0000:00:03.0 eth0: (PCI:33MHz:32-bit) 52:54:00:12:34:56
[    1.061399] e1000 0000:00:03.0 eth0: Intel(R) PRO/1000 Network Connection
[    1.061813] e1000e: Intel(R) PRO/1000 Network Driver
[    1.062113] e1000e: Copyright(c) 1999 - 2015 Intel Corporation.
[    1.062464] sky2: driver version 1.30
[    1.063011] usbcore: registered new interface driver usblp
[    1.063327] usbcore: registered new interface driver usb-storage
[    1.063717] i8042: PNP: PS/2 Controller [PNP0303:KBD,PNP0f13:MOU] at 0x60,0x64 irq 1,12
[    1.064586] serio: i8042 KBD port at 0x60,0x64 irq 1
[    1.064864] serio: i8042 AUX port at 0x60,0x64 irq 12
[    1.065582] rtc_cmos 00:05: RTC can wake from S4
[    1.065942] input: AT Translated Set 2 keyboard as /devices/platform/i8042/serio0/input/input1
[    1.067828] rtc_cmos 00:05: registered as rtc0
[    1.068142] rtc_cmos 00:05: alarms up to one day, y3k, 242 bytes nvram, hpet irqs
[    1.068744] device-mapper: ioctl: 4.47.0-ioctl (2022-07-28) initialised: dm-devel@redhat.com
[    1.069225] intel_pstate: CPU model not supported
[    1.069523] hid: raw HID events driver (C) Jiri Kosina
[    1.070021] usbcore: registered new interface driver usbhid
[    1.070339] usbhid: USB HID core driver
[    1.071647] Initializing XFRM netlink socket
[    1.071935] NET: Registered PF_INET6 protocol family
[    1.072642] Segment Routing with IPv6
[    1.072884] In-situ OAM (IOAM) with IPv6
[    1.073151] sit: IPv6, IPv4 and MPLS over IPv4 tunneling driver
[    1.073693] NET: Registered PF_PACKET protocol family
[    1.074014] 9pnet: Installing 9P2000 support
[    1.074276] Key type dns_resolver registered
[    1.074805] IPI shorthand broadcast: enabled
[    1.083423] sched_clock: Marking stable (794000871, 288454248)->(1090849540, -8394421)
[    1.084022] registered taskstats version 1
[    1.084259] Loading compiled-in X.509 certificates
[    1.091635] PM:   Magic number: 10:454:676
[    1.091915] printk: console [netcon0] enabled
[    1.092171] netconsole: network logging started
[    1.092605] cfg80211: Loading compiled-in X.509 certificates for regulatory database
[    1.093178] kworker/u4:2 (51) used greatest stack depth: 29536 bytes left
[    1.093806] Loaded X.509 cert 'sforshee: 00b28ddf47aef9cea7'
[    1.094152] ALSA device list:
[    1.094329]   No soundcards found.
[    1.095294] Freeing unused kernel image (initmem) memory: 5548K
[    1.095582] platform regulatory.0: Direct firmware load for regulatory.db failed with error -2
[    1.095918] cfg80211: failed to load regulatory.db
[    1.103580] Write protecting the kernel read-only data: 59392k
[    1.103937] Freeing unused kernel image (rodata/data gap) memory: 320K
[    1.111651] x86/mm: Checked W+X mappings: passed, no W+X pages found.
[    1.111960] Run /init as init process
[    1.113261] mount (55) used greatest stack depth: 28704 bytes left

secb: rootfs ready
---- poc begin ----
poc: userns+netns ready
poc: lo MTU raised
poc: lo ifindex=1
poc: creating qfq qdisc handle=10000000
poc: creating qfq tclass handle=10000001 lmax=4096
poc: creating qfq tclass handle=10000002 lmax=8192
[    1.144833] qfq: invalid max length 4194318
poc: changing qfq tclass handle=10000002 (no LMAX -> reads MTU)
poc:   netlink err -22 (Invalid argument)
[    1.212563] qfq: invalid max length 4194318
poc: creating qfq tclass handle=10000010 lmax=0
poc:   netlink err -22 (Invalid argument)
poc: creating qf[    1.216205] qfq: invalid max length 4194318
q tclass handle=10000020 lmax=0
poc:   netlink err -22 (Invalid argument)
[    1.220123] qfq: invalid max length 4194318
poc: creating qfq tclass handle=10000030 lmax=0
poc:   netlink err -22 (Invalid argument)
[    1.223737] qfq: invalid max length 4194318
poc: creating qfq tclass handle=10000040 lmax=0
poc:   netlink err -22 (Invalid argument)
poc: creating qf[    1.227410] qfq: invalid max length 4194318
q tclass handle=10000050 lmax=0
poc:   netlink err -22 (Invalid argument)
[    1.231405] qfq: invalid max length 4194318
poc: creating qfq tclass handle=10000060 lmax=0
poc:   netlink err -22 (Invalid argument)
poc: creating qf[    1.235370] qfq: invalid max length 4194318
q tclass handle=10000070 lmax=0
poc:   netlink err -22 (Invalid argument)
[    1.691014] input: ImExPS/2 Generic Explorer Mouse as /devices/platform/i8042/serio1/input/input3
poc: done
[    2.240237] poc (61) used greatest stack depth: 26736 bytes left
---- poc end rc=0 ----
secb: poc exited without crashing the kernel
[    3.481130] ACPI: PM: Preparing to enter system sleep state S5
[    3.481438] reboot: Power down
NO_CRASH_DETECTED
