bash: warning: setlocale: LC_ALL: cannot change locale (en_US.UTF-8)
c[?7l[2J[0mSeaBIOS (version 1.16.2-debian-1.16.2-1)


iPXE (http://ipxe.org) 00:03.0 CA00 PCI2.10 PnP PMM+7EFCEF00+7EF0EF00 CA00
Press Ctrl-B to configure iPXE (PCI 00:03.0)...                                                                               


Booting from ROM..c[?7l[2J[    0.000000] Linux version 6.3.0-rc6-00126-g829cca4d1783-dirty (root@buildkitsandbox) (gcc (Debian 12.2.0-14+deb12u1) 12.2.0, GNU ld (GNU Binutils for Debian) 2.40) #1 SMP PREEMPT_DYNAMIC Tue May  5 09:33:59 UTC 2026
[    0.000000] Command line: console=ttyS0 oops=panic nokaslr rdinit=/init
[    0.000000] x86/fpu: Supporting XSAVE feature 0x001: 'x87 floating point registers'
[    0.000000] x86/fpu: Supporting XSAVE feature 0x002: 'SSE registers'
[    0.000000] x86/fpu: Supporting XSAVE feature 0x004: 'AVX registers'
[    0.000000] x86/fpu: Supporting XSAVE feature 0x200: 'Protection Keys User registers'
[    0.000000] x86/fpu: xstate_offset[2]:  576, xstate_sizes[2]:  256
[    0.000000] x86/fpu: xstate_offset[9]:  832, xstate_sizes[9]:    8
[    0.000000] x86/fpu: Enabled xstate features 0x207, context size is 840 bytes, using 'compacted' format.
[    0.000000] signal: max sigframe size: 3632
[    0.000000] BIOS-provided physical RAM map:
[    0.000000] BIOS-e820: [mem 0x0000000000000000-0x000000000009fbff] usable
[    0.000000] BIOS-e820: [mem 0x000000000009fc00-0x000000000009ffff] reserved
[    0.000000] BIOS-e820: [mem 0x00000000000f0000-0x00000000000fffff] reserved
[    0.000000] BIOS-e820: [mem 0x0000000000100000-0x000000007ffdffff] usable
[    0.000000] BIOS-e820: [mem 0x000000007ffe0000-0x000000007fffffff] reserved
[    0.000000] BIOS-e820: [mem 0x00000000feffc000-0x00000000feffffff] reserved
[    0.000000] BIOS-e820: [mem 0x00000000fffc0000-0x00000000ffffffff] reserved
[    0.000000] NX (Execute Disable) protection: active
[    0.000000] SMBIOS 2.8 present.
[    0.000000] DMI: QEMU Standard PC (i440FX + PIIX, 1996), BIOS 1.16.2-debian-1.16.2-1 04/01/2014
[    0.000000] Hypervisor detected: KVM
[    0.000000] kvm-clock: Using msrs 4b564d01 and 4b564d00
[    0.000000] kvm-clock: using sched offset of 254386413 cycles
[    0.000001] clocksource: kvm-clock: mask: 0xffffffffffffffff max_cycles: 0x1cd42e4dffb, max_idle_ns: 881590591483 ns
[    0.000003] tsc: Detected 3187.200 MHz processor
[    0.000274] last_pfn = 0x7ffe0 max_arch_pfn = 0x400000000
[    0.000295] x86/PAT: Configuration [0-7]: WB  WC  UC- UC  WB  WP  UC- WT  
[    0.001000] found SMP MP-table at [mem 0x000f5ba0-0x000f5baf]
[    0.001000] Using GB pages for direct mapping
[    0.001000] RAMDISK: [mem 0x7fe92000-0x7ffdffff]
[    0.001000] ACPI: Early table checksum verification disabled
[    0.001000] ACPI: RSDP 0x00000000000F59D0 000014 (v00 BOCHS )
[    0.001000] ACPI: RSDT 0x000000007FFE1B33 000034 (v01 BOCHS  BXPC     00000001 BXPC 00000001)
[    0.001000] ACPI: FACP 0x000000007FFE19DF 000074 (v01 BOCHS  BXPC     00000001 BXPC 00000001)
[    0.001000] ACPI: DSDT 0x000000007FFE0040 00199F (v01 BOCHS  BXPC     00000001 BXPC 00000001)
[    0.001000] ACPI: FACS 0x000000007FFE0000 000040
[    0.001000] ACPI: APIC 0x000000007FFE1A53 000080 (v01 BOCHS  BXPC     00000001 BXPC 00000001)
[    0.001000] ACPI: HPET 0x000000007FFE1AD3 000038 (v01 BOCHS  BXPC     00000001 BXPC 00000001)
[    0.001000] ACPI: WAET 0x000000007FFE1B0B 000028 (v01 BOCHS  BXPC     00000001 BXPC 00000001)
[    0.001000] ACPI: Reserving FACP table memory at [mem 0x7ffe19df-0x7ffe1a52]
[    0.001000] ACPI: Reserving DSDT table memory at [mem 0x7ffe0040-0x7ffe19de]
[    0.001000] ACPI: Reserving FACS table memory at [mem 0x7ffe0000-0x7ffe003f]
[    0.001000] ACPI: Reserving APIC table memory at [mem 0x7ffe1a53-0x7ffe1ad2]
[    0.001000] ACPI: Reserving HPET table memory at [mem 0x7ffe1ad3-0x7ffe1b0a]
[    0.001000] ACPI: Reserving WAET table memory at [mem 0x7ffe1b0b-0x7ffe1b32]
[    0.001000] No NUMA configuration found
[    0.001000] Faking a node at [mem 0x0000000000000000-0x000000007ffdffff]
[    0.001000] NODE_DATA(0) allocated [mem 0x7fe8e000-0x7fe91fff]
[    0.001000] Zone ranges:
[    0.001000]   DMA      [mem 0x0000000000001000-0x0000000000ffffff]
[    0.001000]   DMA32    [mem 0x0000000001000000-0x000000007ffdffff]
[    0.001000]   Normal   empty
[    0.001000] Movable zone start for each node
[    0.001000] Early memory node ranges
[    0.001000]   node   0: [mem 0x0000000000001000-0x000000000009efff]
[    0.001000]   node   0: [mem 0x0000000000100000-0x000000007ffdffff]
[    0.001000] Initmem setup node 0 [mem 0x0000000000001000-0x000000007ffdffff]
[    0.001000] On node 0, zone DMA: 1 pages in unavailable ranges
[    0.001000] On node 0, zone DMA: 97 pages in unavailable ranges
[    0.001000] On node 0, zone DMA32: 32 pages in unavailable ranges
[    0.001000] kasan: KernelAddressSanitizer initialized
[    0.001000] ACPI: PM-Timer IO Port: 0x608
[    0.001000] ACPI: LAPIC_NMI (acpi_id[0xff] dfl dfl lint[0x1])
[    0.001000] IOAPIC[0]: apic_id 0, version 17, address 0xfec00000, GSI 0-23
[    0.001000] ACPI: INT_SRC_OVR (bus 0 bus_irq 0 global_irq 2 dfl dfl)
[    0.001000] ACPI: INT_SRC_OVR (bus 0 bus_irq 5 global_irq 5 high level)
[    0.001000] ACPI: INT_SRC_OVR (bus 0 bus_irq 9 global_irq 9 high level)
[    0.001000] ACPI: INT_SRC_OVR (bus 0 bus_irq 10 global_irq 10 high level)
[    0.001000] ACPI: INT_SRC_OVR (bus 0 bus_irq 11 global_irq 11 high level)
[    0.001000] ACPI: Using ACPI (MADT) for SMP configuration information
[    0.001000] ACPI: HPET id: 0x8086a201 base: 0xfed00000
[    0.001000] TSC deadline timer available
[    0.001000] smpboot: Allowing 2 CPUs, 0 hotplug CPUs
[    0.001000] kvm-guest: KVM setup pv remote TLB flush
[    0.001000] kvm-guest: setup PV sched yield
[    0.001000] PM: hibernation: Registered nosave memory: [mem 0x00000000-0x00000fff]
[    0.001000] PM: hibernation: Registered nosave memory: [mem 0x0009f000-0x0009ffff]
[    0.001000] PM: hibernation: Registered nosave memory: [mem 0x000a0000-0x000effff]
[    0.001000] PM: hibernation: Registered nosave memory: [mem 0x000f0000-0x000fffff]
[    0.001000] [mem 0x80000000-0xfeffbfff] available for PCI devices
[    0.001000] Booting paravirtualized kernel on KVM
[    0.001000] clocksource: refined-jiffies: mask: 0xffffffff max_cycles: 0xffffffff, max_idle_ns: 1910969940391419 ns
[    0.001000] setup_percpu: NR_CPUS:64 nr_cpumask_bits:2 nr_cpu_ids:2 nr_node_ids:1
[    0.001000] percpu: Embedded 66 pages/cpu s231848 r8192 d30296 u1048576
[    0.001000] Fallback order for Node 0: 0 
[    0.001000] Built 1 zonelists, mobility grouping on.  Total pages: 515808
[    0.001000] Policy zone: DMA32
[    0.001000] Kernel command line: console=ttyS0 oops=panic nokaslr rdinit=/init
[    0.001000] random: crng init done
[    0.001000] Dentry cache hash table entries: 262144 (order: 9, 2097152 bytes, linear)
[    0.001000] Inode-cache hash table entries: 131072 (order: 8, 1048576 bytes, linear)
[    0.001000] mem auto-init: stack:all(zero), heap alloc:off, heap free:off
[    0.001000] stackdepot: allocating hash table via alloc_large_system_hash
[    0.001000] stackdepot hash table entries: 1048576 (order: 11, 8388608 bytes, linear)
[    0.001000] Memory: 1692960K/2096632K available (49152K kernel code, 7879K rwdata, 9920K rodata, 5548K init, 3180K bss, 403416K reserved, 0K cma-reserved)
[    0.001000] SLUB: HWalign=64, Order=0-3, MinObjects=0, CPUs=2, Nodes=1
[    0.001000] Dynamic Preempt: voluntary
[    0.001000] rcu: Preemptible hierarchical RCU implementation.
[    0.001000] rcu: 	RCU event tracing is enabled.
[    0.001000] rcu: 	RCU restricting CPUs from NR_CPUS=64 to nr_cpu_ids=2.
[    0.001000] 	Trampoline variant of Tasks RCU enabled.
[    0.001000] rcu: RCU calculated value of scheduler-enlistment delay is 100 jiffies.
[    0.001000] rcu: Adjusting geometry for rcu_fanout_leaf=16, nr_cpu_ids=2
[    0.001000] NR_IRQS: 4352, nr_irqs: 440, preallocated irqs: 16
[    0.001000] rcu: srcu_init: Setting srcu_struct sizes based on contention.
[    0.001000] Console: colour VGA+ 80x25
[    0.001000] printk: console [ttyS0] enabled
[    0.001000] ACPI: Core revision 20221020
[    0.001000] clocksource: hpet: mask: 0xffffffff max_cycles: 0xffffffff, max_idle_ns: 19112604467 ns
[    0.001000] APIC: Switch to symmetric I/O mode setup
[    0.001000] kvm-guest: setup PV IPIs
[    0.001000] ..TIMER: vector=0x30 apic1=0 pin1=2 apic2=-1 pin2=-1
[    0.001000] clocksource: tsc-early: mask: 0xffffffffffffffff max_cycles: 0x2df10e7656b, max_idle_ns: 440795364873 ns
[    0.178809] Calibrating delay loop (skipped) preset value.. 6374.40 BogoMIPS (lpj=3187200)
[    0.179284] pid_max: default: 32768 minimum: 301
[    0.179583] LSM: initializing lsm=capability,integrity,selinux
[    0.179820] SELinux:  Initializing.
[    0.180077] Mount-cache hash table entries: 4096 (order: 3, 32768 bytes, linear)
[    0.180809] Mountpoint-cache hash table entries: 4096 (order: 3, 32768 bytes, linear)
[    0.182005] x86/cpu: User Mode Instruction Prevention (UMIP) activated
[    0.182428] Last level iTLB entries: 4KB 0, 2MB 0, 4MB 0
[    0.182807] Last level dTLB entries: 4KB 0, 2MB 0, 4MB 0, 1GB 0
[    0.183148] Spectre V1 : Mitigation: usercopy/swapgs barriers and __user pointer sanitization
[    0.183808] Spectre V2 : Mitigation: Enhanced / Automatic IBRS
[    0.184142] Spectre V2 : Spectre v2 / SpectreRSB mitigation: Filling RSB on context switch
[    0.184608] Spectre V2 : Spectre v2 / PBRSB-eIBRS: Retire a single CALL on VMEXIT
[    0.184807] Spectre V2 : mitigation: Enabling conditional Indirect Branch Prediction Barrier
[    0.185286] Speculative Store Bypass: Mitigation: Speculative Store Bypass disabled via prctl
[    0.185806] MMIO Stale Data: Unknown: No mitigations
[    0.201108] Freeing SMP alternatives memory: 44K
[    0.201511] smpboot: CPU0: Intel(R) Core(TM) i9-14900K (family: 0x6, model: 0xb7, stepping: 0x1)
[    0.201805] cblist_init_generic: Setting adjustable number of callback queues.
[    0.201807] cblist_init_generic: Setting shift to 1 and lim to 1.
[    0.202174] Performance Events: unsupported p6 CPU model 183 no PMU driver, software events only.
[    0.202713] rcu: Hierarchical SRCU implementation.
[    0.202807] rcu: 	Max phase no-delay instances is 400.
[    0.203432] smp: Bringing up secondary CPUs ...
[    0.203802] x86: Booting SMP configuration:
[    0.203808] .... node  #0, CPUs:      #1
[    0.204030] smp: Brought up 1 node, 2 CPUs
[    0.204284] smpboot: Max logical packages: 1
[    0.204808] smpboot: Total of 2 processors activated (12748.80 BogoMIPS)
[    0.205420] devtmpfs: initialized
[    0.206815] clocksource: jiffies: mask: 0xffffffff max_cycles: 0xffffffff, max_idle_ns: 1911260446275000 ns
[    0.207377] futex hash table entries: 512 (order: 3, 32768 bytes, linear)
[    0.207862] PM: RTC time: 09:36:26, date: 2026-05-05
[    0.208253] NET: Registered PF_NETLINK/PF_ROUTE protocol family
[    0.208762] audit: initializing netlink subsys (disabled)
[    0.208836] audit: type=2000 audit(1777973787.315:1): state=initialized audit_enabled=0 res=1
[    0.208963] thermal_sys: Registered thermal governor 'step_wise'
[    0.209326] thermal_sys: Registered thermal governor 'user_space'
[    0.209701] cpuidle: using governor menu
[    0.210210] PCI: Using configuration type 1 for base access
[    0.210663] kprobes: kprobe jump-optimization is enabled. All kprobes are optimized if possible.
[    0.215818] HugeTLB: registered 2.00 MiB page size, pre-allocated 0 pages
[    0.216259] HugeTLB: 28 KiB vmemmap can be freed for a 2.00 MiB page
[    0.221876] ACPI: Added _OSI(Module Device)
[    0.222128] ACPI: Added _OSI(Processor Device)
[    0.222401] ACPI: Added _OSI(3.0 _SCP Extensions)
[    0.222685] ACPI: Added _OSI(Processor Aggregator Device)
[    0.230126] ACPI: 1 ACPI AML tables successfully acquired and loaded
[    0.266013] ACPI: Interpreter enabled
[    0.266269] ACPI: PM: (supports S0 S3 S4 S5)
[    0.266511] ACPI: Using IOAPIC for interrupt routing
[    0.266825] PCI: Using host bridge windows from ACPI; if necessary, use "pci=nocrs" and report a bug
[    0.267342] PCI: Using E820 reservations for host bridge windows
[    0.267988] ACPI: Enabled 2 GPEs in block 00 to 0F
[    0.277678] ACPI: PCI Root Bridge [PCI0] (domain 0000 [bus 00-ff])
[    0.277815] acpi PNP0A03:00: _OSC: OS supports [ASPM ClockPM Segments MSI HPX-Type3]
[    0.278253] acpi PNP0A03:00: _OSC: not requesting OS control; OS requires [ExtendedConfig ASPM ClockPM MSI]
[    0.278851] acpi PNP0A03:00: fail to add MMCONFIG information, can't access extended configuration space under this bridge
[    0.279627] PCI host bridge to bus 0000:00
[    0.279813] pci_bus 0000:00: root bus resource [io  0x0000-0x0cf7 window]
[    0.280199] pci_bus 0000:00: root bus resource [io  0x0d00-0xffff window]
[    0.280593] pci_bus 0000:00: root bus resource [mem 0x000a0000-0x000bffff window]
[    0.280808] pci_bus 0000:00: root bus resource [mem 0x80000000-0xfebfffff window]
[    0.281238] pci_bus 0000:00: root bus resource [mem 0x100000000-0x17fffffff window]
[    0.281727] pci_bus 0000:00: root bus resource [bus 00-ff]
[    0.281862] pci 0000:00:00.0: [8086:1237] type 00 class 0x060000
[    0.285962] pci 0000:00:01.0: [8086:7000] type 00 class 0x060100
[    0.289977] pci 0000:00:01.1: [8086:7010] type 00 class 0x010180
[    0.291113] pci 0000:00:01.1: reg 0x20: [io  0xc040-0xc04f]
[    0.291790] pci 0000:00:01.1: legacy IDE quirk: reg 0x10: [io  0x01f0-0x01f7]
[    0.291807] pci 0000:00:01.1: legacy IDE quirk: reg 0x14: [io  0x03f6]
[    0.292190] pci 0000:00:01.1: legacy IDE quirk: reg 0x18: [io  0x0170-0x0177]
[    0.292605] pci 0000:00:01.1: legacy IDE quirk: reg 0x1c: [io  0x0376]
[    0.292971] pci 0000:00:01.3: [8086:7113] type 00 class 0x068000
[    0.293541] pci 0000:00:01.3: quirk: [io  0x0600-0x063f] claimed by PIIX4 ACPI
[    0.293810] pci 0000:00:01.3: quirk: [io  0x0700-0x070f] claimed by PIIX4 SMB
[    0.294364] pci 0000:00:02.0: [1234:1111] type 00 class 0x030000
[    0.294940] pci 0000:00:02.0: reg 0x10: [mem 0xfd000000-0xfdffffff pref]
[    0.296010] pci 0000:00:02.0: reg 0x18: [mem 0xfebf0000-0xfebf0fff]
[    0.298024] pci 0000:00:02.0: reg 0x30: [mem 0xfebe0000-0xfebeffff pref]
[    0.298462] pci 0000:00:02.0: Video device with shadowed ROM at [mem 0x000c0000-0x000dffff]
[    0.303065] pci 0000:00:03.0: [8086:100e] type 00 class 0x020000
[    0.303770] pci 0000:00:03.0: reg 0x10: [mem 0xfebc0000-0xfebdffff]
[    0.304085] pci 0000:00:03.0: reg 0x14: [io  0xc000-0xc03f]
[    0.305795] pci 0000:00:03.0: reg 0x30: [mem 0xfeb80000-0xfebbffff pref]
[    0.310249] ACPI: PCI: Interrupt link LNKA configured for IRQ 10
[    0.310933] ACPI: PCI: Interrupt link LNKB configured for IRQ 10
[    0.311604] ACPI: PCI: Interrupt link LNKC configured for IRQ 11
[    0.312131] ACPI: PCI: Interrupt link LNKD configured for IRQ 11
[    0.312616] ACPI: PCI: Interrupt link LNKS configured for IRQ 9
[    0.313726] iommu: Default domain type: Translated 
[    0.313807] iommu: DMA domain TLB invalidation policy: lazy mode 
[    0.314325] SCSI subsystem initialized
[    0.314555] ACPI: bus type USB registered
[    0.314835] usbcore: registered new interface driver usbfs
[    0.315192] usbcore: registered new interface driver hub
[    0.315519] usbcore: registered new device driver usb
[    0.315844] pps_core: LinuxPPS API ver. 1 registered
[    0.316135] pps_core: Software ver. 5.3.6 - Copyright 2005-2007 Rodolfo Giometti <giometti@linux.it>
[    0.316668] PTP clock support registered
[    0.316879] Advanced Linux Sound Architecture Driver Initialized.
[    0.317883] NetLabel: Initializing
[    0.318086] NetLabel:  domain hash size = 128
[    0.318340] NetLabel:  protocols = UNLABELED CIPSOv4 CALIPSO
[    0.318693] NetLabel:  unlabeled traffic allowed by default
[    0.318837] PCI: Using ACPI for IRQ routing
[    0.319142] pci 0000:00:02.0: vgaarb: setting as boot VGA device
[    0.319180] pci 0000:00:02.0: vgaarb: bridge control possible
[    0.319764] pci 0000:00:02.0: vgaarb: VGA device added: decodes=io+mem,owns=io+mem,locks=none
[    0.319812] vgaarb: loaded
[    0.320271] hpet0: at MMIO 0xfed00000, IRQs 2, 8, 0
[    0.320565] hpet0: 3 comparators, 64-bit 100.000000 MHz counter
[    0.322848] clocksource: Switched to clocksource kvm-clock
[    0.323337] VFS: Disk quotas dquot_6.6.0
[    0.323575] VFS: Dquot-cache hash table entries: 512 (order 0, 4096 bytes)
[    0.324326] pnp: PnP ACPI init
[    0.325471] pnp: PnP ACPI: found 6 devices
[    0.332240] clocksource: acpi_pm: mask: 0xffffff max_cycles: 0xffffff, max_idle_ns: 2085701024 ns
[    0.332791] NET: Registered PF_INET protocol family
[    0.333792] IP idents hash table entries: 32768 (order: 6, 262144 bytes, linear)
[    0.334625] tcp_listen_portaddr_hash hash table entries: 1024 (order: 2, 16384 bytes, linear)
[    0.335129] Table-perturb hash table entries: 65536 (order: 6, 262144 bytes, linear)
[    0.335581] TCP established hash table entries: 16384 (order: 5, 131072 bytes, linear)
[    0.336057] TCP bind hash table entries: 16384 (order: 7, 524288 bytes, linear)
[    0.336501] TCP: Hash tables configured (established 16384 bind 16384)
[    0.336913] UDP hash table entries: 1024 (order: 3, 32768 bytes, linear)
[    0.337304] UDP-Lite hash table entries: 1024 (order: 3, 32768 bytes, linear)
[    0.337773] NET: Registered PF_UNIX/PF_LOCAL protocol family
[    0.338251] RPC: Registered named UNIX socket transport module.
[    0.338593] RPC: Registered udp transport module.
[    0.338870] RPC: Registered tcp transport module.
[    0.339144] RPC: Registered tcp NFSv4.1 backchannel transport module.
[    0.339801] pci_bus 0000:00: resource 4 [io  0x0000-0x0cf7 window]
[    0.340170] pci_bus 0000:00: resource 5 [io  0x0d00-0xffff window]
[    0.340526] pci_bus 0000:00: resource 6 [mem 0x000a0000-0x000bffff window]
[    0.340925] pci_bus 0000:00: resource 7 [mem 0x80000000-0xfebfffff window]
[    0.341326] pci_bus 0000:00: resource 8 [mem 0x100000000-0x17fffffff window]
[    0.341817] pci 0000:00:01.0: PIIX3: Enabling Passive Release
[    0.342164] pci 0000:00:00.0: Limiting direct PCI/PCI transfers
[    0.342549] PCI: CLS 0 bytes, default 64
[    0.342916] Unpacking initramfs...
[    0.343968] RAPL PMU: API unit is 2^-32 Joules, 0 fixed counters, 10737418240 ms ovfl timer
[    0.344482] clocksource: tsc: mask: 0xffffffffffffffff max_cycles: 0x2df10e7656b, max_idle_ns: 440795364873 ns
[    0.352635] Initialise system trusted keyrings
[    0.353832] workingset: timestamp_bits=56 max_order=19 bucket_order=0
[    0.354530] NFS: Registering the id_resolver key type
[    0.354839] Key type id_resolver registered
[    0.355086] Key type id_legacy registered
[    0.355370] 9p: Installing v9fs 9p2000 file system support
[    0.358096] Freeing initrd memory: 1336K
[    0.359966] Key type asymmetric registered
[    0.360244] Asymmetric key parser 'x509' registered
[    0.360551] Block layer SCSI generic (bsg) driver version 0.4 loaded (major 251)
[    0.361003] io scheduler mq-deadline registered
[    0.361273] io scheduler kyber registered
[    0.361666] input: Power Button as /devices/LNXSYSTM:00/LNXPWRBN:00/input/input0
[    0.362183] ACPI: button: Power Button [PWRF]
[    0.362771] Serial: 8250/16550 driver, 4 ports, IRQ sharing enabled
[    0.363264] 00:04: ttyS0 at I/O 0x3f8 (irq = 4, base_baud = 115200) is a 16550A
[    0.364456] Non-volatile memory driver v1.3
[    0.364965] Linux agpgart interface v0.103
[    0.365750] ACPI: bus type drm_connector registered
[    0.369312] loop: module loaded
[    0.370451] scsi host0: ata_piix
[    0.370838] scsi host1: ata_piix
[    0.371110] ata1: PATA max MWDMA2 cmd 0x1f0 ctl 0x3f6 bmdma 0xc040 irq 14
[    0.371512] ata2: PATA max MWDMA2 cmd 0x170 ctl 0x376 bmdma 0xc048 irq 15
[    0.372898] e100: Intel(R) PRO/100 Network Driver
[    0.373181] e100: Copyright(c) 1999-2006 Intel Corporation
[    0.373519] e1000: Intel(R) PRO/1000 Network Driver
[    0.373810] e1000: Copyright (c) 1999-2006 Intel Corporation.
[    0.528000] ata2: found unknown device (class 0)
[    0.528707] ata2.00: ATAPI: QEMU DVD-ROM, 2.5+, max UDMA/100
[    0.529641] scsi 1:0:0:0: CD-ROM            QEMU     QEMU DVD-ROM     2.5+ PQ: 0 ANSI: 5
[    0.544122] sr 1:0:0:0: [sr0] scsi3-mmc drive: 4x/4x cd/rw xa/form2 tray
[    0.544543] cdrom: Uniform CD-ROM driver Revision: 3.20
[    0.553904] sr 1:0:0:0: Attached scsi generic sg0 type 5
[    0.658471] ACPI: \_SB_.LNKC: Enabled at IRQ 11
[    0.949049] e1000 0000:00:03.0 eth0: (PCI:33MHz:32-bit) 52:54:00:12:34:56
[    0.949452] e1000 0000:00:03.0 eth0: Intel(R) PRO/1000 Network Connection
[    0.949893] e1000e: Intel(R) PRO/1000 Network Driver
[    0.950185] e1000e: Copyright(c) 1999 - 2015 Intel Corporation.
[    0.950547] sky2: driver version 1.30
[    0.951097] usbcore: registered new interface driver usblp
[    0.951440] usbcore: registered new interface driver usb-storage
[    0.951851] i8042: PNP: PS/2 Controller [PNP0303:KBD,PNP0f13:MOU] at 0x60,0x64 irq 1,12
[    0.952768] serio: i8042 KBD port at 0x60,0x64 irq 1
[    0.953069] serio: i8042 AUX port at 0x60,0x64 irq 12
[    0.953623] rtc_cmos 00:05: RTC can wake from S4
[    0.954034] input: AT Translated Set 2 keyboard as /devices/platform/i8042/serio0/input/input1
[    0.955398] rtc_cmos 00:05: registered as rtc0
[    0.955875] rtc_cmos 00:05: alarms up to one day, y3k, 242 bytes nvram, hpet irqs
[    0.956485] device-mapper: ioctl: 4.47.0-ioctl (2022-07-28) initialised: dm-devel@redhat.com
[    0.956982] intel_pstate: CPU model not supported
[    0.957280] hid: raw HID events driver (C) Jiri Kosina
[    0.957780] usbcore: registered new interface driver usbhid
[    0.958108] usbhid: USB HID core driver
[    0.958831] Initializing XFRM netlink socket
[    0.959121] NET: Registered PF_INET6 protocol family
[    0.959771] Segment Routing with IPv6
[    0.960007] In-situ OAM (IOAM) with IPv6
[    0.960277] sit: IPv6, IPv4 and MPLS over IPv4 tunneling driver
[    0.960826] NET: Registered PF_PACKET protocol family
[    0.961153] 9pnet: Installing 9P2000 support
[    0.961420] Key type dns_resolver registered
[    0.961886] IPI shorthand broadcast: enabled
[    0.972123] sched_clock: Marking stable (796000887, 175805824)->(979968946, -8162235)
[    0.972695] registered taskstats version 1
[    0.972944] Loading compiled-in X.509 certificates
[    0.978784] PM:   Magic number: 10:901:625
[    0.979077] printk: console [netcon0] enabled
[    0.979336] netconsole: network logging started
[    0.979749] cfg80211: Loading compiled-in X.509 certificates for regulatory database
[    0.980375] kworker/u4:0 (51) used greatest stack depth: 29536 bytes left
[    0.981066] Loaded X.509 cert 'sforshee: 00b28ddf47aef9cea7'
[    0.981410] ALSA device list:
[    0.981590]   No soundcards found.
[    0.982575] Freeing unused kernel image (initmem) memory: 5548K
[    0.982878] platform regulatory.0: Direct firmware load for regulatory.db failed with error -2
[    0.983215] cfg80211: failed to load regulatory.db
[    0.986889] Write protecting the kernel read-only data: 59392k
[    0.987217] Freeing unused kernel image (rodata/data gap) memory: 320K
[    0.994818] x86/mm: Checked W+X mappings: passed, no W+X pages found.
[    0.995098] Run /init as init process
[    0.996312] mount (55) used greatest stack depth: 28704 bytes left

secb: rootfs ready
---- poc begin ----
poc: userns+netns ready
poc: lo MTU raised
poc: lo ifindex=1
poc: creating qfq qdisc handle=10000000
poc: creating qfq tclass handle=10000001 lmax=4096
poc: creating qfq tclass handle=10000002 lmax=8192
poc: changing qfq tclass handle=10000002 (no LMAX -> reads MTU)
[    1.036671] ==================================================================
[    1.037547] BUG: KASAN: slab-out-of-bounds in qfq_activate_agg.constprop.0+0x31b/0x460
[    1.038509] Read of size 4 at addr ffff88800a00a258 by task poc/61
[    1.039250] 
[    1.039449] CPU: 0 PID: 61 Comm: poc Not tainted 6.3.0-rc6-00126-g829cca4d1783-dirty #1
[    1.040391] Hardware name: QEMU Standard PC (i440FX + PIIX, 1996), BIOS 1.16.2-debian-1.16.2-1 04/01/2014
[    1.041609] Call Trace:
[    1.041956]  <TASK>
[    1.042254]  dump_stack_lvl+0x36/0x50
[    1.042754]  print_report+0xcf/0x660
[    1.043248]  ? qfq_activate_agg.constprop.0+0x31b/0x460
[    1.043948]  kasan_report+0xc9/0x100
[    1.044433]  ? qfq_activate_agg.constprop.0+0x31b/0x460
[    1.045129]  qfq_activate_agg.constprop.0+0x31b/0x460
[    1.045801]  qfq_enqueue+0x953/0x1950
[    1.046306]  ? chacha_block_generic+0x8e/0x240
[    1.046807]  ? __pfx_qfq_enqueue+0x10/0x10
[    1.047273]  ? _raw_spin_lock+0x80/0xe0
[    1.047600]  dev_qdisc_enqueue+0x3b/0x140
[    1.047945]  __dev_queue_xmit+0x1600/0x2e70
[    1.048299]  ? selinux_ip_postroute_compat+0x240/0x3e0
[    1.048732]  ? __pfx___dev_queue_xmit+0x10/0x10
[    1.049118]  ? crng_make_state+0x73/0x190
[    1.049457]  ? __pfx__get_random_bytes+0x10/0x10
[    1.049846]  ? selinux_ip_postroute+0x2ac/0xaf0
[    1.050232]  ip_finish_output2+0x6d3/0x1930
[    1.050587]  ? __pfx_ip_finish_output2+0x10/0x10
[    1.050978]  __ip_finish_output.part.0+0x268/0x940
[    1.051380]  ? __pfx___ip_finish_output.part.0+0x10/0x10
[    1.051823]  ? nf_hook_slow+0xa2/0x170
[    1.052086]  ip_output+0x2c9/0x6c0
[    1.052293]  ? __pfx_ip_output+0x10/0x10
[    1.052528]  ? __pfx_ip_finish_output+0x10/0x10
[    1.052799]  ? __pfx_ip_generic_getfrag+0x10/0x10
[    1.053082]  ? __pfx_ip_make_skb+0x10/0x10
[    1.053327]  ip_send_skb+0x113/0x150
[    1.053543]  udp_send_skb+0x56d/0x1250
[    1.053771]  udp_sendmsg+0x160a/0x1e70
[    1.054000]  ? __pfx_ip_generic_getfrag+0x10/0x10
[    1.054281]  ? __pfx_udp_sendmsg+0x10/0x10
[    1.054525]  ? udp_lib_get_port+0x4b9/0x1850
[    1.054781]  ? ip4_datagram_release_cb+0x161/0x7f0
[    1.055072]  ? __pfx_ip4_datagram_release_cb+0x10/0x10
[    1.055376]  ? __pfx_sk_setsockopt+0x10/0x10
[    1.055635]  ? inet_autobind+0x108/0x160
[    1.055870]  ? inet_send_prepare+0x21c/0x2a0
[    1.056130]  ? __pfx_inet_sendmsg+0x10/0x10
[    1.056380]  ? sock_sendmsg+0x138/0x180
[    1.056610]  sock_sendmsg+0x138/0x180
[    1.056831]  __sys_sendto+0x1e1/0x2a0
[    1.057055]  ? __pfx___sys_sendto+0x10/0x10
[    1.057305]  ? __pfx_udp_push_pending_frames+0x10/0x10
[    1.057608]  ? udp_lib_setsockopt+0x52f/0xc00
[    1.057870]  ? __pfx_udp_lib_setsockopt+0x10/0x10
[    1.058077]  ? __pfx___sys_socket+0x10/0x10
[    1.058244]  __x64_sys_sendto+0xdb/0x1b0
[    1.058401]  ? exit_to_user_mode_prepare+0x2a/0x110
[    1.058597]  ? syscall_exit_to_user_mode+0x21/0x50
[    1.058789]  do_syscall_64+0x3b/0x90
[    1.058935]  entry_SYSCALL_64_after_hwframe+0x72/0xdc
[    1.059136] RIP: 0033:0x43b703
[    1.059263] Code: c7 c2 b8 ff ff ff f7 d8 64 89 02 48 c7 c0 ff ff ff ff eb b8 0f 1f 00 80 3d 61 b9 06 00 00 41 89 ca 74 14 b8 2c 00 00 00 0f 05 <48> 3d 00 f0 ff ff 77 75 c3 0f 1f 40 00 55 48 83 ec 30 44 89 4c 24
[    1.059980] RSP: 002b:00007fff512e8cd8 EFLAGS: 00000202 ORIG_RAX: 000000000000002c
[    1.060275] RAX: ffffffffffffffda RBX: 0000000000000010 RCX: 000000000043b703
[    1.060554] RDX: 0000000000000001 RSI: 000000000047e70f RDI: 0000000000000004
[    1.060832] RBP: 0000000000000004 R08: 00007fff512e8cf0 R09: 0000000000000010
[    1.061113] R10: 0000000000000040 R11: 0000000000000202 R12: 000000000047e70f
[    1.061391] R13: 00007fff512e8cf0 R14: 0000000000000000 R15: 0000000000000001
[    1.061669]  </TASK>
[    1.061761] 
[    1.061827] Allocated by task 61:
[    1.061963]  kasan_save_stack+0x33/0x60
[    1.062117]  kasan_set_track+0x25/0x30
[    1.062268]  __kasan_kmalloc+0x8f/0xa0
[    1.062418]  __kmalloc_node+0x5c/0x160
[    1.062570]  qdisc_alloc+0xa8/0x740
[    1.062714]  qdisc_create+0xd3/0xea0
[    1.062859]  tc_modify_qdisc+0x3cd/0x1870
[    1.063024]  rtnetlink_rcv_msg+0x35d/0x9d0
[    1.063193]  netlink_rcv_skb+0x12f/0x370
[    1.063357]  netlink_unicast+0x59b/0x810
[    1.063519]  netlink_sendmsg+0x7b7/0xc70
[    1.063682]  sock_sendmsg+0x13d/0x180
[    1.063834]  ____sys_sendmsg+0x5ce/0x810
[    1.063997]  ___sys_sendmsg+0x100/0x180
[    1.064151]  __sys_sendmsg+0xe6/0x190
[    1.064298]  do_syscall_64+0x3b/0x90
[    1.064443]  entry_SYSCALL_64_after_hwframe+0x72/0xdc
[    1.064642] 
[    1.064708] The buggy address belongs to the object at ffff88800a008000
[    1.064708]  which belongs to the cache kmalloc-8k of size 8192
[    1.065188] The buggy address is located 888 bytes to the right of
[    1.065188]  allocated 7904-byte region [ffff88800a008000, ffff88800a009ee0)
[    1.065695] 
[    1.065761] The buggy address belongs to the physical page:
[    1.065982] page:00000000f408d3a3 refcount:1 mapcount:0 mapping:0000000000000000 index:0x0 pfn:0xa008
[    1.066340] head:00000000f408d3a3 order:3 entire_mapcount:0 nr_pages_mapped:0 pincount:0
[    1.066654] flags: 0x100000000010200(slab|head|node=0|zone=1)
[    1.066883] raw: 0100000000010200 ffff888006442280 dead000000000122 0000000000000000
[    1.067186] raw: 0000000000000000 0000000080020002 00000001ffffffff 0000000000000000
[    1.067502] page dumped because: kasan: bad access detected
[    1.067729] 
[    1.067801] Memory state around the buggy address:
[    1.067995]  ffff88800a00a100: fc fc fc fc fc fc fc fc fc fc fc fc fc fc fc fc
[    1.068279]  ffff88800a00a180: fc fc fc fc fc fc fc fc fc fc fc fc fc fc fc fc
[    1.068562] >ffff88800a00a200: fc fc fc fc fc fc fc fc fc fc fc fc fc fc fc fc
[    1.068842]                                                     ^
[    1.069085]  ffff88800a00a280: fc fc fc fc fc fc fc fc fc fc fc fc fc fc fc fc
[    1.069375]  ffff88800a00a300: fc fc fc fc fc fc fc fc fc fc fc fc fc fc fc fc
[    1.069665] ==================================================================
[    1.069968] Disabling lock debugging due to kernel taint
poc: creating qfq tclass handle=10000010 lmax=0
poc: creating qfq tclass handle=10000020 lmax=0
poc: creating qfq tclass handle=10000030 lmax=0
poc: creating qfq tclass handle=10000040 lmax=0
poc: creating qfq tclass handle=10000050 lmax=0
poc: creating qfq tclass handle=10000060 lmax=0
poc: creating qfq tclass handle=10000070 lmax=0
[    1.578425] input: ImExPS/2 Generic Explorer Mouse as /devices/platform/i8042/serio1/input/input3
poc: done
[    2.140731] poc (61) used greatest stack depth: 25896 bytes left
---- poc end rc=0 ----
secb: poc exited without crashing the kernel
[    3.397524] ACPI: PM: Preparing to enter system sleep state S5
[    3.397842] reboot: Power down
CONFIRMED: KASAN_OOB
