bash: warning: setlocale: LC_ALL: cannot change locale (en_US.UTF-8)
c[?7l[2J[0mSeaBIOS (version 1.16.2-debian-1.16.2-1)
Booting from ROM...
c[?7l[2Jearly console in extract_kernel
input_data: 0x000000000f0c6298
input_len: 0x0000000005d20357
output: 0x0000000001000000
output_len: 0x0000000011fffbc0
kernel_total_size: 0x0000000013e26000
needed_size: 0x0000000014000000
trampoline_32bit: 0x0000000000000000

Decompressing Linux... Parsing ELF... done.
Booting the kernel (entry_offset: 0x000000000000007a).
[    0.000000][    T0] Linux version 6.9.0-rc6-gc7d19b8c17c5 (root@buildkitsandbox) (gcc (Debian 12.2.0-14+deb12u1) 12.2.0, GNU ld (GNU Binutils for Debian) 2.40) #2 SMP PREEMPT_DYNAMIC Fri May 22 06:14:57 UTC 2026
[    0.000000][    T0] Command line: console=ttyS0 oops=panic panic=86400 nokaslr earlyprintk=serial rdinit=/init
[    0.000000][    T0] KERNEL supported cpus:
[    0.000000][    T0]   Intel GenuineIntel
[    0.000000][    T0]   AMD AuthenticAMD
[    0.000000][    T0] BIOS-provided physical RAM map:
[    0.000000][    T0] BIOS-e820: [mem 0x0000000000000000-0x000000000009fbff] usable
[    0.000000][    T0] BIOS-e820: [mem 0x000000000009fc00-0x000000000009ffff] reserved
[    0.000000][    T0] BIOS-e820: [mem 0x00000000000f0000-0x00000000000fffff] reserved
[    0.000000][    T0] BIOS-e820: [mem 0x0000000000100000-0x000000007ffdffff] usable
[    0.000000][    T0] BIOS-e820: [mem 0x000000007ffe0000-0x000000007fffffff] reserved
[    0.000000][    T0] BIOS-e820: [mem 0x00000000feffc000-0x00000000feffffff] reserved
[    0.000000][    T0] BIOS-e820: [mem 0x00000000fffc0000-0x00000000ffffffff] reserved
[    0.000000][    T0] printk: legacy bootconsole [earlyser0] enabled
[    0.000000][    T0] NX (Execute Disable) protection: active
[    0.000000][    T0] APIC: Static calls initialized
[    0.000000][    T0] SMBIOS 2.8 present.
[    0.000000][    T0] DMI: QEMU Standard PC (i440FX + PIIX, 1996), BIOS 1.16.2-debian-1.16.2-1 04/01/2014
[    0.000000][    T0] Hypervisor detected: KVM
[    0.000000][    T0] kvm-clock: Using msrs 4b564d01 and 4b564d00
[    0.000004][    T0] kvm-clock: using sched offset of 1303040978 cycles
[    0.001486][    T0] clocksource: kvm-clock: mask: 0xffffffffffffffff max_cycles: 0x1cd42e4dffb, max_idle_ns: 881590591483 ns
[    0.006157][    T0] tsc: Detected 2995.198 MHz processor
[    0.012625][    T0] last_pfn = 0x7ffe0 max_arch_pfn = 0x400000000
[    0.014437][    T0] MTRR map: 4 entries (3 fixed + 1 variable; max 19), built from 8 variable MTRRs
[    0.017163][    T0] x86/PAT: Configuration [0-7]: WB  WC  UC- UC  WB  WP  UC- WT  
[    0.025693][    T0] found SMP MP-table at [mem 0x000f5ba0-0x000f5baf]
[    0.029480][    T0] Using GB pages for direct mapping
[    0.031148][    T0] Incomplete global flushes, disabling PCID
[    0.032577][    T0] RAMDISK: [mem 0x7fe92000-0x7ffdffff]
[    0.035599][    T0] ACPI: Early table checksum verification disabled
[    0.037486][    T0] ACPI: RSDP 0x00000000000F59D0 000014 (v00 BOCHS )
[    0.039052][    T0] ACPI: RSDT 0x000000007FFE1B33 000034 (v01 BOCHS  BXPC     00000001 BXPC 00000001)
[    0.041491][    T0] ACPI: FACP 0x000000007FFE19DF 000074 (v01 BOCHS  BXPC     00000001 BXPC 00000001)
[    0.043889][    T0] ACPI: DSDT 0x000000007FFE0040 00199F (v01 BOCHS  BXPC     00000001 BXPC 00000001)
[    0.046550][    T0] ACPI: FACS 0x000000007FFE0000 000040
[    0.048547][    T0] ACPI: APIC 0x000000007FFE1A53 000080 (v01 BOCHS  BXPC     00000001 BXPC 00000001)
[    0.051342][    T0] ACPI: HPET 0x000000007FFE1AD3 000038 (v01 BOCHS  BXPC     00000001 BXPC 00000001)
[    0.054038][    T0] ACPI: WAET 0x000000007FFE1B0B 000028 (v01 BOCHS  BXPC     00000001 BXPC 00000001)
[    0.056522][    T0] ACPI: Reserving FACP table memory at [mem 0x7ffe19df-0x7ffe1a52]
[    0.058534][    T0] ACPI: Reserving DSDT table memory at [mem 0x7ffe0040-0x7ffe19de]
[    0.060510][    T0] ACPI: Reserving FACS table memory at [mem 0x7ffe0000-0x7ffe003f]
[    0.062501][    T0] ACPI: Reserving APIC table memory at [mem 0x7ffe1a53-0x7ffe1ad2]
[    0.064599][    T0] ACPI: Reserving HPET table memory at [mem 0x7ffe1ad3-0x7ffe1b0a]
[    0.066681][    T0] ACPI: Reserving WAET table memory at [mem 0x7ffe1b0b-0x7ffe1b32]
[    0.069617][    T0] No NUMA configuration found
[    0.070974][    T0] Faking a node at [mem 0x0000000000000000-0x000000007ffdffff]
[    0.072970][    T0] NODE_DATA(0) allocated [mem 0x7fe8be00-0x7fe91dff]
[    0.099409][    T0] Zone ranges:
[    0.100541][    T0]   DMA      [mem 0x0000000000001000-0x0000000000ffffff]
[    0.102588][    T0]   DMA32    [mem 0x0000000001000000-0x000000007ffdffff]
[    0.104600][    T0]   Normal   empty
[    0.105733][    T0]   Device   empty
[    0.107218][    T0] Movable zone start for each node
[    0.108933][    T0] Early memory node ranges
[    0.110139][    T0]   node   0: [mem 0x0000000000001000-0x000000000009efff]
[    0.111964][    T0]   node   0: [mem 0x0000000000100000-0x000000007ffdffff]
[    0.113711][    T0] Initmem setup node 0 [mem 0x0000000000001000-0x000000007ffdffff]
[    0.115594][    T0] On node 0, zone DMA: 1 pages in unavailable ranges
[    0.117270][    T0] On node 0, zone DMA: 97 pages in unavailable ranges
[    0.135290][    T0] On node 0, zone DMA32: 32 pages in unavailable ranges
[    0.386750][    T0] kasan: KernelAddressSanitizer initialized
[    0.389156][    T0] ACPI: PM-Timer IO Port: 0x608
[    0.390357][    T0] ACPI: LAPIC_NMI (acpi_id[0xff] dfl dfl lint[0x1])
[    0.392530][    T0] IOAPIC[0]: apic_id 0, version 17, address 0xfec00000, GSI 0-23
[    0.395771][    T0] ACPI: INT_SRC_OVR (bus 0 bus_irq 0 global_irq 2 dfl dfl)
[    0.398728][    T0] ACPI: INT_SRC_OVR (bus 0 bus_irq 5 global_irq 5 high level)
[    0.401231][    T0] ACPI: INT_SRC_OVR (bus 0 bus_irq 9 global_irq 9 high level)
[    0.403327][    T0] ACPI: INT_SRC_OVR (bus 0 bus_irq 10 global_irq 10 high level)
[    0.405486][    T0] ACPI: INT_SRC_OVR (bus 0 bus_irq 11 global_irq 11 high level)
[    0.407624][    T0] ACPI: Using ACPI (MADT) for SMP configuration information
[    0.409633][    T0] ACPI: HPET id: 0x8086a201 base: 0xfed00000
[    0.411623][    T0] TSC deadline timer available
[    0.413410][    T0] CPU topo: Max. logical packages:   1
[    0.415360][    T0] CPU topo: Max. logical dies:       1
[    0.417170][    T0] CPU topo: Max. dies per package:   1
[    0.418950][    T0] CPU topo: Max. threads per core:   1
[    0.420734][    T0] CPU topo: Num. cores per package:     2
[    0.422366][    T0] CPU topo: Num. threads per package:   2
[    0.423912][    T0] CPU topo: Allowing 2 present CPUs plus 0 hotplug CPUs
[    0.425851][    T0] kvm-guest: APIC: eoi() replaced with kvm_guest_apic_eoi_write()
[    0.427976][    T0] kvm-guest: KVM setup pv remote TLB flush
[    0.429518][    T0] kvm-guest: setup PV sched yield
[    0.432084][    T0] PM: hibernation: Registered nosave memory: [mem 0x00000000-0x00000fff]
[    0.434554][    T0] PM: hibernation: Registered nosave memory: [mem 0x0009f000-0x0009ffff]
[    0.437067][    T0] PM: hibernation: Registered nosave memory: [mem 0x000a0000-0x000effff]
[    0.439512][    T0] PM: hibernation: Registered nosave memory: [mem 0x000f0000-0x000fffff]
[    0.441788][    T0] [mem 0x80000000-0xfeffbfff] available for PCI devices
[    0.443603][    T0] Booting paravirtualized kernel on KVM
[    0.445098][    T0] clocksource: refined-jiffies: mask: 0xffffffff max_cycles: 0xffffffff, max_idle_ns: 19112604462750000 ns
[    0.558118][    T0] setup_percpu: NR_CPUS:8 nr_cpumask_bits:2 nr_cpu_ids:2 nr_node_ids:1
[    0.565440][    T0] percpu: Embedded 74 pages/cpu s264264 r8192 d30648 u1048576
[    0.568202][    T0] kvm-guest: PV spinlocks enabled
[    0.569568][    T0] PV qspinlock hash table entries: 256 (order: 0, 4096 bytes, linear)
[    0.571688][    T0] Kernel command line: console=ttyS0 oops=panic panic=86400 nokaslr earlyprintk=serial rdinit=/init
[    0.575059][    T0] random: crng init done
[    0.578048][    T0] Dentry cache hash table entries: 262144 (order: 9, 2097152 bytes, linear)
[    0.582243][    T0] Inode-cache hash table entries: 131072 (order: 8, 1048576 bytes, linear)
[    0.586239][    T0] Fallback order for Node 0: 0 
[    0.586251][    T0] Built 1 zonelists, mobility grouping on.  Total pages: 515808
[    0.588957][    T0] Policy zone: DMA32
[    0.591506][    T0] mem auto-init: stack:all(zero), heap alloc:on, heap free:off
[    0.593075][    T0] stackdepot: allocating hash table via alloc_large_system_hash
[    0.594741][    T0] stackdepot hash table entries: 1048576 (order: 12, 16777216 bytes, linear)
[    0.727396][    T0] Memory: 1410492K/2096632K available (165888K kernel code, 39053K rwdata, 36836K rodata, 25924K init, 34820K bss, 685884K reserved, 0K cma-reserved)
[    0.732217][    T0] SLUB: HWalign=64, Order=0-3, MinObjects=0, CPUs=2, Nodes=1
[    0.749161][    T0] allocated 4194304 bytes of page_ext
[    0.752013][    T0] Dynamic Preempt: full
[    0.754151][    T0] Running RCU self tests
[    0.755347][    T0] Running RCU synchronous self tests
[    0.757015][    T0] rcu: Preemptible hierarchical RCU implementation.
[    0.758380][    T0] rcu: 	RCU lockdep checking is enabled.
[    0.759942][    T0] rcu: 	RCU restricting CPUs from NR_CPUS=8 to nr_cpu_ids=2.
[    0.761471][    T0] rcu: 	RCU callback double-/use-after-free debug is enabled.
[    0.763086][    T0] rcu: 	RCU debug extended QS entry/exit.
[    0.764336][    T0] 	Trampoline variant of Tasks RCU enabled.
[    0.765650][    T0] 	Tracing variant of Tasks RCU enabled.
[    0.766861][    T0] rcu: RCU calculated value of scheduler-enlistment delay is 10 jiffies.
[    0.768745][    T0] rcu: Adjusting geometry for rcu_fanout_leaf=16, nr_cpu_ids=2
[    0.770714][    T0] Running RCU synchronous self tests
[    0.772321][    T0] RCU Tasks: Setting shift to 1 and lim to 1 rcu_task_cb_adjust=1.
[    0.774342][    T0] RCU Tasks Trace: Setting shift to 1 and lim to 1 rcu_task_cb_adjust=1.
[    0.859734][    T0] NR_IRQS: 4352, nr_irqs: 440, preallocated irqs: 16
[    0.863158][    T0] rcu: srcu_init: Setting srcu_struct sizes based on contention.
[    0.864785][    T0] kfence: initialized - using 2097152 bytes for 255 objects at 0x(____ptrval____)-0x(____ptrval____)
[    0.881227][    T0] Console: colour VGA+ 80x25
[    0.882844][    T0] printk: legacy console [ttyS0] enabled
[    0.882844][    T0] printk: legacy console [ttyS0] enabled
[    0.885381][    T0] printk: legacy bootconsole [earlyser0] disabled
[    0.885381][    T0] printk: legacy bootconsole [earlyser0] disabled
[    0.888076][    T0] Lock dependency validator: Copyright (c) 2006 Red Hat, Inc., Ingo Molnar
[    0.889985][    T0] ... MAX_LOCKDEP_SUBCLASSES:  8
[    0.891047][    T0] ... MAX_LOCK_DEPTH:          48
[    0.892571][    T0] ... MAX_LOCKDEP_KEYS:        8192
[    0.894484][    T0] ... CLASSHASH_SIZE:          4096
[    0.896184][    T0] ... MAX_LOCKDEP_ENTRIES:     131072
[    0.897864][    T0] ... MAX_LOCKDEP_CHAINS:      262144
[    0.899528][    T0] ... CHAINHASH_SIZE:          131072
[    0.901365][    T0]  memory used by lock dependency info: 20721 kB
[    0.902690][    T0]  memory used for stack traces: 8320 kB
[    0.903776][    T0]  per task-struct memory footprint: 1920 bytes
[    0.905554][    T0] ACPI: Core revision 20230628
[    0.907444][    T0] clocksource: hpet: mask: 0xffffffff max_cycles: 0xffffffff, max_idle_ns: 19112604467 ns
[    0.909925][    T0] APIC: Switch to symmetric I/O mode setup
[    0.911876][    T0] x2apic enabled
[    0.913323][    T0] APIC: Switched APIC routing to: physical x2apic
[    0.914984][    T0] kvm-guest: APIC: send_IPI_mask() replaced with kvm_send_ipi_mask()
[    0.917405][    T0] kvm-guest: APIC: send_IPI_mask_allbutself() replaced with kvm_send_ipi_mask_allbutself()
[    0.920096][    T0] kvm-guest: setup PV IPIs
[    0.923608][    T0] ..TIMER: vector=0x30 apic1=0 pin1=2 apic2=-1 pin2=-1
[    0.925190][    T0] clocksource: tsc-early: mask: 0xffffffffffffffff max_cycles: 0x2b2c8d6afc8, max_idle_ns: 440795331172 ns
[    0.927503][    T0] Calibrating delay loop (skipped) preset value.. 5990.39 BogoMIPS (lpj=29951980)
[    0.937918][    T0] x86/cpu: User Mode Instruction Prevention (UMIP) activated
[    0.940471][    T0] Last level iTLB entries: 4KB 0, 2MB 0, 4MB 0
[    0.942071][    T0] Last level dTLB entries: 4KB 0, 2MB 0, 4MB 0, 1GB 0
[    0.943953][    T0] Spectre V1 : Mitigation: usercopy/swapgs barriers and __user pointer sanitization
[    0.947520][    T0] Spectre V2 : WARNING: Unprivileged eBPF is enabled with eIBRS on, data leaks possible via Spectre v2 BHB attacks!
[    0.950458][    T0] Spectre V2 : Spectre BHI mitigation: SW BHB clearing on vm exit
[    0.952152][    T0] Spectre V2 : Spectre BHI mitigation: SW BHB clearing on syscall
[    0.953795][    T0] Spectre V2 : Mitigation: Enhanced / Automatic IBRS
[    0.955151][    T0] Spectre V2 : Spectre v2 / SpectreRSB mitigation: Filling RSB on context switch
[    0.957487][    T0] Spectre V2 : Spectre v2 / PBRSB-eIBRS: Retire a single CALL on VMEXIT
[    0.959125][    T0] RETBleed: Mitigation: Enhanced IBRS
[    0.960511][    T0] Spectre V2 : mitigation: Enabling conditional Indirect Branch Prediction Barrier
[    0.963219][    T0] Speculative Store Bypass: Mitigation: Speculative Store Bypass disabled via prctl
[    0.967488][    T0] MMIO Stale Data: Unknown: No mitigations
[    0.969869][    T0] Register File Data Sampling: Vulnerable: No microcode
[    0.971909][    T0] x86/fpu: Supporting XSAVE feature 0x001: 'x87 floating point registers'
[    0.975044][    T0] x86/fpu: Supporting XSAVE feature 0x002: 'SSE registers'
[    0.976686][    T0] x86/fpu: Supporting XSAVE feature 0x004: 'AVX registers'
[    0.977505][    T0] x86/fpu: xstate_offset[2]:  576, xstate_sizes[2]:  256
[    0.979245][    T0] x86/fpu: Enabled xstate features 0x7, context size is 832 bytes, using 'compacted' format.
[    1.117516][    T0] Freeing SMP alternatives memory: 124K
[    1.119534][    T0] pid_max: default: 32768 minimum: 301
[    1.121729][    T0] LSM: initializing lsm=lockdown,capability,landlock,yama,safesetid,tomoyo,apparmor,bpf,ima,evm
[    1.124429][    T0] landlock: Up and running.
[    1.125513][    T0] Yama: becoming mindful.
[    1.126700][    T0] TOMOYO Linux initialized
[    1.127945][    T0] AppArmor: AppArmor initialized
[    1.129178][    T0] LSM support for eBPF active
[    1.130664][    T0] Mount-cache hash table entries: 4096 (order: 3, 32768 bytes, linear)
[    1.132835][    T0] Mountpoint-cache hash table entries: 4096 (order: 3, 32768 bytes, linear)
[    1.139331][    T0] Running RCU synchronous self tests
[    1.140903][    T0] Running RCU synchronous self tests
[    1.143334][    T1] smpboot: CPU0: 13th Gen Intel(R) Core(TM) i9-13900H (family: 0x6, model: 0xba, stepping: 0x2)
[    1.149027][    T1] Running RCU Tasks wait API self tests
[    1.257738][    T1] Running RCU Tasks Trace wait API self tests
[    1.260391][    T1] Performance Events: unsupported p6 CPU model 186 no PMU driver, software events only.
[    1.262636][    T1] signal: max sigframe size: 1776
[    1.267556][    T1] rcu: Hierarchical SRCU implementation.
[    1.268973][    T1] rcu: 	Max phase no-delay instances is 1000.
[    1.275486][    T1] NMI watchdog: Perf NMI watchdog permanently disabled
[    1.277612][   T14] Callback from call_rcu_tasks_trace() invoked.
[    1.279648][    T1] smp: Bringing up secondary CPUs ...
[    1.308132][    T1] smpboot: x86: Booting SMP configuration:
[    1.309641][    T1] .... node  #0, CPUs:      #1
[    1.310520][    T1] smp: Brought up 1 node, 2 CPUs
[    1.310520][    T1] smpboot: Total of 2 processors activated (11980.79 BogoMIPS)
[    1.319157][    T1] devtmpfs: initialized
[    1.319218][    T1] x86/mm: Memory block size: 128MB
[    1.338471][    T1] Running RCU synchronous self tests
[    1.339824][    T1] Running RCU synchronous self tests
[    1.341136][    T1] clocksource: jiffies: mask: 0xffffffff max_cycles: 0xffffffff, max_idle_ns: 19112604462750000 ns
[    1.343755][    T1] futex hash table entries: 512 (order: 4, 65536 bytes, linear)
[    1.347549][    T1] PM: RTC time: 06:17:09, date: 2026-05-22
[    1.352305][    T1] NET: Registered PF_NETLINK/PF_ROUTE protocol family
[    1.356922][    T1] audit: initializing netlink subsys (disabled)
[    1.357808][   T28] audit: type=2000 audit(1779430629.724:1): state=initialized audit_enabled=0 res=1
[    1.360170][    T1] thermal_sys: Registered thermal governor 'step_wise'
[    1.360178][    T1] thermal_sys: Registered thermal governor 'user_space'
[    1.367940][    T1] cpuidle: using governor menu
[    1.370924][    T1] NET: Registered PF_QIPCRTR protocol family
[    1.372888][    T1] dca service started, version 1.12.1
[    1.372888][    T1] PCI: Using configuration type 1 for base access
[    1.378855][    T1] HugeTLB: registered 1.00 GiB page size, pre-allocated 0 pages
[    1.380677][    T1] HugeTLB: 16380 KiB vmemmap can be freed for a 1.00 GiB page
[    1.380677][    T1] HugeTLB: registered 2.00 MiB page size, pre-allocated 0 pages
[    1.381551][    T1] HugeTLB: 28 KiB vmemmap can be freed for a 2.00 MiB page
[    1.397514][    T1] Demotion targets for Node 0: null
[    1.407518][    T1] cryptd: max_cpu_qlen set to 1000
[    1.428706][    T1] raid6: skipped pq benchmark and selected avx2x4
[    1.430209][    T1] raid6: using avx2x2 recovery algorithm
[    1.432505][    T1] ACPI: Added _OSI(Module Device)
[    1.433958][    T1] ACPI: Added _OSI(Processor Device)
[    1.435413][    T1] ACPI: Added _OSI(3.0 _SCP Extensions)
[    1.436904][    T1] ACPI: Added _OSI(Processor Aggregator Device)
[    1.472320][   T13] Callback from call_rcu_tasks() invoked.
[    1.481115][    T1] ACPI: 1 ACPI AML tables successfully acquired and loaded
[    1.508848][    T1] ACPI: _OSC evaluation for CPUs failed, trying _PDC
[    1.514739][    T1] ACPI: Interpreter enabled
[    1.516733][    T1] ACPI: PM: (supports S0 S3 S4 S5)
[    1.517580][    T1] ACPI: Using IOAPIC for interrupt routing
[    1.519165][    T1] PCI: Using host bridge windows from ACPI; if necessary, use "pci=nocrs" and report a bug
[    1.522000][    T1] PCI: Using E820 reservations for host bridge windows
[    1.526259][    T1] ACPI: Enabled 2 GPEs in block 00 to 0F
[    1.624847][    T1] ACPI: PCI Root Bridge [PCI0] (domain 0000 [bus 00-ff])
[    1.627563][    T1] acpi PNP0A03:00: _OSC: OS supports [ASPM ClockPM Segments MSI HPX-Type3]
[    1.630863][    T1] acpi PNP0A03:00: _OSC: not requesting OS control; OS requires [ExtendedConfig ASPM ClockPM MSI]
[    1.635364][    T1] acpi PNP0A03:00: fail to add MMCONFIG information, can't access extended configuration space under this bridge
[    1.639346][    T1] PCI host bridge to bus 0000:00
[    1.640711][    T1] pci_bus 0000:00: root bus resource [io  0x0000-0x0cf7 window]
[    1.643033][    T1] pci_bus 0000:00: root bus resource [io  0x0d00-0xffff window]
[    1.646272][    T1] pci_bus 0000:00: root bus resource [mem 0x000a0000-0x000bffff window]
[    1.647518][    T1] pci_bus 0000:00: root bus resource [mem 0x80000000-0xfebfffff window]
[    1.650603][    T1] pci_bus 0000:00: root bus resource [mem 0x100000000-0x17fffffff window]
[    1.652938][    T1] pci_bus 0000:00: root bus resource [bus 00-ff]
[    1.655169][    T1] pci 0000:00:00.0: [8086:1237] type 00 class 0x060000 conventional PCI endpoint
[    1.691075][    T1] pci 0000:00:01.0: [8086:7000] type 00 class 0x060100 conventional PCI endpoint
[    1.724177][    T1] pci 0000:00:01.1: [8086:7010] type 00 class 0x010180 conventional PCI endpoint
[    1.728010][    T1] pci 0000:00:01.1: BAR 4 [io  0xc000-0xc00f]
[    1.731458][    T1] pci 0000:00:01.1: BAR 0 [io  0x01f0-0x01f7]: legacy IDE quirk
[    1.734681][    T1] pci 0000:00:01.1: BAR 1 [io  0x03f6]: legacy IDE quirk
[    1.736486][    T1] pci 0000:00:01.1: BAR 2 [io  0x0170-0x0177]: legacy IDE quirk
[    1.737496][    T1] pci 0000:00:01.1: BAR 3 [io  0x0376]: legacy IDE quirk
[    1.740227][    T1] pci 0000:00:01.3: [8086:7113] type 00 class 0x068000 conventional PCI endpoint
[    1.743436][    T1] pci 0000:00:01.3: quirk: [io  0x0600-0x063f] claimed by PIIX4 ACPI
[    1.745488][    T1] pci 0000:00:01.3: quirk: [io  0x0700-0x070f] claimed by PIIX4 SMB
[    1.748599][    T1] pci 0000:00:02.0: [1234:1111] type 00 class 0x030000 conventional PCI endpoint
[    1.755722][    T1] pci 0000:00:02.0: BAR 0 [mem 0xfd000000-0xfdffffff pref]
[    1.760110][    T1] pci 0000:00:02.0: BAR 2 [mem 0xfebf0000-0xfebf0fff]
[    1.767204][    T1] pci 0000:00:02.0: ROM [mem 0xfebe0000-0xfebeffff pref]
[    1.768370][    T1] pci 0000:00:02.0: Video device with shadowed ROM at [mem 0x000c0000-0x000dffff]
[    1.814712][    T1] ACPI: PCI: Interrupt link LNKA configured for IRQ 10
[    1.819928][    T1] ACPI: PCI: Interrupt link LNKB configured for IRQ 10
[    1.824349][    T1] ACPI: PCI: Interrupt link LNKC configured for IRQ 11
[    1.830491][    T1] ACPI: PCI: Interrupt link LNKD configured for IRQ 11
[    1.833522][    T1] ACPI: PCI: Interrupt link LNKS configured for IRQ 9
[    1.847853][    T1] iommu: Default domain type: Translated
[    1.849524][    T1] iommu: DMA domain TLB invalidation policy: lazy mode
[    1.855380][    T1] SCSI subsystem initialized
[    1.868955][    T1] ACPI: bus type USB registered
[    1.870819][    T1] usbcore: registered new interface driver usbfs
[    1.872908][    T1] usbcore: registered new interface driver hub
[    1.874915][    T1] usbcore: registered new device driver usb
[    1.879046][    T1] mc: Linux media interface: v0.10
[    1.881737][    T1] videodev: Linux video capture interface: v2.00
[    1.884580][    T1] pps_core: LinuxPPS API ver. 1 registered
[    1.886314][    T1] pps_core: Software ver. 5.3.6 - Copyright 2005-2007 Rodolfo Giometti <giometti@linux.it>
[    1.887630][    T1] PTP clock support registered
[    1.890241][    T1] EDAC MC: Ver: 3.0.0
[    1.893033][    T1] Advanced Linux Sound Architecture Driver Initialized.
[    1.901476][    T1] Bluetooth: Core ver 2.22
[    1.902976][    T1] NET: Registered PF_BLUETOOTH protocol family
[    1.904738][    T1] Bluetooth: HCI device and connection manager initialized
[    1.906735][    T1] Bluetooth: HCI socket layer initialized
[    1.907535][    T1] Bluetooth: L2CAP socket layer initialized
[    1.909314][    T1] Bluetooth: SCO socket layer initialized
[    1.911011][    T1] NET: Registered PF_ATMPVC protocol family
[    1.912782][    T1] NET: Registered PF_ATMSVC protocol family
[    1.914721][    T1] NetLabel: Initializing
[    1.917035][    T1] NetLabel:  domain hash size = 128
[    1.917511][    T1] NetLabel:  protocols = UNLABELED CIPSOv4 CALIPSO
[    1.919846][    T1] NetLabel:  unlabeled traffic allowed by default
[    1.922500][    T1] nfc: nfc_init: NFC Core ver 0.1
[    1.922500][    T1] NET: Registered PF_NFC protocol family
[    1.927995][    T1] PCI: Using ACPI for IRQ routing
[    1.930516][    T1] pci 0000:00:02.0: vgaarb: setting as boot VGA device
[    1.932582][    T1] pci 0000:00:02.0: vgaarb: bridge control possible
[    1.934469][    T1] pci 0000:00:02.0: vgaarb: VGA device added: decodes=io+mem,owns=io+mem,locks=none
[    1.937501][    T1] vgaarb: loaded
[    1.940715][    T1] hpet0: at MMIO 0xfed00000, IRQs 2, 8, 0
[    1.942419][    T1] hpet0: 3 comparators, 64-bit 100.000000 MHz counter
[    1.949227][    T1] clocksource: Switched to clocksource kvm-clock
[    1.958230][    T1] VFS: Disk quotas dquot_6.6.0
[    1.959709][    T1] VFS: Dquot-cache hash table entries: 512 (order 0, 4096 bytes)
[    1.962716][    T1] netfs: FS-Cache loaded
[    1.965276][    T1] CacheFiles: Loaded
[    1.966998][    T1] TOMOYO: 2.6.0
[    1.967987][    T1] Mandatory Access Control activated.
[    1.972604][    T1] AppArmor: AppArmor Filesystem Enabled
[    1.974686][    T1] pnp: PnP ACPI init
[    1.984981][    T1] pnp: PnP ACPI: found 6 devices
[    2.024359][    T1] clocksource: acpi_pm: mask: 0xffffff max_cycles: 0xffffff, max_idle_ns: 2085701024 ns
[    2.028424][    T1] NET: Registered PF_INET protocol family
[    2.030498][    T1] IP idents hash table entries: 32768 (order: 6, 262144 bytes, linear)
[    2.040679][    T1] tcp_listen_portaddr_hash hash table entries: 1024 (order: 4, 73728 bytes, linear)
[    2.043828][    T1] Table-perturb hash table entries: 65536 (order: 6, 262144 bytes, linear)
[    2.046579][    T1] TCP established hash table entries: 16384 (order: 5, 131072 bytes, linear)
[    2.056520][    T1] TCP bind hash table entries: 16384 (order: 9, 2359296 bytes, linear)
[    2.059556][    T1] TCP: Hash tables configured (established 16384 bind 16384)
[    2.062601][    T1] MPTCP token hash table entries: 2048 (order: 5, 180224 bytes, linear)
[    2.065520][    T1] UDP hash table entries: 1024 (order: 5, 163840 bytes, linear)
[    2.068247][    T1] UDP-Lite hash table entries: 1024 (order: 5, 163840 bytes, linear)
[    2.070996][    T1] NET: Registered PF_UNIX/PF_LOCAL protocol family
[    2.084408][    T1] RPC: Registered named UNIX socket transport module.
[    2.086058][    T1] RPC: Registered udp transport module.
[    2.087407][    T1] RPC: Registered tcp transport module.
[    2.088812][    T1] RPC: Registered tcp-with-tls transport module.
[    2.090671][    T1] RPC: Registered tcp NFSv4.1 backchannel transport module.
[    2.094806][    T1] NET: Registered PF_XDP protocol family
[    2.096579][    T1] pci_bus 0000:00: resource 4 [io  0x0000-0x0cf7 window]
[    2.098475][    T1] pci_bus 0000:00: resource 5 [io  0x0d00-0xffff window]
[    2.100446][    T1] pci_bus 0000:00: resource 6 [mem 0x000a0000-0x000bffff window]
[    2.102614][    T1] pci_bus 0000:00: resource 7 [mem 0x80000000-0xfebfffff window]
[    2.104771][    T1] pci_bus 0000:00: resource 8 [mem 0x100000000-0x17fffffff window]
[    2.107644][    T1] pci 0000:00:01.0: PIIX3: Enabling Passive Release
[    2.109401][    T1] pci 0000:00:00.0: Limiting direct PCI/PCI transfers
[    2.111313][    T1] PCI: CLS 0 bytes, default 64
[    2.117086][   T54] Trying to unpack rootfs image as initramfs...
[    2.123218][    T1] ACPI: bus type thunderbolt registered
[    2.126110][    T1] RAPL PMU: API unit is 2^-32 Joules, 0 fixed counters, 10737418240 ms ovfl timer
[    2.183212][    T1] kvm_amd: CPU 1 isn't AMD or Hygon
[    2.184440][    T1] clocksource: tsc: mask: 0xffffffffffffffff max_cycles: 0x2b2c8d6afc8, max_idle_ns: 440795331172 ns
[    2.241706][   T54] Freeing initrd memory: 1336K
[    2.244657][   T63] kworker/u8:2 (63) used greatest stack depth: 28368 bytes left
[    2.248585][   T78] kworker/u8:2 (78) used greatest stack depth: 27664 bytes left
[    3.636573][    T1] Initialise system trusted keyrings
[    3.638763][    T1] workingset: timestamp_bits=40 max_order=19 bucket_order=0
[    3.646368][    T1] DLM installed
[    3.649608][    T1] squashfs: version 4.0 (2009/01/31) Phillip Lougher
[    3.654125][    T1] NFS: Registering the id_resolver key type
[    3.655613][    T1] Key type id_resolver registered
[    3.656957][    T1] Key type id_legacy registered
[    3.659076][    T1] nfs4filelayout_init: NFSv4 File Layout Driver Registering...
[    3.662156][    T1] nfs4flexfilelayout_init: NFSv4 Flexfile Layout Driver Registering...
[    3.672530][    T1] Key type cifs.spnego registered
[    3.675229][    T1] Key type cifs.idmap registered
[    3.678016][    T1] ntfs3: Max link count 4000
[    3.681339][    T1] ntfs3: Enabled Linux POSIX ACLs support
[    3.683487][    T1] ntfs3: Read-only LZX/Xpress compression included
[    3.685673][    T1] efs: 1.0a - http://aeschi.ch.eu.org/efs/
[    3.687220][    T1] jffs2: version 2.2. (NAND) (SUMMARY)  © 2001-2006 Red Hat, Inc.
[    3.690866][    T1] romfs: ROMFS MTD (C) 2007 Red Hat, Inc.
[    3.692397][    T1] QNX4 filesystem 0.2.3 registered.
[    3.694146][    T1] qnx6: QNX6 filesystem 1.0.0 registered.
[    3.697651][    T1] fuse: init (API version 7.40)
[    3.700790][    T1] orangefs_debugfs_init: called with debug mask: :none: :0:
[    3.703493][    T1] orangefs_init: module version upstream loaded
[    3.705939][    T1] JFS: nTxBlock = 8192, nTxLock = 65536
[    3.726720][    T1] SGI XFS with ACLs, security attributes, realtime, quota, no debug enabled
[    3.731874][    T1] 9p: Installing v9fs 9p2000 file system support
[    3.734643][    T1] NILFS version 2 loaded
[    3.735786][    T1] befs: version: 0.9.3
[    3.737549][    T1] ocfs2: Registered cluster interface o2cb
[    3.739989][    T1] ocfs2: Registered cluster interface user
[    3.742141][    T1] OCFS2 User DLM kernel interface loaded
[    3.756310][    T1] gfs2: GFS2 installed
[    3.765904][    T1] ceph: loaded (mds proto 32)
[    3.781612][    T1] NET: Registered PF_ALG protocol family
[    3.784687][    T1] xor: automatically using best checksumming function   avx       
[    3.790183][    T1] async_tx: api initialized (async)
[    3.793110][    T1] Key type asymmetric registered
[    3.795133][    T1] Asymmetric key parser 'x509' registered
[    3.796857][    T1] Asymmetric key parser 'pkcs8' registered
[    3.798670][    T1] Key type pkcs7_test registered
[    3.800883][    T1] Block layer SCSI generic (bsg) driver version 0.4 loaded (major 239)
[    3.811013][    T1] io scheduler mq-deadline registered
[    3.812688][    T1] io scheduler kyber registered
[    3.814282][    T1] io scheduler bfq registered
[    3.822492][  T137] kworker/u8:0 (137) used greatest stack depth: 27536 bytes left
[    3.825107][    T1] input: Power Button as /devices/LNXSYSTM:00/LNXPWRBN:00/input/input0
[    3.829322][    T1] ACPI: button: Power Button [PWRF]
[    3.836020][    T1] ioatdma: Intel(R) QuickData Technology Driver 5.00
[    4.042513][  T479] kworker/u8:0 (479) used greatest stack depth: 27328 bytes left
[    4.128583][    T1] N_HDLC line discipline registered with maxframe=4096
[    4.130554][    T1] Serial: 8250/16550 driver, 4 ports, IRQ sharing enabled
[    4.134939][    T1] 00:04: ttyS0 at I/O 0x3f8 (irq = 4, base_baud = 115200) is a 16550A
[    4.156332][    T1] Non-volatile memory driver v1.3
[    4.158131][    T1] Linux agpgart interface v0.103
[    4.162869][    T1] ACPI: bus type drm_connector registered
[    4.169485][    T1] [drm] Initialized vgem 1.0.0 20120112 for vgem on minor 0
[    4.176012][    T1] [drm] Initialized vkms 1.0.0 20180514 for vkms on minor 1
[    4.234495][    T1] Console: switching to colour frame buffer device 128x48
[    4.254123][    T1] platform vkms: [drm] fb0: vkmsdrmfb frame buffer device
[    4.256050][    T1] usbcore: registered new interface driver udl
[    4.258940][    T1] bochs-drm 0000:00:02.0: vgaarb: deactivate vga console
[    4.263682][    T1] [drm] Found bochs VGA, ID 0xb0c5.
[    4.265012][    T1] [drm] Framebuffer size 16384 kB @ 0xfd000000, mmio @ 0xfebf0000.
[    4.270893][    T1] [drm] Found EDID data blob.
[    4.274724][    T1] [drm] Initialized bochs-drm 1.0.0 20130925 for 0000:00:02.0 on minor 2
[    4.282566][    T1] fbcon: bochs-drmdrmfb (fb1) is primary device
[    4.282579][    T1] fbcon: Remapping primary device, fb1, to tty 1-63
[    4.739892][    T1] bochs-drm 0000:00:02.0: [drm] fb1: bochs-drmdrmfb frame buffer device
[    4.779317][    T1] brd: module loaded
[    4.831048][    T1] loop: module loaded
[    4.912498][    T1] zram: Added device: zram0
[    4.919404][    T1] null_blk: disk nullb0 created
[    4.922396][    T1] null_blk: module loaded
[    4.926303][    T1] Guest personality initialized and is inactive
[    4.928583][    T1] VMCI host device registered (name=vmci, major=10, minor=118)
[    4.930578][    T1] Initialized host personality
[    4.931838][    T1] usbcore: registered new interface driver rtsx_usb
[    4.933815][    T1] usbcore: registered new interface driver viperboard
[    4.935575][    T1] usbcore: registered new interface driver dln2
[    4.937227][    T1] usbcore: registered new interface driver pn533_usb
[    4.942803][    T1] nfcsim 0.2 initialized
[    4.944021][    T1] usbcore: registered new interface driver port100
[    4.945871][    T1] usbcore: registered new interface driver nfcmrvl
[    4.950618][    T1] Loading iSCSI transport class v2.0-870.
[    4.955285][    T1] st: Version 20160209, fixed bufsize 32768, s/g segs 256
[    4.978216][    T1] scsi host0: ata_piix
[    4.983183][    T1] scsi host1: ata_piix
[    4.985112][    T1] ata1: PATA max MWDMA2 cmd 0x1f0 ctl 0x3f6 bmdma 0xc000 irq 14 lpm-pol 0
[    4.987109][    T1] ata2: PATA max MWDMA2 cmd 0x170 ctl 0x376 bmdma 0xc008 irq 15 lpm-pol 0
[    4.992972][    T1] Rounding down aligned max_sectors from 4294967295 to 4294967288
[    4.997997][    T1] db_root: cannot open: /etc/target
[    5.001837][    T1] slram: not enough parameters.
[    5.006843][    T1] ftl_cs: FTL header not found.
[    5.023958][    T1] wireguard: WireGuard 1.0.0 loaded. See www.wireguard.com for information.
[    5.026021][    T1] wireguard: Copyright (C) 2015-2019 Jason A. Donenfeld <Jason@zx2c4.com>. All Rights Reserved.
[    5.029340][    T1] eql: Equalizer2002: Simon Janes (simon@ncm.com) and David S. Miller (davem@redhat.com)
[    5.038102][    T1] MACsec IEEE 802.1AE
[    5.049105][    T1] tun: Universal TUN/TAP device driver, 1.6
[    5.051738][    T1] vcan: Virtual CAN interface driver
[    5.054037][    T1] vxcan: Virtual CAN Tunnel driver
[    5.055635][    T1] slcan: serial line CAN interface driver
[    5.056972][    T1] CAN device driver interface
[    5.064466][    T1] usbcore: registered new interface driver usb_8dev
[    5.066298][    T1] usbcore: registered new interface driver ems_usb
[    5.067854][    T1] usbcore: registered new interface driver gs_usb
[    5.069526][    T1] usbcore: registered new interface driver kvaser_usb
[    5.071247][    T1] usbcore: registered new interface driver mcba_usb
[    5.073098][    T1] usbcore: registered new interface driver peak_usb
[    5.075032][    T1] e100: Intel(R) PRO/100 Network Driver
[    5.076351][    T1] e100: Copyright(c) 1999-2006 Intel Corporation
[    5.078020][    T1] e1000: Intel(R) PRO/1000 Network Driver
[    5.079573][    T1] e1000: Copyright (c) 1999-2006 Intel Corporation.
[    5.081502][    T1] e1000e: Intel(R) PRO/1000 Network Driver
[    5.082992][    T1] e1000e: Copyright(c) 1999 - 2015 Intel Corporation.
[    5.087143][    T1] mkiss: AX.25 Multikiss, Hans Albas PE1AYX
[    5.088326][    T1] AX.25: 6pack driver, Revision: 0.3.0
[    5.089610][    T1] AX.25: bpqether driver version 004
[    5.091247][    T1] PPP generic driver version 2.4.2
[    5.093944][    T1] PPP BSD Compression module registered
[    5.095535][    T1] PPP Deflate Compression module registered
[    5.097015][    T1] PPP MPPE Compression module registered
[    5.098430][    T1] NET: Registered PF_PPPOX protocol family
[    5.099981][    T1] PPTP driver version 0.8.5
[    5.101258][    T1] SLIP: version 0.8.4-NET3.019-NEWTTY (dynamic channels, max=256) (6 bit encapsulation enabled).
[    5.104147][    T1] CSLIP: code copyright 1989 Regents of the University of California.
[    5.106079][    T1] SLIP linefill/keepalive option.
[    5.107429][    T1] hdlc: HDLC support module revision 1.22
[    5.108997][    T1] LAPB Ethernet driver version 0.02
[    5.111630][    T1] usbcore: registered new interface driver ath9k_htc
[    5.114470][    T1] usbcore: registered new interface driver carl9170
[    5.116353][    T1] usbcore: registered new interface driver ath6kl_usb
[    5.118201][    T1] usbcore: registered new interface driver ar5523
[    5.120702][    T1] usbcore: registered new interface driver ath10k_usb
[    5.122846][    T1] mac80211_hwsim: initializing netlink
[    5.142747][    T1] usbcore: registered new interface driver atusb
[    5.152541][    T1] mac802154_hwsim mac802154_hwsim: Added 2 mac802154 hwsim hardware radios
[    5.155603][    T1] VMware vmxnet3 virtual NIC driver - version 1.7.0.0-k-NAPI
[    5.158476][    T1] usbcore: registered new interface driver catc
[    5.160686][    T1] usbcore: registered new interface driver kaweth
[    5.162544][    T1] pegasus: Pegasus/Pegasus II USB Ethernet driver
[    5.165095][  T990] ata2: found unknown device (class 0)
[    5.165800][    T1] usbcore: registered new interface driver pegasus
[    5.169827][  T990] ata2.00: ATAPI: QEMU DVD-ROM, 2.5+, max UDMA/100
[    5.170499][    T1] usbcore: registered new interface driver rtl8150
[    5.175783][    T1] usbcore: registered new device driver r8152-cfgselector
[    5.179770][    T1] usbcore: registered new interface driver r8152
[    5.183233][    T1] usbcore: registered new interface driver hso
[    5.184971][    T1] usbcore: registered new interface driver lan78xx
[    5.187839][    T1] usbcore: registered new interface driver asix
[    5.195058][    T1] usbcore: registered new interface driver ax88179_178a
[    5.199266][    T1] usbcore: registered new interface driver cdc_ether
[    5.199564][   T10] scsi 1:0:0:0: CD-ROM            QEMU     QEMU DVD-ROM     2.5+ PQ: 0 ANSI: 5
[    5.201570][    T1] usbcore: registered new interface driver cdc_eem
[    5.211557][    T1] usbcore: registered new interface driver dm9601
[    5.214377][    T1] usbcore: registered new interface driver sr9700
[    5.216621][    T1] usbcore: registered new interface driver CoreChips
[    5.219084][    T1] usbcore: registered new interface driver smsc75xx
[    5.221086][    T1] usbcore: registered new interface driver smsc95xx
[    5.223206][    T1] usbcore: registered new interface driver gl620a
[    5.226865][    T1] usbcore: registered new interface driver net1080
[    5.230622][    T1] usbcore: registered new interface driver plusb
[    5.235087][    T1] usbcore: registered new interface driver rndis_host
[    5.237281][    T1] usbcore: registered new interface driver cdc_subset
[    5.239380][    T1] usbcore: registered new interface driver zaurus
[    5.241233][    T1] usbcore: registered new interface driver MOSCHIP usb-ethernet driver
[    5.243840][    T1] usbcore: registered new interface driver int51x1
[    5.246291][    T1] usbcore: registered new interface driver cdc_phonet
[    5.249296][    T1] usbcore: registered new interface driver kalmia
[    5.252747][    T1] usbcore: registered new interface driver ipheth
[    5.255799][    T1] usbcore: registered new interface driver sierra_net
[    5.260178][    T1] usbcore: registered new interface driver cx82310_eth
[    5.264665][    T1] usbcore: registered new interface driver cdc_ncm
[    5.266532][    T1] usbcore: registered new interface driver huawei_cdc_ncm
[    5.270162][    T1] usbcore: registered new interface driver lg-vl600
[    5.273416][    T1] usbcore: registered new interface driver qmi_wwan
[    5.275935][    T1] usbcore: registered new interface driver cdc_mbim
[    5.282496][    T1] usbcore: registered new interface driver ch9200
[    5.287277][    T1] usbcore: registered new interface driver r8153_ecm
[    5.302470][    T1] VFIO - User Level meta-driver version: 0.3
[    5.312481][    T1] aoe: AoE v85 initialised.
[    5.317354][ T1226] aoe: packet could not be sent on lo.  consider increasing tx_queue_len
[    5.329897][   T10] sr 1:0:0:0: [sr0] scsi3-mmc drive: 4x/4x cd/rw xa/form2 tray
[    5.332666][   T10] cdrom: Uniform CD-ROM driver Revision: 3.20
[    5.337619][    T1] SPI driver max3421-hcd has no spi_device_id for maxim,max3421
[    5.341605][    T1] usbcore: registered new interface driver cdc_acm
[    5.343972][    T1] cdc_acm: USB Abstract Control Model driver for USB modems and ISDN adapters
[    5.348419][    T1] usbcore: registered new interface driver usblp
[    5.350681][    T1] usbcore: registered new interface driver cdc_wdm
[    5.352940][    T1] usbcore: registered new interface driver usbtmc
[    5.355445][    T1] usbcore: registered new interface driver uas
[    5.357548][    T1] usbcore: registered new interface driver usb-storage
[    5.359714][    T1] usbcore: registered new interface driver ums-alauda
[    5.361671][    T1] usbcore: registered new interface driver ums-cypress
[    5.363998][    T1] usbcore: registered new interface driver ums-datafab
[    5.366220][    T1] usbcore: registered new interface driver ums_eneub6250
[    5.368592][    T1] usbcore: registered new interface driver ums-freecom
[    5.370702][    T1] usbcore: registered new interface driver ums-isd200
[    5.372821][    T1] usbcore: registered new interface driver ums-jumpshot
[    5.375042][    T1] usbcore: registered new interface driver ums-karma
[    5.377235][    T1] usbcore: registered new interface driver ums-onetouch
[    5.379448][    T1] usbcore: registered new interface driver ums-realtek
[    5.381487][    T1] usbcore: registered new interface driver ums-sddr09
[    5.385141][    T1] usbcore: registered new interface driver ums-sddr55
[    5.387112][    T1] usbcore: registered new interface driver ums-usbat
[    5.389383][    T1] usbcore: registered new interface driver mdc800
[    5.392079][    T1] mdc800: v0.7.5 (30/10/2000):USB Driver for Mustek MDC800 Digital Camera
[    5.397290][    T1] usbcore: registered new interface driver microtekX6
[    5.399936][    T1] usbcore: registered new interface driver usbserial_generic
[    5.402329][   T10] sr 1:0:0:0: Attached scsi generic sg0 type 5
[    5.402528][    T1] usbserial: USB Serial support registered for generic
[    5.406896][    T1] usbcore: registered new interface driver aircable
[    5.409324][    T1] usbserial: USB Serial support registered for aircable
[    5.411845][    T1] usbcore: registered new interface driver ark3116
[    5.414608][    T1] usbserial: USB Serial support registered for ark3116
[    5.417787][    T1] usbcore: registered new interface driver belkin_sa
[    5.419864][    T1] usbserial: USB Serial support registered for Belkin / Peracom / GoHubs USB Serial Adapter
[    5.423067][    T1] usbcore: registered new interface driver ch341
[    5.425130][    T1] usbserial: USB Serial support registered for ch341-uart
[    5.427304][    T1] usbcore: registered new interface driver cp210x
[    5.429232][    T1] usbserial: USB Serial support registered for cp210x
[    5.431594][    T1] usbcore: registered new interface driver cyberjack
[    5.434340][    T1] usbserial: USB Serial support registered for Reiner SCT Cyberjack USB card reader
[    5.437653][    T1] usbcore: registered new interface driver cypress_m8
[    5.440161][    T1] usbserial: USB Serial support registered for DeLorme Earthmate USB
[    5.442580][    T1] usbserial: USB Serial support registered for HID->COM RS232 Adapter
[    5.445110][    T1] usbserial: USB Serial support registered for Nokia CA-42 V2 Adapter
[    5.447528][    T1] usbcore: registered new interface driver usb_debug
[    5.450023][    T1] usbserial: USB Serial support registered for debug
[    5.452744][    T1] usbserial: USB Serial support registered for xhci_dbc
[    5.455597][    T1] usbcore: registered new interface driver digi_acceleport
[    5.458717][    T1] usbserial: USB Serial support registered for Digi 2 port USB adapter
[    5.461503][    T1] usbserial: USB Serial support registered for Digi 4 port USB adapter
[    5.464306][    T1] usbcore: registered new interface driver io_edgeport
[    5.466452][    T1] usbserial: USB Serial support registered for Edgeport 2 port adapter
[    5.469013][    T1] usbserial: USB Serial support registered for Edgeport 4 port adapter
[    5.471909][    T1] usbserial: USB Serial support registered for Edgeport 8 port adapter
[    5.474887][    T1] usbserial: USB Serial support registered for EPiC device
[    5.477191][    T1] usbcore: registered new interface driver io_ti
[    5.479107][    T1] usbserial: USB Serial support registered for Edgeport TI 1 port adapter
[    5.481622][    T1] usbserial: USB Serial support registered for Edgeport TI 2 port adapter
[    5.484262][    T1] usbcore: registered new interface driver empeg
[    5.486205][    T1] usbserial: USB Serial support registered for empeg
[    5.488987][    T1] usbcore: registered new interface driver f81534a_ctrl
[    5.491550][    T1] usbcore: registered new interface driver f81232
[    5.493901][    T1] usbserial: USB Serial support registered for f81232
[    5.495935][    T1] usbserial: USB Serial support registered for f81534a
[    5.498001][    T1] usbcore: registered new interface driver f81534
[    5.500096][    T1] usbserial: USB Serial support registered for Fintek F81532/F81534
[    5.502455][    T1] usbcore: registered new interface driver ftdi_sio
[    5.506459][    T1] usbserial: USB Serial support registered for FTDI USB Serial Device
[    5.510092][    T1] usbcore: registered new interface driver garmin_gps
[    5.512243][    T1] usbserial: USB Serial support registered for Garmin GPS usb/tty
[    5.514631][    T1] usbcore: registered new interface driver ipaq
[    5.516427][    T1] usbserial: USB Serial support registered for PocketPC PDA
[    5.518992][    T1] usbcore: registered new interface driver ipw
[    5.520987][    T1] usbserial: USB Serial support registered for IPWireless converter
[    5.523707][    T1] usbcore: registered new interface driver ir_usb
[    5.525900][    T1] usbserial: USB Serial support registered for IR Dongle
[    5.528067][    T1] usbcore: registered new interface driver iuu_phoenix
[    5.530420][    T1] usbserial: USB Serial support registered for iuu_phoenix
[    5.532844][    T1] usbcore: registered new interface driver keyspan
[    5.535200][    T1] usbserial: USB Serial support registered for Keyspan - (without firmware)
[    5.537700][    T1] usbserial: USB Serial support registered for Keyspan 1 port adapter
[    5.540105][    T1] usbserial: USB Serial support registered for Keyspan 2 port adapter
[    5.542444][    T1] usbserial: USB Serial support registered for Keyspan 4 port adapter
[    5.544971][    T1] usbcore: registered new interface driver keyspan_pda
[    5.546992][    T1] usbserial: USB Serial support registered for Keyspan PDA
[    5.549148][    T1] usbserial: USB Serial support registered for Keyspan PDA - (prerenumeration)
[    5.551908][    T1] usbcore: registered new interface driver kl5kusb105
[    5.554028][    T1] usbserial: USB Serial support registered for KL5KUSB105D / PalmConnect
[    5.556673][    T1] usbcore: registered new interface driver kobil_sct
[    5.558737][    T1] usbserial: USB Serial support registered for KOBIL USB smart card terminal
[    5.561687][    T1] usbcore: registered new interface driver mct_u232
[    5.563762][    T1] usbserial: USB Serial support registered for MCT U232
[    5.566354][    T1] usbcore: registered new interface driver metro_usb
[    5.568413][    T1] usbserial: USB Serial support registered for Metrologic USB to Serial
[    5.570872][    T1] usbcore: registered new interface driver mos7720
[    5.572807][    T1] usbserial: USB Serial support registered for Moschip 2 port adapter
[    5.575235][    T1] usbcore: registered new interface driver mos7840
[    5.577194][    T1] usbserial: USB Serial support registered for Moschip 7840/7820 USB Serial Driver
[    5.580076][    T1] usbcore: registered new interface driver mxuport
[    5.582154][    T1] usbserial: USB Serial support registered for MOXA UPort
[    5.584390][    T1] usbcore: registered new interface driver navman
[    5.586360][    T1] usbserial: USB Serial support registered for navman
[    5.588402][    T1] usbcore: registered new interface driver omninet
[    5.590287][    T1] usbserial: USB Serial support registered for ZyXEL - omni.net usb
[    5.593155][    T1] usbcore: registered new interface driver opticon
[    5.595241][    T1] usbserial: USB Serial support registered for opticon
[    5.597337][    T1] usbcore: registered new interface driver option
[    5.599492][    T1] usbserial: USB Serial support registered for GSM modem (1-port)
[    5.602078][    T1] usbcore: registered new interface driver oti6858
[    5.605110][    T1] usbserial: USB Serial support registered for oti6858
[    5.607460][    T1] usbcore: registered new interface driver pl2303
[    5.609480][    T1] usbserial: USB Serial support registered for pl2303
[    5.611669][    T1] usbcore: registered new interface driver qcaux
[    5.613868][    T1] usbserial: USB Serial support registered for qcaux
[    5.616015][    T1] usbcore: registered new interface driver qcserial
[    5.618059][    T1] usbserial: USB Serial support registered for Qualcomm USB modem
[    5.622799][    T1] usbcore: registered new interface driver quatech2
[    5.624814][    T1] usbserial: USB Serial support registered for Quatech 2nd gen USB to Serial Driver
[    5.627619][    T1] usbcore: registered new interface driver safe_serial
[    5.629957][    T1] usbserial: USB Serial support registered for safe_serial
[    5.632425][    T1] usbcore: registered new interface driver sierra
[    5.635488][    T1] usbserial: USB Serial support registered for Sierra USB modem
[    5.638750][    T1] usbcore: registered new interface driver usb_serial_simple
[    5.641588][    T1] usbserial: USB Serial support registered for carelink
[    5.644348][    T1] usbserial: USB Serial support registered for flashloader
[    5.646492][    T1] usbserial: USB Serial support registered for funsoft
[    5.648565][    T1] usbserial: USB Serial support registered for google
[    5.650976][    T1] usbserial: USB Serial support registered for hp4x
[    5.653855][    T1] usbserial: USB Serial support registered for kaufmann
[    5.656998][    T1] usbserial: USB Serial support registered for libtransistor
[    5.659367][    T1] usbserial: USB Serial support registered for moto_modem
[    5.661455][    T1] usbserial: USB Serial support registered for motorola_tetra
[    5.663708][    T1] usbserial: USB Serial support registered for nokia
[    5.665784][    T1] usbserial: USB Serial support registered for novatel_gps
[    5.667878][    T1] usbserial: USB Serial support registered for siemens_mpi
[    5.671938][    T1] usbserial: USB Serial support registered for suunto
[    5.675821][    T1] usbserial: USB Serial support registered for vivopay
[    5.678520][    T1] usbserial: USB Serial support registered for zio
[    5.680600][    T1] usbcore: registered new interface driver spcp8x5
[    5.682565][    T1] usbserial: USB Serial support registered for SPCP8x5
[    5.685060][    T1] usbcore: registered new interface driver ssu100
[    5.687761][    T1] usbserial: USB Serial support registered for Quatech SSU-100 USB to Serial Driver
[    5.691243][    T1] usbcore: registered new interface driver symbolserial
[    5.694506][    T1] usbserial: USB Serial support registered for symbol
[    5.696866][    T1] usbcore: registered new interface driver ti_usb_3410_5052
[    5.699116][    T1] usbserial: USB Serial support registered for TI USB 3410 1 port adapter
[    5.701651][    T1] usbserial: USB Serial support registered for TI USB 5052 2 port adapter
[    5.705465][    T1] usbcore: registered new interface driver upd78f0730
[    5.707563][    T1] usbserial: USB Serial support registered for upd78f0730
[    5.709744][    T1] usbcore: registered new interface driver visor
[    5.711644][    T1] usbserial: USB Serial support registered for Handspring Visor / Palm OS
[    5.714412][    T1] usbserial: USB Serial support registered for Sony Clie 5.0
[    5.716642][    T1] usbserial: USB Serial support registered for Sony Clie 3.5
[    5.718846][    T1] usbcore: registered new interface driver wishbone_serial
[    5.721489][    T1] usbserial: USB Serial support registered for wishbone_serial
[    5.724079][    T1] usbcore: registered new interface driver whiteheat
[    5.726092][    T1] usbserial: USB Serial support registered for Connect Tech - WhiteHEAT - (prerenumeration)
[    5.729139][    T1] usbserial: USB Serial support registered for Connect Tech - WhiteHEAT
[    5.732626][    T1] usbcore: registered new interface driver xr_serial
[    5.734814][    T1] usbserial: USB Serial support registered for xr_serial
[    5.736999][    T1] usbcore: registered new interface driver xsens_mt
[    5.739048][    T1] usbserial: USB Serial support registered for xsens_mt
[    5.741182][    T1] usbcore: registered new interface driver adutux
[    5.743162][    T1] usbcore: registered new interface driver appledisplay
[    5.745335][    T1] usbcore: registered new interface driver cypress_cy7c63
[    5.747478][    T1] usbcore: registered new interface driver cytherm
[    5.749541][    T1] usbcore: registered new interface driver emi26 - firmware loader
[    5.752045][    T1] usbcore: registered new interface driver emi62 - firmware loader
[    5.754653][    T1] usbcore: registered new interface driver idmouse
[    5.756570][    T1] usbcore: registered new interface driver iowarrior
[    5.758518][    T1] usbcore: registered new interface driver isight_firmware
[    5.761476][    T1] usbcore: registered new interface driver usblcd
[    5.763560][    T1] usbcore: registered new interface driver ldusb
[    5.765434][    T1] usbcore: registered new interface driver legousbtower
[    5.767546][    T1] usbcore: registered new interface driver usbtest
[    5.769563][    T1] usbcore: registered new interface driver usb_ehset_test
[    5.772197][    T1] usbcore: registered new interface driver trancevibrator
[    5.774376][    T1] usbcore: registered new interface driver uss720
[    5.777171][    T1] uss720: USB Parport Cable driver for Cables using the Lucent Technologies USS720 Chip
[    5.780643][    T1] uss720: NOTE: this is a special purpose driver to allow nonstandard
[    5.783606][    T1] uss720: protocols (eg. bitbang) over USS720 usb to parallel cables
[    5.786508][    T1] uss720: If you just want to connect to a printer, use usblp instead
[    5.789727][    T1] usbcore: registered new interface driver usbsevseg
[    5.791716][    T1] usbcore: registered new interface driver yurex
[    5.794549][    T1] usbcore: registered new interface driver chaoskey
[    5.796811][    T1] usbcore: registered new interface driver sisusb
[    5.798749][    T1] usbcore: registered new interface driver lvs
[    5.800651][    T1] usbcore: registered new interface driver cxacru
[    5.802726][    T1] usbcore: registered new interface driver speedtch
[    5.804993][    T1] usbcore: registered new interface driver ueagle-atm
[    5.806841][    T1] xusbatm: malformed module parameters
[    5.809513][    T1] dummy_hcd dummy_hcd.0: USB Host+Gadget Emulator, driver 02 May 2005
[    5.812076][    T1] dummy_hcd dummy_hcd.0: Dummy host controller
[    5.815755][    T1] dummy_hcd dummy_hcd.0: new USB bus registered, assigned bus number 1
[    5.819396][    T1] usb usb1: New USB device found, idVendor=1d6b, idProduct=0002, bcdDevice= 6.09
[    5.822097][    T1] usb usb1: New USB device strings: Mfr=3, Product=2, SerialNumber=1
[    5.824377][    T1] usb usb1: Product: Dummy host controller
[    5.825905][    T1] usb usb1: Manufacturer: Linux 6.9.0-rc6-gc7d19b8c17c5 dummy_hcd
[    5.827999][    T1] usb usb1: SerialNumber: dummy_hcd.0
[    5.832430][    T1] hub 1-0:1.0: USB hub found
[    5.834253][    T1] hub 1-0:1.0: 1 port detected
[    5.841716][    T1] gadgetfs: USB Gadget filesystem, version 24 Aug 2004
[    5.845327][    T1] vhci_hcd vhci_hcd.0: USB/IP Virtual Host Controller
[    5.847865][    T1] vhci_hcd vhci_hcd.0: new USB bus registered, assigned bus number 2
[    5.851415][    T1] vhci_hcd: created sysfs vhci_hcd.0
[    5.853840][    T1] usb usb2: New USB device found, idVendor=1d6b, idProduct=0002, bcdDevice= 6.09
[    5.856857][    T1] usb usb2: New USB device strings: Mfr=3, Product=2, SerialNumber=1
[    5.859203][    T1] usb usb2: Product: USB/IP Virtual Host Controller
[    5.860955][    T1] usb usb2: Manufacturer: Linux 6.9.0-rc6-gc7d19b8c17c5 vhci_hcd
[    5.862998][    T1] usb usb2: SerialNumber: vhci_hcd.0
[    5.868721][    T1] hub 2-0:1.0: USB hub found
[    5.871178][    T1] hub 2-0:1.0: 8 ports detected
[    5.879233][    T1] vhci_hcd vhci_hcd.0: USB/IP Virtual Host Controller
[    5.881906][    T1] vhci_hcd vhci_hcd.0: new USB bus registered, assigned bus number 3
[    5.884284][    T1] usb usb3: We don't know the algorithms for LPM for this host, disabling LPM.
[    5.887351][    T1] usb usb3: New USB device found, idVendor=1d6b, idProduct=0003, bcdDevice= 6.09
[    5.891616][    T1] usb usb3: New USB device strings: Mfr=3, Product=2, SerialNumber=1
[    5.896141][    T1] usb usb3: Product: USB/IP Virtual Host Controller
[    5.897744][    T1] usb usb3: Manufacturer: Linux 6.9.0-rc6-gc7d19b8c17c5 vhci_hcd
[    5.899695][    T1] usb usb3: SerialNumber: vhci_hcd.0
[    5.903301][    T1] hub 3-0:1.0: USB hub found
[    5.904694][    T1] hub 3-0:1.0: 8 ports detected
[    5.913715][    T1] vhci_hcd vhci_hcd.1: USB/IP Virtual Host Controller
[    5.918054][    T1] vhci_hcd vhci_hcd.1: new USB bus registered, assigned bus number 4
[    5.921162][    T1] usb usb4: New USB device found, idVendor=1d6b, idProduct=0002, bcdDevice= 6.09
[    5.923548][    T1] usb usb4: New USB device strings: Mfr=3, Product=2, SerialNumber=1
[    5.926173][    T1] usb usb4: Product: USB/IP Virtual Host Controller
[    5.927892][    T1] usb usb4: Manufacturer: Linux 6.9.0-rc6-gc7d19b8c17c5 vhci_hcd
[    5.929885][    T1] usb usb4: SerialNumber: vhci_hcd.1
[    5.934028][    T1] hub 4-0:1.0: USB hub found
[    5.935534][    T1] hub 4-0:1.0: 8 ports detected
[    5.943161][    T1] vhci_hcd vhci_hcd.1: USB/IP Virtual Host Controller
[    5.947051][    T1] vhci_hcd vhci_hcd.1: new USB bus registered, assigned bus number 5
[    5.949843][    T1] usb usb5: We don't know the algorithms for LPM for this host, disabling LPM.
[    5.959864][    T1] usb usb5: New USB device found, idVendor=1d6b, idProduct=0003, bcdDevice= 6.09
[    5.965343][    T1] usb usb5: New USB device strings: Mfr=3, Product=2, SerialNumber=1
[    5.969260][    T1] usb usb5: Product: USB/IP Virtual Host Controller
[    5.972443][    T1] usb usb5: Manufacturer: Linux 6.9.0-rc6-gc7d19b8c17c5 vhci_hcd
[    5.976178][    T1] usb usb5: SerialNumber: vhci_hcd.1
[    5.981070][    T1] hub 5-0:1.0: USB hub found
[    5.982638][    T1] hub 5-0:1.0: 8 ports detected
[    5.991993][    T1] vhci_hcd vhci_hcd.2: USB/IP Virtual Host Controller
[    5.996278][    T1] vhci_hcd vhci_hcd.2: new USB bus registered, assigned bus number 6
[    5.999380][    T1] usb usb6: New USB device found, idVendor=1d6b, idProduct=0002, bcdDevice= 6.09
[    6.002193][    T1] usb usb6: New USB device strings: Mfr=3, Product=2, SerialNumber=1
[    6.005209][    T1] usb usb6: Product: USB/IP Virtual Host Controller
[    6.007423][    T1] usb usb6: Manufacturer: Linux 6.9.0-rc6-gc7d19b8c17c5 vhci_hcd
[    6.009633][    T1] usb usb6: SerialNumber: vhci_hcd.2
[    6.013688][    T1] hub 6-0:1.0: USB hub found
[    6.015566][    T1] hub 6-0:1.0: 8 ports detected
[    6.022991][    T1] vhci_hcd vhci_hcd.2: USB/IP Virtual Host Controller
[    6.026708][    T1] vhci_hcd vhci_hcd.2: new USB bus registered, assigned bus number 7
[    6.030972][    T1] usb usb7: We don't know the algorithms for LPM for this host, disabling LPM.
[    6.034995][    T1] usb usb7: New USB device found, idVendor=1d6b, idProduct=0003, bcdDevice= 6.09
[    6.038749][    T1] usb usb7: New USB device strings: Mfr=3, Product=2, SerialNumber=1
[    6.041464][    T1] usb usb7: Product: USB/IP Virtual Host Controller
[    6.043760][    T1] usb usb7: Manufacturer: Linux 6.9.0-rc6-gc7d19b8c17c5 vhci_hcd
[    6.046035][    T1] usb usb7: SerialNumber: vhci_hcd.2
[    6.049816][    T1] hub 7-0:1.0: USB hub found
[    6.051247][    T1] hub 7-0:1.0: 8 ports detected
[    6.060121][    T1] vhci_hcd vhci_hcd.3: USB/IP Virtual Host Controller
[    6.063117][    T1] vhci_hcd vhci_hcd.3: new USB bus registered, assigned bus number 8
[    6.067065][    T1] usb usb8: New USB device found, idVendor=1d6b, idProduct=0002, bcdDevice= 6.09
[    6.069526][    T1] usb usb8: New USB device strings: Mfr=3, Product=2, SerialNumber=1
[    6.071852][    T1] usb usb8: Product: USB/IP Virtual Host Controller
[    6.075294][    T1] usb usb8: Manufacturer: Linux 6.9.0-rc6-gc7d19b8c17c5 vhci_hcd
[    6.079929][    T1] usb usb8: SerialNumber: vhci_hcd.3
[    6.084334][    T1] hub 8-0:1.0: USB hub found
[    6.085889][    T1] hub 8-0:1.0: 8 ports detected
[    6.094525][    T1] vhci_hcd vhci_hcd.3: USB/IP Virtual Host Controller
[    6.098395][    T1] vhci_hcd vhci_hcd.3: new USB bus registered, assigned bus number 9
[    6.102078][    T1] usb usb9: We don't know the algorithms for LPM for this host, disabling LPM.
[    6.105471][    T1] usb usb9: New USB device found, idVendor=1d6b, idProduct=0003, bcdDevice= 6.09
[    6.109990][    T1] usb usb9: New USB device strings: Mfr=3, Product=2, SerialNumber=1
[    6.113378][    T1] usb usb9: Product: USB/IP Virtual Host Controller
[    6.115795][    T1] usb usb9: Manufacturer: Linux 6.9.0-rc6-gc7d19b8c17c5 vhci_hcd
[    6.118437][    T1] usb usb9: SerialNumber: vhci_hcd.3
[    6.123471][    T1] hub 9-0:1.0: USB hub found
[    6.125003][    T1] hub 9-0:1.0: 8 ports detected
[    6.134501][    T1] vhci_hcd vhci_hcd.4: USB/IP Virtual Host Controller
[    6.141724][    T1] vhci_hcd vhci_hcd.4: new USB bus registered, assigned bus number 10
[    6.145372][    T1] usb usb10: New USB device found, idVendor=1d6b, idProduct=0002, bcdDevice= 6.09
[    6.149905][    T1] usb usb10: New USB device strings: Mfr=3, Product=2, SerialNumber=1
[    6.154933][    T1] usb usb10: Product: USB/IP Virtual Host Controller
[    6.157252][    T1] usb usb10: Manufacturer: Linux 6.9.0-rc6-gc7d19b8c17c5 vhci_hcd
[    6.159353][    T1] usb usb10: SerialNumber: vhci_hcd.4
[    6.165199][    T1] hub 10-0:1.0: USB hub found
[    6.167116][    T1] hub 10-0:1.0: 8 ports detected
[    6.176253][    T1] vhci_hcd vhci_hcd.4: USB/IP Virtual Host Controller
[    6.179269][    T1] vhci_hcd vhci_hcd.4: new USB bus registered, assigned bus number 11
[    6.182098][    T1] usb usb11: We don't know the algorithms for LPM for this host, disabling LPM.
[    6.189326][    T1] usb usb11: New USB device found, idVendor=1d6b, idProduct=0003, bcdDevice= 6.09
[    6.192441][    T1] usb usb11: New USB device strings: Mfr=3, Product=2, SerialNumber=1
[    6.194809][    T1] usb usb11: Product: USB/IP Virtual Host Controller
[    6.196647][    T1] usb usb11: Manufacturer: Linux 6.9.0-rc6-gc7d19b8c17c5 vhci_hcd
[    6.198843][    T1] usb usb11: SerialNumber: vhci_hcd.4
[    6.203641][    T1] hub 11-0:1.0: USB hub found
[    6.205828][    T1] hub 11-0:1.0: 8 ports detected
[    6.216867][    T1] vhci_hcd vhci_hcd.5: USB/IP Virtual Host Controller
[    6.220069][    T1] vhci_hcd vhci_hcd.5: new USB bus registered, assigned bus number 12
[    6.224678][    T1] usb usb12: New USB device found, idVendor=1d6b, idProduct=0002, bcdDevice= 6.09
[    6.227377][    T1] usb usb12: New USB device strings: Mfr=3, Product=2, SerialNumber=1
[    6.229563][    T1] usb usb12: Product: USB/IP Virtual Host Controller
[    6.231405][    T1] usb usb12: Manufacturer: Linux 6.9.0-rc6-gc7d19b8c17c5 vhci_hcd
[    6.233603][    T1] usb usb12: SerialNumber: vhci_hcd.5
[    6.237457][    T1] hub 12-0:1.0: USB hub found
[    6.239125][    T1] hub 12-0:1.0: 8 ports detected
[    6.247713][    T1] vhci_hcd vhci_hcd.5: USB/IP Virtual Host Controller
[    6.250610][    T1] vhci_hcd vhci_hcd.5: new USB bus registered, assigned bus number 13
[    6.254889][    T1] usb usb13: We don't know the algorithms for LPM for this host, disabling LPM.
[    6.258258][    T1] usb usb13: New USB device found, idVendor=1d6b, idProduct=0003, bcdDevice= 6.09
[    6.261070][    T1] usb usb13: New USB device strings: Mfr=3, Product=2, SerialNumber=1
[    6.263368][    T1] usb usb13: Product: USB/IP Virtual Host Controller
[    6.265187][    T1] usb usb13: Manufacturer: Linux 6.9.0-rc6-gc7d19b8c17c5 vhci_hcd
[    6.267300][    T1] usb usb13: SerialNumber: vhci_hcd.5
[    6.273060][    T1] hub 13-0:1.0: USB hub found
[    6.275936][    T1] hub 13-0:1.0: 8 ports detected
[    6.287592][    T1] vhci_hcd vhci_hcd.6: USB/IP Virtual Host Controller
[    6.291763][    T1] vhci_hcd vhci_hcd.6: new USB bus registered, assigned bus number 14
[    6.295157][    T1] usb usb14: New USB device found, idVendor=1d6b, idProduct=0002, bcdDevice= 6.09
[    6.297989][    T1] usb usb14: New USB device strings: Mfr=3, Product=2, SerialNumber=1
[    6.300311][    T1] usb usb14: Product: USB/IP Virtual Host Controller
[    6.302168][    T1] usb usb14: Manufacturer: Linux 6.9.0-rc6-gc7d19b8c17c5 vhci_hcd
[    6.304166][    T1] usb usb14: SerialNumber: vhci_hcd.6
[    6.307947][    T1] hub 14-0:1.0: USB hub found
[    6.309726][    T1] hub 14-0:1.0: 8 ports detected
[    6.317375][    T1] vhci_hcd vhci_hcd.6: USB/IP Virtual Host Controller
[    6.320092][    T1] vhci_hcd vhci_hcd.6: new USB bus registered, assigned bus number 15
[    6.322744][    T1] usb usb15: We don't know the algorithms for LPM for this host, disabling LPM.
[    6.329869][    T1] usb usb15: New USB device found, idVendor=1d6b, idProduct=0003, bcdDevice= 6.09
[    6.333525][    T1] usb usb15: New USB device strings: Mfr=3, Product=2, SerialNumber=1
[    6.336738][    T1] usb usb15: Product: USB/IP Virtual Host Controller
[    6.338434][    T1] usb usb15: Manufacturer: Linux 6.9.0-rc6-gc7d19b8c17c5 vhci_hcd
[    6.340547][    T1] usb usb15: SerialNumber: vhci_hcd.6
[    6.344532][    T1] hub 15-0:1.0: USB hub found
[    6.346681][    T1] hub 15-0:1.0: 8 ports detected
[    6.358085][    T1] vhci_hcd vhci_hcd.7: USB/IP Virtual Host Controller
[    6.360851][    T1] vhci_hcd vhci_hcd.7: new USB bus registered, assigned bus number 16
[    6.365287][    T1] usb usb16: New USB device found, idVendor=1d6b, idProduct=0002, bcdDevice= 6.09
[    6.371571][    T1] usb usb16: New USB device strings: Mfr=3, Product=2, SerialNumber=1
[    6.375190][    T1] usb usb16: Product: USB/IP Virtual Host Controller
[    6.376960][    T1] usb usb16: Manufacturer: Linux 6.9.0-rc6-gc7d19b8c17c5 vhci_hcd
[    6.379020][    T1] usb usb16: SerialNumber: vhci_hcd.7
[    6.383505][    T1] hub 16-0:1.0: USB hub found
[    6.388840][    T1] hub 16-0:1.0: 8 ports detected
[    6.397942][    T1] vhci_hcd vhci_hcd.7: USB/IP Virtual Host Controller
[    6.401771][    T1] vhci_hcd vhci_hcd.7: new USB bus registered, assigned bus number 17
[    6.408282][    T1] usb usb17: We don't know the algorithms for LPM for this host, disabling LPM.
[    6.412930][    T1] usb usb17: New USB device found, idVendor=1d6b, idProduct=0003, bcdDevice= 6.09
[    6.415576][    T1] usb usb17: New USB device strings: Mfr=3, Product=2, SerialNumber=1
[    6.419215][    T1] usb usb17: Product: USB/IP Virtual Host Controller
[    6.423828][    T1] usb usb17: Manufacturer: Linux 6.9.0-rc6-gc7d19b8c17c5 vhci_hcd
[    6.428310][    T1] usb usb17: SerialNumber: vhci_hcd.7
[    6.433688][    T1] hub 17-0:1.0: USB hub found
[    6.435468][    T1] hub 17-0:1.0: 8 ports detected
[    6.446256][    T1] vhci_hcd vhci_hcd.8: USB/IP Virtual Host Controller
[    6.448941][    T1] vhci_hcd vhci_hcd.8: new USB bus registered, assigned bus number 18
[    6.452090][    T1] usb usb18: New USB device found, idVendor=1d6b, idProduct=0002, bcdDevice= 6.09
[    6.454619][    T1] usb usb18: New USB device strings: Mfr=3, Product=2, SerialNumber=1
[    6.458057][    T1] usb usb18: Product: USB/IP Virtual Host Controller
[    6.459926][    T1] usb usb18: Manufacturer: Linux 6.9.0-rc6-gc7d19b8c17c5 vhci_hcd
[    6.462051][    T1] usb usb18: SerialNumber: vhci_hcd.8
[    6.467088][    T1] hub 18-0:1.0: USB hub found
[    6.468605][    T1] hub 18-0:1.0: 8 ports detected
[    6.476583][    T1] vhci_hcd vhci_hcd.8: USB/IP Virtual Host Controller
[    6.479490][    T1] vhci_hcd vhci_hcd.8: new USB bus registered, assigned bus number 19
[    6.482179][    T1] usb usb19: We don't know the algorithms for LPM for this host, disabling LPM.
[    6.485363][    T1] usb usb19: New USB device found, idVendor=1d6b, idProduct=0003, bcdDevice= 6.09
[    6.487875][    T1] usb usb19: New USB device strings: Mfr=3, Product=2, SerialNumber=1
[    6.490074][    T1] usb usb19: Product: USB/IP Virtual Host Controller
[    6.491865][    T1] usb usb19: Manufacturer: Linux 6.9.0-rc6-gc7d19b8c17c5 vhci_hcd
[    6.494317][    T1] usb usb19: SerialNumber: vhci_hcd.8
[    6.499270][    T1] hub 19-0:1.0: USB hub found
[    6.500759][    T1] hub 19-0:1.0: 8 ports detected
[    6.510052][    T1] vhci_hcd vhci_hcd.9: USB/IP Virtual Host Controller
[    6.515194][    T1] vhci_hcd vhci_hcd.9: new USB bus registered, assigned bus number 20
[    6.518594][    T1] usb usb20: New USB device found, idVendor=1d6b, idProduct=0002, bcdDevice= 6.09
[    6.521267][    T1] usb usb20: New USB device strings: Mfr=3, Product=2, SerialNumber=1
[    6.523538][    T1] usb usb20: Product: USB/IP Virtual Host Controller
[    6.525343][    T1] usb usb20: Manufacturer: Linux 6.9.0-rc6-gc7d19b8c17c5 vhci_hcd
[    6.527432][    T1] usb usb20: SerialNumber: vhci_hcd.9
[    6.531320][    T1] hub 20-0:1.0: USB hub found
[    6.533382][    T1] hub 20-0:1.0: 8 ports detected
[    6.540554][    T1] vhci_hcd vhci_hcd.9: USB/IP Virtual Host Controller
[    6.542997][    T1] vhci_hcd vhci_hcd.9: new USB bus registered, assigned bus number 21
[    6.545461][    T1] usb usb21: We don't know the algorithms for LPM for this host, disabling LPM.
[    6.548413][    T1] usb usb21: New USB device found, idVendor=1d6b, idProduct=0003, bcdDevice= 6.09
[    6.550847][    T1] usb usb21: New USB device strings: Mfr=3, Product=2, SerialNumber=1
[    6.555892][    T1] usb usb21: Product: USB/IP Virtual Host Controller
[    6.557770][    T1] usb usb21: Manufacturer: Linux 6.9.0-rc6-gc7d19b8c17c5 vhci_hcd
[    6.559860][    T1] usb usb21: SerialNumber: vhci_hcd.9
[    6.565216][    T1] hub 21-0:1.0: USB hub found
[    6.566724][    T1] hub 21-0:1.0: 8 ports detected
[    6.576661][    T1] vhci_hcd vhci_hcd.10: USB/IP Virtual Host Controller
[    6.579610][    T1] vhci_hcd vhci_hcd.10: new USB bus registered, assigned bus number 22
[    6.582673][    T1] usb usb22: New USB device found, idVendor=1d6b, idProduct=0002, bcdDevice= 6.09
[    6.585233][    T1] usb usb22: New USB device strings: Mfr=3, Product=2, SerialNumber=1
[    6.588002][    T1] usb usb22: Product: USB/IP Virtual Host Controller
[    6.589959][    T1] usb usb22: Manufacturer: Linux 6.9.0-rc6-gc7d19b8c17c5 vhci_hcd
[    6.592232][    T1] usb usb22: SerialNumber: vhci_hcd.10
[    6.597661][    T1] hub 22-0:1.0: USB hub found
[    6.599182][    T1] hub 22-0:1.0: 8 ports detected
[    6.608836][    T1] vhci_hcd vhci_hcd.10: USB/IP Virtual Host Controller
[    6.612076][    T1] vhci_hcd vhci_hcd.10: new USB bus registered, assigned bus number 23
[    6.614932][    T1] usb usb23: We don't know the algorithms for LPM for this host, disabling LPM.
[    6.618235][    T1] usb usb23: New USB device found, idVendor=1d6b, idProduct=0003, bcdDevice= 6.09
[    6.620969][    T1] usb usb23: New USB device strings: Mfr=3, Product=2, SerialNumber=1
[    6.624025][    T1] usb usb23: Product: USB/IP Virtual Host Controller
[    6.625937][    T1] usb usb23: Manufacturer: Linux 6.9.0-rc6-gc7d19b8c17c5 vhci_hcd
[    6.628198][    T1] usb usb23: SerialNumber: vhci_hcd.10
[    6.633168][    T1] hub 23-0:1.0: USB hub found
[    6.634902][    T1] hub 23-0:1.0: 8 ports detected
[    6.645096][    T1] vhci_hcd vhci_hcd.11: USB/IP Virtual Host Controller
[    6.648972][    T1] vhci_hcd vhci_hcd.11: new USB bus registered, assigned bus number 24
[    6.652368][    T1] usb usb24: New USB device found, idVendor=1d6b, idProduct=0002, bcdDevice= 6.09
[    6.657153][    T1] usb usb24: New USB device strings: Mfr=3, Product=2, SerialNumber=1
[    6.660075][    T1] usb usb24: Product: USB/IP Virtual Host Controller
[    6.661939][    T1] usb usb24: Manufacturer: Linux 6.9.0-rc6-gc7d19b8c17c5 vhci_hcd
[    6.664145][    T1] usb usb24: SerialNumber: vhci_hcd.11
[    6.669200][    T1] hub 24-0:1.0: USB hub found
[    6.670788][    T1] hub 24-0:1.0: 8 ports detected
[    6.679683][    T1] vhci_hcd vhci_hcd.11: USB/IP Virtual Host Controller
[    6.682523][    T1] vhci_hcd vhci_hcd.11: new USB bus registered, assigned bus number 25
[    6.685952][    T1] usb usb25: We don't know the algorithms for LPM for this host, disabling LPM.
[    6.690307][    T1] usb usb25: New USB device found, idVendor=1d6b, idProduct=0003, bcdDevice= 6.09
[    6.692769][    T1] usb usb25: New USB device strings: Mfr=3, Product=2, SerialNumber=1
[    6.695548][    T1] usb usb25: Product: USB/IP Virtual Host Controller
[    6.697621][    T1] usb usb25: Manufacturer: Linux 6.9.0-rc6-gc7d19b8c17c5 vhci_hcd
[    6.700059][    T1] usb usb25: SerialNumber: vhci_hcd.11
[    6.704271][    T1] hub 25-0:1.0: USB hub found
[    6.705955][    T1] hub 25-0:1.0: 8 ports detected
[    6.716668][    T1] vhci_hcd vhci_hcd.12: USB/IP Virtual Host Controller
[    6.721693][    T1] vhci_hcd vhci_hcd.12: new USB bus registered, assigned bus number 26
[    6.725859][    T1] usb usb26: New USB device found, idVendor=1d6b, idProduct=0002, bcdDevice= 6.09
[    6.728486][    T1] usb usb26: New USB device strings: Mfr=3, Product=2, SerialNumber=1
[    6.730794][    T1] usb usb26: Product: USB/IP Virtual Host Controller
[    6.732898][    T1] usb usb26: Manufacturer: Linux 6.9.0-rc6-gc7d19b8c17c5 vhci_hcd
[    6.735451][    T1] usb usb26: SerialNumber: vhci_hcd.12
[    6.743087][    T1] hub 26-0:1.0: USB hub found
[    6.744588][    T1] hub 26-0:1.0: 8 ports detected
[    6.755162][    T1] vhci_hcd vhci_hcd.12: USB/IP Virtual Host Controller
[    6.758780][    T1] vhci_hcd vhci_hcd.12: new USB bus registered, assigned bus number 27
[    6.761765][    T1] usb usb27: We don't know the algorithms for LPM for this host, disabling LPM.
[    6.766629][    T1] usb usb27: New USB device found, idVendor=1d6b, idProduct=0003, bcdDevice= 6.09
[    6.769273][    T1] usb usb27: New USB device strings: Mfr=3, Product=2, SerialNumber=1
[    6.771634][    T1] usb usb27: Product: USB/IP Virtual Host Controller
[    6.773627][    T1] usb usb27: Manufacturer: Linux 6.9.0-rc6-gc7d19b8c17c5 vhci_hcd
[    6.775789][    T1] usb usb27: SerialNumber: vhci_hcd.12
[    6.780364][    T1] hub 27-0:1.0: USB hub found
[    6.781808][    T1] hub 27-0:1.0: 8 ports detected
[    6.792003][    T1] vhci_hcd vhci_hcd.13: USB/IP Virtual Host Controller
[    6.794838][    T1] vhci_hcd vhci_hcd.13: new USB bus registered, assigned bus number 28
[    6.797836][    T1] usb usb28: New USB device found, idVendor=1d6b, idProduct=0002, bcdDevice= 6.09
[    6.800335][    T1] usb usb28: New USB device strings: Mfr=3, Product=2, SerialNumber=1
[    6.802679][    T1] usb usb28: Product: USB/IP Virtual Host Controller
[    6.804857][    T1] usb usb28: Manufacturer: Linux 6.9.0-rc6-gc7d19b8c17c5 vhci_hcd
[    6.806948][    T1] usb usb28: SerialNumber: vhci_hcd.13
[    6.810662][    T1] hub 28-0:1.0: USB hub found
[    6.812218][    T1] hub 28-0:1.0: 8 ports detected
[    6.821355][    T1] vhci_hcd vhci_hcd.13: USB/IP Virtual Host Controller
[    6.824542][    T1] vhci_hcd vhci_hcd.13: new USB bus registered, assigned bus number 29
[    6.827906][    T1] usb usb29: We don't know the algorithms for LPM for this host, disabling LPM.
[    6.831047][    T1] usb usb29: New USB device found, idVendor=1d6b, idProduct=0003, bcdDevice= 6.09
[    6.833856][    T1] usb usb29: New USB device strings: Mfr=3, Product=2, SerialNumber=1
[    6.836148][    T1] usb usb29: Product: USB/IP Virtual Host Controller
[    6.837909][    T1] usb usb29: Manufacturer: Linux 6.9.0-rc6-gc7d19b8c17c5 vhci_hcd
[    6.840043][    T1] usb usb29: SerialNumber: vhci_hcd.13
[    6.845571][    T1] hub 29-0:1.0: USB hub found
[    6.847064][    T1] hub 29-0:1.0: 8 ports detected
[    6.856858][    T1] vhci_hcd vhci_hcd.14: USB/IP Virtual Host Controller
[    6.860112][    T1] vhci_hcd vhci_hcd.14: new USB bus registered, assigned bus number 30
[    6.863476][    T1] usb usb30: New USB device found, idVendor=1d6b, idProduct=0002, bcdDevice= 6.09
[    6.865889][    T1] usb usb30: New USB device strings: Mfr=3, Product=2, SerialNumber=1
[    6.868130][    T1] usb usb30: Product: USB/IP Virtual Host Controller
[    6.870418][    T1] usb usb30: Manufacturer: Linux 6.9.0-rc6-gc7d19b8c17c5 vhci_hcd
[    6.872499][    T1] usb usb30: SerialNumber: vhci_hcd.14
[    6.876802][    T1] hub 30-0:1.0: USB hub found
[    6.878381][    T1] hub 30-0:1.0: 8 ports detected
[    6.886913][    T1] vhci_hcd vhci_hcd.14: USB/IP Virtual Host Controller
[    6.889481][    T1] vhci_hcd vhci_hcd.14: new USB bus registered, assigned bus number 31
[    6.892154][    T1] usb usb31: We don't know the algorithms for LPM for this host, disabling LPM.
[    6.896376][    T1] usb usb31: New USB device found, idVendor=1d6b, idProduct=0003, bcdDevice= 6.09
[    6.898765][    T1] usb usb31: New USB device strings: Mfr=3, Product=2, SerialNumber=1
[    6.902273][    T1] usb usb31: Product: USB/IP Virtual Host Controller
[    6.904190][    T1] usb usb31: Manufacturer: Linux 6.9.0-rc6-gc7d19b8c17c5 vhci_hcd
[    6.906344][    T1] usb usb31: SerialNumber: vhci_hcd.14
[    6.911315][    T1] hub 31-0:1.0: USB hub found
[    6.913138][    T1] hub 31-0:1.0: 8 ports detected
[    6.924143][    T1] vhci_hcd vhci_hcd.15: USB/IP Virtual Host Controller
[    6.926884][    T1] vhci_hcd vhci_hcd.15: new USB bus registered, assigned bus number 32
[    6.930192][    T1] usb usb32: New USB device found, idVendor=1d6b, idProduct=0002, bcdDevice= 6.09
[    6.932799][    T1] usb usb32: New USB device strings: Mfr=3, Product=2, SerialNumber=1
[    6.935345][    T1] usb usb32: Product: USB/IP Virtual Host Controller
[    6.937320][    T1] usb usb32: Manufacturer: Linux 6.9.0-rc6-gc7d19b8c17c5 vhci_hcd
[    6.939484][    T1] usb usb32: SerialNumber: vhci_hcd.15
[    6.943123][    T1] hub 32-0:1.0: USB hub found
[    6.944578][    T1] hub 32-0:1.0: 8 ports detected
[    6.952469][    T1] vhci_hcd vhci_hcd.15: USB/IP Virtual Host Controller
[    6.960566][    T1] vhci_hcd vhci_hcd.15: new USB bus registered, assigned bus number 33
[    6.963200][    T1] usb usb33: We don't know the algorithms for LPM for this host, disabling LPM.
[    6.969477][    T1] usb usb33: New USB device found, idVendor=1d6b, idProduct=0003, bcdDevice= 6.09
[    6.974248][    T1] usb usb33: New USB device strings: Mfr=3, Product=2, SerialNumber=1
[    6.976661][    T1] usb usb33: Product: USB/IP Virtual Host Controller
[    6.978444][    T1] usb usb33: Manufacturer: Linux 6.9.0-rc6-gc7d19b8c17c5 vhci_hcd
[    6.980521][    T1] usb usb33: SerialNumber: vhci_hcd.15
[    6.985973][    T1] hub 33-0:1.0: USB hub found
[    6.987613][    T1] hub 33-0:1.0: 8 ports detected
[    6.999559][    T1] usbcore: registered new device driver usbip-host
[    7.004590][    T1] i8042: PNP: PS/2 Controller [PNP0303:KBD,PNP0f13:MOU] at 0x60,0x64 irq 1,12
[    7.009580][    T1] serio: i8042 KBD port at 0x60,0x64 irq 1
[    7.012233][    T1] serio: i8042 AUX port at 0x60,0x64 irq 12
[    7.017047][    T1] mousedev: PS/2 mouse device common for all mice
[    7.020034][    T1] usbcore: registered new interface driver appletouch
[    7.022941][    T1] usbcore: registered new interface driver bcm5974
[    7.027045][    T7] input: AT Translated Set 2 keyboard as /devices/platform/i8042/serio0/input/input1
[    7.027519][    T1] usbcore: registered new interface driver synaptics_usb
[    7.032754][    T1] usbcore: registered new interface driver iforce
[    7.038279][    T1] usbcore: registered new interface driver xpad
[    7.040125][    T1] usbcore: registered new interface driver usb_acecad
[    7.042310][    T1] usbcore: registered new interface driver aiptek
[    7.047325][    T1] usbcore: registered new interface driver hanwang
[    7.050639][    T1] usbcore: registered new interface driver kbtab
[    7.054201][    T1] usbcore: registered new interface driver pegasus_notetaker
[    7.056543][    T1] usbcore: registered new interface driver usbtouchscreen
[    7.058776][    T1] usbcore: registered new interface driver sur40
[    7.060844][    T1] usbcore: registered new interface driver ati_remote2
[    7.062934][    T1] cm109: Keymap for Komunikate KIP1000 phone loaded
[    7.066140][    T1] usbcore: registered new interface driver cm109
[    7.068451][    T1] cm109: CM109 phone driver: 20080805 (C) Alfred E. Heggestad
[    7.071494][    T1] usbcore: registered new interface driver ims_pcu
[    7.073725][    T1] usbcore: registered new interface driver keyspan_remote
[    7.076067][    T1] usbcore: registered new interface driver powermate
[    7.079796][    T1] usbcore: registered new interface driver yealink
[    7.083382][    T1] rtc_cmos 00:05: RTC can wake from S4
[    7.091119][    T1] rtc_cmos 00:05: registered as rtc0
[    7.094283][    T1] rtc_cmos 00:05: alarms up to one day, y3k, 242 bytes nvram, hpet irqs
[    7.097828][    T1] i2c_dev: i2c /dev entries driver
[    7.100028][    T1] usbcore: registered new interface driver i2c-diolan-u2c
[    7.102675][    T1] usbcore: registered new interface driver RobotFuzz Open Source InterFace, OSIF
[    7.107969][    T1] usbcore: registered new interface driver i2c-tiny-usb
[    7.114343][    T1] usbcore: registered new interface driver igorplugusb
[    7.116566][    T1] usbcore: registered new interface driver iguanair
[    7.119285][    T1] usbcore: registered new interface driver imon
[    7.124035][    T1] usbcore: registered new interface driver mceusb
[    7.126340][    T1] usbcore: registered new interface driver redrat3
[    7.128360][    T1] usbcore: registered new interface driver streamzap
[    7.130590][    T1] usbcore: registered new interface driver ttusbir
[    7.132755][    T1] usbcore: registered new interface driver ati_remote
[    7.135094][    T1] b2c2-flexcop: B2C2 FlexcopII/II(b)/III digital TV receiver chip loaded successfully
[    7.138446][    T1] usbcore: registered new interface driver b2c2_flexcop_usb
[    7.140739][    T1] usbcore: registered new interface driver dvb_usb_vp7045
[    7.143101][    T1] usbcore: registered new interface driver dvb_usb_vp702x
[    7.145484][    T1] usbcore: registered new interface driver dvb_usb_gp8psk
[    7.147705][    T1] usbcore: registered new interface driver dvb_usb_dtt200u
[    7.150027][    T1] usbcore: registered new interface driver dvb_usb_a800
[    7.152279][    T1] usbcore: registered new interface driver dvb_usb_dibusb_mb
[    7.154757][    T1] usbcore: registered new interface driver dvb_usb_dibusb_mc
[    7.157051][    T1] usbcore: registered new interface driver dvb_usb_nova_t_usb2
[    7.159457][    T1] usbcore: registered new interface driver dvb_usb_umt_010
[    7.161786][    T1] usbcore: registered new interface driver dvb_usb_m920x
[    7.164337][    T1] usbcore: registered new interface driver dvb_usb_digitv
[    7.167901][    T1] usbcore: registered new interface driver dvb_usb_cxusb
[    7.171288][    T1] usbcore: registered new interface driver dvb_usb_ttusb2
[    7.174942][    T1] usbcore: registered new interface driver dvb_usb_dib0700
[    7.178888][    T1] usbcore: registered new interface driver opera1
[    7.181397][    T1] usbcore: registered new interface driver dvb_usb_af9005
[    7.183465][    T1] failing symbol_get of non-GPLONLY symbol af9005_rc_decode.
[    7.186126][    T1] failing symbol_get of non-GPLONLY symbol af9005_rc_decode.
[    7.188332][    T1] failing symbol_get of non-GPLONLY symbol rc_map_af9005_table.
[    7.192505][    T1] failing symbol_get of non-GPLONLY symbol rc_map_af9005_table.
[    7.194916][    T1] failing symbol_get of non-GPLONLY symbol rc_map_af9005_table_size.
[    7.199615][    T1] failing symbol_get of non-GPLONLY symbol rc_map_af9005_table_size.
[    7.201995][    T1] af9005: af9005_rc_decode function not found, disabling remote
[    7.205383][    T1] usbcore: registered new interface driver pctv452e
[    7.207537][    T1] usbcore: registered new interface driver dw2102
[    7.209769][    T1] usbcore: registered new interface driver dvb_usb_dtv5100
[    7.212262][    T1] usbcore: registered new interface driver cinergyT2
[    7.215754][    T1] usbcore: registered new interface driver dvb_usb_az6027
[    7.218087][    T1] usbcore: registered new interface driver dvb_usb_technisat_usb2
[    7.221559][    T1] usbcore: registered new interface driver dvb_usb_af9015
[    7.223937][    T1] usbcore: registered new interface driver dvb_usb_af9035
[    7.226241][    T1] usbcore: registered new interface driver dvb_usb_anysee
[    7.228426][    T1] usbcore: registered new interface driver dvb_usb_au6610
[    7.231336][    T1] usbcore: registered new interface driver dvb_usb_az6007
[    7.233714][    T1] usbcore: registered new interface driver dvb_usb_ce6230
[    7.236018][    T1] usbcore: registered new interface driver dvb_usb_ec168
[    7.238428][    T1] usbcore: registered new interface driver dvb_usb_lmedm04
[    7.240768][    T1] usbcore: registered new interface driver dvb_usb_gl861
[    7.243091][    T1] usbcore: registered new interface driver dvb_usb_mxl111sf
[    7.246022][    T1] usbcore: registered new interface driver dvb_usb_rtl28xxu
[    7.248344][    T1] usbcore: registered new interface driver dvb_usb_dvbsky
[    7.250628][    T1] usbcore: registered new interface driver zd1301
[    7.253062][    T1] usbcore: registered new interface driver s2255
[    7.255534][    T1] usbcore: registered new interface driver smsusb
[    7.257693][    T1] usbcore: registered new interface driver ttusb
[    7.259835][    T1] usbcore: registered new interface driver ttusb-dec
[    7.262007][    T1] usbcore: registered new interface driver Abilis Systems as10x usb driver
[    7.264910][    T1] usbcore: registered new interface driver airspy
[    7.267021][    T1] gspca_main: v2.14.0 registered
[    7.268698][    T1] usbcore: registered new interface driver benq
[    7.271477][    T1] usbcore: registered new interface driver conex
[    7.274911][    T1] usbcore: registered new interface driver cpia1
[    7.276892][    T1] usbcore: registered new interface driver dtcs033
[    7.280015][    T1] usbcore: registered new interface driver etoms
[    7.284383][    T1] usbcore: registered new interface driver finepix
[    7.292543][    T1] usbcore: registered new interface driver jeilinj
[    7.298654][    T1] usbcore: registered new interface driver jl2005bcd
[    7.301527][    T1] usbcore: registered new interface driver kinect
[    7.304731][    T1] usbcore: registered new interface driver konica
[    7.308747][    T1] usbcore: registered new interface driver mars
[    7.312080][    T1] usbcore: registered new interface driver mr97310a
[    7.315125][    T1] usbcore: registered new interface driver nw80x
[    7.317573][    T1] usbcore: registered new interface driver ov519
[    7.319910][    T1] usbcore: registered new interface driver ov534
[    7.322696][    T1] usbcore: registered new interface driver ov534_9
[    7.325152][    T1] usbcore: registered new interface driver pac207
[    7.327619][    T1] usbcore: registered new interface driver gspca_pac7302
[    7.330355][    T1] usbcore: registered new interface driver pac7311
[    7.335798][    T1] usbcore: registered new interface driver se401
[    7.339383][    T1] usbcore: registered new interface driver sn9c2028
[    7.341921][    T1] usbcore: registered new interface driver gspca_sn9c20x
[    7.345406][    T1] usbcore: registered new interface driver sonixb
[    7.348132][    T1] usbcore: registered new interface driver sonixj
[    7.350587][    T1] usbcore: registered new interface driver spca500
[    7.353297][    T1] usbcore: registered new interface driver spca501
[    7.355707][    T1] usbcore: registered new interface driver spca505
[    7.359024][    T1] usbcore: registered new interface driver spca506
[    7.361427][    T1] usbcore: registered new interface driver spca508
[    7.364707][    T1] usbcore: registered new interface driver spca561
[    7.367200][    T1] usbcore: registered new interface driver spca1528
[    7.369569][    T1] usbcore: registered new interface driver sq905
[    7.371841][    T1] usbcore: registered new interface driver sq905c
[    7.375248][    T1] usbcore: registered new interface driver sq930x
[    7.377612][    T1] usbcore: registered new interface driver sunplus
[    7.379954][    T1] usbcore: registered new interface driver stk014
[    7.382154][    T1] usbcore: registered new interface driver stk1135
[    7.385360][    T1] usbcore: registered new interface driver stv0680
[    7.387779][    T1] usbcore: registered new interface driver t613
[    7.390020][    T1] usbcore: registered new interface driver gspca_topro
[    7.392314][    T1] usbcore: registered new interface driver touptek
[    7.394672][    T1] usbcore: registered new interface driver tv8532
[    7.396999][    T1] usbcore: registered new interface driver vc032x
[    7.399865][    T1] usbcore: registered new interface driver vicam
[    7.402924][    T1] usbcore: registered new interface driver xirlink-cit
[    7.406706][    T1] usbcore: registered new interface driver gspca_zc3xx
[    7.409412][    T1] usbcore: registered new interface driver ALi m5602
[    7.412355][    T1] usbcore: registered new interface driver STV06xx
[    7.414724][    T1] usbcore: registered new interface driver gspca_gl860
[    7.417533][    T1] usbcore: registered new interface driver hackrf
[    7.419627][    T1] usbcore: registered new interface driver msi2500
[    7.422178][    T1] usbcore: registered new interface driver Philips webcam
[    7.424889][    T1] usbcore: registered new interface driver uvcvideo
[    7.426922][    T1] au0828: au0828 driver loaded
[    7.428625][    T1] usbcore: registered new interface driver au0828
[    7.430704][    T1] usbcore: registered new interface driver cx231xx
[    7.434071][    T1] usbcore: registered new interface driver em28xx
[    7.437567][    T1] em28xx: Registered (Em28xx v4l2 Extension) extension
[    7.440212][    T1] em28xx: Registered (Em28xx Audio Extension) extension
[    7.442344][    T1] em28xx: Registered (Em28xx dvb Extension) extension
[    7.444541][    T1] em28xx: Registered (Em28xx Input Extension) extension
[    7.448565][    T1] usbcore: registered new interface driver go7007
[    7.450710][    T1] usbcore: registered new interface driver go7007-loader
[    7.454559][    T1] usbcore: registered new interface driver hdpvr
[    7.458208][    T1] usbcore: registered new interface driver pvrusb2
[    7.460454][    T1] pvrusb2: V4L in-tree version:Hauppauge WinTV-PVR-USB2 MPEG2 Encoder/Tuner
[    7.463481][    T1] pvrusb2: Debug mask is 31 (0x1f)
[    7.465481][    T1] usbcore: registered new interface driver stk1160
[    7.467601][    T1] usbcore: registered new interface driver usbtv
[    7.473074][    T1] dvbdev: DVB: registering new adapter (dvb_vidtv_bridge)
[    7.477711][    T1] i2c i2c-0: DVB: registering adapter 0 frontend 0 (Dummy demod for DVB-T/T2/C/S/S2)...
[    7.481120][    T1] dvbdev: dvb_create_media_entity: media entity 'Dummy demod for DVB-T/T2/C/S/S2' registered.
[    7.491394][    T1] dvbdev: dvb_create_media_entity: media entity 'dvb-demux' registered.
[    7.499934][    T1] vidtv vidtv.0: Successfully initialized vidtv!
[    7.505106][    T1] vicodec vicodec.0: Device 'stateful-encoder' registered as /dev/video0
[    7.508497][    T1] vicodec vicodec.0: Device 'stateful-decoder' registered as /dev/video1
[    7.511817][    T1] vicodec vicodec.0: Device 'stateless-decoder' registered as /dev/video2
[    7.518683][    T1] vim2m vim2m.0: Device registered as /dev/video0
[    7.544780][    T1] vivid-000: using single planar format API
[    7.568985][    T1] vivid-000: CEC adapter cec0 registered for HDMI input 0
[    7.571594][    T1] vivid-000: V4L2 capture device registered as video7
[    7.575116][    T1] vivid-000: CEC adapter cec1 registered for HDMI output 0
[    7.577788][    T1] vivid-000: V4L2 output device registered as video8
[    7.580154][    T1] vivid-000: V4L2 capture device registered as vbi0, supports raw and sliced VBI
[    7.584295][    T1] vivid-000: V4L2 output device registered as vbi1, supports raw and sliced VBI
[    7.587347][    T1] vivid-000: V4L2 capture device registered as swradio0
[    7.589853][    T1] vivid-000: V4L2 receiver device registered as radio0
[    7.592663][    T1] vivid-000: V4L2 transmitter device registered as radio1
[    7.597915][    T1] vivid-000: V4L2 metadata capture device registered as video9
[    7.601053][    T1] vivid-000: V4L2 metadata output device registered as video10
[    7.605005][    T1] vivid-000: V4L2 touch capture device registered as v4l-touch0
[    7.608716][    T1] usbcore: registered new interface driver radioshark2
[    7.610852][    T1] usbcore: registered new interface driver radioshark
[    7.613803][    T1] usbcore: registered new interface driver radio-si470x
[    7.616424][    T1] usbcore: registered new interface driver radio-usb-si4713
[    7.618696][    T1] usbcore: registered new interface driver dsbr100
[    7.620742][    T1] usbcore: registered new interface driver radio-keene
[    7.622786][    T1] usbcore: registered new interface driver radio-ma901
[    7.625163][    T1] usbcore: registered new interface driver radio-mr800
[    7.628034][    T1] usbcore: registered new interface driver radio-raremono
[    7.631814][    T1] usbcore: registered new interface driver pcwd_usb
[    7.635932][    T1] device-mapper: core: CONFIG_IMA_DISABLE_HTABLE is disabled. Duplicate IMA measurements will not be recorded in the IMA log.
[    7.644321][    T1] device-mapper: uevent: version 1.0.3
[    7.648008][    T1] device-mapper: ioctl: 4.48.0-ioctl (2023-03-01) initialised: dm-devel@lists.linux.dev
[    7.654478][    T1] device-mapper: multipath round-robin: version 1.2.0 loaded
[    7.656700][    T1] device-mapper: multipath queue-length: version 0.2.0 loaded
[    7.658935][    T1] device-mapper: multipath service-time: version 0.3.0 loaded
[    7.662423][    T1] Bluetooth: HCI UART driver ver 2.3
[    7.669423][    T1] Bluetooth: HCI UART protocol H4 registered
[    7.671190][    T1] Bluetooth: HCI UART protocol BCSP registered
[    7.673207][    T7] input: ImExPS/2 Generic Explorer Mouse as /devices/platform/i8042/serio1/input/input3
[    7.676848][    T1] Bluetooth: HCI UART protocol LL registered
[    7.678782][    T1] Bluetooth: HCI UART protocol Three-wire (H5) registered
[    7.684609][    T1] Bluetooth: HCI UART protocol QCA registered
[    7.686600][    T1] Bluetooth: HCI UART protocol AG6XX registered
[    7.689253][    T1] Bluetooth: HCI UART protocol Marvell registered
[    7.691766][    T1] usbcore: registered new interface driver bcm203x
[    7.695996][    T1] usbcore: registered new interface driver bpa10x
[    7.698107][    T1] usbcore: registered new interface driver bfusb
[    7.700137][    T1] usbcore: registered new interface driver btusb
[    7.702319][    T1] usbcore: registered new interface driver ath3k
[    7.705891][    T1] CAPI 2.0 started up with major 68 (middleware)
[    7.707832][    T1] Modular ISDN core version 1.1.29
[    7.710317][    T1] NET: Registered PF_ISDN protocol family
[    7.712000][    T1] DSP module 2.0
[    7.714615][    T1] mISDN_dsp: DSP clocks every 80 samples. This equals 1 jiffies.
[    7.725011][    T1] mISDN: Layer-1-over-IP driver Rev. 2.00
[    7.727241][    T1] 0 virtual devices registered
[    7.731372][    T1] usbcore: registered new interface driver HFC-S_USB
[    7.736281][    T1] intel_pstate: CPU model not supported
[    7.738400][    T1] VUB300 Driver rom wait states = 1C irqpoll timeout = 0400
[    7.742556][    T1] usbcore: registered new interface driver vub300
[    7.749187][    T1] usbcore: registered new interface driver ushc
[    7.770014][    T1] iscsi: registered transport (iser)
[    7.772834][    T1] SoftiWARP attached
[    7.784266][    T1] hid: raw HID events driver (C) Jiri Kosina
[    7.819238][    T1] usbcore: registered new interface driver usbhid
[    7.821871][    T1] usbhid: USB HID core driver
[    7.827480][    T1] usbcore: registered new interface driver es2_ap_driver
[    7.830761][    T1] comedi: version 0.7.76 - http://www.comedi.org
[    7.838889][    T1] usbcore: registered new interface driver dt9812
[    7.841046][    T1] usbcore: registered new interface driver ni6501
[    7.844187][    T1] usbcore: registered new interface driver usbdux
[    7.847287][    T1] usbcore: registered new interface driver usbduxfast
[    7.849771][    T1] usbcore: registered new interface driver usbduxsigma
[    7.852072][    T1] usbcore: registered new interface driver vmk80xx
[    7.856626][    T1] usbcore: registered new interface driver r8712u
[    7.858813][    T1] greybus: registered new driver hid
[    7.860739][    T1] greybus: registered new driver gbphy
[    7.862568][    T1] gb_gbphy: registered new driver usb
[    7.864531][    T1] asus_wmi: ASUS WMI generic driver loaded
[    7.956697][    T1] usbcore: registered new interface driver snd-usb-audio
[    7.961271][    T1] usbcore: registered new interface driver snd-ua101
[    7.970830][    T1] usbcore: registered new interface driver snd-usb-usx2y
[    7.974023][    T1] usbcore: registered new interface driver snd-usb-us122l
[    7.976861][    T1] usbcore: registered new interface driver snd-usb-caiaq
[    7.979160][    T1] usbcore: registered new interface driver snd-usb-6fire
[    7.981366][    T1] usbcore: registered new interface driver snd-usb-hiface
[    7.984545][    T1] usbcore: registered new interface driver snd-bcd2000
[    7.986868][    T1] usbcore: registered new interface driver snd_usb_pod
[    7.989121][    T1] usbcore: registered new interface driver snd_usb_podhd
[    7.992652][    T1] usbcore: registered new interface driver snd_usb_toneport
[    7.995283][    T1] usbcore: registered new interface driver snd_usb_variax
[    8.000356][    T1] drop_monitor: Initializing network drop monitor service
[    8.003194][    T1] NET: Registered PF_LLC protocol family
[    8.005354][    T1] GACT probability on
[    8.006642][    T1] Mirror/redirect action on
[    8.008184][    T1] Simple TC action Loaded
[    8.011972][    T1] netem: version 1.3
[    8.014585][    T1] u32 classifier
[    8.015739][    T1]     Performance counters on
[    8.017078][    T1]     input device check on
[    8.018487][    T1]     Actions configured
[    8.025378][    T1] xt_time: kernel timezone is -0000
[    8.027268][    T1] IPVS: Registered protocols (TCP, UDP, SCTP, AH, ESP)
[    8.029549][    T1] IPVS: Connection hash table configured (size=4096, memory=32Kbytes)
[    8.034110][    T1] IPVS: ipvs loaded.
[    8.035472][    T1] IPVS: [rr] scheduler registered.
[    8.037196][    T1] IPVS: [wrr] scheduler registered.
[    8.038963][    T1] IPVS: [lc] scheduler registered.
[    8.040540][    T1] IPVS: [wlc] scheduler registered.
[    8.042303][    T1] IPVS: [fo] scheduler registered.
[    8.044552][    T1] IPVS: [ovf] scheduler registered.
[    8.046501][    T1] IPVS: [lblc] scheduler registered.
[    8.048517][    T1] IPVS: [lblcr] scheduler registered.
[    8.050252][    T1] IPVS: [dh] scheduler registered.
[    8.051825][    T1] IPVS: [sh] scheduler registered.
[    8.053378][    T1] IPVS: [mh] scheduler registered.
[    8.054942][    T1] IPVS: [sed] scheduler registered.
[    8.056520][    T1] IPVS: [nq] scheduler registered.
[    8.058171][    T1] IPVS: [twos] scheduler registered.
[    8.060260][    T1] IPVS: [sip] pe registered.
[    8.061877][    T1] ipip: IPv4 and MPLS over IPv4 tunneling driver
[    8.067497][    T1] gre: GRE over IPv4 demultiplexor driver
[    8.069366][    T1] ip_gre: GRE over IPv4 tunneling driver
[    8.078242][    T1] IPv4 over IPsec tunneling driver
[    8.082551][    T1] Initializing XFRM netlink socket
[    8.085048][    T1] IPsec XFRM device driver
[    8.087413][    T1] NET: Registered PF_INET6 protocol family
