bash: warning: setlocale: LC_ALL: cannot change locale (en_US.UTF-8)
c[?7l[2J[0mSeaBIOS (version 1.16.2-debian-1.16.2-1)
Booting from ROM...
c[?7l[2Jearly console in extract_kernel
input_data: 0x000000000f0c6298
input_len: 0x0000000005d1fbba
output: 0x0000000001000000
output_len: 0x0000000011fffbc0
kernel_total_size: 0x0000000013e26000
needed_size: 0x0000000014000000
trampoline_32bit: 0x0000000000000000

Decompressing Linux... Parsing ELF... done.
Booting the kernel (entry_offset: 0x000000000000007a).
[    0.000000][    T0] Linux version 6.9.0-rc6-g0106679839f7 (root@buildkitsandbox) (gcc (Debian 12.2.0-14+deb12u1) 12.2.0, GNU ld (GNU Binutils for Debian) 2.40) #1 SMP PREEMPT_DYNAMIC Fri May 22 05:49:39 UTC 2026
[    0.000000][    T0] Command line: console=ttyS0 oops=panic panic=86400 nokaslr earlyprintk=serial rdinit=/init
[    0.000000][    T0] KERNEL supported cpus:
[    0.000000][    T0]   Intel GenuineIntel
[    0.000000][    T0]   AMD AuthenticAMD
[    0.000000][    T0] BIOS-provided physical RAM map:
[    0.000000][    T0] BIOS-e820: [mem 0x0000000000000000-0x000000000009fbff] usable
[    0.000000][    T0] BIOS-e820: [mem 0x000000000009fc00-0x000000000009ffff] reserved
[    0.000000][    T0] BIOS-e820: [mem 0x00000000000f0000-0x00000000000fffff] reserved
[    0.000000][    T0] BIOS-e820: [mem 0x0000000000100000-0x000000007ffdffff] usable
[    0.000000][    T0] BIOS-e820: [mem 0x000000007ffe0000-0x000000007fffffff] reserved
[    0.000000][    T0] BIOS-e820: [mem 0x00000000feffc000-0x00000000feffffff] reserved
[    0.000000][    T0] BIOS-e820: [mem 0x00000000fffc0000-0x00000000ffffffff] reserved
[    0.000000][    T0] printk: legacy bootconsole [earlyser0] enabled
[    0.000000][    T0] NX (Execute Disable) protection: active
[    0.000000][    T0] APIC: Static calls initialized
[    0.000000][    T0] SMBIOS 2.8 present.
[    0.000000][    T0] DMI: QEMU Standard PC (i440FX + PIIX, 1996), BIOS 1.16.2-debian-1.16.2-1 04/01/2014
[    0.000000][    T0] Hypervisor detected: KVM
[    0.000000][    T0] kvm-clock: Using msrs 4b564d01 and 4b564d00
[    0.000072][    T0] kvm-clock: using sched offset of 2541401785 cycles
[    0.004622][    T0] clocksource: kvm-clock: mask: 0xffffffffffffffff max_cycles: 0x1cd42e4dffb, max_idle_ns: 881590591483 ns
[    0.010272][    T0] tsc: Detected 2995.198 MHz processor
[    0.019146][    T0] last_pfn = 0x7ffe0 max_arch_pfn = 0x400000000
[    0.023536][    T0] MTRR map: 4 entries (3 fixed + 1 variable; max 19), built from 8 variable MTRRs
[    0.028410][    T0] x86/PAT: Configuration [0-7]: WB  WC  UC- UC  WB  WP  UC- WT  
[    0.039884][    T0] found SMP MP-table at [mem 0x000f5ba0-0x000f5baf]
[    0.044417][    T0] Using GB pages for direct mapping
[    0.047354][    T0] Incomplete global flushes, disabling PCID
[    0.049004][    T0] RAMDISK: [mem 0x7fe92000-0x7ffdffff]
[    0.052571][    T0] ACPI: Early table checksum verification disabled
[    0.054502][    T0] ACPI: RSDP 0x00000000000F59D0 000014 (v00 BOCHS )
[    0.057653][    T0] ACPI: RSDT 0x000000007FFE1B33 000034 (v01 BOCHS  BXPC     00000001 BXPC 00000001)
[    0.060811][    T0] ACPI: FACP 0x000000007FFE19DF 000074 (v01 BOCHS  BXPC     00000001 BXPC 00000001)
[    0.066574][    T0] ACPI: DSDT 0x000000007FFE0040 00199F (v01 BOCHS  BXPC     00000001 BXPC 00000001)
[    0.069854][    T0] ACPI: FACS 0x000000007FFE0000 000040
[    0.071328][    T0] ACPI: APIC 0x000000007FFE1A53 000080 (v01 BOCHS  BXPC     00000001 BXPC 00000001)
[    0.074025][    T0] ACPI: HPET 0x000000007FFE1AD3 000038 (v01 BOCHS  BXPC     00000001 BXPC 00000001)
[    0.076797][    T0] ACPI: WAET 0x000000007FFE1B0B 000028 (v01 BOCHS  BXPC     00000001 BXPC 00000001)
[    0.081030][    T0] ACPI: Reserving FACP table memory at [mem 0x7ffe19df-0x7ffe1a52]
[    0.087142][    T0] ACPI: Reserving DSDT table memory at [mem 0x7ffe0040-0x7ffe19de]
[    0.090392][    T0] ACPI: Reserving FACS table memory at [mem 0x7ffe0000-0x7ffe003f]
[    0.095758][    T0] ACPI: Reserving APIC table memory at [mem 0x7ffe1a53-0x7ffe1ad2]
[    0.098205][    T0] ACPI: Reserving HPET table memory at [mem 0x7ffe1ad3-0x7ffe1b0a]
[    0.101022][    T0] ACPI: Reserving WAET table memory at [mem 0x7ffe1b0b-0x7ffe1b32]
[    0.109497][    T0] No NUMA configuration found
[    0.112373][    T0] Faking a node at [mem 0x0000000000000000-0x000000007ffdffff]
[    0.118773][    T0] NODE_DATA(0) allocated [mem 0x7fe8be00-0x7fe91dff]
[    0.177623][    T0] Zone ranges:
[    0.178765][    T0]   DMA      [mem 0x0000000000001000-0x0000000000ffffff]
[    0.180983][    T0]   DMA32    [mem 0x0000000001000000-0x000000007ffdffff]
[    0.183120][    T0]   Normal   empty
[    0.184549][    T0]   Device   empty
[    0.186415][    T0] Movable zone start for each node
[    0.190258][    T0] Early memory node ranges
[    0.192215][    T0]   node   0: [mem 0x0000000000001000-0x000000000009efff]
[    0.195489][    T0]   node   0: [mem 0x0000000000100000-0x000000007ffdffff]
[    0.206354][    T0] Initmem setup node 0 [mem 0x0000000000001000-0x000000007ffdffff]
[    0.210321][    T0] On node 0, zone DMA: 1 pages in unavailable ranges
[    0.213893][    T0] On node 0, zone DMA: 97 pages in unavailable ranges
[    0.243845][    T0] On node 0, zone DMA32: 32 pages in unavailable ranges
[    1.149381][    T0] kasan: KernelAddressSanitizer initialized
[    1.166340][    T0] ACPI: PM-Timer IO Port: 0x608
[    1.170414][    T0] ACPI: LAPIC_NMI (acpi_id[0xff] dfl dfl lint[0x1])
[    1.179719][    T0] IOAPIC[0]: apic_id 0, version 17, address 0xfec00000, GSI 0-23
[    1.184175][    T0] ACPI: INT_SRC_OVR (bus 0 bus_irq 0 global_irq 2 dfl dfl)
[    1.186582][    T0] ACPI: INT_SRC_OVR (bus 0 bus_irq 5 global_irq 5 high level)
[    1.190164][    T0] ACPI: INT_SRC_OVR (bus 0 bus_irq 9 global_irq 9 high level)
[    1.196573][    T0] ACPI: INT_SRC_OVR (bus 0 bus_irq 10 global_irq 10 high level)
[    1.202578][    T0] ACPI: INT_SRC_OVR (bus 0 bus_irq 11 global_irq 11 high level)
[    1.206814][    T0] ACPI: Using ACPI (MADT) for SMP configuration information
[    1.209396][    T0] ACPI: HPET id: 0x8086a201 base: 0xfed00000
[    1.211191][    T0] TSC deadline timer available
[    1.212620][    T0] CPU topo: Max. logical packages:   1
[    1.221397][    T0] CPU topo: Max. logical dies:       1
[    1.224057][    T0] CPU topo: Max. dies per package:   1
[    1.229986][    T0] CPU topo: Max. threads per core:   1
[    1.231664][    T0] CPU topo: Num. cores per package:     2
[    1.234478][    T0] CPU topo: Num. threads per package:   2
[    1.238152][    T0] CPU topo: Allowing 2 present CPUs plus 0 hotplug CPUs
[    1.244734][    T0] kvm-guest: APIC: eoi() replaced with kvm_guest_apic_eoi_write()
[    1.249665][    T0] kvm-guest: KVM setup pv remote TLB flush
[    1.254217][    T0] kvm-guest: setup PV sched yield
[    1.260047][    T0] PM: hibernation: Registered nosave memory: [mem 0x00000000-0x00000fff]
[    1.262416][    T0] PM: hibernation: Registered nosave memory: [mem 0x0009f000-0x0009ffff]
[    1.268238][    T0] PM: hibernation: Registered nosave memory: [mem 0x000a0000-0x000effff]
[    1.272443][    T0] PM: hibernation: Registered nosave memory: [mem 0x000f0000-0x000fffff]
[    1.280054][    T0] [mem 0x80000000-0xfeffbfff] available for PCI devices
[    1.283124][    T0] Booting paravirtualized kernel on KVM
[    1.284985][    T0] clocksource: refined-jiffies: mask: 0xffffffff max_cycles: 0xffffffff, max_idle_ns: 19112604462750000 ns
[    1.465470][    T0] setup_percpu: NR_CPUS:8 nr_cpumask_bits:2 nr_cpu_ids:2 nr_node_ids:1
[    1.475069][    T0] percpu: Embedded 74 pages/cpu s264264 r8192 d30648 u1048576
[    1.488415][    T0] kvm-guest: PV spinlocks enabled
[    1.492322][    T0] PV qspinlock hash table entries: 256 (order: 0, 4096 bytes, linear)
[    1.495210][    T0] Kernel command line: console=ttyS0 oops=panic panic=86400 nokaslr earlyprintk=serial rdinit=/init
[    1.500419][    T0] random: crng init done
[    1.503796][    T0] Dentry cache hash table entries: 262144 (order: 9, 2097152 bytes, linear)
[    1.508180][    T0] Inode-cache hash table entries: 131072 (order: 8, 1048576 bytes, linear)
[    1.511992][    T0] Fallback order for Node 0: 0 
[    1.512015][    T0] Built 1 zonelists, mobility grouping on.  Total pages: 515808
[    1.515501][    T0] Policy zone: DMA32
[    1.520583][    T0] mem auto-init: stack:all(zero), heap alloc:on, heap free:off
[    1.523939][    T0] stackdepot: allocating hash table via alloc_large_system_hash
[    1.525917][    T0] stackdepot hash table entries: 1048576 (order: 12, 16777216 bytes, linear)
[    1.775955][    T0] Memory: 1410492K/2096632K available (165888K kernel code, 39053K rwdata, 36836K rodata, 25924K init, 34820K bss, 685884K reserved, 0K cma-reserved)
[    1.781496][    T0] SLUB: HWalign=64, Order=0-3, MinObjects=0, CPUs=2, Nodes=1
[    1.791623][    T0] allocated 4194304 bytes of page_ext
[    1.795188][    T0] Dynamic Preempt: full
[    1.797548][    T0] Running RCU self tests
[    1.798694][    T0] Running RCU synchronous self tests
[    1.800095][    T0] rcu: Preemptible hierarchical RCU implementation.
[    1.804519][    T0] rcu: 	RCU lockdep checking is enabled.
[    1.807357][    T0] rcu: 	RCU restricting CPUs from NR_CPUS=8 to nr_cpu_ids=2.
[    1.813237][    T0] rcu: 	RCU callback double-/use-after-free debug is enabled.
[    1.815523][    T0] rcu: 	RCU debug extended QS entry/exit.
[    1.816717][    T0] 	Trampoline variant of Tasks RCU enabled.
[    1.818762][    T0] 	Tracing variant of Tasks RCU enabled.
[    1.820513][    T0] rcu: RCU calculated value of scheduler-enlistment delay is 10 jiffies.
[    1.822553][    T0] rcu: Adjusting geometry for rcu_fanout_leaf=16, nr_cpu_ids=2
[    1.827064][    T0] Running RCU synchronous self tests
[    1.831744][    T0] RCU Tasks: Setting shift to 1 and lim to 1 rcu_task_cb_adjust=1.
[    1.833753][    T0] RCU Tasks Trace: Setting shift to 1 and lim to 1 rcu_task_cb_adjust=1.
[    1.955616][    T0] NR_IRQS: 4352, nr_irqs: 440, preallocated irqs: 16
[    1.960839][    T0] rcu: srcu_init: Setting srcu_struct sizes based on contention.
[    1.963149][    T0] kfence: initialized - using 2097152 bytes for 255 objects at 0x(____ptrval____)-0x(____ptrval____)
[    2.006552][    T0] Console: colour VGA+ 80x25
[    2.007851][    T0] printk: legacy console [ttyS0] enabled
[    2.007851][    T0] printk: legacy console [ttyS0] enabled
[    2.023555][    T0] printk: legacy bootconsole [earlyser0] disabled
[    2.023555][    T0] printk: legacy bootconsole [earlyser0] disabled
[    2.032759][    T0] Lock dependency validator: Copyright (c) 2006 Red Hat, Inc., Ingo Molnar
[    2.034874][    T0] ... MAX_LOCKDEP_SUBCLASSES:  8
[    2.036136][    T0] ... MAX_LOCK_DEPTH:          48
[    2.038449][    T0] ... MAX_LOCKDEP_KEYS:        8192
[    2.042305][    T0] ... CLASSHASH_SIZE:          4096
[    2.044871][    T0] ... MAX_LOCKDEP_ENTRIES:     131072
[    2.046051][    T0] ... MAX_LOCKDEP_CHAINS:      262144
[    2.047678][    T0] ... CHAINHASH_SIZE:          131072
[    2.050107][    T0]  memory used by lock dependency info: 20721 kB
[    2.053619][    T0]  memory used for stack traces: 8320 kB
[    2.059114][    T0]  per task-struct memory footprint: 1920 bytes
[    2.064833][    T0] ACPI: Core revision 20230628
[    2.070351][    T0] clocksource: hpet: mask: 0xffffffff max_cycles: 0xffffffff, max_idle_ns: 19112604467 ns
[    2.074210][    T0] APIC: Switch to symmetric I/O mode setup
[    2.079833][    T0] x2apic enabled
[    2.085600][    T0] APIC: Switched APIC routing to: physical x2apic
[    2.087415][    T0] kvm-guest: APIC: send_IPI_mask() replaced with kvm_send_ipi_mask()
[    2.089566][    T0] kvm-guest: APIC: send_IPI_mask_allbutself() replaced with kvm_send_ipi_mask_allbutself()
[    2.092063][    T0] kvm-guest: setup PV IPIs
[    2.099989][    T0] ..TIMER: vector=0x30 apic1=0 pin1=2 apic2=-1 pin2=-1
[    2.104519][    T0] clocksource: tsc-early: mask: 0xffffffffffffffff max_cycles: 0x2b2c8d6afc8, max_idle_ns: 440795331172 ns
[    2.107603][    T0] Calibrating delay loop (skipped) preset value.. 5990.39 BogoMIPS (lpj=29951980)
[    2.111079][    T0] x86/cpu: User Mode Instruction Prevention (UMIP) activated
[    2.118490][    T0] Last level iTLB entries: 4KB 0, 2MB 0, 4MB 0
[    2.122263][    T0] Last level dTLB entries: 4KB 0, 2MB 0, 4MB 0, 1GB 0
[    2.125427][    T0] Spectre V1 : Mitigation: usercopy/swapgs barriers and __user pointer sanitization
[    2.127602][    T0] Spectre V2 : WARNING: Unprivileged eBPF is enabled with eIBRS on, data leaks possible via Spectre v2 BHB attacks!
[    2.137595][    T0] Spectre V2 : Spectre BHI mitigation: SW BHB clearing on vm exit
[    2.139723][    T0] Spectre V2 : Spectre BHI mitigation: SW BHB clearing on syscall
[    2.144777][    T0] Spectre V2 : Mitigation: Enhanced / Automatic IBRS
[    2.147585][    T0] Spectre V2 : Spectre v2 / SpectreRSB mitigation: Filling RSB on context switch
[    2.149868][    T0] Spectre V2 : Spectre v2 / PBRSB-eIBRS: Retire a single CALL on VMEXIT
[    2.151970][    T0] RETBleed: Mitigation: Enhanced IBRS
[    2.154760][    T0] Spectre V2 : mitigation: Enabling conditional Indirect Branch Prediction Barrier
[    2.157593][    T0] Speculative Store Bypass: Mitigation: Speculative Store Bypass disabled via prctl
[    2.167586][    T0] MMIO Stale Data: Unknown: No mitigations
[    2.169111][    T0] Register File Data Sampling: Vulnerable: No microcode
[    2.172005][    T0] x86/fpu: Supporting XSAVE feature 0x001: 'x87 floating point registers'
[    2.177586][    T0] x86/fpu: Supporting XSAVE feature 0x002: 'SSE registers'
[    2.181049][    T0] x86/fpu: Supporting XSAVE feature 0x004: 'AVX registers'
[    2.183169][    T0] x86/fpu: xstate_offset[2]:  576, xstate_sizes[2]:  256
[    2.185221][    T0] x86/fpu: Enabled xstate features 0x7, context size is 832 bytes, using 'compacted' format.
[    2.399090][    T0] Freeing SMP alternatives memory: 124K
[    2.400844][    T0] pid_max: default: 32768 minimum: 301
[    2.405254][    T0] LSM: initializing lsm=lockdown,capability,landlock,yama,safesetid,tomoyo,apparmor,bpf,ima,evm
[    2.418164][    T0] landlock: Up and running.
[    2.419507][    T0] Yama: becoming mindful.
[    2.427931][    T0] TOMOYO Linux initialized
[    2.432718][    T0] AppArmor: AppArmor initialized
[    2.436601][    T0] LSM support for eBPF active
[    2.438141][    T0] Mount-cache hash table entries: 4096 (order: 3, 32768 bytes, linear)
[    2.440558][    T0] Mountpoint-cache hash table entries: 4096 (order: 3, 32768 bytes, linear)
[    2.452755][    T0] Running RCU synchronous self tests
[    2.454286][    T0] Running RCU synchronous self tests
[    2.457019][    T1] smpboot: CPU0: 13th Gen Intel(R) Core(TM) i9-13900H (family: 0x6, model: 0xba, stepping: 0x2)
[    2.457682][    T1] Running RCU Tasks wait API self tests
[    2.567854][    T1] Running RCU Tasks Trace wait API self tests
[    2.569727][    T1] Performance Events: unsupported p6 CPU model 186 no PMU driver, software events only.
[    2.572438][    T1] signal: max sigframe size: 1776
[    2.577700][    T1] rcu: Hierarchical SRCU implementation.
[    2.579275][    T1] rcu: 	Max phase no-delay instances is 1000.
[    2.588529][   T14] Callback from call_rcu_tasks_trace() invoked.
[    2.604543][    T1] NMI watchdog: Perf NMI watchdog permanently disabled
[    2.607695][    T1] smp: Bringing up secondary CPUs ...
[    2.629314][    T1] smpboot: x86: Booting SMP configuration:
[    2.631132][    T1] .... node  #0, CPUs:      #1
[    2.632475][    T1] smp: Brought up 1 node, 2 CPUs
[    2.637702][    T1] smpboot: Total of 2 processors activated (11980.79 BogoMIPS)
[    2.644314][    T1] devtmpfs: initialized
[    2.648667][    T1] x86/mm: Memory block size: 128MB
[    2.679253][    T1] Running RCU synchronous self tests
[    2.681456][    T1] Running RCU synchronous self tests
[    2.683580][    T1] clocksource: jiffies: mask: 0xffffffff max_cycles: 0xffffffff, max_idle_ns: 19112604462750000 ns
[    2.683580][    T1] futex hash table entries: 512 (order: 4, 65536 bytes, linear)
[    2.689353][    T1] PM: RTC time: 06:13:17, date: 2026-05-22
[    2.694856][    T1] NET: Registered PF_NETLINK/PF_ROUTE protocol family
[    2.700129][    T1] audit: initializing netlink subsys (disabled)
[    2.707840][   T28] audit: type=2000 audit(1779430397.797:1): state=initialized audit_enabled=0 res=1
[    2.710786][    T1] thermal_sys: Registered thermal governor 'step_wise'
[    2.710794][    T1] thermal_sys: Registered thermal governor 'user_space'
[    2.712833][    T1] cpuidle: using governor menu
[    2.712833][    T1] NET: Registered PF_QIPCRTR protocol family
[    2.718697][    T1] dca service started, version 1.12.1
[    2.720478][    T1] PCI: Using configuration type 1 for base access
[    2.757678][    T1] HugeTLB: registered 1.00 GiB page size, pre-allocated 0 pages
[    2.757715][    T1] HugeTLB: 16380 KiB vmemmap can be freed for a 1.00 GiB page
[    2.760534][    T1] HugeTLB: registered 2.00 MiB page size, pre-allocated 0 pages
[    2.764104][    T1] HugeTLB: 28 KiB vmemmap can be freed for a 2.00 MiB page
[    2.776644][    T1] Demotion targets for Node 0: null
[    2.795389][   T13] Callback from call_rcu_tasks() invoked.
[    2.797783][    T1] cryptd: max_cpu_qlen set to 1000
[    2.799956][    T1] raid6: skipped pq benchmark and selected avx2x4
[    2.807622][    T1] raid6: using avx2x2 recovery algorithm
[    2.811425][    T1] ACPI: Added _OSI(Module Device)
[    2.813343][    T1] ACPI: Added _OSI(Processor Device)
[    2.814748][    T1] ACPI: Added _OSI(3.0 _SCP Extensions)
[    2.816223][    T1] ACPI: Added _OSI(Processor Aggregator Device)
[    2.879799][    T1] ACPI: 1 ACPI AML tables successfully acquired and loaded
[    2.928706][    T1] ACPI: _OSC evaluation for CPUs failed, trying _PDC
[    2.936024][    T1] ACPI: Interpreter enabled
[    2.938051][    T1] ACPI: PM: (supports S0 S3 S4 S5)
[    2.941099][    T1] ACPI: Using IOAPIC for interrupt routing
[    2.944973][    T1] PCI: Using host bridge windows from ACPI; if necessary, use "pci=nocrs" and report a bug
[    2.947594][    T1] PCI: Using E820 reservations for host bridge windows
[    2.952528][    T1] ACPI: Enabled 2 GPEs in block 00 to 0F
[    3.092395][    T1] ACPI: PCI Root Bridge [PCI0] (domain 0000 [bus 00-ff])
[    3.098091][    T1] acpi PNP0A03:00: _OSC: OS supports [ASPM ClockPM Segments MSI HPX-Type3]
[    3.101259][    T1] acpi PNP0A03:00: _OSC: not requesting OS control; OS requires [ExtendedConfig ASPM ClockPM MSI]
[    3.105131][    T1] acpi PNP0A03:00: fail to add MMCONFIG information, can't access extended configuration space under this bridge
[    3.110140][    T1] PCI host bridge to bus 0000:00
[    3.112071][    T1] pci_bus 0000:00: root bus resource [io  0x0000-0x0cf7 window]
[    3.114151][    T1] pci_bus 0000:00: root bus resource [io  0x0d00-0xffff window]
[    3.116321][    T1] pci_bus 0000:00: root bus resource [mem 0x000a0000-0x000bffff window]
[    3.117616][    T1] pci_bus 0000:00: root bus resource [mem 0x80000000-0xfebfffff window]
[    3.120683][    T1] pci_bus 0000:00: root bus resource [mem 0x100000000-0x17fffffff window]
[    3.127644][    T1] pci_bus 0000:00: root bus resource [bus 00-ff]
[    3.130318][    T1] pci 0000:00:00.0: [8086:1237] type 00 class 0x060000 conventional PCI endpoint
[    3.202435][    T1] pci 0000:00:01.0: [8086:7000] type 00 class 0x060100 conventional PCI endpoint
[    3.264039][    T1] pci 0000:00:01.1: [8086:7010] type 00 class 0x010180 conventional PCI endpoint
[    3.270228][    T1] pci 0000:00:01.1: BAR 4 [io  0xc000-0xc00f]
[    3.274387][    T1] pci 0000:00:01.1: BAR 0 [io  0x01f0-0x01f7]: legacy IDE quirk
[    3.276483][    T1] pci 0000:00:01.1: BAR 1 [io  0x03f6]: legacy IDE quirk
[    3.277805][    T1] pci 0000:00:01.1: BAR 2 [io  0x0170-0x0177]: legacy IDE quirk
[    3.280086][    T1] pci 0000:00:01.1: BAR 3 [io  0x0376]: legacy IDE quirk
[    3.283492][    T1] pci 0000:00:01.3: [8086:7113] type 00 class 0x068000 conventional PCI endpoint
[    3.288845][    T1] pci 0000:00:01.3: quirk: [io  0x0600-0x063f] claimed by PIIX4 ACPI
[    3.293855][    T1] pci 0000:00:01.3: quirk: [io  0x0700-0x070f] claimed by PIIX4 SMB
[    3.297691][    T1] pci 0000:00:02.0: [1234:1111] type 00 class 0x030000 conventional PCI endpoint
[    3.308995][    T1] pci 0000:00:02.0: BAR 0 [mem 0xfd000000-0xfdffffff pref]
[    3.318621][    T1] pci 0000:00:02.0: BAR 2 [mem 0xfebf0000-0xfebf0fff]
[    3.329084][    T1] pci 0000:00:02.0: ROM [mem 0xfebe0000-0xfebeffff pref]
[    3.333706][    T1] pci 0000:00:02.0: Video device with shadowed ROM at [mem 0x000c0000-0x000dffff]
[    3.399429][    T1] ACPI: PCI: Interrupt link LNKA configured for IRQ 10
[    3.405219][    T1] ACPI: PCI: Interrupt link LNKB configured for IRQ 10
[    3.410679][    T1] ACPI: PCI: Interrupt link LNKC configured for IRQ 11
[    3.420089][    T1] ACPI: PCI: Interrupt link LNKD configured for IRQ 11
[    3.423385][    T1] ACPI: PCI: Interrupt link LNKS configured for IRQ 9
[    3.457741][    T1] iommu: Default domain type: Translated
[    3.459173][    T1] iommu: DMA domain TLB invalidation policy: lazy mode
[    3.467805][    T1] SCSI subsystem initialized
[    3.474168][    T1] ACPI: bus type USB registered
[    3.478299][    T1] usbcore: registered new interface driver usbfs
[    3.478299][    T1] usbcore: registered new interface driver hub
[    3.483569][    T1] usbcore: registered new device driver usb
[    3.489232][    T1] mc: Linux media interface: v0.10
[    3.490857][    T1] videodev: Linux video capture interface: v2.00
[    3.493463][    T1] pps_core: LinuxPPS API ver. 1 registered
[    3.496791][    T1] pps_core: Software ver. 5.3.6 - Copyright 2005-2007 Rodolfo Giometti <giometti@linux.it>
[    3.497752][    T1] PTP clock support registered
[    3.518418][    T1] EDAC MC: Ver: 3.0.0
[    3.542197][    T1] Advanced Linux Sound Architecture Driver Initialized.
[    3.550672][    T1] Bluetooth: Core ver 2.22
[    3.553794][    T1] NET: Registered PF_BLUETOOTH protocol family
[    3.556720][    T1] Bluetooth: HCI device and connection manager initialized
[    3.557741][    T1] Bluetooth: HCI socket layer initialized
[    3.559284][    T1] Bluetooth: L2CAP socket layer initialized
[    3.561172][    T1] Bluetooth: SCO socket layer initialized
[    3.562883][    T1] NET: Registered PF_ATMPVC protocol family
[    3.565219][    T1] NET: Registered PF_ATMSVC protocol family
[    3.567794][    T1] NetLabel: Initializing
[    3.569591][    T1] NetLabel:  domain hash size = 128
[    3.571303][    T1] NetLabel:  protocols = UNLABELED CIPSOv4 CALIPSO
[    3.575411][    T1] NetLabel:  unlabeled traffic allowed by default
[    3.588928][    T1] nfc: nfc_init: NFC Core ver 0.1
[    3.594774][    T1] NET: Registered PF_NFC protocol family
[    3.596912][    T1] PCI: Using ACPI for IRQ routing
[    3.608979][    T1] pci 0000:00:02.0: vgaarb: setting as boot VGA device
[    3.610989][    T1] pci 0000:00:02.0: vgaarb: bridge control possible
[    3.614047][    T1] pci 0000:00:02.0: vgaarb: VGA device added: decodes=io+mem,owns=io+mem,locks=none
[    3.617672][    T1] vgaarb: loaded
[    3.627614][    T1] hpet0: at MMIO 0xfed00000, IRQs 2, 8, 0
[    3.627637][    T1] hpet0: 3 comparators, 64-bit 100.000000 MHz counter
[    3.647588][    T1] clocksource: Switched to clocksource kvm-clock
[    3.656228][    T1] VFS: Disk quotas dquot_6.6.0
[    3.657745][    T1] VFS: Dquot-cache hash table entries: 512 (order 0, 4096 bytes)
[    3.662027][    T1] netfs: FS-Cache loaded
[    3.667544][    T1] CacheFiles: Loaded
[    3.670506][    T1] TOMOYO: 2.6.0
[    3.672476][    T1] Mandatory Access Control activated.
[    3.677117][    T1] AppArmor: AppArmor Filesystem Enabled
[    3.680060][    T1] pnp: PnP ACPI init
[    3.694656][    T1] pnp: PnP ACPI: found 6 devices
[    3.776103][    T1] clocksource: acpi_pm: mask: 0xffffff max_cycles: 0xffffff, max_idle_ns: 2085701024 ns
[    3.785549][    T1] NET: Registered PF_INET protocol family
[    3.802623][    T1] IP idents hash table entries: 32768 (order: 6, 262144 bytes, linear)
[    3.818374][    T1] tcp_listen_portaddr_hash hash table entries: 1024 (order: 4, 73728 bytes, linear)
[    3.824139][    T1] Table-perturb hash table entries: 65536 (order: 6, 262144 bytes, linear)
[    3.827282][    T1] TCP established hash table entries: 16384 (order: 5, 131072 bytes, linear)
[    3.842136][    T1] TCP bind hash table entries: 16384 (order: 9, 2359296 bytes, linear)
[    3.847626][    T1] TCP: Hash tables configured (established 16384 bind 16384)
[    3.851517][    T1] MPTCP token hash table entries: 2048 (order: 5, 180224 bytes, linear)
[    3.854272][    T1] UDP hash table entries: 1024 (order: 5, 163840 bytes, linear)
[    3.858417][    T1] UDP-Lite hash table entries: 1024 (order: 5, 163840 bytes, linear)
[    3.864309][    T1] NET: Registered PF_UNIX/PF_LOCAL protocol family
[    3.880588][    T1] RPC: Registered named UNIX socket transport module.
[    3.885818][    T1] RPC: Registered udp transport module.
[    3.887483][    T1] RPC: Registered tcp transport module.
[    3.889156][    T1] RPC: Registered tcp-with-tls transport module.
[    3.892108][    T1] RPC: Registered tcp NFSv4.1 backchannel transport module.
[    3.898161][    T1] NET: Registered PF_XDP protocol family
[    3.900109][    T1] pci_bus 0000:00: resource 4 [io  0x0000-0x0cf7 window]
[    3.902508][    T1] pci_bus 0000:00: resource 5 [io  0x0d00-0xffff window]
[    3.904595][    T1] pci_bus 0000:00: resource 6 [mem 0x000a0000-0x000bffff window]
[    3.907070][    T1] pci_bus 0000:00: resource 7 [mem 0x80000000-0xfebfffff window]
[    3.913387][    T1] pci_bus 0000:00: resource 8 [mem 0x100000000-0x17fffffff window]
[    3.916785][    T1] pci 0000:00:01.0: PIIX3: Enabling Passive Release
[    3.918913][    T1] pci 0000:00:00.0: Limiting direct PCI/PCI transfers
[    3.921424][    T1] PCI: CLS 0 bytes, default 64
[    3.923599][    T1] ACPI: bus type thunderbolt registered
[    3.932843][   T49] Trying to unpack rootfs image as initramfs...
[    3.941758][    T1] RAPL PMU: API unit is 2^-32 Joules, 0 fixed counters, 10737418240 ms ovfl timer
[    4.003128][    T1] kvm_amd: CPU 1 isn't AMD or Hygon
[    4.015096][    T1] clocksource: tsc: mask: 0xffffffffffffffff max_cycles: 0x2b2c8d6afc8, max_idle_ns: 440795331172 ns
[    4.065862][   T49] Freeing initrd memory: 1336K
[    4.068178][   T61] kworker/u8:1 (61) used greatest stack depth: 28368 bytes left
[    4.070355][   T60] kworker/u8:1 (60) used greatest stack depth: 27664 bytes left
[    5.617876][    T1] Initialise system trusted keyrings
[    5.626170][    T1] workingset: timestamp_bits=40 max_order=19 bucket_order=0
[    5.636200][    T1] DLM installed
[    5.639317][    T1] squashfs: version 4.0 (2009/01/31) Phillip Lougher
[    5.644858][    T1] NFS: Registering the id_resolver key type
[    5.648249][    T1] Key type id_resolver registered
[    5.651322][    T1] Key type id_legacy registered
[    5.655641][    T1] nfs4filelayout_init: NFSv4 File Layout Driver Registering...
[    5.657796][    T1] nfs4flexfilelayout_init: NFSv4 Flexfile Layout Driver Registering...
[    5.668217][    T1] Key type cifs.spnego registered
[    5.670402][    T1] Key type cifs.idmap registered
[    5.672052][    T1] ntfs3: Max link count 4000
[    5.673621][    T1] ntfs3: Enabled Linux POSIX ACLs support
[    5.675279][    T1] ntfs3: Read-only LZX/Xpress compression included
[    5.677316][    T1] efs: 1.0a - http://aeschi.ch.eu.org/efs/
[    5.678819][    T1] jffs2: version 2.2. (NAND) (SUMMARY)  © 2001-2006 Red Hat, Inc.
[    5.684165][    T1] romfs: ROMFS MTD (C) 2007 Red Hat, Inc.
[    5.687683][    T1] QNX4 filesystem 0.2.3 registered.
[    5.689745][    T1] qnx6: QNX6 filesystem 1.0.0 registered.
[    5.692401][    T1] fuse: init (API version 7.40)
[    5.697769][    T1] orangefs_debugfs_init: called with debug mask: :none: :0:
[    5.700186][    T1] orangefs_init: module version upstream loaded
[    5.703728][    T1] JFS: nTxBlock = 8192, nTxLock = 65536
[    5.728050][    T1] SGI XFS with ACLs, security attributes, realtime, quota, no debug enabled
[    5.735041][    T1] 9p: Installing v9fs 9p2000 file system support
[    5.739297][    T1] NILFS version 2 loaded
[    5.741496][    T1] befs: version: 0.9.3
[    5.744085][    T1] ocfs2: Registered cluster interface o2cb
[    5.747789][    T1] ocfs2: Registered cluster interface user
[    5.749996][    T1] OCFS2 User DLM kernel interface loaded
[    5.770038][    T1] gfs2: GFS2 installed
[    5.783772][    T1] ceph: loaded (mds proto 32)
[    5.801196][    T1] NET: Registered PF_ALG protocol family
[    5.802976][    T1] xor: automatically using best checksumming function   avx       
[    5.805733][    T1] async_tx: api initialized (async)
[    5.807288][    T1] Key type asymmetric registered
[    5.809731][    T1] Asymmetric key parser 'x509' registered
[    5.812699][    T1] Asymmetric key parser 'pkcs8' registered
[    5.816937][    T1] Key type pkcs7_test registered
[    5.819850][    T1] Block layer SCSI generic (bsg) driver version 0.4 loaded (major 239)
[    5.826485][    T1] io scheduler mq-deadline registered
[    5.829024][    T1] io scheduler kyber registered
[    5.831781][    T1] io scheduler bfq registered
[    5.844604][    T1] input: Power Button as /devices/LNXSYSTM:00/LNXPWRBN:00/input/input0
[    5.846122][  T136] kworker/u8:3 (136) used greatest stack depth: 27536 bytes left
[    5.853565][    T1] ACPI: button: Power Button [PWRF]
[    5.867797][    T1] ioatdma: Intel(R) QuickData Technology Driver 5.00
[    6.164491][    T1] N_HDLC line discipline registered with maxframe=4096
[    6.166734][    T1] Serial: 8250/16550 driver, 4 ports, IRQ sharing enabled
[    6.170698][    T1] 00:04: ttyS0 at I/O 0x3f8 (irq = 4, base_baud = 115200) is a 16550A
[    6.194076][    T1] Non-volatile memory driver v1.3
[    6.196189][    T1] Linux agpgart interface v0.103
[    6.201697][    T1] ACPI: bus type drm_connector registered
[    6.210649][    T1] [drm] Initialized vgem 1.0.0 20120112 for vgem on minor 0
[    6.222192][    T1] [drm] Initialized vkms 1.0.0 20180514 for vkms on minor 1
[    6.292913][    T1] Console: switching to colour frame buffer device 128x48
[    6.310461][    T1] platform vkms: [drm] fb0: vkmsdrmfb frame buffer device
[    6.312749][    T1] usbcore: registered new interface driver udl
[    6.315326][    T1] bochs-drm 0000:00:02.0: vgaarb: deactivate vga console
[    6.326910][    T1] [drm] Found bochs VGA, ID 0xb0c5.
[    6.328206][    T1] [drm] Framebuffer size 16384 kB @ 0xfd000000, mmio @ 0xfebf0000.
[    6.336437][    T1] [drm] Found EDID data blob.
[    6.340011][    T1] [drm] Initialized bochs-drm 1.0.0 20130925 for 0000:00:02.0 on minor 2
[    6.360212][    T1] fbcon: bochs-drmdrmfb (fb1) is primary device
[    6.360243][    T1] fbcon: Remapping primary device, fb1, to tty 1-63
[    6.903312][    T1] bochs-drm 0000:00:02.0: [drm] fb1: bochs-drmdrmfb frame buffer device
[    6.907093][  T770] kworker/u8:6 (770) used greatest stack depth: 27328 bytes left
[    6.973087][    T1] brd: module loaded
[    7.074288][    T1] loop: module loaded
[    7.179404][    T1] zram: Added device: zram0
[    7.190067][    T1] null_blk: disk nullb0 created
[    7.191913][    T1] null_blk: module loaded
[    7.197545][    T1] Guest personality initialized and is inactive
[    7.200599][    T1] VMCI host device registered (name=vmci, major=10, minor=118)
[    7.202962][    T1] Initialized host personality
[    7.204586][    T1] usbcore: registered new interface driver rtsx_usb
[    7.207214][    T1] usbcore: registered new interface driver viperboard
[    7.210869][    T1] usbcore: registered new interface driver dln2
[    7.214650][    T1] usbcore: registered new interface driver pn533_usb
[    7.224676][    T1] nfcsim 0.2 initialized
[    7.228308][    T1] usbcore: registered new interface driver port100
[    7.234121][    T1] usbcore: registered new interface driver nfcmrvl
[    7.246064][    T1] Loading iSCSI transport class v2.0-870.
[    7.257170][    T1] st: Version 20160209, fixed bufsize 32768, s/g segs 256
[    7.290165][    T1] scsi host0: ata_piix
[    7.296613][    T1] scsi host1: ata_piix
[    7.298839][    T1] ata1: PATA max MWDMA2 cmd 0x1f0 ctl 0x3f6 bmdma 0xc000 irq 14 lpm-pol 0
[    7.302836][    T1] ata2: PATA max MWDMA2 cmd 0x170 ctl 0x376 bmdma 0xc008 irq 15 lpm-pol 0
[    7.318269][    T1] Rounding down aligned max_sectors from 4294967295 to 4294967288
[    7.322507][    T1] db_root: cannot open: /etc/target
[    7.328062][    T1] slram: not enough parameters.
[    7.337564][    T1] ftl_cs: FTL header not found.
[    7.377247][    T1] wireguard: WireGuard 1.0.0 loaded. See www.wireguard.com for information.
[    7.379877][    T1] wireguard: Copyright (C) 2015-2019 Jason A. Donenfeld <Jason@zx2c4.com>. All Rights Reserved.
[    7.383943][    T1] eql: Equalizer2002: Simon Janes (simon@ncm.com) and David S. Miller (davem@redhat.com)
[    7.393923][    T1] MACsec IEEE 802.1AE
[    7.407621][    T1] tun: Universal TUN/TAP device driver, 1.6
[    7.411785][    T1] vcan: Virtual CAN interface driver
[    7.413184][    T1] vxcan: Virtual CAN Tunnel driver
[    7.414563][    T1] slcan: serial line CAN interface driver
[    7.416414][    T1] CAN device driver interface
[    7.418335][    T1] usbcore: registered new interface driver usb_8dev
[    7.421055][    T1] usbcore: registered new interface driver ems_usb
[    7.423976][    T1] usbcore: registered new interface driver gs_usb
[    7.428474][    T1] usbcore: registered new interface driver kvaser_usb
[    7.430690][    T1] usbcore: registered new interface driver mcba_usb
[    7.433018][    T1] usbcore: registered new interface driver peak_usb
[    7.435452][    T1] e100: Intel(R) PRO/100 Network Driver
[    7.437454][    T1] e100: Copyright(c) 1999-2006 Intel Corporation
[    7.439830][    T1] e1000: Intel(R) PRO/1000 Network Driver
[    7.441442][    T1] e1000: Copyright (c) 1999-2006 Intel Corporation.
[    7.443698][    T1] e1000e: Intel(R) PRO/1000 Network Driver
[    7.445791][    T1] e1000e: Copyright(c) 1999 - 2015 Intel Corporation.
[    7.448461][    T1] mkiss: AX.25 Multikiss, Hans Albas PE1AYX
[    7.450164][    T1] AX.25: 6pack driver, Revision: 0.3.0
[    7.452349][    T1] AX.25: bpqether driver version 004
[    7.453914][    T1] PPP generic driver version 2.4.2
[    7.458500][    T1] PPP BSD Compression module registered
[    7.460725][    T1] PPP Deflate Compression module registered
[    7.462224][    T1] PPP MPPE Compression module registered
[    7.463799][    T1] NET: Registered PF_PPPOX protocol family
[    7.466109][    T1] PPTP driver version 0.8.5
[    7.468429][    T1] SLIP: version 0.8.4-NET3.019-NEWTTY (dynamic channels, max=256) (6 bit encapsulation enabled).
[    7.472565][    T1] CSLIP: code copyright 1989 Regents of the University of California.
[    7.476308][  T990] ata2: found unknown device (class 0)
[    7.476749][    T1] SLIP linefill/keepalive option.
[    7.481959][    T1] hdlc: HDLC support module revision 1.22
[    7.482423][  T990] ata2.00: ATAPI: QEMU DVD-ROM, 2.5+, max UDMA/100
[    7.483764][    T1] LAPB Ethernet driver version 0.02
[    7.492812][    T1] usbcore: registered new interface driver ath9k_htc
[    7.499343][   T12] scsi 1:0:0:0: CD-ROM            QEMU     QEMU DVD-ROM     2.5+ PQ: 0 ANSI: 5
[    7.499493][    T1] usbcore: registered new interface driver carl9170
[    7.505303][    T1] usbcore: registered new interface driver ath6kl_usb
[    7.507728][    T1] usbcore: registered new interface driver ar5523
[    7.510972][    T1] usbcore: registered new interface driver ath10k_usb
[    7.513505][    T1] mac80211_hwsim: initializing netlink
[    7.538968][    T1] usbcore: registered new interface driver atusb
[    7.552041][    T1] mac802154_hwsim mac802154_hwsim: Added 2 mac802154 hwsim hardware radios
[    7.556891][    T1] VMware vmxnet3 virtual NIC driver - version 1.7.0.0-k-NAPI
[    7.559800][    T1] usbcore: registered new interface driver catc
[    7.561628][    T1] usbcore: registered new interface driver kaweth
[    7.563436][    T1] pegasus: Pegasus/Pegasus II USB Ethernet driver
[    7.569384][   T12] sr 1:0:0:0: [sr0] scsi3-mmc drive: 4x/4x cd/rw xa/form2 tray
[    7.569735][    T1] usbcore: registered new interface driver pegasus
[    7.571228][   T12] cdrom: Uniform CD-ROM driver Revision: 3.20
[    7.572912][    T1] usbcore: registered new interface driver rtl8150
[    7.577107][    T1] usbcore: registered new device driver r8152-cfgselector
[    7.581949][    T1] usbcore: registered new interface driver r8152
[    7.584679][    T1] usbcore: registered new interface driver hso
[    7.587035][    T1] usbcore: registered new interface driver lan78xx
[    7.589198][    T1] usbcore: registered new interface driver asix
[    7.591507][    T1] usbcore: registered new interface driver ax88179_178a
[    7.594616][    T1] usbcore: registered new interface driver cdc_ether
[    7.596716][    T1] usbcore: registered new interface driver cdc_eem
[    7.598583][    T1] usbcore: registered new interface driver dm9601
[    7.601207][    T1] usbcore: registered new interface driver sr9700
[    7.603659][    T1] usbcore: registered new interface driver CoreChips
[    7.606817][    T1] usbcore: registered new interface driver smsc75xx
[    7.609703][    T1] usbcore: registered new interface driver smsc95xx
[    7.612116][    T1] usbcore: registered new interface driver gl620a
[    7.614497][    T1] usbcore: registered new interface driver net1080
[    7.617041][    T1] usbcore: registered new interface driver plusb
[    7.619064][    T1] usbcore: registered new interface driver rndis_host
[    7.621946][    T1] usbcore: registered new interface driver cdc_subset
[    7.625150][    T1] usbcore: registered new interface driver zaurus
[    7.631539][    T1] usbcore: registered new interface driver MOSCHIP usb-ethernet driver
[    7.634050][    T1] usbcore: registered new interface driver int51x1
[    7.636179][    T1] usbcore: registered new interface driver cdc_phonet
[    7.639551][    T1] usbcore: registered new interface driver kalmia
[    7.643230][    T1] usbcore: registered new interface driver ipheth
[    7.647593][    T1] usbcore: registered new interface driver sierra_net
[    7.649517][    T1] usbcore: registered new interface driver cx82310_eth
[    7.651635][    T1] usbcore: registered new interface driver cdc_ncm
[    7.651797][   T12] sr 1:0:0:0: Attached scsi generic sg0 type 5
[    7.655864][    T1] usbcore: registered new interface driver huawei_cdc_ncm
[    7.655967][    T1] usbcore: registered new interface driver lg-vl600
[    7.667814][    T1] usbcore: registered new interface driver qmi_wwan
[    7.671445][    T1] usbcore: registered new interface driver cdc_mbim
[    7.676426][    T1] usbcore: registered new interface driver ch9200
[    7.678857][    T1] usbcore: registered new interface driver r8153_ecm
[    7.685283][    T1] VFIO - User Level meta-driver version: 0.3
[    7.691331][    T1] aoe: AoE v85 initialised.
[    7.694121][ T1232] aoe: packet could not be sent on lo.  consider increasing tx_queue_len
[    7.699643][ T1232] aoe: packet could not be sent on bond0.  consider increasing tx_queue_len
[    7.705937][ T1232] aoe: packet could not be sent on dummy0.  consider increasing tx_queue_len
[    7.706867][    T1] SPI driver max3421-hcd has no spi_device_id for maxim,max3421
[    7.709944][ T1232] aoe: packet could not be sent on eql.  consider increasing tx_queue_len
[    7.714787][    T1] usbcore: registered new interface driver cdc_acm
[    7.718028][ T1232] aoe: packet could not be sent on ifb0.  consider increasing tx_queue_len
[    7.718048][ T1232] aoe: packet could not be sent on ifb1.  consider increasing tx_queue_len
[    7.718063][ T1232] aoe: packet could not be sent on wlan0.  consider increasing tx_queue_len
[    7.718078][ T1232] aoe: packet could not be sent on wlan1.  consider increasing tx_queue_len
[    7.718092][ T1232] aoe: packet could not be sent on hwsim0.  consider increasing tx_queue_len
[    7.723919][    T1] cdc_acm: USB Abstract Control Model driver for USB modems and ISDN adapters
[    7.728806][ T1232] aoe: packet could not be sent on wpan0.  consider increasing tx_queue_len
[    7.731744][    T1] usbcore: registered new interface driver usblp
[    7.748811][    T1] usbcore: registered new interface driver cdc_wdm
[    7.751164][    T1] usbcore: registered new interface driver usbtmc
[    7.753849][    T1] usbcore: registered new interface driver uas
[    7.756664][    T1] usbcore: registered new interface driver usb-storage
[    7.758835][    T1] usbcore: registered new interface driver ums-alauda
[    7.760980][    T1] usbcore: registered new interface driver ums-cypress
[    7.763133][    T1] usbcore: registered new interface driver ums-datafab
[    7.766616][    T1] usbcore: registered new interface driver ums_eneub6250
[    7.768909][    T1] usbcore: registered new interface driver ums-freecom
[    7.771106][    T1] usbcore: registered new interface driver ums-isd200
[    7.773262][    T1] usbcore: registered new interface driver ums-jumpshot
[    7.780064][    T1] usbcore: registered new interface driver ums-karma
[    7.783015][    T1] usbcore: registered new interface driver ums-onetouch
[    7.786303][    T1] usbcore: registered new interface driver ums-realtek
[    7.788540][    T1] usbcore: registered new interface driver ums-sddr09
[    7.790722][    T1] usbcore: registered new interface driver ums-sddr55
[    7.792866][    T1] usbcore: registered new interface driver ums-usbat
[    7.795143][    T1] usbcore: registered new interface driver mdc800
[    7.797422][    T1] mdc800: v0.7.5 (30/10/2000):USB Driver for Mustek MDC800 Digital Camera
[    7.799961][    T1] usbcore: registered new interface driver microtekX6
[    7.802424][    T1] usbcore: registered new interface driver usbserial_generic
[    7.805477][    T1] usbserial: USB Serial support registered for generic
[    7.807667][    T1] usbcore: registered new interface driver aircable
[    7.809668][    T1] usbserial: USB Serial support registered for aircable
[    7.813193][    T1] usbcore: registered new interface driver ark3116
[    7.817260][    T1] usbserial: USB Serial support registered for ark3116
[    7.819821][    T1] usbcore: registered new interface driver belkin_sa
[    7.821815][    T1] usbserial: USB Serial support registered for Belkin / Peracom / GoHubs USB Serial Adapter
[    7.825043][    T1] usbcore: registered new interface driver ch341
[    7.827199][    T1] usbserial: USB Serial support registered for ch341-uart
[    7.829955][    T1] usbcore: registered new interface driver cp210x
[    7.831815][    T1] usbserial: USB Serial support registered for cp210x
[    7.833971][    T1] usbcore: registered new interface driver cyberjack
[    7.836021][    T1] usbserial: USB Serial support registered for Reiner SCT Cyberjack USB card reader
[    7.838735][    T1] usbcore: registered new interface driver cypress_m8
[    7.841310][    T1] usbserial: USB Serial support registered for DeLorme Earthmate USB
[    7.844351][    T1] usbserial: USB Serial support registered for HID->COM RS232 Adapter
[    7.847456][    T1] usbserial: USB Serial support registered for Nokia CA-42 V2 Adapter
[    7.850073][    T1] usbcore: registered new interface driver usb_debug
[    7.852190][    T1] usbserial: USB Serial support registered for debug
[    7.854221][    T1] usbserial: USB Serial support registered for xhci_dbc
[    7.856555][    T1] usbcore: registered new interface driver digi_acceleport
[    7.859032][    T1] usbserial: USB Serial support registered for Digi 2 port USB adapter
[    7.861557][    T1] usbserial: USB Serial support registered for Digi 4 port USB adapter
[    7.864092][    T1] usbcore: registered new interface driver io_edgeport
[    7.866241][    T1] usbserial: USB Serial support registered for Edgeport 2 port adapter
[    7.868727][    T1] usbserial: USB Serial support registered for Edgeport 4 port adapter
[    7.871168][    T1] usbserial: USB Serial support registered for Edgeport 8 port adapter
[    7.874351][    T1] usbserial: USB Serial support registered for EPiC device
[    7.877454][    T1] usbcore: registered new interface driver io_ti
[    7.879539][    T1] usbserial: USB Serial support registered for Edgeport TI 1 port adapter
[    7.882683][    T1] usbserial: USB Serial support registered for Edgeport TI 2 port adapter
[    7.885752][    T1] usbcore: registered new interface driver empeg
[    7.887734][    T1] usbserial: USB Serial support registered for empeg
[    7.890532][    T1] usbcore: registered new interface driver f81534a_ctrl
[    7.892802][    T1] usbcore: registered new interface driver f81232
[    7.895377][    T1] usbserial: USB Serial support registered for f81232
[    7.897439][    T1] usbserial: USB Serial support registered for f81534a
[    7.899509][    T1] usbcore: registered new interface driver f81534
[    7.901552][    T1] usbserial: USB Serial support registered for Fintek F81532/F81534
[    7.904566][    T1] usbcore: registered new interface driver ftdi_sio
[    7.908542][    T1] usbserial: USB Serial support registered for FTDI USB Serial Device
[    7.911327][    T1] usbcore: registered new interface driver garmin_gps
[    7.913459][    T1] usbserial: USB Serial support registered for Garmin GPS usb/tty
[    7.916001][    T1] usbcore: registered new interface driver ipaq
[    7.918106][    T1] usbserial: USB Serial support registered for PocketPC PDA
[    7.920449][    T1] usbcore: registered new interface driver ipw
[    7.924021][    T1] usbserial: USB Serial support registered for IPWireless converter
[    7.926872][    T1] usbcore: registered new interface driver ir_usb
[    7.928847][    T1] usbserial: USB Serial support registered for IR Dongle
[    7.931022][    T1] usbcore: registered new interface driver iuu_phoenix
[    7.933075][    T1] usbserial: USB Serial support registered for iuu_phoenix
[    7.935587][    T1] usbcore: registered new interface driver keyspan
[    7.938197][    T1] usbserial: USB Serial support registered for Keyspan - (without firmware)
[    7.940954][    T1] usbserial: USB Serial support registered for Keyspan 1 port adapter
[    7.943588][    T1] usbserial: USB Serial support registered for Keyspan 2 port adapter
[    7.946373][    T1] usbserial: USB Serial support registered for Keyspan 4 port adapter
[    7.948964][    T1] usbcore: registered new interface driver keyspan_pda
[    7.951351][    T1] usbserial: USB Serial support registered for Keyspan PDA
[    7.956338][    T1] usbserial: USB Serial support registered for Keyspan PDA - (prerenumeration)
[    7.959246][    T1] usbcore: registered new interface driver kl5kusb105
[    7.961784][    T1] usbserial: USB Serial support registered for KL5KUSB105D / PalmConnect
[    7.964634][    T1] usbcore: registered new interface driver kobil_sct
[    7.966972][    T1] usbserial: USB Serial support registered for KOBIL USB smart card terminal
[    7.970719][    T1] usbcore: registered new interface driver mct_u232
[    7.974716][    T1] usbserial: USB Serial support registered for MCT U232
[    7.977674][    T1] usbcore: registered new interface driver metro_usb
[    7.979666][    T1] usbserial: USB Serial support registered for Metrologic USB to Serial
[    7.982249][    T1] usbcore: registered new interface driver mos7720
[    7.984277][    T1] usbserial: USB Serial support registered for Moschip 2 port adapter
[    7.987137][    T1] usbcore: registered new interface driver mos7840
[    7.989668][    T1] usbserial: USB Serial support registered for Moschip 7840/7820 USB Serial Driver
[    7.992570][    T1] usbcore: registered new interface driver mxuport
[    7.994513][    T1] usbserial: USB Serial support registered for MOXA UPort
[    7.996756][    T1] usbcore: registered new interface driver navman
[    7.998904][    T1] usbserial: USB Serial support registered for navman
[    8.001014][    T1] usbcore: registered new interface driver omninet
[    8.003133][    T1] usbserial: USB Serial support registered for ZyXEL - omni.net usb
[    8.006044][    T1] usbcore: registered new interface driver opticon
[    8.008565][    T1] usbserial: USB Serial support registered for opticon
[    8.010879][    T1] usbcore: registered new interface driver option
[    8.012764][    T1] usbserial: USB Serial support registered for GSM modem (1-port)
[    8.015280][    T1] usbcore: registered new interface driver oti6858
[    8.017201][    T1] usbserial: USB Serial support registered for oti6858
[    8.019279][    T1] usbcore: registered new interface driver pl2303
[    8.021144][    T1] usbserial: USB Serial support registered for pl2303
[    8.023209][    T1] usbcore: registered new interface driver qcaux
[    8.025122][    T1] usbserial: USB Serial support registered for qcaux
[    8.027415][    T1] usbcore: registered new interface driver qcserial
[    8.029752][    T1] usbserial: USB Serial support registered for Qualcomm USB modem
[    8.032371][    T1] usbcore: registered new interface driver quatech2
[    8.035966][    T1] usbserial: USB Serial support registered for Quatech 2nd gen USB to Serial Driver
[    8.038961][    T1] usbcore: registered new interface driver safe_serial
[    8.041035][    T1] usbserial: USB Serial support registered for safe_serial
[    8.043753][    T1] usbcore: registered new interface driver sierra
[    8.048054][    T1] usbserial: USB Serial support registered for Sierra USB modem
[    8.051516][    T1] usbcore: registered new interface driver usb_serial_simple
[    8.054270][    T1] usbserial: USB Serial support registered for carelink
[    8.057223][    T1] usbserial: USB Serial support registered for flashloader
[    8.059849][    T1] usbserial: USB Serial support registered for funsoft
[    8.066155][    T1] usbserial: USB Serial support registered for google
[    8.068654][    T1] usbserial: USB Serial support registered for hp4x
[    8.070629][    T1] usbserial: USB Serial support registered for kaufmann
[    8.072689][    T1] usbserial: USB Serial support registered for libtransistor
[    8.074827][    T1] usbserial: USB Serial support registered for moto_modem
[    8.077777][    T1] usbserial: USB Serial support registered for motorola_tetra
[    8.080634][    T1] usbserial: USB Serial support registered for nokia
[    8.083579][    T1] usbserial: USB Serial support registered for novatel_gps
[    8.085975][    T1] usbserial: USB Serial support registered for siemens_mpi
[    8.088725][    T1] usbserial: USB Serial support registered for suunto
[    8.091168][    T1] usbserial: USB Serial support registered for vivopay
[    8.093322][    T1] usbserial: USB Serial support registered for zio
[    8.095455][    T1] usbcore: registered new interface driver spcp8x5
[    8.097427][    T1] usbserial: USB Serial support registered for SPCP8x5
[    8.099489][    T1] usbcore: registered new interface driver ssu100
[    8.101417][    T1] usbserial: USB Serial support registered for Quatech SSU-100 USB to Serial Driver
[    8.105031][    T1] usbcore: registered new interface driver symbolserial
[    8.107606][    T1] usbserial: USB Serial support registered for symbol
[    8.109761][    T1] usbcore: registered new interface driver ti_usb_3410_5052
[    8.111996][    T1] usbserial: USB Serial support registered for TI USB 3410 1 port adapter
[    8.114473][    T1] usbserial: USB Serial support registered for TI USB 5052 2 port adapter
[    8.117041][    T1] usbcore: registered new interface driver upd78f0730
[    8.119016][    T1] usbserial: USB Serial support registered for upd78f0730
[    8.121235][    T1] usbcore: registered new interface driver visor
[    8.124634][    T1] usbserial: USB Serial support registered for Handspring Visor / Palm OS
[    8.128475][    T1] usbserial: USB Serial support registered for Sony Clie 5.0
[    8.131132][    T1] usbserial: USB Serial support registered for Sony Clie 3.5
[    8.134084][    T1] usbcore: registered new interface driver wishbone_serial
[    8.139300][    T1] usbserial: USB Serial support registered for wishbone_serial
[    8.145738][    T1] usbcore: registered new interface driver whiteheat
[    8.149614][    T1] usbserial: USB Serial support registered for Connect Tech - WhiteHEAT - (prerenumeration)
[    8.153017][    T1] usbserial: USB Serial support registered for Connect Tech - WhiteHEAT
[    8.156394][    T1] usbcore: registered new interface driver xr_serial
[    8.158825][    T1] usbserial: USB Serial support registered for xr_serial
[    8.161352][    T1] usbcore: registered new interface driver xsens_mt
[    8.163315][    T1] usbserial: USB Serial support registered for xsens_mt
[    8.165594][    T1] usbcore: registered new interface driver adutux
[    8.168070][    T1] usbcore: registered new interface driver appledisplay
[    8.170196][    T1] usbcore: registered new interface driver cypress_cy7c63
[    8.172669][    T1] usbcore: registered new interface driver cytherm
[    8.175049][    T1] usbcore: registered new interface driver emi26 - firmware loader
[    8.178302][    T1] usbcore: registered new interface driver emi62 - firmware loader
[    8.182193][    T1] usbcore: registered new interface driver idmouse
[    8.184262][    T1] usbcore: registered new interface driver iowarrior
[    8.186520][    T1] usbcore: registered new interface driver isight_firmware
[    8.188619][    T1] usbcore: registered new interface driver usblcd
[    8.190556][    T1] usbcore: registered new interface driver ldusb
[    8.192422][    T1] usbcore: registered new interface driver legousbtower
[    8.198211][    T1] usbcore: registered new interface driver usbtest
[    8.201844][    T1] usbcore: registered new interface driver usb_ehset_test
[    8.204025][    T1] usbcore: registered new interface driver trancevibrator
[    8.207323][    T1] usbcore: registered new interface driver uss720
[    8.209099][    T1] uss720: USB Parport Cable driver for Cables using the Lucent Technologies USS720 Chip
[    8.211907][    T1] uss720: NOTE: this is a special purpose driver to allow nonstandard
[    8.214512][    T1] uss720: protocols (eg. bitbang) over USS720 usb to parallel cables
[    8.217981][    T1] uss720: If you just want to connect to a printer, use usblp instead
[    8.221743][    T1] usbcore: registered new interface driver usbsevseg
[    8.224243][    T1] usbcore: registered new interface driver yurex
[    8.226933][    T1] usbcore: registered new interface driver chaoskey
[    8.229011][    T1] usbcore: registered new interface driver sisusb
[    8.231005][    T1] usbcore: registered new interface driver lvs
[    8.232853][    T1] usbcore: registered new interface driver cxacru
[    8.236697][    T1] usbcore: registered new interface driver speedtch
[    8.240993][    T1] usbcore: registered new interface driver ueagle-atm
[    8.243457][    T1] xusbatm: malformed module parameters
[    8.247210][    T1] dummy_hcd dummy_hcd.0: USB Host+Gadget Emulator, driver 02 May 2005
[    8.249838][    T1] dummy_hcd dummy_hcd.0: Dummy host controller
[    8.255165][    T1] dummy_hcd dummy_hcd.0: new USB bus registered, assigned bus number 1
[    8.259660][    T1] usb usb1: New USB device found, idVendor=1d6b, idProduct=0002, bcdDevice= 6.09
[    8.262634][    T1] usb usb1: New USB device strings: Mfr=3, Product=2, SerialNumber=1
[    8.264885][    T1] usb usb1: Product: Dummy host controller
[    8.266532][    T1] usb usb1: Manufacturer: Linux 6.9.0-rc6-g0106679839f7 dummy_hcd
[    8.268785][    T1] usb usb1: SerialNumber: dummy_hcd.0
[    8.273916][    T1] hub 1-0:1.0: USB hub found
[    8.276505][    T1] hub 1-0:1.0: 1 port detected
[    8.287408][    T1] gadgetfs: USB Gadget filesystem, version 24 Aug 2004
[    8.292509][    T1] vhci_hcd vhci_hcd.0: USB/IP Virtual Host Controller
[    8.298354][    T1] vhci_hcd vhci_hcd.0: new USB bus registered, assigned bus number 2
[    8.301744][    T1] vhci_hcd: created sysfs vhci_hcd.0
[    8.304400][    T1] usb usb2: New USB device found, idVendor=1d6b, idProduct=0002, bcdDevice= 6.09
[    8.306960][    T1] usb usb2: New USB device strings: Mfr=3, Product=2, SerialNumber=1
[    8.309199][    T1] usb usb2: Product: USB/IP Virtual Host Controller
[    8.311860][    T1] usb usb2: Manufacturer: Linux 6.9.0-rc6-g0106679839f7 vhci_hcd
[    8.314153][    T1] usb usb2: SerialNumber: vhci_hcd.0
[    8.318172][    T1] hub 2-0:1.0: USB hub found
[    8.319965][    T1] hub 2-0:1.0: 8 ports detected
[    8.328049][    T1] vhci_hcd vhci_hcd.0: USB/IP Virtual Host Controller
[    8.330966][    T1] vhci_hcd vhci_hcd.0: new USB bus registered, assigned bus number 3
[    8.333710][    T1] usb usb3: We don't know the algorithms for LPM for this host, disabling LPM.
[    8.339666][    T1] usb usb3: New USB device found, idVendor=1d6b, idProduct=0003, bcdDevice= 6.09
[    8.342212][    T1] usb usb3: New USB device strings: Mfr=3, Product=2, SerialNumber=1
[    8.345783][    T1] usb usb3: Product: USB/IP Virtual Host Controller
[    8.347532][    T1] usb usb3: Manufacturer: Linux 6.9.0-rc6-g0106679839f7 vhci_hcd
[    8.349669][    T1] usb usb3: SerialNumber: vhci_hcd.0
[    8.354325][    T1] hub 3-0:1.0: USB hub found
[    8.355894][    T1] hub 3-0:1.0: 8 ports detected
[    8.365756][    T1] vhci_hcd vhci_hcd.1: USB/IP Virtual Host Controller
[    8.368523][    T1] vhci_hcd vhci_hcd.1: new USB bus registered, assigned bus number 4
[    8.371801][    T1] usb usb4: New USB device found, idVendor=1d6b, idProduct=0002, bcdDevice= 6.09
[    8.374638][    T1] usb usb4: New USB device strings: Mfr=3, Product=2, SerialNumber=1
[    8.377057][    T1] usb usb4: Product: USB/IP Virtual Host Controller
[    8.378824][    T1] usb usb4: Manufacturer: Linux 6.9.0-rc6-g0106679839f7 vhci_hcd
[    8.380898][    T1] usb usb4: SerialNumber: vhci_hcd.1
[    8.384741][    T1] hub 4-0:1.0: USB hub found
[    8.386529][    T1] hub 4-0:1.0: 8 ports detected
[    8.394702][    T1] vhci_hcd vhci_hcd.1: USB/IP Virtual Host Controller
[    8.397511][    T1] vhci_hcd vhci_hcd.1: new USB bus registered, assigned bus number 5
[    8.400158][    T1] usb usb5: We don't know the algorithms for LPM for this host, disabling LPM.
[    8.406231][    T1] usb usb5: New USB device found, idVendor=1d6b, idProduct=0003, bcdDevice= 6.09
[    8.410596][    T1] usb usb5: New USB device strings: Mfr=3, Product=2, SerialNumber=1
[    8.412821][    T1] usb usb5: Product: USB/IP Virtual Host Controller
[    8.415048][    T1] usb usb5: Manufacturer: Linux 6.9.0-rc6-g0106679839f7 vhci_hcd
[    8.417241][    T1] usb usb5: SerialNumber: vhci_hcd.1
[    8.422800][    T1] hub 5-0:1.0: USB hub found
[    8.424595][    T1] hub 5-0:1.0: 8 ports detected
[    8.435740][    T1] vhci_hcd vhci_hcd.2: USB/IP Virtual Host Controller
[    8.440356][    T1] vhci_hcd vhci_hcd.2: new USB bus registered, assigned bus number 6
[    8.443584][    T1] usb usb6: New USB device found, idVendor=1d6b, idProduct=0002, bcdDevice= 6.09
[    8.446186][    T1] usb usb6: New USB device strings: Mfr=3, Product=2, SerialNumber=1
[    8.449807][    T1] usb usb6: Product: USB/IP Virtual Host Controller
[    8.451670][    T1] usb usb6: Manufacturer: Linux 6.9.0-rc6-g0106679839f7 vhci_hcd
[    8.453795][    T1] usb usb6: SerialNumber: vhci_hcd.2
[    8.459192][    T1] hub 6-0:1.0: USB hub found
[    8.461782][    T1] hub 6-0:1.0: 8 ports detected
[    8.472102][    T1] vhci_hcd vhci_hcd.2: USB/IP Virtual Host Controller
[    8.475572][    T1] vhci_hcd vhci_hcd.2: new USB bus registered, assigned bus number 7
[    8.478412][    T1] usb usb7: We don't know the algorithms for LPM for this host, disabling LPM.
[    8.481711][    T1] usb usb7: New USB device found, idVendor=1d6b, idProduct=0003, bcdDevice= 6.09
[    8.485332][    T1] usb usb7: New USB device strings: Mfr=3, Product=2, SerialNumber=1
[    8.487580][    T1] usb usb7: Product: USB/IP Virtual Host Controller
[    8.489648][    T1] usb usb7: Manufacturer: Linux 6.9.0-rc6-g0106679839f7 vhci_hcd
[    8.492791][    T1] usb usb7: SerialNumber: vhci_hcd.2
[    8.499347][    T1] hub 7-0:1.0: USB hub found
[    8.500857][    T1] hub 7-0:1.0: 8 ports detected
[    8.511177][    T1] vhci_hcd vhci_hcd.3: USB/IP Virtual Host Controller
[    8.514547][    T1] vhci_hcd vhci_hcd.3: new USB bus registered, assigned bus number 8
[    8.518878][    T1] usb usb8: New USB device found, idVendor=1d6b, idProduct=0002, bcdDevice= 6.09
[    8.521507][    T1] usb usb8: New USB device strings: Mfr=3, Product=2, SerialNumber=1
[    8.524180][    T1] usb usb8: Product: USB/IP Virtual Host Controller
[    8.529322][    T1] usb usb8: Manufacturer: Linux 6.9.0-rc6-g0106679839f7 vhci_hcd
[    8.531556][    T1] usb usb8: SerialNumber: vhci_hcd.3
[    8.537865][    T1] hub 8-0:1.0: USB hub found
[    8.539453][    T1] hub 8-0:1.0: 8 ports detected
[    8.547623][    T1] vhci_hcd vhci_hcd.3: USB/IP Virtual Host Controller
[    8.551021][    T1] vhci_hcd vhci_hcd.3: new USB bus registered, assigned bus number 9
[    8.554928][    T1] usb usb9: We don't know the algorithms for LPM for this host, disabling LPM.
[    8.558566][    T1] usb usb9: New USB device found, idVendor=1d6b, idProduct=0003, bcdDevice= 6.09
[    8.561297][    T1] usb usb9: New USB device strings: Mfr=3, Product=2, SerialNumber=1
[    8.563690][    T1] usb usb9: Product: USB/IP Virtual Host Controller
[    8.565963][    T1] usb usb9: Manufacturer: Linux 6.9.0-rc6-g0106679839f7 vhci_hcd
[    8.570687][    T1] usb usb9: SerialNumber: vhci_hcd.3
[    8.580173][    T1] hub 9-0:1.0: USB hub found
[    8.581860][    T1] hub 9-0:1.0: 8 ports detected
[    8.594657][    T1] vhci_hcd vhci_hcd.4: USB/IP Virtual Host Controller
[    8.597930][    T1] vhci_hcd vhci_hcd.4: new USB bus registered, assigned bus number 10
[    8.601054][    T1] usb usb10: New USB device found, idVendor=1d6b, idProduct=0002, bcdDevice= 6.09
[    8.605531][    T1] usb usb10: New USB device strings: Mfr=3, Product=2, SerialNumber=1
[    8.608305][    T1] usb usb10: Product: USB/IP Virtual Host Controller
[    8.611867][    T1] usb usb10: Manufacturer: Linux 6.9.0-rc6-g0106679839f7 vhci_hcd
[    8.615037][    T1] usb usb10: SerialNumber: vhci_hcd.4
[    8.621767][    T1] hub 10-0:1.0: USB hub found
[    8.624026][    T1] hub 10-0:1.0: 8 ports detected
[    8.632962][    T1] vhci_hcd vhci_hcd.4: USB/IP Virtual Host Controller
[    8.636648][    T1] vhci_hcd vhci_hcd.4: new USB bus registered, assigned bus number 11
[    8.639383][    T1] usb usb11: We don't know the algorithms for LPM for this host, disabling LPM.
[    8.642640][    T1] usb usb11: New USB device found, idVendor=1d6b, idProduct=0003, bcdDevice= 6.09
[    8.645549][    T1] usb usb11: New USB device strings: Mfr=3, Product=2, SerialNumber=1
[    8.648086][    T1] usb usb11: Product: USB/IP Virtual Host Controller
[    8.651429][    T1] usb usb11: Manufacturer: Linux 6.9.0-rc6-g0106679839f7 vhci_hcd
[    8.653717][    T1] usb usb11: SerialNumber: vhci_hcd.4
[    8.659411][    T1] hub 11-0:1.0: USB hub found
[    8.661729][    T1] hub 11-0:1.0: 8 ports detected
[    8.676713][    T1] vhci_hcd vhci_hcd.5: USB/IP Virtual Host Controller
[    8.680036][    T1] vhci_hcd vhci_hcd.5: new USB bus registered, assigned bus number 12
[    8.687081][    T1] usb usb12: New USB device found, idVendor=1d6b, idProduct=0002, bcdDevice= 6.09
[    8.690183][    T1] usb usb12: New USB device strings: Mfr=3, Product=2, SerialNumber=1
[    8.694132][    T1] usb usb12: Product: USB/IP Virtual Host Controller
[    8.696188][    T1] usb usb12: Manufacturer: Linux 6.9.0-rc6-g0106679839f7 vhci_hcd
[    8.698315][    T1] usb usb12: SerialNumber: vhci_hcd.5
[    8.703819][    T1] hub 12-0:1.0: USB hub found
[    8.706653][    T1] hub 12-0:1.0: 8 ports detected
[    8.716482][    T1] vhci_hcd vhci_hcd.5: USB/IP Virtual Host Controller
[    8.719644][    T1] vhci_hcd vhci_hcd.5: new USB bus registered, assigned bus number 13
[    8.728144][    T1] usb usb13: We don't know the algorithms for LPM for this host, disabling LPM.
[    8.734683][    T1] usb usb13: New USB device found, idVendor=1d6b, idProduct=0003, bcdDevice= 6.09
[    8.737433][    T1] usb usb13: New USB device strings: Mfr=3, Product=2, SerialNumber=1
[    8.739715][    T1] usb usb13: Product: USB/IP Virtual Host Controller
[    8.741555][    T1] usb usb13: Manufacturer: Linux 6.9.0-rc6-g0106679839f7 vhci_hcd
[    8.743806][    T1] usb usb13: SerialNumber: vhci_hcd.5
[    8.749440][    T1] hub 13-0:1.0: USB hub found
[    8.750930][    T1] hub 13-0:1.0: 8 ports detected
[    8.760322][    T1] vhci_hcd vhci_hcd.6: USB/IP Virtual Host Controller
[    8.764145][    T1] vhci_hcd vhci_hcd.6: new USB bus registered, assigned bus number 14
[    8.767763][    T1] usb usb14: New USB device found, idVendor=1d6b, idProduct=0002, bcdDevice= 6.09
[    8.770454][    T1] usb usb14: New USB device strings: Mfr=3, Product=2, SerialNumber=1
[    8.772798][    T1] usb usb14: Product: USB/IP Virtual Host Controller
[    8.774747][    T1] usb usb14: Manufacturer: Linux 6.9.0-rc6-g0106679839f7 vhci_hcd
[    8.777148][    T1] usb usb14: SerialNumber: vhci_hcd.6
[    8.782915][    T1] hub 14-0:1.0: USB hub found
[    8.784446][    T1] hub 14-0:1.0: 8 ports detected
[    8.796101][    T1] vhci_hcd vhci_hcd.6: USB/IP Virtual Host Controller
[    8.799696][    T1] vhci_hcd vhci_hcd.6: new USB bus registered, assigned bus number 15
[    8.803939][    T1] usb usb15: We don't know the algorithms for LPM for this host, disabling LPM.
[    8.807548][    T1] usb usb15: New USB device found, idVendor=1d6b, idProduct=0003, bcdDevice= 6.09
[    8.811450][    T1] usb usb15: New USB device strings: Mfr=3, Product=2, SerialNumber=1
[    8.814575][    T1] usb usb15: Product: USB/IP Virtual Host Controller
[    8.818082][    T1] usb usb15: Manufacturer: Linux 6.9.0-rc6-g0106679839f7 vhci_hcd
[    8.821836][    T1] usb usb15: SerialNumber: vhci_hcd.6
[    8.827255][    T1] hub 15-0:1.0: USB hub found
[    8.828780][    T1] hub 15-0:1.0: 8 ports detected
[    8.839461][    T1] vhci_hcd vhci_hcd.7: USB/IP Virtual Host Controller
[    8.843677][    T1] vhci_hcd vhci_hcd.7: new USB bus registered, assigned bus number 16
[    8.846801][    T1] usb usb16: New USB device found, idVendor=1d6b, idProduct=0002, bcdDevice= 6.09
[    8.849335][    T1] usb usb16: New USB device strings: Mfr=3, Product=2, SerialNumber=1
[    8.851611][    T1] usb usb16: Product: USB/IP Virtual Host Controller
[    8.853775][    T1] usb usb16: Manufacturer: Linux 6.9.0-rc6-g0106679839f7 vhci_hcd
[    8.858365][    T1] usb usb16: SerialNumber: vhci_hcd.7
[    8.866262][    T1] hub 16-0:1.0: USB hub found
[    8.867985][    T1] hub 16-0:1.0: 8 ports detected
[    8.876326][    T1] vhci_hcd vhci_hcd.7: USB/IP Virtual Host Controller
[    8.879794][    T1] vhci_hcd vhci_hcd.7: new USB bus registered, assigned bus number 17
[    8.882481][    T1] usb usb17: We don't know the algorithms for LPM for this host, disabling LPM.
[    8.886439][    T1] usb usb17: New USB device found, idVendor=1d6b, idProduct=0003, bcdDevice= 6.09
[    8.890020][    T1] usb usb17: New USB device strings: Mfr=3, Product=2, SerialNumber=1
[    8.892795][    T1] usb usb17: Product: USB/IP Virtual Host Controller
[    8.896515][    T1] usb usb17: Manufacturer: Linux 6.9.0-rc6-g0106679839f7 vhci_hcd
[    8.898999][    T1] usb usb17: SerialNumber: vhci_hcd.7
[    8.905219][    T1] hub 17-0:1.0: USB hub found
[    8.907813][    T1] hub 17-0:1.0: 8 ports detected
[    8.919047][    T1] vhci_hcd vhci_hcd.8: USB/IP Virtual Host Controller
[    8.922783][    T1] vhci_hcd vhci_hcd.8: new USB bus registered, assigned bus number 18
[    8.926071][    T1] usb usb18: New USB device found, idVendor=1d6b, idProduct=0002, bcdDevice= 6.09
[    8.928769][    T1] usb usb18: New USB device strings: Mfr=3, Product=2, SerialNumber=1
[    8.931087][    T1] usb usb18: Product: USB/IP Virtual Host Controller
[    8.934408][    T1] usb usb18: Manufacturer: Linux 6.9.0-rc6-g0106679839f7 vhci_hcd
[    8.936700][    T1] usb usb18: SerialNumber: vhci_hcd.8
[    8.940632][    T1] hub 18-0:1.0: USB hub found
[    8.942187][    T1] hub 18-0:1.0: 8 ports detected
[    8.950857][    T1] vhci_hcd vhci_hcd.8: USB/IP Virtual Host Controller
[    8.954803][    T1] vhci_hcd vhci_hcd.8: new USB bus registered, assigned bus number 19
[    8.957617][    T1] usb usb19: We don't know the algorithms for LPM for this host, disabling LPM.
[    8.960918][    T1] usb usb19: New USB device found, idVendor=1d6b, idProduct=0003, bcdDevice= 6.09
[    8.964138][    T1] usb usb19: New USB device strings: Mfr=3, Product=2, SerialNumber=1
[    8.966756][    T1] usb usb19: Product: USB/IP Virtual Host Controller
[    8.969014][    T1] usb usb19: Manufacturer: Linux 6.9.0-rc6-g0106679839f7 vhci_hcd
[    8.972488][    T1] usb usb19: SerialNumber: vhci_hcd.8
[    8.980790][    T1] hub 19-0:1.0: USB hub found
[    8.985184][    T1] hub 19-0:1.0: 8 ports detected
[    8.997522][    T1] vhci_hcd vhci_hcd.9: USB/IP Virtual Host Controller
[    9.001919][    T1] vhci_hcd vhci_hcd.9: new USB bus registered, assigned bus number 20
[    9.005373][    T1] usb usb20: New USB device found, idVendor=1d6b, idProduct=0002, bcdDevice= 6.09
[    9.008140][    T1] usb usb20: New USB device strings: Mfr=3, Product=2, SerialNumber=1
[    9.010465][    T1] usb usb20: Product: USB/IP Virtual Host Controller
[    9.012344][    T1] usb usb20: Manufacturer: Linux 6.9.0-rc6-g0106679839f7 vhci_hcd
[    9.014588][    T1] usb usb20: SerialNumber: vhci_hcd.9
[    9.021854][    T1] hub 20-0:1.0: USB hub found
[    9.023464][    T1] hub 20-0:1.0: 8 ports detected
[    9.032651][    T1] vhci_hcd vhci_hcd.9: USB/IP Virtual Host Controller
[    9.036303][    T1] vhci_hcd vhci_hcd.9: new USB bus registered, assigned bus number 21
[    9.039109][    T1] usb usb21: We don't know the algorithms for LPM for this host, disabling LPM.
[    9.042300][    T1] usb usb21: New USB device found, idVendor=1d6b, idProduct=0003, bcdDevice= 6.09
[    9.045442][    T1] usb usb21: New USB device strings: Mfr=3, Product=2, SerialNumber=1
[    9.047859][    T1] usb usb21: Product: USB/IP Virtual Host Controller
[    9.049735][    T1] usb usb21: Manufacturer: Linux 6.9.0-rc6-g0106679839f7 vhci_hcd
[    9.052585][    T1] usb usb21: SerialNumber: vhci_hcd.9
[    9.058140][    T1] hub 21-0:1.0: USB hub found
[    9.060981][    T1] hub 21-0:1.0: 8 ports detected
[    9.071251][    T1] vhci_hcd vhci_hcd.10: USB/IP Virtual Host Controller
[    9.074392][    T1] vhci_hcd vhci_hcd.10: new USB bus registered, assigned bus number 22
[    9.081621][    T1] usb usb22: New USB device found, idVendor=1d6b, idProduct=0002, bcdDevice= 6.09
[    9.084238][    T1] usb usb22: New USB device strings: Mfr=3, Product=2, SerialNumber=1
[    9.086682][    T1] usb usb22: Product: USB/IP Virtual Host Controller
[    9.088535][    T1] usb usb22: Manufacturer: Linux 6.9.0-rc6-g0106679839f7 vhci_hcd
[    9.090664][    T1] usb usb22: SerialNumber: vhci_hcd.10
[    9.095597][    T1] hub 22-0:1.0: USB hub found
[    9.097137][    T1] hub 22-0:1.0: 8 ports detected
[    9.105810][    T1] vhci_hcd vhci_hcd.10: USB/IP Virtual Host Controller
[    9.108852][    T1] vhci_hcd vhci_hcd.10: new USB bus registered, assigned bus number 23
[    9.111491][    T1] usb usb23: We don't know the algorithms for LPM for this host, disabling LPM.
[    9.115371][    T1] usb usb23: New USB device found, idVendor=1d6b, idProduct=0003, bcdDevice= 6.09
[    9.119042][    T1] usb usb23: New USB device strings: Mfr=3, Product=2, SerialNumber=1
[    9.121770][    T1] usb usb23: Product: USB/IP Virtual Host Controller
[    9.123608][    T1] usb usb23: Manufacturer: Linux 6.9.0-rc6-g0106679839f7 vhci_hcd
[    9.126404][    T1] usb usb23: SerialNumber: vhci_hcd.10
[    9.130187][    T1] hub 23-0:1.0: USB hub found
[    9.131713][    T1] hub 23-0:1.0: 8 ports detected
[    9.142014][    T1] vhci_hcd vhci_hcd.11: USB/IP Virtual Host Controller
[    9.144835][    T1] vhci_hcd vhci_hcd.11: new USB bus registered, assigned bus number 24
[    9.148659][    T1] usb usb24: New USB device found, idVendor=1d6b, idProduct=0002, bcdDevice= 6.09
[    9.151794][    T1] usb usb24: New USB device strings: Mfr=3, Product=2, SerialNumber=1
[    9.154253][    T1] usb usb24: Product: USB/IP Virtual Host Controller
[    9.156198][    T1] usb usb24: Manufacturer: Linux 6.9.0-rc6-g0106679839f7 vhci_hcd
[    9.158298][    T1] usb usb24: SerialNumber: vhci_hcd.11
[    9.166281][    T1] hub 24-0:1.0: USB hub found
[    9.170138][    T1] hub 24-0:1.0: 8 ports detected
[    9.182026][    T1] vhci_hcd vhci_hcd.11: USB/IP Virtual Host Controller
[    9.186016][    T1] vhci_hcd vhci_hcd.11: new USB bus registered, assigned bus number 25
[    9.189829][    T1] usb usb25: We don't know the algorithms for LPM for this host, disabling LPM.
[    9.194424][    T1] usb usb25: New USB device found, idVendor=1d6b, idProduct=0003, bcdDevice= 6.09
[    9.196882][    T1] usb usb25: New USB device strings: Mfr=3, Product=2, SerialNumber=1
[    9.199156][    T1] usb usb25: Product: USB/IP Virtual Host Controller
[    9.201017][    T1] usb usb25: Manufacturer: Linux 6.9.0-rc6-g0106679839f7 vhci_hcd
[    9.204123][    T1] usb usb25: SerialNumber: vhci_hcd.11
[    9.210846][    T1] hub 25-0:1.0: USB hub found
[    9.212778][    T1] hub 25-0:1.0: 8 ports detected
[    9.224103][    T1] vhci_hcd vhci_hcd.12: USB/IP Virtual Host Controller
[    9.229119][    T1] vhci_hcd vhci_hcd.12: new USB bus registered, assigned bus number 26
[    9.233717][    T1] usb usb26: New USB device found, idVendor=1d6b, idProduct=0002, bcdDevice= 6.09
[    9.236501][    T1] usb usb26: New USB device strings: Mfr=3, Product=2, SerialNumber=1
[    9.238752][    T1] usb usb26: Product: USB/IP Virtual Host Controller
[    9.240727][    T1] usb usb26: Manufacturer: Linux 6.9.0-rc6-g0106679839f7 vhci_hcd
[    9.242883][    T1] usb usb26: SerialNumber: vhci_hcd.12
[    9.248201][    T1] hub 26-0:1.0: USB hub found
[    9.251747][    T1] hub 26-0:1.0: 8 ports detected
[    9.263320][    T1] vhci_hcd vhci_hcd.12: USB/IP Virtual Host Controller
[    9.268215][    T1] vhci_hcd vhci_hcd.12: new USB bus registered, assigned bus number 27
[    9.272121][    T1] usb usb27: We don't know the algorithms for LPM for this host, disabling LPM.
[    9.275546][    T1] usb usb27: New USB device found, idVendor=1d6b, idProduct=0003, bcdDevice= 6.09
[    9.278291][    T1] usb usb27: New USB device strings: Mfr=3, Product=2, SerialNumber=1
[    9.280602][    T1] usb usb27: Product: USB/IP Virtual Host Controller
[    9.282933][    T1] usb usb27: Manufacturer: Linux 6.9.0-rc6-g0106679839f7 vhci_hcd
[    9.285596][    T1] usb usb27: SerialNumber: vhci_hcd.12
[    9.290185][    T1] hub 27-0:1.0: USB hub found
[    9.292728][    T1] hub 27-0:1.0: 8 ports detected
[    9.316829][    T1] vhci_hcd vhci_hcd.13: USB/IP Virtual Host Controller
[    9.322104][    T1] vhci_hcd vhci_hcd.13: new USB bus registered, assigned bus number 28
[    9.330019][    T1] usb usb28: New USB device found, idVendor=1d6b, idProduct=0002, bcdDevice= 6.09
[    9.332780][    T1] usb usb28: New USB device strings: Mfr=3, Product=2, SerialNumber=1
[    9.335586][    T1] usb usb28: Product: USB/IP Virtual Host Controller
[    9.337687][    T1] usb usb28: Manufacturer: Linux 6.9.0-rc6-g0106679839f7 vhci_hcd
[    9.340075][    T1] usb usb28: SerialNumber: vhci_hcd.13
[    9.347330][    T1] hub 28-0:1.0: USB hub found
[    9.350175][    T1] hub 28-0:1.0: 8 ports detected
[    9.360128][    T1] vhci_hcd vhci_hcd.13: USB/IP Virtual Host Controller
[    9.363659][    T1] vhci_hcd vhci_hcd.13: new USB bus registered, assigned bus number 29
[    9.367842][    T1] usb usb29: We don't know the algorithms for LPM for this host, disabling LPM.
[    9.371419][    T1] usb usb29: New USB device found, idVendor=1d6b, idProduct=0003, bcdDevice= 6.09
[    9.374212][    T1] usb usb29: New USB device strings: Mfr=3, Product=2, SerialNumber=1
[    9.377067][    T1] usb usb29: Product: USB/IP Virtual Host Controller
[    9.379016][    T1] usb usb29: Manufacturer: Linux 6.9.0-rc6-g0106679839f7 vhci_hcd
[    9.381331][    T1] usb usb29: SerialNumber: vhci_hcd.13
[    9.388177][    T1] hub 29-0:1.0: USB hub found
[    9.390495][    T1] hub 29-0:1.0: 8 ports detected
[    9.402509][    T1] vhci_hcd vhci_hcd.14: USB/IP Virtual Host Controller
[    9.407400][    T1] vhci_hcd vhci_hcd.14: new USB bus registered, assigned bus number 30
[    9.411282][    T1] usb usb30: New USB device found, idVendor=1d6b, idProduct=0002, bcdDevice= 6.09
[    9.413991][    T1] usb usb30: New USB device strings: Mfr=3, Product=2, SerialNumber=1
[    9.416693][    T1] usb usb30: Product: USB/IP Virtual Host Controller
[    9.418703][    T1] usb usb30: Manufacturer: Linux 6.9.0-rc6-g0106679839f7 vhci_hcd
[    9.420884][    T1] usb usb30: SerialNumber: vhci_hcd.14
[    9.426286][    T1] hub 30-0:1.0: USB hub found
[    9.428824][    T1] hub 30-0:1.0: 8 ports detected
[    9.439139][    T1] vhci_hcd vhci_hcd.14: USB/IP Virtual Host Controller
[    9.443207][    T1] vhci_hcd vhci_hcd.14: new USB bus registered, assigned bus number 31
[    9.447206][    T1] usb usb31: We don't know the algorithms for LPM for this host, disabling LPM.
[    9.454651][    T1] usb usb31: New USB device found, idVendor=1d6b, idProduct=0003, bcdDevice= 6.09
[    9.458788][    T1] usb usb31: New USB device strings: Mfr=3, Product=2, SerialNumber=1
[    9.461951][    T1] usb usb31: Product: USB/IP Virtual Host Controller
[    9.464777][    T1] usb usb31: Manufacturer: Linux 6.9.0-rc6-g0106679839f7 vhci_hcd
[    9.467190][    T1] usb usb31: SerialNumber: vhci_hcd.14
[    9.472478][    T1] hub 31-0:1.0: USB hub found
[    9.474067][    T1] hub 31-0:1.0: 8 ports detected
[    9.486619][    T1] vhci_hcd vhci_hcd.15: USB/IP Virtual Host Controller
[    9.490850][    T1] vhci_hcd vhci_hcd.15: new USB bus registered, assigned bus number 32
[    9.496283][    T1] usb usb32: New USB device found, idVendor=1d6b, idProduct=0002, bcdDevice= 6.09
[    9.502375][    T1] usb usb32: New USB device strings: Mfr=3, Product=2, SerialNumber=1
[    9.506110][    T1] usb usb32: Product: USB/IP Virtual Host Controller
[    9.507987][    T1] usb usb32: Manufacturer: Linux 6.9.0-rc6-g0106679839f7 vhci_hcd
[    9.510204][    T1] usb usb32: SerialNumber: vhci_hcd.15
[    9.516396][    T1] hub 32-0:1.0: USB hub found
[    9.517847][    T1] hub 32-0:1.0: 8 ports detected
[    9.528170][    T1] vhci_hcd vhci_hcd.15: USB/IP Virtual Host Controller
[    9.531235][    T1] vhci_hcd vhci_hcd.15: new USB bus registered, assigned bus number 33
[    9.534224][    T1] usb usb33: We don't know the algorithms for LPM for this host, disabling LPM.
[    9.540579][    T1] usb usb33: New USB device found, idVendor=1d6b, idProduct=0003, bcdDevice= 6.09
[    9.542850][    T1] usb usb33: New USB device strings: Mfr=3, Product=2, SerialNumber=1
[    9.544840][    T1] usb usb33: Product: USB/IP Virtual Host Controller
[    9.546749][    T1] usb usb33: Manufacturer: Linux 6.9.0-rc6-g0106679839f7 vhci_hcd
[    9.548915][    T1] usb usb33: SerialNumber: vhci_hcd.15
[    9.556425][    T1] hub 33-0:1.0: USB hub found
[    9.558449][    T1] hub 33-0:1.0: 8 ports detected
[    9.572675][    T1] usbcore: registered new device driver usbip-host
[    9.582198][    T1] i8042: PNP: PS/2 Controller [PNP0303:KBD,PNP0f13:MOU] at 0x60,0x64 irq 1,12
[    9.591377][    T1] serio: i8042 KBD port at 0x60,0x64 irq 1
[    9.595178][    T1] serio: i8042 AUX port at 0x60,0x64 irq 12
[    9.599301][    T1] mousedev: PS/2 mouse device common for all mice
[    9.607084][ T1201] input: AT Translated Set 2 keyboard as /devices/platform/i8042/serio0/input/input1
[    9.615741][    T1] usbcore: registered new interface driver appletouch
[    9.618007][    T1] usbcore: registered new interface driver bcm5974
[    9.620602][    T1] usbcore: registered new interface driver synaptics_usb
[    9.624422][    T1] usbcore: registered new interface driver iforce
[    9.632665][    T1] usbcore: registered new interface driver xpad
[    9.635275][    T1] usbcore: registered new interface driver usb_acecad
[    9.637708][    T1] usbcore: registered new interface driver aiptek
[    9.639752][    T1] usbcore: registered new interface driver hanwang
[    9.641718][    T1] usbcore: registered new interface driver kbtab
[    9.647349][    T1] usbcore: registered new interface driver pegasus_notetaker
[    9.653076][    T1] usbcore: registered new interface driver usbtouchscreen
[    9.657181][    T1] usbcore: registered new interface driver sur40
[    9.661428][    T1] usbcore: registered new interface driver ati_remote2
[    9.663915][    T1] cm109: Keymap for Komunikate KIP1000 phone loaded
[    9.667195][    T1] usbcore: registered new interface driver cm109
[    9.668915][    T1] cm109: CM109 phone driver: 20080805 (C) Alfred E. Heggestad
[    9.671380][    T1] usbcore: registered new interface driver ims_pcu
[    9.673528][    T1] usbcore: registered new interface driver keyspan_remote
[    9.685582][    T1] usbcore: registered new interface driver powermate
[    9.695717][    T1] usbcore: registered new interface driver yealink
[    9.704233][    T1] rtc_cmos 00:05: RTC can wake from S4
[    9.719441][    T1] rtc_cmos 00:05: registered as rtc0
[    9.725129][    T1] rtc_cmos 00:05: alarms up to one day, y3k, 242 bytes nvram, hpet irqs
[    9.728596][    T1] i2c_dev: i2c /dev entries driver
[    9.732377][    T1] usbcore: registered new interface driver i2c-diolan-u2c
[    9.735189][    T1] usbcore: registered new interface driver RobotFuzz Open Source InterFace, OSIF
[    9.738447][    T1] usbcore: registered new interface driver i2c-tiny-usb
[    9.747368][    T1] usbcore: registered new interface driver igorplugusb
[    9.752062][    T1] usbcore: registered new interface driver iguanair
[    9.754445][    T1] usbcore: registered new interface driver imon
[    9.756724][    T1] usbcore: registered new interface driver mceusb
[    9.759064][    T1] usbcore: registered new interface driver redrat3
[    9.761263][    T1] usbcore: registered new interface driver streamzap
[    9.763833][    T1] usbcore: registered new interface driver ttusbir
[    9.766185][    T1] usbcore: registered new interface driver ati_remote
[    9.768673][    T1] b2c2-flexcop: B2C2 FlexcopII/II(b)/III digital TV receiver chip loaded successfully
[    9.772131][    T1] usbcore: registered new interface driver b2c2_flexcop_usb
[    9.774741][    T1] usbcore: registered new interface driver dvb_usb_vp7045
[    9.777168][    T1] usbcore: registered new interface driver dvb_usb_vp702x
[    9.780121][    T1] usbcore: registered new interface driver dvb_usb_gp8psk
[    9.782594][    T1] usbcore: registered new interface driver dvb_usb_dtt200u
[    9.785001][    T1] usbcore: registered new interface driver dvb_usb_a800
[    9.787443][    T1] usbcore: registered new interface driver dvb_usb_dibusb_mb
[    9.790116][    T1] usbcore: registered new interface driver dvb_usb_dibusb_mc
[    9.794134][    T1] usbcore: registered new interface driver dvb_usb_nova_t_usb2
[    9.796702][    T1] usbcore: registered new interface driver dvb_usb_umt_010
[    9.799136][    T1] usbcore: registered new interface driver dvb_usb_m920x
[    9.801578][    T1] usbcore: registered new interface driver dvb_usb_digitv
[    9.803895][    T1] usbcore: registered new interface driver dvb_usb_cxusb
[    9.806206][    T1] usbcore: registered new interface driver dvb_usb_ttusb2
[    9.808669][    T1] usbcore: registered new interface driver dvb_usb_dib0700
[    9.811134][    T1] usbcore: registered new interface driver opera1
[    9.813283][    T1] usbcore: registered new interface driver dvb_usb_af9005
[    9.816792][    T1] failing symbol_get of non-GPLONLY symbol af9005_rc_decode.
[    9.819784][    T1] failing symbol_get of non-GPLONLY symbol af9005_rc_decode.
[    9.822156][    T1] failing symbol_get of non-GPLONLY symbol rc_map_af9005_table.
[    9.825852][    T1] failing symbol_get of non-GPLONLY symbol rc_map_af9005_table.
[    9.832335][    T1] failing symbol_get of non-GPLONLY symbol rc_map_af9005_table_size.
[    9.842128][    T1] failing symbol_get of non-GPLONLY symbol rc_map_af9005_table_size.
[    9.849697][    T1] af9005: af9005_rc_decode function not found, disabling remote
[    9.853332][    T1] usbcore: registered new interface driver pctv452e
[    9.857835][    T1] usbcore: registered new interface driver dw2102
[    9.860539][    T1] usbcore: registered new interface driver dvb_usb_dtv5100
[    9.863316][    T1] usbcore: registered new interface driver cinergyT2
[    9.865858][    T1] usbcore: registered new interface driver dvb_usb_az6027
[    9.869149][    T1] usbcore: registered new interface driver dvb_usb_technisat_usb2
[    9.872086][    T1] usbcore: registered new interface driver dvb_usb_af9015
[    9.874438][    T1] usbcore: registered new interface driver dvb_usb_af9035
[    9.877148][    T1] usbcore: registered new interface driver dvb_usb_anysee
[    9.880977][    T1] usbcore: registered new interface driver dvb_usb_au6610
[    9.883360][    T1] usbcore: registered new interface driver dvb_usb_az6007
[    9.887469][    T1] usbcore: registered new interface driver dvb_usb_ce6230
[    9.891785][    T1] usbcore: registered new interface driver dvb_usb_ec168
[    9.893937][    T1] usbcore: registered new interface driver dvb_usb_lmedm04
[    9.896341][    T1] usbcore: registered new interface driver dvb_usb_gl861
[    9.898655][    T1] usbcore: registered new interface driver dvb_usb_mxl111sf
[    9.901123][    T1] usbcore: registered new interface driver dvb_usb_rtl28xxu
[    9.903439][    T1] usbcore: registered new interface driver dvb_usb_dvbsky
[    9.905788][    T1] usbcore: registered new interface driver zd1301
[    9.908640][    T1] usbcore: registered new interface driver s2255
[    9.910725][    T1] usbcore: registered new interface driver smsusb
[    9.913025][    T1] usbcore: registered new interface driver ttusb
[    9.916281][    T1] usbcore: registered new interface driver ttusb-dec
[    9.918370][    T1] usbcore: registered new interface driver Abilis Systems as10x usb driver
[    9.921466][    T1] usbcore: registered new interface driver airspy
[    9.924409][    T1] gspca_main: v2.14.0 registered
[    9.926227][    T1] usbcore: registered new interface driver benq
[    9.928229][    T1] usbcore: registered new interface driver conex
[    9.930249][    T1] usbcore: registered new interface driver cpia1
[    9.932202][    T1] usbcore: registered new interface driver dtcs033
[    9.934309][    T1] usbcore: registered new interface driver etoms
[    9.936543][    T1] usbcore: registered new interface driver finepix
[    9.939833][    T1] usbcore: registered new interface driver jeilinj
[    9.943641][    T1] usbcore: registered new interface driver jl2005bcd
[    9.946600][    T1] usbcore: registered new interface driver kinect
[    9.948655][    T1] usbcore: registered new interface driver konica
[    9.950772][    T1] usbcore: registered new interface driver mars
[    9.952911][    T1] usbcore: registered new interface driver mr97310a
[    9.955637][    T1] usbcore: registered new interface driver nw80x
[    9.958413][    T1] usbcore: registered new interface driver ov519
[    9.960835][    T1] usbcore: registered new interface driver ov534
[    9.964720][    T1] usbcore: registered new interface driver ov534_9
[    9.967679][    T1] usbcore: registered new interface driver pac207
[    9.969874][    T1] usbcore: registered new interface driver gspca_pac7302
[    9.972135][    T1] usbcore: registered new interface driver pac7311
[    9.974399][    T1] usbcore: registered new interface driver se401
[    9.976407][    T1] usbcore: registered new interface driver sn9c2028
[    9.978746][    T1] usbcore: registered new interface driver gspca_sn9c20x
[    9.981263][    T1] usbcore: registered new interface driver sonixb
[    9.983548][    T1] usbcore: registered new interface driver sonixj
[    9.986738][    T1] usbcore: registered new interface driver spca500
[    9.988829][    T1] usbcore: registered new interface driver spca501
[    9.990879][    T1] usbcore: registered new interface driver spca505
[    9.993014][    T1] usbcore: registered new interface driver spca506
[    9.995455][    T1] usbcore: registered new interface driver spca508
[    9.997540][    T1] usbcore: registered new interface driver spca561
[   10.000687][    T1] usbcore: registered new interface driver spca1528
[   10.003183][    T1] usbcore: registered new interface driver sq905
[   10.005385][    T1] usbcore: registered new interface driver sq905c
[   10.007408][    T1] usbcore: registered new interface driver sq930x
[   10.009478][    T1] usbcore: registered new interface driver sunplus
[   10.011600][    T1] usbcore: registered new interface driver stk014
[   10.014066][    T1] usbcore: registered new interface driver stk1135
[   10.018039][    T1] usbcore: registered new interface driver stv0680
[   10.021485][    T1] usbcore: registered new interface driver t613
[   10.024935][    T1] usbcore: registered new interface driver gspca_topro
[   10.027192][    T1] usbcore: registered new interface driver touptek
[   10.029809][    T1] usbcore: registered new interface driver tv8532
[   10.033240][    T1] usbcore: registered new interface driver vc032x
[   10.036271][    T1] usbcore: registered new interface driver vicam
[   10.038354][    T1] usbcore: registered new interface driver xirlink-cit
[   10.040602][    T1] usbcore: registered new interface driver gspca_zc3xx
[   10.042931][    T1] usbcore: registered new interface driver ALi m5602
[   10.046818][    T1] usbcore: registered new interface driver STV06xx
[   10.052325][    T1] usbcore: registered new interface driver gspca_gl860
[   10.054751][    T1] usbcore: registered new interface driver hackrf
[   10.056875][    T1] usbcore: registered new interface driver msi2500
[   10.059006][    T1] usbcore: registered new interface driver Philips webcam
[   10.061606][    T1] usbcore: registered new interface driver uvcvideo
[   10.063588][    T1] au0828: au0828 driver loaded
[   10.065976][    T1] usbcore: registered new interface driver au0828
[   10.068456][    T1] usbcore: registered new interface driver cx231xx
[   10.071093][    T1] usbcore: registered new interface driver em28xx
[   10.073106][    T1] em28xx: Registered (Em28xx v4l2 Extension) extension
[   10.075245][    T1] em28xx: Registered (Em28xx Audio Extension) extension
[   10.077786][    T1] em28xx: Registered (Em28xx dvb Extension) extension
[   10.080382][    T1] em28xx: Registered (Em28xx Input Extension) extension
[   10.084347][    T1] usbcore: registered new interface driver go7007
[   10.089858][    T1] usbcore: registered new interface driver go7007-loader
[   10.092413][    T1] usbcore: registered new interface driver hdpvr
[   10.099332][    T1] usbcore: registered new interface driver pvrusb2
[   10.101189][    T1] pvrusb2: V4L in-tree version:Hauppauge WinTV-PVR-USB2 MPEG2 Encoder/Tuner
[   10.104078][    T1] pvrusb2: Debug mask is 31 (0x1f)
[   10.108150][    T1] usbcore: registered new interface driver stk1160
[   10.110392][    T1] usbcore: registered new interface driver usbtv
[   10.115860][    T1] dvbdev: DVB: registering new adapter (dvb_vidtv_bridge)
[   10.127238][    T1] i2c i2c-0: DVB: registering adapter 0 frontend 0 (Dummy demod for DVB-T/T2/C/S/S2)...
[   10.131835][    T1] dvbdev: dvb_create_media_entity: media entity 'Dummy demod for DVB-T/T2/C/S/S2' registered.
[   10.148930][    T1] dvbdev: dvb_create_media_entity: media entity 'dvb-demux' registered.
[   10.160326][    T1] vidtv vidtv.0: Successfully initialized vidtv!
[   10.168726][    T1] vicodec vicodec.0: Device 'stateful-encoder' registered as /dev/video0
[   10.176144][    T1] vicodec vicodec.0: Device 'stateful-decoder' registered as /dev/video1
[   10.180085][    T1] vicodec vicodec.0: Device 'stateless-decoder' registered as /dev/video2
[   10.186233][    T1] vim2m vim2m.0: Device registered as /dev/video0
[   10.232313][    T1] vivid-000: using single planar format API
[   10.257761][    T1] vivid-000: CEC adapter cec0 registered for HDMI input 0
[   10.261173][    T1] vivid-000: V4L2 capture device registered as video7
[   10.263787][    T1] vivid-000: CEC adapter cec1 registered for HDMI output 0
[   10.266524][    T1] vivid-000: V4L2 output device registered as video8
[   10.270787][    T1] vivid-000: V4L2 capture device registered as vbi0, supports raw and sliced VBI
[   10.275431][    T1] vivid-000: V4L2 output device registered as vbi1, supports raw and sliced VBI
[   10.279815][    T1] vivid-000: V4L2 capture device registered as swradio0
[   10.282959][    T1] vivid-000: V4L2 receiver device registered as radio0
[   10.288944][    T1] vivid-000: V4L2 transmitter device registered as radio1
[   10.292972][    T1] vivid-000: V4L2 metadata capture device registered as video9
[   10.296327][    T1] vivid-000: V4L2 metadata output device registered as video10
[   10.299309][    T1] vivid-000: V4L2 touch capture device registered as v4l-touch0
[   10.302940][    T1] usbcore: registered new interface driver radioshark2
[   10.305699][    T1] usbcore: registered new interface driver radioshark
[   10.307997][    T1] usbcore: registered new interface driver radio-si470x
[   10.310493][    T1] usbcore: registered new interface driver radio-usb-si4713
[   10.313020][    T1] usbcore: registered new interface driver dsbr100
[   10.315392][    T1] usbcore: registered new interface driver radio-keene
[   10.318526][    T1] usbcore: registered new interface driver radio-ma901
[   10.321359][    T1] usbcore: registered new interface driver radio-mr800
[   10.322735][ T1201] input: ImExPS/2 Generic Explorer Mouse as /devices/platform/i8042/serio1/input/input3
[   10.323409][    T1] usbcore: registered new interface driver radio-raremono
[   10.330442][    T1] usbcore: registered new interface driver pcwd_usb
[   10.335130][    T1] device-mapper: core: CONFIG_IMA_DISABLE_HTABLE is disabled. Duplicate IMA measurements will not be recorded in the IMA log.
[   10.339390][    T1] device-mapper: uevent: version 1.0.3
[   10.343119][    T1] device-mapper: ioctl: 4.48.0-ioctl (2023-03-01) initialised: dm-devel@lists.linux.dev
[   10.347938][    T1] device-mapper: multipath round-robin: version 1.2.0 loaded
[   10.349992][    T1] device-mapper: multipath queue-length: version 0.2.0 loaded
[   10.352063][    T1] device-mapper: multipath service-time: version 0.3.0 loaded
[   10.355422][    T1] Bluetooth: HCI UART driver ver 2.3
[   10.357150][    T1] Bluetooth: HCI UART protocol H4 registered
[   10.359085][    T1] Bluetooth: HCI UART protocol BCSP registered
[   10.361559][    T1] Bluetooth: HCI UART protocol LL registered
[   10.364138][    T1] Bluetooth: HCI UART protocol Three-wire (H5) registered
[   10.366951][    T1] Bluetooth: HCI UART protocol QCA registered
[   10.368631][    T1] Bluetooth: HCI UART protocol AG6XX registered
[   10.370557][    T1] Bluetooth: HCI UART protocol Marvell registered
[   10.373455][    T1] usbcore: registered new interface driver bcm203x
[   10.376720][    T1] usbcore: registered new interface driver bpa10x
[   10.380251][    T1] usbcore: registered new interface driver bfusb
[   10.382395][    T1] usbcore: registered new interface driver btusb
[   10.386890][    T1] usbcore: registered new interface driver ath3k
[   10.391584][    T1] CAPI 2.0 started up with major 68 (middleware)
[   10.393423][    T1] Modular ISDN core version 1.1.29
[   10.395861][    T1] NET: Registered PF_ISDN protocol family
[   10.397507][    T1] DSP module 2.0
[   10.398513][    T1] mISDN_dsp: DSP clocks every 80 samples. This equals 1 jiffies.
[   10.406747][    T1] mISDN: Layer-1-over-IP driver Rev. 2.00
[   10.408876][    T1] 0 virtual devices registered
[   10.410834][    T1] usbcore: registered new interface driver HFC-S_USB
[   10.413467][    T1] intel_pstate: CPU model not supported
[   10.415887][    T1] VUB300 Driver rom wait states = 1C irqpoll timeout = 0400
[   10.419460][    T1] usbcore: registered new interface driver vub300
[   10.426355][    T1] usbcore: registered new interface driver ushc
[   10.435918][    T1] iscsi: registered transport (iser)
[   10.439346][    T1] SoftiWARP attached
[   10.455243][    T1] hid: raw HID events driver (C) Jiri Kosina
[   10.483324][    T1] usbcore: registered new interface driver usbhid
[   10.485897][    T1] usbhid: USB HID core driver
[   10.489822][    T1] usbcore: registered new interface driver es2_ap_driver
[   10.492797][    T1] comedi: version 0.7.76 - http://www.comedi.org
[   10.497013][    T1] usbcore: registered new interface driver dt9812
[   10.500001][    T1] usbcore: registered new interface driver ni6501
[   10.501879][    T1] usbcore: registered new interface driver usbdux
[   10.504378][    T1] usbcore: registered new interface driver usbduxfast
[   10.512334][    T1] usbcore: registered new interface driver usbduxsigma
[   10.516270][    T1] usbcore: registered new interface driver vmk80xx
[   10.518330][    T1] usbcore: registered new interface driver r8712u
[   10.520385][    T1] greybus: registered new driver hid
[   10.522123][    T1] greybus: registered new driver gbphy
[   10.524361][    T1] gb_gbphy: registered new driver usb
[   10.529847][    T1] asus_wmi: ASUS WMI generic driver loaded
[   10.589964][    T1] usbcore: registered new interface driver snd-usb-audio
[   10.591849][    T1] usbcore: registered new interface driver snd-ua101
[   10.593652][    T1] usbcore: registered new interface driver snd-usb-usx2y
[   10.597727][    T1] usbcore: registered new interface driver snd-usb-us122l
[   10.607043][    T1] usbcore: registered new interface driver snd-usb-caiaq
[   10.609054][    T1] usbcore: registered new interface driver snd-usb-6fire
[   10.611028][    T1] usbcore: registered new interface driver snd-usb-hiface
[   10.613875][    T1] usbcore: registered new interface driver snd-bcd2000
[   10.618931][    T1] usbcore: registered new interface driver snd_usb_pod
[   10.625228][    T1] usbcore: registered new interface driver snd_usb_podhd
[   10.627345][    T1] usbcore: registered new interface driver snd_usb_toneport
[   10.629536][    T1] usbcore: registered new interface driver snd_usb_variax
[   10.634061][    T1] drop_monitor: Initializing network drop monitor service
[   10.637778][    T1] NET: Registered PF_LLC protocol family
[   10.640612][    T1] GACT probability on
[   10.641952][    T1] Mirror/redirect action on
[   10.643439][    T1] Simple TC action Loaded
[   10.647420][    T1] netem: version 1.3
[   10.648674][    T1] u32 classifier
[   10.649697][    T1]     Performance counters on
[   10.651219][    T1]     input device check on
[   10.652881][    T1]     Actions configured
[   10.661738][    T1] xt_time: kernel timezone is -0000
[   10.663442][    T1] IPVS: Registered protocols (TCP, UDP, SCTP, AH, ESP)
[   10.665354][    T1] IPVS: Connection hash table configured (size=4096, memory=32Kbytes)
[   10.668514][    T1] IPVS: ipvs loaded.
[   10.669658][    T1] IPVS: [rr] scheduler registered.
[   10.674268][    T1] IPVS: [wrr] scheduler registered.
[   10.676514][    T1] IPVS: [lc] scheduler registered.
[   10.678030][    T1] IPVS: [wlc] scheduler registered.
[   10.680404][    T1] IPVS: [fo] scheduler registered.
[   10.681812][    T1] IPVS: [ovf] scheduler registered.
[   10.683468][    T1] IPVS: [lblc] scheduler registered.
