bash: warning: setlocale: LC_ALL: cannot change locale (en_US.UTF-8)
c[?7l[2J[0mSeaBIOS (version 1.16.2-debian-1.16.2-1)


iPXE (http://ipxe.org) 00:03.0 CA00 PCI2.10 PnP PMM+7EFCEF00+7EF0EF00 CA00
Press Ctrl-B to configure iPXE (PCI 00:03.0)...                                                                               


Booting from ROM..c[?7l[2J[    0.000000] Linux version 6.5.0-rc2-00225-gf718863aca46-dirty (root@buildkitsandbox) (gcc (Debian 12.2.0-14+deb12u1) 12.2.0, GNU ld (GNU Binutils for Debian) 2.40) #1 SMP PREEMPT_DYNAMIC Tue May  5 10:53:50 UTC 2026
[    0.000000] Command line: console=ttyS0 oops=panic nokaslr rdinit=/init
[    0.000000] BIOS-provided physical RAM map:
[    0.000000] BIOS-e820: [mem 0x0000000000000000-0x000000000009fbff] usable
[    0.000000] BIOS-e820: [mem 0x000000000009fc00-0x000000000009ffff] reserved
[    0.000000] BIOS-e820: [mem 0x00000000000f0000-0x00000000000fffff] reserved
[    0.000000] BIOS-e820: [mem 0x0000000000100000-0x000000007ffdffff] usable
[    0.000000] BIOS-e820: [mem 0x000000007ffe0000-0x000000007fffffff] reserved
[    0.000000] BIOS-e820: [mem 0x00000000feffc000-0x00000000feffffff] reserved
[    0.000000] BIOS-e820: [mem 0x00000000fffc0000-0x00000000ffffffff] reserved
[    0.000000] NX (Execute Disable) protection: active
[    0.000000] SMBIOS 2.8 present.
[    0.000000] DMI: QEMU Standard PC (i440FX + PIIX, 1996), BIOS 1.16.2-debian-1.16.2-1 04/01/2014
[    0.000000] Hypervisor detected: KVM
[    0.000000] kvm-clock: Using msrs 4b564d01 and 4b564d00
[    0.000001] kvm-clock: using sched offset of 320936995 cycles
[    0.000002] clocksource: kvm-clock: mask: 0xffffffffffffffff max_cycles: 0x1cd42e4dffb, max_idle_ns: 881590591483 ns
[    0.000004] tsc: Detected 3187.200 MHz processor
[    0.000298] last_pfn = 0x7ffe0 max_arch_pfn = 0x400000000
[    0.000318] MTRR map: 4 entries (3 fixed + 1 variable; max 19), built from 8 variable MTRRs
[    0.000319] x86/PAT: Configuration [0-7]: WB  WC  UC- UC  WB  WP  UC- WT  
[    0.002266] found SMP MP-table at [mem 0x000f5ba0-0x000f5baf]
[    0.002277] Using GB pages for direct mapping
[    0.002277] Incomplete global flushes, disabling PCID
[    0.002380] RAMDISK: [mem 0x7fe92000-0x7ffdffff]
[    0.002385] ACPI: Early table checksum verification disabled
[    0.002388] ACPI: RSDP 0x00000000000F59D0 000014 (v00 BOCHS )
[    0.002391] ACPI: RSDT 0x000000007FFE1B33 000034 (v01 BOCHS  BXPC     00000001 BXPC 00000001)
[    0.002395] ACPI: FACP 0x000000007FFE19DF 000074 (v01 BOCHS  BXPC     00000001 BXPC 00000001)
[    0.002400] ACPI: DSDT 0x000000007FFE0040 00199F (v01 BOCHS  BXPC     00000001 BXPC 00000001)
[    0.002402] ACPI: FACS 0x000000007FFE0000 000040
[    0.002404] ACPI: APIC 0x000000007FFE1A53 000080 (v01 BOCHS  BXPC     00000001 BXPC 00000001)
[    0.002406] ACPI: HPET 0x000000007FFE1AD3 000038 (v01 BOCHS  BXPC     00000001 BXPC 00000001)
[    0.002407] ACPI: WAET 0x000000007FFE1B0B 000028 (v01 BOCHS  BXPC     00000001 BXPC 00000001)
[    0.002409] ACPI: Reserving FACP table memory at [mem 0x7ffe19df-0x7ffe1a52]
[    0.002410] ACPI: Reserving DSDT table memory at [mem 0x7ffe0040-0x7ffe19de]
[    0.002411] ACPI: Reserving FACS table memory at [mem 0x7ffe0000-0x7ffe003f]
[    0.002411] ACPI: Reserving APIC table memory at [mem 0x7ffe1a53-0x7ffe1ad2]
[    0.002412] ACPI: Reserving HPET table memory at [mem 0x7ffe1ad3-0x7ffe1b0a]
[    0.002412] ACPI: Reserving WAET table memory at [mem 0x7ffe1b0b-0x7ffe1b32]
[    0.002602] No NUMA configuration found
[    0.002602] Faking a node at [mem 0x0000000000000000-0x000000007ffdffff]
[    0.002604] NODE_DATA(0) allocated [mem 0x7fe8e000-0x7fe91fff]
[    0.002613] Zone ranges:
[    0.002614]   DMA      [mem 0x0000000000001000-0x0000000000ffffff]
[    0.002615]   DMA32    [mem 0x0000000001000000-0x000000007ffdffff]
[    0.002615]   Normal   empty
[    0.002616] Movable zone start for each node
[    0.002616] Early memory node ranges
[    0.002617]   node   0: [mem 0x0000000000001000-0x000000000009efff]
[    0.002618]   node   0: [mem 0x0000000000100000-0x000000007ffdffff]
[    0.002618] Initmem setup node 0 [mem 0x0000000000001000-0x000000007ffdffff]
[    0.003676] On node 0, zone DMA: 1 pages in unavailable ranges
[    0.003717] On node 0, zone DMA: 97 pages in unavailable ranges
[    0.021804] On node 0, zone DMA32: 32 pages in unavailable ranges
[    0.184412] kasan: KernelAddressSanitizer initialized
[    0.184617] ACPI: PM-Timer IO Port: 0x608
[    0.184624] ACPI: LAPIC_NMI (acpi_id[0xff] dfl dfl lint[0x1])
[    0.184652] IOAPIC[0]: apic_id 0, version 17, address 0xfec00000, GSI 0-23
[    0.184654] ACPI: INT_SRC_OVR (bus 0 bus_irq 0 global_irq 2 dfl dfl)
[    0.184655] ACPI: INT_SRC_OVR (bus 0 bus_irq 5 global_irq 5 high level)
[    0.184656] ACPI: INT_SRC_OVR (bus 0 bus_irq 9 global_irq 9 high level)
[    0.184657] ACPI: INT_SRC_OVR (bus 0 bus_irq 10 global_irq 10 high level)
[    0.184658] ACPI: INT_SRC_OVR (bus 0 bus_irq 11 global_irq 11 high level)
[    0.184660] ACPI: Using ACPI (MADT) for SMP configuration information
[    0.184660] ACPI: HPET id: 0x8086a201 base: 0xfed00000
[    0.184662] TSC deadline timer available
[    0.184663] smpboot: Allowing 2 CPUs, 0 hotplug CPUs
[    0.184680] kvm-guest: KVM setup pv remote TLB flush
[    0.184682] kvm-guest: setup PV sched yield
[    0.184690] PM: hibernation: Registered nosave memory: [mem 0x00000000-0x00000fff]
[    0.184691] PM: hibernation: Registered nosave memory: [mem 0x0009f000-0x0009ffff]
[    0.184692] PM: hibernation: Registered nosave memory: [mem 0x000a0000-0x000effff]
[    0.184692] PM: hibernation: Registered nosave memory: [mem 0x000f0000-0x000fffff]
[    0.184693] [mem 0x80000000-0xfeffbfff] available for PCI devices
[    0.184694] Booting paravirtualized kernel on KVM
[    0.184696] clocksource: refined-jiffies: mask: 0xffffffff max_cycles: 0xffffffff, max_idle_ns: 1910969940391419 ns
[    0.192716] setup_percpu: NR_CPUS:64 nr_cpumask_bits:2 nr_cpu_ids:2 nr_node_ids:1
[    0.193566] percpu: Embedded 66 pages/cpu s232168 r8192 d29976 u1048576
[    0.193595] Kernel command line: console=ttyS0 oops=panic nokaslr rdinit=/init
[    0.193641] random: crng init done
[    0.195274] Dentry cache hash table entries: 262144 (order: 9, 2097152 bytes, linear)
[    0.195646] Inode-cache hash table entries: 131072 (order: 8, 1048576 bytes, linear)
[    0.195683] Fallback order for Node 0: 0 
[    0.195689] Built 1 zonelists, mobility grouping on.  Total pages: 515808
[    0.195690] Policy zone: DMA32
[    0.195692] mem auto-init: stack:all(zero), heap alloc:off, heap free:off
[    0.195692] stackdepot: allocating hash table via alloc_large_system_hash
[    0.200014] stackdepot hash table entries: 1048576 (order: 11, 8388608 bytes, linear)
[    0.221388] Memory: 1692960K/2096632K available (49152K kernel code, 7995K rwdata, 10236K rodata, 5680K init, 2784K bss, 403416K reserved, 0K cma-reserved)
[    0.221517] SLUB: HWalign=64, Order=0-3, MinObjects=0, CPUs=2, Nodes=1
[    0.222508] Dynamic Preempt: voluntary
[    0.224226] rcu: Preemptible hierarchical RCU implementation.
[    0.224227] rcu: 	RCU event tracing is enabled.
[    0.224228] rcu: 	RCU restricting CPUs from NR_CPUS=64 to nr_cpu_ids=2.
[    0.224229] 	Trampoline variant of Tasks RCU enabled.
[    0.224230] rcu: RCU calculated value of scheduler-enlistment delay is 100 jiffies.
[    0.224231] rcu: Adjusting geometry for rcu_fanout_leaf=16, nr_cpu_ids=2
[    0.230281] NR_IRQS: 4352, nr_irqs: 440, preallocated irqs: 16
[    0.230488] rcu: srcu_init: Setting srcu_struct sizes based on contention.
[    0.232791] Console: colour VGA+ 80x25
[    0.232816] printk: console [ttyS0] enabled
[    0.274476] ACPI: Core revision 20230331
[    0.274844] clocksource: hpet: mask: 0xffffffff max_cycles: 0xffffffff, max_idle_ns: 19112604467 ns
[    0.275436] APIC: Switch to symmetric I/O mode setup
[    0.275725] kvm-guest: setup PV IPIs
[    0.276576] ..TIMER: vector=0x30 apic1=0 pin1=2 apic2=-1 pin2=-1
[    0.276929] clocksource: tsc-early: mask: 0xffffffffffffffff max_cycles: 0x2df10e7656b, max_idle_ns: 440795364873 ns
[    0.277525] Calibrating delay loop (skipped) preset value.. 6374.40 BogoMIPS (lpj=3187200)
[    0.278060] x86/cpu: User Mode Instruction Prevention (UMIP) activated
[    0.278568] Last level iTLB entries: 4KB 0, 2MB 0, 4MB 0
[    0.278869] Last level dTLB entries: 4KB 0, 2MB 0, 4MB 0, 1GB 0
[    0.279204] Spectre V1 : Mitigation: usercopy/swapgs barriers and __user pointer sanitization
[    0.279522] Spectre V2 : Mitigation: Enhanced / Automatic IBRS
[    0.279853] Spectre V2 : Spectre v2 / SpectreRSB mitigation: Filling RSB on context switch
[    0.280316] Spectre V2 : Spectre v2 / PBRSB-eIBRS: Retire a single CALL on VMEXIT
[    0.280522] Spectre V2 : mitigation: Enabling conditional Indirect Branch Prediction Barrier
[    0.280994] Speculative Store Bypass: Mitigation: Speculative Store Bypass disabled via prctl
[    0.281521] MMIO Stale Data: Unknown: No mitigations
[    0.281813] x86/fpu: Supporting XSAVE feature 0x001: 'x87 floating point registers'
[    0.282521] x86/fpu: Supporting XSAVE feature 0x002: 'SSE registers'
[    0.282891] x86/fpu: Supporting XSAVE feature 0x004: 'AVX registers'
[    0.283258] x86/fpu: Supporting XSAVE feature 0x200: 'Protection Keys User registers'
[    0.283521] x86/fpu: xstate_offset[2]:  576, xstate_sizes[2]:  256
[    0.283879] x86/fpu: xstate_offset[9]:  832, xstate_sizes[9]:    8
[    0.284521] x86/fpu: Enabled xstate features 0x207, context size is 840 bytes, using 'compacted' format.
[    0.300839] Freeing SMP alternatives memory: 44K
[    0.301152] pid_max: default: 32768 minimum: 301
[    0.301471] LSM: initializing lsm=capability,selinux,integrity
[    0.301528] SELinux:  Initializing.
[    0.301810] Mount-cache hash table entries: 4096 (order: 3, 32768 bytes, linear)
[    0.302524] Mountpoint-cache hash table entries: 4096 (order: 3, 32768 bytes, linear)
[    0.303412] smpboot: CPU0: Intel(R) Core(TM) i9-14900K (family: 0x6, model: 0xb7, stepping: 0x1)
[    0.303520] RCU Tasks: Setting shift to 1 and lim to 1 rcu_task_cb_adjust=1.
[    0.303541] Performance Events: unsupported p6 CPU model 183 no PMU driver, software events only.
[    0.304098] signal: max sigframe size: 3632
[    0.304388] rcu: Hierarchical SRCU implementation.
[    0.304522] rcu: 	Max phase no-delay instances is 400.
[    0.305230] smp: Bringing up secondary CPUs ...
[    0.305651] smpboot: x86: Booting SMP configuration:
[    0.305950] .... node  #0, CPUs:      #1
[    0.306040] smp: Brought up 1 node, 2 CPUs
[    0.306769] smpboot: Max logical packages: 1
[    0.307027] smpboot: Total of 2 processors activated (12748.80 BogoMIPS)
[    0.308574] devtmpfs: initialized
[    0.311074] clocksource: jiffies: mask: 0xffffffff max_cycles: 0xffffffff, max_idle_ns: 1911260446275000 ns
[    0.311525] futex hash table entries: 512 (order: 3, 32768 bytes, linear)
[    0.312053] PM: RTC time: 10:55:51, date: 2026-05-05
[    0.312482] NET: Registered PF_NETLINK/PF_ROUTE protocol family
[    0.312725] audit: initializing netlink subsys (disabled)
[    0.313083] audit: type=2000 audit(1777978551.901:1): state=initialized audit_enabled=0 res=1
[    0.313083] thermal_sys: Registered thermal governor 'step_wise'
[    0.313524] thermal_sys: Registered thermal governor 'user_space'
[    0.313898] cpuidle: using governor menu
[    0.314723] PCI: Using configuration type 1 for base access
[    0.315200] kprobes: kprobe jump-optimization is enabled. All kprobes are optimized if possible.
[    0.317520] HugeTLB: registered 2.00 MiB page size, pre-allocated 0 pages
[    0.317520] HugeTLB: 28 KiB vmemmap can be freed for a 2.00 MiB page
[    0.318665] ACPI: Added _OSI(Module Device)
[    0.318913] ACPI: Added _OSI(Processor Device)
[    0.319171] ACPI: Added _OSI(3.0 _SCP Extensions)
[    0.319171] ACPI: Added _OSI(Processor Aggregator Device)
[    0.326513] ACPI: 1 ACPI AML tables successfully acquired and loaded
[    0.369789] ACPI: Interpreter enabled
[    0.370068] ACPI: PM: (supports S0 S3 S4 S5)
[    0.370318] ACPI: Using IOAPIC for interrupt routing
[    0.370556] PCI: Using host bridge windows from ACPI; if necessary, use "pci=nocrs" and report a bug
[    0.371081] PCI: Using E820 reservations for host bridge windows
[    0.371774] ACPI: Enabled 2 GPEs in block 00 to 0F
[    0.382119] ACPI: PCI Root Bridge [PCI0] (domain 0000 [bus 00-ff])
[    0.382505] acpi PNP0A03:00: _OSC: OS supports [ASPM ClockPM Segments MSI HPX-Type3]
[    0.382523] acpi PNP0A03:00: _OSC: not requesting OS control; OS requires [ExtendedConfig ASPM ClockPM MSI]
[    0.383130] acpi PNP0A03:00: fail to add MMCONFIG information, can't access extended configuration space under this bridge
[    0.383684] PCI host bridge to bus 0000:00
[    0.383925] pci_bus 0000:00: root bus resource [io  0x0000-0x0cf7 window]
[    0.384319] pci_bus 0000:00: root bus resource [io  0x0d00-0xffff window]
[    0.384524] pci_bus 0000:00: root bus resource [mem 0x000a0000-0x000bffff window]
[    0.384955] pci_bus 0000:00: root bus resource [mem 0x80000000-0xfebfffff window]
[    0.385386] pci_bus 0000:00: root bus resource [mem 0x100000000-0x17fffffff window]
[    0.385523] pci_bus 0000:00: root bus resource [bus 00-ff]
[    0.385899] pci 0000:00:00.0: [8086:1237] type 00 class 0x060000
[    0.390059] pci 0000:00:01.0: [8086:7000] type 00 class 0x060100
[    0.395110] pci 0000:00:01.1: [8086:7010] type 00 class 0x010180
[    0.396330] pci 0000:00:01.1: reg 0x20: [io  0xc040-0xc04f]
[    0.396943] pci 0000:00:01.1: legacy IDE quirk: reg 0x10: [io  0x01f0-0x01f7]
[    0.397353] pci 0000:00:01.1: legacy IDE quirk: reg 0x14: [io  0x03f6]
[    0.397522] pci 0000:00:01.1: legacy IDE quirk: reg 0x18: [io  0x0170-0x0177]
[    0.397931] pci 0000:00:01.1: legacy IDE quirk: reg 0x1c: [io  0x0376]
[    0.398492] pci 0000:00:01.3: [8086:7113] type 00 class 0x068000
[    0.398752] pci 0000:00:01.3: quirk: [io  0x0600-0x063f] claimed by PIIX4 ACPI
[    0.399175] pci 0000:00:01.3: quirk: [io  0x0700-0x070f] claimed by PIIX4 SMB
[    0.399672] pci 0000:00:02.0: [1234:1111] type 00 class 0x030000
[    0.400527] pci 0000:00:02.0: reg 0x10: [mem 0xfd000000-0xfdffffff pref]
[    0.401727] pci 0000:00:02.0: reg 0x18: [mem 0xfebf0000-0xfebf0fff]
[    0.403723] pci 0000:00:02.0: reg 0x30: [mem 0xfebe0000-0xfebeffff pref]
[    0.404185] pci 0000:00:02.0: Video device with shadowed ROM at [mem 0x000c0000-0x000dffff]
[    0.408260] pci 0000:00:03.0: [8086:100e] type 00 class 0x020000
[    0.408856] pci 0000:00:03.0: reg 0x10: [mem 0xfebc0000-0xfebdffff]
[    0.409512] pci 0000:00:03.0: reg 0x14: [io  0xc000-0xc03f]
[    0.411103] pci 0000:00:03.0: reg 0x30: [mem 0xfeb80000-0xfebbffff pref]
[    0.416313] ACPI: PCI: Interrupt link LNKA configured for IRQ 10
[    0.416875] ACPI: PCI: Interrupt link LNKB configured for IRQ 10
[    0.417569] ACPI: PCI: Interrupt link LNKC configured for IRQ 11
[    0.418267] ACPI: PCI: Interrupt link LNKD configured for IRQ 11
[    0.418659] ACPI: PCI: Interrupt link LNKS configured for IRQ 9
[    0.419964] iommu: Default domain type: Translated
[    0.420246] iommu: DMA domain TLB invalidation policy: lazy mode
[    0.420709] SCSI subsystem initialized
[    0.420945] ACPI: bus type USB registered
[    0.420945] usbcore: registered new interface driver usbfs
[    0.421536] usbcore: registered new interface driver hub
[    0.421868] usbcore: registered new device driver usb
[    0.422208] pps_core: LinuxPPS API ver. 1 registered
[    0.422499] pps_core: Software ver. 5.3.6 - Copyright 2005-2007 Rodolfo Giometti <giometti@linux.it>
[    0.422532] PTP clock support registered
[    0.423588] Advanced Linux Sound Architecture Driver Initialized.
[    0.423722] NetLabel: Initializing
[    0.423928] NetLabel:  domain hash size = 128
[    0.424206] NetLabel:  protocols = UNLABELED CIPSOv4 CALIPSO
[    0.424564] NetLabel:  unlabeled traffic allowed by default
[    0.425572] PCI: Using ACPI for IRQ routing
[    0.425885] pci 0000:00:02.0: vgaarb: setting as boot VGA device
[    0.425886] pci 0000:00:02.0: vgaarb: bridge control possible
[    0.426228] pci 0000:00:02.0: vgaarb: VGA device added: decodes=io+mem,owns=io+mem,locks=none
[    0.426524] vgaarb: loaded
[    0.426782] hpet0: at MMIO 0xfed00000, IRQs 2, 8, 0
[    0.427089] hpet0: 3 comparators, 64-bit 100.000000 MHz counter
[    0.430595] clocksource: Switched to clocksource kvm-clock
[    0.461212] VFS: Disk quotas dquot_6.6.0
[    0.461921] VFS: Dquot-cache hash table entries: 512 (order 0, 4096 bytes)
[    0.462668] pnp: PnP ACPI init
[    0.463930] pnp: PnP ACPI: found 6 devices
[    0.474159] clocksource: acpi_pm: mask: 0xffffff max_cycles: 0xffffff, max_idle_ns: 2085701024 ns
[    0.474736] NET: Registered PF_INET protocol family
[    0.475086] IP idents hash table entries: 32768 (order: 6, 262144 bytes, linear)
[    0.475903] tcp_listen_portaddr_hash hash table entries: 1024 (order: 2, 16384 bytes, linear)
[    0.476412] Table-perturb hash table entries: 65536 (order: 6, 262144 bytes, linear)
[    0.476881] TCP established hash table entries: 16384 (order: 5, 131072 bytes, linear)
[    0.477364] TCP bind hash table entries: 16384 (order: 7, 524288 bytes, linear)
[    0.477825] TCP: Hash tables configured (established 16384 bind 16384)
[    0.479945] UDP hash table entries: 1024 (order: 3, 32768 bytes, linear)
[    0.480358] UDP-Lite hash table entries: 1024 (order: 3, 32768 bytes, linear)
[    0.480861] NET: Registered PF_UNIX/PF_LOCAL protocol family
[    0.481393] RPC: Registered named UNIX socket transport module.
[    0.481741] RPC: Registered udp transport module.
[    0.482019] RPC: Registered tcp transport module.
[    0.482307] RPC: Registered tcp-with-tls transport module.
[    0.482628] RPC: Registered tcp NFSv4.1 backchannel transport module.
[    0.483371] pci_bus 0000:00: resource 4 [io  0x0000-0x0cf7 window]
[    0.483738] pci_bus 0000:00: resource 5 [io  0x0d00-0xffff window]
[    0.484114] pci_bus 0000:00: resource 6 [mem 0x000a0000-0x000bffff window]
[    0.484525] pci_bus 0000:00: resource 7 [mem 0x80000000-0xfebfffff window]
[    0.484939] pci_bus 0000:00: resource 8 [mem 0x100000000-0x17fffffff window]
[    0.485479] pci 0000:00:01.0: PIIX3: Enabling Passive Release
[    0.485837] pci 0000:00:00.0: Limiting direct PCI/PCI transfers
[    0.486226] PCI: CLS 0 bytes, default 64
[    0.486623] Unpacking initramfs...
[    0.489107] RAPL PMU: API unit is 2^-32 Joules, 0 fixed counters, 10737418240 ms ovfl timer
[    0.489609] clocksource: tsc: mask: 0xffffffffffffffff max_cycles: 0x2df10e7656b, max_idle_ns: 440795364873 ns
[    0.490980] Initialise system trusted keyrings
[    0.491354] workingset: timestamp_bits=56 max_order=19 bucket_order=0
[    0.492054] NFS: Registering the id_resolver key type
[    0.492365] Key type id_resolver registered
[    0.492614] Key type id_legacy registered
[    0.492910] 9p: Installing v9fs 9p2000 file system support
[    0.498079] Key type asymmetric registered
[    0.498376] Asymmetric key parser 'x509' registered
[    0.498692] Block layer SCSI generic (bsg) driver version 0.4 loaded (major 251)
[    0.499146] io scheduler mq-deadline registered
[    0.499414] io scheduler kyber registered
[    0.500382] input: Power Button as /devices/LNXSYSTM:00/LNXPWRBN:00/input/input0
[    0.500569] Freeing initrd memory: 1336K
[    0.500961] ACPI: button: Power Button [PWRF]
[    0.501760] Serial: 8250/16550 driver, 4 ports, IRQ sharing enabled
[    0.502319] 00:04: ttyS0 at I/O 0x3f8 (irq = 4, base_baud = 115200) is a 16550A
[    0.503443] Non-volatile memory driver v1.3
[    0.503693] Linux agpgart interface v0.103
[    0.504013] ACPI: bus type drm_connector registered
[    0.508674] loop: module loaded
[    0.510015] scsi host0: ata_piix
[    0.510448] scsi host1: ata_piix
[    0.510723] ata1: PATA max MWDMA2 cmd 0x1f0 ctl 0x3f6 bmdma 0xc040 irq 14
[    0.511124] ata2: PATA max MWDMA2 cmd 0x170 ctl 0x376 bmdma 0xc048 irq 15
[    0.511971] e100: Intel(R) PRO/100 Network Driver
[    0.512478] e100: Copyright(c) 1999-2006 Intel Corporation
[    0.513473] e1000: Intel(R) PRO/1000 Network Driver
[    0.514210] e1000: Copyright (c) 1999-2006 Intel Corporation.
[    0.668553] ata2: found unknown device (class 0)
[    0.669975] ata2.00: ATAPI: QEMU DVD-ROM, 2.5+, max UDMA/100
[    0.672177] scsi 1:0:0:0: CD-ROM            QEMU     QEMU DVD-ROM     2.5+ PQ: 0 ANSI: 5
[    0.716687] sr 1:0:0:0: [sr0] scsi3-mmc drive: 4x/4x cd/rw xa/form2 tray
[    0.717842] cdrom: Uniform CD-ROM driver Revision: 3.20
[    0.826752] ACPI: \_SB_.LNKC: Enabled at IRQ 11
[    1.116619] e1000 0000:00:03.0 eth0: (PCI:33MHz:32-bit) 52:54:00:12:34:56
[    1.117044] e1000 0000:00:03.0 eth0: Intel(R) PRO/1000 Network Connection
[    1.117476] e1000e: Intel(R) PRO/1000 Network Driver
[    1.117765] e1000e: Copyright(c) 1999 - 2015 Intel Corporation.
[    1.118140] sky2: driver version 1.30
[    1.118658] usbcore: registered new interface driver usblp
[    1.118997] usbcore: registered new interface driver usb-storage
[    1.119417] i8042: PNP: PS/2 Controller [PNP0303:KBD,PNP0f13:MOU] at 0x60,0x64 irq 1,12
[    1.120370] serio: i8042 KBD port at 0x60,0x64 irq 1
[    1.120684] serio: i8042 AUX port at 0x60,0x64 irq 12
[    1.121321] rtc_cmos 00:05: RTC can wake from S4
[    1.121949] input: AT Translated Set 2 keyboard as /devices/platform/i8042/serio0/input/input1
[    1.123436] rtc_cmos 00:05: registered as rtc0
[    1.124406] rtc_cmos 00:05: alarms up to one day, y3k, 242 bytes nvram, hpet irqs
[    1.126188] device-mapper: ioctl: 4.48.0-ioctl (2023-03-01) initialised: dm-devel@redhat.com
[    1.127686] intel_pstate: CPU model not supported
[    1.128595] hid: raw HID events driver (C) Jiri Kosina
[    1.129752] usbcore: registered new interface driver usbhid
[    1.130096] usbhid: USB HID core driver
[    1.131316] Initializing XFRM netlink socket
[    1.131612] NET: Registered PF_INET6 protocol family
[    1.132298] Segment Routing with IPv6
[    1.132528] In-situ OAM (IOAM) with IPv6
[    1.132800] sit: IPv6, IPv4 and MPLS over IPv4 tunneling driver
[    1.133390] NET: Registered PF_PACKET protocol family
[    1.133723] 9pnet: Installing 9P2000 support
[    1.134000] Key type dns_resolver registered
[    1.134484] IPI shorthand broadcast: enabled
[    1.143241] sched_clock: Marking stable (1098001056, 45025543)->(1150671668, -7645069)
[    1.143896] registered taskstats version 1
[    1.144170] Loading compiled-in X.509 certificates
[    1.151180] PM:   Magic number: 10:319:931
[    1.151499] printk: console [netcon0] enabled
[    1.151762] netconsole: network logging started
[    1.152152] cfg80211: Loading compiled-in X.509 certificates for regulatory database
[    1.152807] kworker/u4:1 (51) used greatest stack depth: 29536 bytes left
[    1.153445] Loaded X.509 cert 'sforshee: 00b28ddf47aef9cea7'
[    1.153789] ALSA device list:
[    1.153967]   No soundcards found.
[    1.154925] Freeing unused kernel image (initmem) memory: 5680K
[    1.155261] platform regulatory.0: Direct firmware load for regulatory.db failed with error -2
[    1.155612] cfg80211: failed to load regulatory.db
[    1.157128] Write protecting the kernel read-only data: 59392k
[    1.157447] Freeing unused kernel image (rodata/data gap) memory: 4K
[    1.165226] x86/mm: Checked W+X mappings: passed, no W+X pages found.
[    1.165555] Run /init as init process
[    1.168099] mount (55) used greatest stack depth: 28760 bytes left

secb: rootfs ready
---- poc begin ----
poc: start: CVE-2023-4015 PREPARE_ERROR double-deactivate -> chain UAF
poc: userns: uid=0
poc: iter 0
poc: iter 8
[    1.740525] input: ImExPS/2 Generic Explorer Mouse as /devices/platform/i8042/serio1/input/input3
poc: iter 16
poc: iter 24
poc: done
[    4.965850] poc (61) used greatest stack depth: 26576 bytes left
---- poc end rc=0 ----
secb: poc exited without crashing the kernel
[    4.996256] ==================================================================
[    4.997092] BUG: KASAN: slab-use-after-free in nft_immediate_deactivate+0x3e6/0x5e0
[    4.998022] Read of size 1 at addr ffff888009c84254 by task kworker/u4:1/25
[    4.998982] 
[    4.999054] CPU: 1 PID: 25 Comm: kworker/u4:1 Not tainted 6.5.0-rc2-00225-gf718863aca46-dirty #1
[    4.999398] Hardware name: QEMU Standard PC (i440FX + PIIX, 1996), BIOS 1.16.2-debian-1.16.2-1 04/01/2014
[    4.999766] Workqueue: netns cleanup_net
[    4.999937] Call Trace:
[    5.000045]  <TASK>
[    5.000140]  dump_stack_lvl+0x36/0x50
[    5.000298]  print_report+0xcf/0x660
[    5.000450]  ? nft_immediate_deactivate+0x3e6/0x5e0
[    5.000646]  kasan_report+0xc7/0x100
[    5.000793]  ? nft_immediate_deactivate+0x3e6/0x5e0
[    5.000992]  nft_immediate_deactivate+0x3e6/0x5e0
[    5.001187]  ? kasan_save_free_info+0x2b/0x50
[    5.001370]  ? __kasan_slab_free+0x10a/0x180
[    5.001549]  ? __pfx_nft_immediate_deactivate+0x10/0x10
[    5.001766]  ? kthread+0x29b/0x370
[    5.001918]  ? ret_from_fork+0x2c/0x70
[    5.002079]  ? ret_from_fork_asm+0x1b/0x30
[    5.002252]  __nft_release_table+0x315/0xec0
[    5.002432]  ? __pfx___nft_release_table+0x10/0x10
[    5.002625]  ? __pfx_mutex_lock+0x10/0x10
[    5.002787]  nf_tables_exit_net+0x21f/0x470
[    5.002958]  ops_exit_list+0x89/0x140
[    5.003111]  cleanup_net+0x3b3/0x980
[    5.003260]  ? __pfx_cleanup_net+0x10/0x10
[    5.003429]  ? _raw_spin_lock_irq+0x81/0xe0
[    5.003602]  ? read_word_at_a_time+0xe/0x20
[    5.003775]  ? strscpy+0xad/0x290
[    5.003913]  process_one_work+0x801/0x1500
[    5.004078]  worker_thread+0xed/0x1390
[    5.004230]  ? __pfx_worker_thread+0x10/0x10
[    5.004402]  kthread+0x29b/0x370
[    5.004534]  ? __pfx_kthread+0x10/0x10
[    5.004684]  ret_from_fork+0x2c/0x70
[    5.004829]  ? __pfx_kthread+0x10/0x10
[    5.004978]  ret_from_fork_asm+0x1b/0x30
[    5.005136] RIP: 0000:0x0
[    5.005248] Code: Unable to access opcode bytes at 0xffffffffffffffd6.
[    5.005506] RSP: 0000:0000000000000000 EFLAGS: 00000000 ORIG_RAX: 0000000000000000
[    5.005802] RAX: 0000000000000000 RBX: 0000000000000000 RCX: 0000000000000000
[    5.006083] RDX: 0000000000000000 RSI: 0000000000000000 RDI: 0000000000000000
[    5.006361] RBP: 0000000000000000 R08: 0000000000000000 R09: 0000000000000000
[    5.006640] R10: 0000000000000000 R11: 0000000000000000 R12: 0000000000000000
[    5.006920] R13: 0000000000000000 R14: 0000000000000000 R15: 0000000000000000
[    5.007199]  </TASK>
[    5.007291] 
[    5.007358] Allocated by task 61:
[    5.007494]  kasan_save_stack+0x33/0x60
[    5.007651]  kasan_set_track+0x25/0x30
[    5.007802]  __kasan_kmalloc+0x8f/0xa0
[    5.007957]  nf_tables_addchain.constprop.0+0x8a2/0x2240
[    5.008175]  nf_tables_newchain+0x1692/0x2610
[    5.008356]  nfnetlink_rcv_batch+0x129a/0x1fc0
[    5.008543]  nfnetlink_rcv+0x2df/0x360
[    5.008700]  netlink_unicast+0x588/0x7f0
[    5.008861]  netlink_sendmsg+0x7b7/0xc60
[    5.009019]  sock_sendmsg+0x13d/0x180
[    5.009168]  ____sys_sendmsg+0x5c5/0x7f0
[    5.009329]  ___sys_sendmsg+0x100/0x180
[    5.009488]  __sys_sendmsg+0xe6/0x190
[    5.009641]  do_syscall_64+0x3b/0x90
[    5.009790]  entry_SYSCALL_64_after_hwframe+0x6e/0xd8
[    5.009996] 
[    5.010065] Freed by task 48:
[    5.010191]  kasan_save_stack+0x33/0x60
[    5.010351]  kasan_set_track+0x25/0x30
[    5.010508]  kasan_save_free_info+0x2b/0x50
[    5.010680]  __kasan_slab_free+0x10a/0x180
[    5.010850]  __kmem_cache_free+0x82/0x1c0
[    5.011014]  nf_tables_trans_destroy_work+0x852/0xb10
[    5.011221]  process_one_work+0x801/0x1500
[    5.011390]  worker_thread+0xed/0x1390
[    5.011546]  kthread+0x29b/0x370
[    5.011683]  ret_from_fork+0x2c/0x70
[    5.011833]  ret_from_fork_asm+0x1b/0x30
[    5.011993] 
[    5.012062] The buggy address belongs to the object at ffff888009c84200
[    5.012062]  which belongs to the cache kmalloc-128 of size 128
[    5.012557] The buggy address is located 84 bytes inside of
[    5.012557]  freed 128-byte region [ffff888009c84200, ffff888009c84280)
[    5.013040] 
[    5.013109] The buggy address belongs to the physical page:
[    5.013334] page:0000000012f72e40 refcount:1 mapcount:0 mapping:0000000000000000 index:0x0 pfn:0x9c84
[    5.013704] flags: 0x100000000000200(slab|node=0|zone=1)
[    5.013921] page_type: 0xffffffff()
[    5.014068] raw: 0100000000000200 ffff8880064418c0 dead000000000122 0000000000000000
[    5.014372] raw: 0000000000000000 0000000000100010 00000001ffffffff 0000000000000000
[    5.014671] page dumped because: kasan: bad access detected
[    5.014890] 
[    5.014957] Memory state around the buggy address:
[    5.015154]  ffff888009c84100: 00 00 00 00 00 00 00 00 00 00 00 00 00 fc fc fc
[    5.015436]  ffff888009c84180: fc fc fc fc fc fc fc fc fc fc fc fc fc fc fc fc
[    5.015717] >ffff888009c84200: fa fb fb fb fb fb fb fb fb fb fb fb fb fb fb fb
[    5.015999]                                                  ^
[    5.016228]  ffff888009c84280: fc fc fc fc fc fc fc fc fc fc fc fc fc fc fc fc
[    5.016509]  ffff888009c84300: 00 00 00 00 00 00 00 00 00 00 00 00 00 00 00 fc
[    5.016790] ==================================================================
[    5.017099] Disabling lock debugging due to kernel taint
[    5.017327] ------------[ cut here ]------------
[    5.017511] WARNING: CPU: 1 PID: 25 at include/net/netfilter/nf_tables.h:1226 nft_data_release+0xac/0xd0
[    5.017880] Modules linked in:
[    5.018007] CPU: 1 PID: 25 Comm: kworker/u4:1 Tainted: G    B              6.5.0-rc2-00225-gf718863aca46-dirty #1
[    5.018409] Hardware name: QEMU Standard PC (i440FX + PIIX, 1996), BIOS 1.16.2-debian-1.16.2-1 04/01/2014
[    5.018778] Workqueue: netns cleanup_net
[    5.018937] RIP: 0010:nft_data_release+0xac/0xd0
[    5.019128] Code: c1 ea 03 0f b6 14 02 48 89 f8 83 e0 07 83 c0 03 38 d0 7c 09 84 d2 74 05 e8 c1 5c 2c fe 8b 43 50 8d 50 ff 89 53 50 85 c0 75 9f <0f> 0b 5b c3 cc cc cc cc e8 a7 5c 2c fe eb 86 e8 d0 5c 2c fe eb aa
[    5.019845] RSP: 0018:ffffc900001b7a18 EFLAGS: 00010246
[    5.020059] RAX: 0000000000000000 RBX: ffff888009c84200 RCX: 0000000000000000
[    5.020338] RDX: 00000000ffffffff RSI: 0000000000000004 RDI: ffffc900001b79e0
[    5.020616] RBP: ffff888009c57298 R08: 0000000000000001 R09: ffffc900001b7a78
[    5.020896] R10: ffffffff8602ad87 R11: 0000000000000000 R12: ffffc900001b7bb0
[    5.021177] R13: ffff888009c572b0 R14: ffff888009c572a0 R15: 0000000000000004
[    5.021455] FS:  0000000000000000(0000) GS:ffff88806d300000(0000) knlGS:0000000000000000
[    5.021770] CS:  0010 DS: 0000 ES: 0000 CR0: 0000000080050033
[    5.021999] CR2: ffffffffffffffd6 CR3: 00000000067ee000 CR4: 0000000000750ee0
[    5.022282] PKRU: 55555554
[    5.022392] Call Trace:
[    5.022495]  <TASK>
[    5.022583]  ? __warn+0xc8/0x250
[    5.022718]  ? nft_data_release+0xac/0xd0
[    5.022880]  ? report_bug+0x26b/0x2e0
[    5.023033]  ? handle_bug+0x3c/0x70
[    5.023179]  ? exc_invalid_op+0x17/0x40
[    5.023338]  ? asm_exc_invalid_op+0x1a/0x20
[    5.023512]  ? nft_data_release+0xac/0xd0
[    5.023680]  ? nft_data_release+0x9f/0xd0
[    5.023848]  nft_immediate_deactivate+0xee/0x5e0
[    5.024046]  ? kasan_save_free_info+0x2b/0x50
[    5.024228]  ? __kasan_slab_free+0x10a/0x180
[    5.024406]  ? __pfx_nft_immediate_deactivate+0x10/0x10
[    5.024620]  ? kthread+0x29b/0x370
[    5.024763]  ? ret_from_fork+0x2c/0x70
[    5.024921]  ? ret_from_fork_asm+0x1b/0x30
[    5.025094]  __nft_release_table+0x315/0xec0
[    5.025273]  ? __pfx___nft_release_table+0x10/0x10
[    5.025471]  ? __pfx_mutex_lock+0x10/0x10
[    5.025638]  nf_tables_exit_net+0x21f/0x470
[    5.025811]  ops_exit_list+0x89/0x140
[    5.025966]  cleanup_net+0x3b3/0x980
[    5.026125]  ? __pfx_cleanup_net+0x10/0x10
[    5.026294]  ? _raw_spin_lock_irq+0x81/0xe0
[    5.026466]  ? read_word_at_a_time+0xe/0x20
[    5.026639]  ? strscpy+0xad/0x290
[    5.026779]  process_one_work+0x801/0x1500
[    5.026949]  worker_thread+0xed/0x1390
[    5.027111]  ? __pfx_worker_thread+0x10/0x10
[    5.027288]  kthread+0x29b/0x370
[    5.027422]  ? __pfx_kthread+0x10/0x10
[    5.027575]  ret_from_fork+0x2c/0x70
[    5.027724]  ? __pfx_kthread+0x10/0x10
[    5.027877]  ret_from_fork_asm+0x1b/0x30
[    5.028045] RIP: 0000:0x0
[    5.028157] Code: Unable to access opcode bytes at 0xffffffffffffffd6.
[    5.028422] RSP: 0000:0000000000000000 EFLAGS: 00000000 ORIG_RAX: 0000000000000000
[    5.028728] RAX: 0000000000000000 RBX: 0000000000000000 RCX: 0000000000000000
[    5.029018] RDX: 0000000000000000 RSI: 0000000000000000 RDI: 0000000000000000
[    5.029307] RBP: 0000000000000000 R08: 0000000000000000 R09: 0000000000000000
[    5.029590] R10: 0000000000000000 R11: 0000000000000000 R12: 0000000000000000
[    5.029873] R13: 0000000000000000 R14: 0000000000000000 R15: 0000000000000000
[    5.030162]  </TASK>
[    5.030254] ---[ end trace 0000000000000000 ]---
[    6.216127] ACPI: PM: Preparing to enter system sleep state S5
[    6.216430] reboot: Power down
CONFIRMED: KASAN_UAF
