bash: warning: setlocale: LC_ALL: cannot change locale (en_US.UTF-8)
c[?7l[2J[0mSeaBIOS (version 1.16.2-debian-1.16.2-1)


iPXE (http://ipxe.org) 00:03.0 CA00 PCI2.10 PnP PMM+7EFCEF00+7EF0EF00 CA00
Press Ctrl-B to configure iPXE (PCI 00:03.0)...                                                                               


Booting from ROM..c[?7l[2J[    0.000000] Linux version 6.5.0-rc2-00227-g16101e0434f9-dirty (root@buildkitsandbox) (gcc (Debian 12.2.0-14+deb12u1) 12.2.0, GNU ld (GNU Binutils for Debian) 2.40) #2 SMP PREEMPT_DYNAMIC Tue May  5 10:56:41 UTC 2026
[    0.000000] Command line: console=ttyS0 oops=panic nokaslr rdinit=/init
[    0.000000] BIOS-provided physical RAM map:
[    0.000000] BIOS-e820: [mem 0x0000000000000000-0x000000000009fbff] usable
[    0.000000] BIOS-e820: [mem 0x000000000009fc00-0x000000000009ffff] reserved
[    0.000000] BIOS-e820: [mem 0x00000000000f0000-0x00000000000fffff] reserved
[    0.000000] BIOS-e820: [mem 0x0000000000100000-0x000000007ffdffff] usable
[    0.000000] BIOS-e820: [mem 0x000000007ffe0000-0x000000007fffffff] reserved
[    0.000000] BIOS-e820: [mem 0x00000000feffc000-0x00000000feffffff] reserved
[    0.000000] BIOS-e820: [mem 0x00000000fffc0000-0x00000000ffffffff] reserved
[    0.000000] NX (Execute Disable) protection: active
[    0.000000] SMBIOS 2.8 present.
[    0.000000] DMI: QEMU Standard PC (i440FX + PIIX, 1996), BIOS 1.16.2-debian-1.16.2-1 04/01/2014
[    0.000000] Hypervisor detected: KVM
[    0.000000] kvm-clock: Using msrs 4b564d01 and 4b564d00
[    0.000001] kvm-clock: using sched offset of 268076035 cycles
[    0.000002] clocksource: kvm-clock: mask: 0xffffffffffffffff max_cycles: 0x1cd42e4dffb, max_idle_ns: 881590591483 ns
[    0.000004] tsc: Detected 3187.200 MHz processor
[    0.000300] last_pfn = 0x7ffe0 max_arch_pfn = 0x400000000
[    0.000319] MTRR map: 4 entries (3 fixed + 1 variable; max 19), built from 8 variable MTRRs
[    0.000321] x86/PAT: Configuration [0-7]: WB  WC  UC- UC  WB  WP  UC- WT  
[    0.002264] found SMP MP-table at [mem 0x000f5ba0-0x000f5baf]
[    0.002276] Using GB pages for direct mapping
[    0.002277] Incomplete global flushes, disabling PCID
[    0.002378] RAMDISK: [mem 0x7fe92000-0x7ffdffff]
[    0.002383] ACPI: Early table checksum verification disabled
[    0.002385] ACPI: RSDP 0x00000000000F59D0 000014 (v00 BOCHS )
[    0.002388] ACPI: RSDT 0x000000007FFE1B33 000034 (v01 BOCHS  BXPC     00000001 BXPC 00000001)
[    0.002393] ACPI: FACP 0x000000007FFE19DF 000074 (v01 BOCHS  BXPC     00000001 BXPC 00000001)
[    0.002398] ACPI: DSDT 0x000000007FFE0040 00199F (v01 BOCHS  BXPC     00000001 BXPC 00000001)
[    0.002400] ACPI: FACS 0x000000007FFE0000 000040
[    0.002402] ACPI: APIC 0x000000007FFE1A53 000080 (v01 BOCHS  BXPC     00000001 BXPC 00000001)
[    0.002403] ACPI: HPET 0x000000007FFE1AD3 000038 (v01 BOCHS  BXPC     00000001 BXPC 00000001)
[    0.002405] ACPI: WAET 0x000000007FFE1B0B 000028 (v01 BOCHS  BXPC     00000001 BXPC 00000001)
[    0.002407] ACPI: Reserving FACP table memory at [mem 0x7ffe19df-0x7ffe1a52]
[    0.002408] ACPI: Reserving DSDT table memory at [mem 0x7ffe0040-0x7ffe19de]
[    0.002409] ACPI: Reserving FACS table memory at [mem 0x7ffe0000-0x7ffe003f]
[    0.002409] ACPI: Reserving APIC table memory at [mem 0x7ffe1a53-0x7ffe1ad2]
[    0.002410] ACPI: Reserving HPET table memory at [mem 0x7ffe1ad3-0x7ffe1b0a]
[    0.002410] ACPI: Reserving WAET table memory at [mem 0x7ffe1b0b-0x7ffe1b32]
[    0.002595] No NUMA configuration found
[    0.002595] Faking a node at [mem 0x0000000000000000-0x000000007ffdffff]
[    0.002597] NODE_DATA(0) allocated [mem 0x7fe8e000-0x7fe91fff]
[    0.002605] Zone ranges:
[    0.002606]   DMA      [mem 0x0000000000001000-0x0000000000ffffff]
[    0.002607]   DMA32    [mem 0x0000000001000000-0x000000007ffdffff]
[    0.002608]   Normal   empty
[    0.002608] Movable zone start for each node
[    0.002609] Early memory node ranges
[    0.002609]   node   0: [mem 0x0000000000001000-0x000000000009efff]
[    0.002610]   node   0: [mem 0x0000000000100000-0x000000007ffdffff]
[    0.002611] Initmem setup node 0 [mem 0x0000000000001000-0x000000007ffdffff]
[    0.003441] On node 0, zone DMA: 1 pages in unavailable ranges
[    0.003478] On node 0, zone DMA: 97 pages in unavailable ranges
[    0.019846] On node 0, zone DMA32: 32 pages in unavailable ranges
[    0.146603] kasan: KernelAddressSanitizer initialized
[    0.146804] ACPI: PM-Timer IO Port: 0x608
[    0.146811] ACPI: LAPIC_NMI (acpi_id[0xff] dfl dfl lint[0x1])
[    0.146839] IOAPIC[0]: apic_id 0, version 17, address 0xfec00000, GSI 0-23
[    0.146841] ACPI: INT_SRC_OVR (bus 0 bus_irq 0 global_irq 2 dfl dfl)
[    0.146843] ACPI: INT_SRC_OVR (bus 0 bus_irq 5 global_irq 5 high level)
[    0.146843] ACPI: INT_SRC_OVR (bus 0 bus_irq 9 global_irq 9 high level)
[    0.146844] ACPI: INT_SRC_OVR (bus 0 bus_irq 10 global_irq 10 high level)
[    0.146845] ACPI: INT_SRC_OVR (bus 0 bus_irq 11 global_irq 11 high level)
[    0.146847] ACPI: Using ACPI (MADT) for SMP configuration information
[    0.146847] ACPI: HPET id: 0x8086a201 base: 0xfed00000
[    0.146849] TSC deadline timer available
[    0.146851] smpboot: Allowing 2 CPUs, 0 hotplug CPUs
[    0.146867] kvm-guest: KVM setup pv remote TLB flush
[    0.146869] kvm-guest: setup PV sched yield
[    0.146874] PM: hibernation: Registered nosave memory: [mem 0x00000000-0x00000fff]
[    0.146875] PM: hibernation: Registered nosave memory: [mem 0x0009f000-0x0009ffff]
[    0.146876] PM: hibernation: Registered nosave memory: [mem 0x000a0000-0x000effff]
[    0.146876] PM: hibernation: Registered nosave memory: [mem 0x000f0000-0x000fffff]
[    0.146878] [mem 0x80000000-0xfeffbfff] available for PCI devices
[    0.146879] Booting paravirtualized kernel on KVM
[    0.146880] clocksource: refined-jiffies: mask: 0xffffffff max_cycles: 0xffffffff, max_idle_ns: 1910969940391419 ns
[    0.154819] setup_percpu: NR_CPUS:64 nr_cpumask_bits:2 nr_cpu_ids:2 nr_node_ids:1
[    0.155834] percpu: Embedded 66 pages/cpu s232168 r8192 d29976 u1048576
[    0.155862] Kernel command line: console=ttyS0 oops=panic nokaslr rdinit=/init
[    0.155907] random: crng init done
[    0.156929] Dentry cache hash table entries: 262144 (order: 9, 2097152 bytes, linear)
[    0.158095] Inode-cache hash table entries: 131072 (order: 8, 1048576 bytes, linear)
[    0.158133] Fallback order for Node 0: 0 
[    0.158136] Built 1 zonelists, mobility grouping on.  Total pages: 515808
[    0.158137] Policy zone: DMA32
[    0.158138] mem auto-init: stack:all(zero), heap alloc:off, heap free:off
[    0.158139] stackdepot: allocating hash table via alloc_large_system_hash
[    0.161936] stackdepot hash table entries: 1048576 (order: 11, 8388608 bytes, linear)
[    0.182643] Memory: 1692960K/2096632K available (49152K kernel code, 7995K rwdata, 10236K rodata, 5680K init, 2784K bss, 403416K reserved, 0K cma-reserved)
[    0.182771] SLUB: HWalign=64, Order=0-3, MinObjects=0, CPUs=2, Nodes=1
[    0.183779] Dynamic Preempt: voluntary
[    0.185442] rcu: Preemptible hierarchical RCU implementation.
[    0.185443] rcu: 	RCU event tracing is enabled.
[    0.185443] rcu: 	RCU restricting CPUs from NR_CPUS=64 to nr_cpu_ids=2.
[    0.185444] 	Trampoline variant of Tasks RCU enabled.
[    0.185445] rcu: RCU calculated value of scheduler-enlistment delay is 100 jiffies.
[    0.185446] rcu: Adjusting geometry for rcu_fanout_leaf=16, nr_cpu_ids=2
[    0.191463] NR_IRQS: 4352, nr_irqs: 440, preallocated irqs: 16
[    0.191666] rcu: srcu_init: Setting srcu_struct sizes based on contention.
[    0.193946] Console: colour VGA+ 80x25
[    0.193972] printk: console [ttyS0] enabled
[    0.231550] ACPI: Core revision 20230331
[    0.231906] clocksource: hpet: mask: 0xffffffff max_cycles: 0xffffffff, max_idle_ns: 19112604467 ns
[    0.232482] APIC: Switch to symmetric I/O mode setup
[    0.232763] kvm-guest: setup PV IPIs
[    0.233593] ..TIMER: vector=0x30 apic1=0 pin1=2 apic2=-1 pin2=-1
[    0.233946] clocksource: tsc-early: mask: 0xffffffffffffffff max_cycles: 0x2df10e7656b, max_idle_ns: 440795364873 ns
[    0.234557] Calibrating delay loop (skipped) preset value.. 6374.40 BogoMIPS (lpj=3187200)
[    0.235105] x86/cpu: User Mode Instruction Prevention (UMIP) activated
[    0.235601] Last level iTLB entries: 4KB 0, 2MB 0, 4MB 0
[    0.235901] Last level dTLB entries: 4KB 0, 2MB 0, 4MB 0, 1GB 0
[    0.236237] Spectre V1 : Mitigation: usercopy/swapgs barriers and __user pointer sanitization
[    0.236554] Spectre V2 : Mitigation: Enhanced / Automatic IBRS
[    0.236885] Spectre V2 : Spectre v2 / SpectreRSB mitigation: Filling RSB on context switch
[    0.237552] Spectre V2 : Spectre v2 / PBRSB-eIBRS: Retire a single CALL on VMEXIT
[    0.237975] Spectre V2 : mitigation: Enabling conditional Indirect Branch Prediction Barrier
[    0.238452] Speculative Store Bypass: Mitigation: Speculative Store Bypass disabled via prctl
[    0.238552] MMIO Stale Data: Unknown: No mitigations
[    0.238845] x86/fpu: Supporting XSAVE feature 0x001: 'x87 floating point registers'
[    0.239552] x86/fpu: Supporting XSAVE feature 0x002: 'SSE registers'
[    0.239920] x86/fpu: Supporting XSAVE feature 0x004: 'AVX registers'
[    0.240290] x86/fpu: Supporting XSAVE feature 0x200: 'Protection Keys User registers'
[    0.240552] x86/fpu: xstate_offset[2]:  576, xstate_sizes[2]:  256
[    0.240910] x86/fpu: xstate_offset[9]:  832, xstate_sizes[9]:    8
[    0.241552] x86/fpu: Enabled xstate features 0x207, context size is 840 bytes, using 'compacted' format.
[    0.259305] Freeing SMP alternatives memory: 44K
[    0.259553] pid_max: default: 32768 minimum: 301
[    0.259870] LSM: initializing lsm=capability,selinux,integrity
[    0.260217] SELinux:  Initializing.
[    0.260571] Mount-cache hash table entries: 4096 (order: 3, 32768 bytes, linear)
[    0.261003] Mountpoint-cache hash table entries: 4096 (order: 3, 32768 bytes, linear)
[    0.261842] smpboot: CPU0: Intel(R) Core(TM) i9-14900K (family: 0x6, model: 0xb7, stepping: 0x1)
[    0.262528] RCU Tasks: Setting shift to 1 and lim to 1 rcu_task_cb_adjust=1.
[    0.262571] Performance Events: unsupported p6 CPU model 183 no PMU driver, software events only.
[    0.263106] signal: max sigframe size: 3632
[    0.263384] rcu: Hierarchical SRCU implementation.
[    0.263553] rcu: 	Max phase no-delay instances is 400.
[    0.264235] smp: Bringing up secondary CPUs ...
[    0.264633] smpboot: x86: Booting SMP configuration:
[    0.264926] .... node  #0, CPUs:      #1
[    0.264996] smp: Brought up 1 node, 2 CPUs
[    0.265554] smpboot: Max logical packages: 1
[    0.265812] smpboot: Total of 2 processors activated (12748.80 BogoMIPS)
[    0.267592] devtmpfs: initialized
[    0.269605] clocksource: jiffies: mask: 0xffffffff max_cycles: 0xffffffff, max_idle_ns: 1911260446275000 ns
[    0.270177] futex hash table entries: 512 (order: 3, 32768 bytes, linear)
[    0.270663] PM: RTC time: 10:59:37, date: 2026-05-05
[    0.271069] NET: Registered PF_NETLINK/PF_ROUTE protocol family
[    0.271612] audit: initializing netlink subsys (disabled)
[    0.271957] audit: type=2000 audit(1777978778.282:1): state=initialized audit_enabled=0 res=1
[    0.271957] thermal_sys: Registered thermal governor 'step_wise'
[    0.272084] thermal_sys: Registered thermal governor 'user_space'
[    0.272568] cpuidle: using governor menu
[    0.273383] PCI: Using configuration type 1 for base access
[    0.273692] kprobes: kprobe jump-optimization is enabled. All kprobes are optimized if possible.
[    0.276695] HugeTLB: registered 2.00 MiB page size, pre-allocated 0 pages
[    0.277092] HugeTLB: 28 KiB vmemmap can be freed for a 2.00 MiB page
[    0.278111] ACPI: Added _OSI(Module Device)
[    0.278111] ACPI: Added _OSI(Processor Device)
[    0.278214] ACPI: Added _OSI(3.0 _SCP Extensions)
[    0.278486] ACPI: Added _OSI(Processor Aggregator Device)
[    0.285523] ACPI: 1 ACPI AML tables successfully acquired and loaded
[    0.328843] ACPI: Interpreter enabled
[    0.329129] ACPI: PM: (supports S0 S3 S4 S5)
[    0.329380] ACPI: Using IOAPIC for interrupt routing
[    0.329586] PCI: Using host bridge windows from ACPI; if necessary, use "pci=nocrs" and report a bug
[    0.330113] PCI: Using E820 reservations for host bridge windows
[    0.330794] ACPI: Enabled 2 GPEs in block 00 to 0F
[    0.341075] ACPI: PCI Root Bridge [PCI0] (domain 0000 [bus 00-ff])
[    0.341450] acpi PNP0A03:00: _OSC: OS supports [ASPM ClockPM Segments MSI HPX-Type3]
[    0.341554] acpi PNP0A03:00: _OSC: not requesting OS control; OS requires [ExtendedConfig ASPM ClockPM MSI]
[    0.342166] acpi PNP0A03:00: fail to add MMCONFIG information, can't access extended configuration space under this bridge
[    0.342711] PCI host bridge to bus 0000:00
[    0.342953] pci_bus 0000:00: root bus resource [io  0x0000-0x0cf7 window]
[    0.343350] pci_bus 0000:00: root bus resource [io  0x0d00-0xffff window]
[    0.343554] pci_bus 0000:00: root bus resource [mem 0x000a0000-0x000bffff window]
[    0.343988] pci_bus 0000:00: root bus resource [mem 0x80000000-0xfebfffff window]
[    0.344422] pci_bus 0000:00: root bus resource [mem 0x100000000-0x17fffffff window]
[    0.344555] pci_bus 0000:00: root bus resource [bus 00-ff]
[    0.344926] pci 0000:00:00.0: [8086:1237] type 00 class 0x060000
[    0.349078] pci 0000:00:01.0: [8086:7000] type 00 class 0x060100
[    0.354126] pci 0000:00:01.1: [8086:7010] type 00 class 0x010180
[    0.355278] pci 0000:00:01.1: reg 0x20: [io  0xc040-0xc04f]
[    0.355968] pci 0000:00:01.1: legacy IDE quirk: reg 0x10: [io  0x01f0-0x01f7]
[    0.356383] pci 0000:00:01.1: legacy IDE quirk: reg 0x14: [io  0x03f6]
[    0.356553] pci 0000:00:01.1: legacy IDE quirk: reg 0x18: [io  0x0170-0x0177]
[    0.356966] pci 0000:00:01.1: legacy IDE quirk: reg 0x1c: [io  0x0376]
[    0.357508] pci 0000:00:01.3: [8086:7113] type 00 class 0x068000
[    0.357782] pci 0000:00:01.3: quirk: [io  0x0600-0x063f] claimed by PIIX4 ACPI
[    0.358202] pci 0000:00:01.3: quirk: [io  0x0700-0x070f] claimed by PIIX4 SMB
[    0.358702] pci 0000:00:02.0: [1234:1111] type 00 class 0x030000
[    0.359854] pci 0000:00:02.0: reg 0x10: [mem 0xfd000000-0xfdffffff pref]
[    0.360959] pci 0000:00:02.0: reg 0x18: [mem 0xfebf0000-0xfebf0fff]
[    0.362734] pci 0000:00:02.0: reg 0x30: [mem 0xfebe0000-0xfebeffff pref]
[    0.363178] pci 0000:00:02.0: Video device with shadowed ROM at [mem 0x000c0000-0x000dffff]
[    0.367200] pci 0000:00:03.0: [8086:100e] type 00 class 0x020000
[    0.367881] pci 0000:00:03.0: reg 0x10: [mem 0xfebc0000-0xfebdffff]
[    0.368553] pci 0000:00:03.0: reg 0x14: [io  0xc000-0xc03f]
[    0.370255] pci 0000:00:03.0: reg 0x30: [mem 0xfeb80000-0xfebbffff pref]
[    0.375151] ACPI: PCI: Interrupt link LNKA configured for IRQ 10
[    0.375853] ACPI: PCI: Interrupt link LNKB configured for IRQ 10
[    0.376547] ACPI: PCI: Interrupt link LNKC configured for IRQ 11
[    0.376893] ACPI: PCI: Interrupt link LNKD configured for IRQ 11
[    0.377381] ACPI: PCI: Interrupt link LNKS configured for IRQ 9
[    0.378494] iommu: Default domain type: Translated
[    0.378553] iommu: DMA domain TLB invalidation policy: lazy mode
[    0.379094] SCSI subsystem initialized
[    0.379332] ACPI: bus type USB registered
[    0.379583] usbcore: registered new interface driver usbfs
[    0.379916] usbcore: registered new interface driver hub
[    0.380235] usbcore: registered new device driver usb
[    0.380571] pps_core: LinuxPPS API ver. 1 registered
[    0.380859] pps_core: Software ver. 5.3.6 - Copyright 2005-2007 Rodolfo Giometti <giometti@linux.it>
[    0.381391] PTP clock support registered
[    0.381613] Advanced Linux Sound Architecture Driver Initialized.
[    0.382310] NetLabel: Initializing
[    0.382553] NetLabel:  domain hash size = 128
[    0.382824] NetLabel:  protocols = UNLABELED CIPSOv4 CALIPSO
[    0.383199] NetLabel:  unlabeled traffic allowed by default
[    0.383583] PCI: Using ACPI for IRQ routing
[    0.383891] pci 0000:00:02.0: vgaarb: setting as boot VGA device
[    0.383911] pci 0000:00:02.0: vgaarb: bridge control possible
[    0.384245] pci 0000:00:02.0: vgaarb: VGA device added: decodes=io+mem,owns=io+mem,locks=none
[    0.384554] vgaarb: loaded
[    0.384782] hpet0: at MMIO 0xfed00000, IRQs 2, 8, 0
[    0.385069] hpet0: 3 comparators, 64-bit 100.000000 MHz counter
[    0.387598] clocksource: Switched to clocksource kvm-clock
[    0.415600] VFS: Disk quotas dquot_6.6.0
[    0.415875] VFS: Dquot-cache hash table entries: 512 (order 0, 4096 bytes)
[    0.416382] pnp: PnP ACPI init
[    0.417636] pnp: PnP ACPI: found 6 devices
[    0.426238] clocksource: acpi_pm: mask: 0xffffff max_cycles: 0xffffff, max_idle_ns: 2085701024 ns
[    0.426793] NET: Registered PF_INET protocol family
[    0.427130] IP idents hash table entries: 32768 (order: 6, 262144 bytes, linear)
[    0.427987] tcp_listen_portaddr_hash hash table entries: 1024 (order: 2, 16384 bytes, linear)
[    0.428485] Table-perturb hash table entries: 65536 (order: 6, 262144 bytes, linear)
[    0.428953] TCP established hash table entries: 16384 (order: 5, 131072 bytes, linear)
[    0.429423] TCP bind hash table entries: 16384 (order: 7, 524288 bytes, linear)
[    0.429868] TCP: Hash tables configured (established 16384 bind 16384)
[    0.430961] UDP hash table entries: 1024 (order: 3, 32768 bytes, linear)
[    0.431363] UDP-Lite hash table entries: 1024 (order: 3, 32768 bytes, linear)
[    0.431845] NET: Registered PF_UNIX/PF_LOCAL protocol family
[    0.432392] RPC: Registered named UNIX socket transport module.
[    0.432737] RPC: Registered udp transport module.
[    0.433018] RPC: Registered tcp transport module.
[    0.433288] RPC: Registered tcp-with-tls transport module.
[    0.433590] RPC: Registered tcp NFSv4.1 backchannel transport module.
[    0.434304] pci_bus 0000:00: resource 4 [io  0x0000-0x0cf7 window]
[    0.434663] pci_bus 0000:00: resource 5 [io  0x0d00-0xffff window]
[    0.435025] pci_bus 0000:00: resource 6 [mem 0x000a0000-0x000bffff window]
[    0.435421] pci_bus 0000:00: resource 7 [mem 0x80000000-0xfebfffff window]
[    0.435814] pci_bus 0000:00: resource 8 [mem 0x100000000-0x17fffffff window]
[    0.436310] pci 0000:00:01.0: PIIX3: Enabling Passive Release
[    0.436649] pci 0000:00:00.0: Limiting direct PCI/PCI transfers
[    0.437022] PCI: CLS 0 bytes, default 64
[    0.437381] Unpacking initramfs...
[    0.441962] RAPL PMU: API unit is 2^-32 Joules, 0 fixed counters, 10737418240 ms ovfl timer
[    0.442479] clocksource: tsc: mask: 0xffffffffffffffff max_cycles: 0x2df10e7656b, max_idle_ns: 440795364873 ns
[    0.444245] Initialise system trusted keyrings
[    0.444576] workingset: timestamp_bits=56 max_order=19 bucket_order=0
[    0.445262] NFS: Registering the id_resolver key type
[    0.445564] Key type id_resolver registered
[    0.445811] Key type id_legacy registered
[    0.446113] 9p: Installing v9fs 9p2000 file system support
[    0.451224] Key type asymmetric registered
[    0.451491] Freeing initrd memory: 1336K
[    0.451500] Asymmetric key parser 'x509' registered
[    0.451529] Block layer SCSI generic (bsg) driver version 0.4 loaded (major 251)
[    0.452474] io scheduler mq-deadline registered
[    0.452740] io scheduler kyber registered
[    0.453276] input: Power Button as /devices/LNXSYSTM:00/LNXPWRBN:00/input/input0
[    0.453809] ACPI: button: Power Button [PWRF]
[    0.454459] Serial: 8250/16550 driver, 4 ports, IRQ sharing enabled
[    0.454994] 00:04: ttyS0 at I/O 0x3f8 (irq = 4, base_baud = 115200) is a 16550A
[    0.456273] Non-volatile memory driver v1.3
[    0.456520] Linux agpgart interface v0.103
[    0.456837] ACPI: bus type drm_connector registered
[    0.461999] loop: module loaded
[    0.463234] scsi host0: ata_piix
[    0.463635] scsi host1: ata_piix
[    0.463914] ata1: PATA max MWDMA2 cmd 0x1f0 ctl 0x3f6 bmdma 0xc040 irq 14
[    0.464310] ata2: PATA max MWDMA2 cmd 0x170 ctl 0x376 bmdma 0xc048 irq 15
[    0.465141] e100: Intel(R) PRO/100 Network Driver
[    0.465419] e100: Copyright(c) 1999-2006 Intel Corporation
[    0.465751] e1000: Intel(R) PRO/1000 Network Driver
[    0.466051] e1000: Copyright (c) 1999-2006 Intel Corporation.
[    0.624190] ata2: found unknown device (class 0)
[    0.624802] ata2.00: ATAPI: QEMU DVD-ROM, 2.5+, max UDMA/100
[    0.625734] scsi 1:0:0:0: CD-ROM            QEMU     QEMU DVD-ROM     2.5+ PQ: 0 ANSI: 5
[    0.657188] sr 1:0:0:0: [sr0] scsi3-mmc drive: 4x/4x cd/rw xa/form2 tray
[    0.657579] cdrom: Uniform CD-ROM driver Revision: 3.20
[    0.772720] ACPI: \_SB_.LNKC: Enabled at IRQ 11
[    1.063471] e1000 0000:00:03.0 eth0: (PCI:33MHz:32-bit) 52:54:00:12:34:56
[    1.063895] e1000 0000:00:03.0 eth0: Intel(R) PRO/1000 Network Connection
[    1.064314] e1000e: Intel(R) PRO/1000 Network Driver
[    1.064603] e1000e: Copyright(c) 1999 - 2015 Intel Corporation.
[    1.064971] sky2: driver version 1.30
[    1.065542] usbcore: registered new interface driver usblp
[    1.065897] usbcore: registered new interface driver usb-storage
[    1.066304] i8042: PNP: PS/2 Controller [PNP0303:KBD,PNP0f13:MOU] at 0x60,0x64 irq 1,12
[    1.067227] serio: i8042 KBD port at 0x60,0x64 irq 1
[    1.067522] serio: i8042 AUX port at 0x60,0x64 irq 12
[    1.068118] rtc_cmos 00:05: RTC can wake from S4
[    1.068533] input: AT Translated Set 2 keyboard as /devices/platform/i8042/serio0/input/input1
[    1.070361] rtc_cmos 00:05: registered as rtc0
[    1.070682] rtc_cmos 00:05: alarms up to one day, y3k, 242 bytes nvram, hpet irqs
[    1.071368] device-mapper: ioctl: 4.48.0-ioctl (2023-03-01) initialised: dm-devel@redhat.com
[    1.071876] intel_pstate: CPU model not supported
[    1.072201] hid: raw HID events driver (C) Jiri Kosina
[    1.072723] usbcore: registered new interface driver usbhid
[    1.073057] usbhid: USB HID core driver
[    1.074016] Initializing XFRM netlink socket
[    1.074314] NET: Registered PF_INET6 protocol family
[    1.075052] Segment Routing with IPv6
[    1.075283] In-situ OAM (IOAM) with IPv6
[    1.075557] sit: IPv6, IPv4 and MPLS over IPv4 tunneling driver
[    1.076129] NET: Registered PF_PACKET protocol family
[    1.076459] 9pnet: Installing 9P2000 support
[    1.076729] Key type dns_resolver registered
[    1.077232] IPI shorthand broadcast: enabled
[    1.084929] sched_clock: Marking stable (1044000890, 40880086)->(1092349804, -7468828)
[    1.085526] registered taskstats version 1
[    1.085808] Loading compiled-in X.509 certificates
[    1.091980] PM:   Magic number: 10:869:981
[    1.092260] printk: console [netcon0] enabled
[    1.092516] netconsole: network logging started
[    1.092860] cfg80211: Loading compiled-in X.509 certificates for regulatory database
[    1.093500] kworker/u4:1 (51) used greatest stack depth: 29536 bytes left
[    1.094274] Loaded X.509 cert 'sforshee: 00b28ddf47aef9cea7'
[    1.095309] ALSA device list:
[    1.095847]   No soundcards found.
[    1.097988] Freeing unused kernel image (initmem) memory: 5680K
[    1.098857] platform regulatory.0: Direct firmware load for regulatory.db failed with error -2
[    1.099898] cfg80211: failed to load regulatory.db
[    1.101943] Write protecting the kernel read-only data: 59392k
[    1.102740] Freeing unused kernel image (rodata/data gap) memory: 4K
[    1.112017] x86/mm: Checked W+X mappings: passed, no W+X pages found.
[    1.112326] Run /init as init process
[    1.113846] mount (55) used greatest stack depth: 28760 bytes left

secb: rootfs ready
---- poc begin ----
poc: start: CVE-2023-4015 PREPARE_ERROR double-deactivate -> chain UAF
poc: userns: uid=0
poc: iter 0
poc: iter 8
[    1.690353] input: ImExPS/2 Generic Explorer Mouse as /devices/platform/i8042/serio1/input/input3
poc: iter 16
poc: iter 24
poc: done
[    5.113472] poc (61) used greatest stack depth: 26576 bytes left
---- poc end rc=0 ----
secb: poc exited without crashing the kernel
[    6.363864] ACPI: PM: Preparing to enter system sleep state S5
[    6.364184] reboot: Power down
NO_CRASH_DETECTED
