bash: warning: setlocale: LC_ALL: cannot change locale (en_US.UTF-8)
c[?7l[2J[0mSeaBIOS (version 1.16.2-debian-1.16.2-1)


iPXE (http://ipxe.org) 00:03.0 CA00 PCI2.10 PnP PMM+7EFCEF00+7EF0EF00 CA00
Press Ctrl-B to configure iPXE (PCI 00:03.0)...                                                                               


Booting from ROM..c[?7l[2J[    0.000000] Linux version 6.4.0-04329-gf635c809ee52-dirty (root@buildkitsandbox) (gcc (Debian 12.2.0-14+deb12u1) 12.2.0, GNU ld (GNU Binutils for Debian) 2.40) #2 SMP PREEMPT_DYNAMIC Tue May  5 10:04:24 UTC 2026
[    0.000000] Command line: console=ttyS0 oops=panic nokaslr rdinit=/init
[    0.000000] BIOS-provided physical RAM map:
[    0.000000] BIOS-e820: [mem 0x0000000000000000-0x000000000009fbff] usable
[    0.000000] BIOS-e820: [mem 0x000000000009fc00-0x000000000009ffff] reserved
[    0.000000] BIOS-e820: [mem 0x00000000000f0000-0x00000000000fffff] reserved
[    0.000000] BIOS-e820: [mem 0x0000000000100000-0x000000007ffdffff] usable
[    0.000000] BIOS-e820: [mem 0x000000007ffe0000-0x000000007fffffff] reserved
[    0.000000] BIOS-e820: [mem 0x00000000feffc000-0x00000000feffffff] reserved
[    0.000000] BIOS-e820: [mem 0x00000000fffc0000-0x00000000ffffffff] reserved
[    0.000000] NX (Execute Disable) protection: active
[    0.000000] SMBIOS 2.8 present.
[    0.000000] DMI: QEMU Standard PC (i440FX + PIIX, 1996), BIOS 1.16.2-debian-1.16.2-1 04/01/2014
[    0.000000] Hypervisor detected: KVM
[    0.000000] kvm-clock: Using msrs 4b564d01 and 4b564d00
[    0.000001] kvm-clock: using sched offset of 258354961 cycles
[    0.000002] clocksource: kvm-clock: mask: 0xffffffffffffffff max_cycles: 0x1cd42e4dffb, max_idle_ns: 881590591483 ns
[    0.000004] tsc: Detected 3187.200 MHz processor
[    0.000306] last_pfn = 0x7ffe0 max_arch_pfn = 0x400000000
[    0.000324] MTRR map: 4 entries (3 fixed + 1 variable; max 19), built from 8 variable MTRRs
[    0.000326] x86/PAT: Configuration [0-7]: WB  WC  UC- UC  WB  WP  UC- WT  
[    0.002252] found SMP MP-table at [mem 0x000f5ba0-0x000f5baf]
[    0.002260] Using GB pages for direct mapping
[    0.002260] Incomplete global flushes, disabling PCID
[    0.002345] RAMDISK: [mem 0x7fe92000-0x7ffdffff]
[    0.002349] ACPI: Early table checksum verification disabled
[    0.002351] ACPI: RSDP 0x00000000000F59D0 000014 (v00 BOCHS )
[    0.002353] ACPI: RSDT 0x000000007FFE1B33 000034 (v01 BOCHS  BXPC     00000001 BXPC 00000001)
[    0.002358] ACPI: FACP 0x000000007FFE19DF 000074 (v01 BOCHS  BXPC     00000001 BXPC 00000001)
[    0.002361] ACPI: DSDT 0x000000007FFE0040 00199F (v01 BOCHS  BXPC     00000001 BXPC 00000001)
[    0.002364] ACPI: FACS 0x000000007FFE0000 000040
[    0.002365] ACPI: APIC 0x000000007FFE1A53 000080 (v01 BOCHS  BXPC     00000001 BXPC 00000001)
[    0.002367] ACPI: HPET 0x000000007FFE1AD3 000038 (v01 BOCHS  BXPC     00000001 BXPC 00000001)
[    0.002368] ACPI: WAET 0x000000007FFE1B0B 000028 (v01 BOCHS  BXPC     00000001 BXPC 00000001)
[    0.002369] ACPI: Reserving FACP table memory at [mem 0x7ffe19df-0x7ffe1a52]
[    0.002370] ACPI: Reserving DSDT table memory at [mem 0x7ffe0040-0x7ffe19de]
[    0.002371] ACPI: Reserving FACS table memory at [mem 0x7ffe0000-0x7ffe003f]
[    0.002371] ACPI: Reserving APIC table memory at [mem 0x7ffe1a53-0x7ffe1ad2]
[    0.002372] ACPI: Reserving HPET table memory at [mem 0x7ffe1ad3-0x7ffe1b0a]
[    0.002372] ACPI: Reserving WAET table memory at [mem 0x7ffe1b0b-0x7ffe1b32]
[    0.002551] No NUMA configuration found
[    0.002551] Faking a node at [mem 0x0000000000000000-0x000000007ffdffff]
[    0.002553] NODE_DATA(0) allocated [mem 0x7fe8e000-0x7fe91fff]
[    0.002561] Zone ranges:
[    0.002562]   DMA      [mem 0x0000000000001000-0x0000000000ffffff]
[    0.002563]   DMA32    [mem 0x0000000001000000-0x000000007ffdffff]
[    0.002563]   Normal   empty
[    0.002564] Movable zone start for each node
[    0.002564] Early memory node ranges
[    0.002565]   node   0: [mem 0x0000000000001000-0x000000000009efff]
[    0.002566]   node   0: [mem 0x0000000000100000-0x000000007ffdffff]
[    0.002566] Initmem setup node 0 [mem 0x0000000000001000-0x000000007ffdffff]
[    0.002742] On node 0, zone DMA: 1 pages in unavailable ranges
[    0.002777] On node 0, zone DMA: 97 pages in unavailable ranges
[    0.009298] On node 0, zone DMA32: 32 pages in unavailable ranges
[    0.112487] kasan: KernelAddressSanitizer initialized
[    0.112696] ACPI: PM-Timer IO Port: 0x608
[    0.112702] ACPI: LAPIC_NMI (acpi_id[0xff] dfl dfl lint[0x1])
[    0.112728] IOAPIC[0]: apic_id 0, version 17, address 0xfec00000, GSI 0-23
[    0.112730] ACPI: INT_SRC_OVR (bus 0 bus_irq 0 global_irq 2 dfl dfl)
[    0.112731] ACPI: INT_SRC_OVR (bus 0 bus_irq 5 global_irq 5 high level)
[    0.112732] ACPI: INT_SRC_OVR (bus 0 bus_irq 9 global_irq 9 high level)
[    0.112733] ACPI: INT_SRC_OVR (bus 0 bus_irq 10 global_irq 10 high level)
[    0.112733] ACPI: INT_SRC_OVR (bus 0 bus_irq 11 global_irq 11 high level)
[    0.112735] ACPI: Using ACPI (MADT) for SMP configuration information
[    0.112736] ACPI: HPET id: 0x8086a201 base: 0xfed00000
[    0.112738] TSC deadline timer available
[    0.112739] smpboot: Allowing 2 CPUs, 0 hotplug CPUs
[    0.112754] kvm-guest: KVM setup pv remote TLB flush
[    0.112757] kvm-guest: setup PV sched yield
[    0.112762] PM: hibernation: Registered nosave memory: [mem 0x00000000-0x00000fff]
[    0.112763] PM: hibernation: Registered nosave memory: [mem 0x0009f000-0x0009ffff]
[    0.112764] PM: hibernation: Registered nosave memory: [mem 0x000a0000-0x000effff]
[    0.112764] PM: hibernation: Registered nosave memory: [mem 0x000f0000-0x000fffff]
[    0.112765] [mem 0x80000000-0xfeffbfff] available for PCI devices
[    0.112766] Booting paravirtualized kernel on KVM
[    0.112767] clocksource: refined-jiffies: mask: 0xffffffff max_cycles: 0xffffffff, max_idle_ns: 1910969940391419 ns
[    0.120750] setup_percpu: NR_CPUS:64 nr_cpumask_bits:2 nr_cpu_ids:2 nr_node_ids:1
[    0.122952] percpu: Embedded 66 pages/cpu s232168 r8192 d29976 u1048576
[    0.122983] Kernel command line: console=ttyS0 oops=panic nokaslr rdinit=/init
[    0.123034] random: crng init done
[    0.124109] Dentry cache hash table entries: 262144 (order: 9, 2097152 bytes, linear)
[    0.124778] Inode-cache hash table entries: 131072 (order: 8, 1048576 bytes, linear)
[    0.124814] Fallback order for Node 0: 0 
[    0.124817] Built 1 zonelists, mobility grouping on.  Total pages: 515808
[    0.124818] Policy zone: DMA32
[    0.124819] mem auto-init: stack:all(zero), heap alloc:off, heap free:off
[    0.124820] stackdepot: allocating hash table via alloc_large_system_hash
[    0.128884] stackdepot hash table entries: 1048576 (order: 11, 8388608 bytes, linear)
[    0.149299] Memory: 1692960K/2096632K available (49152K kernel code, 7948K rwdata, 10076K rodata, 5648K init, 2936K bss, 403416K reserved, 0K cma-reserved)
[    0.149425] SLUB: HWalign=64, Order=0-3, MinObjects=0, CPUs=2, Nodes=1
[    0.150368] Dynamic Preempt: voluntary
[    0.151563] rcu: Preemptible hierarchical RCU implementation.
[    0.151564] rcu: 	RCU event tracing is enabled.
[    0.151565] rcu: 	RCU restricting CPUs from NR_CPUS=64 to nr_cpu_ids=2.
[    0.151566] 	Trampoline variant of Tasks RCU enabled.
[    0.151567] rcu: RCU calculated value of scheduler-enlistment delay is 100 jiffies.
[    0.151568] rcu: Adjusting geometry for rcu_fanout_leaf=16, nr_cpu_ids=2
[    0.157566] NR_IRQS: 4352, nr_irqs: 440, preallocated irqs: 16
[    0.157768] rcu: srcu_init: Setting srcu_struct sizes based on contention.
[    0.160057] Console: colour VGA+ 80x25
[    0.160082] printk: console [ttyS0] enabled
[    0.197495] ACPI: Core revision 20230331
[    0.197862] clocksource: hpet: mask: 0xffffffff max_cycles: 0xffffffff, max_idle_ns: 19112604467 ns
[    0.198453] APIC: Switch to symmetric I/O mode setup
[    0.198743] kvm-guest: setup PV IPIs
[    0.199610] ..TIMER: vector=0x30 apic1=0 pin1=2 apic2=-1 pin2=-1
[    0.199961] clocksource: tsc-early: mask: 0xffffffffffffffff max_cycles: 0x2df10e7656b, max_idle_ns: 440795364873 ns
[    0.200565] Calibrating delay loop (skipped) preset value.. 6374.40 BogoMIPS (lpj=3187200)
[    0.201101] x86/cpu: User Mode Instruction Prevention (UMIP) activated
[    0.201609] Last level iTLB entries: 4KB 0, 2MB 0, 4MB 0
[    0.201910] Last level dTLB entries: 4KB 0, 2MB 0, 4MB 0, 1GB 0
[    0.202247] Spectre V1 : Mitigation: usercopy/swapgs barriers and __user pointer sanitization
[    0.202562] Spectre V2 : Mitigation: Enhanced / Automatic IBRS
[    0.202894] Spectre V2 : Spectre v2 / SpectreRSB mitigation: Filling RSB on context switch
[    0.203561] Spectre V2 : Spectre v2 / PBRSB-eIBRS: Retire a single CALL on VMEXIT
[    0.204006] Spectre V2 : mitigation: Enabling conditional Indirect Branch Prediction Barrier
[    0.204561] Speculative Store Bypass: Mitigation: Speculative Store Bypass disabled via prctl
[    0.205206] MMIO Stale Data: Unknown: No mitigations
[    0.205520] x86/fpu: Supporting XSAVE feature 0x001: 'x87 floating point registers'
[    0.205561] x86/fpu: Supporting XSAVE feature 0x002: 'SSE registers'
[    0.205933] x86/fpu: Supporting XSAVE feature 0x004: 'AVX registers'
[    0.206561] x86/fpu: Supporting XSAVE feature 0x200: 'Protection Keys User registers'
[    0.207017] x86/fpu: xstate_offset[2]:  576, xstate_sizes[2]:  256
[    0.207561] x86/fpu: xstate_offset[9]:  832, xstate_sizes[9]:    8
[    0.207921] x86/fpu: Enabled xstate features 0x207, context size is 840 bytes, using 'compacted' format.
[    0.223852] Freeing SMP alternatives memory: 44K
[    0.224140] pid_max: default: 32768 minimum: 301
[    0.224456] LSM: initializing lsm=capability,selinux,integrity
[    0.224567] SELinux:  Initializing.
[    0.224831] Mount-cache hash table entries: 4096 (order: 3, 32768 bytes, linear)
[    0.225259] Mountpoint-cache hash table entries: 4096 (order: 3, 32768 bytes, linear)
[    0.226961] smpboot: CPU0: Intel(R) Core(TM) i9-14900K (family: 0x6, model: 0xb7, stepping: 0x1)
[    0.227560] RCU Tasks: Setting shift to 1 and lim to 1 rcu_task_cb_adjust=1.
[    0.227578] Performance Events: unsupported p6 CPU model 183 no PMU driver, software events only.
[    0.228138] signal: max sigframe size: 3632
[    0.228431] rcu: Hierarchical SRCU implementation.
[    0.228562] rcu: 	Max phase no-delay instances is 400.
[    0.229225] smp: Bringing up secondary CPUs ...
[    0.229612] smpboot: x86: Booting SMP configuration:
[    0.229914] .... node  #0, CPUs:      #1
[    0.229994] smp: Brought up 1 node, 2 CPUs
[    0.230818] smpboot: Max logical packages: 1
[    0.231073] smpboot: Total of 2 processors activated (12748.80 BogoMIPS)
[    0.233615] devtmpfs: initialized
[    0.236139] clocksource: jiffies: mask: 0xffffffff max_cycles: 0xffffffff, max_idle_ns: 1911260446275000 ns
[    0.236565] futex hash table entries: 512 (order: 3, 32768 bytes, linear)
[    0.237084] PM: RTC time: 10:07:47, date: 2026-05-05
[    0.237508] NET: Registered PF_NETLINK/PF_ROUTE protocol family
[    0.237746] audit: initializing netlink subsys (disabled)
[    0.238099] audit: type=2000 audit(1777975667.625:1): state=initialized audit_enabled=0 res=1
[    0.238099] thermal_sys: Registered thermal governor 'step_wise'
[    0.238563] thermal_sys: Registered thermal governor 'user_space'
[    0.238950] cpuidle: using governor menu
[    0.239739] PCI: Using configuration type 1 for base access
[    0.240225] kprobes: kprobe jump-optimization is enabled. All kprobes are optimized if possible.
[    0.242695] HugeTLB: registered 2.00 MiB page size, pre-allocated 0 pages
[    0.243119] HugeTLB: 28 KiB vmemmap can be freed for a 2.00 MiB page
[    0.244650] ACPI: Added _OSI(Module Device)
[    0.244905] ACPI: Added _OSI(Processor Device)
[    0.245177] ACPI: Added _OSI(3.0 _SCP Extensions)
[    0.245457] ACPI: Added _OSI(Processor Aggregator Device)
[    0.254033] ACPI: 1 ACPI AML tables successfully acquired and loaded
[    0.297755] ACPI: Interpreter enabled
[    0.298032] ACPI: PM: (supports S0 S3 S4 S5)
[    0.298285] ACPI: Using IOAPIC for interrupt routing
[    0.298592] PCI: Using host bridge windows from ACPI; if necessary, use "pci=nocrs" and report a bug
[    0.299121] PCI: Using E820 reservations for host bridge windows
[    0.299782] ACPI: Enabled 2 GPEs in block 00 to 0F
[    0.309583] ACPI: PCI Root Bridge [PCI0] (domain 0000 [bus 00-ff])
[    0.309961] acpi PNP0A03:00: _OSC: OS supports [ASPM ClockPM Segments MSI HPX-Type3]
[    0.310420] acpi PNP0A03:00: _OSC: not requesting OS control; OS requires [ExtendedConfig ASPM ClockPM MSI]
[    0.310607] acpi PNP0A03:00: fail to add MMCONFIG information, can't access extended configuration space under this bridge
[    0.311402] PCI host bridge to bus 0000:00
[    0.311563] pci_bus 0000:00: root bus resource [io  0x0000-0x0cf7 window]
[    0.311963] pci_bus 0000:00: root bus resource [io  0x0d00-0xffff window]
[    0.312366] pci_bus 0000:00: root bus resource [mem 0x000a0000-0x000bffff window]
[    0.312563] pci_bus 0000:00: root bus resource [mem 0x80000000-0xfebfffff window]
[    0.313010] pci_bus 0000:00: root bus resource [mem 0x100000000-0x17fffffff window]
[    0.313469] pci_bus 0000:00: root bus resource [bus 00-ff]
[    0.313609] pci 0000:00:00.0: [8086:1237] type 00 class 0x060000
[    0.317636] pci 0000:00:01.0: [8086:7000] type 00 class 0x060100
[    0.321891] pci 0000:00:01.1: [8086:7010] type 00 class 0x010180
[    0.323017] pci 0000:00:01.1: reg 0x20: [io  0xc040-0xc04f]
[    0.323748] pci 0000:00:01.1: legacy IDE quirk: reg 0x10: [io  0x01f0-0x01f7]
[    0.324164] pci 0000:00:01.1: legacy IDE quirk: reg 0x14: [io  0x03f6]
[    0.324543] pci 0000:00:01.1: legacy IDE quirk: reg 0x18: [io  0x0170-0x0177]
[    0.324561] pci 0000:00:01.1: legacy IDE quirk: reg 0x1c: [io  0x0376]
[    0.325096] pci 0000:00:01.3: [8086:7113] type 00 class 0x068000
[    0.325676] pci 0000:00:01.3: quirk: [io  0x0600-0x063f] claimed by PIIX4 ACPI
[    0.326103] pci 0000:00:01.3: quirk: [io  0x0700-0x070f] claimed by PIIX4 SMB
[    0.326693] pci 0000:00:02.0: [1234:1111] type 00 class 0x030000
[    0.327569] pci 0000:00:02.0: reg 0x10: [mem 0xfd000000-0xfdffffff pref]
[    0.328751] pci 0000:00:02.0: reg 0x18: [mem 0xfebf0000-0xfebf0fff]
[    0.330550] pci 0000:00:02.0: reg 0x30: [mem 0xfebe0000-0xfebeffff pref]
[    0.330611] pci 0000:00:02.0: Video device with shadowed ROM at [mem 0x000c0000-0x000dffff]
[    0.335094] pci 0000:00:03.0: [8086:100e] type 00 class 0x020000
[    0.335722] pci 0000:00:03.0: reg 0x10: [mem 0xfebc0000-0xfebdffff]
[    0.336407] pci 0000:00:03.0: reg 0x14: [io  0xc000-0xc03f]
[    0.337958] pci 0000:00:03.0: reg 0x30: [mem 0xfeb80000-0xfebbffff pref]
[    0.342758] ACPI: PCI: Interrupt link LNKA configured for IRQ 10
[    0.343445] ACPI: PCI: Interrupt link LNKB configured for IRQ 10
[    0.343893] ACPI: PCI: Interrupt link LNKC configured for IRQ 11
[    0.344574] ACPI: PCI: Interrupt link LNKD configured for IRQ 11
[    0.345054] ACPI: PCI: Interrupt link LNKS configured for IRQ 9
[    0.346287] iommu: Default domain type: Translated 
[    0.346561] iommu: DMA domain TLB invalidation policy: lazy mode 
[    0.347089] SCSI subsystem initialized
[    0.347326] ACPI: bus type USB registered
[    0.347616] usbcore: registered new interface driver usbfs
[    0.348590] usbcore: registered new interface driver hub
[    0.349154] usbcore: registered new device driver usb
[    0.349505] pps_core: LinuxPPS API ver. 1 registered
[    0.349563] pps_core: Software ver. 5.3.6 - Copyright 2005-2007 Rodolfo Giometti <giometti@linux.it>
[    0.350126] PTP clock support registered
[    0.350621] Advanced Linux Sound Architecture Driver Initialized.
[    0.351321] NetLabel: Initializing
[    0.351526] NetLabel:  domain hash size = 128
[    0.352562] NetLabel:  protocols = UNLABELED CIPSOv4 CALIPSO
[    0.352927] NetLabel:  unlabeled traffic allowed by default
[    0.353276] PCI: Using ACPI for IRQ routing
[    0.353644] pci 0000:00:02.0: vgaarb: setting as boot VGA device
[    0.353928] pci 0000:00:02.0: vgaarb: bridge control possible
[    0.354272] pci 0000:00:02.0: vgaarb: VGA device added: decodes=io+mem,owns=io+mem,locks=none
[    0.354562] vgaarb: loaded
[    0.354785] hpet0: at MMIO 0xfed00000, IRQs 2, 8, 0
[    0.355069] hpet0: 3 comparators, 64-bit 100.000000 MHz counter
[    0.359606] clocksource: Switched to clocksource kvm-clock
[    0.360107] VFS: Disk quotas dquot_6.6.0
[    0.360353] VFS: Dquot-cache hash table entries: 512 (order 0, 4096 bytes)
[    0.361240] pnp: PnP ACPI init
[    0.362431] pnp: PnP ACPI: found 6 devices
[    0.370379] clocksource: acpi_pm: mask: 0xffffff max_cycles: 0xffffff, max_idle_ns: 2085701024 ns
[    0.370969] NET: Registered PF_INET protocol family
[    0.371334] IP idents hash table entries: 32768 (order: 6, 262144 bytes, linear)
[    0.372198] tcp_listen_portaddr_hash hash table entries: 1024 (order: 2, 16384 bytes, linear)
[    0.372711] Table-perturb hash table entries: 65536 (order: 6, 262144 bytes, linear)
[    0.373180] TCP established hash table entries: 16384 (order: 5, 131072 bytes, linear)
[    0.373667] TCP bind hash table entries: 16384 (order: 7, 524288 bytes, linear)
[    0.374110] TCP: Hash tables configured (established 16384 bind 16384)
[    0.374524] UDP hash table entries: 1024 (order: 3, 32768 bytes, linear)
[    0.374928] UDP-Lite hash table entries: 1024 (order: 3, 32768 bytes, linear)
[    0.375414] NET: Registered PF_UNIX/PF_LOCAL protocol family
[    0.384587] RPC: Registered named UNIX socket transport module.
[    0.384981] RPC: Registered udp transport module.
[    0.385269] RPC: Registered tcp transport module.
[    0.385550] RPC: Registered tcp NFSv4.1 backchannel transport module.
[    0.386291] pci_bus 0000:00: resource 4 [io  0x0000-0x0cf7 window]
[    0.386655] pci_bus 0000:00: resource 5 [io  0x0d00-0xffff window]
[    0.387015] pci_bus 0000:00: resource 6 [mem 0x000a0000-0x000bffff window]
[    0.387413] pci_bus 0000:00: resource 7 [mem 0x80000000-0xfebfffff window]
[    0.387811] pci_bus 0000:00: resource 8 [mem 0x100000000-0x17fffffff window]
[    0.388301] pci 0000:00:01.0: PIIX3: Enabling Passive Release
[    0.388643] pci 0000:00:00.0: Limiting direct PCI/PCI transfers
[    0.389036] PCI: CLS 0 bytes, default 64
[    0.389337] RAPL PMU: API unit is 2^-32 Joules, 0 fixed counters, 10737418240 ms ovfl timer
[    0.389398] Unpacking initramfs...
[    0.389874] clocksource: tsc: mask: 0xffffffffffffffff max_cycles: 0x2df10e7656b, max_idle_ns: 440795364873 ns
[    0.391742] Initialise system trusted keyrings
[    0.392806] workingset: timestamp_bits=56 max_order=19 bucket_order=0
[    0.394885] NFS: Registering the id_resolver key type
[    0.395206] Key type id_resolver registered
[    0.395468] Key type id_legacy registered
[    0.395768] 9p: Installing v9fs 9p2000 file system support
[    0.400076] Key type asymmetric registered
[    0.400657] Asymmetric key parser 'x509' registered
[    0.401004] Block layer SCSI generic (bsg) driver version 0.4 loaded (major 251)
[    0.401473] io scheduler mq-deadline registered
[    0.401752] io scheduler kyber registered
[    0.402920] input: Power Button as /devices/LNXSYSTM:00/LNXPWRBN:00/input/input0
[    0.403428] Freeing initrd memory: 1336K
[    0.403724] ACPI: button: Power Button [PWRF]
[    0.404322] Serial: 8250/16550 driver, 4 ports, IRQ sharing enabled
[    0.404765] 00:04: ttyS0 at I/O 0x3f8 (irq = 4, base_baud = 115200) is a 16550A
[    0.405729] Non-volatile memory driver v1.3
[    0.405979] Linux agpgart interface v0.103
[    0.406288] ACPI: bus type drm_connector registered
[    0.409758] loop: module loaded
[    0.410921] scsi host0: ata_piix
[    0.411319] scsi host1: ata_piix
[    0.411594] ata1: PATA max MWDMA2 cmd 0x1f0 ctl 0x3f6 bmdma 0xc040 irq 14
[    0.411990] ata2: PATA max MWDMA2 cmd 0x170 ctl 0x376 bmdma 0xc048 irq 15
[    0.412795] e100: Intel(R) PRO/100 Network Driver
[    0.413091] e100: Copyright(c) 1999-2006 Intel Corporation
[    0.413432] e1000: Intel(R) PRO/1000 Network Driver
[    0.413910] e1000: Copyright (c) 1999-2006 Intel Corporation.
[    0.566990] ata2: found unknown device (class 0)
[    0.567603] ata2.00: ATAPI: QEMU DVD-ROM, 2.5+, max UDMA/100
[    0.568577] scsi 1:0:0:0: CD-ROM            QEMU     QEMU DVD-ROM     2.5+ PQ: 0 ANSI: 5
[    0.584097] sr 1:0:0:0: [sr0] scsi3-mmc drive: 4x/4x cd/rw xa/form2 tray
[    0.584502] cdrom: Uniform CD-ROM driver Revision: 3.20
[    0.715225] ACPI: \_SB_.LNKC: Enabled at IRQ 11
[    1.004272] e1000 0000:00:03.0 eth0: (PCI:33MHz:32-bit) 52:54:00:12:34:56
[    1.004689] e1000 0000:00:03.0 eth0: Intel(R) PRO/1000 Network Connection
[    1.005120] e1000e: Intel(R) PRO/1000 Network Driver
[    1.005410] e1000e: Copyright(c) 1999 - 2015 Intel Corporation.
[    1.005771] sky2: driver version 1.30
[    1.006315] usbcore: registered new interface driver usblp
[    1.006659] usbcore: registered new interface driver usb-storage
[    1.007064] i8042: PNP: PS/2 Controller [PNP0303:KBD,PNP0f13:MOU] at 0x60,0x64 irq 1,12
[    1.008012] serio: i8042 KBD port at 0x60,0x64 irq 1
[    1.008305] serio: i8042 AUX port at 0x60,0x64 irq 12
[    1.009075] input: AT Translated Set 2 keyboard as /devices/platform/i8042/serio0/input/input1
[    1.009820] rtc_cmos 00:05: RTC can wake from S4
[    1.010877] rtc_cmos 00:05: registered as rtc0
[    1.011212] rtc_cmos 00:05: alarms up to one day, y3k, 242 bytes nvram, hpet irqs
[    1.012046] device-mapper: ioctl: 4.48.0-ioctl (2023-03-01) initialised: dm-devel@redhat.com
[    1.012561] intel_pstate: CPU model not supported
[    1.012916] hid: raw HID events driver (C) Jiri Kosina
[    1.013520] usbcore: registered new interface driver usbhid
[    1.013858] usbhid: USB HID core driver
[    1.015039] Initializing XFRM netlink socket
[    1.015330] NET: Registered PF_INET6 protocol family
[    1.015995] Segment Routing with IPv6
[    1.016229] In-situ OAM (IOAM) with IPv6
[    1.016510] sit: IPv6, IPv4 and MPLS over IPv4 tunneling driver
[    1.017078] NET: Registered PF_PACKET protocol family
[    1.017417] 9pnet: Installing 9P2000 support
[    1.017692] Key type dns_resolver registered
[    1.018164] IPI shorthand broadcast: enabled
[    1.026940] sched_clock: Marking stable (986000970, 40785814)->(1033940204, -7153420)
[    1.027548] registered taskstats version 1
[    1.027826] Loading compiled-in X.509 certificates
[    1.034621] PM:   Magic number: 10:492:122
[    1.034923] acpi LNXSYBUS:00: hash matches
[    1.035170] printk: console [netcon0] enabled
[    1.035427] netconsole: network logging started
[    1.035761] cfg80211: Loading compiled-in X.509 certificates for regulatory database
[    1.036392] kworker/u4:1 (51) used greatest stack depth: 29536 bytes left
[    1.037151] Loaded X.509 cert 'sforshee: 00b28ddf47aef9cea7'
[    1.038167] ALSA device list:
[    1.038714]   No soundcards found.
[    1.040140] Freeing unused kernel image (initmem) memory: 5648K
[    1.040431] platform regulatory.0: Direct firmware load for regulatory.db failed with error -2
[    1.040768] cfg80211: failed to load regulatory.db
[    1.046818] Write protecting the kernel read-only data: 59392k
[    1.047176] Freeing unused kernel image (rodata/data gap) memory: 164K
[    1.054840] x86/mm: Checked W+X mappings: passed, no W+X pages found.
[    1.055125] Run /init as init process
[    1.056347] mount (55) used greatest stack depth: 28760 bytes left
[    1.056743] mount (56) used greatest stack depth: 28480 bytes left

secb: rootfs ready
---- poc begin ----
poc: start: CVE-2023-35001 nft_byteorder_eval OOB trigger
poc: userns: uid=0 (expect 0 inside ns)
poc: loopback up
poc: nf netlink socket fd=3
poc: checkpoint 1/3: install nft table/chain/byteorder-rule (268 bytes)
poc: checkpoint 2/3: firing UDP -> 127.0.0.1:1337 to evaluate rule
poc: checkpoint 3/3: trigger sent; on vuln kernel expect KASAN stack-OOB in nft_byteorder_eval
[    1.516480] poc (61) used greatest stack depth: 27504 bytes left
poc: done
---- poc end rc=0 ----
secb: poc exited without crashing the kernel
[    1.631720] input: ImExPS/2 Generic Explorer Mouse as /devices/platform/i8042/serio1/input/input3
[    2.767321] ACPI: PM: Preparing to enter system sleep state S5
[    2.767631] reboot: Power down
NO_CRASH_DETECTED
