bash: warning: setlocale: LC_ALL: cannot change locale (en_US.UTF-8)
c[?7l[2J[0mSeaBIOS (version 1.16.2-debian-1.16.2-1)


iPXE (http://ipxe.org) 00:03.0 CA00 PCI2.10 PnP PMM+7EFCEF00+7EF0EF00 CA00
Press Ctrl-B to configure iPXE (PCI 00:03.0)...                                                                               


Booting from ROM..c[?7l[2J[    0.000000] Linux version 6.4.0-04327-g515ad530795c-dirty (root@buildkitsandbox) (gcc (Debian 12.2.0-14+deb12u1) 12.2.0, GNU ld (GNU Binutils for Debian) 2.40) #1 SMP PREEMPT_DYNAMIC Tue May  5 10:00:58 UTC 2026
[    0.000000] Command line: console=ttyS0 oops=panic nokaslr rdinit=/init
[    0.000000] BIOS-provided physical RAM map:
[    0.000000] BIOS-e820: [mem 0x0000000000000000-0x000000000009fbff] usable
[    0.000000] BIOS-e820: [mem 0x000000000009fc00-0x000000000009ffff] reserved
[    0.000000] BIOS-e820: [mem 0x00000000000f0000-0x00000000000fffff] reserved
[    0.000000] BIOS-e820: [mem 0x0000000000100000-0x000000007ffdffff] usable
[    0.000000] BIOS-e820: [mem 0x000000007ffe0000-0x000000007fffffff] reserved
[    0.000000] BIOS-e820: [mem 0x00000000feffc000-0x00000000feffffff] reserved
[    0.000000] BIOS-e820: [mem 0x00000000fffc0000-0x00000000ffffffff] reserved
[    0.000000] NX (Execute Disable) protection: active
[    0.000000] SMBIOS 2.8 present.
[    0.000000] DMI: QEMU Standard PC (i440FX + PIIX, 1996), BIOS 1.16.2-debian-1.16.2-1 04/01/2014
[    0.000000] Hypervisor detected: KVM
[    0.000000] kvm-clock: Using msrs 4b564d01 and 4b564d00
[    0.000001] kvm-clock: using sched offset of 236919779 cycles
[    0.000002] clocksource: kvm-clock: mask: 0xffffffffffffffff max_cycles: 0x1cd42e4dffb, max_idle_ns: 881590591483 ns
[    0.000004] tsc: Detected 3187.200 MHz processor
[    0.000320] last_pfn = 0x7ffe0 max_arch_pfn = 0x400000000
[    0.000338] MTRR map: 4 entries (3 fixed + 1 variable; max 19), built from 8 variable MTRRs
[    0.000340] x86/PAT: Configuration [0-7]: WB  WC  UC- UC  WB  WP  UC- WT  
[    0.002256] found SMP MP-table at [mem 0x000f5ba0-0x000f5baf]
[    0.002263] Using GB pages for direct mapping
[    0.002264] Incomplete global flushes, disabling PCID
[    0.002347] RAMDISK: [mem 0x7fe92000-0x7ffdffff]
[    0.002351] ACPI: Early table checksum verification disabled
[    0.002353] ACPI: RSDP 0x00000000000F59D0 000014 (v00 BOCHS )
[    0.002355] ACPI: RSDT 0x000000007FFE1B33 000034 (v01 BOCHS  BXPC     00000001 BXPC 00000001)
[    0.002359] ACPI: FACP 0x000000007FFE19DF 000074 (v01 BOCHS  BXPC     00000001 BXPC 00000001)
[    0.002363] ACPI: DSDT 0x000000007FFE0040 00199F (v01 BOCHS  BXPC     00000001 BXPC 00000001)
[    0.002366] ACPI: FACS 0x000000007FFE0000 000040
[    0.002367] ACPI: APIC 0x000000007FFE1A53 000080 (v01 BOCHS  BXPC     00000001 BXPC 00000001)
[    0.002369] ACPI: HPET 0x000000007FFE1AD3 000038 (v01 BOCHS  BXPC     00000001 BXPC 00000001)
[    0.002370] ACPI: WAET 0x000000007FFE1B0B 000028 (v01 BOCHS  BXPC     00000001 BXPC 00000001)
[    0.002371] ACPI: Reserving FACP table memory at [mem 0x7ffe19df-0x7ffe1a52]
[    0.002372] ACPI: Reserving DSDT table memory at [mem 0x7ffe0040-0x7ffe19de]
[    0.002373] ACPI: Reserving FACS table memory at [mem 0x7ffe0000-0x7ffe003f]
[    0.002373] ACPI: Reserving APIC table memory at [mem 0x7ffe1a53-0x7ffe1ad2]
[    0.002374] ACPI: Reserving HPET table memory at [mem 0x7ffe1ad3-0x7ffe1b0a]
[    0.002374] ACPI: Reserving WAET table memory at [mem 0x7ffe1b0b-0x7ffe1b32]
[    0.002552] No NUMA configuration found
[    0.002552] Faking a node at [mem 0x0000000000000000-0x000000007ffdffff]
[    0.002554] NODE_DATA(0) allocated [mem 0x7fe8e000-0x7fe91fff]
[    0.002562] Zone ranges:
[    0.002563]   DMA      [mem 0x0000000000001000-0x0000000000ffffff]
[    0.002564]   DMA32    [mem 0x0000000001000000-0x000000007ffdffff]
[    0.002565]   Normal   empty
[    0.002565] Movable zone start for each node
[    0.002566] Early memory node ranges
[    0.002566]   node   0: [mem 0x0000000000001000-0x000000000009efff]
[    0.002567]   node   0: [mem 0x0000000000100000-0x000000007ffdffff]
[    0.002568] Initmem setup node 0 [mem 0x0000000000001000-0x000000007ffdffff]
[    0.002732] On node 0, zone DMA: 1 pages in unavailable ranges
[    0.002768] On node 0, zone DMA: 97 pages in unavailable ranges
[    0.009326] On node 0, zone DMA32: 32 pages in unavailable ranges
[    0.118530] kasan: KernelAddressSanitizer initialized
[    0.118759] ACPI: PM-Timer IO Port: 0x608
[    0.118766] ACPI: LAPIC_NMI (acpi_id[0xff] dfl dfl lint[0x1])
[    0.118794] IOAPIC[0]: apic_id 0, version 17, address 0xfec00000, GSI 0-23
[    0.118796] ACPI: INT_SRC_OVR (bus 0 bus_irq 0 global_irq 2 dfl dfl)
[    0.118798] ACPI: INT_SRC_OVR (bus 0 bus_irq 5 global_irq 5 high level)
[    0.118798] ACPI: INT_SRC_OVR (bus 0 bus_irq 9 global_irq 9 high level)
[    0.118799] ACPI: INT_SRC_OVR (bus 0 bus_irq 10 global_irq 10 high level)
[    0.118800] ACPI: INT_SRC_OVR (bus 0 bus_irq 11 global_irq 11 high level)
[    0.118802] ACPI: Using ACPI (MADT) for SMP configuration information
[    0.118802] ACPI: HPET id: 0x8086a201 base: 0xfed00000
[    0.118805] TSC deadline timer available
[    0.118806] smpboot: Allowing 2 CPUs, 0 hotplug CPUs
[    0.118822] kvm-guest: KVM setup pv remote TLB flush
[    0.118824] kvm-guest: setup PV sched yield
[    0.118830] PM: hibernation: Registered nosave memory: [mem 0x00000000-0x00000fff]
[    0.118831] PM: hibernation: Registered nosave memory: [mem 0x0009f000-0x0009ffff]
[    0.118831] PM: hibernation: Registered nosave memory: [mem 0x000a0000-0x000effff]
[    0.118832] PM: hibernation: Registered nosave memory: [mem 0x000f0000-0x000fffff]
[    0.118833] [mem 0x80000000-0xfeffbfff] available for PCI devices
[    0.118834] Booting paravirtualized kernel on KVM
[    0.118835] clocksource: refined-jiffies: mask: 0xffffffff max_cycles: 0xffffffff, max_idle_ns: 1910969940391419 ns
[    0.126807] setup_percpu: NR_CPUS:64 nr_cpumask_bits:2 nr_cpu_ids:2 nr_node_ids:1
[    0.127063] percpu: Embedded 66 pages/cpu s232168 r8192 d29976 u1048576
[    0.127094] Kernel command line: console=ttyS0 oops=panic nokaslr rdinit=/init
[    0.127145] random: crng init done
[    0.127390] Dentry cache hash table entries: 262144 (order: 9, 2097152 bytes, linear)
[    0.127590] Inode-cache hash table entries: 131072 (order: 8, 1048576 bytes, linear)
[    0.127631] Fallback order for Node 0: 0 
[    0.127634] Built 1 zonelists, mobility grouping on.  Total pages: 515808
[    0.127634] Policy zone: DMA32
[    0.127636] mem auto-init: stack:all(zero), heap alloc:off, heap free:off
[    0.127637] stackdepot: allocating hash table via alloc_large_system_hash
[    0.128548] stackdepot hash table entries: 1048576 (order: 11, 8388608 bytes, linear)
[    0.149017] Memory: 1692960K/2096632K available (49152K kernel code, 7948K rwdata, 10076K rodata, 5648K init, 2936K bss, 403416K reserved, 0K cma-reserved)
[    0.149142] SLUB: HWalign=64, Order=0-3, MinObjects=0, CPUs=2, Nodes=1
[    0.150068] Dynamic Preempt: voluntary
[    0.150296] rcu: Preemptible hierarchical RCU implementation.
[    0.150298] rcu: 	RCU event tracing is enabled.
[    0.150298] rcu: 	RCU restricting CPUs from NR_CPUS=64 to nr_cpu_ids=2.
[    0.150300] 	Trampoline variant of Tasks RCU enabled.
[    0.150300] rcu: RCU calculated value of scheduler-enlistment delay is 100 jiffies.
[    0.150301] rcu: Adjusting geometry for rcu_fanout_leaf=16, nr_cpu_ids=2
[    0.156300] NR_IRQS: 4352, nr_irqs: 440, preallocated irqs: 16
[    0.156500] rcu: srcu_init: Setting srcu_struct sizes based on contention.
[    0.158748] Console: colour VGA+ 80x25
[    0.158774] printk: console [ttyS0] enabled
[    0.195083] ACPI: Core revision 20230331
[    0.195424] clocksource: hpet: mask: 0xffffffff max_cycles: 0xffffffff, max_idle_ns: 19112604467 ns
[    0.195977] APIC: Switch to symmetric I/O mode setup
[    0.196283] kvm-guest: setup PV IPIs
[    0.197126] ..TIMER: vector=0x30 apic1=0 pin1=2 apic2=-1 pin2=-1
[    0.197471] clocksource: tsc-early: mask: 0xffffffffffffffff max_cycles: 0x2df10e7656b, max_idle_ns: 440795364873 ns
[    0.198078] Calibrating delay loop (skipped) preset value.. 6374.40 BogoMIPS (lpj=3187200)
[    0.198608] x86/cpu: User Mode Instruction Prevention (UMIP) activated
[    0.199123] Last level iTLB entries: 4KB 0, 2MB 0, 4MB 0
[    0.199423] Last level dTLB entries: 4KB 0, 2MB 0, 4MB 0, 1GB 0
[    0.199762] Spectre V1 : Mitigation: usercopy/swapgs barriers and __user pointer sanitization
[    0.200078] Spectre V2 : Mitigation: Enhanced / Automatic IBRS
[    0.200413] Spectre V2 : Spectre v2 / SpectreRSB mitigation: Filling RSB on context switch
[    0.201073] Spectre V2 : Spectre v2 / PBRSB-eIBRS: Retire a single CALL on VMEXIT
[    0.201506] Spectre V2 : mitigation: Enabling conditional Indirect Branch Prediction Barrier
[    0.201980] Speculative Store Bypass: Mitigation: Speculative Store Bypass disabled via prctl
[    0.202073] MMIO Stale Data: Unknown: No mitigations
[    0.202368] x86/fpu: Supporting XSAVE feature 0x001: 'x87 floating point registers'
[    0.203073] x86/fpu: Supporting XSAVE feature 0x002: 'SSE registers'
[    0.203438] x86/fpu: Supporting XSAVE feature 0x004: 'AVX registers'
[    0.203805] x86/fpu: Supporting XSAVE feature 0x200: 'Protection Keys User registers'
[    0.204074] x86/fpu: xstate_offset[2]:  576, xstate_sizes[2]:  256
[    0.204438] x86/fpu: xstate_offset[9]:  832, xstate_sizes[9]:    8
[    0.205073] x86/fpu: Enabled xstate features 0x207, context size is 840 bytes, using 'compacted' format.
[    0.220807] Freeing SMP alternatives memory: 44K
[    0.221074] pid_max: default: 32768 minimum: 301
[    0.221384] LSM: initializing lsm=capability,selinux,integrity
[    0.221721] SELinux:  Initializing.
[    0.221979] Mount-cache hash table entries: 4096 (order: 3, 32768 bytes, linear)
[    0.222076] Mountpoint-cache hash table entries: 4096 (order: 3, 32768 bytes, linear)
[    0.223420] smpboot: CPU0: Intel(R) Core(TM) i9-14900K (family: 0x6, model: 0xb7, stepping: 0x1)
[    0.224063] RCU Tasks: Setting shift to 1 and lim to 1 rcu_task_cb_adjust=1.
[    0.224089] Performance Events: unsupported p6 CPU model 183 no PMU driver, software events only.
[    0.224617] signal: max sigframe size: 3632
[    0.224885] rcu: Hierarchical SRCU implementation.
[    0.225074] rcu: 	Max phase no-delay instances is 400.
[    0.225694] smp: Bringing up secondary CPUs ...
[    0.226061] smpboot: x86: Booting SMP configuration:
[    0.226080] .... node  #0, CPUs:      #1
[    0.226146] smp: Brought up 1 node, 2 CPUs
[    0.226551] smpboot: Max logical packages: 1
[    0.226796] smpboot: Total of 2 processors activated (12748.80 BogoMIPS)
[    0.227290] devtmpfs: initialized
[    0.229166] clocksource: jiffies: mask: 0xffffffff max_cycles: 0xffffffff, max_idle_ns: 1911260446275000 ns
[    0.229737] futex hash table entries: 512 (order: 3, 32768 bytes, linear)
[    0.230171] PM: RTC time: 10:03:33, date: 2026-05-05
[    0.230564] NET: Registered PF_NETLINK/PF_ROUTE protocol family
[    0.231090] audit: initializing netlink subsys (disabled)
[    0.231430] audit: type=2000 audit(1777975413.546:1): state=initialized audit_enabled=0 res=1
[    0.231430] thermal_sys: Registered thermal governor 'step_wise'
[    0.231601] thermal_sys: Registered thermal governor 'user_space'
[    0.232086] cpuidle: using governor menu
[    0.232835] PCI: Using configuration type 1 for base access
[    0.233203] kprobes: kprobe jump-optimization is enabled. All kprobes are optimized if possible.
[    0.236227] HugeTLB: registered 2.00 MiB page size, pre-allocated 0 pages
[    0.236629] HugeTLB: 28 KiB vmemmap can be freed for a 2.00 MiB page
[    0.237704] ACPI: Added _OSI(Module Device)
[    0.237704] ACPI: Added _OSI(Processor Device)
[    0.237753] ACPI: Added _OSI(3.0 _SCP Extensions)
[    0.238034] ACPI: Added _OSI(Processor Aggregator Device)
[    0.244154] ACPI: 1 ACPI AML tables successfully acquired and loaded
[    0.289090] ACPI: Interpreter enabled
[    0.289350] ACPI: PM: (supports S0 S3 S4 S5)
[    0.289600] ACPI: Using IOAPIC for interrupt routing
[    0.289919] PCI: Using host bridge windows from ACPI; if necessary, use "pci=nocrs" and report a bug
[    0.290074] PCI: Using E820 reservations for host bridge windows
[    0.290735] ACPI: Enabled 2 GPEs in block 00 to 0F
[    0.300385] ACPI: PCI Root Bridge [PCI0] (domain 0000 [bus 00-ff])
[    0.300750] acpi PNP0A03:00: _OSC: OS supports [ASPM ClockPM Segments MSI HPX-Type3]
[    0.301075] acpi PNP0A03:00: _OSC: not requesting OS control; OS requires [ExtendedConfig ASPM ClockPM MSI]
[    0.301676] acpi PNP0A03:00: fail to add MMCONFIG information, can't access extended configuration space under this bridge
[    0.302232] PCI host bridge to bus 0000:00
[    0.302470] pci_bus 0000:00: root bus resource [io  0x0000-0x0cf7 window]
[    0.302875] pci_bus 0000:00: root bus resource [io  0x0d00-0xffff window]
[    0.303075] pci_bus 0000:00: root bus resource [mem 0x000a0000-0x000bffff window]
[    0.303523] pci_bus 0000:00: root bus resource [mem 0x80000000-0xfebfffff window]
[    0.303966] pci_bus 0000:00: root bus resource [mem 0x100000000-0x17fffffff window]
[    0.304075] pci_bus 0000:00: root bus resource [bus 00-ff]
[    0.304453] pci 0000:00:00.0: [8086:1237] type 00 class 0x060000
[    0.308545] pci 0000:00:01.0: [8086:7000] type 00 class 0x060100
[    0.313416] pci 0000:00:01.1: [8086:7010] type 00 class 0x010180
[    0.314669] pci 0000:00:01.1: reg 0x20: [io  0xc040-0xc04f]
[    0.315419] pci 0000:00:01.1: legacy IDE quirk: reg 0x10: [io  0x01f0-0x01f7]
[    0.315844] pci 0000:00:01.1: legacy IDE quirk: reg 0x14: [io  0x03f6]
[    0.316074] pci 0000:00:01.1: legacy IDE quirk: reg 0x18: [io  0x0170-0x0177]
[    0.316498] pci 0000:00:01.1: legacy IDE quirk: reg 0x1c: [io  0x0376]
[    0.317044] pci 0000:00:01.3: [8086:7113] type 00 class 0x068000
[    0.317299] pci 0000:00:01.3: quirk: [io  0x0600-0x063f] claimed by PIIX4 ACPI
[    0.317718] pci 0000:00:01.3: quirk: [io  0x0700-0x070f] claimed by PIIX4 SMB
[    0.318221] pci 0000:00:02.0: [1234:1111] type 00 class 0x030000
[    0.319081] pci 0000:00:02.0: reg 0x10: [mem 0xfd000000-0xfdffffff pref]
[    0.320361] pci 0000:00:02.0: reg 0x18: [mem 0xfebf0000-0xfebf0fff]
[    0.322561] pci 0000:00:02.0: reg 0x30: [mem 0xfebe0000-0xfebeffff pref]
[    0.323128] pci 0000:00:02.0: Video device with shadowed ROM at [mem 0x000c0000-0x000dffff]
[    0.327211] pci 0000:00:03.0: [8086:100e] type 00 class 0x020000
[    0.327888] pci 0000:00:03.0: reg 0x10: [mem 0xfebc0000-0xfebdffff]
[    0.328349] pci 0000:00:03.0: reg 0x14: [io  0xc000-0xc03f]
[    0.330025] pci 0000:00:03.0: reg 0x30: [mem 0xfeb80000-0xfebbffff pref]
[    0.334560] ACPI: PCI: Interrupt link LNKA configured for IRQ 10
[    0.335286] ACPI: PCI: Interrupt link LNKB configured for IRQ 10
[    0.336007] ACPI: PCI: Interrupt link LNKC configured for IRQ 11
[    0.336417] ACPI: PCI: Interrupt link LNKD configured for IRQ 11
[    0.337020] ACPI: PCI: Interrupt link LNKS configured for IRQ 9
[    0.337992] iommu: Default domain type: Translated 
[    0.338074] iommu: DMA domain TLB invalidation policy: lazy mode 
[    0.338607] SCSI subsystem initialized
[    0.338846] ACPI: bus type USB registered
[    0.338846] usbcore: registered new interface driver usbfs
[    0.339089] usbcore: registered new interface driver hub
[    0.339427] usbcore: registered new device driver usb
[    0.339779] pps_core: LinuxPPS API ver. 1 registered
[    0.340074] pps_core: Software ver. 5.3.6 - Copyright 2005-2007 Rodolfo Giometti <giometti@linux.it>
[    0.340627] PTP clock support registered
[    0.341136] Advanced Linux Sound Architecture Driver Initialized.
[    0.342401] NetLabel: Initializing
[    0.342610] NetLabel:  domain hash size = 128
[    0.342873] NetLabel:  protocols = UNLABELED CIPSOv4 CALIPSO
[    0.343107] NetLabel:  unlabeled traffic allowed by default
[    0.343474] PCI: Using ACPI for IRQ routing
[    0.343474] pci 0000:00:02.0: vgaarb: setting as boot VGA device
[    0.343474] pci 0000:00:02.0: vgaarb: bridge control possible
[    0.343786] pci 0000:00:02.0: vgaarb: VGA device added: decodes=io+mem,owns=io+mem,locks=none
[    0.345074] vgaarb: loaded
[    0.345302] hpet0: at MMIO 0xfed00000, IRQs 2, 8, 0
[    0.345600] hpet0: 3 comparators, 64-bit 100.000000 MHz counter
[    0.350117] clocksource: Switched to clocksource kvm-clock
[    0.350608] VFS: Disk quotas dquot_6.6.0
[    0.350856] VFS: Dquot-cache hash table entries: 512 (order 0, 4096 bytes)
[    0.352573] pnp: PnP ACPI init
[    0.353772] pnp: PnP ACPI: found 6 devices
[    0.360607] clocksource: acpi_pm: mask: 0xffffff max_cycles: 0xffffff, max_idle_ns: 2085701024 ns
[    0.361185] NET: Registered PF_INET protocol family
[    0.363080] IP idents hash table entries: 32768 (order: 6, 262144 bytes, linear)
[    0.364012] tcp_listen_portaddr_hash hash table entries: 1024 (order: 2, 16384 bytes, linear)
[    0.364541] Table-perturb hash table entries: 65536 (order: 6, 262144 bytes, linear)
[    0.365024] TCP established hash table entries: 16384 (order: 5, 131072 bytes, linear)
[    0.365519] TCP bind hash table entries: 16384 (order: 7, 524288 bytes, linear)
[    0.365989] TCP: Hash tables configured (established 16384 bind 16384)
[    0.366405] UDP hash table entries: 1024 (order: 3, 32768 bytes, linear)
[    0.366812] UDP-Lite hash table entries: 1024 (order: 3, 32768 bytes, linear)
[    0.367299] NET: Registered PF_UNIX/PF_LOCAL protocol family
[    0.367798] RPC: Registered named UNIX socket transport module.
[    0.368148] RPC: Registered udp transport module.
[    0.368435] RPC: Registered tcp transport module.
[    0.368717] RPC: Registered tcp NFSv4.1 backchannel transport module.
[    0.369987] pci_bus 0000:00: resource 4 [io  0x0000-0x0cf7 window]
[    0.370358] pci_bus 0000:00: resource 5 [io  0x0d00-0xffff window]
[    0.370718] pci_bus 0000:00: resource 6 [mem 0x000a0000-0x000bffff window]
[    0.371113] pci_bus 0000:00: resource 7 [mem 0x80000000-0xfebfffff window]
[    0.371523] pci_bus 0000:00: resource 8 [mem 0x100000000-0x17fffffff window]
[    0.372041] pci 0000:00:01.0: PIIX3: Enabling Passive Release
[    0.372401] pci 0000:00:00.0: Limiting direct PCI/PCI transfers
[    0.372797] PCI: CLS 0 bytes, default 64
[    0.373186] Unpacking initramfs...
[    0.375708] RAPL PMU: API unit is 2^-32 Joules, 0 fixed counters, 10737418240 ms ovfl timer
[    0.376234] clocksource: tsc: mask: 0xffffffffffffffff max_cycles: 0x2df10e7656b, max_idle_ns: 440795364873 ns
[    0.380585] Initialise system trusted keyrings
[    0.381110] workingset: timestamp_bits=56 max_order=19 bucket_order=0
[    0.381822] NFS: Registering the id_resolver key type
[    0.382177] Key type id_resolver registered
[    0.382436] Key type id_legacy registered
[    0.382754] 9p: Installing v9fs 9p2000 file system support
[    0.387311] Key type asymmetric registered
[    0.387611] Asymmetric key parser 'x509' registered
[    0.387756] Freeing initrd memory: 1336K
[    0.387931] Block layer SCSI generic (bsg) driver version 0.4 loaded (major 251)
[    0.388630] io scheduler mq-deadline registered
[    0.388910] io scheduler kyber registered
[    0.389340] input: Power Button as /devices/LNXSYSTM:00/LNXPWRBN:00/input/input0
[    0.389892] ACPI: button: Power Button [PWRF]
[    0.390456] Serial: 8250/16550 driver, 4 ports, IRQ sharing enabled
[    0.390921] 00:04: ttyS0 at I/O 0x3f8 (irq = 4, base_baud = 115200) is a 16550A
[    0.391919] Non-volatile memory driver v1.3
[    0.392179] Linux agpgart interface v0.103
[    0.392504] ACPI: bus type drm_connector registered
[    0.396743] loop: module loaded
[    0.397909] scsi host0: ata_piix
[    0.398310] scsi host1: ata_piix
[    0.398585] ata1: PATA max MWDMA2 cmd 0x1f0 ctl 0x3f6 bmdma 0xc040 irq 14
[    0.398986] ata2: PATA max MWDMA2 cmd 0x170 ctl 0x376 bmdma 0xc048 irq 15
[    0.399941] e100: Intel(R) PRO/100 Network Driver
[    0.400226] e100: Copyright(c) 1999-2006 Intel Corporation
[    0.400570] e1000: Intel(R) PRO/1000 Network Driver
[    0.400864] e1000: Copyright (c) 1999-2006 Intel Corporation.
[    0.556808] ata2: found unknown device (class 0)
[    0.558445] ata2.00: ATAPI: QEMU DVD-ROM, 2.5+, max UDMA/100
[    0.559436] scsi 1:0:0:0: CD-ROM            QEMU     QEMU DVD-ROM     2.5+ PQ: 0 ANSI: 5
[    0.575241] sr 1:0:0:0: [sr0] scsi3-mmc drive: 4x/4x cd/rw xa/form2 tray
[    0.575650] cdrom: Uniform CD-ROM driver Revision: 3.20
[    0.699136] ACPI: \_SB_.LNKC: Enabled at IRQ 11
[    0.994414] e1000 0000:00:03.0 eth0: (PCI:33MHz:32-bit) 52:54:00:12:34:56
[    0.994972] e1000 0000:00:03.0 eth0: Intel(R) PRO/1000 Network Connection
[    0.995496] e1000e: Intel(R) PRO/1000 Network Driver
[    0.995855] e1000e: Copyright(c) 1999 - 2015 Intel Corporation.
[    0.996303] sky2: driver version 1.30
[    0.996936] usbcore: registered new interface driver usblp
[    0.997360] usbcore: registered new interface driver usb-storage
[    0.997858] i8042: PNP: PS/2 Controller [PNP0303:KBD,PNP0f13:MOU] at 0x60,0x64 irq 1,12
[    0.998945] serio: i8042 KBD port at 0x60,0x64 irq 1
[    0.999310] serio: i8042 AUX port at 0x60,0x64 irq 12
[    0.999885] rtc_cmos 00:05: RTC can wake from S4
[    1.000298] input: AT Translated Set 2 keyboard as /devices/platform/i8042/serio0/input/input1
[    1.001968] rtc_cmos 00:05: registered as rtc0
[    1.002288] rtc_cmos 00:05: alarms up to one day, y3k, 242 bytes nvram, hpet irqs
[    1.002934] device-mapper: ioctl: 4.48.0-ioctl (2023-03-01) initialised: dm-devel@redhat.com
[    1.003442] intel_pstate: CPU model not supported
[    1.003755] hid: raw HID events driver (C) Jiri Kosina
[    1.004308] usbcore: registered new interface driver usbhid
[    1.004655] usbhid: USB HID core driver
[    1.006404] Initializing XFRM netlink socket
[    1.006696] NET: Registered PF_INET6 protocol family
[    1.007287] Segment Routing with IPv6
[    1.007511] In-situ OAM (IOAM) with IPv6
[    1.007785] sit: IPv6, IPv4 and MPLS over IPv4 tunneling driver
[    1.008338] NET: Registered PF_PACKET protocol family
[    1.008669] 9pnet: Installing 9P2000 support
[    1.008939] Key type dns_resolver registered
[    1.009400] IPI shorthand broadcast: enabled
[    1.017574] sched_clock: Marking stable (978001059, 39566709)->(1023549426, -5981658)
[    1.018175] registered taskstats version 1
[    1.018416] Loading compiled-in X.509 certificates
[    1.024518] PM:   Magic number: 10:939:71
[    1.024802] printk: console [netcon0] enabled
[    1.025066] netconsole: network logging started
[    1.025415] cfg80211: Loading compiled-in X.509 certificates for regulatory database
[    1.026024] kworker/u4:0 (50) used greatest stack depth: 29536 bytes left
[    1.026600] Loaded X.509 cert 'sforshee: 00b28ddf47aef9cea7'
[    1.026938] ALSA device list:
[    1.027113]   No soundcards found.
[    1.028040] Freeing unused kernel image (initmem) memory: 5648K
[    1.028325] platform regulatory.0: Direct firmware load for regulatory.db failed with error -2
[    1.028665] cfg80211: failed to load regulatory.db
[    1.031630] Write protecting the kernel read-only data: 59392k
[    1.031953] Freeing unused kernel image (rodata/data gap) memory: 164K
[    1.039659] x86/mm: Checked W+X mappings: passed, no W+X pages found.
[    1.039952] Run /init as init process
[    1.041797] mount (54) used greatest stack depth: 28760 bytes left

secb: rootfs ready
---- poc begin ----
poc: start: CVE-2023-35001 nft_byteorder_eval OOB trigger
poc: userns: uid=0 (expect 0 inside ns)
poc: loopback up
poc: nf netlink socket fd=3
poc: checkpoint 1/3: install nft table/chain/byteorder-rule (268 bytes)
poc: checkpoint [    1.301490] ==================================================================
2/3: firing UDP [    1.303238] BUG: KASAN: stack-out-of-bounds in nft_byteorder_eval+0x1c4/0x760
-> 127.0.0.1:133[    1.304995] Read of size 2 at addr ffffc900000078f0 by task poc/60
7 to evaluate ru[    1.306583] 
le
[    1.307249] CPU: 0 PID: 60 Comm: poc Not tainted 6.4.0-04327-g515ad530795c-dirty #1
[    1.308895] Hardware name: QEMU Standard PC (i440FX + PIIX, 1996), BIOS 1.16.2-debian-1.16.2-1 04/01/2014
[    1.310811] Call Trace:
[    1.311340]  <IRQ>
[    1.311779]  dump_stack_lvl+0x36/0x50
[    1.312552]  print_report+0xcf/0x660
[    1.313308]  ? nft_byteorder_eval+0x1c4/0x760
[    1.314161]  kasan_report+0xc7/0x100
[    1.314847]  ? nft_byteorder_eval+0x1c4/0x760
[    1.315681]  nft_byteorder_eval+0x1c4/0x760
[    1.316479]  nft_do_chain+0x24c/0x13e0
[    1.317203]  ? __pfx_nft_do_chain+0x10/0x10
[    1.317990]  ? update_sd_lb_stats.constprop.0+0x1415/0x37f0
[    1.319038]  ? __pfx_update_sd_lb_stats.constprop.0+0x10/0x10
[    1.319980]  nft_do_chain_ipv4+0x191/0x220
[    1.320569]  ? __pfx_nft_do_chain_ipv4+0x10/0x10
[    1.321233]  nf_hook_slow+0xa2/0x170
[    1.321751]  ip_local_deliver+0x24b/0x2d0
[    1.322331]  ? __pfx_ip_local_deliver+0x10/0x10
[    1.322981]  ? __pfx_ip_local_deliver_finish+0x10/0x10
[    1.323716]  ? ip_fast_csum+0xc/0x20
[    1.324242]  ? ip_rcv_core+0x62d/0xd20
[    1.324785]  ? __pfx___netif_receive_skb_core.constprop.0+0x10/0x10
[    1.325418]  ip_rcv+0x21e/0x270
[    1.325699]  ? __pfx_ip_rcv+0x10/0x10
[    1.326021]  ? update_load_avg+0x126/0x1b90
[    1.326389]  ? __pfx_ip_rcv+0x10/0x10
[    1.326710]  __netif_receive_skb_one_core+0x163/0x1b0
[    1.327149]  ? __pfx___netif_receive_skb_one_core+0x10/0x10
[    1.327625]  ? _raw_spin_lock_irq+0x81/0xe0
[    1.327990]  process_backlog+0x18b/0x520
[    1.328336]  __napi_poll+0x9e/0x4f0
[    1.328639]  net_rx_action+0x897/0xd50
[    1.328961]  ? __pfx_net_rx_action+0x10/0x10
[    1.329337]  ? kvm_clock_get_cycles+0x18/0x30
[    1.329721]  ? ktime_get+0x54/0xd0
[    1.330024]  __do_softirq+0x1bf/0x5b5
[    1.330350]  ? __pfx___do_softirq+0x10/0x10
[    1.330712]  do_softirq+0x3e/0x60
[    1.331007]  </IRQ>
[    1.331147]  <TASK>
[    1.331234]  __local_bh_enable_ip+0x63/0x70
[    1.331399]  __dev_queue_xmit+0x8e4/0x30c0
[    1.331562]  ? _raw_write_lock_bh+0x84/0xe0
[    1.331730]  ? __pfx___dev_queue_xmit+0x10/0x10
[    1.331913]  ? _raw_write_lock_bh+0x84/0xe0
[    1.332081]  ? __pfx__raw_write_lock_bh+0x10/0x10
[    1.332272]  ? eth_header+0x14f/0x180
[    1.332422]  ? neigh_resolve_output+0x3b5/0x7e0
[    1.332606]  ip_finish_output2+0x853/0x18f0
[    1.332775]  ? __pfx_ip_finish_output2+0x10/0x10
[    1.332961]  __ip_finish_output.part.0+0x271/0x950
[    1.333159]  ? __pfx___ip_finish_output.part.0+0x10/0x10
[    1.333373]  ? nf_hook_slow+0xa2/0x170
[    1.333528]  ip_output+0x2c7/0x650
[    1.333670]  ? __pfx_ip_output+0x10/0x10
[    1.333831]  ? __pfx_ip_finish_output+0x10/0x10
[    1.334017]  ? __pfx_ip_generic_getfrag+0x10/0x10
[    1.334209]  ? __pfx_ip_make_skb+0x10/0x10
[    1.334377]  ip_send_skb+0x113/0x150
[    1.334526]  udp_send_skb+0x57d/0x1260
[    1.334682]  udp_sendmsg+0x1757/0x2230
[    1.334838]  ? __pfx_ip_generic_getfrag+0x10/0x10
[    1.335030]  ? __pfx_udp_sendmsg+0x10/0x10
[    1.335200]  ? udp_lib_get_port+0x4b9/0x1850
[    1.335376]  ? ip4_datagram_release_cb+0x161/0x7f0
[    1.335571]  ? __pfx_ip4_datagram_release_cb+0x10/0x10
[    1.335779]  ? inet_autobind+0x108/0x160
[    1.335942]  ? inet_send_prepare+0x21f/0x2a0
[    1.336117]  ? __pfx_inet_sendmsg+0x10/0x10
[    1.336289]  ? sock_sendmsg+0x138/0x180
[    1.336448]  sock_sendmsg+0x138/0x180
[    1.336599]  __sys_sendto+0x1eb/0x2b0
[    1.336751]  ? __pfx___sys_sendto+0x10/0x10
[    1.336922]  ? alloc_empty_file+0xaf/0x150
[    1.337089]  ? alloc_file+0x23a/0x730
[    1.337237]  ? alloc_fd+0x1a6/0x550
[    1.337383]  ? __pfx___sys_socket+0x10/0x10
[    1.337554]  ? __pfx_ksys_write+0x10/0x10
[    1.337720]  __x64_sys_sendto+0xdb/0x1b0
[    1.337881]  ? exit_to_user_mode_prepare+0x2a/0x110
[    1.338081]  ? syscall_exit_to_user_mode+0x21/0x50
[    1.338278]  do_syscall_64+0x3b/0x90
[    1.338428]  entry_SYSCALL_64_after_hwframe+0x6e/0xd8
[    1.338634] RIP: 0033:0x43b773
[    1.338763] Code: 64 89 02 48 c7 c0 ff ff ff ff eb b7 66 2e 0f 1f 84 00 00 00 00 00 90 80 3d f1 b8 06 00 00 41 89 ca 74 14 b8 2c 00 00 00 0f 05 <48> 3d 00 f0 ff ff 77 75 c3 0f 1f 40 00 55 48 83 ec 30 44 89 4c 24
[    1.339484] RSP: 002b:00007ffe2bd42eb8 EFLAGS: 00000202 ORIG_RAX: 000000000000002c
[    1.339782] RAX: ffffffffffffffda RBX: 00007ffe2bd42ee0 RCX: 000000000043b773
[    1.340070] RDX: 0000000000000004 RSI: 00007ffe2bd42ed4 RDI: 0000000000000004
[    1.340358] RBP: 0000000000000004 R08: 00007ffe2bd42ee0 R09: 0000000000000010
[    1.340643] R10: 0000000000000000 R11: 0000000000000202 R12: 0000000000000004
[    1.340928] R13: 0000000000000003 R14: 00007ffe2bd42ed4 R15: 0000000000000004
[    1.341216]  </TASK>
[    1.341310] 
[    1.341379] The buggy address belongs to the virtual mapping at
[    1.341379]  [ffffc90000000000, ffffc90000009000) created by:
[    1.341379]  irq_init_percpu_irqstack+0x1dc/0x2e0
[    1.342023] 
[    1.342092] The buggy address belongs to the physical page:
[    1.342321] page:000000000b31012b refcount:1 mapcount:0 mapping:0000000000000000 index:0x0 pfn:0x6d209
[    1.342687] flags: 0x100000000001000(reserved|node=0|zone=1)
[    1.342910] page_type: 0xffffffff()
[    1.343052] raw: 0100000000001000 ffffea0001b48248 ffffea0001b48248 0000000000000000
[    1.343359] raw: 0000000000000000 0000000000000000 00000001ffffffff 0000000000000000
[    1.343671] page dumped because: kasan: bad access detected
[    1.343897] 
[    1.343966] Memory state around the buggy address:
[    1.344165]  ffffc90000007780: 00 00 00 00 00 00 00 00 00 00 00 00 00 00 00 00
[    1.344457]  ffffc90000007800: 00 00 00 00 00 00 00 00 00 00 f1 f1 f1 f1 f1 f1
[    1.344749] >ffffc90000007880: 00 00 f2 f2 00 00 00 00 00 00 00 00 00 00 f2 f2
[    1.345041]                                                              ^
[    1.345322]  ffffc90000007900: f2 f2 00 00 00 00 00 00 00 00 00 00 00 00 00 00
[    1.345605]  ffffc90000007980: 00 00 f3 f3 f3 f3 00 00 00 00 00 00 00 00 00 00
[    1.345888] ==================================================================
[    1.346194] Disabling lock debugging due to kernel taint
poc: checkpoint 3/3: trigger sen[    1.549023] poc (60) used greatest stack depth: 27504 bytes left
t; on vuln kernel expect KASAN stack-OOB in nft_byteorder_eval
poc: done
---- poc end rc=0 ----
secb: poc exited without crashing the kernel
[    1.622919] input: ImExPS/2 Generic Explorer Mouse as /devices/platform/i8042/serio1/input/input3
[    2.817091] ACPI: PM: Preparing to enter system sleep state S5
[    2.817443] reboot: Power down
CONFIRMED: KASAN_OOB
