bash: warning: setlocale: LC_ALL: cannot change locale (en_US.UTF-8)
c[?7l[2J[0mSeaBIOS (version 1.16.2-debian-1.16.2-1)
Booting from ROM...
c[?7l[2Jearly console in extract_kernel
input_data: 0x00000000152292a3
input_len: 0x00000000064331cb
output: 0x0000000001000000
output_len: 0x00000000132fbd40
kernel_total_size: 0x000000001a69d000
needed_size: 0x000000001a800000
trampoline_32bit: 0x0000000000000000

Decompressing Linux... Parsing ELF... done.
Booting the kernel (entry_offset: 0x00000000115c3060).
[    0.000000][    T0] Linux version 7.0.0-rc6-gd8a9a4b11a13 (root@buildkitsandbox) (gcc (Debian 12.2.0-14+deb12u1) 12.2.0, GNU ld (GNU Binutils for Debian) 2.40) #1 SMP PREEMPT_DYNAMIC Thu May 21 05:39:39 UTC 2026
[    0.000000][    T0] Command line: console=ttyS0 oops=panic panic=86400 nokaslr earlyprintk=serial rdinit=/init
[    0.000000][    T0] KERNEL supported cpus:
[    0.000000][    T0]   Intel GenuineIntel
[    0.000000][    T0]   AMD AuthenticAMD
[    0.000000][    T0] BIOS-provided physical RAM map:
[    0.000000][    T0] BIOS-e820: [mem 0x0000000000000000-0x000000000009fbff]  System RAM
[    0.000000][    T0] BIOS-e820: [mem 0x000000000009fc00-0x000000000009ffff]  device reserved
[    0.000000][    T0] BIOS-e820: [gap 0x00000000000a0000-0x00000000000effff]
[    0.000000][    T0] BIOS-e820: [mem 0x00000000000f0000-0x00000000000fffff]  device reserved
[    0.000000][    T0] BIOS-e820: [mem 0x0000000000100000-0x000000007ffdffff]  System RAM
[    0.000000][    T0] BIOS-e820: [mem 0x000000007ffe0000-0x000000007fffffff]  device reserved
[    0.000000][    T0] BIOS-e820: [gap 0x0000000080000000-0x00000000feffbfff]
[    0.000000][    T0] BIOS-e820: [mem 0x00000000feffc000-0x00000000feffffff]  device reserved
[    0.000000][    T0] BIOS-e820: [gap 0x00000000ff000000-0x00000000fffbffff]
[    0.000000][    T0] BIOS-e820: [mem 0x00000000fffc0000-0x00000000ffffffff]  device reserved
[    0.000000][    T0] printk: legacy bootconsole [earlyser0] enabled
[    0.000000][    T0] NX (Execute Disable) protection: active
[    0.000000][    T0] APIC: Static calls initialized
[    0.000000][    T0] SMBIOS 2.8 present.
[    0.000000][    T0] DMI: QEMU Standard PC (i440FX + PIIX, 1996), BIOS 1.16.2-debian-1.16.2-1 04/01/2014
[    0.000000][    T0] DMI: Memory slots populated: 1/1
[    0.000000][    T0] Hypervisor detected: KVM
[    0.000000][    T0] last_pfn = 0x7ffe0 max_arch_pfn = 0x400000000
[    0.000000][    T0] kvm-clock: Using msrs 4b564d01 and 4b564d00
[    0.000007][    T0] kvm-clock: using sched offset of 1304600748 cycles
[    0.001897][    T0] clocksource: kvm-clock: mask: 0xffffffffffffffff max_cycles: 0x1cd42e4dffb, max_idle_ns: 881590591483 ns
[    0.006633][    T0] tsc: Detected 2995.200 MHz processor
[    0.013165][    T0] last_pfn = 0x7ffe0 max_arch_pfn = 0x400000000
[    0.015476][    T0] MTRR map: 4 entries (3 fixed + 1 variable; max 19), built from 8 variable MTRRs
[    0.018510][    T0] x86/PAT: Configuration [0-7]: WB  WC  UC- UC  WB  WP  UC- WT  
[    0.029534][    T0] found SMP MP-table at [mem 0x000f5ba0-0x000f5baf]
[    0.031627][    T0] Using GB pages for direct mapping
[    0.034366][    T0] RAMDISK: [mem 0x7fe89000-0x7ffdffff]
[    0.037426][    T0] ACPI: Early table checksum verification disabled
[    0.039130][    T0] ACPI: RSDP 0x00000000000F59D0 000014 (v00 BOCHS )
[    0.040846][    T0] ACPI: RSDT 0x000000007FFE1B33 000034 (v01 BOCHS  BXPC     00000001 BXPC 00000001)
[    0.043334][    T0] ACPI: FACP 0x000000007FFE19DF 000074 (v01 BOCHS  BXPC     00000001 BXPC 00000001)
[    0.045799][    T0] ACPI: DSDT 0x000000007FFE0040 00199F (v01 BOCHS  BXPC     00000001 BXPC 00000001)
[    0.048422][    T0] ACPI: FACS 0x000000007FFE0000 000040
[    0.049872][    T0] ACPI: APIC 0x000000007FFE1A53 000080 (v01 BOCHS  BXPC     00000001 BXPC 00000001)
[    0.052349][    T0] ACPI: HPET 0x000000007FFE1AD3 000038 (v01 BOCHS  BXPC     00000001 BXPC 00000001)
[    0.054714][    T0] ACPI: WAET 0x000000007FFE1B0B 000028 (v01 BOCHS  BXPC     00000001 BXPC 00000001)
[    0.057113][    T0] ACPI: Reserving FACP table memory at [mem 0x7ffe19df-0x7ffe1a52]
[    0.059095][    T0] ACPI: Reserving DSDT table memory at [mem 0x7ffe0040-0x7ffe19de]
[    0.061168][    T0] ACPI: Reserving FACS table memory at [mem 0x7ffe0000-0x7ffe003f]
[    0.063197][    T0] ACPI: Reserving APIC table memory at [mem 0x7ffe1a53-0x7ffe1ad2]
[    0.065247][    T0] ACPI: Reserving HPET table memory at [mem 0x7ffe1ad3-0x7ffe1b0a]
[    0.067339][    T0] ACPI: Reserving WAET table memory at [mem 0x7ffe1b0b-0x7ffe1b32]
[    0.070478][    T0] No NUMA configuration found
[    0.071676][    T0] Faking a node at [mem 0x0000000000000000-0x000000007ffdffff]
[    0.073730][    T0] NODE_DATA(0) allocated [mem 0x7fe830c0-0x7fe88cbf]
[    0.568827][    T0] KernelAddressSanitizer initialized (generic)
[    0.574853][    T0] ACPI: PM-Timer IO Port: 0x608
[    0.576449][    T0] ACPI: LAPIC_NMI (acpi_id[0xff] dfl dfl lint[0x1])
[    0.578355][    T0] IOAPIC[0]: apic_id 0, version 17, address 0xfec00000, GSI 0-23
[    0.580307][    T0] ACPI: INT_SRC_OVR (bus 0 bus_irq 0 global_irq 2 dfl dfl)
[    0.582052][    T0] ACPI: INT_SRC_OVR (bus 0 bus_irq 5 global_irq 5 high level)
[    0.583887][    T0] ACPI: INT_SRC_OVR (bus 0 bus_irq 9 global_irq 9 high level)
[    0.585735][    T0] ACPI: INT_SRC_OVR (bus 0 bus_irq 10 global_irq 10 high level)
[    0.587570][    T0] ACPI: INT_SRC_OVR (bus 0 bus_irq 11 global_irq 11 high level)
[    0.591127][    T0] ACPI: Using ACPI (MADT) for SMP configuration information
[    0.594569][    T0] ACPI: HPET id: 0x8086a201 base: 0xfed00000
[    0.596174][    T0] TSC deadline timer available
[    0.597354][    T0] CPU topo: Max. logical packages:   1
[    0.598674][    T0] CPU topo: Max. logical nodes:      1
[    0.599951][    T0] CPU topo: Num. nodes per package:  1
[    0.601460][    T0] CPU topo: Max. logical dies:       1
[    0.602887][    T0] CPU topo: Max. dies per package:   1
[    0.604268][    T0] CPU topo: Max. threads per core:   1
[    0.605640][    T0] CPU topo: Num. cores per package:     2
[    0.607056][    T0] CPU topo: Num. threads per package:   2
[    0.608879][    T0] CPU topo: Allowing 2 present CPUs plus 0 hotplug CPUs
[    0.611481][    T0] kvm-guest: APIC: eoi() replaced with kvm_guest_apic_eoi_write()
[    0.613987][    T0] kvm-guest: KVM setup pv remote TLB flush
[    0.615517][    T0] kvm-guest: setup PV sched yield
[    0.616849][    T0] PM: hibernation: Registered nosave memory: [mem 0x00000000-0x00000fff]
[    0.619063][    T0] PM: hibernation: Registered nosave memory: [mem 0x0009f000-0x000fffff]
[    0.621311][    T0] [gap 0x80000000-0xfeffbfff] available for PCI devices
[    0.623055][    T0] Booting paravirtualized kernel on KVM
[    0.624402][    T0] clocksource: refined-jiffies: mask: 0xffffffff max_cycles: 0xffffffff, max_idle_ns: 19112604462750000 ns
[    0.712792][    T0] Section 13 and 15 (node 0) have a circular dependency on usemap and pgdat allocations
[    0.716097][    T0] Zone ranges:
[    0.718257][    T0]   DMA      [mem 0x0000000000001000-0x0000000000ffffff]
[    0.721851][    T0]   DMA32    [mem 0x0000000001000000-0x000000007ffdffff]
[    0.725727][    T0]   Normal   empty
[    0.726947][    T0]   Device   empty
[    0.727976][    T0] Movable zone start for each node
[    0.729358][    T0] Early memory node ranges
[    0.730559][    T0]   node   0: [mem 0x0000000000001000-0x000000000009efff]
[    0.732419][    T0]   node   0: [mem 0x0000000000100000-0x000000007ffdffff]
[    0.734257][    T0] Initmem setup node 0 [mem 0x0000000000001000-0x000000007ffdffff]
[    0.736435][    T0] On node 0, zone DMA: 1 pages in unavailable ranges
[    0.738418][    T0] On node 0, zone DMA: 97 pages in unavailable ranges
[    0.756919][    T0] On node 0, zone DMA32: 32 pages in unavailable ranges
[    0.759030][    T0] setup_percpu: NR_CPUS:8 nr_cpumask_bits:2 nr_cpu_ids:2 nr_node_ids:1
[    0.766965][    T0] percpu: Embedded 71 pages/cpu s251528 r8192 d31096 u1048576
[    0.769505][    T0] kvm-guest: PV spinlocks enabled
[    0.770789][    T0] PV qspinlock hash table entries: 256 (order: 0, 4096 bytes, linear)
[    0.772865][    T0] Kernel command line: console=ttyS0 oops=panic panic=86400 nokaslr earlyprintk=serial rdinit=/init
[    0.776339][    T0] random: crng init done
[    0.777489][    T0] printk: log buffer data + meta data: 262144 + 917504 = 1179648 bytes
[    0.783595][    T0] Dentry cache hash table entries: 262144 (order: 9, 2097152 bytes, linear)
[    0.787797][    T0] Inode-cache hash table entries: 131072 (order: 8, 1048576 bytes, linear)
[    0.790460][    T0] Fallback order for Node 0: 0 
[    0.790469][    T0] Built 1 zonelists, mobility grouping on.  Total pages: 524158
[    0.793020][    T0] Policy zone: DMA32
[    0.797397][    T0] mem auto-init: stack:all(zero), heap alloc:on, heap free:off
[    0.799954][    T0] stackdepot: allocating hash table via alloc_large_system_hash
[    0.802047][    T0] stackdepot hash table entries: 1048576 (order: 12, 16777216 bytes, linear)
[    0.823958][    T0] stackdepot: allocating space for 8192 stack pools via memblock
[    0.899058][    T0] SLUB: HWalign=64, Order=0-3, MinObjects=0, CPUs=2, Nodes=1
[    0.909296][    T0] allocated 4194304 bytes of page_ext
[    0.912447][    T0] Dynamic Preempt: full
[    0.914833][    T0] Running RCU self tests
[    0.916175][    T0] Running RCU synchronous self tests
[    0.917266][    T0] rcu: Preemptible hierarchical RCU implementation.
[    0.918679][    T0] rcu: 	RCU lockdep checking is enabled.
[    0.919901][    T0] rcu: 	RCU restricting CPUs from NR_CPUS=8 to nr_cpu_ids=2.
[    0.921511][    T0] rcu: 	RCU callback double-/use-after-free debug is enabled.
[    0.923135][    T0] rcu: 	RCU debug extended QS entry/exit.
[    0.924410][    T0] 	Trampoline variant of Tasks RCU enabled.
[    0.925711][    T0] 	Tracing variant of Tasks RCU enabled.
[    0.926995][    T0] rcu: RCU calculated value of scheduler-enlistment delay is 10 jiffies.
[    0.930734][    T0] rcu: Adjusting geometry for rcu_fanout_leaf=16, nr_cpu_ids=2
[    0.935829][    T0] Running RCU synchronous self tests
[    0.937358][    T0] RCU Tasks: Setting shift to 1 and lim to 1 rcu_task_cb_adjust=1 rcu_task_cpu_ids=2.
[    1.032326][    T0] NR_IRQS: 4352, nr_irqs: 440, preallocated irqs: 16
[    1.034918][    T0] rcu: srcu_init: Setting srcu_struct sizes based on contention.
[    1.037165][    T0] kfence: initialized - using 2097152 bytes for 255 objects at 0x(____ptrval____)-0x(____ptrval____)
[    1.054570][    T0] Console: colour VGA+ 80x25
[    1.055630][    T0] printk: legacy console [ttyS0] enabled
[    1.055630][    T0] printk: legacy console [ttyS0] enabled
[    1.058045][    T0] printk: legacy bootconsole [earlyser0] disabled
[    1.058045][    T0] printk: legacy bootconsole [earlyser0] disabled
[    1.061225][    T0] Lock dependency validator: Copyright (c) 2006 Red Hat, Inc., Ingo Molnar
[    1.063175][    T0] ... MAX_LOCKDEP_SUBCLASSES:  8
[    1.064290][    T0] ... MAX_LOCK_DEPTH:          48
[    1.065373][    T0] ... MAX_LOCKDEP_KEYS:        8192
[    1.066729][    T0] ... CLASSHASH_SIZE:          4096
[    1.069066][    T0] ... MAX_LOCKDEP_ENTRIES:     1048576
[    1.070179][    T0] ... MAX_LOCKDEP_CHAINS:      1048576
[    1.071268][    T0] ... CHAINHASH_SIZE:          524288
[    1.072395][    T0]  memory used by lock dependency info: 106625 kB
[    1.073766][    T0]  memory used for stack traces: 8320 kB
[    1.075002][    T0]  per task-struct memory footprint: 1920 bytes
[    1.076532][    T0] ACPI: Core revision 20251212
[    1.078332][    T0] clocksource: hpet: mask: 0xffffffff max_cycles: 0xffffffff, max_idle_ns: 19112604467 ns
[    1.080821][    T0] APIC: Switch to symmetric I/O mode setup
[    1.082416][    T0] x2apic enabled
[    1.083753][    T0] APIC: Switched APIC routing to: physical x2apic
[    1.085781][    T0] kvm-guest: APIC: send_IPI_mask() replaced with kvm_send_ipi_mask()
[    1.087568][    T0] kvm-guest: APIC: send_IPI_mask_allbutself() replaced with kvm_send_ipi_mask_allbutself()
[    1.089901][    T0] kvm-guest: setup PV IPIs
[    1.093185][    T0] ..TIMER: vector=0x30 apic1=0 pin1=2 apic2=-1 pin2=-1
[    1.094687][    T0] clocksource: tsc-early: mask: 0xffffffffffffffff max_cycles: 0x2b2c8ec87c7, max_idle_ns: 440795278598 ns
[    1.097094][    T0] Calibrating delay loop (skipped) preset value.. 5990.40 BogoMIPS (lpj=29952000)
[    1.099875][    T0] x86/cpu: User Mode Instruction Prevention (UMIP) activated
[    1.107881][    T0] Last level iTLB entries: 4KB 0, 2MB 0, 4MB 0
[    1.109593][    T0] Last level dTLB entries: 4KB 0, 2MB 0, 4MB 0, 1GB 0
[    1.111079][    T0] mitigations: Enabled attack vectors: user_kernel, user_user, guest_host, guest_guest, SMT mitigations: auto
[    1.113560][    T0] Speculative Store Bypass: Mitigation: Speculative Store Bypass disabled via prctl
[    1.117111][    T0] Spectre V2 : Mitigation: Enhanced / Automatic IBRS
[    1.118596][    T0] RETBleed: Mitigation: Enhanced IBRS
[    1.119739][    T0] ITS: Mitigation: Aligned branch/return thunks
[    1.121057][    T0] Register File Data Sampling: Vulnerable: No microcode
[    1.122964][    T0] Spectre V1 : Mitigation: usercopy/swapgs barriers and __user pointer sanitization
[    1.125683][    T0] Spectre V2 : WARNING: Unprivileged eBPF is enabled with eIBRS on, data leaks possible via Spectre v2 BHB attacks!
[    1.127107][    T0] Spectre V2 : Spectre v2 / PBRSB-eIBRS: Retire a single CALL on VMEXIT
[    1.128921][    T0] Spectre V2 : mitigation: Enabling conditional Indirect Branch Prediction Barrier
[    1.130962][    T0] active return thunk: its_return_thunk
[    1.132254][    T0] Spectre V2 : Spectre BHI mitigation: SW BHB clearing on syscall and VM exit
[    1.134343][    T0] x86/fpu: Supporting XSAVE feature 0x001: 'x87 floating point registers'
[    1.137094][    T0] x86/fpu: Supporting XSAVE feature 0x002: 'SSE registers'
[    1.139426][    T0] x86/fpu: Supporting XSAVE feature 0x004: 'AVX registers'
[    1.141540][    T0] x86/fpu: xstate_offset[2]:  576, xstate_sizes[2]:  256
[    1.143851][    T0] x86/fpu: Enabled xstate features 0x7, context size is 832 bytes, using 'compacted' format.
[    1.293122][    T0] Freeing SMP alternatives memory: 132K
[    1.294449][    T0] pid_max: default: 32768 minimum: 301
[    1.296383][    T0] landlock: Up and running.
[    1.297099][    T0] Yama: becoming mindful.
[    1.298885][    T0] TOMOYO Linux initialized
[    1.301039][    T0] AppArmor: AppArmor initialized
[    1.303634][    T0] LSM support for eBPF active
[    1.306141][    T0] Mount-cache hash table entries: 4096 (order: 3, 32768 bytes, linear)
[    1.307157][    T0] Mountpoint-cache hash table entries: 4096 (order: 3, 32768 bytes, linear)
[    1.310362][    T0] VFS: Finished mounting rootfs on nullfs
[    1.317482][    T0] Running RCU synchronous self tests
[    1.318683][    T0] Running RCU synchronous self tests
[    1.321189][    T1] smpboot: CPU0: 13th Gen Intel(R) Core(TM) i9-13900H (family: 0x6, model: 0xba, stepping: 0x2)
[    1.326617][    T1] Performance Events: unsupported CPU family 6 model 186 no PMU driver, software events only.
[    1.327088][    T1] signal: max sigframe size: 1776
[    1.327088][    T1] rcu: Hierarchical SRCU implementation.
[    1.327102][    T1] rcu: 	Max phase no-delay instances is 1000.
[    1.329289][    T1] Timer migration: 1 hierarchy levels; 8 children per group; 1 crossnode level
[    1.358604][    T1] NMI watchdog: Perf NMI watchdog permanently disabled
[    1.361256][    T1] smp: Bringing up secondary CPUs ...
[    1.365147][    T1] smpboot: x86: Booting SMP configuration:
[    1.366492][    T1] .... node  #0, CPUs:      #1
[    1.367520][    T1] smp: Brought up 1 node, 2 CPUs
[    1.368499][    T1] smpboot: Total of 2 processors activated (11980.80 BogoMIPS)
[    1.371416][    T1] Memory: 1275036K/2096632K available (173566K kernel code, 42669K rwdata, 41604K rodata, 27908K init, 120296K bss, 806172K reserved, 0K cma-reserved)
[    1.379426][    T1] devtmpfs: initialized
[    1.379426][    T1] x86/mm: Memory block size: 128MB
[    1.397921][    T1] Running RCU synchronous self tests
[    1.398968][    T1] Running RCU synchronous self tests
[    1.400330][    T1] Running RCU Tasks wait API self tests
[    1.400330][    T1] Running RCU Tasks Trace wait API self tests
[    1.400330][    T1] clocksource: jiffies: mask: 0xffffffff max_cycles: 0xffffffff, max_idle_ns: 19112604462750000 ns
[    1.407401][    T1] posixtimers hash table entries: 1024 (order: 5, 73728 bytes, linear)
[    1.409594][    T1] futex hash table entries: 512 (65536 bytes on 1 NUMA nodes, total 64 KiB, linear).
[    1.414364][    T1] PM: RTC time: 05:41:21, date: 2026-05-21
[    1.422635][    T1] NET: Registered PF_NETLINK/PF_ROUTE protocol family
[    1.425971][    T1] audit: initializing netlink subsys (disabled)
[    1.427678][   T29] audit: type=2000 audit(1779342082.234:1): state=initialized audit_enabled=0 res=1
[    1.429039][    T1] thermal_sys: Registered thermal governor 'step_wise'
[    1.429705][    T1] cpuidle: using governor menu
[    1.430238][    T1] NET: Registered PF_QIPCRTR protocol family
[    1.433713][    T1] dca service started, version 1.12.1
[    1.437379][    T1] PCI: Using configuration type 1 for base access
[    1.447164][   T10] Callback from call_rcu_tasks_trace() invoked.
[    1.457100][    T1] HugeTLB: registered 1.00 GiB page size, pre-allocated 0 pages
[    1.457100][    T1] HugeTLB: 16380 KiB vmemmap can be freed for a 1.00 GiB page
[    1.457100][    T1] HugeTLB: registered 2.00 MiB page size, pre-allocated 0 pages
[    1.457100][    T1] HugeTLB: 28 KiB vmemmap can be freed for a 2.00 MiB page
[    1.520204][    T1] raid6: skipped pq benchmark and selected avx2x4
[    1.522058][    T1] raid6: using avx2x2 recovery algorithm
[    1.525078][    T1] ACPI: Added _OSI(Module Device)
[    1.526679][    T1] ACPI: Added _OSI(Processor Device)
[    1.527126][    T1] ACPI: Added _OSI(Processor Aggregator Device)
[    1.555674][    T1] ACPI: 1 ACPI AML tables successfully acquired and loaded
[    1.587748][    T1] ACPI: \_SB_: platform _OSC: OS support mask [000e7eee]
[    1.593545][    T1] ACPI: Interpreter enabled
[    1.594771][    T1] ACPI: PM: (supports S0 S3 S4 S5)
[    1.597146][    T1] ACPI: Using IOAPIC for interrupt routing
[    1.600072][    T1] PCI: Using host bridge windows from ACPI; if necessary, use "pci=nocrs" and report a bug
[    1.603969][    T1] PCI: Using E820 reservations for host bridge windows
[    1.607733][    T1] ACPI: Enabled 2 GPEs in block 00 to 0F
[    1.671146][    T1] ACPI: PCI Root Bridge [PCI0] (domain 0000 [bus 00-ff])
[    1.673483][    T1] acpi PNP0A03:00: _OSC: OS supports [ASPM ClockPM Segments MSI HPX-Type3]
[    1.677110][    T1] acpi PNP0A03:00: _OSC: not requesting OS control; OS requires [ExtendedConfig ASPM ClockPM MSI]
[    1.680650][    T1] acpi PNP0A03:00: _OSC: platform retains control of PCIe features (AE_ERROR)
[    1.683198][    T1] acpi PNP0A03:00: fail to add MMCONFIG information, can't access extended configuration space under this bridge
[    1.687038][    T1] PCI host bridge to bus 0000:00
[    1.687201][    T1] pci_bus 0000:00: root bus resource [io  0x0000-0x0cf7 window]
[    1.689682][    T1] pci_bus 0000:00: root bus resource [io  0x0d00-0xffff window]
[    1.692960][    T1] pci_bus 0000:00: root bus resource [mem 0x000a0000-0x000bffff window]
[    1.695736][    T1] pci_bus 0000:00: root bus resource [mem 0x80000000-0xfebfffff window]
[    1.697118][    T1] pci_bus 0000:00: root bus resource [mem 0x100000000-0x17fffffff window]
[    1.699244][    T1] pci_bus 0000:00: root bus resource [bus 00-ff]
[    1.701052][    T1] pci 0000:00:00.0: [8086:1237] type 00 class 0x060000 conventional PCI endpoint
[    1.723865][    T1] pci 0000:00:01.0: [8086:7000] type 00 class 0x060100 conventional PCI endpoint
[    1.747069][    T1] pci 0000:00:01.1: [8086:7010] type 00 class 0x010180 conventional PCI endpoint
[    1.748125][    T1] pci 0000:00:01.1: BAR 4 [io  0xc000-0xc00f]
[    1.749832][    T1] pci 0000:00:01.1: BAR 0 [io  0x01f0-0x01f7]: legacy IDE quirk
[    1.751871][    T1] pci 0000:00:01.1: BAR 1 [io  0x03f6]: legacy IDE quirk
[    1.753651][    T1] pci 0000:00:01.1: BAR 2 [io  0x0170-0x0177]: legacy IDE quirk
[    1.755586][    T1] pci 0000:00:01.1: BAR 3 [io  0x0376]: legacy IDE quirk
[    1.758186][    T1] pci 0000:00:01.3: [8086:7113] type 00 class 0x068000 conventional PCI endpoint
[    1.763175][    T1] pci 0000:00:01.3: quirk: [io  0x0600-0x063f] claimed by PIIX4 ACPI
[    1.765426][    T1] pci 0000:00:01.3: quirk: [io  0x0700-0x070f] claimed by PIIX4 SMB
[    1.768161][    T1] pci 0000:00:02.0: [1234:1111] type 00 class 0x030000 conventional PCI endpoint
[    1.778316][    T1] pci 0000:00:02.0: BAR 0 [mem 0xfd000000-0xfdffffff pref]
[    1.780955][    T1] pci 0000:00:02.0: BAR 2 [mem 0xfebf0000-0xfebf0fff]
[    1.782949][    T1] pci 0000:00:02.0: ROM [mem 0xfebe0000-0xfebeffff pref]
[    1.786017][    T1] pci 0000:00:02.0: Video device with shadowed ROM at [mem 0x000c0000-0x000dffff]
[    1.827440][    T1] ACPI: PCI: Interrupt link LNKA configured for IRQ 10
[    1.831794][    T1] ACPI: PCI: Interrupt link LNKB configured for IRQ 10
[    1.835617][    T1] ACPI: PCI: Interrupt link LNKC configured for IRQ 11
[    1.839418][    T1] ACPI: PCI: Interrupt link LNKD configured for IRQ 11
[    1.842165][    T1] ACPI: PCI: Interrupt link LNKS configured for IRQ 9
[    1.857152][    T1] iommu: Default domain type: Translated
[    1.858717][    T1] iommu: DMA domain TLB invalidation policy: lazy mode
[    1.861618][    T1] SCSI subsystem initialized
[    1.869049][    T1] ACPI: bus type USB registered
[    1.873519][    T1] usbcore: registered new interface driver usbfs
[    1.875707][    T1] usbcore: registered new interface driver hub
[    1.877372][    T1] usbcore: registered new device driver usb
[    1.881083][    T1] mc: Linux media interface: v0.10
[    1.882963][    T1] videodev: Linux video capture interface: v2.00
[    1.886094][    T1] pps_core: LinuxPPS API ver. 1 registered
[    1.887114][    T1] pps_core: Software ver. 5.3.6 - Copyright 2005-2007 Rodolfo Giometti <giometti@linux.it>
[    1.890749][    T1] PTP clock support registered
[    1.897625][    T1] EDAC MC: Ver: 3.0.0
[    1.904239][    T1] Advanced Linux Sound Architecture Driver Initialized.
[    1.911858][    T1] Bluetooth: Core ver 2.22
[    1.914118][    T1] NET: Registered PF_BLUETOOTH protocol family
[    1.916006][    T1] Bluetooth: HCI device and connection manager initialized
[    1.917241][    T1] Bluetooth: HCI socket layer initialized
[    1.918838][    T1] Bluetooth: L2CAP socket layer initialized
[    1.921362][    T1] Bluetooth: SCO socket layer initialized
[    1.923550][    T1] NET: Registered PF_ATMPVC protocol family
[    1.926476][    T1] NET: Registered PF_ATMSVC protocol family
[    1.927655][    T1] NetLabel: Initializing
[    1.929486][    T1] NetLabel:  domain hash size = 128
[    1.933432][    T1] NetLabel:  protocols = UNLABELED CIPSOv4 CALIPSO
[    1.935957][    T1] NetLabel:  unlabeled traffic allowed by default
[    1.939410][    T1] nfc: nfc_init: NFC Core ver 0.1
[    1.941452][    T1] NET: Registered PF_NFC protocol family
[    1.944803][    T1] mctp: management component transport protocol core
[    1.947154][    T1] NET: Registered PF_MCTP protocol family
[    1.949506][    T1] PCI: Using ACPI for IRQ routing
[    1.951543][    T1] e820: register RAM buffer resource [mem 0x0009fc00-0x0009ffff]
[    1.953670][    T1] e820: register RAM buffer resource [mem 0x7ffe0000-0x7fffffff]
[    1.957347][    T1] pci 0000:00:02.0: vgaarb: setting as boot VGA device
[    1.959442][    T1] pci 0000:00:02.0: vgaarb: bridge control possible
[    1.961261][    T1] pci 0000:00:02.0: vgaarb: VGA device added: decodes=io+mem,owns=io+mem,locks=none
[    1.964139][    T1] vgaarb: loaded
[    1.968719][    T1] hpet0: at MMIO 0xfed00000, IRQs 2, 8, 0
[    1.970513][    T1] hpet0: 3 comparators, 64-bit 100.000000 MHz counter
[    1.976447][    T1] clocksource: Switched to clocksource kvm-clock
[    1.976447][    T1] VFS: Disk quotas dquot_6.6.0
[    1.976516][    T1] VFS: Dquot-cache hash table entries: 512 (order 0, 4096 bytes)
[    1.983521][    T1] netfs: FS-Cache loaded
[    1.986106][    T1] CacheFiles: Loaded
[    1.987855][    T1] TOMOYO: 2.6.0
[    1.989349][    T1] Mandatory Access Control activated.
[    1.994924][    T1] AppArmor: AppArmor Filesystem Enabled
[    1.997182][    T1] pnp: PnP ACPI init
[    2.006652][    T1] pnp: PnP ACPI: found 6 devices
[    2.085874][    T1] clocksource: acpi_pm: mask: 0xffffff max_cycles: 0xffffff, max_idle_ns: 2085701024 ns
[    2.089121][    T1] NET: Registered PF_INET protocol family
[    2.092176][    T1] IP idents hash table entries: 32768 (order: 6, 262144 bytes, linear)
[    2.105508][    T1] tcp_listen_portaddr_hash hash table entries: 1024 (order: 5, 73728 bytes, linear)
[    2.109514][    T1] Table-perturb hash table entries: 65536 (order: 6, 262144 bytes, linear)
[    2.112869][    T1] TCP established hash table entries: 16384 (order: 5, 131072 bytes, linear)
[    2.125351][    T1] TCP bind hash table entries: 16384 (order: 10, 2359296 bytes, linear)
[    2.128277][    T1] TCP: Hash tables configured (established 16384 bind 16384)
[    2.132912][    T1] MPTCP token hash table entries: 2048 (order: 6, 180224 bytes, linear)
[    2.135920][    T1] UDP hash table entries: 1024 (order: 6, 262144 bytes, linear)
[    2.138505][    T1] UDP-Lite hash table entries: 1024 (order: 6, 262144 bytes, linear)
[    2.140848][   T54] kwatchdog (54) used greatest stack depth: 29832 bytes left
[    2.144020][    T1] NET: Registered PF_UNIX/PF_LOCAL protocol family
[    2.149713][    T1] RPC: Registered named UNIX socket transport module.
[    2.151794][    T1] RPC: Registered udp transport module.
[    2.153467][    T1] RPC: Registered tcp transport module.
[    2.154969][    T1] RPC: Registered tcp-with-tls transport module.
[    2.157027][    T1] RPC: Registered tcp NFSv4.1 backchannel transport module.
[    2.162464][    T1] NET: Registered PF_XDP protocol family
[    2.164291][    T1] pci_bus 0000:00: resource 4 [io  0x0000-0x0cf7 window]
[    2.166552][    T1] pci_bus 0000:00: resource 5 [io  0x0d00-0xffff window]
[    2.168592][    T1] pci_bus 0000:00: resource 6 [mem 0x000a0000-0x000bffff window]
[    2.171064][    T1] pci_bus 0000:00: resource 7 [mem 0x80000000-0xfebfffff window]
[    2.173303][    T1] pci_bus 0000:00: resource 8 [mem 0x100000000-0x17fffffff window]
[    2.175984][    T1] pci 0000:00:01.0: PIIX3: Enabling Passive Release
[    2.177894][    T1] pci 0000:00:00.0: Limiting direct PCI/PCI transfers
[    2.179975][    T1] PCI: CLS 0 bytes, default 64
[    2.187510][   T39] Trying to unpack rootfs image as initramfs...
[    2.190671][    T1] ACPI: bus type thunderbolt registered
[    2.193396][    T1] RAPL PMU: API unit is 2^-32 Joules, 0 fixed counters, 10737418240 ms ovfl timer
[    2.250812][    T1] kvm_amd: CPU 1 isn't AMD or Hygon
[    2.251955][    T1] clocksource: tsc: mask: 0xffffffffffffffff max_cycles: 0x2b2c8ec87c7, max_idle_ns: 440795278598 ns
[    2.313653][   T39] Freeing initrd memory: 1372K
[    2.317185][   T66] kworker/u8:4 (66) used greatest stack depth: 28856 bytes left
[    2.320140][   T60] kworker/u8:3 (60) used greatest stack depth: 28296 bytes left
[    2.327420][    T1] Initialise system trusted keyrings
[    2.340881][    T1] workingset: timestamp_bits=40 max_order=19 bucket_order=0
[    2.347004][    T1] DLM installed
[    2.349859][    T1] squashfs: version 4.0 (2009/01/31) Phillip Lougher
[    2.372064][    T1] NFS: Registering the id_resolver key type
[    2.373556][    T1] Key type id_resolver registered
[    2.374900][    T1] Key type id_legacy registered
[    2.376210][    T1] nfs4filelayout_init: NFSv4 File Layout Driver Registering...
[    2.377865][    T1] nfs4flexfilelayout_init: NFSv4 Flexfile Layout Driver Registering...
[    2.460766][    T1] Key type cifs.spnego registered
[    2.462085][    T1] Key type cifs.idmap registered
[    2.464938][    T1] ntfs3: Enabled Linux POSIX ACLs support
[    2.467270][    T1] ntfs3: Read-only LZX/Xpress compression included
[    2.471472][    T1] efs: 1.0a - http://aeschi.ch.eu.org/efs/
[    2.473081][    T1] jffs2: version 2.2. (NAND) (SUMMARY)  © 2001-2006 Red Hat, Inc.
[    2.476489][    T1] romfs: ROMFS MTD (C) 2007 Red Hat, Inc.
[    2.477994][    T1] QNX4 filesystem 0.2.3 registered.
[    2.479445][    T1] qnx6: QNX6 filesystem 1.0.0 registered.
[    2.482130][    T1] fuse: init (API version 7.45)
[    2.485642][    T1] orangefs_debugfs_init: called with debug mask: :none: :0:
[    2.488267][    T1] orangefs_init: module version upstream loaded
[    2.490405][    T1] JFS: nTxBlock = 8192, nTxLock = 65536
[    2.540865][    T1] SGI XFS with ACLs, security attributes, realtime, quota, no debug enabled
[    2.561852][    T1] 9p: Installing v9fs 9p2000 file system support
[    2.563710][    T1] NILFS version 2 loaded
[    2.564559][    T1] befs: version: 0.9.3
[    2.565933][    T1] ocfs2: Registered cluster interface o2cb
[    2.567961][    T1] ocfs2: Registered cluster interface user
[    2.570367][    T1] OCFS2 User DLM kernel interface loaded
[    2.580918][  T117] kworker/u8:3 (117) used greatest stack depth: 28144 bytes left
[    2.583959][    T1] gfs2: GFS2 installed
[    2.598991][    T1] ceph: loaded (mds proto 32)
[    2.612869][    T1] cryptd: max_cpu_qlen set to 1000
[    2.628590][    T1] NET: Registered PF_ALG protocol family
[    2.630231][    T1] xor: automatically using best checksumming function   avx       
[    2.632338][    T1] async_tx: api initialized (async)
[    2.633567][    T1] Key type asymmetric registered
[    2.634852][    T1] Asymmetric key parser 'x509' registered
[    2.636364][    T1] Asymmetric key parser 'pkcs8' registered
[    2.637921][    T1] Key type pkcs7_test registered
[    2.639765][    T1] Block layer SCSI generic (bsg) driver version 0.4 loaded (major 239)
[    2.650954][    T1] io scheduler mq-deadline registered
[    2.652379][    T1] io scheduler kyber registered
[    2.654028][    T1] io scheduler bfq registered
[    2.664812][    T1] input: Power Button as /devices/platform/LNXPWRBN:00/input/input0
[    2.669236][    T1] ACPI: button: Power Button [PWRF]
[    2.677311][    T1] ioatdma: Intel(R) QuickData Technology Driver 5.00
[    2.864429][  T662] kworker/u8:6 (662) used greatest stack depth: 27808 bytes left
[    2.878331][    T1] N_HDLC line discipline registered with maxframe=4096
[    2.888636][    T1] Serial: 8250/16550 driver, 4 ports, IRQ sharing enabled
[    2.892447][    T1] 00:04: ttyS0 at I/O 0x3f8 (irq = 4, base_baud = 115200) is a 16550A
[    2.910691][    T1] Non-volatile memory driver v1.3
[    2.911739][    T1] Linux agpgart interface v0.103
[    2.915804][    T1] usbcore: registered new interface driver xillyusb
[    2.919715][    T1] ACPI: bus type drm_connector registered
[    2.924977][    T1] [drm] Initialized vgem 1.0.0 for vgem on minor 0
[    2.932493][    T1] [drm] Initialized vkms 1.0.0 for vkms on minor 1
[    3.016954][    T1] Console: switching to colour frame buffer device 128x48
[    3.100819][    T1] faux_driver vkms: [drm] fb0: vkmsdrmfb frame buffer device
[    3.102906][    T1] usbcore: registered new interface driver udl
[    3.109042][    T1] bochs-drm 0000:00:02.0: vgaarb: deactivate vga console
[    3.113695][    T1] [drm] Found bochs VGA, ID 0xb0c5.
[    3.116471][    T1] [drm] Framebuffer size 16384 kB @ 0xfd000000, mmio @ 0xfebf0000.
[    3.122023][    T1] [drm] Initialized bochs-drm 1.0.0 for 0000:00:02.0 on minor 2
[    3.137494][    T1] fbcon: bochs-drmdrmfb (fb1) is primary device
[    3.137512][    T1] fbcon: Remapping primary device, fb1, to tty 1-63
[    4.770901][   T28] Callback from call_rcu_tasks() invoked.
[    8.073895][    T1] bochs-drm 0000:00:02.0: [drm] fb1: bochs-drmdrmfb frame buffer device
[    8.078400][    T1] usbcore: registered new interface driver gm12u320
[    8.081204][    T1] usbcore: registered new interface driver gud
[    8.117652][    T1] brd: module loaded
[    8.186274][    T1] loop: module loaded
[    8.334589][    T1] zram: Added device: zram0
[    8.343470][    T1] null_blk: disk nullb0 created
[    8.345627][    T1] null_blk: module loaded
[    8.348449][    T1] Guest personality initialized and is inactive
[    8.351286][    T1] VMCI host device registered (name=vmci, major=10, minor=266)
[    8.353375][    T1] Initialized host personality
[    8.354821][    T1] usbcore: registered new interface driver rtsx_usb
[    8.357409][    T1] usbcore: registered new interface driver viperboard
[    8.359469][    T1] usbcore: registered new interface driver dln2
[    8.361976][    T1] usbcore: registered new interface driver pn533_usb
[    8.368400][    T1] nfcsim 0.2 initialized
[    8.370125][    T1] usbcore: registered new interface driver port100
[    8.373711][    T1] usbcore: registered new interface driver nfcmrvl
[    8.379737][    T1] Loading iSCSI transport class v2.0-870.
[    8.386624][    T1] st: Version 20160209, fixed bufsize 32768, s/g segs 256
[    8.411752][    T1] scsi host0: ata_piix
[    8.417108][    T1] scsi host1: ata_piix
[    8.418967][    T1] ata1: PATA max MWDMA2 cmd 0x1f0 ctl 0x3f6 bmdma 0xc000 irq 14 lpm-pol 0
[    8.423348][    T1] ata2: PATA max MWDMA2 cmd 0x170 ctl 0x376 bmdma 0xc008 irq 15 lpm-pol 0
[    8.432105][    T1] Rounding down aligned max_sectors from 4294967295 to 4294967288
[    8.434892][    T1] db_root: cannot open: /etc/target
[    8.438052][    T1] slram: not enough parameters.
[    8.444738][    T1] ftl_cs: FTL header not found.
[    8.486615][    T1] wireguard: WireGuard 1.0.0 loaded. See www.wireguard.com for information.
[    8.491314][    T1] wireguard: Copyright (C) 2015-2019 Jason A. Donenfeld <Jason@zx2c4.com>. All Rights Reserved.
[    8.494496][    T1] eql: Equalizer2002: Simon Janes (simon@ncm.com) and David S. Miller (davem@redhat.com)
[    8.502606][    T1] MACsec IEEE 802.1AE
[    8.509656][    T1] usbcore: registered new interface driver mvusb_mdio
[    8.513122][    T1] tun: Universal TUN/TAP device driver, 1.6
[    8.518252][    T1] vcan: Virtual CAN interface driver
[    8.519974][    T1] vxcan: Virtual CAN Tunnel driver
[    8.521583][    T1] slcan: serial line CAN interface driver
[    8.523847][    T1] CAN device driver interface
[    8.526165][    T1] usbcore: registered new interface driver usb_8dev
[    8.529794][    T1] usbcore: registered new interface driver ems_usb
[    8.532804][    T1] usbcore: registered new interface driver esd_usb
[    8.535034][    T1] usbcore: registered new interface driver etas_es58x
[    8.537245][    T1] usbcore: registered new interface driver f81604
[    8.539446][    T1] usbcore: registered new interface driver gs_usb
[    8.541535][    T1] usbcore: registered new interface driver kvaser_usb
[    8.544833][    T1] usbcore: registered new interface driver mcba_usb
[    8.547355][    T1] usbcore: registered new interface driver peak_usb
[    8.550201][    T1] usbcore: registered new interface driver ucan
[    8.552610][    T1] e100: Intel(R) PRO/100 Network Driver
[    8.554361][    T1] e100: Copyright(c) 1999-2006 Intel Corporation
[    8.557025][    T1] e1000: Intel(R) PRO/1000 Network Driver
[    8.559159][    T1] e1000: Copyright (c) 1999-2006 Intel Corporation.
[    8.565683][    T1] e1000e: Intel(R) PRO/1000 Network Driver
[    8.567358][    T1] e1000e: Copyright(c) 1999 - 2015 Intel Corporation.
[    8.571726][    T1] mkiss: AX.25 Multikiss, Hans Albas PE1AYX
[    8.576902][    T1] AX.25: bpqether driver version 004
[    8.583445][ T1015] ata2: found unknown device (class 0)
[    8.583599][    T1] PPP generic driver version 2.4.2
[    8.588339][ T1015] ata2.00: ATAPI: QEMU DVD-ROM, 2.5+, max UDMA/100
[    8.591813][    T1] PPP BSD Compression module registered
[    8.595711][    T1] PPP Deflate Compression module registered
[    8.598331][    T1] PPP MPPE Compression module registered
[    8.600169][    T1] NET: Registered PF_PPPOX protocol family
[    8.603039][    T1] PPTP driver version 0.8.5
[    8.605659][    T1] SLIP: version 0.8.4-NET3.019-NEWTTY (dynamic channels, max=256) (6 bit encapsulation enabled).
[    8.608964][    T1] CSLIP: code copyright 1989 Regents of the University of California.
[    8.613452][    T1] SLIP linefill/keepalive option.
[    8.613542][   T12] scsi 1:0:0:0: CD-ROM            QEMU     QEMU DVD-ROM     2.5+ PQ: 0 ANSI: 5
[    8.616033][    T1] hdlc: HDLC support module revision 1.22
[    8.622112][    T1] LAPB Ethernet driver version 0.02
[    8.625091][    T1] usbcore: registered new interface driver ath9k_htc
[    8.628848][    T1] usbcore: registered new interface driver carl9170
[    8.635455][    T1] usbcore: registered new interface driver ath6kl_usb
[    8.639415][    T1] usbcore: registered new interface driver ar5523
[    8.645506][    T1] usbcore: registered new interface driver ath10k_usb
[    8.648713][    T1] usbcore: registered new interface driver plfxlc
[    8.653742][    T1] mac80211_hwsim: initializing netlink
[    8.675698][    T1] usbcore: registered new interface driver atusb
[    8.686008][    T1] mac802154_hwsim mac802154_hwsim: Added 2 mac802154 hwsim hardware radios
[    8.689691][    T1] VMware vmxnet3 virtual NIC driver - version 1.9.0.0-k-NAPI
[    8.692286][    T1] usbcore: registered new interface driver catc
[    8.694472][    T1] usbcore: registered new interface driver kaweth
[    8.696479][    T1] pegasus: Pegasus/Pegasus II USB Ethernet driver
[    8.698649][    T1] usbcore: registered new interface driver pegasus
[    8.701146][    T1] usbcore: registered new interface driver rtl8150
[    8.703241][    T1] usbcore: registered new device driver r8152-cfgselector
[    8.705535][    T1] usbcore: registered new interface driver r8152
[    8.707676][    T1] usbcore: registered new interface driver hso
[    8.710216][    T1] usbcore: registered new interface driver lan78xx
[    8.712771][    T1] usbcore: registered new interface driver asix
[    8.714842][    T1] usbcore: registered new interface driver ax88179_178a
[    8.718450][    T1] usbcore: registered new interface driver cdc_ether
[    8.720736][    T1] usbcore: registered new interface driver cdc_eem
[    8.724132][    T1] usbcore: registered new interface driver dm9601
[    8.726346][    T1] usbcore: registered new interface driver sr9700
[    8.729679][    T1] usbcore: registered new interface driver CoreChips
[    8.732460][    T1] usbcore: registered new interface driver smsc75xx
[    8.734917][    T1] usbcore: registered new interface driver smsc95xx
[    8.737476][    T1] usbcore: registered new interface driver gl620a
[    8.739753][    T1] usbcore: registered new interface driver net1080
[    8.742163][    T1] usbcore: registered new interface driver plusb
[    8.745444][    T1] usbcore: registered new interface driver rndis_host
[    8.747761][    T1] usbcore: registered new interface driver cdc_subset
[    8.750259][    T1] usbcore: registered new interface driver zaurus
[    8.752419][    T1] usbcore: registered new interface driver MOSCHIP usb-ethernet driver
[    8.756177][    T1] usbcore: registered new interface driver int51x1
[    8.758531][    T1] usbcore: registered new interface driver cdc_phonet
[    8.761045][    T1] usbcore: registered new interface driver kalmia
[    8.763375][    T1] usbcore: registered new interface driver ipheth
[    8.766017][    T1] usbcore: registered new interface driver sierra_net
[    8.768204][    T1] usbcore: registered new interface driver cx82310_eth
[    8.770551][    T1] usbcore: registered new interface driver cdc_ncm
[    8.773397][    T1] usbcore: registered new interface driver huawei_cdc_ncm
[    8.776039][    T1] usbcore: registered new interface driver lg-vl600
[    8.778621][    T1] usbcore: registered new interface driver qmi_wwan
[    8.781569][    T1] usbcore: registered new interface driver cdc_mbim
[    8.784166][    T1] usbcore: registered new interface driver ch9200
[    8.786956][   T12] sr 1:0:0:0: [sr0] scsi3-mmc drive: 4x/4x cd/rw xa/form2 tray
[    8.787148][    T1] usbcore: registered new interface driver aqc111
[    8.789593][   T12] cdrom: Uniform CD-ROM driver Revision: 3.20
[    8.791688][    T1] usbcore: registered new interface driver r8153_ecm
[    8.798255][    T1] VFIO - User Level meta-driver version: 0.3
[    8.805483][    T1] aoe: AoE v85 initialised.
[    8.819081][    T1] usbcore: registered new interface driver cdc_acm
[    8.823503][    T1] cdc_acm: USB Abstract Control Model driver for USB modems and ISDN adapters
[    8.826366][    T1] usbcore: registered new interface driver usblp
[    8.831218][    T1] usbcore: registered new interface driver cdc_wdm
[    8.834082][    T1] usbcore: registered new interface driver usbtmc
[    8.834536][   T12] sr 1:0:0:0: Attached scsi generic sg0 type 5
[    8.838424][    T1] usbcore: registered new interface driver uas
[    8.843914][    T1] usbcore: registered new interface driver usb-storage
[    8.846516][    T1] usbcore: registered new interface driver ums-alauda
[    8.849075][    T1] usbcore: registered new interface driver ums-cypress
[    8.852228][    T1] usbcore: registered new interface driver ums-datafab
[    8.855312][    T1] usbcore: registered new interface driver ums_eneub6250
[    8.857670][    T1] usbcore: registered new interface driver ums-freecom
[    8.859967][    T1] usbcore: registered new interface driver ums-isd200
[    8.864660][    T1] usbcore: registered new interface driver ums-jumpshot
[    8.867240][    T1] usbcore: registered new interface driver ums-karma
[    8.871206][    T1] usbcore: registered new interface driver ums-onetouch
[    8.873710][    T1] usbcore: registered new interface driver ums-realtek
[    8.879126][    T1] usbcore: registered new interface driver ums-sddr09
[    8.882334][    T1] usbcore: registered new interface driver ums-sddr55
[    8.884623][    T1] usbcore: registered new interface driver ums-usbat
[    8.886991][    T1] usbcore: registered new interface driver mdc800
[    8.888874][    T1] mdc800: v0.7.5 (30/10/2000):USB Driver for Mustek MDC800 Digital Camera
[    8.891775][    T1] usbcore: registered new interface driver microtekX6
[    8.894798][    T1] usbcore: registered new interface driver usbserial_generic
[    8.897712][    T1] usbserial: USB Serial support registered for generic
[    8.900091][    T1] usbcore: registered new interface driver aircable
[    8.902335][    T1] usbserial: USB Serial support registered for aircable
[    8.904704][    T1] usbcore: registered new interface driver ark3116
[    8.906856][    T1] usbserial: USB Serial support registered for ark3116
[    8.909184][    T1] usbcore: registered new interface driver belkin_sa
[    8.911389][    T1] usbserial: USB Serial support registered for Belkin / Peracom / GoHubs USB Serial Adapter
[    8.914892][    T1] usbcore: registered new interface driver ch341
[    8.917046][    T1] usbserial: USB Serial support registered for ch341-uart
[    8.919479][    T1] usbcore: registered new interface driver cp210x
[    8.922573][    T1] usbserial: USB Serial support registered for cp210x
[    8.925109][    T1] usbcore: registered new interface driver cyberjack
[    8.927442][    T1] usbserial: USB Serial support registered for Reiner SCT Cyberjack USB card reader
[    8.933198][    T1] usbcore: registered new interface driver cypress_m8
[    8.935655][    T1] usbserial: USB Serial support registered for DeLorme Earthmate USB
[    8.938267][    T1] usbserial: USB Serial support registered for HID->COM RS232 Adapter
[    8.941615][    T1] usbserial: USB Serial support registered for Nokia CA-42 V2 Adapter
[    8.944758][    T1] usbcore: registered new interface driver usb_debug
[    8.946934][    T1] usbserial: USB Serial support registered for debug
[    8.949062][    T1] usbserial: USB Serial support registered for xhci_dbc
[    8.952471][    T1] usbcore: registered new interface driver digi_acceleport
[    8.954854][    T1] usbserial: USB Serial support registered for Digi 2 port USB adapter
[    8.957521][    T1] usbserial: USB Serial support registered for Digi 4 port USB adapter
[    8.960363][    T1] usbcore: registered new interface driver io_edgeport
[    8.962826][    T1] usbserial: USB Serial support registered for Edgeport 2 port adapter
[    8.965683][    T1] usbserial: USB Serial support registered for Edgeport 4 port adapter
[    8.968276][    T1] usbserial: USB Serial support registered for Edgeport 8 port adapter
[    8.971058][    T1] usbserial: USB Serial support registered for EPiC device
[    8.973938][    T1] usbcore: registered new interface driver io_ti
[    8.976034][    T1] usbserial: USB Serial support registered for Edgeport TI 1 port adapter
[    8.978888][    T1] usbserial: USB Serial support registered for Edgeport TI 2 port adapter
[    8.982796][    T1] usbcore: registered new interface driver empeg
[    8.984947][    T1] usbserial: USB Serial support registered for empeg
[    8.987373][    T1] usbcore: registered new interface driver f81534a_ctrl
[    8.989758][    T1] usbcore: registered new interface driver f81232
[    8.991803][    T1] usbserial: USB Serial support registered for f81232
[    8.994308][    T1] usbserial: USB Serial support registered for f81534a
[    8.996989][    T1] usbcore: registered new interface driver f81534
[    8.999033][    T1] usbserial: USB Serial support registered for Fintek F81532/F81534
[    9.002537][    T1] usbcore: registered new interface driver ftdi_sio
[    9.004658][    T1] usbserial: USB Serial support registered for FTDI USB Serial Device
[    9.007890][    T1] usbcore: registered new interface driver garmin_gps
[    9.011515][    T1] usbserial: USB Serial support registered for Garmin GPS usb/tty
[    9.014340][    T1] usbcore: registered new interface driver ipaq
[    9.016341][    T1] usbserial: USB Serial support registered for PocketPC PDA
[    9.018891][    T1] usbcore: registered new interface driver ipw
[    9.020848][    T1] usbserial: USB Serial support registered for IPWireless converter
[    9.023528][    T1] usbcore: registered new interface driver ir_usb
[    9.025807][    T1] usbserial: USB Serial support registered for IR Dongle
[    9.029367][    T1] usbcore: registered new interface driver iuu_phoenix
[    9.032407][    T1] usbserial: USB Serial support registered for iuu_phoenix
[    9.035125][    T1] usbcore: registered new interface driver keyspan
[    9.038022][    T1] usbserial: USB Serial support registered for Keyspan - (without firmware)
[    9.040941][    T1] usbserial: USB Serial support registered for Keyspan 1 port adapter
[    9.045692][    T1] usbserial: USB Serial support registered for Keyspan 2 port adapter
[    9.048533][    T1] usbserial: USB Serial support registered for Keyspan 4 port adapter
[    9.051841][    T1] usbcore: registered new interface driver keyspan_pda
[    9.057305][    T1] usbserial: USB Serial support registered for Keyspan PDA
[    9.059764][    T1] usbserial: USB Serial support registered for Keyspan PDA - (prerenumeration)
[    9.064050][    T1] usbcore: registered new interface driver kl5kusb105
[    9.066237][    T1] usbserial: USB Serial support registered for KL5KUSB105D / PalmConnect
[    9.070324][    T1] usbcore: registered new interface driver kobil_sct
[    9.074730][    T1] usbserial: USB Serial support registered for KOBIL USB smart card terminal
[    9.079792][    T1] usbcore: registered new interface driver mct_u232
[    9.083166][    T1] usbserial: USB Serial support registered for MCT U232
[    9.086272][    T1] usbcore: registered new interface driver metro_usb
[    9.089525][    T1] usbserial: USB Serial support registered for Metrologic USB to Serial
[    9.093906][    T1] usbcore: registered new interface driver mos7720
[    9.096722][    T1] usbserial: USB Serial support registered for Moschip 2 port adapter
[    9.100295][    T1] usbcore: registered new interface driver mos7840
[    9.102628][    T1] usbserial: USB Serial support registered for Moschip 7840/7820 USB Serial Driver
[    9.105696][    T1] usbcore: registered new interface driver mxuport
[    9.108542][    T1] usbserial: USB Serial support registered for MOXA UPort
[    9.114120][    T1] usbcore: registered new interface driver navman
[    9.116981][    T1] usbserial: USB Serial support registered for navman
[    9.119582][    T1] usbcore: registered new interface driver omninet
[    9.121764][    T1] usbserial: USB Serial support registered for ZyXEL - omni.net usb
[    9.124686][    T1] usbcore: registered new interface driver opticon
[    9.127126][    T1] usbserial: USB Serial support registered for opticon
[    9.129682][    T1] usbcore: registered new interface driver option
[    9.132084][    T1] usbserial: USB Serial support registered for GSM modem (1-port)
[    9.134781][    T1] usbcore: registered new interface driver oti6858
[    9.137039][    T1] usbserial: USB Serial support registered for oti6858
[    9.139325][    T1] usbcore: registered new interface driver pl2303
[    9.141488][    T1] usbserial: USB Serial support registered for pl2303
[    9.143701][    T1] usbcore: registered new interface driver qcaux
[    9.145909][    T1] usbserial: USB Serial support registered for qcaux
[    9.148352][    T1] usbcore: registered new interface driver qcserial
[    9.150604][    T1] usbserial: USB Serial support registered for Qualcomm USB modem
[    9.153553][    T1] usbcore: registered new interface driver quatech2
[    9.155696][    T1] usbserial: USB Serial support registered for Quatech 2nd gen USB to Serial Driver
[    9.159278][    T1] usbcore: registered new interface driver safe_serial
[    9.161768][    T1] usbserial: USB Serial support registered for safe_serial
[    9.164174][    T1] usbcore: registered new interface driver sierra
[    9.166384][    T1] usbserial: USB Serial support registered for Sierra USB modem
[    9.168945][    T1] usbcore: registered new interface driver usb_serial_simple
[    9.171443][    T1] usbserial: USB Serial support registered for carelink
[    9.173735][    T1] usbserial: USB Serial support registered for flashloader
[    9.176147][    T1] usbserial: USB Serial support registered for funsoft
[    9.178512][    T1] usbserial: USB Serial support registered for google
[    9.180661][    T1] usbserial: USB Serial support registered for hp4x
[    9.182952][    T1] usbserial: USB Serial support registered for kaufmann
[    9.185171][    T1] usbserial: USB Serial support registered for libtransistor
[    9.187429][    T1] usbserial: USB Serial support registered for moto_modem
[    9.189832][    T1] usbserial: USB Serial support registered for motorola_tetra
[    9.192412][    T1] usbserial: USB Serial support registered for nokia
[    9.194934][    T1] usbserial: USB Serial support registered for novatel_gps
[    9.197146][    T1] usbserial: USB Serial support registered for owon
[    9.199392][    T1] usbserial: USB Serial support registered for siemens_mpi
[    9.201801][    T1] usbserial: USB Serial support registered for suunto
[    9.204069][    T1] usbserial: USB Serial support registered for vivopay
[    9.206321][    T1] usbserial: USB Serial support registered for zio
[    9.208726][    T1] usbcore: registered new interface driver spcp8x5
[    9.211728][    T1] usbserial: USB Serial support registered for SPCP8x5
[    9.214120][    T1] usbcore: registered new interface driver ssu100
[    9.216141][    T1] usbserial: USB Serial support registered for Quatech SSU-100 USB to Serial Driver
[    9.219368][    T1] usbcore: registered new interface driver symbolserial
[    9.221774][    T1] usbserial: USB Serial support registered for symbol
[    9.223984][    T1] usbcore: registered new interface driver ti_usb_3410_5052
[    9.226140][    T1] usbserial: USB Serial support registered for TI USB 3410 1 port adapter
[    9.231015][    T1] usbserial: USB Serial support registered for TI USB 5052 2 port adapter
[    9.233646][    T1] usbcore: registered new interface driver upd78f0730
[    9.236095][    T1] usbserial: USB Serial support registered for upd78f0730
[    9.238530][    T1] usbcore: registered new interface driver visor
[    9.240674][    T1] usbserial: USB Serial support registered for Handspring Visor / Palm OS
[    9.243341][    T1] usbserial: USB Serial support registered for Sony Clie 5.0
[    9.245741][    T1] usbserial: USB Serial support registered for Sony Clie 3.5
[    9.250223][    T1] usbcore: registered new interface driver wishbone_serial
[    9.252459][    T1] usbserial: USB Serial support registered for wishbone_serial
[    9.255431][    T1] usbcore: registered new interface driver whiteheat
[    9.258073][    T1] usbserial: USB Serial support registered for Connect Tech - WhiteHEAT - (prerenumeration)
[    9.261304][    T1] usbserial: USB Serial support registered for Connect Tech - WhiteHEAT
[    9.264595][    T1] usbcore: registered new interface driver xr_serial
[    9.266970][    T1] usbserial: USB Serial support registered for xr_serial
[    9.269421][    T1] usbcore: registered new interface driver xsens_mt
[    9.271759][    T1] usbserial: USB Serial support registered for xsens_mt
[    9.274298][    T1] usbcore: registered new interface driver adutux
[    9.276812][    T1] usbcore: registered new interface driver appledisplay
[    9.282207][    T1] usbcore: registered new interface driver cypress_cy7c63
[    9.285321][    T1] usbcore: registered new interface driver cytherm
[    9.287514][    T1] usbcore: registered new interface driver emi26 - firmware loader
[    9.290164][    T1] usbcore: registered new interface driver emi62 - firmware loader
[    9.292791][    T1] usbcore: registered new device driver apple-mfi-fastcharge
[    9.295472][    T1] usbcore: registered new interface driver ljca
[    9.297737][    T1] usbcore: registered new interface driver idmouse
[    9.299993][    T1] usbcore: registered new interface driver iowarrior
[    9.302659][    T1] usbcore: registered new interface driver isight_firmware
[    9.304969][    T1] usbcore: registered new interface driver usblcd
[    9.307260][    T1] usbcore: registered new interface driver ldusb
[    9.309397][    T1] usbcore: registered new interface driver legousbtower
[    9.311870][    T1] usbcore: registered new interface driver usbtest
[    9.314274][    T1] usbcore: registered new interface driver usb_ehset_test
[    9.316826][    T1] usbcore: registered new interface driver trancevibrator
[    9.319600][    T1] usbcore: registered new interface driver uss720
[    9.321627][    T1] uss720: USB Parport Cable driver for Cables using the Lucent Technologies USS720 Chip
[    9.324488][    T1] uss720: NOTE: this is a special purpose driver to allow nonstandard
[    9.326975][    T1] uss720: protocols (eg. bitbang) over USS720 usb to parallel cables
[    9.329894][    T1] uss720: If you just want to connect to a printer, use usblp instead
[    9.333499][    T1] usbcore: registered new interface driver usbsevseg
[    9.336037][    T1] usbcore: registered new interface driver yurex
[    9.339664][    T1] usbcore: registered new interface driver chaoskey
[    9.342037][    T1] usbcore: registered new interface driver sisusb
[    9.344396][    T1] usbcore: registered new interface driver lvs
[    9.346422][    T1] usbcore: registered new interface driver cxacru
[    9.348528][    T1] usbcore: registered new interface driver speedtch
[    9.350684][    T1] usbcore: registered new interface driver ueagle-atm
[    9.352609][    T1] xusbatm: malformed module parameters
[    9.356176][    T1] dummy_hcd dummy_hcd.0: USB Host+Gadget Emulator, driver 02 May 2005
[    9.358964][    T1] dummy_hcd dummy_hcd.0: Dummy host controller
[    9.363490][    T1] dummy_hcd dummy_hcd.0: new USB bus registered, assigned bus number 1
[    9.367787][    T1] usb usb1: New USB device found, idVendor=1d6b, idProduct=0002, bcdDevice= 7.00
[    9.371059][    T1] usb usb1: New USB device strings: Mfr=3, Product=2, SerialNumber=1
[    9.373395][    T1] usb usb1: Product: Dummy host controller
[    9.375041][    T1] usb usb1: Manufacturer: Linux 7.0.0-rc6-gd8a9a4b11a13 dummy_hcd
[    9.377419][    T1] usb usb1: SerialNumber: dummy_hcd.0
[    9.383115][    T1] hub 1-0:1.0: USB hub found
[    9.384823][    T1] hub 1-0:1.0: 1 port detected
[    9.391904][    T1] SPI driver max3420-udc has no spi_device_id for maxim,max3421-udc
[    9.395843][    T1] gadgetfs: USB Gadget filesystem, version 24 Aug 2004
[    9.399252][    T1] vhci_hcd vhci_hcd.0: USB/IP Virtual Host Controller
[    9.402125][    T1] vhci_hcd vhci_hcd.0: new USB bus registered, assigned bus number 2
[    9.404792][    T1] vhci_hcd vhci_hcd.0: created sysfs vhci_hcd.0
[    9.407215][    T1] usb usb2: New USB device found, idVendor=1d6b, idProduct=0002, bcdDevice= 7.00
[    9.409728][    T1] usb usb2: New USB device strings: Mfr=3, Product=2, SerialNumber=1
[    9.412263][    T1] usb usb2: Product: USB/IP Virtual Host Controller
[    9.414049][    T1] usb usb2: Manufacturer: Linux 7.0.0-rc6-gd8a9a4b11a13 vhci_hcd
[    9.416243][    T1] usb usb2: SerialNumber: vhci_hcd.0
[    9.421881][    T1] hub 2-0:1.0: USB hub found
[    9.423593][    T1] hub 2-0:1.0: 8 ports detected
[    9.429649][    T1] vhci_hcd vhci_hcd.0: USB/IP Virtual Host Controller
[    9.432880][    T1] vhci_hcd vhci_hcd.0: new USB bus registered, assigned bus number 3
[    9.435236][    T1] usb usb3: We don't know the algorithms for LPM for this host, disabling LPM.
[    9.437954][    T1] usb usb3: New USB device found, idVendor=1d6b, idProduct=0003, bcdDevice= 7.00
[    9.440411][    T1] usb usb3: New USB device strings: Mfr=3, Product=2, SerialNumber=1
[    9.442891][    T1] usb usb3: Product: USB/IP Virtual Host Controller
[    9.444678][    T1] usb usb3: Manufacturer: Linux 7.0.0-rc6-gd8a9a4b11a13 vhci_hcd
[    9.446729][    T1] usb usb3: SerialNumber: vhci_hcd.0
[    9.450691][    T1] hub 3-0:1.0: USB hub found
[    9.452060][    T1] hub 3-0:1.0: 8 ports detected
[    9.459218][    T1] vhci_hcd vhci_hcd.1: USB/IP Virtual Host Controller
[    9.462250][    T1] vhci_hcd vhci_hcd.1: new USB bus registered, assigned bus number 4
[    9.465187][    T1] usb usb4: New USB device found, idVendor=1d6b, idProduct=0002, bcdDevice= 7.00
[    9.467616][    T1] usb usb4: New USB device strings: Mfr=3, Product=2, SerialNumber=1
[    9.469706][    T1] usb usb4: Product: USB/IP Virtual Host Controller
[    9.471537][    T1] usb usb4: Manufacturer: Linux 7.0.0-rc6-gd8a9a4b11a13 vhci_hcd
[    9.473525][    T1] usb usb4: SerialNumber: vhci_hcd.1
[    9.477460][    T1] hub 4-0:1.0: USB hub found
[    9.478784][    T1] hub 4-0:1.0: 8 ports detected
[    9.485564][    T1] vhci_hcd vhci_hcd.1: USB/IP Virtual Host Controller
[    9.488173][    T1] vhci_hcd vhci_hcd.1: new USB bus registered, assigned bus number 5
[    9.490640][    T1] usb usb5: We don't know the algorithms for LPM for this host, disabling LPM.
[    9.493306][    T1] usb usb5: New USB device found, idVendor=1d6b, idProduct=0003, bcdDevice= 7.00
[    9.495603][    T1] usb usb5: New USB device strings: Mfr=3, Product=2, SerialNumber=1
[    9.497635][    T1] usb usb5: Product: USB/IP Virtual Host Controller
[    9.499763][    T1] usb usb5: Manufacturer: Linux 7.0.0-rc6-gd8a9a4b11a13 vhci_hcd
[    9.501993][    T1] usb usb5: SerialNumber: vhci_hcd.1
[    9.505328][    T1] hub 5-0:1.0: USB hub found
[    9.506729][    T1] hub 5-0:1.0: 8 ports detected
[    9.514130][    T1] vhci_hcd vhci_hcd.2: USB/IP Virtual Host Controller
[    9.517045][    T1] vhci_hcd vhci_hcd.2: new USB bus registered, assigned bus number 6
[    9.519956][    T1] usb usb6: New USB device found, idVendor=1d6b, idProduct=0002, bcdDevice= 7.00
[    9.522729][    T1] usb usb6: New USB device strings: Mfr=3, Product=2, SerialNumber=1
[    9.524973][    T1] usb usb6: Product: USB/IP Virtual Host Controller
[    9.527279][    T1] usb usb6: Manufacturer: Linux 7.0.0-rc6-gd8a9a4b11a13 vhci_hcd
[    9.529594][    T1] usb usb6: SerialNumber: vhci_hcd.2
[    9.534086][    T1] hub 6-0:1.0: USB hub found
[    9.535885][    T1] hub 6-0:1.0: 8 ports detected
[    9.543085][    T1] vhci_hcd vhci_hcd.2: USB/IP Virtual Host Controller
[    9.547248][    T1] vhci_hcd vhci_hcd.2: new USB bus registered, assigned bus number 7
[    9.549770][    T1] usb usb7: We don't know the algorithms for LPM for this host, disabling LPM.
[    9.553253][    T1] usb usb7: New USB device found, idVendor=1d6b, idProduct=0003, bcdDevice= 7.00
[    9.556143][    T1] usb usb7: New USB device strings: Mfr=3, Product=2, SerialNumber=1
[    9.558641][    T1] usb usb7: Product: USB/IP Virtual Host Controller
[    9.560913][    T1] usb usb7: Manufacturer: Linux 7.0.0-rc6-gd8a9a4b11a13 vhci_hcd
[    9.563846][    T1] usb usb7: SerialNumber: vhci_hcd.2
[    9.575890][    T1] hub 7-0:1.0: USB hub found
[    9.577595][    T1] hub 7-0:1.0: 8 ports detected
[    9.586374][    T1] vhci_hcd vhci_hcd.3: USB/IP Virtual Host Controller
[    9.588989][    T1] vhci_hcd vhci_hcd.3: new USB bus registered, assigned bus number 8
[    9.591864][    T1] usb usb8: New USB device found, idVendor=1d6b, idProduct=0002, bcdDevice= 7.00
[    9.596297][    T1] usb usb8: New USB device strings: Mfr=3, Product=2, SerialNumber=1
[    9.600886][    T1] usb usb8: Product: USB/IP Virtual Host Controller
[    9.603090][    T1] usb usb8: Manufacturer: Linux 7.0.0-rc6-gd8a9a4b11a13 vhci_hcd
[    9.605125][    T1] usb usb8: SerialNumber: vhci_hcd.3
[    9.609599][    T1] hub 8-0:1.0: USB hub found
[    9.611324][    T1] hub 8-0:1.0: 8 ports detected
[    9.619665][    T1] vhci_hcd vhci_hcd.3: USB/IP Virtual Host Controller
[    9.622388][    T1] vhci_hcd vhci_hcd.3: new USB bus registered, assigned bus number 9
[    9.624766][    T1] usb usb9: We don't know the algorithms for LPM for this host, disabling LPM.
[    9.627681][    T1] usb usb9: New USB device found, idVendor=1d6b, idProduct=0003, bcdDevice= 7.00
[    9.630224][    T1] usb usb9: New USB device strings: Mfr=3, Product=2, SerialNumber=1
[    9.634069][    T1] usb usb9: Product: USB/IP Virtual Host Controller
[    9.635925][    T1] usb usb9: Manufacturer: Linux 7.0.0-rc6-gd8a9a4b11a13 vhci_hcd
[    9.638003][    T1] usb usb9: SerialNumber: vhci_hcd.3
[    9.642551][    T1] hub 9-0:1.0: USB hub found
[    9.644030][    T1] hub 9-0:1.0: 8 ports detected
[    9.652257][    T1] vhci_hcd vhci_hcd.4: USB/IP Virtual Host Controller
[    9.654927][    T1] vhci_hcd vhci_hcd.4: new USB bus registered, assigned bus number 10
[    9.657756][    T1] usb usb10: New USB device found, idVendor=1d6b, idProduct=0002, bcdDevice= 7.00
[    9.660332][    T1] usb usb10: New USB device strings: Mfr=3, Product=2, SerialNumber=1
[    9.662604][    T1] usb usb10: Product: USB/IP Virtual Host Controller
[    9.664589][    T1] usb usb10: Manufacturer: Linux 7.0.0-rc6-gd8a9a4b11a13 vhci_hcd
[    9.667103][    T1] usb usb10: SerialNumber: vhci_hcd.4
[    9.671530][    T1] hub 10-0:1.0: USB hub found
[    9.673229][    T1] hub 10-0:1.0: 8 ports detected
[    9.679474][    T1] vhci_hcd vhci_hcd.4: USB/IP Virtual Host Controller
[    9.683143][    T1] vhci_hcd vhci_hcd.4: new USB bus registered, assigned bus number 11
[    9.686025][    T1] usb usb11: We don't know the algorithms for LPM for this host, disabling LPM.
[    9.689120][    T1] usb usb11: New USB device found, idVendor=1d6b, idProduct=0003, bcdDevice= 7.00
[    9.692046][    T1] usb usb11: New USB device strings: Mfr=3, Product=2, SerialNumber=1
[    9.694321][    T1] usb usb11: Product: USB/IP Virtual Host Controller
[    9.696374][    T1] usb usb11: Manufacturer: Linux 7.0.0-rc6-gd8a9a4b11a13 vhci_hcd
[    9.698718][    T1] usb usb11: SerialNumber: vhci_hcd.4
[    9.703721][    T1] hub 11-0:1.0: USB hub found
[    9.705380][    T1] hub 11-0:1.0: 8 ports detected
[    9.713209][    T1] vhci_hcd vhci_hcd.5: USB/IP Virtual Host Controller
[    9.716657][    T1] vhci_hcd vhci_hcd.5: new USB bus registered, assigned bus number 12
[    9.722497][    T1] usb usb12: New USB device found, idVendor=1d6b, idProduct=0002, bcdDevice= 7.00
[    9.725476][    T1] usb usb12: New USB device strings: Mfr=3, Product=2, SerialNumber=1
[    9.727782][    T1] usb usb12: Product: USB/IP Virtual Host Controller
[    9.729617][    T1] usb usb12: Manufacturer: Linux 7.0.0-rc6-gd8a9a4b11a13 vhci_hcd
[    9.732551][    T1] usb usb12: SerialNumber: vhci_hcd.5
[    9.737700][    T1] hub 12-0:1.0: USB hub found
[    9.739137][    T1] hub 12-0:1.0: 8 ports detected
[    9.745456][    T1] vhci_hcd vhci_hcd.5: USB/IP Virtual Host Controller
[    9.748492][    T1] vhci_hcd vhci_hcd.5: new USB bus registered, assigned bus number 13
[    9.751193][    T1] usb usb13: We don't know the algorithms for LPM for this host, disabling LPM.
[    9.754595][    T1] usb usb13: New USB device found, idVendor=1d6b, idProduct=0003, bcdDevice= 7.00
[    9.757128][    T1] usb usb13: New USB device strings: Mfr=3, Product=2, SerialNumber=1
[    9.759356][    T1] usb usb13: Product: USB/IP Virtual Host Controller
[    9.761312][    T1] usb usb13: Manufacturer: Linux 7.0.0-rc6-gd8a9a4b11a13 vhci_hcd
[    9.763526][    T1] usb usb13: SerialNumber: vhci_hcd.5
[    9.767008][    T1] hub 13-0:1.0: USB hub found
[    9.768540][    T1] hub 13-0:1.0: 8 ports detected
[    9.776511][    T1] vhci_hcd vhci_hcd.6: USB/IP Virtual Host Controller
[    9.780591][    T1] vhci_hcd vhci_hcd.6: new USB bus registered, assigned bus number 14
[    9.785156][    T1] usb usb14: New USB device found, idVendor=1d6b, idProduct=0002, bcdDevice= 7.00
[    9.787743][    T1] usb usb14: New USB device strings: Mfr=3, Product=2, SerialNumber=1
[    9.789899][    T1] usb usb14: Product: USB/IP Virtual Host Controller
[    9.791836][    T1] usb usb14: Manufacturer: Linux 7.0.0-rc6-gd8a9a4b11a13 vhci_hcd
[    9.793912][    T1] usb usb14: SerialNumber: vhci_hcd.6
[    9.797136][    T1] hub 14-0:1.0: USB hub found
[    9.798607][    T1] hub 14-0:1.0: 8 ports detected
[    9.804903][    T1] vhci_hcd vhci_hcd.6: USB/IP Virtual Host Controller
[    9.807418][    T1] vhci_hcd vhci_hcd.6: new USB bus registered, assigned bus number 15
[    9.809901][    T1] usb usb15: We don't know the algorithms for LPM for this host, disabling LPM.
[    9.813330][    T1] usb usb15: New USB device found, idVendor=1d6b, idProduct=0003, bcdDevice= 7.00
[    9.816270][    T1] usb usb15: New USB device strings: Mfr=3, Product=2, SerialNumber=1
[    9.818377][    T1] usb usb15: Product: USB/IP Virtual Host Controller
[    9.820145][    T1] usb usb15: Manufacturer: Linux 7.0.0-rc6-gd8a9a4b11a13 vhci_hcd
[    9.822394][    T1] usb usb15: SerialNumber: vhci_hcd.6
[    9.826015][    T1] hub 15-0:1.0: USB hub found
[    9.827444][    T1] hub 15-0:1.0: 8 ports detected
[    9.835276][    T1] vhci_hcd vhci_hcd.7: USB/IP Virtual Host Controller
[    9.837854][    T1] vhci_hcd vhci_hcd.7: new USB bus registered, assigned bus number 16
[    9.840745][    T1] usb usb16: New USB device found, idVendor=1d6b, idProduct=0002, bcdDevice= 7.00
[    9.843392][    T1] usb usb16: New USB device strings: Mfr=3, Product=2, SerialNumber=1
[    9.845766][    T1] usb usb16: Product: USB/IP Virtual Host Controller
[    9.848062][    T1] usb usb16: Manufacturer: Linux 7.0.0-rc6-gd8a9a4b11a13 vhci_hcd
[    9.850422][    T1] usb usb16: SerialNumber: vhci_hcd.7
[    9.855655][    T1] hub 16-0:1.0: USB hub found
[    9.857243][    T1] hub 16-0:1.0: 8 ports detected
[    9.863942][    T1] vhci_hcd vhci_hcd.7: USB/IP Virtual Host Controller
[    9.867357][    T1] vhci_hcd vhci_hcd.7: new USB bus registered, assigned bus number 17
[    9.870016][    T1] usb usb17: We don't know the algorithms for LPM for this host, disabling LPM.
[    9.873221][    T1] usb usb17: New USB device found, idVendor=1d6b, idProduct=0003, bcdDevice= 7.00
[    9.875883][    T1] usb usb17: New USB device strings: Mfr=3, Product=2, SerialNumber=1
[    9.878109][    T1] usb usb17: Product: USB/IP Virtual Host Controller
[    9.880021][    T1] usb usb17: Manufacturer: Linux 7.0.0-rc6-gd8a9a4b11a13 vhci_hcd
[    9.883215][    T1] usb usb17: SerialNumber: vhci_hcd.7
[    9.887835][    T1] hub 17-0:1.0: USB hub found
[    9.889430][    T1] hub 17-0:1.0: 8 ports detected
[    9.897204][    T1] vhci_hcd vhci_hcd.8: USB/IP Virtual Host Controller
[    9.900383][    T1] vhci_hcd vhci_hcd.8: new USB bus registered, assigned bus number 18
[    9.903186][    T1] usb usb18: New USB device found, idVendor=1d6b, idProduct=0002, bcdDevice= 7.00
[    9.905760][    T1] usb usb18: New USB device strings: Mfr=3, Product=2, SerialNumber=1
[    9.908042][    T1] usb usb18: Product: USB/IP Virtual Host Controller
[    9.910011][    T1] usb usb18: Manufacturer: Linux 7.0.0-rc6-gd8a9a4b11a13 vhci_hcd
[    9.912540][    T1] usb usb18: SerialNumber: vhci_hcd.8
[    9.917082][    T1] hub 18-0:1.0: USB hub found
[    9.918957][    T1] hub 18-0:1.0: 8 ports detected
[    9.926613][    T1] vhci_hcd vhci_hcd.8: USB/IP Virtual Host Controller
[    9.929211][    T1] vhci_hcd vhci_hcd.8: new USB bus registered, assigned bus number 19
[    9.933469][    T1] usb usb19: We don't know the algorithms for LPM for this host, disabling LPM.
[    9.938916][    T1] usb usb19: New USB device found, idVendor=1d6b, idProduct=0003, bcdDevice= 7.00
[    9.942626][    T1] usb usb19: New USB device strings: Mfr=3, Product=2, SerialNumber=1
[    9.944943][    T1] usb usb19: Product: USB/IP Virtual Host Controller
[    9.946927][    T1] usb usb19: Manufacturer: Linux 7.0.0-rc6-gd8a9a4b11a13 vhci_hcd
[    9.948918][    T1] usb usb19: SerialNumber: vhci_hcd.8
[    9.953929][    T1] hub 19-0:1.0: USB hub found
[    9.955618][    T1] hub 19-0:1.0: 8 ports detected
[    9.963688][    T1] vhci_hcd vhci_hcd.9: USB/IP Virtual Host Controller
[    9.966451][    T1] vhci_hcd vhci_hcd.9: new USB bus registered, assigned bus number 20
[    9.969565][    T1] usb usb20: New USB device found, idVendor=1d6b, idProduct=0002, bcdDevice= 7.00
[    9.973552][    T1] usb usb20: New USB device strings: Mfr=3, Product=2, SerialNumber=1
[    9.977800][    T1] usb usb20: Product: USB/IP Virtual Host Controller
[    9.979995][    T1] usb usb20: Manufacturer: Linux 7.0.0-rc6-gd8a9a4b11a13 vhci_hcd
[    9.983393][    T1] usb usb20: SerialNumber: vhci_hcd.9
[    9.988140][    T1] hub 20-0:1.0: USB hub found
[    9.989539][    T1] hub 20-0:1.0: 8 ports detected
[    9.995974][    T1] vhci_hcd vhci_hcd.9: USB/IP Virtual Host Controller
[    9.999959][    T1] vhci_hcd vhci_hcd.9: new USB bus registered, assigned bus number 21
[   10.002803][    T1] usb usb21: We don't know the algorithms for LPM for this host, disabling LPM.
[   10.005785][    T1] usb usb21: New USB device found, idVendor=1d6b, idProduct=0003, bcdDevice= 7.00
[   10.008238][    T1] usb usb21: New USB device strings: Mfr=3, Product=2, SerialNumber=1
[   10.012189][    T1] usb usb21: Product: USB/IP Virtual Host Controller
[   10.014640][    T1] usb usb21: Manufacturer: Linux 7.0.0-rc6-gd8a9a4b11a13 vhci_hcd
[   10.017041][    T1] usb usb21: SerialNumber: vhci_hcd.9
[   10.020715][    T1] hub 21-0:1.0: USB hub found
[   10.022139][    T1] hub 21-0:1.0: 8 ports detected
[   10.029419][    T1] vhci_hcd vhci_hcd.10: USB/IP Virtual Host Controller
[   10.032729][    T1] vhci_hcd vhci_hcd.10: new USB bus registered, assigned bus number 22
[   10.035974][    T1] usb usb22: New USB device found, idVendor=1d6b, idProduct=0002, bcdDevice= 7.00
[   10.039182][    T1] usb usb22: New USB device strings: Mfr=3, Product=2, SerialNumber=1
[   10.041744][    T1] usb usb22: Product: USB/IP Virtual Host Controller
[   10.043620][    T1] usb usb22: Manufacturer: Linux 7.0.0-rc6-gd8a9a4b11a13 vhci_hcd
[   10.045809][    T1] usb usb22: SerialNumber: vhci_hcd.10
[   10.050663][    T1] hub 22-0:1.0: USB hub found
[   10.052464][    T1] hub 22-0:1.0: 8 ports detected
[   10.059264][    T1] vhci_hcd vhci_hcd.10: USB/IP Virtual Host Controller
[   10.062445][    T1] vhci_hcd vhci_hcd.10: new USB bus registered, assigned bus number 23
[   10.065231][    T1] usb usb23: We don't know the algorithms for LPM for this host, disabling LPM.
[   10.068601][    T1] usb usb23: New USB device found, idVendor=1d6b, idProduct=0003, bcdDevice= 7.00
[   10.071460][    T1] usb usb23: New USB device strings: Mfr=3, Product=2, SerialNumber=1
[   10.073737][    T1] usb usb23: Product: USB/IP Virtual Host Controller
[   10.075571][    T1] usb usb23: Manufacturer: Linux 7.0.0-rc6-gd8a9a4b11a13 vhci_hcd
[   10.077715][    T1] usb usb23: SerialNumber: vhci_hcd.10
[   10.082691][    T1] hub 23-0:1.0: USB hub found
[   10.084195][    T1] hub 23-0:1.0: 8 ports detected
[   10.092044][    T1] vhci_hcd vhci_hcd.11: USB/IP Virtual Host Controller
[   10.094793][    T1] vhci_hcd vhci_hcd.11: new USB bus registered, assigned bus number 24
[   10.097604][    T1] usb usb24: New USB device found, idVendor=1d6b, idProduct=0002, bcdDevice= 7.00
[   10.100277][    T1] usb usb24: New USB device strings: Mfr=3, Product=2, SerialNumber=1
[   10.102682][    T1] usb usb24: Product: USB/IP Virtual Host Controller
[   10.104534][    T1] usb usb24: Manufacturer: Linux 7.0.0-rc6-gd8a9a4b11a13 vhci_hcd
[   10.106560][    T1] usb usb24: SerialNumber: vhci_hcd.11
[   10.109730][    T1] hub 24-0:1.0: USB hub found
[   10.111367][    T1] hub 24-0:1.0: 8 ports detected
[   10.117364][    T1] vhci_hcd vhci_hcd.11: USB/IP Virtual Host Controller
[   10.120295][    T1] vhci_hcd vhci_hcd.11: new USB bus registered, assigned bus number 25
[   10.123224][    T1] usb usb25: We don't know the algorithms for LPM for this host, disabling LPM.
[   10.126343][    T1] usb usb25: New USB device found, idVendor=1d6b, idProduct=0003, bcdDevice= 7.00
[   10.129327][    T1] usb usb25: New USB device strings: Mfr=3, Product=2, SerialNumber=1
[   10.131473][    T1] usb usb25: Product: USB/IP Virtual Host Controller
[   10.133165][    T1] usb usb25: Manufacturer: Linux 7.0.0-rc6-gd8a9a4b11a13 vhci_hcd
[   10.135256][    T1] usb usb25: SerialNumber: vhci_hcd.11
[   10.138618][    T1] hub 25-0:1.0: USB hub found
[   10.140143][    T1] hub 25-0:1.0: 8 ports detected
[   10.147781][    T1] vhci_hcd vhci_hcd.12: USB/IP Virtual Host Controller
[   10.150317][    T1] vhci_hcd vhci_hcd.12: new USB bus registered, assigned bus number 26
[   10.153056][    T1] usb usb26: New USB device found, idVendor=1d6b, idProduct=0002, bcdDevice= 7.00
[   10.155593][    T1] usb usb26: New USB device strings: Mfr=3, Product=2, SerialNumber=1
[   10.157693][    T1] usb usb26: Product: USB/IP Virtual Host Controller
[   10.159531][    T1] usb usb26: Manufacturer: Linux 7.0.0-rc6-gd8a9a4b11a13 vhci_hcd
[   10.161787][    T1] usb usb26: SerialNumber: vhci_hcd.12
[   10.165134][    T1] hub 26-0:1.0: USB hub found
[   10.166891][    T1] hub 26-0:1.0: 8 ports detected
[   10.173681][    T1] vhci_hcd vhci_hcd.12: USB/IP Virtual Host Controller
[   10.176320][    T1] vhci_hcd vhci_hcd.12: new USB bus registered, assigned bus number 27
[   10.178996][    T1] usb usb27: We don't know the algorithms for LPM for this host, disabling LPM.
[   10.181870][    T1] usb usb27: New USB device found, idVendor=1d6b, idProduct=0003, bcdDevice= 7.00
[   10.184438][    T1] usb usb27: New USB device strings: Mfr=3, Product=2, SerialNumber=1
[   10.186740][    T1] usb usb27: Product: USB/IP Virtual Host Controller
[   10.188513][    T1] usb usb27: Manufacturer: Linux 7.0.0-rc6-gd8a9a4b11a13 vhci_hcd
[   10.190684][    T1] usb usb27: SerialNumber: vhci_hcd.12
[   10.194044][    T1] hub 27-0:1.0: USB hub found
[   10.195580][    T1] hub 27-0:1.0: 8 ports detected
[   10.203342][    T1] vhci_hcd vhci_hcd.13: USB/IP Virtual Host Controller
[   10.205758][    T1] vhci_hcd vhci_hcd.13: new USB bus registered, assigned bus number 28
[   10.208431][    T1] usb usb28: New USB device found, idVendor=1d6b, idProduct=0002, bcdDevice= 7.00
[   10.210920][    T1] usb usb28: New USB device strings: Mfr=3, Product=2, SerialNumber=1
[   10.213007][    T1] usb usb28: Product: USB/IP Virtual Host Controller
[   10.214659][    T1] usb usb28: Manufacturer: Linux 7.0.0-rc6-gd8a9a4b11a13 vhci_hcd
[   10.216636][    T1] usb usb28: SerialNumber: vhci_hcd.13
[   10.219485][    T1] hub 28-0:1.0: USB hub found
[   10.221051][    T1] hub 28-0:1.0: 8 ports detected
[   10.227103][    T1] vhci_hcd vhci_hcd.13: USB/IP Virtual Host Controller
[   10.229342][    T1] vhci_hcd vhci_hcd.13: new USB bus registered, assigned bus number 29
[   10.231607][    T1] usb usb29: We don't know the algorithms for LPM for this host, disabling LPM.
[   10.234344][    T1] usb usb29: New USB device found, idVendor=1d6b, idProduct=0003, bcdDevice= 7.00
[   10.236728][    T1] usb usb29: New USB device strings: Mfr=3, Product=2, SerialNumber=1
[   10.238880][    T1] usb usb29: Product: USB/IP Virtual Host Controller
[   10.240640][    T1] usb usb29: Manufacturer: Linux 7.0.0-rc6-gd8a9a4b11a13 vhci_hcd
[   10.242730][    T1] usb usb29: SerialNumber: vhci_hcd.13
[   10.245831][    T1] hub 29-0:1.0: USB hub found
[   10.247189][    T1] hub 29-0:1.0: 8 ports detected
[   10.254188][    T1] vhci_hcd vhci_hcd.14: USB/IP Virtual Host Controller
[   10.257025][    T1] vhci_hcd vhci_hcd.14: new USB bus registered, assigned bus number 30
[   10.259633][    T1] usb usb30: New USB device found, idVendor=1d6b, idProduct=0002, bcdDevice= 7.00
[   10.261922][    T1] usb usb30: New USB device strings: Mfr=3, Product=2, SerialNumber=1
[   10.263936][    T1] usb usb30: Product: USB/IP Virtual Host Controller
[   10.265638][    T1] usb usb30: Manufacturer: Linux 7.0.0-rc6-gd8a9a4b11a13 vhci_hcd
[   10.267491][    T1] usb usb30: SerialNumber: vhci_hcd.14
[   10.270836][    T1] hub 30-0:1.0: USB hub found
[   10.272486][    T1] hub 30-0:1.0: 8 ports detected
[   10.278331][    T1] vhci_hcd vhci_hcd.14: USB/IP Virtual Host Controller
[   10.280915][    T1] vhci_hcd vhci_hcd.14: new USB bus registered, assigned bus number 31
[   10.283285][    T1] usb usb31: We don't know the algorithms for LPM for this host, disabling LPM.
[   10.286222][    T1] usb usb31: New USB device found, idVendor=1d6b, idProduct=0003, bcdDevice= 7.00
[   10.288872][    T1] usb usb31: New USB device strings: Mfr=3, Product=2, SerialNumber=1
[   10.291314][    T1] usb usb31: Product: USB/IP Virtual Host Controller
[   10.293140][    T1] usb usb31: Manufacturer: Linux 7.0.0-rc6-gd8a9a4b11a13 vhci_hcd
[   10.295054][    T1] usb usb31: SerialNumber: vhci_hcd.14
[   10.298118][    T1] hub 31-0:1.0: USB hub found
[   10.299505][    T1] hub 31-0:1.0: 8 ports detected
[   10.306482][    T1] vhci_hcd vhci_hcd.15: USB/IP Virtual Host Controller
[   10.309065][    T1] vhci_hcd vhci_hcd.15: new USB bus registered, assigned bus number 32
[   10.311648][    T1] usb usb32: New USB device found, idVendor=1d6b, idProduct=0002, bcdDevice= 7.00
[   10.313963][    T1] usb usb32: New USB device strings: Mfr=3, Product=2, SerialNumber=1
[   10.315976][    T1] usb usb32: Product: USB/IP Virtual Host Controller
[   10.317605][    T1] usb usb32: Manufacturer: Linux 7.0.0-rc6-gd8a9a4b11a13 vhci_hcd
[   10.320841][    T1] usb usb32: SerialNumber: vhci_hcd.15
[   10.325262][    T1] hub 32-0:1.0: USB hub found
[   10.326722][    T1] hub 32-0:1.0: 8 ports detected
[   10.332868][    T1] vhci_hcd vhci_hcd.15: USB/IP Virtual Host Controller
[   10.335248][    T1] vhci_hcd vhci_hcd.15: new USB bus registered, assigned bus number 33
[   10.337427][    T1] usb usb33: We don't know the algorithms for LPM for this host, disabling LPM.
[   10.340268][    T1] usb usb33: New USB device found, idVendor=1d6b, idProduct=0003, bcdDevice= 7.00
[   10.342892][    T1] usb usb33: New USB device strings: Mfr=3, Product=2, SerialNumber=1
[   10.345042][    T1] usb usb33: Product: USB/IP Virtual Host Controller
[   10.346988][    T1] usb usb33: Manufacturer: Linux 7.0.0-rc6-gd8a9a4b11a13 vhci_hcd
[   10.349306][    T1] usb usb33: SerialNumber: vhci_hcd.15
[   10.353427][    T1] hub 33-0:1.0: USB hub found
[   10.354775][    T1] hub 33-0:1.0: 8 ports detected
[   10.361779][    T1] usbcore: registered new device driver usbip-host
[   10.367594][    T1] i8042: PNP: PS/2 Controller [PNP0303:KBD,PNP0f13:MOU] at 0x60,0x64 irq 1,12
[   10.372482][    T1] serio: i8042 KBD port at 0x60,0x64 irq 1
[   10.374599][    T1] serio: i8042 AUX port at 0x60,0x64 irq 12
[   10.377530][    T1] mousedev: PS/2 mouse device common for all mice
[   10.381727][  T786] input: AT Translated Set 2 keyboard as /devices/platform/i8042/serio0/input/input1
[   10.385133][    T1] usbcore: registered new interface driver appletouch
[   10.387121][    T1] usbcore: registered new interface driver bcm5974
[   10.389459][    T1] usbcore: registered new interface driver synaptics_usb
[   10.392765][    T1] usbcore: registered new interface driver iforce
[   10.399512][    T1] usbcore: registered new interface driver pxrc
[   10.402018][    T1] usbcore: registered new interface driver xpad
[   10.403867][    T1] usbcore: registered new interface driver usb_acecad
[   10.405882][    T1] usbcore: registered new interface driver aiptek
[   10.407708][    T1] usbcore: registered new interface driver hanwang
[   10.409519][    T1] usbcore: registered new interface driver kbtab
[   10.412053][    T1] usbcore: registered new interface driver pegasus_notetaker
[   10.415762][    T1] usbcore: registered new interface driver usbtouchscreen
[   10.417825][    T1] usbcore: registered new interface driver sur40
[   10.419657][    T1] usbcore: registered new interface driver ati_remote2
[   10.422763][    T1] cm109: Keymap for Komunikate KIP1000 phone loaded
[   10.424686][    T1] usbcore: registered new interface driver cm109
[   10.426355][    T1] cm109: CM109 phone driver: 20080805 (C) Alfred E. Heggestad
[   10.428423][    T1] usbcore: registered new interface driver ims_pcu
[   10.430254][    T1] usbcore: registered new interface driver keyspan_remote
[   10.432290][    T1] usbcore: registered new interface driver powermate
[   10.434867][    T1] usbcore: registered new interface driver yealink
[   10.437503][    T1] rtc_cmos 00:05: RTC can wake from S4
[   10.438136][ T1800] kworker/u8:2 (1800) used greatest stack depth: 27736 bytes left
[   10.444358][    T1] rtc_cmos 00:05: registered as rtc0
[   10.445950][    T1] rtc_cmos 00:05: alarms up to one day, y3k, 242 bytes nvram, hpet irqs
[   10.448444][    T1] i2c_dev: i2c /dev entries driver
[   10.451153][    T1] usbcore: registered new interface driver i2c-diolan-u2c
[   10.453785][    T1] usbcore: registered new interface driver i2c-cp2615
[   10.457264][    T1] usbcore: registered new interface driver RobotFuzz Open Source InterFace, OSIF
[   10.460199][    T1] usbcore: registered new interface driver i2c-tiny-usb
[   10.463874][    T1] usbcore: registered new interface driver igorplugusb
[   10.466185][    T1] usbcore: registered new interface driver iguanair
[   10.468358][    T1] usbcore: registered new interface driver imon
[   10.470313][    T1] usbcore: registered new interface driver imon_raw
[   10.473186][    T1] usbcore: registered new interface driver mceusb
[   10.475338][    T1] usbcore: registered new interface driver redrat3
[   10.477401][    T1] usbcore: registered new interface driver streamzap
[   10.479319][    T1] usbcore: registered new interface driver ir_toy
[   10.481240][    T1] usbcore: registered new interface driver ttusbir
[   10.483291][    T1] usbcore: registered new interface driver ati_remote
[   10.485383][    T1] usbcore: registered new interface driver xbox_remote
[   10.487718][    T1] b2c2-flexcop: B2C2 FlexcopII/II(b)/III digital TV receiver chip loaded successfully
[   10.490882][    T1] usbcore: registered new interface driver b2c2_flexcop_usb
[   10.494076][    T1] usbcore: registered new interface driver dvb_usb_vp7045
[   10.496189][    T1] usbcore: registered new interface driver dvb_usb_vp702x
[   10.498252][    T1] usbcore: registered new interface driver dvb_usb_gp8psk
[   10.500330][    T1] usbcore: registered new interface driver dvb_usb_dtt200u
[   10.502779][    T1] usbcore: registered new interface driver dvb_usb_a800
[   10.504977][    T1] usbcore: registered new interface driver dvb_usb_dibusb_mb
[   10.507362][    T1] usbcore: registered new interface driver dvb_usb_dibusb_mc
[   10.509809][    T1] usbcore: registered new interface driver dvb_usb_nova_t_usb2
[   10.512293][    T1] usbcore: registered new interface driver dvb_usb_umt_010
[   10.514587][    T1] usbcore: registered new interface driver dvb_usb_m920x
[   10.516771][    T1] usbcore: registered new interface driver dvb_usb_digitv
[   10.518908][    T1] usbcore: registered new interface driver dvb_usb_cxusb
[   10.521199][    T1] usbcore: registered new interface driver dvb_usb_ttusb2
[   10.523620][    T1] usbcore: registered new interface driver dvb_usb_dib0700
[   10.526043][    T1] usbcore: registered new interface driver opera1
[   10.528239][    T1] usbcore: registered new interface driver dvb_usb_af9005
[   10.530568][    T1] failing symbol_get of non-GPLONLY symbol af9005_rc_decode.
[   10.533171][    T1] failing symbol_get of non-GPLONLY symbol af9005_rc_decode.
[   10.535458][    T1] failing symbol_get of non-GPLONLY symbol rc_map_af9005_table.
[   10.539170][    T1] failing symbol_get of non-GPLONLY symbol rc_map_af9005_table.
[   10.542436][    T1] failing symbol_get of non-GPLONLY symbol rc_map_af9005_table_size.
[   10.545389][    T1] failing symbol_get of non-GPLONLY symbol rc_map_af9005_table_size.
[   10.548295][    T1] af9005: af9005_rc_decode function not found, disabling remote
[   10.552497][    T1] usbcore: registered new interface driver pctv452e
[   10.554603][    T1] usbcore: registered new interface driver dw2102
[   10.556591][    T1] usbcore: registered new interface driver dvb_usb_dtv5100
[   10.559378][    T1] usbcore: registered new interface driver cinergyT2
[   10.563689][    T1] usbcore: registered new interface driver dvb_usb_az6027
[   10.567614][    T1] usbcore: registered new interface driver dvb_usb_technisat_usb2
[   10.570596][    T1] usbcore: registered new interface driver dvb_usb_af9015
[   10.572855][    T1] usbcore: registered new interface driver dvb_usb_af9035
[   10.575073][    T1] usbcore: registered new interface driver dvb_usb_anysee
[   10.577240][    T1] usbcore: registered new interface driver dvb_usb_au6610
[   10.580873][    T1] usbcore: registered new interface driver dvb_usb_az6007
[   10.585114][    T1] usbcore: registered new interface driver dvb_usb_ce6230
[   10.587954][    T1] usbcore: registered new interface driver dvb_usb_ec168
[   10.590347][    T1] usbcore: registered new interface driver dvb_usb_lmedm04
[   10.592931][    T1] usbcore: registered new interface driver dvb_usb_gl861
[   10.595209][    T1] usbcore: registered new interface driver dvb_usb_mxl111sf
[   10.597786][    T1] usbcore: registered new interface driver dvb_usb_rtl28xxu
[   10.600288][    T1] usbcore: registered new interface driver dvb_usb_dvbsky
[   10.604318][    T1] usbcore: registered new interface driver zd1301
[   10.606956][    T1] usbcore: registered new interface driver s2255
[   10.609101][    T1] usbcore: registered new interface driver smsusb
[   10.611564][    T1] usbcore: registered new interface driver ttusb
[   10.613610][    T1] usbcore: registered new interface driver ttusb-dec
[   10.615698][    T1] usbcore: registered new interface driver Abilis Systems as10x usb driver
[   10.618284][    T1] usbcore: registered new interface driver airspy
[   10.620088][    T1] gspca_main: v2.14.0 registered
[   10.621973][    T1] usbcore: registered new interface driver benq
[   10.623992][    T1] usbcore: registered new interface driver conex
[   10.626032][    T1] usbcore: registered new interface driver cpia1
[   10.628197][    T1] usbcore: registered new interface driver dtcs033
[   10.630371][    T1] usbcore: registered new interface driver etoms
[   10.632506][    T1] usbcore: registered new interface driver finepix
[   10.634523][    T1] usbcore: registered new interface driver jeilinj
[   10.636663][    T1] usbcore: registered new interface driver jl2005bcd
[   10.638743][    T1] usbcore: registered new interface driver kinect
[   10.640730][    T1] usbcore: registered new interface driver konica
[   10.643008][    T1] usbcore: registered new interface driver mars
[   10.644915][    T1] usbcore: registered new interface driver mr97310a
[   10.646993][    T1] usbcore: registered new interface driver nw80x
[   10.648936][    T1] usbcore: registered new interface driver ov519
[   10.651014][    T1] usbcore: registered new interface driver ov534
[   10.653048][    T1] usbcore: registered new interface driver ov534_9
[   10.655081][    T1] usbcore: registered new interface driver pac207
[   10.657062][    T1] usbcore: registered new interface driver gspca_pac7302
[   10.659580][    T1] usbcore: registered new interface driver pac7311
[   10.661669][    T1] usbcore: registered new interface driver se401
[   10.663726][    T1] usbcore: registered new interface driver sn9c2028
[   10.665804][    T1] usbcore: registered new interface driver gspca_sn9c20x
[   10.667963][    T1] usbcore: registered new interface driver sonixb
[   10.669990][    T1] usbcore: registered new interface driver sonixj
[   10.672183][    T1] usbcore: registered new interface driver spca500
[   10.675088][    T1] usbcore: registered new interface driver spca501
[   10.677659][    T1] usbcore: registered new interface driver spca505
[   10.679875][    T1] usbcore: registered new interface driver spca506
[   10.681981][    T1] usbcore: registered new interface driver spca508
[   10.683904][    T1] usbcore: registered new interface driver spca561
[   10.685948][    T1] usbcore: registered new interface driver spca1528
[   10.687921][    T1] usbcore: registered new interface driver sq905
[   10.690534][    T1] usbcore: registered new interface driver sq905c
[   10.692787][    T1] usbcore: registered new interface driver sq930x
[   10.694903][    T1] usbcore: registered new interface driver sunplus
[   10.696929][    T1] usbcore: registered new interface driver stk014
[   10.698910][    T1] usbcore: registered new interface driver stk1135
[   10.702146][    T1] usbcore: registered new interface driver stv0680
[   10.704267][    T1] usbcore: registered new interface driver t613
[   10.706462][    T1] usbcore: registered new interface driver gspca_topro
[   10.708728][    T1] usbcore: registered new interface driver touptek
[   10.710873][    T1] usbcore: registered new interface driver tv8532
[   10.713795][    T1] usbcore: registered new interface driver vc032x
[   10.715844][    T1] usbcore: registered new interface driver vicam
[   10.717886][    T1] usbcore: registered new interface driver xirlink-cit
[   10.720015][    T1] usbcore: registered new interface driver gspca_zc3xx
[   10.723028][    T1] usbcore: registered new interface driver ALi m5602
[   10.726139][    T1] usbcore: registered new interface driver STV06xx
[   10.728804][    T1] usbcore: registered new interface driver gspca_gl860
[   10.731888][    T1] usbcore: registered new interface driver hackrf
[   10.734403][    T1] usbcore: registered new interface driver msi2500
[   10.736475][    T1] usbcore: registered new interface driver Philips webcam
[   10.739191][    T1] usbcore: registered new interface driver uvcvideo
[   10.741231][    T1] au0828: au0828 driver loaded
[   10.743201][    T1] usbcore: registered new interface driver au0828
[   10.745707][    T1] usbcore: registered new interface driver cx231xx
[   10.748398][    T1] usbcore: registered new interface driver em28xx
[   10.750370][    T1] em28xx: Registered (Em28xx v4l2 Extension) extension
[   10.752444][    T1] em28xx: Registered (Em28xx Audio Extension) extension
[   10.754370][    T1] em28xx: Registered (Em28xx dvb Extension) extension
[   10.756329][    T1] em28xx: Registered (Em28xx Input Extension) extension
[   10.758674][    T1] usbcore: registered new interface driver go7007
[   10.760832][    T1] usbcore: registered new interface driver go7007-loader
[   10.763347][    T1] usbcore: registered new interface driver hdpvr
[   10.765894][    T1] usbcore: registered new interface driver pvrusb2
[   10.767722][    T1] pvrusb2: V4L in-tree version:Hauppauge WinTV-PVR-USB2 MPEG2 Encoder/Tuner
[   10.770207][    T1] pvrusb2: Debug mask is 31 (0x1f)
[   10.774169][    T1] usbcore: registered new interface driver stk1160
[   10.776282][    T1] usbcore: registered new interface driver usbtv
[   10.780965][    T1] dvbdev: DVB: registering new adapter (dvb_vidtv_bridge)
[   10.785375][    T1] i2c i2c-0: DVB: registering adapter 0 frontend 0 (Dummy demod for DVB-T/T2/C/S/S2)...
[   10.788291][    T1] dvbdev: dvb_create_media_entity: media entity 'Dummy demod for DVB-T/T2/C/S/S2' registered.
[   10.797532][    T1] dvbdev: dvb_create_media_entity: media entity 'dvb-demux' registered.
[   10.803201][    T1] vidtv vidtv.0: Successfully initialized vidtv!
[   10.805928][    T1] vicodec vicodec.0: Device 'stateful-encoder' registered as /dev/video0
[   10.808537][    T1] vicodec vicodec.0: Device 'stateful-decoder' registered as /dev/video1
[   10.813401][  T786] input: ImExPS/2 Generic Explorer Mouse as /devices/platform/i8042/serio1/input/input3
[   10.816679][    T1] vicodec vicodec.0: Device 'stateless-decoder' registered as /dev/video2
[   10.820980][    T1] vim2m vim2m.0: Device registered as /dev/video3
[   10.836652][    T1] vivid-000: using single planar format API
[   10.849986][    T1] vivid-000: CEC adapter cec0 registered for HDMI input
[   10.852866][    T1] vivid-000: V4L2 capture device registered as video7
[   10.854859][    T1] vivid-000: CEC adapter cec1 registered for HDMI output 0
[   10.856870][    T1] vivid-000: V4L2 output device registered as video8
[   10.858923][    T1] vivid-000: V4L2 capture device registered as vbi0, supports raw and sliced VBI
[   10.861726][    T1] vivid-000: V4L2 output device registered as vbi1, supports raw and sliced VBI
[   10.864637][    T1] vivid-000: V4L2 capture device registered as swradio0
[   10.866572][    T1] vivid-000: V4L2 receiver device registered as radio0
[   10.868666][    T1] vivid-000: V4L2 transmitter device registered as radio1
[   10.871043][    T1] vivid-000: V4L2 metadata capture device registered as video9
[   10.873307][    T1] vivid-000: V4L2 metadata output device registered as video10
[   10.875470][    T1] vivid-000: V4L2 touch capture device registered as v4l-touch0
[   10.878567][    T1] usbcore: registered new interface driver radioshark2
[   10.880544][    T1] usbcore: registered new interface driver radioshark
[   10.882335][    T1] usbcore: registered new interface driver radio-si470x
[   10.884643][    T1] usbcore: registered new interface driver radio-usb-si4713
[   10.886803][    T1] usbcore: registered new interface driver dsbr100
[   10.888867][    T1] usbcore: registered new interface driver radio-keene
[   10.891229][    T1] usbcore: registered new interface driver radio-ma901
[   10.893171][    T1] usbcore: registered new interface driver radio-mr800
[   10.895118][    T1] usbcore: registered new interface driver radio-raremono
[   10.897963][    T1] usbcore: registered new interface driver powerz
[   10.899715][    T1] usbcore: registered new interface driver pcwd_usb
[   10.902852][    T1] device-mapper: core: CONFIG_IMA_DISABLE_HTABLE is disabled. Duplicate IMA measurements will not be recorded in the IMA log.
[   10.906137][    T1] device-mapper: uevent: version 1.0.3
[   10.908426][    T1] device-mapper: ioctl: 4.50.0-ioctl (2025-04-28) initialised: dm-devel@lists.linux.dev
[   10.913462][    T1] device-mapper: multipath round-robin: version 1.2.0 loaded
[   10.915326][    T1] device-mapper: multipath queue-length: version 0.2.0 loaded
[   10.917210][    T1] device-mapper: multipath service-time: version 0.3.0 loaded
[   10.919835][    T1] Bluetooth: HCI UART driver ver 2.3
[   10.921393][    T1] Bluetooth: HCI UART protocol H4 registered
[   10.922968][    T1] Bluetooth: HCI UART protocol BCSP registered
[   10.924645][    T1] Bluetooth: HCI UART protocol LL registered
[   10.926595][    T1] Bluetooth: HCI UART protocol Three-wire (H5) registered
[   10.928871][    T1] Bluetooth: HCI UART protocol QCA registered
[   10.931100][    T1] Bluetooth: HCI UART protocol AG6XX registered
[   10.933165][    T1] Bluetooth: HCI UART protocol Marvell registered
[   10.935031][    T1] usbcore: registered new interface driver bcm203x
[   10.939109][    T1] usbcore: registered new interface driver bpa10x
[   10.942384][    T1] usbcore: registered new interface driver bfusb
[   10.945309][    T1] usbcore: registered new interface driver btusb
[   10.948195][    T1] usbcore: registered new interface driver ath3k
[   10.950270][    T1] Modular ISDN core version 1.1.29
[   10.952776][    T1] NET: Registered PF_ISDN protocol family
[   10.954372][    T1] DSP module 2.0
[   10.955391][    T1] mISDN_dsp: DSP clocks every 80 samples. This equals 1 jiffies.
[   10.963193][    T1] mISDN: Layer-1-over-IP driver Rev. 2.00
[   10.965143][    T1] 0 virtual devices registered
[   10.966740][    T1] usbcore: registered new interface driver HFC-S_USB
[   10.968678][    T1] intel_pstate: CPU model not supported
[   10.970222][    T1] VUB300 Driver rom wait states = 1C irqpoll timeout = 0400
[   10.971382][    T1] usbcore: registered new interface driver vub300
[   10.978617][    T1] usbcore: registered new interface driver ushc
[   10.985555][    T1] iscsi: registered transport (iser)
[   10.987645][    T1] SoftiWARP attached
[   10.995657][    T1] hid: raw HID events driver (C) Jiri Kosina
[   11.022716][    T1] usbcore: registered new interface driver usbhid
[   11.024059][    T1] usbhid: USB HID core driver
[   11.027515][    T1] usbcore: registered new interface driver es2_ap_driver
[   11.029605][    T1] comedi: version 0.7.76 - http://www.comedi.org
[   11.035047][    T1] comedi comedi0: comedi_test: 1000000 microvolt, 100000 microsecond waveform attached
[   11.046243][    T1] comedi comedi0: driver 'comedi_test' has successfully auto-configured 'comedi_test'.
[   11.049675][    T1] usbcore: registered new interface driver dt9812
[   11.052767][    T1] usbcore: registered new interface driver ni6501
[   11.054602][    T1] usbcore: registered new interface driver usbdux
[   11.056345][    T1] usbcore: registered new interface driver usbduxfast
[   11.058271][    T1] usbcore: registered new interface driver usbduxsigma
[   11.060110][    T1] usbcore: registered new interface driver vmk80xx
[   11.061988][    T1] greybus: registered new driver hid
[   11.063517][    T1] greybus: registered new driver gbphy
[   11.065077][    T1] gb_gbphy: registered new driver usb
[   11.066541][    T1] asus_wmi: ASUS WMI generic driver loaded
[   11.070754][    T1] gnss: GNSS driver registered with major 494
[   11.072454][    T1] usbcore: registered new interface driver gnss-usb
[   11.074607][    T1] usbcore: registered new interface driver hdm_usb
[   11.120140][    T1] usbcore: registered new interface driver snd-usb-audio
[   11.124674][    T1] usbcore: registered new interface driver snd-ua101
[   11.128508][    T1] usbcore: registered new interface driver snd-usb-usx2y
[   11.130887][    T1] usbcore: registered new interface driver snd-usb-us122l
[   11.133213][    T1] usbcore: registered new interface driver snd-usb-caiaq
[   11.134912][    T1] usbcore: registered new interface driver snd-usb-6fire
