bash: warning: setlocale: LC_ALL: cannot change locale (en_US.UTF-8)
c[?7l[2J[0mSeaBIOS (version 1.16.2-debian-1.16.2-1)


iPXE (http://ipxe.org) 00:03.0 CA00 PCI2.10 PnP PMM+BEFCEF00+BEF0EF00 CA00
Press Ctrl-B to configure iPXE (PCI 00:03.0)...                                                                               


Booting from ROM...
c[?7l[2JNo EFI environment detected.
early console in extract_kernel
input_data: 0x0000000004fb73a8
input_len: 0x0000000001a615cd
output: 0x0000000001000000
output_len: 0x000000000599e43c
kernel_total_size: 0x0000000005630000
needed_size: 0x0000000005a00000
trampoline_32bit: 0x000000000009d000


KASLR disabled: 'nokaslr' on cmdline.


Decompressing Linux... Parsing ELF... No relocation needed... done.
Booting the kernel (entry_offset: 0x0000000000000000).
[    0.000000] Linux version 6.4.0-04322-gc451410ca7e3-dirty (root@buildkitsandbox) (gcc (Debian 12.2.0-14+deb12u1) 12.2.0, GNU ld (GNU Binutils for Debian) 2.40) #1 SMP PREEMPT_DYNAMIC Thu May  7 23:40:40 UTC 2026
[    0.000000] Command line: console=ttyS0 oops=panic panic=-1 nokaslr earlyprintk=serial
[    0.000000] BIOS-provided physical RAM map:
[    0.000000] BIOS-e820: [mem 0x0000000000000000-0x000000000009fbff] usable
[    0.000000] BIOS-e820: [mem 0x000000000009fc00-0x000000000009ffff] reserved
[    0.000000] BIOS-e820: [mem 0x00000000000f0000-0x00000000000fffff] reserved
[    0.000000] BIOS-e820: [mem 0x0000000000100000-0x00000000bffdffff] usable
[    0.000000] BIOS-e820: [mem 0x00000000bffe0000-0x00000000bfffffff] reserved
[    0.000000] BIOS-e820: [mem 0x00000000feffc000-0x00000000feffffff] reserved
[    0.000000] BIOS-e820: [mem 0x00000000fffc0000-0x00000000ffffffff] reserved
[    0.000000] BIOS-e820: [mem 0x0000000100000000-0x000000013fffffff] usable
[    0.000000] printk: bootconsole [earlyser0] enabled
[    0.000000] NX (Execute Disable) protection: active
[    0.000000] SMBIOS 2.8 present.
[    0.000000] DMI: QEMU Standard PC (i440FX + PIIX, 1996), BIOS 1.16.2-debian-1.16.2-1 04/01/2014
[    0.000000] Hypervisor detected: KVM
[    0.000000] kvm-clock: Using msrs 4b564d01 and 4b564d00
[    0.000002] kvm-clock: using sched offset of 564140367 cycles
[    0.001570] clocksource: kvm-clock: mask: 0xffffffffffffffff max_cycles: 0x1cd42e4dffb, max_idle_ns: 881590591483 ns
[    0.011661] tsc: Detected 2995.200 MHz processor
[    0.013959] last_pfn = 0x140000 max_arch_pfn = 0x400000000
[    0.015801] MTRR map: 4 entries (3 fixed + 1 variable; max 19), built from 8 variable MTRRs
[    0.018294] x86/PAT: Configuration [0-7]: WB  WC  UC- UC  WB  WP  UC- WT  
[    0.020535] last_pfn = 0xbffe0 max_arch_pfn = 0x400000000
[    0.028251] found SMP MP-table at [mem 0x000f5ba0-0x000f5baf]
[    0.030654] Using GB pages for direct mapping
[    0.032536] Incomplete global flushes, disabling PCID
[    0.034606] RAMDISK: [mem 0xbfe87000-0xbffdffff]
[    0.037547] ACPI: Early table checksum verification disabled
[    0.039238] ACPI: RSDP 0x00000000000F59B0 000014 (v00 BOCHS )
[    0.052670] ACPI: RSDT 0x00000000BFFE1B33 000034 (v01 BOCHS  BXPC     00000001 BXPC 00000001)
[    0.055088] ACPI: FACP 0x00000000BFFE19DF 000074 (v01 BOCHS  BXPC     00000001 BXPC 00000001)
[    0.057439] ACPI: DSDT 0x00000000BFFE0040 00199F (v01 BOCHS  BXPC     00000001 BXPC 00000001)
[    0.071221] ACPI: FACS 0x00000000BFFE0000 000040
[    0.072302] ACPI: APIC 0x00000000BFFE1A53 000080 (v01 BOCHS  BXPC     00000001 BXPC 00000001)
[    0.074419] ACPI: HPET 0x00000000BFFE1AD3 000038 (v01 BOCHS  BXPC     00000001 BXPC 00000001)
[    0.076444] ACPI: WAET 0x00000000BFFE1B0B 000028 (v01 BOCHS  BXPC     00000001 BXPC 00000001)
[    0.078613] ACPI: Reserving FACP table memory at [mem 0xbffe19df-0xbffe1a52]
[    0.080489] ACPI: Reserving DSDT table memory at [mem 0xbffe0040-0xbffe19de]
[    0.082728] ACPI: Reserving FACS table memory at [mem 0xbffe0000-0xbffe003f]
[    0.085744] ACPI: Reserving APIC table memory at [mem 0xbffe1a53-0xbffe1ad2]
[    0.087773] ACPI: Reserving HPET table memory at [mem 0xbffe1ad3-0xbffe1b0a]
[    0.091282] ACPI: Reserving WAET table memory at [mem 0xbffe1b0b-0xbffe1b32]
[    0.093818] No NUMA configuration found
[    0.094844] Faking a node at [mem 0x0000000000000000-0x000000013fffffff]
[    0.096703] NODE_DATA(0) allocated [mem 0x13fffa000-0x13fffdfff]
[    0.098554] Zone ranges:
[    0.107658]   DMA      [mem 0x0000000000001000-0x0000000000ffffff]
[    0.109299]   DMA32    [mem 0x0000000001000000-0x00000000ffffffff]
[    0.110896]   Normal   [mem 0x0000000100000000-0x000000013fffffff]
[    0.112466] Movable zone start for each node
[    0.113617] Early memory node ranges
[    0.114944]   node   0: [mem 0x0000000000001000-0x000000000009efff]
[    0.125828]   node   0: [mem 0x0000000000100000-0x00000000bffdffff]
[    0.127726]   node   0: [mem 0x0000000100000000-0x000000013fffffff]
[    0.129550] Initmem setup node 0 [mem 0x0000000000001000-0x000000013fffffff]
[    0.132326] On node 0, zone DMA: 1 pages in unavailable ranges
[    0.132377] On node 0, zone DMA: 97 pages in unavailable ranges
[    0.170824] On node 0, zone Normal: 32 pages in unavailable ranges
[    0.692906] kasan: KernelAddressSanitizer initialized
[    0.696503] ACPI: PM-Timer IO Port: 0x608
[    0.697525] ACPI: LAPIC_NMI (acpi_id[0xff] dfl dfl lint[0x1])
[    0.698888] IOAPIC[0]: apic_id 0, version 17, address 0xfec00000, GSI 0-23
[    0.700724] ACPI: INT_SRC_OVR (bus 0 bus_irq 0 global_irq 2 dfl dfl)
[    0.702818] ACPI: INT_SRC_OVR (bus 0 bus_irq 5 global_irq 5 high level)
[    0.706396] ACPI: INT_SRC_OVR (bus 0 bus_irq 9 global_irq 9 high level)
[    0.708709] ACPI: INT_SRC_OVR (bus 0 bus_irq 10 global_irq 10 high level)
[    0.710962] ACPI: INT_SRC_OVR (bus 0 bus_irq 11 global_irq 11 high level)
[    0.712866] ACPI: Using ACPI (MADT) for SMP configuration information
[    0.714584] ACPI: HPET id: 0x8086a201 base: 0xfed00000
[    0.715968] TSC deadline timer available
[    0.717004] smpboot: Allowing 2 CPUs, 0 hotplug CPUs
[    0.718392] kvm-guest: KVM setup pv remote TLB flush
[    0.720175] kvm-guest: setup PV sched yield
[    0.721772] PM: hibernation: Registered nosave memory: [mem 0x00000000-0x00000fff]
[    0.724679] PM: hibernation: Registered nosave memory: [mem 0x0009f000-0x0009ffff]
[    0.727843] PM: hibernation: Registered nosave memory: [mem 0x000a0000-0x000effff]
[    0.729985] PM: hibernation: Registered nosave memory: [mem 0x000f0000-0x000fffff]
[    0.731925] PM: hibernation: Registered nosave memory: [mem 0xbffe0000-0xbfffffff]
[    0.733932] PM: hibernation: Registered nosave memory: [mem 0xc0000000-0xfeffbfff]
[    0.736204] PM: hibernation: Registered nosave memory: [mem 0xfeffc000-0xfeffffff]
[    0.739251] PM: hibernation: Registered nosave memory: [mem 0xff000000-0xfffbffff]
[    0.742307] PM: hibernation: Registered nosave memory: [mem 0xfffc0000-0xffffffff]
[    0.744645] [mem 0xc0000000-0xfeffbfff] available for PCI devices
[    0.746804] Booting paravirtualized kernel on KVM
[    0.748282] clocksource: refined-jiffies: mask: 0xffffffff max_cycles: 0xffffffff, max_idle_ns: 1910969940391419 ns
[    0.763849] setup_percpu: NR_CPUS:64 nr_cpumask_bits:2 nr_cpu_ids:2 nr_node_ids:1
[    0.768261] percpu: Embedded 68 pages/cpu s239912 r8192 d30424 u1048576
[    0.770371] Kernel command line: console=ttyS0 oops=panic panic=-1 nokaslr earlyprintk=serial
[    0.772832] Unknown kernel command line parameters "nokaslr", will be passed to user space.
[    0.775434] random: crng init done
[    0.778722] Dentry cache hash table entries: 524288 (order: 10, 4194304 bytes, linear)
[    0.782811] Inode-cache hash table entries: 262144 (order: 9, 2097152 bytes, linear)
[    0.786014] Fallback order for Node 0: 0 
[    0.786038] Built 1 zonelists, mobility grouping on.  Total pages: 1031904
[    0.788704] Policy zone: Normal
[    0.789515] mem auto-init: stack:all(zero), heap alloc:off, heap free:off
[    0.791122] stackdepot: allocating hash table via alloc_large_system_hash
[    0.797546] stackdepot hash table entries: 1048576 (order: 11, 8388608 bytes, linear)
[    0.800520] software IO TLB: area num 2.
[    0.895485] Memory: 3421148K/4193784K available (51200K kernel code, 8125K rwdata, 10360K rodata, 5732K init, 2504K bss, 772380K reserved, 0K cma-reserved)
[    0.899493] SLUB: HWalign=64, Order=0-3, MinObjects=0, CPUs=2, Nodes=1
Poking KASLR using RDRAND RDTSC...
[    0.903246] Dynamic Preempt: voluntary
[    0.904395] rcu: Preemptible hierarchical RCU implementation.
[    0.905753] rcu: 	RCU event tracing is enabled.
[    0.907679] rcu: 	RCU restricting CPUs from NR_CPUS=64 to nr_cpu_ids=2.
[    0.910436] 	Trampoline variant of Tasks RCU enabled.
[    0.912305] 	Tracing variant of Tasks RCU enabled.
[    0.913806] rcu: RCU calculated value of scheduler-enlistment delay is 100 jiffies.
[    0.915253] rcu: Adjusting geometry for rcu_fanout_leaf=16, nr_cpu_ids=2
[    0.925717] NR_IRQS: 4352, nr_irqs: 440, preallocated irqs: 16
[    0.930438] rcu: srcu_init: Setting srcu_struct sizes based on contention.
[    0.940533] Console: colour VGA+ 80x25
[    0.941440] printk: console [ttyS0] enabled
[    0.941440] printk: console [ttyS0] enabled
[    0.943591] printk: bootconsole [earlyser0] disabled
[    0.943591] printk: bootconsole [earlyser0] disabled
[    0.950561] ACPI: Core revision 20230331
[    0.952228] clocksource: hpet: mask: 0xffffffff max_cycles: 0xffffffff, max_idle_ns: 19112604467 ns
[    0.954656] APIC: Switch to symmetric I/O mode setup
[    0.956040] kvm-guest: setup PV IPIs
[    0.959044] ..TIMER: vector=0x30 apic1=0 pin1=2 apic2=-1 pin2=-1
[    0.960601] clocksource: tsc-early: mask: 0xffffffffffffffff max_cycles: 0x2b2c8ec87c7, max_idle_ns: 440795278598 ns
[    0.964839] Calibrating delay loop (skipped) preset value.. 5990.40 BogoMIPS (lpj=2995200)
[    0.966421] x86/cpu: User Mode Instruction Prevention (UMIP) activated
[    0.967134] Last level iTLB entries: 4KB 0, 2MB 0, 4MB 0
[    0.967837] Last level dTLB entries: 4KB 0, 2MB 0, 4MB 0, 1GB 0
[    0.968860] Spectre V1 : Mitigation: usercopy/swapgs barriers and __user pointer sanitization
[    0.969837] Spectre V2 : WARNING: Unprivileged eBPF is enabled with eIBRS on, data leaks possible via Spectre v2 BHB attacks!
[    0.970842] Spectre V2 : Mitigation: Enhanced / Automatic IBRS
[    0.971834] Spectre V2 : Spectre v2 / SpectreRSB mitigation: Filling RSB on context switch
[    0.972836] Spectre V2 : Spectre v2 / PBRSB-eIBRS: Retire a single CALL on VMEXIT
[    0.973837] RETBleed: Mitigation: Enhanced IBRS
[    0.974840] Spectre V2 : mitigation: Enabling conditional Indirect Branch Prediction Barrier
[    0.975838] Speculative Store Bypass: Mitigation: Speculative Store Bypass disabled via prctl
[    0.976837] MMIO Stale Data: Unknown: No mitigations
[    0.977882] x86/fpu: Supporting XSAVE feature 0x001: 'x87 floating point registers'
[    0.978837] x86/fpu: Supporting XSAVE feature 0x002: 'SSE registers'
[    0.979839] x86/fpu: Supporting XSAVE feature 0x004: 'AVX registers'
[    0.980833] x86/fpu: xstate_offset[2]:  576, xstate_sizes[2]:  256
[    0.980836] x86/fpu: Enabled xstate features 0x7, context size is 832 bytes, using 'compacted' format.
[    0.999741] Freeing SMP alternatives memory: 48K
[    0.999836] pid_max: default: 32768 minimum: 301
[    1.000914] LSM: initializing lsm=capability,selinux,integrity
[    1.001856] SELinux:  Initializing.
[    1.002917] Mount-cache hash table entries: 8192 (order: 4, 65536 bytes, linear)
[    1.003842] Mountpoint-cache hash table entries: 8192 (order: 4, 65536 bytes, linear)
[    1.006613] smpboot: CPU0: 13th Gen Intel(R) Core(TM) i9-13900H (family: 0x6, model: 0xba, stepping: 0x2)
[    1.007057] RCU Tasks: Setting shift to 1 and lim to 1 rcu_task_cb_adjust=1.
[    1.007886] RCU Tasks Trace: Setting shift to 1 and lim to 1 rcu_task_cb_adjust=1.
[    1.008885] Performance Events: unsupported p6 CPU model 186 no PMU driver, software events only.
[    1.009906] signal: max sigframe size: 1776
[    1.010905] rcu: Hierarchical SRCU implementation.
[    1.011840] rcu: 	Max phase no-delay instances is 400.
[    1.013340] smp: Bringing up secondary CPUs ...
[    1.014090] smpboot: x86: Booting SMP configuration:
[    1.014843] .... node  #0, CPUs:      #1
[    1.015958] smp: Brought up 1 node, 2 CPUs
[    1.017846] smpboot: Max logical packages: 1
[    1.018845] smpboot: Total of 2 processors activated (11980.80 BogoMIPS)
[    1.021352] devtmpfs: initialized
[    1.024026] clocksource: jiffies: mask: 0xffffffff max_cycles: 0xffffffff, max_idle_ns: 1911260446275000 ns
[    1.024847] futex hash table entries: 512 (order: 3, 32768 bytes, linear)
[    1.026137] PM: RTC time: 23:41:15, date: 2026-05-07
[    1.028016] NET: Registered PF_NETLINK/PF_ROUTE protocol family
[    1.029126] audit: initializing netlink subsys (disabled)
[    1.029918] audit: type=2000 audit(1778197276.499:1): state=initialized audit_enabled=0 res=1
[    1.030114] thermal_sys: Registered thermal governor 'step_wise'
[    1.030842] thermal_sys: Registered thermal governor 'user_space'
[    1.031865] cpuidle: using governor menu
[    1.034316] PCI: Using configuration type 1 for base access
[    1.035072] kprobes: kprobe jump-optimization is enabled. All kprobes are optimized if possible.
[    1.038025] HugeTLB: registered 2.00 MiB page size, pre-allocated 0 pages
[    1.038842] HugeTLB: 28 KiB vmemmap can be freed for a 2.00 MiB page
[    1.041053] ACPI: Added _OSI(Module Device)
[    1.041841] ACPI: Added _OSI(Processor Device)
[    1.043845] ACPI: Added _OSI(3.0 _SCP Extensions)
[    1.045844] ACPI: Added _OSI(Processor Aggregator Device)
[    1.057567] ACPI: 1 ACPI AML tables successfully acquired and loaded
[    1.118894] ACPI: Interpreter enabled
[    1.120215] ACPI: PM: (supports S0 S3 S4 S5)
[    1.120849] ACPI: Using IOAPIC for interrupt routing
[    1.122051] PCI: Using host bridge windows from ACPI; if necessary, use "pci=nocrs" and report a bug
[    1.122842] PCI: Using E820 reservations for host bridge windows
[    1.124421] ACPI: Enabled 2 GPEs in block 00 to 0F
[    1.138784] ACPI: PCI Root Bridge [PCI0] (domain 0000 [bus 00-ff])
[    1.138864] acpi PNP0A03:00: _OSC: OS supports [ASPM ClockPM Segments MSI HPX-Type3]
[    1.139843] acpi PNP0A03:00: _OSC: not requesting OS control; OS requires [ExtendedConfig ASPM ClockPM MSI]
[    1.140916] acpi PNP0A03:00: fail to add MMCONFIG information, can't access extended configuration space under this bridge
[    1.142075] PCI host bridge to bus 0000:00
[    1.142849] pci_bus 0000:00: root bus resource [io  0x0000-0x0cf7 window]
[    1.143848] pci_bus 0000:00: root bus resource [io  0x0d00-0xffff window]
[    1.144848] pci_bus 0000:00: root bus resource [mem 0x000a0000-0x000bffff window]
[    1.145855] pci_bus 0000:00: root bus resource [mem 0xc0000000-0xfebfffff window]
[    1.146846] pci_bus 0000:00: root bus resource [mem 0x140000000-0x1bfffffff window]
[    1.147843] pci_bus 0000:00: root bus resource [bus 00-ff]
[    1.148970] pci 0000:00:00.0: [8086:1237] type 00 class 0x060000
[    1.156009] pci 0000:00:01.0: [8086:7000] type 00 class 0x060100
[    1.163067] pci 0000:00:01.1: [8086:7010] type 00 class 0x010180
[    1.165463] pci 0000:00:01.1: reg 0x20: [io  0xc040-0xc04f]
[    1.166695] pci 0000:00:01.1: legacy IDE quirk: reg 0x10: [io  0x01f0-0x01f7]
[    1.166842] pci 0000:00:01.1: legacy IDE quirk: reg 0x14: [io  0x03f6]
[    1.167843] pci 0000:00:01.1: legacy IDE quirk: reg 0x18: [io  0x0170-0x0177]
[    1.168843] pci 0000:00:01.1: legacy IDE quirk: reg 0x1c: [io  0x0376]
[    1.170235] pci 0000:00:01.3: [8086:7113] type 00 class 0x068000
[    1.171775] pci 0000:00:01.3: quirk: [io  0x0600-0x063f] claimed by PIIX4 ACPI
[    1.171862] pci 0000:00:01.3: quirk: [io  0x0700-0x070f] claimed by PIIX4 SMB
[    1.173313] pci 0000:00:02.0: [1234:1111] type 00 class 0x030000
[    1.175399] pci 0000:00:02.0: reg 0x10: [mem 0xfd000000-0xfdffffff pref]
[    1.177921] pci 0000:00:02.0: reg 0x18: [mem 0xfebf0000-0xfebf0fff]
[    1.182890] pci 0000:00:02.0: reg 0x30: [mem 0xfebe0000-0xfebeffff pref]
[    1.184146] pci 0000:00:02.0: Video device with shadowed ROM at [mem 0x000c0000-0x000dffff]
[    1.191115] pci 0000:00:03.0: [8086:100e] type 00 class 0x020000
[    1.193461] pci 0000:00:03.0: reg 0x10: [mem 0xfebc0000-0xfebdffff]
[    1.194846] pci 0000:00:03.0: reg 0x14: [io  0xc000-0xc03f]
[    1.200876] pci 0000:00:03.0: reg 0x30: [mem 0xfeb80000-0xfebbffff pref]
[    1.209718] ACPI: PCI: Interrupt link LNKA configured for IRQ 10
[    1.210393] ACPI: PCI: Interrupt link LNKB configured for IRQ 10
[    1.211363] ACPI: PCI: Interrupt link LNKC configured for IRQ 11
[    1.212365] ACPI: PCI: Interrupt link LNKD configured for IRQ 11
[    1.213117] ACPI: PCI: Interrupt link LNKS configured for IRQ 9
[    1.215597] iommu: Default domain type: Translated 
[    1.215842] iommu: DMA domain TLB invalidation policy: lazy mode 
[    1.217593] SCSI subsystem initialized
[    1.218056] ACPI: bus type USB registered
[    1.218897] usbcore: registered new interface driver usbfs
[    1.220865] usbcore: registered new interface driver hub
[    1.221887] usbcore: registered new device driver usb
[    1.223912] pps_core: LinuxPPS API ver. 1 registered
[    1.224840] pps_core: Software ver. 5.3.6 - Copyright 2005-2007 Rodolfo Giometti <giometti@linux.it>
[    1.230904] PTP clock support registered
[    1.232039] Advanced Linux Sound Architecture Driver Initialized.
[    1.235661] NetLabel: Initializing
[    1.236843] NetLabel:  domain hash size = 128
[    1.237839] NetLabel:  protocols = UNLABELED CIPSOv4 CALIPSO
[    1.238931] NetLabel:  unlabeled traffic allowed by default
[    1.240939] PCI: Using ACPI for IRQ routing
[    1.242897] pci 0000:00:02.0: vgaarb: setting as boot VGA device
[    1.243833] pci 0000:00:02.0: vgaarb: bridge control possible
[    1.243833] pci 0000:00:02.0: vgaarb: VGA device added: decodes=io+mem,owns=io+mem,locks=none
[    1.248844] vgaarb: loaded
[    1.249759] hpet0: at MMIO 0xfed00000, IRQs 2, 8, 0
[    1.249841] hpet0: 3 comparators, 64-bit 100.000000 MHz counter
[    1.253925] clocksource: Switched to clocksource kvm-clock
[    1.296406] VFS: Disk quotas dquot_6.6.0
[    1.298041] VFS: Dquot-cache hash table entries: 512 (order 0, 4096 bytes)
[    1.299562] pnp: PnP ACPI init
[    1.302134] pnp: PnP ACPI: found 6 devices
[    1.318845] clocksource: acpi_pm: mask: 0xffffff max_cycles: 0xffffff, max_idle_ns: 2085701024 ns
[    1.322328] NET: Registered PF_INET protocol family
[    1.323884] IP idents hash table entries: 65536 (order: 7, 524288 bytes, linear)
[    1.326931] tcp_listen_portaddr_hash hash table entries: 2048 (order: 3, 32768 bytes, linear)
[    1.335165] Table-perturb hash table entries: 65536 (order: 6, 262144 bytes, linear)
[    1.337887] TCP established hash table entries: 32768 (order: 6, 262144 bytes, linear)
[    1.340242] TCP bind hash table entries: 32768 (order: 8, 1048576 bytes, linear)
[    1.342645] TCP: Hash tables configured (established 32768 bind 32768)
[    1.344542] UDP hash table entries: 2048 (order: 4, 65536 bytes, linear)
[    1.346252] UDP-Lite hash table entries: 2048 (order: 4, 65536 bytes, linear)
[    1.349424] NET: Registered PF_UNIX/PF_LOCAL protocol family
[    1.352296] RPC: Registered named UNIX socket transport module.
[    1.353803] RPC: Registered udp transport module.
[    1.355084] RPC: Registered tcp transport module.
[    1.356459] RPC: Registered tcp NFSv4.1 backchannel transport module.
[    1.359468] pci_bus 0000:00: resource 4 [io  0x0000-0x0cf7 window]
[    1.361905] pci_bus 0000:00: resource 5 [io  0x0d00-0xffff window]
[    1.363612] pci_bus 0000:00: resource 6 [mem 0x000a0000-0x000bffff window]
[    1.365933] pci_bus 0000:00: resource 7 [mem 0xc0000000-0xfebfffff window]
[    1.369466] pci_bus 0000:00: resource 8 [mem 0x140000000-0x1bfffffff window]
[    1.372008] pci 0000:00:01.0: PIIX3: Enabling Passive Release
[    1.373499] pci 0000:00:00.0: Limiting direct PCI/PCI transfers
[    1.375402] PCI: CLS 0 bytes, default 64
[    1.376453] PCI-DMA: Using software bounce buffering for IO (SWIOTLB)
[    1.376712] Unpacking initramfs...
[    1.378379] software IO TLB: mapped [mem 0x00000000bbe87000-0x00000000bfe87000] (64MB)
[    1.383334] RAPL PMU: API unit is 2^-32 Joules, 0 fixed counters, 10737418240 ms ovfl timer
[    1.386747] clocksource: tsc: mask: 0xffffffffffffffff max_cycles: 0x2b2c8ec87c7, max_idle_ns: 440795278598 ns
[    1.392435] Initialise system trusted keyrings
[    1.394007] workingset: timestamp_bits=56 max_order=20 bucket_order=0
[    1.399272] NFS: Registering the id_resolver key type
[    1.401407] Key type id_resolver registered
[    1.402971] Key type id_legacy registered
[    1.406065] 9p: Installing v9fs 9p2000 file system support
[    1.414585] Freeing initrd memory: 1380K
[    1.416705] Key type asymmetric registered
[    1.418520] Asymmetric key parser 'x509' registered
[    1.420460] Block layer SCSI generic (bsg) driver version 0.4 loaded (major 251)
[    1.424406] io scheduler mq-deadline registered
[    1.425843] io scheduler kyber registered
[    1.427288] input: Power Button as /devices/LNXSYSTM:00/LNXPWRBN:00/input/input0
[    1.429371] ACPI: button: Power Button [PWRF]
[    1.431424] Serial: 8250/16550 driver, 4 ports, IRQ sharing enabled
[    1.433729] 00:04: ttyS0 at I/O 0x3f8 (irq = 4, base_baud = 115200) is a 16550A
[    1.437330] Non-volatile memory driver v1.3
[    1.438494] Linux agpgart interface v0.103
[    1.439733] ACPI: bus type drm_connector registered
[    1.445842] loop: module loaded
[    1.448797] scsi host0: ata_piix
[    1.450334] scsi host1: ata_piix
[    1.451406] ata1: PATA max MWDMA2 cmd 0x1f0 ctl 0x3f6 bmdma 0xc040 irq 14
[    1.453485] ata2: PATA max MWDMA2 cmd 0x170 ctl 0x376 bmdma 0xc048 irq 15
[    1.456499] e100: Intel(R) PRO/100 Network Driver
[    1.457932] e100: Copyright(c) 1999-2006 Intel Corporation
[    1.459602] e1000: Intel(R) PRO/1000 Network Driver
[    1.461052] e1000: Copyright (c) 1999-2006 Intel Corporation.
[    1.608737] ata2: found unknown device (class 0)
[    1.610676] ata2.00: ATAPI: QEMU DVD-ROM, 2.5+, max UDMA/100
[    1.613432] scsi 1:0:0:0: CD-ROM            QEMU     QEMU DVD-ROM     2.5+ PQ: 0 ANSI: 5
[    1.627924] sr 1:0:0:0: [sr0] scsi3-mmc drive: 4x/4x cd/rw xa/form2 tray
[    1.629490] cdrom: Uniform CD-ROM driver Revision: 3.20
[    1.916009] ACPI: \_SB_.LNKC: Enabled at IRQ 11
[    2.298195] e1000 0000:00:03.0 eth0: (PCI:33MHz:32-bit) 52:54:00:12:34:56
[    2.299822] e1000 0000:00:03.0 eth0: Intel(R) PRO/1000 Network Connection
[    2.301455] e1000e: Intel(R) PRO/1000 Network Driver
[    2.303607] e1000e: Copyright(c) 1999 - 2015 Intel Corporation.
[    2.306983] sky2: driver version 1.30
[    2.310503] usbcore: registered new interface driver usblp
[    2.313263] usbcore: registered new interface driver usb-storage
[    2.314820] i8042: PNP: PS/2 Controller [PNP0303:KBD,PNP0f13:MOU] at 0x60,0x64 irq 1,12
[    2.318066] serio: i8042 KBD port at 0x60,0x64 irq 1
[    2.319272] serio: i8042 AUX port at 0x60,0x64 irq 12
[    2.321368] rtc_cmos 00:05: RTC can wake from S4
[    2.323304] input: AT Translated Set 2 keyboard as /devices/platform/i8042/serio0/input/input1
[    2.325964] rtc_cmos 00:05: registered as rtc0
[    2.327062] rtc_cmos 00:05: alarms up to one day, y3k, 242 bytes nvram, hpet irqs
[    2.329345] device-mapper: ioctl: 4.48.0-ioctl (2023-03-01) initialised: dm-devel@redhat.com
[    2.331580] intel_pstate: CPU model not supported
[    2.337076] hid: raw HID events driver (C) Jiri Kosina
[    2.339116] usbcore: registered new interface driver usbhid
[    2.340691] usbhid: USB HID core driver
[    2.342334] Initializing XFRM netlink socket
[    2.344400] NET: Registered PF_INET6 protocol family
[    2.347022] Segment Routing with IPv6
[    2.347989] In-situ OAM (IOAM) with IPv6
[    2.349053] sit: IPv6, IPv4 and MPLS over IPv4 tunneling driver
[    2.351012] NET: Registered PF_PACKET protocol family
[    2.352292] 9pnet: Installing 9P2000 support
[    2.353392] Key type dns_resolver registered
[    2.355498] IPI shorthand broadcast: enabled
[    2.371434] sched_clock: Marking stable (2344100977, 27097046)->(2513769297, -142571274)
[    2.374609] registered taskstats version 1
[    2.375741] Loading compiled-in X.509 certificates
[    2.384658] PM:   Magic number: 10:94:706
[    2.388670] printk: console [netcon0] enabled
[    2.389743] netconsole: network logging started
[    2.391780] cfg80211: Loading compiled-in X.509 certificates for regulatory database
[    2.393975] kworker/u4:1 (52) used greatest stack depth: 29536 bytes left
[    2.395924] Loaded X.509 cert 'sforshee: 00b28ddf47aef9cea7'
[    2.398642] platform regulatory.0: Direct firmware load for regulatory.db failed with error -2
[    2.402247] cfg80211: failed to load regulatory.db
[    2.402261] ALSA device list:
[    2.405407]   No soundcards found.
[    2.407398] Freeing unused kernel image (initmem) memory: 5732K
[    2.415310] Write protecting the kernel read-only data: 63488k
[    2.416586] Freeing unused kernel image (rodata/data gap) memory: 1928K
[    2.428915] x86/mm: Checked W+X mappings: passed, no W+X pages found.
[    2.430829] Run /init as init process
[    2.436585] mount (56) used greatest stack depth: 28760 bytes left
[    2.437936] mount (57) used greatest stack depth: 28288 bytes left

secb: rootfs ready
---- poc begin ----
[    2.963787] input: ImExPS/2 Generic Explorer Mouse as /devices/platform/i8042/serio1/input/input3
[*] setup done: target stashed in array_of_map[0], target fd closed
[*] race prog loaded; spawning trigger thread
[*] signal received -- bpf prog is in heavy job; freeing target now
[    5.483322] ==================================================================
[    5.484939] BUG: KASAN: slab-use-after-free in ___bpf_prog_run+0x768e/0x8200
[    5.488022] Read of size 8 at addr ffff888103e1b910 by task poc/63
[    5.489902] 
[    5.490350] CPU: 0 PID: 63 Comm: poc Not tainted 6.4.0-04322-gc451410ca7e3-dirty #1
[    5.492272] Hardware name: QEMU Standard PC (i440FX + PIIX, 1996), BIOS 1.16.2-debian-1.16.2-1 04/01/2014
[    5.494006] Call Trace:
[    5.494491]  <TASK>
[    5.494897]  dump_stack_lvl+0x36/0x50
[    5.495504]  print_report+0xcf/0x660
[    5.495985]  ? ___bpf_prog_run+0x768e/0x8200
[    5.496655]  kasan_report+0xc7/0x100
[    5.497208]  ? ___bpf_prog_run+0x768e/0x8200
[    5.497926]  ___bpf_prog_run+0x768e/0x8200
[    5.498662]  __bpf_prog_run32+0xb1/0xf0
[    5.499385]  ? __pfx___bpf_prog_run32+0x10/0x10
[    5.500080]  ? security_sock_rcv_skb+0x5a/0x90
[    5.500823]  sk_filter_trim_cap+0x20e/0x6f0
[    5.501527]  ? __pfx_sock_alloc_send_pskb+0x10/0x10
[    5.502281]  ? __pfx_sk_filter_trim_cap+0x10/0x10
[    5.502975]  ? __pfx__raw_spin_lock+0x10/0x10
[    5.503581]  unix_dgram_sendmsg+0x862/0x17f0
[    5.504184]  ? __pfx_unix_dgram_sendmsg+0x10/0x10
[    5.504788]  sock_write_iter+0x3e2/0x490
[    5.505540]  ? __pfx_sock_write_iter+0x10/0x10
[    5.506311]  ? selinux_file_permission+0x122/0x420
[    5.506831]  vfs_write+0x89d/0xcb0
[    5.507207]  ? __pfx_vfs_write+0x10/0x10
[    5.507758]  ? sigprocmask+0x1e9/0x330
[    5.508181]  ? __rseq_handle_notify_resume+0x7ce/0xc20
[    5.508732]  ? __fget_light+0x231/0x4e0
[    5.509448]  ksys_write+0x177/0x1d0
[    5.510301]  ? __pfx_ksys_write+0x10/0x10
[    5.510747]  ? fpregs_assert_state_consistent+0x1c/0xa0
[    5.511303]  do_syscall_64+0x3b/0x90
[    5.511750]  entry_SYSCALL_64_after_hwframe+0x6e/0xd8
[    5.512315] RIP: 0033:0x43c48f
[    5.512659] Code: 89 54 24 18 48 89 74 24 10 89 7c 24 08 e8 59 55 02 00 48 8b 54 24 18 48 8b 74 24 10 41 89 c0 8b 7c 24 08 b8 01 00 00 00 0f 05 <48> 3d 00 f0 ff ff 77 31 44 89 c7 48 89 44 24 08 e8 ac 55 02 00 48
[    5.515461] RSP: 002b:00007fd6c00d0210 EFLAGS: 00000293 ORIG_RAX: 0000000000000001
[    5.516570] RAX: ffffffffffffffda RBX: 00007fd6c00d06c0 RCX: 000000000043c48f
[    5.517625] RDX: 0000000000000001 RSI: 00007fd6c00d024f RDI: 000000000000000a
[    5.518679] RBP: 0000000000000000 R08: 0000000000000000 R09: 00007ffdb3c475d7
[    5.519798] R10: 0000000000000008 R11: 0000000000000293 R12: ffffffffffffffb0
[    5.521009] R13: 0000000000000000 R14: 00007ffdb3c474f0 R15: 00007ffdb3c475d8
[    5.521969]  </TASK>
[    5.522348] 
[    5.522617] Allocated by task 62:
[    5.523133]  kasan_save_stack+0x33/0x60
[    5.524117]  kasan_set_track+0x25/0x30
[    5.524862]  __kasan_kmalloc+0x8f/0xa0
[    5.525789]  __kmalloc_node+0x5c/0x160
[    5.526623]  __bpf_map_area_alloc+0x100/0x160
[    5.527695]  array_map_alloc+0x17d/0x5f0
[    5.529676]  __sys_bpf+0x9d3/0x4a30
[    5.530622]  __x64_sys_bpf+0x73/0xb0
[    5.535551]  do_syscall_64+0x3b/0x90
[    5.536054]  entry_SYSCALL_64_after_hwframe+0x6e/0xd8
[    5.536739] 
[    5.537007] Freed by task 26:
[    5.537526]  kasan_save_stack+0x33/0x60
[    5.538151]  kasan_set_track+0x25/0x30
[    5.538763]  kasan_save_free_info+0x2b/0x50
[    5.539390]  __kasan_slab_free+0x10a/0x180
[    5.540045]  __kmem_cache_free+0x82/0x1c0
[    5.540779]  bpf_map_free_deferred+0x7b/0xb0
[    5.541735]  process_one_work+0x801/0x1500
[    5.542507]  worker_thread+0xed/0x1390
[    5.543749]  kthread+0x29b/0x370
[    5.544537]  ret_from_fork+0x29/0x50
[    5.544987] 
[    5.545217] Last potentially related work creation:
[    5.545946]  kasan_save_stack+0x33/0x60
[    5.546564]  __kasan_record_aux_stack+0x94/0xa0
[    5.547226]  insert_work+0x45/0x2e0
[    5.547720]  __queue_work+0x51a/0xe50
[    5.548397]  queue_work_on+0x4f/0x60
[    5.550327]  bpf_fd_array_map_update_elem+0x284/0x3c0
[    5.552283]  bpf_map_update_value+0x2c7/0x430
[    5.553520]  __sys_bpf+0x2dce/0x4a30
[    5.553976]  __x64_sys_bpf+0x73/0xb0
[    5.554437]  do_syscall_64+0x3b/0x90
[    5.554892]  entry_SYSCALL_64_after_hwframe+0x6e/0xd8
[    5.555467] 
[    5.555686] The buggy address belongs to the object at ffff888103e1b800
[    5.555686]  which belongs to the cache kmalloc-1k of size 1024
[    5.557253] The buggy address is located 272 bytes inside of
[    5.557253]  freed 1024-byte region [ffff888103e1b800, ffff888103e1bc00)
[    5.558996] 
[    5.559245] The buggy address belongs to the physical page:
[    5.562561] page:000000000a9e9007 refcount:1 mapcount:0 mapping:0000000000000000 index:0x0 pfn:0x103e18
[    5.564591] head:000000000a9e9007 order:3 entire_mapcount:0 nr_pages_mapped:0 pincount:0
[    5.572154] flags: 0x200000000010200(slab|head|node=0|zone=2)
[    5.575157] page_type: 0xffffffff()
[    5.576452] raw: 0200000000010200 ffff888100041dc0 dead000000000122 0000000000000000
[    5.577651] raw: 0000000000000000 0000000080100010 00000001ffffffff 0000000000000000
[    5.578873] page dumped because: kasan: bad access detected
[    5.580070] 
[    5.580395] Memory state around the buggy address:
[    5.581227]  ffff888103e1b800: fa fb fb fb fb fb fb fb fb fb fb fb fb fb fb fb
[    5.582599]  ffff888103e1b880: fb fb fb fb fb fb fb fb fb fb fb fb fb fb fb fb
[    5.584506] >ffff888103e1b900: fb fb fb fb fb fb fb fb fb fb fb fb fb fb fb fb
[    5.585901]                          ^
[    5.586785]  ffff888103e1b980: fb fb fb fb fb fb fb fb fb fb fb fb fb fb fb fb
[    5.588270]  ffff888103e1ba00: fb fb fb fb fb fb fb fb fb fb fb fb fb fb fb fb
[    5.589504] ==================================================================
[    5.590810] Disabling lock debugging due to kernel taint
[    5.592414] poc (63) used greatest stack depth: 27200 bytes left
[+] poc finished
---- poc end rc=0 ----
secb: poc exited without crashing the kernel
[    7.578717] ACPI: PM: Preparing to enter system sleep state S5
[    7.580317] reboot: Power down
CONFIRMED: KASAN_UAF
