bash: warning: setlocale: LC_ALL: cannot change locale (en_US.UTF-8)
c[?7l[2J[0mSeaBIOS (version 1.16.2-debian-1.16.2-1)


iPXE (http://ipxe.org) 00:03.0 CA00 PCI2.10 PnP PMM+BEFCEF00+BEF0EF00 CA00
Press Ctrl-B to configure iPXE (PCI 00:03.0)...                                                                               


Booting from ROM...
c[?7l[2JNo EFI environment detected.
early console in extract_kernel
input_data: 0x0000000004fb73a8
input_len: 0x0000000001a6160f
output: 0x0000000001000000
output_len: 0x000000000599e43c
kernel_total_size: 0x0000000005630000
needed_size: 0x0000000005a00000
trampoline_32bit: 0x000000000009d000


KASLR disabled: 'nokaslr' on cmdline.


Decompressing Linux... Parsing ELF... No relocation needed... done.
Booting the kernel (entry_offset: 0x0000000000000000).
[    0.000000] Linux version 6.4.0-04323-g3fbabd43a6c0-dirty (root@buildkitsandbox) (gcc (Debian 12.2.0-14+deb12u1) 12.2.0, GNU ld (GNU Binutils for Debian) 2.40) #2 SMP PREEMPT_DYNAMIC Thu May  7 23:45:48 UTC 2026
[    0.000000] Command line: console=ttyS0 oops=panic panic=-1 nokaslr earlyprintk=serial
[    0.000000] BIOS-provided physical RAM map:
[    0.000000] BIOS-e820: [mem 0x0000000000000000-0x000000000009fbff] usable
[    0.000000] BIOS-e820: [mem 0x000000000009fc00-0x000000000009ffff] reserved
[    0.000000] BIOS-e820: [mem 0x00000000000f0000-0x00000000000fffff] reserved
[    0.000000] BIOS-e820: [mem 0x0000000000100000-0x00000000bffdffff] usable
[    0.000000] BIOS-e820: [mem 0x00000000bffe0000-0x00000000bfffffff] reserved
[    0.000000] BIOS-e820: [mem 0x00000000feffc000-0x00000000feffffff] reserved
[    0.000000] BIOS-e820: [mem 0x00000000fffc0000-0x00000000ffffffff] reserved
[    0.000000] BIOS-e820: [mem 0x0000000100000000-0x000000013fffffff] usable
[    0.000000] printk: bootconsole [earlyser0] enabled
[    0.000000] NX (Execute Disable) protection: active
[    0.000000] SMBIOS 2.8 present.
[    0.000000] DMI: QEMU Standard PC (i440FX + PIIX, 1996), BIOS 1.16.2-debian-1.16.2-1 04/01/2014
[    0.000000] Hypervisor detected: KVM
[    0.000000] kvm-clock: Using msrs 4b564d01 and 4b564d00
[    0.000002] kvm-clock: using sched offset of 484004437 cycles
[    0.002886] clocksource: kvm-clock: mask: 0xffffffffffffffff max_cycles: 0x1cd42e4dffb, max_idle_ns: 881590591483 ns
[    0.008731] tsc: Detected 2995.200 MHz processor
[    0.010497] last_pfn = 0x140000 max_arch_pfn = 0x400000000
[    0.011925] MTRR map: 4 entries (3 fixed + 1 variable; max 19), built from 8 variable MTRRs
[    0.017689] x86/PAT: Configuration [0-7]: WB  WC  UC- UC  WB  WP  UC- WT  
[    0.019630] last_pfn = 0xbffe0 max_arch_pfn = 0x400000000
[    0.026327] found SMP MP-table at [mem 0x000f5ba0-0x000f5baf]
[    0.027815] Using GB pages for direct mapping
[    0.028990] Incomplete global flushes, disabling PCID
[    0.029923] RAMDISK: [mem 0xbfe87000-0xbffdffff]
[    0.032395] ACPI: Early table checksum verification disabled
[    0.034229] ACPI: RSDP 0x00000000000F59B0 000014 (v00 BOCHS )
[    0.035930] ACPI: RSDT 0x00000000BFFE1B33 000034 (v01 BOCHS  BXPC     00000001 BXPC 00000001)
[    0.038411] ACPI: FACP 0x00000000BFFE19DF 000074 (v01 BOCHS  BXPC     00000001 BXPC 00000001)
[    0.040904] ACPI: DSDT 0x00000000BFFE0040 00199F (v01 BOCHS  BXPC     00000001 BXPC 00000001)
[    0.043208] ACPI: FACS 0x00000000BFFE0000 000040
[    0.044372] ACPI: APIC 0x00000000BFFE1A53 000080 (v01 BOCHS  BXPC     00000001 BXPC 00000001)
[    0.046366] ACPI: HPET 0x00000000BFFE1AD3 000038 (v01 BOCHS  BXPC     00000001 BXPC 00000001)
[    0.048491] ACPI: WAET 0x00000000BFFE1B0B 000028 (v01 BOCHS  BXPC     00000001 BXPC 00000001)
[    0.050747] ACPI: Reserving FACP table memory at [mem 0xbffe19df-0xbffe1a52]
[    0.052696] ACPI: Reserving DSDT table memory at [mem 0xbffe0040-0xbffe19de]
[    0.054943] ACPI: Reserving FACS table memory at [mem 0xbffe0000-0xbffe003f]
[    0.057601] ACPI: Reserving APIC table memory at [mem 0xbffe1a53-0xbffe1ad2]
[    0.060894] ACPI: Reserving HPET table memory at [mem 0xbffe1ad3-0xbffe1b0a]
[    0.064051] ACPI: Reserving WAET table memory at [mem 0xbffe1b0b-0xbffe1b32]
[    0.066449] No NUMA configuration found
[    0.067492] Faking a node at [mem 0x0000000000000000-0x000000013fffffff]
[    0.068934] NODE_DATA(0) allocated [mem 0x13fffa000-0x13fffdfff]
[    0.070383] Zone ranges:
[    0.071101]   DMA      [mem 0x0000000000001000-0x0000000000ffffff]
[    0.072673]   DMA32    [mem 0x0000000001000000-0x00000000ffffffff]
[    0.074389]   Normal   [mem 0x0000000100000000-0x000000013fffffff]
[    0.075736] Movable zone start for each node
[    0.076561] Early memory node ranges
[    0.077515]   node   0: [mem 0x0000000000001000-0x000000000009efff]
[    0.079748]   node   0: [mem 0x0000000000100000-0x00000000bffdffff]
[    0.081545]   node   0: [mem 0x0000000100000000-0x000000013fffffff]
[    0.083329] Initmem setup node 0 [mem 0x0000000000001000-0x000000013fffffff]
[    0.086129] On node 0, zone DMA: 1 pages in unavailable ranges
[    0.086173] On node 0, zone DMA: 97 pages in unavailable ranges
[    0.124778] On node 0, zone Normal: 32 pages in unavailable ranges
[    0.266657] kasan: KernelAddressSanitizer initialized
[    0.271371] ACPI: PM-Timer IO Port: 0x608
[    0.273041] ACPI: LAPIC_NMI (acpi_id[0xff] dfl dfl lint[0x1])
[    0.275650] IOAPIC[0]: apic_id 0, version 17, address 0xfec00000, GSI 0-23
[    0.277665] ACPI: INT_SRC_OVR (bus 0 bus_irq 0 global_irq 2 dfl dfl)
[    0.279276] ACPI: INT_SRC_OVR (bus 0 bus_irq 5 global_irq 5 high level)
[    0.280844] ACPI: INT_SRC_OVR (bus 0 bus_irq 9 global_irq 9 high level)
[    0.282375] ACPI: INT_SRC_OVR (bus 0 bus_irq 10 global_irq 10 high level)
[    0.284763] ACPI: INT_SRC_OVR (bus 0 bus_irq 11 global_irq 11 high level)
[    0.286962] ACPI: Using ACPI (MADT) for SMP configuration information
[    0.289518] ACPI: HPET id: 0x8086a201 base: 0xfed00000
[    0.293469] TSC deadline timer available
[    0.294475] smpboot: Allowing 2 CPUs, 0 hotplug CPUs
[    0.295909] kvm-guest: KVM setup pv remote TLB flush
[    0.297290] kvm-guest: setup PV sched yield
[    0.298511] PM: hibernation: Registered nosave memory: [mem 0x00000000-0x00000fff]
[    0.300692] PM: hibernation: Registered nosave memory: [mem 0x0009f000-0x0009ffff]
[    0.303801] PM: hibernation: Registered nosave memory: [mem 0x000a0000-0x000effff]
[    0.306495] PM: hibernation: Registered nosave memory: [mem 0x000f0000-0x000fffff]
[    0.308726] PM: hibernation: Registered nosave memory: [mem 0xbffe0000-0xbfffffff]
[    0.311942] PM: hibernation: Registered nosave memory: [mem 0xc0000000-0xfeffbfff]
[    0.314112] PM: hibernation: Registered nosave memory: [mem 0xfeffc000-0xfeffffff]
[    0.319033] PM: hibernation: Registered nosave memory: [mem 0xff000000-0xfffbffff]
[    0.321149] PM: hibernation: Registered nosave memory: [mem 0xfffc0000-0xffffffff]
[    0.323250] [mem 0xc0000000-0xfeffbfff] available for PCI devices
[    0.325179] Booting paravirtualized kernel on KVM
[    0.326619] clocksource: refined-jiffies: mask: 0xffffffff max_cycles: 0xffffffff, max_idle_ns: 1910969940391419 ns
[    0.341981] setup_percpu: NR_CPUS:64 nr_cpumask_bits:2 nr_cpu_ids:2 nr_node_ids:1
[    0.344732] percpu: Embedded 68 pages/cpu s239912 r8192 d30424 u1048576
[    0.346819] Kernel command line: console=ttyS0 oops=panic panic=-1 nokaslr earlyprintk=serial
[    0.349626] Unknown kernel command line parameters "nokaslr", will be passed to user space.
[    0.352425] random: crng init done
[    0.354070] Dentry cache hash table entries: 524288 (order: 10, 4194304 bytes, linear)
[    0.356455] Inode-cache hash table entries: 262144 (order: 9, 2097152 bytes, linear)
[    0.358665] Fallback order for Node 0: 0 
[    0.358683] Built 1 zonelists, mobility grouping on.  Total pages: 1031904
[    0.361271] Policy zone: Normal
[    0.362024] mem auto-init: stack:all(zero), heap alloc:off, heap free:off
[    0.363575] stackdepot: allocating hash table via alloc_large_system_hash
[    0.366630] stackdepot hash table entries: 1048576 (order: 11, 8388608 bytes, linear)
[    0.368690] software IO TLB: area num 2.
[    0.422937] Memory: 3421148K/4193784K available (51200K kernel code, 8125K rwdata, 10360K rodata, 5732K init, 2504K bss, 772380K reserved, 0K cma-reserved)
[    0.425823] SLUB: HWalign=64, Order=0-3, MinObjects=0, CPUs=2, Nodes=1
Poking KASLR using RDRAND RDTSC...
[    0.428606] Dynamic Preempt: voluntary
[    0.429831] rcu: Preemptible hierarchical RCU implementation.
[    0.431404] rcu: 	RCU event tracing is enabled.
[    0.432368] rcu: 	RCU restricting CPUs from NR_CPUS=64 to nr_cpu_ids=2.
[    0.434102] 	Trampoline variant of Tasks RCU enabled.
[    0.435226] 	Tracing variant of Tasks RCU enabled.
[    0.436493] rcu: RCU calculated value of scheduler-enlistment delay is 100 jiffies.
[    0.438772] rcu: Adjusting geometry for rcu_fanout_leaf=16, nr_cpu_ids=2
[    0.448538] NR_IRQS: 4352, nr_irqs: 440, preallocated irqs: 16
[    0.449789] rcu: srcu_init: Setting srcu_struct sizes based on contention.
[    0.458342] Console: colour VGA+ 80x25
[    0.459143] printk: console [ttyS0] enabled
[    0.459143] printk: console [ttyS0] enabled
[    0.461011] printk: bootconsole [earlyser0] disabled
[    0.461011] printk: bootconsole [earlyser0] disabled
[    0.463323] ACPI: Core revision 20230331
[    0.464325] clocksource: hpet: mask: 0xffffffff max_cycles: 0xffffffff, max_idle_ns: 19112604467 ns
[    0.466527] APIC: Switch to symmetric I/O mode setup
[    0.468328] kvm-guest: setup PV IPIs
[    0.471594] ..TIMER: vector=0x30 apic1=0 pin1=2 apic2=-1 pin2=-1
[    0.474277] clocksource: tsc-early: mask: 0xffffffffffffffff max_cycles: 0x2b2c8ec87c7, max_idle_ns: 440795278598 ns
[    0.477517] Calibrating delay loop (skipped) preset value.. 5990.40 BogoMIPS (lpj=2995200)
[    0.479845] x86/cpu: User Mode Instruction Prevention (UMIP) activated
[    0.481623] Last level iTLB entries: 4KB 0, 2MB 0, 4MB 0
[    0.482515] Last level dTLB entries: 4KB 0, 2MB 0, 4MB 0, 1GB 0
[    0.483535] Spectre V1 : Mitigation: usercopy/swapgs barriers and __user pointer sanitization
[    0.484514] Spectre V2 : WARNING: Unprivileged eBPF is enabled with eIBRS on, data leaks possible via Spectre v2 BHB attacks!
[    0.485522] Spectre V2 : Mitigation: Enhanced / Automatic IBRS
[    0.486514] Spectre V2 : Spectre v2 / SpectreRSB mitigation: Filling RSB on context switch
[    0.487514] Spectre V2 : Spectre v2 / PBRSB-eIBRS: Retire a single CALL on VMEXIT
[    0.488514] RETBleed: Mitigation: Enhanced IBRS
[    0.489518] Spectre V2 : mitigation: Enabling conditional Indirect Branch Prediction Barrier
[    0.490514] Speculative Store Bypass: Mitigation: Speculative Store Bypass disabled via prctl
[    0.491514] MMIO Stale Data: Unknown: No mitigations
[    0.492556] x86/fpu: Supporting XSAVE feature 0x001: 'x87 floating point registers'
[    0.493514] x86/fpu: Supporting XSAVE feature 0x002: 'SSE registers'
[    0.494513] x86/fpu: Supporting XSAVE feature 0x004: 'AVX registers'
[    0.495514] x86/fpu: xstate_offset[2]:  576, xstate_sizes[2]:  256
[    0.496513] x86/fpu: Enabled xstate features 0x7, context size is 832 bytes, using 'compacted' format.
[    0.515536] Freeing SMP alternatives memory: 48K
[    0.516515] pid_max: default: 32768 minimum: 301
[    0.517592] LSM: initializing lsm=capability,selinux,integrity
[    0.518534] SELinux:  Initializing.
[    0.519599] Mount-cache hash table entries: 8192 (order: 4, 65536 bytes, linear)
[    0.520520] Mountpoint-cache hash table entries: 8192 (order: 4, 65536 bytes, linear)
[    0.523007] smpboot: CPU0: 13th Gen Intel(R) Core(TM) i9-13900H (family: 0x6, model: 0xba, stepping: 0x2)
[    0.523722] RCU Tasks: Setting shift to 1 and lim to 1 rcu_task_cb_adjust=1.
[    0.524561] RCU Tasks Trace: Setting shift to 1 and lim to 1 rcu_task_cb_adjust=1.
[    0.525542] Performance Events: unsupported p6 CPU model 186 no PMU driver, software events only.
[    0.526576] signal: max sigframe size: 1776
[    0.527586] rcu: Hierarchical SRCU implementation.
[    0.528521] rcu: 	Max phase no-delay instances is 400.
[    0.530024] smp: Bringing up secondary CPUs ...
[    0.530755] smpboot: x86: Booting SMP configuration:
[    0.531522] .... node  #0, CPUs:      #1
[    0.532612] smp: Brought up 1 node, 2 CPUs
[    0.534502] smpboot: Max logical packages: 1
[    0.534517] smpboot: Total of 2 processors activated (11980.80 BogoMIPS)
[    0.536613] devtmpfs: initialized
[    0.539666] clocksource: jiffies: mask: 0xffffffff max_cycles: 0xffffffff, max_idle_ns: 1911260446275000 ns
[    0.540529] futex hash table entries: 512 (order: 3, 32768 bytes, linear)
[    0.541890] PM: RTC time: 23:46:25, date: 2026-05-07
[    0.543659] NET: Registered PF_NETLINK/PF_ROUTE protocol family
[    0.544791] audit: initializing netlink subsys (disabled)
[    0.545614] audit: type=2000 audit(1778197585.764:1): state=initialized audit_enabled=0 res=1
[    0.545788] thermal_sys: Registered thermal governor 'step_wise'
[    0.547270] thermal_sys: Registered thermal governor 'user_space'
[    0.548713] cpuidle: using governor menu
[    0.555353] PCI: Using configuration type 1 for base access
[    0.555828] kprobes: kprobe jump-optimization is enabled. All kprobes are optimized if possible.
[    0.557934] HugeTLB: registered 2.00 MiB page size, pre-allocated 0 pages
[    0.559520] HugeTLB: 28 KiB vmemmap can be freed for a 2.00 MiB page
[    0.561755] ACPI: Added _OSI(Module Device)
[    0.562519] ACPI: Added _OSI(Processor Device)
[    0.563517] ACPI: Added _OSI(3.0 _SCP Extensions)
[    0.564520] ACPI: Added _OSI(Processor Aggregator Device)
[    0.574311] ACPI: 1 ACPI AML tables successfully acquired and loaded
[    0.628691] ACPI: Interpreter enabled
[    0.629555] ACPI: PM: (supports S0 S3 S4 S5)
[    0.630517] ACPI: Using IOAPIC for interrupt routing
[    0.631575] PCI: Using host bridge windows from ACPI; if necessary, use "pci=nocrs" and report a bug
[    0.632519] PCI: Using E820 reservations for host bridge windows
[    0.633980] ACPI: Enabled 2 GPEs in block 00 to 0F
[    0.647870] ACPI: PCI Root Bridge [PCI0] (domain 0000 [bus 00-ff])
[    0.648534] acpi PNP0A03:00: _OSC: OS supports [ASPM ClockPM Segments MSI HPX-Type3]
[    0.649523] acpi PNP0A03:00: _OSC: not requesting OS control; OS requires [ExtendedConfig ASPM ClockPM MSI]
[    0.650599] acpi PNP0A03:00: fail to add MMCONFIG information, can't access extended configuration space under this bridge
[    0.651773] PCI host bridge to bus 0000:00
[    0.652522] pci_bus 0000:00: root bus resource [io  0x0000-0x0cf7 window]
[    0.653518] pci_bus 0000:00: root bus resource [io  0x0d00-0xffff window]
[    0.654519] pci_bus 0000:00: root bus resource [mem 0x000a0000-0x000bffff window]
[    0.655529] pci_bus 0000:00: root bus resource [mem 0xc0000000-0xfebfffff window]
[    0.656536] pci_bus 0000:00: root bus resource [mem 0x140000000-0x1bfffffff window]
[    0.657528] pci_bus 0000:00: root bus resource [bus 00-ff]
[    0.658668] pci 0000:00:00.0: [8086:1237] type 00 class 0x060000
[    0.665033] pci 0000:00:01.0: [8086:7000] type 00 class 0x060100
[    0.671640] pci 0000:00:01.1: [8086:7010] type 00 class 0x010180
[    0.674050] pci 0000:00:01.1: reg 0x20: [io  0xc040-0xc04f]
[    0.675203] pci 0000:00:01.1: legacy IDE quirk: reg 0x10: [io  0x01f0-0x01f7]
[    0.675519] pci 0000:00:01.1: legacy IDE quirk: reg 0x14: [io  0x03f6]
[    0.676518] pci 0000:00:01.1: legacy IDE quirk: reg 0x18: [io  0x0170-0x0177]
[    0.677524] pci 0000:00:01.1: legacy IDE quirk: reg 0x1c: [io  0x0376]
[    0.678945] pci 0000:00:01.3: [8086:7113] type 00 class 0x068000
[    0.680473] pci 0000:00:01.3: quirk: [io  0x0600-0x063f] claimed by PIIX4 ACPI
[    0.680543] pci 0000:00:01.3: quirk: [io  0x0700-0x070f] claimed by PIIX4 SMB
[    0.682025] pci 0000:00:02.0: [1234:1111] type 00 class 0x030000
[    0.684181] pci 0000:00:02.0: reg 0x10: [mem 0xfd000000-0xfdffffff pref]
[    0.687172] pci 0000:00:02.0: reg 0x18: [mem 0xfebf0000-0xfebf0fff]
[    0.691084] pci 0000:00:02.0: reg 0x30: [mem 0xfebe0000-0xfebeffff pref]
[    0.691970] pci 0000:00:02.0: Video device with shadowed ROM at [mem 0x000c0000-0x000dffff]
[    0.699141] pci 0000:00:03.0: [8086:100e] type 00 class 0x020000
[    0.700522] pci 0000:00:03.0: reg 0x10: [mem 0xfebc0000-0xfebdffff]
[    0.702521] pci 0000:00:03.0: reg 0x14: [io  0xc000-0xc03f]
[    0.709013] pci 0000:00:03.0: reg 0x30: [mem 0xfeb80000-0xfebbffff pref]
[    0.717698] ACPI: PCI: Interrupt link LNKA configured for IRQ 10
[    0.719136] ACPI: PCI: Interrupt link LNKB configured for IRQ 10
[    0.720115] ACPI: PCI: Interrupt link LNKC configured for IRQ 11
[    0.721646] ACPI: PCI: Interrupt link LNKD configured for IRQ 11
[    0.722780] ACPI: PCI: Interrupt link LNKS configured for IRQ 9
[    0.725315] iommu: Default domain type: Translated 
[    0.725521] iommu: DMA domain TLB invalidation policy: lazy mode 
[    0.726830] SCSI subsystem initialized
[    0.727689] ACPI: bus type USB registered
[    0.728564] usbcore: registered new interface driver usbfs
[    0.730555] usbcore: registered new interface driver hub
[    0.734558] usbcore: registered new device driver usb
[    0.735594] pps_core: LinuxPPS API ver. 1 registered
[    0.737518] pps_core: Software ver. 5.3.6 - Copyright 2005-2007 Rodolfo Giometti <giometti@linux.it>
[    0.741546] PTP clock support registered
[    0.743657] Advanced Linux Sound Architecture Driver Initialized.
[    0.746138] NetLabel: Initializing
[    0.747521] NetLabel:  domain hash size = 128
[    0.748520] NetLabel:  protocols = UNLABELED CIPSOv4 CALIPSO
[    0.749596] NetLabel:  unlabeled traffic allowed by default
[    0.751611] PCI: Using ACPI for IRQ routing
[    0.753818] pci 0000:00:02.0: vgaarb: setting as boot VGA device
[    0.754510] pci 0000:00:02.0: vgaarb: bridge control possible
[    0.754510] pci 0000:00:02.0: vgaarb: VGA device added: decodes=io+mem,owns=io+mem,locks=none
[    0.759543] vgaarb: loaded
[    0.761110] hpet0: at MMIO 0xfed00000, IRQs 2, 8, 0
[    0.763522] hpet0: 3 comparators, 64-bit 100.000000 MHz counter
[    0.768379] clocksource: Switched to clocksource kvm-clock
[    0.770752] VFS: Disk quotas dquot_6.6.0
[    0.772062] VFS: Dquot-cache hash table entries: 512 (order 0, 4096 bytes)
[    0.774942] pnp: PnP ACPI init
[    0.778523] pnp: PnP ACPI: found 6 devices
[    0.787983] clocksource: acpi_pm: mask: 0xffffff max_cycles: 0xffffff, max_idle_ns: 2085701024 ns
[    0.790775] NET: Registered PF_INET protocol family
[    0.792522] IP idents hash table entries: 65536 (order: 7, 524288 bytes, linear)
[    0.795564] tcp_listen_portaddr_hash hash table entries: 2048 (order: 3, 32768 bytes, linear)
[    0.798196] Table-perturb hash table entries: 65536 (order: 6, 262144 bytes, linear)
[    0.800816] TCP established hash table entries: 32768 (order: 6, 262144 bytes, linear)
[    0.803049] TCP bind hash table entries: 32768 (order: 8, 1048576 bytes, linear)
[    0.805448] TCP: Hash tables configured (established 32768 bind 32768)
[    0.807569] UDP hash table entries: 2048 (order: 4, 65536 bytes, linear)
[    0.810009] UDP-Lite hash table entries: 2048 (order: 4, 65536 bytes, linear)
[    0.812264] NET: Registered PF_UNIX/PF_LOCAL protocol family
[    0.814359] RPC: Registered named UNIX socket transport module.
[    0.816161] RPC: Registered udp transport module.
[    0.817606] RPC: Registered tcp transport module.
[    0.818932] RPC: Registered tcp NFSv4.1 backchannel transport module.
[    0.821603] pci_bus 0000:00: resource 4 [io  0x0000-0x0cf7 window]
[    0.823405] pci_bus 0000:00: resource 5 [io  0x0d00-0xffff window]
[    0.825256] pci_bus 0000:00: resource 6 [mem 0x000a0000-0x000bffff window]
[    0.827284] pci_bus 0000:00: resource 7 [mem 0xc0000000-0xfebfffff window]
[    0.829266] pci_bus 0000:00: resource 8 [mem 0x140000000-0x1bfffffff window]
[    0.831631] pci 0000:00:01.0: PIIX3: Enabling Passive Release
[    0.833280] pci 0000:00:00.0: Limiting direct PCI/PCI transfers
[    0.835572] PCI: CLS 0 bytes, default 64
[    0.836762] PCI-DMA: Using software bounce buffering for IO (SWIOTLB)
[    0.837063] Unpacking initramfs...
[    0.838526] software IO TLB: mapped [mem 0x00000000bbe87000-0x00000000bfe87000] (64MB)
[    0.843897] RAPL PMU: API unit is 2^-32 Joules, 0 fixed counters, 10737418240 ms ovfl timer
[    0.846064] clocksource: tsc: mask: 0xffffffffffffffff max_cycles: 0x2b2c8ec87c7, max_idle_ns: 440795278598 ns
[    0.855593] Initialise system trusted keyrings
[    0.856999] workingset: timestamp_bits=56 max_order=20 bucket_order=0
[    0.859298] NFS: Registering the id_resolver key type
[    0.860602] Key type id_resolver registered
[    0.861542] Key type id_legacy registered
[    0.863182] 9p: Installing v9fs 9p2000 file system support
[    0.866158] Freeing initrd memory: 1380K
[    0.871150] Key type asymmetric registered
[    0.872357] Asymmetric key parser 'x509' registered
[    0.874115] Block layer SCSI generic (bsg) driver version 0.4 loaded (major 251)
[    0.875867] io scheduler mq-deadline registered
[    0.877148] io scheduler kyber registered
[    0.879001] input: Power Button as /devices/LNXSYSTM:00/LNXPWRBN:00/input/input0
[    0.882135] ACPI: button: Power Button [PWRF]
[    0.884410] Serial: 8250/16550 driver, 4 ports, IRQ sharing enabled
[    0.886813] 00:04: ttyS0 at I/O 0x3f8 (irq = 4, base_baud = 115200) is a 16550A
[    0.890524] Non-volatile memory driver v1.3
[    0.891682] Linux agpgart interface v0.103
[    0.893026] ACPI: bus type drm_connector registered
[    0.899327] loop: module loaded
[    0.902911] scsi host0: ata_piix
[    0.905433] scsi host1: ata_piix
[    0.906865] ata1: PATA max MWDMA2 cmd 0x1f0 ctl 0x3f6 bmdma 0xc040 irq 14
[    0.909002] ata2: PATA max MWDMA2 cmd 0x170 ctl 0x376 bmdma 0xc048 irq 15
[    0.912926] e100: Intel(R) PRO/100 Network Driver
[    0.914533] e100: Copyright(c) 1999-2006 Intel Corporation
[    0.916115] e1000: Intel(R) PRO/1000 Network Driver
[    0.917493] e1000: Copyright (c) 1999-2006 Intel Corporation.
[    1.066000] ata2: found unknown device (class 0)
[    1.068262] ata2.00: ATAPI: QEMU DVD-ROM, 2.5+, max UDMA/100
[    1.071347] scsi 1:0:0:0: CD-ROM            QEMU     QEMU DVD-ROM     2.5+ PQ: 0 ANSI: 5
[    1.095695] sr 1:0:0:0: [sr0] scsi3-mmc drive: 4x/4x cd/rw xa/form2 tray
[    1.097303] cdrom: Uniform CD-ROM driver Revision: 3.20
[    1.336690] ACPI: \_SB_.LNKC: Enabled at IRQ 11
[    1.740919] e1000 0000:00:03.0 eth0: (PCI:33MHz:32-bit) 52:54:00:12:34:56
[    1.743494] e1000 0000:00:03.0 eth0: Intel(R) PRO/1000 Network Connection
[    1.745078] e1000e: Intel(R) PRO/1000 Network Driver
[    1.746198] e1000e: Copyright(c) 1999 - 2015 Intel Corporation.
[    1.747603] sky2: driver version 1.30
[    1.748992] usbcore: registered new interface driver usblp
[    1.750409] usbcore: registered new interface driver usb-storage
[    1.752816] i8042: PNP: PS/2 Controller [PNP0303:KBD,PNP0f13:MOU] at 0x60,0x64 irq 1,12
[    1.756819] serio: i8042 KBD port at 0x60,0x64 irq 1
[    1.758191] serio: i8042 AUX port at 0x60,0x64 irq 12
[    1.760870] input: AT Translated Set 2 keyboard as /devices/platform/i8042/serio0/input/input1
[    1.763278] rtc_cmos 00:05: RTC can wake from S4
[    1.770335] rtc_cmos 00:05: registered as rtc0
[    1.771672] rtc_cmos 00:05: alarms up to one day, y3k, 242 bytes nvram, hpet irqs
[    1.773925] device-mapper: ioctl: 4.48.0-ioctl (2023-03-01) initialised: dm-devel@redhat.com
[    1.776525] intel_pstate: CPU model not supported
[    1.778261] hid: raw HID events driver (C) Jiri Kosina
[    1.781573] usbcore: registered new interface driver usbhid
[    1.783166] usbhid: USB HID core driver
[    1.785988] Initializing XFRM netlink socket
[    1.787158] NET: Registered PF_INET6 protocol family
[    1.789146] Segment Routing with IPv6
[    1.790084] In-situ OAM (IOAM) with IPv6
[    1.791154] sit: IPv6, IPv4 and MPLS over IPv4 tunneling driver
[    1.792938] NET: Registered PF_PACKET protocol family
[    1.796317] 9pnet: Installing 9P2000 support
[    1.797501] Key type dns_resolver registered
[    1.799507] IPI shorthand broadcast: enabled
[    1.810057] sched_clock: Marking stable (1787016452, 22640335)->(1958520243, -148863456)
[    1.812437] registered taskstats version 1
[    1.813463] Loading compiled-in X.509 certificates
[    1.827472] PM:   Magic number: 10:197:807
[    1.828496] misc snapshot: hash matches
[    1.829358] printk: console [netcon0] enabled
[    1.830335] netconsole: network logging started
[    1.831500] cfg80211: Loading compiled-in X.509 certificates for regulatory database
[    1.837809] kworker/u4:1 (52) used greatest stack depth: 29408 bytes left
[    1.839829] Loaded X.509 cert 'sforshee: 00b28ddf47aef9cea7'
[    1.841288] ALSA device list:
[    1.842060]   No soundcards found.
[    1.843994] Freeing unused kernel image (initmem) memory: 5732K
[    1.844998] platform regulatory.0: Direct firmware load for regulatory.db failed with error -2
[    1.846177] cfg80211: failed to load regulatory.db
[    1.849787] Write protecting the kernel read-only data: 63488k
[    1.850998] Freeing unused kernel image (rodata/data gap) memory: 1928K
[    1.863982] x86/mm: Checked W+X mappings: passed, no W+X pages found.
[    1.864984] Run /init as init process
[    1.867680] mount (56) used greatest stack depth: 28760 bytes left

secb: rootfs ready
---- poc begin ----
[    2.407072] input: ImExPS/2 Generic Explorer Mouse as /devices/platform/i8042/serio1/input/input3
[*] setup done: target stashed in array_of_map[0], target fd closed
[*] race prog loaded; spawning trigger thread
[*] signal received -- bpf prog is in heavy job; freeing target now
[+] poc finished
[    4.280143] poc (62) used greatest stack depth: 27792 bytes left
---- poc end rc=0 ----
secb: poc exited without crashing the kernel
[    5.723564] ACPI: PM: Preparing to enter system sleep state S5
[    5.724500] reboot: Power down
NO_CRASH_DETECTED
