bash: warning: setlocale: LC_ALL: cannot change locale (en_US.UTF-8)
c[?7l[2J[0mSeaBIOS (version 1.16.2-debian-1.16.2-1)


iPXE (http://ipxe.org) 00:03.0 CA00 PCI2.10 PnP PMM+7EFCEF00+7EF0EF00 CA00
Press Ctrl-B to configure iPXE (PCI 00:03.0)...                                                                               


Booting from ROM...
c[?7l[2JNo EFI environment detected.
early console in extract_kernel
input_data: 0x0000000004bc03a8
input_len: 0x00000000019e5886
output: 0x0000000001000000
output_len: 0x000000000553041c
kernel_total_size: 0x0000000005230000
needed_size: 0x0000000005600000
trampoline_32bit: 0x000000000009d000


KASLR disabled: 'nokaslr' on cmdline.


Decompressing Linux... Parsing ELF... No relocation needed... done.
Booting the kernel (entry_offset: 0x0000000000000000).
[    0.000000] Linux version 6.4.0-04323-gbce0fa1a9cc5-dirty (root@buildkitsandbox) (gcc (Debian 12.2.0-14+deb12u1) 12.2.0, GNU ld (GNU Binutils for Debian) 2.40) #2 SMP PREEMPT_DYNAMIC Fri May 15 18:42:38 UTC 2026
[    0.000000] Command line: console=ttyS0 oops=panic panic=-1 nokaslr earlyprintk=serial
[    0.000000] BIOS-provided physical RAM map:
[    0.000000] BIOS-e820: [mem 0x0000000000000000-0x000000000009fbff] usable
[    0.000000] BIOS-e820: [mem 0x000000000009fc00-0x000000000009ffff] reserved
[    0.000000] BIOS-e820: [mem 0x00000000000f0000-0x00000000000fffff] reserved
[    0.000000] BIOS-e820: [mem 0x0000000000100000-0x000000007ffdffff] usable
[    0.000000] BIOS-e820: [mem 0x000000007ffe0000-0x000000007fffffff] reserved
[    0.000000] BIOS-e820: [mem 0x00000000feffc000-0x00000000feffffff] reserved
[    0.000000] BIOS-e820: [mem 0x00000000fffc0000-0x00000000ffffffff] reserved
[    0.000000] printk: bootconsole [earlyser0] enabled
[    0.000000] NX (Execute Disable) protection: active
[    0.000000] SMBIOS 2.8 present.
[    0.000000] DMI: QEMU Standard PC (i440FX + PIIX, 1996), BIOS 1.16.2-debian-1.16.2-1 04/01/2014
[    0.000000] Hypervisor detected: KVM
[    0.000000] kvm-clock: Using msrs 4b564d01 and 4b564d00
[    0.000002] kvm-clock: using sched offset of 447729665 cycles
[    0.001484] clocksource: kvm-clock: mask: 0xffffffffffffffff max_cycles: 0x1cd42e4dffb, max_idle_ns: 881590591483 ns
[    0.005294] tsc: Detected 2995.198 MHz processor
[    0.006802] last_pfn = 0x7ffe0 max_arch_pfn = 0x400000000
[    0.008160] MTRR map: 4 entries (3 fixed + 1 variable; max 19), built from 8 variable MTRRs
[    0.010247] x86/PAT: Configuration [0-7]: WB  WC  UC- UC  WB  WP  UC- WT  
[    0.017246] found SMP MP-table at [mem 0x000f5ba0-0x000f5baf]
[    0.019332] Using GB pages for direct mapping
[    0.020857] Incomplete global flushes, disabling PCID
[    0.021019] RAMDISK: [mem 0x7fe8d000-0x7ffdffff]
[    0.023563] ACPI: Early table checksum verification disabled
[    0.024988] ACPI: RSDP 0x00000000000F59D0 000014 (v00 BOCHS )
[    0.026445] ACPI: RSDT 0x000000007FFE1B33 000034 (v01 BOCHS  BXPC     00000001 BXPC 00000001)
[    0.028599] ACPI: FACP 0x000000007FFE19DF 000074 (v01 BOCHS  BXPC     00000001 BXPC 00000001)
[    0.030691] ACPI: DSDT 0x000000007FFE0040 00199F (v01 BOCHS  BXPC     00000001 BXPC 00000001)
[    0.033614] ACPI: FACS 0x000000007FFE0000 000040
[    0.034957] ACPI: APIC 0x000000007FFE1A53 000080 (v01 BOCHS  BXPC     00000001 BXPC 00000001)
[    0.037726] ACPI: HPET 0x000000007FFE1AD3 000038 (v01 BOCHS  BXPC     00000001 BXPC 00000001)
[    0.040974] ACPI: WAET 0x000000007FFE1B0B 000028 (v01 BOCHS  BXPC     00000001 BXPC 00000001)
[    0.043676] ACPI: Reserving FACP table memory at [mem 0x7ffe19df-0x7ffe1a52]
[    0.045469] ACPI: Reserving DSDT table memory at [mem 0x7ffe0040-0x7ffe19de]
[    0.047271] ACPI: Reserving FACS table memory at [mem 0x7ffe0000-0x7ffe003f]
[    0.049065] ACPI: Reserving APIC table memory at [mem 0x7ffe1a53-0x7ffe1ad2]
[    0.051643] ACPI: Reserving HPET table memory at [mem 0x7ffe1ad3-0x7ffe1b0a]
[    0.056687] ACPI: Reserving WAET table memory at [mem 0x7ffe1b0b-0x7ffe1b32]
[    0.060660] No NUMA configuration found
[    0.061681] Faking a node at [mem 0x0000000000000000-0x000000007ffdffff]
[    0.063475] NODE_DATA(0) allocated [mem 0x7fe89000-0x7fe8cfff]
[    0.064947] Zone ranges:
[    0.065535]   DMA      [mem 0x0000000000001000-0x0000000000ffffff]
[    0.067474]   DMA32    [mem 0x0000000001000000-0x000000007ffdffff]
[    0.069683]   Normal   empty
[    0.070853] Movable zone start for each node
[    0.072378] Early memory node ranges
[    0.073591]   node   0: [mem 0x0000000000001000-0x000000000009efff]
[    0.075992]   node   0: [mem 0x0000000000100000-0x000000007ffdffff]
[    0.077851] Initmem setup node 0 [mem 0x0000000000001000-0x000000007ffdffff]
[    0.080651] On node 0, zone DMA: 1 pages in unavailable ranges
[    0.080699] On node 0, zone DMA: 97 pages in unavailable ranges
[    0.094825] On node 0, zone DMA32: 32 pages in unavailable ranges
[    0.301933] kasan: KernelAddressSanitizer initialized
[    0.305364] ACPI: PM-Timer IO Port: 0x608
[    0.306281] ACPI: LAPIC_NMI (acpi_id[0xff] dfl dfl lint[0x1])
[    0.310488] IOAPIC[0]: apic_id 0, version 17, address 0xfec00000, GSI 0-23
[    0.313718] ACPI: INT_SRC_OVR (bus 0 bus_irq 0 global_irq 2 dfl dfl)
[    0.316614] ACPI: INT_SRC_OVR (bus 0 bus_irq 5 global_irq 5 high level)
[    0.318265] ACPI: INT_SRC_OVR (bus 0 bus_irq 9 global_irq 9 high level)
[    0.319905] ACPI: INT_SRC_OVR (bus 0 bus_irq 10 global_irq 10 high level)
[    0.321678] ACPI: INT_SRC_OVR (bus 0 bus_irq 11 global_irq 11 high level)
[    0.323551] ACPI: Using ACPI (MADT) for SMP configuration information
[    0.327977] ACPI: HPET id: 0x8086a201 base: 0xfed00000
[    0.331092] TSC deadline timer available
[    0.332884] smpboot: Allowing 2 CPUs, 0 hotplug CPUs
[    0.334357] kvm-guest: KVM setup pv remote TLB flush
[    0.335712] kvm-guest: setup PV sched yield
[    0.336909] PM: hibernation: Registered nosave memory: [mem 0x00000000-0x00000fff]
[    0.338990] PM: hibernation: Registered nosave memory: [mem 0x0009f000-0x0009ffff]
[    0.341112] PM: hibernation: Registered nosave memory: [mem 0x000a0000-0x000effff]
[    0.343168] PM: hibernation: Registered nosave memory: [mem 0x000f0000-0x000fffff]
[    0.346061] [mem 0x80000000-0xfeffbfff] available for PCI devices
[    0.349991] Booting paravirtualized kernel on KVM
[    0.352164] clocksource: refined-jiffies: mask: 0xffffffff max_cycles: 0xffffffff, max_idle_ns: 1910969940391419 ns
[    0.369575] setup_percpu: NR_CPUS:64 nr_cpumask_bits:2 nr_cpu_ids:2 nr_node_ids:1
[    0.376621] percpu: Embedded 66 pages/cpu s232168 r8192 d29976 u1048576
[    0.378811] Kernel command line: console=ttyS0 oops=panic panic=-1 nokaslr earlyprintk=serial
[    0.381561] Unknown kernel command line parameters "nokaslr", will be passed to user space.
[    0.384140] random: crng init done
[    0.389799] Dentry cache hash table entries: 262144 (order: 9, 2097152 bytes, linear)
[    0.395502] Inode-cache hash table entries: 131072 (order: 8, 1048576 bytes, linear)
[    0.397958] Fallback order for Node 0: 0 
[    0.397966] Built 1 zonelists, mobility grouping on.  Total pages: 515808
[    0.400486] Policy zone: DMA32
[    0.401760] mem auto-init: stack:all(zero), heap alloc:off, heap free:off
[    0.405724] stackdepot: allocating hash table via alloc_large_system_hash
[    0.423079] stackdepot hash table entries: 1048576 (order: 11, 8388608 bytes, linear)
[    0.455278] Memory: 1692940K/2096632K available (49152K kernel code, 7959K rwdata, 10096K rodata, 5664K init, 2892K bss, 403436K reserved, 0K cma-reserved)
[    0.458831] SLUB: HWalign=64, Order=0-3, MinObjects=0, CPUs=2, Nodes=1
Poking KASLR using RDRAND RDTSC...
[    0.464377] Dynamic Preempt: voluntary
[    0.466402] rcu: Preemptible hierarchical RCU implementation.
[    0.469952] rcu: 	RCU event tracing is enabled.
[    0.471020] rcu: 	RCU restricting CPUs from NR_CPUS=64 to nr_cpu_ids=2.
[    0.472657] 	Trampoline variant of Tasks RCU enabled.
[    0.474016] rcu: RCU calculated value of scheduler-enlistment delay is 100 jiffies.
[    0.476221] rcu: Adjusting geometry for rcu_fanout_leaf=16, nr_cpu_ids=2
[    0.487986] NR_IRQS: 4352, nr_irqs: 440, preallocated irqs: 16
[    0.490362] rcu: srcu_init: Setting srcu_struct sizes based on contention.
[    0.501506] Console: colour VGA+ 80x25
[    0.502505] printk: console [ttyS0] enabled
[    0.502505] printk: console [ttyS0] enabled
[    0.504649] printk: bootconsole [earlyser0] disabled
[    0.504649] printk: bootconsole [earlyser0] disabled
[    0.508576] ACPI: Core revision 20230331
[    0.509853] clocksource: hpet: mask: 0xffffffff max_cycles: 0xffffffff, max_idle_ns: 19112604467 ns
[    0.512333] APIC: Switch to symmetric I/O mode setup
[    0.513598] kvm-guest: setup PV IPIs
[    0.517148] ..TIMER: vector=0x30 apic1=0 pin1=2 apic2=-1 pin2=-1
[    0.518699] clocksource: tsc-early: mask: 0xffffffffffffffff max_cycles: 0x2b2c8d6afc8, max_idle_ns: 440795331172 ns
[    0.521743] Calibrating delay loop (skipped) preset value.. 5990.39 BogoMIPS (lpj=2995198)
[    0.524225] x86/cpu: User Mode Instruction Prevention (UMIP) activated
[    0.525945] Last level iTLB entries: 4KB 0, 2MB 0, 4MB 0
[    0.526741] Last level dTLB entries: 4KB 0, 2MB 0, 4MB 0, 1GB 0
[    0.527768] Spectre V1 : Mitigation: usercopy/swapgs barriers and __user pointer sanitization
[    0.528749] Spectre V2 : Mitigation: Enhanced / Automatic IBRS
[    0.529740] Spectre V2 : Spectre v2 / SpectreRSB mitigation: Filling RSB on context switch
[    0.530741] Spectre V2 : Spectre v2 / PBRSB-eIBRS: Retire a single CALL on VMEXIT
[    0.531743] RETBleed: Mitigation: Enhanced IBRS
[    0.532745] Spectre V2 : mitigation: Enabling conditional Indirect Branch Prediction Barrier
[    0.533741] Speculative Store Bypass: Mitigation: Speculative Store Bypass disabled via prctl
[    0.534742] MMIO Stale Data: Unknown: No mitigations
[    0.535794] x86/fpu: Supporting XSAVE feature 0x001: 'x87 floating point registers'
[    0.536741] x86/fpu: Supporting XSAVE feature 0x002: 'SSE registers'
[    0.537742] x86/fpu: Supporting XSAVE feature 0x004: 'AVX registers'
[    0.538742] x86/fpu: xstate_offset[2]:  576, xstate_sizes[2]:  256
[    0.539742] x86/fpu: Enabled xstate features 0x7, context size is 832 bytes, using 'compacted' format.
[    0.562432] Freeing SMP alternatives memory: 44K
[    0.562742] pid_max: default: 32768 minimum: 301
[    0.563835] LSM: initializing lsm=capability,selinux,integrity
[    0.564775] SELinux:  Initializing.
[    0.566794] Mount-cache hash table entries: 4096 (order: 3, 32768 bytes, linear)
[    0.567744] Mountpoint-cache hash table entries: 4096 (order: 3, 32768 bytes, linear)
[    0.570537] smpboot: CPU0: 13th Gen Intel(R) Core(TM) i9-13900H (family: 0x6, model: 0xba, stepping: 0x2)
[    0.571751] RCU Tasks: Setting shift to 1 and lim to 1 rcu_task_cb_adjust=1.
[    0.572878] Performance Events: unsupported p6 CPU model 186 no PMU driver, software events only.
[    0.573804] signal: max sigframe size: 1776
[    0.574878] rcu: Hierarchical SRCU implementation.
[    0.575746] rcu: 	Max phase no-delay instances is 400.
[    0.577796] smp: Bringing up secondary CPUs ...
[    0.579425] smpboot: x86: Booting SMP configuration:
[    0.579753] .... node  #0, CPUs:      #1
[    0.580828] smp: Brought up 1 node, 2 CPUs
[    0.582752] smpboot: Max logical packages: 1
[    0.583754] smpboot: Total of 2 processors activated (11980.79 BogoMIPS)
[    0.586225] devtmpfs: initialized
[    0.589796] clocksource: jiffies: mask: 0xffffffff max_cycles: 0xffffffff, max_idle_ns: 1911260446275000 ns
[    0.590759] futex hash table entries: 512 (order: 3, 32768 bytes, linear)
[    0.592177] PM: RTC time: 18:43:36, date: 2026-05-15
[    0.593223] NET: Registered PF_NETLINK/PF_ROUTE protocol family
[    0.594153] audit: initializing netlink subsys (disabled)
[    0.594964] audit: type=2000 audit(1778870617.086:1): state=initialized audit_enabled=0 res=1
[    0.595322] thermal_sys: Registered thermal governor 'step_wise'
[    0.595747] thermal_sys: Registered thermal governor 'user_space'
[    0.596830] cpuidle: using governor menu
[    0.599413] PCI: Using configuration type 1 for base access
[    0.600176] kprobes: kprobe jump-optimization is enabled. All kprobes are optimized if possible.
[    0.603737] HugeTLB: registered 2.00 MiB page size, pre-allocated 0 pages
[    0.605748] HugeTLB: 28 KiB vmemmap can be freed for a 2.00 MiB page
[    0.608293] ACPI: Added _OSI(Module Device)
[    0.609749] ACPI: Added _OSI(Processor Device)
[    0.610748] ACPI: Added _OSI(3.0 _SCP Extensions)
[    0.611749] ACPI: Added _OSI(Processor Aggregator Device)
[    0.624055] ACPI: 1 ACPI AML tables successfully acquired and loaded
[    0.684989] ACPI: Interpreter enabled
[    0.685814] ACPI: PM: (supports S0 S3 S4 S5)
[    0.686820] ACPI: Using IOAPIC for interrupt routing
[    0.687836] PCI: Using host bridge windows from ACPI; if necessary, use "pci=nocrs" and report a bug
[    0.688750] PCI: Using E820 reservations for host bridge windows
[    0.690321] ACPI: Enabled 2 GPEs in block 00 to 0F
[    0.707597] ACPI: PCI Root Bridge [PCI0] (domain 0000 [bus 00-ff])
[    0.707760] acpi PNP0A03:00: _OSC: OS supports [ASPM ClockPM Segments MSI HPX-Type3]
[    0.708745] acpi PNP0A03:00: _OSC: not requesting OS control; OS requires [ExtendedConfig ASPM ClockPM MSI]
[    0.709878] acpi PNP0A03:00: fail to add MMCONFIG information, can't access extended configuration space under this bridge
[    0.711108] PCI host bridge to bus 0000:00
[    0.711804] pci_bus 0000:00: root bus resource [io  0x0000-0x0cf7 window]
[    0.712820] pci_bus 0000:00: root bus resource [io  0x0d00-0xffff window]
[    0.713756] pci_bus 0000:00: root bus resource [mem 0x000a0000-0x000bffff window]
[    0.714748] pci_bus 0000:00: root bus resource [mem 0x80000000-0xfebfffff window]
[    0.715748] pci_bus 0000:00: root bus resource [mem 0x100000000-0x17fffffff window]
[    0.716748] pci_bus 0000:00: root bus resource [bus 00-ff]
[    0.717880] pci 0000:00:00.0: [8086:1237] type 00 class 0x060000
[    0.725979] pci 0000:00:01.0: [8086:7000] type 00 class 0x060100
[    0.734288] pci 0000:00:01.1: [8086:7010] type 00 class 0x010180
[    0.736453] pci 0000:00:01.1: reg 0x20: [io  0xc040-0xc04f]
[    0.737482] pci 0000:00:01.1: legacy IDE quirk: reg 0x10: [io  0x01f0-0x01f7]
[    0.737750] pci 0000:00:01.1: legacy IDE quirk: reg 0x14: [io  0x03f6]
[    0.738745] pci 0000:00:01.1: legacy IDE quirk: reg 0x18: [io  0x0170-0x0177]
[    0.739751] pci 0000:00:01.1: legacy IDE quirk: reg 0x1c: [io  0x0376]
[    0.741277] pci 0000:00:01.3: [8086:7113] type 00 class 0x068000
[    0.742728] pci 0000:00:01.3: quirk: [io  0x0600-0x063f] claimed by PIIX4 ACPI
[    0.742780] pci 0000:00:01.3: quirk: [io  0x0700-0x070f] claimed by PIIX4 SMB
[    0.744332] pci 0000:00:02.0: [1234:1111] type 00 class 0x030000
[    0.746573] pci 0000:00:02.0: reg 0x10: [mem 0xfd000000-0xfdffffff pref]
[    0.749360] pci 0000:00:02.0: reg 0x18: [mem 0xfebf0000-0xfebf0fff]
[    0.753268] pci 0000:00:02.0: reg 0x30: [mem 0xfebe0000-0xfebeffff pref]
[    0.754538] pci 0000:00:02.0: Video device with shadowed ROM at [mem 0x000c0000-0x000dffff]
[    0.764813] pci 0000:00:03.0: [8086:100e] type 00 class 0x020000
[    0.766773] pci 0000:00:03.0: reg 0x10: [mem 0xfebc0000-0xfebdffff]
[    0.768749] pci 0000:00:03.0: reg 0x14: [io  0xc000-0xc03f]
[    0.775321] pci 0000:00:03.0: reg 0x30: [mem 0xfeb80000-0xfebbffff pref]
[    0.788173] ACPI: PCI: Interrupt link LNKA configured for IRQ 10
[    0.789572] ACPI: PCI: Interrupt link LNKB configured for IRQ 10
[    0.790429] ACPI: PCI: Interrupt link LNKC configured for IRQ 11
[    0.791479] ACPI: PCI: Interrupt link LNKD configured for IRQ 11
[    0.792062] ACPI: PCI: Interrupt link LNKS configured for IRQ 9
[    0.796217] iommu: Default domain type: Translated 
[    0.796747] iommu: DMA domain TLB invalidation policy: lazy mode 
[    0.798736] SCSI subsystem initialized
[    0.801229] ACPI: bus type USB registered
[    0.802020] usbcore: registered new interface driver usbfs
[    0.804055] usbcore: registered new interface driver hub
[    0.805902] usbcore: registered new device driver usb
[    0.807232] pps_core: LinuxPPS API ver. 1 registered
[    0.808752] pps_core: Software ver. 5.3.6 - Copyright 2005-2007 Rodolfo Giometti <giometti@linux.it>
[    0.811955] PTP clock support registered
[    0.815261] Advanced Linux Sound Architecture Driver Initialized.
[    0.818565] NetLabel: Initializing
[    0.818746] NetLabel:  domain hash size = 128
[    0.820744] NetLabel:  protocols = UNLABELED CIPSOv4 CALIPSO
[    0.822014] NetLabel:  unlabeled traffic allowed by default
[    0.824811] PCI: Using ACPI for IRQ routing
[    0.826116] pci 0000:00:02.0: vgaarb: setting as boot VGA device
[    0.826737] pci 0000:00:02.0: vgaarb: bridge control possible
[    0.826737] pci 0000:00:02.0: vgaarb: VGA device added: decodes=io+mem,owns=io+mem,locks=none
[    0.832753] vgaarb: loaded
[    0.834145] hpet0: at MMIO 0xfed00000, IRQs 2, 8, 0
[    0.834745] hpet0: 3 comparators, 64-bit 100.000000 MHz counter
[    0.840252] clocksource: Switched to clocksource kvm-clock
[    0.843036] VFS: Disk quotas dquot_6.6.0
[    0.844603] VFS: Dquot-cache hash table entries: 512 (order 0, 4096 bytes)
[    0.848052] pnp: PnP ACPI init
[    0.851589] pnp: PnP ACPI: found 6 devices
[    0.864885] clocksource: acpi_pm: mask: 0xffffff max_cycles: 0xffffff, max_idle_ns: 2085701024 ns
[    0.868440] NET: Registered PF_INET protocol family
[    0.871331] IP idents hash table entries: 32768 (order: 6, 262144 bytes, linear)
[    0.875617] tcp_listen_portaddr_hash hash table entries: 1024 (order: 2, 16384 bytes, linear)
[    0.877839] Table-perturb hash table entries: 65536 (order: 6, 262144 bytes, linear)
[    0.879958] TCP established hash table entries: 16384 (order: 5, 131072 bytes, linear)
[    0.882552] TCP bind hash table entries: 16384 (order: 7, 524288 bytes, linear)
[    0.885563] TCP: Hash tables configured (established 16384 bind 16384)
[    0.887929] UDP hash table entries: 1024 (order: 3, 32768 bytes, linear)
[    0.890294] UDP-Lite hash table entries: 1024 (order: 3, 32768 bytes, linear)
[    0.892730] NET: Registered PF_UNIX/PF_LOCAL protocol family
[    0.895159] RPC: Registered named UNIX socket transport module.
[    0.896714] RPC: Registered udp transport module.
[    0.898060] RPC: Registered tcp transport module.
[    0.899383] RPC: Registered tcp NFSv4.1 backchannel transport module.
[    0.902341] pci_bus 0000:00: resource 4 [io  0x0000-0x0cf7 window]
[    0.904256] pci_bus 0000:00: resource 5 [io  0x0d00-0xffff window]
[    0.906198] pci_bus 0000:00: resource 6 [mem 0x000a0000-0x000bffff window]
[    0.908262] pci_bus 0000:00: resource 7 [mem 0x80000000-0xfebfffff window]
[    0.910290] pci_bus 0000:00: resource 8 [mem 0x100000000-0x17fffffff window]
[    0.912788] pci 0000:00:01.0: PIIX3: Enabling Passive Release
[    0.914500] pci 0000:00:00.0: Limiting direct PCI/PCI transfers
[    0.916432] PCI: CLS 0 bytes, default 64
[    0.918046] RAPL PMU: API unit is 2^-32 Joules, 0 fixed counters, 10737418240 ms ovfl timer
[    0.918296] Unpacking initramfs...
[    0.920551] clocksource: tsc: mask: 0xffffffffffffffff max_cycles: 0x2b2c8d6afc8, max_idle_ns: 440795331172 ns
[    0.932549] Initialise system trusted keyrings
[    0.934676] workingset: timestamp_bits=56 max_order=19 bucket_order=0
[    0.937907] NFS: Registering the id_resolver key type
[    0.939653] Key type id_resolver registered
[    0.942663] Key type id_legacy registered
[    0.945142] 9p: Installing v9fs 9p2000 file system support
[    0.955373] Key type asymmetric registered
[    0.956967] Asymmetric key parser 'x509' registered
[    0.958727] Block layer SCSI generic (bsg) driver version 0.4 loaded (major 251)
[    0.961234] io scheduler mq-deadline registered
[    0.962753] io scheduler kyber registered
[    0.964935] input: Power Button as /devices/LNXSYSTM:00/LNXPWRBN:00/input/input0
[    0.966625] Freeing initrd memory: 1356K
[    0.968927] ACPI: button: Power Button [PWRF]
[    0.971224] Serial: 8250/16550 driver, 4 ports, IRQ sharing enabled
[    0.973470] 00:04: ttyS0 at I/O 0x3f8 (irq = 4, base_baud = 115200) is a 16550A
[    0.977488] Non-volatile memory driver v1.3
[    0.978729] Linux agpgart interface v0.103
[    0.980323] ACPI: bus type drm_connector registered
[    0.992295] loop: module loaded
[    0.996952] scsi host0: ata_piix
[    0.999217] scsi host1: ata_piix
[    1.000561] ata1: PATA max MWDMA2 cmd 0x1f0 ctl 0x3f6 bmdma 0xc040 irq 14
[    1.002693] ata2: PATA max MWDMA2 cmd 0x170 ctl 0x376 bmdma 0xc048 irq 15
[    1.007192] e100: Intel(R) PRO/100 Network Driver
[    1.008610] e100: Copyright(c) 1999-2006 Intel Corporation
[    1.010296] e1000: Intel(R) PRO/1000 Network Driver
[    1.011699] e1000: Copyright (c) 1999-2006 Intel Corporation.
[    1.159477] ata2: found unknown device (class 0)
[    1.161398] ata2.00: ATAPI: QEMU DVD-ROM, 2.5+, max UDMA/100
[    1.164292] scsi 1:0:0:0: CD-ROM            QEMU     QEMU DVD-ROM     2.5+ PQ: 0 ANSI: 5
[    1.183156] sr 1:0:0:0: [sr0] scsi3-mmc drive: 4x/4x cd/rw xa/form2 tray
[    1.184685] cdrom: Uniform CD-ROM driver Revision: 3.20
[    1.992266] hrtimer: interrupt took 3505993 ns
[    2.851895] ACPI: \_SB_.LNKC: Enabled at IRQ 11
[    3.222250] e1000 0000:00:03.0 eth0: (PCI:33MHz:32-bit) 52:54:00:12:34:56
[    3.224039] e1000 0000:00:03.0 eth0: Intel(R) PRO/1000 Network Connection
[    3.225552] e1000e: Intel(R) PRO/1000 Network Driver
[    3.226597] e1000e: Copyright(c) 1999 - 2015 Intel Corporation.
[    3.227908] sky2: driver version 1.30
[    3.230169] usbcore: registered new interface driver usblp
[    3.232803] usbcore: registered new interface driver usb-storage
[    3.235141] i8042: PNP: PS/2 Controller [PNP0303:KBD,PNP0f13:MOU] at 0x60,0x64 irq 1,12
[    3.238876] serio: i8042 KBD port at 0x60,0x64 irq 1
[    3.240158] serio: i8042 AUX port at 0x60,0x64 irq 12
[    3.242883] input: AT Translated Set 2 keyboard as /devices/platform/i8042/serio0/input/input1
[    3.244942] rtc_cmos 00:05: RTC can wake from S4
[    3.249955] rtc_cmos 00:05: registered as rtc0
[    3.251272] rtc_cmos 00:05: alarms up to one day, y3k, 242 bytes nvram, hpet irqs
[    3.254401] device-mapper: ioctl: 4.48.0-ioctl (2023-03-01) initialised: dm-devel@redhat.com
[    3.260093] intel_pstate: CPU model not supported
[    3.263811] hid: raw HID events driver (C) Jiri Kosina
[    3.266315] usbcore: registered new interface driver usbhid
[    3.267678] usbhid: USB HID core driver
[    3.273015] Initializing XFRM netlink socket
[    3.274641] NET: Registered PF_INET6 protocol family
[    3.278802] Segment Routing with IPv6
[    3.279715] In-situ OAM (IOAM) with IPv6
[    3.281772] sit: IPv6, IPv4 and MPLS over IPv4 tunneling driver
[    3.285672] NET: Registered PF_PACKET protocol family
[    3.288289] 9pnet: Installing 9P2000 support
[    3.289975] Key type dns_resolver registered
[    3.293494] IPI shorthand broadcast: enabled
[    3.311852] sched_clock: Marking stable (3286004206, 25569527)->(3428273470, -116699737)
[    3.315157] registered taskstats version 1
[    3.316282] Loading compiled-in X.509 certificates
[    3.327215] PM:   Magic number: 10:714:746
[    3.328610] printk: console [netcon0] enabled
[    3.329654] netconsole: network logging started
[    3.331147] cfg80211: Loading compiled-in X.509 certificates for regulatory database
[    3.333505] kworker/u4:1 (51) used greatest stack depth: 29536 bytes left
[    3.337927] Loaded X.509 cert 'sforshee: 00b28ddf47aef9cea7'
[    3.339405] ALSA device list:
[    3.340089]   No soundcards found.
[    3.342651] Freeing unused kernel image (initmem) memory: 5664K
[    3.343704] platform regulatory.0: Direct firmware load for regulatory.db failed with error -2
[    3.344939] cfg80211: failed to load regulatory.db
[    3.347684] Write protecting the kernel read-only data: 59392k
[    3.349772] Freeing unused kernel image (rodata/data gap) memory: 144K
[    3.361720] x86/mm: Checked W+X mappings: passed, no W+X pages found.
[    3.362922] Run /init as init process
[    3.368608] mount (55) used greatest stack depth: 28760 bytes left

secb: rootfs ready
---- poc begin ----
[poc] create_veth(p1,p2): OK
[poc] p1.ifindex=4 p2.ifindex=3
[poc] create_ipvlan(ipv0,master=4,mode=1): OK
[poc] create_ipvlan(ipv1,master=4,mode=1): OK
[poc] ipv0.ifindex=5 ipv1.ifindex=6
[poc] add_ipv4(idx=4,10.1.1.1/24): OK
[poc] add_ipv4(idx=5,10.3.0.1/24): OK
[poc] add_ipv4(idx=6,10.4.0.1/24): OK
[poc] set_link_up_mtu(idx=4,mtu=0): OK
[poc] set_link_up_mtu(idx=3,mtu=0): OK
[poc] set_link_up_mtu(idx=5,mtu=400): OK
[poc] set_link_up_mtu(idx=6,mtu=10000): OK
[poc] add_route(10.6.0.0/16 dev oif=5): OK
[poc] add_route(10.7.0.0/16 dev oif=5): OK
[poc] sch_plug_add(idx=5,handle=0x10000): OK
[poc] sch_plug_action(idx=5,handle=0x10000,action=LIMIT,limit=1048576): OK
[poc] sch_plug_action(idx=5,handle=0x10000,action=BUFFER,limit=0): OK
[poc] nftables: sending batch (264 bytes, 3 msgs)
[poc] nfnl seq=1: OK
[poc] nfnl seq=2: OK
[poc] nfnl seq=3: OK
[poc] P3 stub: rtnetlink + nftables ready
[poc] firing AF_PACKET trigger via ipv1...
[poc] AF_PACKET sendto: 1500 bytes queued
[poc] sch_plug_action(idx=5,handle=0x10000,action=RELEASE_INDEFINITE,limit=0): OK
[    3.890938] input: ImExPS/2 Generic Explorer Mouse as /devices/platform/i8042/serio1/input/input3
[    4.472538] poc (61) used greatest stack depth: 25472 bytes left
---- poc end rc=0 ----
secb: poc exited without crashing the kernel
[    5.860568] ACPI: PM: Preparing to enter system sleep state S5
[    5.861517] reboot: Power down
NO_CRASH_DETECTED
