bash: warning: setlocale: LC_ALL: cannot change locale (en_US.UTF-8)
c[?7l[2J[0mSeaBIOS (version 1.16.2-debian-1.16.2-1)
Booting from ROM...
c[?7l[2Jearly console in extract_kernel
input_data: 0x000000000bf072bf
input_len: 0x00000000046f9aad
output: 0x0000000001000000
output_len: 0x000000000e23aad8
kernel_total_size: 0x000000000f626000
needed_size: 0x000000000f800000
trampoline_32bit: 0x000000000009d000

Decompressing Linux... Parsing ELF... done.
Booting the kernel.
[    0.000000][    T0] Linux version 5.15.0-rc7+ (root@buildkitsandbox) (gcc (Debian 12.2.0-14+deb12u1) 12.2.0, GNU ld (GNU Binutils for Debian) 2.40) #1 SMP PREEMPT Tue May 26 05:31:26 UTC 2026
[    0.000000][    T0] Command line: console=ttyS0 oops=panic panic=86400 nokaslr earlyprintk=serial rdinit=/init
[    0.000000][    T0] KERNEL supported cpus:
[    0.000000][    T0]   Intel GenuineIntel
[    0.000000][    T0]   AMD AuthenticAMD
[    0.000000][    T0] x86/fpu: Supporting XSAVE feature 0x001: 'x87 floating point registers'
[    0.000000][    T0] x86/fpu: Supporting XSAVE feature 0x002: 'SSE registers'
[    0.000000][    T0] x86/fpu: Supporting XSAVE feature 0x004: 'AVX registers'
[    0.000000][    T0] x86/fpu: xstate_offset[2]:  576, xstate_sizes[2]:  256
[    0.000000][    T0] x86/fpu: Enabled xstate features 0x7, context size is 832 bytes, using 'compacted' format.
[    0.000000][    T0] signal: max sigframe size: 1776
[    0.000000][    T0] BIOS-provided physical RAM map:
[    0.000000][    T0] BIOS-e820: [mem 0x0000000000000000-0x000000000009fbff] usable
[    0.000000][    T0] BIOS-e820: [mem 0x000000000009fc00-0x000000000009ffff] reserved
[    0.000000][    T0] BIOS-e820: [mem 0x00000000000f0000-0x00000000000fffff] reserved
[    0.000000][    T0] BIOS-e820: [mem 0x0000000000100000-0x000000007ffdffff] usable
[    0.000000][    T0] BIOS-e820: [mem 0x000000007ffe0000-0x000000007fffffff] reserved
[    0.000000][    T0] BIOS-e820: [mem 0x00000000feffc000-0x00000000feffffff] reserved
[    0.000000][    T0] BIOS-e820: [mem 0x00000000fffc0000-0x00000000ffffffff] reserved
[    0.000000][    T0] BIOS-e820: [mem 0x000000fd00000000-0x000000ffffffffff] reserved
[    0.000000][    T0] printk: bootconsole [earlyser0] enabled
[    0.000000][    T0] NX (Execute Disable) protection: active
[    0.000000][    T0] SMBIOS 2.8 present.
[    0.000000][    T0] DMI: QEMU Standard PC (i440FX + PIIX, 1996), BIOS 1.16.2-debian-1.16.2-1 04/01/2014
[    0.000000][    T0] Hypervisor detected: KVM
[    0.000000][    T0] kvm-clock: Using msrs 4b564d01 and 4b564d00
[    0.000000][    T0] kvm-clock: cpu 0, msr ee64001, primary cpu clock
[    0.000003][    T0] kvm-clock: using sched offset of 890577324 cycles
[    0.000710][    T0] clocksource: kvm-clock: mask: 0xffffffffffffffff max_cycles: 0x1cd42e4dffb, max_idle_ns: 881590591483 ns
[    0.002668][    T0] tsc: Detected 3493.436 MHz processor
[    0.007599][    T0] last_pfn = 0x7ffe0 max_arch_pfn = 0x400000000
[    0.008332][    T0] x86/PAT: Configuration [0-7]: WB  WC  UC- UC  WB  WP  UC- WT  
[    0.012230][    T0] found SMP MP-table at [mem 0x000f5ba0-0x000f5baf]
[    0.012977][    T0] Using GB pages for direct mapping
[    0.014344][    T0] RAMDISK: [mem 0x7fe88000-0x7ffdffff]
[    0.014947][    T0] ACPI: Early table checksum verification disabled
[    0.015658][    T0] ACPI: RSDP 0x00000000000F59D0 000014 (v00 BOCHS )
[    0.016390][    T0] ACPI: RSDT 0x000000007FFE1B33 000034 (v01 BOCHS  BXPC     00000001 BXPC 00000001)
[    0.017464][    T0] ACPI: FACP 0x000000007FFE19DF 000074 (v01 BOCHS  BXPC     00000001 BXPC 00000001)
[    0.018514][    T0] ACPI: DSDT 0x000000007FFE0040 00199F (v01 BOCHS  BXPC     00000001 BXPC 00000001)
[    0.019553][    T0] ACPI: FACS 0x000000007FFE0000 000040
[    0.020156][    T0] ACPI: APIC 0x000000007FFE1A53 000080 (v01 BOCHS  BXPC     00000001 BXPC 00000001)
[    0.021197][    T0] ACPI: HPET 0x000000007FFE1AD3 000038 (v01 BOCHS  BXPC     00000001 BXPC 00000001)
[    0.022241][    T0] ACPI: WAET 0x000000007FFE1B0B 000028 (v01 BOCHS  BXPC     00000001 BXPC 00000001)
[    0.023273][    T0] ACPI: Reserving FACP table memory at [mem 0x7ffe19df-0x7ffe1a52]
[    0.024130][    T0] ACPI: Reserving DSDT table memory at [mem 0x7ffe0040-0x7ffe19de]
[    0.024994][    T0] ACPI: Reserving FACS table memory at [mem 0x7ffe0000-0x7ffe003f]
[    0.025857][    T0] ACPI: Reserving APIC table memory at [mem 0x7ffe1a53-0x7ffe1ad2]
[    0.026716][    T0] ACPI: Reserving HPET table memory at [mem 0x7ffe1ad3-0x7ffe1b0a]
[    0.027578][    T0] ACPI: Reserving WAET table memory at [mem 0x7ffe1b0b-0x7ffe1b32]
[    0.029191][    T0] No NUMA configuration found
[    0.029703][    T0] Faking a node at [mem 0x0000000000000000-0x000000007ffdffff]
[    0.030530][    T0] NODE_DATA(0) allocated [mem 0x7fe83000-0x7fe87fff]
[    0.034760][    T0] Zone ranges:
[    0.035155][    T0]   DMA      [mem 0x0000000000001000-0x0000000000ffffff]
[    0.035932][    T0]   DMA32    [mem 0x0000000001000000-0x000000007ffdffff]
[    0.036702][    T0]   Normal   empty
[    0.037103][    T0]   Device   empty
[    0.037548][    T0] Movable zone start for each node
[    0.038099][    T0] Early memory node ranges
[    0.038572][    T0]   node   0: [mem 0x0000000000001000-0x000000000009efff]
[    0.039344][    T0]   node   0: [mem 0x0000000000100000-0x000000007ffdffff]
[    0.040117][    T0] Initmem setup node 0 [mem 0x0000000000001000-0x000000007ffdffff]
[    0.040985][    T0] On node 0, zone DMA: 1 pages in unavailable ranges
[    0.041081][    T0] On node 0, zone DMA: 97 pages in unavailable ranges
[    0.053349][    T0] On node 0, zone DMA32: 32 pages in unavailable ranges
[    0.087837][    T0] kasan: KernelAddressSanitizer initialized
[    0.089539][    T0] ACPI: PM-Timer IO Port: 0x608
[    0.090079][    T0] ACPI: LAPIC_NMI (acpi_id[0xff] dfl dfl lint[0x1])
[    0.090839][    T0] IOAPIC[0]: apic_id 0, version 17, address 0xfec00000, GSI 0-23
[    0.091698][    T0] ACPI: INT_SRC_OVR (bus 0 bus_irq 0 global_irq 2 dfl dfl)
[    0.092493][    T0] ACPI: INT_SRC_OVR (bus 0 bus_irq 5 global_irq 5 high level)
[    0.093312][    T0] ACPI: INT_SRC_OVR (bus 0 bus_irq 9 global_irq 9 high level)
[    0.094140][    T0] ACPI: INT_SRC_OVR (bus 0 bus_irq 10 global_irq 10 high level)
[    0.094978][    T0] ACPI: INT_SRC_OVR (bus 0 bus_irq 11 global_irq 11 high level)
[    0.095819][    T0] ACPI: Using ACPI (MADT) for SMP configuration information
[    0.096611][    T0] ACPI: HPET id: 0x8086a201 base: 0xfed00000
[    0.097265][    T0] TSC deadline timer available
[    0.097786][    T0] smpboot: Allowing 2 CPUs, 0 hotplug CPUs
[    0.098452][    T0] kvm-guest: KVM setup pv remote TLB flush
[    0.099083][    T0] kvm-guest: setup PV sched yield
[    0.099655][    T0] PM: hibernation: Registered nosave memory: [mem 0x00000000-0x00000fff]
[    0.100577][    T0] PM: hibernation: Registered nosave memory: [mem 0x0009f000-0x0009ffff]
[    0.101517][    T0] PM: hibernation: Registered nosave memory: [mem 0x000a0000-0x000effff]
[    0.102435][    T0] PM: hibernation: Registered nosave memory: [mem 0x000f0000-0x000fffff]
[    0.103357][    T0] [mem 0x80000000-0xfeffbfff] available for PCI devices
[    0.104114][    T0] Booting paravirtualized kernel on KVM
[    0.104720][    T0] clocksource: refined-jiffies: mask: 0xffffffff max_cycles: 0xffffffff, max_idle_ns: 19112604462750000 ns
[    0.144469][    T0] setup_percpu: NR_CPUS:8 nr_cpumask_bits:8 nr_cpu_ids:2 nr_node_ids:1
[    0.145978][    T0] percpu: Embedded 61 pages/cpu s209736 r8192 d31928 u1048576
[    0.147139][    T0] kvm-guest: setup async PF for cpu 0
[    0.147875][    T0] kvm-guest: stealtime: cpu 0, msr 6bc1f480
[    0.148690][    T0] kvm-guest: PV spinlocks enabled
[    0.149440][    T0] PV qspinlock hash table entries: 256 (order: 0, 4096 bytes, linear)
[    0.150581][    T0] Built 1 zonelists, mobility grouping on.  Total pages: 515808
[    0.151623][    T0] Policy zone: DMA32
[    0.152149][    T0] Kernel command line: console=ttyS0 oops=panic panic=86400 nokaslr earlyprintk=serial rdinit=/init
[    0.154046][    T0] Dentry cache hash table entries: 262144 (order: 9, 2097152 bytes, linear)
[    0.155255][    T0] Inode-cache hash table entries: 131072 (order: 8, 1048576 bytes, linear)
[    0.156538][    T0] mem auto-init: stack:off, heap alloc:on, heap free:off
[    0.254473][    T0] Memory: 1501836K/2096632K available (137249K kernel code, 33834K rwdata, 29244K rodata, 3928K init, 24344K bss, 594540K reserved, 0K cma-reserved)
[    0.258352][    T0] Running RCU self tests
[    0.258853][    T0] rcu: Preemptible hierarchical RCU implementation.
[    0.259602][    T0] rcu: 	RCU lockdep checking is enabled.
[    0.260235][    T0] rcu: 	RCU restricting CPUs from NR_CPUS=8 to nr_cpu_ids=2.
[    0.261081][    T0] rcu: 	RCU callback double-/use-after-free debug enabled.
[    0.261938][    T0] rcu: 	RCU debug extended QS entry/exit.
[    0.262582][    T0] 	Trampoline variant of Tasks RCU enabled.
[    0.263262][    T0] 	Tracing variant of Tasks RCU enabled.
[    0.263902][    T0] rcu: RCU calculated value of scheduler-enlistment delay is 10 jiffies.
[    0.264868][    T0] rcu: Adjusting geometry for rcu_fanout_leaf=16, nr_cpu_ids=2
[    0.290492][    T0] NR_IRQS: 4352, nr_irqs: 440, preallocated irqs: 16
[    0.291794][    T0] kfence: initialized - using 2097152 bytes for 255 objects at 0x(____ptrval____)-0x(____ptrval____)
[    0.293219][    T0] random: crng done (trusting CPU's manufacturer)
[    0.303798][    T0] Console: colour VGA+ 80x25
[    0.304361][    T0] printk: console [ttyS0] enabled
[    0.304361][    T0] printk: console [ttyS0] enabled
[    0.305504][    T0] printk: bootconsole [earlyser0] disabled
[    0.305504][    T0] printk: bootconsole [earlyser0] disabled
[    0.306805][    T0] Lock dependency validator: Copyright (c) 2006 Red Hat, Inc., Ingo Molnar
[    0.307783][    T0] ... MAX_LOCKDEP_SUBCLASSES:  8
[    0.308344][    T0] ... MAX_LOCK_DEPTH:          48
[    0.308913][    T0] ... MAX_LOCKDEP_KEYS:        8192
[    0.309514][    T0] ... CLASSHASH_SIZE:          4096
[    0.310105][    T0] ... MAX_LOCKDEP_ENTRIES:     65536
[    0.310706][    T0] ... MAX_LOCKDEP_CHAINS:      131072
[    0.311326][    T0] ... CHAINHASH_SIZE:          65536
[    0.311927][    T0]  memory used by lock dependency info: 11129 kB
[    0.312649][    T0]  memory used for stack traces: 8320 kB
[    0.313294][    T0]  per task-struct memory footprint: 1920 bytes
[    0.314107][    T0] ACPI: Core revision 20210730
[    0.315029][    T0] clocksource: hpet: mask: 0xffffffff max_cycles: 0xffffffff, max_idle_ns: 19112604467 ns
[    0.316324][    T0] APIC: Switch to symmetric I/O mode setup
[    0.316987][    T0] kvm-guest: setup PV IPIs
[    0.318703][    T0] ..TIMER: vector=0x30 apic1=0 pin1=2 apic2=-1 pin2=-1
[    0.319498][    T0] tsc: Marking TSC unstable due to TSCs unsynchronized
[    0.320272][    T0] Calibrating delay loop (skipped) preset value.. 6986.87 BogoMIPS (lpj=34934360)
[    0.321300][    T0] pid_max: default: 32768 minimum: 301
[    0.322151][    T0] LSM: Security Framework initializing
[    0.322831][    T0] landlock: Up and running.
[    0.323334][    T0] Yama: becoming mindful.
[    0.323875][    T0] TOMOYO Linux initialized
[    0.324384][    T0] SELinux:  Initializing.
[    0.325122][    T0] Mount-cache hash table entries: 4096 (order: 3, 32768 bytes, linear)
[    0.326055][    T0] Mountpoint-cache hash table entries: 4096 (order: 3, 32768 bytes, linear)
[    0.332129][    T0] x86/cpu: User Mode Instruction Prevention (UMIP) activated
[    0.333085][    T0] Last level iTLB entries: 4KB 512, 2MB 255, 4MB 127
[    0.333832][    T0] Last level dTLB entries: 4KB 512, 2MB 255, 4MB 127, 1GB 0
[    0.334652][    T0] Spectre V1 : Mitigation: usercopy/swapgs barriers and __user pointer sanitization
[    0.335699][    T0] Spectre V2 : Spectre mitigation: kernel not compiled with retpoline; no mitigation available!
[    0.335708][    T0] Speculative Store Bypass: Mitigation: Speculative Store Bypass disabled via prctl and seccomp
[    0.339430][    T0] Freeing SMP alternatives memory: 108K
[    0.340662][    T1] smpboot: CPU0: AMD Ryzen Threadripper PRO 3975WX 32-Cores (family: 0x17, model: 0x31, stepping: 0x0)
[    0.343461][    T1] Running RCU-tasks wait API self tests
[    0.460424][    T1] Performance Events: Fam17h+ core perfctr, AMD PMU driver.
[    0.462047][    T1] ... version:                0
[    0.463073][    T1] ... bit width:              48
[    0.464109][    T1] ... generic registers:      6
[    0.465150][    T1] ... value mask:             0000ffffffffffff
[    0.466451][    T1] ... max period:             00007fffffffffff
[    0.467745][    T1] ... fixed-purpose events:   0
[    0.468776][    T1] ... event mask:             000000000000003f
[    0.470922][    T1] rcu: Hierarchical SRCU implementation.
[    0.477421][    T1] smp: Bringing up secondary CPUs ...
[    0.481997][    T1] x86: Booting SMP configuration:
[    0.483113][    T1] .... node  #0, CPUs:      #1
[    0.028634][    T0] kvm-clock: cpu 1, msr ee64041, secondary cpu clock
[    0.487006][   T17] kvm-guest: setup async PF for cpu 1
[    0.487006][   T17] kvm-guest: stealtime: cpu 1, msr 6bd1f480
[    0.490610][    T1] smp: Brought up 1 node, 2 CPUs
[    0.491676][    T1] smpboot: Max logical packages: 1
[    0.492765][    T1] smpboot: Total of 2 processors activated (13973.74 BogoMIPS)
[    0.495841][    T1] devtmpfs: initialized
[    0.495841][    T1] x86/mm: Memory block size: 128MB
[    0.510298][   T12] Callback from call_rcu_tasks_trace() invoked.
[    0.530351][    T1] clocksource: jiffies: mask: 0xffffffff max_cycles: 0xffffffff, max_idle_ns: 19112604462750000 ns
[    0.532860][    T1] futex hash table entries: 512 (order: 4, 65536 bytes, linear)
[    0.538840][    T1] PM: RTC time: 05:37:57, date: 2026-05-26
[    0.541791][    T1] NET: Registered PF_NETLINK/PF_ROUTE protocol family
[    0.546146][    T1] audit: initializing netlink subsys (disabled)
[    0.547677][   T26] audit: type=2000 audit(1779773878.148:1): state=initialized audit_enabled=0 res=1
[    0.547677][    T1] thermal_sys: Registered thermal governor 'step_wise'
[    0.547677][    T1] thermal_sys: Registered thermal governor 'user_space'
[    0.547677][    T1] cpuidle: using governor menu
[    0.548946][    T1] NET: Registered PF_QIPCRTR protocol family
[    0.551493][    T1] ACPI: bus type PCI registered
[    0.553863][    T1] PCI: Using configuration type 1 for base access
[    0.555582][    T1] PCI: Using configuration type 1 for extended access
[    0.680605][    T1] HugeTLB registered 1.00 GiB page size, pre-allocated 0 pages
[    0.681261][    T1] HugeTLB registered 2.00 MiB page size, pre-allocated 0 pages
[    0.690713][   T33] cryptomgr_test (33) used greatest stack depth: 29864 bytes left
[    0.691418][   T64] cryptomgr_test (64) used greatest stack depth: 29424 bytes left
[    0.700606][    T1] cryptd: max_cpu_qlen set to 1000
[    0.700922][   T96] cryptomgr_test (96) used greatest stack depth: 28704 bytes left
[    0.710812][    T1] raid6: skip pq benchmark and using algorithm avx2x4
[    0.711695][    T1] raid6: using avx2x2 recovery algorithm
[    0.712929][    T1] ACPI: Added _OSI(Module Device)
[    0.713502][    T1] ACPI: Added _OSI(Processor Device)
[    0.714106][    T1] ACPI: Added _OSI(3.0 _SCP Extensions)
[    0.720286][    T1] ACPI: Added _OSI(Processor Aggregator Device)
[    0.720993][    T1] ACPI: Added _OSI(Linux-Dell-Video)
[    0.721587][    T1] ACPI: Added _OSI(Linux-Lenovo-NV-HDMI-Audio)
[    0.722283][    T1] ACPI: Added _OSI(Linux-HPI-Hybrid-Graphics)
[    0.744118][    T1] ACPI: 1 ACPI AML tables successfully acquired and loaded
[    0.774134][    T1] ACPI: Interpreter enabled
[    0.774805][    T1] ACPI: PM: (supports S0 S3 S4 S5)
[    0.775412][    T1] ACPI: Using IOAPIC for interrupt routing
[    0.776172][    T1] PCI: Using host bridge windows from ACPI; if necessary, use "pci=nocrs" and report a bug
[    0.776172][    T1] ACPI: Enabled 2 GPEs in block 00 to 0F
[    0.800552][   T11] Callback from call_rcu_tasks() invoked.
[    0.815634][    T1] ACPI: PCI Root Bridge [PCI0] (domain 0000 [bus 00-ff])
[    0.816526][    T1] acpi PNP0A03:00: _OSC: OS supports [ExtendedConfig ASPM ClockPM Segments MSI HPX-Type3]
[    0.818510][    T1] PCI host bridge to bus 0000:00
[    0.819136][    T1] pci_bus 0000:00: root bus resource [io  0x0000-0x0cf7 window]
[    0.820104][    T1] pci_bus 0000:00: root bus resource [io  0x0d00-0xffff window]
[    0.820277][    T1] pci_bus 0000:00: root bus resource [mem 0x000a0000-0x000bffff window]
[    0.821300][    T1] pci_bus 0000:00: root bus resource [mem 0x80000000-0xfebfffff window]
[    0.822338][    T1] pci_bus 0000:00: root bus resource [mem 0x100000000-0x17fffffff window]
[    0.823432][    T1] pci_bus 0000:00: root bus resource [bus 00-ff]
[    0.826301][    T1] pci 0000:00:00.0: [8086:1237] type 00 class 0x060000
[    0.841156][    T1] pci 0000:00:01.0: [8086:7000] type 00 class 0x060100
[    0.854847][    T1] pci 0000:00:01.1: [8086:7010] type 00 class 0x010180
[    0.857548][    T1] pci 0000:00:01.1: reg 0x20: [io  0xc000-0xc00f]
[    0.859061][    T1] pci 0000:00:01.1: legacy IDE quirk: reg 0x10: [io  0x01f0-0x01f7]
[    0.860055][    T1] pci 0000:00:01.1: legacy IDE quirk: reg 0x14: [io  0x03f6]
[    0.860270][    T1] pci 0000:00:01.1: legacy IDE quirk: reg 0x18: [io  0x0170-0x0177]
[    0.861221][    T1] pci 0000:00:01.1: legacy IDE quirk: reg 0x1c: [io  0x0376]
[    0.864401][    T1] pci 0000:00:01.3: [8086:7113] type 00 class 0x068000
[    0.865986][    T1] pci 0000:00:01.3: quirk: [io  0x0600-0x063f] claimed by PIIX4 ACPI
[    0.866981][    T1] pci 0000:00:01.3: quirk: [io  0x0700-0x070f] claimed by PIIX4 SMB
[    0.871258][    T1] pci 0000:00:02.0: [1234:1111] type 00 class 0x030000
[    0.873296][    T1] pci 0000:00:02.0: reg 0x10: [mem 0xfd000000-0xfdffffff pref]
[    0.875677][    T1] pci 0000:00:02.0: reg 0x18: [mem 0xfebf0000-0xfebf0fff]
[    0.879318][    T1] pci 0000:00:02.0: reg 0x30: [mem 0xfebe0000-0xfebeffff pref]
[    0.895320][    T1] ACPI: PCI: Interrupt link LNKA configured for IRQ 10
[    0.897410][    T1] ACPI: PCI: Interrupt link LNKB configured for IRQ 10
[    0.899460][    T1] ACPI: PCI: Interrupt link LNKC configured for IRQ 11
[    0.901451][    T1] ACPI: PCI: Interrupt link LNKD configured for IRQ 11
[    0.902986][    T1] ACPI: PCI: Interrupt link LNKS configured for IRQ 9
[    0.911240][    T1] iommu: Default domain type: Translated 
[    0.911578][    T1] iommu: DMA domain TLB invalidation policy: lazy mode 
[    0.913579][    T1] pci 0000:00:02.0: vgaarb: setting as boot VGA device
[    0.913579][    T1] pci 0000:00:02.0: vgaarb: VGA device added: decodes=io+mem,owns=io+mem,locks=none
[    0.920279][    T1] pci 0000:00:02.0: vgaarb: bridge control possible
[    0.921679][    T1] vgaarb: loaded
[    0.925540][    T1] SCSI subsystem initialized
[    0.926656][    T1] ACPI: bus type USB registered
[    0.926656][    T1] usbcore: registered new interface driver usbfs
[    0.926656][    T1] usbcore: registered new interface driver hub
[    0.926656][    T1] usbcore: registered new device driver usb
[    0.926656][    T1] mc: Linux media interface: v0.10
[    0.926656][    T1] videodev: Linux video capture interface: v2.00
[    0.926656][    T1] pps_core: LinuxPPS API ver. 1 registered
[    0.927001][    T1] pps_core: Software ver. 5.3.6 - Copyright 2005-2007 Rodolfo Giometti <giometti@linux.it>
[    0.928246][    T1] PTP clock support registered
[    0.930489][    T1] EDAC MC: Ver: 3.0.0
[    0.931965][    T1] Advanced Linux Sound Architecture Driver Initialized.
[    0.933715][    T1] Bluetooth: Core ver 2.22
[    0.934341][    T1] NET: Registered PF_BLUETOOTH protocol family
[    0.935080][    T1] Bluetooth: HCI device and connection manager initialized
[    0.935908][    T1] Bluetooth: HCI socket layer initialized
[    0.936594][    T1] Bluetooth: L2CAP socket layer initialized
[    0.937292][    T1] Bluetooth: SCO socket layer initialized
[    0.937992][    T1] NET: Registered PF_ATMPVC protocol family
[    0.940269][    T1] NET: Registered PF_ATMSVC protocol family
[    0.941095][    T1] NetLabel: Initializing
[    0.941600][    T1] NetLabel:  domain hash size = 128
[    0.942245][    T1] NetLabel:  protocols = UNLABELED CIPSOv4 CALIPSO
[    0.943176][    T1] NetLabel:  unlabeled traffic allowed by default
[    0.944058][    T1] nfc: nfc_init: NFC Core ver 0.1
[    0.944058][    T1] NET: Registered PF_NFC protocol family
[    0.944058][    T1] PCI: Using ACPI for IRQ routing
[    0.944058][    T1] hpet0: at MMIO 0xfed00000, IRQs 2, 8, 0
[    0.944058][    T1] hpet0: 3 comparators, 64-bit 100.000000 MHz counter
[    0.952616][    T1] clocksource: Switched to clocksource kvm-clock
[    1.351947][    T1] VFS: Disk quotas dquot_6.6.0
[    1.352605][    T1] VFS: Dquot-cache hash table entries: 512 (order 0, 4096 bytes)
[    1.353816][    T1] FS-Cache: Loaded
[    1.354933][    T1] CacheFiles: Loaded
[    1.355661][    T1] TOMOYO: 2.6.0
[    1.356129][    T1] Mandatory Access Control activated.
[    1.357042][    T1] pnp: PnP ACPI init
[    1.361832][    T1] pnp: PnP ACPI: found 6 devices
[    1.396023][    T1] clocksource: acpi_pm: mask: 0xffffff max_cycles: 0xffffff, max_idle_ns: 2085701024 ns
[    1.397660][    T1] NET: Registered PF_INET protocol family
[    1.398435][    T1] IP idents hash table entries: 32768 (order: 6, 262144 bytes, linear)
[    1.400886][    T1] tcp_listen_portaddr_hash hash table entries: 1024 (order: 4, 81920 bytes, linear)
[    1.402147][    T1] TCP established hash table entries: 16384 (order: 5, 131072 bytes, linear)
[    1.403801][    T1] TCP bind hash table entries: 16384 (order: 8, 1179648 bytes, linear)
[    1.405249][    T1] TCP: Hash tables configured (established 16384 bind 16384)
[    1.406606][    T1] MPTCP token hash table entries: 2048 (order: 5, 180224 bytes, linear)
[    1.407829][    T1] UDP hash table entries: 1024 (order: 5, 163840 bytes, linear)
[    1.408932][    T1] UDP-Lite hash table entries: 1024 (order: 5, 163840 bytes, linear)
[    1.410444][    T1] NET: Registered PF_UNIX/PF_LOCAL protocol family
[    1.411939][    T1] RPC: Registered named UNIX socket transport module.
[    1.412755][    T1] RPC: Registered udp transport module.
[    1.413462][    T1] RPC: Registered tcp transport module.
[    1.414166][    T1] RPC: Registered tcp NFSv4.1 backchannel transport module.
[    1.416001][    T1] NET: Registered PF_XDP protocol family
[    1.416711][    T1] pci_bus 0000:00: resource 4 [io  0x0000-0x0cf7 window]
[    1.417673][    T1] pci_bus 0000:00: resource 5 [io  0x0d00-0xffff window]
[    1.418641][    T1] pci_bus 0000:00: resource 6 [mem 0x000a0000-0x000bffff window]
[    1.419700][    T1] pci_bus 0000:00: resource 7 [mem 0x80000000-0xfebfffff window]
[    1.420770][    T1] pci_bus 0000:00: resource 8 [mem 0x100000000-0x17fffffff window]
[    1.422282][    T1] pci 0000:00:01.0: PIIX3: Enabling Passive Release
[    1.423154][    T1] pci 0000:00:00.0: Limiting direct PCI/PCI transfers
[    1.424022][    T1] pci 0000:00:01.0: Activating ISA DMA hang workarounds
[    1.425045][    T1] pci 0000:00:02.0: Video device with shadowed ROM at [mem 0x000c0000-0x000dffff]
[    1.426091][    T1] PCI: CLS 0 bytes, default 64
[    1.426780][    T1] ACPI: bus type thunderbolt registered
[    1.428325][    T1] kvm: no hardware support
[    1.429184][    T1] kvm: Nested Virtualization enabled
[    1.429907][    T1] SVM: kvm: Nested Paging enabled
[    1.432977][   T10] Trying to unpack rootfs image as initramfs...
[    1.564311][   T10] Freeing initrd memory: 1376K
[    1.565734][  T164] kworker/u4:2 (164) used greatest stack depth: 28208 bytes left
[    1.566823][  T159] kworker/u4:2 (159) used greatest stack depth: 28000 bytes left
[    3.392768][  T258] kworker/u4:4 (258) used greatest stack depth: 27696 bytes left
[    3.393712][    T1] Initialise system trusted keyrings
[    3.396065][    T1] workingset: timestamp_bits=40 max_order=19 bucket_order=0
[    3.398144][    T1] zbud: loaded
[    3.402358][    T1] DLM installed
[    3.404764][    T1] squashfs: version 4.0 (2009/01/31) Phillip Lougher
[    3.408039][    T1] FS-Cache: Netfs 'nfs' registered for caching
[    3.409221][    T1] NFS: Registering the id_resolver key type
[    3.409930][    T1] Key type id_resolver registered
[    3.410658][    T1] Key type id_legacy registered
[    3.411268][    T1] nfs4filelayout_init: NFSv4 File Layout Driver Registering...
[    3.412219][    T1] nfs4flexfilelayout_init: NFSv4 Flexfile Layout Driver Registering...
[    3.413205][    T1] Installing knfsd (copyright (C) 1996 okir@monad.swb.de).
[    3.416501][    T1] FS-Cache: Netfs 'cifs' registered for caching
[    3.418472][    T1] Key type cifs.spnego registered
[    3.419784][    T1] Key type cifs.idmap registered
[    3.421308][    T1] ntfs: driver 2.1.32 [Flags: R/W].
[    3.422810][    T1] efs: 1.0a - http://aeschi.ch.eu.org/efs/
[    3.424241][    T1] jffs2: version 2.2. (NAND) (SUMMARY)  © 2001-2006 Red Hat, Inc.
[    3.427201][    T1] romfs: ROMFS MTD (C) 2007 Red Hat, Inc.
[    3.428604][    T1] QNX4 filesystem 0.2.3 registered.
[    3.429815][    T1] qnx6: QNX6 filesystem 1.0.0 registered.
[    3.431729][    T1] fuse: init (API version 7.34)
[    3.434241][    T1] orangefs_debugfs_init: called with debug mask: :none: :0:
[    3.436513][    T1] orangefs_init: module version upstream loaded
[    3.438213][    T1] JFS: nTxBlock = 8192, nTxLock = 65536
[    3.449833][    T1] SGI XFS with ACLs, security attributes, realtime, quota, fatal assert, debug enabled
[    3.453545][    T1] 9p: Installing v9fs 9p2000 file system support
[    3.455068][    T1] FS-Cache: Netfs '9p' registered for caching
[    3.456686][    T1] NILFS version 2 loaded
[    3.457658][    T1] befs: version: 0.9.3
[    3.458991][    T1] ocfs2: Registered cluster interface o2cb
[    3.460831][    T1] ocfs2: Registered cluster interface user
[    3.462410][    T1] OCFS2 User DLM kernel interface loaded
[    3.467957][    T1] gfs2: GFS2 installed
[    3.473315][    T1] FS-Cache: Netfs 'ceph' registered for caching
[    3.474756][    T1] ceph: loaded (mds proto 32)
[    3.485034][    T1] NET: Registered PF_ALG protocol family
[    3.486658][    T1] xor: automatically using best checksumming function   avx       
[    3.487662][    T1] async_tx: api initialized (async)
[    3.488295][    T1] Key type asymmetric registered
[    3.488866][    T1] Asymmetric key parser 'x509' registered
[    3.489542][    T1] Asymmetric key parser 'pkcs8' registered
[    3.490536][    T1] Key type pkcs7_test registered
[    3.491133][    T1] Asymmetric key parser 'tpm_parser' registered
[    3.491983][    T1] Block layer SCSI generic (bsg) driver version 0.4 loaded (major 241)
[    3.493454][    T1] io scheduler mq-deadline registered
[    3.494703][    T1] io scheduler kyber registered
[    3.495922][    T1] io scheduler bfq registered
[    3.513594][    T1] usbcore: registered new interface driver udlfb
[    3.515178][    T1] usbcore: registered new interface driver smscufx
[    3.517219][    T1] uvesafb: failed to execute /sbin/v86d
[    3.517922][    T1] uvesafb: make sure that the v86d helper is installed and executable
[    3.518877][    T1] uvesafb: Getting VBE info block failed (eax=0x4f00, err=-2)
[    3.519773][    T1] uvesafb: vbe_init() failed with -22
[    3.520507][    T1] uvesafb: probe of uvesafb.0 failed with error -22
[    3.521853][    T1] vga16fb: mapped to 0x000000004fa134d9
[    4.116291][    T1] Console: switching to colour frame buffer device 80x30
[    4.448739][    T1] fb0: VGA16 VGA frame buffer device
[    4.450188][    T1] input: Power Button as /devices/LNXSYSTM:00/LNXPWRBN:00/input/input0
[    4.453870][    T1] ACPI: button: Power Button [PWRF]
[    4.529974][  T561] kworker/u4:1 (561) used greatest stack depth: 27664 bytes left
[    4.542550][  T584] kworker/u4:1 (584) used greatest stack depth: 27552 bytes left
[    4.618079][    T1] N_HDLC line discipline registered with maxframe=4096
[    4.618972][    T1] Serial: 8250/16550 driver, 4 ports, IRQ sharing enabled
[    4.620237][    T1] 00:04: ttyS0 at I/O 0x3f8 (irq = 4, base_baud = 115200) is a 16550A
[    4.634368][    T1] Non-volatile memory driver v1.3
[    4.635256][    T1] Linux agpgart interface v0.103
[    4.638930][    T1] [drm] Initialized vgem 1.0.0 20120112 for vgem on minor 0
[    4.642286][    T1] [drm] Initialized vkms 1.0.0 20180514 for vkms on minor 1
[    4.652707][    T1] platform vkms: [drm] fb1: vkms frame buffer device
[    4.653677][    T1] usbcore: registered new interface driver udl
[    4.654568][    T1] fb0: switching to bochs-drm from VGA16 VGA
[    4.852448][    T1] Console: switching to colour VGA+ 80x25
[    4.854435][    T1] bochs-drm 0000:00:02.0: vgaarb: deactivate vga console
[    4.857413][    T1] Console: switching to colour dummy device 80x25
[    4.860212][    T1] [drm] Found bochs VGA, ID 0xb0c5.
[    4.860863][    T1] [drm] Framebuffer size 16384 kB @ 0xfd000000, mmio @ 0xfebf0000.
[    4.863320][    T1] [drm] Found EDID data blob.
[    4.865043][    T1] [drm] Initialized bochs-drm 1.0.0 20130925 for 0000:00:02.0 on minor 2
[    4.870338][    T1] fbcon: bochs-drm (fb0) is primary device
[    4.927129][    T1] Console: switching to colour frame buffer device 160x50
[    4.965585][    T1] bochs-drm 0000:00:02.0: [drm] fb0: bochs-drm frame buffer device
[    4.976138][   T10] Floppy drive(s): fd0 is 2.88M AMI BIOS
[    5.004921][    T1] brd: module loaded
[    5.010806][   T10] FDC 0 is a S82078B
[    5.051500][    T1] loop: module loaded
[    5.108534][    T1] the cryptoloop driver has been deprecated and will be removed in in Linux 5.16
[    5.111587][    T1] zram: Added device: zram0
[    5.115868][    T1] null_blk: module loaded
[    5.116532][    T1] Guest personality initialized and is inactive
[    5.117594][    T1] VMCI host device registered (name=vmci, major=10, minor=120)
[    5.118468][    T1] Initialized host personality
[    5.119149][    T1] usbcore: registered new interface driver rtsx_usb
[    5.120355][    T1] usbcore: registered new interface driver viperboard
[    5.121366][    T1] usbcore: registered new interface driver dln2
[    5.122280][    T1] usbcore: registered new interface driver pn533_usb
[    5.124916][    T1] nfcsim 0.2 initialized
[    5.125517][    T1] usbcore: registered new interface driver port100
[    5.126395][    T1] usbcore: registered new interface driver nfcmrvl
[    5.128781][    T1] Loading iSCSI transport class v2.0-870.
[    5.132005][    T1] st: Version 20160209, fixed bufsize 32768, s/g segs 256
[    5.144944][    T1] scsi host0: ata_piix
[    5.146669][    T1] scsi host1: ata_piix
[    5.147564][    T1] ata1: PATA max MWDMA2 cmd 0x1f0 ctl 0x3f6 bmdma 0xc000 irq 14
[    5.148430][    T1] ata2: PATA max MWDMA2 cmd 0x170 ctl 0x376 bmdma 0xc008 irq 15
[    5.152561][    T1] Rounding down aligned max_sectors from 4294967295 to 4294967288
[    5.153706][    T1] db_root: cannot open: /etc/target
[    5.154623][    T1] slram: not enough parameters.
[    5.157210][    T1] ftl_cs: FTL header not found.
[    5.174132][    T1] wireguard: WireGuard 1.0.0 loaded. See www.wireguard.com for information.
[    5.175117][    T1] wireguard: Copyright (C) 2015-2019 Jason A. Donenfeld <Jason@zx2c4.com>. All Rights Reserved.
[    5.176278][    T1] eql: Equalizer2002: Simon Janes (simon@ncm.com) and David S. Miller (davem@redhat.com)
[    5.181735][    T1] MACsec IEEE 802.1AE
[    5.183953][    T1] libphy: Fixed MDIO Bus: probed
[    5.185683][    T1] tun: Universal TUN/TAP device driver, 1.6
[    5.187035][    T1] vcan: Virtual CAN interface driver
[    5.187635][    T1] vxcan: Virtual CAN Tunnel driver
[    5.188209][    T1] slcan: serial line CAN interface driver
[    5.188844][    T1] slcan: 10 dynamic interface channels.
[    5.189467][    T1] CAN device driver interface
[    5.190086][    T1] usbcore: registered new interface driver usb_8dev
[    5.192631][    T1] usbcore: registered new interface driver ems_usb
[    5.193439][    T1] usbcore: registered new interface driver esd_usb2
[    5.194248][    T1] usbcore: registered new interface driver gs_usb
[    5.195045][    T1] usbcore: registered new interface driver kvaser_usb
[    5.195875][    T1] usbcore: registered new interface driver mcba_usb
[    5.196698][    T1] usbcore: registered new interface driver peak_usb
[    5.197606][    T1] e100: Intel(R) PRO/100 Network Driver
[    5.198229][    T1] e100: Copyright(c) 1999-2006 Intel Corporation
[    5.199027][    T1] e1000: Intel(R) PRO/1000 Network Driver
[    5.199672][    T1] e1000: Copyright (c) 1999-2006 Intel Corporation.
[    5.200934][    T1] e1000e: Intel(R) PRO/1000 Network Driver
[    5.201591][    T1] e1000e: Copyright(c) 1999 - 2015 Intel Corporation.
[    5.202748][    T1] mkiss: AX.25 Multikiss, Hans Albas PE1AYX
[    5.203412][    T1] AX.25: 6pack driver, Revision: 0.3.0
[    5.204038][    T1] AX.25: bpqether driver version 004
[    5.204627][    T1] PPP generic driver version 2.4.2
[    5.205504][    T1] PPP BSD Compression module registered
[    5.206134][    T1] PPP Deflate Compression module registered
[    5.206819][    T1] PPP MPPE Compression module registered
[    5.207450][    T1] NET: Registered PF_PPPOX protocol family
[    5.208123][    T1] PPTP driver version 0.8.5
[    5.208892][    T1] SLIP: version 0.8.4-NET3.019-NEWTTY (dynamic channels, max=256) (6 bit encapsulation enabled).
[    5.210067][    T1] CSLIP: code copyright 1989 Regents of the University of California.
[    5.211644][    T1] SLIP linefill/keepalive option.
[    5.212217][    T1] hdlc: HDLC support module revision 1.22
[    5.212870][    T1] LAPB Ethernet driver version 0.02
[    5.213829][    T1] usbcore: registered new interface driver ath9k_htc
[    5.214722][    T1] usbcore: registered new interface driver carl9170
[    5.215615][    T1] usbcore: registered new interface driver ath6kl_usb
[    5.216467][    T1] usbcore: registered new interface driver ar5523
[    5.217458][    T1] usbcore: registered new interface driver ath10k_usb
[    5.218414][    T1] usbcore: registered new interface driver rndis_wlan
[    5.219326][    T1] mac80211_hwsim: initializing netlink
[    5.229961][    T1] usbcore: registered new interface driver atusb
[    5.234796][    T1] mac802154_hwsim mac802154_hwsim: Added 2 mac802154 hwsim hardware radios
[    5.236466][    T1] VMware vmxnet3 virtual NIC driver - version 1.6.0.0-k-NAPI
[    5.237519][    T1] usbcore: registered new interface driver catc
[    5.238297][    T1] usbcore: registered new interface driver kaweth
[    5.239023][    T1] pegasus: Pegasus/Pegasus II USB Ethernet driver
[    5.239825][    T1] usbcore: registered new interface driver pegasus
[    5.241388][    T1] usbcore: registered new interface driver rtl8150
[    5.242217][    T1] usbcore: registered new interface driver r8152
[    5.242932][    T1] hso: drivers/net/usb/hso.c: Option Wireless
[    5.243741][    T1] usbcore: registered new interface driver hso
[    5.244504][    T1] usbcore: registered new interface driver lan78xx
[    5.245323][    T1] usbcore: registered new interface driver asix
[    5.246103][    T1] usbcore: registered new interface driver ax88179_178a
[    5.246956][    T1] usbcore: registered new interface driver cdc_ether
[    5.247774][    T1] usbcore: registered new interface driver cdc_eem
[    5.248581][    T1] usbcore: registered new interface driver dm9601
[    5.249375][    T1] usbcore: registered new interface driver sr9700
[    5.250187][    T1] usbcore: registered new interface driver CoreChips
[    5.251063][    T1] usbcore: registered new interface driver smsc75xx
[    5.251902][    T1] usbcore: registered new interface driver smsc95xx
[    5.252712][    T1] usbcore: registered new interface driver gl620a
[    5.253506][    T1] usbcore: registered new interface driver net1080
[    5.254306][    T1] usbcore: registered new interface driver plusb
[    5.255092][    T1] usbcore: registered new interface driver rndis_host
[    5.255921][    T1] usbcore: registered new interface driver cdc_subset
[    5.256752][    T1] usbcore: registered new interface driver zaurus
[    5.257542][    T1] usbcore: registered new interface driver MOSCHIP usb-ethernet driver
[    5.258547][    T1] usbcore: registered new interface driver int51x1
[    5.259372][    T1] usbcore: registered new interface driver cdc_phonet
[    5.260201][    T1] usbcore: registered new interface driver kalmia
[    5.261016][    T1] usbcore: registered new interface driver ipheth
[    5.261821][    T1] usbcore: registered new interface driver sierra_net
[    5.262658][    T1] usbcore: registered new interface driver cx82310_eth
[    5.263522][    T1] usbcore: registered new interface driver cdc_ncm
[    5.264322][    T1] usbcore: registered new interface driver huawei_cdc_ncm
[    5.265189][    T1] usbcore: registered new interface driver lg-vl600
[    5.265998][    T1] usbcore: registered new interface driver qmi_wwan
[    5.266813][    T1] usbcore: registered new interface driver cdc_mbim
[    5.267623][    T1] usbcore: registered new interface driver ch9200
[    5.270094][    T1] VFIO - User Level meta-driver version: 0.3
[    5.274382][    T1] aoe: AoE v85 initialised.
[    5.276278][    T1] ehci_hcd: USB 2.0 'Enhanced' Host Controller (EHCI) Driver
[    5.277130][    T1] ehci-pci: EHCI PCI platform driver
[    5.277810][    T1] ehci-platform: EHCI generic platform driver
[    5.278701][    T1] ohci_hcd: USB 1.1 'Open' Host Controller (OHCI) Driver
[    5.279510][    T1] ohci-pci: OHCI PCI platform driver
[    5.280187][    T1] ohci-platform: OHCI generic platform driver
[    5.282121][    T1] uhci_hcd: USB Universal Host Controller Interface driver
[    5.283368][    T1] driver u132_hcd
[    5.285053][    T1] fotg210_hcd: FOTG210 Host Controller (EHCI) Driver
[    5.285805][    T1] Warning! fotg210_hcd should always be loaded before uhci_hcd and ohci_hcd, not after
[    5.287153][    T1] usbcore: registered new interface driver cdc_acm
[    5.287883][    T1] cdc_acm: USB Abstract Control Model driver for USB modems and ISDN adapters
[    5.288971][    T1] usbcore: registered new interface driver usblp
[    5.289754][    T1] usbcore: registered new interface driver cdc_wdm
[    5.290611][    T1] usbcore: registered new interface driver usbtmc
[    5.291618][    T1] usbcore: registered new interface driver uas
[    5.292552][    T1] usbcore: registered new interface driver usb-storage
[    5.293398][    T1] usbcore: registered new interface driver ums-alauda
[    5.294310][    T1] usbcore: registered new interface driver ums-cypress
[    5.295233][    T1] usbcore: registered new interface driver ums-datafab
[    5.296132][    T1] usbcore: registered new interface driver ums_eneub6250
[    5.297065][    T1] usbcore: registered new interface driver ums-freecom
[    5.298001][    T1] usbcore: registered new interface driver ums-isd200
[    5.298901][    T1] usbcore: registered new interface driver ums-jumpshot
[    5.299813][    T1] usbcore: registered new interface driver ums-karma
[    5.304064][    T1] usbcore: registered new interface driver ums-onetouch
[    5.305032][    T1] usbcore: registered new interface driver ums-realtek
[    5.305946][    T1] usbcore: registered new interface driver ums-sddr09
[    5.306857][    T1] usbcore: registered new interface driver ums-sddr55
[    5.307705][    T1] usbcore: registered new interface driver ums-usbat
[    5.308624][    T1] usbcore: registered new interface driver mdc800
[    5.309368][    T1] mdc800: v0.7.5 (30/10/2000):USB Driver for Mustek MDC800 Digital Camera
[    5.311135][    T1] usbcore: registered new interface driver microtekX6
[    5.312077][    T1] usbcore: registered new interface driver usbserial_generic
[    5.313257][    T1] usbserial: USB Serial support registered for generic
[    5.314147][    T1] usbcore: registered new interface driver aircable
[    5.315068][    T1] usbserial: USB Serial support registered for aircable
[    5.315964][    T1] usbcore: registered new interface driver ark3116
[    5.316795][    T1] usbserial: USB Serial support registered for ark3116
[    5.317641][    T1] usbcore: registered new interface driver belkin_sa
[    5.318539][    T1] usbserial: USB Serial support registered for Belkin / Peracom / GoHubs USB Serial Adapter
[    5.319774][    T1] usbcore: registered new interface driver ch341
[    5.320634][    T1] usbserial: USB Serial support registered for ch341-uart
[    5.321503][    T1] usbcore: registered new interface driver cp210x
[    5.322268][    T1] usbserial: USB Serial support registered for cp210x
[    5.323103][    T1] usbcore: registered new interface driver cyberjack
[    5.323898][    T1] usbserial: USB Serial support registered for Reiner SCT Cyberjack USB card reader
[    5.325007][    T1] usbcore: registered new interface driver cypress_m8
[    5.325811][    T1] usbserial: USB Serial support registered for DeLorme Earthmate USB
[    5.326764][    T1] usbserial: USB Serial support registered for HID->COM RS232 Adapter
[    5.327722][    T1] usbserial: USB Serial support registered for Nokia CA-42 V2 Adapter
[    5.328702][    T1] usbcore: registered new interface driver usb_debug
[    5.329495][    T1] usbserial: USB Serial support registered for debug
[    5.330313][    T1] usbserial: USB Serial support registered for xhci_dbc
[    5.331261][    T1] usbcore: registered new interface driver digi_acceleport
[    5.332148][    T1] usbserial: USB Serial support registered for Digi 2 port USB adapter
[    5.332699][ T1130] ata2.00: ATAPI: QEMU DVD-ROM, 2.5+, max UDMA/100
[    5.333182][    T1] usbserial: USB Serial support registered for Digi 4 port USB adapter
[    5.335035][    T1] usbcore: registered new interface driver io_edgeport
[    5.335883][    T1] usbserial: USB Serial support registered for Edgeport 2 port adapter
[    5.336861][    T1] usbserial: USB Serial support registered for Edgeport 4 port adapter
[    5.337836][    T1] usbserial: USB Serial support registered for Edgeport 8 port adapter
[    5.338816][    T1] usbserial: USB Serial support registered for EPiC device
[    5.339694][    T1] usbcore: registered new interface driver io_ti
[    5.340482][    T1] usbserial: USB Serial support registered for Edgeport TI 1 port adapter
[    5.341485][    T1] usbserial: USB Serial support registered for Edgeport TI 2 port adapter
[    5.342511][    T1] usbcore: registered new interface driver empeg
[    5.343280][    T1] usbserial: USB Serial support registered for empeg
[    5.344109][    T1] usbcore: registered new interface driver f81534a_ctrl
[    5.344960][    T1] usbcore: registered new interface driver f81232
[    5.345746][    T1] usbserial: USB Serial support registered for f81232
[    5.346642][    T1] usbserial: USB Serial support registered for f81534a
[    5.346812][   T10] scsi 1:0:0:0: CD-ROM            QEMU     QEMU DVD-ROM     2.5+ PQ: 0 ANSI: 5
[    5.347478][    T1] usbcore: registered new interface driver f81534
[    5.349312][    T1] usbserial: USB Serial support registered for Fintek F81532/F81534
[    5.350509][    T1] usbcore: registered new interface driver ftdi_sio
[    5.351348][    T1] usbserial: USB Serial support registered for FTDI USB Serial Device
[    5.352375][    T1] usbcore: registered new interface driver garmin_gps
[    5.353198][    T1] usbserial: USB Serial support registered for Garmin GPS usb/tty
[    5.354143][    T1] usbcore: registered new interface driver ipaq
[    5.354905][    T1] usbserial: USB Serial support registered for PocketPC PDA
[    5.355797][    T1] usbcore: registered new interface driver ipw
[    5.356622][    T1] usbserial: USB Serial support registered for IPWireless converter
[    5.357587][    T1] usbcore: registered new interface driver ir_usb
[    5.358361][    T1] usbserial: USB Serial support registered for IR Dongle
[    5.359223][    T1] usbcore: registered new interface driver iuu_phoenix
[    5.360049][    T1] usbserial: USB Serial support registered for iuu_phoenix
[    5.360967][    T1] usbcore: registered new interface driver keyspan
[    5.361754][    T1] usbserial: USB Serial support registered for Keyspan - (without firmware)
[    5.362778][    T1] usbserial: USB Serial support registered for Keyspan 1 port adapter
[    5.363742][    T1] usbserial: USB Serial support registered for Keyspan 2 port adapter
[    5.364718][    T1] usbserial: USB Serial support registered for Keyspan 4 port adapter
[    5.365710][    T1] usbcore: registered new interface driver keyspan_pda
[    5.366537][    T1] usbserial: USB Serial support registered for Keyspan PDA
[    5.367416][    T1] usbserial: USB Serial support registered for Keyspan PDA - (prerenumeration)
[    5.368496][    T1] usbcore: registered new interface driver kl5kusb105
[    5.369312][    T1] usbserial: USB Serial support registered for KL5KUSB105D / PalmConnect
[    5.370636][    T1] usbcore: registered new interface driver kobil_sct
[    5.371448][    T1] usbserial: USB Serial support registered for KOBIL USB smart card terminal
[    5.372521][    T1] usbcore: registered new interface driver mct_u232
[    5.373322][    T1] usbserial: USB Serial support registered for MCT U232
[    5.374179][    T1] usbcore: registered new interface driver metro_usb
[    5.374997][    T1] usbserial: USB Serial support registered for Metrologic USB to Serial
[    5.376025][    T1] usbcore: registered new interface driver mos7720
[    5.376826][    T1] usbserial: USB Serial support registered for Moschip 2 port adapter
[    5.377822][    T1] usbcore: registered new interface driver mos7840
[    5.378616][    T1] usbserial: USB Serial support registered for Moschip 7840/7820 USB Serial Driver
[    5.379734][    T1] usbcore: registered new interface driver mxuport
[    5.380550][    T1] usbserial: USB Serial support registered for MOXA UPort
[    5.381428][    T1] usbcore: registered new interface driver navman
[    5.382215][    T1] usbserial: USB Serial support registered for navman
[    5.383054][    T1] usbcore: registered new interface driver omninet
[    5.383854][    T1] usbserial: USB Serial support registered for ZyXEL - omni.net usb
[    5.384833][    T1] usbcore: registered new interface driver opticon
[    5.385900][    T1] usbserial: USB Serial support registered for opticon
[    5.386753][    T1] usbcore: registered new interface driver option
[    5.387562][    T1] usbserial: USB Serial support registered for GSM modem (1-port)
[    5.388526][    T1] usbcore: registered new interface driver oti6858
[    5.389315][    T1] usbserial: USB Serial support registered for oti6858
[    5.390158][    T1] usbcore: registered new interface driver pl2303
[    5.390988][    T1] usbserial: USB Serial support registered for pl2303
[    5.391839][    T1] usbcore: registered new interface driver qcaux
[    5.392615][    T1] usbserial: USB Serial support registered for qcaux
[    5.393447][    T1] usbcore: registered new interface driver qcserial
[    5.394264][    T1] usbserial: USB Serial support registered for Qualcomm USB modem
[    5.395231][    T1] usbcore: registered new interface driver quatech2
[    5.396036][    T1] usbserial: USB Serial support registered for Quatech 2nd gen USB to Serial Driver
[    5.397174][    T1] usbcore: registered new interface driver safe_serial
[    5.398012][    T1] usbserial: USB Serial support registered for safe_serial
[    5.398914][    T1] usbcore: registered new interface driver sierra
[    5.399712][    T1] usbserial: USB Serial support registered for Sierra USB modem
[    5.400680][    T1] usbcore: registered new interface driver usb_serial_simple
[    5.401587][    T1] usbserial: USB Serial support registered for carelink
[    5.402429][    T1] usbserial: USB Serial support registered for zio
[    5.403238][    T1] usbserial: USB Serial support registered for funsoft
[    5.404077][    T1] usbserial: USB Serial support registered for flashloader
[    5.404960][    T1] usbserial: USB Serial support registered for google
[    5.405815][    T1] usbserial: USB Serial support registered for libtransistor
[    5.406708][    T1] usbserial: USB Serial support registered for vivopay
[    5.407534][    T1] usbserial: USB Serial support registered for moto_modem
[    5.408388][    T1] usbserial: USB Serial support registered for motorola_tetra
[    5.409276][    T1] usbserial: USB Serial support registered for novatel_gps
[    5.410139][    T1] usbserial: USB Serial support registered for hp4x
[    5.410971][    T1] usbserial: USB Serial support registered for suunto
[    5.411792][    T1] usbserial: USB Serial support registered for siemens_mpi
[    5.412674][    T1] usbcore: registered new interface driver spcp8x5
[    5.413477][    T1] usbserial: USB Serial support registered for SPCP8x5
[    5.414330][    T1] usbcore: registered new interface driver ssu100
[    5.415114][    T1] usbserial: USB Serial support registered for Quatech SSU-100 USB to Serial Driver
[    5.416248][    T1] usbcore: registered new interface driver symbolserial
[    5.417094][    T1] usbserial: USB Serial support registered for symbol
[    5.417934][    T1] usbcore: registered new interface driver ti_usb_3410_5052
[    5.418831][    T1] usbserial: USB Serial support registered for TI USB 3410 1 port adapter
[    5.419851][    T1] usbserial: USB Serial support registered for TI USB 5052 2 port adapter
[    5.420929][    T1] usbcore: registered new interface driver upd78f0730
[    5.421761][    T1] usbserial: USB Serial support registered for upd78f0730
[    5.422641][    T1] usbcore: registered new interface driver visor
[    5.423411][    T1] usbserial: USB Serial support registered for Handspring Visor / Palm OS
[    5.424434][    T1] usbserial: USB Serial support registered for Sony Clie 5.0
[    5.425365][    T1] usbserial: USB Serial support registered for Sony Clie 3.5
[    5.426282][    T1] usbcore: registered new interface driver wishbone_serial
[    5.427163][    T1] usbserial: USB Serial support registered for wishbone_serial
[    5.428094][    T1] usbcore: registered new interface driver whiteheat
[    5.428909][    T1] usbserial: USB Serial support registered for Connect Tech - WhiteHEAT - (prerenumeration)
[    5.430111][    T1] usbserial: USB Serial support registered for Connect Tech - WhiteHEAT
[    5.431166][    T1] usbcore: registered new interface driver xr_serial
[    5.432011][    T1] usbserial: USB Serial support registered for xr_serial
[    5.432886][    T1] usbcore: registered new interface driver xsens_mt
[    5.433691][    T1] usbserial: USB Serial support registered for xsens_mt
[    5.434556][    T1] usbcore: registered new interface driver adutux
[    5.435363][    T1] usbcore: registered new interface driver appledisplay
[    5.436231][    T1] usbcore: registered new interface driver cypress_cy7c63
[    5.437112][    T1] usbcore: registered new interface driver cytherm
[    5.437935][    T1] usbcore: registered new interface driver emi26 - firmware loader
[    5.438928][    T1] usbcore: registered new interface driver emi62 - firmware loader
[    5.439829][    T1] ftdi_elan: driver ftdi-elan
[    5.440751][    T1] usbcore: registered new interface driver ftdi-elan
[    5.441575][    T1] usbcore: registered new interface driver idmouse
[    5.442383][    T1] usbcore: registered new interface driver iowarrior
[    5.443232][    T1] usbcore: registered new interface driver isight_firmware
[    5.444131][    T1] usbcore: registered new interface driver usblcd
[    5.444944][    T1] usbcore: registered new interface driver ldusb
[    5.445751][    T1] usbcore: registered new interface driver legousbtower
[    5.446658][    T1] usbcore: registered new interface driver usbtest
[    5.447509][    T1] usbcore: registered new interface driver usb_ehset_test
[    5.448401][    T1] usbcore: registered new interface driver trancevibrator
[    5.449304][    T1] usbcore: registered new interface driver uss720
[    5.450041][    T1] uss720: USB Parport Cable driver for Cables using the Lucent Technologies USS720 Chip
[    5.451188][    T1] uss720: NOTE: this is a special purpose driver to allow nonstandard
[    5.452114][    T1] uss720: protocols (eg. bitbang) over USS720 usb to parallel cables
[    5.453032][    T1] uss720: If you just want to connect to a printer, use usblp instead
[    5.454040][    T1] usbcore: registered new interface driver usbsevseg
[    5.454877][    T1] usbcore: registered new interface driver yurex
[    5.455911][    T1] usbcore: registered new interface driver chaoskey
[    5.456746][    T1] usbcore: registered new interface driver sisusb
[    5.457547][    T1] usbcore: registered new interface driver lvs
[    5.458315][    T1] usbcore: registered new interface driver cxacru
[    5.459156][    T1] usbcore: registered new interface driver speedtch
[    5.460011][    T1] usbcore: registered new interface driver ueagle-atm
[    5.460811][    T1] xusbatm: malformed module parameters
[    5.462272][    T1] dummy_hcd dummy_hcd.0: USB Host+Gadget Emulator, driver 02 May 2005
[    5.463245][    T1] dummy_hcd dummy_hcd.0: Dummy host controller
[    5.465055][    T1] dummy_hcd dummy_hcd.0: new USB bus registered, assigned bus number 1
[    5.466612][    T1] usb usb1: New USB device found, idVendor=1d6b, idProduct=0002, bcdDevice= 5.15
[    5.467691][    T1] usb usb1: New USB device strings: Mfr=3, Product=2, SerialNumber=1
[    5.468619][    T1] usb usb1: Product: Dummy host controller
[    5.469282][    T1] usb usb1: Manufacturer: Linux 5.15.0-rc7+ dummy_hcd
[    5.470065][    T1] usb usb1: SerialNumber: dummy_hcd.0
[    5.472750][    T1] hub 1-0:1.0: USB hub found
[    5.473460][    T1] hub 1-0:1.0: 1 port detected
[    5.478522][    T1] gadgetfs: USB Gadget filesystem, version 24 Aug 2004
[    5.482731][    T1] vhci_hcd vhci_hcd.0: USB/IP Virtual Host Controller
[    5.484234][    T1] vhci_hcd vhci_hcd.0: new USB bus registered, assigned bus number 2
[    5.485433][    T1] vhci_hcd: created sysfs vhci_hcd.0
[    5.486842][    T1] usb usb2: New USB device found, idVendor=1d6b, idProduct=0002, bcdDevice= 5.15
[    5.488008][    T1] usb usb2: New USB device strings: Mfr=3, Product=2, SerialNumber=1
[    5.489064][    T1] usb usb2: Product: USB/IP Virtual Host Controller
[    5.489924][    T1] usb usb2: Manufacturer: Linux 5.15.0-rc7+ vhci_hcd
[    5.490771][    T1] usb usb2: SerialNumber: vhci_hcd.0
[    5.492510][    T1] hub 2-0:1.0: USB hub found
[    5.493219][    T1] hub 2-0:1.0: 8 ports detected
[    5.496755][    T1] vhci_hcd vhci_hcd.0: USB/IP Virtual Host Controller
[    5.497939][    T1] vhci_hcd vhci_hcd.0: new USB bus registered, assigned bus number 3
[    5.499107][    T1] usb usb3: We don't know the algorithms for LPM for this host, disabling LPM.
[    5.500872][    T1] usb usb3: New USB device found, idVendor=1d6b, idProduct=0003, bcdDevice= 5.15
[    5.502006][    T1] usb usb3: New USB device strings: Mfr=3, Product=2, SerialNumber=1
[    5.502940][    T1] usb usb3: Product: USB/IP Virtual Host Controller
[    5.503691][    T1] usb usb3: Manufacturer: Linux 5.15.0-rc7+ vhci_hcd
[    5.504450][    T1] usb usb3: SerialNumber: vhci_hcd.0
[    5.505524][   T10] sr 1:0:0:0: [sr0] scsi3-mmc drive: 4x/4x cd/rw xa/form2 tray
[    5.506434][   T10] cdrom: Uniform CD-ROM driver Revision: 3.20
[    5.507982][    T1] hub 3-0:1.0: USB hub found
[    5.508747][    T1] hub 3-0:1.0: 8 ports detected
[    5.513295][    T1] vhci_hcd vhci_hcd.1: USB/IP Virtual Host Controller
[    5.514535][    T1] vhci_hcd vhci_hcd.1: new USB bus registered, assigned bus number 4
[    5.515939][    T1] usb usb4: New USB device found, idVendor=1d6b, idProduct=0002, bcdDevice= 5.15
[    5.517076][    T1] usb usb4: New USB device strings: Mfr=3, Product=2, SerialNumber=1
[    5.518111][    T1] usb usb4: Product: USB/IP Virtual Host Controller
[    5.518968][    T1] usb usb4: Manufacturer: Linux 5.15.0-rc7+ vhci_hcd
[    5.519828][    T1] usb usb4: SerialNumber: vhci_hcd.1
[    5.522166][    T1] hub 4-0:1.0: USB hub found
[    5.522834][    T1] hub 4-0:1.0: 8 ports detected
[    5.526192][    T1] vhci_hcd vhci_hcd.1: USB/IP Virtual Host Controller
[    5.527319][    T1] vhci_hcd vhci_hcd.1: new USB bus registered, assigned bus number 5
[    5.528405][    T1] usb usb5: We don't know the algorithms for LPM for this host, disabling LPM.
[    5.529749][    T1] usb usb5: New USB device found, idVendor=1d6b, idProduct=0003, bcdDevice= 5.15
[    5.530916][    T1] usb usb5: New USB device strings: Mfr=3, Product=2, SerialNumber=1
[    5.531982][    T1] usb usb5: Product: USB/IP Virtual Host Controller
[    5.532840][    T1] usb usb5: Manufacturer: Linux 5.15.0-rc7+ vhci_hcd
[    5.533663][    T1] usb usb5: SerialNumber: vhci_hcd.1
[    5.535744][    T1] hub 5-0:1.0: USB hub found
[    5.536456][    T1] hub 5-0:1.0: 8 ports detected
[    5.540824][    T1] vhci_hcd vhci_hcd.2: USB/IP Virtual Host Controller
[    5.542129][    T1] vhci_hcd vhci_hcd.2: new USB bus registered, assigned bus number 6
[    5.543531][    T1] usb usb6: New USB device found, idVendor=1d6b, idProduct=0002, bcdDevice= 5.15
[    5.544665][    T1] usb usb6: New USB device strings: Mfr=3, Product=2, SerialNumber=1
[    5.545676][    T1] usb usb6: Product: USB/IP Virtual Host Controller
[    5.546482][    T1] usb usb6: Manufacturer: Linux 5.15.0-rc7+ vhci_hcd
[    5.547382][    T1] usb usb6: SerialNumber: vhci_hcd.2
[    5.549249][    T1] hub 6-0:1.0: USB hub found
[    5.549942][    T1] hub 6-0:1.0: 8 ports detected
[    5.553401][    T1] vhci_hcd vhci_hcd.2: USB/IP Virtual Host Controller
[    5.554571][    T1] vhci_hcd vhci_hcd.2: new USB bus registered, assigned bus number 7
[    5.555658][    T1] usb usb7: We don't know the algorithms for LPM for this host, disabling LPM.
[    5.556981][    T1] usb usb7: New USB device found, idVendor=1d6b, idProduct=0003, bcdDevice= 5.15
[    5.558047][    T1] usb usb7: New USB device strings: Mfr=3, Product=2, SerialNumber=1
[    5.558997][    T1] usb usb7: Product: USB/IP Virtual Host Controller
[    5.559767][    T1] usb usb7: Manufacturer: Linux 5.15.0-rc7+ vhci_hcd
[    5.560598][    T1] usb usb7: SerialNumber: vhci_hcd.2
[    5.563435][    T1] hub 7-0:1.0: USB hub found
[    5.564053][    T1] hub 7-0:1.0: 8 ports detected
[    5.568229][    T1] vhci_hcd vhci_hcd.3: USB/IP Virtual Host Controller
[    5.569573][    T1] vhci_hcd vhci_hcd.3: new USB bus registered, assigned bus number 8
[    5.570891][    T1] usb usb8: New USB device found, idVendor=1d6b, idProduct=0002, bcdDevice= 5.15
[    5.571959][    T1] usb usb8: New USB device strings: Mfr=3, Product=2, SerialNumber=1
[    5.572959][    T1] usb usb8: Product: USB/IP Virtual Host Controller
[    5.573730][    T1] usb usb8: Manufacturer: Linux 5.15.0-rc7+ vhci_hcd
[    5.574512][    T1] usb usb8: SerialNumber: vhci_hcd.3
[    5.576436][    T1] hub 8-0:1.0: USB hub found
[    5.576673][   T10] sr 1:0:0:0: Attached scsi generic sg0 type 5
[    5.577057][    T1] hub 8-0:1.0: 8 ports detected
[    5.582685][    T1] vhci_hcd vhci_hcd.3: USB/IP Virtual Host Controller
[    5.584074][    T1] vhci_hcd vhci_hcd.3: new USB bus registered, assigned bus number 9
[    5.585153][    T1] usb usb9: We don't know the algorithms for LPM for this host, disabling LPM.
[    5.586762][    T1] usb usb9: New USB device found, idVendor=1d6b, idProduct=0003, bcdDevice= 5.15
[    5.587826][    T1] usb usb9: New USB device strings: Mfr=3, Product=2, SerialNumber=1
[    5.588764][    T1] usb usb9: Product: USB/IP Virtual Host Controller
[    5.589531][    T1] usb usb9: Manufacturer: Linux 5.15.0-rc7+ vhci_hcd
[    5.590386][    T1] usb usb9: SerialNumber: vhci_hcd.3
[    5.592160][    T1] hub 9-0:1.0: USB hub found
[    5.592773][    T1] hub 9-0:1.0: 8 ports detected
[    5.596841][    T1] vhci_hcd vhci_hcd.4: USB/IP Virtual Host Controller
[    5.598002][    T1] vhci_hcd vhci_hcd.4: new USB bus registered, assigned bus number 10
[    5.599317][    T1] usb usb10: New USB device found, idVendor=1d6b, idProduct=0002, bcdDevice= 5.15
[    5.600428][    T1] usb usb10: New USB device strings: Mfr=3, Product=2, SerialNumber=1
[    5.601383][    T1] usb usb10: Product: USB/IP Virtual Host Controller
[    5.602162][    T1] usb usb10: Manufacturer: Linux 5.15.0-rc7+ vhci_hcd
[    5.602953][    T1] usb usb10: SerialNumber: vhci_hcd.4
[    5.604736][    T1] hub 10-0:1.0: USB hub found
[    5.605365][    T1] hub 10-0:1.0: 8 ports detected
[    5.608712][    T1] vhci_hcd vhci_hcd.4: USB/IP Virtual Host Controller
[    5.609912][    T1] vhci_hcd vhci_hcd.4: new USB bus registered, assigned bus number 11
[    5.611438][    T1] usb usb11: We don't know the algorithms for LPM for this host, disabling LPM.
[    5.612760][    T1] usb usb11: New USB device found, idVendor=1d6b, idProduct=0003, bcdDevice= 5.15
[    5.613839][    T1] usb usb11: New USB device strings: Mfr=3, Product=2, SerialNumber=1
[    5.614791][    T1] usb usb11: Product: USB/IP Virtual Host Controller
[    5.615573][    T1] usb usb11: Manufacturer: Linux 5.15.0-rc7+ vhci_hcd
[    5.616364][    T1] usb usb11: SerialNumber: vhci_hcd.4
[    5.618097][    T1] hub 11-0:1.0: USB hub found
[    5.618754][    T1] hub 11-0:1.0: 8 ports detected
[    5.623128][    T1] vhci_hcd vhci_hcd.5: USB/IP Virtual Host Controller
[    5.624597][    T1] vhci_hcd vhci_hcd.5: new USB bus registered, assigned bus number 12
[    5.626057][    T1] usb usb12: New USB device found, idVendor=1d6b, idProduct=0002, bcdDevice= 5.15
[    5.627303][    T1] usb usb12: New USB device strings: Mfr=3, Product=2, SerialNumber=1
[    5.628359][    T1] usb usb12: Product: USB/IP Virtual Host Controller
[    5.629203][    T1] usb usb12: Manufacturer: Linux 5.15.0-rc7+ vhci_hcd
[    5.630021][    T1] usb usb12: SerialNumber: vhci_hcd.5
[    5.632093][    T1] hub 12-0:1.0: USB hub found
[    5.632817][    T1] hub 12-0:1.0: 8 ports detected
[    5.636170][    T1] vhci_hcd vhci_hcd.5: USB/IP Virtual Host Controller
[    5.637370][    T1] vhci_hcd vhci_hcd.5: new USB bus registered, assigned bus number 13
[    5.638536][    T1] usb usb13: We don't know the algorithms for LPM for this host, disabling LPM.
[    5.640042][    T1] usb usb13: New USB device found, idVendor=1d6b, idProduct=0003, bcdDevice= 5.15
[    5.641282][    T1] usb usb13: New USB device strings: Mfr=3, Product=2, SerialNumber=1
[    5.642327][    T1] usb usb13: Product: USB/IP Virtual Host Controller
[    5.643211][    T1] usb usb13: Manufacturer: Linux 5.15.0-rc7+ vhci_hcd
[    5.644095][    T1] usb usb13: SerialNumber: vhci_hcd.5
[    5.646084][    T1] hub 13-0:1.0: USB hub found
[    5.646802][    T1] hub 13-0:1.0: 8 ports detected
[    5.651110][    T1] vhci_hcd vhci_hcd.6: USB/IP Virtual Host Controller
[    5.652447][    T1] vhci_hcd vhci_hcd.6: new USB bus registered, assigned bus number 14
[    5.653724][    T1] usb usb14: New USB device found, idVendor=1d6b, idProduct=0002, bcdDevice= 5.15
[    5.654807][    T1] usb usb14: New USB device strings: Mfr=3, Product=2, SerialNumber=1
[    5.655752][    T1] usb usb14: Product: USB/IP Virtual Host Controller
[    5.656531][    T1] usb usb14: Manufacturer: Linux 5.15.0-rc7+ vhci_hcd
[    5.657323][    T1] usb usb14: SerialNumber: vhci_hcd.6
[    5.659098][    T1] hub 14-0:1.0: USB hub found
[    5.659729][    T1] hub 14-0:1.0: 8 ports detected
[    5.663109][    T1] vhci_hcd vhci_hcd.6: USB/IP Virtual Host Controller
[    5.664286][    T1] vhci_hcd vhci_hcd.6: new USB bus registered, assigned bus number 15
[    5.665377][    T1] usb usb15: We don't know the algorithms for LPM for this host, disabling LPM.
[    5.666710][    T1] usb usb15: New USB device found, idVendor=1d6b, idProduct=0003, bcdDevice= 5.15
[    5.667791][    T1] usb usb15: New USB device strings: Mfr=3, Product=2, SerialNumber=1
[    5.668745][    T1] usb usb15: Product: USB/IP Virtual Host Controller
[    5.669523][    T1] usb usb15: Manufacturer: Linux 5.15.0-rc7+ vhci_hcd
[    5.670345][    T1] usb usb15: SerialNumber: vhci_hcd.6
[    5.672141][    T1] hub 15-0:1.0: USB hub found
[    5.672774][    T1] hub 15-0:1.0: 8 ports detected
[    5.676843][    T1] vhci_hcd vhci_hcd.7: USB/IP Virtual Host Controller
[    5.678021][    T1] vhci_hcd vhci_hcd.7: new USB bus registered, assigned bus number 16
[    5.679307][    T1] usb usb16: New USB device found, idVendor=1d6b, idProduct=0002, bcdDevice= 5.15
[    5.680423][    T1] usb usb16: New USB device strings: Mfr=3, Product=2, SerialNumber=1
[    5.681383][    T1] usb usb16: Product: USB/IP Virtual Host Controller
[    5.682159][    T1] usb usb16: Manufacturer: Linux 5.15.0-rc7+ vhci_hcd
[    5.682959][    T1] usb usb16: SerialNumber: vhci_hcd.7
[    5.684799][    T1] hub 16-0:1.0: USB hub found
[    5.685428][    T1] hub 16-0:1.0: 8 ports detected
[    5.688783][    T1] vhci_hcd vhci_hcd.7: USB/IP Virtual Host Controller
[    5.689957][    T1] vhci_hcd vhci_hcd.7: new USB bus registered, assigned bus number 17
[    5.691129][    T1] usb usb17: We don't know the algorithms for LPM for this host, disabling LPM.
[    5.692453][    T1] usb usb17: New USB device found, idVendor=1d6b, idProduct=0003, bcdDevice= 5.15
[    5.693520][    T1] usb usb17: New USB device strings: Mfr=3, Product=2, SerialNumber=1
[    5.694472][    T1] usb usb17: Product: USB/IP Virtual Host Controller
[    5.695260][    T1] usb usb17: Manufacturer: Linux 5.15.0-rc7+ vhci_hcd
[    5.696043][    T1] usb usb17: SerialNumber: vhci_hcd.7
[    5.698443][    T1] hub 17-0:1.0: USB hub found
[    5.699129][    T1] hub 17-0:1.0: 8 ports detected
[    5.703886][    T1] vhci_hcd vhci_hcd.8: USB/IP Virtual Host Controller
[    5.709372][    T1] vhci_hcd vhci_hcd.8: new USB bus registered, assigned bus number 18
[    5.710821][    T1] usb usb18: New USB device found, idVendor=1d6b, idProduct=0002, bcdDevice= 5.15
[    5.711906][    T1] usb usb18: New USB device strings: Mfr=3, Product=2, SerialNumber=1
[    5.712877][    T1] usb usb18: Product: USB/IP Virtual Host Controller
[    5.713661][    T1] usb usb18: Manufacturer: Linux 5.15.0-rc7+ vhci_hcd
[    5.714451][    T1] usb usb18: SerialNumber: vhci_hcd.8
[    5.716583][    T1] hub 18-0:1.0: USB hub found
[    5.717216][    T1] hub 18-0:1.0: 8 ports detected
[    5.720827][    T1] vhci_hcd vhci_hcd.8: USB/IP Virtual Host Controller
[    5.721983][    T1] vhci_hcd vhci_hcd.8: new USB bus registered, assigned bus number 19
[    5.723104][    T1] usb usb19: We don't know the algorithms for LPM for this host, disabling LPM.
[    5.724450][    T1] usb usb19: New USB device found, idVendor=1d6b, idProduct=0003, bcdDevice= 5.15
[    5.725539][    T1] usb usb19: New USB device strings: Mfr=3, Product=2, SerialNumber=1
[    5.726500][    T1] usb usb19: Product: USB/IP Virtual Host Controller
[    5.727302][    T1] usb usb19: Manufacturer: Linux 5.15.0-rc7+ vhci_hcd
[    5.728094][    T1] usb usb19: SerialNumber: vhci_hcd.8
[    5.729793][    T1] hub 19-0:1.0: USB hub found
[    5.730455][    T1] hub 19-0:1.0: 8 ports detected
[    5.734620][    T1] vhci_hcd vhci_hcd.9: USB/IP Virtual Host Controller
[    5.735768][    T1] vhci_hcd vhci_hcd.9: new USB bus registered, assigned bus number 20
[    5.737059][    T1] usb usb20: New USB device found, idVendor=1d6b, idProduct=0002, bcdDevice= 5.15
[    5.738146][    T1] usb usb20: New USB device strings: Mfr=3, Product=2, SerialNumber=1
[    5.739118][    T1] usb usb20: Product: USB/IP Virtual Host Controller
[    5.739910][    T1] usb usb20: Manufacturer: Linux 5.15.0-rc7+ vhci_hcd
[    5.740743][    T1] usb usb20: SerialNumber: vhci_hcd.9
[    5.742411][    T1] hub 20-0:1.0: USB hub found
[    5.743055][    T1] hub 20-0:1.0: 8 ports detected
[    5.746387][    T1] vhci_hcd vhci_hcd.9: USB/IP Virtual Host Controller
[    5.747514][    T1] vhci_hcd vhci_hcd.9: new USB bus registered, assigned bus number 21
[    5.748613][    T1] usb usb21: We don't know the algorithms for LPM for this host, disabling LPM.
[    5.749955][    T1] usb usb21: New USB device found, idVendor=1d6b, idProduct=0003, bcdDevice= 5.15
[    5.751074][    T1] usb usb21: New USB device strings: Mfr=3, Product=2, SerialNumber=1
[    5.752039][    T1] usb usb21: Product: USB/IP Virtual Host Controller
[    5.752828][    T1] usb usb21: Manufacturer: Linux 5.15.0-rc7+ vhci_hcd
[    5.753628][    T1] usb usb21: SerialNumber: vhci_hcd.9
[    5.755313][    T1] hub 21-0:1.0: USB hub found
[    5.755947][    T1] hub 21-0:1.0: 8 ports detected
[    5.760072][    T1] vhci_hcd vhci_hcd.10: USB/IP Virtual Host Controller
[    5.761250][    T1] vhci_hcd vhci_hcd.10: new USB bus registered, assigned bus number 22
[    5.762557][    T1] usb usb22: New USB device found, idVendor=1d6b, idProduct=0002, bcdDevice= 5.15
[    5.763651][    T1] usb usb22: New USB device strings: Mfr=3, Product=2, SerialNumber=1
[    5.764607][    T1] usb usb22: Product: USB/IP Virtual Host Controller
[    5.765387][    T1] usb usb22: Manufacturer: Linux 5.15.0-rc7+ vhci_hcd
[    5.766179][    T1] usb usb22: SerialNumber: vhci_hcd.10
[    5.767854][    T1] hub 22-0:1.0: USB hub found
[    5.768486][    T1] hub 22-0:1.0: 8 ports detected
[    5.771855][    T1] vhci_hcd vhci_hcd.10: USB/IP Virtual Host Controller
[    5.772978][    T1] vhci_hcd vhci_hcd.10: new USB bus registered, assigned bus number 23
[    5.774104][    T1] usb usb23: We don't know the algorithms for LPM for this host, disabling LPM.
[    5.775450][    T1] usb usb23: New USB device found, idVendor=1d6b, idProduct=0003, bcdDevice= 5.15
[    5.776533][    T1] usb usb23: New USB device strings: Mfr=3, Product=2, SerialNumber=1
[    5.777489][    T1] usb usb23: Product: USB/IP Virtual Host Controller
[    5.778273][    T1] usb usb23: Manufacturer: Linux 5.15.0-rc7+ vhci_hcd
[    5.779072][    T1] usb usb23: SerialNumber: vhci_hcd.10
[    5.780765][    T1] hub 23-0:1.0: USB hub found
[    5.781392][    T1] hub 23-0:1.0: 8 ports detected
[    5.785470][    T1] vhci_hcd vhci_hcd.11: USB/IP Virtual Host Controller
[    5.787239][    T1] vhci_hcd vhci_hcd.11: new USB bus registered, assigned bus number 24
[    5.788539][    T1] usb usb24: New USB device found, idVendor=1d6b, idProduct=0002, bcdDevice= 5.15
[    5.789615][    T1] usb usb24: New USB device strings: Mfr=3, Product=2, SerialNumber=1
[    5.790651][    T1] usb usb24: Product: USB/IP Virtual Host Controller
[    5.791441][    T1] usb usb24: Manufacturer: Linux 5.15.0-rc7+ vhci_hcd
[    5.792228][    T1] usb usb24: SerialNumber: vhci_hcd.11
[    5.794072][    T1] hub 24-0:1.0: USB hub found
[    5.794719][    T1] hub 24-0:1.0: 8 ports detected
[    5.798080][    T1] vhci_hcd vhci_hcd.11: USB/IP Virtual Host Controller
[    5.799293][    T1] vhci_hcd vhci_hcd.11: new USB bus registered, assigned bus number 25
[    5.800421][    T1] usb usb25: We don't know the algorithms for LPM for this host, disabling LPM.
[    5.801750][    T1] usb usb25: New USB device found, idVendor=1d6b, idProduct=0003, bcdDevice= 5.15
[    5.802834][    T1] usb usb25: New USB device strings: Mfr=3, Product=2, SerialNumber=1
[    5.803787][    T1] usb usb25: Product: USB/IP Virtual Host Controller
[    5.804564][    T1] usb usb25: Manufacturer: Linux 5.15.0-rc7+ vhci_hcd
[    5.805350][    T1] usb usb25: SerialNumber: vhci_hcd.11
[    5.807169][    T1] hub 25-0:1.0: USB hub found
[    5.807798][    T1] hub 25-0:1.0: 8 ports detected
[    5.811909][    T1] vhci_hcd vhci_hcd.12: USB/IP Virtual Host Controller
[    5.813116][    T1] vhci_hcd vhci_hcd.12: new USB bus registered, assigned bus number 26
[    5.814438][    T1] usb usb26: New USB device found, idVendor=1d6b, idProduct=0002, bcdDevice= 5.15
[    5.815529][    T1] usb usb26: New USB device strings: Mfr=3, Product=2, SerialNumber=1
[    5.816484][    T1] usb usb26: Product: USB/IP Virtual Host Controller
[    5.817261][    T1] usb usb26: Manufacturer: Linux 5.15.0-rc7+ vhci_hcd
[    5.818047][    T1] usb usb26: SerialNumber: vhci_hcd.12
[    5.819857][    T1] hub 26-0:1.0: USB hub found
[    5.820510][    T1] hub 26-0:1.0: 8 ports detected
[    5.823861][    T1] vhci_hcd vhci_hcd.12: USB/IP Virtual Host Controller
[    5.825058][    T1] vhci_hcd vhci_hcd.12: new USB bus registered, assigned bus number 27
[    5.826163][    T1] usb usb27: We don't know the algorithms for LPM for this host, disabling LPM.
[    5.827538][    T1] usb usb27: New USB device found, idVendor=1d6b, idProduct=0003, bcdDevice= 5.15
[    5.828622][    T1] usb usb27: New USB device strings: Mfr=3, Product=2, SerialNumber=1
[    5.829574][    T1] usb usb27: Product: USB/IP Virtual Host Controller
[    5.830375][    T1] usb usb27: Manufacturer: Linux 5.15.0-rc7+ vhci_hcd
[    5.831169][    T1] usb usb27: SerialNumber: vhci_hcd.12
[    5.832981][    T1] hub 27-0:1.0: USB hub found
[    5.833622][    T1] hub 27-0:1.0: 8 ports detected
[    5.837749][    T1] vhci_hcd vhci_hcd.13: USB/IP Virtual Host Controller
[    5.838989][    T1] vhci_hcd vhci_hcd.13: new USB bus registered, assigned bus number 28
[    5.840316][    T1] usb usb28: New USB device found, idVendor=1d6b, idProduct=0002, bcdDevice= 5.15
[    5.841389][    T1] usb usb28: New USB device strings: Mfr=3, Product=2, SerialNumber=1
[    5.842338][    T1] usb usb28: Product: USB/IP Virtual Host Controller
[    5.843130][    T1] usb usb28: Manufacturer: Linux 5.15.0-rc7+ vhci_hcd
[    5.843926][    T1] usb usb28: SerialNumber: vhci_hcd.13
[    5.845774][    T1] hub 28-0:1.0: USB hub found
[    5.846424][    T1] hub 28-0:1.0: 8 ports detected
[    5.849801][    T1] vhci_hcd vhci_hcd.13: USB/IP Virtual Host Controller
[    5.851409][    T1] vhci_hcd vhci_hcd.13: new USB bus registered, assigned bus number 29
[    5.852552][    T1] usb usb29: We don't know the algorithms for LPM for this host, disabling LPM.
[    5.853925][    T1] usb usb29: New USB device found, idVendor=1d6b, idProduct=0003, bcdDevice= 5.15
[    5.855045][    T1] usb usb29: New USB device strings: Mfr=3, Product=2, SerialNumber=1
[    5.856029][    T1] usb usb29: Product: USB/IP Virtual Host Controller
[    5.856841][    T1] usb usb29: Manufacturer: Linux 5.15.0-rc7+ vhci_hcd
[    5.857657][    T1] usb usb29: SerialNumber: vhci_hcd.13
[    5.859553][    T1] hub 29-0:1.0: USB hub found
[    5.860202][    T1] hub 29-0:1.0: 8 ports detected
[    5.864422][    T1] vhci_hcd vhci_hcd.14: USB/IP Virtual Host Controller
[    5.865679][    T1] vhci_hcd vhci_hcd.14: new USB bus registered, assigned bus number 30
[    5.867017][    T1] usb usb30: New USB device found, idVendor=1d6b, idProduct=0002, bcdDevice= 5.15
[    5.868121][    T1] usb usb30: New USB device strings: Mfr=3, Product=2, SerialNumber=1
[    5.869102][    T1] usb usb30: Product: USB/IP Virtual Host Controller
[    5.869899][    T1] usb usb30: Manufacturer: Linux 5.15.0-rc7+ vhci_hcd
[    5.870748][    T1] usb usb30: SerialNumber: vhci_hcd.14
[    5.872585][    T1] hub 30-0:1.0: USB hub found
[    5.873230][    T1] hub 30-0:1.0: 8 ports detected
[    5.876683][    T1] vhci_hcd vhci_hcd.14: USB/IP Virtual Host Controller
[    5.877894][    T1] vhci_hcd vhci_hcd.14: new USB bus registered, assigned bus number 31
[    5.879043][    T1] usb usb31: We don't know the algorithms for LPM for this host, disabling LPM.
[    5.880441][    T1] usb usb31: New USB device found, idVendor=1d6b, idProduct=0003, bcdDevice= 5.15
[    5.881545][    T1] usb usb31: New USB device strings: Mfr=3, Product=2, SerialNumber=1
[    5.882526][    T1] usb usb31: Product: USB/IP Virtual Host Controller
[    5.883345][    T1] usb usb31: Manufacturer: Linux 5.15.0-rc7+ vhci_hcd
[    5.884158][    T1] usb usb31: SerialNumber: vhci_hcd.14
[    5.886008][    T1] hub 31-0:1.0: USB hub found
[    5.886667][    T1] hub 31-0:1.0: 8 ports detected
[    5.890866][    T1] vhci_hcd vhci_hcd.15: USB/IP Virtual Host Controller
[    5.892255][    T1] vhci_hcd vhci_hcd.15: new USB bus registered, assigned bus number 32
[    5.893578][    T1] usb usb32: New USB device found, idVendor=1d6b, idProduct=0002, bcdDevice= 5.15
[    5.894679][    T1] usb usb32: New USB device strings: Mfr=3, Product=2, SerialNumber=1
[    5.895660][    T1] usb usb32: Product: USB/IP Virtual Host Controller
[    5.896456][    T1] usb usb32: Manufacturer: Linux 5.15.0-rc7+ vhci_hcd
[    5.897267][    T1] usb usb32: SerialNumber: vhci_hcd.15
[    5.899126][    T1] hub 32-0:1.0: USB hub found
[    5.899774][    T1] hub 32-0:1.0: 8 ports detected
[    5.903321][    T1] vhci_hcd vhci_hcd.15: USB/IP Virtual Host Controller
[    5.904545][    T1] vhci_hcd vhci_hcd.15: new USB bus registered, assigned bus number 33
[    5.905696][    T1] usb usb33: We don't know the algorithms for LPM for this host, disabling LPM.
[    5.907074][    T1] usb usb33: New USB device found, idVendor=1d6b, idProduct=0003, bcdDevice= 5.15
[    5.908179][    T1] usb usb33: New USB device strings: Mfr=3, Product=2, SerialNumber=1
[    5.909159][    T1] usb usb33: Product: USB/IP Virtual Host Controller
[    5.909962][    T1] usb usb33: Manufacturer: Linux 5.15.0-rc7+ vhci_hcd
[    5.910807][    T1] usb usb33: SerialNumber: vhci_hcd.15
[    5.912649][    T1] hub 33-0:1.0: USB hub found
[    5.913298][    T1] hub 33-0:1.0: 8 ports detected
[    5.917492][    T1] usbcore: registered new device driver usbip-host
[    5.919462][    T1] i8042: PNP: PS/2 Controller [PNP0303:KBD,PNP0f13:MOU] at 0x60,0x64 irq 1,12
[    5.921671][    T1] serio: i8042 KBD port at 0x60,0x64 irq 1
[    5.923093][    T1] serio: i8042 AUX port at 0x60,0x64 irq 12
[    5.927346][    T1] mousedev: PS/2 mouse device common for all mice
[    5.933611][ T1658] input: AT Translated Set 2 keyboard as /devices/platform/i8042/serio0/input/input1
[    5.934175][    T1] usbcore: registered new interface driver appletouch
[    5.936951][    T1] usbcore: registered new interface driver bcm5974
[    5.938182][    T1] usbcore: registered new interface driver synaptics_usb
[    5.939703][    T1] usbcore: registered new interface driver iforce
[    5.941682][    T1] usbcore: registered new interface driver xpad
[    5.942682][    T1] usbcore: registered new interface driver usb_acecad
[    5.943824][    T1] usbcore: registered new interface driver aiptek
[    5.946622][    T1] usbcore: registered new interface driver hanwang
[    5.947744][    T1] usbcore: registered new interface driver kbtab
[    5.948822][    T1] usbcore: registered new interface driver pegasus_notetaker
[    5.950155][    T1] usbcore: registered new interface driver usbtouchscreen
[    5.951518][    T1] usbcore: registered new interface driver sur40
[    5.952735][    T1] usbcore: registered new interface driver ati_remote2
[    5.953641][    T1] cm109: Keymap for Komunikate KIP1000 phone loaded
[    5.954866][    T1] usbcore: registered new interface driver cm109
[    5.955663][    T1] cm109: CM109 phone driver: 20080805 (C) Alfred E. Heggestad
[    5.956835][    T1] usbcore: registered new interface driver ims_pcu
[    5.957769][    T1] usbcore: registered new interface driver keyspan_remote
[    5.958761][    T1] usbcore: registered new interface driver powermate
[    5.959965][    T1] usbcore: registered new interface driver yealink
[    5.962419][    T1] rtc_cmos 00:05: RTC can wake from S4
[    5.965832][    T1] rtc_cmos 00:05: registered as rtc0
[    5.966474][    T1] rtc_cmos 00:05: alarms up to one day, y3k, 242 bytes nvram, hpet irqs
[    5.967687][    T1] i2c_dev: i2c /dev entries driver
[    5.968618][    T1] usbcore: registered new interface driver i2c-diolan-u2c
[    5.969654][    T1] usbcore: registered new interface driver RobotFuzz Open Source InterFace, OSIF
[    5.972656][    T1] usbcore: registered new interface driver i2c-tiny-usb
[    5.974272][    T1] usbcore: registered new interface driver ati_remote
[    5.975251][    T1] usbcore: registered new interface driver imon
[    5.976191][    T1] usbcore: registered new interface driver mceusb
[    5.977102][    T1] usbcore: registered new interface driver redrat3
[    5.978018][    T1] usbcore: registered new interface driver streamzap
[    5.978957][    T1] usbcore: registered new interface driver igorplugusb
[    5.979974][    T1] usbcore: registered new interface driver iguanair
[    5.983377][    T1] usbcore: registered new interface driver ttusbir
[    5.984342][    T1] b2c2-flexcop: B2C2 FlexcopII/II(b)/III digital TV receiver chip loaded successfully
[    5.985722][    T1] usbcore: registered new interface driver ttusb-dec
[    5.986683][    T1] usbcore: registered new interface driver ttusb
[    5.987593][    T1] usbcore: registered new interface driver dvb_usb_vp7045
[    5.988592][    T1] usbcore: registered new interface driver dvb_usb_vp702x
[    5.989598][    T1] usbcore: registered new interface driver dvb_usb_gp8psk
[    5.990786][    T1] usbcore: registered new interface driver dvb_usb_dtt200u
[    5.991794][    T1] usbcore: registered new interface driver dvb_usb_a800
[    5.992796][    T1] usbcore: registered new interface driver dvb_usb_dibusb_mb
[    5.993904][    T1] usbcore: registered new interface driver dvb_usb_dibusb_mc
[    5.994905][    T1] usbcore: registered new interface driver dvb_usb_nova_t_usb2
[    5.995908][    T1] usbcore: registered new interface driver dvb_usb_umt_010
[    5.996878][    T1] usbcore: registered new interface driver dvb_usb_m920x
[    5.997824][    T1] usbcore: registered new interface driver dvb_usb_digitv
[    5.998816][    T1] usbcore: registered new interface driver dvb_usb_cxusb
[    5.999764][    T1] usbcore: registered new interface driver dvb_usb_ttusb2
[    6.000848][    T1] usbcore: registered new interface driver dvb_usb_dib0700
[    6.001810][    T1] usbcore: registered new interface driver opera1
[    6.002714][    T1] usbcore: registered new interface driver dvb_usb_af9005
[    6.003682][    T1] usbcore: registered new interface driver pctv452e
[    6.004608][    T1] usbcore: registered new interface driver dw2102
[    6.005505][    T1] usbcore: registered new interface driver dvb_usb_dtv5100
[    6.006478][    T1] usbcore: registered new interface driver cinergyT2
[    6.007405][    T1] usbcore: registered new interface driver dvb_usb_az6027
[    6.008360][    T1] usbcore: registered new interface driver dvb_usb_technisat_usb2
[    6.009457][    T1] usbcore: registered new interface driver dvb_usb_af9015
[    6.010542][    T1] usbcore: registered new interface driver dvb_usb_af9035
[    6.011504][    T1] usbcore: registered new interface driver dvb_usb_anysee
[    6.012451][    T1] usbcore: registered new interface driver dvb_usb_au6610
[    6.013408][    T1] usbcore: registered new interface driver dvb_usb_az6007
[    6.014366][    T1] usbcore: registered new interface driver dvb_usb_ce6230
[    6.015324][    T1] usbcore: registered new interface driver dvb_usb_ec168
[    6.016627][    T1] usbcore: registered new interface driver dvb_usb_lmedm04
[    6.017580][    T1] usbcore: registered new interface driver dvb_usb_gl861
[    6.018549][    T1] usbcore: registered new interface driver dvb_usb_mxl111sf
[    6.019564][    T1] usbcore: registered new interface driver dvb_usb_rtl28xxu
[    6.020576][    T1] usbcore: registered new interface driver dvb_usb_dvbsky
[    6.021535][    T1] usbcore: registered new interface driver zd1301
[    6.022449][    T1] usbcore: registered new interface driver smsusb
[    6.023343][    T1] usbcore: registered new interface driver b2c2_flexcop_usb
[    6.024349][    T1] usbcore: registered new interface driver zr364xx
[    6.025245][    T1] usbcore: registered new interface driver stkwebcam
[    6.026161][    T1] usbcore: registered new interface driver s2255
[    6.027177][    T1] usbcore: registered new interface driver uvcvideo
[    6.027944][    T1] gspca_main: v2.14.0 registered
[    6.028628][    T1] usbcore: registered new interface driver benq
[    6.029477][    T1] usbcore: registered new interface driver conex
[    6.030359][    T1] usbcore: registered new interface driver cpia1
[    6.031216][    T1] usbcore: registered new interface driver dtcs033
[    6.032087][    T1] usbcore: registered new interface driver etoms
[    6.032962][    T1] usbcore: registered new interface driver finepix
[    6.033826][    T1] usbcore: registered new interface driver jeilinj
[    6.034706][    T1] usbcore: registered new interface driver jl2005bcd
[    6.035654][    T1] usbcore: registered new interface driver kinect
[    6.036513][    T1] usbcore: registered new interface driver konica
[    6.037375][    T1] usbcore: registered new interface driver mars
[    6.038242][    T1] usbcore: registered new interface driver mr97310a
[    6.039160][    T1] usbcore: registered new interface driver nw80x
[    6.040059][    T1] usbcore: registered new interface driver ov519
[    6.041211][    T1] usbcore: registered new interface driver ov534
[    6.042068][    T1] usbcore: registered new interface driver ov534_9
[    6.042991][    T1] usbcore: registered new interface driver pac207
[    6.043863][    T1] usbcore: registered new interface driver gspca_pac7302
[    6.044791][    T1] usbcore: registered new interface driver pac7311
[    6.045669][    T1] usbcore: registered new interface driver se401
[    6.046529][    T1] usbcore: registered new interface driver sn9c2028
[    6.047453][    T1] usbcore: registered new interface driver gspca_sn9c20x
[    6.048416][    T1] usbcore: registered new interface driver sonixb
[    6.049325][    T1] usbcore: registered new interface driver sonixj
[    6.050201][    T1] usbcore: registered new interface driver spca500
[    6.051104][    T1] usbcore: registered new interface driver spca501
[    6.052287][    T1] usbcore: registered new interface driver spca505
[    6.053159][    T1] usbcore: registered new interface driver spca506
[    6.054036][    T1] usbcore: registered new interface driver spca508
[    6.054931][    T1] usbcore: registered new interface driver spca561
[    6.055801][    T1] usbcore: registered new interface driver spca1528
[    6.056692][    T1] usbcore: registered new interface driver sq905
[    6.057539][    T1] usbcore: registered new interface driver sq905c
[    6.058401][    T1] usbcore: registered new interface driver sq930x
[    6.059328][    T1] usbcore: registered new interface driver sunplus
[    6.060194][    T1] usbcore: registered new interface driver stk014
[    6.061076][    T1] usbcore: registered new interface driver stk1135
[    6.061947][    T1] usbcore: registered new interface driver stv0680
[    6.062824][    T1] usbcore: registered new interface driver t613
[    6.063690][    T1] usbcore: registered new interface driver gspca_topro
[    6.064604][    T1] usbcore: registered new interface driver touptek
[    6.065483][    T1] usbcore: registered new interface driver tv8532
[    6.066353][    T1] usbcore: registered new interface driver vc032x
[    6.067222][    T1] usbcore: registered new interface driver vicam
[    6.068108][    T1] usbcore: registered new interface driver xirlink-cit
[    6.069095][    T1] usbcore: registered new interface driver gspca_zc3xx
[    6.070036][    T1] usbcore: registered new interface driver ALi m5602
[    6.070993][    T1] usbcore: registered new interface driver STV06xx
[    6.071899][    T1] usbcore: registered new interface driver gspca_gl860
[    6.072863][    T1] usbcore: registered new interface driver Philips webcam
[    6.073815][    T1] usbcore: registered new interface driver airspy
[    6.074709][    T1] usbcore: registered new interface driver hackrf
[    6.075602][    T1] usbcore: registered new interface driver msi2500
[    6.076360][    T1] cpia2: V4L-Driver for Vision CPiA2 based cameras v3.0.1
[    6.077328][    T1] usbcore: registered new interface driver cpia2
[    6.078067][    T1] au0828: au0828 driver loaded
[    6.078794][    T1] usbcore: registered new interface driver au0828
[    6.079677][    T1] usbcore: registered new interface driver hdpvr
[    6.080820][    T1] usbcore: registered new interface driver pvrusb2
[    6.081581][    T1] pvrusb2: V4L in-tree version:Hauppauge WinTV-PVR-USB2 MPEG2 Encoder/Tuner
[    6.082589][    T1] pvrusb2: Debug mask is 31 (0x1f)
[    6.083353][    T1] usbcore: registered new interface driver stk1160
[    6.084288][    T1] usbcore: registered new interface driver cx231xx
[    6.085237][    T1] usbcore: registered new interface driver tm6000
[    6.086253][    T1] usbcore: registered new interface driver em28xx
[    6.087026][    T1] em28xx: Registered (Em28xx v4l2 Extension) extension
[    6.087815][    T1] em28xx: Registered (Em28xx Audio Extension) extension
[    6.088623][    T1] em28xx: Registered (Em28xx dvb Extension) extension
[    6.089406][    T1] em28xx: Registered (Em28xx Input Extension) extension
[    6.090374][    T1] usbcore: registered new interface driver usbtv
[    6.091284][    T1] usbcore: registered new interface driver go7007
[    6.092156][    T1] usbcore: registered new interface driver go7007-loader
[    6.093176][    T1] usbcore: registered new interface driver Abilis Systems as10x usb driver
[    6.103622][    T1] vivid-000: using single planar format API
[    6.111537][    T1] vivid-000: CEC adapter cec0 registered for HDMI input 0
[    6.112728][    T1] vivid-000: V4L2 capture device registered as video3
[    6.113854][    T1] vivid-000: CEC adapter cec1 registered for HDMI output 0
[    6.115011][    T1] vivid-000: V4L2 output device registered as video4
[    6.116120][    T1] vivid-000: V4L2 capture device registered as vbi0, supports raw and sliced VBI
[    6.117492][    T1] vivid-000: V4L2 output device registered as vbi1, supports raw and sliced VBI
[    6.118866][    T1] vivid-000: V4L2 capture device registered as swradio0
[    6.119983][    T1] vivid-000: V4L2 receiver device registered as radio0
[    6.125583][    T1] vivid-000: V4L2 transmitter device registered as radio1
[    6.126782][    T1] vivid-000: V4L2 metadata capture device registered as video5
[    6.127980][    T1] vivid-000: V4L2 metadata output device registered as video6
[    6.129162][    T1] vivid-000: V4L2 touch capture device registered as v4l-touch0
[    6.130706][    T1] vim2m vim2m.0: Device registered as /dev/video0
[    6.132976][    T1] vicodec vicodec.0: Device 'stateful-encoder' registered as /dev/video8
[    6.134299][    T1] vicodec vicodec.0: Device 'stateful-decoder' registered as /dev/video9
[    6.135617][    T1] vicodec vicodec.0: Device 'stateless-decoder' registered as /dev/video10
[    6.138408][    T1] dvbdev: DVB: registering new adapter (dvb_vidtv_bridge)
[    6.142768][    T1] i2c i2c-0: DVB: registering adapter 0 frontend 0 (Dummy demod for DVB-T/T2/C/S/S2)...
[    6.144053][    T1] dvbdev: dvb_create_media_entity: media entity 'Dummy demod for DVB-T/T2/C/S/S2' registered.
[    6.148832][    T1] dvbdev: dvb_create_media_entity: media entity 'dvb-demux' registered.
[    6.152716][    T1] vidtv vidtv.0: Successfully initialized vidtv!
[    6.153721][    T1] usbcore: registered new interface driver radioshark
[    6.154626][    T1] usbcore: registered new interface driver radioshark2
[    6.155553][    T1] usbcore: registered new interface driver dsbr100
[    6.156439][    T1] usbcore: registered new interface driver radio-si470x
[    6.157408][    T1] usbcore: registered new interface driver radio-usb-si4713
[    6.158385][    T1] usbcore: registered new interface driver radio-mr800
[    6.159298][    T1] usbcore: registered new interface driver radio-keene
[    6.160227][    T1] usbcore: registered new interface driver radio-ma901
[    6.161641][    T1] usbcore: registered new interface driver radio-raremono
[    6.163228][    T1] usbcore: registered new interface driver pcwd_usb
[    6.165135][    T1] device-mapper: core: CONFIG_IMA_DISABLE_HTABLE is disabled. Duplicate IMA measurements will not be recorded in the IMA log.
[    6.166837][    T1] device-mapper: uevent: version 1.0.3
[    6.167962][    T1] device-mapper: ioctl: 4.45.0-ioctl (2021-03-22) initialised: dm-devel@redhat.com
[    6.169813][    T1] device-mapper: multipath round-robin: version 1.2.0 loaded
[    6.170904][    T1] device-mapper: multipath queue-length: version 0.2.0 loaded
[    6.171770][    T1] device-mapper: multipath service-time: version 0.3.0 loaded
[    6.172710][    T1] device-mapper: raid: Loading target version 1.15.1
[    6.173820][    T1] Bluetooth: HCI UART driver ver 2.3
[    6.174437][    T1] Bluetooth: HCI UART protocol H4 registered
[    6.175125][    T1] Bluetooth: HCI UART protocol BCSP registered
[    6.175892][    T1] Bluetooth: HCI UART protocol LL registered
[    6.176642][    T1] Bluetooth: HCI UART protocol Three-wire (H5) registered
[    6.177521][    T1] Bluetooth: HCI UART protocol QCA registered
[    6.178214][    T1] Bluetooth: HCI UART protocol AG6XX registered
[    6.178994][    T1] Bluetooth: HCI UART protocol Marvell registered
[    6.179866][    T1] usbcore: registered new interface driver bcm203x
[    6.180787][    T1] usbcore: registered new interface driver bpa10x
[    6.181665][    T1] usbcore: registered new interface driver bfusb
[    6.182569][    T1] usbcore: registered new interface driver btusb
[    6.183504][    T1] usbcore: registered new interface driver ath3k
[    6.184628][    T1] CAPI 2.0 started up with major 68 (middleware)
[    6.185364][    T1] Modular ISDN core version 1.1.29
[    6.186240][    T1] NET: Registered PF_ISDN protocol family
[    6.186907][    T1] DSP module 2.0
[    6.187314][    T1] mISDN_dsp: DSP clocks every 80 samples. This equals 1 jiffies.
[    6.198681][    T1] mISDN: Layer-1-over-IP driver Rev. 2.00
[    6.199864][    T1] 0 virtual devices registered
[    6.201310][    T1] usbcore: registered new interface driver HFC-S_USB
[    6.202084][    T1] VUB300 Driver rom wait states = 1C irqpoll timeout = 0400
[    6.203108][    T1] usbcore: registered new interface driver vub300
[    6.206357][    T1] usbcore: registered new interface driver ushc
[    6.210518][    T1] iscsi: registered transport (iser)
[    6.211963][    T1] SoftiWARP attached
[    6.212688][    T1] Driver 'framebuffer' was unable to register with bus_type 'coreboot' because the bus was not initialized.
[    6.214099][    T1] Driver 'memconsole' was unable to register with bus_type 'coreboot' because the bus was not initialized.
[    6.215410][    T1] Driver 'vpd' was unable to register with bus_type 'coreboot' because the bus was not initialized.
[    6.221957][    T1] hid: raw HID events driver (C) Jiri Kosina
[    6.234271][    T1] usbcore: registered new interface driver usbhid
[    6.235015][    T1] usbhid: USB HID core driver
[    6.236875][    T1] usbcore: registered new interface driver es2_ap_driver
[    6.237680][    T1] comedi: version 0.7.76 - http://www.comedi.org
[    6.238602][    T1] usbcore: registered new interface driver dt9812
[    6.239462][    T1] usbcore: registered new interface driver ni6501
[    6.241292][    T1] usbcore: registered new interface driver usbdux
[    6.242149][    T1] usbcore: registered new interface driver usbduxfast
[    6.243045][    T1] usbcore: registered new interface driver usbduxsigma
[    6.243951][    T1] usbcore: registered new interface driver vmk80xx
[    6.244878][    T1] usbcore: registered new interface driver prism2_usb
[    6.245871][    T1] usbcore: registered new interface driver r8712u
[    6.247056][    T1] ashmem: initialized
[    6.247592][    T1] greybus: registered new driver hid
[    6.248341][    T1] greybus: registered new driver gbphy
[    6.249027][    T1] gb_gbphy: registered new driver usb
[    6.249639][    T1] asus_wmi: ASUS WMI generic driver loaded
[    6.287912][    T1] usbcore: registered new interface driver snd-usb-audio
[    6.288925][    T1] usbcore: registered new interface driver snd-ua101
[    6.289876][    T1] usbcore: registered new interface driver snd-usb-usx2y
[    6.292026][    T1] usbcore: registered new interface driver snd-usb-us122l
[    6.293035][    T1] usbcore: registered new interface driver snd-usb-caiaq
[    6.294018][    T1] usbcore: registered new interface driver snd-usb-6fire
[    6.295025][    T1] usbcore: registered new interface driver snd-usb-hiface
[    6.295989][    T1] usbcore: registered new interface driver snd-bcd2000
[    6.296931][    T1] usbcore: registered new interface driver snd_usb_pod
[    6.297874][    T1] usbcore: registered new interface driver snd_usb_podhd
[    6.298842][    T1] usbcore: registered new interface driver snd_usb_toneport
[    6.299829][    T1] usbcore: registered new interface driver snd_usb_variax
[    6.301887][    T1] drop_monitor: Initializing network drop monitor service
[    6.302959][    T1] NET: Registered PF_LLC protocol family
[    6.303702][    T1] GACT probability on
[    6.304188][    T1] Mirror/redirect action on
[    6.304822][    T1] Simple TC action Loaded
[    6.306499][    T1] netem: version 1.3
[    6.307018][    T1] u32 classifier
[    6.307423][    T1]     Performance counters on
[    6.307950][    T1]     input device check on
[    6.308456][    T1]     Actions configured
[    6.312400][    T1] xt_time: kernel timezone is -0000
[    6.313066][    T1] IPVS: Registered protocols (TCP, UDP, SCTP, AH, ESP)
[    6.313908][    T1] IPVS: Connection hash table configured (size=4096, memory=64Kbytes)
[    6.315109][    T1] IPVS: ipvs loaded.
[    6.315576][    T1] IPVS: [rr] scheduler registered.
[    6.316156][    T1] IPVS: [wrr] scheduler registered.
[    6.316753][    T1] IPVS: [lc] scheduler registered.
[    6.317333][    T1] IPVS: [wlc] scheduler registered.
[    6.317923][    T1] IPVS: [fo] scheduler registered.
[    6.318507][    T1] IPVS: [ovf] scheduler registered.
[    6.319112][    T1] IPVS: [lblc] scheduler registered.
[    6.319724][    T1] IPVS: [lblcr] scheduler registered.
[    6.320389][    T1] IPVS: [dh] scheduler registered.
[    6.320975][    T1] IPVS: [sh] scheduler registered.
[    6.321560][    T1] IPVS: [mh] scheduler registered.
[    6.322139][    T1] IPVS: [sed] scheduler registered.
[    6.322736][    T1] IPVS: [nq] scheduler registered.
[    6.323317][    T1] IPVS: [twos] scheduler registered.
[    6.323985][    T1] IPVS: [sip] pe registered.
[    6.324592][    T1] ipip: IPv4 and MPLS over IPv4 tunneling driver
[    6.326287][    T1] gre: GRE over IPv4 demultiplexor driver
[    6.326962][    T1] ip_gre: GRE over IPv4 tunneling driver
[    6.330536][    T1] IPv4 over IPsec tunneling driver
[    6.332209][    T1] ipt_CLUSTERIP: ClusterIP Version 0.8 loaded successfully
[    6.333110][    T1] Initializing XFRM netlink socket
[    6.333755][    T1] IPsec XFRM device driver
[    6.334541][    T1] NET: Registered PF_INET6 protocol family
[    6.341431][    T1] Segment Routing with IPv6
[    6.341951][    T1] RPL Segment Routing with IPv6
[    6.342554][    T1] In-situ OAM (IOAM) with IPv6
[    6.343244][    T1] mip6: Mobile IPv6
[    6.344954][    T1] sit: IPv6, IPv4 and MPLS over IPv4 tunneling driver
[    6.348359][    T1] ip6_gre: GRE over IPv6 tunneling driver
[    6.350042][    T1] NET: Registered PF_PACKET protocol family
[    6.350856][    T1] NET: Registered PF_KEY protocol family
[    6.351835][    T1] Bridge firewalling registered
[    6.352699][    T1] NET: Registered PF_X25 protocol family
[    6.353417][    T1] X25: Linux Version 0.2
[    6.357604][    T1] NET: Registered PF_NETROM protocol family
[    6.366276][    T1] NET: Registered PF_ROSE protocol family
[    6.367000][    T1] NET: Registered PF_AX25 protocol family
[    6.367665][    T1] can: controller area network core
[    6.368345][    T1] NET: Registered PF_CAN protocol family
[    6.368986][    T1] can: raw protocol
[    6.369432][    T1] can: broadcast manager protocol
