bash: warning: setlocale: LC_ALL: cannot change locale (en_US.UTF-8)
c[?7l[2J[0mSeaBIOS (version 1.16.2-debian-1.16.2-1)
Booting from ROM..c[?7l[2J[0m.early console in extract_kernel
input_data: 0x000000000bf072bf
input_len: 0x00000000046f9cd1
output: 0x0000000001000000
output_len: 0x000000000e23aad8
kernel_total_size: 0x000000000f626000
needed_size: 0x000000000f800000
trampoline_32bit: 0x000000000009d000

Decompressing Linux... Parsing ELF... done.
Booting the kernel.
[    0.000000][    T0] Linux version 5.15.0-rc7+ (root@buildkitsandbox) (gcc (Debian 12.2.0-14+deb12u1) 12.2.0, GNU ld (GNU Binutils for Debian) 2.40) #2 SMP PREEMPT Tue May 26 05:38:36 UTC 2026
[    0.000000][    T0] Command line: console=ttyS0 oops=panic panic=86400 nokaslr earlyprintk=serial rdinit=/init
[    0.000000][    T0] KERNEL supported cpus:
[    0.000000][    T0]   Intel GenuineIntel
[    0.000000][    T0]   AMD AuthenticAMD
[    0.000000][    T0] x86/fpu: Supporting XSAVE feature 0x001: 'x87 floating point registers'
[    0.000000][    T0] x86/fpu: Supporting XSAVE feature 0x002: 'SSE registers'
[    0.000000][    T0] x86/fpu: Supporting XSAVE feature 0x004: 'AVX registers'
[    0.000000][    T0] x86/fpu: xstate_offset[2]:  576, xstate_sizes[2]:  256
[    0.000000][    T0] x86/fpu: Enabled xstate features 0x7, context size is 832 bytes, using 'compacted' format.
[    0.000000][    T0] signal: max sigframe size: 1776
[    0.000000][    T0] BIOS-provided physical RAM map:
[    0.000000][    T0] BIOS-e820: [mem 0x0000000000000000-0x000000000009fbff] usable
[    0.000000][    T0] BIOS-e820: [mem 0x000000000009fc00-0x000000000009ffff] reserved
[    0.000000][    T0] BIOS-e820: [mem 0x00000000000f0000-0x00000000000fffff] reserved
[    0.000000][    T0] BIOS-e820: [mem 0x0000000000100000-0x000000007ffdffff] usable
[    0.000000][    T0] BIOS-e820: [mem 0x000000007ffe0000-0x000000007fffffff] reserved
[    0.000000][    T0] BIOS-e820: [mem 0x00000000feffc000-0x00000000feffffff] reserved
[    0.000000][    T0] BIOS-e820: [mem 0x00000000fffc0000-0x00000000ffffffff] reserved
[    0.000000][    T0] BIOS-e820: [mem 0x000000fd00000000-0x000000ffffffffff] reserved
[    0.000000][    T0] printk: bootconsole [earlyser0] enabled
[    0.000000][    T0] NX (Execute Disable) protection: active
[    0.000000][    T0] SMBIOS 2.8 present.
[    0.000000][    T0] DMI: QEMU Standard PC (i440FX + PIIX, 1996), BIOS 1.16.2-debian-1.16.2-1 04/01/2014
[    0.000000][    T0] Hypervisor detected: KVM
[    0.000000][    T0] kvm-clock: Using msrs 4b564d01 and 4b564d00
[    0.000000][    T0] kvm-clock: cpu 0, msr ee64001, primary cpu clock
[    0.000007][    T0] kvm-clock: using sched offset of 860338432 cycles
[    0.000758][    T0] clocksource: kvm-clock: mask: 0xffffffffffffffff max_cycles: 0x1cd42e4dffb, max_idle_ns: 881590591483 ns
[    0.002810][    T0] tsc: Detected 3493.436 MHz processor
[    0.008159][    T0] last_pfn = 0x7ffe0 max_arch_pfn = 0x400000000
[    0.008902][    T0] x86/PAT: Configuration [0-7]: WB  WC  UC- UC  WB  WP  UC- WT  
[    0.012771][    T0] found SMP MP-table at [mem 0x000f5ba0-0x000f5baf]
[    0.013525][    T0] Using GB pages for direct mapping
[    0.014881][    T0] RAMDISK: [mem 0x7fe88000-0x7ffdffff]
[    0.015487][    T0] ACPI: Early table checksum verification disabled
[    0.016206][    T0] ACPI: RSDP 0x00000000000F59D0 000014 (v00 BOCHS )
[    0.016938][    T0] ACPI: RSDT 0x000000007FFE1B33 000034 (v01 BOCHS  BXPC     00000001 BXPC 00000001)
[    0.017982][    T0] ACPI: FACP 0x000000007FFE19DF 000074 (v01 BOCHS  BXPC     00000001 BXPC 00000001)
[    0.019030][    T0] ACPI: DSDT 0x000000007FFE0040 00199F (v01 BOCHS  BXPC     00000001 BXPC 00000001)
[    0.020077][    T0] ACPI: FACS 0x000000007FFE0000 000040
[    0.020688][    T0] ACPI: APIC 0x000000007FFE1A53 000080 (v01 BOCHS  BXPC     00000001 BXPC 00000001)
[    0.021734][    T0] ACPI: HPET 0x000000007FFE1AD3 000038 (v01 BOCHS  BXPC     00000001 BXPC 00000001)
[    0.022773][    T0] ACPI: WAET 0x000000007FFE1B0B 000028 (v01 BOCHS  BXPC     00000001 BXPC 00000001)
[    0.023809][    T0] ACPI: Reserving FACP table memory at [mem 0x7ffe19df-0x7ffe1a52]
[    0.024684][    T0] ACPI: Reserving DSDT table memory at [mem 0x7ffe0040-0x7ffe19de]
[    0.025547][    T0] ACPI: Reserving FACS table memory at [mem 0x7ffe0000-0x7ffe003f]
[    0.026418][    T0] ACPI: Reserving APIC table memory at [mem 0x7ffe1a53-0x7ffe1ad2]
[    0.027282][    T0] ACPI: Reserving HPET table memory at [mem 0x7ffe1ad3-0x7ffe1b0a]
[    0.028150][    T0] ACPI: Reserving WAET table memory at [mem 0x7ffe1b0b-0x7ffe1b32]
[    0.029771][    T0] No NUMA configuration found
[    0.030280][    T0] Faking a node at [mem 0x0000000000000000-0x000000007ffdffff]
[    0.031112][    T0] NODE_DATA(0) allocated [mem 0x7fe83000-0x7fe87fff]
[    0.035279][    T0] Zone ranges:
[    0.035683][    T0]   DMA      [mem 0x0000000000001000-0x0000000000ffffff]
[    0.036459][    T0]   DMA32    [mem 0x0000000001000000-0x000000007ffdffff]
[    0.037234][    T0]   Normal   empty
[    0.037636][    T0]   Device   empty
[    0.038039][    T0] Movable zone start for each node
[    0.038590][    T0] Early memory node ranges
[    0.039064][    T0]   node   0: [mem 0x0000000000001000-0x000000000009efff]
[    0.039882][    T0]   node   0: [mem 0x0000000000100000-0x000000007ffdffff]
[    0.040723][    T0] Initmem setup node 0 [mem 0x0000000000001000-0x000000007ffdffff]
[    0.041630][    T0] On node 0, zone DMA: 1 pages in unavailable ranges
[    0.041730][    T0] On node 0, zone DMA: 97 pages in unavailable ranges
[    0.053965][    T0] On node 0, zone DMA32: 32 pages in unavailable ranges
[    0.088408][    T0] kasan: KernelAddressSanitizer initialized
[    0.090150][    T0] ACPI: PM-Timer IO Port: 0x608
[    0.090716][    T0] ACPI: LAPIC_NMI (acpi_id[0xff] dfl dfl lint[0x1])
[    0.091502][    T0] IOAPIC[0]: apic_id 0, version 17, address 0xfec00000, GSI 0-23
[    0.092391][    T0] ACPI: INT_SRC_OVR (bus 0 bus_irq 0 global_irq 2 dfl dfl)
[    0.093215][    T0] ACPI: INT_SRC_OVR (bus 0 bus_irq 5 global_irq 5 high level)
[    0.094059][    T0] ACPI: INT_SRC_OVR (bus 0 bus_irq 9 global_irq 9 high level)
[    0.094900][    T0] ACPI: INT_SRC_OVR (bus 0 bus_irq 10 global_irq 10 high level)
[    0.095761][    T0] ACPI: INT_SRC_OVR (bus 0 bus_irq 11 global_irq 11 high level)
[    0.096637][    T0] ACPI: Using ACPI (MADT) for SMP configuration information
[    0.097456][    T0] ACPI: HPET id: 0x8086a201 base: 0xfed00000
[    0.098134][    T0] TSC deadline timer available
[    0.098667][    T0] smpboot: Allowing 2 CPUs, 0 hotplug CPUs
[    0.099352][    T0] kvm-guest: KVM setup pv remote TLB flush
[    0.100022][    T0] kvm-guest: setup PV sched yield
[    0.100612][    T0] PM: hibernation: Registered nosave memory: [mem 0x00000000-0x00000fff]
[    0.101564][    T0] PM: hibernation: Registered nosave memory: [mem 0x0009f000-0x0009ffff]
[    0.102512][    T0] PM: hibernation: Registered nosave memory: [mem 0x000a0000-0x000effff]
[    0.103459][    T0] PM: hibernation: Registered nosave memory: [mem 0x000f0000-0x000fffff]
[    0.104417][    T0] [mem 0x80000000-0xfeffbfff] available for PCI devices
[    0.105198][    T0] Booting paravirtualized kernel on KVM
[    0.105828][    T0] clocksource: refined-jiffies: mask: 0xffffffff max_cycles: 0xffffffff, max_idle_ns: 19112604462750000 ns
[    0.144849][    T0] setup_percpu: NR_CPUS:8 nr_cpumask_bits:8 nr_cpu_ids:2 nr_node_ids:1
[    0.146087][    T0] percpu: Embedded 61 pages/cpu s209736 r8192 d31928 u1048576
[    0.147060][    T0] kvm-guest: setup async PF for cpu 0
[    0.147691][    T0] kvm-guest: stealtime: cpu 0, msr 6bc1f480
[    0.148385][    T0] kvm-guest: PV spinlocks enabled
[    0.148971][    T0] PV qspinlock hash table entries: 256 (order: 0, 4096 bytes, linear)
[    0.149948][    T0] Built 1 zonelists, mobility grouping on.  Total pages: 515808
[    0.150848][    T0] Policy zone: DMA32
[    0.151295][    T0] Kernel command line: console=ttyS0 oops=panic panic=86400 nokaslr earlyprintk=serial rdinit=/init
[    0.153242][    T0] Dentry cache hash table entries: 262144 (order: 9, 2097152 bytes, linear)
[    0.154463][    T0] Inode-cache hash table entries: 131072 (order: 8, 1048576 bytes, linear)
[    0.155757][    T0] mem auto-init: stack:off, heap alloc:on, heap free:off
[    0.252934][    T0] Memory: 1501836K/2096632K available (137249K kernel code, 33834K rwdata, 29244K rodata, 3928K init, 24344K bss, 594540K reserved, 0K cma-reserved)
[    0.256842][    T0] Running RCU self tests
[    0.257351][    T0] rcu: Preemptible hierarchical RCU implementation.
[    0.258123][    T0] rcu: 	RCU lockdep checking is enabled.
[    0.258775][    T0] rcu: 	RCU restricting CPUs from NR_CPUS=8 to nr_cpu_ids=2.
[    0.259633][    T0] rcu: 	RCU callback double-/use-after-free debug enabled.
[    0.260478][    T0] rcu: 	RCU debug extended QS entry/exit.
[    0.261148][    T0] 	Trampoline variant of Tasks RCU enabled.
[    0.261832][    T0] 	Tracing variant of Tasks RCU enabled.
[    0.262481][    T0] rcu: RCU calculated value of scheduler-enlistment delay is 10 jiffies.
[    0.263467][    T0] rcu: Adjusting geometry for rcu_fanout_leaf=16, nr_cpu_ids=2
[    0.288827][    T0] NR_IRQS: 4352, nr_irqs: 440, preallocated irqs: 16
[    0.290145][    T0] kfence: initialized - using 2097152 bytes for 255 objects at 0x(____ptrval____)-0x(____ptrval____)
[    0.291592][    T0] random: crng done (trusting CPU's manufacturer)
[    0.302091][    T0] Console: colour VGA+ 80x25
[    0.302665][    T0] printk: console [ttyS0] enabled
[    0.302665][    T0] printk: console [ttyS0] enabled
[    0.303816][    T0] printk: bootconsole [earlyser0] disabled
[    0.303816][    T0] printk: bootconsole [earlyser0] disabled
[    0.305150][    T0] Lock dependency validator: Copyright (c) 2006 Red Hat, Inc., Ingo Molnar
[    0.306149][    T0] ... MAX_LOCKDEP_SUBCLASSES:  8
[    0.306724][    T0] ... MAX_LOCK_DEPTH:          48
[    0.307308][    T0] ... MAX_LOCKDEP_KEYS:        8192
[    0.307913][    T0] ... CLASSHASH_SIZE:          4096
[    0.308523][    T0] ... MAX_LOCKDEP_ENTRIES:     65536
[    0.309136][    T0] ... MAX_LOCKDEP_CHAINS:      131072
[    0.309762][    T0] ... CHAINHASH_SIZE:          65536
[    0.310378][    T0]  memory used by lock dependency info: 11129 kB
[    0.311121][    T0]  memory used for stack traces: 8320 kB
[    0.311793][    T0]  per task-struct memory footprint: 1920 bytes
[    0.312693][    T0] ACPI: Core revision 20210730
[    0.313641][    T0] clocksource: hpet: mask: 0xffffffff max_cycles: 0xffffffff, max_idle_ns: 19112604467 ns
[    0.314981][    T0] APIC: Switch to symmetric I/O mode setup
[    0.315661][    T0] kvm-guest: setup PV IPIs
[    0.317395][    T0] ..TIMER: vector=0x30 apic1=0 pin1=2 apic2=-1 pin2=-1
[    0.318202][    T0] tsc: Marking TSC unstable due to TSCs unsynchronized
[    0.319005][    T0] Calibrating delay loop (skipped) preset value.. 6986.87 BogoMIPS (lpj=34934360)
[    0.320055][    T0] pid_max: default: 32768 minimum: 301
[    0.320933][    T0] LSM: Security Framework initializing
[    0.321632][    T0] landlock: Up and running.
[    0.322145][    T0] Yama: becoming mindful.
[    0.322703][    T0] TOMOYO Linux initialized
[    0.323223][    T0] SELinux:  Initializing.
[    0.323997][    T0] Mount-cache hash table entries: 4096 (order: 3, 32768 bytes, linear)
[    0.328991][    T0] Mountpoint-cache hash table entries: 4096 (order: 3, 32768 bytes, linear)
[    0.331857][    T0] x86/cpu: User Mode Instruction Prevention (UMIP) activated
[    0.332826][    T0] Last level iTLB entries: 4KB 512, 2MB 255, 4MB 127
[    0.333583][    T0] Last level dTLB entries: 4KB 512, 2MB 255, 4MB 127, 1GB 0
[    0.334427][    T0] Spectre V1 : Mitigation: usercopy/swapgs barriers and __user pointer sanitization
[    0.335487][    T0] Spectre V2 : Spectre mitigation: kernel not compiled with retpoline; no mitigation available!
[    0.335496][    T0] Speculative Store Bypass: Mitigation: Speculative Store Bypass disabled via prctl and seccomp
[    0.339314][    T0] Freeing SMP alternatives memory: 108K
[    0.340358][    T1] smpboot: CPU0: AMD Ryzen Threadripper PRO 3975WX 32-Cores (family: 0x17, model: 0x31, stepping: 0x0)
[    0.343153][    T1] Running RCU-tasks wait API self tests
[    0.459144][    T1] Performance Events: Fam17h+ core perfctr, AMD PMU driver.
[    0.460819][    T1] ... version:                0
[    0.461908][    T1] ... bit width:              48
[    0.463011][    T1] ... generic registers:      6
[    0.464068][    T1] ... value mask:             0000ffffffffffff
[    0.465410][    T1] ... max period:             00007fffffffffff
[    0.466772][    T1] ... fixed-purpose events:   0
[    0.467850][    T1] ... event mask:             000000000000003f
[    0.469842][    T1] rcu: Hierarchical SRCU implementation.
[    0.476355][    T1] smp: Bringing up secondary CPUs ...
[    0.480828][    T1] x86: Booting SMP configuration:
[    0.481982][    T1] .... node  #0, CPUs:      #1
[    0.029013][    T0] kvm-clock: cpu 1, msr ee64041, secondary cpu clock
[    0.485533][   T17] kvm-guest: setup async PF for cpu 1
[    0.485533][   T17] kvm-guest: stealtime: cpu 1, msr 6bd1f480
[    0.489153][    T1] smp: Brought up 1 node, 2 CPUs
[    0.490294][    T1] smpboot: Max logical packages: 1
[    0.491433][    T1] smpboot: Total of 2 processors activated (13973.74 BogoMIPS)
[    0.494624][    T1] devtmpfs: initialized
[    0.494624][    T1] x86/mm: Memory block size: 128MB
[    0.499068][   T12] Callback from call_rcu_tasks_trace() invoked.
[    0.520700][    T1] clocksource: jiffies: mask: 0xffffffff max_cycles: 0xffffffff, max_idle_ns: 19112604462750000 ns
[    0.529021][    T1] futex hash table entries: 512 (order: 4, 65536 bytes, linear)
[    0.534001][    T1] PM: RTC time: 05:39:50, date: 2026-05-26
[    0.536625][    T1] NET: Registered PF_NETLINK/PF_ROUTE protocol family
[    0.540690][    T1] audit: initializing netlink subsys (disabled)
[    0.542114][   T26] audit: type=2000 audit(1779773990.711:1): state=initialized audit_enabled=0 res=1
[    0.542114][    T1] thermal_sys: Registered thermal governor 'step_wise'
[    0.542114][    T1] thermal_sys: Registered thermal governor 'user_space'
[    0.542156][    T1] cpuidle: using governor menu
[    0.544724][    T1] NET: Registered PF_QIPCRTR protocol family
[    0.550122][    T1] ACPI: bus type PCI registered
[    0.550122][    T1] PCI: Using configuration type 1 for base access
[    0.551437][    T1] PCI: Using configuration type 1 for extended access
[    0.671999][    T1] HugeTLB registered 1.00 GiB page size, pre-allocated 0 pages
[    0.679202][    T1] HugeTLB registered 2.00 MiB page size, pre-allocated 0 pages
[    0.679202][   T11] Callback from call_rcu_tasks() invoked.
[    0.681140][   T33] cryptomgr_test (33) used greatest stack depth: 29864 bytes left
[    0.689476][   T64] cryptomgr_test (64) used greatest stack depth: 29424 bytes left
[    0.690988][    T1] cryptd: max_cpu_qlen set to 1000
[    0.709845][    T1] raid6: skip pq benchmark and using algorithm avx2x4
[    0.711426][    T1] raid6: using avx2x2 recovery algorithm
[    0.720175][    T1] ACPI: Added _OSI(Module Device)
[    0.721275][    T1] ACPI: Added _OSI(Processor Device)
[    0.722439][    T1] ACPI: Added _OSI(3.0 _SCP Extensions)
[    0.723714][    T1] ACPI: Added _OSI(Processor Aggregator Device)
[    0.725095][    T1] ACPI: Added _OSI(Linux-Dell-Video)
[    0.726139][    T1] ACPI: Added _OSI(Linux-Lenovo-NV-HDMI-Audio)
[    0.727364][    T1] ACPI: Added _OSI(Linux-HPI-Hybrid-Graphics)
[    0.749364][    T1] ACPI: 1 ACPI AML tables successfully acquired and loaded
[    0.773667][    T1] ACPI: Interpreter enabled
[    0.774382][    T1] ACPI: PM: (supports S0 S3 S4 S5)
[    0.774980][    T1] ACPI: Using IOAPIC for interrupt routing
[    0.775760][    T1] PCI: Using host bridge windows from ACPI; if necessary, use "pci=nocrs" and report a bug
[    0.778351][    T1] ACPI: Enabled 2 GPEs in block 00 to 0F
[    0.821836][    T1] ACPI: PCI Root Bridge [PCI0] (domain 0000 [bus 00-ff])
[    0.822694][    T1] acpi PNP0A03:00: _OSC: OS supports [ExtendedConfig ASPM ClockPM Segments MSI HPX-Type3]
[    0.824525][    T1] PCI host bridge to bus 0000:00
[    0.825083][    T1] pci_bus 0000:00: root bus resource [io  0x0000-0x0cf7 window]
[    0.825937][    T1] pci_bus 0000:00: root bus resource [io  0x0d00-0xffff window]
[    0.826791][    T1] pci_bus 0000:00: root bus resource [mem 0x000a0000-0x000bffff window]
[    0.827731][    T1] pci_bus 0000:00: root bus resource [mem 0x80000000-0xfebfffff window]
[    0.828663][    T1] pci_bus 0000:00: root bus resource [mem 0x100000000-0x17fffffff window]
[    0.828998][    T1] pci_bus 0000:00: root bus resource [bus 00-ff]
[    0.831786][    T1] pci 0000:00:00.0: [8086:1237] type 00 class 0x060000
[    0.846625][    T1] pci 0000:00:01.0: [8086:7000] type 00 class 0x060100
[    0.860141][    T1] pci 0000:00:01.1: [8086:7010] type 00 class 0x010180
[    0.862325][    T1] pci 0000:00:01.1: reg 0x20: [io  0xc000-0xc00f]
[    0.863695][    T1] pci 0000:00:01.1: legacy IDE quirk: reg 0x10: [io  0x01f0-0x01f7]
[    0.864588][    T1] pci 0000:00:01.1: legacy IDE quirk: reg 0x14: [io  0x03f6]
[    0.865406][    T1] pci 0000:00:01.1: legacy IDE quirk: reg 0x18: [io  0x0170-0x0177]
[    0.866292][    T1] pci 0000:00:01.1: legacy IDE quirk: reg 0x1c: [io  0x0376]
[    0.869449][    T1] pci 0000:00:01.3: [8086:7113] type 00 class 0x068000
[    0.870667][    T1] pci 0000:00:01.3: quirk: [io  0x0600-0x063f] claimed by PIIX4 ACPI
[    0.871917][    T1] pci 0000:00:01.3: quirk: [io  0x0700-0x070f] claimed by PIIX4 SMB
[    0.876051][    T1] pci 0000:00:02.0: [1234:1111] type 00 class 0x030000
[    0.877927][    T1] pci 0000:00:02.0: reg 0x10: [mem 0xfd000000-0xfdffffff pref]
[    0.879887][    T1] pci 0000:00:02.0: reg 0x18: [mem 0xfebf0000-0xfebf0fff]
[    0.883613][    T1] pci 0000:00:02.0: reg 0x30: [mem 0xfebe0000-0xfebeffff pref]
[    0.899909][    T1] ACPI: PCI: Interrupt link LNKA configured for IRQ 10
[    0.901925][    T1] ACPI: PCI: Interrupt link LNKB configured for IRQ 10
[    0.903906][    T1] ACPI: PCI: Interrupt link LNKC configured for IRQ 11
[    0.905862][    T1] ACPI: PCI: Interrupt link LNKD configured for IRQ 11
[    0.907160][    T1] ACPI: PCI: Interrupt link LNKS configured for IRQ 9
[    0.911546][    T1] iommu: Default domain type: Translated 
[    0.911546][    T1] iommu: DMA domain TLB invalidation policy: lazy mode 
[    0.911546][    T1] pci 0000:00:02.0: vgaarb: setting as boot VGA device
[    0.911546][    T1] pci 0000:00:02.0: vgaarb: VGA device added: decodes=io+mem,owns=io+mem,locks=none
[    0.912716][    T1] pci 0000:00:02.0: vgaarb: bridge control possible
[    0.914100][    T1] vgaarb: loaded
[    0.920297][    T1] SCSI subsystem initialized
[    0.921370][    T1] ACPI: bus type USB registered
[    0.921370][    T1] usbcore: registered new interface driver usbfs
[    0.921370][    T1] usbcore: registered new interface driver hub
[    0.921923][    T1] usbcore: registered new device driver usb
[    0.929489][    T1] mc: Linux media interface: v0.10
[    0.930154][    T1] videodev: Linux video capture interface: v2.00
[    0.931130][    T1] pps_core: LinuxPPS API ver. 1 registered
[    0.931788][    T1] pps_core: Software ver. 5.3.6 - Copyright 2005-2007 Rodolfo Giometti <giometti@linux.it>
[    0.932955][    T1] PTP clock support registered
[    0.933640][    T1] EDAC MC: Ver: 3.0.0
[    0.933640][    T1] Advanced Linux Sound Architecture Driver Initialized.
[    0.939155][    T1] Bluetooth: Core ver 2.22
[    0.939738][    T1] NET: Registered PF_BLUETOOTH protocol family
[    0.940440][    T1] Bluetooth: HCI device and connection manager initialized
[    0.941274][    T1] Bluetooth: HCI socket layer initialized
[    0.941932][    T1] Bluetooth: L2CAP socket layer initialized
[    0.942653][    T1] Bluetooth: SCO socket layer initialized
[    0.943347][    T1] NET: Registered PF_ATMPVC protocol family
[    0.944018][    T1] NET: Registered PF_ATMSVC protocol family
[    0.944798][    T1] NetLabel: Initializing
[    0.945288][    T1] NetLabel:  domain hash size = 128
[    0.945875][    T1] NetLabel:  protocols = UNLABELED CIPSOv4 CALIPSO
[    0.946784][    T1] NetLabel:  unlabeled traffic allowed by default
[    0.947676][    T1] nfc: nfc_init: NFC Core ver 0.1
[    0.947676][    T1] NET: Registered PF_NFC protocol family
[    0.949039][    T1] PCI: Using ACPI for IRQ routing
[    0.950414][    T1] hpet0: at MMIO 0xfed00000, IRQs 2, 8, 0
[    0.951085][    T1] hpet0: 3 comparators, 64-bit 100.000000 MHz counter
[    0.956290][    T1] clocksource: Switched to clocksource kvm-clock
[    1.349059][    T1] VFS: Disk quotas dquot_6.6.0
[    1.349730][    T1] VFS: Dquot-cache hash table entries: 512 (order 0, 4096 bytes)
[    1.350939][    T1] FS-Cache: Loaded
[    1.351970][    T1] CacheFiles: Loaded
[    1.352661][    T1] TOMOYO: 2.6.0
[    1.353069][    T1] Mandatory Access Control activated.
[    1.353945][    T1] pnp: PnP ACPI init
[    1.358665][    T1] pnp: PnP ACPI: found 6 devices
[    1.385101][    T1] clocksource: acpi_pm: mask: 0xffffff max_cycles: 0xffffff, max_idle_ns: 2085701024 ns
[    1.386580][    T1] NET: Registered PF_INET protocol family
[    1.387354][    T1] IP idents hash table entries: 32768 (order: 6, 262144 bytes, linear)
[    1.389713][    T1] tcp_listen_portaddr_hash hash table entries: 1024 (order: 4, 81920 bytes, linear)
[    1.390860][    T1] TCP established hash table entries: 16384 (order: 5, 131072 bytes, linear)
[    1.392361][    T1] TCP bind hash table entries: 16384 (order: 8, 1179648 bytes, linear)
[    1.393810][    T1] TCP: Hash tables configured (established 16384 bind 16384)
[    1.394983][    T1] MPTCP token hash table entries: 2048 (order: 5, 180224 bytes, linear)
[    1.396251][    T1] UDP hash table entries: 1024 (order: 5, 163840 bytes, linear)
[    1.397233][    T1] UDP-Lite hash table entries: 1024 (order: 5, 163840 bytes, linear)
[    1.398605][    T1] NET: Registered PF_UNIX/PF_LOCAL protocol family
[    1.400201][    T1] RPC: Registered named UNIX socket transport module.
[    1.400998][    T1] RPC: Registered udp transport module.
[    1.401638][    T1] RPC: Registered tcp transport module.
[    1.402277][    T1] RPC: Registered tcp NFSv4.1 backchannel transport module.
[    1.404063][    T1] NET: Registered PF_XDP protocol family
[    1.404732][    T1] pci_bus 0000:00: resource 4 [io  0x0000-0x0cf7 window]
[    1.405546][    T1] pci_bus 0000:00: resource 5 [io  0x0d00-0xffff window]
[    1.406357][    T1] pci_bus 0000:00: resource 6 [mem 0x000a0000-0x000bffff window]
[    1.407245][    T1] pci_bus 0000:00: resource 7 [mem 0x80000000-0xfebfffff window]
[    1.408133][    T1] pci_bus 0000:00: resource 8 [mem 0x100000000-0x17fffffff window]
[    1.409485][    T1] pci 0000:00:01.0: PIIX3: Enabling Passive Release
[    1.410261][    T1] pci 0000:00:00.0: Limiting direct PCI/PCI transfers
[    1.411058][    T1] pci 0000:00:01.0: Activating ISA DMA hang workarounds
[    1.411931][    T1] pci 0000:00:02.0: Video device with shadowed ROM at [mem 0x000c0000-0x000dffff]
[    1.412987][    T1] PCI: CLS 0 bytes, default 64
[    1.415940][   T10] Trying to unpack rootfs image as initramfs...
[    1.429256][    T1] ACPI: bus type thunderbolt registered
[    1.430641][    T1] kvm: no hardware support
[    1.431400][    T1] kvm: Nested Virtualization enabled
[    1.432054][    T1] SVM: kvm: Nested Paging enabled
[    1.479279][  T169] cryptomgr_test (169) used greatest stack depth: 29312 bytes left
[    1.534110][   T10] Freeing initrd memory: 1376K
[    1.535336][  T164] kworker/u4:3 (164) used greatest stack depth: 28560 bytes left
[    1.536225][  T158] kworker/u4:2 (158) used greatest stack depth: 28208 bytes left
[    1.537253][  T168] kworker/u4:3 (168) used greatest stack depth: 28176 bytes left
[    1.538717][  T159] kworker/u4:2 (159) used greatest stack depth: 28000 bytes left
[    3.332867][    T1] Initialise system trusted keyrings
[    3.334553][    T1] workingset: timestamp_bits=40 max_order=19 bucket_order=0
[    3.335704][    T1] zbud: loaded
[    3.338567][    T1] DLM installed
[    3.340952][    T1] squashfs: version 4.0 (2009/01/31) Phillip Lougher
[    3.344054][    T1] FS-Cache: Netfs 'nfs' registered for caching
[    3.345036][  T270] kworker/u4:3 (270) used greatest stack depth: 27696 bytes left
[    3.345267][    T1] NFS: Registering the id_resolver key type
[    3.347402][    T1] Key type id_resolver registered
[    3.347980][    T1] Key type id_legacy registered
[    3.348576][    T1] nfs4filelayout_init: NFSv4 File Layout Driver Registering...
[    3.349583][    T1] nfs4flexfilelayout_init: NFSv4 Flexfile Layout Driver Registering...
[    3.350519][    T1] Installing knfsd (copyright (C) 1996 okir@monad.swb.de).
[    3.353711][    T1] FS-Cache: Netfs 'cifs' registered for caching
[    3.355543][    T1] Key type cifs.spnego registered
[    3.356757][    T1] Key type cifs.idmap registered
[    3.358129][    T1] ntfs: driver 2.1.32 [Flags: R/W].
[    3.359586][    T1] efs: 1.0a - http://aeschi.ch.eu.org/efs/
[    3.360867][    T1] jffs2: version 2.2. (NAND) (SUMMARY)  © 2001-2006 Red Hat, Inc.
[    3.363621][    T1] romfs: ROMFS MTD (C) 2007 Red Hat, Inc.
[    3.364901][    T1] QNX4 filesystem 0.2.3 registered.
[    3.366045][    T1] qnx6: QNX6 filesystem 1.0.0 registered.
[    3.367637][    T1] fuse: init (API version 7.34)
[    3.370422][    T1] orangefs_debugfs_init: called with debug mask: :none: :0:
[    3.372521][    T1] orangefs_init: module version upstream loaded
[    3.374101][    T1] JFS: nTxBlock = 8192, nTxLock = 65536
[    3.385216][    T1] SGI XFS with ACLs, security attributes, realtime, quota, fatal assert, debug enabled
[    3.388886][    T1] 9p: Installing v9fs 9p2000 file system support
[    3.390356][    T1] FS-Cache: Netfs '9p' registered for caching
[    3.391868][    T1] NILFS version 2 loaded
[    3.392773][    T1] befs: version: 0.9.3
[    3.393984][    T1] ocfs2: Registered cluster interface o2cb
[    3.395649][    T1] ocfs2: Registered cluster interface user
[    3.397129][    T1] OCFS2 User DLM kernel interface loaded
[    3.402551][    T1] gfs2: GFS2 installed
[    3.407686][    T1] FS-Cache: Netfs 'ceph' registered for caching
[    3.409084][    T1] ceph: loaded (mds proto 32)
[    3.419224][    T1] NET: Registered PF_ALG protocol family
[    3.420587][    T1] xor: automatically using best checksumming function   avx       
[    3.421518][    T1] async_tx: api initialized (async)
[    3.422118][    T1] Key type asymmetric registered
[    3.422700][    T1] Asymmetric key parser 'x509' registered
[    3.423374][    T1] Asymmetric key parser 'pkcs8' registered
[    3.424033][    T1] Key type pkcs7_test registered
[    3.424590][    T1] Asymmetric key parser 'tpm_parser' registered
[    3.425465][    T1] Block layer SCSI generic (bsg) driver version 0.4 loaded (major 241)
[    3.426792][    T1] io scheduler mq-deadline registered
[    3.427845][    T1] io scheduler kyber registered
[    3.428897][    T1] io scheduler bfq registered
[    3.440363][    T1] usbcore: registered new interface driver udlfb
[    3.441762][    T1] usbcore: registered new interface driver smscufx
[    3.444671][    T1] uvesafb: failed to execute /sbin/v86d
[    3.445754][    T1] uvesafb: make sure that the v86d helper is installed and executable
[    3.447187][    T1] uvesafb: Getting VBE info block failed (eax=0x4f00, err=-2)
[    3.448014][    T1] uvesafb: vbe_init() failed with -22
[    3.448611][    T1] uvesafb: probe of uvesafb.0 failed with error -22
[    3.449747][    T1] vga16fb: mapped to 0x0000000059c80940
[    4.030005][    T1] Console: switching to colour frame buffer device 80x30
[    4.353873][    T1] fb0: VGA16 VGA frame buffer device
[    4.355351][    T1] input: Power Button as /devices/LNXSYSTM:00/LNXPWRBN:00/input/input0
[    4.358276][    T1] ACPI: button: Power Button [PWRF]
[    4.531381][  T862] kworker/u4:0 (862) used greatest stack depth: 27520 bytes left
[    4.532528][    T1] N_HDLC line discipline registered with maxframe=4096
[    4.533532][    T1] Serial: 8250/16550 driver, 4 ports, IRQ sharing enabled
[    4.535034][    T1] 00:04: ttyS0 at I/O 0x3f8 (irq = 4, base_baud = 115200) is a 16550A
[    4.543361][    T1] Non-volatile memory driver v1.3
[    4.544321][    T1] Linux agpgart interface v0.103
[    4.552256][    T1] [drm] Initialized vgem 1.0.0 20120112 for vgem on minor 0
[    4.555555][    T1] [drm] Initialized vkms 1.0.0 20180514 for vkms on minor 1
[    4.565355][    T1] platform vkms: [drm] fb1: vkms frame buffer device
[    4.566418][    T1] usbcore: registered new interface driver udl
[    4.567416][    T1] fb0: switching to bochs-drm from VGA16 VGA
[    4.762692][    T1] Console: switching to colour VGA+ 80x25
[    4.764629][    T1] bochs-drm 0000:00:02.0: vgaarb: deactivate vga console
[    4.767743][    T1] Console: switching to colour dummy device 80x25
[    4.770630][    T1] [drm] Found bochs VGA, ID 0xb0c5.
[    4.771344][    T1] [drm] Framebuffer size 16384 kB @ 0xfd000000, mmio @ 0xfebf0000.
[    4.773907][    T1] [drm] Found EDID data blob.
[    4.775702][    T1] [drm] Initialized bochs-drm 1.0.0 20130925 for 0000:00:02.0 on minor 2
[    4.781080][    T1] fbcon: bochs-drm (fb0) is primary device
[    4.838243][    T1] Console: switching to colour frame buffer device 160x50
[    4.877579][    T1] bochs-drm 0000:00:02.0: [drm] fb0: bochs-drm frame buffer device
[    4.891386][   T10] Floppy drive(s): fd0 is 2.88M AMI BIOS
[    4.929672][   T10] FDC 0 is a S82078B
[    4.930416][    T1] brd: module loaded
[    4.971716][    T1] loop: module loaded
[    5.035140][    T1] the cryptoloop driver has been deprecated and will be removed in in Linux 5.16
[    5.038051][    T1] zram: Added device: zram0
[    5.042461][    T1] null_blk: module loaded
[    5.043225][    T1] Guest personality initialized and is inactive
[    5.044345][    T1] VMCI host device registered (name=vmci, major=10, minor=120)
[    5.045392][    T1] Initialized host personality
[    5.046171][    T1] usbcore: registered new interface driver rtsx_usb
[    5.047405][    T1] usbcore: registered new interface driver viperboard
[    5.048464][    T1] usbcore: registered new interface driver dln2
[    5.049765][    T1] usbcore: registered new interface driver pn533_usb
[    5.052293][    T1] nfcsim 0.2 initialized
[    5.052980][    T1] usbcore: registered new interface driver port100
[    5.053954][    T1] usbcore: registered new interface driver nfcmrvl
[    5.056200][    T1] Loading iSCSI transport class v2.0-870.
[    5.062977][    T1] st: Version 20160209, fixed bufsize 32768, s/g segs 256
[    5.074433][    T1] scsi host0: ata_piix
[    5.076111][    T1] scsi host1: ata_piix
[    5.077098][    T1] ata1: PATA max MWDMA2 cmd 0x1f0 ctl 0x3f6 bmdma 0xc000 irq 14
[    5.078162][    T1] ata2: PATA max MWDMA2 cmd 0x170 ctl 0x376 bmdma 0xc008 irq 15
[    5.084110][    T1] Rounding down aligned max_sectors from 4294967295 to 4294967288
[    5.085468][    T1] db_root: cannot open: /etc/target
[    5.086382][    T1] slram: not enough parameters.
[    5.088927][    T1] ftl_cs: FTL header not found.
[    5.099487][    T1] wireguard: WireGuard 1.0.0 loaded. See www.wireguard.com for information.
[    5.100460][    T1] wireguard: Copyright (C) 2015-2019 Jason A. Donenfeld <Jason@zx2c4.com>. All Rights Reserved.
[    5.101613][    T1] eql: Equalizer2002: Simon Janes (simon@ncm.com) and David S. Miller (davem@redhat.com)
[    5.105015][    T1] MACsec IEEE 802.1AE
[    5.106795][    T1] libphy: Fixed MDIO Bus: probed
[    5.108544][    T1] tun: Universal TUN/TAP device driver, 1.6
[    5.110189][    T1] vcan: Virtual CAN interface driver
[    5.110786][    T1] vxcan: Virtual CAN Tunnel driver
[    5.111356][    T1] slcan: serial line CAN interface driver
[    5.111989][    T1] slcan: 10 dynamic interface channels.
[    5.112612][    T1] CAN device driver interface
[    5.113345][    T1] usbcore: registered new interface driver usb_8dev
[    5.114301][    T1] usbcore: registered new interface driver ems_usb
[    5.115935][    T1] usbcore: registered new interface driver esd_usb2
[    5.118414][    T1] usbcore: registered new interface driver gs_usb
[    5.120264][    T1] usbcore: registered new interface driver kvaser_usb
[    5.121094][    T1] usbcore: registered new interface driver mcba_usb
[    5.121968][    T1] usbcore: registered new interface driver peak_usb
[    5.122948][    T1] e100: Intel(R) PRO/100 Network Driver
[    5.123576][    T1] e100: Copyright(c) 1999-2006 Intel Corporation
[    5.124363][    T1] e1000: Intel(R) PRO/1000 Network Driver
[    5.125002][    T1] e1000: Copyright (c) 1999-2006 Intel Corporation.
[    5.125855][    T1] e1000e: Intel(R) PRO/1000 Network Driver
[    5.126509][    T1] e1000e: Copyright(c) 1999 - 2015 Intel Corporation.
[    5.127797][    T1] mkiss: AX.25 Multikiss, Hans Albas PE1AYX
[    5.128457][    T1] AX.25: 6pack driver, Revision: 0.3.0
[    5.129385][    T1] AX.25: bpqether driver version 004
[    5.129971][    T1] PPP generic driver version 2.4.2
[    5.130983][    T1] PPP BSD Compression module registered
[    5.131615][    T1] PPP Deflate Compression module registered
[    5.132302][    T1] PPP MPPE Compression module registered
[    5.132924][    T1] NET: Registered PF_PPPOX protocol family
[    5.133592][    T1] PPTP driver version 0.8.5
[    5.134377][    T1] SLIP: version 0.8.4-NET3.019-NEWTTY (dynamic channels, max=256) (6 bit encapsulation enabled).
[    5.135535][    T1] CSLIP: code copyright 1989 Regents of the University of California.
[    5.136428][    T1] SLIP linefill/keepalive option.
[    5.136983][    T1] hdlc: HDLC support module revision 1.22
[    5.137624][    T1] LAPB Ethernet driver version 0.02
[    5.138713][    T1] usbcore: registered new interface driver ath9k_htc
[    5.139867][    T1] usbcore: registered new interface driver carl9170
[    5.140670][    T1] usbcore: registered new interface driver ath6kl_usb
[    5.141486][    T1] usbcore: registered new interface driver ar5523
[    5.142491][    T1] usbcore: registered new interface driver ath10k_usb
[    5.143342][    T1] usbcore: registered new interface driver rndis_wlan
[    5.144197][    T1] mac80211_hwsim: initializing netlink
[    5.155929][    T1] usbcore: registered new interface driver atusb
[    5.160957][    T1] mac802154_hwsim mac802154_hwsim: Added 2 mac802154 hwsim hardware radios
[    5.162868][    T1] VMware vmxnet3 virtual NIC driver - version 1.6.0.0-k-NAPI
[    5.164111][    T1] usbcore: registered new interface driver catc
[    5.165055][    T1] usbcore: registered new interface driver kaweth
[    5.165935][    T1] pegasus: Pegasus/Pegasus II USB Ethernet driver
[    5.166908][    T1] usbcore: registered new interface driver pegasus
[    5.167889][    T1] usbcore: registered new interface driver rtl8150
[    5.168885][    T1] usbcore: registered new interface driver r8152
[    5.170242][    T1] hso: drivers/net/usb/hso.c: Option Wireless
[    5.171218][    T1] usbcore: registered new interface driver hso
[    5.172435][    T1] usbcore: registered new interface driver lan78xx
[    5.173426][    T1] usbcore: registered new interface driver asix
[    5.174373][    T1] usbcore: registered new interface driver ax88179_178a
[    5.175409][    T1] usbcore: registered new interface driver cdc_ether
[    5.176406][    T1] usbcore: registered new interface driver cdc_eem
[    5.177380][    T1] usbcore: registered new interface driver dm9601
[    5.178345][    T1] usbcore: registered new interface driver sr9700
[    5.179820][    T1] usbcore: registered new interface driver CoreChips
[    5.180844][    T1] usbcore: registered new interface driver smsc75xx
[    5.181855][    T1] usbcore: registered new interface driver smsc95xx
[    5.182847][    T1] usbcore: registered new interface driver gl620a
[    5.183818][    T1] usbcore: registered new interface driver net1080
[    5.184790][    T1] usbcore: registered new interface driver plusb
[    5.185727][    T1] usbcore: registered new interface driver rndis_host
[    5.186730][    T1] usbcore: registered new interface driver cdc_subset
[    5.187730][    T1] usbcore: registered new interface driver zaurus
[    5.188692][    T1] usbcore: registered new interface driver MOSCHIP usb-ethernet driver
[    5.189951][    T1] usbcore: registered new interface driver int51x1
[    5.190927][    T1] usbcore: registered new interface driver cdc_phonet
[    5.191933][    T1] usbcore: registered new interface driver kalmia
[    5.192887][    T1] usbcore: registered new interface driver ipheth
[    5.193858][    T1] usbcore: registered new interface driver sierra_net
[    5.194879][    T1] usbcore: registered new interface driver cx82310_eth
[    5.195927][    T1] usbcore: registered new interface driver cdc_ncm
[    5.196899][    T1] usbcore: registered new interface driver huawei_cdc_ncm
[    5.197963][    T1] usbcore: registered new interface driver lg-vl600
[    5.198949][    T1] usbcore: registered new interface driver qmi_wwan
[    5.201121][    T1] usbcore: registered new interface driver cdc_mbim
[    5.202104][    T1] usbcore: registered new interface driver ch9200
[    5.204459][    T1] VFIO - User Level meta-driver version: 0.3
[    5.208442][    T1] aoe: AoE v85 initialised.
[    5.211005][    T1] ehci_hcd: USB 2.0 'Enhanced' Host Controller (EHCI) Driver
[    5.211866][    T1] ehci-pci: EHCI PCI platform driver
[    5.212548][    T1] ehci-platform: EHCI generic platform driver
[    5.213605][    T1] ohci_hcd: USB 1.1 'Open' Host Controller (OHCI) Driver
[    5.214437][    T1] ohci-pci: OHCI PCI platform driver
[    5.215238][    T1] ohci-platform: OHCI generic platform driver
[    5.216106][    T1] uhci_hcd: USB Universal Host Controller Interface driver
[    5.217352][    T1] driver u132_hcd
[    5.218374][    T1] fotg210_hcd: FOTG210 Host Controller (EHCI) Driver
[    5.219874][    T1] Warning! fotg210_hcd should always be loaded before uhci_hcd and ohci_hcd, not after
[    5.221243][    T1] usbcore: registered new interface driver cdc_acm
[    5.221985][    T1] cdc_acm: USB Abstract Control Model driver for USB modems and ISDN adapters
[    5.223079][    T1] usbcore: registered new interface driver usblp
[    5.223867][    T1] usbcore: registered new interface driver cdc_wdm
[    5.224666][    T1] usbcore: registered new interface driver usbtmc
[    5.225642][    T1] usbcore: registered new interface driver uas
[    5.226616][    T1] usbcore: registered new interface driver usb-storage
[    5.227627][    T1] usbcore: registered new interface driver ums-alauda
[    5.228623][    T1] usbcore: registered new interface driver ums-cypress
[    5.229671][    T1] usbcore: registered new interface driver ums-datafab
[    5.230698][    T1] usbcore: registered new interface driver ums_eneub6250
[    5.231721][    T1] usbcore: registered new interface driver ums-freecom
[    5.232736][    T1] usbcore: registered new interface driver ums-isd200
[    5.233732][    T1] usbcore: registered new interface driver ums-jumpshot
[    5.234753][    T1] usbcore: registered new interface driver ums-karma
[    5.235728][    T1] usbcore: registered new interface driver ums-onetouch
[    5.236773][    T1] usbcore: registered new interface driver ums-realtek
[    5.237777][    T1] usbcore: registered new interface driver ums-sddr09
[    5.238790][    T1] usbcore: registered new interface driver ums-sddr55
[    5.239962][    T1] usbcore: registered new interface driver ums-usbat
[    5.240988][    T1] usbcore: registered new interface driver mdc800
[    5.241873][    T1] mdc800: v0.7.5 (30/10/2000):USB Driver for Mustek MDC800 Digital Camera
[    5.243118][    T1] usbcore: registered new interface driver microtekX6
[    5.244234][    T1] usbcore: registered new interface driver usbserial_generic
[    5.245493][    T1] usbserial: USB Serial support registered for generic
[    5.246538][    T1] usbcore: registered new interface driver aircable
[    5.247523][    T1] usbserial: USB Serial support registered for aircable
[    5.248557][    T1] usbcore: registered new interface driver ark3116
[    5.249566][    T1] usbserial: USB Serial support registered for ark3116
[    5.250709][    T1] usbcore: registered new interface driver belkin_sa
[    5.251105][ T1129] ata2.00: ATAPI: QEMU DVD-ROM, 2.5+, max UDMA/100
[    5.251748][    T1] usbserial: USB Serial support registered for Belkin / Peracom / GoHubs USB Serial Adapter
[    5.254023][    T1] usbcore: registered new interface driver ch341
[    5.254845][    T1] usbserial: USB Serial support registered for ch341-uart
[    5.255734][    T1] usbcore: registered new interface driver cp210x
[    5.256524][    T1] usbserial: USB Serial support registered for cp210x
[    5.258418][    T1] usbcore: registered new interface driver cyberjack
[    5.260976][   T10] scsi 1:0:0:0: CD-ROM            QEMU     QEMU DVD-ROM     2.5+ PQ: 0 ANSI: 5
[    5.261344][    T1] usbserial: USB Serial support registered for Reiner SCT Cyberjack USB card reader
[    5.263323][    T1] usbcore: registered new interface driver cypress_m8
[    5.264259][    T1] usbserial: USB Serial support registered for DeLorme Earthmate USB
[    5.265358][    T1] usbserial: USB Serial support registered for HID->COM RS232 Adapter
[    5.266367][    T1] usbserial: USB Serial support registered for Nokia CA-42 V2 Adapter
[    5.267632][    T1] usbcore: registered new interface driver usb_debug
[    5.268447][    T1] usbserial: USB Serial support registered for debug
[    5.269429][    T1] usbserial: USB Serial support registered for xhci_dbc
[    5.270308][    T1] usbcore: registered new interface driver digi_acceleport
[    5.271193][    T1] usbserial: USB Serial support registered for Digi 2 port USB adapter
[    5.272183][    T1] usbserial: USB Serial support registered for Digi 4 port USB adapter
[    5.273197][    T1] usbcore: registered new interface driver io_edgeport
[    5.274040][    T1] usbserial: USB Serial support registered for Edgeport 2 port adapter
[    5.275035][    T1] usbserial: USB Serial support registered for Edgeport 4 port adapter
[    5.276029][    T1] usbserial: USB Serial support registered for Edgeport 8 port adapter
[    5.277019][    T1] usbserial: USB Serial support registered for EPiC device
[    5.277906][    T1] usbcore: registered new interface driver io_ti
[    5.278685][    T1] usbserial: USB Serial support registered for Edgeport TI 1 port adapter
[    5.279800][    T1] usbserial: USB Serial support registered for Edgeport TI 2 port adapter
[    5.280839][    T1] usbcore: registered new interface driver empeg
[    5.281609][    T1] usbserial: USB Serial support registered for empeg
[    5.282457][    T1] usbcore: registered new interface driver f81534a_ctrl
[    5.283318][    T1] usbcore: registered new interface driver f81232
[    5.284103][    T1] usbserial: USB Serial support registered for f81232
[    5.284921][    T1] usbserial: USB Serial support registered for f81534a
[    5.285769][    T1] usbcore: registered new interface driver f81534
[    5.286557][    T1] usbserial: USB Serial support registered for Fintek F81532/F81534
[    5.287532][    T1] usbcore: registered new interface driver ftdi_sio
[    5.288335][    T1] usbserial: USB Serial support registered for FTDI USB Serial Device
[    5.289354][    T1] usbcore: registered new interface driver garmin_gps
[    5.290182][    T1] usbserial: USB Serial support registered for Garmin GPS usb/tty
[    5.291138][    T1] usbcore: registered new interface driver ipaq
[    5.291896][    T1] usbserial: USB Serial support registered for PocketPC PDA
[    5.292802][    T1] usbcore: registered new interface driver ipw
[    5.293558][    T1] usbserial: USB Serial support registered for IPWireless converter
[    5.294538][    T1] usbcore: registered new interface driver ir_usb
[    5.295318][    T1] usbserial: USB Serial support registered for IR Dongle
[    5.296181][    T1] usbcore: registered new interface driver iuu_phoenix
[    5.297009][    T1] usbserial: USB Serial support registered for iuu_phoenix
[    5.297904][    T1] usbcore: registered new interface driver keyspan
[    5.299037][    T1] usbserial: USB Serial support registered for Keyspan - (without firmware)
[    5.300083][    T1] usbserial: USB Serial support registered for Keyspan 1 port adapter
[    5.301062][    T1] usbserial: USB Serial support registered for Keyspan 2 port adapter
[    5.302076][    T1] usbserial: USB Serial support registered for Keyspan 4 port adapter
[    5.303175][    T1] usbcore: registered new interface driver keyspan_pda
[    5.304015][    T1] usbserial: USB Serial support registered for Keyspan PDA
[    5.304892][    T1] usbserial: USB Serial support registered for Keyspan PDA - (prerenumeration)
[    5.305982][    T1] usbcore: registered new interface driver kl5kusb105
[    5.306807][    T1] usbserial: USB Serial support registered for KL5KUSB105D / PalmConnect
[    5.307836][    T1] usbcore: registered new interface driver kobil_sct
[    5.308644][    T1] usbserial: USB Serial support registered for KOBIL USB smart card terminal
[    5.309810][    T1] usbcore: registered new interface driver mct_u232
[    5.310627][    T1] usbserial: USB Serial support registered for MCT U232
[    5.311486][    T1] usbcore: registered new interface driver metro_usb
[    5.312306][    T1] usbserial: USB Serial support registered for Metrologic USB to Serial
[    5.313328][    T1] usbcore: registered new interface driver mos7720
[    5.314123][    T1] usbserial: USB Serial support registered for Moschip 2 port adapter
[    5.315133][    T1] usbcore: registered new interface driver mos7840
[    5.315929][    T1] usbserial: USB Serial support registered for Moschip 7840/7820 USB Serial Driver
[    5.317057][    T1] usbcore: registered new interface driver mxuport
[    5.317858][    T1] usbserial: USB Serial support registered for MOXA UPort
[    5.318750][    T1] usbcore: registered new interface driver navman
[    5.319584][    T1] usbserial: USB Serial support registered for navman
[    5.320467][    T1] usbcore: registered new interface driver omninet
[    5.321261][    T1] usbserial: USB Serial support registered for ZyXEL - omni.net usb
[    5.322260][    T1] usbcore: registered new interface driver opticon
[    5.323059][    T1] usbserial: USB Serial support registered for opticon
[    5.323915][    T1] usbcore: registered new interface driver option
[    5.324796][    T1] usbserial: USB Serial support registered for GSM modem (1-port)
[    5.325759][    T1] usbcore: registered new interface driver oti6858
[    5.326561][    T1] usbserial: USB Serial support registered for oti6858
[    5.327412][    T1] usbcore: registered new interface driver pl2303
[    5.328203][    T1] usbserial: USB Serial support registered for pl2303
[    5.329078][    T1] usbcore: registered new interface driver qcaux
[    5.329858][    T1] usbserial: USB Serial support registered for qcaux
[    5.330693][    T1] usbcore: registered new interface driver qcserial
[    5.331496][    T1] usbserial: USB Serial support registered for Qualcomm USB modem
[    5.332466][    T1] usbcore: registered new interface driver quatech2
[    5.333274][    T1] usbserial: USB Serial support registered for Quatech 2nd gen USB to Serial Driver
[    5.334419][    T1] usbcore: registered new interface driver safe_serial
[    5.335261][    T1] usbserial: USB Serial support registered for safe_serial
[    5.336155][    T1] usbcore: registered new interface driver sierra
[    5.336942][    T1] usbserial: USB Serial support registered for Sierra USB modem
[    5.337884][    T1] usbcore: registered new interface driver usb_serial_simple
[    5.338783][    T1] usbserial: USB Serial support registered for carelink
[    5.339661][    T1] usbserial: USB Serial support registered for zio
[    5.340458][    T1] usbserial: USB Serial support registered for funsoft
[    5.341300][    T1] usbserial: USB Serial support registered for flashloader
[    5.342184][    T1] usbserial: USB Serial support registered for google
[    5.343015][    T1] usbserial: USB Serial support registered for libtransistor
[    5.343950][    T1] usbserial: USB Serial support registered for vivopay
[    5.344788][    T1] usbserial: USB Serial support registered for moto_modem
[    5.345652][    T1] usbserial: USB Serial support registered for motorola_tetra
[    5.346563][    T1] usbserial: USB Serial support registered for novatel_gps
[    5.347440][    T1] usbserial: USB Serial support registered for hp4x
[    5.348487][    T1] usbserial: USB Serial support registered for suunto
[    5.349338][    T1] usbserial: USB Serial support registered for siemens_mpi
[    5.350237][    T1] usbcore: registered new interface driver spcp8x5
[    5.351030][    T1] usbserial: USB Serial support registered for SPCP8x5
[    5.351880][    T1] usbcore: registered new interface driver ssu100
[    5.352671][    T1] usbserial: USB Serial support registered for Quatech SSU-100 USB to Serial Driver
[    5.353820][    T1] usbcore: registered new interface driver symbolserial
[    5.354677][    T1] usbserial: USB Serial support registered for symbol
[    5.355525][    T1] usbcore: registered new interface driver ti_usb_3410_5052
[    5.356414][    T1] usbserial: USB Serial support registered for TI USB 3410 1 port adapter
[    5.357442][    T1] usbserial: USB Serial support registered for TI USB 5052 2 port adapter
[    5.358497][    T1] usbcore: registered new interface driver upd78f0730
[    5.359348][    T1] usbserial: USB Serial support registered for upd78f0730
[    5.360234][    T1] usbcore: registered new interface driver visor
[    5.361014][    T1] usbserial: USB Serial support registered for Handspring Visor / Palm OS
[    5.362038][    T1] usbserial: USB Serial support registered for Sony Clie 5.0
[    5.362942][    T1] usbserial: USB Serial support registered for Sony Clie 3.5
[    5.363860][    T1] usbcore: registered new interface driver wishbone_serial
[    5.364737][    T1] usbserial: USB Serial support registered for wishbone_serial
[    5.365666][    T1] usbcore: registered new interface driver whiteheat
[    5.366486][    T1] usbserial: USB Serial support registered for Connect Tech - WhiteHEAT - (prerenumeration)
[    5.367686][    T1] usbserial: USB Serial support registered for Connect Tech - WhiteHEAT
[    5.368715][    T1] usbcore: registered new interface driver xr_serial
[    5.369569][    T1] usbserial: USB Serial support registered for xr_serial
[    5.370460][    T1] usbcore: registered new interface driver xsens_mt
[    5.371275][    T1] usbserial: USB Serial support registered for xsens_mt
[    5.372152][    T1] usbcore: registered new interface driver adutux
[    5.372966][    T1] usbcore: registered new interface driver appledisplay
[    5.373841][    T1] usbcore: registered new interface driver cypress_cy7c63
[    5.374766][    T1] usbcore: registered new interface driver cytherm
[    5.375588][    T1] usbcore: registered new interface driver emi26 - firmware loader
[    5.376568][    T1] usbcore: registered new interface driver emi62 - firmware loader
[    5.377476][    T1] ftdi_elan: driver ftdi-elan
[    5.378098][    T1] usbcore: registered new interface driver ftdi-elan
[    5.378942][    T1] usbcore: registered new interface driver idmouse
[    5.379791][    T1] usbcore: registered new interface driver iowarrior
[    5.380634][    T1] usbcore: registered new interface driver isight_firmware
[    5.381533][    T1] usbcore: registered new interface driver usblcd
[    5.382350][    T1] usbcore: registered new interface driver ldusb
[    5.383155][    T1] usbcore: registered new interface driver legousbtower
[    5.384059][    T1] usbcore: registered new interface driver usbtest
[    5.384884][    T1] usbcore: registered new interface driver usb_ehset_test
[    5.385777][    T1] usbcore: registered new interface driver trancevibrator
[    5.386682][    T1] usbcore: registered new interface driver uss720
[    5.387421][    T1] uss720: USB Parport Cable driver for Cables using the Lucent Technologies USS720 Chip
[    5.388532][    T1] uss720: NOTE: this is a special purpose driver to allow nonstandard
[    5.389489][    T1] uss720: protocols (eg. bitbang) over USS720 usb to parallel cables
[    5.390418][    T1] uss720: If you just want to connect to a printer, use usblp instead
[    5.391437][    T1] usbcore: registered new interface driver usbsevseg
[    5.392279][    T1] usbcore: registered new interface driver yurex
[    5.393297][    T1] usbcore: registered new interface driver chaoskey
[    5.394134][    T1] usbcore: registered new interface driver sisusb
[    5.394957][    T1] usbcore: registered new interface driver lvs
[    5.395767][    T1] usbcore: registered new interface driver cxacru
[    5.396607][    T1] usbcore: registered new interface driver speedtch
[    5.397470][    T1] usbcore: registered new interface driver ueagle-atm
[    5.398257][    T1] xusbatm: malformed module parameters
[    5.400391][    T1] dummy_hcd dummy_hcd.0: USB Host+Gadget Emulator, driver 02 May 2005
[    5.401351][    T1] dummy_hcd dummy_hcd.0: Dummy host controller
[    5.404599][    T1] dummy_hcd dummy_hcd.0: new USB bus registered, assigned bus number 1
[    5.406116][    T1] usb usb1: New USB device found, idVendor=1d6b, idProduct=0002, bcdDevice= 5.15
[    5.407193][    T1] usb usb1: New USB device strings: Mfr=3, Product=2, SerialNumber=1
[    5.408121][    T1] usb usb1: Product: Dummy host controller
[    5.408788][    T1] usb usb1: Manufacturer: Linux 5.15.0-rc7+ dummy_hcd
[    5.409666][    T1] usb usb1: SerialNumber: dummy_hcd.0
[    5.412354][    T1] hub 1-0:1.0: USB hub found
[    5.413059][    T1] hub 1-0:1.0: 1 port detected
[    5.417591][    T1] gadgetfs: USB Gadget filesystem, version 24 Aug 2004
[    5.421576][   T10] sr 1:0:0:0: [sr0] scsi3-mmc drive: 4x/4x cd/rw xa/form2 tray
[    5.421714][    T1] vhci_hcd vhci_hcd.0: USB/IP Virtual Host Controller
[    5.422481][   T10] cdrom: Uniform CD-ROM driver Revision: 3.20
[    5.423590][    T1] vhci_hcd vhci_hcd.0: new USB bus registered, assigned bus number 2
[    5.425203][    T1] vhci_hcd: created sysfs vhci_hcd.0
[    5.426541][    T1] usb usb2: New USB device found, idVendor=1d6b, idProduct=0002, bcdDevice= 5.15
[    5.427614][    T1] usb usb2: New USB device strings: Mfr=3, Product=2, SerialNumber=1
[    5.428544][    T1] usb usb2: Product: USB/IP Virtual Host Controller
[    5.429381][    T1] usb usb2: Manufacturer: Linux 5.15.0-rc7+ vhci_hcd
[    5.430147][    T1] usb usb2: SerialNumber: vhci_hcd.0
[    5.431822][    T1] hub 2-0:1.0: USB hub found
[    5.432459][    T1] hub 2-0:1.0: 8 ports detected
[    5.435884][    T1] vhci_hcd vhci_hcd.0: USB/IP Virtual Host Controller
[    5.437049][    T1] vhci_hcd vhci_hcd.0: new USB bus registered, assigned bus number 3
[    5.438140][    T1] usb usb3: We don't know the algorithms for LPM for this host, disabling LPM.
[    5.440329][    T1] usb usb3: New USB device found, idVendor=1d6b, idProduct=0003, bcdDevice= 5.15
[    5.441380][    T1] usb usb3: New USB device strings: Mfr=3, Product=2, SerialNumber=1
[    5.442311][    T1] usb usb3: Product: USB/IP Virtual Host Controller
[    5.443071][    T1] usb usb3: Manufacturer: Linux 5.15.0-rc7+ vhci_hcd
[    5.443848][    T1] usb usb3: SerialNumber: vhci_hcd.0
[    5.445868][    T1] hub 3-0:1.0: USB hub found
[    5.446485][    T1] hub 3-0:1.0: 8 ports detected
[    5.451227][    T1] vhci_hcd vhci_hcd.1: USB/IP Virtual Host Controller
[    5.452342][    T1] vhci_hcd vhci_hcd.1: new USB bus registered, assigned bus number 4
[    5.453604][    T1] usb usb4: New USB device found, idVendor=1d6b, idProduct=0002, bcdDevice= 5.15
[    5.454664][    T1] usb usb4: New USB device strings: Mfr=3, Product=2, SerialNumber=1
[    5.455596][    T1] usb usb4: Product: USB/IP Virtual Host Controller
[    5.456357][    T1] usb usb4: Manufacturer: Linux 5.15.0-rc7+ vhci_hcd
[    5.457128][    T1] usb usb4: SerialNumber: vhci_hcd.1
[    5.458783][    T1] hub 4-0:1.0: USB hub found
[    5.459430][    T1] hub 4-0:1.0: 8 ports detected
[    5.462690][    T1] vhci_hcd vhci_hcd.1: USB/IP Virtual Host Controller
[    5.463782][    T1] vhci_hcd vhci_hcd.1: new USB bus registered, assigned bus number 5
[    5.464859][    T1] usb usb5: We don't know the algorithms for LPM for this host, disabling LPM.
[    5.466165][    T1] usb usb5: New USB device found, idVendor=1d6b, idProduct=0003, bcdDevice= 5.15
[    5.467229][    T1] usb usb5: New USB device strings: Mfr=3, Product=2, SerialNumber=1
[    5.468168][    T1] usb usb5: Product: USB/IP Virtual Host Controller
[    5.468933][    T1] usb usb5: Manufacturer: Linux 5.15.0-rc7+ vhci_hcd
[    5.469927][    T1] usb usb5: SerialNumber: vhci_hcd.1
[    5.476138][   T10] sr 1:0:0:0: Attached scsi generic sg0 type 5
[    5.477326][    T1] hub 5-0:1.0: USB hub found
[    5.478101][    T1] hub 5-0:1.0: 8 ports detected
[    5.482192][    T1] vhci_hcd vhci_hcd.2: USB/IP Virtual Host Controller
[    5.483340][    T1] vhci_hcd vhci_hcd.2: new USB bus registered, assigned bus number 6
[    5.484602][    T1] usb usb6: New USB device found, idVendor=1d6b, idProduct=0002, bcdDevice= 5.15
[    5.485659][    T1] usb usb6: New USB device strings: Mfr=3, Product=2, SerialNumber=1
[    5.486600][    T1] usb usb6: Product: USB/IP Virtual Host Controller
[    5.487359][    T1] usb usb6: Manufacturer: Linux 5.15.0-rc7+ vhci_hcd
[    5.488126][    T1] usb usb6: SerialNumber: vhci_hcd.2
[    5.490432][    T1] hub 6-0:1.0: USB hub found
[    5.491043][    T1] hub 6-0:1.0: 8 ports detected
[    5.494336][    T1] vhci_hcd vhci_hcd.2: USB/IP Virtual Host Controller
[    5.495444][    T1] vhci_hcd vhci_hcd.2: new USB bus registered, assigned bus number 7
[    5.496514][    T1] usb usb7: We don't know the algorithms for LPM for this host, disabling LPM.
[    5.497822][    T1] usb usb7: New USB device found, idVendor=1d6b, idProduct=0003, bcdDevice= 5.15
[    5.498892][    T1] usb usb7: New USB device strings: Mfr=3, Product=2, SerialNumber=1
[    5.499861][    T1] usb usb7: Product: USB/IP Virtual Host Controller
[    5.500628][    T1] usb usb7: Manufacturer: Linux 5.15.0-rc7+ vhci_hcd
[    5.501402][    T1] usb usb7: SerialNumber: vhci_hcd.2
[    5.503025][    T1] hub 7-0:1.0: USB hub found
[    5.503632][    T1] hub 7-0:1.0: 8 ports detected
[    5.507637][    T1] vhci_hcd vhci_hcd.3: USB/IP Virtual Host Controller
[    5.508752][    T1] vhci_hcd vhci_hcd.3: new USB bus registered, assigned bus number 8
[    5.510210][    T1] usb usb8: New USB device found, idVendor=1d6b, idProduct=0002, bcdDevice= 5.15
[    5.511271][    T1] usb usb8: New USB device strings: Mfr=3, Product=2, SerialNumber=1
[    5.512209][    T1] usb usb8: Product: USB/IP Virtual Host Controller
[    5.512976][    T1] usb usb8: Manufacturer: Linux 5.15.0-rc7+ vhci_hcd
[    5.513745][    T1] usb usb8: SerialNumber: vhci_hcd.3
[    5.515403][    T1] hub 8-0:1.0: USB hub found
[    5.516014][    T1] hub 8-0:1.0: 8 ports detected
[    5.519315][    T1] vhci_hcd vhci_hcd.3: USB/IP Virtual Host Controller
[    5.520425][    T1] vhci_hcd vhci_hcd.3: new USB bus registered, assigned bus number 9
[    5.521495][    T1] usb usb9: We don't know the algorithms for LPM for this host, disabling LPM.
[    5.522805][    T1] usb usb9: New USB device found, idVendor=1d6b, idProduct=0003, bcdDevice= 5.15
[    5.523865][    T1] usb usb9: New USB device strings: Mfr=3, Product=2, SerialNumber=1
[    5.524802][    T1] usb usb9: Product: USB/IP Virtual Host Controller
[    5.525571][    T1] usb usb9: Manufacturer: Linux 5.15.0-rc7+ vhci_hcd
[    5.526355][    T1] usb usb9: SerialNumber: vhci_hcd.3
[    5.527986][    T1] hub 9-0:1.0: USB hub found
[    5.528591][    T1] hub 9-0:1.0: 8 ports detected
[    5.532655][    T1] vhci_hcd vhci_hcd.4: USB/IP Virtual Host Controller
[    5.533775][    T1] vhci_hcd vhci_hcd.4: new USB bus registered, assigned bus number 10
[    5.535052][    T1] usb usb10: New USB device found, idVendor=1d6b, idProduct=0002, bcdDevice= 5.15
[    5.536127][    T1] usb usb10: New USB device strings: Mfr=3, Product=2, SerialNumber=1
[    5.537069][    T1] usb usb10: Product: USB/IP Virtual Host Controller
[    5.537840][    T1] usb usb10: Manufacturer: Linux 5.15.0-rc7+ vhci_hcd
[    5.538631][    T1] usb usb10: SerialNumber: vhci_hcd.4
[    5.540299][    T1] hub 10-0:1.0: USB hub found
[    5.540915][    T1] hub 10-0:1.0: 8 ports detected
[    5.544217][    T1] vhci_hcd vhci_hcd.4: USB/IP Virtual Host Controller
[    5.545322][    T1] vhci_hcd vhci_hcd.4: new USB bus registered, assigned bus number 11
[    5.546400][    T1] usb usb11: We don't know the algorithms for LPM for this host, disabling LPM.
[    5.547710][    T1] usb usb11: New USB device found, idVendor=1d6b, idProduct=0003, bcdDevice= 5.15
[    5.548773][    T1] usb usb11: New USB device strings: Mfr=3, Product=2, SerialNumber=1
[    5.549756][    T1] usb usb11: Product: USB/IP Virtual Host Controller
[    5.550537][    T1] usb usb11: Manufacturer: Linux 5.15.0-rc7+ vhci_hcd
[    5.551313][    T1] usb usb11: SerialNumber: vhci_hcd.4
[    5.552998][    T1] hub 11-0:1.0: USB hub found
[    5.553618][    T1] hub 11-0:1.0: 8 ports detected
[    5.557883][    T1] vhci_hcd vhci_hcd.5: USB/IP Virtual Host Controller
[    5.559027][    T1] vhci_hcd vhci_hcd.5: new USB bus registered, assigned bus number 12
[    5.560300][    T1] usb usb12: New USB device found, idVendor=1d6b, idProduct=0002, bcdDevice= 5.15
[    5.561371][    T1] usb usb12: New USB device strings: Mfr=3, Product=2, SerialNumber=1
[    5.562319][    T1] usb usb12: Product: USB/IP Virtual Host Controller
[    5.563098][    T1] usb usb12: Manufacturer: Linux 5.15.0-rc7+ vhci_hcd
[    5.563880][    T1] usb usb12: SerialNumber: vhci_hcd.5
[    5.565503][    T1] hub 12-0:1.0: USB hub found
[    5.566126][    T1] hub 12-0:1.0: 8 ports detected
[    5.569450][    T1] vhci_hcd vhci_hcd.5: USB/IP Virtual Host Controller
[    5.570556][    T1] vhci_hcd vhci_hcd.5: new USB bus registered, assigned bus number 13
[    5.571637][    T1] usb usb13: We don't know the algorithms for LPM for this host, disabling LPM.
[    5.572944][    T1] usb usb13: New USB device found, idVendor=1d6b, idProduct=0003, bcdDevice= 5.15
[    5.574009][    T1] usb usb13: New USB device strings: Mfr=3, Product=2, SerialNumber=1
[    5.574949][    T1] usb usb13: Product: USB/IP Virtual Host Controller
[    5.575717][    T1] usb usb13: Manufacturer: Linux 5.15.0-rc7+ vhci_hcd
[    5.576493][    T1] usb usb13: SerialNumber: vhci_hcd.5
[    5.578147][    T1] hub 13-0:1.0: USB hub found
[    5.578770][    T1] hub 13-0:1.0: 8 ports detected
[    5.582869][    T1] vhci_hcd vhci_hcd.6: USB/IP Virtual Host Controller
[    5.583988][    T1] vhci_hcd vhci_hcd.6: new USB bus registered, assigned bus number 14
[    5.585297][    T1] usb usb14: New USB device found, idVendor=1d6b, idProduct=0002, bcdDevice= 5.15
[    5.586367][    T1] usb usb14: New USB device strings: Mfr=3, Product=2, SerialNumber=1
[    5.587318][    T1] usb usb14: Product: USB/IP Virtual Host Controller
[    5.588095][    T1] usb usb14: Manufacturer: Linux 5.15.0-rc7+ vhci_hcd
[    5.588879][    T1] usb usb14: SerialNumber: vhci_hcd.6
[    5.590544][    T1] hub 14-0:1.0: USB hub found
[    5.591167][    T1] hub 14-0:1.0: 8 ports detected
[    5.594459][    T1] vhci_hcd vhci_hcd.6: USB/IP Virtual Host Controller
[    5.595568][    T1] vhci_hcd vhci_hcd.6: new USB bus registered, assigned bus number 15
[    5.596644][    T1] usb usb15: We don't know the algorithms for LPM for this host, disabling LPM.
[    5.597948][    T1] usb usb15: New USB device found, idVendor=1d6b, idProduct=0003, bcdDevice= 5.15
[    5.599039][    T1] usb usb15: New USB device strings: Mfr=3, Product=2, SerialNumber=1
[    5.599985][    T1] usb usb15: Product: USB/IP Virtual Host Controller
[    5.600758][    T1] usb usb15: Manufacturer: Linux 5.15.0-rc7+ vhci_hcd
[    5.601532][    T1] usb usb15: SerialNumber: vhci_hcd.6
[    5.603206][    T1] hub 15-0:1.0: USB hub found
[    5.603823][    T1] hub 15-0:1.0: 8 ports detected
[    5.608070][    T1] vhci_hcd vhci_hcd.7: USB/IP Virtual Host Controller
[    5.609204][    T1] vhci_hcd vhci_hcd.7: new USB bus registered, assigned bus number 16
[    5.610485][    T1] usb usb16: New USB device found, idVendor=1d6b, idProduct=0002, bcdDevice= 5.15
[    5.611552][    T1] usb usb16: New USB device strings: Mfr=3, Product=2, SerialNumber=1
[    5.612493][    T1] usb usb16: Product: USB/IP Virtual Host Controller
[    5.613269][    T1] usb usb16: Manufacturer: Linux 5.15.0-rc7+ vhci_hcd
[    5.614048][    T1] usb usb16: SerialNumber: vhci_hcd.7
[    5.615697][    T1] hub 16-0:1.0: USB hub found
[    5.616319][    T1] hub 16-0:1.0: 8 ports detected
[    5.619651][    T1] vhci_hcd vhci_hcd.7: USB/IP Virtual Host Controller
[    5.620754][    T1] vhci_hcd vhci_hcd.7: new USB bus registered, assigned bus number 17
[    5.622093][    T1] usb usb17: We don't know the algorithms for LPM for this host, disabling LPM.
[    5.623413][    T1] usb usb17: New USB device found, idVendor=1d6b, idProduct=0003, bcdDevice= 5.15
[    5.624484][    T1] usb usb17: New USB device strings: Mfr=3, Product=2, SerialNumber=1
[    5.625429][    T1] usb usb17: Product: USB/IP Virtual Host Controller
[    5.626208][    T1] usb usb17: Manufacturer: Linux 5.15.0-rc7+ vhci_hcd
[    5.626989][    T1] usb usb17: SerialNumber: vhci_hcd.7
[    5.628611][    T1] hub 17-0:1.0: USB hub found
[    5.629325][    T1] hub 17-0:1.0: 8 ports detected
[    5.633702][    T1] vhci_hcd vhci_hcd.8: USB/IP Virtual Host Controller
[    5.634829][    T1] vhci_hcd vhci_hcd.8: new USB bus registered, assigned bus number 18
[    5.636100][    T1] usb usb18: New USB device found, idVendor=1d6b, idProduct=0002, bcdDevice= 5.15
[    5.637175][    T1] usb usb18: New USB device strings: Mfr=3, Product=2, SerialNumber=1
[    5.638119][    T1] usb usb18: Product: USB/IP Virtual Host Controller
[    5.638899][    T1] usb usb18: Manufacturer: Linux 5.15.0-rc7+ vhci_hcd
[    5.639712][    T1] usb usb18: SerialNumber: vhci_hcd.8
[    5.641344][    T1] hub 18-0:1.0: USB hub found
[    5.641962][    T1] hub 18-0:1.0: 8 ports detected
[    5.645255][    T1] vhci_hcd vhci_hcd.8: USB/IP Virtual Host Controller
[    5.646375][    T1] vhci_hcd vhci_hcd.8: new USB bus registered, assigned bus number 19
[    5.647456][    T1] usb usb19: We don't know the algorithms for LPM for this host, disabling LPM.
[    5.648769][    T1] usb usb19: New USB device found, idVendor=1d6b, idProduct=0003, bcdDevice= 5.15
[    5.649855][    T1] usb usb19: New USB device strings: Mfr=3, Product=2, SerialNumber=1
[    5.650803][    T1] usb usb19: Product: USB/IP Virtual Host Controller
[    5.651577][    T1] usb usb19: Manufacturer: Linux 5.15.0-rc7+ vhci_hcd
[    5.652353][    T1] usb usb19: SerialNumber: vhci_hcd.8
[    5.653981][    T1] hub 19-0:1.0: USB hub found
[    5.654608][    T1] hub 19-0:1.0: 8 ports detected
[    5.658663][    T1] vhci_hcd vhci_hcd.9: USB/IP Virtual Host Controller
[    5.659903][    T1] vhci_hcd vhci_hcd.9: new USB bus registered, assigned bus number 20
[    5.661175][    T1] usb usb20: New USB device found, idVendor=1d6b, idProduct=0002, bcdDevice= 5.15
[    5.662248][    T1] usb usb20: New USB device strings: Mfr=3, Product=2, SerialNumber=1
[    5.663192][    T1] usb usb20: Product: USB/IP Virtual Host Controller
[    5.663966][    T1] usb usb20: Manufacturer: Linux 5.15.0-rc7+ vhci_hcd
[    5.664746][    T1] usb usb20: SerialNumber: vhci_hcd.9
[    5.666387][    T1] hub 20-0:1.0: USB hub found
[    5.667004][    T1] hub 20-0:1.0: 8 ports detected
[    5.670336][    T1] vhci_hcd vhci_hcd.9: USB/IP Virtual Host Controller
[    5.671439][    T1] vhci_hcd vhci_hcd.9: new USB bus registered, assigned bus number 21
[    5.672528][    T1] usb usb21: We don't know the algorithms for LPM for this host, disabling LPM.
[    5.673839][    T1] usb usb21: New USB device found, idVendor=1d6b, idProduct=0003, bcdDevice= 5.15
[    5.674920][    T1] usb usb21: New USB device strings: Mfr=3, Product=2, SerialNumber=1
[    5.675862][    T1] usb usb21: Product: USB/IP Virtual Host Controller
[    5.676634][    T1] usb usb21: Manufacturer: Linux 5.15.0-rc7+ vhci_hcd
[    5.677415][    T1] usb usb21: SerialNumber: vhci_hcd.9
[    5.679105][    T1] hub 21-0:1.0: USB hub found
[    5.679725][    T1] hub 21-0:1.0: 8 ports detected
[    5.683771][    T1] vhci_hcd vhci_hcd.10: USB/IP Virtual Host Controller
[    5.684898][    T1] vhci_hcd vhci_hcd.10: new USB bus registered, assigned bus number 22
[    5.686180][    T1] usb usb22: New USB device found, idVendor=1d6b, idProduct=0002, bcdDevice= 5.15
[    5.687274][    T1] usb usb22: New USB device strings: Mfr=3, Product=2, SerialNumber=1
[    5.688210][    T1] usb usb22: Product: USB/IP Virtual Host Controller
[    5.689012][    T1] usb usb22: Manufacturer: Linux 5.15.0-rc7+ vhci_hcd
[    5.689793][    T1] usb usb22: SerialNumber: vhci_hcd.10
[    5.691786][    T1] hub 22-0:1.0: USB hub found
[    5.692403][    T1] hub 22-0:1.0: 8 ports detected
[    5.695680][    T1] vhci_hcd vhci_hcd.10: USB/IP Virtual Host Controller
[    5.696810][    T1] vhci_hcd vhci_hcd.10: new USB bus registered, assigned bus number 23
[    5.697902][    T1] usb usb23: We don't know the algorithms for LPM for this host, disabling LPM.
[    5.699283][    T1] usb usb23: New USB device found, idVendor=1d6b, idProduct=0003, bcdDevice= 5.15
[    5.700351][    T1] usb usb23: New USB device strings: Mfr=3, Product=2, SerialNumber=1
[    5.701298][    T1] usb usb23: Product: USB/IP Virtual Host Controller
[    5.702064][    T1] usb usb23: Manufacturer: Linux 5.15.0-rc7+ vhci_hcd
[    5.702847][    T1] usb usb23: SerialNumber: vhci_hcd.10
[    5.704647][    T1] hub 23-0:1.0: USB hub found
[    5.705263][    T1] hub 23-0:1.0: 8 ports detected
[    5.709320][    T1] vhci_hcd vhci_hcd.11: USB/IP Virtual Host Controller
[    5.710446][    T1] vhci_hcd vhci_hcd.11: new USB bus registered, assigned bus number 24
[    5.711730][    T1] usb usb24: New USB device found, idVendor=1d6b, idProduct=0002, bcdDevice= 5.15
[    5.712795][    T1] usb usb24: New USB device strings: Mfr=3, Product=2, SerialNumber=1
[    5.713737][    T1] usb usb24: Product: USB/IP Virtual Host Controller
[    5.714519][    T1] usb usb24: Manufacturer: Linux 5.15.0-rc7+ vhci_hcd
[    5.715302][    T1] usb usb24: SerialNumber: vhci_hcd.11
[    5.716933][    T1] hub 24-0:1.0: USB hub found
[    5.717558][    T1] hub 24-0:1.0: 8 ports detected
[    5.720921][    T1] vhci_hcd vhci_hcd.11: USB/IP Virtual Host Controller
[    5.722056][    T1] vhci_hcd vhci_hcd.11: new USB bus registered, assigned bus number 25
[    5.723151][    T1] usb usb25: We don't know the algorithms for LPM for this host, disabling LPM.
[    5.724457][    T1] usb usb25: New USB device found, idVendor=1d6b, idProduct=0003, bcdDevice= 5.15
[    5.725518][    T1] usb usb25: New USB device strings: Mfr=3, Product=2, SerialNumber=1
[    5.726468][    T1] usb usb25: Product: USB/IP Virtual Host Controller
[    5.727235][    T1] usb usb25: Manufacturer: Linux 5.15.0-rc7+ vhci_hcd
[    5.728015][    T1] usb usb25: SerialNumber: vhci_hcd.11
[    5.729716][    T1] hub 25-0:1.0: USB hub found
[    5.730337][    T1] hub 25-0:1.0: 8 ports detected
[    5.734462][    T1] vhci_hcd vhci_hcd.12: USB/IP Virtual Host Controller
[    5.735576][    T1] vhci_hcd vhci_hcd.12: new USB bus registered, assigned bus number 26
[    5.736852][    T1] usb usb26: New USB device found, idVendor=1d6b, idProduct=0002, bcdDevice= 5.15
[    5.737911][    T1] usb usb26: New USB device strings: Mfr=3, Product=2, SerialNumber=1
[    5.738855][    T1] usb usb26: Product: USB/IP Virtual Host Controller
[    5.739664][    T1] usb usb26: Manufacturer: Linux 5.15.0-rc7+ vhci_hcd
[    5.740449][    T1] usb usb26: SerialNumber: vhci_hcd.12
[    5.742087][    T1] hub 26-0:1.0: USB hub found
[    5.742718][    T1] hub 26-0:1.0: 8 ports detected
[    5.746037][    T1] vhci_hcd vhci_hcd.12: USB/IP Virtual Host Controller
[    5.747166][    T1] vhci_hcd vhci_hcd.12: new USB bus registered, assigned bus number 27
[    5.748253][    T1] usb usb27: We don't know the algorithms for LPM for this host, disabling LPM.
[    5.749586][    T1] usb usb27: New USB device found, idVendor=1d6b, idProduct=0003, bcdDevice= 5.15
[    5.750661][    T1] usb usb27: New USB device strings: Mfr=3, Product=2, SerialNumber=1
[    5.751604][    T1] usb usb27: Product: USB/IP Virtual Host Controller
[    5.752377][    T1] usb usb27: Manufacturer: Linux 5.15.0-rc7+ vhci_hcd
[    5.753153][    T1] usb usb27: SerialNumber: vhci_hcd.12
[    5.755120][    T1] hub 27-0:1.0: USB hub found
[    5.755737][    T1] hub 27-0:1.0: 8 ports detected
[    5.759820][    T1] vhci_hcd vhci_hcd.13: USB/IP Virtual Host Controller
[    5.760960][    T1] vhci_hcd vhci_hcd.13: new USB bus registered, assigned bus number 28
[    5.762251][    T1] usb usb28: New USB device found, idVendor=1d6b, idProduct=0002, bcdDevice= 5.15
[    5.763322][    T1] usb usb28: New USB device strings: Mfr=3, Product=2, SerialNumber=1
[    5.764266][    T1] usb usb28: Product: USB/IP Virtual Host Controller
[    5.765043][    T1] usb usb28: Manufacturer: Linux 5.15.0-rc7+ vhci_hcd
[    5.765830][    T1] usb usb28: SerialNumber: vhci_hcd.13
[    5.767488][    T1] hub 28-0:1.0: USB hub found
[    5.768102][    T1] hub 28-0:1.0: 8 ports detected
[    5.771521][    T1] vhci_hcd vhci_hcd.13: USB/IP Virtual Host Controller
[    5.772645][    T1] vhci_hcd vhci_hcd.13: new USB bus registered, assigned bus number 29
[    5.773731][    T1] usb usb29: We don't know the algorithms for LPM for this host, disabling LPM.
[    5.775043][    T1] usb usb29: New USB device found, idVendor=1d6b, idProduct=0003, bcdDevice= 5.15
[    5.776100][    T1] usb usb29: New USB device strings: Mfr=3, Product=2, SerialNumber=1
[    5.777042][    T1] usb usb29: Product: USB/IP Virtual Host Controller
[    5.777815][    T1] usb usb29: Manufacturer: Linux 5.15.0-rc7+ vhci_hcd
[    5.778601][    T1] usb usb29: SerialNumber: vhci_hcd.13
[    5.780269][    T1] hub 29-0:1.0: USB hub found
[    5.780887][    T1] hub 29-0:1.0: 8 ports detected
[    5.784937][    T1] vhci_hcd vhci_hcd.14: USB/IP Virtual Host Controller
[    5.786062][    T1] vhci_hcd vhci_hcd.14: new USB bus registered, assigned bus number 30
[    5.787342][    T1] usb usb30: New USB device found, idVendor=1d6b, idProduct=0002, bcdDevice= 5.15
[    5.788405][    T1] usb usb30: New USB device strings: Mfr=3, Product=2, SerialNumber=1
[    5.789376][    T1] usb usb30: Product: USB/IP Virtual Host Controller
[    5.790155][    T1] usb usb30: Manufacturer: Linux 5.15.0-rc7+ vhci_hcd
[    5.790936][    T1] usb usb30: SerialNumber: vhci_hcd.14
[    5.792588][    T1] hub 30-0:1.0: USB hub found
[    5.793202][    T1] hub 30-0:1.0: 8 ports detected
[    5.796500][    T1] vhci_hcd vhci_hcd.14: USB/IP Virtual Host Controller
[    5.797634][    T1] vhci_hcd vhci_hcd.14: new USB bus registered, assigned bus number 31
[    5.798723][    T1] usb usb31: We don't know the algorithms for LPM for this host, disabling LPM.
[    5.800053][    T1] usb usb31: New USB device found, idVendor=1d6b, idProduct=0003, bcdDevice= 5.15
[    5.801117][    T1] usb usb31: New USB device strings: Mfr=3, Product=2, SerialNumber=1
[    5.802058][    T1] usb usb31: Product: USB/IP Virtual Host Controller
[    5.802834][    T1] usb usb31: Manufacturer: Linux 5.15.0-rc7+ vhci_hcd
[    5.803615][    T1] usb usb31: SerialNumber: vhci_hcd.14
[    5.805259][    T1] hub 31-0:1.0: USB hub found
[    5.805873][    T1] hub 31-0:1.0: 8 ports detected
[    5.810122][    T1] vhci_hcd vhci_hcd.15: USB/IP Virtual Host Controller
[    5.811248][    T1] vhci_hcd vhci_hcd.15: new USB bus registered, assigned bus number 32
[    5.812531][    T1] usb usb32: New USB device found, idVendor=1d6b, idProduct=0002, bcdDevice= 5.15
[    5.813599][    T1] usb usb32: New USB device strings: Mfr=3, Product=2, SerialNumber=1
[    5.814547][    T1] usb usb32: Product: USB/IP Virtual Host Controller
[    5.815312][    T1] usb usb32: Manufacturer: Linux 5.15.0-rc7+ vhci_hcd
[    5.816089][    T1] usb usb32: SerialNumber: vhci_hcd.15
[    5.817730][    T1] hub 32-0:1.0: USB hub found
[    5.818349][    T1] hub 32-0:1.0: 8 ports detected
[    5.822106][    T1] vhci_hcd vhci_hcd.15: USB/IP Virtual Host Controller
[    5.823334][    T1] vhci_hcd vhci_hcd.15: new USB bus registered, assigned bus number 33
[    5.824420][    T1] usb usb33: We don't know the algorithms for LPM for this host, disabling LPM.
[    5.825729][    T1] usb usb33: New USB device found, idVendor=1d6b, idProduct=0003, bcdDevice= 5.15
[    5.826807][    T1] usb usb33: New USB device strings: Mfr=3, Product=2, SerialNumber=1
[    5.827757][    T1] usb usb33: Product: USB/IP Virtual Host Controller
[    5.828530][    T1] usb usb33: Manufacturer: Linux 5.15.0-rc7+ vhci_hcd
[    5.829332][    T1] usb usb33: SerialNumber: vhci_hcd.15
[    5.831117][    T1] hub 33-0:1.0: USB hub found
[    5.831734][    T1] hub 33-0:1.0: 8 ports detected
[    5.835764][    T1] usbcore: registered new device driver usbip-host
[    5.838891][    T1] i8042: PNP: PS/2 Controller [PNP0303:KBD,PNP0f13:MOU] at 0x60,0x64 irq 1,12
[    5.841504][    T1] serio: i8042 KBD port at 0x60,0x64 irq 1
[    5.843058][    T1] serio: i8042 AUX port at 0x60,0x64 irq 12
[    5.845431][    T1] mousedev: PS/2 mouse device common for all mice
[    5.847930][ T1023] input: AT Translated Set 2 keyboard as /devices/platform/i8042/serio0/input/input1
[    5.850774][    T1] usbcore: registered new interface driver appletouch
[    5.851727][    T1] usbcore: registered new interface driver bcm5974
[    5.852767][    T1] usbcore: registered new interface driver synaptics_usb
[    5.853704][    T1] usbcore: registered new interface driver iforce
[    5.854661][    T1] usbcore: registered new interface driver xpad
[    5.855487][    T1] usbcore: registered new interface driver usb_acecad
[    5.856393][    T1] usbcore: registered new interface driver aiptek
[    5.857244][    T1] usbcore: registered new interface driver hanwang
[    5.858102][    T1] usbcore: registered new interface driver kbtab
[    5.858957][    T1] usbcore: registered new interface driver pegasus_notetaker
[    5.863865][    T1] usbcore: registered new interface driver usbtouchscreen
[    5.864824][    T1] usbcore: registered new interface driver sur40
[    5.865692][    T1] usbcore: registered new interface driver ati_remote2
[    5.866481][    T1] cm109: Keymap for Komunikate KIP1000 phone loaded
[    5.867386][    T1] usbcore: registered new interface driver cm109
[    5.868118][    T1] cm109: CM109 phone driver: 20080805 (C) Alfred E. Heggestad
[    5.869115][    T1] usbcore: registered new interface driver ims_pcu
[    5.870001][    T1] usbcore: registered new interface driver keyspan_remote
[    5.870938][    T1] usbcore: registered new interface driver powermate
[    5.872036][    T1] usbcore: registered new interface driver yealink
[    5.873379][    T1] rtc_cmos 00:05: RTC can wake from S4
[    5.876225][    T1] rtc_cmos 00:05: registered as rtc0
[    5.876853][    T1] rtc_cmos 00:05: alarms up to one day, y3k, 242 bytes nvram, hpet irqs
[    5.878044][    T1] i2c_dev: i2c /dev entries driver
[    5.879227][    T1] usbcore: registered new interface driver i2c-diolan-u2c
[    5.880248][    T1] usbcore: registered new interface driver RobotFuzz Open Source InterFace, OSIF
[    5.882188][    T1] usbcore: registered new interface driver i2c-tiny-usb
[    5.883723][    T1] usbcore: registered new interface driver ati_remote
[    5.884657][    T1] usbcore: registered new interface driver imon
[    5.885559][    T1] usbcore: registered new interface driver mceusb
[    5.886443][    T1] usbcore: registered new interface driver redrat3
[    5.887309][    T1] usbcore: registered new interface driver streamzap
[    5.888199][    T1] usbcore: registered new interface driver igorplugusb
[    5.890267][    T1] usbcore: registered new interface driver iguanair
[    5.891143][    T1] usbcore: registered new interface driver ttusbir
[    5.892057][    T1] b2c2-flexcop: B2C2 FlexcopII/II(b)/III digital TV receiver chip loaded successfully
[    5.893337][    T1] usbcore: registered new interface driver ttusb-dec
[    5.894249][    T1] usbcore: registered new interface driver ttusb
[    5.895110][    T1] usbcore: registered new interface driver dvb_usb_vp7045
[    5.896055][    T1] usbcore: registered new interface driver dvb_usb_vp702x
[    5.897004][    T1] usbcore: registered new interface driver dvb_usb_gp8psk
[    5.897962][    T1] usbcore: registered new interface driver dvb_usb_dtt200u
[    5.898923][    T1] usbcore: registered new interface driver dvb_usb_a800
[    5.900059][    T1] usbcore: registered new interface driver dvb_usb_dibusb_mb
[    5.901055][    T1] usbcore: registered new interface driver dvb_usb_dibusb_mc
[    5.902040][    T1] usbcore: registered new interface driver dvb_usb_nova_t_usb2
[    5.903050][    T1] usbcore: registered new interface driver dvb_usb_umt_010
[    5.904016][    T1] usbcore: registered new interface driver dvb_usb_m920x
[    5.904957][    T1] usbcore: registered new interface driver dvb_usb_digitv
[    5.905954][    T1] usbcore: registered new interface driver dvb_usb_cxusb
[    5.906917][    T1] usbcore: registered new interface driver dvb_usb_ttusb2
[    5.907966][    T1] usbcore: registered new interface driver dvb_usb_dib0700
[    5.908930][    T1] usbcore: registered new interface driver opera1
[    5.909846][    T1] usbcore: registered new interface driver dvb_usb_af9005
[    5.910823][    T1] usbcore: registered new interface driver pctv452e
[    5.911747][    T1] usbcore: registered new interface driver dw2102
[    5.912628][    T1] usbcore: registered new interface driver dvb_usb_dtv5100
[    5.913597][    T1] usbcore: registered new interface driver cinergyT2
[    5.914513][    T1] usbcore: registered new interface driver dvb_usb_az6027
[    5.915469][    T1] usbcore: registered new interface driver dvb_usb_technisat_usb2
[    5.916548][    T1] usbcore: registered new interface driver dvb_usb_af9015
[    5.917536][    T1] usbcore: registered new interface driver dvb_usb_af9035
[    5.918492][    T1] usbcore: registered new interface driver dvb_usb_anysee
[    5.919483][    T1] usbcore: registered new interface driver dvb_usb_au6610
[    5.920429][    T1] usbcore: registered new interface driver dvb_usb_az6007
[    5.921378][    T1] usbcore: registered new interface driver dvb_usb_ce6230
[    5.922334][    T1] usbcore: registered new interface driver dvb_usb_ec168
[    5.923270][    T1] usbcore: registered new interface driver dvb_usb_lmedm04
[    5.924227][    T1] usbcore: registered new interface driver dvb_usb_gl861
[    5.925198][    T1] usbcore: registered new interface driver dvb_usb_mxl111sf
[    5.926204][    T1] usbcore: registered new interface driver dvb_usb_rtl28xxu
[    5.927186][    T1] usbcore: registered new interface driver dvb_usb_dvbsky
[    5.928131][    T1] usbcore: registered new interface driver zd1301
[    5.929052][    T1] usbcore: registered new interface driver smsusb
[    5.929931][    T1] usbcore: registered new interface driver b2c2_flexcop_usb
[    5.930929][    T1] usbcore: registered new interface driver zr364xx
[    5.931816][    T1] usbcore: registered new interface driver stkwebcam
[    5.933012][    T1] usbcore: registered new interface driver s2255
[    5.933985][    T1] usbcore: registered new interface driver uvcvideo
[    5.934748][    T1] gspca_main: v2.14.0 registered
[    5.935428][    T1] usbcore: registered new interface driver benq
[    5.936284][    T1] usbcore: registered new interface driver conex
[    5.937129][    T1] usbcore: registered new interface driver cpia1
[    5.937977][    T1] usbcore: registered new interface driver dtcs033
[    5.938849][    T1] usbcore: registered new interface driver etoms
[    5.939736][    T1] usbcore: registered new interface driver finepix
[    5.940596][    T1] usbcore: registered new interface driver jeilinj
[    5.941456][    T1] usbcore: registered new interface driver jl2005bcd
[    5.942379][    T1] usbcore: registered new interface driver kinect
[    5.943233][    T1] usbcore: registered new interface driver konica
[    5.944079][    T1] usbcore: registered new interface driver mars
[    5.944928][    T1] usbcore: registered new interface driver mr97310a
[    5.945851][    T1] usbcore: registered new interface driver nw80x
[    5.946749][    T1] usbcore: registered new interface driver ov519
[    5.947597][    T1] usbcore: registered new interface driver ov534
[    5.948450][    T1] usbcore: registered new interface driver ov534_9
[    5.949374][    T1] usbcore: registered new interface driver pac207
[    5.950248][    T1] usbcore: registered new interface driver gspca_pac7302
[    5.951171][    T1] usbcore: registered new interface driver pac7311
[    5.952038][    T1] usbcore: registered new interface driver se401
[    5.952884][    T1] usbcore: registered new interface driver sn9c2028
[    5.953799][    T1] usbcore: registered new interface driver gspca_sn9c20x
[    5.954745][    T1] usbcore: registered new interface driver sonixb
[    5.955635][    T1] usbcore: registered new interface driver sonixj
[    5.956511][    T1] usbcore: registered new interface driver spca500
[    5.957382][    T1] usbcore: registered new interface driver spca501
[    5.958252][    T1] usbcore: registered new interface driver spca505
[    5.959139][    T1] usbcore: registered new interface driver spca506
[    5.960008][    T1] usbcore: registered new interface driver spca508
[    5.960888][    T1] usbcore: registered new interface driver spca561
[    5.961751][    T1] usbcore: registered new interface driver spca1528
[    5.962632][    T1] usbcore: registered new interface driver sq905
[    5.963486][    T1] usbcore: registered new interface driver sq905c
[    5.964350][    T1] usbcore: registered new interface driver sq930x
[    5.965290][    T1] usbcore: registered new interface driver sunplus
[    5.966155][    T1] usbcore: registered new interface driver stk014
[    5.967010][    T1] usbcore: registered new interface driver stk1135
[    5.967874][    T1] usbcore: registered new interface driver stv0680
[    5.968741][    T1] usbcore: registered new interface driver t613
[    5.969627][    T1] usbcore: registered new interface driver gspca_topro
[    5.970882][    T1] usbcore: registered new interface driver touptek
[    5.971913][    T1] usbcore: registered new interface driver tv8532
[    5.972933][    T1] usbcore: registered new interface driver vc032x
[    5.973936][    T1] usbcore: registered new interface driver vicam
[    5.974990][    T1] usbcore: registered new interface driver xirlink-cit
[    5.976154][    T1] usbcore: registered new interface driver gspca_zc3xx
[    5.977249][    T1] usbcore: registered new interface driver ALi m5602
[    5.978348][    T1] usbcore: registered new interface driver STV06xx
[    5.979446][    T1] usbcore: registered new interface driver gspca_gl860
[    5.980577][    T1] usbcore: registered new interface driver Philips webcam
[    5.981675][    T1] usbcore: registered new interface driver airspy
[    5.982725][    T1] usbcore: registered new interface driver hackrf
[    5.983768][    T1] usbcore: registered new interface driver msi2500
[    5.984640][    T1] cpia2: V4L-Driver for Vision CPiA2 based cameras v3.0.1
[    5.985770][    T1] usbcore: registered new interface driver cpia2
[    5.986629][    T1] au0828: au0828 driver loaded
[    5.987485][    T1] usbcore: registered new interface driver au0828
[    5.988525][    T1] usbcore: registered new interface driver hdpvr
[    5.989978][    T1] usbcore: registered new interface driver pvrusb2
[    5.990867][    T1] pvrusb2: V4L in-tree version:Hauppauge WinTV-PVR-USB2 MPEG2 Encoder/Tuner
[    5.992023][    T1] pvrusb2: Debug mask is 31 (0x1f)
[    5.993403][    T1] usbcore: registered new interface driver stk1160
[    5.994499][    T1] usbcore: registered new interface driver cx231xx
[    5.995635][    T1] usbcore: registered new interface driver tm6000
[    5.996821][    T1] usbcore: registered new interface driver em28xx
[    5.997699][    T1] em28xx: Registered (Em28xx v4l2 Extension) extension
[    5.999099][    T1] em28xx: Registered (Em28xx Audio Extension) extension
[    6.000872][    T1] em28xx: Registered (Em28xx dvb Extension) extension
[    6.002462][    T1] em28xx: Registered (Em28xx Input Extension) extension
[    6.003597][    T1] usbcore: registered new interface driver usbtv
[    6.004514][    T1] usbcore: registered new interface driver go7007
[    6.005382][    T1] usbcore: registered new interface driver go7007-loader
[    6.006415][    T1] usbcore: registered new interface driver Abilis Systems as10x usb driver
[    6.015109][    T1] vivid-000: using single planar format API
[    6.023506][    T1] vivid-000: CEC adapter cec0 registered for HDMI input 0
[    6.024655][    T1] vivid-000: V4L2 capture device registered as video3
[    6.025726][    T1] vivid-000: CEC adapter cec1 registered for HDMI output 0
[    6.026830][    T1] vivid-000: V4L2 output device registered as video4
[    6.027852][    T1] vivid-000: V4L2 capture device registered as vbi0, supports raw and sliced VBI
[    6.034384][    T1] vivid-000: V4L2 output device registered as vbi1, supports raw and sliced VBI
[    6.035669][    T1] vivid-000: V4L2 capture device registered as swradio0
[    6.036719][    T1] vivid-000: V4L2 receiver device registered as radio0
[    6.037750][    T1] vivid-000: V4L2 transmitter device registered as radio1
[    6.039209][    T1] vivid-000: V4L2 metadata capture device registered as video5
[    6.040334][    T1] vivid-000: V4L2 metadata output device registered as video6
[    6.041435][    T1] vivid-000: V4L2 touch capture device registered as v4l-touch0
[    6.043214][    T1] vim2m vim2m.0: Device registered as /dev/video0
[    6.045054][    T1] vicodec vicodec.0: Device 'stateful-encoder' registered as /dev/video8
[    6.046418][    T1] vicodec vicodec.0: Device 'stateful-decoder' registered as /dev/video9
[    6.047645][    T1] vicodec vicodec.0: Device 'stateless-decoder' registered as /dev/video10
[    6.051599][    T1] dvbdev: DVB: registering new adapter (dvb_vidtv_bridge)
[    6.054107][    T1] i2c i2c-0: DVB: registering adapter 0 frontend 0 (Dummy demod for DVB-T/T2/C/S/S2)...
[    6.055404][    T1] dvbdev: dvb_create_media_entity: media entity 'Dummy demod for DVB-T/T2/C/S/S2' registered.
[    6.061308][    T1] dvbdev: dvb_create_media_entity: media entity 'dvb-demux' registered.
[    6.064758][    T1] vidtv vidtv.0: Successfully initialized vidtv!
[    6.065937][    T1] usbcore: registered new interface driver radioshark
[    6.066867][    T1] usbcore: registered new interface driver radioshark2
[    6.067802][    T1] usbcore: registered new interface driver dsbr100
[    6.068690][    T1] usbcore: registered new interface driver radio-si470x
[    6.070926][    T1] usbcore: registered new interface driver radio-usb-si4713
[    6.071907][    T1] usbcore: registered new interface driver radio-mr800
[    6.072814][    T1] usbcore: registered new interface driver radio-keene
[    6.073743][    T1] usbcore: registered new interface driver radio-ma901
[    6.074660][    T1] usbcore: registered new interface driver radio-raremono
[    6.076061][    T1] usbcore: registered new interface driver pcwd_usb
[    6.078021][    T1] device-mapper: core: CONFIG_IMA_DISABLE_HTABLE is disabled. Duplicate IMA measurements will not be recorded in the IMA log.
[    6.079656][    T1] device-mapper: uevent: version 1.0.3
[    6.080655][    T1] device-mapper: ioctl: 4.45.0-ioctl (2021-03-22) initialised: dm-devel@redhat.com
[    6.082393][    T1] device-mapper: multipath round-robin: version 1.2.0 loaded
[    6.083247][    T1] device-mapper: multipath queue-length: version 0.2.0 loaded
[    6.084094][    T1] device-mapper: multipath service-time: version 0.3.0 loaded
[    6.085020][    T1] device-mapper: raid: Loading target version 1.15.1
[    6.086113][    T1] Bluetooth: HCI UART driver ver 2.3
[    6.086725][    T1] Bluetooth: HCI UART protocol H4 registered
[    6.087403][    T1] Bluetooth: HCI UART protocol BCSP registered
[    6.088166][    T1] Bluetooth: HCI UART protocol LL registered
[    6.088907][    T1] Bluetooth: HCI UART protocol Three-wire (H5) registered
[    6.089898][    T1] Bluetooth: HCI UART protocol QCA registered
[    6.090595][    T1] Bluetooth: HCI UART protocol AG6XX registered
[    6.091361][    T1] Bluetooth: HCI UART protocol Marvell registered
[    6.092279][    T1] usbcore: registered new interface driver bcm203x
[    6.093162][    T1] usbcore: registered new interface driver bpa10x
[    6.094023][    T1] usbcore: registered new interface driver bfusb
[    6.094930][    T1] usbcore: registered new interface driver btusb
[    6.095848][    T1] usbcore: registered new interface driver ath3k
[    6.096968][    T1] CAPI 2.0 started up with major 68 (middleware)
[    6.097689][    T1] Modular ISDN core version 1.1.29
[    6.098849][    T1] NET: Registered PF_ISDN protocol family
[    6.099544][    T1] DSP module 2.0
[    6.099960][    T1] mISDN_dsp: DSP clocks every 80 samples. This equals 1 jiffies.
[    6.110881][    T1] mISDN: Layer-1-over-IP driver Rev. 2.00
[    6.112065][    T1] 0 virtual devices registered
[    6.112781][    T1] usbcore: registered new interface driver HFC-S_USB
[    6.113549][    T1] VUB300 Driver rom wait states = 1C irqpoll timeout = 0400
[    6.114259][    T1] usbcore: registered new interface driver vub300
[    6.115961][    T1] usbcore: registered new interface driver ushc
[    6.119673][    T1] iscsi: registered transport (iser)
[    6.120923][    T1] SoftiWARP attached
[    6.121656][    T1] Driver 'framebuffer' was unable to register with bus_type 'coreboot' because the bus was not initialized.
[    6.122978][    T1] Driver 'memconsole' was unable to register with bus_type 'coreboot' because the bus was not initialized.
[    6.124272][    T1] Driver 'vpd' was unable to register with bus_type 'coreboot' because the bus was not initialized.
[    6.130181][    T1] hid: raw HID events driver (C) Jiri Kosina
[    6.144422][    T1] usbcore: registered new interface driver usbhid
[    6.145161][    T1] usbhid: USB HID core driver
[    6.152573][    T1] usbcore: registered new interface driver es2_ap_driver
[    6.153393][    T1] comedi: version 0.7.76 - http://www.comedi.org
[    6.154325][    T1] usbcore: registered new interface driver dt9812
[    6.155191][    T1] usbcore: registered new interface driver ni6501
[    6.156036][    T1] usbcore: registered new interface driver usbdux
[    6.156889][    T1] usbcore: registered new interface driver usbduxfast
[    6.157781][    T1] usbcore: registered new interface driver usbduxsigma
[    6.158701][    T1] usbcore: registered new interface driver vmk80xx
[    6.161728][    T1] usbcore: registered new interface driver prism2_usb
[    6.162752][    T1] usbcore: registered new interface driver r8712u
[    6.164050][    T1] ashmem: initialized
[    6.164586][    T1] greybus: registered new driver hid
[    6.165320][    T1] greybus: registered new driver gbphy
[    6.166008][    T1] gb_gbphy: registered new driver usb
[    6.166627][    T1] asus_wmi: ASUS WMI generic driver loaded
[    6.195819][    T1] usbcore: registered new interface driver snd-usb-audio
[    6.196767][    T1] usbcore: registered new interface driver snd-ua101
[    6.197667][    T1] usbcore: registered new interface driver snd-usb-usx2y
[    6.198615][    T1] usbcore: registered new interface driver snd-usb-us122l
[    6.200991][    T1] usbcore: registered new interface driver snd-usb-caiaq
[    6.201943][    T1] usbcore: registered new interface driver snd-usb-6fire
[    6.202910][    T1] usbcore: registered new interface driver snd-usb-hiface
[    6.203839][    T1] usbcore: registered new interface driver snd-bcd2000
[    6.204745][    T1] usbcore: registered new interface driver snd_usb_pod
[    6.205639][    T1] usbcore: registered new interface driver snd_usb_podhd
[    6.206562][    T1] usbcore: registered new interface driver snd_usb_toneport
[    6.207507][    T1] usbcore: registered new interface driver snd_usb_variax
[    6.208747][    T1] drop_monitor: Initializing network drop monitor service
[    6.210312][    T1] NET: Registered PF_LLC protocol family
[    6.211028][    T1] GACT probability on
[    6.211500][    T1] Mirror/redirect action on
[    6.212105][    T1] Simple TC action Loaded
[    6.213687][    T1] netem: version 1.3
[    6.214188][    T1] u32 classifier
[    6.214593][    T1]     Performance counters on
[    6.215119][    T1]     input device check on
[    6.215626][    T1]     Actions configured
[    6.218795][    T1] xt_time: kernel timezone is -0000
[    6.219846][    T1] IPVS: Registered protocols (TCP, UDP, SCTP, AH, ESP)
[    6.220687][    T1] IPVS: Connection hash table configured (size=4096, memory=64Kbytes)
[    6.221862][    T1] IPVS: ipvs loaded.
[    6.222327][    T1] IPVS: [rr] scheduler registered.
[    6.222906][    T1] IPVS: [wrr] scheduler registered.
[    6.223498][    T1] IPVS: [lc] scheduler registered.
[    6.224076][    T1] IPVS: [wlc] scheduler registered.
[    6.224670][    T1] IPVS: [fo] scheduler registered.
[    6.225247][    T1] IPVS: [ovf] scheduler registered.
[    6.225843][    T1] IPVS: [lblc] scheduler registered.
[    6.226455][    T1] IPVS: [lblcr] scheduler registered.
[    6.227058][    T1] IPVS: [dh] scheduler registered.
[    6.227631][    T1] IPVS: [sh] scheduler registered.
[    6.228204][    T1] IPVS: [mh] scheduler registered.
[    6.228777][    T1] IPVS: [sed] scheduler registered.
[    6.229389][    T1] IPVS: [nq] scheduler registered.
[    6.229965][    T1] IPVS: [twos] scheduler registered.
[    6.230647][    T1] IPVS: [sip] pe registered.
[    6.231253][    T1] ipip: IPv4 and MPLS over IPv4 tunneling driver
[    6.232914][    T1] gre: GRE over IPv4 demultiplexor driver
[    6.233562][    T1] ip_gre: GRE over IPv4 tunneling driver
[    6.236942][    T1] IPv4 over IPsec tunneling driver
[    6.238606][    T1] ipt_CLUSTERIP: ClusterIP Version 0.8 loaded successfully
[    6.239553][    T1] Initializing XFRM netlink socket
[    6.240194][    T1] IPsec XFRM device driver
[    6.240975][    T1] NET: Registered PF_INET6 protocol family
[    6.247483][    T1] Segment Routing with IPv6
[    6.248002][    T1] RPL Segment Routing with IPv6
[    6.248606][    T1] In-situ OAM (IOAM) with IPv6
[    6.249347][    T1] mip6: Mobile IPv6
[    6.251101][    T1] sit: IPv6, IPv4 and MPLS over IPv4 tunneling driver
[    6.253970][    T1] ip6_gre: GRE over IPv6 tunneling driver
[    6.255679][    T1] NET: Registered PF_PACKET protocol family
[    6.256401][    T1] NET: Registered PF_KEY protocol family
[    6.257232][    T1] Bridge firewalling registered
[    6.258135][    T1] NET: Registered PF_X25 protocol family
[    6.258854][    T1] X25: Linux Version 0.2
[    6.263492][    T1] NET: Registered PF_NETROM protocol family
[    6.272454][    T1] NET: Registered PF_ROSE protocol family
[    6.273199][    T1] NET: Registered PF_AX25 protocol family
[    6.273876][    T1] can: controller area network core
[    6.274580][    T1] NET: Registered PF_CAN protocol family
[    6.275233][    T1] can: raw protocol
