bash: warning: setlocale: LC_ALL: cannot change locale (en_US.UTF-8)
c[?7l[2J[0mSeaBIOS (version 1.16.2-debian-1.16.2-1)


iPXE (http://ipxe.org) 00:03.0 CA00 PCI2.10 PnP PMM+7EFCEF00+7EF0EF00 CA00
Press Ctrl-B to configure iPXE (PCI 00:03.0)...                                                                               


Booting from ROM...
c[?7l[2J[    0.000000] Linux version 6.4.0-04328-g982ddcd654f6-dirty (root@buildkitsandbox) (gcc (Debian 12.2.0-14+deb12u1) 12.2.0, GNU ld (GNU Binutils for Debian) 2.40) #2 SMP PREEMPT_DYNAMIC Thu May 14 22:30:12 UTC 2026
[    0.000000] Command line: console=ttyS0 oops=panic nokaslr rdinit=/init
[    0.000000] BIOS-provided physical RAM map:
[    0.000000] BIOS-e820: [mem 0x0000000000000000-0x000000000009fbff] usable
[    0.000000] BIOS-e820: [mem 0x000000000009fc00-0x000000000009ffff] reserved
[    0.000000] BIOS-e820: [mem 0x00000000000f0000-0x00000000000fffff] reserved
[    0.000000] BIOS-e820: [mem 0x0000000000100000-0x000000007ffdffff] usable
[    0.000000] BIOS-e820: [mem 0x000000007ffe0000-0x000000007fffffff] reserved
[    0.000000] BIOS-e820: [mem 0x00000000feffc000-0x00000000feffffff] reserved
[    0.000000] BIOS-e820: [mem 0x00000000fffc0000-0x00000000ffffffff] reserved
[    0.000000] NX (Execute Disable) protection: active
[    0.000000] SMBIOS 2.8 present.
[    0.000000] DMI: QEMU Standard PC (i440FX + PIIX, 1996), BIOS 1.16.2-debian-1.16.2-1 04/01/2014
[    0.000000] Hypervisor detected: KVM
[    0.000000] kvm-clock: Using msrs 4b564d01 and 4b564d00
[    0.000001] kvm-clock: using sched offset of 387665010 cycles
[    0.000003] clocksource: kvm-clock: mask: 0xffffffffffffffff max_cycles: 0x1cd42e4dffb, max_idle_ns: 881590591483 ns
[    0.000006] tsc: Detected 2995.198 MHz processor
[    0.000453] last_pfn = 0x7ffe0 max_arch_pfn = 0x400000000
[    0.000543] MTRR map: 4 entries (3 fixed + 1 variable; max 19), built from 8 variable MTRRs
[    0.000548] x86/PAT: Configuration [0-7]: WB  WC  UC- UC  WB  WP  UC- WT  
[    0.005782] found SMP MP-table at [mem 0x000f5ba0-0x000f5baf]
[    0.005874] Using GB pages for direct mapping
[    0.005899] Incomplete global flushes, disabling PCID
[    0.006281] RAMDISK: [mem 0x7fe91000-0x7ffdffff]
[    0.006306] ACPI: Early table checksum verification disabled
[    0.006333] ACPI: RSDP 0x00000000000F59D0 000014 (v00 BOCHS )
[    0.006336] ACPI: RSDT 0x000000007FFE1B33 000034 (v01 BOCHS  BXPC     00000001 BXPC 00000001)
[    0.006342] ACPI: FACP 0x000000007FFE19DF 000074 (v01 BOCHS  BXPC     00000001 BXPC 00000001)
[    0.006348] ACPI: DSDT 0x000000007FFE0040 00199F (v01 BOCHS  BXPC     00000001 BXPC 00000001)
[    0.006351] ACPI: FACS 0x000000007FFE0000 000040
[    0.006354] ACPI: APIC 0x000000007FFE1A53 000080 (v01 BOCHS  BXPC     00000001 BXPC 00000001)
[    0.006358] ACPI: HPET 0x000000007FFE1AD3 000038 (v01 BOCHS  BXPC     00000001 BXPC 00000001)
[    0.006361] ACPI: WAET 0x000000007FFE1B0B 000028 (v01 BOCHS  BXPC     00000001 BXPC 00000001)
[    0.006364] ACPI: Reserving FACP table memory at [mem 0x7ffe19df-0x7ffe1a52]
[    0.006365] ACPI: Reserving DSDT table memory at [mem 0x7ffe0040-0x7ffe19de]
[    0.006366] ACPI: Reserving FACS table memory at [mem 0x7ffe0000-0x7ffe003f]
[    0.006366] ACPI: Reserving APIC table memory at [mem 0x7ffe1a53-0x7ffe1ad2]
[    0.006367] ACPI: Reserving HPET table memory at [mem 0x7ffe1ad3-0x7ffe1b0a]
[    0.006367] ACPI: Reserving WAET table memory at [mem 0x7ffe1b0b-0x7ffe1b32]
[    0.006953] No NUMA configuration found
[    0.006954] Faking a node at [mem 0x0000000000000000-0x000000007ffdffff]
[    0.006956] NODE_DATA(0) allocated [mem 0x7fe8d000-0x7fe90fff]
[    0.006973] Zone ranges:
[    0.006974]   DMA      [mem 0x0000000000001000-0x0000000000ffffff]
[    0.006975]   DMA32    [mem 0x0000000001000000-0x000000007ffdffff]
[    0.006976]   Normal   empty
[    0.006977] Movable zone start for each node
[    0.006978] Early memory node ranges
[    0.006978]   node   0: [mem 0x0000000000001000-0x000000000009efff]
[    0.006979]   node   0: [mem 0x0000000000100000-0x000000007ffdffff]
[    0.006980] Initmem setup node 0 [mem 0x0000000000001000-0x000000007ffdffff]
[    0.007581] On node 0, zone DMA: 1 pages in unavailable ranges
[    0.007625] On node 0, zone DMA: 97 pages in unavailable ranges
[    0.020649] On node 0, zone DMA32: 32 pages in unavailable ranges
[    0.103517] kasan: KernelAddressSanitizer initialized
[    0.104282] ACPI: PM-Timer IO Port: 0x608
[    0.104289] ACPI: LAPIC_NMI (acpi_id[0xff] dfl dfl lint[0x1])
[    0.104352] IOAPIC[0]: apic_id 0, version 17, address 0xfec00000, GSI 0-23
[    0.104355] ACPI: INT_SRC_OVR (bus 0 bus_irq 0 global_irq 2 dfl dfl)
[    0.104357] ACPI: INT_SRC_OVR (bus 0 bus_irq 5 global_irq 5 high level)
[    0.104357] ACPI: INT_SRC_OVR (bus 0 bus_irq 9 global_irq 9 high level)
[    0.104359] ACPI: INT_SRC_OVR (bus 0 bus_irq 10 global_irq 10 high level)
[    0.104359] ACPI: INT_SRC_OVR (bus 0 bus_irq 11 global_irq 11 high level)
[    0.104362] ACPI: Using ACPI (MADT) for SMP configuration information
[    0.104363] ACPI: HPET id: 0x8086a201 base: 0xfed00000
[    0.104366] TSC deadline timer available
[    0.104373] smpboot: Allowing 2 CPUs, 0 hotplug CPUs
[    0.104405] kvm-guest: KVM setup pv remote TLB flush
[    0.104415] kvm-guest: setup PV sched yield
[    0.104438] PM: hibernation: Registered nosave memory: [mem 0x00000000-0x00000fff]
[    0.104439] PM: hibernation: Registered nosave memory: [mem 0x0009f000-0x0009ffff]
[    0.104440] PM: hibernation: Registered nosave memory: [mem 0x000a0000-0x000effff]
[    0.104441] PM: hibernation: Registered nosave memory: [mem 0x000f0000-0x000fffff]
[    0.104442] [mem 0x80000000-0xfeffbfff] available for PCI devices
[    0.104443] Booting paravirtualized kernel on KVM
[    0.104445] clocksource: refined-jiffies: mask: 0xffffffff max_cycles: 0xffffffff, max_idle_ns: 1910969940391419 ns
[    0.114833] setup_percpu: NR_CPUS:64 nr_cpumask_bits:2 nr_cpu_ids:2 nr_node_ids:1
[    0.115492] percpu: Embedded 66 pages/cpu s232104 r8192 d30040 u1048576
[    0.115544] Kernel command line: console=ttyS0 oops=panic nokaslr rdinit=/init
[    0.115613] random: crng init done
[    0.116231] Dentry cache hash table entries: 262144 (order: 9, 2097152 bytes, linear)
[    0.116807] Inode-cache hash table entries: 131072 (order: 8, 1048576 bytes, linear)
[    0.116876] Fallback order for Node 0: 0 
[    0.116879] Built 1 zonelists, mobility grouping on.  Total pages: 515808
[    0.116880] Policy zone: DMA32
[    0.116882] mem auto-init: stack:all(zero), heap alloc:off, heap free:off
[    0.116883] stackdepot: allocating hash table via alloc_large_system_hash
[    0.119811] stackdepot hash table entries: 1048576 (order: 11, 8388608 bytes, linear)
[    0.138807] Memory: 1692956K/2096632K available (49152K kernel code, 7936K rwdata, 10040K rodata, 5612K init, 3052K bss, 403420K reserved, 0K cma-reserved)
[    0.139090] SLUB: HWalign=64, Order=0-3, MinObjects=0, CPUs=2, Nodes=1
[    0.140302] Dynamic Preempt: voluntary
[    0.141070] rcu: Preemptible hierarchical RCU implementation.
[    0.141072] rcu: 	RCU event tracing is enabled.
[    0.141072] rcu: 	RCU restricting CPUs from NR_CPUS=64 to nr_cpu_ids=2.
[    0.141074] 	Trampoline variant of Tasks RCU enabled.
[    0.141075] rcu: RCU calculated value of scheduler-enlistment delay is 100 jiffies.
[    0.141076] rcu: Adjusting geometry for rcu_fanout_leaf=16, nr_cpu_ids=2
[    0.149242] NR_IRQS: 4352, nr_irqs: 440, preallocated irqs: 16
[    0.149517] rcu: srcu_init: Setting srcu_struct sizes based on contention.
[    0.156781] Console: colour VGA+ 80x25
[    0.156839] printk: console [ttyS0] enabled
[    0.298901] ACPI: Core revision 20230331
[    0.299955] clocksource: hpet: mask: 0xffffffff max_cycles: 0xffffffff, max_idle_ns: 19112604467 ns
[    0.301930] APIC: Switch to symmetric I/O mode setup
[    0.303128] kvm-guest: setup PV IPIs
[    0.305911] ..TIMER: vector=0x30 apic1=0 pin1=2 apic2=-1 pin2=-1
[    0.307320] clocksource: tsc-early: mask: 0xffffffffffffffff max_cycles: 0x2b2c8d6afc8, max_idle_ns: 440795331172 ns
[    0.309827] Calibrating delay loop (skipped) preset value.. 5990.39 BogoMIPS (lpj=2995198)
[    0.311333] x86/cpu: User Mode Instruction Prevention (UMIP) activated
[    0.312093] Last level iTLB entries: 4KB 0, 2MB 0, 4MB 0
[    0.312811] Last level dTLB entries: 4KB 0, 2MB 0, 4MB 0, 1GB 0
[    0.313832] Spectre V1 : Mitigation: usercopy/swapgs barriers and __user pointer sanitization
[    0.314818] Spectre V2 : Mitigation: Enhanced / Automatic IBRS
[    0.315809] Spectre V2 : Spectre v2 / SpectreRSB mitigation: Filling RSB on context switch
[    0.316809] Spectre V2 : Spectre v2 / PBRSB-eIBRS: Retire a single CALL on VMEXIT
[    0.317811] RETBleed: Mitigation: Enhanced IBRS
[    0.318815] Spectre V2 : mitigation: Enabling conditional Indirect Branch Prediction Barrier
[    0.319810] Speculative Store Bypass: Mitigation: Speculative Store Bypass disabled via prctl
[    0.320811] MMIO Stale Data: Unknown: No mitigations
[    0.321855] x86/fpu: Supporting XSAVE feature 0x001: 'x87 floating point registers'
[    0.322811] x86/fpu: Supporting XSAVE feature 0x002: 'SSE registers'
[    0.323811] x86/fpu: Supporting XSAVE feature 0x004: 'AVX registers'
[    0.324811] x86/fpu: xstate_offset[2]:  576, xstate_sizes[2]:  256
[    0.325810] x86/fpu: Enabled xstate features 0x7, context size is 832 bytes, using 'compacted' format.
[    0.344281] Freeing SMP alternatives memory: 44K
[    0.344812] pid_max: default: 32768 minimum: 301
[    0.345895] LSM: initializing lsm=capability,selinux,integrity
[    0.346820] SELinux:  Initializing.
[    0.347881] Mount-cache hash table entries: 4096 (order: 3, 32768 bytes, linear)
[    0.348816] Mountpoint-cache hash table entries: 4096 (order: 3, 32768 bytes, linear)
[    0.351022] smpboot: CPU0: 13th Gen Intel(R) Core(TM) i9-13900H (family: 0x6, model: 0xba, stepping: 0x2)
[    0.352023] RCU Tasks: Setting shift to 1 and lim to 1 rcu_task_cb_adjust=1.
[    0.352876] Performance Events: unsupported p6 CPU model 186 no PMU driver, software events only.
[    0.353871] signal: max sigframe size: 1776
[    0.354872] rcu: Hierarchical SRCU implementation.
[    0.355814] rcu: 	Max phase no-delay instances is 400.
[    0.357281] smp: Bringing up secondary CPUs ...
[    0.358018] smpboot: x86: Booting SMP configuration:
[    0.358820] .... node  #0, CPUs:      #1
[    0.359905] smp: Brought up 1 node, 2 CPUs
[    0.361827] smpboot: Max logical packages: 1
[    0.362835] smpboot: Total of 2 processors activated (11980.79 BogoMIPS)
[    0.365817] devtmpfs: initialized
[    0.368920] clocksource: jiffies: mask: 0xffffffff max_cycles: 0xffffffff, max_idle_ns: 1911260446275000 ns
[    0.369821] futex hash table entries: 512 (order: 3, 32768 bytes, linear)
[    0.371062] PM: RTC time: 22:31:38, date: 2026-05-14
[    0.372489] NET: Registered PF_NETLINK/PF_ROUTE protocol family
[    0.373492] audit: initializing netlink subsys (disabled)
[    0.374231] audit: type=2000 audit(1778797899.135:1): state=initialized audit_enabled=0 res=1
[    0.374310] thermal_sys: Registered thermal governor 'step_wise'
[    0.374823] thermal_sys: Registered thermal governor 'user_space'
[    0.375853] cpuidle: using governor menu
[    0.378816] PCI: Using configuration type 1 for base access
[    0.380487] kprobes: kprobe jump-optimization is enabled. All kprobes are optimized if possible.
[    0.383808] HugeTLB: registered 2.00 MiB page size, pre-allocated 0 pages
[    0.385818] HugeTLB: 28 KiB vmemmap can be freed for a 2.00 MiB page
[    0.387654] ACPI: Added _OSI(Module Device)
[    0.388817] ACPI: Added _OSI(Processor Device)
[    0.389815] ACPI: Added _OSI(3.0 _SCP Extensions)
[    0.390814] ACPI: Added _OSI(Processor Aggregator Device)
[    0.401186] ACPI: 1 ACPI AML tables successfully acquired and loaded
[    0.458004] ACPI: Interpreter enabled
[    0.458864] ACPI: PM: (supports S0 S3 S4 S5)
[    0.459846] ACPI: Using IOAPIC for interrupt routing
[    0.461084] PCI: Using host bridge windows from ACPI; if necessary, use "pci=nocrs" and report a bug
[    0.461817] PCI: Using E820 reservations for host bridge windows
[    0.463369] ACPI: Enabled 2 GPEs in block 00 to 0F
[    0.476527] ACPI: PCI Root Bridge [PCI0] (domain 0000 [bus 00-ff])
[    0.476861] acpi PNP0A03:00: _OSC: OS supports [ASPM ClockPM Segments MSI HPX-Type3]
[    0.477818] acpi PNP0A03:00: _OSC: not requesting OS control; OS requires [ExtendedConfig ASPM ClockPM MSI]
[    0.479154] acpi PNP0A03:00: fail to add MMCONFIG information, can't access extended configuration space under this bridge
[    0.480234] PCI host bridge to bus 0000:00
[    0.480817] pci_bus 0000:00: root bus resource [io  0x0000-0x0cf7 window]
[    0.481816] pci_bus 0000:00: root bus resource [io  0x0d00-0xffff window]
[    0.482934] pci_bus 0000:00: root bus resource [mem 0x000a0000-0x000bffff window]
[    0.483823] pci_bus 0000:00: root bus resource [mem 0x80000000-0xfebfffff window]
[    0.484822] pci_bus 0000:00: root bus resource [mem 0x100000000-0x17fffffff window]
[    0.485838] pci_bus 0000:00: root bus resource [bus 00-ff]
[    0.487058] pci 0000:00:00.0: [8086:1237] type 00 class 0x060000
[    0.493598] pci 0000:00:01.0: [8086:7000] type 00 class 0x060100
[    0.500041] pci 0000:00:01.1: [8086:7010] type 00 class 0x010180
[    0.502305] pci 0000:00:01.1: reg 0x20: [io  0xc040-0xc04f]
[    0.503451] pci 0000:00:01.1: legacy IDE quirk: reg 0x10: [io  0x01f0-0x01f7]
[    0.503818] pci 0000:00:01.1: legacy IDE quirk: reg 0x14: [io  0x03f6]
[    0.504859] pci 0000:00:01.1: legacy IDE quirk: reg 0x18: [io  0x0170-0x0177]
[    0.505817] pci 0000:00:01.1: legacy IDE quirk: reg 0x1c: [io  0x0376]
[    0.507650] pci 0000:00:01.3: [8086:7113] type 00 class 0x068000
[    0.508637] pci 0000:00:01.3: quirk: [io  0x0600-0x063f] claimed by PIIX4 ACPI
[    0.508901] pci 0000:00:01.3: quirk: [io  0x0700-0x070f] claimed by PIIX4 SMB
[    0.510551] pci 0000:00:02.0: [1234:1111] type 00 class 0x030000
[    0.511873] pci 0000:00:02.0: reg 0x10: [mem 0xfd000000-0xfdffffff pref]
[    0.514238] pci 0000:00:02.0: reg 0x18: [mem 0xfebf0000-0xfebf0fff]
[    0.517869] pci 0000:00:02.0: reg 0x30: [mem 0xfebe0000-0xfebeffff pref]
[    0.519135] pci 0000:00:02.0: Video device with shadowed ROM at [mem 0x000c0000-0x000dffff]
[    0.525373] pci 0000:00:03.0: [8086:100e] type 00 class 0x020000
[    0.526834] pci 0000:00:03.0: reg 0x10: [mem 0xfebc0000-0xfebdffff]
[    0.528683] pci 0000:00:03.0: reg 0x14: [io  0xc000-0xc03f]
[    0.532421] pci 0000:00:03.0: reg 0x30: [mem 0xfeb80000-0xfebbffff pref]
[    0.539824] ACPI: PCI: Interrupt link LNKA configured for IRQ 10
[    0.541381] ACPI: PCI: Interrupt link LNKB configured for IRQ 10
[    0.542364] ACPI: PCI: Interrupt link LNKC configured for IRQ 11
[    0.543298] ACPI: PCI: Interrupt link LNKD configured for IRQ 11
[    0.544013] ACPI: PCI: Interrupt link LNKS configured for IRQ 9
[    0.546576] iommu: Default domain type: Translated 
[    0.546817] iommu: DMA domain TLB invalidation policy: lazy mode 
[    0.548112] SCSI subsystem initialized
[    0.548945] ACPI: bus type USB registered
[    0.549855] usbcore: registered new interface driver usbfs
[    0.550833] usbcore: registered new interface driver hub
[    0.551832] usbcore: registered new device driver usb
[    0.554188] pps_core: LinuxPPS API ver. 1 registered
[    0.555817] pps_core: Software ver. 5.3.6 - Copyright 2005-2007 Rodolfo Giometti <giometti@linux.it>
[    0.558877] PTP clock support registered
[    0.560951] Advanced Linux Sound Architecture Driver Initialized.
[    0.563424] NetLabel: Initializing
[    0.563816] NetLabel:  domain hash size = 128
[    0.564814] NetLabel:  protocols = UNLABELED CIPSOv4 CALIPSO
[    0.566880] NetLabel:  unlabeled traffic allowed by default
[    0.567886] PCI: Using ACPI for IRQ routing
[    0.569852] pci 0000:00:02.0: vgaarb: setting as boot VGA device
[    0.570808] pci 0000:00:02.0: vgaarb: bridge control possible
[    0.570808] pci 0000:00:02.0: vgaarb: VGA device added: decodes=io+mem,owns=io+mem,locks=none
[    0.574819] vgaarb: loaded
[    0.575748] hpet0: at MMIO 0xfed00000, IRQs 2, 8, 0
[    0.576817] hpet0: 3 comparators, 64-bit 100.000000 MHz counter
[    0.584211] clocksource: Switched to clocksource kvm-clock
[    0.585973] VFS: Disk quotas dquot_6.6.0
[    0.587045] VFS: Dquot-cache hash table entries: 512 (order 0, 4096 bytes)
[    0.589657] pnp: PnP ACPI init
[    0.592059] pnp: PnP ACPI: found 6 devices
[    0.601590] clocksource: acpi_pm: mask: 0xffffff max_cycles: 0xffffff, max_idle_ns: 2085701024 ns
[    0.604156] NET: Registered PF_INET protocol family
[    0.605444] IP idents hash table entries: 32768 (order: 6, 262144 bytes, linear)
[    0.607886] tcp_listen_portaddr_hash hash table entries: 1024 (order: 2, 16384 bytes, linear)
[    0.611327] Table-perturb hash table entries: 65536 (order: 6, 262144 bytes, linear)
[    0.614326] TCP established hash table entries: 16384 (order: 5, 131072 bytes, linear)
[    0.616477] TCP bind hash table entries: 16384 (order: 7, 524288 bytes, linear)
[    0.618738] TCP: Hash tables configured (established 16384 bind 16384)
[    0.620766] UDP hash table entries: 1024 (order: 3, 32768 bytes, linear)
[    0.622600] UDP-Lite hash table entries: 1024 (order: 3, 32768 bytes, linear)
[    0.624654] NET: Registered PF_UNIX/PF_LOCAL protocol family
[    0.626910] RPC: Registered named UNIX socket transport module.
[    0.629144] RPC: Registered udp transport module.
[    0.630666] RPC: Registered tcp transport module.
[    0.631995] RPC: Registered tcp NFSv4.1 backchannel transport module.
[    0.634893] pci_bus 0000:00: resource 4 [io  0x0000-0x0cf7 window]
[    0.637320] pci_bus 0000:00: resource 5 [io  0x0d00-0xffff window]
[    0.639028] pci_bus 0000:00: resource 6 [mem 0x000a0000-0x000bffff window]
[    0.640867] pci_bus 0000:00: resource 7 [mem 0x80000000-0xfebfffff window]
[    0.642806] pci_bus 0000:00: resource 8 [mem 0x100000000-0x17fffffff window]
[    0.644975] pci 0000:00:01.0: PIIX3: Enabling Passive Release
[    0.646813] pci 0000:00:00.0: Limiting direct PCI/PCI transfers
[    0.649257] PCI: CLS 0 bytes, default 64
[    0.650763] Unpacking initramfs...
[    0.652185] RAPL PMU: API unit is 2^-32 Joules, 0 fixed counters, 10737418240 ms ovfl timer
[    0.654582] clocksource: tsc: mask: 0xffffffffffffffff max_cycles: 0x2b2c8d6afc8, max_idle_ns: 440795331172 ns
[    0.659306] Initialise system trusted keyrings
[    0.661432] workingset: timestamp_bits=56 max_order=19 bucket_order=0
[    0.665018] NFS: Registering the id_resolver key type
[    0.666663] Key type id_resolver registered
[    0.668060] Key type id_legacy registered
[    0.669527] 9p: Installing v9fs 9p2000 file system support
[    0.675632] Freeing initrd memory: 1340K
[    0.679191] Key type asymmetric registered
[    0.680349] Asymmetric key parser 'x509' registered
[    0.681987] Block layer SCSI generic (bsg) driver version 0.4 loaded (major 251)
[    0.684329] io scheduler mq-deadline registered
[    0.685562] io scheduler kyber registered
[    0.687125] input: Power Button as /devices/LNXSYSTM:00/LNXPWRBN:00/input/input0
[    0.689617] ACPI: button: Power Button [PWRF]
[    0.691587] Serial: 8250/16550 driver, 4 ports, IRQ sharing enabled
[    0.693613] 00:04: ttyS0 at I/O 0x3f8 (irq = 4, base_baud = 115200) is a 16550A
[    0.696625] Non-volatile memory driver v1.3
[    0.697986] Linux agpgart interface v0.103
[    0.699638] ACPI: bus type drm_connector registered
[    0.707313] loop: module loaded
[    0.710105] scsi host0: ata_piix
[    0.711484] scsi host1: ata_piix
[    0.712600] ata1: PATA max MWDMA2 cmd 0x1f0 ctl 0x3f6 bmdma 0xc040 irq 14
[    0.714490] ata2: PATA max MWDMA2 cmd 0x170 ctl 0x376 bmdma 0xc048 irq 15
[    0.716880] e100: Intel(R) PRO/100 Network Driver
[    0.718387] e100: Copyright(c) 1999-2006 Intel Corporation
[    0.719651] e1000: Intel(R) PRO/1000 Network Driver
[    0.720983] e1000: Copyright (c) 1999-2006 Intel Corporation.
[    0.874907] ata2: found unknown device (class 0)
[    0.876792] ata2.00: ATAPI: QEMU DVD-ROM, 2.5+, max UDMA/100
[    0.879606] scsi 1:0:0:0: CD-ROM            QEMU     QEMU DVD-ROM     2.5+ PQ: 0 ANSI: 5
[    0.897045] sr 1:0:0:0: [sr0] scsi3-mmc drive: 4x/4x cd/rw xa/form2 tray
[    0.898818] cdrom: Uniform CD-ROM driver Revision: 3.20
[    1.140419] ACPI: \_SB_.LNKC: Enabled at IRQ 11
[    1.511446] e1000 0000:00:03.0 eth0: (PCI:33MHz:32-bit) 52:54:00:12:34:56
[    1.514535] e1000 0000:00:03.0 eth0: Intel(R) PRO/1000 Network Connection
[    1.516207] e1000e: Intel(R) PRO/1000 Network Driver
[    1.517608] e1000e: Copyright(c) 1999 - 2015 Intel Corporation.
[    1.519448] sky2: driver version 1.30
[    1.521329] usbcore: registered new interface driver usblp
[    1.522665] usbcore: registered new interface driver usb-storage
[    1.524357] i8042: PNP: PS/2 Controller [PNP0303:KBD,PNP0f13:MOU] at 0x60,0x64 irq 1,12
[    1.527621] serio: i8042 KBD port at 0x60,0x64 irq 1
[    1.529541] serio: i8042 AUX port at 0x60,0x64 irq 12
[    1.531809] rtc_cmos 00:05: RTC can wake from S4
[    1.534582] input: AT Translated Set 2 keyboard as /devices/platform/i8042/serio0/input/input1
[    1.536585] rtc_cmos 00:05: registered as rtc0
[    1.538069] rtc_cmos 00:05: alarms up to one day, y3k, 242 bytes nvram, hpet irqs
[    1.541037] device-mapper: ioctl: 4.48.0-ioctl (2023-03-01) initialised: dm-devel@redhat.com
[    1.544435] intel_pstate: CPU model not supported
[    1.545517] hid: raw HID events driver (C) Jiri Kosina
[    1.546893] usbcore: registered new interface driver usbhid
[    1.548928] usbhid: USB HID core driver
[    1.552022] Initializing XFRM netlink socket
[    1.553353] NET: Registered PF_INET6 protocol family
[    1.555317] Segment Routing with IPv6
[    1.556563] In-situ OAM (IOAM) with IPv6
[    1.557807] sit: IPv6, IPv4 and MPLS over IPv4 tunneling driver
[    1.560725] NET: Registered PF_PACKET protocol family
[    1.562443] 9pnet: Installing 9P2000 support
[    1.563707] Key type dns_resolver registered
[    1.565369] IPI shorthand broadcast: enabled
[    1.576578] sched_clock: Marking stable (1420007799, 156281008)->(1661987091, -85698284)
[    1.579908] registered taskstats version 1
[    1.581477] Loading compiled-in X.509 certificates
[    1.591069] PM:   Magic number: 10:857:552
[    1.592481] acpi PNP0C0F:03: hash matches
[    1.593923] printk: console [netcon0] enabled
[    1.595092] netconsole: network logging started
[    1.597344] cfg80211: Loading compiled-in X.509 certificates for regulatory database
[    1.600494] kworker/u4:1 (50) used greatest stack depth: 29536 bytes left
[    1.602786] Loaded X.509 cert 'sforshee: 00b28ddf47aef9cea7'
[    1.604422] ALSA device list:
[    1.605294]   No soundcards found.
[    1.607555] Freeing unused kernel image (initmem) memory: 5612K
[    1.609252] platform regulatory.0: Direct firmware load for regulatory.db failed with error -2
[    1.611126] cfg80211: failed to load regulatory.db
[    1.614418] Write protecting the kernel read-only data: 59392k
[    1.615703] Freeing unused kernel image (rodata/data gap) memory: 200K
[    1.628819] x86/mm: Checked W+X mappings: passed, no W+X pages found.
[    1.630259] Run /init as init process
[    1.634391] mount (54) used greatest stack depth: 28760 bytes left

secb: rootfs ready
---- poc begin ----
poc: userns+netns ready
poc: pick_colliders: initval=0x4b maps payload=0x67c00900 to bucket 0
poc: pick_colliders: ok (target=0 ce=1 d=2)
poc: cycle 0: created 16 sets, sleeping for b-expire
[    2.168996] input: ImExPS/2 Generic Explorer Mouse as /devices/platform/i8042/serio1/input/input3
[    3.663726] Set s0c0 is full, maxelem 3 reached
poc: add f s0c0: -4352
[    3.665057] Set s0c1 is full, maxelem 3 reached
poc: add f s0c1: -4352
[    3.666273] Set s0c2 is full, maxelem 3 reached
poc: add f s0c2: -4352
[    3.667395] Set s0c3 is full, maxelem 3 reached
poc: add f s0c3: -4352
[    3.668440] Set s0c4 is full, maxelem 3 reached
poc: add f s0c4: -4352
[    3.669548] Set s0c5 is full, maxelem 3 reached
poc: add f s0c5: -4352
[    3.671800] Set s0c6 is full, maxelem 3 reached
poc: add f s0c6: -4352
[    3.673508] Set s0c7 is full, maxelem 3 reached
poc: add f s0c7: -4352
[    3.675310] Set s0c8 is full, maxelem 3 reached
poc: add f s0c8: -4352
[    3.677652] Set s0c9 is full, maxelem 3 reached
poc: add f s0c9: -4352
poc: add f s0c10: -4352
poc: add f s0c11: -4352
poc: add f s0c12: -4352
poc: add f s0c13: -4352
poc: add f s0c14: -4352
poc: add f s0c15: -4352
poc: cycle 0: triggers fired across 16 sets
poc: cycle 1: created 16 sets, sleeping for b-expire
poc: add f s1c0: -4352
poc: add f s1c1: -4352
poc: add f s1c2: -4352
poc: add f s1c3: -4352
poc: add f s1c4: -4352
poc: add f s1c5: -4352
poc: add f s1c6: -4352
poc: add f s1c7: -4352
poc: add f s1c8: -4352
poc: add f s1c9: -4352
poc: add f s1c10: -4352
poc: add f s1c11: -4352
poc: add f s1c12: -4352
poc: add f s1c13: -4352
poc: add f s1c14: -4352
poc: add f s1c15: -4352
poc: cycle 1: triggers fired across 16 sets
poc: done wins=32 fails=0
[    6.702748] poc (60) used greatest stack depth: 26664 bytes left
---- poc end rc=0 ----
secb: poc exited without crashing the kernel
[    8.048906] ACPI: PM: Preparing to enter system sleep state S5
[    8.050078] reboot: Power down
NO_CRASH_DETECTED
