bash: warning: setlocale: LC_ALL: cannot change locale (en_US.UTF-8)
c[?7l[2J[0mSeaBIOS (version 1.16.2-debian-1.16.2-1)


iPXE (http://ipxe.org) 00:03.0 CA00 PCI2.10 PnP PMM+7EFCEF00+7EF0EF00 CA00
Press Ctrl-B to configure iPXE (PCI 00:03.0)...                                                                               


Booting from ROM...
c[?7l[2J[    0.000000] Linux version 6.4.0-04326-geaf9e7192ec9-dirty (root@buildkitsandbox) (gcc (Debian 12.2.0-14+deb12u1) 12.2.0, GNU ld (GNU Binutils for Debian) 2.40) #1 SMP PREEMPT_DYNAMIC Thu May 14 22:28:27 UTC 2026
[    0.000000] Command line: console=ttyS0 oops=panic nokaslr rdinit=/init
[    0.000000] BIOS-provided physical RAM map:
[    0.000000] BIOS-e820: [mem 0x0000000000000000-0x000000000009fbff] usable
[    0.000000] BIOS-e820: [mem 0x000000000009fc00-0x000000000009ffff] reserved
[    0.000000] BIOS-e820: [mem 0x00000000000f0000-0x00000000000fffff] reserved
[    0.000000] BIOS-e820: [mem 0x0000000000100000-0x000000007ffdffff] usable
[    0.000000] BIOS-e820: [mem 0x000000007ffe0000-0x000000007fffffff] reserved
[    0.000000] BIOS-e820: [mem 0x00000000feffc000-0x00000000feffffff] reserved
[    0.000000] BIOS-e820: [mem 0x00000000fffc0000-0x00000000ffffffff] reserved
[    0.000000] NX (Execute Disable) protection: active
[    0.000000] SMBIOS 2.8 present.
[    0.000000] DMI: QEMU Standard PC (i440FX + PIIX, 1996), BIOS 1.16.2-debian-1.16.2-1 04/01/2014
[    0.000000] Hypervisor detected: KVM
[    0.000000] kvm-clock: Using msrs 4b564d01 and 4b564d00
[    0.000001] kvm-clock: using sched offset of 391907123 cycles
[    0.000002] clocksource: kvm-clock: mask: 0xffffffffffffffff max_cycles: 0x1cd42e4dffb, max_idle_ns: 881590591483 ns
[    0.000005] tsc: Detected 2995.198 MHz processor
[    0.000456] last_pfn = 0x7ffe0 max_arch_pfn = 0x400000000
[    0.000549] MTRR map: 4 entries (3 fixed + 1 variable; max 19), built from 8 variable MTRRs
[    0.000553] x86/PAT: Configuration [0-7]: WB  WC  UC- UC  WB  WP  UC- WT  
[    0.006257] found SMP MP-table at [mem 0x000f5ba0-0x000f5baf]
[    0.006398] Using GB pages for direct mapping
[    0.006447] Incomplete global flushes, disabling PCID
[    0.006860] RAMDISK: [mem 0x7fe91000-0x7ffdffff]
[    0.006900] ACPI: Early table checksum verification disabled
[    0.006929] ACPI: RSDP 0x00000000000F59D0 000014 (v00 BOCHS )
[    0.006934] ACPI: RSDT 0x000000007FFE1B33 000034 (v01 BOCHS  BXPC     00000001 BXPC 00000001)
[    0.006940] ACPI: FACP 0x000000007FFE19DF 000074 (v01 BOCHS  BXPC     00000001 BXPC 00000001)
[    0.006946] ACPI: DSDT 0x000000007FFE0040 00199F (v01 BOCHS  BXPC     00000001 BXPC 00000001)
[    0.006949] ACPI: FACS 0x000000007FFE0000 000040
[    0.006952] ACPI: APIC 0x000000007FFE1A53 000080 (v01 BOCHS  BXPC     00000001 BXPC 00000001)
[    0.006956] ACPI: HPET 0x000000007FFE1AD3 000038 (v01 BOCHS  BXPC     00000001 BXPC 00000001)
[    0.006959] ACPI: WAET 0x000000007FFE1B0B 000028 (v01 BOCHS  BXPC     00000001 BXPC 00000001)
[    0.006962] ACPI: Reserving FACP table memory at [mem 0x7ffe19df-0x7ffe1a52]
[    0.006963] ACPI: Reserving DSDT table memory at [mem 0x7ffe0040-0x7ffe19de]
[    0.006964] ACPI: Reserving FACS table memory at [mem 0x7ffe0000-0x7ffe003f]
[    0.006965] ACPI: Reserving APIC table memory at [mem 0x7ffe1a53-0x7ffe1ad2]
[    0.006965] ACPI: Reserving HPET table memory at [mem 0x7ffe1ad3-0x7ffe1b0a]
[    0.006966] ACPI: Reserving WAET table memory at [mem 0x7ffe1b0b-0x7ffe1b32]
[    0.007646] No NUMA configuration found
[    0.007649] Faking a node at [mem 0x0000000000000000-0x000000007ffdffff]
[    0.007661] NODE_DATA(0) allocated [mem 0x7fe8d000-0x7fe90fff]
[    0.007683] Zone ranges:
[    0.007683]   DMA      [mem 0x0000000000001000-0x0000000000ffffff]
[    0.007685]   DMA32    [mem 0x0000000001000000-0x000000007ffdffff]
[    0.007686]   Normal   empty
[    0.007687] Movable zone start for each node
[    0.007688] Early memory node ranges
[    0.007688]   node   0: [mem 0x0000000000001000-0x000000000009efff]
[    0.007689]   node   0: [mem 0x0000000000100000-0x000000007ffdffff]
[    0.007690] Initmem setup node 0 [mem 0x0000000000001000-0x000000007ffdffff]
[    0.008419] On node 0, zone DMA: 1 pages in unavailable ranges
[    0.008464] On node 0, zone DMA: 97 pages in unavailable ranges
[    0.022509] On node 0, zone DMA32: 32 pages in unavailable ranges
[    0.107430] kasan: KernelAddressSanitizer initialized
[    0.108209] ACPI: PM-Timer IO Port: 0x608
[    0.108216] ACPI: LAPIC_NMI (acpi_id[0xff] dfl dfl lint[0x1])
[    0.108271] IOAPIC[0]: apic_id 0, version 17, address 0xfec00000, GSI 0-23
[    0.108274] ACPI: INT_SRC_OVR (bus 0 bus_irq 0 global_irq 2 dfl dfl)
[    0.108276] ACPI: INT_SRC_OVR (bus 0 bus_irq 5 global_irq 5 high level)
[    0.108277] ACPI: INT_SRC_OVR (bus 0 bus_irq 9 global_irq 9 high level)
[    0.108278] ACPI: INT_SRC_OVR (bus 0 bus_irq 10 global_irq 10 high level)
[    0.108278] ACPI: INT_SRC_OVR (bus 0 bus_irq 11 global_irq 11 high level)
[    0.108282] ACPI: Using ACPI (MADT) for SMP configuration information
[    0.108283] ACPI: HPET id: 0x8086a201 base: 0xfed00000
[    0.108285] TSC deadline timer available
[    0.108291] smpboot: Allowing 2 CPUs, 0 hotplug CPUs
[    0.108326] kvm-guest: KVM setup pv remote TLB flush
[    0.108335] kvm-guest: setup PV sched yield
[    0.108358] PM: hibernation: Registered nosave memory: [mem 0x00000000-0x00000fff]
[    0.108363] PM: hibernation: Registered nosave memory: [mem 0x0009f000-0x0009ffff]
[    0.108364] PM: hibernation: Registered nosave memory: [mem 0x000a0000-0x000effff]
[    0.108365] PM: hibernation: Registered nosave memory: [mem 0x000f0000-0x000fffff]
[    0.108367] [mem 0x80000000-0xfeffbfff] available for PCI devices
[    0.108368] Booting paravirtualized kernel on KVM
[    0.108371] clocksource: refined-jiffies: mask: 0xffffffff max_cycles: 0xffffffff, max_idle_ns: 1910969940391419 ns
[    0.118618] setup_percpu: NR_CPUS:64 nr_cpumask_bits:2 nr_cpu_ids:2 nr_node_ids:1
[    0.119310] percpu: Embedded 66 pages/cpu s232104 r8192 d30040 u1048576
[    0.119360] Kernel command line: console=ttyS0 oops=panic nokaslr rdinit=/init
[    0.119427] random: crng init done
[    0.120012] Dentry cache hash table entries: 262144 (order: 9, 2097152 bytes, linear)
[    0.120569] Inode-cache hash table entries: 131072 (order: 8, 1048576 bytes, linear)
[    0.120638] Fallback order for Node 0: 0 
[    0.120641] Built 1 zonelists, mobility grouping on.  Total pages: 515808
[    0.120642] Policy zone: DMA32
[    0.120643] mem auto-init: stack:all(zero), heap alloc:off, heap free:off
[    0.120644] stackdepot: allocating hash table via alloc_large_system_hash
[    0.123277] stackdepot hash table entries: 1048576 (order: 11, 8388608 bytes, linear)
[    0.141810] Memory: 1692956K/2096632K available (49152K kernel code, 7936K rwdata, 10040K rodata, 5612K init, 3052K bss, 403420K reserved, 0K cma-reserved)
[    0.141941] SLUB: HWalign=64, Order=0-3, MinObjects=0, CPUs=2, Nodes=1
[    0.142930] Dynamic Preempt: voluntary
[    0.143607] rcu: Preemptible hierarchical RCU implementation.
[    0.143608] rcu: 	RCU event tracing is enabled.
[    0.143609] rcu: 	RCU restricting CPUs from NR_CPUS=64 to nr_cpu_ids=2.
[    0.143610] 	Trampoline variant of Tasks RCU enabled.
[    0.143611] rcu: RCU calculated value of scheduler-enlistment delay is 100 jiffies.
[    0.143612] rcu: Adjusting geometry for rcu_fanout_leaf=16, nr_cpu_ids=2
[    0.152114] NR_IRQS: 4352, nr_irqs: 440, preallocated irqs: 16
[    0.152380] rcu: srcu_init: Setting srcu_struct sizes based on contention.
[    0.159987] Console: colour VGA+ 80x25
[    0.160051] printk: console [ttyS0] enabled
[    0.318544] ACPI: Core revision 20230331
[    0.319892] clocksource: hpet: mask: 0xffffffff max_cycles: 0xffffffff, max_idle_ns: 19112604467 ns
[    0.322442] APIC: Switch to symmetric I/O mode setup
[    0.323763] kvm-guest: setup PV IPIs
[    0.326987] ..TIMER: vector=0x30 apic1=0 pin1=2 apic2=-1 pin2=-1
[    0.328814] clocksource: tsc-early: mask: 0xffffffffffffffff max_cycles: 0x2b2c8d6afc8, max_idle_ns: 440795331172 ns
[    0.331539] Calibrating delay loop (skipped) preset value.. 5990.39 BogoMIPS (lpj=2995198)
[    0.333850] x86/cpu: User Mode Instruction Prevention (UMIP) activated
[    0.334836] Last level iTLB entries: 4KB 0, 2MB 0, 4MB 0
[    0.335537] Last level dTLB entries: 4KB 0, 2MB 0, 4MB 0, 1GB 0
[    0.336559] Spectre V1 : Mitigation: usercopy/swapgs barriers and __user pointer sanitization
[    0.337545] Spectre V2 : Mitigation: Enhanced / Automatic IBRS
[    0.338537] Spectre V2 : Spectre v2 / SpectreRSB mitigation: Filling RSB on context switch
[    0.339537] Spectre V2 : Spectre v2 / PBRSB-eIBRS: Retire a single CALL on VMEXIT
[    0.340537] RETBleed: Mitigation: Enhanced IBRS
[    0.341540] Spectre V2 : mitigation: Enabling conditional Indirect Branch Prediction Barrier
[    0.342537] Speculative Store Bypass: Mitigation: Speculative Store Bypass disabled via prctl
[    0.343537] MMIO Stale Data: Unknown: No mitigations
[    0.344585] x86/fpu: Supporting XSAVE feature 0x001: 'x87 floating point registers'
[    0.345537] x86/fpu: Supporting XSAVE feature 0x002: 'SSE registers'
[    0.346537] x86/fpu: Supporting XSAVE feature 0x004: 'AVX registers'
[    0.347537] x86/fpu: xstate_offset[2]:  576, xstate_sizes[2]:  256
[    0.348537] x86/fpu: Enabled xstate features 0x7, context size is 832 bytes, using 'compacted' format.
[    0.367975] Freeing SMP alternatives memory: 44K
[    0.368538] pid_max: default: 32768 minimum: 301
[    0.369620] LSM: initializing lsm=capability,selinux,integrity
[    0.370561] SELinux:  Initializing.
[    0.371622] Mount-cache hash table entries: 4096 (order: 3, 32768 bytes, linear)
[    0.372540] Mountpoint-cache hash table entries: 4096 (order: 3, 32768 bytes, linear)
[    0.375063] smpboot: CPU0: 13th Gen Intel(R) Core(TM) i9-13900H (family: 0x6, model: 0xba, stepping: 0x2)
[    0.375731] RCU Tasks: Setting shift to 1 and lim to 1 rcu_task_cb_adjust=1.
[    0.376566] Performance Events: unsupported p6 CPU model 186 no PMU driver, software events only.
[    0.377593] signal: max sigframe size: 1776
[    0.378580] rcu: Hierarchical SRCU implementation.
[    0.379540] rcu: 	Max phase no-delay instances is 400.
[    0.381016] smp: Bringing up secondary CPUs ...
[    0.381753] smpboot: x86: Booting SMP configuration:
[    0.382543] .... node  #0, CPUs:      #1
[    0.383616] smp: Brought up 1 node, 2 CPUs
[    0.385540] smpboot: Max logical packages: 1
[    0.386540] smpboot: Total of 2 processors activated (11980.79 BogoMIPS)
[    0.388541] devtmpfs: initialized
[    0.391663] clocksource: jiffies: mask: 0xffffffff max_cycles: 0xffffffff, max_idle_ns: 1911260446275000 ns
[    0.392546] futex hash table entries: 512 (order: 3, 32768 bytes, linear)
[    0.393785] PM: RTC time: 22:29:32, date: 2026-05-14
[    0.395206] NET: Registered PF_NETLINK/PF_ROUTE protocol family
[    0.395911] audit: initializing netlink subsys (disabled)
[    0.396632] audit: type=2000 audit(1778797772.933:1): state=initialized audit_enabled=0 res=1
[    0.396971] thermal_sys: Registered thermal governor 'step_wise'
[    0.397545] thermal_sys: Registered thermal governor 'user_space'
[    0.398566] cpuidle: using governor menu
[    0.400911] PCI: Using configuration type 1 for base access
[    0.401732] kprobes: kprobe jump-optimization is enabled. All kprobes are optimized if possible.
[    0.405534] HugeTLB: registered 2.00 MiB page size, pre-allocated 0 pages
[    0.406544] HugeTLB: 28 KiB vmemmap can be freed for a 2.00 MiB page
[    0.408932] ACPI: Added _OSI(Module Device)
[    0.409545] ACPI: Added _OSI(Processor Device)
[    0.411545] ACPI: Added _OSI(3.0 _SCP Extensions)
[    0.412541] ACPI: Added _OSI(Processor Aggregator Device)
[    0.421907] ACPI: 1 ACPI AML tables successfully acquired and loaded
[    0.481743] ACPI: Interpreter enabled
[    0.482800] ACPI: PM: (supports S0 S3 S4 S5)
[    0.483546] ACPI: Using IOAPIC for interrupt routing
[    0.484727] PCI: Using host bridge windows from ACPI; if necessary, use "pci=nocrs" and report a bug
[    0.485540] PCI: Using E820 reservations for host bridge windows
[    0.487011] ACPI: Enabled 2 GPEs in block 00 to 0F
[    0.500583] ACPI: PCI Root Bridge [PCI0] (domain 0000 [bus 00-ff])
[    0.501552] acpi PNP0A03:00: _OSC: OS supports [ASPM ClockPM Segments MSI HPX-Type3]
[    0.502540] acpi PNP0A03:00: _OSC: not requesting OS control; OS requires [ExtendedConfig ASPM ClockPM MSI]
[    0.503606] acpi PNP0A03:00: fail to add MMCONFIG information, can't access extended configuration space under this bridge
[    0.504754] PCI host bridge to bus 0000:00
[    0.505550] pci_bus 0000:00: root bus resource [io  0x0000-0x0cf7 window]
[    0.506547] pci_bus 0000:00: root bus resource [io  0x0d00-0xffff window]
[    0.507555] pci_bus 0000:00: root bus resource [mem 0x000a0000-0x000bffff window]
[    0.508547] pci_bus 0000:00: root bus resource [mem 0x80000000-0xfebfffff window]
[    0.509549] pci_bus 0000:00: root bus resource [mem 0x100000000-0x17fffffff window]
[    0.510548] pci_bus 0000:00: root bus resource [bus 00-ff]
[    0.511649] pci 0000:00:00.0: [8086:1237] type 00 class 0x060000
[    0.518169] pci 0000:00:01.0: [8086:7000] type 00 class 0x060100
[    0.525132] pci 0000:00:01.1: [8086:7010] type 00 class 0x010180
[    0.527045] pci 0000:00:01.1: reg 0x20: [io  0xc040-0xc04f]
[    0.528252] pci 0000:00:01.1: legacy IDE quirk: reg 0x10: [io  0x01f0-0x01f7]
[    0.528550] pci 0000:00:01.1: legacy IDE quirk: reg 0x14: [io  0x03f6]
[    0.529552] pci 0000:00:01.1: legacy IDE quirk: reg 0x18: [io  0x0170-0x0177]
[    0.530572] pci 0000:00:01.1: legacy IDE quirk: reg 0x1c: [io  0x0376]
[    0.532405] pci 0000:00:01.3: [8086:7113] type 00 class 0x068000
[    0.533915] pci 0000:00:01.3: quirk: [io  0x0600-0x063f] claimed by PIIX4 ACPI
[    0.534563] pci 0000:00:01.3: quirk: [io  0x0700-0x070f] claimed by PIIX4 SMB
[    0.536310] pci 0000:00:02.0: [1234:1111] type 00 class 0x030000
[    0.538677] pci 0000:00:02.0: reg 0x10: [mem 0xfd000000-0xfdffffff pref]
[    0.541627] pci 0000:00:02.0: reg 0x18: [mem 0xfebf0000-0xfebf0fff]
[    0.547583] pci 0000:00:02.0: reg 0x30: [mem 0xfebe0000-0xfebeffff pref]
[    0.549074] pci 0000:00:02.0: Video device with shadowed ROM at [mem 0x000c0000-0x000dffff]
[    0.556609] pci 0000:00:03.0: [8086:100e] type 00 class 0x020000
[    0.558572] pci 0000:00:03.0: reg 0x10: [mem 0xfebc0000-0xfebdffff]
[    0.560545] pci 0000:00:03.0: reg 0x14: [io  0xc000-0xc03f]
[    0.566509] pci 0000:00:03.0: reg 0x30: [mem 0xfeb80000-0xfebbffff pref]
[    0.574994] ACPI: PCI: Interrupt link LNKA configured for IRQ 10
[    0.576121] ACPI: PCI: Interrupt link LNKB configured for IRQ 10
[    0.577102] ACPI: PCI: Interrupt link LNKC configured for IRQ 11
[    0.578093] ACPI: PCI: Interrupt link LNKD configured for IRQ 11
[    0.578778] ACPI: PCI: Interrupt link LNKS configured for IRQ 9
[    0.581059] iommu: Default domain type: Translated 
[    0.581545] iommu: DMA domain TLB invalidation policy: lazy mode 
[    0.582867] SCSI subsystem initialized
[    0.583992] ACPI: bus type USB registered
[    0.585926] usbcore: registered new interface driver usbfs
[    0.586595] usbcore: registered new interface driver hub
[    0.588609] usbcore: registered new device driver usb
[    0.589696] pps_core: LinuxPPS API ver. 1 registered
[    0.590541] pps_core: Software ver. 5.3.6 - Copyright 2005-2007 Rodolfo Giometti <giometti@linux.it>
[    0.592812] PTP clock support registered
[    0.595724] Advanced Linux Sound Architecture Driver Initialized.
[    0.597226] NetLabel: Initializing
[    0.597543] NetLabel:  domain hash size = 128
[    0.598540] NetLabel:  protocols = UNLABELED CIPSOv4 CALIPSO
[    0.599628] NetLabel:  unlabeled traffic allowed by default
[    0.600634] PCI: Using ACPI for IRQ routing
[    0.601825] pci 0000:00:02.0: vgaarb: setting as boot VGA device
[    0.602534] pci 0000:00:02.0: vgaarb: bridge control possible
[    0.602534] pci 0000:00:02.0: vgaarb: VGA device added: decodes=io+mem,owns=io+mem,locks=none
[    0.602547] vgaarb: loaded
[    0.603464] hpet0: at MMIO 0xfed00000, IRQs 2, 8, 0
[    0.603543] hpet0: 3 comparators, 64-bit 100.000000 MHz counter
[    0.607645] clocksource: Switched to clocksource kvm-clock
[    0.645993] VFS: Disk quotas dquot_6.6.0
[    0.647468] VFS: Dquot-cache hash table entries: 512 (order 0, 4096 bytes)
[    0.649545] pnp: PnP ACPI init
[    0.651963] pnp: PnP ACPI: found 6 devices
[    0.666960] clocksource: acpi_pm: mask: 0xffffff max_cycles: 0xffffff, max_idle_ns: 2085701024 ns
[    0.669129] NET: Registered PF_INET protocol family
[    0.670330] IP idents hash table entries: 32768 (order: 6, 262144 bytes, linear)
[    0.672716] tcp_listen_portaddr_hash hash table entries: 1024 (order: 2, 16384 bytes, linear)
[    0.674699] Table-perturb hash table entries: 65536 (order: 6, 262144 bytes, linear)
[    0.676574] TCP established hash table entries: 16384 (order: 5, 131072 bytes, linear)
[    0.678458] TCP bind hash table entries: 16384 (order: 7, 524288 bytes, linear)
[    0.680195] TCP: Hash tables configured (established 16384 bind 16384)
[    0.682420] UDP hash table entries: 1024 (order: 3, 32768 bytes, linear)
[    0.684345] UDP-Lite hash table entries: 1024 (order: 3, 32768 bytes, linear)
[    0.686345] NET: Registered PF_UNIX/PF_LOCAL protocol family
[    0.688237] RPC: Registered named UNIX socket transport module.
[    0.689747] RPC: Registered udp transport module.
[    0.690795] RPC: Registered tcp transport module.
[    0.691926] RPC: Registered tcp NFSv4.1 backchannel transport module.
[    0.694106] pci_bus 0000:00: resource 4 [io  0x0000-0x0cf7 window]
[    0.695559] pci_bus 0000:00: resource 5 [io  0x0d00-0xffff window]
[    0.697112] pci_bus 0000:00: resource 6 [mem 0x000a0000-0x000bffff window]
[    0.698760] pci_bus 0000:00: resource 7 [mem 0x80000000-0xfebfffff window]
[    0.700499] pci_bus 0000:00: resource 8 [mem 0x100000000-0x17fffffff window]
[    0.702961] pci 0000:00:01.0: PIIX3: Enabling Passive Release
[    0.704327] pci 0000:00:00.0: Limiting direct PCI/PCI transfers
[    0.705837] PCI: CLS 0 bytes, default 64
[    0.706955] Unpacking initramfs...
[    0.710383] RAPL PMU: API unit is 2^-32 Joules, 0 fixed counters, 10737418240 ms ovfl timer
[    0.712177] clocksource: tsc: mask: 0xffffffffffffffff max_cycles: 0x2b2c8d6afc8, max_idle_ns: 440795331172 ns
[    0.716653] Initialise system trusted keyrings
[    0.719621] workingset: timestamp_bits=56 max_order=19 bucket_order=0
[    0.722705] NFS: Registering the id_resolver key type
[    0.724238] Key type id_resolver registered
[    0.725204] Key type id_legacy registered
[    0.726196] 9p: Installing v9fs 9p2000 file system support
[    0.728856] Freeing initrd memory: 1340K
[    0.734000] Key type asymmetric registered
[    0.735315] Asymmetric key parser 'x509' registered
[    0.736621] Block layer SCSI generic (bsg) driver version 0.4 loaded (major 251)
[    0.738495] io scheduler mq-deadline registered
[    0.740503] io scheduler kyber registered
[    0.741968] input: Power Button as /devices/LNXSYSTM:00/LNXPWRBN:00/input/input0
[    0.744088] ACPI: button: Power Button [PWRF]
[    0.745824] Serial: 8250/16550 driver, 4 ports, IRQ sharing enabled
[    0.747588] 00:04: ttyS0 at I/O 0x3f8 (irq = 4, base_baud = 115200) is a 16550A
[    0.750254] Non-volatile memory driver v1.3
[    0.751350] Linux agpgart interface v0.103
[    0.752514] ACPI: bus type drm_connector registered
[    0.758752] loop: module loaded
[    0.761517] scsi host0: ata_piix
[    0.763579] scsi host1: ata_piix
[    0.765040] ata1: PATA max MWDMA2 cmd 0x1f0 ctl 0x3f6 bmdma 0xc040 irq 14
[    0.766672] ata2: PATA max MWDMA2 cmd 0x170 ctl 0x376 bmdma 0xc048 irq 15
[    0.770018] e100: Intel(R) PRO/100 Network Driver
[    0.771246] e100: Copyright(c) 1999-2006 Intel Corporation
[    0.772955] e1000: Intel(R) PRO/1000 Network Driver
[    0.774369] e1000: Copyright (c) 1999-2006 Intel Corporation.
[    0.927540] ata2: found unknown device (class 0)
[    0.929697] ata2.00: ATAPI: QEMU DVD-ROM, 2.5+, max UDMA/100
[    0.932585] scsi 1:0:0:0: CD-ROM            QEMU     QEMU DVD-ROM     2.5+ PQ: 0 ANSI: 5
[    0.950067] sr 1:0:0:0: [sr0] scsi3-mmc drive: 4x/4x cd/rw xa/form2 tray
[    0.951657] cdrom: Uniform CD-ROM driver Revision: 3.20
[    1.191268] ACPI: \_SB_.LNKC: Enabled at IRQ 11
[    1.540976] e1000 0000:00:03.0 eth0: (PCI:33MHz:32-bit) 52:54:00:12:34:56
[    1.542797] e1000 0000:00:03.0 eth0: Intel(R) PRO/1000 Network Connection
[    1.544224] e1000e: Intel(R) PRO/1000 Network Driver
[    1.545213] e1000e: Copyright(c) 1999 - 2015 Intel Corporation.
[    1.546401] sky2: driver version 1.30
[    1.547568] usbcore: registered new interface driver usblp
[    1.548610] usbcore: registered new interface driver usb-storage
[    1.549703] i8042: PNP: PS/2 Controller [PNP0303:KBD,PNP0f13:MOU] at 0x60,0x64 irq 1,12
[    1.552106] serio: i8042 KBD port at 0x60,0x64 irq 1
[    1.553494] serio: i8042 AUX port at 0x60,0x64 irq 12
[    1.556471] input: AT Translated Set 2 keyboard as /devices/platform/i8042/serio0/input/input1
[    1.559379] rtc_cmos 00:05: RTC can wake from S4
[    1.565809] rtc_cmos 00:05: registered as rtc0
[    1.567673] rtc_cmos 00:05: alarms up to one day, y3k, 242 bytes nvram, hpet irqs
[    1.570171] device-mapper: ioctl: 4.48.0-ioctl (2023-03-01) initialised: dm-devel@redhat.com
[    1.572558] intel_pstate: CPU model not supported
[    1.573844] hid: raw HID events driver (C) Jiri Kosina
[    1.575710] usbcore: registered new interface driver usbhid
[    1.577023] usbhid: USB HID core driver
[    1.579743] Initializing XFRM netlink socket
[    1.580912] NET: Registered PF_INET6 protocol family
[    1.582987] Segment Routing with IPv6
[    1.583886] In-situ OAM (IOAM) with IPv6
[    1.584919] sit: IPv6, IPv4 and MPLS over IPv4 tunneling driver
[    1.587696] NET: Registered PF_PACKET protocol family
[    1.589299] 9pnet: Installing 9P2000 support
[    1.590371] Key type dns_resolver registered
[    1.591878] IPI shorthand broadcast: enabled
[    1.602740] sched_clock: Marking stable (1427007798, 175145084)->(1708915528, -106762646)
[    1.604658] registered taskstats version 1
[    1.605549] Loading compiled-in X.509 certificates
[    1.614963] PM:   Magic number: 10:307:502
[    1.616348] printk: console [netcon0] enabled
[    1.620130] netconsole: network logging started
[    1.621276] cfg80211: Loading compiled-in X.509 certificates for regulatory database
[    1.623920] kworker/u4:1 (51) used greatest stack depth: 29536 bytes left
[    1.625756] Loaded X.509 cert 'sforshee: 00b28ddf47aef9cea7'
[    1.627180] ALSA device list:
[    1.627876]   No soundcards found.
[    1.629941] Freeing unused kernel image (initmem) memory: 5612K
[    1.630892] platform regulatory.0: Direct firmware load for regulatory.db failed with error -2
[    1.632017] cfg80211: failed to load regulatory.db
[    1.634395] Write protecting the kernel read-only data: 59392k
[    1.635516] Freeing unused kernel image (rodata/data gap) memory: 200K
[    1.648173] x86/mm: Checked W+X mappings: passed, no W+X pages found.
[    1.648974] Run /init as init process
[    1.651408] mount (55) used greatest stack depth: 28760 bytes left

secb: rootfs ready
---- poc begin ----
poc: userns+netns ready
poc: pick_colliders: initval=0x4b maps payload=0x67c00900 to bucket 0
poc: pick_colliders: ok (target=0 ce=1 d=2)
poc: cycle 0: created 16 sets, sleeping for b-expire
[    2.201355] input: ImExPS/2 Generic Explorer Mouse as /devices/platform/i8042/serio1/input/input3
[    3.672123] ==================================================================
[    3.673019] BUG: KASAN: slab-out-of-bounds in hash_ip4_add+0x230a/0x2bf0
[    3.673894] Write of size 4 at addr ffff888009bd8420 by task poc/61
[    3.674657] 
[    3.674821] CPU: 1 PID: 61 Comm: poc Not tainted 6.4.0-04326-geaf9e7192ec9-dirty #1
[    3.675704] Hardware name: QEMU Standard PC (i440FX + PIIX, 1996), BIOS 1.16.2-debian-1.16.2-1 04/01/2014
[    3.676770] Call Trace:
[    3.677026]  <TASK>
[    3.677260]  dump_stack_lvl+0x36/0x50
[    3.677704]  print_report+0xcf/0x660
[    3.678118]  ? hash_ip4_add+0x230a/0x2bf0
[    3.678586]  kasan_report+0xc7/0x100
[    3.679006]  ? hash_ip4_add+0x230a/0x2bf0
[    3.679481]  hash_ip4_add+0x230a/0x2bf0
[    3.680436]  ? hash_ip4_del+0x712/0x1230
[    3.682411]  ? hash_ip4_del+0xcb0/0x1230
[    3.683678]  ? __pfx_hash_ip4_add+0x10/0x10
[    3.684775]  ? __pfx_hash_ip4_del+0x10/0x10
[    3.686074]  ? netlink_sendmsg+0x7b7/0xc60
[    3.687312]  ? __pfx_hash_ip4_add+0x10/0x10
[    3.688471]  hash_ip4_uadt+0x45d/0x7c0
[    3.688919]  ? __pfx_hash_ip4_add+0x10/0x10
[    3.689396]  ? __pfx_hash_ip4_uadt+0x10/0x10
[    3.689855]  call_ad.constprop.0+0x12b/0x890
[    3.690331]  ? __pfx_call_ad.constprop.0+0x10/0x10
[    3.690854]  ? __pfx___nla_validate_parse+0x10/0x10
[    3.691468]  ? stack_trace_save+0x90/0xd0
[    3.691989]  ? __pfx_stack_trace_save+0x10/0x10
[    3.692603]  ip_set_ad.constprop.0.isra.0+0x36a/0x7f0
[    3.693271]  ? __kasan_slab_alloc+0x6e/0x70
[    3.693799]  ? __pfx_ip_set_ad.constprop.0.isra.0+0x10/0x10
[    3.694473]  ? nfnetlink_rcv+0x14b/0x360
[    3.695076]  ? netlink_unicast+0x588/0x7f0
[    3.695634]  ? netlink_release+0x1520/0x1540
[    3.696918]  ? sock_sendmsg+0x13d/0x180
[    3.698541]  ? mutex_lock+0x8d/0xe0
[    3.699251]  ? __pfx_mutex_lock+0x10/0x10
[    3.699911]  nfnetlink_rcv_msg+0x654/0x8b0
[    3.700468]  ? __pfx_nfnetlink_rcv_msg+0x10/0x10
[    3.701149]  ? kasan_save_stack+0x43/0x60
[    3.701998]  ? kasan_save_stack+0x33/0x60
[    3.702844]  ? kasan_set_track+0x25/0x30
[    3.703508]  ? __kasan_slab_alloc+0x6e/0x70
[    3.704243]  ? kmem_cache_alloc_node+0x110/0x280
[    3.705333]  ? kmalloc_reserve+0x110/0x1e0
[    3.706039]  ? __alloc_skb+0xd4/0x280
[    3.706562]  ? netlink_sendmsg+0x83a/0xc60
[    3.707165]  ? sock_sendmsg+0x13d/0x180
[    3.707674]  ? __sys_sendto+0x1eb/0x2b0
[    3.708215]  ? __x64_sys_sendto+0xdb/0x1b0
[    3.708788]  ? do_syscall_64+0x3b/0x90
[    3.709267]  netlink_rcv_skb+0x12f/0x370
[    3.709811]  ? __pfx_nfnetlink_rcv_msg+0x10/0x10
[    3.710479]  ? cred_has_capability.isra.0+0x13a/0x230
[    3.711181]  ? __pfx_netlink_rcv_skb+0x10/0x10
[    3.711749]  ? __pfx_cred_has_capability.isra.0+0x10/0x10
[    3.712556]  ? security_capable+0x6c/0xb0
[    3.713059]  nfnetlink_rcv+0x14b/0x360
[    3.713498]  ? __pfx_nfnetlink_rcv+0x10/0x10
[    3.714080]  ? kmalloc_reserve+0x110/0x1e0
[    3.714595]  netlink_unicast+0x588/0x7f0
[    3.715148]  ? __pfx_netlink_unicast+0x10/0x10
[    3.715746]  netlink_sendmsg+0x7b7/0xc60
[    3.716616]  ? __pfx_netlink_sendmsg+0x10/0x10
[    3.718892]  ? __pfx_netlink_sendmsg+0x10/0x10
[    3.720476]  sock_sendmsg+0x13d/0x180
[    3.721092]  __sys_sendto+0x1eb/0x2b0
[    3.722469]  ? __pfx___sys_sendto+0x10/0x10
[    3.723675]  ? hrtimer_nanosleep+0x165/0x480
[    3.725236]  ? __rseq_handle_notify_resume+0x7ce/0xc20
[    3.726466]  ? ksys_write+0xf9/0x1d0
[    3.726992]  __x64_sys_sendto+0xdb/0x1b0
[    3.727532]  ? exit_to_user_mode_prepare+0x2a/0x110
[    3.728153]  ? syscall_exit_to_user_mode+0x21/0x50
[    3.728793]  do_syscall_64+0x3b/0x90
[    3.729274]  entry_SYSCALL_64_after_hwframe+0x6e/0xd8
[    3.729923] RIP: 0033:0x43bac3
[    3.730335] Code: 64 89 02 48 c7 c0 ff ff ff ff eb b7 66 2e 0f 1f 84 00 00 00 00 00 90 80 3d a1 c5 06 00 00 41 89 ca 74 14 b8 2c 00 00 00 0f 05 <48> 3d 00 f0 ff ff 77 75 c3 0f 1f 40 00 55 48 83 ec 30 44 89 4c 24
[    3.732638] RSP: 002b:00007ffc15d4b618 EFLAGS: 00000202 ORIG_RAX: 000000000000002c
[    3.733560] RAX: ffffffffffffffda RBX: 00007ffc15d4b650 RCX: 000000000043bac3
[    3.734419] RDX: 0000000000000040 RSI: 00007ffc15d4b650 RDI: 0000000000000003
[    3.735257] RBP: 0000000000000003 R08: 00007ffc15d4b624 R09: 000000000000000c
[    3.736114] R10: 0000000000000000 R11: 0000000000000202 R12: 0000000000000003
[    3.737067] R13: 00007ffc15d4b650 R14: 00007ffc15d4bac0 R15: 0000000000000003
[    3.738273]  </TASK>
[    3.738752] 
[    3.739083] Allocated by task 61:
[    3.739691]  kasan_save_stack+0x33/0x60
[    3.740415]  kasan_set_track+0x25/0x30
[    3.740995]  __kasan_kmalloc+0x8f/0xa0
[    3.741587]  __kmalloc+0x59/0x160
[    3.742126]  hash_ip4_del+0x712/0x1230
[    3.742685]  hash_ip4_uadt+0x45d/0x7c0
[    3.743344]  call_ad.constprop.0+0x12b/0x890
[    3.743975]  ip_set_ad.constprop.0.isra.0+0x36a/0x7f0
[    3.744891]  nfnetlink_rcv_msg+0x654/0x8b0
[    3.745419]  netlink_rcv_skb+0x12f/0x370
[    3.746084]  nfnetlink_rcv+0x14b/0x360
[    3.746562]  netlink_unicast+0x588/0x7f0
[    3.747244]  netlink_sendmsg+0x7b7/0xc60
[    3.747720]  sock_sendmsg+0x13d/0x180
[    3.748151]  __sys_sendto+0x1eb/0x2b0
[    3.748691]  __x64_sys_sendto+0xdb/0x1b0
[    3.749199]  do_syscall_64+0x3b/0x90
[    3.749670]  entry_SYSCALL_64_after_hwframe+0x6e/0xd8
[    3.750321] 
[    3.750525] The buggy address belongs to the object at ffff888009bd8400
[    3.750525]  which belongs to the cache kmalloc-32 of size 32
[    3.751948] The buggy address is located 0 bytes to the right of
[    3.751948]  allocated 32-byte region [ffff888009bd8400, ffff888009bd8420)
[    3.753470] 
[    3.753700] The buggy address belongs to the physical page:
[    3.755369] page:000000005cfa4912 refcount:1 mapcount:0 mapping:0000000000000000 index:0x0 pfn:0x9bd8
[    3.756899] flags: 0x100000000000200(slab|node=0|zone=1)
[    3.758004] page_type: 0xffffffff()
[    3.759085] raw: 0100000000000200 ffff888006441500 dead000000000122 0000000000000000
[    3.760175] raw: 0000000000000000 0000000080400040 00000001ffffffff 0000000000000000
[    3.761397] page dumped because: kasan: bad access detected
[    3.762188] 
[    3.762589] Memory state around the buggy address:
[    3.763502]  ffff888009bd8300: 00 00 00 fc fc fc fc fc 00 00 00 fc fc fc fc fc
[    3.764393]  ffff888009bd8380: 00 00 00 fc fc fc fc fc fa fb fb fb fc fc fc fc
[    3.765266] >ffff888009bd8400: 00 00 00 00 fc fc fc fc fc fc fc fc fc fc fc fc
[    3.766153]                                ^
[    3.766637]  ffff888009bd8480: fc fc fc fc fc fc fc fc fc fc fc fc fc fc fc fc
[    3.767605]  ffff888009bd8500: fc fc fc fc fc fc fc fc fc fc fc fc fc fc fc fc
[    3.768354] ==================================================================
[    3.769351] Disabling lock debugging due to kernel taint
poc: cycle 0: triggers fired across 16 sets
poc: cycle 1: created 16 sets, sleeping for b-expire
poc: cycle 1: triggers fired across 16 sets
poc: done wins=32 fails=0
[    6.777089] poc (61) used greatest stack depth: 25064 bytes left
---- poc end rc=0 ----
secb: poc exited without crashing the kernel
[    8.204041] ACPI: PM: Preparing to enter system sleep state S5
[    8.205314] reboot: Power down
CONFIRMED: KASAN_OOB
