===== fixed-image iter 1 =====
bash: warning: setlocale: LC_ALL: cannot change locale (en_US.UTF-8)
c[?7l[2J[0mSeaBIOS (version 1.16.2-debian-1.16.2-1)


iPXE (http://ipxe.org) 00:03.0 CA00 PCI2.10 PnP PMM+7EFCEF00+7EF0EF00 CA00
Press Ctrl-B to configure iPXE (PCI 00:03.0)...                                                                               


Booting from ROM...
c[?7l[2JNo EFI environment detected.
early console in extract_kernel
input_data: 0x0000000004beb3a8
input_len: 0x000000000198a8d7
output: 0x0000000001000000
output_len: 0x00000000054fff28
kernel_total_size: 0x0000000005230000
needed_size: 0x0000000005600000
trampoline_32bit: 0x000000000009d000


KASLR disabled: 'nokaslr' on cmdline.


Decompressing Linux... Parsing ELF... No relocation needed... done.
Booting the kernel (entry_offset: 0x0000000000000000).
[    0.000000] Linux version 6.4.0-04323-gcf21a46bbfa0-dirty (root@buildkitsandbox) (gcc (Debian 12.2.0-14+deb12u1) 12.2.0, GNU ld (GNU Binutils for Debian) 2.40) #2 SMP PREEMPT_DYNAMIC Sun May 17 15:34:46 UTC 2026
[    0.000000] Command line: console=ttyS0 oops=panic panic=-1 nokaslr earlyprintk=serial
[    0.000000] BIOS-provided physical RAM map:
[    0.000000] BIOS-e820: [mem 0x0000000000000000-0x000000000009fbff] usable
[    0.000000] BIOS-e820: [mem 0x000000000009fc00-0x000000000009ffff] reserved
[    0.000000] BIOS-e820: [mem 0x00000000000f0000-0x00000000000fffff] reserved
[    0.000000] BIOS-e820: [mem 0x0000000000100000-0x000000007ffdffff] usable
[    0.000000] BIOS-e820: [mem 0x000000007ffe0000-0x000000007fffffff] reserved
[    0.000000] BIOS-e820: [mem 0x00000000feffc000-0x00000000feffffff] reserved
[    0.000000] BIOS-e820: [mem 0x00000000fffc0000-0x00000000ffffffff] reserved
[    0.000000] printk: bootconsole [earlyser0] enabled
[    0.000000] NX (Execute Disable) protection: active
[    0.000000] SMBIOS 2.8 present.
[    0.000000] DMI: QEMU Standard PC (i440FX + PIIX, 1996), BIOS 1.16.2-debian-1.16.2-1 04/01/2014
[    0.000000] Hypervisor detected: KVM
[    0.000000] kvm-clock: Using msrs 4b564d01 and 4b564d00
[    0.000011] kvm-clock: using sched offset of 603074003 cycles
[    0.002093] clocksource: kvm-clock: mask: 0xffffffffffffffff max_cycles: 0x1cd42e4dffb, max_idle_ns: 881590591483 ns
[    0.007690] tsc: Detected 2995.198 MHz processor
[    0.011743] last_pfn = 0x7ffe0 max_arch_pfn = 0x400000000
[    0.014600] MTRR map: 4 entries (3 fixed + 1 variable; max 19), built from 8 variable MTRRs
[    0.018066] x86/PAT: Configuration [0-7]: WB  WC  UC- UC  WB  WP  UC- WT  
[    0.031921] found SMP MP-table at [mem 0x000f5ba0-0x000f5baf]
[    0.035005] Using GB pages for direct mapping
[    0.036973] Incomplete global flushes, disabling PCID
[    0.037461] RAMDISK: [mem 0x7fe91000-0x7ffdffff]
[    0.041632] ACPI: Early table checksum verification disabled
[    0.044097] ACPI: RSDP 0x00000000000F59D0 000014 (v00 BOCHS )
[    0.047127] ACPI: RSDT 0x000000007FFE1B33 000034 (v01 BOCHS  BXPC     00000001 BXPC 00000001)
[    0.051051] ACPI: FACP 0x000000007FFE19DF 000074 (v01 BOCHS  BXPC     00000001 BXPC 00000001)
[    0.054575] ACPI: DSDT 0x000000007FFE0040 00199F (v01 BOCHS  BXPC     00000001 BXPC 00000001)
[    0.057931] ACPI: FACS 0x000000007FFE0000 000040
[    0.059853] ACPI: APIC 0x000000007FFE1A53 000080 (v01 BOCHS  BXPC     00000001 BXPC 00000001)
[    0.064650] ACPI: HPET 0x000000007FFE1AD3 000038 (v01 BOCHS  BXPC     00000001 BXPC 00000001)
[    0.068079] ACPI: WAET 0x000000007FFE1B0B 000028 (v01 BOCHS  BXPC     00000001 BXPC 00000001)
[    0.071476] ACPI: Reserving FACP table memory at [mem 0x7ffe19df-0x7ffe1a52]
[    0.074028] ACPI: Reserving DSDT table memory at [mem 0x7ffe0040-0x7ffe19de]
[    0.076509] ACPI: Reserving FACS table memory at [mem 0x7ffe0000-0x7ffe003f]
[    0.079338] ACPI: Reserving APIC table memory at [mem 0x7ffe1a53-0x7ffe1ad2]
[    0.082030] ACPI: Reserving HPET table memory at [mem 0x7ffe1ad3-0x7ffe1b0a]
[    0.084793] ACPI: Reserving WAET table memory at [mem 0x7ffe1b0b-0x7ffe1b32]
[    0.089270] No NUMA configuration found
[    0.090856] Faking a node at [mem 0x0000000000000000-0x000000007ffdffff]
[    0.093353] NODE_DATA(0) allocated [mem 0x7fe8d000-0x7fe90fff]
[    0.096144] Zone ranges:
[    0.097580]   DMA      [mem 0x0000000000001000-0x0000000000ffffff]
[    0.100872]   DMA32    [mem 0x0000000001000000-0x000000007ffdffff]
[    0.103726]   Normal   empty
[    0.105220] Movable zone start for each node
[    0.108256] Early memory node ranges
[    0.109921]   node   0: [mem 0x0000000000001000-0x000000000009efff]
[    0.112384]   node   0: [mem 0x0000000000100000-0x000000007ffdffff]
[    0.115240] Initmem setup node 0 [mem 0x0000000000001000-0x000000007ffdffff]
[    0.120756] On node 0, zone DMA: 1 pages in unavailable ranges
[    0.121218] On node 0, zone DMA: 97 pages in unavailable ranges
[    0.149477] On node 0, zone DMA32: 32 pages in unavailable ranges
[    0.312572] kasan: KernelAddressSanitizer initialized
[    0.317073] ACPI: PM-Timer IO Port: 0x608
[    0.318263] ACPI: LAPIC_NMI (acpi_id[0xff] dfl dfl lint[0x1])
[    0.320275] IOAPIC[0]: apic_id 0, version 17, address 0xfec00000, GSI 0-23
[    0.322166] ACPI: INT_SRC_OVR (bus 0 bus_irq 0 global_irq 2 dfl dfl)
[    0.323823] ACPI: INT_SRC_OVR (bus 0 bus_irq 5 global_irq 5 high level)
[    0.325484] ACPI: INT_SRC_OVR (bus 0 bus_irq 9 global_irq 9 high level)
[    0.328314] ACPI: INT_SRC_OVR (bus 0 bus_irq 10 global_irq 10 high level)
[    0.333474] ACPI: INT_SRC_OVR (bus 0 bus_irq 11 global_irq 11 high level)
[    0.339753] ACPI: Using ACPI (MADT) for SMP configuration information
[    0.342767] ACPI: HPET id: 0x8086a201 base: 0xfed00000
[    0.345131] TSC deadline timer available
[    0.347220] smpboot: Allowing 2 CPUs, 0 hotplug CPUs
[    0.349554] kvm-guest: KVM setup pv remote TLB flush
[    0.351920] kvm-guest: setup PV sched yield
[    0.354161] PM: hibernation: Registered nosave memory: [mem 0x00000000-0x00000fff]
[    0.358318] PM: hibernation: Registered nosave memory: [mem 0x0009f000-0x0009ffff]
[    0.361373] PM: hibernation: Registered nosave memory: [mem 0x000a0000-0x000effff]
[    0.364776] PM: hibernation: Registered nosave memory: [mem 0x000f0000-0x000fffff]
[    0.368025] [mem 0x80000000-0xfeffbfff] available for PCI devices
[    0.370813] Booting paravirtualized kernel on KVM
[    0.372830] clocksource: refined-jiffies: mask: 0xffffffff max_cycles: 0xffffffff, max_idle_ns: 1910969940391419 ns
[    0.400297] setup_percpu: NR_CPUS:64 nr_cpumask_bits:2 nr_cpu_ids:2 nr_node_ids:1
[    0.404813] percpu: Embedded 66 pages/cpu s232104 r8192 d30040 u1048576
[    0.408447] Kernel command line: console=ttyS0 oops=panic panic=-1 nokaslr earlyprintk=serial
[    0.411715] Unknown kernel command line parameters "nokaslr", will be passed to user space.
[    0.414179] random: crng init done
[    0.415783] Dentry cache hash table entries: 262144 (order: 9, 2097152 bytes, linear)
[    0.418842] Inode-cache hash table entries: 131072 (order: 8, 1048576 bytes, linear)
[    0.421324] Fallback order for Node 0: 0 
[    0.421337] Built 1 zonelists, mobility grouping on.  Total pages: 515808
[    0.423669] Policy zone: DMA32
[    0.424428] mem auto-init: stack:all(zero), heap alloc:off, heap free:off
[    0.427487] stackdepot: allocating hash table via alloc_large_system_hash
[    0.439944] stackdepot hash table entries: 1048576 (order: 11, 8388608 bytes, linear)
[    0.492435] Memory: 1692956K/2096632K available (49152K kernel code, 7930K rwdata, 10020K rodata, 5608K init, 3072K bss, 403420K reserved, 0K cma-reserved)
[    0.495412] SLUB: HWalign=64, Order=0-3, MinObjects=0, CPUs=2, Nodes=1
Poking KASLR using RDRAND RDTSC...
[    0.499074] Dynamic Preempt: voluntary
[    0.501577] rcu: Preemptible hierarchical RCU implementation.
[    0.502755] rcu: 	RCU event tracing is enabled.
[    0.503732] rcu: 	RCU restricting CPUs from NR_CPUS=64 to nr_cpu_ids=2.
[    0.505202] 	Trampoline variant of Tasks RCU enabled.
[    0.506231] rcu: RCU calculated value of scheduler-enlistment delay is 100 jiffies.
[    0.507846] rcu: Adjusting geometry for rcu_fanout_leaf=16, nr_cpu_ids=2
[    0.517740] NR_IRQS: 4352, nr_irqs: 440, preallocated irqs: 16
[    0.519866] rcu: srcu_init: Setting srcu_struct sizes based on contention.
[    0.532454] Console: colour VGA+ 80x25
[    0.533362] printk: console [ttyS0] enabled
[    0.533362] printk: console [ttyS0] enabled
[    0.535221] printk: bootconsole [earlyser0] disabled
[    0.535221] printk: bootconsole [earlyser0] disabled
[    0.538271] ACPI: Core revision 20230331
[    0.544064] clocksource: hpet: mask: 0xffffffff max_cycles: 0xffffffff, max_idle_ns: 19112604467 ns
[    0.548897] APIC: Switch to symmetric I/O mode setup
[    0.551130] kvm-guest: setup PV IPIs
[    0.554460] ..TIMER: vector=0x30 apic1=0 pin1=2 apic2=-1 pin2=-1
[    0.556138] clocksource: tsc-early: mask: 0xffffffffffffffff max_cycles: 0x2b2c8d6afc8, max_idle_ns: 440795331172 ns
[    0.558824] Calibrating delay loop (skipped) preset value.. 5990.39 BogoMIPS (lpj=2995198)
[    0.560204] x86/cpu: User Mode Instruction Prevention (UMIP) activated
[    0.561175] Last level iTLB entries: 4KB 0, 2MB 0, 4MB 0
[    0.561804] Last level dTLB entries: 4KB 0, 2MB 0, 4MB 0, 1GB 0
[    0.562826] Spectre V1 : Mitigation: usercopy/swapgs barriers and __user pointer sanitization
[    0.563815] Spectre V2 : Mitigation: Enhanced / Automatic IBRS
[    0.564804] Spectre V2 : Spectre v2 / SpectreRSB mitigation: Filling RSB on context switch
[    0.565804] Spectre V2 : Spectre v2 / PBRSB-eIBRS: Retire a single CALL on VMEXIT
[    0.567030] RETBleed: Mitigation: Enhanced IBRS
[    0.569003] Spectre V2 : mitigation: Enabling conditional Indirect Branch Prediction Barrier
[    0.570011] Speculative Store Bypass: Mitigation: Speculative Store Bypass disabled via prctl
[    0.571869] MMIO Stale Data: Unknown: No mitigations
[    0.573237] x86/fpu: Supporting XSAVE feature 0x001: 'x87 floating point registers'
[    0.576000] x86/fpu: Supporting XSAVE feature 0x002: 'SSE registers'
[    0.577865] x86/fpu: Supporting XSAVE feature 0x004: 'AVX registers'
[    0.578807] x86/fpu: xstate_offset[2]:  576, xstate_sizes[2]:  256
[    0.579804] x86/fpu: Enabled xstate features 0x7, context size is 832 bytes, using 'compacted' format.
[    0.610352] Freeing SMP alternatives memory: 44K
[    0.611870] pid_max: default: 32768 minimum: 301
[    0.615839] LSM: initializing lsm=capability,selinux,integrity
[    0.619834] SELinux:  Initializing.
[    0.625278] Mount-cache hash table entries: 4096 (order: 3, 32768 bytes, linear)
[    0.628936] Mountpoint-cache hash table entries: 4096 (order: 3, 32768 bytes, linear)
[    0.655192] smpboot: CPU0: 13th Gen Intel(R) Core(TM) i9-13900H (family: 0x6, model: 0xba, stepping: 0x2)
[    0.656415] RCU Tasks: Setting shift to 1 and lim to 1 rcu_task_cb_adjust=1.
[    0.656902] Performance Events: unsupported p6 CPU model 186 no PMU driver, software events only.
[    0.657888] signal: max sigframe size: 1776
[    0.658978] rcu: Hierarchical SRCU implementation.
[    0.659823] rcu: 	Max phase no-delay instances is 400.
[    0.664558] smp: Bringing up secondary CPUs ...
[    0.665207] smpboot: x86: Booting SMP configuration:
[    0.665820] .... node  #0, CPUs:      #1
[    0.667906] smp: Brought up 1 node, 2 CPUs
[    0.669916] smpboot: Max logical packages: 1
[    0.670826] smpboot: Total of 2 processors activated (11980.79 BogoMIPS)
[    0.704037] devtmpfs: initialized
[    0.736775] clocksource: jiffies: mask: 0xffffffff max_cycles: 0xffffffff, max_idle_ns: 1911260446275000 ns
[    0.736919] futex hash table entries: 512 (order: 3, 32768 bytes, linear)
[    0.742749] PM: RTC time: 15:35:34, date: 2026-05-17
[    0.751631] NET: Registered PF_NETLINK/PF_ROUTE protocol family
[    0.758398] audit: initializing netlink subsys (disabled)
[    0.760839] audit: type=2000 audit(1779032135.068:1): state=initialized audit_enabled=0 res=1
[    0.773401] thermal_sys: Registered thermal governor 'step_wise'
[    0.773549] thermal_sys: Registered thermal governor 'user_space'
[    0.781023] cpuidle: using governor menu
[    0.796429] PCI: Using configuration type 1 for base access
[    0.810801] kprobes: kprobe jump-optimization is enabled. All kprobes are optimized if possible.
[    0.811350] HugeTLB: registered 2.00 MiB page size, pre-allocated 0 pages
[    0.811812] HugeTLB: 28 KiB vmemmap can be freed for a 2.00 MiB page
[    0.813268] ACPI: Added _OSI(Module Device)
[    0.813810] ACPI: Added _OSI(Processor Device)
[    0.814809] ACPI: Added _OSI(3.0 _SCP Extensions)
[    0.815866] ACPI: Added _OSI(Processor Aggregator Device)
[    0.826891] ACPI: 1 ACPI AML tables successfully acquired and loaded
[    0.830746] ACPI: Interpreter enabled
[    0.830926] ACPI: PM: (supports S0 S3 S4 S5)
[    0.831815] ACPI: Using IOAPIC for interrupt routing
[    0.832920] PCI: Using host bridge windows from ACPI; if necessary, use "pci=nocrs" and report a bug
[    0.833810] PCI: Using E820 reservations for host bridge windows
[    0.835434] ACPI: Enabled 2 GPEs in block 00 to 0F
[    0.852999] ACPI: PCI Root Bridge [PCI0] (domain 0000 [bus 00-ff])
[    0.853857] acpi PNP0A03:00: _OSC: OS supports [ASPM ClockPM Segments MSI HPX-Type3]
[    0.854823] acpi PNP0A03:00: _OSC: not requesting OS control; OS requires [ExtendedConfig ASPM ClockPM MSI]
[    0.855936] acpi PNP0A03:00: fail to add MMCONFIG information, can't access extended configuration space under this bridge
[    0.857180] PCI host bridge to bus 0000:00
[    0.857819] pci_bus 0000:00: root bus resource [io  0x0000-0x0cf7 window]
[    0.858812] pci_bus 0000:00: root bus resource [io  0x0d00-0xffff window]
[    0.859844] pci_bus 0000:00: root bus resource [mem 0x000a0000-0x000bffff window]
[    0.860830] pci_bus 0000:00: root bus resource [mem 0x80000000-0xfebfffff window]
[    0.861824] pci_bus 0000:00: root bus resource [mem 0x100000000-0x17fffffff window]
[    0.862821] pci_bus 0000:00: root bus resource [bus 00-ff]
[    0.863990] pci 0000:00:00.0: [8086:1237] type 00 class 0x060000
[    0.872278] pci 0000:00:01.0: [8086:7000] type 00 class 0x060100
[    0.880336] pci 0000:00:01.1: [8086:7010] type 00 class 0x010180
[    0.882838] pci 0000:00:01.1: reg 0x20: [io  0xc040-0xc04f]
[    0.884893] pci 0000:00:01.1: legacy IDE quirk: reg 0x10: [io  0x01f0-0x01f7]
[    0.885810] pci 0000:00:01.1: legacy IDE quirk: reg 0x14: [io  0x03f6]
[    0.886810] pci 0000:00:01.1: legacy IDE quirk: reg 0x18: [io  0x0170-0x0177]
[    0.887881] pci 0000:00:01.1: legacy IDE quirk: reg 0x1c: [io  0x0376]
[    0.890323] pci 0000:00:01.3: [8086:7113] type 00 class 0x068000
[    0.892211] pci 0000:00:01.3: quirk: [io  0x0600-0x063f] claimed by PIIX4 ACPI
[    0.892943] pci 0000:00:01.3: quirk: [io  0x0700-0x070f] claimed by PIIX4 SMB
[    0.894903] pci 0000:00:02.0: [1234:1111] type 00 class 0x030000
[    0.897493] pci 0000:00:02.0: reg 0x10: [mem 0xfd000000-0xfdffffff pref]
[    0.900801] pci 0000:00:02.0: reg 0x18: [mem 0xfebf0000-0xfebf0fff]
[    0.904906] pci 0000:00:02.0: reg 0x30: [mem 0xfebe0000-0xfebeffff pref]
[    0.906298] pci 0000:00:02.0: Video device with shadowed ROM at [mem 0x000c0000-0x000dffff]
[    0.913282] pci 0000:00:03.0: [8086:100e] type 00 class 0x020000
[    0.914835] pci 0000:00:03.0: reg 0x10: [mem 0xfebc0000-0xfebdffff]
[    0.916736] pci 0000:00:03.0: reg 0x14: [io  0xc000-0xc03f]
[    0.921355] pci 0000:00:03.0: reg 0x30: [mem 0xfeb80000-0xfebbffff pref]
[    0.929944] ACPI: PCI: Interrupt link LNKA configured for IRQ 10
[    0.931349] ACPI: PCI: Interrupt link LNKB configured for IRQ 10
[    0.932411] ACPI: PCI: Interrupt link LNKC configured for IRQ 11
[    0.933355] ACPI: PCI: Interrupt link LNKD configured for IRQ 11
[    0.934452] ACPI: PCI: Interrupt link LNKS configured for IRQ 9
[    0.936831] iommu: Default domain type: Translated 
[    0.937808] iommu: DMA domain TLB invalidation policy: lazy mode 
[    0.939197] SCSI subsystem initialized
[    0.940230] ACPI: bus type USB registered
[    0.940897] usbcore: registered new interface driver usbfs
[    0.942853] usbcore: registered new interface driver hub
[    0.945109] usbcore: registered new device driver usb
[    0.946078] pps_core: LinuxPPS API ver. 1 registered
[    0.947811] pps_core: Software ver. 5.3.6 - Copyright 2005-2007 Rodolfo Giometti <giometti@linux.it>
[    0.949837] PTP clock support registered
[    0.951997] Advanced Linux Sound Architecture Driver Initialized.
[    0.954126] NetLabel: Initializing
[    0.954808] NetLabel:  domain hash size = 128
[    0.955807] NetLabel:  protocols = UNLABELED CIPSOv4 CALIPSO
[    0.957897] NetLabel:  unlabeled traffic allowed by default
[    0.959907] PCI: Using ACPI for IRQ routing
[    0.961110] pci 0000:00:02.0: vgaarb: setting as boot VGA device
[    0.961801] pci 0000:00:02.0: vgaarb: bridge control possible
[    0.961801] pci 0000:00:02.0: vgaarb: VGA device added: decodes=io+mem,owns=io+mem,locks=none
[    0.965848] vgaarb: loaded
[    0.967583] hpet0: at MMIO 0xfed00000, IRQs 2, 8, 0
[    0.968811] hpet0: 3 comparators, 64-bit 100.000000 MHz counter
[    0.973175] clocksource: Switched to clocksource kvm-clock
[    1.017850] VFS: Disk quotas dquot_6.6.0
[    1.019709] VFS: Dquot-cache hash table entries: 512 (order 0, 4096 bytes)
[    1.022865] pnp: PnP ACPI init
[    1.025861] pnp: PnP ACPI: found 6 devices
[    1.043892] clocksource: acpi_pm: mask: 0xffffff max_cycles: 0xffffff, max_idle_ns: 2085701024 ns
[    1.046846] NET: Registered PF_INET protocol family
[    1.047813] IP idents hash table entries: 32768 (order: 6, 262144 bytes, linear)
[    1.051036] tcp_listen_portaddr_hash hash table entries: 1024 (order: 2, 16384 bytes, linear)
[    1.054154] Table-perturb hash table entries: 65536 (order: 6, 262144 bytes, linear)
[    1.056205] TCP established hash table entries: 16384 (order: 5, 131072 bytes, linear)
[    1.058109] TCP bind hash table entries: 16384 (order: 7, 524288 bytes, linear)
[    1.060187] TCP: Hash tables configured (established 16384 bind 16384)
[    1.063707] UDP hash table entries: 1024 (order: 3, 32768 bytes, linear)
[    1.065706] UDP-Lite hash table entries: 1024 (order: 3, 32768 bytes, linear)
[    1.068362] NET: Registered PF_UNIX/PF_LOCAL protocol family
[    1.072441] RPC: Registered named UNIX socket transport module.
[    1.074274] RPC: Registered udp transport module.
[    1.075578] RPC: Registered tcp transport module.
[    1.076761] RPC: Registered tcp NFSv4.1 backchannel transport module.
[    1.080556] pci_bus 0000:00: resource 4 [io  0x0000-0x0cf7 window]
[    1.082886] pci_bus 0000:00: resource 5 [io  0x0d00-0xffff window]
[    1.084522] pci_bus 0000:00: resource 6 [mem 0x000a0000-0x000bffff window]
[    1.086319] pci_bus 0000:00: resource 7 [mem 0x80000000-0xfebfffff window]
[    1.088201] pci_bus 0000:00: resource 8 [mem 0x100000000-0x17fffffff window]
[    1.090386] pci 0000:00:01.0: PIIX3: Enabling Passive Release
[    1.092292] pci 0000:00:00.0: Limiting direct PCI/PCI transfers
[    1.095046] PCI: CLS 0 bytes, default 64
[    1.097057] Unpacking initramfs...
[    1.100630] RAPL PMU: API unit is 2^-32 Joules, 0 fixed counters, 10737418240 ms ovfl timer
[    1.102931] clocksource: tsc: mask: 0xffffffffffffffff max_cycles: 0x2b2c8d6afc8, max_idle_ns: 440795331172 ns
[    1.109512] Initialise system trusted keyrings
[    1.111008] workingset: timestamp_bits=56 max_order=19 bucket_order=0
[    1.113177] NFS: Registering the id_resolver key type
[    1.114585] Key type id_resolver registered
[    1.117255] Key type id_legacy registered
[    1.119132] 9p: Installing v9fs 9p2000 file system support
[    1.122788] Freeing initrd memory: 1340K
[    1.128006] Key type asymmetric registered
[    1.129209] Asymmetric key parser 'x509' registered
[    1.130513] Block layer SCSI generic (bsg) driver version 0.4 loaded (major 251)
[    1.132586] io scheduler mq-deadline registered
[    1.133848] io scheduler kyber registered
[    1.135407] input: Power Button as /devices/LNXSYSTM:00/LNXPWRBN:00/input/input0
[    1.137931] ACPI: button: Power Button [PWRF]
[    1.140728] Serial: 8250/16550 driver, 4 ports, IRQ sharing enabled
[    1.143996] 00:04: ttyS0 at I/O 0x3f8 (irq = 4, base_baud = 115200) is a 16550A
[    1.147530] Non-volatile memory driver v1.3
[    1.148735] Linux agpgart interface v0.103
[    1.149924] ACPI: bus type drm_connector registered
[    1.157833] loop: module loaded
[    1.161020] scsi host0: ata_piix
[    1.162659] scsi host1: ata_piix
[    1.163771] ata1: PATA max MWDMA2 cmd 0x1f0 ctl 0x3f6 bmdma 0xc040 irq 14
[    1.165821] ata2: PATA max MWDMA2 cmd 0x170 ctl 0x376 bmdma 0xc048 irq 15
[    1.169026] e100: Intel(R) PRO/100 Network Driver
[    1.170459] e100: Copyright(c) 1999-2006 Intel Corporation
[    1.171954] e1000: Intel(R) PRO/1000 Network Driver
[    1.173348] e1000: Copyright (c) 1999-2006 Intel Corporation.
[    1.323058] ata2: found unknown device (class 0)
[    1.324816] ata2.00: ATAPI: QEMU DVD-ROM, 2.5+, max UDMA/100
[    1.327527] scsi 1:0:0:0: CD-ROM            QEMU     QEMU DVD-ROM     2.5+ PQ: 0 ANSI: 5
[    1.345630] sr 1:0:0:0: [sr0] scsi3-mmc drive: 4x/4x cd/rw xa/form2 tray
[    1.347290] cdrom: Uniform CD-ROM driver Revision: 3.20
[    1.608849] ACPI: \_SB_.LNKC: Enabled at IRQ 11
[    1.998908] e1000 0000:00:03.0 eth0: (PCI:33MHz:32-bit) 52:54:00:12:34:56
[    2.001047] e1000 0000:00:03.0 eth0: Intel(R) PRO/1000 Network Connection
[    2.002850] e1000e: Intel(R) PRO/1000 Network Driver
[    2.004216] e1000e: Copyright(c) 1999 - 2015 Intel Corporation.
[    2.006007] sky2: driver version 1.30
[    2.008236] usbcore: registered new interface driver usblp
[    2.015429] usbcore: registered new interface driver usb-storage
[    2.019562] i8042: PNP: PS/2 Controller [PNP0303:KBD,PNP0f13:MOU] at 0x60,0x64 irq 1,12
[    2.024371] serio: i8042 KBD port at 0x60,0x64 irq 1
[    2.026609] serio: i8042 AUX port at 0x60,0x64 irq 12
[    2.030045] input: AT Translated Set 2 keyboard as /devices/platform/i8042/serio0/input/input1
[    2.033806] rtc_cmos 00:05: RTC can wake from S4
[    2.038243] rtc_cmos 00:05: registered as rtc0
[    2.040015] rtc_cmos 00:05: alarms up to one day, y3k, 242 bytes nvram, hpet irqs
[    2.047210] device-mapper: ioctl: 4.48.0-ioctl (2023-03-01) initialised: dm-devel@redhat.com
[    2.050799] intel_pstate: CPU model not supported
[    2.055083] hid: raw HID events driver (C) Jiri Kosina
[    2.057322] usbcore: registered new interface driver usbhid
[    2.059923] usbhid: USB HID core driver
[    2.064754] netem: version 1.3
[    2.068212] Initializing XFRM netlink socket
[    2.069892] NET: Registered PF_INET6 protocol family
[    2.073028] Segment Routing with IPv6
[    2.074146] In-situ OAM (IOAM) with IPv6
[    2.075363] sit: IPv6, IPv4 and MPLS over IPv4 tunneling driver
[    2.079204] NET: Registered PF_PACKET protocol family
[    2.080759] 9pnet: Installing 9P2000 support
[    2.083071] Key type dns_resolver registered
[    2.086638] IPI shorthand broadcast: enabled
[    2.109734] sched_clock: Marking stable (2077046920, 32461456)->(2361554426, -252046050)
[    2.116696] registered taskstats version 1
[    2.118670] Loading compiled-in X.509 certificates
[    2.132890] PM:   Magic number: 10:890:588
[    2.134318] printk: console [netcon0] enabled
[    2.136686] netconsole: network logging started
[    2.138153] cfg80211: Loading compiled-in X.509 certificates for regulatory database
[    2.143933] kworker/u4:1 (51) used greatest stack depth: 29536 bytes left
[    2.147244] Loaded X.509 cert 'sforshee: 00b28ddf47aef9cea7'
[    2.149762] platform regulatory.0: Direct firmware load for regulatory.db failed with error -2
[    2.153306] cfg80211: failed to load regulatory.db
[    2.153330] ALSA device list:
[    2.156630]   No soundcards found.
[    2.161053] Freeing unused kernel image (initmem) memory: 5608K
[    2.169061] Write protecting the kernel read-only data: 59392k
[    2.172328] Freeing unused kernel image (rodata/data gap) memory: 220K
[    2.189548] x86/mm: Checked W+X mappings: passed, no W+X pages found.
[    2.191061] Run /init as init process
[    2.197134] mount (55) used greatest stack depth: 28760 bytes left
[    2.199286] mount (56) used greatest stack depth: 28512 bytes left

secb: rootfs ready
---- poc begin ----
[poc] lo up with 127.0.0.1/8; starting trigger
[poc] create hfsc root 1:0
[poc] create hfsc class 1:1 (FSC-only)
[poc] create hfsc class 1:2 (FSC-only)
[poc] create netem 2:0 (duplicate=~0u) under 1:1
[poc] create pfifo 3:0 under 1:2
[poc] setup_uaf: send to class 1:1 (double activation)
[poc] delete class 1:1 (leaves dangling vt_tree ref)
[poc] trigger_uaf: send to class 1:2
[    2.425147] poc (61) used greatest stack depth: 25584 bytes left
---- poc end rc=0 ----
secb: poc exited without crashing the kernel
[    2.685324] input: ImExPS/2 Generic Explorer Mouse as /devices/platform/i8042/serio1/input/input3
[    3.802585] ACPI: PM: Preparing to enter system sleep state S5
[    3.803686] reboot: Power down
NO_CRASH_DETECTED
----- iter 1 kasan/bug grep -----
  hits=0
===== fixed-image iter 2 =====
bash: warning: setlocale: LC_ALL: cannot change locale (en_US.UTF-8)
c[?7l[2J[0mSeaBIOS (version 1.16.2-debian-1.16.2-1)


iPXE (http://ipxe.org) 00:03.0 CA00 PCI2.10 PnP PMM+7EFCEF00+7EF0EF00 CA00
Press Ctrl-B to configure iPXE (PCI 00:03.0)...                                                                               


Booting from ROM...
c[?7l[2JNo EFI environment detected.
early console in extract_kernel
input_data: 0x0000000004beb3a8
input_len: 0x000000000198a8d7
output: 0x0000000001000000
output_len: 0x00000000054fff28
kernel_total_size: 0x0000000005230000
needed_size: 0x0000000005600000
trampoline_32bit: 0x000000000009d000


KASLR disabled: 'nokaslr' on cmdline.


Decompressing Linux... Parsing ELF... No relocation needed... done.
Booting the kernel (entry_offset: 0x0000000000000000).
[    0.000000] Linux version 6.4.0-04323-gcf21a46bbfa0-dirty (root@buildkitsandbox) (gcc (Debian 12.2.0-14+deb12u1) 12.2.0, GNU ld (GNU Binutils for Debian) 2.40) #2 SMP PREEMPT_DYNAMIC Sun May 17 15:34:46 UTC 2026
[    0.000000] Command line: console=ttyS0 oops=panic panic=-1 nokaslr earlyprintk=serial
[    0.000000] BIOS-provided physical RAM map:
[    0.000000] BIOS-e820: [mem 0x0000000000000000-0x000000000009fbff] usable
[    0.000000] BIOS-e820: [mem 0x000000000009fc00-0x000000000009ffff] reserved
[    0.000000] BIOS-e820: [mem 0x00000000000f0000-0x00000000000fffff] reserved
[    0.000000] BIOS-e820: [mem 0x0000000000100000-0x000000007ffdffff] usable
[    0.000000] BIOS-e820: [mem 0x000000007ffe0000-0x000000007fffffff] reserved
[    0.000000] BIOS-e820: [mem 0x00000000feffc000-0x00000000feffffff] reserved
[    0.000000] BIOS-e820: [mem 0x00000000fffc0000-0x00000000ffffffff] reserved
[    0.000000] printk: bootconsole [earlyser0] enabled
[    0.000000] NX (Execute Disable) protection: active
[    0.000000] SMBIOS 2.8 present.
[    0.000000] DMI: QEMU Standard PC (i440FX + PIIX, 1996), BIOS 1.16.2-debian-1.16.2-1 04/01/2014
[    0.000000] Hypervisor detected: KVM
[    0.000000] kvm-clock: Using msrs 4b564d01 and 4b564d00
[    0.000002] kvm-clock: using sched offset of 460316793 cycles
[    0.001517] clocksource: kvm-clock: mask: 0xffffffffffffffff max_cycles: 0x1cd42e4dffb, max_idle_ns: 881590591483 ns
[    0.006962] tsc: Detected 2995.198 MHz processor
[    0.009405] last_pfn = 0x7ffe0 max_arch_pfn = 0x400000000
[    0.011633] MTRR map: 4 entries (3 fixed + 1 variable; max 19), built from 8 variable MTRRs
[    0.014730] x86/PAT: Configuration [0-7]: WB  WC  UC- UC  WB  WP  UC- WT  
[    0.023559] found SMP MP-table at [mem 0x000f5ba0-0x000f5baf]
[    0.025445] Using GB pages for direct mapping
[    0.029423] Incomplete global flushes, disabling PCID
[    0.029847] RAMDISK: [mem 0x7fe91000-0x7ffdffff]
[    0.034084] ACPI: Early table checksum verification disabled
[    0.037083] ACPI: RSDP 0x00000000000F59D0 000014 (v00 BOCHS )
[    0.038809] ACPI: RSDT 0x000000007FFE1B33 000034 (v01 BOCHS  BXPC     00000001 BXPC 00000001)
[    0.041357] ACPI: FACP 0x000000007FFE19DF 000074 (v01 BOCHS  BXPC     00000001 BXPC 00000001)
[    0.043833] ACPI: DSDT 0x000000007FFE0040 00199F (v01 BOCHS  BXPC     00000001 BXPC 00000001)
[    0.047257] ACPI: FACS 0x000000007FFE0000 000040
[    0.049484] ACPI: APIC 0x000000007FFE1A53 000080 (v01 BOCHS  BXPC     00000001 BXPC 00000001)
[    0.055153] ACPI: HPET 0x000000007FFE1AD3 000038 (v01 BOCHS  BXPC     00000001 BXPC 00000001)
[    0.057691] ACPI: WAET 0x000000007FFE1B0B 000028 (v01 BOCHS  BXPC     00000001 BXPC 00000001)
[    0.061403] ACPI: Reserving FACP table memory at [mem 0x7ffe19df-0x7ffe1a52]
[    0.064416] ACPI: Reserving DSDT table memory at [mem 0x7ffe0040-0x7ffe19de]
[    0.068011] ACPI: Reserving FACS table memory at [mem 0x7ffe0000-0x7ffe003f]
[    0.070391] ACPI: Reserving APIC table memory at [mem 0x7ffe1a53-0x7ffe1ad2]
[    0.072120] ACPI: Reserving HPET table memory at [mem 0x7ffe1ad3-0x7ffe1b0a]
[    0.074050] ACPI: Reserving WAET table memory at [mem 0x7ffe1b0b-0x7ffe1b32]
[    0.076924] No NUMA configuration found
[    0.078080] Faking a node at [mem 0x0000000000000000-0x000000007ffdffff]
[    0.081397] NODE_DATA(0) allocated [mem 0x7fe8d000-0x7fe90fff]
[    0.085697] Zone ranges:
[    0.087628]   DMA      [mem 0x0000000000001000-0x0000000000ffffff]
[    0.090037]   DMA32    [mem 0x0000000001000000-0x000000007ffdffff]
[    0.091840]   Normal   empty
[    0.092728] Movable zone start for each node
[    0.093992] Early memory node ranges
[    0.095100]   node   0: [mem 0x0000000000001000-0x000000000009efff]
[    0.096960]   node   0: [mem 0x0000000000100000-0x000000007ffdffff]
[    0.098750] Initmem setup node 0 [mem 0x0000000000001000-0x000000007ffdffff]
[    0.103196] On node 0, zone DMA: 1 pages in unavailable ranges
[    0.103255] On node 0, zone DMA: 97 pages in unavailable ranges
[    0.127275] On node 0, zone DMA32: 32 pages in unavailable ranges
[    0.233426] kasan: KernelAddressSanitizer initialized
[    0.237426] ACPI: PM-Timer IO Port: 0x608
[    0.238531] ACPI: LAPIC_NMI (acpi_id[0xff] dfl dfl lint[0x1])
[    0.240476] IOAPIC[0]: apic_id 0, version 17, address 0xfec00000, GSI 0-23
[    0.242365] ACPI: INT_SRC_OVR (bus 0 bus_irq 0 global_irq 2 dfl dfl)
[    0.244093] ACPI: INT_SRC_OVR (bus 0 bus_irq 5 global_irq 5 high level)
[    0.245902] ACPI: INT_SRC_OVR (bus 0 bus_irq 9 global_irq 9 high level)
[    0.247630] ACPI: INT_SRC_OVR (bus 0 bus_irq 10 global_irq 10 high level)
[    0.249420] ACPI: INT_SRC_OVR (bus 0 bus_irq 11 global_irq 11 high level)
[    0.251176] ACPI: Using ACPI (MADT) for SMP configuration information
[    0.253818] ACPI: HPET id: 0x8086a201 base: 0xfed00000
[    0.255200] TSC deadline timer available
[    0.256376] smpboot: Allowing 2 CPUs, 0 hotplug CPUs
[    0.257868] kvm-guest: KVM setup pv remote TLB flush
[    0.259309] kvm-guest: setup PV sched yield
[    0.260550] PM: hibernation: Registered nosave memory: [mem 0x00000000-0x00000fff]
[    0.262464] PM: hibernation: Registered nosave memory: [mem 0x0009f000-0x0009ffff]
[    0.264475] PM: hibernation: Registered nosave memory: [mem 0x000a0000-0x000effff]
[    0.266609] PM: hibernation: Registered nosave memory: [mem 0x000f0000-0x000fffff]
[    0.268506] [mem 0x80000000-0xfeffbfff] available for PCI devices
[    0.270615] Booting paravirtualized kernel on KVM
[    0.272000] clocksource: refined-jiffies: mask: 0xffffffff max_cycles: 0xffffffff, max_idle_ns: 1910969940391419 ns
[    0.286886] setup_percpu: NR_CPUS:64 nr_cpumask_bits:2 nr_cpu_ids:2 nr_node_ids:1
[    0.289857] percpu: Embedded 66 pages/cpu s232104 r8192 d30040 u1048576
[    0.292040] Kernel command line: console=ttyS0 oops=panic panic=-1 nokaslr earlyprintk=serial
[    0.294687] Unknown kernel command line parameters "nokaslr", will be passed to user space.
[    0.297376] random: crng init done
[    0.299138] Dentry cache hash table entries: 262144 (order: 9, 2097152 bytes, linear)
[    0.302488] Inode-cache hash table entries: 131072 (order: 8, 1048576 bytes, linear)
[    0.304853] Fallback order for Node 0: 0 
[    0.304857] Built 1 zonelists, mobility grouping on.  Total pages: 515808
[    0.307260] Policy zone: DMA32
[    0.307934] mem auto-init: stack:all(zero), heap alloc:off, heap free:off
[    0.309564] stackdepot: allocating hash table via alloc_large_system_hash
[    0.314649] stackdepot hash table entries: 1048576 (order: 11, 8388608 bytes, linear)
[    0.336472] Memory: 1692956K/2096632K available (49152K kernel code, 7930K rwdata, 10020K rodata, 5608K init, 3072K bss, 403420K reserved, 0K cma-reserved)
[    0.339868] SLUB: HWalign=64, Order=0-3, MinObjects=0, CPUs=2, Nodes=1
Poking KASLR using RDRAND RDTSC...
[    0.342838] Dynamic Preempt: voluntary
[    0.346593] rcu: Preemptible hierarchical RCU implementation.
[    0.347792] rcu: 	RCU event tracing is enabled.
[    0.348927] rcu: 	RCU restricting CPUs from NR_CPUS=64 to nr_cpu_ids=2.
[    0.350751] 	Trampoline variant of Tasks RCU enabled.
[    0.351931] rcu: RCU calculated value of scheduler-enlistment delay is 100 jiffies.
[    0.354675] rcu: Adjusting geometry for rcu_fanout_leaf=16, nr_cpu_ids=2
[    0.365329] NR_IRQS: 4352, nr_irqs: 440, preallocated irqs: 16
[    0.367041] rcu: srcu_init: Setting srcu_struct sizes based on contention.
[    0.378497] Console: colour VGA+ 80x25
[    0.379310] printk: console [ttyS0] enabled
[    0.379310] printk: console [ttyS0] enabled
[    0.381078] printk: bootconsole [earlyser0] disabled
[    0.381078] printk: bootconsole [earlyser0] disabled
[    0.383057] ACPI: Core revision 20230331
[    0.384065] clocksource: hpet: mask: 0xffffffff max_cycles: 0xffffffff, max_idle_ns: 19112604467 ns
[    0.386169] APIC: Switch to symmetric I/O mode setup
[    0.387823] kvm-guest: setup PV IPIs
[    0.390998] ..TIMER: vector=0x30 apic1=0 pin1=2 apic2=-1 pin2=-1
[    0.392794] clocksource: tsc-early: mask: 0xffffffffffffffff max_cycles: 0x2b2c8d6afc8, max_idle_ns: 440795331172 ns
[    0.398744] Calibrating delay loop (skipped) preset value.. 5990.39 BogoMIPS (lpj=2995198)
[    0.400752] x86/cpu: User Mode Instruction Prevention (UMIP) activated
[    0.402054] Last level iTLB entries: 4KB 0, 2MB 0, 4MB 0
[    0.402742] Last level dTLB entries: 4KB 0, 2MB 0, 4MB 0, 1GB 0
[    0.403764] Spectre V1 : Mitigation: usercopy/swapgs barriers and __user pointer sanitization
[    0.404748] Spectre V2 : Mitigation: Enhanced / Automatic IBRS
[    0.405741] Spectre V2 : Spectre v2 / SpectreRSB mitigation: Filling RSB on context switch
[    0.406741] Spectre V2 : Spectre v2 / PBRSB-eIBRS: Retire a single CALL on VMEXIT
[    0.407742] RETBleed: Mitigation: Enhanced IBRS
[    0.408746] Spectre V2 : mitigation: Enabling conditional Indirect Branch Prediction Barrier
[    0.409742] Speculative Store Bypass: Mitigation: Speculative Store Bypass disabled via prctl
[    0.410742] MMIO Stale Data: Unknown: No mitigations
[    0.411790] x86/fpu: Supporting XSAVE feature 0x001: 'x87 floating point registers'
[    0.412742] x86/fpu: Supporting XSAVE feature 0x002: 'SSE registers'
[    0.413741] x86/fpu: Supporting XSAVE feature 0x004: 'AVX registers'
[    0.414742] x86/fpu: xstate_offset[2]:  576, xstate_sizes[2]:  256
[    0.415741] x86/fpu: Enabled xstate features 0x7, context size is 832 bytes, using 'compacted' format.
[    0.433231] Freeing SMP alternatives memory: 44K
[    0.433743] pid_max: default: 32768 minimum: 301
[    0.434814] LSM: initializing lsm=capability,selinux,integrity
[    0.435792] SELinux:  Initializing.
[    0.437819] Mount-cache hash table entries: 4096 (order: 3, 32768 bytes, linear)
[    0.438743] Mountpoint-cache hash table entries: 4096 (order: 3, 32768 bytes, linear)
[    0.441258] smpboot: CPU0: 13th Gen Intel(R) Core(TM) i9-13900H (family: 0x6, model: 0xba, stepping: 0x2)
[    0.442001] RCU Tasks: Setting shift to 1 and lim to 1 rcu_task_cb_adjust=1.
[    0.442775] Performance Events: unsupported p6 CPU model 186 no PMU driver, software events only.
[    0.443812] signal: max sigframe size: 1776
[    0.444822] rcu: Hierarchical SRCU implementation.
[    0.445746] rcu: 	Max phase no-delay instances is 400.
[    0.447284] smp: Bringing up secondary CPUs ...
[    0.447975] smpboot: x86: Booting SMP configuration:
[    0.448746] .... node  #0, CPUs:      #1
[    0.451919] smp: Brought up 1 node, 2 CPUs
[    0.453751] smpboot: Max logical packages: 1
[    0.454748] smpboot: Total of 2 processors activated (11980.79 BogoMIPS)
[    0.457835] devtmpfs: initialized
[    0.460893] clocksource: jiffies: mask: 0xffffffff max_cycles: 0xffffffff, max_idle_ns: 1911260446275000 ns
[    0.461750] futex hash table entries: 512 (order: 3, 32768 bytes, linear)
[    0.463004] PM: RTC time: 15:35:39, date: 2026-05-17
[    0.464473] NET: Registered PF_NETLINK/PF_ROUTE protocol family
[    0.465135] audit: initializing netlink subsys (disabled)
[    0.465888] audit: type=2000 audit(1779032140.263:1): state=initialized audit_enabled=0 res=1
[    0.466062] thermal_sys: Registered thermal governor 'step_wise'
[    0.466750] thermal_sys: Registered thermal governor 'user_space'
[    0.467789] cpuidle: using governor menu
[    0.470763] PCI: Using configuration type 1 for base access
[    0.472462] kprobes: kprobe jump-optimization is enabled. All kprobes are optimized if possible.
[    0.476738] HugeTLB: registered 2.00 MiB page size, pre-allocated 0 pages
[    0.477750] HugeTLB: 28 KiB vmemmap can be freed for a 2.00 MiB page
[    0.480566] ACPI: Added _OSI(Module Device)
[    0.481750] ACPI: Added _OSI(Processor Device)
[    0.482746] ACPI: Added _OSI(3.0 _SCP Extensions)
[    0.483745] ACPI: Added _OSI(Processor Aggregator Device)
[    0.494212] ACPI: 1 ACPI AML tables successfully acquired and loaded
[    0.556176] ACPI: Interpreter enabled
[    0.556782] ACPI: PM: (supports S0 S3 S4 S5)
[    0.557745] ACPI: Using IOAPIC for interrupt routing
[    0.558786] PCI: Using host bridge windows from ACPI; if necessary, use "pci=nocrs" and report a bug
[    0.560744] PCI: Using E820 reservations for host bridge windows
[    0.563542] ACPI: Enabled 2 GPEs in block 00 to 0F
[    0.577386] ACPI: PCI Root Bridge [PCI0] (domain 0000 [bus 00-ff])
[    0.580992] acpi PNP0A03:00: _OSC: OS supports [ASPM ClockPM Segments MSI HPX-Type3]
[    0.582749] acpi PNP0A03:00: _OSC: not requesting OS control; OS requires [ExtendedConfig ASPM ClockPM MSI]
[    0.584912] acpi PNP0A03:00: fail to add MMCONFIG information, can't access extended configuration space under this bridge
[    0.588180] PCI host bridge to bus 0000:00
[    0.588748] pci_bus 0000:00: root bus resource [io  0x0000-0x0cf7 window]
[    0.590747] pci_bus 0000:00: root bus resource [io  0x0d00-0xffff window]
[    0.592884] pci_bus 0000:00: root bus resource [mem 0x000a0000-0x000bffff window]
[    0.594914] pci_bus 0000:00: root bus resource [mem 0x80000000-0xfebfffff window]
[    0.597888] pci_bus 0000:00: root bus resource [mem 0x100000000-0x17fffffff window]
[    0.599918] pci_bus 0000:00: root bus resource [bus 00-ff]
[    0.602020] pci 0000:00:00.0: [8086:1237] type 00 class 0x060000
[    0.608924] pci 0000:00:01.0: [8086:7000] type 00 class 0x060100
[    0.619397] pci 0000:00:01.1: [8086:7010] type 00 class 0x010180
[    0.622318] pci 0000:00:01.1: reg 0x20: [io  0xc040-0xc04f]
[    0.623345] pci 0000:00:01.1: legacy IDE quirk: reg 0x10: [io  0x01f0-0x01f7]
[    0.623749] pci 0000:00:01.1: legacy IDE quirk: reg 0x14: [io  0x03f6]
[    0.625807] pci 0000:00:01.1: legacy IDE quirk: reg 0x18: [io  0x0170-0x0177]
[    0.627745] pci 0000:00:01.1: legacy IDE quirk: reg 0x1c: [io  0x0376]
[    0.629476] pci 0000:00:01.3: [8086:7113] type 00 class 0x068000
[    0.632942] pci 0000:00:01.3: quirk: [io  0x0600-0x063f] claimed by PIIX4 ACPI
[    0.634839] pci 0000:00:01.3: quirk: [io  0x0700-0x070f] claimed by PIIX4 SMB
[    0.637854] pci 0000:00:02.0: [1234:1111] type 00 class 0x030000
[    0.640296] pci 0000:00:02.0: reg 0x10: [mem 0xfd000000-0xfdffffff pref]
[    0.644826] pci 0000:00:02.0: reg 0x18: [mem 0xfebf0000-0xfebf0fff]
[    0.650738] pci 0000:00:02.0: reg 0x30: [mem 0xfebe0000-0xfebeffff pref]
[    0.652139] pci 0000:00:02.0: Video device with shadowed ROM at [mem 0x000c0000-0x000dffff]
[    0.661206] pci 0000:00:03.0: [8086:100e] type 00 class 0x020000
[    0.663748] pci 0000:00:03.0: reg 0x10: [mem 0xfebc0000-0xfebdffff]
[    0.667325] pci 0000:00:03.0: reg 0x14: [io  0xc000-0xc03f]
[    0.673778] pci 0000:00:03.0: reg 0x30: [mem 0xfeb80000-0xfebbffff pref]
[    0.682294] ACPI: PCI: Interrupt link LNKA configured for IRQ 10
[    0.685464] ACPI: PCI: Interrupt link LNKB configured for IRQ 10
[    0.687799] ACPI: PCI: Interrupt link LNKC configured for IRQ 11
[    0.689699] ACPI: PCI: Interrupt link LNKD configured for IRQ 11
[    0.691965] ACPI: PCI: Interrupt link LNKS configured for IRQ 9
[    0.694874] iommu: Default domain type: Translated 
[    0.695745] iommu: DMA domain TLB invalidation policy: lazy mode 
[    0.698078] SCSI subsystem initialized
[    0.702909] ACPI: bus type USB registered
[    0.704099] usbcore: registered new interface driver usbfs
[    0.704802] usbcore: registered new interface driver hub
[    0.705789] usbcore: registered new device driver usb
[    0.706870] pps_core: LinuxPPS API ver. 1 registered
[    0.707756] pps_core: Software ver. 5.3.6 - Copyright 2005-2007 Rodolfo Giometti <giometti@linux.it>
[    0.708780] PTP clock support registered
[    0.710796] Advanced Linux Sound Architecture Driver Initialized.
[    0.712413] NetLabel: Initializing
[    0.712746] NetLabel:  domain hash size = 128
[    0.713745] NetLabel:  protocols = UNLABELED CIPSOv4 CALIPSO
[    0.714832] NetLabel:  unlabeled traffic allowed by default
[    0.716177] PCI: Using ACPI for IRQ routing
[    0.717126] pci 0000:00:02.0: vgaarb: setting as boot VGA device
[    0.717738] pci 0000:00:02.0: vgaarb: bridge control possible
[    0.717738] pci 0000:00:02.0: vgaarb: VGA device added: decodes=io+mem,owns=io+mem,locks=none
[    0.717795] vgaarb: loaded
[    0.719092] hpet0: at MMIO 0xfed00000, IRQs 2, 8, 0
[    0.719748] hpet0: 3 comparators, 64-bit 100.000000 MHz counter
[    0.727217] clocksource: Switched to clocksource kvm-clock
[    0.730885] VFS: Disk quotas dquot_6.6.0
[    0.732702] VFS: Dquot-cache hash table entries: 512 (order 0, 4096 bytes)
[    0.735858] pnp: PnP ACPI init
[    0.738425] pnp: PnP ACPI: found 6 devices
[    0.747980] clocksource: acpi_pm: mask: 0xffffff max_cycles: 0xffffff, max_idle_ns: 2085701024 ns
[    0.750574] NET: Registered PF_INET protocol family
[    0.753019] IP idents hash table entries: 32768 (order: 6, 262144 bytes, linear)
[    0.755664] tcp_listen_portaddr_hash hash table entries: 1024 (order: 2, 16384 bytes, linear)
[    0.758011] Table-perturb hash table entries: 65536 (order: 6, 262144 bytes, linear)
[    0.761255] TCP established hash table entries: 16384 (order: 5, 131072 bytes, linear)
[    0.764494] TCP bind hash table entries: 16384 (order: 7, 524288 bytes, linear)
[    0.767332] TCP: Hash tables configured (established 16384 bind 16384)
[    0.769738] UDP hash table entries: 1024 (order: 3, 32768 bytes, linear)
[    0.771675] UDP-Lite hash table entries: 1024 (order: 3, 32768 bytes, linear)
[    0.773887] NET: Registered PF_UNIX/PF_LOCAL protocol family
[    0.775783] RPC: Registered named UNIX socket transport module.
[    0.779441] RPC: Registered udp transport module.
[    0.782250] RPC: Registered tcp transport module.
[    0.784672] RPC: Registered tcp NFSv4.1 backchannel transport module.
[    0.788710] pci_bus 0000:00: resource 4 [io  0x0000-0x0cf7 window]
[    0.790735] pci_bus 0000:00: resource 5 [io  0x0d00-0xffff window]
[    0.792441] pci_bus 0000:00: resource 6 [mem 0x000a0000-0x000bffff window]
[    0.794313] pci_bus 0000:00: resource 7 [mem 0x80000000-0xfebfffff window]
[    0.796292] pci_bus 0000:00: resource 8 [mem 0x100000000-0x17fffffff window]
[    0.799274] pci 0000:00:01.0: PIIX3: Enabling Passive Release
[    0.801125] pci 0000:00:00.0: Limiting direct PCI/PCI transfers
[    0.803164] PCI: CLS 0 bytes, default 64
[    0.804797] Unpacking initramfs...
[    0.808153] RAPL PMU: API unit is 2^-32 Joules, 0 fixed counters, 10737418240 ms ovfl timer
[    0.810905] clocksource: tsc: mask: 0xffffffffffffffff max_cycles: 0x2b2c8d6afc8, max_idle_ns: 440795331172 ns
[    0.817247] Initialise system trusted keyrings
[    0.818686] workingset: timestamp_bits=56 max_order=19 bucket_order=0
[    0.822468] NFS: Registering the id_resolver key type
[    0.823902] Key type id_resolver registered
[    0.825114] Key type id_legacy registered
[    0.826321] 9p: Installing v9fs 9p2000 file system support
[    0.834647] Freeing initrd memory: 1340K
[    0.835035] Key type asymmetric registered
[    0.837244] Asymmetric key parser 'x509' registered
[    0.839036] Block layer SCSI generic (bsg) driver version 0.4 loaded (major 251)
[    0.844550] io scheduler mq-deadline registered
[    0.848668] io scheduler kyber registered
[    0.853431] input: Power Button as /devices/LNXSYSTM:00/LNXPWRBN:00/input/input0
[    0.864080] ACPI: button: Power Button [PWRF]
[    0.878436] Serial: 8250/16550 driver, 4 ports, IRQ sharing enabled
[    0.885192] 00:04: ttyS0 at I/O 0x3f8 (irq = 4, base_baud = 115200) is a 16550A
[    0.896974] Non-volatile memory driver v1.3
[    0.898506] Linux agpgart interface v0.103
[    0.901888] ACPI: bus type drm_connector registered
[    0.912076] loop: module loaded
[    0.917045] scsi host0: ata_piix
[    0.918636] scsi host1: ata_piix
[    0.919881] ata1: PATA max MWDMA2 cmd 0x1f0 ctl 0x3f6 bmdma 0xc040 irq 14
[    0.921826] ata2: PATA max MWDMA2 cmd 0x170 ctl 0x376 bmdma 0xc048 irq 15
[    0.925224] e100: Intel(R) PRO/100 Network Driver
[    0.926653] e100: Copyright(c) 1999-2006 Intel Corporation
[    0.928441] e1000: Intel(R) PRO/1000 Network Driver
[    0.929856] e1000: Copyright (c) 1999-2006 Intel Corporation.
[    1.082454] ata2: found unknown device (class 0)
[    1.084675] ata2.00: ATAPI: QEMU DVD-ROM, 2.5+, max UDMA/100
[    1.088315] scsi 1:0:0:0: CD-ROM            QEMU     QEMU DVD-ROM     2.5+ PQ: 0 ANSI: 5
[    1.115927] sr 1:0:0:0: [sr0] scsi3-mmc drive: 4x/4x cd/rw xa/form2 tray
[    1.117530] cdrom: Uniform CD-ROM driver Revision: 3.20
[    1.371427] ACPI: \_SB_.LNKC: Enabled at IRQ 11
[    1.727146] e1000 0000:00:03.0 eth0: (PCI:33MHz:32-bit) 52:54:00:12:34:56
[    1.728776] e1000 0000:00:03.0 eth0: Intel(R) PRO/1000 Network Connection
[    1.730453] e1000e: Intel(R) PRO/1000 Network Driver
[    1.731864] e1000e: Copyright(c) 1999 - 2015 Intel Corporation.
[    1.733604] sky2: driver version 1.30
[    1.736896] usbcore: registered new interface driver usblp
[    1.738263] usbcore: registered new interface driver usb-storage
[    1.739717] i8042: PNP: PS/2 Controller [PNP0303:KBD,PNP0f13:MOU] at 0x60,0x64 irq 1,12
[    1.745795] serio: i8042 KBD port at 0x60,0x64 irq 1
[    1.748572] serio: i8042 AUX port at 0x60,0x64 irq 12
[    1.752109] rtc_cmos 00:05: RTC can wake from S4
[    1.752124] input: AT Translated Set 2 keyboard as /devices/platform/i8042/serio0/input/input1
[    1.755840] rtc_cmos 00:05: registered as rtc0
[    1.757892] rtc_cmos 00:05: alarms up to one day, y3k, 242 bytes nvram, hpet irqs
[    1.760219] device-mapper: ioctl: 4.48.0-ioctl (2023-03-01) initialised: dm-devel@redhat.com
[    1.763371] intel_pstate: CPU model not supported
[    1.765081] hid: raw HID events driver (C) Jiri Kosina
[    1.767043] usbcore: registered new interface driver usbhid
[    1.768349] usbhid: USB HID core driver
[    1.770233] netem: version 1.3
[    1.779984] Initializing XFRM netlink socket
[    1.781138] NET: Registered PF_INET6 protocol family
[    1.783191] Segment Routing with IPv6
[    1.784228] In-situ OAM (IOAM) with IPv6
[    1.785537] sit: IPv6, IPv4 and MPLS over IPv4 tunneling driver
[    1.787790] NET: Registered PF_PACKET protocol family
[    1.789495] 9pnet: Installing 9P2000 support
[    1.793475] Key type dns_resolver registered
[    1.795218] IPI shorthand broadcast: enabled
[    1.810980] sched_clock: Marking stable (1787010554, 23941623)->(1898069366, -87117189)
[    1.813308] registered taskstats version 1
[    1.814374] Loading compiled-in X.509 certificates
[    1.825605] PM:   Magic number: 10:890:588
[    1.826907] printk: console [netcon0] enabled
[    1.828431] netconsole: network logging started
[    1.829628] cfg80211: Loading compiled-in X.509 certificates for regulatory database
[    1.831907] kworker/u4:1 (51) used greatest stack depth: 29536 bytes left
[    1.833811] Loaded X.509 cert 'sforshee: 00b28ddf47aef9cea7'
[    1.835189] platform regulatory.0: Direct firmware load for regulatory.db failed with error -2
[    1.837044] cfg80211: failed to load regulatory.db
[    1.837090] ALSA device list:
[    1.838932]   No soundcards found.
[    1.841175] Freeing unused kernel image (initmem) memory: 5608K
[    1.848326] Write protecting the kernel read-only data: 59392k
[    1.849479] Freeing unused kernel image (rodata/data gap) memory: 220K
[    1.865313] x86/mm: Checked W+X mappings: passed, no W+X pages found.
[    1.867871] Run /init as init process
[    1.870940] mount (55) used greatest stack depth: 28760 bytes left

secb: rootfs ready
---- poc begin ----
[poc] lo up with 127.0.0.1/8; starting trigger
[poc] create hfsc root 1:0
[poc] create hfsc class 1:1 (FSC-only)
[poc] create hfsc class 1:2 (FSC-only)
[poc] create netem 2:0 (duplicate=~0u) under 1:1
[poc] create pfifo 3:0 under 1:2
[poc] setup_uaf: send to class 1:1 (double activation)
[poc] delete class 1:1 (leaves dangling vt_tree ref)
[poc] trigger_uaf: send to class 1:2
[    2.094717] poc (61) used greatest stack depth: 25440 bytes left
---- poc end rc=0 ----
secb: poc exited without crashing the kernel
[    2.420592] input: ImExPS/2 Generic Explorer Mouse as /devices/platform/i8042/serio1/input/input3
[    3.447797] ACPI: PM: Preparing to enter system sleep state S5
[    3.449176] reboot: Power down
NO_CRASH_DETECTED
----- iter 2 kasan/bug grep -----
  hits=0
===== fixed-image iter 3 =====
bash: warning: setlocale: LC_ALL: cannot change locale (en_US.UTF-8)
c[?7l[2J[0mSeaBIOS (version 1.16.2-debian-1.16.2-1)


iPXE (http://ipxe.org) 00:03.0 CA00 PCI2.10 PnP PMM+7EFCEF00+7EF0EF00 CA00
Press Ctrl-B to configure iPXE (PCI 00:03.0)...                                                                               


Booting from ROM...
c[?7l[2JNo EFI environment detected.
early console in extract_kernel
input_data: 0x0000000004beb3a8
input_len: 0x000000000198a8d7
output: 0x0000000001000000
output_len: 0x00000000054fff28
kernel_total_size: 0x0000000005230000
needed_size: 0x0000000005600000
trampoline_32bit: 0x000000000009d000


KASLR disabled: 'nokaslr' on cmdline.


Decompressing Linux... Parsing ELF... No relocation needed... done.
Booting the kernel (entry_offset: 0x0000000000000000).
[    0.000000] Linux version 6.4.0-04323-gcf21a46bbfa0-dirty (root@buildkitsandbox) (gcc (Debian 12.2.0-14+deb12u1) 12.2.0, GNU ld (GNU Binutils for Debian) 2.40) #2 SMP PREEMPT_DYNAMIC Sun May 17 15:34:46 UTC 2026
[    0.000000] Command line: console=ttyS0 oops=panic panic=-1 nokaslr earlyprintk=serial
[    0.000000] BIOS-provided physical RAM map:
[    0.000000] BIOS-e820: [mem 0x0000000000000000-0x000000000009fbff] usable
[    0.000000] BIOS-e820: [mem 0x000000000009fc00-0x000000000009ffff] reserved
[    0.000000] BIOS-e820: [mem 0x00000000000f0000-0x00000000000fffff] reserved
[    0.000000] BIOS-e820: [mem 0x0000000000100000-0x000000007ffdffff] usable
[    0.000000] BIOS-e820: [mem 0x000000007ffe0000-0x000000007fffffff] reserved
[    0.000000] BIOS-e820: [mem 0x00000000feffc000-0x00000000feffffff] reserved
[    0.000000] BIOS-e820: [mem 0x00000000fffc0000-0x00000000ffffffff] reserved
[    0.000000] printk: bootconsole [earlyser0] enabled
[    0.000000] NX (Execute Disable) protection: active
[    0.000000] SMBIOS 2.8 present.
[    0.000000] DMI: QEMU Standard PC (i440FX + PIIX, 1996), BIOS 1.16.2-debian-1.16.2-1 04/01/2014
[    0.000000] Hypervisor detected: KVM
[    0.000000] kvm-clock: Using msrs 4b564d01 and 4b564d00
[    0.000003] kvm-clock: using sched offset of 477358442 cycles
[    0.002237] clocksource: kvm-clock: mask: 0xffffffffffffffff max_cycles: 0x1cd42e4dffb, max_idle_ns: 881590591483 ns
[    0.008318] tsc: Detected 2995.198 MHz processor
[    0.011255] last_pfn = 0x7ffe0 max_arch_pfn = 0x400000000
[    0.013148] MTRR map: 4 entries (3 fixed + 1 variable; max 19), built from 8 variable MTRRs
[    0.016016] x86/PAT: Configuration [0-7]: WB  WC  UC- UC  WB  WP  UC- WT  
[    0.026254] found SMP MP-table at [mem 0x000f5ba0-0x000f5baf]
[    0.029702] Using GB pages for direct mapping
[    0.032014] Incomplete global flushes, disabling PCID
[    0.032214] RAMDISK: [mem 0x7fe91000-0x7ffdffff]
[    0.035809] ACPI: Early table checksum verification disabled
[    0.037953] ACPI: RSDP 0x00000000000F59D0 000014 (v00 BOCHS )
[    0.039935] ACPI: RSDT 0x000000007FFE1B33 000034 (v01 BOCHS  BXPC     00000001 BXPC 00000001)
[    0.042666] ACPI: FACP 0x000000007FFE19DF 000074 (v01 BOCHS  BXPC     00000001 BXPC 00000001)
[    0.045390] ACPI: DSDT 0x000000007FFE0040 00199F (v01 BOCHS  BXPC     00000001 BXPC 00000001)
[    0.048194] ACPI: FACS 0x000000007FFE0000 000040
[    0.049746] ACPI: APIC 0x000000007FFE1A53 000080 (v01 BOCHS  BXPC     00000001 BXPC 00000001)
[    0.054235] ACPI: HPET 0x000000007FFE1AD3 000038 (v01 BOCHS  BXPC     00000001 BXPC 00000001)
[    0.058945] ACPI: WAET 0x000000007FFE1B0B 000028 (v01 BOCHS  BXPC     00000001 BXPC 00000001)
[    0.062967] ACPI: Reserving FACP table memory at [mem 0x7ffe19df-0x7ffe1a52]
[    0.065343] ACPI: Reserving DSDT table memory at [mem 0x7ffe0040-0x7ffe19de]
[    0.069032] ACPI: Reserving FACS table memory at [mem 0x7ffe0000-0x7ffe003f]
[    0.072428] ACPI: Reserving APIC table memory at [mem 0x7ffe1a53-0x7ffe1ad2]
[    0.074847] ACPI: Reserving HPET table memory at [mem 0x7ffe1ad3-0x7ffe1b0a]
[    0.077799] ACPI: Reserving WAET table memory at [mem 0x7ffe1b0b-0x7ffe1b32]
[    0.080991] No NUMA configuration found
[    0.083058] Faking a node at [mem 0x0000000000000000-0x000000007ffdffff]
[    0.087998] NODE_DATA(0) allocated [mem 0x7fe8d000-0x7fe90fff]
[    0.090283] Zone ranges:
[    0.091086]   DMA      [mem 0x0000000000001000-0x0000000000ffffff]
[    0.095635]   DMA32    [mem 0x0000000001000000-0x000000007ffdffff]
[    0.098322]   Normal   empty
[    0.099216] Movable zone start for each node
[    0.100400] Early memory node ranges
[    0.101413]   node   0: [mem 0x0000000000001000-0x000000000009efff]
[    0.103386]   node   0: [mem 0x0000000000100000-0x000000007ffdffff]
[    0.105508] Initmem setup node 0 [mem 0x0000000000001000-0x000000007ffdffff]
[    0.108048] On node 0, zone DMA: 1 pages in unavailable ranges
[    0.108131] On node 0, zone DMA: 97 pages in unavailable ranges
[    0.121136] On node 0, zone DMA32: 32 pages in unavailable ranges
[    0.184042] kasan: KernelAddressSanitizer initialized
[    0.190911] ACPI: PM-Timer IO Port: 0x608
[    0.192804] ACPI: LAPIC_NMI (acpi_id[0xff] dfl dfl lint[0x1])
[    0.195579] IOAPIC[0]: apic_id 0, version 17, address 0xfec00000, GSI 0-23
[    0.197998] ACPI: INT_SRC_OVR (bus 0 bus_irq 0 global_irq 2 dfl dfl)
[    0.200094] ACPI: INT_SRC_OVR (bus 0 bus_irq 5 global_irq 5 high level)
[    0.202111] ACPI: INT_SRC_OVR (bus 0 bus_irq 9 global_irq 9 high level)
[    0.203967] ACPI: INT_SRC_OVR (bus 0 bus_irq 10 global_irq 10 high level)
[    0.206300] ACPI: INT_SRC_OVR (bus 0 bus_irq 11 global_irq 11 high level)
[    0.208561] ACPI: Using ACPI (MADT) for SMP configuration information
[    0.210729] ACPI: HPET id: 0x8086a201 base: 0xfed00000
[    0.212517] TSC deadline timer available
[    0.213809] smpboot: Allowing 2 CPUs, 0 hotplug CPUs
[    0.215520] kvm-guest: KVM setup pv remote TLB flush
[    0.217395] kvm-guest: setup PV sched yield
[    0.218873] PM: hibernation: Registered nosave memory: [mem 0x00000000-0x00000fff]
[    0.221448] PM: hibernation: Registered nosave memory: [mem 0x0009f000-0x0009ffff]
[    0.224127] PM: hibernation: Registered nosave memory: [mem 0x000a0000-0x000effff]
[    0.226686] PM: hibernation: Registered nosave memory: [mem 0x000f0000-0x000fffff]
[    0.229226] [mem 0x80000000-0xfeffbfff] available for PCI devices
[    0.232197] Booting paravirtualized kernel on KVM
[    0.234555] clocksource: refined-jiffies: mask: 0xffffffff max_cycles: 0xffffffff, max_idle_ns: 1910969940391419 ns
[    0.251912] setup_percpu: NR_CPUS:64 nr_cpumask_bits:2 nr_cpu_ids:2 nr_node_ids:1
[    0.254938] percpu: Embedded 66 pages/cpu s232104 r8192 d30040 u1048576
[    0.257197] Kernel command line: console=ttyS0 oops=panic panic=-1 nokaslr earlyprintk=serial
[    0.260041] Unknown kernel command line parameters "nokaslr", will be passed to user space.
[    0.263240] random: crng init done
[    0.264819] Dentry cache hash table entries: 262144 (order: 9, 2097152 bytes, linear)
[    0.268497] Inode-cache hash table entries: 131072 (order: 8, 1048576 bytes, linear)
[    0.271952] Fallback order for Node 0: 0 
[    0.271968] Built 1 zonelists, mobility grouping on.  Total pages: 515808
[    0.277515] Policy zone: DMA32
[    0.279202] mem auto-init: stack:all(zero), heap alloc:off, heap free:off
[    0.281458] stackdepot: allocating hash table via alloc_large_system_hash
[    0.291981] stackdepot hash table entries: 1048576 (order: 11, 8388608 bytes, linear)
[    0.328208] Memory: 1692956K/2096632K available (49152K kernel code, 7930K rwdata, 10020K rodata, 5608K init, 3072K bss, 403420K reserved, 0K cma-reserved)
[    0.332209] SLUB: HWalign=64, Order=0-3, MinObjects=0, CPUs=2, Nodes=1
Poking KASLR using RDRAND RDTSC...
[    0.336235] Dynamic Preempt: voluntary
[    0.338187] rcu: Preemptible hierarchical RCU implementation.
[    0.339556] rcu: 	RCU event tracing is enabled.
[    0.340621] rcu: 	RCU restricting CPUs from NR_CPUS=64 to nr_cpu_ids=2.
[    0.342227] 	Trampoline variant of Tasks RCU enabled.
[    0.343488] rcu: RCU calculated value of scheduler-enlistment delay is 100 jiffies.
[    0.345683] rcu: Adjusting geometry for rcu_fanout_leaf=16, nr_cpu_ids=2
[    0.357044] NR_IRQS: 4352, nr_irqs: 440, preallocated irqs: 16
[    0.358800] rcu: srcu_init: Setting srcu_struct sizes based on contention.
[    0.369361] Console: colour VGA+ 80x25
[    0.370302] printk: console [ttyS0] enabled
[    0.370302] printk: console [ttyS0] enabled
[    0.372508] printk: bootconsole [earlyser0] disabled
[    0.372508] printk: bootconsole [earlyser0] disabled
[    0.374839] ACPI: Core revision 20230331
[    0.376121] clocksource: hpet: mask: 0xffffffff max_cycles: 0xffffffff, max_idle_ns: 19112604467 ns
[    0.378443] APIC: Switch to symmetric I/O mode setup
[    0.379809] kvm-guest: setup PV IPIs
[    0.386403] ..TIMER: vector=0x30 apic1=0 pin1=2 apic2=-1 pin2=-1
[    0.388290] clocksource: tsc-early: mask: 0xffffffffffffffff max_cycles: 0x2b2c8d6afc8, max_idle_ns: 440795331172 ns
[    0.392163] Calibrating delay loop (skipped) preset value.. 5990.39 BogoMIPS (lpj=2995198)
[    0.394414] x86/cpu: User Mode Instruction Prevention (UMIP) activated
[    0.395142] Last level iTLB entries: 4KB 0, 2MB 0, 4MB 0
[    0.395160] Last level dTLB entries: 4KB 0, 2MB 0, 4MB 0, 1GB 0
[    0.396171] Spectre V1 : Mitigation: usercopy/swapgs barriers and __user pointer sanitization
[    0.397153] Spectre V2 : Mitigation: Enhanced / Automatic IBRS
[    0.398146] Spectre V2 : Spectre v2 / SpectreRSB mitigation: Filling RSB on context switch
[    0.399145] Spectre V2 : Spectre v2 / PBRSB-eIBRS: Retire a single CALL on VMEXIT
[    0.400148] RETBleed: Mitigation: Enhanced IBRS
[    0.401155] Spectre V2 : mitigation: Enabling conditional Indirect Branch Prediction Barrier
[    0.402150] Speculative Store Bypass: Mitigation: Speculative Store Bypass disabled via prctl
[    0.403146] MMIO Stale Data: Unknown: No mitigations
[    0.404202] x86/fpu: Supporting XSAVE feature 0x001: 'x87 floating point registers'
[    0.405146] x86/fpu: Supporting XSAVE feature 0x002: 'SSE registers'
[    0.406149] x86/fpu: Supporting XSAVE feature 0x004: 'AVX registers'
[    0.407169] x86/fpu: xstate_offset[2]:  576, xstate_sizes[2]:  256
[    0.408148] x86/fpu: Enabled xstate features 0x7, context size is 832 bytes, using 'compacted' format.
[    0.428604] Freeing SMP alternatives memory: 44K
[    0.429145] pid_max: default: 32768 minimum: 301
[    0.430277] LSM: initializing lsm=capability,selinux,integrity
[    0.431185] SELinux:  Initializing.
[    0.433273] Mount-cache hash table entries: 4096 (order: 3, 32768 bytes, linear)
[    0.434147] Mountpoint-cache hash table entries: 4096 (order: 3, 32768 bytes, linear)
[    0.437585] smpboot: CPU0: 13th Gen Intel(R) Core(TM) i9-13900H (family: 0x6, model: 0xba, stepping: 0x2)
[    0.438373] RCU Tasks: Setting shift to 1 and lim to 1 rcu_task_cb_adjust=1.
[    0.439177] Performance Events: unsupported p6 CPU model 186 no PMU driver, software events only.
[    0.440206] signal: max sigframe size: 1776
[    0.441117] rcu: Hierarchical SRCU implementation.
[    0.441156] rcu: 	Max phase no-delay instances is 400.
[    0.442755] smp: Bringing up secondary CPUs ...
[    0.443372] smpboot: x86: Booting SMP configuration:
[    0.444155] .... node  #0, CPUs:      #1
[    0.445296] smp: Brought up 1 node, 2 CPUs
[    0.447151] smpboot: Max logical packages: 1
[    0.448150] smpboot: Total of 2 processors activated (11980.79 BogoMIPS)
[    0.453240] devtmpfs: initialized
[    0.456663] clocksource: jiffies: mask: 0xffffffff max_cycles: 0xffffffff, max_idle_ns: 1911260446275000 ns
[    0.457240] futex hash table entries: 512 (order: 3, 32768 bytes, linear)
[    0.458723] PM: RTC time: 15:35:44, date: 2026-05-17
[    0.459524] NET: Registered PF_NETLINK/PF_ROUTE protocol family
[    0.460557] audit: initializing netlink subsys (disabled)
[    0.461267] audit: type=2000 audit(1779032145.182:1): state=initialized audit_enabled=0 res=1
[    0.461522] thermal_sys: Registered thermal governor 'step_wise'
[    0.462155] thermal_sys: Registered thermal governor 'user_space'
[    0.463203] cpuidle: using governor menu
[    0.466236] PCI: Using configuration type 1 for base access
[    0.467449] kprobes: kprobe jump-optimization is enabled. All kprobes are optimized if possible.
[    0.469516] HugeTLB: registered 2.00 MiB page size, pre-allocated 0 pages
[    0.471152] HugeTLB: 28 KiB vmemmap can be freed for a 2.00 MiB page
[    0.474650] ACPI: Added _OSI(Module Device)
[    0.476157] ACPI: Added _OSI(Processor Device)
[    0.477154] ACPI: Added _OSI(3.0 _SCP Extensions)
[    0.479153] ACPI: Added _OSI(Processor Aggregator Device)
[    0.489670] ACPI: 1 ACPI AML tables successfully acquired and loaded
[    0.558058] ACPI: Interpreter enabled
[    0.558448] ACPI: PM: (supports S0 S3 S4 S5)
[    0.559151] ACPI: Using IOAPIC for interrupt routing
[    0.560359] PCI: Using host bridge windows from ACPI; if necessary, use "pci=nocrs" and report a bug
[    0.561157] PCI: Using E820 reservations for host bridge windows
[    0.562719] ACPI: Enabled 2 GPEs in block 00 to 0F
[    0.580751] ACPI: PCI Root Bridge [PCI0] (domain 0000 [bus 00-ff])
[    0.581172] acpi PNP0A03:00: _OSC: OS supports [ASPM ClockPM Segments MSI HPX-Type3]
[    0.582223] acpi PNP0A03:00: _OSC: not requesting OS control; OS requires [ExtendedConfig ASPM ClockPM MSI]
[    0.583511] acpi PNP0A03:00: fail to add MMCONFIG information, can't access extended configuration space under this bridge
[    0.584655] PCI host bridge to bus 0000:00
[    0.585163] pci_bus 0000:00: root bus resource [io  0x0000-0x0cf7 window]
[    0.586153] pci_bus 0000:00: root bus resource [io  0x0d00-0xffff window]
[    0.587166] pci_bus 0000:00: root bus resource [mem 0x000a0000-0x000bffff window]
[    0.588308] pci_bus 0000:00: root bus resource [mem 0x80000000-0xfebfffff window]
[    0.589320] pci_bus 0000:00: root bus resource [mem 0x100000000-0x17fffffff window]
[    0.590179] pci_bus 0000:00: root bus resource [bus 00-ff]
[    0.591635] pci 0000:00:00.0: [8086:1237] type 00 class 0x060000
[    0.599965] pci 0000:00:01.0: [8086:7000] type 00 class 0x060100
[    0.607544] pci 0000:00:01.1: [8086:7010] type 00 class 0x010180
[    0.609945] pci 0000:00:01.1: reg 0x20: [io  0xc040-0xc04f]
[    0.610896] pci 0000:00:01.1: legacy IDE quirk: reg 0x10: [io  0x01f0-0x01f7]
[    0.611156] pci 0000:00:01.1: legacy IDE quirk: reg 0x14: [io  0x03f6]
[    0.612153] pci 0000:00:01.1: legacy IDE quirk: reg 0x18: [io  0x0170-0x0177]
[    0.613154] pci 0000:00:01.1: legacy IDE quirk: reg 0x1c: [io  0x0376]
[    0.614983] pci 0000:00:01.3: [8086:7113] type 00 class 0x068000
[    0.616208] pci 0000:00:01.3: quirk: [io  0x0600-0x063f] claimed by PIIX4 ACPI
[    0.617249] pci 0000:00:01.3: quirk: [io  0x0700-0x070f] claimed by PIIX4 SMB
[    0.619050] pci 0000:00:02.0: [1234:1111] type 00 class 0x030000
[    0.620664] pci 0000:00:02.0: reg 0x10: [mem 0xfd000000-0xfdffffff pref]
[    0.623912] pci 0000:00:02.0: reg 0x18: [mem 0xfebf0000-0xfebf0fff]
[    0.628739] pci 0000:00:02.0: reg 0x30: [mem 0xfebe0000-0xfebeffff pref]
[    0.629603] pci 0000:00:02.0: Video device with shadowed ROM at [mem 0x000c0000-0x000dffff]
[    0.637053] pci 0000:00:03.0: [8086:100e] type 00 class 0x020000
[    0.638797] pci 0000:00:03.0: reg 0x10: [mem 0xfebc0000-0xfebdffff]
[    0.640154] pci 0000:00:03.0: reg 0x14: [io  0xc000-0xc03f]
[    0.646226] pci 0000:00:03.0: reg 0x30: [mem 0xfeb80000-0xfebbffff pref]
[    0.656333] ACPI: PCI: Interrupt link LNKA configured for IRQ 10
[    0.658203] ACPI: PCI: Interrupt link LNKB configured for IRQ 10
[    0.659778] ACPI: PCI: Interrupt link LNKC configured for IRQ 11
[    0.660841] ACPI: PCI: Interrupt link LNKD configured for IRQ 11
[    0.661387] ACPI: PCI: Interrupt link LNKS configured for IRQ 9
[    0.664331] iommu: Default domain type: Translated 
[    0.665150] iommu: DMA domain TLB invalidation policy: lazy mode 
[    0.666476] SCSI subsystem initialized
[    0.667403] ACPI: bus type USB registered
[    0.669216] usbcore: registered new interface driver usbfs
[    0.670173] usbcore: registered new interface driver hub
[    0.671170] usbcore: registered new device driver usb
[    0.673243] pps_core: LinuxPPS API ver. 1 registered
[    0.674153] pps_core: Software ver. 5.3.6 - Copyright 2005-2007 Rodolfo Giometti <giometti@linux.it>
[    0.679181] PTP clock support registered
[    0.681294] Advanced Linux Sound Architecture Driver Initialized.
[    0.683776] NetLabel: Initializing
[    0.685178] NetLabel:  domain hash size = 128
[    0.686148] NetLabel:  protocols = UNLABELED CIPSOv4 CALIPSO
[    0.688477] NetLabel:  unlabeled traffic allowed by default
[    0.690426] PCI: Using ACPI for IRQ routing
[    0.693282] pci 0000:00:02.0: vgaarb: setting as boot VGA device
[    0.694142] pci 0000:00:02.0: vgaarb: bridge control possible
[    0.694142] pci 0000:00:02.0: vgaarb: VGA device added: decodes=io+mem,owns=io+mem,locks=none
[    0.699176] vgaarb: loaded
[    0.700417] hpet0: at MMIO 0xfed00000, IRQs 2, 8, 0
[    0.702150] hpet0: 3 comparators, 64-bit 100.000000 MHz counter
[    0.708600] clocksource: Switched to clocksource kvm-clock
[    0.710654] VFS: Disk quotas dquot_6.6.0
[    0.711621] VFS: Dquot-cache hash table entries: 512 (order 0, 4096 bytes)
[    0.715279] pnp: PnP ACPI init
[    0.720497] pnp: PnP ACPI: found 6 devices
[    0.733520] clocksource: acpi_pm: mask: 0xffffff max_cycles: 0xffffff, max_idle_ns: 2085701024 ns
[    0.737121] NET: Registered PF_INET protocol family
[    0.739200] IP idents hash table entries: 32768 (order: 6, 262144 bytes, linear)
[    0.742041] tcp_listen_portaddr_hash hash table entries: 1024 (order: 2, 16384 bytes, linear)
[    0.744097] Table-perturb hash table entries: 65536 (order: 6, 262144 bytes, linear)
[    0.748378] TCP established hash table entries: 16384 (order: 5, 131072 bytes, linear)
[    0.752442] TCP bind hash table entries: 16384 (order: 7, 524288 bytes, linear)
[    0.754729] TCP: Hash tables configured (established 16384 bind 16384)
[    0.757491] UDP hash table entries: 1024 (order: 3, 32768 bytes, linear)
[    0.759431] UDP-Lite hash table entries: 1024 (order: 3, 32768 bytes, linear)
[    0.761501] NET: Registered PF_UNIX/PF_LOCAL protocol family
[    0.765298] RPC: Registered named UNIX socket transport module.
[    0.767383] RPC: Registered udp transport module.
[    0.768875] RPC: Registered tcp transport module.
[    0.770419] RPC: Registered tcp NFSv4.1 backchannel transport module.
[    0.774467] pci_bus 0000:00: resource 4 [io  0x0000-0x0cf7 window]
[    0.776382] pci_bus 0000:00: resource 5 [io  0x0d00-0xffff window]
[    0.778191] pci_bus 0000:00: resource 6 [mem 0x000a0000-0x000bffff window]
[    0.780218] pci_bus 0000:00: resource 7 [mem 0x80000000-0xfebfffff window]
[    0.782001] pci_bus 0000:00: resource 8 [mem 0x100000000-0x17fffffff window]
[    0.785757] pci 0000:00:01.0: PIIX3: Enabling Passive Release
[    0.792198] pci 0000:00:00.0: Limiting direct PCI/PCI transfers
[    0.797563] PCI: CLS 0 bytes, default 64
[    0.799938] Unpacking initramfs...
[    0.803961] RAPL PMU: API unit is 2^-32 Joules, 0 fixed counters, 10737418240 ms ovfl timer
[    0.806296] clocksource: tsc: mask: 0xffffffffffffffff max_cycles: 0x2b2c8d6afc8, max_idle_ns: 440795331172 ns
[    0.811947] Initialise system trusted keyrings
[    0.814865] workingset: timestamp_bits=56 max_order=19 bucket_order=0
[    0.818859] NFS: Registering the id_resolver key type
[    0.822528] Key type id_resolver registered
[    0.823855] Key type id_legacy registered
[    0.825180] 9p: Installing v9fs 9p2000 file system support
[    0.832950] Freeing initrd memory: 1340K
[    0.834431] Key type asymmetric registered
[    0.835792] Asymmetric key parser 'x509' registered
[    0.838762] Block layer SCSI generic (bsg) driver version 0.4 loaded (major 251)
[    0.841207] io scheduler mq-deadline registered
[    0.842643] io scheduler kyber registered
[    0.844529] input: Power Button as /devices/LNXSYSTM:00/LNXPWRBN:00/input/input0
[    0.847074] ACPI: button: Power Button [PWRF]
[    0.849463] Serial: 8250/16550 driver, 4 ports, IRQ sharing enabled
[    0.851647] 00:04: ttyS0 at I/O 0x3f8 (irq = 4, base_baud = 115200) is a 16550A
[    0.855859] Non-volatile memory driver v1.3
[    0.857103] Linux agpgart interface v0.103
[    0.858850] ACPI: bus type drm_connector registered
[    0.867095] loop: module loaded
[    0.870421] scsi host0: ata_piix
[    0.873876] scsi host1: ata_piix
[    0.875545] ata1: PATA max MWDMA2 cmd 0x1f0 ctl 0x3f6 bmdma 0xc040 irq 14
[    0.877529] ata2: PATA max MWDMA2 cmd 0x170 ctl 0x376 bmdma 0xc048 irq 15
[    0.881140] e100: Intel(R) PRO/100 Network Driver
[    0.882581] e100: Copyright(c) 1999-2006 Intel Corporation
[    0.884536] e1000: Intel(R) PRO/1000 Network Driver
[    0.886037] e1000: Copyright (c) 1999-2006 Intel Corporation.
[    1.037303] ata2: found unknown device (class 0)
[    1.039201] ata2.00: ATAPI: QEMU DVD-ROM, 2.5+, max UDMA/100
[    1.042380] scsi 1:0:0:0: CD-ROM            QEMU     QEMU DVD-ROM     2.5+ PQ: 0 ANSI: 5
[    1.063208] sr 1:0:0:0: [sr0] scsi3-mmc drive: 4x/4x cd/rw xa/form2 tray
[    1.064948] cdrom: Uniform CD-ROM driver Revision: 3.20
[    1.373739] ACPI: \_SB_.LNKC: Enabled at IRQ 11
[    1.776026] e1000 0000:00:03.0 eth0: (PCI:33MHz:32-bit) 52:54:00:12:34:56
[    1.778942] e1000 0000:00:03.0 eth0: Intel(R) PRO/1000 Network Connection
[    1.783471] e1000e: Intel(R) PRO/1000 Network Driver
[    1.786444] e1000e: Copyright(c) 1999 - 2015 Intel Corporation.
[    1.788816] sky2: driver version 1.30
[    1.799386] usbcore: registered new interface driver usblp
[    1.802113] usbcore: registered new interface driver usb-storage
[    1.807318] i8042: PNP: PS/2 Controller [PNP0303:KBD,PNP0f13:MOU] at 0x60,0x64 irq 1,12
[    1.811515] serio: i8042 KBD port at 0x60,0x64 irq 1
[    1.813895] serio: i8042 AUX port at 0x60,0x64 irq 12
[    1.821536] input: AT Translated Set 2 keyboard as /devices/platform/i8042/serio0/input/input1
[    1.825782] rtc_cmos 00:05: RTC can wake from S4
[    1.830998] rtc_cmos 00:05: registered as rtc0
[    1.833426] rtc_cmos 00:05: alarms up to one day, y3k, 242 bytes nvram, hpet irqs
[    1.839049] device-mapper: ioctl: 4.48.0-ioctl (2023-03-01) initialised: dm-devel@redhat.com
[    1.842663] intel_pstate: CPU model not supported
[    1.844582] hid: raw HID events driver (C) Jiri Kosina
[    1.850459] usbcore: registered new interface driver usbhid
[    1.853240] usbhid: USB HID core driver
[    1.856382] netem: version 1.3
[    1.862330] Initializing XFRM netlink socket
[    1.864821] NET: Registered PF_INET6 protocol family
[    1.868638] Segment Routing with IPv6
[    1.870008] In-situ OAM (IOAM) with IPv6
[    1.871821] sit: IPv6, IPv4 and MPLS over IPv4 tunneling driver
[    1.875361] NET: Registered PF_PACKET protocol family
[    1.877465] 9pnet: Installing 9P2000 support
[    1.879543] Key type dns_resolver registered
[    1.883175] IPI shorthand broadcast: enabled
[    1.907223] sched_clock: Marking stable (1879108663, 27670778)->(2030125362, -123345921)
[    1.911882] registered taskstats version 1
[    1.913241] Loading compiled-in X.509 certificates
[    1.929362] PM:   Magic number: 10:890:588
[    1.931224] printk: console [netcon0] enabled
[    1.932936] netconsole: network logging started
[    1.937066] cfg80211: Loading compiled-in X.509 certificates for regulatory database
[    1.941954] kworker/u4:1 (51) used greatest stack depth: 29536 bytes left
[    1.952283] Loaded X.509 cert 'sforshee: 00b28ddf47aef9cea7'
[    1.955076] platform regulatory.0: Direct firmware load for regulatory.db failed with error -2
[    1.956854] ALSA device list:
[    1.958552] cfg80211: failed to load regulatory.db
[    1.961191]   No soundcards found.
[    1.966133] Freeing unused kernel image (initmem) memory: 5608K
[    1.975767] Write protecting the kernel read-only data: 59392k
[    1.978316] Freeing unused kernel image (rodata/data gap) memory: 220K
[    1.994391] x86/mm: Checked W+X mappings: passed, no W+X pages found.
[    1.996144] Run /init as init process
[    2.004564] mount (55) used greatest stack depth: 28760 bytes left

secb: rootfs ready
---- poc begin ----
[poc] lo up with 127.0.0.1/8; starting trigger
[poc] create hfsc root 1:0
[poc] create hfsc class 1:1 (FSC-only)
[poc] create hfsc class 1:2 (FSC-only)
[poc] create netem 2:0 (duplicate=~0u) under 1:1
[poc] create pfifo 3:0 under 1:2
[poc] setup_uaf: send to class 1:1 (double activation)
[poc] delete class 1:1 (leaves dangling vt_tree ref)
[poc] trigger_uaf: send to class 1:2
[    2.244387] poc (61) used greatest stack depth: 25584 bytes left
---- poc end rc=0 ----
secb: poc exited without crashing the kernel
[    2.472505] input: ImExPS/2 Generic Explorer Mouse as /devices/platform/i8042/serio1/input/input3
[    3.655403] ACPI: PM: Preparing to enter system sleep state S5
[    3.657668] reboot: Power down
NO_CRASH_DETECTED
----- iter 3 kasan/bug grep -----
  hits=0
