bash: warning: setlocale: LC_ALL: cannot change locale (en_US.UTF-8)
c[?7l[2J[0mSeaBIOS (version 1.16.2-debian-1.16.2-1)
Booting from ROM...
c[?7l[2Jearly console in extract_kernel
input_data: 0x000000000cd5b2bf
input_len: 0x00000000048a5442
output: 0x0000000001000000
output_len: 0x000000000e8bba90
kernel_total_size: 0x0000000010626000
needed_size: 0x0000000010800000
trampoline_32bit: 0x000000000009d000

Decompressing Linux... Parsing ELF... done.
Booting the kernel.
[    0.000000][    T0] Linux version 6.0.0-rc5-ga335366bad13-dirty (root@buildkitsandbox) (gcc (Debian 12.2.0-14+deb12u1) 12.2.0, GNU ld (GNU Binutils for Debian) 2.40) #1 SMP PREEMPT_DYNAMIC Sun May 24 17:32:21 UTC 2026
[    0.000000][    T0] Command line: console=ttyS0 oops=panic panic=86400 nokaslr earlyprintk=serial rdinit=/init
[    0.000000][    T0] KERNEL supported cpus:
[    0.000000][    T0]   Intel GenuineIntel
[    0.000000][    T0]   AMD AuthenticAMD
[    0.000000][    T0] x86/fpu: Supporting XSAVE feature 0x001: 'x87 floating point registers'
[    0.000000][    T0] x86/fpu: Supporting XSAVE feature 0x002: 'SSE registers'
[    0.000000][    T0] x86/fpu: Supporting XSAVE feature 0x004: 'AVX registers'
[    0.000000][    T0] x86/fpu: xstate_offset[2]:  576, xstate_sizes[2]:  256
[    0.000000][    T0] x86/fpu: Enabled xstate features 0x7, context size is 832 bytes, using 'compacted' format.
[    0.000000][    T0] signal: max sigframe size: 1776
[    0.000000][    T0] BIOS-provided physical RAM map:
[    0.000000][    T0] BIOS-e820: [mem 0x0000000000000000-0x000000000009fbff] usable
[    0.000000][    T0] BIOS-e820: [mem 0x000000000009fc00-0x000000000009ffff] reserved
[    0.000000][    T0] BIOS-e820: [mem 0x00000000000f0000-0x00000000000fffff] reserved
[    0.000000][    T0] BIOS-e820: [mem 0x0000000000100000-0x000000007ffdffff] usable
[    0.000000][    T0] BIOS-e820: [mem 0x000000007ffe0000-0x000000007fffffff] reserved
[    0.000000][    T0] BIOS-e820: [mem 0x00000000feffc000-0x00000000feffffff] reserved
[    0.000000][    T0] BIOS-e820: [mem 0x00000000fffc0000-0x00000000ffffffff] reserved
[    0.000000][    T0] BIOS-e820: [mem 0x000000fd00000000-0x000000ffffffffff] reserved
[    0.000000][    T0] printk: bootconsole [earlyser0] enabled
[    0.000000][    T0] NX (Execute Disable) protection: active
[    0.000000][    T0] SMBIOS 2.8 present.
[    0.000000][    T0] DMI: QEMU Standard PC (i440FX + PIIX, 1996), BIOS 1.16.2-debian-1.16.2-1 04/01/2014
[    0.000000][    T0] Hypervisor detected: KVM
[    0.000000][    T0] kvm-clock: Using msrs 4b564d01 and 4b564d00
[    0.000003][    T0] kvm-clock: using sched offset of 52080713401 cycles
[    0.000660][    T0] clocksource: kvm-clock: mask: 0xffffffffffffffff max_cycles: 0x1cd42e4dffb, max_idle_ns: 881590591483 ns
[    0.002654][    T0] tsc: Detected 3493.436 MHz processor
[    0.007532][    T0] last_pfn = 0x7ffe0 max_arch_pfn = 0x400000000
[    0.008263][    T0] x86/PAT: Configuration [0-7]: WB  WC  UC- UC  WB  WP  UC- WT  
[    0.012085][    T0] found SMP MP-table at [mem 0x000f5ba0-0x000f5baf]
[    0.012817][    T0] Using GB pages for direct mapping
[    0.014159][    T0] RAMDISK: [mem 0x7fe8f000-0x7ffdffff]
[    0.014764][    T0] ACPI: Early table checksum verification disabled
[    0.015473][    T0] ACPI: RSDP 0x00000000000F59D0 000014 (v00 BOCHS )
[    0.016201][    T0] ACPI: RSDT 0x000000007FFE1B33 000034 (v01 BOCHS  BXPC     00000001 BXPC 00000001)
[    0.017253][    T0] ACPI: FACP 0x000000007FFE19DF 000074 (v01 BOCHS  BXPC     00000001 BXPC 00000001)
[    0.018289][    T0] ACPI: DSDT 0x000000007FFE0040 00199F (v01 BOCHS  BXPC     00000001 BXPC 00000001)
[    0.019317][    T0] ACPI: FACS 0x000000007FFE0000 000040
[    0.019918][    T0] ACPI: APIC 0x000000007FFE1A53 000080 (v01 BOCHS  BXPC     00000001 BXPC 00000001)
[    0.020947][    T0] ACPI: HPET 0x000000007FFE1AD3 000038 (v01 BOCHS  BXPC     00000001 BXPC 00000001)
[    0.021973][    T0] ACPI: WAET 0x000000007FFE1B0B 000028 (v01 BOCHS  BXPC     00000001 BXPC 00000001)
[    0.022997][    T0] ACPI: Reserving FACP table memory at [mem 0x7ffe19df-0x7ffe1a52]
[    0.023863][    T0] ACPI: Reserving DSDT table memory at [mem 0x7ffe0040-0x7ffe19de]
[    0.024719][    T0] ACPI: Reserving FACS table memory at [mem 0x7ffe0000-0x7ffe003f]
[    0.025575][    T0] ACPI: Reserving APIC table memory at [mem 0x7ffe1a53-0x7ffe1ad2]
[    0.026427][    T0] ACPI: Reserving HPET table memory at [mem 0x7ffe1ad3-0x7ffe1b0a]
[    0.027279][    T0] ACPI: Reserving WAET table memory at [mem 0x7ffe1b0b-0x7ffe1b32]
[    0.028909][    T0] No NUMA configuration found
[    0.029419][    T0] Faking a node at [mem 0x0000000000000000-0x000000007ffdffff]
[    0.030249][    T0] NODE_DATA(0) allocated [mem 0x7fe89000-0x7fe8efff]
[    0.034520][    T0] Zone ranges:
[    0.034917][    T0]   DMA      [mem 0x0000000000001000-0x0000000000ffffff]
[    0.035696][    T0]   DMA32    [mem 0x0000000001000000-0x000000007ffdffff]
[    0.036460][    T0]   Normal   empty
[    0.036863][    T0]   Device   empty
[    0.037264][    T0] Movable zone start for each node
[    0.037813][    T0] Early memory node ranges
[    0.038287][    T0]   node   0: [mem 0x0000000000001000-0x000000000009efff]
[    0.039063][    T0]   node   0: [mem 0x0000000000100000-0x000000007ffdffff]
[    0.039842][    T0] Initmem setup node 0 [mem 0x0000000000001000-0x000000007ffdffff]
[    0.040727][    T0] On node 0, zone DMA: 1 pages in unavailable ranges
[    0.040825][    T0] On node 0, zone DMA: 97 pages in unavailable ranges
[    0.053341][    T0] On node 0, zone DMA32: 32 pages in unavailable ranges
[   53.450073][    T0] kasan: KernelAddressSanitizer initialized
[   53.451778][    T0] ACPI: PM-Timer IO Port: 0x608
[   53.452313][    T0] ACPI: LAPIC_NMI (acpi_id[0xff] dfl dfl lint[0x1])
[   53.453076][    T0] IOAPIC[0]: apic_id 0, version 17, address 0xfec00000, GSI 0-23
[   53.453936][    T0] ACPI: INT_SRC_OVR (bus 0 bus_irq 0 global_irq 2 dfl dfl)
[   53.454721][    T0] ACPI: INT_SRC_OVR (bus 0 bus_irq 5 global_irq 5 high level)
[   53.455536][    T0] ACPI: INT_SRC_OVR (bus 0 bus_irq 9 global_irq 9 high level)
[   53.456351][    T0] ACPI: INT_SRC_OVR (bus 0 bus_irq 10 global_irq 10 high level)
[   53.457178][    T0] ACPI: INT_SRC_OVR (bus 0 bus_irq 11 global_irq 11 high level)
[   53.458014][    T0] ACPI: Using ACPI (MADT) for SMP configuration information
[   53.458802][    T0] ACPI: HPET id: 0x8086a201 base: 0xfed00000
[   53.459464][    T0] TSC deadline timer available
[   53.459978][    T0] smpboot: Allowing 2 CPUs, 0 hotplug CPUs
[   53.460642][    T0] kvm-guest: KVM setup pv remote TLB flush
[   53.461269][    T0] kvm-guest: setup PV sched yield
[   53.461844][    T0] PM: hibernation: Registered nosave memory: [mem 0x00000000-0x00000fff]
[   53.462760][    T0] PM: hibernation: Registered nosave memory: [mem 0x0009f000-0x0009ffff]
[   53.463676][    T0] PM: hibernation: Registered nosave memory: [mem 0x000a0000-0x000effff]
[   53.464589][    T0] PM: hibernation: Registered nosave memory: [mem 0x000f0000-0x000fffff]
[   53.465501][    T0] [mem 0x80000000-0xfeffbfff] available for PCI devices
[   53.466256][    T0] Booting paravirtualized kernel on KVM
[   53.466862][    T0] clocksource: refined-jiffies: mask: 0xffffffff max_cycles: 0xffffffff, max_idle_ns: 19112604462750000 ns
[   53.507674][    T0] setup_percpu: NR_CPUS:8 nr_cpumask_bits:8 nr_cpu_ids:2 nr_node_ids:1
[   53.508891][    T0] percpu: Embedded 69 pages/cpu s243912 r8192 d30520 u1048576
[   53.509860][    T0] kvm-guest: PV spinlocks enabled
[   53.510431][    T0] PV qspinlock hash table entries: 256 (order: 0, 4096 bytes, linear)
[   53.511373][    T0] Fallback order for Node 0: 0 
[   53.511937][    T0] Built 1 zonelists, mobility grouping on.  Total pages: 515808
[   53.512800][    T0] Policy zone: DMA32
[   53.513232][    T0] Kernel command line: console=ttyS0 oops=panic panic=86400 nokaslr earlyprintk=serial rdinit=/init
[   53.515319][    T0] Dentry cache hash table entries: 262144 (order: 9, 2097152 bytes, linear)
[   53.516511][    T0] Inode-cache hash table entries: 131072 (order: 8, 1048576 bytes, linear)
[   53.517765][    T0] mem auto-init: stack:off, heap alloc:on, heap free:off
[   53.519537][    T0] stackdepot hash table entries: 1048576 (order: 11, 8388608 bytes, linear)
[   53.616241][    T0] Memory: 1483316K/2096632K available (143390K kernel code, 34888K rwdata, 30296K rodata, 2724K init, 34068K bss, 613060K reserved, 0K cma-reserved)
[   53.618359][    T0] SLUB: HWalign=64, Order=0-3, MinObjects=0, CPUs=2, Nodes=1
[   53.620381][    T0] Dynamic Preempt: full
[   53.621186][    T0] Running RCU self tests
[   53.621685][    T0] rcu: Preemptible hierarchical RCU implementation.
[   53.622426][    T0] rcu: 	RCU lockdep checking is enabled.
[   53.623056][    T0] rcu: 	RCU restricting CPUs from NR_CPUS=8 to nr_cpu_ids=2.
[   53.623892][    T0] rcu: 	RCU callback double-/use-after-free debug is enabled.
[   53.624730][    T0] rcu: 	RCU debug extended QS entry/exit.
[   53.625370][    T0] 	Trampoline variant of Tasks RCU enabled.
[   53.626029][    T0] 	Tracing variant of Tasks RCU enabled.
[   53.626659][    T0] rcu: RCU calculated value of scheduler-enlistment delay is 10 jiffies.
[   53.627610][    T0] rcu: Adjusting geometry for rcu_fanout_leaf=16, nr_cpu_ids=2
[   53.653583][    T0] NR_IRQS: 4352, nr_irqs: 440, preallocated irqs: 16
[   53.654709][    T0] rcu: srcu_init: Setting srcu_struct sizes based on contention.
[   53.655767][    T0] kfence: initialized - using 2097152 bytes for 255 objects at 0x(____ptrval____)-0x(____ptrval____)
[   53.657205][    T0] random: crng init done
[   53.665367][    T0] Console: colour VGA+ 80x25
[   53.665951][    T0] printk: console [ttyS0] enabled
[   53.665951][    T0] printk: console [ttyS0] enabled
[   53.667066][    T0] printk: bootconsole [earlyser0] disabled
[   53.667066][    T0] printk: bootconsole [earlyser0] disabled
[   53.668372][    T0] Lock dependency validator: Copyright (c) 2006 Red Hat, Inc., Ingo Molnar
[   53.669341][    T0] ... MAX_LOCKDEP_SUBCLASSES:  8
[   53.669900][    T0] ... MAX_LOCK_DEPTH:          48
[   53.670465][    T0] ... MAX_LOCKDEP_KEYS:        8192
[   53.671057][    T0] ... CLASSHASH_SIZE:          4096
[   53.671644][    T0] ... MAX_LOCKDEP_ENTRIES:     131072
[   53.672250][    T0] ... MAX_LOCKDEP_CHAINS:      262144
[   53.672853][    T0] ... CHAINHASH_SIZE:          131072
[   53.673455][    T0]  memory used by lock dependency info: 20657 kB
[   53.674176][    T0]  memory used for stack traces: 8320 kB
[   53.674812][    T0]  per task-struct memory footprint: 1920 bytes
[   53.675595][    T0] ACPI: Core revision 20220331
[   53.676487][    T0] clocksource: hpet: mask: 0xffffffff max_cycles: 0xffffffff, max_idle_ns: 19112604467 ns
[   53.677787][    T0] APIC: Switch to symmetric I/O mode setup
[   53.678449][    T0] kvm-guest: setup PV IPIs
[   53.680156][    T0] ..TIMER: vector=0x30 apic1=0 pin1=2 apic2=-1 pin2=-1
[   53.680952][    T0] tsc: Marking TSC unstable due to TSCs unsynchronized
[   53.681730][    T0] Calibrating delay loop (skipped) preset value.. 6986.87 BogoMIPS (lpj=34934360)
[   53.682752][    T0] pid_max: default: 32768 minimum: 301
[   53.683640][    T0] LSM: Security Framework initializing
[   53.684286][    T0] landlock: Up and running.
[   53.684779][    T0] Yama: becoming mindful.
[   53.685321][    T0] TOMOYO Linux initialized
[   53.685986][    T0] AppArmor: AppArmor initialized
[   53.686541][    T0] LSM support for eBPF active
[   53.687220][    T0] Mount-cache hash table entries: 4096 (order: 3, 32768 bytes, linear)
[   53.691721][    T0] Mountpoint-cache hash table entries: 4096 (order: 3, 32768 bytes, linear)
[   53.694278][    T0] x86/cpu: User Mode Instruction Prevention (UMIP) activated
[   53.695220][    T0] Last level iTLB entries: 4KB 512, 2MB 255, 4MB 127
[   53.695959][    T0] Last level dTLB entries: 4KB 512, 2MB 255, 4MB 127, 1GB 0
[   53.696779][    T0] Spectre V1 : Mitigation: usercopy/swapgs barriers and __user pointer sanitization
[   53.697818][    T0] Spectre V2 : Kernel not compiled with retpoline; no mitigation available!
[   53.697822][    T0] Spectre V2 : Vulnerable
[   53.699320][    T0] Spectre V2 : Spectre v2 / SpectreRSB mitigation: Filling RSB on context switch
[   53.700324][    T0] Spectre V2 : Enabling Speculation Barrier for firmware calls
[   53.701164][    T0] RETBleed: Mitigation: IBPB
[   53.701732][    T0] Spectre V2 : mitigation: Enabling conditional Indirect Branch Prediction Barrier
[   53.702772][    T0] Speculative Store Bypass: Mitigation: Speculative Store Bypass disabled via prctl
[   53.705552][    T0] Freeing SMP alternatives memory: 108K
[   53.706599][    T1] smpboot: CPU0: AMD Ryzen Threadripper PRO 3975WX 32-Cores (family: 0x17, model: 0x31, stepping: 0x0)
[   53.709027][    T1] cblist_init_generic: Setting adjustable number of callback queues.
[   53.709950][    T1] cblist_init_generic: Setting shift to 1 and lim to 1.
[   53.710971][    T1] cblist_init_generic: Setting shift to 1 and lim to 1.
[   53.711713][    T1] Running RCU-tasks wait API self tests
[   53.811965][    T1] Performance Events: Fam17h+ core perfctr, AMD PMU driver.
[   53.812878][    T1] ... version:                0
[   53.813410][    T1] ... bit width:              48
[   53.813959][    T1] ... generic registers:      6
[   53.814490][    T1] ... value mask:             0000ffffffffffff
[   53.815165][    T1] ... max period:             00007fffffffffff
[   53.815843][    T1] ... fixed-purpose events:   0
[   53.816372][    T1] ... event mask:             000000000000003f
[   53.817510][    T1] rcu: Hierarchical SRCU implementation.
[   53.818144][    T1] rcu: 	Max phase no-delay instances is 1000.
[   53.822176][    T1] smp: Bringing up secondary CPUs ...
[   53.823578][    T1] x86: Booting SMP configuration:
[   53.824154][    T1] .... node  #0, CPUs:      #1
[   53.826047][    T1] smp: Brought up 1 node, 2 CPUs
[   53.826047][    T1] smpboot: Max logical packages: 1
[   53.826047][    T1] smpboot: Total of 2 processors activated (13973.74 BogoMIPS)
[   53.826047][    T1] devtmpfs: initialized
[   53.826047][    T1] x86/mm: Memory block size: 128MB
[   53.846436][    T1] clocksource: jiffies: mask: 0xffffffff max_cycles: 0xffffffff, max_idle_ns: 19112604462750000 ns
[   53.846436][    T1] futex hash table entries: 512 (order: 4, 65536 bytes, linear)
[   53.846611][    T1] PM: RTC time: 17:39:31, date: 2026-05-24
[   53.851768][   T13] Callback from call_rcu_tasks_trace() invoked.
[   53.855217][    T1] NET: Registered PF_NETLINK/PF_ROUTE protocol family
[   53.857200][    T1] audit: initializing netlink subsys (disabled)
[   53.858024][   T26] audit: type=2000 audit(1779644372.654:1): state=initialized audit_enabled=0 res=1
[   53.858024][    T1] thermal_sys: Registered thermal governor 'step_wise'
[   53.858024][    T1] thermal_sys: Registered thermal governor 'user_space'
[   53.858024][    T1] cpuidle: using governor menu
[   53.862277][    T1] NET: Registered PF_QIPCRTR protocol family
[   53.863562][    T1] PCI: Using configuration type 1 for base access
[   53.863562][    T1] PCI: Using configuration type 1 for extended access
[   53.976801][    T1] HugeTLB: registered 1.00 GiB page size, pre-allocated 0 pages
[   53.976801][    T1] HugeTLB: 16380 KiB vmemmap can be freed for a 1.00 GiB page
[   53.976801][    T1] HugeTLB: registered 2.00 MiB page size, pre-allocated 0 pages
[   53.978025][    T1] HugeTLB: 28 KiB vmemmap can be freed for a 2.00 MiB page
[   53.986751][    T1] cryptd: max_cpu_qlen set to 1000
[   53.991714][    T1] raid6: skipped pq benchmark and selected avx2x4
[   53.991768][    T1] raid6: using avx2x2 recovery algorithm
[   53.993963][    T1] ACPI: Added _OSI(Module Device)
[   53.995156][    T1] ACPI: Added _OSI(Processor Device)
[   53.996401][    T1] ACPI: Added _OSI(3.0 _SCP Extensions)
[   53.997708][    T1] ACPI: Added _OSI(Processor Aggregator Device)
[   53.999203][    T1] ACPI: Added _OSI(Linux-Dell-Video)
[   54.000477][    T1] ACPI: Added _OSI(Linux-Lenovo-NV-HDMI-Audio)
[   54.001777][    T1] ACPI: Added _OSI(Linux-HPI-Hybrid-Graphics)
[   54.031907][   T12] Callback from call_rcu_tasks() invoked.
[   54.035635][    T1] ACPI: 1 ACPI AML tables successfully acquired and loaded
[   54.094357][    T1] ACPI: Interpreter enabled
[   54.095018][    T1] ACPI: PM: (supports S0 S3 S4 S5)
[   54.095596][    T1] ACPI: Using IOAPIC for interrupt routing
[   54.096332][    T1] PCI: Using host bridge windows from ACPI; if necessary, use "pci=nocrs" and report a bug
[   54.097435][    T1] PCI: Using E820 reservations for host bridge windows
[   54.099514][    T1] ACPI: Enabled 2 GPEs in block 00 to 0F
[   54.140819][    T1] ACPI: PCI Root Bridge [PCI0] (domain 0000 [bus 00-ff])
[   54.141658][    T1] acpi PNP0A03:00: _OSC: OS supports [ExtendedConfig ASPM ClockPM Segments MSI HPX-Type3]
[   54.143193][    T1] PCI host bridge to bus 0000:00
[   54.143757][    T1] pci_bus 0000:00: root bus resource [io  0x0000-0x0cf7 window]
[   54.144610][    T1] pci_bus 0000:00: root bus resource [io  0x0d00-0xffff window]
[   54.145467][    T1] pci_bus 0000:00: root bus resource [mem 0x000a0000-0x000bffff window]
[   54.146389][    T1] pci_bus 0000:00: root bus resource [mem 0x80000000-0xfebfffff window]
[   54.147311][    T1] pci_bus 0000:00: root bus resource [mem 0x100000000-0x17fffffff window]
[   54.148258][    T1] pci_bus 0000:00: root bus resource [bus 00-ff]
[   54.149292][    T1] pci 0000:00:00.0: [8086:1237] type 00 class 0x060000
[   54.163367][    T1] pci 0000:00:01.0: [8086:7000] type 00 class 0x060100
[   54.176900][    T1] pci 0000:00:01.1: [8086:7010] type 00 class 0x010180
[   54.179068][    T1] pci 0000:00:01.1: reg 0x20: [io  0xc000-0xc00f]
[   54.180416][    T1] pci 0000:00:01.1: legacy IDE quirk: reg 0x10: [io  0x01f0-0x01f7]
[   54.181306][    T1] pci 0000:00:01.1: legacy IDE quirk: reg 0x14: [io  0x03f6]
[   54.181722][    T1] pci 0000:00:01.1: legacy IDE quirk: reg 0x18: [io  0x0170-0x0177]
[   54.182603][    T1] pci 0000:00:01.1: legacy IDE quirk: reg 0x1c: [io  0x0376]
[   54.183866][    T1] pci 0000:00:01.3: [8086:7113] type 00 class 0x068000
[   54.185043][    T1] pci 0000:00:01.3: quirk: [io  0x0600-0x063f] claimed by PIIX4 ACPI
[   54.185942][    T1] pci 0000:00:01.3: quirk: [io  0x0700-0x070f] claimed by PIIX4 SMB
[   54.187289][    T1] pci 0000:00:02.0: [1234:1111] type 00 class 0x030000
[   54.192051][    T1] pci 0000:00:02.0: reg 0x10: [mem 0xfd000000-0xfdffffff pref]
[   54.194422][    T1] pci 0000:00:02.0: reg 0x18: [mem 0xfebf0000-0xfebf0fff]
[   54.198686][    T1] pci 0000:00:02.0: reg 0x30: [mem 0xfebe0000-0xfebeffff pref]
[   54.199831][    T1] pci 0000:00:02.0: Video device with shadowed ROM at [mem 0x000c0000-0x000dffff]
[   54.218383][    T1] ACPI: PCI: Interrupt link LNKA configured for IRQ 10
[   54.220650][    T1] ACPI: PCI: Interrupt link LNKB configured for IRQ 10
[   54.222696][    T1] ACPI: PCI: Interrupt link LNKC configured for IRQ 11
[   54.224753][    T1] ACPI: PCI: Interrupt link LNKD configured for IRQ 11
[   54.226057][    T1] ACPI: PCI: Interrupt link LNKS configured for IRQ 9
[   54.230918][    T1] iommu: Default domain type: Translated 
[   54.231575][    T1] iommu: DMA domain TLB invalidation policy: lazy mode 
[   54.233407][    T1] SCSI subsystem initialized
[   54.234554][    T1] ACPI: bus type USB registered
[   54.235266][    T1] usbcore: registered new interface driver usbfs
[   54.236068][    T1] usbcore: registered new interface driver hub
[   54.236832][    T1] usbcore: registered new device driver usb
[   54.238030][    T1] mc: Linux media interface: v0.10
[   54.238678][    T1] videodev: Linux video capture interface: v2.00
[   54.239623][    T1] pps_core: LinuxPPS API ver. 1 registered
[   54.240277][    T1] pps_core: Software ver. 5.3.6 - Copyright 2005-2007 Rodolfo Giometti <giometti@linux.it>
[   54.241414][    T1] PTP clock support registered
[   54.242011][    T1] EDAC MC: Ver: 3.0.0
[   54.243607][    T1] Advanced Linux Sound Architecture Driver Initialized.
[   54.245796][    T1] Bluetooth: Core ver 2.22
[   54.246368][    T1] NET: Registered PF_BLUETOOTH protocol family
[   54.247050][    T1] Bluetooth: HCI device and connection manager initialized
[   54.247864][    T1] Bluetooth: HCI socket layer initialized
[   54.248501][    T1] Bluetooth: L2CAP socket layer initialized
[   54.249191][    T1] Bluetooth: SCO socket layer initialized
[   54.249858][    T1] NET: Registered PF_ATMPVC protocol family
[   54.250519][    T1] NET: Registered PF_ATMSVC protocol family
[   54.251285][    T1] NetLabel: Initializing
[   54.251724][    T1] NetLabel:  domain hash size = 128
[   54.252298][    T1] NetLabel:  protocols = UNLABELED CIPSOv4 CALIPSO
[   54.253147][    T1] NetLabel:  unlabeled traffic allowed by default
[   54.254140][    T1] nfc: nfc_init: NFC Core ver 0.1
[   54.254140][    T1] NET: Registered PF_NFC protocol family
[   54.254140][    T1] PCI: Using ACPI for IRQ routing
[   54.254140][    T1] pci 0000:00:02.0: vgaarb: setting as boot VGA device
[   54.254140][    T1] pci 0000:00:02.0: vgaarb: bridge control possible
[   54.254140][    T1] pci 0000:00:02.0: vgaarb: VGA device added: decodes=io+mem,owns=io+mem,locks=none
[   54.254327][    T1] vgaarb: loaded
[   54.255469][    T1] hpet0: at MMIO 0xfed00000, IRQs 2, 8, 0
[   54.256125][    T1] hpet0: 3 comparators, 64-bit 100.000000 MHz counter
[   54.266379][    T1] clocksource: Switched to clocksource kvm-clock
[   54.271004][    T1] VFS: Disk quotas dquot_6.6.0
[   54.271004][    T1] VFS: Dquot-cache hash table entries: 512 (order 0, 4096 bytes)
[   54.271004][    T1] FS-Cache: Loaded
[   54.271004][    T1] CacheFiles: Loaded
[   54.271004][    T1] TOMOYO: 2.6.0
[   54.271004][    T1] Mandatory Access Control activated.
[   54.272607][    T1] AppArmor: AppArmor Filesystem Enabled
[   54.273390][    T1] pnp: PnP ACPI init
[   54.277868][    T1] pnp: PnP ACPI: found 6 devices
[   54.307559][    T1] clocksource: acpi_pm: mask: 0xffffff max_cycles: 0xffffff, max_idle_ns: 2085701024 ns
[   54.308878][    T1] NET: Registered PF_INET protocol family
[   54.309692][    T1] IP idents hash table entries: 32768 (order: 6, 262144 bytes, linear)
[   54.312260][    T1] tcp_listen_portaddr_hash hash table entries: 1024 (order: 4, 73728 bytes, linear)
[   54.313356][    T1] Table-perturb hash table entries: 65536 (order: 6, 262144 bytes, linear)
[   54.314336][    T1] TCP established hash table entries: 16384 (order: 5, 131072 bytes, linear)
[   54.315813][    T1] TCP bind hash table entries: 16384 (order: 8, 1179648 bytes, linear)
[   54.317231][    T1] TCP: Hash tables configured (established 16384 bind 16384)
[   54.318487][    T1] MPTCP token hash table entries: 2048 (order: 5, 180224 bytes, linear)
[   54.319540][    T1] UDP hash table entries: 1024 (order: 5, 163840 bytes, linear)
[   54.320479][    T1] UDP-Lite hash table entries: 1024 (order: 5, 163840 bytes, linear)
[   54.321670][    T1] NET: Registered PF_UNIX/PF_LOCAL protocol family
[   54.323085][    T1] RPC: Registered named UNIX socket transport module.
[   54.323862][    T1] RPC: Registered udp transport module.
[   54.324475][    T1] RPC: Registered tcp transport module.
[   54.325086][    T1] RPC: Registered tcp NFSv4.1 backchannel transport module.
[   54.326791][    T1] NET: Registered PF_XDP protocol family
[   54.327452][    T1] pci_bus 0000:00: resource 4 [io  0x0000-0x0cf7 window]
[   54.328241][    T1] pci_bus 0000:00: resource 5 [io  0x0d00-0xffff window]
[   54.329023][    T1] pci_bus 0000:00: resource 6 [mem 0x000a0000-0x000bffff window]
[   54.329878][    T1] pci_bus 0000:00: resource 7 [mem 0x80000000-0xfebfffff window]
[   54.330735][    T1] pci_bus 0000:00: resource 8 [mem 0x100000000-0x17fffffff window]
[   54.332009][    T1] pci 0000:00:01.0: PIIX3: Enabling Passive Release
[   54.332751][    T1] pci 0000:00:00.0: Limiting direct PCI/PCI transfers
[   54.333579][    T1] PCI: CLS 0 bytes, default 64
[   54.334280][    T1] ACPI: bus type thunderbolt registered
[   54.335574][    T1] kvm: no hardware support for 'kvm_intel'
[   54.336464][    T1] kvm: Nested Virtualization enabled
[   54.337091][    T1] SVM: kvm: Nested Paging enabled
[   54.339878][   T11] Trying to unpack rootfs image as initramfs...
[   54.372285][   T65] cryptomgr_test (65) used greatest stack depth: 29840 bytes left
[   54.436893][   T11] Freeing initrd memory: 1348K
[   54.438185][   T59] kworker/u4:3 (59) used greatest stack depth: 28544 bytes left
[   54.439045][   T58] kworker/u4:3 (58) used greatest stack depth: 28240 bytes left
[   54.440437][   T55] kworker/u4:3 (55) used greatest stack depth: 27872 bytes left
[   56.579895][    T1] Initialise system trusted keyrings
[   56.581664][    T1] workingset: timestamp_bits=40 max_order=19 bucket_order=0
[   56.627319][    T1] zbud: loaded
[   56.633131][    T1] DLM installed
[   56.637083][    T1] squashfs: version 4.0 (2009/01/31) Phillip Lougher
[   56.643613][    T1] NFS: Registering the id_resolver key type
[   56.644339][    T1] Key type id_resolver registered
[   56.644912][    T1] Key type id_legacy registered
[   56.645661][    T1] nfs4filelayout_init: NFSv4 File Layout Driver Registering...
[   56.646543][    T1] nfs4flexfilelayout_init: NFSv4 Flexfile Layout Driver Registering...
[   56.652329][    T1] Key type cifs.spnego registered
[   56.652976][    T1] Key type cifs.idmap registered
[   56.653877][    T1] ntfs: driver 2.1.32 [Flags: R/W].
[   56.655220][    T1] ntfs3: Max link count 4000
[   56.655733][    T1] ntfs3: Enabled Linux POSIX ACLs support
[   56.656358][    T1] ntfs3: Read-only LZX/Xpress compression included
[   56.658073][    T1] efs: 1.0a - http://aeschi.ch.eu.org/efs/
[   56.658883][    T1] jffs2: version 2.2. (NAND) (SUMMARY)  © 2001-2006 Red Hat, Inc.
[   56.661872][    T1] romfs: ROMFS MTD (C) 2007 Red Hat, Inc.
[   56.662826][    T1] QNX4 filesystem 0.2.3 registered.
[   56.663555][    T1] qnx6: QNX6 filesystem 1.0.0 registered.
[   56.664601][    T1] fuse: init (API version 7.36)
[   56.666992][    T1] orangefs_debugfs_init: called with debug mask: :none: :0:
[   56.668066][    T1] orangefs_init: module version upstream loaded
[   56.669336][    T1] JFS: nTxBlock = 8192, nTxLock = 65536
[   56.673678][    T1] SGI XFS with ACLs, security attributes, realtime, quota, fatal assert, debug enabled
[   56.688855][    T1] 9p: Installing v9fs 9p2000 file system support
[   56.691791][    T1] NILFS version 2 loaded
[   56.692652][    T1] befs: version: 0.9.3
[   56.694363][    T1] ocfs2: Registered cluster interface o2cb
[   56.695259][    T1] ocfs2: Registered cluster interface user
[   56.696243][    T1] OCFS2 User DLM kernel interface loaded
[   56.703224][    T1] gfs2: GFS2 installed
[   56.709790][    T1] ceph: loaded (mds proto 32)
[   56.718204][    T1] NET: Registered PF_ALG protocol family
[   56.718914][    T1] xor: automatically using best checksumming function   avx       
[   56.719836][    T1] async_tx: api initialized (async)
[   56.720429][    T1] Key type asymmetric registered
[   56.721010][    T1] Asymmetric key parser 'x509' registered
[   56.721692][    T1] Asymmetric key parser 'pkcs8' registered
[   56.722373][    T1] Key type pkcs7_test registered
[   56.724678][    T1] alg: self-tests for CTR-KDF (hmac(sha256)) passed
[   56.725537][    T1] Block layer SCSI generic (bsg) driver version 0.4 loaded (major 240)
[   56.726781][    T1] io scheduler mq-deadline registered
[   56.727399][    T1] io scheduler kyber registered
[   56.728289][    T1] io scheduler bfq registered
[   56.746260][    T1] input: Power Button as /devices/LNXSYSTM:00/LNXPWRBN:00/input/input0
[   56.750139][    T1] ACPI: button: Power Button [PWRF]
[   56.753126][  T172] kworker/u4:2 (172) used greatest stack depth: 27744 bytes left
[   56.778609][  T257] kworker/u4:2 (257) used greatest stack depth: 27584 bytes left
[   56.857417][  T567] kworker/u4:2 (567) used greatest stack depth: 27568 bytes left
[   56.891610][    T1] N_HDLC line discipline registered with maxframe=4096
[   56.892487][    T1] Serial: 8250/16550 driver, 4 ports, IRQ sharing enabled
[   56.893689][    T1] 00:04: ttyS0 at I/O 0x3f8 (irq = 4, base_baud = 115200) is a 16550A
[   56.902834][    T1] Non-volatile memory driver v1.3
[   56.903559][    T1] Linux agpgart interface v0.103
[   56.905475][    T1] ACPI: bus type drm_connector registered
[   56.907794][    T1] [drm] Initialized vgem 1.0.0 20120112 for vgem on minor 0
[   56.911581][    T1] [drm] Initialized vkms 1.0.0 20180514 for vkms on minor 1
[   56.961442][    T1] Console: switching to colour frame buffer device 128x48
[   56.979011][    T1] platform vkms: [drm] fb0: vkmsdrmfb frame buffer device
[   56.979940][    T1] usbcore: registered new interface driver udl
[   56.981057][    T1] bochs-drm 0000:00:02.0: vgaarb: deactivate vga console
[   56.983885][    T1] [drm] Found bochs VGA, ID 0xb0c5.
[   56.984480][    T1] [drm] Framebuffer size 16384 kB @ 0xfd000000, mmio @ 0xfebf0000.
[   56.986829][    T1] [drm] Found EDID data blob.
[   56.988622][    T1] [drm] Initialized bochs-drm 1.0.0 20130925 for 0000:00:02.0 on minor 2
[   56.992514][    T1] fbcon: bochs-drmdrmfb (fb1) is primary device
[   56.992525][    T1] fbcon: Remapping primary device, fb1, to tty 1-63
[   62.550755][    T1] bochs-drm 0000:00:02.0: [drm] fb1: bochs-drmdrmfb frame buffer device
[   62.557634][   T40] Floppy drive(s): fd0 is 2.88M AMI BIOS
[   62.577625][    T1] brd: module loaded
[   62.582367][   T40] FDC 0 is a S82078B
[   62.607219][    T1] loop: module loaded
[   62.648454][    T1] zram: Added device: zram0
[   62.652879][    T1] null_blk: disk nullb0 created
[   62.653435][    T1] null_blk: module loaded
[   62.654025][    T1] Guest personality initialized and is inactive
[   62.655301][    T1] VMCI host device registered (name=vmci, major=10, minor=120)
[   62.656149][    T1] Initialized host personality
[   62.656782][    T1] usbcore: registered new interface driver rtsx_usb
[   62.657746][    T1] usbcore: registered new interface driver viperboard
[   62.658615][    T1] usbcore: registered new interface driver dln2
[   62.659480][    T1] usbcore: registered new interface driver pn533_usb
[   62.662300][    T1] nfcsim 0.2 initialized
[   62.662862][    T1] usbcore: registered new interface driver port100
[   62.663647][    T1] usbcore: registered new interface driver nfcmrvl
[   62.666189][    T1] Loading iSCSI transport class v2.0-870.
[   62.669032][    T1] st: Version 20160209, fixed bufsize 32768, s/g segs 256
[   62.678182][  T960] kworker/u4:2 (960) used greatest stack depth: 27152 bytes left
[   62.683189][    T1] scsi host0: ata_piix
[   62.684841][    T1] scsi host1: ata_piix
[   62.685694][    T1] ata1: PATA max MWDMA2 cmd 0x1f0 ctl 0x3f6 bmdma 0xc000 irq 14
[   62.686557][    T1] ata2: PATA max MWDMA2 cmd 0x170 ctl 0x376 bmdma 0xc008 irq 15
[   62.690620][    T1] Rounding down aligned max_sectors from 4294967295 to 4294967288
[   62.694547][    T1] db_root: cannot open: /etc/target
[   62.695562][    T1] slram: not enough parameters.
[   62.698575][    T1] ftl_cs: FTL header not found.
[   62.711167][    T1] wireguard: WireGuard 1.0.0 loaded. See www.wireguard.com for information.
[   62.713607][    T1] wireguard: Copyright (C) 2015-2019 Jason A. Donenfeld <Jason@zx2c4.com>. All Rights Reserved.
[   62.714763][    T1] eql: Equalizer2002: Simon Janes (simon@ncm.com) and David S. Miller (davem@redhat.com)
[   62.719418][    T1] MACsec IEEE 802.1AE
[   62.725355][    T1] tun: Universal TUN/TAP device driver, 1.6
[   62.726790][    T1] vcan: Virtual CAN interface driver
[   62.727402][    T1] vxcan: Virtual CAN Tunnel driver
[   62.727979][    T1] slcan: serial line CAN interface driver
[   62.728615][    T1] CAN device driver interface
[   62.729368][    T1] usbcore: registered new interface driver usb_8dev
[   62.730261][    T1] usbcore: registered new interface driver ems_usb
[   62.731189][    T1] usbcore: registered new interface driver gs_usb
[   62.732129][    T1] usbcore: registered new interface driver kvaser_usb
[   62.733045][    T1] usbcore: registered new interface driver mcba_usb
[   62.733964][    T1] usbcore: registered new interface driver peak_usb
[   62.735014][    T1] e100: Intel(R) PRO/100 Network Driver
[   62.735636][    T1] e100: Copyright(c) 1999-2006 Intel Corporation
[   62.736514][    T1] e1000: Intel(R) PRO/1000 Network Driver
[   62.737187][    T1] e1000: Copyright (c) 1999-2006 Intel Corporation.
[   62.738119][    T1] e1000e: Intel(R) PRO/1000 Network Driver
[   62.738765][    T1] e1000e: Copyright(c) 1999 - 2015 Intel Corporation.
[   62.740186][    T1] mkiss: AX.25 Multikiss, Hans Albas PE1AYX
[   62.740847][    T1] AX.25: 6pack driver, Revision: 0.3.0
[   62.741688][    T1] AX.25: bpqether driver version 004
[   62.742312][    T1] PPP generic driver version 2.4.2
[   62.743342][    T1] PPP BSD Compression module registered
[   62.743972][    T1] PPP Deflate Compression module registered
[   62.744662][    T1] PPP MPPE Compression module registered
[   62.745290][    T1] NET: Registered PF_PPPOX protocol family
[   62.745957][    T1] PPTP driver version 0.8.5
[   62.746739][    T1] SLIP: version 0.8.4-NET3.019-NEWTTY (dynamic channels, max=256) (6 bit encapsulation enabled).
[   62.747904][    T1] CSLIP: code copyright 1989 Regents of the University of California.
[   62.748799][    T1] SLIP linefill/keepalive option.
[   62.749364][    T1] hdlc: HDLC support module revision 1.22
[   62.750003][    T1] LAPB Ethernet driver version 0.02
[   62.751086][    T1] usbcore: registered new interface driver ath9k_htc
[   62.752029][    T1] usbcore: registered new interface driver carl9170
[   62.752911][    T1] usbcore: registered new interface driver ath6kl_usb
[   62.753834][    T1] usbcore: registered new interface driver ar5523
[   62.754878][    T1] usbcore: registered new interface driver ath10k_usb
[   62.755805][    T1] usbcore: registered new interface driver rndis_wlan
[   62.756747][    T1] mac80211_hwsim: initializing netlink
[   62.769148][    T1] usbcore: registered new interface driver atusb
[   62.777642][    T1] mac802154_hwsim mac802154_hwsim: Added 2 mac802154 hwsim hardware radios
[   62.779144][    T1] VMware vmxnet3 virtual NIC driver - version 1.7.0.0-k-NAPI
[   62.780289][    T1] usbcore: registered new interface driver catc
[   62.781169][    T1] usbcore: registered new interface driver kaweth
[   62.781957][    T1] pegasus: Pegasus/Pegasus II USB Ethernet driver
[   62.782832][    T1] usbcore: registered new interface driver pegasus
[   62.783720][    T1] usbcore: registered new interface driver rtl8150
[   62.784626][    T1] usbcore: registered new interface driver r8152
[   62.785356][    T1] hso: drivers/net/usb/hso.c: Option Wireless
[   62.786230][    T1] usbcore: registered new interface driver hso
[   62.787073][    T1] usbcore: registered new interface driver lan78xx
[   62.787966][    T1] usbcore: registered new interface driver asix
[   62.788834][    T1] usbcore: registered new interface driver ax88179_178a
[   62.789768][    T1] usbcore: registered new interface driver cdc_ether
[   62.790663][    T1] usbcore: registered new interface driver cdc_eem
[   62.791543][    T1] usbcore: registered new interface driver dm9601
[   62.792510][    T1] usbcore: registered new interface driver sr9700
[   62.793437][    T1] usbcore: registered new interface driver CoreChips
[   62.794351][    T1] usbcore: registered new interface driver smsc75xx
[   62.795257][    T1] usbcore: registered new interface driver smsc95xx
[   62.796146][    T1] usbcore: registered new interface driver gl620a
[   62.797013][    T1] usbcore: registered new interface driver net1080
[   62.797899][    T1] usbcore: registered new interface driver plusb
[   62.798757][    T1] usbcore: registered new interface driver rndis_host
[   62.799683][    T1] usbcore: registered new interface driver cdc_subset
[   62.800745][    T1] usbcore: registered new interface driver zaurus
[   62.801623][    T1] usbcore: registered new interface driver MOSCHIP usb-ethernet driver
[   62.802731][    T1] usbcore: registered new interface driver int51x1
[   62.803622][    T1] usbcore: registered new interface driver cdc_phonet
[   62.804561][    T1] usbcore: registered new interface driver kalmia
[   62.805439][    T1] usbcore: registered new interface driver ipheth
[   62.806319][    T1] usbcore: registered new interface driver sierra_net
[   62.807232][    T1] usbcore: registered new interface driver cx82310_eth
[   62.808175][    T1] usbcore: registered new interface driver cdc_ncm
[   62.809050][    T1] usbcore: registered new interface driver huawei_cdc_ncm
[   62.810020][    T1] usbcore: registered new interface driver lg-vl600
[   62.810904][    T1] usbcore: registered new interface driver qmi_wwan
[   62.811825][    T1] usbcore: registered new interface driver cdc_mbim
[   62.812917][    T1] usbcore: registered new interface driver ch9200
[   62.813795][    T1] usbcore: registered new interface driver r8153_ecm
[   62.816908][    T1] VFIO - User Level meta-driver version: 0.3
[   62.820326][    T1] aoe: AoE v85 initialised.
[   62.823549][    T1] ehci_hcd: USB 2.0 'Enhanced' Host Controller (EHCI) Driver
[   62.824399][    T1] ehci-pci: EHCI PCI platform driver
[   62.825165][    T1] ehci-platform: EHCI generic platform driver
[   62.826270][    T1] ohci_hcd: USB 1.1 'Open' Host Controller (OHCI) Driver
[   62.827084][    T1] ohci-pci: OHCI PCI platform driver
[   62.828091][    T1] ohci-platform: OHCI generic platform driver
[   62.828900][    T1] uhci_hcd: USB Universal Host Controller Interface driver
[   62.830710][    T1] driver u132_hcd
[   62.831835][    T1] fotg210_hcd: FOTG210 Host Controller (EHCI) Driver
[   62.832591][    T1] Warning! fotg210_hcd should always be loaded before uhci_hcd and ohci_hcd, not after
[   62.833851][    T1] SPI driver max3421-hcd has no spi_device_id for maxim,max3421
[   62.835160][    T1] usbcore: registered new interface driver cdc_acm
[   62.835885][    T1] cdc_acm: USB Abstract Control Model driver for USB modems and ISDN adapters
[   62.837262][    T1] usbcore: registered new interface driver usblp
[   62.838112][    T1] usbcore: registered new interface driver cdc_wdm
[   62.838997][    T1] usbcore: registered new interface driver usbtmc
[   62.840036][    T1] usbcore: registered new interface driver uas
[   62.840908][    T1] usbcore: registered new interface driver usb-storage
[   62.841955][    T1] usbcore: registered new interface driver ums-alauda
[   62.842856][    T1] usbcore: registered new interface driver ums-cypress
[   62.843765][    T1] usbcore: registered new interface driver ums-datafab
[   62.844694][    T1] usbcore: registered new interface driver ums_eneub6250
[   62.845632][    T1] usbcore: registered new interface driver ums-freecom
[   62.846540][    T1] usbcore: registered new interface driver ums-isd200
[   62.847436][    T1] usbcore: registered new interface driver ums-jumpshot
[   62.848355][    T1] usbcore: registered new interface driver ums-karma
[   62.849415][    T1] usbcore: registered new interface driver ums-onetouch
[   62.850374][    T1] usbcore: registered new interface driver ums-realtek
[   62.851280][    T1] usbcore: registered new interface driver ums-sddr09
[   62.852195][    T1] usbcore: registered new interface driver ums-sddr55
[   62.853105][    T1] usbcore: registered new interface driver ums-usbat
[   62.854026][    T1] usbcore: registered new interface driver mdc800
[   62.854752][    T1] mdc800: v0.7.5 (30/10/2000):USB Driver for Mustek MDC800 Digital Camera
[   62.855848][    T1] usbcore: registered new interface driver microtekX6
[   62.856970][    T1] usbcore: registered new interface driver usbserial_generic
[   62.858328][    T1] usbserial: USB Serial support registered for generic
[   62.859262][    T1] usbcore: registered new interface driver aircable
[   62.860726][    T1] usbserial: USB Serial support registered for aircable
[   62.861666][    T1] usbcore: registered new interface driver ark3116
[   62.862092][  T990] ata2: found unknown device (class 0)
[   62.862636][    T1] usbserial: USB Serial support registered for ark3116
[   62.864100][    T1] usbcore: registered new interface driver belkin_sa
[   62.864574][  T990] ata2.00: ATAPI: QEMU DVD-ROM, 2.5+, max UDMA/100
[   62.865027][    T1] usbserial: USB Serial support registered for Belkin / Peracom / GoHubs USB Serial Adapter
[   62.867295][    T1] usbcore: registered new interface driver ch341
[   62.868312][   T40] scsi 1:0:0:0: CD-ROM            QEMU     QEMU DVD-ROM     2.5+ PQ: 0 ANSI: 5
[   62.868620][    T1] usbserial: USB Serial support registered for ch341-uart
[   62.871146][    T1] usbcore: registered new interface driver cp210x
[   62.872465][    T1] usbserial: USB Serial support registered for cp210x
[   62.873390][    T1] usbcore: registered new interface driver cyberjack
[   62.874273][    T1] usbserial: USB Serial support registered for Reiner SCT Cyberjack USB card reader
[   62.875485][    T1] usbcore: registered new interface driver cypress_m8
[   62.876375][    T1] usbserial: USB Serial support registered for DeLorme Earthmate USB
[   62.877432][    T1] usbserial: USB Serial support registered for HID->COM RS232 Adapter
[   62.878481][    T1] usbserial: USB Serial support registered for Nokia CA-42 V2 Adapter
[   62.879776][    T1] usbcore: registered new interface driver usb_debug
[   62.880675][    T1] usbserial: USB Serial support registered for debug
[   62.881609][    T1] usbserial: USB Serial support registered for xhci_dbc
[   62.882928][    T1] usbcore: registered new interface driver digi_acceleport
[   62.883882][    T1] usbserial: USB Serial support registered for Digi 2 port USB adapter
[   62.884943][    T1] usbserial: USB Serial support registered for Digi 4 port USB adapter
[   62.886021][    T1] usbcore: registered new interface driver io_edgeport
[   62.886926][    T1] usbserial: USB Serial support registered for Edgeport 2 port adapter
[   62.887978][    T1] usbserial: USB Serial support registered for Edgeport 4 port adapter
[   62.889048][    T1] usbserial: USB Serial support registered for Edgeport 8 port adapter
[   62.890118][    T1] usbserial: USB Serial support registered for EPiC device
[   62.891507][    T1] usbcore: registered new interface driver io_ti
[   62.892501][    T1] usbserial: USB Serial support registered for Edgeport TI 1 port adapter
[   62.893595][    T1] usbserial: USB Serial support registered for Edgeport TI 2 port adapter
[   62.894704][    T1] usbcore: registered new interface driver empeg
[   62.895555][    T1] usbserial: USB Serial support registered for empeg
[   62.896475][    T1] usbcore: registered new interface driver f81534a_ctrl
[   62.897408][    T1] usbcore: registered new interface driver f81232
[   62.898274][    T1] usbserial: USB Serial support registered for f81232
[   62.899169][    T1] usbserial: USB Serial support registered for f81534a
[   62.900096][    T1] usbcore: registered new interface driver f81534
[   62.900968][    T1] usbserial: USB Serial support registered for Fintek F81532/F81534
[   62.902110][    T1] usbcore: registered new interface driver ftdi_sio
[   62.902993][    T1] usbserial: USB Serial support registered for FTDI USB Serial Device
[   62.904057][    T1] usbcore: registered new interface driver garmin_gps
[   62.904951][    T1] usbserial: USB Serial support registered for Garmin GPS usb/tty
[   62.905992][    T1] usbcore: registered new interface driver ipaq
[   62.906845][    T1] usbserial: USB Serial support registered for PocketPC PDA
[   62.907802][    T1] usbcore: registered new interface driver ipw
[   62.908625][    T1] usbserial: USB Serial support registered for IPWireless converter
[   62.909681][    T1] usbcore: registered new interface driver ir_usb
[   62.910529][    T1] usbserial: USB Serial support registered for IR Dongle
[   62.911484][    T1] usbcore: registered new interface driver iuu_phoenix
[   62.912598][    T1] usbserial: USB Serial support registered for iuu_phoenix
[   62.913560][    T1] usbcore: registered new interface driver keyspan
[   62.914455][    T1] usbserial: USB Serial support registered for Keyspan - (without firmware)
[   62.915554][    T1] usbserial: USB Serial support registered for Keyspan 1 port adapter
[   62.916597][    T1] usbserial: USB Serial support registered for Keyspan 2 port adapter
[   62.917653][    T1] usbserial: USB Serial support registered for Keyspan 4 port adapter
[   62.918753][    T1] usbcore: registered new interface driver keyspan_pda
[   62.919657][    T1] usbserial: USB Serial support registered for Keyspan PDA
[   62.920590][    T1] usbserial: USB Serial support registered for Keyspan PDA - (prerenumeration)
[   62.921767][    T1] usbcore: registered new interface driver kl5kusb105
[   62.922656][    T1] usbserial: USB Serial support registered for KL5KUSB105D / PalmConnect
[   62.923734][    T1] usbcore: registered new interface driver kobil_sct
[   62.924651][    T1] usbserial: USB Serial support registered for KOBIL USB smart card terminal
[   62.925791][    T1] usbcore: registered new interface driver mct_u232
[   62.926673][    T1] usbserial: USB Serial support registered for MCT U232
[   62.927598][    T1] usbcore: registered new interface driver metro_usb
[   62.928473][    T1] usbserial: USB Serial support registered for Metrologic USB to Serial
[   62.929560][    T1] usbcore: registered new interface driver mos7720
[   62.930669][    T1] usbserial: USB Serial support registered for Moschip 2 port adapter
[   62.931759][    T1] usbcore: registered new interface driver mos7840
[   62.932624][    T1] usbserial: USB Serial support registered for Moschip 7840/7820 USB Serial Driver
[   62.933829][    T1] usbcore: registered new interface driver mxuport
[   62.934704][    T1] usbserial: USB Serial support registered for MOXA UPort
[   62.935651][    T1] usbcore: registered new interface driver navman
[   62.936502][    T1] usbserial: USB Serial support registered for navman
[   62.937437][    T1] usbcore: registered new interface driver omninet
[   62.938304][    T1] usbserial: USB Serial support registered for ZyXEL - omni.net usb
[   62.939351][    T1] usbcore: registered new interface driver opticon
[   62.940213][    T1] usbserial: USB Serial support registered for opticon
[   62.941146][    T1] usbcore: registered new interface driver option
[   62.942418][    T1] usbserial: USB Serial support registered for GSM modem (1-port)
[   62.943631][    T1] usbcore: registered new interface driver oti6858
[   62.944585][    T1] usbserial: USB Serial support registered for oti6858
[   62.945510][    T1] usbcore: registered new interface driver pl2303
[   62.946368][    T1] usbserial: USB Serial support registered for pl2303
[   62.947301][    T1] usbcore: registered new interface driver qcaux
[   62.948377][    T1] usbserial: USB Serial support registered for qcaux
[   62.949267][    T1] usbcore: registered new interface driver qcserial
[   62.950145][    T1] usbserial: USB Serial support registered for Qualcomm USB modem
[   62.951182][    T1] usbcore: registered new interface driver quatech2
[   62.952088][    T1] usbserial: USB Serial support registered for Quatech 2nd gen USB to Serial Driver
[   62.953319][    T1] usbcore: registered new interface driver safe_serial
[   62.954223][    T1] usbserial: USB Serial support registered for safe_serial
[   62.955184][    T1] usbcore: registered new interface driver sierra
[   62.956043][    T1] usbserial: USB Serial support registered for Sierra USB modem
[   62.957043][    T1] usbcore: registered new interface driver usb_serial_simple
[   62.958019][    T1] usbserial: USB Serial support registered for carelink
[   62.958954][    T1] usbserial: USB Serial support registered for zio
[   62.959971][    T1] usbserial: USB Serial support registered for funsoft
[   62.960869][    T1] usbserial: USB Serial support registered for flashloader
[   62.961862][    T1] usbserial: USB Serial support registered for google
[   62.962765][    T1] usbserial: USB Serial support registered for libtransistor
[   62.963730][    T1] usbserial: USB Serial support registered for vivopay
[   62.964658][    T1] usbserial: USB Serial support registered for moto_modem
[   62.965599][    T1] usbserial: USB Serial support registered for motorola_tetra
[   62.966750][    T1] usbserial: USB Serial support registered for nokia
[   62.967635][    T1] usbserial: USB Serial support registered for novatel_gps
[   62.968586][    T1] usbserial: USB Serial support registered for hp4x
[   62.969465][    T1] usbserial: USB Serial support registered for suunto
[   62.970404][    T1] usbserial: USB Serial support registered for siemens_mpi
[   62.971361][    T1] usbcore: registered new interface driver spcp8x5
[   62.972261][    T1] usbserial: USB Serial support registered for SPCP8x5
[   62.973185][    T1] usbcore: registered new interface driver ssu100
[   62.974048][    T1] usbserial: USB Serial support registered for Quatech SSU-100 USB to Serial Driver
[   62.975253][    T1] usbcore: registered new interface driver symbolserial
[   62.976190][    T1] usbserial: USB Serial support registered for symbol
[   62.977101][    T1] usbcore: registered new interface driver ti_usb_3410_5052
[   62.978069][    T1] usbserial: USB Serial support registered for TI USB 3410 1 port adapter
[   62.979158][    T1] usbserial: USB Serial support registered for TI USB 5052 2 port adapter
[   62.980252][    T1] usbcore: registered new interface driver upd78f0730
[   62.981173][    T1] usbserial: USB Serial support registered for upd78f0730
[   62.982262][    T1] usbcore: registered new interface driver visor
[   62.983119][    T1] usbserial: USB Serial support registered for Handspring Visor / Palm OS
[   62.984226][    T1] usbserial: USB Serial support registered for Sony Clie 5.0
[   62.985212][    T1] usbserial: USB Serial support registered for Sony Clie 3.5
[   62.986220][    T1] usbcore: registered new interface driver wishbone_serial
[   62.987188][    T1] usbserial: USB Serial support registered for wishbone_serial
[   62.988232][    T1] usbcore: registered new interface driver whiteheat
[   62.989136][    T1] usbserial: USB Serial support registered for Connect Tech - WhiteHEAT - (prerenumeration)
[   62.990448][    T1] usbserial: USB Serial support registered for Connect Tech - WhiteHEAT
[   62.991586][    T1] usbcore: registered new interface driver xr_serial
[   62.992758][    T1] usbserial: USB Serial support registered for xr_serial
[   62.993740][    T1] usbcore: registered new interface driver xsens_mt
[   62.994663][    T1] usbserial: USB Serial support registered for xsens_mt
[   62.995622][    T1] usbcore: registered new interface driver adutux
[   62.996528][    T1] usbcore: registered new interface driver appledisplay
[   62.997671][    T1] usbcore: registered new interface driver cypress_cy7c63
[   62.998658][    T1] usbcore: registered new interface driver cytherm
[   62.999569][    T1] usbcore: registered new interface driver emi26 - firmware loader
[   63.000662][    T1] usbcore: registered new interface driver emi62 - firmware loader
[   63.001577][    T1] ftdi_elan: driver ftdi-elan
[   63.002781][    T1] usbcore: registered new interface driver ftdi-elan
[   63.003688][   T40] sr 1:0:0:0: [sr0] scsi3-mmc drive: 4x/4x cd/rw xa/form2 tray
[   63.003832][    T1] usbcore: registered new interface driver idmouse
[   63.004615][   T40] cdrom: Uniform CD-ROM driver Revision: 3.20
[   63.005489][    T1] usbcore: registered new interface driver iowarrior
[   63.007095][    T1] usbcore: registered new interface driver isight_firmware
[   63.008083][    T1] usbcore: registered new interface driver usblcd
[   63.009005][    T1] usbcore: registered new interface driver ldusb
[   63.009899][    T1] usbcore: registered new interface driver legousbtower
[   63.010902][    T1] usbcore: registered new interface driver usbtest
[   63.011846][    T1] usbcore: registered new interface driver usb_ehset_test
[   63.012849][    T1] usbcore: registered new interface driver trancevibrator
[   63.013853][    T1] usbcore: registered new interface driver uss720
[   63.014597][    T1] uss720: USB Parport Cable driver for Cables using the Lucent Technologies USS720 Chip
[   63.015720][    T1] uss720: NOTE: this is a special purpose driver to allow nonstandard
[   63.016663][    T1] uss720: protocols (eg. bitbang) over USS720 usb to parallel cables
[   63.017600][    T1] uss720: If you just want to connect to a printer, use usblp instead
[   63.018719][    T1] usbcore: registered new interface driver usbsevseg
[   63.019651][    T1] usbcore: registered new interface driver yurex
[   63.021125][    T1] usbcore: registered new interface driver chaoskey
[   63.022083][    T1] usbcore: registered new interface driver sisusb
[   63.022967][    T1] usbcore: registered new interface driver lvs
[   63.023824][    T1] usbcore: registered new interface driver cxacru
[   63.024751][    T1] usbcore: registered new interface driver speedtch
[   63.025694][    T1] usbcore: registered new interface driver ueagle-atm
[   63.026470][    T1] xusbatm: malformed module parameters
[   63.028823][    T1] dummy_hcd dummy_hcd.0: USB Host+Gadget Emulator, driver 02 May 2005
[   63.029783][    T1] dummy_hcd dummy_hcd.0: Dummy host controller
[   63.031400][    T1] dummy_hcd dummy_hcd.0: new USB bus registered, assigned bus number 1
[   63.032973][    T1] usb usb1: New USB device found, idVendor=1d6b, idProduct=0002, bcdDevice= 6.00
[   63.034050][    T1] usb usb1: New USB device strings: Mfr=3, Product=2, SerialNumber=1
[   63.034976][    T1] usb usb1: Product: Dummy host controller
[   63.035634][    T1] usb usb1: Manufacturer: Linux 6.0.0-rc5-ga335366bad13-dirty dummy_hcd
[   63.036583][    T1] usb usb1: SerialNumber: dummy_hcd.0
[   63.038948][    T1] hub 1-0:1.0: USB hub found
[   63.039641][    T1] hub 1-0:1.0: 1 port detected
[   63.046079][    T1] gadgetfs: USB Gadget filesystem, version 24 Aug 2004
[   63.048169][    T1] vhci_hcd vhci_hcd.0: USB/IP Virtual Host Controller
[   63.049337][    T1] vhci_hcd vhci_hcd.0: new USB bus registered, assigned bus number 2
[   63.050412][    T1] vhci_hcd: created sysfs vhci_hcd.0
[   63.051376][    T1] usb usb2: New USB device found, idVendor=1d6b, idProduct=0002, bcdDevice= 6.00
[   63.052466][    T1] usb usb2: New USB device strings: Mfr=3, Product=2, SerialNumber=1
[   63.053397][    T1] usb usb2: Product: USB/IP Virtual Host Controller
[   63.054157][    T1] usb usb2: Manufacturer: Linux 6.0.0-rc5-ga335366bad13-dirty vhci_hcd
[   63.055101][    T1] usb usb2: SerialNumber: vhci_hcd.0
[   63.056836][    T1] hub 2-0:1.0: USB hub found
[   63.057472][    T1] hub 2-0:1.0: 8 ports detected
[   63.060894][    T1] vhci_hcd vhci_hcd.0: USB/IP Virtual Host Controller
[   63.063616][    T1] vhci_hcd vhci_hcd.0: new USB bus registered, assigned bus number 3
[   63.064685][    T1] usb usb3: We don't know the algorithms for LPM for this host, disabling LPM.
[   63.066004][    T1] usb usb3: New USB device found, idVendor=1d6b, idProduct=0003, bcdDevice= 6.00
[   63.067055][    T1] usb usb3: New USB device strings: Mfr=3, Product=2, SerialNumber=1
[   63.067987][    T1] usb usb3: Product: USB/IP Virtual Host Controller
[   63.068746][    T1] usb usb3: Manufacturer: Linux 6.0.0-rc5-ga335366bad13-dirty vhci_hcd
[   63.069699][    T1] usb usb3: SerialNumber: vhci_hcd.0
[   63.077248][    T1] hub 3-0:1.0: USB hub found
[   63.077927][    T1] hub 3-0:1.0: 8 ports detected
[   63.080563][   T40] sr 1:0:0:0: Attached scsi generic sg0 type 5
[   63.083296][    T1] vhci_hcd vhci_hcd.1: USB/IP Virtual Host Controller
[   63.085467][    T1] vhci_hcd vhci_hcd.1: new USB bus registered, assigned bus number 4
[   63.086708][    T1] usb usb4: New USB device found, idVendor=1d6b, idProduct=0002, bcdDevice= 6.00
[   63.087761][    T1] usb usb4: New USB device strings: Mfr=3, Product=2, SerialNumber=1
[   63.088683][    T1] usb usb4: Product: USB/IP Virtual Host Controller
[   63.089437][    T1] usb usb4: Manufacturer: Linux 6.0.0-rc5-ga335366bad13-dirty vhci_hcd
[   63.090385][    T1] usb usb4: SerialNumber: vhci_hcd.1
[   63.092368][    T1] hub 4-0:1.0: USB hub found
[   63.092983][    T1] hub 4-0:1.0: 8 ports detected
[   63.096347][    T1] vhci_hcd vhci_hcd.1: USB/IP Virtual Host Controller
[   63.097648][    T1] vhci_hcd vhci_hcd.1: new USB bus registered, assigned bus number 5
[   63.098715][    T1] usb usb5: We don't know the algorithms for LPM for this host, disabling LPM.
[   63.100001][    T1] usb usb5: New USB device found, idVendor=1d6b, idProduct=0003, bcdDevice= 6.00
[   63.101046][    T1] usb usb5: New USB device strings: Mfr=3, Product=2, SerialNumber=1
[   63.102207][    T1] usb usb5: Product: USB/IP Virtual Host Controller
[   63.102974][    T1] usb usb5: Manufacturer: Linux 6.0.0-rc5-ga335366bad13-dirty vhci_hcd
[   63.103927][    T1] usb usb5: SerialNumber: vhci_hcd.1
[   63.105820][    T1] hub 5-0:1.0: USB hub found
[   63.106430][    T1] hub 5-0:1.0: 8 ports detected
[   63.110612][    T1] vhci_hcd vhci_hcd.2: USB/IP Virtual Host Controller
[   63.111812][    T1] vhci_hcd vhci_hcd.2: new USB bus registered, assigned bus number 6
[   63.113055][    T1] usb usb6: New USB device found, idVendor=1d6b, idProduct=0002, bcdDevice= 6.00
[   63.114122][    T1] usb usb6: New USB device strings: Mfr=3, Product=2, SerialNumber=1
[   63.115044][    T1] usb usb6: Product: USB/IP Virtual Host Controller
[   63.115808][    T1] usb usb6: Manufacturer: Linux 6.0.0-rc5-ga335366bad13-dirty vhci_hcd
[   63.116754][    T1] usb usb6: SerialNumber: vhci_hcd.2
[   63.118450][    T1] hub 6-0:1.0: USB hub found
[   63.119057][    T1] hub 6-0:1.0: 8 ports detected
[   63.122785][    T1] vhci_hcd vhci_hcd.2: USB/IP Virtual Host Controller
[   63.123936][    T1] vhci_hcd vhci_hcd.2: new USB bus registered, assigned bus number 7
[   63.124988][    T1] usb usb7: We don't know the algorithms for LPM for this host, disabling LPM.
[   63.126274][    T1] usb usb7: New USB device found, idVendor=1d6b, idProduct=0003, bcdDevice= 6.00
[   63.127323][    T1] usb usb7: New USB device strings: Mfr=3, Product=2, SerialNumber=1
[   63.128242][    T1] usb usb7: Product: USB/IP Virtual Host Controller
[   63.128996][    T1] usb usb7: Manufacturer: Linux 6.0.0-rc5-ga335366bad13-dirty vhci_hcd
[   63.129949][    T1] usb usb7: SerialNumber: vhci_hcd.2
[   63.131839][    T1] hub 7-0:1.0: USB hub found
[   63.132439][    T1] hub 7-0:1.0: 8 ports detected
[   63.136638][    T1] vhci_hcd vhci_hcd.3: USB/IP Virtual Host Controller
[   63.137805][    T1] vhci_hcd vhci_hcd.3: new USB bus registered, assigned bus number 8
[   63.139041][    T1] usb usb8: New USB device found, idVendor=1d6b, idProduct=0002, bcdDevice= 6.00
[   63.140083][    T1] usb usb8: New USB device strings: Mfr=3, Product=2, SerialNumber=1
[   63.141013][    T1] usb usb8: Product: USB/IP Virtual Host Controller
[   63.141877][    T1] usb usb8: Manufacturer: Linux 6.0.0-rc5-ga335366bad13-dirty vhci_hcd
[   63.142819][    T1] usb usb8: SerialNumber: vhci_hcd.3
[   63.144522][    T1] hub 8-0:1.0: USB hub found
[   63.145129][    T1] hub 8-0:1.0: 8 ports detected
[   63.151953][    T1] vhci_hcd vhci_hcd.3: USB/IP Virtual Host Controller
[   63.153194][    T1] vhci_hcd vhci_hcd.3: new USB bus registered, assigned bus number 9
[   63.154266][    T1] usb usb9: We don't know the algorithms for LPM for this host, disabling LPM.
[   63.155550][    T1] usb usb9: New USB device found, idVendor=1d6b, idProduct=0003, bcdDevice= 6.00
[   63.156599][    T1] usb usb9: New USB device strings: Mfr=3, Product=2, SerialNumber=1
[   63.157540][    T1] usb usb9: Product: USB/IP Virtual Host Controller
[   63.158297][    T1] usb usb9: Manufacturer: Linux 6.0.0-rc5-ga335366bad13-dirty vhci_hcd
[   63.159240][    T1] usb usb9: SerialNumber: vhci_hcd.3
[   63.160859][    T1] hub 9-0:1.0: USB hub found
[   63.161485][    T1] hub 9-0:1.0: 8 ports detected
[   63.166344][    T1] vhci_hcd vhci_hcd.4: USB/IP Virtual Host Controller
[   63.167423][    T1] vhci_hcd vhci_hcd.4: new USB bus registered, assigned bus number 10
[   63.168693][    T1] usb usb10: New USB device found, idVendor=1d6b, idProduct=0002, bcdDevice= 6.00
[   63.169766][    T1] usb usb10: New USB device strings: Mfr=3, Product=2, SerialNumber=1
[   63.170695][    T1] usb usb10: Product: USB/IP Virtual Host Controller
[   63.171458][    T1] usb usb10: Manufacturer: Linux 6.0.0-rc5-ga335366bad13-dirty vhci_hcd
[   63.172724][    T1] usb usb10: SerialNumber: vhci_hcd.4
[   63.174274][    T1] hub 10-0:1.0: USB hub found
[   63.174888][    T1] hub 10-0:1.0: 8 ports detected
[   63.178046][    T1] vhci_hcd vhci_hcd.4: USB/IP Virtual Host Controller
[   63.179107][    T1] vhci_hcd vhci_hcd.4: new USB bus registered, assigned bus number 11
[   63.180182][    T1] usb usb11: We don't know the algorithms for LPM for this host, disabling LPM.
[   63.181498][    T1] usb usb11: New USB device found, idVendor=1d6b, idProduct=0003, bcdDevice= 6.00
[   63.182609][    T1] usb usb11: New USB device strings: Mfr=3, Product=2, SerialNumber=1
[   63.183542][    T1] usb usb11: Product: USB/IP Virtual Host Controller
[   63.184313][    T1] usb usb11: Manufacturer: Linux 6.0.0-rc5-ga335366bad13-dirty vhci_hcd
[   63.185283][    T1] usb usb11: SerialNumber: vhci_hcd.4
[   63.186795][    T1] hub 11-0:1.0: USB hub found
[   63.187406][    T1] hub 11-0:1.0: 8 ports detected
[   63.191243][    T1] vhci_hcd vhci_hcd.5: USB/IP Virtual Host Controller
[   63.192327][    T1] vhci_hcd vhci_hcd.5: new USB bus registered, assigned bus number 12
[   63.193596][    T1] usb usb12: New USB device found, idVendor=1d6b, idProduct=0002, bcdDevice= 6.00
[   63.194662][    T1] usb usb12: New USB device strings: Mfr=3, Product=2, SerialNumber=1
[   63.195612][    T1] usb usb12: Product: USB/IP Virtual Host Controller
[   63.196375][    T1] usb usb12: Manufacturer: Linux 6.0.0-rc5-ga335366bad13-dirty vhci_hcd
[   63.197347][    T1] usb usb12: SerialNumber: vhci_hcd.5
[   63.198834][    T1] hub 12-0:1.0: USB hub found
[   63.199445][    T1] hub 12-0:1.0: 8 ports detected
[   63.202984][    T1] vhci_hcd vhci_hcd.5: USB/IP Virtual Host Controller
[   63.204035][    T1] vhci_hcd vhci_hcd.5: new USB bus registered, assigned bus number 13
[   63.205121][    T1] usb usb13: We don't know the algorithms for LPM for this host, disabling LPM.
[   63.206428][    T1] usb usb13: New USB device found, idVendor=1d6b, idProduct=0003, bcdDevice= 6.00
[   63.207494][    T1] usb usb13: New USB device strings: Mfr=3, Product=2, SerialNumber=1
[   63.208436][    T1] usb usb13: Product: USB/IP Virtual Host Controller
[   63.209215][    T1] usb usb13: Manufacturer: Linux 6.0.0-rc5-ga335366bad13-dirty vhci_hcd
[   63.210169][    T1] usb usb13: SerialNumber: vhci_hcd.5
[   63.211672][    T1] hub 13-0:1.0: USB hub found
[   63.212377][    T1] hub 13-0:1.0: 8 ports detected
[   63.216267][    T1] vhci_hcd vhci_hcd.6: USB/IP Virtual Host Controller
[   63.217381][    T1] vhci_hcd vhci_hcd.6: new USB bus registered, assigned bus number 14
[   63.218635][    T1] usb usb14: New USB device found, idVendor=1d6b, idProduct=0002, bcdDevice= 6.00
[   63.219701][    T1] usb usb14: New USB device strings: Mfr=3, Product=2, SerialNumber=1
[   63.220639][    T1] usb usb14: Product: USB/IP Virtual Host Controller
[   63.221417][    T1] usb usb14: Manufacturer: Linux 6.0.0-rc5-ga335366bad13-dirty vhci_hcd
[   63.222404][    T1] usb usb14: SerialNumber: vhci_hcd.6
[   63.223926][    T1] hub 14-0:1.0: USB hub found
[   63.224541][    T1] hub 14-0:1.0: 8 ports detected
[   63.227689][    T1] vhci_hcd vhci_hcd.6: USB/IP Virtual Host Controller
[   63.228756][    T1] vhci_hcd vhci_hcd.6: new USB bus registered, assigned bus number 15
[   63.229835][    T1] usb usb15: We don't know the algorithms for LPM for this host, disabling LPM.
[   63.231130][    T1] usb usb15: New USB device found, idVendor=1d6b, idProduct=0003, bcdDevice= 6.00
[   63.232228][    T1] usb usb15: New USB device strings: Mfr=3, Product=2, SerialNumber=1
[   63.233193][    T1] usb usb15: Product: USB/IP Virtual Host Controller
[   63.233964][    T1] usb usb15: Manufacturer: Linux 6.0.0-rc5-ga335366bad13-dirty vhci_hcd
[   63.234918][    T1] usb usb15: SerialNumber: vhci_hcd.6
[   63.236436][    T1] hub 15-0:1.0: USB hub found
[   63.237048][    T1] hub 15-0:1.0: 8 ports detected
[   63.240862][    T1] vhci_hcd vhci_hcd.7: USB/IP Virtual Host Controller
[   63.241967][    T1] vhci_hcd vhci_hcd.7: new USB bus registered, assigned bus number 16
[   63.243222][    T1] usb usb16: New USB device found, idVendor=1d6b, idProduct=0002, bcdDevice= 6.00
[   63.244277][    T1] usb usb16: New USB device strings: Mfr=3, Product=2, SerialNumber=1
[   63.245239][    T1] usb usb16: Product: USB/IP Virtual Host Controller
[   63.246008][    T1] usb usb16: Manufacturer: Linux 6.0.0-rc5-ga335366bad13-dirty vhci_hcd
[   63.246973][    T1] usb usb16: SerialNumber: vhci_hcd.7
[   63.248494][    T1] hub 16-0:1.0: USB hub found
[   63.249122][    T1] hub 16-0:1.0: 8 ports detected
[   63.252257][    T1] vhci_hcd vhci_hcd.7: USB/IP Virtual Host Controller
[   63.253348][    T1] vhci_hcd vhci_hcd.7: new USB bus registered, assigned bus number 17
[   63.254427][    T1] usb usb17: We don't know the algorithms for LPM for this host, disabling LPM.
[   63.255722][    T1] usb usb17: New USB device found, idVendor=1d6b, idProduct=0003, bcdDevice= 6.00
[   63.256788][    T1] usb usb17: New USB device strings: Mfr=3, Product=2, SerialNumber=1
[   63.257743][    T1] usb usb17: Product: USB/IP Virtual Host Controller
[   63.258518][    T1] usb usb17: Manufacturer: Linux 6.0.0-rc5-ga335366bad13-dirty vhci_hcd
[   63.259472][    T1] usb usb17: SerialNumber: vhci_hcd.7
[   63.261009][    T1] hub 17-0:1.0: USB hub found
[   63.261638][    T1] hub 17-0:1.0: 8 ports detected
[   63.265506][    T1] vhci_hcd vhci_hcd.8: USB/IP Virtual Host Controller
[   63.266597][    T1] vhci_hcd vhci_hcd.8: new USB bus registered, assigned bus number 18
[   63.267864][    T1] usb usb18: New USB device found, idVendor=1d6b, idProduct=0002, bcdDevice= 6.00
[   63.268938][    T1] usb usb18: New USB device strings: Mfr=3, Product=2, SerialNumber=1
[   63.269893][    T1] usb usb18: Product: USB/IP Virtual Host Controller
[   63.270660][    T1] usb usb18: Manufacturer: Linux 6.0.0-rc5-ga335366bad13-dirty vhci_hcd
[   63.271621][    T1] usb usb18: SerialNumber: vhci_hcd.8
[   63.273446][    T1] hub 18-0:1.0: USB hub found
[   63.274068][    T1] hub 18-0:1.0: 8 ports detected
[   63.277219][    T1] vhci_hcd vhci_hcd.8: USB/IP Virtual Host Controller
[   63.278277][    T1] vhci_hcd vhci_hcd.8: new USB bus registered, assigned bus number 19
[   63.279350][    T1] usb usb19: We don't know the algorithms for LPM for this host, disabling LPM.
[   63.280646][    T1] usb usb19: New USB device found, idVendor=1d6b, idProduct=0003, bcdDevice= 6.00
[   63.281750][    T1] usb usb19: New USB device strings: Mfr=3, Product=2, SerialNumber=1
[   63.282691][    T1] usb usb19: Product: USB/IP Virtual Host Controller
[   63.283454][    T1] usb usb19: Manufacturer: Linux 6.0.0-rc5-ga335366bad13-dirty vhci_hcd
[   63.284412][    T1] usb usb19: SerialNumber: vhci_hcd.8
[   63.285965][    T1] hub 19-0:1.0: USB hub found
[   63.286579][    T1] hub 19-0:1.0: 8 ports detected
[   63.290444][    T1] vhci_hcd vhci_hcd.9: USB/IP Virtual Host Controller
[   63.291547][    T1] vhci_hcd vhci_hcd.9: new USB bus registered, assigned bus number 20
[   63.292842][    T1] usb usb20: New USB device found, idVendor=1d6b, idProduct=0002, bcdDevice= 6.00
[   63.293935][    T1] usb usb20: New USB device strings: Mfr=3, Product=2, SerialNumber=1
[   63.294871][    T1] usb usb20: Product: USB/IP Virtual Host Controller
[   63.295657][    T1] usb usb20: Manufacturer: Linux 6.0.0-rc5-ga335366bad13-dirty vhci_hcd
[   63.296616][    T1] usb usb20: SerialNumber: vhci_hcd.9
[   63.298151][    T1] hub 20-0:1.0: USB hub found
[   63.298764][    T1] hub 20-0:1.0: 8 ports detected
[   63.301954][    T1] vhci_hcd vhci_hcd.9: USB/IP Virtual Host Controller
[   63.303022][    T1] vhci_hcd vhci_hcd.9: new USB bus registered, assigned bus number 21
[   63.304092][    T1] usb usb21: We don't know the algorithms for LPM for this host, disabling LPM.
[   63.305396][    T1] usb usb21: New USB device found, idVendor=1d6b, idProduct=0003, bcdDevice= 6.00
[   63.306454][    T1] usb usb21: New USB device strings: Mfr=3, Product=2, SerialNumber=1
[   63.307389][    T1] usb usb21: Product: USB/IP Virtual Host Controller
[   63.308159][    T1] usb usb21: Manufacturer: Linux 6.0.0-rc5-ga335366bad13-dirty vhci_hcd
[   63.309123][    T1] usb usb21: SerialNumber: vhci_hcd.9
[   63.310631][    T1] hub 21-0:1.0: USB hub found
[   63.311313][    T1] hub 21-0:1.0: 8 ports detected
[   63.315183][    T1] vhci_hcd vhci_hcd.10: USB/IP Virtual Host Controller
[   63.316272][    T1] vhci_hcd vhci_hcd.10: new USB bus registered, assigned bus number 22
[   63.317548][    T1] usb usb22: New USB device found, idVendor=1d6b, idProduct=0002, bcdDevice= 6.00
[   63.318603][    T1] usb usb22: New USB device strings: Mfr=3, Product=2, SerialNumber=1
[   63.319557][    T1] usb usb22: Product: USB/IP Virtual Host Controller
[   63.320328][    T1] usb usb22: Manufacturer: Linux 6.0.0-rc5-ga335366bad13-dirty vhci_hcd
[   63.321298][    T1] usb usb22: SerialNumber: vhci_hcd.10
[   63.322942][    T1] hub 22-0:1.0: USB hub found
[   63.323559][    T1] hub 22-0:1.0: 8 ports detected
[   63.326728][    T1] vhci_hcd vhci_hcd.10: USB/IP Virtual Host Controller
[   63.327789][    T1] vhci_hcd vhci_hcd.10: new USB bus registered, assigned bus number 23
[   63.328863][    T1] usb usb23: We don't know the algorithms for LPM for this host, disabling LPM.
[   63.330174][    T1] usb usb23: New USB device found, idVendor=1d6b, idProduct=0003, bcdDevice= 6.00
[   63.331245][    T1] usb usb23: New USB device strings: Mfr=3, Product=2, SerialNumber=1
[   63.332215][    T1] usb usb23: Product: USB/IP Virtual Host Controller
[   63.332982][    T1] usb usb23: Manufacturer: Linux 6.0.0-rc5-ga335366bad13-dirty vhci_hcd
[   63.334602][    T1] usb usb23: SerialNumber: vhci_hcd.10
[   63.336132][    T1] hub 23-0:1.0: USB hub found
[   63.336750][    T1] hub 23-0:1.0: 8 ports detected
[   63.340581][    T1] vhci_hcd vhci_hcd.11: USB/IP Virtual Host Controller
[   63.341669][    T1] vhci_hcd vhci_hcd.11: new USB bus registered, assigned bus number 24
[   63.342967][    T1] usb usb24: New USB device found, idVendor=1d6b, idProduct=0002, bcdDevice= 6.00
[   63.344034][    T1] usb usb24: New USB device strings: Mfr=3, Product=2, SerialNumber=1
[   63.344968][    T1] usb usb24: Product: USB/IP Virtual Host Controller
[   63.345748][    T1] usb usb24: Manufacturer: Linux 6.0.0-rc5-ga335366bad13-dirty vhci_hcd
[   63.346710][    T1] usb usb24: SerialNumber: vhci_hcd.11
[   63.348345][    T1] hub 24-0:1.0: USB hub found
[   63.348972][    T1] hub 24-0:1.0: 8 ports detected
[   63.352241][    T1] vhci_hcd vhci_hcd.11: USB/IP Virtual Host Controller
[   63.353356][    T1] vhci_hcd vhci_hcd.11: new USB bus registered, assigned bus number 25
[   63.354440][    T1] usb usb25: We don't know the algorithms for LPM for this host, disabling LPM.
[   63.355744][    T1] usb usb25: New USB device found, idVendor=1d6b, idProduct=0003, bcdDevice= 6.00
[   63.356810][    T1] usb usb25: New USB device strings: Mfr=3, Product=2, SerialNumber=1
[   63.357767][    T1] usb usb25: Product: USB/IP Virtual Host Controller
[   63.358541][    T1] usb usb25: Manufacturer: Linux 6.0.0-rc5-ga335366bad13-dirty vhci_hcd
[   63.359496][    T1] usb usb25: SerialNumber: vhci_hcd.11
[   63.361145][    T1] hub 25-0:1.0: USB hub found
[   63.361801][    T1] hub 25-0:1.0: 8 ports detected
[   63.365635][    T1] vhci_hcd vhci_hcd.12: USB/IP Virtual Host Controller
[   63.366788][    T1] vhci_hcd vhci_hcd.12: new USB bus registered, assigned bus number 26
[   63.368055][    T1] usb usb26: New USB device found, idVendor=1d6b, idProduct=0002, bcdDevice= 6.00
[   63.369136][    T1] usb usb26: New USB device strings: Mfr=3, Product=2, SerialNumber=1
[   63.370078][    T1] usb usb26: Product: USB/IP Virtual Host Controller
[   63.370842][    T1] usb usb26: Manufacturer: Linux 6.0.0-rc5-ga335366bad13-dirty vhci_hcd
[   63.371820][    T1] usb usb26: SerialNumber: vhci_hcd.12
[   63.373518][    T1] hub 26-0:1.0: USB hub found
[   63.374137][    T1] hub 26-0:1.0: 8 ports detected
[   63.377285][    T1] vhci_hcd vhci_hcd.12: USB/IP Virtual Host Controller
[   63.378407][    T1] vhci_hcd vhci_hcd.12: new USB bus registered, assigned bus number 27
[   63.379492][    T1] usb usb27: We don't know the algorithms for LPM for this host, disabling LPM.
[   63.380786][    T1] usb usb27: New USB device found, idVendor=1d6b, idProduct=0003, bcdDevice= 6.00
[   63.381888][    T1] usb usb27: New USB device strings: Mfr=3, Product=2, SerialNumber=1
[   63.382838][    T1] usb usb27: Product: USB/IP Virtual Host Controller
[   63.383610][    T1] usb usb27: Manufacturer: Linux 6.0.0-rc5-ga335366bad13-dirty vhci_hcd
[   63.384562][    T1] usb usb27: SerialNumber: vhci_hcd.12
[   63.386236][    T1] hub 27-0:1.0: USB hub found
[   63.386855][    T1] hub 27-0:1.0: 8 ports detected
[   63.390666][    T1] vhci_hcd vhci_hcd.13: USB/IP Virtual Host Controller
[   63.391852][    T1] vhci_hcd vhci_hcd.13: new USB bus registered, assigned bus number 28
[   63.393177][    T1] usb usb28: New USB device found, idVendor=1d6b, idProduct=0002, bcdDevice= 6.00
[   63.394239][    T1] usb usb28: New USB device strings: Mfr=3, Product=2, SerialNumber=1
[   63.395176][    T1] usb usb28: Product: USB/IP Virtual Host Controller
[   63.395935][    T1] usb usb28: Manufacturer: Linux 6.0.0-rc5-ga335366bad13-dirty vhci_hcd
[   63.396878][    T1] usb usb28: SerialNumber: vhci_hcd.13
[   63.398557][    T1] hub 28-0:1.0: USB hub found
[   63.399244][    T1] hub 28-0:1.0: 8 ports detected
[   63.402486][    T1] vhci_hcd vhci_hcd.13: USB/IP Virtual Host Controller
[   63.412406][    T1] vhci_hcd vhci_hcd.13: new USB bus registered, assigned bus number 29
[   63.413526][    T1] usb usb29: We don't know the algorithms for LPM for this host, disabling LPM.
[   63.414822][    T1] usb usb29: New USB device found, idVendor=1d6b, idProduct=0003, bcdDevice= 6.00
[   63.415878][    T1] usb usb29: New USB device strings: Mfr=3, Product=2, SerialNumber=1
[   63.416819][    T1] usb usb29: Product: USB/IP Virtual Host Controller
[   63.417605][    T1] usb usb29: Manufacturer: Linux 6.0.0-rc5-ga335366bad13-dirty vhci_hcd
[   63.418561][    T1] usb usb29: SerialNumber: vhci_hcd.13
[   63.420248][    T1] hub 29-0:1.0: USB hub found
[   63.420858][    T1] hub 29-0:1.0: 8 ports detected
[   63.424769][    T1] vhci_hcd vhci_hcd.14: USB/IP Virtual Host Controller
[   63.425913][    T1] vhci_hcd vhci_hcd.14: new USB bus registered, assigned bus number 30
[   63.427176][    T1] usb usb30: New USB device found, idVendor=1d6b, idProduct=0002, bcdDevice= 6.00
[   63.428248][    T1] usb usb30: New USB device strings: Mfr=3, Product=2, SerialNumber=1
[   63.429205][    T1] usb usb30: Product: USB/IP Virtual Host Controller
[   63.429971][    T1] usb usb30: Manufacturer: Linux 6.0.0-rc5-ga335366bad13-dirty vhci_hcd
[   63.430935][    T1] usb usb30: SerialNumber: vhci_hcd.14
[   63.433752][    T1] hub 30-0:1.0: USB hub found
[   63.434359][    T1] hub 30-0:1.0: 8 ports detected
[   63.437499][    T1] vhci_hcd vhci_hcd.14: USB/IP Virtual Host Controller
[   63.438615][    T1] vhci_hcd vhci_hcd.14: new USB bus registered, assigned bus number 31
[   63.439689][    T1] usb usb31: We don't know the algorithms for LPM for this host, disabling LPM.
[   63.440990][    T1] usb usb31: New USB device found, idVendor=1d6b, idProduct=0003, bcdDevice= 6.00
[   63.442280][    T1] usb usb31: New USB device strings: Mfr=3, Product=2, SerialNumber=1
[   63.443383][    T1] usb usb31: Product: USB/IP Virtual Host Controller
[   63.444268][    T1] usb usb31: Manufacturer: Linux 6.0.0-rc5-ga335366bad13-dirty vhci_hcd
[   63.445383][    T1] usb usb31: SerialNumber: vhci_hcd.14
[   63.447503][    T1] hub 31-0:1.0: USB hub found
[   63.448237][    T1] hub 31-0:1.0: 8 ports detected
[   63.453949][    T1] vhci_hcd vhci_hcd.15: USB/IP Virtual Host Controller
[   63.455147][    T1] vhci_hcd vhci_hcd.15: new USB bus registered, assigned bus number 32
[   63.456441][    T1] usb usb32: New USB device found, idVendor=1d6b, idProduct=0002, bcdDevice= 6.00
[   63.457517][    T1] usb usb32: New USB device strings: Mfr=3, Product=2, SerialNumber=1
[   63.458447][    T1] usb usb32: Product: USB/IP Virtual Host Controller
[   63.459226][    T1] usb usb32: Manufacturer: Linux 6.0.0-rc5-ga335366bad13-dirty vhci_hcd
[   63.460180][    T1] usb usb32: SerialNumber: vhci_hcd.15
[   63.461932][    T1] hub 32-0:1.0: USB hub found
[   63.462557][    T1] hub 32-0:1.0: 8 ports detected
[   63.465928][    T1] vhci_hcd vhci_hcd.15: USB/IP Virtual Host Controller
[   63.467070][    T1] vhci_hcd vhci_hcd.15: new USB bus registered, assigned bus number 33
[   63.468144][    T1] usb usb33: We don't know the algorithms for LPM for this host, disabling LPM.
[   63.469488][    T1] usb usb33: New USB device found, idVendor=1d6b, idProduct=0003, bcdDevice= 6.00
[   63.470545][    T1] usb usb33: New USB device strings: Mfr=3, Product=2, SerialNumber=1
[   63.471484][    T1] usb usb33: Product: USB/IP Virtual Host Controller
[   63.472291][    T1] usb usb33: Manufacturer: Linux 6.0.0-rc5-ga335366bad13-dirty vhci_hcd
[   63.473251][    T1] usb usb33: SerialNumber: vhci_hcd.15
[   63.474913][    T1] hub 33-0:1.0: USB hub found
[   63.475528][    T1] hub 33-0:1.0: 8 ports detected
[   63.479534][    T1] usbcore: registered new device driver usbip-host
[   63.481424][    T1] i8042: PNP: PS/2 Controller [PNP0303:KBD,PNP0f13:MOU] at 0x60,0x64 irq 1,12
[   63.483763][    T1] serio: i8042 KBD port at 0x60,0x64 irq 1
[   63.485072][    T1] serio: i8042 AUX port at 0x60,0x64 irq 12
[   63.488675][    T1] mousedev: PS/2 mouse device common for all mice
[   63.490976][    T1] usbcore: registered new interface driver appletouch
[   63.492625][   T31] input: AT Translated Set 2 keyboard as /devices/platform/i8042/serio0/input/input1
[   63.495889][    T1] usbcore: registered new interface driver bcm5974
[   63.498536][    T1] usbcore: registered new interface driver synaptics_usb
[   63.499467][    T1] usbcore: registered new interface driver iforce
[   63.500399][    T1] usbcore: registered new interface driver xpad
[   63.501232][    T1] usbcore: registered new interface driver usb_acecad
[   63.502423][    T1] usbcore: registered new interface driver aiptek
[   63.503256][    T1] usbcore: registered new interface driver hanwang
[   63.504106][    T1] usbcore: registered new interface driver kbtab
[   63.504943][    T1] usbcore: registered new interface driver pegasus_notetaker
[   63.505936][    T1] usbcore: registered new interface driver usbtouchscreen
[   63.506872][    T1] usbcore: registered new interface driver sur40
[   63.507711][    T1] usbcore: registered new interface driver ati_remote2
[   63.508492][    T1] cm109: Keymap for Komunikate KIP1000 phone loaded
[   63.509378][    T1] usbcore: registered new interface driver cm109
[   63.510099][    T1] cm109: CM109 phone driver: 20080805 (C) Alfred E. Heggestad
[   63.511041][    T1] usbcore: registered new interface driver ims_pcu
[   63.511925][    T1] usbcore: registered new interface driver keyspan_remote
[   63.512840][    T1] usbcore: registered new interface driver powermate
[   63.514024][    T1] usbcore: registered new interface driver yealink
[   63.534926][    T1] rtc_cmos 00:05: RTC can wake from S4
[   63.538441][    T1] rtc_cmos 00:05: registered as rtc0
[   63.539063][    T1] rtc_cmos 00:05: alarms up to one day, y3k, 242 bytes nvram, hpet irqs
[   63.540234][    T1] i2c_dev: i2c /dev entries driver
[   63.541128][    T1] usbcore: registered new interface driver i2c-diolan-u2c
[   63.542185][    T1] usbcore: registered new interface driver RobotFuzz Open Source InterFace, OSIF
[   63.543363][    T1] usbcore: registered new interface driver i2c-tiny-usb
[   63.544773][    T1] usbcore: registered new interface driver igorplugusb
[   63.545679][    T1] usbcore: registered new interface driver iguanair
[   63.548809][    T1] usbcore: registered new interface driver imon
[   63.549702][    T1] usbcore: registered new interface driver mceusb
[   63.550551][    T1] usbcore: registered new interface driver redrat3
[   63.551381][    T1] usbcore: registered new interface driver streamzap
[   63.552342][    T1] usbcore: registered new interface driver ttusbir
[   63.553208][    T1] usbcore: registered new interface driver ati_remote
[   63.554156][    T1] b2c2-flexcop: B2C2 FlexcopII/II(b)/III digital TV receiver chip loaded successfully
[   63.555399][    T1] usbcore: registered new interface driver b2c2_flexcop_usb
[   63.556332][    T1] usbcore: registered new interface driver dvb_usb_vp7045
[   63.557254][    T1] usbcore: registered new interface driver dvb_usb_vp702x
[   63.558167][    T1] usbcore: registered new interface driver dvb_usb_gp8psk
[   63.559087][    T1] usbcore: registered new interface driver dvb_usb_dtt200u
[   63.560003][    T1] usbcore: registered new interface driver dvb_usb_a800
[   63.560920][    T1] usbcore: registered new interface driver dvb_usb_dibusb_mb
[   63.561950][    T1] usbcore: registered new interface driver dvb_usb_dibusb_mc
[   63.562909][    T1] usbcore: registered new interface driver dvb_usb_nova_t_usb2
[   63.563865][    T1] usbcore: registered new interface driver dvb_usb_umt_010
[   63.564793][    T1] usbcore: registered new interface driver dvb_usb_m920x
[   63.565698][    T1] usbcore: registered new interface driver dvb_usb_digitv
[   63.566645][    T1] usbcore: registered new interface driver dvb_usb_cxusb
[   63.567557][    T1] usbcore: registered new interface driver dvb_usb_ttusb2
[   63.568542][    T1] usbcore: registered new interface driver dvb_usb_dib0700
[   63.569479][    T1] usbcore: registered new interface driver opera1
[   63.570332][    T1] usbcore: registered new interface driver dvb_usb_af9005
[   63.571268][    T1] usbcore: registered new interface driver pctv452e
[   63.572931][    T1] usbcore: registered new interface driver dw2102
[   63.573805][    T1] usbcore: registered new interface driver dvb_usb_dtv5100
[   63.574731][    T1] usbcore: registered new interface driver cinergyT2
[   63.575601][    T1] usbcore: registered new interface driver dvb_usb_az6027
[   63.576507][    T1] usbcore: registered new interface driver dvb_usb_technisat_usb2
[   63.577540][    T1] usbcore: registered new interface driver dvb_usb_af9015
[   63.578483][    T1] usbcore: registered new interface driver dvb_usb_af9035
[   63.579388][    T1] usbcore: registered new interface driver dvb_usb_anysee
[   63.580294][    T1] usbcore: registered new interface driver dvb_usb_au6610
[   63.581216][    T1] usbcore: registered new interface driver dvb_usb_az6007
[   63.582157][    T1] usbcore: registered new interface driver dvb_usb_ce6230
[   63.583068][    T1] usbcore: registered new interface driver dvb_usb_ec168
[   63.583961][    T1] usbcore: registered new interface driver dvb_usb_lmedm04
[   63.584872][    T1] usbcore: registered new interface driver dvb_usb_gl861
[   63.585824][    T1] usbcore: registered new interface driver dvb_usb_mxl111sf
[   63.586789][    T1] usbcore: registered new interface driver dvb_usb_rtl28xxu
[   63.587725][    T1] usbcore: registered new interface driver dvb_usb_dvbsky
[   63.588633][    T1] usbcore: registered new interface driver zd1301
[   63.589484][    T1] usbcore: registered new interface driver s2255
[   63.590335][    T1] usbcore: registered new interface driver smsusb
[   63.591177][    T1] usbcore: registered new interface driver ttusb
[   63.592262][    T1] usbcore: registered new interface driver ttusb-dec
[   63.593179][    T1] usbcore: registered new interface driver zr364xx
[   63.594033][    T1] usbcore: registered new interface driver Abilis Systems as10x usb driver
[   63.595099][    T1] usbcore: registered new interface driver airspy
[   63.595820][    T1] gspca_main: v2.14.0 registered
[   63.596466][    T1] usbcore: registered new interface driver benq
[   63.597274][    T1] usbcore: registered new interface driver conex
[   63.598079][    T1] usbcore: registered new interface driver cpia1
[   63.598898][    T1] usbcore: registered new interface driver dtcs033
[   63.599730][    T1] usbcore: registered new interface driver etoms
[   63.600553][    T1] usbcore: registered new interface driver finepix
[   63.601386][    T1] usbcore: registered new interface driver jeilinj
[   63.602250][    T1] usbcore: registered new interface driver jl2005bcd
[   63.603128][    T1] usbcore: registered new interface driver kinect
[   63.603951][    T1] usbcore: registered new interface driver konica
[   63.604774][    T1] usbcore: registered new interface driver mars
[   63.605608][    T1] usbcore: registered new interface driver mr97310a
[   63.606477][    T1] usbcore: registered new interface driver nw80x
[   63.607331][    T1] usbcore: registered new interface driver ov519
[   63.608143][    T1] usbcore: registered new interface driver ov534
[   63.608960][    T1] usbcore: registered new interface driver ov534_9
[   63.609835][    T1] usbcore: registered new interface driver pac207
[   63.610674][    T1] usbcore: registered new interface driver gspca_pac7302
[   63.611576][    T1] usbcore: registered new interface driver pac7311
[   63.612462][    T1] usbcore: registered new interface driver se401
[   63.613295][    T1] usbcore: registered new interface driver sn9c2028
[   63.614172][    T1] usbcore: registered new interface driver gspca_sn9c20x
[   63.615078][    T1] usbcore: registered new interface driver sonixb
[   63.615934][    T1] usbcore: registered new interface driver sonixj
[   63.616771][    T1] usbcore: registered new interface driver spca500
[   63.617617][    T1] usbcore: registered new interface driver spca501
[   63.618451][    T1] usbcore: registered new interface driver spca505
[   63.619287][    T1] usbcore: registered new interface driver spca506
[   63.620126][    T1] usbcore: registered new interface driver spca508
[   63.620973][    T1] usbcore: registered new interface driver spca561
[   63.621838][    T1] usbcore: registered new interface driver spca1528
[   63.622681][    T1] usbcore: registered new interface driver sq905
[   63.623498][    T1] usbcore: registered new interface driver sq905c
[   63.624319][    T1] usbcore: registered new interface driver sq930x
[   63.625190][    T1] usbcore: registered new interface driver sunplus
[   63.626042][    T1] usbcore: registered new interface driver stk014
[   63.627123][    T1] usbcore: registered new interface driver stk1135
[   63.627962][    T1] usbcore: registered new interface driver stv0680
[   63.628799][    T1] usbcore: registered new interface driver t613
[   63.629630][    T1] usbcore: registered new interface driver gspca_topro
[   63.630532][    T1] usbcore: registered new interface driver touptek
[   63.631391][    T1] usbcore: registered new interface driver tv8532
[   63.632260][    T1] usbcore: registered new interface driver vc032x
[   63.633149][    T1] usbcore: registered new interface driver vicam
[   63.634003][    T1] usbcore: registered new interface driver xirlink-cit
[   63.634955][    T1] usbcore: registered new interface driver gspca_zc3xx
[   63.635866][    T1] usbcore: registered new interface driver ALi m5602
[   63.636768][    T1] usbcore: registered new interface driver STV06xx
[   63.637660][    T1] usbcore: registered new interface driver gspca_gl860
[   63.638569][    T1] usbcore: registered new interface driver hackrf
[   63.639427][    T1] usbcore: registered new interface driver msi2500
[   63.640326][    T1] usbcore: registered new interface driver Philips webcam
[   63.641903][    T1] usbcore: registered new interface driver uvcvideo
[   63.643446][    T1] au0828: au0828 driver loaded
[   63.644851][    T1] usbcore: registered new interface driver au0828
[   63.645947][    T1] cpia2: V4L-Driver for Vision CPiA2 based cameras v3.0.1
[   63.646891][    T1] usbcore: registered new interface driver cpia2
[   63.647778][    T1] usbcore: registered new interface driver cx231xx
[   63.648786][    T1] usbcore: registered new interface driver em28xx
[   63.649545][    T1] em28xx: Registered (Em28xx v4l2 Extension) extension
[   63.650334][    T1] em28xx: Registered (Em28xx Audio Extension) extension
[   63.651134][    T1] em28xx: Registered (Em28xx dvb Extension) extension
[   63.652157][    T1] em28xx: Registered (Em28xx Input Extension) extension
[   63.653168][    T1] usbcore: registered new interface driver go7007
[   63.654020][    T1] usbcore: registered new interface driver go7007-loader
[   63.655017][    T1] usbcore: registered new interface driver hdpvr
[   63.656368][    T1] usbcore: registered new interface driver pvrusb2
[   63.657126][    T1] pvrusb2: V4L in-tree version:Hauppauge WinTV-PVR-USB2 MPEG2 Encoder/Tuner
[   63.658116][    T1] pvrusb2: Debug mask is 31 (0x1f)
[   63.658827][    T1] usbcore: registered new interface driver stk1160
[   63.659721][    T1] usbcore: registered new interface driver tm6000
[   63.660581][    T1] usbcore: registered new interface driver usbtv
[   63.662870][    T1] dvbdev: DVB: registering new adapter (dvb_vidtv_bridge)
[   63.665863][    T1] i2c i2c-0: DVB: registering adapter 0 frontend 0 (Dummy demod for DVB-T/T2/C/S/S2)...
[   63.667165][    T1] dvbdev: dvb_create_media_entity: media entity 'Dummy demod for DVB-T/T2/C/S/S2' registered.
[   63.670754][    T1] dvbdev: dvb_create_media_entity: media entity 'dvb-demux' registered.
[   63.675283][    T1] vidtv vidtv.0: Successfully initialized vidtv!
[   63.676684][    T1] vicodec vicodec.0: Device 'stateful-encoder' registered as /dev/video0
[   63.677946][    T1] vicodec vicodec.0: Device 'stateful-decoder' registered as /dev/video1
[   63.679202][    T1] vicodec vicodec.0: Device 'stateless-decoder' registered as /dev/video2
[   63.680847][    T1] vim2m vim2m.0: Device registered as /dev/video0
[   63.688976][    T1] vivid-000: using single planar format API
[   63.695083][    T1] vivid-000: CEC adapter cec0 registered for HDMI input 0
[   63.697169][    T1] vivid-000: V4L2 capture device registered as video7
[   63.699064][    T1] vivid-000: CEC adapter cec1 registered for HDMI output 0
[   63.701100][    T1] vivid-000: V4L2 output device registered as video8
[   63.706241][    T1] vivid-000: V4L2 capture device registered as vbi0, supports raw and sliced VBI
[   63.707522][    T1] vivid-000: V4L2 output device registered as vbi1, supports raw and sliced VBI
[   63.708786][    T1] vivid-000: V4L2 capture device registered as swradio0
[   63.709806][    T1] vivid-000: V4L2 receiver device registered as radio0
[   63.710817][    T1] vivid-000: V4L2 transmitter device registered as radio1
[   63.712519][    T1] vivid-000: V4L2 metadata capture device registered as video9
[   63.713607][    T1] vivid-000: V4L2 metadata output device registered as video10
[   63.714714][    T1] vivid-000: V4L2 touch capture device registered as v4l-touch0
[   63.716285][    T1] usbcore: registered new interface driver radioshark2
[   63.717182][    T1] usbcore: registered new interface driver radioshark
[   63.718087][    T1] usbcore: registered new interface driver radio-si470x
[   63.719035][    T1] usbcore: registered new interface driver radio-usb-si4713
[   63.720014][    T1] usbcore: registered new interface driver dsbr100
[   63.720859][    T1] usbcore: registered new interface driver radio-keene
[   63.721805][    T1] usbcore: registered new interface driver radio-ma901
[   63.722702][    T1] usbcore: registered new interface driver radio-mr800
[   63.723586][    T1] usbcore: registered new interface driver radio-raremono
[   63.724930][    T1] usbcore: registered new interface driver pcwd_usb
[   63.726828][    T1] device-mapper: core: CONFIG_IMA_DISABLE_HTABLE is disabled. Duplicate IMA measurements will not be recorded in the IMA log.
[   63.728481][    T1] device-mapper: uevent: version 1.0.3
[   63.729826][    T1] device-mapper: ioctl: 4.47.0-ioctl (2022-07-28) initialised: dm-devel@redhat.com
[   63.731692][    T1] device-mapper: multipath round-robin: version 1.2.0 loaded
[   63.732773][    T1] device-mapper: multipath queue-length: version 0.2.0 loaded
[   63.733634][    T1] device-mapper: multipath service-time: version 0.3.0 loaded
[   63.734844][    T1] device-mapper: raid: Loading target version 1.15.1
[   63.736513][    T1] Bluetooth: HCI UART driver ver 2.3
[   63.737124][    T1] Bluetooth: HCI UART protocol H4 registered
[   63.737801][    T1] Bluetooth: HCI UART protocol BCSP registered
[   63.738648][    T1] Bluetooth: HCI UART protocol LL registered
[   63.739475][    T1] Bluetooth: HCI UART protocol Three-wire (H5) registered
[   63.740427][    T1] Bluetooth: HCI UART protocol QCA registered
[   63.741132][    T1] Bluetooth: HCI UART protocol AG6XX registered
[   63.742036][    T1] Bluetooth: HCI UART protocol Marvell registered
[   63.743035][    T1] usbcore: registered new interface driver bcm203x
[   63.743991][    T1] usbcore: registered new interface driver bpa10x
[   63.744944][    T1] usbcore: registered new interface driver bfusb
[   63.745922][    T1] usbcore: registered new interface driver btusb
[   63.746916][    T1] usbcore: registered new interface driver ath3k
[   63.748159][    T1] CAPI 2.0 started up with major 68 (middleware)
[   63.748881][    T1] Modular ISDN core version 1.1.29
[   63.749889][    T1] NET: Registered PF_ISDN protocol family
[   63.750540][    T1] DSP module 2.0
[   63.750945][    T1] mISDN_dsp: DSP clocks every 80 samples. This equals 1 jiffies.
[   63.759818][    T1] mISDN: Layer-1-over-IP driver Rev. 2.00
[   63.760914][    T1] 0 virtual devices registered
[   63.761739][    T1] usbcore: registered new interface driver HFC-S_USB
[   63.762510][    T1] VUB300 Driver rom wait states = 1C irqpoll timeout = 0400
[   63.763302][    T1] usbcore: registered new interface driver vub300
[   63.764957][    T1] usbcore: registered new interface driver ushc
[   63.769285][    T1] iscsi: registered transport (iser)
[   63.771315][    T1] SoftiWARP attached
[   63.773091][    T1] Driver 'memconsole' was unable to register with bus_type 'coreboot' because the bus was not initialized.
[   63.775461][    T1] Driver 'vpd' was unable to register with bus_type 'coreboot' because the bus was not initialized.
[   63.783349][    T1] hid: raw HID events driver (C) Jiri Kosina
[   64.281448][    T1] usbcore: registered new interface driver usbhid
[   64.282743][    T1] usbhid: USB HID core driver
[   64.285180][    T1] usbcore: registered new interface driver es2_ap_driver
[   64.285984][    T1] comedi: version 0.7.76 - http://www.comedi.org
[   64.291880][    T1] usbcore: registered new interface driver dt9812
[   64.292784][    T1] usbcore: registered new interface driver ni6501
[   64.293706][    T1] usbcore: registered new interface driver usbdux
[   64.294649][    T1] usbcore: registered new interface driver usbduxfast
[   64.296042][    T1] usbcore: registered new interface driver usbduxsigma
[   64.297423][    T1] usbcore: registered new interface driver vmk80xx
[   64.298585][    T1] usbcore: registered new interface driver prism2_usb
[   64.299827][    T1] usbcore: registered new interface driver r8712u
[   64.300875][    T1] greybus: registered new driver hid
[   64.481980][    T1] greybus: registered new driver gbphy
[   64.482701][    T1] gb_gbphy: registered new driver usb
[   64.483322][    T1] asus_wmi: ASUS WMI generic driver loaded
[   64.495043][   T31] input: ImExPS/2 Generic Explorer Mouse as /devices/platform/i8042/serio1/input/input3
[   64.518018][    T1] usbcore: registered new interface driver snd-usb-audio
[   64.519006][    T1] usbcore: registered new interface driver snd-ua101
[   64.519913][    T1] usbcore: registered new interface driver snd-usb-usx2y
[   64.520872][    T1] usbcore: registered new interface driver snd-usb-us122l
[   64.522483][    T1] usbcore: registered new interface driver snd-usb-caiaq
[   64.523442][    T1] usbcore: registered new interface driver snd-usb-6fire
[   64.524391][    T1] usbcore: registered new interface driver snd-usb-hiface
[   64.525321][    T1] usbcore: registered new interface driver snd-bcd2000
[   64.526478][    T1] usbcore: registered new interface driver snd_usb_pod
[   64.527381][    T1] usbcore: registered new interface driver snd_usb_podhd
[   64.528307][    T1] usbcore: registered new interface driver snd_usb_toneport
[   64.529268][    T1] usbcore: registered new interface driver snd_usb_variax
[   64.530204][    T1] drop_monitor: Initializing network drop monitor service
[   64.531199][    T1] NET: Registered PF_LLC protocol family
[   64.532055][    T1] GACT probability on
[   64.532538][    T1] Mirror/redirect action on
[   64.533180][    T1] Simple TC action Loaded
[   64.534697][    T1] netem: version 1.3
[   64.535354][    T1] u32 classifier
[   64.535766][    T1]     Performance counters on
[   64.536304][    T1]     input device check on
[   64.536817][    T1]     Actions configured
[   64.540393][    T1] xt_time: kernel timezone is -0000
[   64.541077][    T1] IPVS: Registered protocols (TCP, UDP, SCTP, AH, ESP)
[   64.542654][    T1] IPVS: Connection hash table configured (size=4096, memory=32Kbytes)
[   64.543847][    T1] IPVS: ipvs loaded.
[   64.544324][    T1] IPVS: [rr] scheduler registered.
[   64.544911][    T1] IPVS: [wrr] scheduler registered.
[   64.545514][    T1] IPVS: [lc] scheduler registered.
[   64.546101][    T1] IPVS: [wlc] scheduler registered.
[   64.546703][    T1] IPVS: [fo] scheduler registered.
[   64.547288][    T1] IPVS: [ovf] scheduler registered.
[   64.547891][    T1] IPVS: [lblc] scheduler registered.
[   64.548503][    T1] IPVS: [lblcr] scheduler registered.
[   64.549122][    T1] IPVS: [dh] scheduler registered.
[   64.549711][    T1] IPVS: [sh] scheduler registered.
[   64.550299][    T1] IPVS: [mh] scheduler registered.
[   64.550887][    T1] IPVS: [sed] scheduler registered.
[   64.551488][    T1] IPVS: [nq] scheduler registered.
[   64.552332][    T1] IPVS: [twos] scheduler registered.
[   64.553004][    T1] IPVS: [sip] pe registered.
[   64.553632][    T1] ipip: IPv4 and MPLS over IPv4 tunneling driver
[   64.555233][    T1] gre: GRE over IPv4 demultiplexor driver
[   64.555901][    T1] ip_gre: GRE over IPv4 tunneling driver
[   64.558967][    T1] IPv4 over IPsec tunneling driver
[   64.560580][    T1] ipt_CLUSTERIP: ClusterIP Version 0.8 loaded successfully
[   64.561840][    T1] Initializing XFRM netlink socket
[   64.562545][    T1] IPsec XFRM device driver
[   64.564290][    T1] NET: Registered PF_INET6 protocol family
[   64.569535][    T1] Segment Routing with IPv6
[   64.570068][    T1] RPL Segment Routing with IPv6
[   64.570678][    T1] In-situ OAM (IOAM) with IPv6
[   64.571486][    T1] mip6: Mobile IPv6
[   64.573223][    T1] sit: IPv6, IPv4 and MPLS over IPv4 tunneling driver
[   64.575882][    T1] ip6_gre: GRE over IPv6 tunneling driver
[   64.577547][    T1] NET: Registered PF_PACKET protocol family
[   64.578275][    T1] NET: Registered PF_KEY protocol family
