bash: warning: setlocale: LC_ALL: cannot change locale (en_US.UTF-8)
c[?7l[2J[0mSeaBIOS (version 1.16.2-debian-1.16.2-1)
Booting from ROM...
c[?7l[2Jearly console in extract_kernel
input_data: 0x00000000149412a3
input_len: 0x0000000005ea647f
output: 0x0000000001000000
output_len: 0x0000000012247cd8
kernel_total_size: 0x0000000019828000
needed_size: 0x0000000019a00000
trampoline_32bit: 0x0000000000000000

Decompressing Linux... Parsing ELF... done.
Booting the kernel (entry_offset: 0x000000000a1372a4).
[    0.000000][    T0] Linux version 6.17.0-rc2-g8997baeb5263-dirty (root@buildkitsandbox) (gcc (Debian 12.2.0-14+deb12u1) 12.2.0, GNU ld (GNU Binutils for Debian) 2.40) #2 SMP PREEMPT_RT Sat May 23 06:21:51 UTC 2026
[    0.000000][    T0] Command line: console=ttyS0 oops=panic panic=86400 nokaslr earlyprintk=serial rdinit=/init
[    0.000000][    T0] KERNEL supported cpus:
[    0.000000][    T0]   Intel GenuineIntel
[    0.000000][    T0]   AMD AuthenticAMD
[    0.000000][    T0] BIOS-provided physical RAM map:
[    0.000000][    T0] BIOS-e820: [mem 0x0000000000000000-0x000000000009fbff] usable
[    0.000000][    T0] BIOS-e820: [mem 0x000000000009fc00-0x000000000009ffff] reserved
[    0.000000][    T0] BIOS-e820: [mem 0x00000000000f0000-0x00000000000fffff] reserved
[    0.000000][    T0] BIOS-e820: [mem 0x0000000000100000-0x000000007ffdffff] usable
[    0.000000][    T0] BIOS-e820: [mem 0x000000007ffe0000-0x000000007fffffff] reserved
[    0.000000][    T0] BIOS-e820: [mem 0x00000000feffc000-0x00000000feffffff] reserved
[    0.000000][    T0] BIOS-e820: [mem 0x00000000fffc0000-0x00000000ffffffff] reserved
[    0.000000][    T0] printk: legacy bootconsole [earlyser0] enabled
[    0.000000][    T0] NX (Execute Disable) protection: active
[    0.000000][    T0] APIC: Static calls initialized
[    0.000000][    T0] SMBIOS 2.8 present.
[    0.000000][    T0] DMI: QEMU Standard PC (i440FX + PIIX, 1996), BIOS 1.16.2-debian-1.16.2-1 04/01/2014
[    0.000000][    T0] DMI: Memory slots populated: 1/1
[    0.000000][    T0] Hypervisor detected: KVM
[    0.000000][    T0] kvm-clock: Using msrs 4b564d01 and 4b564d00
[    0.000002][    T0] kvm-clock: using sched offset of 2122065914 cycles
[    0.000006][    T0] clocksource: kvm-clock: mask: 0xffffffffffffffff max_cycles: 0x1cd42e4dffb, max_idle_ns: 881590591483 ns
[    0.000018][    T0] tsc: Detected 2995.200 MHz processor
[    0.004552][    T0] last_pfn = 0x7ffe0 max_arch_pfn = 0x400000000
[    0.004645][    T0] MTRR map: 4 entries (3 fixed + 1 variable; max 19), built from 8 variable MTRRs
[    0.004654][    T0] x86/PAT: Configuration [0-7]: WB  WC  UC- UC  WB  WP  UC- WT  
[    0.011806][    T0] found SMP MP-table at [mem 0x000f5ba0-0x000f5baf]
[    0.011831][    T0] Using GB pages for direct mapping
[    0.013466][    T0] RAMDISK: [mem 0x7fe8f000-0x7ffdffff]
[    0.013510][    T0] ACPI: Early table checksum verification disabled
[    0.013517][    T0] ACPI: RSDP 0x00000000000F59D0 000014 (v00 BOCHS )
[    0.013528][    T0] ACPI: RSDT 0x000000007FFE1B33 000034 (v01 BOCHS  BXPC     00000001 BXPC 00000001)
[    0.013542][    T0] ACPI: FACP 0x000000007FFE19DF 000074 (v01 BOCHS  BXPC     00000001 BXPC 00000001)
[    0.013581][    T0] ACPI: DSDT 0x000000007FFE0040 00199F (v01 BOCHS  BXPC     00000001 BXPC 00000001)
[    0.013593][    T0] ACPI: FACS 0x000000007FFE0000 000040
[    0.013601][    T0] ACPI: APIC 0x000000007FFE1A53 000080 (v01 BOCHS  BXPC     00000001 BXPC 00000001)
[    0.013613][    T0] ACPI: HPET 0x000000007FFE1AD3 000038 (v01 BOCHS  BXPC     00000001 BXPC 00000001)
[    0.013625][    T0] ACPI: WAET 0x000000007FFE1B0B 000028 (v01 BOCHS  BXPC     00000001 BXPC 00000001)
[    0.013635][    T0] ACPI: Reserving FACP table memory at [mem 0x7ffe19df-0x7ffe1a52]
[    0.013640][    T0] ACPI: Reserving DSDT table memory at [mem 0x7ffe0040-0x7ffe19de]
[    0.013644][    T0] ACPI: Reserving FACS table memory at [mem 0x7ffe0000-0x7ffe003f]
[    0.013647][    T0] ACPI: Reserving APIC table memory at [mem 0x7ffe1a53-0x7ffe1ad2]
[    0.013651][    T0] ACPI: Reserving HPET table memory at [mem 0x7ffe1ad3-0x7ffe1b0a]
[    0.013655][    T0] ACPI: Reserving WAET table memory at [mem 0x7ffe1b0b-0x7ffe1b32]
[    0.014591][    T0] No NUMA configuration found
[    0.014596][    T0] Faking a node at [mem 0x0000000000000000-0x000000007ffdffff]
[    0.014606][    T0] NODE_DATA(0) allocated [mem 0x7fe893c0-0x7fe8ec7f]
[    0.075851][    T0] Zone ranges:
[    0.075873][    T0]   DMA      [mem 0x0000000000001000-0x0000000000ffffff]
[    0.075895][    T0]   DMA32    [mem 0x0000000001000000-0x000000007ffdffff]
[    0.075900][    T0]   Normal   empty
[    0.075904][    T0]   Device   empty
[    0.075907][    T0] Movable zone start for each node
[    0.075909][    T0] Early memory node ranges
[    0.075911][    T0]   node   0: [mem 0x0000000000001000-0x000000000009efff]
[    0.075933][    T0]   node   0: [mem 0x0000000000100000-0x000000007ffdffff]
[    0.075939][    T0] Initmem setup node 0 [mem 0x0000000000001000-0x000000007ffdffff]
[    0.076045][    T0] On node 0, zone DMA: 1 pages in unavailable ranges
[    0.076190][    T0] On node 0, zone DMA: 97 pages in unavailable ranges
[    0.090673][    T0] On node 0, zone DMA32: 32 pages in unavailable ranges
[    0.829883][    T0] kasan: KernelAddressSanitizer initialized
[    0.830940][    T0] ACPI: PM-Timer IO Port: 0x608
[    0.831003][    T0] ACPI: LAPIC_NMI (acpi_id[0xff] dfl dfl lint[0x1])
[    0.831233][    T0] IOAPIC[0]: apic_id 0, version 17, address 0xfec00000, GSI 0-23
[    0.831245][    T0] ACPI: INT_SRC_OVR (bus 0 bus_irq 0 global_irq 2 dfl dfl)
[    0.831266][    T0] ACPI: INT_SRC_OVR (bus 0 bus_irq 5 global_irq 5 high level)
[    0.831271][    T0] ACPI: INT_SRC_OVR (bus 0 bus_irq 9 global_irq 9 high level)
[    0.831286][    T0] ACPI: INT_SRC_OVR (bus 0 bus_irq 10 global_irq 10 high level)
[    0.831291][    T0] ACPI: INT_SRC_OVR (bus 0 bus_irq 11 global_irq 11 high level)
[    0.831305][    T0] ACPI: Using ACPI (MADT) for SMP configuration information
[    0.831308][    T0] ACPI: HPET id: 0x8086a201 base: 0xfed00000
[    0.831323][    T0] TSC deadline timer available
[    0.831332][    T0] CPU topo: Max. logical packages:   1
[    0.831335][    T0] CPU topo: Max. logical dies:       1
[    0.831337][    T0] CPU topo: Max. dies per package:   1
[    0.831344][    T0] CPU topo: Max. threads per core:   1
[    0.831346][    T0] CPU topo: Num. cores per package:     2
[    0.831350][    T0] CPU topo: Num. threads per package:   2
[    0.831353][    T0] CPU topo: Allowing 2 present CPUs plus 0 hotplug CPUs
[    0.831446][    T0] kvm-guest: APIC: eoi() replaced with kvm_guest_apic_eoi_write()
[    0.831582][    T0] kvm-guest: KVM setup pv remote TLB flush
[    0.831593][    T0] kvm-guest: setup PV sched yield
[    0.831652][    T0] PM: hibernation: Registered nosave memory: [mem 0x00000000-0x00000fff]
[    0.831660][    T0] PM: hibernation: Registered nosave memory: [mem 0x0009f000-0x000fffff]
[    0.831671][    T0] [mem 0x80000000-0xfeffbfff] available for PCI devices
[    0.831677][    T0] Booting paravirtualized kernel on KVM
[    0.831798][    T0] clocksource: refined-jiffies: mask: 0xffffffff max_cycles: 0xffffffff, max_idle_ns: 19112604462750000 ns
[    0.868168][    T0] setup_percpu: NR_CPUS:8 nr_cpumask_bits:2 nr_cpu_ids:2 nr_node_ids:1
[    0.870570][    T0] percpu: Embedded 71 pages/cpu s251464 r8192 d31160 u1048576
[    0.871335][    T0] kvm-guest: PV spinlocks enabled
[    0.871344][    T0] PV qspinlock hash table entries: 256 (order: 0, 4096 bytes, linear)
[    0.871354][    T0] Kernel command line: console=ttyS0 oops=panic panic=86400 nokaslr earlyprintk=serial rdinit=/init
[    0.872214][    T0] random: crng init done
[    0.872219][    T0] printk: log buffer data + meta data: 262144 + 917504 = 1179648 bytes
[    0.876012][    T0] Dentry cache hash table entries: 262144 (order: 9, 2097152 bytes, linear)
[    0.878172][    T0] Inode-cache hash table entries: 131072 (order: 8, 1048576 bytes, linear)
[    0.878993][    T0] Fallback order for Node 0: 0 
[    0.879005][    T0] Built 1 zonelists, mobility grouping on.  Total pages: 524158
[    0.879009][    T0] Policy zone: DMA32
[    0.882253][    T0] mem auto-init: stack:all(zero), heap alloc:on, heap free:off
[    0.882343][    T0] stackdepot: allocating hash table via alloc_large_system_hash
[    0.882367][    T0] stackdepot hash table entries: 1048576 (order: 12, 16777216 bytes, linear)
[    0.913118][    T0] stackdepot: allocating space for 8192 stack pools via memblock
[    0.990651][    T0] SLUB: HWalign=64, Order=0-3, MinObjects=0, CPUs=2, Nodes=1
[    0.999590][    T0] allocated 4194304 bytes of page_ext
[    1.001540][    T0] Dynamic Preempt: full
[    1.004666][    T0] Running RCU self tests
[    1.004678][    T0] Running RCU synchronous self tests
[    1.004681][    T0] rcu: Preemptible hierarchical RCU implementation.
[    1.004695][    T0] rcu: 	RCU lockdep checking is enabled.
[    1.004697][    T0] rcu: 	RCU restricting CPUs from NR_CPUS=8 to nr_cpu_ids=2.
[    1.004702][    T0] rcu: 	RCU callback double-/use-after-free debug is enabled.
[    1.004704][    T0] rcu: 	RCU_SOFTIRQ processing moved to rcuc kthreads.
[    1.004707][    T0] rcu: 	RCU debug extended QS entry/exit.
[    1.004709][    T0] 	No expedited grace period (rcu_normal_after_boot).
[    1.004711][    T0] 	Trampoline variant of Tasks RCU enabled.
[    1.004713][    T0] 	Tracing variant of Tasks RCU enabled.
[    1.004715][    T0] rcu: RCU calculated value of scheduler-enlistment delay is 10 jiffies.
[    1.004719][    T0] rcu: Adjusting geometry for rcu_fanout_leaf=16, nr_cpu_ids=2
[    1.004795][    T0] Running RCU synchronous self tests
[    1.004812][    T0] RCU Tasks: Setting shift to 1 and lim to 1 rcu_task_cb_adjust=1 rcu_task_cpu_ids=2.
[    1.004830][    T0] RCU Tasks Trace: Setting shift to 1 and lim to 1 rcu_task_cb_adjust=1 rcu_task_cpu_ids=2.
[    1.112997][    T0] NR_IRQS: 4352, nr_irqs: 440, preallocated irqs: 16
[    1.114153][    T0] rcu: srcu_init: Setting srcu_struct sizes based on contention.
[    1.114542][    T0] kfence: initialized - using 2097152 bytes for 255 objects at 0x(____ptrval____)-0x(____ptrval____)
[    1.129303][    T0] Console: colour VGA+ 80x25
[    1.288730][    T0] printk: legacy console [ttyS0] enabled
[    1.288739][    T0] printk: legacy bootconsole [earlyser0] disabled
[    1.289125][    T0] Lock dependency validator: Copyright (c) 2006 Red Hat, Inc., Ingo Molnar
[    1.289130][    T0] ... MAX_LOCKDEP_SUBCLASSES:  8
[    1.289133][    T0] ... MAX_LOCK_DEPTH:          48
[    1.289135][    T0] ... MAX_LOCKDEP_KEYS:        8192
[    1.289137][    T0] ... CLASSHASH_SIZE:          4096
[    1.289140][    T0] ... MAX_LOCKDEP_ENTRIES:     1048576
[    1.289142][    T0] ... MAX_LOCKDEP_CHAINS:      1048576
[    1.289145][    T0] ... CHAINHASH_SIZE:          524288
[    1.289148][    T0]  memory used by lock dependency info: 106625 kB
[    1.289151][    T0]  memory used for stack traces: 8320 kB
[    1.289153][    T0]  per task-struct memory footprint: 1920 bytes
[    1.289712][    T0] ACPI: Core revision 20250404
[    1.290654][    T0] clocksource: hpet: mask: 0xffffffff max_cycles: 0xffffffff, max_idle_ns: 19112604467 ns
[    1.290972][    T0] APIC: Switch to symmetric I/O mode setup
[    1.291441][    T0] x2apic enabled
[    1.292153][    T0] APIC: Switched APIC routing to: physical x2apic
[    1.292167][    T0] kvm-guest: APIC: send_IPI_mask() replaced with kvm_send_ipi_mask()
[    1.292233][    T0] kvm-guest: APIC: send_IPI_mask_allbutself() replaced with kvm_send_ipi_mask_allbutself()
[    1.292241][    T0] kvm-guest: setup PV IPIs
[    1.294691][    T0] ..TIMER: vector=0x30 apic1=0 pin1=2 apic2=-1 pin2=-1
[    1.294739][    T0] clocksource: tsc-early: mask: 0xffffffffffffffff max_cycles: 0x2b2c8ec87c7, max_idle_ns: 440795278598 ns
[    1.294793][    T0] Calibrating delay loop (skipped) preset value.. 5990.40 BogoMIPS (lpj=29952000)
[    1.295306][    T0] x86/cpu: User Mode Instruction Prevention (UMIP) activated
[    1.296148][    T0] Last level iTLB entries: 4KB 0, 2MB 0, 4MB 0
[    1.296152][    T0] Last level dTLB entries: 4KB 0, 2MB 0, 4MB 0, 1GB 0
[    1.296249][    T0] mitigations: Enabled attack vectors: user_kernel, user_user, guest_host, guest_guest, SMT mitigations: auto
[    1.296308][    T0] Speculative Store Bypass: Mitigation: Speculative Store Bypass disabled via prctl
[    1.296313][    T0] Spectre V2 : Mitigation: Enhanced / Automatic IBRS
[    1.296316][    T0] RETBleed: Mitigation: Enhanced IBRS
[    1.296319][    T0] ITS: Mitigation: Aligned branch/return thunks
[    1.296322][    T0] Register File Data Sampling: Vulnerable: No microcode
[    1.296325][    T0] Spectre V1 : Mitigation: usercopy/swapgs barriers and __user pointer sanitization
[    1.296328][    T0] Spectre V2 : WARNING: Unprivileged eBPF is enabled with eIBRS on, data leaks possible via Spectre v2 BHB attacks!
[    1.296337][    T0] Spectre V2 : Spectre v2 / PBRSB-eIBRS: Retire a single CALL on VMEXIT
[    1.296350][    T0] Spectre V2 : mitigation: Enabling conditional Indirect Branch Prediction Barrier
[    1.296356][    T0] active return thunk: its_return_thunk
[    1.296436][    T0] Spectre V2 : Spectre BHI mitigation: SW BHB clearing on syscall and VM exit
[    1.296556][    T0] x86/fpu: Supporting XSAVE feature 0x001: 'x87 floating point registers'
[    1.296562][    T0] x86/fpu: Supporting XSAVE feature 0x002: 'SSE registers'
[    1.296565][    T0] x86/fpu: Supporting XSAVE feature 0x004: 'AVX registers'
[    1.296569][    T0] x86/fpu: xstate_offset[2]:  576, xstate_sizes[2]:  256
[    1.296575][    T0] x86/fpu: Enabled xstate features 0x7, context size is 832 bytes, using 'compacted' format.
[    1.483498][    T0] Freeing SMP alternatives memory: 124K
[    1.483542][    T0] pid_max: default: 32768 minimum: 301
[    1.484365][    T0] LSM: initializing lsm=lockdown,capability,landlock,yama,safesetid,tomoyo,smack,bpf,ima,evm
[    1.484994][    T0] landlock: Up and running.
[    1.484997][    T0] Yama: becoming mindful.
[    1.485228][    T0] TOMOYO Linux initialized
[    1.485743][    T0] Smack:  Initializing.
[    1.485744][    T0] Smack:  Netfilter enabled.
[    1.485746][    T0] Smack:  IPv6 Netfilter enabled.
[    1.486796][    T0] LSM support for eBPF active
[    1.487655][    T0] Mount-cache hash table entries: 4096 (order: 3, 32768 bytes, linear)
[    1.487716][    T0] Mountpoint-cache hash table entries: 4096 (order: 3, 32768 bytes, linear)
[    1.491222][    T0] Running RCU synchronous self tests
[    1.491227][    T0] Running RCU synchronous self tests
[    1.492426][    T1] smpboot: CPU0: 13th Gen Intel(R) Core(TM) i9-13900H (family: 0x6, model: 0xba, stepping: 0x2)
[    1.496186][    T1] Performance Events: unsupported CPU family 6 model 186 no PMU driver, software events only.
[    1.496281][    T1] signal: max sigframe size: 1776
[    1.515087][    T1] rcu: Hierarchical SRCU implementation.
[    1.515114][    T1] rcu: 	Max phase no-delay instances is 1000.
[    1.615312][    T1] Timer migration: 1 hierarchy levels; 8 children per group; 1 crossnode level
[    1.641282][    T1] NMI watchdog: Perf NMI watchdog permanently disabled
[    1.646660][    T1] smp: Bringing up secondary CPUs ...
[    1.658531][    T1] smpboot: x86: Booting SMP configuration:
[    1.658537][    T1] .... node  #0, CPUs:      #1
[    1.659929][    T1] smp: Brought up 1 node, 2 CPUs
[    1.659929][    T1] smpboot: Total of 2 processors activated (11980.80 BogoMIPS)
[    1.669855][    T1] Memory: 1294140K/2096632K available (165085K kernel code, 40809K rwdata, 38372K rodata, 26336K init, 122596K bss, 789500K reserved, 0K cma-reserved)
[    1.670811][    T1] devtmpfs: initialized
[    1.671271][    T1] x86/mm: Memory block size: 128MB
[    1.687190][    T1] Running RCU synchronous self tests
[    1.687190][    T1] Running RCU synchronous self tests
[    1.694957][    T1] Running RCU Tasks wait API self tests
[    1.794901][    T1] Running RCU Tasks Trace wait API self tests
[    1.805136][    T1] clocksource: jiffies: mask: 0xffffffff max_cycles: 0xffffffff, max_idle_ns: 19112604462750000 ns
[    1.805438][    T1] posixtimers hash table entries: 1024 (order: 5, 139264 bytes, linear)
[    1.805540][    T1] futex hash table entries: 512 (98304 bytes on 1 NUMA nodes, total 96 KiB, linear).
[    1.816104][    T1] PM: RTC time: 06:23:03, date: 2026-05-23
[    1.837541][    T1] NET: Registered PF_NETLINK/PF_ROUTE protocol family
[    1.841192][    T1] audit: initializing netlink subsys (disabled)
[    1.841332][   T37] audit: type=2000 audit(1779517382.952:1): state=initialized audit_enabled=0 res=1
[    1.849837][    T1] thermal_sys: Registered thermal governor 'step_wise'
[    1.850009][    T1] cpuidle: using governor menu
[    1.850009][    T1] NET: Registered PF_QIPCRTR protocol family
[    1.854804][   T36] Callback from call_rcu_tasks_trace() invoked.
[    1.857239][    T1] dca service started, version 1.12.1
[    1.857528][    T1] PCI: Using configuration type 1 for base access
[    1.875155][    T1] HugeTLB: allocation took 0ms with hugepage_allocation_threads=1
[    1.875155][    T1] HugeTLB: registered 1.00 GiB page size, pre-allocated 0 pages
[    1.875155][    T1] HugeTLB: 16380 KiB vmemmap can be freed for a 1.00 GiB page
[    1.875155][    T1] HugeTLB: registered 2.00 MiB page size, pre-allocated 0 pages
[    1.875155][    T1] HugeTLB: 28 KiB vmemmap can be freed for a 2.00 MiB page
[    1.916219][    T1] raid6: skipped pq benchmark and selected avx2x4
[    1.916230][    T1] raid6: using avx2x2 recovery algorithm
[    1.917516][    T1] ACPI: Added _OSI(Module Device)
[    1.917521][    T1] ACPI: Added _OSI(Processor Device)
[    1.917524][    T1] ACPI: Added _OSI(Processor Aggregator Device)
[    1.947194][    T1] ACPI: 1 ACPI AML tables successfully acquired and loaded
[    1.968952][    T1] ACPI: Interpreter enabled
[    1.969241][    T1] ACPI: PM: (supports S0 S3 S4 S5)
[    1.969258][    T1] ACPI: Using IOAPIC for interrupt routing
[    1.969437][    T1] PCI: Using host bridge windows from ACPI; if necessary, use "pci=nocrs" and report a bug
[    1.969441][    T1] PCI: Using E820 reservations for host bridge windows
[    1.971018][    T1] ACPI: Enabled 2 GPEs in block 00 to 0F
[    2.040579][    T1] ACPI: PCI Root Bridge [PCI0] (domain 0000 [bus 00-ff])
[    2.040644][    T1] acpi PNP0A03:00: _OSC: OS supports [ASPM ClockPM Segments MSI HPX-Type3]
[    2.040651][    T1] acpi PNP0A03:00: _OSC: not requesting OS control; OS requires [ExtendedConfig ASPM ClockPM MSI]
[    2.041015][    T1] acpi PNP0A03:00: fail to add MMCONFIG information, can't access extended configuration space under this bridge
[    2.043160][    T1] PCI host bridge to bus 0000:00
[    2.043264][    T1] pci_bus 0000:00: root bus resource [io  0x0000-0x0cf7 window]
[    2.043275][    T1] pci_bus 0000:00: root bus resource [io  0x0d00-0xffff window]
[    2.043285][    T1] pci_bus 0000:00: root bus resource [mem 0x000a0000-0x000bffff window]
[    2.043295][    T1] pci_bus 0000:00: root bus resource [mem 0x80000000-0xfebfffff window]
[    2.043305][    T1] pci_bus 0000:00: root bus resource [mem 0x100000000-0x17fffffff window]
[    2.043318][    T1] pci_bus 0000:00: root bus resource [bus 00-ff]
[    2.043587][    T1] pci 0000:00:00.0: [8086:1237] type 00 class 0x060000 conventional PCI endpoint
[    2.069047][    T1] pci 0000:00:01.0: [8086:7000] type 00 class 0x060100 conventional PCI endpoint
[    2.089772][    T1] pci 0000:00:01.1: [8086:7010] type 00 class 0x010180 conventional PCI endpoint
[    2.090751][    T1] pci 0000:00:01.1: BAR 4 [io  0xc000-0xc00f]
[    2.090833][    T1] pci 0000:00:01.1: BAR 0 [io  0x01f0-0x01f7]: legacy IDE quirk
[    2.090839][    T1] pci 0000:00:01.1: BAR 1 [io  0x03f6]: legacy IDE quirk
[    2.090844][    T1] pci 0000:00:01.1: BAR 2 [io  0x0170-0x0177]: legacy IDE quirk
[    2.090849][    T1] pci 0000:00:01.1: BAR 3 [io  0x0376]: legacy IDE quirk
[    2.091907][    T1] pci 0000:00:01.3: [8086:7113] type 00 class 0x068000 conventional PCI endpoint
[    2.092669][    T1] pci 0000:00:01.3: quirk: [io  0x0600-0x063f] claimed by PIIX4 ACPI
[    2.092693][    T1] pci 0000:00:01.3: quirk: [io  0x0700-0x070f] claimed by PIIX4 SMB
[    2.093786][    T1] pci 0000:00:02.0: [1234:1111] type 00 class 0x030000 conventional PCI endpoint
[    2.096867][    T1] pci 0000:00:02.0: BAR 0 [mem 0xfd000000-0xfdffffff pref]
[    2.096955][    T1] pci 0000:00:02.0: BAR 2 [mem 0xfebf0000-0xfebf0fff]
[    2.097071][    T1] pci 0000:00:02.0: ROM [mem 0xfebe0000-0xfebeffff pref]
[    2.098866][    T1] pci 0000:00:02.0: Video device with shadowed ROM at [mem 0x000c0000-0x000dffff]
[    2.138879][    T1] ACPI: PCI: Interrupt link LNKA configured for IRQ 10
[    2.141102][    T1] ACPI: PCI: Interrupt link LNKB configured for IRQ 10
[    2.143055][    T1] ACPI: PCI: Interrupt link LNKC configured for IRQ 11
[    2.145843][    T1] ACPI: PCI: Interrupt link LNKD configured for IRQ 11
[    2.147385][    T1] ACPI: PCI: Interrupt link LNKS configured for IRQ 9
[    2.163030][    T1] iommu: Default domain type: Translated
[    2.163030][    T1] iommu: DMA domain TLB invalidation policy: lazy mode
[    2.175053][    T1] SCSI subsystem initialized
[    2.176637][    T1] ACPI: bus type USB registered
[    2.177338][    T1] usbcore: registered new interface driver usbfs
[    2.177733][    T1] usbcore: registered new interface driver hub
[    2.177881][    T1] usbcore: registered new device driver usb
[    2.179528][    T1] mc: Linux media interface: v0.10
[    2.179850][    T1] videodev: Linux video capture interface: v2.00
[    2.180730][    T1] pps_core: LinuxPPS API ver. 1 registered
[    2.180736][    T1] pps_core: Software ver. 5.3.6 - Copyright 2005-2007 Rodolfo Giometti <giometti@linux.it>
[    2.180846][    T1] PTP clock support registered
[    2.194929][    T1] EDAC MC: Ver: 3.0.0
[    2.198654][    T1] Advanced Linux Sound Architecture Driver Initialized.
[    2.215059][    T1] Bluetooth: Core ver 2.22
[    2.215059][    T1] NET: Registered PF_BLUETOOTH protocol family
[    2.215059][    T1] Bluetooth: HCI device and connection manager initialized
[    2.215059][    T1] Bluetooth: HCI socket layer initialized
[    2.215059][    T1] Bluetooth: L2CAP socket layer initialized
[    2.215059][    T1] Bluetooth: SCO socket layer initialized
[    2.225573][    T1] NET: Registered PF_ATMPVC protocol family
[    2.225587][    T1] NET: Registered PF_ATMSVC protocol family
[    2.226068][    T1] NetLabel: Initializing
[    2.226081][    T1] NetLabel:  domain hash size = 128
[    2.226083][    T1] NetLabel:  protocols = UNLABELED CIPSOv4 CALIPSO
[    2.226559][    T1] NetLabel:  unlabeled traffic allowed by default
[    2.229020][    T1] nfc: nfc_init: NFC Core ver 0.1
[    2.229374][    T1] NET: Registered PF_NFC protocol family
[    2.229512][    T1] mctp: management component transport protocol core
[    2.229537][    T1] NET: Registered PF_MCTP protocol family
[    2.229879][    T1] PCI: Using ACPI for IRQ routing
[    2.234785][    T1] pci 0000:00:02.0: vgaarb: setting as boot VGA device
[    2.234785][    T1] pci 0000:00:02.0: vgaarb: bridge control possible
[    2.234785][    T1] pci 0000:00:02.0: vgaarb: VGA device added: decodes=io+mem,owns=io+mem,locks=none
[    2.234785][    T1] vgaarb: loaded
[    2.256605][    T1] hpet0: at MMIO 0xfed00000, IRQs 2, 8, 0
[    2.256632][    T1] hpet0: 3 comparators, 64-bit 100.000000 MHz counter
[    2.264775][    T1] clocksource: Switched to clocksource kvm-clock
[    2.274487][    T1] VFS: Disk quotas dquot_6.6.0
[    2.274487][    T1] VFS: Dquot-cache hash table entries: 512 (order 0, 4096 bytes)
[    2.278469][    T1] netfs: FS-Cache loaded
[    2.279852][    T1] CacheFiles: Loaded
[    2.285607][    T1] TOMOYO: 2.6.0
[    2.285623][    T1] Mandatory Access Control activated.
[    2.286117][    T1] pnp: PnP ACPI init
[    2.299025][    T1] pnp: PnP ACPI: found 6 devices
[    2.303224][   T57] kwatchdog (57) used greatest stack depth: 29816 bytes left
[    2.349365][    T1] clocksource: acpi_pm: mask: 0xffffff max_cycles: 0xffffff, max_idle_ns: 2085701024 ns
[    2.350248][    T1] NET: Registered PF_INET protocol family
[    2.354922][    T1] IP idents hash table entries: 32768 (order: 6, 262144 bytes, linear)
[    2.359263][    T1] tcp_listen_portaddr_hash hash table entries: 1024 (order: 5, 139264 bytes, linear)
[    2.359382][    T1] Table-perturb hash table entries: 65536 (order: 6, 262144 bytes, linear)
[    2.359478][    T1] TCP established hash table entries: 16384 (order: 5, 131072 bytes, linear)
[    2.372858][    T1] TCP bind hash table entries: 16384 (order: 10, 4456448 bytes, vmalloc hugepage)
[    2.373937][    T1] TCP: Hash tables configured (established 16384 bind 16384)
[    2.377066][    T1] MPTCP token hash table entries: 2048 (order: 6, 311296 bytes, linear)
[    2.377469][    T1] UDP hash table entries: 1024 (order: 6, 458752 bytes, linear)
[    2.377756][    T1] UDP-Lite hash table entries: 1024 (order: 6, 458752 bytes, linear)
[    2.378669][    T1] NET: Registered PF_UNIX/PF_LOCAL protocol family
[    2.390543][    T1] RPC: Registered named UNIX socket transport module.
[    2.390564][    T1] RPC: Registered udp transport module.
[    2.390567][    T1] RPC: Registered tcp transport module.
[    2.390570][    T1] RPC: Registered tcp-with-tls transport module.
[    2.390573][    T1] RPC: Registered tcp NFSv4.1 backchannel transport module.
[    2.400690][    T1] NET: Registered PF_XDP protocol family
[    2.400803][    T1] pci_bus 0000:00: resource 4 [io  0x0000-0x0cf7 window]
[    2.400812][    T1] pci_bus 0000:00: resource 5 [io  0x0d00-0xffff window]
[    2.400818][    T1] pci_bus 0000:00: resource 6 [mem 0x000a0000-0x000bffff window]
[    2.400824][    T1] pci_bus 0000:00: resource 7 [mem 0x80000000-0xfebfffff window]
[    2.400830][    T1] pci_bus 0000:00: resource 8 [mem 0x100000000-0x17fffffff window]
[    2.401392][    T1] pci 0000:00:01.0: PIIX3: Enabling Passive Release
[    2.401439][    T1] pci 0000:00:00.0: Limiting direct PCI/PCI transfers
[    2.401589][    T1] PCI: CLS 0 bytes, default 64
[    2.404998][   T46] Trying to unpack rootfs image as initramfs...
[    2.411142][    T1] ACPI: bus type thunderbolt registered
[    2.412691][    T1] RAPL PMU: API unit is 2^-32 Joules, 0 fixed counters, 10737418240 ms ovfl timer
[    2.413006][    T1] kvm: RT requires X86_FEATURE_CONSTANT_TSC
[    2.413023][    T1] kvm_amd: CPU 1 isn't AMD or Hygon
[    2.413050][    T1] clocksource: tsc: mask: 0xffffffffffffffff max_cycles: 0x2b2c8ec87c7, max_idle_ns: 440795278598 ns
[    2.522980][   T46] Freeing initrd memory: 1348K
[    2.523722][   T79] kworker/u8:3 (79) used greatest stack depth: 28840 bytes left
[    4.892489][   T87] kworker/u8:1 (87) used greatest stack depth: 27400 bytes left
[    4.894419][    T1] Initialise system trusted keyrings
[    4.895409][    T1] workingset: timestamp_bits=40 max_order=19 bucket_order=0
[    4.899250][    T1] DLM installed
[    4.900746][    T1] squashfs: version 4.0 (2009/01/31) Phillip Lougher
[    4.906483][    T1] NFS: Registering the id_resolver key type
[    4.906568][    T1] Key type id_resolver registered
[    4.906577][    T1] Key type id_legacy registered
[    4.906673][    T1] nfs4filelayout_init: NFSv4 File Layout Driver Registering...
[    4.906773][    T1] nfs4flexfilelayout_init: NFSv4 Flexfile Layout Driver Registering...
[    4.914543][    T1] Key type cifs.spnego registered
[    4.914738][    T1] Key type cifs.idmap registered
[    4.915489][    T1] ntfs3: Enabled Linux POSIX ACLs support
[    4.915502][    T1] ntfs3: Read-only LZX/Xpress compression included
[    4.915638][    T1] efs: 1.0a - http://aeschi.ch.eu.org/efs/
[    4.915670][    T1] jffs2: version 2.2. (NAND) (SUMMARY)  © 2001-2006 Red Hat, Inc.
[    4.916397][    T1] romfs: ROMFS MTD (C) 2007 Red Hat, Inc.
[    4.916458][    T1] QNX4 filesystem 0.2.3 registered.
[    4.916502][    T1] qnx6: QNX6 filesystem 1.0.0 registered.
[    4.917339][    T1] fuse: init (API version 7.44)
[    4.919385][    T1] orangefs_debugfs_init: called with debug mask: :none: :0:
[    4.920001][    T1] orangefs_init: module version upstream loaded
[    4.920324][    T1] JFS: nTxBlock = 8192, nTxLock = 65536
[    4.932140][    T1] SGI XFS with ACLs, security attributes, realtime, quota, no debug enabled
[    4.933958][    T1] 9p: Installing v9fs 9p2000 file system support
[    4.934212][    T1] NILFS version 2 loaded
[    4.934214][    T1] befs: version: 0.9.3
[    4.934591][    T1] ocfs2: Registered cluster interface o2cb
[    4.935486][    T1] ocfs2: Registered cluster interface user
[    4.935937][    T1] OCFS2 User DLM kernel interface loaded
[    4.945114][    T1] gfs2: GFS2 installed
[    4.950973][    T1] ceph: loaded (mds proto 32)
[    4.966432][    T1] cryptd: max_cpu_qlen set to 1000
[    4.978706][    T1] NET: Registered PF_ALG protocol family
[    4.978942][    T1] xor: automatically using best checksumming function   avx       
[    4.979045][    T1] async_tx: api initialized (async)
[    4.979068][    T1] Key type asymmetric registered
[    4.979106][    T1] Asymmetric key parser 'x509' registered
[    4.979116][    T1] Asymmetric key parser 'pkcs8' registered
[    4.979124][    T1] Key type pkcs7_test registered
[    4.979983][    T1] Block layer SCSI generic (bsg) driver version 0.4 loaded (major 238)
[    4.982139][    T1] io scheduler mq-deadline registered
[    4.982153][    T1] io scheduler kyber registered
[    4.982446][    T1] io scheduler bfq registered
[    4.989640][    T1] input: Power Button as /devices/LNXSYSTM:00/LNXPWRBN:00/input/input0
[    5.021385][    T1] ACPI: button: Power Button [PWRF]
[    5.027512][    T1] ioatdma: Intel(R) QuickData Technology Driver 5.00
[    5.279385][    T1] N_HDLC line discipline registered with maxframe=4096
[    5.279522][    T1] Serial: 8250/16550 driver, 4 ports, IRQ sharing enabled
[    5.285257][    T1] 00:04: ttyS0 at I/O 0x3f8 (irq = 4, base_baud = 115200) is a 16550A
[    5.306498][    T1] Non-volatile memory driver v1.3
[    5.306734][    T1] Linux agpgart interface v0.103
[    5.309148][    T1] usbcore: registered new interface driver xillyusb
[    5.317856][    T1] ACPI: bus type drm_connector registered
[    5.320702][    T1] [drm] Initialized vgem 1.0.0 for vgem on minor 0
[    5.325480][    T1] [drm] Initialized vkms 1.0.0 for vkms on minor 1
[    5.394617][    T1] Console: switching to colour frame buffer device 128x48
[    5.410152][    T1] faux_driver vkms: [drm] fb0: vkmsdrmfb frame buffer device
[    5.410928][    T1] usbcore: registered new interface driver udl
[    5.413096][    T1] bochs-drm 0000:00:02.0: vgaarb: deactivate vga console
[    5.422216][    T1] [drm] Found bochs VGA, ID 0xb0c5.
[    5.422223][    T1] [drm] Framebuffer size 16384 kB @ 0xfd000000, mmio @ 0xfebf0000.
[    5.422326][   T35] Callback from call_rcu_tasks() invoked.
[    5.425089][    T1] [drm] Initialized bochs-drm 1.0.0 for 0000:00:02.0 on minor 2
[    5.454924][    T1] fbcon: bochs-drmdrmfb (fb1) is primary device
[    5.454940][    T1] fbcon: Remapping primary device, fb1, to tty 1-63
[    5.978214][    T1] bochs-drm 0000:00:02.0: [drm] fb1: bochs-drmdrmfb frame buffer device
[    5.983845][    T1] usbcore: registered new interface driver gm12u320
[    5.984028][    T1] usbcore: registered new interface driver gud
[    6.030706][    T1] brd: module loaded
[    6.034764][    T1] 
[    6.034780][    T1] ======================================================
[    6.034794][    T1] WARNING: possible circular locking dependency detected
[    6.034807][    T1] 6.17.0-rc2-g8997baeb5263-dirty #2 Not tainted
[    6.034811][    T1] ------------------------------------------------------
[    6.034813][    T1] swapper/0/1 is trying to acquire lock:
[    6.034815][    T1] ffffffff8dad3270 (cpu_hotplug_lock){++++}-{0:0}, at: static_key_slow_inc+0x12/0x30
[    6.034970][    T1] 
[    6.034970][    T1] but task is already holding lock:
[    6.034971][    T1] ffff88802263ab68 (&q->q_usage_counter(io)#17){++++}-{0:0}, at: blk_mq_freeze_queue_nomemsave+0x15/0x20
[    6.035051][    T1] 
[    6.035051][    T1] which lock already depends on the new lock.
[    6.035051][    T1] 
[    6.035052][    T1] 
[    6.035052][    T1] the existing dependency chain (in reverse order) is:
[    6.035054][    T1] 
[    6.035054][    T1] -> #2 (&q->q_usage_counter(io)#17){++++}-{0:0}:
[    6.035063][    T1]        blk_alloc_queue+0x663/0x7a0
[    6.035080][    T1]        blk_mq_alloc_queue+0x172/0x280
[    6.035085][    T1]        __blk_mq_alloc_disk+0x29/0x120
[    6.035090][    T1]        loop_add+0x490/0xb80
[    6.035160][    T1]        loop_init+0x164/0x270
[    6.035244][    T1]        do_one_initcall+0x120/0x6e0
[    6.035300][    T1]        kernel_init_freeable+0x5c2/0x910
[    6.035364][    T1]        kernel_init+0x1c/0x2b0
[    6.035435][    T1]        ret_from_fork+0x5d4/0x6f0
[    6.035470][    T1]        ret_from_fork_asm+0x1a/0x30
[    6.035474][    T1] 
[    6.035474][    T1] -> #1 (fs_reclaim){+.+.}-{0:0}:
[    6.035482][    T1]        fs_reclaim_acquire+0x102/0x150
[    6.035514][    T1]        __kmalloc_cache_node_noprof+0x4c/0x370
[    6.035525][    T1]        create_worker+0x10f/0x7e0
[    6.035579][    T1]        workqueue_prepare_cpu+0xb5/0x160
[    6.035587][    T1]        cpuhp_invoke_callback+0x3d5/0xa10
[    6.035614][    T1]        __cpuhp_invoke_callback_range+0x101/0x210
[    6.035622][    T1]        _cpu_up+0x3f5/0x930
[    6.035628][    T1]        cpu_up+0x1dc/0x240
[    6.035635][    T1]        cpuhp_bringup_mask+0xd8/0x210
[    6.035652][    T1]        bringup_nonboot_cpus+0x176/0x1c0
[    6.035657][    T1]        smp_init+0x34/0x160
[    6.035673][    T1]        kernel_init_freeable+0x3a8/0x910
[    6.035680][    T1]        kernel_init+0x1c/0x2b0
[    6.035685][    T1]        ret_from_fork+0x5d4/0x6f0
[    6.035691][    T1]        ret_from_fork_asm+0x1a/0x30
[    6.035695][    T1] 
[    6.035695][    T1] -> #0 (cpu_hotplug_lock){++++}-{0:0}:
[    6.035703][    T1]        __lock_acquire+0x126f/0x1c90
[    6.035728][    T1]        lock_acquire+0x179/0x350
[    6.035734][    T1]        cpus_read_lock+0x42/0x160
[    6.035746][    T1]        static_key_slow_inc+0x12/0x30
[    6.035751][    T1]        rq_qos_add+0x2f8/0x4b0
[    6.035785][    T1]        wbt_init+0x3b2/0x550
[    6.035800][    T1]        wbt_enable_default+0x26b/0x2d0
[    6.035807][    T1]        blk_register_queue+0x39e/0x4e0
[    6.035813][    T1]        __add_disk+0x74a/0xf00
[    6.035822][    T1]        add_disk_fwnode+0x13f/0x5d0
[    6.035827][    T1]        loop_add+0x91e/0xb80
[    6.035833][    T1]        loop_init+0x164/0x270
[    6.035839][    T1]        do_one_initcall+0x120/0x6e0
[    6.035845][    T1]        kernel_init_freeable+0x5c2/0x910
[    6.035852][    T1]        kernel_init+0x1c/0x2b0
[    6.035857][    T1]        ret_from_fork+0x5d4/0x6f0
[    6.035862][    T1]        ret_from_fork_asm+0x1a/0x30
[    6.035867][    T1] 
[    6.035867][    T1] other info that might help us debug this:
[    6.035867][    T1] 
[    6.035868][    T1] Chain exists of:
[    6.035868][    T1]   cpu_hotplug_lock --> fs_reclaim --> &q->q_usage_counter(io)#17
[    6.035868][    T1] 
[    6.035878][    T1]  Possible unsafe locking scenario:
[    6.035878][    T1] 
[    6.035879][    T1]        CPU0                    CPU1
[    6.035881][    T1]        ----                    ----
[    6.035882][    T1]   lock(&q->q_usage_counter(io)#17);
[    6.035887][    T1]                                lock(fs_reclaim);
[    6.035891][    T1]                                lock(&q->q_usage_counter(io)#17);
[    6.035896][    T1]   rlock(cpu_hotplug_lock);
[    6.035900][    T1] 
[    6.035900][    T1]  *** DEADLOCK ***
[    6.035900][    T1] 
[    6.035901][    T1] 5 locks held by swapper/0/1:
[    6.035904][    T1]  #0: ffff88801c77a3c8 (&set->update_nr_hwq_lock){.+.+}-{4:4}, at: add_disk_fwnode+0x12e/0x5d0
[    6.035917][    T1]  #1: ffff88802263b178 (&q->sysfs_lock){+.+.}-{4:4}, at: blk_register_queue+0x10c/0x4e0
[    6.035930][    T1]  #2: ffff88802263ada0 (&q->rq_qos_mutex){+.+.}-{4:4}, at: wbt_init+0x39c/0x550
[    6.035944][    T1]  #3: ffff88802263ab68 (&q->q_usage_counter(io)#17){++++}-{0:0}, at: blk_mq_freeze_queue_nomemsave+0x15/0x20
[    6.035960][    T1]  #4: ffff88802263aba0 (&q->q_usage_counter(queue)){+.+.}-{0:0}, at: blk_mq_freeze_queue_nomemsave+0x15/0x20
[    6.035975][    T1] 
[    6.035975][    T1] stack backtrace:
[    6.035996][    T1] CPU: 0 UID: 0 PID: 1 Comm: swapper/0 Not tainted 6.17.0-rc2-g8997baeb5263-dirty #2 PREEMPT_{RT,(full)} 
[    6.036003][    T1] Hardware name: QEMU Standard PC (i440FX + PIIX, 1996), BIOS 1.16.2-debian-1.16.2-1 04/01/2014
[    6.036013][    T1] Call Trace:
[    6.036037][    T1]  <TASK>
[    6.036049][    T1]  dump_stack_lvl+0x116/0x1f0
[    6.036094][    T1]  print_circular_bug+0x275/0x350
[    6.036100][    T1]  check_noncircular+0x14c/0x170
[    6.036108][    T1]  __lock_acquire+0x126f/0x1c90
[    6.036115][    T1]  lock_acquire+0x179/0x350
[    6.036121][    T1]  ? static_key_slow_inc+0x12/0x30
[    6.036127][    T1]  ? __pfx___might_resched+0x10/0x10
[    6.036139][    T1]  cpus_read_lock+0x42/0x160
[    6.036146][    T1]  ? static_key_slow_inc+0x12/0x30
[    6.036151][    T1]  static_key_slow_inc+0x12/0x30
[    6.036157][    T1]  rq_qos_add+0x2f8/0x4b0
[    6.036167][    T1]  wbt_init+0x3b2/0x550
[    6.036174][    T1]  wbt_enable_default+0x26b/0x2d0
[    6.036181][    T1]  blk_register_queue+0x39e/0x4e0
[    6.036188][    T1]  __add_disk+0x74a/0xf00
[    6.036194][    T1]  add_disk_fwnode+0x13f/0x5d0
[    6.036200][    T1]  loop_add+0x91e/0xb80
[    6.036206][    T1]  ? __pfx_loop_add+0x10/0x10
[    6.036215][    T1]  ? __register_blkdev+0x321/0x4b0
[    6.036222][    T1]  ? __pfx_loop_init+0x10/0x10
[    6.036229][    T1]  loop_init+0x164/0x270
[    6.036235][    T1]  do_one_initcall+0x120/0x6e0
[    6.036248][    T1]  ? __pfx_do_one_initcall+0x10/0x10
[    6.036256][    T1]  ? trace_kmalloc+0x2b/0xd0
[    6.036269][    T1]  ? __kmalloc_noprof+0x214/0x450
[    6.036275][    T1]  kernel_init_freeable+0x5c2/0x910
[    6.036283][    T1]  ? __pfx_kernel_init+0x10/0x10
[    6.036288][    T1]  kernel_init+0x1c/0x2b0
[    6.036293][    T1]  ? __pfx_kernel_init+0x10/0x10
[    6.036298][    T1]  ret_from_fork+0x5d4/0x6f0
[    6.036304][    T1]  ? __pfx_kernel_init+0x10/0x10
[    6.036309][    T1]  ret_from_fork_asm+0x1a/0x30
[    6.036315][    T1]  </TASK>
[    6.086109][    T1] loop: module loaded
[    6.256381][    T1] zram: Added device: zram0
[    6.262095][    T1] null_blk: disk nullb0 created
[    6.262108][    T1] null_blk: module loaded
[    6.263506][    T1] Guest personality initialized and is inactive
[    6.265373][    T1] VMCI host device registered (name=vmci, major=10, minor=265)
[    6.265390][    T1] Initialized host personality
[    6.265575][    T1] usbcore: registered new interface driver rtsx_usb
[    6.267501][    T1] usbcore: registered new interface driver viperboard
[    6.268243][    T1] usbcore: registered new interface driver dln2
[    6.269418][    T1] usbcore: registered new interface driver pn533_usb
[    6.272468][    T1] nfcsim 0.2 initialized
[    6.272755][    T1] usbcore: registered new interface driver port100
[    6.273003][    T1] usbcore: registered new interface driver nfcmrvl
[    6.275136][    T1] Loading iSCSI transport class v2.0-870.
[    6.293536][    T1] st: Version 20160209, fixed bufsize 32768, s/g segs 256
[    6.319001][    T1] scsi host0: ata_piix
[    6.320354][    T1] scsi host1: ata_piix
[    6.323739][    T1] ata1: PATA max MWDMA2 cmd 0x1f0 ctl 0x3f6 bmdma 0xc000 irq 14 lpm-pol 0
[    6.323758][    T1] ata2: PATA max MWDMA2 cmd 0x170 ctl 0x376 bmdma 0xc008 irq 15 lpm-pol 0
[    6.326778][    T1] Rounding down aligned max_sectors from 4294967295 to 4294967288
[    6.327227][    T1] db_root: cannot open: /etc/target
[    6.327798][    T1] slram: not enough parameters.
[    6.329613][    T1] ftl_cs: FTL header not found.
[    6.398069][    T1] wireguard: WireGuard 1.0.0 loaded. See www.wireguard.com for information.
[    6.398089][    T1] wireguard: Copyright (C) 2015-2019 Jason A. Donenfeld <Jason@zx2c4.com>. All Rights Reserved.
[    6.398092][    T1] eql: Equalizer2002: Simon Janes (simon@ncm.com) and David S. Miller (davem@redhat.com)
[    6.408391][    T1] MACsec IEEE 802.1AE
[    6.415907][    T1] usbcore: registered new interface driver mvusb_mdio
[    6.416484][    T1] tun: Universal TUN/TAP device driver, 1.6
[    6.420081][    T1] vcan: Virtual CAN interface driver
[    6.420115][    T1] vxcan: Virtual CAN Tunnel driver
[    6.420131][    T1] slcan: serial line CAN interface driver
[    6.420163][    T1] CAN device driver interface
[    6.420411][    T1] usbcore: registered new interface driver usb_8dev
[    6.420512][    T1] usbcore: registered new interface driver ems_usb
[    6.425750][    T1] usbcore: registered new interface driver esd_usb
[    6.426596][    T1] usbcore: registered new interface driver etas_es58x
[    6.427308][    T1] usbcore: registered new interface driver f81604
[    6.427671][    T1] usbcore: registered new interface driver gs_usb
[    6.427777][    T1] usbcore: registered new interface driver kvaser_usb
[    6.427889][    T1] usbcore: registered new interface driver mcba_usb
[    6.428079][    T1] usbcore: registered new interface driver peak_usb
[    6.428226][    T1] usbcore: registered new interface driver ucan
[    6.429406][    T1] e100: Intel(R) PRO/100 Network Driver
[    6.429426][    T1] e100: Copyright(c) 1999-2006 Intel Corporation
[    6.429796][    T1] e1000: Intel(R) PRO/1000 Network Driver
[    6.429805][    T1] e1000: Copyright (c) 1999-2006 Intel Corporation.
[    6.430047][    T1] e1000e: Intel(R) PRO/1000 Network Driver
[    6.430058][    T1] e1000e: Copyright(c) 1999 - 2015 Intel Corporation.
[    6.441504][    T1] mkiss: AX.25 Multikiss, Hans Albas PE1AYX
[    6.441640][    T1] AX.25: bpqether driver version 004
[    6.441642][    T1] PPP generic driver version 2.4.2
[    6.442736][    T1] PPP BSD Compression module registered
[    6.442777][    T1] PPP Deflate Compression module registered
[    6.442827][    T1] PPP MPPE Compression module registered
[    6.442845][    T1] NET: Registered PF_PPPOX protocol family
[    6.442924][    T1] PPTP driver version 0.8.5
[    6.445066][    T1] SLIP: version 0.8.4-NET3.019-NEWTTY (dynamic channels, max=256) (6 bit encapsulation enabled).
[    6.445078][    T1] CSLIP: code copyright 1989 Regents of the University of California.
[    6.445080][    T1] SLIP linefill/keepalive option.
[    6.445106][    T1] hdlc: HDLC support module revision 1.22
[    6.445159][    T1] LAPB Ethernet driver version 0.02
[    6.446398][    T1] usbcore: registered new interface driver ath9k_htc
[    6.446643][    T1] usbcore: registered new interface driver carl9170
[    6.446914][    T1] usbcore: registered new interface driver ath6kl_usb
[    6.447118][    T1] usbcore: registered new interface driver ar5523
[    6.447683][    T1] usbcore: registered new interface driver ath10k_usb
[    6.447979][    T1] usbcore: registered new interface driver plfxlc
[    6.448218][    T1] mac80211_hwsim: initializing netlink
[    6.453514][    T1] ieee80211 phy0: Selected rate control algorithm 'minstrel_ht'
[    6.465265][    T1] ieee80211 phy1: Selected rate control algorithm 'minstrel_ht'
[    6.477968][    T1] usbcore: registered new interface driver atusb
[    6.484768][    T1] mac802154_hwsim mac802154_hwsim: Added 2 mac802154 hwsim hardware radios
[    6.485527][    T1] VMware vmxnet3 virtual NIC driver - version 1.9.0.0-k-NAPI
[    6.485833][    T1] usbcore: registered new interface driver catc
[    6.485917][    T1] usbcore: registered new interface driver kaweth
[    6.485920][    T1] pegasus: Pegasus/Pegasus II USB Ethernet driver
[    6.486021][    T1] usbcore: registered new interface driver pegasus
[    6.486119][    T1] usbcore: registered new interface driver rtl8150
[    6.486263][    T1] usbcore: registered new device driver r8152-cfgselector
[    6.486364][    T1] usbcore: registered new interface driver r8152
[    6.486543][    T1] usbcore: registered new interface driver hso
[    6.486632][    T1] usbcore: registered new interface driver lan78xx
[    6.486843][    T1] usbcore: registered new interface driver asix
[    6.486932][    T1] usbcore: registered new interface driver ax88179_178a
[    6.487028][    T1] usbcore: registered new interface driver cdc_ether
[    6.487150][    T1] usbcore: registered new interface driver cdc_eem
[    6.487305][    T1] usbcore: registered new interface driver dm9601
[    6.487399][    T1] usbcore: registered new interface driver sr9700
[    6.487486][    T1] usbcore: registered new interface driver CoreChips
[    6.487621][    T1] usbcore: registered new interface driver smsc75xx
[    6.487762][    T1] usbcore: registered new interface driver smsc95xx
[    6.487840][    T1] usbcore: registered new interface driver gl620a
[    6.487929][    T1] usbcore: registered new interface driver net1080
[    6.488027][    T1] usbcore: registered new interface driver plusb
[    6.488164][    T1] usbcore: registered new interface driver rndis_host
[    6.488271][    T1] usbcore: registered new interface driver cdc_subset
[    6.488366][    T1] usbcore: registered new interface driver zaurus
[    6.488445][    T1] usbcore: registered new interface driver MOSCHIP usb-ethernet driver
[    6.488628][    T1] usbcore: registered new interface driver int51x1
[    6.488722][    T1] usbcore: registered new interface driver cdc_phonet
[    6.488813][    T1] usbcore: registered new interface driver kalmia
[    6.488916][    T1] usbcore: registered new interface driver ipheth
[    6.489454][    T1] usbcore: registered new interface driver sierra_net
[    6.489583][    T1] usbcore: registered new interface driver cx82310_eth
[    6.489677][    T1] usbcore: registered new interface driver cdc_ncm
[    6.489777][    T1] usbcore: registered new interface driver huawei_cdc_ncm
[    6.490035][    T1] usbcore: registered new interface driver lg-vl600
[    6.490144][    T1] usbcore: registered new interface driver qmi_wwan
[    6.490231][    T1] usbcore: registered new interface driver cdc_mbim
[    6.490366][    T1] usbcore: registered new interface driver ch9200
[    6.497336][ T1020] ata2: found unknown device (class 0)
[    6.504952][ T1020] ata2.00: ATAPI: QEMU DVD-ROM, 2.5+, max UDMA/100
[    6.511053][    T1] usbcore: registered new interface driver aqc111
[    6.511510][    T1] usbcore: registered new interface driver r8153_ecm
[    6.522668][   T46] scsi 1:0:0:0: CD-ROM            QEMU     QEMU DVD-ROM     2.5+ PQ: 0 ANSI: 5
[    6.528510][    T1] VFIO - User Level meta-driver version: 0.3
[    6.537548][    T1] aoe: AoE v85 initialised.
[    6.552742][    T1] usbcore: registered new interface driver cdc_acm
[    6.552749][    T1] cdc_acm: USB Abstract Control Model driver for USB modems and ISDN adapters
[    6.552988][    T1] usbcore: registered new interface driver usblp
[    6.553192][    T1] usbcore: registered new interface driver cdc_wdm
[    6.553691][    T1] usbcore: registered new interface driver usbtmc
[    6.554143][    T1] usbcore: registered new interface driver uas
[    6.554363][    T1] usbcore: registered new interface driver usb-storage
[    6.554571][    T1] usbcore: registered new interface driver ums-alauda
[    6.554738][    T1] usbcore: registered new interface driver ums-cypress
[    6.554879][    T1] usbcore: registered new interface driver ums-datafab
[    6.555018][    T1] usbcore: registered new interface driver ums_eneub6250
[    6.555575][    T1] usbcore: registered new interface driver ums-freecom
[    6.556072][    T1] usbcore: registered new interface driver ums-isd200
[    6.556439][    T1] usbcore: registered new interface driver ums-jumpshot
[    6.556604][    T1] usbcore: registered new interface driver ums-karma
[    6.556848][    T1] usbcore: registered new interface driver ums-onetouch
[    6.557324][    T1] usbcore: registered new interface driver ums-realtek
[    6.557492][    T1] usbcore: registered new interface driver ums-sddr09
[    6.557649][    T1] usbcore: registered new interface driver ums-sddr55
[    6.557848][    T1] usbcore: registered new interface driver ums-usbat
[    6.558350][    T1] usbcore: registered new interface driver mdc800
[    6.558355][    T1] mdc800: v0.7.5 (30/10/2000):USB Driver for Mustek MDC800 Digital Camera
[    6.558531][    T1] usbcore: registered new interface driver microtekX6
[    6.559030][    T1] usbcore: registered new interface driver usbserial_generic
[    6.559163][    T1] usbserial: USB Serial support registered for generic
[    6.559300][    T1] usbcore: registered new interface driver aircable
[    6.559399][    T1] usbserial: USB Serial support registered for aircable
[    6.559619][    T1] usbcore: registered new interface driver ark3116
[    6.559892][    T1] usbserial: USB Serial support registered for ark3116
[    6.559967][    T1] usbcore: registered new interface driver belkin_sa
[    6.560002][    T1] usbserial: USB Serial support registered for Belkin / Peracom / GoHubs USB Serial Adapter
[    6.560088][    T1] usbcore: registered new interface driver ch341
[    6.560158][    T1] usbserial: USB Serial support registered for ch341-uart
[    6.560238][    T1] usbcore: registered new interface driver cp210x
[    6.560272][    T1] usbserial: USB Serial support registered for cp210x
[    6.560359][    T1] usbcore: registered new interface driver cyberjack
[    6.560395][    T1] usbserial: USB Serial support registered for Reiner SCT Cyberjack USB card reader
[    6.560549][    T1] usbcore: registered new interface driver cypress_m8
[    6.561189][    T1] usbserial: USB Serial support registered for DeLorme Earthmate USB
[    6.561275][    T1] usbserial: USB Serial support registered for HID->COM RS232 Adapter
[    6.561314][    T1] usbserial: USB Serial support registered for Nokia CA-42 V2 Adapter
[    6.561434][    T1] usbcore: registered new interface driver usb_debug
[    6.561469][    T1] usbserial: USB Serial support registered for debug
[    6.561507][    T1] usbserial: USB Serial support registered for xhci_dbc
[    6.561734][    T1] usbcore: registered new interface driver digi_acceleport
[    6.561831][    T1] usbserial: USB Serial support registered for Digi 2 port USB adapter
[    6.561870][    T1] usbserial: USB Serial support registered for Digi 4 port USB adapter
[    6.561980][    T1] usbcore: registered new interface driver io_edgeport
[    6.562048][    T1] usbserial: USB Serial support registered for Edgeport 2 port adapter
[    6.562081][    T1] usbserial: USB Serial support registered for Edgeport 4 port adapter
[    6.562119][    T1] usbserial: USB Serial support registered for Edgeport 8 port adapter
[    6.562152][    T1] usbserial: USB Serial support registered for EPiC device
[    6.562264][    T1] usbcore: registered new interface driver io_ti
[    6.562299][    T1] usbserial: USB Serial support registered for Edgeport TI 1 port adapter
[    6.562339][    T1] usbserial: USB Serial support registered for Edgeport TI 2 port adapter
[    6.562503][    T1] usbcore: registered new interface driver empeg
[    6.562908][    T1] usbserial: USB Serial support registered for empeg
[    6.563101][    T1] usbcore: registered new interface driver f81534a_ctrl
[    6.563190][    T1] usbcore: registered new interface driver f81232
[    6.563257][    T1] usbserial: USB Serial support registered for f81232
[    6.563294][    T1] usbserial: USB Serial support registered for f81534a
[    6.563368][    T1] usbcore: registered new interface driver f81534
[    6.563407][    T1] usbserial: USB Serial support registered for Fintek F81532/F81534
[    6.563484][    T1] usbcore: registered new interface driver ftdi_sio
[    6.563518][    T1] usbserial: USB Serial support registered for FTDI USB Serial Device
[    6.563597][    T1] usbcore: registered new interface driver garmin_gps
[    6.563635][    T1] usbserial: USB Serial support registered for Garmin GPS usb/tty
[    6.563785][    T1] usbcore: registered new interface driver ipaq
[    6.563823][    T1] usbserial: USB Serial support registered for PocketPC PDA
[    6.563889][    T1] usbcore: registered new interface driver ipw
[    6.563929][    T1] usbserial: USB Serial support registered for IPWireless converter
[    6.564012][    T1] usbcore: registered new interface driver ir_usb
[    6.564049][    T1] usbserial: USB Serial support registered for IR Dongle
[    6.564114][    T1] usbcore: registered new interface driver iuu_phoenix
[    6.564174][    T1] usbserial: USB Serial support registered for iuu_phoenix
[    6.564257][    T1] usbcore: registered new interface driver keyspan
[    6.564292][    T1] usbserial: USB Serial support registered for Keyspan - (without firmware)
[    6.564327][    T1] usbserial: USB Serial support registered for Keyspan 1 port adapter
[    6.564366][    T1] usbserial: USB Serial support registered for Keyspan 2 port adapter
[    6.564467][    T1] usbserial: USB Serial support registered for Keyspan 4 port adapter
[    6.564552][    T1] usbcore: registered new interface driver keyspan_pda
[    6.564587][    T1] usbserial: USB Serial support registered for Keyspan PDA
[    6.564626][    T1] usbserial: USB Serial support registered for Keyspan PDA - (prerenumeration)
[    6.564714][    T1] usbcore: registered new interface driver kl5kusb105
[    6.564749][    T1] usbserial: USB Serial support registered for KL5KUSB105D / PalmConnect
[    6.564821][    T1] usbcore: registered new interface driver kobil_sct
[    6.564915][    T1] usbserial: USB Serial support registered for KOBIL USB smart card terminal
[    6.565016][    T1] usbcore: registered new interface driver mct_u232
[    6.565051][    T1] usbserial: USB Serial support registered for MCT U232
[    6.565117][    T1] usbcore: registered new interface driver metro_usb
[    6.565288][    T1] usbserial: USB Serial support registered for Metrologic USB to Serial
[    6.565377][    T1] usbcore: registered new interface driver mos7720
[    6.565419][    T1] usbserial: USB Serial support registered for Moschip 2 port adapter
[    6.565498][    T1] usbcore: registered new interface driver mos7840
[    6.565619][    T1] usbserial: USB Serial support registered for Moschip 7840/7820 USB Serial Driver
[    6.565703][    T1] usbcore: registered new interface driver mxuport
[    6.565738][    T1] usbserial: USB Serial support registered for MOXA UPort
[    6.565809][    T1] usbcore: registered new interface driver navman
[    6.565903][    T1] usbserial: USB Serial support registered for navman
[    6.565977][    T1] usbcore: registered new interface driver omninet
[    6.566012][    T1] usbserial: USB Serial support registered for ZyXEL - omni.net usb
[    6.566103][    T1] usbcore: registered new interface driver opticon
[    6.566246][    T1] usbserial: USB Serial support registered for opticon
[    6.566326][    T1] usbcore: registered new interface driver option
[    6.566368][    T1] usbserial: USB Serial support registered for GSM modem (1-port)
[    6.566440][    T1] usbcore: registered new interface driver oti6858
[    6.566601][    T1] usbserial: USB Serial support registered for oti6858
[    6.566674][    T1] usbcore: registered new interface driver pl2303
[    6.566709][    T1] usbserial: USB Serial support registered for pl2303
[    6.566786][    T1] usbcore: registered new interface driver qcaux
[    6.566915][    T1] usbserial: USB Serial support registered for qcaux
[    6.567030][    T1] usbcore: registered new interface driver qcserial
[    6.567066][    T1] usbserial: USB Serial support registered for Qualcomm USB modem
[    6.567146][    T1] usbcore: registered new interface driver quatech2
[    6.567278][    T1] usbserial: USB Serial support registered for Quatech 2nd gen USB to Serial Driver
[    6.567345][    T1] usbcore: registered new interface driver safe_serial
[    6.567381][    T1] usbserial: USB Serial support registered for safe_serial
[    6.567467][    T1] usbcore: registered new interface driver sierra
[    6.567576][    T1] usbserial: USB Serial support registered for Sierra USB modem
[    6.567660][    T1] usbcore: registered new interface driver usb_serial_simple
[    6.567696][    T1] usbserial: USB Serial support registered for carelink
[    6.567728][    T1] usbserial: USB Serial support registered for flashloader
[    6.567875][    T1] usbserial: USB Serial support registered for funsoft
[    6.567936][    T1] usbserial: USB Serial support registered for google
[    6.567968][    T1] usbserial: USB Serial support registered for hp4x
[    6.568002][    T1] usbserial: USB Serial support registered for kaufmann
[    6.568721][    T1] usbserial: USB Serial support registered for libtransistor
[    6.568786][    T1] usbserial: USB Serial support registered for moto_modem
[    6.568823][    T1] usbserial: USB Serial support registered for motorola_tetra
[    6.568857][    T1] usbserial: USB Serial support registered for nokia
[    6.569030][    T1] usbserial: USB Serial support registered for novatel_gps
[    6.569067][    T1] usbserial: USB Serial support registered for owon
[    6.569109][    T1] usbserial: USB Serial support registered for siemens_mpi
[    6.569166][    T1] usbserial: USB Serial support registered for suunto
[    6.569357][    T1] usbserial: USB Serial support registered for vivopay
[    6.569411][    T1] usbserial: USB Serial support registered for zio
[    6.569498][    T1] usbcore: registered new interface driver spcp8x5
[    6.569532][    T1] usbserial: USB Serial support registered for SPCP8x5
[    6.571262][    T1] usbcore: registered new interface driver ssu100
[    6.571398][    T1] usbserial: USB Serial support registered for Quatech SSU-100 USB to Serial Driver
[    6.571501][    T1] usbcore: registered new interface driver symbolserial
[    6.571566][    T1] usbserial: USB Serial support registered for symbol
[    6.572085][    T1] usbcore: registered new interface driver ti_usb_3410_5052
[    6.572137][    T1] usbserial: USB Serial support registered for TI USB 3410 1 port adapter
[    6.572172][    T1] usbserial: USB Serial support registered for TI USB 5052 2 port adapter
[    6.572298][    T1] usbcore: registered new interface driver upd78f0730
[    6.572495][    T1] usbserial: USB Serial support registered for upd78f0730
[    6.572569][    T1] usbcore: registered new interface driver visor
[    6.572606][    T1] usbserial: USB Serial support registered for Handspring Visor / Palm OS
[    6.572672][    T1] usbserial: USB Serial support registered for Sony Clie 5.0
[    6.572845][    T1] usbserial: USB Serial support registered for Sony Clie 3.5
[    6.572958][    T1] usbcore: registered new interface driver wishbone_serial
[    6.572994][    T1] usbserial: USB Serial support registered for wishbone_serial
[    6.573103][    T1] usbcore: registered new interface driver whiteheat
[    6.573320][    T1] usbserial: USB Serial support registered for Connect Tech - WhiteHEAT - (prerenumeration)
[    6.573363][    T1] usbserial: USB Serial support registered for Connect Tech - WhiteHEAT
[    6.573441][    T1] usbcore: registered new interface driver xr_serial
[    6.573475][    T1] usbserial: USB Serial support registered for xr_serial
[    6.573667][    T1] usbcore: registered new interface driver xsens_mt
[    6.573704][    T1] usbserial: USB Serial support registered for xsens_mt
[    6.573878][    T1] usbcore: registered new interface driver adutux
[    6.574033][    T1] usbcore: registered new interface driver appledisplay
[    6.574209][    T1] usbcore: registered new interface driver cypress_cy7c63
[    6.574341][    T1] usbcore: registered new interface driver cytherm
[    6.574432][    T1] usbcore: registered new interface driver emi26 - firmware loader
[    6.574559][    T1] usbcore: registered new interface driver emi62 - firmware loader
[    6.574759][    T1] usbcore: registered new device driver apple-mfi-fastcharge
[    6.574908][    T1] usbcore: registered new interface driver ljca
[    6.575020][    T1] usbcore: registered new interface driver idmouse
[    6.575146][    T1] usbcore: registered new interface driver iowarrior
[    6.575372][    T1] usbcore: registered new interface driver isight_firmware
[    6.575466][    T1] usbcore: registered new interface driver usblcd
[    6.575564][    T1] usbcore: registered new interface driver ldusb
[    6.575667][    T1] usbcore: registered new interface driver legousbtower
[    6.575844][    T1] usbcore: registered new interface driver usbtest
[    6.576298][    T1] usbcore: registered new interface driver usb_ehset_test
[    6.586706][    T1] usbcore: registered new interface driver trancevibrator
[    6.586868][    T1] usbcore: registered new interface driver uss720
[    6.586872][    T1] uss720: USB Parport Cable driver for Cables using the Lucent Technologies USS720 Chip
[    6.586874][    T1] uss720: NOTE: this is a special purpose driver to allow nonstandard
[    6.586876][    T1] uss720: protocols (eg. bitbang) over USS720 usb to parallel cables
[    6.586878][    T1] uss720: If you just want to connect to a printer, use usblp instead
[    6.587055][    T1] usbcore: registered new interface driver usbsevseg
[    6.587148][    T1] usbcore: registered new interface driver yurex
[    6.587548][    T1] usbcore: registered new interface driver chaoskey
[    6.587661][    T1] usbcore: registered new interface driver sisusb
[    6.587750][    T1] usbcore: registered new interface driver lvs
[    6.587857][    T1] usbcore: registered new interface driver cxacru
[    6.587959][    T1] usbcore: registered new interface driver speedtch
[    6.588078][    T1] usbcore: registered new interface driver ueagle-atm
[    6.588095][    T1] xusbatm: malformed module parameters
[    6.588959][    T1] dummy_hcd dummy_hcd.0: USB Host+Gadget Emulator, driver 02 May 2005
[    6.589087][    T1] dummy_hcd dummy_hcd.0: Dummy host controller
[    6.614815][    T1] dummy_hcd dummy_hcd.0: new USB bus registered, assigned bus number 1
[    6.615074][    C0] BUG: sleeping function called from invalid context at kernel/locking/spinlock_rt.c:48
[    6.615080][    C0] in_atomic(): 0, irqs_disabled(): 1, non_block: 0, pid: 15, name: ksoftirqd/0
[    6.615085][    C0] preempt_count: 0, expected: 0
[    6.615088][    C0] RCU nest depth: 2, expected: 2
[    6.615091][    C0] INFO: lockdep is turned off.
[    6.615093][    C0] irq event stamp: 1650
[    6.615095][    C0] hardirqs last  enabled at (1649): [<ffffffff81880b31>] finish_task_switch.isra.0+0x221/0xc30
[    6.615162][    C0] hardirqs last disabled at (1650): [<ffffffff8b0fcc9a>] __schedule+0x200a/0x5d40
[    6.615213][    C0] softirqs last  enabled at (1646): [<ffffffff817ba09d>] run_ksoftirqd+0xed/0x190
[    6.615229][    C0] softirqs last disabled at (1640): [<ffffffff8185e707>] smpboot_thread_fn+0x3f7/0xae0
[    6.615256][    C0] CPU: 0 UID: 0 PID: 15 Comm: ksoftirqd/0 Not tainted 6.17.0-rc2-g8997baeb5263-dirty #2 PREEMPT_{RT,(full)} 
[    6.615265][    C0] Hardware name: QEMU Standard PC (i440FX + PIIX, 1996), BIOS 1.16.2-debian-1.16.2-1 04/01/2014
[    6.615268][    C0] Call Trace:
[    6.615271][    C0]  <TASK>
[    6.615276][    C0]  dump_stack_lvl+0x116/0x1f0
[    6.615290][    C0]  __might_resched+0x3b3/0x570
[    6.615304][    C0]  ? lock_acquire+0x2cd/0x350
[    6.615311][    C0]  ? __pfx___might_resched+0x10/0x10
[    6.615325][    C0]  ? led_trigger_blink_setup+0x1ba/0x330
[    6.615383][    C0]  rt_spin_lock+0xca/0x290
[    6.615390][    C0]  ? __pfx_rt_spin_lock+0x10/0x10
[    6.615430][    C0]  ? __pfx_led_trigger_blink_setup+0x10/0x10
[    6.615437][    C0]  ? rcu_is_watching+0x12/0xc0
[    6.615460][    C0]  ? usb_hcd_unmap_urb_setup_for_dma+0x8e/0x3a0
[    6.615608][    C0]  kcov_remote_start+0xa6/0x4b0
[    6.615647][    C0]  __usb_hcd_giveback_urb+0x38f/0x7a0
[    6.615655][    C0]  usb_giveback_urb_bh+0x297/0x580
[    6.615663][    C0]  ? __pfx_usb_giveback_urb_bh+0x10/0x10
[    6.615670][    C0]  ? lock_acquire+0x2cd/0x350
[    6.615677][    C0]  ? rcu_is_watching+0x12/0xc0
[    6.615684][    C0]  process_one_work+0x9cf/0x1b70
[    6.615693][    C0]  ? __pfx_process_one_work+0x10/0x10
[    6.615701][    C0]  ? assign_work+0x1a0/0x250
[    6.615708][    C0]  bh_worker+0x5a4/0x8a0
[    6.615716][    C0]  ? __pfx_bh_worker+0x10/0x10
[    6.615722][    C0]  ? rcu_is_watching+0x12/0xc0
[    6.615728][    C0]  workqueue_softirq_action+0x12c/0x190
[    6.615738][    C0]  tasklet_action+0x14/0x70
[    6.615754][    C0]  handle_softirqs.constprop.0+0x1c0/0x800
[    6.615764][    C0]  ? __pfx_handle_softirqs.constprop.0+0x10/0x10
[    6.615773][    C0]  ? __pfx_run_ksoftirqd+0x10/0x10
[    6.615781][    C0]  ? smpboot_thread_fn+0x326/0xae0
[    6.615790][    C0]  run_ksoftirqd+0xcb/0x190
[    6.615798][    C0]  smpboot_thread_fn+0x3f7/0xae0
[    6.615807][    C0]  ? __pfx_smpboot_thread_fn+0x10/0x10
[    6.615815][    C0]  kthread+0x3c5/0x780
[    6.615827][    C0]  ? __pfx_rt_mutex_slowunlock+0x10/0x10
[    6.615835][    C0]  ? rt_spin_lock+0x1e0/0x290
[    6.615841][    C0]  ? __pfx_kthread+0x10/0x10
[    6.615847][    C0]  ? rt_spin_unlock+0x32/0x90
[    6.615854][    C0]  ? __pfx_kthread+0x10/0x10
[    6.615860][    C0]  ret_from_fork+0x5d4/0x6f0
[    6.615868][    C0]  ? __pfx_kthread+0x10/0x10
[    6.615874][    C0]  ret_from_fork_asm+0x1a/0x30
[    6.615882][    C0]  </TASK>
[    6.630136][    T1] usb usb1: New USB device found, idVendor=1d6b, idProduct=0002, bcdDevice= 6.17
[    6.630203][    T1] usb usb1: New USB device strings: Mfr=3, Product=2, SerialNumber=1
[    6.630249][    T1] usb usb1: Product: Dummy host controller
[    6.630255][    T1] usb usb1: Manufacturer: Linux 6.17.0-rc2-g8997baeb5263-dirty dummy_hcd
[    6.630260][    T1] usb usb1: SerialNumber: dummy_hcd.0
[    6.632370][    T1] hub 1-0:1.0: USB hub found
[    6.632469][    T1] hub 1-0:1.0: 1 port detected
[    6.646852][    T1] SPI driver max3420-udc has no spi_device_id for maxim,max3421-udc
[    6.649948][    T1] gadgetfs: USB Gadget filesystem, version 24 Aug 2004
[    6.651240][    T1] vhci_hcd vhci_hcd.0: USB/IP Virtual Host Controller
[    6.651810][    T1] vhci_hcd vhci_hcd.0: new USB bus registered, assigned bus number 2
[    6.652046][    T1] vhci_hcd: created sysfs vhci_hcd.0
[    6.652384][    T1] usb usb2: New USB device found, idVendor=1d6b, idProduct=0002, bcdDevice= 6.17
[    6.652392][    T1] usb usb2: New USB device strings: Mfr=3, Product=2, SerialNumber=1
[    6.652397][    T1] usb usb2: Product: USB/IP Virtual Host Controller
[    6.652410][    T1] usb usb2: Manufacturer: Linux 6.17.0-rc2-g8997baeb5263-dirty vhci_hcd
[    6.652415][    T1] usb usb2: SerialNumber: vhci_hcd.0
[    6.653783][    T1] hub 2-0:1.0: USB hub found
[    6.653859][    T1] hub 2-0:1.0: 8 ports detected
[    6.656861][    T1] vhci_hcd vhci_hcd.0: USB/IP Virtual Host Controller
[    6.657371][    T1] vhci_hcd vhci_hcd.0: new USB bus registered, assigned bus number 3
[    6.657515][    T1] usb usb3: We don't know the algorithms for LPM for this host, disabling LPM.
[    6.658031][    T1] usb usb3: New USB device found, idVendor=1d6b, idProduct=0003, bcdDevice= 6.17
[    6.658040][    T1] usb usb3: New USB device strings: Mfr=3, Product=2, SerialNumber=1
[    6.658047][    T1] usb usb3: Product: USB/IP Virtual Host Controller
[    6.658052][    T1] usb usb3: Manufacturer: Linux 6.17.0-rc2-g8997baeb5263-dirty vhci_hcd
[    6.658057][    T1] usb usb3: SerialNumber: vhci_hcd.0
[    6.660315][    T1] hub 3-0:1.0: USB hub found
[    6.660405][    T1] hub 3-0:1.0: 8 ports detected
[    6.671323][    T1] vhci_hcd vhci_hcd.1: USB/IP Virtual Host Controller
[    6.672766][    T1] vhci_hcd vhci_hcd.1: new USB bus registered, assigned bus number 4
[    6.673148][    T1] usb usb4: New USB device found, idVendor=1d6b, idProduct=0002, bcdDevice= 6.17
[    6.673156][    T1] usb usb4: New USB device strings: Mfr=3, Product=2, SerialNumber=1
[    6.673162][    T1] usb usb4: Product: USB/IP Virtual Host Controller
[    6.673167][    T1] usb usb4: Manufacturer: Linux 6.17.0-rc2-g8997baeb5263-dirty vhci_hcd
[    6.673172][    T1] usb usb4: SerialNumber: vhci_hcd.1
[    6.674554][    T1] hub 4-0:1.0: USB hub found
[    6.674695][    T1] hub 4-0:1.0: 8 ports detected
[    6.677621][    T1] vhci_hcd vhci_hcd.1: USB/IP Virtual Host Controller
[    6.678186][    T1] vhci_hcd vhci_hcd.1: new USB bus registered, assigned bus number 5
[    6.678396][    T1] usb usb5: We don't know the algorithms for LPM for this host, disabling LPM.
[    6.678632][    T1] usb usb5: New USB device found, idVendor=1d6b, idProduct=0003, bcdDevice= 6.17
[    6.678639][    T1] usb usb5: New USB device strings: Mfr=3, Product=2, SerialNumber=1
[    6.678645][    T1] usb usb5: Product: USB/IP Virtual Host Controller
[    6.678651][    T1] usb usb5: Manufacturer: Linux 6.17.0-rc2-g8997baeb5263-dirty vhci_hcd
[    6.678656][    T1] usb usb5: SerialNumber: vhci_hcd.1
[    6.681995][    T1] hub 5-0:1.0: USB hub found
[    6.682064][    T1] hub 5-0:1.0: 8 ports detected
[    6.686921][    T1] vhci_hcd vhci_hcd.2: USB/IP Virtual Host Controller
[    6.687433][    T1] vhci_hcd vhci_hcd.2: new USB bus registered, assigned bus number 6
[    6.687719][    T1] usb usb6: New USB device found, idVendor=1d6b, idProduct=0002, bcdDevice= 6.17
[    6.687727][    T1] usb usb6: New USB device strings: Mfr=3, Product=2, SerialNumber=1
[    6.687733][    T1] usb usb6: Product: USB/IP Virtual Host Controller
[    6.687738][    T1] usb usb6: Manufacturer: Linux 6.17.0-rc2-g8997baeb5263-dirty vhci_hcd
[    6.687743][    T1] usb usb6: SerialNumber: vhci_hcd.2
[    6.688971][    T1] hub 6-0:1.0: USB hub found
[    6.689036][    T1] hub 6-0:1.0: 8 ports detected
[    6.700214][    T1] vhci_hcd vhci_hcd.2: USB/IP Virtual Host Controller
[    6.701800][    T1] vhci_hcd vhci_hcd.2: new USB bus registered, assigned bus number 7
[    6.701950][    T1] usb usb7: We don't know the algorithms for LPM for this host, disabling LPM.
[    6.702190][    T1] usb usb7: New USB device found, idVendor=1d6b, idProduct=0003, bcdDevice= 6.17
[    6.702198][    T1] usb usb7: New USB device strings: Mfr=3, Product=2, SerialNumber=1
[    6.702204][    T1] usb usb7: Product: USB/IP Virtual Host Controller
[    6.702209][    T1] usb usb7: Manufacturer: Linux 6.17.0-rc2-g8997baeb5263-dirty vhci_hcd
[    6.702215][    T1] usb usb7: SerialNumber: vhci_hcd.2
[    6.703860][    T1] hub 7-0:1.0: USB hub found
[    6.703931][    T1] hub 7-0:1.0: 8 ports detected
[    6.708066][    T1] vhci_hcd vhci_hcd.3: USB/IP Virtual Host Controller
[    6.708724][    T1] vhci_hcd vhci_hcd.3: new USB bus registered, assigned bus number 8
[    6.709184][    T1] usb usb8: New USB device found, idVendor=1d6b, idProduct=0002, bcdDevice= 6.17
[    6.709195][    T1] usb usb8: New USB device strings: Mfr=3, Product=2, SerialNumber=1
[    6.709201][    T1] usb usb8: Product: USB/IP Virtual Host Controller
[    6.709206][    T1] usb usb8: Manufacturer: Linux 6.17.0-rc2-g8997baeb5263-dirty vhci_hcd
[    6.709211][    T1] usb usb8: SerialNumber: vhci_hcd.3
[    6.710385][    T1] hub 8-0:1.0: USB hub found
[    6.710449][    T1] hub 8-0:1.0: 8 ports detected
[    6.716778][    T1] vhci_hcd vhci_hcd.3: USB/IP Virtual Host Controller
[    6.717278][    T1] vhci_hcd vhci_hcd.3: new USB bus registered, assigned bus number 9
[    6.717590][    T1] usb usb9: We don't know the algorithms for LPM for this host, disabling LPM.
[    6.717940][    T1] usb usb9: New USB device found, idVendor=1d6b, idProduct=0003, bcdDevice= 6.17
[    6.717949][    T1] usb usb9: New USB device strings: Mfr=3, Product=2, SerialNumber=1
[    6.717955][    T1] usb usb9: Product: USB/IP Virtual Host Controller
[    6.717960][    T1] usb usb9: Manufacturer: Linux 6.17.0-rc2-g8997baeb5263-dirty vhci_hcd
[    6.717965][    T1] usb usb9: SerialNumber: vhci_hcd.3
[    6.719601][    T1] hub 9-0:1.0: USB hub found
[    6.719679][    T1] hub 9-0:1.0: 8 ports detected
[    6.723087][    T1] vhci_hcd vhci_hcd.4: USB/IP Virtual Host Controller
[    6.723758][    T1] vhci_hcd vhci_hcd.4: new USB bus registered, assigned bus number 10
[    6.724217][    T1] usb usb10: New USB device found, idVendor=1d6b, idProduct=0002, bcdDevice= 6.17
[    6.724227][    T1] usb usb10: New USB device strings: Mfr=3, Product=2, SerialNumber=1
[    6.724233][    T1] usb usb10: Product: USB/IP Virtual Host Controller
[    6.724237][    T1] usb usb10: Manufacturer: Linux 6.17.0-rc2-g8997baeb5263-dirty vhci_hcd
[    6.724242][    T1] usb usb10: SerialNumber: vhci_hcd.4
[    6.725574][    T1] hub 10-0:1.0: USB hub found
[    6.725645][    T1] hub 10-0:1.0: 8 ports detected
[    6.728383][    T1] vhci_hcd vhci_hcd.4: USB/IP Virtual Host Controller
[    6.728835][    T1] vhci_hcd vhci_hcd.4: new USB bus registered, assigned bus number 11
[    6.728958][    T1] usb usb11: We don't know the algorithms for LPM for this host, disabling LPM.
[    6.729322][    T1] usb usb11: New USB device found, idVendor=1d6b, idProduct=0003, bcdDevice= 6.17
[    6.729330][    T1] usb usb11: New USB device strings: Mfr=3, Product=2, SerialNumber=1
[    6.729337][    T1] usb usb11: Product: USB/IP Virtual Host Controller
[    6.729341][    T1] usb usb11: Manufacturer: Linux 6.17.0-rc2-g8997baeb5263-dirty vhci_hcd
[    6.729346][    T1] usb usb11: SerialNumber: vhci_hcd.4
[    6.730859][    T1] hub 11-0:1.0: USB hub found
[    6.730959][    T1] hub 11-0:1.0: 8 ports detected
[    6.734896][    T1] vhci_hcd vhci_hcd.5: USB/IP Virtual Host Controller
[    6.735521][    T1] vhci_hcd vhci_hcd.5: new USB bus registered, assigned bus number 12
[    6.736131][    T1] usb usb12: New USB device found, idVendor=1d6b, idProduct=0002, bcdDevice= 6.17
[    6.736140][    T1] usb usb12: New USB device strings: Mfr=3, Product=2, SerialNumber=1
[    6.736147][    T1] usb usb12: Product: USB/IP Virtual Host Controller
[    6.736151][    T1] usb usb12: Manufacturer: Linux 6.17.0-rc2-g8997baeb5263-dirty vhci_hcd
[    6.736156][    T1] usb usb12: SerialNumber: vhci_hcd.5
[    6.737379][    T1] hub 12-0:1.0: USB hub found
[    6.737440][    T1] hub 12-0:1.0: 8 ports detected
[    6.741406][    T1] vhci_hcd vhci_hcd.5: USB/IP Virtual Host Controller
[    6.741771][    T1] vhci_hcd vhci_hcd.5: new USB bus registered, assigned bus number 13
[    6.741938][    T1] usb usb13: We don't know the algorithms for LPM for this host, disabling LPM.
[    6.742364][    T1] usb usb13: New USB device found, idVendor=1d6b, idProduct=0003, bcdDevice= 6.17
[    6.742373][    T1] usb usb13: New USB device strings: Mfr=3, Product=2, SerialNumber=1
[    6.742380][    T1] usb usb13: Product: USB/IP Virtual Host Controller
[    6.742384][    T1] usb usb13: Manufacturer: Linux 6.17.0-rc2-g8997baeb5263-dirty vhci_hcd
[    6.742389][    T1] usb usb13: SerialNumber: vhci_hcd.5
[    6.743523][    T1] hub 13-0:1.0: USB hub found
[    6.743594][    T1] hub 13-0:1.0: 8 ports detected
[    6.747300][    T1] vhci_hcd vhci_hcd.6: USB/IP Virtual Host Controller
[    6.747855][    T1] vhci_hcd vhci_hcd.6: new USB bus registered, assigned bus number 14
[    6.748281][    T1] usb usb14: New USB device found, idVendor=1d6b, idProduct=0002, bcdDevice= 6.17
[    6.748290][    T1] usb usb14: New USB device strings: Mfr=3, Product=2, SerialNumber=1
[    6.748296][    T1] usb usb14: Product: USB/IP Virtual Host Controller
[    6.748300][    T1] usb usb14: Manufacturer: Linux 6.17.0-rc2-g8997baeb5263-dirty vhci_hcd
[    6.748305][    T1] usb usb14: SerialNumber: vhci_hcd.6
[    6.749704][    T1] hub 14-0:1.0: USB hub found
[    6.749765][    T1] hub 14-0:1.0: 8 ports detected
[    6.753648][    T1] vhci_hcd vhci_hcd.6: USB/IP Virtual Host Controller
[    6.754055][    T1] vhci_hcd vhci_hcd.6: new USB bus registered, assigned bus number 15
[    6.754355][    T1] usb usb15: We don't know the algorithms for LPM for this host, disabling LPM.
[    6.754596][    T1] usb usb15: New USB device found, idVendor=1d6b, idProduct=0003, bcdDevice= 6.17
[    6.754604][    T1] usb usb15: New USB device strings: Mfr=3, Product=2, SerialNumber=1
[    6.754621][    T1] usb usb15: Product: USB/IP Virtual Host Controller
[    6.754626][    T1] usb usb15: Manufacturer: Linux 6.17.0-rc2-g8997baeb5263-dirty vhci_hcd
[    6.754631][    T1] usb usb15: SerialNumber: vhci_hcd.6
[    6.755906][    T1] hub 15-0:1.0: USB hub found
[    6.756090][    T1] hub 15-0:1.0: 8 ports detected
[    6.760172][    T1] vhci_hcd vhci_hcd.7: USB/IP Virtual Host Controller
[    6.762801][    T1] vhci_hcd vhci_hcd.7: new USB bus registered, assigned bus number 16
[    6.763084][    T1] usb usb16: New USB device found, idVendor=1d6b, idProduct=0002, bcdDevice= 6.17
[    6.763092][    T1] usb usb16: New USB device strings: Mfr=3, Product=2, SerialNumber=1
[    6.763097][    T1] usb usb16: Product: USB/IP Virtual Host Controller
[    6.763102][    T1] usb usb16: Manufacturer: Linux 6.17.0-rc2-g8997baeb5263-dirty vhci_hcd
[    6.763107][    T1] usb usb16: SerialNumber: vhci_hcd.7
[    6.764228][    T1] hub 16-0:1.0: USB hub found
[    6.764340][    T1] hub 16-0:1.0: 8 ports detected
[    6.767070][    T1] vhci_hcd vhci_hcd.7: USB/IP Virtual Host Controller
[    6.767435][    T1] vhci_hcd vhci_hcd.7: new USB bus registered, assigned bus number 17
[    6.767549][    T1] usb usb17: We don't know the algorithms for LPM for this host, disabling LPM.
[    6.767770][    T1] usb usb17: New USB device found, idVendor=1d6b, idProduct=0003, bcdDevice= 6.17
[    6.767777][    T1] usb usb17: New USB device strings: Mfr=3, Product=2, SerialNumber=1
[    6.767783][    T1] usb usb17: Product: USB/IP Virtual Host Controller
[    6.767788][    T1] usb usb17: Manufacturer: Linux 6.17.0-rc2-g8997baeb5263-dirty vhci_hcd
[    6.767793][    T1] usb usb17: SerialNumber: vhci_hcd.7
[    6.768946][    T1] hub 17-0:1.0: USB hub found
[    6.769006][    T1] hub 17-0:1.0: 8 ports detected
[    6.779384][    T1] vhci_hcd vhci_hcd.8: USB/IP Virtual Host Controller
[    6.779724][    T1] vhci_hcd vhci_hcd.8: new USB bus registered, assigned bus number 18
[    6.780142][    T1] usb usb18: New USB device found, idVendor=1d6b, idProduct=0002, bcdDevice= 6.17
[    6.780152][    T1] usb usb18: New USB device strings: Mfr=3, Product=2, SerialNumber=1
[    6.780159][    T1] usb usb18: Product: USB/IP Virtual Host Controller
[    6.780164][    T1] usb usb18: Manufacturer: Linux 6.17.0-rc2-g8997baeb5263-dirty vhci_hcd
[    6.780169][    T1] usb usb18: SerialNumber: vhci_hcd.8
[    6.781333][    T1] hub 18-0:1.0: USB hub found
[    6.781397][    T1] hub 18-0:1.0: 8 ports detected
[    6.783899][    T1] vhci_hcd vhci_hcd.8: USB/IP Virtual Host Controller
[    6.784341][    T1] vhci_hcd vhci_hcd.8: new USB bus registered, assigned bus number 19
[    6.784460][    T1] usb usb19: We don't know the algorithms for LPM for this host, disabling LPM.
[    6.784677][    T1] usb usb19: New USB device found, idVendor=1d6b, idProduct=0003, bcdDevice= 6.17
[    6.784684][    T1] usb usb19: New USB device strings: Mfr=3, Product=2, SerialNumber=1
[    6.784690][    T1] usb usb19: Product: USB/IP Virtual Host Controller
[    6.784695][    T1] usb usb19: Manufacturer: Linux 6.17.0-rc2-g8997baeb5263-dirty vhci_hcd
[    6.784700][    T1] usb usb19: SerialNumber: vhci_hcd.8
[    6.785768][    T1] hub 19-0:1.0: USB hub found
[    6.785827][    T1] hub 19-0:1.0: 8 ports detected
[    6.789034][    T1] vhci_hcd vhci_hcd.9: USB/IP Virtual Host Controller
[    6.789772][    T1] vhci_hcd vhci_hcd.9: new USB bus registered, assigned bus number 20
[    6.790045][    T1] usb usb20: New USB device found, idVendor=1d6b, idProduct=0002, bcdDevice= 6.17
[    6.790053][    T1] usb usb20: New USB device strings: Mfr=3, Product=2, SerialNumber=1
[    6.790059][    T1] usb usb20: Product: USB/IP Virtual Host Controller
[    6.790064][    T1] usb usb20: Manufacturer: Linux 6.17.0-rc2-g8997baeb5263-dirty vhci_hcd
[    6.790068][    T1] usb usb20: SerialNumber: vhci_hcd.9
[    6.795062][    T1] hub 20-0:1.0: USB hub found
[    6.795293][    T1] hub 20-0:1.0: 8 ports detected
[    6.797812][   T46] sr 1:0:0:0: [sr0] scsi3-mmc drive: 4x/4x cd/rw xa/form2 tray
[    6.797857][   T46] cdrom: Uniform CD-ROM driver Revision: 3.20
[    6.799602][    T1] vhci_hcd vhci_hcd.9: USB/IP Virtual Host Controller
[    6.800033][    T1] vhci_hcd vhci_hcd.9: new USB bus registered, assigned bus number 21
[    6.800152][    T1] usb usb21: We don't know the algorithms for LPM for this host, disabling LPM.
[    6.800403][    T1] usb usb21: New USB device found, idVendor=1d6b, idProduct=0003, bcdDevice= 6.17
[    6.800411][    T1] usb usb21: New USB device strings: Mfr=3, Product=2, SerialNumber=1
[    6.800417][    T1] usb usb21: Product: USB/IP Virtual Host Controller
[    6.800422][    T1] usb usb21: Manufacturer: Linux 6.17.0-rc2-g8997baeb5263-dirty vhci_hcd
[    6.800447][    T1] usb usb21: SerialNumber: vhci_hcd.9
[    6.801605][    T1] hub 21-0:1.0: USB hub found
[    6.801665][    T1] hub 21-0:1.0: 8 ports detected
[    6.804950][    T1] vhci_hcd vhci_hcd.10: USB/IP Virtual Host Controller
[    6.805422][    T1] vhci_hcd vhci_hcd.10: new USB bus registered, assigned bus number 22
[    6.805691][    T1] usb usb22: New USB device found, idVendor=1d6b, idProduct=0002, bcdDevice= 6.17
[    6.805699][    T1] usb usb22: New USB device strings: Mfr=3, Product=2, SerialNumber=1
[    6.805705][    T1] usb usb22: Product: USB/IP Virtual Host Controller
[    6.805710][    T1] usb usb22: Manufacturer: Linux 6.17.0-rc2-g8997baeb5263-dirty vhci_hcd
[    6.805715][    T1] usb usb22: SerialNumber: vhci_hcd.10
[    6.806750][    T1] hub 22-0:1.0: USB hub found
[    6.806808][    T1] hub 22-0:1.0: 8 ports detected
[    6.809451][    T1] vhci_hcd vhci_hcd.10: USB/IP Virtual Host Controller
[    6.809929][    T1] vhci_hcd vhci_hcd.10: new USB bus registered, assigned bus number 23
[    6.810058][    T1] usb usb23: We don't know the algorithms for LPM for this host, disabling LPM.
[    6.810280][    T1] usb usb23: New USB device found, idVendor=1d6b, idProduct=0003, bcdDevice= 6.17
[    6.810312][    T1] usb usb23: New USB device strings: Mfr=3, Product=2, SerialNumber=1
[    6.810318][    T1] usb usb23: Product: USB/IP Virtual Host Controller
[    6.810323][    T1] usb usb23: Manufacturer: Linux 6.17.0-rc2-g8997baeb5263-dirty vhci_hcd
[    6.810328][    T1] usb usb23: SerialNumber: vhci_hcd.10
[    6.812807][    T1] hub 23-0:1.0: USB hub found
[    6.813188][    T1] hub 23-0:1.0: 8 ports detected
[    6.816368][    T1] vhci_hcd vhci_hcd.11: USB/IP Virtual Host Controller
[    6.817856][    T1] vhci_hcd vhci_hcd.11: new USB bus registered, assigned bus number 24
[    6.818140][    T1] usb usb24: New USB device found, idVendor=1d6b, idProduct=0002, bcdDevice= 6.17
[    6.818148][    T1] usb usb24: New USB device strings: Mfr=3, Product=2, SerialNumber=1
[    6.818153][    T1] usb usb24: Product: USB/IP Virtual Host Controller
[    6.818158][    T1] usb usb24: Manufacturer: Linux 6.17.0-rc2-g8997baeb5263-dirty vhci_hcd
[    6.818163][    T1] usb usb24: SerialNumber: vhci_hcd.11
[    6.819686][    T1] hub 24-0:1.0: USB hub found
[    6.819744][    T1] hub 24-0:1.0: 8 ports detected
[    6.822189][    T1] vhci_hcd vhci_hcd.11: USB/IP Virtual Host Controller
[    6.822619][    T1] vhci_hcd vhci_hcd.11: new USB bus registered, assigned bus number 25
[    6.822735][    T1] usb usb25: We don't know the algorithms for LPM for this host, disabling LPM.
[    6.822946][    T1] usb usb25: New USB device found, idVendor=1d6b, idProduct=0003, bcdDevice= 6.17
[    6.822953][    T1] usb usb25: New USB device strings: Mfr=3, Product=2, SerialNumber=1
[    6.822958][    T1] usb usb25: Product: USB/IP Virtual Host Controller
[    6.822963][    T1] usb usb25: Manufacturer: Linux 6.17.0-rc2-g8997baeb5263-dirty vhci_hcd
[    6.822968][    T1] usb usb25: SerialNumber: vhci_hcd.11
[    6.824055][    T1] hub 25-0:1.0: USB hub found
[    6.824120][    T1] hub 25-0:1.0: 8 ports detected
[    6.828087][    T1] vhci_hcd vhci_hcd.12: USB/IP Virtual Host Controller
[    6.828441][    T1] vhci_hcd vhci_hcd.12: new USB bus registered, assigned bus number 26
[    6.828868][    T1] usb usb26: New USB device found, idVendor=1d6b, idProduct=0002, bcdDevice= 6.17
[    6.828877][    T1] usb usb26: New USB device strings: Mfr=3, Product=2, SerialNumber=1
[    6.828883][    T1] usb usb26: Product: USB/IP Virtual Host Controller
[    6.828888][    T1] usb usb26: Manufacturer: Linux 6.17.0-rc2-g8997baeb5263-dirty vhci_hcd
[    6.828893][    T1] usb usb26: SerialNumber: vhci_hcd.12
[    6.833018][    T1] hub 26-0:1.0: USB hub found
[    6.833087][    T1] hub 26-0:1.0: 8 ports detected
[    6.836313][    T1] vhci_hcd vhci_hcd.12: USB/IP Virtual Host Controller
[    6.836698][    T1] vhci_hcd vhci_hcd.12: new USB bus registered, assigned bus number 27
[    6.836816][    T1] usb usb27: We don't know the algorithms for LPM for this host, disabling LPM.
[    6.837034][    T1] usb usb27: New USB device found, idVendor=1d6b, idProduct=0003, bcdDevice= 6.17
[    6.837041][    T1] usb usb27: New USB device strings: Mfr=3, Product=2, SerialNumber=1
[    6.837047][    T1] usb usb27: Product: USB/IP Virtual Host Controller
[    6.837052][    T1] usb usb27: Manufacturer: Linux 6.17.0-rc2-g8997baeb5263-dirty vhci_hcd
[    6.837056][    T1] usb usb27: SerialNumber: vhci_hcd.12
[    6.838239][    T1] hub 27-0:1.0: USB hub found
[    6.838301][    T1] hub 27-0:1.0: 8 ports detected
[    6.841714][    T1] vhci_hcd vhci_hcd.13: USB/IP Virtual Host Controller
[    6.842088][    T1] vhci_hcd vhci_hcd.13: new USB bus registered, assigned bus number 28
[    6.842384][    T1] usb usb28: New USB device found, idVendor=1d6b, idProduct=0002, bcdDevice= 6.17
[    6.842402][    T1] usb usb28: New USB device strings: Mfr=3, Product=2, SerialNumber=1
[    6.842408][    T1] usb usb28: Product: USB/IP Virtual Host Controller
[    6.842412][    T1] usb usb28: Manufacturer: Linux 6.17.0-rc2-g8997baeb5263-dirty vhci_hcd
[    6.842417][    T1] usb usb28: SerialNumber: vhci_hcd.13
[    6.843451][    T1] hub 28-0:1.0: USB hub found
[    6.843509][    T1] hub 28-0:1.0: 8 ports detected
[    6.846453][    T1] vhci_hcd vhci_hcd.13: USB/IP Virtual Host Controller
[    6.849665][    T1] vhci_hcd vhci_hcd.13: new USB bus registered, assigned bus number 29
[    6.850117][    T1] usb usb29: We don't know the algorithms for LPM for this host, disabling LPM.
[    6.850416][    T1] usb usb29: New USB device found, idVendor=1d6b, idProduct=0003, bcdDevice= 6.17
[    6.850424][    T1] usb usb29: New USB device strings: Mfr=3, Product=2, SerialNumber=1
[    6.850430][    T1] usb usb29: Product: USB/IP Virtual Host Controller
[    6.850435][    T1] usb usb29: Manufacturer: Linux 6.17.0-rc2-g8997baeb5263-dirty vhci_hcd
[    6.850440][    T1] usb usb29: SerialNumber: vhci_hcd.13
[    6.865351][    T1] hub 29-0:1.0: USB hub found
[    6.865494][    T1] hub 29-0:1.0: 8 ports detected
[    6.867199][   T46] sr 1:0:0:0: Attached scsi CD-ROM sr0
[    6.870669][   T46] sr 1:0:0:0: Attached scsi generic sg0 type 5
[    6.874010][    T1] vhci_hcd vhci_hcd.14: USB/IP Virtual Host Controller
[    6.874761][    T1] vhci_hcd vhci_hcd.14: new USB bus registered, assigned bus number 30
[    6.875068][    T1] usb usb30: New USB device found, idVendor=1d6b, idProduct=0002, bcdDevice= 6.17
[    6.875076][    T1] usb usb30: New USB device strings: Mfr=3, Product=2, SerialNumber=1
[    6.875081][    T1] usb usb30: Product: USB/IP Virtual Host Controller
[    6.875086][    T1] usb usb30: Manufacturer: Linux 6.17.0-rc2-g8997baeb5263-dirty vhci_hcd
[    6.875091][    T1] usb usb30: SerialNumber: vhci_hcd.14
[    6.876577][    T1] hub 30-0:1.0: USB hub found
[    6.876652][    T1] hub 30-0:1.0: 8 ports detected
[    6.879340][    T1] vhci_hcd vhci_hcd.14: USB/IP Virtual Host Controller
[    6.879781][    T1] vhci_hcd vhci_hcd.14: new USB bus registered, assigned bus number 31
[    6.879905][    T1] usb usb31: We don't know the algorithms for LPM for this host, disabling LPM.
[    6.880272][    T1] usb usb31: New USB device found, idVendor=1d6b, idProduct=0003, bcdDevice= 6.17
[    6.880282][    T1] usb usb31: New USB device strings: Mfr=3, Product=2, SerialNumber=1
[    6.880306][    T1] usb usb31: Product: USB/IP Virtual Host Controller
[    6.880312][    T1] usb usb31: Manufacturer: Linux 6.17.0-rc2-g8997baeb5263-dirty vhci_hcd
[    6.880317][    T1] usb usb31: SerialNumber: vhci_hcd.14
[    6.881411][    T1] hub 31-0:1.0: USB hub found
[    6.881472][    T1] hub 31-0:1.0: 8 ports detected
[    6.884795][    T1] vhci_hcd vhci_hcd.15: USB/IP Virtual Host Controller
[    6.885209][    T1] vhci_hcd vhci_hcd.15: new USB bus registered, assigned bus number 32
[    6.885572][    T1] usb usb32: New USB device found, idVendor=1d6b, idProduct=0002, bcdDevice= 6.17
[    6.885580][    T1] usb usb32: New USB device strings: Mfr=3, Product=2, SerialNumber=1
[    6.885587][    T1] usb usb32: Product: USB/IP Virtual Host Controller
[    6.885612][    T1] usb usb32: Manufacturer: Linux 6.17.0-rc2-g8997baeb5263-dirty vhci_hcd
[    6.885617][    T1] usb usb32: SerialNumber: vhci_hcd.15
[    6.886782][    T1] hub 32-0:1.0: USB hub found
[    6.886842][    T1] hub 32-0:1.0: 8 ports detected
[    6.894807][    T1] vhci_hcd vhci_hcd.15: USB/IP Virtual Host Controller
[    6.895433][    T1] vhci_hcd vhci_hcd.15: new USB bus registered, assigned bus number 33
[    6.895881][    T1] usb usb33: We don't know the algorithms for LPM for this host, disabling LPM.
[    6.896297][    T1] usb usb33: New USB device found, idVendor=1d6b, idProduct=0003, bcdDevice= 6.17
[    6.896307][    T1] usb usb33: New USB device strings: Mfr=3, Product=2, SerialNumber=1
[    6.896313][    T1] usb usb33: Product: USB/IP Virtual Host Controller
[    6.896319][    T1] usb usb33: Manufacturer: Linux 6.17.0-rc2-g8997baeb5263-dirty vhci_hcd
[    6.896324][    T1] usb usb33: SerialNumber: vhci_hcd.15
[    6.898348][    T1] hub 33-0:1.0: USB hub found
[    6.898413][    T1] hub 33-0:1.0: 8 ports detected
[    6.902286][    T1] usbcore: registered new device driver usbip-host
[    6.909805][    T1] i8042: PNP: PS/2 Controller [PNP0303:KBD,PNP0f13:MOU] at 0x60,0x64 irq 1,12
[    6.918071][    T1] serio: i8042 KBD port at 0x60,0x64 irq 1
[    6.919699][    T1] serio: i8042 AUX port at 0x60,0x64 irq 12
[    6.922143][    T1] mousedev: PS/2 mouse device common for all mice
[    6.925946][    T1] usbcore: registered new interface driver appletouch
[    6.926670][    T1] usbcore: registered new interface driver bcm5974
[    6.927706][    T9] input: AT Translated Set 2 keyboard as /devices/platform/i8042/serio0/input/input1
[    6.930323][    T1] usbcore: registered new interface driver synaptics_usb
[    6.931713][    T1] usbcore: registered new interface driver iforce
[    6.931906][    T1] usbcore: registered new interface driver pxrc
[    6.932153][    T1] usbcore: registered new interface driver xpad
[    6.932301][    T1] usbcore: registered new interface driver usb_acecad
[    6.932436][    T1] usbcore: registered new interface driver aiptek
[    6.932566][    T1] usbcore: registered new interface driver hanwang
[    6.932695][    T1] usbcore: registered new interface driver kbtab
[    6.932834][    T1] usbcore: registered new interface driver pegasus_notetaker
[    6.932995][    T1] usbcore: registered new interface driver usbtouchscreen
[    6.933130][    T1] usbcore: registered new interface driver sur40
[    6.933268][    T1] usbcore: registered new interface driver ati_remote2
[    6.933281][    T1] cm109: Keymap for Komunikate KIP1000 phone loaded
[    6.933421][    T1] usbcore: registered new interface driver cm109
[    6.933424][    T1] cm109: CM109 phone driver: 20080805 (C) Alfred E. Heggestad
[    6.933581][    T1] usbcore: registered new interface driver ims_pcu
[    6.933744][    T1] usbcore: registered new interface driver keyspan_remote
[    6.933885][    T1] usbcore: registered new interface driver powermate
[    6.943887][    T1] usbcore: registered new interface driver yealink
[    6.954869][    T1] rtc_cmos 00:05: RTC can wake from S4
[    6.998985][    T1] rtc_cmos 00:05: registered as rtc0
[    6.999161][    T1] rtc_cmos 00:05: alarms up to one day, y3k, 242 bytes nvram, hpet irqs
[    6.999751][    T1] i2c_dev: i2c /dev entries driver
[    7.000407][    T1] usbcore: registered new interface driver i2c-diolan-u2c
[    7.003425][    T1] usbcore: registered new interface driver i2c-cp2615
[    7.003753][    T1] usbcore: registered new interface driver RobotFuzz Open Source InterFace, OSIF
[    7.004017][    T1] usbcore: registered new interface driver i2c-tiny-usb
[    7.006031][    T1] usbcore: registered new interface driver igorplugusb
[    7.006159][    T1] usbcore: registered new interface driver iguanair
[    7.006305][    T1] usbcore: registered new interface driver imon
[    7.006447][    T1] usbcore: registered new interface driver imon_raw
[    7.006639][    T1] usbcore: registered new interface driver mceusb
[    7.013777][    T1] usbcore: registered new interface driver redrat3
[    7.014139][    T1] usbcore: registered new interface driver streamzap
[    7.014472][    T1] usbcore: registered new interface driver ir_toy
[    7.014735][    T1] usbcore: registered new interface driver ttusbir
[    7.014994][    T1] usbcore: registered new interface driver ati_remote
[    7.015248][    T1] usbcore: registered new interface driver xbox_remote
[    7.015844][    T1] b2c2-flexcop: B2C2 FlexcopII/II(b)/III digital TV receiver chip loaded successfully
[    7.016289][    T1] usbcore: registered new interface driver b2c2_flexcop_usb
[    7.016562][    T1] usbcore: registered new interface driver dvb_usb_vp7045
[    7.016829][    T1] usbcore: registered new interface driver dvb_usb_vp702x
[    7.017114][    T1] usbcore: registered new interface driver dvb_usb_gp8psk
[    7.017368][    T1] usbcore: registered new interface driver dvb_usb_dtt200u
[    7.017610][    T1] usbcore: registered new interface driver dvb_usb_a800
[    7.018073][    T1] usbcore: registered new interface driver dvb_usb_dibusb_mb
[    7.018529][    T1] usbcore: registered new interface driver dvb_usb_dibusb_mc
[    7.018886][    T1] usbcore: registered new interface driver dvb_usb_nova_t_usb2
[    7.019947][    T1] usbcore: registered new interface driver dvb_usb_umt_010
[    7.020354][    T1] usbcore: registered new interface driver dvb_usb_m920x
[    7.021264][    T1] usbcore: registered new interface driver dvb_usb_digitv
[    7.021439][    T1] usbcore: registered new interface driver dvb_usb_cxusb
[    7.021588][    T1] usbcore: registered new interface driver dvb_usb_ttusb2
[    7.021901][    T1] usbcore: registered new interface driver dvb_usb_dib0700
[    7.022134][    T1] usbcore: registered new interface driver opera1
[    7.022537][    T1] usbcore: registered new interface driver dvb_usb_af9005
[    7.022756][    T1] failing symbol_get of non-GPLONLY symbol af9005_rc_decode.
[    7.023515][    T1] failing symbol_get of non-GPLONLY symbol af9005_rc_decode.
[    7.023612][    T1] failing symbol_get of non-GPLONLY symbol rc_map_af9005_table.
[    7.023772][    T1] failing symbol_get of non-GPLONLY symbol rc_map_af9005_table.
[    7.023775][    T1] failing symbol_get of non-GPLONLY symbol rc_map_af9005_table_size.
[    7.023915][    T1] failing symbol_get of non-GPLONLY symbol rc_map_af9005_table_size.
[    7.023918][    T1] af9005: af9005_rc_decode function not found, disabling remote
[    7.024189][    T1] usbcore: registered new interface driver pctv452e
[    7.024687][    T1] usbcore: registered new interface driver dw2102
[    7.024994][    T1] usbcore: registered new interface driver dvb_usb_dtv5100
[    7.025265][    T1] usbcore: registered new interface driver cinergyT2
[    7.025511][    T1] usbcore: registered new interface driver dvb_usb_az6027
[    7.026110][    T1] usbcore: registered new interface driver dvb_usb_technisat_usb2
[    7.027289][    T1] usbcore: registered new interface driver dvb_usb_af9015
[    7.027978][    T1] usbcore: registered new interface driver dvb_usb_af9035
[    7.028561][    T1] usbcore: registered new interface driver dvb_usb_anysee
[    7.028932][    T1] usbcore: registered new interface driver dvb_usb_au6610
[    7.029222][    T1] usbcore: registered new interface driver dvb_usb_az6007
[    7.029485][    T1] usbcore: registered new interface driver dvb_usb_ce6230
[    7.029777][    T1] usbcore: registered new interface driver dvb_usb_ec168
[    7.030050][    T1] usbcore: registered new interface driver dvb_usb_lmedm04
[    7.030322][    T1] usbcore: registered new interface driver dvb_usb_gl861
[    7.030539][    T1] usbcore: registered new interface driver dvb_usb_mxl111sf
[    7.031177][    T1] usbcore: registered new interface driver dvb_usb_rtl28xxu
[    7.031432][    T1] usbcore: registered new interface driver dvb_usb_dvbsky
[    7.031675][    T1] usbcore: registered new interface driver zd1301
[    7.031949][    T1] usbcore: registered new interface driver s2255
[    7.032252][    T1] usbcore: registered new interface driver smsusb
[    7.032497][    T1] usbcore: registered new interface driver ttusb
[    7.032747][    T1] usbcore: registered new interface driver ttusb-dec
[    7.032996][    T1] usbcore: registered new interface driver Abilis Systems as10x usb driver
[    7.033245][    T1] usbcore: registered new interface driver airspy
[    7.033250][    T1] gspca_main: v2.14.0 registered
[    7.033556][    T1] usbcore: registered new interface driver benq
[    7.033805][    T1] usbcore: registered new interface driver conex
[    7.034082][    T1] usbcore: registered new interface driver cpia1
[    7.034334][    T1] usbcore: registered new interface driver dtcs033
[    7.034584][    T1] usbcore: registered new interface driver etoms
[    7.034833][    T1] usbcore: registered new interface driver finepix
[    7.035005][    T1] usbcore: registered new interface driver jeilinj
[    7.035166][    T1] usbcore: registered new interface driver jl2005bcd
[    7.035292][    T1] usbcore: registered new interface driver kinect
[    7.035431][    T1] usbcore: registered new interface driver konica
[    7.035561][    T1] usbcore: registered new interface driver mars
[    7.035689][    T1] usbcore: registered new interface driver mr97310a
[    7.035816][    T1] usbcore: registered new interface driver nw80x
[    7.035976][    T1] usbcore: registered new interface driver ov519
[    7.036120][    T1] usbcore: registered new interface driver ov534
[    7.036256][    T1] usbcore: registered new interface driver ov534_9
[    7.036395][    T1] usbcore: registered new interface driver pac207
[    7.036533][    T1] usbcore: registered new interface driver gspca_pac7302
[    7.036657][    T1] usbcore: registered new interface driver pac7311
[    7.036808][    T1] usbcore: registered new interface driver se401
[    7.036943][    T1] usbcore: registered new interface driver sn9c2028
[    7.037109][    T1] usbcore: registered new interface driver gspca_sn9c20x
[    7.037296][    T1] usbcore: registered new interface driver sonixb
[    7.037469][    T1] usbcore: registered new interface driver sonixj
[    7.037618][    T1] usbcore: registered new interface driver spca500
[    7.037740][    T1] usbcore: registered new interface driver spca501
