bash: warning: setlocale: LC_ALL: cannot change locale (en_US.UTF-8)
c[?7l[2J[0mSeaBIOS (version 1.16.2-debian-1.16.2-1)
Booting from ROM...
c[?7l[2Jearly console in extract_kernel
input_data: 0x00000000149402a3
input_len: 0x0000000005ea711c
output: 0x0000000001000000
output_len: 0x0000000012247cd8
kernel_total_size: 0x0000000019828000
needed_size: 0x0000000019a00000
trampoline_32bit: 0x0000000000000000

Decompressing Linux... Parsing ELF... done.
Booting the kernel (entry_offset: 0x000000000a1372a4).
[    0.000000][    T0] Linux version 6.17.0-rc2-g3957a5720157-dirty (root@buildkitsandbox) (gcc (Debian 12.2.0-14+deb12u1) 12.2.0, GNU ld (GNU Binutils for Debian) 2.40) #1 SMP PREEMPT_RT Sat May 23 06:14:27 UTC 2026
[    0.000000][    T0] Command line: console=ttyS0 oops=panic panic=86400 nokaslr earlyprintk=serial rdinit=/init
[    0.000000][    T0] KERNEL supported cpus:
[    0.000000][    T0]   Intel GenuineIntel
[    0.000000][    T0]   AMD AuthenticAMD
[    0.000000][    T0] BIOS-provided physical RAM map:
[    0.000000][    T0] BIOS-e820: [mem 0x0000000000000000-0x000000000009fbff] usable
[    0.000000][    T0] BIOS-e820: [mem 0x000000000009fc00-0x000000000009ffff] reserved
[    0.000000][    T0] BIOS-e820: [mem 0x00000000000f0000-0x00000000000fffff] reserved
[    0.000000][    T0] BIOS-e820: [mem 0x0000000000100000-0x000000007ffdffff] usable
[    0.000000][    T0] BIOS-e820: [mem 0x000000007ffe0000-0x000000007fffffff] reserved
[    0.000000][    T0] BIOS-e820: [mem 0x00000000feffc000-0x00000000feffffff] reserved
[    0.000000][    T0] BIOS-e820: [mem 0x00000000fffc0000-0x00000000ffffffff] reserved
[    0.000000][    T0] printk: legacy bootconsole [earlyser0] enabled
[    0.000000][    T0] NX (Execute Disable) protection: active
[    0.000000][    T0] APIC: Static calls initialized
[    0.000000][    T0] SMBIOS 2.8 present.
[    0.000000][    T0] DMI: QEMU Standard PC (i440FX + PIIX, 1996), BIOS 1.16.2-debian-1.16.2-1 04/01/2014
[    0.000000][    T0] DMI: Memory slots populated: 1/1
[    0.000000][    T0] Hypervisor detected: KVM
[    0.000000][    T0] kvm-clock: Using msrs 4b564d01 and 4b564d00
[    0.000002][    T0] kvm-clock: using sched offset of 1336934623 cycles
[    0.000019][    T0] clocksource: kvm-clock: mask: 0xffffffffffffffff max_cycles: 0x1cd42e4dffb, max_idle_ns: 881590591483 ns
[    0.000064][    T0] tsc: Detected 2995.200 MHz processor
[    0.005382][    T0] last_pfn = 0x7ffe0 max_arch_pfn = 0x400000000
[    0.005546][    T0] MTRR map: 4 entries (3 fixed + 1 variable; max 19), built from 8 variable MTRRs
[    0.005598][    T0] x86/PAT: Configuration [0-7]: WB  WC  UC- UC  WB  WP  UC- WT  
[    0.013511][    T0] found SMP MP-table at [mem 0x000f5ba0-0x000f5baf]
[    0.013579][    T0] Using GB pages for direct mapping
[    0.015395][    T0] RAMDISK: [mem 0x7fe8f000-0x7ffdffff]
[    0.015412][    T0] ACPI: Early table checksum verification disabled
[    0.015429][    T0] ACPI: RSDP 0x00000000000F59D0 000014 (v00 BOCHS )
[    0.015442][    T0] ACPI: RSDT 0x000000007FFE1B33 000034 (v01 BOCHS  BXPC     00000001 BXPC 00000001)
[    0.015466][    T0] ACPI: FACP 0x000000007FFE19DF 000074 (v01 BOCHS  BXPC     00000001 BXPC 00000001)
[    0.015494][    T0] ACPI: DSDT 0x000000007FFE0040 00199F (v01 BOCHS  BXPC     00000001 BXPC 00000001)
[    0.015507][    T0] ACPI: FACS 0x000000007FFE0000 000040
[    0.015516][    T0] ACPI: APIC 0x000000007FFE1A53 000080 (v01 BOCHS  BXPC     00000001 BXPC 00000001)
[    0.015529][    T0] ACPI: HPET 0x000000007FFE1AD3 000038 (v01 BOCHS  BXPC     00000001 BXPC 00000001)
[    0.015542][    T0] ACPI: WAET 0x000000007FFE1B0B 000028 (v01 BOCHS  BXPC     00000001 BXPC 00000001)
[    0.015553][    T0] ACPI: Reserving FACP table memory at [mem 0x7ffe19df-0x7ffe1a52]
[    0.015558][    T0] ACPI: Reserving DSDT table memory at [mem 0x7ffe0040-0x7ffe19de]
[    0.015562][    T0] ACPI: Reserving FACS table memory at [mem 0x7ffe0000-0x7ffe003f]
[    0.015566][    T0] ACPI: Reserving APIC table memory at [mem 0x7ffe1a53-0x7ffe1ad2]
[    0.015571][    T0] ACPI: Reserving HPET table memory at [mem 0x7ffe1ad3-0x7ffe1b0a]
[    0.015575][    T0] ACPI: Reserving WAET table memory at [mem 0x7ffe1b0b-0x7ffe1b32]
[    0.016555][    T0] No NUMA configuration found
[    0.016559][    T0] Faking a node at [mem 0x0000000000000000-0x000000007ffdffff]
[    0.016569][    T0] NODE_DATA(0) allocated [mem 0x7fe893c0-0x7fe8ec7f]
[    0.037649][    T0] Zone ranges:
[    0.037672][    T0]   DMA      [mem 0x0000000000001000-0x0000000000ffffff]
[    0.037684][    T0]   DMA32    [mem 0x0000000001000000-0x000000007ffdffff]
[    0.037691][    T0]   Normal   empty
[    0.037694][    T0]   Device   empty
[    0.037697][    T0] Movable zone start for each node
[    0.037710][    T0] Early memory node ranges
[    0.037712][    T0]   node   0: [mem 0x0000000000001000-0x000000000009efff]
[    0.037721][    T0]   node   0: [mem 0x0000000000100000-0x000000007ffdffff]
[    0.037728][    T0] Initmem setup node 0 [mem 0x0000000000001000-0x000000007ffdffff]
[    0.037784][    T0] On node 0, zone DMA: 1 pages in unavailable ranges
[    0.037917][    T0] On node 0, zone DMA: 97 pages in unavailable ranges
[    0.054281][    T0] On node 0, zone DMA32: 32 pages in unavailable ranges
[    0.251585][    T0] kasan: KernelAddressSanitizer initialized
[    0.252647][    T0] ACPI: PM-Timer IO Port: 0x608
[    0.252761][    T0] ACPI: LAPIC_NMI (acpi_id[0xff] dfl dfl lint[0x1])
[    0.252968][    T0] IOAPIC[0]: apic_id 0, version 17, address 0xfec00000, GSI 0-23
[    0.252981][    T0] ACPI: INT_SRC_OVR (bus 0 bus_irq 0 global_irq 2 dfl dfl)
[    0.252997][    T0] ACPI: INT_SRC_OVR (bus 0 bus_irq 5 global_irq 5 high level)
[    0.253003][    T0] ACPI: INT_SRC_OVR (bus 0 bus_irq 9 global_irq 9 high level)
[    0.253012][    T0] ACPI: INT_SRC_OVR (bus 0 bus_irq 10 global_irq 10 high level)
[    0.253018][    T0] ACPI: INT_SRC_OVR (bus 0 bus_irq 11 global_irq 11 high level)
[    0.253034][    T0] ACPI: Using ACPI (MADT) for SMP configuration information
[    0.253037][    T0] ACPI: HPET id: 0x8086a201 base: 0xfed00000
[    0.253076][    T0] TSC deadline timer available
[    0.253086][    T0] CPU topo: Max. logical packages:   1
[    0.253089][    T0] CPU topo: Max. logical dies:       1
[    0.253092][    T0] CPU topo: Max. dies per package:   1
[    0.253100][    T0] CPU topo: Max. threads per core:   1
[    0.253103][    T0] CPU topo: Num. cores per package:     2
[    0.253107][    T0] CPU topo: Num. threads per package:   2
[    0.253110][    T0] CPU topo: Allowing 2 present CPUs plus 0 hotplug CPUs
[    0.253206][    T0] kvm-guest: APIC: eoi() replaced with kvm_guest_apic_eoi_write()
[    0.253312][    T0] kvm-guest: KVM setup pv remote TLB flush
[    0.253325][    T0] kvm-guest: setup PV sched yield
[    0.253385][    T0] PM: hibernation: Registered nosave memory: [mem 0x00000000-0x00000fff]
[    0.253393][    T0] PM: hibernation: Registered nosave memory: [mem 0x0009f000-0x000fffff]
[    0.253406][    T0] [mem 0x80000000-0xfeffbfff] available for PCI devices
[    0.253414][    T0] Booting paravirtualized kernel on KVM
[    0.253487][    T0] clocksource: refined-jiffies: mask: 0xffffffff max_cycles: 0xffffffff, max_idle_ns: 19112604462750000 ns
[    0.302785][    T0] setup_percpu: NR_CPUS:8 nr_cpumask_bits:2 nr_cpu_ids:2 nr_node_ids:1
[    0.304210][    T0] percpu: Embedded 71 pages/cpu s251464 r8192 d31160 u1048576
[    0.304565][    T0] kvm-guest: PV spinlocks enabled
[    0.304575][    T0] PV qspinlock hash table entries: 256 (order: 0, 4096 bytes, linear)
[    0.304587][    T0] Kernel command line: console=ttyS0 oops=panic panic=86400 nokaslr earlyprintk=serial rdinit=/init
[    0.305520][    T0] random: crng init done
[    0.305524][    T0] printk: log buffer data + meta data: 262144 + 917504 = 1179648 bytes
[    0.305691][    T0] Dentry cache hash table entries: 262144 (order: 9, 2097152 bytes, linear)
[    0.309798][    T0] Inode-cache hash table entries: 131072 (order: 8, 1048576 bytes, linear)
[    0.310150][    T0] Fallback order for Node 0: 0 
[    0.310163][    T0] Built 1 zonelists, mobility grouping on.  Total pages: 524158
[    0.310168][    T0] Policy zone: DMA32
[    0.311669][    T0] mem auto-init: stack:all(zero), heap alloc:on, heap free:off
[    0.311678][    T0] stackdepot: allocating hash table via alloc_large_system_hash
[    0.311691][    T0] stackdepot hash table entries: 1048576 (order: 12, 16777216 bytes, linear)
[    0.339626][    T0] stackdepot: allocating space for 8192 stack pools via memblock
[    0.523547][    T0] SLUB: HWalign=64, Order=0-3, MinObjects=0, CPUs=2, Nodes=1
[    0.530306][    T0] allocated 4194304 bytes of page_ext
[    0.531840][    T0] Dynamic Preempt: full
[    0.534724][    T0] Running RCU self tests
[    0.534749][    T0] Running RCU synchronous self tests
[    0.534754][    T0] rcu: Preemptible hierarchical RCU implementation.
[    0.534757][    T0] rcu: 	RCU lockdep checking is enabled.
[    0.534760][    T0] rcu: 	RCU restricting CPUs from NR_CPUS=8 to nr_cpu_ids=2.
[    0.534767][    T0] rcu: 	RCU callback double-/use-after-free debug is enabled.
[    0.534770][    T0] rcu: 	RCU_SOFTIRQ processing moved to rcuc kthreads.
[    0.534772][    T0] rcu: 	RCU debug extended QS entry/exit.
[    0.534777][    T0] 	No expedited grace period (rcu_normal_after_boot).
[    0.534780][    T0] 	Trampoline variant of Tasks RCU enabled.
[    0.534782][    T0] 	Tracing variant of Tasks RCU enabled.
[    0.534794][    T0] rcu: RCU calculated value of scheduler-enlistment delay is 10 jiffies.
[    0.534801][    T0] rcu: Adjusting geometry for rcu_fanout_leaf=16, nr_cpu_ids=2
[    0.534932][    T0] Running RCU synchronous self tests
[    0.534946][    T0] RCU Tasks: Setting shift to 1 and lim to 1 rcu_task_cb_adjust=1 rcu_task_cpu_ids=2.
[    0.534967][    T0] RCU Tasks Trace: Setting shift to 1 and lim to 1 rcu_task_cb_adjust=1 rcu_task_cpu_ids=2.
[    0.678972][    T0] NR_IRQS: 4352, nr_irqs: 440, preallocated irqs: 16
[    0.680069][    T0] rcu: srcu_init: Setting srcu_struct sizes based on contention.
[    0.680481][    T0] kfence: initialized - using 2097152 bytes for 255 objects at 0x(____ptrval____)-0x(____ptrval____)
[    0.697906][    T0] Console: colour VGA+ 80x25
[    0.884337][    T0] printk: legacy console [ttyS0] enabled
[    0.884364][    T0] printk: legacy bootconsole [earlyser0] disabled
[    0.884701][    T0] Lock dependency validator: Copyright (c) 2006 Red Hat, Inc., Ingo Molnar
[    0.884706][    T0] ... MAX_LOCKDEP_SUBCLASSES:  8
[    0.884709][    T0] ... MAX_LOCK_DEPTH:          48
[    0.884714][    T0] ... MAX_LOCKDEP_KEYS:        8192
[    0.884716][    T0] ... CLASSHASH_SIZE:          4096
[    0.884719][    T0] ... MAX_LOCKDEP_ENTRIES:     1048576
[    0.884721][    T0] ... MAX_LOCKDEP_CHAINS:      1048576
[    0.884724][    T0] ... CHAINHASH_SIZE:          524288
[    0.884728][    T0]  memory used by lock dependency info: 106625 kB
[    0.884730][    T0]  memory used for stack traces: 8320 kB
[    0.884733][    T0]  per task-struct memory footprint: 1920 bytes
[    0.885075][    T0] ACPI: Core revision 20250404
[    0.885880][    T0] clocksource: hpet: mask: 0xffffffff max_cycles: 0xffffffff, max_idle_ns: 19112604467 ns
[    0.886323][    T0] APIC: Switch to symmetric I/O mode setup
[    0.886861][    T0] x2apic enabled
[    0.887720][    T0] APIC: Switched APIC routing to: physical x2apic
[    0.887884][    T0] kvm-guest: APIC: send_IPI_mask() replaced with kvm_send_ipi_mask()
[    0.888005][    T0] kvm-guest: APIC: send_IPI_mask_allbutself() replaced with kvm_send_ipi_mask_allbutself()
[    0.888015][    T0] kvm-guest: setup PV IPIs
[    0.891547][    T0] ..TIMER: vector=0x30 apic1=0 pin1=2 apic2=-1 pin2=-1
[    0.892030][    T0] clocksource: tsc-early: mask: 0xffffffffffffffff max_cycles: 0x2b2c8ec87c7, max_idle_ns: 440795278598 ns
[    0.892479][    T0] Calibrating delay loop (skipped) preset value.. 5990.40 BogoMIPS (lpj=29952000)
[    0.893107][    T0] x86/cpu: User Mode Instruction Prevention (UMIP) activated
[    0.894149][    T0] Last level iTLB entries: 4KB 0, 2MB 0, 4MB 0
[    0.894155][    T0] Last level dTLB entries: 4KB 0, 2MB 0, 4MB 0, 1GB 0
[    0.894269][    T0] mitigations: Enabled attack vectors: user_kernel, user_user, guest_host, guest_guest, SMT mitigations: auto
[    0.894308][    T0] Speculative Store Bypass: Mitigation: Speculative Store Bypass disabled via prctl
[    0.894314][    T0] Spectre V2 : Mitigation: Enhanced / Automatic IBRS
[    0.894317][    T0] RETBleed: Mitigation: Enhanced IBRS
[    0.894320][    T0] ITS: Mitigation: Aligned branch/return thunks
[    0.894324][    T0] Register File Data Sampling: Vulnerable: No microcode
[    0.894327][    T0] Spectre V1 : Mitigation: usercopy/swapgs barriers and __user pointer sanitization
[    0.894330][    T0] Spectre V2 : WARNING: Unprivileged eBPF is enabled with eIBRS on, data leaks possible via Spectre v2 BHB attacks!
[    0.894339][    T0] Spectre V2 : Spectre v2 / PBRSB-eIBRS: Retire a single CALL on VMEXIT
[    0.894354][    T0] Spectre V2 : mitigation: Enabling conditional Indirect Branch Prediction Barrier
[    0.894360][    T0] active return thunk: its_return_thunk
[    0.894386][    T0] Spectre V2 : Spectre BHI mitigation: SW BHB clearing on syscall and VM exit
[    0.894606][    T0] x86/fpu: Supporting XSAVE feature 0x001: 'x87 floating point registers'
[    0.894611][    T0] x86/fpu: Supporting XSAVE feature 0x002: 'SSE registers'
[    0.894614][    T0] x86/fpu: Supporting XSAVE feature 0x004: 'AVX registers'
[    0.894618][    T0] x86/fpu: xstate_offset[2]:  576, xstate_sizes[2]:  256
[    0.894624][    T0] x86/fpu: Enabled xstate features 0x7, context size is 832 bytes, using 'compacted' format.
[    1.168706][    T0] Freeing SMP alternatives memory: 124K
[    1.168947][    T0] pid_max: default: 32768 minimum: 301
[    1.170396][    T0] LSM: initializing lsm=lockdown,capability,landlock,yama,safesetid,tomoyo,smack,bpf,ima,evm
[    1.171211][    T0] landlock: Up and running.
[    1.171218][    T0] Yama: becoming mindful.
[    1.171689][    T0] TOMOYO Linux initialized
[    1.173615][    T0] Smack:  Initializing.
[    1.173620][    T0] Smack:  Netfilter enabled.
[    1.173622][    T0] Smack:  IPv6 Netfilter enabled.
[    1.175171][    T0] LSM support for eBPF active
[    1.175838][    T0] Mount-cache hash table entries: 4096 (order: 3, 32768 bytes, linear)
[    1.175864][    T0] Mountpoint-cache hash table entries: 4096 (order: 3, 32768 bytes, linear)
[    1.183279][    T0] Running RCU synchronous self tests
[    1.183305][    T0] Running RCU synchronous self tests
[    1.184411][    T1] smpboot: CPU0: 13th Gen Intel(R) Core(TM) i9-13900H (family: 0x6, model: 0xba, stepping: 0x2)
[    1.197627][    T1] Performance Events: unsupported CPU family 6 model 186 no PMU driver, software events only.
[    1.197827][    T1] signal: max sigframe size: 1776
[    1.198868][    T1] rcu: Hierarchical SRCU implementation.
[    1.198873][    T1] rcu: 	Max phase no-delay instances is 1000.
[    1.368885][    T1] Timer migration: 1 hierarchy levels; 8 children per group; 1 crossnode level
[    1.516497][    T1] NMI watchdog: Perf NMI watchdog permanently disabled
[    1.517395][    T1] smp: Bringing up secondary CPUs ...
[    1.530892][    T1] smpboot: x86: Booting SMP configuration:
[    1.530979][    T1] .... node  #0, CPUs:      #1
[    1.535961][    T1] smp: Brought up 1 node, 2 CPUs
[    1.536010][    T1] smpboot: Total of 2 processors activated (11980.80 BogoMIPS)
[    1.547184][    T1] Memory: 1294140K/2096632K available (165085K kernel code, 40810K rwdata, 38372K rodata, 26336K init, 122596K bss, 789500K reserved, 0K cma-reserved)
[    1.547434][    T1] devtmpfs: initialized
[    1.560412][    T1] x86/mm: Memory block size: 128MB
[    1.594569][    T1] Running RCU synchronous self tests
[    1.594591][    T1] Running RCU synchronous self tests
[    1.594706][    T1] Running RCU Tasks wait API self tests
[    1.606972][    T1] Running RCU Tasks Trace wait API self tests
[    1.613304][    T1] clocksource: jiffies: mask: 0xffffffff max_cycles: 0xffffffff, max_idle_ns: 19112604462750000 ns
[    1.613324][    T1] posixtimers hash table entries: 1024 (order: 5, 139264 bytes, linear)
[    1.613449][    T1] futex hash table entries: 512 (98304 bytes on 1 NUMA nodes, total 96 KiB, linear).
[    1.635221][    T1] PM: RTC time: 06:16:05, date: 2026-05-23
[    1.652544][   T36] Callback from call_rcu_tasks_trace() invoked.
[    1.651429][    T1] NET: Registered PF_NETLINK/PF_ROUTE protocol family
[    1.658034][    T1] audit: initializing netlink subsys (disabled)
[    1.662560][   T37] audit: type=2000 audit(1779516964.923:1): state=initialized audit_enabled=0 res=1
[    1.668728][    T1] thermal_sys: Registered thermal governor 'step_wise'
[    1.674093][    T1] cpuidle: using governor menu
[    1.674093][    T1] NET: Registered PF_QIPCRTR protocol family
[    1.675550][    T1] dca service started, version 1.12.1
[    1.675550][    T1] PCI: Using configuration type 1 for base access
[    1.692689][    T1] HugeTLB: allocation took 0ms with hugepage_allocation_threads=1
[    1.692765][    T1] HugeTLB: registered 1.00 GiB page size, pre-allocated 0 pages
[    1.692770][    T1] HugeTLB: 16380 KiB vmemmap can be freed for a 1.00 GiB page
[    1.692775][    T1] HugeTLB: registered 2.00 MiB page size, pre-allocated 0 pages
[    1.692779][    T1] HugeTLB: 28 KiB vmemmap can be freed for a 2.00 MiB page
[    1.713872][    T1] raid6: skipped pq benchmark and selected avx2x4
[    1.713884][    T1] raid6: using avx2x2 recovery algorithm
[    1.715090][    T1] ACPI: Added _OSI(Module Device)
[    1.715095][    T1] ACPI: Added _OSI(Processor Device)
[    1.715098][    T1] ACPI: Added _OSI(Processor Aggregator Device)
[    1.772944][    T1] ACPI: 1 ACPI AML tables successfully acquired and loaded
[    1.808040][    T1] ACPI: Interpreter enabled
[    1.808439][    T1] ACPI: PM: (supports S0 S3 S4 S5)
[    1.808460][    T1] ACPI: Using IOAPIC for interrupt routing
[    1.808756][    T1] PCI: Using host bridge windows from ACPI; if necessary, use "pci=nocrs" and report a bug
[    1.808771][    T1] PCI: Using E820 reservations for host bridge windows
[    1.811678][    T1] ACPI: Enabled 2 GPEs in block 00 to 0F
[    1.955917][    T1] ACPI: PCI Root Bridge [PCI0] (domain 0000 [bus 00-ff])
[    1.955969][    T1] acpi PNP0A03:00: _OSC: OS supports [ASPM ClockPM Segments MSI HPX-Type3]
[    1.955978][    T1] acpi PNP0A03:00: _OSC: not requesting OS control; OS requires [ExtendedConfig ASPM ClockPM MSI]
[    1.956307][    T1] acpi PNP0A03:00: fail to add MMCONFIG information, can't access extended configuration space under this bridge
[    1.959442][    T1] PCI host bridge to bus 0000:00
[    1.959659][    T1] pci_bus 0000:00: root bus resource [io  0x0000-0x0cf7 window]
[    1.959683][    T1] pci_bus 0000:00: root bus resource [io  0x0d00-0xffff window]
[    1.959695][    T1] pci_bus 0000:00: root bus resource [mem 0x000a0000-0x000bffff window]
[    1.959707][    T1] pci_bus 0000:00: root bus resource [mem 0x80000000-0xfebfffff window]
[    1.959719][    T1] pci_bus 0000:00: root bus resource [mem 0x100000000-0x17fffffff window]
[    1.959738][    T1] pci_bus 0000:00: root bus resource [bus 00-ff]
[    1.960103][    T1] pci 0000:00:00.0: [8086:1237] type 00 class 0x060000 conventional PCI endpoint
[    2.011217][    T1] pci 0000:00:01.0: [8086:7000] type 00 class 0x060100 conventional PCI endpoint
[    2.040398][    T1] pci 0000:00:01.1: [8086:7010] type 00 class 0x010180 conventional PCI endpoint
[    2.041385][    T1] pci 0000:00:01.1: BAR 4 [io  0xc000-0xc00f]
[    2.041475][    T1] pci 0000:00:01.1: BAR 0 [io  0x01f0-0x01f7]: legacy IDE quirk
[    2.041482][    T1] pci 0000:00:01.1: BAR 1 [io  0x03f6]: legacy IDE quirk
[    2.041488][    T1] pci 0000:00:01.1: BAR 2 [io  0x0170-0x0177]: legacy IDE quirk
[    2.041494][    T1] pci 0000:00:01.1: BAR 3 [io  0x0376]: legacy IDE quirk
[    2.053551][    T1] pci 0000:00:01.3: [8086:7113] type 00 class 0x068000 conventional PCI endpoint
[    2.054680][    T1] pci 0000:00:01.3: quirk: [io  0x0600-0x063f] claimed by PIIX4 ACPI
[    2.054710][    T1] pci 0000:00:01.3: quirk: [io  0x0700-0x070f] claimed by PIIX4 SMB
[    2.056225][    T1] pci 0000:00:02.0: [1234:1111] type 00 class 0x030000 conventional PCI endpoint
[    2.058342][    T1] pci 0000:00:02.0: BAR 0 [mem 0xfd000000-0xfdffffff pref]
[    2.058413][    T1] pci 0000:00:02.0: BAR 2 [mem 0xfebf0000-0xfebf0fff]
[    2.058489][    T1] pci 0000:00:02.0: ROM [mem 0xfebe0000-0xfebeffff pref]
[    2.059163][    T1] pci 0000:00:02.0: Video device with shadowed ROM at [mem 0x000c0000-0x000dffff]
[    2.110245][    T1] ACPI: PCI: Interrupt link LNKA configured for IRQ 10
[    2.114591][    T1] ACPI: PCI: Interrupt link LNKB configured for IRQ 10
[    2.117431][    T1] ACPI: PCI: Interrupt link LNKC configured for IRQ 11
[    2.119834][    T1] ACPI: PCI: Interrupt link LNKD configured for IRQ 11
[    2.121481][    T1] ACPI: PCI: Interrupt link LNKS configured for IRQ 9
[    2.137364][    T1] iommu: Default domain type: Translated
[    2.137364][    T1] iommu: DMA domain TLB invalidation policy: lazy mode
[    2.155064][    T1] SCSI subsystem initialized
[    2.155164][    T1] ACPI: bus type USB registered
[    2.155164][    T1] usbcore: registered new interface driver usbfs
[    2.155164][    T1] usbcore: registered new interface driver hub
[    2.155164][    T1] usbcore: registered new device driver usb
[    2.156380][    T1] mc: Linux media interface: v0.10
[    2.156570][    T1] videodev: Linux video capture interface: v2.00
[    2.157003][    T1] pps_core: LinuxPPS API ver. 1 registered
[    2.157006][    T1] pps_core: Software ver. 5.3.6 - Copyright 2005-2007 Rodolfo Giometti <giometti@linux.it>
[    2.157057][    T1] PTP clock support registered
[    2.157262][    T1] EDAC MC: Ver: 3.0.0
[    2.181247][    T1] Advanced Linux Sound Architecture Driver Initialized.
[    2.214298][    T1] Bluetooth: Core ver 2.22
[    2.214500][    T1] NET: Registered PF_BLUETOOTH protocol family
[    2.214504][    T1] Bluetooth: HCI device and connection manager initialized
[    2.214572][    T1] Bluetooth: HCI socket layer initialized
[    2.214585][    T1] Bluetooth: L2CAP socket layer initialized
[    2.214655][    T1] Bluetooth: SCO socket layer initialized
[    2.214700][    T1] NET: Registered PF_ATMPVC protocol family
[    2.214703][    T1] NET: Registered PF_ATMSVC protocol family
[    2.214905][    T1] NetLabel: Initializing
[    2.214907][    T1] NetLabel:  domain hash size = 128
[    2.214910][    T1] NetLabel:  protocols = UNLABELED CIPSOv4 CALIPSO
[    2.215145][    T1] NetLabel:  unlabeled traffic allowed by default
[    2.215700][    T1] nfc: nfc_init: NFC Core ver 0.1
[    2.215700][    T1] NET: Registered PF_NFC protocol family
[    2.215700][    T1] mctp: management component transport protocol core
[    2.215700][    T1] NET: Registered PF_MCTP protocol family
[    2.215700][    T1] PCI: Using ACPI for IRQ routing
[    2.223842][    T1] pci 0000:00:02.0: vgaarb: setting as boot VGA device
[    2.223851][    T1] pci 0000:00:02.0: vgaarb: bridge control possible
[    2.223855][    T1] pci 0000:00:02.0: vgaarb: VGA device added: decodes=io+mem,owns=io+mem,locks=none
[    2.223864][    T1] vgaarb: loaded
[    2.224873][    T1] hpet0: at MMIO 0xfed00000, IRQs 2, 8, 0
[    2.224887][    T1] hpet0: 3 comparators, 64-bit 100.000000 MHz counter
[    2.252344][    T1] clocksource: Switched to clocksource kvm-clock
[    2.259002][    T1] VFS: Disk quotas dquot_6.6.0
[    2.259127][    T1] VFS: Dquot-cache hash table entries: 512 (order 0, 4096 bytes)
[    2.265427][    T1] netfs: FS-Cache loaded
[    2.273465][    T1] CacheFiles: Loaded
[    2.274229][    T1] TOMOYO: 2.6.0
[    2.274233][    T1] Mandatory Access Control activated.
[    2.274823][    T1] pnp: PnP ACPI init
[    2.286280][    T1] pnp: PnP ACPI: found 6 devices
[    2.334536][    T1] clocksource: acpi_pm: mask: 0xffffff max_cycles: 0xffffff, max_idle_ns: 2085701024 ns
[    2.336195][    T1] NET: Registered PF_INET protocol family
[    2.337632][    T1] IP idents hash table entries: 32768 (order: 6, 262144 bytes, linear)
[    2.341143][    T1] tcp_listen_portaddr_hash hash table entries: 1024 (order: 5, 139264 bytes, linear)
[    2.341215][    T1] Table-perturb hash table entries: 65536 (order: 6, 262144 bytes, linear)
[    2.341276][    T1] TCP established hash table entries: 16384 (order: 5, 131072 bytes, linear)
[    2.348889][    T1] TCP bind hash table entries: 16384 (order: 10, 4456448 bytes, vmalloc hugepage)
[    2.350312][    T1] TCP: Hash tables configured (established 16384 bind 16384)
[    2.354223][    T1] MPTCP token hash table entries: 2048 (order: 6, 311296 bytes, linear)
[    2.354711][    T1] UDP hash table entries: 1024 (order: 6, 458752 bytes, linear)
[    2.354926][    T1] UDP-Lite hash table entries: 1024 (order: 6, 458752 bytes, linear)
[    2.356726][    T1] NET: Registered PF_UNIX/PF_LOCAL protocol family
[    2.538051][    T1] RPC: Registered named UNIX socket transport module.
[    2.538067][    T1] RPC: Registered udp transport module.
[    2.538071][    T1] RPC: Registered tcp transport module.
[    2.538075][    T1] RPC: Registered tcp-with-tls transport module.
[    2.538078][    T1] RPC: Registered tcp NFSv4.1 backchannel transport module.
[    2.540779][    T1] NET: Registered PF_XDP protocol family
[    2.540838][    T1] pci_bus 0000:00: resource 4 [io  0x0000-0x0cf7 window]
[    2.540849][    T1] pci_bus 0000:00: resource 5 [io  0x0d00-0xffff window]
[    2.540857][    T1] pci_bus 0000:00: resource 6 [mem 0x000a0000-0x000bffff window]
[    2.540891][    T1] pci_bus 0000:00: resource 7 [mem 0x80000000-0xfebfffff window]
[    2.540899][    T1] pci_bus 0000:00: resource 8 [mem 0x100000000-0x17fffffff window]
[    2.541561][    T1] pci 0000:00:01.0: PIIX3: Enabling Passive Release
[    2.541595][    T1] pci 0000:00:00.0: Limiting direct PCI/PCI transfers
[    2.541761][    T1] PCI: CLS 0 bytes, default 64
[    2.542242][    T1] ACPI: bus type thunderbolt registered
[    2.543655][    T1] RAPL PMU: API unit is 2^-32 Joules, 0 fixed counters, 10737418240 ms ovfl timer
[    2.544135][    T1] kvm: RT requires X86_FEATURE_CONSTANT_TSC
[    2.544151][    T1] kvm_amd: CPU 1 isn't AMD or Hygon
[    2.544298][    T1] clocksource: tsc: mask: 0xffffffffffffffff max_cycles: 0x2b2c8ec87c7, max_idle_ns: 440795278598 ns
[    2.586272][   T46] Trying to unpack rootfs image as initramfs...
[    2.701457][   T46] Freeing initrd memory: 1348K
[    2.704989][   T84] kworker/u8:3 (84) used greatest stack depth: 28840 bytes left
[    2.706185][   T80] kworker/u8:4 (80) used greatest stack depth: 28184 bytes left
[    5.127948][    C0] hrtimer: interrupt took 182378700 ns
[    6.244097][    T1] Initialise system trusted keyrings
[    6.245244][    T1] workingset: timestamp_bits=40 max_order=19 bucket_order=0
[    6.251462][    T1] DLM installed
[    6.257883][    T1] squashfs: version 4.0 (2009/01/31) Phillip Lougher
[    6.261659][    T1] NFS: Registering the id_resolver key type
[    6.261726][    T1] Key type id_resolver registered
[    6.261733][    T1] Key type id_legacy registered
[    6.261821][    T1] nfs4filelayout_init: NFSv4 File Layout Driver Registering...
[    6.261919][    T1] nfs4flexfilelayout_init: NFSv4 Flexfile Layout Driver Registering...
[    6.326231][    T1] Key type cifs.spnego registered
[    6.326516][    T1] Key type cifs.idmap registered
[    6.327409][    T1] ntfs3: Enabled Linux POSIX ACLs support
[    6.327412][    T1] ntfs3: Read-only LZX/Xpress compression included
[    6.327543][    T1] efs: 1.0a - http://aeschi.ch.eu.org/efs/
[    6.327588][    T1] jffs2: version 2.2. (NAND) (SUMMARY)  © 2001-2006 Red Hat, Inc.
[    6.328223][    T1] romfs: ROMFS MTD (C) 2007 Red Hat, Inc.
[    6.328268][    T1] QNX4 filesystem 0.2.3 registered.
[    6.328291][    T1] qnx6: QNX6 filesystem 1.0.0 registered.
[    6.329233][    T1] fuse: init (API version 7.44)
[    6.331199][    T1] orangefs_debugfs_init: called with debug mask: :none: :0:
[    6.331846][    T1] orangefs_init: module version upstream loaded
[    6.332168][    T1] JFS: nTxBlock = 8192, nTxLock = 65536
[    6.343855][    T1] SGI XFS with ACLs, security attributes, realtime, quota, no debug enabled
[    6.347052][    T1] 9p: Installing v9fs 9p2000 file system support
[    6.347258][    T1] NILFS version 2 loaded
[    6.347261][    T1] befs: version: 0.9.3
[    6.347566][    T1] ocfs2: Registered cluster interface o2cb
[    6.349347][    T1] ocfs2: Registered cluster interface user
[    6.350099][    T1] OCFS2 User DLM kernel interface loaded
[    6.361207][    T1] gfs2: GFS2 installed
[    6.367770][    T1] ceph: loaded (mds proto 32)
[    6.374808][    T1] cryptd: max_cpu_qlen set to 1000
[    6.387764][    T1] NET: Registered PF_ALG protocol family
[    6.388271][    T1] xor: automatically using best checksumming function   avx       
[    6.388310][    T1] async_tx: api initialized (async)
[    6.388363][    T1] Key type asymmetric registered
[    6.388388][    T1] Asymmetric key parser 'x509' registered
[    6.388393][    T1] Asymmetric key parser 'pkcs8' registered
[    6.388399][    T1] Key type pkcs7_test registered
[    6.390093][    T1] Block layer SCSI generic (bsg) driver version 0.4 loaded (major 238)
[    6.401973][    T1] io scheduler mq-deadline registered
[    6.401984][    T1] io scheduler kyber registered
[    6.404330][    T1] io scheduler bfq registered
[    6.411887][    T1] input: Power Button as /devices/LNXSYSTM:00/LNXPWRBN:00/input/input0
[    6.423879][    T1] ACPI: button: Power Button [PWRF]
[    6.429286][    T1] ioatdma: Intel(R) QuickData Technology Driver 5.00
[    6.599342][  T524] kworker/u8:2 (524) used greatest stack depth: 27896 bytes left
[    6.655559][  T649] kworker/u8:2 (649) used greatest stack depth: 27272 bytes left
[    6.677789][    T1] N_HDLC line discipline registered with maxframe=4096
[    6.677849][    T1] Serial: 8250/16550 driver, 4 ports, IRQ sharing enabled
[    6.680509][    T1] 00:04: ttyS0 at I/O 0x3f8 (irq = 4, base_baud = 115200) is a 16550A
[    6.705997][    T1] Non-volatile memory driver v1.3
[    6.706098][    T1] Linux agpgart interface v0.103
[    6.708165][    T1] usbcore: registered new interface driver xillyusb
[    6.711061][    T1] ACPI: bus type drm_connector registered
[    6.721207][    T1] [drm] Initialized vgem 1.0.0 for vgem on minor 0
[    6.727372][    T1] [drm] Initialized vkms 1.0.0 for vkms on minor 1
[    6.790620][    T1] Console: switching to colour frame buffer device 128x48
[    6.807162][    T1] faux_driver vkms: [drm] fb0: vkmsdrmfb frame buffer device
[    6.807872][    T1] usbcore: registered new interface driver udl
[    6.808714][    T1] bochs-drm 0000:00:02.0: vgaarb: deactivate vga console
[    6.815740][    T1] [drm] Found bochs VGA, ID 0xb0c5.
[    6.815748][    T1] [drm] Framebuffer size 16384 kB @ 0xfd000000, mmio @ 0xfebf0000.
[    6.818206][    T1] [drm] Initialized bochs-drm 1.0.0 for 0000:00:02.0 on minor 2
[    6.840512][    T1] fbcon: bochs-drmdrmfb (fb1) is primary device
[    6.840528][    T1] fbcon: Remapping primary device, fb1, to tty 1-63
[    6.863122][   T35] Callback from call_rcu_tasks() invoked.
[    7.367809][    T1] bochs-drm 0000:00:02.0: [drm] fb1: bochs-drmdrmfb frame buffer device
[    7.369551][    T1] usbcore: registered new interface driver gm12u320
[    7.369743][    T1] usbcore: registered new interface driver gud
[    7.420185][    T1] brd: module loaded
[    7.426720][    T1] 
[    7.426727][    T1] ======================================================
[    7.426730][    T1] WARNING: possible circular locking dependency detected
[    7.426735][    T1] 6.17.0-rc2-g3957a5720157-dirty #1 Not tainted
[    7.426739][    T1] ------------------------------------------------------
[    7.426741][    T1] swapper/0/1 is trying to acquire lock:
[    7.426744][    T1] ffffffff8dad3270 (cpu_hotplug_lock){++++}-{0:0}, at: static_key_slow_inc+0x12/0x30
[    7.426809][    T1] 
[    7.426809][    T1] but task is already holding lock:
[    7.426810][    T1] ffff88802260ab68 (&q->q_usage_counter(io)#17){++++}-{0:0}, at: blk_mq_freeze_queue_nomemsave+0x15/0x20
[    7.426828][    T1] 
[    7.426828][    T1] which lock already depends on the new lock.
[    7.426828][    T1] 
[    7.426830][    T1] 
[    7.426830][    T1] the existing dependency chain (in reverse order) is:
[    7.426832][    T1] 
[    7.426832][    T1] -> #2 (&q->q_usage_counter(io)#17){++++}-{0:0}:
[    7.426842][    T1]        blk_alloc_queue+0x663/0x7a0
[    7.426850][    T1]        blk_mq_alloc_queue+0x172/0x280
[    7.426855][    T1]        __blk_mq_alloc_disk+0x29/0x120
[    7.426860][    T1]        loop_add+0x490/0xb80
[    7.426875][    T1]        loop_init+0x164/0x270
[    7.426899][    T1]        do_one_initcall+0x120/0x6e0
[    7.426907][    T1]        kernel_init_freeable+0x5c2/0x910
[    7.426915][    T1]        kernel_init+0x1c/0x2b0
[    7.426928][    T1]        ret_from_fork+0x5d4/0x6f0
[    7.426935][    T1]        ret_from_fork_asm+0x1a/0x30
[    7.426940][    T1] 
[    7.426940][    T1] -> #1 (fs_reclaim){+.+.}-{0:0}:
[    7.426949][    T1]        fs_reclaim_acquire+0x102/0x150
[    7.426957][    T1]        __kmalloc_cache_node_noprof+0x4c/0x370
[    7.426964][    T1]        create_worker+0x10f/0x7e0
[    7.426970][    T1]        workqueue_prepare_cpu+0xb5/0x160
[    7.426978][    T1]        cpuhp_invoke_callback+0x3d5/0xa10
[    7.426986][    T1]        __cpuhp_invoke_callback_range+0x101/0x210
[    7.426993][    T1]        _cpu_up+0x3f5/0x930
[    7.427000][    T1]        cpu_up+0x1dc/0x240
[    7.427007][    T1]        cpuhp_bringup_mask+0xd8/0x210
[    7.427016][    T1]        bringup_nonboot_cpus+0x176/0x1c0
[    7.427021][    T1]        smp_init+0x34/0x160
[    7.427027][    T1]        kernel_init_freeable+0x3a8/0x910
[    7.427034][    T1]        kernel_init+0x1c/0x2b0
[    7.427039][    T1]        ret_from_fork+0x5d4/0x6f0
[    7.427045][    T1]        ret_from_fork_asm+0x1a/0x30
[    7.427050][    T1] 
[    7.427050][    T1] -> #0 (cpu_hotplug_lock){++++}-{0:0}:
[    7.427058][    T1]        __lock_acquire+0x126f/0x1c90
[    7.427066][    T1]        lock_acquire+0x179/0x350
[    7.427072][    T1]        cpus_read_lock+0x42/0x160
[    7.427079][    T1]        static_key_slow_inc+0x12/0x30
[    7.427084][    T1]        rq_qos_add+0x2f8/0x4b0
[    7.427089][    T1]        wbt_init+0x3b2/0x550
[    7.427096][    T1]        wbt_enable_default+0x26b/0x2d0
[    7.427103][    T1]        blk_register_queue+0x39e/0x4e0
[    7.427109][    T1]        __add_disk+0x74a/0xf00
[    7.427114][    T1]        add_disk_fwnode+0x13f/0x5d0
[    7.427119][    T1]        loop_add+0x91e/0xb80
[    7.427124][    T1]        loop_init+0x164/0x270
[    7.427131][    T1]        do_one_initcall+0x120/0x6e0
[    7.427138][    T1]        kernel_init_freeable+0x5c2/0x910
[    7.427145][    T1]        kernel_init+0x1c/0x2b0
[    7.427150][    T1]        ret_from_fork+0x5d4/0x6f0
[    7.427156][    T1]        ret_from_fork_asm+0x1a/0x30
[    7.427160][    T1] 
[    7.427160][    T1] other info that might help us debug this:
[    7.427160][    T1] 
[    7.427162][    T1] Chain exists of:
[    7.427162][    T1]   cpu_hotplug_lock --> fs_reclaim --> &q->q_usage_counter(io)#17
[    7.427162][    T1] 
[    7.427172][    T1]  Possible unsafe locking scenario:
[    7.427172][    T1] 
[    7.427174][    T1]        CPU0                    CPU1
[    7.427175][    T1]        ----                    ----
[    7.427177][    T1]   lock(&q->q_usage_counter(io)#17);
[    7.427182][    T1]                                lock(fs_reclaim);
[    7.427186][    T1]                                lock(&q->q_usage_counter(io)#17);
[    7.427191][    T1]   rlock(cpu_hotplug_lock);
[    7.427195][    T1] 
[    7.427195][    T1]  *** DEADLOCK ***
[    7.427195][    T1] 
[    7.427196][    T1] 5 locks held by swapper/0/1:
[    7.427199][    T1]  #0: ffff88801c75f3c8 (&set->update_nr_hwq_lock){.+.+}-{4:4}, at: add_disk_fwnode+0x12e/0x5d0
[    7.427213][    T1]  #1: ffff88802260b178 (&q->sysfs_lock){+.+.}-{4:4}, at: blk_register_queue+0x10c/0x4e0
[    7.427228][    T1]  #2: ffff88802260ada0 (&q->rq_qos_mutex){+.+.}-{4:4}, at: wbt_init+0x39c/0x550
[    7.427242][    T1]  #3: ffff88802260ab68 (&q->q_usage_counter(io)#17){++++}-{0:0}, at: blk_mq_freeze_queue_nomemsave+0x15/0x20
[    7.427259][    T1]  #4: ffff88802260aba0 (&q->q_usage_counter(queue)){+.+.}-{0:0}, at: blk_mq_freeze_queue_nomemsave+0x15/0x20
[    7.427275][    T1] 
[    7.427275][    T1] stack backtrace:
[    7.427280][    T1] CPU: 1 UID: 0 PID: 1 Comm: swapper/0 Not tainted 6.17.0-rc2-g3957a5720157-dirty #1 PREEMPT_{RT,(full)} 
[    7.427287][    T1] Hardware name: QEMU Standard PC (i440FX + PIIX, 1996), BIOS 1.16.2-debian-1.16.2-1 04/01/2014
[    7.427292][    T1] Call Trace:
[    7.427295][    T1]  <TASK>
[    7.427299][    T1]  dump_stack_lvl+0x116/0x1f0
[    7.427320][    T1]  print_circular_bug+0x275/0x350
[    7.427327][    T1]  check_noncircular+0x14c/0x170
[    7.427334][    T1]  __lock_acquire+0x126f/0x1c90
[    7.427342][    T1]  lock_acquire+0x179/0x350
[    7.427348][    T1]  ? static_key_slow_inc+0x12/0x30
[    7.427354][    T1]  ? __pfx___might_resched+0x10/0x10
[    7.427362][    T1]  cpus_read_lock+0x42/0x160
[    7.427369][    T1]  ? static_key_slow_inc+0x12/0x30
[    7.427376][    T1]  static_key_slow_inc+0x12/0x30
[    7.427382][    T1]  rq_qos_add+0x2f8/0x4b0
[    7.427387][    T1]  wbt_init+0x3b2/0x550
[    7.427394][    T1]  wbt_enable_default+0x26b/0x2d0
[    7.427402][    T1]  blk_register_queue+0x39e/0x4e0
[    7.427409][    T1]  __add_disk+0x74a/0xf00
[    7.427416][    T1]  add_disk_fwnode+0x13f/0x5d0
[    7.427422][    T1]  loop_add+0x91e/0xb80
[    7.427428][    T1]  ? __pfx_loop_add+0x10/0x10
[    7.427438][    T1]  ? __register_blkdev+0x321/0x4b0
[    7.427446][    T1]  ? __pfx_loop_init+0x10/0x10
[    7.427452][    T1]  loop_init+0x164/0x270
[    7.427460][    T1]  do_one_initcall+0x120/0x6e0
[    7.427468][    T1]  ? __pfx_do_one_initcall+0x10/0x10
[    7.427477][    T1]  ? trace_kmalloc+0x2b/0xd0
[    7.427484][    T1]  ? __kmalloc_noprof+0x214/0x450
[    7.427491][    T1]  kernel_init_freeable+0x5c2/0x910
[    7.427499][    T1]  ? __pfx_kernel_init+0x10/0x10
[    7.427505][    T1]  kernel_init+0x1c/0x2b0
[    7.427510][    T1]  ? __pfx_kernel_init+0x10/0x10
[    7.427515][    T1]  ret_from_fork+0x5d4/0x6f0
[    7.427522][    T1]  ? __pfx_kernel_init+0x10/0x10
[    7.427528][    T1]  ret_from_fork_asm+0x1a/0x30
[    7.427535][    T1]  </TASK>
[    7.460012][    T1] loop: module loaded
[    7.640842][    T1] zram: Added device: zram0
[    7.649887][    T1] null_blk: disk nullb0 created
[    7.649901][    T1] null_blk: module loaded
[    7.650616][    T1] Guest personality initialized and is inactive
[    7.650921][    T1] VMCI host device registered (name=vmci, major=10, minor=265)
[    7.650927][    T1] Initialized host personality
[    7.651082][    T1] usbcore: registered new interface driver rtsx_usb
[    7.651997][    T1] usbcore: registered new interface driver viperboard
[    7.652184][    T1] usbcore: registered new interface driver dln2
[    7.653089][    T1] usbcore: registered new interface driver pn533_usb
[    7.657505][    T1] nfcsim 0.2 initialized
[    7.657783][    T1] usbcore: registered new interface driver port100
[    7.657885][    T1] usbcore: registered new interface driver nfcmrvl
[    7.659917][    T1] Loading iSCSI transport class v2.0-870.
[    7.662891][    T1] st: Version 20160209, fixed bufsize 32768, s/g segs 256
[    7.695366][    T1] scsi host0: ata_piix
[    7.696954][    T1] scsi host1: ata_piix
[    7.697615][    T1] ata1: PATA max MWDMA2 cmd 0x1f0 ctl 0x3f6 bmdma 0xc000 irq 14 lpm-pol 0
[    7.697624][    T1] ata2: PATA max MWDMA2 cmd 0x170 ctl 0x376 bmdma 0xc008 irq 15 lpm-pol 0
[    7.702041][    T1] Rounding down aligned max_sectors from 4294967295 to 4294967288
[    7.702259][    T1] db_root: cannot open: /etc/target
[    7.703551][    T1] slram: not enough parameters.
[    7.705251][    T1] ftl_cs: FTL header not found.
[    7.727786][    T1] wireguard: WireGuard 1.0.0 loaded. See www.wireguard.com for information.
[    7.727794][    T1] wireguard: Copyright (C) 2015-2019 Jason A. Donenfeld <Jason@zx2c4.com>. All Rights Reserved.
[    7.727797][    T1] eql: Equalizer2002: Simon Janes (simon@ncm.com) and David S. Miller (davem@redhat.com)
[    7.730909][    T1] MACsec IEEE 802.1AE
[    7.746709][    T1] usbcore: registered new interface driver mvusb_mdio
[    7.748368][    T1] tun: Universal TUN/TAP device driver, 1.6
[    7.750386][    T1] vcan: Virtual CAN interface driver
[    7.750400][    T1] vxcan: Virtual CAN Tunnel driver
[    7.750435][    T1] slcan: serial line CAN interface driver
[    7.750471][    T1] CAN device driver interface
[    7.750654][    T1] usbcore: registered new interface driver usb_8dev
[    7.750766][    T1] usbcore: registered new interface driver ems_usb
[    7.750852][    T1] usbcore: registered new interface driver esd_usb
[    7.750958][    T1] usbcore: registered new interface driver etas_es58x
[    7.751047][    T1] usbcore: registered new interface driver f81604
[    7.751135][    T1] usbcore: registered new interface driver gs_usb
[    7.751249][    T1] usbcore: registered new interface driver kvaser_usb
[    7.751334][    T1] usbcore: registered new interface driver mcba_usb
[    7.751479][    T1] usbcore: registered new interface driver peak_usb
[    7.751568][    T1] usbcore: registered new interface driver ucan
[    7.751799][    T1] e100: Intel(R) PRO/100 Network Driver
[    7.751802][    T1] e100: Copyright(c) 1999-2006 Intel Corporation
[    7.751912][    T1] e1000: Intel(R) PRO/1000 Network Driver
[    7.751915][    T1] e1000: Copyright (c) 1999-2006 Intel Corporation.
[    7.781090][    T1] e1000e: Intel(R) PRO/1000 Network Driver
[    7.781111][    T1] e1000e: Copyright(c) 1999 - 2015 Intel Corporation.
[    7.785126][    T1] mkiss: AX.25 Multikiss, Hans Albas PE1AYX
[    7.785328][    T1] AX.25: bpqether driver version 004
[    7.785332][    T1] PPP generic driver version 2.4.2
[    7.786487][    T1] PPP BSD Compression module registered
[    7.786512][    T1] PPP Deflate Compression module registered
[    7.786550][    T1] PPP MPPE Compression module registered
[    7.786562][    T1] NET: Registered PF_PPPOX protocol family
[    7.786695][    T1] PPTP driver version 0.8.5
[    7.786830][    T1] SLIP: version 0.8.4-NET3.019-NEWTTY (dynamic channels, max=256) (6 bit encapsulation enabled).
[    7.786836][    T1] CSLIP: code copyright 1989 Regents of the University of California.
[    7.786838][    T1] SLIP linefill/keepalive option.
[    7.786846][    T1] hdlc: HDLC support module revision 1.22
[    7.786878][    T1] LAPB Ethernet driver version 0.02
[    7.787542][    T1] usbcore: registered new interface driver ath9k_htc
[    7.787654][    T1] usbcore: registered new interface driver carl9170
[    7.787767][    T1] usbcore: registered new interface driver ath6kl_usb
[    7.787881][    T1] usbcore: registered new interface driver ar5523
[    7.788110][    T1] usbcore: registered new interface driver ath10k_usb
[    7.788300][    T1] usbcore: registered new interface driver plfxlc
[    7.788395][    T1] mac80211_hwsim: initializing netlink
[    7.789408][    T1] ieee80211 phy0: Selected rate control algorithm 'minstrel_ht'
[    7.833157][    T1] ieee80211 phy1: Selected rate control algorithm 'minstrel_ht'
[    7.841490][    T1] usbcore: registered new interface driver atusb
[    7.848803][    T1] mac802154_hwsim mac802154_hwsim: Added 2 mac802154 hwsim hardware radios
[    7.849414][    T1] VMware vmxnet3 virtual NIC driver - version 1.9.0.0-k-NAPI
[    7.849888][    T1] usbcore: registered new interface driver catc
[    7.850056][    T1] usbcore: registered new interface driver kaweth
[    7.850060][    T1] pegasus: Pegasus/Pegasus II USB Ethernet driver
[    7.850268][    T1] usbcore: registered new interface driver pegasus
[    7.850442][    T1] usbcore: registered new interface driver rtl8150
[    7.850562][    T1] usbcore: registered new device driver r8152-cfgselector
[    7.850748][    T1] usbcore: registered new interface driver r8152
[    7.850953][    T1] usbcore: registered new interface driver hso
[    7.851558][    T1] usbcore: registered new interface driver lan78xx
[    7.852292][    T1] usbcore: registered new interface driver asix
[    7.854124][    T1] usbcore: registered new interface driver ax88179_178a
[    7.854476][    T1] usbcore: registered new interface driver cdc_ether
[    7.854589][    T1] usbcore: registered new interface driver cdc_eem
[    7.854701][    T1] usbcore: registered new interface driver dm9601
[    7.854792][    T1] usbcore: registered new interface driver sr9700
[    7.854891][    T1] usbcore: registered new interface driver CoreChips
[    7.855014][    T1] usbcore: registered new interface driver smsc75xx
[    7.855130][    T1] usbcore: registered new interface driver smsc95xx
[    7.855226][    T1] usbcore: registered new interface driver gl620a
[    7.855342][    T1] usbcore: registered new interface driver net1080
[    7.855436][    T1] usbcore: registered new interface driver plusb
[    7.855525][    T1] usbcore: registered new interface driver rndis_host
[    7.855612][    T1] usbcore: registered new interface driver cdc_subset
[    7.855719][    T1] usbcore: registered new interface driver zaurus
[    7.855811][    T1] usbcore: registered new interface driver MOSCHIP usb-ethernet driver
[    7.855901][    T1] usbcore: registered new interface driver int51x1
[    7.855990][    T1] usbcore: registered new interface driver cdc_phonet
[    7.856087][    T1] usbcore: registered new interface driver kalmia
[    7.856199][    T1] usbcore: registered new interface driver ipheth
[    7.856291][    T1] usbcore: registered new interface driver sierra_net
[    7.856379][    T1] usbcore: registered new interface driver cx82310_eth
[    7.856477][    T1] usbcore: registered new interface driver cdc_ncm
[    7.856561][    T1] usbcore: registered new interface driver huawei_cdc_ncm
[    7.856664][    T1] usbcore: registered new interface driver lg-vl600
[    7.856749][    T1] usbcore: registered new interface driver qmi_wwan
[    7.856910][    T1] usbcore: registered new interface driver cdc_mbim
[    7.857011][    T1] usbcore: registered new interface driver ch9200
[    7.857101][    T1] usbcore: registered new interface driver aqc111
[    7.857187][    T1] usbcore: registered new interface driver r8153_ecm
[    7.864156][ T1021] ata2: found unknown device (class 0)
[    7.866341][ T1021] ata2.00: ATAPI: QEMU DVD-ROM, 2.5+, max UDMA/100
[    7.872810][   T46] scsi 1:0:0:0: CD-ROM            QEMU     QEMU DVD-ROM     2.5+ PQ: 0 ANSI: 5
[    7.883242][    T1] VFIO - User Level meta-driver version: 0.3
[    7.887500][    T1] aoe: AoE v85 initialised.
[    7.905963][    T1] usbcore: registered new interface driver cdc_acm
[    7.905971][    T1] cdc_acm: USB Abstract Control Model driver for USB modems and ISDN adapters
[    7.906086][    T1] usbcore: registered new interface driver usblp
[    7.906175][    T1] usbcore: registered new interface driver cdc_wdm
[    7.906266][    T1] usbcore: registered new interface driver usbtmc
[    7.906923][    T1] usbcore: registered new interface driver uas
[    7.907030][    T1] usbcore: registered new interface driver usb-storage
[    7.907112][    T1] usbcore: registered new interface driver ums-alauda
[    7.907191][    T1] usbcore: registered new interface driver ums-cypress
[    7.907271][    T1] usbcore: registered new interface driver ums-datafab
[    7.907356][    T1] usbcore: registered new interface driver ums_eneub6250
[    7.907438][    T1] usbcore: registered new interface driver ums-freecom
[    7.907516][    T1] usbcore: registered new interface driver ums-isd200
[    7.907594][    T1] usbcore: registered new interface driver ums-jumpshot
[    7.907679][    T1] usbcore: registered new interface driver ums-karma
[    7.907756][    T1] usbcore: registered new interface driver ums-onetouch
[    7.907846][    T1] usbcore: registered new interface driver ums-realtek
[    7.907966][    T1] usbcore: registered new interface driver ums-sddr09
[    7.908061][    T1] usbcore: registered new interface driver ums-sddr55
[    7.908142][    T1] usbcore: registered new interface driver ums-usbat
[    7.908273][    T1] usbcore: registered new interface driver mdc800
[    7.908276][    T1] mdc800: v0.7.5 (30/10/2000):USB Driver for Mustek MDC800 Digital Camera
[    7.908394][    T1] usbcore: registered new interface driver microtekX6
[    7.908597][    T1] usbcore: registered new interface driver usbserial_generic
[    7.908650][    T1] usbserial: USB Serial support registered for generic
[    7.908725][    T1] usbcore: registered new interface driver aircable
[    7.908770][    T1] usbserial: USB Serial support registered for aircable
[    7.908831][    T1] usbcore: registered new interface driver ark3116
[    7.908873][    T1] usbserial: USB Serial support registered for ark3116
[    7.908933][    T1] usbcore: registered new interface driver belkin_sa
[    7.908982][    T1] usbserial: USB Serial support registered for Belkin / Peracom / GoHubs USB Serial Adapter
[    7.909045][    T1] usbcore: registered new interface driver ch341
[    7.909082][    T1] usbserial: USB Serial support registered for ch341-uart
[    7.909146][    T1] usbcore: registered new interface driver cp210x
[    7.909188][    T1] usbserial: USB Serial support registered for cp210x
[    7.909250][    T1] usbcore: registered new interface driver cyberjack
[    7.909287][    T1] usbserial: USB Serial support registered for Reiner SCT Cyberjack USB card reader
[    7.909374][    T1] usbcore: registered new interface driver cypress_m8
[    7.909415][    T1] usbserial: USB Serial support registered for DeLorme Earthmate USB
[    7.909452][    T1] usbserial: USB Serial support registered for HID->COM RS232 Adapter
[    7.909488][    T1] usbserial: USB Serial support registered for Nokia CA-42 V2 Adapter
[    7.909548][    T1] usbcore: registered new interface driver usb_debug
[    7.909588][    T1] usbserial: USB Serial support registered for debug
[    7.909627][    T1] usbserial: USB Serial support registered for xhci_dbc
[    7.909692][    T1] usbcore: registered new interface driver digi_acceleport
[    7.909742][    T1] usbserial: USB Serial support registered for Digi 2 port USB adapter
[    7.909785][    T1] usbserial: USB Serial support registered for Digi 4 port USB adapter
[    7.909847][    T1] usbcore: registered new interface driver io_edgeport
[    7.909886][    T1] usbserial: USB Serial support registered for Edgeport 2 port adapter
[    7.909921][    T1] usbserial: USB Serial support registered for Edgeport 4 port adapter
[    7.909970][    T1] usbserial: USB Serial support registered for Edgeport 8 port adapter
[    7.910005][    T1] usbserial: USB Serial support registered for EPiC device
[    7.910067][    T1] usbcore: registered new interface driver io_ti
[    7.910129][    T1] usbserial: USB Serial support registered for Edgeport TI 1 port adapter
[    7.910169][    T1] usbserial: USB Serial support registered for Edgeport TI 2 port adapter
[    7.910232][    T1] usbcore: registered new interface driver empeg
[    7.910269][    T1] usbserial: USB Serial support registered for empeg
[    7.910373][    T1] usbcore: registered new interface driver f81534a_ctrl
[    7.910459][    T1] usbcore: registered new interface driver f81232
[    7.910504][    T1] usbserial: USB Serial support registered for f81232
[    7.910542][    T1] usbserial: USB Serial support registered for f81534a
[    7.910606][    T1] usbcore: registered new interface driver f81534
[    7.910650][    T1] usbserial: USB Serial support registered for Fintek F81532/F81534
[    7.910714][    T1] usbcore: registered new interface driver ftdi_sio
[    7.910755][    T1] usbserial: USB Serial support registered for FTDI USB Serial Device
[    7.910821][    T1] usbcore: registered new interface driver garmin_gps
[    7.910863][    T1] usbserial: USB Serial support registered for Garmin GPS usb/tty
[    7.910925][    T1] usbcore: registered new interface driver ipaq
[    7.910961][    T1] usbserial: USB Serial support registered for PocketPC PDA
[    7.911052][    T1] usbcore: registered new interface driver ipw
[    7.911093][    T1] usbserial: USB Serial support registered for IPWireless converter
[    7.911157][    T1] usbcore: registered new interface driver ir_usb
[    7.911198][    T1] usbserial: USB Serial support registered for IR Dongle
[    7.911259][    T1] usbcore: registered new interface driver iuu_phoenix
[    7.911303][    T1] usbserial: USB Serial support registered for iuu_phoenix
[    7.911365][    T1] usbcore: registered new interface driver keyspan
[    7.911402][    T1] usbserial: USB Serial support registered for Keyspan - (without firmware)
[    7.911437][    T1] usbserial: USB Serial support registered for Keyspan 1 port adapter
[    7.911478][    T1] usbserial: USB Serial support registered for Keyspan 2 port adapter
[    7.911514][    T1] usbserial: USB Serial support registered for Keyspan 4 port adapter
[    7.911579][    T1] usbcore: registered new interface driver keyspan_pda
[    7.911616][    T1] usbserial: USB Serial support registered for Keyspan PDA
[    7.911657][    T1] usbserial: USB Serial support registered for Keyspan PDA - (prerenumeration)
[    7.911739][    T1] usbcore: registered new interface driver kl5kusb105
[    7.911778][    T1] usbserial: USB Serial support registered for KL5KUSB105D / PalmConnect
[    7.911871][    T1] usbcore: registered new interface driver kobil_sct
[    7.911915][    T1] usbserial: USB Serial support registered for KOBIL USB smart card terminal
[    7.912000][    T1] usbcore: registered new interface driver mct_u232
[    7.912039][    T1] usbserial: USB Serial support registered for MCT U232
[    7.912133][    T1] usbcore: registered new interface driver metro_usb
[    7.912180][    T1] usbserial: USB Serial support registered for Metrologic USB to Serial
[    7.912250][    T1] usbcore: registered new interface driver mos7720
[    7.912287][    T1] usbserial: USB Serial support registered for Moschip 2 port adapter
[    7.930616][    T1] usbcore: registered new interface driver mos7840
[    7.930862][    T1] usbserial: USB Serial support registered for Moschip 7840/7820 USB Serial Driver
[    7.931152][    T1] usbcore: registered new interface driver mxuport
[    7.931196][    T1] usbserial: USB Serial support registered for MOXA UPort
[    7.931265][    T1] usbcore: registered new interface driver navman
[    7.931308][    T1] usbserial: USB Serial support registered for navman
[    7.931381][    T1] usbcore: registered new interface driver omninet
[    7.931428][    T1] usbserial: USB Serial support registered for ZyXEL - omni.net usb
[    7.931512][    T1] usbcore: registered new interface driver opticon
[    7.931583][    T1] usbserial: USB Serial support registered for opticon
[    7.931676][    T1] usbcore: registered new interface driver option
[    7.931714][    T1] usbserial: USB Serial support registered for GSM modem (1-port)
[    7.931777][    T1] usbcore: registered new interface driver oti6858
[    7.931820][    T1] usbserial: USB Serial support registered for oti6858
[    7.931888][    T1] usbcore: registered new interface driver pl2303
[    7.931926][    T1] usbserial: USB Serial support registered for pl2303
[    7.932034][    T1] usbcore: registered new interface driver qcaux
[    7.932085][    T1] usbserial: USB Serial support registered for qcaux
[    7.932154][    T1] usbcore: registered new interface driver qcserial
[    7.932191][    T1] usbserial: USB Serial support registered for Qualcomm USB modem
[    7.932260][    T1] usbcore: registered new interface driver quatech2
[    7.932303][    T1] usbserial: USB Serial support registered for Quatech 2nd gen USB to Serial Driver
[    7.932466][    T1] usbcore: registered new interface driver safe_serial
[    7.932513][    T1] usbserial: USB Serial support registered for safe_serial
[    7.932582][    T1] usbcore: registered new interface driver sierra
[    7.932629][    T1] usbserial: USB Serial support registered for Sierra USB modem
[    7.932693][    T1] usbcore: registered new interface driver usb_serial_simple
[    7.932775][    T1] usbserial: USB Serial support registered for carelink
[    7.932830][    T1] usbserial: USB Serial support registered for flashloader
[    7.932880][    T1] usbserial: USB Serial support registered for funsoft
[    7.932916][    T1] usbserial: USB Serial support registered for google
[    7.932951][    T1] usbserial: USB Serial support registered for hp4x
[    7.932990][    T1] usbserial: USB Serial support registered for kaufmann
[    7.933031][    T1] usbserial: USB Serial support registered for libtransistor
[    7.933067][    T1] usbserial: USB Serial support registered for moto_modem
[    7.933103][    T1] usbserial: USB Serial support registered for motorola_tetra
[    7.933140][    T1] usbserial: USB Serial support registered for nokia
[    7.933181][    T1] usbserial: USB Serial support registered for novatel_gps
[    7.933226][    T1] usbserial: USB Serial support registered for owon
[    7.933262][    T1] usbserial: USB Serial support registered for siemens_mpi
[    7.933297][    T1] usbserial: USB Serial support registered for suunto
[    7.933339][    T1] usbserial: USB Serial support registered for vivopay
[    7.933410][    T1] usbserial: USB Serial support registered for zio
[    7.933499][    T1] usbcore: registered new interface driver spcp8x5
[    7.933539][    T1] usbserial: USB Serial support registered for SPCP8x5
[    7.933610][    T1] usbcore: registered new interface driver ssu100
[    7.933649][    T1] usbserial: USB Serial support registered for Quatech SSU-100 USB to Serial Driver
[    7.933714][    T1] usbcore: registered new interface driver symbolserial
[    7.933752][    T1] usbserial: USB Serial support registered for symbol
[    7.933834][    T1] usbcore: registered new interface driver ti_usb_3410_5052
[    7.933871][    T1] usbserial: USB Serial support registered for TI USB 3410 1 port adapter
[    7.933906][    T1] usbserial: USB Serial support registered for TI USB 5052 2 port adapter
[    7.933971][    T1] usbcore: registered new interface driver upd78f0730
[    7.934018][    T1] usbserial: USB Serial support registered for upd78f0730
[    7.934081][    T1] usbcore: registered new interface driver visor
[    7.934117][    T1] usbserial: USB Serial support registered for Handspring Visor / Palm OS
[    7.934154][    T1] usbserial: USB Serial support registered for Sony Clie 5.0
[    7.934195][    T1] usbserial: USB Serial support registered for Sony Clie 3.5
[    7.934302][    T1] usbcore: registered new interface driver wishbone_serial
[    7.934341][    T1] usbserial: USB Serial support registered for wishbone_serial
[    7.934404][    T1] usbcore: registered new interface driver whiteheat
[    7.934448][    T1] usbserial: USB Serial support registered for Connect Tech - WhiteHEAT - (prerenumeration)
[    7.934498][    T1] usbserial: USB Serial support registered for Connect Tech - WhiteHEAT
[    7.934563][    T1] usbcore: registered new interface driver xr_serial
[    7.934600][    T1] usbserial: USB Serial support registered for xr_serial
[    7.934690][    T1] usbcore: registered new interface driver xsens_mt
[    7.934730][    T1] usbserial: USB Serial support registered for xsens_mt
[    7.934902][    T1] usbcore: registered new interface driver adutux
[    7.934995][    T1] usbcore: registered new interface driver appledisplay
[    7.935101][    T1] usbcore: registered new interface driver cypress_cy7c63
[    7.935196][    T1] usbcore: registered new interface driver cytherm
[    7.935290][    T1] usbcore: registered new interface driver emi26 - firmware loader
[    7.935388][    T1] usbcore: registered new interface driver emi62 - firmware loader
[    7.935480][    T1] usbcore: registered new device driver apple-mfi-fastcharge
[    7.935599][    T1] usbcore: registered new interface driver ljca
[    7.935696][    T1] usbcore: registered new interface driver idmouse
[    7.935788][    T1] usbcore: registered new interface driver iowarrior
[    7.935885][    T1] usbcore: registered new interface driver isight_firmware
[    7.935977][    T1] usbcore: registered new interface driver usblcd
[    7.936167][    T1] usbcore: registered new interface driver ldusb
[    7.936330][    T1] usbcore: registered new interface driver legousbtower
[    7.940293][    T1] usbcore: registered new interface driver usbtest
[    7.940621][    T1] usbcore: registered new interface driver usb_ehset_test
[    7.940727][    T1] usbcore: registered new interface driver trancevibrator
[    7.940923][    T1] usbcore: registered new interface driver uss720
[    7.940926][    T1] uss720: USB Parport Cable driver for Cables using the Lucent Technologies USS720 Chip
[    7.940929][    T1] uss720: NOTE: this is a special purpose driver to allow nonstandard
[    7.940931][    T1] uss720: protocols (eg. bitbang) over USS720 usb to parallel cables
[    7.940933][    T1] uss720: If you just want to connect to a printer, use usblp instead
[    7.941057][    T1] usbcore: registered new interface driver usbsevseg
[    7.941187][    T1] usbcore: registered new interface driver yurex
[    7.941640][    T1] usbcore: registered new interface driver chaoskey
[    7.944358][    T1] usbcore: registered new interface driver sisusb
[    7.944484][    T1] usbcore: registered new interface driver lvs
[    7.944583][    T1] usbcore: registered new interface driver cxacru
[    7.944695][    T1] usbcore: registered new interface driver speedtch
[    7.944792][    T1] usbcore: registered new interface driver ueagle-atm
[    7.944799][    T1] xusbatm: malformed module parameters
[    7.945747][    T1] dummy_hcd dummy_hcd.0: USB Host+Gadget Emulator, driver 02 May 2005
[    7.945783][    T1] dummy_hcd dummy_hcd.0: Dummy host controller
[    7.950193][    T1] dummy_hcd dummy_hcd.0: new USB bus registered, assigned bus number 1
[    7.950287][    C1] BUG: sleeping function called from invalid context at kernel/locking/spinlock_rt.c:48
[    7.950293][    C1] in_atomic(): 0, irqs_disabled(): 1, non_block: 0, pid: 30, name: ksoftirqd/1
[    7.950298][    C1] preempt_count: 0, expected: 0
[    7.950301][    C1] RCU nest depth: 2, expected: 2
[    7.950304][    C1] INFO: lockdep is turned off.
[    7.950307][    C1] irq event stamp: 1948
[    7.950309][    C1] hardirqs last  enabled at (1947): [<ffffffff81880b31>] finish_task_switch.isra.0+0x221/0xc30
[    7.950359][    C1] hardirqs last disabled at (1948): [<ffffffff8b0fcc9a>] __schedule+0x200a/0x5d40
[    7.950378][    C1] softirqs last  enabled at (1944): [<ffffffff817ba09d>] run_ksoftirqd+0xed/0x190
[    7.950389][    C1] softirqs last disabled at (1938): [<ffffffff8185e707>] smpboot_thread_fn+0x3f7/0xae0
[    7.950405][    C1] CPU: 1 UID: 0 PID: 30 Comm: ksoftirqd/1 Not tainted 6.17.0-rc2-g3957a5720157-dirty #1 PREEMPT_{RT,(full)} 
[    7.950414][    C1] Hardware name: QEMU Standard PC (i440FX + PIIX, 1996), BIOS 1.16.2-debian-1.16.2-1 04/01/2014
[    7.950418][    C1] Call Trace:
[    7.950421][    C1]  <TASK>
[    7.950426][    C1]  dump_stack_lvl+0x116/0x1f0
[    7.950448][    C1]  __might_resched+0x3b3/0x570
[    7.950458][    C1]  ? lock_acquire+0x2cd/0x350
[    7.950465][    C1]  ? __pfx___might_resched+0x10/0x10
[    7.950473][    C1]  ? led_trigger_blink_setup+0x1ba/0x330
[    7.950485][    C1]  rt_spin_lock+0xca/0x290
[    7.950502][    C1]  ? __pfx_rt_spin_lock+0x10/0x10
[    7.950508][    C1]  ? __pfx_led_trigger_blink_setup+0x10/0x10
[    7.950516][    C1]  ? rcu_is_watching+0x12/0xc0
[    7.950523][    C1]  ? usb_hcd_unmap_urb_setup_for_dma+0x8e/0x3a0
[    7.950534][    C1]  kcov_remote_start+0xa6/0x4b0
[    7.950543][    C1]  __usb_hcd_giveback_urb+0x38f/0x7a0
[    7.950552][    C1]  usb_giveback_urb_bh+0x297/0x580
[    7.950560][    C1]  ? __pfx_usb_giveback_urb_bh+0x10/0x10
[    7.950568][    C1]  ? lock_acquire+0x2cd/0x350
[    7.950575][    C1]  ? rcu_is_watching+0x12/0xc0
[    7.950582][    C1]  process_one_work+0x9cf/0x1b70
[    7.950592][    C1]  ? __pfx_process_one_work+0x10/0x10
[    7.950600][    C1]  ? assign_work+0x1a0/0x250
[    7.950607][    C1]  bh_worker+0x5a4/0x8a0
[    7.950616][    C1]  ? __pfx_bh_worker+0x10/0x10
[    7.950623][    C1]  ? rcu_is_watching+0x12/0xc0
[    7.950631][    C1]  workqueue_softirq_action+0x12c/0x190
[    7.950641][    C1]  tasklet_action+0x14/0x70
[    7.950650][    C1]  handle_softirqs.constprop.0+0x1c0/0x800
[    7.950660][    C1]  ? __pfx_handle_softirqs.constprop.0+0x10/0x10
[    7.950670][    C1]  ? __pfx_run_ksoftirqd+0x10/0x10
[    7.950678][    C1]  ? smpboot_thread_fn+0x326/0xae0
[    7.950687][    C1]  run_ksoftirqd+0xcb/0x190
[    7.950696][    C1]  smpboot_thread_fn+0x3f7/0xae0
[    7.950705][    C1]  ? __pfx_smpboot_thread_fn+0x10/0x10
[    7.950714][    C1]  kthread+0x3c5/0x780
[    7.950720][    C1]  ? __pfx_rt_mutex_slowunlock+0x10/0x10
[    7.950727][    C1]  ? rt_spin_lock+0x1e0/0x290
[    7.950734][    C1]  ? __pfx_kthread+0x10/0x10
[    7.950740][    C1]  ? rt_spin_unlock+0x32/0x90
[    7.950747][    C1]  ? __pfx_kthread+0x10/0x10
[    7.950754][    C1]  ret_from_fork+0x5d4/0x6f0
[    7.950762][    C1]  ? __pfx_kthread+0x10/0x10
[    7.950769][    C1]  ret_from_fork_asm+0x1a/0x30
[    7.950777][    C1]  </TASK>
[    7.951082][    T1] usb usb1: New USB device found, idVendor=1d6b, idProduct=0002, bcdDevice= 6.17
[    7.951090][    T1] usb usb1: New USB device strings: Mfr=3, Product=2, SerialNumber=1
[    7.951096][    T1] usb usb1: Product: Dummy host controller
[    7.951101][    T1] usb usb1: Manufacturer: Linux 6.17.0-rc2-g3957a5720157-dirty dummy_hcd
[    7.951106][    T1] usb usb1: SerialNumber: dummy_hcd.0
[    7.953235][    T1] hub 1-0:1.0: USB hub found
[    7.953407][    T1] hub 1-0:1.0: 1 port detected
[    7.956113][    T1] SPI driver max3420-udc has no spi_device_id for maxim,max3421-udc
[    7.956546][    T1] gadgetfs: USB Gadget filesystem, version 24 Aug 2004
[    7.957392][    T1] vhci_hcd vhci_hcd.0: USB/IP Virtual Host Controller
[    7.957869][    T1] vhci_hcd vhci_hcd.0: new USB bus registered, assigned bus number 2
[    7.958076][    T1] vhci_hcd: created sysfs vhci_hcd.0
[    7.959108][    T1] usb usb2: New USB device found, idVendor=1d6b, idProduct=0002, bcdDevice= 6.17
[    7.959126][    T1] usb usb2: New USB device strings: Mfr=3, Product=2, SerialNumber=1
[    7.959142][    T1] usb usb2: Product: USB/IP Virtual Host Controller
[    7.959147][    T1] usb usb2: Manufacturer: Linux 6.17.0-rc2-g3957a5720157-dirty vhci_hcd
[    7.959152][    T1] usb usb2: SerialNumber: vhci_hcd.0
[    7.960823][    T1] hub 2-0:1.0: USB hub found
[    7.961002][    T1] hub 2-0:1.0: 8 ports detected
[    7.964994][    T1] vhci_hcd vhci_hcd.0: USB/IP Virtual Host Controller
[    7.965929][    T1] vhci_hcd vhci_hcd.0: new USB bus registered, assigned bus number 3
[    7.966136][    T1] usb usb3: We don't know the algorithms for LPM for this host, disabling LPM.
[    7.966457][    T1] usb usb3: New USB device found, idVendor=1d6b, idProduct=0003, bcdDevice= 6.17
[    7.966464][    T1] usb usb3: New USB device strings: Mfr=3, Product=2, SerialNumber=1
[    7.966471][    T1] usb usb3: Product: USB/IP Virtual Host Controller
[    7.966476][    T1] usb usb3: Manufacturer: Linux 6.17.0-rc2-g3957a5720157-dirty vhci_hcd
[    7.966481][    T1] usb usb3: SerialNumber: vhci_hcd.0
[    7.967647][    T1] hub 3-0:1.0: USB hub found
[    7.967775][    T1] hub 3-0:1.0: 8 ports detected
[    7.971566][    T1] vhci_hcd vhci_hcd.1: USB/IP Virtual Host Controller
[    7.971903][    T1] vhci_hcd vhci_hcd.1: new USB bus registered, assigned bus number 4
[    7.972314][    T1] usb usb4: New USB device found, idVendor=1d6b, idProduct=0002, bcdDevice= 6.17
[    7.972323][    T1] usb usb4: New USB device strings: Mfr=3, Product=2, SerialNumber=1
[    7.972639][    T1] usb usb4: Product: USB/IP Virtual Host Controller
[    7.972651][    T1] usb usb4: Manufacturer: Linux 6.17.0-rc2-g3957a5720157-dirty vhci_hcd
[    7.972658][    T1] usb usb4: SerialNumber: vhci_hcd.1
[    7.974596][    T1] hub 4-0:1.0: USB hub found
[    7.974690][    T1] hub 4-0:1.0: 8 ports detected
[    7.977629][    T1] vhci_hcd vhci_hcd.1: USB/IP Virtual Host Controller
[    7.978652][    T1] vhci_hcd vhci_hcd.1: new USB bus registered, assigned bus number 5
[    7.978955][    T1] usb usb5: We don't know the algorithms for LPM for this host, disabling LPM.
[    7.979305][    T1] usb usb5: New USB device found, idVendor=1d6b, idProduct=0003, bcdDevice= 6.17
[    7.979312][    T1] usb usb5: New USB device strings: Mfr=3, Product=2, SerialNumber=1
[    7.979318][    T1] usb usb5: Product: USB/IP Virtual Host Controller
[    7.979323][    T1] usb usb5: Manufacturer: Linux 6.17.0-rc2-g3957a5720157-dirty vhci_hcd
[    7.979329][    T1] usb usb5: SerialNumber: vhci_hcd.1
[    7.982547][    T1] hub 5-0:1.0: USB hub found
[    7.982669][    T1] hub 5-0:1.0: 8 ports detected
[    7.991504][    T1] vhci_hcd vhci_hcd.2: USB/IP Virtual Host Controller
[    7.992129][    T1] vhci_hcd vhci_hcd.2: new USB bus registered, assigned bus number 6
[    7.992593][    T1] usb usb6: New USB device found, idVendor=1d6b, idProduct=0002, bcdDevice= 6.17
[    7.992602][    T1] usb usb6: New USB device strings: Mfr=3, Product=2, SerialNumber=1
[    7.992609][    T1] usb usb6: Product: USB/IP Virtual Host Controller
[    7.992614][    T1] usb usb6: Manufacturer: Linux 6.17.0-rc2-g3957a5720157-dirty vhci_hcd
[    7.992619][    T1] usb usb6: SerialNumber: vhci_hcd.2
[    7.993785][    T1] hub 6-0:1.0: USB hub found
[    7.994010][    T1] hub 6-0:1.0: 8 ports detected
[    8.006290][    T1] vhci_hcd vhci_hcd.2: USB/IP Virtual Host Controller
[    8.007591][    T1] vhci_hcd vhci_hcd.2: new USB bus registered, assigned bus number 7
[    8.008299][    T1] usb usb7: We don't know the algorithms for LPM for this host, disabling LPM.
[    8.008793][    T1] usb usb7: New USB device found, idVendor=1d6b, idProduct=0003, bcdDevice= 6.17
[    8.008803][    T1] usb usb7: New USB device strings: Mfr=3, Product=2, SerialNumber=1
[    8.008810][    T1] usb usb7: Product: USB/IP Virtual Host Controller
[    8.008816][    T1] usb usb7: Manufacturer: Linux 6.17.0-rc2-g3957a5720157-dirty vhci_hcd
[    8.008821][    T1] usb usb7: SerialNumber: vhci_hcd.2
[    8.011068][    T1] hub 7-0:1.0: USB hub found
[    8.011222][    T1] hub 7-0:1.0: 8 ports detected
[    8.015067][    T1] vhci_hcd vhci_hcd.3: USB/IP Virtual Host Controller
[    8.015641][    T1] vhci_hcd vhci_hcd.3: new USB bus registered, assigned bus number 8
[    8.015984][    T1] usb usb8: New USB device found, idVendor=1d6b, idProduct=0002, bcdDevice= 6.17
[    8.015993][    T1] usb usb8: New USB device strings: Mfr=3, Product=2, SerialNumber=1
[    8.016000][    T1] usb usb8: Product: USB/IP Virtual Host Controller
[    8.016005][    T1] usb usb8: Manufacturer: Linux 6.17.0-rc2-g3957a5720157-dirty vhci_hcd
[    8.016011][    T1] usb usb8: SerialNumber: vhci_hcd.3
[    8.016961][    T1] hub 8-0:1.0: USB hub found
[    8.017090][    T1] hub 8-0:1.0: 8 ports detected
[    8.020086][    T1] vhci_hcd vhci_hcd.3: USB/IP Virtual Host Controller
[    8.021595][    T1] vhci_hcd vhci_hcd.3: new USB bus registered, assigned bus number 9
[    8.022571][    T1] usb usb9: We don't know the algorithms for LPM for this host, disabling LPM.
[    8.023243][    T1] usb usb9: New USB device found, idVendor=1d6b, idProduct=0003, bcdDevice= 6.17
[    8.023276][    T1] usb usb9: New USB device strings: Mfr=3, Product=2, SerialNumber=1
[    8.023284][    T1] usb usb9: Product: USB/IP Virtual Host Controller
[    8.023289][    T1] usb usb9: Manufacturer: Linux 6.17.0-rc2-g3957a5720157-dirty vhci_hcd
[    8.023294][    T1] usb usb9: SerialNumber: vhci_hcd.3
[    8.025830][    T1] hub 9-0:1.0: USB hub found
[    8.025991][    T1] hub 9-0:1.0: 8 ports detected
[    8.030308][    T1] vhci_hcd vhci_hcd.4: USB/IP Virtual Host Controller
[    8.031622][    T1] vhci_hcd vhci_hcd.4: new USB bus registered, assigned bus number 10
[    8.032597][    T1] usb usb10: New USB device found, idVendor=1d6b, idProduct=0002, bcdDevice= 6.17
[    8.032607][    T1] usb usb10: New USB device strings: Mfr=3, Product=2, SerialNumber=1
[    8.032613][    T1] usb usb10: Product: USB/IP Virtual Host Controller
[    8.032618][    T1] usb usb10: Manufacturer: Linux 6.17.0-rc2-g3957a5720157-dirty vhci_hcd
[    8.032623][    T1] usb usb10: SerialNumber: vhci_hcd.4
[    8.034090][    T1] hub 10-0:1.0: USB hub found
[    8.034154][    T1] hub 10-0:1.0: 8 ports detected
[    8.054098][    T1] vhci_hcd vhci_hcd.4: USB/IP Virtual Host Controller
[    8.056528][    T1] vhci_hcd vhci_hcd.4: new USB bus registered, assigned bus number 11
[    8.058029][    T1] usb usb11: We don't know the algorithms for LPM for this host, disabling LPM.
[    8.058459][    T1] usb usb11: New USB device found, idVendor=1d6b, idProduct=0003, bcdDevice= 6.17
[    8.058467][    T1] usb usb11: New USB device strings: Mfr=3, Product=2, SerialNumber=1
[    8.058483][    T1] usb usb11: Product: USB/IP Virtual Host Controller
[    8.058489][    T1] usb usb11: Manufacturer: Linux 6.17.0-rc2-g3957a5720157-dirty vhci_hcd
[    8.058494][    T1] usb usb11: SerialNumber: vhci_hcd.4
[    8.060815][    T1] hub 11-0:1.0: USB hub found
[    8.061060][    T1] hub 11-0:1.0: 8 ports detected
[    8.065195][    T1] vhci_hcd vhci_hcd.5: USB/IP Virtual Host Controller
[    8.065780][    T1] vhci_hcd vhci_hcd.5: new USB bus registered, assigned bus number 12
[    8.066077][    T1] usb usb12: New USB device found, idVendor=1d6b, idProduct=0002, bcdDevice= 6.17
[    8.066085][    T1] usb usb12: New USB device strings: Mfr=3, Product=2, SerialNumber=1
[    8.066092][    T1] usb usb12: Product: USB/IP Virtual Host Controller
[    8.066097][    T1] usb usb12: Manufacturer: Linux 6.17.0-rc2-g3957a5720157-dirty vhci_hcd
[    8.066102][    T1] usb usb12: SerialNumber: vhci_hcd.5
[    8.067324][    T1] hub 12-0:1.0: USB hub found
[    8.067387][    T1] hub 12-0:1.0: 8 ports detected
[    8.071408][    T1] vhci_hcd vhci_hcd.5: USB/IP Virtual Host Controller
[    8.072271][    T1] vhci_hcd vhci_hcd.5: new USB bus registered, assigned bus number 13
[    8.074069][    T1] usb usb13: We don't know the algorithms for LPM for this host, disabling LPM.
[    8.074498][    T1] usb usb13: New USB device found, idVendor=1d6b, idProduct=0003, bcdDevice= 6.17
[    8.074506][    T1] usb usb13: New USB device strings: Mfr=3, Product=2, SerialNumber=1
[    8.074514][    T1] usb usb13: Product: USB/IP Virtual Host Controller
[    8.074530][    T1] usb usb13: Manufacturer: Linux 6.17.0-rc2-g3957a5720157-dirty vhci_hcd
[    8.074535][    T1] usb usb13: SerialNumber: vhci_hcd.5
[    8.076859][    T1] hub 13-0:1.0: USB hub found
[    8.076998][    T1] hub 13-0:1.0: 8 ports detected
[    8.082476][    T1] vhci_hcd vhci_hcd.6: USB/IP Virtual Host Controller
[    8.084092][    T1] vhci_hcd vhci_hcd.6: new USB bus registered, assigned bus number 14
[    8.085440][    T1] usb usb14: New USB device found, idVendor=1d6b, idProduct=0002, bcdDevice= 6.17
[    8.085458][    T1] usb usb14: New USB device strings: Mfr=3, Product=2, SerialNumber=1
[    8.085474][    T1] usb usb14: Product: USB/IP Virtual Host Controller
[    8.085480][    T1] usb usb14: Manufacturer: Linux 6.17.0-rc2-g3957a5720157-dirty vhci_hcd
[    8.085485][    T1] usb usb14: SerialNumber: vhci_hcd.6
[    8.087700][    T1] hub 14-0:1.0: USB hub found
[    8.087767][    T1] hub 14-0:1.0: 8 ports detected
[    8.093644][    T1] vhci_hcd vhci_hcd.6: USB/IP Virtual Host Controller
[    8.094393][    T1] vhci_hcd vhci_hcd.6: new USB bus registered, assigned bus number 15
[    8.094536][    T1] usb usb15: We don't know the algorithms for LPM for this host, disabling LPM.
[    8.094802][    T1] usb usb15: New USB device found, idVendor=1d6b, idProduct=0003, bcdDevice= 6.17
[    8.094810][    T1] usb usb15: New USB device strings: Mfr=3, Product=2, SerialNumber=1
[    8.094816][    T1] usb usb15: Product: USB/IP Virtual Host Controller
[    8.094821][    T1] usb usb15: Manufacturer: Linux 6.17.0-rc2-g3957a5720157-dirty vhci_hcd
[    8.094826][    T1] usb usb15: SerialNumber: vhci_hcd.6
[    8.098327][    T1] hub 15-0:1.0: USB hub found
[    8.098508][    T1] hub 15-0:1.0: 8 ports detected
[    8.111169][    T1] vhci_hcd vhci_hcd.7: USB/IP Virtual Host Controller
[    8.111935][    T1] vhci_hcd vhci_hcd.7: new USB bus registered, assigned bus number 16
[    8.112302][    T1] usb usb16: New USB device found, idVendor=1d6b, idProduct=0002, bcdDevice= 6.17
[    8.112311][    T1] usb usb16: New USB device strings: Mfr=3, Product=2, SerialNumber=1
[    8.112317][    T1] usb usb16: Product: USB/IP Virtual Host Controller
[    8.112322][    T1] usb usb16: Manufacturer: Linux 6.17.0-rc2-g3957a5720157-dirty vhci_hcd
[    8.112530][    T1] usb usb16: SerialNumber: vhci_hcd.7
[    8.113994][    T1] hub 16-0:1.0: USB hub found
[    8.114077][    T1] hub 16-0:1.0: 8 ports detected
[    8.118159][    T1] vhci_hcd vhci_hcd.7: USB/IP Virtual Host Controller
[    8.119580][    T1] vhci_hcd vhci_hcd.7: new USB bus registered, assigned bus number 17
[    8.119973][    T1] usb usb17: We don't know the algorithms for LPM for this host, disabling LPM.
[    8.120362][    T1] usb usb17: New USB device found, idVendor=1d6b, idProduct=0003, bcdDevice= 6.17
[    8.120377][    T1] usb usb17: New USB device strings: Mfr=3, Product=2, SerialNumber=1
[    8.120385][    T1] usb usb17: Product: USB/IP Virtual Host Controller
[    8.120390][    T1] usb usb17: Manufacturer: Linux 6.17.0-rc2-g3957a5720157-dirty vhci_hcd
[    8.120395][    T1] usb usb17: SerialNumber: vhci_hcd.7
[    8.124193][    T1] hub 17-0:1.0: USB hub found
[    8.124615][    T1] hub 17-0:1.0: 8 ports detected
[    8.128911][    T1] vhci_hcd vhci_hcd.8: USB/IP Virtual Host Controller
[    8.129555][    T1] vhci_hcd vhci_hcd.8: new USB bus registered, assigned bus number 18
[    8.129853][    T1] usb usb18: New USB device found, idVendor=1d6b, idProduct=0002, bcdDevice= 6.17
[    8.129862][    T1] usb usb18: New USB device strings: Mfr=3, Product=2, SerialNumber=1
[    8.129868][    T1] usb usb18: Product: USB/IP Virtual Host Controller
[    8.129875][    T1] usb usb18: Manufacturer: Linux 6.17.0-rc2-g3957a5720157-dirty vhci_hcd
[    8.129880][    T1] usb usb18: SerialNumber: vhci_hcd.8
[    8.131332][    T1] hub 18-0:1.0: USB hub found
[    8.131396][    T1] hub 18-0:1.0: 8 ports detected
[    8.135422][    T1] vhci_hcd vhci_hcd.8: USB/IP Virtual Host Controller
[    8.135873][    T1] vhci_hcd vhci_hcd.8: new USB bus registered, assigned bus number 19
[    8.136012][    T1] usb usb19: We don't know the algorithms for LPM for this host, disabling LPM.
[    8.136252][    T1] usb usb19: New USB device found, idVendor=1d6b, idProduct=0003, bcdDevice= 6.17
[    8.136260][    T1] usb usb19: New USB device strings: Mfr=3, Product=2, SerialNumber=1
[    8.136266][    T1] usb usb19: Product: USB/IP Virtual Host Controller
[    8.136271][    T1] usb usb19: Manufacturer: Linux 6.17.0-rc2-g3957a5720157-dirty vhci_hcd
[    8.136276][    T1] usb usb19: SerialNumber: vhci_hcd.8
[    8.137393][    T1] hub 19-0:1.0: USB hub found
[    8.137509][    T1] hub 19-0:1.0: 8 ports detected
[    8.144181][    T1] vhci_hcd vhci_hcd.9: USB/IP Virtual Host Controller
[    8.145903][    T1] vhci_hcd vhci_hcd.9: new USB bus registered, assigned bus number 20
[    8.146244][    T1] usb usb20: New USB device found, idVendor=1d6b, idProduct=0002, bcdDevice= 6.17
[    8.146253][    T1] usb usb20: New USB device strings: Mfr=3, Product=2, SerialNumber=1
[    8.146259][    T1] usb usb20: Product: USB/IP Virtual Host Controller
[    8.146264][    T1] usb usb20: Manufacturer: Linux 6.17.0-rc2-g3957a5720157-dirty vhci_hcd
[    8.146270][    T1] usb usb20: SerialNumber: vhci_hcd.9
[    8.147505][    T1] hub 20-0:1.0: USB hub found
[    8.147736][    T1] hub 20-0:1.0: 8 ports detected
[    8.151315][    T1] vhci_hcd vhci_hcd.9: USB/IP Virtual Host Controller
[    8.152443][    T1] vhci_hcd vhci_hcd.9: new USB bus registered, assigned bus number 21
[    8.153093][    T1] usb usb21: We don't know the algorithms for LPM for this host, disabling LPM.
[    8.153380][    T1] usb usb21: New USB device found, idVendor=1d6b, idProduct=0003, bcdDevice= 6.17
[    8.153388][    T1] usb usb21: New USB device strings: Mfr=3, Product=2, SerialNumber=1
[    8.153394][    T1] usb usb21: Product: USB/IP Virtual Host Controller
[    8.153399][    T1] usb usb21: Manufacturer: Linux 6.17.0-rc2-g3957a5720157-dirty vhci_hcd
[    8.153407][    T1] usb usb21: SerialNumber: vhci_hcd.9
[    8.156122][    T1] hub 21-0:1.0: USB hub found
[    8.156303][    T1] hub 21-0:1.0: 8 ports detected
[    8.160712][    T1] vhci_hcd vhci_hcd.10: USB/IP Virtual Host Controller
[    8.163226][    T1] vhci_hcd vhci_hcd.10: new USB bus registered, assigned bus number 22
[    8.163591][    T1] usb usb22: New USB device found, idVendor=1d6b, idProduct=0002, bcdDevice= 6.17
[    8.163600][    T1] usb usb22: New USB device strings: Mfr=3, Product=2, SerialNumber=1
[    8.163607][    T1] usb usb22: Product: USB/IP Virtual Host Controller
[    8.163612][    T1] usb usb22: Manufacturer: Linux 6.17.0-rc2-g3957a5720157-dirty vhci_hcd
[    8.163618][    T1] usb usb22: SerialNumber: vhci_hcd.10
[    8.164989][    T1] hub 22-0:1.0: USB hub found
[    8.165164][    T1] hub 22-0:1.0: 8 ports detected
[    8.168031][    T1] vhci_hcd vhci_hcd.10: USB/IP Virtual Host Controller
[    8.168428][    T1] vhci_hcd vhci_hcd.10: new USB bus registered, assigned bus number 23
[    8.168620][    T1] usb usb23: We don't know the algorithms for LPM for this host, disabling LPM.
[    8.168882][    T1] usb usb23: New USB device found, idVendor=1d6b, idProduct=0003, bcdDevice= 6.17
[    8.168892][    T1] usb usb23: New USB device strings: Mfr=3, Product=2, SerialNumber=1
[    8.168898][    T1] usb usb23: Product: USB/IP Virtual Host Controller
[    8.168903][    T1] usb usb23: Manufacturer: Linux 6.17.0-rc2-g3957a5720157-dirty vhci_hcd
[    8.168909][    T1] usb usb23: SerialNumber: vhci_hcd.10
[    8.170155][    T1] hub 23-0:1.0: USB hub found
[    8.170274][    T1] hub 23-0:1.0: 8 ports detected
[    8.174223][    T1] vhci_hcd vhci_hcd.11: USB/IP Virtual Host Controller
[    8.174634][    T1] vhci_hcd vhci_hcd.11: new USB bus registered, assigned bus number 24
[    8.174985][    T1] usb usb24: New USB device found, idVendor=1d6b, idProduct=0002, bcdDevice= 6.17
[    8.174994][    T1] usb usb24: New USB device strings: Mfr=3, Product=2, SerialNumber=1
[    8.175000][    T1] usb usb24: Product: USB/IP Virtual Host Controller
[    8.175005][    T1] usb usb24: Manufacturer: Linux 6.17.0-rc2-g3957a5720157-dirty vhci_hcd
[    8.175010][    T1] usb usb24: SerialNumber: vhci_hcd.11
[    8.176160][    T1] hub 24-0:1.0: USB hub found
[    8.176815][    T1] hub 24-0:1.0: 8 ports detected
[    8.181010][    T1] vhci_hcd vhci_hcd.11: USB/IP Virtual Host Controller
[    8.182890][    T1] vhci_hcd vhci_hcd.11: new USB bus registered, assigned bus number 25
[    8.183104][    T1] usb usb25: We don't know the algorithms for LPM for this host, disabling LPM.
[    8.183352][    T1] usb usb25: New USB device found, idVendor=1d6b, idProduct=0003, bcdDevice= 6.17
[    8.183360][    T1] usb usb25: New USB device strings: Mfr=3, Product=2, SerialNumber=1
[    8.183366][    T1] usb usb25: Product: USB/IP Virtual Host Controller
[    8.183371][    T1] usb usb25: Manufacturer: Linux 6.17.0-rc2-g3957a5720157-dirty vhci_hcd
[    8.183376][    T1] usb usb25: SerialNumber: vhci_hcd.11
[    8.185040][    T1] hub 25-0:1.0: USB hub found
[    8.185196][    T1] hub 25-0:1.0: 8 ports detected
[    8.189135][    T1] vhci_hcd vhci_hcd.12: USB/IP Virtual Host Controller
[    8.189589][    T1] vhci_hcd vhci_hcd.12: new USB bus registered, assigned bus number 26
[    8.189920][    T1] usb usb26: New USB device found, idVendor=1d6b, idProduct=0002, bcdDevice= 6.17
[    8.189929][    T1] usb usb26: New USB device strings: Mfr=3, Product=2, SerialNumber=1
[    8.189935][    T1] usb usb26: Product: USB/IP Virtual Host Controller
[    8.189940][    T1] usb usb26: Manufacturer: Linux 6.17.0-rc2-g3957a5720157-dirty vhci_hcd
[    8.189945][    T1] usb usb26: SerialNumber: vhci_hcd.12
[    8.197421][    T1] hub 26-0:1.0: USB hub found
[    8.197554][    T1] hub 26-0:1.0: 8 ports detected
[    8.217612][    T1] vhci_hcd vhci_hcd.12: USB/IP Virtual Host Controller
[    8.219506][    T1] vhci_hcd vhci_hcd.12: new USB bus registered, assigned bus number 27
[    8.220442][    T1] usb usb27: We don't know the algorithms for LPM for this host, disabling LPM.
[    8.220852][    T1] usb usb27: New USB device found, idVendor=1d6b, idProduct=0003, bcdDevice= 6.17
[    8.220861][    T1] usb usb27: New USB device strings: Mfr=3, Product=2, SerialNumber=1
[    8.220867][    T1] usb usb27: Product: USB/IP Virtual Host Controller
[    8.220873][    T1] usb usb27: Manufacturer: Linux 6.17.0-rc2-g3957a5720157-dirty vhci_hcd
[    8.220878][    T1] usb usb27: SerialNumber: vhci_hcd.12
[    8.243773][    T1] hub 27-0:1.0: USB hub found
[    8.244013][    T1] hub 27-0:1.0: 8 ports detected
[    8.248809][    T1] vhci_hcd vhci_hcd.13: USB/IP Virtual Host Controller
[    8.249517][    T1] vhci_hcd vhci_hcd.13: new USB bus registered, assigned bus number 28
[    8.249929][    T1] usb usb28: New USB device found, idVendor=1d6b, idProduct=0002, bcdDevice= 6.17
[    8.249957][    T1] usb usb28: New USB device strings: Mfr=3, Product=2, SerialNumber=1
[    8.249965][    T1] usb usb28: Product: USB/IP Virtual Host Controller
[    8.249972][    T1] usb usb28: Manufacturer: Linux 6.17.0-rc2-g3957a5720157-dirty vhci_hcd
[    8.249977][    T1] usb usb28: SerialNumber: vhci_hcd.13
[    8.254224][    T1] hub 28-0:1.0: USB hub found
[    8.254466][    T1] hub 28-0:1.0: 8 ports detected
[    8.293694][    T1] vhci_hcd vhci_hcd.13: USB/IP Virtual Host Controller
[    8.295118][    T1] vhci_hcd vhci_hcd.13: new USB bus registered, assigned bus number 29
[    8.295282][    T1] usb usb29: We don't know the algorithms for LPM for this host, disabling LPM.
[    8.295659][    T1] usb usb29: New USB device found, idVendor=1d6b, idProduct=0003, bcdDevice= 6.17
[    8.295675][    T1] usb usb29: New USB device strings: Mfr=3, Product=2, SerialNumber=1
[    8.295683][    T1] usb usb29: Product: USB/IP Virtual Host Controller
[    8.295688][    T1] usb usb29: Manufacturer: Linux 6.17.0-rc2-g3957a5720157-dirty vhci_hcd
[    8.295694][    T1] usb usb29: SerialNumber: vhci_hcd.13
[    8.298456][    T1] hub 29-0:1.0: USB hub found
[    8.298561][    T1] hub 29-0:1.0: 8 ports detected
[    8.304840][    T1] vhci_hcd vhci_hcd.14: USB/IP Virtual Host Controller
[    8.305557][    T1] vhci_hcd vhci_hcd.14: new USB bus registered, assigned bus number 30
[    8.305891][    T1] usb usb30: New USB device found, idVendor=1d6b, idProduct=0002, bcdDevice= 6.17
[    8.305900][    T1] usb usb30: New USB device strings: Mfr=3, Product=2, SerialNumber=1
[    8.305907][    T1] usb usb30: Product: USB/IP Virtual Host Controller
[    8.305912][    T1] usb usb30: Manufacturer: Linux 6.17.0-rc2-g3957a5720157-dirty vhci_hcd
[    8.305918][    T1] usb usb30: SerialNumber: vhci_hcd.14
[    8.308999][    T1] hub 30-0:1.0: USB hub found
[    8.309075][    T1] hub 30-0:1.0: 8 ports detected
[    8.313917][    T1] vhci_hcd vhci_hcd.14: USB/IP Virtual Host Controller
[    8.314661][    T1] vhci_hcd vhci_hcd.14: new USB bus registered, assigned bus number 31
[    8.315182][    T1] usb usb31: We don't know the algorithms for LPM for this host, disabling LPM.
[    8.315451][    T1] usb usb31: New USB device found, idVendor=1d6b, idProduct=0003, bcdDevice= 6.17
[    8.315460][    T1] usb usb31: New USB device strings: Mfr=3, Product=2, SerialNumber=1
[    8.315466][    T1] usb usb31: Product: USB/IP Virtual Host Controller
[    8.315472][    T1] usb usb31: Manufacturer: Linux 6.17.0-rc2-g3957a5720157-dirty vhci_hcd
[    8.315477][    T1] usb usb31: SerialNumber: vhci_hcd.14
[    8.316998][    T1] hub 31-0:1.0: USB hub found
[    8.317066][    T1] hub 31-0:1.0: 8 ports detected
[    8.323188][    T1] vhci_hcd vhci_hcd.15: USB/IP Virtual Host Controller
[    8.324090][    T1] vhci_hcd vhci_hcd.15: new USB bus registered, assigned bus number 32
[    8.324398][    T1] usb usb32: New USB device found, idVendor=1d6b, idProduct=0002, bcdDevice= 6.17
[    8.324407][    T1] usb usb32: New USB device strings: Mfr=3, Product=2, SerialNumber=1
[    8.324413][    T1] usb usb32: Product: USB/IP Virtual Host Controller
[    8.324418][    T1] usb usb32: Manufacturer: Linux 6.17.0-rc2-g3957a5720157-dirty vhci_hcd
[    8.324423][    T1] usb usb32: SerialNumber: vhci_hcd.15
[    8.325858][    T1] hub 32-0:1.0: USB hub found
[    8.325930][    T1] hub 32-0:1.0: 8 ports detected
[    8.329786][    T1] vhci_hcd vhci_hcd.15: USB/IP Virtual Host Controller
[    8.330678][    T1] vhci_hcd vhci_hcd.15: new USB bus registered, assigned bus number 33
[    8.331136][    T1] usb usb33: We don't know the algorithms for LPM for this host, disabling LPM.
[    8.331391][    T1] usb usb33: New USB device found, idVendor=1d6b, idProduct=0003, bcdDevice= 6.17
[    8.331399][    T1] usb usb33: New USB device strings: Mfr=3, Product=2, SerialNumber=1
[    8.331405][    T1] usb usb33: Product: USB/IP Virtual Host Controller
[    8.331410][    T1] usb usb33: Manufacturer: Linux 6.17.0-rc2-g3957a5720157-dirty vhci_hcd
[    8.331415][    T1] usb usb33: SerialNumber: vhci_hcd.15
[    8.334161][    T1] hub 33-0:1.0: USB hub found
[    8.334453][    T1] hub 33-0:1.0: 8 ports detected
[    8.338764][    T1] usbcore: registered new device driver usbip-host
[    8.351991][    T1] i8042: PNP: PS/2 Controller [PNP0303:KBD,PNP0f13:MOU] at 0x60,0x64 irq 1,12
[    8.357065][    T1] serio: i8042 KBD port at 0x60,0x64 irq 1
[    8.358007][    T1] serio: i8042 AUX port at 0x60,0x64 irq 12
[    8.360060][    T1] mousedev: PS/2 mouse device common for all mice
[    8.360978][    T1] usbcore: registered new interface driver appletouch
[    8.361150][    T1] usbcore: registered new interface driver bcm5974
[    8.361469][    T1] usbcore: registered new interface driver synaptics_usb
[    8.361605][    T1] usbcore: registered new interface driver iforce
[    8.361734][    T1] usbcore: registered new interface driver pxrc
[    8.361976][    T1] usbcore: registered new interface driver xpad
[    8.371201][    T1] usbcore: registered new interface driver usb_acecad
[    8.371518][    T1] usbcore: registered new interface driver aiptek
[    8.371667][    T1] usbcore: registered new interface driver hanwang
[    8.371871][    T1] usbcore: registered new interface driver kbtab
[    8.375415][    T1] usbcore: registered new interface driver pegasus_notetaker
[    8.376482][    T1] usbcore: registered new interface driver usbtouchscreen
[    8.376877][    T1] usbcore: registered new interface driver sur40
[    8.377028][    T1] usbcore: registered new interface driver ati_remote2
[    8.377036][    T1] cm109: Keymap for Komunikate KIP1000 phone loaded
[    8.377251][    T1] usbcore: registered new interface driver cm109
[    8.377254][    T1] cm109: CM109 phone driver: 20080805 (C) Alfred E. Heggestad
[    8.377400][    T1] usbcore: registered new interface driver ims_pcu
[    8.377524][    T1] usbcore: registered new interface driver keyspan_remote
[    8.377645][    T1] usbcore: registered new interface driver powermate
[    8.378057][   T31] input: AT Translated Set 2 keyboard as /devices/platform/i8042/serio0/input/input1
[    8.383341][    T1] usbcore: registered new interface driver yealink
[    8.385620][    T1] rtc_cmos 00:05: RTC can wake from S4
[    8.392255][    T1] rtc_cmos 00:05: registered as rtc0
[    8.392683][    T1] rtc_cmos 00:05: alarms up to one day, y3k, 242 bytes nvram, hpet irqs
[    8.395374][    T1] i2c_dev: i2c /dev entries driver
[    8.398270][    T1] usbcore: registered new interface driver i2c-diolan-u2c
[    8.399105][    T1] usbcore: registered new interface driver i2c-cp2615
[    8.399358][    T1] usbcore: registered new interface driver RobotFuzz Open Source InterFace, OSIF
[    8.399659][    T1] usbcore: registered new interface driver i2c-tiny-usb
[    8.400498][    T1] usbcore: registered new interface driver igorplugusb
[    8.400625][    T1] usbcore: registered new interface driver iguanair
[    8.400770][    T1] usbcore: registered new interface driver imon
[    8.400905][    T1] usbcore: registered new interface driver imon_raw
[    8.401082][    T1] usbcore: registered new interface driver mceusb
[    8.401205][    T1] usbcore: registered new interface driver redrat3
[    8.401345][    T1] usbcore: registered new interface driver streamzap
[    8.401516][    T1] usbcore: registered new interface driver ir_toy
[    8.401638][    T1] usbcore: registered new interface driver ttusbir
[    8.401760][    T1] usbcore: registered new interface driver ati_remote
[    8.401888][    T1] usbcore: registered new interface driver xbox_remote
[    8.413338][    T1] b2c2-flexcop: B2C2 FlexcopII/II(b)/III digital TV receiver chip loaded successfully
[    8.413978][    T1] usbcore: registered new interface driver b2c2_flexcop_usb
[    8.414133][    T1] usbcore: registered new interface driver dvb_usb_vp7045
[    8.414294][    T1] usbcore: registered new interface driver dvb_usb_vp702x
[    8.415549][    T1] usbcore: registered new interface driver dvb_usb_gp8psk
[    8.415683][    T1] usbcore: registered new interface driver dvb_usb_dtt200u
[    8.415833][    T1] usbcore: registered new interface driver dvb_usb_a800
[    8.415995][    T1] usbcore: registered new interface driver dvb_usb_dibusb_mb
[    8.416136][    T1] usbcore: registered new interface driver dvb_usb_dibusb_mc
[    8.416299][    T1] usbcore: registered new interface driver dvb_usb_nova_t_usb2
[    8.418821][    T1] usbcore: registered new interface driver dvb_usb_umt_010
[    8.419691][    T1] usbcore: registered new interface driver dvb_usb_m920x
[    8.419841][    T1] usbcore: registered new interface driver dvb_usb_digitv
[    8.419996][    T1] usbcore: registered new interface driver dvb_usb_cxusb
[    8.420137][    T1] usbcore: registered new interface driver dvb_usb_ttusb2
[    8.420355][    T1] usbcore: registered new interface driver dvb_usb_dib0700
[    8.420481][    T1] usbcore: registered new interface driver opera1
[    8.420692][    T1] usbcore: registered new interface driver dvb_usb_af9005
[    8.420724][    T1] failing symbol_get of non-GPLONLY symbol af9005_rc_decode.
[    8.430193][    T1] failing symbol_get of non-GPLONLY symbol af9005_rc_decode.
[    8.430205][    T1] failing symbol_get of non-GPLONLY symbol rc_map_af9005_table.
[    8.430980][    T1] failing symbol_get of non-GPLONLY symbol rc_map_af9005_table.
[    8.430985][    T1] failing symbol_get of non-GPLONLY symbol rc_map_af9005_table_size.
[    8.431192][    T1] failing symbol_get of non-GPLONLY symbol rc_map_af9005_table_size.
[    8.431196][    T1] af9005: af9005_rc_decode function not found, disabling remote
[    8.432828][    T1] usbcore: registered new interface driver pctv452e
[    8.433645][    T1] usbcore: registered new interface driver dw2102
[    8.433939][    T1] usbcore: registered new interface driver dvb_usb_dtv5100
[    8.434243][    T1] usbcore: registered new interface driver cinergyT2
[    8.434529][    T1] usbcore: registered new interface driver dvb_usb_az6027
[    8.434798][    T1] usbcore: registered new interface driver dvb_usb_technisat_usb2
[    8.435105][    T1] usbcore: registered new interface driver dvb_usb_af9015
[    8.435395][    T1] usbcore: registered new interface driver dvb_usb_af9035
[    8.438334][    T1] usbcore: registered new interface driver dvb_usb_anysee
[    8.439161][    T1] usbcore: registered new interface driver dvb_usb_au6610
[    8.441623][    T1] usbcore: registered new interface driver dvb_usb_az6007
[    8.444290][    T1] usbcore: registered new interface driver dvb_usb_ce6230
[    8.444464][    T1] usbcore: registered new interface driver dvb_usb_ec168
[    8.444630][    T1] usbcore: registered new interface driver dvb_usb_lmedm04
[    8.444761][    T1] usbcore: registered new interface driver dvb_usb_gl861
[    8.444934][    T1] usbcore: registered new interface driver dvb_usb_mxl111sf
[    8.445113][    T1] usbcore: registered new interface driver dvb_usb_rtl28xxu
[    8.445893][    T1] usbcore: registered new interface driver dvb_usb_dvbsky
[    8.446303][    T1] usbcore: registered new interface driver zd1301
[    8.446469][    T1] usbcore: registered new interface driver s2255
[    8.446629][    T1] usbcore: registered new interface driver smsusb
[    8.446779][    T1] usbcore: registered new interface driver ttusb
[    8.446953][    T1] usbcore: registered new interface driver ttusb-dec
[    8.447117][    T1] usbcore: registered new interface driver Abilis Systems as10x usb driver
[    8.447253][    T1] usbcore: registered new interface driver airspy
[    8.447256][    T1] gspca_main: v2.14.0 registered
[    8.447404][    T1] usbcore: registered new interface driver benq
[    8.447567][    T1] usbcore: registered new interface driver conex
[    8.447704][    T1] usbcore: registered new interface driver cpia1
[    8.447819][    T1] usbcore: registered new interface driver dtcs033
[    8.447934][    T1] usbcore: registered new interface driver etoms
[    8.448068][    T1] usbcore: registered new interface driver finepix
[    8.448182][    T1] usbcore: registered new interface driver jeilinj
[    8.448306][    T1] usbcore: registered new interface driver jl2005bcd
[    8.448425][    T1] usbcore: registered new interface driver kinect
[    8.449093][    T1] usbcore: registered new interface driver konica
[    8.449727][    T1] usbcore: registered new interface driver mars
[    8.449900][    T1] usbcore: registered new interface driver mr97310a
[    8.450028][    T1] usbcore: registered new interface driver nw80x
[    8.450209][    T1] usbcore: registered new interface driver ov519
[    8.450365][    T1] usbcore: registered new interface driver ov534
[    8.450505][    T1] usbcore: registered new interface driver ov534_9
[    8.450641][    T1] usbcore: registered new interface driver pac207
[    8.450807][    T1] usbcore: registered new interface driver gspca_pac7302
[    8.450928][    T1] usbcore: registered new interface driver pac7311
[    8.451048][    T1] usbcore: registered new interface driver se401
[    8.451175][    T1] usbcore: registered new interface driver sn9c2028
[    8.451356][    T1] usbcore: registered new interface driver gspca_sn9c20x
[    8.451495][    T1] usbcore: registered new interface driver sonixb
[    8.451636][    T1] usbcore: registered new interface driver sonixj
[    8.451763][    T1] usbcore: registered new interface driver spca500
[    8.451892][    T1] usbcore: registered new interface driver spca501
[    8.452016][    T1] usbcore: registered new interface driver spca505
[    8.487766][    T1] usbcore: registered new interface driver spca506
