bash: warning: setlocale: LC_ALL: cannot change locale (en_US.UTF-8)
c[?7l[2J[0mSeaBIOS (version 1.16.2-debian-1.16.2-1)


iPXE (http://ipxe.org) 00:03.0 CA00 PCI2.10 PnP PMM+BEFCEF00+BEF0EF00 CA00
Press Ctrl-B to configure iPXE (PCI 00:03.0)...                                                                               


Booting from ROM...
c[?7l[2JNo EFI environment detected.
early console in extract_kernel
input_data: 0x0000000004bdc3a8
input_len: 0x00000000019c12f4
output: 0x0000000001000000
output_len: 0x00000000055277f8
kernel_total_size: 0x0000000005230000
needed_size: 0x0000000005600000
trampoline_32bit: 0x000000000009d000


KASLR disabled: 'nokaslr' on cmdline.


Decompressing Linux... Parsing ELF... No relocation needed... done.
Booting the kernel (entry_offset: 0x0000000000000000).
[    0.000000] Linux version 6.4.0-04323-g5beaccc2c5ad-dirty (root@buildkitsandbox) (gcc (Debian 12.2.0-14+deb12u1) 12.2.0, GNU ld (GNU Binutils for Debian) 2.40) #2 SMP PREEMPT_DYNAMIC Fri May  8 11:47:24 UTC 2026
[    0.000000] Command line: console=ttyS0 oops=panic panic=-1 nokaslr earlyprintk=serial
[    0.000000] BIOS-provided physical RAM map:
[    0.000000] BIOS-e820: [mem 0x0000000000000000-0x000000000009fbff] usable
[    0.000000] BIOS-e820: [mem 0x000000000009fc00-0x000000000009ffff] reserved
[    0.000000] BIOS-e820: [mem 0x00000000000f0000-0x00000000000fffff] reserved
[    0.000000] BIOS-e820: [mem 0x0000000000100000-0x00000000bffdffff] usable
[    0.000000] BIOS-e820: [mem 0x00000000bffe0000-0x00000000bfffffff] reserved
[    0.000000] BIOS-e820: [mem 0x00000000feffc000-0x00000000feffffff] reserved
[    0.000000] BIOS-e820: [mem 0x00000000fffc0000-0x00000000ffffffff] reserved
[    0.000000] BIOS-e820: [mem 0x0000000100000000-0x000000013fffffff] usable
[    0.000000] printk: bootconsole [earlyser0] enabled
[    0.000000] NX (Execute Disable) protection: active
[    0.000000] SMBIOS 2.8 present.
[    0.000000] DMI: QEMU Standard PC (i440FX + PIIX, 1996), BIOS 1.16.2-debian-1.16.2-1 04/01/2014
[    0.000000] Hypervisor detected: KVM
[    0.000000] kvm-clock: Using msrs 4b564d01 and 4b564d00
[    0.000004] kvm-clock: using sched offset of 1516730917 cycles
[    0.004729] clocksource: kvm-clock: mask: 0xffffffffffffffff max_cycles: 0x1cd42e4dffb, max_idle_ns: 881590591483 ns
[    0.019260] tsc: Detected 2995.200 MHz processor
[    0.021676] last_pfn = 0x140000 max_arch_pfn = 0x400000000
[    0.028095] MTRR map: 4 entries (3 fixed + 1 variable; max 19), built from 8 variable MTRRs
[    0.033918] x86/PAT: Configuration [0-7]: WB  WC  UC- UC  WB  WP  UC- WT  
[    0.038229] last_pfn = 0xbffe0 max_arch_pfn = 0x400000000
[    0.063335] found SMP MP-table at [mem 0x000f5ba0-0x000f5baf]
[    0.068550] Using GB pages for direct mapping
[    0.070171] Incomplete global flushes, disabling PCID
[    0.071859] RAMDISK: [mem 0xbfe87000-0xbffdffff]
[    0.086790] ACPI: Early table checksum verification disabled
[    0.094597] ACPI: RSDP 0x00000000000F59B0 000014 (v00 BOCHS )
[    0.102861] ACPI: RSDT 0x00000000BFFE1BEF 000034 (v01 BOCHS  BXPC     00000001 BXPC 00000001)
[    0.114343] ACPI: FACP 0x00000000BFFE1A8B 000074 (v01 BOCHS  BXPC     00000001 BXPC 00000001)
[    0.129038] ACPI: DSDT 0x00000000BFFE0040 001A4B (v01 BOCHS  BXPC     00000001 BXPC 00000001)
[    0.142476] ACPI: FACS 0x00000000BFFE0000 000040
[    0.146827] ACPI: APIC 0x00000000BFFE1AFF 000090 (v01 BOCHS  BXPC     00000001 BXPC 00000001)
[    0.159900] ACPI: HPET 0x00000000BFFE1B8F 000038 (v01 BOCHS  BXPC     00000001 BXPC 00000001)
[    0.166101] ACPI: WAET 0x00000000BFFE1BC7 000028 (v01 BOCHS  BXPC     00000001 BXPC 00000001)
[    0.182713] ACPI: Reserving FACP table memory at [mem 0xbffe1a8b-0xbffe1afe]
[    0.195059] ACPI: Reserving DSDT table memory at [mem 0xbffe0040-0xbffe1a8a]
[    0.200763] ACPI: Reserving FACS table memory at [mem 0xbffe0000-0xbffe003f]
[    0.212057] ACPI: Reserving APIC table memory at [mem 0xbffe1aff-0xbffe1b8e]
[    0.222361] ACPI: Reserving HPET table memory at [mem 0xbffe1b8f-0xbffe1bc6]
[    0.232020] ACPI: Reserving WAET table memory at [mem 0xbffe1bc7-0xbffe1bee]
[    0.249025] No NUMA configuration found
[    0.250190] Faking a node at [mem 0x0000000000000000-0x000000013fffffff]
[    0.253083] NODE_DATA(0) allocated [mem 0x13fffa000-0x13fffdfff]
[    0.255331] Zone ranges:
[    0.262158]   DMA      [mem 0x0000000000001000-0x0000000000ffffff]
[    0.264354]   DMA32    [mem 0x0000000001000000-0x00000000ffffffff]
[    0.268394]   Normal   [mem 0x0000000100000000-0x000000013fffffff]
[    0.270694] Movable zone start for each node
[    0.273216] Early memory node ranges
[    0.274660]   node   0: [mem 0x0000000000001000-0x000000000009efff]
[    0.277433]   node   0: [mem 0x0000000000100000-0x00000000bffdffff]
[    0.283748]   node   0: [mem 0x0000000100000000-0x000000013fffffff]
[    0.286015] Initmem setup node 0 [mem 0x0000000000001000-0x000000013fffffff]
[    0.290464] On node 0, zone DMA: 1 pages in unavailable ranges
[    0.290554] On node 0, zone DMA: 97 pages in unavailable ranges
[    0.395997] On node 0, zone Normal: 32 pages in unavailable ranges
[    2.202737] kasan: KernelAddressSanitizer initialized
[    2.228236] ACPI: PM-Timer IO Port: 0x608
[    2.231917] ACPI: LAPIC_NMI (acpi_id[0xff] dfl dfl lint[0x1])
[    2.240842] IOAPIC[0]: apic_id 0, version 17, address 0xfec00000, GSI 0-23
[    2.249815] ACPI: INT_SRC_OVR (bus 0 bus_irq 0 global_irq 2 dfl dfl)
[    2.254399] ACPI: INT_SRC_OVR (bus 0 bus_irq 5 global_irq 5 high level)
[    2.266295] ACPI: INT_SRC_OVR (bus 0 bus_irq 9 global_irq 9 high level)
[    2.273033] ACPI: INT_SRC_OVR (bus 0 bus_irq 10 global_irq 10 high level)
[    2.282564] ACPI: INT_SRC_OVR (bus 0 bus_irq 11 global_irq 11 high level)
[    2.297690] ACPI: Using ACPI (MADT) for SMP configuration information
[    2.300516] ACPI: HPET id: 0x8086a201 base: 0xfed00000
[    2.302933] TSC deadline timer available
[    2.311005] smpboot: Allowing 4 CPUs, 0 hotplug CPUs
[    2.315618] kvm-guest: KVM setup pv remote TLB flush
[    2.318044] kvm-guest: setup PV sched yield
[    2.321513] PM: hibernation: Registered nosave memory: [mem 0x00000000-0x00000fff]
[    2.332522] PM: hibernation: Registered nosave memory: [mem 0x0009f000-0x0009ffff]
[    2.335835] PM: hibernation: Registered nosave memory: [mem 0x000a0000-0x000effff]
[    2.340412] PM: hibernation: Registered nosave memory: [mem 0x000f0000-0x000fffff]
[    2.349493] PM: hibernation: Registered nosave memory: [mem 0xbffe0000-0xbfffffff]
[    2.354055] PM: hibernation: Registered nosave memory: [mem 0xc0000000-0xfeffbfff]
[    2.371462] PM: hibernation: Registered nosave memory: [mem 0xfeffc000-0xfeffffff]
[    2.385740] PM: hibernation: Registered nosave memory: [mem 0xff000000-0xfffbffff]
[    2.389690] PM: hibernation: Registered nosave memory: [mem 0xfffc0000-0xffffffff]
[    2.394541] [mem 0xc0000000-0xfeffbfff] available for PCI devices
[    2.404795] Booting paravirtualized kernel on KVM
[    2.406764] clocksource: refined-jiffies: mask: 0xffffffff max_cycles: 0xffffffff, max_idle_ns: 1910969940391419 ns
[    2.520561] setup_percpu: NR_CPUS:64 nr_cpumask_bits:4 nr_cpu_ids:4 nr_node_ids:1
[    2.555228] percpu: Embedded 66 pages/cpu s232104 r8192 d30040 u524288
[    2.583764] Kernel command line: console=ttyS0 oops=panic panic=-1 nokaslr earlyprintk=serial
[    2.597763] Unknown kernel command line parameters "nokaslr", will be passed to user space.
[    2.612530] random: crng init done
[    2.647409] Dentry cache hash table entries: 524288 (order: 10, 4194304 bytes, linear)
[    2.728386] Inode-cache hash table entries: 262144 (order: 9, 2097152 bytes, linear)
[    2.733802] Fallback order for Node 0: 0 
[    2.733929] Built 1 zonelists, mobility grouping on.  Total pages: 1031904
[    2.749680] Policy zone: Normal
[    2.770803] mem auto-init: stack:all(zero), heap alloc:off, heap free:off
[    2.796324] stackdepot: allocating hash table via alloc_large_system_hash
[    2.827751] stackdepot hash table entries: 1048576 (order: 11, 8388608 bytes, linear)
[    2.832632] software IO TLB: area num 4.
[    3.747602] Memory: 3425172K/4193784K available (49152K kernel code, 7973K rwdata, 10092K rodata, 5640K init, 2928K bss, 768356K reserved, 0K cma-reserved)
[    3.763315] SLUB: HWalign=64, Order=0-3, MinObjects=0, CPUs=4, Nodes=1
Poking KASLR using RDRAND RDTSC...
[    3.851652] Dynamic Preempt: voluntary
[    3.873949] rcu: Preemptible hierarchical RCU implementation.
[    3.880773] rcu: 	RCU event tracing is enabled.
[    3.884923] rcu: 	RCU restricting CPUs from NR_CPUS=64 to nr_cpu_ids=4.
[    3.889238] 	Trampoline variant of Tasks RCU enabled.
[    3.896394] rcu: RCU calculated value of scheduler-enlistment delay is 100 jiffies.
[    3.902181] rcu: Adjusting geometry for rcu_fanout_leaf=16, nr_cpu_ids=4
[    4.231215] NR_IRQS: 4352, nr_irqs: 456, preallocated irqs: 16
[    4.249101] rcu: srcu_init: Setting srcu_struct sizes based on contention.
[    4.305076] Console: colour VGA+ 80x25
[    4.313818] printk: console [ttyS0] enabled
[    4.313818] printk: console [ttyS0] enabled
[    4.326648] printk: bootconsole [earlyser0] disabled
[    4.326648] printk: bootconsole [earlyser0] disabled
[    4.371587] ACPI: Core revision 20230331
[    4.434746] clocksource: hpet: mask: 0xffffffff max_cycles: 0xffffffff, max_idle_ns: 19112604467 ns
[    4.447770] APIC: Switch to symmetric I/O mode setup
[    4.450713] kvm-guest: setup PV IPIs
[    4.491199] ..TIMER: vector=0x30 apic1=0 pin1=2 apic2=-1 pin2=-1
[    4.510795] clocksource: tsc-early: mask: 0xffffffffffffffff max_cycles: 0x2b2c8ec87c7, max_idle_ns: 440795278598 ns
[    4.527916] Calibrating delay loop (skipped) preset value.. 5990.40 BogoMIPS (lpj=2995200)
[    4.529790] x86/cpu: User Mode Instruction Prevention (UMIP) activated
[    4.530790] Last level iTLB entries: 4KB 0, 2MB 0, 4MB 0
[    4.537875] Last level dTLB entries: 4KB 0, 2MB 0, 4MB 0, 1GB 0
[    4.540070] Spectre V1 : Mitigation: usercopy/swapgs barriers and __user pointer sanitization
[    4.542050] Spectre V2 : Mitigation: Enhanced / Automatic IBRS
[    4.542996] Spectre V2 : Spectre v2 / SpectreRSB mitigation: Filling RSB on context switch
[    4.548050] Spectre V2 : Spectre v2 / PBRSB-eIBRS: Retire a single CALL on VMEXIT
[    4.556830] RETBleed: Mitigation: Enhanced IBRS
[    4.557838] Spectre V2 : mitigation: Enabling conditional Indirect Branch Prediction Barrier
[    4.558811] Speculative Store Bypass: Mitigation: Speculative Store Bypass disabled via prctl
[    4.562986] MMIO Stale Data: Unknown: No mitigations
[    4.570030] x86/fpu: Supporting XSAVE feature 0x001: 'x87 floating point registers'
[    4.573894] x86/fpu: Supporting XSAVE feature 0x002: 'SSE registers'
[    4.575979] x86/fpu: Supporting XSAVE feature 0x004: 'AVX registers'
[    4.580141] x86/fpu: xstate_offset[2]:  576, xstate_sizes[2]:  256
[    4.583041] x86/fpu: Enabled xstate features 0x7, context size is 832 bytes, using 'compacted' format.
[    4.773413] Freeing SMP alternatives memory: 44K
[    4.773803] pid_max: default: 32768 minimum: 301
[    4.775166] LSM: initializing lsm=capability,selinux,integrity
[    4.775887] SELinux:  Initializing.
[    4.777325] Mount-cache hash table entries: 8192 (order: 4, 65536 bytes, linear)
[    4.777814] Mountpoint-cache hash table entries: 8192 (order: 4, 65536 bytes, linear)
[    4.781487] smpboot: CPU0: 13th Gen Intel(R) Core(TM) i9-13900H (family: 0x6, model: 0xba, stepping: 0x2)
[    4.782660] RCU Tasks: Setting shift to 2 and lim to 1 rcu_task_cb_adjust=1.
[    4.784048] Performance Events: unsupported p6 CPU model 186 no PMU driver, software events only.
[    4.785208] signal: max sigframe size: 1776
[    4.786036] rcu: Hierarchical SRCU implementation.
[    4.786874] rcu: 	Max phase no-delay instances is 400.
[    4.789520] smp: Bringing up secondary CPUs ...
[    4.790696] smpboot: x86: Booting SMP configuration:
[    4.790842] .... node  #0, CPUs:      #1 #2 #3
[    4.812777] smp: Brought up 1 node, 4 CPUs
[    4.814849] smpboot: Max logical packages: 1
[    4.815876] smpboot: Total of 4 processors activated (23961.60 BogoMIPS)
[    4.835827] devtmpfs: initialized
[    4.842293] clocksource: jiffies: mask: 0xffffffff max_cycles: 0xffffffff, max_idle_ns: 1911260446275000 ns
[    4.842845] futex hash table entries: 1024 (order: 4, 65536 bytes, linear)
[    4.844822] PM: RTC time: 11:49:03, date: 2026-05-08
[    4.847713] NET: Registered PF_NETLINK/PF_ROUTE protocol family
[    4.848664] audit: initializing netlink subsys (disabled)
[    4.848944] audit: type=2000 audit(1778240943.405:1): state=initialized audit_enabled=0 res=1
[    4.850133] thermal_sys: Registered thermal governor 'step_wise'
[    4.850818] thermal_sys: Registered thermal governor 'user_space'
[    4.851935] cpuidle: using governor menu
[    4.855039] PCI: Using configuration type 1 for base access
[    4.856665] kprobes: kprobe jump-optimization is enabled. All kprobes are optimized if possible.
[    4.857920] HugeTLB: registered 2.00 MiB page size, pre-allocated 0 pages
[    4.862818] HugeTLB: 28 KiB vmemmap can be freed for a 2.00 MiB page
[    4.868076] ACPI: Added _OSI(Module Device)
[    4.869815] ACPI: Added _OSI(Processor Device)
[    4.873816] ACPI: Added _OSI(3.0 _SCP Extensions)
[    4.875814] ACPI: Added _OSI(Processor Aggregator Device)
[    4.900982] ACPI: 1 ACPI AML tables successfully acquired and loaded
[    4.915322] ACPI: Interpreter enabled
[    4.920929] ACPI: PM: (supports S0 S3 S4 S5)
[    4.923811] ACPI: Using IOAPIC for interrupt routing
[    4.931943] PCI: Using host bridge windows from ACPI; if necessary, use "pci=nocrs" and report a bug
[    4.936808] PCI: Using E820 reservations for host bridge windows
[    4.941247] ACPI: Enabled 2 GPEs in block 00 to 0F
[    5.001395] ACPI: PCI Root Bridge [PCI0] (domain 0000 [bus 00-ff])
[    5.001862] acpi PNP0A03:00: _OSC: OS supports [ASPM ClockPM Segments MSI HPX-Type3]
[    5.007818] acpi PNP0A03:00: _OSC: not requesting OS control; OS requires [ExtendedConfig ASPM ClockPM MSI]
[    5.020790] acpi PNP0A03:00: fail to add MMCONFIG information, can't access extended configuration space under this bridge
[    5.037188] PCI host bridge to bus 0000:00
[    5.042256] pci_bus 0000:00: root bus resource [io  0x0000-0x0cf7 window]
[    5.054079] pci_bus 0000:00: root bus resource [io  0x0d00-0xffff window]
[    5.060835] pci_bus 0000:00: root bus resource [mem 0x000a0000-0x000bffff window]
[    5.064834] pci_bus 0000:00: root bus resource [mem 0xc0000000-0xfebfffff window]
[    5.071835] pci_bus 0000:00: root bus resource [mem 0x140000000-0x1bfffffff window]
[    5.081253] pci_bus 0000:00: root bus resource [bus 00-ff]
[    5.086379] pci 0000:00:00.0: [8086:1237] type 00 class 0x060000
[    5.117671] pci 0000:00:01.0: [8086:7000] type 00 class 0x060100
[    5.148430] pci 0000:00:01.1: [8086:7010] type 00 class 0x010180
[    5.160822] pci 0000:00:01.1: reg 0x20: [io  0xc040-0xc04f]
[    5.175878] pci 0000:00:01.1: legacy IDE quirk: reg 0x10: [io  0x01f0-0x01f7]
[    5.188831] pci 0000:00:01.1: legacy IDE quirk: reg 0x14: [io  0x03f6]
[    5.199833] pci 0000:00:01.1: legacy IDE quirk: reg 0x18: [io  0x0170-0x0177]
[    5.210836] pci 0000:00:01.1: legacy IDE quirk: reg 0x1c: [io  0x0376]
[    5.217037] pci 0000:00:01.3: [8086:7113] type 00 class 0x068000
[    5.225089] pci 0000:00:01.3: quirk: [io  0x0600-0x063f] claimed by PIIX4 ACPI
[    5.232066] pci 0000:00:01.3: quirk: [io  0x0700-0x070f] claimed by PIIX4 SMB
[    5.239014] pci 0000:00:01.3: quirk_piix4_acpi+0x0/0x1d0 took 13671 usecs
[    5.244569] pci 0000:00:02.0: [1234:1111] type 00 class 0x030000
[    5.251939] pci 0000:00:02.0: reg 0x10: [mem 0xfd000000-0xfdffffff pref]
[    5.266963] pci 0000:00:02.0: reg 0x18: [mem 0xfebf0000-0xfebf0fff]
[    5.289939] pci 0000:00:02.0: reg 0x30: [mem 0xfebe0000-0xfebeffff pref]
[    5.298880] pci 0000:00:02.0: Video device with shadowed ROM at [mem 0x000c0000-0x000dffff]
[    5.323924] pci 0000:00:03.0: [8086:100e] type 00 class 0x020000
[    5.330818] pci 0000:00:03.0: reg 0x10: [mem 0xfebc0000-0xfebdffff]
[    5.335813] pci 0000:00:03.0: reg 0x14: [io  0xc000-0xc03f]
[    5.349823] pci 0000:00:03.0: reg 0x30: [mem 0xfeb80000-0xfebbffff pref]
[    5.379937] ACPI: PCI: Interrupt link LNKA configured for IRQ 10
[    5.386790] ACPI: PCI: Interrupt link LNKB configured for IRQ 10
[    5.396677] ACPI: PCI: Interrupt link LNKC configured for IRQ 11
[    5.407077] ACPI: PCI: Interrupt link LNKD configured for IRQ 11
[    5.414712] ACPI: PCI: Interrupt link LNKS configured for IRQ 9
[    5.424120] iommu: Default domain type: Translated 
[    5.427813] iommu: DMA domain TLB invalidation policy: lazy mode 
[    5.431621] SCSI subsystem initialized
[    5.435823] ACPI: bus type USB registered
[    5.438966] usbcore: registered new interface driver usbfs
[    5.440455] usbcore: registered new interface driver hub
[    5.443914] usbcore: registered new device driver usb
[    5.447523] pps_core: LinuxPPS API ver. 1 registered
[    5.450813] pps_core: Software ver. 5.3.6 - Copyright 2005-2007 Rodolfo Giometti <giometti@linux.it>
[    5.454871] PTP clock support registered
[    5.466192] Advanced Linux Sound Architecture Driver Initialized.
[    5.479178] NetLabel: Initializing
[    5.482826] NetLabel:  domain hash size = 128
[    5.486823] NetLabel:  protocols = UNLABELED CIPSOv4 CALIPSO
[    5.492003] NetLabel:  unlabeled traffic allowed by default
[    5.497046] PCI: Using ACPI for IRQ routing
[    5.505046] pci 0000:00:02.0: vgaarb: setting as boot VGA device
[    5.505790] pci 0000:00:02.0: vgaarb: bridge control possible
[    5.505790] pci 0000:00:02.0: vgaarb: VGA device added: decodes=io+mem,owns=io+mem,locks=none
[    5.522829] vgaarb: loaded
[    5.526389] hpet0: at MMIO 0xfed00000, IRQs 2, 8, 0
[    5.530830] hpet0: 3 comparators, 64-bit 100.000000 MHz counter
[    5.554141] clocksource: Switched to clocksource kvm-clock
[    5.680859] VFS: Disk quotas dquot_6.6.0
[    5.683920] VFS: Dquot-cache hash table entries: 512 (order 0, 4096 bytes)
[    5.689734] pnp: PnP ACPI init
[    5.697805] pnp: PnP ACPI: found 6 devices
[    5.792294] clocksource: acpi_pm: mask: 0xffffff max_cycles: 0xffffff, max_idle_ns: 2085701024 ns
[    5.805425] NET: Registered PF_INET protocol family
[    5.815108] IP idents hash table entries: 65536 (order: 7, 524288 bytes, linear)
[    5.825433] tcp_listen_portaddr_hash hash table entries: 2048 (order: 3, 32768 bytes, linear)
[    5.831010] Table-perturb hash table entries: 65536 (order: 6, 262144 bytes, linear)
[    5.836800] TCP established hash table entries: 32768 (order: 6, 262144 bytes, linear)
[    5.841000] TCP bind hash table entries: 32768 (order: 8, 1048576 bytes, linear)
[    5.846280] TCP: Hash tables configured (established 32768 bind 32768)
[    5.852975] UDP hash table entries: 2048 (order: 4, 65536 bytes, linear)
[    5.857333] UDP-Lite hash table entries: 2048 (order: 4, 65536 bytes, linear)
[    5.862220] NET: Registered PF_UNIX/PF_LOCAL protocol family
[    5.873366] RPC: Registered named UNIX socket transport module.
[    5.877231] RPC: Registered udp transport module.
[    5.879835] RPC: Registered tcp transport module.
[    5.885207] RPC: Registered tcp NFSv4.1 backchannel transport module.
[    5.892392] pci_bus 0000:00: resource 4 [io  0x0000-0x0cf7 window]
[    5.895571] pci_bus 0000:00: resource 5 [io  0x0d00-0xffff window]
[    5.899093] pci_bus 0000:00: resource 6 [mem 0x000a0000-0x000bffff window]
[    5.904032] pci_bus 0000:00: resource 7 [mem 0xc0000000-0xfebfffff window]
[    5.910028] pci_bus 0000:00: resource 8 [mem 0x140000000-0x1bfffffff window]
[    5.915026] pci 0000:00:01.0: PIIX3: Enabling Passive Release
[    5.918431] pci 0000:00:00.0: Limiting direct PCI/PCI transfers
[    5.921445] PCI: CLS 0 bytes, default 64
[    5.923916] PCI-DMA: Using software bounce buffering for IO (SWIOTLB)
[    5.924433] Unpacking initramfs...
[    5.927785] software IO TLB: mapped [mem 0x00000000bbe87000-0x00000000bfe87000] (64MB)
[    5.942864] RAPL PMU: API unit is 2^-32 Joules, 0 fixed counters, 10737418240 ms ovfl timer
[    5.947395] clocksource: tsc: mask: 0xffffffffffffffff max_cycles: 0x2b2c8ec87c7, max_idle_ns: 440795278598 ns
[    6.004832] Initialise system trusted keyrings
[    6.006404] Freeing initrd memory: 1380K
[    6.009594] workingset: timestamp_bits=56 max_order=20 bucket_order=0
[    6.028974] NFS: Registering the id_resolver key type
[    6.033983] Key type id_resolver registered
[    6.038701] Key type id_legacy registered
[    6.049749] 9p: Installing v9fs 9p2000 file system support
[    6.066727] Key type asymmetric registered
[    6.071151] Asymmetric key parser 'x509' registered
[    6.078093] Block layer SCSI generic (bsg) driver version 0.4 loaded (major 251)
[    6.085845] io scheduler mq-deadline registered
[    6.089138] io scheduler kyber registered
[    6.095308] input: Power Button as /devices/LNXSYSTM:00/LNXPWRBN:00/input/input0
[    6.104372] ACPI: button: Power Button [PWRF]
[    6.124387] Serial: 8250/16550 driver, 4 ports, IRQ sharing enabled
[    6.129183] 00:04: ttyS0 at I/O 0x3f8 (irq = 4, base_baud = 115200) is a 16550A
[    6.143742] Non-volatile memory driver v1.3
[    6.145806] Linux agpgart interface v0.103
[    6.148265] ACPI: bus type drm_connector registered
[    6.196221] loop: module loaded
[    6.213399] scsi host0: ata_piix
[    6.223331] scsi host1: ata_piix
[    6.229055] ata1: PATA max MWDMA2 cmd 0x1f0 ctl 0x3f6 bmdma 0xc040 irq 14
[    6.238004] ata2: PATA max MWDMA2 cmd 0x170 ctl 0x376 bmdma 0xc048 irq 15
[    6.251797] e100: Intel(R) PRO/100 Network Driver
[    6.255515] e100: Copyright(c) 1999-2006 Intel Corporation
[    6.259054] e1000: Intel(R) PRO/1000 Network Driver
[    6.263551] e1000: Copyright (c) 1999-2006 Intel Corporation.
[    6.406838] ata2: found unknown device (class 0)
[    6.412164] ata2.00: ATAPI: QEMU DVD-ROM, 2.5+, max UDMA/100
[    6.421031] scsi 1:0:0:0: CD-ROM            QEMU     QEMU DVD-ROM     2.5+ PQ: 0 ANSI: 5
[    6.510845] sr 1:0:0:0: [sr0] scsi3-mmc drive: 4x/4x cd/rw xa/form2 tray
[    6.516794] cdrom: Uniform CD-ROM driver Revision: 3.20
[    7.801149] ACPI: \_SB_.LNKC: Enabled at IRQ 11
[    8.561455] e1000 0000:00:03.0 eth0: (PCI:33MHz:32-bit) 52:54:00:12:34:56
[    8.569946] e1000 0000:00:03.0 eth0: Intel(R) PRO/1000 Network Connection
[    8.579603] e1000e: Intel(R) PRO/1000 Network Driver
[    8.584818] e1000e: Copyright(c) 1999 - 2015 Intel Corporation.
[    8.593146] sky2: driver version 1.30
[    8.599236] usbcore: registered new interface driver usblp
[    8.608266] usbcore: registered new interface driver usb-storage
[    8.617653] i8042: PNP: PS/2 Controller [PNP0303:KBD,PNP0f13:MOU] at 0x60,0x64 irq 1,12
[    8.640224] serio: i8042 KBD port at 0x60,0x64 irq 1
[    8.647367] serio: i8042 AUX port at 0x60,0x64 irq 12
[    8.655295] rtc_cmos 00:05: RTC can wake from S4
[    8.665515] input: AT Translated Set 2 keyboard as /devices/platform/i8042/serio0/input/input1
[    8.674557] rtc_cmos 00:05: registered as rtc0
[    8.682053] rtc_cmos 00:05: alarms up to one day, y3k, 242 bytes nvram, hpet irqs
[    8.692001] device-mapper: ioctl: 4.48.0-ioctl (2023-03-01) initialised: dm-devel@redhat.com
[    8.697054] intel_pstate: CPU model not supported
[    8.702708] hid: raw HID events driver (C) Jiri Kosina
[    8.714018] usbcore: registered new interface driver usbhid
[    8.718544] usbhid: USB HID core driver
[    8.770475] Initializing XFRM netlink socket
[    8.773796] NET: Registered PF_INET6 protocol family
[    8.783089] Segment Routing with IPv6
[    8.784988] In-situ OAM (IOAM) with IPv6
[    8.786998] sit: IPv6, IPv4 and MPLS over IPv4 tunneling driver
[    8.793282] NET: Registered PF_PACKET protocol family
[    8.798616] 9pnet: Installing 9P2000 support
[    8.801719] Key type dns_resolver registered
[    8.813766] IPI shorthand broadcast: enabled
[    8.912050] sched_clock: Marking stable (8655051582, 256867011)->(9833377653, -921459060)
[    8.918741] registered taskstats version 1
[    8.921476] Loading compiled-in X.509 certificates
[    8.964083] PM:   Magic number: 10:547:832
[    8.967740] printk: console [netcon0] enabled
[    8.971849] netconsole: network logging started
[    8.979759] cfg80211: Loading compiled-in X.509 certificates for regulatory database
[    9.002803] kworker/u8:0 (63) used greatest stack depth: 29536 bytes left
[    9.011530] Loaded X.509 cert 'sforshee: 00b28ddf47aef9cea7'
[    9.017485] platform regulatory.0: Direct firmware load for regulatory.db failed with error -2
[    9.019055] ALSA device list:
[    9.022383] cfg80211: failed to load regulatory.db
[    9.027841]   No soundcards found.
[    9.033015] Freeing unused kernel image (initmem) memory: 5640K
[    9.052205] Write protecting the kernel read-only data: 59392k
[    9.062505] Freeing unused kernel image (rodata/data gap) memory: 148K
[    9.098468] x86/mm: Checked W+X mappings: passed, no W+X pages found.
[    9.101199] Run /init as init process
[    9.117784] mount (67) used greatest stack depth: 28760 bytes left

secb: rootfs ready
---- poc begin ----
[*] netns: vethA[    9.238005] br0: port 1(vethA) entered blocking state
=4 vethB=3 br0=5[    9.241342] br0: port 1(vethA) entered disabled state

[    9.248695] vethA: entered allmulticast mode
[    9.254596] vethA: entered promiscuous mode
[    9.260797] br0: port 1(vethA) entered blocking state
[    9.265747] br0: port 1(vethA) entered forwarding state
[*] 8 memberships on br0
[*] burst worker ready, pumping IGMPv2 queries on vethB
[    9.470304] input: ImExPS/2 Generic Explorer Mouse as /devices/platform/i8042/serio1/input/input3
[*] race loop: 5000 iters
    iter 0/5000
    iter 512/5000
    iter 1024/5000
    iter 1536/5000
    iter 2048/5000
    iter 2560/5000
    iter 3072/5000
    iter 3584/5000
    iter 4096/5000
    iter 4608/5000
[   12.279213] hrtimer: interrupt took 3172830 ns
[*] race loop done; sleeping 3s for any pending timer to fire
[+] poc finished[   15.401117] poc (73) used greatest stack depth: 25504 bytes left
 (no UAF observed in window)
---- poc end rc=0 ----
secb: poc exited without crashing the kernel
[   15.451220] vethA: left allmulticast mode
[   15.453249] vethA: left promiscuous mode
[   15.455092] br0: port 1(vethA) entered disabled state
[   17.617418] ACPI: PM: Preparing to enter system sleep state S5
[   17.619510] reboot: Power down
NO_CRASH_DETECTED
