bash: warning: setlocale: LC_ALL: cannot change locale (en_US.UTF-8)
c[?7l[2J[0mSeaBIOS (version 1.16.2-debian-1.16.2-1)


iPXE (http://ipxe.org) 00:03.0 CA00 PCI2.10 PnP PMM+BEFCEF00+BEF0EF00 CA00
Press Ctrl-B to configure iPXE (PCI 00:03.0)...                                                                               


Booting from ROM...
c[?7l[2JNo EFI environment detected.
early console in extract_kernel
input_data: 0x0000000004bdc3a8
input_len: 0x00000000019c1043
output: 0x0000000001000000
output_len: 0x00000000055277f0
kernel_total_size: 0x0000000005230000
needed_size: 0x0000000005600000
trampoline_32bit: 0x000000000009d000


KASLR disabled: 'nokaslr' on cmdline.


Decompressing Linux... Parsing ELF... No relocation needed... done.
Booting the kernel (entry_offset: 0x0000000000000000).
[    0.000000] Linux version 6.4.0-04322-gc451410ca7e3-dirty (root@buildkitsandbox) (gcc (Debian 12.2.0-14+deb12u1) 12.2.0, GNU ld (GNU Binutils for Debian) 2.40) #1 SMP PREEMPT_DYNAMIC Fri May  8 11:41:44 UTC 2026
[    0.000000] Command line: console=ttyS0 oops=panic panic=-1 nokaslr earlyprintk=serial
[    0.000000] BIOS-provided physical RAM map:
[    0.000000] BIOS-e820: [mem 0x0000000000000000-0x000000000009fbff] usable
[    0.000000] BIOS-e820: [mem 0x000000000009fc00-0x000000000009ffff] reserved
[    0.000000] BIOS-e820: [mem 0x00000000000f0000-0x00000000000fffff] reserved
[    0.000000] BIOS-e820: [mem 0x0000000000100000-0x00000000bffdffff] usable
[    0.000000] BIOS-e820: [mem 0x00000000bffe0000-0x00000000bfffffff] reserved
[    0.000000] BIOS-e820: [mem 0x00000000feffc000-0x00000000feffffff] reserved
[    0.000000] BIOS-e820: [mem 0x00000000fffc0000-0x00000000ffffffff] reserved
[    0.000000] BIOS-e820: [mem 0x0000000100000000-0x000000013fffffff] usable
[    0.000000] printk: bootconsole [earlyser0] enabled
[    0.000000] NX (Execute Disable) protection: active
[    0.000000] SMBIOS 2.8 present.
[    0.000000] DMI: QEMU Standard PC (i440FX + PIIX, 1996), BIOS 1.16.2-debian-1.16.2-1 04/01/2014
[    0.000000] Hypervisor detected: KVM
[    0.000000] kvm-clock: Using msrs 4b564d01 and 4b564d00
[    0.000004] kvm-clock: using sched offset of 2495912621 cycles
[    0.004861] clocksource: kvm-clock: mask: 0xffffffffffffffff max_cycles: 0x1cd42e4dffb, max_idle_ns: 881590591483 ns
[    0.025528] tsc: Detected 2995.200 MHz processor
[    0.037340] last_pfn = 0x140000 max_arch_pfn = 0x400000000
[    0.042105] MTRR map: 4 entries (3 fixed + 1 variable; max 19), built from 8 variable MTRRs
[    0.054305] x86/PAT: Configuration [0-7]: WB  WC  UC- UC  WB  WP  UC- WT  
[    0.062228] last_pfn = 0xbffe0 max_arch_pfn = 0x400000000
[    0.073147] found SMP MP-table at [mem 0x000f5ba0-0x000f5baf]
[    0.079830] Using GB pages for direct mapping
[    0.086677] Incomplete global flushes, disabling PCID
[    0.089369] RAMDISK: [mem 0xbfe87000-0xbffdffff]
[    0.101546] ACPI: Early table checksum verification disabled
[    0.108103] ACPI: RSDP 0x00000000000F59B0 000014 (v00 BOCHS )
[    0.114312] ACPI: RSDT 0x00000000BFFE1BEF 000034 (v01 BOCHS  BXPC     00000001 BXPC 00000001)
[    0.122835] ACPI: FACP 0x00000000BFFE1A8B 000074 (v01 BOCHS  BXPC     00000001 BXPC 00000001)
[    0.130269] ACPI: DSDT 0x00000000BFFE0040 001A4B (v01 BOCHS  BXPC     00000001 BXPC 00000001)
[    0.139070] ACPI: FACS 0x00000000BFFE0000 000040
[    0.145837] ACPI: APIC 0x00000000BFFE1AFF 000090 (v01 BOCHS  BXPC     00000001 BXPC 00000001)
[    0.153182] ACPI: HPET 0x00000000BFFE1B8F 000038 (v01 BOCHS  BXPC     00000001 BXPC 00000001)
[    0.162456] ACPI: WAET 0x00000000BFFE1BC7 000028 (v01 BOCHS  BXPC     00000001 BXPC 00000001)
[    0.168330] ACPI: Reserving FACP table memory at [mem 0xbffe1a8b-0xbffe1afe]
[    0.179374] ACPI: Reserving DSDT table memory at [mem 0xbffe0040-0xbffe1a8a]
[    0.188558] ACPI: Reserving FACS table memory at [mem 0xbffe0000-0xbffe003f]
[    0.199077] ACPI: Reserving APIC table memory at [mem 0xbffe1aff-0xbffe1b8e]
[    0.205505] ACPI: Reserving HPET table memory at [mem 0xbffe1b8f-0xbffe1bc6]
[    0.216102] ACPI: Reserving WAET table memory at [mem 0xbffe1bc7-0xbffe1bee]
[    0.221576] No NUMA configuration found
[    0.223080] Faking a node at [mem 0x0000000000000000-0x000000013fffffff]
[    0.233668] NODE_DATA(0) allocated [mem 0x13fffa000-0x13fffdfff]
[    0.236320] Zone ranges:
[    0.237234]   DMA      [mem 0x0000000000001000-0x0000000000ffffff]
[    0.249029]   DMA32    [mem 0x0000000001000000-0x00000000ffffffff]
[    0.252369]   Normal   [mem 0x0000000100000000-0x000000013fffffff]
[    0.264858] Movable zone start for each node
[    0.268112] Early memory node ranges
[    0.270405]   node   0: [mem 0x0000000000001000-0x000000000009efff]
[    0.286165]   node   0: [mem 0x0000000000100000-0x00000000bffdffff]
[    0.295868]   node   0: [mem 0x0000000100000000-0x000000013fffffff]
[    0.301742] Initmem setup node 0 [mem 0x0000000000001000-0x000000013fffffff]
[    0.317705] On node 0, zone DMA: 1 pages in unavailable ranges
[    0.318914] On node 0, zone DMA: 97 pages in unavailable ranges
[    0.788895] On node 0, zone Normal: 32 pages in unavailable ranges
[    4.078716] kasan: KernelAddressSanitizer initialized
[    4.101283] ACPI: PM-Timer IO Port: 0x608
[    4.108867] ACPI: LAPIC_NMI (acpi_id[0xff] dfl dfl lint[0x1])
[    4.115796] IOAPIC[0]: apic_id 0, version 17, address 0xfec00000, GSI 0-23
[    4.122377] ACPI: INT_SRC_OVR (bus 0 bus_irq 0 global_irq 2 dfl dfl)
[    4.131955] ACPI: INT_SRC_OVR (bus 0 bus_irq 5 global_irq 5 high level)
[    4.137295] ACPI: INT_SRC_OVR (bus 0 bus_irq 9 global_irq 9 high level)
[    4.146725] ACPI: INT_SRC_OVR (bus 0 bus_irq 10 global_irq 10 high level)
[    4.154105] ACPI: INT_SRC_OVR (bus 0 bus_irq 11 global_irq 11 high level)
[    4.162624] ACPI: Using ACPI (MADT) for SMP configuration information
[    4.167841] ACPI: HPET id: 0x8086a201 base: 0xfed00000
[    4.177010] TSC deadline timer available
[    4.179849] smpboot: Allowing 4 CPUs, 0 hotplug CPUs
[    4.184137] kvm-guest: KVM setup pv remote TLB flush
[    4.192543] kvm-guest: setup PV sched yield
[    4.197547] PM: hibernation: Registered nosave memory: [mem 0x00000000-0x00000fff]
[    4.205886] PM: hibernation: Registered nosave memory: [mem 0x0009f000-0x0009ffff]
[    4.215753] PM: hibernation: Registered nosave memory: [mem 0x000a0000-0x000effff]
[    4.218466] PM: hibernation: Registered nosave memory: [mem 0x000f0000-0x000fffff]
[    4.220798] PM: hibernation: Registered nosave memory: [mem 0xbffe0000-0xbfffffff]
[    4.226441] PM: hibernation: Registered nosave memory: [mem 0xc0000000-0xfeffbfff]
[    4.239460] PM: hibernation: Registered nosave memory: [mem 0xfeffc000-0xfeffffff]
[    4.248494] PM: hibernation: Registered nosave memory: [mem 0xff000000-0xfffbffff]
[    4.261342] PM: hibernation: Registered nosave memory: [mem 0xfffc0000-0xffffffff]
[    4.269207] [mem 0xc0000000-0xfeffbfff] available for PCI devices
[    4.275614] Booting paravirtualized kernel on KVM
[    4.282931] clocksource: refined-jiffies: mask: 0xffffffff max_cycles: 0xffffffff, max_idle_ns: 1910969940391419 ns
[    4.328496] setup_percpu: NR_CPUS:64 nr_cpumask_bits:4 nr_cpu_ids:4 nr_node_ids:1
[    4.336780] percpu: Embedded 66 pages/cpu s232104 r8192 d30040 u524288
[    4.343968] Kernel command line: console=ttyS0 oops=panic panic=-1 nokaslr earlyprintk=serial
[    4.353802] Unknown kernel command line parameters "nokaslr", will be passed to user space.
[    4.359960] random: crng init done
[    4.373223] Dentry cache hash table entries: 524288 (order: 10, 4194304 bytes, linear)
[    4.385795] Inode-cache hash table entries: 262144 (order: 9, 2097152 bytes, linear)
[    4.388595] Fallback order for Node 0: 0 
[    4.389591] Built 1 zonelists, mobility grouping on.  Total pages: 1031904
[    4.414326] Policy zone: Normal
[    4.418358] mem auto-init: stack:all(zero), heap alloc:off, heap free:off
[    4.428319] stackdepot: allocating hash table via alloc_large_system_hash
[    4.476276] stackdepot hash table entries: 1048576 (order: 11, 8388608 bytes, linear)
[    4.500469] software IO TLB: area num 4.
[    5.372082] Memory: 3425172K/4193784K available (49152K kernel code, 7973K rwdata, 10092K rodata, 5640K init, 2928K bss, 768356K reserved, 0K cma-reserved)
[    5.388269] SLUB: HWalign=64, Order=0-3, MinObjects=0, CPUs=4, Nodes=1
Poking KASLR using RDRAND RDTSC...
[    5.404498] Dynamic Preempt: voluntary
[    5.464987] rcu: Preemptible hierarchical RCU implementation.
[    5.468967] rcu: 	RCU event tracing is enabled.
[    5.472752] rcu: 	RCU restricting CPUs from NR_CPUS=64 to nr_cpu_ids=4.
[    5.481042] 	Trampoline variant of Tasks RCU enabled.
[    5.485765] rcu: RCU calculated value of scheduler-enlistment delay is 100 jiffies.
[    5.490017] rcu: Adjusting geometry for rcu_fanout_leaf=16, nr_cpu_ids=4
[    5.585262] NR_IRQS: 4352, nr_irqs: 456, preallocated irqs: 16
[    5.629690] rcu: srcu_init: Setting srcu_struct sizes based on contention.
[    5.699282] Console: colour VGA+ 80x25
[    5.707987] printk: console [ttyS0] enabled
[    5.707987] printk: console [ttyS0] enabled
[    5.718846] printk: bootconsole [earlyser0] disabled
[    5.718846] printk: bootconsole [earlyser0] disabled
[    5.739582] ACPI: Core revision 20230331
[    5.752405] clocksource: hpet: mask: 0xffffffff max_cycles: 0xffffffff, max_idle_ns: 19112604467 ns
[    5.776361] APIC: Switch to symmetric I/O mode setup
[    5.781278] kvm-guest: setup PV IPIs
[    5.806486] ..TIMER: vector=0x30 apic1=0 pin1=2 apic2=-1 pin2=-1
[    5.814177] clocksource: tsc-early: mask: 0xffffffffffffffff max_cycles: 0x2b2c8ec87c7, max_idle_ns: 440795278598 ns
[    5.821302] Calibrating delay loop (skipped) preset value.. 5990.40 BogoMIPS (lpj=2995200)
[    5.823244] x86/cpu: User Mode Instruction Prevention (UMIP) activated
[    5.827366] Last level iTLB entries: 4KB 0, 2MB 0, 4MB 0
[    5.829287] Last level dTLB entries: 4KB 0, 2MB 0, 4MB 0, 1GB 0
[    5.832317] Spectre V1 : Mitigation: usercopy/swapgs barriers and __user pointer sanitization
[    5.834340] Spectre V2 : Mitigation: Enhanced / Automatic IBRS
[    5.835258] Spectre V2 : Spectre v2 / SpectreRSB mitigation: Filling RSB on context switch
[    5.837271] Spectre V2 : Spectre v2 / PBRSB-eIBRS: Retire a single CALL on VMEXIT
[    5.839288] RETBleed: Mitigation: Enhanced IBRS
[    5.842388] Spectre V2 : mitigation: Enabling conditional Indirect Branch Prediction Barrier
[    5.843262] Speculative Store Bypass: Mitigation: Speculative Store Bypass disabled via prctl
[    5.844260] MMIO Stale Data: Unknown: No mitigations
[    5.847413] x86/fpu: Supporting XSAVE feature 0x001: 'x87 floating point registers'
[    5.849326] x86/fpu: Supporting XSAVE feature 0x002: 'SSE registers'
[    5.851330] x86/fpu: Supporting XSAVE feature 0x004: 'AVX registers'
[    5.852261] x86/fpu: xstate_offset[2]:  576, xstate_sizes[2]:  256
[    5.853285] x86/fpu: Enabled xstate features 0x7, context size is 832 bytes, using 'compacted' format.
[    5.952760] Freeing SMP alternatives memory: 44K
[    5.953523] pid_max: default: 32768 minimum: 301
[    5.955510] LSM: initializing lsm=capability,selinux,integrity
[    5.956435] SELinux:  Initializing.
[    5.957935] Mount-cache hash table entries: 8192 (order: 4, 65536 bytes, linear)
[    5.958276] Mountpoint-cache hash table entries: 8192 (order: 4, 65536 bytes, linear)
[    5.963244] smpboot: CPU0: 13th Gen Intel(R) Core(TM) i9-13900H (family: 0x6, model: 0xba, stepping: 0x2)
[    5.964052] RCU Tasks: Setting shift to 2 and lim to 1 rcu_task_cb_adjust=1.
[    5.965455] Performance Events: unsupported p6 CPU model 186 no PMU driver, software events only.
[    5.966691] signal: max sigframe size: 1776
[    5.967546] rcu: Hierarchical SRCU implementation.
[    5.968431] rcu: 	Max phase no-delay instances is 400.
[    5.973724] smp: Bringing up secondary CPUs ...
[    5.975196] smpboot: x86: Booting SMP configuration:
[    5.975290] .... node  #0, CPUs:      #1 #2 #3
[    6.004566] smp: Brought up 1 node, 4 CPUs
[    6.006284] smpboot: Max logical packages: 1
[    6.007288] smpboot: Total of 4 processors activated (23961.60 BogoMIPS)
[    6.023315] devtmpfs: initialized
[    6.034461] clocksource: jiffies: mask: 0xffffffff max_cycles: 0xffffffff, max_idle_ns: 1911260446275000 ns
[    6.035271] futex hash table entries: 1024 (order: 4, 65536 bytes, linear)
[    6.036698] PM: RTC time: 11:45:06, date: 2026-05-08
[    6.050480] NET: Registered PF_NETLINK/PF_ROUTE protocol family
[    6.052890] audit: initializing netlink subsys (disabled)
[    6.054298] audit: type=2000 audit(1778240706.648:1): state=initialized audit_enabled=0 res=1
[    6.056294] thermal_sys: Registered thermal governor 'step_wise'
[    6.057469] thermal_sys: Registered thermal governor 'user_space'
[    6.058919] cpuidle: using governor menu
[    6.071641] PCI: Using configuration type 1 for base access
[    6.074398] kprobes: kprobe jump-optimization is enabled. All kprobes are optimized if possible.
[    6.087390] HugeTLB: registered 2.00 MiB page size, pre-allocated 0 pages
[    6.095275] HugeTLB: 28 KiB vmemmap can be freed for a 2.00 MiB page
[    6.105737] ACPI: Added _OSI(Module Device)
[    6.106261] ACPI: Added _OSI(Processor Device)
[    6.109260] ACPI: Added _OSI(3.0 _SCP Extensions)
[    6.117261] ACPI: Added _OSI(Processor Aggregator Device)
[    6.130244] ACPI: 1 ACPI AML tables successfully acquired and loaded
[    6.320006] ACPI: Interpreter enabled
[    6.320472] ACPI: PM: (supports S0 S3 S4 S5)
[    6.321287] ACPI: Using IOAPIC for interrupt routing
[    6.322629] PCI: Using host bridge windows from ACPI; if necessary, use "pci=nocrs" and report a bug
[    6.323276] PCI: Using E820 reservations for host bridge windows
[    6.325244] ACPI: Enabled 2 GPEs in block 00 to 0F
[    6.373040] ACPI: PCI Root Bridge [PCI0] (domain 0000 [bus 00-ff])
[    6.373471] acpi PNP0A03:00: _OSC: OS supports [ASPM ClockPM Segments MSI HPX-Type3]
[    6.374285] acpi PNP0A03:00: _OSC: not requesting OS control; OS requires [ExtendedConfig ASPM ClockPM MSI]
[    6.375541] acpi PNP0A03:00: fail to add MMCONFIG information, can't access extended configuration space under this bridge
[    6.377038] PCI host bridge to bus 0000:00
[    6.377305] pci_bus 0000:00: root bus resource [io  0x0000-0x0cf7 window]
[    6.378301] pci_bus 0000:00: root bus resource [io  0x0d00-0xffff window]
[    6.379300] pci_bus 0000:00: root bus resource [mem 0x000a0000-0x000bffff window]
[    6.380304] pci_bus 0000:00: root bus resource [mem 0xc0000000-0xfebfffff window]
[    6.381310] pci_bus 0000:00: root bus resource [mem 0x140000000-0x1bfffffff window]
[    6.382331] pci_bus 0000:00: root bus resource [bus 00-ff]
[    6.383783] pci 0000:00:00.0: [8086:1237] type 00 class 0x060000
[    6.403745] pci 0000:00:01.0: [8086:7000] type 00 class 0x060100
[    6.424636] pci 0000:00:01.1: [8086:7010] type 00 class 0x010180
[    6.431276] pci 0000:00:01.1: reg 0x20: [io  0xc040-0xc04f]
[    6.434144] pci 0000:00:01.1: legacy IDE quirk: reg 0x10: [io  0x01f0-0x01f7]
[    6.434280] pci 0000:00:01.1: legacy IDE quirk: reg 0x14: [io  0x03f6]
[    6.435320] pci 0000:00:01.1: legacy IDE quirk: reg 0x18: [io  0x0170-0x0177]
[    6.436284] pci 0000:00:01.1: legacy IDE quirk: reg 0x1c: [io  0x0376]
[    6.438443] pci 0000:00:01.3: [8086:7113] type 00 class 0x068000
[    6.442595] pci 0000:00:01.3: quirk: [io  0x0600-0x063f] claimed by PIIX4 ACPI
[    6.443902] pci 0000:00:01.3: quirk: [io  0x0700-0x070f] claimed by PIIX4 SMB
[    6.445636] pci 0000:00:02.0: [1234:1111] type 00 class 0x030000
[    6.448902] pci 0000:00:02.0: reg 0x10: [mem 0xfd000000-0xfdffffff pref]
[    6.453582] pci 0000:00:02.0: reg 0x18: [mem 0xfebf0000-0xfebf0fff]
[    6.464230] pci 0000:00:02.0: reg 0x30: [mem 0xfebe0000-0xfebeffff pref]
[    6.468518] pci 0000:00:02.0: Video device with shadowed ROM at [mem 0x000c0000-0x000dffff]
[    6.496572] pci 0000:00:03.0: [8086:100e] type 00 class 0x020000
[    6.499276] pci 0000:00:03.0: reg 0x10: [mem 0xfebc0000-0xfebdffff]
[    6.502184] pci 0000:00:03.0: reg 0x14: [io  0xc000-0xc03f]
[    6.512367] pci 0000:00:03.0: reg 0x30: [mem 0xfeb80000-0xfebbffff pref]
[    6.538107] ACPI: PCI: Interrupt link LNKA configured for IRQ 10
[    6.539872] ACPI: PCI: Interrupt link LNKB configured for IRQ 10
[    6.541892] ACPI: PCI: Interrupt link LNKC configured for IRQ 11
[    6.544027] ACPI: PCI: Interrupt link LNKD configured for IRQ 11
[    6.545196] ACPI: PCI: Interrupt link LNKS configured for IRQ 9
[    6.554641] iommu: Default domain type: Translated 
[    6.555280] iommu: DMA domain TLB invalidation policy: lazy mode 
[    6.559553] SCSI subsystem initialized
[    6.565093] ACPI: bus type USB registered
[    6.566226] usbcore: registered new interface driver usbfs
[    6.566580] usbcore: registered new interface driver hub
[    6.568312] usbcore: registered new device driver usb
[    6.569671] pps_core: LinuxPPS API ver. 1 registered
[    6.570289] pps_core: Software ver. 5.3.6 - Copyright 2005-2007 Rodolfo Giometti <giometti@linux.it>
[    6.571375] PTP clock support registered
[    6.576909] Advanced Linux Sound Architecture Driver Initialized.
[    6.587435] NetLabel: Initializing
[    6.588274] NetLabel:  domain hash size = 128
[    6.589273] NetLabel:  protocols = UNLABELED CIPSOv4 CALIPSO
[    6.591522] NetLabel:  unlabeled traffic allowed by default
[    6.593494] PCI: Using ACPI for IRQ routing
[    6.598047] pci 0000:00:02.0: vgaarb: setting as boot VGA device
[    6.598244] pci 0000:00:02.0: vgaarb: bridge control possible
[    6.598244] pci 0000:00:02.0: vgaarb: VGA device added: decodes=io+mem,owns=io+mem,locks=none
[    6.598291] vgaarb: loaded
[    6.602863] hpet0: at MMIO 0xfed00000, IRQs 2, 8, 0
[    6.603281] hpet0: 3 comparators, 64-bit 100.000000 MHz counter
[    6.612018] clocksource: Switched to clocksource kvm-clock
[    6.761623] VFS: Disk quotas dquot_6.6.0
[    6.766120] VFS: Dquot-cache hash table entries: 512 (order 0, 4096 bytes)
[    6.780299] pnp: PnP ACPI init
[    6.794186] pnp: PnP ACPI: found 6 devices
[    6.842713] kwatchdog (45) used greatest stack depth: 30952 bytes left
[    6.952494] clocksource: acpi_pm: mask: 0xffffff max_cycles: 0xffffff, max_idle_ns: 2085701024 ns
[    6.961262] NET: Registered PF_INET protocol family
[    6.975636] IP idents hash table entries: 65536 (order: 7, 524288 bytes, linear)
[    6.988866] tcp_listen_portaddr_hash hash table entries: 2048 (order: 3, 32768 bytes, linear)
[    7.009663] Table-perturb hash table entries: 65536 (order: 6, 262144 bytes, linear)
[    7.018083] TCP established hash table entries: 32768 (order: 6, 262144 bytes, linear)
[    7.029276] TCP bind hash table entries: 32768 (order: 8, 1048576 bytes, linear)
[    7.039844] TCP: Hash tables configured (established 32768 bind 32768)
[    7.047742] UDP hash table entries: 2048 (order: 4, 65536 bytes, linear)
[    7.053898] UDP-Lite hash table entries: 2048 (order: 4, 65536 bytes, linear)
[    7.063858] NET: Registered PF_UNIX/PF_LOCAL protocol family
[    7.075188] RPC: Registered named UNIX socket transport module.
[    7.083128] RPC: Registered udp transport module.
[    7.086321] RPC: Registered tcp transport module.
[    7.087979] RPC: Registered tcp NFSv4.1 backchannel transport module.
[    7.097512] pci_bus 0000:00: resource 4 [io  0x0000-0x0cf7 window]
[    7.102441] pci_bus 0000:00: resource 5 [io  0x0d00-0xffff window]
[    7.115506] pci_bus 0000:00: resource 6 [mem 0x000a0000-0x000bffff window]
[    7.121914] pci_bus 0000:00: resource 7 [mem 0xc0000000-0xfebfffff window]
[    7.127716] pci_bus 0000:00: resource 8 [mem 0x140000000-0x1bfffffff window]
[    7.134934] pci 0000:00:01.0: PIIX3: Enabling Passive Release
[    7.142708] pci 0000:00:00.0: Limiting direct PCI/PCI transfers
[    7.151701] PCI: CLS 0 bytes, default 64
[    7.155090] PCI-DMA: Using software bounce buffering for IO (SWIOTLB)
[    7.157733] Unpacking initramfs...
[    7.177971] software IO TLB: mapped [mem 0x00000000bbe87000-0x00000000bfe87000] (64MB)
[    7.198369] RAPL PMU: API unit is 2^-32 Joules, 0 fixed counters, 10737418240 ms ovfl timer
[    7.202617] clocksource: tsc: mask: 0xffffffffffffffff max_cycles: 0x2b2c8ec87c7, max_idle_ns: 440795278598 ns
[    7.254190] Initialise system trusted keyrings
[    7.265136] workingset: timestamp_bits=56 max_order=20 bucket_order=0
[    7.290939] Freeing initrd memory: 1380K
[    7.292837] NFS: Registering the id_resolver key type
[    7.299550] Key type id_resolver registered
[    7.310101] Key type id_legacy registered
[    7.319989] 9p: Installing v9fs 9p2000 file system support
[    7.344741] Key type asymmetric registered
[    7.352789] Asymmetric key parser 'x509' registered
[    7.361411] Block layer SCSI generic (bsg) driver version 0.4 loaded (major 251)
[    7.373597] io scheduler mq-deadline registered
[    7.387372] io scheduler kyber registered
[    7.408241] input: Power Button as /devices/LNXSYSTM:00/LNXPWRBN:00/input/input0
[    7.420835] ACPI: button: Power Button [PWRF]
[    7.444968] Serial: 8250/16550 driver, 4 ports, IRQ sharing enabled
[    7.450356] 00:04: ttyS0 at I/O 0x3f8 (irq = 4, base_baud = 115200) is a 16550A
[    7.472081] Non-volatile memory driver v1.3
[    7.474757] Linux agpgart interface v0.103
[    7.477934] ACPI: bus type drm_connector registered
[    7.510472] loop: module loaded
[    7.545976] scsi host0: ata_piix
[    7.552966] scsi host1: ata_piix
[    7.558347] ata1: PATA max MWDMA2 cmd 0x1f0 ctl 0x3f6 bmdma 0xc040 irq 14
[    7.562802] ata2: PATA max MWDMA2 cmd 0x170 ctl 0x376 bmdma 0xc048 irq 15
[    7.574688] e100: Intel(R) PRO/100 Network Driver
[    7.579146] e100: Copyright(c) 1999-2006 Intel Corporation
[    7.582771] e1000: Intel(R) PRO/1000 Network Driver
[    7.586996] e1000: Copyright (c) 1999-2006 Intel Corporation.
[    7.754185] ata2: found unknown device (class 0)
[    7.766375] ata2.00: ATAPI: QEMU DVD-ROM, 2.5+, max UDMA/100
[    7.799571] scsi 1:0:0:0: CD-ROM            QEMU     QEMU DVD-ROM     2.5+ PQ: 0 ANSI: 5
[    7.904874] sr 1:0:0:0: [sr0] scsi3-mmc drive: 4x/4x cd/rw xa/form2 tray
[    7.908307] cdrom: Uniform CD-ROM driver Revision: 3.20
[    9.139870] ACPI: \_SB_.LNKC: Enabled at IRQ 11
[    9.724246] e1000 0000:00:03.0 eth0: (PCI:33MHz:32-bit) 52:54:00:12:34:56
[    9.731520] e1000 0000:00:03.0 eth0: Intel(R) PRO/1000 Network Connection
[    9.737429] e1000e: Intel(R) PRO/1000 Network Driver
[    9.742450] e1000e: Copyright(c) 1999 - 2015 Intel Corporation.
[    9.745296] sky2: driver version 1.30
[    9.750146] usbcore: registered new interface driver usblp
[    9.754978] usbcore: registered new interface driver usb-storage
[    9.775395] hrtimer: interrupt took 3173807 ns
[    9.837689] i8042: PNP: PS/2 Controller [PNP0303:KBD,PNP0f13:MOU] at 0x60,0x64 irq 1,12
[    9.856809] serio: i8042 KBD port at 0x60,0x64 irq 1
[    9.863880] serio: i8042 AUX port at 0x60,0x64 irq 12
[    9.872687] rtc_cmos 00:05: RTC can wake from S4
[    9.872939] input: AT Translated Set 2 keyboard as /devices/platform/i8042/serio0/input/input1
[    9.891614] rtc_cmos 00:05: registered as rtc0
[    9.901452] rtc_cmos 00:05: alarms up to one day, y3k, 242 bytes nvram, hpet irqs
[    9.910569] device-mapper: ioctl: 4.48.0-ioctl (2023-03-01) initialised: dm-devel@redhat.com
[    9.918844] intel_pstate: CPU model not supported
[    9.930650] hid: raw HID events driver (C) Jiri Kosina
[    9.953477] usbcore: registered new interface driver usbhid
[    9.962432] usbhid: USB HID core driver
[    9.980920] Initializing XFRM netlink socket
[    9.983688] NET: Registered PF_INET6 protocol family
[    9.993577] Segment Routing with IPv6
[    9.996277] In-situ OAM (IOAM) with IPv6
[    9.999462] sit: IPv6, IPv4 and MPLS over IPv4 tunneling driver
[   10.004989] NET: Registered PF_PACKET protocol family
[   10.008674] 9pnet: Installing 9P2000 support
[   10.012120] Key type dns_resolver registered
[   10.025366] IPI shorthand broadcast: enabled
[   10.097430] sched_clock: Marking stable (9922060037, 175019285)->(11366729163, -1269649841)
[   10.105670] registered taskstats version 1
[   10.108753] Loading compiled-in X.509 certificates
[   10.154762] PM:   Magic number: 10:994:781
[   10.157801] printk: console [netcon0] enabled
[   10.159996] netconsole: network logging started
[   10.164330] cfg80211: Loading compiled-in X.509 certificates for regulatory database
[   10.176972] kworker/u8:1 (65) used greatest stack depth: 29536 bytes left
[   10.212386] Loaded X.509 cert 'sforshee: 00b28ddf47aef9cea7'
[   10.227323] platform regulatory.0: Direct firmware load for regulatory.db failed with error -2
[   10.227489] ALSA device list:
[   10.245343] cfg80211: failed to load regulatory.db
[   10.248941]   No soundcards found.
[   10.284939] Freeing unused kernel image (initmem) memory: 5640K
[   10.292678] Write protecting the kernel read-only data: 59392k
[   10.301646] Freeing unused kernel image (rodata/data gap) memory: 148K
[   10.351504] x86/mm: Checked W+X mappings: passed, no W+X pages found.
[   10.359447] Run /init as init process
[   10.423266] mount (69) used greatest stack depth: 28760 bytes left

secb: rootfs ready
---- poc begin ----
[*] netns: vethA=4 vethB=3 br0=5
[   10.554391] br0: port 1(vethA) entered blocking state
[   10.556938] br0: port 1(vethA) entered disabled state
[   10.560564] vethA: entered allmulticast mode
[   10.563643] vethA: entered promiscuous mode
[   10.567573] br0: port 1(vethA) entered blocking state
[   10.569822] br0: port 1(vethA) entered forwarding state
[*] 8 memberships on br0
[*] burst worker ready, pumping IGMPv2 queries on vethB
[   10.747311] input: ImExPS/2 Generic Explorer Mouse as /devices/platform/i8042/serio1/input/input3
[*] race loop: 5000 iters
    iter 0/5000
    iter 512/5000
[   11.341667] ------------[ cut here ]------------
[   11.343901] refcount_t: addition on 0; use-after-free.
[   11.346632] WARNING: CPU: 2 PID: 76 at lib/refcount.c:25 refcount_warn_saturate+0x115/0x150
[   11.351533] Modules linked in:
[   11.352532] CPU: 2 PID: 76 Comm: poc Not tainted 6.4.0-04322-gc451410ca7e3-dirty #1
[   11.356066] Hardware name: QEMU Standard PC (i440FX + PIIX, 1996), BIOS 1.16.2-debian-1.16.2-1 04/01/2014
[   11.363684] RIP: 0010:refcount_warn_saturate+0x115/0x150
[   11.366866] Code: 05 2a ff 0f 0b e9 72 ff ff ff 80 3d a2 d5 2e 03 00 0f 85 65 ff ff ff 48 c7 c7 c0 01 19 84 c6 05 8e d5 2e 03 01 e8 1b 05 2a ff <0f> 0b e9 4b ff ff ff 48 c7 c7 80 02 19 84 c6 05 72 d5 2e 03 01 e8
[   11.375164] RSP: 0018:ffffc900001f04b0 EFLAGS: 00010286
[   11.378747] RAX: 0000000000000000 RBX: ffff888105e0cd6c RCX: dffffc0000000000
[   11.383491] RDX: 0000000000000000 RSI: 1ffff9200003e03b RDI: 0000000000000001
[   11.387787] RBP: 0000000000000002 R08: 0000000000000001 R09: fffff5200003e03b
[   11.390806] R10: ffffc900001f01df R11: 0000000000000000 R12: ffff888105e0cd00
[   11.392840] R13: 0000000000000000 R14: ffff888105e0cd70 R15: ffff888105e0cd74
[   11.395746] FS:  00007f5cd59f36c0(0000) GS:ffff88811b300000(0000) knlGS:0000000000000000
[   11.403964] CS:  0010 DS: 0000 ES: 0000 CR0: 0000000080050033
[   11.407576] CR2: 00000000023e4718 CR3: 00000001028ca000 CR4: 0000000000350ee0
[   11.410615] Call Trace:
[   11.414768]  <IRQ>
[   11.418493]  ? __warn+0xc8/0x250
[   11.425129]  ? refcount_warn_saturate+0x115/0x150
[   11.429227]  ? report_bug+0x26b/0x2e0
[   11.432149]  ? handle_bug+0x3c/0x70
[   11.434849]  ? exc_invalid_op+0x17/0x40
[   11.438240]  ? asm_exc_invalid_op+0x1a/0x20
[   11.443765]  ? refcount_warn_saturate+0x115/0x150
[   11.446403]  igmp_rcv+0x1056/0x1fe0
[   11.448358]  ? ip_route_input_rcu.part.0+0x586/0xc20
[   11.452105]  ? __pfx_igmp_rcv+0x10/0x10
[   11.454607]  ? __pfx_ip_route_input_rcu.part.0+0x10/0x10
[   11.457408]  ? __skb_checksum_complete+0x13c/0x360
[   11.461237]  ip_protocol_deliver_rcu+0x26c/0x2e0
[   11.463670]  ip_local_deliver_finish+0x277/0x360
[   11.485423]  ip_local_deliver+0x190/0x2d0
    iter 1024/5000
[   11.489134]  ? __pfx_ip_local_deliver+0x10/0x10
[   11.495251]  ? ip_rcv_finish_core.constprop.0+0x1c6/0x1720
[   11.498741]  ? __pfx___netif_receive_skb_core.constprop.0+0x10/0x10
[   11.504806]  ip_rcv+0x21e/0x270
[   11.507763]  ? __pfx_ip_rcv+0x10/0x10
[   11.510227]  ? __pfx___hrtimer_run_queues+0x10/0x10
[   11.513964]  ? __pfx__raw_spin_lock_irqsave+0x10/0x10
[   11.518184]  ? kvm_clock_get_cycles+0x18/0x30
[   11.526600]  ? __pfx_ip_rcv+0x10/0x10
[   11.528546]  __netif_receive_skb_one_core+0x163/0x1b0
[   11.531338]  ? __pfx___netif_receive_skb_one_core+0x10/0x10
[   11.533730]  ? __pfx_br_multicast_rcv+0x10/0x10
[   11.537291]  ? br_mdb_get+0xda/0x7e0
[   11.540563]  netif_receive_skb+0x83/0x340
[   11.544410]  ? __pfx_br_multicast_count+0x10/0x10
[   11.548838]  ? __pfx_netif_receive_skb+0x10/0x10
[   11.551981]  ? br_flood+0x102/0x3f0
[   11.553652]  br_handle_frame_finish+0x810/0x19a0
[   11.556516]  ? __pfx_br_handle_frame_finish+0x10/0x10
[   11.561819]  ? __is_insn_slot_addr+0x86/0xd0
[   11.564120]  ? kernel_text_address+0xa7/0x130
[   11.566192]  ? __kernel_text_address+0xd/0x40
[   11.567546]  ? __kernel_text_address+0xd/0x40
[   11.568823]  ? unwind_get_return_address+0x59/0xa0
[   11.570209]  ? arch_stack_walk+0xa7/0x100
[   11.571724]  ? kfree_skb_reason+0x220/0x2b0
[   11.573341]  br_handle_frame+0x518/0x8a0
[   11.576552]  ? stack_trace_save+0x90/0xd0
[   11.578099]  ? __pfx_br_handle_frame+0x10/0x10
[   11.580371]  __netif_receive_skb_core.constprop.0+0x663/0x3440
[   11.582503]  ? _raw_spin_lock_irqsave+0x86/0xe0
[   11.584617]  ? dst_destroy+0x237/0x3d0
[   11.586125]  ? __pfx___netif_receive_skb_core.constprop.0+0x10/0x10
[   11.588060]  ? _raw_spin_lock+0x80/0xe0
[   11.589204]  ? enqueue_timer+0xe3/0x3f0
[   11.590334]  ? rcu_sched_clock_irq+0x6ba/0x2e00
[   11.591786]  ? add_timer_on+0x29a/0x3b0
[   11.593354]  ? __pfx_add_timer_on+0x10/0x10
[   11.595120]  ? __pfx_clocksource_watchdog+0x10/0x10
[   11.597317]  __netif_receive_skb_one_core+0xaa/0x1b0
[   11.599917]  ? update_load_avg+0x126/0x1b90
[   11.604306]  ? __pfx___netif_receive_skb_one_core+0x10/0x10
[   11.606641]  ? _raw_spin_lock_irq+0x81/0xe0
[   11.608458]  ? __pfx_calc_global_load_tick+0x10/0x10
[   11.610464]  process_backlog+0x18b/0x520
[   11.611827]  __napi_poll+0x9e/0x4f0
[   11.613267]  net_rx_action+0x897/0xd50
[   11.614868]  ? __pfx_net_rx_action+0x10/0x10
[   11.616267]  ? kvm_clock_get_cycles+0x18/0x30
    iter 1536/50[   11.618057]  ? ktime_get+0x54/0xd0
00[   11.620662]  __do_softirq+0x1bf/0x5b5
[   11.621726]  ? __pfx___do_softirq+0x10/0x10
[   11.622958]  do_softirq+0x3e/0x60

[   11.623941]  </IRQ>
[   11.625081]  <TASK>
[   11.625904]  __local_bh_enable_ip+0x63/0x70
[   11.627548]  __dev_queue_xmit+0x8e4/0x30c0
[   11.629453]  ? __pfx___dev_queue_xmit+0x10/0x10
[   11.631382]  ? packet_parse_headers+0x3e9/0x8f0
[   11.633202]  ? __pfx_sock_alloc_send_pskb+0x10/0x10
[   11.635346]  ? __pfx_packet_parse_headers+0x10/0x10
[   11.637603]  ? skb_copy_datagram_from_iter+0xe1/0x6a0
[   11.639963]  packet_sendmsg+0x1eac/0x4d40
[   11.643008]  ? kvm_sched_clock_read+0x11/0x20
[   11.646089]  ? __pfx_selinux_socket_sendmsg+0x10/0x10
[   11.648399]  ? sysvec_apic_timer_interrupt+0xe/0x80
[   11.650564]  ? asm_sysvec_apic_timer_interrupt+0x1a/0x20
[   11.654086]  ? __pfx_packet_sendmsg+0x10/0x10
[   11.656482]  ? _copy_from_user+0x36/0xa0
[   11.662984]  ? __pfx_packet_sendmsg+0x10/0x10
[   11.664003]  sock_sendmsg+0x13d/0x180
[   11.664984]  __sys_sendto+0x1eb/0x2b0
[   11.666463]  ? __pfx___sys_sendto+0x10/0x10
[   11.668417]  ? __rseq_handle_notify_resume+0x7ce/0xc20
[   11.677880]  ? __pfx___schedule+0x10/0x10
[   11.679766]  ? asm_sysvec_apic_timer_interrupt+0x1a/0x20
[   11.681583]  __x64_sys_sendto+0xdb/0x1b0
[   11.682958]  ? exit_to_user_mode_prepare+0x2a/0x110
[   11.688220]  ? syscall_exit_to_user_mode+0x21/0x50
[   11.694247]  do_syscall_64+0x3b/0x90
[   11.700246]  entry_SYSCALL_64_after_hwframe+0x6e/0xd8
[   11.703502] RIP: 0033:0x43f0dc
[   11.706806] Code: fa 45 02 00 44 8b 4c 24 2c 4c 8b 44 24 20 89 c5 44 8b 54 24 28 48 8b 54 24 18 b8 2c 00 00 00 48 8b 74 24 10 8b 7c 24 08 0f 05 <48> 3d 00 f0 ff ff 77 34 89 ef 48 89 44 24 08 e8 40 46 02 00 48 8b
[   11.718116] RSP: 002b:00007f5cd59f31e0 EFLAGS: 00000293 ORIG_RAX: 000000000000002c
[   11.720384] RAX: ffffffffffffffda RBX: 0000000000000004 RCX: 000000000043f0dc
[   11.724256] RDX: 000000000000002a RSI: 000000000048c320 RDI: 0000000000000004
[   11.727089] RBP: 0000000000000000 R08: 00007f5cd59f3220 R09: 0000000000000014
[   11.730080] R10: 0000000000000000 R11: 0000000000000293 R12: 00007f5cd59f3220
[   11.732625] R13: 0000000000000000 R14: 00007ffddc5df790 R15: 00007ffddc5df878
[   11.734630]  </TASK>
[   11.735447] ---[ end trace 0000000000000000 ]---
    iter 2048/5000
[   12.029945] ==================================================================
[   12.032971] BUG: KASAN: slab-use-after-free in enqueue_timer+0x3b7/0x3f0
[   12.035561] Write of size 8 at addr ffff888106c49d48 by task poc/76
[   12.037879] 
[   12.038571] CPU: 1 PID: 76 Comm: poc Tainted: G        W          6.4.0-04322-gc451410ca7e3-dirty #1
[   12.043030] Hardware name: QEMU Standard PC (i440FX + PIIX, 1996), BIOS 1.16.2-debian-1.16.2-1 04/01/2014
[   12.047480] Call Trace:
[   12.049387]  <IRQ>
[   12.050872]  dump_stack_lvl+0x36/0x50
[   12.053871]  print_report+0xcf/0x660
[   12.056912]  ? ip_protocol_deliver_rcu+0x7b/0x2e0
[   12.060381]  ? enqueue_timer+0x3b7/0x3f0
[   12.062743]  kasan_report+0xc7/0x100
[   12.064137]  ? enqueue_timer+0x3b7/0x3f0
[   12.065822]  enqueue_timer+0x3b7/0x3f0
[   12.067636]  __mod_timer+0x651/0xad0
[   12.069078]  ? __pfx___mod_timer+0x10/0x10
[   12.070784]  ? __pfx_get_random_u32+0x10/0x10
[   12.073148]  ? _raw_spin_lock_bh+0x84/0xe0
[   12.074713]  ? __pfx__raw_spin_lock_bh+0x10/0x10
[   12.076261]  igmp_start_timer+0x71/0xf0
[   12.077920]  igmp_rcv+0x1056/0x1fe0
[   12.079401]  ? ip_route_input_rcu.part.0+0x586/0xc20
[   12.081107]  ? __pfx_igmp_rcv+0x10/0x10
[   12.082139]  ? __pfx_ip_route_input_rcu.part.0+0x10/0x10
[   12.083624]  ? __skb_checksum_complete+0x13c/0x360
[   12.085731]  ip_protocol_deliver_rcu+0x26c/0x2e0
[   12.087678]  ip_local_deliver_finish+0x277/0x360
[   12.089576]  ip_local_deliver+0x190/0x2d0
[   12.091148]  ? __pfx_ip_local_deliver+0x10/0x10
[   12.093003]  ? ip_rcv_finish_core.constprop.0+0x1c6/0x1720
[   12.095247]  ? __pfx___netif_receive_skb_core.constprop.0+0x10/0x10
[   12.097868]  ip_rcv+0x21e/0x270
[   12.099130]  ? __pfx_ip_rcv+0x10/0x10
[   12.100137]  ? enqueue_hrtimer+0xc6/0x1c0
[   12.102215]  ? __hrtimer_run_queues+0x358/0x6f0
[   12.103906]  ? __pfx_ip_rcv+0x10/0x10
[   12.105347]  __netif_receive_skb_one_core+0x163/0x1b0
[   12.106910]  ? __pfx___netif_receive_skb_one_core+0x10/0x10
[   12.108401]  ? __pfx_br_multicast_rcv+0x10/0x10
[   12.110188]  ? ktime_get+0x54/0xd0
[   12.111512]  ? br_mdb_get+0xda/0x7e0
[   12.113023]  netif_receive_skb+0x83/0x340
[   12.114541]  ? __pfx_br_multicast_count+0x10/0x10
[   12.116661]  ? __pfx_netif_receive_skb+0x10/0x10
[   12.118505]  ? br_flood+0x102/0x3f0
[   12.119727]  br_handle_frame_finish+0x810/0x19a0
[   12.121463]  ? __pfx_br_handle_frame_finish+0x10/0x10
[   12.126357]  ? __is_insn_slot_addr+0x86/0xd0
[   12.128904]  ? kernel_text_address+0xa7/0x130
[   12.131992]  ? __kernel_text_address+0xd/0x40
[   12.135019]  ? __kernel_text_address+0xd/0x40
[   12.138742]  ? unwind_get_return_address+0x59/0xa0
[   12.143486]  ? arch_stack_walk+0xa7/0x100
[   12.148784]  ? kfree_skb_reason+0x220/0x2b0
[   12.153284]  br_handle_frame+0x518/0x8a0
[   12.157228]  ? stack_trace_save+0x90/0xd0
[   12.160427]  ? __pfx_br_handle_frame+0x10/0x10
[   12.166956]  __netif_receive_skb_core.constprop.0+0x663/0x3440
[   12.172953]  ? dst_destroy+0x237/0x3d0
[   12.175996]  ? __pfx___netif_receive_skb_core.constprop.0+0x10/0x10
[   12.179749]  ? kmem_cache_free+0xa5/0x380
[   12.182678]  ? dst_destroy+0x237/0x3d0
[   12.185072]  ? rcu_core+0x5e8/0x18b0
[   12.186627]  ? do_softirq+0x3e/0x60
[   12.188237]  ? __local_bh_enable_ip+0x63/0x70
[   12.190175]  ? __dev_queue_xmit+0x8e4/0x30c0
[   12.194223]  ? packet_sendmsg+0x1eac/0x4d40
[   12.198813]  ? sock_sendmsg+0x13d/0x180
[   12.201545]  ? __sys_sendto+0x1eb/0x2b0
[   12.204671]  ? __x64_sys_sendto+0xdb/0x1b0
[   12.209165]  ? do_syscall_64+0x3b/0x90
[   12.212103]  ? entry_SYSCALL_64_after_hwframe+0x6e/0xd8
[   12.215873]  __netif_receive_skb_one_core+0xaa/0x1b0
[   12.218517]  ? __pfx___netif_receive_skb_one_core+0x10/0x10
[   12.223689]  ? _raw_spin_lock_irq+0x81/0xe0
[   12.226687]  process_backlog+0x18b/0x520
[   12.228333]  __napi_poll+0x9e/0x4f0
[   12.229743]  net_rx_action+0x897/0xd50
[   12.230876]  ? __pfx_net_rx_action+0x10/0x10
[   12.232584]  ? kvm_clock_get_cycles+0x18/0x30
[   12.234351]  ? ktime_get+0x54/0xd0
[   12.236088]  __do_softirq+0x1bf/0x5b5
[   12.237505]  ? __pfx___do_softirq+0x10/0x10
[   12.239110]  do_softirq+0x3e/0x60
[   12.240659]  </IRQ>
[   12.241518]  <TASK>
[   12.242163]  __local_bh_enable_ip+0x63/0x70
[   12.244457]  __dev_queue_xmit+0x8e4/0x30c0
[   12.246090]  ? asm_sysvec_apic_timer_interrupt+0x1a/0x20
[   12.248588]  ? __pfx___dev_queue_xmit+0x10/0x10
[   12.250671]  ? packet_parse_headers+0x3e9/0x8f0
[   12.252717]  ? __pfx_sock_alloc_send_pskb+0x10/0x10
[   12.254080]  ? __pfx_packet_parse_headers+0x10/0x10
[   12.255447]  ? skb_copy_datagram_from_iter+0xe1/0x6a0
[   12.257831]  ? skb_put+0x106/0x1a0
[   12.259308]  packet_sendmsg+0x1eac/0x4d40
[   12.261334]  ? kvm_sched_clock_read+0x11/0x20
[   12.263099]  ? __pfx_selinux_socket_sendmsg+0x10/0x10
[   12.265260]  ? sysvec_apic_timer_interrupt+0xe/0x80
[   12.267849]  ? asm_sysvec_apic_timer_interrupt+0x1a/0x20
[   12.270097]  ? __pfx_packet_sendmsg+0x10/0x10
[   12.271382]  ? __pfx_packet_sendmsg+0x10/0x10
[   12.272996]  sock_sendmsg+0x13d/0x180
[   12.274479]  __sys_sendto+0x1eb/0x2b0
[   12.275876]  ? __pfx___sys_sendto+0x10/0x10
[   12.277696]  ? __rseq_handle_notify_resume+0x7ce/0xc20
[   12.280617]  ? __pfx___schedule+0x10/0x10
[   12.282138]  ? asm_sysvec_apic_timer_interrupt+0x1a/0x20
[   12.283590]  __x64_sys_sendto+0xdb/0x1b0
[   12.285245]  ? exit_to_user_mode_prepare+0x2a/0x110
[   12.287135]  ? syscall_exit_to_user_mode+0x21/0x50
[   12.289584]  do_syscall_64+0x3b/0x90
[   12.290639]  entry_SYSCALL_64_after_hwframe+0x6e/0xd8
[   12.291924] RIP: 0033:0x43f0dc
[   12.293468] Code: fa 45 02 00 44 8b 4c 24 2c 4c 8b 44 24 20 89 c5 44 8b 54 24 28 48 8b 54 24 18 b8 2c 00 00 00 48 8b 74 24 10 8b 7c 24 08 0f 05 <48> 3d 00 f0 ff ff 77 34 89 ef 48 89 44 24 08 e8 40 46 02 00 48 8b
[   12.301697] RSP: 002b:00007f5cd59f31e0 EFLAGS: 00000293 ORIG_RAX: 000000000000002c
[   12.303301] RAX: ffffffffffffffda RBX: 0000000000000004 RCX: 000000000043f0dc
[   12.305269] RDX: 000000000000002a RSI: 000000000048c320 RDI: 0000000000000004
[   12.308080] RBP: 0000000000000000 R08: 00007f5cd59f3220 R09: 0000000000000014
[   12.310785] R10: 0000000000000000 R11: 0000000000000293 R12: 00007f5cd59f3220
[   12.313425] R13: 0000000000000000 R14: 00007ffddc5df790 R15: 00007ffddc5df878
[   12.316728]  </TASK>
[   12.317398] 
[   12.318194] Allocated by task 75:
[   12.319230]  kasan_save_stack+0x33/0x60
[   12.321486]  kasan_set_track+0x25/0x30
[   12.323317]  __kasan_kmalloc+0x8f/0xa0
[   12.325174]  ____ip_mc_inc_group+0x1db/0x8c0
[   12.327223]  __ip_mc_join_group+0x2ce/0x420
[   12.329158]  do_ip_setsockopt+0x248c/0x2b00
[   12.330907]  ip_setsockopt+0x2a/0x90
[   12.332035]  raw_setsockopt+0x16e/0x1f0
[   12.333911]  __sys_setsockopt+0x13b/0x270
[   12.335614]  __x64_sys_setsockopt+0xb8/0x150
[   12.337416]  do_syscall_64+0x3b/0x90
[   12.338829]  entry_SYSCALL_64_after_hwframe+0x6e/0xd8
[   12.340508] 
[   12.341214] Freed by task 9:
[   12.342800]  kasan_save_stack+0x33/0x60
[   12.344723]  kasan_set_track+0x25/0x30
[   12.346172]  kasan_save_free_info+0x2b/0x50
[   12.347785]  __kasan_slab_free+0x10a/0x180
[   12.349584]  kmem_cache_free_bulk.part.0+0x219/0x550
[   12.351201]  kvfree_rcu_bulk+0x3a1/0x5f0
[   12.356105]  kfree_rcu_work+0x2d1/0x580
[   12.357516]  process_one_work+0x801/0x1500
[   12.359313]  worker_thread+0xed/0x1390
[   12.362531]  kthread+0x29b/0x370
[   12.366623]  ret_from_fork+0x29/0x50
[   12.369048] 
[   12.370872] Last potentially related work creation:
[   12.372894]  kasan_save_stack+0x33/0x60
[   12.374589]  __kasan_record_aux_stack+0x94/0xa0
[   12.376605]  kvfree_call_rcu+0x29/0x8c0
[   12.378368]  ip_mc_drop_socket+0x154/0x220
[   12.380076]  inet_release+0x49/0x1d0
[   12.381476]  __sock_release+0xbd/0x280
[   12.383207]  sock_close+0x10/0x20
[   12.384547]  __fput+0x34b/0xa50
[   12.385788]  task_work_run+0x117/0x1f0
[   12.387427]  exit_to_user_mode_prepare+0x108/0x110
[   12.389939]  syscall_exit_to_user_mode+0x21/0x50
[   12.391614]  do_syscall_64+0x4a/0x90
[   12.392602]  entry_SYSCALL_64_after_hwframe+0x6e/0xd8
[   12.394027] 
[   12.394939] The buggy address belongs to the object at ffff888106c49d00
[   12.394939]  which belongs to the cache kmalloc-192 of size 192
[   12.399608] The buggy address is located 72 bytes inside of
[   12.399608]  freed 192-byte region [ffff888106c49d00, ffff888106c49dc0)
[   12.403853] 
[   12.404270] The buggy address belongs to the physical page:
[   12.405746] page:000000006234e700 refcount:1 mapcount:0 mapping:0000000000000000 index:0x0 pfn:0x106c49
[   12.409457] flags: 0x200000000000200(slab|node=0|zone=2)
[   12.411640] page_type: 0xffffffff()
[   12.413023] raw: 0200000000000200 ffff888100042a00 dead000000000122 0000000000000000
[   12.416338] raw: 0000000000000000 0000000000100010 00000001ffffffff 0000000000000000
[   12.419990] page dumped because: kasan: bad access detected
[   12.424299] 
[   12.425470] Memory state around the buggy address:
[   12.428605]  ffff888106c49c00: fa fb fb fb fb fb fb fb fb fb fb fb fb fb fb fb
[   12.435250]  ffff888106c49c80: fb fb fb fb fb fb fb fb fc fc fc fc fc fc fc fc
[   12.438687] >ffff888106c49d00: fa fb fb fb fb fb fb fb fb fb fb fb fb fb fb fb
[   12.443424]                                               ^
[   12.448604]  ffff888106c49d80: fb fb fb fb fb fb fb fb fc fc fc fc fc fc fc fc
[   12.455124]  ffff888106c49e00: fa fb fb fb fb fb fb fb fb fb fb fb fb fb fb fb
[   12.460822] ==================================================================
[   12.464719] Disabling lock debugging due to kernel taint
[   12.467862] general protection fault, probably for non-canonical address 0xdffffc0000000066: 0000 [#1] PREEMPT SMP KASAN NOPTI
[   12.471523] KASAN: null-ptr-deref in range [0x0000000000000330-0x0000000000000337]
[   12.474926] CPU: 1 PID: 19 Comm: ksoftirqd/1 Tainted: G    B   W          6.4.0-04322-gc451410ca7e3-dirty #1
[   12.478831] Hardware name: QEMU Standard PC (i440FX + PIIX, 1996), BIOS 1.16.2-debian-1.16.2-1 04/01/2014
[   12.482907] RIP: 0010:igmp_timer_expire+0x185/0x3f0
[   12.484524] Code: 03 80 3c 02 00 0f 85 3d 02 00 00 48 8b 9b b8 04 00 00 48 b8 00 00 00 00 00 fc ff df 48 8d bb 30 03 00 00 48 89 fa 48 c1 ea 03 <80> 3c 02 00 0f 85 0a 02 00 00 48 8b 9b 30 03 00 00 48 b8 00 00 00
[   12.494876] RSP: 0018:ffffc9000016fba8 EFLAGS: 00010206
[   12.497087] RAX: dffffc0000000000 RBX: 0000000000000000 RCX: 0000000000000000
[   12.501496] RDX: 0000000000000066 RSI: 0000000000000008 RDI: 0000000000000330
[   12.507511] RBP: 1ffff9200002df75 R08: 0000000000000001 R09: fffff5200002df6a
[   12.513405] R10: 0000000000000003 R11: 000000000000ba7e R12: ffff888106c46f80
[   12.516462] R13: ffff888106c49a00 R14: ffff888106c49a70 R15: ffff888106c49a40
[   12.519994] FS:  0000000000000000(0000) GS:ffff88811b280000(0000) knlGS:0000000000000000
[   12.524248] CS:  0010 DS: 0000 ES: 0000 CR0: 0000000080050033
[   12.527457] CR2: 0000000000ab0730 CR3: 00000001028ca000 CR4: 0000000000350ee0
[   12.532537] Call Trace:
[   12.534333]  <TASK>
[   12.535903]  ? die_addr+0x3b/0xa0
[   12.539776]  ? exc_general_protection+0x150/0x220
[   12.541783]  ? asm_exc_general_protection+0x26/0x30
[   12.544207]  ? igmp_timer_expire+0x185/0x3f0
[   12.546978]  ? igmp_timer_expire+0x3a8/0x3f0
[   12.549040]  ? __pfx_igmp_timer_expire+0x10/0x10
[   12.551031]  ? __pfx_igmp_timer_expire+0x10/0x10
[   12.553396]  call_timer_fn+0x23/0x1c0
[   12.554967]  __run_timers+0x5d5/0x960
[   12.556939]  ? __pfx_igmp_timer_expire+0x10/0x10
[   12.558667]  ? __pfx___run_timers+0x10/0x10
[    iter    12.560262]  ? save_fpregs_to_fpstate+0xaa/2560/500x21000

[   12.568855]  ? finish_task_switch.isra.0+0x149/0x620
[   12.570483]  ? __switch_to+0x5d0/0xe40
[   12.571586]  ? __pfx___schedule+0x10/0x10
[   12.574255]  run_timer_softirq+0x18/0x30
[   12.575175]  __do_softirq+0x1bf/0x5b5
[   12.576083]  ? __pfx___do_softirq+0x10/0x10
[   12.579764]  ? __pfx_run_ksoftirqd+0x10/0x10
[   12.582770]  run_ksoftirqd+0x1d/0x30
[   12.584248]  smpboot_thread_fn+0x2e5/0x6e0
[   12.590633]  ? __pfx_smpboot_thread_fn+0x10/0x10
[   12.597411]  kthread+0x29b/0x370
[   12.598886]  ? __pfx_kthread+0x10/0x10
[   12.611821]  ret_from_fork+0x29/0x50
[   12.613319]  </TASK>
[   12.614164] Modules linked in:
[   12.617188] ---[ end trace 0000000000000000 ]---
[   12.623107] RIP: 0010:igmp_timer_expire+0x185/0x3f0
[   12.625486] Code: 03 80 3c 02 00 0f 85 3d 02 00 00 48 8b 9b b8 04 00 00 48 b8 00 00 00 00 00 fc ff df 48 8d bb 30 03 00 00 48 89 fa 48 c1 ea 03 <80> 3c 02 00 0f 85 0a 02 00 00 48 8b 9b 30 03 00 00 48 b8 00 00 00
[   12.640628] RSP: 0018:ffffc9000016fba8 EFLAGS: 00010206
[   12.644058] RAX: dffffc0000000000 RBX: 0000000000000000 RCX: 0000000000000000
[   12.650919] RDX: 0000000000000066 RSI: 0000000000000008 RDI: 0000000000000330
[   12.655726] RBP: 1ffff9200002df75 R08: 0000000000000001 R09: fffff5200002df6a
[   12.661195] R10: 0000000000000003 R11: 000000000000ba7e R12: ffff888106c46f80
[   12.664595] R13: ffff888106c49a00 R14: ffff888106c49a70 R15: ffff888106c49a40
[   12.669641] FS:  0000000000000000(0000) GS:ffff88811b280000(0000) knlGS:0000000000000000
[   12.676431] CS:  0010 DS: 0000 ES: 0000 CR0: 0000000080050033
[   12.678155] CR2: 0000000000ab0730 CR3: 00000001028ca000 CR4: 0000000000350ee0
[   12.680918] Kernel panic - not syncing: Fatal exception in interrupt
[   12.699553] Kernel OCONFIRMED: KASAN_UAF
