bash: warning: setlocale: LC_ALL: cannot change locale (en_US.UTF-8)
c[?7l[2J[0mSeaBIOS (version 1.16.2-debian-1.16.2-1)


iPXE (http://ipxe.org) 00:03.0 CA00 PCI2.10 PnP PMM+7EFCEF00+7EF0EF00 CA00
Press Ctrl-B to configure iPXE (PCI 00:03.0)...                                                                               


Booting from ROM...
c[?7l[2JNo EFI environment detected.
early console in extract_kernel
input_data: 0x0000000004bec3a8
input_len: 0x000000000198b2df
output: 0x0000000001000000
output_len: 0x0000000005502140
kernel_total_size: 0x0000000005230000
needed_size: 0x0000000005600000
trampoline_32bit: 0x000000000009d000


KASLR disabled: 'nokaslr' on cmdline.


Decompressing Linux... Parsing ELF... No relocation needed... done.
Booting the kernel (entry_offset: 0x0000000000000000).
[    0.000000] Linux version 6.4.0-04325-g2a61035c55fb-dirty (root@buildkitsandbox) (gcc (Debian 12.2.0-14+deb12u1) 12.2.0, GNU ld (GNU Binutils for Debian) 2.40) #2 SMP PREEMPT_DYNAMIC Fri May 15 03:29:11 UTC 2026
[    0.000000] Command line: console=ttyS0 oops=panic panic=-1 nokaslr earlyprintk=serial
[    0.000000] BIOS-provided physical RAM map:
[    0.000000] BIOS-e820: [mem 0x0000000000000000-0x000000000009fbff] usable
[    0.000000] BIOS-e820: [mem 0x000000000009fc00-0x000000000009ffff] reserved
[    0.000000] BIOS-e820: [mem 0x00000000000f0000-0x00000000000fffff] reserved
[    0.000000] BIOS-e820: [mem 0x0000000000100000-0x000000007ffdffff] usable
[    0.000000] BIOS-e820: [mem 0x000000007ffe0000-0x000000007fffffff] reserved
[    0.000000] BIOS-e820: [mem 0x00000000feffc000-0x00000000feffffff] reserved
[    0.000000] BIOS-e820: [mem 0x00000000fffc0000-0x00000000ffffffff] reserved
[    0.000000] printk: bootconsole [earlyser0] enabled
[    0.000000] NX (Execute Disable) protection: active
[    0.000000] SMBIOS 2.8 present.
[    0.000000] DMI: QEMU Standard PC (i440FX + PIIX, 1996), BIOS 1.16.2-debian-1.16.2-1 04/01/2014
[    0.000000] Hypervisor detected: KVM
[    0.000000] kvm-clock: Using msrs 4b564d01 and 4b564d00
[    0.000003] kvm-clock: using sched offset of 446107554 cycles
[    0.001313] clocksource: kvm-clock: mask: 0xffffffffffffffff max_cycles: 0x1cd42e4dffb, max_idle_ns: 881590591483 ns
[    0.006242] tsc: Detected 2995.198 MHz processor
[    0.007989] last_pfn = 0x7ffe0 max_arch_pfn = 0x400000000
[    0.009754] MTRR map: 4 entries (3 fixed + 1 variable; max 19), built from 8 variable MTRRs
[    0.012194] x86/PAT: Configuration [0-7]: WB  WC  UC- UC  WB  WP  UC- WT  
[    0.021148] found SMP MP-table at [mem 0x000f5ba0-0x000f5baf]
[    0.024756] Using GB pages for direct mapping
[    0.026048] Incomplete global flushes, disabling PCID
[    0.026210] RAMDISK: [mem 0x7fe8e000-0x7ffdffff]
[    0.028899] ACPI: Early table checksum verification disabled
[    0.030460] ACPI: RSDP 0x00000000000F59D0 000014 (v00 BOCHS )
[    0.031906] ACPI: RSDT 0x000000007FFE1B33 000034 (v01 BOCHS  BXPC     00000001 BXPC 00000001)
[    0.034037] ACPI: FACP 0x000000007FFE19DF 000074 (v01 BOCHS  BXPC     00000001 BXPC 00000001)
[    0.036162] ACPI: DSDT 0x000000007FFE0040 00199F (v01 BOCHS  BXPC     00000001 BXPC 00000001)
[    0.038219] ACPI: FACS 0x000000007FFE0000 000040
[    0.039365] ACPI: APIC 0x000000007FFE1A53 000080 (v01 BOCHS  BXPC     00000001 BXPC 00000001)
[    0.041598] ACPI: HPET 0x000000007FFE1AD3 000038 (v01 BOCHS  BXPC     00000001 BXPC 00000001)
[    0.044198] ACPI: WAET 0x000000007FFE1B0B 000028 (v01 BOCHS  BXPC     00000001 BXPC 00000001)
[    0.047551] ACPI: Reserving FACP table memory at [mem 0x7ffe19df-0x7ffe1a52]
[    0.049646] ACPI: Reserving DSDT table memory at [mem 0x7ffe0040-0x7ffe19de]
[    0.051849] ACPI: Reserving FACS table memory at [mem 0x7ffe0000-0x7ffe003f]
[    0.053523] ACPI: Reserving APIC table memory at [mem 0x7ffe1a53-0x7ffe1ad2]
[    0.055276] ACPI: Reserving HPET table memory at [mem 0x7ffe1ad3-0x7ffe1b0a]
[    0.057008] ACPI: Reserving WAET table memory at [mem 0x7ffe1b0b-0x7ffe1b32]
[    0.059515] No NUMA configuration found
[    0.060523] Faking a node at [mem 0x0000000000000000-0x000000007ffdffff]
[    0.061990] NODE_DATA(0) allocated [mem 0x7fe8a000-0x7fe8dfff]
[    0.063538] Zone ranges:
[    0.064169]   DMA      [mem 0x0000000000001000-0x0000000000ffffff]
[    0.065758]   DMA32    [mem 0x0000000001000000-0x000000007ffdffff]
[    0.067507]   Normal   empty
[    0.068242] Movable zone start for each node
[    0.069123] Early memory node ranges
[    0.070131]   node   0: [mem 0x0000000000001000-0x000000000009efff]
[    0.073196]   node   0: [mem 0x0000000000100000-0x000000007ffdffff]
[    0.074704] Initmem setup node 0 [mem 0x0000000000001000-0x000000007ffdffff]
[    0.077008] On node 0, zone DMA: 1 pages in unavailable ranges
[    0.077065] On node 0, zone DMA: 97 pages in unavailable ranges
[    0.094060] On node 0, zone DMA32: 32 pages in unavailable ranges
[    0.184091] kasan: KernelAddressSanitizer initialized
[    0.188213] ACPI: PM-Timer IO Port: 0x608
[    0.189939] ACPI: LAPIC_NMI (acpi_id[0xff] dfl dfl lint[0x1])
[    0.191831] IOAPIC[0]: apic_id 0, version 17, address 0xfec00000, GSI 0-23
[    0.194416] ACPI: INT_SRC_OVR (bus 0 bus_irq 0 global_irq 2 dfl dfl)
[    0.195898] ACPI: INT_SRC_OVR (bus 0 bus_irq 5 global_irq 5 high level)
[    0.197426] ACPI: INT_SRC_OVR (bus 0 bus_irq 9 global_irq 9 high level)
[    0.199489] ACPI: INT_SRC_OVR (bus 0 bus_irq 10 global_irq 10 high level)
[    0.201508] ACPI: INT_SRC_OVR (bus 0 bus_irq 11 global_irq 11 high level)
[    0.203492] ACPI: Using ACPI (MADT) for SMP configuration information
[    0.205896] ACPI: HPET id: 0x8086a201 base: 0xfed00000
[    0.207195] TSC deadline timer available
[    0.208184] smpboot: Allowing 2 CPUs, 0 hotplug CPUs
[    0.209458] kvm-guest: KVM setup pv remote TLB flush
[    0.210648] kvm-guest: setup PV sched yield
[    0.211667] PM: hibernation: Registered nosave memory: [mem 0x00000000-0x00000fff]
[    0.213340] PM: hibernation: Registered nosave memory: [mem 0x0009f000-0x0009ffff]
[    0.215213] PM: hibernation: Registered nosave memory: [mem 0x000a0000-0x000effff]
[    0.217063] PM: hibernation: Registered nosave memory: [mem 0x000f0000-0x000fffff]
[    0.219005] [mem 0x80000000-0xfeffbfff] available for PCI devices
[    0.221372] Booting paravirtualized kernel on KVM
[    0.223542] clocksource: refined-jiffies: mask: 0xffffffff max_cycles: 0xffffffff, max_idle_ns: 1910969940391419 ns
[    0.239019] setup_percpu: NR_CPUS:64 nr_cpumask_bits:2 nr_cpu_ids:2 nr_node_ids:1
[    0.242192] percpu: Embedded 66 pages/cpu s232104 r8192 d30040 u1048576
[    0.244579] Kernel command line: console=ttyS0 oops=panic panic=-1 nokaslr earlyprintk=serial
[    0.246936] Unknown kernel command line parameters "nokaslr", will be passed to user space.
[    0.249266] random: crng init done
[    0.250829] Dentry cache hash table entries: 262144 (order: 9, 2097152 bytes, linear)
[    0.254396] Inode-cache hash table entries: 131072 (order: 8, 1048576 bytes, linear)
[    0.257157] Fallback order for Node 0: 0 
[    0.257162] Built 1 zonelists, mobility grouping on.  Total pages: 515808
[    0.261025] Policy zone: DMA32
[    0.262351] mem auto-init: stack:all(zero), heap alloc:off, heap free:off
[    0.263838] stackdepot: allocating hash table via alloc_large_system_hash
[    0.267992] stackdepot hash table entries: 1048576 (order: 11, 8388608 bytes, linear)
[    0.294147] Memory: 1692944K/2096632K available (49152K kernel code, 7930K rwdata, 10020K rodata, 5608K init, 3064K bss, 403432K reserved, 0K cma-reserved)
[    0.298034] SLUB: HWalign=64, Order=0-3, MinObjects=0, CPUs=2, Nodes=1
Poking KASLR using RDRAND RDTSC...
[    0.301097] Dynamic Preempt: voluntary
[    0.302814] rcu: Preemptible hierarchical RCU implementation.
[    0.304508] rcu: 	RCU event tracing is enabled.
[    0.305942] rcu: 	RCU restricting CPUs from NR_CPUS=64 to nr_cpu_ids=2.
[    0.308144] 	Trampoline variant of Tasks RCU enabled.
[    0.309271] rcu: RCU calculated value of scheduler-enlistment delay is 100 jiffies.
[    0.311408] rcu: Adjusting geometry for rcu_fanout_leaf=16, nr_cpu_ids=2
[    0.322566] NR_IRQS: 4352, nr_irqs: 440, preallocated irqs: 16
[    0.325373] rcu: srcu_init: Setting srcu_struct sizes based on contention.
[    0.336131] Console: colour VGA+ 80x25
[    0.336992] printk: console [ttyS0] enabled
[    0.336992] printk: console [ttyS0] enabled
[    0.339494] printk: bootconsole [earlyser0] disabled
[    0.339494] printk: bootconsole [earlyser0] disabled
[    0.342824] ACPI: Core revision 20230331
[    0.344298] clocksource: hpet: mask: 0xffffffff max_cycles: 0xffffffff, max_idle_ns: 19112604467 ns
[    0.347376] APIC: Switch to symmetric I/O mode setup
[    0.348880] kvm-guest: setup PV IPIs
[    0.352094] ..TIMER: vector=0x30 apic1=0 pin1=2 apic2=-1 pin2=-1
[    0.353627] clocksource: tsc-early: mask: 0xffffffffffffffff max_cycles: 0x2b2c8d6afc8, max_idle_ns: 440795331172 ns
[    0.356505] Calibrating delay loop (skipped) preset value.. 5990.39 BogoMIPS (lpj=2995198)
[    0.358118] x86/cpu: User Mode Instruction Prevention (UMIP) activated
[    0.359822] Last level iTLB entries: 4KB 0, 2MB 0, 4MB 0
[    0.360504] Last level dTLB entries: 4KB 0, 2MB 0, 4MB 0, 1GB 0
[    0.361526] Spectre V1 : Mitigation: usercopy/swapgs barriers and __user pointer sanitization
[    0.362510] Spectre V2 : Mitigation: Enhanced / Automatic IBRS
[    0.363503] Spectre V2 : Spectre v2 / SpectreRSB mitigation: Filling RSB on context switch
[    0.364504] Spectre V2 : Spectre v2 / PBRSB-eIBRS: Retire a single CALL on VMEXIT
[    0.365504] RETBleed: Mitigation: Enhanced IBRS
[    0.366507] Spectre V2 : mitigation: Enabling conditional Indirect Branch Prediction Barrier
[    0.367504] Speculative Store Bypass: Mitigation: Speculative Store Bypass disabled via prctl
[    0.368503] MMIO Stale Data: Unknown: No mitigations
[    0.369554] x86/fpu: Supporting XSAVE feature 0x001: 'x87 floating point registers'
[    0.370503] x86/fpu: Supporting XSAVE feature 0x002: 'SSE registers'
[    0.371504] x86/fpu: Supporting XSAVE feature 0x004: 'AVX registers'
[    0.372506] x86/fpu: xstate_offset[2]:  576, xstate_sizes[2]:  256
[    0.373503] x86/fpu: Enabled xstate features 0x7, context size is 832 bytes, using 'compacted' format.
[    0.394752] Freeing SMP alternatives memory: 44K
[    0.395505] pid_max: default: 32768 minimum: 301
[    0.396585] LSM: initializing lsm=capability,selinux,integrity
[    0.397525] SELinux:  Initializing.
[    0.398590] Mount-cache hash table entries: 4096 (order: 3, 32768 bytes, linear)
[    0.399508] Mountpoint-cache hash table entries: 4096 (order: 3, 32768 bytes, linear)
[    0.402074] smpboot: CPU0: 13th Gen Intel(R) Core(TM) i9-13900H (family: 0x6, model: 0xba, stepping: 0x2)
[    0.402738] RCU Tasks: Setting shift to 1 and lim to 1 rcu_task_cb_adjust=1.
[    0.403558] Performance Events: unsupported p6 CPU model 186 no PMU driver, software events only.
[    0.404569] signal: max sigframe size: 1776
[    0.405582] rcu: Hierarchical SRCU implementation.
[    0.406510] rcu: 	Max phase no-delay instances is 400.
[    0.408068] smp: Bringing up secondary CPUs ...
[    0.408764] smpboot: x86: Booting SMP configuration:
[    0.409511] .... node  #0, CPUs:      #1
[    0.410591] smp: Brought up 1 node, 2 CPUs
[    0.412513] smpboot: Max logical packages: 1
[    0.413512] smpboot: Total of 2 processors activated (11980.79 BogoMIPS)
[    0.416511] devtmpfs: initialized
[    0.419666] clocksource: jiffies: mask: 0xffffffff max_cycles: 0xffffffff, max_idle_ns: 1911260446275000 ns
[    0.420597] futex hash table entries: 512 (order: 3, 32768 bytes, linear)
[    0.422167] PM: RTC time: 03:30:34, date: 2026-05-15
[    0.422898] NET: Registered PF_NETLINK/PF_ROUTE protocol family
[    0.423834] audit: initializing netlink subsys (disabled)
[    0.424962] audit: type=2000 audit(1778815835.561:1): state=initialized audit_enabled=0 res=1
[    0.425626] thermal_sys: Registered thermal governor 'step_wise'
[    0.426538] thermal_sys: Registered thermal governor 'user_space'
[    0.427576] cpuidle: using governor menu
[    0.430090] PCI: Using configuration type 1 for base access
[    0.430732] kprobes: kprobe jump-optimization is enabled. All kprobes are optimized if possible.
[    0.434798] HugeTLB: registered 2.00 MiB page size, pre-allocated 0 pages
[    0.436510] HugeTLB: 28 KiB vmemmap can be freed for a 2.00 MiB page
[    0.438901] ACPI: Added _OSI(Module Device)
[    0.439515] ACPI: Added _OSI(Processor Device)
[    0.441513] ACPI: Added _OSI(3.0 _SCP Extensions)
[    0.442509] ACPI: Added _OSI(Processor Aggregator Device)
[    0.454004] ACPI: 1 ACPI AML tables successfully acquired and loaded
[    0.516685] ACPI: Interpreter enabled
[    0.517552] ACPI: PM: (supports S0 S3 S4 S5)
[    0.518508] ACPI: Using IOAPIC for interrupt routing
[    0.519552] PCI: Using host bridge windows from ACPI; if necessary, use "pci=nocrs" and report a bug
[    0.520507] PCI: Using E820 reservations for host bridge windows
[    0.521994] ACPI: Enabled 2 GPEs in block 00 to 0F
[    0.536275] ACPI: PCI Root Bridge [PCI0] (domain 0000 [bus 00-ff])
[    0.536525] acpi PNP0A03:00: _OSC: OS supports [ASPM ClockPM Segments MSI HPX-Type3]
[    0.537508] acpi PNP0A03:00: _OSC: not requesting OS control; OS requires [ExtendedConfig ASPM ClockPM MSI]
[    0.538590] acpi PNP0A03:00: fail to add MMCONFIG information, can't access extended configuration space under this bridge
[    0.539754] PCI host bridge to bus 0000:00
[    0.540517] pci_bus 0000:00: root bus resource [io  0x0000-0x0cf7 window]
[    0.541514] pci_bus 0000:00: root bus resource [io  0x0d00-0xffff window]
[    0.542509] pci_bus 0000:00: root bus resource [mem 0x000a0000-0x000bffff window]
[    0.543609] pci_bus 0000:00: root bus resource [mem 0x80000000-0xfebfffff window]
[    0.544516] pci_bus 0000:00: root bus resource [mem 0x100000000-0x17fffffff window]
[    0.545513] pci_bus 0000:00: root bus resource [bus 00-ff]
[    0.546632] pci 0000:00:00.0: [8086:1237] type 00 class 0x060000
[    0.553580] pci 0000:00:01.0: [8086:7000] type 00 class 0x060100
[    0.561043] pci 0000:00:01.1: [8086:7010] type 00 class 0x010180
[    0.563044] pci 0000:00:01.1: reg 0x20: [io  0xc040-0xc04f]
[    0.564195] pci 0000:00:01.1: legacy IDE quirk: reg 0x10: [io  0x01f0-0x01f7]
[    0.564511] pci 0000:00:01.1: legacy IDE quirk: reg 0x14: [io  0x03f6]
[    0.565506] pci 0000:00:01.1: legacy IDE quirk: reg 0x18: [io  0x0170-0x0177]
[    0.566506] pci 0000:00:01.1: legacy IDE quirk: reg 0x1c: [io  0x0376]
[    0.567911] pci 0000:00:01.3: [8086:7113] type 00 class 0x068000
[    0.569383] pci 0000:00:01.3: quirk: [io  0x0600-0x063f] claimed by PIIX4 ACPI
[    0.569526] pci 0000:00:01.3: quirk: [io  0x0700-0x070f] claimed by PIIX4 SMB
[    0.570961] pci 0000:00:02.0: [1234:1111] type 00 class 0x030000
[    0.572575] pci 0000:00:02.0: reg 0x10: [mem 0xfd000000-0xfdffffff pref]
[    0.575561] pci 0000:00:02.0: reg 0x18: [mem 0xfebf0000-0xfebf0fff]
[    0.579981] pci 0000:00:02.0: reg 0x30: [mem 0xfebe0000-0xfebeffff pref]
[    0.580923] pci 0000:00:02.0: Video device with shadowed ROM at [mem 0x000c0000-0x000dffff]
[    0.588244] pci 0000:00:03.0: [8086:100e] type 00 class 0x020000
[    0.589511] pci 0000:00:03.0: reg 0x10: [mem 0xfebc0000-0xfebdffff]
[    0.591420] pci 0000:00:03.0: reg 0x14: [io  0xc000-0xc03f]
[    0.596095] pci 0000:00:03.0: reg 0x30: [mem 0xfeb80000-0xfebbffff pref]
[    0.604330] ACPI: PCI: Interrupt link LNKA configured for IRQ 10
[    0.605241] ACPI: PCI: Interrupt link LNKB configured for IRQ 10
[    0.606060] ACPI: PCI: Interrupt link LNKC configured for IRQ 11
[    0.607085] ACPI: PCI: Interrupt link LNKD configured for IRQ 11
[    0.607732] ACPI: PCI: Interrupt link LNKS configured for IRQ 9
[    0.609951] iommu: Default domain type: Translated 
[    0.610510] iommu: DMA domain TLB invalidation policy: lazy mode 
[    0.611823] SCSI subsystem initialized
[    0.612597] ACPI: bus type USB registered
[    0.613552] usbcore: registered new interface driver usbfs
[    0.614528] usbcore: registered new interface driver hub
[    0.616524] usbcore: registered new device driver usb
[    0.617570] pps_core: LinuxPPS API ver. 1 registered
[    0.618508] pps_core: Software ver. 5.3.6 - Copyright 2005-2007 Rodolfo Giometti <giometti@linux.it>
[    0.621547] PTP clock support registered
[    0.623633] Advanced Linux Sound Architecture Driver Initialized.
[    0.626210] NetLabel: Initializing
[    0.627528] NetLabel:  domain hash size = 128
[    0.628513] NetLabel:  protocols = UNLABELED CIPSOv4 CALIPSO
[    0.630848] NetLabel:  unlabeled traffic allowed by default
[    0.632760] PCI: Using ACPI for IRQ routing
[    0.634544] pci 0000:00:02.0: vgaarb: setting as boot VGA device
[    0.635500] pci 0000:00:02.0: vgaarb: bridge control possible
[    0.635500] pci 0000:00:02.0: vgaarb: VGA device added: decodes=io+mem,owns=io+mem,locks=none
[    0.640515] vgaarb: loaded
[    0.641689] hpet0: at MMIO 0xfed00000, IRQs 2, 8, 0
[    0.642511] hpet0: 3 comparators, 64-bit 100.000000 MHz counter
[    0.649645] clocksource: Switched to clocksource kvm-clock
[    0.651261] VFS: Disk quotas dquot_6.6.0
[    0.652424] VFS: Dquot-cache hash table entries: 512 (order 0, 4096 bytes)
[    0.655343] pnp: PnP ACPI init
[    0.658563] pnp: PnP ACPI: found 6 devices
[    0.667608] clocksource: acpi_pm: mask: 0xffffff max_cycles: 0xffffff, max_idle_ns: 2085701024 ns
[    0.670070] NET: Registered PF_INET protocol family
[    0.671421] IP idents hash table entries: 32768 (order: 6, 262144 bytes, linear)
[    0.674075] tcp_listen_portaddr_hash hash table entries: 1024 (order: 2, 16384 bytes, linear)
[    0.676740] Table-perturb hash table entries: 65536 (order: 6, 262144 bytes, linear)
[    0.679357] TCP established hash table entries: 16384 (order: 5, 131072 bytes, linear)
[    0.681661] TCP bind hash table entries: 16384 (order: 7, 524288 bytes, linear)
[    0.683789] TCP: Hash tables configured (established 16384 bind 16384)
[    0.685676] UDP hash table entries: 1024 (order: 3, 32768 bytes, linear)
[    0.687421] UDP-Lite hash table entries: 1024 (order: 3, 32768 bytes, linear)
[    0.689394] NET: Registered PF_UNIX/PF_LOCAL protocol family
[    0.691937] RPC: Registered named UNIX socket transport module.
[    0.694316] RPC: Registered udp transport module.
[    0.695867] RPC: Registered tcp transport module.
[    0.697214] RPC: Registered tcp NFSv4.1 backchannel transport module.
[    0.700768] pci_bus 0000:00: resource 4 [io  0x0000-0x0cf7 window]
[    0.702641] pci_bus 0000:00: resource 5 [io  0x0d00-0xffff window]
[    0.704440] pci_bus 0000:00: resource 6 [mem 0x000a0000-0x000bffff window]
[    0.706366] pci_bus 0000:00: resource 7 [mem 0x80000000-0xfebfffff window]
[    0.708548] pci_bus 0000:00: resource 8 [mem 0x100000000-0x17fffffff window]
[    0.710725] pci 0000:00:01.0: PIIX3: Enabling Passive Release
[    0.712403] pci 0000:00:00.0: Limiting direct PCI/PCI transfers
[    0.714268] PCI: CLS 0 bytes, default 64
[    0.715675] Unpacking initramfs...
[    0.719083] RAPL PMU: API unit is 2^-32 Joules, 0 fixed counters, 10737418240 ms ovfl timer
[    0.721413] clocksource: tsc: mask: 0xffffffffffffffff max_cycles: 0x2b2c8d6afc8, max_idle_ns: 440795331172 ns
[    0.728477] Initialise system trusted keyrings
[    0.729954] workingset: timestamp_bits=56 max_order=19 bucket_order=0
[    0.732331] NFS: Registering the id_resolver key type
[    0.733968] Key type id_resolver registered
[    0.735185] Key type id_legacy registered
[    0.736516] 9p: Installing v9fs 9p2000 file system support
[    0.738945] Freeing initrd memory: 1352K
[    0.745111] Key type asymmetric registered
[    0.746377] Asymmetric key parser 'x509' registered
[    0.747947] Block layer SCSI generic (bsg) driver version 0.4 loaded (major 251)
[    0.750192] io scheduler mq-deadline registered
[    0.751727] io scheduler kyber registered
[    0.753640] input: Power Button as /devices/LNXSYSTM:00/LNXPWRBN:00/input/input0
[    0.756095] ACPI: button: Power Button [PWRF]
[    0.758298] Serial: 8250/16550 driver, 4 ports, IRQ sharing enabled
[    0.760441] 00:04: ttyS0 at I/O 0x3f8 (irq = 4, base_baud = 115200) is a 16550A
[    0.764301] Non-volatile memory driver v1.3
[    0.765602] Linux agpgart interface v0.103
[    0.766946] ACPI: bus type drm_connector registered
[    0.775408] loop: module loaded
[    0.778396] scsi host0: ata_piix
[    0.779856] scsi host1: ata_piix
[    0.780948] ata1: PATA max MWDMA2 cmd 0x1f0 ctl 0x3f6 bmdma 0xc040 irq 14
[    0.783110] ata2: PATA max MWDMA2 cmd 0x170 ctl 0x376 bmdma 0xc048 irq 15
[    0.786446] e100: Intel(R) PRO/100 Network Driver
[    0.787886] e100: Copyright(c) 1999-2006 Intel Corporation
[    0.789912] e1000: Intel(R) PRO/1000 Network Driver
[    0.791308] e1000: Copyright (c) 1999-2006 Intel Corporation.
[    0.945507] ata2: found unknown device (class 0)
[    0.947364] ata2.00: ATAPI: QEMU DVD-ROM, 2.5+, max UDMA/100
[    0.950415] scsi 1:0:0:0: CD-ROM            QEMU     QEMU DVD-ROM     2.5+ PQ: 0 ANSI: 5
[    0.970530] sr 1:0:0:0: [sr0] scsi3-mmc drive: 4x/4x cd/rw xa/form2 tray
[    0.971969] cdrom: Uniform CD-ROM driver Revision: 3.20
[    1.224046] ACPI: \_SB_.LNKC: Enabled at IRQ 11
[    1.598286] e1000 0000:00:03.0 eth0: (PCI:33MHz:32-bit) 52:54:00:12:34:56
[    1.600455] e1000 0000:00:03.0 eth0: Intel(R) PRO/1000 Network Connection
[    1.602277] e1000e: Intel(R) PRO/1000 Network Driver
[    1.603563] e1000e: Copyright(c) 1999 - 2015 Intel Corporation.
[    1.605137] sky2: driver version 1.30
[    1.606538] usbcore: registered new interface driver usblp
[    1.607960] usbcore: registered new interface driver usb-storage
[    1.609560] i8042: PNP: PS/2 Controller [PNP0303:KBD,PNP0f13:MOU] at 0x60,0x64 irq 1,12
[    1.612615] serio: i8042 KBD port at 0x60,0x64 irq 1
[    1.613909] serio: i8042 AUX port at 0x60,0x64 irq 12
[    1.616090] rtc_cmos 00:05: RTC can wake from S4
[    1.618418] input: AT Translated Set 2 keyboard as /devices/platform/i8042/serio0/input/input1
[    1.619788] rtc_cmos 00:05: registered as rtc0
[    1.623181] rtc_cmos 00:05: alarms up to one day, y3k, 242 bytes nvram, hpet irqs
[    1.626234] device-mapper: ioctl: 4.48.0-ioctl (2023-03-01) initialised: dm-devel@redhat.com
[    1.629921] intel_pstate: CPU model not supported
[    1.631381] hid: raw HID events driver (C) Jiri Kosina
[    1.633576] usbcore: registered new interface driver usbhid
[    1.634956] usbhid: USB HID core driver
[    1.637075] Initializing XFRM netlink socket
[    1.638189] NET: Registered PF_INET6 protocol family
[    1.640452] Segment Routing with IPv6
[    1.641393] In-situ OAM (IOAM) with IPv6
[    1.642412] sit: IPv6, IPv4 and MPLS over IPv4 tunneling driver
[    1.644857] NET: Registered PF_PACKET protocol family
[    1.646248] 9pnet: Installing 9P2000 support
[    1.647472] Key type dns_resolver registered
[    1.649191] IPI shorthand broadcast: enabled
[    1.661202] sched_clock: Marking stable (1636007235, 24702887)->(1758019110, -97308988)
[    1.663721] registered taskstats version 1
[    1.664774] Loading compiled-in X.509 certificates
[    1.673821] PM:   Magic number: 10:912:512
[    1.675193] printk: console [netcon0] enabled
[    1.676501] netconsole: network logging started
[    1.678336] cfg80211: Loading compiled-in X.509 certificates for regulatory database
[    1.680573] kworker/u4:1 (51) used greatest stack depth: 29536 bytes left
[    1.682676] Loaded X.509 cert 'sforshee: 00b28ddf47aef9cea7'
[    1.684025] ALSA device list:
[    1.684991]   No soundcards found.
[    1.687433] Freeing unused kernel image (initmem) memory: 5608K
[    1.688864] platform regulatory.0: Direct firmware load for regulatory.db failed with error -2
[    1.690496] cfg80211: failed to load regulatory.db
[    1.696908] Write protecting the kernel read-only data: 59392k
[    1.697928] Freeing unused kernel image (rodata/data gap) memory: 220K
[    1.708797] x86/mm: Checked W+X mappings: passed, no W+X pages found.
[    1.710051] Run /init as init process
[    1.712701] mount (55) used greatest stack depth: 28760 bytes left

secb: rootfs ready
---- poc begin ----
poc: userns+netns ready
poc: lo MTU=800, up
poc: lo MTU=6553[    1.725163] HFSC: drr qdisc 2: is non-work-conserving?
6 (fq_codel cparams.mtu stays at 800)
poc: setup_qdiscs ok
poc: trigger_bug: 7 packets queued
poc: overflow_qlen: lo bounced
poc: overflow_qlen: drr.qlen wrapped
poc: setup_uaf: deleting class 1[    1.730215] HFSC: plug qdisc 5: is non-work-conserving?
:1
poc: trigger_uaf: send_req(1:7)
poc: trigger_uaf: send_req(1:7)
poc: trigger_uaf: send_req(1:7)
poc: trigger_uaf: send_req(1:7)
poc: trigger_uaf: send_req(1:7)
poc: trigger_uaf: send_req(1:7)
poc: trigger_uaf: send_req(1:7)
poc: trigger_uaf: send_req(1:7)
poc: trigger_uaf: send_req(1:7)
poc: trigger_uaf: send_req(1:7)
poc: trigger_uaf: send_req(1:7)
poc: trigger_uaf: send_req(1:7)
poc: trigger_uaf: send_req(1:7)
poc: trigger_uaf: send_req(1:7)
poc: trigger_uaf: send_req(1:7)
poc: trigger_uaf: send_req(1:7)
poc: done
[    2.254090] input: ImExPS/2 Generic Explorer Mouse as /devices/platform/i8042/serio1/input/input3
[    3.079316] poc (61) used greatest stack depth: 26904 bytes left
---- poc end rc=0 ----
secb: poc exited without crashing the kernel
[    4.426854] ACPI: PM: Preparing to enter system sleep state S5
[    4.428060] reboot: Power down
NO_CRASH_DETECTED
