bash: warning: setlocale: LC_ALL: cannot change locale (en_US.UTF-8)
c[?7l[2J[0mSeaBIOS (version 1.16.2-debian-1.16.2-1)
Booting from ROM..c[?7l[2J[0m.early console in extract_kernel
input_data: 0x0000000014fca2a3
input_len: 0x000000000621cc84
output: 0x0000000001000000
output_len: 0x0000000012c9ccd8
kernel_total_size: 0x000000001a228000
needed_size: 0x000000001a400000
trampoline_32bit: 0x0000000000000000

Decompressing Linux... Parsing ELF... done.
Booting the kernel (entry_offset: 0x000000000a74fc74).
[    0.000000][    T0] Linux version 6.15.0-g45b99ae36b1c-dirty (root@buildkitsandbox) (gcc (Debian 12.2.0-14+deb12u1) 12.2.0, GNU ld (GNU Binutils for Debian) 2.40) #2 SMP PREEMPT_DYNAMIC Sun May 24 21:38:15 UTC 2026
[    0.000000][    T0] Command line: console=ttyS0 oops=panic panic=86400 nokaslr earlyprintk=serial rdinit=/init
[    0.000000][    T0] KERNEL supported cpus:
[    0.000000][    T0]   Intel GenuineIntel
[    0.000000][    T0]   AMD AuthenticAMD
[    0.000000][    T0] x86 CPU feature dependency check failure: CPU0 has '18*32+31' enabled but '18*32+26' disabled. Kernel might be fine, but no guarantees.
[    0.000000][    T0] BIOS-provided physical RAM map:
[    0.000000][    T0] BIOS-e820: [mem 0x0000000000000000-0x000000000009fbff] usable
[    0.000000][    T0] BIOS-e820: [mem 0x000000000009fc00-0x000000000009ffff] reserved
[    0.000000][    T0] BIOS-e820: [mem 0x00000000000f0000-0x00000000000fffff] reserved
[    0.000000][    T0] BIOS-e820: [mem 0x0000000000100000-0x000000007ffdffff] usable
[    0.000000][    T0] BIOS-e820: [mem 0x000000007ffe0000-0x000000007fffffff] reserved
[    0.000000][    T0] BIOS-e820: [mem 0x00000000feffc000-0x00000000feffffff] reserved
[    0.000000][    T0] BIOS-e820: [mem 0x00000000fffc0000-0x00000000ffffffff] reserved
[    0.000000][    T0] BIOS-e820: [mem 0x000000fd00000000-0x000000ffffffffff] reserved
[    0.000000][    T0] printk: legacy bootconsole [earlyser0] enabled
[    0.000000][    T0] NX (Execute Disable) protection: active
[    0.000000][    T0] APIC: Static calls initialized
[    0.000000][    T0] SMBIOS 2.8 present.
[    0.000000][    T0] DMI: QEMU Standard PC (i440FX + PIIX, 1996), BIOS 1.16.2-debian-1.16.2-1 04/01/2014
[    0.000000][    T0] DMI: Memory slots populated: 1/1
[    0.000000][    T0] Hypervisor detected: KVM
[    0.000000][    T0] kvm-clock: Using msrs 4b564d01 and 4b564d00
[    0.000002][    T0] kvm-clock: using sched offset of 1166827791 cycles
[    0.000704][    T0] clocksource: kvm-clock: mask: 0xffffffffffffffff max_cycles: 0x1cd42e4dffb, max_idle_ns: 881590591483 ns
[    0.002857][    T0] tsc: Detected 3493.436 MHz processor
[    0.011202][    T0] last_pfn = 0x7ffe0 max_arch_pfn = 0x400000000
[    0.011959][    T0] MTRR map: 4 entries (3 fixed + 1 variable; max 19), built from 8 variable MTRRs
[    0.013033][    T0] x86/PAT: Configuration [0-7]: WB  WC  UC- UC  WB  WP  UC- WT  
[    0.017181][    T0] found SMP MP-table at [mem 0x000f5ba0-0x000f5baf]
[    0.017958][    T0] Using GB pages for direct mapping
[    0.020584][    T0] RAMDISK: [mem 0x7fe4a000-0x7ffdffff]
[    0.021224][    T0] ACPI: Early table checksum verification disabled
[    0.021981][    T0] ACPI: RSDP 0x00000000000F59D0 000014 (v00 BOCHS )
[    0.022756][    T0] ACPI: RSDT 0x000000007FFE1B33 000034 (v01 BOCHS  BXPC     00000001 BXPC 00000001)
[    0.023860][    T0] ACPI: FACP 0x000000007FFE19DF 000074 (v01 BOCHS  BXPC     00000001 BXPC 00000001)
[    0.024975][    T0] ACPI: DSDT 0x000000007FFE0040 00199F (v01 BOCHS  BXPC     00000001 BXPC 00000001)
[    0.026079][    T0] ACPI: FACS 0x000000007FFE0000 000040
[    0.026719][    T0] ACPI: APIC 0x000000007FFE1A53 000080 (v01 BOCHS  BXPC     00000001 BXPC 00000001)
[    0.027823][    T0] ACPI: HPET 0x000000007FFE1AD3 000038 (v01 BOCHS  BXPC     00000001 BXPC 00000001)
[    0.028928][    T0] ACPI: WAET 0x000000007FFE1B0B 000028 (v01 BOCHS  BXPC     00000001 BXPC 00000001)
[    0.030033][    T0] ACPI: Reserving FACP table memory at [mem 0x7ffe19df-0x7ffe1a52]
[    0.030945][    T0] ACPI: Reserving DSDT table memory at [mem 0x7ffe0040-0x7ffe19de]
[    0.031855][    T0] ACPI: Reserving FACS table memory at [mem 0x7ffe0000-0x7ffe003f]
[    0.032766][    T0] ACPI: Reserving APIC table memory at [mem 0x7ffe1a53-0x7ffe1ad2]
[    0.033706][    T0] ACPI: Reserving HPET table memory at [mem 0x7ffe1ad3-0x7ffe1b0a]
[    0.034616][    T0] ACPI: Reserving WAET table memory at [mem 0x7ffe1b0b-0x7ffe1b32]
[    0.036339][    T0] No NUMA configuration found
[    0.036880][    T0] Faking a node at [mem 0x0000000000000000-0x000000007ffdffff]
[    0.037766][    T0] NODE_DATA(0) allocated [mem 0x7fe44800-0x7fe49c7f]
[    0.042018][    T0] Zone ranges:
[    0.042445][    T0]   DMA      [mem 0x0000000000001000-0x0000000000ffffff]
[    0.043264][    T0]   DMA32    [mem 0x0000000001000000-0x000000007ffdffff]
[    0.044084][    T0]   Normal   empty
[    0.044511][    T0]   Device   empty
[    0.044939][    T0] Movable zone start for each node
[    0.045534][    T0] Early memory node ranges
[    0.046037][    T0]   node   0: [mem 0x0000000000001000-0x000000000009efff]
[    0.046857][    T0]   node   0: [mem 0x0000000000100000-0x000000007ffdffff]
[    0.047676][    T0] Initmem setup node 0 [mem 0x0000000000001000-0x000000007ffdffff]
[    0.048614][    T0] On node 0, zone DMA: 1 pages in unavailable ranges
[    0.049720][    T0] On node 0, zone DMA: 97 pages in unavailable ranges
[    0.074346][    T0] On node 0, zone DMA32: 32 pages in unavailable ranges
[    0.110816][    T0] kasan: KernelAddressSanitizer initialized
[    0.111797][    T0] ACPI: PM-Timer IO Port: 0x608
[    0.112380][    T0] ACPI: LAPIC_NMI (acpi_id[0xff] dfl dfl lint[0x1])
[    0.113195][    T0] IOAPIC[0]: apic_id 0, version 17, address 0xfec00000, GSI 0-23
[    0.114097][    T0] ACPI: INT_SRC_OVR (bus 0 bus_irq 0 global_irq 2 dfl dfl)
[    0.114933][    T0] ACPI: INT_SRC_OVR (bus 0 bus_irq 5 global_irq 5 high level)
[    0.115794][    T0] ACPI: INT_SRC_OVR (bus 0 bus_irq 9 global_irq 9 high level)
[    0.116660][    T0] ACPI: INT_SRC_OVR (bus 0 bus_irq 10 global_irq 10 high level)
[    0.117549][    T0] ACPI: INT_SRC_OVR (bus 0 bus_irq 11 global_irq 11 high level)
[    0.118442][    T0] ACPI: Using ACPI (MADT) for SMP configuration information
[    0.119281][    T0] ACPI: HPET id: 0x8086a201 base: 0xfed00000
[    0.119975][    T0] TSC deadline timer available
[    0.120528][    T0] CPU topo: Max. logical packages:   1
[    0.121159][    T0] CPU topo: Max. logical dies:       1
[    0.121785][    T0] CPU topo: Max. dies per package:   1
[    0.122424][    T0] CPU topo: Max. threads per core:   1
[    0.123085][    T0] CPU topo: Num. cores per package:     2
[    0.123830][    T0] CPU topo: Num. threads per package:   2
[    0.124487][    T0] CPU topo: Allowing 2 present CPUs plus 0 hotplug CPUs
[    0.125372][    T0] kvm-guest: APIC: eoi() replaced with kvm_guest_apic_eoi_write()
[    0.126304][    T0] kvm-guest: KVM setup pv remote TLB flush
[    0.126973][    T0] kvm-guest: setup PV sched yield
[    0.127581][    T0] PM: hibernation: Registered nosave memory: [mem 0x00000000-0x00000fff]
[    0.128560][    T0] PM: hibernation: Registered nosave memory: [mem 0x0009f000-0x000fffff]
[    0.129540][    T0] [mem 0x80000000-0xfeffbfff] available for PCI devices
[    0.130339][    T0] Booting paravirtualized kernel on KVM
[    0.130982][    T0] clocksource: refined-jiffies: mask: 0xffffffff max_cycles: 0xffffffff, max_idle_ns: 19112604462750000 ns
[    0.179243][    T0] setup_percpu: NR_CPUS:8 nr_cpumask_bits:2 nr_cpu_ids:2 nr_node_ids:1
[    0.180522][    T0] percpu: Embedded 71 pages/cpu s253512 r8192 d29112 u1048576
[    0.181561][    T0] kvm-guest: PV spinlocks enabled
[    0.182165][    T0] PV qspinlock hash table entries: 256 (order: 0, 4096 bytes, linear)
[    0.183154][    T0] Kernel command line: console=ttyS0 oops=panic panic=86400 nokaslr earlyprintk=serial rdinit=/init
[    0.185057][    T0] random: crng init done
[    0.185569][    T0] printk: log buffer data + meta data: 262144 + 917504 = 1179648 bytes
[    0.186701][    T0] Dentry cache hash table entries: 262144 (order: 9, 2097152 bytes, linear)
[    0.187940][    T0] Inode-cache hash table entries: 131072 (order: 8, 1048576 bytes, linear)
[    0.189136][    T0] Fallback order for Node 0: 0 
[    0.189147][    T0] Built 1 zonelists, mobility grouping on.  Total pages: 524158
[    0.190637][    T0] Policy zone: DMA32
[    0.191377][    T0] mem auto-init: stack:all(zero), heap alloc:on, heap free:off
[    0.192301][    T0] stackdepot: allocating hash table via alloc_large_system_hash
[    0.193223][    T0] stackdepot hash table entries: 1048576 (order: 12, 16777216 bytes, linear)
[    0.292282][    T0] SLUB: HWalign=64, Order=0-3, MinObjects=0, CPUs=2, Nodes=1
[    0.296513][    T0] allocated 4194304 bytes of page_ext
[    0.297712][    T0] Dynamic Preempt: full
[    0.298731][    T0] Running RCU self tests
[    0.299243][    T0] Running RCU synchronous self tests
[    0.299874][    T0] rcu: Preemptible hierarchical RCU implementation.
[    0.300661][    T0] rcu: 	RCU lockdep checking is enabled.
[    0.301335][    T0] rcu: 	RCU restricting CPUs from NR_CPUS=8 to nr_cpu_ids=2.
[    0.302220][    T0] rcu: 	RCU callback double-/use-after-free debug is enabled.
[    0.303114][    T0] rcu: 	RCU debug extended QS entry/exit.
[    0.303797][    T0] 	Trampoline variant of Tasks RCU enabled.
[    0.304501][    T0] 	Tracing variant of Tasks RCU enabled.
[    0.305175][    T0] rcu: RCU calculated value of scheduler-enlistment delay is 10 jiffies.
[    0.306184][    T0] rcu: Adjusting geometry for rcu_fanout_leaf=16, nr_cpu_ids=2
[    0.307156][    T0] Running RCU synchronous self tests
[    0.307801][    T0] RCU Tasks: Setting shift to 1 and lim to 1 rcu_task_cb_adjust=1 rcu_task_cpu_ids=2.
[    0.308951][    T0] RCU Tasks Trace: Setting shift to 1 and lim to 1 rcu_task_cb_adjust=1 rcu_task_cpu_ids=2.
[    0.427496][    T0] NR_IRQS: 4352, nr_irqs: 440, preallocated irqs: 16
[    0.428930][    T0] rcu: srcu_init: Setting srcu_struct sizes based on contention.
[    0.430238][    T0] kfence: initialized - using 2097152 bytes for 255 objects at 0x(____ptrval____)-0x(____ptrval____)
[    0.439585][    T0] Console: colour VGA+ 80x25
[    0.440225][    T0] printk: legacy console [ttyS0] enabled
[    0.440225][    T0] printk: legacy console [ttyS0] enabled
[    0.441568][    T0] printk: legacy bootconsole [earlyser0] disabled
[    0.441568][    T0] printk: legacy bootconsole [earlyser0] disabled
[    0.443107][    T0] Lock dependency validator: Copyright (c) 2006 Red Hat, Inc., Ingo Molnar
[    0.444138][    T0] ... MAX_LOCKDEP_SUBCLASSES:  8
[    0.444733][    T0] ... MAX_LOCK_DEPTH:          48
[    0.445335][    T0] ... MAX_LOCKDEP_KEYS:        8192
[    0.445951][    T0] ... CLASSHASH_SIZE:          4096
[    0.446568][    T0] ... MAX_LOCKDEP_ENTRIES:     1048576
[    0.447216][    T0] ... MAX_LOCKDEP_CHAINS:      1048576
[    0.447872][    T0] ... CHAINHASH_SIZE:          524288
[    0.448513][    T0]  memory used by lock dependency info: 106625 kB
[    0.449299][    T0]  memory used for stack traces: 8320 kB
[    0.450023][    T0]  per task-struct memory footprint: 1920 bytes
[    0.450852][    T0] ACPI: Core revision 20250404
[    0.451867][    T0] clocksource: hpet: mask: 0xffffffff max_cycles: 0xffffffff, max_idle_ns: 19112604467 ns
[    0.453271][    T0] APIC: Switch to symmetric I/O mode setup
[    0.454148][    T0] x2apic enabled
[    0.454997][    T0] APIC: Switched APIC routing to: physical x2apic
[    0.455773][    T0] kvm-guest: APIC: send_IPI_mask() replaced with kvm_send_ipi_mask()
[    0.456743][    T0] kvm-guest: APIC: send_IPI_mask_allbutself() replaced with kvm_send_ipi_mask_allbutself()
[    0.457951][    T0] kvm-guest: setup PV IPIs
[    0.459868][    T0] ..TIMER: vector=0x30 apic1=0 pin1=2 apic2=-1 pin2=-1
[    0.460691][    T0] clocksource: tsc-early: mask: 0xffffffffffffffff max_cycles: 0x325b186289d, max_idle_ns: 440795326624 ns
[    0.462047][    T0] Calibrating delay loop (skipped) preset value.. 6986.87 BogoMIPS (lpj=34934360)
[    0.472098][    T0] x86/cpu: User Mode Instruction Prevention (UMIP) activated
[    0.473102][    T0] Last level iTLB entries: 4KB 512, 2MB 255, 4MB 127
[    0.473912][    T0] Last level dTLB entries: 4KB 512, 2MB 255, 4MB 127, 1GB 0
[    0.474850][    T0] Speculative Store Bypass: Mitigation: Speculative Store Bypass disabled via prctl
[    0.476004][    T0] Speculative Return Stack Overflow: IBPB-extending microcode not applied!
[    0.477027][    T0] Speculative Return Stack Overflow: WARNING: See https://kernel.org/doc/html/latest/admin-guide/hw-vuln/srso.html for mitigation options.
[    0.477034][    T0] Spectre V2 : Mitigation: Retpolines
[    0.479374][    T0] RETBleed: Mitigation: untrained return thunk
[    0.480109][    T0] Speculative Return Stack Overflow: Vulnerable: Safe RET, no microcode
[    0.481099][    T0] Spectre V1 : Mitigation: usercopy/swapgs barriers and __user pointer sanitization
[    0.482041][    T0] Spectre V2 : Spectre v2 / SpectreRSB: Filling RSB on context switch and VMEXIT
[    0.483131][    T0] Spectre V2 : Enabling Speculation Barrier for firmware calls
[    0.484046][    T0] Spectre V2 : mitigation: Enabling conditional Indirect Branch Prediction Barrier
[    0.485177][    T0] x86/bugs: return thunk changed
[    0.485862][    T0] x86/fpu: Supporting XSAVE feature 0x001: 'x87 floating point registers'
[    0.486866][    T0] x86/fpu: Supporting XSAVE feature 0x002: 'SSE registers'
[    0.487713][    T0] x86/fpu: Supporting XSAVE feature 0x004: 'AVX registers'
[    0.488568][    T0] x86/fpu: xstate_offset[2]:  576, xstate_sizes[2]:  256
[    0.489397][    T0] x86/fpu: Enabled xstate features 0x7, context size is 832 bytes, using 'compacted' format.
[    0.859931][    T0] Freeing SMP alternatives memory: 128K
[    0.860642][    T0] pid_max: default: 32768 minimum: 301
[    0.861739][    T0] LSM: initializing lsm=lockdown,capability,landlock,yama,safesetid,tomoyo,smack,bpf,ima,evm
[    0.862694][    T0] landlock: Up and running.
[    0.863240][    T0] Yama: becoming mindful.
[    0.864243][    T0] TOMOYO Linux initialized
[    0.866074][    T0] Smack:  Initializing.
[    0.866587][    T0] Smack:  Netfilter enabled.
[    0.867139][    T0] Smack:  IPv6 Netfilter enabled.
[    0.870481][    T0] LSM support for eBPF active
[    0.872882][    T0] Mount-cache hash table entries: 4096 (order: 3, 32768 bytes, linear)
[    0.873903][    T0] Mountpoint-cache hash table entries: 4096 (order: 3, 32768 bytes, linear)
[    0.880296][    T0] Running RCU synchronous self tests
[    0.880938][    T0] Running RCU synchronous self tests
[    0.882690][    T1] smpboot: CPU0: AMD Ryzen Threadripper PRO 3975WX 32-Cores (family: 0x17, model: 0x31, stepping: 0x0)
[    0.887780][    T1] Performance Events: Fam17h+ core perfctr, AMD PMU driver.
[    0.888884][    T1] ... version:                0
[    0.889473][    T1] ... bit width:              48
[    0.890070][    T1] ... generic registers:      6
[    0.890660][    T1] ... value mask:             0000ffffffffffff
[    0.891396][    T1] ... max period:             00007fffffffffff
[    0.892034][    T1] ... fixed-purpose events:   0
[    0.892549][    T1] ... event mask:             000000000000003f
[    0.894696][    T1] signal: max sigframe size: 1776
[    0.895813][    T1] rcu: Hierarchical SRCU implementation.
[    0.896491][    T1] rcu: 	Max phase no-delay instances is 1000.
[    0.898277][    T1] Timer migration: 1 hierarchy levels; 8 children per group; 1 crossnode level
[    0.974122][    T1] smp: Bringing up secondary CPUs ...
[    0.977108][    T1] smpboot: x86: Booting SMP configuration:
[    0.977848][    T1] .... node  #0, CPUs:      #1
[    0.978192][    T1] smp: Brought up 1 node, 2 CPUs
[    0.978192][    T1] smpboot: Total of 2 processors activated (13973.74 BogoMIPS)
[    0.983576][    T1] Memory: 1285168K/2096632K available (171328K kernel code, 41442K rwdata, 39652K rodata, 27220K init, 122256K bss, 801228K reserved, 0K cma-reserved)
[    0.987095][    T1] devtmpfs: initialized
[    0.987095][    T1] x86/mm: Memory block size: 128MB
[    1.033201][    T1] Running RCU synchronous self tests
[    1.033899][    T1] Running RCU synchronous self tests
[    1.034876][    T1] Running RCU Tasks wait API self tests
[    1.034876][    T1] Running RCU Tasks Trace wait API self tests
[    1.082141][    T1] clocksource: jiffies: mask: 0xffffffff max_cycles: 0xffffffff, max_idle_ns: 19112604462750000 ns
[    1.083462][    T1] posixtimers hash table entries: 1024 (order: 4, 73728 bytes, linear)
[    1.084560][    T1] futex hash table entries: 512 (65536 bytes on 1 NUMA nodes, total 64 KiB, linear).
[    1.097482][    T1] PM: RTC time: 21:39:54, date: 2026-05-24
[    1.112362][    T1] NET: Registered PF_NETLINK/PF_ROUTE protocol family
[    1.122332][    T1] audit: initializing netlink subsys (disabled)
[    1.124105][   T30] audit: type=2000 audit(1779658794.546:1): state=initialized audit_enabled=0 res=1
[    1.138432][    T1] thermal_sys: Registered thermal governor 'step_wise'
[    1.138457][    T1] cpuidle: using governor menu
[    1.138457][    T1] NET: Registered PF_QIPCRTR protocol family
[    1.152108][   T29] Callback from call_rcu_tasks_trace() invoked.
[    1.149180][    T1] dca service started, version 1.12.1
[    1.150854][    T1] PCI: Using configuration type 1 for base access
[    1.152062][    T1] PCI: Using configuration type 1 for extended access
[    1.165760][    T1] HugeTLB: allocation took 0ms with hugepage_allocation_threads=1
[    1.165760][    T1] HugeTLB: registered 1.00 GiB page size, pre-allocated 0 pages
[    1.172119][    T1] HugeTLB: 16380 KiB vmemmap can be freed for a 1.00 GiB page
[    1.173843][    T1] HugeTLB: registered 2.00 MiB page size, pre-allocated 0 pages
[    1.175575][    T1] HugeTLB: 28 KiB vmemmap can be freed for a 2.00 MiB page
[    1.204274][    T1] raid6: skipped pq benchmark and selected avx2x4
[    1.205674][    T1] raid6: using avx2x2 recovery algorithm
[    1.209429][    T1] ACPI: Added _OSI(Module Device)
[    1.210125][    T1] ACPI: Added _OSI(Processor Device)
[    1.210769][    T1] ACPI: Added _OSI(Processor Aggregator Device)
[    1.262168][   T28] Callback from call_rcu_tasks() invoked.
[    1.307800][    T1] ACPI: 1 ACPI AML tables successfully acquired and loaded
[    1.335928][    T1] ACPI: Interpreter enabled
[    1.336974][    T1] ACPI: PM: (supports S0 S3 S4 S5)
[    1.337626][    T1] ACPI: Using IOAPIC for interrupt routing
[    1.338709][    T1] PCI: Using host bridge windows from ACPI; if necessary, use "pci=nocrs" and report a bug
[    1.339901][    T1] PCI: Using E820 reservations for host bridge windows
[    1.346322][    T1] ACPI: Enabled 2 GPEs in block 00 to 0F
[    1.546962][    T1] ACPI: PCI Root Bridge [PCI0] (domain 0000 [bus 00-ff])
[    1.547968][    T1] acpi PNP0A03:00: _OSC: OS supports [ExtendedConfig ASPM ClockPM Segments MSI HPX-Type3]
[    1.554252][    T1] PCI host bridge to bus 0000:00
[    1.555217][    T1] pci_bus 0000:00: root bus resource [io  0x0000-0x0cf7 window]
[    1.556168][    T1] pci_bus 0000:00: root bus resource [io  0x0d00-0xffff window]
[    1.557122][    T1] pci_bus 0000:00: root bus resource [mem 0x000a0000-0x000bffff window]
[    1.558146][    T1] pci_bus 0000:00: root bus resource [mem 0x80000000-0xfebfffff window]
[    1.559181][    T1] pci_bus 0000:00: root bus resource [mem 0x100000000-0x17fffffff window]
[    1.560232][    T1] pci_bus 0000:00: root bus resource [bus 00-ff]
[    1.561468][    T1] pci 0000:00:00.0: [8086:1237] type 00 class 0x060000 conventional PCI endpoint
[    1.626367][    T1] pci 0000:00:01.0: [8086:7000] type 00 class 0x060100 conventional PCI endpoint
[    1.691429][    T1] pci 0000:00:01.1: [8086:7010] type 00 class 0x010180 conventional PCI endpoint
[    1.692608][    T1] pci 0000:00:01.1: BAR 4 [io  0xc000-0xc00f]
[    1.693395][    T1] pci 0000:00:01.1: BAR 0 [io  0x01f0-0x01f7]: legacy IDE quirk
[    1.694343][    T1] pci 0000:00:01.1: BAR 1 [io  0x03f6]: legacy IDE quirk
[    1.695203][    T1] pci 0000:00:01.1: BAR 2 [io  0x0170-0x0177]: legacy IDE quirk
[    1.696148][    T1] pci 0000:00:01.1: BAR 3 [io  0x0376]: legacy IDE quirk
[    1.698929][    T1] pci 0000:00:01.3: [8086:7113] type 00 class 0x068000 conventional PCI endpoint
[    1.700701][    T1] pci 0000:00:01.3: quirk: [io  0x0600-0x063f] claimed by PIIX4 ACPI
[    1.701695][    T1] pci 0000:00:01.3: quirk: [io  0x0700-0x070f] claimed by PIIX4 SMB
[    1.704076][    T1] pci 0000:00:02.0: [1234:1111] type 00 class 0x030000 conventional PCI endpoint
[    1.706769][    T1] pci 0000:00:02.0: BAR 0 [mem 0xfd000000-0xfdffffff pref]
[    1.707693][    T1] pci 0000:00:02.0: BAR 2 [mem 0xfebf0000-0xfebf0fff]
[    1.708550][    T1] pci 0000:00:02.0: ROM [mem 0xfebe0000-0xfebeffff pref]
[    1.709694][    T1] pci 0000:00:02.0: Video device with shadowed ROM at [mem 0x000c0000-0x000dffff]
[    1.790567][    T1] ACPI: PCI: Interrupt link LNKA configured for IRQ 10
[    1.797342][    T1] ACPI: PCI: Interrupt link LNKB configured for IRQ 10
[    1.804017][    T1] ACPI: PCI: Interrupt link LNKC configured for IRQ 11
[    1.810638][    T1] ACPI: PCI: Interrupt link LNKD configured for IRQ 11
[    1.813761][    T1] ACPI: PCI: Interrupt link LNKS configured for IRQ 9
[    1.832051][    T1] iommu: Default domain type: Translated
[    1.832745][    T1] iommu: DMA domain TLB invalidation policy: lazy mode
[    1.837248][    T1] SCSI subsystem initialized
[    1.842569][    T1] ACPI: bus type USB registered
[    1.844016][    T1] usbcore: registered new interface driver usbfs
[    1.845181][    T1] usbcore: registered new interface driver hub
[    1.846194][    T1] usbcore: registered new device driver usb
[    1.849257][    T1] mc: Linux media interface: v0.10
[    1.850161][    T1] videodev: Linux video capture interface: v2.00
[    1.851824][    T1] pps_core: LinuxPPS API ver. 1 registered
[    1.852049][    T1] pps_core: Software ver. 5.3.6 - Copyright 2005-2007 Rodolfo Giometti <giometti@linux.it>
[    1.853378][    T1] PTP clock support registered
[    1.855158][    T1] EDAC MC: Ver: 3.0.0
[    1.861529][    T1] Advanced Linux Sound Architecture Driver Initialized.
[    1.869042][    T1] Bluetooth: Core ver 2.22
[    1.869792][    T1] NET: Registered PF_BLUETOOTH protocol family
[    1.870541][    T1] Bluetooth: HCI device and connection manager initialized
[    1.871453][    T1] Bluetooth: HCI socket layer initialized
[    1.872065][    T1] Bluetooth: L2CAP socket layer initialized
[    1.872869][    T1] Bluetooth: SCO socket layer initialized
[    1.873647][    T1] NET: Registered PF_ATMPVC protocol family
[    1.874365][    T1] NET: Registered PF_ATMSVC protocol family
[    1.875394][    T1] NetLabel: Initializing
[    1.875915][    T1] NetLabel:  domain hash size = 128
[    1.876545][    T1] NetLabel:  protocols = UNLABELED CIPSOv4 CALIPSO
[    1.877869][    T1] NetLabel:  unlabeled traffic allowed by default
[    1.881192][    T1] nfc: nfc_init: NFC Core ver 0.1
[    1.882719][    T1] NET: Registered PF_NFC protocol family
[    1.883530][    T1] mctp: management component transport protocol core
[    1.884332][    T1] NET: Registered PF_MCTP protocol family
[    1.885282][    T1] PCI: Using ACPI for IRQ routing
[    1.886976][    T1] pci 0000:00:02.0: vgaarb: setting as boot VGA device
[    1.887983][    T1] pci 0000:00:02.0: vgaarb: bridge control possible
[    1.892034][    T1] pci 0000:00:02.0: vgaarb: VGA device added: decodes=io+mem,owns=io+mem,locks=none
[    1.892070][    T1] vgaarb: loaded
[    1.894753][    T1] hpet0: at MMIO 0xfed00000, IRQs 2, 8, 0
[    1.895595][    T1] hpet0: 3 comparators, 64-bit 100.000000 MHz counter
[    1.900239][    T1] clocksource: Switched to clocksource kvm-clock
[    1.915668][    T1] VFS: Disk quotas dquot_6.6.0
[    1.916360][    T1] VFS: Dquot-cache hash table entries: 512 (order 0, 4096 bytes)
[    1.921288][    T1] netfs: FS-Cache loaded
[    1.923313][    T1] CacheFiles: Loaded
[    1.924415][    T1] TOMOYO: 2.6.0
[    1.924871][    T1] Mandatory Access Control activated.
[    1.926119][    T1] pnp: PnP ACPI init
[    1.944519][    T1] pnp: PnP ACPI: found 6 devices
[    2.017644][    T1] clocksource: acpi_pm: mask: 0xffffff max_cycles: 0xffffff, max_idle_ns: 2085701024 ns
[    2.019855][    T1] NET: Registered PF_INET protocol family
[    2.022371][    T1] IP idents hash table entries: 32768 (order: 6, 262144 bytes, linear)
[    2.028525][    T1] tcp_listen_portaddr_hash hash table entries: 1024 (order: 4, 73728 bytes, linear)
[    2.029754][    T1] Table-perturb hash table entries: 65536 (order: 6, 262144 bytes, linear)
[    2.031080][    T1] TCP established hash table entries: 16384 (order: 5, 131072 bytes, linear)
[    2.034789][    T1] TCP bind hash table entries: 16384 (order: 9, 2359296 bytes, linear)
[    2.037630][    T1] TCP: Hash tables configured (established 16384 bind 16384)
[    2.039875][    T1] MPTCP token hash table entries: 2048 (order: 5, 180224 bytes, linear)
[    2.041188][    T1] UDP hash table entries: 1024 (order: 6, 262144 bytes, linear)
[    2.042397][    T1] UDP-Lite hash table entries: 1024 (order: 6, 262144 bytes, linear)
[    2.044398][    T1] NET: Registered PF_UNIX/PF_LOCAL protocol family
[    2.047944][    T1] RPC: Registered named UNIX socket transport module.
[    2.048794][    T1] RPC: Registered udp transport module.
[    2.049465][    T1] RPC: Registered tcp transport module.
[    2.050135][    T1] RPC: Registered tcp-with-tls transport module.
[    2.050896][    T1] RPC: Registered tcp NFSv4.1 backchannel transport module.
[    2.056392][    T1] NET: Registered PF_XDP protocol family
[    2.057118][    T1] pci_bus 0000:00: resource 4 [io  0x0000-0x0cf7 window]
[    2.057983][    T1] pci_bus 0000:00: resource 5 [io  0x0d00-0xffff window]
[    2.058845][    T1] pci_bus 0000:00: resource 6 [mem 0x000a0000-0x000bffff window]
[    2.059809][    T1] pci_bus 0000:00: resource 7 [mem 0x80000000-0xfebfffff window]
[    2.060756][    T1] pci_bus 0000:00: resource 8 [mem 0x100000000-0x17fffffff window]
[    2.063229][    T1] pci 0000:00:01.0: PIIX3: Enabling Passive Release
[    2.064049][    T1] pci 0000:00:00.0: Limiting direct PCI/PCI transfers
[    2.065102][    T1] PCI: CLS 0 bytes, default 64
[    2.065982][    T1] ACPI: bus type thunderbolt registered
[    2.069008][    T1] kvm_intel: VMX not supported by CPU 0
[    2.069985][    T1] kvm_amd: Nested Virtualization enabled
[    2.070700][    T1] kvm_amd: Nested Paging enabled
[    2.082040][   T40] Trying to unpack rootfs image as initramfs...
[    2.085568][    T1] ------------[ cut here ]------------
[    2.086238][    T1] WARNING: CPU: 0 PID: 1 at ./arch/x86/include/asm/kvm-x86-ops.h:130 kvm_x86_vendor_init+0x275e/0x2b60
[    2.087623][    T1] Modules linked in:
[    2.088126][    T1] CPU: 0 UID: 0 PID: 1 Comm: swapper/0 Not tainted 6.15.0-g45b99ae36b1c-dirty #2 PREEMPT(full) 
[    2.089388][    T1] Hardware name: QEMU Standard PC (i440FX + PIIX, 1996), BIOS 1.16.2-debian-1.16.2-1 04/01/2014
[    2.090633][    T1] RIP: 0010:kvm_x86_vendor_init+0x275e/0x2b60
[    2.091405][    T1] Code: 0f 0b 90 e9 48 ee ff ff e8 5f 49 7c 00 90 0f 0b 90 e9 0f ee ff ff e8 51 49 7c 00 90 0f 0b 90 e9 d6 ed ff ff e8 43 49 7c 00 90 <0f> 0b 90 e9 01 ed ff ff e8 35 49 7c 00 90 0f 0b 90 e9 ae ec ff ff
[    2.093767][    T1] RSP: 0018:ffffc9000001fc80 EFLAGS: 00010293
[    2.094518][    T1] RAX: 0000000000000000 RBX: ffffffff92201a40 RCX: ffffffff817b2b53
[    2.095489][    T1] RDX: ffff88801bb80000 RSI: ffffffff813f0cfd RDI: 0000000000000005
[    2.096452][    T1] RBP: ffffc9000001fdc0 R08: 0000000000000005 R09: 0000000000000000
[    2.097417][    T1] R10: 0000000080000000 R11: 0000000000000001 R12: 0000000000000000
[    2.098386][    T1] R13: ffffffff92201a58 R14: ffffffff81e8bc80 R15: 0000000000000003
[    2.099374][    T1] FS:  0000000000000000(0000) GS:ffff8880d6bc4000(0000) knlGS:0000000000000000
[    2.100457][    T1] CS:  0010 DS: 0000 ES: 0000 CR0: 0000000080050033
[    2.101263][    T1] CR2: ffff88801b201000 CR3: 000000000e180000 CR4: 0000000000350ef0
[    2.102357][    T1] Call Trace:
[    2.102766][    T1]  <TASK>
[    2.103144][    T1]  ? __pfx_kvm_x86_vendor_init+0x10/0x10
[    2.103864][    T1]  ? srso_return_thunk+0x5/0x5f
[    2.104495][    T1]  ? srso_return_thunk+0x5/0x5f
[    2.105113][    T1]  ? migrate_enable+0x1ed/0x260
[    2.105735][    T1]  ? __pfx_add_device_randomness+0x10/0x10
[    2.106482][    T1]  ? srso_return_thunk+0x5/0x5f
[    2.107109][    T1]  ? __pfx_svm_init+0x10/0x10
[    2.107721][    T1]  svm_init+0x39/0x90
[    2.108245][    T1]  do_one_initcall+0x123/0x6e0
[    2.108844][    T1]  ? __pfx_do_one_initcall+0x10/0x10
[    2.109520][    T1]  ? __kmalloc_noprof+0x242/0x510
[    2.110168][    T1]  ? kasan_unpoison+0xb/0x60
[    2.110759][    T1]  ? __x86_indirect_jump_thunk_r14+0x1/0x20
[    2.111519][    T1]  kernel_init_freeable+0x5c2/0x900
[    2.112209][    T1]  ? __pfx_kernel_init+0x10/0x10
[    2.112857][    T1]  kernel_init+0x1c/0x2b0
[    2.113431][    T1]  ? __pfx_kernel_init+0x10/0x10
[    2.114069][    T1]  ret_from_fork+0x5d7/0x6f0
[    2.114647][    T1]  ? __pfx_kernel_init+0x10/0x10
[    2.115296][    T1]  ret_from_fork_asm+0x1a/0x30
[    2.115913][    T1]  </TASK>
[    2.116295][    T1] irq event stamp: 149379
[    2.116822][    T1] hardirqs last  enabled at (149387): [<ffffffff819a661f>] __up_console_sem+0x8f/0xe0
[    2.118000][    T1] hardirqs last disabled at (149394): [<ffffffff819a6604>] __up_console_sem+0x74/0xe0
[    2.119176][    T1] softirqs last  enabled at (149314): [<ffffffff817cb32e>] handle_softirqs+0x5be/0x8e0
[    2.120374][    T1] softirqs last disabled at (149309): [<ffffffff817cb7e9>] __irq_exit_rcu+0x109/0x170
[    2.121561][    T1] ---[ end trace 0000000000000000 ]---
[    2.143070][    T1] clocksource: tsc: mask: 0xffffffffffffffff max_cycles: 0x325b186289d, max_idle_ns: 440795326624 ns
[    2.440815][   T40] Freeing initrd memory: 1624K
[    2.442352][   T65] kworker/u8:3 (65) used greatest stack depth: 28936 bytes left
[    2.444829][   T69] kworker/u8:3 (69) used greatest stack depth: 28888 bytes left
[    2.446653][   T71] kworker/u8:4 (71) used greatest stack depth: 27704 bytes left
[   14.344891][    T1] Initialise system trusted keyrings
[   14.346551][    T1] workingset: timestamp_bits=40 max_order=19 bucket_order=0
[   14.352777][    T1] DLM installed
[   14.357237][    T1] squashfs: version 4.0 (2009/01/31) Phillip Lougher
[   14.363804][    T1] NFS: Registering the id_resolver key type
[   14.364606][    T1] Key type id_resolver registered
[   14.365246][    T1] Key type id_legacy registered
[   14.365959][    T1] nfs4filelayout_init: NFSv4 File Layout Driver Registering...
[   14.366959][    T1] nfs4flexfilelayout_init: NFSv4 Flexfile Layout Driver Registering...
[   14.381446][    T1] Key type cifs.spnego registered
[   14.382987][    T1] Key type cifs.idmap registered
[   14.385702][    T1] ntfs3: Enabled Linux POSIX ACLs support
[   14.386395][    T1] ntfs3: Read-only LZX/Xpress compression included
[   14.387344][    T1] efs: 1.0a - http://aeschi.ch.eu.org/efs/
[   14.388093][    T1] jffs2: version 2.2. (NAND) (SUMMARY)  © 2001-2006 Red Hat, Inc.
[   14.390049][    T1] romfs: ROMFS MTD (C) 2007 Red Hat, Inc.
[   14.390841][    T1] QNX4 filesystem 0.2.3 registered.
[   14.391521][    T1] qnx6: QNX6 filesystem 1.0.0 registered.
[   14.393466][    T1] fuse: init (API version 7.43)
[   14.396387][    T1] orangefs_debugfs_init: called with debug mask: :none: :0:
[   14.398747][    T1] orangefs_init: module version upstream loaded
[   14.400205][    T1] JFS: nTxBlock = 8192, nTxLock = 65536
[   14.412127][    T1] SGI XFS with ACLs, security attributes, realtime, quota, no debug enabled
[   14.416833][    T1] 9p: Installing v9fs 9p2000 file system support
[   14.418169][    T1] NILFS version 2 loaded
[   14.418693][    T1] befs: version: 0.9.3
[   14.419714][    T1] ocfs2: Registered cluster interface o2cb
[   14.421141][    T1] ocfs2: Registered cluster interface user
[   14.424832][    T1] OCFS2 User DLM kernel interface loaded
[   14.444718][    T1] gfs2: GFS2 installed
[   14.453390][    T1] ceph: loaded (mds proto 32)
[   14.461439][    T1] cryptd: max_cpu_qlen set to 1000
[   14.507517][    T1] NET: Registered PF_ALG protocol family
[   14.508559][    T1] xor: automatically using best checksumming function   avx       
[   14.509555][    T1] async_tx: api initialized (async)
[   14.510196][    T1] Key type asymmetric registered
[   14.510828][    T1] Asymmetric key parser 'x509' registered
[   14.511555][    T1] Asymmetric key parser 'pkcs8' registered
[   14.512288][    T1] Key type pkcs7_test registered
[   14.513311][    T1] Block layer SCSI generic (bsg) driver version 0.4 loaded (major 238)
[   14.515944][    T1] io scheduler mq-deadline registered
[   14.517254][    T1] io scheduler kyber registered
[   14.518923][    T1] io scheduler bfq registered
[   14.535392][    T1] input: Power Button as /devices/LNXSYSTM:00/LNXPWRBN:00/input/input0
[   14.543730][    T1] ACPI: button: Power Button [PWRF]
[   14.555026][    T1] ioatdma: Intel(R) QuickData Technology Driver 5.00
[   14.848942][  T546] kworker/u8:2 (546) used greatest stack depth: 27560 bytes left
[   14.968823][    T1] N_HDLC line discipline registered with maxframe=4096
[   14.969759][    T1] Serial: 8250/16550 driver, 4 ports, IRQ sharing enabled
[   14.973926][    T1] 00:04: ttyS0 at I/O 0x3f8 (irq = 4, base_baud = 115200) is a 16550A
[   15.008282][    T1] Non-volatile memory driver v1.3
[   15.009102][    T1] Linux agpgart interface v0.103
[   15.014961][    T1] usbcore: registered new interface driver xillyusb
[   15.019635][    T1] ACPI: bus type drm_connector registered
[   15.026954][    T1] [drm] Initialized vgem 1.0.0 for vgem on minor 0
[   15.037494][    T1] [drm] Initialized vkms 1.0.0 for vkms on minor 1
[   15.106457][    T1] Console: switching to colour frame buffer device 128x48
[   15.124845][    T1] platform vkms: [drm] fb0: vkmsdrmfb frame buffer device
[   15.126258][    T1] usbcore: registered new interface driver udl
[   15.129709][    T1] bochs-drm 0000:00:02.0: vgaarb: deactivate vga console
[   15.133478][    T1] [drm] Found bochs VGA, ID 0xb0c5.
[   15.134133][    T1] [drm] Framebuffer size 16384 kB @ 0xfd000000, mmio @ 0xfebf0000.
[   15.139982][    T1] [drm] Initialized bochs-drm 1.0.0 for 0000:00:02.0 on minor 2
[   15.168139][    T1] fbcon: bochs-drmdrmfb (fb1) is primary device
[   15.168161][    T1] fbcon: Remapping primary device, fb1, to tty 1-63
[   16.897215][    T1] bochs-drm 0000:00:02.0: [drm] fb1: bochs-drmdrmfb frame buffer device
[   16.902032][    T1] usbcore: registered new interface driver gm12u320
[   16.904488][    T1] usbcore: registered new interface driver gud
[   17.016240][    T1] brd: module loaded
[   17.140022][    T1] loop: module loaded
[   17.155632][  T852] kworker/u8:4 (852) used greatest stack depth: 27424 bytes left
[   17.388707][    T1] zram: Added device: zram0
[   17.405556][    T1] null_blk: disk nullb0 created
[   17.406178][    T1] null_blk: module loaded
[   17.409340][    T1] Guest personality initialized and is inactive
[   17.411054][    T1] VMCI host device registered (name=vmci, major=10, minor=118)
[   17.411967][    T1] Initialized host personality
[   17.413003][    T1] usbcore: registered new interface driver rtsx_usb
[   17.415476][    T1] usbcore: registered new interface driver viperboard
[   17.416906][    T1] usbcore: registered new interface driver dln2
[   17.418870][    T1] usbcore: registered new interface driver pn533_usb
[   17.424242][    T1] nfcsim 0.2 initialized
[   17.425182][    T1] usbcore: registered new interface driver port100
[   17.426392][    T1] usbcore: registered new interface driver nfcmrvl
[   17.435077][    T1] Loading iSCSI transport class v2.0-870.
[   17.443571][    T1] st: Version 20160209, fixed bufsize 32768, s/g segs 256
[   17.481137][    T1] scsi host0: ata_piix
[   17.486992][    T1] scsi host1: ata_piix
[   17.489351][    T1] ata1: PATA max MWDMA2 cmd 0x1f0 ctl 0x3f6 bmdma 0xc000 irq 14 lpm-pol 0
[   17.490380][    T1] ata2: PATA max MWDMA2 cmd 0x170 ctl 0x376 bmdma 0xc008 irq 15 lpm-pol 0
[   17.497495][    T1] Rounding down aligned max_sectors from 4294967295 to 4294967288
[   17.499065][    T1] db_root: cannot open: /etc/target
[   17.501456][    T1] slram: not enough parameters.
[   17.507657][    T1] ftl_cs: FTL header not found.
[   17.556833][    T1] wireguard: WireGuard 1.0.0 loaded. See www.wireguard.com for information.
[   17.557914][    T1] wireguard: Copyright (C) 2015-2019 Jason A. Donenfeld <Jason@zx2c4.com>. All Rights Reserved.
[   17.559168][    T1] eql: Equalizer2002: Simon Janes (simon@ncm.com) and David S. Miller (davem@redhat.com)
[   17.571887][    T1] MACsec IEEE 802.1AE
[   17.588612][    T1] usbcore: registered new interface driver mvusb_mdio
[   17.589896][    T1] tun: Universal TUN/TAP device driver, 1.6
[   17.592813][    T1] vcan: Virtual CAN interface driver
[   17.593503][    T1] vxcan: Virtual CAN Tunnel driver
[   17.594163][    T1] slcan: serial line CAN interface driver
[   17.594894][    T1] CAN device driver interface
[   17.595888][    T1] usbcore: registered new interface driver usb_8dev
[   17.597625][    T1] usbcore: registered new interface driver ems_usb
[   17.601187][    T1] usbcore: registered new interface driver esd_usb
[   17.602444][    T1] usbcore: registered new interface driver etas_es58x
[   17.603694][    T1] usbcore: registered new interface driver f81604
[   17.605422][    T1] usbcore: registered new interface driver gs_usb
[   17.606648][    T1] usbcore: registered new interface driver kvaser_usb
[   17.607939][    T1] usbcore: registered new interface driver mcba_usb
[   17.609235][    T1] usbcore: registered new interface driver peak_usb
[   17.610482][    T1] usbcore: registered new interface driver ucan
[   17.611904][    T1] e100: Intel(R) PRO/100 Network Driver
[   17.612843][    T1] e100: Copyright(c) 1999-2006 Intel Corporation
[   17.614054][    T1] e1000: Intel(R) PRO/1000 Network Driver
[   17.614762][    T1] e1000: Copyright (c) 1999-2006 Intel Corporation.
[   17.616487][    T1] e1000e: Intel(R) PRO/1000 Network Driver
[   17.617213][    T1] e1000e: Copyright(c) 1999 - 2015 Intel Corporation.
[   17.619907][    T1] mkiss: AX.25 Multikiss, Hans Albas PE1AYX
[   17.620671][    T1] AX.25: bpqether driver version 004
[   17.621317][    T1] PPP generic driver version 2.4.2
[   17.623384][    T1] PPP BSD Compression module registered
[   17.624097][    T1] PPP Deflate Compression module registered
[   17.624850][    T1] PPP MPPE Compression module registered
[   17.625537][    T1] NET: Registered PF_PPPOX protocol family
[   17.626306][    T1] PPTP driver version 0.8.5
[   17.627456][    T1] SLIP: version 0.8.4-NET3.019-NEWTTY (dynamic channels, max=256) (6 bit encapsulation enabled).
[   17.628723][    T1] CSLIP: code copyright 1989 Regents of the University of California.
[   17.629702][    T1] SLIP linefill/keepalive option.
[   17.630322][    T1] hdlc: HDLC support module revision 1.22
[   17.631052][    T1] LAPB Ethernet driver version 0.02
[   17.636599][    T1] usbcore: registered new interface driver ath9k_htc
[   17.637851][    T1] usbcore: registered new interface driver carl9170
[   17.639102][    T1] usbcore: registered new interface driver ath6kl_usb
[   17.640367][    T1] usbcore: registered new interface driver ar5523
[   17.643015][    T1] usbcore: registered new interface driver ath10k_usb
[   17.644317][    T1] usbcore: registered new interface driver plfxlc
[   17.645776][    T1] mac80211_hwsim: initializing netlink
[   17.652299][ T1010] ata2: found unknown device (class 0)
[   17.653781][ T1010] ata2.00: ATAPI: QEMU DVD-ROM, 2.5+, max UDMA/100
[   17.658121][  T918] scsi 1:0:0:0: CD-ROM            QEMU     QEMU DVD-ROM     2.5+ PQ: 0 ANSI: 5
[   17.687253][    T1] usbcore: registered new interface driver atusb
[   17.704359][    T1] mac802154_hwsim mac802154_hwsim: Added 2 mac802154 hwsim hardware radios
[   17.706045][    T1] VMware vmxnet3 virtual NIC driver - version 1.9.0.0-k-NAPI
[   17.707843][    T1] usbcore: registered new interface driver catc
[   17.709025][    T1] usbcore: registered new interface driver kaweth
[   17.709805][    T1] pegasus: Pegasus/Pegasus II USB Ethernet driver
[   17.711053][    T1] usbcore: registered new interface driver pegasus
[   17.712348][    T1] usbcore: registered new interface driver rtl8150
[   17.713336][    T1] usbcore: registered new device driver r8152-cfgselector
[   17.714660][    T1] usbcore: registered new interface driver r8152
[   17.715983][    T1] usbcore: registered new interface driver hso
[   17.717178][    T1] usbcore: registered new interface driver lan78xx
[   17.718383][    T1] usbcore: registered new interface driver asix
[   17.719571][    T1] usbcore: registered new interface driver ax88179_178a
[   17.720835][    T1] usbcore: registered new interface driver cdc_ether
[   17.722059][    T1] usbcore: registered new interface driver cdc_eem
[   17.725008][    T1] usbcore: registered new interface driver dm9601
[   17.726229][    T1] usbcore: registered new interface driver sr9700
[   17.727404][  T918] sr 1:0:0:0: [sr0] scsi3-mmc drive: 4x/4x cd/rw xa/form2 tray
[   17.727434][    T1] usbcore: registered new interface driver CoreChips
[   17.728390][  T918] cdrom: Uniform CD-ROM driver Revision: 3.20
[   17.729551][    T1] usbcore: registered new interface driver smsc75xx
[   17.731118][    T1] usbcore: registered new interface driver smsc95xx
[   17.733085][    T1] usbcore: registered new interface driver gl620a
[   17.734977][    T1] usbcore: registered new interface driver net1080
[   17.736195][    T1] usbcore: registered new interface driver plusb
[   17.737381][    T1] usbcore: registered new interface driver rndis_host
[   17.738629][    T1] usbcore: registered new interface driver cdc_subset
[   17.739878][    T1] usbcore: registered new interface driver zaurus
[   17.741087][    T1] usbcore: registered new interface driver MOSCHIP usb-ethernet driver
[   17.742579][    T1] usbcore: registered new interface driver int51x1
[   17.743794][    T1] usbcore: registered new interface driver cdc_phonet
[   17.745037][    T1] usbcore: registered new interface driver kalmia
[   17.746247][    T1] usbcore: registered new interface driver ipheth
[   17.747418][    T1] usbcore: registered new interface driver sierra_net
[   17.748661][    T1] usbcore: registered new interface driver cx82310_eth
[   17.749928][    T1] usbcore: registered new interface driver cdc_ncm
[   17.751186][    T1] usbcore: registered new interface driver huawei_cdc_ncm
[   17.752659][    T1] usbcore: registered new interface driver lg-vl600
[   17.753894][    T1] usbcore: registered new interface driver qmi_wwan
[   17.755131][    T1] usbcore: registered new interface driver cdc_mbim
[   17.756365][    T1] usbcore: registered new interface driver ch9200
[   17.758105][    T1] usbcore: registered new interface driver aqc111
[   17.759313][    T1] usbcore: registered new interface driver r8153_ecm
[   17.764039][    T1] VFIO - User Level meta-driver version: 0.3
[   17.770989][    T1] aoe: AoE v85 initialised.
[   17.789461][    T1] usbcore: registered new interface driver cdc_acm
[   17.790266][    T1] cdc_acm: USB Abstract Control Model driver for USB modems and ISDN adapters
[   17.791770][    T1] usbcore: registered new interface driver usblp
[   17.793545][    T1] usbcore: registered new interface driver cdc_wdm
[   17.795515][    T1] usbcore: registered new interface driver usbtmc
[   17.797058][    T1] usbcore: registered new interface driver uas
[   17.798257][    T1] usbcore: registered new interface driver usb-storage
[   17.799475][    T1] usbcore: registered new interface driver ums-alauda
[   17.800700][    T1] usbcore: registered new interface driver ums-cypress
[   17.801912][    T1] usbcore: registered new interface driver ums-datafab
[   17.803927][    T1] usbcore: registered new interface driver ums_eneub6250
[   17.805187][    T1] usbcore: registered new interface driver ums-freecom
[   17.806398][    T1] usbcore: registered new interface driver ums-isd200
[   17.807646][    T1] usbcore: registered new interface driver ums-jumpshot
[   17.809251][    T1] usbcore: registered new interface driver ums-karma
[   17.810454][    T1] usbcore: registered new interface driver ums-onetouch
[   17.811686][    T1] usbcore: registered new interface driver ums-realtek
[   17.816382][    T1] usbcore: registered new interface driver ums-sddr09
[   17.817616][    T1] usbcore: registered new interface driver ums-sddr55
[   17.818821][    T1] usbcore: registered new interface driver ums-usbat
[   17.820156][    T1] usbcore: registered new interface driver mdc800
[   17.820935][    T1] mdc800: v0.7.5 (30/10/2000):USB Driver for Mustek MDC800 Digital Camera
[   17.822999][    T1] usbcore: registered new interface driver microtekX6
[   17.824979][    T1] usbcore: registered new interface driver usbserial_generic
[   17.826273][    T1] usbserial: USB Serial support registered for generic
[   17.827899][    T1] usbcore: registered new interface driver aircable
[   17.828997][    T1] usbserial: USB Serial support registered for aircable
[   17.829950][  T918] sr 1:0:0:0: Attached scsi generic sg0 type 5
[   17.830159][    T1] usbcore: registered new interface driver ark3116
[   17.831749][    T1] usbserial: USB Serial support registered for ark3116
[   17.833496][    T1] usbcore: registered new interface driver belkin_sa
[   17.834484][    T1] usbserial: USB Serial support registered for Belkin / Peracom / GoHubs USB Serial Adapter
[   17.835997][    T1] usbcore: registered new interface driver ch341
[   17.836930][    T1] usbserial: USB Serial support registered for ch341-uart
[   17.838099][    T1] usbcore: registered new interface driver cp210x
[   17.839711][    T1] usbserial: USB Serial support registered for cp210x
[   17.840829][    T1] usbcore: registered new interface driver cyberjack
[   17.841800][    T1] usbserial: USB Serial support registered for Reiner SCT Cyberjack USB card reader
[   17.843286][    T1] usbcore: registered new interface driver cypress_m8
[   17.844324][    T1] usbserial: USB Serial support registered for DeLorme Earthmate USB
[   17.845468][    T1] usbserial: USB Serial support registered for HID->COM RS232 Adapter
[   17.846615][    T1] usbserial: USB Serial support registered for Nokia CA-42 V2 Adapter
[   17.847909][    T1] usbcore: registered new interface driver usb_debug
[   17.848894][    T1] usbserial: USB Serial support registered for debug
[   17.849871][    T1] usbserial: USB Serial support registered for xhci_dbc
[   17.851040][    T1] usbcore: registered new interface driver digi_acceleport
[   17.852079][    T1] usbserial: USB Serial support registered for Digi 2 port USB adapter
[   17.853870][    T1] usbserial: USB Serial support registered for Digi 4 port USB adapter
[   17.855200][    T1] usbcore: registered new interface driver io_edgeport
[   17.856203][    T1] usbserial: USB Serial support registered for Edgeport 2 port adapter
[   17.857394][    T1] usbserial: USB Serial support registered for Edgeport 4 port adapter
[   17.858553][    T1] usbserial: USB Serial support registered for Edgeport 8 port adapter
[   17.859725][    T1] usbserial: USB Serial support registered for EPiC device
[   17.860893][    T1] usbcore: registered new interface driver io_ti
[   17.861837][    T1] usbserial: USB Serial support registered for Edgeport TI 1 port adapter
[   17.863071][    T1] usbserial: USB Serial support registered for Edgeport TI 2 port adapter
[   17.864434][    T1] usbcore: registered new interface driver empeg
[   17.865371][    T1] usbserial: USB Serial support registered for empeg
[   17.866650][    T1] usbcore: registered new interface driver f81534a_ctrl
[   17.867842][    T1] usbcore: registered new interface driver f81232
[   17.868806][    T1] usbserial: USB Serial support registered for f81232
[   17.869794][    T1] usbserial: USB Serial support registered for f81534a
[   17.870937][    T1] usbcore: registered new interface driver f81534
[   17.871893][    T1] usbserial: USB Serial support registered for Fintek F81532/F81534
[   17.873895][    T1] usbcore: registered new interface driver ftdi_sio
[   17.874868][    T1] usbserial: USB Serial support registered for FTDI USB Serial Device
[   17.876190][    T1] usbcore: registered new interface driver garmin_gps
[   17.877177][    T1] usbserial: USB Serial support registered for Garmin GPS usb/tty
[   17.878455][    T1] usbcore: registered new interface driver ipaq
[   17.879404][    T1] usbserial: USB Serial support registered for PocketPC PDA
[   17.880600][    T1] usbcore: registered new interface driver ipw
[   17.881515][    T1] usbserial: USB Serial support registered for IPWireless converter
[   17.882844][    T1] usbcore: registered new interface driver ir_usb
[   17.884195][    T1] usbserial: USB Serial support registered for IR Dongle
[   17.885374][    T1] usbcore: registered new interface driver iuu_phoenix
[   17.886378][    T1] usbserial: USB Serial support registered for iuu_phoenix
[   17.887558][    T1] usbcore: registered new interface driver keyspan
[   17.888515][    T1] usbserial: USB Serial support registered for Keyspan - (without firmware)
[   17.889734][    T1] usbserial: USB Serial support registered for Keyspan 1 port adapter
[   17.890884][    T1] usbserial: USB Serial support registered for Keyspan 2 port adapter
[   17.892039][    T1] usbserial: USB Serial support registered for Keyspan 4 port adapter
[   17.893363][    T1] usbcore: registered new interface driver keyspan_pda
[   17.894368][    T1] usbserial: USB Serial support registered for Keyspan PDA
[   17.895441][    T1] usbserial: USB Serial support registered for Keyspan PDA - (prerenumeration)
[   17.896818][    T1] usbcore: registered new interface driver kl5kusb105
[   17.897823][    T1] usbserial: USB Serial support registered for KL5KUSB105D / PalmConnect
[   17.899147][    T1] usbcore: registered new interface driver kobil_sct
[   17.900154][    T1] usbserial: USB Serial support registered for KOBIL USB smart card terminal
[   17.901512][    T1] usbcore: registered new interface driver mct_u232
[   17.902551][    T1] usbserial: USB Serial support registered for MCT U232
[   17.903708][    T1] usbcore: registered new interface driver metro_usb
[   17.904689][    T1] usbserial: USB Serial support registered for Metrologic USB to Serial
[   17.905994][    T1] usbcore: registered new interface driver mos7720
[   17.906959][    T1] usbserial: USB Serial support registered for Moschip 2 port adapter
[   17.908249][    T1] usbcore: registered new interface driver mos7840
[   17.909206][    T1] usbserial: USB Serial support registered for Moschip 7840/7820 USB Serial Driver
[   17.910623][    T1] usbcore: registered new interface driver mxuport
[   17.911585][    T1] usbserial: USB Serial support registered for MOXA UPort
[   17.912786][    T1] usbcore: registered new interface driver navman
[   17.913746][    T1] usbserial: USB Serial support registered for navman
[   17.914872][    T1] usbcore: registered new interface driver omninet
[   17.915843][    T1] usbserial: USB Serial support registered for ZyXEL - omni.net usb
[   17.917130][    T1] usbcore: registered new interface driver opticon
[   17.918086][    T1] usbserial: USB Serial support registered for opticon
[   17.919228][    T1] usbcore: registered new interface driver option
[   17.920184][    T1] usbserial: USB Serial support registered for GSM modem (1-port)
[   17.921432][    T1] usbcore: registered new interface driver oti6858
[   17.922419][    T1] usbserial: USB Serial support registered for oti6858
[   17.923554][    T1] usbcore: registered new interface driver pl2303
[   17.924529][    T1] usbserial: USB Serial support registered for pl2303
[   17.925653][    T1] usbcore: registered new interface driver qcaux
[   17.926589][    T1] usbserial: USB Serial support registered for qcaux
[   17.927704][    T1] usbcore: registered new interface driver qcserial
[   17.928698][    T1] usbserial: USB Serial support registered for Qualcomm USB modem
[   17.929937][    T1] usbcore: registered new interface driver quatech2
[   17.930904][    T1] usbserial: USB Serial support registered for Quatech 2nd gen USB to Serial Driver
[   17.932384][    T1] usbcore: registered new interface driver safe_serial
[   17.933418][    T1] usbserial: USB Serial support registered for safe_serial
[   17.934599][    T1] usbcore: registered new interface driver sierra
[   17.935553][    T1] usbserial: USB Serial support registered for Sierra USB modem
[   17.936936][    T1] usbcore: registered new interface driver usb_serial_simple
[   17.938017][    T1] usbserial: USB Serial support registered for carelink
[   17.939028][    T1] usbserial: USB Serial support registered for flashloader
[   17.940066][    T1] usbserial: USB Serial support registered for funsoft
[   17.941064][    T1] usbserial: USB Serial support registered for google
[   17.942060][    T1] usbserial: USB Serial support registered for hp4x
[   17.943729][    T1] usbserial: USB Serial support registered for kaufmann
[   17.945094][    T1] usbserial: USB Serial support registered for libtransistor
[   17.946156][    T1] usbserial: USB Serial support registered for moto_modem
[   17.947195][    T1] usbserial: USB Serial support registered for motorola_tetra
[   17.948268][    T1] usbserial: USB Serial support registered for nokia
[   17.949259][    T1] usbserial: USB Serial support registered for novatel_gps
[   17.950328][    T1] usbserial: USB Serial support registered for owon
[   17.951302][    T1] usbserial: USB Serial support registered for siemens_mpi
[   17.952383][    T1] usbserial: USB Serial support registered for suunto
[   17.953372][    T1] usbserial: USB Serial support registered for vivopay
[   17.954372][    T1] usbserial: USB Serial support registered for zio
[   17.955477][    T1] usbcore: registered new interface driver spcp8x5
[   17.956440][    T1] usbserial: USB Serial support registered for SPCP8x5
[   17.957574][    T1] usbcore: registered new interface driver ssu100
[   17.958527][    T1] usbserial: USB Serial support registered for Quatech SSU-100 USB to Serial Driver
[   17.959980][    T1] usbcore: registered new interface driver symbolserial
[   17.960993][    T1] usbserial: USB Serial support registered for symbol
[   17.962115][    T1] usbcore: registered new interface driver ti_usb_3410_5052
[   17.963254][    T1] usbserial: USB Serial support registered for TI USB 3410 1 port adapter
[   17.964463][    T1] usbserial: USB Serial support registered for TI USB 5052 2 port adapter
[   17.965795][    T1] usbcore: registered new interface driver upd78f0730
[   17.966820][    T1] usbserial: USB Serial support registered for upd78f0730
[   17.967985][    T1] usbcore: registered new interface driver visor
[   17.968927][    T1] usbserial: USB Serial support registered for Handspring Visor / Palm OS
[   17.970524][    T1] usbserial: USB Serial support registered for Sony Clie 5.0
[   17.971613][    T1] usbserial: USB Serial support registered for Sony Clie 3.5
[   17.973218][    T1] usbcore: registered new interface driver wishbone_serial
[   17.974272][    T1] usbserial: USB Serial support registered for wishbone_serial
[   17.975507][    T1] usbcore: registered new interface driver whiteheat
[   17.976489][    T1] usbserial: USB Serial support registered for Connect Tech - WhiteHEAT - (prerenumeration)
[   17.978165][    T1] usbserial: USB Serial support registered for Connect Tech - WhiteHEAT
[   17.979494][    T1] usbcore: registered new interface driver xr_serial
[   17.980480][    T1] usbserial: USB Serial support registered for xr_serial
[   17.981631][    T1] usbcore: registered new interface driver xsens_mt
[   17.982678][    T1] usbserial: USB Serial support registered for xsens_mt
[   17.984015][    T1] usbcore: registered new interface driver adutux
[   17.985253][    T1] usbcore: registered new interface driver appledisplay
[   17.986547][    T1] usbcore: registered new interface driver cypress_cy7c63
[   17.987860][    T1] usbcore: registered new interface driver cytherm
[   17.989096][    T1] usbcore: registered new interface driver emi26 - firmware loader
[   17.990494][    T1] usbcore: registered new interface driver emi62 - firmware loader
[   17.991664][    T1] usbcore: registered new device driver apple-mfi-fastcharge
[   17.993044][    T1] usbcore: registered new interface driver ljca
[   17.994251][    T1] usbcore: registered new interface driver idmouse
[   17.995492][    T1] usbcore: registered new interface driver iowarrior
[   17.996749][    T1] usbcore: registered new interface driver isight_firmware
[   17.998061][    T1] usbcore: registered new interface driver usblcd
[   17.999279][    T1] usbcore: registered new interface driver ldusb
[   18.000523][    T1] usbcore: registered new interface driver legousbtower
[   18.001805][    T1] usbcore: registered new interface driver usbtest
[   18.003119][    T1] usbcore: registered new interface driver usb_ehset_test
[   18.004427][    T1] usbcore: registered new interface driver trancevibrator
[   18.005764][    T1] usbcore: registered new interface driver uss720
[   18.006543][    T1] uss720: USB Parport Cable driver for Cables using the Lucent Technologies USS720 Chip
[   18.007712][    T1] uss720: NOTE: this is a special purpose driver to allow nonstandard
[   18.008689][    T1] uss720: protocols (eg. bitbang) over USS720 usb to parallel cables
[   18.009655][    T1] uss720: If you just want to connect to a printer, use usblp instead
[   18.011086][    T1] usbcore: registered new interface driver usbsevseg
[   18.012376][    T1] usbcore: registered new interface driver yurex
[   18.014369][    T1] usbcore: registered new interface driver chaoskey
[   18.015624][    T1] usbcore: registered new interface driver sisusb
[   18.016891][    T1] usbcore: registered new interface driver lvs
[   18.018088][    T1] usbcore: registered new interface driver cxacru
[   18.019341][    T1] usbcore: registered new interface driver speedtch
[   18.020588][    T1] usbcore: registered new interface driver ueagle-atm
[   18.021411][    T1] xusbatm: malformed module parameters
[   18.025043][    T1] dummy_hcd dummy_hcd.0: USB Host+Gadget Emulator, driver 02 May 2005
[   18.027151][    T1] dummy_hcd dummy_hcd.0: Dummy host controller
[   18.030372][    T1] dummy_hcd dummy_hcd.0: new USB bus registered, assigned bus number 1
[   18.033569][    T1] usb usb1: New USB device found, idVendor=1d6b, idProduct=0002, bcdDevice= 6.15
[   18.034724][    T1] usb usb1: New USB device strings: Mfr=3, Product=2, SerialNumber=1
[   18.035704][    T1] usb usb1: Product: Dummy host controller
[   18.036423][    T1] usb usb1: Manufacturer: Linux 6.15.0-g45b99ae36b1c-dirty dummy_hcd
[   18.037401][    T1] usb usb1: SerialNumber: dummy_hcd.0
[   18.043595][    T1] hub 1-0:1.0: USB hub found
[   18.044629][    T1] hub 1-0:1.0: 1 port detected
[   18.057287][    T1] SPI driver max3420-udc has no spi_device_id for maxim,max3421-udc
[   18.059065][    T1] gadgetfs: USB Gadget filesystem, version 24 Aug 2004
[   18.062092][    T1] vhci_hcd vhci_hcd.0: USB/IP Virtual Host Controller
[   18.064290][    T1] vhci_hcd vhci_hcd.0: new USB bus registered, assigned bus number 2
[   18.066275][    T1] vhci_hcd: created sysfs vhci_hcd.0
[   18.068447][    T1] usb usb2: New USB device found, idVendor=1d6b, idProduct=0002, bcdDevice= 6.15
[   18.069544][    T1] usb usb2: New USB device strings: Mfr=3, Product=2, SerialNumber=1
[   18.070507][    T1] usb usb2: Product: USB/IP Virtual Host Controller
[   18.071300][    T1] usb usb2: Manufacturer: Linux 6.15.0-g45b99ae36b1c-dirty vhci_hcd
[   18.073263][    T1] usb usb2: SerialNumber: vhci_hcd.0
[   18.078818][    T1] hub 2-0:1.0: USB hub found
[   18.079774][    T1] hub 2-0:1.0: 8 ports detected
[   18.094519][    T1] vhci_hcd vhci_hcd.0: USB/IP Virtual Host Controller
[   18.096656][    T1] vhci_hcd vhci_hcd.0: new USB bus registered, assigned bus number 3
[   18.098478][    T1] usb usb3: We don't know the algorithms for LPM for this host, disabling LPM.
[   18.100900][    T1] usb usb3: New USB device found, idVendor=1d6b, idProduct=0003, bcdDevice= 6.15
[   18.102011][    T1] usb usb3: New USB device strings: Mfr=3, Product=2, SerialNumber=1
[   18.103551][    T1] usb usb3: Product: USB/IP Virtual Host Controller
[   18.104358][    T1] usb usb3: Manufacturer: Linux 6.15.0-g45b99ae36b1c-dirty vhci_hcd
[   18.105322][    T1] usb usb3: SerialNumber: vhci_hcd.0
[   18.110633][    T1] hub 3-0:1.0: USB hub found
[   18.111538][    T1] hub 3-0:1.0: 8 ports detected
[   18.132363][    T1] vhci_hcd vhci_hcd.1: USB/IP Virtual Host Controller
[   18.134540][    T1] vhci_hcd vhci_hcd.1: new USB bus registered, assigned bus number 4
[   18.137016][    T1] usb usb4: New USB device found, idVendor=1d6b, idProduct=0002, bcdDevice= 6.15
[   18.138107][    T1] usb usb4: New USB device strings: Mfr=3, Product=2, SerialNumber=1
[   18.139094][    T1] usb usb4: Product: USB/IP Virtual Host Controller
[   18.139889][    T1] usb usb4: Manufacturer: Linux 6.15.0-g45b99ae36b1c-dirty vhci_hcd
[   18.140881][    T1] usb usb4: SerialNumber: vhci_hcd.1
[   18.147421][    T1] hub 4-0:1.0: USB hub found
[   18.148311][    T1] hub 4-0:1.0: 8 ports detected
[   18.162892][    T1] vhci_hcd vhci_hcd.1: USB/IP Virtual Host Controller
[   18.164965][    T1] vhci_hcd vhci_hcd.1: new USB bus registered, assigned bus number 5
[   18.166542][    T1] usb usb5: We don't know the algorithms for LPM for this host, disabling LPM.
[   18.168896][    T1] usb usb5: New USB device found, idVendor=1d6b, idProduct=0003, bcdDevice= 6.15
[   18.170006][    T1] usb usb5: New USB device strings: Mfr=3, Product=2, SerialNumber=1
[   18.170989][    T1] usb usb5: Product: USB/IP Virtual Host Controller
[   18.171790][    T1] usb usb5: Manufacturer: Linux 6.15.0-g45b99ae36b1c-dirty vhci_hcd
[   18.172797][    T1] usb usb5: SerialNumber: vhci_hcd.1
[   18.177953][    T1] hub 5-0:1.0: USB hub found
[   18.178846][    T1] hub 5-0:1.0: 8 ports detected
[   18.197901][    T1] vhci_hcd vhci_hcd.2: USB/IP Virtual Host Controller
[   18.199994][    T1] vhci_hcd vhci_hcd.2: new USB bus registered, assigned bus number 6
[   18.202806][    T1] usb usb6: New USB device found, idVendor=1d6b, idProduct=0002, bcdDevice= 6.15
[   18.203927][    T1] usb usb6: New USB device strings: Mfr=3, Product=2, SerialNumber=1
[   18.204924][    T1] usb usb6: Product: USB/IP Virtual Host Controller
[   18.205731][    T1] usb usb6: Manufacturer: Linux 6.15.0-g45b99ae36b1c-dirty vhci_hcd
[   18.206708][    T1] usb usb6: SerialNumber: vhci_hcd.2
[   18.211777][    T1] hub 6-0:1.0: USB hub found
[   18.213332][    T1] hub 6-0:1.0: 8 ports detected
[   18.226572][    T1] vhci_hcd vhci_hcd.2: USB/IP Virtual Host Controller
[   18.229538][    T1] vhci_hcd vhci_hcd.2: new USB bus registered, assigned bus number 7
[   18.231101][    T1] usb usb7: We don't know the algorithms for LPM for this host, disabling LPM.
[   18.234101][    T1] usb usb7: New USB device found, idVendor=1d6b, idProduct=0003, bcdDevice= 6.15
[   18.235203][    T1] usb usb7: New USB device strings: Mfr=3, Product=2, SerialNumber=1
[   18.236188][    T1] usb usb7: Product: USB/IP Virtual Host Controller
[   18.236991][    T1] usb usb7: Manufacturer: Linux 6.15.0-g45b99ae36b1c-dirty vhci_hcd
[   18.237974][    T1] usb usb7: SerialNumber: vhci_hcd.2
[   18.243785][    T1] hub 7-0:1.0: USB hub found
[   18.244760][    T1] hub 7-0:1.0: 8 ports detected
[   18.264365][    T1] vhci_hcd vhci_hcd.3: USB/IP Virtual Host Controller
[   18.267834][    T1] vhci_hcd vhci_hcd.3: new USB bus registered, assigned bus number 8
[   18.272135][    T1] usb usb8: New USB device found, idVendor=1d6b, idProduct=0002, bcdDevice= 6.15
[   18.274859][    T1] usb usb8: New USB device strings: Mfr=3, Product=2, SerialNumber=1
[   18.276577][    T1] usb usb8: Product: USB/IP Virtual Host Controller
[   18.277977][    T1] usb usb8: Manufacturer: Linux 6.15.0-g45b99ae36b1c-dirty vhci_hcd
[   18.279610][    T1] usb usb8: SerialNumber: vhci_hcd.3
[   18.284742][    T1] hub 8-0:1.0: USB hub found
[   18.285632][    T1] hub 8-0:1.0: 8 ports detected
[   18.299313][    T1] vhci_hcd vhci_hcd.3: USB/IP Virtual Host Controller
[   18.302212][    T1] vhci_hcd vhci_hcd.3: new USB bus registered, assigned bus number 9
[   18.303791][    T1] usb usb9: We don't know the algorithms for LPM for this host, disabling LPM.
[   18.306161][    T1] usb usb9: New USB device found, idVendor=1d6b, idProduct=0003, bcdDevice= 6.15
[   18.307281][    T1] usb usb9: New USB device strings: Mfr=3, Product=2, SerialNumber=1
[   18.308272][    T1] usb usb9: Product: USB/IP Virtual Host Controller
[   18.309078][    T1] usb usb9: Manufacturer: Linux 6.15.0-g45b99ae36b1c-dirty vhci_hcd
[   18.310045][    T1] usb usb9: SerialNumber: vhci_hcd.3
[   18.316027][    T1] hub 9-0:1.0: USB hub found
[   18.316913][    T1] hub 9-0:1.0: 8 ports detected
[   18.334538][    T1] vhci_hcd vhci_hcd.4: USB/IP Virtual Host Controller
[   18.337056][    T1] vhci_hcd vhci_hcd.4: new USB bus registered, assigned bus number 10
[   18.339536][    T1] usb usb10: New USB device found, idVendor=1d6b, idProduct=0002, bcdDevice= 6.15
[   18.340661][    T1] usb usb10: New USB device strings: Mfr=3, Product=2, SerialNumber=1
[   18.341656][    T1] usb usb10: Product: USB/IP Virtual Host Controller
[   18.342510][    T1] usb usb10: Manufacturer: Linux 6.15.0-g45b99ae36b1c-dirty vhci_hcd
[   18.343495][    T1] usb usb10: SerialNumber: vhci_hcd.4
[   18.349038][    T1] hub 10-0:1.0: USB hub found
[   18.349945][    T1] hub 10-0:1.0: 8 ports detected
[   18.364468][    T1] vhci_hcd vhci_hcd.4: USB/IP Virtual Host Controller
[   18.366702][    T1] vhci_hcd vhci_hcd.4: new USB bus registered, assigned bus number 11
[   18.368287][    T1] usb usb11: We don't know the algorithms for LPM for this host, disabling LPM.
[   18.370649][    T1] usb usb11: New USB device found, idVendor=1d6b, idProduct=0003, bcdDevice= 6.15
[   18.371775][    T1] usb usb11: New USB device strings: Mfr=3, Product=2, SerialNumber=1
[   18.372815][    T1] usb usb11: Product: USB/IP Virtual Host Controller
[   18.373632][    T1] usb usb11: Manufacturer: Linux 6.15.0-g45b99ae36b1c-dirty vhci_hcd
[   18.374609][    T1] usb usb11: SerialNumber: vhci_hcd.4
[   18.380104][    T1] hub 11-0:1.0: USB hub found
[   18.381023][    T1] hub 11-0:1.0: 8 ports detected
[   18.396596][    T1] vhci_hcd vhci_hcd.5: USB/IP Virtual Host Controller
[   18.400394][    T1] vhci_hcd vhci_hcd.5: new USB bus registered, assigned bus number 12
[   18.403197][    T1] usb usb12: New USB device found, idVendor=1d6b, idProduct=0002, bcdDevice= 6.15
[   18.404319][    T1] usb usb12: New USB device strings: Mfr=3, Product=2, SerialNumber=1
[   18.405309][    T1] usb usb12: Product: USB/IP Virtual Host Controller
[   18.406123][    T1] usb usb12: Manufacturer: Linux 6.15.0-g45b99ae36b1c-dirty vhci_hcd
[   18.407113][    T1] usb usb12: SerialNumber: vhci_hcd.5
[   18.412682][    T1] hub 12-0:1.0: USB hub found
[   18.413587][    T1] hub 12-0:1.0: 8 ports detected
[   18.427885][    T1] vhci_hcd vhci_hcd.5: USB/IP Virtual Host Controller
[   18.430063][    T1] vhci_hcd vhci_hcd.5: new USB bus registered, assigned bus number 13
[   18.431649][    T1] usb usb13: We don't know the algorithms for LPM for this host, disabling LPM.
[   18.434096][    T1] usb usb13: New USB device found, idVendor=1d6b, idProduct=0003, bcdDevice= 6.15
[   18.435236][    T1] usb usb13: New USB device strings: Mfr=3, Product=2, SerialNumber=1
[   18.436231][    T1] usb usb13: Product: USB/IP Virtual Host Controller
[   18.437044][    T1] usb usb13: Manufacturer: Linux 6.15.0-g45b99ae36b1c-dirty vhci_hcd
[   18.438025][    T1] usb usb13: SerialNumber: vhci_hcd.5
[   18.443747][    T1] hub 13-0:1.0: USB hub found
[   18.444671][    T1] hub 13-0:1.0: 8 ports detected
[   18.460171][    T1] vhci_hcd vhci_hcd.6: USB/IP Virtual Host Controller
[   18.464279][    T1] vhci_hcd vhci_hcd.6: new USB bus registered, assigned bus number 14
[   18.466836][    T1] usb usb14: New USB device found, idVendor=1d6b, idProduct=0002, bcdDevice= 6.15
[   18.467974][    T1] usb usb14: New USB device strings: Mfr=3, Product=2, SerialNumber=1
[   18.468977][    T1] usb usb14: Product: USB/IP Virtual Host Controller
[   18.469789][    T1] usb usb14: Manufacturer: Linux 6.15.0-g45b99ae36b1c-dirty vhci_hcd
[   18.470767][    T1] usb usb14: SerialNumber: vhci_hcd.6
[   18.476274][    T1] hub 14-0:1.0: USB hub found
[   18.477185][    T1] hub 14-0:1.0: 8 ports detected
[   18.492133][    T1] vhci_hcd vhci_hcd.6: USB/IP Virtual Host Controller
[   18.494357][    T1] vhci_hcd vhci_hcd.6: new USB bus registered, assigned bus number 15
[   18.495933][    T1] usb usb15: We don't know the algorithms for LPM for this host, disabling LPM.
[   18.498298][    T1] usb usb15: New USB device found, idVendor=1d6b, idProduct=0003, bcdDevice= 6.15
[   18.499428][    T1] usb usb15: New USB device strings: Mfr=3, Product=2, SerialNumber=1
[   18.500422][    T1] usb usb15: Product: USB/IP Virtual Host Controller
[   18.501238][    T1] usb usb15: Manufacturer: Linux 6.15.0-g45b99ae36b1c-dirty vhci_hcd
[   18.502250][    T1] usb usb15: SerialNumber: vhci_hcd.6
[   18.507832][    T1] hub 15-0:1.0: USB hub found
[   18.509149][    T1] hub 15-0:1.0: 8 ports detected
[   18.525475][    T1] vhci_hcd vhci_hcd.7: USB/IP Virtual Host Controller
[   18.528161][    T1] vhci_hcd vhci_hcd.7: new USB bus registered, assigned bus number 16
[   18.533051][    T1] usb usb16: New USB device found, idVendor=1d6b, idProduct=0002, bcdDevice= 6.15
[   18.535245][    T1] usb usb16: New USB device strings: Mfr=3, Product=2, SerialNumber=1
[   18.537148][    T1] usb usb16: Product: USB/IP Virtual Host Controller
[   18.538710][    T1] usb usb16: Manufacturer: Linux 6.15.0-g45b99ae36b1c-dirty vhci_hcd
[   18.540926][    T1] usb usb16: SerialNumber: vhci_hcd.7
[   18.553192][    T1] hub 16-0:1.0: USB hub found
[   18.554941][    T1] hub 16-0:1.0: 8 ports detected
[   18.576442][    T1] vhci_hcd vhci_hcd.7: USB/IP Virtual Host Controller
[   18.579342][    T1] vhci_hcd vhci_hcd.7: new USB bus registered, assigned bus number 17
[   18.580936][    T1] usb usb17: We don't know the algorithms for LPM for this host, disabling LPM.
[   18.584991][    T1] usb usb17: New USB device found, idVendor=1d6b, idProduct=0003, bcdDevice= 6.15
[   18.586128][    T1] usb usb17: New USB device strings: Mfr=3, Product=2, SerialNumber=1
[   18.587137][    T1] usb usb17: Product: USB/IP Virtual Host Controller
[   18.587960][    T1] usb usb17: Manufacturer: Linux 6.15.0-g45b99ae36b1c-dirty vhci_hcd
[   18.588949][    T1] usb usb17: SerialNumber: vhci_hcd.7
[   18.594214][    T1] hub 17-0:1.0: USB hub found
[   18.595149][    T1] hub 17-0:1.0: 8 ports detected
[   18.615986][    T1] vhci_hcd vhci_hcd.8: USB/IP Virtual Host Controller
[   18.620859][    T1] vhci_hcd vhci_hcd.8: new USB bus registered, assigned bus number 18
[   18.627592][    T1] usb usb18: New USB device found, idVendor=1d6b, idProduct=0002, bcdDevice= 6.15
[   18.629908][    T1] usb usb18: New USB device strings: Mfr=3, Product=2, SerialNumber=1
[   18.631945][    T1] usb usb18: Product: USB/IP Virtual Host Controller
[   18.633692][    T1] usb usb18: Manufacturer: Linux 6.15.0-g45b99ae36b1c-dirty vhci_hcd
[   18.635721][    T1] usb usb18: SerialNumber: vhci_hcd.8
[   18.644805][    T1] hub 18-0:1.0: USB hub found
[   18.645724][    T1] hub 18-0:1.0: 8 ports detected
[   18.659387][    T1] vhci_hcd vhci_hcd.8: USB/IP Virtual Host Controller
[   18.662473][    T1] vhci_hcd vhci_hcd.8: new USB bus registered, assigned bus number 19
[   18.664106][    T1] usb usb19: We don't know the algorithms for LPM for this host, disabling LPM.
[   18.666465][    T1] usb usb19: New USB device found, idVendor=1d6b, idProduct=0003, bcdDevice= 6.15
[   18.667601][    T1] usb usb19: New USB device strings: Mfr=3, Product=2, SerialNumber=1
[   18.668597][    T1] usb usb19: Product: USB/IP Virtual Host Controller
[   18.669467][    T1] usb usb19: Manufacturer: Linux 6.15.0-g45b99ae36b1c-dirty vhci_hcd
[   18.670464][    T1] usb usb19: SerialNumber: vhci_hcd.8
[   18.675640][    T1] hub 19-0:1.0: USB hub found
[   18.676549][    T1] hub 19-0:1.0: 8 ports detected
[   18.694971][    T1] vhci_hcd vhci_hcd.9: USB/IP Virtual Host Controller
[   18.698782][    T1] vhci_hcd vhci_hcd.9: new USB bus registered, assigned bus number 20
[   18.704102][    T1] usb usb20: New USB device found, idVendor=1d6b, idProduct=0002, bcdDevice= 6.15
[   18.706251][    T1] usb usb20: New USB device strings: Mfr=3, Product=2, SerialNumber=1
[   18.708151][    T1] usb usb20: Product: USB/IP Virtual Host Controller
[   18.709707][    T1] usb usb20: Manufacturer: Linux 6.15.0-g45b99ae36b1c-dirty vhci_hcd
[   18.711557][    T1] usb usb20: SerialNumber: vhci_hcd.9
[   18.720415][    T1] hub 20-0:1.0: USB hub found
[   18.721329][    T1] hub 20-0:1.0: 8 ports detected
[   18.735537][    T1] vhci_hcd vhci_hcd.9: USB/IP Virtual Host Controller
[   18.738379][    T1] vhci_hcd vhci_hcd.9: new USB bus registered, assigned bus number 21
[   18.739971][    T1] usb usb21: We don't know the algorithms for LPM for this host, disabling LPM.
[   18.742391][    T1] usb usb21: New USB device found, idVendor=1d6b, idProduct=0003, bcdDevice= 6.15
[   18.743567][    T1] usb usb21: New USB device strings: Mfr=3, Product=2, SerialNumber=1
[   18.744570][    T1] usb usb21: Product: USB/IP Virtual Host Controller
[   18.745389][    T1] usb usb21: Manufacturer: Linux 6.15.0-g45b99ae36b1c-dirty vhci_hcd
[   18.746372][    T1] usb usb21: SerialNumber: vhci_hcd.9
[   18.751637][    T1] hub 21-0:1.0: USB hub found
[   18.753697][    T1] hub 21-0:1.0: 8 ports detected
[   18.771378][    T1] vhci_hcd vhci_hcd.10: USB/IP Virtual Host Controller
[   18.774662][    T1] vhci_hcd vhci_hcd.10: new USB bus registered, assigned bus number 22
[   18.777392][    T1] usb usb22: New USB device found, idVendor=1d6b, idProduct=0002, bcdDevice= 6.15
[   18.778538][    T1] usb usb22: New USB device strings: Mfr=3, Product=2, SerialNumber=1
[   18.779564][    T1] usb usb22: Product: USB/IP Virtual Host Controller
[   18.780403][    T1] usb usb22: Manufacturer: Linux 6.15.0-g45b99ae36b1c-dirty vhci_hcd
[   18.781410][    T1] usb usb22: SerialNumber: vhci_hcd.10
[   18.787785][    T1] hub 22-0:1.0: USB hub found
[   18.788695][    T1] hub 22-0:1.0: 8 ports detected
[   18.803675][    T1] vhci_hcd vhci_hcd.10: USB/IP Virtual Host Controller
[   18.805965][    T1] vhci_hcd vhci_hcd.10: new USB bus registered, assigned bus number 23
[   18.807579][    T1] usb usb23: We don't know the algorithms for LPM for this host, disabling LPM.
[   18.809974][    T1] usb usb23: New USB device found, idVendor=1d6b, idProduct=0003, bcdDevice= 6.15
[   18.811128][    T1] usb usb23: New USB device strings: Mfr=3, Product=2, SerialNumber=1
[   18.812191][    T1] usb usb23: Product: USB/IP Virtual Host Controller
[   18.813037][    T1] usb usb23: Manufacturer: Linux 6.15.0-g45b99ae36b1c-dirty vhci_hcd
[   18.814047][    T1] usb usb23: SerialNumber: vhci_hcd.10
[   18.819676][    T1] hub 23-0:1.0: USB hub found
[   18.820990][    T1] hub 23-0:1.0: 8 ports detected
[   18.838513][    T1] vhci_hcd vhci_hcd.11: USB/IP Virtual Host Controller
[   18.842945][    T1] vhci_hcd vhci_hcd.11: new USB bus registered, assigned bus number 24
[   18.848750][    T1] usb usb24: New USB device found, idVendor=1d6b, idProduct=0002, bcdDevice= 6.15
[   18.851072][    T1] usb usb24: New USB device strings: Mfr=3, Product=2, SerialNumber=1
[   18.854514][    T1] usb usb24: Product: USB/IP Virtual Host Controller
[   18.856225][    T1] usb usb24: Manufacturer: Linux 6.15.0-g45b99ae36b1c-dirty vhci_hcd
[   18.858233][    T1] usb usb24: SerialNumber: vhci_hcd.11
[   18.867650][    T1] hub 24-0:1.0: USB hub found
[   18.869483][    T1] hub 24-0:1.0: 8 ports detected
[   18.893088][    T1] vhci_hcd vhci_hcd.11: USB/IP Virtual Host Controller
[   18.895960][    T1] vhci_hcd vhci_hcd.11: new USB bus registered, assigned bus number 25
[   18.897540][    T1] usb usb25: We don't know the algorithms for LPM for this host, disabling LPM.
[   18.899932][    T1] usb usb25: New USB device found, idVendor=1d6b, idProduct=0003, bcdDevice= 6.15
[   18.901058][    T1] usb usb25: New USB device strings: Mfr=3, Product=2, SerialNumber=1
[   18.902062][    T1] usb usb25: Product: USB/IP Virtual Host Controller
[   18.903161][    T1] usb usb25: Manufacturer: Linux 6.15.0-g45b99ae36b1c-dirty vhci_hcd
[   18.904174][    T1] usb usb25: SerialNumber: vhci_hcd.11
[   18.909664][    T1] hub 25-0:1.0: USB hub found
[   18.910577][    T1] hub 25-0:1.0: 8 ports detected
[   18.931578][    T1] vhci_hcd vhci_hcd.12: USB/IP Virtual Host Controller
[   18.938117][    T1] vhci_hcd vhci_hcd.12: new USB bus registered, assigned bus number 26
[   18.943226][    T1] usb usb26: New USB device found, idVendor=1d6b, idProduct=0002, bcdDevice= 6.15
[   18.945486][    T1] usb usb26: New USB device strings: Mfr=3, Product=2, SerialNumber=1
[   18.947483][    T1] usb usb26: Product: USB/IP Virtual Host Controller
[   18.949105][    T1] usb usb26: Manufacturer: Linux 6.15.0-g45b99ae36b1c-dirty vhci_hcd
[   18.951044][    T1] usb usb26: SerialNumber: vhci_hcd.12
[   18.959675][    T1] hub 26-0:1.0: USB hub found
[   18.961284][    T1] hub 26-0:1.0: 8 ports detected
[   18.978641][    T1] vhci_hcd vhci_hcd.12: USB/IP Virtual Host Controller
[   18.981264][    T1] vhci_hcd vhci_hcd.12: new USB bus registered, assigned bus number 27
[   18.983209][    T1] usb usb27: We don't know the algorithms for LPM for this host, disabling LPM.
[   18.985593][    T1] usb usb27: New USB device found, idVendor=1d6b, idProduct=0003, bcdDevice= 6.15
[   18.986721][    T1] usb usb27: New USB device strings: Mfr=3, Product=2, SerialNumber=1
[   18.987739][    T1] usb usb27: Product: USB/IP Virtual Host Controller
[   18.988579][    T1] usb usb27: Manufacturer: Linux 6.15.0-g45b99ae36b1c-dirty vhci_hcd
[   18.989579][    T1] usb usb27: SerialNumber: vhci_hcd.12
[   18.995842][    T1] hub 27-0:1.0: USB hub found
[   18.996756][    T1] hub 27-0:1.0: 8 ports detected
[   19.013935][    T1] vhci_hcd vhci_hcd.13: USB/IP Virtual Host Controller
[   19.016439][    T1] vhci_hcd vhci_hcd.13: new USB bus registered, assigned bus number 28
[   19.021513][    T1] usb usb28: New USB device found, idVendor=1d6b, idProduct=0002, bcdDevice= 6.15
[   19.025237][    T1] usb usb28: New USB device strings: Mfr=3, Product=2, SerialNumber=1
[   19.027286][    T1] usb usb28: Product: USB/IP Virtual Host Controller
[   19.028951][    T1] usb usb28: Manufacturer: Linux 6.15.0-g45b99ae36b1c-dirty vhci_hcd
[   19.030968][    T1] usb usb28: SerialNumber: vhci_hcd.13
[   19.040704][    T1] hub 28-0:1.0: USB hub found
[   19.042616][    T1] hub 28-0:1.0: 8 ports detected
[   19.063437][    T1] vhci_hcd vhci_hcd.13: USB/IP Virtual Host Controller
[   19.066326][    T1] vhci_hcd vhci_hcd.13: new USB bus registered, assigned bus number 29
[   19.067941][    T1] usb usb29: We don't know the algorithms for LPM for this host, disabling LPM.
[   19.070312][    T1] usb usb29: New USB device found, idVendor=1d6b, idProduct=0003, bcdDevice= 6.15
[   19.071477][    T1] usb usb29: New USB device strings: Mfr=3, Product=2, SerialNumber=1
[   19.073129][    T1] usb usb29: Product: USB/IP Virtual Host Controller
[   19.073968][    T1] usb usb29: Manufacturer: Linux 6.15.0-g45b99ae36b1c-dirty vhci_hcd
[   19.074984][    T1] usb usb29: SerialNumber: vhci_hcd.13
[   19.080776][    T1] hub 29-0:1.0: USB hub found
[   19.081689][    T1] hub 29-0:1.0: 8 ports detected
[   19.100710][    T1] vhci_hcd vhci_hcd.14: USB/IP Virtual Host Controller
[   19.103454][    T1] vhci_hcd vhci_hcd.14: new USB bus registered, assigned bus number 30
[   19.108367][    T1] usb usb30: New USB device found, idVendor=1d6b, idProduct=0002, bcdDevice= 6.15
[   19.110649][    T1] usb usb30: New USB device strings: Mfr=3, Product=2, SerialNumber=1
[   19.113932][    T1] usb usb30: Product: USB/IP Virtual Host Controller
[   19.115607][    T1] usb usb30: Manufacturer: Linux 6.15.0-g45b99ae36b1c-dirty vhci_hcd
[   19.117645][    T1] usb usb30: SerialNumber: vhci_hcd.14
[   19.126887][    T1] hub 30-0:1.0: USB hub found
[   19.128506][    T1] hub 30-0:1.0: 8 ports detected
[   19.149117][    T1] vhci_hcd vhci_hcd.14: USB/IP Virtual Host Controller
[   19.151270][    T1] vhci_hcd vhci_hcd.14: new USB bus registered, assigned bus number 31
[   19.153456][    T1] usb usb31: We don't know the algorithms for LPM for this host, disabling LPM.
[   19.155837][    T1] usb usb31: New USB device found, idVendor=1d6b, idProduct=0003, bcdDevice= 6.15
[   19.156964][    T1] usb usb31: New USB device strings: Mfr=3, Product=2, SerialNumber=1
[   19.157969][    T1] usb usb31: Product: USB/IP Virtual Host Controller
[   19.158796][    T1] usb usb31: Manufacturer: Linux 6.15.0-g45b99ae36b1c-dirty vhci_hcd
[   19.159803][    T1] usb usb31: SerialNumber: vhci_hcd.14
[   19.165029][    T1] hub 31-0:1.0: USB hub found
[   19.165927][    T1] hub 31-0:1.0: 8 ports detected
[   19.186721][    T1] vhci_hcd vhci_hcd.15: USB/IP Virtual Host Controller
[   19.190637][    T1] vhci_hcd vhci_hcd.15: new USB bus registered, assigned bus number 32
[   19.195599][    T1] usb usb32: New USB device found, idVendor=1d6b, idProduct=0002, bcdDevice= 6.15
[   19.197888][    T1] usb usb32: New USB device strings: Mfr=3, Product=2, SerialNumber=1
[   19.199829][    T1] usb usb32: Product: USB/IP Virtual Host Controller
[   19.201345][    T1] usb usb32: Manufacturer: Linux 6.15.0-g45b99ae36b1c-dirty vhci_hcd
[   19.203548][    T1] usb usb32: SerialNumber: vhci_hcd.15
[   19.209002][    T1] hub 32-0:1.0: USB hub found
[   19.209916][    T1] hub 32-0:1.0: 8 ports detected
[   19.224020][    T1] vhci_hcd vhci_hcd.15: USB/IP Virtual Host Controller
[   19.227046][    T1] vhci_hcd vhci_hcd.15: new USB bus registered, assigned bus number 33
[   19.228641][    T1] usb usb33: We don't know the algorithms for LPM for this host, disabling LPM.
[   19.231015][    T1] usb usb33: New USB device found, idVendor=1d6b, idProduct=0003, bcdDevice= 6.15
[   19.232804][    T1] usb usb33: New USB device strings: Mfr=3, Product=2, SerialNumber=1
[   19.233839][    T1] usb usb33: Product: USB/IP Virtual Host Controller
[   19.234669][    T1] usb usb33: Manufacturer: Linux 6.15.0-g45b99ae36b1c-dirty vhci_hcd
[   19.235671][    T1] usb usb33: SerialNumber: vhci_hcd.15
[   19.241202][    T1] hub 33-0:1.0: USB hub found
[   19.242097][    T1] hub 33-0:1.0: 8 ports detected
[   19.259627][    T1] usbcore: registered new device driver usbip-host
[   19.270171][    T1] i8042: PNP: PS/2 Controller [PNP0303:KBD,PNP0f13:MOU] at 0x60,0x64 irq 1,12
[   19.274463][    T1] serio: i8042 KBD port at 0x60,0x64 irq 1
[   19.278670][    T1] serio: i8042 AUX port at 0x60,0x64 irq 12
[   19.290962][    T1] mousedev: PS/2 mouse device common for all mice
[   19.295872][    T1] usbcore: registered new interface driver appletouch
[   19.297387][    T1] usbcore: registered new interface driver bcm5974
[   19.301084][ T1167] input: AT Translated Set 2 keyboard as /devices/platform/i8042/serio0/input/input1
[   19.302196][    T1] usbcore: registered new interface driver synaptics_usb
[   19.303749][    T1] usbcore: registered new interface driver iforce
[   19.305479][    T1] usbcore: registered new interface driver pxrc
[   19.307535][    T1] usbcore: registered new interface driver xpad
[   19.308866][    T1] usbcore: registered new interface driver usb_acecad
[   19.310635][    T1] usbcore: registered new interface driver aiptek
[   19.311974][    T1] usbcore: registered new interface driver hanwang
[   19.315082][    T1] usbcore: registered new interface driver kbtab
[   19.316431][    T1] usbcore: registered new interface driver pegasus_notetaker
[   19.318045][    T1] usbcore: registered new interface driver usbtouchscreen
[   19.319760][    T1] usbcore: registered new interface driver sur40
[   19.321382][    T1] usbcore: registered new interface driver ati_remote2
[   19.325382][    T1] cm109: Keymap for Komunikate KIP1000 phone loaded
[   19.326804][    T1] usbcore: registered new interface driver cm109
[   19.327624][    T1] cm109: CM109 phone driver: 20080805 (C) Alfred E. Heggestad
[   19.329101][    T1] usbcore: registered new interface driver ims_pcu
[   19.330484][    T1] usbcore: registered new interface driver keyspan_remote
[   19.331947][    T1] usbcore: registered new interface driver powermate
[   19.334033][    T1] usbcore: registered new interface driver yealink
[   19.339949][    T1] rtc_cmos 00:05: RTC can wake from S4
[   19.348813][    T1] rtc_cmos 00:05: registered as rtc0
[   19.349559][    T1] rtc_cmos 00:05: alarms up to one day, y3k, 242 bytes nvram, hpet irqs
[   19.352043][    T1] i2c_dev: i2c /dev entries driver
[   19.354791][    T1] usbcore: registered new interface driver i2c-diolan-u2c
[   19.358440][    T1] usbcore: registered new interface driver i2c-cp2615
[   19.360088][    T1] usbcore: registered new interface driver RobotFuzz Open Source InterFace, OSIF
[   19.362051][    T1] usbcore: registered new interface driver i2c-tiny-usb
[   19.367641][    T1] usbcore: registered new interface driver igorplugusb
[   19.369045][    T1] usbcore: registered new interface driver iguanair
[   19.370472][    T1] usbcore: registered new interface driver imon
[   19.371786][    T1] usbcore: registered new interface driver imon_raw
[   19.376305][    T1] usbcore: registered new interface driver mceusb
[   19.377640][    T1] usbcore: registered new interface driver redrat3
[   19.379018][    T1] usbcore: registered new interface driver streamzap
[   19.381117][    T1] usbcore: registered new interface driver ir_toy
[   19.383352][    T1] usbcore: registered new interface driver ttusbir
[   19.384706][    T1] usbcore: registered new interface driver ati_remote
[   19.386093][    T1] usbcore: registered new interface driver xbox_remote
[   19.387844][    T1] b2c2-flexcop: B2C2 FlexcopII/II(b)/III digital TV receiver chip loaded successfully
[   19.391277][    T1] usbcore: registered new interface driver b2c2_flexcop_usb
[   19.393800][    T1] usbcore: registered new interface driver dvb_usb_vp7045
[   19.395244][    T1] usbcore: registered new interface driver dvb_usb_vp702x
[   19.396720][    T1] usbcore: registered new interface driver dvb_usb_gp8psk
[   19.398177][    T1] usbcore: registered new interface driver dvb_usb_dtt200u
[   19.399657][    T1] usbcore: registered new interface driver dvb_usb_a800
[   19.401193][    T1] usbcore: registered new interface driver dvb_usb_dibusb_mb
[   19.402744][    T1] usbcore: registered new interface driver dvb_usb_dibusb_mc
[   19.404226][    T1] usbcore: registered new interface driver dvb_usb_nova_t_usb2
[   19.405723][    T1] usbcore: registered new interface driver dvb_usb_umt_010
[   19.407185][    T1] usbcore: registered new interface driver dvb_usb_m920x
[   19.408615][    T1] usbcore: registered new interface driver dvb_usb_digitv
[   19.410106][    T1] usbcore: registered new interface driver dvb_usb_cxusb
[   19.411561][    T1] usbcore: registered new interface driver dvb_usb_ttusb2
[   19.414232][    T1] usbcore: registered new interface driver dvb_usb_dib0700
[   19.415660][    T1] usbcore: registered new interface driver opera1
[   19.417045][    T1] usbcore: registered new interface driver dvb_usb_af9005
[   19.417925][    T1] failing symbol_get of non-GPLONLY symbol af9005_rc_decode.
[   19.419466][    T1] failing symbol_get of non-GPLONLY symbol af9005_rc_decode.
[   19.420377][    T1] failing symbol_get of non-GPLONLY symbol rc_map_af9005_table.
[   19.421955][    T1] failing symbol_get of non-GPLONLY symbol rc_map_af9005_table.
[   19.423003][    T1] failing symbol_get of non-GPLONLY symbol rc_map_af9005_table_size.
[   19.424735][    T1] failing symbol_get of non-GPLONLY symbol rc_map_af9005_table_size.
[   19.425722][    T1] af9005: af9005_rc_decode function not found, disabling remote
[   19.427222][    T1] usbcore: registered new interface driver pctv452e
[   19.428656][    T1] usbcore: registered new interface driver dw2102
[   19.429989][    T1] usbcore: registered new interface driver dvb_usb_dtv5100
[   19.431412][    T1] usbcore: registered new interface driver cinergyT2
[   19.432839][    T1] usbcore: registered new interface driver dvb_usb_az6027
[   19.434269][    T1] usbcore: registered new interface driver dvb_usb_technisat_usb2
[   19.435864][    T1] usbcore: registered new interface driver dvb_usb_af9015
[   19.437343][    T1] usbcore: registered new interface driver dvb_usb_af9035
[   19.438713][    T1] usbcore: registered new interface driver dvb_usb_anysee
[   19.440072][    T1] usbcore: registered new interface driver dvb_usb_au6610
[   19.441438][    T1] usbcore: registered new interface driver dvb_usb_az6007
[   19.442913][    T1] usbcore: registered new interface driver dvb_usb_ce6230
[   19.444304][    T1] usbcore: registered new interface driver dvb_usb_ec168
[   19.445672][    T1] usbcore: registered new interface driver dvb_usb_lmedm04
[   19.447058][    T1] usbcore: registered new interface driver dvb_usb_gl861
[   19.448525][    T1] usbcore: registered new interface driver dvb_usb_mxl111sf
[   19.450066][    T1] usbcore: registered new interface driver dvb_usb_rtl28xxu
[   19.451499][    T1] usbcore: registered new interface driver dvb_usb_dvbsky
[   19.452898][    T1] usbcore: registered new interface driver zd1301
[   19.454230][    T1] usbcore: registered new interface driver s2255
[   19.455714][    T1] usbcore: registered new interface driver smsusb
[   19.457044][    T1] usbcore: registered new interface driver ttusb
[   19.458368][    T1] usbcore: registered new interface driver ttusb-dec
[   19.459747][    T1] usbcore: registered new interface driver Abilis Systems as10x usb driver
[   19.461336][    T1] usbcore: registered new interface driver airspy
[   19.462125][    T1] gspca_main: v2.14.0 registered
[   19.463296][    T1] usbcore: registered new interface driver benq
[   19.464615][    T1] usbcore: registered new interface driver conex
[   19.465934][    T1] usbcore: registered new interface driver cpia1
[   19.467281][    T1] usbcore: registered new interface driver dtcs033
[   19.468621][    T1] usbcore: registered new interface driver etoms
[   19.470014][    T1] usbcore: registered new interface driver finepix
[   19.471354][    T1] usbcore: registered new interface driver jeilinj
[   19.472777][    T1] usbcore: registered new interface driver jl2005bcd
[   19.474139][    T1] usbcore: registered new interface driver kinect
[   19.475473][    T1] usbcore: registered new interface driver konica
[   19.476798][    T1] usbcore: registered new interface driver mars
[   19.479184][    T1] usbcore: registered new interface driver mr97310a
[   19.480566][    T1] usbcore: registered new interface driver nw80x
[   19.481973][    T1] usbcore: registered new interface driver ov519
[   19.483354][    T1] usbcore: registered new interface driver ov534
[   19.484681][    T1] usbcore: registered new interface driver ov534_9
[   19.486064][    T1] usbcore: registered new interface driver pac207
[   19.487449][    T1] usbcore: registered new interface driver gspca_pac7302
[   19.488881][    T1] usbcore: registered new interface driver pac7311
[   19.490242][    T1] usbcore: registered new interface driver se401
[   19.491577][    T1] usbcore: registered new interface driver sn9c2028
[   19.493104][    T1] usbcore: registered new interface driver gspca_sn9c20x
[   19.494588][    T1] usbcore: registered new interface driver sonixb
[   19.496059][    T1] usbcore: registered new interface driver sonixj
[   19.497465][    T1] usbcore: registered new interface driver spca500
[   19.498847][    T1] usbcore: registered new interface driver spca501
[   19.500504][    T1] usbcore: registered new interface driver spca505
[   19.501858][    T1] usbcore: registered new interface driver spca506
[   19.503248][    T1] usbcore: registered new interface driver spca508
[   19.504638][    T1] usbcore: registered new interface driver spca561
[   19.505995][    T1] usbcore: registered new interface driver spca1528
[   19.507359][    T1] usbcore: registered new interface driver sq905
[   19.508687][    T1] usbcore: registered new interface driver sq905c
[   19.510034][    T1] usbcore: registered new interface driver sq930x
[   19.511569][    T1] usbcore: registered new interface driver sunplus
[   19.512952][    T1] usbcore: registered new interface driver stk014
[   19.514294][    T1] usbcore: registered new interface driver stk1135
[   19.515637][    T1] usbcore: registered new interface driver stv0680
[   19.516998][    T1] usbcore: registered new interface driver t613
[   19.518330][    T1] usbcore: registered new interface driver gspca_topro
[   19.519746][    T1] usbcore: registered new interface driver touptek
[   19.521121][    T1] usbcore: registered new interface driver tv8532
[   19.523146][    T1] usbcore: registered new interface driver vc032x
[   19.524516][    T1] usbcore: registered new interface driver vicam
[   19.525862][    T1] usbcore: registered new interface driver xirlink-cit
[   19.527463][    T1] usbcore: registered new interface driver gspca_zc3xx
[   19.528846][    T1] usbcore: registered new interface driver ALi m5602
[   19.530250][    T1] usbcore: registered new interface driver STV06xx
[   19.531605][    T1] usbcore: registered new interface driver gspca_gl860
[   19.533063][    T1] usbcore: registered new interface driver hackrf
[   19.534423][    T1] usbcore: registered new interface driver msi2500
[   19.535883][    T1] usbcore: registered new interface driver Philips webcam
[   19.537679][    T1] usbcore: registered new interface driver uvcvideo
[   19.538491][    T1] au0828: au0828 driver loaded
[   19.539728][    T1] usbcore: registered new interface driver au0828
[   19.541185][    T1] usbcore: registered new interface driver cx231xx
[   19.543479][    T1] usbcore: registered new interface driver em28xx
[   19.544303][    T1] em28xx: Registered (Em28xx v4l2 Extension) extension
[   19.545142][    T1] em28xx: Registered (Em28xx Audio Extension) extension
[   19.545990][    T1] em28xx: Registered (Em28xx dvb Extension) extension
[   19.546816][    T1] em28xx: Registered (Em28xx Input Extension) extension
[   19.549327][    T1] usbcore: registered new interface driver go7007
[   19.550697][    T1] usbcore: registered new interface driver go7007-loader
[   19.552343][    T1] usbcore: registered new interface driver hdpvr
[   19.554783][    T1] usbcore: registered new interface driver pvrusb2
[   19.555592][    T1] pvrusb2: V4L in-tree version:Hauppauge WinTV-PVR-USB2 MPEG2 Encoder/Tuner
[   19.556648][    T1] pvrusb2: Debug mask is 31 (0x1f)
[   19.557878][    T1] usbcore: registered new interface driver stk1160
[   19.559238][    T1] usbcore: registered new interface driver usbtv
[   19.564011][    T1] dvbdev: DVB: registering new adapter (dvb_vidtv_bridge)
[   19.568753][    T1] i2c i2c-0: DVB: registering adapter 0 frontend 0 (Dummy demod for DVB-T/T2/C/S/S2)...
[   19.570329][    T1] dvbdev: dvb_create_media_entity: media entity 'Dummy demod for DVB-T/T2/C/S/S2' registered.
[   19.582549][    T1] dvbdev: dvb_create_media_entity: media entity 'dvb-demux' registered.
[   19.597074][    T1] vidtv vidtv.0: Successfully initialized vidtv!
[   19.600580][    T1] vicodec vicodec.0: Device 'stateful-encoder' registered as /dev/video0
[   19.603081][    T1] vicodec vicodec.0: Device 'stateful-decoder' registered as /dev/video1
[   19.605126][    T1] vicodec vicodec.0: Device 'stateless-decoder' registered as /dev/video2
[   19.610216][    T1] vim2m vim2m.0: Device registered as /dev/video3
[   19.640205][    T1] vivid-000: using single planar format API
[   19.661721][    T1] vivid-000: CEC adapter cec0 registered for HDMI input
[   19.663847][    T1] vivid-000: V4L2 capture device registered as video7
[   19.665696][    T1] vivid-000: CEC adapter cec1 registered for HDMI output 0
[   19.667626][    T1] vivid-000: V4L2 output device registered as video8
[   19.669456][    T1] vivid-000: V4L2 capture device registered as vbi0, supports raw and sliced VBI
[   19.671591][    T1] vivid-000: V4L2 output device registered as vbi1, supports raw and sliced VBI
[   19.674163][    T1] vivid-000: V4L2 capture device registered as swradio0
[   19.676502][    T1] vivid-000: V4L2 receiver device registered as radio0
[   19.678622][    T1] vivid-000: V4L2 transmitter device registered as radio1
[   19.680746][    T1] vivid-000: V4L2 metadata capture device registered as video9
[   19.682872][    T1] vivid-000: V4L2 metadata output device registered as video10
[   19.685195][    T1] vivid-000: V4L2 touch capture device registered as v4l-touch0
[   19.689824][    T1] usbcore: registered new interface driver radioshark2
[   19.691512][    T1] usbcore: registered new interface driver radioshark
[   19.693225][    T1] usbcore: registered new interface driver radio-si470x
[   19.695369][    T1] usbcore: registered new interface driver radio-usb-si4713
[   19.697085][    T1] usbcore: registered new interface driver dsbr100
[   19.698910][    T1] usbcore: registered new interface driver radio-keene
[   19.700591][    T1] usbcore: registered new interface driver radio-ma901
[   19.702279][    T1] usbcore: registered new interface driver radio-mr800
[   19.703935][    T1] usbcore: registered new interface driver radio-raremono
[   19.708746][    T1] usbcore: registered new interface driver powerz
[   19.710377][    T1] usbcore: registered new interface driver pcwd_usb
[   19.714587][    T1] device-mapper: core: CONFIG_IMA_DISABLE_HTABLE is disabled. Duplicate IMA measurements will not be recorded in the IMA log.
[   19.716234][    T1] device-mapper: uevent: version 1.0.3
[   19.718608][    T1] device-mapper: ioctl: 4.49.0-ioctl (2025-01-17) initialised: dm-devel@lists.linux.dev
[   19.721576][    T1] device-mapper: multipath round-robin: version 1.2.0 loaded
[   19.722536][    T1] device-mapper: multipath queue-length: version 0.2.0 loaded
[   19.723466][    T1] device-mapper: multipath service-time: version 0.3.0 loaded
[   19.726048][    T1] Bluetooth: HCI UART driver ver 2.3
[   19.726706][    T1] Bluetooth: HCI UART protocol H4 registered
[   19.727464][    T1] Bluetooth: HCI UART protocol BCSP registered
[   19.729710][    T1] Bluetooth: HCI UART protocol LL registered
[   19.730931][    T1] Bluetooth: HCI UART protocol Three-wire (H5) registered
[   19.735037][    T1] Bluetooth: HCI UART protocol QCA registered
[   19.735789][    T1] Bluetooth: HCI UART protocol AG6XX registered
[   19.736749][    T1] Bluetooth: HCI UART protocol Marvell registered
[   19.737603][ T1167] input: ImExPS/2 Generic Explorer Mouse as /devices/platform/i8042/serio1/input/input3
[   19.740461][    T1] usbcore: registered new interface driver bcm203x
[   19.743888][    T1] usbcore: registered new interface driver bpa10x
[   19.746958][    T1] usbcore: registered new interface driver bfusb
