bash: warning: setlocale: LC_ALL: cannot change locale (en_US.UTF-8)
c[?7l[2J[0mSeaBIOS (version 1.16.2-debian-1.16.2-1)
Booting from ROM...
c[?7l[2Jearly console in extract_kernel
input_data: 0x0000000014fcb2a3
input_len: 0x000000000621bc0f
output: 0x0000000001000000
output_len: 0x0000000012c9ccd8
kernel_total_size: 0x000000001a228000
needed_size: 0x000000001a400000
trampoline_32bit: 0x0000000000000000

Decompressing Linux... Parsing ELF... done.
Booting the kernel (entry_offset: 0x000000000a74fc74).
[    0.000000][    T0] Linux version 6.15.0-g0f70f5b08a47-dirty (root@buildkitsandbox) (gcc (Debian 12.2.0-14+deb12u1) 12.2.0, GNU ld (GNU Binutils for Debian) 2.40) #1 SMP PREEMPT_DYNAMIC Sun May 24 21:34:12 UTC 2026
[    0.000000][    T0] Command line: console=ttyS0 oops=panic panic=86400 nokaslr earlyprintk=serial rdinit=/init
[    0.000000][    T0] KERNEL supported cpus:
[    0.000000][    T0]   Intel GenuineIntel
[    0.000000][    T0]   AMD AuthenticAMD
[    0.000000][    T0] x86 CPU feature dependency check failure: CPU0 has '18*32+31' enabled but '18*32+26' disabled. Kernel might be fine, but no guarantees.
[    0.000000][    T0] BIOS-provided physical RAM map:
[    0.000000][    T0] BIOS-e820: [mem 0x0000000000000000-0x000000000009fbff] usable
[    0.000000][    T0] BIOS-e820: [mem 0x000000000009fc00-0x000000000009ffff] reserved
[    0.000000][    T0] BIOS-e820: [mem 0x00000000000f0000-0x00000000000fffff] reserved
[    0.000000][    T0] BIOS-e820: [mem 0x0000000000100000-0x000000007ffdffff] usable
[    0.000000][    T0] BIOS-e820: [mem 0x000000007ffe0000-0x000000007fffffff] reserved
[    0.000000][    T0] BIOS-e820: [mem 0x00000000feffc000-0x00000000feffffff] reserved
[    0.000000][    T0] BIOS-e820: [mem 0x00000000fffc0000-0x00000000ffffffff] reserved
[    0.000000][    T0] BIOS-e820: [mem 0x000000fd00000000-0x000000ffffffffff] reserved
[    0.000000][    T0] printk: legacy bootconsole [earlyser0] enabled
[    0.000000][    T0] NX (Execute Disable) protection: active
[    0.000000][    T0] APIC: Static calls initialized
[    0.000000][    T0] SMBIOS 2.8 present.
[    0.000000][    T0] DMI: QEMU Standard PC (i440FX + PIIX, 1996), BIOS 1.16.2-debian-1.16.2-1 04/01/2014
[    0.000000][    T0] DMI: Memory slots populated: 1/1
[    0.000000][    T0] Hypervisor detected: KVM
[    0.000000][    T0] kvm-clock: Using msrs 4b564d01 and 4b564d00
[    0.000002][    T0] kvm-clock: using sched offset of 1187815002 cycles
[    0.000683][    T0] clocksource: kvm-clock: mask: 0xffffffffffffffff max_cycles: 0x1cd42e4dffb, max_idle_ns: 881590591483 ns
[    0.002733][    T0] tsc: Detected 3493.436 MHz processor
[    0.011163][    T0] last_pfn = 0x7ffe0 max_arch_pfn = 0x400000000
[    0.011909][    T0] MTRR map: 4 entries (3 fixed + 1 variable; max 19), built from 8 variable MTRRs
[    0.012954][    T0] x86/PAT: Configuration [0-7]: WB  WC  UC- UC  WB  WP  UC- WT  
[    0.017161][    T0] found SMP MP-table at [mem 0x000f5ba0-0x000f5baf]
[    0.017929][    T0] Using GB pages for direct mapping
[    0.020600][    T0] RAMDISK: [mem 0x7fe4a000-0x7ffdffff]
[    0.021227][    T0] ACPI: Early table checksum verification disabled
[    0.021969][    T0] ACPI: RSDP 0x00000000000F59D0 000014 (v00 BOCHS )
[    0.022726][    T0] ACPI: RSDT 0x000000007FFE1B33 000034 (v01 BOCHS  BXPC     00000001 BXPC 00000001)
[    0.023805][    T0] ACPI: FACP 0x000000007FFE19DF 000074 (v01 BOCHS  BXPC     00000001 BXPC 00000001)
[    0.024887][    T0] ACPI: DSDT 0x000000007FFE0040 00199F (v01 BOCHS  BXPC     00000001 BXPC 00000001)
[    0.025977][    T0] ACPI: FACS 0x000000007FFE0000 000040
[    0.026605][    T0] ACPI: APIC 0x000000007FFE1A53 000080 (v01 BOCHS  BXPC     00000001 BXPC 00000001)
[    0.027683][    T0] ACPI: HPET 0x000000007FFE1AD3 000038 (v01 BOCHS  BXPC     00000001 BXPC 00000001)
[    0.028762][    T0] ACPI: WAET 0x000000007FFE1B0B 000028 (v01 BOCHS  BXPC     00000001 BXPC 00000001)
[    0.029865][    T0] ACPI: Reserving FACP table memory at [mem 0x7ffe19df-0x7ffe1a52]
[    0.030753][    T0] ACPI: Reserving DSDT table memory at [mem 0x7ffe0040-0x7ffe19de]
[    0.031640][    T0] ACPI: Reserving FACS table memory at [mem 0x7ffe0000-0x7ffe003f]
[    0.032534][    T0] ACPI: Reserving APIC table memory at [mem 0x7ffe1a53-0x7ffe1ad2]
[    0.033433][    T0] ACPI: Reserving HPET table memory at [mem 0x7ffe1ad3-0x7ffe1b0a]
[    0.034324][    T0] ACPI: Reserving WAET table memory at [mem 0x7ffe1b0b-0x7ffe1b32]
[    0.036029][    T0] No NUMA configuration found
[    0.036555][    T0] Faking a node at [mem 0x0000000000000000-0x000000007ffdffff]
[    0.037418][    T0] NODE_DATA(0) allocated [mem 0x7fe44800-0x7fe49c7f]
[    0.041702][    T0] Zone ranges:
[    0.042111][    T0]   DMA      [mem 0x0000000000001000-0x0000000000ffffff]
[    0.042906][    T0]   DMA32    [mem 0x0000000001000000-0x000000007ffdffff]
[    0.043704][    T0]   Normal   empty
[    0.044122][    T0]   Device   empty
[    0.044551][    T0] Movable zone start for each node
[    0.045167][    T0] Early memory node ranges
[    0.045663][    T0]   node   0: [mem 0x0000000000001000-0x000000000009efff]
[    0.046474][    T0]   node   0: [mem 0x0000000000100000-0x000000007ffdffff]
[    0.047276][    T0] Initmem setup node 0 [mem 0x0000000000001000-0x000000007ffdffff]
[    0.048199][    T0] On node 0, zone DMA: 1 pages in unavailable ranges
[    0.049178][    T0] On node 0, zone DMA: 97 pages in unavailable ranges
[    0.074746][    T0] On node 0, zone DMA32: 32 pages in unavailable ranges
[    0.112019][    T0] kasan: KernelAddressSanitizer initialized
[    0.112973][    T0] ACPI: PM-Timer IO Port: 0x608
[    0.113545][    T0] ACPI: LAPIC_NMI (acpi_id[0xff] dfl dfl lint[0x1])
[    0.114327][    T0] IOAPIC[0]: apic_id 0, version 17, address 0xfec00000, GSI 0-23
[    0.115207][    T0] ACPI: INT_SRC_OVR (bus 0 bus_irq 0 global_irq 2 dfl dfl)
[    0.116019][    T0] ACPI: INT_SRC_OVR (bus 0 bus_irq 5 global_irq 5 high level)
[    0.116859][    T0] ACPI: INT_SRC_OVR (bus 0 bus_irq 9 global_irq 9 high level)
[    0.117705][    T0] ACPI: INT_SRC_OVR (bus 0 bus_irq 10 global_irq 10 high level)
[    0.118563][    T0] ACPI: INT_SRC_OVR (bus 0 bus_irq 11 global_irq 11 high level)
[    0.119433][    T0] ACPI: Using ACPI (MADT) for SMP configuration information
[    0.120250][    T0] ACPI: HPET id: 0x8086a201 base: 0xfed00000
[    0.120926][    T0] TSC deadline timer available
[    0.121470][    T0] CPU topo: Max. logical packages:   1
[    0.122092][    T0] CPU topo: Max. logical dies:       1
[    0.122705][    T0] CPU topo: Max. dies per package:   1
[    0.123327][    T0] CPU topo: Max. threads per core:   1
[    0.123946][    T0] CPU topo: Num. cores per package:     2
[    0.124592][    T0] CPU topo: Num. threads per package:   2
[    0.125240][    T0] CPU topo: Allowing 2 present CPUs plus 0 hotplug CPUs
[    0.126070][    T0] kvm-guest: APIC: eoi() replaced with kvm_guest_apic_eoi_write()
[    0.126994][    T0] kvm-guest: KVM setup pv remote TLB flush
[    0.127653][    T0] kvm-guest: setup PV sched yield
[    0.128246][    T0] PM: hibernation: Registered nosave memory: [mem 0x00000000-0x00000fff]
[    0.129232][    T0] PM: hibernation: Registered nosave memory: [mem 0x0009f000-0x000fffff]
[    0.130184][    T0] [mem 0x80000000-0xfeffbfff] available for PCI devices
[    0.130965][    T0] Booting paravirtualized kernel on KVM
[    0.131591][    T0] clocksource: refined-jiffies: mask: 0xffffffff max_cycles: 0xffffffff, max_idle_ns: 19112604462750000 ns
[    0.180850][    T0] setup_percpu: NR_CPUS:8 nr_cpumask_bits:2 nr_cpu_ids:2 nr_node_ids:1
[    0.182132][    T0] percpu: Embedded 71 pages/cpu s253512 r8192 d29112 u1048576
[    0.183125][    T0] kvm-guest: PV spinlocks enabled
[    0.183724][    T0] PV qspinlock hash table entries: 256 (order: 0, 4096 bytes, linear)
[    0.184689][    T0] Kernel command line: console=ttyS0 oops=panic panic=86400 nokaslr earlyprintk=serial rdinit=/init
[    0.186584][    T0] random: crng init done
[    0.187086][    T0] printk: log buffer data + meta data: 262144 + 917504 = 1179648 bytes
[    0.188202][    T0] Dentry cache hash table entries: 262144 (order: 9, 2097152 bytes, linear)
[    0.189429][    T0] Inode-cache hash table entries: 131072 (order: 8, 1048576 bytes, linear)
[    0.190599][    T0] Fallback order for Node 0: 0 
[    0.190611][    T0] Built 1 zonelists, mobility grouping on.  Total pages: 524158
[    0.192060][    T0] Policy zone: DMA32
[    0.192769][    T0] mem auto-init: stack:all(zero), heap alloc:on, heap free:off
[    0.193655][    T0] stackdepot: allocating hash table via alloc_large_system_hash
[    0.194546][    T0] stackdepot hash table entries: 1048576 (order: 12, 16777216 bytes, linear)
[    0.296692][    T0] SLUB: HWalign=64, Order=0-3, MinObjects=0, CPUs=2, Nodes=1
[    0.300993][    T0] allocated 4194304 bytes of page_ext
[    0.302208][    T0] Dynamic Preempt: full
[    0.303229][    T0] Running RCU self tests
[    0.303730][    T0] Running RCU synchronous self tests
[    0.304356][    T0] rcu: Preemptible hierarchical RCU implementation.
[    0.305147][    T0] rcu: 	RCU lockdep checking is enabled.
[    0.305806][    T0] rcu: 	RCU restricting CPUs from NR_CPUS=8 to nr_cpu_ids=2.
[    0.306670][    T0] rcu: 	RCU callback double-/use-after-free debug is enabled.
[    0.307539][    T0] rcu: 	RCU debug extended QS entry/exit.
[    0.308215][    T0] 	Trampoline variant of Tasks RCU enabled.
[    0.308904][    T0] 	Tracing variant of Tasks RCU enabled.
[    0.309611][    T0] rcu: RCU calculated value of scheduler-enlistment delay is 10 jiffies.
[    0.310602][    T0] rcu: Adjusting geometry for rcu_fanout_leaf=16, nr_cpu_ids=2
[    0.311557][    T0] Running RCU synchronous self tests
[    0.312188][    T0] RCU Tasks: Setting shift to 1 and lim to 1 rcu_task_cb_adjust=1 rcu_task_cpu_ids=2.
[    0.313321][    T0] RCU Tasks Trace: Setting shift to 1 and lim to 1 rcu_task_cb_adjust=1 rcu_task_cpu_ids=2.
[    0.434215][    T0] NR_IRQS: 4352, nr_irqs: 440, preallocated irqs: 16
[    0.435612][    T0] rcu: srcu_init: Setting srcu_struct sizes based on contention.
[    0.436886][    T0] kfence: initialized - using 2097152 bytes for 255 objects at 0x(____ptrval____)-0x(____ptrval____)
[    0.445951][    T0] Console: colour VGA+ 80x25
[    0.446570][    T0] printk: legacy console [ttyS0] enabled
[    0.446570][    T0] printk: legacy console [ttyS0] enabled
[    0.447874][    T0] printk: legacy bootconsole [earlyser0] disabled
[    0.447874][    T0] printk: legacy bootconsole [earlyser0] disabled
[    0.449383][    T0] Lock dependency validator: Copyright (c) 2006 Red Hat, Inc., Ingo Molnar
[    0.450384][    T0] ... MAX_LOCKDEP_SUBCLASSES:  8
[    0.450960][    T0] ... MAX_LOCK_DEPTH:          48
[    0.451555][    T0] ... MAX_LOCKDEP_KEYS:        8192
[    0.452165][    T0] ... CLASSHASH_SIZE:          4096
[    0.452773][    T0] ... MAX_LOCKDEP_ENTRIES:     1048576
[    0.453430][    T0] ... MAX_LOCKDEP_CHAINS:      1048576
[    0.454065][    T0] ... CHAINHASH_SIZE:          524288
[    0.454691][    T0]  memory used by lock dependency info: 106625 kB
[    0.455438][    T0]  memory used for stack traces: 8320 kB
[    0.456094][    T0]  per task-struct memory footprint: 1920 bytes
[    0.456891][    T0] ACPI: Core revision 20250404
[    0.457899][    T0] clocksource: hpet: mask: 0xffffffff max_cycles: 0xffffffff, max_idle_ns: 19112604467 ns
[    0.459291][    T0] APIC: Switch to symmetric I/O mode setup
[    0.460160][    T0] x2apic enabled
[    0.461015][    T0] APIC: Switched APIC routing to: physical x2apic
[    0.461783][    T0] kvm-guest: APIC: send_IPI_mask() replaced with kvm_send_ipi_mask()
[    0.462748][    T0] kvm-guest: APIC: send_IPI_mask_allbutself() replaced with kvm_send_ipi_mask_allbutself()
[    0.463926][    T0] kvm-guest: setup PV IPIs
[    0.465878][    T0] ..TIMER: vector=0x30 apic1=0 pin1=2 apic2=-1 pin2=-1
[    0.466701][    T0] clocksource: tsc-early: mask: 0xffffffffffffffff max_cycles: 0x325b186289d, max_idle_ns: 440795326624 ns
[    0.468025][    T0] Calibrating delay loop (skipped) preset value.. 6986.87 BogoMIPS (lpj=34934360)
[    0.469175][    T0] x86/cpu: User Mode Instruction Prevention (UMIP) activated
[    0.478186][    T0] Last level iTLB entries: 4KB 512, 2MB 255, 4MB 127
[    0.478949][    T0] Last level dTLB entries: 4KB 512, 2MB 255, 4MB 127, 1GB 0
[    0.479803][    T0] Speculative Store Bypass: Mitigation: Speculative Store Bypass disabled via prctl
[    0.480867][    T0] Speculative Return Stack Overflow: IBPB-extending microcode not applied!
[    0.481860][    T0] Speculative Return Stack Overflow: WARNING: See https://kernel.org/doc/html/latest/admin-guide/hw-vuln/srso.html for mitigation options.
[    0.481867][    T0] Spectre V2 : Mitigation: Retpolines
[    0.484069][    T0] RETBleed: Mitigation: untrained return thunk
[    0.484768][    T0] Speculative Return Stack Overflow: Vulnerable: Safe RET, no microcode
[    0.485716][    T0] Spectre V1 : Mitigation: usercopy/swapgs barriers and __user pointer sanitization
[    0.486777][    T0] Spectre V2 : Spectre v2 / SpectreRSB: Filling RSB on context switch and VMEXIT
[    0.488020][    T0] Spectre V2 : Enabling Speculation Barrier for firmware calls
[    0.488883][    T0] Spectre V2 : mitigation: Enabling conditional Indirect Branch Prediction Barrier
[    0.489944][    T0] x86/bugs: return thunk changed
[    0.490529][    T0] x86/fpu: Supporting XSAVE feature 0x001: 'x87 floating point registers'
[    0.491485][    T0] x86/fpu: Supporting XSAVE feature 0x002: 'SSE registers'
[    0.492304][    T0] x86/fpu: Supporting XSAVE feature 0x004: 'AVX registers'
[    0.493120][    T0] x86/fpu: xstate_offset[2]:  576, xstate_sizes[2]:  256
[    0.493942][    T0] x86/fpu: Enabled xstate features 0x7, context size is 832 bytes, using 'compacted' format.
[    0.877684][    T0] Freeing SMP alternatives memory: 128K
[    0.878028][    T0] pid_max: default: 32768 minimum: 301
[    0.879143][    T0] LSM: initializing lsm=lockdown,capability,landlock,yama,safesetid,tomoyo,smack,bpf,ima,evm
[    0.881184][    T0] landlock: Up and running.
[    0.881750][    T0] Yama: becoming mindful.
[    0.882784][    T0] TOMOYO Linux initialized
[    0.884667][    T0] Smack:  Initializing.
[    0.885183][    T0] Smack:  Netfilter enabled.
[    0.885753][    T0] Smack:  IPv6 Netfilter enabled.
[    0.889668][    T0] LSM support for eBPF active
[    0.891113][    T0] Mount-cache hash table entries: 4096 (order: 3, 32768 bytes, linear)
[    0.892135][    T0] Mountpoint-cache hash table entries: 4096 (order: 3, 32768 bytes, linear)
[    0.898717][    T0] Running RCU synchronous self tests
[    0.899376][    T0] Running RCU synchronous self tests
[    0.901033][    T1] smpboot: CPU0: AMD Ryzen Threadripper PRO 3975WX 32-Cores (family: 0x17, model: 0x31, stepping: 0x0)
[    0.906247][    T1] Performance Events: Fam17h+ core perfctr, AMD PMU driver.
[    0.907368][    T1] ... version:                0
[    0.907966][    T1] ... bit width:              48
[    0.908013][    T1] ... generic registers:      6
[    0.908013][    T1] ... value mask:             0000ffffffffffff
[    0.908013][    T1] ... max period:             00007fffffffffff
[    0.908013][    T1] ... fixed-purpose events:   0
[    0.908543][    T1] ... event mask:             000000000000003f
[    0.910751][    T1] signal: max sigframe size: 1776
[    0.911893][    T1] rcu: Hierarchical SRCU implementation.
[    0.912592][    T1] rcu: 	Max phase no-delay instances is 1000.
[    0.914304][    T1] Timer migration: 1 hierarchy levels; 8 children per group; 1 crossnode level
[    0.992040][    T1] smp: Bringing up secondary CPUs ...
[    0.999304][    T1] smpboot: x86: Booting SMP configuration:
[    1.000063][    T1] .... node  #0, CPUs:      #1
[    1.000380][    T1] smp: Brought up 1 node, 2 CPUs
[    1.000380][    T1] smpboot: Total of 2 processors activated (13973.74 BogoMIPS)
[    1.001211][    T1] Memory: 1285168K/2096632K available (171328K kernel code, 41442K rwdata, 39652K rodata, 27220K init, 122256K bss, 801228K reserved, 0K cma-reserved)
[    1.009774][    T1] devtmpfs: initialized
[    1.010866][    T1] x86/mm: Memory block size: 128MB
[    1.073934][    T1] Running RCU synchronous self tests
[    1.075260][    T1] Running RCU synchronous self tests
[    1.078358][    T1] Running RCU Tasks wait API self tests
[    1.079472][    T1] Running RCU Tasks Trace wait API self tests
[    1.128102][    T1] clocksource: jiffies: mask: 0xffffffff max_cycles: 0xffffffff, max_idle_ns: 19112604462750000 ns
[    1.130782][    T1] posixtimers hash table entries: 1024 (order: 4, 73728 bytes, linear)
[    1.132709][    T1] futex hash table entries: 512 (65536 bytes on 1 NUMA nodes, total 64 KiB, linear).
[    1.140930][    T1] PM: RTC time: 21:35:44, date: 2026-05-24
[    1.158372][    T1] NET: Registered PF_NETLINK/PF_ROUTE protocol family
[    1.167051][    T1] audit: initializing netlink subsys (disabled)
[    1.168239][   T30] audit: type=2000 audit(1779658544.573:1): state=initialized audit_enabled=0 res=1
[    1.172932][    T1] thermal_sys: Registered thermal governor 'step_wise'
[    1.178115][    T1] cpuidle: using governor menu
[    1.179848][    T1] NET: Registered PF_QIPCRTR protocol family
[    1.181606][    T1] dca service started, version 1.12.1
[    1.182477][    T1] PCI: Using configuration type 1 for base access
[    1.183264][    T1] PCI: Using configuration type 1 for extended access
[    1.198323][    T1] HugeTLB: allocation took 0ms with hugepage_allocation_threads=1
[    1.200191][    T1] HugeTLB: registered 1.00 GiB page size, pre-allocated 0 pages
[    1.201991][    T1] HugeTLB: 16380 KiB vmemmap can be freed for a 1.00 GiB page
[    1.203752][    T1] HugeTLB: registered 2.00 MiB page size, pre-allocated 0 pages
[    1.205549][    T1] HugeTLB: 28 KiB vmemmap can be freed for a 2.00 MiB page
[    1.209723][   T29] Callback from call_rcu_tasks_trace() invoked.
[    1.233994][    T1] raid6: skipped pq benchmark and selected avx2x4
[    1.235350][    T1] raid6: using avx2x2 recovery algorithm
[    1.240988][    T1] ACPI: Added _OSI(Module Device)
[    1.242042][    T1] ACPI: Added _OSI(Processor Device)
[    1.242705][    T1] ACPI: Added _OSI(Processor Aggregator Device)
[    1.308142][   T28] Callback from call_rcu_tasks() invoked.
[    1.342080][    T1] ACPI: 1 ACPI AML tables successfully acquired and loaded
[    1.371807][    T1] ACPI: Interpreter enabled
[    1.372940][    T1] ACPI: PM: (supports S0 S3 S4 S5)
[    1.373616][    T1] ACPI: Using IOAPIC for interrupt routing
[    1.374708][    T1] PCI: Using host bridge windows from ACPI; if necessary, use "pci=nocrs" and report a bug
[    1.375925][    T1] PCI: Using E820 reservations for host bridge windows
[    1.382464][    T1] ACPI: Enabled 2 GPEs in block 00 to 0F
[    1.587258][    T1] ACPI: PCI Root Bridge [PCI0] (domain 0000 [bus 00-ff])
[    1.588125][    T1] acpi PNP0A03:00: _OSC: OS supports [ExtendedConfig ASPM ClockPM Segments MSI HPX-Type3]
[    1.594203][    T1] PCI host bridge to bus 0000:00
[    1.595184][    T1] pci_bus 0000:00: root bus resource [io  0x0000-0x0cf7 window]
[    1.596155][    T1] pci_bus 0000:00: root bus resource [io  0x0d00-0xffff window]
[    1.597133][    T1] pci_bus 0000:00: root bus resource [mem 0x000a0000-0x000bffff window]
[    1.598047][    T1] pci_bus 0000:00: root bus resource [mem 0x80000000-0xfebfffff window]
[    1.599103][    T1] pci_bus 0000:00: root bus resource [mem 0x100000000-0x17fffffff window]
[    1.600178][    T1] pci_bus 0000:00: root bus resource [bus 00-ff]
[    1.601439][    T1] pci 0000:00:00.0: [8086:1237] type 00 class 0x060000 conventional PCI endpoint
[    1.668820][    T1] pci 0000:00:01.0: [8086:7000] type 00 class 0x060100 conventional PCI endpoint
[    1.735424][    T1] pci 0000:00:01.1: [8086:7010] type 00 class 0x010180 conventional PCI endpoint
[    1.737140][    T1] pci 0000:00:01.1: BAR 4 [io  0xc000-0xc00f]
[    1.737941][    T1] pci 0000:00:01.1: BAR 0 [io  0x01f0-0x01f7]: legacy IDE quirk
[    1.738033][    T1] pci 0000:00:01.1: BAR 1 [io  0x03f6]: legacy IDE quirk
[    1.738913][    T1] pci 0000:00:01.1: BAR 2 [io  0x0170-0x0177]: legacy IDE quirk
[    1.739862][    T1] pci 0000:00:01.1: BAR 3 [io  0x0376]: legacy IDE quirk
[    1.742693][    T1] pci 0000:00:01.3: [8086:7113] type 00 class 0x068000 conventional PCI endpoint
[    1.744328][    T1] pci 0000:00:01.3: quirk: [io  0x0600-0x063f] claimed by PIIX4 ACPI
[    1.745335][    T1] pci 0000:00:01.3: quirk: [io  0x0700-0x070f] claimed by PIIX4 SMB
[    1.748228][    T1] pci 0000:00:02.0: [1234:1111] type 00 class 0x030000 conventional PCI endpoint
[    1.750822][    T1] pci 0000:00:02.0: BAR 0 [mem 0xfd000000-0xfdffffff pref]
[    1.751758][    T1] pci 0000:00:02.0: BAR 2 [mem 0xfebf0000-0xfebf0fff]
[    1.752634][    T1] pci 0000:00:02.0: ROM [mem 0xfebe0000-0xfebeffff pref]
[    1.753791][    T1] pci 0000:00:02.0: Video device with shadowed ROM at [mem 0x000c0000-0x000dffff]
[    1.836564][    T1] ACPI: PCI: Interrupt link LNKA configured for IRQ 10
[    1.843687][    T1] ACPI: PCI: Interrupt link LNKB configured for IRQ 10
[    1.850479][    T1] ACPI: PCI: Interrupt link LNKC configured for IRQ 11
[    1.857264][    T1] ACPI: PCI: Interrupt link LNKD configured for IRQ 11
[    1.860379][    T1] ACPI: PCI: Interrupt link LNKS configured for IRQ 9
[    1.878948][    T1] iommu: Default domain type: Translated
[    1.879660][    T1] iommu: DMA domain TLB invalidation policy: lazy mode
[    1.883398][    T1] SCSI subsystem initialized
[    1.889747][    T1] ACPI: bus type USB registered
[    1.891242][    T1] usbcore: registered new interface driver usbfs
[    1.892444][    T1] usbcore: registered new interface driver hub
[    1.893488][    T1] usbcore: registered new device driver usb
[    1.896612][    T1] mc: Linux media interface: v0.10
[    1.897541][    T1] videodev: Linux video capture interface: v2.00
[    1.898967][    T1] pps_core: LinuxPPS API ver. 1 registered
[    1.899695][    T1] pps_core: Software ver. 5.3.6 - Copyright 2005-2007 Rodolfo Giometti <giometti@linux.it>
[    1.901040][    T1] PTP clock support registered
[    1.902887][    T1] EDAC MC: Ver: 3.0.0
[    1.909701][    T1] Advanced Linux Sound Architecture Driver Initialized.
[    1.918593][    T1] Bluetooth: Core ver 2.22
[    1.919425][    T1] NET: Registered PF_BLUETOOTH protocol family
[    1.920255][    T1] Bluetooth: HCI device and connection manager initialized
[    1.921369][    T1] Bluetooth: HCI socket layer initialized
[    1.922206][    T1] Bluetooth: L2CAP socket layer initialized
[    1.923093][    T1] Bluetooth: SCO socket layer initialized
[    1.924010][    T1] NET: Registered PF_ATMPVC protocol family
[    1.924848][    T1] NET: Registered PF_ATMSVC protocol family
[    1.925969][    T1] NetLabel: Initializing
[    1.926581][    T1] NetLabel:  domain hash size = 128
[    1.927344][    T1] NetLabel:  protocols = UNLABELED CIPSOv4 CALIPSO
[    1.928612][    T1] NetLabel:  unlabeled traffic allowed by default
[    1.932220][    T1] nfc: nfc_init: NFC Core ver 0.1
[    1.933630][    T1] NET: Registered PF_NFC protocol family
[    1.934573][    T1] mctp: management component transport protocol core
[    1.935504][    T1] NET: Registered PF_MCTP protocol family
[    1.936643][    T1] PCI: Using ACPI for IRQ routing
[    1.938376][    T1] pci 0000:00:02.0: vgaarb: setting as boot VGA device
[    1.939293][    T1] pci 0000:00:02.0: vgaarb: bridge control possible
[    1.940141][    T1] pci 0000:00:02.0: vgaarb: VGA device added: decodes=io+mem,owns=io+mem,locks=none
[    1.941339][    T1] vgaarb: loaded
[    1.943895][    T1] hpet0: at MMIO 0xfed00000, IRQs 2, 8, 0
[    1.944683][    T1] hpet0: 3 comparators, 64-bit 100.000000 MHz counter
[    1.950736][    T1] clocksource: Switched to clocksource kvm-clock
[    1.955995][    T1] VFS: Disk quotas dquot_6.6.0
[    1.956722][    T1] VFS: Dquot-cache hash table entries: 512 (order 0, 4096 bytes)
[    1.959395][    T1] netfs: FS-Cache loaded
[    1.961317][    T1] CacheFiles: Loaded
[    1.962510][    T1] TOMOYO: 2.6.0
[    1.963003][    T1] Mandatory Access Control activated.
[    1.964319][    T1] pnp: PnP ACPI init
[    1.983027][    T1] pnp: PnP ACPI: found 6 devices
[    2.055540][    T1] clocksource: acpi_pm: mask: 0xffffff max_cycles: 0xffffff, max_idle_ns: 2085701024 ns
[    2.057794][    T1] NET: Registered PF_INET protocol family
[    2.058942][    T1] IP idents hash table entries: 32768 (order: 6, 262144 bytes, linear)
[    2.065029][    T1] tcp_listen_portaddr_hash hash table entries: 1024 (order: 4, 73728 bytes, linear)
[    2.066399][    T1] Table-perturb hash table entries: 65536 (order: 6, 262144 bytes, linear)
[    2.067620][    T1] TCP established hash table entries: 16384 (order: 5, 131072 bytes, linear)
[    2.071036][    T1] TCP bind hash table entries: 16384 (order: 9, 2359296 bytes, linear)
[    2.074139][    T1] TCP: Hash tables configured (established 16384 bind 16384)
[    2.076413][    T1] MPTCP token hash table entries: 2048 (order: 5, 180224 bytes, linear)
[    2.077775][    T1] UDP hash table entries: 1024 (order: 6, 262144 bytes, linear)
[    2.079008][    T1] UDP-Lite hash table entries: 1024 (order: 6, 262144 bytes, linear)
[    2.081055][    T1] NET: Registered PF_UNIX/PF_LOCAL protocol family
[    2.084566][    T1] RPC: Registered named UNIX socket transport module.
[    2.085448][    T1] RPC: Registered udp transport module.
[    2.086149][    T1] RPC: Registered tcp transport module.
[    2.086854][    T1] RPC: Registered tcp-with-tls transport module.
[    2.087656][    T1] RPC: Registered tcp NFSv4.1 backchannel transport module.
[    2.093626][    T1] NET: Registered PF_XDP protocol family
[    2.094379][    T1] pci_bus 0000:00: resource 4 [io  0x0000-0x0cf7 window]
[    2.095283][    T1] pci_bus 0000:00: resource 5 [io  0x0d00-0xffff window]
[    2.096193][    T1] pci_bus 0000:00: resource 6 [mem 0x000a0000-0x000bffff window]
[    2.097181][    T1] pci_bus 0000:00: resource 7 [mem 0x80000000-0xfebfffff window]
[    2.098166][    T1] pci_bus 0000:00: resource 8 [mem 0x100000000-0x17fffffff window]
[    2.100647][    T1] pci 0000:00:01.0: PIIX3: Enabling Passive Release
[    2.101543][    T1] pci 0000:00:00.0: Limiting direct PCI/PCI transfers
[    2.102640][    T1] PCI: CLS 0 bytes, default 64
[    2.103551][    T1] ACPI: bus type thunderbolt registered
[    2.106629][    T1] kvm_intel: VMX not supported by CPU 0
[    2.107660][    T1] kvm_amd: Nested Virtualization enabled
[    2.108401][    T1] kvm_amd: Nested Paging enabled
[    2.123056][    T1] ------------[ cut here ]------------
[    2.123250][   T47] Trying to unpack rootfs image as initramfs...
[    2.123745][    T1] WARNING: CPU: 0 PID: 1 at ./arch/x86/include/asm/kvm-x86-ops.h:130 kvm_x86_vendor_init+0x275e/0x2b60
[    2.125948][    T1] Modules linked in:
[    2.126474][    T1] CPU: 0 UID: 0 PID: 1 Comm: swapper/0 Not tainted 6.15.0-g0f70f5b08a47-dirty #1 PREEMPT(full) 
[    2.127792][    T1] Hardware name: QEMU Standard PC (i440FX + PIIX, 1996), BIOS 1.16.2-debian-1.16.2-1 04/01/2014
[    2.129090][    T1] RIP: 0010:kvm_x86_vendor_init+0x275e/0x2b60
[    2.129887][    T1] Code: 0f 0b 90 e9 48 ee ff ff e8 5f 49 7c 00 90 0f 0b 90 e9 0f ee ff ff e8 51 49 7c 00 90 0f 0b 90 e9 d6 ed ff ff e8 43 49 7c 00 90 <0f> 0b 90 e9 01 ed ff ff e8 35 49 7c 00 90 0f 0b 90 e9 ae ec ff ff
[    2.132373][    T1] RSP: 0018:ffffc9000001fc80 EFLAGS: 00010293
[    2.133156][    T1] RAX: 0000000000000000 RBX: ffffffff92201a40 RCX: ffffffff817b2b53
[    2.134158][    T1] RDX: ffff88801bb80000 RSI: ffffffff813f0cfd RDI: 0000000000000005
[    2.135206][    T1] RBP: ffffc9000001fdc0 R08: 0000000000000005 R09: 0000000000000000
[    2.136213][    T1] R10: 0000000080000000 R11: 0000000000000001 R12: 0000000000000000
[    2.137222][    T1] R13: ffffffff92201a58 R14: ffffffff81e8bc80 R15: 0000000000000003
[    2.138227][    T1] FS:  0000000000000000(0000) GS:ffff8880d6bc4000(0000) knlGS:0000000000000000
[    2.139358][    T1] CS:  0010 DS: 0000 ES: 0000 CR0: 0000000080050033
[    2.140197][    T1] CR2: ffff88801b201000 CR3: 000000000e180000 CR4: 0000000000350ef0
[    2.141205][    T1] Call Trace:
[    2.141761][    T1]  <TASK>
[    2.142151][    T1]  ? __pfx_kvm_x86_vendor_init+0x10/0x10
[    2.142902][    T1]  ? srso_return_thunk+0x5/0x5f
[    2.143554][    T1]  ? srso_return_thunk+0x5/0x5f
[    2.144194][    T1]  ? migrate_enable+0x1ed/0x260
[    2.144852][    T1]  ? __pfx_add_device_randomness+0x10/0x10
[    2.145628][    T1]  ? srso_return_thunk+0x5/0x5f
[    2.146277][    T1]  ? __pfx_svm_init+0x10/0x10
[    2.146922][    T1]  svm_init+0x39/0x90
[    2.147470][    T1]  do_one_initcall+0x123/0x6e0
[    2.148095][    T1]  ? __pfx_do_one_initcall+0x10/0x10
[    2.148788][    T1]  ? __kmalloc_noprof+0x242/0x510
[    2.149462][    T1]  ? __x86_indirect_jump_thunk_r14+0x1/0x20
[    2.150246][    T1]  kernel_init_freeable+0x5c2/0x900
[    2.150929][    T1]  ? __pfx_kernel_init+0x10/0x10
[    2.151623][    T1]  kernel_init+0x1c/0x2b0
[    2.152218][    T1]  ? __pfx_kernel_init+0x10/0x10
[    2.152893][    T1]  ret_from_fork+0x5d7/0x6f0
[    2.153497][    T1]  ? __pfx_kernel_init+0x10/0x10
[    2.154160][    T1]  ret_from_fork_asm+0x1a/0x30
[    2.154799][    T1]  </TASK>
[    2.155194][    T1] irq event stamp: 149269
[    2.155742][    T1] hardirqs last  enabled at (149277): [<ffffffff819a661f>] __up_console_sem+0x8f/0xe0
[    2.156969][    T1] hardirqs last disabled at (149284): [<ffffffff819a6604>] __up_console_sem+0x74/0xe0
[    2.158192][    T1] softirqs last  enabled at (149090): [<ffffffff817cb32e>] handle_softirqs+0x5be/0x8e0
[    2.159444][    T1] softirqs last disabled at (149085): [<ffffffff817cb7e9>] __irq_exit_rcu+0x109/0x170
[    2.160670][    T1] ---[ end trace 0000000000000000 ]---
[    2.196479][    T1] clocksource: tsc: mask: 0xffffffffffffffff max_cycles: 0x325b186289d, max_idle_ns: 440795326624 ns
[    2.520106][   T47] Freeing initrd memory: 1624K
[    2.521736][   T70] kworker/u8:1 (70) used greatest stack depth: 28744 bytes left
[    2.523935][   T62] kworker/u8:1 (62) used greatest stack depth: 28360 bytes left
[    2.525509][   T75] kworker/u8:1 (75) used greatest stack depth: 28040 bytes left
[   14.571367][    T1] Initialise system trusted keyrings
[   14.574281][    T1] workingset: timestamp_bits=40 max_order=19 bucket_order=0
[   14.580930][    T1] DLM installed
[   14.585338][    T1] squashfs: version 4.0 (2009/01/31) Phillip Lougher
[   14.593756][    T1] NFS: Registering the id_resolver key type
[   14.595544][    T1] Key type id_resolver registered
[   14.596798][    T1] Key type id_legacy registered
[   14.598203][    T1] nfs4filelayout_init: NFSv4 File Layout Driver Registering...
[   14.600383][    T1] nfs4flexfilelayout_init: NFSv4 Flexfile Layout Driver Registering...
[   14.615631][    T1] Key type cifs.spnego registered
[   14.616534][    T1] Key type cifs.idmap registered
[   14.619209][    T1] ntfs3: Enabled Linux POSIX ACLs support
[   14.619895][    T1] ntfs3: Read-only LZX/Xpress compression included
[   14.620842][    T1] efs: 1.0a - http://aeschi.ch.eu.org/efs/
[   14.622857][    T1] jffs2: version 2.2. (NAND) (SUMMARY)  © 2001-2006 Red Hat, Inc.
[   14.624840][    T1] romfs: ROMFS MTD (C) 2007 Red Hat, Inc.
[   14.625697][    T1] QNX4 filesystem 0.2.3 registered.
[   14.626399][    T1] qnx6: QNX6 filesystem 1.0.0 registered.
[   14.627932][    T1] fuse: init (API version 7.43)
[   14.630939][    T1] orangefs_debugfs_init: called with debug mask: :none: :0:
[   14.633207][    T1] orangefs_init: module version upstream loaded
[   14.634663][    T1] JFS: nTxBlock = 8192, nTxLock = 65536
[   14.645981][    T1] SGI XFS with ACLs, security attributes, realtime, quota, no debug enabled
[   14.650321][    T1] 9p: Installing v9fs 9p2000 file system support
[   14.652407][    T1] NILFS version 2 loaded
[   14.652993][    T1] befs: version: 0.9.3
[   14.654096][    T1] ocfs2: Registered cluster interface o2cb
[   14.655603][    T1] ocfs2: Registered cluster interface user
[   14.656795][    T1] OCFS2 User DLM kernel interface loaded
[   14.676279][    T1] gfs2: GFS2 installed
[   14.685328][    T1] ceph: loaded (mds proto 32)
[   14.693509][    T1] cryptd: max_cpu_qlen set to 1000
[   14.740137][    T1] NET: Registered PF_ALG protocol family
[   14.741186][    T1] xor: automatically using best checksumming function   avx       
[   14.742205][    T1] async_tx: api initialized (async)
[   14.742860][    T1] Key type asymmetric registered
[   14.743492][    T1] Asymmetric key parser 'x509' registered
[   14.744219][    T1] Asymmetric key parser 'pkcs8' registered
[   14.744923][    T1] Key type pkcs7_test registered
[   14.745946][    T1] Block layer SCSI generic (bsg) driver version 0.4 loaded (major 238)
[   14.748511][    T1] io scheduler mq-deadline registered
[   14.749864][    T1] io scheduler kyber registered
[   14.751570][    T1] io scheduler bfq registered
[   14.768430][    T1] input: Power Button as /devices/LNXSYSTM:00/LNXPWRBN:00/input/input0
[   14.782844][    T1] ACPI: button: Power Button [PWRF]
[   14.785937][  T155] kworker/u8:2 (155) used greatest stack depth: 27160 bytes left
[   14.793561][  T167] kworker/u8:2 (167) used greatest stack depth: 27032 bytes left
[   14.796427][    T1] ioatdma: Intel(R) QuickData Technology Driver 5.00
[   15.206987][    T1] N_HDLC line discipline registered with maxframe=4096
[   15.207917][    T1] Serial: 8250/16550 driver, 4 ports, IRQ sharing enabled
[   15.212838][    T1] 00:04: ttyS0 at I/O 0x3f8 (irq = 4, base_baud = 115200) is a 16550A
[   15.244739][    T1] Non-volatile memory driver v1.3
[   15.245551][    T1] Linux agpgart interface v0.103
[   15.250545][    T1] usbcore: registered new interface driver xillyusb
[   15.256359][    T1] ACPI: bus type drm_connector registered
[   15.264149][    T1] [drm] Initialized vgem 1.0.0 for vgem on minor 0
[   15.272709][    T1] [drm] Initialized vkms 1.0.0 for vkms on minor 1
[   15.344048][    T1] Console: switching to colour frame buffer device 128x48
[   15.360784][    T1] platform vkms: [drm] fb0: vkmsdrmfb frame buffer device
[   15.362271][    T1] usbcore: registered new interface driver udl
[   15.365054][    T1] bochs-drm 0000:00:02.0: vgaarb: deactivate vga console
[   15.371863][    T1] [drm] Found bochs VGA, ID 0xb0c5.
[   15.373276][    T1] [drm] Framebuffer size 16384 kB @ 0xfd000000, mmio @ 0xfebf0000.
[   15.383856][    T1] [drm] Initialized bochs-drm 1.0.0 for 0000:00:02.0 on minor 2
[   15.421993][    T1] fbcon: bochs-drmdrmfb (fb1) is primary device
[   15.422014][    T1] fbcon: Remapping primary device, fb1, to tty 1-63
[   17.052453][    T1] bochs-drm 0000:00:02.0: [drm] fb1: bochs-drmdrmfb frame buffer device
[   17.055050][    T1] usbcore: registered new interface driver gm12u320
[   17.056342][    T1] usbcore: registered new interface driver gud
[   17.150258][    T1] brd: module loaded
[   17.258818][    T1] loop: module loaded
[   17.550713][    T1] zram: Added device: zram0
[   17.562721][    T1] null_blk: disk nullb0 created
[   17.563395][    T1] null_blk: module loaded
[   17.565514][    T1] Guest personality initialized and is inactive
[   17.567128][    T1] VMCI host device registered (name=vmci, major=10, minor=118)
[   17.568062][    T1] Initialized host personality
[   17.569075][    T1] usbcore: registered new interface driver rtsx_usb
[   17.572150][    T1] usbcore: registered new interface driver viperboard
[   17.573592][    T1] usbcore: registered new interface driver dln2
[   17.575332][    T1] usbcore: registered new interface driver pn533_usb
[   17.580743][    T1] nfcsim 0.2 initialized
[   17.581974][    T1] usbcore: registered new interface driver port100
[   17.583223][    T1] usbcore: registered new interface driver nfcmrvl
[   17.590418][    T1] Loading iSCSI transport class v2.0-870.
[   17.597581][    T1] st: Version 20160209, fixed bufsize 32768, s/g segs 256
[   17.638069][    T1] scsi host0: ata_piix
[   17.643272][    T1] scsi host1: ata_piix
[   17.646175][    T1] ata1: PATA max MWDMA2 cmd 0x1f0 ctl 0x3f6 bmdma 0xc000 irq 14 lpm-pol 0
[   17.647348][    T1] ata2: PATA max MWDMA2 cmd 0x170 ctl 0x376 bmdma 0xc008 irq 15 lpm-pol 0
[   17.656142][    T1] Rounding down aligned max_sectors from 4294967295 to 4294967288
[   17.658189][    T1] db_root: cannot open: /etc/target
[   17.660260][    T1] slram: not enough parameters.
[   17.667653][    T1] ftl_cs: FTL header not found.
[   17.715198][    T1] wireguard: WireGuard 1.0.0 loaded. See www.wireguard.com for information.
[   17.716347][    T1] wireguard: Copyright (C) 2015-2019 Jason A. Donenfeld <Jason@zx2c4.com>. All Rights Reserved.
[   17.717636][    T1] eql: Equalizer2002: Simon Janes (simon@ncm.com) and David S. Miller (davem@redhat.com)
[   17.730578][    T1] MACsec IEEE 802.1AE
[   17.759072][    T1] usbcore: registered new interface driver mvusb_mdio
[   17.760710][    T1] tun: Universal TUN/TAP device driver, 1.6
[   17.764836][    T1] vcan: Virtual CAN interface driver
[   17.765558][    T1] vxcan: Virtual CAN Tunnel driver
[   17.766247][    T1] slcan: serial line CAN interface driver
[   17.767032][    T1] CAN device driver interface
[   17.768156][    T1] usbcore: registered new interface driver usb_8dev
[   17.769634][    T1] usbcore: registered new interface driver ems_usb
[   17.771075][    T1] usbcore: registered new interface driver esd_usb
[   17.774836][    T1] usbcore: registered new interface driver etas_es58x
[   17.776130][    T1] usbcore: registered new interface driver f81604
[   17.777838][    T1] usbcore: registered new interface driver gs_usb
[   17.779105][    T1] usbcore: registered new interface driver kvaser_usb
[   17.780402][    T1] usbcore: registered new interface driver mcba_usb
[   17.781868][    T1] usbcore: registered new interface driver peak_usb
[   17.783147][    T1] usbcore: registered new interface driver ucan
[   17.784800][    T1] e100: Intel(R) PRO/100 Network Driver
[   17.785608][    T1] e100: Copyright(c) 1999-2006 Intel Corporation
[   17.786903][    T1] e1000: Intel(R) PRO/1000 Network Driver
[   17.787632][    T1] e1000: Copyright (c) 1999-2006 Intel Corporation.
[   17.789054][    T1] e1000e: Intel(R) PRO/1000 Network Driver
[   17.789793][    T1] e1000e: Copyright(c) 1999 - 2015 Intel Corporation.
[   17.792064][    T1] mkiss: AX.25 Multikiss, Hans Albas PE1AYX
[   17.792864][    T1] AX.25: bpqether driver version 004
[   17.793524][    T1] PPP generic driver version 2.4.2
[   17.795310][    T1] PPP BSD Compression module registered
[   17.796035][    T1] PPP Deflate Compression module registered
[   17.796826][    T1] PPP MPPE Compression module registered
[   17.797539][    T1] NET: Registered PF_PPPOX protocol family
[   17.798342][    T1] PPTP driver version 0.8.5
[   17.799501][    T1] SLIP: version 0.8.4-NET3.019-NEWTTY (dynamic channels, max=256) (6 bit encapsulation enabled).
[   17.801219][    T1] CSLIP: code copyright 1989 Regents of the University of California.
[   17.803040][ T1009] ata2: found unknown device (class 0)
[   17.804901][ T1009] ata2.00: ATAPI: QEMU DVD-ROM, 2.5+, max UDMA/100
[   17.806529][    T1] SLIP linefill/keepalive option.
[   17.807410][    T1] hdlc: HDLC support module revision 1.22
[   17.808169][    T1] LAPB Ethernet driver version 0.02
[   17.810996][    T1] usbcore: registered new interface driver ath9k_htc
[   17.811227][   T12] scsi 1:0:0:0: CD-ROM            QEMU     QEMU DVD-ROM     2.5+ PQ: 0 ANSI: 5
[   17.813056][    T1] usbcore: registered new interface driver carl9170
[   17.814357][    T1] usbcore: registered new interface driver ath6kl_usb
[   17.815994][    T1] usbcore: registered new interface driver ar5523
[   17.818247][    T1] usbcore: registered new interface driver ath10k_usb
[   17.820128][    T1] usbcore: registered new interface driver plfxlc
[   17.821373][    T1] mac80211_hwsim: initializing netlink
[   17.864412][    T1] usbcore: registered new interface driver atusb
[   17.886197][    T1] mac802154_hwsim mac802154_hwsim: Added 2 mac802154 hwsim hardware radios
[   17.888503][    T1] VMware vmxnet3 virtual NIC driver - version 1.9.0.0-k-NAPI
[   17.890487][    T1] usbcore: registered new interface driver catc
[   17.894724][    T1] usbcore: registered new interface driver kaweth
[   17.895536][    T1] pegasus: Pegasus/Pegasus II USB Ethernet driver
[   17.896912][   T12] sr 1:0:0:0: [sr0] scsi3-mmc drive: 4x/4x cd/rw xa/form2 tray
[   17.897648][    T1] usbcore: registered new interface driver pegasus
[   17.898127][   T12] cdrom: Uniform CD-ROM driver Revision: 3.20
[   17.899303][    T1] usbcore: registered new interface driver rtl8150
[   17.900876][    T1] usbcore: registered new device driver r8152-cfgselector
[   17.903824][    T1] usbcore: registered new interface driver r8152
[   17.905284][    T1] usbcore: registered new interface driver hso
[   17.906681][    T1] usbcore: registered new interface driver lan78xx
[   17.907950][    T1] usbcore: registered new interface driver asix
[   17.909172][    T1] usbcore: registered new interface driver ax88179_178a
[   17.910479][    T1] usbcore: registered new interface driver cdc_ether
[   17.911799][    T1] usbcore: registered new interface driver cdc_eem
[   17.913063][    T1] usbcore: registered new interface driver dm9601
[   17.914311][    T1] usbcore: registered new interface driver sr9700
[   17.915561][    T1] usbcore: registered new interface driver CoreChips
[   17.916818][    T1] usbcore: registered new interface driver smsc75xx
[   17.918204][    T1] usbcore: registered new interface driver smsc95xx
[   17.919912][    T1] usbcore: registered new interface driver gl620a
[   17.921974][    T1] usbcore: registered new interface driver net1080
[   17.923396][    T1] usbcore: registered new interface driver plusb
[   17.924620][    T1] usbcore: registered new interface driver rndis_host
[   17.925906][    T1] usbcore: registered new interface driver cdc_subset
[   17.927223][    T1] usbcore: registered new interface driver zaurus
[   17.928465][    T1] usbcore: registered new interface driver MOSCHIP usb-ethernet driver
[   17.929950][    T1] usbcore: registered new interface driver int51x1
[   17.931208][    T1] usbcore: registered new interface driver cdc_phonet
[   17.932522][    T1] usbcore: registered new interface driver kalmia
[   17.933765][    T1] usbcore: registered new interface driver ipheth
[   17.934965][    T1] usbcore: registered new interface driver sierra_net
[   17.936272][    T1] usbcore: registered new interface driver cx82310_eth
[   17.937652][    T1] usbcore: registered new interface driver cdc_ncm
[   17.938972][    T1] usbcore: registered new interface driver huawei_cdc_ncm
[   17.940329][    T1] usbcore: registered new interface driver lg-vl600
[   17.941650][    T1] usbcore: registered new interface driver qmi_wwan
[   17.942945][    T1] usbcore: registered new interface driver cdc_mbim
[   17.944265][    T1] usbcore: registered new interface driver ch9200
[   17.945868][    T1] usbcore: registered new interface driver aqc111
[   17.947538][    T1] usbcore: registered new interface driver r8153_ecm
[   17.964187][    T1] VFIO - User Level meta-driver version: 0.3
[   17.976556][    T1] aoe: AoE v85 initialised.
[   17.994027][   T12] sr 1:0:0:0: Attached scsi generic sg0 type 5
[   18.004353][    T1] usbcore: registered new interface driver cdc_acm
[   18.005177][    T1] cdc_acm: USB Abstract Control Model driver for USB modems and ISDN adapters
[   18.007109][    T1] usbcore: registered new interface driver usblp
[   18.008378][    T1] usbcore: registered new interface driver cdc_wdm
[   18.009661][    T1] usbcore: registered new interface driver usbtmc
[   18.011336][    T1] usbcore: registered new interface driver uas
[   18.015581][    T1] usbcore: registered new interface driver usb-storage
[   18.016844][    T1] usbcore: registered new interface driver ums-alauda
[   18.018102][    T1] usbcore: registered new interface driver ums-cypress
[   18.019379][    T1] usbcore: registered new interface driver ums-datafab
[   18.020677][    T1] usbcore: registered new interface driver ums_eneub6250
[   18.023179][    T1] usbcore: registered new interface driver ums-freecom
[   18.024456][    T1] usbcore: registered new interface driver ums-isd200
[   18.025693][    T1] usbcore: registered new interface driver ums-jumpshot
[   18.026962][    T1] usbcore: registered new interface driver ums-karma
[   18.028185][    T1] usbcore: registered new interface driver ums-onetouch
[   18.029444][    T1] usbcore: registered new interface driver ums-realtek
[   18.030703][    T1] usbcore: registered new interface driver ums-sddr09
[   18.031988][    T1] usbcore: registered new interface driver ums-sddr55
[   18.033241][    T1] usbcore: registered new interface driver ums-usbat
[   18.034611][    T1] usbcore: registered new interface driver mdc800
[   18.035416][    T1] mdc800: v0.7.5 (30/10/2000):USB Driver for Mustek MDC800 Digital Camera
[   18.036923][    T1] usbcore: registered new interface driver microtekX6
[   18.038547][    T1] usbcore: registered new interface driver usbserial_generic
[   18.039854][    T1] usbserial: USB Serial support registered for generic
[   18.041052][    T1] usbcore: registered new interface driver aircable
[   18.042122][    T1] usbserial: USB Serial support registered for aircable
[   18.043302][    T1] usbcore: registered new interface driver ark3116
[   18.044276][    T1] usbserial: USB Serial support registered for ark3116
[   18.045428][    T1] usbcore: registered new interface driver belkin_sa
[   18.046425][    T1] usbserial: USB Serial support registered for Belkin / Peracom / GoHubs USB Serial Adapter
[   18.047978][    T1] usbcore: registered new interface driver ch341
[   18.048952][    T1] usbserial: USB Serial support registered for ch341-uart
[   18.050152][    T1] usbcore: registered new interface driver cp210x
[   18.051432][    T1] usbserial: USB Serial support registered for cp210x
[   18.053512][    T1] usbcore: registered new interface driver cyberjack
[   18.054698][    T1] usbserial: USB Serial support registered for Reiner SCT Cyberjack USB card reader
[   18.056234][    T1] usbcore: registered new interface driver cypress_m8
[   18.057281][    T1] usbserial: USB Serial support registered for DeLorme Earthmate USB
[   18.058446][    T1] usbserial: USB Serial support registered for HID->COM RS232 Adapter
[   18.059653][    T1] usbserial: USB Serial support registered for Nokia CA-42 V2 Adapter
[   18.060961][    T1] usbcore: registered new interface driver usb_debug
[   18.062494][    T1] usbserial: USB Serial support registered for debug
[   18.063543][    T1] usbserial: USB Serial support registered for xhci_dbc
[   18.065119][    T1] usbcore: registered new interface driver digi_acceleport
[   18.066205][    T1] usbserial: USB Serial support registered for Digi 2 port USB adapter
[   18.067391][    T1] usbserial: USB Serial support registered for Digi 4 port USB adapter
[   18.068708][    T1] usbcore: registered new interface driver io_edgeport
[   18.069760][    T1] usbserial: USB Serial support registered for Edgeport 2 port adapter
[   18.071104][    T1] usbserial: USB Serial support registered for Edgeport 4 port adapter
[   18.073042][    T1] usbserial: USB Serial support registered for Edgeport 8 port adapter
[   18.074229][    T1] usbserial: USB Serial support registered for EPiC device
[   18.075728][    T1] usbcore: registered new interface driver io_ti
[   18.076700][    T1] usbserial: USB Serial support registered for Edgeport TI 1 port adapter
[   18.077936][    T1] usbserial: USB Serial support registered for Edgeport TI 2 port adapter
[   18.079318][    T1] usbcore: registered new interface driver empeg
[   18.080273][    T1] usbserial: USB Serial support registered for empeg
[   18.083667][    T1] usbcore: registered new interface driver f81534a_ctrl
[   18.084856][    T1] usbcore: registered new interface driver f81232
[   18.085842][    T1] usbserial: USB Serial support registered for f81232
[   18.086880][    T1] usbserial: USB Serial support registered for f81534a
[   18.088034][    T1] usbcore: registered new interface driver f81534
[   18.089008][    T1] usbserial: USB Serial support registered for Fintek F81532/F81534
[   18.090304][    T1] usbcore: registered new interface driver ftdi_sio
[   18.091338][    T1] usbserial: USB Serial support registered for FTDI USB Serial Device
[   18.092983][    T1] usbcore: registered new interface driver garmin_gps
[   18.094005][    T1] usbserial: USB Serial support registered for Garmin GPS usb/tty
[   18.095288][    T1] usbcore: registered new interface driver ipaq
[   18.096280][    T1] usbserial: USB Serial support registered for PocketPC PDA
[   18.097488][    T1] usbcore: registered new interface driver ipw
[   18.098461][    T1] usbserial: USB Serial support registered for IPWireless converter
[   18.099772][    T1] usbcore: registered new interface driver ir_usb
[   18.100757][    T1] usbserial: USB Serial support registered for IR Dongle
[   18.103248][    T1] usbcore: registered new interface driver iuu_phoenix
[   18.104270][    T1] usbserial: USB Serial support registered for iuu_phoenix
[   18.105479][    T1] usbcore: registered new interface driver keyspan
[   18.106485][    T1] usbserial: USB Serial support registered for Keyspan - (without firmware)
[   18.107775][    T1] usbserial: USB Serial support registered for Keyspan 1 port adapter
[   18.108962][    T1] usbserial: USB Serial support registered for Keyspan 2 port adapter
[   18.110144][    T1] usbserial: USB Serial support registered for Keyspan 4 port adapter
[   18.111525][    T1] usbcore: registered new interface driver keyspan_pda
[   18.112543][    T1] usbserial: USB Serial support registered for Keyspan PDA
[   18.113623][    T1] usbserial: USB Serial support registered for Keyspan PDA - (prerenumeration)
[   18.115569][    T1] usbcore: registered new interface driver kl5kusb105
[   18.116905][    T1] usbserial: USB Serial support registered for KL5KUSB105D / PalmConnect
[   18.118564][    T1] usbcore: registered new interface driver kobil_sct
[   18.119861][    T1] usbserial: USB Serial support registered for KOBIL USB smart card terminal
[   18.121962][    T1] usbcore: registered new interface driver mct_u232
[   18.123658][    T1] usbserial: USB Serial support registered for MCT U232
[   18.125138][    T1] usbcore: registered new interface driver metro_usb
[   18.126429][    T1] usbserial: USB Serial support registered for Metrologic USB to Serial
[   18.128069][    T1] usbcore: registered new interface driver mos7720
[   18.129337][    T1] usbserial: USB Serial support registered for Moschip 2 port adapter
[   18.130940][    T1] usbcore: registered new interface driver mos7840
[   18.132241][    T1] usbserial: USB Serial support registered for Moschip 7840/7820 USB Serial Driver
[   18.134047][    T1] usbcore: registered new interface driver mxuport
[   18.135427][    T1] usbserial: USB Serial support registered for MOXA UPort
[   18.136954][    T1] usbcore: registered new interface driver navman
[   18.138242][    T1] usbserial: USB Serial support registered for navman
[   18.139712][    T1] usbcore: registered new interface driver omninet
[   18.140991][    T1] usbserial: USB Serial support registered for ZyXEL - omni.net usb
[   18.142746][    T1] usbcore: registered new interface driver opticon
[   18.144041][    T1] usbserial: USB Serial support registered for opticon
[   18.145541][    T1] usbcore: registered new interface driver option
[   18.146828][    T1] usbserial: USB Serial support registered for GSM modem (1-port)
[   18.148434][    T1] usbcore: registered new interface driver oti6858
[   18.149723][    T1] usbserial: USB Serial support registered for oti6858
[   18.151275][    T1] usbcore: registered new interface driver pl2303
[   18.152634][    T1] usbserial: USB Serial support registered for pl2303
[   18.154100][    T1] usbcore: registered new interface driver qcaux
[   18.155377][    T1] usbserial: USB Serial support registered for qcaux
[   18.156837][    T1] usbcore: registered new interface driver qcserial
[   18.158207][    T1] usbserial: USB Serial support registered for Qualcomm USB modem
[   18.160079][    T1] usbcore: registered new interface driver quatech2
[   18.161697][    T1] usbserial: USB Serial support registered for Quatech 2nd gen USB to Serial Driver
[   18.163563][    T1] usbcore: registered new interface driver safe_serial
[   18.165040][    T1] usbserial: USB Serial support registered for safe_serial
[   18.166574][    T1] usbcore: registered new interface driver sierra
[   18.167955][    T1] usbserial: USB Serial support registered for Sierra USB modem
[   18.169621][    T1] usbcore: registered new interface driver usb_serial_simple
[   18.171133][    T1] usbserial: USB Serial support registered for carelink
[   18.172756][    T1] usbserial: USB Serial support registered for flashloader
[   18.173860][    T1] usbserial: USB Serial support registered for funsoft
[   18.174954][    T1] usbserial: USB Serial support registered for google
[   18.175990][    T1] usbserial: USB Serial support registered for hp4x
[   18.177033][    T1] usbserial: USB Serial support registered for kaufmann
[   18.178189][    T1] usbserial: USB Serial support registered for libtransistor
[   18.179546][    T1] usbserial: USB Serial support registered for moto_modem
[   18.180661][    T1] usbserial: USB Serial support registered for motorola_tetra
[   18.181905][    T1] usbserial: USB Serial support registered for nokia
[   18.183605][    T1] usbserial: USB Serial support registered for novatel_gps
[   18.184872][    T1] usbserial: USB Serial support registered for owon
[   18.186001][    T1] usbserial: USB Serial support registered for siemens_mpi
[   18.187156][    T1] usbserial: USB Serial support registered for suunto
[   18.188392][    T1] usbserial: USB Serial support registered for vivopay
[   18.189648][    T1] usbserial: USB Serial support registered for zio
[   18.190915][    T1] usbcore: registered new interface driver spcp8x5
[   18.192098][    T1] usbserial: USB Serial support registered for SPCP8x5
[   18.193404][    T1] usbcore: registered new interface driver ssu100
[   18.194491][    T1] usbserial: USB Serial support registered for Quatech SSU-100 USB to Serial Driver
[   18.196045][    T1] usbcore: registered new interface driver symbolserial
[   18.197112][    T1] usbserial: USB Serial support registered for symbol
[   18.198319][    T1] usbcore: registered new interface driver ti_usb_3410_5052
[   18.199464][    T1] usbserial: USB Serial support registered for TI USB 3410 1 port adapter
[   18.200712][    T1] usbserial: USB Serial support registered for TI USB 5052 2 port adapter
[   18.202167][    T1] usbcore: registered new interface driver upd78f0730
[   18.203219][    T1] usbserial: USB Serial support registered for upd78f0730
[   18.204415][    T1] usbcore: registered new interface driver visor
[   18.205394][    T1] usbserial: USB Serial support registered for Handspring Visor / Palm OS
[   18.206625][    T1] usbserial: USB Serial support registered for Sony Clie 5.0
[   18.207758][    T1] usbserial: USB Serial support registered for Sony Clie 3.5
[   18.209034][    T1] usbcore: registered new interface driver wishbone_serial
[   18.210162][    T1] usbserial: USB Serial support registered for wishbone_serial
[   18.211455][    T1] usbcore: registered new interface driver whiteheat
[   18.212536][    T1] usbserial: USB Serial support registered for Connect Tech - WhiteHEAT - (prerenumeration)
[   18.214031][    T1] usbserial: USB Serial support registered for Connect Tech - WhiteHEAT
[   18.215430][    T1] usbcore: registered new interface driver xr_serial
[   18.216482][    T1] usbserial: USB Serial support registered for xr_serial
[   18.217705][    T1] usbcore: registered new interface driver xsens_mt
[   18.218892][    T1] usbserial: USB Serial support registered for xsens_mt
[   18.220542][    T1] usbcore: registered new interface driver adutux
[   18.221866][    T1] usbcore: registered new interface driver appledisplay
[   18.223260][    T1] usbcore: registered new interface driver cypress_cy7c63
[   18.224825][    T1] usbcore: registered new interface driver cytherm
[   18.226244][    T1] usbcore: registered new interface driver emi26 - firmware loader
[   18.227922][    T1] usbcore: registered new interface driver emi62 - firmware loader
[   18.229349][    T1] usbcore: registered new device driver apple-mfi-fastcharge
[   18.231198][    T1] usbcore: registered new interface driver ljca
[   18.232527][    T1] usbcore: registered new interface driver idmouse
[   18.233817][    T1] usbcore: registered new interface driver iowarrior
[   18.235299][    T1] usbcore: registered new interface driver isight_firmware
[   18.236959][    T1] usbcore: registered new interface driver usblcd
[   18.238511][    T1] usbcore: registered new interface driver ldusb
[   18.239934][    T1] usbcore: registered new interface driver legousbtower
[   18.241670][    T1] usbcore: registered new interface driver usbtest
[   18.243108][    T1] usbcore: registered new interface driver usb_ehset_test
[   18.244791][    T1] usbcore: registered new interface driver trancevibrator
[   18.246497][    T1] usbcore: registered new interface driver uss720
[   18.247516][    T1] uss720: USB Parport Cable driver for Cables using the Lucent Technologies USS720 Chip
[   18.249012][    T1] uss720: NOTE: this is a special purpose driver to allow nonstandard
[   18.250180][    T1] uss720: protocols (eg. bitbang) over USS720 usb to parallel cables
[   18.251360][    T1] uss720: If you just want to connect to a printer, use usblp instead
[   18.253233][    T1] usbcore: registered new interface driver usbsevseg
[   18.254800][    T1] usbcore: registered new interface driver yurex
[   18.257751][    T1] usbcore: registered new interface driver chaoskey
[   18.259068][    T1] usbcore: registered new interface driver sisusb
[   18.260519][    T1] usbcore: registered new interface driver lvs
[   18.261831][    T1] usbcore: registered new interface driver cxacru
[   18.263122][    T1] usbcore: registered new interface driver speedtch
[   18.264423][    T1] usbcore: registered new interface driver ueagle-atm
[   18.265293][    T1] xusbatm: malformed module parameters
[   18.269982][    T1] dummy_hcd dummy_hcd.0: USB Host+Gadget Emulator, driver 02 May 2005
[   18.271362][    T1] dummy_hcd dummy_hcd.0: Dummy host controller
[   18.274130][    T1] dummy_hcd dummy_hcd.0: new USB bus registered, assigned bus number 1
[   18.277381][    T1] usb usb1: New USB device found, idVendor=1d6b, idProduct=0002, bcdDevice= 6.15
[   18.278597][    T1] usb usb1: New USB device strings: Mfr=3, Product=2, SerialNumber=1
[   18.279643][    T1] usb usb1: Product: Dummy host controller
[   18.280397][    T1] usb usb1: Manufacturer: Linux 6.15.0-g0f70f5b08a47-dirty dummy_hcd
[   18.281433][    T1] usb usb1: SerialNumber: dummy_hcd.0
[   18.288872][    T1] hub 1-0:1.0: USB hub found
[   18.289960][    T1] hub 1-0:1.0: 1 port detected
[   18.313115][    T1] SPI driver max3420-udc has no spi_device_id for maxim,max3421-udc
[   18.314992][    T1] gadgetfs: USB Gadget filesystem, version 24 Aug 2004
[   18.318209][    T1] vhci_hcd vhci_hcd.0: USB/IP Virtual Host Controller
[   18.320452][    T1] vhci_hcd vhci_hcd.0: new USB bus registered, assigned bus number 2
[   18.323189][    T1] vhci_hcd: created sysfs vhci_hcd.0
[   18.325439][    T1] usb usb2: New USB device found, idVendor=1d6b, idProduct=0002, bcdDevice= 6.15
[   18.326624][    T1] usb usb2: New USB device strings: Mfr=3, Product=2, SerialNumber=1
[   18.327676][    T1] usb usb2: Product: USB/IP Virtual Host Controller
[   18.328529][    T1] usb usb2: Manufacturer: Linux 6.15.0-g0f70f5b08a47-dirty vhci_hcd
[   18.329563][    T1] usb usb2: SerialNumber: vhci_hcd.0
[   18.335039][    T1] hub 2-0:1.0: USB hub found
[   18.336126][    T1] hub 2-0:1.0: 8 ports detected
[   18.355929][    T1] vhci_hcd vhci_hcd.0: USB/IP Virtual Host Controller
[   18.359731][    T1] vhci_hcd vhci_hcd.0: new USB bus registered, assigned bus number 3
[   18.362286][    T1] usb usb3: We don't know the algorithms for LPM for this host, disabling LPM.
[   18.365075][    T1] usb usb3: New USB device found, idVendor=1d6b, idProduct=0003, bcdDevice= 6.15
[   18.366420][    T1] usb usb3: New USB device strings: Mfr=3, Product=2, SerialNumber=1
[   18.367675][    T1] usb usb3: Product: USB/IP Virtual Host Controller
[   18.368679][    T1] usb usb3: Manufacturer: Linux 6.15.0-g0f70f5b08a47-dirty vhci_hcd
[   18.369854][    T1] usb usb3: SerialNumber: vhci_hcd.0
[   18.376442][    T1] hub 3-0:1.0: USB hub found
[   18.377531][    T1] hub 3-0:1.0: 8 ports detected
[   18.398974][    T1] vhci_hcd vhci_hcd.1: USB/IP Virtual Host Controller
[   18.403247][    T1] vhci_hcd vhci_hcd.1: new USB bus registered, assigned bus number 4
[   18.406487][    T1] usb usb4: New USB device found, idVendor=1d6b, idProduct=0002, bcdDevice= 6.15
[   18.407806][    T1] usb usb4: New USB device strings: Mfr=3, Product=2, SerialNumber=1
[   18.408914][    T1] usb usb4: Product: USB/IP Virtual Host Controller
[   18.409905][    T1] usb usb4: Manufacturer: Linux 6.15.0-g0f70f5b08a47-dirty vhci_hcd
[   18.411045][    T1] usb usb4: SerialNumber: vhci_hcd.1
[   18.417743][    T1] hub 4-0:1.0: USB hub found
[   18.418980][    T1] hub 4-0:1.0: 8 ports detected
[   18.437420][    T1] vhci_hcd vhci_hcd.1: USB/IP Virtual Host Controller
[   18.440050][    T1] vhci_hcd vhci_hcd.1: new USB bus registered, assigned bus number 5
[   18.441836][    T1] usb usb5: We don't know the algorithms for LPM for this host, disabling LPM.
[   18.444304][    T1] usb usb5: New USB device found, idVendor=1d6b, idProduct=0003, bcdDevice= 6.15
[   18.445470][    T1] usb usb5: New USB device strings: Mfr=3, Product=2, SerialNumber=1
[   18.446503][    T1] usb usb5: Product: USB/IP Virtual Host Controller
[   18.447358][    T1] usb usb5: Manufacturer: Linux 6.15.0-g0f70f5b08a47-dirty vhci_hcd
[   18.448367][    T1] usb usb5: SerialNumber: vhci_hcd.1
[   18.454653][    T1] hub 5-0:1.0: USB hub found
[   18.455785][    T1] hub 5-0:1.0: 8 ports detected
[   18.475758][    T1] vhci_hcd vhci_hcd.2: USB/IP Virtual Host Controller
[   18.477930][    T1] vhci_hcd vhci_hcd.2: new USB bus registered, assigned bus number 6
[   18.480576][    T1] usb usb6: New USB device found, idVendor=1d6b, idProduct=0002, bcdDevice= 6.15
[   18.481782][    T1] usb usb6: New USB device strings: Mfr=3, Product=2, SerialNumber=1
[   18.482960][    T1] usb usb6: Product: USB/IP Virtual Host Controller
[   18.483796][    T1] usb usb6: Manufacturer: Linux 6.15.0-g0f70f5b08a47-dirty vhci_hcd
[   18.484801][    T1] usb usb6: SerialNumber: vhci_hcd.2
[   18.490046][    T1] hub 6-0:1.0: USB hub found
[   18.490977][    T1] hub 6-0:1.0: 8 ports detected
[   18.505187][    T1] vhci_hcd vhci_hcd.2: USB/IP Virtual Host Controller
[   18.507572][    T1] vhci_hcd vhci_hcd.2: new USB bus registered, assigned bus number 7
[   18.509202][    T1] usb usb7: We don't know the algorithms for LPM for this host, disabling LPM.
[   18.512572][    T1] usb usb7: New USB device found, idVendor=1d6b, idProduct=0003, bcdDevice= 6.15
[   18.513731][    T1] usb usb7: New USB device strings: Mfr=3, Product=2, SerialNumber=1
[   18.514753][    T1] usb usb7: Product: USB/IP Virtual Host Controller
[   18.515584][    T1] usb usb7: Manufacturer: Linux 6.15.0-g0f70f5b08a47-dirty vhci_hcd
[   18.516581][    T1] usb usb7: SerialNumber: vhci_hcd.2
[   18.521942][    T1] hub 7-0:1.0: USB hub found
[   18.522867][    T1] hub 7-0:1.0: 8 ports detected
[   18.540386][    T1] vhci_hcd vhci_hcd.3: USB/IP Virtual Host Controller
[   18.542594][    T1] vhci_hcd vhci_hcd.3: new USB bus registered, assigned bus number 8
[   18.545168][    T1] usb usb8: New USB device found, idVendor=1d6b, idProduct=0002, bcdDevice= 6.15
[   18.546320][    T1] usb usb8: New USB device strings: Mfr=3, Product=2, SerialNumber=1
[   18.547338][    T1] usb usb8: Product: USB/IP Virtual Host Controller
[   18.548169][    T1] usb usb8: Manufacturer: Linux 6.15.0-g0f70f5b08a47-dirty vhci_hcd
[   18.549175][    T1] usb usb8: SerialNumber: vhci_hcd.3
[   18.555020][    T1] hub 8-0:1.0: USB hub found
[   18.555950][    T1] hub 8-0:1.0: 8 ports detected
[   18.570192][    T1] vhci_hcd vhci_hcd.3: USB/IP Virtual Host Controller
[   18.573472][    T1] vhci_hcd vhci_hcd.3: new USB bus registered, assigned bus number 9
[   18.575354][    T1] usb usb9: We don't know the algorithms for LPM for this host, disabling LPM.
[   18.577798][    T1] usb usb9: New USB device found, idVendor=1d6b, idProduct=0003, bcdDevice= 6.15
[   18.578956][    T1] usb usb9: New USB device strings: Mfr=3, Product=2, SerialNumber=1
[   18.579974][    T1] usb usb9: Product: USB/IP Virtual Host Controller
[   18.580808][    T1] usb usb9: Manufacturer: Linux 6.15.0-g0f70f5b08a47-dirty vhci_hcd
[   18.582740][    T1] usb usb9: SerialNumber: vhci_hcd.3
[   18.588088][    T1] hub 9-0:1.0: USB hub found
[   18.589015][    T1] hub 9-0:1.0: 8 ports detected
[   18.607780][    T1] vhci_hcd vhci_hcd.4: USB/IP Virtual Host Controller
[   18.612032][    T1] vhci_hcd vhci_hcd.4: new USB bus registered, assigned bus number 10
[   18.614852][    T1] usb usb10: New USB device found, idVendor=1d6b, idProduct=0002, bcdDevice= 6.15
[   18.616288][    T1] usb usb10: New USB device strings: Mfr=3, Product=2, SerialNumber=1
[   18.617543][    T1] usb usb10: Product: USB/IP Virtual Host Controller
[   18.618573][    T1] usb usb10: Manufacturer: Linux 6.15.0-g0f70f5b08a47-dirty vhci_hcd
[   18.619843][    T1] usb usb10: SerialNumber: vhci_hcd.4
[   18.625987][    T1] hub 10-0:1.0: USB hub found
[   18.627148][    T1] hub 10-0:1.0: 8 ports detected
[   18.640862][    T1] vhci_hcd vhci_hcd.4: USB/IP Virtual Host Controller
[   18.644799][    T1] vhci_hcd vhci_hcd.4: new USB bus registered, assigned bus number 11
[   18.646633][    T1] usb usb11: We don't know the algorithms for LPM for this host, disabling LPM.
[   18.649324][    T1] usb usb11: New USB device found, idVendor=1d6b, idProduct=0003, bcdDevice= 6.15
[   18.650760][    T1] usb usb11: New USB device strings: Mfr=3, Product=2, SerialNumber=1
[   18.652052][    T1] usb usb11: Product: USB/IP Virtual Host Controller
[   18.653079][    T1] usb usb11: Manufacturer: Linux 6.15.0-g0f70f5b08a47-dirty vhci_hcd
[   18.654355][    T1] usb usb11: SerialNumber: vhci_hcd.4
[   18.659815][    T1] hub 11-0:1.0: USB hub found
[   18.660871][    T1] hub 11-0:1.0: 8 ports detected
[   18.681337][    T1] vhci_hcd vhci_hcd.5: USB/IP Virtual Host Controller
[   18.683979][    T1] vhci_hcd vhci_hcd.5: new USB bus registered, assigned bus number 12
[   18.686966][    T1] usb usb12: New USB device found, idVendor=1d6b, idProduct=0002, bcdDevice= 6.15
[   18.688452][    T1] usb usb12: New USB device strings: Mfr=3, Product=2, SerialNumber=1
[   18.689651][    T1] usb usb12: Product: USB/IP Virtual Host Controller
[   18.690676][    T1] usb usb12: Manufacturer: Linux 6.15.0-g0f70f5b08a47-dirty vhci_hcd
[   18.691959][    T1] usb usb12: SerialNumber: vhci_hcd.5
[   18.698023][    T1] hub 12-0:1.0: USB hub found
[   18.699014][    T1] hub 12-0:1.0: 8 ports detected
[   18.713939][    T1] vhci_hcd vhci_hcd.5: USB/IP Virtual Host Controller
[   18.716298][    T1] vhci_hcd vhci_hcd.5: new USB bus registered, assigned bus number 13
[   18.717968][    T1] usb usb13: We don't know the algorithms for LPM for this host, disabling LPM.
[   18.720493][    T1] usb usb13: New USB device found, idVendor=1d6b, idProduct=0003, bcdDevice= 6.15
[   18.721728][    T1] usb usb13: New USB device strings: Mfr=3, Product=2, SerialNumber=1
[   18.722790][    T1] usb usb13: Product: USB/IP Virtual Host Controller
[   18.723660][    T1] usb usb13: Manufacturer: Linux 6.15.0-g0f70f5b08a47-dirty vhci_hcd
[   18.724695][    T1] usb usb13: SerialNumber: vhci_hcd.5
[   18.730391][    T1] hub 13-0:1.0: USB hub found
[   18.731365][    T1] hub 13-0:1.0: 8 ports detected
[   18.749888][    T1] vhci_hcd vhci_hcd.6: USB/IP Virtual Host Controller
[   18.753438][    T1] vhci_hcd vhci_hcd.6: new USB bus registered, assigned bus number 14
[   18.756029][    T1] usb usb14: New USB device found, idVendor=1d6b, idProduct=0002, bcdDevice= 6.15
[   18.757179][    T1] usb usb14: New USB device strings: Mfr=3, Product=2, SerialNumber=1
[   18.758192][    T1] usb usb14: Product: USB/IP Virtual Host Controller
[   18.759032][    T1] usb usb14: Manufacturer: Linux 6.15.0-g0f70f5b08a47-dirty vhci_hcd
[   18.760037][    T1] usb usb14: SerialNumber: vhci_hcd.6
[   18.765406][    T1] hub 14-0:1.0: USB hub found
[   18.766338][    T1] hub 14-0:1.0: 8 ports detected
[   18.780980][    T1] vhci_hcd vhci_hcd.6: USB/IP Virtual Host Controller
[   18.784212][    T1] vhci_hcd vhci_hcd.6: new USB bus registered, assigned bus number 15
[   18.785834][    T1] usb usb15: We don't know the algorithms for LPM for this host, disabling LPM.
[   18.788409][    T1] usb usb15: New USB device found, idVendor=1d6b, idProduct=0003, bcdDevice= 6.15
[   18.789593][    T1] usb usb15: New USB device strings: Mfr=3, Product=2, SerialNumber=1
[   18.790626][    T1] usb usb15: Product: USB/IP Virtual Host Controller
[   18.792148][    T1] usb usb15: Manufacturer: Linux 6.15.0-g0f70f5b08a47-dirty vhci_hcd
[   18.793179][    T1] usb usb15: SerialNumber: vhci_hcd.6
[   18.799036][    T1] hub 15-0:1.0: USB hub found
[   18.799960][    T1] hub 15-0:1.0: 8 ports detected
[   18.820774][    T1] vhci_hcd vhci_hcd.7: USB/IP Virtual Host Controller
[   18.826482][    T1] vhci_hcd vhci_hcd.7: new USB bus registered, assigned bus number 16
[   18.829086][    T1] usb usb16: New USB device found, idVendor=1d6b, idProduct=0002, bcdDevice= 6.15
[   18.830263][    T1] usb usb16: New USB device strings: Mfr=3, Product=2, SerialNumber=1
[   18.831316][    T1] usb usb16: Product: USB/IP Virtual Host Controller
[   18.832209][    T1] usb usb16: Manufacturer: Linux 6.15.0-g0f70f5b08a47-dirty vhci_hcd
[   18.833241][    T1] usb usb16: SerialNumber: vhci_hcd.7
[   18.838464][    T1] hub 16-0:1.0: USB hub found
[   18.839404][    T1] hub 16-0:1.0: 8 ports detected
[   18.853362][    T1] vhci_hcd vhci_hcd.7: USB/IP Virtual Host Controller
[   18.856353][    T1] vhci_hcd vhci_hcd.7: new USB bus registered, assigned bus number 17
[   18.858065][    T1] usb usb17: We don't know the algorithms for LPM for this host, disabling LPM.
[   18.860584][    T1] usb usb17: New USB device found, idVendor=1d6b, idProduct=0003, bcdDevice= 6.15
[   18.862713][    T1] usb usb17: New USB device strings: Mfr=3, Product=2, SerialNumber=1
[   18.863766][    T1] usb usb17: Product: USB/IP Virtual Host Controller
[   18.864625][    T1] usb usb17: Manufacturer: Linux 6.15.0-g0f70f5b08a47-dirty vhci_hcd
[   18.865665][    T1] usb usb17: SerialNumber: vhci_hcd.7
[   18.871081][    T1] hub 17-0:1.0: USB hub found
[   18.872065][    T1] hub 17-0:1.0: 8 ports detected
[   18.889855][    T1] vhci_hcd vhci_hcd.8: USB/IP Virtual Host Controller
[   18.892194][    T1] vhci_hcd vhci_hcd.8: new USB bus registered, assigned bus number 18
[   18.894775][    T1] usb usb18: New USB device found, idVendor=1d6b, idProduct=0002, bcdDevice= 6.15
[   18.895927][    T1] usb usb18: New USB device strings: Mfr=3, Product=2, SerialNumber=1
[   18.896962][    T1] usb usb18: Product: USB/IP Virtual Host Controller
[   18.897807][    T1] usb usb18: Manufacturer: Linux 6.15.0-g0f70f5b08a47-dirty vhci_hcd
[   18.898830][    T1] usb usb18: SerialNumber: vhci_hcd.8
[   18.905922][    T1] hub 18-0:1.0: USB hub found
[   18.906861][    T1] hub 18-0:1.0: 8 ports detected
[   18.920630][    T1] vhci_hcd vhci_hcd.8: USB/IP Virtual Host Controller
[   18.923909][    T1] vhci_hcd vhci_hcd.8: new USB bus registered, assigned bus number 19
[   18.925568][    T1] usb usb19: We don't know the algorithms for LPM for this host, disabling LPM.
[   18.928034][    T1] usb usb19: New USB device found, idVendor=1d6b, idProduct=0003, bcdDevice= 6.15
[   18.929216][    T1] usb usb19: New USB device strings: Mfr=3, Product=2, SerialNumber=1
[   18.930256][    T1] usb usb19: Product: USB/IP Virtual Host Controller
[   18.931157][    T1] usb usb19: Manufacturer: Linux 6.15.0-g0f70f5b08a47-dirty vhci_hcd
[   18.932313][    T1] usb usb19: SerialNumber: vhci_hcd.8
[   18.937731][    T1] hub 19-0:1.0: USB hub found
[   18.938652][    T1] hub 19-0:1.0: 8 ports detected
[   18.957908][    T1] vhci_hcd vhci_hcd.9: USB/IP Virtual Host Controller
[   18.960118][    T1] vhci_hcd vhci_hcd.9: new USB bus registered, assigned bus number 20
[   18.963847][    T1] usb usb20: New USB device found, idVendor=1d6b, idProduct=0002, bcdDevice= 6.15
[   18.965253][    T1] usb usb20: New USB device strings: Mfr=3, Product=2, SerialNumber=1
[   18.967064][    T1] usb usb20: Product: USB/IP Virtual Host Controller
[   18.968464][    T1] usb usb20: Manufacturer: Linux 6.15.0-g0f70f5b08a47-dirty vhci_hcd
[   18.969510][    T1] usb usb20: SerialNumber: vhci_hcd.9
[   18.975101][    T1] hub 20-0:1.0: USB hub found
[   18.976239][    T1] hub 20-0:1.0: 8 ports detected
[   18.993271][    T1] vhci_hcd vhci_hcd.9: USB/IP Virtual Host Controller
[   18.996639][    T1] vhci_hcd vhci_hcd.9: new USB bus registered, assigned bus number 21
[   18.998453][    T1] usb usb21: We don't know the algorithms for LPM for this host, disabling LPM.
[   19.001271][    T1] usb usb21: New USB device found, idVendor=1d6b, idProduct=0003, bcdDevice= 6.15
[   19.002620][    T1] usb usb21: New USB device strings: Mfr=3, Product=2, SerialNumber=1
[   19.003816][    T1] usb usb21: Product: USB/IP Virtual Host Controller
[   19.004681][    T1] usb usb21: Manufacturer: Linux 6.15.0-g0f70f5b08a47-dirty vhci_hcd
[   19.005719][    T1] usb usb21: SerialNumber: vhci_hcd.9
[   19.012471][    T1] hub 21-0:1.0: USB hub found
[   19.013529][    T1] hub 21-0:1.0: 8 ports detected
[   19.034619][    T1] vhci_hcd vhci_hcd.10: USB/IP Virtual Host Controller
[   19.037356][    T1] vhci_hcd vhci_hcd.10: new USB bus registered, assigned bus number 22
[   19.040365][    T1] usb usb22: New USB device found, idVendor=1d6b, idProduct=0002, bcdDevice= 6.15
[   19.042646][    T1] usb usb22: New USB device strings: Mfr=3, Product=2, SerialNumber=1
[   19.043788][    T1] usb usb22: Product: USB/IP Virtual Host Controller
[   19.044692][    T1] usb usb22: Manufacturer: Linux 6.15.0-g0f70f5b08a47-dirty vhci_hcd
[   19.045767][    T1] usb usb22: SerialNumber: vhci_hcd.10
[   19.052129][    T1] hub 22-0:1.0: USB hub found
[   19.053186][    T1] hub 22-0:1.0: 8 ports detected
[   19.070590][    T1] vhci_hcd vhci_hcd.10: USB/IP Virtual Host Controller
[   19.073624][    T1] vhci_hcd vhci_hcd.10: new USB bus registered, assigned bus number 23
[   19.075631][    T1] usb usb23: We don't know the algorithms for LPM for this host, disabling LPM.
[   19.078493][    T1] usb usb23: New USB device found, idVendor=1d6b, idProduct=0003, bcdDevice= 6.15
[   19.080062][    T1] usb usb23: New USB device strings: Mfr=3, Product=2, SerialNumber=1
[   19.081267][    T1] usb usb23: Product: USB/IP Virtual Host Controller
[   19.082343][    T1] usb usb23: Manufacturer: Linux 6.15.0-g0f70f5b08a47-dirty vhci_hcd
[   19.083544][    T1] usb usb23: SerialNumber: vhci_hcd.10
[   19.089990][    T1] hub 23-0:1.0: USB hub found
[   19.091147][    T1] hub 23-0:1.0: 8 ports detected
[   19.111094][    T1] vhci_hcd vhci_hcd.11: USB/IP Virtual Host Controller
[   19.113684][    T1] vhci_hcd vhci_hcd.11: new USB bus registered, assigned bus number 24
[   19.116491][    T1] usb usb24: New USB device found, idVendor=1d6b, idProduct=0002, bcdDevice= 6.15
[   19.117683][    T1] usb usb24: New USB device strings: Mfr=3, Product=2, SerialNumber=1
[   19.118743][    T1] usb usb24: Product: USB/IP Virtual Host Controller
[   19.119606][    T1] usb usb24: Manufacturer: Linux 6.15.0-g0f70f5b08a47-dirty vhci_hcd
[   19.120641][    T1] usb usb24: SerialNumber: vhci_hcd.11
[   19.126745][    T1] hub 24-0:1.0: USB hub found
[   19.128178][    T1] hub 24-0:1.0: 8 ports detected
[   19.143869][    T1] vhci_hcd vhci_hcd.11: USB/IP Virtual Host Controller
[   19.146358][    T1] vhci_hcd vhci_hcd.11: new USB bus registered, assigned bus number 25
[   19.148165][    T1] usb usb25: We don't know the algorithms for LPM for this host, disabling LPM.
[   19.150841][    T1] usb usb25: New USB device found, idVendor=1d6b, idProduct=0003, bcdDevice= 6.15
[   19.153199][    T1] usb usb25: New USB device strings: Mfr=3, Product=2, SerialNumber=1
[   19.154358][    T1] usb usb25: Product: USB/IP Virtual Host Controller
[   19.155279][    T1] usb usb25: Manufacturer: Linux 6.15.0-g0f70f5b08a47-dirty vhci_hcd
[   19.156325][    T1] usb usb25: SerialNumber: vhci_hcd.11
[   19.161855][    T1] hub 25-0:1.0: USB hub found
[   19.162969][    T1] hub 25-0:1.0: 8 ports detected
[   19.180981][    T1] vhci_hcd vhci_hcd.12: USB/IP Virtual Host Controller
[   19.185285][    T1] vhci_hcd vhci_hcd.12: new USB bus registered, assigned bus number 26
[   19.187953][    T1] usb usb26: New USB device found, idVendor=1d6b, idProduct=0002, bcdDevice= 6.15
[   19.189129][    T1] usb usb26: New USB device strings: Mfr=3, Product=2, SerialNumber=1
[   19.190173][    T1] usb usb26: Product: USB/IP Virtual Host Controller
[   19.191048][    T1] usb usb26: Manufacturer: Linux 6.15.0-g0f70f5b08a47-dirty vhci_hcd
[   19.192425][    T1] usb usb26: SerialNumber: vhci_hcd.12
[   19.197761][    T1] hub 26-0:1.0: USB hub found
[   19.198719][    T1] hub 26-0:1.0: 8 ports detected
[   19.214609][    T1] vhci_hcd vhci_hcd.12: USB/IP Virtual Host Controller
[   19.217057][    T1] vhci_hcd vhci_hcd.12: new USB bus registered, assigned bus number 27
[   19.218715][    T1] usb usb27: We don't know the algorithms for LPM for this host, disabling LPM.
[   19.221202][    T1] usb usb27: New USB device found, idVendor=1d6b, idProduct=0003, bcdDevice= 6.15
[   19.222418][    T1] usb usb27: New USB device strings: Mfr=3, Product=2, SerialNumber=1
[   19.223473][    T1] usb usb27: Product: USB/IP Virtual Host Controller
[   19.224330][    T1] usb usb27: Manufacturer: Linux 6.15.0-g0f70f5b08a47-dirty vhci_hcd
[   19.225361][    T1] usb usb27: SerialNumber: vhci_hcd.12
[   19.231119][    T1] hub 27-0:1.0: USB hub found
[   19.232633][    T1] hub 27-0:1.0: 8 ports detected
[   19.251340][    T1] vhci_hcd vhci_hcd.13: USB/IP Virtual Host Controller
[   19.254198][    T1] vhci_hcd vhci_hcd.13: new USB bus registered, assigned bus number 28
[   19.256813][    T1] usb usb28: New USB device found, idVendor=1d6b, idProduct=0002, bcdDevice= 6.15
[   19.257997][    T1] usb usb28: New USB device strings: Mfr=3, Product=2, SerialNumber=1
[   19.259053][    T1] usb usb28: Product: USB/IP Virtual Host Controller
[   19.259908][    T1] usb usb28: Manufacturer: Linux 6.15.0-g0f70f5b08a47-dirty vhci_hcd
[   19.260940][    T1] usb usb28: SerialNumber: vhci_hcd.13
[   19.266908][    T1] hub 28-0:1.0: USB hub found
[   19.267845][    T1] hub 28-0:1.0: 8 ports detected
[   19.283788][    T1] vhci_hcd vhci_hcd.13: USB/IP Virtual Host Controller
[   19.285890][    T1] vhci_hcd vhci_hcd.13: new USB bus registered, assigned bus number 29
[   19.287562][    T1] usb usb29: We don't know the algorithms for LPM for this host, disabling LPM.
[   19.289994][    T1] usb usb29: New USB device found, idVendor=1d6b, idProduct=0003, bcdDevice= 6.15
[   19.291158][    T1] usb usb29: New USB device strings: Mfr=3, Product=2, SerialNumber=1
[   19.292592][    T1] usb usb29: Product: USB/IP Virtual Host Controller
[   19.293437][    T1] usb usb29: Manufacturer: Linux 6.15.0-g0f70f5b08a47-dirty vhci_hcd
[   19.294448][    T1] usb usb29: SerialNumber: vhci_hcd.13
[   19.299757][    T1] hub 29-0:1.0: USB hub found
[   19.300688][    T1] hub 29-0:1.0: 8 ports detected
[   19.319750][    T1] vhci_hcd vhci_hcd.14: USB/IP Virtual Host Controller
[   19.322017][    T1] vhci_hcd vhci_hcd.14: new USB bus registered, assigned bus number 30
[   19.324615][    T1] usb usb30: New USB device found, idVendor=1d6b, idProduct=0002, bcdDevice= 6.15
[   19.325769][    T1] usb usb30: New USB device strings: Mfr=3, Product=2, SerialNumber=1
[   19.326783][    T1] usb usb30: Product: USB/IP Virtual Host Controller
[   19.327619][    T1] usb usb30: Manufacturer: Linux 6.15.0-g0f70f5b08a47-dirty vhci_hcd
[   19.328619][    T1] usb usb30: SerialNumber: vhci_hcd.14
[   19.334505][    T1] hub 30-0:1.0: USB hub found
[   19.335442][    T1] hub 30-0:1.0: 8 ports detected
[   19.348967][    T1] vhci_hcd vhci_hcd.14: USB/IP Virtual Host Controller
[   19.351934][    T1] vhci_hcd vhci_hcd.14: new USB bus registered, assigned bus number 31
[   19.353576][    T1] usb usb31: We don't know the algorithms for LPM for this host, disabling LPM.
[   19.356017][    T1] usb usb31: New USB device found, idVendor=1d6b, idProduct=0003, bcdDevice= 6.15
[   19.357166][    T1] usb usb31: New USB device strings: Mfr=3, Product=2, SerialNumber=1
[   19.358179][    T1] usb usb31: Product: USB/IP Virtual Host Controller
[   19.359033][    T1] usb usb31: Manufacturer: Linux 6.15.0-g0f70f5b08a47-dirty vhci_hcd
[   19.360032][    T1] usb usb31: SerialNumber: vhci_hcd.14
[   19.365619][    T1] hub 31-0:1.0: USB hub found
[   19.366553][    T1] hub 31-0:1.0: 8 ports detected
[   19.385937][    T1] vhci_hcd vhci_hcd.15: USB/IP Virtual Host Controller
[   19.388094][    T1] vhci_hcd vhci_hcd.15: new USB bus registered, assigned bus number 32
[   19.390649][    T1] usb usb32: New USB device found, idVendor=1d6b, idProduct=0002, bcdDevice= 6.15
[   19.391857][    T1] usb usb32: New USB device strings: Mfr=3, Product=2, SerialNumber=1
[   19.392879][    T1] usb usb32: Product: USB/IP Virtual Host Controller
[   19.393714][    T1] usb usb32: Manufacturer: Linux 6.15.0-g0f70f5b08a47-dirty vhci_hcd
[   19.394728][    T1] usb usb32: SerialNumber: vhci_hcd.15
[   19.400058][    T1] hub 32-0:1.0: USB hub found
[   19.401384][    T1] hub 32-0:1.0: 8 ports detected
[   19.417571][    T1] vhci_hcd vhci_hcd.15: USB/IP Virtual Host Controller
[   19.419919][    T1] vhci_hcd vhci_hcd.15: new USB bus registered, assigned bus number 33
[   19.422287][    T1] usb usb33: We don't know the algorithms for LPM for this host, disabling LPM.
[   19.425229][    T1] usb usb33: New USB device found, idVendor=1d6b, idProduct=0003, bcdDevice= 6.15
[   19.426426][    T1] usb usb33: New USB device strings: Mfr=3, Product=2, SerialNumber=1
[   19.427471][    T1] usb usb33: Product: USB/IP Virtual Host Controller
[   19.428321][    T1] usb usb33: Manufacturer: Linux 6.15.0-g0f70f5b08a47-dirty vhci_hcd
[   19.429331][    T1] usb usb33: SerialNumber: vhci_hcd.15
[   19.438437][    T1] hub 33-0:1.0: USB hub found
[   19.439869][    T1] hub 33-0:1.0: 8 ports detected
[   19.460258][    T1] usbcore: registered new device driver usbip-host
[   19.477413][    T1] i8042: PNP: PS/2 Controller [PNP0303:KBD,PNP0f13:MOU] at 0x60,0x64 irq 1,12
[   19.482374][    T1] serio: i8042 KBD port at 0x60,0x64 irq 1
[   19.485093][    T1] serio: i8042 AUX port at 0x60,0x64 irq 12
[   19.489098][    T1] mousedev: PS/2 mouse device common for all mice
[   19.493365][    T1] usbcore: registered new interface driver appletouch
[   19.494947][    T1] usbcore: registered new interface driver bcm5974
[   19.497138][    T1] usbcore: registered new interface driver synaptics_usb
[   19.498819][    T1] usbcore: registered new interface driver iforce
[   19.500224][    T1] usbcore: registered new interface driver pxrc
[   19.504787][  T927] input: AT Translated Set 2 keyboard as /devices/platform/i8042/serio0/input/input1
[   19.505778][    T1] usbcore: registered new interface driver xpad
[   19.507442][    T1] usbcore: registered new interface driver usb_acecad
[   19.510780][    T1] usbcore: registered new interface driver aiptek
[   19.514012][    T1] usbcore: registered new interface driver hanwang
[   19.515400][    T1] usbcore: registered new interface driver kbtab
[   19.516800][    T1] usbcore: registered new interface driver pegasus_notetaker
[   19.520866][    T1] usbcore: registered new interface driver usbtouchscreen
[   19.524889][    T1] usbcore: registered new interface driver sur40
[   19.526729][    T1] usbcore: registered new interface driver ati_remote2
[   19.527619][    T1] cm109: Keymap for Komunikate KIP1000 phone loaded
[   19.529050][    T1] usbcore: registered new interface driver cm109
[   19.529863][    T1] cm109: CM109 phone driver: 20080805 (C) Alfred E. Heggestad
[   19.531364][    T1] usbcore: registered new interface driver ims_pcu
[   19.533683][    T1] usbcore: registered new interface driver keyspan_remote
[   19.535191][    T1] usbcore: registered new interface driver powermate
[   19.537310][    T1] usbcore: registered new interface driver yealink
[   19.542537][    T1] rtc_cmos 00:05: RTC can wake from S4
[   19.549708][    T1] rtc_cmos 00:05: registered as rtc0
[   19.550491][    T1] rtc_cmos 00:05: alarms up to one day, y3k, 242 bytes nvram, hpet irqs
[   19.554484][    T1] i2c_dev: i2c /dev entries driver
[   19.556461][    T1] usbcore: registered new interface driver i2c-diolan-u2c
[   19.558802][    T1] usbcore: registered new interface driver i2c-cp2615
[   19.560219][    T1] usbcore: registered new interface driver RobotFuzz Open Source InterFace, OSIF
[   19.562067][    T1] usbcore: registered new interface driver i2c-tiny-usb
[   19.567172][    T1] usbcore: registered new interface driver igorplugusb
[   19.568672][    T1] usbcore: registered new interface driver iguanair
[   19.570923][    T1] usbcore: registered new interface driver imon
[   19.572387][    T1] usbcore: registered new interface driver imon_raw
[   19.574027][    T1] usbcore: registered new interface driver mceusb
[   19.575415][    T1] usbcore: registered new interface driver redrat3
[   19.576869][    T1] usbcore: registered new interface driver streamzap
[   19.578299][    T1] usbcore: registered new interface driver ir_toy
[   19.579675][    T1] usbcore: registered new interface driver ttusbir
[   19.581081][    T1] usbcore: registered new interface driver ati_remote
[   19.582592][    T1] usbcore: registered new interface driver xbox_remote
[   19.584409][    T1] b2c2-flexcop: B2C2 FlexcopII/II(b)/III digital TV receiver chip loaded successfully
[   19.586532][    T1] usbcore: registered new interface driver b2c2_flexcop_usb
[   19.588038][    T1] usbcore: registered new interface driver dvb_usb_vp7045
[   19.589478][    T1] usbcore: registered new interface driver dvb_usb_vp702x
[   19.590945][    T1] usbcore: registered new interface driver dvb_usb_gp8psk
[   19.592450][    T1] usbcore: registered new interface driver dvb_usb_dtt200u
[   19.593907][    T1] usbcore: registered new interface driver dvb_usb_a800
[   19.595470][    T1] usbcore: registered new interface driver dvb_usb_dibusb_mb
[   19.597013][    T1] usbcore: registered new interface driver dvb_usb_dibusb_mc
[   19.598494][    T1] usbcore: registered new interface driver dvb_usb_nova_t_usb2
[   19.599995][    T1] usbcore: registered new interface driver dvb_usb_umt_010
[   19.603442][    T1] usbcore: registered new interface driver dvb_usb_m920x
[   19.605758][    T1] usbcore: registered new interface driver dvb_usb_digitv
[   19.607268][    T1] usbcore: registered new interface driver dvb_usb_cxusb
[   19.608726][    T1] usbcore: registered new interface driver dvb_usb_ttusb2
[   19.610840][    T1] usbcore: registered new interface driver dvb_usb_dib0700
[   19.612951][    T1] usbcore: registered new interface driver opera1
[   19.614353][    T1] usbcore: registered new interface driver dvb_usb_af9005
[   19.615252][    T1] failing symbol_get of non-GPLONLY symbol af9005_rc_decode.
[   19.616807][    T1] failing symbol_get of non-GPLONLY symbol af9005_rc_decode.
[   19.617751][    T1] failing symbol_get of non-GPLONLY symbol rc_map_af9005_table.
[   19.619353][    T1] failing symbol_get of non-GPLONLY symbol rc_map_af9005_table.
[   19.620335][    T1] failing symbol_get of non-GPLONLY symbol rc_map_af9005_table_size.
[   19.622093][    T1] failing symbol_get of non-GPLONLY symbol rc_map_af9005_table_size.
[   19.623110][    T1] af9005: af9005_rc_decode function not found, disabling remote
[   19.624631][    T1] usbcore: registered new interface driver pctv452e
[   19.626100][    T1] usbcore: registered new interface driver dw2102
[   19.627456][    T1] usbcore: registered new interface driver dvb_usb_dtv5100
[   19.628893][    T1] usbcore: registered new interface driver cinergyT2
[   19.630313][    T1] usbcore: registered new interface driver dvb_usb_az6027
[   19.631810][    T1] usbcore: registered new interface driver dvb_usb_technisat_usb2
[   19.633426][    T1] usbcore: registered new interface driver dvb_usb_af9015
[   19.634943][    T1] usbcore: registered new interface driver dvb_usb_af9035
[   19.636349][    T1] usbcore: registered new interface driver dvb_usb_anysee
[   19.637767][    T1] usbcore: registered new interface driver dvb_usb_au6610
[   19.639174][    T1] usbcore: registered new interface driver dvb_usb_az6007
[   19.640560][    T1] usbcore: registered new interface driver dvb_usb_ce6230
[   19.642069][    T1] usbcore: registered new interface driver dvb_usb_ec168
[   19.643512][    T1] usbcore: registered new interface driver dvb_usb_lmedm04
[   19.644930][    T1] usbcore: registered new interface driver dvb_usb_gl861
[   19.647419][    T1] usbcore: registered new interface driver dvb_usb_mxl111sf
[   19.648949][    T1] usbcore: registered new interface driver dvb_usb_rtl28xxu
[   19.650415][    T1] usbcore: registered new interface driver dvb_usb_dvbsky
[   19.651937][    T1] usbcore: registered new interface driver zd1301
[   19.653308][    T1] usbcore: registered new interface driver s2255
[   19.654820][    T1] usbcore: registered new interface driver smsusb
[   19.656188][    T1] usbcore: registered new interface driver ttusb
[   19.657523][    T1] usbcore: registered new interface driver ttusb-dec
[   19.658926][    T1] usbcore: registered new interface driver Abilis Systems as10x usb driver
[   19.660565][    T1] usbcore: registered new interface driver airspy
[   19.661375][    T1] gspca_main: v2.14.0 registered
[   19.662586][    T1] usbcore: registered new interface driver benq
[   19.663996][    T1] usbcore: registered new interface driver conex
[   19.665356][    T1] usbcore: registered new interface driver cpia1
[   19.666705][    T1] usbcore: registered new interface driver dtcs033
[   19.668140][    T1] usbcore: registered new interface driver etoms
[   19.669566][    T1] usbcore: registered new interface driver finepix
[   19.670952][    T1] usbcore: registered new interface driver jeilinj
[   19.672364][    T1] usbcore: registered new interface driver jl2005bcd
[   19.673750][    T1] usbcore: registered new interface driver kinect
[   19.675106][    T1] usbcore: registered new interface driver konica
[   19.676474][    T1] usbcore: registered new interface driver mars
[   19.677805][    T1] usbcore: registered new interface driver mr97310a
[   19.679260][    T1] usbcore: registered new interface driver nw80x
[   19.680714][    T1] usbcore: registered new interface driver ov519
[   19.682088][    T1] usbcore: registered new interface driver ov534
[   19.683542][    T1] usbcore: registered new interface driver ov534_9
[   19.684960][    T1] usbcore: registered new interface driver pac207
[   19.686357][    T1] usbcore: registered new interface driver gspca_pac7302
[   19.687840][    T1] usbcore: registered new interface driver pac7311
[   19.689234][    T1] usbcore: registered new interface driver se401
[   19.690605][    T1] usbcore: registered new interface driver sn9c2028
[   19.692171][    T1] usbcore: registered new interface driver gspca_sn9c20x
[   19.693681][    T1] usbcore: registered new interface driver sonixb
[   19.695180][    T1] usbcore: registered new interface driver sonixj
[   19.696617][    T1] usbcore: registered new interface driver spca500
[   19.698000][    T1] usbcore: registered new interface driver spca501
[   19.699389][    T1] usbcore: registered new interface driver spca505
[   19.700757][    T1] usbcore: registered new interface driver spca506
[   19.703145][    T1] usbcore: registered new interface driver spca508
[   19.704560][    T1] usbcore: registered new interface driver spca561
[   19.705930][    T1] usbcore: registered new interface driver spca1528
[   19.708483][    T1] usbcore: registered new interface driver sq905
[   19.709845][    T1] usbcore: registered new interface driver sq905c
[   19.711948][    T1] usbcore: registered new interface driver sq930x
[   19.713573][    T1] usbcore: registered new interface driver sunplus
[   19.714951][    T1] usbcore: registered new interface driver stk014
[   19.716325][    T1] usbcore: registered new interface driver stk1135
[   19.717684][    T1] usbcore: registered new interface driver stv0680
[   19.719053][    T1] usbcore: registered new interface driver t613
[   19.720412][    T1] usbcore: registered new interface driver gspca_topro
[   19.721888][    T1] usbcore: registered new interface driver touptek
[   19.723292][    T1] usbcore: registered new interface driver tv8532
[   19.724723][    T1] usbcore: registered new interface driver vc032x
[   19.726094][    T1] usbcore: registered new interface driver vicam
[   19.727519][    T1] usbcore: registered new interface driver xirlink-cit
[   19.729218][    T1] usbcore: registered new interface driver gspca_zc3xx
[   19.730676][    T1] usbcore: registered new interface driver ALi m5602
[   19.732856][    T1] usbcore: registered new interface driver STV06xx
[   19.734248][    T1] usbcore: registered new interface driver gspca_gl860
[   19.735662][    T1] usbcore: registered new interface driver hackrf
[   19.737045][    T1] usbcore: registered new interface driver msi2500
[   19.738515][    T1] usbcore: registered new interface driver Philips webcam
[   19.740369][    T1] usbcore: registered new interface driver uvcvideo
[   19.741192][    T1] au0828: au0828 driver loaded
[   19.742510][    T1] usbcore: registered new interface driver au0828
[   19.743991][    T1] usbcore: registered new interface driver cx231xx
[   19.745807][    T1] usbcore: registered new interface driver em28xx
[   19.746644][    T1] em28xx: Registered (Em28xx v4l2 Extension) extension
[   19.747511][    T1] em28xx: Registered (Em28xx Audio Extension) extension
[   19.748373][    T1] em28xx: Registered (Em28xx dvb Extension) extension
[   19.749221][    T1] em28xx: Registered (Em28xx Input Extension) extension
[   19.750703][    T1] usbcore: registered new interface driver go7007
[   19.752137][    T1] usbcore: registered new interface driver go7007-loader
[   19.753807][    T1] usbcore: registered new interface driver hdpvr
[   19.755689][    T1] usbcore: registered new interface driver pvrusb2
[   19.756510][    T1] pvrusb2: V4L in-tree version:Hauppauge WinTV-PVR-USB2 MPEG2 Encoder/Tuner
[   19.757581][    T1] pvrusb2: Debug mask is 31 (0x1f)
[   19.758788][    T1] usbcore: registered new interface driver stk1160
[   19.760338][    T1] usbcore: registered new interface driver usbtv
[   19.765059][    T1] dvbdev: DVB: registering new adapter (dvb_vidtv_bridge)
[   19.769785][    T1] i2c i2c-0: DVB: registering adapter 0 frontend 0 (Dummy demod for DVB-T/T2/C/S/S2)...
[   19.771382][    T1] dvbdev: dvb_create_media_entity: media entity 'Dummy demod for DVB-T/T2/C/S/S2' registered.
[   19.784332][    T1] dvbdev: dvb_create_media_entity: media entity 'dvb-demux' registered.
[   19.794394][    T1] vidtv vidtv.0: Successfully initialized vidtv!
[   19.797854][    T1] vicodec vicodec.0: Device 'stateful-encoder' registered as /dev/video0
[   19.799876][    T1] vicodec vicodec.0: Device 'stateful-decoder' registered as /dev/video1
[   19.802605][    T1] vicodec vicodec.0: Device 'stateless-decoder' registered as /dev/video2
[   19.807329][    T1] vim2m vim2m.0: Device registered as /dev/video3
[   19.838310][    T1] vivid-000: using single planar format API
[   19.859223][    T1] vivid-000: CEC adapter cec0 registered for HDMI input
[   19.861383][    T1] vivid-000: V4L2 capture device registered as video7
[   19.863302][    T1] vivid-000: CEC adapter cec1 registered for HDMI output 0
[   19.865220][    T1] vivid-000: V4L2 output device registered as video8
[   19.867127][    T1] vivid-000: V4L2 capture device registered as vbi0, supports raw and sliced VBI
[   19.869252][    T1] vivid-000: V4L2 output device registered as vbi1, supports raw and sliced VBI
[   19.871419][    T1] vivid-000: V4L2 capture device registered as swradio0
[   19.873264][    T1] vivid-000: V4L2 receiver device registered as radio0
[   19.875110][    T1] vivid-000: V4L2 transmitter device registered as radio1
[   19.876988][    T1] vivid-000: V4L2 metadata capture device registered as video9
[   19.879052][    T1] vivid-000: V4L2 metadata output device registered as video10
[   19.880974][    T1] vivid-000: V4L2 touch capture device registered as v4l-touch0
[   19.886591][    T1] usbcore: registered new interface driver radioshark2
[   19.888009][    T1] usbcore: registered new interface driver radioshark
[   19.889419][    T1] usbcore: registered new interface driver radio-si470x
[   19.891053][    T1] usbcore: registered new interface driver radio-usb-si4713
[   19.892563][    T1] usbcore: registered new interface driver dsbr100
[   19.893929][    T1] usbcore: registered new interface driver radio-keene
[   19.895339][    T1] usbcore: registered new interface driver radio-ma901
[   19.896830][    T1] usbcore: registered new interface driver radio-mr800
[   19.898233][    T1] usbcore: registered new interface driver radio-raremono
[   19.901651][    T1] usbcore: registered new interface driver powerz
[   19.904209][    T1] usbcore: registered new interface driver pcwd_usb
[   19.907486][    T1] device-mapper: core: CONFIG_IMA_DISABLE_HTABLE is disabled. Duplicate IMA measurements will not be recorded in the IMA log.
[   19.909162][    T1] device-mapper: uevent: version 1.0.3
[   19.911174][    T1] device-mapper: ioctl: 4.49.0-ioctl (2025-01-17) initialised: dm-devel@lists.linux.dev
[   19.914338][    T1] device-mapper: multipath round-robin: version 1.2.0 loaded
[   19.915288][    T1] device-mapper: multipath queue-length: version 0.2.0 loaded
[   19.916220][    T1] device-mapper: multipath service-time: version 0.3.0 loaded
[   19.918373][    T1] Bluetooth: HCI UART driver ver 2.3
[   19.919044][    T1] Bluetooth: HCI UART protocol H4 registered
[   19.919805][    T1] Bluetooth: HCI UART protocol BCSP registered
[   19.920779][    T1] Bluetooth: HCI UART protocol LL registered
[   19.921952][    T1] Bluetooth: HCI UART protocol Three-wire (H5) registered
[   19.923042][    T1] Bluetooth: HCI UART protocol QCA registered
[   19.923806][    T1] Bluetooth: HCI UART protocol AG6XX registered
[   19.924783][    T1] Bluetooth: HCI UART protocol Marvell registered
[   19.926159][    T1] usbcore: registered new interface driver bcm203x
[   19.927529][    T1] usbcore: registered new interface driver bpa10x
[   19.928949][    T1] usbcore: registered new interface driver bfusb
[   19.930422][    T1] usbcore: registered new interface driver btusb
[   19.932051][    T1] usbcore: registered new interface driver ath3k
[   19.933409][    T1] Modular ISDN core version 1.1.29
