bash: warning: setlocale: LC_ALL: cannot change locale (en_US.UTF-8)
c[?7l[2J[0mSeaBIOS (version 1.16.2-debian-1.16.2-1)


iPXE (http://ipxe.org) 00:03.0 CA00 PCI2.10 PnP PMM+BEFCEF00+BEF0EF00 CA00
Press Ctrl-B to configure iPXE (PCI 00:03.0)...                                                                               


Booting from ROM..c[?7l[2J[    0.000000] Linux version 6.1.36-07109-ge95977a5b6a6-dirty (root@buildkitsandbox) (gcc (Debian 12.2.0-14+deb12u1) 12.2.0, GNU ld (GNU Binutils for Debian) 2.40) #2 SMP PREEMPT_DYNAMIC Tue May  5 10:50:11 UTC 2026
[    0.000000] Command line: console=ttyS0 oops=panic nokaslr rdinit=/init
[    0.000000] x86/fpu: Supporting XSAVE feature 0x001: 'x87 floating point registers'
[    0.000000] x86/fpu: Supporting XSAVE feature 0x002: 'SSE registers'
[    0.000000] x86/fpu: Supporting XSAVE feature 0x004: 'AVX registers'
[    0.000000] x86/fpu: Supporting XSAVE feature 0x200: 'Protection Keys User registers'
[    0.000000] x86/fpu: xstate_offset[2]:  576, xstate_sizes[2]:  256
[    0.000000] x86/fpu: xstate_offset[9]:  832, xstate_sizes[9]:    8
[    0.000000] x86/fpu: Enabled xstate features 0x207, context size is 840 bytes, using 'compacted' format.
[    0.000000] signal: max sigframe size: 3632
[    0.000000] BIOS-provided physical RAM map:
[    0.000000] BIOS-e820: [mem 0x0000000000000000-0x000000000009fbff] usable
[    0.000000] BIOS-e820: [mem 0x000000000009fc00-0x000000000009ffff] reserved
[    0.000000] BIOS-e820: [mem 0x00000000000f0000-0x00000000000fffff] reserved
[    0.000000] BIOS-e820: [mem 0x0000000000100000-0x00000000bffdffff] usable
[    0.000000] BIOS-e820: [mem 0x00000000bffe0000-0x00000000bfffffff] reserved
[    0.000000] BIOS-e820: [mem 0x00000000feffc000-0x00000000feffffff] reserved
[    0.000000] BIOS-e820: [mem 0x00000000fffc0000-0x00000000ffffffff] reserved
[    0.000000] BIOS-e820: [mem 0x0000000100000000-0x000000013fffffff] usable
[    0.000000] NX (Execute Disable) protection: active
[    0.000000] SMBIOS 2.8 present.
[    0.000000] DMI: QEMU Standard PC (i440FX + PIIX, 1996), BIOS 1.16.2-debian-1.16.2-1 04/01/2014
[    0.000000] Hypervisor detected: KVM
[    0.000000] kvm-clock: Using msrs 4b564d01 and 4b564d00
[    0.000001] kvm-clock: using sched offset of 254330494 cycles
[    0.000003] clocksource: kvm-clock: mask: 0xffffffffffffffff max_cycles: 0x1cd42e4dffb, max_idle_ns: 881590591483 ns
[    0.000006] tsc: Detected 3187.200 MHz processor
[    0.000275] last_pfn = 0x140000 max_arch_pfn = 0x400000000
[    0.000306] x86/PAT: Configuration [0-7]: WB  WC  UC- UC  WB  WP  UC- WT  
[    0.000311] last_pfn = 0xbffe0 max_arch_pfn = 0x400000000
[    0.002259] found SMP MP-table at [mem 0x000f5ba0-0x000f5baf]
[    0.002274] Using GB pages for direct mapping
[    0.002275] Incomplete global flushes, disabling PCID
[    0.002919] RAMDISK: [mem 0xbfe92000-0xbffdffff]
[    0.002924] ACPI: Early table checksum verification disabled
[    0.002928] ACPI: RSDP 0x00000000000F59B0 000014 (v00 BOCHS )
[    0.002931] ACPI: RSDT 0x00000000BFFE1B33 000034 (v01 BOCHS  BXPC     00000001 BXPC 00000001)
[    0.002936] ACPI: FACP 0x00000000BFFE19DF 000074 (v01 BOCHS  BXPC     00000001 BXPC 00000001)
[    0.002940] ACPI: DSDT 0x00000000BFFE0040 00199F (v01 BOCHS  BXPC     00000001 BXPC 00000001)
[    0.002943] ACPI: FACS 0x00000000BFFE0000 000040
[    0.002944] ACPI: APIC 0x00000000BFFE1A53 000080 (v01 BOCHS  BXPC     00000001 BXPC 00000001)
[    0.002946] ACPI: HPET 0x00000000BFFE1AD3 000038 (v01 BOCHS  BXPC     00000001 BXPC 00000001)
[    0.002948] ACPI: WAET 0x00000000BFFE1B0B 000028 (v01 BOCHS  BXPC     00000001 BXPC 00000001)
[    0.002950] ACPI: Reserving FACP table memory at [mem 0xbffe19df-0xbffe1a52]
[    0.002951] ACPI: Reserving DSDT table memory at [mem 0xbffe0040-0xbffe19de]
[    0.002951] ACPI: Reserving FACS table memory at [mem 0xbffe0000-0xbffe003f]
[    0.002952] ACPI: Reserving APIC table memory at [mem 0xbffe1a53-0xbffe1ad2]
[    0.002953] ACPI: Reserving HPET table memory at [mem 0xbffe1ad3-0xbffe1b0a]
[    0.002953] ACPI: Reserving WAET table memory at [mem 0xbffe1b0b-0xbffe1b32]
[    0.003144] No NUMA configuration found
[    0.003144] Faking a node at [mem 0x0000000000000000-0x000000013fffffff]
[    0.003147] NODE_DATA(0) allocated [mem 0x13fffa000-0x13fffdfff]
[    0.003159] Zone ranges:
[    0.003160]   DMA      [mem 0x0000000000001000-0x0000000000ffffff]
[    0.003161]   DMA32    [mem 0x0000000001000000-0x00000000ffffffff]
[    0.003162]   Normal   [mem 0x0000000100000000-0x000000013fffffff]
[    0.003163] Movable zone start for each node
[    0.003163] Early memory node ranges
[    0.003164]   node   0: [mem 0x0000000000001000-0x000000000009efff]
[    0.003165]   node   0: [mem 0x0000000000100000-0x00000000bffdffff]
[    0.003165]   node   0: [mem 0x0000000100000000-0x000000013fffffff]
[    0.003166] Initmem setup node 0 [mem 0x0000000000001000-0x000000013fffffff]
[    0.004155] On node 0, zone DMA: 1 pages in unavailable ranges
[    0.004204] On node 0, zone DMA: 97 pages in unavailable ranges
[    0.035477] On node 0, zone Normal: 32 pages in unavailable ranges
[    0.469015] kasan: KernelAddressSanitizer initialized
[    0.469232] ACPI: PM-Timer IO Port: 0x608
[    0.469239] ACPI: LAPIC_NMI (acpi_id[0xff] dfl dfl lint[0x1])
[    0.469270] IOAPIC[0]: apic_id 0, version 17, address 0xfec00000, GSI 0-23
[    0.469272] ACPI: INT_SRC_OVR (bus 0 bus_irq 0 global_irq 2 dfl dfl)
[    0.469274] ACPI: INT_SRC_OVR (bus 0 bus_irq 5 global_irq 5 high level)
[    0.469274] ACPI: INT_SRC_OVR (bus 0 bus_irq 9 global_irq 9 high level)
[    0.469275] ACPI: INT_SRC_OVR (bus 0 bus_irq 10 global_irq 10 high level)
[    0.469276] ACPI: INT_SRC_OVR (bus 0 bus_irq 11 global_irq 11 high level)
[    0.469278] ACPI: Using ACPI (MADT) for SMP configuration information
[    0.469279] ACPI: HPET id: 0x8086a201 base: 0xfed00000
[    0.469282] TSC deadline timer available
[    0.469286] smpboot: Allowing 2 CPUs, 0 hotplug CPUs
[    0.469317] kvm-guest: KVM setup pv remote TLB flush
[    0.469319] kvm-guest: setup PV sched yield
[    0.469327] PM: hibernation: Registered nosave memory: [mem 0x00000000-0x00000fff]
[    0.469328] PM: hibernation: Registered nosave memory: [mem 0x0009f000-0x0009ffff]
[    0.469329] PM: hibernation: Registered nosave memory: [mem 0x000a0000-0x000effff]
[    0.469330] PM: hibernation: Registered nosave memory: [mem 0x000f0000-0x000fffff]
[    0.469330] PM: hibernation: Registered nosave memory: [mem 0xbffe0000-0xbfffffff]
[    0.469331] PM: hibernation: Registered nosave memory: [mem 0xc0000000-0xfeffbfff]
[    0.469332] PM: hibernation: Registered nosave memory: [mem 0xfeffc000-0xfeffffff]
[    0.469332] PM: hibernation: Registered nosave memory: [mem 0xff000000-0xfffbffff]
[    0.469332] PM: hibernation: Registered nosave memory: [mem 0xfffc0000-0xffffffff]
[    0.469334] [mem 0xc0000000-0xfeffbfff] available for PCI devices
[    0.469335] Booting paravirtualized kernel on KVM
[    0.469336] clocksource: refined-jiffies: mask: 0xffffffff max_cycles: 0xffffffff, max_idle_ns: 1910969940391419 ns
[    0.477022] setup_percpu: NR_CPUS:64 nr_cpumask_bits:2 nr_cpu_ids:2 nr_node_ids:1
[    0.477468] percpu: Embedded 65 pages/cpu s225896 r8192 d32152 u1048576
[    0.477504] Fallback order for Node 0: 0 
[    0.477507] Built 1 zonelists, mobility grouping on.  Total pages: 1031904
[    0.477508] Policy zone: Normal
[    0.477509] Kernel command line: console=ttyS0 oops=panic nokaslr rdinit=/init
[    0.477558] random: crng init done
[    0.478993] Dentry cache hash table entries: 524288 (order: 10, 4194304 bytes, linear)
[    0.479165] Inode-cache hash table entries: 262144 (order: 9, 2097152 bytes, linear)
[    0.479201] mem auto-init: stack:all(zero), heap alloc:off, heap free:off
[    0.482077] stackdepot hash table entries: 1048576 (order: 11, 8388608 bytes, linear)
[    0.482085] software IO TLB: area num 2.
[    0.660051] Memory: 3428228K/4193784K available (47117K kernel code, 7866K rwdata, 8380K rodata, 2104K init, 2632K bss, 765300K reserved, 0K cma-reserved)
[    0.660158] SLUB: HWalign=64, Order=0-3, MinObjects=0, CPUs=2, Nodes=1
[    0.661197] Dynamic Preempt: voluntary
[    0.662161] rcu: Preemptible hierarchical RCU implementation.
[    0.662162] rcu: 	RCU event tracing is enabled.
[    0.662163] rcu: 	RCU restricting CPUs from NR_CPUS=64 to nr_cpu_ids=2.
[    0.662165] 	Trampoline variant of Tasks RCU enabled.
[    0.662165] rcu: RCU calculated value of scheduler-enlistment delay is 100 jiffies.
[    0.662166] rcu: Adjusting geometry for rcu_fanout_leaf=16, nr_cpu_ids=2
[    0.667047] NR_IRQS: 4352, nr_irqs: 440, preallocated irqs: 16
[    0.667257] rcu: srcu_init: Setting srcu_struct sizes based on contention.
[    0.669669] Console: colour VGA+ 80x25
[    0.713216] printk: console [ttyS0] enabled
[    0.713484] ACPI: Core revision 20220331
[    0.713848] clocksource: hpet: mask: 0xffffffff max_cycles: 0xffffffff, max_idle_ns: 19112604467 ns
[    0.714434] APIC: Switch to symmetric I/O mode setup
[    0.714915] kvm-guest: setup PV IPIs
[    0.715794] ..TIMER: vector=0x30 apic1=0 pin1=2 apic2=-1 pin2=-1
[    0.716161] clocksource: tsc-early: mask: 0xffffffffffffffff max_cycles: 0x2df10e7656b, max_idle_ns: 440795364873 ns
[    0.716920] Calibrating delay loop (skipped) preset value.. 6374.40 BogoMIPS (lpj=3187200)
[    0.717402] pid_max: default: 32768 minimum: 301
[    0.717956] LSM: Security Framework initializing
[    0.718239] SELinux:  Initializing.
[    0.718511] Mount-cache hash table entries: 8192 (order: 4, 65536 bytes, linear)
[    0.718923] Mountpoint-cache hash table entries: 8192 (order: 4, 65536 bytes, linear)
[    0.720231] x86/cpu: User Mode Instruction Prevention (UMIP) activated
[    0.720661] Last level iTLB entries: 4KB 0, 2MB 0, 4MB 0
[    0.720917] Last level dTLB entries: 4KB 0, 2MB 0, 4MB 0, 1GB 0
[    0.721265] Spectre V1 : Mitigation: usercopy/swapgs barriers and __user pointer sanitization
[    0.721755] Spectre V2 : Mitigation: Enhanced IBRS
[    0.721916] Spectre V2 : Spectre v2 / SpectreRSB mitigation: Filling RSB on context switch
[    0.722390] Spectre V2 : Spectre v2 / PBRSB-eIBRS: Retire a single CALL on VMEXIT
[    0.722917] Spectre V2 : mitigation: Enabling conditional Indirect Branch Prediction Barrier
[    0.723402] Speculative Store Bypass: Mitigation: Speculative Store Bypass disabled via prctl
[    0.723916] MMIO Stale Data: Unknown: No mitigations
[    0.738334] Freeing SMP alternatives memory: 44K
[    0.739047] smpboot: CPU0: Intel(R) Core(TM) i9-14900K (family: 0x6, model: 0xb7, stepping: 0x1)
[    0.739851] cblist_init_generic: Setting adjustable number of callback queues.
[    0.739917] cblist_init_generic: Setting shift to 1 and lim to 1.
[    0.740309] Performance Events: unsupported p6 CPU model 183 no PMU driver, software events only.
[    0.740875] rcu: Hierarchical SRCU implementation.
[    0.740917] rcu: 	Max phase no-delay instances is 400.
[    0.741686] smp: Bringing up secondary CPUs ...
[    0.742127] x86: Booting SMP configuration:
[    0.742372] .... node  #0, CPUs:      #1
[    0.742695] smp: Brought up 1 node, 2 CPUs
[    0.743157] smpboot: Max logical packages: 1
[    0.743406] smpboot: Total of 2 processors activated (12748.80 BogoMIPS)
[    0.744171] devtmpfs: initialized
[    0.745661] clocksource: jiffies: mask: 0xffffffff max_cycles: 0xffffffff, max_idle_ns: 1911260446275000 ns
[    0.745920] futex hash table entries: 512 (order: 3, 32768 bytes, linear)
[    0.746443] PM: RTC time: 10:52:04, date: 2026-05-05
[    0.746899] NET: Registered PF_NETLINK/PF_ROUTE protocol family
[    0.747124] audit: initializing netlink subsys (disabled)
[    0.747961] audit: type=2000 audit(1777978324.677:1): state=initialized audit_enabled=0 res=1
[    0.748217] thermal_sys: Registered thermal governor 'step_wise'
[    0.748468] thermal_sys: Registered thermal governor 'user_space'
[    0.748936] cpuidle: using governor menu
[    0.749742] PCI: Using configuration type 1 for base access
[    0.758920] kprobes: kprobe jump-optimization is enabled. All kprobes are optimized if possible.
[    0.761193] HugeTLB: registered 2.00 MiB page size, pre-allocated 0 pages
[    0.761193] HugeTLB: 28 KiB vmemmap can be freed for a 2.00 MiB page
[    0.762101] ACPI: Added _OSI(Module Device)
[    0.762101] ACPI: Added _OSI(Processor Device)
[    0.762101] ACPI: Added _OSI(3.0 _SCP Extensions)
[    0.762197] ACPI: Added _OSI(Processor Aggregator Device)
[    0.768180] ACPI: 1 ACPI AML tables successfully acquired and loaded
[    0.814979] ACPI: Interpreter enabled
[    0.815253] ACPI: PM: (supports S0 S3 S4 S5)
[    0.815501] ACPI: Using IOAPIC for interrupt routing
[    0.815824] PCI: Using host bridge windows from ACPI; if necessary, use "pci=nocrs" and report a bug
[    0.815916] PCI: Using E820 reservations for host bridge windows
[    0.816598] ACPI: Enabled 2 GPEs in block 00 to 0F
[    0.827044] ACPI: PCI Root Bridge [PCI0] (domain 0000 [bus 00-ff])
[    0.827435] acpi PNP0A03:00: _OSC: OS supports [ASPM ClockPM Segments MSI HPX-Type3]
[    0.827883] acpi PNP0A03:00: _OSC: not requesting OS control; OS requires [ExtendedConfig ASPM ClockPM MSI]
[    0.827965] acpi PNP0A03:00: fail to add MMCONFIG information, can't access extended PCI configuration space under this bridge.
[    0.828816] PCI host bridge to bus 0000:00
[    0.828919] pci_bus 0000:00: root bus resource [io  0x0000-0x0cf7 window]
[    0.829327] pci_bus 0000:00: root bus resource [io  0x0d00-0xffff window]
[    0.829723] pci_bus 0000:00: root bus resource [mem 0x000a0000-0x000bffff window]
[    0.829919] pci_bus 0000:00: root bus resource [mem 0xc0000000-0xfebfffff window]
[    0.830353] pci_bus 0000:00: root bus resource [mem 0x140000000-0x1bfffffff window]
[    0.830800] pci_bus 0000:00: root bus resource [bus 00-ff]
[    0.830966] pci 0000:00:00.0: [8086:1237] type 00 class 0x060000
[    0.835190] pci 0000:00:01.0: [8086:7000] type 00 class 0x060100
[    0.839397] pci 0000:00:01.1: [8086:7010] type 00 class 0x010180
[    0.840589] pci 0000:00:01.1: reg 0x20: [io  0xc040-0xc04f]
[    0.841287] pci 0000:00:01.1: legacy IDE quirk: reg 0x10: [io  0x01f0-0x01f7]
[    0.841701] pci 0000:00:01.1: legacy IDE quirk: reg 0x14: [io  0x03f6]
[    0.841917] pci 0000:00:01.1: legacy IDE quirk: reg 0x18: [io  0x0170-0x0177]
[    0.842336] pci 0000:00:01.1: legacy IDE quirk: reg 0x1c: [io  0x0376]
[    0.842902] pci 0000:00:01.3: [8086:7113] type 00 class 0x068000
[    0.843157] pci 0000:00:01.3: quirk: [io  0x0600-0x063f] claimed by PIIX4 ACPI
[    0.843583] pci 0000:00:01.3: quirk: [io  0x0700-0x070f] claimed by PIIX4 SMB
[    0.844069] pci 0000:00:02.0: [1234:1111] type 00 class 0x030000
[    0.845251] pci 0000:00:02.0: reg 0x10: [mem 0xfd000000-0xfdffffff pref]
[    0.846505] pci 0000:00:02.0: reg 0x18: [mem 0xfebf0000-0xfebf0fff]
[    0.849421] pci 0000:00:02.0: reg 0x30: [mem 0xfebe0000-0xfebeffff pref]
[    0.849918] pci 0000:00:02.0: Video device with shadowed ROM at [mem 0x000c0000-0x000dffff]
[    0.854694] pci 0000:00:03.0: [8086:100e] type 00 class 0x020000
[    0.855307] pci 0000:00:03.0: reg 0x10: [mem 0xfebc0000-0xfebdffff]
[    0.855919] pci 0000:00:03.0: reg 0x14: [io  0xc000-0xc03f]
[    0.857870] pci 0000:00:03.0: reg 0x30: [mem 0xfeb80000-0xfebbffff pref]
[    0.862896] ACPI: PCI: Interrupt link LNKA configured for IRQ 10
[    0.863294] ACPI: PCI: Interrupt link LNKB configured for IRQ 10
[    0.864004] ACPI: PCI: Interrupt link LNKC configured for IRQ 11
[    0.864699] ACPI: PCI: Interrupt link LNKD configured for IRQ 11
[    0.865061] ACPI: PCI: Interrupt link LNKS configured for IRQ 9
[    0.866492] iommu: Default domain type: Translated 
[    0.866783] iommu: DMA domain TLB invalidation policy: lazy mode 
[    0.867130] SCSI subsystem initialized
[    0.867390] ACPI: bus type USB registered
[    0.868027] usbcore: registered new interface driver usbfs
[    0.868991] usbcore: registered new interface driver hub
[    0.869970] usbcore: registered new device driver usb
[    0.871002] pps_core: LinuxPPS API ver. 1 registered
[    0.871397] pps_core: Software ver. 5.3.6 - Copyright 2005-2007 Rodolfo Giometti <giometti@linux.it>
[    0.871944] PTP clock support registered
[    0.873092] Advanced Linux Sound Architecture Driver Initialized.
[    0.874574] NetLabel: Initializing
[    0.874922] NetLabel:  domain hash size = 128
[    0.875691] NetLabel:  protocols = UNLABELED CIPSOv4 CALIPSO
[    0.876021] NetLabel:  unlabeled traffic allowed by default
[    0.877029] PCI: Using ACPI for IRQ routing
[    0.877390] pci 0000:00:02.0: vgaarb: setting as boot VGA device
[    0.877390] pci 0000:00:02.0: vgaarb: bridge control possible
[    0.877624] pci 0000:00:02.0: vgaarb: VGA device added: decodes=io+mem,owns=io+mem,locks=none
[    0.877918] vgaarb: loaded
[    0.878180] hpet0: at MMIO 0xfed00000, IRQs 2, 8, 0
[    0.878471] hpet0: 3 comparators, 64-bit 100.000000 MHz counter
[    0.881992] clocksource: Switched to clocksource kvm-clock
[    0.882559] VFS: Disk quotas dquot_6.6.0
[    0.882802] VFS: Dquot-cache hash table entries: 512 (order 0, 4096 bytes)
[    0.883238] pnp: PnP ACPI init
[    0.884528] pnp: PnP ACPI: found 6 devices
[    0.894853] clocksource: acpi_pm: mask: 0xffffff max_cycles: 0xffffff, max_idle_ns: 2085701024 ns
[    0.895497] NET: Registered PF_INET protocol family
[    0.902605] IP idents hash table entries: 65536 (order: 7, 524288 bytes, linear)
[    0.903864] tcp_listen_portaddr_hash hash table entries: 2048 (order: 3, 32768 bytes, linear)
[    0.904399] Table-perturb hash table entries: 65536 (order: 6, 262144 bytes, linear)
[    0.904857] TCP established hash table entries: 32768 (order: 6, 262144 bytes, linear)
[    0.905441] TCP bind hash table entries: 32768 (order: 8, 1048576 bytes, linear)
[    0.906503] TCP: Hash tables configured (established 32768 bind 32768)
[    0.906992] UDP hash table entries: 2048 (order: 4, 65536 bytes, linear)
[    0.907416] UDP-Lite hash table entries: 2048 (order: 4, 65536 bytes, linear)
[    0.907981] NET: Registered PF_UNIX/PF_LOCAL protocol family
[    0.908610] RPC: Registered named UNIX socket transport module.
[    0.908970] RPC: Registered udp transport module.
[    0.909256] RPC: Registered tcp transport module.
[    0.909529] RPC: Registered tcp NFSv4.1 backchannel transport module.
[    0.910240] pci_bus 0000:00: resource 4 [io  0x0000-0x0cf7 window]
[    0.910604] pci_bus 0000:00: resource 5 [io  0x0d00-0xffff window]
[    0.910965] pci_bus 0000:00: resource 6 [mem 0x000a0000-0x000bffff window]
[    0.911363] pci_bus 0000:00: resource 7 [mem 0xc0000000-0xfebfffff window]
[    0.911761] pci_bus 0000:00: resource 8 [mem 0x140000000-0x1bfffffff window]
[    0.912264] pci 0000:00:01.0: PIIX3: Enabling Passive Release
[    0.912603] pci 0000:00:00.0: Limiting direct PCI/PCI transfers
[    0.912981] PCI: CLS 0 bytes, default 64
[    0.913233] PCI-DMA: Using software bounce buffering for IO (SWIOTLB)
[    0.913604] software IO TLB: mapped [mem 0x00000000bbe92000-0x00000000bfe92000] (64MB)
[    0.914346] Unpacking initramfs...
[    0.914888] RAPL PMU: API unit is 2^-32 Joules, 0 fixed counters, 10737418240 ms ovfl timer
[    0.915401] clocksource: tsc: mask: 0xffffffffffffffff max_cycles: 0x2df10e7656b, max_idle_ns: 440795364873 ns
[    0.919635] Initialise system trusted keyrings
[    0.920042] workingset: timestamp_bits=56 max_order=20 bucket_order=0
[    0.926390] NFS: Registering the id_resolver key type
[    0.926727] Key type id_resolver registered
[    0.926975] Key type id_legacy registered
[    0.927338] 9p: Installing v9fs 9p2000 file system support
[    0.931644] Key type asymmetric registered
[    0.931943] Asymmetric key parser 'x509' registered
[    0.932275] Freeing initrd memory: 1336K
[    0.932315] Block layer SCSI generic (bsg) driver version 0.4 loaded (major 251)
[    0.932993] io scheduler mq-deadline registered
[    0.933265] io scheduler kyber registered
[    0.933686] cryptomgr_test (41) used greatest stack depth: 30912 bytes left
[    0.934408] input: Power Button as /devices/LNXSYSTM:00/LNXPWRBN:00/input/input0
[    0.934959] ACPI: button: Power Button [PWRF]
[    0.935619] Serial: 8250/16550 driver, 4 ports, IRQ sharing enabled
[    0.936091] 00:04: ttyS0 at I/O 0x3f8 (irq = 4, base_baud = 115200) is a 16550A
[    0.937239] Non-volatile memory driver v1.3
[    0.937497] Linux agpgart interface v0.103
[    0.937846] ACPI: bus type drm_connector registered
[    0.942379] loop: module loaded
[    0.943877] scsi host0: ata_piix
[    0.944378] scsi host1: ata_piix
[    0.944668] ata1: PATA max MWDMA2 cmd 0x1f0 ctl 0x3f6 bmdma 0xc040 irq 14
[    0.945074] ata2: PATA max MWDMA2 cmd 0x170 ctl 0x376 bmdma 0xc048 irq 15
[    0.945966] e100: Intel(R) PRO/100 Network Driver
[    0.946253] e100: Copyright(c) 1999-2006 Intel Corporation
[    0.946596] e1000: Intel(R) PRO/1000 Network Driver
[    0.946894] e1000: Copyright (c) 1999-2006 Intel Corporation.
[    1.099115] ata2: found unknown device (class 0)
[    1.100565] ata2.00: ATAPI: QEMU DVD-ROM, 2.5+, max UDMA/100
[    1.102794] scsi 1:0:0:0: CD-ROM            QEMU     QEMU DVD-ROM     2.5+ PQ: 0 ANSI: 5
[    1.140075] sr 1:0:0:0: [sr0] scsi3-mmc drive: 4x/4x cd/rw xa/form2 tray
[    1.140476] cdrom: Uniform CD-ROM driver Revision: 3.20
[    1.160633] sr 1:0:0:0: Attached scsi generic sg0 type 5
[    1.264346] ACPI: \_SB_.LNKC: Enabled at IRQ 11
[    1.554485] e1000 0000:00:03.0 eth0: (PCI:33MHz:32-bit) 52:54:00:12:34:56
[    1.554904] e1000 0000:00:03.0 eth0: Intel(R) PRO/1000 Network Connection
[    1.555382] e1000e: Intel(R) PRO/1000 Network Driver
[    1.555674] e1000e: Copyright(c) 1999 - 2015 Intel Corporation.
[    1.556045] sky2: driver version 1.30
[    1.556853] usbcore: registered new interface driver usblp
[    1.557209] usbcore: registered new interface driver usb-storage
[    1.557629] i8042: PNP: PS/2 Controller [PNP0303:KBD,PNP0f13:MOU] at 0x60,0x64 irq 1,12
[    1.558580] serio: i8042 KBD port at 0x60,0x64 irq 1
[    1.558877] serio: i8042 AUX port at 0x60,0x64 irq 12
[    1.559633] rtc_cmos 00:05: RTC can wake from S4
[    1.559995] input: AT Translated Set 2 keyboard as /devices/platform/i8042/serio0/input/input1
[    1.561644] rtc_cmos 00:05: registered as rtc0
[    1.562004] rtc_cmos 00:05: alarms up to one day, y3k, 242 bytes nvram, hpet irqs
[    1.562773] device-mapper: ioctl: 4.47.0-ioctl (2022-07-28) initialised: dm-devel@redhat.com
[    1.563277] intel_pstate: CPU model not supported
[    1.563602] hid: raw HID events driver (C) Jiri Kosina
[    1.564276] usbcore: registered new interface driver usbhid
[    1.564613] usbhid: USB HID core driver
[    1.566276] Initializing XFRM netlink socket
[    1.566848] NET: Registered PF_INET6 protocol family
[    1.567821] Segment Routing with IPv6
[    1.568055] In-situ OAM (IOAM) with IPv6
[    1.568445] sit: IPv6, IPv4 and MPLS over IPv4 tunneling driver
[    1.569145] NET: Registered PF_PACKET protocol family
[    1.569526] 9pnet: Installing 9P2000 support
[    1.569822] Key type dns_resolver registered
[    1.570347] IPI shorthand broadcast: enabled
[    1.570647] sched_clock: Marking stable (1522595762, 47650880)->(1586274722, -16028080)
[    1.571262] registered taskstats version 1
[    1.571505] Loading compiled-in X.509 certificates
[    1.572556] cryptomgr_test (64) used greatest stack depth: 30536 bytes left
[    1.573165] cryptomgr_test (71) used greatest stack depth: 30432 bytes left
[    1.573656] PM:   Magic number: 10:766:880
[    1.573955] printk: console [netcon0] enabled
[    1.574213] netconsole: network logging started
[    1.574675] cfg80211: Loading compiled-in X.509 certificates for regulatory database
[    1.575355] kworker/u4:2 (73) used greatest stack depth: 29512 bytes left
[    1.576083] cfg80211: Loaded X.509 cert 'sforshee: 00b28ddf47aef9cea7'
[    1.576497] ALSA device list:
[    1.576743]   No soundcards found.
[    1.577413] Freeing unused kernel image (initmem) memory: 2104K
[    1.577738] platform regulatory.0: Direct firmware load for regulatory.db failed with error -2
[    1.578072] cfg80211: failed to load regulatory.db
[    1.582729] Write protecting the kernel read-only data: 59392k
[    1.583352] Freeing unused kernel image (text/rodata gap) memory: 2032K
[    1.583862] Freeing unused kernel image (rodata/data gap) memory: 1860K
[    1.591389] x86/mm: Checked W+X mappings: passed, no W+X pages found.
[    1.591723] Run /init as init process
[    1.593323] mount (78) used greatest stack depth: 28360 bytes left

secb: rootfs ready
---- poc begin ----
poc: start: CVE-2023-4004 nft_set_pipapo improper element removal UAF
poc: done
[    1.803076] poc (84) used greatest stack depth: 26752 bytes left
---- poc end rc=0 ----
secb: poc exited without crashing the kernel
[    2.179242] input: ImExPS/2 Generic Explorer Mouse as /devices/platform/i8042/serio1/input/input3
[    3.088225] ACPI: PM: Preparing to enter system sleep state S5
[    3.088542] reboot: Power down
NO_CRASH_DETECTED
