bash: warning: setlocale: LC_ALL: cannot change locale (en_US.UTF-8)
c[?7l[2J[0mSeaBIOS (version 1.16.2-debian-1.16.2-1)


iPXE (http://ipxe.org) 00:03.0 CA00 PCI2.10 PnP PMM+BEFCEF00+BEF0EF00 CA00
Press Ctrl-B to configure iPXE (PCI 00:03.0)...                                                                               


Booting from ROM..c[?7l[2J[    0.000000] Linux version 6.1.36-07107-ga1c449d00ff8-dirty (root@buildkitsandbox) (gcc (Debian 12.2.0-14+deb12u1) 12.2.0, GNU ld (GNU Binutils for Debian) 2.40) #1 SMP PREEMPT_DYNAMIC Tue May  5 10:47:37 UTC 2026
[    0.000000] Command line: console=ttyS0 oops=panic nokaslr rdinit=/init
[    0.000000] x86/fpu: Supporting XSAVE feature 0x001: 'x87 floating point registers'
[    0.000000] x86/fpu: Supporting XSAVE feature 0x002: 'SSE registers'
[    0.000000] x86/fpu: Supporting XSAVE feature 0x004: 'AVX registers'
[    0.000000] x86/fpu: Supporting XSAVE feature 0x200: 'Protection Keys User registers'
[    0.000000] x86/fpu: xstate_offset[2]:  576, xstate_sizes[2]:  256
[    0.000000] x86/fpu: xstate_offset[9]:  832, xstate_sizes[9]:    8
[    0.000000] x86/fpu: Enabled xstate features 0x207, context size is 840 bytes, using 'compacted' format.
[    0.000000] signal: max sigframe size: 3632
[    0.000000] BIOS-provided physical RAM map:
[    0.000000] BIOS-e820: [mem 0x0000000000000000-0x000000000009fbff] usable
[    0.000000] BIOS-e820: [mem 0x000000000009fc00-0x000000000009ffff] reserved
[    0.000000] BIOS-e820: [mem 0x00000000000f0000-0x00000000000fffff] reserved
[    0.000000] BIOS-e820: [mem 0x0000000000100000-0x00000000bffdffff] usable
[    0.000000] BIOS-e820: [mem 0x00000000bffe0000-0x00000000bfffffff] reserved
[    0.000000] BIOS-e820: [mem 0x00000000feffc000-0x00000000feffffff] reserved
[    0.000000] BIOS-e820: [mem 0x00000000fffc0000-0x00000000ffffffff] reserved
[    0.000000] BIOS-e820: [mem 0x0000000100000000-0x000000013fffffff] usable
[    0.000000] NX (Execute Disable) protection: active
[    0.000000] SMBIOS 2.8 present.
[    0.000000] DMI: QEMU Standard PC (i440FX + PIIX, 1996), BIOS 1.16.2-debian-1.16.2-1 04/01/2014
[    0.000000] Hypervisor detected: KVM
[    0.000000] kvm-clock: Using msrs 4b564d01 and 4b564d00
[    0.000001] kvm-clock: using sched offset of 303729478 cycles
[    0.000003] clocksource: kvm-clock: mask: 0xffffffffffffffff max_cycles: 0x1cd42e4dffb, max_idle_ns: 881590591483 ns
[    0.000005] tsc: Detected 3187.200 MHz processor
[    0.000277] last_pfn = 0x140000 max_arch_pfn = 0x400000000
[    0.000307] x86/PAT: Configuration [0-7]: WB  WC  UC- UC  WB  WP  UC- WT  
[    0.000312] last_pfn = 0xbffe0 max_arch_pfn = 0x400000000
[    0.002263] found SMP MP-table at [mem 0x000f5ba0-0x000f5baf]
[    0.002275] Using GB pages for direct mapping
[    0.002276] Incomplete global flushes, disabling PCID
[    0.004027] RAMDISK: [mem 0xbfe92000-0xbffdffff]
[    0.004035] ACPI: Early table checksum verification disabled
[    0.004039] ACPI: RSDP 0x00000000000F59B0 000014 (v00 BOCHS )
[    0.004042] ACPI: RSDT 0x00000000BFFE1B33 000034 (v01 BOCHS  BXPC     00000001 BXPC 00000001)
[    0.004047] ACPI: FACP 0x00000000BFFE19DF 000074 (v01 BOCHS  BXPC     00000001 BXPC 00000001)
[    0.004051] ACPI: DSDT 0x00000000BFFE0040 00199F (v01 BOCHS  BXPC     00000001 BXPC 00000001)
[    0.004054] ACPI: FACS 0x00000000BFFE0000 000040
[    0.004055] ACPI: APIC 0x00000000BFFE1A53 000080 (v01 BOCHS  BXPC     00000001 BXPC 00000001)
[    0.004057] ACPI: HPET 0x00000000BFFE1AD3 000038 (v01 BOCHS  BXPC     00000001 BXPC 00000001)
[    0.004059] ACPI: WAET 0x00000000BFFE1B0B 000028 (v01 BOCHS  BXPC     00000001 BXPC 00000001)
[    0.004061] ACPI: Reserving FACP table memory at [mem 0xbffe19df-0xbffe1a52]
[    0.004062] ACPI: Reserving DSDT table memory at [mem 0xbffe0040-0xbffe19de]
[    0.004063] ACPI: Reserving FACS table memory at [mem 0xbffe0000-0xbffe003f]
[    0.004064] ACPI: Reserving APIC table memory at [mem 0xbffe1a53-0xbffe1ad2]
[    0.004064] ACPI: Reserving HPET table memory at [mem 0xbffe1ad3-0xbffe1b0a]
[    0.004065] ACPI: Reserving WAET table memory at [mem 0xbffe1b0b-0xbffe1b32]
[    0.004266] No NUMA configuration found
[    0.004267] Faking a node at [mem 0x0000000000000000-0x000000013fffffff]
[    0.004270] NODE_DATA(0) allocated [mem 0x13fffa000-0x13fffdfff]
[    0.004295] Zone ranges:
[    0.004296]   DMA      [mem 0x0000000000001000-0x0000000000ffffff]
[    0.004297]   DMA32    [mem 0x0000000001000000-0x00000000ffffffff]
[    0.004298]   Normal   [mem 0x0000000100000000-0x000000013fffffff]
[    0.004299] Movable zone start for each node
[    0.004300] Early memory node ranges
[    0.004300]   node   0: [mem 0x0000000000001000-0x000000000009efff]
[    0.004301]   node   0: [mem 0x0000000000100000-0x00000000bffdffff]
[    0.004302]   node   0: [mem 0x0000000100000000-0x000000013fffffff]
[    0.004303] Initmem setup node 0 [mem 0x0000000000001000-0x000000013fffffff]
[    0.005452] On node 0, zone DMA: 1 pages in unavailable ranges
[    0.005501] On node 0, zone DMA: 97 pages in unavailable ranges
[    0.056135] On node 0, zone Normal: 32 pages in unavailable ranges
[    0.313237] kasan: KernelAddressSanitizer initialized
[    0.313452] ACPI: PM-Timer IO Port: 0x608
[    0.313459] ACPI: LAPIC_NMI (acpi_id[0xff] dfl dfl lint[0x1])
[    0.313489] IOAPIC[0]: apic_id 0, version 17, address 0xfec00000, GSI 0-23
[    0.313491] ACPI: INT_SRC_OVR (bus 0 bus_irq 0 global_irq 2 dfl dfl)
[    0.313493] ACPI: INT_SRC_OVR (bus 0 bus_irq 5 global_irq 5 high level)
[    0.313494] ACPI: INT_SRC_OVR (bus 0 bus_irq 9 global_irq 9 high level)
[    0.313495] ACPI: INT_SRC_OVR (bus 0 bus_irq 10 global_irq 10 high level)
[    0.313495] ACPI: INT_SRC_OVR (bus 0 bus_irq 11 global_irq 11 high level)
[    0.313498] ACPI: Using ACPI (MADT) for SMP configuration information
[    0.313498] ACPI: HPET id: 0x8086a201 base: 0xfed00000
[    0.313502] TSC deadline timer available
[    0.313503] smpboot: Allowing 2 CPUs, 0 hotplug CPUs
[    0.313522] kvm-guest: KVM setup pv remote TLB flush
[    0.313524] kvm-guest: setup PV sched yield
[    0.313532] PM: hibernation: Registered nosave memory: [mem 0x00000000-0x00000fff]
[    0.313534] PM: hibernation: Registered nosave memory: [mem 0x0009f000-0x0009ffff]
[    0.313534] PM: hibernation: Registered nosave memory: [mem 0x000a0000-0x000effff]
[    0.313535] PM: hibernation: Registered nosave memory: [mem 0x000f0000-0x000fffff]
[    0.313536] PM: hibernation: Registered nosave memory: [mem 0xbffe0000-0xbfffffff]
[    0.313536] PM: hibernation: Registered nosave memory: [mem 0xc0000000-0xfeffbfff]
[    0.313537] PM: hibernation: Registered nosave memory: [mem 0xfeffc000-0xfeffffff]
[    0.313537] PM: hibernation: Registered nosave memory: [mem 0xff000000-0xfffbffff]
[    0.313538] PM: hibernation: Registered nosave memory: [mem 0xfffc0000-0xffffffff]
[    0.313539] [mem 0xc0000000-0xfeffbfff] available for PCI devices
[    0.313540] Booting paravirtualized kernel on KVM
[    0.313542] clocksource: refined-jiffies: mask: 0xffffffff max_cycles: 0xffffffff, max_idle_ns: 1910969940391419 ns
[    0.321246] setup_percpu: NR_CPUS:64 nr_cpumask_bits:2 nr_cpu_ids:2 nr_node_ids:1
[    0.322135] percpu: Embedded 65 pages/cpu s225896 r8192 d32152 u1048576
[    0.322172] Fallback order for Node 0: 0 
[    0.322175] Built 1 zonelists, mobility grouping on.  Total pages: 1031904
[    0.322176] Policy zone: Normal
[    0.322177] Kernel command line: console=ttyS0 oops=panic nokaslr rdinit=/init
[    0.322228] random: crng init done
[    0.323844] Dentry cache hash table entries: 524288 (order: 10, 4194304 bytes, linear)
[    0.324030] Inode-cache hash table entries: 262144 (order: 9, 2097152 bytes, linear)
[    0.324067] mem auto-init: stack:all(zero), heap alloc:off, heap free:off
[    0.327754] stackdepot hash table entries: 1048576 (order: 11, 8388608 bytes, linear)
[    0.327762] software IO TLB: area num 2.
[    0.420138] Memory: 3428228K/4193784K available (47117K kernel code, 7866K rwdata, 8380K rodata, 2104K init, 2632K bss, 765300K reserved, 0K cma-reserved)
[    0.420247] SLUB: HWalign=64, Order=0-3, MinObjects=0, CPUs=2, Nodes=1
[    0.421220] Dynamic Preempt: voluntary
[    0.421548] rcu: Preemptible hierarchical RCU implementation.
[    0.421549] rcu: 	RCU event tracing is enabled.
[    0.421550] rcu: 	RCU restricting CPUs from NR_CPUS=64 to nr_cpu_ids=2.
[    0.421552] 	Trampoline variant of Tasks RCU enabled.
[    0.421553] rcu: RCU calculated value of scheduler-enlistment delay is 100 jiffies.
[    0.421553] rcu: Adjusting geometry for rcu_fanout_leaf=16, nr_cpu_ids=2
[    0.426281] NR_IRQS: 4352, nr_irqs: 440, preallocated irqs: 16
[    0.426478] rcu: srcu_init: Setting srcu_struct sizes based on contention.
[    0.428898] Console: colour VGA+ 80x25
[    0.472177] printk: console [ttyS0] enabled
[    0.472445] ACPI: Core revision 20220331
[    0.472802] clocksource: hpet: mask: 0xffffffff max_cycles: 0xffffffff, max_idle_ns: 19112604467 ns
[    0.473386] APIC: Switch to symmetric I/O mode setup
[    0.473677] kvm-guest: setup PV IPIs
[    0.474532] ..TIMER: vector=0x30 apic1=0 pin1=2 apic2=-1 pin2=-1
[    0.474898] clocksource: tsc-early: mask: 0xffffffffffffffff max_cycles: 0x2df10e7656b, max_idle_ns: 440795364873 ns
[    0.475546] Calibrating delay loop (skipped) preset value.. 6374.40 BogoMIPS (lpj=3187200)
[    0.476029] pid_max: default: 32768 minimum: 301
[    0.476343] LSM: Security Framework initializing
[    0.476559] SELinux:  Initializing.
[    0.476837] Mount-cache hash table entries: 8192 (order: 4, 65536 bytes, linear)
[    0.477548] Mountpoint-cache hash table entries: 8192 (order: 4, 65536 bytes, linear)
[    0.478421] x86/cpu: User Mode Instruction Prevention (UMIP) activated
[    0.478598] Last level iTLB entries: 4KB 0, 2MB 0, 4MB 0
[    0.478911] Last level dTLB entries: 4KB 0, 2MB 0, 4MB 0, 1GB 0
[    0.479548] Spectre V1 : Mitigation: usercopy/swapgs barriers and __user pointer sanitization
[    0.480039] Spectre V2 : Mitigation: Enhanced IBRS
[    0.480317] Spectre V2 : Spectre v2 / SpectreRSB mitigation: Filling RSB on context switch
[    0.480542] Spectre V2 : Spectre v2 / PBRSB-eIBRS: Retire a single CALL on VMEXIT
[    0.480975] Spectre V2 : mitigation: Enabling conditional Indirect Branch Prediction Barrier
[    0.481542] Speculative Store Bypass: Mitigation: Speculative Store Bypass disabled via prctl
[    0.482033] MMIO Stale Data: Unknown: No mitigations
[    0.496969] Freeing SMP alternatives memory: 44K
[    0.497645] smpboot: CPU0: Intel(R) Core(TM) i9-14900K (family: 0x6, model: 0xb7, stepping: 0x1)
[    0.498323] cblist_init_generic: Setting adjustable number of callback queues.
[    0.498543] cblist_init_generic: Setting shift to 1 and lim to 1.
[    0.498916] Performance Events: unsupported p6 CPU model 183 no PMU driver, software events only.
[    0.499469] rcu: Hierarchical SRCU implementation.
[    0.499543] rcu: 	Max phase no-delay instances is 400.
[    0.500196] smp: Bringing up secondary CPUs ...
[    0.500590] x86: Booting SMP configuration:
[    0.500837] .... node  #0, CPUs:      #1
[    0.501168] smp: Brought up 1 node, 2 CPUs
[    0.501545] smpboot: Max logical packages: 1
[    0.501795] smpboot: Total of 2 processors activated (12748.80 BogoMIPS)
[    0.502646] devtmpfs: initialized
[    0.504004] clocksource: jiffies: mask: 0xffffffff max_cycles: 0xffffffff, max_idle_ns: 1911260446275000 ns
[    0.504546] futex hash table entries: 512 (order: 3, 32768 bytes, linear)
[    0.505058] PM: RTC time: 10:49:57, date: 2026-05-05
[    0.505485] NET: Registered PF_NETLINK/PF_ROUTE protocol family
[    0.505732] audit: initializing netlink subsys (disabled)
[    0.506285] audit: type=2000 audit(1777978198.554:1): state=initialized audit_enabled=0 res=1
[    0.506285] thermal_sys: Registered thermal governor 'step_wise'
[    0.506545] thermal_sys: Registered thermal governor 'user_space'
[    0.506952] cpuidle: using governor menu
[    0.507781] PCI: Using configuration type 1 for base access
[    0.515772] kprobes: kprobe jump-optimization is enabled. All kprobes are optimized if possible.
[    0.517859] HugeTLB: registered 2.00 MiB page size, pre-allocated 0 pages
[    0.518553] HugeTLB: 28 KiB vmemmap can be freed for a 2.00 MiB page
[    0.520541] ACPI: Added _OSI(Module Device)
[    0.521549] ACPI: Added _OSI(Processor Device)
[    0.521826] ACPI: Added _OSI(3.0 _SCP Extensions)
[    0.522117] ACPI: Added _OSI(Processor Aggregator Device)
[    0.528467] ACPI: 1 ACPI AML tables successfully acquired and loaded
[    0.572212] ACPI: Interpreter enabled
[    0.572493] ACPI: PM: (supports S0 S3 S4 S5)
[    0.572545] ACPI: Using IOAPIC for interrupt routing
[    0.572878] PCI: Using host bridge windows from ACPI; if necessary, use "pci=nocrs" and report a bug
[    0.573403] PCI: Using E820 reservations for host bridge windows
[    0.573885] ACPI: Enabled 2 GPEs in block 00 to 0F
[    0.585246] ACPI: PCI Root Bridge [PCI0] (domain 0000 [bus 00-ff])
[    0.585555] acpi PNP0A03:00: _OSC: OS supports [ASPM ClockPM Segments MSI HPX-Type3]
[    0.586003] acpi PNP0A03:00: _OSC: not requesting OS control; OS requires [ExtendedConfig ASPM ClockPM MSI]
[    0.586594] acpi PNP0A03:00: fail to add MMCONFIG information, can't access extended PCI configuration space under this bridge.
[    0.587457] PCI host bridge to bus 0000:00
[    0.587545] pci_bus 0000:00: root bus resource [io  0x0000-0x0cf7 window]
[    0.587939] pci_bus 0000:00: root bus resource [io  0x0d00-0xffff window]
[    0.588333] pci_bus 0000:00: root bus resource [mem 0x000a0000-0x000bffff window]
[    0.588544] pci_bus 0000:00: root bus resource [mem 0xc0000000-0xfebfffff window]
[    0.588989] pci_bus 0000:00: root bus resource [mem 0x140000000-0x1bfffffff window]
[    0.589456] pci_bus 0000:00: root bus resource [bus 00-ff]
[    0.589598] pci 0000:00:00.0: [8086:1237] type 00 class 0x060000
[    0.594070] pci 0000:00:01.0: [8086:7000] type 00 class 0x060100
[    0.598425] pci 0000:00:01.1: [8086:7010] type 00 class 0x010180
[    0.599408] pci 0000:00:01.1: reg 0x20: [io  0xc040-0xc04f]
[    0.600019] pci 0000:00:01.1: legacy IDE quirk: reg 0x10: [io  0x01f0-0x01f7]
[    0.600440] pci 0000:00:01.1: legacy IDE quirk: reg 0x14: [io  0x03f6]
[    0.600543] pci 0000:00:01.1: legacy IDE quirk: reg 0x18: [io  0x0170-0x0177]
[    0.600974] pci 0000:00:01.1: legacy IDE quirk: reg 0x1c: [io  0x0376]
[    0.601576] pci 0000:00:01.3: [8086:7113] type 00 class 0x068000
[    0.602171] pci 0000:00:01.3: quirk: [io  0x0600-0x063f] claimed by PIIX4 ACPI
[    0.602548] pci 0000:00:01.3: quirk: [io  0x0700-0x070f] claimed by PIIX4 SMB
[    0.603141] pci 0000:00:02.0: [1234:1111] type 00 class 0x030000
[    0.603900] pci 0000:00:02.0: reg 0x10: [mem 0xfd000000-0xfdffffff pref]
[    0.605169] pci 0000:00:02.0: reg 0x18: [mem 0xfebf0000-0xfebf0fff]
[    0.607295] pci 0000:00:02.0: reg 0x30: [mem 0xfebe0000-0xfebeffff pref]
[    0.607623] pci 0000:00:02.0: Video device with shadowed ROM at [mem 0x000c0000-0x000dffff]
[    0.612681] pci 0000:00:03.0: [8086:100e] type 00 class 0x020000
[    0.613401] pci 0000:00:03.0: reg 0x10: [mem 0xfebc0000-0xfebdffff]
[    0.613827] pci 0000:00:03.0: reg 0x14: [io  0xc000-0xc03f]
[    0.615546] pci 0000:00:03.0: reg 0x30: [mem 0xfeb80000-0xfebbffff pref]
[    0.620815] ACPI: PCI: Interrupt link LNKA configured for IRQ 10
[    0.621541] ACPI: PCI: Interrupt link LNKB configured for IRQ 10
[    0.622257] ACPI: PCI: Interrupt link LNKC configured for IRQ 11
[    0.622888] ACPI: PCI: Interrupt link LNKD configured for IRQ 11
[    0.623382] ACPI: PCI: Interrupt link LNKS configured for IRQ 9
[    0.624540] iommu: Default domain type: Translated 
[    0.624834] iommu: DMA domain TLB invalidation policy: lazy mode 
[    0.625374] SCSI subsystem initialized
[    0.625656] ACPI: bus type USB registered
[    0.625916] usbcore: registered new interface driver usbfs
[    0.626257] usbcore: registered new interface driver hub
[    0.626557] usbcore: registered new device driver usb
[    0.626899] pps_core: LinuxPPS API ver. 1 registered
[    0.627189] pps_core: Software ver. 5.3.6 - Copyright 2005-2007 Rodolfo Giometti <giometti@linux.it>
[    0.627551] PTP clock support registered
[    0.627810] Advanced Linux Sound Architecture Driver Initialized.
[    0.628639] NetLabel: Initializing
[    0.628842] NetLabel:  domain hash size = 128
[    0.629098] NetLabel:  protocols = UNLABELED CIPSOv4 CALIPSO
[    0.629466] NetLabel:  unlabeled traffic allowed by default
[    0.629660] PCI: Using ACPI for IRQ routing
[    0.629915] pci 0000:00:02.0: vgaarb: setting as boot VGA device
[    0.629915] pci 0000:00:02.0: vgaarb: bridge control possible
[    0.630246] pci 0000:00:02.0: vgaarb: VGA device added: decodes=io+mem,owns=io+mem,locks=none
[    0.630545] vgaarb: loaded
[    0.630784] hpet0: at MMIO 0xfed00000, IRQs 2, 8, 0
[    0.631072] hpet0: 3 comparators, 64-bit 100.000000 MHz counter
[    0.633607] clocksource: Switched to clocksource kvm-clock
[    0.663159] VFS: Disk quotas dquot_6.6.0
[    0.663675] VFS: Dquot-cache hash table entries: 512 (order 0, 4096 bytes)
[    0.665115] pnp: PnP ACPI init
[    0.666827] pnp: PnP ACPI: found 6 devices
[    0.676046] clocksource: acpi_pm: mask: 0xffffff max_cycles: 0xffffff, max_idle_ns: 2085701024 ns
[    0.676632] NET: Registered PF_INET protocol family
[    0.677236] IP idents hash table entries: 65536 (order: 7, 524288 bytes, linear)
[    0.678393] tcp_listen_portaddr_hash hash table entries: 2048 (order: 3, 32768 bytes, linear)
[    0.678921] Table-perturb hash table entries: 65536 (order: 6, 262144 bytes, linear)
[    0.679407] TCP established hash table entries: 32768 (order: 6, 262144 bytes, linear)
[    0.679997] TCP bind hash table entries: 32768 (order: 8, 1048576 bytes, linear)
[    0.681361] TCP: Hash tables configured (established 32768 bind 32768)
[    0.681841] UDP hash table entries: 2048 (order: 4, 65536 bytes, linear)
[    0.682243] UDP-Lite hash table entries: 2048 (order: 4, 65536 bytes, linear)
[    0.682782] NET: Registered PF_UNIX/PF_LOCAL protocol family
[    0.683695] RPC: Registered named UNIX socket transport module.
[    0.684051] RPC: Registered udp transport module.
[    0.684336] RPC: Registered tcp transport module.
[    0.684621] RPC: Registered tcp NFSv4.1 backchannel transport module.
[    0.685359] pci_bus 0000:00: resource 4 [io  0x0000-0x0cf7 window]
[    0.685740] pci_bus 0000:00: resource 5 [io  0x0d00-0xffff window]
[    0.686125] pci_bus 0000:00: resource 6 [mem 0x000a0000-0x000bffff window]
[    0.686542] pci_bus 0000:00: resource 7 [mem 0xc0000000-0xfebfffff window]
[    0.686956] pci_bus 0000:00: resource 8 [mem 0x140000000-0x1bfffffff window]
[    0.687480] pci 0000:00:01.0: PIIX3: Enabling Passive Release
[    0.687835] pci 0000:00:00.0: Limiting direct PCI/PCI transfers
[    0.688232] PCI: CLS 0 bytes, default 64
[    0.688491] PCI-DMA: Using software bounce buffering for IO (SWIOTLB)
[    0.688720] Unpacking initramfs...
[    0.688877] software IO TLB: mapped [mem 0x00000000bbe92000-0x00000000bfe92000] (64MB)
[    0.691273] RAPL PMU: API unit is 2^-32 Joules, 0 fixed counters, 10737418240 ms ovfl timer
[    0.691835] clocksource: tsc: mask: 0xffffffffffffffff max_cycles: 0x2df10e7656b, max_idle_ns: 440795364873 ns
[    0.694077] Initialise system trusted keyrings
[    0.694466] workingset: timestamp_bits=56 max_order=20 bucket_order=0
[    0.700998] NFS: Registering the id_resolver key type
[    0.701339] Key type id_resolver registered
[    0.701594] Key type id_legacy registered
[    0.701942] 9p: Installing v9fs 9p2000 file system support
[    0.706243] Key type asymmetric registered
[    0.706549] Asymmetric key parser 'x509' registered
[    0.706894] Block layer SCSI generic (bsg) driver version 0.4 loaded (major 251)
[    0.707375] io scheduler mq-deadline registered
[    0.707657] io scheduler kyber registered
[    0.708047] cryptomgr_test (40) used greatest stack depth: 30912 bytes left
[    0.710878] input: Power Button as /devices/LNXSYSTM:00/LNXPWRBN:00/input/input0
[    0.710954] Freeing initrd memory: 1336K
[    0.711698] ACPI: button: Power Button [PWRF]
[    0.712374] Serial: 8250/16550 driver, 4 ports, IRQ sharing enabled
[    0.712854] 00:04: ttyS0 at I/O 0x3f8 (irq = 4, base_baud = 115200) is a 16550A
[    0.713949] Non-volatile memory driver v1.3
[    0.714219] Linux agpgart interface v0.103
[    0.714566] ACPI: bus type drm_connector registered
[    0.720160] loop: module loaded
[    0.721660] scsi host0: ata_piix
[    0.722134] scsi host1: ata_piix
[    0.722411] ata1: PATA max MWDMA2 cmd 0x1f0 ctl 0x3f6 bmdma 0xc040 irq 14
[    0.722808] ata2: PATA max MWDMA2 cmd 0x170 ctl 0x376 bmdma 0xc048 irq 15
[    0.723834] e100: Intel(R) PRO/100 Network Driver
[    0.724116] e100: Copyright(c) 1999-2006 Intel Corporation
[    0.724454] e1000: Intel(R) PRO/1000 Network Driver
[    0.724745] e1000: Copyright (c) 1999-2006 Intel Corporation.
[    0.881179] ata2: found unknown device (class 0)
[    0.881887] ata2.00: ATAPI: QEMU DVD-ROM, 2.5+, max UDMA/100
[    0.882997] scsi 1:0:0:0: CD-ROM            QEMU     QEMU DVD-ROM     2.5+ PQ: 0 ANSI: 5
[    0.928452] sr 1:0:0:0: [sr0] scsi3-mmc drive: 4x/4x cd/rw xa/form2 tray
[    0.928848] cdrom: Uniform CD-ROM driver Revision: 3.20
[    0.947949] sr 1:0:0:0: Attached scsi generic sg0 type 5
[    1.044147] ACPI: \_SB_.LNKC: Enabled at IRQ 11
[    1.333595] e1000 0000:00:03.0 eth0: (PCI:33MHz:32-bit) 52:54:00:12:34:56
[    1.334007] e1000 0000:00:03.0 eth0: Intel(R) PRO/1000 Network Connection
[    1.334458] e1000e: Intel(R) PRO/1000 Network Driver
[    1.334747] e1000e: Copyright(c) 1999 - 2015 Intel Corporation.
[    1.335118] sky2: driver version 1.30
[    1.335739] usbcore: registered new interface driver usblp
[    1.336096] usbcore: registered new interface driver usb-storage
[    1.336504] i8042: PNP: PS/2 Controller [PNP0303:KBD,PNP0f13:MOU] at 0x60,0x64 irq 1,12
[    1.337446] serio: i8042 KBD port at 0x60,0x64 irq 1
[    1.337745] serio: i8042 AUX port at 0x60,0x64 irq 12
[    1.338427] input: AT Translated Set 2 keyboard as /devices/platform/i8042/serio0/input/input1
[    1.339151] rtc_cmos 00:05: RTC can wake from S4
[    1.340156] rtc_cmos 00:05: registered as rtc0
[    1.340487] rtc_cmos 00:05: alarms up to one day, y3k, 242 bytes nvram, hpet irqs
[    1.341306] device-mapper: ioctl: 4.47.0-ioctl (2022-07-28) initialised: dm-devel@redhat.com
[    1.341836] intel_pstate: CPU model not supported
[    1.342217] hid: raw HID events driver (C) Jiri Kosina
[    1.342877] usbcore: registered new interface driver usbhid
[    1.343222] usbhid: USB HID core driver
[    1.344942] Initializing XFRM netlink socket
[    1.345486] NET: Registered PF_INET6 protocol family
[    1.346202] Segment Routing with IPv6
[    1.346442] In-situ OAM (IOAM) with IPv6
[    1.346761] sit: IPv6, IPv4 and MPLS over IPv4 tunneling driver
[    1.347383] NET: Registered PF_PACKET protocol family
[    1.347750] 9pnet: Installing 9P2000 support
[    1.348044] Key type dns_resolver registered
[    1.348540] IPI shorthand broadcast: enabled
[    1.348845] sched_clock: Marking stable (1301442742, 47054955)->(1357945553, -9447856)
[    1.349522] registered taskstats version 1
[    1.349776] Loading compiled-in X.509 certificates
[    1.350522] cryptomgr_test (64) used greatest stack depth: 30536 bytes left
[    1.351744] PM:   Magic number: 10:216:830
[    1.352061] printk: console [netcon0] enabled
[    1.352330] netconsole: network logging started
[    1.352789] cfg80211: Loading compiled-in X.509 certificates for regulatory database
[    1.353487] kworker/u4:1 (73) used greatest stack depth: 29512 bytes left
[    1.354125] cryptomgr_probe (75) used greatest stack depth: 28984 bytes left
[    1.354252] cfg80211: Loaded X.509 cert 'sforshee: 00b28ddf47aef9cea7'
[    1.354968] ALSA device list:
[    1.355185]   No soundcards found.
[    1.355914] Freeing unused kernel image (initmem) memory: 2104K
[    1.356237] platform regulatory.0: Direct firmware load for regulatory.db failed with error -2
[    1.356579] cfg80211: failed to load regulatory.db
[    1.364080] Write protecting the kernel read-only data: 59392k
[    1.364737] Freeing unused kernel image (text/rodata gap) memory: 2032K
[    1.365262] Freeing unused kernel image (rodata/data gap) memory: 1860K
[    1.372777] x86/mm: Checked W+X mappings: passed, no W+X pages found.
[    1.373070] Run /init as init process
[    1.374803] mount (78) used greatest stack depth: 28360 bytes left

secb: rootfs ready
---- poc begin ----
poc: start: CVE-2023-4004 nft_set_pipapo improper element removal UAF
poc: done
[    1.586775] poc (84) used greatest stack depth: 26752 bytes left
---- poc end rc=0 ----
secb: poc exited without crashing the kernel
[    1.616095] ==================================================================
[    1.616427] BUG: KASAN: use-after-free in nf_tables_set_elem_destroy+0xc3/0xe0
[    1.616714] Read of size 1 at addr ffff888103893208 by task kworker/u4:1/25
[    1.616987] 
[    1.617057] CPU: 0 PID: 25 Comm: kworker/u4:1 Not tainted 6.1.36-07107-ga1c449d00ff8-dirty #1
[    1.617397] Hardware name: QEMU Standard PC (i440FX + PIIX, 1996), BIOS 1.16.2-debian-1.16.2-1 04/01/2014
[    1.617771] Workqueue: netns cleanup_net
[    1.617931] Call Trace:
[    1.618034]  <TASK>
[    1.618124]  dump_stack_lvl+0x33/0x46
[    1.618273]  print_report+0x181/0x4a5
[    1.618425]  ? nf_tables_set_elem_destroy+0xc3/0xe0
[    1.618618]  kasan_report+0xc5/0x150
[    1.618763]  ? nf_tables_set_elem_destroy+0xc3/0xe0
[    1.618957]  nf_tables_set_elem_destroy+0xc3/0xe0
[    1.619147]  nft_set_pipapo_match_destroy+0x117/0x1f0
[    1.619354]  ? kasan_save_stack+0x41/0x60
[    1.619516]  nft_pipapo_destroy+0x62/0x790
[    1.619680]  ? process_one_work+0x721/0x1210
[    1.619852]  ? ret_from_fork+0x1f/0x30
[    1.620002]  nft_set_destroy+0x1e7/0x520
[    1.620158]  __nft_release_table+0x6ab/0xd60
[    1.620330]  ? nf_tables_abort+0xa0/0xa0
[    1.620488]  ? __mutex_lock_slowpath+0x10/0x10
[    1.620665]  nf_tables_exit_net+0x21b/0x470
[    1.620831]  ops_exit_list+0x89/0x140
[    1.620978]  cleanup_net+0x3af/0x980
[    1.621122]  ? unregister_pernet_device+0x70/0x70
[    1.621308]  ? read_word_at_a_time+0xe/0x20
[    1.621476]  ? strscpy+0xa9/0x280
[    1.621610]  process_one_work+0x721/0x1210
[    1.621773]  worker_thread+0xe9/0x1350
[    1.621923]  ? process_one_work+0x1210/0x1210
[    1.622096]  kthread+0x260/0x300
[    1.622227]  ? kthread_complete_and_exit+0x20/0x20
[    1.622418]  ret_from_fork+0x1f/0x30
[    1.622562]  </TASK>
[    1.622653] 
[    1.622719] Allocated by task 84:
[    1.622853]  kasan_save_stack+0x2f/0x60
[    1.623005]  kasan_set_track+0x21/0x30
[    1.623155]  __kasan_kmalloc+0x8e/0x90
[    1.623304]  __kmalloc+0x55/0x160
[    1.623440]  nft_set_elem_init+0xba/0x590
[    1.623599]  nft_add_set_elem+0xd63/0x30e0
[    1.623761]  nf_tables_newsetelem+0x57d/0xa70
[    1.623934]  nfnetlink_rcv_batch+0x12c5/0x1ff0
[    1.624111]  nfnetlink_rcv+0x2db/0x360
[    1.624264]  netlink_unicast+0x597/0x810
[    1.624429]  netlink_sendmsg+0x7b3/0xc60
[    1.624594]  sock_sendmsg+0xdf/0x110
[    1.624743]  ____sys_sendmsg+0x5c6/0x7d0
[    1.624908]  ___sys_sendmsg+0x100/0x180
[    1.625072]  __sys_sendmsg+0xe2/0x190
[    1.625228]  do_syscall_64+0x37/0x90
[    1.625372]  entry_SYSCALL_64_after_hwframe+0x63/0xcd
[    1.625570] 
[    1.625637] Freed by task 48:
[    1.625764]  kasan_save_stack+0x2f/0x60
[    1.625928]  kasan_set_track+0x21/0x30
[    1.626085]  kasan_save_free_info+0x2a/0x50
[    1.626251]  __kasan_slab_free+0x106/0x180
[    1.626419]  __kmem_cache_free+0x76/0x180
[    1.626585]  nf_tables_trans_destroy_work+0x594/0x8c0
[    1.626793]  process_one_work+0x721/0x1210
[    1.626963]  worker_thread+0xe9/0x1350
[    1.627119]  kthread+0x260/0x300
[    1.627256]  ret_from_fork+0x1f/0x30
[    1.627402] 
[    1.627467] The buggy address belongs to the object at ffff888103893200
[    1.627467]  which belongs to the cache kmalloc-64 of size 64
[    1.627926] The buggy address is located 8 bytes inside of
[    1.627926]  64-byte region [ffff888103893200, ffff888103893240)
[    1.628358] 
[    1.628424] The buggy address belongs to the physical page:
[    1.628641] page:0000000014d3d754 refcount:1 mapcount:0 mapping:0000000000000000 index:0x0 pfn:0x103893
[    1.628995] flags: 0x200000000000200(slab|node=0|zone=2)
[    1.629201] raw: 0200000000000200 0000000000000000 dead000000000122 ffff888100041640
[    1.629497] raw: 0000000000000000 0000000080200020 00000001ffffffff 0000000000000000
[    1.629788] page dumped because: kasan: bad access detected
[    1.630000] 
[    1.630065] Memory state around the buggy address:
[    1.630252]  ffff888103893100: fa fb fb fb fb fb fb fb fc fc fc fc fc fc fc fc
[    1.630532]  ffff888103893180: fa fb fb fb fb fb fb fb fc fc fc fc fc fc fc fc
[    1.630812] >ffff888103893200: fa fb fb fb fb fb fb fb fc fc fc fc fc fc fc fc
[    1.631086]                       ^
[    1.631223]  ffff888103893280: fc fc fc fc fc fc fc fc fc fc fc fc fc fc fc fc
[    1.631500]  ffff888103893300: fc fc fc fc fc fc fc fc fc fc fc fc fc fc fc fc
[    1.631779] ==================================================================
[    1.632074] Disabling lock debugging due to kernel taint
[    1.962405] input: ImExPS/2 Generic Explorer Mouse as /devices/platform/i8042/serio1/input/input3
[    2.855519] ACPI: PM: Preparing to enter system sleep state S5
[    2.855836] reboot: Power down
CONFIRMED: KASAN_UAF
