c[?7l[2J[0mSeaBIOS (version 1.16.2-debian-1.16.2-1)


iPXE (http://ipxe.org) 00:03.0 CA00 PCI2.10 PnP PMM+7EFCEF00+7EF0EF00 CA00
Press Ctrl-B to configure iPXE (PCI 00:03.0)...                                                                               


Booting from ROM..c[?7l[2J[    0.000000] Linux version 7.0.0-rc2-00308-g84ac5e4c52b3-dirty (root@buildkitsandbox) (gcc (Debian 12.2.0-14+deb12u1) 12.2.0, GNU ld (GNU Binutils for Debian) 2.40) #2 SMP PREEMPT_DYNAMIC Tue May  5 16:09:43 UTC 2026
[    0.000000] Command line: console=ttyS0 oops=panic nokaslr rdinit=/init
[    0.000000] BIOS-provided physical RAM map:
[    0.000000] BIOS-e820: [mem 0x0000000000000000-0x000000000009fbff]  System RAM
[    0.000000] BIOS-e820: [mem 0x000000000009fc00-0x000000000009ffff]  device reserved
[    0.000000] BIOS-e820: [gap 0x00000000000a0000-0x00000000000effff]
[    0.000000] BIOS-e820: [mem 0x00000000000f0000-0x00000000000fffff]  device reserved
[    0.000000] BIOS-e820: [mem 0x0000000000100000-0x000000007ffdffff]  System RAM
[    0.000000] BIOS-e820: [mem 0x000000007ffe0000-0x000000007fffffff]  device reserved
[    0.000000] BIOS-e820: [gap 0x0000000080000000-0x00000000feffbfff]
[    0.000000] BIOS-e820: [mem 0x00000000feffc000-0x00000000feffffff]  device reserved
[    0.000000] BIOS-e820: [gap 0x00000000ff000000-0x00000000fffbffff]
[    0.000000] BIOS-e820: [mem 0x00000000fffc0000-0x00000000ffffffff]  device reserved
[    0.000000] NX (Execute Disable) protection: active
[    0.000000] APIC: Static calls initialized
[    0.000000] SMBIOS 2.8 present.
[    0.000000] DMI: QEMU Standard PC (i440FX + PIIX, 1996), BIOS 1.16.2-debian-1.16.2-1 04/01/2014
[    0.000000] DMI: Memory slots populated: 1/1
[    0.000000] Hypervisor detected: KVM
[    0.000000] last_pfn = 0x7ffe0 max_arch_pfn = 0x400000000
[    0.000000] kvm-clock: Using msrs 4b564d01 and 4b564d00
[    0.000000] kvm-clock: using sched offset of 228042259 cycles
[    0.000002] clocksource: kvm-clock: mask: 0xffffffffffffffff max_cycles: 0x1cd42e4dffb, max_idle_ns: 881590591483 ns
[    0.000005] tsc: Detected 3187.200 MHz processor
[    0.000329] last_pfn = 0x7ffe0 max_arch_pfn = 0x400000000
[    0.000347] MTRR map: 4 entries (3 fixed + 1 variable; max 19), built from 8 variable MTRRs
[    0.000349] x86/PAT: Configuration [0-7]: WB  WC  UC- UC  WB  WP  UC- WT  
[    0.002306] found SMP MP-table at [mem 0x000f5ba0-0x000f5baf]
[    0.002312] Using GB pages for direct mapping
[    0.002402] RAMDISK: [mem 0x7fe92000-0x7ffdffff]
[    0.002406] ACPI: Early table checksum verification disabled
[    0.002409] ACPI: RSDP 0x00000000000F59D0 000014 (v00 BOCHS )
[    0.002411] ACPI: RSDT 0x000000007FFE1B33 000034 (v01 BOCHS  BXPC     00000001 BXPC 00000001)
[    0.002416] ACPI: FACP 0x000000007FFE19DF 000074 (v01 BOCHS  BXPC     00000001 BXPC 00000001)
[    0.002421] ACPI: DSDT 0x000000007FFE0040 00199F (v01 BOCHS  BXPC     00000001 BXPC 00000001)
[    0.002423] ACPI: FACS 0x000000007FFE0000 000040
[    0.002425] ACPI: APIC 0x000000007FFE1A53 000080 (v01 BOCHS  BXPC     00000001 BXPC 00000001)
[    0.002427] ACPI: HPET 0x000000007FFE1AD3 000038 (v01 BOCHS  BXPC     00000001 BXPC 00000001)
[    0.002429] ACPI: WAET 0x000000007FFE1B0B 000028 (v01 BOCHS  BXPC     00000001 BXPC 00000001)
[    0.002431] ACPI: Reserving FACP table memory at [mem 0x7ffe19df-0x7ffe1a52]
[    0.002432] ACPI: Reserving DSDT table memory at [mem 0x7ffe0040-0x7ffe19de]
[    0.002432] ACPI: Reserving FACS table memory at [mem 0x7ffe0000-0x7ffe003f]
[    0.002433] ACPI: Reserving APIC table memory at [mem 0x7ffe1a53-0x7ffe1ad2]
[    0.002434] ACPI: Reserving HPET table memory at [mem 0x7ffe1ad3-0x7ffe1b0a]
[    0.002434] ACPI: Reserving WAET table memory at [mem 0x7ffe1b0b-0x7ffe1b32]
[    0.002613] No NUMA configuration found
[    0.002614] Faking a node at [mem 0x0000000000000000-0x000000007ffdffff]
[    0.002615] NODE_DATA(0) allocated [mem 0x7fe8e900-0x7fe91fff]
[    0.194701] KernelAddressSanitizer initialized (generic)
[    0.194915] ACPI: PM-Timer IO Port: 0x608
[    0.194926] ACPI: LAPIC_NMI (acpi_id[0xff] dfl dfl lint[0x1])
[    0.194952] IOAPIC[0]: apic_id 0, version 17, address 0xfec00000, GSI 0-23
[    0.194955] ACPI: INT_SRC_OVR (bus 0 bus_irq 0 global_irq 2 dfl dfl)
[    0.194956] ACPI: INT_SRC_OVR (bus 0 bus_irq 5 global_irq 5 high level)
[    0.194957] ACPI: INT_SRC_OVR (bus 0 bus_irq 9 global_irq 9 high level)
[    0.194958] ACPI: INT_SRC_OVR (bus 0 bus_irq 10 global_irq 10 high level)
[    0.194959] ACPI: INT_SRC_OVR (bus 0 bus_irq 11 global_irq 11 high level)
[    0.194961] ACPI: Using ACPI (MADT) for SMP configuration information
[    0.194962] ACPI: HPET id: 0x8086a201 base: 0xfed00000
[    0.194964] TSC deadline timer available
[    0.194967] CPU topo: Max. logical packages:   1
[    0.194967] CPU topo: Max. logical dies:       1
[    0.194968] CPU topo: Max. dies per package:   1
[    0.194970] CPU topo: Max. threads per core:   1
[    0.194970] CPU topo: Num. cores per package:     2
[    0.194971] CPU topo: Num. threads per package:   2
[    0.194971] CPU topo: Allowing 2 present CPUs plus 0 hotplug CPUs
[    0.194986] kvm-guest: APIC: eoi() replaced with kvm_guest_apic_eoi_write()
[    0.194998] kvm-guest: KVM setup pv remote TLB flush
[    0.195001] kvm-guest: setup PV sched yield
[    0.195006] PM: hibernation: Registered nosave memory: [mem 0x00000000-0x00000fff]
[    0.195007] PM: hibernation: Registered nosave memory: [mem 0x0009f000-0x000fffff]
[    0.195008] [gap 0x80000000-0xfeffbfff] available for PCI devices
[    0.195010] Booting paravirtualized kernel on KVM
[    0.195012] clocksource: refined-jiffies: mask: 0xffffffff max_cycles: 0xffffffff, max_idle_ns: 1910969940391419 ns
[    0.202876] Zone ranges:
[    0.202878]   DMA      [mem 0x0000000000001000-0x0000000000ffffff]
[    0.202881]   DMA32    [mem 0x0000000001000000-0x000000007ffdffff]
[    0.202882]   Normal   empty
[    0.202882] Movable zone start for each node
[    0.202883] Early memory node ranges
[    0.202883]   node   0: [mem 0x0000000000001000-0x000000000009efff]
[    0.202884]   node   0: [mem 0x0000000000100000-0x000000007ffdffff]
[    0.202885] Initmem setup node 0 [mem 0x0000000000001000-0x000000007ffdffff]
[    0.205637] On node 0, zone DMA: 1 pages in unavailable ranges
[    0.205667] On node 0, zone DMA: 97 pages in unavailable ranges
[    0.241612] On node 0, zone DMA32: 32 pages in unavailable ranges
[    0.241622] setup_percpu: NR_CPUS:64 nr_cpumask_bits:2 nr_cpu_ids:2 nr_node_ids:1
[    0.246073] percpu: Embedded 64 pages/cpu s224344 r8192 d29608 u1048576
[    0.246114] Kernel command line: console=ttyS0 oops=panic nokaslr rdinit=/init
[    0.246154] random: crng init done
[    0.246155] printk: log buffer data + meta data: 262144 + 917504 = 1179648 bytes
[    0.251043] Dentry cache hash table entries: 262144 (order: 9, 2097152 bytes, linear)
[    0.254041] Inode-cache hash table entries: 131072 (order: 8, 1048576 bytes, linear)
[    0.254089] Fallback order for Node 0: 0 
[    0.254093] Built 1 zonelists, mobility grouping on.  Total pages: 524158
[    0.254094] Policy zone: DMA32
[    0.254095] mem auto-init: stack:all(zero), heap alloc:off, heap free:off
[    0.254096] stackdepot: allocating hash table via alloc_large_system_hash
[    0.254097] stackdepot hash table entries: 1048576 (order: 12, 16777216 bytes, linear)
[    0.302607] stackdepot: allocating space for 8192 stack pools via memblock
[    0.323558] SLUB: HWalign=64, Order=0-3, MinObjects=0, CPUs=2, Nodes=1
[    0.324908] Dynamic Preempt: lazy
[    0.325482] rcu: Preemptible hierarchical RCU implementation.
[    0.325484] rcu: 	RCU event tracing is enabled.
[    0.325484] rcu: 	RCU restricting CPUs from NR_CPUS=64 to nr_cpu_ids=2.
[    0.325486] 	Trampoline variant of Tasks RCU enabled.
[    0.325486] 	Tracing variant of Tasks RCU enabled.
[    0.325487] rcu: RCU calculated value of scheduler-enlistment delay is 100 jiffies.
[    0.325488] rcu: Adjusting geometry for rcu_fanout_leaf=16, nr_cpu_ids=2
[    0.325511] RCU Tasks: Setting shift to 1 and lim to 1 rcu_task_cb_adjust=1 rcu_task_cpu_ids=2.
[    0.334376] NR_IRQS: 4352, nr_irqs: 440, preallocated irqs: 16
[    0.334613] rcu: srcu_init: Setting srcu_struct sizes based on contention.
[    0.336991] Console: colour VGA+ 80x25
[    0.337022] printk: legacy console [ttyS0] enabled
[    0.378165] ACPI: Core revision 20251212
[    0.380157] clocksource: hpet: mask: 0xffffffff max_cycles: 0xffffffff, max_idle_ns: 19112604467 ns
[    0.380758] APIC: Switch to symmetric I/O mode setup
[    0.381162] x2apic enabled
[    0.381477] APIC: Switched APIC routing to: physical x2apic
[    0.382017] kvm-guest: APIC: send_IPI_mask() replaced with kvm_send_ipi_mask()
[    0.382448] kvm-guest: APIC: send_IPI_mask_allbutself() replaced with kvm_send_ipi_mask_allbutself()
[    0.383207] kvm-guest: setup PV IPIs
[    0.384069] ..TIMER: vector=0x30 apic1=0 pin1=2 apic2=-1 pin2=-1
[    0.384427] clocksource: tsc-early: mask: 0xffffffffffffffff max_cycles: 0x2df10e7656b, max_idle_ns: 440795364873 ns
[    0.385070] Calibrating delay loop (skipped) preset value.. 6374.40 BogoMIPS (lpj=3187200)
[    0.385638] x86/cpu: User Mode Instruction Prevention (UMIP) activated
[    0.386119] Last level iTLB entries: 4KB 0, 2MB 0, 4MB 0
[    0.386430] Last level dTLB entries: 4KB 0, 2MB 0, 4MB 0, 1GB 0
[    0.387071] mitigations: Enabled attack vectors: user_kernel, user_user, SMT mitigations: auto
[    0.387568] Speculative Store Bypass: Mitigation: Speculative Store Bypass disabled via prctl
[    0.388067] Spectre V2 : Mitigation: Enhanced / Automatic IBRS
[    0.388408] ITS: Mitigation: Aligned branch/return thunks
[    0.388724] Spectre V1 : Mitigation: usercopy/swapgs barriers and __user pointer sanitization
[    0.389067] Spectre V2 : Spectre v2 / PBRSB-eIBRS: Retire a single CALL on VMEXIT
[    0.389507] Spectre V2 : mitigation: Enabling conditional Indirect Branch Prediction Barrier
[    0.390067] active return thunk: its_return_thunk
[    0.390359] x86/fpu: Supporting XSAVE feature 0x001: 'x87 floating point registers'
[    0.390819] x86/fpu: Supporting XSAVE feature 0x002: 'SSE registers'
[    0.391066] x86/fpu: Supporting XSAVE feature 0x004: 'AVX registers'
[    0.391450] x86/fpu: Supporting XSAVE feature 0x200: 'Protection Keys User registers'
[    0.392067] x86/fpu: xstate_offset[2]:  576, xstate_sizes[2]:  256
[    0.392438] x86/fpu: xstate_offset[9]:  832, xstate_sizes[9]:    8
[    0.392803] x86/fpu: Enabled xstate features 0x207, context size is 840 bytes, using 'compacted' format.
[    0.408562] Freeing SMP alternatives memory: 44K
[    0.408870] pid_max: default: 32768 minimum: 301
[    0.409175] SELinux:  Initializing.
[    0.409562] Mount-cache hash table entries: 4096 (order: 3, 32768 bytes, linear)
[    0.410069] Mountpoint-cache hash table entries: 4096 (order: 3, 32768 bytes, linear)
[    0.410673] VFS: Finished mounting rootfs on nullfs
[    0.411326] smpboot: CPU0: Intel(R) Core(TM) i9-14900K (family: 0x6, model: 0xb7, stepping: 0x1)
[    0.412066] Performance Events: unsupported CPU family 6 model 183 no PMU driver, software events only.
[    0.412097] signal: max sigframe size: 3632
[    0.412387] rcu: Hierarchical SRCU implementation.
[    0.412683] rcu: 	Max phase no-delay instances is 400.
[    0.413052] Timer migration: 1 hierarchy levels; 8 children per group; 1 crossnode level
[    0.415269] smp: Bringing up secondary CPUs ...
[    0.416224] smpboot: x86: Booting SMP configuration:
[    0.416519] .... node  #0, CPUs:      #1
[    0.416600] smp: Brought up 1 node, 2 CPUs
[    0.417323] smpboot: Total of 2 processors activated (12748.80 BogoMIPS)
[    0.417869] Memory: 1682016K/2096632K available (45699K kernel code, 8308K rwdata, 10152K rodata, 5636K init, 1064K bss, 407156K reserved, 0K cma-reserved)
[    0.418237] devtmpfs: initialized
[    0.420201] clocksource: jiffies: mask: 0xffffffff max_cycles: 0xffffffff, max_idle_ns: 1911260446275000 ns
[    0.420645] posixtimers hash table entries: 1024 (order: 2, 16384 bytes, linear)
[    0.421071] futex hash table entries: 512 (32768 bytes on 1 NUMA nodes, total 32 KiB, linear).
[    0.421720] PM: RTC time: 16:14:03, date: 2026-05-05
[    0.422162] NET: Registered PF_NETLINK/PF_ROUTE protocol family
[    0.422742] audit: initializing netlink subsys (disabled)
[    0.423099] audit: type=2000 audit(1777997643.668:1): state=initialized audit_enabled=0 res=1
[    0.424103] thermal_sys: Registered thermal governor 'step_wise'
[    0.424144] cpuidle: using governor menu
[    0.425049] PCI: Using configuration type 1 for base access
[    0.425172] kprobes: kprobe jump-optimization is enabled. All kprobes are optimized if possible.
[    0.428145] HugeTLB: registered 2.00 MiB page size, pre-allocated 0 pages
[    0.428612] HugeTLB: 28 KiB vmemmap can be freed for a 2.00 MiB page
[    0.429508] ACPI: Added _OSI(Module Device)
[    0.429768] ACPI: Added _OSI(Processor Device)
[    0.430038] ACPI: Added _OSI(Processor Aggregator Device)
[    0.436565] ACPI: 1 ACPI AML tables successfully acquired and loaded
[    0.438641] ACPI: \_SB_: platform _OSC: OS support mask [002a7eee]
[    0.439725] ACPI: Interpreter enabled
[    0.439984] ACPI: PM: (supports S0 S3 S4 S5)
[    0.440068] ACPI: Using IOAPIC for interrupt routing
[    0.440403] PCI: Using host bridge windows from ACPI; if necessary, use "pci=nocrs" and report a bug
[    0.440950] PCI: Using E820 reservations for host bridge windows
[    0.441427] ACPI: Enabled 2 GPEs in block 00 to 0F
[    0.454174] ACPI: PCI Root Bridge [PCI0] (domain 0000 [bus 00-ff])
[    0.454688] acpi PNP0A03:00: _OSC: OS supports [ASPM ClockPM Segments MSI HPX-Type3]
[    0.455070] acpi PNP0A03:00: _OSC: not requesting OS control; OS requires [ExtendedConfig ASPM ClockPM MSI]
[    0.455789] acpi PNP0A03:00: _OSC: platform retains control of PCIe features (AE_ERROR)
[    0.456101] acpi PNP0A03:00: fail to add MMCONFIG information, can't access extended configuration space under this bridge
[    0.456965] PCI host bridge to bus 0000:00
[    0.457093] pci_bus 0000:00: root bus resource [io  0x0000-0x0cf7 window]
[    0.457505] pci_bus 0000:00: root bus resource [io  0x0d00-0xffff window]
[    0.457918] pci_bus 0000:00: root bus resource [mem 0x000a0000-0x000bffff window]
[    0.458068] pci_bus 0000:00: root bus resource [mem 0x80000000-0xfebfffff window]
[    0.458523] pci_bus 0000:00: root bus resource [mem 0x100000000-0x17fffffff window]
[    0.458984] pci_bus 0000:00: root bus resource [bus 00-ff]
[    0.459102] pci 0000:00:00.0: [8086:1237] type 00 class 0x060000 conventional PCI endpoint
[    0.463964] pci 0000:00:01.0: [8086:7000] type 00 class 0x060100 conventional PCI endpoint
[    0.468380] pci 0000:00:01.1: [8086:7010] type 00 class 0x010180 conventional PCI endpoint
[    0.469238] pci 0000:00:01.1: BAR 4 [io  0xc040-0xc04f]
[    0.469575] pci 0000:00:01.1: BAR 0 [io  0x01f0-0x01f7]: legacy IDE quirk
[    0.469994] pci 0000:00:01.1: BAR 1 [io  0x03f6]: legacy IDE quirk
[    0.470068] pci 0000:00:01.1: BAR 2 [io  0x0170-0x0177]: legacy IDE quirk
[    0.470455] pci 0000:00:01.1: BAR 3 [io  0x0376]: legacy IDE quirk
[    0.470970] pci 0000:00:01.3: [8086:7113] type 00 class 0x068000 conventional PCI endpoint
[    0.471263] pci 0000:00:01.3: quirk: [io  0x0600-0x063f] claimed by PIIX4 ACPI
[    0.471701] pci 0000:00:01.3: quirk: [io  0x0700-0x070f] claimed by PIIX4 SMB
[    0.472226] pci 0000:00:02.0: [1234:1111] type 00 class 0x030000 conventional PCI endpoint
[    0.473390] pci 0000:00:02.0: BAR 0 [mem 0xfd000000-0xfdffffff pref]
[    0.473811] pci 0000:00:02.0: BAR 2 [mem 0xfebf0000-0xfebf0fff]
[    0.474084] pci 0000:00:02.0: ROM [mem 0xfebe0000-0xfebeffff pref]
[    0.474517] pci 0000:00:02.0: Video device with shadowed ROM at [mem 0x000c0000-0x000dffff]
[    0.479368] pci 0000:00:03.0: [8086:100e] type 00 class 0x020000 conventional PCI endpoint
[    0.480466] pci 0000:00:03.0: BAR 0 [mem 0xfebc0000-0xfebdffff]
[    0.480839] pci 0000:00:03.0: BAR 1 [io  0xc000-0xc03f]
[    0.481088] pci 0000:00:03.0: ROM [mem 0xfeb80000-0xfebbffff pref]
[    0.487420] ACPI: PCI: Interrupt link LNKA configured for IRQ 10
[    0.488207] ACPI: PCI: Interrupt link LNKB configured for IRQ 10
[    0.488975] ACPI: PCI: Interrupt link LNKC configured for IRQ 11
[    0.489450] ACPI: PCI: Interrupt link LNKD configured for IRQ 11
[    0.489959] ACPI: PCI: Interrupt link LNKS configured for IRQ 9
[    0.491115] iommu: Default domain type: Translated
[    0.491407] iommu: DMA domain TLB invalidation policy: lazy mode
[    0.492248] SCSI subsystem initialized
[    0.493237] ACPI: bus type USB registered
[    0.493540] usbcore: registered new interface driver usbfs
[    0.493901] usbcore: registered new interface driver hub
[    0.494082] usbcore: registered new device driver usb
[    0.494416] pps_core: LinuxPPS API ver. 1 registered
[    0.494706] pps_core: Software ver. 5.3.6 - Copyright 2005-2007 Rodolfo Giometti <giometti@linux.it>
[    0.495078] PTP clock support registered
[    0.496137] Advanced Linux Sound Architecture Driver Initialized.
[    0.497083] NetLabel: Initializing
[    0.497292] NetLabel:  domain hash size = 128
[    0.497557] NetLabel:  protocols = UNLABELED CIPSOv4 CALIPSO
[    0.497944] NetLabel:  unlabeled traffic allowed by default
[    0.499119] PCI: Using ACPI for IRQ routing
[    0.499427] e820: register RAM buffer resource [mem 0x0009fc00-0x0009ffff]
[    0.499844] e820: register RAM buffer resource [mem 0x7ffe0000-0x7fffffff]
[    0.500124] pci 0000:00:02.0: vgaarb: setting as boot VGA device
[    0.500487] pci 0000:00:02.0: vgaarb: bridge control possible
[    0.500834] pci 0000:00:02.0: vgaarb: VGA device added: decodes=io+mem,owns=io+mem,locks=none
[    0.501067] vgaarb: loaded
[    0.501304] hpet0: at MMIO 0xfed00000, IRQs 2, 8, 0
[    0.501603] hpet0: 3 comparators, 64-bit 100.000000 MHz counter
[    0.503109] clocksource: Switched to clocksource kvm-clock
[    0.503719] VFS: Disk quotas dquot_6.6.0
[    0.503973] VFS: Dquot-cache hash table entries: 512 (order 0, 4096 bytes)
[    0.504761] pnp: PnP ACPI init
[    0.506129] pnp: PnP ACPI: found 6 devices
[    0.514856] clocksource: acpi_pm: mask: 0xffffff max_cycles: 0xffffff, max_idle_ns: 2085701024 ns
[    0.515427] NET: Registered PF_INET protocol family
[    0.515844] IP idents hash table entries: 32768 (order: 6, 262144 bytes, linear)
[    0.524543] tcp_listen_portaddr_hash hash table entries: 1024 (order: 2, 16384 bytes, linear)
[    0.525092] Table-perturb hash table entries: 65536 (order: 6, 262144 bytes, linear)
[    0.525587] TCP established hash table entries: 16384 (order: 5, 131072 bytes, linear)
[    0.526083] TCP bind hash table entries: 16384 (order: 7, 524288 bytes, linear)
[    0.526558] TCP: Hash tables configured (established 16384 bind 16384)
[    0.526995] UDP hash table entries: 1024 (order: 4, 65536 bytes, linear)
[    0.527416] UDP-Lite hash table entries: 1024 (order: 4, 65536 bytes, linear)
[    0.527954] NET: Registered PF_UNIX/PF_LOCAL protocol family
[    0.528575] RPC: Registered named UNIX socket transport module.
[    0.528941] RPC: Registered udp transport module.
[    0.529219] RPC: Registered tcp transport module.
[    0.529502] RPC: Registered tcp-with-tls transport module.
[    0.529842] RPC: Registered tcp NFSv4.1 backchannel transport module.
[    0.531507] pci_bus 0000:00: resource 4 [io  0x0000-0x0cf7 window]
[    0.532191] pci_bus 0000:00: resource 5 [io  0x0d00-0xffff window]
[    0.532580] pci_bus 0000:00: resource 6 [mem 0x000a0000-0x000bffff window]
[    0.533003] pci_bus 0000:00: resource 7 [mem 0x80000000-0xfebfffff window]
[    0.533423] pci_bus 0000:00: resource 8 [mem 0x100000000-0x17fffffff window]
[    0.533967] pci 0000:00:01.0: PIIX3: Enabling Passive Release
[    0.534325] pci 0000:00:00.0: Limiting direct PCI/PCI transfers
[    0.534730] PCI: CLS 0 bytes, default 64
[    0.535045] RAPL PMU: API unit is 2^-32 Joules, 0 fixed counters, 10737418240 ms ovfl timer
[    0.535567] clocksource: tsc: mask: 0xffffffffffffffff max_cycles: 0x2df10e7656b, max_idle_ns: 440795364873 ns
[    0.536300] Unpacking initramfs...
[    0.545117] Initialise system trusted keyrings
[    0.546498] workingset: timestamp_bits=56 max_order=19 bucket_order=0
[    0.549544] NFS: Registering the id_resolver key type
[    0.549909] Key type id_resolver registered
[    0.550226] Key type id_legacy registered
[    0.550512] nfs4filelayout_init: NFSv4 File Layout Driver Registering...
[    0.550926] nfs4flexfilelayout_init: NFSv4 Flexfile Layout Driver Registering...
[    0.551459] 9p: Installing v9fs 9p2000 file system support
[    0.554366] Freeing initrd memory: 1336K
[    0.558871] Key type asymmetric registered
[    0.559181] Asymmetric key parser 'x509' registered
[    0.559552] Block layer SCSI generic (bsg) driver version 0.4 loaded (major 251)
[    0.560031] io scheduler mq-deadline registered
[    0.560307] io scheduler kyber registered
[    0.560829] input: Power Button as /devices/platform/LNXPWRBN:00/input/input0
[    0.561347] ACPI: button: Power Button [PWRF]
[    0.562028] Serial: 8250/16550 driver, 4 ports, IRQ sharing enabled
[    0.562617] 00:04: ttyS0 at I/O 0x3f8 (irq = 4, base_baud = 115200) is a 16550A
[    0.563898] Non-volatile memory driver v1.3
[    0.564157] Linux agpgart interface v0.103
[    0.567371] loop: module loaded
[    0.568782] scsi host0: ata_piix
[    0.569292] scsi host1: ata_piix
[    0.569609] ata1: PATA max MWDMA2 cmd 0x1f0 ctl 0x3f6 bmdma 0xc040 irq 14 lpm-pol 0
[    0.570085] ata2: PATA max MWDMA2 cmd 0x170 ctl 0x376 bmdma 0xc048 irq 15 lpm-pol 0
[    0.573035] e100: Intel(R) PRO/100 Network Driver
[    0.573349] e100: Copyright(c) 1999-2006 Intel Corporation
[    0.573715] e1000: Intel(R) PRO/1000 Network Driver
[    0.574019] e1000: Copyright (c) 1999-2006 Intel Corporation.
[    0.724610] ata2: found unknown device (class 0)
[    0.725335] ata2.00: ATAPI: QEMU DVD-ROM, 2.5+, max UDMA/100
[    0.726379] scsi 1:0:0:0: CD-ROM            QEMU     QEMU DVD-ROM     2.5+ PQ: 0 ANSI: 5
[    0.743003] sr 1:0:0:0: [sr0] scsi3-mmc drive: 4x/4x cd/rw xa/form2 tray
[    0.744041] cdrom: Uniform CD-ROM driver Revision: 3.20
[    0.753514] sr 1:0:0:0: Attached scsi generic sg0 type 5
[    0.928066] ACPI: \_SB_.LNKC: Enabled at IRQ 11
[    1.213905] e1000 0000:00:03.0 eth0: (PCI:33MHz:32-bit) 52:54:00:12:34:56
[    1.214334] e1000 0000:00:03.0 eth0: Intel(R) PRO/1000 Network Connection
[    1.214783] e1000e: Intel(R) PRO/1000 Network Driver
[    1.215082] e1000e: Copyright(c) 1999 - 2015 Intel Corporation.
[    1.215477] sky2: driver version 1.30
[    1.220766] usbcore: registered new interface driver usblp
[    1.221135] usbcore: registered new interface driver usb-storage
[    1.221568] i8042: PNP: PS/2 Controller [PNP0303:KBD,PNP0f13:MOU] at 0x60,0x64 irq 1,12
[    1.222593] serio: i8042 KBD port at 0x60,0x64 irq 1
[    1.222908] serio: i8042 AUX port at 0x60,0x64 irq 12
[    1.223617] input: AT Translated Set 2 keyboard as /devices/platform/i8042/serio0/input/input1
[    1.224209] rtc_cmos 00:05: RTC can wake from S4
[    1.225153] rtc_cmos 00:05: registered as rtc0
[    1.225536] rtc_cmos 00:05: alarms up to one day, y3k, 242 bytes nvram, hpet irqs
[    1.226285] device-mapper: ioctl: 4.50.0-ioctl (2025-04-28) initialised: dm-devel@lists.linux.dev
[    1.227922] intel_pstate: CPU model not supported
[    1.228635] hid: raw HID events driver (C) Jiri Kosina
[    1.229851] usbcore: registered new interface driver usbhid
[    1.230186] usbhid: USB HID core driver
[    1.232026] Initializing XFRM netlink socket
[    1.232349] NET: Registered PF_INET6 protocol family
[    1.233095] Segment Routing with IPv6
[    1.233331] In-situ OAM (IOAM) with IPv6
[    1.233603] sit: IPv6, IPv4 and MPLS over IPv4 tunneling driver
[    1.234201] NET: Registered PF_PACKET protocol family
[    1.234547] 9pnet: Installing 9P2000 support
[    1.234825] Key type dns_resolver registered
[    1.235316] IPI shorthand broadcast: enabled
[    1.247680] sched_clock: Marking stable (1201001017, 46446403)->(1266291244, -18843824)
[    1.248398] registered taskstats version 1
[    1.248724] Loading compiled-in X.509 certificates
[    1.257023] Demotion targets for Node 0: null
[    1.257442] PM:   Magic number: 10:234:236
[    1.257757] netconsole: network logging started
[    1.258133] cfg80211: Loading compiled-in X.509 certificates for regulatory database
[    1.258757] kworker/u8:1 (58) used greatest stack depth: 29536 bytes left
[    1.259413] Loaded X.509 cert 'sforshee: 00b28ddf47aef9cea7'
[    1.259893] Loaded X.509 cert 'wens: 61c038651aabdcf94bd0ac7ff06c7248db18c600'
[    1.260344] ALSA device list:
[    1.260592] faux_driver regulatory: Direct firmware load for regulatory.db failed with error -2
[    1.261126] cfg80211: failed to load regulatory.db
[    1.261428]   No soundcards found.
[    1.262523] Freeing unused kernel image (initmem) memory: 5636K
[    1.262778] Write protecting the kernel read-only data: 57344k
[    1.263337] Freeing unused kernel image (text/rodata gap) memory: 1404K
[    1.263640] Freeing unused kernel image (rodata/data gap) memory: 88K
[    1.274408] x86/mm: Checked W+X mappings: passed, no W+X pages found.
[    1.274767] Run /init as init process
[    1.275683] mkdir (61) used greatest stack depth: 28208 bytes left
[    1.281533] mount (65) used greatest stack depth: 28184 bytes left
[    1.284130] busybox (67) used greatest stack depth: 27160 bytes left

secb: rootfs ready
---- poc begin ----
poc: start: CVE-2026-23274 xt_IDLETIMER rev0 over rev1-ALARM panic
poc: install rev=1 std=152 idle=192 err=176 total=824 rc=0 errno=0
poc: rev1 ALARM install rc=0 ok
poc: install rev=0 std=152 idle=184 err=176 total=816 rc=-1 errno=22
poc: rev0 reuse rc=-22 Invalid argument
poc: install rev=1 std=152 idle=192 err=176 total=824 rc=0 errno=22
poc: install rev=0 std=152 idle=184 err=176 total=816 rc=-1 errno=22
poc: install rev=1 std=152 idle=192 err=176 total=824 rc=0 errno=22
poc: install rev=0 std=152 idle=184 err=176 total=816 rc=-1 errno=22
poc: install rev=1 std=152 idle=192 err=176 total=824 rc=0 errno=22
poc: install rev=0 std=152 idle=184 err=176 total=816 rc=-1 errno=22
poc: install rev=1 std=152 idle=192 err=176 total=824 rc=0 errno=22
poc: install rev=0 std=152 idle=184 err=176 total=816 rc=-1 errno=22
poc: install rev=1 std=152 idle=192 err=176 total=824 rc=0 errno=22
poc: install rev=0 std=152 idle=184 err=176 total=816 rc=-1 errno=22
poc: install rev=1 std=152 idle=192 err=176 total=824 rc=0 errno=22
poc: install rev=0 std=152 idle=184 err=176 total=816 rc=-1 errno=22
poc: install rev=1 std=152 idle=192 err=176 total=824 rc=0 errno=22
poc: install rev=0 std=152 idle=184 err=176 total=816 rc=-1 errno=22
poc: install rev=1 std=152 idle=192 err=176 total=824 rc=0 errno=22
poc: install rev=0 std=152 idle=184 err=176 total=816 rc=-1 errno=22
poc: install rev=1 std=152 idle=192 err=176 total=824 rc=0 errno=22
poc: install rev=0 std=152 idle=184 err=176 total=816 rc=-1 errno=22
poc: install rev=1 std=152 idle=192 err=176 total=824 rc=0 errno=22
poc: install rev=0 std=152 idle=184 err=176 total=816 rc=-1 errno=22
poc: install rev=1 std=152 idle=192 err=176 total=824 rc=0 errno=22
poc: install rev=0 std=152 idle=184 err=176 total=816 rc=-1 errno=22
poc: install rev=1 std=152 idle=192 err=176 total=824 rc=0 errno=22
poc: install rev=0 std=152 idle=184 err=176 total=816 rc=-1 errno=22
poc: install rev=1 std=152 idle=192 err=176 total=824 rc=0 errno=22
poc: install rev=0 std=152 idle=184 err=176 total=816 rc=-1 errno=22
poc: install rev=1 std=152 idle=192 err=176 total=824 rc=0 errno=22
poc: install rev=0 std=152 idle=184 err=176 total=816 rc=-1 errno=22
poc: install rev=1 std=152 idle=192 err=176 total=824 rc=0 errno=22
poc: install rev=0 std=152 idle=184 err=176 total=816 rc=-1 errno=22
poc: install rev=1 std=152 idle=192 err=176 total=824 rc=0 errno=22
poc: install rev=0 std=152 idle=184 err=176 total=816 rc=-1 errno=22
poc: install rev=1 std=152 idle=192 err=176 total=824 rc=0 errno=22
poc: install rev=0 std=152 idle=184 err=176 total=816 rc=-1 errno=22
poc: install rev=1 std=152 idle=192 err=176 total=824 rc=0 errno=22
poc: install rev=0 std=152 idle=184 err=176 total=816 rc=-1 errno=22
poc: install rev=1 std=152 idle=192 err=176 total=824 rc=0 errno=22
poc: install rev=0 std=152 idle=184 err=176 total=816 rc=-1 errno=22
poc: install rev=1 std=152 idle=192 err=176 total=824 rc=0 errno=22
poc: install rev=0 std=152 idle=184 err=176 total=816 rc=-1 errno=22
poc: install rev=1 std=152 idle=192 err=176 total=824 rc=0 errno=22
poc: install rev=0 std=152 idle=184 err=176 total=816 rc=-1 errno=22
poc: install rev=1 std=152 idle=192 err=176 total=824 rc=0 errno=22
poc: install rev=0 std=152 idle=184 err=176 total=816 rc=-1 errno=22
poc: install rev=1 std=152 idle=192 err=176 total=824 rc=0 errno=22
poc: install rev=0 std=152 idle=184 err=176 total=816 rc=-1 errno=22
poc: install rev=1 std=152 idle=192 err=176 total=824 rc=0 errno=22
poc: install rev=0 std=152 idle=184 err=176 total=816 rc=-1 errno=22
poc: install rev=1 std=152 idle=192 err=176 total=824 rc=0 errno=22
poc: install rev=0 std=152 idle=184 err=176 total=816 rc=-1 errno=22
poc: install rev=1 std=152 idle=192 err=176 total=824 rc=0 errno=22
poc: install rev=0 std=152 idle=184 err=176 total=816 rc=-1 errno=22
poc: install rev=1 std=152 idle=192 err=176 total=824 rc=0 errno=22
poc: install rev=0 std=152 idle=184 err=176 total=816 rc=-1 errno=22
poc: install rev=1 std=152 idle=192 err=176 total=824 rc=0 errno=22
poc: install rev=0 std=152 idle=184 err=176 total=816 rc=-1 errno=22
poc: install rev=1 std=152 idle=192 err=176 total=824 rc=0 errno=22
poc: install rev=0 std=152 idle=184 err=176 total=816 rc=-1 errno=22
poc: install rev=1 std=152 idle=192 err=176 total=824 rc=0 errno=22
poc: install rev=0 std=152 idle=184 err=176 total=816 rc=-1 errno=22
poc: install rev=1 std=152 idle=192 err=176 total=824 rc=0 errno=22
poc: install rev=0 std=152 idle=184 err=176 total=816 rc=-1 errno=22
poc: install rev=1 std=152 idle=192 err=176 total=824 rc=0 errno=22
poc: install rev=0 std=152 idle=184 err=176 total=816 rc=-1 errno=22
poc: install rev=1 std=152 idle=192 err=176 total=824 rc=0 errno=22
poc: install rev=0 std=152 idle=184 err=176 total=816 rc=-1 errno=22
poc: install rev=1 std=152 idle=192 err=176 total=824 rc=0 errno=22
poc: install rev=0 std=152 idle=184 err=176 total=816 rc=-1 errno=22
poc: install rev=1 std=152 idle=192 err=176 total=824 rc=0 errno=22
poc: install rev=0 std=152 idle=184 err=176 total=816 rc=-1 errno=22
poc: install rev=1 std=152 idle=192 err=176 total=824 rc=0 errno=22
poc: install rev=0 std=152 idle=184 err=176 total=816 rc=-1 errno=22
poc: install rev=1 std=152 idle=192 err=176 total=824 rc=0 errno=22
poc: install rev=0 std=152 idle=184 err=176 total=816 rc=-1 errno=22
poc: install rev=1 std=152 idle=192 err=176 total=824 rc=0 errno=22
poc: install rev=0 std=152 idle=184 err=176 total=816 rc=-1 errno=22
poc: install rev=1 std=152 idle=192 err=176 total=824 rc=0 errno=22
poc: install rev=0 std=152 idle=184 err=176 total=816 rc=-1 errno=22
poc: install rev=1 std=152 idle=192 err=176 total=824 rc=0 errno=22
poc: install rev=0 std=152 idle=184 err=176 total=816 rc=-1 errno=22
poc: install rev=1 std=152 idle=192 err=176 total=824 rc=0 errno=22
poc: install rev=0 std=152 idle=184 err=176 total=816 rc=-1 errno=22
poc: install rev=1 std=152 idle=192 err=176 total=824 rc=0 errno=22
poc: install rev=0 std=152 idle=184 err=176 total=816 rc=-1 errno=22
poc: install rev=1 std=152 idle=192 err=176 total=824 rc=0 errno=22
poc: install rev=0 std=152 idle=184 err=176 total=816 rc=-1 errno=22
poc: install rev=1 std=152 idle=192 err=176 total=824 rc=0 errno=22
poc: install rev=0 std=152 idle=184 err=176 total=816 rc=-1 errno=22
poc: install rev=1 std=152 idle=192 err=176 total=824 rc=0 errno=22
poc: install rev=0 std=152 idle=184 err=176 total=816 rc=-1 errno=22
poc: install rev=1 std=152 idle=192 err=176 total=824 rc=0 errno=22
poc: install rev=0 std=152 idle=184 err=176 total=816 rc=-1 errno=22
poc: install rev=1 std=152 idle=192 err=176 total=824 rc=0 errno=22
poc: install rev=0 std=152 idle=184 err=176 total=816 rc=-1 errno=22
poc: install rev=1 std=152 idle=192 err=176 total=824 rc=0 errno=22
poc: install rev=0 std=152 idle=184 err=176 total=816 rc=-1 errno=22
poc: install rev=1 std=152 idle=192 err=176 total=824 rc=0 errno=22
poc: install rev=0 std=152 idle=184 err=176 total=816 rc=-1 errno=22
poc: install rev=1 std=152 idle=192 err=176 total=824 rc=0 errno=22
poc: install rev=0 std=152 idle=184 err=176 total=816 rc=-1 errno=22
poc: install rev=1 std=152 idle=192 err=176 total=824 rc=0 errno=22
poc: install rev=0 std=152 idle=184 err=176 total=816 rc=-1 errno=22
poc: install rev=1 std=152 idle=192 err=176 total=824 rc=0 errno=22
poc: install rev=0 std=152 idle=184 err=176 total=816 rc=-1 errno=22
poc: install rev=1 std=152 idle=192 err=176 total=824 rc=0 errno=22
poc: install rev=0 std=152 idle=184 err=176 total=816 rc=-1 errno=22
poc: install rev=1 std=152 idle=192 err=176 total=824 rc=0 errno=22
poc: install rev=0 std=152 idle=184 err=176 total=816 rc=-1 errno=22
poc: install rev=1 std=152 idle=192 err=176 total=824 rc=0 errno=22
poc: install rev=0 std=152 idle=184 err=176 total=816 rc=-1 errno=22
poc: install rev=1 std=152 idle=192 err=176 total=824 rc=0 errno=22
poc: install rev=0 std=152 idle=184 err=176 total=816 rc=-1 errno=22
poc: install rev=1 std=152 idle=192 err=176 total=824 rc=0 errno=22
poc: install rev=0 std=152 idle=184 err=176 total=816 rc=-1 errno=22
poc: install rev=1 std=152 idle=192 err=176 total=824 rc=0 errno=22
poc: install rev=0 std=152 idle=184 err=176 total=816 rc=-1 errno=22
poc: install rev=1 std=152 idle=192 err=176 total=824 rc=0 errno=22
poc: install rev=0 std=152 idle=184 err=176 total=816 rc=-1 errno=22
poc: install rev=1 std=152 idle=192 err=176 total=824 rc=0 errno=22
poc: install rev=0 std=152 idle=184 err=176 total=816 rc=-1 errno=22
poc: install rev=1 std=152 idle=192 err=176 total=824 rc=0 errno=22
poc: install rev=0 std=152 idle=184 err=176 total=816 rc=-1 errno=22
poc: install rev=1 std=152 idle=192 err=176 total=824 rc=0 errno=22
poc: install rev=0 std=152 idle=184 err=176 total=816 rc=-1 errno=22
poc: install rev=1 std=152 idle=192 err=176 total=824 rc=0 errno=22
poc: install rev=0 std=152 idle=184 err=176 total=816 rc=-1 errno=22
poc: install rev=1 std=152 idle=192 err=176 total=824 rc=0 errno=22
poc: install rev=0 std=152 idle=184 err=176 total=816 rc=-1 errno=22
poc: done — expect debugobjects WARN / panic in mod_timer
---- poc end rc=0 ----
secb: poc exited without crashing the kernel
[    1.646255] input: ImExPS/2 Generic Explorer Mouse as /devices/platform/i8042/serio1/input/input3
[    2.647492] ACPI: PM: Preparing to enter system sleep state S5
[    2.647886] reboot: Power down
NO_CRASH_DETECTED
