bash: warning: setlocale: LC_ALL: cannot change locale (en_US.UTF-8)
c[?7l[2J[0mSeaBIOS (version 1.16.2-debian-1.16.2-1)
Booting from ROM...
c[?7l[2Jearly console in extract_kernel
input_data: 0x000000000d978298
input_len: 0x000000000506e637
output: 0x0000000001000000
output_len: 0x000000000fc69b28
kernel_total_size: 0x0000000011a26000
needed_size: 0x0000000011c00000
trampoline_32bit: 0x0000000000000000

Decompressing Linux... Parsing ELF... done.
Booting the kernel (entry_offset: 0x0000000000000080).
[    0.000000][    T0] Linux version 6.7.0-rc5-00200-g3bd7d7488169-dirty (root@buildkitsandbox) (gcc (Debian 12.2.0-14+deb12u1) 12.2.0, GNU ld (GNU Binutils for Debian) 2.40) #1 SMP PREEMPT_DYNAMIC Mon May 25 16:27:42 UTC 2026
[    0.000000][    T0] Command line: console=ttyS0 oops=panic panic=86400 nokaslr earlyprintk=serial rdinit=/init
[    0.000000][    T0] KERNEL supported cpus:
[    0.000000][    T0]   Intel GenuineIntel
[    0.000000][    T0]   AMD AuthenticAMD
[    0.000000][    T0] BIOS-provided physical RAM map:
[    0.000000][    T0] BIOS-e820: [mem 0x0000000000000000-0x000000000009fbff] usable
[    0.000000][    T0] BIOS-e820: [mem 0x000000000009fc00-0x000000000009ffff] reserved
[    0.000000][    T0] BIOS-e820: [mem 0x00000000000f0000-0x00000000000fffff] reserved
[    0.000000][    T0] BIOS-e820: [mem 0x0000000000100000-0x000000007ffdffff] usable
[    0.000000][    T0] BIOS-e820: [mem 0x000000007ffe0000-0x000000007fffffff] reserved
[    0.000000][    T0] BIOS-e820: [mem 0x00000000feffc000-0x00000000feffffff] reserved
[    0.000000][    T0] BIOS-e820: [mem 0x00000000fffc0000-0x00000000ffffffff] reserved
[    0.000000][    T0] BIOS-e820: [mem 0x000000fd00000000-0x000000ffffffffff] reserved
[    0.000000][    T0] printk: legacy bootconsole [earlyser0] enabled
[    0.000000][    T0] NX (Execute Disable) protection: active
[    0.000000][    T0] APIC: Static calls initialized
[    0.000000][    T0] SMBIOS 2.8 present.
[    0.000000][    T0] DMI: QEMU Standard PC (i440FX + PIIX, 1996), BIOS 1.16.2-debian-1.16.2-1 04/01/2014
[    0.000000][    T0] Hypervisor detected: KVM
[    0.000000][    T0] kvm-clock: Using msrs 4b564d01 and 4b564d00
[    0.000002][    T0] kvm-clock: using sched offset of 968431003 cycles
[    0.000676][    T0] clocksource: kvm-clock: mask: 0xffffffffffffffff max_cycles: 0x1cd42e4dffb, max_idle_ns: 881590591483 ns
[    0.002649][    T0] tsc: Detected 3493.436 MHz processor
[    0.008273][    T0] last_pfn = 0x7ffe0 max_arch_pfn = 0x400000000
[    0.008997][    T0] MTRR map: 4 entries (3 fixed + 1 variable; max 19), built from 8 variable MTRRs
[    0.010023][    T0] x86/PAT: Configuration [0-7]: WB  WC  UC- UC  WB  WP  UC- WT  
[    0.013764][    T0] found SMP MP-table at [mem 0x000f5ba0-0x000f5baf]
[    0.014500][    T0] Using GB pages for direct mapping
[    0.016766][    T0] RAMDISK: [mem 0x7fe8c000-0x7ffdffff]
[    0.017372][    T0] ACPI: Early table checksum verification disabled
[    0.018098][    T0] ACPI: RSDP 0x00000000000F59D0 000014 (v00 BOCHS )
[    0.018837][    T0] ACPI: RSDT 0x000000007FFE1B33 000034 (v01 BOCHS  BXPC     00000001 BXPC 00000001)
[    0.019893][    T0] ACPI: FACP 0x000000007FFE19DF 000074 (v01 BOCHS  BXPC     00000001 BXPC 00000001)
[    0.020953][    T0] ACPI: DSDT 0x000000007FFE0040 00199F (v01 BOCHS  BXPC     00000001 BXPC 00000001)
[    0.021999][    T0] ACPI: FACS 0x000000007FFE0000 000040
[    0.022607][    T0] ACPI: APIC 0x000000007FFE1A53 000080 (v01 BOCHS  BXPC     00000001 BXPC 00000001)
[    0.023650][    T0] ACPI: HPET 0x000000007FFE1AD3 000038 (v01 BOCHS  BXPC     00000001 BXPC 00000001)
[    0.024698][    T0] ACPI: WAET 0x000000007FFE1B0B 000028 (v01 BOCHS  BXPC     00000001 BXPC 00000001)
[    0.025744][    T0] ACPI: Reserving FACP table memory at [mem 0x7ffe19df-0x7ffe1a52]
[    0.026612][    T0] ACPI: Reserving DSDT table memory at [mem 0x7ffe0040-0x7ffe19de]
[    0.027479][    T0] ACPI: Reserving FACS table memory at [mem 0x7ffe0000-0x7ffe003f]
[    0.028376][    T0] ACPI: Reserving APIC table memory at [mem 0x7ffe1a53-0x7ffe1ad2]
[    0.029246][    T0] ACPI: Reserving HPET table memory at [mem 0x7ffe1ad3-0x7ffe1b0a]
[    0.030116][    T0] ACPI: Reserving WAET table memory at [mem 0x7ffe1b0b-0x7ffe1b32]
[    0.031698][    T0] No NUMA configuration found
[    0.032216][    T0] Faking a node at [mem 0x0000000000000000-0x000000007ffdffff]
[    0.033050][    T0] NODE_DATA(0) allocated [mem 0x7fe86000-0x7fe8bfff]
[    0.037239][    T0] Zone ranges:
[    0.037643][    T0]   DMA      [mem 0x0000000000001000-0x0000000000ffffff]
[    0.038426][    T0]   DMA32    [mem 0x0000000001000000-0x000000007ffdffff]
[    0.039213][    T0]   Normal   empty
[    0.039624][    T0]   Device   empty
[    0.040036][    T0] Movable zone start for each node
[    0.040603][    T0] Early memory node ranges
[    0.041090][    T0]   node   0: [mem 0x0000000000001000-0x000000000009efff]
[    0.041874][    T0]   node   0: [mem 0x0000000000100000-0x000000007ffdffff]
[    0.042661][    T0] Initmem setup node 0 [mem 0x0000000000001000-0x000000007ffdffff]
[    0.043544][    T0] On node 0, zone DMA: 1 pages in unavailable ranges
[    0.043708][    T0] On node 0, zone DMA: 97 pages in unavailable ranges
[    0.064745][    T0] On node 0, zone DMA32: 32 pages in unavailable ranges
[    0.098968][    T0] kasan: KernelAddressSanitizer initialized
[    0.100717][    T0] ACPI: PM-Timer IO Port: 0x608
[    0.101265][    T0] ACPI: LAPIC_NMI (acpi_id[0xff] dfl dfl lint[0x1])
[    0.102025][    T0] IOAPIC[0]: apic_id 0, version 17, address 0xfec00000, GSI 0-23
[    0.102890][    T0] ACPI: INT_SRC_OVR (bus 0 bus_irq 0 global_irq 2 dfl dfl)
[    0.103685][    T0] ACPI: INT_SRC_OVR (bus 0 bus_irq 5 global_irq 5 high level)
[    0.104510][    T0] ACPI: INT_SRC_OVR (bus 0 bus_irq 9 global_irq 9 high level)
[    0.105329][    T0] ACPI: INT_SRC_OVR (bus 0 bus_irq 10 global_irq 10 high level)
[    0.106168][    T0] ACPI: INT_SRC_OVR (bus 0 bus_irq 11 global_irq 11 high level)
[    0.107014][    T0] ACPI: Using ACPI (MADT) for SMP configuration information
[    0.107813][    T0] ACPI: HPET id: 0x8086a201 base: 0xfed00000
[    0.108478][    T0] TSC deadline timer available
[    0.108997][    T0] smpboot: Allowing 2 CPUs, 0 hotplug CPUs
[    0.109669][    T0] kvm-guest: APIC: eoi() replaced with kvm_guest_apic_eoi_write()
[    0.110553][    T0] kvm-guest: KVM setup pv remote TLB flush
[    0.111189][    T0] kvm-guest: setup PV sched yield
[    0.111769][    T0] PM: hibernation: Registered nosave memory: [mem 0x00000000-0x00000fff]
[    0.112703][    T0] PM: hibernation: Registered nosave memory: [mem 0x0009f000-0x0009ffff]
[    0.113627][    T0] PM: hibernation: Registered nosave memory: [mem 0x000a0000-0x000effff]
[    0.114556][    T0] PM: hibernation: Registered nosave memory: [mem 0x000f0000-0x000fffff]
[    0.115483][    T0] [mem 0x80000000-0xfeffbfff] available for PCI devices
[    0.116263][    T0] Booting paravirtualized kernel on KVM
[    0.116874][    T0] clocksource: refined-jiffies: mask: 0xffffffff max_cycles: 0xffffffff, max_idle_ns: 19112604462750000 ns
[    0.257055][    T0] setup_percpu: NR_CPUS:8 nr_cpumask_bits:2 nr_cpu_ids:2 nr_node_ids:1
[    0.258275][    T0] percpu: Embedded 72 pages/cpu s255112 r8192 d31608 u1048576
[    0.259226][    T0] kvm-guest: PV spinlocks enabled
[    0.259803][    T0] PV qspinlock hash table entries: 256 (order: 0, 4096 bytes, linear)
[    0.260758][    T0] Kernel command line: console=ttyS0 oops=panic panic=86400 nokaslr earlyprintk=serial rdinit=/init
[    0.262409][    T0] random: crng init done
[    0.263121][    T0] Dentry cache hash table entries: 262144 (order: 9, 2097152 bytes, linear)
[    0.264192][    T0] Inode-cache hash table entries: 131072 (order: 8, 1048576 bytes, linear)
[    0.265323][    T0] Fallback order for Node 0: 0 
[    0.265332][    T0] Built 1 zonelists, mobility grouping on.  Total pages: 515808
[    0.266752][    T0] Policy zone: DMA32
[    0.267429][    T0] mem auto-init: stack:all(zero), heap alloc:on, heap free:off
[    0.268298][    T0] stackdepot: allocating hash table via alloc_large_system_hash
[    0.270030][    T0] stackdepot hash table entries: 1048576 (order: 11, 8388608 bytes, linear)
[    0.372872][    T0] Memory: 1460148K/2096632K available (157696K kernel code, 38167K rwdata, 32284K rodata, 3404K init, 34396K bss, 636228K reserved, 0K cma-reserved)
[    0.375504][    T0] SLUB: HWalign=64, Order=0-3, MinObjects=0, CPUs=2, Nodes=1
[    0.381778][    T0] allocated 4194304 bytes of page_ext
[    0.383021][    T0] Dynamic Preempt: full
[    0.384131][    T0] Running RCU self tests
[    0.384656][    T0] Running RCU synchronous self tests
[    0.385282][    T0] rcu: Preemptible hierarchical RCU implementation.
[    0.386029][    T0] rcu: 	RCU lockdep checking is enabled.
[    0.386673][    T0] rcu: 	RCU restricting CPUs from NR_CPUS=8 to nr_cpu_ids=2.
[    0.387513][    T0] rcu: 	RCU callback double-/use-after-free debug is enabled.
[    0.388368][    T0] rcu: 	RCU debug extended QS entry/exit.
[    0.389015][    T0] 	Trampoline variant of Tasks RCU enabled.
[    0.389683][    T0] 	Tracing variant of Tasks RCU enabled.
[    0.390316][    T0] rcu: RCU calculated value of scheduler-enlistment delay is 10 jiffies.
[    0.391268][    T0] rcu: Adjusting geometry for rcu_fanout_leaf=16, nr_cpu_ids=2
[    0.392232][    T0] Running RCU synchronous self tests
[    0.483934][    T0] NR_IRQS: 4352, nr_irqs: 440, preallocated irqs: 16
[    0.485457][    T0] rcu: srcu_init: Setting srcu_struct sizes based on contention.
[    0.486542][    T0] kfence: initialized - using 2097152 bytes for 255 objects at 0x(____ptrval____)-0x(____ptrval____)
[    0.495658][    T0] Console: colour VGA+ 80x25
[    0.496274][    T0] printk: legacy console [ttyS0] enabled
[    0.496274][    T0] printk: legacy console [ttyS0] enabled
[    0.497547][    T0] printk: legacy bootconsole [earlyser0] disabled
[    0.497547][    T0] printk: legacy bootconsole [earlyser0] disabled
[    0.499029][    T0] Lock dependency validator: Copyright (c) 2006 Red Hat, Inc., Ingo Molnar
[    0.499998][    T0] ... MAX_LOCKDEP_SUBCLASSES:  8
[    0.500564][    T0] ... MAX_LOCK_DEPTH:          48
[    0.501131][    T0] ... MAX_LOCKDEP_KEYS:        8192
[    0.501717][    T0] ... CLASSHASH_SIZE:          4096
[    0.502304][    T0] ... MAX_LOCKDEP_ENTRIES:     131072
[    0.502911][    T0] ... MAX_LOCKDEP_CHAINS:      262144
[    0.503517][    T0] ... CHAINHASH_SIZE:          131072
[    0.504121][    T0]  memory used by lock dependency info: 20785 kB
[    0.504844][    T0]  memory used for stack traces: 8320 kB
[    0.505478][    T0]  per task-struct memory footprint: 1920 bytes
[    0.506274][    T0] ACPI: Core revision 20230628
[    0.507447][    T0] clocksource: hpet: mask: 0xffffffff max_cycles: 0xffffffff, max_idle_ns: 19112604467 ns
[    0.508932][    T0] APIC: Switch to symmetric I/O mode setup
[    0.509768][    T0] x2apic enabled
[    0.510628][    T0] APIC: Switched APIC routing to: physical x2apic
[    0.511361][    T0] kvm-guest: APIC: send_IPI_mask() replaced with kvm_send_ipi_mask()
[    0.512340][    T0] kvm-guest: APIC: send_IPI_mask_allbutself() replaced with kvm_send_ipi_mask_allbutself()
[    0.513471][    T0] kvm-guest: setup PV IPIs
[    0.515619][    T0] ..TIMER: vector=0x30 apic1=0 pin1=2 apic2=-1 pin2=-1
[    0.516410][    T0] tsc: Marking TSC unstable due to TSCs unsynchronized
[    0.517184][    T0] Calibrating delay loop (skipped) preset value.. 6986.87 BogoMIPS (lpj=34934360)
[    0.518271][    T0] x86/cpu: User Mode Instruction Prevention (UMIP) activated
[    0.527377][    T0] Last level iTLB entries: 4KB 512, 2MB 255, 4MB 127
[    0.528112][    T0] Last level dTLB entries: 4KB 512, 2MB 255, 4MB 127, 1GB 0
[    0.528933][    T0] Spectre V1 : Mitigation: usercopy/swapgs barriers and __user pointer sanitization
[    0.529964][    T0] Spectre V2 : Kernel not compiled with retpoline; no mitigation available!
[    0.529968][    T0] Spectre V2 : Vulnerable
[    0.531387][    T0] Spectre V2 : Spectre v2 / SpectreRSB mitigation: Filling RSB on context switch
[    0.532389][    T0] Spectre V2 : Enabling Speculation Barrier for firmware calls
[    0.533215][    T0] RETBleed: Mitigation: IBPB
[    0.533722][    T0] Spectre V2 : mitigation: Enabling conditional Indirect Branch Prediction Barrier
[    0.534741][    T0] Speculative Store Bypass: Mitigation: Speculative Store Bypass disabled via prctl
[    0.535767][    T0] Speculative Return Stack Overflow: IBPB-extending microcode not applied!
[    0.536719][    T0] Speculative Return Stack Overflow: WARNING: See https://kernel.org/doc/html/latest/admin-guide/hw-vuln/srso.html for mitigation options.
[    0.536724][    T0] Speculative Return Stack Overflow: WARNING: kernel not compiled with CPU_SRSO.
[    0.538163][    T0] Speculative Return Stack Overflow: Vulnerable: No microcode
[    0.539013][    T0] x86/fpu: Supporting XSAVE feature 0x001: 'x87 floating point registers'
[    0.539956][    T0] x86/fpu: Supporting XSAVE feature 0x002: 'SSE registers'
[    0.540739][    T0] x86/fpu: Supporting XSAVE feature 0x004: 'AVX registers'
[    0.541522][    T0] x86/fpu: xstate_offset[2]:  576, xstate_sizes[2]:  256
[    0.542287][    T0] x86/fpu: Enabled xstate features 0x7, context size is 832 bytes, using 'compacted' format.
[    0.555394][    T0] Freeing SMP alternatives memory: 120K
[    0.556010][    T0] pid_max: default: 32768 minimum: 301
[    0.556866][    T0] LSM: initializing lsm=lockdown,capability,landlock,yama,safesetid,tomoyo,smack,bpf,integrity
[    0.557244][    T0] landlock: Up and running.
[    0.557737][    T0] Yama: becoming mindful.
[    0.558301][    T0] TOMOYO Linux initialized
[    0.558866][    T0] Smack:  Initializing.
[    0.559321][    T0] Smack:  Netfilter enabled.
[    0.559831][    T0] Smack:  IPv6 Netfilter enabled.
[    0.560401][    T0] LSM support for eBPF active
[    0.561242][    T0] Mount-cache hash table entries: 4096 (order: 3, 32768 bytes, linear)
[    0.562150][    T0] Mountpoint-cache hash table entries: 4096 (order: 3, 32768 bytes, linear)
[    0.567301][    T0] Running RCU synchronous self tests
[    0.567884][    T0] Running RCU synchronous self tests
[    0.569143][    T1] smpboot: CPU0: AMD Ryzen Threadripper PRO 3975WX 32-Cores (family: 0x17, model: 0x31, stepping: 0x0)
[    0.607227][    T1] RCU Tasks: Setting shift to 1 and lim to 1 rcu_task_cb_adjust=1.
[    0.608395][    T1] RCU Tasks Trace: Setting shift to 1 and lim to 1 rcu_task_cb_adjust=1.
[    0.609466][    T1] Running RCU Tasks wait API self tests
[    0.717383][    T1] Running RCU Tasks Trace wait API self tests
[    0.718882][    T1] Performance Events: Fam17h+ core perfctr, AMD PMU driver.
[    0.720609][    T1] ... version:                0
[    0.721664][    T1] ... bit width:              48
[    0.722732][    T1] ... generic registers:      6
[    0.723758][    T1] ... value mask:             0000ffffffffffff
[    0.725107][    T1] ... max period:             00007fffffffffff
[    0.726445][    T1] ... fixed-purpose events:   0
[    0.727180][    T1] ... event mask:             000000000000003f
[    0.729240][    T1] signal: max sigframe size: 1776
[    0.730997][    T1] rcu: Hierarchical SRCU implementation.
[    0.732197][    T1] rcu: 	Max phase no-delay instances is 1000.
[    0.737516][   T15] Callback from call_rcu_tasks_trace() invoked.
[    0.746661][    T1] smp: Bringing up secondary CPUs ...
[    0.768529][    T1] smpboot: x86: Booting SMP configuration:
[    0.769838][    T1] .... node  #0, CPUs:      #1
[    0.770182][    T1] smp: Brought up 1 node, 2 CPUs
[    0.770182][    T1] smpboot: Max logical packages: 1
[    0.770182][    T1] smpboot: Total of 2 processors activated (13973.74 BogoMIPS)
[    0.779525][    T1] devtmpfs: initialized
[    0.780190][    T1] x86/mm: Memory block size: 128MB
[    0.812671][    T1] Running RCU synchronous self tests
[    0.812671][    T1] Running RCU synchronous self tests
[    0.812671][    T1] clocksource: jiffies: mask: 0xffffffff max_cycles: 0xffffffff, max_idle_ns: 19112604462750000 ns
[    0.812671][    T1] futex hash table entries: 512 (order: 4, 65536 bytes, linear)
[    0.820845][    T1] PM: RTC time: 16:28:51, date: 2026-05-25
[    0.824871][    T1] NET: Registered PF_NETLINK/PF_ROUTE protocol family
[    0.828240][    T1] audit: initializing netlink subsys (disabled)
[    0.829185][   T27] audit: type=2000 audit(1779726532.621:1): state=initialized audit_enabled=0 res=1
[    0.829766][    T1] thermal_sys: Registered thermal governor 'step_wise'
[    0.829774][    T1] thermal_sys: Registered thermal governor 'user_space'
[    0.830708][    T1] cpuidle: using governor menu
[    0.832061][    T1] NET: Registered PF_QIPCRTR protocol family
[    0.837619][    T1] dca service started, version 1.12.1
[    0.838361][    T1] PCI: Using configuration type 1 for base access
[    0.839068][    T1] PCI: Using configuration type 1 for extended access
[    0.841724][    T1] HugeTLB: registered 1.00 GiB page size, pre-allocated 0 pages
[    0.841724][    T1] HugeTLB: 16380 KiB vmemmap can be freed for a 1.00 GiB page
[    0.841724][    T1] HugeTLB: registered 2.00 MiB page size, pre-allocated 0 pages
[    0.841724][    T1] HugeTLB: 28 KiB vmemmap can be freed for a 2.00 MiB page
[    0.849665][    T1] cryptd: max_cpu_qlen set to 1000
[    0.852820][    T1] raid6: skipped pq benchmark and selected avx2x4
[    0.853536][    T1] raid6: using avx2x2 recovery algorithm
[    0.855141][    T1] ACPI: Added _OSI(Module Device)
[    0.855700][    T1] ACPI: Added _OSI(Processor Device)
[    0.856291][    T1] ACPI: Added _OSI(3.0 _SCP Extensions)
[    0.856901][    T1] ACPI: Added _OSI(Processor Aggregator Device)
[    0.919323][    T1] ACPI: 1 ACPI AML tables successfully acquired and loaded
[    0.928564][    T1] ACPI: _OSC evaluation for CPUs failed, trying _PDC
[    0.935729][    T1] ACPI: Interpreter enabled
[    0.936562][    T1] ACPI: PM: (supports S0 S3 S4 S5)
[    0.937150][    T1] ACPI: Using IOAPIC for interrupt routing
[    0.937279][   T14] Callback from call_rcu_tasks() invoked.
[    0.938141][    T1] PCI: Using host bridge windows from ACPI; if necessary, use "pci=nocrs" and report a bug
[    0.939235][    T1] PCI: Using E820 reservations for host bridge windows
[    0.943491][    T1] ACPI: Enabled 2 GPEs in block 00 to 0F
[    1.053473][    T1] ACPI: PCI Root Bridge [PCI0] (domain 0000 [bus 00-ff])
[    1.054351][    T1] acpi PNP0A03:00: _OSC: OS supports [ExtendedConfig ASPM ClockPM Segments MSI HPX-Type3]
[    1.057985][    T1] PCI host bridge to bus 0000:00
[    1.058554][    T1] pci_bus 0000:00: root bus resource [io  0x0000-0x0cf7 window]
[    1.059408][    T1] pci_bus 0000:00: root bus resource [io  0x0d00-0xffff window]
[    1.060269][    T1] pci_bus 0000:00: root bus resource [mem 0x000a0000-0x000bffff window]
[    1.061198][    T1] pci_bus 0000:00: root bus resource [mem 0x80000000-0xfebfffff window]
[    1.062125][    T1] pci_bus 0000:00: root bus resource [mem 0x100000000-0x17fffffff window]
[    1.063072][    T1] pci_bus 0000:00: root bus resource [bus 00-ff]
[    1.064321][    T1] pci 0000:00:00.0: [8086:1237] type 00 class 0x060000
[    1.104913][    T1] pci 0000:00:01.0: [8086:7000] type 00 class 0x060100
[    1.144580][    T1] pci 0000:00:01.1: [8086:7010] type 00 class 0x010180
[    1.146707][    T1] pci 0000:00:01.1: reg 0x20: [io  0xc000-0xc00f]
[    1.147799][    T1] pci 0000:00:01.1: legacy IDE quirk: reg 0x10: [io  0x01f0-0x01f7]
[    1.148684][    T1] pci 0000:00:01.1: legacy IDE quirk: reg 0x14: [io  0x03f6]
[    1.149502][    T1] pci 0000:00:01.1: legacy IDE quirk: reg 0x18: [io  0x0170-0x0177]
[    1.150387][    T1] pci 0000:00:01.1: legacy IDE quirk: reg 0x1c: [io  0x0376]
[    1.152160][    T1] pci 0000:00:01.3: [8086:7113] type 00 class 0x068000
[    1.153384][    T1] pci 0000:00:01.3: quirk: [io  0x0600-0x063f] claimed by PIIX4 ACPI
[    1.154285][    T1] pci 0000:00:01.3: quirk: [io  0x0700-0x070f] claimed by PIIX4 SMB
[    1.156056][    T1] pci 0000:00:02.0: [1234:1111] type 00 class 0x030000
[    1.157471][    T1] pci 0000:00:02.0: reg 0x10: [mem 0xfd000000-0xfdffffff pref]
[    1.159581][    T1] pci 0000:00:02.0: reg 0x18: [mem 0xfebf0000-0xfebf0fff]
[    1.164378][    T1] pci 0000:00:02.0: reg 0x30: [mem 0xfebe0000-0xfebeffff pref]
[    1.166242][    T1] pci 0000:00:02.0: Video device with shadowed ROM at [mem 0x000c0000-0x000dffff]
[    1.216265][    T1] ACPI: PCI: Interrupt link LNKA configured for IRQ 10
[    1.223179][    T1] ACPI: PCI: Interrupt link LNKB configured for IRQ 10
[    1.227650][    T1] ACPI: PCI: Interrupt link LNKC configured for IRQ 11
[    1.232256][    T1] ACPI: PCI: Interrupt link LNKD configured for IRQ 11
[    1.234615][    T1] ACPI: PCI: Interrupt link LNKS configured for IRQ 9
[    1.245920][    T1] iommu: Default domain type: Translated
[    1.246646][    T1] iommu: DMA domain TLB invalidation policy: lazy mode
[    1.250529][    T1] SCSI subsystem initialized
[    1.252335][    T1] ACPI: bus type USB registered
[    1.253305][    T1] usbcore: registered new interface driver usbfs
[    1.254287][    T1] usbcore: registered new interface driver hub
[    1.255242][    T1] usbcore: registered new device driver usb
[    1.257205][    T1] mc: Linux media interface: v0.10
[    1.258020][    T1] videodev: Linux video capture interface: v2.00
[    1.259321][    T1] pps_core: LinuxPPS API ver. 1 registered
[    1.260058][    T1] pps_core: Software ver. 5.3.6 - Copyright 2005-2007 Rodolfo Giometti <giometti@linux.it>
[    1.261434][    T1] PTP clock support registered
[    1.262741][    T1] EDAC MC: Ver: 3.0.0
[    1.265588][    T1] Advanced Linux Sound Architecture Driver Initialized.
[    1.269949][    T1] Bluetooth: Core ver 2.22
[    1.270650][    T1] NET: Registered PF_BLUETOOTH protocol family
[    1.271443][    T1] Bluetooth: HCI device and connection manager initialized
[    1.272432][    T1] Bluetooth: HCI socket layer initialized
[    1.273180][    T1] Bluetooth: L2CAP socket layer initialized
[    1.274029][    T1] Bluetooth: SCO socket layer initialized
[    1.274822][    T1] NET: Registered PF_ATMPVC protocol family
[    1.275558][    T1] NET: Registered PF_ATMSVC protocol family
[    1.276566][    T1] NetLabel: Initializing
[    1.277092][    T1] NetLabel:  domain hash size = 128
[    1.277178][    T1] NetLabel:  protocols = UNLABELED CIPSOv4 CALIPSO
[    1.278342][    T1] NetLabel:  unlabeled traffic allowed by default
[    1.280841][    T1] nfc: nfc_init: NFC Core ver 0.1
[    1.281738][    T1] NET: Registered PF_NFC protocol family
[    1.282542][    T1] PCI: Using ACPI for IRQ routing
[    1.283782][    T1] pci 0000:00:02.0: vgaarb: setting as boot VGA device
[    1.284667][    T1] pci 0000:00:02.0: vgaarb: bridge control possible
[    1.285523][    T1] pci 0000:00:02.0: vgaarb: VGA device added: decodes=io+mem,owns=io+mem,locks=none
[    1.286691][    T1] vgaarb: loaded
[    1.288282][    T1] hpet0: at MMIO 0xfed00000, IRQs 2, 8, 0
[    1.289012][    T1] hpet0: 3 comparators, 64-bit 100.000000 MHz counter
[    1.293403][    T1] clocksource: Switched to clocksource kvm-clock
[    1.297163][    T1] VFS: Disk quotas dquot_6.6.0
[    1.297163][    T1] VFS: Dquot-cache hash table entries: 512 (order 0, 4096 bytes)
[    1.297163][    T1] FS-Cache: Loaded
[    1.297163][    T1] CacheFiles: Loaded
[    1.297620][    T1] TOMOYO: 2.6.0
[    1.298088][    T1] Mandatory Access Control activated.
[    1.299155][    T1] pnp: PnP ACPI init
[    1.310083][    T1] pnp: PnP ACPI: found 6 devices
[    1.351437][    T1] clocksource: acpi_pm: mask: 0xffffff max_cycles: 0xffffff, max_idle_ns: 2085701024 ns
[    1.353233][    T1] NET: Registered PF_INET protocol family
[    1.354258][    T1] IP idents hash table entries: 32768 (order: 6, 262144 bytes, linear)
[    1.359225][    T1] tcp_listen_portaddr_hash hash table entries: 1024 (order: 4, 73728 bytes, linear)
[    1.360615][    T1] Table-perturb hash table entries: 65536 (order: 6, 262144 bytes, linear)
[    1.362174][    T1] TCP established hash table entries: 16384 (order: 5, 131072 bytes, linear)
[    1.364453][    T1] TCP bind hash table entries: 16384 (order: 9, 2359296 bytes, linear)
[    1.366365][    T1] TCP: Hash tables configured (established 16384 bind 16384)
[    1.367923][    T1] MPTCP token hash table entries: 2048 (order: 5, 180224 bytes, linear)
[    1.369157][    T1] UDP hash table entries: 1024 (order: 5, 163840 bytes, linear)
[    1.370238][    T1] UDP-Lite hash table entries: 1024 (order: 5, 163840 bytes, linear)
[    1.371819][    T1] NET: Registered PF_UNIX/PF_LOCAL protocol family
[    1.374064][    T1] RPC: Registered named UNIX socket transport module.
[    1.374940][    T1] RPC: Registered udp transport module.
[    1.375644][    T1] RPC: Registered tcp transport module.
[    1.376351][    T1] RPC: Registered tcp-with-tls transport module.
[    1.377145][    T1] RPC: Registered tcp NFSv4.1 backchannel transport module.
[    1.379837][    T1] NET: Registered PF_XDP protocol family
[    1.380564][    T1] pci_bus 0000:00: resource 4 [io  0x0000-0x0cf7 window]
[    1.381506][    T1] pci_bus 0000:00: resource 5 [io  0x0d00-0xffff window]
[    1.382396][    T1] pci_bus 0000:00: resource 6 [mem 0x000a0000-0x000bffff window]
[    1.383366][    T1] pci_bus 0000:00: resource 7 [mem 0x80000000-0xfebfffff window]
[    1.384341][    T1] pci_bus 0000:00: resource 8 [mem 0x100000000-0x17fffffff window]
[    1.386233][    T1] pci 0000:00:01.0: PIIX3: Enabling Passive Release
[    1.387068][    T1] pci 0000:00:00.0: Limiting direct PCI/PCI transfers
[    1.388032][    T1] PCI: CLS 0 bytes, default 64
[    1.388807][    T1] ACPI: bus type thunderbolt registered
[    1.390150][    T1] kvm_intel: VMX not supported by CPU 0
[    1.391104][    T1] kvm_amd: Nested Virtualization enabled
[    1.391839][    T1] kvm_amd: Nested Paging enabled
[    1.394526][   T46] Trying to unpack rootfs image as initramfs...
[    1.543231][   T46] Freeing initrd memory: 1360K
[    1.545041][   T60] kworker/u4:4 (60) used greatest stack depth: 28192 bytes left
[    3.366717][    T1] Initialise system trusted keyrings
[    3.369213][    T1] workingset: timestamp_bits=40 max_order=19 bucket_order=0
[    3.374228][    T1] DLM installed
[    3.376083][    T1] squashfs: version 4.0 (2009/01/31) Phillip Lougher
[    3.379457][    T1] NFS: Registering the id_resolver key type
[    3.380163][    T1] Key type id_resolver registered
[    3.380789][    T1] Key type id_legacy registered
[    3.381455][    T1] nfs4filelayout_init: NFSv4 File Layout Driver Registering...
[    3.382348][    T1] nfs4flexfilelayout_init: NFSv4 Flexfile Layout Driver Registering...
[    3.387435][    T1] Key type cifs.spnego registered
[    3.388136][    T1] Key type cifs.idmap registered
[    3.388855][    T1] ntfs: driver 2.1.32 [Flags: R/W].
[    3.389521][    T1] ntfs3: Max link count 4000
[    3.390028][    T1] ntfs3: Enabled Linux POSIX ACLs support
[    3.390650][    T1] ntfs3: Read-only LZX/Xpress compression included
[    3.391564][    T1] efs: 1.0a - http://aeschi.ch.eu.org/efs/
[    3.392299][    T1] jffs2: version 2.2. (NAND) (SUMMARY)  © 2001-2006 Red Hat, Inc.
[    3.393611][    T1] romfs: ROMFS MTD (C) 2007 Red Hat, Inc.
[    3.394272][    T1] QNX4 filesystem 0.2.3 registered.
[    3.394854][    T1] qnx6: QNX6 filesystem 1.0.0 registered.
[    3.396056][    T1] fuse: init (API version 7.39)
[    3.398406][  T102] kworker/u4:0 (102) used greatest stack depth: 27264 bytes left
[    3.399746][    T1] orangefs_debugfs_init: called with debug mask: :none: :0:
[    3.403454][    T1] orangefs_init: module version upstream loaded
[    3.405289][    T1] JFS: nTxBlock = 8192, nTxLock = 65536
[    3.415025][    T1] SGI XFS with ACLs, security attributes, realtime, quota, no debug enabled
[    3.417363][    T1] 9p: Installing v9fs 9p2000 file system support
[    3.418220][    T1] NILFS version 2 loaded
[    3.418680][    T1] befs: version: 0.9.3
[    3.419373][    T1] ocfs2: Registered cluster interface o2cb
[    3.420612][    T1] ocfs2: Registered cluster interface user
[    3.421729][    T1] OCFS2 User DLM kernel interface loaded
[    3.433308][    T1] gfs2: GFS2 installed
[    3.437376][    T1] ceph: loaded (mds proto 32)
[    3.457027][    T1] NET: Registered PF_ALG protocol family
[    3.457731][    T1] xor: automatically using best checksumming function   avx       
[    3.458624][    T1] async_tx: api initialized (async)
[    3.459208][    T1] Key type asymmetric registered
[    3.459768][    T1] Asymmetric key parser 'x509' registered
[    3.460439][    T1] Asymmetric key parser 'pkcs8' registered
[    3.461104][    T1] Key type pkcs7_test registered
[    3.461809][    T1] Block layer SCSI generic (bsg) driver version 0.4 loaded (major 239)
[    3.463155][    T1] io scheduler mq-deadline registered
[    3.463753][    T1] io scheduler kyber registered
[    3.464359][    T1] io scheduler bfq registered
[    3.472293][    T1] input: Power Button as /devices/LNXSYSTM:00/LNXPWRBN:00/input/input0
[    3.481925][    T1] ACPI: button: Power Button [PWRF]
[    3.493464][    T1] ioatdma: Intel(R) QuickData Technology Driver 5.00
[    3.790357][  T661] kworker/u4:1 (661) used greatest stack depth: 26928 bytes left
[    3.805152][    T1] N_HDLC line discipline registered with maxframe=4096
[    3.805966][    T1] Serial: 8250/16550 driver, 4 ports, IRQ sharing enabled
[    3.810071][    T1] 00:04: ttyS0 at I/O 0x3f8 (irq = 4, base_baud = 115200) is a 16550A
[    3.831514][    T1] Non-volatile memory driver v1.3
[    3.832310][    T1] Linux agpgart interface v0.103
[    3.836950][    T1] ACPI: bus type drm_connector registered
[    3.844631][    T1] [drm] Initialized vgem 1.0.0 20120112 for vgem on minor 0
[    3.849581][    T1] [drm] Initialized vkms 1.0.0 20180514 for vkms on minor 1
[    3.903853][    T1] Console: switching to colour frame buffer device 128x48
[    3.921861][    T1] platform vkms: [drm] fb0: vkmsdrmfb frame buffer device
[    3.923045][    T1] usbcore: registered new interface driver udl
[    3.924648][    T1] bochs-drm 0000:00:02.0: vgaarb: deactivate vga console
[    3.928522][    T1] [drm] Found bochs VGA, ID 0xb0c5.
[    3.929102][    T1] [drm] Framebuffer size 16384 kB @ 0xfd000000, mmio @ 0xfebf0000.
[    3.933953][    T1] [drm] Found EDID data blob.
[    3.938769][    T1] [drm] Initialized bochs-drm 1.0.0 20130925 for 0000:00:02.0 on minor 2
[    3.946335][    T1] fbcon: bochs-drmdrmfb (fb1) is primary device
[    3.946354][    T1] fbcon: Remapping primary device, fb1, to tty 1-63
[    9.544251][    T1] bochs-drm 0000:00:02.0: [drm] fb1: bochs-drmdrmfb frame buffer device
[    9.622368][    T1] brd: module loaded
[    9.685517][    T1] loop: module loaded
[    9.772550][    T1] zram: Added device: zram0
[    9.779015][    T1] null_blk: disk nullb0 created
[    9.779555][    T1] null_blk: module loaded
[    9.780160][    T1] Guest personality initialized and is inactive
[    9.782249][    T1] VMCI host device registered (name=vmci, major=10, minor=118)
[    9.783113][    T1] Initialized host personality
[    9.783783][    T1] usbcore: registered new interface driver rtsx_usb
[    9.784859][    T1] usbcore: registered new interface driver viperboard
[    9.785795][    T1] usbcore: registered new interface driver dln2
[    9.786763][    T1] usbcore: registered new interface driver pn533_usb
[    9.790372][    T1] nfcsim 0.2 initialized
[    9.791253][    T1] usbcore: registered new interface driver port100
[    9.792088][    T1] usbcore: registered new interface driver nfcmrvl
[    9.796369][    T1] Loading iSCSI transport class v2.0-870.
[    9.801994][    T1] st: Version 20160209, fixed bufsize 32768, s/g segs 256
[    9.827381][    T1] scsi host0: ata_piix
[    9.830482][    T1] scsi host1: ata_piix
[    9.832188][    T1] ata1: PATA max MWDMA2 cmd 0x1f0 ctl 0x3f6 bmdma 0xc000 irq 14 lpm-pol 0
[    9.833123][    T1] ata2: PATA max MWDMA2 cmd 0x170 ctl 0x376 bmdma 0xc008 irq 15 lpm-pol 0
[    9.837696][    T1] Rounding down aligned max_sectors from 4294967295 to 4294967288
[    9.838896][    T1] db_root: cannot open: /etc/target
[    9.840075][    T1] slram: not enough parameters.
[    9.844486][    T1] ftl_cs: FTL header not found.
[    9.866864][    T1] wireguard: WireGuard 1.0.0 loaded. See www.wireguard.com for information.
[    9.867893][    T1] wireguard: Copyright (C) 2015-2019 Jason A. Donenfeld <Jason@zx2c4.com>. All Rights Reserved.
[    9.869025][    T1] eql: Equalizer2002: Simon Janes (simon@ncm.com) and David S. Miller (davem@redhat.com)
[    9.876634][    T1] MACsec IEEE 802.1AE
[    9.885694][    T1] tun: Universal TUN/TAP device driver, 1.6
[    9.889719][    T1] vcan: Virtual CAN interface driver
[    9.890317][    T1] vxcan: Virtual CAN Tunnel driver
[    9.893790][    T1] slcan: serial line CAN interface driver
[    9.894435][    T1] CAN device driver interface
[    9.895070][    T1] usbcore: registered new interface driver usb_8dev
[    9.895918][    T1] usbcore: registered new interface driver ems_usb
[    9.896738][    T1] usbcore: registered new interface driver gs_usb
[    9.897555][    T1] usbcore: registered new interface driver kvaser_usb
[    9.898404][    T1] usbcore: registered new interface driver mcba_usb
[    9.899272][    T1] usbcore: registered new interface driver peak_usb
[    9.900220][    T1] e100: Intel(R) PRO/100 Network Driver
[    9.900850][    T1] e100: Copyright(c) 1999-2006 Intel Corporation
[    9.901665][    T1] e1000: Intel(R) PRO/1000 Network Driver
[    9.902298][    T1] e1000: Copyright (c) 1999-2006 Intel Corporation.
[    9.904056][    T1] e1000e: Intel(R) PRO/1000 Network Driver
[    9.904693][    T1] e1000e: Copyright(c) 1999 - 2015 Intel Corporation.
[    9.906058][    T1] mkiss: AX.25 Multikiss, Hans Albas PE1AYX
[    9.906719][    T1] AX.25: 6pack driver, Revision: 0.3.0
[    9.907349][    T1] AX.25: bpqether driver version 004
[    9.907935][    T1] PPP generic driver version 2.4.2
[    9.911161][    T1] PPP BSD Compression module registered
[    9.911803][    T1] PPP Deflate Compression module registered
[    9.912513][    T1] PPP MPPE Compression module registered
[    9.913156][    T1] NET: Registered PF_PPPOX protocol family
[    9.913855][    T1] PPTP driver version 0.8.5
[    9.914576][    T1] SLIP: version 0.8.4-NET3.019-NEWTTY (dynamic channels, max=256) (6 bit encapsulation enabled).
[    9.915773][    T1] CSLIP: code copyright 1989 Regents of the University of California.
[    9.916691][    T1] SLIP linefill/keepalive option.
[    9.917276][    T1] hdlc: HDLC support module revision 1.22
[    9.917934][    T1] LAPB Ethernet driver version 0.02
[    9.918869][    T1] usbcore: registered new interface driver ath9k_htc
[    9.919747][    T1] usbcore: registered new interface driver carl9170
[    9.920604][    T1] usbcore: registered new interface driver ath6kl_usb
[    9.923951][    T1] usbcore: registered new interface driver ar5523
[    9.925016][    T1] usbcore: registered new interface driver ath10k_usb
[    9.926016][    T1] usbcore: registered new interface driver rndis_wlan
[    9.927096][    T1] mac80211_hwsim: initializing netlink
[    9.947677][    T1] usbcore: registered new interface driver atusb
[    9.957782][    T1] mac802154_hwsim mac802154_hwsim: Added 2 mac802154 hwsim hardware radios
[    9.959936][    T1] VMware vmxnet3 virtual NIC driver - version 1.7.0.0-k-NAPI
[    9.961387][    T1] usbcore: registered new interface driver catc
[    9.962375][    T1] usbcore: registered new interface driver kaweth
[    9.963114][    T1] pegasus: Pegasus/Pegasus II USB Ethernet driver
[    9.964124][    T1] usbcore: registered new interface driver pegasus
[    9.965125][    T1] usbcore: registered new interface driver rtl8150
[    9.966127][    T1] usbcore: registered new device driver r8152-cfgselector
[    9.967069][    T1] usbcore: registered new interface driver r8152
[    9.967790][    T1] hso: drivers/net/usb/hso.c: Option Wireless
[    9.968635][    T1] usbcore: registered new interface driver hso
[    9.969446][    T1] usbcore: registered new interface driver lan78xx
[    9.970288][    T1] usbcore: registered new interface driver asix
[    9.972629][    T1] usbcore: registered new interface driver ax88179_178a
[    9.973824][    T1] usbcore: registered new interface driver cdc_ether
[    9.974696][    T1] usbcore: registered new interface driver cdc_eem
[    9.975556][    T1] usbcore: registered new interface driver dm9601
[    9.976404][    T1] usbcore: registered new interface driver sr9700
[    9.977245][    T1] usbcore: registered new interface driver CoreChips
[    9.978122][    T1] usbcore: registered new interface driver smsc75xx
[    9.978980][    T1] usbcore: registered new interface driver smsc95xx
[    9.979830][    T1] usbcore: registered new interface driver gl620a
[    9.980647][    T1] usbcore: registered new interface driver net1080
[    9.982244][    T1] usbcore: registered new interface driver plusb
[    9.983087][    T1] usbcore: registered new interface driver rndis_host
[    9.983968][    T1] usbcore: registered new interface driver cdc_subset
[    9.984842][    T1] usbcore: registered new interface driver zaurus
[    9.985703][    T1] usbcore: registered new interface driver MOSCHIP usb-ethernet driver
[    9.986755][    T1] usbcore: registered new interface driver int51x1
[    9.987629][    T1] usbcore: registered new interface driver cdc_phonet
[    9.988505][    T1] usbcore: registered new interface driver kalmia
[    9.989350][    T1] usbcore: registered new interface driver ipheth
[    9.990174][    T1] usbcore: registered new interface driver sierra_net
[    9.991241][    T1] usbcore: registered new interface driver cx82310_eth
[    9.992306][    T1] usbcore: registered new interface driver cdc_ncm
[    9.993314][    T1] usbcore: registered new interface driver huawei_cdc_ncm
[    9.994351][    T1] usbcore: registered new interface driver lg-vl600
[    9.995343][    T1] usbcore: registered new interface driver qmi_wwan
[    9.996332][    T1] usbcore: registered new interface driver cdc_mbim
[    9.997304][    T1] usbcore: registered new interface driver ch9200
[    9.998267][    T1] usbcore: registered new interface driver r8153_ecm
[   10.001504][  T987] ata2: found unknown device (class 0)
[   10.002795][  T987] ata2.00: ATAPI: QEMU DVD-ROM, 2.5+, max UDMA/100
[   10.013899][    T1] VFIO - User Level meta-driver version: 0.3
[   10.018494][   T46] scsi 1:0:0:0: CD-ROM            QEMU     QEMU DVD-ROM     2.5+ PQ: 0 ANSI: 5
[   10.022292][    T1] aoe: AoE v85 initialised.
[   10.032722][    T1] SPI driver max3421-hcd has no spi_device_id for maxim,max3421
[   10.033945][    T1] usbcore: registered new interface driver cdc_acm
[   10.034697][    T1] cdc_acm: USB Abstract Control Model driver for USB modems and ISDN adapters
[   10.035825][    T1] usbcore: registered new interface driver usblp
[   10.036801][    T1] usbcore: registered new interface driver cdc_wdm
[   10.037627][    T1] usbcore: registered new interface driver usbtmc
[   10.043235][    T1] usbcore: registered new interface driver uas
[   10.044064][    T1] usbcore: registered new interface driver usb-storage
[   10.044950][    T1] usbcore: registered new interface driver ums-alauda
[   10.045812][    T1] usbcore: registered new interface driver ums-cypress
[   10.046691][    T1] usbcore: registered new interface driver ums-datafab
[   10.048271][    T1] usbcore: registered new interface driver ums_eneub6250
[   10.049173][    T1] usbcore: registered new interface driver ums-freecom
[   10.050048][    T1] usbcore: registered new interface driver ums-isd200
[   10.052910][    T1] usbcore: registered new interface driver ums-jumpshot
[   10.053852][    T1] usbcore: registered new interface driver ums-karma
[   10.054732][    T1] usbcore: registered new interface driver ums-onetouch
[   10.055631][    T1] usbcore: registered new interface driver ums-realtek
[   10.056510][    T1] usbcore: registered new interface driver ums-sddr09
[   10.057380][    T1] usbcore: registered new interface driver ums-sddr55
[   10.058250][    T1] usbcore: registered new interface driver ums-usbat
[   10.059195][    T1] usbcore: registered new interface driver mdc800
[   10.059931][    T1] mdc800: v0.7.5 (30/10/2000):USB Driver for Mustek MDC800 Digital Camera
[   10.061710][    T1] usbcore: registered new interface driver microtekX6
[   10.062793][    T1] usbcore: registered new interface driver usbserial_generic
[   10.063931][    T1] usbserial: USB Serial support registered for generic
[   10.064856][    T1] usbcore: registered new interface driver aircable
[   10.065694][    T1] usbserial: USB Serial support registered for aircable
[   10.066602][    T1] usbcore: registered new interface driver ark3116
[   10.067432][    T1] usbserial: USB Serial support registered for ark3116
[   10.068318][    T1] usbcore: registered new interface driver belkin_sa
[   10.069158][    T1] usbserial: USB Serial support registered for Belkin / Peracom / GoHubs USB Serial Adapter
[   10.070401][    T1] usbcore: registered new interface driver ch341
[   10.071293][    T1] usbserial: USB Serial support registered for ch341-uart
[   10.072211][    T1] usbcore: registered new interface driver cp210x
[   10.073025][    T1] usbserial: USB Serial support registered for cp210x
[   10.073897][    T1] usbcore: registered new interface driver cyberjack
[   10.074744][    T1] usbserial: USB Serial support registered for Reiner SCT Cyberjack USB card reader
[   10.075925][    T1] usbcore: registered new interface driver cypress_m8
[   10.076777][    T1] usbserial: USB Serial support registered for DeLorme Earthmate USB
[   10.077784][    T1] usbserial: USB Serial support registered for HID->COM RS232 Adapter
[   10.078798][    T1] usbserial: USB Serial support registered for Nokia CA-42 V2 Adapter
[   10.079836][    T1] usbcore: registered new interface driver usb_debug
[   10.080689][    T1] usbserial: USB Serial support registered for debug
[   10.083501][    T1] usbserial: USB Serial support registered for xhci_dbc
[   10.084444][    T1] usbcore: registered new interface driver digi_acceleport
[   10.085425][    T1] usbserial: USB Serial support registered for Digi 2 port USB adapter
[   10.086511][    T1] usbserial: USB Serial support registered for Digi 4 port USB adapter
[   10.087541][    T1] usbcore: registered new interface driver io_edgeport
[   10.088444][    T1] usbserial: USB Serial support registered for Edgeport 2 port adapter
[   10.089448][    T1] usbserial: USB Serial support registered for Edgeport 4 port adapter
[   10.090521][    T1] usbserial: USB Serial support registered for Edgeport 8 port adapter
[   10.093544][    T1] usbserial: USB Serial support registered for EPiC device
[   10.094489][    T1] usbcore: registered new interface driver io_ti
[   10.095361][    T1] usbserial: USB Serial support registered for Edgeport TI 1 port adapter
[   10.096416][    T1] usbserial: USB Serial support registered for Edgeport TI 2 port adapter
[   10.097502][    T1] usbcore: registered new interface driver empeg
[   10.098311][    T1] usbserial: USB Serial support registered for empeg
[   10.099221][    T1] usbcore: registered new interface driver f81534a_ctrl
[   10.100123][    T1] usbcore: registered new interface driver f81232
[   10.101088][    T1] usbserial: USB Serial support registered for f81232
[   10.101948][    T1] usbserial: USB Serial support registered for f81534a
[   10.102861][    T1] usbcore: registered new interface driver f81534
[   10.103915][    T1] usbserial: USB Serial support registered for Fintek F81532/F81534
[   10.104938][    T1] usbcore: registered new interface driver ftdi_sio
[   10.105919][    T1] usbserial: USB Serial support registered for FTDI USB Serial Device
[   10.106077][   T46] sr 1:0:0:0: [sr0] scsi3-mmc drive: 4x/4x cd/rw xa/form2 tray
[   10.106953][    T1] usbcore: registered new interface driver garmin_gps
[   10.107799][   T46] cdrom: Uniform CD-ROM driver Revision: 3.20
[   10.108624][    T1] usbserial: USB Serial support registered for Garmin GPS usb/tty
[   10.110745][    T1] usbcore: registered new interface driver ipaq
[   10.111633][    T1] usbserial: USB Serial support registered for PocketPC PDA
[   10.112573][    T1] usbcore: registered new interface driver ipw
[   10.113371][    T1] usbserial: USB Serial support registered for IPWireless converter
[   10.114385][    T1] usbcore: registered new interface driver ir_usb
[   10.115219][    T1] usbserial: USB Serial support registered for IR Dongle
[   10.116130][    T1] usbcore: registered new interface driver iuu_phoenix
[   10.117008][    T1] usbserial: USB Serial support registered for iuu_phoenix
[   10.117938][    T1] usbcore: registered new interface driver keyspan
[   10.118768][    T1] usbserial: USB Serial support registered for Keyspan - (without firmware)
[   10.119924][    T1] usbserial: USB Serial support registered for Keyspan 1 port adapter
[   10.121173][    T1] usbserial: USB Serial support registered for Keyspan 2 port adapter
[   10.122194][    T1] usbserial: USB Serial support registered for Keyspan 4 port adapter
[   10.123231][    T1] usbcore: registered new interface driver keyspan_pda
[   10.124097][    T1] usbserial: USB Serial support registered for Keyspan PDA
[   10.125005][    T1] usbserial: USB Serial support registered for Keyspan PDA - (prerenumeration)
[   10.126156][    T1] usbcore: registered new interface driver kl5kusb105
[   10.127034][    T1] usbserial: USB Serial support registered for KL5KUSB105D / PalmConnect
[   10.128102][    T1] usbcore: registered new interface driver kobil_sct
[   10.128957][    T1] usbserial: USB Serial support registered for KOBIL USB smart card terminal
[   10.130058][    T1] usbcore: registered new interface driver mct_u232
[   10.130921][    T1] usbserial: USB Serial support registered for MCT U232
[   10.132062][    T1] usbcore: registered new interface driver metro_usb
[   10.132905][    T1] usbserial: USB Serial support registered for Metrologic USB to Serial
[   10.133950][    T1] usbcore: registered new interface driver mos7720
[   10.134784][    T1] usbserial: USB Serial support registered for Moschip 2 port adapter
[   10.135814][    T1] usbcore: registered new interface driver mos7840
[   10.136644][    T1] usbserial: USB Serial support registered for Moschip 7840/7820 USB Serial Driver
[   10.137805][    T1] usbcore: registered new interface driver mxuport
[   10.138634][    T1] usbserial: USB Serial support registered for MOXA UPort
[   10.139553][    T1] usbcore: registered new interface driver navman
[   10.140372][    T1] usbserial: USB Serial support registered for navman
[   10.141276][    T1] usbcore: registered new interface driver omninet
[   10.142098][    T1] usbserial: USB Serial support registered for ZyXEL - omni.net usb
[   10.143125][    T1] usbcore: registered new interface driver opticon
[   10.143953][    T1] usbserial: USB Serial support registered for opticon
[   10.144832][    T1] usbcore: registered new interface driver option
[   10.145657][    T1] usbserial: USB Serial support registered for GSM modem (1-port)
[   10.146659][    T1] usbcore: registered new interface driver oti6858
[   10.147504][    T1] usbserial: USB Serial support registered for oti6858
[   10.148391][    T1] usbcore: registered new interface driver pl2303
[   10.149204][    T1] usbserial: USB Serial support registered for pl2303
[   10.150078][    T1] usbcore: registered new interface driver qcaux
[   10.150908][    T1] usbserial: USB Serial support registered for qcaux
[   10.151776][    T1] usbcore: registered new interface driver qcserial
[   10.152611][    T1] usbserial: USB Serial support registered for Qualcomm USB modem
[   10.153600][    T1] usbcore: registered new interface driver quatech2
[   10.154445][    T1] usbserial: USB Serial support registered for Quatech 2nd gen USB to Serial Driver
[   10.155621][    T1] usbcore: registered new interface driver safe_serial
[   10.156486][    T1] usbserial: USB Serial support registered for safe_serial
[   10.157415][    T1] usbcore: registered new interface driver sierra
[   10.158240][    T1] usbserial: USB Serial support registered for Sierra USB modem
[   10.159232][    T1] usbcore: registered new interface driver usb_serial_simple
[   10.160158][    T1] usbserial: USB Serial support registered for carelink
[   10.161591][    T1] usbserial: USB Serial support registered for flashloader
[   10.162499][    T1] usbserial: USB Serial support registered for funsoft
[   10.163413][    T1] usbserial: USB Serial support registered for google
[   10.164283][    T1] usbserial: USB Serial support registered for hp4x
[   10.165254][    T1] usbserial: USB Serial support registered for kaufmann
[   10.166158][    T1] usbserial: USB Serial support registered for libtransistor
[   10.167097][    T1] usbserial: USB Serial support registered for moto_modem
[   10.168009][    T1] usbserial: USB Serial support registered for motorola_tetra
[   10.168950][    T1] usbserial: USB Serial support registered for nokia
[   10.169821][    T1] usbserial: USB Serial support registered for novatel_gps
[   10.170742][    T1] usbserial: USB Serial support registered for siemens_mpi
[   10.172287][    T1] usbserial: USB Serial support registered for suunto
[   10.173164][    T1] usbserial: USB Serial support registered for vivopay
[   10.174052][    T1] usbserial: USB Serial support registered for zio
[   10.174911][    T1] usbcore: registered new interface driver spcp8x5
[   10.176545][    T1] usbserial: USB Serial support registered for SPCP8x5
[   10.178297][    T1] usbcore: registered new interface driver ssu100
[   10.179819][    T1] usbserial: USB Serial support registered for Quatech SSU-100 USB to Serial Driver
[   10.181778][    T1] usbcore: registered new interface driver symbolserial
[   10.182694][    T1] usbserial: USB Serial support registered for symbol
[   10.183713][    T1] usbcore: registered new interface driver ti_usb_3410_5052
[   10.184625][    T1] usbserial: USB Serial support registered for TI USB 3410 1 port adapter
[   10.185669][    T1] usbserial: USB Serial support registered for TI USB 5052 2 port adapter
[   10.186746][    T1] usbcore: registered new interface driver upd78f0730
[   10.187607][    T1] usbserial: USB Serial support registered for upd78f0730
[   10.188504][    T1] usbcore: registered new interface driver visor
[   10.189297][    T1] usbserial: USB Serial support registered for Handspring Visor / Palm OS
[   10.190329][    T1] usbserial: USB Serial support registered for Sony Clie 5.0
[   10.191699][    T1] usbserial: USB Serial support registered for Sony Clie 3.5
[   10.192661][    T1] usbcore: registered new interface driver wishbone_serial
[   10.193546][    T1] usbserial: USB Serial support registered for wishbone_serial
[   10.193769][   T46] sr 1:0:0:0: Attached scsi generic sg0 type 5
[   10.194499][    T1] usbcore: registered new interface driver whiteheat
[   10.196443][    T1] usbserial: USB Serial support registered for Connect Tech - WhiteHEAT - (prerenumeration)
[   10.197672][    T1] usbserial: USB Serial support registered for Connect Tech - WhiteHEAT
[   10.198731][    T1] usbcore: registered new interface driver xr_serial
[   10.199594][    T1] usbserial: USB Serial support registered for xr_serial
[   10.200507][    T1] usbcore: registered new interface driver xsens_mt
[   10.201404][    T1] usbserial: USB Serial support registered for xsens_mt
[   10.202326][    T1] usbcore: registered new interface driver adutux
[   10.203180][    T1] usbcore: registered new interface driver appledisplay
[   10.204086][    T1] usbcore: registered new interface driver cypress_cy7c63
[   10.205007][    T1] usbcore: registered new interface driver cytherm
[   10.205865][    T1] usbcore: registered new interface driver emi26 - firmware loader
[   10.206874][    T1] usbcore: registered new interface driver emi62 - firmware loader
[   10.207899][    T1] usbcore: registered new interface driver idmouse
[   10.208754][    T1] usbcore: registered new interface driver iowarrior
[   10.209626][    T1] usbcore: registered new interface driver isight_firmware
[   10.210558][    T1] usbcore: registered new interface driver usblcd
[   10.211629][    T1] usbcore: registered new interface driver ldusb
[   10.212458][    T1] usbcore: registered new interface driver legousbtower
[   10.213386][    T1] usbcore: registered new interface driver usbtest
[   10.214675][    T1] usbcore: registered new interface driver usb_ehset_test
[   10.215612][    T1] usbcore: registered new interface driver trancevibrator
[   10.216550][    T1] usbcore: registered new interface driver uss720
[   10.217281][    T1] uss720: USB Parport Cable driver for Cables using the Lucent Technologies USS720 Chip
[   10.218377][    T1] uss720: NOTE: this is a special purpose driver to allow nonstandard
[   10.219301][    T1] uss720: protocols (eg. bitbang) over USS720 usb to parallel cables
[   10.220219][    T1] uss720: If you just want to connect to a printer, use usblp instead
[   10.221697][    T1] usbcore: registered new interface driver usbsevseg
[   10.222585][    T1] usbcore: registered new interface driver yurex
[   10.223975][    T1] usbcore: registered new interface driver chaoskey
[   10.224842][    T1] usbcore: registered new interface driver sisusb
[   10.225688][    T1] usbcore: registered new interface driver lvs
[   10.226503][    T1] usbcore: registered new interface driver cxacru
[   10.227359][    T1] usbcore: registered new interface driver speedtch
[   10.228232][    T1] usbcore: registered new interface driver ueagle-atm
[   10.229405][    T1] xusbatm: malformed module parameters
[   10.231893][    T1] dummy_hcd dummy_hcd.0: USB Host+Gadget Emulator, driver 02 May 2005
[   10.232875][    T1] dummy_hcd dummy_hcd.0: Dummy host controller
[   10.235076][    T1] dummy_hcd dummy_hcd.0: new USB bus registered, assigned bus number 1
[   10.237202][    T1] usb usb1: New USB device found, idVendor=1d6b, idProduct=0002, bcdDevice= 6.07
[   10.238298][    T1] usb usb1: New USB device strings: Mfr=3, Product=2, SerialNumber=1
[   10.239225][    T1] usb usb1: Product: Dummy host controller
[   10.239885][    T1] usb usb1: Manufacturer: Linux 6.7.0-rc5-00200-g3bd7d7488169-dirty dummy_hcd
[   10.241161][    T1] usb usb1: SerialNumber: dummy_hcd.0
[   10.245506][    T1] hub 1-0:1.0: USB hub found
[   10.246329][    T1] hub 1-0:1.0: 1 port detected
[   10.255886][    T1] gadgetfs: USB Gadget filesystem, version 24 Aug 2004
[   10.258850][    T1] vhci_hcd vhci_hcd.0: USB/IP Virtual Host Controller
[   10.260422][    T1] vhci_hcd vhci_hcd.0: new USB bus registered, assigned bus number 2
[   10.261878][    T1] vhci_hcd: created sysfs vhci_hcd.0
[   10.263319][    T1] usb usb2: New USB device found, idVendor=1d6b, idProduct=0002, bcdDevice= 6.07
[   10.264417][    T1] usb usb2: New USB device strings: Mfr=3, Product=2, SerialNumber=1
[   10.265409][    T1] usb usb2: Product: USB/IP Virtual Host Controller
[   10.266159][    T1] usb usb2: Manufacturer: Linux 6.7.0-rc5-00200-g3bd7d7488169-dirty vhci_hcd
[   10.267157][    T1] usb usb2: SerialNumber: vhci_hcd.0
[   10.270137][    T1] hub 2-0:1.0: USB hub found
[   10.270919][    T1] hub 2-0:1.0: 8 ports detected
[   10.278693][    T1] vhci_hcd vhci_hcd.0: USB/IP Virtual Host Controller
[   10.280218][    T1] vhci_hcd vhci_hcd.0: new USB bus registered, assigned bus number 3
[   10.281710][    T1] usb usb3: We don't know the algorithms for LPM for this host, disabling LPM.
[   10.283446][    T1] usb usb3: New USB device found, idVendor=1d6b, idProduct=0003, bcdDevice= 6.07
[   10.284484][    T1] usb usb3: New USB device strings: Mfr=3, Product=2, SerialNumber=1
[   10.285436][    T1] usb usb3: Product: USB/IP Virtual Host Controller
[   10.286233][    T1] usb usb3: Manufacturer: Linux 6.7.0-rc5-00200-g3bd7d7488169-dirty vhci_hcd
[   10.287239][    T1] usb usb3: SerialNumber: vhci_hcd.0
[   10.290073][    T1] hub 3-0:1.0: USB hub found
[   10.290778][    T1] hub 3-0:1.0: 8 ports detected
[   10.299874][    T1] vhci_hcd vhci_hcd.1: USB/IP Virtual Host Controller
[   10.301474][    T1] vhci_hcd vhci_hcd.1: new USB bus registered, assigned bus number 4
[   10.303233][    T1] usb usb4: New USB device found, idVendor=1d6b, idProduct=0002, bcdDevice= 6.07
[   10.304273][    T1] usb usb4: New USB device strings: Mfr=3, Product=2, SerialNumber=1
[   10.305174][    T1] usb usb4: Product: USB/IP Virtual Host Controller
[   10.305905][    T1] usb usb4: Manufacturer: Linux 6.7.0-rc5-00200-g3bd7d7488169-dirty vhci_hcd
[   10.306881][    T1] usb usb4: SerialNumber: vhci_hcd.1
[   10.309713][    T1] hub 4-0:1.0: USB hub found
[   10.310417][    T1] hub 4-0:1.0: 8 ports detected
[   10.319093][    T1] vhci_hcd vhci_hcd.1: USB/IP Virtual Host Controller
[   10.320565][    T1] vhci_hcd vhci_hcd.1: new USB bus registered, assigned bus number 5
[   10.321952][    T1] usb usb5: We don't know the algorithms for LPM for this host, disabling LPM.
[   10.323660][    T1] usb usb5: New USB device found, idVendor=1d6b, idProduct=0003, bcdDevice= 6.07
[   10.324676][    T1] usb usb5: New USB device strings: Mfr=3, Product=2, SerialNumber=1
[   10.325569][    T1] usb usb5: Product: USB/IP Virtual Host Controller
[   10.326298][    T1] usb usb5: Manufacturer: Linux 6.7.0-rc5-00200-g3bd7d7488169-dirty vhci_hcd
[   10.327270][    T1] usb usb5: SerialNumber: vhci_hcd.1
[   10.330205][    T1] hub 5-0:1.0: USB hub found
[   10.331006][    T1] hub 5-0:1.0: 8 ports detected
[   10.339032][    T1] vhci_hcd vhci_hcd.2: USB/IP Virtual Host Controller
[   10.341750][    T1] vhci_hcd vhci_hcd.2: new USB bus registered, assigned bus number 6
[   10.343472][    T1] usb usb6: New USB device found, idVendor=1d6b, idProduct=0002, bcdDevice= 6.07
[   10.344495][    T1] usb usb6: New USB device strings: Mfr=3, Product=2, SerialNumber=1
[   10.345391][    T1] usb usb6: Product: USB/IP Virtual Host Controller
[   10.346124][    T1] usb usb6: Manufacturer: Linux 6.7.0-rc5-00200-g3bd7d7488169-dirty vhci_hcd
[   10.347096][    T1] usb usb6: SerialNumber: vhci_hcd.2
[   10.350197][    T1] hub 6-0:1.0: USB hub found
[   10.351136][    T1] hub 6-0:1.0: 8 ports detected
[   10.358408][    T1] vhci_hcd vhci_hcd.2: USB/IP Virtual Host Controller
[   10.360031][    T1] vhci_hcd vhci_hcd.2: new USB bus registered, assigned bus number 7
[   10.361291][    T1] usb usb7: We don't know the algorithms for LPM for this host, disabling LPM.
[   10.362967][    T1] usb usb7: New USB device found, idVendor=1d6b, idProduct=0003, bcdDevice= 6.07
[   10.364003][    T1] usb usb7: New USB device strings: Mfr=3, Product=2, SerialNumber=1
[   10.364905][    T1] usb usb7: Product: USB/IP Virtual Host Controller
[   10.365643][    T1] usb usb7: Manufacturer: Linux 6.7.0-rc5-00200-g3bd7d7488169-dirty vhci_hcd
[   10.366620][    T1] usb usb7: SerialNumber: vhci_hcd.2
[   10.369748][    T1] hub 7-0:1.0: USB hub found
[   10.370445][    T1] hub 7-0:1.0: 8 ports detected
[   10.379455][    T1] vhci_hcd vhci_hcd.3: USB/IP Virtual Host Controller
[   10.381158][    T1] vhci_hcd vhci_hcd.3: new USB bus registered, assigned bus number 8
[   10.382867][    T1] usb usb8: New USB device found, idVendor=1d6b, idProduct=0002, bcdDevice= 6.07
[   10.383890][    T1] usb usb8: New USB device strings: Mfr=3, Product=2, SerialNumber=1
[   10.384791][    T1] usb usb8: Product: USB/IP Virtual Host Controller
[   10.385521][    T1] usb usb8: Manufacturer: Linux 6.7.0-rc5-00200-g3bd7d7488169-dirty vhci_hcd
[   10.386491][    T1] usb usb8: SerialNumber: vhci_hcd.3
[   10.389642][    T1] hub 8-0:1.0: USB hub found
[   10.390340][    T1] hub 8-0:1.0: 8 ports detected
[   10.397753][    T1] vhci_hcd vhci_hcd.3: USB/IP Virtual Host Controller
[   10.399371][    T1] vhci_hcd vhci_hcd.3: new USB bus registered, assigned bus number 9
[   10.400590][    T1] usb usb9: We don't know the algorithms for LPM for this host, disabling LPM.
[   10.402291][    T1] usb usb9: New USB device found, idVendor=1d6b, idProduct=0003, bcdDevice= 6.07
[   10.403318][    T1] usb usb9: New USB device strings: Mfr=3, Product=2, SerialNumber=1
[   10.404212][    T1] usb usb9: Product: USB/IP Virtual Host Controller
[   10.404943][    T1] usb usb9: Manufacturer: Linux 6.7.0-rc5-00200-g3bd7d7488169-dirty vhci_hcd
[   10.405912][    T1] usb usb9: SerialNumber: vhci_hcd.3
[   10.409092][    T1] hub 9-0:1.0: USB hub found
[   10.409784][    T1] hub 9-0:1.0: 8 ports detected
[   10.418710][    T1] vhci_hcd vhci_hcd.4: USB/IP Virtual Host Controller
[   10.420704][    T1] vhci_hcd vhci_hcd.4: new USB bus registered, assigned bus number 10
[   10.422482][    T1] usb usb10: New USB device found, idVendor=1d6b, idProduct=0002, bcdDevice= 6.07
[   10.423522][    T1] usb usb10: New USB device strings: Mfr=3, Product=2, SerialNumber=1
[   10.424431][    T1] usb usb10: Product: USB/IP Virtual Host Controller
[   10.425176][    T1] usb usb10: Manufacturer: Linux 6.7.0-rc5-00200-g3bd7d7488169-dirty vhci_hcd
[   10.426155][    T1] usb usb10: SerialNumber: vhci_hcd.4
[   10.429292][    T1] hub 10-0:1.0: USB hub found
[   10.429999][    T1] hub 10-0:1.0: 8 ports detected
[   10.437516][    T1] vhci_hcd vhci_hcd.4: USB/IP Virtual Host Controller
[   10.439196][    T1] vhci_hcd vhci_hcd.4: new USB bus registered, assigned bus number 11
[   10.440431][    T1] usb usb11: We don't know the algorithms for LPM for this host, disabling LPM.
[   10.442493][    T1] usb usb11: New USB device found, idVendor=1d6b, idProduct=0003, bcdDevice= 6.07
[   10.443539][    T1] usb usb11: New USB device strings: Mfr=3, Product=2, SerialNumber=1
[   10.444453][    T1] usb usb11: Product: USB/IP Virtual Host Controller
[   10.445199][    T1] usb usb11: Manufacturer: Linux 6.7.0-rc5-00200-g3bd7d7488169-dirty vhci_hcd
[   10.446185][    T1] usb usb11: SerialNumber: vhci_hcd.4
[   10.449375][    T1] hub 11-0:1.0: USB hub found
[   10.450078][    T1] hub 11-0:1.0: 8 ports detected
[   10.459139][    T1] vhci_hcd vhci_hcd.5: USB/IP Virtual Host Controller
[   10.463107][    T1] vhci_hcd vhci_hcd.5: new USB bus registered, assigned bus number 12
[   10.464854][    T1] usb usb12: New USB device found, idVendor=1d6b, idProduct=0002, bcdDevice= 6.07
[   10.465888][    T1] usb usb12: New USB device strings: Mfr=3, Product=2, SerialNumber=1
[   10.466800][    T1] usb usb12: Product: USB/IP Virtual Host Controller
[   10.467553][    T1] usb usb12: Manufacturer: Linux 6.7.0-rc5-00200-g3bd7d7488169-dirty vhci_hcd
[   10.468537][    T1] usb usb12: SerialNumber: vhci_hcd.5
[   10.471727][    T1] hub 12-0:1.0: USB hub found
[   10.472433][    T1] hub 12-0:1.0: 8 ports detected
[   10.479773][    T1] vhci_hcd vhci_hcd.5: USB/IP Virtual Host Controller
[   10.481395][    T1] vhci_hcd vhci_hcd.5: new USB bus registered, assigned bus number 13
[   10.482624][    T1] usb usb13: We don't know the algorithms for LPM for this host, disabling LPM.
[   10.484335][    T1] usb usb13: New USB device found, idVendor=1d6b, idProduct=0003, bcdDevice= 6.07
[   10.485364][    T1] usb usb13: New USB device strings: Mfr=3, Product=2, SerialNumber=1
[   10.486272][    T1] usb usb13: Product: USB/IP Virtual Host Controller
[   10.487022][    T1] usb usb13: Manufacturer: Linux 6.7.0-rc5-00200-g3bd7d7488169-dirty vhci_hcd
[   10.488004][    T1] usb usb13: SerialNumber: vhci_hcd.5
[   10.491175][    T1] hub 13-0:1.0: USB hub found
[   10.491879][    T1] hub 13-0:1.0: 8 ports detected
[   10.500813][    T1] vhci_hcd vhci_hcd.6: USB/IP Virtual Host Controller
[   10.502756][    T1] vhci_hcd vhci_hcd.6: new USB bus registered, assigned bus number 14
[   10.504497][    T1] usb usb14: New USB device found, idVendor=1d6b, idProduct=0002, bcdDevice= 6.07
[   10.505532][    T1] usb usb14: New USB device strings: Mfr=3, Product=2, SerialNumber=1
[   10.506447][    T1] usb usb14: Product: USB/IP Virtual Host Controller
[   10.507201][    T1] usb usb14: Manufacturer: Linux 6.7.0-rc5-00200-g3bd7d7488169-dirty vhci_hcd
[   10.508186][    T1] usb usb14: SerialNumber: vhci_hcd.6
[   10.511411][    T1] hub 14-0:1.0: USB hub found
[   10.512137][    T1] hub 14-0:1.0: 8 ports detected
[   10.519405][    T1] vhci_hcd vhci_hcd.6: USB/IP Virtual Host Controller
[   10.521094][    T1] vhci_hcd vhci_hcd.6: new USB bus registered, assigned bus number 15
[   10.522326][    T1] usb usb15: We don't know the algorithms for LPM for this host, disabling LPM.
[   10.524045][    T1] usb usb15: New USB device found, idVendor=1d6b, idProduct=0003, bcdDevice= 6.07
[   10.525083][    T1] usb usb15: New USB device strings: Mfr=3, Product=2, SerialNumber=1
[   10.525997][    T1] usb usb15: Product: USB/IP Virtual Host Controller
[   10.526744][    T1] usb usb15: Manufacturer: Linux 6.7.0-rc5-00200-g3bd7d7488169-dirty vhci_hcd
[   10.527735][    T1] usb usb15: SerialNumber: vhci_hcd.6
[   10.530866][    T1] hub 15-0:1.0: USB hub found
[   10.531578][    T1] hub 15-0:1.0: 8 ports detected
[   10.540803][    T1] vhci_hcd vhci_hcd.7: USB/IP Virtual Host Controller
[   10.542930][    T1] vhci_hcd vhci_hcd.7: new USB bus registered, assigned bus number 16
[   10.544780][    T1] usb usb16: New USB device found, idVendor=1d6b, idProduct=0002, bcdDevice= 6.07
[   10.545840][    T1] usb usb16: New USB device strings: Mfr=3, Product=2, SerialNumber=1
[   10.546751][    T1] usb usb16: Product: USB/IP Virtual Host Controller
[   10.547504][    T1] usb usb16: Manufacturer: Linux 6.7.0-rc5-00200-g3bd7d7488169-dirty vhci_hcd
[   10.548490][    T1] usb usb16: SerialNumber: vhci_hcd.7
[   10.551614][    T1] hub 16-0:1.0: USB hub found
[   10.552323][    T1] hub 16-0:1.0: 8 ports detected
[   10.559989][    T1] vhci_hcd vhci_hcd.7: USB/IP Virtual Host Controller
[   10.561742][    T1] vhci_hcd vhci_hcd.7: new USB bus registered, assigned bus number 17
[   10.562981][    T1] usb usb17: We don't know the algorithms for LPM for this host, disabling LPM.
[   10.564691][    T1] usb usb17: New USB device found, idVendor=1d6b, idProduct=0003, bcdDevice= 6.07
[   10.565731][    T1] usb usb17: New USB device strings: Mfr=3, Product=2, SerialNumber=1
[   10.566647][    T1] usb usb17: Product: USB/IP Virtual Host Controller
[   10.567401][    T1] usb usb17: Manufacturer: Linux 6.7.0-rc5-00200-g3bd7d7488169-dirty vhci_hcd
[   10.568393][    T1] usb usb17: SerialNumber: vhci_hcd.7
[   10.571558][    T1] hub 17-0:1.0: USB hub found
[   10.572266][    T1] hub 17-0:1.0: 8 ports detected
[   10.581380][    T1] vhci_hcd vhci_hcd.8: USB/IP Virtual Host Controller
[   10.583241][    T1] vhci_hcd vhci_hcd.8: new USB bus registered, assigned bus number 18
[   10.584969][    T1] usb usb18: New USB device found, idVendor=1d6b, idProduct=0002, bcdDevice= 6.07
[   10.586004][    T1] usb usb18: New USB device strings: Mfr=3, Product=2, SerialNumber=1
[   10.586921][    T1] usb usb18: Product: USB/IP Virtual Host Controller
[   10.587722][    T1] usb usb18: Manufacturer: Linux 6.7.0-rc5-00200-g3bd7d7488169-dirty vhci_hcd
[   10.588710][    T1] usb usb18: SerialNumber: vhci_hcd.8
[   10.592553][    T1] hub 18-0:1.0: USB hub found
[   10.593266][    T1] hub 18-0:1.0: 8 ports detected
[   10.600620][    T1] vhci_hcd vhci_hcd.8: USB/IP Virtual Host Controller
[   10.602298][    T1] vhci_hcd vhci_hcd.8: new USB bus registered, assigned bus number 19
[   10.603536][    T1] usb usb19: We don't know the algorithms for LPM for this host, disabling LPM.
[   10.605211][    T1] usb usb19: New USB device found, idVendor=1d6b, idProduct=0003, bcdDevice= 6.07
[   10.606251][    T1] usb usb19: New USB device strings: Mfr=3, Product=2, SerialNumber=1
[   10.607177][    T1] usb usb19: Product: USB/IP Virtual Host Controller
[   10.607921][    T1] usb usb19: Manufacturer: Linux 6.7.0-rc5-00200-g3bd7d7488169-dirty vhci_hcd
[   10.608912][    T1] usb usb19: SerialNumber: vhci_hcd.8
[   10.612099][    T1] hub 19-0:1.0: USB hub found
[   10.612824][    T1] hub 19-0:1.0: 8 ports detected
[   10.622176][    T1] vhci_hcd vhci_hcd.9: USB/IP Virtual Host Controller
[   10.624038][    T1] vhci_hcd vhci_hcd.9: new USB bus registered, assigned bus number 20
[   10.625905][    T1] usb usb20: New USB device found, idVendor=1d6b, idProduct=0002, bcdDevice= 6.07
[   10.626939][    T1] usb usb20: New USB device strings: Mfr=3, Product=2, SerialNumber=1
[   10.627855][    T1] usb usb20: Product: USB/IP Virtual Host Controller
[   10.628603][    T1] usb usb20: Manufacturer: Linux 6.7.0-rc5-00200-g3bd7d7488169-dirty vhci_hcd
[   10.629586][    T1] usb usb20: SerialNumber: vhci_hcd.9
[   10.632948][    T1] hub 20-0:1.0: USB hub found
[   10.633649][    T1] hub 20-0:1.0: 8 ports detected
[   10.641161][    T1] vhci_hcd vhci_hcd.9: USB/IP Virtual Host Controller
[   10.642753][    T1] vhci_hcd vhci_hcd.9: new USB bus registered, assigned bus number 21
[   10.643981][    T1] usb usb21: We don't know the algorithms for LPM for this host, disabling LPM.
[   10.645669][    T1] usb usb21: New USB device found, idVendor=1d6b, idProduct=0003, bcdDevice= 6.07
[   10.646694][    T1] usb usb21: New USB device strings: Mfr=3, Product=2, SerialNumber=1
[   10.647604][    T1] usb usb21: Product: USB/IP Virtual Host Controller
[   10.648343][    T1] usb usb21: Manufacturer: Linux 6.7.0-rc5-00200-g3bd7d7488169-dirty vhci_hcd
[   10.649322][    T1] usb usb21: SerialNumber: vhci_hcd.9
[   10.652588][    T1] hub 21-0:1.0: USB hub found
[   10.653559][    T1] hub 21-0:1.0: 8 ports detected
[   10.662602][    T1] vhci_hcd vhci_hcd.10: USB/IP Virtual Host Controller
[   10.664805][    T1] vhci_hcd vhci_hcd.10: new USB bus registered, assigned bus number 22
[   10.666908][    T1] usb usb22: New USB device found, idVendor=1d6b, idProduct=0002, bcdDevice= 6.07
[   10.667950][    T1] usb usb22: New USB device strings: Mfr=3, Product=2, SerialNumber=1
[   10.668863][    T1] usb usb22: Product: USB/IP Virtual Host Controller
[   10.669604][    T1] usb usb22: Manufacturer: Linux 6.7.0-rc5-00200-g3bd7d7488169-dirty vhci_hcd
[   10.670585][    T1] usb usb22: SerialNumber: vhci_hcd.10
[   10.674610][    T1] hub 22-0:1.0: USB hub found
[   10.675344][    T1] hub 22-0:1.0: 8 ports detected
[   10.682218][    T1] vhci_hcd vhci_hcd.10: USB/IP Virtual Host Controller
[   10.684079][    T1] vhci_hcd vhci_hcd.10: new USB bus registered, assigned bus number 23
[   10.685327][    T1] usb usb23: We don't know the algorithms for LPM for this host, disabling LPM.
[   10.687024][    T1] usb usb23: New USB device found, idVendor=1d6b, idProduct=0003, bcdDevice= 6.07
[   10.688061][    T1] usb usb23: New USB device strings: Mfr=3, Product=2, SerialNumber=1
[   10.688972][    T1] usb usb23: Product: USB/IP Virtual Host Controller
[   10.689721][    T1] usb usb23: Manufacturer: Linux 6.7.0-rc5-00200-g3bd7d7488169-dirty vhci_hcd
[   10.690708][    T1] usb usb23: SerialNumber: vhci_hcd.10
[   10.693903][    T1] hub 23-0:1.0: USB hub found
[   10.694610][    T1] hub 23-0:1.0: 8 ports detected
[   10.703953][    T1] vhci_hcd vhci_hcd.11: USB/IP Virtual Host Controller
[   10.707059][    T1] vhci_hcd vhci_hcd.11: new USB bus registered, assigned bus number 24
[   10.708810][    T1] usb usb24: New USB device found, idVendor=1d6b, idProduct=0002, bcdDevice= 6.07
[   10.709844][    T1] usb usb24: New USB device strings: Mfr=3, Product=2, SerialNumber=1
[   10.710757][    T1] usb usb24: Product: USB/IP Virtual Host Controller
[   10.711540][    T1] usb usb24: Manufacturer: Linux 6.7.0-rc5-00200-g3bd7d7488169-dirty vhci_hcd
[   10.712537][    T1] usb usb24: SerialNumber: vhci_hcd.11
[   10.715712][    T1] hub 24-0:1.0: USB hub found
[   10.716430][    T1] hub 24-0:1.0: 8 ports detected
[   10.723893][    T1] vhci_hcd vhci_hcd.11: USB/IP Virtual Host Controller
[   10.725508][    T1] vhci_hcd vhci_hcd.11: new USB bus registered, assigned bus number 25
[   10.726743][    T1] usb usb25: We don't know the algorithms for LPM for this host, disabling LPM.
[   10.728437][    T1] usb usb25: New USB device found, idVendor=1d6b, idProduct=0003, bcdDevice= 6.07
[   10.729470][    T1] usb usb25: New USB device strings: Mfr=3, Product=2, SerialNumber=1
[   10.730388][    T1] usb usb25: Product: USB/IP Virtual Host Controller
[   10.731170][    T1] usb usb25: Manufacturer: Linux 6.7.0-rc5-00200-g3bd7d7488169-dirty vhci_hcd
[   10.732166][    T1] usb usb25: SerialNumber: vhci_hcd.11
[   10.735314][    T1] hub 25-0:1.0: USB hub found
[   10.736028][    T1] hub 25-0:1.0: 8 ports detected
[   10.745228][    T1] vhci_hcd vhci_hcd.12: USB/IP Virtual Host Controller
[   10.747039][    T1] vhci_hcd vhci_hcd.12: new USB bus registered, assigned bus number 26
[   10.748786][    T1] usb usb26: New USB device found, idVendor=1d6b, idProduct=0002, bcdDevice= 6.07
[   10.749824][    T1] usb usb26: New USB device strings: Mfr=3, Product=2, SerialNumber=1
[   10.750730][    T1] usb usb26: Product: USB/IP Virtual Host Controller
[   10.751520][    T1] usb usb26: Manufacturer: Linux 6.7.0-rc5-00200-g3bd7d7488169-dirty vhci_hcd
[   10.752519][    T1] usb usb26: SerialNumber: vhci_hcd.12
[   10.755695][    T1] hub 26-0:1.0: USB hub found
[   10.756411][    T1] hub 26-0:1.0: 8 ports detected
[   10.764161][    T1] vhci_hcd vhci_hcd.12: USB/IP Virtual Host Controller
[   10.765807][    T1] vhci_hcd vhci_hcd.12: new USB bus registered, assigned bus number 27
[   10.767054][    T1] usb usb27: We don't know the algorithms for LPM for this host, disabling LPM.
[   10.768760][    T1] usb usb27: New USB device found, idVendor=1d6b, idProduct=0003, bcdDevice= 6.07
[   10.769800][    T1] usb usb27: New USB device strings: Mfr=3, Product=2, SerialNumber=1
[   10.770711][    T1] usb usb27: Product: USB/IP Virtual Host Controller
[   10.771495][    T1] usb usb27: Manufacturer: Linux 6.7.0-rc5-00200-g3bd7d7488169-dirty vhci_hcd
[   10.772490][    T1] usb usb27: SerialNumber: vhci_hcd.12
[   10.775728][    T1] hub 27-0:1.0: USB hub found
[   10.776435][    T1] hub 27-0:1.0: 8 ports detected
[   10.785709][    T1] vhci_hcd vhci_hcd.13: USB/IP Virtual Host Controller
[   10.787528][    T1] vhci_hcd vhci_hcd.13: new USB bus registered, assigned bus number 28
[   10.789256][    T1] usb usb28: New USB device found, idVendor=1d6b, idProduct=0002, bcdDevice= 6.07
[   10.790293][    T1] usb usb28: New USB device strings: Mfr=3, Product=2, SerialNumber=1
[   10.791247][    T1] usb usb28: Product: USB/IP Virtual Host Controller
[   10.792000][    T1] usb usb28: Manufacturer: Linux 6.7.0-rc5-00200-g3bd7d7488169-dirty vhci_hcd
[   10.792984][    T1] usb usb28: SerialNumber: vhci_hcd.13
[   10.796255][    T1] hub 28-0:1.0: USB hub found
[   10.796962][    T1] hub 28-0:1.0: 8 ports detected
[   10.804668][    T1] vhci_hcd vhci_hcd.13: USB/IP Virtual Host Controller
[   10.806277][    T1] vhci_hcd vhci_hcd.13: new USB bus registered, assigned bus number 29
[   10.807525][    T1] usb usb29: We don't know the algorithms for LPM for this host, disabling LPM.
[   10.809220][    T1] usb usb29: New USB device found, idVendor=1d6b, idProduct=0003, bcdDevice= 6.07
[   10.810252][    T1] usb usb29: New USB device strings: Mfr=3, Product=2, SerialNumber=1
[   10.811215][    T1] usb usb29: Product: USB/IP Virtual Host Controller
[   10.812019][    T1] usb usb29: Manufacturer: Linux 6.7.0-rc5-00200-g3bd7d7488169-dirty vhci_hcd
[   10.813070][    T1] usb usb29: SerialNumber: vhci_hcd.13
[   10.816214][    T1] hub 29-0:1.0: USB hub found
[   10.816923][    T1] hub 29-0:1.0: 8 ports detected
[   10.826411][    T1] vhci_hcd vhci_hcd.14: USB/IP Virtual Host Controller
[   10.828245][    T1] vhci_hcd vhci_hcd.14: new USB bus registered, assigned bus number 30
[   10.830309][    T1] usb usb30: New USB device found, idVendor=1d6b, idProduct=0002, bcdDevice= 6.07
[   10.831386][    T1] usb usb30: New USB device strings: Mfr=3, Product=2, SerialNumber=1
[   10.832305][    T1] usb usb30: Product: USB/IP Virtual Host Controller
[   10.833054][    T1] usb usb30: Manufacturer: Linux 6.7.0-rc5-00200-g3bd7d7488169-dirty vhci_hcd
[   10.834040][    T1] usb usb30: SerialNumber: vhci_hcd.14
[   10.837326][    T1] hub 30-0:1.0: USB hub found
[   10.838289][    T1] hub 30-0:1.0: 8 ports detected
[   10.846234][    T1] vhci_hcd vhci_hcd.14: USB/IP Virtual Host Controller
[   10.847869][    T1] vhci_hcd vhci_hcd.14: new USB bus registered, assigned bus number 31
[   10.849111][    T1] usb usb31: We don't know the algorithms for LPM for this host, disabling LPM.
[   10.851693][    T1] usb usb31: New USB device found, idVendor=1d6b, idProduct=0003, bcdDevice= 6.07
[   10.852726][    T1] usb usb31: New USB device strings: Mfr=3, Product=2, SerialNumber=1
[   10.853633][    T1] usb usb31: Product: USB/IP Virtual Host Controller
[   10.854376][    T1] usb usb31: Manufacturer: Linux 6.7.0-rc5-00200-g3bd7d7488169-dirty vhci_hcd
[   10.855363][    T1] usb usb31: SerialNumber: vhci_hcd.14
[   10.858521][    T1] hub 31-0:1.0: USB hub found
[   10.859232][    T1] hub 31-0:1.0: 8 ports detected
[   10.870046][    T1] vhci_hcd vhci_hcd.15: USB/IP Virtual Host Controller
[   10.873789][    T1] vhci_hcd vhci_hcd.15: new USB bus registered, assigned bus number 32
[   10.876150][    T1] usb usb32: New USB device found, idVendor=1d6b, idProduct=0002, bcdDevice= 6.07
[   10.878144][    T1] usb usb32: New USB device strings: Mfr=3, Product=2, SerialNumber=1
[   10.879875][    T1] usb usb32: Product: USB/IP Virtual Host Controller
[   10.881354][    T1] usb usb32: Manufacturer: Linux 6.7.0-rc5-00200-g3bd7d7488169-dirty vhci_hcd
[   10.883213][    T1] usb usb32: SerialNumber: vhci_hcd.15
[   10.888322][    T1] hub 32-0:1.0: USB hub found
[   10.889660][    T1] hub 32-0:1.0: 8 ports detected
[   10.904490][    T1] vhci_hcd vhci_hcd.15: USB/IP Virtual Host Controller
[   10.907876][    T1] vhci_hcd vhci_hcd.15: new USB bus registered, assigned bus number 33
[   10.910004][    T1] usb usb33: We don't know the algorithms for LPM for this host, disabling LPM.
[   10.913138][    T1] usb usb33: New USB device found, idVendor=1d6b, idProduct=0003, bcdDevice= 6.07
[   10.914157][    T1] usb usb33: New USB device strings: Mfr=3, Product=2, SerialNumber=1
[   10.915057][    T1] usb usb33: Product: USB/IP Virtual Host Controller
[   10.915790][    T1] usb usb33: Manufacturer: Linux 6.7.0-rc5-00200-g3bd7d7488169-dirty vhci_hcd
[   10.916758][    T1] usb usb33: SerialNumber: vhci_hcd.15
[   10.919539][    T1] hub 33-0:1.0: USB hub found
[   10.920240][    T1] hub 33-0:1.0: 8 ports detected
[   10.929186][    T1] usbcore: registered new device driver usbip-host
[   10.933519][    T1] i8042: PNP: PS/2 Controller [PNP0303:KBD,PNP0f13:MOU] at 0x60,0x64 irq 1,12
[   10.935867][    T1] serio: i8042 KBD port at 0x60,0x64 irq 1
[   10.938344][    T1] serio: i8042 AUX port at 0x60,0x64 irq 12
[   10.941949][    T1] mousedev: PS/2 mouse device common for all mice
[   10.943861][    T1] usbcore: registered new interface driver appletouch
[   10.944795][    T1] usbcore: registered new interface driver bcm5974
[   10.945909][    T1] usbcore: registered new interface driver synaptics_usb
[   10.946854][    T1] usbcore: registered new interface driver iforce
[   10.947894][    T1] usbcore: registered new interface driver xpad
[   10.948737][    T1] usbcore: registered new interface driver usb_acecad
[   10.949644][    T1] usbcore: registered new interface driver aiptek
[   10.950509][    T1] usbcore: registered new interface driver hanwang
[   10.953201][    T8] input: AT Translated Set 2 keyboard as /devices/platform/i8042/serio0/input/input1
[   10.959819][    T1] usbcore: registered new interface driver kbtab
[   10.960680][    T1] usbcore: registered new interface driver pegasus_notetaker
[   10.962323][    T1] usbcore: registered new interface driver usbtouchscreen
[   10.963268][    T1] usbcore: registered new interface driver sur40
[   10.964113][    T1] usbcore: registered new interface driver ati_remote2
[   10.964876][    T1] cm109: Keymap for Komunikate KIP1000 phone loaded
[   10.965762][    T1] usbcore: registered new interface driver cm109
[   10.966462][    T1] cm109: CM109 phone driver: 20080805 (C) Alfred E. Heggestad
[   10.967432][    T1] usbcore: registered new interface driver ims_pcu
[   10.968293][    T1] usbcore: registered new interface driver keyspan_remote
[   10.969226][    T1] usbcore: registered new interface driver powermate
[   10.970512][    T1] usbcore: registered new interface driver yealink
[   10.972846][    T1] rtc_cmos 00:05: RTC can wake from S4
[   10.979234][    T1] rtc_cmos 00:05: registered as rtc0
[   10.979883][    T1] rtc_cmos 00:05: alarms up to one day, y3k, 242 bytes nvram, hpet irqs
[   10.981196][    T1] i2c_dev: i2c /dev entries driver
[   10.982112][    T1] usbcore: registered new interface driver i2c-diolan-u2c
[   10.983157][    T1] usbcore: registered new interface driver RobotFuzz Open Source InterFace, OSIF
[   10.984318][    T1] usbcore: registered new interface driver i2c-tiny-usb
[   10.989212][    T1] usbcore: registered new interface driver igorplugusb
[   10.990351][    T1] usbcore: registered new interface driver iguanair
[   10.991695][    T1] usbcore: registered new interface driver imon
[   10.992745][    T1] usbcore: registered new interface driver mceusb
[   10.993757][    T1] usbcore: registered new interface driver redrat3
[   10.994780][    T1] usbcore: registered new interface driver streamzap
[   10.995829][    T1] usbcore: registered new interface driver ttusbir
[   10.996991][    T1] usbcore: registered new interface driver ati_remote
[   10.998296][    T1] b2c2-flexcop: B2C2 FlexcopII/II(b)/III digital TV receiver chip loaded successfully
[   10.999722][    T1] usbcore: registered new interface driver b2c2_flexcop_usb
[   11.001264][    T1] usbcore: registered new interface driver dvb_usb_vp7045
[   11.002208][    T1] usbcore: registered new interface driver dvb_usb_vp702x
[   11.003149][    T1] usbcore: registered new interface driver dvb_usb_gp8psk
[   11.004082][    T1] usbcore: registered new interface driver dvb_usb_dtt200u
[   11.005022][    T1] usbcore: registered new interface driver dvb_usb_a800
[   11.005981][    T1] usbcore: registered new interface driver dvb_usb_dibusb_mb
[   11.006945][    T1] usbcore: registered new interface driver dvb_usb_dibusb_mc
[   11.007914][    T1] usbcore: registered new interface driver dvb_usb_nova_t_usb2
[   11.008886][    T1] usbcore: registered new interface driver dvb_usb_umt_010
[   11.009829][    T1] usbcore: registered new interface driver dvb_usb_m920x
[   11.010746][    T1] usbcore: registered new interface driver dvb_usb_digitv
[   11.013730][    T1] usbcore: registered new interface driver dvb_usb_cxusb
[   11.014665][    T1] usbcore: registered new interface driver dvb_usb_ttusb2
[   11.015673][    T1] usbcore: registered new interface driver dvb_usb_dib0700
[   11.016616][    T1] usbcore: registered new interface driver opera1
[   11.017491][    T1] usbcore: registered new interface driver dvb_usb_af9005
[   11.018280][    T1] failing symbol_get of non-GPLONLY symbol af9005_rc_decode.
[   11.019893][    T1] failing symbol_get of non-GPLONLY symbol af9005_rc_decode.
[   11.020714][    T1] failing symbol_get of non-GPLONLY symbol rc_map_af9005_table.
[   11.023683][    T1] failing symbol_get of non-GPLONLY symbol rc_map_af9005_table.
[   11.024531][    T1] failing symbol_get of non-GPLONLY symbol rc_map_af9005_table_size.
[   11.025966][    T1] failing symbol_get of non-GPLONLY symbol rc_map_af9005_table_size.
[   11.026859][    T1] af9005: af9005_rc_decode function not found, disabling remote
[   11.027857][    T1] usbcore: registered new interface driver pctv452e
[   11.028753][    T1] usbcore: registered new interface driver dw2102
[   11.029612][    T1] usbcore: registered new interface driver dvb_usb_dtv5100
[   11.030553][    T1] usbcore: registered new interface driver cinergyT2
[   11.031603][    T1] usbcore: registered new interface driver dvb_usb_az6027
[   11.032654][    T1] usbcore: registered new interface driver dvb_usb_technisat_usb2
[   11.033826][    T1] usbcore: registered new interface driver dvb_usb_af9015
[   11.034922][    T1] usbcore: registered new interface driver dvb_usb_af9035
[   11.036000][    T1] usbcore: registered new interface driver dvb_usb_anysee
[   11.037115][    T1] usbcore: registered new interface driver dvb_usb_au6610
[   11.038190][    T1] usbcore: registered new interface driver dvb_usb_az6007
[   11.039278][    T1] usbcore: registered new interface driver dvb_usb_ce6230
[   11.040357][    T1] usbcore: registered new interface driver dvb_usb_ec168
[   11.041462][    T1] usbcore: registered new interface driver dvb_usb_lmedm04
[   11.042537][    T1] usbcore: registered new interface driver dvb_usb_gl861
[   11.043632][    T1] usbcore: registered new interface driver dvb_usb_mxl111sf
[   11.044754][    T1] usbcore: registered new interface driver dvb_usb_rtl28xxu
[   11.045889][    T1] usbcore: registered new interface driver dvb_usb_dvbsky
[   11.046962][    T1] usbcore: registered new interface driver zd1301
[   11.047978][    T1] usbcore: registered new interface driver s2255
[   11.049013][    T1] usbcore: registered new interface driver smsusb
[   11.050028][    T1] usbcore: registered new interface driver ttusb
[   11.051736][    T1] usbcore: registered new interface driver ttusb-dec
[   11.052729][    T1] usbcore: registered new interface driver Abilis Systems as10x usb driver
[   11.053976][    T1] usbcore: registered new interface driver airspy
[   11.054688][    T1] gspca_main: v2.14.0 registered
[   11.055553][    T1] usbcore: registered new interface driver benq
[   11.056552][    T1] usbcore: registered new interface driver conex
[   11.057558][    T1] usbcore: registered new interface driver cpia1
[   11.058561][    T1] usbcore: registered new interface driver dtcs033
[   11.059590][    T1] usbcore: registered new interface driver etoms
[   11.060606][    T1] usbcore: registered new interface driver finepix
[   11.061731][    T1] usbcore: registered new interface driver jeilinj
[   11.062758][    T1] usbcore: registered new interface driver jl2005bcd
[   11.063822][    T1] usbcore: registered new interface driver kinect
[   11.064838][    T1] usbcore: registered new interface driver konica
[   11.065854][    T1] usbcore: registered new interface driver mars
[   11.066857][    T1] usbcore: registered new interface driver mr97310a
[   11.067904][    T1] usbcore: registered new interface driver nw80x
[   11.068933][    T1] usbcore: registered new interface driver ov519
[   11.069965][    T1] usbcore: registered new interface driver ov534
[   11.070822][    T1] usbcore: registered new interface driver ov534_9
[   11.071968][    T1] usbcore: registered new interface driver pac207
[   11.072829][    T1] usbcore: registered new interface driver gspca_pac7302
[   11.073751][    T1] usbcore: registered new interface driver pac7311
[   11.074611][    T1] usbcore: registered new interface driver se401
[   11.075460][    T1] usbcore: registered new interface driver sn9c2028
[   11.076371][    T1] usbcore: registered new interface driver gspca_sn9c20x
[   11.077307][    T1] usbcore: registered new interface driver sonixb
[   11.078187][    T1] usbcore: registered new interface driver sonixj
[   11.079061][    T1] usbcore: registered new interface driver spca500
[   11.079926][    T1] usbcore: registered new interface driver spca501
[   11.080786][    T1] usbcore: registered new interface driver spca505
[   11.084220][    T1] usbcore: registered new interface driver spca506
[   11.085093][    T1] usbcore: registered new interface driver spca508
[   11.085967][    T1] usbcore: registered new interface driver spca561
[   11.086834][    T1] usbcore: registered new interface driver spca1528
[   11.087723][    T1] usbcore: registered new interface driver sq905
[   11.088585][    T1] usbcore: registered new interface driver sq905c
[   11.089441][    T1] usbcore: registered new interface driver sq930x
[   11.090341][    T1] usbcore: registered new interface driver sunplus
[   11.091259][    T1] usbcore: registered new interface driver stk014
[   11.092115][    T1] usbcore: registered new interface driver stk1135
[   11.092973][    T1] usbcore: registered new interface driver stv0680
[   11.093841][    T1] usbcore: registered new interface driver t613
[   11.094685][    T1] usbcore: registered new interface driver gspca_topro
[   11.095602][    T1] usbcore: registered new interface driver touptek
[   11.096473][    T1] usbcore: registered new interface driver tv8532
[   11.097372][    T1] usbcore: registered new interface driver vc032x
[   11.098250][    T1] usbcore: registered new interface driver vicam
[   11.099124][    T1] usbcore: registered new interface driver xirlink-cit
[   11.100074][    T1] usbcore: registered new interface driver gspca_zc3xx
[   11.101075][    T1] usbcore: registered new interface driver ALi m5602
[   11.102176][    T1] usbcore: registered new interface driver STV06xx
[   11.103047][    T1] usbcore: registered new interface driver gspca_gl860
[   11.104445][    T1] usbcore: registered new interface driver hackrf
[   11.105343][    T1] usbcore: registered new interface driver msi2500
[   11.106240][    T1] usbcore: registered new interface driver Philips webcam
[   11.107306][    T1] usbcore: registered new interface driver uvcvideo
[   11.108037][    T1] au0828: au0828 driver loaded
[   11.108739][    T1] usbcore: registered new interface driver au0828
[   11.109623][    T1] usbcore: registered new interface driver cx231xx
[   11.110619][    T1] usbcore: registered new interface driver em28xx
[   11.111388][    T1] em28xx: Registered (Em28xx v4l2 Extension) extension
[   11.112144][    T1] em28xx: Registered (Em28xx Audio Extension) extension
[   11.112905][    T1] em28xx: Registered (Em28xx dvb Extension) extension
[   11.113650][    T1] em28xx: Registered (Em28xx Input Extension) extension
[   11.114566][    T1] usbcore: registered new interface driver go7007
[   11.115431][    T1] usbcore: registered new interface driver go7007-loader
[   11.116454][    T1] usbcore: registered new interface driver hdpvr
[   11.117549][    T1] usbcore: registered new interface driver pvrusb2
[   11.118273][    T1] pvrusb2: V4L in-tree version:Hauppauge WinTV-PVR-USB2 MPEG2 Encoder/Tuner
[   11.119235][    T1] pvrusb2: Debug mask is 31 (0x1f)
[   11.119950][    T1] usbcore: registered new interface driver stk1160
[   11.120818][    T1] usbcore: registered new interface driver usbtv
[   11.125471][    T1] dvbdev: DVB: registering new adapter (dvb_vidtv_bridge)
[   11.129621][    T1] i2c i2c-0: DVB: registering adapter 0 frontend 0 (Dummy demod for DVB-T/T2/C/S/S2)...
[   11.131224][    T1] dvbdev: dvb_create_media_entity: media entity 'Dummy demod for DVB-T/T2/C/S/S2' registered.
[   11.137853][    T1] dvbdev: dvb_create_media_entity: media entity 'dvb-demux' registered.
[   11.144162][    T1] vidtv vidtv.0: Successfully initialized vidtv!
[   11.146393][    T1] vicodec vicodec.0: Device 'stateful-encoder' registered as /dev/video0
[   11.148208][    T1] vicodec vicodec.0: Device 'stateful-decoder' registered as /dev/video1
[   11.150017][    T1] vicodec vicodec.0: Device 'stateless-decoder' registered as /dev/video2
[   11.152612][    T1] vim2m vim2m.0: Device registered as /dev/video0
[   11.174495][    T1] vivid-000: using single planar format API
[   11.187292][    T1] vivid-000: CEC adapter cec0 registered for HDMI input 0
[   11.189049][    T1] vivid-000: V4L2 capture device registered as video7
[   11.190734][    T1] vivid-000: CEC adapter cec1 registered for HDMI output 0
[   11.192390][    T1] vivid-000: V4L2 output device registered as video8
[   11.193662][    T1] vivid-000: V4L2 capture device registered as vbi0, supports raw and sliced VBI
[   11.195205][    T1] vivid-000: V4L2 output device registered as vbi1, supports raw and sliced VBI
[   11.196740][    T1] vivid-000: V4L2 capture device registered as swradio0
[   11.198024][    T1] vivid-000: V4L2 receiver device registered as radio0
[   11.199306][    T1] vivid-000: V4L2 transmitter device registered as radio1
[   11.200618][    T1] vivid-000: V4L2 metadata capture device registered as video9
[   11.202010][    T1] vivid-000: V4L2 metadata output device registered as video10
[   11.203378][    T1] vivid-000: V4L2 touch capture device registered as v4l-touch0
[   11.205718][    T1] usbcore: registered new interface driver radioshark2
[   11.206776][    T1] usbcore: registered new interface driver radioshark
[   11.207827][    T1] usbcore: registered new interface driver radio-si470x
[   11.209133][    T1] usbcore: registered new interface driver radio-usb-si4713
[   11.210243][    T1] usbcore: registered new interface driver dsbr100
[   11.211409][    T1] usbcore: registered new interface driver radio-keene
[   11.212463][    T1] usbcore: registered new interface driver radio-ma901
[   11.213526][    T1] usbcore: registered new interface driver radio-mr800
[   11.214581][    T1] usbcore: registered new interface driver radio-raremono
[   11.216974][    T1] usbcore: registered new interface driver pcwd_usb
[   11.219155][    T1] device-mapper: core: CONFIG_IMA_DISABLE_HTABLE is disabled. Duplicate IMA measurements will not be recorded in the IMA log.
[   11.220619][    T1] device-mapper: uevent: version 1.0.3
[   11.222094][    T1] device-mapper: ioctl: 4.48.0-ioctl (2023-03-01) initialised: dm-devel@redhat.com
[   11.224000][    T1] device-mapper: multipath round-robin: version 1.2.0 loaded
[   11.224829][    T1] device-mapper: multipath queue-length: version 0.2.0 loaded
[   11.225655][    T1] device-mapper: multipath service-time: version 0.3.0 loaded
[   11.227101][    T1] Bluetooth: HCI UART driver ver 2.3
[   11.227696][    T1] Bluetooth: HCI UART protocol H4 registered
[   11.228358][    T1] Bluetooth: HCI UART protocol BCSP registered
[   11.229149][    T1] Bluetooth: HCI UART protocol LL registered
[   11.229914][    T1] Bluetooth: HCI UART protocol Three-wire (H5) registered
[   11.230795][    T1] Bluetooth: HCI UART protocol QCA registered
[   11.232126][    T1] Bluetooth: HCI UART protocol AG6XX registered
[   11.232932][    T1] Bluetooth: HCI UART protocol Marvell registered
[   11.233805][    T1] usbcore: registered new interface driver bcm203x
[   11.234886][    T1] usbcore: registered new interface driver bpa10x
[   11.235744][    T1] usbcore: registered new interface driver bfusb
[   11.236623][    T1] usbcore: registered new interface driver btusb
[   11.237517][    T1] usbcore: registered new interface driver ath3k
[   11.238901][    T1] CAPI 2.0 started up with major 68 (middleware)
[   11.239631][    T1] Modular ISDN core version 1.1.29
[   11.240714][    T1] NET: Registered PF_ISDN protocol family
[   11.241494][    T1] DSP module 2.0
[   11.241894][    T1] mISDN_dsp: DSP clocks every 80 samples. This equals 1 jiffies.
[   11.252093][    T1] mISDN: Layer-1-over-IP driver Rev. 2.00
[   11.253265][    T1] 0 virtual devices registered
[   11.253970][    T1] usbcore: registered new interface driver HFC-S_USB
[   11.254713][    T1] VUB300 Driver rom wait states = 1C irqpoll timeout = 0400
[   11.255528][    T1] usbcore: registered new interface driver vub300
[   11.257195][    T1] usbcore: registered new interface driver ushc
[   11.263881][    T1] iscsi: registered transport (iser)
[   11.265467][    T1] SoftiWARP attached
[   11.275904][    T1] hid: raw HID events driver (C) Jiri Kosina
[   11.310303][ T2086] kworker/u4:5 (2086) used greatest stack depth: 26784 bytes left
[   11.318832][    T1] usbcore: registered new interface driver usbhid
[   11.319571][    T1] usbhid: USB HID core driver
[   11.326849][    T1] usbcore: registered new interface driver es2_ap_driver
[   11.327650][    T1] comedi: version 0.7.76 - http://www.comedi.org
[   11.328777][    T1] usbcore: registered new interface driver dt9812
[   11.329645][    T1] usbcore: registered new interface driver ni6501
[   11.330516][    T1] usbcore: registered new interface driver usbdux
[   11.332094][    T1] usbcore: registered new interface driver usbduxfast
[   11.333143][    T1] usbcore: registered new interface driver usbduxsigma
[   11.334219][    T1] usbcore: registered new interface driver vmk80xx
[   11.335143][    T1] usbcore: registered new interface driver prism2_usb
[   11.336112][    T1] usbcore: registered new interface driver r8712u
[   11.336939][    T1] greybus: registered new driver hid
[   11.337751][    T1] greybus: registered new driver gbphy
[   11.338456][    T1] gb_gbphy: registered new driver usb
[   11.339484][    T1] asus_wmi: ASUS WMI generic driver loaded
[   11.407521][    T1] usbcore: registered new interface driver snd-usb-audio
[   11.408483][    T1] usbcore: registered new interface driver snd-ua101
[   11.409380][    T1] usbcore: registered new interface driver snd-usb-usx2y
[   11.410316][    T1] usbcore: registered new interface driver snd-usb-us122l
[   11.411420][    T1] usbcore: registered new interface driver snd-usb-caiaq
[   11.412347][    T1] usbcore: registered new interface driver snd-usb-6fire
[   11.413291][    T1] usbcore: registered new interface driver snd-usb-hiface
[   11.414235][    T1] usbcore: registered new interface driver snd-bcd2000
[   11.415168][    T1] usbcore: registered new interface driver snd_usb_pod
[   11.416086][    T1] usbcore: registered new interface driver snd_usb_podhd
[   11.417023][    T1] usbcore: registered new interface driver snd_usb_toneport
[   11.418038][    T1] usbcore: registered new interface driver snd_usb_variax
[   11.419071][    T1] drop_monitor: Initializing network drop monitor service
[   11.420208][    T1] NET: Registered PF_LLC protocol family
[   11.421014][    T1] GACT probability on
[   11.421493][    T1] Mirror/redirect action on
[   11.422223][    T1] Simple TC action Loaded
[   11.424842][    T1] netem: version 1.3
[   11.425349][    T1] u32 classifier
[   11.425742][    T1]     Performance counters on
[   11.426255][    T1]     input device check on
[   11.426750][    T1]     Actions configured
[   11.430786][    T1] xt_time: kernel timezone is -0000
[   11.431509][    T1] IPVS: Registered protocols (TCP, UDP, SCTP, AH, ESP)
[   11.432300][    T1] IPVS: Connection hash table configured (size=4096, memory=32Kbytes)
[   11.433709][    T1] IPVS: ipvs loaded.
[   11.434227][    T1] IPVS: [rr] scheduler registered.
[   11.434830][    T1] IPVS: [wrr] scheduler registered.
[   11.435442][    T1] IPVS: [lc] scheduler registered.
[   11.436007][    T1] IPVS: [wlc] scheduler registered.
[   11.436585][    T1] IPVS: [fo] scheduler registered.
[   11.437154][    T1] IPVS: [ovf] scheduler registered.
[   11.437750][    T1] IPVS: [lblc] scheduler registered.
[   11.438353][    T1] IPVS: [lblcr] scheduler registered.
[   11.438946][    T1] IPVS: [dh] scheduler registered.
[   11.439517][    T1] IPVS: [sh] scheduler registered.
[   11.440078][    T1] IPVS: [mh] scheduler registered.
[   11.440639][    T1] IPVS: [sed] scheduler registered.
[   11.441407][    T1] IPVS: [nq] scheduler registered.
[   11.441978][    T1] IPVS: [twos] scheduler registered.
[   11.442887][    T1] IPVS: [sip] pe registered.
[   11.443503][    T1] ipip: IPv4 and MPLS over IPv4 tunneling driver
[   11.446147][    T1] gre: GRE over IPv4 demultiplexor driver
[   11.446786][    T1] ip_gre: GRE over IPv4 tunneling driver
[   11.452813][    T1] IPv4 over IPsec tunneling driver
[   11.455757][    T1] Initializing XFRM netlink socket
[   11.456448][    T1] IPsec XFRM device driver
