bash: warning: setlocale: LC_ALL: cannot change locale (en_US.UTF-8)
c[?7l[2J[0mSeaBIOS (version 1.16.2-debian-1.16.2-1)
Booting from ROM..c[?7l[2J[0m.early console in extract_kernel
input_data: 0x000000000d978298
input_len: 0x000000000506e715
output: 0x0000000001000000
output_len: 0x000000000fc69b28
kernel_total_size: 0x0000000011a26000
needed_size: 0x0000000011c00000
trampoline_32bit: 0x0000000000000000

Decompressing Linux... Parsing ELF... done.
Booting the kernel (entry_offset: 0x0000000000000080).
[    0.000000][    T0] Linux version 6.7.0-rc5-00202-g06fce281369c-dirty (root@buildkitsandbox) (gcc (Debian 12.2.0-14+deb12u1) 12.2.0, GNU ld (GNU Binutils for Debian) 2.40) #2 SMP PREEMPT_DYNAMIC Mon May 25 16:30:46 UTC 2026
[    0.000000][    T0] Command line: console=ttyS0 oops=panic panic=86400 nokaslr earlyprintk=serial rdinit=/init
[    0.000000][    T0] KERNEL supported cpus:
[    0.000000][    T0]   Intel GenuineIntel
[    0.000000][    T0]   AMD AuthenticAMD
[    0.000000][    T0] BIOS-provided physical RAM map:
[    0.000000][    T0] BIOS-e820: [mem 0x0000000000000000-0x000000000009fbff] usable
[    0.000000][    T0] BIOS-e820: [mem 0x000000000009fc00-0x000000000009ffff] reserved
[    0.000000][    T0] BIOS-e820: [mem 0x00000000000f0000-0x00000000000fffff] reserved
[    0.000000][    T0] BIOS-e820: [mem 0x0000000000100000-0x000000007ffdffff] usable
[    0.000000][    T0] BIOS-e820: [mem 0x000000007ffe0000-0x000000007fffffff] reserved
[    0.000000][    T0] BIOS-e820: [mem 0x00000000feffc000-0x00000000feffffff] reserved
[    0.000000][    T0] BIOS-e820: [mem 0x00000000fffc0000-0x00000000ffffffff] reserved
[    0.000000][    T0] BIOS-e820: [mem 0x000000fd00000000-0x000000ffffffffff] reserved
[    0.000000][    T0] printk: legacy bootconsole [earlyser0] enabled
[    0.000000][    T0] NX (Execute Disable) protection: active
[    0.000000][    T0] APIC: Static calls initialized
[    0.000000][    T0] SMBIOS 2.8 present.
[    0.000000][    T0] DMI: QEMU Standard PC (i440FX + PIIX, 1996), BIOS 1.16.2-debian-1.16.2-1 04/01/2014
[    0.000000][    T0] Hypervisor detected: KVM
[    0.000000][    T0] kvm-clock: Using msrs 4b564d01 and 4b564d00
[    0.000003][    T0] kvm-clock: using sched offset of 1027794083 cycles
[    0.000728][    T0] clocksource: kvm-clock: mask: 0xffffffffffffffff max_cycles: 0x1cd42e4dffb, max_idle_ns: 881590591483 ns
[    0.003015][    T0] tsc: Detected 3493.436 MHz processor
[    0.008965][    T0] last_pfn = 0x7ffe0 max_arch_pfn = 0x400000000
[    0.009721][    T0] MTRR map: 4 entries (3 fixed + 1 variable; max 19), built from 8 variable MTRRs
[    0.010784][    T0] x86/PAT: Configuration [0-7]: WB  WC  UC- UC  WB  WP  UC- WT  
[    0.014763][    T0] found SMP MP-table at [mem 0x000f5ba0-0x000f5baf]
[    0.015545][    T0] Using GB pages for direct mapping
[    0.017901][    T0] RAMDISK: [mem 0x7fe8c000-0x7ffdffff]
[    0.018540][    T0] ACPI: Early table checksum verification disabled
[    0.019288][    T0] ACPI: RSDP 0x00000000000F59D0 000014 (v00 BOCHS )
[    0.020068][    T0] ACPI: RSDT 0x000000007FFE1B33 000034 (v01 BOCHS  BXPC     00000001 BXPC 00000001)
[    0.021164][    T0] ACPI: FACP 0x000000007FFE19DF 000074 (v01 BOCHS  BXPC     00000001 BXPC 00000001)
[    0.022266][    T0] ACPI: DSDT 0x000000007FFE0040 00199F (v01 BOCHS  BXPC     00000001 BXPC 00000001)
[    0.023365][    T0] ACPI: FACS 0x000000007FFE0000 000040
[    0.024009][    T0] ACPI: APIC 0x000000007FFE1A53 000080 (v01 BOCHS  BXPC     00000001 BXPC 00000001)
[    0.025101][    T0] ACPI: HPET 0x000000007FFE1AD3 000038 (v01 BOCHS  BXPC     00000001 BXPC 00000001)
[    0.026193][    T0] ACPI: WAET 0x000000007FFE1B0B 000028 (v01 BOCHS  BXPC     00000001 BXPC 00000001)
[    0.027314][    T0] ACPI: Reserving FACP table memory at [mem 0x7ffe19df-0x7ffe1a52]
[    0.028260][    T0] ACPI: Reserving DSDT table memory at [mem 0x7ffe0040-0x7ffe19de]
[    0.029204][    T0] ACPI: Reserving FACS table memory at [mem 0x7ffe0000-0x7ffe003f]
[    0.030146][    T0] ACPI: Reserving APIC table memory at [mem 0x7ffe1a53-0x7ffe1ad2]
[    0.031084][    T0] ACPI: Reserving HPET table memory at [mem 0x7ffe1ad3-0x7ffe1b0a]
[    0.032034][    T0] ACPI: Reserving WAET table memory at [mem 0x7ffe1b0b-0x7ffe1b32]
[    0.033734][    T0] No NUMA configuration found
[    0.034294][    T0] Faking a node at [mem 0x0000000000000000-0x000000007ffdffff]
[    0.035198][    T0] NODE_DATA(0) allocated [mem 0x7fe86000-0x7fe8bfff]
[    0.039730][    T0] Zone ranges:
[    0.040148][    T0]   DMA      [mem 0x0000000000001000-0x0000000000ffffff]
[    0.040985][    T0]   DMA32    [mem 0x0000000001000000-0x000000007ffdffff]
[    0.041822][    T0]   Normal   empty
[    0.042262][    T0]   Device   empty
[    0.042702][    T0] Movable zone start for each node
[    0.043303][    T0] Early memory node ranges
[    0.043832][    T0]   node   0: [mem 0x0000000000001000-0x000000000009efff]
[    0.044687][    T0]   node   0: [mem 0x0000000000100000-0x000000007ffdffff]
[    0.045514][    T0] Initmem setup node 0 [mem 0x0000000000001000-0x000000007ffdffff]
[    0.046449][    T0] On node 0, zone DMA: 1 pages in unavailable ranges
[    0.046626][    T0] On node 0, zone DMA: 97 pages in unavailable ranges
[    0.068812][    T0] On node 0, zone DMA32: 32 pages in unavailable ranges
[    0.106371][    T0] kasan: KernelAddressSanitizer initialized
[    0.108240][    T0] ACPI: PM-Timer IO Port: 0x608
[    0.108817][    T0] ACPI: LAPIC_NMI (acpi_id[0xff] dfl dfl lint[0x1])
[    0.109711][    T0] IOAPIC[0]: apic_id 0, version 17, address 0xfec00000, GSI 0-23
[    0.110723][    T0] ACPI: INT_SRC_OVR (bus 0 bus_irq 0 global_irq 2 dfl dfl)
[    0.111654][    T0] ACPI: INT_SRC_OVR (bus 0 bus_irq 5 global_irq 5 high level)
[    0.112641][    T0] ACPI: INT_SRC_OVR (bus 0 bus_irq 9 global_irq 9 high level)
[    0.113620][    T0] ACPI: INT_SRC_OVR (bus 0 bus_irq 10 global_irq 10 high level)
[    0.114562][    T0] ACPI: INT_SRC_OVR (bus 0 bus_irq 11 global_irq 11 high level)
[    0.115498][    T0] ACPI: Using ACPI (MADT) for SMP configuration information
[    0.116501][    T0] ACPI: HPET id: 0x8086a201 base: 0xfed00000
[    0.117343][    T0] TSC deadline timer available
[    0.117954][    T0] smpboot: Allowing 2 CPUs, 0 hotplug CPUs
[    0.118678][    T0] kvm-guest: APIC: eoi() replaced with kvm_guest_apic_eoi_write()
[    0.119684][    T0] kvm-guest: KVM setup pv remote TLB flush
[    0.120358][    T0] kvm-guest: setup PV sched yield
[    0.120978][    T0] PM: hibernation: Registered nosave memory: [mem 0x00000000-0x00000fff]
[    0.121957][    T0] PM: hibernation: Registered nosave memory: [mem 0x0009f000-0x0009ffff]
[    0.122939][    T0] PM: hibernation: Registered nosave memory: [mem 0x000a0000-0x000effff]
[    0.123930][    T0] PM: hibernation: Registered nosave memory: [mem 0x000f0000-0x000fffff]
[    0.124909][    T0] [mem 0x80000000-0xfeffbfff] available for PCI devices
[    0.125711][    T0] Booting paravirtualized kernel on KVM
[    0.126355][    T0] clocksource: refined-jiffies: mask: 0xffffffff max_cycles: 0xffffffff, max_idle_ns: 19112604462750000 ns
[    0.272883][    T0] setup_percpu: NR_CPUS:8 nr_cpumask_bits:2 nr_cpu_ids:2 nr_node_ids:1
[    0.274336][    T0] percpu: Embedded 72 pages/cpu s255112 r8192 d31608 u1048576
[    0.275358][    T0] kvm-guest: PV spinlocks enabled
[    0.275971][    T0] PV qspinlock hash table entries: 256 (order: 0, 4096 bytes, linear)
[    0.276962][    T0] Kernel command line: console=ttyS0 oops=panic panic=86400 nokaslr earlyprintk=serial rdinit=/init
[    0.278703][    T0] random: crng init done
[    0.279448][    T0] Dentry cache hash table entries: 262144 (order: 9, 2097152 bytes, linear)
[    0.280559][    T0] Inode-cache hash table entries: 131072 (order: 8, 1048576 bytes, linear)
[    0.281736][    T0] Fallback order for Node 0: 0 
[    0.281746][    T0] Built 1 zonelists, mobility grouping on.  Total pages: 515808
[    0.283222][    T0] Policy zone: DMA32
[    0.283942][    T0] mem auto-init: stack:all(zero), heap alloc:on, heap free:off
[    0.284841][    T0] stackdepot: allocating hash table via alloc_large_system_hash
[    0.286670][    T0] stackdepot hash table entries: 1048576 (order: 11, 8388608 bytes, linear)
[    0.401954][    T0] Memory: 1460148K/2096632K available (157696K kernel code, 38167K rwdata, 32284K rodata, 3404K init, 34396K bss, 636228K reserved, 0K cma-reserved)
[    0.404681][    T0] SLUB: HWalign=64, Order=0-3, MinObjects=0, CPUs=2, Nodes=1
[    0.411205][    T0] allocated 4194304 bytes of page_ext
[    0.412512][    T0] Dynamic Preempt: full
[    0.413660][    T0] Running RCU self tests
[    0.414171][    T0] Running RCU synchronous self tests
[    0.414830][    T0] rcu: Preemptible hierarchical RCU implementation.
[    0.415612][    T0] rcu: 	RCU lockdep checking is enabled.
[    0.416287][    T0] rcu: 	RCU restricting CPUs from NR_CPUS=8 to nr_cpu_ids=2.
[    0.417162][    T0] rcu: 	RCU callback double-/use-after-free debug is enabled.
[    0.418051][    T0] rcu: 	RCU debug extended QS entry/exit.
[    0.418726][    T0] 	Trampoline variant of Tasks RCU enabled.
[    0.419422][    T0] 	Tracing variant of Tasks RCU enabled.
[    0.420097][    T0] rcu: RCU calculated value of scheduler-enlistment delay is 10 jiffies.
[    0.421120][    T0] rcu: Adjusting geometry for rcu_fanout_leaf=16, nr_cpu_ids=2
[    0.422143][    T0] Running RCU synchronous self tests
[    0.522258][    T0] NR_IRQS: 4352, nr_irqs: 440, preallocated irqs: 16
[    0.523869][    T0] rcu: srcu_init: Setting srcu_struct sizes based on contention.
[    0.525009][    T0] kfence: initialized - using 2097152 bytes for 255 objects at 0x(____ptrval____)-0x(____ptrval____)
[    0.535081][    T0] Console: colour VGA+ 80x25
[    0.535741][    T0] printk: legacy console [ttyS0] enabled
[    0.535741][    T0] printk: legacy console [ttyS0] enabled
[    0.537081][    T0] printk: legacy bootconsole [earlyser0] disabled
[    0.537081][    T0] printk: legacy bootconsole [earlyser0] disabled
[    0.538636][    T0] Lock dependency validator: Copyright (c) 2006 Red Hat, Inc., Ingo Molnar
[    0.539665][    T0] ... MAX_LOCKDEP_SUBCLASSES:  8
[    0.540253][    T0] ... MAX_LOCK_DEPTH:          48
[    0.540850][    T0] ... MAX_LOCKDEP_KEYS:        8192
[    0.541468][    T0] ... CLASSHASH_SIZE:          4096
[    0.542085][    T0] ... MAX_LOCKDEP_ENTRIES:     131072
[    0.542721][    T0] ... MAX_LOCKDEP_CHAINS:      262144
[    0.543357][    T0] ... CHAINHASH_SIZE:          131072
[    0.544001][    T0]  memory used by lock dependency info: 20785 kB
[    0.544750][    T0]  memory used for stack traces: 8320 kB
[    0.545418][    T0]  per task-struct memory footprint: 1920 bytes
[    0.546264][    T0] ACPI: Core revision 20230628
[    0.547594][    T0] clocksource: hpet: mask: 0xffffffff max_cycles: 0xffffffff, max_idle_ns: 19112604467 ns
[    0.549357][    T0] APIC: Switch to symmetric I/O mode setup
[    0.550237][    T0] x2apic enabled
[    0.551140][    T0] APIC: Switched APIC routing to: physical x2apic
[    0.551925][    T0] kvm-guest: APIC: send_IPI_mask() replaced with kvm_send_ipi_mask()
[    0.552896][    T0] kvm-guest: APIC: send_IPI_mask_allbutself() replaced with kvm_send_ipi_mask_allbutself()
[    0.554191][    T0] kvm-guest: setup PV IPIs
[    0.556468][    T0] ..TIMER: vector=0x30 apic1=0 pin1=2 apic2=-1 pin2=-1
[    0.557297][    T0] tsc: Marking TSC unstable due to TSCs unsynchronized
[    0.558116][    T0] Calibrating delay loop (skipped) preset value.. 6986.87 BogoMIPS (lpj=34934360)
[    0.568250][    T0] x86/cpu: User Mode Instruction Prevention (UMIP) activated
[    0.569261][    T0] Last level iTLB entries: 4KB 512, 2MB 255, 4MB 127
[    0.570036][    T0] Last level dTLB entries: 4KB 512, 2MB 255, 4MB 127, 1GB 0
[    0.570888][    T0] Spectre V1 : Mitigation: usercopy/swapgs barriers and __user pointer sanitization
[    0.571974][    T0] Spectre V2 : Kernel not compiled with retpoline; no mitigation available!
[    0.571979][    T0] Spectre V2 : Vulnerable
[    0.573483][    T0] Spectre V2 : Spectre v2 / SpectreRSB mitigation: Filling RSB on context switch
[    0.574538][    T0] Spectre V2 : Enabling Speculation Barrier for firmware calls
[    0.575410][    T0] RETBleed: Mitigation: IBPB
[    0.575947][    T0] Spectre V2 : mitigation: Enabling conditional Indirect Branch Prediction Barrier
[    0.577034][    T0] Speculative Store Bypass: Mitigation: Speculative Store Bypass disabled via prctl
[    0.578100][    T0] Speculative Return Stack Overflow: IBPB-extending microcode not applied!
[    0.579088][    T0] Speculative Return Stack Overflow: WARNING: See https://kernel.org/doc/html/latest/admin-guide/hw-vuln/srso.html for mitigation options.
[    0.579094][    T0] Speculative Return Stack Overflow: WARNING: kernel not compiled with CPU_SRSO.
[    0.581770][    T0] Speculative Return Stack Overflow: Vulnerable: No microcode
[    0.582858][    T0] x86/fpu: Supporting XSAVE feature 0x001: 'x87 floating point registers'
[    0.583884][    T0] x86/fpu: Supporting XSAVE feature 0x002: 'SSE registers'
[    0.584725][    T0] x86/fpu: Supporting XSAVE feature 0x004: 'AVX registers'
[    0.585549][    T0] x86/fpu: xstate_offset[2]:  576, xstate_sizes[2]:  256
[    0.586355][    T0] x86/fpu: Enabled xstate features 0x7, context size is 832 bytes, using 'compacted' format.
[    0.598795][    T0] Freeing SMP alternatives memory: 120K
[    0.599551][    T0] pid_max: default: 32768 minimum: 301
[    0.600505][    T0] LSM: initializing lsm=lockdown,capability,landlock,yama,safesetid,tomoyo,smack,bpf,integrity
[    0.601925][    T0] landlock: Up and running.
[    0.602482][    T0] Yama: becoming mindful.
[    0.603119][    T0] TOMOYO Linux initialized
[    0.603721][    T0] Smack:  Initializing.
[    0.604201][    T0] Smack:  Netfilter enabled.
[    0.604742][    T0] Smack:  IPv6 Netfilter enabled.
[    0.605342][    T0] LSM support for eBPF active
[    0.606241][    T0] Mount-cache hash table entries: 4096 (order: 3, 32768 bytes, linear)
[    0.607211][    T0] Mountpoint-cache hash table entries: 4096 (order: 3, 32768 bytes, linear)
[    0.611980][    T0] Running RCU synchronous self tests
[    0.612608][    T0] Running RCU synchronous self tests
[    0.613948][    T1] smpboot: CPU0: AMD Ryzen Threadripper PRO 3975WX 32-Cores (family: 0x17, model: 0x31, stepping: 0x0)
[    0.648177][    T1] RCU Tasks: Setting shift to 1 and lim to 1 rcu_task_cb_adjust=1.
[    0.649346][    T1] RCU Tasks Trace: Setting shift to 1 and lim to 1 rcu_task_cb_adjust=1.
[    0.650764][    T1] Running RCU Tasks wait API self tests
[    0.768369][    T1] Running RCU Tasks Trace wait API self tests
[    0.770442][    T1] Performance Events: Fam17h+ core perfctr, AMD PMU driver.
[    0.772787][    T1] ... version:                0
[    0.774218][    T1] ... bit width:              48
[    0.775662][    T1] ... generic registers:      6
[    0.777082][    T1] ... value mask:             0000ffffffffffff
[    0.778149][    T1] ... max period:             00007fffffffffff
[    0.779947][    T1] ... fixed-purpose events:   0
[    0.781380][    T1] ... event mask:             000000000000003f
[    0.784046][    T1] signal: max sigframe size: 1776
[    0.786367][    T1] rcu: Hierarchical SRCU implementation.
[    0.788026][    T1] rcu: 	Max phase no-delay instances is 1000.
[    0.798531][   T15] Callback from call_rcu_tasks_trace() invoked.
[    0.808191][    T1] smp: Bringing up secondary CPUs ...
[    0.829622][    T1] smpboot: x86: Booting SMP configuration:
[    0.830877][    T1] .... node  #0, CPUs:      #1
[    0.831221][    T1] smp: Brought up 1 node, 2 CPUs
[    0.831221][    T1] smpboot: Max logical packages: 1
[    0.831221][    T1] smpboot: Total of 2 processors activated (13973.74 BogoMIPS)
[    0.841311][    T1] devtmpfs: initialized
[    0.841709][    T1] x86/mm: Memory block size: 128MB
[    0.874519][    T1] Running RCU synchronous self tests
[    0.874519][    T1] Running RCU synchronous self tests
[    0.878180][    T1] clocksource: jiffies: mask: 0xffffffff max_cycles: 0xffffffff, max_idle_ns: 19112604462750000 ns
[    0.879782][    T1] futex hash table entries: 512 (order: 4, 65536 bytes, linear)
[    0.883522][    T1] PM: RTC time: 16:31:49, date: 2026-05-25
[    0.892210][    T1] NET: Registered PF_NETLINK/PF_ROUTE protocol family
[    0.895904][    T1] audit: initializing netlink subsys (disabled)
[    0.897088][   T29] audit: type=2000 audit(1779726710.420:1): state=initialized audit_enabled=0 res=1
[    0.900324][    T1] thermal_sys: Registered thermal governor 'step_wise'
[    0.900332][    T1] thermal_sys: Registered thermal governor 'user_space'
[    0.901534][    T1] cpuidle: using governor menu
[    0.903301][    T1] NET: Registered PF_QIPCRTR protocol family
[    0.905000][    T1] dca service started, version 1.12.1
[    0.905000][    T1] PCI: Using configuration type 1 for base access
[    0.908108][    T1] PCI: Using configuration type 1 for extended access
[    0.911079][    T1] HugeTLB: registered 1.00 GiB page size, pre-allocated 0 pages
[    0.911079][    T1] HugeTLB: 16380 KiB vmemmap can be freed for a 1.00 GiB page
[    0.911444][    T1] HugeTLB: registered 2.00 MiB page size, pre-allocated 0 pages
[    0.912551][    T1] HugeTLB: 28 KiB vmemmap can be freed for a 2.00 MiB page
[    0.920167][    T1] cryptd: max_cpu_qlen set to 1000
[    0.923694][    T1] raid6: skipped pq benchmark and selected avx2x4
[    0.924635][    T1] raid6: using avx2x2 recovery algorithm
[    0.926537][    T1] ACPI: Added _OSI(Module Device)
[    0.927273][    T1] ACPI: Added _OSI(Processor Device)
[    0.928140][    T1] ACPI: Added _OSI(3.0 _SCP Extensions)
[    0.928947][    T1] ACPI: Added _OSI(Processor Aggregator Device)
[    0.996513][    T1] ACPI: 1 ACPI AML tables successfully acquired and loaded
[    0.998232][   T14] Callback from call_rcu_tasks() invoked.
[    1.009587][    T1] ACPI: _OSC evaluation for CPUs failed, trying _PDC
[    1.017480][    T1] ACPI: Interpreter enabled
[    1.018454][    T1] ACPI: PM: (supports S0 S3 S4 S5)
[    1.019223][    T1] ACPI: Using IOAPIC for interrupt routing
[    1.020287][    T1] PCI: Using host bridge windows from ACPI; if necessary, use "pci=nocrs" and report a bug
[    1.021728][    T1] PCI: Using E820 reservations for host bridge windows
[    1.026379][    T1] ACPI: Enabled 2 GPEs in block 00 to 0F
[    1.144353][    T1] ACPI: PCI Root Bridge [PCI0] (domain 0000 [bus 00-ff])
[    1.145490][    T1] acpi PNP0A03:00: _OSC: OS supports [ExtendedConfig ASPM ClockPM Segments MSI HPX-Type3]
[    1.149588][    T1] PCI host bridge to bus 0000:00
[    1.150327][    T1] pci_bus 0000:00: root bus resource [io  0x0000-0x0cf7 window]
[    1.151453][    T1] pci_bus 0000:00: root bus resource [io  0x0d00-0xffff window]
[    1.152571][    T1] pci_bus 0000:00: root bus resource [mem 0x000a0000-0x000bffff window]
[    1.153799][    T1] pci_bus 0000:00: root bus resource [mem 0x80000000-0xfebfffff window]
[    1.155001][    T1] pci_bus 0000:00: root bus resource [mem 0x100000000-0x17fffffff window]
[    1.156263][    T1] pci_bus 0000:00: root bus resource [bus 00-ff]
[    1.157782][    T1] pci 0000:00:00.0: [8086:1237] type 00 class 0x060000
[    1.201266][    T1] pci 0000:00:01.0: [8086:7000] type 00 class 0x060100
[    1.242895][    T1] pci 0000:00:01.1: [8086:7010] type 00 class 0x010180
[    1.245168][    T1] pci 0000:00:01.1: reg 0x20: [io  0xc000-0xc00f]
[    1.246581][    T1] pci 0000:00:01.1: legacy IDE quirk: reg 0x10: [io  0x01f0-0x01f7]
[    1.247545][    T1] pci 0000:00:01.1: legacy IDE quirk: reg 0x14: [io  0x03f6]
[    1.248115][    T1] pci 0000:00:01.1: legacy IDE quirk: reg 0x18: [io  0x0170-0x0177]
[    1.249053][    T1] pci 0000:00:01.1: legacy IDE quirk: reg 0x1c: [io  0x0376]
[    1.251153][    T1] pci 0000:00:01.3: [8086:7113] type 00 class 0x068000
[    1.252441][    T1] pci 0000:00:01.3: quirk: [io  0x0600-0x063f] claimed by PIIX4 ACPI
[    1.253382][    T1] pci 0000:00:01.3: quirk: [io  0x0700-0x070f] claimed by PIIX4 SMB
[    1.255670][    T1] pci 0000:00:02.0: [1234:1111] type 00 class 0x030000
[    1.257697][    T1] pci 0000:00:02.0: reg 0x10: [mem 0xfd000000-0xfdffffff pref]
[    1.259401][    T1] pci 0000:00:02.0: reg 0x18: [mem 0xfebf0000-0xfebf0fff]
[    1.263510][    T1] pci 0000:00:02.0: reg 0x30: [mem 0xfebe0000-0xfebeffff pref]
[    1.265194][    T1] pci 0000:00:02.0: Video device with shadowed ROM at [mem 0x000c0000-0x000dffff]
[    1.317306][    T1] ACPI: PCI: Interrupt link LNKA configured for IRQ 10
[    1.321963][    T1] ACPI: PCI: Interrupt link LNKB configured for IRQ 10
[    1.326651][    T1] ACPI: PCI: Interrupt link LNKC configured for IRQ 11
[    1.331360][    T1] ACPI: PCI: Interrupt link LNKD configured for IRQ 11
[    1.333686][    T1] ACPI: PCI: Interrupt link LNKS configured for IRQ 9
[    1.345449][    T1] iommu: Default domain type: Translated
[    1.346118][    T1] iommu: DMA domain TLB invalidation policy: lazy mode
[    1.350424][    T1] SCSI subsystem initialized
[    1.352539][    T1] ACPI: bus type USB registered
[    1.353458][    T1] usbcore: registered new interface driver usbfs
[    1.354353][    T1] usbcore: registered new interface driver hub
[    1.355225][    T1] usbcore: registered new device driver usb
[    1.357148][    T1] mc: Linux media interface: v0.10
[    1.357874][    T1] videodev: Linux video capture interface: v2.00
[    1.358652][    T1] pps_core: LinuxPPS API ver. 1 registered
[    1.359498][    T1] pps_core: Software ver. 5.3.6 - Copyright 2005-2007 Rodolfo Giometti <giometti@linux.it>
[    1.361062][    T1] PTP clock support registered
[    1.368534][    T1] EDAC MC: Ver: 3.0.0
[    1.372048][    T1] Advanced Linux Sound Architecture Driver Initialized.
[    1.376889][    T1] Bluetooth: Core ver 2.22
[    1.377655][    T1] NET: Registered PF_BLUETOOTH protocol family
[    1.378115][    T1] Bluetooth: HCI device and connection manager initialized
[    1.379016][    T1] Bluetooth: HCI socket layer initialized
[    1.379690][    T1] Bluetooth: L2CAP socket layer initialized
[    1.380436][    T1] Bluetooth: SCO socket layer initialized
[    1.381160][    T1] NET: Registered PF_ATMPVC protocol family
[    1.381844][    T1] NET: Registered PF_ATMSVC protocol family
[    1.382745][    T1] NetLabel: Initializing
[    1.383268][    T1] NetLabel:  domain hash size = 128
[    1.383870][    T1] NetLabel:  protocols = UNLABELED CIPSOv4 CALIPSO
[    1.384955][    T1] NetLabel:  unlabeled traffic allowed by default
[    1.387461][    T1] nfc: nfc_init: NFC Core ver 0.1
[    1.388320][    T1] NET: Registered PF_NFC protocol family
[    1.389054][    T1] PCI: Using ACPI for IRQ routing
[    1.390268][    T1] pci 0000:00:02.0: vgaarb: setting as boot VGA device
[    1.391134][    T1] pci 0000:00:02.0: vgaarb: bridge control possible
[    1.391901][    T1] pci 0000:00:02.0: vgaarb: VGA device added: decodes=io+mem,owns=io+mem,locks=none
[    1.393005][    T1] vgaarb: loaded
[    1.394537][    T1] hpet0: at MMIO 0xfed00000, IRQs 2, 8, 0
[    1.395244][    T1] hpet0: 3 comparators, 64-bit 100.000000 MHz counter
[    1.399583][    T1] clocksource: Switched to clocksource kvm-clock
[    1.403054][    T1] VFS: Disk quotas dquot_6.6.0
[    1.403695][    T1] VFS: Dquot-cache hash table entries: 512 (order 0, 4096 bytes)
[    1.405073][    T1] FS-Cache: Loaded
[    1.406409][    T1] CacheFiles: Loaded
[    1.407311][    T1] TOMOYO: 2.6.0
[    1.407746][    T1] Mandatory Access Control activated.
[    1.407746][    T1] pnp: PnP ACPI init
[    1.418673][    T1] pnp: PnP ACPI: found 6 devices
[    1.461444][    T1] clocksource: acpi_pm: mask: 0xffffff max_cycles: 0xffffff, max_idle_ns: 2085701024 ns
[    1.463104][    T1] NET: Registered PF_INET protocol family
[    1.464395][    T1] IP idents hash table entries: 32768 (order: 6, 262144 bytes, linear)
[    1.469232][    T1] tcp_listen_portaddr_hash hash table entries: 1024 (order: 4, 73728 bytes, linear)
[    1.470421][    T1] Table-perturb hash table entries: 65536 (order: 6, 262144 bytes, linear)
[    1.471464][    T1] TCP established hash table entries: 16384 (order: 5, 131072 bytes, linear)
[    1.473841][    T1] TCP bind hash table entries: 16384 (order: 9, 2359296 bytes, linear)
[    1.475716][    T1] TCP: Hash tables configured (established 16384 bind 16384)
[    1.477216][    T1] MPTCP token hash table entries: 2048 (order: 5, 180224 bytes, linear)
[    1.478373][    T1] UDP hash table entries: 1024 (order: 5, 163840 bytes, linear)
[    1.479382][    T1] UDP-Lite hash table entries: 1024 (order: 5, 163840 bytes, linear)
[    1.480833][    T1] NET: Registered PF_UNIX/PF_LOCAL protocol family
[    1.483202][    T1] RPC: Registered named UNIX socket transport module.
[    1.484046][    T1] RPC: Registered udp transport module.
[    1.484696][    T1] RPC: Registered tcp transport module.
[    1.485371][    T1] RPC: Registered tcp-with-tls transport module.
[    1.486122][    T1] RPC: Registered tcp NFSv4.1 backchannel transport module.
[    1.488820][    T1] NET: Registered PF_XDP protocol family
[    1.489513][    T1] pci_bus 0000:00: resource 4 [io  0x0000-0x0cf7 window]
[    1.490329][    T1] pci_bus 0000:00: resource 5 [io  0x0d00-0xffff window]
[    1.491143][    T1] pci_bus 0000:00: resource 6 [mem 0x000a0000-0x000bffff window]
[    1.492034][    T1] pci_bus 0000:00: resource 7 [mem 0x80000000-0xfebfffff window]
[    1.492936][    T1] pci_bus 0000:00: resource 8 [mem 0x100000000-0x17fffffff window]
[    1.494798][    T1] pci 0000:00:01.0: PIIX3: Enabling Passive Release
[    1.495571][    T1] pci 0000:00:00.0: Limiting direct PCI/PCI transfers
[    1.496451][    T1] PCI: CLS 0 bytes, default 64
[    1.497167][    T1] ACPI: bus type thunderbolt registered
[    1.498464][    T1] kvm_intel: VMX not supported by CPU 0
[    1.499334][    T1] kvm_amd: Nested Virtualization enabled
[    1.500020][    T1] kvm_amd: Nested Paging enabled
[    1.510630][   T47] Trying to unpack rootfs image as initramfs...
[    1.632339][   T47] Freeing initrd memory: 1360K
[    1.634305][   T58] kworker/u4:0 (58) used greatest stack depth: 28200 bytes left
[    1.635267][   T61] kworker/u4:4 (61) used greatest stack depth: 28192 bytes left
[    1.637113][   T60] kworker/u4:4 (60) used greatest stack depth: 27264 bytes left
[    3.630198][    T1] Initialise system trusted keyrings
[    3.631499][    T1] workingset: timestamp_bits=40 max_order=19 bucket_order=0
[    3.636776][    T1] DLM installed
[    3.638928][    T1] squashfs: version 4.0 (2009/01/31) Phillip Lougher
[    3.642154][    T1] NFS: Registering the id_resolver key type
[    3.643080][    T1] Key type id_resolver registered
[    3.643866][    T1] Key type id_legacy registered
[    3.644651][    T1] nfs4filelayout_init: NFSv4 File Layout Driver Registering...
[    3.645841][    T1] nfs4flexfilelayout_init: NFSv4 Flexfile Layout Driver Registering...
[    3.651336][    T1] Key type cifs.spnego registered
[    3.652221][    T1] Key type cifs.idmap registered
[    3.653214][    T1] ntfs: driver 2.1.32 [Flags: R/W].
[    3.654033][    T1] ntfs3: Max link count 4000
[    3.654650][    T1] ntfs3: Enabled Linux POSIX ACLs support
[    3.655332][    T1] ntfs3: Read-only LZX/Xpress compression included
[    3.656158][    T1] efs: 1.0a - http://aeschi.ch.eu.org/efs/
[    3.656852][    T1] jffs2: version 2.2. (NAND) (SUMMARY)  © 2001-2006 Red Hat, Inc.
[    3.658426][    T1] romfs: ROMFS MTD (C) 2007 Red Hat, Inc.
[    3.659153][    T1] QNX4 filesystem 0.2.3 registered.
[    3.659790][    T1] qnx6: QNX6 filesystem 1.0.0 registered.
[    3.660967][    T1] fuse: init (API version 7.39)
[    3.662823][  T101] kworker/u4:1 (101) used greatest stack depth: 27128 bytes left
[    3.664151][    T1] orangefs_debugfs_init: called with debug mask: :none: :0:
[    3.665850][    T1] orangefs_init: module version upstream loaded
[    3.667040][    T1] JFS: nTxBlock = 8192, nTxLock = 65536
[    3.672379][    T1] SGI XFS with ACLs, security attributes, realtime, quota, no debug enabled
[    3.675729][    T1] 9p: Installing v9fs 9p2000 file system support
[    3.676851][    T1] NILFS version 2 loaded
[    3.677482][    T1] befs: version: 0.9.3
[    3.678342][    T1] ocfs2: Registered cluster interface o2cb
[    3.679728][    T1] ocfs2: Registered cluster interface user
[    3.680829][    T1] OCFS2 User DLM kernel interface loaded
[    3.692980][    T1] gfs2: GFS2 installed
[    3.697259][    T1] ceph: loaded (mds proto 32)
[    3.717854][    T1] NET: Registered PF_ALG protocol family
[    3.718834][    T1] xor: automatically using best checksumming function   avx       
[    3.720016][    T1] async_tx: api initialized (async)
[    3.720783][    T1] Key type asymmetric registered
[    3.721534][    T1] Asymmetric key parser 'x509' registered
[    3.722400][    T1] Asymmetric key parser 'pkcs8' registered
[    3.723243][    T1] Key type pkcs7_test registered
[    3.724153][    T1] Block layer SCSI generic (bsg) driver version 0.4 loaded (major 239)
[    3.725813][    T1] io scheduler mq-deadline registered
[    3.726599][    T1] io scheduler kyber registered
[    3.727391][    T1] io scheduler bfq registered
[    3.735334][    T1] input: Power Button as /devices/LNXSYSTM:00/LNXPWRBN:00/input/input0
[    3.738009][    T1] ACPI: button: Power Button [PWRF]
[    3.742824][    T1] ioatdma: Intel(R) QuickData Technology Driver 5.00
[    3.914618][  T425] kworker/u4:2 (425) used greatest stack depth: 26928 bytes left
[    4.089680][    T1] N_HDLC line discipline registered with maxframe=4096
[    4.090575][    T1] Serial: 8250/16550 driver, 4 ports, IRQ sharing enabled
[    4.094054][    T1] 00:04: ttyS0 at I/O 0x3f8 (irq = 4, base_baud = 115200) is a 16550A
[    4.112519][    T1] Non-volatile memory driver v1.3
[    4.113233][    T1] Linux agpgart interface v0.103
[    4.117692][    T1] ACPI: bus type drm_connector registered
[    4.122036][    T1] [drm] Initialized vgem 1.0.0 20120112 for vgem on minor 0
[    4.128226][    T1] [drm] Initialized vkms 1.0.0 20180514 for vkms on minor 1
[    4.188649][    T1] Console: switching to colour frame buffer device 128x48
[    4.207096][    T1] platform vkms: [drm] fb0: vkmsdrmfb frame buffer device
[    4.208378][    T1] usbcore: registered new interface driver udl
[    4.210463][    T1] bochs-drm 0000:00:02.0: vgaarb: deactivate vga console
[    4.213883][    T1] [drm] Found bochs VGA, ID 0xb0c5.
[    4.214610][    T1] [drm] Framebuffer size 16384 kB @ 0xfd000000, mmio @ 0xfebf0000.
[    4.219538][    T1] [drm] Found EDID data blob.
[    4.224389][    T1] [drm] Initialized bochs-drm 1.0.0 20130925 for 0000:00:02.0 on minor 2
[    4.232825][    T1] fbcon: bochs-drmdrmfb (fb1) is primary device
[    4.232844][    T1] fbcon: Remapping primary device, fb1, to tty 1-63
[   10.396076][    T1] bochs-drm 0000:00:02.0: [drm] fb1: bochs-drmdrmfb frame buffer device
[   10.486511][    T1] brd: module loaded
[   10.554682][    T1] loop: module loaded
[   10.651908][    T1] zram: Added device: zram0
[   10.660245][    T1] null_blk: disk nullb0 created
[   10.660972][    T1] null_blk: module loaded
[   10.661641][    T1] Guest personality initialized and is inactive
[   10.663052][    T1] VMCI host device registered (name=vmci, major=10, minor=118)
[   10.664184][    T1] Initialized host personality
[   10.664881][    T1] usbcore: registered new interface driver rtsx_usb
[   10.666299][    T1] usbcore: registered new interface driver viperboard
[   10.667812][    T1] usbcore: registered new interface driver dln2
[   10.669075][    T1] usbcore: registered new interface driver pn533_usb
[   10.674743][    T1] nfcsim 0.2 initialized
[   10.675510][    T1] usbcore: registered new interface driver port100
[   10.676567][    T1] usbcore: registered new interface driver nfcmrvl
[   10.682749][    T1] Loading iSCSI transport class v2.0-870.
[   10.687362][    T1] st: Version 20160209, fixed bufsize 32768, s/g segs 256
[   10.712344][    T1] scsi host0: ata_piix
[   10.727568][    T1] scsi host1: ata_piix
[   10.729001][    T1] ata1: PATA max MWDMA2 cmd 0x1f0 ctl 0x3f6 bmdma 0xc000 irq 14 lpm-pol 0
[   10.730039][    T1] ata2: PATA max MWDMA2 cmd 0x170 ctl 0x376 bmdma 0xc008 irq 15 lpm-pol 0
[   10.744621][    T1] Rounding down aligned max_sectors from 4294967295 to 4294967288
[   10.745938][    T1] db_root: cannot open: /etc/target
[   10.747225][    T1] slram: not enough parameters.
[   10.751719][    T1] ftl_cs: FTL header not found.
[   10.776342][    T1] wireguard: WireGuard 1.0.0 loaded. See www.wireguard.com for information.
[   10.777628][    T1] wireguard: Copyright (C) 2015-2019 Jason A. Donenfeld <Jason@zx2c4.com>. All Rights Reserved.
[   10.779138][    T1] eql: Equalizer2002: Simon Janes (simon@ncm.com) and David S. Miller (davem@redhat.com)
[   10.785331][    T1] MACsec IEEE 802.1AE
[   10.796572][    T1] tun: Universal TUN/TAP device driver, 1.6
[   10.800002][    T1] vcan: Virtual CAN interface driver
[   10.800782][    T1] vxcan: Virtual CAN Tunnel driver
[   10.801524][    T1] slcan: serial line CAN interface driver
[   10.802362][    T1] CAN device driver interface
[   10.803165][    T1] usbcore: registered new interface driver usb_8dev
[   10.804621][    T1] usbcore: registered new interface driver ems_usb
[   10.805701][    T1] usbcore: registered new interface driver gs_usb
[   10.806761][    T1] usbcore: registered new interface driver kvaser_usb
[   10.807858][    T1] usbcore: registered new interface driver mcba_usb
[   10.809142][    T1] usbcore: registered new interface driver peak_usb
[   10.810357][    T1] e100: Intel(R) PRO/100 Network Driver
[   10.811169][    T1] e100: Copyright(c) 1999-2006 Intel Corporation
[   10.812221][    T1] e1000: Intel(R) PRO/1000 Network Driver
[   10.813052][    T1] e1000: Copyright (c) 1999-2006 Intel Corporation.
[   10.816017][    T1] e1000e: Intel(R) PRO/1000 Network Driver
[   10.816857][    T1] e1000e: Copyright(c) 1999 - 2015 Intel Corporation.
[   10.818340][    T1] mkiss: AX.25 Multikiss, Hans Albas PE1AYX
[   10.819209][    T1] AX.25: 6pack driver, Revision: 0.3.0
[   10.820029][    T1] AX.25: bpqether driver version 004
[   10.820808][    T1] PPP generic driver version 2.4.2
[   10.822246][    T1] PPP BSD Compression module registered
[   10.823072][    T1] PPP Deflate Compression module registered
[   10.824034][    T1] PPP MPPE Compression module registered
[   10.824854][    T1] NET: Registered PF_PPPOX protocol family
[   10.826511][    T1] PPTP driver version 0.8.5
[   10.827360][    T1] SLIP: version 0.8.4-NET3.019-NEWTTY (dynamic channels, max=256) (6 bit encapsulation enabled).
[   10.828909][    T1] CSLIP: code copyright 1989 Regents of the University of California.
[   10.830110][    T1] SLIP linefill/keepalive option.
[   10.830851][    T1] hdlc: HDLC support module revision 1.22
[   10.831705][    T1] LAPB Ethernet driver version 0.02
[   10.832856][    T1] usbcore: registered new interface driver ath9k_htc
[   10.833993][    T1] usbcore: registered new interface driver carl9170
[   10.835070][    T1] usbcore: registered new interface driver ath6kl_usb
[   10.836180][    T1] usbcore: registered new interface driver ar5523
[   10.837387][    T1] usbcore: registered new interface driver ath10k_usb
[   10.838432][    T1] usbcore: registered new interface driver rndis_wlan
[   10.839463][    T1] mac80211_hwsim: initializing netlink
[   10.856404][    T1] usbcore: registered new interface driver atusb
[   10.866061][    T1] mac802154_hwsim mac802154_hwsim: Added 2 mac802154 hwsim hardware radios
[   10.867466][    T1] VMware vmxnet3 virtual NIC driver - version 1.7.0.0-k-NAPI
[   10.868626][    T1] usbcore: registered new interface driver catc
[   10.869687][    T1] usbcore: registered new interface driver kaweth
[   10.870528][    T1] pegasus: Pegasus/Pegasus II USB Ethernet driver
[   10.871442][    T1] usbcore: registered new interface driver pegasus
[   10.872451][    T1] usbcore: registered new interface driver rtl8150
[   10.873387][    T1] usbcore: registered new device driver r8152-cfgselector
[   10.874389][    T1] usbcore: registered new interface driver r8152
[   10.875148][    T1] hso: drivers/net/usb/hso.c: Option Wireless
[   10.876041][    T1] usbcore: registered new interface driver hso
[   10.876895][    T1] usbcore: registered new interface driver lan78xx
[   10.877807][    T1] usbcore: registered new interface driver asix
[   10.878671][    T1] usbcore: registered new interface driver ax88179_178a
[   10.879617][    T1] usbcore: registered new interface driver cdc_ether
[   10.880531][    T1] usbcore: registered new interface driver cdc_eem
[   10.881456][    T1] usbcore: registered new interface driver dm9601
[   10.882354][    T1] usbcore: registered new interface driver sr9700
[   10.883258][    T1] usbcore: registered new interface driver CoreChips
[   10.884389][    T1] usbcore: registered new interface driver smsc75xx
[   10.885356][    T1] usbcore: registered new interface driver smsc95xx
[   10.886295][    T1] usbcore: registered new interface driver gl620a
[   10.887161][    T1] usbcore: registered new interface driver net1080
[   10.888028][    T1] usbcore: registered new interface driver plusb
[   10.888897][    T1] usbcore: registered new interface driver rndis_host
[   10.889813][    T1] usbcore: registered new interface driver cdc_subset
[   10.890715][    T1] usbcore: registered new interface driver zaurus
[   10.891576][    T1] usbcore: registered new interface driver MOSCHIP usb-ethernet driver
[   10.892645][    T1] usbcore: registered new interface driver int51x1
[   10.894058][  T986] ata2: found unknown device (class 0)
[   10.894440][    T1] usbcore: registered new interface driver cdc_phonet
[   10.895741][  T986] ata2.00: ATAPI: QEMU DVD-ROM, 2.5+, max UDMA/100
[   10.895988][    T1] usbcore: registered new interface driver kalmia
[   10.897636][    T1] usbcore: registered new interface driver ipheth
[   10.898684][    T1] usbcore: registered new interface driver sierra_net
[   10.899858][    T1] usbcore: registered new interface driver cx82310_eth
[   10.900927][    T1] usbcore: registered new interface driver cdc_ncm
[   10.901964][    T1] usbcore: registered new interface driver huawei_cdc_ncm
[   10.903072][    T1] usbcore: registered new interface driver lg-vl600
[   10.906238][    T1] usbcore: registered new interface driver qmi_wwan
[   10.907294][    T1] usbcore: registered new interface driver cdc_mbim
[   10.908325][    T1] usbcore: registered new interface driver ch9200
[   10.909572][    T1] usbcore: registered new interface driver r8153_ecm
[   10.913025][   T47] scsi 1:0:0:0: CD-ROM            QEMU     QEMU DVD-ROM     2.5+ PQ: 0 ANSI: 5
[   10.915592][    T1] VFIO - User Level meta-driver version: 0.3
[   10.922418][    T1] aoe: AoE v85 initialised.
[   10.929736][    T1] SPI driver max3421-hcd has no spi_device_id for maxim,max3421
[   10.931013][    T1] usbcore: registered new interface driver cdc_acm
[   10.931801][    T1] cdc_acm: USB Abstract Control Model driver for USB modems and ISDN adapters
[   10.933040][    T1] usbcore: registered new interface driver usblp
[   10.934619][    T1] usbcore: registered new interface driver cdc_wdm
[   10.935679][    T1] usbcore: registered new interface driver usbtmc
[   10.938303][    T1] usbcore: registered new interface driver uas
[   10.939324][    T1] usbcore: registered new interface driver usb-storage
[   10.940517][    T1] usbcore: registered new interface driver ums-alauda
[   10.941598][    T1] usbcore: registered new interface driver ums-cypress
[   10.942681][    T1] usbcore: registered new interface driver ums-datafab
[   10.944965][    T1] usbcore: registered new interface driver ums_eneub6250
[   10.946092][    T1] usbcore: registered new interface driver ums-freecom
[   10.947193][    T1] usbcore: registered new interface driver ums-isd200
[   10.948259][    T1] usbcore: registered new interface driver ums-jumpshot
[   10.949362][    T1] usbcore: registered new interface driver ums-karma
[   10.950421][    T1] usbcore: registered new interface driver ums-onetouch
[   10.951527][    T1] usbcore: registered new interface driver ums-realtek
[   10.952618][    T1] usbcore: registered new interface driver ums-sddr09
[   10.955147][    T1] usbcore: registered new interface driver ums-sddr55
[   10.956236][    T1] usbcore: registered new interface driver ums-usbat
[   10.958079][    T1] usbcore: registered new interface driver mdc800
[   10.958804][    T1] mdc800: v0.7.5 (30/10/2000):USB Driver for Mustek MDC800 Digital Camera
[   10.959886][    T1] usbcore: registered new interface driver microtekX6
[   10.960961][    T1] usbcore: registered new interface driver usbserial_generic
[   10.962047][    T1] usbserial: USB Serial support registered for generic
[   10.962967][    T1] usbcore: registered new interface driver aircable
[   10.965539][    T1] usbserial: USB Serial support registered for aircable
[   10.966553][    T1] usbcore: registered new interface driver ark3116
[   10.967504][    T1] usbserial: USB Serial support registered for ark3116
[   10.968735][    T1] usbcore: registered new interface driver belkin_sa
[   10.970064][    T1] usbserial: USB Serial support registered for Belkin / Peracom / GoHubs USB Serial Adapter
[   10.971336][    T1] usbcore: registered new interface driver ch341
[   10.972156][    T1] usbserial: USB Serial support registered for ch341-uart
[   10.973087][    T1] usbcore: registered new interface driver cp210x
[   10.973964][    T1] usbserial: USB Serial support registered for cp210x
[   10.974873][    T1] usbcore: registered new interface driver cyberjack
[   10.975772][    T1] usbserial: USB Serial support registered for Reiner SCT Cyberjack USB card reader
[   10.976979][    T1] usbcore: registered new interface driver cypress_m8
[   10.977915][    T1] usbserial: USB Serial support registered for DeLorme Earthmate USB
[   10.978945][    T1] usbserial: USB Serial support registered for HID->COM RS232 Adapter
[   10.979977][    T1] usbserial: USB Serial support registered for Nokia CA-42 V2 Adapter
[   10.981038][    T1] usbcore: registered new interface driver usb_debug
[   10.981913][    T1] usbserial: USB Serial support registered for debug
[   10.982805][    T1] usbserial: USB Serial support registered for xhci_dbc
[   10.984278][    T1] usbcore: registered new interface driver digi_acceleport
[   10.985216][    T1] usbserial: USB Serial support registered for Digi 2 port USB adapter
[   10.986284][    T1] usbserial: USB Serial support registered for Digi 4 port USB adapter
[   10.987364][    T1] usbcore: registered new interface driver io_edgeport
[   10.988308][    T1] usbserial: USB Serial support registered for Edgeport 2 port adapter
[   10.989417][    T1] usbserial: USB Serial support registered for Edgeport 4 port adapter
[   10.990463][    T1] usbserial: USB Serial support registered for Edgeport 8 port adapter
[   10.991576][    T1] usbserial: USB Serial support registered for EPiC device
[   10.992552][    T1] usbcore: registered new interface driver io_ti
[   10.993411][    T1] usbserial: USB Serial support registered for Edgeport TI 1 port adapter
[   10.994519][    T1] usbserial: USB Serial support registered for Edgeport TI 2 port adapter
[   10.995802][    T1] usbcore: registered new interface driver empeg
[   10.996778][    T1] usbserial: USB Serial support registered for empeg
[   10.997855][    T1] usbcore: registered new interface driver f81534a_ctrl
[   10.998930][    T1] usbcore: registered new interface driver f81232
[   10.999912][    T1] usbserial: USB Serial support registered for f81232
[   11.000938][    T1] usbserial: USB Serial support registered for f81534a
[   11.002014][    T1] usbcore: registered new interface driver f81534
[   11.002994][    T1] usbserial: USB Serial support registered for Fintek F81532/F81534
[   11.004232][    T1] usbcore: registered new interface driver ftdi_sio
[   11.005250][    T1] usbserial: USB Serial support registered for FTDI USB Serial Device
[   11.006489][    T1] usbcore: registered new interface driver garmin_gps
[   11.007525][    T1] usbserial: USB Serial support registered for Garmin GPS usb/tty
[   11.008732][    T1] usbcore: registered new interface driver ipaq
[   11.009693][    T1] usbserial: USB Serial support registered for PocketPC PDA
[   11.010820][    T1] usbcore: registered new interface driver ipw
[   11.011761][    T1] usbserial: USB Serial support registered for IPWireless converter
[   11.012980][    T1] usbcore: registered new interface driver ir_usb
[   11.013993][    T1] usbserial: USB Serial support registered for IR Dongle
[   11.015098][    T1] usbcore: registered new interface driver iuu_phoenix
[   11.016132][    T1] usbserial: USB Serial support registered for iuu_phoenix
[   11.017249][    T1] usbcore: registered new interface driver keyspan
[   11.018250][    T1] usbserial: USB Serial support registered for Keyspan - (without firmware)
[   11.019566][    T1] usbserial: USB Serial support registered for Keyspan 1 port adapter
[   11.020741][    T1] usbserial: USB Serial support registered for Keyspan 2 port adapter
[   11.021797][    T1] usbserial: USB Serial support registered for Keyspan 4 port adapter
[   11.022847][    T1] usbcore: registered new interface driver keyspan_pda
[   11.023736][    T1] usbserial: USB Serial support registered for Keyspan PDA
[   11.024989][    T1] usbserial: USB Serial support registered for Keyspan PDA - (prerenumeration)
[   11.026175][    T1] usbcore: registered new interface driver kl5kusb105
[   11.027043][    T1] usbserial: USB Serial support registered for KL5KUSB105D / PalmConnect
[   11.028165][    T1] usbcore: registered new interface driver kobil_sct
[   11.029011][    T1] usbserial: USB Serial support registered for KOBIL USB smart card terminal
[   11.030118][    T1] usbcore: registered new interface driver mct_u232
[   11.030978][    T1] usbserial: USB Serial support registered for MCT U232
[   11.031872][    T1] usbcore: registered new interface driver metro_usb
[   11.032721][    T1] usbserial: USB Serial support registered for Metrologic USB to Serial
[   11.033823][    T1] usbcore: registered new interface driver mos7720
[   11.034672][    T1] usbserial: USB Serial support registered for Moschip 2 port adapter
[   11.035752][    T1] usbcore: registered new interface driver mos7840
[   11.036617][    T1] usbserial: USB Serial support registered for Moschip 7840/7820 USB Serial Driver
[   11.037814][    T1] usbcore: registered new interface driver mxuport
[   11.038647][    T1] usbserial: USB Serial support registered for MOXA UPort
[   11.039582][    T1] usbcore: registered new interface driver navman
[   11.040408][    T1] usbserial: USB Serial support registered for navman
[   11.041296][    T1] usbcore: registered new interface driver omninet
[   11.042130][    T1] usbserial: USB Serial support registered for ZyXEL - omni.net usb
[   11.043169][    T1] usbcore: registered new interface driver opticon
[   11.044039][    T1] usbserial: USB Serial support registered for opticon
[   11.044964][    T1] usbcore: registered new interface driver option
[   11.045804][    T1] usbserial: USB Serial support registered for GSM modem (1-port)
[   11.046821][    T1] usbcore: registered new interface driver oti6858
[   11.047810][    T1] usbserial: USB Serial support registered for oti6858
[   11.048870][    T1] usbcore: registered new interface driver pl2303
[   11.050086][    T1] usbserial: USB Serial support registered for pl2303
[   11.051146][    T1] usbcore: registered new interface driver qcaux
[   11.052120][    T1] usbserial: USB Serial support registered for qcaux
[   11.053162][    T1] usbcore: registered new interface driver qcserial
[   11.054196][    T1] usbserial: USB Serial support registered for Qualcomm USB modem
[   11.055372][    T1] usbcore: registered new interface driver quatech2
[   11.056368][    T1] usbserial: USB Serial support registered for Quatech 2nd gen USB to Serial Driver
[   11.057766][    T1] usbcore: registered new interface driver safe_serial
[   11.058804][    T1] usbserial: USB Serial support registered for safe_serial
[   11.059912][    T1] usbcore: registered new interface driver sierra
[   11.060889][    T1] usbserial: USB Serial support registered for Sierra USB modem
[   11.062079][    T1] usbcore: registered new interface driver usb_serial_simple
[   11.063194][    T1] usbserial: USB Serial support registered for carelink
[   11.064465][    T1] usbserial: USB Serial support registered for flashloader
[   11.065552][    T1] usbserial: USB Serial support registered for funsoft
[   11.066597][    T1] usbserial: USB Serial support registered for google
[   11.067621][    T1] usbserial: USB Serial support registered for hp4x
[   11.068734][    T1] usbserial: USB Serial support registered for kaufmann
[   11.069781][    T1] usbserial: USB Serial support registered for libtransistor
[   11.070879][    T1] usbserial: USB Serial support registered for moto_modem
[   11.071962][    T1] usbserial: USB Serial support registered for motorola_tetra
[   11.073097][    T1] usbserial: USB Serial support registered for nokia
[   11.074196][    T1] usbserial: USB Serial support registered for novatel_gps
[   11.075423][    T1] usbserial: USB Serial support registered for siemens_mpi
[   11.076518][    T1] usbserial: USB Serial support registered for suunto
[   11.077577][    T1] usbserial: USB Serial support registered for vivopay
[   11.078633][    T1] usbserial: USB Serial support registered for zio
[   11.079664][    T1] usbcore: registered new interface driver spcp8x5
[   11.080648][    T1] usbserial: USB Serial support registered for SPCP8x5
[   11.081700][    T1] usbcore: registered new interface driver ssu100
[   11.082899][    T1] usbserial: USB Serial support registered for Quatech SSU-100 USB to Serial Driver
[   11.084329][    T1] usbcore: registered new interface driver symbolserial
[   11.085393][    T1] usbserial: USB Serial support registered for symbol
[   11.086449][    T1] usbcore: registered new interface driver ti_usb_3410_5052
[   11.087816][    T1] usbserial: USB Serial support registered for TI USB 3410 1 port adapter
[   11.089087][    T1] usbserial: USB Serial support registered for TI USB 5052 2 port adapter
[   11.090367][    T1] usbcore: registered new interface driver upd78f0730
[   11.091396][    T1] usbserial: USB Serial support registered for upd78f0730
[   11.092498][    T1] usbcore: registered new interface driver visor
[   11.093496][    T1] usbserial: USB Serial support registered for Handspring Visor / Palm OS
[   11.094764][    T1] usbserial: USB Serial support registered for Sony Clie 5.0
[   11.095875][    T1] usbserial: USB Serial support registered for Sony Clie 3.5
[   11.096997][    T1] usbcore: registered new interface driver wishbone_serial
[   11.098081][    T1] usbserial: USB Serial support registered for wishbone_serial
[   11.099237][    T1] usbcore: registered new interface driver whiteheat
[   11.100263][    T1] usbserial: USB Serial support registered for Connect Tech - WhiteHEAT - (prerenumeration)
[   11.101759][    T1] usbserial: USB Serial support registered for Connect Tech - WhiteHEAT
[   11.103028][    T1] usbcore: registered new interface driver xr_serial
[   11.104068][    T1] usbserial: USB Serial support registered for xr_serial
[   11.105136][    T1] usbcore: registered new interface driver xsens_mt
[   11.106164][    T1] usbserial: USB Serial support registered for xsens_mt
[   11.107351][    T1] usbcore: registered new interface driver adutux
[   11.108349][    T1] usbcore: registered new interface driver appledisplay
[   11.109418][    T1] usbcore: registered new interface driver cypress_cy7c63
[   11.110518][    T1] usbcore: registered new interface driver cytherm
[   11.111541][    T1] usbcore: registered new interface driver emi26 - firmware loader
[   11.112777][    T1] usbcore: registered new interface driver emi62 - firmware loader
[   11.114177][    T1] usbcore: registered new interface driver idmouse
[   11.115204][    T1] usbcore: registered new interface driver iowarrior
[   11.116230][    T1] usbcore: registered new interface driver isight_firmware
[   11.117509][    T1] usbcore: registered new interface driver usblcd
[   11.118618][   T47] sr 1:0:0:0: [sr0] scsi3-mmc drive: 4x/4x cd/rw xa/form2 tray
[   11.118682][    T1] usbcore: registered new interface driver ldusb
[   11.119757][   T47] cdrom: Uniform CD-ROM driver Revision: 3.20
[   11.120734][    T1] usbcore: registered new interface driver legousbtower
[   11.122702][    T1] usbcore: registered new interface driver usbtest
[   11.123755][    T1] usbcore: registered new interface driver usb_ehset_test
[   11.124918][    T1] usbcore: registered new interface driver trancevibrator
[   11.126048][    T1] usbcore: registered new interface driver uss720
[   11.126935][    T1] uss720: USB Parport Cable driver for Cables using the Lucent Technologies USS720 Chip
[   11.128278][    T1] uss720: NOTE: this is a special purpose driver to allow nonstandard
[   11.129414][    T1] uss720: protocols (eg. bitbang) over USS720 usb to parallel cables
[   11.130534][    T1] uss720: If you just want to connect to a printer, use usblp instead
[   11.131811][    T1] usbcore: registered new interface driver usbsevseg
[   11.132867][    T1] usbcore: registered new interface driver yurex
[   11.134310][    T1] usbcore: registered new interface driver chaoskey
[   11.135344][    T1] usbcore: registered new interface driver sisusb
[   11.136351][    T1] usbcore: registered new interface driver lvs
[   11.137348][    T1] usbcore: registered new interface driver cxacru
[   11.138363][    T1] usbcore: registered new interface driver speedtch
[   11.139410][    T1] usbcore: registered new interface driver ueagle-atm
[   11.140349][    T1] xusbatm: malformed module parameters
[   11.142052][    T1] dummy_hcd dummy_hcd.0: USB Host+Gadget Emulator, driver 02 May 2005
[   11.143223][    T1] dummy_hcd dummy_hcd.0: Dummy host controller
[   11.147386][    T1] dummy_hcd dummy_hcd.0: new USB bus registered, assigned bus number 1
[   11.149778][    T1] usb usb1: New USB device found, idVendor=1d6b, idProduct=0002, bcdDevice= 6.07
[   11.151114][    T1] usb usb1: New USB device strings: Mfr=3, Product=2, SerialNumber=1
[   11.152237][    T1] usb usb1: Product: Dummy host controller
[   11.153049][    T1] usb usb1: Manufacturer: Linux 6.7.0-rc5-00202-g06fce281369c-dirty dummy_hcd
[   11.154323][    T1] usb usb1: SerialNumber: dummy_hcd.0
[   11.159090][    T1] hub 1-0:1.0: USB hub found
[   11.160096][    T1] hub 1-0:1.0: 1 port detected
[   11.169588][    T1] gadgetfs: USB Gadget filesystem, version 24 Aug 2004
[   11.171989][    T1] vhci_hcd vhci_hcd.0: USB/IP Virtual Host Controller
[   11.174092][    T1] vhci_hcd vhci_hcd.0: new USB bus registered, assigned bus number 2
[   11.175722][    T1] vhci_hcd: created sysfs vhci_hcd.0
[   11.177335][    T1] usb usb2: New USB device found, idVendor=1d6b, idProduct=0002, bcdDevice= 6.07
[   11.178603][    T1] usb usb2: New USB device strings: Mfr=3, Product=2, SerialNumber=1
[   11.179735][    T1] usb usb2: Product: USB/IP Virtual Host Controller
[   11.180645][    T1] usb usb2: Manufacturer: Linux 6.7.0-rc5-00202-g06fce281369c-dirty vhci_hcd
[   11.181875][    T1] usb usb2: SerialNumber: vhci_hcd.0
[   11.186025][    T1] hub 2-0:1.0: USB hub found
[   11.186943][    T1] hub 2-0:1.0: 8 ports detected
[   11.195803][    T1] vhci_hcd vhci_hcd.0: USB/IP Virtual Host Controller
[   11.199782][   T47] sr 1:0:0:0: Attached scsi generic sg0 type 5
[   11.200887][    T1] vhci_hcd vhci_hcd.0: new USB bus registered, assigned bus number 3
[   11.202811][    T1] usb usb3: We don't know the algorithms for LPM for this host, disabling LPM.
[   11.204948][    T1] usb usb3: New USB device found, idVendor=1d6b, idProduct=0003, bcdDevice= 6.07
[   11.206220][    T1] usb usb3: New USB device strings: Mfr=3, Product=2, SerialNumber=1
[   11.207330][    T1] usb usb3: Product: USB/IP Virtual Host Controller
[   11.208244][    T1] usb usb3: Manufacturer: Linux 6.7.0-rc5-00202-g06fce281369c-dirty vhci_hcd
[   11.209454][    T1] usb usb3: SerialNumber: vhci_hcd.0
[   11.212544][    T1] hub 3-0:1.0: USB hub found
[   11.213448][    T1] hub 3-0:1.0: 8 ports detected
[   11.222173][    T1] vhci_hcd vhci_hcd.1: USB/IP Virtual Host Controller
[   11.225309][    T1] vhci_hcd vhci_hcd.1: new USB bus registered, assigned bus number 4
[   11.227277][    T1] usb usb4: New USB device found, idVendor=1d6b, idProduct=0002, bcdDevice= 6.07
[   11.228542][    T1] usb usb4: New USB device strings: Mfr=3, Product=2, SerialNumber=1
[   11.229659][    T1] usb usb4: Product: USB/IP Virtual Host Controller
[   11.230566][    T1] usb usb4: Manufacturer: Linux 6.7.0-rc5-00202-g06fce281369c-dirty vhci_hcd
[   11.231759][    T1] usb usb4: SerialNumber: vhci_hcd.1
[   11.234880][    T1] hub 4-0:1.0: USB hub found
[   11.235711][    T1] hub 4-0:1.0: 8 ports detected
[   11.245269][    T1] vhci_hcd vhci_hcd.1: USB/IP Virtual Host Controller
[   11.247202][    T1] vhci_hcd vhci_hcd.1: new USB bus registered, assigned bus number 5
[   11.248893][    T1] usb usb5: We don't know the algorithms for LPM for this host, disabling LPM.
[   11.250742][    T1] usb usb5: New USB device found, idVendor=1d6b, idProduct=0003, bcdDevice= 6.07
[   11.251834][    T1] usb usb5: New USB device strings: Mfr=3, Product=2, SerialNumber=1
[   11.252818][    T1] usb usb5: Product: USB/IP Virtual Host Controller
[   11.253747][    T1] usb usb5: Manufacturer: Linux 6.7.0-rc5-00202-g06fce281369c-dirty vhci_hcd
[   11.254786][    T1] usb usb5: SerialNumber: vhci_hcd.1
[   11.257798][    T1] hub 5-0:1.0: USB hub found
[   11.258546][    T1] hub 5-0:1.0: 8 ports detected
[   11.267148][    T1] vhci_hcd vhci_hcd.2: USB/IP Virtual Host Controller
[   11.269309][    T1] vhci_hcd vhci_hcd.2: new USB bus registered, assigned bus number 6
[   11.271182][    T1] usb usb6: New USB device found, idVendor=1d6b, idProduct=0002, bcdDevice= 6.07
[   11.272353][    T1] usb usb6: New USB device strings: Mfr=3, Product=2, SerialNumber=1
[   11.273365][    T1] usb usb6: Product: USB/IP Virtual Host Controller
[   11.274156][    T1] usb usb6: Manufacturer: Linux 6.7.0-rc5-00202-g06fce281369c-dirty vhci_hcd
[   11.275203][    T1] usb usb6: SerialNumber: vhci_hcd.2
[   11.278293][    T1] hub 6-0:1.0: USB hub found
[   11.279058][    T1] hub 6-0:1.0: 8 ports detected
[   11.287078][    T1] vhci_hcd vhci_hcd.2: USB/IP Virtual Host Controller
[   11.288829][    T1] vhci_hcd vhci_hcd.2: new USB bus registered, assigned bus number 7
[   11.290445][    T1] usb usb7: We don't know the algorithms for LPM for this host, disabling LPM.
[   11.292376][    T1] usb usb7: New USB device found, idVendor=1d6b, idProduct=0003, bcdDevice= 6.07
[   11.293542][    T1] usb usb7: New USB device strings: Mfr=3, Product=2, SerialNumber=1
[   11.294527][    T1] usb usb7: Product: USB/IP Virtual Host Controller
[   11.295349][    T1] usb usb7: Manufacturer: Linux 6.7.0-rc5-00202-g06fce281369c-dirty vhci_hcd
[   11.296431][    T1] usb usb7: SerialNumber: vhci_hcd.2
[   11.299435][    T1] hub 7-0:1.0: USB hub found
[   11.300189][    T1] hub 7-0:1.0: 8 ports detected
[   11.310618][    T1] vhci_hcd vhci_hcd.3: USB/IP Virtual Host Controller
[   11.312233][    T1] vhci_hcd vhci_hcd.3: new USB bus registered, assigned bus number 8
[   11.314124][    T1] usb usb8: New USB device found, idVendor=1d6b, idProduct=0002, bcdDevice= 6.07
[   11.315237][    T1] usb usb8: New USB device strings: Mfr=3, Product=2, SerialNumber=1
[   11.316223][    T1] usb usb8: Product: USB/IP Virtual Host Controller
[   11.317026][    T1] usb usb8: Manufacturer: Linux 6.7.0-rc5-00202-g06fce281369c-dirty vhci_hcd
[   11.318111][    T1] usb usb8: SerialNumber: vhci_hcd.3
[   11.321457][    T1] hub 8-0:1.0: USB hub found
[   11.322216][    T1] hub 8-0:1.0: 8 ports detected
[   11.330016][    T1] vhci_hcd vhci_hcd.3: USB/IP Virtual Host Controller
[   11.331726][    T1] vhci_hcd vhci_hcd.3: new USB bus registered, assigned bus number 9
[   11.333099][    T1] usb usb9: We don't know the algorithms for LPM for this host, disabling LPM.
[   11.337140][    T1] usb usb9: New USB device found, idVendor=1d6b, idProduct=0003, bcdDevice= 6.07
[   11.339857][    T1] usb usb9: New USB device strings: Mfr=3, Product=2, SerialNumber=1
[   11.342256][    T1] usb usb9: Product: USB/IP Virtual Host Controller
[   11.345007][    T1] usb usb9: Manufacturer: Linux 6.7.0-rc5-00202-g06fce281369c-dirty vhci_hcd
[   11.347610][    T1] usb usb9: SerialNumber: vhci_hcd.3
[   11.352746][    T1] hub 9-0:1.0: USB hub found
[   11.353514][    T1] hub 9-0:1.0: 8 ports detected
[   11.362667][    T1] vhci_hcd vhci_hcd.4: USB/IP Virtual Host Controller
[   11.364208][    T1] vhci_hcd vhci_hcd.4: new USB bus registered, assigned bus number 10
[   11.366163][    T1] usb usb10: New USB device found, idVendor=1d6b, idProduct=0002, bcdDevice= 6.07
[   11.367189][    T1] usb usb10: New USB device strings: Mfr=3, Product=2, SerialNumber=1
[   11.368092][    T1] usb usb10: Product: USB/IP Virtual Host Controller
[   11.368850][    T1] usb usb10: Manufacturer: Linux 6.7.0-rc5-00202-g06fce281369c-dirty vhci_hcd
[   11.369851][    T1] usb usb10: SerialNumber: vhci_hcd.4
[   11.372690][    T1] hub 10-0:1.0: USB hub found
[   11.373450][    T1] hub 10-0:1.0: 8 ports detected
[   11.381055][    T1] vhci_hcd vhci_hcd.4: USB/IP Virtual Host Controller
[   11.382489][    T1] vhci_hcd vhci_hcd.4: new USB bus registered, assigned bus number 11
[   11.383949][    T1] usb usb11: We don't know the algorithms for LPM for this host, disabling LPM.
[   11.385669][    T1] usb usb11: New USB device found, idVendor=1d6b, idProduct=0003, bcdDevice= 6.07
[   11.386708][    T1] usb usb11: New USB device strings: Mfr=3, Product=2, SerialNumber=1
[   11.387617][    T1] usb usb11: Product: USB/IP Virtual Host Controller
[   11.388358][    T1] usb usb11: Manufacturer: Linux 6.7.0-rc5-00202-g06fce281369c-dirty vhci_hcd
[   11.389344][    T1] usb usb11: SerialNumber: vhci_hcd.4
[   11.392176][    T1] hub 11-0:1.0: USB hub found
[   11.392883][    T1] hub 11-0:1.0: 8 ports detected
[   11.402174][    T1] vhci_hcd vhci_hcd.5: USB/IP Virtual Host Controller
[   11.403699][    T1] vhci_hcd vhci_hcd.5: new USB bus registered, assigned bus number 12
[   11.405452][    T1] usb usb12: New USB device found, idVendor=1d6b, idProduct=0002, bcdDevice= 6.07
[   11.406488][    T1] usb usb12: New USB device strings: Mfr=3, Product=2, SerialNumber=1
[   11.407398][    T1] usb usb12: Product: USB/IP Virtual Host Controller
[   11.408145][    T1] usb usb12: Manufacturer: Linux 6.7.0-rc5-00202-g06fce281369c-dirty vhci_hcd
[   11.409160][    T1] usb usb12: SerialNumber: vhci_hcd.5
[   11.412061][    T1] hub 12-0:1.0: USB hub found
[   11.412791][    T1] hub 12-0:1.0: 8 ports detected
[   11.420445][    T1] vhci_hcd vhci_hcd.5: USB/IP Virtual Host Controller
[   11.421930][    T1] vhci_hcd vhci_hcd.5: new USB bus registered, assigned bus number 13
[   11.423192][    T1] usb usb13: We don't know the algorithms for LPM for this host, disabling LPM.
[   11.425000][    T1] usb usb13: New USB device found, idVendor=1d6b, idProduct=0003, bcdDevice= 6.07
[   11.426067][    T1] usb usb13: New USB device strings: Mfr=3, Product=2, SerialNumber=1
[   11.426999][    T1] usb usb13: Product: USB/IP Virtual Host Controller
[   11.427761][    T1] usb usb13: Manufacturer: Linux 6.7.0-rc5-00202-g06fce281369c-dirty vhci_hcd
[   11.428769][    T1] usb usb13: SerialNumber: vhci_hcd.5
[   11.432094][    T1] hub 13-0:1.0: USB hub found
[   11.432831][    T1] hub 13-0:1.0: 8 ports detected
[   11.442149][    T1] vhci_hcd vhci_hcd.6: USB/IP Virtual Host Controller
[   11.443766][    T1] vhci_hcd vhci_hcd.6: new USB bus registered, assigned bus number 14
[   11.445553][    T1] usb usb14: New USB device found, idVendor=1d6b, idProduct=0002, bcdDevice= 6.07
[   11.446607][    T1] usb usb14: New USB device strings: Mfr=3, Product=2, SerialNumber=1
[   11.447539][    T1] usb usb14: Product: USB/IP Virtual Host Controller
[   11.448298][    T1] usb usb14: Manufacturer: Linux 6.7.0-rc5-00202-g06fce281369c-dirty vhci_hcd
[   11.449312][    T1] usb usb14: SerialNumber: vhci_hcd.6
[   11.452587][    T1] hub 14-0:1.0: USB hub found
[   11.453346][    T1] hub 14-0:1.0: 8 ports detected
[   11.460997][    T1] vhci_hcd vhci_hcd.6: USB/IP Virtual Host Controller
[   11.462686][    T1] vhci_hcd vhci_hcd.6: new USB bus registered, assigned bus number 15
[   11.463975][    T1] usb usb15: We don't know the algorithms for LPM for this host, disabling LPM.
[   11.465743][    T1] usb usb15: New USB device found, idVendor=1d6b, idProduct=0003, bcdDevice= 6.07
[   11.466798][    T1] usb usb15: New USB device strings: Mfr=3, Product=2, SerialNumber=1
[   11.467726][    T1] usb usb15: Product: USB/IP Virtual Host Controller
[   11.468489][    T1] usb usb15: Manufacturer: Linux 6.7.0-rc5-00202-g06fce281369c-dirty vhci_hcd
[   11.469499][    T1] usb usb15: SerialNumber: vhci_hcd.6
[   11.472777][    T1] hub 15-0:1.0: USB hub found
[   11.473554][    T1] hub 15-0:1.0: 8 ports detected
[   11.483182][    T1] vhci_hcd vhci_hcd.7: USB/IP Virtual Host Controller
[   11.484782][    T1] vhci_hcd vhci_hcd.7: new USB bus registered, assigned bus number 16
[   11.486673][    T1] usb usb16: New USB device found, idVendor=1d6b, idProduct=0002, bcdDevice= 6.07
[   11.487734][    T1] usb usb16: New USB device strings: Mfr=3, Product=2, SerialNumber=1
[   11.488675][    T1] usb usb16: Product: USB/IP Virtual Host Controller
[   11.489443][    T1] usb usb16: Manufacturer: Linux 6.7.0-rc5-00202-g06fce281369c-dirty vhci_hcd
[   11.490459][    T1] usb usb16: SerialNumber: vhci_hcd.7
[   11.494081][    T1] hub 16-0:1.0: USB hub found
[   11.494813][    T1] hub 16-0:1.0: 8 ports detected
[   11.502508][    T1] vhci_hcd vhci_hcd.7: USB/IP Virtual Host Controller
[   11.504525][    T1] vhci_hcd vhci_hcd.7: new USB bus registered, assigned bus number 17
[   11.505835][    T1] usb usb17: We don't know the algorithms for LPM for this host, disabling LPM.
[   11.507728][    T1] usb usb17: New USB device found, idVendor=1d6b, idProduct=0003, bcdDevice= 6.07
[   11.508764][    T1] usb usb17: New USB device strings: Mfr=3, Product=2, SerialNumber=1
[   11.509683][    T1] usb usb17: Product: USB/IP Virtual Host Controller
[   11.510434][    T1] usb usb17: Manufacturer: Linux 6.7.0-rc5-00202-g06fce281369c-dirty vhci_hcd
[   11.511420][    T1] usb usb17: SerialNumber: vhci_hcd.7
[   11.514969][    T1] hub 17-0:1.0: USB hub found
[   11.515778][    T1] hub 17-0:1.0: 8 ports detected
[   11.525412][    T1] vhci_hcd vhci_hcd.8: USB/IP Virtual Host Controller
[   11.526943][    T1] vhci_hcd vhci_hcd.8: new USB bus registered, assigned bus number 18
[   11.528781][    T1] usb usb18: New USB device found, idVendor=1d6b, idProduct=0002, bcdDevice= 6.07
[   11.530004][    T1] usb usb18: New USB device strings: Mfr=3, Product=2, SerialNumber=1
[   11.530906][    T1] usb usb18: Product: USB/IP Virtual Host Controller
[   11.531644][    T1] usb usb18: Manufacturer: Linux 6.7.0-rc5-00202-g06fce281369c-dirty vhci_hcd
[   11.532628][    T1] usb usb18: SerialNumber: vhci_hcd.8
[   11.535539][    T1] hub 18-0:1.0: USB hub found
[   11.536356][    T1] hub 18-0:1.0: 8 ports detected
[   11.544914][    T1] vhci_hcd vhci_hcd.8: USB/IP Virtual Host Controller
[   11.546629][    T1] vhci_hcd vhci_hcd.8: new USB bus registered, assigned bus number 19
[   11.548010][    T1] usb usb19: We don't know the algorithms for LPM for this host, disabling LPM.
[   11.549763][    T1] usb usb19: New USB device found, idVendor=1d6b, idProduct=0003, bcdDevice= 6.07
[   11.550821][    T1] usb usb19: New USB device strings: Mfr=3, Product=2, SerialNumber=1
[   11.551730][    T1] usb usb19: Product: USB/IP Virtual Host Controller
[   11.552617][    T1] usb usb19: Manufacturer: Linux 6.7.0-rc5-00202-g06fce281369c-dirty vhci_hcd
[   11.553648][    T1] usb usb19: SerialNumber: vhci_hcd.8
[   11.556581][    T1] hub 19-0:1.0: USB hub found
[   11.557302][    T1] hub 19-0:1.0: 8 ports detected
[   11.566565][    T1] vhci_hcd vhci_hcd.9: USB/IP Virtual Host Controller
[   11.568108][    T1] vhci_hcd vhci_hcd.9: new USB bus registered, assigned bus number 20
[   11.569916][    T1] usb usb20: New USB device found, idVendor=1d6b, idProduct=0002, bcdDevice= 6.07
[   11.571007][    T1] usb usb20: New USB device strings: Mfr=3, Product=2, SerialNumber=1
[   11.571968][    T1] usb usb20: Product: USB/IP Virtual Host Controller
[   11.572741][    T1] usb usb20: Manufacturer: Linux 6.7.0-rc5-00202-g06fce281369c-dirty vhci_hcd
[   11.573818][    T1] usb usb20: SerialNumber: vhci_hcd.9
[   11.577036][    T1] hub 20-0:1.0: USB hub found
[   11.577780][    T1] hub 20-0:1.0: 8 ports detected
[   11.585935][    T1] vhci_hcd vhci_hcd.9: USB/IP Virtual Host Controller
[   11.587524][    T1] vhci_hcd vhci_hcd.9: new USB bus registered, assigned bus number 21
[   11.588794][    T1] usb usb21: We don't know the algorithms for LPM for this host, disabling LPM.
[   11.590579][    T1] usb usb21: New USB device found, idVendor=1d6b, idProduct=0003, bcdDevice= 6.07
[   11.591639][    T1] usb usb21: New USB device strings: Mfr=3, Product=2, SerialNumber=1
[   11.592587][    T1] usb usb21: Product: USB/IP Virtual Host Controller
[   11.593419][    T1] usb usb21: Manufacturer: Linux 6.7.0-rc5-00202-g06fce281369c-dirty vhci_hcd
[   11.594450][    T1] usb usb21: SerialNumber: vhci_hcd.9
[   11.597881][    T1] hub 21-0:1.0: USB hub found
[   11.598673][    T1] hub 21-0:1.0: 8 ports detected
[   11.608483][    T1] vhci_hcd vhci_hcd.10: USB/IP Virtual Host Controller
[   11.610160][    T1] vhci_hcd vhci_hcd.10: new USB bus registered, assigned bus number 22
[   11.612507][    T1] usb usb22: New USB device found, idVendor=1d6b, idProduct=0002, bcdDevice= 6.07
[   11.613773][    T1] usb usb22: New USB device strings: Mfr=3, Product=2, SerialNumber=1
[   11.614893][    T1] usb usb22: Product: USB/IP Virtual Host Controller
[   11.615774][    T1] usb usb22: Manufacturer: Linux 6.7.0-rc5-00202-g06fce281369c-dirty vhci_hcd
[   11.616939][    T1] usb usb22: SerialNumber: vhci_hcd.10
[   11.619979][    T1] hub 22-0:1.0: USB hub found
[   11.620785][    T1] hub 22-0:1.0: 8 ports detected
[   11.628547][    T1] vhci_hcd vhci_hcd.10: USB/IP Virtual Host Controller
[   11.630282][    T1] vhci_hcd vhci_hcd.10: new USB bus registered, assigned bus number 23
[   11.631766][    T1] usb usb23: We don't know the algorithms for LPM for this host, disabling LPM.
[   11.633878][    T1] usb usb23: New USB device found, idVendor=1d6b, idProduct=0003, bcdDevice= 6.07
[   11.635163][    T1] usb usb23: New USB device strings: Mfr=3, Product=2, SerialNumber=1
[   11.636284][    T1] usb usb23: Product: USB/IP Virtual Host Controller
[   11.637206][    T1] usb usb23: Manufacturer: Linux 6.7.0-rc5-00202-g06fce281369c-dirty vhci_hcd
[   11.638432][    T1] usb usb23: SerialNumber: vhci_hcd.10
[   11.642105][    T1] hub 23-0:1.0: USB hub found
[   11.642929][    T1] hub 23-0:1.0: 8 ports detected
[   11.652297][    T1] vhci_hcd vhci_hcd.11: USB/IP Virtual Host Controller
[   11.653981][    T1] vhci_hcd vhci_hcd.11: new USB bus registered, assigned bus number 24
[   11.655896][    T1] usb usb24: New USB device found, idVendor=1d6b, idProduct=0002, bcdDevice= 6.07
[   11.657134][    T1] usb usb24: New USB device strings: Mfr=3, Product=2, SerialNumber=1
[   11.658238][    T1] usb usb24: Product: USB/IP Virtual Host Controller
[   11.659133][    T1] usb usb24: Manufacturer: Linux 6.7.0-rc5-00202-g06fce281369c-dirty vhci_hcd
[   11.660301][    T1] usb usb24: SerialNumber: vhci_hcd.11
[   11.663858][    T1] hub 24-0:1.0: USB hub found
[   11.664666][    T1] hub 24-0:1.0: 8 ports detected
[   11.672069][    T1] vhci_hcd vhci_hcd.11: USB/IP Virtual Host Controller
[   11.674203][    T1] vhci_hcd vhci_hcd.11: new USB bus registered, assigned bus number 25
[   11.675602][    T1] usb usb25: We don't know the algorithms for LPM for this host, disabling LPM.
[   11.677490][    T1] usb usb25: New USB device found, idVendor=1d6b, idProduct=0003, bcdDevice= 6.07
[   11.678688][    T1] usb usb25: New USB device strings: Mfr=3, Product=2, SerialNumber=1
[   11.679775][    T1] usb usb25: Product: USB/IP Virtual Host Controller
[   11.680653][    T1] usb usb25: Manufacturer: Linux 6.7.0-rc5-00202-g06fce281369c-dirty vhci_hcd
[   11.681829][    T1] usb usb25: SerialNumber: vhci_hcd.11
[   11.685696][    T1] hub 25-0:1.0: USB hub found
[   11.686504][    T1] hub 25-0:1.0: 8 ports detected
[   11.696343][    T1] vhci_hcd vhci_hcd.12: USB/IP Virtual Host Controller
[   11.697979][    T1] vhci_hcd vhci_hcd.12: new USB bus registered, assigned bus number 26
[   11.699881][    T1] usb usb26: New USB device found, idVendor=1d6b, idProduct=0002, bcdDevice= 6.07
[   11.701118][    T1] usb usb26: New USB device strings: Mfr=3, Product=2, SerialNumber=1
[   11.702215][    T1] usb usb26: Product: USB/IP Virtual Host Controller
[   11.703101][    T1] usb usb26: Manufacturer: Linux 6.7.0-rc5-00202-g06fce281369c-dirty vhci_hcd
[   11.704320][    T1] usb usb26: SerialNumber: vhci_hcd.12
[   11.707749][    T1] hub 26-0:1.0: USB hub found
[   11.708576][    T1] hub 26-0:1.0: 8 ports detected
[   11.716319][    T1] vhci_hcd vhci_hcd.12: USB/IP Virtual Host Controller
[   11.718211][    T1] vhci_hcd vhci_hcd.12: new USB bus registered, assigned bus number 27
[   11.719630][    T1] usb usb27: We don't know the algorithms for LPM for this host, disabling LPM.
[   11.721542][    T1] usb usb27: New USB device found, idVendor=1d6b, idProduct=0003, bcdDevice= 6.07
[   11.722782][    T1] usb usb27: New USB device strings: Mfr=3, Product=2, SerialNumber=1
[   11.723895][    T1] usb usb27: Product: USB/IP Virtual Host Controller
[   11.724766][    T1] usb usb27: Manufacturer: Linux 6.7.0-rc5-00202-g06fce281369c-dirty vhci_hcd
[   11.725954][    T1] usb usb27: SerialNumber: vhci_hcd.12
[   11.729661][    T1] hub 27-0:1.0: USB hub found
[   11.730485][    T1] hub 27-0:1.0: 8 ports detected
[   11.741534][    T1] vhci_hcd vhci_hcd.13: USB/IP Virtual Host Controller
[   11.746299][    T1] vhci_hcd vhci_hcd.13: new USB bus registered, assigned bus number 28
[   11.748378][    T1] usb usb28: New USB device found, idVendor=1d6b, idProduct=0002, bcdDevice= 6.07
[   11.749625][    T1] usb usb28: New USB device strings: Mfr=3, Product=2, SerialNumber=1
[   11.750691][    T1] usb usb28: Product: USB/IP Virtual Host Controller
[   11.751579][    T1] usb usb28: Manufacturer: Linux 6.7.0-rc5-00202-g06fce281369c-dirty vhci_hcd
[   11.752727][    T1] usb usb28: SerialNumber: vhci_hcd.13
[   11.756164][    T1] hub 28-0:1.0: USB hub found
[   11.756972][    T1] hub 28-0:1.0: 8 ports detected
[   11.764301][    T1] vhci_hcd vhci_hcd.13: USB/IP Virtual Host Controller
[   11.766554][    T1] vhci_hcd vhci_hcd.13: new USB bus registered, assigned bus number 29
[   11.767969][    T1] usb usb29: We don't know the algorithms for LPM for this host, disabling LPM.
[   11.769898][    T1] usb usb29: New USB device found, idVendor=1d6b, idProduct=0003, bcdDevice= 6.07
[   11.771125][    T1] usb usb29: New USB device strings: Mfr=3, Product=2, SerialNumber=1
[   11.772217][    T1] usb usb29: Product: USB/IP Virtual Host Controller
[   11.773121][    T1] usb usb29: Manufacturer: Linux 6.7.0-rc5-00202-g06fce281369c-dirty vhci_hcd
[   11.774343][    T1] usb usb29: SerialNumber: vhci_hcd.13
[   11.777892][    T1] hub 29-0:1.0: USB hub found
[   11.778724][    T1] hub 29-0:1.0: 8 ports detected
[   11.788727][    T1] vhci_hcd vhci_hcd.14: USB/IP Virtual Host Controller
[   11.790379][    T1] vhci_hcd vhci_hcd.14: new USB bus registered, assigned bus number 30
[   11.792370][    T1] usb usb30: New USB device found, idVendor=1d6b, idProduct=0002, bcdDevice= 6.07
[   11.793696][    T1] usb usb30: New USB device strings: Mfr=3, Product=2, SerialNumber=1
[   11.794677][    T1] usb usb30: Product: USB/IP Virtual Host Controller
[   11.795473][    T1] usb usb30: Manufacturer: Linux 6.7.0-rc5-00202-g06fce281369c-dirty vhci_hcd
[   11.796456][    T1] usb usb30: SerialNumber: vhci_hcd.14
[   11.800259][    T1] hub 30-0:1.0: USB hub found
[   11.801036][    T1] hub 30-0:1.0: 8 ports detected
[   11.808798][    T1] vhci_hcd vhci_hcd.14: USB/IP Virtual Host Controller
[   11.810344][    T1] vhci_hcd vhci_hcd.14: new USB bus registered, assigned bus number 31
[   11.811666][    T1] usb usb31: We don't know the algorithms for LPM for this host, disabling LPM.
[   11.813468][    T1] usb usb31: New USB device found, idVendor=1d6b, idProduct=0003, bcdDevice= 6.07
[   11.814506][    T1] usb usb31: New USB device strings: Mfr=3, Product=2, SerialNumber=1
[   11.815420][    T1] usb usb31: Product: USB/IP Virtual Host Controller
[   11.816262][    T1] usb usb31: Manufacturer: Linux 6.7.0-rc5-00202-g06fce281369c-dirty vhci_hcd
[   11.817402][    T1] usb usb31: SerialNumber: vhci_hcd.14
[   11.821248][    T1] hub 31-0:1.0: USB hub found
[   11.822042][    T1] hub 31-0:1.0: 8 ports detected
[   11.832358][    T1] vhci_hcd vhci_hcd.15: USB/IP Virtual Host Controller
[   11.834244][    T1] vhci_hcd vhci_hcd.15: new USB bus registered, assigned bus number 32
[   11.836230][    T1] usb usb32: New USB device found, idVendor=1d6b, idProduct=0002, bcdDevice= 6.07
[   11.837301][    T1] usb usb32: New USB device strings: Mfr=3, Product=2, SerialNumber=1
[   11.838322][    T1] usb usb32: Product: USB/IP Virtual Host Controller
[   11.839123][    T1] usb usb32: Manufacturer: Linux 6.7.0-rc5-00202-g06fce281369c-dirty vhci_hcd
[   11.840162][    T1] usb usb32: SerialNumber: vhci_hcd.15
[   11.843093][    T1] hub 32-0:1.0: USB hub found
[   11.843834][    T1] hub 32-0:1.0: 8 ports detected
[   11.851412][    T1] vhci_hcd vhci_hcd.15: USB/IP Virtual Host Controller
[   11.852884][    T1] vhci_hcd vhci_hcd.15: new USB bus registered, assigned bus number 33
[   11.854210][    T1] usb usb33: We don't know the algorithms for LPM for this host, disabling LPM.
[   11.855932][    T1] usb usb33: New USB device found, idVendor=1d6b, idProduct=0003, bcdDevice= 6.07
[   11.856971][    T1] usb usb33: New USB device strings: Mfr=3, Product=2, SerialNumber=1
[   11.857884][    T1] usb usb33: Product: USB/IP Virtual Host Controller
[   11.858637][    T1] usb usb33: Manufacturer: Linux 6.7.0-rc5-00202-g06fce281369c-dirty vhci_hcd
[   11.859623][    T1] usb usb33: SerialNumber: vhci_hcd.15
[   11.862572][    T1] hub 33-0:1.0: USB hub found
[   11.863365][    T1] hub 33-0:1.0: 8 ports detected
[   11.874395][    T1] usbcore: registered new device driver usbip-host
[   11.877775][    T1] i8042: PNP: PS/2 Controller [PNP0303:KBD,PNP0f13:MOU] at 0x60,0x64 irq 1,12
[   11.882109][    T1] serio: i8042 KBD port at 0x60,0x64 irq 1
[   11.884001][    T1] serio: i8042 AUX port at 0x60,0x64 irq 12
[   11.887209][    T1] mousedev: PS/2 mouse device common for all mice
[   11.889506][    T1] usbcore: registered new interface driver appletouch
[   11.890536][    T1] usbcore: registered new interface driver bcm5974
[   11.891779][    T1] usbcore: registered new interface driver synaptics_usb
[   11.892729][    T1] usbcore: registered new interface driver iforce
[   11.894578][    T1] usbcore: registered new interface driver xpad
[   11.894903][   T27] input: AT Translated Set 2 keyboard as /devices/platform/i8042/serio0/input/input1
[   11.895456][    T1] usbcore: registered new interface driver usb_acecad
[   11.897306][    T1] usbcore: registered new interface driver aiptek
[   11.898194][    T1] usbcore: registered new interface driver hanwang
[   11.899089][    T1] usbcore: registered new interface driver kbtab
[   11.900068][    T1] usbcore: registered new interface driver pegasus_notetaker
[   11.901307][    T1] usbcore: registered new interface driver usbtouchscreen
[   11.902513][    T1] usbcore: registered new interface driver sur40
[   11.906769][    T1] usbcore: registered new interface driver ati_remote2
[   11.907753][    T1] cm109: Keymap for Komunikate KIP1000 phone loaded
[   11.909085][    T1] usbcore: registered new interface driver cm109
[   11.910010][    T1] cm109: CM109 phone driver: 20080805 (C) Alfred E. Heggestad
[   11.911126][    T1] usbcore: registered new interface driver ims_pcu
[   11.912174][    T1] usbcore: registered new interface driver keyspan_remote
[   11.913262][    T1] usbcore: registered new interface driver powermate
[   11.917173][    T1] usbcore: registered new interface driver yealink
[   11.918808][    T1] rtc_cmos 00:05: RTC can wake from S4
[   11.924162][    T1] rtc_cmos 00:05: registered as rtc0
[   11.924853][    T1] rtc_cmos 00:05: alarms up to one day, y3k, 242 bytes nvram, hpet irqs
[   11.926276][    T1] i2c_dev: i2c /dev entries driver
[   11.927396][    T1] usbcore: registered new interface driver i2c-diolan-u2c
[   11.928505][    T1] usbcore: registered new interface driver RobotFuzz Open Source InterFace, OSIF
[   11.930801][    T1] usbcore: registered new interface driver i2c-tiny-usb
[   11.936548][    T1] usbcore: registered new interface driver igorplugusb
[   11.937573][    T1] usbcore: registered new interface driver iguanair
[   11.939840][    T1] usbcore: registered new interface driver imon
[   11.940816][    T1] usbcore: registered new interface driver mceusb
[   11.941810][    T1] usbcore: registered new interface driver redrat3
[   11.942836][    T1] usbcore: registered new interface driver streamzap
[   11.943903][    T1] usbcore: registered new interface driver ttusbir
[   11.944945][    T1] usbcore: registered new interface driver ati_remote
[   11.946144][    T1] b2c2-flexcop: B2C2 FlexcopII/II(b)/III digital TV receiver chip loaded successfully
[   11.947671][    T1] usbcore: registered new interface driver b2c2_flexcop_usb
[   11.948774][    T1] usbcore: registered new interface driver dvb_usb_vp7045
[   11.949887][    T1] usbcore: registered new interface driver dvb_usb_vp702x
[   11.950973][    T1] usbcore: registered new interface driver dvb_usb_gp8psk
[   11.952100][    T1] usbcore: registered new interface driver dvb_usb_dtt200u
[   11.953240][    T1] usbcore: registered new interface driver dvb_usb_a800
[   11.957493][    T1] usbcore: registered new interface driver dvb_usb_dibusb_mb
[   11.958625][    T1] usbcore: registered new interface driver dvb_usb_dibusb_mc
[   11.959760][    T1] usbcore: registered new interface driver dvb_usb_nova_t_usb2
[   11.960896][    T1] usbcore: registered new interface driver dvb_usb_umt_010
[   11.962033][    T1] usbcore: registered new interface driver dvb_usb_m920x
[   11.963149][    T1] usbcore: registered new interface driver dvb_usb_digitv
[   11.964302][    T1] usbcore: registered new interface driver dvb_usb_cxusb
[   11.965404][    T1] usbcore: registered new interface driver dvb_usb_ttusb2
[   11.966581][    T1] usbcore: registered new interface driver dvb_usb_dib0700
[   11.967681][    T1] usbcore: registered new interface driver opera1
[   11.968698][    T1] usbcore: registered new interface driver dvb_usb_af9005
[   11.969651][    T1] failing symbol_get of non-GPLONLY symbol af9005_rc_decode.
[   11.971577][    T1] failing symbol_get of non-GPLONLY symbol af9005_rc_decode.
[   11.972530][    T1] failing symbol_get of non-GPLONLY symbol rc_map_af9005_table.
[   11.974295][    T1] failing symbol_get of non-GPLONLY symbol rc_map_af9005_table.
[   11.975159][    T1] failing symbol_get of non-GPLONLY symbol rc_map_af9005_table_size.
[   11.976635][    T1] failing symbol_get of non-GPLONLY symbol rc_map_af9005_table_size.
[   11.977633][    T1] af9005: af9005_rc_decode function not found, disabling remote
[   11.978847][    T1] usbcore: registered new interface driver pctv452e
[   11.979863][    T1] usbcore: registered new interface driver dw2102
[   11.980884][    T1] usbcore: registered new interface driver dvb_usb_dtv5100
[   11.981869][    T1] usbcore: registered new interface driver cinergyT2
[   11.982771][    T1] usbcore: registered new interface driver dvb_usb_az6027
[   11.983750][    T1] usbcore: registered new interface driver dvb_usb_technisat_usb2
[   11.984790][    T1] usbcore: registered new interface driver dvb_usb_af9015
[   11.985868][    T1] usbcore: registered new interface driver dvb_usb_af9035
[   11.986941][    T1] usbcore: registered new interface driver dvb_usb_anysee
[   11.987910][    T1] usbcore: registered new interface driver dvb_usb_au6610
[   11.988837][    T1] usbcore: registered new interface driver dvb_usb_az6007
[   11.989767][    T1] usbcore: registered new interface driver dvb_usb_ce6230
[   11.990710][    T1] usbcore: registered new interface driver dvb_usb_ec168
[   11.991644][    T1] usbcore: registered new interface driver dvb_usb_lmedm04
[   11.992624][    T1] usbcore: registered new interface driver dvb_usb_gl861
[   11.993694][    T1] usbcore: registered new interface driver dvb_usb_mxl111sf
[   11.994699][    T1] usbcore: registered new interface driver dvb_usb_rtl28xxu
[   11.995665][    T1] usbcore: registered new interface driver dvb_usb_dvbsky
[   11.996582][    T1] usbcore: registered new interface driver zd1301
[   11.997477][    T1] usbcore: registered new interface driver s2255
[   11.998364][    T1] usbcore: registered new interface driver smsusb
[   11.999230][    T1] usbcore: registered new interface driver ttusb
[   12.000090][    T1] usbcore: registered new interface driver ttusb-dec
[   12.000999][    T1] usbcore: registered new interface driver Abilis Systems as10x usb driver
[   12.002120][    T1] usbcore: registered new interface driver airspy
[   12.002836][    T1] gspca_main: v2.14.0 registered
[   12.003572][    T1] usbcore: registered new interface driver benq
[   12.004424][    T1] usbcore: registered new interface driver conex
[   12.005284][    T1] usbcore: registered new interface driver cpia1
[   12.006141][    T1] usbcore: registered new interface driver dtcs033
[   12.007015][    T1] usbcore: registered new interface driver etoms
[   12.007889][    T1] usbcore: registered new interface driver finepix
[   12.008766][    T1] usbcore: registered new interface driver jeilinj
[   12.009652][    T1] usbcore: registered new interface driver jl2005bcd
[   12.010543][    T1] usbcore: registered new interface driver kinect
[   12.011408][    T1] usbcore: registered new interface driver konica
[   12.012269][    T1] usbcore: registered new interface driver mars
[   12.013120][    T1] usbcore: registered new interface driver mr97310a
[   12.014032][    T1] usbcore: registered new interface driver nw80x
[   12.014914][    T1] usbcore: registered new interface driver ov519
[   12.015765][    T1] usbcore: registered new interface driver ov534
[   12.016621][    T1] usbcore: registered new interface driver ov534_9
[   12.017718][    T1] usbcore: registered new interface driver pac207
[   12.018596][    T1] usbcore: registered new interface driver gspca_pac7302
[   12.019542][    T1] usbcore: registered new interface driver pac7311
[   12.020427][    T1] usbcore: registered new interface driver se401
[   12.021311][    T1] usbcore: registered new interface driver sn9c2028
[   12.022236][    T1] usbcore: registered new interface driver gspca_sn9c20x
[   12.023194][    T1] usbcore: registered new interface driver sonixb
[   12.024108][    T1] usbcore: registered new interface driver sonixj
[   12.024998][    T1] usbcore: registered new interface driver spca500
[   12.025887][    T1] usbcore: registered new interface driver spca501
[   12.026768][    T1] usbcore: registered new interface driver spca505
[   12.027653][    T1] usbcore: registered new interface driver spca506
[   12.028526][    T1] usbcore: registered new interface driver spca508
[   12.029422][    T1] usbcore: registered new interface driver spca561
[   12.030301][    T1] usbcore: registered new interface driver spca1528
[   12.031184][    T1] usbcore: registered new interface driver sq905
[   12.032051][    T1] usbcore: registered new interface driver sq905c
[   12.032916][    T1] usbcore: registered new interface driver sq930x
[   12.033852][    T1] usbcore: registered new interface driver sunplus
[   12.034731][    T1] usbcore: registered new interface driver stk014
[   12.035595][    T1] usbcore: registered new interface driver stk1135
[   12.036494][    T1] usbcore: registered new interface driver stv0680
[   12.037422][    T1] usbcore: registered new interface driver t613
[   12.038299][    T1] usbcore: registered new interface driver gspca_topro
[   12.039255][    T1] usbcore: registered new interface driver touptek
[   12.040142][    T1] usbcore: registered new interface driver tv8532
[   12.041048][    T1] usbcore: registered new interface driver vc032x
[   12.041968][    T1] usbcore: registered new interface driver vicam
[   12.042834][    T1] usbcore: registered new interface driver xirlink-cit
[   12.043818][    T1] usbcore: registered new interface driver gspca_zc3xx
[   12.044736][    T1] usbcore: registered new interface driver ALi m5602
[   12.045656][    T1] usbcore: registered new interface driver STV06xx
[   12.046558][    T1] usbcore: registered new interface driver gspca_gl860
[   12.047541][    T1] usbcore: registered new interface driver hackrf
[   12.048435][    T1] usbcore: registered new interface driver msi2500
[   12.049365][    T1] usbcore: registered new interface driver Philips webcam
[   12.050810][    T1] usbcore: registered new interface driver uvcvideo
[   12.051555][    T1] au0828: au0828 driver loaded
[   12.052278][    T1] usbcore: registered new interface driver au0828
[   12.053175][    T1] usbcore: registered new interface driver cx231xx
[   12.054240][    T1] usbcore: registered new interface driver em28xx
[   12.054982][    T1] em28xx: Registered (Em28xx v4l2 Extension) extension
[   12.055761][    T1] em28xx: Registered (Em28xx Audio Extension) extension
[   12.056547][    T1] em28xx: Registered (Em28xx dvb Extension) extension
[   12.057311][    T1] em28xx: Registered (Em28xx Input Extension) extension
[   12.058262][    T1] usbcore: registered new interface driver go7007
[   12.059130][    T1] usbcore: registered new interface driver go7007-loader
[   12.060173][    T1] usbcore: registered new interface driver hdpvr
[   12.061410][    T1] usbcore: registered new interface driver pvrusb2
[   12.062171][    T1] pvrusb2: V4L in-tree version:Hauppauge WinTV-PVR-USB2 MPEG2 Encoder/Tuner
[   12.063192][    T1] pvrusb2: Debug mask is 31 (0x1f)
[   12.064081][    T1] usbcore: registered new interface driver stk1160
[   12.065096][    T1] usbcore: registered new interface driver usbtv
[   12.068781][    T1] dvbdev: DVB: registering new adapter (dvb_vidtv_bridge)
[   12.072556][    T1] i2c i2c-0: DVB: registering adapter 0 frontend 0 (Dummy demod for DVB-T/T2/C/S/S2)...
[   12.075150][    T1] dvbdev: dvb_create_media_entity: media entity 'Dummy demod for DVB-T/T2/C/S/S2' registered.
[   12.086574][    T1] dvbdev: dvb_create_media_entity: media entity 'dvb-demux' registered.
[   12.093666][    T1] vidtv vidtv.0: Successfully initialized vidtv!
[   12.096161][    T1] vicodec vicodec.0: Device 'stateful-encoder' registered as /dev/video0
[   12.097813][    T1] vicodec vicodec.0: Device 'stateful-decoder' registered as /dev/video1
[   12.099490][    T1] vicodec vicodec.0: Device 'stateless-decoder' registered as /dev/video2
[   12.102237][    T1] vim2m vim2m.0: Device registered as /dev/video0
[   12.121760][    T1] vivid-000: using single planar format API
[   12.135458][    T1] vivid-000: CEC adapter cec0 registered for HDMI input 0
[   12.136943][    T1] vivid-000: V4L2 capture device registered as video7
[   12.138530][    T1] vivid-000: CEC adapter cec1 registered for HDMI output 0
[   12.139954][    T1] vivid-000: V4L2 output device registered as video8
[   12.141329][    T1] vivid-000: V4L2 capture device registered as vbi0, supports raw and sliced VBI
[   12.142981][    T1] vivid-000: V4L2 output device registered as vbi1, supports raw and sliced VBI
[   12.145002][    T1] vivid-000: V4L2 capture device registered as swradio0
[   12.146389][    T1] vivid-000: V4L2 receiver device registered as radio0
[   12.147767][    T1] vivid-000: V4L2 transmitter device registered as radio1
[   12.149178][    T1] vivid-000: V4L2 metadata capture device registered as video9
[   12.150654][    T1] vivid-000: V4L2 metadata output device registered as video10
[   12.152278][    T1] vivid-000: V4L2 touch capture device registered as v4l-touch0
[   12.154754][    T1] usbcore: registered new interface driver radioshark2
[   12.155860][    T1] usbcore: registered new interface driver radioshark
[   12.156966][    T1] usbcore: registered new interface driver radio-si470x
[   12.158108][    T1] usbcore: registered new interface driver radio-usb-si4713
[   12.159162][    T1] usbcore: registered new interface driver dsbr100
[   12.160145][    T1] usbcore: registered new interface driver radio-keene
[   12.161123][    T1] usbcore: registered new interface driver radio-ma901
[   12.162084][    T1] usbcore: registered new interface driver radio-mr800
[   12.163050][    T1] usbcore: registered new interface driver radio-raremono
[   12.164988][    T1] usbcore: registered new interface driver pcwd_usb
[   12.177954][    T1] device-mapper: core: CONFIG_IMA_DISABLE_HTABLE is disabled. Duplicate IMA measurements will not be recorded in the IMA log.
[   12.179520][    T1] device-mapper: uevent: version 1.0.3
[   12.181398][    T1] device-mapper: ioctl: 4.48.0-ioctl (2023-03-01) initialised: dm-devel@redhat.com
[   12.183536][    T1] device-mapper: multipath round-robin: version 1.2.0 loaded
[   12.184417][    T1] device-mapper: multipath queue-length: version 0.2.0 loaded
[   12.185293][    T1] device-mapper: multipath service-time: version 0.3.0 loaded
[   12.186895][    T1] Bluetooth: HCI UART driver ver 2.3
[   12.187498][    T1] Bluetooth: HCI UART protocol H4 registered
[   12.188205][    T1] Bluetooth: HCI UART protocol BCSP registered
[   12.189124][    T1] Bluetooth: HCI UART protocol LL registered
[   12.189973][    T1] Bluetooth: HCI UART protocol Three-wire (H5) registered
[   12.190910][    T1] Bluetooth: HCI UART protocol QCA registered
[   12.191587][    T1] Bluetooth: HCI UART protocol AG6XX registered
[   12.192382][    T1] Bluetooth: HCI UART protocol Marvell registered
[   12.194245][    T1] usbcore: registered new interface driver bcm203x
[   12.195372][    T1] usbcore: registered new interface driver bpa10x
[   12.196482][    T1] usbcore: registered new interface driver bfusb
[   12.197616][    T1] usbcore: registered new interface driver btusb
[   12.198751][    T1] usbcore: registered new interface driver ath3k
[   12.200423][    T1] CAPI 2.0 started up with major 68 (middleware)
[   12.201371][    T1] Modular ISDN core version 1.1.29
[   12.202662][    T1] NET: Registered PF_ISDN protocol family
[   12.205385][    T1] DSP module 2.0
[   12.205915][    T1] mISDN_dsp: DSP clocks every 80 samples. This equals 1 jiffies.
[   12.217089][    T1] mISDN: Layer-1-over-IP driver Rev. 2.00
[   12.218479][    T1] 0 virtual devices registered
[   12.219349][    T1] usbcore: registered new interface driver HFC-S_USB
[   12.220324][    T1] VUB300 Driver rom wait states = 1C irqpoll timeout = 0400
[   12.221151][    T1] usbcore: registered new interface driver vub300
[   12.222855][    T1] usbcore: registered new interface driver ushc
[   12.227756][    T1] iscsi: registered transport (iser)
[   12.229090][    T1] SoftiWARP attached
[   12.237454][    T1] hid: raw HID events driver (C) Jiri Kosina
[   12.256895][    T1] usbcore: registered new interface driver usbhid
[   12.257666][    T1] usbhid: USB HID core driver
[   12.260179][    T1] usbcore: registered new interface driver es2_ap_driver
[   12.260991][    T1] comedi: version 0.7.76 - http://www.comedi.org
[   12.262192][    T1] usbcore: registered new interface driver dt9812
[   12.263068][    T1] usbcore: registered new interface driver ni6501
[   12.265157][    T1] usbcore: registered new interface driver usbdux
[   12.266041][    T1] usbcore: registered new interface driver usbduxfast
[   12.266953][    T1] usbcore: registered new interface driver usbduxsigma
[   12.267877][    T1] usbcore: registered new interface driver vmk80xx
[   12.268801][    T1] usbcore: registered new interface driver prism2_usb
[   12.270049][    T1] usbcore: registered new interface driver r8712u
[   12.270960][    T1] greybus: registered new driver hid
[   12.271849][    T1] greybus: registered new driver gbphy
[   12.272641][    T1] gb_gbphy: registered new driver usb
[   12.274023][    T1] asus_wmi: ASUS WMI generic driver loaded
[   12.366336][    T1] usbcore: registered new interface driver snd-usb-audio
[   12.367398][    T1] usbcore: registered new interface driver snd-ua101
[   12.368440][    T1] usbcore: registered new interface driver snd-usb-usx2y
[   12.369531][    T1] usbcore: registered new interface driver snd-usb-us122l
[   12.370606][    T1] usbcore: registered new interface driver snd-usb-caiaq
[   12.371586][    T1] usbcore: registered new interface driver snd-usb-6fire
[   12.372626][    T1] usbcore: registered new interface driver snd-usb-hiface
[   12.374417][    T1] usbcore: registered new interface driver snd-bcd2000
[   12.375498][    T1] usbcore: registered new interface driver snd_usb_pod
[   12.376548][    T1] usbcore: registered new interface driver snd_usb_podhd
[   12.377631][    T1] usbcore: registered new interface driver snd_usb_toneport
[   12.378692][    T1] usbcore: registered new interface driver snd_usb_variax
[   12.379779][    T1] drop_monitor: Initializing network drop monitor service
[   12.381070][    T1] NET: Registered PF_LLC protocol family
[   12.381997][    T1] GACT probability on
[   12.382566][    T1] Mirror/redirect action on
[   12.383427][    T1] Simple TC action Loaded
[   12.386208][    T1] netem: version 1.3
[   12.386767][    T1] u32 classifier
[   12.387196][    T1]     Performance counters on
[   12.387782][    T1]     input device check on
[   12.388337][    T1]     Actions configured
[   12.393180][    T1] xt_time: kernel timezone is -0000
[   12.394005][    T1] IPVS: Registered protocols (TCP, UDP, SCTP, AH, ESP)
[   12.394844][    T1] IPVS: Connection hash table configured (size=4096, memory=32Kbytes)
[   12.396418][    T1] IPVS: ipvs loaded.
[   12.396911][    T1] IPVS: [rr] scheduler registered.
[   12.397554][    T1] IPVS: [wrr] scheduler registered.
[   12.398204][    T1] IPVS: [lc] scheduler registered.
[   12.398822][    T1] IPVS: [wlc] scheduler registered.
[   12.399467][    T1] IPVS: [fo] scheduler registered.
[   12.400064][    T1] IPVS: [ovf] scheduler registered.
[   12.400662][    T1] IPVS: [lblc] scheduler registered.
[   12.401282][    T1] IPVS: [lblcr] scheduler registered.
[   12.401901][    T1] IPVS: [dh] scheduler registered.
[   12.402489][    T1] IPVS: [sh] scheduler registered.
[   12.403076][    T1] IPVS: [mh] scheduler registered.
[   12.403693][    T1] IPVS: [sed] scheduler registered.
[   12.404275][    T1] IPVS: [nq] scheduler registered.
[   12.404843][    T1] IPVS: [twos] scheduler registered.
[   12.405619][    T1] IPVS: [sip] pe registered.
[   12.406262][    T1] ipip: IPv4 and MPLS over IPv4 tunneling driver
[   12.409315][    T1] gre: GRE over IPv4 demultiplexor driver
[   12.409968][    T1] ip_gre: GRE over IPv4 tunneling driver
[   12.417024][    T1] IPv4 over IPsec tunneling driver
