bash: warning: setlocale: LC_ALL: cannot change locale (en_US.UTF-8)
c[?7l[2J[0mSeaBIOS (version 1.16.2-debian-1.16.2-1)


iPXE (http://ipxe.org) 00:03.0 CA00 PCI2.10 PnP PMM+BEFCEF00+BEF0EF00 CA00
Press Ctrl-B to configure iPXE (PCI 00:03.0)...                                                                               


Booting from ROM...
c[?7l[2JNo EFI environment detected.
early console in extract_kernel
input_data: 0x0000000004bea3a8
input_len: 0x0000000001990551
output: 0x0000000001000000
output_len: 0x0000000005505378
kernel_total_size: 0x0000000005230000
needed_size: 0x0000000005600000
trampoline_32bit: 0x000000000009d000


KASLR disabled: 'nokaslr' on cmdline.


Decompressing Linux... Parsing ELF... No relocation needed... done.
Booting the kernel (entry_offset: 0x0000000000000000).
[    0.000000] Linux version 6.4.0-04322-gc451410ca7e3-dirty (root@buildkitsandbox) (gcc (Debian 12.2.0-14+deb12u1) 12.2.0, GNU ld (GNU Binutils for Debian) 2.40) #1 SMP PREEMPT_DYNAMIC Fri May  8 12:11:59 UTC 2026
[    0.000000] Command line: console=ttyS0 oops=panic panic=-1 nokaslr earlyprintk=serial
[    0.000000] BIOS-provided physical RAM map:
[    0.000000] BIOS-e820: [mem 0x0000000000000000-0x000000000009fbff] usable
[    0.000000] BIOS-e820: [mem 0x000000000009fc00-0x000000000009ffff] reserved
[    0.000000] BIOS-e820: [mem 0x00000000000f0000-0x00000000000fffff] reserved
[    0.000000] BIOS-e820: [mem 0x0000000000100000-0x00000000bffdffff] usable
[    0.000000] BIOS-e820: [mem 0x00000000bffe0000-0x00000000bfffffff] reserved
[    0.000000] BIOS-e820: [mem 0x00000000feffc000-0x00000000feffffff] reserved
[    0.000000] BIOS-e820: [mem 0x00000000fffc0000-0x00000000ffffffff] reserved
[    0.000000] BIOS-e820: [mem 0x0000000100000000-0x000000013fffffff] usable
[    0.000000] printk: bootconsole [earlyser0] enabled
[    0.000000] NX (Execute Disable) protection: active
[    0.000000] SMBIOS 2.8 present.
[    0.000000] DMI: QEMU Standard PC (i440FX + PIIX, 1996), BIOS 1.16.2-debian-1.16.2-1 04/01/2014
[    0.000000] Hypervisor detected: KVM
[    0.000000] kvm-clock: Using msrs 4b564d01 and 4b564d00
[    0.000002] kvm-clock: using sched offset of 439137300 cycles
[    0.001352] clocksource: kvm-clock: mask: 0xffffffffffffffff max_cycles: 0x1cd42e4dffb, max_idle_ns: 881590591483 ns
[    0.007151] tsc: Detected 2995.200 MHz processor
[    0.008807] last_pfn = 0x140000 max_arch_pfn = 0x400000000
[    0.010482] MTRR map: 4 entries (3 fixed + 1 variable; max 19), built from 8 variable MTRRs
[    0.012144] x86/PAT: Configuration [0-7]: WB  WC  UC- UC  WB  WP  UC- WT  
[    0.013926] last_pfn = 0xbffe0 max_arch_pfn = 0x400000000
[    0.020800] found SMP MP-table at [mem 0x000f5ba0-0x000f5baf]
[    0.022430] Using GB pages for direct mapping
[    0.023610] Incomplete global flushes, disabling PCID
[    0.024349] RAMDISK: [mem 0xbfe8d000-0xbffdffff]
[    0.026830] ACPI: Early table checksum verification disabled
[    0.028906] ACPI: RSDP 0x00000000000F59B0 000014 (v00 BOCHS )
[    0.030651] ACPI: RSDT 0x00000000BFFE1BEF 000034 (v01 BOCHS  BXPC     00000001 BXPC 00000001)
[    0.033716] ACPI: FACP 0x00000000BFFE1A8B 000074 (v01 BOCHS  BXPC     00000001 BXPC 00000001)
[    0.037082] ACPI: DSDT 0x00000000BFFE0040 001A4B (v01 BOCHS  BXPC     00000001 BXPC 00000001)
[    0.043130] ACPI: FACS 0x00000000BFFE0000 000040
[    0.045936] ACPI: APIC 0x00000000BFFE1AFF 000090 (v01 BOCHS  BXPC     00000001 BXPC 00000001)
[    0.048207] ACPI: HPET 0x00000000BFFE1B8F 000038 (v01 BOCHS  BXPC     00000001 BXPC 00000001)
[    0.050503] ACPI: WAET 0x00000000BFFE1BC7 000028 (v01 BOCHS  BXPC     00000001 BXPC 00000001)
[    0.053631] ACPI: Reserving FACP table memory at [mem 0xbffe1a8b-0xbffe1afe]
[    0.056154] ACPI: Reserving DSDT table memory at [mem 0xbffe0040-0xbffe1a8a]
[    0.058947] ACPI: Reserving FACS table memory at [mem 0xbffe0000-0xbffe003f]
[    0.060993] ACPI: Reserving APIC table memory at [mem 0xbffe1aff-0xbffe1b8e]
[    0.063064] ACPI: Reserving HPET table memory at [mem 0xbffe1b8f-0xbffe1bc6]
[    0.064717] ACPI: Reserving WAET table memory at [mem 0xbffe1bc7-0xbffe1bee]
[    0.067071] No NUMA configuration found
[    0.068520] Faking a node at [mem 0x0000000000000000-0x000000013fffffff]
[    0.070825] NODE_DATA(0) allocated [mem 0x13fffa000-0x13fffdfff]
[    0.072964] Zone ranges:
[    0.075110]   DMA      [mem 0x0000000000001000-0x0000000000ffffff]
[    0.077729]   DMA32    [mem 0x0000000001000000-0x00000000ffffffff]
[    0.079388]   Normal   [mem 0x0000000100000000-0x000000013fffffff]
[    0.081026] Movable zone start for each node
[    0.082226] Early memory node ranges
[    0.083147]   node   0: [mem 0x0000000000001000-0x000000000009efff]
[    0.084796]   node   0: [mem 0x0000000000100000-0x00000000bffdffff]
[    0.086506]   node   0: [mem 0x0000000100000000-0x000000013fffffff]
[    0.088533] Initmem setup node 0 [mem 0x0000000000001000-0x000000013fffffff]
[    0.091017] On node 0, zone DMA: 1 pages in unavailable ranges
[    0.091063] On node 0, zone DMA: 97 pages in unavailable ranges
[    0.123078] On node 0, zone Normal: 32 pages in unavailable ranges
[    0.304160] kasan: KernelAddressSanitizer initialized
[    0.307773] ACPI: PM-Timer IO Port: 0x608
[    0.309181] ACPI: LAPIC_NMI (acpi_id[0xff] dfl dfl lint[0x1])
[    0.311325] IOAPIC[0]: apic_id 0, version 17, address 0xfec00000, GSI 0-23
[    0.314026] ACPI: INT_SRC_OVR (bus 0 bus_irq 0 global_irq 2 dfl dfl)
[    0.317606] ACPI: INT_SRC_OVR (bus 0 bus_irq 5 global_irq 5 high level)
[    0.319333] ACPI: INT_SRC_OVR (bus 0 bus_irq 9 global_irq 9 high level)
[    0.321156] ACPI: INT_SRC_OVR (bus 0 bus_irq 10 global_irq 10 high level)
[    0.323049] ACPI: INT_SRC_OVR (bus 0 bus_irq 11 global_irq 11 high level)
[    0.325133] ACPI: Using ACPI (MADT) for SMP configuration information
[    0.326996] ACPI: HPET id: 0x8086a201 base: 0xfed00000
[    0.328834] TSC deadline timer available
[    0.330162] smpboot: Allowing 4 CPUs, 0 hotplug CPUs
[    0.333127] kvm-guest: KVM setup pv remote TLB flush
[    0.336608] kvm-guest: setup PV sched yield
[    0.338893] PM: hibernation: Registered nosave memory: [mem 0x00000000-0x00000fff]
[    0.341049] PM: hibernation: Registered nosave memory: [mem 0x0009f000-0x0009ffff]
[    0.343471] PM: hibernation: Registered nosave memory: [mem 0x000a0000-0x000effff]
[    0.346026] PM: hibernation: Registered nosave memory: [mem 0x000f0000-0x000fffff]
[    0.348384] PM: hibernation: Registered nosave memory: [mem 0xbffe0000-0xbfffffff]
[    0.352085] PM: hibernation: Registered nosave memory: [mem 0xc0000000-0xfeffbfff]
[    0.354198] PM: hibernation: Registered nosave memory: [mem 0xfeffc000-0xfeffffff]
[    0.356671] PM: hibernation: Registered nosave memory: [mem 0xff000000-0xfffbffff]
[    0.359419] PM: hibernation: Registered nosave memory: [mem 0xfffc0000-0xffffffff]
[    0.361803] [mem 0xc0000000-0xfeffbfff] available for PCI devices
[    0.363544] Booting paravirtualized kernel on KVM
[    0.364947] clocksource: refined-jiffies: mask: 0xffffffff max_cycles: 0xffffffff, max_idle_ns: 1910969940391419 ns
[    0.382240] setup_percpu: NR_CPUS:64 nr_cpumask_bits:4 nr_cpu_ids:4 nr_node_ids:1
[    0.387808] percpu: Embedded 66 pages/cpu s232104 r8192 d30040 u524288
[    0.389797] Kernel command line: console=ttyS0 oops=panic panic=-1 nokaslr earlyprintk=serial
[    0.392413] Unknown kernel command line parameters "nokaslr", will be passed to user space.
[    0.395007] random: crng init done
[    0.397385] Dentry cache hash table entries: 524288 (order: 10, 4194304 bytes, linear)
[    0.400230] Inode-cache hash table entries: 262144 (order: 9, 2097152 bytes, linear)
[    0.402632] Fallback order for Node 0: 0 
[    0.402639] Built 1 zonelists, mobility grouping on.  Total pages: 1031904
[    0.404899] Policy zone: Normal
[    0.405632] mem auto-init: stack:all(zero), heap alloc:off, heap free:off
[    0.407180] stackdepot: allocating hash table via alloc_large_system_hash
[    0.411435] stackdepot hash table entries: 1048576 (order: 11, 8388608 bytes, linear)
[    0.413552] software IO TLB: area num 4.
[    0.484077] Memory: 3425196K/4193784K available (49152K kernel code, 7932K rwdata, 10028K rodata, 5616K init, 3052K bss, 768332K reserved, 0K cma-reserved)
[    0.487953] SLUB: HWalign=64, Order=0-3, MinObjects=0, CPUs=4, Nodes=1
Poking KASLR using RDRAND RDTSC...
[    0.492294] Dynamic Preempt: voluntary
[    0.494711] rcu: Preemptible hierarchical RCU implementation.
[    0.496066] rcu: 	RCU event tracing is enabled.
[    0.497113] rcu: 	RCU restricting CPUs from NR_CPUS=64 to nr_cpu_ids=4.
[    0.498675] 	Trampoline variant of Tasks RCU enabled.
[    0.499886] rcu: RCU calculated value of scheduler-enlistment delay is 100 jiffies.
[    0.501698] rcu: Adjusting geometry for rcu_fanout_leaf=16, nr_cpu_ids=4
[    0.515521] NR_IRQS: 4352, nr_irqs: 456, preallocated irqs: 16
[    0.517284] rcu: srcu_init: Setting srcu_struct sizes based on contention.
[    0.526358] Console: colour VGA+ 80x25
[    0.527211] printk: console [ttyS0] enabled
[    0.527211] printk: console [ttyS0] enabled
[    0.529163] printk: bootconsole [earlyser0] disabled
[    0.529163] printk: bootconsole [earlyser0] disabled
[    0.531339] ACPI: Core revision 20230331
[    0.532419] clocksource: hpet: mask: 0xffffffff max_cycles: 0xffffffff, max_idle_ns: 19112604467 ns
[    0.534582] APIC: Switch to symmetric I/O mode setup
[    0.535746] kvm-guest: setup PV IPIs
[    0.538773] ..TIMER: vector=0x30 apic1=0 pin1=2 apic2=-1 pin2=-1
[    0.540502] clocksource: tsc-early: mask: 0xffffffffffffffff max_cycles: 0x2b2c8ec87c7, max_idle_ns: 440795278598 ns
[    0.543537] Calibrating delay loop (skipped) preset value.. 5990.40 BogoMIPS (lpj=2995200)
[    0.545970] x86/cpu: User Mode Instruction Prevention (UMIP) activated
[    0.547795] Last level iTLB entries: 4KB 0, 2MB 0, 4MB 0
[    0.548531] Last level dTLB entries: 4KB 0, 2MB 0, 4MB 0, 1GB 0
[    0.548555] Spectre V1 : Mitigation: usercopy/swapgs barriers and __user pointer sanitization
[    0.549541] Spectre V2 : Mitigation: Enhanced / Automatic IBRS
[    0.550534] Spectre V2 : Spectre v2 / SpectreRSB mitigation: Filling RSB on context switch
[    0.551536] Spectre V2 : Spectre v2 / PBRSB-eIBRS: Retire a single CALL on VMEXIT
[    0.552537] RETBleed: Mitigation: Enhanced IBRS
[    0.553539] Spectre V2 : mitigation: Enabling conditional Indirect Branch Prediction Barrier
[    0.554535] Speculative Store Bypass: Mitigation: Speculative Store Bypass disabled via prctl
[    0.555535] MMIO Stale Data: Unknown: No mitigations
[    0.556578] x86/fpu: Supporting XSAVE feature 0x001: 'x87 floating point registers'
[    0.557534] x86/fpu: Supporting XSAVE feature 0x002: 'SSE registers'
[    0.558534] x86/fpu: Supporting XSAVE feature 0x004: 'AVX registers'
[    0.559531] x86/fpu: xstate_offset[2]:  576, xstate_sizes[2]:  256
[    0.559536] x86/fpu: Enabled xstate features 0x7, context size is 832 bytes, using 'compacted' format.
[    0.577111] Freeing SMP alternatives memory: 44K
[    0.577536] pid_max: default: 32768 minimum: 301
[    0.578517] LSM: initializing lsm=capability,selinux,integrity
[    0.578552] SELinux:  Initializing.
[    0.579625] Mount-cache hash table entries: 8192 (order: 4, 65536 bytes, linear)
[    0.580540] Mountpoint-cache hash table entries: 8192 (order: 4, 65536 bytes, linear)
[    0.582730] smpboot: CPU0: 13th Gen Intel(R) Core(TM) i9-13900H (family: 0x6, model: 0xba, stepping: 0x2)
[    0.583729] RCU Tasks: Setting shift to 2 and lim to 1 rcu_task_cb_adjust=1.
[    0.584562] Performance Events: unsupported p6 CPU model 186 no PMU driver, software events only.
[    0.585601] signal: max sigframe size: 1776
[    0.586623] rcu: Hierarchical SRCU implementation.
[    0.587539] rcu: 	Max phase no-delay instances is 400.
[    0.589069] smp: Bringing up secondary CPUs ...
[    0.589774] smpboot: x86: Booting SMP configuration:
[    0.590543] .... node  #0, CPUs:      #1 #2 #3
[    0.596544] smp: Brought up 1 node, 4 CPUs
[    0.598566] smpboot: Max logical packages: 1
[    0.599579] smpboot: Total of 4 processors activated (23961.60 BogoMIPS)
[    0.603543] devtmpfs: initialized
[    0.607783] clocksource: jiffies: mask: 0xffffffff max_cycles: 0xffffffff, max_idle_ns: 1911260446275000 ns
[    0.608603] futex hash table entries: 1024 (order: 4, 65536 bytes, linear)
[    0.610277] PM: RTC time: 12:12:50, date: 2026-05-08
[    0.611998] NET: Registered PF_NETLINK/PF_ROUTE protocol family
[    0.613375] audit: initializing netlink subsys (disabled)
[    0.614606] audit: type=2000 audit(1778242370.466:1): state=initialized audit_enabled=0 res=1
[    0.614941] thermal_sys: Registered thermal governor 'step_wise'
[    0.615541] thermal_sys: Registered thermal governor 'user_space'
[    0.616782] cpuidle: using governor menu
[    0.619531] PCI: Using configuration type 1 for base access
[    0.620385] kprobes: kprobe jump-optimization is enabled. All kprobes are optimized if possible.
[    0.622623] HugeTLB: registered 2.00 MiB page size, pre-allocated 0 pages
[    0.623543] HugeTLB: 28 KiB vmemmap can be freed for a 2.00 MiB page
[    0.627732] ACPI: Added _OSI(Module Device)
[    0.628555] ACPI: Added _OSI(Processor Device)
[    0.629543] ACPI: Added _OSI(3.0 _SCP Extensions)
[    0.631547] ACPI: Added _OSI(Processor Aggregator Device)
[    0.641531] ACPI: 1 ACPI AML tables successfully acquired and loaded
[    0.648164] ACPI: Interpreter enabled
[    0.648587] ACPI: PM: (supports S0 S3 S4 S5)
[    0.650543] ACPI: Using IOAPIC for interrupt routing
[    0.651618] PCI: Using host bridge windows from ACPI; if necessary, use "pci=nocrs" and report a bug
[    0.654542] PCI: Using E820 reservations for host bridge windows
[    0.656124] ACPI: Enabled 2 GPEs in block 00 to 0F
[    0.674018] ACPI: PCI Root Bridge [PCI0] (domain 0000 [bus 00-ff])
[    0.676771] acpi PNP0A03:00: _OSC: OS supports [ASPM ClockPM Segments MSI HPX-Type3]
[    0.679604] acpi PNP0A03:00: _OSC: not requesting OS control; OS requires [ExtendedConfig ASPM ClockPM MSI]
[    0.682860] acpi PNP0A03:00: fail to add MMCONFIG information, can't access extended configuration space under this bridge
[    0.685990] PCI host bridge to bus 0000:00
[    0.687543] pci_bus 0000:00: root bus resource [io  0x0000-0x0cf7 window]
[    0.688588] pci_bus 0000:00: root bus resource [io  0x0d00-0xffff window]
[    0.692555] pci_bus 0000:00: root bus resource [mem 0x000a0000-0x000bffff window]
[    0.694654] pci_bus 0000:00: root bus resource [mem 0xc0000000-0xfebfffff window]
[    0.696541] pci_bus 0000:00: root bus resource [mem 0x140000000-0x1bfffffff window]
[    0.698732] pci_bus 0000:00: root bus resource [bus 00-ff]
[    0.700874] pci 0000:00:00.0: [8086:1237] type 00 class 0x060000
[    0.708531] pci 0000:00:01.0: [8086:7000] type 00 class 0x060100
[    0.718412] pci 0000:00:01.1: [8086:7010] type 00 class 0x010180
[    0.721479] pci 0000:00:01.1: reg 0x20: [io  0xc040-0xc04f]
[    0.723323] pci 0000:00:01.1: legacy IDE quirk: reg 0x10: [io  0x01f0-0x01f7]
[    0.724543] pci 0000:00:01.1: legacy IDE quirk: reg 0x14: [io  0x03f6]
[    0.726606] pci 0000:00:01.1: legacy IDE quirk: reg 0x18: [io  0x0170-0x0177]
[    0.728542] pci 0000:00:01.1: legacy IDE quirk: reg 0x1c: [io  0x0376]
[    0.731336] pci 0000:00:01.3: [8086:7113] type 00 class 0x068000
[    0.734497] pci 0000:00:01.3: quirk: [io  0x0600-0x063f] claimed by PIIX4 ACPI
[    0.735563] pci 0000:00:01.3: quirk: [io  0x0700-0x070f] claimed by PIIX4 SMB
[    0.738492] pci 0000:00:02.0: [1234:1111] type 00 class 0x030000
[    0.743600] pci 0000:00:02.0: reg 0x10: [mem 0xfd000000-0xfdffffff pref]
[    0.746612] pci 0000:00:02.0: reg 0x18: [mem 0xfebf0000-0xfebf0fff]
[    0.751531] pci 0000:00:02.0: reg 0x30: [mem 0xfebe0000-0xfebeffff pref]
[    0.753950] pci 0000:00:02.0: Video device with shadowed ROM at [mem 0x000c0000-0x000dffff]
[    0.766416] pci 0000:00:03.0: [8086:100e] type 00 class 0x020000
[    0.768558] pci 0000:00:03.0: reg 0x10: [mem 0xfebc0000-0xfebdffff]
[    0.771592] pci 0000:00:03.0: reg 0x14: [io  0xc000-0xc03f]
[    0.781531] pci 0000:00:03.0: reg 0x30: [mem 0xfeb80000-0xfebbffff pref]
[    0.790612] ACPI: PCI: Interrupt link LNKA configured for IRQ 10
[    0.793156] ACPI: PCI: Interrupt link LNKB configured for IRQ 10
[    0.796158] ACPI: PCI: Interrupt link LNKC configured for IRQ 11
[    0.798137] ACPI: PCI: Interrupt link LNKD configured for IRQ 11
[    0.799805] ACPI: PCI: Interrupt link LNKS configured for IRQ 9
[    0.803660] iommu: Default domain type: Translated 
[    0.804538] iommu: DMA domain TLB invalidation policy: lazy mode 
[    0.807284] SCSI subsystem initialized
[    0.808911] ACPI: bus type USB registered
[    0.809613] usbcore: registered new interface driver usbfs
[    0.811857] usbcore: registered new interface driver hub
[    0.812601] usbcore: registered new device driver usb
[    0.814728] pps_core: LinuxPPS API ver. 1 registered
[    0.815539] pps_core: Software ver. 5.3.6 - Copyright 2005-2007 Rodolfo Giometti <giometti@linux.it>
[    0.818789] PTP clock support registered
[    0.820744] Advanced Linux Sound Architecture Driver Initialized.
[    0.823531] NetLabel: Initializing
[    0.824541] NetLabel:  domain hash size = 128
[    0.826542] NetLabel:  protocols = UNLABELED CIPSOv4 CALIPSO
[    0.827616] NetLabel:  unlabeled traffic allowed by default
[    0.829963] PCI: Using ACPI for IRQ routing
[    0.831926] pci 0000:00:02.0: vgaarb: setting as boot VGA device
[    0.832531] pci 0000:00:02.0: vgaarb: bridge control possible
[    0.832531] pci 0000:00:02.0: vgaarb: VGA device added: decodes=io+mem,owns=io+mem,locks=none
[    0.836596] vgaarb: loaded
[    0.839246] hpet0: at MMIO 0xfed00000, IRQs 2, 8, 0
[    0.840557] hpet0: 3 comparators, 64-bit 100.000000 MHz counter
[    0.847005] clocksource: Switched to clocksource kvm-clock
[    0.848630] VFS: Disk quotas dquot_6.6.0
[    0.849559] VFS: Dquot-cache hash table entries: 512 (order 0, 4096 bytes)
[    0.851847] pnp: PnP ACPI init
[    0.854437] pnp: PnP ACPI: found 6 devices
[    0.869444] clocksource: acpi_pm: mask: 0xffffff max_cycles: 0xffffff, max_idle_ns: 2085701024 ns
[    0.872979] NET: Registered PF_INET protocol family
[    0.874421] IP idents hash table entries: 65536 (order: 7, 524288 bytes, linear)
[    0.877292] tcp_listen_portaddr_hash hash table entries: 2048 (order: 3, 32768 bytes, linear)
[    0.879766] Table-perturb hash table entries: 65536 (order: 6, 262144 bytes, linear)
[    0.882000] TCP established hash table entries: 32768 (order: 6, 262144 bytes, linear)
[    0.884865] TCP bind hash table entries: 32768 (order: 8, 1048576 bytes, linear)
[    0.886897] TCP: Hash tables configured (established 32768 bind 32768)
[    0.889499] UDP hash table entries: 2048 (order: 4, 65536 bytes, linear)
[    0.891497] UDP-Lite hash table entries: 2048 (order: 4, 65536 bytes, linear)
[    0.893756] NET: Registered PF_UNIX/PF_LOCAL protocol family
[    0.897030] RPC: Registered named UNIX socket transport module.
[    0.898765] RPC: Registered udp transport module.
[    0.900080] RPC: Registered tcp transport module.
[    0.901425] RPC: Registered tcp NFSv4.1 backchannel transport module.
[    0.904152] pci_bus 0000:00: resource 4 [io  0x0000-0x0cf7 window]
[    0.905922] pci_bus 0000:00: resource 5 [io  0x0d00-0xffff window]
[    0.907480] pci_bus 0000:00: resource 6 [mem 0x000a0000-0x000bffff window]
[    0.909349] pci_bus 0000:00: resource 7 [mem 0xc0000000-0xfebfffff window]
[    0.911160] pci_bus 0000:00: resource 8 [mem 0x140000000-0x1bfffffff window]
[    0.913519] pci 0000:00:01.0: PIIX3: Enabling Passive Release
[    0.915203] pci 0000:00:00.0: Limiting direct PCI/PCI transfers
[    0.916962] PCI: CLS 0 bytes, default 64
[    0.918081] PCI-DMA: Using software bounce buffering for IO (SWIOTLB)
[    0.918300] Unpacking initramfs...
[    0.919886] software IO TLB: mapped [mem 0x00000000bbe8d000-0x00000000bfe8d000] (64MB)
[    0.925169] RAPL PMU: API unit is 2^-32 Joules, 0 fixed counters, 10737418240 ms ovfl timer
[    0.927546] clocksource: tsc: mask: 0xffffffffffffffff max_cycles: 0x2b2c8ec87c7, max_idle_ns: 440795278598 ns
[    0.935674] Initialise system trusted keyrings
[    0.937737] workingset: timestamp_bits=56 max_order=20 bucket_order=0
[    0.940615] NFS: Registering the id_resolver key type
[    0.942058] Key type id_resolver registered
[    0.943156] Key type id_legacy registered
[    0.945085] 9p: Installing v9fs 9p2000 file system support
[    0.945882] Freeing initrd memory: 1356K
[    0.954293] Key type asymmetric registered
[    0.956631] Asymmetric key parser 'x509' registered
[    0.957983] Block layer SCSI generic (bsg) driver version 0.4 loaded (major 251)
[    0.959978] io scheduler mq-deadline registered
[    0.961165] io scheduler kyber registered
[    0.963011] input: Power Button as /devices/LNXSYSTM:00/LNXPWRBN:00/input/input0
[    0.965328] ACPI: button: Power Button [PWRF]
[    0.967778] Serial: 8250/16550 driver, 4 ports, IRQ sharing enabled
[    0.970603] 00:04: ttyS0 at I/O 0x3f8 (irq = 4, base_baud = 115200) is a 16550A
[    0.975954] Non-volatile memory driver v1.3
[    0.977058] Linux agpgart interface v0.103
[    0.979062] ACPI: bus type drm_connector registered
[    0.989621] loop: module loaded
[    0.992845] scsi host0: ata_piix
[    0.995403] scsi host1: ata_piix
[    0.996671] ata1: PATA max MWDMA2 cmd 0x1f0 ctl 0x3f6 bmdma 0xc040 irq 14
[    0.998760] ata2: PATA max MWDMA2 cmd 0x170 ctl 0x376 bmdma 0xc048 irq 15
[    1.001803] e100: Intel(R) PRO/100 Network Driver
[    1.003081] e100: Copyright(c) 1999-2006 Intel Corporation
[    1.005119] e1000: Intel(R) PRO/1000 Network Driver
[    1.006558] e1000: Copyright (c) 1999-2006 Intel Corporation.
[    1.160267] ata2: found unknown device (class 0)
[    1.166075] ata2.00: ATAPI: QEMU DVD-ROM, 2.5+, max UDMA/100
[    1.172065] scsi 1:0:0:0: CD-ROM            QEMU     QEMU DVD-ROM     2.5+ PQ: 0 ANSI: 5
[    1.210425] sr 1:0:0:0: [sr0] scsi3-mmc drive: 4x/4x cd/rw xa/form2 tray
[    1.212643] cdrom: Uniform CD-ROM driver Revision: 3.20
[    1.589257] ACPI: \_SB_.LNKC: Enabled at IRQ 11
[    1.957770] e1000 0000:00:03.0 eth0: (PCI:33MHz:32-bit) 52:54:00:12:34:56
[    1.960777] e1000 0000:00:03.0 eth0: Intel(R) PRO/1000 Network Connection
[    1.963304] e1000e: Intel(R) PRO/1000 Network Driver
[    1.965252] e1000e: Copyright(c) 1999 - 2015 Intel Corporation.
[    1.967532] sky2: driver version 1.30
[    1.968977] usbcore: registered new interface driver usblp
[    1.970402] usbcore: registered new interface driver usb-storage
[    1.971941] i8042: PNP: PS/2 Controller [PNP0303:KBD,PNP0f13:MOU] at 0x60,0x64 irq 1,12
[    1.975153] serio: i8042 KBD port at 0x60,0x64 irq 1
[    1.976256] serio: i8042 AUX port at 0x60,0x64 irq 12
[    1.978019] rtc_cmos 00:05: RTC can wake from S4
[    1.981189] input: AT Translated Set 2 keyboard as /devices/platform/i8042/serio0/input/input1
[    1.983959] rtc_cmos 00:05: registered as rtc0
[    1.985341] rtc_cmos 00:05: alarms up to one day, y3k, 242 bytes nvram, hpet irqs
[    1.987873] device-mapper: ioctl: 4.48.0-ioctl (2023-03-01) initialised: dm-devel@redhat.com
[    1.989959] intel_pstate: CPU model not supported
[    1.991201] hid: raw HID events driver (C) Jiri Kosina
[    1.994994] usbcore: registered new interface driver usbhid
[    1.996751] usbhid: USB HID core driver
[    2.000368] u32 classifier
[    2.003908]     input device check on
[    2.004888]     Actions configured
[    2.006137] Initializing XFRM netlink socket
[    2.007392] NET: Registered PF_INET6 protocol family
[    2.010456] Segment Routing with IPv6
[    2.011527] In-situ OAM (IOAM) with IPv6
[    2.012706] sit: IPv6, IPv4 and MPLS over IPv4 tunneling driver
[    2.015135] NET: Registered PF_PACKET protocol family
[    2.017433] 9pnet: Installing 9P2000 support
[    2.018664] Key type dns_resolver registered
[    2.022160] IPI shorthand broadcast: enabled
[    2.037173] sched_clock: Marking stable (2016033670, 20712701)->(2113772340, -77025969)
[    2.043060] registered taskstats version 1
[    2.044343] Loading compiled-in X.509 certificates
[    2.055955] PM:   Magic number: 10:35:228
[    2.057513] vc vcsu: hash matches
[    2.058839] printk: console [netcon0] enabled
[    2.061067] netconsole: network logging started
[    2.063031] cfg80211: Loading compiled-in X.509 certificates for regulatory database
[    2.065950] kworker/u8:1 (64) used greatest stack depth: 29536 bytes left
[    2.067416] Loaded X.509 cert 'sforshee: 00b28ddf47aef9cea7'
[    2.071288] platform regulatory.0: Direct firmware load for regulatory.db failed with error -2
[    2.072818] ALSA device list:
[    2.074572] cfg80211: failed to load regulatory.db
[    2.075575]   No soundcards found.
[    2.079700] Freeing unused kernel image (initmem) memory: 5616K
[    2.090964] Write protecting the kernel read-only data: 59392k
[    2.092894] Freeing unused kernel image (rodata/data gap) memory: 212K
[    2.105350] x86/mm: Checked W+X mappings: passed, no W+X pages found.
[    2.106568] Run /init as init process
[    2.110687] mount (68) used greatest stack depth: 28760 bytes left
[    2.111656] mount (69) used greatest stack depth: 28448 bytes left

secb: rootfs ready
---- poc begin ----
[*] lo ifindex=1
[    2.130218] HFSC: plug qdisc 102: is non-work-conserving?
[    2.131246] HFSC: hfsc qdisc 100: is non-work-conserving?
[~] race attempt 0/200
[    2.629949] input: ImExPS/2 Generic Explorer Mouse as /devices/platform/i8042/serio1/input/input3
[    3.422539] poc (75) used greatest stack depth: 28168 bytes left
[+] race won on attempt 0 (1:0 qlen == ~0U)
[*] deleting hfsc class 99:1 — UAF armed
[*] triggering UAF: send packet to 99:2 (hfsc_dequeue path)
[    3.782332] ==================================================================
[    3.783269] BUG: KASAN: slab-use-after-free in rb_last+0x64/0x80
[    3.784000] Read of size 8 at addr ffff888103bbb0c8 by task poc/74
[    3.784709] 
[    3.784908] CPU: 0 PID: 74 Comm: poc Not tainted 6.4.0-04322-gc451410ca7e3-dirty #1
[    3.785873] Hardware name: QEMU Standard PC (i440FX + PIIX, 1996), BIOS 1.16.2-debian-1.16.2-1 04/01/2014
[    3.788062] Call Trace:
[    3.788558]  <TASK>
[    3.788886]  dump_stack_lvl+0x36/0x50
[    3.789464]  print_report+0xcf/0x660
[    3.790066]  ? rb_last+0x64/0x80
[    3.790517]  kasan_report+0xc7/0x100
[    3.791621]  ? rb_last+0x64/0x80
[    3.792408]  rb_last+0x64/0x80
[    3.793168]  init_vf.constprop.0+0x351/0xe20
[    3.794078]  hfsc_enqueue+0x7d0/0xee0
[    3.794741]  ? __kasan_slab_alloc+0x6e/0x70
[    3.795355]  ? kmalloc_reserve+0x110/0x1e0
[    3.795893]  ? __pfx_hfsc_enqueue+0x10/0x10
[    3.796444]  ? _raw_spin_lock+0x80/0xe0
[    3.796961]  dev_qdisc_enqueue+0x3b/0x140
[    3.797672]  __dev_queue_xmit+0x161f/0x30c0
[    3.798412]  ? selinux_ip_postroute_compat+0x321/0x3d0
[    3.799146]  ? __pfx___dev_queue_xmit+0x10/0x10
[    3.799742]  ? selinux_ip_postroute+0x2ac/0xac0
[    3.800351]  ? __pfx_sock_alloc_send_pskb+0x10/0x10
[    3.801009]  ip_finish_output2+0x6cf/0x18f0
[    3.801476]  ? __pfx_ip_finish_output2+0x10/0x10
[    3.801990]  __ip_finish_output.part.0+0x271/0x950
[    3.802518]  ? __pfx___ip_finish_output.part.0+0x10/0x10
[    3.803124]  ? nf_hook_slow+0xa2/0x170
[    3.803729]  ip_output+0x2c7/0x650
[    3.804154]  ? __pfx_ip_output+0x10/0x10
[    3.804715]  ? __pfx_ip_finish_output+0x10/0x10
[    3.805336]  ? __pfx_ip_generic_getfrag+0x10/0x10
[    3.805995]  ? __pfx_ip_make_skb+0x10/0x10
[    3.806591]  ip_send_skb+0x113/0x150
[    3.807109]  udp_send_skb+0x57d/0x1260
[    3.807853]  udp_sendmsg+0x1757/0x2230
[    3.808610]  ? avc_has_perm_noaudit+0x8a/0x130
[    3.809431]  ? __pfx_ip_generic_getfrag+0x10/0x10
[    3.810545]  ? __pfx_udp_sendmsg+0x10/0x10
[    3.811949]  ? udp_lib_get_port+0x4b9/0x1850
[    3.813539]  ? ip4_datagram_release_cb+0x161/0x7f0
[    3.814715]  ? __pfx_ip4_datagram_release_cb+0x10/0x10
[    3.816312]  ? __pfx_sk_setsockopt+0x10/0x10
[    3.817250]  ? inet_autobind+0x108/0x160
[    3.817698]  ? inet_send_prepare+0x21f/0x2a0
[    3.818218]  ? __pfx_inet_sendmsg+0x10/0x10
[    3.818753]  ? sock_sendmsg+0x138/0x180
[    3.819286]  sock_sendmsg+0x138/0x180
[    3.819760]  __sys_sendto+0x1eb/0x2b0
[    3.820241]  ? __pfx___sys_sendto+0x10/0x10
[    3.820900]  ? __pfx_udp_push_pending_frames+0x10/0x10
[    3.821675]  ? udp_lib_setsockopt+0x52f/0xc00
[    3.822333]  ? __pfx_udp_lib_setsockopt+0x10/0x10
[    3.823053]  ? __pfx___sys_socket+0x10/0x10
[    3.823692]  ? __pfx_ksys_write+0x10/0x10
[    3.824294]  __x64_sys_sendto+0xdb/0x1b0
[    3.824890]  ? exit_to_user_mode_prepare+0x2a/0x110
[    3.825642]  ? syscall_exit_to_user_mode+0x21/0x50
[    3.826351]  do_syscall_64+0x3b/0x90
[    3.826917]  entry_SYSCALL_64_after_hwframe+0x6e/0xd8
[    3.827708] RIP: 0033:0x43d093
[    3.828189] Code: 64 89 02 48 c7 c0 ff ff ff ff eb b7 66 2e 0f 1f 84 00 00 00 00 00 90 80 3d f1 1f 07 00 00 41 89 ca 74 14 b8 2c 00 00 00 0f 05 <48> 3d 00 f0 ff ff 77 75 c3 0f 1f 40 00 55 48 83 ec 30 44 89 4c 24
[    3.833996] RSP: 002b:00007ffeacef3da8 EFLAGS: 00000202 ORIG_RAX: 000000000000002c
[    3.836317] RAX: ffffffffffffffda RBX: 0000000000000004 RCX: 000000000043d093
[    3.838379] RDX: 0000000000000000 RSI: 0000000000497ef5 RDI: 0000000000000004
[    3.840489] RBP: 00007ffeacef3dc0 R08: 00007ffeacef3dc0 R09: 0000000000000010
[    3.841571] R10: 0000000000000000 R11: 0000000000000202 R12: 0000000000990002
[    3.844898] R13: 0000000000000000 R14: 00000000004811b1 R15: 00000000004811ea
[    3.845974]  </TASK>
[    3.846323] 
[    3.846591] Allocated by task 74:
[    3.847099]  kasan_save_stack+0x33/0x60
[    3.848537]  kasan_set_track+0x25/0x30
[    3.849565]  __kasan_kmalloc+0x8f/0xa0
[    3.850036]  hfsc_change_class+0x54a/0x2e50
[    3.850688]  tc_ctl_tclass+0x3cf/0xf40
[    3.851205]  rtnetlink_rcv_msg+0x35d/0x9d0
[    3.851861]  netlink_rcv_skb+0x12f/0x370
[    3.852485]  netlink_unicast+0x588/0x7f0
[    3.853122]  netlink_sendmsg+0x7b7/0xc60
[    3.853787]  sock_sendmsg+0x13d/0x180
[    3.854388]  __sys_sendto+0x1eb/0x2b0
[    3.855004]  __x64_sys_sendto+0xdb/0x1b0
[    3.855637]  do_syscall_64+0x3b/0x90
[    3.856205]  entry_SYSCALL_64_after_hwframe+0x6e/0xd8
[    3.856950] 
[    3.857168] Freed by task 74:
[    3.857629]  kasan_save_stack+0x33/0x60
[    3.858206]  kasan_set_track+0x25/0x30
[    3.858813]  kasan_save_free_info+0x2b/0x50
[    3.859511]  __kasan_slab_free+0x10a/0x180
[    3.860246]  __kmem_cache_free+0x82/0x1c0
[    3.860993]  hfsc_delete_class+0x44c/0x6f0
[    3.861579]  tc_ctl_tclass+0x9af/0xf40
[    3.862202]  rtnetlink_rcv_msg+0x35d/0x9d0
[    3.862849]  netlink_rcv_skb+0x12f/0x370
[    3.863490]  netlink_unicast+0x588/0x7f0
[    3.864118]  netlink_sendmsg+0x7b7/0xc60
[    3.865027]  sock_sendmsg+0x13d/0x180
[    3.865587]  __sys_sendto+0x1eb/0x2b0
[    3.866142]  __x64_sys_sendto+0xdb/0x1b0
[    3.866796]  do_syscall_64+0x3b/0x90
[    3.867349]  entry_SYSCALL_64_after_hwframe+0x6e/0xd8
[    3.868630] 
[    3.868915] The buggy address belongs to the object at ffff888103bbb000
[    3.868915]  which belongs to the cache kmalloc-1k of size 1024
[    3.870812] The buggy address is located 200 bytes inside of
[    3.870812]  freed 1024-byte region [ffff888103bbb000, ffff888103bbb400)
[    3.872645] 
[    3.872882] The buggy address belongs to the physical page:
[    3.873621] page:0000000050afa6b7 refcount:1 mapcount:0 mapping:0000000000000000 index:0x0 pfn:0x103bb8
[    3.875080] head:0000000050afa6b7 order:3 entire_mapcount:0 nr_pages_mapped:0 pincount:0
[    3.876286] flags: 0x200000000010200(slab|head|node=0|zone=2)
[    3.877108] page_type: 0xffffffff()
[    3.877665] raw: 0200000000010200 ffff888100042dc0 dead000000000122 0000000000000000
[    3.878855] raw: 0000000000000000 0000000080100010 00000001ffffffff 0000000000000000
[    3.879886] page dumped because: kasan: bad access detected
[    3.883218] 
[    3.883428] Memory state around the buggy address:
[    3.884146]  ffff888103bbaf80: fc fc fc fc fc fc fc fc fc fc fc fc fc fc fc fc
[    3.885234]  ffff888103bbb000: fa fb fb fb fb fb fb fb fb fb fb fb fb fb fb fb
[    3.886274] >ffff888103bbb080: fb fb fb fb fb fb fb fb fb fb fb fb fb fb fb fb
[    3.887485]                                               ^
[    3.888602]  ffff888103bbb100: fb fb fb fb fb fb fb fb fb fb fb fb fb fb fb fb
[    3.890133]  ffff888103bbb180: fb fb fb fb fb fb fb fb fb fb fb fb fb fb fb fb
[    3.891489] ==================================================================
[    3.892955] Disabling lock debugging due to kernel taint
[+] poc finished (no UAF observed in 2s window)
[    5.917129] poc (74) used greatest stack depth: 25728 bytes left
---- poc end rc=0 ----
secb: poc exited without crashing the kernel
[    7.361390] ACPI: PM: Preparing to enter system sleep state S5
[    7.362775] reboot: Power down
CONFIRMED: KASAN_UAF
