bash: warning: setlocale: LC_ALL: cannot change locale (en_US.UTF-8)
c[?7l[2J[0mSeaBIOS (version 1.16.2-debian-1.16.2-1)


iPXE (http://ipxe.org) 00:03.0 CA00 PCI2.10 PnP PMM+BEFCEF00+BEF0EF00 CA00
Press Ctrl-B to configure iPXE (PCI 00:03.0)...                                                                               


Booting from ROM...
c[?7l[2JNo EFI environment detected.
early console in extract_kernel
input_data: 0x0000000004bea3a8
input_len: 0x00000000019904b4
output: 0x0000000001000000
output_len: 0x0000000005505378
kernel_total_size: 0x0000000005230000
needed_size: 0x0000000005600000
trampoline_32bit: 0x000000000009d000


KASLR disabled: 'nokaslr' on cmdline.


Decompressing Linux... Parsing ELF... No relocation needed... done.
Booting the kernel (entry_offset: 0x0000000000000000).
[    0.000000] Linux version 6.4.0-04323-ge05cf57b107b-dirty (root@buildkitsandbox) (gcc (Debian 12.2.0-14+deb12u1) 12.2.0, GNU ld (GNU Binutils for Debian) 2.40) #2 SMP PREEMPT_DYNAMIC Fri May  8 12:13:50 UTC 2026
[    0.000000] Command line: console=ttyS0 oops=panic panic=-1 nokaslr earlyprintk=serial
[    0.000000] BIOS-provided physical RAM map:
[    0.000000] BIOS-e820: [mem 0x0000000000000000-0x000000000009fbff] usable
[    0.000000] BIOS-e820: [mem 0x000000000009fc00-0x000000000009ffff] reserved
[    0.000000] BIOS-e820: [mem 0x00000000000f0000-0x00000000000fffff] reserved
[    0.000000] BIOS-e820: [mem 0x0000000000100000-0x00000000bffdffff] usable
[    0.000000] BIOS-e820: [mem 0x00000000bffe0000-0x00000000bfffffff] reserved
[    0.000000] BIOS-e820: [mem 0x00000000feffc000-0x00000000feffffff] reserved
[    0.000000] BIOS-e820: [mem 0x00000000fffc0000-0x00000000ffffffff] reserved
[    0.000000] BIOS-e820: [mem 0x0000000100000000-0x000000013fffffff] usable
[    0.000000] printk: bootconsole [earlyser0] enabled
[    0.000000] NX (Execute Disable) protection: active
[    0.000000] SMBIOS 2.8 present.
[    0.000000] DMI: QEMU Standard PC (i440FX + PIIX, 1996), BIOS 1.16.2-debian-1.16.2-1 04/01/2014
[    0.000000] Hypervisor detected: KVM
[    0.000000] kvm-clock: Using msrs 4b564d01 and 4b564d00
[    0.000002] kvm-clock: using sched offset of 474418280 cycles
[    0.001328] clocksource: kvm-clock: mask: 0xffffffffffffffff max_cycles: 0x1cd42e4dffb, max_idle_ns: 881590591483 ns
[    0.005392] tsc: Detected 2995.200 MHz processor
[    0.007033] last_pfn = 0x140000 max_arch_pfn = 0x400000000
[    0.008864] MTRR map: 4 entries (3 fixed + 1 variable; max 19), built from 8 variable MTRRs
[    0.011091] x86/PAT: Configuration [0-7]: WB  WC  UC- UC  WB  WP  UC- WT  
[    0.013035] last_pfn = 0xbffe0 max_arch_pfn = 0x400000000
[    0.019560] found SMP MP-table at [mem 0x000f5ba0-0x000f5baf]
[    0.021213] Using GB pages for direct mapping
[    0.022388] Incomplete global flushes, disabling PCID
[    0.023599] RAMDISK: [mem 0xbfe8d000-0xbffdffff]
[    0.026538] ACPI: Early table checksum verification disabled
[    0.027943] ACPI: RSDP 0x00000000000F59B0 000014 (v00 BOCHS )
[    0.029379] ACPI: RSDT 0x00000000BFFE1BEF 000034 (v01 BOCHS  BXPC     00000001 BXPC 00000001)
[    0.031587] ACPI: FACP 0x00000000BFFE1A8B 000074 (v01 BOCHS  BXPC     00000001 BXPC 00000001)
[    0.033811] ACPI: DSDT 0x00000000BFFE0040 001A4B (v01 BOCHS  BXPC     00000001 BXPC 00000001)
[    0.035959] ACPI: FACS 0x00000000BFFE0000 000040
[    0.037236] ACPI: APIC 0x00000000BFFE1AFF 000090 (v01 BOCHS  BXPC     00000001 BXPC 00000001)
[    0.039522] ACPI: HPET 0x00000000BFFE1B8F 000038 (v01 BOCHS  BXPC     00000001 BXPC 00000001)
[    0.042416] ACPI: WAET 0x00000000BFFE1BC7 000028 (v01 BOCHS  BXPC     00000001 BXPC 00000001)
[    0.044717] ACPI: Reserving FACP table memory at [mem 0xbffe1a8b-0xbffe1afe]
[    0.047010] ACPI: Reserving DSDT table memory at [mem 0xbffe0040-0xbffe1a8a]
[    0.049197] ACPI: Reserving FACS table memory at [mem 0xbffe0000-0xbffe003f]
[    0.051097] ACPI: Reserving APIC table memory at [mem 0xbffe1aff-0xbffe1b8e]
[    0.052714] ACPI: Reserving HPET table memory at [mem 0xbffe1b8f-0xbffe1bc6]
[    0.054852] ACPI: Reserving WAET table memory at [mem 0xbffe1bc7-0xbffe1bee]
[    0.057940] No NUMA configuration found
[    0.059062] Faking a node at [mem 0x0000000000000000-0x000000013fffffff]
[    0.060923] NODE_DATA(0) allocated [mem 0x13fffa000-0x13fffdfff]
[    0.062560] Zone ranges:
[    0.063375]   DMA      [mem 0x0000000000001000-0x0000000000ffffff]
[    0.065083]   DMA32    [mem 0x0000000001000000-0x00000000ffffffff]
[    0.067028]   Normal   [mem 0x0000000100000000-0x000000013fffffff]
[    0.068737] Movable zone start for each node
[    0.069967] Early memory node ranges
[    0.071055]   node   0: [mem 0x0000000000001000-0x000000000009efff]
[    0.072897]   node   0: [mem 0x0000000000100000-0x00000000bffdffff]
[    0.074731]   node   0: [mem 0x0000000100000000-0x000000013fffffff]
[    0.076564] Initmem setup node 0 [mem 0x0000000000001000-0x000000013fffffff]
[    0.079486] On node 0, zone DMA: 1 pages in unavailable ranges
[    0.079538] On node 0, zone DMA: 97 pages in unavailable ranges
[    0.116784] On node 0, zone Normal: 32 pages in unavailable ranges
[    0.310005] kasan: KernelAddressSanitizer initialized
[    0.313722] ACPI: PM-Timer IO Port: 0x608
[    0.315062] ACPI: LAPIC_NMI (acpi_id[0xff] dfl dfl lint[0x1])
[    0.317040] IOAPIC[0]: apic_id 0, version 17, address 0xfec00000, GSI 0-23
[    0.319617] ACPI: INT_SRC_OVR (bus 0 bus_irq 0 global_irq 2 dfl dfl)
[    0.321675] ACPI: INT_SRC_OVR (bus 0 bus_irq 5 global_irq 5 high level)
[    0.323965] ACPI: INT_SRC_OVR (bus 0 bus_irq 9 global_irq 9 high level)
[    0.325830] ACPI: INT_SRC_OVR (bus 0 bus_irq 10 global_irq 10 high level)
[    0.327741] ACPI: INT_SRC_OVR (bus 0 bus_irq 11 global_irq 11 high level)
[    0.329665] ACPI: Using ACPI (MADT) for SMP configuration information
[    0.331406] ACPI: HPET id: 0x8086a201 base: 0xfed00000
[    0.332802] TSC deadline timer available
[    0.333866] smpboot: Allowing 4 CPUs, 0 hotplug CPUs
[    0.335171] kvm-guest: KVM setup pv remote TLB flush
[    0.336557] kvm-guest: setup PV sched yield
[    0.337857] PM: hibernation: Registered nosave memory: [mem 0x00000000-0x00000fff]
[    0.340223] PM: hibernation: Registered nosave memory: [mem 0x0009f000-0x0009ffff]
[    0.342480] PM: hibernation: Registered nosave memory: [mem 0x000a0000-0x000effff]
[    0.344701] PM: hibernation: Registered nosave memory: [mem 0x000f0000-0x000fffff]
[    0.346888] PM: hibernation: Registered nosave memory: [mem 0xbffe0000-0xbfffffff]
[    0.348998] PM: hibernation: Registered nosave memory: [mem 0xc0000000-0xfeffbfff]
[    0.350943] PM: hibernation: Registered nosave memory: [mem 0xfeffc000-0xfeffffff]
[    0.353079] PM: hibernation: Registered nosave memory: [mem 0xff000000-0xfffbffff]
[    0.355572] PM: hibernation: Registered nosave memory: [mem 0xfffc0000-0xffffffff]
[    0.357982] [mem 0xc0000000-0xfeffbfff] available for PCI devices
[    0.359782] Booting paravirtualized kernel on KVM
[    0.361134] clocksource: refined-jiffies: mask: 0xffffffff max_cycles: 0xffffffff, max_idle_ns: 1910969940391419 ns
[    0.376489] setup_percpu: NR_CPUS:64 nr_cpumask_bits:4 nr_cpu_ids:4 nr_node_ids:1
[    0.379744] percpu: Embedded 66 pages/cpu s232104 r8192 d30040 u524288
[    0.381776] Kernel command line: console=ttyS0 oops=panic panic=-1 nokaslr earlyprintk=serial
[    0.384245] Unknown kernel command line parameters "nokaslr", will be passed to user space.
[    0.386852] random: crng init done
[    0.389312] Dentry cache hash table entries: 524288 (order: 10, 4194304 bytes, linear)
[    0.392531] Inode-cache hash table entries: 262144 (order: 9, 2097152 bytes, linear)
[    0.395136] Fallback order for Node 0: 0 
[    0.395142] Built 1 zonelists, mobility grouping on.  Total pages: 1031904
[    0.399609] Policy zone: Normal
[    0.400352] mem auto-init: stack:all(zero), heap alloc:off, heap free:off
[    0.402419] stackdepot: allocating hash table via alloc_large_system_hash
[    0.406855] stackdepot hash table entries: 1048576 (order: 11, 8388608 bytes, linear)
[    0.408614] software IO TLB: area num 4.
[    0.474458] Memory: 3425196K/4193784K available (49152K kernel code, 7932K rwdata, 10028K rodata, 5616K init, 3052K bss, 768332K reserved, 0K cma-reserved)
[    0.477196] SLUB: HWalign=64, Order=0-3, MinObjects=0, CPUs=4, Nodes=1
Poking KASLR using RDRAND RDTSC...
[    0.480312] Dynamic Preempt: voluntary
[    0.481808] rcu: Preemptible hierarchical RCU implementation.
[    0.483466] rcu: 	RCU event tracing is enabled.
[    0.484752] rcu: 	RCU restricting CPUs from NR_CPUS=64 to nr_cpu_ids=4.
[    0.486377] 	Trampoline variant of Tasks RCU enabled.
[    0.487663] rcu: RCU calculated value of scheduler-enlistment delay is 100 jiffies.
[    0.490550] rcu: Adjusting geometry for rcu_fanout_leaf=16, nr_cpu_ids=4
[    0.500350] NR_IRQS: 4352, nr_irqs: 456, preallocated irqs: 16
[    0.502444] rcu: srcu_init: Setting srcu_struct sizes based on contention.
[    0.511522] Console: colour VGA+ 80x25
[    0.512345] printk: console [ttyS0] enabled
[    0.512345] printk: console [ttyS0] enabled
[    0.514123] printk: bootconsole [earlyser0] disabled
[    0.514123] printk: bootconsole [earlyser0] disabled
[    0.516363] ACPI: Core revision 20230331
[    0.517504] clocksource: hpet: mask: 0xffffffff max_cycles: 0xffffffff, max_idle_ns: 19112604467 ns
[    0.519236] APIC: Switch to symmetric I/O mode setup
[    0.521156] kvm-guest: setup PV IPIs
[    0.524263] ..TIMER: vector=0x30 apic1=0 pin1=2 apic2=-1 pin2=-1
[    0.526713] clocksource: tsc-early: mask: 0xffffffffffffffff max_cycles: 0x2b2c8ec87c7, max_idle_ns: 440795278598 ns
[    0.529746] Calibrating delay loop (skipped) preset value.. 5990.40 BogoMIPS (lpj=2995200)
[    0.531277] x86/cpu: User Mode Instruction Prevention (UMIP) activated
[    0.532024] Last level iTLB entries: 4KB 0, 2MB 0, 4MB 0
[    0.532744] Last level dTLB entries: 4KB 0, 2MB 0, 4MB 0, 1GB 0
[    0.533768] Spectre V1 : Mitigation: usercopy/swapgs barriers and __user pointer sanitization
[    0.534751] Spectre V2 : Mitigation: Enhanced / Automatic IBRS
[    0.535753] Spectre V2 : Spectre v2 / SpectreRSB mitigation: Filling RSB on context switch
[    0.536746] Spectre V2 : Spectre v2 / PBRSB-eIBRS: Retire a single CALL on VMEXIT
[    0.537741] RETBleed: Mitigation: Enhanced IBRS
[    0.537741] Spectre V2 : mitigation: Enabling conditional Indirect Branch Prediction Barrier
[    0.537747] Speculative Store Bypass: Mitigation: Speculative Store Bypass disabled via prctl
[    0.538745] MMIO Stale Data: Unknown: No mitigations
[    0.539790] x86/fpu: Supporting XSAVE feature 0x001: 'x87 floating point registers'
[    0.540744] x86/fpu: Supporting XSAVE feature 0x002: 'SSE registers'
[    0.542748] x86/fpu: Supporting XSAVE feature 0x004: 'AVX registers'
[    0.543749] x86/fpu: xstate_offset[2]:  576, xstate_sizes[2]:  256
[    0.544753] x86/fpu: Enabled xstate features 0x7, context size is 832 bytes, using 'compacted' format.
[    0.565428] Freeing SMP alternatives memory: 44K
[    0.565745] pid_max: default: 32768 minimum: 301
[    0.566824] LSM: initializing lsm=capability,selinux,integrity
[    0.567764] SELinux:  Initializing.
[    0.568741] Mount-cache hash table entries: 8192 (order: 4, 65536 bytes, linear)
[    0.568750] Mountpoint-cache hash table entries: 8192 (order: 4, 65536 bytes, linear)
[    0.570902] smpboot: CPU0: 13th Gen Intel(R) Core(TM) i9-13900H (family: 0x6, model: 0xba, stepping: 0x2)
[    0.571964] RCU Tasks: Setting shift to 2 and lim to 1 rcu_task_cb_adjust=1.
[    0.572778] Performance Events: unsupported p6 CPU model 186 no PMU driver, software events only.
[    0.573824] signal: max sigframe size: 1776
[    0.574811] rcu: Hierarchical SRCU implementation.
[    0.575750] rcu: 	Max phase no-delay instances is 400.
[    0.577301] smp: Bringing up secondary CPUs ...
[    0.578013] smpboot: x86: Booting SMP configuration:
[    0.578756] .... node  #0, CPUs:      #1 #2 #3
[    0.586954] smp: Brought up 1 node, 4 CPUs
[    0.588765] smpboot: Max logical packages: 1
[    0.589769] smpboot: Total of 4 processors activated (23961.60 BogoMIPS)
[    0.595841] devtmpfs: initialized
[    0.598997] clocksource: jiffies: mask: 0xffffffff max_cycles: 0xffffffff, max_idle_ns: 1911260446275000 ns
[    0.599856] futex hash table entries: 1024 (order: 4, 65536 bytes, linear)
[    0.601312] PM: RTC time: 12:14:23, date: 2026-05-08
[    0.602294] NET: Registered PF_NETLINK/PF_ROUTE protocol family
[    0.603415] audit: initializing netlink subsys (disabled)
[    0.603818] audit: type=2000 audit(1778242463.985:1): state=initialized audit_enabled=0 res=1
[    0.604102] thermal_sys: Registered thermal governor 'step_wise'
[    0.604797] thermal_sys: Registered thermal governor 'user_space'
[    0.605878] cpuidle: using governor menu
[    0.608828] PCI: Using configuration type 1 for base access
[    0.610042] kprobes: kprobe jump-optimization is enabled. All kprobes are optimized if possible.
[    0.610878] HugeTLB: registered 2.00 MiB page size, pre-allocated 0 pages
[    0.612749] HugeTLB: 28 KiB vmemmap can be freed for a 2.00 MiB page
[    0.617584] ACPI: Added _OSI(Module Device)
[    0.618751] ACPI: Added _OSI(Processor Device)
[    0.620751] ACPI: Added _OSI(3.0 _SCP Extensions)
[    0.621749] ACPI: Added _OSI(Processor Aggregator Device)
[    0.628925] ACPI: 1 ACPI AML tables successfully acquired and loaded
[    0.631649] ACPI: Interpreter enabled
[    0.631788] ACPI: PM: (supports S0 S3 S4 S5)
[    0.633747] ACPI: Using IOAPIC for interrupt routing
[    0.634800] PCI: Using host bridge windows from ACPI; if necessary, use "pci=nocrs" and report a bug
[    0.637750] PCI: Using E820 reservations for host bridge windows
[    0.639242] ACPI: Enabled 2 GPEs in block 00 to 0F
[    0.653835] ACPI: PCI Root Bridge [PCI0] (domain 0000 [bus 00-ff])
[    0.655774] acpi PNP0A03:00: _OSC: OS supports [ASPM ClockPM Segments MSI HPX-Type3]
[    0.658753] acpi PNP0A03:00: _OSC: not requesting OS control; OS requires [ExtendedConfig ASPM ClockPM MSI]
[    0.660848] acpi PNP0A03:00: fail to add MMCONFIG information, can't access extended configuration space under this bridge
[    0.664014] PCI host bridge to bus 0000:00
[    0.664751] pci_bus 0000:00: root bus resource [io  0x0000-0x0cf7 window]
[    0.666882] pci_bus 0000:00: root bus resource [io  0x0d00-0xffff window]
[    0.668759] pci_bus 0000:00: root bus resource [mem 0x000a0000-0x000bffff window]
[    0.670868] pci_bus 0000:00: root bus resource [mem 0xc0000000-0xfebfffff window]
[    0.671766] pci_bus 0000:00: root bus resource [mem 0x140000000-0x1bfffffff window]
[    0.675787] pci_bus 0000:00: root bus resource [bus 00-ff]
[    0.676084] pci 0000:00:00.0: [8086:1237] type 00 class 0x060000
[    0.686462] pci 0000:00:01.0: [8086:7000] type 00 class 0x060100
[    0.692741] pci 0000:00:01.1: [8086:7010] type 00 class 0x010180
[    0.696593] pci 0000:00:01.1: reg 0x20: [io  0xc040-0xc04f]
[    0.699510] pci 0000:00:01.1: legacy IDE quirk: reg 0x10: [io  0x01f0-0x01f7]
[    0.700811] pci 0000:00:01.1: legacy IDE quirk: reg 0x14: [io  0x03f6]
[    0.702804] pci 0000:00:01.1: legacy IDE quirk: reg 0x18: [io  0x0170-0x0177]
[    0.704751] pci 0000:00:01.1: legacy IDE quirk: reg 0x1c: [io  0x0376]
[    0.706862] pci 0000:00:01.3: [8086:7113] type 00 class 0x068000
[    0.709741] pci 0000:00:01.3: quirk: [io  0x0600-0x063f] claimed by PIIX4 ACPI
[    0.711765] pci 0000:00:01.3: quirk: [io  0x0700-0x070f] claimed by PIIX4 SMB
[    0.714693] pci 0000:00:02.0: [1234:1111] type 00 class 0x030000
[    0.718490] pci 0000:00:02.0: reg 0x10: [mem 0xfd000000-0xfdffffff pref]
[    0.722826] pci 0000:00:02.0: reg 0x18: [mem 0xfebf0000-0xfebf0fff]
[    0.730407] pci 0000:00:02.0: reg 0x30: [mem 0xfebe0000-0xfebeffff pref]
[    0.733118] pci 0000:00:02.0: Video device with shadowed ROM at [mem 0x000c0000-0x000dffff]
[    0.741232] pci 0000:00:03.0: [8086:100e] type 00 class 0x020000
[    0.744813] pci 0000:00:03.0: reg 0x10: [mem 0xfebc0000-0xfebdffff]
[    0.746795] pci 0000:00:03.0: reg 0x14: [io  0xc000-0xc03f]
[    0.753512] pci 0000:00:03.0: reg 0x30: [mem 0xfeb80000-0xfebbffff pref]
[    0.762641] ACPI: PCI: Interrupt link LNKA configured for IRQ 10
[    0.767540] ACPI: PCI: Interrupt link LNKB configured for IRQ 10
[    0.769796] ACPI: PCI: Interrupt link LNKC configured for IRQ 11
[    0.771303] ACPI: PCI: Interrupt link LNKD configured for IRQ 11
[    0.774410] ACPI: PCI: Interrupt link LNKS configured for IRQ 9
[    0.778015] iommu: Default domain type: Translated 
[    0.779765] iommu: DMA domain TLB invalidation policy: lazy mode 
[    0.782663] SCSI subsystem initialized
[    0.783371] ACPI: bus type USB registered
[    0.783806] usbcore: registered new interface driver usbfs
[    0.785772] usbcore: registered new interface driver hub
[    0.786775] usbcore: registered new device driver usb
[    0.788822] pps_core: LinuxPPS API ver. 1 registered
[    0.789746] pps_core: Software ver. 5.3.6 - Copyright 2005-2007 Rodolfo Giometti <giometti@linux.it>
[    0.792047] PTP clock support registered
[    0.794805] Advanced Linux Sound Architecture Driver Initialized.
[    0.798377] NetLabel: Initializing
[    0.798749] NetLabel:  domain hash size = 128
[    0.799767] NetLabel:  protocols = UNLABELED CIPSOv4 CALIPSO
[    0.802113] NetLabel:  unlabeled traffic allowed by default
[    0.803825] PCI: Using ACPI for IRQ routing
[    0.804827] pci 0000:00:02.0: vgaarb: setting as boot VGA device
[    0.805741] pci 0000:00:02.0: vgaarb: bridge control possible
[    0.805741] pci 0000:00:02.0: vgaarb: VGA device added: decodes=io+mem,owns=io+mem,locks=none
[    0.809752] vgaarb: loaded
[    0.810749] hpet0: at MMIO 0xfed00000, IRQs 2, 8, 0
[    0.811741] hpet0: 3 comparators, 64-bit 100.000000 MHz counter
[    0.818299] clocksource: Switched to clocksource kvm-clock
[    0.819994] VFS: Disk quotas dquot_6.6.0
[    0.821295] VFS: Dquot-cache hash table entries: 512 (order 0, 4096 bytes)
[    0.824030] pnp: PnP ACPI init
[    0.826597] pnp: PnP ACPI: found 6 devices
[    0.841473] clocksource: acpi_pm: mask: 0xffffff max_cycles: 0xffffff, max_idle_ns: 2085701024 ns
[    0.844345] NET: Registered PF_INET protocol family
[    0.845955] IP idents hash table entries: 65536 (order: 7, 524288 bytes, linear)
[    0.849127] tcp_listen_portaddr_hash hash table entries: 2048 (order: 3, 32768 bytes, linear)
[    0.851400] Table-perturb hash table entries: 65536 (order: 6, 262144 bytes, linear)
[    0.853552] TCP established hash table entries: 32768 (order: 6, 262144 bytes, linear)
[    0.856805] TCP bind hash table entries: 32768 (order: 8, 1048576 bytes, linear)
[    0.858849] TCP: Hash tables configured (established 32768 bind 32768)
[    0.860883] UDP hash table entries: 2048 (order: 4, 65536 bytes, linear)
[    0.863163] UDP-Lite hash table entries: 2048 (order: 4, 65536 bytes, linear)
[    0.866347] NET: Registered PF_UNIX/PF_LOCAL protocol family
[    0.871143] RPC: Registered named UNIX socket transport module.
[    0.873911] RPC: Registered udp transport module.
[    0.876056] RPC: Registered tcp transport module.
[    0.878081] RPC: Registered tcp NFSv4.1 backchannel transport module.
[    0.881042] pci_bus 0000:00: resource 4 [io  0x0000-0x0cf7 window]
[    0.885648] pci_bus 0000:00: resource 5 [io  0x0d00-0xffff window]
[    0.887493] pci_bus 0000:00: resource 6 [mem 0x000a0000-0x000bffff window]
[    0.889618] pci_bus 0000:00: resource 7 [mem 0xc0000000-0xfebfffff window]
[    0.891663] pci_bus 0000:00: resource 8 [mem 0x140000000-0x1bfffffff window]
[    0.893845] pci 0000:00:01.0: PIIX3: Enabling Passive Release
[    0.897953] pci 0000:00:00.0: Limiting direct PCI/PCI transfers
[    0.899697] PCI: CLS 0 bytes, default 64
[    0.900793] PCI-DMA: Using software bounce buffering for IO (SWIOTLB)
[    0.901038] Unpacking initramfs...
[    0.902550] software IO TLB: mapped [mem 0x00000000bbe8d000-0x00000000bfe8d000] (64MB)
[    0.911801] RAPL PMU: API unit is 2^-32 Joules, 0 fixed counters, 10737418240 ms ovfl timer
[    0.916817] clocksource: tsc: mask: 0xffffffffffffffff max_cycles: 0x2b2c8ec87c7, max_idle_ns: 440795278598 ns
[    0.933369] Initialise system trusted keyrings
[    0.936300] workingset: timestamp_bits=56 max_order=20 bucket_order=0
[    0.945544] NFS: Registering the id_resolver key type
[    0.947807] Key type id_resolver registered
[    0.949326] Key type id_legacy registered
[    0.952208] 9p: Installing v9fs 9p2000 file system support
[    0.955334] Freeing initrd memory: 1356K
[    0.973760] Key type asymmetric registered
[    0.975220] Asymmetric key parser 'x509' registered
[    0.977434] Block layer SCSI generic (bsg) driver version 0.4 loaded (major 251)
[    0.979855] io scheduler mq-deadline registered
[    0.981785] io scheduler kyber registered
[    0.986000] input: Power Button as /devices/LNXSYSTM:00/LNXPWRBN:00/input/input0
[    0.992704] ACPI: button: Power Button [PWRF]
[    0.999454] Serial: 8250/16550 driver, 4 ports, IRQ sharing enabled
[    1.002581] 00:04: ttyS0 at I/O 0x3f8 (irq = 4, base_baud = 115200) is a 16550A
[    1.015083] Non-volatile memory driver v1.3
[    1.017740] Linux agpgart interface v0.103
[    1.019230] ACPI: bus type drm_connector registered
[    1.044341] loop: module loaded
[    1.049820] scsi host0: ata_piix
[    1.058531] scsi host1: ata_piix
[    1.060583] ata1: PATA max MWDMA2 cmd 0x1f0 ctl 0x3f6 bmdma 0xc040 irq 14
[    1.066145] ata2: PATA max MWDMA2 cmd 0x170 ctl 0x376 bmdma 0xc048 irq 15
[    1.071323] e100: Intel(R) PRO/100 Network Driver
[    1.073511] e100: Copyright(c) 1999-2006 Intel Corporation
[    1.076017] e1000: Intel(R) PRO/1000 Network Driver
[    1.078047] e1000: Copyright (c) 1999-2006 Intel Corporation.
[    1.234696] ata2: found unknown device (class 0)
[    1.241316] ata2.00: ATAPI: QEMU DVD-ROM, 2.5+, max UDMA/100
[    1.246174] scsi 1:0:0:0: CD-ROM            QEMU     QEMU DVD-ROM     2.5+ PQ: 0 ANSI: 5
[    1.273863] sr 1:0:0:0: [sr0] scsi3-mmc drive: 4x/4x cd/rw xa/form2 tray
[    1.276136] cdrom: Uniform CD-ROM driver Revision: 3.20
[    1.619340] ACPI: \_SB_.LNKC: Enabled at IRQ 11
[    1.983658] e1000 0000:00:03.0 eth0: (PCI:33MHz:32-bit) 52:54:00:12:34:56
[    1.985670] e1000 0000:00:03.0 eth0: Intel(R) PRO/1000 Network Connection
[    1.987602] e1000e: Intel(R) PRO/1000 Network Driver
[    1.989054] e1000e: Copyright(c) 1999 - 2015 Intel Corporation.
[    1.990769] sky2: driver version 1.30
[    1.993042] usbcore: registered new interface driver usblp
[    1.994263] usbcore: registered new interface driver usb-storage
[    1.996094] i8042: PNP: PS/2 Controller [PNP0303:KBD,PNP0f13:MOU] at 0x60,0x64 irq 1,12
[    1.999855] serio: i8042 KBD port at 0x60,0x64 irq 1
[    2.001233] serio: i8042 AUX port at 0x60,0x64 irq 12
[    2.003951] rtc_cmos 00:05: RTC can wake from S4
[    2.006905] input: AT Translated Set 2 keyboard as /devices/platform/i8042/serio0/input/input1
[    2.010254] rtc_cmos 00:05: registered as rtc0
[    2.011814] rtc_cmos 00:05: alarms up to one day, y3k, 242 bytes nvram, hpet irqs
[    2.015416] device-mapper: ioctl: 4.48.0-ioctl (2023-03-01) initialised: dm-devel@redhat.com
[    2.018744] intel_pstate: CPU model not supported
[    2.021997] hid: raw HID events driver (C) Jiri Kosina
[    2.026780] usbcore: registered new interface driver usbhid
[    2.028241] usbhid: USB HID core driver
[    2.030213] u32 classifier
[    2.031058]     input device check on
[    2.032088]     Actions configured
[    2.033405] Initializing XFRM netlink socket
[    2.035029] NET: Registered PF_INET6 protocol family
[    2.037943] Segment Routing with IPv6
[    2.040037] In-situ OAM (IOAM) with IPv6
[    2.041692] sit: IPv6, IPv4 and MPLS over IPv4 tunneling driver
[    2.045210] NET: Registered PF_PACKET protocol family
[    2.047054] 9pnet: Installing 9P2000 support
[    2.048559] Key type dns_resolver registered
[    2.051047] IPI shorthand broadcast: enabled
[    2.065500] sched_clock: Marking stable (2044036288, 21369950)->(2169392686, -103986448)
[    2.069925] registered taskstats version 1
[    2.071041] Loading compiled-in X.509 certificates
[    2.086478] PM:   Magic number: 10:35:228
[    2.088638] vc vcsu: hash matches
[    2.089918] printk: console [netcon0] enabled
[    2.091293] netconsole: network logging started
[    2.093643] cfg80211: Loading compiled-in X.509 certificates for regulatory database
[    2.101733] kworker/u8:2 (63) used greatest stack depth: 29536 bytes left
[    2.107308] Loaded X.509 cert 'sforshee: 00b28ddf47aef9cea7'
[    2.109686] platform regulatory.0: Direct firmware load for regulatory.db failed with error -2
[    2.110539] ALSA device list:
[    2.112336] cfg80211: failed to load regulatory.db
[    2.113643]   No soundcards found.
[    2.124584] Freeing unused kernel image (initmem) memory: 5616K
[    2.138747] Write protecting the kernel read-only data: 59392k
[    2.140926] Freeing unused kernel image (rodata/data gap) memory: 212K
[    2.158042] x86/mm: Checked W+X mappings: passed, no W+X pages found.
[    2.159363] Run /init as init process
[    2.165697] mount (67) used greatest stack depth: 28760 bytes left

secb: rootfs ready
---- poc begin ----
[*] lo ifindex=1
[    2.182741] HFSC: plug qdisc 102: is non-work-conserving?
[    2.183980] HFSC: hfsc qdisc 100: is non-work-conserving?
[~] race attempt 0/200
[    2.649446] input: ImExPS/2 Generic Explorer Mouse as /devices/platform/i8042/serio1/input/input3
[    3.780644] hrtimer: interrupt took 8959811 ns
[    8.912932] poc (76) used greatest stack depth: 28168 bytes left
[~] race attempt 10/200
[~] race attempt 20/200
[   48.799568] poc (103) used greatest stack depth: 28112 bytes left
[~] race attempt 30/200
[~] race attempt 40/200
[~] race attempt 50/200
[~] race attempt 60/200
[~] race attempt 70/200
[~] race attempt 80/200
[~] race attempt 90/200
[~] race attempt 100/200
[~] race attempt 110/200
[~] race attempt 120/200
[~] race attempt 130/200
[~] race attempt 140/200
[~] race attempt 150/200
[~] race attempt 160/200
[~] race attempt 170/200
[~] race attempt 180/200
[~] race attempt 190/200
poc: race never landed in 200 attempts
---- poc end rc=[  310.757660] poc (73) used greatest stack depth: 25728 bytes left
1 ----
secb: poc exited without crashing the kernel
[  312.130145] ACPI: PM: Preparing to enter system sleep state S5
[  312.131002] reboot: Power down
NO_CRASH_DETECTED
