bash: warning: setlocale: LC_ALL: cannot change locale (en_US.UTF-8)
c[?7l[2J[0mSeaBIOS (version 1.16.2-debian-1.16.2-1)


iPXE (http://ipxe.org) 00:03.0 CA00 PCI2.10 PnP PMM+7EFCEF00+7EF0EF00 CA00
Press Ctrl-B to configure iPXE (PCI 00:03.0)...                                                                               


Booting from ROM...
c[?7l[2J[    0.000000] Linux version 6.11.0-rc3-00187-gc6f5076912ad-dirty (root@buildkitsandbox) (gcc (Debian 12.2.0-14+deb12u1) 12.2.0, GNU ld (GNU Binutils for Debian) 2.40) #2 SMP PREEMPT_DYNAMIC Sat May 16 06:28:22 UTC 2026
[    0.000000] Command line: console=ttyS0 oops=panic nokaslr rdinit=/init
[    0.000000] BIOS-provided physical RAM map:
[    0.000000] BIOS-e820: [mem 0x0000000000000000-0x000000000009fbff] usable
[    0.000000] BIOS-e820: [mem 0x000000000009fc00-0x000000000009ffff] reserved
[    0.000000] BIOS-e820: [mem 0x00000000000f0000-0x00000000000fffff] reserved
[    0.000000] BIOS-e820: [mem 0x0000000000100000-0x000000007ffdffff] usable
[    0.000000] BIOS-e820: [mem 0x000000007ffe0000-0x000000007fffffff] reserved
[    0.000000] BIOS-e820: [mem 0x00000000feffc000-0x00000000feffffff] reserved
[    0.000000] BIOS-e820: [mem 0x00000000fffc0000-0x00000000ffffffff] reserved
[    0.000000] NX (Execute Disable) protection: active
[    0.000000] APIC: Static calls initialized
[    0.000000] SMBIOS 2.8 present.
[    0.000000] DMI: QEMU Standard PC (i440FX + PIIX, 1996), BIOS 1.16.2-debian-1.16.2-1 04/01/2014
[    0.000000] DMI: Memory slots populated: 1/1
[    0.000000] Hypervisor detected: KVM
[    0.000000] kvm-clock: Using msrs 4b564d01 and 4b564d00
[    0.000001] kvm-clock: using sched offset of 660943180 cycles
[    0.000003] clocksource: kvm-clock: mask: 0xffffffffffffffff max_cycles: 0x1cd42e4dffb, max_idle_ns: 881590591483 ns
[    0.000006] tsc: Detected 2995.198 MHz processor
[    0.000496] last_pfn = 0x7ffe0 max_arch_pfn = 0x400000000
[    0.000606] MTRR map: 4 entries (3 fixed + 1 variable; max 19), built from 8 variable MTRRs
[    0.000611] x86/PAT: Configuration [0-7]: WB  WC  UC- UC  WB  WP  UC- WT  
[    0.006280] found SMP MP-table at [mem 0x000f5ba0-0x000f5baf]
[    0.006292] Using GB pages for direct mapping
[    0.006293] Incomplete global flushes, disabling PCID
[    0.006433] RAMDISK: [mem 0x7fe8f000-0x7ffdffff]
[    0.006453] ACPI: Early table checksum verification disabled
[    0.006456] ACPI: RSDP 0x00000000000F59D0 000014 (v00 BOCHS )
[    0.006460] ACPI: RSDT 0x000000007FFE1D68 000034 (v01 BOCHS  BXPC     00000001 BXPC 00000001)
[    0.006465] ACPI: FACP 0x000000007FFE1BE4 000074 (v01 BOCHS  BXPC     00000001 BXPC 00000001)
[    0.006471] ACPI: DSDT 0x000000007FFE0040 001BA4 (v01 BOCHS  BXPC     00000001 BXPC 00000001)
[    0.006474] ACPI: FACS 0x000000007FFE0000 000040
[    0.006477] ACPI: APIC 0x000000007FFE1C58 0000B0 (v01 BOCHS  BXPC     00000001 BXPC 00000001)
[    0.006480] ACPI: HPET 0x000000007FFE1D08 000038 (v01 BOCHS  BXPC     00000001 BXPC 00000001)
[    0.006483] ACPI: WAET 0x000000007FFE1D40 000028 (v01 BOCHS  BXPC     00000001 BXPC 00000001)
[    0.006485] ACPI: Reserving FACP table memory at [mem 0x7ffe1be4-0x7ffe1c57]
[    0.006487] ACPI: Reserving DSDT table memory at [mem 0x7ffe0040-0x7ffe1be3]
[    0.006487] ACPI: Reserving FACS table memory at [mem 0x7ffe0000-0x7ffe003f]
[    0.006488] ACPI: Reserving APIC table memory at [mem 0x7ffe1c58-0x7ffe1d07]
[    0.006489] ACPI: Reserving HPET table memory at [mem 0x7ffe1d08-0x7ffe1d3f]
[    0.006489] ACPI: Reserving WAET table memory at [mem 0x7ffe1d40-0x7ffe1d67]
[    0.007204] No NUMA configuration found
[    0.007206] Faking a node at [mem 0x0000000000000000-0x000000007ffdffff]
[    0.007208] NODE_DATA(0) allocated [mem 0x7fe8b000-0x7fe8efff]
[    0.007219] Zone ranges:
[    0.007220]   DMA      [mem 0x0000000000001000-0x0000000000ffffff]
[    0.007222]   DMA32    [mem 0x0000000001000000-0x000000007ffdffff]
[    0.007224]   Normal   empty
[    0.007225] Movable zone start for each node
[    0.007226] Early memory node ranges
[    0.007226]   node   0: [mem 0x0000000000001000-0x000000000009efff]
[    0.007228]   node   0: [mem 0x0000000000100000-0x000000007ffdffff]
[    0.007229] Initmem setup node 0 [mem 0x0000000000001000-0x000000007ffdffff]
[    0.016000] On node 0, zone DMA: 1 pages in unavailable ranges
[    0.016351] On node 0, zone DMA: 97 pages in unavailable ranges
[    0.070071] On node 0, zone DMA32: 32 pages in unavailable ranges
[    0.611082] kasan: KernelAddressSanitizer initialized
[    0.612089] ACPI: PM-Timer IO Port: 0x608
[    0.612124] ACPI: LAPIC_NMI (acpi_id[0xff] dfl dfl lint[0x1])
[    0.612217] IOAPIC[0]: apic_id 0, version 17, address 0xfec00000, GSI 0-23
[    0.612252] ACPI: INT_SRC_OVR (bus 0 bus_irq 0 global_irq 2 dfl dfl)
[    0.612255] ACPI: INT_SRC_OVR (bus 0 bus_irq 5 global_irq 5 high level)
[    0.612256] ACPI: INT_SRC_OVR (bus 0 bus_irq 9 global_irq 9 high level)
[    0.612257] ACPI: INT_SRC_OVR (bus 0 bus_irq 10 global_irq 10 high level)
[    0.612258] ACPI: INT_SRC_OVR (bus 0 bus_irq 11 global_irq 11 high level)
[    0.612262] ACPI: Using ACPI (MADT) for SMP configuration information
[    0.612263] ACPI: HPET id: 0x8086a201 base: 0xfed00000
[    0.612300] TSC deadline timer available
[    0.612317] CPU topo: Max. logical packages:   1
[    0.612318] CPU topo: Max. logical dies:       1
[    0.612319] CPU topo: Max. dies per package:   1
[    0.612321] CPU topo: Max. threads per core:   1
[    0.612322] CPU topo: Num. cores per package:     8
[    0.612322] CPU topo: Num. threads per package:   8
[    0.612323] CPU topo: Allowing 8 present CPUs plus 0 hotplug CPUs
[    0.612430] kvm-guest: APIC: eoi() replaced with kvm_guest_apic_eoi_write()
[    0.612490] kvm-guest: KVM setup pv remote TLB flush
[    0.612499] kvm-guest: setup PV sched yield
[    0.612562] PM: hibernation: Registered nosave memory: [mem 0x00000000-0x00000fff]
[    0.612564] PM: hibernation: Registered nosave memory: [mem 0x0009f000-0x0009ffff]
[    0.612565] PM: hibernation: Registered nosave memory: [mem 0x000a0000-0x000effff]
[    0.612565] PM: hibernation: Registered nosave memory: [mem 0x000f0000-0x000fffff]
[    0.612567] [mem 0x80000000-0xfeffbfff] available for PCI devices
[    0.612570] Booting paravirtualized kernel on KVM
[    0.612575] clocksource: refined-jiffies: mask: 0xffffffff max_cycles: 0xffffffff, max_idle_ns: 1910969940391419 ns
[    0.624723] setup_percpu: NR_CPUS:64 nr_cpumask_bits:8 nr_cpu_ids:8 nr_node_ids:1
[    0.634110] percpu: Embedded 68 pages/cpu s241176 r8192 d29160 u524288
[    0.634467] Kernel command line: console=ttyS0 oops=panic nokaslr rdinit=/init
[    0.634610] random: crng init done
[    0.637940] Dentry cache hash table entries: 262144 (order: 9, 2097152 bytes, linear)
[    0.639390] Inode-cache hash table entries: 131072 (order: 8, 1048576 bytes, linear)
[    0.640029] Fallback order for Node 0: 0 
[    0.640051] Built 1 zonelists, mobility grouping on.  Total pages: 524158
[    0.640052] Policy zone: DMA32
[    0.640054] mem auto-init: stack:all(zero), heap alloc:off, heap free:off
[    0.640056] stackdepot: allocating hash table via alloc_large_system_hash
[    0.640058] stackdepot hash table entries: 1048576 (order: 12, 16777216 bytes, linear)
[    0.705896] SLUB: HWalign=64, Order=0-3, MinObjects=0, CPUs=8, Nodes=1
[    0.708489] Dynamic Preempt: voluntary
[    0.710046] rcu: Preemptible hierarchical RCU implementation.
[    0.710048] rcu: 	RCU event tracing is enabled.
[    0.710049] rcu: 	RCU restricting CPUs from NR_CPUS=64 to nr_cpu_ids=8.
[    0.710080] 	Trampoline variant of Tasks RCU enabled.
[    0.710081] rcu: RCU calculated value of scheduler-enlistment delay is 100 jiffies.
[    0.710082] rcu: Adjusting geometry for rcu_fanout_leaf=16, nr_cpu_ids=8
[    0.710112] RCU Tasks: Setting shift to 3 and lim to 1 rcu_task_cb_adjust=1.
[    0.719031] NR_IRQS: 4352, nr_irqs: 488, preallocated irqs: 16
[    0.719441] rcu: srcu_init: Setting srcu_struct sizes based on contention.
[    0.727558] Console: colour VGA+ 80x25
[    0.727683] printk: legacy console [ttyS0] enabled
[    0.946861] ACPI: Core revision 20240322
[    0.948574] clocksource: hpet: mask: 0xffffffff max_cycles: 0xffffffff, max_idle_ns: 19112604467 ns
[    0.952107] APIC: Switch to symmetric I/O mode setup
[    0.953546] kvm-guest: APIC: send_IPI_mask() replaced with kvm_send_ipi_mask()
[    0.955613] kvm-guest: APIC: send_IPI_mask_allbutself() replaced with kvm_send_ipi_mask_allbutself()
[    0.958228] kvm-guest: setup PV IPIs
[    0.963156] ..TIMER: vector=0x30 apic1=0 pin1=2 apic2=-1 pin2=-1
[    0.964928] clocksource: tsc-early: mask: 0xffffffffffffffff max_cycles: 0x2b2c8d6afc8, max_idle_ns: 440795331172 ns
[    0.969275] Calibrating delay loop (skipped) preset value.. 5990.39 BogoMIPS (lpj=2995198)
[    0.970773] x86/cpu: User Mode Instruction Prevention (UMIP) activated
[    0.972748] Last level iTLB entries: 4KB 0, 2MB 0, 4MB 0
[    0.973244] Last level dTLB entries: 4KB 0, 2MB 0, 4MB 0, 1GB 0
[    0.974316] Spectre V1 : Mitigation: usercopy/swapgs barriers and __user pointer sanitization
[    0.975255] Spectre V2 : Spectre BHI mitigation: SW BHB clearing on syscall and VM exit
[    0.976246] Spectre V2 : Mitigation: Enhanced / Automatic IBRS
[    0.977245] Spectre V2 : Spectre v2 / SpectreRSB mitigation: Filling RSB on context switch
[    0.978246] Spectre V2 : Spectre v2 / PBRSB-eIBRS: Retire a single CALL on VMEXIT
[    0.979248] RETBleed: Mitigation: Enhanced IBRS
[    0.980256] Spectre V2 : mitigation: Enabling conditional Indirect Branch Prediction Barrier
[    0.981247] Speculative Store Bypass: Mitigation: Speculative Store Bypass disabled via prctl
[    0.982246] MMIO Stale Data: Unknown: No mitigations
[    0.983246] Register File Data Sampling: Vulnerable: No microcode
[    0.984321] x86/fpu: Supporting XSAVE feature 0x001: 'x87 floating point registers'
[    0.985248] x86/fpu: Supporting XSAVE feature 0x002: 'SSE registers'
[    0.986250] x86/fpu: Supporting XSAVE feature 0x004: 'AVX registers'
[    0.988245] x86/fpu: xstate_offset[2]:  576, xstate_sizes[2]:  256
[    0.989246] x86/fpu: Enabled xstate features 0x7, context size is 832 bytes, using 'compacted' format.
[    1.019242] Freeing SMP alternatives memory: 48K
[    1.019248] pid_max: default: 32768 minimum: 301
[    1.020423] LSM: initializing lsm=capability,selinux
[    1.021268] SELinux:  Initializing.
[    1.023517] Mount-cache hash table entries: 4096 (order: 3, 32768 bytes, linear)
[    1.024270] Mountpoint-cache hash table entries: 4096 (order: 3, 32768 bytes, linear)
[    1.026767] smpboot: CPU0: 13th Gen Intel(R) Core(TM) i9-13900H (family: 0x6, model: 0xba, stepping: 0x2)
[    1.027783] Performance Events: unsupported p6 CPU model 186 no PMU driver, software events only.
[    1.028333] signal: max sigframe size: 1776
[    1.029393] rcu: Hierarchical SRCU implementation.
[    1.030250] rcu: 	Max phase no-delay instances is 400.
[    1.031560] Timer migration: 1 hierarchy levels; 8 children per group; 1 crossnode level
[    1.033916] smp: Bringing up secondary CPUs ...
[    1.036063] smpboot: x86: Booting SMP configuration:
[    1.036252] .... node  #0, CPUs:      #1 #2 #3 #4 #5 #6 #7
[    1.058629] smp: Brought up 1 node, 8 CPUs
[    1.060263] smpboot: Total of 8 processors activated (47923.16 BogoMIPS)
[    1.065051] Memory: 1670732K/2096632K available (51200K kernel code, 8453K rwdata, 10948K rodata, 5920K init, 1820K bss, 418048K reserved, 0K cma-reserved)
[    1.067473] devtmpfs: initialized
[    1.073681] clocksource: jiffies: mask: 0xffffffff max_cycles: 0xffffffff, max_idle_ns: 1911260446275000 ns
[    1.074410] futex hash table entries: 2048 (order: 5, 131072 bytes, linear)
[    1.076502] PM: RTC time: 06:29:33, date: 2026-05-16
[    1.079489] NET: Registered PF_NETLINK/PF_ROUTE protocol family
[    1.081287] audit: initializing netlink subsys (disabled)
[    1.083383] audit: type=2000 audit(1778912974.204:1): state=initialized audit_enabled=0 res=1
[    1.085046] thermal_sys: Registered thermal governor 'step_wise'
[    1.085292] thermal_sys: Registered thermal governor 'user_space'
[    1.086691] cpuidle: using governor menu
[    1.090374] PCI: Using configuration type 1 for base access
[    1.092331] kprobes: kprobe jump-optimization is enabled. All kprobes are optimized if possible.
[    1.095386] HugeTLB: registered 2.00 MiB page size, pre-allocated 0 pages
[    1.096289] HugeTLB: 28 KiB vmemmap can be freed for a 2.00 MiB page
[    1.099397] ACPI: Added _OSI(Module Device)
[    1.100302] ACPI: Added _OSI(Processor Device)
[    1.101250] ACPI: Added _OSI(3.0 _SCP Extensions)
[    1.102286] ACPI: Added _OSI(Processor Aggregator Device)
[    1.116372] ACPI: 1 ACPI AML tables successfully acquired and loaded
[    1.123847] ACPI: Interpreter enabled
[    1.124907] ACPI: PM: (supports S0 S3 S4 S5)
[    1.125319] ACPI: Using IOAPIC for interrupt routing
[    1.127068] PCI: Using host bridge windows from ACPI; if necessary, use "pci=nocrs" and report a bug
[    1.127277] PCI: Using E820 reservations for host bridge windows
[    1.129569] ACPI: Enabled 2 GPEs in block 00 to 0F
[    1.162906] ACPI: PCI Root Bridge [PCI0] (domain 0000 [bus 00-ff])
[    1.163718] acpi PNP0A03:00: _OSC: OS supports [ASPM ClockPM Segments MSI HPX-Type3]
[    1.164309] acpi PNP0A03:00: _OSC: not requesting OS control; OS requires [ExtendedConfig ASPM ClockPM MSI]
[    1.165700] acpi PNP0A03:00: fail to add MMCONFIG information, can't access extended configuration space under this bridge
[    1.167316] PCI host bridge to bus 0000:00
[    1.168592] pci_bus 0000:00: root bus resource [io  0x0000-0x0cf7 window]
[    1.169427] pci_bus 0000:00: root bus resource [io  0x0d00-0xffff window]
[    1.170405] pci_bus 0000:00: root bus resource [mem 0x000a0000-0x000bffff window]
[    1.171491] pci_bus 0000:00: root bus resource [mem 0x80000000-0xfebfffff window]
[    1.172461] pci_bus 0000:00: root bus resource [mem 0x100000000-0x17fffffff window]
[    1.173265] pci_bus 0000:00: root bus resource [bus 00-ff]
[    1.174691] pci 0000:00:00.0: [8086:1237] type 00 class 0x060000 conventional PCI endpoint
[    1.185143] pci 0000:00:01.0: [8086:7000] type 00 class 0x060100 conventional PCI endpoint
[    1.195623] pci 0000:00:01.1: [8086:7010] type 00 class 0x010180 conventional PCI endpoint
[    1.198176] pci 0000:00:01.1: BAR 4 [io  0xc040-0xc04f]
[    1.199227] pci 0000:00:01.1: BAR 0 [io  0x01f0-0x01f7]: legacy IDE quirk
[    1.199337] pci 0000:00:01.1: BAR 1 [io  0x03f6]: legacy IDE quirk
[    1.200397] pci 0000:00:01.1: BAR 2 [io  0x0170-0x0177]: legacy IDE quirk
[    1.201256] pci 0000:00:01.1: BAR 3 [io  0x0376]: legacy IDE quirk
[    1.203467] pci 0000:00:01.3: [8086:7113] type 00 class 0x068000 conventional PCI endpoint
[    1.205285] pci 0000:00:01.3: quirk: [io  0x0600-0x063f] claimed by PIIX4 ACPI
[    1.206389] pci 0000:00:01.3: quirk: [io  0x0700-0x070f] claimed by PIIX4 SMB
[    1.208546] pci 0000:00:02.0: [1234:1111] type 00 class 0x030000 conventional PCI endpoint
[    1.211264] pci 0000:00:02.0: BAR 0 [mem 0xfd000000-0xfdffffff pref]
[    1.215370] pci 0000:00:02.0: BAR 2 [mem 0xfebf0000-0xfebf0fff]
[    1.221191] pci 0000:00:02.0: ROM [mem 0xfebe0000-0xfebeffff pref]
[    1.223953] pci 0000:00:02.0: Video device with shadowed ROM at [mem 0x000c0000-0x000dffff]
[    1.236881] pci 0000:00:03.0: [8086:100e] type 00 class 0x020000 conventional PCI endpoint
[    1.238284] pci 0000:00:03.0: BAR 0 [mem 0xfebc0000-0xfebdffff]
[    1.240252] pci 0000:00:03.0: BAR 1 [io  0xc000-0xc03f]
[    1.246305] pci 0000:00:03.0: ROM [mem 0xfeb80000-0xfebbffff pref]
[    1.261173] ACPI: PCI: Interrupt link LNKA configured for IRQ 10
[    1.262193] ACPI: PCI: Interrupt link LNKB configured for IRQ 10
[    1.263306] ACPI: PCI: Interrupt link LNKC configured for IRQ 11
[    1.265256] ACPI: PCI: Interrupt link LNKD configured for IRQ 11
[    1.266964] ACPI: PCI: Interrupt link LNKS configured for IRQ 9
[    1.276690] iommu: Default domain type: Translated
[    1.277268] iommu: DMA domain TLB invalidation policy: lazy mode
[    1.280603] SCSI subsystem initialized
[    1.284573] ACPI: bus type USB registered
[    1.286020] usbcore: registered new interface driver usbfs
[    1.286700] usbcore: registered new interface driver hub
[    1.287677] usbcore: registered new device driver usb
[    1.288973] pps_core: LinuxPPS API ver. 1 registered
[    1.289250] pps_core: Software ver. 5.3.6 - Copyright 2005-2007 Rodolfo Giometti <giometti@linux.it>
[    1.290719] PTP clock support registered
[    1.293544] Advanced Linux Sound Architecture Driver Initialized.
[    1.298863] NetLabel: Initializing
[    1.299261] NetLabel:  domain hash size = 128
[    1.300248] NetLabel:  protocols = UNLABELED CIPSOv4 CALIPSO
[    1.302148] NetLabel:  unlabeled traffic allowed by default
[    1.305665] PCI: Using ACPI for IRQ routing
[    1.307396] pci 0000:00:02.0: vgaarb: setting as boot VGA device
[    1.308242] pci 0000:00:02.0: vgaarb: bridge control possible
[    1.308242] pci 0000:00:02.0: vgaarb: VGA device added: decodes=io+mem,owns=io+mem,locks=none
[    1.308286] vgaarb: loaded
[    1.311189] hpet0: at MMIO 0xfed00000, IRQs 2, 8, 0
[    1.311275] hpet0: 3 comparators, 64-bit 100.000000 MHz counter
[    1.315238] clocksource: Switched to clocksource kvm-clock
[    1.326883] VFS: Disk quotas dquot_6.6.0
[    1.328572] VFS: Dquot-cache hash table entries: 512 (order 0, 4096 bytes)
[    1.332317] pnp: PnP ACPI init
[    1.336300] pnp: PnP ACPI: found 6 devices
[    1.359488] clocksource: acpi_pm: mask: 0xffffff max_cycles: 0xffffff, max_idle_ns: 2085701024 ns
[    1.362403] NET: Registered PF_INET protocol family
[    1.365526] IP idents hash table entries: 32768 (order: 6, 262144 bytes, linear)
[    1.371174] tcp_listen_portaddr_hash hash table entries: 1024 (order: 2, 16384 bytes, linear)
[    1.373730] Table-perturb hash table entries: 65536 (order: 6, 262144 bytes, linear)
[    1.376193] TCP established hash table entries: 16384 (order: 5, 131072 bytes, linear)
[    1.378772] TCP bind hash table entries: 16384 (order: 7, 524288 bytes, linear)
[    1.381950] TCP: Hash tables configured (established 16384 bind 16384)
[    1.385228] UDP hash table entries: 1024 (order: 3, 32768 bytes, linear)
[    1.387482] UDP-Lite hash table entries: 1024 (order: 3, 32768 bytes, linear)
[    1.391033] NET: Registered PF_UNIX/PF_LOCAL protocol family
[    1.397993] RPC: Registered named UNIX socket transport module.
[    1.399738] RPC: Registered udp transport module.
[    1.401745] RPC: Registered tcp transport module.
[    1.403497] RPC: Registered tcp-with-tls transport module.
[    1.405033] RPC: Registered tcp NFSv4.1 backchannel transport module.
[    1.409368] pci_bus 0000:00: resource 4 [io  0x0000-0x0cf7 window]
[    1.411155] pci_bus 0000:00: resource 5 [io  0x0d00-0xffff window]
[    1.412923] pci_bus 0000:00: resource 6 [mem 0x000a0000-0x000bffff window]
[    1.414551] pci_bus 0000:00: resource 7 [mem 0x80000000-0xfebfffff window]
[    1.416297] pci_bus 0000:00: resource 8 [mem 0x100000000-0x17fffffff window]
[    1.418427] pci 0000:00:01.0: PIIX3: Enabling Passive Release
[    1.420226] pci 0000:00:00.0: Limiting direct PCI/PCI transfers
[    1.425600] PCI: CLS 0 bytes, default 64
[    1.430918] Unpacking initramfs...
[    1.434135] RAPL PMU: API unit is 2^-32 Joules, 0 fixed counters, 10737418240 ms ovfl timer
[    1.436497] clocksource: tsc: mask: 0xffffffffffffffff max_cycles: 0x2b2c8d6afc8, max_idle_ns: 440795331172 ns
[    1.469391] Initialise system trusted keyrings
[    1.475072] workingset: timestamp_bits=56 max_order=19 bucket_order=0
[    1.481860] Freeing initrd memory: 1348K
[    1.488477] NFS: Registering the id_resolver key type
[    1.495131] Key type id_resolver registered
[    1.497047] Key type id_legacy registered
[    1.499682] 9p: Installing v9fs 9p2000 file system support
[    1.520504] Key type asymmetric registered
[    1.522221] Asymmetric key parser 'x509' registered
[    1.524404] Block layer SCSI generic (bsg) driver version 0.4 loaded (major 251)
[    1.527179] io scheduler mq-deadline registered
[    1.529218] io scheduler kyber registered
[    1.535586] input: Power Button as /devices/LNXSYSTM:00/LNXPWRBN:00/input/input0
[    1.538517] ACPI: button: Power Button [PWRF]
[    1.547486] Serial: 8250/16550 driver, 4 ports, IRQ sharing enabled
[    1.551335] 00:04: ttyS0 at I/O 0x3f8 (irq = 4, base_baud = 115200) is a 16550A
[    1.566443] Non-volatile memory driver v1.3
[    1.568080] Linux agpgart interface v0.103
[    1.570552] ACPI: bus type drm_connector registered
[    1.589069] loop: module loaded
[    1.600555] scsi host0: ata_piix
[    1.603767] scsi host1: ata_piix
[    1.605573] ata1: PATA max MWDMA2 cmd 0x1f0 ctl 0x3f6 bmdma 0xc040 irq 14 lpm-pol 0
[    1.607751] ata2: PATA max MWDMA2 cmd 0x170 ctl 0x376 bmdma 0xc048 irq 15 lpm-pol 0
[    1.617625] e100: Intel(R) PRO/100 Network Driver
[    1.619489] e100: Copyright(c) 1999-2006 Intel Corporation
[    1.622206] e1000: Intel(R) PRO/1000 Network Driver
[    1.624219] e1000: Copyright (c) 1999-2006 Intel Corporation.
[    1.772459] ata2: found unknown device (class 0)
[    1.776969] ata2.00: ATAPI: QEMU DVD-ROM, 2.5+, max UDMA/100
[    1.781687] scsi 1:0:0:0: CD-ROM            QEMU     QEMU DVD-ROM     2.5+ PQ: 0 ANSI: 5
[    1.816960] sr 1:0:0:0: [sr0] scsi3-mmc drive: 4x/4x cd/rw xa/form2 tray
[    1.818695] cdrom: Uniform CD-ROM driver Revision: 3.20
[    1.832051] sr 1:0:0:0: Attached scsi generic sg0 type 5
[    2.173390] ACPI: \_SB_.LNKC: Enabled at IRQ 11
[    2.551080] e1000 0000:00:03.0 eth0: (PCI:33MHz:32-bit) 52:54:00:12:34:56
[    2.552946] e1000 0000:00:03.0 eth0: Intel(R) PRO/1000 Network Connection
[    2.556053] e1000e: Intel(R) PRO/1000 Network Driver
[    2.558650] e1000e: Copyright(c) 1999 - 2015 Intel Corporation.
[    2.566173] sky2: driver version 1.30
[    2.570614] usbcore: registered new interface driver usblp
[    2.572257] usbcore: registered new interface driver usb-storage
[    2.574525] i8042: PNP: PS/2 Controller [PNP0303:KBD,PNP0f13:MOU] at 0x60,0x64 irq 1,12
[    2.578318] serio: i8042 KBD port at 0x60,0x64 irq 1
[    2.579602] serio: i8042 AUX port at 0x60,0x64 irq 12
[    2.583753] input: AT Translated Set 2 keyboard as /devices/platform/i8042/serio0/input/input1
[    2.588308] rtc_cmos 00:05: RTC can wake from S4
[    2.592154] rtc_cmos 00:05: registered as rtc0
[    2.595228] rtc_cmos 00:05: alarms up to one day, y3k, 242 bytes nvram, hpet irqs
[    2.604834] device-mapper: ioctl: 4.48.0-ioctl (2023-03-01) initialised: dm-devel@lists.linux.dev
[    2.607753] intel_pstate: CPU model not supported
[    2.609233] hid: raw HID events driver (C) Jiri Kosina
[    2.611998] usbcore: registered new interface driver usbhid
[    2.613589] usbhid: USB HID core driver
[    2.617715] netem: version 1.3
[    2.621553] Initializing XFRM netlink socket
[    2.625375] NET: Registered PF_INET6 protocol family
[    2.630685] Segment Routing with IPv6
[    2.632220] In-situ OAM (IOAM) with IPv6
[    2.634367] sit: IPv6, IPv4 and MPLS over IPv4 tunneling driver
[    2.638171] NET: Registered PF_PACKET protocol family
[    2.640201] 9pnet: Installing 9P2000 support
[    2.642239] Key type dns_resolver registered
[    2.648220] IPI shorthand broadcast: enabled
[    2.668855] sched_clock: Marking stable (2425008256, 243789547)->(2884459021, -215661218)
[    2.673345] registered taskstats version 1
[    2.674785] Loading compiled-in X.509 certificates
[    2.692130] Demotion targets for Node 0: null
[    2.694231] PM:   Magic number: 10:755:468
[    2.695897] printk: legacy console [netcon0] enabled
[    2.697528] netconsole: network logging started
[    2.702974] cfg80211: Loading compiled-in X.509 certificates for regulatory database
[    2.706495] kworker/u32:1 (89) used greatest stack depth: 29152 bytes left
[    2.714392] Loaded X.509 cert 'sforshee: 00b28ddf47aef9cea7'
[    2.716334] Loaded X.509 cert 'wens: 61c038651aabdcf94bd0ac7ff06c7248db18c600'
[    2.719156] platform regulatory.0: Direct firmware load for regulatory.db failed with error -2
[    2.721764] cfg80211: failed to load regulatory.db
[    2.722050] ALSA device list:
[    2.724299]   No soundcards found.
[    2.739462] Freeing unused kernel image (initmem) memory: 5920K
[    2.740769] Write protecting the kernel read-only data: 63488k
[    2.744974] Freeing unused kernel image (rodata/data gap) memory: 1340K
[    2.759591] x86/mm: Checked W+X mappings: passed, no W+X pages found.
[    2.761919] Run /init as init process
[    2.768125] mkdir (96) used greatest stack depth: 28416 bytes left
[    2.793184] busybox (102) used greatest stack depth: 28016 bytes left

secb: rootfs ready
---- poc begin ----
poc: CVE-2024-45016 trigger
poc: d0 ifindex=3
poc: drr root
poc: drr class 1:1
poc: 16 dummy classes added
poc: netem under 1:1 (dup=100%, limit=1)
poc: storm sent
poc: del 1:1 ok -> UAF live
poc: done
[    2.933258] poc (103) used greatest stack depth: 26880 bytes left
---- poc end rc=0 ----
secb: poc exited without crashing the kernel
[    3.639189] input: ImExPS/2 Generic Explorer Mouse as /devices/platform/i8042/serio1/input/input3
[    4.407142] ACPI: PM: Preparing to enter system sleep state S5
[    4.408218] reboot: Power down
NO_CRASH_DETECTED
