bash: warning: setlocale: LC_ALL: cannot change locale (en_US.UTF-8)
c[?7l[2J[0mSeaBIOS (version 1.16.2-debian-1.16.2-1)
Booting from ROM..c[?7l[2J[0m.No EFI environment detected.
early console in extract_kernel
input_data: 0x0000000012ec22c4
input_len: 0x000000000651fa72
output: 0x0000000001000000
output_len: 0x0000000013b22cd8
kernel_total_size: 0x0000000018428000
needed_size: 0x0000000018600000
trampoline_32bit: 0x0000000000000000

Decompressing Linux... Parsing ELF... done.
Booting the kernel (entry_offset: 0x000000000ac15f90).
[    0.000000][    T0] Linux version 6.14.0-rc3-ga1c24ab82279-dirty (root@buildkitsandbox) (gcc (Debian 12.2.0-14+deb12u1) 12.2.0, GNU ld (GNU Binutils for Debian) 2.40) #1 SMP PREEMPT Sun May 24 22:10:56 UTC 2026
[    0.000000][    T0] Command line: console=ttyS0 oops=panic panic=86400 nokaslr earlyprintk=serial rdinit=/init
[    0.000000][    T0] BIOS-provided physical RAM map:
[    0.000000][    T0] BIOS-e820: [mem 0x0000000000000000-0x000000000009fbff] usable
[    0.000000][    T0] BIOS-e820: [mem 0x000000000009fc00-0x000000000009ffff] reserved
[    0.000000][    T0] BIOS-e820: [mem 0x00000000000f0000-0x00000000000fffff] reserved
[    0.000000][    T0] BIOS-e820: [mem 0x0000000000100000-0x000000007ffdffff] usable
[    0.000000][    T0] BIOS-e820: [mem 0x000000007ffe0000-0x000000007fffffff] reserved
[    0.000000][    T0] BIOS-e820: [mem 0x00000000feffc000-0x00000000feffffff] reserved
[    0.000000][    T0] BIOS-e820: [mem 0x00000000fffc0000-0x00000000ffffffff] reserved
[    0.000000][    T0] BIOS-e820: [mem 0x000000fd00000000-0x000000ffffffffff] reserved
[    0.000000][    T0] printk: legacy bootconsole [earlyser0] enabled
[    0.000000][    T0] NX (Execute Disable) protection: active
[    0.000000][    T0] APIC: Static calls initialized
[    0.000000][    T0] SMBIOS 2.8 present.
[    0.000000][    T0] DMI: QEMU Standard PC (i440FX + PIIX, 1996), BIOS 1.16.2-debian-1.16.2-1 04/01/2014
[    0.000000][    T0] DMI: Memory slots populated: 1/1
[    0.000000][    T0] tsc: Fast TSC calibration using PIT
[    0.000000][    T0] tsc: Detected 3493.293 MHz processor
[    0.005985][    T0] last_pfn = 0x7ffe0 max_arch_pfn = 0x400000000
[    0.006724][    T0] MTRR map: 4 entries (3 fixed + 1 variable; max 19), built from 8 variable MTRRs
[    0.007765][    T0] x86/PAT: Configuration [0-7]: WB  WC  UC- UC  WB  WP  UC- WT  
[    0.011654][    T0] found SMP MP-table at [mem 0x000f5ba0-0x000f5baf]
[    0.012417][    T0] Using GB pages for direct mapping
[    0.015346][    T0] RAMDISK: [mem 0x7fe8e000-0x7ffdffff]
[    0.015965][    T0] ACPI: Early table checksum verification disabled
[    0.016698][    T0] ACPI: RSDP 0x00000000000F59D0 000014 (v00 BOCHS )
[    0.017463][    T0] ACPI: RSDT 0x000000007FFE1B33 000034 (v01 BOCHS  BXPC     00000001 BXPC 00000001)
[    0.018541][    T0] ACPI: FACP 0x000000007FFE19DF 000074 (v01 BOCHS  BXPC     00000001 BXPC 00000001)
[    0.019625][    T0] ACPI: DSDT 0x000000007FFE0040 00199F (v01 BOCHS  BXPC     00000001 BXPC 00000001)
[    0.020703][    T0] ACPI: FACS 0x000000007FFE0000 000040
[    0.021335][    T0] ACPI: APIC 0x000000007FFE1A53 000080 (v01 BOCHS  BXPC     00000001 BXPC 00000001)
[    0.022410][    T0] ACPI: HPET 0x000000007FFE1AD3 000038 (v01 BOCHS  BXPC     00000001 BXPC 00000001)
[    0.023486][    T0] ACPI: WAET 0x000000007FFE1B0B 000028 (v01 BOCHS  BXPC     00000001 BXPC 00000001)
[    0.024552][    T0] ACPI: Reserving FACP table memory at [mem 0x7ffe19df-0x7ffe1a52]
[    0.025445][    T0] ACPI: Reserving DSDT table memory at [mem 0x7ffe0040-0x7ffe19de]
[    0.026337][    T0] ACPI: Reserving FACS table memory at [mem 0x7ffe0000-0x7ffe003f]
[    0.027226][    T0] ACPI: Reserving APIC table memory at [mem 0x7ffe1a53-0x7ffe1ad2]
[    0.028118][    T0] ACPI: Reserving HPET table memory at [mem 0x7ffe1ad3-0x7ffe1b0a]
[    0.029012][    T0] ACPI: Reserving WAET table memory at [mem 0x7ffe1b0b-0x7ffe1b32]
[    0.030707][    T0] No NUMA configuration found
[    0.031232][    T0] Faking a node at [mem 0x0000000000000000-0x000000007ffdffff]
[    0.032084][    T0] NODE_DATA(0) allocated [mem 0x7fe8a740-0x7fe8dc7f]
[    0.032852][    T0] cma: Reserved 32 MiB at 0x000000007de00000 on node -1
[    0.037240][    T0] Zone ranges:
[    0.037653][    T0]   DMA      [mem 0x0000000000001000-0x0000000000ffffff]
[    0.038455][    T0]   DMA32    [mem 0x0000000001000000-0x000000007ffdffff]
[    0.039256][    T0]   Normal   empty
[    0.039679][    T0]   Device   empty
[    0.040097][    T0] Movable zone start for each node
[    0.040673][    T0] Early memory node ranges
[    0.041173][    T0]   node   0: [mem 0x0000000000001000-0x000000000009efff]
[    0.041976][    T0]   node   0: [mem 0x0000000000100000-0x000000007ffdffff]
[    0.042787][    T0] Initmem setup node 0 [mem 0x0000000000001000-0x000000007ffdffff]
[    0.043695][    T0] On node 0, zone DMA: 1 pages in unavailable ranges
[    0.044684][    T0] On node 0, zone DMA: 97 pages in unavailable ranges
[    0.072897][    T0] On node 0, zone DMA32: 32 pages in unavailable ranges
[    0.108966][    T0] kasan: KernelAddressSanitizer initialized
[    0.109929][    T0] ACPI: PM-Timer IO Port: 0x608
[    0.110491][    T0] ACPI: LAPIC_NMI (acpi_id[0xff] dfl dfl lint[0x1])
[    0.111275][    T0] IOAPIC[0]: apic_id 0, version 17, address 0xfec00000, GSI 0-23
[    0.112160][    T0] ACPI: INT_SRC_OVR (bus 0 bus_irq 0 global_irq 2 dfl dfl)
[    0.112978][    T0] ACPI: INT_SRC_OVR (bus 0 bus_irq 5 global_irq 5 high level)
[    0.113822][    T0] ACPI: INT_SRC_OVR (bus 0 bus_irq 9 global_irq 9 high level)
[    0.114666][    T0] ACPI: INT_SRC_OVR (bus 0 bus_irq 10 global_irq 10 high level)
[    0.115528][    T0] ACPI: INT_SRC_OVR (bus 0 bus_irq 11 global_irq 11 high level)
[    0.116404][    T0] ACPI: Using ACPI (MADT) for SMP configuration information
[    0.117231][    T0] ACPI: HPET id: 0x8086a201 base: 0xfed00000
[    0.117913][    T0] TSC deadline timer available
[    0.118454][    T0] CPU topo: Max. logical packages:   1
[    0.119065][    T0] CPU topo: Max. logical dies:       1
[    0.119672][    T0] CPU topo: Max. dies per package:   1
[    0.120292][    T0] CPU topo: Max. threads per core:   1
[    0.120908][    T0] CPU topo: Num. cores per package:     2
[    0.121551][    T0] CPU topo: Num. threads per package:   2
[    0.122192][    T0] CPU topo: Allowing 2 present CPUs plus 0 hotplug CPUs
[    0.122983][    T0] PM: hibernation: Registered nosave memory: [mem 0x00000000-0x00000fff]
[    0.123942][    T0] PM: hibernation: Registered nosave memory: [mem 0x0009f000-0x0009ffff]
[    0.124900][    T0] PM: hibernation: Registered nosave memory: [mem 0x000a0000-0x000effff]
[    0.125843][    T0] PM: hibernation: Registered nosave memory: [mem 0x000f0000-0x000fffff]
[    0.126792][    T0] [mem 0x80000000-0xfeffbfff] available for PCI devices
[    0.127576][    T0] clocksource: refined-jiffies: mask: 0xffffffff max_cycles: 0xffffffff, max_idle_ns: 19112604462750000 ns
[    0.176706][    T0] setup_percpu: NR_CPUS:8 nr_cpumask_bits:2 nr_cpu_ids:2 nr_node_ids:1
[    0.177980][    T0] percpu: Embedded 73 pages/cpu s260488 r8192 d30328 u1048576
[    0.178962][    T0] Kernel command line: console=ttyS0 oops=panic panic=86400 nokaslr earlyprintk=serial rdinit=/init
[    0.180790][    T0] random: crng init done
[    0.181271][    T0] printk: log buffer data + meta data: 262144 + 917504 = 1179648 bytes
[    0.182367][    T0] Dentry cache hash table entries: 262144 (order: 9, 2097152 bytes, linear)
[    0.183560][    T0] Inode-cache hash table entries: 131072 (order: 8, 1048576 bytes, linear)
[    0.184696][    T0] Fallback order for Node 0: 0 
[    0.184708][    T0] Built 1 zonelists, mobility grouping on.  Total pages: 524158
[    0.186127][    T0] Policy zone: DMA32
[    0.186839][    T0] mem auto-init: stack:all(zero), heap alloc:on, heap free:off
[    0.187695][    T0] stackdepot: allocating hash table via alloc_large_system_hash
[    0.188556][    T0] stackdepot hash table entries: 1048576 (order: 12, 16777216 bytes, linear)
[    0.336744][    T0] SLUB: HWalign=64, Order=0-3, MinObjects=0, CPUs=2, Nodes=1
[    0.339778][    T0] allocated 4194304 bytes of page_ext
[    0.341693][    T0] Running RCU self tests
[    0.342179][    T0] Running RCU synchronous self tests
[    0.342780][    T0] rcu: Preemptible hierarchical RCU implementation.
[    0.343524][    T0] rcu: 	RCU lockdep checking is enabled.
[    0.344164][    T0] rcu: 	RCU restricting CPUs from NR_CPUS=8 to nr_cpu_ids=2.
[    0.345015][    T0] rcu: 	RCU callback double-/use-after-free debug is enabled.
[    0.345870][    T0] rcu: 	RCU debug extended QS entry/exit.
[    0.346520][    T0] 	Trampoline variant of Tasks RCU enabled.
[    0.347189][    T0] 	Tracing variant of Tasks RCU enabled.
[    0.347831][    T0] rcu: RCU calculated value of scheduler-enlistment delay is 10 jiffies.
[    0.348798][    T0] rcu: Adjusting geometry for rcu_fanout_leaf=16, nr_cpu_ids=2
[    0.349721][    T0] Running RCU synchronous self tests
[    0.350335][    T0] RCU Tasks: Setting shift to 1 and lim to 1 rcu_task_cb_adjust=1 rcu_task_cpu_ids=2.
[    0.351430][    T0] RCU Tasks Trace: Setting shift to 1 and lim to 1 rcu_task_cb_adjust=1 rcu_task_cpu_ids=2.
[    0.443015][    T0] NR_IRQS: 4352, nr_irqs: 440, preallocated irqs: 16
[    0.444411][    T0] rcu: srcu_init: Setting srcu_struct sizes based on contention.
[    0.445658][    T0] kfence: initialized - using 2097152 bytes for 255 objects at 0x(____ptrval____)-0x(____ptrval____)
[    0.454668][    T0] Console: colour VGA+ 80x25
[    0.455286][    T0] printk: legacy console [ttyS0] enabled
[    0.455286][    T0] printk: legacy console [ttyS0] enabled
[    0.456584][    T0] printk: legacy bootconsole [earlyser0] disabled
[    0.456584][    T0] printk: legacy bootconsole [earlyser0] disabled
[    0.458084][    T0] Lock dependency validator: Copyright (c) 2006 Red Hat, Inc., Ingo Molnar
[    0.459079][    T0] ... MAX_LOCKDEP_SUBCLASSES:  8
[    0.459649][    T0] ... MAX_LOCK_DEPTH:          48
[    0.460235][    T0] ... MAX_LOCKDEP_KEYS:        8192
[    0.460841][    T0] ... CLASSHASH_SIZE:          4096
[    0.461440][    T0] ... MAX_LOCKDEP_ENTRIES:     1048576
[    0.462077][    T0] ... MAX_LOCKDEP_CHAINS:      65536
[    0.462692][    T0] ... CHAINHASH_SIZE:          32768
[    0.463306][    T0]  memory used by lock dependency info: 62105 kB
[    0.464042][    T0]  memory used for stack traces: 8320 kB
[    0.464701][    T0]  per task-struct memory footprint: 1920 bytes
[    0.465516][    T0] ACPI: Core revision 20240827
[    0.466428][    T0] clocksource: hpet: mask: 0xffffffff max_cycles: 0xffffffff, max_idle_ns: 19112604467 ns
[    0.467775][    T0] APIC: Switch to symmetric I/O mode setup
[    0.469812][    T0] ..TIMER: vector=0x30 apic1=0 pin1=2 apic2=-1 pin2=-1
[    0.517717][    T0] clocksource: tsc-early: mask: 0xffffffffffffffff max_cycles: 0x325a90d06c8, max_idle_ns: 440795265301 ns
[    0.519022][    T0] Calibrating delay loop (skipped), value calculated using timer frequency.. 6986.58 BogoMIPS (lpj=34932930)
[    0.520410][    T0] x86/cpu: User Mode Instruction Prevention (UMIP) activated
[    0.521373][    T0] Last level iTLB entries: 4KB 512, 2MB 255, 4MB 127
[    0.522124][    T0] Last level dTLB entries: 4KB 512, 2MB 255, 4MB 127, 1GB 0
[    0.522961][    T0] Spectre V1 : Mitigation: usercopy/swapgs barriers and __user pointer sanitization
[    0.524013][    T0] Spectre V2 : Mitigation: Retpolines
[    0.524614][    T0] Spectre V2 : Spectre v2 / SpectreRSB mitigation: Filling RSB on context switch
[    0.525637][    T0] Spectre V2 : Spectre v2 / SpectreRSB : Filling RSB on VMEXIT
[    0.526480][    T0] Spectre V2 : Enabling Speculation Barrier for firmware calls
[    0.527324][    T0] RETBleed: Mitigation: untrained return thunk
[    0.529027][    T0] Spectre V2 : mitigation: Enabling conditional Indirect Branch Prediction Barrier
[    0.530083][    T0] Speculative Store Bypass: Mitigation: Speculative Store Bypass disabled via prctl
[    0.531137][    T0] Speculative Return Stack Overflow: IBPB-extending microcode not applied!
[    0.532100][    T0] Speculative Return Stack Overflow: WARNING: See https://kernel.org/doc/html/latest/admin-guide/hw-vuln/srso.html for mitigation options.
[    0.532107][    T0] Speculative Return Stack Overflow: Vulnerable: Safe RET, no microcode
[    0.534647][    T0] x86/fpu: Supporting XSAVE feature 0x001: 'x87 floating point registers'
[    0.535591][    T0] x86/fpu: Supporting XSAVE feature 0x002: 'SSE registers'
[    0.536391][    T0] x86/fpu: Supporting XSAVE feature 0x004: 'AVX registers'
[    0.537196][    T0] x86/fpu: xstate_offset[2]:  576, xstate_sizes[2]:  256
[    0.537986][    T0] x86/fpu: Enabled xstate features 0x7, context size is 832 bytes, using 'compacted' format.
[    0.855921][    T0] Freeing SMP alternatives memory: 120K
[    0.856618][    T0] pid_max: default: 32768 minimum: 301
[    0.857567][    T0] LSM: initializing lsm=lockdown,capability,landlock,yama,safesetid,tomoyo,smack,ima,evm
[    0.859475][    T0] landlock: Up and running.
[    0.860005][    T0] Yama: becoming mindful.
[    0.860971][    T0] TOMOYO Linux initialized
[    0.862833][    T0] Smack:  Initializing.
[    0.863322][    T0] Smack:  Netfilter enabled.
[    0.863858][    T0] Smack:  IPv6 Netfilter enabled.
[    0.865215][    T0] Mount-cache hash table entries: 4096 (order: 3, 32768 bytes, linear)
[    0.866186][    T0] Mountpoint-cache hash table entries: 4096 (order: 3, 32768 bytes, linear)
[    0.870675][    T0] Running RCU synchronous self tests
[    0.871300][    T0] Running RCU synchronous self tests
[    0.872694][    T1] smpboot: CPU0: AMD Ryzen Threadripper PRO 3975WX 32-Cores (family: 0x17, model: 0x31, stepping: 0x0)
[    0.880237][    T1] Running RCU Tasks wait API self tests
[    0.989326][    T1] Running RCU Tasks Trace wait API self tests
[    0.990967][    T1] Performance Events: Fam17h+ core perfctr, AMD PMU driver.
[    0.993097][    T1] ... version:                0
[    0.994238][    T1] ... bit width:              48
[    0.995386][    T1] ... generic registers:      6
[    0.996516][    T1] ... value mask:             0000ffffffffffff
[    0.997946][    T1] ... max period:             00007fffffffffff
[    0.999045][    T1] ... fixed-purpose events:   0
[    1.000147][    T1] ... event mask:             000000000000003f
[    1.004012][    T1] signal: max sigframe size: 1360
[    1.005994][    T1] rcu: Hierarchical SRCU implementation.
[    1.007303][    T1] rcu: 	Max phase no-delay instances is 1000.
[    1.009387][   T15] Callback from call_rcu_tasks_trace() invoked.
[    1.019637][    T1] Timer migration: 1 hierarchy levels; 8 children per group; 1 crossnode level
[    1.066907][    T1] smp: Bringing up secondary CPUs ...
[    1.070254][    T1] smpboot: x86: Booting SMP configuration:
[    1.070960][    T1] .... node  #0, CPUs:      #1
[    1.219547][    T1] smp: Brought up 1 node, 2 CPUs
[    1.220426][    T1] smpboot: Total of 2 processors activated (13996.18 BogoMIPS)
[    1.225239][    T1] Memory: 1286532K/2096632K available (176217K kernel code, 44881K rwdata, 44448K rodata, 27892K init, 76664K bss, 766408K reserved, 32768K cma-reserved)
[    1.232259][    T1] devtmpfs: initialized
[    1.232494][    T1] x86/mm: Memory block size: 128MB
[    1.272377][    T1] Running RCU synchronous self tests
[    1.272377][    T1] Running RCU synchronous self tests
[    1.279135][    T1] clocksource: jiffies: mask: 0xffffffff max_cycles: 0xffffffff, max_idle_ns: 19112604462750000 ns
[    1.280286][    T1] futex hash table entries: 512 (order: 4, 65536 bytes, linear)
[    1.287936][    T1] pinctrl core: initialized pinctrl subsystem
[    1.299035][    T1] NET: Registered PF_NETLINK/PF_ROUTE protocol family
[    1.303484][    T1] audit: initializing netlink subsys (disabled)
[    1.309377][   T29] audit: type=2000 audit(1779660761.850:1): state=initialized audit_enabled=0 res=1
[    1.320332][    T1] thermal_sys: Registered thermal governor 'step_wise'
[    1.320351][    T1] thermal_sys: Registered thermal governor 'power_allocator'
[    1.321316][    T1] cpuidle: using governor menu
[    1.321316][    T1] NET: Registered PF_QIPCRTR protocol family
[    1.322733][    T1] acpiphp: ACPI Hot Plug PCI Controller Driver version: 0.5
[    1.329349][   T14] Callback from call_rcu_tasks() invoked.
[    1.329219][    T1] PCI: Using configuration type 1 for base access
[    1.329219][    T1] PCI: Using configuration type 1 for extended access
[    1.332041][    T1] HugeTLB: registered 1.00 GiB page size, pre-allocated 0 pages
[    1.339599][    T1] HugeTLB: 16380 KiB vmemmap can be freed for a 1.00 GiB page
[    1.341350][    T1] HugeTLB: registered 2.00 MiB page size, pre-allocated 0 pages
[    1.343115][    T1] HugeTLB: 28 KiB vmemmap can be freed for a 2.00 MiB page
[    1.549557][    T1] raid6: avx2x4   gen()  4024 MB/s
[    1.719030][    T1] raid6: avx2x2   gen()  2756 MB/s
[    1.889034][    T1] raid6: avx2x1   gen()  1567 MB/s
[    1.889674][    T1] raid6: using algorithm avx2x4 gen() 4024 MB/s
[    2.059030][    T1] raid6: .... xor() 2003 MB/s, rmw enabled
[    2.059724][    T1] raid6: using avx2x2 recovery algorithm
[    2.062810][    T1] ACPI: Added _OSI(Module Device)
[    2.063403][    T1] ACPI: Added _OSI(Processor Device)
[    2.064016][    T1] ACPI: Added _OSI(3.0 _SCP Extensions)
[    2.064682][    T1] ACPI: Added _OSI(Processor Aggregator Device)
[    2.116283][    T1] ACPI: 1 ACPI AML tables successfully acquired and loaded
[    2.134944][    T1] ACPI: Interpreter enabled
[    2.135827][    T1] ACPI: PM: (supports S0 S3 S4 S5)
[    2.136418][    T1] ACPI: Using IOAPIC for interrupt routing
[    2.137312][    T1] PCI: Using host bridge windows from ACPI; if necessary, use "pci=nocrs" and report a bug
[    2.138445][    T1] PCI: Using E820 reservations for host bridge windows
[    2.257572][    T1] ACPI: PCI Root Bridge [PCI0] (domain 0000 [bus 00-ff])
[    2.258477][    T1] acpi PNP0A03:00: _OSC: OS supports [ExtendedConfig ASPM ClockPM Segments MSI HPX-Type3]
[    2.264398][    T1] acpiphp: Slot [3] registered
[    2.265512][    T1] acpiphp: Slot [4] registered
[    2.266598][    T1] acpiphp: Slot [5] registered
[    2.267687][    T1] acpiphp: Slot [6] registered
[    2.268800][    T1] acpiphp: Slot [7] registered
[    2.269551][    T1] acpiphp: Slot [8] registered
[    2.270866][    T1] acpiphp: Slot [9] registered
[    2.272250][    T1] acpiphp: Slot [10] registered
[    2.273652][    T1] acpiphp: Slot [11] registered
[    2.275102][    T1] acpiphp: Slot [12] registered
[    2.276562][    T1] acpiphp: Slot [13] registered
[    2.277994][    T1] acpiphp: Slot [14] registered
[    2.279473][    T1] acpiphp: Slot [15] registered
[    2.280725][    T1] acpiphp: Slot [16] registered
[    2.281834][    T1] acpiphp: Slot [17] registered
[    2.283034][    T1] acpiphp: Slot [18] registered
[    2.284438][    T1] acpiphp: Slot [19] registered
[    2.285778][    T1] acpiphp: Slot [20] registered
[    2.286987][    T1] acpiphp: Slot [21] registered
[    2.288093][    T1] acpiphp: Slot [22] registered
[    2.289207][    T1] acpiphp: Slot [23] registered
[    2.290317][    T1] acpiphp: Slot [24] registered
[    2.291409][    T1] acpiphp: Slot [25] registered
[    2.292518][    T1] acpiphp: Slot [26] registered
[    2.293645][    T1] acpiphp: Slot [27] registered
[    2.294757][    T1] acpiphp: Slot [28] registered
[    2.295840][    T1] acpiphp: Slot [29] registered
[    2.296932][    T1] acpiphp: Slot [30] registered
[    2.298021][    T1] acpiphp: Slot [31] registered
[    2.298763][    T1] PCI host bridge to bus 0000:00
[    2.299205][    T1] pci_bus 0000:00: root bus resource [io  0x0000-0x0cf7 window]
[    2.300104][    T1] pci_bus 0000:00: root bus resource [io  0x0d00-0xffff window]
[    2.300998][    T1] pci_bus 0000:00: root bus resource [mem 0x000a0000-0x000bffff window]
[    2.301960][    T1] pci_bus 0000:00: root bus resource [mem 0x80000000-0xfebfffff window]
[    2.303113][    T1] pci_bus 0000:00: root bus resource [mem 0x100000000-0x17fffffff window]
[    2.304186][    T1] pci_bus 0000:00: root bus resource [bus 00-ff]
[    2.305297][    T1] pci 0000:00:00.0: [8086:1237] type 00 class 0x060000 conventional PCI endpoint
[    2.340472][    T1] pci 0000:00:01.0: [8086:7000] type 00 class 0x060100 conventional PCI endpoint
[    2.372369][    T1] pci 0000:00:01.1: [8086:7010] type 00 class 0x010180 conventional PCI endpoint
[    2.374374][    T1] pci 0000:00:01.1: BAR 4 [io  0xc000-0xc00f]
[    2.375320][    T1] pci 0000:00:01.1: BAR 0 [io  0x01f0-0x01f7]: legacy IDE quirk
[    2.376443][    T1] pci 0000:00:01.1: BAR 1 [io  0x03f6]: legacy IDE quirk
[    2.377468][    T1] pci 0000:00:01.1: BAR 2 [io  0x0170-0x0177]: legacy IDE quirk
[    2.378577][    T1] pci 0000:00:01.1: BAR 3 [io  0x0376]: legacy IDE quirk
[    2.380291][    T1] pci 0000:00:01.3: [8086:7113] type 00 class 0x068000 conventional PCI endpoint
[    2.381795][    T1] pci 0000:00:01.3: quirk: [io  0x0600-0x063f] claimed by PIIX4 ACPI
[    2.382767][    T1] pci 0000:00:01.3: quirk: [io  0x0700-0x070f] claimed by PIIX4 SMB
[    2.384841][    T1] pci 0000:00:02.0: [1234:1111] type 00 class 0x030000 conventional PCI endpoint
[    2.387425][    T1] pci 0000:00:02.0: BAR 0 [mem 0xfd000000-0xfdffffff pref]
[    2.388291][    T1] pci 0000:00:02.0: BAR 2 [mem 0xfebf0000-0xfebf0fff]
[    2.389064][    T1] pci 0000:00:02.0: ROM [mem 0xfebe0000-0xfebeffff pref]
[    2.390093][    T1] pci 0000:00:02.0: Video device with shadowed ROM at [mem 0x000c0000-0x000dffff]
[    2.432346][    T1] ACPI: PCI: Interrupt link LNKA configured for IRQ 10
[    2.436366][    T1] ACPI: PCI: Interrupt link LNKB configured for IRQ 10
[    2.440033][    T1] ACPI: PCI: Interrupt link LNKC configured for IRQ 11
[    2.443717][    T1] ACPI: PCI: Interrupt link LNKD configured for IRQ 11
[    2.445726][    T1] ACPI: PCI: Interrupt link LNKS configured for IRQ 9
[    2.469074][    T1] iommu: Default domain type: Translated
[    2.469918][    T1] iommu: DMA domain TLB invalidation policy: strict mode
[    2.474861][    T1] SCSI subsystem initialized
[    2.477478][    T1] ACPI: bus type USB registered
[    2.478758][    T1] usbcore: registered new interface driver usbfs
[    2.479211][    T1] usbcore: registered new interface driver hub
[    2.480084][    T1] usbcore: registered new device driver usb
[    2.482808][    T1] mc: Linux media interface: v0.10
[    2.483770][    T1] videodev: Linux video capture interface: v2.00
[    2.485054][    T1] pps_core: LinuxPPS API ver. 1 registered
[    2.485720][    T1] pps_core: Software ver. 5.3.6 - Copyright 2005-2007 Rodolfo Giometti <giometti@linux.it>
[    2.486926][    T1] PTP clock support registered
[    2.509940][    T1] EDAC MC: Ver: 3.0.0
[    2.531786][    T1] FPGA manager framework
[    2.534207][    T1] Advanced Linux Sound Architecture Driver Initialized.
[    2.540102][    T1] Bluetooth: Core ver 2.22
[    2.540765][    T1] NET: Registered PF_BLUETOOTH protocol family
[    2.541463][    T1] Bluetooth: HCI device and connection manager initialized
[    2.542312][    T1] Bluetooth: HCI socket layer initialized
[    2.542984][    T1] Bluetooth: L2CAP socket layer initialized
[    2.543708][    T1] Bluetooth: SCO socket layer initialized
[    2.544413][    T1] NET: Registered PF_ATMPVC protocol family
[    2.545081][    T1] NET: Registered PF_ATMSVC protocol family
[    2.545975][    T1] NetLabel: Initializing
[    2.546463][    T1] NetLabel:  domain hash size = 128
[    2.547055][    T1] NetLabel:  protocols = UNLABELED CIPSOv4 CALIPSO
[    2.548162][    T1] NetLabel:  unlabeled traffic allowed by default
[    2.551100][    T1] nfc: nfc_init: NFC Core ver 0.1
[    2.551996][    T1] NET: Registered PF_NFC protocol family
[    2.552801][    T1] PCI: Using ACPI for IRQ routing
[    2.554087][    T1] pci 0000:00:02.0: vgaarb: setting as boot VGA device
[    2.554897][    T1] pci 0000:00:02.0: vgaarb: bridge control possible
[    2.555646][    T1] pci 0000:00:02.0: vgaarb: VGA device added: decodes=io+mem,owns=io+mem,locks=none
[    2.556703][    T1] vgaarb: loaded
[    2.559767][    T1] clocksource: Switched to clocksource tsc-early
[    2.563615][    T1] VFS: Disk quotas dquot_6.6.0
[    2.564469][    T1] VFS: Dquot-cache hash table entries: 512 (order 0, 4096 bytes)
[    2.567752][    T1] netfs: FS-Cache loaded
[    2.569331][    T1] CacheFiles: Loaded
[    2.570287][    T1] TOMOYO: 2.6.0
[    2.570712][    T1] Mandatory Access Control activated.
[    2.571728][    T1] pnp: PnP ACPI init
[    2.583390][    T1] pnp: PnP ACPI: found 6 devices
[    2.673835][    T1] clocksource: acpi_pm: mask: 0xffffff max_cycles: 0xffffff, max_idle_ns: 2085701024 ns
[    2.675960][    T1] NET: Registered PF_INET protocol family
[    2.677353][    T1] IP idents hash table entries: 32768 (order: 6, 262144 bytes, linear)
[    2.686458][    T1] tcp_listen_portaddr_hash hash table entries: 1024 (order: 4, 73728 bytes, linear)
[    2.687633][    T1] Table-perturb hash table entries: 65536 (order: 6, 262144 bytes, linear)
[    2.688668][    T1] TCP established hash table entries: 16384 (order: 5, 131072 bytes, linear)
[    2.692664][    T1] TCP bind hash table entries: 16384 (order: 9, 2359296 bytes, linear)
[    2.695709][    T1] TCP: Hash tables configured (established 16384 bind 16384)
[    2.697379][    T1] MPTCP token hash table entries: 2048 (order: 5, 180224 bytes, linear)
[    2.698597][    T1] UDP hash table entries: 1024 (order: 6, 262144 bytes, linear)
[    2.699752][    T1] UDP-Lite hash table entries: 1024 (order: 6, 262144 bytes, linear)
[    2.701398][    T1] NET: Registered PF_UNIX/PF_LOCAL protocol family
[    2.744687][    T1] RPC: Registered named UNIX socket transport module.
[    2.745494][    T1] RPC: Registered udp transport module.
[    2.746120][    T1] RPC: Registered tcp transport module.
[    2.746744][    T1] RPC: Registered tcp-with-tls transport module.
[    2.747469][    T1] RPC: Registered tcp NFSv4.1 backchannel transport module.
[    2.752391][    T1] NET: Registered PF_XDP protocol family
[    2.753073][    T1] pci_bus 0000:00: resource 4 [io  0x0000-0x0cf7 window]
[    2.753924][    T1] pci_bus 0000:00: resource 5 [io  0x0d00-0xffff window]
[    2.754734][    T1] pci_bus 0000:00: resource 6 [mem 0x000a0000-0x000bffff window]
[    2.755621][    T1] pci_bus 0000:00: resource 7 [mem 0x80000000-0xfebfffff window]
[    2.756509][    T1] pci_bus 0000:00: resource 8 [mem 0x100000000-0x17fffffff window]
[    2.758347][    T1] pci 0000:00:01.0: PIIX3: Enabling Passive Release
[    2.759122][    T1] pci 0000:00:00.0: Limiting direct PCI/PCI transfers
[    2.760153][    T1] PCI: CLS 0 bytes, default 64
[    2.763789][    T1] ACPI: bus type thunderbolt registered
[    2.769677][   T52] Trying to unpack rootfs image as initramfs...
[    2.799187][    T1] Initialise system trusted keyrings
[    2.800786][    T1] workingset: timestamp_bits=42 max_order=19 bucket_order=0
[    2.815166][    T1] DLM installed
[    2.819103][    T1] squashfs: version 4.0 (2009/01/31) Phillip Lougher
[    2.826225][    T1] NFS: Registering the id_resolver key type
[    2.826956][    T1] Key type id_resolver registered
[    2.827550][    T1] Key type id_legacy registered
[    2.828208][    T1] nfs4filelayout_init: NFSv4 File Layout Driver Registering...
[    2.829136][    T1] nfs4flexfilelayout_init: NFSv4 Flexfile Layout Driver Registering...
[    2.913904][    T1] Key type cifs.spnego registered
[    2.914655][    T1] Key type cifs.idmap registered
[    2.917474][    T1] ntfs3: Enabled Linux POSIX ACLs support
[    2.918134][    T1] ntfs3: Read-only LZX/Xpress compression included
[    2.919017][    T1] efs: 1.0a - http://aeschi.ch.eu.org/efs/
[    2.919743][    T1] jffs2: version 2.2. (NAND) (SUMMARY)  © 2001-2006 Red Hat, Inc.
[    2.921478][    T1] romfs: ROMFS MTD (C) 2007 Red Hat, Inc.
[    2.922231][    T1] QNX4 filesystem 0.2.3 registered.
[    2.922867][    T1] qnx6: QNX6 filesystem 1.0.0 registered.
[    2.934190][    T1] fuse: init (API version 7.42)
[    2.936374][    T1] orangefs_debugfs_init: called with debug mask: :none: :0:
[    2.937891][    T1] orangefs_init: module version upstream loaded
[    2.939010][    T1] JFS: nTxBlock = 8192, nTxLock = 65536
[    2.962059][    T1] SGI XFS with ACLs, security attributes, realtime, quota, no debug enabled
[    2.994259][    T1] 9p: Installing v9fs 9p2000 file system support
[    2.995576][    T1] NILFS version 2 loaded
[    2.996202][    T1] befs: version: 0.9.3
[    2.997369][    T1] ocfs2: Registered cluster interface o2cb
[    3.003763][    T1] ocfs2: Registered cluster interface user
[    3.004802][    T1] OCFS2 User DLM kernel interface loaded
[    3.036390][    T1] gfs2: GFS2 installed
[    3.055501][    T1] ceph: loaded (mds proto 32)
[    3.113098][    T1] NET: Registered PF_ALG protocol family
[    3.113899][    T1] xor: automatically using best checksumming function   avx       
[    3.114823][    T1] async_tx: api initialized (async)
[    3.115427][    T1] Key type asymmetric registered
[    3.116010][    T1] Asymmetric key parser 'x509' registered
[    3.116684][    T1] Asymmetric key parser 'pkcs8' registered
[    3.117354][    T1] Key type pkcs7_test registered
[    3.118250][    T1] Block layer SCSI generic (bsg) driver version 0.4 loaded (major 236)
[    3.123996][    T1] io scheduler mq-deadline registered
[    3.124618][    T1] io scheduler kyber registered
[    3.125328][    T1] io scheduler bfq registered
[    3.140865][    T1] ledtrig-cpu: registered to indicate activity on CPUs
[    3.146036][    T1] IPMI message handler: version 39.2
[    3.146907][    T1] ipmi device interface
[    3.154254][    T1] ipmi_si: IPMI System Interface driver
[    3.156027][    T1] ipmi_si: Unable to find any System Interface(s)
[    3.158306][    T1] input: Power Button as /devices/LNXSYSTM:00/LNXPWRBN:00/input/input0
[    3.240500][   T52] Freeing initrd memory: 1352K
[    3.661527][    T1] N_HDLC line discipline registered with maxframe=4096
[    3.662396][    T1] Serial: 8250/16550 driver, 4 ports, IRQ sharing enabled
[    3.694741][    T1] 00:04: ttyS0 at I/O 0x3f8 (irq = 4, base_baud = 115200) is a 16550A
[    3.726545][    T1] usbcore: registered new interface driver xillyusb
[    3.730626][    T1] ACPI: bus type drm_connector registered
[    3.738837][    T1] [drm] Initialized vgem 1.0.0 for vgem on minor 0
[    3.746349][    T1] [drm] Initialized vkms 1.0.0 for vkms on minor 1
[    3.817439][    T1] Console: switching to colour frame buffer device 128x48
[    3.823883][    T9] tsc: Refined TSC clocksource calibration: 3493.404 MHz
[    3.823943][    T9] clocksource: tsc: mask: 0xffffffffffffffff max_cycles: 0x325afa0cfee, max_idle_ns: 440795296892 ns
[    3.824102][    T9] clocksource: Switched to clocksource tsc
[    3.838040][    T1] platform vkms: [drm] fb0: vkmsdrmfb frame buffer device
[    3.839850][    T1] usbcore: registered new interface driver udl
[    3.851341][    T1] bochs-drm 0000:00:02.0: vgaarb: deactivate vga console
[    3.863301][    T1] [drm] Found bochs VGA, ID 0xb0c5.
[    3.864175][    T1] [drm] Framebuffer size 16384 kB @ 0xfd000000, mmio @ 0xfebf0000.
[    3.867956][    T1] [drm] Initialized bochs-drm 1.0.0 for 0000:00:02.0 on minor 2
[    3.899189][    T1] fbcon: bochs-drmdrmfb (fb1) is primary device
[    3.899214][    T1] fbcon: Remapping primary device, fb1, to tty 1-63
[    5.558179][    T1] bochs-drm 0000:00:02.0: [drm] fb1: bochs-drmdrmfb frame buffer device
[    5.560708][    T1] usbcore: registered new interface driver gm12u320
[    5.562412][    T1] usbcore: registered new interface driver gud
[    5.622236][    T1] brd: module loaded
[    5.698205][    T1] loop: module loaded
[    5.919776][    T1] zram: Added device: zram0
[    5.929917][    T1] null_blk: disk nullb0 created
[    5.930513][    T1] null_blk: module loaded
[    5.933385][    T1] usbcore: registered new interface driver rtsx_usb
[    5.938339][    T1] usbcore: registered new interface driver viperboard
[    5.939799][    T1] usbcore: registered new interface driver dln2
[    5.940650][    T1] usbcore: registered new interface driver pn533_usb
[    5.946843][    T1] nfcsim 0.2 initialized
[    5.947501][    T1] usbcore: registered new interface driver port100
[    5.948592][    T1] usbcore: registered new interface driver nfcmrvl
[    5.953226][    T1] Loading iSCSI transport class v2.0-870.
[    5.961464][    T1] megasas: 07.727.03.00-rc1
[    5.962420][    T1] mpt3sas version 51.100.00.00 loaded
[    5.972870][    T1] st: Version 20160209, fixed bufsize 32768, s/g segs 256
[    6.042391][    T1] scsi host0: ata_piix
[    6.057448][    T1] scsi host1: ata_piix
[    6.058955][    T1] ata1: PATA max MWDMA2 cmd 0x1f0 ctl 0x3f6 bmdma 0xc000 irq 14 lpm-pol 0
[    6.059920][    T1] ata2: PATA max MWDMA2 cmd 0x170 ctl 0x376 bmdma 0xc008 irq 15 lpm-pol 0
[    6.078135][    T1] Rounding down aligned max_sectors from 4294967295 to 4294967288
[    6.079415][    T1] db_root: cannot open: /etc/target
[    6.081793][    T1] slram: not enough parameters.
[    6.086741][    T1] ftl_cs: FTL header not found.
[    6.118409][    T1] wireguard: WireGuard 1.0.0 loaded. See www.wireguard.com for information.
[    6.120112][    T1] wireguard: Copyright (C) 2015-2019 Jason A. Donenfeld <Jason@zx2c4.com>. All Rights Reserved.
[    6.121291][    T1] eql: Equalizer2002: Simon Janes (simon@ncm.com) and David S. Miller (davem@redhat.com)
[    6.131390][    T1] MACsec IEEE 802.1AE
[    6.224351][ T1143] ata2: found unknown device (class 0)
[    6.225789][ T1143] ata2.00: ATAPI: QEMU DVD-ROM, 2.5+, max UDMA/100
[    6.233793][    T1] usbcore: registered new interface driver mvusb_mdio
[    6.237065][    T1] tun: Universal TUN/TAP device driver, 1.6
[    6.237569][  T102] scsi 1:0:0:0: CD-ROM            QEMU     QEMU DVD-ROM     2.5+ PQ: 0 ANSI: 5
[    6.240436][    T1] vcan: Virtual CAN interface driver
[    6.241151][    T1] vxcan: Virtual CAN Tunnel driver
[    6.241999][    T1] slcan: serial line CAN interface driver
[    6.242694][    T1] CAN device driver interface
[    6.243504][    T1] usbcore: registered new interface driver usb_8dev
[    6.246821][    T1] usbcore: registered new interface driver ems_usb
[    6.247869][    T1] usbcore: registered new interface driver esd_usb
[    6.249071][    T1] usbcore: registered new interface driver etas_es58x
[    6.250351][    T1] usbcore: registered new interface driver f81604
[    6.251558][    T1] usbcore: registered new interface driver gs_usb
[    6.252744][    T1] usbcore: registered new interface driver kvaser_usb
[    6.254365][    T1] usbcore: registered new interface driver mcba_usb
[    6.255613][    T1] usbcore: registered new interface driver peak_usb
[    6.256635][    T1] usbcore: registered new interface driver ucan
[    6.260003][    T1] e100: Intel(R) PRO/100 Network Driver
[    6.260703][    T1] e100: Copyright(c) 1999-2006 Intel Corporation
[    6.262246][    T1] e1000: Intel(R) PRO/1000 Network Driver
[    6.262972][    T1] e1000: Copyright (c) 1999-2006 Intel Corporation.
[    6.264236][    T1] e1000e: Intel(R) PRO/1000 Network Driver
[    6.264977][    T1] e1000e: Copyright(c) 1999 - 2015 Intel Corporation.
[    6.266374][    T1] igb: Intel(R) Gigabit Ethernet Network Driver
[    6.267087][    T1] igb: Copyright (c) 2007-2014 Intel Corporation.
[    6.268301][    T1] igbvf: Intel(R) Gigabit Virtual Function Network Driver
[    6.269119][    T1] igbvf: Copyright (c) 2009 - 2012 Intel Corporation.
[    6.272537][    T1] mkiss: AX.25 Multikiss, Hans Albas PE1AYX
[    6.273250][    T1] AX.25: bpqether driver version 004
[    6.277832][    T1] PPP generic driver version 2.4.2
[    6.279580][    T1] PPP BSD Compression module registered
[    6.280227][    T1] PPP Deflate Compression module registered
[    6.280926][    T1] PPP MPPE Compression module registered
[    6.281576][    T1] NET: Registered PF_PPPOX protocol family
[    6.282287][    T1] PPTP driver version 0.8.5
[    6.283231][    T1] SLIP: version 0.8.4-NET3.019-NEWTTY (dynamic channels, max=256) (6 bit encapsulation enabled).
[    6.284781][    T1] CSLIP: code copyright 1989 Regents of the University of California.
[    6.285710][    T1] SLIP linefill/keepalive option.
[    6.286289][    T1] hdlc: HDLC support module revision 1.22
[    6.286969][    T1] LAPB Ethernet driver version 0.02
[    6.288746][    T1] usbcore: registered new interface driver ath9k_htc
[    6.289874][    T1] usbcore: registered new interface driver carl9170
[    6.290970][    T1] usbcore: registered new interface driver ath6kl_usb
[    6.292106][    T1] usbcore: registered new interface driver ar5523
[    6.293975][    T1] usbcore: registered new interface driver ath10k_usb
[    6.296545][    T1] usbcore: registered new interface driver plfxlc
[    6.297711][    T1] mac80211_hwsim: initializing netlink
[    6.304907][  T102] sr 1:0:0:0: [sr0] scsi3-mmc drive: 4x/4x cd/rw xa/form2 tray
[    6.305849][  T102] cdrom: Uniform CD-ROM driver Revision: 3.20
[    6.326583][    T1] usbcore: registered new interface driver atusb
[    6.360800][  T102] sr 1:0:0:0: Attached scsi generic sg0 type 5
[    6.368091][    T1] mac802154_hwsim mac802154_hwsim: Added 2 mac802154 hwsim hardware radios
[    6.369638][    T1] VMware vmxnet3 virtual NIC driver - version 1.9.0.0-k-NAPI
[    6.370881][    T1] usbcore: registered new interface driver catc
[    6.371737][    T1] usbcore: registered new interface driver kaweth
[    6.372473][    T1] pegasus: Pegasus/Pegasus II USB Ethernet driver
[    6.373346][    T1] usbcore: registered new interface driver pegasus
[    6.376865][    T1] usbcore: registered new interface driver rtl8150
[    6.377947][    T1] usbcore: registered new device driver r8152-cfgselector
[    6.379120][    T1] usbcore: registered new interface driver r8152
[    6.380255][    T1] usbcore: registered new interface driver hso
[    6.381305][    T1] usbcore: registered new interface driver lan78xx
[    6.382410][    T1] usbcore: registered new interface driver asix
[    6.383611][    T1] usbcore: registered new interface driver ax88179_178a
[    6.385231][    T1] usbcore: registered new interface driver cdc_ether
[    6.386138][    T1] usbcore: registered new interface driver cdc_eem
[    6.387441][    T1] usbcore: registered new interface driver dm9601
[    6.388317][    T1] usbcore: registered new interface driver sr9700
[    6.389197][    T1] usbcore: registered new interface driver CoreChips
[    6.390684][    T1] usbcore: registered new interface driver smsc75xx
[    6.391591][    T1] usbcore: registered new interface driver smsc95xx
[    6.392491][    T1] usbcore: registered new interface driver gl620a
[    6.394018][    T1] usbcore: registered new interface driver net1080
[    6.394906][    T1] usbcore: registered new interface driver plusb
[    6.395799][    T1] usbcore: registered new interface driver rndis_host
[    6.397309][    T1] usbcore: registered new interface driver cdc_subset
[    6.398227][    T1] usbcore: registered new interface driver zaurus
[    6.399104][    T1] usbcore: registered new interface driver MOSCHIP usb-ethernet driver
[    6.400777][    T1] usbcore: registered new interface driver int51x1
[    6.401677][    T1] usbcore: registered new interface driver cdc_phonet
[    6.402605][    T1] usbcore: registered new interface driver kalmia
[    6.404155][    T1] usbcore: registered new interface driver ipheth
[    6.405029][    T1] usbcore: registered new interface driver sierra_net
[    6.405952][    T1] usbcore: registered new interface driver cx82310_eth
[    6.407459][    T1] usbcore: registered new interface driver cdc_ncm
[    6.408345][    T1] usbcore: registered new interface driver huawei_cdc_ncm
[    6.409325][    T1] usbcore: registered new interface driver lg-vl600
[    6.410826][    T1] usbcore: registered new interface driver qmi_wwan
[    6.411723][    T1] usbcore: registered new interface driver cdc_mbim
[    6.412622][    T1] usbcore: registered new interface driver ch9200
[    6.414178][    T1] usbcore: registered new interface driver aqc111
[    6.415460][    T1] usbcore: registered new interface driver r8153_ecm
[    6.431695][    T1] VFIO - User Level meta-driver version: 0.3
[    6.438840][    T1] aoe: AoE v85 initialised.
[    6.450489][    T1] SPI driver max3421-hcd has no spi_device_id for maxim,max3421
[    6.451801][    T1] usbcore: registered new interface driver cdc_acm
[    6.452543][    T1] cdc_acm: USB Abstract Control Model driver for USB modems and ISDN adapters
[    6.462633][    T1] usbcore: registered new interface driver usblp
[    6.463954][    T1] usbcore: registered new interface driver cdc_wdm
[    6.464978][    T1] usbcore: registered new interface driver usbtmc
[    6.466304][    T1] usbcore: registered new interface driver uas
[    6.467356][    T1] usbcore: registered new interface driver usb-storage
[    6.468448][    T1] usbcore: registered new interface driver ums-alauda
[    6.469539][    T1] usbcore: registered new interface driver ums-cypress
[    6.470652][    T1] usbcore: registered new interface driver ums-datafab
[    6.471814][    T1] usbcore: registered new interface driver ums_eneub6250
[    6.472926][    T1] usbcore: registered new interface driver ums-freecom
[    6.476449][    T1] usbcore: registered new interface driver ums-isd200
[    6.477338][    T1] usbcore: registered new interface driver ums-jumpshot
[    6.478245][    T1] usbcore: registered new interface driver ums-karma
[    6.479117][    T1] usbcore: registered new interface driver ums-onetouch
[    6.480017][    T1] usbcore: registered new interface driver ums-realtek
[    6.480905][    T1] usbcore: registered new interface driver ums-sddr09
[    6.481796][    T1] usbcore: registered new interface driver ums-sddr55
[    6.482679][    T1] usbcore: registered new interface driver ums-usbat
[    6.483616][    T1] usbcore: registered new interface driver mdc800
[    6.486676][    T1] mdc800: v0.7.5 (30/10/2000):USB Driver for Mustek MDC800 Digital Camera
[    6.488115][    T1] usbcore: registered new interface driver microtekX6
[    6.489888][    T1] usbcore: registered new interface driver usbserial_generic
[    6.491406][    T1] usbserial: USB Serial support registered for generic
[    6.492701][    T1] usbcore: registered new interface driver aircable
[    6.494176][    T1] usbserial: USB Serial support registered for aircable
[    6.495222][    T1] usbcore: registered new interface driver ark3116
[    6.496382][    T1] usbserial: USB Serial support registered for ark3116
[    6.497633][    T1] usbcore: registered new interface driver belkin_sa
[    6.498922][    T1] usbserial: USB Serial support registered for Belkin / Peracom / GoHubs USB Serial Adapter
[    6.500508][    T1] usbcore: registered new interface driver ch341
[    6.501709][    T1] usbserial: USB Serial support registered for ch341-uart
[    6.502967][    T1] usbcore: registered new interface driver cp210x
[    6.504086][    T1] usbserial: USB Serial support registered for cp210x
[    6.505388][    T1] usbcore: registered new interface driver cyberjack
[    6.506577][    T1] usbserial: USB Serial support registered for Reiner SCT Cyberjack USB card reader
[    6.508082][    T1] usbcore: registered new interface driver cypress_m8
[    6.509278][    T1] usbserial: USB Serial support registered for DeLorme Earthmate USB
[    6.510625][    T1] usbserial: USB Serial support registered for HID->COM RS232 Adapter
[    6.511980][    T1] usbserial: USB Serial support registered for Nokia CA-42 V2 Adapter
[    6.513358][    T1] usbcore: registered new interface driver usb_debug
[    6.515961][    T1] usbserial: USB Serial support registered for debug
[    6.517021][    T1] usbserial: USB Serial support registered for xhci_dbc
[    6.518311][    T1] usbcore: registered new interface driver digi_acceleport
[    6.519578][    T1] usbserial: USB Serial support registered for Digi 2 port USB adapter
[    6.520949][    T1] usbserial: USB Serial support registered for Digi 4 port USB adapter
[    6.522362][    T1] usbcore: registered new interface driver io_edgeport
[    6.524044][    T1] usbserial: USB Serial support registered for Edgeport 2 port adapter
[    6.525226][    T1] usbserial: USB Serial support registered for Edgeport 4 port adapter
[    6.526651][    T1] usbserial: USB Serial support registered for Edgeport 8 port adapter
[    6.528020][    T1] usbserial: USB Serial support registered for EPiC device
[    6.529278][    T1] usbcore: registered new interface driver io_ti
[    6.530429][    T1] usbserial: USB Serial support registered for Edgeport TI 1 port adapter
[    6.531855][    T1] usbserial: USB Serial support registered for Edgeport TI 2 port adapter
[    6.533322][    T1] usbcore: registered new interface driver empeg
[    6.534940][    T1] usbserial: USB Serial support registered for empeg
[    6.536189][    T1] usbcore: registered new interface driver f81534a_ctrl
[    6.537441][    T1] usbcore: registered new interface driver f81232
[    6.538608][    T1] usbserial: USB Serial support registered for f81232
[    6.539804][    T1] usbserial: USB Serial support registered for f81534a
[    6.541032][    T1] usbcore: registered new interface driver f81534
[    6.542186][    T1] usbserial: USB Serial support registered for Fintek F81532/F81534
[    6.543520][    T1] usbcore: registered new interface driver ftdi_sio
[    6.544597][    T1] usbserial: USB Serial support registered for FTDI USB Serial Device
[    6.546052][    T1] usbcore: registered new interface driver garmin_gps
[    6.547251][    T1] usbserial: USB Serial support registered for Garmin GPS usb/tty
[    6.548569][    T1] usbcore: registered new interface driver ipaq
[    6.549711][    T1] usbserial: USB Serial support registered for PocketPC PDA
[    6.551015][    T1] usbcore: registered new interface driver ipw
[    6.552150][    T1] usbserial: USB Serial support registered for IPWireless converter
[    6.553516][    T1] usbcore: registered new interface driver ir_usb
[    6.556967][    T1] usbserial: USB Serial support registered for IR Dongle
[    6.558115][    T1] usbcore: registered new interface driver iuu_phoenix
[    6.559402][    T1] usbserial: USB Serial support registered for iuu_phoenix
[    6.560655][    T1] usbcore: registered new interface driver keyspan
[    6.561833][    T1] usbserial: USB Serial support registered for Keyspan - (without firmware)
[    6.563238][    T1] usbserial: USB Serial support registered for Keyspan 1 port adapter
[    6.564497][    T1] usbserial: USB Serial support registered for Keyspan 2 port adapter
[    6.565921][    T1] usbserial: USB Serial support registered for Keyspan 4 port adapter
[    6.567304][    T1] usbcore: registered new interface driver keyspan_pda
[    6.568527][    T1] usbserial: USB Serial support registered for Keyspan PDA
[    6.569811][    T1] usbserial: USB Serial support registered for Keyspan PDA - (prerenumeration)
[    6.571285][    T1] usbcore: registered new interface driver kl5kusb105
[    6.572317][    T1] usbserial: USB Serial support registered for KL5KUSB105D / PalmConnect
[    6.574495][    T1] usbcore: registered new interface driver kobil_sct
[    6.575748][    T1] usbserial: USB Serial support registered for KOBIL USB smart card terminal
[    6.577217][    T1] usbcore: registered new interface driver mct_u232
[    6.578412][    T1] usbserial: USB Serial support registered for MCT U232
[    6.579668][    T1] usbcore: registered new interface driver metro_usb
[    6.580916][    T1] usbserial: USB Serial support registered for Metrologic USB to Serial
[    6.582737][    T1] usbcore: registered new interface driver mos7720
[    6.584023][    T1] usbserial: USB Serial support registered for Moschip 2 port adapter
[    6.585228][    T1] usbcore: registered new interface driver mos7840
[    6.586472][    T1] usbserial: USB Serial support registered for Moschip 7840/7820 USB Serial Driver
[    6.587973][    T1] usbcore: registered new interface driver mxuport
[    6.589148][    T1] usbserial: USB Serial support registered for MOXA UPort
[    6.590441][    T1] usbcore: registered new interface driver navman
[    6.591432][    T1] usbserial: USB Serial support registered for navman
[    6.592850][    T1] usbcore: registered new interface driver omninet
[    6.595378][    T1] usbserial: USB Serial support registered for ZyXEL - omni.net usb
[    6.596798][    T1] usbcore: registered new interface driver opticon
[    6.598007][    T1] usbserial: USB Serial support registered for opticon
[    6.599239][    T1] usbcore: registered new interface driver option
[    6.600406][    T1] usbserial: USB Serial support registered for GSM modem (1-port)
[    6.601750][    T1] usbcore: registered new interface driver oti6858
[    6.602953][    T1] usbserial: USB Serial support registered for oti6858
[    6.604249][    T1] usbcore: registered new interface driver pl2303
[    6.605242][    T1] usbserial: USB Serial support registered for pl2303
[    6.606551][    T1] usbcore: registered new interface driver qcaux
[    6.607719][    T1] usbserial: USB Serial support registered for qcaux
[    6.608940][    T1] usbcore: registered new interface driver qcserial
[    6.609945][    T1] usbserial: USB Serial support registered for Qualcomm USB modem
[    6.611484][    T1] usbcore: registered new interface driver quatech2
[    6.612684][    T1] usbserial: USB Serial support registered for Quatech 2nd gen USB to Serial Driver
[    6.614706][    T1] usbcore: registered new interface driver safe_serial
[    6.615986][    T1] usbserial: USB Serial support registered for safe_serial
[    6.617270][    T1] usbcore: registered new interface driver sierra
[    6.618432][    T1] usbserial: USB Serial support registered for Sierra USB modem
[    6.619750][    T1] usbcore: registered new interface driver usb_serial_simple
[    6.620825][    T1] usbserial: USB Serial support registered for carelink
[    6.622241][    T1] usbserial: USB Serial support registered for flashloader
[    6.623491][    T1] usbserial: USB Serial support registered for funsoft
[    6.624598][    T1] usbserial: USB Serial support registered for google
[    6.625911][    T1] usbserial: USB Serial support registered for hp4x
[    6.627115][    T1] usbserial: USB Serial support registered for kaufmann
[    6.628330][    T1] usbserial: USB Serial support registered for libtransistor
[    6.629599][    T1] usbserial: USB Serial support registered for moto_modem
[    6.630870][    T1] usbserial: USB Serial support registered for motorola_tetra
[    6.632158][    T1] usbserial: USB Serial support registered for nokia
[    6.633368][    T1] usbserial: USB Serial support registered for novatel_gps
[    6.636529][    T1] usbserial: USB Serial support registered for siemens_mpi
[    6.637677][    T1] usbserial: USB Serial support registered for suunto
[    6.638952][    T1] usbserial: USB Serial support registered for vivopay
[    6.640154][    T1] usbserial: USB Serial support registered for zio
[    6.641374][    T1] usbcore: registered new interface driver spcp8x5
[    6.642543][    T1] usbserial: USB Serial support registered for SPCP8x5
[    6.644133][    T1] usbcore: registered new interface driver ssu100
[    6.645130][    T1] usbserial: USB Serial support registered for Quatech SSU-100 USB to Serial Driver
[    6.646516][    T1] usbcore: registered new interface driver symbolserial
[    6.647935][    T1] usbserial: USB Serial support registered for symbol
[    6.649173][    T1] usbcore: registered new interface driver ti_usb_3410_5052
[    6.650457][    T1] usbserial: USB Serial support registered for TI USB 3410 1 port adapter
[    6.651895][    T1] usbserial: USB Serial support registered for TI USB 5052 2 port adapter
[    6.653362][    T1] usbcore: registered new interface driver upd78f0730
[    6.655202][    T1] usbserial: USB Serial support registered for upd78f0730
[    6.656271][    T1] usbcore: registered new interface driver visor
[    6.657485][    T1] usbserial: USB Serial support registered for Handspring Visor / Palm OS
[    6.658874][    T1] usbserial: USB Serial support registered for Sony Clie 5.0
[    6.660149][    T1] usbserial: USB Serial support registered for Sony Clie 3.5
[    6.661466][    T1] usbcore: registered new interface driver wishbone_serial
[    6.662722][    T1] usbserial: USB Serial support registered for wishbone_serial
[    6.664832][    T1] usbcore: registered new interface driver whiteheat
[    6.665719][    T1] usbserial: USB Serial support registered for Connect Tech - WhiteHEAT - (prerenumeration)
[    6.666957][    T1] usbserial: USB Serial support registered for Connect Tech - WhiteHEAT
[    6.668032][    T1] usbcore: registered new interface driver xr_serial
[    6.668895][    T1] usbserial: USB Serial support registered for xr_serial
[    6.669831][    T1] usbcore: registered new interface driver xsens_mt
[    6.670687][    T1] usbserial: USB Serial support registered for xsens_mt
[    6.671616][    T1] usbcore: registered new interface driver adutux
[    6.672501][    T1] usbcore: registered new interface driver appledisplay
[    6.673443][    T1] usbcore: registered new interface driver cypress_cy7c63
[    6.677243][    T1] usbcore: registered new interface driver cytherm
[    6.678463][    T1] usbcore: registered new interface driver emi26 - firmware loader
[    6.679827][    T1] usbcore: registered new interface driver emi62 - firmware loader
[    6.681194][    T1] usbcore: registered new device driver apple-mfi-fastcharge
[    6.682515][    T1] usbcore: registered new interface driver ljca
[    6.684341][    T1] usbcore: registered new interface driver idmouse
[    6.685384][    T1] usbcore: registered new interface driver iowarrior
[    6.686738][    T1] usbcore: registered new interface driver isight_firmware
[    6.688031][    T1] usbcore: registered new interface driver usblcd
[    6.689249][    T1] usbcore: registered new interface driver ldusb
[    6.690481][    T1] usbcore: registered new interface driver legousbtower
[    6.691751][    T1] usbcore: registered new interface driver usbtest
[    6.692990][    T1] usbcore: registered new interface driver usb_ehset_test
[    6.694720][    T1] usbcore: registered new interface driver trancevibrator
[    6.696097][    T1] usbcore: registered new interface driver uss720
[    6.696834][    T1] uss720: USB Parport Cable driver for Cables using the Lucent Technologies USS720 Chip
[    6.697927][    T1] uss720: NOTE: this is a special purpose driver to allow nonstandard
[    6.698850][    T1] uss720: protocols (eg. bitbang) over USS720 usb to parallel cables
[    6.699756][    T1] uss720: If you just want to connect to a printer, use usblp instead
[    6.701220][    T1] usbcore: registered new interface driver usbsevseg
[    6.702499][    T1] usbcore: registered new interface driver yurex
[    6.705528][    T1] usbcore: registered new interface driver chaoskey
[    6.706847][    T1] usbcore: registered new interface driver sisusb
[    6.708061][    T1] usbcore: registered new interface driver lvs
[    6.709233][    T1] usbcore: registered new device driver onboard-usb-dev
[    6.711509][    T1] usbcore: registered new interface driver cxacru
[    6.712712][    T1] usbcore: registered new interface driver speedtch
[    6.714512][    T1] usbcore: registered new interface driver ueagle-atm
[    6.715292][    T1] xusbatm: malformed module parameters
[    6.720185][    T1] dummy_hcd dummy_hcd.0: USB Host+Gadget Emulator, driver 02 May 2005
[    6.721166][    T1] dummy_hcd dummy_hcd.0: Dummy host controller
[    6.726312][    T1] dummy_hcd dummy_hcd.0: new USB bus registered, assigned bus number 1
[    6.728642][    T1] usb usb1: New USB device found, idVendor=1d6b, idProduct=0002, bcdDevice= 6.14
[    6.729726][    T1] usb usb1: New USB device strings: Mfr=3, Product=2, SerialNumber=1
[    6.730645][    T1] usb usb1: Product: Dummy host controller
[    6.731312][    T1] usb usb1: Manufacturer: Linux 6.14.0-rc3-ga1c24ab82279-dirty dummy_hcd
[    6.732274][    T1] usb usb1: SerialNumber: dummy_hcd.0
[    6.737170][    T1] hub 1-0:1.0: USB hub found
[    6.738083][    T1] hub 1-0:1.0: 1 port detected
[    6.754047][    T1] SPI driver max3420-udc has no spi_device_id for maxim,max3421-udc
[    6.756097][    T1] gadgetfs: USB Gadget filesystem, version 24 Aug 2004
[    6.759168][    T1] vhci_hcd vhci_hcd.0: USB/IP Virtual Host Controller
[    6.760940][    T1] vhci_hcd vhci_hcd.0: new USB bus registered, assigned bus number 2
[    6.762352][    T1] vhci_hcd: created sysfs vhci_hcd.0
[    6.765814][    T1] usb usb2: New USB device found, idVendor=1d6b, idProduct=0002, bcdDevice= 6.14
[    6.766857][    T1] usb usb2: New USB device strings: Mfr=3, Product=2, SerialNumber=1
[    6.767791][    T1] usb usb2: Product: USB/IP Virtual Host Controller
[    6.768550][    T1] usb usb2: Manufacturer: Linux 6.14.0-rc3-ga1c24ab82279-dirty vhci_hcd
[    6.769504][    T1] usb usb2: SerialNumber: vhci_hcd.0
[    6.773088][    T1] hub 2-0:1.0: USB hub found
[    6.774382][    T1] hub 2-0:1.0: 8 ports detected
[    6.782415][    T1] vhci_hcd vhci_hcd.0: USB/IP Virtual Host Controller
[    6.784746][    T1] vhci_hcd vhci_hcd.0: new USB bus registered, assigned bus number 3
[    6.786042][    T1] usb usb3: We don't know the algorithms for LPM for this host, disabling LPM.
[    6.787864][    T1] usb usb3: New USB device found, idVendor=1d6b, idProduct=0003, bcdDevice= 6.14
[    6.788912][    T1] usb usb3: New USB device strings: Mfr=3, Product=2, SerialNumber=1
[    6.789841][    T1] usb usb3: Product: USB/IP Virtual Host Controller
[    6.790719][    T1] usb usb3: Manufacturer: Linux 6.14.0-rc3-ga1c24ab82279-dirty vhci_hcd
[    6.791838][    T1] usb usb3: SerialNumber: vhci_hcd.0
[    6.795369][    T1] hub 3-0:1.0: USB hub found
[    6.796429][    T1] hub 3-0:1.0: 8 ports detected
[    6.808682][    T1] vhci_hcd vhci_hcd.1: USB/IP Virtual Host Controller
[    6.810398][    T1] vhci_hcd vhci_hcd.1: new USB bus registered, assigned bus number 4
[    6.812614][    T1] usb usb4: New USB device found, idVendor=1d6b, idProduct=0002, bcdDevice= 6.14
[    6.813870][    T1] usb usb4: New USB device strings: Mfr=3, Product=2, SerialNumber=1
[    6.814959][    T1] usb usb4: Product: USB/IP Virtual Host Controller
[    6.815854][    T1] usb usb4: Manufacturer: Linux 6.14.0-rc3-ga1c24ab82279-dirty vhci_hcd
[    6.816971][    T1] usb usb4: SerialNumber: vhci_hcd.1
[    6.820571][    T1] hub 4-0:1.0: USB hub found
[    6.821379][    T1] hub 4-0:1.0: 8 ports detected
[    6.829449][    T1] vhci_hcd vhci_hcd.1: USB/IP Virtual Host Controller
[    6.831259][    T1] vhci_hcd vhci_hcd.1: new USB bus registered, assigned bus number 5
[    6.832697][    T1] usb usb5: We don't know the algorithms for LPM for this host, disabling LPM.
[    6.834674][    T1] usb usb5: New USB device found, idVendor=1d6b, idProduct=0003, bcdDevice= 6.14
[    6.835901][    T1] usb usb5: New USB device strings: Mfr=3, Product=2, SerialNumber=1
[    6.837043][    T1] usb usb5: Product: USB/IP Virtual Host Controller
[    6.837930][    T1] usb usb5: Manufacturer: Linux 6.14.0-rc3-ga1c24ab82279-dirty vhci_hcd
[    6.839049][    T1] usb usb5: SerialNumber: vhci_hcd.1
[    6.843051][    T1] hub 5-0:1.0: USB hub found
[    6.844057][    T1] hub 5-0:1.0: 8 ports detected
[    6.852240][    T1] vhci_hcd vhci_hcd.2: USB/IP Virtual Host Controller
[    6.857108][    T1] vhci_hcd vhci_hcd.2: new USB bus registered, assigned bus number 6
[    6.859052][    T1] usb usb6: New USB device found, idVendor=1d6b, idProduct=0002, bcdDevice= 6.14
[    6.860278][    T1] usb usb6: New USB device strings: Mfr=3, Product=2, SerialNumber=1
[    6.861371][    T1] usb usb6: Product: USB/IP Virtual Host Controller
[    6.862266][    T1] usb usb6: Manufacturer: Linux 6.14.0-rc3-ga1c24ab82279-dirty vhci_hcd
[    6.863388][    T1] usb usb6: SerialNumber: vhci_hcd.2
[    6.867353][    T1] hub 6-0:1.0: USB hub found
[    6.868159][    T1] hub 6-0:1.0: 8 ports detected
[    6.876462][    T1] vhci_hcd vhci_hcd.2: USB/IP Virtual Host Controller
[    6.878229][    T1] vhci_hcd vhci_hcd.2: new USB bus registered, assigned bus number 7
[    6.879770][    T1] usb usb7: We don't know the algorithms for LPM for this host, disabling LPM.
[    6.881698][    T1] usb usb7: New USB device found, idVendor=1d6b, idProduct=0003, bcdDevice= 6.14
[    6.882912][    T1] usb usb7: New USB device strings: Mfr=3, Product=2, SerialNumber=1
[    6.884299][    T1] usb usb7: Product: USB/IP Virtual Host Controller
[    6.885191][    T1] usb usb7: Manufacturer: Linux 6.14.0-rc3-ga1c24ab82279-dirty vhci_hcd
[    6.886317][    T1] usb usb7: SerialNumber: vhci_hcd.2
[    6.890191][    T1] hub 7-0:1.0: USB hub found
[    6.891140][    T1] hub 7-0:1.0: 8 ports detected
[    6.899344][    T1] vhci_hcd vhci_hcd.3: USB/IP Virtual Host Controller
[    6.903724][    T1] vhci_hcd vhci_hcd.3: new USB bus registered, assigned bus number 8
[    6.905665][    T1] usb usb8: New USB device found, idVendor=1d6b, idProduct=0002, bcdDevice= 6.14
[    6.906895][    T1] usb usb8: New USB device strings: Mfr=3, Product=2, SerialNumber=1
[    6.907982][    T1] usb usb8: Product: USB/IP Virtual Host Controller
[    6.908870][    T1] usb usb8: Manufacturer: Linux 6.14.0-rc3-ga1c24ab82279-dirty vhci_hcd
[    6.909992][    T1] usb usb8: SerialNumber: vhci_hcd.3
[    6.913626][    T1] hub 8-0:1.0: USB hub found
[    6.914482][    T1] hub 8-0:1.0: 8 ports detected
[    6.922299][    T1] vhci_hcd vhci_hcd.3: USB/IP Virtual Host Controller
[    6.924123][    T1] vhci_hcd vhci_hcd.3: new USB bus registered, assigned bus number 9
[    6.925604][    T1] usb usb9: We don't know the algorithms for LPM for this host, disabling LPM.
[    6.927518][    T1] usb usb9: New USB device found, idVendor=1d6b, idProduct=0003, bcdDevice= 6.14
[    6.928745][    T1] usb usb9: New USB device strings: Mfr=3, Product=2, SerialNumber=1
[    6.929838][    T1] usb usb9: Product: USB/IP Virtual Host Controller
[    6.930724][    T1] usb usb9: Manufacturer: Linux 6.14.0-rc3-ga1c24ab82279-dirty vhci_hcd
[    6.931840][    T1] usb usb9: SerialNumber: vhci_hcd.3
[    6.935482][    T1] hub 9-0:1.0: USB hub found
[    6.936486][    T1] hub 9-0:1.0: 8 ports detected
[    6.944846][    T1] vhci_hcd vhci_hcd.4: USB/IP Virtual Host Controller
[    6.947418][    T1] vhci_hcd vhci_hcd.4: new USB bus registered, assigned bus number 10
[    6.949391][    T1] usb usb10: New USB device found, idVendor=1d6b, idProduct=0002, bcdDevice= 6.14
[    6.950631][    T1] usb usb10: New USB device strings: Mfr=3, Product=2, SerialNumber=1
[    6.951724][    T1] usb usb10: Product: USB/IP Virtual Host Controller
[    6.952623][    T1] usb usb10: Manufacturer: Linux 6.14.0-rc3-ga1c24ab82279-dirty vhci_hcd
[    6.953824][    T1] usb usb10: SerialNumber: vhci_hcd.4
[    6.957289][    T1] hub 10-0:1.0: USB hub found
[    6.958317][    T1] hub 10-0:1.0: 8 ports detected
[    6.965754][    T1] vhci_hcd vhci_hcd.4: USB/IP Virtual Host Controller
[    6.967965][    T1] vhci_hcd vhci_hcd.4: new USB bus registered, assigned bus number 11
[    6.969419][    T1] usb usb11: We don't know the algorithms for LPM for this host, disabling LPM.
[    6.971439][    T1] usb usb11: New USB device found, idVendor=1d6b, idProduct=0003, bcdDevice= 6.14
[    6.972678][    T1] usb usb11: New USB device strings: Mfr=3, Product=2, SerialNumber=1
[    6.973861][    T1] usb usb11: Product: USB/IP Virtual Host Controller
[    6.974771][    T1] usb usb11: Manufacturer: Linux 6.14.0-rc3-ga1c24ab82279-dirty vhci_hcd
[    6.975912][    T1] usb usb11: SerialNumber: vhci_hcd.4
[    6.979537][    T1] hub 11-0:1.0: USB hub found
[    6.980626][    T1] hub 11-0:1.0: 8 ports detected
[    6.990307][    T1] vhci_hcd vhci_hcd.5: USB/IP Virtual Host Controller
[    6.992189][    T1] vhci_hcd vhci_hcd.5: new USB bus registered, assigned bus number 12
[    6.995348][    T1] usb usb12: New USB device found, idVendor=1d6b, idProduct=0002, bcdDevice= 6.14
[    6.996599][    T1] usb usb12: New USB device strings: Mfr=3, Product=2, SerialNumber=1
[    6.997722][    T1] usb usb12: Product: USB/IP Virtual Host Controller
[    6.998630][    T1] usb usb12: Manufacturer: Linux 6.14.0-rc3-ga1c24ab82279-dirty vhci_hcd
[    6.999757][    T1] usb usb12: SerialNumber: vhci_hcd.5
[    7.003269][    T1] hub 12-0:1.0: USB hub found
[    7.004386][    T1] hub 12-0:1.0: 8 ports detected
[    7.012154][    T1] vhci_hcd vhci_hcd.5: USB/IP Virtual Host Controller
[    7.014195][    T1] vhci_hcd vhci_hcd.5: new USB bus registered, assigned bus number 13
[    7.015898][    T1] usb usb13: We don't know the algorithms for LPM for this host, disabling LPM.
[    7.017856][    T1] usb usb13: New USB device found, idVendor=1d6b, idProduct=0003, bcdDevice= 6.14
[    7.019107][    T1] usb usb13: New USB device strings: Mfr=3, Product=2, SerialNumber=1
[    7.020211][    T1] usb usb13: Product: USB/IP Virtual Host Controller
[    7.021273][    T1] usb usb13: Manufacturer: Linux 6.14.0-rc3-ga1c24ab82279-dirty vhci_hcd
[    7.023318][    T1] usb usb13: SerialNumber: vhci_hcd.5
[    7.027394][    T1] hub 13-0:1.0: USB hub found
[    7.028485][    T1] hub 13-0:1.0: 8 ports detected
[    7.039725][    T1] vhci_hcd vhci_hcd.6: USB/IP Virtual Host Controller
[    7.041519][    T1] vhci_hcd vhci_hcd.6: new USB bus registered, assigned bus number 14
[    7.043296][    T1] usb usb14: New USB device found, idVendor=1d6b, idProduct=0002, bcdDevice= 6.14
[    7.044783][    T1] usb usb14: New USB device strings: Mfr=3, Product=2, SerialNumber=1
[    7.045734][    T1] usb usb14: Product: USB/IP Virtual Host Controller
[    7.046502][    T1] usb usb14: Manufacturer: Linux 6.14.0-rc3-ga1c24ab82279-dirty vhci_hcd
[    7.047460][    T1] usb usb14: SerialNumber: vhci_hcd.6
[    7.050536][    T1] hub 14-0:1.0: USB hub found
[    7.051461][    T1] hub 14-0:1.0: 8 ports detected
[    7.058778][    T1] vhci_hcd vhci_hcd.6: USB/IP Virtual Host Controller
[    7.060227][    T1] vhci_hcd vhci_hcd.6: new USB bus registered, assigned bus number 15
[    7.061540][    T1] usb usb15: We don't know the algorithms for LPM for this host, disabling LPM.
[    7.063273][    T1] usb usb15: New USB device found, idVendor=1d6b, idProduct=0003, bcdDevice= 6.14
[    7.064445][    T1] usb usb15: New USB device strings: Mfr=3, Product=2, SerialNumber=1
[    7.065386][    T1] usb usb15: Product: USB/IP Virtual Host Controller
[    7.066150][    T1] usb usb15: Manufacturer: Linux 6.14.0-rc3-ga1c24ab82279-dirty vhci_hcd
[    7.067115][    T1] usb usb15: SerialNumber: vhci_hcd.6
[    7.070420][    T1] hub 15-0:1.0: USB hub found
[    7.071390][    T1] hub 15-0:1.0: 8 ports detected
[    7.080717][    T1] vhci_hcd vhci_hcd.7: USB/IP Virtual Host Controller
[    7.083294][    T1] vhci_hcd vhci_hcd.7: new USB bus registered, assigned bus number 16
[    7.086011][    T1] usb usb16: New USB device found, idVendor=1d6b, idProduct=0002, bcdDevice= 6.14
[    7.087073][    T1] usb usb16: New USB device strings: Mfr=3, Product=2, SerialNumber=1
[    7.088010][    T1] usb usb16: Product: USB/IP Virtual Host Controller
[    7.088776][    T1] usb usb16: Manufacturer: Linux 6.14.0-rc3-ga1c24ab82279-dirty vhci_hcd
[    7.089741][    T1] usb usb16: SerialNumber: vhci_hcd.7
[    7.093052][    T1] hub 16-0:1.0: USB hub found
[    7.094043][    T1] hub 16-0:1.0: 8 ports detected
[    7.101167][    T1] vhci_hcd vhci_hcd.7: USB/IP Virtual Host Controller
[    7.102735][    T1] vhci_hcd vhci_hcd.7: new USB bus registered, assigned bus number 17
[    7.104579][    T1] usb usb17: We don't know the algorithms for LPM for this host, disabling LPM.
[    7.106358][    T1] usb usb17: New USB device found, idVendor=1d6b, idProduct=0003, bcdDevice= 6.14
[    7.107409][    T1] usb usb17: New USB device strings: Mfr=3, Product=2, SerialNumber=1
[    7.108336][    T1] usb usb17: Product: USB/IP Virtual Host Controller
[    7.109109][    T1] usb usb17: Manufacturer: Linux 6.14.0-rc3-ga1c24ab82279-dirty vhci_hcd
[    7.110062][    T1] usb usb17: SerialNumber: vhci_hcd.7
[    7.113401][    T1] hub 17-0:1.0: USB hub found
[    7.115317][    T1] hub 17-0:1.0: 8 ports detected
[    7.123893][    T1] vhci_hcd vhci_hcd.8: USB/IP Virtual Host Controller
[    7.125588][    T1] vhci_hcd vhci_hcd.8: new USB bus registered, assigned bus number 18
[    7.127578][    T1] usb usb18: New USB device found, idVendor=1d6b, idProduct=0002, bcdDevice= 6.14
[    7.128636][    T1] usb usb18: New USB device strings: Mfr=3, Product=2, SerialNumber=1
[    7.129571][    T1] usb usb18: Product: USB/IP Virtual Host Controller
[    7.130343][    T1] usb usb18: Manufacturer: Linux 6.14.0-rc3-ga1c24ab82279-dirty vhci_hcd
[    7.131300][    T1] usb usb18: SerialNumber: vhci_hcd.8
[    7.135926][    T1] hub 18-0:1.0: USB hub found
[    7.136850][    T1] hub 18-0:1.0: 8 ports detected
[    7.143860][    T1] vhci_hcd vhci_hcd.8: USB/IP Virtual Host Controller
[    7.145676][    T1] vhci_hcd vhci_hcd.8: new USB bus registered, assigned bus number 19
[    7.147269][    T1] usb usb19: We don't know the algorithms for LPM for this host, disabling LPM.
[    7.149033][    T1] usb usb19: New USB device found, idVendor=1d6b, idProduct=0003, bcdDevice= 6.14
[    7.150095][    T1] usb usb19: New USB device strings: Mfr=3, Product=2, SerialNumber=1
[    7.151030][    T1] usb usb19: Product: USB/IP Virtual Host Controller
[    7.151792][    T1] usb usb19: Manufacturer: Linux 6.14.0-rc3-ga1c24ab82279-dirty vhci_hcd
[    7.152756][    T1] usb usb19: SerialNumber: vhci_hcd.8
[    7.155938][    T1] hub 19-0:1.0: USB hub found
[    7.156669][    T1] hub 19-0:1.0: 8 ports detected
[    7.166096][    T1] vhci_hcd vhci_hcd.9: USB/IP Virtual Host Controller
[    7.167798][    T1] vhci_hcd vhci_hcd.9: new USB bus registered, assigned bus number 20
[    7.169841][    T1] usb usb20: New USB device found, idVendor=1d6b, idProduct=0002, bcdDevice= 6.14
[    7.170934][    T1] usb usb20: New USB device strings: Mfr=3, Product=2, SerialNumber=1
[    7.171901][    T1] usb usb20: Product: USB/IP Virtual Host Controller
[    7.172686][    T1] usb usb20: Manufacturer: Linux 6.14.0-rc3-ga1c24ab82279-dirty vhci_hcd
[    7.173748][    T1] usb usb20: SerialNumber: vhci_hcd.9
[    7.177160][    T1] hub 20-0:1.0: USB hub found
[    7.178158][    T1] hub 20-0:1.0: 8 ports detected
[    7.186137][    T1] vhci_hcd vhci_hcd.9: USB/IP Virtual Host Controller
[    7.187624][    T1] vhci_hcd vhci_hcd.9: new USB bus registered, assigned bus number 21
[    7.189164][    T1] usb usb21: We don't know the algorithms for LPM for this host, disabling LPM.
[    7.190940][    T1] usb usb21: New USB device found, idVendor=1d6b, idProduct=0003, bcdDevice= 6.14
[    7.192027][    T1] usb usb21: New USB device strings: Mfr=3, Product=2, SerialNumber=1
[    7.192999][    T1] usb usb21: Product: USB/IP Virtual Host Controller
[    7.193858][    T1] usb usb21: Manufacturer: Linux 6.14.0-rc3-ga1c24ab82279-dirty vhci_hcd
[    7.194858][    T1] usb usb21: SerialNumber: vhci_hcd.9
[    7.198244][    T1] hub 21-0:1.0: USB hub found
[    7.199238][    T1] hub 21-0:1.0: 8 ports detected
[    7.208217][    T1] vhci_hcd vhci_hcd.10: USB/IP Virtual Host Controller
[    7.209919][    T1] vhci_hcd vhci_hcd.10: new USB bus registered, assigned bus number 22
[    7.212063][    T1] usb usb22: New USB device found, idVendor=1d6b, idProduct=0002, bcdDevice= 6.14
[    7.213158][    T1] usb usb22: New USB device strings: Mfr=3, Product=2, SerialNumber=1
[    7.214210][    T1] usb usb22: Product: USB/IP Virtual Host Controller
[    7.215011][    T1] usb usb22: Manufacturer: Linux 6.14.0-rc3-ga1c24ab82279-dirty vhci_hcd
[    7.215999][    T1] usb usb22: SerialNumber: vhci_hcd.10
[    7.219444][    T1] hub 22-0:1.0: USB hub found
[    7.220483][    T1] hub 22-0:1.0: 8 ports detected
[    7.228355][    T1] vhci_hcd vhci_hcd.10: USB/IP Virtual Host Controller
[    7.229840][    T1] vhci_hcd vhci_hcd.10: new USB bus registered, assigned bus number 23
[    7.231375][    T1] usb usb23: We don't know the algorithms for LPM for this host, disabling LPM.
[    7.233147][    T1] usb usb23: New USB device found, idVendor=1d6b, idProduct=0003, bcdDevice= 6.14
[    7.234301][    T1] usb usb23: New USB device strings: Mfr=3, Product=2, SerialNumber=1
[    7.235263][    T1] usb usb23: Product: USB/IP Virtual Host Controller
[    7.236054][    T1] usb usb23: Manufacturer: Linux 6.14.0-rc3-ga1c24ab82279-dirty vhci_hcd
[    7.237048][    T1] usb usb23: SerialNumber: vhci_hcd.10
[    7.240457][    T1] hub 23-0:1.0: USB hub found
[    7.241459][    T1] hub 23-0:1.0: 8 ports detected
[    7.250524][    T1] vhci_hcd vhci_hcd.11: USB/IP Virtual Host Controller
[    7.252253][    T1] vhci_hcd vhci_hcd.11: new USB bus registered, assigned bus number 24
[    7.254366][    T1] usb usb24: New USB device found, idVendor=1d6b, idProduct=0002, bcdDevice= 6.14
[    7.255454][    T1] usb usb24: New USB device strings: Mfr=3, Product=2, SerialNumber=1
[    7.256414][    T1] usb usb24: Product: USB/IP Virtual Host Controller
[    7.257213][    T1] usb usb24: Manufacturer: Linux 6.14.0-rc3-ga1c24ab82279-dirty vhci_hcd
[    7.258203][    T1] usb usb24: SerialNumber: vhci_hcd.11
[    7.261591][    T1] hub 24-0:1.0: USB hub found
[    7.262685][    T1] hub 24-0:1.0: 8 ports detected
[    7.270524][    T1] vhci_hcd vhci_hcd.11: USB/IP Virtual Host Controller
[    7.273716][    T1] vhci_hcd vhci_hcd.11: new USB bus registered, assigned bus number 25
[    7.275253][    T1] usb usb25: We don't know the algorithms for LPM for this host, disabling LPM.
[    7.277048][    T1] usb usb25: New USB device found, idVendor=1d6b, idProduct=0003, bcdDevice= 6.14
[    7.278139][    T1] usb usb25: New USB device strings: Mfr=3, Product=2, SerialNumber=1
[    7.279098][    T1] usb usb25: Product: USB/IP Virtual Host Controller
[    7.279882][    T1] usb usb25: Manufacturer: Linux 6.14.0-rc3-ga1c24ab82279-dirty vhci_hcd
[    7.280879][    T1] usb usb25: SerialNumber: vhci_hcd.11
[    7.285114][    T1] hub 25-0:1.0: USB hub found
[    7.286070][    T1] hub 25-0:1.0: 8 ports detected
[    7.294569][    T1] vhci_hcd vhci_hcd.12: USB/IP Virtual Host Controller
[    7.296325][    T1] vhci_hcd vhci_hcd.12: new USB bus registered, assigned bus number 26
[    7.298513][    T1] usb usb26: New USB device found, idVendor=1d6b, idProduct=0002, bcdDevice= 6.14
[    7.299601][    T1] usb usb26: New USB device strings: Mfr=3, Product=2, SerialNumber=1
[    7.300559][    T1] usb usb26: Product: USB/IP Virtual Host Controller
[    7.301361][    T1] usb usb26: Manufacturer: Linux 6.14.0-rc3-ga1c24ab82279-dirty vhci_hcd
[    7.302352][    T1] usb usb26: SerialNumber: vhci_hcd.12
[    7.306514][    T1] hub 26-0:1.0: USB hub found
[    7.307491][    T1] hub 26-0:1.0: 8 ports detected
[    7.314675][    T1] vhci_hcd vhci_hcd.12: USB/IP Virtual Host Controller
[    7.316428][    T1] vhci_hcd vhci_hcd.12: new USB bus registered, assigned bus number 27
[    7.317970][    T1] usb usb27: We don't know the algorithms for LPM for this host, disabling LPM.
[    7.319740][    T1] usb usb27: New USB device found, idVendor=1d6b, idProduct=0003, bcdDevice= 6.14
[    7.320822][    T1] usb usb27: New USB device strings: Mfr=3, Product=2, SerialNumber=1
[    7.321768][    T1] usb usb27: Product: USB/IP Virtual Host Controller
[    7.322531][    T1] usb usb27: Manufacturer: Linux 6.14.0-rc3-ga1c24ab82279-dirty vhci_hcd
[    7.323481][    T1] usb usb27: SerialNumber: vhci_hcd.12
[    7.327078][    T1] hub 27-0:1.0: USB hub found
[    7.328139][    T1] hub 27-0:1.0: 8 ports detected
[    7.337576][    T1] vhci_hcd vhci_hcd.13: USB/IP Virtual Host Controller
[    7.339330][    T1] vhci_hcd vhci_hcd.13: new USB bus registered, assigned bus number 28
[    7.341353][    T1] usb usb28: New USB device found, idVendor=1d6b, idProduct=0002, bcdDevice= 6.14
[    7.342414][    T1] usb usb28: New USB device strings: Mfr=3, Product=2, SerialNumber=1
[    7.343346][    T1] usb usb28: Product: USB/IP Virtual Host Controller
[    7.344181][    T1] usb usb28: Manufacturer: Linux 6.14.0-rc3-ga1c24ab82279-dirty vhci_hcd
[    7.345166][    T1] usb usb28: SerialNumber: vhci_hcd.13
[    7.348595][    T1] hub 28-0:1.0: USB hub found
[    7.349528][    T1] hub 28-0:1.0: 8 ports detected
[    7.357487][    T1] vhci_hcd vhci_hcd.13: USB/IP Virtual Host Controller
[    7.359171][    T1] vhci_hcd vhci_hcd.13: new USB bus registered, assigned bus number 29
[    7.360482][    T1] usb usb29: We don't know the algorithms for LPM for this host, disabling LPM.
[    7.362268][    T1] usb usb29: New USB device found, idVendor=1d6b, idProduct=0003, bcdDevice= 6.14
[    7.363346][    T1] usb usb29: New USB device strings: Mfr=3, Product=2, SerialNumber=1
[    7.364577][    T1] usb usb29: Product: USB/IP Virtual Host Controller
[    7.365354][    T1] usb usb29: Manufacturer: Linux 6.14.0-rc3-ga1c24ab82279-dirty vhci_hcd
[    7.366308][    T1] usb usb29: SerialNumber: vhci_hcd.13
[    7.369607][    T1] hub 29-0:1.0: USB hub found
[    7.370736][    T1] hub 29-0:1.0: 8 ports detected
[    7.379985][    T1] vhci_hcd vhci_hcd.14: USB/IP Virtual Host Controller
[    7.381674][    T1] vhci_hcd vhci_hcd.14: new USB bus registered, assigned bus number 30
[    7.383780][    T1] usb usb30: New USB device found, idVendor=1d6b, idProduct=0002, bcdDevice= 6.14
[    7.384846][    T1] usb usb30: New USB device strings: Mfr=3, Product=2, SerialNumber=1
[    7.385787][    T1] usb usb30: Product: USB/IP Virtual Host Controller
[    7.386556][    T1] usb usb30: Manufacturer: Linux 6.14.0-rc3-ga1c24ab82279-dirty vhci_hcd
[    7.387510][    T1] usb usb30: SerialNumber: vhci_hcd.14
[    7.390896][    T1] hub 30-0:1.0: USB hub found
[    7.391871][    T1] hub 30-0:1.0: 8 ports detected
[    7.399412][    T1] vhci_hcd vhci_hcd.14: USB/IP Virtual Host Controller
[    7.401077][    T1] vhci_hcd vhci_hcd.14: new USB bus registered, assigned bus number 31
[    7.404085][    T1] usb usb31: We don't know the algorithms for LPM for this host, disabling LPM.
[    7.405809][    T1] usb usb31: New USB device found, idVendor=1d6b, idProduct=0003, bcdDevice= 6.14
[    7.406862][    T1] usb usb31: New USB device strings: Mfr=3, Product=2, SerialNumber=1
[    7.407791][    T1] usb usb31: Product: USB/IP Virtual Host Controller
[    7.408555][    T1] usb usb31: Manufacturer: Linux 6.14.0-rc3-ga1c24ab82279-dirty vhci_hcd
[    7.409514][    T1] usb usb31: SerialNumber: vhci_hcd.14
[    7.412957][    T1] hub 31-0:1.0: USB hub found
[    7.415243][    T1] hub 31-0:1.0: 8 ports detected
[    7.423506][    T1] vhci_hcd vhci_hcd.15: USB/IP Virtual Host Controller
[    7.425280][    T1] vhci_hcd vhci_hcd.15: new USB bus registered, assigned bus number 32
[    7.427270][    T1] usb usb32: New USB device found, idVendor=1d6b, idProduct=0002, bcdDevice= 6.14
[    7.428329][    T1] usb usb32: New USB device strings: Mfr=3, Product=2, SerialNumber=1
[    7.429260][    T1] usb usb32: Product: USB/IP Virtual Host Controller
[    7.430020][    T1] usb usb32: Manufacturer: Linux 6.14.0-rc3-ga1c24ab82279-dirty vhci_hcd
[    7.430976][    T1] usb usb32: SerialNumber: vhci_hcd.15
[    7.434986][    T1] hub 32-0:1.0: USB hub found
[    7.435730][    T1] hub 32-0:1.0: 8 ports detected
[    7.442473][    T1] vhci_hcd vhci_hcd.15: USB/IP Virtual Host Controller
[    7.444212][    T1] vhci_hcd vhci_hcd.15: new USB bus registered, assigned bus number 33
[    7.445847][    T1] usb usb33: We don't know the algorithms for LPM for this host, disabling LPM.
[    7.447570][    T1] usb usb33: New USB device found, idVendor=1d6b, idProduct=0003, bcdDevice= 6.14
[    7.448629][    T1] usb usb33: New USB device strings: Mfr=3, Product=2, SerialNumber=1
[    7.449568][    T1] usb usb33: Product: USB/IP Virtual Host Controller
[    7.450330][    T1] usb usb33: Manufacturer: Linux 6.14.0-rc3-ga1c24ab82279-dirty vhci_hcd
[    7.451280][    T1] usb usb33: SerialNumber: vhci_hcd.15
[    7.456488][    T1] hub 33-0:1.0: USB hub found
[    7.457418][    T1] hub 33-0:1.0: 8 ports detected
[    7.467597][    T1] usbcore: registered new device driver usbip-host
[    7.483068][    T1] i8042: PNP: PS/2 Controller [PNP0303:KBD,PNP0f13:MOU] at 0x60,0x64 irq 1,12
[    7.489109][    T1] serio: i8042 KBD port at 0x60,0x64 irq 1
[    7.491407][    T1] serio: i8042 AUX port at 0x60,0x64 irq 12
[    7.496372][    T1] mousedev: PS/2 mouse device common for all mice
[    7.500171][    T1] usbcore: registered new interface driver appletouch
[    7.501319][    T1] usbcore: registered new interface driver bcm5974
[    7.508020][   T50] input: AT Translated Set 2 keyboard as /devices/platform/i8042/serio0/input/input1
[    7.511242][    T1] usbcore: registered new interface driver synaptics_usb
[    7.514878][    T1] usbcore: registered new interface driver iforce
[    7.515858][    T1] usbcore: registered new interface driver pxrc
[    7.517160][    T1] usbcore: registered new interface driver xpad
[    7.518108][    T1] usbcore: registered new interface driver usb_acecad
[    7.519138][    T1] usbcore: registered new interface driver aiptek
[    7.520130][    T1] usbcore: registered new interface driver hanwang
[    7.521115][    T1] usbcore: registered new interface driver kbtab
[    7.522088][    T1] usbcore: registered new interface driver pegasus_notetaker
[    7.536460][    T1] usbcore: registered new interface driver usbtouchscreen
[    7.537872][    T1] usbcore: registered new interface driver sur40
[    7.539175][    T1] usbcore: registered new interface driver ati_remote2
[    7.539958][    T1] cm109: Keymap for Komunikate KIP1000 phone loaded
[    7.541290][    T1] usbcore: registered new interface driver cm109
[    7.542019][    T1] cm109: CM109 phone driver: 20080805 (C) Alfred E. Heggestad
[    7.544796][    T1] usbcore: registered new interface driver ims_pcu
[    7.546183][    T1] usbcore: registered new interface driver keyspan_remote
[    7.547584][    T1] usbcore: registered new interface driver powermate
[    7.551584][    T1] usbcore: registered new interface driver yealink
[    7.556315][    T1] rtc_cmos 00:05: RTC can wake from S4
[    7.563537][    T1] rtc_cmos 00:05: registered as rtc0
[    7.564908][    T1] rtc_cmos 00:05: alarms up to one day, y3k, 242 bytes nvram, hpet irqs
[    7.568891][    T1] i2c_dev: i2c /dev entries driver
[    7.569974][    T1] usbcore: registered new interface driver i2c-diolan-u2c
[    7.571283][    T1] usbcore: registered new interface driver i2c-cp2615
[    7.572307][    T1] usbcore: registered new interface driver RobotFuzz Open Source InterFace, OSIF
[    7.573584][    T1] usbcore: registered new interface driver i2c-tiny-usb
[    7.594766][    T1] usbcore: registered new interface driver igorplugusb
[    7.596112][    T1] usbcore: registered new interface driver iguanair
[    7.597552][    T1] usbcore: registered new interface driver imon
[    7.598839][    T1] usbcore: registered new interface driver imon_raw
[    7.600451][    T1] usbcore: registered new interface driver mceusb
[    7.601784][    T1] usbcore: registered new interface driver redrat3
[    7.603157][    T1] usbcore: registered new interface driver streamzap
[    7.604386][    T1] usbcore: registered new interface driver ir_toy
[    7.605847][    T1] usbcore: registered new interface driver ttusbir
[    7.607176][    T1] usbcore: registered new interface driver ati_remote
[    7.608547][    T1] usbcore: registered new interface driver xbox_remote
[    7.610357][    T1] b2c2-flexcop: B2C2 FlexcopII/II(b)/III digital TV receiver chip loaded successfully
[    7.612649][    T1] usbcore: registered new interface driver b2c2_flexcop_usb
[    7.614240][    T1] usbcore: registered new interface driver dvb_usb_vp7045
[    7.616771][    T1] usbcore: registered new interface driver dvb_usb_vp702x
[    7.618258][    T1] usbcore: registered new interface driver dvb_usb_gp8psk
[    7.619670][    T1] usbcore: registered new interface driver dvb_usb_dtt200u
[    7.621066][    T1] usbcore: registered new interface driver dvb_usb_a800
[    7.622533][    T1] usbcore: registered new interface driver dvb_usb_dibusb_mb
[    7.628544][    T1] usbcore: registered new interface driver dvb_usb_dibusb_mc
[    7.629799][    T1] usbcore: registered new interface driver dvb_usb_nova_t_usb2
[    7.631104][    T1] usbcore: registered new interface driver dvb_usb_umt_010
[    7.632534][    T1] usbcore: registered new interface driver dvb_usb_m920x
[    7.633839][    T1] usbcore: registered new interface driver dvb_usb_digitv
[    7.635190][    T1] usbcore: registered new interface driver dvb_usb_cxusb
[    7.636642][    T1] usbcore: registered new interface driver dvb_usb_ttusb2
[    7.638330][    T1] usbcore: registered new interface driver dvb_usb_dib0700
[    7.639720][    T1] usbcore: registered new interface driver opera1
[    7.641046][    T1] usbcore: registered new interface driver dvb_usb_af9005
[    7.641862][    T1] failing symbol_get of non-GPLONLY symbol af9005_rc_decode.
[    7.643150][    T1] failing symbol_get of non-GPLONLY symbol af9005_rc_decode.
[    7.644405][    T1] failing symbol_get of non-GPLONLY symbol rc_map_af9005_table.
[    7.645803][    T1] failing symbol_get of non-GPLONLY symbol rc_map_af9005_table.
[    7.646671][    T1] failing symbol_get of non-GPLONLY symbol rc_map_af9005_table_size.
[    7.648098][    T1] failing symbol_get of non-GPLONLY symbol rc_map_af9005_table_size.
[    7.649013][    T1] af9005: af9005_rc_decode function not found, disabling remote
[    7.650327][    T1] usbcore: registered new interface driver pctv452e
[    7.651654][    T1] usbcore: registered new interface driver dw2102
[    7.653048][    T1] usbcore: registered new interface driver dvb_usb_dtv5100
[    7.655351][    T1] usbcore: registered new interface driver cinergyT2
[    7.656772][    T1] usbcore: registered new interface driver dvb_usb_az6027
[    7.658179][    T1] usbcore: registered new interface driver dvb_usb_technisat_usb2
[    7.659772][    T1] usbcore: registered new interface driver dvb_usb_af9015
[    7.661266][    T1] usbcore: registered new interface driver dvb_usb_af9035
[    7.662635][    T1] usbcore: registered new interface driver dvb_usb_anysee
[    7.664020][    T1] usbcore: registered new interface driver dvb_usb_au6610
[    7.665432][    T1] usbcore: registered new interface driver dvb_usb_az6007
[    7.666602][    T1] usbcore: registered new interface driver dvb_usb_ce6230
[    7.668023][    T1] usbcore: registered new interface driver dvb_usb_ec168
[    7.669367][    T1] usbcore: registered new interface driver dvb_usb_lmedm04
[    7.670754][    T1] usbcore: registered new interface driver dvb_usb_gl861
[    7.672206][    T1] usbcore: registered new interface driver dvb_usb_mxl111sf
[    7.674113][    T1] usbcore: registered new interface driver dvb_usb_rtl28xxu
[    7.675377][    T1] usbcore: registered new interface driver dvb_usb_dvbsky
[    7.676831][    T1] usbcore: registered new interface driver zd1301
[    7.678142][    T1] usbcore: registered new interface driver s2255
[    7.679560][    T1] usbcore: registered new interface driver smsusb
[    7.680869][    T1] usbcore: registered new interface driver ttusb
[    7.682176][    T1] usbcore: registered new interface driver ttusb-dec
[    7.683542][    T1] usbcore: registered new interface driver Abilis Systems as10x usb driver
[    7.684983][    T1] usbcore: registered new interface driver airspy
[    7.685725][    T1] gspca_main: v2.14.0 registered
[    7.686915][    T1] usbcore: registered new interface driver benq
[    7.688210][    T1] usbcore: registered new interface driver conex
[    7.689516][    T1] usbcore: registered new interface driver cpia1
[    7.690793][    T1] usbcore: registered new interface driver dtcs033
[    7.692113][    T1] usbcore: registered new interface driver etoms
[    7.693536][    T1] usbcore: registered new interface driver finepix
[    7.694968][    T1] usbcore: registered new interface driver jeilinj
[    7.696345][    T1] usbcore: registered new interface driver jl2005bcd
[    7.697692][    T1] usbcore: registered new interface driver kinect
[    7.699004][    T1] usbcore: registered new interface driver konica
[    7.700322][    T1] usbcore: registered new interface driver mars
[    7.701620][    T1] usbcore: registered new interface driver mr97310a
[    7.702962][    T1] usbcore: registered new interface driver nw80x
[    7.704227][    T1] usbcore: registered new interface driver ov519
[    7.705590][    T1] usbcore: registered new interface driver ov534
[    7.706885][    T1] usbcore: registered new interface driver ov534_9
[    7.708253][    T1] usbcore: registered new interface driver pac207
[    7.709640][    T1] usbcore: registered new interface driver gspca_pac7302
[    7.711936][    T1] usbcore: registered new interface driver pac7311
[    7.713291][    T1] usbcore: registered new interface driver se401
[    7.716518][    T1] usbcore: registered new interface driver sn9c2028
[    7.717847][    T1] usbcore: registered new interface driver gspca_sn9c20x
[    7.719361][    T1] usbcore: registered new interface driver sonixb
[    7.720784][    T1] usbcore: registered new interface driver sonixj
[    7.722151][    T1] usbcore: registered new interface driver spca500
[    7.723500][    T1] usbcore: registered new interface driver spca501
[    7.726007][    T1] usbcore: registered new interface driver spca505
[    7.727415][    T1] usbcore: registered new interface driver spca506
[    7.728750][    T1] usbcore: registered new interface driver spca508
[    7.730130][    T1] usbcore: registered new interface driver spca561
[    7.731441][    T1] usbcore: registered new interface driver spca1528
[    7.732759][    T1] usbcore: registered new interface driver sq905
[    7.734283][    T1] usbcore: registered new interface driver sq905c
[    7.735439][    T1] usbcore: registered new interface driver sq930x
[    7.737011][    T1] usbcore: registered new interface driver sunplus
[    7.738342][    T1] usbcore: registered new interface driver stk014
[    7.739640][    T1] usbcore: registered new interface driver stk1135
[    7.740961][    T1] usbcore: registered new interface driver stv0680
[    7.742277][    T1] usbcore: registered new interface driver t613
[    7.743615][    T1] usbcore: registered new interface driver gspca_topro
[    7.745497][    T1] usbcore: registered new interface driver touptek
[    7.746895][    T1] usbcore: registered new interface driver tv8532
[    7.748240][    T1] usbcore: registered new interface driver vc032x
[    7.749568][    T1] usbcore: registered new interface driver vicam
[    7.750884][    T1] usbcore: registered new interface driver xirlink-cit
[    7.752502][    T1] usbcore: registered new interface driver gspca_zc3xx
[    7.754804][    T1] usbcore: registered new interface driver ALi m5602
[    7.756004][    T1] usbcore: registered new interface driver STV06xx
[    7.757215][    T1] usbcore: registered new interface driver gspca_gl860
[    7.758446][    T1] usbcore: registered new interface driver hackrf
[    7.759796][    T1] usbcore: registered new interface driver msi2500
[    7.761116][    T1] usbcore: registered new interface driver Philips webcam
[    7.762933][    T1] usbcore: registered new interface driver uvcvideo
[    7.764499][    T1] au0828: au0828 driver loaded
[    7.766102][    T1] usbcore: registered new interface driver au0828
[    7.767402][    T1] usbcore: registered new interface driver cx231xx
[    7.769202][    T1] usbcore: registered new interface driver em28xx
[    7.769971][    T1] em28xx: Registered (Em28xx v4l2 Extension) extension
[    7.770751][    T1] em28xx: Registered (Em28xx Audio Extension) extension
[    7.771547][    T1] em28xx: Registered (Em28xx dvb Extension) extension
[    7.772317][    T1] em28xx: Registered (Em28xx Input Extension) extension
[    7.773748][    T1] usbcore: registered new interface driver go7007
[    7.774887][    T1] usbcore: registered new interface driver go7007-loader
[    7.776831][    T1] usbcore: registered new interface driver hdpvr
[    7.778174][    T1] usbcore: registered new interface driver pvrusb2
[    7.778922][    T1] pvrusb2: V4L in-tree version:Hauppauge WinTV-PVR-USB2 MPEG2 Encoder/Tuner
[    7.779903][    T1] pvrusb2: Debug mask is 31 (0x1f)
[    7.780741][    T1] usbcore: registered new interface driver stk1160
[    7.781750][    T1] usbcore: registered new interface driver usbtv
[    7.788738][    T1] dvbdev: DVB: registering new adapter (dvb_vidtv_bridge)
[    7.795134][    T1] i2c i2c-0: DVB: registering adapter 0 frontend 0 (Dummy demod for DVB-T/T2/C/S/S2)...
[    7.796516][    T1] dvbdev: dvb_create_media_entity: media entity 'Dummy demod for DVB-T/T2/C/S/S2' registered.
[    7.805262][    T1] dvbdev: dvb_create_media_entity: media entity 'dvb-demux' registered.
[    7.812567][    T1] vidtv vidtv.0: Successfully initialized vidtv!
[    7.816649][    T1] vicodec vicodec.0: Device 'stateful-encoder' registered as /dev/video0
[    7.818647][    T1] vicodec vicodec.0: Device 'stateful-decoder' registered as /dev/video1
[    7.820490][    T1] vicodec vicodec.0: Device 'stateless-decoder' registered as /dev/video2
[    7.825685][    T1] vim2m vim2m.0: Device registered as /dev/video0
[    7.851127][    T1] vivid-000: using single planar format API
[    7.876200][    T1] vivid-000: CEC adapter cec0 registered for HDMI input
[    7.877946][    T1] vivid-000: V4L2 capture device registered as video7
[    7.879568][    T1] vivid-000: CEC adapter cec1 registered for HDMI output 0
[    7.881194][    T1] vivid-000: V4L2 output device registered as video8
[    7.882832][    T1] vivid-000: V4L2 capture device registered as vbi0, supports raw and sliced VBI
[    7.885200][    T1] vivid-000: V4L2 output device registered as vbi1, supports raw and sliced VBI
[    7.886970][    T1] vivid-000: V4L2 capture device registered as swradio0
[    7.888532][    T1] vivid-000: V4L2 receiver device registered as radio0
[    7.890097][    T1] vivid-000: V4L2 transmitter device registered as radio1
[    7.891692][    T1] vivid-000: V4L2 metadata capture device registered as video9
[    7.893355][    T1] vivid-000: V4L2 metadata output device registered as video10
[    7.895046][    T1] vivid-000: V4L2 touch capture device registered as v4l-touch0
[    7.918882][    T1] usbcore: registered new interface driver radioshark2
[    7.920215][    T1] usbcore: registered new interface driver radioshark
[    7.921506][    T1] usbcore: registered new interface driver radio-si470x
[    7.923107][    T1] usbcore: registered new interface driver radio-usb-si4713
[    7.924710][    T1] usbcore: registered new interface driver dsbr100
[    7.925938][    T1] usbcore: registered new interface driver radio-keene
[    7.927196][    T1] usbcore: registered new interface driver radio-ma901
[    7.928465][    T1] usbcore: registered new interface driver radio-mr800
[    7.929730][    T1] usbcore: registered new interface driver radio-raremono
[    7.937693][    T1] usbcore: registered new interface driver powerz
[    7.939017][    T1] usbcore: registered new interface driver pcwd_usb
[    7.961988][   T50] input: ImExPS/2 Generic Explorer Mouse as /devices/platform/i8042/serio1/input/input3
[    7.978210][    T1] device-mapper: core: CONFIG_IMA_DISABLE_HTABLE is disabled. Duplicate IMA measurements will not be recorded in the IMA log.
[    7.979868][    T1] device-mapper: uevent: version 1.0.3
[    7.981763][    T1] device-mapper: ioctl: 4.49.0-ioctl (2025-01-17) initialised: dm-devel@lists.linux.dev
[    8.014513][    T1] device-mapper: multipath round-robin: version 1.2.0 loaded
[    8.015357][    T1] device-mapper: multipath queue-length: version 0.2.0 loaded
[    8.016197][    T1] device-mapper: multipath service-time: version 0.3.0 loaded
[    8.019380][    T1] Bluetooth: HCI UART driver ver 2.3
[    8.020041][    T1] Bluetooth: HCI UART protocol H4 registered
[    8.020718][    T1] Bluetooth: HCI UART protocol BCSP registered
[    8.021773][    T1] Bluetooth: HCI UART protocol LL registered
[    8.022779][    T1] Bluetooth: HCI UART protocol Three-wire (H5) registered
[    8.024498][    T1] Bluetooth: HCI UART protocol Broadcom registered
[    8.025592][    T1] Bluetooth: HCI UART protocol QCA registered
[    8.026311][    T1] Bluetooth: HCI UART protocol AG6XX registered
[    8.027344][    T1] Bluetooth: HCI UART protocol Marvell registered
[    8.028581][    T1] usbcore: registered new interface driver bcm203x
[    8.029798][    T1] usbcore: registered new interface driver bpa10x
[    8.030992][    T1] usbcore: registered new interface driver bfusb
[    8.032282][    T1] usbcore: registered new interface driver btusb
[    8.033721][    T1] usbcore: registered new interface driver ath3k
[    8.035134][    T1] Modular ISDN core version 1.1.29
[    8.036591][    T1] NET: Registered PF_ISDN protocol family
[    8.037252][    T1] DSP module 2.0
[    8.037664][    T1] mISDN_dsp: DSP clocks every 80 samples. This equals 1 jiffies.
[    8.068273][    T1] mISDN: Layer-1-over-IP driver Rev. 2.00
[    8.070448][    T1] 0 virtual devices registered
[    8.071303][    T1] usbcore: registered new interface driver HFC-S_USB
[    8.072254][    T1] amd_pstate: the _CPC object is not present in SBIOS or ACPI disabled
[    8.074548][    T1] sdhci: Secure Digital Host Controller Interface driver
[    8.075347][    T1] sdhci: Copyright(c) Pierre Ossman
[    8.077398][    T1] VUB300 Driver rom wait states = 1C irqpoll timeout = 0400
[    8.090506][    T1] usbcore: registered new interface driver vub300
[    8.092564][    T1] usbcore: registered new interface driver ushc
[    8.093748][    T1] sdhci-pltfm: SDHCI platform and OF driver helper
[    8.134681][    T1] iscsi: registered transport (iser)
[    8.146761][    T1] SoftiWARP attached
[    8.148786][    T1] hid: raw HID events driver (C) Jiri Kosina
[    8.215054][    T1] usbcore: registered new interface driver usbhid
[    8.215801][    T1] usbhid: USB HID core driver
[    8.222608][    T1] usbcore: registered new interface driver es2_ap_driver
[    8.223417][    T1] comedi: version 0.7.76 - http://www.comedi.org
[    8.225985][    T1] usbcore: registered new interface driver dt9812
[    8.227306][    T1] usbcore: registered new interface driver ni6501
[    8.228614][    T1] usbcore: registered new interface driver usbdux
[    8.229929][    T1] usbcore: registered new interface driver usbduxfast
[    8.231290][    T1] usbcore: registered new interface driver usbduxsigma
[    8.232688][    T1] usbcore: registered new interface driver vmk80xx
[    8.234711][    T1] greybus: registered new driver hid
[    8.236317][    T1] greybus: registered new driver gbphy
[    8.237436][    T1] gb_gbphy: registered new driver usb
[    8.241633][    T1] SPI driver st-magn-spi has no spi_device_id for st,lis3mdl-magn
[    8.242515][    T1] SPI driver st-magn-spi has no spi_device_id for st,lsm303agr-magn
[    8.243419][    T1] SPI driver st-magn-spi has no spi_device_id for st,lsm9ds1-magn
[    8.256604][    T1] SPI driver st-magn-spi has no spi_device_id for st,lsm303c-magn
[    8.267538][    T1] gnss: GNSS driver registered with major 488
[    8.269253][    T1] usbcore: registered new interface driver gnss-usb
[    8.270791][    T1] usbcore: registered new interface driver hdm_usb
[    8.357077][    T1] usbcore: registered new interface driver snd-usb-audio
[    8.358477][    T1] usbcore: registered new interface driver snd-ua101
