bash: warning: setlocale: LC_ALL: cannot change locale (en_US.UTF-8)
c[?7l[2J[0mSeaBIOS (version 1.16.2-debian-1.16.2-1)
Booting from ROM...
c[?7l[2JNo EFI environment detected.
early console in extract_kernel
input_data: 0x0000000012ec22c4
input_len: 0x000000000652001d
output: 0x0000000001000000
output_len: 0x0000000013b22cd8
kernel_total_size: 0x0000000018428000
needed_size: 0x0000000018600000
trampoline_32bit: 0x0000000000000000

Decompressing Linux... Parsing ELF... done.
Booting the kernel (entry_offset: 0x000000000ac15f90).
[    0.000000][    T0] Linux version 6.14.0-rc3-g17ce02746e17-dirty (root@buildkitsandbox) (gcc (Debian 12.2.0-14+deb12u1) 12.2.0, GNU ld (GNU Binutils for Debian) 2.40) #2 SMP PREEMPT Sun May 24 22:23:29 UTC 2026
[    0.000000][    T0] Command line: console=ttyS0 oops=panic panic=86400 nokaslr earlyprintk=serial rdinit=/init
[    0.000000][    T0] BIOS-provided physical RAM map:
[    0.000000][    T0] BIOS-e820: [mem 0x0000000000000000-0x000000000009fbff] usable
[    0.000000][    T0] BIOS-e820: [mem 0x000000000009fc00-0x000000000009ffff] reserved
[    0.000000][    T0] BIOS-e820: [mem 0x00000000000f0000-0x00000000000fffff] reserved
[    0.000000][    T0] BIOS-e820: [mem 0x0000000000100000-0x000000007ffdffff] usable
[    0.000000][    T0] BIOS-e820: [mem 0x000000007ffe0000-0x000000007fffffff] reserved
[    0.000000][    T0] BIOS-e820: [mem 0x00000000feffc000-0x00000000feffffff] reserved
[    0.000000][    T0] BIOS-e820: [mem 0x00000000fffc0000-0x00000000ffffffff] reserved
[    0.000000][    T0] BIOS-e820: [mem 0x000000fd00000000-0x000000ffffffffff] reserved
[    0.000000][    T0] printk: legacy bootconsole [earlyser0] enabled
[    0.000000][    T0] NX (Execute Disable) protection: active
[    0.000000][    T0] APIC: Static calls initialized
[    0.000000][    T0] SMBIOS 2.8 present.
[    0.000000][    T0] DMI: QEMU Standard PC (i440FX + PIIX, 1996), BIOS 1.16.2-debian-1.16.2-1 04/01/2014
[    0.000000][    T0] DMI: Memory slots populated: 1/1
[    0.000000][    T0] tsc: Fast TSC calibration using PIT
[    0.000000][    T0] tsc: Detected 3493.325 MHz processor
[    0.006337][    T0] last_pfn = 0x7ffe0 max_arch_pfn = 0x400000000
[    0.007067][    T0] MTRR map: 4 entries (3 fixed + 1 variable; max 19), built from 8 variable MTRRs
[    0.008106][    T0] x86/PAT: Configuration [0-7]: WB  WC  UC- UC  WB  WP  UC- WT  
[    0.012086][    T0] found SMP MP-table at [mem 0x000f5ba0-0x000f5baf]
[    0.012839][    T0] Using GB pages for direct mapping
[    0.015797][    T0] RAMDISK: [mem 0x7fe8e000-0x7ffdffff]
[    0.016416][    T0] ACPI: Early table checksum verification disabled
[    0.017142][    T0] ACPI: RSDP 0x00000000000F59D0 000014 (v00 BOCHS )
[    0.017898][    T0] ACPI: RSDT 0x000000007FFE1B33 000034 (v01 BOCHS  BXPC     00000001 BXPC 00000001)
[    0.018960][    T0] ACPI: FACP 0x000000007FFE19DF 000074 (v01 BOCHS  BXPC     00000001 BXPC 00000001)
[    0.020022][    T0] ACPI: DSDT 0x000000007FFE0040 00199F (v01 BOCHS  BXPC     00000001 BXPC 00000001)
[    0.021095][    T0] ACPI: FACS 0x000000007FFE0000 000040
[    0.021720][    T0] ACPI: APIC 0x000000007FFE1A53 000080 (v01 BOCHS  BXPC     00000001 BXPC 00000001)
[    0.022782][    T0] ACPI: HPET 0x000000007FFE1AD3 000038 (v01 BOCHS  BXPC     00000001 BXPC 00000001)
[    0.023847][    T0] ACPI: WAET 0x000000007FFE1B0B 000028 (v01 BOCHS  BXPC     00000001 BXPC 00000001)
[    0.024915][    T0] ACPI: Reserving FACP table memory at [mem 0x7ffe19df-0x7ffe1a52]
[    0.025802][    T0] ACPI: Reserving DSDT table memory at [mem 0x7ffe0040-0x7ffe19de]
[    0.026683][    T0] ACPI: Reserving FACS table memory at [mem 0x7ffe0000-0x7ffe003f]
[    0.027562][    T0] ACPI: Reserving APIC table memory at [mem 0x7ffe1a53-0x7ffe1ad2]
[    0.028436][    T0] ACPI: Reserving HPET table memory at [mem 0x7ffe1ad3-0x7ffe1b0a]
[    0.029324][    T0] ACPI: Reserving WAET table memory at [mem 0x7ffe1b0b-0x7ffe1b32]
[    0.031021][    T0] No NUMA configuration found
[    0.031544][    T0] Faking a node at [mem 0x0000000000000000-0x000000007ffdffff]
[    0.032393][    T0] NODE_DATA(0) allocated [mem 0x7fe8a740-0x7fe8dc7f]
[    0.033150][    T0] cma: Reserved 32 MiB at 0x000000007de00000 on node -1
[    0.037527][    T0] Zone ranges:
[    0.037934][    T0]   DMA      [mem 0x0000000000001000-0x0000000000ffffff]
[    0.038722][    T0]   DMA32    [mem 0x0000000001000000-0x000000007ffdffff]
[    0.039514][    T0]   Normal   empty
[    0.039928][    T0]   Device   empty
[    0.040344][    T0] Movable zone start for each node
[    0.040912][    T0] Early memory node ranges
[    0.041408][    T0]   node   0: [mem 0x0000000000001000-0x000000000009efff]
[    0.042204][    T0]   node   0: [mem 0x0000000000100000-0x000000007ffdffff]
[    0.042998][    T0] Initmem setup node 0 [mem 0x0000000000001000-0x000000007ffdffff]
[    0.043902][    T0] On node 0, zone DMA: 1 pages in unavailable ranges
[    0.044891][    T0] On node 0, zone DMA: 97 pages in unavailable ranges
[    0.074071][    T0] On node 0, zone DMA32: 32 pages in unavailable ranges
[    0.110706][    T0] kasan: KernelAddressSanitizer initialized
[    0.111673][    T0] ACPI: PM-Timer IO Port: 0x608
[    0.112231][    T0] ACPI: LAPIC_NMI (acpi_id[0xff] dfl dfl lint[0x1])
[    0.113017][    T0] IOAPIC[0]: apic_id 0, version 17, address 0xfec00000, GSI 0-23
[    0.113898][    T0] ACPI: INT_SRC_OVR (bus 0 bus_irq 0 global_irq 2 dfl dfl)
[    0.114705][    T0] ACPI: INT_SRC_OVR (bus 0 bus_irq 5 global_irq 5 high level)
[    0.115544][    T0] ACPI: INT_SRC_OVR (bus 0 bus_irq 9 global_irq 9 high level)
[    0.116380][    T0] ACPI: INT_SRC_OVR (bus 0 bus_irq 10 global_irq 10 high level)
[    0.117236][    T0] ACPI: INT_SRC_OVR (bus 0 bus_irq 11 global_irq 11 high level)
[    0.118095][    T0] ACPI: Using ACPI (MADT) for SMP configuration information
[    0.118913][    T0] ACPI: HPET id: 0x8086a201 base: 0xfed00000
[    0.119584][    T0] TSC deadline timer available
[    0.120120][    T0] CPU topo: Max. logical packages:   1
[    0.120725][    T0] CPU topo: Max. logical dies:       1
[    0.121336][    T0] CPU topo: Max. dies per package:   1
[    0.121948][    T0] CPU topo: Max. threads per core:   1
[    0.122555][    T0] CPU topo: Num. cores per package:     2
[    0.123189][    T0] CPU topo: Num. threads per package:   2
[    0.123823][    T0] CPU topo: Allowing 2 present CPUs plus 0 hotplug CPUs
[    0.124607][    T0] PM: hibernation: Registered nosave memory: [mem 0x00000000-0x00000fff]
[    0.125555][    T0] PM: hibernation: Registered nosave memory: [mem 0x0009f000-0x0009ffff]
[    0.126494][    T0] PM: hibernation: Registered nosave memory: [mem 0x000a0000-0x000effff]
[    0.127436][    T0] PM: hibernation: Registered nosave memory: [mem 0x000f0000-0x000fffff]
[    0.128377][    T0] [mem 0x80000000-0xfeffbfff] available for PCI devices
[    0.129158][    T0] clocksource: refined-jiffies: mask: 0xffffffff max_cycles: 0xffffffff, max_idle_ns: 19112604462750000 ns
[    0.178591][    T0] setup_percpu: NR_CPUS:8 nr_cpumask_bits:2 nr_cpu_ids:2 nr_node_ids:1
[    0.179855][    T0] percpu: Embedded 73 pages/cpu s260488 r8192 d30328 u1048576
[    0.180814][    T0] Kernel command line: console=ttyS0 oops=panic panic=86400 nokaslr earlyprintk=serial rdinit=/init
[    0.182615][    T0] random: crng init done
[    0.183086][    T0] printk: log buffer data + meta data: 262144 + 917504 = 1179648 bytes
[    0.184158][    T0] Dentry cache hash table entries: 262144 (order: 9, 2097152 bytes, linear)
[    0.185339][    T0] Inode-cache hash table entries: 131072 (order: 8, 1048576 bytes, linear)
[    0.186455][    T0] Fallback order for Node 0: 0 
[    0.186466][    T0] Built 1 zonelists, mobility grouping on.  Total pages: 524158
[    0.187858][    T0] Policy zone: DMA32
[    0.188560][    T0] mem auto-init: stack:all(zero), heap alloc:on, heap free:off
[    0.189411][    T0] stackdepot: allocating hash table via alloc_large_system_hash
[    0.190265][    T0] stackdepot hash table entries: 1048576 (order: 12, 16777216 bytes, linear)
[    0.340952][    T0] SLUB: HWalign=64, Order=0-3, MinObjects=0, CPUs=2, Nodes=1
[    0.343945][    T0] allocated 4194304 bytes of page_ext
[    0.345856][    T0] Running RCU self tests
[    0.346334][    T0] Running RCU synchronous self tests
[    0.346926][    T0] rcu: Preemptible hierarchical RCU implementation.
[    0.347658][    T0] rcu: 	RCU lockdep checking is enabled.
[    0.348287][    T0] rcu: 	RCU restricting CPUs from NR_CPUS=8 to nr_cpu_ids=2.
[    0.349155][    T0] rcu: 	RCU callback double-/use-after-free debug is enabled.
[    0.349990][    T0] rcu: 	RCU debug extended QS entry/exit.
[    0.350627][    T0] 	Trampoline variant of Tasks RCU enabled.
[    0.351285][    T0] 	Tracing variant of Tasks RCU enabled.
[    0.351916][    T0] rcu: RCU calculated value of scheduler-enlistment delay is 10 jiffies.
[    0.352855][    T0] rcu: Adjusting geometry for rcu_fanout_leaf=16, nr_cpu_ids=2
[    0.353759][    T0] Running RCU synchronous self tests
[    0.354358][    T0] RCU Tasks: Setting shift to 1 and lim to 1 rcu_task_cb_adjust=1 rcu_task_cpu_ids=2.
[    0.355430][    T0] RCU Tasks Trace: Setting shift to 1 and lim to 1 rcu_task_cb_adjust=1 rcu_task_cpu_ids=2.
[    0.447470][    T0] NR_IRQS: 4352, nr_irqs: 440, preallocated irqs: 16
[    0.448865][    T0] rcu: srcu_init: Setting srcu_struct sizes based on contention.
[    0.450100][    T0] kfence: initialized - using 2097152 bytes for 255 objects at 0x(____ptrval____)-0x(____ptrval____)
[    0.459161][    T0] Console: colour VGA+ 80x25
[    0.459765][    T0] printk: legacy console [ttyS0] enabled
[    0.459765][    T0] printk: legacy console [ttyS0] enabled
[    0.461046][    T0] printk: legacy bootconsole [earlyser0] disabled
[    0.461046][    T0] printk: legacy bootconsole [earlyser0] disabled
[    0.462516][    T0] Lock dependency validator: Copyright (c) 2006 Red Hat, Inc., Ingo Molnar
[    0.463504][    T0] ... MAX_LOCKDEP_SUBCLASSES:  8
[    0.464069][    T0] ... MAX_LOCK_DEPTH:          48
[    0.464645][    T0] ... MAX_LOCKDEP_KEYS:        8192
[    0.465243][    T0] ... CLASSHASH_SIZE:          4096
[    0.465838][    T0] ... MAX_LOCKDEP_ENTRIES:     1048576
[    0.466462][    T0] ... MAX_LOCKDEP_CHAINS:      65536
[    0.467066][    T0] ... CHAINHASH_SIZE:          32768
[    0.467670][    T0]  memory used by lock dependency info: 62105 kB
[    0.468393][    T0]  memory used for stack traces: 8320 kB
[    0.469046][    T0]  per task-struct memory footprint: 1920 bytes
[    0.469832][    T0] ACPI: Core revision 20240827
[    0.470736][    T0] clocksource: hpet: mask: 0xffffffff max_cycles: 0xffffffff, max_idle_ns: 19112604467 ns
[    0.472080][    T0] APIC: Switch to symmetric I/O mode setup
[    0.474112][    T0] ..TIMER: vector=0x30 apic1=0 pin1=2 apic2=-1 pin2=-1
[    0.522063][    T0] clocksource: tsc-early: mask: 0xffffffffffffffff max_cycles: 0x325aaf2578a, max_idle_ns: 440795295032 ns
[    0.523356][    T0] Calibrating delay loop (skipped), value calculated using timer frequency.. 6986.65 BogoMIPS (lpj=34933250)
[    0.524730][    T0] x86/cpu: User Mode Instruction Prevention (UMIP) activated
[    0.525680][    T0] Last level iTLB entries: 4KB 512, 2MB 255, 4MB 127
[    0.526429][    T0] Last level dTLB entries: 4KB 512, 2MB 255, 4MB 127, 1GB 0
[    0.527265][    T0] Spectre V1 : Mitigation: usercopy/swapgs barriers and __user pointer sanitization
[    0.528318][    T0] Spectre V2 : Mitigation: Retpolines
[    0.528925][    T0] Spectre V2 : Spectre v2 / SpectreRSB mitigation: Filling RSB on context switch
[    0.529937][    T0] Spectre V2 : Spectre v2 / SpectreRSB : Filling RSB on VMEXIT
[    0.530783][    T0] Spectre V2 : Enabling Speculation Barrier for firmware calls
[    0.531623][    T0] RETBleed: Mitigation: untrained return thunk
[    0.533361][    T0] Spectre V2 : mitigation: Enabling conditional Indirect Branch Prediction Barrier
[    0.534406][    T0] Speculative Store Bypass: Mitigation: Speculative Store Bypass disabled via prctl
[    0.535441][    T0] Speculative Return Stack Overflow: IBPB-extending microcode not applied!
[    0.536388][    T0] Speculative Return Stack Overflow: WARNING: See https://kernel.org/doc/html/latest/admin-guide/hw-vuln/srso.html for mitigation options.
[    0.536395][    T0] Speculative Return Stack Overflow: Vulnerable: Safe RET, no microcode
[    0.538914][    T0] x86/fpu: Supporting XSAVE feature 0x001: 'x87 floating point registers'
[    0.539851][    T0] x86/fpu: Supporting XSAVE feature 0x002: 'SSE registers'
[    0.540647][    T0] x86/fpu: Supporting XSAVE feature 0x004: 'AVX registers'
[    0.541440][    T0] x86/fpu: xstate_offset[2]:  576, xstate_sizes[2]:  256
[    0.542221][    T0] x86/fpu: Enabled xstate features 0x7, context size is 832 bytes, using 'compacted' format.
[    0.866457][    T0] Freeing SMP alternatives memory: 120K
[    0.867154][    T0] pid_max: default: 32768 minimum: 301
[    0.868107][    T0] LSM: initializing lsm=lockdown,capability,landlock,yama,safesetid,tomoyo,smack,ima,evm
[    0.870008][    T0] landlock: Up and running.
[    0.870547][    T0] Yama: becoming mindful.
[    0.871525][    T0] TOMOYO Linux initialized
[    0.873408][    T0] Smack:  Initializing.
[    0.873897][    T0] Smack:  Netfilter enabled.
[    0.874433][    T0] Smack:  IPv6 Netfilter enabled.
[    0.875786][    T0] Mount-cache hash table entries: 4096 (order: 3, 32768 bytes, linear)
[    0.876754][    T0] Mountpoint-cache hash table entries: 4096 (order: 3, 32768 bytes, linear)
[    0.881306][    T0] Running RCU synchronous self tests
[    0.881932][    T0] Running RCU synchronous self tests
[    0.883349][    T1] smpboot: CPU0: AMD Ryzen Threadripper PRO 3975WX 32-Cores (family: 0x17, model: 0x31, stepping: 0x0)
[    0.883349][    T1] Running RCU Tasks wait API self tests
[    0.983748][    T1] Running RCU Tasks Trace wait API self tests
[    0.985342][    T1] Performance Events: Fam17h+ core perfctr, AMD PMU driver.
[    0.987366][    T1] ... version:                0
[    0.988448][    T1] ... bit width:              48
[    0.989558][    T1] ... generic registers:      6
[    0.990635][    T1] ... value mask:             0000ffffffffffff
[    0.991965][    T1] ... max period:             00007fffffffffff
[    0.993324][    T1] ... fixed-purpose events:   0
[    0.994421][    T1] ... event mask:             000000000000003f
[    0.997703][    T1] signal: max sigframe size: 1360
[    1.000370][    T1] rcu: Hierarchical SRCU implementation.
[    1.001644][    T1] rcu: 	Max phase no-delay instances is 1000.
[    1.003818][   T15] Callback from call_rcu_tasks_trace() invoked.
[    1.006140][    T1] Timer migration: 1 hierarchy levels; 8 children per group; 1 crossnode level
[    1.048219][    T1] smp: Bringing up secondary CPUs ...
[    1.050684][    T1] smpboot: x86: Booting SMP configuration:
[    1.051389][    T1] .... node  #0, CPUs:      #1
[    1.203916][    T1] smp: Brought up 1 node, 2 CPUs
[    1.204891][    T1] smpboot: Total of 2 processors activated (13994.35 BogoMIPS)
[    1.210061][    T1] Memory: 1286532K/2096632K available (176217K kernel code, 44881K rwdata, 44448K rodata, 27892K init, 76664K bss, 766408K reserved, 32768K cma-reserved)
[    1.217050][    T1] devtmpfs: initialized
[    1.217050][    T1] x86/mm: Memory block size: 128MB
[    1.263368][    T1] Running RCU synchronous self tests
[    1.263368][    T1] Running RCU synchronous self tests
[    1.263513][    T1] clocksource: jiffies: mask: 0xffffffff max_cycles: 0xffffffff, max_idle_ns: 19112604462750000 ns
[    1.265809][    T1] futex hash table entries: 512 (order: 4, 65536 bytes, linear)
[    1.276947][    T1] pinctrl core: initialized pinctrl subsystem
[    1.288219][    T1] NET: Registered PF_NETLINK/PF_ROUTE protocol family
[    1.293613][    T1] audit: initializing netlink subsys (disabled)
[    1.303479][   T29] audit: type=2000 audit(1779661530.840:1): state=initialized audit_enabled=0 res=1
[    1.307095][    T1] thermal_sys: Registered thermal governor 'step_wise'
[    1.307117][    T1] thermal_sys: Registered thermal governor 'power_allocator'
[    1.308149][    T1] cpuidle: using governor menu
[    1.308149][    T1] NET: Registered PF_QIPCRTR protocol family
[    1.308149][    T1] acpiphp: ACPI Hot Plug PCI Controller Driver version: 0.5
[    1.308149][    T1] PCI: Using configuration type 1 for base access
[    1.308461][    T1] PCI: Using configuration type 1 for extended access
[    1.315143][    T1] HugeTLB: registered 1.00 GiB page size, pre-allocated 0 pages
[    1.323733][    T1] HugeTLB: 16380 KiB vmemmap can be freed for a 1.00 GiB page
[    1.323717][   T14] Callback from call_rcu_tasks() invoked.
[    1.324605][    T1] HugeTLB: registered 2.00 MiB page size, pre-allocated 0 pages
[    1.326193][    T1] HugeTLB: 28 KiB vmemmap can be freed for a 2.00 MiB page
[    1.524115][    T1] raid6: avx2x4   gen()  4213 MB/s
[    1.693359][    T1] raid6: avx2x2   gen()  2696 MB/s
[    1.863369][    T1] raid6: avx2x1   gen()  1584 MB/s
[    1.863983][    T1] raid6: using algorithm avx2x4 gen() 4213 MB/s
[    2.033367][    T1] raid6: .... xor() 2164 MB/s, rmw enabled
[    2.034059][    T1] raid6: using avx2x2 recovery algorithm
[    2.036881][    T1] ACPI: Added _OSI(Module Device)
[    2.037480][    T1] ACPI: Added _OSI(Processor Device)
[    2.038097][    T1] ACPI: Added _OSI(3.0 _SCP Extensions)
[    2.038748][    T1] ACPI: Added _OSI(Processor Aggregator Device)
[    2.088094][    T1] ACPI: 1 ACPI AML tables successfully acquired and loaded
[    2.108019][    T1] ACPI: Interpreter enabled
[    2.108915][    T1] ACPI: PM: (supports S0 S3 S4 S5)
[    2.109514][    T1] ACPI: Using IOAPIC for interrupt routing
[    2.110421][    T1] PCI: Using host bridge windows from ACPI; if necessary, use "pci=nocrs" and report a bug
[    2.111573][    T1] PCI: Using E820 reservations for host bridge windows
[    2.226395][    T1] ACPI: PCI Root Bridge [PCI0] (domain 0000 [bus 00-ff])
[    2.227315][    T1] acpi PNP0A03:00: _OSC: OS supports [ExtendedConfig ASPM ClockPM Segments MSI HPX-Type3]
[    2.233567][    T1] acpiphp: Slot [3] registered
[    2.234714][    T1] acpiphp: Slot [4] registered
[    2.235818][    T1] acpiphp: Slot [5] registered
[    2.236917][    T1] acpiphp: Slot [6] registered
[    2.238035][    T1] acpiphp: Slot [7] registered
[    2.239167][    T1] acpiphp: Slot [8] registered
[    2.240264][    T1] acpiphp: Slot [9] registered
[    2.241374][    T1] acpiphp: Slot [10] registered
[    2.242494][    T1] acpiphp: Slot [11] registered
[    2.243634][    T1] acpiphp: Slot [12] registered
[    2.244748][    T1] acpiphp: Slot [13] registered
[    2.245860][    T1] acpiphp: Slot [14] registered
[    2.246983][    T1] acpiphp: Slot [15] registered
[    2.248105][    T1] acpiphp: Slot [16] registered
[    2.249210][    T1] acpiphp: Slot [17] registered
[    2.250327][    T1] acpiphp: Slot [18] registered
[    2.251448][    T1] acpiphp: Slot [19] registered
[    2.252587][    T1] acpiphp: Slot [20] registered
[    2.253707][    T1] acpiphp: Slot [21] registered
[    2.254827][    T1] acpiphp: Slot [22] registered
[    2.255948][    T1] acpiphp: Slot [23] registered
[    2.257060][    T1] acpiphp: Slot [24] registered
[    2.258179][    T1] acpiphp: Slot [25] registered
[    2.259294][    T1] acpiphp: Slot [26] registered
[    2.260423][    T1] acpiphp: Slot [27] registered
[    2.261539][    T1] acpiphp: Slot [28] registered
[    2.262741][    T1] acpiphp: Slot [29] registered
[    2.263863][    T1] acpiphp: Slot [30] registered
[    2.265005][    T1] acpiphp: Slot [31] registered
[    2.265759][    T1] PCI host bridge to bus 0000:00
[    2.266509][    T1] pci_bus 0000:00: root bus resource [io  0x0000-0x0cf7 window]
[    2.267420][    T1] pci_bus 0000:00: root bus resource [io  0x0d00-0xffff window]
[    2.268330][    T1] pci_bus 0000:00: root bus resource [mem 0x000a0000-0x000bffff window]
[    2.269312][    T1] pci_bus 0000:00: root bus resource [mem 0x80000000-0xfebfffff window]
[    2.270293][    T1] pci_bus 0000:00: root bus resource [mem 0x100000000-0x17fffffff window]
[    2.271302][    T1] pci_bus 0000:00: root bus resource [bus 00-ff]
[    2.272439][    T1] pci 0000:00:00.0: [8086:1237] type 00 class 0x060000 conventional PCI endpoint
[    2.304177][    T1] pci 0000:00:01.0: [8086:7000] type 00 class 0x060100 conventional PCI endpoint
[    2.335037][    T1] pci 0000:00:01.1: [8086:7010] type 00 class 0x010180 conventional PCI endpoint
[    2.336647][    T1] pci 0000:00:01.1: BAR 4 [io  0xc000-0xc00f]
[    2.337401][    T1] pci 0000:00:01.1: BAR 0 [io  0x01f0-0x01f7]: legacy IDE quirk
[    2.338290][    T1] pci 0000:00:01.1: BAR 1 [io  0x03f6]: legacy IDE quirk
[    2.339118][    T1] pci 0000:00:01.1: BAR 2 [io  0x0170-0x0177]: legacy IDE quirk
[    2.340017][    T1] pci 0000:00:01.1: BAR 3 [io  0x0376]: legacy IDE quirk
[    2.341885][    T1] pci 0000:00:01.3: [8086:7113] type 00 class 0x068000 conventional PCI endpoint
[    2.343373][    T1] pci 0000:00:01.3: quirk: [io  0x0600-0x063f] claimed by PIIX4 ACPI
[    2.344329][    T1] pci 0000:00:01.3: quirk: [io  0x0700-0x070f] claimed by PIIX4 SMB
[    2.346334][    T1] pci 0000:00:02.0: [1234:1111] type 00 class 0x030000 conventional PCI endpoint
[    2.348845][    T1] pci 0000:00:02.0: BAR 0 [mem 0xfd000000-0xfdffffff pref]
[    2.349723][    T1] pci 0000:00:02.0: BAR 2 [mem 0xfebf0000-0xfebf0fff]
[    2.350550][    T1] pci 0000:00:02.0: ROM [mem 0xfebe0000-0xfebeffff pref]
[    2.351575][    T1] pci 0000:00:02.0: Video device with shadowed ROM at [mem 0x000c0000-0x000dffff]
[    2.391383][    T1] ACPI: PCI: Interrupt link LNKA configured for IRQ 10
[    2.395251][    T1] ACPI: PCI: Interrupt link LNKB configured for IRQ 10
[    2.399020][    T1] ACPI: PCI: Interrupt link LNKC configured for IRQ 11
[    2.402749][    T1] ACPI: PCI: Interrupt link LNKD configured for IRQ 11
[    2.404587][    T1] ACPI: PCI: Interrupt link LNKS configured for IRQ 9
[    2.433405][    T1] iommu: Default domain type: Translated
[    2.434151][    T1] iommu: DMA domain TLB invalidation policy: strict mode
[    2.438098][    T1] SCSI subsystem initialized
[    2.440100][    T1] ACPI: bus type USB registered
[    2.441068][    T1] usbcore: registered new interface driver usbfs
[    2.441987][    T1] usbcore: registered new interface driver hub
[    2.442864][    T1] usbcore: registered new device driver usb
[    2.444902][    T1] mc: Linux media interface: v0.10
[    2.445737][    T1] videodev: Linux video capture interface: v2.00
[    2.447034][    T1] pps_core: LinuxPPS API ver. 1 registered
[    2.447710][    T1] pps_core: Software ver. 5.3.6 - Copyright 2005-2007 Rodolfo Giometti <giometti@linux.it>
[    2.448942][    T1] PTP clock support registered
[    2.450528][    T1] EDAC MC: Ver: 3.0.0
[    2.474203][    T1] FPGA manager framework
[    2.476260][    T1] Advanced Linux Sound Architecture Driver Initialized.
[    2.481864][    T1] Bluetooth: Core ver 2.22
[    2.482524][    T1] NET: Registered PF_BLUETOOTH protocol family
[    2.483245][    T1] Bluetooth: HCI device and connection manager initialized
[    2.483400][    T1] Bluetooth: HCI socket layer initialized
[    2.484083][    T1] Bluetooth: L2CAP socket layer initialized
[    2.484829][    T1] Bluetooth: SCO socket layer initialized
[    2.485552][    T1] NET: Registered PF_ATMPVC protocol family
[    2.486244][    T1] NET: Registered PF_ATMSVC protocol family
[    2.487158][    T1] NetLabel: Initializing
[    2.487655][    T1] NetLabel:  domain hash size = 128
[    2.488266][    T1] NetLabel:  protocols = UNLABELED CIPSOv4 CALIPSO
[    2.489382][    T1] NetLabel:  unlabeled traffic allowed by default
[    2.490729][    T1] nfc: nfc_init: NFC Core ver 0.1
[    2.490729][    T1] NET: Registered PF_NFC protocol family
[    2.493525][    T1] PCI: Using ACPI for IRQ routing
[    2.494630][    T1] pci 0000:00:02.0: vgaarb: setting as boot VGA device
[    2.494630][    T1] pci 0000:00:02.0: vgaarb: bridge control possible
[    2.495097][    T1] pci 0000:00:02.0: vgaarb: VGA device added: decodes=io+mem,owns=io+mem,locks=none
[    2.496183][    T1] vgaarb: loaded
[    2.496822][    T1] clocksource: Switched to clocksource tsc-early
[    2.498528][    T1] VFS: Disk quotas dquot_6.6.0
[    2.498528][    T1] VFS: Dquot-cache hash table entries: 512 (order 0, 4096 bytes)
[    2.504389][    T1] netfs: FS-Cache loaded
[    2.505879][    T1] CacheFiles: Loaded
[    2.506822][    T1] TOMOYO: 2.6.0
[    2.507258][    T1] Mandatory Access Control activated.
[    2.508312][    T1] pnp: PnP ACPI init
[    2.518824][    T1] pnp: PnP ACPI: found 6 devices
[    2.616413][    T1] clocksource: acpi_pm: mask: 0xffffff max_cycles: 0xffffff, max_idle_ns: 2085701024 ns
[    2.618250][    T1] NET: Registered PF_INET protocol family
[    2.619248][    T1] IP idents hash table entries: 32768 (order: 6, 262144 bytes, linear)
[    2.627802][    T1] tcp_listen_portaddr_hash hash table entries: 1024 (order: 4, 73728 bytes, linear)
[    2.629059][    T1] Table-perturb hash table entries: 65536 (order: 6, 262144 bytes, linear)
[    2.630145][    T1] TCP established hash table entries: 16384 (order: 5, 131072 bytes, linear)
[    2.633707][    T1] TCP bind hash table entries: 16384 (order: 9, 2359296 bytes, linear)
[    2.636810][    T1] TCP: Hash tables configured (established 16384 bind 16384)
[    2.638513][    T1] MPTCP token hash table entries: 2048 (order: 5, 180224 bytes, linear)
[    2.639791][    T1] UDP hash table entries: 1024 (order: 6, 262144 bytes, linear)
[    2.640990][    T1] UDP-Lite hash table entries: 1024 (order: 6, 262144 bytes, linear)
[    2.642688][    T1] NET: Registered PF_UNIX/PF_LOCAL protocol family
[    2.665764][    T1] RPC: Registered named UNIX socket transport module.
[    2.666610][    T1] RPC: Registered udp transport module.
[    2.667276][    T1] RPC: Registered tcp transport module.
[    2.667955][    T1] RPC: Registered tcp-with-tls transport module.
[    2.668711][    T1] RPC: Registered tcp NFSv4.1 backchannel transport module.
[    2.684074][    T1] NET: Registered PF_XDP protocol family
[    2.684929][    T1] pci_bus 0000:00: resource 4 [io  0x0000-0x0cf7 window]
[    2.685802][    T1] pci_bus 0000:00: resource 5 [io  0x0d00-0xffff window]
[    2.686668][    T1] pci_bus 0000:00: resource 6 [mem 0x000a0000-0x000bffff window]
[    2.687608][    T1] pci_bus 0000:00: resource 7 [mem 0x80000000-0xfebfffff window]
[    2.688544][    T1] pci_bus 0000:00: resource 8 [mem 0x100000000-0x17fffffff window]
[    2.690470][    T1] pci 0000:00:01.0: PIIX3: Enabling Passive Release
[    2.691283][    T1] pci 0000:00:00.0: Limiting direct PCI/PCI transfers
[    2.692352][    T1] PCI: CLS 0 bytes, default 64
[    2.693213][    T1] ACPI: bus type thunderbolt registered
[    2.698853][   T43] Trying to unpack rootfs image as initramfs...
[    2.706633][    T1] Initialise system trusted keyrings
[    2.708069][    T1] workingset: timestamp_bits=42 max_order=19 bucket_order=0
[    2.720037][    T1] DLM installed
[    2.723135][    T1] squashfs: version 4.0 (2009/01/31) Phillip Lougher
[    2.754540][    T1] NFS: Registering the id_resolver key type
[    2.755312][    T1] Key type id_resolver registered
[    2.755934][    T1] Key type id_legacy registered
[    2.756619][    T1] nfs4filelayout_init: NFSv4 File Layout Driver Registering...
[    2.757591][    T1] nfs4flexfilelayout_init: NFSv4 Flexfile Layout Driver Registering...
[    2.837070][    T1] Key type cifs.spnego registered
[    2.837858][    T1] Key type cifs.idmap registered
[    2.840694][    T1] ntfs3: Enabled Linux POSIX ACLs support
[    2.841374][    T1] ntfs3: Read-only LZX/Xpress compression included
[    2.842288][    T1] efs: 1.0a - http://aeschi.ch.eu.org/efs/
[    2.843035][    T1] jffs2: version 2.2. (NAND) (SUMMARY)  © 2001-2006 Red Hat, Inc.
[    2.855306][    T1] romfs: ROMFS MTD (C) 2007 Red Hat, Inc.
[    2.856074][    T1] QNX4 filesystem 0.2.3 registered.
[    2.856752][    T1] qnx6: QNX6 filesystem 1.0.0 registered.
[    2.858320][    T1] fuse: init (API version 7.42)
[    2.864071][    T1] orangefs_debugfs_init: called with debug mask: :none: :0:
[    2.865631][    T1] orangefs_init: module version upstream loaded
[    2.866806][    T1] JFS: nTxBlock = 8192, nTxLock = 65536
[    2.889425][    T1] SGI XFS with ACLs, security attributes, realtime, quota, no debug enabled
[    2.893806][    T1] 9p: Installing v9fs 9p2000 file system support
[    2.894894][    T1] NILFS version 2 loaded
[    2.895406][    T1] befs: version: 0.9.3
[    2.896302][    T1] ocfs2: Registered cluster interface o2cb
[    2.903890][    T1] ocfs2: Registered cluster interface user
[    2.913691][    T1] OCFS2 User DLM kernel interface loaded
[    2.935119][    T1] gfs2: GFS2 installed
[    2.949970][    T1] ceph: loaded (mds proto 32)
[    3.003147][    T1] NET: Registered PF_ALG protocol family
[    3.003937][    T1] xor: automatically using best checksumming function   avx       
[    3.004884][    T1] async_tx: api initialized (async)
[    3.005502][    T1] Key type asymmetric registered
[    3.006104][    T1] Asymmetric key parser 'x509' registered
[    3.006808][    T1] Asymmetric key parser 'pkcs8' registered
[    3.007493][    T1] Key type pkcs7_test registered
[    3.008367][    T1] Block layer SCSI generic (bsg) driver version 0.4 loaded (major 236)
[    3.009927][    T1] io scheduler mq-deadline registered
[    3.010579][    T1] io scheduler kyber registered
[    3.011299][    T1] io scheduler bfq registered
[    3.034886][    T1] ledtrig-cpu: registered to indicate activity on CPUs
[    3.041308][    T1] IPMI message handler: version 39.2
[    3.042508][    T1] ipmi device interface
[    3.063802][    T1] ipmi_si: IPMI System Interface driver
[    3.065259][    T1] ipmi_si: Unable to find any System Interface(s)
[    3.067476][    T1] input: Power Button as /devices/LNXSYSTM:00/LNXPWRBN:00/input/input0
[    3.152769][   T43] Freeing initrd memory: 1352K
[    3.555901][    T1] N_HDLC line discipline registered with maxframe=4096
[    3.556780][    T1] Serial: 8250/16550 driver, 4 ports, IRQ sharing enabled
[    3.586116][    T1] 00:04: ttyS0 at I/O 0x3f8 (irq = 4, base_baud = 115200) is a 16550A
[    3.616542][    T1] usbcore: registered new interface driver xillyusb
[    3.623855][    T1] ACPI: bus type drm_connector registered
[    3.628333][    T1] [drm] Initialized vgem 1.0.0 for vgem on minor 0
[    3.635645][    T1] [drm] Initialized vkms 1.0.0 for vkms on minor 1
[    3.709292][    T1] Console: switching to colour frame buffer device 128x48
[    3.727335][    T1] platform vkms: [drm] fb0: vkmsdrmfb frame buffer device
[    3.729022][    T1] usbcore: registered new interface driver udl
[    3.739557][    T1] bochs-drm 0000:00:02.0: vgaarb: deactivate vga console
[    3.743760][    T9] tsc: Refined TSC clocksource calibration: 3493.401 MHz
[    3.743817][    T9] clocksource: tsc: mask: 0xffffffffffffffff max_cycles: 0x325af793148, max_idle_ns: 440795378651 ns
[    3.744054][    T9] clocksource: Switched to clocksource tsc
[    3.756591][    T1] [drm] Found bochs VGA, ID 0xb0c5.
[    3.757209][    T1] [drm] Framebuffer size 16384 kB @ 0xfd000000, mmio @ 0xfebf0000.
[    3.761802][    T1] [drm] Initialized bochs-drm 1.0.0 for 0000:00:02.0 on minor 2
[    3.794478][    T1] fbcon: bochs-drmdrmfb (fb1) is primary device
[    3.794502][    T1] fbcon: Remapping primary device, fb1, to tty 1-63
[    5.474290][    T1] bochs-drm 0000:00:02.0: [drm] fb1: bochs-drmdrmfb frame buffer device
[    5.477089][    T1] usbcore: registered new interface driver gm12u320
[    5.478816][    T1] usbcore: registered new interface driver gud
[    5.540234][    T1] brd: module loaded
[    5.627967][    T1] loop: module loaded
[    5.868833][    T1] zram: Added device: zram0
[    5.879156][    T1] null_blk: disk nullb0 created
[    5.879759][    T1] null_blk: module loaded
[    5.883344][    T1] usbcore: registered new interface driver rtsx_usb
[    5.887221][    T1] usbcore: registered new interface driver viperboard
[    5.888768][    T1] usbcore: registered new interface driver dln2
[    5.889627][    T1] usbcore: registered new interface driver pn533_usb
[    5.900648][    T1] nfcsim 0.2 initialized
[    5.901295][    T1] usbcore: registered new interface driver port100
[    5.902178][    T1] usbcore: registered new interface driver nfcmrvl
[    5.908966][    T1] Loading iSCSI transport class v2.0-870.
[    5.914790][    T1] megasas: 07.727.03.00-rc1
[    5.915664][    T1] mpt3sas version 51.100.00.00 loaded
[    5.919480][    T1] st: Version 20160209, fixed bufsize 32768, s/g segs 256
[    5.990045][    T1] scsi host0: ata_piix
[    6.003971][    T1] scsi host1: ata_piix
[    6.005439][    T1] ata1: PATA max MWDMA2 cmd 0x1f0 ctl 0x3f6 bmdma 0xc000 irq 14 lpm-pol 0
[    6.006426][    T1] ata2: PATA max MWDMA2 cmd 0x170 ctl 0x376 bmdma 0xc008 irq 15 lpm-pol 0
[    6.045017][    T1] Rounding down aligned max_sectors from 4294967295 to 4294967288
[    6.046322][    T1] db_root: cannot open: /etc/target
[    6.048190][    T1] slram: not enough parameters.
[    6.052329][    T1] ftl_cs: FTL header not found.
[    6.091375][    T1] wireguard: WireGuard 1.0.0 loaded. See www.wireguard.com for information.
[    6.092380][    T1] wireguard: Copyright (C) 2015-2019 Jason A. Donenfeld <Jason@zx2c4.com>. All Rights Reserved.
[    6.094708][    T1] eql: Equalizer2002: Simon Janes (simon@ncm.com) and David S. Miller (davem@redhat.com)
[    6.104582][    T1] MACsec IEEE 802.1AE
[    6.174234][ T1146] ata2: found unknown device (class 0)
[    6.177527][ T1146] ata2.00: ATAPI: QEMU DVD-ROM, 2.5+, max UDMA/100
[    6.182086][    T1] usbcore: registered new interface driver mvusb_mdio
[    6.189118][    T1] tun: Universal TUN/TAP device driver, 1.6
[    6.192449][    T1] vcan: Virtual CAN interface driver
[    6.193108][    T1] vxcan: Virtual CAN Tunnel driver
[    6.199296][    T1] slcan: serial line CAN interface driver
[    6.200008][    T1] CAN device driver interface
[    6.202214][    T1] usbcore: registered new interface driver usb_8dev
[    6.203471][    T1] usbcore: registered new interface driver ems_usb
[    6.204295][  T265] scsi 1:0:0:0: CD-ROM            QEMU     QEMU DVD-ROM     2.5+ PQ: 0 ANSI: 5
[    6.206626][    T1] usbcore: registered new interface driver esd_usb
[    6.207712][    T1] usbcore: registered new interface driver etas_es58x
[    6.208781][    T1] usbcore: registered new interface driver f81604
[    6.209819][    T1] usbcore: registered new interface driver gs_usb
[    6.211444][    T1] usbcore: registered new interface driver kvaser_usb
[    6.212522][    T1] usbcore: registered new interface driver mcba_usb
[    6.215307][    T1] usbcore: registered new interface driver peak_usb
[    6.216558][    T1] usbcore: registered new interface driver ucan
[    6.220014][    T1] e100: Intel(R) PRO/100 Network Driver
[    6.220666][    T1] e100: Copyright(c) 1999-2006 Intel Corporation
[    6.221884][    T1] e1000: Intel(R) PRO/1000 Network Driver
[    6.222560][    T1] e1000: Copyright (c) 1999-2006 Intel Corporation.
[    6.223956][    T1] e1000e: Intel(R) PRO/1000 Network Driver
[    6.224639][    T1] e1000e: Copyright(c) 1999 - 2015 Intel Corporation.
[    6.225783][    T1] igb: Intel(R) Gigabit Ethernet Network Driver
[    6.226516][    T1] igb: Copyright (c) 2007-2014 Intel Corporation.
[    6.227586][    T1] igbvf: Intel(R) Gigabit Virtual Function Network Driver
[    6.228409][    T1] igbvf: Copyright (c) 2009 - 2012 Intel Corporation.
[    6.241058][    T1] mkiss: AX.25 Multikiss, Hans Albas PE1AYX
[    6.241780][    T1] AX.25: bpqether driver version 004
[    6.242399][    T1] PPP generic driver version 2.4.2
[    6.246938][    T1] PPP BSD Compression module registered
[    6.247607][    T1] PPP Deflate Compression module registered
[    6.248343][    T1] PPP MPPE Compression module registered
[    6.249429][    T1] NET: Registered PF_PPPOX protocol family
[    6.250159][    T1] PPTP driver version 0.8.5
[    6.251177][    T1] SLIP: version 0.8.4-NET3.019-NEWTTY (dynamic channels, max=256) (6 bit encapsulation enabled).
[    6.252380][    T1] CSLIP: code copyright 1989 Regents of the University of California.
[    6.253315][    T1] SLIP linefill/keepalive option.
[    6.253951][    T1] hdlc: HDLC support module revision 1.22
[    6.254716][    T1] LAPB Ethernet driver version 0.02
[    6.255868][    T1] usbcore: registered new interface driver ath9k_htc
[    6.256789][    T1] usbcore: registered new interface driver carl9170
[    6.257714][    T1] usbcore: registered new interface driver ath6kl_usb
[    6.258657][    T1] usbcore: registered new interface driver ar5523
[    6.259825][    T1] usbcore: registered new interface driver ath10k_usb
[    6.261360][    T1] usbcore: registered new interface driver plfxlc
[    6.262314][    T1] mac80211_hwsim: initializing netlink
[    6.287502][    T1] usbcore: registered new interface driver atusb
[    6.304957][  T265] sr 1:0:0:0: [sr0] scsi3-mmc drive: 4x/4x cd/rw xa/form2 tray
[    6.305916][  T265] cdrom: Uniform CD-ROM driver Revision: 3.20
[    6.323354][  T265] sr 1:0:0:0: Attached scsi generic sg0 type 5
[    6.327270][    T1] mac802154_hwsim mac802154_hwsim: Added 2 mac802154 hwsim hardware radios
[    6.328869][    T1] VMware vmxnet3 virtual NIC driver - version 1.9.0.0-k-NAPI
[    6.330037][    T1] usbcore: registered new interface driver catc
[    6.330912][    T1] usbcore: registered new interface driver kaweth
[    6.331657][    T1] pegasus: Pegasus/Pegasus II USB Ethernet driver
[    6.332571][    T1] usbcore: registered new interface driver pegasus
[    6.333466][    T1] usbcore: registered new interface driver rtl8150
[    6.334870][    T1] usbcore: registered new device driver r8152-cfgselector
[    6.335857][    T1] usbcore: registered new interface driver r8152
[    6.337239][    T1] usbcore: registered new interface driver hso
[    6.338101][    T1] usbcore: registered new interface driver lan78xx
[    6.339007][    T1] usbcore: registered new interface driver asix
[    6.339892][    T1] usbcore: registered new interface driver ax88179_178a
[    6.340869][    T1] usbcore: registered new interface driver cdc_ether
[    6.341789][    T1] usbcore: registered new interface driver cdc_eem
[    6.342702][    T1] usbcore: registered new interface driver dm9601
[    6.344050][    T1] usbcore: registered new interface driver sr9700
[    6.344552][    T1] usbcore: registered new interface driver CoreChips
[    6.345938][    T1] usbcore: registered new interface driver smsc75xx
[    6.346860][    T1] usbcore: registered new interface driver smsc95xx
[    6.347753][    T1] usbcore: registered new interface driver gl620a
[    6.348820][    T1] usbcore: registered new interface driver net1080
[    6.349707][    T1] usbcore: registered new interface driver plusb
[    6.350576][    T1] usbcore: registered new interface driver rndis_host
[    6.351525][    T1] usbcore: registered new interface driver cdc_subset
[    6.352446][    T1] usbcore: registered new interface driver zaurus
[    6.353328][    T1] usbcore: registered new interface driver MOSCHIP usb-ethernet driver
[    6.355926][    T1] usbcore: registered new interface driver int51x1
[    6.356843][    T1] usbcore: registered new interface driver cdc_phonet
[    6.358545][    T1] usbcore: registered new interface driver kalmia
[    6.359442][    T1] usbcore: registered new interface driver ipheth
[    6.360312][    T1] usbcore: registered new interface driver sierra_net
[    6.362075][    T1] usbcore: registered new interface driver cx82310_eth
[    6.363022][    T1] usbcore: registered new interface driver cdc_ncm
[    6.364371][    T1] usbcore: registered new interface driver huawei_cdc_ncm
[    6.365361][    T1] usbcore: registered new interface driver lg-vl600
[    6.366274][    T1] usbcore: registered new interface driver qmi_wwan
[    6.367194][    T1] usbcore: registered new interface driver cdc_mbim
[    6.368144][    T1] usbcore: registered new interface driver ch9200
[    6.369040][    T1] usbcore: registered new interface driver aqc111
[    6.369938][    T1] usbcore: registered new interface driver r8153_ecm
[    6.395530][    T1] VFIO - User Level meta-driver version: 0.3
[    6.401613][    T1] aoe: AoE v85 initialised.
[    6.413688][    T1] SPI driver max3421-hcd has no spi_device_id for maxim,max3421
[    6.415271][    T1] usbcore: registered new interface driver cdc_acm
[    6.416037][    T1] cdc_acm: USB Abstract Control Model driver for USB modems and ISDN adapters
[    6.417216][    T1] usbcore: registered new interface driver usblp
[    6.418106][    T1] usbcore: registered new interface driver cdc_wdm
[    6.419015][    T1] usbcore: registered new interface driver usbtmc
[    6.420292][    T1] usbcore: registered new interface driver uas
[    6.421158][    T1] usbcore: registered new interface driver usb-storage
[    6.422075][    T1] usbcore: registered new interface driver ums-alauda
[    6.422985][    T1] usbcore: registered new interface driver ums-cypress
[    6.424163][    T1] usbcore: registered new interface driver ums-datafab
[    6.425072][    T1] usbcore: registered new interface driver ums_eneub6250
[    6.425996][    T1] usbcore: registered new interface driver ums-freecom
[    6.426904][    T1] usbcore: registered new interface driver ums-isd200
[    6.427812][    T1] usbcore: registered new interface driver ums-jumpshot
[    6.428724][    T1] usbcore: registered new interface driver ums-karma
[    6.429605][    T1] usbcore: registered new interface driver ums-onetouch
[    6.430533][    T1] usbcore: registered new interface driver ums-realtek
[    6.431453][    T1] usbcore: registered new interface driver ums-sddr09
[    6.432357][    T1] usbcore: registered new interface driver ums-sddr55
[    6.433254][    T1] usbcore: registered new interface driver ums-usbat
[    6.434467][    T1] usbcore: registered new interface driver mdc800
[    6.435215][    T1] mdc800: v0.7.5 (30/10/2000):USB Driver for Mustek MDC800 Digital Camera
[    6.436399][    T1] usbcore: registered new interface driver microtekX6
[    6.437555][    T1] usbcore: registered new interface driver usbserial_generic
[    6.439138][    T1] usbserial: USB Serial support registered for generic
[    6.440119][    T1] usbcore: registered new interface driver aircable
[    6.441226][    T1] usbserial: USB Serial support registered for aircable
[    6.442171][    T1] usbcore: registered new interface driver ark3116
[    6.443057][    T1] usbserial: USB Serial support registered for ark3116
[    6.446082][    T1] usbcore: registered new interface driver belkin_sa
[    6.446981][    T1] usbserial: USB Serial support registered for Belkin / Peracom / GoHubs USB Serial Adapter
[    6.448281][    T1] usbcore: registered new interface driver ch341
[    6.449128][    T1] usbserial: USB Serial support registered for ch341-uart
[    6.450083][    T1] usbcore: registered new interface driver cp210x
[    6.450970][    T1] usbserial: USB Serial support registered for cp210x
[    6.451888][    T1] usbcore: registered new interface driver cyberjack
[    6.452775][    T1] usbserial: USB Serial support registered for Reiner SCT Cyberjack USB card reader
[    6.454026][    T1] usbcore: registered new interface driver cypress_m8
[    6.454922][    T1] usbserial: USB Serial support registered for DeLorme Earthmate USB
[    6.455982][    T1] usbserial: USB Serial support registered for HID->COM RS232 Adapter
[    6.457261][    T1] usbserial: USB Serial support registered for Nokia CA-42 V2 Adapter
[    6.458340][    T1] usbcore: registered new interface driver usb_debug
[    6.459234][    T1] usbserial: USB Serial support registered for debug
[    6.460127][    T1] usbserial: USB Serial support registered for xhci_dbc
[    6.461080][    T1] usbcore: registered new interface driver digi_acceleport
[    6.462036][    T1] usbserial: USB Serial support registered for Digi 2 port USB adapter
[    6.463112][    T1] usbserial: USB Serial support registered for Digi 4 port USB adapter
[    6.465391][    T1] usbcore: registered new interface driver io_edgeport
[    6.466316][    T1] usbserial: USB Serial support registered for Edgeport 2 port adapter
[    6.467393][    T1] usbserial: USB Serial support registered for Edgeport 4 port adapter
[    6.468472][    T1] usbserial: USB Serial support registered for Edgeport 8 port adapter
[    6.469554][    T1] usbserial: USB Serial support registered for EPiC device
[    6.470553][    T1] usbcore: registered new interface driver io_ti
[    6.471409][    T1] usbserial: USB Serial support registered for Edgeport TI 1 port adapter
[    6.472514][    T1] usbserial: USB Serial support registered for Edgeport TI 2 port adapter
[    6.473673][    T1] usbcore: registered new interface driver empeg
[    6.474764][    T1] usbserial: USB Serial support registered for empeg
[    6.475714][    T1] usbcore: registered new interface driver f81534a_ctrl
[    6.476665][    T1] usbcore: registered new interface driver f81232
[    6.477563][    T1] usbserial: USB Serial support registered for f81232
[    6.478477][    T1] usbserial: USB Serial support registered for f81534a
[    6.479415][    T1] usbcore: registered new interface driver f81534
[    6.480285][    T1] usbserial: USB Serial support registered for Fintek F81532/F81534
[    6.481344][    T1] usbcore: registered new interface driver ftdi_sio
[    6.482241][    T1] usbserial: USB Serial support registered for FTDI USB Serial Device
[    6.483319][    T1] usbcore: registered new interface driver garmin_gps
[    6.484483][    T1] usbserial: USB Serial support registered for Garmin GPS usb/tty
[    6.485521][    T1] usbcore: registered new interface driver ipaq
[    6.486378][    T1] usbserial: USB Serial support registered for PocketPC PDA
[    6.487373][    T1] usbcore: registered new interface driver ipw
[    6.488208][    T1] usbserial: USB Serial support registered for IPWireless converter
[    6.489267][    T1] usbcore: registered new interface driver ir_usb
[    6.490134][    T1] usbserial: USB Serial support registered for IR Dongle
[    6.491094][    T1] usbcore: registered new interface driver iuu_phoenix
[    6.492019][    T1] usbserial: USB Serial support registered for iuu_phoenix
[    6.492991][    T1] usbcore: registered new interface driver keyspan
[    6.494614][    T1] usbserial: USB Serial support registered for Keyspan - (without firmware)
[    6.495743][    T1] usbserial: USB Serial support registered for Keyspan 1 port adapter
[    6.496803][    T1] usbserial: USB Serial support registered for Keyspan 2 port adapter
[    6.497892][    T1] usbserial: USB Serial support registered for Keyspan 4 port adapter
[    6.498976][    T1] usbcore: registered new interface driver keyspan_pda
[    6.499885][    T1] usbserial: USB Serial support registered for Keyspan PDA
[    6.500842][    T1] usbserial: USB Serial support registered for Keyspan PDA - (prerenumeration)
[    6.502019][    T1] usbcore: registered new interface driver kl5kusb105
[    6.502931][    T1] usbserial: USB Serial support registered for KL5KUSB105D / PalmConnect
[    6.504933][    T1] usbcore: registered new interface driver kobil_sct
[    6.505832][    T1] usbserial: USB Serial support registered for KOBIL USB smart card terminal
[    6.506990][    T1] usbcore: registered new interface driver mct_u232
[    6.507870][    T1] usbserial: USB Serial support registered for MCT U232
[    6.508854][    T1] usbcore: registered new interface driver metro_usb
[    6.509749][    T1] usbserial: USB Serial support registered for Metrologic USB to Serial
[    6.510870][    T1] usbcore: registered new interface driver mos7720
[    6.511746][    T1] usbserial: USB Serial support registered for Moschip 2 port adapter
[    6.512824][    T1] usbcore: registered new interface driver mos7840
[    6.513757][    T1] usbserial: USB Serial support registered for Moschip 7840/7820 USB Serial Driver
[    6.515202][    T1] usbcore: registered new interface driver mxuport
[    6.516085][    T1] usbserial: USB Serial support registered for MOXA UPort
[    6.517048][    T1] usbcore: registered new interface driver navman
[    6.517917][    T1] usbserial: USB Serial support registered for navman
[    6.518853][    T1] usbcore: registered new interface driver omninet
[    6.519724][    T1] usbserial: USB Serial support registered for ZyXEL - omni.net usb
[    6.520776][    T1] usbcore: registered new interface driver opticon
[    6.521659][    T1] usbserial: USB Serial support registered for opticon
[    6.522606][    T1] usbcore: registered new interface driver option
[    6.523474][    T1] usbserial: USB Serial support registered for GSM modem (1-port)
[    6.525144][    T1] usbcore: registered new interface driver oti6858
[    6.526029][    T1] usbserial: USB Serial support registered for oti6858
[    6.526974][    T1] usbcore: registered new interface driver pl2303
[    6.527850][    T1] usbserial: USB Serial support registered for pl2303
[    6.528773][    T1] usbcore: registered new interface driver qcaux
[    6.529631][    T1] usbserial: USB Serial support registered for qcaux
[    6.530565][    T1] usbcore: registered new interface driver qcserial
[    6.531451][    T1] usbserial: USB Serial support registered for Qualcomm USB modem
[    6.532499][    T1] usbcore: registered new interface driver quatech2
[    6.533385][    T1] usbserial: USB Serial support registered for Quatech 2nd gen USB to Serial Driver
[    6.535143][    T1] usbcore: registered new interface driver safe_serial
[    6.536063][    T1] usbserial: USB Serial support registered for safe_serial
[    6.537034][    T1] usbcore: registered new interface driver sierra
[    6.537906][    T1] usbserial: USB Serial support registered for Sierra USB modem
[    6.538944][    T1] usbcore: registered new interface driver usb_serial_simple
[    6.540012][    T1] usbserial: USB Serial support registered for carelink
[    6.540946][    T1] usbserial: USB Serial support registered for flashloader
[    6.541898][    T1] usbserial: USB Serial support registered for funsoft
[    6.542857][    T1] usbserial: USB Serial support registered for google
[    6.544795][    T1] usbserial: USB Serial support registered for hp4x
[    6.545691][    T1] usbserial: USB Serial support registered for kaufmann
[    6.546627][    T1] usbserial: USB Serial support registered for libtransistor
[    6.547602][    T1] usbserial: USB Serial support registered for moto_modem
[    6.548549][    T1] usbserial: USB Serial support registered for motorola_tetra
[    6.549548][    T1] usbserial: USB Serial support registered for nokia
[    6.550450][    T1] usbserial: USB Serial support registered for novatel_gps
[    6.551408][    T1] usbserial: USB Serial support registered for siemens_mpi
[    6.552366][    T1] usbserial: USB Serial support registered for suunto
[    6.553271][    T1] usbserial: USB Serial support registered for vivopay
[    6.554319][    T1] usbserial: USB Serial support registered for zio
[    6.555474][    T1] usbcore: registered new interface driver spcp8x5
[    6.556336][    T1] usbserial: USB Serial support registered for SPCP8x5
[    6.557266][    T1] usbcore: registered new interface driver ssu100
[    6.558119][    T1] usbserial: USB Serial support registered for Quatech SSU-100 USB to Serial Driver
[    6.559340][    T1] usbcore: registered new interface driver symbolserial
[    6.560255][    T1] usbserial: USB Serial support registered for symbol
[    6.561157][    T1] usbcore: registered new interface driver ti_usb_3410_5052
[    6.562106][    T1] usbserial: USB Serial support registered for TI USB 3410 1 port adapter
[    6.563198][    T1] usbserial: USB Serial support registered for TI USB 5052 2 port adapter
[    6.564611][    T1] usbcore: registered new interface driver upd78f0730
[    6.565515][    T1] usbserial: USB Serial support registered for upd78f0730
[    6.567279][    T1] usbcore: registered new interface driver visor
[    6.568145][    T1] usbserial: USB Serial support registered for Handspring Visor / Palm OS
[    6.569249][    T1] usbserial: USB Serial support registered for Sony Clie 5.0
[    6.570223][    T1] usbserial: USB Serial support registered for Sony Clie 3.5
[    6.571237][    T1] usbcore: registered new interface driver wishbone_serial
[    6.572205][    T1] usbserial: USB Serial support registered for wishbone_serial
[    6.573221][    T1] usbcore: registered new interface driver whiteheat
[    6.574595][    T1] usbserial: USB Serial support registered for Connect Tech - WhiteHEAT - (prerenumeration)
[    6.575886][    T1] usbserial: USB Serial support registered for Connect Tech - WhiteHEAT
[    6.577005][    T1] usbcore: registered new interface driver xr_serial
[    6.577903][    T1] usbserial: USB Serial support registered for xr_serial
[    6.578863][    T1] usbcore: registered new interface driver xsens_mt
[    6.579760][    T1] usbserial: USB Serial support registered for xsens_mt
[    6.580742][    T1] usbcore: registered new interface driver adutux
[    6.581647][    T1] usbcore: registered new interface driver appledisplay
[    6.582622][    T1] usbcore: registered new interface driver cypress_cy7c63
[    6.584240][    T1] usbcore: registered new interface driver cytherm
[    6.585169][    T1] usbcore: registered new interface driver emi26 - firmware loader
[    6.586241][    T1] usbcore: registered new interface driver emi62 - firmware loader
[    6.587313][    T1] usbcore: registered new device driver apple-mfi-fastcharge
[    6.588336][    T1] usbcore: registered new interface driver ljca
[    6.589228][    T1] usbcore: registered new interface driver idmouse
[    6.590150][    T1] usbcore: registered new interface driver iowarrior
[    6.591096][    T1] usbcore: registered new interface driver isight_firmware
[    6.592090][    T1] usbcore: registered new interface driver usblcd
[    6.593010][    T1] usbcore: registered new interface driver ldusb
[    6.595826][    T1] usbcore: registered new interface driver legousbtower
[    6.596788][    T1] usbcore: registered new interface driver usbtest
[    6.597693][    T1] usbcore: registered new interface driver usb_ehset_test
[    6.598670][    T1] usbcore: registered new interface driver trancevibrator
[    6.599677][    T1] usbcore: registered new interface driver uss720
[    6.600426][    T1] uss720: USB Parport Cable driver for Cables using the Lucent Technologies USS720 Chip
[    6.601540][    T1] uss720: NOTE: this is a special purpose driver to allow nonstandard
[    6.602482][    T1] uss720: protocols (eg. bitbang) over USS720 usb to parallel cables
[    6.603408][    T1] uss720: If you just want to connect to a printer, use usblp instead
[    6.605002][    T1] usbcore: registered new interface driver usbsevseg
[    6.605941][    T1] usbcore: registered new interface driver yurex
[    6.607776][    T1] usbcore: registered new interface driver chaoskey
[    6.608720][    T1] usbcore: registered new interface driver sisusb
[    6.609623][    T1] usbcore: registered new interface driver lvs
[    6.610497][    T1] usbcore: registered new device driver onboard-usb-dev
[    6.611613][    T1] usbcore: registered new interface driver cxacru
[    6.612528][    T1] usbcore: registered new interface driver speedtch
[    6.613465][    T1] usbcore: registered new interface driver ueagle-atm
[    6.614562][    T1] xusbatm: malformed module parameters
[    6.618283][    T1] dummy_hcd dummy_hcd.0: USB Host+Gadget Emulator, driver 02 May 2005
[    6.619284][    T1] dummy_hcd dummy_hcd.0: Dummy host controller
[    6.621757][    T1] dummy_hcd dummy_hcd.0: new USB bus registered, assigned bus number 1
[    6.624445][    T1] usb usb1: New USB device found, idVendor=1d6b, idProduct=0002, bcdDevice= 6.14
[    6.625552][    T1] usb usb1: New USB device strings: Mfr=3, Product=2, SerialNumber=1
[    6.626496][    T1] usb usb1: Product: Dummy host controller
[    6.627178][    T1] usb usb1: Manufacturer: Linux 6.14.0-rc3-g17ce02746e17-dirty dummy_hcd
[    6.628153][    T1] usb usb1: SerialNumber: dummy_hcd.0
[    6.633038][    T1] hub 1-0:1.0: USB hub found
[    6.634977][    T1] hub 1-0:1.0: 1 port detected
[    6.644747][    T1] SPI driver max3420-udc has no spi_device_id for maxim,max3421-udc
[    6.646842][    T1] gadgetfs: USB Gadget filesystem, version 24 Aug 2004
[    6.660348][    T1] vhci_hcd vhci_hcd.0: USB/IP Virtual Host Controller
[    6.661980][    T1] vhci_hcd vhci_hcd.0: new USB bus registered, assigned bus number 2
[    6.666295][    T1] vhci_hcd: created sysfs vhci_hcd.0
[    6.667818][    T1] usb usb2: New USB device found, idVendor=1d6b, idProduct=0002, bcdDevice= 6.14
[    6.668882][    T1] usb usb2: New USB device strings: Mfr=3, Product=2, SerialNumber=1
[    6.669830][    T1] usb usb2: Product: USB/IP Virtual Host Controller
[    6.670614][    T1] usb usb2: Manufacturer: Linux 6.14.0-rc3-g17ce02746e17-dirty vhci_hcd
[    6.671582][    T1] usb usb2: SerialNumber: vhci_hcd.0
[    6.674844][    T1] hub 2-0:1.0: USB hub found
[    6.675626][    T1] hub 2-0:1.0: 8 ports detected
[    6.682709][    T1] vhci_hcd vhci_hcd.0: USB/IP Virtual Host Controller
[    6.686616][    T1] vhci_hcd vhci_hcd.0: new USB bus registered, assigned bus number 3
[    6.687936][    T1] usb usb3: We don't know the algorithms for LPM for this host, disabling LPM.
[    6.689772][    T1] usb usb3: New USB device found, idVendor=1d6b, idProduct=0003, bcdDevice= 6.14
[    6.690841][    T1] usb usb3: New USB device strings: Mfr=3, Product=2, SerialNumber=1
[    6.691779][    T1] usb usb3: Product: USB/IP Virtual Host Controller
[    6.692547][    T1] usb usb3: Manufacturer: Linux 6.14.0-rc3-g17ce02746e17-dirty vhci_hcd
[    6.693511][    T1] usb usb3: SerialNumber: vhci_hcd.0
[    6.697538][    T1] hub 3-0:1.0: USB hub found
[    6.698273][    T1] hub 3-0:1.0: 8 ports detected
[    6.709039][    T1] vhci_hcd vhci_hcd.1: USB/IP Virtual Host Controller
[    6.711042][    T1] vhci_hcd vhci_hcd.1: new USB bus registered, assigned bus number 4
[    6.713018][    T1] usb usb4: New USB device found, idVendor=1d6b, idProduct=0002, bcdDevice= 6.14
[    6.714180][    T1] usb usb4: New USB device strings: Mfr=3, Product=2, SerialNumber=1
[    6.715130][    T1] usb usb4: Product: USB/IP Virtual Host Controller
[    6.715913][    T1] usb usb4: Manufacturer: Linux 6.14.0-rc3-g17ce02746e17-dirty vhci_hcd
[    6.716885][    T1] usb usb4: SerialNumber: vhci_hcd.1
[    6.720344][    T1] hub 4-0:1.0: USB hub found
[    6.721119][    T1] hub 4-0:1.0: 8 ports detected
[    6.729454][    T1] vhci_hcd vhci_hcd.1: USB/IP Virtual Host Controller
[    6.731044][    T1] vhci_hcd vhci_hcd.1: new USB bus registered, assigned bus number 5
[    6.732322][    T1] usb usb5: We don't know the algorithms for LPM for this host, disabling LPM.
[    6.734615][    T1] usb usb5: New USB device found, idVendor=1d6b, idProduct=0003, bcdDevice= 6.14
[    6.735681][    T1] usb usb5: New USB device strings: Mfr=3, Product=2, SerialNumber=1
[    6.736619][    T1] usb usb5: Product: USB/IP Virtual Host Controller
[    6.737388][    T1] usb usb5: Manufacturer: Linux 6.14.0-rc3-g17ce02746e17-dirty vhci_hcd
[    6.738367][    T1] usb usb5: SerialNumber: vhci_hcd.1
[    6.741749][    T1] hub 5-0:1.0: USB hub found
[    6.742469][    T1] hub 5-0:1.0: 8 ports detected
[    6.750713][    T1] vhci_hcd vhci_hcd.2: USB/IP Virtual Host Controller
[    6.755451][    T1] vhci_hcd vhci_hcd.2: new USB bus registered, assigned bus number 6
[    6.757254][    T1] usb usb6: New USB device found, idVendor=1d6b, idProduct=0002, bcdDevice= 6.14
[    6.758326][    T1] usb usb6: New USB device strings: Mfr=3, Product=2, SerialNumber=1
[    6.759276][    T1] usb usb6: Product: USB/IP Virtual Host Controller
[    6.760052][    T1] usb usb6: Manufacturer: Linux 6.14.0-rc3-g17ce02746e17-dirty vhci_hcd
[    6.761022][    T1] usb usb6: SerialNumber: vhci_hcd.2
[    6.764618][    T1] hub 6-0:1.0: USB hub found
[    6.765341][    T1] hub 6-0:1.0: 8 ports detected
[    6.774665][    T1] vhci_hcd vhci_hcd.2: USB/IP Virtual Host Controller
[    6.776282][    T1] vhci_hcd vhci_hcd.2: new USB bus registered, assigned bus number 7
[    6.777577][    T1] usb usb7: We don't know the algorithms for LPM for this host, disabling LPM.
[    6.779336][    T1] usb usb7: New USB device found, idVendor=1d6b, idProduct=0003, bcdDevice= 6.14
[    6.780407][    T1] usb usb7: New USB device strings: Mfr=3, Product=2, SerialNumber=1
[    6.781351][    T1] usb usb7: Product: USB/IP Virtual Host Controller
[    6.782124][    T1] usb usb7: Manufacturer: Linux 6.14.0-rc3-g17ce02746e17-dirty vhci_hcd
[    6.783098][    T1] usb usb7: SerialNumber: vhci_hcd.2
[    6.786442][    T1] hub 7-0:1.0: USB hub found
[    6.787494][    T1] hub 7-0:1.0: 8 ports detected
[    6.799016][    T1] vhci_hcd vhci_hcd.3: USB/IP Virtual Host Controller
[    6.800514][    T1] vhci_hcd vhci_hcd.3: new USB bus registered, assigned bus number 8
[    6.802590][    T1] usb usb8: New USB device found, idVendor=1d6b, idProduct=0002, bcdDevice= 6.14
[    6.803980][    T1] usb usb8: New USB device strings: Mfr=3, Product=2, SerialNumber=1
[    6.804929][    T1] usb usb8: Product: USB/IP Virtual Host Controller
[    6.805703][    T1] usb usb8: Manufacturer: Linux 6.14.0-rc3-g17ce02746e17-dirty vhci_hcd
[    6.806681][    T1] usb usb8: SerialNumber: vhci_hcd.3
[    6.810527][    T1] hub 8-0:1.0: USB hub found
[    6.811270][    T1] hub 8-0:1.0: 8 ports detected
[    6.818710][    T1] vhci_hcd vhci_hcd.3: USB/IP Virtual Host Controller
[    6.821603][    T1] vhci_hcd vhci_hcd.3: new USB bus registered, assigned bus number 9
[    6.822896][    T1] usb usb9: We don't know the algorithms for LPM for this host, disabling LPM.
[    6.824725][    T1] usb usb9: New USB device found, idVendor=1d6b, idProduct=0003, bcdDevice= 6.14
[    6.825796][    T1] usb usb9: New USB device strings: Mfr=3, Product=2, SerialNumber=1
[    6.826745][    T1] usb usb9: Product: USB/IP Virtual Host Controller
[    6.827519][    T1] usb usb9: Manufacturer: Linux 6.14.0-rc3-g17ce02746e17-dirty vhci_hcd
[    6.828490][    T1] usb usb9: SerialNumber: vhci_hcd.3
[    6.831967][    T1] hub 9-0:1.0: USB hub found
[    6.832688][    T1] hub 9-0:1.0: 8 ports detected
[    6.844427][    T1] vhci_hcd vhci_hcd.4: USB/IP Virtual Host Controller
[    6.846081][    T1] vhci_hcd vhci_hcd.4: new USB bus registered, assigned bus number 10
[    6.847898][    T1] usb usb10: New USB device found, idVendor=1d6b, idProduct=0002, bcdDevice= 6.14
[    6.848987][    T1] usb usb10: New USB device strings: Mfr=3, Product=2, SerialNumber=1
[    6.849948][    T1] usb usb10: Product: USB/IP Virtual Host Controller
[    6.850743][    T1] usb usb10: Manufacturer: Linux 6.14.0-rc3-g17ce02746e17-dirty vhci_hcd
[    6.851725][    T1] usb usb10: SerialNumber: vhci_hcd.4
[    6.855384][    T1] hub 10-0:1.0: USB hub found
[    6.856310][    T1] hub 10-0:1.0: 8 ports detected
[    6.863249][    T1] vhci_hcd vhci_hcd.4: USB/IP Virtual Host Controller
[    6.866089][    T1] vhci_hcd vhci_hcd.4: new USB bus registered, assigned bus number 11
[    6.867402][    T1] usb usb11: We don't know the algorithms for LPM for this host, disabling LPM.
[    6.869183][    T1] usb usb11: New USB device found, idVendor=1d6b, idProduct=0003, bcdDevice= 6.14
[    6.870275][    T1] usb usb11: New USB device strings: Mfr=3, Product=2, SerialNumber=1
[    6.871241][    T1] usb usb11: Product: USB/IP Virtual Host Controller
[    6.872035][    T1] usb usb11: Manufacturer: Linux 6.14.0-rc3-g17ce02746e17-dirty vhci_hcd
[    6.873020][    T1] usb usb11: SerialNumber: vhci_hcd.4
[    6.877150][    T1] hub 11-0:1.0: USB hub found
[    6.877879][    T1] hub 11-0:1.0: 8 ports detected
[    6.888746][    T1] vhci_hcd vhci_hcd.5: USB/IP Virtual Host Controller
[    6.890441][    T1] vhci_hcd vhci_hcd.5: new USB bus registered, assigned bus number 12
[    6.892273][    T1] usb usb12: New USB device found, idVendor=1d6b, idProduct=0002, bcdDevice= 6.14
[    6.893358][    T1] usb usb12: New USB device strings: Mfr=3, Product=2, SerialNumber=1
[    6.894393][    T1] usb usb12: Product: USB/IP Virtual Host Controller
[    6.895187][    T1] usb usb12: Manufacturer: Linux 6.14.0-rc3-g17ce02746e17-dirty vhci_hcd
[    6.896180][    T1] usb usb12: SerialNumber: vhci_hcd.5
[    6.899670][    T1] hub 12-0:1.0: USB hub found
[    6.900401][    T1] hub 12-0:1.0: 8 ports detected
[    6.908454][    T1] vhci_hcd vhci_hcd.5: USB/IP Virtual Host Controller
[    6.910532][    T1] vhci_hcd vhci_hcd.5: new USB bus registered, assigned bus number 13
[    6.911838][    T1] usb usb13: We don't know the algorithms for LPM for this host, disabling LPM.
[    6.914514][    T1] usb usb13: New USB device found, idVendor=1d6b, idProduct=0003, bcdDevice= 6.14
[    6.915595][    T1] usb usb13: New USB device strings: Mfr=3, Product=2, SerialNumber=1
[    6.916550][    T1] usb usb13: Product: USB/IP Virtual Host Controller
[    6.917333][    T1] usb usb13: Manufacturer: Linux 6.14.0-rc3-g17ce02746e17-dirty vhci_hcd
[    6.918324][    T1] usb usb13: SerialNumber: vhci_hcd.5
[    6.921679][    T1] hub 13-0:1.0: USB hub found
[    6.922626][    T1] hub 13-0:1.0: 8 ports detected
[    6.931183][    T1] vhci_hcd vhci_hcd.6: USB/IP Virtual Host Controller
[    6.934716][    T1] vhci_hcd vhci_hcd.6: new USB bus registered, assigned bus number 14
[    6.936548][    T1] usb usb14: New USB device found, idVendor=1d6b, idProduct=0002, bcdDevice= 6.14
[    6.937633][    T1] usb usb14: New USB device strings: Mfr=3, Product=2, SerialNumber=1
[    6.938593][    T1] usb usb14: Product: USB/IP Virtual Host Controller
[    6.939377][    T1] usb usb14: Manufacturer: Linux 6.14.0-rc3-g17ce02746e17-dirty vhci_hcd
[    6.940357][    T1] usb usb14: SerialNumber: vhci_hcd.6
[    6.944202][    T1] hub 14-0:1.0: USB hub found
[    6.944940][    T1] hub 14-0:1.0: 8 ports detected
[    6.953056][    T1] vhci_hcd vhci_hcd.6: USB/IP Virtual Host Controller
[    6.954887][    T1] vhci_hcd vhci_hcd.6: new USB bus registered, assigned bus number 15
[    6.956209][    T1] usb usb15: We don't know the algorithms for LPM for this host, disabling LPM.
[    6.957996][    T1] usb usb15: New USB device found, idVendor=1d6b, idProduct=0003, bcdDevice= 6.14
[    6.959089][    T1] usb usb15: New USB device strings: Mfr=3, Product=2, SerialNumber=1
[    6.960050][    T1] usb usb15: Product: USB/IP Virtual Host Controller
[    6.960840][    T1] usb usb15: Manufacturer: Linux 6.14.0-rc3-g17ce02746e17-dirty vhci_hcd
[    6.961825][    T1] usb usb15: SerialNumber: vhci_hcd.6
[    6.965539][    T1] hub 15-0:1.0: USB hub found
[    6.966675][    T1] hub 15-0:1.0: 8 ports detected
[    6.975697][    T1] vhci_hcd vhci_hcd.7: USB/IP Virtual Host Controller
[    6.979191][    T1] vhci_hcd vhci_hcd.7: new USB bus registered, assigned bus number 16
[    6.981503][    T1] usb usb16: New USB device found, idVendor=1d6b, idProduct=0002, bcdDevice= 6.14
[    6.982596][    T1] usb usb16: New USB device strings: Mfr=3, Product=2, SerialNumber=1
[    6.984083][    T1] usb usb16: Product: USB/IP Virtual Host Controller
[    6.984871][    T1] usb usb16: Manufacturer: Linux 6.14.0-rc3-g17ce02746e17-dirty vhci_hcd
[    6.985866][    T1] usb usb16: SerialNumber: vhci_hcd.7
[    6.989352][    T1] hub 16-0:1.0: USB hub found
[    6.990091][    T1] hub 16-0:1.0: 8 ports detected
[    6.998286][    T1] vhci_hcd vhci_hcd.7: USB/IP Virtual Host Controller
[    7.000226][    T1] vhci_hcd vhci_hcd.7: new USB bus registered, assigned bus number 17
[    7.001547][    T1] usb usb17: We don't know the algorithms for LPM for this host, disabling LPM.
[    7.003338][    T1] usb usb17: New USB device found, idVendor=1d6b, idProduct=0003, bcdDevice= 6.14
[    7.004642][    T1] usb usb17: New USB device strings: Mfr=3, Product=2, SerialNumber=1
[    7.005606][    T1] usb usb17: Product: USB/IP Virtual Host Controller
[    7.006409][    T1] usb usb17: Manufacturer: Linux 6.14.0-rc3-g17ce02746e17-dirty vhci_hcd
[    7.007397][    T1] usb usb17: SerialNumber: vhci_hcd.7
[    7.010999][    T1] hub 17-0:1.0: USB hub found
[    7.011747][    T1] hub 17-0:1.0: 8 ports detected
[    7.022627][    T1] vhci_hcd vhci_hcd.8: USB/IP Virtual Host Controller
[    7.024841][    T1] vhci_hcd vhci_hcd.8: new USB bus registered, assigned bus number 18
[    7.026660][    T1] usb usb18: New USB device found, idVendor=1d6b, idProduct=0002, bcdDevice= 6.14
[    7.027754][    T1] usb usb18: New USB device strings: Mfr=3, Product=2, SerialNumber=1
[    7.028715][    T1] usb usb18: Product: USB/IP Virtual Host Controller
[    7.029510][    T1] usb usb18: Manufacturer: Linux 6.14.0-rc3-g17ce02746e17-dirty vhci_hcd
[    7.030502][    T1] usb usb18: SerialNumber: vhci_hcd.8
[    7.034579][    T1] hub 18-0:1.0: USB hub found
[    7.035318][    T1] hub 18-0:1.0: 8 ports detected
[    7.043027][    T1] vhci_hcd vhci_hcd.8: USB/IP Virtual Host Controller
[    7.045566][    T1] vhci_hcd vhci_hcd.8: new USB bus registered, assigned bus number 19
[    7.046881][    T1] usb usb19: We don't know the algorithms for LPM for this host, disabling LPM.
[    7.048674][    T1] usb usb19: New USB device found, idVendor=1d6b, idProduct=0003, bcdDevice= 6.14
[    7.049762][    T1] usb usb19: New USB device strings: Mfr=3, Product=2, SerialNumber=1
[    7.050723][    T1] usb usb19: Product: USB/IP Virtual Host Controller
[    7.051506][    T1] usb usb19: Manufacturer: Linux 6.14.0-rc3-g17ce02746e17-dirty vhci_hcd
[    7.052485][    T1] usb usb19: SerialNumber: vhci_hcd.8
[    7.056699][    T1] hub 19-0:1.0: USB hub found
[    7.057476][    T1] hub 19-0:1.0: 8 ports detected
[    7.067110][    T1] vhci_hcd vhci_hcd.9: USB/IP Virtual Host Controller
[    7.070616][    T1] vhci_hcd vhci_hcd.9: new USB bus registered, assigned bus number 20
[    7.072429][    T1] usb usb20: New USB device found, idVendor=1d6b, idProduct=0002, bcdDevice= 6.14
[    7.073509][    T1] usb usb20: New USB device strings: Mfr=3, Product=2, SerialNumber=1
[    7.074526][    T1] usb usb20: Product: USB/IP Virtual Host Controller
[    7.075320][    T1] usb usb20: Manufacturer: Linux 6.14.0-rc3-g17ce02746e17-dirty vhci_hcd
[    7.076308][    T1] usb usb20: SerialNumber: vhci_hcd.9
[    7.080023][    T1] hub 20-0:1.0: USB hub found
[    7.080759][    T1] hub 20-0:1.0: 8 ports detected
[    7.089150][    T1] vhci_hcd vhci_hcd.9: USB/IP Virtual Host Controller
[    7.090773][    T1] vhci_hcd vhci_hcd.9: new USB bus registered, assigned bus number 21
[    7.092078][    T1] usb usb21: We don't know the algorithms for LPM for this host, disabling LPM.
[    7.093898][    T1] usb usb21: New USB device found, idVendor=1d6b, idProduct=0003, bcdDevice= 6.14
[    7.094991][    T1] usb usb21: New USB device strings: Mfr=3, Product=2, SerialNumber=1
[    7.095947][    T1] usb usb21: Product: USB/IP Virtual Host Controller
[    7.096730][    T1] usb usb21: Manufacturer: Linux 6.14.0-rc3-g17ce02746e17-dirty vhci_hcd
[    7.097711][    T1] usb usb21: SerialNumber: vhci_hcd.9
[    7.101314][    T1] hub 21-0:1.0: USB hub found
[    7.102044][    T1] hub 21-0:1.0: 8 ports detected
[    7.113046][    T1] vhci_hcd vhci_hcd.10: USB/IP Virtual Host Controller
[    7.114745][    T1] vhci_hcd vhci_hcd.10: new USB bus registered, assigned bus number 22
[    7.116876][    T1] usb usb22: New USB device found, idVendor=1d6b, idProduct=0002, bcdDevice= 6.14
[    7.117959][    T1] usb usb22: New USB device strings: Mfr=3, Product=2, SerialNumber=1
[    7.118919][    T1] usb usb22: Product: USB/IP Virtual Host Controller
[    7.119703][    T1] usb usb22: Manufacturer: Linux 6.14.0-rc3-g17ce02746e17-dirty vhci_hcd
[    7.120682][    T1] usb usb22: SerialNumber: vhci_hcd.10
[    7.124427][    T1] hub 22-0:1.0: USB hub found
[    7.125160][    T1] hub 22-0:1.0: 8 ports detected
[    7.132366][    T1] vhci_hcd vhci_hcd.10: USB/IP Virtual Host Controller
[    7.135356][    T1] vhci_hcd vhci_hcd.10: new USB bus registered, assigned bus number 23
[    7.136663][    T1] usb usb23: We don't know the algorithms for LPM for this host, disabling LPM.
[    7.138434][    T1] usb usb23: New USB device found, idVendor=1d6b, idProduct=0003, bcdDevice= 6.14
[    7.139512][    T1] usb usb23: New USB device strings: Mfr=3, Product=2, SerialNumber=1
[    7.140465][    T1] usb usb23: Product: USB/IP Virtual Host Controller
[    7.141248][    T1] usb usb23: Manufacturer: Linux 6.14.0-rc3-g17ce02746e17-dirty vhci_hcd
[    7.142225][    T1] usb usb23: SerialNumber: vhci_hcd.10
[    7.146196][    T1] hub 23-0:1.0: USB hub found
[    7.146935][    T1] hub 23-0:1.0: 8 ports detected
[    7.156206][    T1] vhci_hcd vhci_hcd.11: USB/IP Virtual Host Controller
[    7.158752][    T1] vhci_hcd vhci_hcd.11: new USB bus registered, assigned bus number 24
[    7.160577][    T1] usb usb24: New USB device found, idVendor=1d6b, idProduct=0002, bcdDevice= 6.14
[    7.161660][    T1] usb usb24: New USB device strings: Mfr=3, Product=2, SerialNumber=1
[    7.162627][    T1] usb usb24: Product: USB/IP Virtual Host Controller
[    7.163413][    T1] usb usb24: Manufacturer: Linux 6.14.0-rc3-g17ce02746e17-dirty vhci_hcd
[    7.164650][    T1] usb usb24: SerialNumber: vhci_hcd.11
[    7.168374][    T1] hub 24-0:1.0: USB hub found
[    7.169105][    T1] hub 24-0:1.0: 8 ports detected
[    7.177510][    T1] vhci_hcd vhci_hcd.11: USB/IP Virtual Host Controller
[    7.179248][    T1] vhci_hcd vhci_hcd.11: new USB bus registered, assigned bus number 25
[    7.180567][    T1] usb usb25: We don't know the algorithms for LPM for this host, disabling LPM.
[    7.182371][    T1] usb usb25: New USB device found, idVendor=1d6b, idProduct=0003, bcdDevice= 6.14
[    7.183451][    T1] usb usb25: New USB device strings: Mfr=3, Product=2, SerialNumber=1
[    7.184595][    T1] usb usb25: Product: USB/IP Virtual Host Controller
[    7.185383][    T1] usb usb25: Manufacturer: Linux 6.14.0-rc3-g17ce02746e17-dirty vhci_hcd
[    7.186369][    T1] usb usb25: SerialNumber: vhci_hcd.11
[    7.189889][    T1] hub 25-0:1.0: USB hub found
[    7.190997][    T1] hub 25-0:1.0: 8 ports detected
[    7.199828][    T1] vhci_hcd vhci_hcd.12: USB/IP Virtual Host Controller
[    7.203462][    T1] vhci_hcd vhci_hcd.12: new USB bus registered, assigned bus number 26
[    7.205324][    T1] usb usb26: New USB device found, idVendor=1d6b, idProduct=0002, bcdDevice= 6.14
[    7.206412][    T1] usb usb26: New USB device strings: Mfr=3, Product=2, SerialNumber=1
[    7.207373][    T1] usb usb26: Product: USB/IP Virtual Host Controller
[    7.208159][    T1] usb usb26: Manufacturer: Linux 6.14.0-rc3-g17ce02746e17-dirty vhci_hcd
[    7.209145][    T1] usb usb26: SerialNumber: vhci_hcd.12
[    7.213109][    T1] hub 26-0:1.0: USB hub found
[    7.213914][    T1] hub 26-0:1.0: 8 ports detected
[    7.222345][    T1] vhci_hcd vhci_hcd.12: USB/IP Virtual Host Controller
[    7.224269][    T1] vhci_hcd vhci_hcd.12: new USB bus registered, assigned bus number 27
[    7.225600][    T1] usb usb27: We don't know the algorithms for LPM for this host, disabling LPM.
[    7.227393][    T1] usb usb27: New USB device found, idVendor=1d6b, idProduct=0003, bcdDevice= 6.14
[    7.228475][    T1] usb usb27: New USB device strings: Mfr=3, Product=2, SerialNumber=1
[    7.229428][    T1] usb usb27: Product: USB/IP Virtual Host Controller
[    7.230211][    T1] usb usb27: Manufacturer: Linux 6.14.0-rc3-g17ce02746e17-dirty vhci_hcd
[    7.231207][    T1] usb usb27: SerialNumber: vhci_hcd.12
[    7.235249][    T1] hub 27-0:1.0: USB hub found
[    7.236116][    T1] hub 27-0:1.0: 8 ports detected
[    7.246641][    T1] vhci_hcd vhci_hcd.13: USB/IP Virtual Host Controller
[    7.248222][    T1] vhci_hcd vhci_hcd.13: new USB bus registered, assigned bus number 28
[    7.250538][    T1] usb usb28: New USB device found, idVendor=1d6b, idProduct=0002, bcdDevice= 6.14
[    7.251628][    T1] usb usb28: New USB device strings: Mfr=3, Product=2, SerialNumber=1
[    7.252583][    T1] usb usb28: Product: USB/IP Virtual Host Controller
[    7.253365][    T1] usb usb28: Manufacturer: Linux 6.14.0-rc3-g17ce02746e17-dirty vhci_hcd
[    7.254758][    T1] usb usb28: SerialNumber: vhci_hcd.13
[    7.259941][    T1] hub 28-0:1.0: USB hub found
[    7.260681][    T1] hub 28-0:1.0: 8 ports detected
[    7.269165][    T1] vhci_hcd vhci_hcd.13: USB/IP Virtual Host Controller
[    7.270871][    T1] vhci_hcd vhci_hcd.13: new USB bus registered, assigned bus number 29
[    7.272176][    T1] usb usb29: We don't know the algorithms for LPM for this host, disabling LPM.
[    7.274224][    T1] usb usb29: New USB device found, idVendor=1d6b, idProduct=0003, bcdDevice= 6.14
[    7.275327][    T1] usb usb29: New USB device strings: Mfr=3, Product=2, SerialNumber=1
[    7.276290][    T1] usb usb29: Product: USB/IP Virtual Host Controller
[    7.277079][    T1] usb usb29: Manufacturer: Linux 6.14.0-rc3-g17ce02746e17-dirty vhci_hcd
[    7.278071][    T1] usb usb29: SerialNumber: vhci_hcd.13
[    7.281461][    T1] hub 29-0:1.0: USB hub found
[    7.282415][    T1] hub 29-0:1.0: 8 ports detected
[    7.293395][    T1] vhci_hcd vhci_hcd.14: USB/IP Virtual Host Controller
[    7.295210][    T1] vhci_hcd vhci_hcd.14: new USB bus registered, assigned bus number 30
[    7.297042][    T1] usb usb30: New USB device found, idVendor=1d6b, idProduct=0002, bcdDevice= 6.14
[    7.298123][    T1] usb usb30: New USB device strings: Mfr=3, Product=2, SerialNumber=1
[    7.299279][    T1] usb usb30: Product: USB/IP Virtual Host Controller
[    7.300109][    T1] usb usb30: Manufacturer: Linux 6.14.0-rc3-g17ce02746e17-dirty vhci_hcd
[    7.301124][    T1] usb usb30: SerialNumber: vhci_hcd.14
[    7.305090][    T1] hub 30-0:1.0: USB hub found
[    7.306218][    T1] hub 30-0:1.0: 8 ports detected
[    7.314727][    T1] vhci_hcd vhci_hcd.14: USB/IP Virtual Host Controller
[    7.316411][    T1] vhci_hcd vhci_hcd.14: new USB bus registered, assigned bus number 31
[    7.317873][    T1] usb usb31: We don't know the algorithms for LPM for this host, disabling LPM.
[    7.319696][    T1] usb usb31: New USB device found, idVendor=1d6b, idProduct=0003, bcdDevice= 6.14
[    7.320817][    T1] usb usb31: New USB device strings: Mfr=3, Product=2, SerialNumber=1
[    7.321823][    T1] usb usb31: Product: USB/IP Virtual Host Controller
[    7.322637][    T1] usb usb31: Manufacturer: Linux 6.14.0-rc3-g17ce02746e17-dirty vhci_hcd
[    7.324041][    T1] usb usb31: SerialNumber: vhci_hcd.14
[    7.327655][    T1] hub 31-0:1.0: USB hub found
[    7.328401][    T1] hub 31-0:1.0: 8 ports detected
[    7.336784][    T1] vhci_hcd vhci_hcd.15: USB/IP Virtual Host Controller
[    7.340732][    T1] vhci_hcd vhci_hcd.15: new USB bus registered, assigned bus number 32
[    7.342699][    T1] usb usb32: New USB device found, idVendor=1d6b, idProduct=0002, bcdDevice= 6.14
[    7.343943][    T1] usb usb32: New USB device strings: Mfr=3, Product=2, SerialNumber=1
[    7.344925][    T1] usb usb32: Product: USB/IP Virtual Host Controller
[    7.345732][    T1] usb usb32: Manufacturer: Linux 6.14.0-rc3-g17ce02746e17-dirty vhci_hcd
[    7.346745][    T1] usb usb32: SerialNumber: vhci_hcd.15
[    7.350234][    T1] hub 32-0:1.0: USB hub found
[    7.350983][    T1] hub 32-0:1.0: 8 ports detected
[    7.359388][    T1] vhci_hcd vhci_hcd.15: USB/IP Virtual Host Controller
[    7.361043][    T1] vhci_hcd vhci_hcd.15: new USB bus registered, assigned bus number 33
[    7.362516][    T1] usb usb33: We don't know the algorithms for LPM for this host, disabling LPM.
[    7.365106][    T1] usb usb33: New USB device found, idVendor=1d6b, idProduct=0003, bcdDevice= 6.14
[    7.366221][    T1] usb usb33: New USB device strings: Mfr=3, Product=2, SerialNumber=1
[    7.367212][    T1] usb usb33: Product: USB/IP Virtual Host Controller
[    7.368022][    T1] usb usb33: Manufacturer: Linux 6.14.0-rc3-g17ce02746e17-dirty vhci_hcd
[    7.369038][    T1] usb usb33: SerialNumber: vhci_hcd.15
[    7.372475][    T1] hub 33-0:1.0: USB hub found
[    7.373628][    T1] hub 33-0:1.0: 8 ports detected
[    7.381699][    T1] usbcore: registered new device driver usbip-host
[    7.398573][    T1] i8042: PNP: PS/2 Controller [PNP0303:KBD,PNP0f13:MOU] at 0x60,0x64 irq 1,12
[    7.402544][    T1] serio: i8042 KBD port at 0x60,0x64 irq 1
[    7.404698][    T1] serio: i8042 AUX port at 0x60,0x64 irq 12
[    7.408967][    T1] mousedev: PS/2 mouse device common for all mice
[    7.415232][    T1] usbcore: registered new interface driver appletouch
[    7.416424][    T1] usbcore: registered new interface driver bcm5974
[    7.417997][    T1] usbcore: registered new interface driver synaptics_usb
[    7.419143][    T1] usbcore: registered new interface driver iforce
[    7.420153][    T1] usbcore: registered new interface driver pxrc
[    7.421488][    T1] usbcore: registered new interface driver xpad
[    7.422504][    T1] usbcore: registered new interface driver usb_acecad
[    7.424798][    T9] input: AT Translated Set 2 keyboard as /devices/platform/i8042/serio0/input/input1
[    7.437301][    T1] usbcore: registered new interface driver aiptek
[    7.439142][    T1] usbcore: registered new interface driver hanwang
[    7.440813][    T1] usbcore: registered new interface driver kbtab
[    7.442468][    T1] usbcore: registered new interface driver pegasus_notetaker
[    7.446436][    T1] usbcore: registered new interface driver usbtouchscreen
[    7.447513][    T1] usbcore: registered new interface driver sur40
[    7.448488][    T1] usbcore: registered new interface driver ati_remote2
[    7.449286][    T1] cm109: Keymap for Komunikate KIP1000 phone loaded
[    7.450315][    T1] usbcore: registered new interface driver cm109
[    7.451059][    T1] cm109: CM109 phone driver: 20080805 (C) Alfred E. Heggestad
[    7.452322][    T1] usbcore: registered new interface driver ims_pcu
[    7.453324][    T1] usbcore: registered new interface driver keyspan_remote
[    7.458345][    T1] usbcore: registered new interface driver powermate
[    7.462405][    T1] usbcore: registered new interface driver yealink
[    7.467425][    T1] rtc_cmos 00:05: RTC can wake from S4
[    7.476100][    T1] rtc_cmos 00:05: registered as rtc0
[    7.476744][    T1] rtc_cmos 00:05: alarms up to one day, y3k, 242 bytes nvram, hpet irqs
[    7.487199][    T1] i2c_dev: i2c /dev entries driver
[    7.488292][    T1] usbcore: registered new interface driver i2c-diolan-u2c
[    7.489649][    T1] usbcore: registered new interface driver i2c-cp2615
[    7.490682][    T1] usbcore: registered new interface driver RobotFuzz Open Source InterFace, OSIF
[    7.491986][    T1] usbcore: registered new interface driver i2c-tiny-usb
[    7.511129][    T1] usbcore: registered new interface driver igorplugusb
[    7.512532][    T1] usbcore: registered new interface driver iguanair
[    7.514365][    T1] usbcore: registered new interface driver imon
[    7.515769][    T1] usbcore: registered new interface driver imon_raw
[    7.517363][    T1] usbcore: registered new interface driver mceusb
[    7.518685][    T1] usbcore: registered new interface driver redrat3
[    7.520027][    T1] usbcore: registered new interface driver streamzap
[    7.521398][    T1] usbcore: registered new interface driver ir_toy
[    7.522733][    T1] usbcore: registered new interface driver ttusbir
[    7.523987][    T1] usbcore: registered new interface driver ati_remote
[    7.525442][    T1] usbcore: registered new interface driver xbox_remote
[    7.527258][    T1] b2c2-flexcop: B2C2 FlexcopII/II(b)/III digital TV receiver chip loaded successfully
[    7.529595][    T1] usbcore: registered new interface driver b2c2_flexcop_usb
[    7.530847][    T1] usbcore: registered new interface driver dvb_usb_vp7045
[    7.532261][    T1] usbcore: registered new interface driver dvb_usb_vp702x
[    7.533680][    T1] usbcore: registered new interface driver dvb_usb_gp8psk
[    7.535235][    T1] usbcore: registered new interface driver dvb_usb_dtt200u
[    7.536503][    T1] usbcore: registered new interface driver dvb_usb_a800
[    7.537869][    T1] usbcore: registered new interface driver dvb_usb_dibusb_mb
[    7.539232][    T1] usbcore: registered new interface driver dvb_usb_dibusb_mc
[    7.540769][    T1] usbcore: registered new interface driver dvb_usb_nova_t_usb2
[    7.542112][    T1] usbcore: registered new interface driver dvb_usb_umt_010
[    7.546472][    T1] usbcore: registered new interface driver dvb_usb_m920x
[    7.547704][    T1] usbcore: registered new interface driver dvb_usb_digitv
[    7.549013][    T1] usbcore: registered new interface driver dvb_usb_cxusb
[    7.550501][    T1] usbcore: registered new interface driver dvb_usb_ttusb2
[    7.552209][    T1] usbcore: registered new interface driver dvb_usb_dib0700
[    7.553687][    T1] usbcore: registered new interface driver opera1
[    7.554937][    T1] usbcore: registered new interface driver dvb_usb_af9005
[    7.555770][    T1] failing symbol_get of non-GPLONLY symbol af9005_rc_decode.
[    7.557169][    T1] failing symbol_get of non-GPLONLY symbol af9005_rc_decode.
[    7.558030][    T1] failing symbol_get of non-GPLONLY symbol rc_map_af9005_table.
[    7.559339][    T1] failing symbol_get of non-GPLONLY symbol rc_map_af9005_table.
[    7.560227][    T1] failing symbol_get of non-GPLONLY symbol rc_map_af9005_table_size.
[    7.561542][    T1] failing symbol_get of non-GPLONLY symbol rc_map_af9005_table_size.
[    7.562484][    T1] af9005: af9005_rc_decode function not found, disabling remote
[    7.564677][    T1] usbcore: registered new interface driver pctv452e
[    7.566119][    T1] usbcore: registered new interface driver dw2102
[    7.567452][    T1] usbcore: registered new interface driver dvb_usb_dtv5100
[    7.568884][    T1] usbcore: registered new interface driver cinergyT2
[    7.570261][    T1] usbcore: registered new interface driver dvb_usb_az6027
[    7.572992][    T1] usbcore: registered new interface driver dvb_usb_technisat_usb2
[    7.574489][    T1] usbcore: registered new interface driver dvb_usb_af9015
[    7.575925][    T1] usbcore: registered new interface driver dvb_usb_af9035
[    7.577399][    T1] usbcore: registered new interface driver dvb_usb_anysee
[    7.578803][    T1] usbcore: registered new interface driver dvb_usb_au6610
[    7.580220][    T1] usbcore: registered new interface driver dvb_usb_az6007
[    7.581613][    T1] usbcore: registered new interface driver dvb_usb_ce6230
[    7.583031][    T1] usbcore: registered new interface driver dvb_usb_ec168
[    7.585516][    T1] usbcore: registered new interface driver dvb_usb_lmedm04
[    7.586808][    T1] usbcore: registered new interface driver dvb_usb_gl861
[    7.588381][    T1] usbcore: registered new interface driver dvb_usb_mxl111sf
[    7.589926][    T1] usbcore: registered new interface driver dvb_usb_rtl28xxu
[    7.591402][    T1] usbcore: registered new interface driver dvb_usb_dvbsky
[    7.592779][    T1] usbcore: registered new interface driver zd1301
[    7.594203][    T1] usbcore: registered new interface driver s2255
[    7.595481][    T1] usbcore: registered new interface driver smsusb
[    7.596881][    T1] usbcore: registered new interface driver ttusb
[    7.598200][    T1] usbcore: registered new interface driver ttusb-dec
[    7.599594][    T1] usbcore: registered new interface driver Abilis Systems as10x usb driver
[    7.601162][    T1] usbcore: registered new interface driver airspy
[    7.601915][    T1] gspca_main: v2.14.0 registered
[    7.603101][    T1] usbcore: registered new interface driver benq
[    7.604768][    T1] usbcore: registered new interface driver conex
[    7.606233][    T1] usbcore: registered new interface driver cpia1
[    7.607560][    T1] usbcore: registered new interface driver dtcs033
[    7.608926][    T1] usbcore: registered new interface driver etoms
[    7.610323][    T1] usbcore: registered new interface driver finepix
[    7.611676][    T1] usbcore: registered new interface driver jeilinj
[    7.613026][    T1] usbcore: registered new interface driver jl2005bcd
[    7.614948][    T1] usbcore: registered new interface driver kinect
[    7.616150][    T1] usbcore: registered new interface driver konica
[    7.617505][    T1] usbcore: registered new interface driver mars
[    7.618717][    T1] usbcore: registered new interface driver mr97310a
[    7.620171][    T1] usbcore: registered new interface driver nw80x
[    7.621596][    T1] usbcore: registered new interface driver ov519
[    7.622930][    T1] usbcore: registered new interface driver ov534
[    7.624318][    T1] usbcore: registered new interface driver ov534_9
[    7.625531][    T1] usbcore: registered new interface driver pac207
[    7.627005][    T1] usbcore: registered new interface driver gspca_pac7302
[    7.628443][    T1] usbcore: registered new interface driver pac7311
[    7.629809][    T1] usbcore: registered new interface driver se401
[    7.631162][    T1] usbcore: registered new interface driver sn9c2028
[    7.632663][    T1] usbcore: registered new interface driver gspca_sn9c20x
[    7.634529][    T1] usbcore: registered new interface driver sonixb
[    7.635870][    T1] usbcore: registered new interface driver sonixj
[    7.637462][    T1] usbcore: registered new interface driver spca500
[    7.638836][    T1] usbcore: registered new interface driver spca501
[    7.640182][    T1] usbcore: registered new interface driver spca505
[    7.641553][    T1] usbcore: registered new interface driver spca506
[    7.642925][    T1] usbcore: registered new interface driver spca508
[    7.644215][    T1] usbcore: registered new interface driver spca561
[    7.645638][    T1] usbcore: registered new interface driver spca1528
[    7.647010][    T1] usbcore: registered new interface driver sq905
[    7.648353][    T1] usbcore: registered new interface driver sq905c
[    7.649699][    T1] usbcore: registered new interface driver sq930x
[    7.651255][    T1] usbcore: registered new interface driver sunplus
[    7.652606][    T1] usbcore: registered new interface driver stk014
[    7.656007][    T1] usbcore: registered new interface driver stk1135
[    7.657243][    T1] usbcore: registered new interface driver stv0680
[    7.658472][    T1] usbcore: registered new interface driver t613
[    7.659975][    T1] usbcore: registered new interface driver gspca_topro
[    7.661365][    T1] usbcore: registered new interface driver touptek
[    7.662724][    T1] usbcore: registered new interface driver tv8532
[    7.664778][    T1] usbcore: registered new interface driver vc032x
[    7.666177][    T1] usbcore: registered new interface driver vicam
[    7.667341][    T1] usbcore: registered new interface driver xirlink-cit
[    7.668920][    T1] usbcore: registered new interface driver gspca_zc3xx
[    7.670199][    T1] usbcore: registered new interface driver ALi m5602
[    7.671735][    T1] usbcore: registered new interface driver STV06xx
[    7.673098][    T1] usbcore: registered new interface driver gspca_gl860
[    7.674910][    T1] usbcore: registered new interface driver hackrf
[    7.676317][    T1] usbcore: registered new interface driver msi2500
[    7.677773][    T1] usbcore: registered new interface driver Philips webcam
[    7.679371][    T1] usbcore: registered new interface driver uvcvideo
[    7.680147][    T1] au0828: au0828 driver loaded
[    7.681547][    T1] usbcore: registered new interface driver au0828
[    7.683012][    T1] usbcore: registered new interface driver cx231xx
[    7.685158][    T1] usbcore: registered new interface driver em28xx
[    7.685936][    T1] em28xx: Registered (Em28xx v4l2 Extension) extension
[    7.686736][    T1] em28xx: Registered (Em28xx Audio Extension) extension
[    7.687540][    T1] em28xx: Registered (Em28xx dvb Extension) extension
[    7.688325][    T1] em28xx: Registered (Em28xx Input Extension) extension
[    7.689810][    T1] usbcore: registered new interface driver go7007
[    7.691163][    T1] usbcore: registered new interface driver go7007-loader
[    7.693036][    T1] usbcore: registered new interface driver hdpvr
[    7.694964][    T1] usbcore: registered new interface driver pvrusb2
[    7.695727][    T1] pvrusb2: V4L in-tree version:Hauppauge WinTV-PVR-USB2 MPEG2 Encoder/Tuner
[    7.696721][    T1] pvrusb2: Debug mask is 31 (0x1f)
[    7.697574][    T1] usbcore: registered new interface driver stk1160
[    7.698592][    T1] usbcore: registered new interface driver usbtv
[    7.705248][    T1] dvbdev: DVB: registering new adapter (dvb_vidtv_bridge)
[    7.710258][    T1] i2c i2c-0: DVB: registering adapter 0 frontend 0 (Dummy demod for DVB-T/T2/C/S/S2)...
[    7.711659][    T1] dvbdev: dvb_create_media_entity: media entity 'Dummy demod for DVB-T/T2/C/S/S2' registered.
[    7.721456][    T1] dvbdev: dvb_create_media_entity: media entity 'dvb-demux' registered.
[    7.730080][    T1] vidtv vidtv.0: Successfully initialized vidtv!
[    7.734147][    T1] vicodec vicodec.0: Device 'stateful-encoder' registered as /dev/video0
[    7.736193][    T1] vicodec vicodec.0: Device 'stateful-decoder' registered as /dev/video1
[    7.738078][    T1] vicodec vicodec.0: Device 'stateless-decoder' registered as /dev/video2
[    7.742533][    T1] vim2m vim2m.0: Device registered as /dev/video0
[    7.768608][    T1] vivid-000: using single planar format API
[    7.784104][    T1] vivid-000: CEC adapter cec0 registered for HDMI input
[    7.785991][    T1] vivid-000: V4L2 capture device registered as video7
[    7.787706][    T1] vivid-000: CEC adapter cec1 registered for HDMI output 0
[    7.789451][    T1] vivid-000: V4L2 output device registered as video8
[    7.791218][    T1] vivid-000: V4L2 capture device registered as vbi0, supports raw and sliced VBI
[    7.793202][    T1] vivid-000: V4L2 output device registered as vbi1, supports raw and sliced VBI
[    7.795770][    T1] vivid-000: V4L2 capture device registered as swradio0
[    7.797552][    T1] vivid-000: V4L2 receiver device registered as radio0
[    7.799245][    T1] vivid-000: V4L2 transmitter device registered as radio1
[    7.801010][    T1] vivid-000: V4L2 metadata capture device registered as video9
[    7.802796][    T1] vivid-000: V4L2 metadata output device registered as video10
[    7.805022][    T1] vivid-000: V4L2 touch capture device registered as v4l-touch0
[    7.818963][    T1] usbcore: registered new interface driver radioshark2
[    7.820290][    T1] usbcore: registered new interface driver radioshark
[    7.821559][    T1] usbcore: registered new interface driver radio-si470x
[    7.823177][    T1] usbcore: registered new interface driver radio-usb-si4713
[    7.826112][    T1] usbcore: registered new interface driver dsbr100
[    7.827341][    T1] usbcore: registered new interface driver radio-keene
[    7.828607][    T1] usbcore: registered new interface driver radio-ma901
[    7.829866][    T1] usbcore: registered new interface driver radio-mr800
[    7.831146][    T1] usbcore: registered new interface driver radio-raremono
[    7.836551][    T1] usbcore: registered new interface driver powerz
[    7.837879][    T1] usbcore: registered new interface driver pcwd_usb
[    7.876554][    T9] input: ImExPS/2 Generic Explorer Mouse as /devices/platform/i8042/serio1/input/input3
[    7.881387][    T1] device-mapper: core: CONFIG_IMA_DISABLE_HTABLE is disabled. Duplicate IMA measurements will not be recorded in the IMA log.
[    7.882933][    T1] device-mapper: uevent: version 1.0.3
[    7.884784][    T1] device-mapper: ioctl: 4.49.0-ioctl (2025-01-17) initialised: dm-devel@lists.linux.dev
[    7.907333][    T1] device-mapper: multipath round-robin: version 1.2.0 loaded
[    7.908238][    T1] device-mapper: multipath queue-length: version 0.2.0 loaded
[    7.909103][    T1] device-mapper: multipath service-time: version 0.3.0 loaded
[    7.911175][    T1] Bluetooth: HCI UART driver ver 2.3
[    7.911805][    T1] Bluetooth: HCI UART protocol H4 registered
[    7.912501][    T1] Bluetooth: HCI UART protocol BCSP registered
[    7.914185][    T1] Bluetooth: HCI UART protocol LL registered
[    7.915584][    T1] Bluetooth: HCI UART protocol Three-wire (H5) registered
[    7.917356][    T1] Bluetooth: HCI UART protocol Broadcom registered
[    7.918463][    T1] Bluetooth: HCI UART protocol QCA registered
[    7.919175][    T1] Bluetooth: HCI UART protocol AG6XX registered
[    7.920241][    T1] Bluetooth: HCI UART protocol Marvell registered
[    7.921907][    T1] usbcore: registered new interface driver bcm203x
[    7.923143][    T1] usbcore: registered new interface driver bpa10x
[    7.924396][    T1] usbcore: registered new interface driver bfusb
[    7.925733][    T1] usbcore: registered new interface driver btusb
[    7.927151][    T1] usbcore: registered new interface driver ath3k
[    7.929189][    T1] Modular ISDN core version 1.1.29
[    7.930571][    T1] NET: Registered PF_ISDN protocol family
[    7.931245][    T1] DSP module 2.0
[    7.931668][    T1] mISDN_dsp: DSP clocks every 80 samples. This equals 1 jiffies.
[    7.963044][    T1] mISDN: Layer-1-over-IP driver Rev. 2.00
[    7.965288][    T1] 0 virtual devices registered
[    7.966582][    T1] usbcore: registered new interface driver HFC-S_USB
[    7.967870][    T1] amd_pstate: the _CPC object is not present in SBIOS or ACPI disabled
[    7.970806][    T1] sdhci: Secure Digital Host Controller Interface driver
[    7.971625][    T1] sdhci: Copyright(c) Pierre Ossman
[    7.974180][    T1] VUB300 Driver rom wait states = 1C irqpoll timeout = 0400
[    7.996150][    T1] usbcore: registered new interface driver vub300
[    7.998282][    T1] usbcore: registered new interface driver ushc
[    7.999388][    T1] sdhci-pltfm: SDHCI platform and OF driver helper
[    8.041069][    T1] iscsi: registered transport (iser)
[    8.064291][    T1] SoftiWARP attached
[    8.070314][    T1] hid: raw HID events driver (C) Jiri Kosina
[    8.134070][    T1] usbcore: registered new interface driver usbhid
[    8.134838][    T1] usbhid: USB HID core driver
[    8.137457][    T1] usbcore: registered new interface driver es2_ap_driver
[    8.138281][    T1] comedi: version 0.7.76 - http://www.comedi.org
[    8.139415][    T1] usbcore: registered new interface driver dt9812
[    8.140418][    T1] usbcore: registered new interface driver ni6501
[    8.141443][    T1] usbcore: registered new interface driver usbdux
[    8.142462][    T1] usbcore: registered new interface driver usbduxfast
[    8.143817][    T1] usbcore: registered new interface driver usbduxsigma
[    8.144981][    T1] usbcore: registered new interface driver vmk80xx
[    8.145994][    T1] greybus: registered new driver hid
[    8.146903][    T1] greybus: registered new driver gbphy
[    8.147738][    T1] gb_gbphy: registered new driver usb
[    8.152158][    T1] SPI driver st-magn-spi has no spi_device_id for st,lis3mdl-magn
[    8.153065][    T1] SPI driver st-magn-spi has no spi_device_id for st,lsm303agr-magn
[    8.154476][    T1] SPI driver st-magn-spi has no spi_device_id for st,lsm9ds1-magn
[    8.155395][    T1] SPI driver st-magn-spi has no spi_device_id for st,lsm303c-magn
[    8.160389][    T1] gnss: GNSS driver registered with major 488
[    8.161464][    T1] usbcore: registered new interface driver gnss-usb
[    8.162736][    T1] usbcore: registered new interface driver hdm_usb
[    8.234421][    T1] usbcore: registered new interface driver snd-usb-audio
[    8.235565][    T1] usbcore: registered new interface driver snd-ua101
