bash: warning: setlocale: LC_ALL: cannot change locale (en_US.UTF-8)
c[?7l[2J[0mSeaBIOS (version 1.16.2-debian-1.16.2-1)


iPXE (http://ipxe.org) 00:03.0 CA00 PCI2.10 PnP PMM+7EFCEF00+7EF0EF00 CA00
Press Ctrl-B to configure iPXE (PCI 00:03.0)...                                                                               


Booting from ROM..c[?7l[2J[    0.000000] Linux version 6.5.0-rc3-00171-g611e1b016c7b-dirty (root@buildkitsandbox) (gcc (Debian 12.2.0-14+deb12u1) 12.2.0, GNU ld (GNU Binutils for Debian) 2.40) #1 SMP PREEMPT_DYNAMIC Tue May  5 11:22:37 UTC 2026
[    0.000000] Command line: console=ttyS0 oops=panic nokaslr rdinit=/init
[    0.000000] BIOS-provided physical RAM map:
[    0.000000] BIOS-e820: [mem 0x0000000000000000-0x000000000009fbff] usable
[    0.000000] BIOS-e820: [mem 0x000000000009fc00-0x000000000009ffff] reserved
[    0.000000] BIOS-e820: [mem 0x00000000000f0000-0x00000000000fffff] reserved
[    0.000000] BIOS-e820: [mem 0x0000000000100000-0x000000007ffdffff] usable
[    0.000000] BIOS-e820: [mem 0x000000007ffe0000-0x000000007fffffff] reserved
[    0.000000] BIOS-e820: [mem 0x00000000feffc000-0x00000000feffffff] reserved
[    0.000000] BIOS-e820: [mem 0x00000000fffc0000-0x00000000ffffffff] reserved
[    0.000000] NX (Execute Disable) protection: active
[    0.000000] SMBIOS 2.8 present.
[    0.000000] DMI: QEMU Standard PC (i440FX + PIIX, 1996), BIOS 1.16.2-debian-1.16.2-1 04/01/2014
[    0.000000] Hypervisor detected: KVM
[    0.000000] kvm-clock: Using msrs 4b564d01 and 4b564d00
[    0.000000] kvm-clock: using sched offset of 270654845 cycles
[    0.000006] clocksource: kvm-clock: mask: 0xffffffffffffffff max_cycles: 0x1cd42e4dffb, max_idle_ns: 881590591483 ns
[    0.000008] tsc: Detected 3187.200 MHz processor
[    0.000319] last_pfn = 0x7ffe0 max_arch_pfn = 0x400000000
[    0.000337] MTRR map: 4 entries (3 fixed + 1 variable; max 19), built from 8 variable MTRRs
[    0.000339] x86/PAT: Configuration [0-7]: WB  WC  UC- UC  WB  WP  UC- WT  
[    0.002201] found SMP MP-table at [mem 0x000f5ba0-0x000f5baf]
[    0.002208] Using GB pages for direct mapping
[    0.002208] Incomplete global flushes, disabling PCID
[    0.002289] RAMDISK: [mem 0x7fe92000-0x7ffdffff]
[    0.002293] ACPI: Early table checksum verification disabled
[    0.002294] ACPI: RSDP 0x00000000000F59D0 000014 (v00 BOCHS )
[    0.002297] ACPI: RSDT 0x000000007FFE1B33 000034 (v01 BOCHS  BXPC     00000001 BXPC 00000001)
[    0.002301] ACPI: FACP 0x000000007FFE19DF 000074 (v01 BOCHS  BXPC     00000001 BXPC 00000001)
[    0.002305] ACPI: DSDT 0x000000007FFE0040 00199F (v01 BOCHS  BXPC     00000001 BXPC 00000001)
[    0.002307] ACPI: FACS 0x000000007FFE0000 000040
[    0.002308] ACPI: APIC 0x000000007FFE1A53 000080 (v01 BOCHS  BXPC     00000001 BXPC 00000001)
[    0.002310] ACPI: HPET 0x000000007FFE1AD3 000038 (v01 BOCHS  BXPC     00000001 BXPC 00000001)
[    0.002311] ACPI: WAET 0x000000007FFE1B0B 000028 (v01 BOCHS  BXPC     00000001 BXPC 00000001)
[    0.002313] ACPI: Reserving FACP table memory at [mem 0x7ffe19df-0x7ffe1a52]
[    0.002313] ACPI: Reserving DSDT table memory at [mem 0x7ffe0040-0x7ffe19de]
[    0.002314] ACPI: Reserving FACS table memory at [mem 0x7ffe0000-0x7ffe003f]
[    0.002314] ACPI: Reserving APIC table memory at [mem 0x7ffe1a53-0x7ffe1ad2]
[    0.002315] ACPI: Reserving HPET table memory at [mem 0x7ffe1ad3-0x7ffe1b0a]
[    0.002315] ACPI: Reserving WAET table memory at [mem 0x7ffe1b0b-0x7ffe1b32]
[    0.002485] No NUMA configuration found
[    0.002486] Faking a node at [mem 0x0000000000000000-0x000000007ffdffff]
[    0.002487] NODE_DATA(0) allocated [mem 0x7fe8e000-0x7fe91fff]
[    0.002494] Zone ranges:
[    0.002494]   DMA      [mem 0x0000000000001000-0x0000000000ffffff]
[    0.002495]   DMA32    [mem 0x0000000001000000-0x000000007ffdffff]
[    0.002496]   Normal   empty
[    0.002497] Movable zone start for each node
[    0.002497] Early memory node ranges
[    0.002497]   node   0: [mem 0x0000000000001000-0x000000000009efff]
[    0.002498]   node   0: [mem 0x0000000000100000-0x000000007ffdffff]
[    0.002499] Initmem setup node 0 [mem 0x0000000000001000-0x000000007ffdffff]
[    0.003151] On node 0, zone DMA: 1 pages in unavailable ranges
[    0.003185] On node 0, zone DMA: 97 pages in unavailable ranges
[    0.015600] On node 0, zone DMA32: 32 pages in unavailable ranges
[    0.135439] kasan: KernelAddressSanitizer initialized
[    0.135631] ACPI: PM-Timer IO Port: 0x608
[    0.135638] ACPI: LAPIC_NMI (acpi_id[0xff] dfl dfl lint[0x1])
[    0.135666] IOAPIC[0]: apic_id 0, version 17, address 0xfec00000, GSI 0-23
[    0.135668] ACPI: INT_SRC_OVR (bus 0 bus_irq 0 global_irq 2 dfl dfl)
[    0.135670] ACPI: INT_SRC_OVR (bus 0 bus_irq 5 global_irq 5 high level)
[    0.135671] ACPI: INT_SRC_OVR (bus 0 bus_irq 9 global_irq 9 high level)
[    0.135671] ACPI: INT_SRC_OVR (bus 0 bus_irq 10 global_irq 10 high level)
[    0.135672] ACPI: INT_SRC_OVR (bus 0 bus_irq 11 global_irq 11 high level)
[    0.135674] ACPI: Using ACPI (MADT) for SMP configuration information
[    0.135674] ACPI: HPET id: 0x8086a201 base: 0xfed00000
[    0.135677] TSC deadline timer available
[    0.135678] smpboot: Allowing 2 CPUs, 0 hotplug CPUs
[    0.135694] kvm-guest: KVM setup pv remote TLB flush
[    0.135696] kvm-guest: setup PV sched yield
[    0.135701] PM: hibernation: Registered nosave memory: [mem 0x00000000-0x00000fff]
[    0.135702] PM: hibernation: Registered nosave memory: [mem 0x0009f000-0x0009ffff]
[    0.135702] PM: hibernation: Registered nosave memory: [mem 0x000a0000-0x000effff]
[    0.135703] PM: hibernation: Registered nosave memory: [mem 0x000f0000-0x000fffff]
[    0.135704] [mem 0x80000000-0xfeffbfff] available for PCI devices
[    0.135705] Booting paravirtualized kernel on KVM
[    0.135706] clocksource: refined-jiffies: mask: 0xffffffff max_cycles: 0xffffffff, max_idle_ns: 1910969940391419 ns
[    0.143335] setup_percpu: NR_CPUS:64 nr_cpumask_bits:2 nr_cpu_ids:2 nr_node_ids:1
[    0.145816] percpu: Embedded 66 pages/cpu s232104 r8192 d30040 u1048576
[    0.145843] Kernel command line: console=ttyS0 oops=panic nokaslr rdinit=/init
[    0.145885] random: crng init done
[    0.146880] Dentry cache hash table entries: 262144 (order: 9, 2097152 bytes, linear)
[    0.147448] Inode-cache hash table entries: 131072 (order: 8, 1048576 bytes, linear)
[    0.147482] Fallback order for Node 0: 0 
[    0.147485] Built 1 zonelists, mobility grouping on.  Total pages: 515808
[    0.147486] Policy zone: DMA32
[    0.147487] mem auto-init: stack:all(zero), heap alloc:off, heap free:off
[    0.147487] stackdepot: allocating hash table via alloc_large_system_hash
[    0.152070] stackdepot hash table entries: 1048576 (order: 11, 8388608 bytes, linear)
[    0.171345] Memory: 1692960K/2096632K available (49152K kernel code, 7982K rwdata, 10188K rodata, 5648K init, 2896K bss, 403416K reserved, 0K cma-reserved)
[    0.171461] SLUB: HWalign=64, Order=0-3, MinObjects=0, CPUs=2, Nodes=1
[    0.172370] Dynamic Preempt: voluntary
[    0.174584] rcu: Preemptible hierarchical RCU implementation.
[    0.174585] rcu: 	RCU event tracing is enabled.
[    0.174585] rcu: 	RCU restricting CPUs from NR_CPUS=64 to nr_cpu_ids=2.
[    0.174586] 	Trampoline variant of Tasks RCU enabled.
[    0.174587] rcu: RCU calculated value of scheduler-enlistment delay is 100 jiffies.
[    0.174588] rcu: Adjusting geometry for rcu_fanout_leaf=16, nr_cpu_ids=2
[    0.180298] NR_IRQS: 4352, nr_irqs: 440, preallocated irqs: 16
[    0.180499] rcu: srcu_init: Setting srcu_struct sizes based on contention.
[    0.182671] Console: colour VGA+ 80x25
[    0.182696] printk: console [ttyS0] enabled
[    0.219658] ACPI: Core revision 20230331
[    0.220009] clocksource: hpet: mask: 0xffffffff max_cycles: 0xffffffff, max_idle_ns: 19112604467 ns
[    0.220575] APIC: Switch to symmetric I/O mode setup
[    0.220854] kvm-guest: setup PV IPIs
[    0.221676] ..TIMER: vector=0x30 apic1=0 pin1=2 apic2=-1 pin2=-1
[    0.222024] clocksource: tsc-early: mask: 0xffffffffffffffff max_cycles: 0x2df10e7656b, max_idle_ns: 440795364873 ns
[    0.222621] Calibrating delay loop (skipped) preset value.. 6374.40 BogoMIPS (lpj=3187200)
[    0.223155] x86/cpu: User Mode Instruction Prevention (UMIP) activated
[    0.223564] Last level iTLB entries: 4KB 0, 2MB 0, 4MB 0
[    0.223617] Last level dTLB entries: 4KB 0, 2MB 0, 4MB 0, 1GB 0
[    0.223953] Spectre V1 : Mitigation: usercopy/swapgs barriers and __user pointer sanitization
[    0.224619] Spectre V2 : Mitigation: Enhanced / Automatic IBRS
[    0.224958] Spectre V2 : Spectre v2 / SpectreRSB mitigation: Filling RSB on context switch
[    0.225418] Spectre V2 : Spectre v2 / PBRSB-eIBRS: Retire a single CALL on VMEXIT
[    0.225618] Spectre V2 : mitigation: Enabling conditional Indirect Branch Prediction Barrier
[    0.226097] Speculative Store Bypass: Mitigation: Speculative Store Bypass disabled via prctl
[    0.226617] MMIO Stale Data: Unknown: No mitigations
[    0.226913] x86/fpu: Supporting XSAVE feature 0x001: 'x87 floating point registers'
[    0.227617] x86/fpu: Supporting XSAVE feature 0x002: 'SSE registers'
[    0.227993] x86/fpu: Supporting XSAVE feature 0x004: 'AVX registers'
[    0.228359] x86/fpu: Supporting XSAVE feature 0x200: 'Protection Keys User registers'
[    0.228617] x86/fpu: xstate_offset[2]:  576, xstate_sizes[2]:  256
[    0.228974] x86/fpu: xstate_offset[9]:  832, xstate_sizes[9]:    8
[    0.229617] x86/fpu: Enabled xstate features 0x207, context size is 840 bytes, using 'compacted' format.
[    0.245543] Freeing SMP alternatives memory: 44K
[    0.245618] pid_max: default: 32768 minimum: 301
[    0.245925] LSM: initializing lsm=capability,selinux,integrity
[    0.246271] SELinux:  Initializing.
[    0.246675] Mount-cache hash table entries: 4096 (order: 3, 32768 bytes, linear)
[    0.247104] Mountpoint-cache hash table entries: 4096 (order: 3, 32768 bytes, linear)
[    0.248976] smpboot: CPU0: Intel(R) Core(TM) i9-14900K (family: 0x6, model: 0xb7, stepping: 0x1)
[    0.249617] RCU Tasks: Setting shift to 1 and lim to 1 rcu_task_cb_adjust=1.
[    0.249634] Performance Events: unsupported p6 CPU model 183 no PMU driver, software events only.
[    0.250158] signal: max sigframe size: 3632
[    0.250430] rcu: Hierarchical SRCU implementation.
[    0.250619] rcu: 	Max phase no-delay instances is 400.
[    0.251274] smp: Bringing up secondary CPUs ...
[    0.251658] smpboot: x86: Booting SMP configuration:
[    0.251945] .... node  #0, CPUs:      #1
[    0.252011] smp: Brought up 1 node, 2 CPUs
[    0.252619] smpboot: Max logical packages: 1
[    0.252868] smpboot: Total of 2 processors activated (12748.80 BogoMIPS)
[    0.253661] devtmpfs: initialized
[    0.255958] clocksource: jiffies: mask: 0xffffffff max_cycles: 0xffffffff, max_idle_ns: 1911260446275000 ns
[    0.256621] futex hash table entries: 512 (order: 3, 32768 bytes, linear)
[    0.257111] PM: RTC time: 11:24:52, date: 2026-05-05
[    0.257510] NET: Registered PF_NETLINK/PF_ROUTE protocol family
[    0.257808] audit: initializing netlink subsys (disabled)
[    0.258154] audit: type=2000 audit(1777980292.533:1): state=initialized audit_enabled=0 res=1
[    0.258154] thermal_sys: Registered thermal governor 'step_wise'
[    0.258619] thermal_sys: Registered thermal governor 'user_space'
[    0.258980] cpuidle: using governor menu
[    0.259755] PCI: Using configuration type 1 for base access
[    0.260208] kprobes: kprobe jump-optimization is enabled. All kprobes are optimized if possible.
[    0.262747] HugeTLB: registered 2.00 MiB page size, pre-allocated 0 pages
[    0.263149] HugeTLB: 28 KiB vmemmap can be freed for a 2.00 MiB page
[    0.263749] ACPI: Added _OSI(Module Device)
[    0.263996] ACPI: Added _OSI(Processor Device)
[    0.264259] ACPI: Added _OSI(3.0 _SCP Extensions)
[    0.264535] ACPI: Added _OSI(Processor Aggregator Device)
[    0.271472] ACPI: 1 ACPI AML tables successfully acquired and loaded
[    0.316117] ACPI: Interpreter enabled
[    0.316362] ACPI: PM: (supports S0 S3 S4 S5)
[    0.316618] ACPI: Using IOAPIC for interrupt routing
[    0.316935] PCI: Using host bridge windows from ACPI; if necessary, use "pci=nocrs" and report a bug
[    0.317467] PCI: Using E820 reservations for host bridge windows
[    0.317948] ACPI: Enabled 2 GPEs in block 00 to 0F
[    0.328032] ACPI: PCI Root Bridge [PCI0] (domain 0000 [bus 00-ff])
[    0.328400] acpi PNP0A03:00: _OSC: OS supports [ASPM ClockPM Segments MSI HPX-Type3]
[    0.328618] acpi PNP0A03:00: _OSC: not requesting OS control; OS requires [ExtendedConfig ASPM ClockPM MSI]
[    0.329230] acpi PNP0A03:00: fail to add MMCONFIG information, can't access extended configuration space under this bridge
[    0.329766] PCI host bridge to bus 0000:00
[    0.330009] pci_bus 0000:00: root bus resource [io  0x0000-0x0cf7 window]
[    0.330402] pci_bus 0000:00: root bus resource [io  0x0d00-0xffff window]
[    0.330619] pci_bus 0000:00: root bus resource [mem 0x000a0000-0x000bffff window]
[    0.331051] pci_bus 0000:00: root bus resource [mem 0x80000000-0xfebfffff window]
[    0.331483] pci_bus 0000:00: root bus resource [mem 0x100000000-0x17fffffff window]
[    0.331619] pci_bus 0000:00: root bus resource [bus 00-ff]
[    0.331983] pci 0000:00:00.0: [8086:1237] type 00 class 0x060000
[    0.336054] pci 0000:00:01.0: [8086:7000] type 00 class 0x060100
[    0.340134] pci 0000:00:01.1: [8086:7010] type 00 class 0x010180
[    0.341405] pci 0000:00:01.1: reg 0x20: [io  0xc040-0xc04f]
[    0.341966] pci 0000:00:01.1: legacy IDE quirk: reg 0x10: [io  0x01f0-0x01f7]
[    0.342377] pci 0000:00:01.1: legacy IDE quirk: reg 0x14: [io  0x03f6]
[    0.342618] pci 0000:00:01.1: legacy IDE quirk: reg 0x18: [io  0x0170-0x0177]
[    0.343031] pci 0000:00:01.1: legacy IDE quirk: reg 0x1c: [io  0x0376]
[    0.343550] pci 0000:00:01.3: [8086:7113] type 00 class 0x068000
[    0.343843] pci 0000:00:01.3: quirk: [io  0x0600-0x063f] claimed by PIIX4 ACPI
[    0.344264] pci 0000:00:01.3: quirk: [io  0x0700-0x070f] claimed by PIIX4 SMB
[    0.344765] pci 0000:00:02.0: [1234:1111] type 00 class 0x030000
[    0.345624] pci 0000:00:02.0: reg 0x10: [mem 0xfd000000-0xfdffffff pref]
[    0.346809] pci 0000:00:02.0: reg 0x18: [mem 0xfebf0000-0xfebf0fff]
[    0.348603] pci 0000:00:02.0: reg 0x30: [mem 0xfebe0000-0xfebeffff pref]
[    0.348669] pci 0000:00:02.0: Video device with shadowed ROM at [mem 0x000c0000-0x000dffff]
[    0.352725] pci 0000:00:03.0: [8086:100e] type 00 class 0x020000
[    0.353362] pci 0000:00:03.0: reg 0x10: [mem 0xfebc0000-0xfebdffff]
[    0.353884] pci 0000:00:03.0: reg 0x14: [io  0xc000-0xc03f]
[    0.355524] pci 0000:00:03.0: reg 0x30: [mem 0xfeb80000-0xfebbffff pref]
[    0.360100] ACPI: PCI: Interrupt link LNKA configured for IRQ 10
[    0.360801] ACPI: PCI: Interrupt link LNKB configured for IRQ 10
[    0.361495] ACPI: PCI: Interrupt link LNKC configured for IRQ 11
[    0.361960] ACPI: PCI: Interrupt link LNKD configured for IRQ 11
[    0.362444] ACPI: PCI: Interrupt link LNKS configured for IRQ 9
[    0.363502] iommu: Default domain type: Translated
[    0.363618] iommu: DMA domain TLB invalidation policy: lazy mode
[    0.364135] SCSI subsystem initialized
[    0.364364] ACPI: bus type USB registered
[    0.364645] usbcore: registered new interface driver usbfs
[    0.364976] usbcore: registered new interface driver hub
[    0.365297] usbcore: registered new device driver usb
[    0.365634] pps_core: LinuxPPS API ver. 1 registered
[    0.365922] pps_core: Software ver. 5.3.6 - Copyright 2005-2007 Rodolfo Giometti <giometti@linux.it>
[    0.366454] PTP clock support registered
[    0.366674] Advanced Linux Sound Architecture Driver Initialized.
[    0.367338] NetLabel: Initializing
[    0.367618] NetLabel:  domain hash size = 128
[    0.367872] NetLabel:  protocols = UNLABELED CIPSOv4 CALIPSO
[    0.368233] NetLabel:  unlabeled traffic allowed by default
[    0.368639] PCI: Using ACPI for IRQ routing
[    0.368948] pci 0000:00:02.0: vgaarb: setting as boot VGA device
[    0.368997] pci 0000:00:02.0: vgaarb: bridge control possible
[    0.369340] pci 0000:00:02.0: vgaarb: VGA device added: decodes=io+mem,owns=io+mem,locks=none
[    0.369618] vgaarb: loaded
[    0.369831] hpet0: at MMIO 0xfed00000, IRQs 2, 8, 0
[    0.370119] hpet0: 3 comparators, 64-bit 100.000000 MHz counter
[    0.374649] clocksource: Switched to clocksource kvm-clock
[    0.375145] VFS: Disk quotas dquot_6.6.0
[    0.375382] VFS: Dquot-cache hash table entries: 512 (order 0, 4096 bytes)
[    0.376382] pnp: PnP ACPI init
[    0.377564] pnp: PnP ACPI: found 6 devices
[    0.385394] clocksource: acpi_pm: mask: 0xffffff max_cycles: 0xffffff, max_idle_ns: 2085701024 ns
[    0.385951] NET: Registered PF_INET protocol family
[    0.386283] IP idents hash table entries: 32768 (order: 6, 262144 bytes, linear)
[    0.387094] tcp_listen_portaddr_hash hash table entries: 1024 (order: 2, 16384 bytes, linear)
[    0.387589] Table-perturb hash table entries: 65536 (order: 6, 262144 bytes, linear)
[    0.388043] TCP established hash table entries: 16384 (order: 5, 131072 bytes, linear)
[    0.388513] TCP bind hash table entries: 16384 (order: 7, 524288 bytes, linear)
[    0.388958] TCP: Hash tables configured (established 16384 bind 16384)
[    0.389371] UDP hash table entries: 1024 (order: 3, 32768 bytes, linear)
[    0.389761] UDP-Lite hash table entries: 1024 (order: 3, 32768 bytes, linear)
[    0.390231] NET: Registered PF_UNIX/PF_LOCAL protocol family
[    0.390695] RPC: Registered named UNIX socket transport module.
[    0.391040] RPC: Registered udp transport module.
[    0.391316] RPC: Registered tcp transport module.
[    0.391590] RPC: Registered tcp-with-tls transport module.
[    0.391908] RPC: Registered tcp NFSv4.1 backchannel transport module.
[    0.392576] pci_bus 0000:00: resource 4 [io  0x0000-0x0cf7 window]
[    0.392939] pci_bus 0000:00: resource 5 [io  0x0d00-0xffff window]
[    0.393309] pci_bus 0000:00: resource 6 [mem 0x000a0000-0x000bffff window]
[    0.393725] pci_bus 0000:00: resource 7 [mem 0x80000000-0xfebfffff window]
[    0.394142] pci_bus 0000:00: resource 8 [mem 0x100000000-0x17fffffff window]
[    0.394651] pci 0000:00:01.0: PIIX3: Enabling Passive Release
[    0.395006] pci 0000:00:00.0: Limiting direct PCI/PCI transfers
[    0.395393] PCI: CLS 0 bytes, default 64
[    0.395763] Unpacking initramfs...
[    0.399210] RAPL PMU: API unit is 2^-32 Joules, 0 fixed counters, 10737418240 ms ovfl timer
[    0.399726] clocksource: tsc: mask: 0xffffffffffffffff max_cycles: 0x2df10e7656b, max_idle_ns: 440795364873 ns
[    0.405336] Initialise system trusted keyrings
[    0.405827] workingset: timestamp_bits=56 max_order=19 bucket_order=0
[    0.406504] NFS: Registering the id_resolver key type
[    0.406823] Key type id_resolver registered
[    0.407083] Key type id_legacy registered
[    0.407371] 9p: Installing v9fs 9p2000 file system support
[    0.409324] Freeing initrd memory: 1336K
[    0.412451] Key type asymmetric registered
[    0.412721] Asymmetric key parser 'x509' registered
[    0.413024] Block layer SCSI generic (bsg) driver version 0.4 loaded (major 251)
[    0.413468] io scheduler mq-deadline registered
[    0.413732] io scheduler kyber registered
[    0.414127] input: Power Button as /devices/LNXSYSTM:00/LNXPWRBN:00/input/input0
[    0.414647] ACPI: button: Power Button [PWRF]
[    0.415236] Serial: 8250/16550 driver, 4 ports, IRQ sharing enabled
[    0.415757] 00:04: ttyS0 at I/O 0x3f8 (irq = 4, base_baud = 115200) is a 16550A
[    0.416825] Non-volatile memory driver v1.3
[    0.417073] Linux agpgart interface v0.103
[    0.417384] ACPI: bus type drm_connector registered
[    0.421623] loop: module loaded
[    0.422928] scsi host0: ata_piix
[    0.423330] scsi host1: ata_piix
[    0.423602] ata1: PATA max MWDMA2 cmd 0x1f0 ctl 0x3f6 bmdma 0xc040 irq 14
[    0.423999] ata2: PATA max MWDMA2 cmd 0x170 ctl 0x376 bmdma 0xc048 irq 15
[    0.424795] e100: Intel(R) PRO/100 Network Driver
[    0.425072] e100: Copyright(c) 1999-2006 Intel Corporation
[    0.425405] e1000: Intel(R) PRO/1000 Network Driver
[    0.425689] e1000: Copyright (c) 1999-2006 Intel Corporation.
[    0.581293] ata2: found unknown device (class 0)
[    0.581905] ata2.00: ATAPI: QEMU DVD-ROM, 2.5+, max UDMA/100
[    0.582850] scsi 1:0:0:0: CD-ROM            QEMU     QEMU DVD-ROM     2.5+ PQ: 0 ANSI: 5
[    0.619390] sr 1:0:0:0: [sr0] scsi3-mmc drive: 4x/4x cd/rw xa/form2 tray
[    0.619781] cdrom: Uniform CD-ROM driver Revision: 3.20
[    0.625874] sr 1:0:0:0: Attached scsi generic sg0 type 5
[    0.722156] ACPI: \_SB_.LNKC: Enabled at IRQ 11
[    1.010724] e1000 0000:00:03.0 eth0: (PCI:33MHz:32-bit) 52:54:00:12:34:56
[    1.011159] e1000 0000:00:03.0 eth0: Intel(R) PRO/1000 Network Connection
[    1.011588] e1000e: Intel(R) PRO/1000 Network Driver
[    1.011876] e1000e: Copyright(c) 1999 - 2015 Intel Corporation.
[    1.012241] sky2: driver version 1.30
[    1.012755] usbcore: registered new interface driver usblp
[    1.013098] usbcore: registered new interface driver usb-storage
[    1.013509] i8042: PNP: PS/2 Controller [PNP0303:KBD,PNP0f13:MOU] at 0x60,0x64 irq 1,12
[    1.014430] serio: i8042 KBD port at 0x60,0x64 irq 1
[    1.014724] serio: i8042 AUX port at 0x60,0x64 irq 12
[    1.015383] rtc_cmos 00:05: RTC can wake from S4
[    1.015753] input: AT Translated Set 2 keyboard as /devices/platform/i8042/serio0/input/input1
[    1.017881] rtc_cmos 00:05: registered as rtc0
[    1.018760] rtc_cmos 00:05: alarms up to one day, y3k, 242 bytes nvram, hpet irqs
[    1.020635] device-mapper: ioctl: 4.48.0-ioctl (2023-03-01) initialised: dm-devel@redhat.com
[    1.022135] intel_pstate: CPU model not supported
[    1.023041] hid: raw HID events driver (C) Jiri Kosina
[    1.024367] usbcore: registered new interface driver usbhid
[    1.025360] usbhid: USB HID core driver
[    1.026381] u32 classifier
[    1.026865]     input device check on
[    1.027527]     Actions configured
[    1.029005] Initializing XFRM netlink socket
[    1.029889] NET: Registered PF_INET6 protocol family
[    1.031132] Segment Routing with IPv6
[    1.031363] In-situ OAM (IOAM) with IPv6
[    1.031636] sit: IPv6, IPv4 and MPLS over IPv4 tunneling driver
[    1.032200] NET: Registered PF_PACKET protocol family
[    1.032526] 9pnet: Installing 9P2000 support
[    1.032795] Key type dns_resolver registered
[    1.033265] IPI shorthand broadcast: enabled
[    1.042599] sched_clock: Marking stable (1002000963, 40113042)->(1048341119, -6227114)
[    1.043210] registered taskstats version 1
[    1.043452] Loading compiled-in X.509 certificates
[    1.049680] PM:   Magic number: 10:907:427
[    1.049961] printk: console [netcon0] enabled
[    1.050235] netconsole: network logging started
[    1.050579] cfg80211: Loading compiled-in X.509 certificates for regulatory database
[    1.051189] kworker/u4:0 (51) used greatest stack depth: 29520 bytes left
[    1.051833] Loaded X.509 cert 'sforshee: 00b28ddf47aef9cea7'
[    1.052189] ALSA device list:
[    1.052370]   No soundcards found.
[    1.053291] Freeing unused kernel image (initmem) memory: 5648K
[    1.053572] platform regulatory.0: Direct firmware load for regulatory.db failed with error -2
[    1.053905] cfg80211: failed to load regulatory.db
[    1.062132] Write protecting the kernel read-only data: 59392k
[    1.062437] Freeing unused kernel image (rodata/data gap) memory: 52K
[    1.070129] x86/mm: Checked W+X mappings: passed, no W+X pages found.
[    1.070414] Run /init as init process
[    1.072093] mount (55) used greatest stack depth: 28760 bytes left

secb: rootfs ready
---- poc begin ----
poc: start: CVE-2023-4208 cls_u32 UAF (tcf_result copy on update)
[    1.639757] input: ImExPS/2 Generic Explorer Mouse as /devices/platform/i8042/serio1/input/input3
[    2.131550] poc (61) used greatest stack depth: 27504 bytes left
poc: done
---- poc end rc=0 ----
secb: poc exited without crashing the kernel
[    2.157496] ==================================================================
[    2.159137] BUG: KASAN: slab-use-after-free in htb_unbind_filter+0x42/0x50
[    2.160767] Read of size 4 at addr ffff88800a0a1078 by task kworker/u4:0/10
[    2.162345] 
[    2.162763] CPU: 0 PID: 10 Comm: kworker/u4:0 Not tainted 6.5.0-rc3-00171-g611e1b016c7b-dirty #1
[    2.164621] Hardware name: QEMU Standard PC (i440FX + PIIX, 1996), BIOS 1.16.2-debian-1.16.2-1 04/01/2014
[    2.166747] Workqueue: netns cleanup_net
[    2.167765] Call Trace:
[    2.168337]  <TASK>
[    2.168833]  dump_stack_lvl+0x36/0x50
[    2.169602]  print_report+0xcf/0x660
[    2.170410]  ? htb_unbind_filter+0x42/0x50
[    2.171367]  kasan_report+0xc7/0x100
[    2.172207]  ? htb_unbind_filter+0x42/0x50
[    2.173105]  htb_unbind_filter+0x42/0x50
[    2.173943]  u32_clear_hnode+0x286/0x560
[    2.174717]  ? __pfx_u32_clear_hnode+0x10/0x10
[    2.175574]  u32_destroy_hnode.isra.0+0x73/0x1d0
[    2.176463]  u32_destroy+0x250/0x310
[    2.177161]  tcf_proto_destroy+0x69/0x2c0
[    2.177712]  tcf_chain_flush+0x183/0x2e0
[    2.178143]  __tcf_block_put+0xf3/0x2b0
[    2.178570]  ? tcf_block_put+0xb8/0x110
[    2.178993]  tcf_block_put+0xcb/0x110
[    2.179393]  ? __pfx_tcf_block_put+0x10/0x10
[    2.179865]  ? hrtimer_try_to_cancel+0x1d/0x350
[    2.180369]  htb_destroy+0x110/0xc70
[    2.180762]  ? hrtimer_try_to_cancel+0x1d/0x350
[    2.181261]  ? __pfx_ndisc_netdev_event+0x10/0x10
[    2.181771]  ? __pfx_htb_destroy+0x10/0x10
[    2.182220]  ? rtnl_is_locked+0x10/0x20
[    2.182643]  ? htb_reset+0x26e/0x4a0
[    2.183038]  ? qdisc_reset+0x6a/0x530
[    2.183390]  ? dev_close_many+0x227/0x400
[    2.183647]  __qdisc_destroy+0x96/0x260
[    2.183892]  dev_shutdown+0x1f8/0x360
[    2.184130]  unregister_netdevice_many_notify+0x65a/0x1450
[    2.184476]  ? __pfx_unregister_netdevice_many_notify+0x10/0x10
[    2.184847]  ? unregister_netdevice_queue+0x68/0x280
[    2.185163]  ? __pfx_unregister_netdevice_queue+0x10/0x10
[    2.185503]  ? __pfx_mutex_lock+0x10/0x10
[    2.185758]  ? __pfx_netdev_run_todo+0x10/0x10
[    2.186043]  default_device_exit_batch+0x392/0x500
[    2.186345]  ? __pfx_default_device_exit_batch+0x10/0x10
[    2.186679]  ? ops_exit_list+0x91/0x140
[    2.186926]  cleanup_net+0x3b3/0x980
[    2.187162]  ? __pfx_cleanup_net+0x10/0x10
[    2.187423]  ? _raw_spin_lock_irq+0x81/0xe0
[    2.187690]  ? read_word_at_a_time+0xe/0x20
[    2.187961]  ? strscpy+0xad/0x290
[    2.188178]  process_one_work+0x801/0x1500
[    2.188441]  worker_thread+0xed/0x1390
[    2.188683]  ? __pfx_worker_thread+0x10/0x10
[    2.188912]  kthread+0x29b/0x370
[    2.189045]  ? __pfx_kthread+0x10/0x10
[    2.189193]  ret_from_fork+0x2c/0x70
[    2.189336]  ? __pfx_kthread+0x10/0x10
[    2.189484]  ret_from_fork_asm+0x1b/0x30
[    2.189640] RIP: 0000:0x0
[    2.189749] Code: Unable to access opcode bytes at 0xffffffffffffffd6.
[    2.190000] RSP: 0000:0000000000000000 EFLAGS: 00000000 ORIG_RAX: 0000000000000000
[    2.190290] RAX: 0000000000000000 RBX: 0000000000000000 RCX: 0000000000000000
[    2.190564] RDX: 0000000000000000 RSI: 0000000000000000 RDI: 0000000000000000
[    2.190836] RBP: 0000000000000000 R08: 0000000000000000 R09: 0000000000000000
[    2.191111] R10: 0000000000000000 R11: 0000000000000000 R12: 0000000000000000
[    2.191384] R13: 0000000000000000 R14: 0000000000000000 R15: 0000000000000000
[    2.191658]  </TASK>
[    2.191748] 
[    2.191813] Allocated by task 61:
[    2.191945]  kasan_save_stack+0x33/0x60
[    2.192098]  kasan_set_track+0x25/0x30
[    2.192246]  __kasan_kmalloc+0x8f/0xa0
[    2.192394]  htb_change_class+0xee4/0x3050
[    2.192554]  tc_ctl_tclass+0x3cf/0xf40
[    2.192702]  rtnetlink_rcv_msg+0x35d/0x9d0
[    2.192863]  netlink_rcv_skb+0x12f/0x370
[    2.193019]  netlink_unicast+0x588/0x7f0
[    2.193172]  netlink_sendmsg+0x7b7/0xc60
[    2.193326]  sock_sendmsg+0x13d/0x180
[    2.193471]  ____sys_sendmsg+0x5c5/0x7f0
[    2.193625]  ___sys_sendmsg+0x100/0x180
[    2.193776]  __sys_sendmsg+0xe6/0x190
[    2.193921]  do_syscall_64+0x3b/0x90
[    2.194065]  entry_SYSCALL_64_after_hwframe+0x6e/0xd8
[    2.194262] 
[    2.194327] Freed by task 61:
[    2.194446]  kasan_save_stack+0x33/0x60
[    2.194597]  kasan_set_track+0x25/0x30
[    2.194745]  kasan_save_free_info+0x2b/0x50
[    2.194908]  __kasan_slab_free+0x10a/0x180
[    2.195071]  __kmem_cache_free+0x82/0x1c0
[    2.195228]  htb_delete+0x4ec/0xce0
[    2.195367]  tc_ctl_tclass+0x9af/0xf40
[    2.195515]  rtnetlink_rcv_msg+0x35d/0x9d0
[    2.195675]  netlink_rcv_skb+0x12f/0x370
[    2.195829]  netlink_unicast+0x588/0x7f0
[    2.195984]  netlink_sendmsg+0x7b7/0xc60
[    2.196139]  sock_sendmsg+0x13d/0x180
[    2.196284]  ____sys_sendmsg+0x5c5/0x7f0
[    2.196437]  ___sys_sendmsg+0x100/0x180
[    2.196588]  __sys_sendmsg+0xe6/0x190
[    2.196733]  do_syscall_64+0x3b/0x90
[    2.196874]  entry_SYSCALL_64_after_hwframe+0x6e/0xd8
[    2.197071] 
[    2.197136] The buggy address belongs to the object at ffff88800a0a1000
[    2.197136]  which belongs to the cache kmalloc-1k of size 1024
[    2.197607] The buggy address is located 120 bytes inside of
[    2.197607]  freed 1024-byte region [ffff88800a0a1000, ffff88800a0a1400)
[    2.198074] 
[    2.198139] The buggy address belongs to the physical page:
[    2.198355] page:0000000015bd4e2f refcount:1 mapcount:0 mapping:0000000000000000 index:0x0 pfn:0xa0a0
[    2.198706] head:0000000015bd4e2f order:3 entire_mapcount:0 nr_pages_mapped:0 pincount:0
[    2.199016] flags: 0x100000000010200(slab|head|node=0|zone=1)
[    2.199240] page_type: 0xffffffff()
[    2.199379] raw: 0100000000010200 ffff888006441dc0 dead000000000122 0000000000000000
[    2.199675] raw: 0000000000000000 0000000080100010 00000001ffffffff 0000000000000000
[    2.199971] page dumped because: kasan: bad access detected
[    2.200185] 
[    2.200250] Memory state around the buggy address:
[    2.200436]  ffff88800a0a0f00: fc fc fc fc fc fc fc fc fc fc fc fc fc fc fc fc
[    2.200713]  ffff88800a0a0f80: fc fc fc fc fc fc fc fc fc fc fc fc fc fc fc fc
[    2.200992] >ffff88800a0a1000: fa fb fb fb fb fb fb fb fb fb fb fb fb fb fb fb
[    2.201268]                                                                 ^
[    2.201541]  ffff88800a0a1080: fb fb fb fb fb fb fb fb fb fb fb fb fb fb fb fb
[    2.201817]  ffff88800a0a1100: fb fb fb fb fb fb fb fb fb fb fb fb fb fb fb fb
[    2.202095] ==================================================================
[    2.202377] Disabling lock debugging due to kernel taint
[    3.369673] ACPI: PM: Preparing to enter system sleep state S5
[    3.369970] reboot: Power down
CONFIRMED: KASAN_UAF
