bash: warning: setlocale: LC_ALL: cannot change locale (en_US.UTF-8)
c[?7l[2J[0mSeaBIOS (version 1.16.2-debian-1.16.2-1)


iPXE (http://ipxe.org) 00:03.0 CA00 PCI2.10 PnP PMM+7EFCEF00+7EF0EF00 CA00
Press Ctrl-B to configure iPXE (PCI 00:03.0)...                                                                               


Booting from ROM..c[?7l[2J[    0.000000] Linux version 6.5.0-rc3-00173-g5c5192c9dbe8-dirty (root@buildkitsandbox) (gcc (Debian 12.2.0-14+deb12u1) 12.2.0, GNU ld (GNU Binutils for Debian) 2.40) #2 SMP PREEMPT_DYNAMIC Tue May  5 11:25:39 UTC 2026
[    0.000000] Command line: console=ttyS0 oops=panic nokaslr rdinit=/init
[    0.000000] BIOS-provided physical RAM map:
[    0.000000] BIOS-e820: [mem 0x0000000000000000-0x000000000009fbff] usable
[    0.000000] BIOS-e820: [mem 0x000000000009fc00-0x000000000009ffff] reserved
[    0.000000] BIOS-e820: [mem 0x00000000000f0000-0x00000000000fffff] reserved
[    0.000000] BIOS-e820: [mem 0x0000000000100000-0x000000007ffdffff] usable
[    0.000000] BIOS-e820: [mem 0x000000007ffe0000-0x000000007fffffff] reserved
[    0.000000] BIOS-e820: [mem 0x00000000feffc000-0x00000000feffffff] reserved
[    0.000000] BIOS-e820: [mem 0x00000000fffc0000-0x00000000ffffffff] reserved
[    0.000000] NX (Execute Disable) protection: active
[    0.000000] SMBIOS 2.8 present.
[    0.000000] DMI: QEMU Standard PC (i440FX + PIIX, 1996), BIOS 1.16.2-debian-1.16.2-1 04/01/2014
[    0.000000] Hypervisor detected: KVM
[    0.000000] kvm-clock: Using msrs 4b564d01 and 4b564d00
[    0.000000] kvm-clock: using sched offset of 302429659 cycles
[    0.000002] clocksource: kvm-clock: mask: 0xffffffffffffffff max_cycles: 0x1cd42e4dffb, max_idle_ns: 881590591483 ns
[    0.000004] tsc: Detected 3187.200 MHz processor
[    0.000290] last_pfn = 0x7ffe0 max_arch_pfn = 0x400000000
[    0.000308] MTRR map: 4 entries (3 fixed + 1 variable; max 19), built from 8 variable MTRRs
[    0.000309] x86/PAT: Configuration [0-7]: WB  WC  UC- UC  WB  WP  UC- WT  
[    0.002167] found SMP MP-table at [mem 0x000f5ba0-0x000f5baf]
[    0.002174] Using GB pages for direct mapping
[    0.002175] Incomplete global flushes, disabling PCID
[    0.002261] RAMDISK: [mem 0x7fe92000-0x7ffdffff]
[    0.002265] ACPI: Early table checksum verification disabled
[    0.002266] ACPI: RSDP 0x00000000000F59D0 000014 (v00 BOCHS )
[    0.002269] ACPI: RSDT 0x000000007FFE1B33 000034 (v01 BOCHS  BXPC     00000001 BXPC 00000001)
[    0.002273] ACPI: FACP 0x000000007FFE19DF 000074 (v01 BOCHS  BXPC     00000001 BXPC 00000001)
[    0.002277] ACPI: DSDT 0x000000007FFE0040 00199F (v01 BOCHS  BXPC     00000001 BXPC 00000001)
[    0.002279] ACPI: FACS 0x000000007FFE0000 000040
[    0.002280] ACPI: APIC 0x000000007FFE1A53 000080 (v01 BOCHS  BXPC     00000001 BXPC 00000001)
[    0.002282] ACPI: HPET 0x000000007FFE1AD3 000038 (v01 BOCHS  BXPC     00000001 BXPC 00000001)
[    0.002283] ACPI: WAET 0x000000007FFE1B0B 000028 (v01 BOCHS  BXPC     00000001 BXPC 00000001)
[    0.002284] ACPI: Reserving FACP table memory at [mem 0x7ffe19df-0x7ffe1a52]
[    0.002285] ACPI: Reserving DSDT table memory at [mem 0x7ffe0040-0x7ffe19de]
[    0.002286] ACPI: Reserving FACS table memory at [mem 0x7ffe0000-0x7ffe003f]
[    0.002286] ACPI: Reserving APIC table memory at [mem 0x7ffe1a53-0x7ffe1ad2]
[    0.002287] ACPI: Reserving HPET table memory at [mem 0x7ffe1ad3-0x7ffe1b0a]
[    0.002287] ACPI: Reserving WAET table memory at [mem 0x7ffe1b0b-0x7ffe1b32]
[    0.002467] No NUMA configuration found
[    0.002467] Faking a node at [mem 0x0000000000000000-0x000000007ffdffff]
[    0.002469] NODE_DATA(0) allocated [mem 0x7fe8e000-0x7fe91fff]
[    0.002475] Zone ranges:
[    0.002476]   DMA      [mem 0x0000000000001000-0x0000000000ffffff]
[    0.002477]   DMA32    [mem 0x0000000001000000-0x000000007ffdffff]
[    0.002478]   Normal   empty
[    0.002478] Movable zone start for each node
[    0.002479] Early memory node ranges
[    0.002479]   node   0: [mem 0x0000000000001000-0x000000000009efff]
[    0.002480]   node   0: [mem 0x0000000000100000-0x000000007ffdffff]
[    0.002480] Initmem setup node 0 [mem 0x0000000000001000-0x000000007ffdffff]
[    0.004304] On node 0, zone DMA: 1 pages in unavailable ranges
[    0.004337] On node 0, zone DMA: 97 pages in unavailable ranges
[    0.021531] On node 0, zone DMA32: 32 pages in unavailable ranges
[    0.260544] kasan: KernelAddressSanitizer initialized
[    0.260751] ACPI: PM-Timer IO Port: 0x608
[    0.260757] ACPI: LAPIC_NMI (acpi_id[0xff] dfl dfl lint[0x1])
[    0.260786] IOAPIC[0]: apic_id 0, version 17, address 0xfec00000, GSI 0-23
[    0.260788] ACPI: INT_SRC_OVR (bus 0 bus_irq 0 global_irq 2 dfl dfl)
[    0.260789] ACPI: INT_SRC_OVR (bus 0 bus_irq 5 global_irq 5 high level)
[    0.260790] ACPI: INT_SRC_OVR (bus 0 bus_irq 9 global_irq 9 high level)
[    0.260790] ACPI: INT_SRC_OVR (bus 0 bus_irq 10 global_irq 10 high level)
[    0.260791] ACPI: INT_SRC_OVR (bus 0 bus_irq 11 global_irq 11 high level)
[    0.260793] ACPI: Using ACPI (MADT) for SMP configuration information
[    0.260794] ACPI: HPET id: 0x8086a201 base: 0xfed00000
[    0.260796] TSC deadline timer available
[    0.260797] smpboot: Allowing 2 CPUs, 0 hotplug CPUs
[    0.260814] kvm-guest: KVM setup pv remote TLB flush
[    0.260816] kvm-guest: setup PV sched yield
[    0.260821] PM: hibernation: Registered nosave memory: [mem 0x00000000-0x00000fff]
[    0.260822] PM: hibernation: Registered nosave memory: [mem 0x0009f000-0x0009ffff]
[    0.260823] PM: hibernation: Registered nosave memory: [mem 0x000a0000-0x000effff]
[    0.260823] PM: hibernation: Registered nosave memory: [mem 0x000f0000-0x000fffff]
[    0.260824] [mem 0x80000000-0xfeffbfff] available for PCI devices
[    0.260825] Booting paravirtualized kernel on KVM
[    0.260827] clocksource: refined-jiffies: mask: 0xffffffff max_cycles: 0xffffffff, max_idle_ns: 1910969940391419 ns
[    0.268437] setup_percpu: NR_CPUS:64 nr_cpumask_bits:2 nr_cpu_ids:2 nr_node_ids:1
[    0.271174] percpu: Embedded 66 pages/cpu s232104 r8192 d30040 u1048576
[    0.271199] Kernel command line: console=ttyS0 oops=panic nokaslr rdinit=/init
[    0.271242] random: crng init done
[    0.273631] Dentry cache hash table entries: 262144 (order: 9, 2097152 bytes, linear)
[    0.274911] Inode-cache hash table entries: 131072 (order: 8, 1048576 bytes, linear)
[    0.274944] Fallback order for Node 0: 0 
[    0.274946] Built 1 zonelists, mobility grouping on.  Total pages: 515808
[    0.274947] Policy zone: DMA32
[    0.274948] mem auto-init: stack:all(zero), heap alloc:off, heap free:off
[    0.274949] stackdepot: allocating hash table via alloc_large_system_hash
[    0.280870] stackdepot hash table entries: 1048576 (order: 11, 8388608 bytes, linear)
[    0.300895] Memory: 1692960K/2096632K available (49152K kernel code, 7982K rwdata, 10188K rodata, 5648K init, 2896K bss, 403416K reserved, 0K cma-reserved)
[    0.301012] SLUB: HWalign=64, Order=0-3, MinObjects=0, CPUs=2, Nodes=1
[    0.301966] Dynamic Preempt: voluntary
[    0.303594] rcu: Preemptible hierarchical RCU implementation.
[    0.303595] rcu: 	RCU event tracing is enabled.
[    0.303595] rcu: 	RCU restricting CPUs from NR_CPUS=64 to nr_cpu_ids=2.
[    0.303597] 	Trampoline variant of Tasks RCU enabled.
[    0.303597] rcu: RCU calculated value of scheduler-enlistment delay is 100 jiffies.
[    0.303598] rcu: Adjusting geometry for rcu_fanout_leaf=16, nr_cpu_ids=2
[    0.309450] NR_IRQS: 4352, nr_irqs: 440, preallocated irqs: 16
[    0.309647] rcu: srcu_init: Setting srcu_struct sizes based on contention.
[    0.311835] Console: colour VGA+ 80x25
[    0.311860] printk: console [ttyS0] enabled
[    0.348305] ACPI: Core revision 20230331
[    0.348647] clocksource: hpet: mask: 0xffffffff max_cycles: 0xffffffff, max_idle_ns: 19112604467 ns
[    0.349211] APIC: Switch to symmetric I/O mode setup
[    0.349494] kvm-guest: setup PV IPIs
[    0.350315] ..TIMER: vector=0x30 apic1=0 pin1=2 apic2=-1 pin2=-1
[    0.350667] clocksource: tsc-early: mask: 0xffffffffffffffff max_cycles: 0x2df10e7656b, max_idle_ns: 440795364873 ns
[    0.351263] Calibrating delay loop (skipped) preset value.. 6374.40 BogoMIPS (lpj=3187200)
[    0.351797] x86/cpu: User Mode Instruction Prevention (UMIP) activated
[    0.352276] Last level iTLB entries: 4KB 0, 2MB 0, 4MB 0
[    0.352575] Last level dTLB entries: 4KB 0, 2MB 0, 4MB 0, 1GB 0
[    0.352908] Spectre V1 : Mitigation: usercopy/swapgs barriers and __user pointer sanitization
[    0.353261] Spectre V2 : Mitigation: Enhanced / Automatic IBRS
[    0.353590] Spectre V2 : Spectre v2 / SpectreRSB mitigation: Filling RSB on context switch
[    0.354051] Spectre V2 : Spectre v2 / PBRSB-eIBRS: Retire a single CALL on VMEXIT
[    0.354260] Spectre V2 : mitigation: Enabling conditional Indirect Branch Prediction Barrier
[    0.354732] Speculative Store Bypass: Mitigation: Speculative Store Bypass disabled via prctl
[    0.355261] MMIO Stale Data: Unknown: No mitigations
[    0.355555] x86/fpu: Supporting XSAVE feature 0x001: 'x87 floating point registers'
[    0.356259] x86/fpu: Supporting XSAVE feature 0x002: 'SSE registers'
[    0.356629] x86/fpu: Supporting XSAVE feature 0x004: 'AVX registers'
[    0.356995] x86/fpu: Supporting XSAVE feature 0x200: 'Protection Keys User registers'
[    0.357259] x86/fpu: xstate_offset[2]:  576, xstate_sizes[2]:  256
[    0.357617] x86/fpu: xstate_offset[9]:  832, xstate_sizes[9]:    8
[    0.358259] x86/fpu: Enabled xstate features 0x207, context size is 840 bytes, using 'compacted' format.
[    0.375111] Freeing SMP alternatives memory: 44K
[    0.375262] pid_max: default: 32768 minimum: 301
[    0.375584] LSM: initializing lsm=capability,selinux,integrity
[    0.375930] SELinux:  Initializing.
[    0.376315] Mount-cache hash table entries: 4096 (order: 3, 32768 bytes, linear)
[    0.376751] Mountpoint-cache hash table entries: 4096 (order: 3, 32768 bytes, linear)
[    0.378635] smpboot: CPU0: Intel(R) Core(TM) i9-14900K (family: 0x6, model: 0xb7, stepping: 0x1)
[    0.379258] RCU Tasks: Setting shift to 1 and lim to 1 rcu_task_cb_adjust=1.
[    0.379275] Performance Events: unsupported p6 CPU model 183 no PMU driver, software events only.
[    0.379802] signal: max sigframe size: 3632
[    0.380077] rcu: Hierarchical SRCU implementation.
[    0.380260] rcu: 	Max phase no-delay instances is 400.
[    0.380919] smp: Bringing up secondary CPUs ...
[    0.381296] smpboot: x86: Booting SMP configuration:
[    0.381583] .... node  #0, CPUs:      #1
[    0.381794] smp: Brought up 1 node, 2 CPUs
[    0.382499] smpboot: Max logical packages: 1
[    0.382748] smpboot: Total of 2 processors activated (12748.80 BogoMIPS)
[    0.384322] devtmpfs: initialized
[    0.386618] clocksource: jiffies: mask: 0xffffffff max_cycles: 0xffffffff, max_idle_ns: 1911260446275000 ns
[    0.387262] futex hash table entries: 512 (order: 3, 32768 bytes, linear)
[    0.387756] PM: RTC time: 11:29:22, date: 2026-05-05
[    0.388206] NET: Registered PF_NETLINK/PF_ROUTE protocol family
[    0.388455] audit: initializing netlink subsys (disabled)
[    0.388797] audit: type=2000 audit(1777980562.853:1): state=initialized audit_enabled=0 res=1
[    0.388797] thermal_sys: Registered thermal governor 'step_wise'
[    0.389260] thermal_sys: Registered thermal governor 'user_space'
[    0.389622] cpuidle: using governor menu
[    0.390397] PCI: Using configuration type 1 for base access
[    0.390850] kprobes: kprobe jump-optimization is enabled. All kprobes are optimized if possible.
[    0.393259] HugeTLB: registered 2.00 MiB page size, pre-allocated 0 pages
[    0.393259] HugeTLB: 28 KiB vmemmap can be freed for a 2.00 MiB page
[    0.394351] ACPI: Added _OSI(Module Device)
[    0.394599] ACPI: Added _OSI(Processor Device)
[    0.394858] ACPI: Added _OSI(3.0 _SCP Extensions)
[    0.395130] ACPI: Added _OSI(Processor Aggregator Device)
[    0.402235] ACPI: 1 ACPI AML tables successfully acquired and loaded
[    0.445880] ACPI: Interpreter enabled
[    0.446288] ACPI: PM: (supports S0 S3 S4 S5)
[    0.446539] ACPI: Using IOAPIC for interrupt routing
[    0.446851] PCI: Using host bridge windows from ACPI; if necessary, use "pci=nocrs" and report a bug
[    0.447260] PCI: Using E820 reservations for host bridge windows
[    0.447932] ACPI: Enabled 2 GPEs in block 00 to 0F
[    0.458105] ACPI: PCI Root Bridge [PCI0] (domain 0000 [bus 00-ff])
[    0.458267] acpi PNP0A03:00: _OSC: OS supports [ASPM ClockPM Segments MSI HPX-Type3]
[    0.458711] acpi PNP0A03:00: _OSC: not requesting OS control; OS requires [ExtendedConfig ASPM ClockPM MSI]
[    0.459306] acpi PNP0A03:00: fail to add MMCONFIG information, can't access extended configuration space under this bridge
[    0.460091] PCI host bridge to bus 0000:00
[    0.460261] pci_bus 0000:00: root bus resource [io  0x0000-0x0cf7 window]
[    0.460655] pci_bus 0000:00: root bus resource [io  0x0d00-0xffff window]
[    0.461047] pci_bus 0000:00: root bus resource [mem 0x000a0000-0x000bffff window]
[    0.461261] pci_bus 0000:00: root bus resource [mem 0x80000000-0xfebfffff window]
[    0.461697] pci_bus 0000:00: root bus resource [mem 0x100000000-0x17fffffff window]
[    0.462138] pci_bus 0000:00: root bus resource [bus 00-ff]
[    0.462319] pci 0000:00:00.0: [8086:1237] type 00 class 0x060000
[    0.466442] pci 0000:00:01.0: [8086:7000] type 00 class 0x060100
[    0.470798] pci 0000:00:01.1: [8086:7010] type 00 class 0x010180
[    0.471981] pci 0000:00:01.1: reg 0x20: [io  0xc040-0xc04f]
[    0.472743] pci 0000:00:01.1: legacy IDE quirk: reg 0x10: [io  0x01f0-0x01f7]
[    0.473162] pci 0000:00:01.1: legacy IDE quirk: reg 0x14: [io  0x03f6]
[    0.473260] pci 0000:00:01.1: legacy IDE quirk: reg 0x18: [io  0x0170-0x0177]
[    0.473674] pci 0000:00:01.1: legacy IDE quirk: reg 0x1c: [io  0x0376]
[    0.474207] pci 0000:00:01.3: [8086:7113] type 00 class 0x068000
[    0.474488] pci 0000:00:01.3: quirk: [io  0x0600-0x063f] claimed by PIIX4 ACPI
[    0.474911] pci 0000:00:01.3: quirk: [io  0x0700-0x070f] claimed by PIIX4 SMB
[    0.475406] pci 0000:00:02.0: [1234:1111] type 00 class 0x030000
[    0.476466] pci 0000:00:02.0: reg 0x10: [mem 0xfd000000-0xfdffffff pref]
[    0.477650] pci 0000:00:02.0: reg 0x18: [mem 0xfebf0000-0xfebf0fff]
[    0.479448] pci 0000:00:02.0: reg 0x30: [mem 0xfebe0000-0xfebeffff pref]
[    0.480127] pci 0000:00:02.0: Video device with shadowed ROM at [mem 0x000c0000-0x000dffff]
[    0.483901] pci 0000:00:03.0: [8086:100e] type 00 class 0x020000
[    0.484600] pci 0000:00:03.0: reg 0x10: [mem 0xfebc0000-0xfebdffff]
[    0.485261] pci 0000:00:03.0: reg 0x14: [io  0xc000-0xc03f]
[    0.486963] pci 0000:00:03.0: reg 0x30: [mem 0xfeb80000-0xfebbffff pref]
[    0.491828] ACPI: PCI: Interrupt link LNKA configured for IRQ 10
[    0.492540] ACPI: PCI: Interrupt link LNKB configured for IRQ 10
[    0.493320] ACPI: PCI: Interrupt link LNKC configured for IRQ 11
[    0.494019] ACPI: PCI: Interrupt link LNKD configured for IRQ 11
[    0.494399] ACPI: PCI: Interrupt link LNKS configured for IRQ 9
[    0.495698] iommu: Default domain type: Translated
[    0.495978] iommu: DMA domain TLB invalidation policy: lazy mode
[    0.496445] SCSI subsystem initialized
[    0.496680] ACPI: bus type USB registered
[    0.496680] usbcore: registered new interface driver usbfs
[    0.497277] usbcore: registered new interface driver hub
[    0.497598] usbcore: registered new device driver usb
[    0.497932] pps_core: LinuxPPS API ver. 1 registered
[    0.498220] pps_core: Software ver. 5.3.6 - Copyright 2005-2007 Rodolfo Giometti <giometti@linux.it>
[    0.498268] PTP clock support registered
[    0.498522] Advanced Linux Sound Architecture Driver Initialized.
[    0.499382] NetLabel: Initializing
[    0.499948] NetLabel:  domain hash size = 128
[    0.500261] NetLabel:  protocols = UNLABELED CIPSOv4 CALIPSO
[    0.500635] NetLabel:  unlabeled traffic allowed by default
[    0.501001] PCI: Using ACPI for IRQ routing
[    0.501340] pci 0000:00:02.0: vgaarb: setting as boot VGA device
[    0.501624] pci 0000:00:02.0: vgaarb: bridge control possible
[    0.501960] pci 0000:00:02.0: vgaarb: VGA device added: decodes=io+mem,owns=io+mem,locks=none
[    0.502260] vgaarb: loaded
[    0.502484] hpet0: at MMIO 0xfed00000, IRQs 2, 8, 0
[    0.502771] hpet0: 3 comparators, 64-bit 100.000000 MHz counter
[    0.506294] clocksource: Switched to clocksource kvm-clock
[    0.554498] VFS: Disk quotas dquot_6.6.0
[    0.554785] VFS: Dquot-cache hash table entries: 512 (order 0, 4096 bytes)
[    0.555386] pnp: PnP ACPI init
[    0.556660] pnp: PnP ACPI: found 6 devices
[    0.566066] clocksource: acpi_pm: mask: 0xffffff max_cycles: 0xffffff, max_idle_ns: 2085701024 ns
[    0.566625] NET: Registered PF_INET protocol family
[    0.566967] IP idents hash table entries: 32768 (order: 6, 262144 bytes, linear)
[    0.567837] tcp_listen_portaddr_hash hash table entries: 1024 (order: 2, 16384 bytes, linear)
[    0.568345] Table-perturb hash table entries: 65536 (order: 6, 262144 bytes, linear)
[    0.568812] TCP established hash table entries: 16384 (order: 5, 131072 bytes, linear)
[    0.569299] TCP bind hash table entries: 16384 (order: 7, 524288 bytes, linear)
[    0.575609] TCP: Hash tables configured (established 16384 bind 16384)
[    0.576054] UDP hash table entries: 1024 (order: 3, 32768 bytes, linear)
[    0.576452] UDP-Lite hash table entries: 1024 (order: 3, 32768 bytes, linear)
[    0.576938] NET: Registered PF_UNIX/PF_LOCAL protocol family
[    0.577485] RPC: Registered named UNIX socket transport module.
[    0.577835] RPC: Registered udp transport module.
[    0.578106] RPC: Registered tcp transport module.
[    0.578379] RPC: Registered tcp-with-tls transport module.
[    0.578700] RPC: Registered tcp NFSv4.1 backchannel transport module.
[    0.579399] pci_bus 0000:00: resource 4 [io  0x0000-0x0cf7 window]
[    0.579775] pci_bus 0000:00: resource 5 [io  0x0d00-0xffff window]
[    0.580133] pci_bus 0000:00: resource 6 [mem 0x000a0000-0x000bffff window]
[    0.580532] pci_bus 0000:00: resource 7 [mem 0x80000000-0xfebfffff window]
[    0.580930] pci_bus 0000:00: resource 8 [mem 0x100000000-0x17fffffff window]
[    0.581426] pci 0000:00:01.0: PIIX3: Enabling Passive Release
[    0.581766] pci 0000:00:00.0: Limiting direct PCI/PCI transfers
[    0.582139] PCI: CLS 0 bytes, default 64
[    0.582577] Unpacking initramfs...
[    0.586621] RAPL PMU: API unit is 2^-32 Joules, 0 fixed counters, 10737418240 ms ovfl timer
[    0.587107] clocksource: tsc: mask: 0xffffffffffffffff max_cycles: 0x2df10e7656b, max_idle_ns: 440795364873 ns
[    0.589035] Initialise system trusted keyrings
[    0.589340] workingset: timestamp_bits=56 max_order=19 bucket_order=0
[    0.590002] NFS: Registering the id_resolver key type
[    0.590303] Key type id_resolver registered
[    0.590549] Key type id_legacy registered
[    0.590827] 9p: Installing v9fs 9p2000 file system support
[    0.595848] Key type asymmetric registered
[    0.596120] Asymmetric key parser 'x509' registered
[    0.601330] Freeing initrd memory: 1336K
[    0.601601] Block layer SCSI generic (bsg) driver version 0.4 loaded (major 251)
[    0.602049] io scheduler mq-deadline registered
[    0.602313] io scheduler kyber registered
[    0.602733] input: Power Button as /devices/LNXSYSTM:00/LNXPWRBN:00/input/input0
[    0.603258] ACPI: button: Power Button [PWRF]
[    0.603871] Serial: 8250/16550 driver, 4 ports, IRQ sharing enabled
[    0.604397] 00:04: ttyS0 at I/O 0x3f8 (irq = 4, base_baud = 115200) is a 16550A
[    0.605503] Non-volatile memory driver v1.3
[    0.605756] Linux agpgart interface v0.103
[    0.606067] ACPI: bus type drm_connector registered
[    0.609417] loop: module loaded
[    0.610658] scsi host0: ata_piix
[    0.611062] scsi host1: ata_piix
[    0.611333] ata1: PATA max MWDMA2 cmd 0x1f0 ctl 0x3f6 bmdma 0xc040 irq 14
[    0.611732] ata2: PATA max MWDMA2 cmd 0x170 ctl 0x376 bmdma 0xc048 irq 15
[    0.612552] e100: Intel(R) PRO/100 Network Driver
[    0.612828] e100: Copyright(c) 1999-2006 Intel Corporation
[    0.613156] e1000: Intel(R) PRO/1000 Network Driver
[    0.613441] e1000: Copyright (c) 1999-2006 Intel Corporation.
[    0.764867] ata2: found unknown device (class 0)
[    0.765479] ata2.00: ATAPI: QEMU DVD-ROM, 2.5+, max UDMA/100
[    0.766386] scsi 1:0:0:0: CD-ROM            QEMU     QEMU DVD-ROM     2.5+ PQ: 0 ANSI: 5
[    0.805866] sr 1:0:0:0: [sr0] scsi3-mmc drive: 4x/4x cd/rw xa/form2 tray
[    0.806256] cdrom: Uniform CD-ROM driver Revision: 3.20
[    0.813362] sr 1:0:0:0: Attached scsi generic sg0 type 5
[    0.911642] ACPI: \_SB_.LNKC: Enabled at IRQ 11
[    1.201273] e1000 0000:00:03.0 eth0: (PCI:33MHz:32-bit) 52:54:00:12:34:56
[    1.201700] e1000 0000:00:03.0 eth0: Intel(R) PRO/1000 Network Connection
[    1.202128] e1000e: Intel(R) PRO/1000 Network Driver
[    1.202421] e1000e: Copyright(c) 1999 - 2015 Intel Corporation.
[    1.202797] sky2: driver version 1.30
[    1.203418] usbcore: registered new interface driver usblp
[    1.203778] usbcore: registered new interface driver usb-storage
[    1.204184] i8042: PNP: PS/2 Controller [PNP0303:KBD,PNP0f13:MOU] at 0x60,0x64 irq 1,12
[    1.205102] serio: i8042 KBD port at 0x60,0x64 irq 1
[    1.205395] serio: i8042 AUX port at 0x60,0x64 irq 12
[    1.206131] rtc_cmos 00:05: RTC can wake from S4
[    1.206554] input: AT Translated Set 2 keyboard as /devices/platform/i8042/serio0/input/input1
[    1.208363] rtc_cmos 00:05: registered as rtc0
[    1.208686] rtc_cmos 00:05: alarms up to one day, y3k, 242 bytes nvram, hpet irqs
[    1.209301] device-mapper: ioctl: 4.48.0-ioctl (2023-03-01) initialised: dm-devel@redhat.com
[    1.209796] intel_pstate: CPU model not supported
[    1.210096] hid: raw HID events driver (C) Jiri Kosina
[    1.210632] usbcore: registered new interface driver usbhid
[    1.210956] usbhid: USB HID core driver
[    1.211395] u32 classifier
[    1.211557]     input device check on
[    1.211775]     Actions configured
[    1.213429] Initializing XFRM netlink socket
[    1.213718] NET: Registered PF_INET6 protocol family
[    1.214441] Segment Routing with IPv6
[    1.214682] In-situ OAM (IOAM) with IPv6
[    1.214955] sit: IPv6, IPv4 and MPLS over IPv4 tunneling driver
[    1.215515] NET: Registered PF_PACKET protocol family
[    1.215851] 9pnet: Installing 9P2000 support
[    1.216123] Key type dns_resolver registered
[    1.216708] IPI shorthand broadcast: enabled
[    1.226098] sched_clock: Marking stable (1186000934, 39606091)->(1234598338, -8991313)
[    1.226720] registered taskstats version 1
[    1.226957] Loading compiled-in X.509 certificates
[    1.233721] PM:   Magic number: 10:460:478
[    1.233969] rtc rtc0: hash matches
[    1.234198] printk: console [netcon0] enabled
[    1.234455] netconsole: network logging started
[    1.234806] cfg80211: Loading compiled-in X.509 certificates for regulatory database
[    1.235410] kworker/u4:1 (51) used greatest stack depth: 29520 bytes left
[    1.236055] Loaded X.509 cert 'sforshee: 00b28ddf47aef9cea7'
[    1.236403] ALSA device list:
[    1.236581]   No soundcards found.
[    1.237750] Freeing unused kernel image (initmem) memory: 5648K
[    1.238082] platform regulatory.0: Direct firmware load for regulatory.db failed with error -2
[    1.238415] cfg80211: failed to load regulatory.db
[    1.240613] Write protecting the kernel read-only data: 59392k
[    1.240914] Freeing unused kernel image (rodata/data gap) memory: 52K
[    1.248345] x86/mm: Checked W+X mappings: passed, no W+X pages found.
[    1.248639] Run /init as init process
[    1.250712] mount (55) used greatest stack depth: 28760 bytes left

secb: rootfs ready
---- poc begin ----
poc: start: CVE-2023-4208 cls_u32 UAF (tcf_result copy on update)
[    1.831188] input: ImExPS/2 Generic Explorer Mouse as /devices/platform/i8042/serio1/input/input3
[    2.310302] poc (61) used greatest stack depth: 27504 bytes left
poc: done
---- poc end rc=0 ----
secb: poc exited without crashing the kernel
[    3.556798] ACPI: PM: Preparing to enter system sleep state S5
[    3.557124] reboot: Power down
NO_CRASH_DETECTED
