c[?7l[2J[0mSeaBIOS (version 1.16.2-debian-1.16.2-1)
Booting from ROM...
c[?7l[2Jearly console in extract_kernel
input_data: 0x00000000148562a3
input_len: 0x0000000005f90109
output: 0x0000000001000000
output_len: 0x00000000126edcd0
kernel_total_size: 0x0000000019826000
needed_size: 0x0000000019a00000
trampoline_32bit: 0x0000000000000000

Decompressing Linux... Parsing ELF... done.
Booting the kernel (entry_offset: 0x0000000000000112).
[    0.000000][    T0] Linux version 6.12.0-rc7-g38f83a57aa8e-dirty (root@buildkitsandbox) (gcc (Debian 12.2.0-14+deb12u1) 12.2.0, GNU ld (GNU Binutils for Debian) 2.40) #1 SMP PREEMPT_DYNAMIC Tue May 26 08:34:34 UTC 2026
[    0.000000][    T0] Command line: console=ttyS0 oops=panic panic=86400 nokaslr earlyprintk=serial rdinit=/init
[    0.000000][    T0] KERNEL supported cpus:
[    0.000000][    T0]   Intel GenuineIntel
[    0.000000][    T0]   AMD AuthenticAMD
[    0.000000][    T0] BIOS-provided physical RAM map:
[    0.000000][    T0] BIOS-e820: [mem 0x0000000000000000-0x000000000009fbff] usable
[    0.000000][    T0] BIOS-e820: [mem 0x000000000009fc00-0x000000000009ffff] reserved
[    0.000000][    T0] BIOS-e820: [mem 0x00000000000f0000-0x00000000000fffff] reserved
[    0.000000][    T0] BIOS-e820: [mem 0x0000000000100000-0x000000007ffdffff] usable
[    0.000000][    T0] BIOS-e820: [mem 0x000000007ffe0000-0x000000007fffffff] reserved
[    0.000000][    T0] BIOS-e820: [mem 0x00000000feffc000-0x00000000feffffff] reserved
[    0.000000][    T0] BIOS-e820: [mem 0x00000000fffc0000-0x00000000ffffffff] reserved
[    0.000000][    T0] BIOS-e820: [mem 0x000000fd00000000-0x000000ffffffffff] reserved
[    0.000000][    T0] printk: legacy bootconsole [earlyser0] enabled
[    0.000000][    T0] NX (Execute Disable) protection: active
[    0.000000][    T0] APIC: Static calls initialized
[    0.000000][    T0] SMBIOS 2.8 present.
[    0.000000][    T0] DMI: QEMU Standard PC (i440FX + PIIX, 1996), BIOS 1.16.2-debian-1.16.2-1 04/01/2014
[    0.000000][    T0] DMI: Memory slots populated: 1/1
[    0.000000][    T0] Hypervisor detected: KVM
[    0.000000][    T0] kvm-clock: Using msrs 4b564d01 and 4b564d00
[    0.000003][    T0] kvm-clock: using sched offset of 1256323615 cycles
[    0.000788][    T0] clocksource: kvm-clock: mask: 0xffffffffffffffff max_cycles: 0x1cd42e4dffb, max_idle_ns: 881590591483 ns
[    0.003146][    T0] tsc: Detected 3493.436 MHz processor
[    0.011527][    T0] last_pfn = 0x7ffe0 max_arch_pfn = 0x400000000
[    0.012356][    T0] MTRR map: 4 entries (3 fixed + 1 variable; max 19), built from 8 variable MTRRs
[    0.013421][    T0] x86/PAT: Configuration [0-7]: WB  WC  UC- UC  WB  WP  UC- WT  
[    0.018165][    T0] found SMP MP-table at [mem 0x000f5ba0-0x000f5baf]
[    0.019079][    T0] Using GB pages for direct mapping
[    0.022689][    T0] RAMDISK: [mem 0x7fe93000-0x7ffdffff]
[    0.023391][    T0] ACPI: Early table checksum verification disabled
[    0.024248][    T0] ACPI: RSDP 0x00000000000F59D0 000014 (v00 BOCHS )
[    0.025091][    T0] ACPI: RSDT 0x000000007FFE1B33 000034 (v01 BOCHS  BXPC     00000001 BXPC 00000001)
[    0.026213][    T0] ACPI: FACP 0x000000007FFE19DF 000074 (v01 BOCHS  BXPC     00000001 BXPC 00000001)
[    0.027441][    T0] ACPI: DSDT 0x000000007FFE0040 00199F (v01 BOCHS  BXPC     00000001 BXPC 00000001)
[    0.028679][    T0] ACPI: FACS 0x000000007FFE0000 000040
[    0.029384][    T0] ACPI: APIC 0x000000007FFE1A53 000080 (v01 BOCHS  BXPC     00000001 BXPC 00000001)
[    0.030666][    T0] ACPI: HPET 0x000000007FFE1AD3 000038 (v01 BOCHS  BXPC     00000001 BXPC 00000001)
[    0.031920][    T0] ACPI: WAET 0x000000007FFE1B0B 000028 (v01 BOCHS  BXPC     00000001 BXPC 00000001)
[    0.033174][    T0] ACPI: Reserving FACP table memory at [mem 0x7ffe19df-0x7ffe1a52]
[    0.034181][    T0] ACPI: Reserving DSDT table memory at [mem 0x7ffe0040-0x7ffe19de]
[    0.035202][    T0] ACPI: Reserving FACS table memory at [mem 0x7ffe0000-0x7ffe003f]
[    0.036174][    T0] ACPI: Reserving APIC table memory at [mem 0x7ffe1a53-0x7ffe1ad2]
[    0.037196][    T0] ACPI: Reserving HPET table memory at [mem 0x7ffe1ad3-0x7ffe1b0a]
[    0.038214][    T0] ACPI: Reserving WAET table memory at [mem 0x7ffe1b0b-0x7ffe1b32]
[    0.040143][    T0] No NUMA configuration found
[    0.040740][    T0] Faking a node at [mem 0x0000000000000000-0x000000007ffdffff]
[    0.041671][    T0] NODE_DATA(0) allocated [mem 0x7fe8d340-0x7fe92dff]
[    0.046565][    T0] Zone ranges:
[    0.047076][    T0]   DMA      [mem 0x0000000000001000-0x0000000000ffffff]
[    0.048059][    T0]   DMA32    [mem 0x0000000001000000-0x000000007ffdffff]
[    0.049081][    T0]   Normal   empty
[    0.049620][    T0]   Device   empty
[    0.050160][    T0] Movable zone start for each node
[    0.050902][    T0] Early memory node ranges
[    0.051500][    T0]   node   0: [mem 0x0000000000001000-0x000000000009efff]
[    0.052381][    T0]   node   0: [mem 0x0000000000100000-0x000000007ffdffff]
[    0.053240][    T0] Initmem setup node 0 [mem 0x0000000000001000-0x000000007ffdffff]
[    0.054339][    T0] On node 0, zone DMA: 1 pages in unavailable ranges
[    0.055529][    T0] On node 0, zone DMA: 97 pages in unavailable ranges
[    0.082837][    T0] On node 0, zone DMA32: 32 pages in unavailable ranges
[    0.125173][    T0] kasan: KernelAddressSanitizer initialized
[    0.126256][    T0] ACPI: PM-Timer IO Port: 0x608
[    0.126943][    T0] ACPI: LAPIC_NMI (acpi_id[0xff] dfl dfl lint[0x1])
[    0.127828][    T0] IOAPIC[0]: apic_id 0, version 17, address 0xfec00000, GSI 0-23
[    0.128766][    T0] ACPI: INT_SRC_OVR (bus 0 bus_irq 0 global_irq 2 dfl dfl)
[    0.129605][    T0] ACPI: INT_SRC_OVR (bus 0 bus_irq 5 global_irq 5 high level)
[    0.130475][    T0] ACPI: INT_SRC_OVR (bus 0 bus_irq 9 global_irq 9 high level)
[    0.131332][    T0] ACPI: INT_SRC_OVR (bus 0 bus_irq 10 global_irq 10 high level)
[    0.132204][    T0] ACPI: INT_SRC_OVR (bus 0 bus_irq 11 global_irq 11 high level)
[    0.133089][    T0] ACPI: Using ACPI (MADT) for SMP configuration information
[    0.133922][    T0] ACPI: HPET id: 0x8086a201 base: 0xfed00000
[    0.134627][    T0] TSC deadline timer available
[    0.135196][    T0] CPU topo: Max. logical packages:   1
[    0.135839][    T0] CPU topo: Max. logical dies:       1
[    0.136493][    T0] CPU topo: Max. dies per package:   1
[    0.137151][    T0] CPU topo: Max. threads per core:   1
[    0.137799][    T0] CPU topo: Num. cores per package:     2
[    0.138488][    T0] CPU topo: Num. threads per package:   2
[    0.139160][    T0] CPU topo: Allowing 2 present CPUs plus 0 hotplug CPUs
[    0.140030][    T0] kvm-guest: APIC: eoi() replaced with kvm_guest_apic_eoi_write()
[    0.141000][    T0] kvm-guest: KVM setup pv remote TLB flush
[    0.141690][    T0] kvm-guest: setup PV sched yield
[    0.142313][    T0] PM: hibernation: Registered nosave memory: [mem 0x00000000-0x00000fff]
[    0.143320][    T0] PM: hibernation: Registered nosave memory: [mem 0x0009f000-0x0009ffff]
[    0.144323][    T0] PM: hibernation: Registered nosave memory: [mem 0x000a0000-0x000effff]
[    0.145326][    T0] PM: hibernation: Registered nosave memory: [mem 0x000f0000-0x000fffff]
[    0.146339][    T0] [mem 0x80000000-0xfeffbfff] available for PCI devices
[    0.147169][    T0] Booting paravirtualized kernel on KVM
[    0.147832][    T0] clocksource: refined-jiffies: mask: 0xffffffff max_cycles: 0xffffffff, max_idle_ns: 19112604462750000 ns
[    0.198962][    T0] setup_percpu: NR_CPUS:8 nr_cpumask_bits:2 nr_cpu_ids:2 nr_node_ids:1
[    0.200266][    T0] percpu: Embedded 74 pages/cpu s265160 r8192 d29752 u1048576
[    0.201330][    T0] kvm-guest: PV spinlocks enabled
[    0.202019][    T0] PV qspinlock hash table entries: 256 (order: 0, 4096 bytes, linear)
[    0.203134][    T0] Kernel command line: console=ttyS0 oops=panic panic=86400 nokaslr earlyprintk=serial rdinit=/init
[    0.205037][    T0] random: crng init done
[    0.205681][    T0] Dentry cache hash table entries: 262144 (order: 9, 2097152 bytes, linear)
[    0.207020][    T0] Inode-cache hash table entries: 131072 (order: 8, 1048576 bytes, linear)
[    0.208379][    T0] Fallback order for Node 0: 0 
[    0.208392][    T0] Built 1 zonelists, mobility grouping on.  Total pages: 524158
[    0.210052][    T0] Policy zone: DMA32
[    0.210848][    T0] mem auto-init: stack:all(zero), heap alloc:on, heap free:off
[    0.211787][    T0] stackdepot: allocating hash table via alloc_large_system_hash
[    0.212820][    T0] stackdepot hash table entries: 1048576 (order: 12, 16777216 bytes, linear)
[    0.365350][    T0] SLUB: HWalign=64, Order=0-3, MinObjects=0, CPUs=2, Nodes=1
[    0.368764][    T0] allocated 4194304 bytes of page_ext
[    0.370231][    T0] Dynamic Preempt: full
[    0.371385][    T0] Running RCU self tests
[    0.372018][    T0] Running RCU synchronous self tests
[    0.372696][    T0] rcu: Preemptible hierarchical RCU implementation.
[    0.373474][    T0] rcu: 	RCU lockdep checking is enabled.
[    0.374135][    T0] rcu: 	RCU restricting CPUs from NR_CPUS=8 to nr_cpu_ids=2.
[    0.375040][    T0] rcu: 	RCU callback double-/use-after-free debug is enabled.
[    0.375945][    T0] rcu: 	RCU debug extended QS entry/exit.
[    0.376637][    T0] 	Trampoline variant of Tasks RCU enabled.
[    0.377346][    T0] 	Tracing variant of Tasks RCU enabled.
[    0.378026][    T0] rcu: RCU calculated value of scheduler-enlistment delay is 10 jiffies.
[    0.379051][    T0] rcu: Adjusting geometry for rcu_fanout_leaf=16, nr_cpu_ids=2
[    0.380050][    T0] Running RCU synchronous self tests
[    0.380710][    T0] RCU Tasks: Setting shift to 1 and lim to 1 rcu_task_cb_adjust=1 rcu_task_cpu_ids=2.
[    0.381884][    T0] RCU Tasks Trace: Setting shift to 1 and lim to 1 rcu_task_cb_adjust=1 rcu_task_cpu_ids=2.
[    0.434537][    T0] NR_IRQS: 4352, nr_irqs: 440, preallocated irqs: 16
[    0.435996][    T0] rcu: srcu_init: Setting srcu_struct sizes based on contention.
[    0.437382][    T0] kfence: initialized - using 2097152 bytes for 255 objects at 0x(____ptrval____)-0x(____ptrval____)
[    0.448097][    T0] Console: colour VGA+ 80x25
[    0.448905][    T0] printk: legacy console [ttyS0] enabled
[    0.448905][    T0] printk: legacy console [ttyS0] enabled
[    0.450316][    T0] printk: legacy bootconsole [earlyser0] disabled
[    0.450316][    T0] printk: legacy bootconsole [earlyser0] disabled
[    0.451897][    T0] Lock dependency validator: Copyright (c) 2006 Red Hat, Inc., Ingo Molnar
[    0.452939][    T0] ... MAX_LOCKDEP_SUBCLASSES:  8
[    0.453542][    T0] ... MAX_LOCK_DEPTH:          48
[    0.454150][    T0] ... MAX_LOCKDEP_KEYS:        8192
[    0.454785][    T0] ... CLASSHASH_SIZE:          4096
[    0.455406][    T0] ... MAX_LOCKDEP_ENTRIES:     1048576
[    0.456057][    T0] ... MAX_LOCKDEP_CHAINS:      1048576
[    0.456707][    T0] ... CHAINHASH_SIZE:          524288
[    0.457436][    T0]  memory used by lock dependency info: 106625 kB
[    0.458392][    T0]  memory used for stack traces: 8320 kB
[    0.459228][    T0]  per task-struct memory footprint: 1920 bytes
[    0.460276][    T0] ACPI: Core revision 20240827
[    0.461575][    T0] clocksource: hpet: mask: 0xffffffff max_cycles: 0xffffffff, max_idle_ns: 19112604467 ns
[    0.463391][    T0] APIC: Switch to symmetric I/O mode setup
[    0.464520][    T0] x2apic enabled
[    0.465668][    T0] APIC: Switched APIC routing to: physical x2apic
[    0.466629][    T0] kvm-guest: APIC: send_IPI_mask() replaced with kvm_send_ipi_mask()
[    0.467820][    T0] kvm-guest: APIC: send_IPI_mask_allbutself() replaced with kvm_send_ipi_mask_allbutself()
[    0.469257][    T0] kvm-guest: setup PV IPIs
[    0.471551][    T0] ..TIMER: vector=0x30 apic1=0 pin1=2 apic2=-1 pin2=-1
[    0.472587][    T0] clocksource: tsc-early: mask: 0xffffffffffffffff max_cycles: 0x325b186289d, max_idle_ns: 440795326624 ns
[    0.474384][    T0] Calibrating delay loop (skipped) preset value.. 6986.87 BogoMIPS (lpj=34934360)
[    0.475734][    T0] x86/cpu: User Mode Instruction Prevention (UMIP) activated
[    0.476927][    T0] Last level iTLB entries: 4KB 512, 2MB 255, 4MB 127
[    0.477711][    T0] Last level dTLB entries: 4KB 512, 2MB 255, 4MB 127, 1GB 0
[    0.478590][    T0] Spectre V1 : Mitigation: usercopy/swapgs barriers and __user pointer sanitization
[    0.479680][    T0] Spectre V2 : Mitigation: Retpolines
[    0.480306][    T0] Spectre V2 : Spectre v2 / SpectreRSB mitigation: Filling RSB on context switch
[    0.481355][    T0] Spectre V2 : Spectre v2 / SpectreRSB : Filling RSB on VMEXIT
[    0.482385][    T0] Spectre V2 : Enabling Speculation Barrier for firmware calls
[    0.484375][    T0] RETBleed: Mitigation: untrained return thunk
[    0.485286][    T0] Spectre V2 : mitigation: Enabling conditional Indirect Branch Prediction Barrier
[    0.486437][    T0] Speculative Store Bypass: Mitigation: Speculative Store Bypass disabled via prctl
[    0.487564][    T0] Speculative Return Stack Overflow: IBPB-extending microcode not applied!
[    0.488600][    T0] Speculative Return Stack Overflow: WARNING: See https://kernel.org/doc/html/latest/admin-guide/hw-vuln/srso.html for mitigation options.
[    0.488609][    T0] Speculative Return Stack Overflow: Vulnerable: Safe RET, no microcode
[    0.491359][    T0] x86/fpu: Supporting XSAVE feature 0x001: 'x87 floating point registers'
[    0.492390][    T0] x86/fpu: Supporting XSAVE feature 0x002: 'SSE registers'
[    0.493249][    T0] x86/fpu: Supporting XSAVE feature 0x004: 'AVX registers'
[    0.494100][    T0] x86/fpu: xstate_offset[2]:  576, xstate_sizes[2]:  256
[    0.494374][    T0] x86/fpu: Enabled xstate features 0x7, context size is 832 bytes, using 'compacted' format.
[    0.820715][    T0] Freeing SMP alternatives memory: 124K
[    0.821582][    T0] pid_max: default: 32768 minimum: 301
[    0.822732][    T0] LSM: initializing lsm=lockdown,capability,landlock,yama,safesetid,tomoyo,apparmor,bpf,ima,evm
[    0.825057][    T0] landlock: Up and running.
[    0.825696][    T0] Yama: becoming mindful.
[    0.826850][    T0] TOMOYO Linux initialized
[    0.828657][    T0] AppArmor: AppArmor initialized
[    0.832516][    T0] LSM support for eBPF active
[    0.833986][    T0] Mount-cache hash table entries: 4096 (order: 3, 32768 bytes, linear)
[    0.834387][    T0] Mountpoint-cache hash table entries: 4096 (order: 3, 32768 bytes, linear)
[    0.839627][    T0] Running RCU synchronous self tests
[    0.840315][    T0] Running RCU synchronous self tests
[    0.841757][    T1] smpboot: CPU0: AMD Ryzen Threadripper PRO 3975WX 32-Cores (family: 0x17, model: 0x31, stepping: 0x0)
[    0.844364][    T1] Running RCU Tasks wait API self tests
[    0.944657][    T1] Running RCU Tasks Trace wait API self tests
[    0.945609][    T1] Performance Events: Fam17h+ core perfctr, AMD PMU driver.
[    0.946764][    T1] ... version:                0
[    0.947422][    T1] ... bit width:              48
[    0.948049][    T1] ... generic registers:      6
[    0.948663][    T1] ... value mask:             0000ffffffffffff
[    0.949428][    T1] ... max period:             00007fffffffffff
[    0.950206][    T1] ... fixed-purpose events:   0
[    0.950833][    T1] ... event mask:             000000000000003f
[    0.952836][    T1] signal: max sigframe size: 1776
[    0.953987][    T1] rcu: Hierarchical SRCU implementation.
[    0.954383][    T1] rcu: 	Max phase no-delay instances is 1000.
[    0.956342][    T1] Timer migration: 1 hierarchy levels; 8 children per group; 1 crossnode level
[    0.964596][   T15] Callback from call_rcu_tasks_trace() invoked.
[    1.044456][    T1] smp: Bringing up secondary CPUs ...
[    1.047311][    T1] smpboot: x86: Booting SMP configuration:
[    1.048106][    T1] .... node  #0, CPUs:      #1
[    1.048420][    T1] smp: Brought up 1 node, 2 CPUs
[    1.048420][    T1] smpboot: Total of 2 processors activated (13973.74 BogoMIPS)
[    1.048420][    T1] Memory: 1296312K/2096632K available (167936K kernel code, 40931K rwdata, 38760K rodata, 26508K init, 119884K bss, 789436K reserved, 0K cma-reserved)
[    1.056079][    T1] devtmpfs: initialized
[    1.056079][    T1] x86/mm: Memory block size: 128MB
[    1.096456][    T1] Running RCU synchronous self tests
[    1.097201][    T1] Running RCU synchronous self tests
[    1.097952][    T1] clocksource: jiffies: mask: 0xffffffff max_cycles: 0xffffffff, max_idle_ns: 19112604462750000 ns
[    1.097952][    T1] futex hash table entries: 512 (order: 4, 65536 bytes, linear)
[    1.107447][    T1] PM: RTC time: 08:35:58, date: 2026-05-26
[    1.119177][    T1] NET: Registered PF_NETLINK/PF_ROUTE protocol family
[    1.124364][    T1] audit: initializing netlink subsys (disabled)
[    1.124601][   T29] audit: type=2000 audit(1779784558.412:1): state=initialized audit_enabled=0 res=1
[    1.127989][    T1] thermal_sys: Registered thermal governor 'step_wise'
[    1.128015][    T1] thermal_sys: Registered thermal governor 'user_space'
[    1.129089][    T1] cpuidle: using governor menu
[    1.129089][    T1] NET: Registered PF_QIPCRTR protocol family
[    1.129089][    T1] dca service started, version 1.12.1
[    1.129089][    T1] PCI: Using configuration type 1 for base access
[    1.129089][    T1] PCI: Using configuration type 1 for extended access
[    1.136216][    T1] HugeTLB: registered 1.00 GiB page size, pre-allocated 0 pages
[    1.144390][    T1] HugeTLB: 16380 KiB vmemmap can be freed for a 1.00 GiB page
[    1.145430][    T1] HugeTLB: registered 2.00 MiB page size, pre-allocated 0 pages
[    1.146478][    T1] HugeTLB: 28 KiB vmemmap can be freed for a 2.00 MiB page
[    1.164528][   T14] Callback from call_rcu_tasks() invoked.
[    1.165371][    T1] cryptd: max_cpu_qlen set to 1000
[    1.186933][    T1] raid6: skipped pq benchmark and selected avx2x4
[    1.187718][    T1] raid6: using avx2x2 recovery algorithm
[    1.189838][    T1] ACPI: Added _OSI(Module Device)
[    1.190511][    T1] ACPI: Added _OSI(Processor Device)
[    1.191279][    T1] ACPI: Added _OSI(3.0 _SCP Extensions)
[    1.192105][    T1] ACPI: Added _OSI(Processor Aggregator Device)
[    1.247096][    T1] ACPI: 1 ACPI AML tables successfully acquired and loaded
[    1.273782][    T1] ACPI: Interpreter enabled
[    1.274733][    T1] ACPI: PM: (supports S0 S3 S4 S5)
[    1.275384][    T1] ACPI: Using IOAPIC for interrupt routing
[    1.276401][    T1] PCI: Using host bridge windows from ACPI; if necessary, use "pci=nocrs" and report a bug
[    1.277603][    T1] PCI: Using E820 reservations for host bridge windows
[    1.282060][    T1] ACPI: Enabled 2 GPEs in block 00 to 0F
[    1.405923][    T1] ACPI: PCI Root Bridge [PCI0] (domain 0000 [bus 00-ff])
[    1.406986][    T1] acpi PNP0A03:00: _OSC: OS supports [ExtendedConfig ASPM ClockPM Segments MSI HPX-Type3]
[    1.412402][    T1] PCI host bridge to bus 0000:00
[    1.413304][    T1] pci_bus 0000:00: root bus resource [io  0x0000-0x0cf7 window]
[    1.414646][    T1] pci_bus 0000:00: root bus resource [io  0x0d00-0xffff window]
[    1.415950][    T1] pci_bus 0000:00: root bus resource [mem 0x000a0000-0x000bffff window]
[    1.417052][    T1] pci_bus 0000:00: root bus resource [mem 0x80000000-0xfebfffff window]
[    1.418164][    T1] pci_bus 0000:00: root bus resource [mem 0x100000000-0x17fffffff window]
[    1.419302][    T1] pci_bus 0000:00: root bus resource [bus 00-ff]
[    1.420673][    T1] pci 0000:00:00.0: [8086:1237] type 00 class 0x060000 conventional PCI endpoint
[    1.455184][    T1] pci 0000:00:01.0: [8086:7000] type 00 class 0x060100 conventional PCI endpoint
[    1.488124][    T1] pci 0000:00:01.1: [8086:7010] type 00 class 0x010180 conventional PCI endpoint
[    1.490831][    T1] pci 0000:00:01.1: BAR 4 [io  0xc000-0xc00f]
[    1.492503][    T1] pci 0000:00:01.1: BAR 0 [io  0x01f0-0x01f7]: legacy IDE quirk
[    1.493605][    T1] pci 0000:00:01.1: BAR 1 [io  0x03f6]: legacy IDE quirk
[    1.494577][    T1] pci 0000:00:01.1: BAR 2 [io  0x0170-0x0177]: legacy IDE quirk
[    1.495520][    T1] pci 0000:00:01.1: BAR 3 [io  0x0376]: legacy IDE quirk
[    1.497530][    T1] pci 0000:00:01.3: [8086:7113] type 00 class 0x068000 conventional PCI endpoint
[    1.499169][    T1] pci 0000:00:01.3: quirk: [io  0x0600-0x063f] claimed by PIIX4 ACPI
[    1.500409][    T1] pci 0000:00:01.3: quirk: [io  0x0700-0x070f] claimed by PIIX4 SMB
[    1.502668][    T1] pci 0000:00:02.0: [1234:1111] type 00 class 0x030000 conventional PCI endpoint
[    1.504692][    T1] pci 0000:00:02.0: BAR 0 [mem 0xfd000000-0xfdffffff pref]
[    1.507176][    T1] pci 0000:00:02.0: BAR 2 [mem 0xfebf0000-0xfebf0fff]
[    1.511407][    T1] pci 0000:00:02.0: ROM [mem 0xfebe0000-0xfebeffff pref]
[    1.512687][    T1] pci 0000:00:02.0: Video device with shadowed ROM at [mem 0x000c0000-0x000dffff]
[    1.557947][    T1] ACPI: PCI: Interrupt link LNKA configured for IRQ 10
[    1.562128][    T1] ACPI: PCI: Interrupt link LNKB configured for IRQ 10
[    1.566145][    T1] ACPI: PCI: Interrupt link LNKC configured for IRQ 11
[    1.570275][    T1] ACPI: PCI: Interrupt link LNKD configured for IRQ 11
[    1.572578][    T1] ACPI: PCI: Interrupt link LNKS configured for IRQ 9
[    1.594411][    T1] iommu: Default domain type: Translated
[    1.595244][    T1] iommu: DMA domain TLB invalidation policy: lazy mode
[    1.600245][    T1] SCSI subsystem initialized
[    1.602709][    T1] ACPI: bus type USB registered
[    1.604017][    T1] usbcore: registered new interface driver usbfs
[    1.604630][    T1] usbcore: registered new interface driver hub
[    1.605730][    T1] usbcore: registered new device driver usb
[    1.608468][    T1] mc: Linux media interface: v0.10
[    1.609422][    T1] videodev: Linux video capture interface: v2.00
[    1.610965][    T1] pps_core: LinuxPPS API ver. 1 registered
[    1.611749][    T1] pps_core: Software ver. 5.3.6 - Copyright 2005-2007 Rodolfo Giometti <giometti@linux.it>
[    1.613293][    T1] PTP clock support registered
[    1.635459][    T1] EDAC MC: Ver: 3.0.0
[    1.647435][    T1] Advanced Linux Sound Architecture Driver Initialized.
[    1.653464][    T1] Bluetooth: Core ver 2.22
[    1.654184][    T1] NET: Registered PF_BLUETOOTH protocol family
[    1.654426][    T1] Bluetooth: HCI device and connection manager initialized
[    1.655330][    T1] Bluetooth: HCI socket layer initialized
[    1.656037][    T1] Bluetooth: L2CAP socket layer initialized
[    1.656976][    T1] Bluetooth: SCO socket layer initialized
[    1.657783][    T1] NET: Registered PF_ATMPVC protocol family
[    1.658541][    T1] NET: Registered PF_ATMSVC protocol family
[    1.659599][    T1] NetLabel: Initializing
[    1.660116][    T1] NetLabel:  domain hash size = 128
[    1.660741][    T1] NetLabel:  protocols = UNLABELED CIPSOv4 CALIPSO
[    1.661954][    T1] NetLabel:  unlabeled traffic allowed by default
[    1.664972][    T1] nfc: nfc_init: NFC Core ver 0.1
[    1.665958][    T1] NET: Registered PF_NFC protocol family
[    1.666948][    T1] PCI: Using ACPI for IRQ routing
[    1.668384][    T1] pci 0000:00:02.0: vgaarb: setting as boot VGA device
[    1.668384][    T1] pci 0000:00:02.0: vgaarb: bridge control possible
[    1.668384][    T1] pci 0000:00:02.0: vgaarb: VGA device added: decodes=io+mem,owns=io+mem,locks=none
[    1.668384][    T1] vgaarb: loaded
[    1.669295][    T1] hpet0: at MMIO 0xfed00000, IRQs 2, 8, 0
[    1.670066][    T1] hpet0: 3 comparators, 64-bit 100.000000 MHz counter
[    1.682045][    T1] clocksource: Switched to clocksource kvm-clock
[    1.690363][    T1] VFS: Disk quotas dquot_6.6.0
[    1.691135][    T1] VFS: Dquot-cache hash table entries: 512 (order 0, 4096 bytes)
[    1.694611][    T1] netfs: FS-Cache loaded
[    1.696240][    T1] CacheFiles: Loaded
[    1.697353][    T1] TOMOYO: 2.6.0
[    1.697878][    T1] Mandatory Access Control activated.
[    1.702170][    T1] AppArmor: AppArmor Filesystem Enabled
[    1.703533][    T1] pnp: PnP ACPI init
[    1.714904][    T1] pnp: PnP ACPI: found 6 devices
[    1.807335][    T1] clocksource: acpi_pm: mask: 0xffffff max_cycles: 0xffffff, max_idle_ns: 2085701024 ns
[    1.809809][    T1] NET: Registered PF_INET protocol family
[    1.815718][    T1] IP idents hash table entries: 32768 (order: 6, 262144 bytes, linear)
[    1.834954][    T1] tcp_listen_portaddr_hash hash table entries: 1024 (order: 4, 73728 bytes, linear)
[    1.836444][    T1] Table-perturb hash table entries: 65536 (order: 6, 262144 bytes, linear)
[    1.837771][    T1] TCP established hash table entries: 16384 (order: 5, 131072 bytes, linear)
[    1.852466][    T1] TCP bind hash table entries: 16384 (order: 9, 2359296 bytes, linear)
[    1.855733][    T1] TCP: Hash tables configured (established 16384 bind 16384)
[    1.857626][    T1] MPTCP token hash table entries: 2048 (order: 5, 180224 bytes, linear)
[    1.859064][    T1] UDP hash table entries: 1024 (order: 5, 163840 bytes, linear)
[    1.860269][    T1] UDP-Lite hash table entries: 1024 (order: 5, 163840 bytes, linear)
[    1.862085][    T1] NET: Registered PF_UNIX/PF_LOCAL protocol family
[    1.885377][    T1] RPC: Registered named UNIX socket transport module.
[    1.886258][    T1] RPC: Registered udp transport module.
[    1.886943][    T1] RPC: Registered tcp transport module.
[    1.887646][    T1] RPC: Registered tcp-with-tls transport module.
[    1.888512][    T1] RPC: Registered tcp NFSv4.1 backchannel transport module.
[    1.903488][    T1] NET: Registered PF_XDP protocol family
[    1.904315][    T1] pci_bus 0000:00: resource 4 [io  0x0000-0x0cf7 window]
[    1.905277][    T1] pci_bus 0000:00: resource 5 [io  0x0d00-0xffff window]
[    1.906189][    T1] pci_bus 0000:00: resource 6 [mem 0x000a0000-0x000bffff window]
[    1.907211][    T1] pci_bus 0000:00: resource 7 [mem 0x80000000-0xfebfffff window]
[    1.908267][    T1] pci_bus 0000:00: resource 8 [mem 0x100000000-0x17fffffff window]
[    1.910458][    T1] pci 0000:00:01.0: PIIX3: Enabling Passive Release
[    1.911318][    T1] pci 0000:00:00.0: Limiting direct PCI/PCI transfers
[    1.912454][    T1] PCI: CLS 0 bytes, default 64
[    1.919555][   T50] Trying to unpack rootfs image as initramfs...
[    1.927453][    T1] ACPI: bus type thunderbolt registered
[    1.929736][    T1] kvm_intel: VMX not supported by CPU 1
[    1.930868][    T1] kvm_amd: Nested Virtualization enabled
[    1.931679][    T1] kvm_amd: Nested Paging enabled
[    1.981147][    T1] clocksource: tsc: mask: 0xffffffffffffffff max_cycles: 0x325b186289d, max_idle_ns: 440795326624 ns
[    2.362111][   T50] Freeing initrd memory: 1332K
[    2.363461][   T68] kworker/u8:2 (68) used greatest stack depth: 27552 bytes left
[   12.904582][    T1] Initialise system trusted keyrings
[   12.907082][    T1] workingset: timestamp_bits=40 max_order=19 bucket_order=0
[   12.912055][    T1] DLM installed
[   12.915252][    T1] squashfs: version 4.0 (2009/01/31) Phillip Lougher
[   12.919838][    T1] NFS: Registering the id_resolver key type
[   12.920735][    T1] Key type id_resolver registered
[   12.921460][    T1] Key type id_legacy registered
[   12.922206][    T1] nfs4filelayout_init: NFSv4 File Layout Driver Registering...
[   12.923283][    T1] nfs4flexfilelayout_init: NFSv4 Flexfile Layout Driver Registering...
[   12.965640][    T1] Key type cifs.spnego registered
[   12.966549][    T1] Key type cifs.idmap registered
[   12.967977][    T1] ntfs3: Enabled Linux POSIX ACLs support
[   12.968767][    T1] ntfs3: Read-only LZX/Xpress compression included
[   12.969818][    T1] efs: 1.0a - http://aeschi.ch.eu.org/efs/
[   12.970664][    T1] jffs2: version 2.2. (NAND) (SUMMARY)  © 2001-2006 Red Hat, Inc.
[   12.972848][    T1] romfs: ROMFS MTD (C) 2007 Red Hat, Inc.
[   12.973738][    T1] QNX4 filesystem 0.2.3 registered.
[   12.974508][    T1] qnx6: QNX6 filesystem 1.0.0 registered.
[   12.978314][    T1] fuse: init (API version 7.41)
[   12.981636][    T1] orangefs_debugfs_init: called with debug mask: :none: :0:
[   12.983311][    T1] orangefs_init: module version upstream loaded
[   12.984612][    T1] JFS: nTxBlock = 8192, nTxLock = 65536
[   13.009001][    T1] SGI XFS with ACLs, security attributes, realtime, quota, no debug enabled
[   13.016236][    T1] 9p: Installing v9fs 9p2000 file system support
[   13.018969][    T1] NILFS version 2 loaded
[   13.020046][    T1] befs: version: 0.9.3
[   13.022037][    T1] ocfs2: Registered cluster interface o2cb
[   13.024658][    T1] ocfs2: Registered cluster interface user
[   13.039226][    T1] OCFS2 User DLM kernel interface loaded
[   13.051840][    T1] gfs2: GFS2 installed
[   13.075538][    T1] ceph: loaded (mds proto 32)
[   13.123294][    T1] NET: Registered PF_ALG protocol family
[   13.124162][    T1] xor: automatically using best checksumming function   avx       
[   13.125233][    T1] async_tx: api initialized (async)
[   13.125917][    T1] Key type asymmetric registered
[   13.126604][    T1] Asymmetric key parser 'x509' registered
[   13.127436][    T1] Asymmetric key parser 'pkcs8' registered
[   13.128208][    T1] Key type pkcs7_test registered
[   13.129244][    T1] Block layer SCSI generic (bsg) driver version 0.4 loaded (major 238)
[   13.131466][    T1] io scheduler mq-deadline registered
[   13.133057][    T1] io scheduler kyber registered
[   13.134802][    T1] io scheduler bfq registered
[   13.144581][    T1] input: Power Button as /devices/LNXSYSTM:00/LNXPWRBN:00/input/input0
[   13.159409][    T1] ACPI: button: Power Button [PWRF]
[   13.175650][    T1] ioatdma: Intel(R) QuickData Technology Driver 5.00
[   13.181301][  T169] kworker/u8:1 (169) used greatest stack depth: 27376 bytes left
[   13.400718][  T465] kworker/u8:0 (465) used greatest stack depth: 27264 bytes left
[   13.615808][    T1] N_HDLC line discipline registered with maxframe=4096
[   13.616919][    T1] Serial: 8250/16550 driver, 4 ports, IRQ sharing enabled
[   13.620978][    T1] 00:04: ttyS0 at I/O 0x3f8 (irq = 4, base_baud = 115200) is a 16550A
[   13.649275][    T1] Non-volatile memory driver v1.3
[   13.650227][    T1] Linux agpgart interface v0.103
[   13.652863][    T1] usbcore: registered new interface driver xillyusb
[   13.659548][    T1] ACPI: bus type drm_connector registered
[   13.665285][    T1] [drm] Initialized vgem 1.0.0 for vgem on minor 0
[   13.674374][    T1] [drm] Initialized vkms 1.0.0 for vkms on minor 1
[   13.805487][    T1] Console: switching to colour frame buffer device 128x48
[   13.823874][    T1] platform vkms: [drm] fb0: vkmsdrmfb frame buffer device
[   13.825062][    T1] usbcore: registered new interface driver udl
[   13.826684][    T1] bochs-drm 0000:00:02.0: vgaarb: deactivate vga console
[   13.833025][    T1] [drm] Found bochs VGA, ID 0xb0c5.
[   13.833670][    T1] [drm] Framebuffer size 16384 kB @ 0xfd000000, mmio @ 0xfebf0000.
[   13.837465][    T1] [drm] Found EDID data blob.
[   13.840613][    T1] [drm] Initialized bochs-drm 1.0.0 for 0000:00:02.0 on minor 2
[   13.855973][    T1] fbcon: bochs-drmdrmfb (fb1) is primary device
[   13.856005][    T1] fbcon: Remapping primary device, fb1, to tty 1-63
[   25.983523][    T1] bochs-drm 0000:00:02.0: [drm] fb1: bochs-drmdrmfb frame buffer device
[   25.986339][    T1] usbcore: registered new interface driver gm12u320
[   25.990318][    T1] usbcore: registered new interface driver gud
[   26.051837][    T1] brd: module loaded
[   26.133714][    T1] loop: module loaded
[   26.830501][    T1] zram: Added device: zram0
[   26.847095][    T1] null_blk: disk nullb0 created
[   26.848304][    T1] null_blk: module loaded
[   26.849979][    T1] Guest personality initialized and is inactive
[   26.852015][    T1] VMCI host device registered (name=vmci, major=10, minor=118)
[   26.853082][    T1] Initialized host personality
[   26.853920][    T1] usbcore: registered new interface driver rtsx_usb
[   26.864472][    T1] usbcore: registered new interface driver viperboard
[   26.865852][    T1] usbcore: registered new interface driver dln2
[   26.867494][    T1] usbcore: registered new interface driver pn533_usb
[   26.872207][    T1] nfcsim 0.2 initialized
[   26.873106][    T1] usbcore: registered new interface driver port100
[   26.874257][    T1] usbcore: registered new interface driver nfcmrvl
[   26.888306][    T1] Loading iSCSI transport class v2.0-870.
[   26.909825][    T1] st: Version 20160209, fixed bufsize 32768, s/g segs 256
[   27.216579][    T1] scsi host0: ata_piix
[   27.221098][    T1] scsi host1: ata_piix
[   27.223149][    T1] ata1: PATA max MWDMA2 cmd 0x1f0 ctl 0x3f6 bmdma 0xc000 irq 14 lpm-pol 0
[   27.224493][    T1] ata2: PATA max MWDMA2 cmd 0x170 ctl 0x376 bmdma 0xc008 irq 15 lpm-pol 0
[   27.232150][    T1] Rounding down aligned max_sectors from 4294967295 to 4294967288
[   27.233918][    T1] db_root: cannot open: /etc/target
[   27.236472][    T1] slram: not enough parameters.
[   27.242920][    T1] ftl_cs: FTL header not found.
[   27.305985][    T1] wireguard: WireGuard 1.0.0 loaded. See www.wireguard.com for information.
[   27.307669][    T1] wireguard: Copyright (C) 2015-2019 Jason A. Donenfeld <Jason@zx2c4.com>. All Rights Reserved.
[   27.309268][    T1] eql: Equalizer2002: Simon Janes (simon@ncm.com) and David S. Miller (davem@redhat.com)
[   27.325701][    T1] MACsec IEEE 802.1AE
[   27.349791][    T1] usbcore: registered new interface driver mvusb_mdio
[   27.351302][    T1] tun: Universal TUN/TAP device driver, 1.6
[   27.354149][    T1] vcan: Virtual CAN interface driver
[   27.354985][    T1] vxcan: Virtual CAN Tunnel driver
[   27.355780][    T1] slcan: serial line CAN interface driver
[   27.356727][    T1] CAN device driver interface
[   27.357927][    T1] usbcore: registered new interface driver usb_8dev
[   27.359892][    T1] usbcore: registered new interface driver ems_usb
[   27.362722][    T1] usbcore: registered new interface driver esd_usb
[   27.363817][    T1] usbcore: registered new interface driver etas_es58x
[   27.364875][    T1] usbcore: registered new interface driver f81604
[   27.366011][    T1] usbcore: registered new interface driver gs_usb
[   27.367024][    T1] usbcore: registered new interface driver kvaser_usb
[   27.370794][    T1] usbcore: registered new interface driver mcba_usb
[   27.371963][    T1] usbcore: registered new interface driver peak_usb
[   27.373097][    T1] usbcore: registered new interface driver ucan
[   27.374454][    T1] e100: Intel(R) PRO/100 Network Driver
[   27.375191][    T1] e100: Copyright(c) 1999-2006 Intel Corporation
[   27.376359][    T1] e1000: Intel(R) PRO/1000 Network Driver
[   27.377532][    T1] e1000: Copyright (c) 1999-2006 Intel Corporation.
[   27.379130][ T1001] ata2: found unknown device (class 0)
[   27.380862][ T1001] ata2.00: ATAPI: QEMU DVD-ROM, 2.5+, max UDMA/100
[   27.381278][    T1] e1000e: Intel(R) PRO/1000 Network Driver
[   27.382981][    T1] e1000e: Copyright(c) 1999 - 2015 Intel Corporation.
[   27.386535][   T50] scsi 1:0:0:0: CD-ROM            QEMU     QEMU DVD-ROM     2.5+ PQ: 0 ANSI: 5
[   27.395097][    T1] mkiss: AX.25 Multikiss, Hans Albas PE1AYX
[   27.395928][    T1] AX.25: bpqether driver version 004
[   27.396568][    T1] PPP generic driver version 2.4.2
[   27.398914][    T1] PPP BSD Compression module registered
[   27.399785][    T1] PPP Deflate Compression module registered
[   27.400710][    T1] PPP MPPE Compression module registered
[   27.401557][    T1] NET: Registered PF_PPPOX protocol family
[   27.402449][    T1] PPTP driver version 0.8.5
[   27.403574][    T1] SLIP: version 0.8.4-NET3.019-NEWTTY (dynamic channels, max=256) (6 bit encapsulation enabled).
[   27.404840][    T1] CSLIP: code copyright 1989 Regents of the University of California.
[   27.405847][    T1] SLIP linefill/keepalive option.
[   27.406487][    T1] hdlc: HDLC support module revision 1.22
[   27.407221][    T1] LAPB Ethernet driver version 0.02
[   27.409821][    T1] usbcore: registered new interface driver ath9k_htc
[   27.411084][    T1] usbcore: registered new interface driver carl9170
[   27.412377][    T1] usbcore: registered new interface driver ath6kl_usb
[   27.413629][    T1] usbcore: registered new interface driver ar5523
[   27.415292][    T1] usbcore: registered new interface driver ath10k_usb
[   27.416623][    T1] usbcore: registered new interface driver plfxlc
[   27.418434][    T1] mac80211_hwsim: initializing netlink
[   27.448877][    T1] usbcore: registered new interface driver atusb
[   27.460641][    T1] mac802154_hwsim mac802154_hwsim: Added 2 mac802154 hwsim hardware radios
[   27.463093][    T1] VMware vmxnet3 virtual NIC driver - version 1.9.0.0-k-NAPI
[   27.464567][    T1] usbcore: registered new interface driver catc
[   27.466201][    T1] usbcore: registered new interface driver kaweth
[   27.467189][    T1] pegasus: Pegasus/Pegasus II USB Ethernet driver
[   27.468413][    T1] usbcore: registered new interface driver pegasus
[   27.469451][    T1] usbcore: registered new interface driver rtl8150
[   27.470551][    T1] usbcore: registered new device driver r8152-cfgselector
[   27.472032][    T1] usbcore: registered new interface driver r8152
[   27.473114][    T1] usbcore: registered new interface driver hso
[   27.474250][    T1] usbcore: registered new interface driver lan78xx
[   27.475268][    T1] usbcore: registered new interface driver asix
[   27.476191][    T1] usbcore: registered new interface driver ax88179_178a
[   27.478627][    T1] usbcore: registered new interface driver cdc_ether
[   27.479671][   T50] sr 1:0:0:0: [sr0] scsi3-mmc drive: 4x/4x cd/rw xa/form2 tray
[   27.480344][    T1] usbcore: registered new interface driver cdc_eem
[   27.480736][   T50] cdrom: Uniform CD-ROM driver Revision: 3.20
[   27.482054][    T1] usbcore: registered new interface driver dm9601
[   27.484167][    T1] usbcore: registered new interface driver sr9700
[   27.485329][    T1] usbcore: registered new interface driver CoreChips
[   27.486373][    T1] usbcore: registered new interface driver smsc75xx
[   27.487795][    T1] usbcore: registered new interface driver smsc95xx
[   27.488744][    T1] usbcore: registered new interface driver gl620a
[   27.490129][    T1] usbcore: registered new interface driver net1080
[   27.491089][    T1] usbcore: registered new interface driver plusb
[   27.492064][    T1] usbcore: registered new interface driver rndis_host
[   27.493262][    T1] usbcore: registered new interface driver cdc_subset
[   27.494294][    T1] usbcore: registered new interface driver zaurus
[   27.495284][    T1] usbcore: registered new interface driver MOSCHIP usb-ethernet driver
[   27.496435][    T1] usbcore: registered new interface driver int51x1
[   27.497532][    T1] usbcore: registered new interface driver cdc_phonet
[   27.498716][    T1] usbcore: registered new interface driver kalmia
[   27.499802][    T1] usbcore: registered new interface driver ipheth
[   27.500855][    T1] usbcore: registered new interface driver sierra_net
[   27.502052][    T1] usbcore: registered new interface driver cx82310_eth
[   27.503251][    T1] usbcore: registered new interface driver cdc_ncm
[   27.504401][    T1] usbcore: registered new interface driver huawei_cdc_ncm
[   27.505636][    T1] usbcore: registered new interface driver lg-vl600
[   27.506813][    T1] usbcore: registered new interface driver qmi_wwan
[   27.508036][    T1] usbcore: registered new interface driver cdc_mbim
[   27.509189][    T1] usbcore: registered new interface driver ch9200
[   27.510326][    T1] usbcore: registered new interface driver aqc111
[   27.512000][    T1] usbcore: registered new interface driver r8153_ecm
[   27.541836][   T50] sr 1:0:0:0: Attached scsi generic sg0 type 5
[   27.547137][    T1] VFIO - User Level meta-driver version: 0.3
[   27.553385][    T1] aoe: AoE v85 initialised.
[   27.563757][    T1] SPI driver max3421-hcd has no spi_device_id for maxim,max3421
[   27.565306][    T1] usbcore: registered new interface driver cdc_acm
[   27.566159][    T1] cdc_acm: USB Abstract Control Model driver for USB modems and ISDN adapters
[   27.571169][    T1] usbcore: registered new interface driver usblp
[   27.572486][    T1] usbcore: registered new interface driver cdc_wdm
[   27.573991][    T1] usbcore: registered new interface driver usbtmc
[   27.576085][    T1] usbcore: registered new interface driver uas
[   27.577267][    T1] usbcore: registered new interface driver usb-storage
[   27.578785][    T1] usbcore: registered new interface driver ums-alauda
[   27.580027][    T1] usbcore: registered new interface driver ums-cypress
[   27.581128][    T1] usbcore: registered new interface driver ums-datafab
[   27.582219][    T1] usbcore: registered new interface driver ums_eneub6250
[   27.583398][    T1] usbcore: registered new interface driver ums-freecom
[   27.584662][    T1] usbcore: registered new interface driver ums-isd200
[   27.585815][    T1] usbcore: registered new interface driver ums-jumpshot
[   27.586839][    T1] usbcore: registered new interface driver ums-karma
[   27.589015][    T1] usbcore: registered new interface driver ums-onetouch
[   27.590848][    T1] usbcore: registered new interface driver ums-realtek
[   27.592418][    T1] usbcore: registered new interface driver ums-sddr09
[   27.593813][    T1] usbcore: registered new interface driver ums-sddr55
[   27.595126][    T1] usbcore: registered new interface driver ums-usbat
[   27.596428][    T1] usbcore: registered new interface driver mdc800
[   27.597206][    T1] mdc800: v0.7.5 (30/10/2000):USB Driver for Mustek MDC800 Digital Camera
[   27.601033][    T1] usbcore: registered new interface driver microtekX6
[   27.602815][    T1] usbcore: registered new interface driver usbserial_generic
[   27.604418][    T1] usbserial: USB Serial support registered for generic
[   27.605648][    T1] usbcore: registered new interface driver aircable
[   27.606970][    T1] usbserial: USB Serial support registered for aircable
[   27.609903][    T1] usbcore: registered new interface driver ark3116
[   27.611018][    T1] usbserial: USB Serial support registered for ark3116
[   27.612188][    T1] usbcore: registered new interface driver belkin_sa
[   27.613297][    T1] usbserial: USB Serial support registered for Belkin / Peracom / GoHubs USB Serial Adapter
[   27.614997][    T1] usbcore: registered new interface driver ch341
[   27.616064][    T1] usbserial: USB Serial support registered for ch341-uart
[   27.617262][    T1] usbcore: registered new interface driver cp210x
[   27.618439][    T1] usbserial: USB Serial support registered for cp210x
[   27.619731][    T1] usbcore: registered new interface driver cyberjack
[   27.620817][    T1] usbserial: USB Serial support registered for Reiner SCT Cyberjack USB card reader
[   27.622284][    T1] usbcore: registered new interface driver cypress_m8
[   27.623437][    T1] usbserial: USB Serial support registered for DeLorme Earthmate USB
[   27.624609][    T1] usbserial: USB Serial support registered for HID->COM RS232 Adapter
[   27.625739][    T1] usbserial: USB Serial support registered for Nokia CA-42 V2 Adapter
[   27.627095][    T1] usbcore: registered new interface driver usb_debug
[   27.628538][    T1] usbserial: USB Serial support registered for debug
[   27.629658][    T1] usbserial: USB Serial support registered for xhci_dbc
[   27.630857][    T1] usbcore: registered new interface driver digi_acceleport
[   27.632062][    T1] usbserial: USB Serial support registered for Digi 2 port USB adapter
[   27.633424][    T1] usbserial: USB Serial support registered for Digi 4 port USB adapter
[   27.634835][    T1] usbcore: registered new interface driver io_edgeport
[   27.635986][    T1] usbserial: USB Serial support registered for Edgeport 2 port adapter
[   27.637457][    T1] usbserial: USB Serial support registered for Edgeport 4 port adapter
[   27.639012][    T1] usbserial: USB Serial support registered for Edgeport 8 port adapter
[   27.640397][    T1] usbserial: USB Serial support registered for EPiC device
[   27.641643][    T1] usbcore: registered new interface driver io_ti
[   27.642720][    T1] usbserial: USB Serial support registered for Edgeport TI 1 port adapter
[   27.644131][    T1] usbserial: USB Serial support registered for Edgeport TI 2 port adapter
[   27.645534][    T1] usbcore: registered new interface driver empeg
[   27.646622][    T1] usbserial: USB Serial support registered for empeg
[   27.647992][    T1] usbcore: registered new interface driver f81534a_ctrl
[   27.649218][    T1] usbcore: registered new interface driver f81232
[   27.650318][    T1] usbserial: USB Serial support registered for f81232
[   27.651510][    T1] usbserial: USB Serial support registered for f81534a
[   27.652670][    T1] usbcore: registered new interface driver f81534
[   27.653612][    T1] usbserial: USB Serial support registered for Fintek F81532/F81534
[   27.654742][    T1] usbcore: registered new interface driver ftdi_sio
[   27.655845][    T1] usbserial: USB Serial support registered for FTDI USB Serial Device
[   27.657202][    T1] usbcore: registered new interface driver garmin_gps
[   27.658512][    T1] usbserial: USB Serial support registered for Garmin GPS usb/tty
[   27.659886][    T1] usbcore: registered new interface driver ipaq
[   27.660975][    T1] usbserial: USB Serial support registered for PocketPC PDA
[   27.662241][    T1] usbcore: registered new interface driver ipw
[   27.663300][    T1] usbserial: USB Serial support registered for IPWireless converter
[   27.664637][    T1] usbcore: registered new interface driver ir_usb
[   27.665763][    T1] usbserial: USB Serial support registered for IR Dongle
[   27.666988][    T1] usbcore: registered new interface driver iuu_phoenix
[   27.668200][    T1] usbserial: USB Serial support registered for iuu_phoenix
[   27.669436][    T1] usbcore: registered new interface driver keyspan
[   27.671115][    T1] usbserial: USB Serial support registered for Keyspan - (without firmware)
[   27.672571][    T1] usbserial: USB Serial support registered for Keyspan 1 port adapter
[   27.674123][    T1] usbserial: USB Serial support registered for Keyspan 2 port adapter
[   27.675461][    T1] usbserial: USB Serial support registered for Keyspan 4 port adapter
[   27.677115][    T1] usbcore: registered new interface driver keyspan_pda
[   27.680159][    T1] usbserial: USB Serial support registered for Keyspan PDA
[   27.681402][    T1] usbserial: USB Serial support registered for Keyspan PDA - (prerenumeration)
[   27.682951][    T1] usbcore: registered new interface driver kl5kusb105
[   27.684125][    T1] usbserial: USB Serial support registered for KL5KUSB105D / PalmConnect
[   27.685486][    T1] usbcore: registered new interface driver kobil_sct
[   27.686440][    T1] usbserial: USB Serial support registered for KOBIL USB smart card terminal
[   27.688842][    T1] usbcore: registered new interface driver mct_u232
[   27.689993][    T1] usbserial: USB Serial support registered for MCT U232
[   27.691074][    T1] usbcore: registered new interface driver metro_usb
[   27.692017][    T1] usbserial: USB Serial support registered for Metrologic USB to Serial
[   27.693216][    T1] usbcore: registered new interface driver mos7720
[   27.694182][    T1] usbserial: USB Serial support registered for Moschip 2 port adapter
[   27.695510][    T1] usbcore: registered new interface driver mos7840
[   27.696551][    T1] usbserial: USB Serial support registered for Moschip 7840/7820 USB Serial Driver
[   27.698120][    T1] usbcore: registered new interface driver mxuport
[   27.699249][    T1] usbserial: USB Serial support registered for MOXA UPort
[   27.700396][    T1] usbcore: registered new interface driver navman
[   27.701538][    T1] usbserial: USB Serial support registered for navman
[   27.702745][    T1] usbcore: registered new interface driver omninet
[   27.703857][    T1] usbserial: USB Serial support registered for ZyXEL - omni.net usb
[   27.704993][    T1] usbcore: registered new interface driver opticon
[   27.706043][    T1] usbserial: USB Serial support registered for opticon
[   27.707257][    T1] usbcore: registered new interface driver option
[   27.708409][    T1] usbserial: USB Serial support registered for GSM modem (1-port)
[   27.709733][    T1] usbcore: registered new interface driver oti6858
[   27.710874][    T1] usbserial: USB Serial support registered for oti6858
[   27.711990][    T1] usbcore: registered new interface driver pl2303
[   27.713050][    T1] usbserial: USB Serial support registered for pl2303
[   27.714212][    T1] usbcore: registered new interface driver qcaux
[   27.715332][    T1] usbserial: USB Serial support registered for qcaux
[   27.716512][    T1] usbcore: registered new interface driver qcserial
[   27.717598][    T1] usbserial: USB Serial support registered for Qualcomm USB modem
[   27.718931][    T1] usbcore: registered new interface driver quatech2
[   27.720046][    T1] usbserial: USB Serial support registered for Quatech 2nd gen USB to Serial Driver
[   27.721619][    T1] usbcore: registered new interface driver safe_serial
[   27.722807][    T1] usbserial: USB Serial support registered for safe_serial
[   27.724067][    T1] usbcore: registered new interface driver sierra
[   27.725142][    T1] usbserial: USB Serial support registered for Sierra USB modem
[   27.726477][    T1] usbcore: registered new interface driver usb_serial_simple
[   27.727745][    T1] usbserial: USB Serial support registered for carelink
[   27.728866][    T1] usbserial: USB Serial support registered for flashloader
[   27.729896][    T1] usbserial: USB Serial support registered for funsoft
[   27.731057][    T1] usbserial: USB Serial support registered for google
[   27.732208][    T1] usbserial: USB Serial support registered for hp4x
[   27.733276][    T1] usbserial: USB Serial support registered for kaufmann
[   27.734410][    T1] usbserial: USB Serial support registered for libtransistor
[   27.735611][    T1] usbserial: USB Serial support registered for moto_modem
[   27.736775][    T1] usbserial: USB Serial support registered for motorola_tetra
[   27.737931][    T1] usbserial: USB Serial support registered for nokia
[   27.739040][    T1] usbserial: USB Serial support registered for novatel_gps
[   27.740195][    T1] usbserial: USB Serial support registered for siemens_mpi
[   27.741349][    T1] usbserial: USB Serial support registered for suunto
[   27.742454][    T1] usbserial: USB Serial support registered for vivopay
[   27.743476][    T1] usbserial: USB Serial support registered for zio
[   27.744406][    T1] usbcore: registered new interface driver spcp8x5
[   27.745315][    T1] usbserial: USB Serial support registered for SPCP8x5
[   27.746809][    T1] usbcore: registered new interface driver ssu100
[   27.747983][    T1] usbserial: USB Serial support registered for Quatech SSU-100 USB to Serial Driver
[   27.749678][    T1] usbcore: registered new interface driver symbolserial
[   27.750739][    T1] usbserial: USB Serial support registered for symbol
[   27.751741][    T1] usbcore: registered new interface driver ti_usb_3410_5052
[   27.752747][    T1] usbserial: USB Serial support registered for TI USB 3410 1 port adapter
[   27.753890][    T1] usbserial: USB Serial support registered for TI USB 5052 2 port adapter
[   27.755086][    T1] usbcore: registered new interface driver upd78f0730
[   27.756125][    T1] usbserial: USB Serial support registered for upd78f0730
[   27.757124][    T1] usbcore: registered new interface driver visor
[   27.758079][    T1] usbserial: USB Serial support registered for Handspring Visor / Palm OS
[   27.759259][    T1] usbserial: USB Serial support registered for Sony Clie 5.0
[   27.760289][    T1] usbserial: USB Serial support registered for Sony Clie 3.5
[   27.761670][    T1] usbcore: registered new interface driver wishbone_serial
[   27.762916][    T1] usbserial: USB Serial support registered for wishbone_serial
[   27.764085][    T1] usbcore: registered new interface driver whiteheat
[   27.765022][    T1] usbserial: USB Serial support registered for Connect Tech - WhiteHEAT - (prerenumeration)
[   27.766382][    T1] usbserial: USB Serial support registered for Connect Tech - WhiteHEAT
[   27.768325][    T1] usbcore: registered new interface driver xr_serial
[   27.769426][    T1] usbserial: USB Serial support registered for xr_serial
[   27.770665][    T1] usbcore: registered new interface driver xsens_mt
[   27.771602][    T1] usbserial: USB Serial support registered for xsens_mt
[   27.772613][    T1] usbcore: registered new interface driver adutux
[   27.773649][    T1] usbcore: registered new interface driver appledisplay
[   27.774677][    T1] usbcore: registered new interface driver cypress_cy7c63
[   27.775708][    T1] usbcore: registered new interface driver cytherm
[   27.776661][    T1] usbcore: registered new interface driver emi26 - firmware loader
[   27.777835][    T1] usbcore: registered new interface driver emi62 - firmware loader
[   27.779107][    T1] usbcore: registered new device driver apple-mfi-fastcharge
[   27.780416][    T1] usbcore: registered new interface driver ljca
[   27.781518][    T1] usbcore: registered new interface driver idmouse
[   27.782791][    T1] usbcore: registered new interface driver iowarrior
[   27.783967][    T1] usbcore: registered new interface driver isight_firmware
[   27.785233][    T1] usbcore: registered new interface driver usblcd
[   27.786379][    T1] usbcore: registered new interface driver ldusb
[   27.787553][    T1] usbcore: registered new interface driver legousbtower
[   27.788788][    T1] usbcore: registered new interface driver usbtest
[   27.789990][    T1] usbcore: registered new interface driver usb_ehset_test
[   27.791247][    T1] usbcore: registered new interface driver trancevibrator
[   27.792514][    T1] usbcore: registered new interface driver uss720
[   27.793333][    T1] uss720: USB Parport Cable driver for Cables using the Lucent Technologies USS720 Chip
[   27.794718][    T1] uss720: NOTE: this is a special purpose driver to allow nonstandard
[   27.795969][    T1] uss720: protocols (eg. bitbang) over USS720 usb to parallel cables
[   27.797213][    T1] uss720: If you just want to connect to a printer, use usblp instead
[   27.798809][    T1] usbcore: registered new interface driver usbsevseg
[   27.799999][    T1] usbcore: registered new interface driver yurex
[   27.802094][    T1] usbcore: registered new interface driver chaoskey
[   27.803836][    T1] usbcore: registered new interface driver sisusb
[   27.805312][    T1] usbcore: registered new interface driver lvs
[   27.806684][    T1] usbcore: registered new interface driver cxacru
[   27.808105][    T1] usbcore: registered new interface driver speedtch
[   27.809509][    T1] usbcore: registered new interface driver ueagle-atm
[   27.810537][    T1] xusbatm: malformed module parameters
[   27.816617][    T1] dummy_hcd dummy_hcd.0: USB Host+Gadget Emulator, driver 02 May 2005
[   27.819005][    T1] dummy_hcd dummy_hcd.0: Dummy host controller
[   27.821856][    T1] dummy_hcd dummy_hcd.0: new USB bus registered, assigned bus number 1
[   27.825042][    T1] usb usb1: New USB device found, idVendor=1d6b, idProduct=0002, bcdDevice= 6.12
[   27.826443][    T1] usb usb1: New USB device strings: Mfr=3, Product=2, SerialNumber=1
[   27.827621][    T1] usb usb1: Product: Dummy host controller
[   27.828463][    T1] usb usb1: Manufacturer: Linux 6.12.0-rc7-g38f83a57aa8e-dirty dummy_hcd
[   27.829525][    T1] usb usb1: SerialNumber: dummy_hcd.0
[   27.834176][    T1] hub 1-0:1.0: USB hub found
[   27.835294][    T1] hub 1-0:1.0: 1 port detected
[   27.848503][    T1] SPI driver max3420-udc has no spi_device_id for maxim,max3421-udc
[   27.850352][    T1] gadgetfs: USB Gadget filesystem, version 24 Aug 2004
[   27.853332][    T1] vhci_hcd vhci_hcd.0: USB/IP Virtual Host Controller
[   27.855039][    T1] vhci_hcd vhci_hcd.0: new USB bus registered, assigned bus number 2
[   27.856580][    T1] vhci_hcd: created sysfs vhci_hcd.0
[   27.858289][    T1] usb usb2: New USB device found, idVendor=1d6b, idProduct=0002, bcdDevice= 6.12
[   27.859599][    T1] usb usb2: New USB device strings: Mfr=3, Product=2, SerialNumber=1
[   27.860814][    T1] usb usb2: Product: USB/IP Virtual Host Controller
[   27.861683][    T1] usb usb2: Manufacturer: Linux 6.12.0-rc7-g38f83a57aa8e-dirty vhci_hcd
[   27.862919][    T1] usb usb2: SerialNumber: vhci_hcd.0
[   27.867352][    T1] hub 2-0:1.0: USB hub found
[   27.868509][    T1] hub 2-0:1.0: 8 ports detected
[   27.879031][    T1] vhci_hcd vhci_hcd.0: USB/IP Virtual Host Controller
[   27.882738][    T1] vhci_hcd vhci_hcd.0: new USB bus registered, assigned bus number 3
[   27.884485][    T1] usb usb3: We don't know the algorithms for LPM for this host, disabling LPM.
[   27.886948][    T1] usb usb3: New USB device found, idVendor=1d6b, idProduct=0003, bcdDevice= 6.12
[   27.888380][    T1] usb usb3: New USB device strings: Mfr=3, Product=2, SerialNumber=1
[   27.889592][    T1] usb usb3: Product: USB/IP Virtual Host Controller
[   27.890586][    T1] usb usb3: Manufacturer: Linux 6.12.0-rc7-g38f83a57aa8e-dirty vhci_hcd
[   27.891844][    T1] usb usb3: SerialNumber: vhci_hcd.0
[   27.895528][    T1] hub 3-0:1.0: USB hub found
[   27.896365][    T1] hub 3-0:1.0: 8 ports detected
[   27.908377][    T1] vhci_hcd vhci_hcd.1: USB/IP Virtual Host Controller
[   27.910274][    T1] vhci_hcd vhci_hcd.1: new USB bus registered, assigned bus number 4
[   27.912770][    T1] usb usb4: New USB device found, idVendor=1d6b, idProduct=0002, bcdDevice= 6.12
[   27.913920][    T1] usb usb4: New USB device strings: Mfr=3, Product=2, SerialNumber=1
[   27.915018][    T1] usb usb4: Product: USB/IP Virtual Host Controller
[   27.915983][    T1] usb usb4: Manufacturer: Linux 6.12.0-rc7-g38f83a57aa8e-dirty vhci_hcd
[   27.917205][    T1] usb usb4: SerialNumber: vhci_hcd.1
[   27.922631][    T1] hub 4-0:1.0: USB hub found
[   27.923617][    T1] hub 4-0:1.0: 8 ports detected
[   27.933994][    T1] vhci_hcd vhci_hcd.1: USB/IP Virtual Host Controller
[   27.936646][    T1] vhci_hcd vhci_hcd.1: new USB bus registered, assigned bus number 5
[   27.939482][    T1] usb usb5: We don't know the algorithms for LPM for this host, disabling LPM.
[   27.941645][    T1] usb usb5: New USB device found, idVendor=1d6b, idProduct=0003, bcdDevice= 6.12
[   27.942972][    T1] usb usb5: New USB device strings: Mfr=3, Product=2, SerialNumber=1
[   27.944039][    T1] usb usb5: Product: USB/IP Virtual Host Controller
[   27.944945][    T1] usb usb5: Manufacturer: Linux 6.12.0-rc7-g38f83a57aa8e-dirty vhci_hcd
[   27.946103][    T1] usb usb5: SerialNumber: vhci_hcd.1
[   27.950230][    T1] hub 5-0:1.0: USB hub found
[   27.951104][    T1] hub 5-0:1.0: 8 ports detected
[   27.962720][    T1] vhci_hcd vhci_hcd.2: USB/IP Virtual Host Controller
[   27.964522][    T1] vhci_hcd vhci_hcd.2: new USB bus registered, assigned bus number 6
[   27.966479][    T1] usb usb6: New USB device found, idVendor=1d6b, idProduct=0002, bcdDevice= 6.12
[   27.967896][    T1] usb usb6: New USB device strings: Mfr=3, Product=2, SerialNumber=1
[   27.968933][    T1] usb usb6: Product: USB/IP Virtual Host Controller
[   27.969779][    T1] usb usb6: Manufacturer: Linux 6.12.0-rc7-g38f83a57aa8e-dirty vhci_hcd
[   27.970849][    T1] usb usb6: SerialNumber: vhci_hcd.2
[   27.974367][    T1] hub 6-0:1.0: USB hub found
[   27.975283][    T1] hub 6-0:1.0: 8 ports detected
[   27.983489][    T1] vhci_hcd vhci_hcd.2: USB/IP Virtual Host Controller
[   27.986219][    T1] vhci_hcd vhci_hcd.2: new USB bus registered, assigned bus number 7
[   27.987881][    T1] usb usb7: We don't know the algorithms for LPM for this host, disabling LPM.
[   27.989741][    T1] usb usb7: New USB device found, idVendor=1d6b, idProduct=0003, bcdDevice= 6.12
[   27.991121][    T1] usb usb7: New USB device strings: Mfr=3, Product=2, SerialNumber=1
[   27.992194][    T1] usb usb7: Product: USB/IP Virtual Host Controller
[   27.993002][    T1] usb usb7: Manufacturer: Linux 6.12.0-rc7-g38f83a57aa8e-dirty vhci_hcd
[   27.994042][    T1] usb usb7: SerialNumber: vhci_hcd.2
[   27.998350][    T1] hub 7-0:1.0: USB hub found
[   27.999277][    T1] hub 7-0:1.0: 8 ports detected
[   28.008783][    T1] vhci_hcd vhci_hcd.3: USB/IP Virtual Host Controller
[   28.012908][    T1] vhci_hcd vhci_hcd.3: new USB bus registered, assigned bus number 8
[   28.015276][    T1] usb usb8: New USB device found, idVendor=1d6b, idProduct=0002, bcdDevice= 6.12
[   28.016696][    T1] usb usb8: New USB device strings: Mfr=3, Product=2, SerialNumber=1
[   28.018118][    T1] usb usb8: Product: USB/IP Virtual Host Controller
[   28.019083][    T1] usb usb8: Manufacturer: Linux 6.12.0-rc7-g38f83a57aa8e-dirty vhci_hcd
[   28.020276][    T1] usb usb8: SerialNumber: vhci_hcd.3
[   28.023807][    T1] hub 8-0:1.0: USB hub found
[   28.024708][    T1] hub 8-0:1.0: 8 ports detected
[   28.033740][    T1] vhci_hcd vhci_hcd.3: USB/IP Virtual Host Controller
[   28.035793][    T1] vhci_hcd vhci_hcd.3: new USB bus registered, assigned bus number 9
[   28.037350][    T1] usb usb9: We don't know the algorithms for LPM for this host, disabling LPM.
[   28.039425][    T1] usb usb9: New USB device found, idVendor=1d6b, idProduct=0003, bcdDevice= 6.12
[   28.040638][    T1] usb usb9: New USB device strings: Mfr=3, Product=2, SerialNumber=1
[   28.041781][    T1] usb usb9: Product: USB/IP Virtual Host Controller
[   28.042713][    T1] usb usb9: Manufacturer: Linux 6.12.0-rc7-g38f83a57aa8e-dirty vhci_hcd
[   28.043923][    T1] usb usb9: SerialNumber: vhci_hcd.3
[   28.048769][    T1] hub 9-0:1.0: USB hub found
[   28.049663][    T1] hub 9-0:1.0: 8 ports detected
[   28.059985][    T1] vhci_hcd vhci_hcd.4: USB/IP Virtual Host Controller
[   28.063355][    T1] vhci_hcd vhci_hcd.4: new USB bus registered, assigned bus number 10
[   28.065494][    T1] usb usb10: New USB device found, idVendor=1d6b, idProduct=0002, bcdDevice= 6.12
[   28.066861][    T1] usb usb10: New USB device strings: Mfr=3, Product=2, SerialNumber=1
[   28.068250][    T1] usb usb10: Product: USB/IP Virtual Host Controller
[   28.069063][    T1] usb usb10: Manufacturer: Linux 6.12.0-rc7-g38f83a57aa8e-dirty vhci_hcd
[   28.070121][    T1] usb usb10: SerialNumber: vhci_hcd.4
[   28.073776][    T1] hub 10-0:1.0: USB hub found
[   28.074670][    T1] hub 10-0:1.0: 8 ports detected
[   28.084744][    T1] vhci_hcd vhci_hcd.4: USB/IP Virtual Host Controller
[   28.086669][    T1] vhci_hcd vhci_hcd.4: new USB bus registered, assigned bus number 11
[   28.088568][    T1] usb usb11: We don't know the algorithms for LPM for this host, disabling LPM.
[   28.090465][    T1] usb usb11: New USB device found, idVendor=1d6b, idProduct=0003, bcdDevice= 6.12
[   28.091874][    T1] usb usb11: New USB device strings: Mfr=3, Product=2, SerialNumber=1
[   28.093121][    T1] usb usb11: Product: USB/IP Virtual Host Controller
[   28.094135][    T1] usb usb11: Manufacturer: Linux 6.12.0-rc7-g38f83a57aa8e-dirty vhci_hcd
[   28.095411][    T1] usb usb11: SerialNumber: vhci_hcd.4
[   28.098918][    T1] hub 11-0:1.0: USB hub found
[   28.099828][    T1] hub 11-0:1.0: 8 ports detected
[   28.110015][    T1] vhci_hcd vhci_hcd.5: USB/IP Virtual Host Controller
[   28.113462][    T1] vhci_hcd vhci_hcd.5: new USB bus registered, assigned bus number 12
[   28.115804][    T1] usb usb12: New USB device found, idVendor=1d6b, idProduct=0002, bcdDevice= 6.12
[   28.117138][    T1] usb usb12: New USB device strings: Mfr=3, Product=2, SerialNumber=1
[   28.118438][    T1] usb usb12: Product: USB/IP Virtual Host Controller
[   28.119431][    T1] usb usb12: Manufacturer: Linux 6.12.0-rc7-g38f83a57aa8e-dirty vhci_hcd
[   28.120527][    T1] usb usb12: SerialNumber: vhci_hcd.5
[   28.124097][    T1] hub 12-0:1.0: USB hub found
[   28.125051][    T1] hub 12-0:1.0: 8 ports detected
[   28.133709][    T1] vhci_hcd vhci_hcd.5: USB/IP Virtual Host Controller
[   28.136690][    T1] vhci_hcd vhci_hcd.5: new USB bus registered, assigned bus number 13
[   28.138254][    T1] usb usb13: We don't know the algorithms for LPM for this host, disabling LPM.
[   28.140352][    T1] usb usb13: New USB device found, idVendor=1d6b, idProduct=0003, bcdDevice= 6.12
[   28.141479][    T1] usb usb13: New USB device strings: Mfr=3, Product=2, SerialNumber=1
[   28.142647][    T1] usb usb13: Product: USB/IP Virtual Host Controller
[   28.143626][    T1] usb usb13: Manufacturer: Linux 6.12.0-rc7-g38f83a57aa8e-dirty vhci_hcd
[   28.144860][    T1] usb usb13: SerialNumber: vhci_hcd.5
[   28.148649][    T1] hub 13-0:1.0: USB hub found
[   28.149421][    T1] hub 13-0:1.0: 8 ports detected
[   28.162812][    T1] vhci_hcd vhci_hcd.6: USB/IP Virtual Host Controller
[   28.164840][    T1] vhci_hcd vhci_hcd.6: new USB bus registered, assigned bus number 14
[   28.168626][    T1] usb usb14: New USB device found, idVendor=1d6b, idProduct=0002, bcdDevice= 6.12
[   28.170092][    T1] usb usb14: New USB device strings: Mfr=3, Product=2, SerialNumber=1
[   28.171380][    T1] usb usb14: Product: USB/IP Virtual Host Controller
[   28.172435][    T1] usb usb14: Manufacturer: Linux 6.12.0-rc7-g38f83a57aa8e-dirty vhci_hcd
[   28.173738][    T1] usb usb14: SerialNumber: vhci_hcd.6
[   28.177628][    T1] hub 14-0:1.0: USB hub found
[   28.178547][    T1] hub 14-0:1.0: 8 ports detected
[   28.186210][    T1] vhci_hcd vhci_hcd.6: USB/IP Virtual Host Controller
[   28.190152][    T1] vhci_hcd vhci_hcd.6: new USB bus registered, assigned bus number 15
[   28.191622][    T1] usb usb15: We don't know the algorithms for LPM for this host, disabling LPM.
[   28.193594][    T1] usb usb15: New USB device found, idVendor=1d6b, idProduct=0003, bcdDevice= 6.12
[   28.194808][    T1] usb usb15: New USB device strings: Mfr=3, Product=2, SerialNumber=1
[   28.195985][    T1] usb usb15: Product: USB/IP Virtual Host Controller
[   28.196908][    T1] usb usb15: Manufacturer: Linux 6.12.0-rc7-g38f83a57aa8e-dirty vhci_hcd
[   28.198122][    T1] usb usb15: SerialNumber: vhci_hcd.6
[   28.202043][    T1] hub 15-0:1.0: USB hub found
[   28.203038][    T1] hub 15-0:1.0: 8 ports detected
[   28.215603][    T1] vhci_hcd vhci_hcd.7: USB/IP Virtual Host Controller
[   28.218018][    T1] vhci_hcd vhci_hcd.7: new USB bus registered, assigned bus number 16
[   28.220465][    T1] usb usb16: New USB device found, idVendor=1d6b, idProduct=0002, bcdDevice= 6.12
[   28.222106][    T1] usb usb16: New USB device strings: Mfr=3, Product=2, SerialNumber=1
[   28.223651][    T1] usb usb16: Product: USB/IP Virtual Host Controller
[   28.225104][    T1] usb usb16: Manufacturer: Linux 6.12.0-rc7-g38f83a57aa8e-dirty vhci_hcd
[   28.226847][    T1] usb usb16: SerialNumber: vhci_hcd.7
[   28.230905][    T1] hub 16-0:1.0: USB hub found
[   28.231848][    T1] hub 16-0:1.0: 8 ports detected
[   28.240500][    T1] vhci_hcd vhci_hcd.7: USB/IP Virtual Host Controller
[   28.243033][    T1] vhci_hcd vhci_hcd.7: new USB bus registered, assigned bus number 17
[   28.244535][    T1] usb usb17: We don't know the algorithms for LPM for this host, disabling LPM.
[   28.246432][    T1] usb usb17: New USB device found, idVendor=1d6b, idProduct=0003, bcdDevice= 6.12
[   28.248357][    T1] usb usb17: New USB device strings: Mfr=3, Product=2, SerialNumber=1
[   28.249604][    T1] usb usb17: Product: USB/IP Virtual Host Controller
[   28.250634][    T1] usb usb17: Manufacturer: Linux 6.12.0-rc7-g38f83a57aa8e-dirty vhci_hcd
[   28.251910][    T1] usb usb17: SerialNumber: vhci_hcd.7
[   28.255556][    T1] hub 17-0:1.0: USB hub found
[   28.256414][    T1] hub 17-0:1.0: 8 ports detected
[   28.266332][    T1] vhci_hcd vhci_hcd.8: USB/IP Virtual Host Controller
[   28.268686][    T1] vhci_hcd vhci_hcd.8: new USB bus registered, assigned bus number 18
[   28.270928][    T1] usb usb18: New USB device found, idVendor=1d6b, idProduct=0002, bcdDevice= 6.12
[   28.272378][    T1] usb usb18: New USB device strings: Mfr=3, Product=2, SerialNumber=1
[   28.273681][    T1] usb usb18: Product: USB/IP Virtual Host Controller
[   28.274709][    T1] usb usb18: Manufacturer: Linux 6.12.0-rc7-g38f83a57aa8e-dirty vhci_hcd
[   28.275928][    T1] usb usb18: SerialNumber: vhci_hcd.8
[   28.279564][    T1] hub 18-0:1.0: USB hub found
[   28.280476][    T1] hub 18-0:1.0: 8 ports detected
[   28.290031][    T1] vhci_hcd vhci_hcd.8: USB/IP Virtual Host Controller
[   28.292424][    T1] vhci_hcd vhci_hcd.8: new USB bus registered, assigned bus number 19
[   28.293875][    T1] usb usb19: We don't know the algorithms for LPM for this host, disabling LPM.
[   28.295754][    T1] usb usb19: New USB device found, idVendor=1d6b, idProduct=0003, bcdDevice= 6.12
[   28.296921][    T1] usb usb19: New USB device strings: Mfr=3, Product=2, SerialNumber=1
[   28.298013][    T1] usb usb19: Product: USB/IP Virtual Host Controller
[   28.298896][    T1] usb usb19: Manufacturer: Linux 6.12.0-rc7-g38f83a57aa8e-dirty vhci_hcd
[   28.300018][    T1] usb usb19: SerialNumber: vhci_hcd.8
[   28.303684][    T1] hub 19-0:1.0: USB hub found
[   28.304567][    T1] hub 19-0:1.0: 8 ports detected
[   28.315834][    T1] vhci_hcd vhci_hcd.9: USB/IP Virtual Host Controller
[   28.317716][    T1] vhci_hcd vhci_hcd.9: new USB bus registered, assigned bus number 20
[   28.320344][    T1] usb usb20: New USB device found, idVendor=1d6b, idProduct=0002, bcdDevice= 6.12
[   28.321640][    T1] usb usb20: New USB device strings: Mfr=3, Product=2, SerialNumber=1
[   28.322731][    T1] usb usb20: Product: USB/IP Virtual Host Controller
[   28.323644][    T1] usb usb20: Manufacturer: Linux 6.12.0-rc7-g38f83a57aa8e-dirty vhci_hcd
[   28.324688][    T1] usb usb20: SerialNumber: vhci_hcd.9
[   28.328991][    T1] hub 20-0:1.0: USB hub found
[   28.329798][    T1] hub 20-0:1.0: 8 ports detected
[   28.338080][    T1] vhci_hcd vhci_hcd.9: USB/IP Virtual Host Controller
[   28.340585][    T1] vhci_hcd vhci_hcd.9: new USB bus registered, assigned bus number 21
[   28.342099][    T1] usb usb21: We don't know the algorithms for LPM for this host, disabling LPM.
[   28.344250][    T1] usb usb21: New USB device found, idVendor=1d6b, idProduct=0003, bcdDevice= 6.12
[   28.345565][    T1] usb usb21: New USB device strings: Mfr=3, Product=2, SerialNumber=1
[   28.346665][    T1] usb usb21: Product: USB/IP Virtual Host Controller
[   28.348032][    T1] usb usb21: Manufacturer: Linux 6.12.0-rc7-g38f83a57aa8e-dirty vhci_hcd
[   28.349292][    T1] usb usb21: SerialNumber: vhci_hcd.9
[   28.352874][    T1] hub 21-0:1.0: USB hub found
[   28.353775][    T1] hub 21-0:1.0: 8 ports detected
[   28.365457][    T1] vhci_hcd vhci_hcd.10: USB/IP Virtual Host Controller
[   28.367113][    T1] vhci_hcd vhci_hcd.10: new USB bus registered, assigned bus number 22
[   28.369088][    T1] usb usb22: New USB device found, idVendor=1d6b, idProduct=0002, bcdDevice= 6.12
[   28.370244][    T1] usb usb22: New USB device strings: Mfr=3, Product=2, SerialNumber=1
[   28.371371][    T1] usb usb22: Product: USB/IP Virtual Host Controller
[   28.372278][    T1] usb usb22: Manufacturer: Linux 6.12.0-rc7-g38f83a57aa8e-dirty vhci_hcd
[   28.373468][    T1] usb usb22: SerialNumber: vhci_hcd.10
[   28.377202][    T1] hub 22-0:1.0: USB hub found
[   28.378230][    T1] hub 22-0:1.0: 8 ports detected
[   28.387194][    T1] vhci_hcd vhci_hcd.10: USB/IP Virtual Host Controller
[   28.389908][    T1] vhci_hcd vhci_hcd.10: new USB bus registered, assigned bus number 23
[   28.391410][    T1] usb usb23: We don't know the algorithms for LPM for this host, disabling LPM.
[   28.393279][    T1] usb usb23: New USB device found, idVendor=1d6b, idProduct=0003, bcdDevice= 6.12
[   28.394419][    T1] usb usb23: New USB device strings: Mfr=3, Product=2, SerialNumber=1
[   28.395465][    T1] usb usb23: Product: USB/IP Virtual Host Controller
[   28.396294][    T1] usb usb23: Manufacturer: Linux 6.12.0-rc7-g38f83a57aa8e-dirty vhci_hcd
[   28.397613][    T1] usb usb23: SerialNumber: vhci_hcd.10
[   28.401459][    T1] hub 23-0:1.0: USB hub found
[   28.402420][    T1] hub 23-0:1.0: 8 ports detected
[   28.414203][    T1] vhci_hcd vhci_hcd.11: USB/IP Virtual Host Controller
[   28.416005][    T1] vhci_hcd vhci_hcd.11: new USB bus registered, assigned bus number 24
[   28.418142][    T1] usb usb24: New USB device found, idVendor=1d6b, idProduct=0002, bcdDevice= 6.12
[   28.419486][    T1] usb usb24: New USB device strings: Mfr=3, Product=2, SerialNumber=1
[   28.420597][    T1] usb usb24: Product: USB/IP Virtual Host Controller
[   28.421565][    T1] usb usb24: Manufacturer: Linux 6.12.0-rc7-g38f83a57aa8e-dirty vhci_hcd
[   28.422747][    T1] usb usb24: SerialNumber: vhci_hcd.11
[   28.426531][    T1] hub 24-0:1.0: USB hub found
[   28.427928][    T1] hub 24-0:1.0: 8 ports detected
[   28.437937][    T1] vhci_hcd vhci_hcd.11: USB/IP Virtual Host Controller
[   28.440733][    T1] vhci_hcd vhci_hcd.11: new USB bus registered, assigned bus number 25
[   28.442353][    T1] usb usb25: We don't know the algorithms for LPM for this host, disabling LPM.
[   28.444402][    T1] usb usb25: New USB device found, idVendor=1d6b, idProduct=0003, bcdDevice= 6.12
[   28.445680][    T1] usb usb25: New USB device strings: Mfr=3, Product=2, SerialNumber=1
[   28.446900][    T1] usb usb25: Product: USB/IP Virtual Host Controller
[   28.448250][    T1] usb usb25: Manufacturer: Linux 6.12.0-rc7-g38f83a57aa8e-dirty vhci_hcd
[   28.449512][    T1] usb usb25: SerialNumber: vhci_hcd.11
[   28.453100][    T1] hub 25-0:1.0: USB hub found
[   28.454036][    T1] hub 25-0:1.0: 8 ports detected
[   28.464554][    T1] vhci_hcd vhci_hcd.12: USB/IP Virtual Host Controller
[   28.467135][    T1] vhci_hcd vhci_hcd.12: new USB bus registered, assigned bus number 26
[   28.470087][    T1] usb usb26: New USB device found, idVendor=1d6b, idProduct=0002, bcdDevice= 6.12
[   28.471474][    T1] usb usb26: New USB device strings: Mfr=3, Product=2, SerialNumber=1
[   28.472713][    T1] usb usb26: Product: USB/IP Virtual Host Controller
[   28.473705][    T1] usb usb26: Manufacturer: Linux 6.12.0-rc7-g38f83a57aa8e-dirty vhci_hcd
[   28.474947][    T1] usb usb26: SerialNumber: vhci_hcd.12
[   28.479394][    T1] hub 26-0:1.0: USB hub found
[   28.480364][    T1] hub 26-0:1.0: 8 ports detected
[   28.490566][    T1] vhci_hcd vhci_hcd.12: USB/IP Virtual Host Controller
[   28.493370][    T1] vhci_hcd vhci_hcd.12: new USB bus registered, assigned bus number 27
[   28.495118][    T1] usb usb27: We don't know the algorithms for LPM for this host, disabling LPM.
[   28.497565][    T1] usb usb27: New USB device found, idVendor=1d6b, idProduct=0003, bcdDevice= 6.12
[   28.498983][    T1] usb usb27: New USB device strings: Mfr=3, Product=2, SerialNumber=1
[   28.500199][    T1] usb usb27: Product: USB/IP Virtual Host Controller
[   28.501203][    T1] usb usb27: Manufacturer: Linux 6.12.0-rc7-g38f83a57aa8e-dirty vhci_hcd
[   28.502455][    T1] usb usb27: SerialNumber: vhci_hcd.12
[   28.506880][    T1] hub 27-0:1.0: USB hub found
[   28.508511][    T1] hub 27-0:1.0: 8 ports detected
[   28.521661][    T1] vhci_hcd vhci_hcd.13: USB/IP Virtual Host Controller
[   28.524567][    T1] vhci_hcd vhci_hcd.13: new USB bus registered, assigned bus number 28
[   28.527153][    T1] usb usb28: New USB device found, idVendor=1d6b, idProduct=0002, bcdDevice= 6.12
[   28.529581][    T1] usb usb28: New USB device strings: Mfr=3, Product=2, SerialNumber=1
[   28.530834][    T1] usb usb28: Product: USB/IP Virtual Host Controller
[   28.531854][    T1] usb usb28: Manufacturer: Linux 6.12.0-rc7-g38f83a57aa8e-dirty vhci_hcd
[   28.533123][    T1] usb usb28: SerialNumber: vhci_hcd.13
[   28.537545][    T1] hub 28-0:1.0: USB hub found
[   28.538483][    T1] hub 28-0:1.0: 8 ports detected
[   28.546133][    T1] vhci_hcd vhci_hcd.13: USB/IP Virtual Host Controller
[   28.549004][    T1] vhci_hcd vhci_hcd.13: new USB bus registered, assigned bus number 29
[   28.550634][    T1] usb usb29: We don't know the algorithms for LPM for this host, disabling LPM.
[   28.552908][    T1] usb usb29: New USB device found, idVendor=1d6b, idProduct=0003, bcdDevice= 6.12
[   28.554276][    T1] usb usb29: New USB device strings: Mfr=3, Product=2, SerialNumber=1
[   28.555422][    T1] usb usb29: Product: USB/IP Virtual Host Controller
[   28.556342][    T1] usb usb29: Manufacturer: Linux 6.12.0-rc7-g38f83a57aa8e-dirty vhci_hcd
[   28.557920][    T1] usb usb29: SerialNumber: vhci_hcd.13
[   28.561625][    T1] hub 29-0:1.0: USB hub found
[   28.562530][    T1] hub 29-0:1.0: 8 ports detected
[   28.574606][    T1] vhci_hcd vhci_hcd.14: USB/IP Virtual Host Controller
[   28.576746][    T1] vhci_hcd vhci_hcd.14: new USB bus registered, assigned bus number 30
[   28.580167][    T1] usb usb30: New USB device found, idVendor=1d6b, idProduct=0002, bcdDevice= 6.12
[   28.581587][    T1] usb usb30: New USB device strings: Mfr=3, Product=2, SerialNumber=1
[   28.582841][    T1] usb usb30: Product: USB/IP Virtual Host Controller
[   28.583855][    T1] usb usb30: Manufacturer: Linux 6.12.0-rc7-g38f83a57aa8e-dirty vhci_hcd
[   28.585089][    T1] usb usb30: SerialNumber: vhci_hcd.14
[   28.589325][    T1] hub 30-0:1.0: USB hub found
[   28.590287][    T1] hub 30-0:1.0: 8 ports detected
[   28.599664][    T1] vhci_hcd vhci_hcd.14: USB/IP Virtual Host Controller
[   28.601809][    T1] vhci_hcd vhci_hcd.14: new USB bus registered, assigned bus number 31
[   28.603578][    T1] usb usb31: We don't know the algorithms for LPM for this host, disabling LPM.
[   28.605937][    T1] usb usb31: New USB device found, idVendor=1d6b, idProduct=0003, bcdDevice= 6.12
[   28.607444][    T1] usb usb31: New USB device strings: Mfr=3, Product=2, SerialNumber=1
[   28.608714][    T1] usb usb31: Product: USB/IP Virtual Host Controller
[   28.609742][    T1] usb usb31: Manufacturer: Linux 6.12.0-rc7-g38f83a57aa8e-dirty vhci_hcd
[   28.611037][    T1] usb usb31: SerialNumber: vhci_hcd.14
[   28.615277][    T1] hub 31-0:1.0: USB hub found
[   28.616258][    T1] hub 31-0:1.0: 8 ports detected
[   28.629055][    T1] vhci_hcd vhci_hcd.15: USB/IP Virtual Host Controller
[   28.631045][    T1] vhci_hcd vhci_hcd.15: new USB bus registered, assigned bus number 32
[   28.633384][    T1] usb usb32: New USB device found, idVendor=1d6b, idProduct=0002, bcdDevice= 6.12
[   28.634828][    T1] usb usb32: New USB device strings: Mfr=3, Product=2, SerialNumber=1
[   28.636036][    T1] usb usb32: Product: USB/IP Virtual Host Controller
[   28.637030][    T1] usb usb32: Manufacturer: Linux 6.12.0-rc7-g38f83a57aa8e-dirty vhci_hcd
[   28.638519][    T1] usb usb32: SerialNumber: vhci_hcd.15
[   28.642100][    T1] hub 32-0:1.0: USB hub found
[   28.643038][    T1] hub 32-0:1.0: 8 ports detected
[   28.651735][    T1] vhci_hcd vhci_hcd.15: USB/IP Virtual Host Controller
[   28.654827][    T1] vhci_hcd vhci_hcd.15: new USB bus registered, assigned bus number 33
[   28.656569][    T1] usb usb33: We don't know the algorithms for LPM for this host, disabling LPM.
[   28.659255][    T1] usb usb33: New USB device found, idVendor=1d6b, idProduct=0003, bcdDevice= 6.12
[   28.660441][    T1] usb usb33: New USB device strings: Mfr=3, Product=2, SerialNumber=1
[   28.661466][    T1] usb usb33: Product: USB/IP Virtual Host Controller
[   28.662370][    T1] usb usb33: Manufacturer: Linux 6.12.0-rc7-g38f83a57aa8e-dirty vhci_hcd
[   28.663552][    T1] usb usb33: SerialNumber: vhci_hcd.15
[   28.667129][    T1] hub 33-0:1.0: USB hub found
[   28.668012][    T1] hub 33-0:1.0: 8 ports detected
[   28.680331][    T1] usbcore: registered new device driver usbip-host
[   28.691694][    T1] i8042: PNP: PS/2 Controller [PNP0303:KBD,PNP0f13:MOU] at 0x60,0x64 irq 1,12
[   28.698777][    T1] serio: i8042 KBD port at 0x60,0x64 irq 1
[   28.701394][    T1] serio: i8042 AUX port at 0x60,0x64 irq 12
[   28.706632][    T1] mousedev: PS/2 mouse device common for all mice
[   28.711098][    T1] usbcore: registered new interface driver appletouch
[   28.712685][    T1] usbcore: registered new interface driver bcm5974
[   28.714535][    T1] usbcore: registered new interface driver synaptics_usb
[   28.715981][    T1] usbcore: registered new interface driver iforce
[   28.717275][    T1] usbcore: registered new interface driver pxrc
[   28.719781][   T25] input: AT Translated Set 2 keyboard as /devices/platform/i8042/serio0/input/input1
[   28.723470][    T1] usbcore: registered new interface driver xpad
[   28.725144][    T1] usbcore: registered new interface driver usb_acecad
[   28.726585][    T1] usbcore: registered new interface driver aiptek
[   28.730131][    T1] usbcore: registered new interface driver hanwang
[   28.731200][    T1] usbcore: registered new interface driver kbtab
[   28.732740][    T1] usbcore: registered new interface driver pegasus_notetaker
[   28.734114][    T1] usbcore: registered new interface driver usbtouchscreen
[   28.735278][    T1] usbcore: registered new interface driver sur40
[   28.736340][    T1] usbcore: registered new interface driver ati_remote2
[   28.740508][    T1] cm109: Keymap for Komunikate KIP1000 phone loaded
[   28.741746][    T1] usbcore: registered new interface driver cm109
[   28.742598][    T1] cm109: CM109 phone driver: 20080805 (C) Alfred E. Heggestad
[   28.744123][    T1] usbcore: registered new interface driver ims_pcu
[   28.745487][    T1] usbcore: registered new interface driver keyspan_remote
[   28.747620][    T1] usbcore: registered new interface driver powermate
[   28.749869][    T1] usbcore: registered new interface driver yealink
[   28.753013][    T1] rtc_cmos 00:05: RTC can wake from S4
[   28.760526][    T1] rtc_cmos 00:05: registered as rtc0
[   28.761368][    T1] rtc_cmos 00:05: alarms up to one day, y3k, 242 bytes nvram, hpet irqs
[   28.763652][    T1] i2c_dev: i2c /dev entries driver
[   28.765180][    T1] usbcore: registered new interface driver i2c-diolan-u2c
[   28.767193][    T1] usbcore: registered new interface driver i2c-cp2615
[   28.769203][    T1] usbcore: registered new interface driver RobotFuzz Open Source InterFace, OSIF
[   28.770709][    T1] usbcore: registered new interface driver i2c-tiny-usb
[   28.776141][    T1] usbcore: registered new interface driver igorplugusb
[   28.778694][    T1] usbcore: registered new interface driver iguanair
[   28.779984][    T1] usbcore: registered new interface driver imon
[   28.781210][    T1] usbcore: registered new interface driver imon_raw
[   28.782773][    T1] usbcore: registered new interface driver mceusb
[   28.784063][    T1] usbcore: registered new interface driver redrat3
[   28.785332][    T1] usbcore: registered new interface driver streamzap
[   28.786700][    T1] usbcore: registered new interface driver ir_toy
[   28.788048][    T1] usbcore: registered new interface driver ttusbir
[   28.789345][    T1] usbcore: registered new interface driver ati_remote
[   28.790664][    T1] usbcore: registered new interface driver xbox_remote
[   28.792048][    T1] b2c2-flexcop: B2C2 FlexcopII/II(b)/III digital TV receiver chip loaded successfully
[   28.793985][    T1] usbcore: registered new interface driver b2c2_flexcop_usb
[   28.795379][    T1] usbcore: registered new interface driver dvb_usb_vp7045
[   28.796732][    T1] usbcore: registered new interface driver dvb_usb_vp702x
[   28.798177][    T1] usbcore: registered new interface driver dvb_usb_gp8psk
[   28.799437][    T1] usbcore: registered new interface driver dvb_usb_dtt200u
[   28.800691][    T1] usbcore: registered new interface driver dvb_usb_a800
[   28.802100][    T1] usbcore: registered new interface driver dvb_usb_dibusb_mb
[   28.803410][    T1] usbcore: registered new interface driver dvb_usb_dibusb_mc
[   28.804709][    T1] usbcore: registered new interface driver dvb_usb_nova_t_usb2
[   28.806125][    T1] usbcore: registered new interface driver dvb_usb_umt_010
[   28.810334][    T1] usbcore: registered new interface driver dvb_usb_m920x
[   28.811586][    T1] usbcore: registered new interface driver dvb_usb_digitv
[   28.812924][    T1] usbcore: registered new interface driver dvb_usb_cxusb
[   28.814220][    T1] usbcore: registered new interface driver dvb_usb_ttusb2
[   28.815785][    T1] usbcore: registered new interface driver dvb_usb_dib0700
[   28.817109][    T1] usbcore: registered new interface driver opera1
[   28.818507][    T1] usbcore: registered new interface driver dvb_usb_af9005
[   28.819567][    T1] failing symbol_get of non-GPLONLY symbol af9005_rc_decode.
[   28.821241][    T1] failing symbol_get of non-GPLONLY symbol af9005_rc_decode.
[   28.822158][    T1] failing symbol_get of non-GPLONLY symbol rc_map_af9005_table.
[   28.823655][    T1] failing symbol_get of non-GPLONLY symbol rc_map_af9005_table.
[   28.824828][    T1] failing symbol_get of non-GPLONLY symbol rc_map_af9005_table_size.
[   28.826746][    T1] failing symbol_get of non-GPLONLY symbol rc_map_af9005_table_size.
[   28.828060][    T1] af9005: af9005_rc_decode function not found, disabling remote
[   28.829996][    T1] usbcore: registered new interface driver pctv452e
[   28.831456][    T1] usbcore: registered new interface driver dw2102
[   28.832715][    T1] usbcore: registered new interface driver dvb_usb_dtv5100
[   28.834088][    T1] usbcore: registered new interface driver cinergyT2
[   28.835381][    T1] usbcore: registered new interface driver dvb_usb_az6027
[   28.836637][    T1] usbcore: registered new interface driver dvb_usb_technisat_usb2
[   28.838180][    T1] usbcore: registered new interface driver dvb_usb_af9015
[   28.839543][    T1] usbcore: registered new interface driver dvb_usb_af9035
[   28.840762][    T1] usbcore: registered new interface driver dvb_usb_anysee
[   28.842105][    T1] usbcore: registered new interface driver dvb_usb_au6610
[   28.843348][    T1] usbcore: registered new interface driver dvb_usb_az6007
[   28.844560][    T1] usbcore: registered new interface driver dvb_usb_ce6230
[   28.845783][    T1] usbcore: registered new interface driver dvb_usb_ec168
[   28.847062][    T1] usbcore: registered new interface driver dvb_usb_lmedm04
[   28.848349][    T1] usbcore: registered new interface driver dvb_usb_gl861
[   28.849688][    T1] usbcore: registered new interface driver dvb_usb_mxl111sf
[   28.851087][    T1] usbcore: registered new interface driver dvb_usb_rtl28xxu
[   28.852410][    T1] usbcore: registered new interface driver dvb_usb_dvbsky
[   28.853649][    T1] usbcore: registered new interface driver zd1301
[   28.854835][    T1] usbcore: registered new interface driver s2255
[   28.856146][    T1] usbcore: registered new interface driver smsusb
[   28.857382][    T1] usbcore: registered new interface driver ttusb
[   28.858591][    T1] usbcore: registered new interface driver ttusb-dec
[   28.859800][    T1] usbcore: registered new interface driver Abilis Systems as10x usb driver
[   28.861243][    T1] usbcore: registered new interface driver airspy
[   28.862233][    T1] gspca_main: v2.14.0 registered
[   28.863237][    T1] usbcore: registered new interface driver benq
[   28.864407][    T1] usbcore: registered new interface driver conex
[   28.865591][    T1] usbcore: registered new interface driver cpia1
[   28.866779][    T1] usbcore: registered new interface driver dtcs033
[   28.868169][    T1] usbcore: registered new interface driver etoms
[   28.869522][    T1] usbcore: registered new interface driver finepix
[   28.870721][    T1] usbcore: registered new interface driver jeilinj
[   28.872048][    T1] usbcore: registered new interface driver jl2005bcd
[   28.873274][    T1] usbcore: registered new interface driver kinect
[   28.874448][    T1] usbcore: registered new interface driver konica
[   28.875615][    T1] usbcore: registered new interface driver mars
[   28.876790][    T1] usbcore: registered new interface driver mr97310a
[   28.878098][    T1] usbcore: registered new interface driver nw80x
[   28.879370][    T1] usbcore: registered new interface driver ov519
[   28.880536][    T1] usbcore: registered new interface driver ov534
[   28.881698][    T1] usbcore: registered new interface driver ov534_9
[   28.882956][    T1] usbcore: registered new interface driver pac207
[   28.884163][    T1] usbcore: registered new interface driver gspca_pac7302
[   28.885430][    T1] usbcore: registered new interface driver pac7311
[   28.886823][    T1] usbcore: registered new interface driver se401
[   28.888090][    T1] usbcore: registered new interface driver sn9c2028
[   28.889519][    T1] usbcore: registered new interface driver gspca_sn9c20x
[   28.890947][    T1] usbcore: registered new interface driver sonixb
[   28.892316][    T1] usbcore: registered new interface driver sonixj
[   28.893618][    T1] usbcore: registered new interface driver spca500
[   28.894888][    T1] usbcore: registered new interface driver spca501
[   28.896137][    T1] usbcore: registered new interface driver spca505
[   28.897430][    T1] usbcore: registered new interface driver spca506
[   28.900292][    T1] usbcore: registered new interface driver spca508
[   28.901645][    T1] usbcore: registered new interface driver spca561
[   28.902919][    T1] usbcore: registered new interface driver spca1528
[   28.904167][    T1] usbcore: registered new interface driver sq905
[   28.905407][    T1] usbcore: registered new interface driver sq905c
[   28.906676][    T1] usbcore: registered new interface driver sq930x
[   28.908217][    T1] usbcore: registered new interface driver sunplus
[   28.909501][    T1] usbcore: registered new interface driver stk014
[   28.910857][    T1] usbcore: registered new interface driver stk1135
[   28.912130][    T1] usbcore: registered new interface driver stv0680
[   28.913402][    T1] usbcore: registered new interface driver t613
[   28.914712][    T1] usbcore: registered new interface driver gspca_topro
[   28.916118][    T1] usbcore: registered new interface driver touptek
[   28.917423][    T1] usbcore: registered new interface driver tv8532
[   28.918725][    T1] usbcore: registered new interface driver vc032x
[   28.919964][    T1] usbcore: registered new interface driver vicam
[   28.921223][    T1] usbcore: registered new interface driver xirlink-cit
[   28.922835][    T1] usbcore: registered new interface driver gspca_zc3xx
[   28.924087][    T1] usbcore: registered new interface driver ALi m5602
[   28.925193][    T1] usbcore: registered new interface driver STV06xx
[   28.926461][    T1] usbcore: registered new interface driver gspca_gl860
[   28.928357][    T1] usbcore: registered new interface driver hackrf
[   28.929641][    T1] usbcore: registered new interface driver msi2500
[   28.931104][    T1] usbcore: registered new interface driver Philips webcam
[   28.932882][    T1] usbcore: registered new interface driver uvcvideo
[   28.933688][    T1] au0828: au0828 driver loaded
[   28.934918][    T1] usbcore: registered new interface driver au0828
[   28.936235][    T1] usbcore: registered new interface driver cx231xx
[   28.937974][    T1] usbcore: registered new interface driver em28xx
[   28.938825][    T1] em28xx: Registered (Em28xx v4l2 Extension) extension
[   28.939766][    T1] em28xx: Registered (Em28xx Audio Extension) extension
[   28.940704][    T1] em28xx: Registered (Em28xx dvb Extension) extension
[   28.941645][    T1] em28xx: Registered (Em28xx Input Extension) extension
[   28.943054][    T1] usbcore: registered new interface driver go7007
[   28.944266][    T1] usbcore: registered new interface driver go7007-loader
[   28.945527][    T1] usbcore: registered new interface driver hdpvr
[   28.947612][    T1] usbcore: registered new interface driver pvrusb2
[   28.948588][    T1] pvrusb2: V4L in-tree version:Hauppauge WinTV-PVR-USB2 MPEG2 Encoder/Tuner
[   28.950260][    T1] pvrusb2: Debug mask is 31 (0x1f)
[   28.951354][    T1] usbcore: registered new interface driver stk1160
[   28.952582][    T1] usbcore: registered new interface driver usbtv
[   28.957397][    T1] dvbdev: DVB: registering new adapter (dvb_vidtv_bridge)
[   28.963232][    T1] i2c i2c-0: DVB: registering adapter 0 frontend 0 (Dummy demod for DVB-T/T2/C/S/S2)...
[   28.965060][    T1] dvbdev: dvb_create_media_entity: media entity 'Dummy demod for DVB-T/T2/C/S/S2' registered.
[   28.977255][    T1] dvbdev: dvb_create_media_entity: media entity 'dvb-demux' registered.
[   28.985904][    T1] vidtv vidtv.0: Successfully initialized vidtv!
[   28.990166][    T1] vicodec vicodec.0: Device 'stateful-encoder' registered as /dev/video0
[   28.992013][    T1] vicodec vicodec.0: Device 'stateful-decoder' registered as /dev/video1
[   28.994067][    T1] vicodec vicodec.0: Device 'stateless-decoder' registered as /dev/video2
[   28.997684][    T1] vim2m vim2m.0: Device registered as /dev/video0
[   29.026853][    T1] vivid-000: using single planar format API
[   29.051012][    T1] vivid-000: CEC adapter cec0 registered for HDMI input
[   29.053056][    T1] vivid-000: V4L2 capture device registered as video7
[   29.054810][    T1] vivid-000: CEC adapter cec1 registered for HDMI output 0
[   29.056626][    T1] vivid-000: V4L2 output device registered as video8
[   29.058375][    T1] vivid-000: V4L2 capture device registered as vbi0, supports raw and sliced VBI
[   29.060189][    T1] vivid-000: V4L2 output device registered as vbi1, supports raw and sliced VBI
[   29.062254][    T1] vivid-000: V4L2 capture device registered as swradio0
[   29.063985][    T1] vivid-000: V4L2 receiver device registered as radio0
[   29.065753][    T1] vivid-000: V4L2 transmitter device registered as radio1
[   29.069379][    T1] vivid-000: V4L2 metadata capture device registered as video9
[   29.071676][    T1] vivid-000: V4L2 metadata output device registered as video10
[   29.073534][    T1] vivid-000: V4L2 touch capture device registered as v4l-touch0
[   29.077117][    T1] usbcore: registered new interface driver radioshark2
[   29.078505][    T1] usbcore: registered new interface driver radioshark
[   29.079819][    T1] usbcore: registered new interface driver radio-si470x
[   29.081322][    T1] usbcore: registered new interface driver radio-usb-si4713
[   29.082708][    T1] usbcore: registered new interface driver dsbr100
[   29.083963][    T1] usbcore: registered new interface driver radio-keene
[   29.085287][    T1] usbcore: registered new interface driver radio-ma901
[   29.086605][    T1] usbcore: registered new interface driver radio-mr800
[   29.088057][    T1] usbcore: registered new interface driver radio-raremono
[   29.090815][    T1] usbcore: registered new interface driver powerz
[   29.092064][    T1] usbcore: registered new interface driver pcwd_usb
[   29.105404][    T1] device-mapper: core: CONFIG_IMA_DISABLE_HTABLE is disabled. Duplicate IMA measurements will not be recorded in the IMA log.
[   29.107230][    T1] device-mapper: uevent: version 1.0.3
[   29.109283][    T1] device-mapper: ioctl: 4.48.0-ioctl (2023-03-01) initialised: dm-devel@lists.linux.dev
[   29.112082][    T1] device-mapper: multipath round-robin: version 1.2.0 loaded
[   29.113068][    T1] device-mapper: multipath queue-length: version 0.2.0 loaded
[   29.114076][    T1] device-mapper: multipath service-time: version 0.3.0 loaded
[   29.116368][    T1] Bluetooth: HCI UART driver ver 2.3
[   29.117156][    T1] Bluetooth: HCI UART protocol H4 registered
[   29.117978][    T1] Bluetooth: HCI UART protocol BCSP registered
[   29.118896][    T1] Bluetooth: HCI UART protocol LL registered
[   29.119862][    T1] Bluetooth: HCI UART protocol Three-wire (H5) registered
[   29.120988][    T1] Bluetooth: HCI UART protocol QCA registered
[   29.121819][    T1] Bluetooth: HCI UART protocol AG6XX registered
[   29.122916][    T1] Bluetooth: HCI UART protocol Marvell registered
[   29.124126][    T1] usbcore: registered new interface driver bcm203x
[   29.125370][    T1] usbcore: registered new interface driver bpa10x
[   29.126559][    T1] usbcore: registered new interface driver bfusb
[   29.128011][    T1] usbcore: registered new interface driver btusb
[   29.129590][    T1] usbcore: registered new interface driver ath3k
[   29.131299][    T1] Modular ISDN core version 1.1.29
[   29.133064][    T1] NET: Registered PF_ISDN protocol family
[   29.133971][    T1] DSP module 2.0
[   29.134516][    T1] mISDN_dsp: DSP clocks every 80 samples. This equals 1 jiffies.
[   29.168165][    T1] mISDN: Layer-1-over-IP driver Rev. 2.00
[   29.172068][    T1] 0 virtual devices registered
[   29.173083][   T25] input: ImExPS/2 Generic Explorer Mouse as /devices/platform/i8042/serio1/input/input3
[   29.173280][    T1] usbcore: registered new interface driver HFC-S_USB
[   29.175501][    T1] amd_pstate: the _CPC object is not present in SBIOS or ACPI disabled
[   29.176703][    T1] VUB300 Driver rom wait states = 1C irqpoll timeout = 0400
[   29.199186][    T1] usbcore: registered new interface driver vub300
[   29.201565][    T1] usbcore: registered new interface driver ushc
[   29.208743][    T1] iscsi: registered transport (iser)
[   29.210839][    T1] SoftiWARP attached
[   29.222878][    T1] hid: raw HID events driver (C) Jiri Kosina
[   29.273740][    T1] usbcore: registered new interface driver usbhid
[   29.274743][    T1] usbhid: USB HID core driver
[   29.296222][    T1] usbcore: registered new interface driver es2_ap_driver
[   29.297426][    T1] comedi: version 0.7.76 - http://www.comedi.org
[   29.299288][    T1] usbcore: registered new interface driver dt9812
[   29.300782][    T1] usbcore: registered new interface driver ni6501
[   29.302278][    T1] usbcore: registered new interface driver usbdux
[   29.303745][    T1] usbcore: registered new interface driver usbduxfast
[   29.305300][    T1] usbcore: registered new interface driver usbduxsigma
[   29.306890][    T1] usbcore: registered new interface driver vmk80xx
[   29.309373][    T1] usbcore: registered new interface driver r8712u
[   29.310671][    T1] greybus: registered new driver hid
[   29.312214][    T1] greybus: registered new driver gbphy
[   29.314682][    T1] gb_gbphy: registered new driver usb
[   29.315865][    T1] asus_wmi: ASUS WMI generic driver loaded
[   29.325180][    T1] gnss: GNSS driver registered with major 493
[   29.326460][    T1] usbcore: registered new interface driver gnss-usb
[   29.329259][    T1] usbcore: registered new interface driver hdm_usb
[   29.403481][    T1] usbcore: registered new interface driver snd-usb-audio
[   29.404871][    T1] usbcore: registered new interface driver snd-ua101
[   29.406178][    T1] usbcore: registered new interface driver snd-usb-usx2y
[   29.407608][    T1] usbcore: registered new interface driver snd-usb-us122l
[   29.409007][    T1] usbcore: registered new interface driver snd-usb-caiaq
[   29.410393][    T1] usbcore: registered new interface driver snd-usb-6fire
[   29.411781][    T1] usbcore: registered new interface driver snd-usb-hiface
[   29.413177][    T1] usbcore: registered new interface driver snd-bcd2000
[   29.414538][    T1] usbcore: registered new interface driver snd_usb_pod
[   29.415860][    T1] usbcore: registered new interface driver snd_usb_podhd
[   29.417220][    T1] usbcore: registered new interface driver snd_usb_toneport
[   29.418749][    T1] usbcore: registered new interface driver snd_usb_variax
[   29.422247][    T1] drop_monitor: Initializing network drop monitor service
[   29.423656][    T1] NET: Registered PF_LLC protocol family
[   29.424524][    T1] GACT probability on
[   29.425058][    T1] Mirror/redirect action on
[   29.425795][    T1] Simple TC action Loaded
[   29.430506][    T1] netem: version 1.3
[   29.431214][    T1] u32 classifier
