bash: warning: setlocale: LC_ALL: cannot change locale (en_US.UTF-8)
c[?7l[2J[0mSeaBIOS (version 1.16.2-debian-1.16.2-1)


iPXE (http://ipxe.org) 00:03.0 CA00 PCI2.10 PnP PMM+7EFCEF00+7EF0EF00 CA00
Press Ctrl-B to configure iPXE (PCI 00:03.0)...                                                                               


Booting from ROM..c[?7l[2J[    0.000000] Linux version 6.5.0-04049-gc6bc4aba0b20-dirty (root@buildkitsandbox) (gcc (Debian 12.2.0-14+deb12u1) 12.2.0, GNU ld (GNU Binutils for Debian) 2.40) #2 SMP PREEMPT_DYNAMIC Tue May  5 12:01:31 UTC 2026
[    0.000000] Command line: console=ttyS0 oops=panic nokaslr rdinit=/init
[    0.000000] BIOS-provided physical RAM map:
[    0.000000] BIOS-e820: [mem 0x0000000000000000-0x000000000009fbff] usable
[    0.000000] BIOS-e820: [mem 0x000000000009fc00-0x000000000009ffff] reserved
[    0.000000] BIOS-e820: [mem 0x00000000000f0000-0x00000000000fffff] reserved
[    0.000000] BIOS-e820: [mem 0x0000000000100000-0x000000007ffdffff] usable
[    0.000000] BIOS-e820: [mem 0x000000007ffe0000-0x000000007fffffff] reserved
[    0.000000] BIOS-e820: [mem 0x00000000feffc000-0x00000000feffffff] reserved
[    0.000000] BIOS-e820: [mem 0x00000000fffc0000-0x00000000ffffffff] reserved
[    0.000000] NX (Execute Disable) protection: active
[    0.000000] SMBIOS 2.8 present.
[    0.000000] DMI: QEMU Standard PC (i440FX + PIIX, 1996), BIOS 1.16.2-debian-1.16.2-1 04/01/2014
[    0.000000] Hypervisor detected: KVM
[    0.000000] kvm-clock: Using msrs 4b564d01 and 4b564d00
[    0.000001] kvm-clock: using sched offset of 266089343 cycles
[    0.000002] clocksource: kvm-clock: mask: 0xffffffffffffffff max_cycles: 0x1cd42e4dffb, max_idle_ns: 881590591483 ns
[    0.000004] tsc: Detected 3187.200 MHz processor
[    0.000291] last_pfn = 0x7ffe0 max_arch_pfn = 0x400000000
[    0.000309] MTRR map: 4 entries (3 fixed + 1 variable; max 19), built from 8 variable MTRRs
[    0.000310] x86/PAT: Configuration [0-7]: WB  WC  UC- UC  WB  WP  UC- WT  
[    0.001990] found SMP MP-table at [mem 0x000f5ba0-0x000f5baf]
[    0.001996] Using GB pages for direct mapping
[    0.001997] Incomplete global flushes, disabling PCID
[    0.002076] RAMDISK: [mem 0x7fe92000-0x7ffdffff]
[    0.002080] ACPI: Early table checksum verification disabled
[    0.002082] ACPI: RSDP 0x00000000000F59D0 000014 (v00 BOCHS )
[    0.002084] ACPI: RSDT 0x000000007FFE1B33 000034 (v01 BOCHS  BXPC     00000001 BXPC 00000001)
[    0.002089] ACPI: FACP 0x000000007FFE19DF 000074 (v01 BOCHS  BXPC     00000001 BXPC 00000001)
[    0.002093] ACPI: DSDT 0x000000007FFE0040 00199F (v01 BOCHS  BXPC     00000001 BXPC 00000001)
[    0.002095] ACPI: FACS 0x000000007FFE0000 000040
[    0.002096] ACPI: APIC 0x000000007FFE1A53 000080 (v01 BOCHS  BXPC     00000001 BXPC 00000001)
[    0.002098] ACPI: HPET 0x000000007FFE1AD3 000038 (v01 BOCHS  BXPC     00000001 BXPC 00000001)
[    0.002100] ACPI: WAET 0x000000007FFE1B0B 000028 (v01 BOCHS  BXPC     00000001 BXPC 00000001)
[    0.002102] ACPI: Reserving FACP table memory at [mem 0x7ffe19df-0x7ffe1a52]
[    0.002102] ACPI: Reserving DSDT table memory at [mem 0x7ffe0040-0x7ffe19de]
[    0.002103] ACPI: Reserving FACS table memory at [mem 0x7ffe0000-0x7ffe003f]
[    0.002103] ACPI: Reserving APIC table memory at [mem 0x7ffe1a53-0x7ffe1ad2]
[    0.002104] ACPI: Reserving HPET table memory at [mem 0x7ffe1ad3-0x7ffe1b0a]
[    0.002104] ACPI: Reserving WAET table memory at [mem 0x7ffe1b0b-0x7ffe1b32]
[    0.002277] No NUMA configuration found
[    0.002278] Faking a node at [mem 0x0000000000000000-0x000000007ffdffff]
[    0.002280] NODE_DATA(0) allocated [mem 0x7fe8e000-0x7fe91fff]
[    0.002287] Zone ranges:
[    0.002287]   DMA      [mem 0x0000000000001000-0x0000000000ffffff]
[    0.002288]   DMA32    [mem 0x0000000001000000-0x000000007ffdffff]
[    0.002289]   Normal   empty
[    0.002290] Movable zone start for each node
[    0.002290] Early memory node ranges
[    0.002291]   node   0: [mem 0x0000000000001000-0x000000000009efff]
[    0.002293]   node   0: [mem 0x0000000000100000-0x000000007ffdffff]
[    0.002294] Initmem setup node 0 [mem 0x0000000000001000-0x000000007ffdffff]
[    0.002875] On node 0, zone DMA: 1 pages in unavailable ranges
[    0.002910] On node 0, zone DMA: 97 pages in unavailable ranges
[    0.019196] On node 0, zone DMA32: 32 pages in unavailable ranges
[    0.170450] kasan: KernelAddressSanitizer initialized
[    0.170690] ACPI: PM-Timer IO Port: 0x608
[    0.170702] ACPI: LAPIC_NMI (acpi_id[0xff] dfl dfl lint[0x1])
[    0.170731] IOAPIC[0]: apic_id 0, version 17, address 0xfec00000, GSI 0-23
[    0.170733] ACPI: INT_SRC_OVR (bus 0 bus_irq 0 global_irq 2 dfl dfl)
[    0.170734] ACPI: INT_SRC_OVR (bus 0 bus_irq 5 global_irq 5 high level)
[    0.170735] ACPI: INT_SRC_OVR (bus 0 bus_irq 9 global_irq 9 high level)
[    0.170735] ACPI: INT_SRC_OVR (bus 0 bus_irq 10 global_irq 10 high level)
[    0.170736] ACPI: INT_SRC_OVR (bus 0 bus_irq 11 global_irq 11 high level)
[    0.170738] ACPI: Using ACPI (MADT) for SMP configuration information
[    0.170739] ACPI: HPET id: 0x8086a201 base: 0xfed00000
[    0.170741] TSC deadline timer available
[    0.170742] smpboot: Allowing 2 CPUs, 0 hotplug CPUs
[    0.170759] kvm-guest: KVM setup pv remote TLB flush
[    0.170761] kvm-guest: setup PV sched yield
[    0.170766] PM: hibernation: Registered nosave memory: [mem 0x00000000-0x00000fff]
[    0.170767] PM: hibernation: Registered nosave memory: [mem 0x0009f000-0x0009ffff]
[    0.170767] PM: hibernation: Registered nosave memory: [mem 0x000a0000-0x000effff]
[    0.170768] PM: hibernation: Registered nosave memory: [mem 0x000f0000-0x000fffff]
[    0.170769] [mem 0x80000000-0xfeffbfff] available for PCI devices
[    0.170770] Booting paravirtualized kernel on KVM
[    0.170771] clocksource: refined-jiffies: mask: 0xffffffff max_cycles: 0xffffffff, max_idle_ns: 1910969940391419 ns
[    0.178377] setup_percpu: NR_CPUS:64 nr_cpumask_bits:2 nr_cpu_ids:2 nr_node_ids:1
[    0.178594] percpu: Embedded 66 pages/cpu s232232 r8192 d29912 u1048576
[    0.178619] Kernel command line: console=ttyS0 oops=panic nokaslr rdinit=/init
[    0.178665] random: crng init done
[    0.178774] Dentry cache hash table entries: 262144 (order: 9, 2097152 bytes, linear)
[    0.178950] Inode-cache hash table entries: 131072 (order: 8, 1048576 bytes, linear)
[    0.178981] Fallback order for Node 0: 0 
[    0.178983] Built 1 zonelists, mobility grouping on.  Total pages: 515808
[    0.178984] Policy zone: DMA32
[    0.178985] mem auto-init: stack:all(zero), heap alloc:off, heap free:off
[    0.178985] stackdepot: allocating hash table via alloc_large_system_hash
[    0.179803] stackdepot hash table entries: 1048576 (order: 11, 8388608 bytes, linear)
[    0.199365] Memory: 1690656K/2096632K available (49152K kernel code, 8013K rwdata, 10276K rodata, 5700K init, 2732K bss, 405720K reserved, 0K cma-reserved)
[    0.199478] SLUB: HWalign=64, Order=0-3, MinObjects=0, CPUs=2, Nodes=1
[    0.200402] Dynamic Preempt: voluntary
[    0.200604] rcu: Preemptible hierarchical RCU implementation.
[    0.200605] rcu: 	RCU event tracing is enabled.
[    0.200605] rcu: 	RCU restricting CPUs from NR_CPUS=64 to nr_cpu_ids=2.
[    0.200606] 	Trampoline variant of Tasks RCU enabled.
[    0.200607] rcu: RCU calculated value of scheduler-enlistment delay is 100 jiffies.
[    0.200608] rcu: Adjusting geometry for rcu_fanout_leaf=16, nr_cpu_ids=2
[    0.206394] NR_IRQS: 4352, nr_irqs: 440, preallocated irqs: 16
[    0.206609] rcu: srcu_init: Setting srcu_struct sizes based on contention.
[    0.208767] Console: colour VGA+ 80x25
[    0.208792] printk: console [ttyS0] enabled
[    0.244526] ACPI: Core revision 20230628
[    0.244858] clocksource: hpet: mask: 0xffffffff max_cycles: 0xffffffff, max_idle_ns: 19112604467 ns
[    0.245417] APIC: Switch to symmetric I/O mode setup
[    0.245702] kvm-guest: setup PV IPIs
[    0.246537] ..TIMER: vector=0x30 apic1=0 pin1=2 apic2=-1 pin2=-1
[    0.246891] clocksource: tsc-early: mask: 0xffffffffffffffff max_cycles: 0x2df10e7656b, max_idle_ns: 440795364873 ns
[    0.247495] Calibrating delay loop (skipped) preset value.. 6374.40 BogoMIPS (lpj=3187200)
[    0.248038] x86/cpu: User Mode Instruction Prevention (UMIP) activated
[    0.248540] Last level iTLB entries: 4KB 0, 2MB 0, 4MB 0
[    0.248842] Last level dTLB entries: 4KB 0, 2MB 0, 4MB 0, 1GB 0
[    0.249180] Spectre V1 : Mitigation: usercopy/swapgs barriers and __user pointer sanitization
[    0.249495] Spectre V2 : Mitigation: Enhanced / Automatic IBRS
[    0.249815] Spectre V2 : Spectre v2 / SpectreRSB mitigation: Filling RSB on context switch
[    0.250273] Spectre V2 : Spectre v2 / PBRSB-eIBRS: Retire a single CALL on VMEXIT
[    0.250493] Spectre V2 : mitigation: Enabling conditional Indirect Branch Prediction Barrier
[    0.250957] Speculative Store Bypass: Mitigation: Speculative Store Bypass disabled via prctl
[    0.251492] MMIO Stale Data: Unknown: No mitigations
[    0.251778] x86/fpu: Supporting XSAVE feature 0x001: 'x87 floating point registers'
[    0.252492] x86/fpu: Supporting XSAVE feature 0x002: 'SSE registers'
[    0.252851] x86/fpu: Supporting XSAVE feature 0x004: 'AVX registers'
[    0.253211] x86/fpu: Supporting XSAVE feature 0x200: 'Protection Keys User registers'
[    0.253492] x86/fpu: xstate_offset[2]:  576, xstate_sizes[2]:  256
[    0.253855] x86/fpu: xstate_offset[9]:  832, xstate_sizes[9]:    8
[    0.254210] x86/fpu: Enabled xstate features 0x207, context size is 840 bytes, using 'compacted' format.
[    0.270303] Freeing SMP alternatives memory: 44K
[    0.270493] pid_max: default: 32768 minimum: 301
[    0.270792] LSM: initializing lsm=capability,selinux,integrity
[    0.271131] SELinux:  Initializing.
[    0.271519] Mount-cache hash table entries: 4096 (order: 3, 32768 bytes, linear)
[    0.271938] Mountpoint-cache hash table entries: 4096 (order: 3, 32768 bytes, linear)
[    0.272854] smpboot: CPU0: Intel(R) Core(TM) i9-14900K (family: 0x6, model: 0xb7, stepping: 0x1)
[    0.273492] RCU Tasks: Setting shift to 1 and lim to 1 rcu_task_cb_adjust=1.
[    0.273510] Performance Events: unsupported p6 CPU model 183 no PMU driver, software events only.
[    0.274031] signal: max sigframe size: 3632
[    0.274297] rcu: Hierarchical SRCU implementation.
[    0.274493] rcu: 	Max phase no-delay instances is 400.
[    0.275128] smp: Bringing up secondary CPUs ...
[    0.275490] smpboot: x86: Booting SMP configuration:
[    0.275507] .... node  #0, CPUs:      #1
[    0.275575] smp: Brought up 1 node, 2 CPUs
[    0.275966] smpboot: Max logical packages: 1
[    0.276212] smpboot: Total of 2 processors activated (12748.80 BogoMIPS)
[    0.276718] devtmpfs: initialized
[    0.278580] clocksource: jiffies: mask: 0xffffffff max_cycles: 0xffffffff, max_idle_ns: 1911260446275000 ns
[    0.279144] futex hash table entries: 512 (order: 3, 32768 bytes, linear)
[    0.279584] PM: RTC time: 12:05:26, date: 2026-05-05
[    0.279979] NET: Registered PF_NETLINK/PF_ROUTE protocol family
[    0.280499] audit: initializing netlink subsys (disabled)
[    0.280833] audit: type=2000 audit(1777982727.375:1): state=initialized audit_enabled=0 res=1
[    0.280833] thermal_sys: Registered thermal governor 'step_wise'
[    0.281017] thermal_sys: Registered thermal governor 'user_space'
[    0.281505] cpuidle: using governor menu
[    0.282258] PCI: Using configuration type 1 for base access
[    0.282619] kprobes: kprobe jump-optimization is enabled. All kprobes are optimized if possible.
[    0.285608] HugeTLB: registered 2.00 MiB page size, pre-allocated 0 pages
[    0.286014] HugeTLB: 28 KiB vmemmap can be freed for a 2.00 MiB page
[    0.286606] ACPI: Added _OSI(Module Device)
[    0.286853] ACPI: Added _OSI(Processor Device)
[    0.287116] ACPI: Added _OSI(3.0 _SCP Extensions)
[    0.287393] ACPI: Added _OSI(Processor Aggregator Device)
[    0.293193] ACPI: 1 ACPI AML tables successfully acquired and loaded
[    0.336184] ACPI: _OSC evaluation for CPUs failed, trying _PDC
[    0.337066] ACPI: Interpreter enabled
[    0.337306] ACPI: PM: (supports S0 S3 S4 S5)
[    0.337494] ACPI: Using IOAPIC for interrupt routing
[    0.337802] PCI: Using host bridge windows from ACPI; if necessary, use "pci=nocrs" and report a bug
[    0.338325] PCI: Using E820 reservations for host bridge windows
[    0.338813] ACPI: Enabled 2 GPEs in block 00 to 0F
[    0.348682] ACPI: PCI Root Bridge [PCI0] (domain 0000 [bus 00-ff])
[    0.349046] acpi PNP0A03:00: _OSC: OS supports [ASPM ClockPM Segments MSI HPX-Type3]
[    0.349488] acpi PNP0A03:00: _OSC: not requesting OS control; OS requires [ExtendedConfig ASPM ClockPM MSI]
[    0.349540] acpi PNP0A03:00: fail to add MMCONFIG information, can't access extended configuration space under this bridge
[    0.350320] PCI host bridge to bus 0000:00
[    0.350495] pci_bus 0000:00: root bus resource [io  0x0000-0x0cf7 window]
[    0.350882] pci_bus 0000:00: root bus resource [io  0x0d00-0xffff window]
[    0.351268] pci_bus 0000:00: root bus resource [mem 0x000a0000-0x000bffff window]
[    0.351494] pci_bus 0000:00: root bus resource [mem 0x80000000-0xfebfffff window]
[    0.351917] pci_bus 0000:00: root bus resource [mem 0x100000000-0x17fffffff window]
[    0.352353] pci_bus 0000:00: root bus resource [bus 00-ff]
[    0.352539] pci 0000:00:00.0: [8086:1237] type 00 class 0x060000
[    0.356554] pci 0000:00:01.0: [8086:7000] type 00 class 0x060100
[    0.360752] pci 0000:00:01.1: [8086:7010] type 00 class 0x010180
[    0.361963] pci 0000:00:01.1: reg 0x20: [io  0xc040-0xc04f]
[    0.362595] pci 0000:00:01.1: legacy IDE quirk: reg 0x10: [io  0x01f0-0x01f7]
[    0.362999] pci 0000:00:01.1: legacy IDE quirk: reg 0x14: [io  0x03f6]
[    0.363371] pci 0000:00:01.1: legacy IDE quirk: reg 0x18: [io  0x0170-0x0177]
[    0.363493] pci 0000:00:01.1: legacy IDE quirk: reg 0x1c: [io  0x0376]
[    0.364014] pci 0000:00:01.3: [8086:7113] type 00 class 0x068000
[    0.364575] pci 0000:00:01.3: quirk: [io  0x0600-0x063f] claimed by PIIX4 ACPI
[    0.364989] pci 0000:00:01.3: quirk: [io  0x0700-0x070f] claimed by PIIX4 SMB
[    0.365540] pci 0000:00:02.0: [1234:1111] type 00 class 0x030000
[    0.366500] pci 0000:00:02.0: reg 0x10: [mem 0xfd000000-0xfdffffff pref]
[    0.367675] pci 0000:00:02.0: reg 0x18: [mem 0xfebf0000-0xfebf0fff]
[    0.369461] pci 0000:00:02.0: reg 0x30: [mem 0xfebe0000-0xfebeffff pref]
[    0.369536] pci 0000:00:02.0: Video device with shadowed ROM at [mem 0x000c0000-0x000dffff]
[    0.373554] pci 0000:00:03.0: [8086:100e] type 00 class 0x020000
[    0.374236] pci 0000:00:03.0: reg 0x10: [mem 0xfebc0000-0xfebdffff]
[    0.374793] pci 0000:00:03.0: reg 0x14: [io  0xc000-0xc03f]
[    0.376457] pci 0000:00:03.0: reg 0x30: [mem 0xfeb80000-0xfebbffff pref]
[    0.380935] ACPI: PCI: Interrupt link LNKA configured for IRQ 10
[    0.381626] ACPI: PCI: Interrupt link LNKB configured for IRQ 10
[    0.382303] ACPI: PCI: Interrupt link LNKC configured for IRQ 11
[    0.382827] ACPI: PCI: Interrupt link LNKD configured for IRQ 11
[    0.383303] ACPI: PCI: Interrupt link LNKS configured for IRQ 9
[    0.384388] iommu: Default domain type: Translated
[    0.384493] iommu: DMA domain TLB invalidation policy: lazy mode
[    0.385012] SCSI subsystem initialized
[    0.385243] ACPI: bus type USB registered
[    0.385243] usbcore: registered new interface driver usbfs
[    0.385243] usbcore: registered new interface driver hub
[    0.385506] usbcore: registered new device driver usb
[    0.385837] pps_core: LinuxPPS API ver. 1 registered
[    0.386125] pps_core: Software ver. 5.3.6 - Copyright 2005-2007 Rodolfo Giometti <giometti@linux.it>
[    0.387509] PTP clock support registered
[    0.388552] Advanced Linux Sound Architecture Driver Initialized.
[    0.388648] NetLabel: Initializing
[    0.388851] NetLabel:  domain hash size = 128
[    0.389106] NetLabel:  protocols = UNLABELED CIPSOv4 CALIPSO
[    0.389488] NetLabel:  unlabeled traffic allowed by default
[    0.390520] PCI: Using ACPI for IRQ routing
[    0.390825] pci 0000:00:02.0: vgaarb: setting as boot VGA device
[    0.390856] pci 0000:00:02.0: vgaarb: bridge control possible
[    0.391191] pci 0000:00:02.0: vgaarb: VGA device added: decodes=io+mem,owns=io+mem,locks=none
[    0.391494] vgaarb: loaded
[    0.391712] hpet0: at MMIO 0xfed00000, IRQs 2, 8, 0
[    0.391999] hpet0: 3 comparators, 64-bit 100.000000 MHz counter
[    0.395527] clocksource: Switched to clocksource kvm-clock
[    0.396022] VFS: Disk quotas dquot_6.6.0
[    0.396266] VFS: Dquot-cache hash table entries: 512 (order 0, 4096 bytes)
[    0.396902] pnp: PnP ACPI init
[    0.398089] pnp: PnP ACPI: found 6 devices
[    0.404986] clocksource: acpi_pm: mask: 0xffffff max_cycles: 0xffffff, max_idle_ns: 2085701024 ns
[    0.405545] NET: Registered PF_INET protocol family
[    0.406023] IP idents hash table entries: 32768 (order: 6, 262144 bytes, linear)
[    0.406844] tcp_listen_portaddr_hash hash table entries: 1024 (order: 2, 16384 bytes, linear)
[    0.407340] Table-perturb hash table entries: 65536 (order: 6, 262144 bytes, linear)
[    0.407793] TCP established hash table entries: 16384 (order: 5, 131072 bytes, linear)
[    0.408271] TCP bind hash table entries: 16384 (order: 7, 524288 bytes, linear)
[    0.408726] TCP: Hash tables configured (established 16384 bind 16384)
[    0.409148] UDP hash table entries: 1024 (order: 3, 32768 bytes, linear)
[    0.409553] UDP-Lite hash table entries: 1024 (order: 3, 32768 bytes, linear)
[    0.410033] NET: Registered PF_UNIX/PF_LOCAL protocol family
[    0.410495] RPC: Registered named UNIX socket transport module.
[    0.410842] RPC: Registered udp transport module.
[    0.411118] RPC: Registered tcp transport module.
[    0.411391] RPC: Registered tcp-with-tls transport module.
[    0.411710] RPC: Registered tcp NFSv4.1 backchannel transport module.
[    0.412535] pci_bus 0000:00: resource 4 [io  0x0000-0x0cf7 window]
[    0.412899] pci_bus 0000:00: resource 5 [io  0x0d00-0xffff window]
[    0.413256] pci_bus 0000:00: resource 6 [mem 0x000a0000-0x000bffff window]
[    0.413655] pci_bus 0000:00: resource 7 [mem 0x80000000-0xfebfffff window]
[    0.414054] pci_bus 0000:00: resource 8 [mem 0x100000000-0x17fffffff window]
[    0.414548] pci 0000:00:01.0: PIIX3: Enabling Passive Release
[    0.414890] pci 0000:00:00.0: Limiting direct PCI/PCI transfers
[    0.415261] PCI: CLS 0 bytes, default 64
[    0.415620] Unpacking initramfs...
[    0.417912] RAPL PMU: API unit is 2^-32 Joules, 0 fixed counters, 10737418240 ms ovfl timer
[    0.418401] clocksource: tsc: mask: 0xffffffffffffffff max_cycles: 0x2df10e7656b, max_idle_ns: 440795364873 ns
[    0.421158] Initialise system trusted keyrings
[    0.421460] workingset: timestamp_bits=56 max_order=19 bucket_order=0
[    0.422109] NFS: Registering the id_resolver key type
[    0.422407] Key type id_resolver registered
[    0.422649] Key type id_legacy registered
[    0.422925] 9p: Installing v9fs 9p2000 file system support
[    0.427957] Key type asymmetric registered
[    0.428202] Asymmetric key parser 'x509' registered
[    0.428521] Block layer SCSI generic (bsg) driver version 0.4 loaded (major 251)
[    0.428792] Freeing initrd memory: 1336K
[    0.428981] io scheduler mq-deadline registered
[    0.429477] io scheduler kyber registered
[    0.429890] input: Power Button as /devices/LNXSYSTM:00/LNXPWRBN:00/input/input0
[    0.430417] ACPI: button: Power Button [PWRF]
[    0.431006] Serial: 8250/16550 driver, 4 ports, IRQ sharing enabled
[    0.431521] 00:04: ttyS0 at I/O 0x3f8 (irq = 4, base_baud = 115200) is a 16550A
[    0.432615] Non-volatile memory driver v1.3
[    0.432858] Linux agpgart interface v0.103
[    0.433164] ACPI: bus type drm_connector registered
[    0.436035] loop: module loaded
[    0.437209] scsi host0: ata_piix
[    0.437595] scsi host1: ata_piix
[    0.437860] ata1: PATA max MWDMA2 cmd 0x1f0 ctl 0x3f6 bmdma 0xc040 irq 14
[    0.438254] ata2: PATA max MWDMA2 cmd 0x170 ctl 0x376 bmdma 0xc048 irq 15
[    0.439059] e100: Intel(R) PRO/100 Network Driver
[    0.439332] e100: Copyright(c) 1999-2006 Intel Corporation
[    0.439660] e1000: Intel(R) PRO/1000 Network Driver
[    0.439961] e1000: Copyright (c) 1999-2006 Intel Corporation.
[    0.597986] ata2: found unknown device (class 0)
[    0.598627] ata2.00: ATAPI: QEMU DVD-ROM, 2.5+, max UDMA/100
[    0.599552] scsi 1:0:0:0: CD-ROM            QEMU     QEMU DVD-ROM     2.5+ PQ: 0 ANSI: 5
[    0.636152] sr 1:0:0:0: [sr0] scsi3-mmc drive: 4x/4x cd/rw xa/form2 tray
[    0.636546] cdrom: Uniform CD-ROM driver Revision: 3.20
[    0.644605] sr 1:0:0:0: Attached scsi generic sg0 type 5
[    0.730600] ACPI: \_SB_.LNKC: Enabled at IRQ 11
[    1.019335] e1000 0000:00:03.0 eth0: (PCI:33MHz:32-bit) 52:54:00:12:34:56
[    1.019742] e1000 0000:00:03.0 eth0: Intel(R) PRO/1000 Network Connection
[    1.020156] e1000e: Intel(R) PRO/1000 Network Driver
[    1.020441] e1000e: Copyright(c) 1999 - 2015 Intel Corporation.
[    1.020793] sky2: driver version 1.30
[    1.021249] usbcore: registered new interface driver usblp
[    1.021577] usbcore: registered new interface driver usb-storage
[    1.021976] i8042: PNP: PS/2 Controller [PNP0303:KBD,PNP0f13:MOU] at 0x60,0x64 irq 1,12
[    1.022872] serio: i8042 KBD port at 0x60,0x64 irq 1
[    1.023167] serio: i8042 AUX port at 0x60,0x64 irq 12
[    1.023733] rtc_cmos 00:05: RTC can wake from S4
[    1.024108] input: AT Translated Set 2 keyboard as /devices/platform/i8042/serio0/input/input1
[    1.025179] rtc_cmos 00:05: registered as rtc0
[    1.025618] rtc_cmos 00:05: alarms up to one day, y3k, 242 bytes nvram, hpet irqs
[    1.026312] device-mapper: ioctl: 4.48.0-ioctl (2023-03-01) initialised: dm-devel@redhat.com
[    1.026820] intel_pstate: CPU model not supported
[    1.027130] hid: raw HID events driver (C) Jiri Kosina
[    1.027645] usbcore: registered new interface driver usbhid
[    1.027994] usbhid: USB HID core driver
[    1.028811] Initializing XFRM netlink socket
[    1.029103] NET: Registered PF_INET6 protocol family
[    1.029704] Segment Routing with IPv6
[    1.029936] In-situ OAM (IOAM) with IPv6
[    1.030205] sit: IPv6, IPv4 and MPLS over IPv4 tunneling driver
[    1.030759] NET: Registered PF_PACKET protocol family
[    1.031094] 9pnet: Installing 9P2000 support
[    1.031366] Key type dns_resolver registered
[    1.031829] IPI shorthand broadcast: enabled
[    1.039153] sched_clock: Marking stable (1000000919, 38879120)->(1044545322, -5665283)
[    1.039714] registered taskstats version 1
[    1.039993] Loading compiled-in X.509 certificates
[    1.045841] PM:   Magic number: 10:154:76
[    1.046119] printk: console [netcon0] enabled
[    1.046379] netconsole: network logging started
[    1.046717] cfg80211: Loading compiled-in X.509 certificates for regulatory database
[    1.047313] kworker/u4:0 (50) used greatest stack depth: 29536 bytes left
[    1.047900] Loaded X.509 cert 'sforshee: 00b28ddf47aef9cea7'
[    1.048238] ALSA device list:
[    1.048414]   No soundcards found.
[    1.049351] Freeing unused kernel image (initmem) memory: 5700K
[    1.049636] platform regulatory.0: Direct firmware load for regulatory.db failed with error -2
[    1.049974] cfg80211: failed to load regulatory.db
[    1.055902] Write protecting the kernel read-only data: 61440k
[    1.056426] Freeing unused kernel image (rodata/data gap) memory: 2012K
[    1.064059] x86/mm: Checked W+X mappings: passed, no W+X pages found.
[    1.064347] Run /init as init process
[    1.066044] mount (54) used greatest stack depth: 28744 bytes left
[    1.066788] mount (55) used greatest stack depth: 28136 bytes left

secb: rootfs ready
---- poc begin ----
poc: start: CVE-2023-52433 nft_set_rbtree sync-GC UAF
poc: userns: uid=0
poc: nf netlink socket fd=3
poc: checkpoint 1/4: NEWTABLE + NEWSET rbtree (152 bytes)
poc:   replies: ok=2 err=0
poc: checkpoint 2/4: preload 3 rbtree elems (444 bytes)
poc:   nlerr seq=105 err=-34
poc:   nlerr seq=106 err=-34
poc:   replies: ok=1 err=2
poc: checkpoint 3/4: trigger batch (42756 bytes)
poc:   replies: ok=0 err=0
[    1.648454] input: ImExPS/2 Generic Explorer Mouse as /devices/platform/i8042/serio1/input/input3
[    2.099542] poc (60) used greatest stack depth: 27024 bytes left
poc: checkpoint 4/4: sent; on vuln kernel expect KASAN UAF in nft_rbtree_*
---- poc end rc=0 ----
secb: poc exited without crashing the kernel
[    3.339748] ACPI: PM: Preparing to enter system sleep state S5
[    3.340066] reboot: Power down
NO_CRASH_DETECTED
