bash: warning: setlocale: LC_ALL: cannot change locale (en_US.UTF-8)
c[?7l[2J[0mSeaBIOS (version 1.16.2-debian-1.16.2-1)


iPXE (http://ipxe.org) 00:03.0 CA00 PCI2.10 PnP PMM+7EFCEF00+7EF0EF00 CA00
Press Ctrl-B to configure iPXE (PCI 00:03.0)...                                                                               


Booting from ROM..c[?7l[2J[    0.000000] Linux version 6.5.0-04047-gfdc04cc2d5fd-dirty (root@buildkitsandbox) (gcc (Debian 12.2.0-14+deb12u1) 12.2.0, GNU ld (GNU Binutils for Debian) 2.40) #1 SMP PREEMPT_DYNAMIC Tue May  5 11:58:24 UTC 2026
[    0.000000] Command line: console=ttyS0 oops=panic nokaslr rdinit=/init
[    0.000000] BIOS-provided physical RAM map:
[    0.000000] BIOS-e820: [mem 0x0000000000000000-0x000000000009fbff] usable
[    0.000000] BIOS-e820: [mem 0x000000000009fc00-0x000000000009ffff] reserved
[    0.000000] BIOS-e820: [mem 0x00000000000f0000-0x00000000000fffff] reserved
[    0.000000] BIOS-e820: [mem 0x0000000000100000-0x000000007ffdffff] usable
[    0.000000] BIOS-e820: [mem 0x000000007ffe0000-0x000000007fffffff] reserved
[    0.000000] BIOS-e820: [mem 0x00000000feffc000-0x00000000feffffff] reserved
[    0.000000] BIOS-e820: [mem 0x00000000fffc0000-0x00000000ffffffff] reserved
[    0.000000] NX (Execute Disable) protection: active
[    0.000000] SMBIOS 2.8 present.
[    0.000000] DMI: QEMU Standard PC (i440FX + PIIX, 1996), BIOS 1.16.2-debian-1.16.2-1 04/01/2014
[    0.000000] Hypervisor detected: KVM
[    0.000000] kvm-clock: Using msrs 4b564d01 and 4b564d00
[    0.000001] kvm-clock: using sched offset of 253722097 cycles
[    0.000002] clocksource: kvm-clock: mask: 0xffffffffffffffff max_cycles: 0x1cd42e4dffb, max_idle_ns: 881590591483 ns
[    0.000005] tsc: Detected 3187.200 MHz processor
[    0.000304] last_pfn = 0x7ffe0 max_arch_pfn = 0x400000000
[    0.000322] MTRR map: 4 entries (3 fixed + 1 variable; max 19), built from 8 variable MTRRs
[    0.000324] x86/PAT: Configuration [0-7]: WB  WC  UC- UC  WB  WP  UC- WT  
[    0.002084] found SMP MP-table at [mem 0x000f5ba0-0x000f5baf]
[    0.002092] Using GB pages for direct mapping
[    0.002093] Incomplete global flushes, disabling PCID
[    0.002176] RAMDISK: [mem 0x7fe92000-0x7ffdffff]
[    0.002180] ACPI: Early table checksum verification disabled
[    0.002182] ACPI: RSDP 0x00000000000F59D0 000014 (v00 BOCHS )
[    0.002184] ACPI: RSDT 0x000000007FFE1B33 000034 (v01 BOCHS  BXPC     00000001 BXPC 00000001)
[    0.002189] ACPI: FACP 0x000000007FFE19DF 000074 (v01 BOCHS  BXPC     00000001 BXPC 00000001)
[    0.002193] ACPI: DSDT 0x000000007FFE0040 00199F (v01 BOCHS  BXPC     00000001 BXPC 00000001)
[    0.002195] ACPI: FACS 0x000000007FFE0000 000040
[    0.002197] ACPI: APIC 0x000000007FFE1A53 000080 (v01 BOCHS  BXPC     00000001 BXPC 00000001)
[    0.002199] ACPI: HPET 0x000000007FFE1AD3 000038 (v01 BOCHS  BXPC     00000001 BXPC 00000001)
[    0.002201] ACPI: WAET 0x000000007FFE1B0B 000028 (v01 BOCHS  BXPC     00000001 BXPC 00000001)
[    0.002203] ACPI: Reserving FACP table memory at [mem 0x7ffe19df-0x7ffe1a52]
[    0.002203] ACPI: Reserving DSDT table memory at [mem 0x7ffe0040-0x7ffe19de]
[    0.002204] ACPI: Reserving FACS table memory at [mem 0x7ffe0000-0x7ffe003f]
[    0.002204] ACPI: Reserving APIC table memory at [mem 0x7ffe1a53-0x7ffe1ad2]
[    0.002205] ACPI: Reserving HPET table memory at [mem 0x7ffe1ad3-0x7ffe1b0a]
[    0.002205] ACPI: Reserving WAET table memory at [mem 0x7ffe1b0b-0x7ffe1b32]
[    0.002383] No NUMA configuration found
[    0.002383] Faking a node at [mem 0x0000000000000000-0x000000007ffdffff]
[    0.002385] NODE_DATA(0) allocated [mem 0x7fe8e000-0x7fe91fff]
[    0.002392] Zone ranges:
[    0.002393]   DMA      [mem 0x0000000000001000-0x0000000000ffffff]
[    0.002394]   DMA32    [mem 0x0000000001000000-0x000000007ffdffff]
[    0.002395]   Normal   empty
[    0.002396] Movable zone start for each node
[    0.002396] Early memory node ranges
[    0.002397]   node   0: [mem 0x0000000000001000-0x000000000009efff]
[    0.002399]   node   0: [mem 0x0000000000100000-0x000000007ffdffff]
[    0.002400] Initmem setup node 0 [mem 0x0000000000001000-0x000000007ffdffff]
[    0.002714] On node 0, zone DMA: 1 pages in unavailable ranges
[    0.002750] On node 0, zone DMA: 97 pages in unavailable ranges
[    0.017385] On node 0, zone DMA32: 32 pages in unavailable ranges
[    0.135960] kasan: KernelAddressSanitizer initialized
[    0.136159] ACPI: PM-Timer IO Port: 0x608
[    0.136166] ACPI: LAPIC_NMI (acpi_id[0xff] dfl dfl lint[0x1])
[    0.136195] IOAPIC[0]: apic_id 0, version 17, address 0xfec00000, GSI 0-23
[    0.136197] ACPI: INT_SRC_OVR (bus 0 bus_irq 0 global_irq 2 dfl dfl)
[    0.136199] ACPI: INT_SRC_OVR (bus 0 bus_irq 5 global_irq 5 high level)
[    0.136199] ACPI: INT_SRC_OVR (bus 0 bus_irq 9 global_irq 9 high level)
[    0.136200] ACPI: INT_SRC_OVR (bus 0 bus_irq 10 global_irq 10 high level)
[    0.136201] ACPI: INT_SRC_OVR (bus 0 bus_irq 11 global_irq 11 high level)
[    0.136203] ACPI: Using ACPI (MADT) for SMP configuration information
[    0.136204] ACPI: HPET id: 0x8086a201 base: 0xfed00000
[    0.136206] TSC deadline timer available
[    0.136207] smpboot: Allowing 2 CPUs, 0 hotplug CPUs
[    0.136223] kvm-guest: KVM setup pv remote TLB flush
[    0.136225] kvm-guest: setup PV sched yield
[    0.136231] PM: hibernation: Registered nosave memory: [mem 0x00000000-0x00000fff]
[    0.136232] PM: hibernation: Registered nosave memory: [mem 0x0009f000-0x0009ffff]
[    0.136233] PM: hibernation: Registered nosave memory: [mem 0x000a0000-0x000effff]
[    0.136233] PM: hibernation: Registered nosave memory: [mem 0x000f0000-0x000fffff]
[    0.136234] [mem 0x80000000-0xfeffbfff] available for PCI devices
[    0.136235] Booting paravirtualized kernel on KVM
[    0.136237] clocksource: refined-jiffies: mask: 0xffffffff max_cycles: 0xffffffff, max_idle_ns: 1910969940391419 ns
[    0.143899] setup_percpu: NR_CPUS:64 nr_cpumask_bits:2 nr_cpu_ids:2 nr_node_ids:1
[    0.145146] percpu: Embedded 66 pages/cpu s232232 r8192 d29912 u1048576
[    0.145174] Kernel command line: console=ttyS0 oops=panic nokaslr rdinit=/init
[    0.145219] random: crng init done
[    0.145291] Dentry cache hash table entries: 262144 (order: 9, 2097152 bytes, linear)
[    0.145994] Inode-cache hash table entries: 131072 (order: 8, 1048576 bytes, linear)
[    0.146026] Fallback order for Node 0: 0 
[    0.146028] Built 1 zonelists, mobility grouping on.  Total pages: 515808
[    0.146029] Policy zone: DMA32
[    0.146030] mem auto-init: stack:all(zero), heap alloc:off, heap free:off
[    0.146031] stackdepot: allocating hash table via alloc_large_system_hash
[    0.149608] stackdepot hash table entries: 1048576 (order: 11, 8388608 bytes, linear)
[    0.169109] Memory: 1690656K/2096632K available (49152K kernel code, 8013K rwdata, 10276K rodata, 5700K init, 2732K bss, 405720K reserved, 0K cma-reserved)
[    0.169238] SLUB: HWalign=64, Order=0-3, MinObjects=0, CPUs=2, Nodes=1
[    0.170212] Dynamic Preempt: voluntary
[    0.171342] rcu: Preemptible hierarchical RCU implementation.
[    0.171342] rcu: 	RCU event tracing is enabled.
[    0.171343] rcu: 	RCU restricting CPUs from NR_CPUS=64 to nr_cpu_ids=2.
[    0.171344] 	Trampoline variant of Tasks RCU enabled.
[    0.171345] rcu: RCU calculated value of scheduler-enlistment delay is 100 jiffies.
[    0.171345] rcu: Adjusting geometry for rcu_fanout_leaf=16, nr_cpu_ids=2
[    0.177092] NR_IRQS: 4352, nr_irqs: 440, preallocated irqs: 16
[    0.177315] rcu: srcu_init: Setting srcu_struct sizes based on contention.
[    0.179507] Console: colour VGA+ 80x25
[    0.179532] printk: console [ttyS0] enabled
[    0.215098] ACPI: Core revision 20230628
[    0.215441] clocksource: hpet: mask: 0xffffffff max_cycles: 0xffffffff, max_idle_ns: 19112604467 ns
[    0.216025] APIC: Switch to symmetric I/O mode setup
[    0.216311] kvm-guest: setup PV IPIs
[    0.217166] ..TIMER: vector=0x30 apic1=0 pin1=2 apic2=-1 pin2=-1
[    0.217523] clocksource: tsc-early: mask: 0xffffffffffffffff max_cycles: 0x2df10e7656b, max_idle_ns: 440795364873 ns
[    0.218140] Calibrating delay loop (skipped) preset value.. 6374.40 BogoMIPS (lpj=3187200)
[    0.218685] x86/cpu: User Mode Instruction Prevention (UMIP) activated
[    0.219184] Last level iTLB entries: 4KB 0, 2MB 0, 4MB 0
[    0.219487] Last level dTLB entries: 4KB 0, 2MB 0, 4MB 0, 1GB 0
[    0.219824] Spectre V1 : Mitigation: usercopy/swapgs barriers and __user pointer sanitization
[    0.220137] Spectre V2 : Mitigation: Enhanced / Automatic IBRS
[    0.220460] Spectre V2 : Spectre v2 / SpectreRSB mitigation: Filling RSB on context switch
[    0.221136] Spectre V2 : Spectre v2 / PBRSB-eIBRS: Retire a single CALL on VMEXIT
[    0.221563] Spectre V2 : mitigation: Enabling conditional Indirect Branch Prediction Barrier
[    0.222042] Speculative Store Bypass: Mitigation: Speculative Store Bypass disabled via prctl
[    0.222136] MMIO Stale Data: Unknown: No mitigations
[    0.222433] x86/fpu: Supporting XSAVE feature 0x001: 'x87 floating point registers'
[    0.223136] x86/fpu: Supporting XSAVE feature 0x002: 'SSE registers'
[    0.223510] x86/fpu: Supporting XSAVE feature 0x004: 'AVX registers'
[    0.223886] x86/fpu: Supporting XSAVE feature 0x200: 'Protection Keys User registers'
[    0.224136] x86/fpu: xstate_offset[2]:  576, xstate_sizes[2]:  256
[    0.224500] x86/fpu: xstate_offset[9]:  832, xstate_sizes[9]:    8
[    0.225136] x86/fpu: Enabled xstate features 0x207, context size is 840 bytes, using 'compacted' format.
[    0.241135] Freeing SMP alternatives memory: 44K
[    0.241405] pid_max: default: 32768 minimum: 301
[    0.241711] LSM: initializing lsm=capability,selinux,integrity
[    0.242059] SELinux:  Initializing.
[    0.242193] Mount-cache hash table entries: 4096 (order: 3, 32768 bytes, linear)
[    0.242620] Mountpoint-cache hash table entries: 4096 (order: 3, 32768 bytes, linear)
[    0.244327] smpboot: CPU0: Intel(R) Core(TM) i9-14900K (family: 0x6, model: 0xb7, stepping: 0x1)
[    0.245008] RCU Tasks: Setting shift to 1 and lim to 1 rcu_task_cb_adjust=1.
[    0.245152] Performance Events: unsupported p6 CPU model 183 no PMU driver, software events only.
[    0.245675] signal: max sigframe size: 3632
[    0.245945] rcu: Hierarchical SRCU implementation.
[    0.246137] rcu: 	Max phase no-delay instances is 400.
[    0.246775] smp: Bringing up secondary CPUs ...
[    0.247161] smpboot: x86: Booting SMP configuration:
[    0.247445] .... node  #0, CPUs:      #1
[    0.247520] smp: Brought up 1 node, 2 CPUs
[    0.248137] smpboot: Max logical packages: 1
[    0.248381] smpboot: Total of 2 processors activated (12748.80 BogoMIPS)
[    0.249181] devtmpfs: initialized
[    0.251486] clocksource: jiffies: mask: 0xffffffff max_cycles: 0xffffffff, max_idle_ns: 1911260446275000 ns
[    0.251779] futex hash table entries: 512 (order: 3, 32768 bytes, linear)
[    0.252618] PM: RTC time: 12:00:39, date: 2026-05-05
[    0.253014] NET: Registered PF_NETLINK/PF_ROUTE protocol family
[    0.253325] audit: initializing netlink subsys (disabled)
[    0.253660] audit: type=2000 audit(1777982440.133:1): state=initialized audit_enabled=0 res=1
[    0.253660] thermal_sys: Registered thermal governor 'step_wise'
[    0.254137] thermal_sys: Registered thermal governor 'user_space'
[    0.254500] cpuidle: using governor menu
[    0.255270] PCI: Using configuration type 1 for base access
[    0.255722] kprobes: kprobe jump-optimization is enabled. All kprobes are optimized if possible.
[    0.258260] HugeTLB: registered 2.00 MiB page size, pre-allocated 0 pages
[    0.258667] HugeTLB: 28 KiB vmemmap can be freed for a 2.00 MiB page
[    0.259260] ACPI: Added _OSI(Module Device)
[    0.259512] ACPI: Added _OSI(Processor Device)
[    0.259778] ACPI: Added _OSI(3.0 _SCP Extensions)
[    0.260059] ACPI: Added _OSI(Processor Aggregator Device)
[    0.266558] ACPI: 1 ACPI AML tables successfully acquired and loaded
[    0.308951] ACPI: _OSC evaluation for CPUs failed, trying _PDC
[    0.309146] ACPI: Interpreter enabled
[    0.309389] ACPI: PM: (supports S0 S3 S4 S5)
[    0.309643] ACPI: Using IOAPIC for interrupt routing
[    0.309950] PCI: Using host bridge windows from ACPI; if necessary, use "pci=nocrs" and report a bug
[    0.311137] PCI: Using E820 reservations for host bridge windows
[    0.311804] ACPI: Enabled 2 GPEs in block 00 to 0F
[    0.321699] ACPI: PCI Root Bridge [PCI0] (domain 0000 [bus 00-ff])
[    0.322078] acpi PNP0A03:00: _OSC: OS supports [ASPM ClockPM Segments MSI HPX-Type3]
[    0.322137] acpi PNP0A03:00: _OSC: not requesting OS control; OS requires [ExtendedConfig ASPM ClockPM MSI]
[    0.322753] acpi PNP0A03:00: fail to add MMCONFIG information, can't access extended configuration space under this bridge
[    0.323287] PCI host bridge to bus 0000:00
[    0.323530] pci_bus 0000:00: root bus resource [io  0x0000-0x0cf7 window]
[    0.323925] pci_bus 0000:00: root bus resource [io  0x0d00-0xffff window]
[    0.325138] pci_bus 0000:00: root bus resource [mem 0x000a0000-0x000bffff window]
[    0.325575] pci_bus 0000:00: root bus resource [mem 0x80000000-0xfebfffff window]
[    0.326017] pci_bus 0000:00: root bus resource [mem 0x100000000-0x17fffffff window]
[    0.326138] pci_bus 0000:00: root bus resource [bus 00-ff]
[    0.326509] pci 0000:00:00.0: [8086:1237] type 00 class 0x060000
[    0.330546] pci 0000:00:01.0: [8086:7000] type 00 class 0x060100
[    0.334599] pci 0000:00:01.1: [8086:7010] type 00 class 0x010180
[    0.335867] pci 0000:00:01.1: reg 0x20: [io  0xc040-0xc04f]
[    0.336528] pci 0000:00:01.1: legacy IDE quirk: reg 0x10: [io  0x01f0-0x01f7]
[    0.336945] pci 0000:00:01.1: legacy IDE quirk: reg 0x14: [io  0x03f6]
[    0.337136] pci 0000:00:01.1: legacy IDE quirk: reg 0x18: [io  0x0170-0x0177]
[    0.337561] pci 0000:00:01.1: legacy IDE quirk: reg 0x1c: [io  0x0376]
[    0.338083] pci 0000:00:01.3: [8086:7113] type 00 class 0x068000
[    0.338372] pci 0000:00:01.3: quirk: [io  0x0600-0x063f] claimed by PIIX4 ACPI
[    0.338795] pci 0000:00:01.3: quirk: [io  0x0700-0x070f] claimed by PIIX4 SMB
[    0.341072] pci 0000:00:02.0: [1234:1111] type 00 class 0x030000
[    0.341664] pci 0000:00:02.0: reg 0x10: [mem 0xfd000000-0xfdffffff pref]
[    0.342726] pci 0000:00:02.0: reg 0x18: [mem 0xfebf0000-0xfebf0fff]
[    0.344315] pci 0000:00:02.0: reg 0x30: [mem 0xfebe0000-0xfebeffff pref]
[    0.345167] pci 0000:00:02.0: Video device with shadowed ROM at [mem 0x000c0000-0x000dffff]
[    0.349176] pci 0000:00:03.0: [8086:100e] type 00 class 0x020000
[    0.349873] pci 0000:00:03.0: reg 0x10: [mem 0xfebc0000-0xfebdffff]
[    0.350426] pci 0000:00:03.0: reg 0x14: [io  0xc000-0xc03f]
[    0.352137] pci 0000:00:03.0: reg 0x30: [mem 0xfeb80000-0xfebbffff pref]
[    0.357145] ACPI: PCI: Interrupt link LNKA configured for IRQ 10
[    0.357842] ACPI: PCI: Interrupt link LNKB configured for IRQ 10
[    0.358469] ACPI: PCI: Interrupt link LNKC configured for IRQ 11
[    0.359157] ACPI: PCI: Interrupt link LNKD configured for IRQ 11
[    0.359641] ACPI: PCI: Interrupt link LNKS configured for IRQ 9
[    0.360894] iommu: Default domain type: Translated
[    0.362137] iommu: DMA domain TLB invalidation policy: lazy mode
[    0.362663] SCSI subsystem initialized
[    0.362938] ACPI: bus type USB registered
[    0.363164] usbcore: registered new interface driver usbfs
[    0.363499] usbcore: registered new interface driver hub
[    0.363822] usbcore: registered new device driver usb
[    0.364154] pps_core: LinuxPPS API ver. 1 registered
[    0.364443] pps_core: Software ver. 5.3.6 - Copyright 2005-2007 Rodolfo Giometti <giometti@linux.it>
[    0.364982] PTP clock support registered
[    0.365192] Advanced Linux Sound Architecture Driver Initialized.
[    0.365861] NetLabel: Initializing
[    0.366137] NetLabel:  domain hash size = 128
[    0.366397] NetLabel:  protocols = UNLABELED CIPSOv4 CALIPSO
[    0.366761] NetLabel:  unlabeled traffic allowed by default
[    0.367168] PCI: Using ACPI for IRQ routing
[    0.367468] pci 0000:00:02.0: vgaarb: setting as boot VGA device
[    0.367500] pci 0000:00:02.0: vgaarb: bridge control possible
[    0.367838] pci 0000:00:02.0: vgaarb: VGA device added: decodes=io+mem,owns=io+mem,locks=none
[    0.368136] vgaarb: loaded
[    0.368358] hpet0: at MMIO 0xfed00000, IRQs 2, 8, 0
[    0.368649] hpet0: 3 comparators, 64-bit 100.000000 MHz counter
[    0.372170] clocksource: Switched to clocksource kvm-clock
[    0.372667] VFS: Disk quotas dquot_6.6.0
[    0.372905] VFS: Dquot-cache hash table entries: 512 (order 0, 4096 bytes)
[    0.373350] pnp: PnP ACPI init
[    0.374504] pnp: PnP ACPI: found 6 devices
[    0.381410] clocksource: acpi_pm: mask: 0xffffff max_cycles: 0xffffff, max_idle_ns: 2085701024 ns
[    0.381967] NET: Registered PF_INET protocol family
[    0.383347] IP idents hash table entries: 32768 (order: 6, 262144 bytes, linear)
[    0.384211] tcp_listen_portaddr_hash hash table entries: 1024 (order: 2, 16384 bytes, linear)
[    0.384708] Table-perturb hash table entries: 65536 (order: 6, 262144 bytes, linear)
[    0.385175] TCP established hash table entries: 16384 (order: 5, 131072 bytes, linear)
[    0.385651] TCP bind hash table entries: 16384 (order: 7, 524288 bytes, linear)
[    0.386100] TCP: Hash tables configured (established 16384 bind 16384)
[    0.386511] UDP hash table entries: 1024 (order: 3, 32768 bytes, linear)
[    0.386903] UDP-Lite hash table entries: 1024 (order: 3, 32768 bytes, linear)
[    0.387375] NET: Registered PF_UNIX/PF_LOCAL protocol family
[    0.387850] RPC: Registered named UNIX socket transport module.
[    0.388197] RPC: Registered udp transport module.
[    0.388470] RPC: Registered tcp transport module.
[    0.388744] RPC: Registered tcp-with-tls transport module.
[    0.389065] RPC: Registered tcp NFSv4.1 backchannel transport module.
[    0.390693] pci_bus 0000:00: resource 4 [io  0x0000-0x0cf7 window]
[    0.391071] pci_bus 0000:00: resource 5 [io  0x0d00-0xffff window]
[    0.391430] pci_bus 0000:00: resource 6 [mem 0x000a0000-0x000bffff window]
[    0.391830] pci_bus 0000:00: resource 7 [mem 0x80000000-0xfebfffff window]
[    0.392231] pci_bus 0000:00: resource 8 [mem 0x100000000-0x17fffffff window]
[    0.392729] pci 0000:00:01.0: PIIX3: Enabling Passive Release
[    0.393073] pci 0000:00:00.0: Limiting direct PCI/PCI transfers
[    0.393453] PCI: CLS 0 bytes, default 64
[    0.393863] Unpacking initramfs...
[    0.397980] RAPL PMU: API unit is 2^-32 Joules, 0 fixed counters, 10737418240 ms ovfl timer
[    0.398508] clocksource: tsc: mask: 0xffffffffffffffff max_cycles: 0x2df10e7656b, max_idle_ns: 440795364873 ns
[    0.406711] Freeing initrd memory: 1336K
[    0.409700] Initialise system trusted keyrings
[    0.410187] workingset: timestamp_bits=56 max_order=19 bucket_order=0
[    0.410874] NFS: Registering the id_resolver key type
[    0.411185] Key type id_resolver registered
[    0.411433] Key type id_legacy registered
[    0.411715] 9p: Installing v9fs 9p2000 file system support
[    0.416757] Key type asymmetric registered
[    0.417027] Asymmetric key parser 'x509' registered
[    0.417335] Block layer SCSI generic (bsg) driver version 0.4 loaded (major 251)
[    0.417782] io scheduler mq-deadline registered
[    0.418051] io scheduler kyber registered
[    0.418500] input: Power Button as /devices/LNXSYSTM:00/LNXPWRBN:00/input/input0
[    0.419030] ACPI: button: Power Button [PWRF]
[    0.419588] Serial: 8250/16550 driver, 4 ports, IRQ sharing enabled
[    0.420118] 00:04: ttyS0 at I/O 0x3f8 (irq = 4, base_baud = 115200) is a 16550A
[    0.421325] Non-volatile memory driver v1.3
[    0.421573] Linux agpgart interface v0.103
[    0.421888] ACPI: bus type drm_connector registered
[    0.424843] loop: module loaded
[    0.426049] scsi host0: ata_piix
[    0.426434] scsi host1: ata_piix
[    0.426703] ata1: PATA max MWDMA2 cmd 0x1f0 ctl 0x3f6 bmdma 0xc040 irq 14
[    0.427106] ata2: PATA max MWDMA2 cmd 0x170 ctl 0x376 bmdma 0xc048 irq 15
[    0.428054] e100: Intel(R) PRO/100 Network Driver
[    0.428342] e100: Copyright(c) 1999-2006 Intel Corporation
[    0.428669] e1000: Intel(R) PRO/1000 Network Driver
[    0.428956] e1000: Copyright (c) 1999-2006 Intel Corporation.
[    0.585216] ata2: found unknown device (class 0)
[    0.586630] ata2.00: ATAPI: QEMU DVD-ROM, 2.5+, max UDMA/100
[    0.588467] scsi 1:0:0:0: CD-ROM            QEMU     QEMU DVD-ROM     2.5+ PQ: 0 ANSI: 5
[    0.622095] sr 1:0:0:0: [sr0] scsi3-mmc drive: 4x/4x cd/rw xa/form2 tray
[    0.622497] cdrom: Uniform CD-ROM driver Revision: 3.20
[    0.631543] sr 1:0:0:0: Attached scsi generic sg0 type 5
[    0.720513] ACPI: \_SB_.LNKC: Enabled at IRQ 11
[    1.009437] e1000 0000:00:03.0 eth0: (PCI:33MHz:32-bit) 52:54:00:12:34:56
[    1.009843] e1000 0000:00:03.0 eth0: Intel(R) PRO/1000 Network Connection
[    1.010265] e1000e: Intel(R) PRO/1000 Network Driver
[    1.010553] e1000e: Copyright(c) 1999 - 2015 Intel Corporation.
[    1.010923] sky2: driver version 1.30
[    1.011471] usbcore: registered new interface driver usblp
[    1.011813] usbcore: registered new interface driver usb-storage
[    1.012227] i8042: PNP: PS/2 Controller [PNP0303:KBD,PNP0f13:MOU] at 0x60,0x64 irq 1,12
[    1.013146] serio: i8042 KBD port at 0x60,0x64 irq 1
[    1.013441] serio: i8042 AUX port at 0x60,0x64 irq 12
[    1.014164] rtc_cmos 00:05: RTC can wake from S4
[    1.014535] input: AT Translated Set 2 keyboard as /devices/platform/i8042/serio0/input/input1
[    1.015588] rtc_cmos 00:05: registered as rtc0
[    1.015981] rtc_cmos 00:05: alarms up to one day, y3k, 242 bytes nvram, hpet irqs
[    1.016695] device-mapper: ioctl: 4.48.0-ioctl (2023-03-01) initialised: dm-devel@redhat.com
[    1.017196] intel_pstate: CPU model not supported
[    1.017495] hid: raw HID events driver (C) Jiri Kosina
[    1.018009] usbcore: registered new interface driver usbhid
[    1.018333] usbhid: USB HID core driver
[    1.019121] Initializing XFRM netlink socket
[    1.019408] NET: Registered PF_INET6 protocol family
[    1.020013] Segment Routing with IPv6
[    1.020241] In-situ OAM (IOAM) with IPv6
[    1.020510] sit: IPv6, IPv4 and MPLS over IPv4 tunneling driver
[    1.021066] NET: Registered PF_PACKET protocol family
[    1.021393] 9pnet: Installing 9P2000 support
[    1.021663] Key type dns_resolver registered
[    1.022174] IPI shorthand broadcast: enabled
[    1.029519] sched_clock: Marking stable (990000972, 38814502)->(1030689124, -1873650)
[    1.030105] registered taskstats version 1
[    1.030345] Loading compiled-in X.509 certificates
[    1.036170] PM:   Magic number: 10:601:25
[    1.036446] printk: console [netcon0] enabled
[    1.036702] netconsole: network logging started
[    1.037055] cfg80211: Loading compiled-in X.509 certificates for regulatory database
[    1.037652] kworker/u4:1 (50) used greatest stack depth: 29536 bytes left
[    1.038280] Loaded X.509 cert 'sforshee: 00b28ddf47aef9cea7'
[    1.038653] platform regulatory.0: Direct firmware load for regulatory.db failed with error -2
[    1.039161] cfg80211: failed to load regulatory.db
[    1.039455] ALSA device list:
[    1.039631]   No soundcards found.
[    1.040573] Freeing unused kernel image (initmem) memory: 5700K
[    1.046826] Write protecting the kernel read-only data: 61440k
[    1.047328] Freeing unused kernel image (rodata/data gap) memory: 2012K
[    1.055491] x86/mm: Checked W+X mappings: passed, no W+X pages found.
[    1.055865] Run /init as init process
[    1.057392] mount (54) used greatest stack depth: 28744 bytes left
[    1.058316] mount (56) used greatest stack depth: 28736 bytes left

secb: rootfs ready
---- poc begin ----
poc: start: CVE-2023-52433 nft_set_rbtree sync-GC UAF
poc: userns: uid=0
poc: nf netlink socket fd=3
poc: checkpoint 1/4: NEWTABLE + NEWSET rbtree (152 bytes)
poc:   replies: ok=2 err=0
poc: checkpoint 2/4: preload 3 rbtree elems (444 bytes)
poc:   nlerr seq=105 err=-34
poc:   nlerr seq=106 err=-34
poc:   replies: ok=1 err=2
poc: checkpoint 3/4: trigger batch (42756 bytes)
[    1.078665] ==================================================================
[    1.079084] BUG: KASAN: slab-use-after-free in nft_set_elem_destroy+0x403/0x490
[    1.079448] Read of size 1 at addr ffff888005fc981b by task poc/60
[    1.079765] 
[    1.079863] CPU: 0 PID: 60 Comm: poc Not tainted 6.5.0-04047-gfdc04cc2d5fd-dirty #1
[    1.080273] Hardware name: QEMU Standard PC (i440FX + PIIX, 1996), BIOS 1.16.2-debian-1.16.2-1 04/01/2014
[    1.080725] Call Trace:
[    1.080847]  <TASK>
[    1.080953]  dump_stack_lvl+0x36/0x50
[    1.081136]  print_report+0xcf/0x660
[    1.081310]  ? nft_set_elem_destroy+0x403/0x490
[    1.081527]  kasan_report+0xc7/0x100
[    1.081701]  ? nft_set_elem_destroy+0x403/0x490
[    1.081919]  nft_set_elem_destroy+0x403/0x490
[    1.082137]  ? __pfx_nft_set_elem_destroy+0x10/0x10
[    1.082369]  ? kasan_save_free_info+0x2b/0x50
[    1.082578]  ? __nf_tables_abort+0x126b/0x4e00
[    1.082792]  __nf_tables_abort+0x1511/0x4e00
[    1.083000]  ? __pfx___nf_tables_abort+0x10/0x10
[    1.083224]  nf_tables_abort+0xb2/0x120
[    1.083409]  nfnetlink_rcv_batch+0x813/0x1fc0
[    1.083621]  ? __pfx_nfnetlink_rcv_batch+0x10/0x10
[    1.083848]  ? __is_insn_slot_addr+0x86/0xd0
[    1.084057]  ? kernel_text_address+0xa7/0x130
[    1.084266]  ? entry_SYSCALL_64_after_hwframe+0x6e/0xd8
[    1.084514]  ? arch_stack_walk+0xa7/0x100
[    1.084706]  ? stack_trace_save+0x90/0xd0
[    1.084898]  ? avc_has_perm_noaudit+0x8a/0x130
[    1.085116]  nfnetlink_rcv+0x2df/0x360
[    1.085295]  ? __pfx_nfnetlink_rcv+0x10/0x10
[    1.085500]  netlink_unicast+0x5c0/0x820
[    1.085688]  ? __pfx_netlink_unicast+0x10/0x10
[    1.085886]  ? kmem_cache_alloc+0xf0/0x260
[    1.086053]  netlink_sendmsg+0x7b7/0xc70
[    1.086208]  ? __pfx_netlink_sendmsg+0x10/0x10
[    1.086384]  ? __pfx_netlink_sendmsg+0x10/0x10
[    1.086559]  sock_sendmsg+0x1a4/0x210
[    1.086706]  __sys_sendto+0x1eb/0x2b0
[    1.086853]  ? __pfx___sys_sendto+0x10/0x10
[    1.087020]  ? __rseq_handle_notify_resume+0x7ce/0xc20
[    1.087222]  ? ksys_write+0xf9/0x1d0
[    1.087365]  ? __pfx_ksys_write+0x10/0x10
[    1.087523]  __x64_sys_sendto+0xdb/0x1b0
[    1.087679]  ? exit_to_user_mode_prepare+0x2a/0x110
[    1.087871]  ? syscall_exit_to_user_mode+0x2f/0x50
[    1.088063]  do_syscall_64+0x3b/0x90
[    1.088206]  entry_SYSCALL_64_after_hwframe+0x6e/0xd8
[    1.088404] RIP: 0033:0x43ba73
[    1.088528] Code: 64 89 02 48 c7 c0 ff ff ff ff eb b7 66 2e 0f 1f 84 00 00 00 00 00 90 80 3d f1 c5 06 00 00 41 89 ca 74 14 b8 2c 00 00 00 0f 05 <48> 3d 00 f0 ff ff 77 75 c3 0f 1f 40 00 55 48 83 ec 30 44 89 4c 24
[    1.089236] RSP: 002b:00007ffe4d2aaa88 EFLAGS: 00000202 ORIG_RAX: 000000000000002c
[    1.089529] RAX: ffffffffffffffda RBX: 0000000000000003 RCX: 000000000043ba73
[    1.089804] RDX: 000000000000a704 RSI: 00000000004a9300 RDI: 0000000000000003
[    1.090082] RBP: 0000000000000003 R08: 00007ffe4d2aaa94 R09: 000000000000000c
[    1.090356] R10: 0000000000000000 R11: 0000000000000202 R12: 00000000004a92ff
[    1.090630] R13: 00007ffe4d2abc50 R14: 00000000004a9300 R15: 000000000000a604
[    1.090904]  </TASK>
[    1.090995] 
[    1.091063] Allocated by task 60:
[    1.091196]  kasan_save_stack+0x33/0x60
[    1.091347]  kasan_set_track+0x25/0x30
[    1.091496]  __kasan_kmalloc+0x8f/0xa0
[    1.091644]  __kmalloc+0x59/0x160
[    1.091778]  nft_set_elem_init+0xbe/0x590
[    1.091936]  nft_add_set_elem+0x1386/0x3170
[    1.092103]  nf_tables_newsetelem+0x4f7/0x910
[    1.092275]  nfnetlink_rcv_batch+0x129a/0x1fc0
[    1.092449]  nfnetlink_rcv+0x2df/0x360
[    1.092598]  netlink_unicast+0x5c0/0x820
[    1.092752]  netlink_sendmsg+0x7b7/0xc70
[    1.092906]  sock_sendmsg+0x1a4/0x210
[    1.093054]  __sys_sendto+0x1eb/0x2b0
[    1.093200]  __x64_sys_sendto+0xdb/0x1b0
[    1.093356]  do_syscall_64+0x3b/0x90
[    1.093498]  entry_SYSCALL_64_after_hwframe+0x6e/0xd8
[    1.093694] 
[    1.093759] Freed by task 0:
[    1.093876]  kasan_save_stack+0x33/0x60
[    1.094031]  kasan_set_track+0x25/0x30
[    1.094179]  kasan_save_free_info+0x2b/0x50
[    1.094344]  __kasan_slab_free+0x10a/0x180
[    1.094505]  __kmem_cache_free+0x82/0x1c0
[    1.094663]  nft_trans_gc_trans_free+0x2fd/0x4a0
[    1.094844]  rcu_core+0x5e8/0x18b0
[    1.094981]  __do_softirq+0x1bf/0x5b5
[    1.095129] 
[    1.095195] The buggy address belongs to the object at ffff888005fc9800
[    1.095195]  which belongs to the cache kmalloc-128 of size 128
[    1.095667] The buggy address is located 27 bytes inside of
[    1.095667]  freed 128-byte region [ffff888005fc9800, ffff888005fc9880)
[    1.096132] 
[    1.096198] The buggy address belongs to the physical page:
[    1.096413] page:0000000090063aa3 refcount:1 mapcount:0 mapping:0000000000000000 index:0x0 pfn:0x5fc9
[    1.096765] flags: 0x100000000000200(slab|node=0|zone=1)
[    1.096972] page_type: 0xffffffff()
[    1.097115] raw: 0100000000000200 ffff8880068418c0 dead000000000122 0000000000000000
[    1.097411] raw: 0000000000000000 0000000000100010 00000001ffffffff 0000000000000000
[    1.097707] page dumped because: kasan: bad access detected
[    1.097922] 
[    1.097988] Memory state around the buggy address:
[    1.098179]  ffff888005fc9700: fa fb fb fb fb fb fb fb fb fb fb fb fb fb fb fb
[    1.098461]  ffff888005fc9780: fc fc fc fc fc fc fc fc fc fc fc fc fc fc fc fc
[    1.098744] >ffff888005fc9800: fa fb fb fb fb fb fb fb fb fb fb fb fb fb fb fb
[    1.099029]                             ^
[    1.099188]  ffff888005fc9880: fc fc fc fc fc fc fc fc fc fc fc fc fc fc fc fc
[    1.099475]  ffff888005fc9900: fa fb fb fb fb fb fb fb fb fb fb fb fb fb fb fb
[    1.099761] ==================================================================
[    1.100059] Disabling lock debugging due to kernel taint
poc:   replies: ok=0 err=0
[    1.633381] input: ImExPS/2 Generic Explorer Mouse as /devices/platform/i8042/serio1/input/input3
[    2.105326] poc (60) used greatest stack depth: 26128 bytes left
poc: checkpoint 4/4: sent; on vuln kernel expect KASAN UAF in nft_rbtree_*
---- poc end rc=0 ----
secb: poc exited without crashing the kernel
[    3.358370] ACPI: PM: Preparing to enter system sleep state S5
[    3.358737] reboot: Power down
CONFIRMED: KASAN_UAF
