bash: warning: setlocale: LC_ALL: cannot change locale (en_US.UTF-8)
c[?7l[2J[0mSeaBIOS (version 1.16.2-debian-1.16.2-1)
Booting from ROM...
c[?7l[2Jearly console in extract_kernel
input_data: 0x000000000dc73298
input_len: 0x0000000005173458
output: 0x0000000001000000
output_len: 0x0000000010150ad8
kernel_total_size: 0x0000000011e26000
needed_size: 0x0000000012000000
trampoline_32bit: 0x0000000000000000

Decompressing Linux... Parsing ELF... done.
Booting the kernel (entry_offset: 0x0000000000000080).
[    0.000000][    T0] Linux version 6.7.0-09930-g1d9920f69e02-dirty (root@buildkitsandbox) (gcc (Debian 12.2.0-14+deb12u1) 12.2.0, GNU ld (GNU Binutils for Debian) 2.40) #2 SMP PREEMPT_DYNAMIC Mon May 25 17:02:09 UTC 2026
[    0.000000][    T0] Command line: console=ttyS0 oops=panic panic=86400 nokaslr earlyprintk=serial rdinit=/init
[    0.000000][    T0] KERNEL supported cpus:
[    0.000000][    T0]   Intel GenuineIntel
[    0.000000][    T0]   AMD AuthenticAMD
[    0.000000][    T0] BIOS-provided physical RAM map:
[    0.000000][    T0] BIOS-e820: [mem 0x0000000000000000-0x000000000009fbff] usable
[    0.000000][    T0] BIOS-e820: [mem 0x000000000009fc00-0x000000000009ffff] reserved
[    0.000000][    T0] BIOS-e820: [mem 0x00000000000f0000-0x00000000000fffff] reserved
[    0.000000][    T0] BIOS-e820: [mem 0x0000000000100000-0x000000007ffdffff] usable
[    0.000000][    T0] BIOS-e820: [mem 0x000000007ffe0000-0x000000007fffffff] reserved
[    0.000000][    T0] BIOS-e820: [mem 0x00000000feffc000-0x00000000feffffff] reserved
[    0.000000][    T0] BIOS-e820: [mem 0x00000000fffc0000-0x00000000ffffffff] reserved
[    0.000000][    T0] BIOS-e820: [mem 0x000000fd00000000-0x000000ffffffffff] reserved
[    0.000000][    T0] printk: legacy bootconsole [earlyser0] enabled
[    0.000000][    T0] NX (Execute Disable) protection: active
[    0.000000][    T0] APIC: Static calls initialized
[    0.000000][    T0] SMBIOS 2.8 present.
[    0.000000][    T0] DMI: QEMU Standard PC (i440FX + PIIX, 1996), BIOS 1.16.2-debian-1.16.2-1 04/01/2014
[    0.000000][    T0] Hypervisor detected: KVM
[    0.000000][    T0] kvm-clock: Using msrs 4b564d01 and 4b564d00
[    0.000002][    T0] kvm-clock: using sched offset of 971146164 cycles
[    0.000663][    T0] clocksource: kvm-clock: mask: 0xffffffffffffffff max_cycles: 0x1cd42e4dffb, max_idle_ns: 881590591483 ns
[    0.002628][    T0] tsc: Detected 3493.436 MHz processor
[    0.009226][    T0] last_pfn = 0x7ffe0 max_arch_pfn = 0x400000000
[    0.009943][    T0] MTRR map: 4 entries (3 fixed + 1 variable; max 19), built from 8 variable MTRRs
[    0.010971][    T0] x86/PAT: Configuration [0-7]: WB  WC  UC- UC  WB  WP  UC- WT  
[    0.014631][    T0] found SMP MP-table at [mem 0x000f5ba0-0x000f5baf]
[    0.015368][    T0] Using GB pages for direct mapping
[    0.017709][    T0] RAMDISK: [mem 0x7fe8c000-0x7ffdffff]
[    0.018317][    T0] ACPI: Early table checksum verification disabled
[    0.019027][    T0] ACPI: RSDP 0x00000000000F59D0 000014 (v00 BOCHS )
[    0.019757][    T0] ACPI: RSDT 0x000000007FFE1B33 000034 (v01 BOCHS  BXPC     00000001 BXPC 00000001)
[    0.020796][    T0] ACPI: FACP 0x000000007FFE19DF 000074 (v01 BOCHS  BXPC     00000001 BXPC 00000001)
[    0.021839][    T0] ACPI: DSDT 0x000000007FFE0040 00199F (v01 BOCHS  BXPC     00000001 BXPC 00000001)
[    0.022879][    T0] ACPI: FACS 0x000000007FFE0000 000040
[    0.023479][    T0] ACPI: APIC 0x000000007FFE1A53 000080 (v01 BOCHS  BXPC     00000001 BXPC 00000001)
[    0.024516][    T0] ACPI: HPET 0x000000007FFE1AD3 000038 (v01 BOCHS  BXPC     00000001 BXPC 00000001)
[    0.025586][    T0] ACPI: WAET 0x000000007FFE1B0B 000028 (v01 BOCHS  BXPC     00000001 BXPC 00000001)
[    0.026626][    T0] ACPI: Reserving FACP table memory at [mem 0x7ffe19df-0x7ffe1a52]
[    0.027491][    T0] ACPI: Reserving DSDT table memory at [mem 0x7ffe0040-0x7ffe19de]
[    0.028358][    T0] ACPI: Reserving FACS table memory at [mem 0x7ffe0000-0x7ffe003f]
[    0.029219][    T0] ACPI: Reserving APIC table memory at [mem 0x7ffe1a53-0x7ffe1ad2]
[    0.030091][    T0] ACPI: Reserving HPET table memory at [mem 0x7ffe1ad3-0x7ffe1b0a]
[    0.030951][    T0] ACPI: Reserving WAET table memory at [mem 0x7ffe1b0b-0x7ffe1b32]
[    0.032512][    T0] No NUMA configuration found
[    0.033030][    T0] Faking a node at [mem 0x0000000000000000-0x000000007ffdffff]
[    0.033854][    T0] NODE_DATA(0) allocated [mem 0x7fe86000-0x7fe8bfff]
[    0.038019][    T0] Zone ranges:
[    0.038429][    T0]   DMA      [mem 0x0000000000001000-0x0000000000ffffff]
[    0.039202][    T0]   DMA32    [mem 0x0000000001000000-0x000000007ffdffff]
[    0.039966][    T0]   Normal   empty
[    0.040373][    T0]   Device   empty
[    0.040777][    T0] Movable zone start for each node
[    0.041327][    T0] Early memory node ranges
[    0.041801][    T0]   node   0: [mem 0x0000000000001000-0x000000000009efff]
[    0.042596][    T0]   node   0: [mem 0x0000000000100000-0x000000007ffdffff]
[    0.043372][    T0] Initmem setup node 0 [mem 0x0000000000001000-0x000000007ffdffff]
[    0.044250][    T0] On node 0, zone DMA: 1 pages in unavailable ranges
[    0.045164][    T0] On node 0, zone DMA: 97 pages in unavailable ranges
[    0.068921][    T0] On node 0, zone DMA32: 32 pages in unavailable ranges
[    0.103437][    T0] kasan: KernelAddressSanitizer initialized
[    0.104374][    T0] ACPI: PM-Timer IO Port: 0x608
[    0.104913][    T0] ACPI: LAPIC_NMI (acpi_id[0xff] dfl dfl lint[0x1])
[    0.105676][    T0] IOAPIC[0]: apic_id 0, version 17, address 0xfec00000, GSI 0-23
[    0.106534][    T0] ACPI: INT_SRC_OVR (bus 0 bus_irq 0 global_irq 2 dfl dfl)
[    0.107316][    T0] ACPI: INT_SRC_OVR (bus 0 bus_irq 5 global_irq 5 high level)
[    0.108126][    T0] ACPI: INT_SRC_OVR (bus 0 bus_irq 9 global_irq 9 high level)
[    0.108947][    T0] ACPI: INT_SRC_OVR (bus 0 bus_irq 10 global_irq 10 high level)
[    0.109780][    T0] ACPI: INT_SRC_OVR (bus 0 bus_irq 11 global_irq 11 high level)
[    0.110632][    T0] ACPI: Using ACPI (MADT) for SMP configuration information
[    0.111423][    T0] ACPI: HPET id: 0x8086a201 base: 0xfed00000
[    0.112075][    T0] TSC deadline timer available
[    0.112588][    T0] smpboot: Allowing 2 CPUs, 0 hotplug CPUs
[    0.113256][    T0] kvm-guest: APIC: eoi() replaced with kvm_guest_apic_eoi_write()
[    0.114139][    T0] kvm-guest: KVM setup pv remote TLB flush
[    0.114769][    T0] kvm-guest: setup PV sched yield
[    0.115345][    T0] PM: hibernation: Registered nosave memory: [mem 0x00000000-0x00000fff]
[    0.116264][    T0] PM: hibernation: Registered nosave memory: [mem 0x0009f000-0x0009ffff]
[    0.117179][    T0] PM: hibernation: Registered nosave memory: [mem 0x000a0000-0x000effff]
[    0.118099][    T0] PM: hibernation: Registered nosave memory: [mem 0x000f0000-0x000fffff]
[    0.119029][    T0] [mem 0x80000000-0xfeffbfff] available for PCI devices
[    0.119795][    T0] Booting paravirtualized kernel on KVM
[    0.120401][    T0] clocksource: refined-jiffies: mask: 0xffffffff max_cycles: 0xffffffff, max_idle_ns: 19112604462750000 ns
[    0.258857][    T0] setup_percpu: NR_CPUS:8 nr_cpumask_bits:2 nr_cpu_ids:2 nr_node_ids:1
[    0.260048][    T0] percpu: Embedded 72 pages/cpu s256648 r8192 d30072 u1048576
[    0.261005][    T0] kvm-guest: PV spinlocks enabled
[    0.261580][    T0] PV qspinlock hash table entries: 256 (order: 0, 4096 bytes, linear)
[    0.262523][    T0] Kernel command line: console=ttyS0 oops=panic panic=86400 nokaslr earlyprintk=serial rdinit=/init
[    0.264310][    T0] random: crng init done
[    0.265021][    T0] Dentry cache hash table entries: 262144 (order: 9, 2097152 bytes, linear)
[    0.266095][    T0] Inode-cache hash table entries: 131072 (order: 8, 1048576 bytes, linear)
[    0.267222][    T0] Fallback order for Node 0: 0 
[    0.267232][    T0] Built 1 zonelists, mobility grouping on.  Total pages: 515808
[    0.268641][    T0] Policy zone: DMA32
[    0.269311][    T0] mem auto-init: stack:all(zero), heap alloc:on, heap free:off
[    0.270167][    T0] stackdepot: allocating hash table via alloc_large_system_hash
[    0.271029][    T0] stackdepot hash table entries: 1048576 (order: 12, 16777216 bytes, linear)
[    0.401837][    T0] Memory: 1447348K/2096632K available (159744K kernel code, 38699K rwdata, 32860K rodata, 3428K init, 33472K bss, 649028K reserved, 0K cma-reserved)
[    0.404470][    T0] SLUB: HWalign=64, Order=0-3, MinObjects=0, CPUs=2, Nodes=1
[    0.410983][    T0] allocated 4194304 bytes of page_ext
[    0.412241][    T0] Dynamic Preempt: full
[    0.413361][    T0] Running RCU self tests
[    0.413845][    T0] Running RCU synchronous self tests
[    0.414505][    T0] rcu: Preemptible hierarchical RCU implementation.
[    0.415254][    T0] rcu: 	RCU lockdep checking is enabled.
[    0.415890][    T0] rcu: 	RCU restricting CPUs from NR_CPUS=8 to nr_cpu_ids=2.
[    0.416720][    T0] rcu: 	RCU callback double-/use-after-free debug is enabled.
[    0.417563][    T0] rcu: 	RCU debug extended QS entry/exit.
[    0.418209][    T0] 	Trampoline variant of Tasks RCU enabled.
[    0.418871][    T0] 	Tracing variant of Tasks RCU enabled.
[    0.419499][    T0] rcu: RCU calculated value of scheduler-enlistment delay is 10 jiffies.
[    0.420451][    T0] rcu: Adjusting geometry for rcu_fanout_leaf=16, nr_cpu_ids=2
[    0.421404][    T0] Running RCU synchronous self tests
[    0.516391][    T0] NR_IRQS: 4352, nr_irqs: 440, preallocated irqs: 16
[    0.517224][    T0] INFO: trying to register non-static key.
[    0.517875][    T0] The code is fine but needs lockdep annotation, or maybe
[    0.518679][    T0] you didn't initialize this object before use?
[    0.519377][    T0] turning off the locking correctness validator.
[    0.520092][    T0] CPU: 0 PID: 0 Comm: swapper/0 Not tainted 6.7.0-09930-g1d9920f69e02-dirty #2
[    0.521110][    T0] Hardware name: QEMU Standard PC (i440FX + PIIX, 1996), BIOS 1.16.2-debian-1.16.2-1 04/01/2014
[    0.522297][    T0] Call Trace:
[    0.522662][    T0]  <TASK>
[    0.522987][    T0]  dump_stack_lvl+0xd9/0x1b0
[    0.523523][    T0]  register_lock_class+0xc26/0x1230
[    0.524118][    T0]  ? secondary_startup_64_no_verify+0x170/0x17b
[    0.524831][    T0]  ? __lock_acquire+0x2d59/0x3b30
[    0.525403][    T0]  ? is_dynamic_key+0x200/0x200
[    0.525948][    T0]  __lock_acquire+0x112/0x3b30
[    0.526518][    T0]  ? kasan_save_stack+0x33/0x50
[    0.527067][    T0]  ? __kasan_record_aux_stack+0xba/0x100
[    0.527701][    T0]  ? __call_rcu_common.constprop.0+0x9a/0x7b0
[    0.528393][    T0]  ? mas_wr_node_store+0xd76/0x1740
[    0.528977][    T0]  ? mas_wr_store_entry.isra.0+0x666/0x1610
[    0.529648][    T0]  ? mas_store_gfp+0xba/0x1e0
[    0.530182][    T0]  ? early_irq_init+0x231/0x310
[    0.530729][    T0]  ? start_kernel+0x1c5/0x480
[    0.531255][    T0]  ? x86_64_start_reservations+0x18/0x30
[    0.531887][    T0]  ? x86_64_start_kernel+0xb2/0xc0
[    0.532458][    T0]  ? secondary_startup_64_no_verify+0x170/0x17b
[    0.533168][    T0]  ? lockdep_hardirqs_on_prepare+0x420/0x420
[    0.533846][    T0]  lock_acquire+0x1ae/0x520
[    0.534359][    T0]  ? __kasan_record_aux_stack+0xc9/0x100
[    0.534994][    T0]  ? lock_sync+0x190/0x190
[    0.535490][    T0]  _raw_spin_lock_irqsave+0x3a/0x50
[    0.536080][    T0]  ? __kasan_record_aux_stack+0xc9/0x100
[    0.536716][    T0]  __kasan_record_aux_stack+0xc9/0x100
[    0.537332][    T0]  ? ma_free_rcu+0x50/0x50
[    0.537828][    T0]  __call_rcu_common.constprop.0+0x9a/0x7b0
[    0.538503][    T0]  mas_wr_node_store+0xd76/0x1740
[    0.539076][    T0]  ? lockdep_hardirqs_on_prepare+0x420/0x420
[    0.539753][    T0]  ? mas_wr_append+0xb40/0xb40
[    0.540294][    T0]  ? mas_wr_append+0x115/0xb40
[    0.540834][    T0]  ? mas_wr_end_piv+0x1d1/0x800
[    0.541378][    T0]  mas_wr_store_entry.isra.0+0x666/0x1610
[    0.542023][    T0]  mas_store_gfp+0xba/0x1e0
[    0.542536][    T0]  ? mas_nomem+0x230/0x230
[    0.543033][    T0]  ? alloc_desc+0x734/0x910
[    0.543537][    T0]  early_irq_init+0x231/0x310
[    0.544063][    T0]  ? irq_sysfs_init+0x1c0/0x1c0
[    0.544611][    T0]  ? rcu_init+0x13ba/0x1be0
[    0.545119][    T0]  start_kernel+0x1c5/0x480
[    0.545625][    T0]  x86_64_start_reservations+0x18/0x30
[    0.546243][    T0]  x86_64_start_kernel+0xb2/0xc0
[    0.546798][    T0]  secondary_startup_64_no_verify+0x170/0x17b
[    0.547484][    T0]  </TASK>
[    0.548403][    T0] rcu: srcu_init: Setting srcu_struct sizes based on contention.
[    0.549417][    T0] kfence: initialized - using 2097152 bytes for 255 objects at 0x(____ptrval____)-0x(____ptrval____)
[    0.558191][    T0] Console: colour VGA+ 80x25
[    0.558731][    T0] printk: legacy console [ttyS0] enabled
[    0.558731][    T0] printk: legacy console [ttyS0] enabled
[    0.559970][    T0] printk: legacy bootconsole [earlyser0] disabled
[    0.559970][    T0] printk: legacy bootconsole [earlyser0] disabled
[    0.561392][    T0] Lock dependency validator: Copyright (c) 2006 Red Hat, Inc., Ingo Molnar
[    0.562352][    T0] ... MAX_LOCKDEP_SUBCLASSES:  8
[    0.562903][    T0] ... MAX_LOCK_DEPTH:          48
[    0.563464][    T0] ... MAX_LOCKDEP_KEYS:        8192
[    0.564045][    T0] ... CLASSHASH_SIZE:          4096
[    0.564623][    T0] ... MAX_LOCKDEP_ENTRIES:     131072
[    0.565222][    T0] ... MAX_LOCKDEP_CHAINS:      262144
[    0.565820][    T0] ... CHAINHASH_SIZE:          131072
[    0.566423][    T0]  memory used by lock dependency info: 20721 kB
[    0.567126][    T0]  memory used for stack traces: 8320 kB
[    0.567753][    T0]  per task-struct memory footprint: 1920 bytes
[    0.568503][    T0] ACPI: Core revision 20230628
[    0.569496][    T0] clocksource: hpet: mask: 0xffffffff max_cycles: 0xffffffff, max_idle_ns: 19112604467 ns
[    0.570722][    T0] APIC: Switch to symmetric I/O mode setup
[    0.571538][    T0] x2apic enabled
[    0.572265][    T0] APIC: Switched APIC routing to: physical x2apic
[    0.572986][    T0] kvm-guest: APIC: send_IPI_mask() replaced with kvm_send_ipi_mask()
[    0.573895][    T0] kvm-guest: APIC: send_IPI_mask_allbutself() replaced with kvm_send_ipi_mask_allbutself()
[    0.575025][    T0] kvm-guest: setup PV IPIs
[    0.576976][    T0] ..TIMER: vector=0x30 apic1=0 pin1=2 apic2=-1 pin2=-1
[    0.577762][    T0] tsc: Marking TSC unstable due to TSCs unsynchronized
[    0.578525][    T0] Calibrating delay loop (skipped) preset value.. 6986.87 BogoMIPS (lpj=34934360)
[    0.579608][    T0] x86/cpu: User Mode Instruction Prevention (UMIP) activated
[    0.580521][    T0] numa_add_cpu cpu 0 node 0: mask now 0
[    0.588527][    T0] Last level iTLB entries: 4KB 512, 2MB 255, 4MB 127
[    0.589255][    T0] Last level dTLB entries: 4KB 512, 2MB 255, 4MB 127, 1GB 0
[    0.590061][    T0] Spectre V1 : Mitigation: usercopy/swapgs barriers and __user pointer sanitization
[    0.591082][    T0] Spectre V2 : Kernel not compiled with retpoline; no mitigation available!
[    0.591086][    T0] Spectre V2 : Vulnerable
[    0.592491][    T0] Spectre V2 : Spectre v2 / SpectreRSB mitigation: Filling RSB on context switch
[    0.593488][    T0] Spectre V2 : Enabling Speculation Barrier for firmware calls
[    0.594308][    T0] RETBleed: Mitigation: IBPB
[    0.594810][    T0] Spectre V2 : mitigation: Enabling conditional Indirect Branch Prediction Barrier
[    0.595819][    T0] Speculative Store Bypass: Mitigation: Speculative Store Bypass disabled via prctl
[    0.596835][    T0] Speculative Return Stack Overflow: IBPB-extending microcode not applied!
[    0.597773][    T0] Speculative Return Stack Overflow: WARNING: See https://kernel.org/doc/html/latest/admin-guide/hw-vuln/srso.html for mitigation options.
[    0.597778][    T0] Speculative Return Stack Overflow: WARNING: kernel not compiled with CPU_SRSO.
[    0.599503][    T0] Speculative Return Stack Overflow: Vulnerable: No microcode
[    0.600325][    T0] x86/fpu: Supporting XSAVE feature 0x001: 'x87 floating point registers'
[    0.601248][    T0] x86/fpu: Supporting XSAVE feature 0x002: 'SSE registers'
[    0.602024][    T0] x86/fpu: Supporting XSAVE feature 0x004: 'AVX registers'
[    0.602800][    T0] x86/fpu: xstate_offset[2]:  576, xstate_sizes[2]:  256
[    0.603559][    T0] x86/fpu: Enabled xstate features 0x7, context size is 832 bytes, using 'compacted' format.
[    0.616472][    T0] Freeing SMP alternatives memory: 124K
[    0.617083][    T0] pid_max: default: 32768 minimum: 301
[    0.617905][    T0] LSM: initializing lsm=lockdown,capability,landlock,yama,safesetid,tomoyo,apparmor,bpf,integrity
[    0.618591][    T0] landlock: Up and running.
[    0.619078][    T0] Yama: becoming mindful.
[    0.619619][    T0] TOMOYO Linux initialized
[    0.620362][    T0] AppArmor: AppArmor initialized
[    0.620917][    T0] LSM support for eBPF active
[    0.621626][    T0] Mount-cache hash table entries: 4096 (order: 3, 32768 bytes, linear)
[    0.622533][    T0] Mountpoint-cache hash table entries: 4096 (order: 3, 32768 bytes, linear)
[    0.625458][    T0] Running RCU synchronous self tests
[    0.626044][    T0] Running RCU synchronous self tests
[    0.626947][    T1] smpboot: CPU0: AMD Ryzen Threadripper PRO 3975WX 32-Cores (family: 0x17, model: 0x31, stepping: 0x0)
[    0.658871][    T1] RCU Tasks: Setting shift to 1 and lim to 1 rcu_task_cb_adjust=1.
[    0.659900][    T1] RCU Tasks Trace: Setting shift to 1 and lim to 1 rcu_task_cb_adjust=1.
[    0.660929][    T1] Running RCU Tasks wait API self tests
[    0.768684][    T1] Running RCU Tasks Trace wait API self tests
[    0.770037][    T1] Performance Events: Fam17h+ core perfctr, AMD PMU driver.
[    0.771701][    T1] ... version:                0
[    0.772728][    T1] ... bit width:              48
[    0.773774][    T1] ... generic registers:      6
[    0.774795][    T1] ... value mask:             0000ffffffffffff
[    0.776090][    T1] ... max period:             00007fffffffffff
[    0.777384][    T1] ... fixed-purpose events:   0
[    0.778401][    T1] ... event mask:             000000000000003f
[    0.779059][    T1] signal: max sigframe size: 1776
[    0.788545][   T15] Callback from call_rcu_tasks_trace() invoked.
[    0.789983][    T1] rcu: Hierarchical SRCU implementation.
[    0.791184][    T1] rcu: 	Max phase no-delay instances is 1000.
[    0.807782][    T1] smp: Bringing up secondary CPUs ...
[    0.849258][    T1] smpboot: x86: Booting SMP configuration:
[    0.850498][    T1] .... node  #0, CPUs:      #1
[    0.029241][    T0] numa_add_cpu cpu 1 node 0: mask now 0-1
[    0.850745][    T1] smp: Brought up 1 node, 2 CPUs
[    0.850745][    T1] smpboot: Max logical packages: 1
[    0.850745][    T1] smpboot: Total of 2 processors activated (13973.74 BogoMIPS)
[    0.859745][    T1] devtmpfs: initialized
[    0.860956][    T1] x86/mm: Memory block size: 128MB
[    0.890709][    T1] Running RCU synchronous self tests
[    0.890709][    T1] Running RCU synchronous self tests
[    0.898557][    T1] clocksource: jiffies: mask: 0xffffffff max_cycles: 0xffffffff, max_idle_ns: 19112604462750000 ns
[    0.901155][    T1] futex hash table entries: 512 (order: 4, 65536 bytes, linear)
[    0.911330][    T1] PM: RTC time: 17:03:38, date: 2026-05-25
[    0.916951][    T1] NET: Registered PF_NETLINK/PF_ROUTE protocol family
[    0.922217][    T1] audit: initializing netlink subsys (disabled)
[    0.923718][   T28] audit: type=2000 audit(1779728619.012:1): state=initialized audit_enabled=0 res=1
[    0.923718][    T1] thermal_sys: Registered thermal governor 'step_wise'
[    0.923718][    T1] thermal_sys: Registered thermal governor 'user_space'
[    0.923779][    T1] cpuidle: using governor menu
[    0.926327][    T1] NET: Registered PF_QIPCRTR protocol family
[    0.931581][    T1] dca service started, version 1.12.1
[    0.932953][    T1] PCI: Using configuration type 1 for base access
[    0.934305][    T1] PCI: Using configuration type 1 for extended access
[    0.940180][    T1] HugeTLB: registered 1.00 GiB page size, pre-allocated 0 pages
[    0.941812][    T1] HugeTLB: 16380 KiB vmemmap can be freed for a 1.00 GiB page
[    0.948535][    T1] HugeTLB: registered 2.00 MiB page size, pre-allocated 0 pages
[    0.950160][    T1] HugeTLB: 28 KiB vmemmap can be freed for a 2.00 MiB page
[    0.968553][    T1] cryptd: max_cpu_qlen set to 1000
[    0.972882][    T1] raid6: skipped pq benchmark and selected avx2x4
[    0.974254][    T1] raid6: using avx2x2 recovery algorithm
[    0.979031][    T1] ACPI: Added _OSI(Module Device)
[    0.980096][    T1] ACPI: Added _OSI(Processor Device)
[    0.981219][    T1] ACPI: Added _OSI(3.0 _SCP Extensions)
[    0.982395][    T1] ACPI: Added _OSI(Processor Aggregator Device)
[    0.988599][   T14] Callback from call_rcu_tasks() invoked.
[    1.048682][    T1] ACPI: 1 ACPI AML tables successfully acquired and loaded
[    1.059937][    T1] ACPI: _OSC evaluation for CPUs failed, trying _PDC
[    1.066487][    T1] ACPI: Interpreter enabled
[    1.067198][    T1] ACPI: PM: (supports S0 S3 S4 S5)
[    1.067755][    T1] ACPI: Using IOAPIC for interrupt routing
[    1.068570][    T1] PCI: Using host bridge windows from ACPI; if necessary, use "pci=nocrs" and report a bug
[    1.069677][    T1] PCI: Using E820 reservations for host bridge windows
[    1.073580][    T1] ACPI: Enabled 2 GPEs in block 00 to 0F
[    1.179349][    T1] ACPI: PCI Root Bridge [PCI0] (domain 0000 [bus 00-ff])
[    1.180180][    T1] acpi PNP0A03:00: _OSC: OS supports [ExtendedConfig ASPM ClockPM Segments MSI HPX-Type3]
[    1.183024][    T1] PCI host bridge to bus 0000:00
[    1.183582][    T1] pci_bus 0000:00: root bus resource [io  0x0000-0x0cf7 window]
[    1.184428][    T1] pci_bus 0000:00: root bus resource [io  0x0d00-0xffff window]
[    1.185282][    T1] pci_bus 0000:00: root bus resource [mem 0x000a0000-0x000bffff window]
[    1.186197][    T1] pci_bus 0000:00: root bus resource [mem 0x80000000-0xfebfffff window]
[    1.187116][    T1] pci_bus 0000:00: root bus resource [mem 0x100000000-0x17fffffff window]
[    1.188057][    T1] pci_bus 0000:00: root bus resource [bus 00-ff]
[    1.188904][    T1] pci 0000:00:00.0: [8086:1237] type 00 class 0x060000
[    1.226718][    T1] pci 0000:00:01.0: [8086:7000] type 00 class 0x060100
[    1.264526][    T1] pci 0000:00:01.1: [8086:7010] type 00 class 0x010180
[    1.266728][    T1] pci 0000:00:01.1: reg 0x20: [io  0xc000-0xc00f]
[    1.268095][    T1] pci 0000:00:01.1: legacy IDE quirk: reg 0x10: [io  0x01f0-0x01f7]
[    1.268525][    T1] pci 0000:00:01.1: legacy IDE quirk: reg 0x14: [io  0x03f6]
[    1.269339][    T1] pci 0000:00:01.1: legacy IDE quirk: reg 0x18: [io  0x0170-0x0177]
[    1.270216][    T1] pci 0000:00:01.1: legacy IDE quirk: reg 0x1c: [io  0x0376]
[    1.271871][    T1] pci 0000:00:01.3: [8086:7113] type 00 class 0x068000
[    1.273067][    T1] pci 0000:00:01.3: quirk: [io  0x0600-0x063f] claimed by PIIX4 ACPI
[    1.273957][    T1] pci 0000:00:01.3: quirk: [io  0x0700-0x070f] claimed by PIIX4 SMB
[    1.275797][    T1] pci 0000:00:02.0: [1234:1111] type 00 class 0x030000
[    1.277620][    T1] pci 0000:00:02.0: reg 0x10: [mem 0xfd000000-0xfdffffff pref]
[    1.279384][    T1] pci 0000:00:02.0: reg 0x18: [mem 0xfebf0000-0xfebf0fff]
[    1.283440][    T1] pci 0000:00:02.0: reg 0x30: [mem 0xfebe0000-0xfebeffff pref]
[    1.284468][    T1] pci 0000:00:02.0: Video device with shadowed ROM at [mem 0x000c0000-0x000dffff]
[    1.331603][    T1] ACPI: PCI: Interrupt link LNKA configured for IRQ 10
[    1.335840][    T1] ACPI: PCI: Interrupt link LNKB configured for IRQ 10
[    1.340019][    T1] ACPI: PCI: Interrupt link LNKC configured for IRQ 11
[    1.344311][    T1] ACPI: PCI: Interrupt link LNKD configured for IRQ 11
[    1.346373][    T1] ACPI: PCI: Interrupt link LNKS configured for IRQ 9
[    1.356366][    T1] iommu: Default domain type: Translated
[    1.356366][    T1] iommu: DMA domain TLB invalidation policy: lazy mode
[    1.360374][    T1] SCSI subsystem initialized
[    1.361245][    T1] libata version 3.00 loaded.
[    1.362356][    T1] ACPI: bus type USB registered
[    1.363171][    T1] usbcore: registered new interface driver usbfs
[    1.363982][    T1] usbcore: registered new interface driver hub
[    1.364778][    T1] usbcore: registered new device driver usb
[    1.366449][    T1] mc: Linux media interface: v0.10
[    1.367123][    T1] videodev: Linux video capture interface: v2.00
[    1.368220][    T1] pps_core: LinuxPPS API ver. 1 registered
[    1.368524][    T1] pps_core: Software ver. 5.3.6 - Copyright 2005-2007 Rodolfo Giometti <giometti@linux.it>
[    1.369679][    T1] PTP clock support registered
[    1.370769][    T1] EDAC MC: Ver: 3.0.0
[    1.373096][    T1] Advanced Linux Sound Architecture Driver Initialized.
[    1.376679][    T1] Bluetooth: Core ver 2.22
[    1.377272][    T1] NET: Registered PF_BLUETOOTH protocol family
[    1.377942][    T1] Bluetooth: HCI device and connection manager initialized
[    1.378536][    T1] Bluetooth: HCI socket layer initialized
[    1.379175][    T1] Bluetooth: L2CAP socket layer initialized
[    1.379879][    T1] Bluetooth: SCO socket layer initialized
[    1.380541][    T1] NET: Registered PF_ATMPVC protocol family
[    1.381187][    T1] NET: Registered PF_ATMSVC protocol family
[    1.381947][    T1] NetLabel: Initializing
[    1.382411][    T1] NetLabel:  domain hash size = 128
[    1.382982][    T1] NetLabel:  protocols = UNLABELED CIPSOv4 CALIPSO
[    1.383941][    T1] NetLabel:  unlabeled traffic allowed by default
[    1.384863][    T1] nfc: nfc_init: NFC Core ver 0.1
[    1.384863][    T1] NET: Registered PF_NFC protocol family
[    1.384863][    T1] PCI: Using ACPI for IRQ routing
[    1.384863][    T1] PCI: pci_cache_line_size set to 64 bytes
[    1.384863][    T1] e820: reserve RAM buffer [mem 0x0009fc00-0x0009ffff]
[    1.388543][    T1] e820: reserve RAM buffer [mem 0x7ffe0000-0x7fffffff]
[    1.389598][    T1] pci 0000:00:02.0: vgaarb: setting as boot VGA device
[    1.390348][    T1] pci 0000:00:02.0: vgaarb: bridge control possible
[    1.391079][    T1] pci 0000:00:02.0: vgaarb: VGA device added: decodes=io+mem,owns=io+mem,locks=none
[    1.392099][    T1] vgaarb: loaded
[    1.393406][    T1] hpet0: at MMIO 0xfed00000, IRQs 2, 8, 0
[    1.394046][    T1] hpet0: 3 comparators, 64-bit 100.000000 MHz counter
[    1.398081][    T1] clocksource: Switched to clocksource kvm-clock
[    1.398517][    T1] VFS: Disk quotas dquot_6.6.0
[    1.398517][    T1] VFS: Dquot-cache hash table entries: 512 (order 0, 4096 bytes)
[    1.398517][    T1] FS-Cache: Loaded
[    1.398517][    T1] CacheFiles: Loaded
[    1.398517][    T1] TOMOYO: 2.6.0
[    1.398517][    T1] Mandatory Access Control activated.
[    1.398517][    T1] AppArmor: AppArmor Filesystem Enabled
[    1.398517][    T1] pnp: PnP ACPI init
[    1.400227][    T1] pnp 00:02: [dma 2]
[    1.408454][    T1] pnp: PnP ACPI: found 6 devices
[    1.447910][    T1] clocksource: acpi_pm: mask: 0xffffff max_cycles: 0xffffff, max_idle_ns: 2085701024 ns
[    1.449424][    T1] NET: Registered PF_INET protocol family
[    1.450194][    T1] IP idents hash table entries: 32768 (order: 6, 262144 bytes, linear)
[    1.454220][    T1] tcp_listen_portaddr_hash hash table entries: 1024 (order: 4, 73728 bytes, linear)
[    1.455284][    T1] Table-perturb hash table entries: 65536 (order: 6, 262144 bytes, linear)
[    1.456266][    T1] TCP established hash table entries: 16384 (order: 5, 131072 bytes, linear)
[    1.458065][    T1] TCP bind hash table entries: 16384 (order: 9, 2359296 bytes, linear)
[    1.459723][    T1] TCP: Hash tables configured (established 16384 bind 16384)
[    1.461025][    T1] MPTCP token hash table entries: 2048 (order: 5, 180224 bytes, linear)
[    1.462078][    T1] UDP hash table entries: 1024 (order: 5, 163840 bytes, linear)
[    1.463004][    T1] UDP-Lite hash table entries: 1024 (order: 5, 163840 bytes, linear)
[    1.464417][    T1] NET: Registered PF_UNIX/PF_LOCAL protocol family
[    1.466276][    T1] RPC: Registered named UNIX socket transport module.
[    1.467021][    T1] RPC: Registered udp transport module.
[    1.467622][    T1] RPC: Registered tcp transport module.
[    1.468225][    T1] RPC: Registered tcp-with-tls transport module.
[    1.468911][    T1] RPC: Registered tcp NFSv4.1 backchannel transport module.
[    1.471406][    T1] NET: Registered PF_XDP protocol family
[    1.472039][    T1] pci_bus 0000:00: resource 4 [io  0x0000-0x0cf7 window]
[    1.472805][    T1] pci_bus 0000:00: resource 5 [io  0x0d00-0xffff window]
[    1.473574][    T1] pci_bus 0000:00: resource 6 [mem 0x000a0000-0x000bffff window]
[    1.474417][    T1] pci_bus 0000:00: resource 7 [mem 0x80000000-0xfebfffff window]
[    1.475260][    T1] pci_bus 0000:00: resource 8 [mem 0x100000000-0x17fffffff window]
[    1.476855][    T1] pci 0000:00:01.0: PIIX3: Enabling Passive Release
[    1.477585][    T1] pci 0000:00:00.0: Limiting direct PCI/PCI transfers
[    1.478396][    T1] PCI: CLS 0 bytes, default 64
[    1.478998][    T1] ACPI: bus type thunderbolt registered
[    1.480485][    T1] kvm_intel: VMX not supported by CPU 0
[    1.481194][    T1] kvm_amd: Nested Virtualization enabled
[    1.481813][    T1] kvm_amd: Nested Paging enabled
[    1.481873][   T41] Trying to unpack rootfs image as initramfs...
[    1.581551][   T41] Freeing initrd memory: 1360K
[    1.582618][   T60] kworker/u4:3 (60) used greatest stack depth: 29032 bytes left
[    1.584692][   T72] kworker/u4:3 (72) used greatest stack depth: 28448 bytes left
[    3.472762][    T1] Initialise system trusted keyrings
[    3.474738][    T1] workingset: timestamp_bits=40 max_order=19 bucket_order=0
[    3.477866][    T1] DLM installed
[    3.480306][    T1] squashfs: version 4.0 (2009/01/31) Phillip Lougher
[    3.482971][    T1] NFS: Registering the id_resolver key type
[    3.483638][    T1] Key type id_resolver registered
[    3.484176][    T1] Key type id_legacy registered
[    3.484757][    T1] nfs4filelayout_init: NFSv4 File Layout Driver Registering...
[    3.485587][    T1] nfs4flexfilelayout_init: NFSv4 Flexfile Layout Driver Registering...
[    3.489942][    T1] Key type cifs.spnego registered
[    3.490611][    T1] Key type cifs.idmap registered
[    3.491321][    T1] ntfs: driver 2.1.32 [Flags: R/W].
[    3.491969][    T1] ntfs3: Max link count 4000
[    3.492465][    T1] ntfs3: Enabled Linux POSIX ACLs support
[    3.493086][    T1] ntfs3: Read-only LZX/Xpress compression included
[    3.493870][    T1] efs: 1.0a - http://aeschi.ch.eu.org/efs/
[    3.494518][    T1] jffs2: version 2.2. (NAND) (SUMMARY)  © 2001-2006 Red Hat, Inc.
[    3.495707][    T1] romfs: ROMFS MTD (C) 2007 Red Hat, Inc.
[    3.496369][    T1] QNX4 filesystem 0.2.3 registered.
[    3.496950][    T1] qnx6: QNX6 filesystem 1.0.0 registered.
[    3.497963][    T1] fuse: init (API version 7.39)
[    3.499680][    T1] orangefs_debugfs_init: called with debug mask: :none: :0:
[    3.500943][    T1] orangefs_init: module version upstream loaded
[    3.502036][    T1] JFS: nTxBlock = 8192, nTxLock = 65536
[    3.506460][    T1] SGI XFS with ACLs, security attributes, realtime, quota, no debug enabled
[    3.508968][    T1] 9p: Installing v9fs 9p2000 file system support
[    3.510193][    T1] NILFS version 2 loaded
[    3.510658][    T1] befs: version: 0.9.3
[    3.511295][    T1] ocfs2: Registered cluster interface o2cb
[    3.512162][    T1] ocfs2: Registered cluster interface user
[    3.513008][    T1] OCFS2 User DLM kernel interface loaded
[    3.524378][    T1] gfs2: GFS2 installed
[    3.528545][    T1] ceph: loaded (mds proto 32)
[    3.546232][    T1] NET: Registered PF_ALG protocol family
[    3.546894][    T1] xor: automatically using best checksumming function   avx       
[    3.547752][    T1] async_tx: api initialized (async)
[    3.548317][    T1] Key type asymmetric registered
[    3.548853][    T1] Asymmetric key parser 'x509' registered
[    3.549497][    T1] Asymmetric key parser 'pkcs8' registered
[    3.550133][    T1] Key type pkcs7_test registered
[    3.550843][    T1] Block layer SCSI generic (bsg) driver version 0.4 loaded (major 239)
[    3.552047][    T1] io scheduler mq-deadline registered
[    3.552634][    T1] io scheduler kyber registered
[    3.553222][    T1] io scheduler bfq registered
[    3.558950][    T1] input: Power Button as /devices/LNXSYSTM:00/LNXPWRBN:00/input/input0
[    3.580044][    T1] ACPI: button: Power Button [PWRF]
[    3.586692][    T1] ioatdma: Intel(R) QuickData Technology Driver 5.00
[    3.618649][  T214] kworker/u4:1 (214) used greatest stack depth: 28320 bytes left
[    3.683743][  T383] kworker/u4:5 (383) used greatest stack depth: 28112 bytes left
[    3.803913][    T1] N_HDLC line discipline registered with maxframe=4096
[    3.804739][    T1] Serial: 8250/16550 driver, 4 ports, IRQ sharing enabled
[    3.807149][    T1] 00:04: ttyS0 at I/O 0x3f8 (irq = 4, base_baud = 115200) is a 16550A
[    3.820908][    T1] Non-volatile memory driver v1.3
[    3.821543][    T1] Linux agpgart interface v0.103
[    3.826117][    T1] ACPI: bus type drm_connector registered
[    3.831650][    T1] [drm] Initialized vgem 1.0.0 20120112 for vgem on minor 0
[    3.836930][    T1] [drm] Initialized vkms 1.0.0 20180514 for vkms on minor 1
[    3.884076][    T1] Console: switching to colour frame buffer device 128x48
[    3.901777][    T1] platform vkms: [drm] fb0: vkmsdrmfb frame buffer device
[    3.902707][    T1] usbcore: registered new interface driver udl
[    3.904027][    T1] bochs-drm 0000:00:02.0: vgaarb: deactivate vga console
[    3.905889][    T1] [drm] Found bochs VGA, ID 0xb0c5.
[    3.906471][    T1] [drm] Framebuffer size 16384 kB @ 0xfd000000, mmio @ 0xfebf0000.
[    3.909566][    T1] [drm] Found EDID data blob.
[    3.911780][    T1] [drm] Initialized bochs-drm 1.0.0 20130925 for 0000:00:02.0 on minor 2
[    3.915315][    T1] fbcon: bochs-drmdrmfb (fb1) is primary device
[    3.915322][    T1] fbcon: Remapping primary device, fb1, to tty 1-63
[    9.245278][    T1] bochs-drm 0000:00:02.0: [drm] fb1: bochs-drmdrmfb frame buffer device
[    9.318521][    T1] brd: module loaded
[    9.374337][    T1] loop: module loaded
[    9.451980][    T1] zram: Added device: zram0
[    9.456694][    T1] null_blk: disk nullb0 created
[    9.457239][    T1] null_blk: module loaded
[    9.457815][    T1] Guest personality initialized and is inactive
[    9.458787][    T1] VMCI host device registered (name=vmci, major=10, minor=118)
[    9.460270][    T1] Initialized host personality
[    9.460893][    T1] usbcore: registered new interface driver rtsx_usb
[    9.462059][    T1] usbcore: registered new interface driver viperboard
[    9.462971][    T1] usbcore: registered new interface driver dln2
[    9.463808][    T1] usbcore: registered new interface driver pn533_usb
[    9.465924][    T1] nfcsim 0.2 initialized
[    9.466488][    T1] usbcore: registered new interface driver port100
[    9.467282][    T1] usbcore: registered new interface driver nfcmrvl
[    9.470350][    T1] Loading iSCSI transport class v2.0-870.
[    9.477793][    T1] st: Version 20160209, fixed bufsize 32768, s/g segs 256
[    9.496236][    T1] ata_piix 0000:00:01.1: version 2.13
[    9.503360][    T1] scsi host0: ata_piix
[    9.505397][    T1] scsi host1: ata_piix
[    9.506631][    T1] ata1: PATA max MWDMA2 cmd 0x1f0 ctl 0x3f6 bmdma 0xc000 irq 14 lpm-pol 0
[    9.507569][    T1] ata2: PATA max MWDMA2 cmd 0x170 ctl 0x376 bmdma 0xc008 irq 15 lpm-pol 0
[    9.511056][    T1] Rounding down aligned max_sectors from 4294967295 to 4294967288
[    9.512165][    T1] db_root: cannot open: /etc/target
[    9.513344][    T1] slram: not enough parameters.
[    9.516584][    T1] ftl_cs: FTL header not found.
[    9.537401][    T1] wireguard: WireGuard 1.0.0 loaded. See www.wireguard.com for information.
[    9.538385][    T1] wireguard: Copyright (C) 2015-2019 Jason A. Donenfeld <Jason@zx2c4.com>. All Rights Reserved.
[    9.539548][    T1] eql: Equalizer2002: Simon Janes (simon@ncm.com) and David S. Miller (davem@redhat.com)
[    9.544601][    T1] MACsec IEEE 802.1AE
[    9.556740][    T1] tun: Universal TUN/TAP device driver, 1.6
[    9.558187][    T1] vcan: Virtual CAN interface driver
[    9.558780][    T1] vxcan: Virtual CAN Tunnel driver
[    9.559862][    T1] slcan: serial line CAN interface driver
[    9.560748][    T1] CAN device driver interface
[    9.561477][    T1] usbcore: registered new interface driver usb_8dev
[    9.562292][    T1] usbcore: registered new interface driver ems_usb
[    9.563109][    T1] usbcore: registered new interface driver gs_usb
[    9.563901][    T1] usbcore: registered new interface driver kvaser_usb
[    9.564729][    T1] usbcore: registered new interface driver mcba_usb
[    9.565603][    T1] usbcore: registered new interface driver peak_usb
[    9.566523][    T1] e100: Intel(R) PRO/100 Network Driver
[    9.567126][    T1] e100: Copyright(c) 1999-2006 Intel Corporation
[    9.567926][    T1] e1000: Intel(R) PRO/1000 Network Driver
[    9.568554][    T1] e1000: Copyright (c) 1999-2006 Intel Corporation.
[    9.572815][    T1] e1000e: Intel(R) PRO/1000 Network Driver
[    9.573463][    T1] e1000e: Copyright(c) 1999 - 2015 Intel Corporation.
[    9.574999][    T1] mkiss: AX.25 Multikiss, Hans Albas PE1AYX
[    9.575672][    T1] AX.25: 6pack driver, Revision: 0.3.0
[    9.576289][    T1] AX.25: bpqether driver version 004
[    9.576868][    T1] PPP generic driver version 2.4.2
[    9.578049][    T1] PPP BSD Compression module registered
[    9.578672][    T1] PPP Deflate Compression module registered
[    9.579362][    T1] PPP MPPE Compression module registered
[    9.579976][    T1] NET: Registered PF_PPPOX protocol family
[    9.580638][    T1] PPTP driver version 0.8.5
[    9.581255][    T1] SLIP: version 0.8.4-NET3.019-NEWTTY (dynamic channels, max=256) (6 bit encapsulation enabled).
[    9.582402][    T1] CSLIP: code copyright 1989 Regents of the University of California.
[    9.583284][    T1] SLIP linefill/keepalive option.
[    9.583833][    T1] hdlc: HDLC support module revision 1.22
[    9.584458][    T1] LAPB Ethernet driver version 0.02
[    9.585678][    T1] usbcore: registered new interface driver ath9k_htc
[    9.586620][    T1] usbcore: registered new interface driver carl9170
[    9.587547][    T1] usbcore: registered new interface driver ath6kl_usb
[    9.588507][    T1] usbcore: registered new interface driver ar5523
[    9.589596][    T1] usbcore: registered new interface driver ath10k_usb
[    9.590449][    T1] mac80211_hwsim: initializing netlink
[    9.591825][    T1] ieee80211 phy0: Selected rate control algorithm 'minstrel_ht'
[    9.595371][    T1] mac80211_hwsim hwsim0: WBRF is not supported
[    9.600589][    T1] ieee80211 phy1: Selected rate control algorithm 'minstrel_ht'
[    9.603640][    T1] mac80211_hwsim hwsim1: WBRF is not supported
[    9.609555][    T1] usbcore: registered new interface driver atusb
[    9.617390][    T1] mac802154_hwsim mac802154_hwsim: Added 2 mac802154 hwsim hardware radios
[    9.619635][    T1] VMware vmxnet3 virtual NIC driver - version 1.7.0.0-k-NAPI
[    9.620830][    T1] usbcore: registered new interface driver catc
[    9.621741][    T1] usbcore: registered new interface driver kaweth
[    9.622448][    T1] pegasus: Pegasus/Pegasus II USB Ethernet driver
[    9.623372][    T1] usbcore: registered new interface driver pegasus
[    9.624298][    T1] usbcore: registered new interface driver rtl8150
[    9.625249][    T1] usbcore: registered new device driver r8152-cfgselector
[    9.626241][    T1] usbcore: registered new interface driver r8152
[    9.626939][    T1] hso: drivers/net/usb/hso.c: Option Wireless
[    9.627855][    T1] usbcore: registered new interface driver hso
[    9.628739][    T1] usbcore: registered new interface driver lan78xx
[    9.629703][    T1] usbcore: registered new interface driver asix
[    9.630601][    T1] usbcore: registered new interface driver ax88179_178a
[    9.631578][    T1] usbcore: registered new interface driver cdc_ether
[    9.632521][    T1] usbcore: registered new interface driver cdc_eem
[    9.633436][    T1] usbcore: registered new interface driver dm9601
[    9.634224][    T1] usbcore: registered new interface driver sr9700
[    9.635009][    T1] usbcore: registered new interface driver CoreChips
[    9.635822][    T1] usbcore: registered new interface driver smsc75xx
[    9.636620][    T1] usbcore: registered new interface driver smsc95xx
[    9.637430][    T1] usbcore: registered new interface driver gl620a
[    9.638213][    T1] usbcore: registered new interface driver net1080
[    9.639011][    T1] usbcore: registered new interface driver plusb
[    9.640100][    T1] usbcore: registered new interface driver rndis_host
[    9.640919][    T1] usbcore: registered new interface driver cdc_subset
[    9.641754][    T1] usbcore: registered new interface driver zaurus
[    9.642550][    T1] usbcore: registered new interface driver MOSCHIP usb-ethernet driver
[    9.644452][    T1] usbcore: registered new interface driver int51x1
[    9.645280][    T1] usbcore: registered new interface driver cdc_phonet
[    9.646109][    T1] usbcore: registered new interface driver kalmia
[    9.646901][    T1] usbcore: registered new interface driver ipheth
[    9.647682][    T1] usbcore: registered new interface driver sierra_net
[    9.648510][    T1] usbcore: registered new interface driver cx82310_eth
[    9.649434][    T1] usbcore: registered new interface driver cdc_ncm
[    9.650253][    T1] usbcore: registered new interface driver huawei_cdc_ncm
[    9.651119][    T1] usbcore: registered new interface driver lg-vl600
[    9.651923][    T1] usbcore: registered new interface driver qmi_wwan
[    9.652748][    T1] usbcore: registered new interface driver cdc_mbim
[    9.653562][    T1] usbcore: registered new interface driver ch9200
[    9.654356][    T1] usbcore: registered new interface driver r8153_ecm
[    9.669384][  T988] ata2: found unknown device (class 0)
[    9.670768][  T988] ata2.00: ATAPI: QEMU DVD-ROM, 2.5+, max UDMA/100
[    9.672952][   T78] scsi 1:0:0:0: CD-ROM            QEMU     QEMU DVD-ROM     2.5+ PQ: 0 ANSI: 5
[    9.676903][    T1] VFIO - User Level meta-driver version: 0.3
[    9.680395][    T1] aoe: AoE v85 initialised.
[    9.683710][    T1] SPI driver max3421-hcd has no spi_device_id for maxim,max3421
[    9.684819][    T1] usbcore: registered new interface driver cdc_acm
[    9.685535][    T1] cdc_acm: USB Abstract Control Model driver for USB modems and ISDN adapters
[    9.686597][    T1] usbcore: registered new interface driver usblp
[    9.687382][    T1] usbcore: registered new interface driver cdc_wdm
[    9.688193][    T1] usbcore: registered new interface driver usbtmc
[    9.693118][    T1] usbcore: registered new interface driver uas
[    9.693914][    T1] usbcore: registered new interface driver usb-storage
[    9.695060][    T1] usbcore: registered new interface driver ums-alauda
[    9.695881][    T1] usbcore: registered new interface driver ums-cypress
[    9.696708][    T1] usbcore: registered new interface driver ums-datafab
[    9.697535][    T1] usbcore: registered new interface driver ums_eneub6250
[    9.698380][    T1] usbcore: registered new interface driver ums-freecom
[    9.699218][    T1] usbcore: registered new interface driver ums-isd200
[    9.700581][    T1] usbcore: registered new interface driver ums-jumpshot
[    9.701422][    T1] usbcore: registered new interface driver ums-karma
[    9.702954][    T1] usbcore: registered new interface driver ums-onetouch
[    9.703809][    T1] usbcore: registered new interface driver ums-realtek
[    9.704640][    T1] usbcore: registered new interface driver ums-sddr09
[    9.705464][    T1] usbcore: registered new interface driver ums-sddr55
[    9.706288][    T1] usbcore: registered new interface driver ums-usbat
[    9.707155][    T1] usbcore: registered new interface driver mdc800
[    9.707864][    T1] mdc800: v0.7.5 (30/10/2000):USB Driver for Mustek MDC800 Digital Camera
[    9.708882][    T1] usbcore: registered new interface driver microtekX6
[    9.710092][    T1] usbcore: registered new interface driver usbserial_generic
[    9.711013][    T1] usbserial: USB Serial support registered for generic
[    9.711885][    T1] usbcore: registered new interface driver aircable
[    9.712700][    T1] usbserial: USB Serial support registered for aircable
[    9.713603][    T1] usbcore: registered new interface driver ark3116
[    9.714384][    T1] usbserial: USB Serial support registered for ark3116
[    9.715216][    T1] usbcore: registered new interface driver belkin_sa
[    9.716022][    T1] usbserial: USB Serial support registered for Belkin / Peracom / GoHubs USB Serial Adapter
[    9.717214][    T1] usbcore: registered new interface driver ch341
[    9.717982][    T1] usbserial: USB Serial support registered for ch341-uart
[    9.718842][    T1] usbcore: registered new interface driver cp210x
[    9.719632][    T1] usbserial: USB Serial support registered for cp210x
[    9.720466][    T1] usbcore: registered new interface driver cyberjack
[    9.721272][    T1] usbserial: USB Serial support registered for Reiner SCT Cyberjack USB card reader
[    9.722380][    T1] usbcore: registered new interface driver cypress_m8
[    9.723186][    T1] usbserial: USB Serial support registered for DeLorme Earthmate USB
[    9.724139][    T1] usbserial: USB Serial support registered for HID->COM RS232 Adapter
[    9.725110][    T1] usbserial: USB Serial support registered for Nokia CA-42 V2 Adapter
[    9.726549][    T1] usbcore: registered new interface driver usb_debug
[    9.727343][    T1] usbserial: USB Serial support registered for debug
[    9.728251][    T1] usbserial: USB Serial support registered for xhci_dbc
[    9.729100][    T1] usbcore: registered new interface driver digi_acceleport
[    9.729985][    T1] usbserial: USB Serial support registered for Digi 2 port USB adapter
[    9.730966][    T1] usbserial: USB Serial support registered for Digi 4 port USB adapter
[    9.731954][    T1] usbcore: registered new interface driver io_edgeport
[    9.732774][    T1] usbserial: USB Serial support registered for Edgeport 2 port adapter
[    9.733755][    T1] usbserial: USB Serial support registered for Edgeport 4 port adapter
[    9.734735][    T1] usbserial: USB Serial support registered for Edgeport 8 port adapter
[    9.735702][    T1] usbserial: USB Serial support registered for EPiC device
[    9.736572][    T1] usbcore: registered new interface driver io_ti
[    9.737341][    T1] usbserial: USB Serial support registered for Edgeport TI 1 port adapter
[    9.738337][    T1] usbserial: USB Serial support registered for Edgeport TI 2 port adapter
[    9.739377][    T1] usbcore: registered new interface driver empeg
[    9.740140][    T1] usbserial: USB Serial support registered for empeg
[    9.740972][    T1] usbcore: registered new interface driver f81534a_ctrl
[    9.741834][    T1] usbcore: registered new interface driver f81232
[    9.742621][    T1] usbserial: USB Serial support registered for f81232
[    9.743536][    T1] usbserial: USB Serial support registered for f81534a
[    9.744368][    T1] usbcore: registered new interface driver f81534
[    9.745145][    T1] usbserial: USB Serial support registered for Fintek F81532/F81534
[    9.746119][    T1] usbcore: registered new interface driver ftdi_sio
[    9.746908][    T1] usbserial: USB Serial support registered for FTDI USB Serial Device
[    9.747881][    T1] usbcore: registered new interface driver garmin_gps
[    9.748693][    T1] usbserial: USB Serial support registered for Garmin GPS usb/tty
[    9.749643][    T1] usbcore: registered new interface driver ipaq
[    9.750399][    T1] usbserial: USB Serial support registered for PocketPC PDA
[    9.751286][    T1] usbcore: registered new interface driver ipw
[    9.752027][    T1] usbserial: USB Serial support registered for IPWireless converter
[    9.752989][    T1] usbcore: registered new interface driver ir_usb
[    9.753773][    T1] usbserial: USB Serial support registered for IR Dongle
[    9.754639][    T1] usbcore: registered new interface driver iuu_phoenix
[    9.755455][    T1] usbserial: USB Serial support registered for iuu_phoenix
[    9.756332][    T1] usbcore: registered new interface driver keyspan
[    9.757111][    T1] usbserial: USB Serial support registered for Keyspan - (without firmware)
[    9.758344][    T1] usbserial: USB Serial support registered for Keyspan 1 port adapter
[    9.759334][    T1] usbserial: USB Serial support registered for Keyspan 2 port adapter
[    9.760295][    T1] usbserial: USB Serial support registered for Keyspan 4 port adapter
[    9.761285][    T1] usbcore: registered new interface driver keyspan_pda
[    9.762104][    T1] usbserial: USB Serial support registered for Keyspan PDA
[    9.762966][    T1] usbserial: USB Serial support registered for Keyspan PDA - (prerenumeration)
[    9.764028][    T1] usbcore: registered new interface driver kl5kusb105
[    9.764850][    T1] usbserial: USB Serial support registered for KL5KUSB105D / PalmConnect
[    9.765860][    T1] usbcore: registered new interface driver kobil_sct
[    9.766665][    T1] usbserial: USB Serial support registered for KOBIL USB smart card terminal
[    9.768149][    T1] usbcore: registered new interface driver mct_u232
[    9.768940][    T1] usbserial: USB Serial support registered for MCT U232
[    9.769810][    T1] usbcore: registered new interface driver metro_usb
[    9.770612][    T1] usbserial: USB Serial support registered for Metrologic USB to Serial
[    9.771613][    T1] usbcore: registered new interface driver mos7720
[    9.772396][    T1] usbserial: USB Serial support registered for Moschip 2 port adapter
[    9.773374][    T1] usbcore: registered new interface driver mos7840
[    9.774260][    T1] usbserial: USB Serial support registered for Moschip 7840/7820 USB Serial Driver
[    9.775366][    T1] usbcore: registered new interface driver mxuport
[    9.776161][    T1] usbserial: USB Serial support registered for MOXA UPort
[    9.777024][    T1] usbcore: registered new interface driver navman
[    9.777807][    T1] usbserial: USB Serial support registered for navman
[    9.778632][    T1] usbcore: registered new interface driver omninet
[    9.779583][    T1] usbserial: USB Serial support registered for ZyXEL - omni.net usb
[    9.780629][    T1] usbcore: registered new interface driver opticon
[    9.781649][    T1] usbserial: USB Serial support registered for opticon
[    9.782607][    T1] usbcore: registered new interface driver option
[    9.783500][    T1] usbserial: USB Serial support registered for GSM modem (1-port)
[    9.784563][    T1] usbcore: registered new interface driver oti6858
[    9.785353][    T1] usbserial: USB Serial support registered for oti6858
[    9.786181][    T1] usbcore: registered new interface driver pl2303
[    9.786952][    T1] usbserial: USB Serial support registered for pl2303
[    9.787779][    T1] usbcore: registered new interface driver qcaux
[    9.788639][    T1] usbserial: USB Serial support registered for qcaux
[    9.789500][    T1] usbcore: registered new interface driver qcserial
[    9.790312][    T1] usbserial: USB Serial support registered for Qualcomm USB modem
[    9.791280][    T1] usbcore: registered new interface driver quatech2
[    9.792092][    T1] usbserial: USB Serial support registered for Quatech 2nd gen USB to Serial Driver
[    9.793239][    T1] usbcore: registered new interface driver safe_serial
[    9.794076][    T1] usbserial: USB Serial support registered for safe_serial
[    9.794973][    T1] usbcore: registered new interface driver sierra
[    9.795771][    T1] usbserial: USB Serial support registered for Sierra USB modem
[    9.796716][    T1] usbcore: registered new interface driver usb_serial_simple
[    9.797620][    T1] usbserial: USB Serial support registered for carelink
[    9.798467][    T1] usbserial: USB Serial support registered for flashloader
[    9.802405][    T1] usbserial: USB Serial support registered for funsoft
[    9.803246][    T1] usbserial: USB Serial support registered for google
[    9.804071][    T1] usbserial: USB Serial support registered for hp4x
[    9.804892][    T1] usbserial: USB Serial support registered for kaufmann
[    9.805755][    T1] usbserial: USB Serial support registered for libtransistor
[    9.806655][    T1] usbserial: USB Serial support registered for moto_modem
[    9.807950][    T1] usbserial: USB Serial support registered for motorola_tetra
[    9.808865][    T1] usbserial: USB Serial support registered for nokia
[    9.809755][    T1] usbserial: USB Serial support registered for novatel_gps
[    9.810638][    T1] usbserial: USB Serial support registered for siemens_mpi
[    9.811511][    T1] usbserial: USB Serial support registered for suunto
[    9.812334][    T1] usbserial: USB Serial support registered for vivopay
[    9.813190][    T1] usbserial: USB Serial support registered for zio
[    9.814015][    T1] usbcore: registered new interface driver spcp8x5
[    9.815227][    T1] usbserial: USB Serial support registered for SPCP8x5
[    9.816640][   T78] sr 1:0:0:0: [sr0] scsi3-mmc drive: 4x/4x cd/rw xa/form2 tray
[    9.817531][   T78] cdrom: Uniform CD-ROM driver Revision: 3.20
[    9.818060][    T1] usbcore: registered new interface driver ssu100
[    9.819224][    T1] usbserial: USB Serial support registered for Quatech SSU-100 USB to Serial Driver
[    9.820786][    T1] usbcore: registered new interface driver symbolserial
[    9.821644][    T1] usbserial: USB Serial support registered for symbol
[    9.822479][    T1] usbcore: registered new interface driver ti_usb_3410_5052
[    9.823370][    T1] usbserial: USB Serial support registered for TI USB 3410 1 port adapter
[    9.824391][    T1] usbserial: USB Serial support registered for TI USB 5052 2 port adapter
[    9.825448][    T1] usbcore: registered new interface driver upd78f0730
[    9.826274][    T1] usbserial: USB Serial support registered for upd78f0730
[    9.827155][    T1] usbcore: registered new interface driver visor
[    9.827934][    T1] usbserial: USB Serial support registered for Handspring Visor / Palm OS
[    9.828960][    T1] usbserial: USB Serial support registered for Sony Clie 5.0
[    9.832006][    T1] usbserial: USB Serial support registered for Sony Clie 3.5
[    9.833005][    T1] usbcore: registered new interface driver wishbone_serial
[    9.834029][    T1] usbserial: USB Serial support registered for wishbone_serial
[    9.835075][    T1] usbcore: registered new interface driver whiteheat
[    9.836021][    T1] usbserial: USB Serial support registered for Connect Tech - WhiteHEAT - (prerenumeration)
[    9.837359][    T1] usbserial: USB Serial support registered for Connect Tech - WhiteHEAT
[    9.838502][    T1] usbcore: registered new interface driver xr_serial
[    9.841520][    T1] usbserial: USB Serial support registered for xr_serial
[    9.842392][    T1] usbcore: registered new interface driver xsens_mt
[    9.843691][    T1] usbserial: USB Serial support registered for xsens_mt
[    9.844554][    T1] usbcore: registered new interface driver adutux
[    9.845395][    T1] usbcore: registered new interface driver appledisplay
[    9.846264][    T1] usbcore: registered new interface driver cypress_cy7c63
[    9.847140][    T1] usbcore: registered new interface driver cytherm
[    9.847964][    T1] usbcore: registered new interface driver emi26 - firmware loader
[    9.848937][    T1] usbcore: registered new interface driver emi62 - firmware loader
[    9.850565][    T1] usbcore: registered new interface driver idmouse
[    9.851484][    T1] usbcore: registered new interface driver iowarrior
[    9.852324][    T1] usbcore: registered new interface driver isight_firmware
[    9.853219][    T1] usbcore: registered new interface driver usblcd
[    9.854035][    T1] usbcore: registered new interface driver ldusb
[    9.854827][    T1] usbcore: registered new interface driver legousbtower
[    9.856757][    T1] usbcore: registered new interface driver usbtest
[    9.857428][   T78] sr 1:0:0:0: Attached scsi CD-ROM sr0
[    9.857600][    T1] usbcore: registered new interface driver usb_ehset_test
[    9.859020][    T1] usbcore: registered new interface driver trancevibrator
[    9.860355][    T1] usbcore: registered new interface driver uss720
[    9.861087][    T1] uss720: USB Parport Cable driver for Cables using the Lucent Technologies USS720 Chip
[    9.861375][   T78] sr 1:0:0:0: Attached scsi generic sg0 type 5
[    9.862188][    T1] uss720: NOTE: this is a special purpose driver to allow nonstandard
[    9.862191][    T1] uss720: protocols (eg. bitbang) over USS720 usb to parallel cables
[    9.865165][    T1] uss720: If you just want to connect to a printer, use usblp instead
[    9.866199][    T1] usbcore: registered new interface driver usbsevseg
[    9.867046][    T1] usbcore: registered new interface driver yurex
[    9.868505][    T1] usbcore: registered new interface driver chaoskey
[    9.869607][    T1] usbcore: registered new interface driver sisusb
[    9.870438][    T1] usbcore: registered new interface driver lvs
[    9.871227][    T1] usbcore: registered new interface driver cxacru
[    9.872042][    T1] usbcore: registered new interface driver speedtch
[    9.872882][    T1] usbcore: registered new interface driver ueagle-atm
[    9.873645][    T1] xusbatm: malformed module parameters
[    9.875317][    T1] dummy_hcd dummy_hcd.0: USB Host+Gadget Emulator, driver 02 May 2005
[    9.876265][    T1] dummy_hcd dummy_hcd.0: Dummy host controller
[    9.877527][    T1] dummy_hcd dummy_hcd.0: new USB bus registered, assigned bus number 1
[    9.879195][    T1] usb usb1: New USB device found, idVendor=1d6b, idProduct=0002, bcdDevice= 6.07
[    9.881280][    T1] usb usb1: New USB device strings: Mfr=3, Product=2, SerialNumber=1
[    9.882187][    T1] usb usb1: Product: Dummy host controller
[    9.882836][    T1] usb usb1: Manufacturer: Linux 6.7.0-09930-g1d9920f69e02-dirty dummy_hcd
[    9.883788][    T1] usb usb1: SerialNumber: dummy_hcd.0
[    9.886597][    T1] hub 1-0:1.0: USB hub found
[    9.887272][    T1] hub 1-0:1.0: 1 port detected
[    9.893490][    T1] gadgetfs: USB Gadget filesystem, version 24 Aug 2004
[    9.895629][    T1] vhci_hcd vhci_hcd.0: USB/IP Virtual Host Controller
[    9.896908][    T1] vhci_hcd vhci_hcd.0: new USB bus registered, assigned bus number 2
[    9.898253][    T1] vhci_hcd: created sysfs vhci_hcd.0
[    9.899725][    T1] usb usb2: New USB device found, idVendor=1d6b, idProduct=0002, bcdDevice= 6.07
[    9.900759][    T1] usb usb2: New USB device strings: Mfr=3, Product=2, SerialNumber=1
[    9.901667][    T1] usb usb2: Product: USB/IP Virtual Host Controller
[    9.902402][    T1] usb usb2: Manufacturer: Linux 6.7.0-09930-g1d9920f69e02-dirty vhci_hcd
[    9.903338][    T1] usb usb2: SerialNumber: vhci_hcd.0
[    9.905614][    T1] hub 2-0:1.0: USB hub found
[    9.906296][    T1] hub 2-0:1.0: 8 ports detected
[    9.912754][    T1] vhci_hcd vhci_hcd.0: USB/IP Virtual Host Controller
[    9.914012][    T1] vhci_hcd vhci_hcd.0: new USB bus registered, assigned bus number 3
[    9.915199][    T1] usb usb3: We don't know the algorithms for LPM for this host, disabling LPM.
[    9.916822][    T1] usb usb3: New USB device found, idVendor=1d6b, idProduct=0003, bcdDevice= 6.07
[    9.917850][    T1] usb usb3: New USB device strings: Mfr=3, Product=2, SerialNumber=1
[    9.918754][    T1] usb usb3: Product: USB/IP Virtual Host Controller
[    9.919594][    T1] usb usb3: Manufacturer: Linux 6.7.0-09930-g1d9920f69e02-dirty vhci_hcd
[    9.920535][    T1] usb usb3: SerialNumber: vhci_hcd.0
[    9.922825][    T1] hub 3-0:1.0: USB hub found
[    9.923512][    T1] hub 3-0:1.0: 8 ports detected
[    9.931819][    T1] vhci_hcd vhci_hcd.1: USB/IP Virtual Host Controller
[    9.933078][    T1] vhci_hcd vhci_hcd.1: new USB bus registered, assigned bus number 4
[    9.934703][    T1] usb usb4: New USB device found, idVendor=1d6b, idProduct=0002, bcdDevice= 6.07
[    9.935732][    T1] usb usb4: New USB device strings: Mfr=3, Product=2, SerialNumber=1
[    9.936634][    T1] usb usb4: Product: USB/IP Virtual Host Controller
[    9.937376][    T1] usb usb4: Manufacturer: Linux 6.7.0-09930-g1d9920f69e02-dirty vhci_hcd
[    9.938306][    T1] usb usb4: SerialNumber: vhci_hcd.1
[    9.941628][    T1] hub 4-0:1.0: USB hub found
[    9.942316][    T1] hub 4-0:1.0: 8 ports detected
[    9.948755][    T1] vhci_hcd vhci_hcd.1: USB/IP Virtual Host Controller
[    9.950185][    T1] vhci_hcd vhci_hcd.1: new USB bus registered, assigned bus number 5
[    9.951364][    T1] usb usb5: We don't know the algorithms for LPM for this host, disabling LPM.
[    9.952968][    T1] usb usb5: New USB device found, idVendor=1d6b, idProduct=0003, bcdDevice= 6.07
[    9.954001][    T1] usb usb5: New USB device strings: Mfr=3, Product=2, SerialNumber=1
[    9.954886][    T1] usb usb5: Product: USB/IP Virtual Host Controller
[    9.955608][    T1] usb usb5: Manufacturer: Linux 6.7.0-09930-g1d9920f69e02-dirty vhci_hcd
[    9.956544][    T1] usb usb5: SerialNumber: vhci_hcd.1
[    9.958801][    T1] hub 5-0:1.0: USB hub found
[    9.959495][    T1] hub 5-0:1.0: 8 ports detected
[    9.967301][    T1] vhci_hcd vhci_hcd.2: USB/IP Virtual Host Controller
[    9.968575][    T1] vhci_hcd vhci_hcd.2: new USB bus registered, assigned bus number 6
[    9.970237][    T1] usb usb6: New USB device found, idVendor=1d6b, idProduct=0002, bcdDevice= 6.07
[    9.971264][    T1] usb usb6: New USB device strings: Mfr=3, Product=2, SerialNumber=1
[    9.972171][    T1] usb usb6: Product: USB/IP Virtual Host Controller
[    9.972908][    T1] usb usb6: Manufacturer: Linux 6.7.0-09930-g1d9920f69e02-dirty vhci_hcd
[    9.973853][    T1] usb usb6: SerialNumber: vhci_hcd.2
[    9.976096][    T1] hub 6-0:1.0: USB hub found
[    9.976762][    T1] hub 6-0:1.0: 8 ports detected
[    9.983262][    T1] vhci_hcd vhci_hcd.2: USB/IP Virtual Host Controller
[    9.984512][    T1] vhci_hcd vhci_hcd.2: new USB bus registered, assigned bus number 7
[    9.985694][    T1] usb usb7: We don't know the algorithms for LPM for this host, disabling LPM.
[    9.987299][    T1] usb usb7: New USB device found, idVendor=1d6b, idProduct=0003, bcdDevice= 6.07
[    9.988299][    T1] usb usb7: New USB device strings: Mfr=3, Product=2, SerialNumber=1
[    9.989189][    T1] usb usb7: Product: USB/IP Virtual Host Controller
[    9.989940][    T1] usb usb7: Manufacturer: Linux 6.7.0-09930-g1d9920f69e02-dirty vhci_hcd
[    9.990862][    T1] usb usb7: SerialNumber: vhci_hcd.2
[    9.993105][    T1] hub 7-0:1.0: USB hub found
[    9.993776][    T1] hub 7-0:1.0: 8 ports detected
[   10.001686][    T1] vhci_hcd vhci_hcd.3: USB/IP Virtual Host Controller
[   10.002971][    T1] vhci_hcd vhci_hcd.3: new USB bus registered, assigned bus number 8
[   10.005025][    T1] usb usb8: New USB device found, idVendor=1d6b, idProduct=0002, bcdDevice= 6.07
[   10.006043][    T1] usb usb8: New USB device strings: Mfr=3, Product=2, SerialNumber=1
[   10.006923][    T1] usb usb8: Product: USB/IP Virtual Host Controller
[   10.007642][    T1] usb usb8: Manufacturer: Linux 6.7.0-09930-g1d9920f69e02-dirty vhci_hcd
[   10.008553][    T1] usb usb8: SerialNumber: vhci_hcd.3
[   10.011027][    T1] hub 8-0:1.0: USB hub found
[   10.011695][    T1] hub 8-0:1.0: 8 ports detected
[   10.018149][    T1] vhci_hcd vhci_hcd.3: USB/IP Virtual Host Controller
[   10.019508][    T1] vhci_hcd vhci_hcd.3: new USB bus registered, assigned bus number 9
[   10.020671][    T1] usb usb9: We don't know the algorithms for LPM for this host, disabling LPM.
[   10.022258][    T1] usb usb9: New USB device found, idVendor=1d6b, idProduct=0003, bcdDevice= 6.07
[   10.023262][    T1] usb usb9: New USB device strings: Mfr=3, Product=2, SerialNumber=1
[   10.024142][    T1] usb usb9: Product: USB/IP Virtual Host Controller
[   10.024867][    T1] usb usb9: Manufacturer: Linux 6.7.0-09930-g1d9920f69e02-dirty vhci_hcd
[   10.025796][    T1] usb usb9: SerialNumber: vhci_hcd.3
[   10.028253][    T1] hub 9-0:1.0: USB hub found
[   10.028915][    T1] hub 9-0:1.0: 8 ports detected
[   10.036796][    T1] vhci_hcd vhci_hcd.4: USB/IP Virtual Host Controller
[   10.038152][    T1] vhci_hcd vhci_hcd.4: new USB bus registered, assigned bus number 10
[   10.039809][    T1] usb usb10: New USB device found, idVendor=1d6b, idProduct=0002, bcdDevice= 6.07
[   10.040818][    T1] usb usb10: New USB device strings: Mfr=3, Product=2, SerialNumber=1
[   10.041726][    T1] usb usb10: Product: USB/IP Virtual Host Controller
[   10.042461][    T1] usb usb10: Manufacturer: Linux 6.7.0-09930-g1d9920f69e02-dirty vhci_hcd
[   10.043392][    T1] usb usb10: SerialNumber: vhci_hcd.4
[   10.045867][    T1] hub 10-0:1.0: USB hub found
[   10.046543][    T1] hub 10-0:1.0: 8 ports detected
[   10.053063][    T1] vhci_hcd vhci_hcd.4: USB/IP Virtual Host Controller
[   10.054409][    T1] vhci_hcd vhci_hcd.4: new USB bus registered, assigned bus number 11
[   10.055572][    T1] usb usb11: We don't know the algorithms for LPM for this host, disabling LPM.
[   10.057156][    T1] usb usb11: New USB device found, idVendor=1d6b, idProduct=0003, bcdDevice= 6.07
[   10.058177][    T1] usb usb11: New USB device strings: Mfr=3, Product=2, SerialNumber=1
[   10.059072][    T1] usb usb11: Product: USB/IP Virtual Host Controller
[   10.059829][    T1] usb usb11: Manufacturer: Linux 6.7.0-09930-g1d9920f69e02-dirty vhci_hcd
[   10.060765][    T1] usb usb11: SerialNumber: vhci_hcd.4
[   10.063228][    T1] hub 11-0:1.0: USB hub found
[   10.063906][    T1] hub 11-0:1.0: 8 ports detected
[   10.071760][    T1] vhci_hcd vhci_hcd.5: USB/IP Virtual Host Controller
[   10.073049][    T1] vhci_hcd vhci_hcd.5: new USB bus registered, assigned bus number 12
[   10.074686][    T1] usb usb12: New USB device found, idVendor=1d6b, idProduct=0002, bcdDevice= 6.07
[   10.075696][    T1] usb usb12: New USB device strings: Mfr=3, Product=2, SerialNumber=1
[   10.076593][    T1] usb usb12: Product: USB/IP Virtual Host Controller
[   10.077349][    T1] usb usb12: Manufacturer: Linux 6.7.0-09930-g1d9920f69e02-dirty vhci_hcd
[   10.078271][    T1] usb usb12: SerialNumber: vhci_hcd.5
[   10.080799][    T1] hub 12-0:1.0: USB hub found
[   10.081490][    T1] hub 12-0:1.0: 8 ports detected
[   10.087949][    T1] vhci_hcd vhci_hcd.5: USB/IP Virtual Host Controller
[   10.089324][    T1] vhci_hcd vhci_hcd.5: new USB bus registered, assigned bus number 13
[   10.090494][    T1] usb usb13: We don't know the algorithms for LPM for this host, disabling LPM.
[   10.092088][    T1] usb usb13: New USB device found, idVendor=1d6b, idProduct=0003, bcdDevice= 6.07
[   10.093103][    T1] usb usb13: New USB device strings: Mfr=3, Product=2, SerialNumber=1
[   10.094008][    T1] usb usb13: Product: USB/IP Virtual Host Controller
[   10.094743][    T1] usb usb13: Manufacturer: Linux 6.7.0-09930-g1d9920f69e02-dirty vhci_hcd
[   10.095671][    T1] usb usb13: SerialNumber: vhci_hcd.5
[   10.098140][    T1] hub 13-0:1.0: USB hub found
[   10.098814][    T1] hub 13-0:1.0: 8 ports detected
[   10.106671][    T1] vhci_hcd vhci_hcd.6: USB/IP Virtual Host Controller
[   10.108020][    T1] vhci_hcd vhci_hcd.6: new USB bus registered, assigned bus number 14
[   10.109676][    T1] usb usb14: New USB device found, idVendor=1d6b, idProduct=0002, bcdDevice= 6.07
[   10.110700][    T1] usb usb14: New USB device strings: Mfr=3, Product=2, SerialNumber=1
[   10.111596][    T1] usb usb14: Product: USB/IP Virtual Host Controller
[   10.112324][    T1] usb usb14: Manufacturer: Linux 6.7.0-09930-g1d9920f69e02-dirty vhci_hcd
[   10.113258][    T1] usb usb14: SerialNumber: vhci_hcd.6
[   10.115683][    T1] hub 14-0:1.0: USB hub found
[   10.116356][    T1] hub 14-0:1.0: 8 ports detected
[   10.122657][    T1] vhci_hcd vhci_hcd.6: USB/IP Virtual Host Controller
[   10.124059][    T1] vhci_hcd vhci_hcd.6: new USB bus registered, assigned bus number 15
[   10.125230][    T1] usb usb15: We don't know the algorithms for LPM for this host, disabling LPM.
[   10.126840][    T1] usb usb15: New USB device found, idVendor=1d6b, idProduct=0003, bcdDevice= 6.07
[   10.127856][    T1] usb usb15: New USB device strings: Mfr=3, Product=2, SerialNumber=1
[   10.128753][    T1] usb usb15: Product: USB/IP Virtual Host Controller
[   10.129506][    T1] usb usb15: Manufacturer: Linux 6.7.0-09930-g1d9920f69e02-dirty vhci_hcd
[   10.130435][    T1] usb usb15: SerialNumber: vhci_hcd.6
[   10.132851][    T1] hub 15-0:1.0: USB hub found
[   10.133544][    T1] hub 15-0:1.0: 8 ports detected
[   10.141430][    T1] vhci_hcd vhci_hcd.7: USB/IP Virtual Host Controller
[   10.142780][    T1] vhci_hcd vhci_hcd.7: new USB bus registered, assigned bus number 16
[   10.144384][    T1] usb usb16: New USB device found, idVendor=1d6b, idProduct=0002, bcdDevice= 6.07
[   10.145403][    T1] usb usb16: New USB device strings: Mfr=3, Product=2, SerialNumber=1
[   10.146300][    T1] usb usb16: Product: USB/IP Virtual Host Controller
[   10.147035][    T1] usb usb16: Manufacturer: Linux 6.7.0-09930-g1d9920f69e02-dirty vhci_hcd
[   10.147961][    T1] usb usb16: SerialNumber: vhci_hcd.7
[   10.150653][    T1] hub 16-0:1.0: USB hub found
[   10.151335][    T1] hub 16-0:1.0: 8 ports detected
[   10.157754][    T1] vhci_hcd vhci_hcd.7: USB/IP Virtual Host Controller
[   10.159100][    T1] vhci_hcd vhci_hcd.7: new USB bus registered, assigned bus number 17
[   10.160287][    T1] usb usb17: We don't know the algorithms for LPM for this host, disabling LPM.
[   10.161902][    T1] usb usb17: New USB device found, idVendor=1d6b, idProduct=0003, bcdDevice= 6.07
[   10.162918][    T1] usb usb17: New USB device strings: Mfr=3, Product=2, SerialNumber=1
[   10.163816][    T1] usb usb17: Product: USB/IP Virtual Host Controller
[   10.164550][    T1] usb usb17: Manufacturer: Linux 6.7.0-09930-g1d9920f69e02-dirty vhci_hcd
[   10.165488][    T1] usb usb17: SerialNumber: vhci_hcd.7
[   10.167976][    T1] hub 17-0:1.0: USB hub found
[   10.168651][    T1] hub 17-0:1.0: 8 ports detected
[   10.176946][    T1] vhci_hcd vhci_hcd.8: USB/IP Virtual Host Controller
[   10.178361][    T1] vhci_hcd vhci_hcd.8: new USB bus registered, assigned bus number 18
[   10.180000][    T1] usb usb18: New USB device found, idVendor=1d6b, idProduct=0002, bcdDevice= 6.07
[   10.181016][    T1] usb usb18: New USB device strings: Mfr=3, Product=2, SerialNumber=1
[   10.181918][    T1] usb usb18: Product: USB/IP Virtual Host Controller
[   10.182649][    T1] usb usb18: Manufacturer: Linux 6.7.0-09930-g1d9920f69e02-dirty vhci_hcd
[   10.183576][    T1] usb usb18: SerialNumber: vhci_hcd.8
[   10.185992][    T1] hub 18-0:1.0: USB hub found
[   10.186667][    T1] hub 18-0:1.0: 8 ports detected
[   10.193008][    T1] vhci_hcd vhci_hcd.8: USB/IP Virtual Host Controller
[   10.194387][    T1] vhci_hcd vhci_hcd.8: new USB bus registered, assigned bus number 19
[   10.195548][    T1] usb usb19: We don't know the algorithms for LPM for this host, disabling LPM.
[   10.197149][    T1] usb usb19: New USB device found, idVendor=1d6b, idProduct=0003, bcdDevice= 6.07
[   10.198172][    T1] usb usb19: New USB device strings: Mfr=3, Product=2, SerialNumber=1
[   10.199062][    T1] usb usb19: Product: USB/IP Virtual Host Controller
[   10.199813][    T1] usb usb19: Manufacturer: Linux 6.7.0-09930-g1d9920f69e02-dirty vhci_hcd
[   10.200748][    T1] usb usb19: SerialNumber: vhci_hcd.8
[   10.203146][    T1] hub 19-0:1.0: USB hub found
[   10.203835][    T1] hub 19-0:1.0: 8 ports detected
[   10.211697][    T1] vhci_hcd vhci_hcd.9: USB/IP Virtual Host Controller
[   10.212970][    T1] vhci_hcd vhci_hcd.9: new USB bus registered, assigned bus number 20
[   10.214584][    T1] usb usb20: New USB device found, idVendor=1d6b, idProduct=0002, bcdDevice= 6.07
[   10.215599][    T1] usb usb20: New USB device strings: Mfr=3, Product=2, SerialNumber=1
[   10.216489][    T1] usb usb20: Product: USB/IP Virtual Host Controller
[   10.217222][    T1] usb usb20: Manufacturer: Linux 6.7.0-09930-g1d9920f69e02-dirty vhci_hcd
[   10.218142][    T1] usb usb20: SerialNumber: vhci_hcd.9
[   10.220478][    T1] hub 20-0:1.0: USB hub found
[   10.221154][    T1] hub 20-0:1.0: 8 ports detected
[   10.227605][    T1] vhci_hcd vhci_hcd.9: USB/IP Virtual Host Controller
[   10.228848][    T1] vhci_hcd vhci_hcd.9: new USB bus registered, assigned bus number 21
[   10.230051][    T1] usb usb21: We don't know the algorithms for LPM for this host, disabling LPM.
[   10.231664][    T1] usb usb21: New USB device found, idVendor=1d6b, idProduct=0003, bcdDevice= 6.07
[   10.232675][    T1] usb usb21: New USB device strings: Mfr=3, Product=2, SerialNumber=1
[   10.233566][    T1] usb usb21: Product: USB/IP Virtual Host Controller
[   10.234294][    T1] usb usb21: Manufacturer: Linux 6.7.0-09930-g1d9920f69e02-dirty vhci_hcd
[   10.235220][    T1] usb usb21: SerialNumber: vhci_hcd.9
[   10.237451][    T1] hub 21-0:1.0: USB hub found
[   10.238128][    T1] hub 21-0:1.0: 8 ports detected
[   10.245986][    T1] vhci_hcd vhci_hcd.10: USB/IP Virtual Host Controller
[   10.247252][    T1] vhci_hcd vhci_hcd.10: new USB bus registered, assigned bus number 22
[   10.248868][    T1] usb usb22: New USB device found, idVendor=1d6b, idProduct=0002, bcdDevice= 6.07
[   10.249902][    T1] usb usb22: New USB device strings: Mfr=3, Product=2, SerialNumber=1
[   10.250797][    T1] usb usb22: Product: USB/IP Virtual Host Controller
[   10.251527][    T1] usb usb22: Manufacturer: Linux 6.7.0-09930-g1d9920f69e02-dirty vhci_hcd
[   10.252454][    T1] usb usb22: SerialNumber: vhci_hcd.10
[   10.255406][    T1] hub 22-0:1.0: USB hub found
[   10.256085][    T1] hub 22-0:1.0: 8 ports detected
[   10.262579][    T1] vhci_hcd vhci_hcd.10: USB/IP Virtual Host Controller
[   10.263915][    T1] vhci_hcd vhci_hcd.10: new USB bus registered, assigned bus number 23
[   10.265088][    T1] usb usb23: We don't know the algorithms for LPM for this host, disabling LPM.
[   10.266689][    T1] usb usb23: New USB device found, idVendor=1d6b, idProduct=0003, bcdDevice= 6.07
[   10.267701][    T1] usb usb23: New USB device strings: Mfr=3, Product=2, SerialNumber=1
[   10.268585][    T1] usb usb23: Product: USB/IP Virtual Host Controller
[   10.269372][    T1] usb usb23: Manufacturer: Linux 6.7.0-09930-g1d9920f69e02-dirty vhci_hcd
[   10.270307][    T1] usb usb23: SerialNumber: vhci_hcd.10
[   10.272765][    T1] hub 23-0:1.0: USB hub found
[   10.273447][    T1] hub 23-0:1.0: 8 ports detected
[   10.281340][    T1] vhci_hcd vhci_hcd.11: USB/IP Virtual Host Controller
[   10.282631][    T1] vhci_hcd vhci_hcd.11: new USB bus registered, assigned bus number 24
[   10.284262][    T1] usb usb24: New USB device found, idVendor=1d6b, idProduct=0002, bcdDevice= 6.07
[   10.285291][    T1] usb usb24: New USB device strings: Mfr=3, Product=2, SerialNumber=1
[   10.286188][    T1] usb usb24: Product: USB/IP Virtual Host Controller
[   10.286922][    T1] usb usb24: Manufacturer: Linux 6.7.0-09930-g1d9920f69e02-dirty vhci_hcd
[   10.287854][    T1] usb usb24: SerialNumber: vhci_hcd.11
[   10.292306][    T1] hub 24-0:1.0: USB hub found
[   10.293040][    T1] hub 24-0:1.0: 8 ports detected
[   10.299776][    T1] vhci_hcd vhci_hcd.11: USB/IP Virtual Host Controller
[   10.301164][    T1] vhci_hcd vhci_hcd.11: new USB bus registered, assigned bus number 25
[   10.302352][    T1] usb usb25: We don't know the algorithms for LPM for this host, disabling LPM.
[   10.303953][    T1] usb usb25: New USB device found, idVendor=1d6b, idProduct=0003, bcdDevice= 6.07
[   10.304970][    T1] usb usb25: New USB device strings: Mfr=3, Product=2, SerialNumber=1
[   10.305874][    T1] usb usb25: Product: USB/IP Virtual Host Controller
[   10.306603][    T1] usb usb25: Manufacturer: Linux 6.7.0-09930-g1d9920f69e02-dirty vhci_hcd
[   10.307537][    T1] usb usb25: SerialNumber: vhci_hcd.11
[   10.309983][    T1] hub 25-0:1.0: USB hub found
[   10.310662][    T1] hub 25-0:1.0: 8 ports detected
[   10.318479][    T1] vhci_hcd vhci_hcd.12: USB/IP Virtual Host Controller
[   10.319868][    T1] vhci_hcd vhci_hcd.12: new USB bus registered, assigned bus number 26
[   10.321526][    T1] usb usb26: New USB device found, idVendor=1d6b, idProduct=0002, bcdDevice= 6.07
[   10.322536][    T1] usb usb26: New USB device strings: Mfr=3, Product=2, SerialNumber=1
[   10.323429][    T1] usb usb26: Product: USB/IP Virtual Host Controller
[   10.324163][    T1] usb usb26: Manufacturer: Linux 6.7.0-09930-g1d9920f69e02-dirty vhci_hcd
[   10.325095][    T1] usb usb26: SerialNumber: vhci_hcd.12
[   10.327567][    T1] hub 26-0:1.0: USB hub found
[   10.328249][    T1] hub 26-0:1.0: 8 ports detected
[   10.335214][    T1] vhci_hcd vhci_hcd.12: USB/IP Virtual Host Controller
[   10.336591][    T1] vhci_hcd vhci_hcd.12: new USB bus registered, assigned bus number 27
[   10.337794][    T1] usb usb27: We don't know the algorithms for LPM for this host, disabling LPM.
[   10.339419][    T1] usb usb27: New USB device found, idVendor=1d6b, idProduct=0003, bcdDevice= 6.07
[   10.340442][    T1] usb usb27: New USB device strings: Mfr=3, Product=2, SerialNumber=1
[   10.341353][    T1] usb usb27: Product: USB/IP Virtual Host Controller
[   10.342093][    T1] usb usb27: Manufacturer: Linux 6.7.0-09930-g1d9920f69e02-dirty vhci_hcd
[   10.343032][    T1] usb usb27: SerialNumber: vhci_hcd.12
[   10.345524][    T1] hub 27-0:1.0: USB hub found
[   10.346204][    T1] hub 27-0:1.0: 8 ports detected
[   10.354129][    T1] vhci_hcd vhci_hcd.13: USB/IP Virtual Host Controller
[   10.355484][    T1] vhci_hcd vhci_hcd.13: new USB bus registered, assigned bus number 28
[   10.357113][    T1] usb usb28: New USB device found, idVendor=1d6b, idProduct=0002, bcdDevice= 6.07
[   10.358144][    T1] usb usb28: New USB device strings: Mfr=3, Product=2, SerialNumber=1
[   10.359046][    T1] usb usb28: Product: USB/IP Virtual Host Controller
[   10.359797][    T1] usb usb28: Manufacturer: Linux 6.7.0-09930-g1d9920f69e02-dirty vhci_hcd
[   10.360737][    T1] usb usb28: SerialNumber: vhci_hcd.13
[   10.363240][    T1] hub 28-0:1.0: USB hub found
[   10.363923][    T1] hub 28-0:1.0: 8 ports detected
[   10.370442][    T1] vhci_hcd vhci_hcd.13: USB/IP Virtual Host Controller
[   10.371795][    T1] vhci_hcd vhci_hcd.13: new USB bus registered, assigned bus number 29
[   10.372988][    T1] usb usb29: We don't know the algorithms for LPM for this host, disabling LPM.
[   10.374614][    T1] usb usb29: New USB device found, idVendor=1d6b, idProduct=0003, bcdDevice= 6.07
[   10.375634][    T1] usb usb29: New USB device strings: Mfr=3, Product=2, SerialNumber=1
[   10.376536][    T1] usb usb29: Product: USB/IP Virtual Host Controller
[   10.377280][    T1] usb usb29: Manufacturer: Linux 6.7.0-09930-g1d9920f69e02-dirty vhci_hcd
[   10.378215][    T1] usb usb29: SerialNumber: vhci_hcd.13
[   10.380698][    T1] hub 29-0:1.0: USB hub found
[   10.381390][    T1] hub 29-0:1.0: 8 ports detected
[   10.389426][    T1] vhci_hcd vhci_hcd.14: USB/IP Virtual Host Controller
[   10.390812][    T1] vhci_hcd vhci_hcd.14: new USB bus registered, assigned bus number 30
[   10.392434][    T1] usb usb30: New USB device found, idVendor=1d6b, idProduct=0002, bcdDevice= 6.07
[   10.393456][    T1] usb usb30: New USB device strings: Mfr=3, Product=2, SerialNumber=1
[   10.394351][    T1] usb usb30: Product: USB/IP Virtual Host Controller
[   10.395085][    T1] usb usb30: Manufacturer: Linux 6.7.0-09930-g1d9920f69e02-dirty vhci_hcd
[   10.396018][    T1] usb usb30: SerialNumber: vhci_hcd.14
[   10.398448][    T1] hub 30-0:1.0: USB hub found
[   10.399139][    T1] hub 30-0:1.0: 8 ports detected
[   10.405671][    T1] vhci_hcd vhci_hcd.14: USB/IP Virtual Host Controller
[   10.407025][    T1] vhci_hcd vhci_hcd.14: new USB bus registered, assigned bus number 31
[   10.408206][    T1] usb usb31: We don't know the algorithms for LPM for this host, disabling LPM.
[   10.409846][    T1] usb usb31: New USB device found, idVendor=1d6b, idProduct=0003, bcdDevice= 6.07
[   10.410860][    T1] usb usb31: New USB device strings: Mfr=3, Product=2, SerialNumber=1
[   10.411754][    T1] usb usb31: Product: USB/IP Virtual Host Controller
[   10.412483][    T1] usb usb31: Manufacturer: Linux 6.7.0-09930-g1d9920f69e02-dirty vhci_hcd
[   10.413414][    T1] usb usb31: SerialNumber: vhci_hcd.14
[   10.416670][    T1] hub 31-0:1.0: USB hub found
[   10.417366][    T1] hub 31-0:1.0: 8 ports detected
[   10.425257][    T1] vhci_hcd vhci_hcd.15: USB/IP Virtual Host Controller
[   10.426627][    T1] vhci_hcd vhci_hcd.15: new USB bus registered, assigned bus number 32
[   10.428247][    T1] usb usb32: New USB device found, idVendor=1d6b, idProduct=0002, bcdDevice= 6.07
[   10.429281][    T1] usb usb32: New USB device strings: Mfr=3, Product=2, SerialNumber=1
[   10.430177][    T1] usb usb32: Product: USB/IP Virtual Host Controller
[   10.430904][    T1] usb usb32: Manufacturer: Linux 6.7.0-09930-g1d9920f69e02-dirty vhci_hcd
[   10.431835][    T1] usb usb32: SerialNumber: vhci_hcd.15
[   10.434306][    T1] hub 32-0:1.0: USB hub found
[   10.434984][    T1] hub 32-0:1.0: 8 ports detected
[   10.441505][    T1] vhci_hcd vhci_hcd.15: USB/IP Virtual Host Controller
[   10.442842][    T1] vhci_hcd vhci_hcd.15: new USB bus registered, assigned bus number 33
[   10.444017][    T1] usb usb33: We don't know the algorithms for LPM for this host, disabling LPM.
[   10.445627][    T1] usb usb33: New USB device found, idVendor=1d6b, idProduct=0003, bcdDevice= 6.07
[   10.446644][    T1] usb usb33: New USB device strings: Mfr=3, Product=2, SerialNumber=1
[   10.447539][    T1] usb usb33: Product: USB/IP Virtual Host Controller
[   10.448274][    T1] usb usb33: Manufacturer: Linux 6.7.0-09930-g1d9920f69e02-dirty vhci_hcd
[   10.449210][    T1] usb usb33: SerialNumber: vhci_hcd.15
[   10.451713][    T1] hub 33-0:1.0: USB hub found
[   10.452395][    T1] hub 33-0:1.0: 8 ports detected
[   10.460155][    T1] usbcore: registered new device driver usbip-host
[   10.463117][    T1] i8042: PNP: PS/2 Controller [PNP0303:KBD,PNP0f13:MOU] at 0x60,0x64 irq 1,12
[   10.467013][    T1] serio: i8042 KBD port at 0x60,0x64 irq 1
[   10.468072][    T1] serio: i8042 AUX port at 0x60,0x64 irq 12
[   10.470964][    T1] mousedev: PS/2 mouse device common for all mice
[   10.473250][   T27] input: AT Translated Set 2 keyboard as /devices/platform/i8042/serio0/input/input1
[   10.475533][    T1] usbcore: registered new interface driver appletouch
[   10.477315][    T1] usbcore: registered new interface driver bcm5974
[   10.481354][    T1] usbcore: registered new interface driver synaptics_usb
[   10.482283][    T1] usbcore: registered new interface driver iforce
[   10.483209][    T1] usbcore: registered new interface driver xpad
[   10.484001][    T1] usbcore: registered new interface driver usb_acecad
[   10.484866][    T1] usbcore: registered new interface driver aiptek
[   10.485687][    T1] usbcore: registered new interface driver hanwang
[   10.486504][    T1] usbcore: registered new interface driver kbtab
[   10.487303][    T1] usbcore: registered new interface driver pegasus_notetaker
[   10.488257][    T1] usbcore: registered new interface driver usbtouchscreen
[   10.489143][    T1] usbcore: registered new interface driver sur40
[   10.492830][    T1] usbcore: registered new interface driver ati_remote2
[   10.493615][    T1] cm109: Keymap for Komunikate KIP1000 phone loaded
[   10.495097][    T1] usbcore: registered new interface driver cm109
[   10.496467][    T1] cm109: CM109 phone driver: 20080805 (C) Alfred E. Heggestad
[   10.498396][    T1] usbcore: registered new interface driver ims_pcu
[   10.504602][    T1] usbcore: registered new interface driver keyspan_remote
[   10.506335][    T1] usbcore: registered new interface driver powermate
[   10.508393][    T1] usbcore: registered new interface driver yealink
[   10.511907][    T1] rtc_cmos 00:05: RTC can wake from S4
[   10.516605][    T1] rtc_cmos 00:05: registered as rtc0
[   10.517855][    T1] rtc_cmos 00:05: alarms up to one day, y3k, 242 bytes nvram, hpet irqs
[   10.520193][    T1] i2c_dev: i2c /dev entries driver
[   10.521922][    T1] usbcore: registered new interface driver i2c-diolan-u2c
[   10.523228][    T1] usbcore: registered new interface driver RobotFuzz Open Source InterFace, OSIF
[   10.524482][    T1] usbcore: registered new interface driver i2c-tiny-usb
[   10.526568][    T1] usbcore: registered new interface driver igorplugusb
[   10.527511][    T1] usbcore: registered new interface driver iguanair
[   10.528386][    T1] usbcore: registered new interface driver imon
[   10.529395][    T1] usbcore: registered new interface driver mceusb
[   10.530237][    T1] usbcore: registered new interface driver redrat3
[   10.531072][    T1] usbcore: registered new interface driver streamzap
[   10.531928][    T1] usbcore: registered new interface driver ttusbir
[   10.532770][    T1] usbcore: registered new interface driver ati_remote
[   10.533735][    T1] b2c2-flexcop: B2C2 FlexcopII/II(b)/III digital TV receiver chip loaded successfully
[   10.535353][    T1] usbcore: registered new interface driver b2c2_flexcop_usb
[   10.537313][    T1] usbcore: registered new interface driver dvb_usb_vp7045
[   10.538211][    T1] usbcore: registered new interface driver dvb_usb_vp702x
[   10.539122][    T1] usbcore: registered new interface driver dvb_usb_gp8psk
[   10.540592][    T1] usbcore: registered new interface driver dvb_usb_dtt200u
[   10.541512][    T1] usbcore: registered new interface driver dvb_usb_a800
[   10.542421][    T1] usbcore: registered new interface driver dvb_usb_dibusb_mb
[   10.543357][    T1] usbcore: registered new interface driver dvb_usb_dibusb_mc
[   10.544282][    T1] usbcore: registered new interface driver dvb_usb_nova_t_usb2
[   10.545234][    T1] usbcore: registered new interface driver dvb_usb_umt_010
[   10.546134][    T1] usbcore: registered new interface driver dvb_usb_m920x
[   10.547014][    T1] usbcore: registered new interface driver dvb_usb_digitv
[   10.547918][    T1] usbcore: registered new interface driver dvb_usb_cxusb
[   10.548809][    T1] usbcore: registered new interface driver dvb_usb_ttusb2
[   10.552142][    T1] usbcore: registered new interface driver dvb_usb_dib0700
[   10.553052][    T1] usbcore: registered new interface driver opera1
[   10.553893][    T1] usbcore: registered new interface driver dvb_usb_af9005
[   10.554674][    T1] failing symbol_get of non-GPLONLY symbol af9005_rc_decode.
[   10.556477][    T1] failing symbol_get of non-GPLONLY symbol af9005_rc_decode.
[   10.557318][    T1] failing symbol_get of non-GPLONLY symbol rc_map_af9005_table.
[   10.558603][    T1] failing symbol_get of non-GPLONLY symbol rc_map_af9005_table.
[   10.559480][    T1] failing symbol_get of non-GPLONLY symbol rc_map_af9005_table_size.
[   10.560806][    T1] failing symbol_get of non-GPLONLY symbol rc_map_af9005_table_size.
[   10.561706][    T1] af9005: af9005_rc_decode function not found, disabling remote
[   10.562700][    T1] usbcore: registered new interface driver pctv452e
[   10.563582][    T1] usbcore: registered new interface driver dw2102
[   10.564403][    T1] usbcore: registered new interface driver dvb_usb_dtv5100
[   10.565318][    T1] usbcore: registered new interface driver cinergyT2
[   10.566183][    T1] usbcore: registered new interface driver dvb_usb_az6027
[   10.567081][    T1] usbcore: registered new interface driver dvb_usb_technisat_usb2
[   10.568080][    T1] usbcore: registered new interface driver dvb_usb_af9015
[   10.569011][    T1] usbcore: registered new interface driver dvb_usb_af9035
[   10.571110][    T1] usbcore: registered new interface driver dvb_usb_anysee
[   10.572003][    T1] usbcore: registered new interface driver dvb_usb_au6610
[   10.572883][    T1] usbcore: registered new interface driver dvb_usb_az6007
[   10.573783][    T1] usbcore: registered new interface driver dvb_usb_ce6230
[   10.574665][    T1] usbcore: registered new interface driver dvb_usb_ec168
[   10.575535][    T1] usbcore: registered new interface driver dvb_usb_lmedm04
[   10.576419][    T1] usbcore: registered new interface driver dvb_usb_gl861
[   10.577333][    T1] usbcore: registered new interface driver dvb_usb_mxl111sf
[   10.578262][    T1] usbcore: registered new interface driver dvb_usb_rtl28xxu
[   10.579169][    T1] usbcore: registered new interface driver dvb_usb_dvbsky
[   10.580606][    T1] usbcore: registered new interface driver zd1301
[   10.581437][    T1] usbcore: registered new interface driver s2255
[   10.582286][    T1] usbcore: registered new interface driver smsusb
[   10.583100][    T1] usbcore: registered new interface driver ttusb
[   10.583925][    T1] usbcore: registered new interface driver ttusb-dec
[   10.584771][    T1] usbcore: registered new interface driver Abilis Systems as10x usb driver
[   10.585831][    T1] usbcore: registered new interface driver airspy
[   10.586533][    T1] gspca_main: v2.14.0 registered
[   10.587180][    T1] usbcore: registered new interface driver benq
[   10.587978][    T1] usbcore: registered new interface driver conex
[   10.588796][    T1] usbcore: registered new interface driver cpia1
[   10.589629][    T1] usbcore: registered new interface driver dtcs033
[   10.590449][    T1] usbcore: registered new interface driver etoms
[   10.591291][    T1] usbcore: registered new interface driver finepix
[   10.592115][    T1] usbcore: registered new interface driver jeilinj
[   10.592951][    T1] usbcore: registered new interface driver jl2005bcd
[   10.593813][    T1] usbcore: registered new interface driver kinect
[   10.594635][    T1] usbcore: registered new interface driver konica
[   10.595458][    T1] usbcore: registered new interface driver mars
[   10.596256][    T1] usbcore: registered new interface driver mr97310a
[   10.597097][    T1] usbcore: registered new interface driver nw80x
[   10.597945][    T1] usbcore: registered new interface driver ov519
[   10.598750][    T1] usbcore: registered new interface driver ov534
[   10.599578][    T1] usbcore: registered new interface driver ov534_9
[   10.600418][    T1] usbcore: registered new interface driver pac207
[   10.601625][    T1] usbcore: registered new interface driver gspca_pac7302
[   10.602526][    T1] usbcore: registered new interface driver pac7311
[   10.603365][    T1] usbcore: registered new interface driver se401
[   10.604170][    T1] usbcore: registered new interface driver sn9c2028
[   10.605045][    T1] usbcore: registered new interface driver gspca_sn9c20x
[   10.605963][    T1] usbcore: registered new interface driver sonixb
[   10.606824][    T1] usbcore: registered new interface driver sonixj
[   10.607653][    T1] usbcore: registered new interface driver spca500
[   10.608484][    T1] usbcore: registered new interface driver spca501
[   10.609338][    T1] usbcore: registered new interface driver spca505
[   10.610166][    T1] usbcore: registered new interface driver spca506
[   10.610991][    T1] usbcore: registered new interface driver spca508
[   10.611851][    T1] usbcore: registered new interface driver spca561
[   10.612678][    T1] usbcore: registered new interface driver spca1528
[   10.613531][    T1] usbcore: registered new interface driver sq905
[   10.614342][    T1] usbcore: registered new interface driver sq905c
[   10.615158][    T1] usbcore: registered new interface driver sq930x
[   10.616055][    T1] usbcore: registered new interface driver sunplus
[   10.616885][    T1] usbcore: registered new interface driver stk014
[   10.617710][    T1] usbcore: registered new interface driver stk1135
[   10.618540][    T1] usbcore: registered new interface driver stv0680
[   10.619378][    T1] usbcore: registered new interface driver t613
[   10.620185][    T1] usbcore: registered new interface driver gspca_topro
[   10.621068][    T1] usbcore: registered new interface driver touptek
[   10.621903][    T1] usbcore: registered new interface driver tv8532
[   10.622741][    T1] usbcore: registered new interface driver vc032x
[   10.623563][    T1] usbcore: registered new interface driver vicam
[   10.624375][    T1] usbcore: registered new interface driver xirlink-cit
[   10.625310][    T1] usbcore: registered new interface driver gspca_zc3xx
[   10.626169][    T1] usbcore: registered new interface driver ALi m5602
[   10.627031][    T1] usbcore: registered new interface driver STV06xx
[   10.627856][    T1] usbcore: registered new interface driver gspca_gl860
[   10.628718][    T1] usbcore: registered new interface driver hackrf
[   10.629570][    T1] usbcore: registered new interface driver msi2500
[   10.630438][    T1] usbcore: registered new interface driver Philips webcam
[   10.631476][    T1] usbcore: registered new interface driver uvcvideo
[   10.632199][    T1] au0828: au0828 driver loaded
[   10.632864][    T1] usbcore: registered new interface driver au0828
[   10.633726][    T1] usbcore: registered new interface driver cx231xx
[   10.634785][    T1] usbcore: registered new interface driver em28xx
[   10.635493][    T1] em28xx: Registered (Em28xx v4l2 Extension) extension
[   10.636238][    T1] em28xx: Registered (Em28xx Audio Extension) extension
[   10.636991][    T1] em28xx: Registered (Em28xx dvb Extension) extension
[   10.637735][    T1] em28xx: Registered (Em28xx Input Extension) extension
[   10.638623][    T1] usbcore: registered new interface driver go7007
[   10.639468][    T1] usbcore: registered new interface driver go7007-loader
[   10.640444][    T1] usbcore: registered new interface driver hdpvr
[   10.641485][    T1] usbcore: registered new interface driver pvrusb2
[   10.642200][    T1] pvrusb2: V4L in-tree version:Hauppauge WinTV-PVR-USB2 MPEG2 Encoder/Tuner
[   10.643144][    T1] pvrusb2: Debug mask is 31 (0x1f)
[   10.643830][    T1] usbcore: registered new interface driver stk1160
[   10.644665][    T1] usbcore: registered new interface driver usbtv
[   10.647646][    T1] dvbdev: DVB: registering new adapter (dvb_vidtv_bridge)
[   10.650697][    T1] i2c i2c-0: DVB: registering adapter 0 frontend 0 (Dummy demod for DVB-T/T2/C/S/S2)...
[   10.651813][    T1] dvbdev: dvb_create_media_entity: media entity 'Dummy demod for DVB-T/T2/C/S/S2' registered.
[   10.657281][    T1] dvbdev: dvb_create_media_entity: media entity 'dvb-demux' registered.
[   10.664540][    T1] vidtv vidtv.0: Successfully initialized vidtv!
[   10.666039][    T1] vicodec vicodec.0: Device 'stateful-encoder' registered as /dev/video0
[   10.667328][    T1] vicodec vicodec.0: Device 'stateful-decoder' registered as /dev/video1
[   10.668638][    T1] vicodec vicodec.0: Device 'stateless-decoder' registered as /dev/video2
[   10.670584][    T1] vim2m vim2m.0: Device registered as /dev/video0
[   10.685786][    T1] vivid-000: using single planar format API
[   10.695418][    T1] vivid-000: CEC adapter cec0 registered for HDMI input 0
[   10.696669][    T1] vivid-000: V4L2 capture device registered as video7
[   10.697839][    T1] vivid-000: CEC adapter cec1 registered for HDMI output 0
[   10.699029][    T1] vivid-000: V4L2 output device registered as video8
[   10.700559][    T1] vivid-000: V4L2 capture device registered as vbi0, supports raw and sliced VBI
[   10.702150][    T1] vivid-000: V4L2 output device registered as vbi1, supports raw and sliced VBI
[   10.703586][    T1] vivid-000: V4L2 capture device registered as swradio0
[   10.704722][    T1] vivid-000: V4L2 receiver device registered as radio0
[   10.705871][    T1] vivid-000: V4L2 transmitter device registered as radio1
[   10.707055][    T1] vivid-000: V4L2 metadata capture device registered as video9
[   10.708278][    T1] vivid-000: V4L2 metadata output device registered as video10
[   10.709521][    T1] vivid-000: V4L2 touch capture device registered as v4l-touch0
[   10.711000][    T1] usbcore: registered new interface driver radioshark2
[   10.711866][    T1] usbcore: registered new interface driver radioshark
[   10.712738][    T1] usbcore: registered new interface driver radio-si470x
[   10.713703][    T1] usbcore: registered new interface driver radio-usb-si4713
[   10.714627][    T1] usbcore: registered new interface driver dsbr100
[   10.715454][    T1] usbcore: registered new interface driver radio-keene
[   10.716318][    T1] usbcore: registered new interface driver radio-ma901
[   10.717195][    T1] usbcore: registered new interface driver radio-mr800
[   10.718064][    T1] usbcore: registered new interface driver radio-raremono
[   10.720991][    T1] usbcore: registered new interface driver pcwd_usb
[   10.722748][    T1] device-mapper: core: CONFIG_IMA_DISABLE_HTABLE is disabled. Duplicate IMA measurements will not be recorded in the IMA log.
[   10.724209][    T1] device-mapper: uevent: version 1.0.3
[   10.725340][    T1] device-mapper: ioctl: 4.48.0-ioctl (2023-03-01) initialised: dm-devel@redhat.com
[   10.726981][    T1] device-mapper: multipath round-robin: version 1.2.0 loaded
[   10.727800][    T1] device-mapper: multipath queue-length: version 0.2.0 loaded
[   10.728619][    T1] device-mapper: multipath service-time: version 0.3.0 loaded
[   10.729870][    T1] Bluetooth: HCI UART driver ver 2.3
[   10.730451][    T1] Bluetooth: HCI UART protocol H4 registered
[   10.731098][    T1] Bluetooth: HCI UART protocol BCSP registered
[   10.731860][    T1] Bluetooth: HCI UART protocol LL registered
[   10.732620][    T1] Bluetooth: HCI UART protocol Three-wire (H5) registered
[   10.733497][    T1] Bluetooth: HCI UART protocol QCA registered
[   10.734166][    T1] Bluetooth: HCI UART protocol AG6XX registered
[   10.734935][    T1] Bluetooth: HCI UART protocol Marvell registered
[   10.735759][    T1] usbcore: registered new interface driver bcm203x
[   10.736598][    T1] usbcore: registered new interface driver bpa10x
[   10.737421][    T1] usbcore: registered new interface driver bfusb
[   10.738278][    T1] usbcore: registered new interface driver btusb
[   10.739151][    T1] usbcore: registered new interface driver ath3k
[   10.740433][    T1] CAPI 2.0 started up with major 68 (middleware)
[   10.741135][    T1] Modular ISDN core version 1.1.29
[   10.742036][    T1] NET: Registered PF_ISDN protocol family
[   10.742663][    T1] DSP module 2.0
[   10.743048][    T1] mISDN_dsp: DSP clocks every 80 samples. This equals 1 jiffies.
[   10.750914][    T1] mISDN: Layer-1-over-IP driver Rev. 2.00
[   10.751999][    T1] 0 virtual devices registered
[   10.752662][    T1] usbcore: registered new interface driver HFC-S_USB
[   10.753406][    T1] VUB300 Driver rom wait states = 1C irqpoll timeout = 0400
[   10.754136][    T1] usbcore: registered new interface driver vub300
[   10.755751][    T1] usbcore: registered new interface driver ushc
[   10.760211][    T1] iscsi: registered transport (iser)
[   10.771817][    T1] SoftiWARP attached
[   10.778922][    T1] hid: raw HID events driver (C) Jiri Kosina
[   10.806001][    T1] usbcore: registered new interface driver usbhid
[   10.806760][    T1] usbhid: USB HID core driver
[   10.811318][    T1] usbcore: registered new interface driver es2_ap_driver
[   10.812118][    T1] comedi: version 0.7.76 - http://www.comedi.org
[   10.813020][    T1] usbcore: registered new interface driver dt9812
[   10.813862][    T1] usbcore: registered new interface driver ni6501
