bash: warning: setlocale: LC_ALL: cannot change locale (en_US.UTF-8)
c[?7l[2J[0mSeaBIOS (version 1.16.2-debian-1.16.2-1)
Booting from ROM...
c[?7l[2Jearly console in extract_kernel
input_data: 0x000000000dc72298
input_len: 0x0000000005173c44
output: 0x0000000001000000
output_len: 0x0000000010150ad8
kernel_total_size: 0x0000000011e26000
needed_size: 0x0000000012000000
trampoline_32bit: 0x0000000000000000

Decompressing Linux... Parsing ELF... done.
Booting the kernel (entry_offset: 0x0000000000000080).
[    0.000000][    T0] Linux version 6.7.0-09928-g052d534373b7-dirty (root@buildkitsandbox) (gcc (Debian 12.2.0-14+deb12u1) 12.2.0, GNU ld (GNU Binutils for Debian) 2.40) #1 SMP PREEMPT_DYNAMIC Mon May 25 16:52:41 UTC 2026
[    0.000000][    T0] Command line: console=ttyS0 oops=panic panic=86400 nokaslr earlyprintk=serial rdinit=/init
[    0.000000][    T0] KERNEL supported cpus:
[    0.000000][    T0]   Intel GenuineIntel
[    0.000000][    T0]   AMD AuthenticAMD
[    0.000000][    T0] BIOS-provided physical RAM map:
[    0.000000][    T0] BIOS-e820: [mem 0x0000000000000000-0x000000000009fbff] usable
[    0.000000][    T0] BIOS-e820: [mem 0x000000000009fc00-0x000000000009ffff] reserved
[    0.000000][    T0] BIOS-e820: [mem 0x00000000000f0000-0x00000000000fffff] reserved
[    0.000000][    T0] BIOS-e820: [mem 0x0000000000100000-0x000000007ffdffff] usable
[    0.000000][    T0] BIOS-e820: [mem 0x000000007ffe0000-0x000000007fffffff] reserved
[    0.000000][    T0] BIOS-e820: [mem 0x00000000feffc000-0x00000000feffffff] reserved
[    0.000000][    T0] BIOS-e820: [mem 0x00000000fffc0000-0x00000000ffffffff] reserved
[    0.000000][    T0] BIOS-e820: [mem 0x000000fd00000000-0x000000ffffffffff] reserved
[    0.000000][    T0] printk: legacy bootconsole [earlyser0] enabled
[    0.000000][    T0] NX (Execute Disable) protection: active
[    0.000000][    T0] APIC: Static calls initialized
[    0.000000][    T0] SMBIOS 2.8 present.
[    0.000000][    T0] DMI: QEMU Standard PC (i440FX + PIIX, 1996), BIOS 1.16.2-debian-1.16.2-1 04/01/2014
[    0.000000][    T0] Hypervisor detected: KVM
[    0.000000][    T0] kvm-clock: Using msrs 4b564d01 and 4b564d00
[    0.000003][    T0] kvm-clock: using sched offset of 968218163 cycles
[    0.000670][    T0] clocksource: kvm-clock: mask: 0xffffffffffffffff max_cycles: 0x1cd42e4dffb, max_idle_ns: 881590591483 ns
[    0.002701][    T0] tsc: Detected 3493.436 MHz processor
[    0.008625][    T0] last_pfn = 0x7ffe0 max_arch_pfn = 0x400000000
[    0.009339][    T0] MTRR map: 4 entries (3 fixed + 1 variable; max 19), built from 8 variable MTRRs
[    0.010351][    T0] x86/PAT: Configuration [0-7]: WB  WC  UC- UC  WB  WP  UC- WT  
[    0.014105][    T0] found SMP MP-table at [mem 0x000f5ba0-0x000f5baf]
[    0.014913][    T0] Using GB pages for direct mapping
[    0.017218][    T0] RAMDISK: [mem 0x7fe8c000-0x7ffdffff]
[    0.017825][    T0] ACPI: Early table checksum verification disabled
[    0.018544][    T0] ACPI: RSDP 0x00000000000F59D0 000014 (v00 BOCHS )
[    0.019298][    T0] ACPI: RSDT 0x000000007FFE1B33 000034 (v01 BOCHS  BXPC     00000001 BXPC 00000001)
[    0.020416][    T0] ACPI: FACP 0x000000007FFE19DF 000074 (v01 BOCHS  BXPC     00000001 BXPC 00000001)
[    0.021567][    T0] ACPI: DSDT 0x000000007FFE0040 00199F (v01 BOCHS  BXPC     00000001 BXPC 00000001)
[    0.022727][    T0] ACPI: FACS 0x000000007FFE0000 000040
[    0.023411][    T0] ACPI: APIC 0x000000007FFE1A53 000080 (v01 BOCHS  BXPC     00000001 BXPC 00000001)
[    0.024469][    T0] ACPI: HPET 0x000000007FFE1AD3 000038 (v01 BOCHS  BXPC     00000001 BXPC 00000001)
[    0.025613][    T0] ACPI: WAET 0x000000007FFE1B0B 000028 (v01 BOCHS  BXPC     00000001 BXPC 00000001)
[    0.026693][    T0] ACPI: Reserving FACP table memory at [mem 0x7ffe19df-0x7ffe1a52]
[    0.027572][    T0] ACPI: Reserving DSDT table memory at [mem 0x7ffe0040-0x7ffe19de]
[    0.028475][    T0] ACPI: Reserving FACS table memory at [mem 0x7ffe0000-0x7ffe003f]
[    0.029484][    T0] ACPI: Reserving APIC table memory at [mem 0x7ffe1a53-0x7ffe1ad2]
[    0.030389][    T0] ACPI: Reserving HPET table memory at [mem 0x7ffe1ad3-0x7ffe1b0a]
[    0.031386][    T0] ACPI: Reserving WAET table memory at [mem 0x7ffe1b0b-0x7ffe1b32]
[    0.032970][    T0] No NUMA configuration found
[    0.033551][    T0] Faking a node at [mem 0x0000000000000000-0x000000007ffdffff]
[    0.034424][    T0] NODE_DATA(0) allocated [mem 0x7fe86000-0x7fe8bfff]
[    0.038796][    T0] Zone ranges:
[    0.039208][    T0]   DMA      [mem 0x0000000000001000-0x0000000000ffffff]
[    0.039978][    T0]   DMA32    [mem 0x0000000001000000-0x000000007ffdffff]
[    0.040770][    T0]   Normal   empty
[    0.041172][    T0]   Device   empty
[    0.041571][    T0] Movable zone start for each node
[    0.042139][    T0] Early memory node ranges
[    0.042624][    T0]   node   0: [mem 0x0000000000001000-0x000000000009efff]
[    0.043495][    T0]   node   0: [mem 0x0000000000100000-0x000000007ffdffff]
[    0.044396][    T0] Initmem setup node 0 [mem 0x0000000000001000-0x000000007ffdffff]
[    0.045306][    T0] On node 0, zone DMA: 1 pages in unavailable ranges
[    0.046244][    T0] On node 0, zone DMA: 97 pages in unavailable ranges
[    0.069400][    T0] On node 0, zone DMA32: 32 pages in unavailable ranges
[    0.104199][    T0] kasan: KernelAddressSanitizer initialized
[    0.105222][    T0] ACPI: PM-Timer IO Port: 0x608
[    0.105795][    T0] ACPI: LAPIC_NMI (acpi_id[0xff] dfl dfl lint[0x1])
[    0.106620][    T0] IOAPIC[0]: apic_id 0, version 17, address 0xfec00000, GSI 0-23
[    0.107558][    T0] ACPI: INT_SRC_OVR (bus 0 bus_irq 0 global_irq 2 dfl dfl)
[    0.108460][    T0] ACPI: INT_SRC_OVR (bus 0 bus_irq 5 global_irq 5 high level)
[    0.109347][    T0] ACPI: INT_SRC_OVR (bus 0 bus_irq 9 global_irq 9 high level)
[    0.110260][    T0] ACPI: INT_SRC_OVR (bus 0 bus_irq 10 global_irq 10 high level)
[    0.111165][    T0] ACPI: INT_SRC_OVR (bus 0 bus_irq 11 global_irq 11 high level)
[    0.112101][    T0] ACPI: Using ACPI (MADT) for SMP configuration information
[    0.113008][    T0] ACPI: HPET id: 0x8086a201 base: 0xfed00000
[    0.113720][    T0] TSC deadline timer available
[    0.114300][    T0] smpboot: Allowing 2 CPUs, 0 hotplug CPUs
[    0.115063][    T0] kvm-guest: APIC: eoi() replaced with kvm_guest_apic_eoi_write()
[    0.116023][    T0] kvm-guest: KVM setup pv remote TLB flush
[    0.116659][    T0] kvm-guest: setup PV sched yield
[    0.117279][    T0] PM: hibernation: Registered nosave memory: [mem 0x00000000-0x00000fff]
[    0.118241][    T0] PM: hibernation: Registered nosave memory: [mem 0x0009f000-0x0009ffff]
[    0.119173][    T0] PM: hibernation: Registered nosave memory: [mem 0x000a0000-0x000effff]
[    0.120147][    T0] PM: hibernation: Registered nosave memory: [mem 0x000f0000-0x000fffff]
[    0.121151][    T0] [mem 0x80000000-0xfeffbfff] available for PCI devices
[    0.121941][    T0] Booting paravirtualized kernel on KVM
[    0.122551][    T0] clocksource: refined-jiffies: mask: 0xffffffff max_cycles: 0xffffffff, max_idle_ns: 19112604462750000 ns
[    0.261024][    T0] setup_percpu: NR_CPUS:8 nr_cpumask_bits:2 nr_cpu_ids:2 nr_node_ids:1
[    0.262319][    T0] percpu: Embedded 72 pages/cpu s256648 r8192 d30072 u1048576
[    0.263318][    T0] kvm-guest: PV spinlocks enabled
[    0.263976][    T0] PV qspinlock hash table entries: 256 (order: 0, 4096 bytes, linear)
[    0.264968][    T0] Kernel command line: console=ttyS0 oops=panic panic=86400 nokaslr earlyprintk=serial rdinit=/init
[    0.266929][    T0] random: crng init done
[    0.267642][    T0] Dentry cache hash table entries: 262144 (order: 9, 2097152 bytes, linear)
[    0.268689][    T0] Inode-cache hash table entries: 131072 (order: 8, 1048576 bytes, linear)
[    0.269887][    T0] Fallback order for Node 0: 0 
[    0.269899][    T0] Built 1 zonelists, mobility grouping on.  Total pages: 515808
[    0.271367][    T0] Policy zone: DMA32
[    0.272129][    T0] mem auto-init: stack:all(zero), heap alloc:on, heap free:off
[    0.273114][    T0] stackdepot: allocating hash table via alloc_large_system_hash
[    0.274051][    T0] stackdepot hash table entries: 1048576 (order: 12, 16777216 bytes, linear)
[    0.405134][    T0] Memory: 1447348K/2096632K available (159744K kernel code, 38699K rwdata, 32860K rodata, 3428K init, 33472K bss, 649028K reserved, 0K cma-reserved)
[    0.407828][    T0] SLUB: HWalign=64, Order=0-3, MinObjects=0, CPUs=2, Nodes=1
[    0.414351][    T0] allocated 4194304 bytes of page_ext
[    0.415610][    T0] Dynamic Preempt: full
[    0.416732][    T0] Running RCU self tests
[    0.417211][    T0] Running RCU synchronous self tests
[    0.417842][    T0] rcu: Preemptible hierarchical RCU implementation.
[    0.418667][    T0] rcu: 	RCU lockdep checking is enabled.
[    0.419356][    T0] rcu: 	RCU restricting CPUs from NR_CPUS=8 to nr_cpu_ids=2.
[    0.420236][    T0] rcu: 	RCU callback double-/use-after-free debug is enabled.
[    0.421096][    T0] rcu: 	RCU debug extended QS entry/exit.
[    0.421753][    T0] 	Trampoline variant of Tasks RCU enabled.
[    0.422415][    T0] 	Tracing variant of Tasks RCU enabled.
[    0.423039][    T0] rcu: RCU calculated value of scheduler-enlistment delay is 10 jiffies.
[    0.424018][    T0] rcu: Adjusting geometry for rcu_fanout_leaf=16, nr_cpu_ids=2
[    0.425002][    T0] Running RCU synchronous self tests
[    0.521367][    T0] NR_IRQS: 4352, nr_irqs: 440, preallocated irqs: 16
[    0.522293][    T0] INFO: trying to register non-static key.
[    0.523005][    T0] The code is fine but needs lockdep annotation, or maybe
[    0.523855][    T0] you didn't initialize this object before use?
[    0.524679][    T0] turning off the locking correctness validator.
[    0.525464][    T0] CPU: 0 PID: 0 Comm: swapper/0 Not tainted 6.7.0-09928-g052d534373b7-dirty #1
[    0.526525][    T0] Hardware name: QEMU Standard PC (i440FX + PIIX, 1996), BIOS 1.16.2-debian-1.16.2-1 04/01/2014
[    0.527717][    T0] Call Trace:
[    0.528113][    T0]  <TASK>
[    0.528491][    T0]  dump_stack_lvl+0xd9/0x1b0
[    0.529072][    T0]  register_lock_class+0xc26/0x1230
[    0.529739][    T0]  ? secondary_startup_64_no_verify+0x170/0x17b
[    0.530491][    T0]  ? __lock_acquire+0x2d59/0x3b30
[    0.531135][    T0]  ? is_dynamic_key+0x200/0x200
[    0.531785][    T0]  __lock_acquire+0x112/0x3b30
[    0.532447][    T0]  ? kasan_save_stack+0x33/0x50
[    0.533079][    T0]  ? __kasan_record_aux_stack+0xba/0x100
[    0.533801][    T0]  ? __call_rcu_common.constprop.0+0x9a/0x7b0
[    0.534605][    T0]  ? mas_wr_node_store+0xd76/0x1740
[    0.535264][    T0]  ? mas_wr_store_entry.isra.0+0x666/0x1610
[    0.535983][    T0]  ? mas_store_gfp+0xba/0x1e0
[    0.536538][    T0]  ? early_irq_init+0x231/0x310
[    0.537162][    T0]  ? start_kernel+0x1c5/0x480
[    0.537786][    T0]  ? x86_64_start_reservations+0x18/0x30
[    0.538469][    T0]  ? x86_64_start_kernel+0xb2/0xc0
[    0.539154][    T0]  ? secondary_startup_64_no_verify+0x170/0x17b
[    0.539878][    T0]  ? lockdep_hardirqs_on_prepare+0x420/0x420
[    0.540660][    T0]  lock_acquire+0x1ae/0x520
[    0.541231][    T0]  ? __kasan_record_aux_stack+0xc9/0x100
[    0.541970][    T0]  ? lock_sync+0x190/0x190
[    0.542491][    T0]  _raw_spin_lock_irqsave+0x3a/0x50
[    0.543166][    T0]  ? __kasan_record_aux_stack+0xc9/0x100
[    0.543863][    T0]  __kasan_record_aux_stack+0xc9/0x100
[    0.544486][    T0]  ? ma_free_rcu+0x50/0x50
[    0.545056][    T0]  __call_rcu_common.constprop.0+0x9a/0x7b0
[    0.545826][    T0]  mas_wr_node_store+0xd76/0x1740
[    0.546466][    T0]  ? lockdep_hardirqs_on_prepare+0x420/0x420
[    0.547201][    T0]  ? mas_wr_append+0xb40/0xb40
[    0.547795][    T0]  ? mas_wr_append+0x115/0xb40
[    0.548350][    T0]  ? mas_wr_end_piv+0x1d1/0x800
[    0.548928][    T0]  mas_wr_store_entry.isra.0+0x666/0x1610
[    0.549589][    T0]  mas_store_gfp+0xba/0x1e0
[    0.550113][    T0]  ? mas_nomem+0x230/0x230
[    0.550695][    T0]  ? alloc_desc+0x734/0x910
[    0.551259][    T0]  early_irq_init+0x231/0x310
[    0.551803][    T0]  ? irq_sysfs_init+0x1c0/0x1c0
[    0.552376][    T0]  ? rcu_init+0x13ba/0x1be0
[    0.552945][    T0]  start_kernel+0x1c5/0x480
[    0.553482][    T0]  x86_64_start_reservations+0x18/0x30
[    0.554107][    T0]  x86_64_start_kernel+0xb2/0xc0
[    0.554664][    T0]  secondary_startup_64_no_verify+0x170/0x17b
[    0.555353][    T0]  </TASK>
[    0.556278][    T0] rcu: srcu_init: Setting srcu_struct sizes based on contention.
[    0.557294][    T0] kfence: initialized - using 2097152 bytes for 255 objects at 0x(____ptrval____)-0x(____ptrval____)
[    0.566069][    T0] Console: colour VGA+ 80x25
[    0.566614][    T0] printk: legacy console [ttyS0] enabled
[    0.566614][    T0] printk: legacy console [ttyS0] enabled
[    0.567857][    T0] printk: legacy bootconsole [earlyser0] disabled
[    0.567857][    T0] printk: legacy bootconsole [earlyser0] disabled
[    0.569269][    T0] Lock dependency validator: Copyright (c) 2006 Red Hat, Inc., Ingo Molnar
[    0.570235][    T0] ... MAX_LOCKDEP_SUBCLASSES:  8
[    0.570784][    T0] ... MAX_LOCK_DEPTH:          48
[    0.571343][    T0] ... MAX_LOCKDEP_KEYS:        8192
[    0.571921][    T0] ... CLASSHASH_SIZE:          4096
[    0.572499][    T0] ... MAX_LOCKDEP_ENTRIES:     131072
[    0.573096][    T0] ... MAX_LOCKDEP_CHAINS:      262144
[    0.573707][    T0] ... CHAINHASH_SIZE:          131072
[    0.574358][    T0]  memory used by lock dependency info: 20721 kB
[    0.575100][    T0]  memory used for stack traces: 8320 kB
[    0.575765][    T0]  per task-struct memory footprint: 1920 bytes
[    0.576549][    T0] ACPI: Core revision 20230628
[    0.577624][    T0] clocksource: hpet: mask: 0xffffffff max_cycles: 0xffffffff, max_idle_ns: 19112604467 ns
[    0.578985][    T0] APIC: Switch to symmetric I/O mode setup
[    0.579910][    T0] x2apic enabled
[    0.580675][    T0] APIC: Switched APIC routing to: physical x2apic
[    0.581484][    T0] kvm-guest: APIC: send_IPI_mask() replaced with kvm_send_ipi_mask()
[    0.582439][    T0] kvm-guest: APIC: send_IPI_mask_allbutself() replaced with kvm_send_ipi_mask_allbutself()
[    0.583616][    T0] kvm-guest: setup PV IPIs
[    0.585643][    T0] ..TIMER: vector=0x30 apic1=0 pin1=2 apic2=-1 pin2=-1
[    0.586493][    T0] tsc: Marking TSC unstable due to TSCs unsynchronized
[    0.587250][    T0] Calibrating delay loop (skipped) preset value.. 6986.87 BogoMIPS (lpj=34934360)
[    0.588394][    T0] x86/cpu: User Mode Instruction Prevention (UMIP) activated
[    0.597367][    T0] numa_add_cpu cpu 0 node 0: mask now 0
[    0.598039][    T0] Last level iTLB entries: 4KB 512, 2MB 255, 4MB 127
[    0.598795][    T0] Last level dTLB entries: 4KB 512, 2MB 255, 4MB 127, 1GB 0
[    0.599702][    T0] Spectre V1 : Mitigation: usercopy/swapgs barriers and __user pointer sanitization
[    0.600820][    T0] Spectre V2 : Kernel not compiled with retpoline; no mitigation available!
[    0.600826][    T0] Spectre V2 : Vulnerable
[    0.602337][    T0] Spectre V2 : Spectre v2 / SpectreRSB mitigation: Filling RSB on context switch
[    0.603407][    T0] Spectre V2 : Enabling Speculation Barrier for firmware calls
[    0.604242][    T0] RETBleed: Mitigation: IBPB
[    0.604791][    T0] Spectre V2 : mitigation: Enabling conditional Indirect Branch Prediction Barrier
[    0.605819][    T0] Speculative Store Bypass: Mitigation: Speculative Store Bypass disabled via prctl
[    0.606907][    T0] Speculative Return Stack Overflow: IBPB-extending microcode not applied!
[    0.607246][    T0] Speculative Return Stack Overflow: WARNING: See https://kernel.org/doc/html/latest/admin-guide/hw-vuln/srso.html for mitigation options.
[    0.607251][    T0] Speculative Return Stack Overflow: WARNING: kernel not compiled with CPU_SRSO.
[    0.610042][    T0] Speculative Return Stack Overflow: Vulnerable: No microcode
[    0.610899][    T0] x86/fpu: Supporting XSAVE feature 0x001: 'x87 floating point registers'
[    0.611852][    T0] x86/fpu: Supporting XSAVE feature 0x002: 'SSE registers'
[    0.612679][    T0] x86/fpu: Supporting XSAVE feature 0x004: 'AVX registers'
[    0.613501][    T0] x86/fpu: xstate_offset[2]:  576, xstate_sizes[2]:  256
[    0.614279][    T0] x86/fpu: Enabled xstate features 0x7, context size is 832 bytes, using 'compacted' format.
[    0.627141][    T0] Freeing SMP alternatives memory: 124K
[    0.627247][    T0] pid_max: default: 32768 minimum: 301
[    0.628110][    T0] LSM: initializing lsm=lockdown,capability,landlock,yama,safesetid,tomoyo,apparmor,bpf,integrity
[    0.629546][    T0] landlock: Up and running.
[    0.630067][    T0] Yama: becoming mindful.
[    0.630658][    T0] TOMOYO Linux initialized
[    0.631409][    T0] AppArmor: AppArmor initialized
[    0.631966][    T0] LSM support for eBPF active
[    0.632664][    T0] Mount-cache hash table entries: 4096 (order: 3, 32768 bytes, linear)
[    0.633576][    T0] Mountpoint-cache hash table entries: 4096 (order: 3, 32768 bytes, linear)
[    0.636500][    T0] Running RCU synchronous self tests
[    0.637247][    T0] Running RCU synchronous self tests
[    0.638153][    T1] smpboot: CPU0: AMD Ryzen Threadripper PRO 3975WX 32-Cores (family: 0x17, model: 0x31, stepping: 0x0)
[    0.677664][    T1] RCU Tasks: Setting shift to 1 and lim to 1 rcu_task_cb_adjust=1.
[    0.678710][    T1] RCU Tasks Trace: Setting shift to 1 and lim to 1 rcu_task_cb_adjust=1.
[    0.679723][    T1] Running RCU Tasks wait API self tests
[    0.787406][    T1] Running RCU Tasks Trace wait API self tests
[    0.788780][    T1] Performance Events: Fam17h+ core perfctr, AMD PMU driver.
[    0.790436][    T1] ... version:                0
[    0.791453][    T1] ... bit width:              48
[    0.792499][    T1] ... generic registers:      6
[    0.793504][    T1] ... value mask:             0000ffffffffffff
[    0.794794][    T1] ... max period:             00007fffffffffff
[    0.796074][    T1] ... fixed-purpose events:   0
[    0.797089][    T1] ... event mask:             000000000000003f
[    0.797794][    T1] signal: max sigframe size: 1776
[    0.807269][   T15] Callback from call_rcu_tasks_trace() invoked.
[    0.808678][    T1] rcu: Hierarchical SRCU implementation.
[    0.809862][    T1] rcu: 	Max phase no-delay instances is 1000.
[    0.820904][    T1] smp: Bringing up secondary CPUs ...
[    0.827730][    T1] smpboot: x86: Booting SMP configuration:
[    0.829156][    T1] .... node  #0, CPUs:      #1
[    0.030088][    T0] numa_add_cpu cpu 1 node 0: mask now 0-1
[    0.829435][    T1] smp: Brought up 1 node, 2 CPUs
[    0.829435][    T1] smpboot: Max logical packages: 1
[    0.829779][    T1] smpboot: Total of 2 processors activated (13973.74 BogoMIPS)
[    0.838875][    T1] devtmpfs: initialized
[    0.839714][    T1] x86/mm: Memory block size: 128MB
[    0.868174][    T1] Running RCU synchronous self tests
[    0.868836][    T1] Running RCU synchronous self tests
[    0.869491][    T1] clocksource: jiffies: mask: 0xffffffff max_cycles: 0xffffffff, max_idle_ns: 19112604462750000 ns
[    0.870860][    T1] futex hash table entries: 512 (order: 4, 65536 bytes, linear)
[    0.873743][    T1] PM: RTC time: 16:55:11, date: 2026-05-25
[    0.876839][    T1] NET: Registered PF_NETLINK/PF_ROUTE protocol family
[    0.879501][    T1] audit: initializing netlink subsys (disabled)
[    0.880400][   T27] audit: type=2000 audit(1779728112.427:1): state=initialized audit_enabled=0 res=1
[    0.880400][    T1] thermal_sys: Registered thermal governor 'step_wise'
[    0.880400][    T1] thermal_sys: Registered thermal governor 'user_space'
[    0.880400][    T1] cpuidle: using governor menu
[    0.881675][    T1] NET: Registered PF_QIPCRTR protocol family
[    0.887893][    T1] dca service started, version 1.12.1
[    0.888634][    T1] PCI: Using configuration type 1 for base access
[    0.889347][    T1] PCI: Using configuration type 1 for extended access
[    0.898153][    T1] HugeTLB: registered 1.00 GiB page size, pre-allocated 0 pages
[    0.899021][    T1] HugeTLB: 16380 KiB vmemmap can be freed for a 1.00 GiB page
[    0.899835][    T1] HugeTLB: registered 2.00 MiB page size, pre-allocated 0 pages
[    0.900754][    T1] HugeTLB: 28 KiB vmemmap can be freed for a 2.00 MiB page
[    0.909776][    T1] cryptd: max_cpu_qlen set to 1000
[    0.913075][    T1] raid6: skipped pq benchmark and selected avx2x4
[    0.913809][    T1] raid6: using avx2x2 recovery algorithm
[    0.915228][    T1] ACPI: Added _OSI(Module Device)
[    0.915786][    T1] ACPI: Added _OSI(Processor Device)
[    0.916406][    T1] ACPI: Added _OSI(3.0 _SCP Extensions)
[    0.917079][    T1] ACPI: Added _OSI(Processor Aggregator Device)
[    0.975270][    T1] ACPI: 1 ACPI AML tables successfully acquired and loaded
[    1.028235][    T1] ACPI: _OSC evaluation for CPUs failed, trying _PDC
[    1.034838][    T1] ACPI: Interpreter enabled
[    1.035618][    T1] ACPI: PM: (supports S0 S3 S4 S5)
[    1.036253][    T1] ACPI: Using IOAPIC for interrupt routing
[    1.037097][    T1] PCI: Using host bridge windows from ACPI; if necessary, use "pci=nocrs" and report a bug
[    1.037317][    T1] PCI: Using E820 reservations for host bridge windows
[    1.041523][    T1] ACPI: Enabled 2 GPEs in block 00 to 0F
[    1.148092][    T1] ACPI: PCI Root Bridge [PCI0] (domain 0000 [bus 00-ff])
[    1.148973][    T1] acpi PNP0A03:00: _OSC: OS supports [ExtendedConfig ASPM ClockPM Segments MSI HPX-Type3]
[    1.151934][    T1] PCI host bridge to bus 0000:00
[    1.152494][    T1] pci_bus 0000:00: root bus resource [io  0x0000-0x0cf7 window]
[    1.153358][    T1] pci_bus 0000:00: root bus resource [io  0x0d00-0xffff window]
[    1.154236][    T1] pci_bus 0000:00: root bus resource [mem 0x000a0000-0x000bffff window]
[    1.155241][    T1] pci_bus 0000:00: root bus resource [mem 0x80000000-0xfebfffff window]
[    1.156207][    T1] pci_bus 0000:00: root bus resource [mem 0x100000000-0x17fffffff window]
[    1.157192][    T1] pci_bus 0000:00: root bus resource [bus 00-ff]
[    1.157617][    T1] pci 0000:00:00.0: [8086:1237] type 00 class 0x060000
[    1.195485][    T1] pci 0000:00:01.0: [8086:7000] type 00 class 0x060100
[    1.233510][    T1] pci 0000:00:01.1: [8086:7010] type 00 class 0x010180
[    1.235754][    T1] pci 0000:00:01.1: reg 0x20: [io  0xc000-0xc00f]
[    1.237158][    T1] pci 0000:00:01.1: legacy IDE quirk: reg 0x10: [io  0x01f0-0x01f7]
[    1.237250][    T1] pci 0000:00:01.1: legacy IDE quirk: reg 0x14: [io  0x03f6]
[    1.238136][    T1] pci 0000:00:01.1: legacy IDE quirk: reg 0x18: [io  0x0170-0x0177]
[    1.239092][    T1] pci 0000:00:01.1: legacy IDE quirk: reg 0x1c: [io  0x0376]
[    1.240774][    T1] pci 0000:00:01.3: [8086:7113] type 00 class 0x068000
[    1.242016][    T1] pci 0000:00:01.3: quirk: [io  0x0600-0x063f] claimed by PIIX4 ACPI
[    1.242915][    T1] pci 0000:00:01.3: quirk: [io  0x0700-0x070f] claimed by PIIX4 SMB
[    1.244922][    T1] pci 0000:00:02.0: [1234:1111] type 00 class 0x030000
[    1.246894][    T1] pci 0000:00:02.0: reg 0x10: [mem 0xfd000000-0xfdffffff pref]
[    1.248640][    T1] pci 0000:00:02.0: reg 0x18: [mem 0xfebf0000-0xfebf0fff]
[    1.252727][    T1] pci 0000:00:02.0: reg 0x30: [mem 0xfebe0000-0xfebeffff pref]
[    1.254440][    T1] pci 0000:00:02.0: Video device with shadowed ROM at [mem 0x000c0000-0x000dffff]
[    1.301190][    T1] ACPI: PCI: Interrupt link LNKA configured for IRQ 10
[    1.305694][    T1] ACPI: PCI: Interrupt link LNKB configured for IRQ 10
[    1.310019][    T1] ACPI: PCI: Interrupt link LNKC configured for IRQ 11
[    1.314231][    T1] ACPI: PCI: Interrupt link LNKD configured for IRQ 11
[    1.316382][    T1] ACPI: PCI: Interrupt link LNKS configured for IRQ 9
[    1.326517][    T1] iommu: Default domain type: Translated
[    1.326517][    T1] iommu: DMA domain TLB invalidation policy: lazy mode
[    1.329844][    T1] SCSI subsystem initialized
[    1.330774][    T1] libata version 3.00 loaded.
[    1.331961][    T1] ACPI: bus type USB registered
[    1.332850][    T1] usbcore: registered new interface driver usbfs
[    1.333713][    T1] usbcore: registered new interface driver hub
[    1.334569][    T1] usbcore: registered new device driver usb
[    1.336327][    T1] mc: Linux media interface: v0.10
[    1.337027][    T1] videodev: Linux video capture interface: v2.00
[    1.337670][    T1] pps_core: LinuxPPS API ver. 1 registered
[    1.338385][    T1] pps_core: Software ver. 5.3.6 - Copyright 2005-2007 Rodolfo Giometti <giometti@linux.it>
[    1.339666][    T1] PTP clock support registered
[    1.347291][    T1] EDAC MC: Ver: 3.0.0
[    1.349679][    T1] Advanced Linux Sound Architecture Driver Initialized.
[    1.353167][    T1] Bluetooth: Core ver 2.22
[    1.353800][    T1] NET: Registered PF_BLUETOOTH protocol family
[    1.354566][    T1] Bluetooth: HCI device and connection manager initialized
[    1.355420][    T1] Bluetooth: HCI socket layer initialized
[    1.356095][    T1] Bluetooth: L2CAP socket layer initialized
[    1.356778][    T1] Bluetooth: SCO socket layer initialized
[    1.357298][    T1] NET: Registered PF_ATMPVC protocol family
[    1.357953][    T1] NET: Registered PF_ATMSVC protocol family
[    1.358757][    T1] NetLabel: Initializing
[    1.359280][    T1] NetLabel:  domain hash size = 128
[    1.359885][    T1] NetLabel:  protocols = UNLABELED CIPSOv4 CALIPSO
[    1.360873][    T1] NetLabel:  unlabeled traffic allowed by default
[    1.361946][    T1] nfc: nfc_init: NFC Core ver 0.1
[    1.361946][    T1] NET: Registered PF_NFC protocol family
[    1.361946][    T1] PCI: Using ACPI for IRQ routing
[    1.361946][    T1] PCI: pci_cache_line_size set to 64 bytes
[    1.361946][    T1] e820: reserve RAM buffer [mem 0x0009fc00-0x0009ffff]
[    1.361946][    T1] e820: reserve RAM buffer [mem 0x7ffe0000-0x7fffffff]
[    1.367648][    T1] pci 0000:00:02.0: vgaarb: setting as boot VGA device
[    1.368488][    T1] pci 0000:00:02.0: vgaarb: bridge control possible
[    1.369335][    T1] pci 0000:00:02.0: vgaarb: VGA device added: decodes=io+mem,owns=io+mem,locks=none
[    1.370442][    T1] vgaarb: loaded
[    1.371949][    T1] hpet0: at MMIO 0xfed00000, IRQs 2, 8, 0
[    1.372593][    T1] hpet0: 3 comparators, 64-bit 100.000000 MHz counter
[    1.377426][    T1] clocksource: Switched to clocksource kvm-clock
[    1.388536][    T1] VFS: Disk quotas dquot_6.6.0
[    1.389184][    T1] VFS: Dquot-cache hash table entries: 512 (order 0, 4096 bytes)
[    1.390444][    T1] FS-Cache: Loaded
[    1.391394][    T1] CacheFiles: Loaded
[    1.392103][    T1] TOMOYO: 2.6.0
[    1.392489][    T1] Mandatory Access Control activated.
[    1.395107][    T1] AppArmor: AppArmor Filesystem Enabled
[    1.396013][    T1] pnp: PnP ACPI init
[    1.398088][    T1] pnp 00:02: [dma 2]
[    1.408869][    T1] pnp: PnP ACPI: found 6 devices
[    1.444999][    T1] clocksource: acpi_pm: mask: 0xffffff max_cycles: 0xffffff, max_idle_ns: 2085701024 ns
[    1.446695][    T1] NET: Registered PF_INET protocol family
[    1.447574][    T1] IP idents hash table entries: 32768 (order: 6, 262144 bytes, linear)
[    1.451762][    T1] tcp_listen_portaddr_hash hash table entries: 1024 (order: 4, 73728 bytes, linear)
[    1.452988][    T1] Table-perturb hash table entries: 65536 (order: 6, 262144 bytes, linear)
[    1.454136][    T1] TCP established hash table entries: 16384 (order: 5, 131072 bytes, linear)
[    1.456091][    T1] TCP bind hash table entries: 16384 (order: 9, 2359296 bytes, linear)
[    1.457864][    T1] TCP: Hash tables configured (established 16384 bind 16384)
[    1.459415][    T1] MPTCP token hash table entries: 2048 (order: 5, 180224 bytes, linear)
[    1.460704][    T1] UDP hash table entries: 1024 (order: 5, 163840 bytes, linear)
[    1.461777][    T1] UDP-Lite hash table entries: 1024 (order: 5, 163840 bytes, linear)
[    1.463287][    T1] NET: Registered PF_UNIX/PF_LOCAL protocol family
[    1.465454][    T1] RPC: Registered named UNIX socket transport module.
[    1.466303][    T1] RPC: Registered udp transport module.
[    1.467013][    T1] RPC: Registered tcp transport module.
[    1.467707][    T1] RPC: Registered tcp-with-tls transport module.
[    1.468510][    T1] RPC: Registered tcp NFSv4.1 backchannel transport module.
[    1.471098][    T1] NET: Registered PF_XDP protocol family
[    1.471827][    T1] pci_bus 0000:00: resource 4 [io  0x0000-0x0cf7 window]
[    1.472717][    T1] pci_bus 0000:00: resource 5 [io  0x0d00-0xffff window]
[    1.473605][    T1] pci_bus 0000:00: resource 6 [mem 0x000a0000-0x000bffff window]
[    1.474587][    T1] pci_bus 0000:00: resource 7 [mem 0x80000000-0xfebfffff window]
[    1.475563][    T1] pci_bus 0000:00: resource 8 [mem 0x100000000-0x17fffffff window]
[    1.477326][    T1] pci 0000:00:01.0: PIIX3: Enabling Passive Release
[    1.478161][    T1] pci 0000:00:00.0: Limiting direct PCI/PCI transfers
[    1.479108][    T1] PCI: CLS 0 bytes, default 64
[    1.479928][    T1] ACPI: bus type thunderbolt registered
[    1.481392][    T1] kvm_intel: VMX not supported by CPU 0
[    1.482287][    T1] kvm_amd: Nested Virtualization enabled
[    1.482985][    T1] kvm_amd: Nested Paging enabled
[    1.494348][   T13] Trying to unpack rootfs image as initramfs...
[    1.606643][   T13] Freeing initrd memory: 1360K
[    1.607697][   T61] kworker/u4:3 (61) used greatest stack depth: 29032 bytes left
[    1.608544][   T75] kworker/u4:3 (75) used greatest stack depth: 28448 bytes left
[    3.442000][    T1] Initialise system trusted keyrings
[    3.443718][    T1] workingset: timestamp_bits=40 max_order=19 bucket_order=0
[    3.446940][    T1] DLM installed
[    3.449539][    T1] squashfs: version 4.0 (2009/01/31) Phillip Lougher
[    3.452764][    T1] NFS: Registering the id_resolver key type
[    3.453951][    T1] Key type id_resolver registered
[    3.455281][    T1] Key type id_legacy registered
[    3.456729][    T1] nfs4filelayout_init: NFSv4 File Layout Driver Registering...
[    3.457895][    T1] nfs4flexfilelayout_init: NFSv4 Flexfile Layout Driver Registering...
[    3.462672][    T1] Key type cifs.spnego registered
[    3.463434][    T1] Key type cifs.idmap registered
[    3.464231][    T1] ntfs: driver 2.1.32 [Flags: R/W].
[    3.464985][    T1] ntfs3: Max link count 4000
[    3.465544][    T1] ntfs3: Enabled Linux POSIX ACLs support
[    3.466254][    T1] ntfs3: Read-only LZX/Xpress compression included
[    3.467165][    T1] efs: 1.0a - http://aeschi.ch.eu.org/efs/
[    3.467910][    T1] jffs2: version 2.2. (NAND) (SUMMARY)  © 2001-2006 Red Hat, Inc.
[    3.469299][    T1] romfs: ROMFS MTD (C) 2007 Red Hat, Inc.
[    3.470060][    T1] QNX4 filesystem 0.2.3 registered.
[    3.470748][    T1] qnx6: QNX6 filesystem 1.0.0 registered.
[    3.471942][    T1] fuse: init (API version 7.39)
[    3.473719][  T102] kworker/u4:5 (102) used greatest stack depth: 28320 bytes left
[    3.475133][    T1] orangefs_debugfs_init: called with debug mask: :none: :0:
[    3.476789][    T1] orangefs_init: module version upstream loaded
[    3.477962][    T1] JFS: nTxBlock = 8192, nTxLock = 65536
[    3.482495][    T1] SGI XFS with ACLs, security attributes, realtime, quota, no debug enabled
[    3.485091][    T1] 9p: Installing v9fs 9p2000 file system support
[    3.486058][    T1] NILFS version 2 loaded
[    3.486578][    T1] befs: version: 0.9.3
[    3.487302][    T1] ocfs2: Registered cluster interface o2cb
[    3.488409][    T1] ocfs2: Registered cluster interface user
[    3.489394][    T1] OCFS2 User DLM kernel interface loaded
[    3.501567][    T1] gfs2: GFS2 installed
[    3.505972][    T1] ceph: loaded (mds proto 32)
[    3.524282][    T1] NET: Registered PF_ALG protocol family
[    3.525053][    T1] xor: automatically using best checksumming function   avx       
[    3.526048][    T1] async_tx: api initialized (async)
[    3.526723][    T1] Key type asymmetric registered
[    3.527345][    T1] Asymmetric key parser 'x509' registered
[    3.528054][    T1] Asymmetric key parser 'pkcs8' registered
[    3.528778][    T1] Key type pkcs7_test registered
[    3.529722][    T1] Block layer SCSI generic (bsg) driver version 0.4 loaded (major 239)
[    3.531169][    T1] io scheduler mq-deadline registered
[    3.531837][    T1] io scheduler kyber registered
[    3.532519][    T1] io scheduler bfq registered
[    3.537858][    T1] input: Power Button as /devices/LNXSYSTM:00/LNXPWRBN:00/input/input0
[    3.544166][    T1] ACPI: button: Power Button [PWRF]
[    3.551306][    T1] ioatdma: Intel(R) QuickData Technology Driver 5.00
[    3.600312][   T14] Callback from call_rcu_tasks() invoked.
[    3.673800][  T436] kworker/u4:1 (436) used greatest stack depth: 28112 bytes left
[    3.777612][    T1] N_HDLC line discipline registered with maxframe=4096
[    3.778469][    T1] Serial: 8250/16550 driver, 4 ports, IRQ sharing enabled
[    3.780624][    T1] 00:04: ttyS0 at I/O 0x3f8 (irq = 4, base_baud = 115200) is a 16550A
[    3.800817][    T1] Non-volatile memory driver v1.3
[    3.801685][    T1] Linux agpgart interface v0.103
[    3.804590][    T1] ACPI: bus type drm_connector registered
[    3.808406][    T1] [drm] Initialized vgem 1.0.0 20120112 for vgem on minor 0
[    3.812414][    T1] [drm] Initialized vkms 1.0.0 20180514 for vkms on minor 1
[    3.859157][    T1] Console: switching to colour frame buffer device 128x48
[    3.877022][    T1] platform vkms: [drm] fb0: vkmsdrmfb frame buffer device
[    3.878062][    T1] usbcore: registered new interface driver udl
[    3.879786][    T1] bochs-drm 0000:00:02.0: vgaarb: deactivate vga console
[    3.882079][    T1] [drm] Found bochs VGA, ID 0xb0c5.
[    3.882731][    T1] [drm] Framebuffer size 16384 kB @ 0xfd000000, mmio @ 0xfebf0000.
[    3.886364][    T1] [drm] Found EDID data blob.
[    3.890237][    T1] [drm] Initialized bochs-drm 1.0.0 20130925 for 0000:00:02.0 on minor 2
[    3.896011][    T1] fbcon: bochs-drmdrmfb (fb1) is primary device
[    3.896022][    T1] fbcon: Remapping primary device, fb1, to tty 1-63
[    9.182065][    T1] bochs-drm 0000:00:02.0: [drm] fb1: bochs-drmdrmfb frame buffer device
[    9.218168][    T1] brd: module loaded
[    9.268647][    T1] loop: module loaded
[    9.359922][    T1] zram: Added device: zram0
[    9.365611][    T1] null_blk: disk nullb0 created
[    9.366210][    T1] null_blk: module loaded
[    9.366881][    T1] Guest personality initialized and is inactive
[    9.368130][    T1] VMCI host device registered (name=vmci, major=10, minor=118)
[    9.369074][    T1] Initialized host personality
[    9.370055][    T1] usbcore: registered new interface driver rtsx_usb
[    9.372017][    T1] usbcore: registered new interface driver viperboard
[    9.373397][    T1] usbcore: registered new interface driver dln2
[    9.374492][    T1] usbcore: registered new interface driver pn533_usb
[    9.376910][    T1] nfcsim 0.2 initialized
[    9.377688][    T1] usbcore: registered new interface driver port100
[    9.378736][    T1] usbcore: registered new interface driver nfcmrvl
[    9.383549][    T1] Loading iSCSI transport class v2.0-870.
[    9.387886][    T1] st: Version 20160209, fixed bufsize 32768, s/g segs 256
[    9.398037][    T1] ata_piix 0000:00:01.1: version 2.13
[    9.404827][    T1] scsi host0: ata_piix
[    9.407138][    T1] scsi host1: ata_piix
[    9.408465][    T1] ata1: PATA max MWDMA2 cmd 0x1f0 ctl 0x3f6 bmdma 0xc000 irq 14 lpm-pol 0
[    9.411630][    T1] ata2: PATA max MWDMA2 cmd 0x170 ctl 0x376 bmdma 0xc008 irq 15 lpm-pol 0
[    9.415674][    T1] Rounding down aligned max_sectors from 4294967295 to 4294967288
[    9.416782][    T1] db_root: cannot open: /etc/target
[    9.418006][    T1] slram: not enough parameters.
[    9.420997][    T1] ftl_cs: FTL header not found.
[    9.437839][    T1] wireguard: WireGuard 1.0.0 loaded. See www.wireguard.com for information.
[    9.439106][    T1] wireguard: Copyright (C) 2015-2019 Jason A. Donenfeld <Jason@zx2c4.com>. All Rights Reserved.
[    9.441180][    T1] eql: Equalizer2002: Simon Janes (simon@ncm.com) and David S. Miller (davem@redhat.com)
[    9.448523][    T1] MACsec IEEE 802.1AE
[    9.453551][    T1] tun: Universal TUN/TAP device driver, 1.6
[    9.458092][    T1] vcan: Virtual CAN interface driver
[    9.458675][    T1] vxcan: Virtual CAN Tunnel driver
[    9.459230][    T1] slcan: serial line CAN interface driver
[    9.459850][    T1] CAN device driver interface
[    9.461390][    T1] usbcore: registered new interface driver usb_8dev
[    9.462203][    T1] usbcore: registered new interface driver ems_usb
[    9.463004][    T1] usbcore: registered new interface driver gs_usb
[    9.464126][    T1] usbcore: registered new interface driver kvaser_usb
[    9.464966][    T1] usbcore: registered new interface driver mcba_usb
[    9.465797][    T1] usbcore: registered new interface driver peak_usb
[    9.466708][    T1] e100: Intel(R) PRO/100 Network Driver
[    9.467313][    T1] e100: Copyright(c) 1999-2006 Intel Corporation
[    9.468107][    T1] e1000: Intel(R) PRO/1000 Network Driver
[    9.468738][    T1] e1000: Copyright (c) 1999-2006 Intel Corporation.
[    9.469573][    T1] e1000e: Intel(R) PRO/1000 Network Driver
[    9.472766][    T1] e1000e: Copyright(c) 1999 - 2015 Intel Corporation.
[    9.484578][    T1] mkiss: AX.25 Multikiss, Hans Albas PE1AYX
[    9.485337][    T1] AX.25: 6pack driver, Revision: 0.3.0
[    9.485977][    T1] AX.25: bpqether driver version 004
[    9.486551][    T1] PPP generic driver version 2.4.2
[    9.487776][    T1] PPP BSD Compression module registered
[    9.488384][    T1] PPP Deflate Compression module registered
[    9.489056][    T1] PPP MPPE Compression module registered
[    9.489660][    T1] NET: Registered PF_PPPOX protocol family
[    9.490337][    T1] PPTP driver version 0.8.5
[    9.490996][    T1] SLIP: version 0.8.4-NET3.019-NEWTTY (dynamic channels, max=256) (6 bit encapsulation enabled).
[    9.492124][    T1] CSLIP: code copyright 1989 Regents of the University of California.
[    9.492999][    T1] SLIP linefill/keepalive option.
[    9.493541][    T1] hdlc: HDLC support module revision 1.22
[    9.494162][    T1] LAPB Ethernet driver version 0.02
[    9.495350][    T1] usbcore: registered new interface driver ath9k_htc
[    9.496167][    T1] usbcore: registered new interface driver carl9170
[    9.496971][    T1] usbcore: registered new interface driver ath6kl_usb
[    9.498107][    T1] usbcore: registered new interface driver ar5523
[    9.498995][    T1] usbcore: registered new interface driver ath10k_usb
[    9.499859][    T1] mac80211_hwsim: initializing netlink
[    9.501625][    T1] ieee80211 phy0: Selected rate control algorithm 'minstrel_ht'
[    9.504689][    T1] mac80211_hwsim hwsim0: WBRF is not supported
[    9.508731][    T1] ieee80211 phy1: Selected rate control algorithm 'minstrel_ht'
[    9.511533][    T1] mac80211_hwsim hwsim1: WBRF is not supported
[    9.516931][    T1] usbcore: registered new interface driver atusb
[    9.524122][    T1] mac802154_hwsim mac802154_hwsim: Added 2 mac802154 hwsim hardware radios
[    9.525970][    T1] VMware vmxnet3 virtual NIC driver - version 1.7.0.0-k-NAPI
[    9.526982][    T1] usbcore: registered new interface driver catc
[    9.527761][    T1] usbcore: registered new interface driver kaweth
[    9.528459][    T1] pegasus: Pegasus/Pegasus II USB Ethernet driver
[    9.529265][    T1] usbcore: registered new interface driver pegasus
[    9.530070][    T1] usbcore: registered new interface driver rtl8150
[    9.530887][    T1] usbcore: registered new device driver r8152-cfgselector
[    9.531767][    T1] usbcore: registered new interface driver r8152
[    9.532452][    T1] hso: drivers/net/usb/hso.c: Option Wireless
[    9.533254][    T1] usbcore: registered new interface driver hso
[    9.534019][    T1] usbcore: registered new interface driver lan78xx
[    9.534815][    T1] usbcore: registered new interface driver asix
[    9.535617][    T1] usbcore: registered new interface driver ax88179_178a
[    9.536471][    T1] usbcore: registered new interface driver cdc_ether
[    9.537297][    T1] usbcore: registered new interface driver cdc_eem
[    9.538098][    T1] usbcore: registered new interface driver dm9601
[    9.539161][    T1] usbcore: registered new interface driver sr9700
[    9.539950][    T1] usbcore: registered new interface driver CoreChips
[    9.541236][    T1] usbcore: registered new interface driver smsc75xx
[    9.542042][    T1] usbcore: registered new interface driver smsc95xx
[    9.543459][    T1] usbcore: registered new interface driver gl620a
[    9.544267][    T1] usbcore: registered new interface driver net1080
[    9.545073][    T1] usbcore: registered new interface driver plusb
[    9.545873][    T1] usbcore: registered new interface driver rndis_host
[    9.546705][    T1] usbcore: registered new interface driver cdc_subset
[    9.547528][    T1] usbcore: registered new interface driver zaurus
[    9.548332][    T1] usbcore: registered new interface driver MOSCHIP usb-ethernet driver
[    9.549329][    T1] usbcore: registered new interface driver int51x1
[    9.550637][    T1] usbcore: registered new interface driver cdc_phonet
[    9.551476][    T1] usbcore: registered new interface driver kalmia
[    9.552269][    T1] usbcore: registered new interface driver ipheth
[    9.553047][    T1] usbcore: registered new interface driver sierra_net
[    9.553877][    T1] usbcore: registered new interface driver cx82310_eth
[    9.554711][    T1] usbcore: registered new interface driver cdc_ncm
[    9.555519][    T1] usbcore: registered new interface driver huawei_cdc_ncm
[    9.556384][    T1] usbcore: registered new interface driver lg-vl600
[    9.557193][    T1] usbcore: registered new interface driver qmi_wwan
[    9.558004][    T1] usbcore: registered new interface driver cdc_mbim
[    9.558810][    T1] usbcore: registered new interface driver ch9200
[    9.559596][    T1] usbcore: registered new interface driver r8153_ecm
[    9.563763][    T1] VFIO - User Level meta-driver version: 0.3
[    9.568366][    T1] aoe: AoE v85 initialised.
[    9.573222][    T1] SPI driver max3421-hcd has no spi_device_id for maxim,max3421
[    9.574907][    T1] usbcore: registered new interface driver cdc_acm
[    9.575623][    T1] cdc_acm: USB Abstract Control Model driver for USB modems and ISDN adapters
[    9.576686][    T1] usbcore: registered new interface driver usblp
[    9.577462][    T1] usbcore: registered new interface driver cdc_wdm
[    9.578259][    T1] usbcore: registered new interface driver usbtmc
[    9.579597][    T1] usbcore: registered new interface driver uas
[    9.580482][  T988] ata2: found unknown device (class 0)
[    9.580518][    T1] usbcore: registered new interface driver usb-storage
[    9.582261][  T988] ata2.00: ATAPI: QEMU DVD-ROM, 2.5+, max UDMA/100
[    9.582421][    T1] usbcore: registered new interface driver ums-alauda
[    9.584175][    T1] usbcore: registered new interface driver ums-cypress
[    9.585682][    T1] usbcore: registered new interface driver ums-datafab
[    9.586067][   T56] scsi 1:0:0:0: CD-ROM            QEMU     QEMU DVD-ROM     2.5+ PQ: 0 ANSI: 5
[    9.586603][    T1] usbcore: registered new interface driver ums_eneub6250
[    9.588810][    T1] usbcore: registered new interface driver ums-freecom
[    9.589867][    T1] usbcore: registered new interface driver ums-isd200
[    9.591372][    T1] usbcore: registered new interface driver ums-jumpshot
[    9.592295][    T1] usbcore: registered new interface driver ums-karma
[    9.593237][    T1] usbcore: registered new interface driver ums-onetouch
[    9.594080][    T1] usbcore: registered new interface driver ums-realtek
[    9.594903][    T1] usbcore: registered new interface driver ums-sddr09
[    9.595711][    T1] usbcore: registered new interface driver ums-sddr55
[    9.596519][    T1] usbcore: registered new interface driver ums-usbat
[    9.597389][    T1] usbcore: registered new interface driver mdc800
[    9.598089][    T1] mdc800: v0.7.5 (30/10/2000):USB Driver for Mustek MDC800 Digital Camera
[    9.599105][    T1] usbcore: registered new interface driver microtekX6
[    9.601788][    T1] usbcore: registered new interface driver usbserial_generic
[    9.602678][    T1] usbserial: USB Serial support registered for generic
[    9.603508][    T1] usbcore: registered new interface driver aircable
[    9.604409][    T1] usbserial: USB Serial support registered for aircable
[    9.605260][    T1] usbcore: registered new interface driver ark3116
[    9.606035][    T1] usbserial: USB Serial support registered for ark3116
[    9.606872][    T1] usbcore: registered new interface driver belkin_sa
[    9.607665][    T1] usbserial: USB Serial support registered for Belkin / Peracom / GoHubs USB Serial Adapter
[    9.608853][    T1] usbcore: registered new interface driver ch341
[    9.609613][    T1] usbserial: USB Serial support registered for ch341-uart
[    9.611505][    T1] usbcore: registered new interface driver cp210x
[    9.612272][    T1] usbserial: USB Serial support registered for cp210x
[    9.613185][    T1] usbcore: registered new interface driver cyberjack
[    9.614118][    T1] usbserial: USB Serial support registered for Reiner SCT Cyberjack USB card reader
[    9.615226][    T1] usbcore: registered new interface driver cypress_m8
[    9.616028][    T1] usbserial: USB Serial support registered for DeLorme Earthmate USB
[    9.618466][    T1] usbserial: USB Serial support registered for HID->COM RS232 Adapter
[    9.619514][    T1] usbserial: USB Serial support registered for Nokia CA-42 V2 Adapter
[    9.621257][    T1] usbcore: registered new interface driver usb_debug
[    9.622061][    T1] usbserial: USB Serial support registered for debug
[    9.622862][    T1] usbserial: USB Serial support registered for xhci_dbc
[    9.623706][    T1] usbcore: registered new interface driver digi_acceleport
[    9.624578][    T1] usbserial: USB Serial support registered for Digi 2 port USB adapter
[    9.625562][    T1] usbserial: USB Serial support registered for Digi 4 port USB adapter
[    9.626541][    T1] usbcore: registered new interface driver io_edgeport
[    9.627355][    T1] usbserial: USB Serial support registered for Edgeport 2 port adapter
[    9.628320][    T1] usbserial: USB Serial support registered for Edgeport 4 port adapter
[    9.629287][    T1] usbserial: USB Serial support registered for Edgeport 8 port adapter
[    9.630280][    T1] usbserial: USB Serial support registered for EPiC device
[    9.631151][    T1] usbcore: registered new interface driver io_ti
[    9.631910][    T1] usbserial: USB Serial support registered for Edgeport TI 1 port adapter
[    9.632914][    T1] usbserial: USB Serial support registered for Edgeport TI 2 port adapter
[    9.633930][    T1] usbcore: registered new interface driver empeg
[    9.634687][    T1] usbserial: USB Serial support registered for empeg
[    9.635539][    T1] usbcore: registered new interface driver f81534a_ctrl
[    9.636389][    T1] usbcore: registered new interface driver f81232
[    9.637187][    T1] usbserial: USB Serial support registered for f81232
[    9.637996][    T1] usbserial: USB Serial support registered for f81534a
[    9.638832][    T1] usbcore: registered new interface driver f81534
[    9.639603][    T1] usbserial: USB Serial support registered for Fintek F81532/F81534
[    9.640578][    T1] usbcore: registered new interface driver ftdi_sio
[    9.641385][    T1] usbserial: USB Serial support registered for FTDI USB Serial Device
[    9.642370][    T1] usbcore: registered new interface driver garmin_gps
[    9.643183][    T1] usbserial: USB Serial support registered for Garmin GPS usb/tty
[    9.644127][    T1] usbcore: registered new interface driver ipaq
[    9.644892][    T1] usbserial: USB Serial support registered for PocketPC PDA
[    9.645782][    T1] usbcore: registered new interface driver ipw
[    9.646527][    T1] usbserial: USB Serial support registered for IPWireless converter
[    9.647491][    T1] usbcore: registered new interface driver ir_usb
[    9.648270][    T1] usbserial: USB Serial support registered for IR Dongle
[    9.649136][    T1] usbcore: registered new interface driver iuu_phoenix
[    9.649957][    T1] usbserial: USB Serial support registered for iuu_phoenix
[    9.651201][    T1] usbcore: registered new interface driver keyspan
[    9.652101][    T1] usbserial: USB Serial support registered for Keyspan - (without firmware)
[    9.653938][    T1] usbserial: USB Serial support registered for Keyspan 1 port adapter
[    9.654916][    T1] usbserial: USB Serial support registered for Keyspan 2 port adapter
[    9.655317][   T56] sr 1:0:0:0: [sr0] scsi3-mmc drive: 4x/4x cd/rw xa/form2 tray
[    9.655920][    T1] usbserial: USB Serial support registered for Keyspan 4 port adapter
[    9.657129][   T56] cdrom: Uniform CD-ROM driver Revision: 3.20
[    9.657681][    T1] usbcore: registered new interface driver keyspan_pda
[    9.659190][    T1] usbserial: USB Serial support registered for Keyspan PDA
[    9.660041][    T1] usbserial: USB Serial support registered for Keyspan PDA - (prerenumeration)
[    9.661193][    T1] usbcore: registered new interface driver kl5kusb105
[    9.661999][    T1] usbserial: USB Serial support registered for KL5KUSB105D / PalmConnect
[    9.662996][    T1] usbcore: registered new interface driver kobil_sct
[    9.663791][    T1] usbserial: USB Serial support registered for KOBIL USB smart card terminal
[    9.664840][    T1] usbcore: registered new interface driver mct_u232
[    9.665626][    T1] usbserial: USB Serial support registered for MCT U232
[    9.666465][    T1] usbcore: registered new interface driver metro_usb
[    9.667259][    T1] usbserial: USB Serial support registered for Metrologic USB to Serial
[    9.668251][    T1] usbcore: registered new interface driver mos7720
[    9.669056][    T1] usbserial: USB Serial support registered for Moschip 2 port adapter
[    9.670054][    T1] usbcore: registered new interface driver mos7840
[    9.670921][    T1] usbserial: USB Serial support registered for Moschip 7840/7820 USB Serial Driver
[    9.672041][    T1] usbcore: registered new interface driver mxuport
[    9.672850][    T1] usbserial: USB Serial support registered for MOXA UPort
[    9.673733][    T1] usbcore: registered new interface driver navman
[    9.674518][    T1] usbserial: USB Serial support registered for navman
[    9.675354][    T1] usbcore: registered new interface driver omninet
[    9.676148][    T1] usbserial: USB Serial support registered for ZyXEL - omni.net usb
[    9.677131][    T1] usbcore: registered new interface driver opticon
[    9.677923][    T1] usbserial: USB Serial support registered for opticon
[    9.678772][    T1] usbcore: registered new interface driver option
[    9.679566][    T1] usbserial: USB Serial support registered for GSM modem (1-port)
[    9.680533][    T1] usbcore: registered new interface driver oti6858
[    9.681350][    T1] usbserial: USB Serial support registered for oti6858
[    9.682206][    T1] usbcore: registered new interface driver pl2303
[    9.682991][    T1] usbserial: USB Serial support registered for pl2303
[    9.684268][    T1] usbcore: registered new interface driver qcaux
[    9.685055][    T1] usbserial: USB Serial support registered for qcaux
[    9.685888][    T1] usbcore: registered new interface driver qcserial
[    9.686702][    T1] usbserial: USB Serial support registered for Qualcomm USB modem
[    9.687667][    T1] usbcore: registered new interface driver quatech2
[    9.688472][    T1] usbserial: USB Serial support registered for Quatech 2nd gen USB to Serial Driver
[    9.689624][    T1] usbcore: registered new interface driver safe_serial
[    9.690474][    T1] usbserial: USB Serial support registered for safe_serial
[    9.691362][    T1] usbcore: registered new interface driver sierra
[    9.692149][    T1] usbserial: USB Serial support registered for Sierra USB modem
[    9.693096][    T1] usbcore: registered new interface driver usb_serial_simple
[    9.693986][    T1] usbserial: USB Serial support registered for carelink
[    9.694829][    T1] usbserial: USB Serial support registered for flashloader
[    9.695708][    T1] usbserial: USB Serial support registered for funsoft
[    9.696544][    T1] usbserial: USB Serial support registered for google
[    9.697389][    T1] usbserial: USB Serial support registered for hp4x
[    9.698199][    T1] usbserial: USB Serial support registered for kaufmann
[    9.699048][    T1] usbserial: USB Serial support registered for libtransistor
[    9.699940][    T1] usbserial: USB Serial support registered for moto_modem
[    9.700849][    T1] usbserial: USB Serial support registered for motorola_tetra
[    9.701759][    T1] usbserial: USB Serial support registered for nokia
[    9.702590][    T1] usbserial: USB Serial support registered for novatel_gps
[    9.703470][    T1] usbserial: USB Serial support registered for siemens_mpi
[    9.704344][    T1] usbserial: USB Serial support registered for suunto
[    9.705180][    T1] usbserial: USB Serial support registered for vivopay
[    9.706014][    T1] usbserial: USB Serial support registered for zio
[    9.706838][    T1] usbcore: registered new interface driver spcp8x5
[    9.707733][    T1] usbserial: USB Serial support registered for SPCP8x5
[    9.708586][    T1] usbcore: registered new interface driver ssu100
[    9.709374][    T1] usbserial: USB Serial support registered for Quatech SSU-100 USB to Serial Driver
[    9.710537][    T1] usbcore: registered new interface driver symbolserial
[    9.711382][    T1] usbserial: USB Serial support registered for symbol
[    9.712241][    T1] usbcore: registered new interface driver ti_usb_3410_5052
[    9.713139][    T1] usbserial: USB Serial support registered for TI USB 3410 1 port adapter
[    9.714159][    T1] usbserial: USB Serial support registered for TI USB 5052 2 port adapter
[    9.715203][    T1] usbcore: registered new interface driver upd78f0730
[    9.716037][    T1] usbserial: USB Serial support registered for upd78f0730
[    9.716925][    T1] usbcore: registered new interface driver visor
[    9.717708][    T1] usbserial: USB Serial support registered for Handspring Visor / Palm OS
[    9.718731][    T1] usbserial: USB Serial support registered for Sony Clie 5.0
[    9.719636][    T1] usbserial: USB Serial support registered for Sony Clie 3.5
[    9.720713][    T1] usbcore: registered new interface driver wishbone_serial
[    9.721694][    T1] usbserial: USB Serial support registered for wishbone_serial
[    9.722629][    T1] usbcore: registered new interface driver whiteheat
[    9.723452][    T1] usbserial: USB Serial support registered for Connect Tech - WhiteHEAT - (prerenumeration)
[    9.724661][    T1] usbserial: USB Serial support registered for Connect Tech - WhiteHEAT
[    9.725687][    T1] usbcore: registered new interface driver xr_serial
[    9.726517][    T1] usbserial: USB Serial support registered for xr_serial
[    9.727398][    T1] usbcore: registered new interface driver xsens_mt
[    9.728216][    T1] usbserial: USB Serial support registered for xsens_mt
[    9.729099][    T1] usbcore: registered new interface driver adutux
[    9.730341][    T1] usbcore: registered new interface driver appledisplay
[    9.731257][    T1] usbcore: registered new interface driver cypress_cy7c63
[    9.732160][    T1] usbcore: registered new interface driver cytherm
[    9.733002][    T1] usbcore: registered new interface driver emi26 - firmware loader
[    9.733400][   T56] sr 1:0:0:0: Attached scsi CD-ROM sr0
[    9.733997][    T1] usbcore: registered new interface driver emi62 - firmware loader
[    9.735517][    T1] usbcore: registered new interface driver idmouse
[    9.736286][   T56] sr 1:0:0:0: Attached scsi generic sg0 type 5
[    9.736365][    T1] usbcore: registered new interface driver iowarrior
[    9.737958][    T1] usbcore: registered new interface driver isight_firmware
[    9.738866][    T1] usbcore: registered new interface driver usblcd
[    9.739794][    T1] usbcore: registered new interface driver ldusb
[    9.741542][    T1] usbcore: registered new interface driver legousbtower
[    9.742429][    T1] usbcore: registered new interface driver usbtest
[    9.743273][    T1] usbcore: registered new interface driver usb_ehset_test
[    9.744165][    T1] usbcore: registered new interface driver trancevibrator
[    9.745568][    T1] usbcore: registered new interface driver uss720
[    9.746292][    T1] uss720: USB Parport Cable driver for Cables using the Lucent Technologies USS720 Chip
[    9.747395][    T1] uss720: NOTE: this is a special purpose driver to allow nonstandard
[    9.748305][    T1] uss720: protocols (eg. bitbang) over USS720 usb to parallel cables
[    9.749214][    T1] uss720: If you just want to connect to a printer, use usblp instead
[    9.750243][    T1] usbcore: registered new interface driver usbsevseg
[    9.751097][    T1] usbcore: registered new interface driver yurex
[    9.752597][    T1] usbcore: registered new interface driver chaoskey
[    9.753454][    T1] usbcore: registered new interface driver sisusb
[    9.754286][    T1] usbcore: registered new interface driver lvs
[    9.755088][    T1] usbcore: registered new interface driver cxacru
[    9.755910][    T1] usbcore: registered new interface driver speedtch
[    9.756763][    T1] usbcore: registered new interface driver ueagle-atm
[    9.757521][    T1] xusbatm: malformed module parameters
[    9.759247][    T1] dummy_hcd dummy_hcd.0: USB Host+Gadget Emulator, driver 02 May 2005
[    9.760285][    T1] dummy_hcd dummy_hcd.0: Dummy host controller
[    9.762058][    T1] dummy_hcd dummy_hcd.0: new USB bus registered, assigned bus number 1
[    9.763727][    T1] usb usb1: New USB device found, idVendor=1d6b, idProduct=0002, bcdDevice= 6.07
[    9.764762][    T1] usb usb1: New USB device strings: Mfr=3, Product=2, SerialNumber=1
[    9.765680][    T1] usb usb1: Product: Dummy host controller
[    9.766339][    T1] usb usb1: Manufacturer: Linux 6.7.0-09928-g052d534373b7-dirty dummy_hcd
[    9.767297][    T1] usb usb1: SerialNumber: dummy_hcd.0
[    9.769695][    T1] hub 1-0:1.0: USB hub found
[    9.770411][    T1] hub 1-0:1.0: 1 port detected
[    9.775543][    T1] gadgetfs: USB Gadget filesystem, version 24 Aug 2004
[    9.778266][    T1] vhci_hcd vhci_hcd.0: USB/IP Virtual Host Controller
[    9.779586][    T1] vhci_hcd vhci_hcd.0: new USB bus registered, assigned bus number 2
[    9.781506][    T1] vhci_hcd: created sysfs vhci_hcd.0
[    9.782815][    T1] usb usb2: New USB device found, idVendor=1d6b, idProduct=0002, bcdDevice= 6.07
[    9.783846][    T1] usb usb2: New USB device strings: Mfr=3, Product=2, SerialNumber=1
[    9.784756][    T1] usb usb2: Product: USB/IP Virtual Host Controller
[    9.785492][    T1] usb usb2: Manufacturer: Linux 6.7.0-09928-g052d534373b7-dirty vhci_hcd
[    9.786445][    T1] usb usb2: SerialNumber: vhci_hcd.0
[    9.788789][    T1] hub 2-0:1.0: USB hub found
[    9.789478][    T1] hub 2-0:1.0: 8 ports detected
[    9.796826][    T1] vhci_hcd vhci_hcd.0: USB/IP Virtual Host Controller
[    9.798116][    T1] vhci_hcd vhci_hcd.0: new USB bus registered, assigned bus number 3
[    9.799309][    T1] usb usb3: We don't know the algorithms for LPM for this host, disabling LPM.
[    9.800970][    T1] usb usb3: New USB device found, idVendor=1d6b, idProduct=0003, bcdDevice= 6.07
[    9.801991][    T1] usb usb3: New USB device strings: Mfr=3, Product=2, SerialNumber=1
[    9.802893][    T1] usb usb3: Product: USB/IP Virtual Host Controller
[    9.803634][    T1] usb usb3: Manufacturer: Linux 6.7.0-09928-g052d534373b7-dirty vhci_hcd
[    9.804582][    T1] usb usb3: SerialNumber: vhci_hcd.0
[    9.807421][    T1] hub 3-0:1.0: USB hub found
[    9.808107][    T1] hub 3-0:1.0: 8 ports detected
[    9.815877][    T1] vhci_hcd vhci_hcd.1: USB/IP Virtual Host Controller
[    9.817159][    T1] vhci_hcd vhci_hcd.1: new USB bus registered, assigned bus number 4
[    9.818779][    T1] usb usb4: New USB device found, idVendor=1d6b, idProduct=0002, bcdDevice= 6.07
[    9.819790][    T1] usb usb4: New USB device strings: Mfr=3, Product=2, SerialNumber=1
[    9.820817][    T1] usb usb4: Product: USB/IP Virtual Host Controller
[    9.821558][    T1] usb usb4: Manufacturer: Linux 6.7.0-09928-g052d534373b7-dirty vhci_hcd
[    9.822504][    T1] usb usb4: SerialNumber: vhci_hcd.1
[    9.824814][    T1] hub 4-0:1.0: USB hub found
[    9.825502][    T1] hub 4-0:1.0: 8 ports detected
[    9.832006][    T1] vhci_hcd vhci_hcd.1: USB/IP Virtual Host Controller
[    9.833362][    T1] vhci_hcd vhci_hcd.1: new USB bus registered, assigned bus number 5
[    9.834539][    T1] usb usb5: We don't know the algorithms for LPM for this host, disabling LPM.
[    9.836168][    T1] usb usb5: New USB device found, idVendor=1d6b, idProduct=0003, bcdDevice= 6.07
[    9.837203][    T1] usb usb5: New USB device strings: Mfr=3, Product=2, SerialNumber=1
[    9.838106][    T1] usb usb5: Product: USB/IP Virtual Host Controller
[    9.838843][    T1] usb usb5: Manufacturer: Linux 6.7.0-09928-g052d534373b7-dirty vhci_hcd
[    9.839778][    T1] usb usb5: SerialNumber: vhci_hcd.1
[    9.842430][    T1] hub 5-0:1.0: USB hub found
[    9.843113][    T1] hub 5-0:1.0: 8 ports detected
[    9.850926][    T1] vhci_hcd vhci_hcd.2: USB/IP Virtual Host Controller
[    9.852255][    T1] vhci_hcd vhci_hcd.2: new USB bus registered, assigned bus number 6
[    9.853873][    T1] usb usb6: New USB device found, idVendor=1d6b, idProduct=0002, bcdDevice= 6.07
[    9.854884][    T1] usb usb6: New USB device strings: Mfr=3, Product=2, SerialNumber=1
[    9.855775][    T1] usb usb6: Product: USB/IP Virtual Host Controller
[    9.856500][    T1] usb usb6: Manufacturer: Linux 6.7.0-09928-g052d534373b7-dirty vhci_hcd
[    9.857416][    T1] usb usb6: SerialNumber: vhci_hcd.2
[    9.859859][    T1] hub 6-0:1.0: USB hub found
[    9.860558][    T1] hub 6-0:1.0: 8 ports detected
[    9.867020][    T1] vhci_hcd vhci_hcd.2: USB/IP Virtual Host Controller
[    9.868333][    T1] vhci_hcd vhci_hcd.2: new USB bus registered, assigned bus number 7
[    9.869517][    T1] usb usb7: We don't know the algorithms for LPM for this host, disabling LPM.
[    9.871099][    T1] usb usb7: New USB device found, idVendor=1d6b, idProduct=0003, bcdDevice= 6.07
[    9.872074][    T1] usb usb7: New USB device strings: Mfr=3, Product=2, SerialNumber=1
[    9.872938][    T1] usb usb7: Product: USB/IP Virtual Host Controller
[    9.873639][    T1] usb usb7: Manufacturer: Linux 6.7.0-09928-g052d534373b7-dirty vhci_hcd
[    9.874527][    T1] usb usb7: SerialNumber: vhci_hcd.2
[    9.876902][    T1] hub 7-0:1.0: USB hub found
[    9.877564][    T1] hub 7-0:1.0: 8 ports detected
[    9.885680][    T1] vhci_hcd vhci_hcd.3: USB/IP Virtual Host Controller
[    9.887017][    T1] vhci_hcd vhci_hcd.3: new USB bus registered, assigned bus number 8
[    9.888584][    T1] usb usb8: New USB device found, idVendor=1d6b, idProduct=0002, bcdDevice= 6.07
[    9.889577][    T1] usb usb8: New USB device strings: Mfr=3, Product=2, SerialNumber=1
[    9.890464][    T1] usb usb8: Product: USB/IP Virtual Host Controller
[    9.891170][    T1] usb usb8: Manufacturer: Linux 6.7.0-09928-g052d534373b7-dirty vhci_hcd
[    9.892075][    T1] usb usb8: SerialNumber: vhci_hcd.3
[    9.894468][    T1] hub 8-0:1.0: USB hub found
[    9.895121][    T1] hub 8-0:1.0: 8 ports detected
[    9.901156][    T1] vhci_hcd vhci_hcd.3: USB/IP Virtual Host Controller
[    9.902687][    T1] vhci_hcd vhci_hcd.3: new USB bus registered, assigned bus number 9
[    9.903831][    T1] usb usb9: We don't know the algorithms for LPM for this host, disabling LPM.
[    9.905386][    T1] usb usb9: New USB device found, idVendor=1d6b, idProduct=0003, bcdDevice= 6.07
[    9.906364][    T1] usb usb9: New USB device strings: Mfr=3, Product=2, SerialNumber=1
[    9.907223][    T1] usb usb9: Product: USB/IP Virtual Host Controller
[    9.907926][    T1] usb usb9: Manufacturer: Linux 6.7.0-09928-g052d534373b7-dirty vhci_hcd
[    9.908833][    T1] usb usb9: SerialNumber: vhci_hcd.3
[    9.911430][    T1] hub 9-0:1.0: USB hub found
[    9.912098][    T1] hub 9-0:1.0: 8 ports detected
[    9.919794][    T1] vhci_hcd vhci_hcd.4: USB/IP Virtual Host Controller
[    9.921100][    T1] vhci_hcd vhci_hcd.4: new USB bus registered, assigned bus number 10
[    9.922683][    T1] usb usb10: New USB device found, idVendor=1d6b, idProduct=0002, bcdDevice= 6.07
[    9.923670][    T1] usb usb10: New USB device strings: Mfr=3, Product=2, SerialNumber=1
[    9.924539][    T1] usb usb10: Product: USB/IP Virtual Host Controller
[    9.925253][    T1] usb usb10: Manufacturer: Linux 6.7.0-09928-g052d534373b7-dirty vhci_hcd
[    9.926157][    T1] usb usb10: SerialNumber: vhci_hcd.4
[    9.928542][    T1] hub 10-0:1.0: USB hub found
[    9.929211][    T1] hub 10-0:1.0: 8 ports detected
[    9.935609][    T1] vhci_hcd vhci_hcd.4: USB/IP Virtual Host Controller
[    9.936931][    T1] vhci_hcd vhci_hcd.4: new USB bus registered, assigned bus number 11
[    9.938075][    T1] usb usb11: We don't know the algorithms for LPM for this host, disabling LPM.
[    9.939638][    T1] usb usb11: New USB device found, idVendor=1d6b, idProduct=0003, bcdDevice= 6.07
[    9.940651][    T1] usb usb11: New USB device strings: Mfr=3, Product=2, SerialNumber=1
[    9.941538][    T1] usb usb11: Product: USB/IP Virtual Host Controller
[    9.942255][    T1] usb usb11: Manufacturer: Linux 6.7.0-09928-g052d534373b7-dirty vhci_hcd
[    9.943159][    T1] usb usb11: SerialNumber: vhci_hcd.4
[    9.945570][    T1] hub 11-0:1.0: USB hub found
[    9.946229][    T1] hub 11-0:1.0: 8 ports detected
[    9.953954][    T1] vhci_hcd vhci_hcd.5: USB/IP Virtual Host Controller
[    9.955308][    T1] vhci_hcd vhci_hcd.5: new USB bus registered, assigned bus number 12
[    9.957104][    T1] usb usb12: New USB device found, idVendor=1d6b, idProduct=0002, bcdDevice= 6.07
[    9.958101][    T1] usb usb12: New USB device strings: Mfr=3, Product=2, SerialNumber=1
[    9.958968][    T1] usb usb12: Product: USB/IP Virtual Host Controller
[    9.959679][    T1] usb usb12: Manufacturer: Linux 6.7.0-09928-g052d534373b7-dirty vhci_hcd
[    9.960608][    T1] usb usb12: SerialNumber: vhci_hcd.5
[    9.963010][    T1] hub 12-0:1.0: USB hub found
[    9.963675][    T1] hub 12-0:1.0: 8 ports detected
[    9.969861][    T1] vhci_hcd vhci_hcd.5: USB/IP Virtual Host Controller
[    9.971321][    T1] vhci_hcd vhci_hcd.5: new USB bus registered, assigned bus number 13
[    9.972516][    T1] usb usb13: We don't know the algorithms for LPM for this host, disabling LPM.
[    9.974090][    T1] usb usb13: New USB device found, idVendor=1d6b, idProduct=0003, bcdDevice= 6.07
[    9.975076][    T1] usb usb13: New USB device strings: Mfr=3, Product=2, SerialNumber=1
[    9.975949][    T1] usb usb13: Product: USB/IP Virtual Host Controller
[    9.976664][    T1] usb usb13: Manufacturer: Linux 6.7.0-09928-g052d534373b7-dirty vhci_hcd
[    9.977577][    T1] usb usb13: SerialNumber: vhci_hcd.5
[    9.979981][    T1] hub 13-0:1.0: USB hub found
[    9.980664][    T1] hub 13-0:1.0: 8 ports detected
[    9.988339][    T1] vhci_hcd vhci_hcd.6: USB/IP Virtual Host Controller
[    9.989700][    T1] vhci_hcd vhci_hcd.6: new USB bus registered, assigned bus number 14
[    9.991290][    T1] usb usb14: New USB device found, idVendor=1d6b, idProduct=0002, bcdDevice= 6.07
[    9.992280][    T1] usb usb14: New USB device strings: Mfr=3, Product=2, SerialNumber=1
[    9.993166][    T1] usb usb14: Product: USB/IP Virtual Host Controller
[    9.993883][    T1] usb usb14: Manufacturer: Linux 6.7.0-09928-g052d534373b7-dirty vhci_hcd
[    9.994787][    T1] usb usb14: SerialNumber: vhci_hcd.6
[    9.997186][    T1] hub 14-0:1.0: USB hub found
[    9.997860][    T1] hub 14-0:1.0: 8 ports detected
[   10.004152][    T1] vhci_hcd vhci_hcd.6: USB/IP Virtual Host Controller
[   10.005464][    T1] vhci_hcd vhci_hcd.6: new USB bus registered, assigned bus number 15
[   10.006601][    T1] usb usb15: We don't know the algorithms for LPM for this host, disabling LPM.
[   10.008154][    T1] usb usb15: New USB device found, idVendor=1d6b, idProduct=0003, bcdDevice= 6.07
[   10.009146][    T1] usb usb15: New USB device strings: Mfr=3, Product=2, SerialNumber=1
[   10.010020][    T1] usb usb15: Product: USB/IP Virtual Host Controller
[   10.010763][    T1] usb usb15: Manufacturer: Linux 6.7.0-09928-g052d534373b7-dirty vhci_hcd
[   10.011674][    T1] usb usb15: SerialNumber: vhci_hcd.6
[   10.014072][    T1] hub 15-0:1.0: USB hub found
[   10.014736][    T1] hub 15-0:1.0: 8 ports detected
[   10.021759][    T1] vhci_hcd vhci_hcd.7: USB/IP Virtual Host Controller
[   10.023672][    T1] vhci_hcd vhci_hcd.7: new USB bus registered, assigned bus number 16
[   10.026301][    T1] usb usb16: New USB device found, idVendor=1d6b, idProduct=0002, bcdDevice= 6.07
[   10.027292][    T1] usb usb16: New USB device strings: Mfr=3, Product=2, SerialNumber=1
[   10.028163][    T1] usb usb16: Product: USB/IP Virtual Host Controller
[   10.028887][    T1] usb usb16: Manufacturer: Linux 6.7.0-09928-g052d534373b7-dirty vhci_hcd
[   10.029795][    T1] usb usb16: SerialNumber: vhci_hcd.7
[   10.032218][    T1] hub 16-0:1.0: USB hub found
[   10.032886][    T1] hub 16-0:1.0: 8 ports detected
[   10.039023][    T1] vhci_hcd vhci_hcd.7: USB/IP Virtual Host Controller
[   10.040503][    T1] vhci_hcd vhci_hcd.7: new USB bus registered, assigned bus number 17
[   10.041660][    T1] usb usb17: We don't know the algorithms for LPM for this host, disabling LPM.
[   10.043241][    T1] usb usb17: New USB device found, idVendor=1d6b, idProduct=0003, bcdDevice= 6.07
[   10.044226][    T1] usb usb17: New USB device strings: Mfr=3, Product=2, SerialNumber=1
[   10.045105][    T1] usb usb17: Product: USB/IP Virtual Host Controller
[   10.045824][    T1] usb usb17: Manufacturer: Linux 6.7.0-09928-g052d534373b7-dirty vhci_hcd
[   10.046737][    T1] usb usb17: SerialNumber: vhci_hcd.7
[   10.049133][    T1] hub 17-0:1.0: USB hub found
[   10.049796][    T1] hub 17-0:1.0: 8 ports detected
[   10.057507][    T1] vhci_hcd vhci_hcd.8: USB/IP Virtual Host Controller
[   10.058829][    T1] vhci_hcd vhci_hcd.8: new USB bus registered, assigned bus number 18
[   10.060770][    T1] usb usb18: New USB device found, idVendor=1d6b, idProduct=0002, bcdDevice= 6.07
[   10.061768][    T1] usb usb18: New USB device strings: Mfr=3, Product=2, SerialNumber=1
[   10.062642][    T1] usb usb18: Product: USB/IP Virtual Host Controller
[   10.063355][    T1] usb usb18: Manufacturer: Linux 6.7.0-09928-g052d534373b7-dirty vhci_hcd
[   10.064257][    T1] usb usb18: SerialNumber: vhci_hcd.8
[   10.066645][    T1] hub 18-0:1.0: USB hub found
[   10.067311][    T1] hub 18-0:1.0: 8 ports detected
[   10.073801][    T1] vhci_hcd vhci_hcd.8: USB/IP Virtual Host Controller
[   10.075093][    T1] vhci_hcd vhci_hcd.8: new USB bus registered, assigned bus number 19
[   10.076236][    T1] usb usb19: We don't know the algorithms for LPM for this host, disabling LPM.
[   10.077801][    T1] usb usb19: New USB device found, idVendor=1d6b, idProduct=0003, bcdDevice= 6.07
[   10.078790][    T1] usb usb19: New USB device strings: Mfr=3, Product=2, SerialNumber=1
[   10.079653][    T1] usb usb19: Product: USB/IP Virtual Host Controller
[   10.080395][    T1] usb usb19: Manufacturer: Linux 6.7.0-09928-g052d534373b7-dirty vhci_hcd
[   10.081310][    T1] usb usb19: SerialNumber: vhci_hcd.8
[   10.083694][    T1] hub 19-0:1.0: USB hub found
[   10.084351][    T1] hub 19-0:1.0: 8 ports detected
[   10.092105][    T1] vhci_hcd vhci_hcd.9: USB/IP Virtual Host Controller
[   10.093378][    T1] vhci_hcd vhci_hcd.9: new USB bus registered, assigned bus number 20
[   10.094952][    T1] usb usb20: New USB device found, idVendor=1d6b, idProduct=0002, bcdDevice= 6.07
[   10.095940][    T1] usb usb20: New USB device strings: Mfr=3, Product=2, SerialNumber=1
[   10.096818][    T1] usb usb20: Product: USB/IP Virtual Host Controller
[   10.097526][    T1] usb usb20: Manufacturer: Linux 6.7.0-09928-g052d534373b7-dirty vhci_hcd
[   10.098432][    T1] usb usb20: SerialNumber: vhci_hcd.9
[   10.100848][    T1] hub 20-0:1.0: USB hub found
[   10.101510][    T1] hub 20-0:1.0: 8 ports detected
[   10.107970][    T1] vhci_hcd vhci_hcd.9: USB/IP Virtual Host Controller
[   10.109275][    T1] vhci_hcd vhci_hcd.9: new USB bus registered, assigned bus number 21
[   10.110459][    T1] usb usb21: We don't know the algorithms for LPM for this host, disabling LPM.
[   10.112027][    T1] usb usb21: New USB device found, idVendor=1d6b, idProduct=0003, bcdDevice= 6.07
[   10.113019][    T1] usb usb21: New USB device strings: Mfr=3, Product=2, SerialNumber=1
[   10.113889][    T1] usb usb21: Product: USB/IP Virtual Host Controller
[   10.114599][    T1] usb usb21: Manufacturer: Linux 6.7.0-09928-g052d534373b7-dirty vhci_hcd
[   10.115506][    T1] usb usb21: SerialNumber: vhci_hcd.9
[   10.117912][    T1] hub 21-0:1.0: USB hub found
[   10.118571][    T1] hub 21-0:1.0: 8 ports detected
[   10.126363][    T1] vhci_hcd vhci_hcd.10: USB/IP Virtual Host Controller
[   10.127627][    T1] vhci_hcd vhci_hcd.10: new USB bus registered, assigned bus number 22
[   10.129250][    T1] usb usb22: New USB device found, idVendor=1d6b, idProduct=0002, bcdDevice= 6.07
[   10.130267][    T1] usb usb22: New USB device strings: Mfr=3, Product=2, SerialNumber=1
[   10.131145][    T1] usb usb22: Product: USB/IP Virtual Host Controller
[   10.131863][    T1] usb usb22: Manufacturer: Linux 6.7.0-09928-g052d534373b7-dirty vhci_hcd
[   10.132777][    T1] usb usb22: SerialNumber: vhci_hcd.10
[   10.135163][    T1] hub 22-0:1.0: USB hub found
[   10.135828][    T1] hub 22-0:1.0: 8 ports detected
[   10.142498][    T1] vhci_hcd vhci_hcd.10: USB/IP Virtual Host Controller
[   10.143824][    T1] vhci_hcd vhci_hcd.10: new USB bus registered, assigned bus number 23
[   10.144986][    T1] usb usb23: We don't know the algorithms for LPM for this host, disabling LPM.
[   10.146561][    T1] usb usb23: New USB device found, idVendor=1d6b, idProduct=0003, bcdDevice= 6.07
[   10.147551][    T1] usb usb23: New USB device strings: Mfr=3, Product=2, SerialNumber=1
[   10.148425][    T1] usb usb23: Product: USB/IP Virtual Host Controller
[   10.149142][    T1] usb usb23: Manufacturer: Linux 6.7.0-09928-g052d534373b7-dirty vhci_hcd
[   10.150048][    T1] usb usb23: SerialNumber: vhci_hcd.10
[   10.152453][    T1] hub 23-0:1.0: USB hub found
[   10.153119][    T1] hub 23-0:1.0: 8 ports detected
[   10.161061][    T1] vhci_hcd vhci_hcd.11: USB/IP Virtual Host Controller
[   10.162392][    T1] vhci_hcd vhci_hcd.11: new USB bus registered, assigned bus number 24
[   10.164268][    T1] usb usb24: New USB device found, idVendor=1d6b, idProduct=0002, bcdDevice= 6.07
[   10.165267][    T1] usb usb24: New USB device strings: Mfr=3, Product=2, SerialNumber=1
[   10.166142][    T1] usb usb24: Product: USB/IP Virtual Host Controller
[   10.166853][    T1] usb usb24: Manufacturer: Linux 6.7.0-09928-g052d534373b7-dirty vhci_hcd
[   10.167757][    T1] usb usb24: SerialNumber: vhci_hcd.11
[   10.170165][    T1] hub 24-0:1.0: USB hub found
[   10.170839][    T1] hub 24-0:1.0: 8 ports detected
[   10.177403][    T1] vhci_hcd vhci_hcd.11: USB/IP Virtual Host Controller
[   10.178710][    T1] vhci_hcd vhci_hcd.11: new USB bus registered, assigned bus number 25
[   10.179883][    T1] usb usb25: We don't know the algorithms for LPM for this host, disabling LPM.
[   10.181465][    T1] usb usb25: New USB device found, idVendor=1d6b, idProduct=0003, bcdDevice= 6.07
[   10.182457][    T1] usb usb25: New USB device strings: Mfr=3, Product=2, SerialNumber=1
[   10.183332][    T1] usb usb25: Product: USB/IP Virtual Host Controller
[   10.184050][    T1] usb usb25: Manufacturer: Linux 6.7.0-09928-g052d534373b7-dirty vhci_hcd
[   10.184961][    T1] usb usb25: SerialNumber: vhci_hcd.11
[   10.187363][    T1] hub 25-0:1.0: USB hub found
[   10.188028][    T1] hub 25-0:1.0: 8 ports detected
[   10.196298][    T1] vhci_hcd vhci_hcd.12: USB/IP Virtual Host Controller
[   10.197659][    T1] vhci_hcd vhci_hcd.12: new USB bus registered, assigned bus number 26
[   10.199262][    T1] usb usb26: New USB device found, idVendor=1d6b, idProduct=0002, bcdDevice= 6.07
[   10.200267][    T1] usb usb26: New USB device strings: Mfr=3, Product=2, SerialNumber=1
[   10.201151][    T1] usb usb26: Product: USB/IP Virtual Host Controller
[   10.201869][    T1] usb usb26: Manufacturer: Linux 6.7.0-09928-g052d534373b7-dirty vhci_hcd
[   10.202780][    T1] usb usb26: SerialNumber: vhci_hcd.12
[   10.205190][    T1] hub 26-0:1.0: USB hub found
[   10.205864][    T1] hub 26-0:1.0: 8 ports detected
[   10.212241][    T1] vhci_hcd vhci_hcd.12: USB/IP Virtual Host Controller
[   10.213576][    T1] vhci_hcd vhci_hcd.12: new USB bus registered, assigned bus number 27
[   10.214722][    T1] usb usb27: We don't know the algorithms for LPM for this host, disabling LPM.
[   10.216278][    T1] usb usb27: New USB device found, idVendor=1d6b, idProduct=0003, bcdDevice= 6.07
[   10.217276][    T1] usb usb27: New USB device strings: Mfr=3, Product=2, SerialNumber=1
[   10.218150][    T1] usb usb27: Product: USB/IP Virtual Host Controller
[   10.218860][    T1] usb usb27: Manufacturer: Linux 6.7.0-09928-g052d534373b7-dirty vhci_hcd
[   10.219768][    T1] usb usb27: SerialNumber: vhci_hcd.12
[   10.222389][    T1] hub 27-0:1.0: USB hub found
[   10.223052][    T1] hub 27-0:1.0: 8 ports detected
[   10.231046][    T1] vhci_hcd vhci_hcd.13: USB/IP Virtual Host Controller
[   10.232311][    T1] vhci_hcd vhci_hcd.13: new USB bus registered, assigned bus number 28
[   10.233910][    T1] usb usb28: New USB device found, idVendor=1d6b, idProduct=0002, bcdDevice= 6.07
[   10.234897][    T1] usb usb28: New USB device strings: Mfr=3, Product=2, SerialNumber=1
[   10.235768][    T1] usb usb28: Product: USB/IP Virtual Host Controller
[   10.236486][    T1] usb usb28: Manufacturer: Linux 6.7.0-09928-g052d534373b7-dirty vhci_hcd
[   10.237416][    T1] usb usb28: SerialNumber: vhci_hcd.13
[   10.239986][    T1] hub 28-0:1.0: USB hub found
[   10.240748][    T1] hub 28-0:1.0: 8 ports detected
[   10.247119][    T1] vhci_hcd vhci_hcd.13: USB/IP Virtual Host Controller
[   10.248452][    T1] vhci_hcd vhci_hcd.13: new USB bus registered, assigned bus number 29
[   10.249610][    T1] usb usb29: We don't know the algorithms for LPM for this host, disabling LPM.
[   10.251217][    T1] usb usb29: New USB device found, idVendor=1d6b, idProduct=0003, bcdDevice= 6.07
[   10.252213][    T1] usb usb29: New USB device strings: Mfr=3, Product=2, SerialNumber=1
[   10.253099][    T1] usb usb29: Product: USB/IP Virtual Host Controller
[   10.253813][    T1] usb usb29: Manufacturer: Linux 6.7.0-09928-g052d534373b7-dirty vhci_hcd
[   10.254724][    T1] usb usb29: SerialNumber: vhci_hcd.13
[   10.257390][    T1] hub 29-0:1.0: USB hub found
[   10.258071][    T1] hub 29-0:1.0: 8 ports detected
[   10.266114][    T1] vhci_hcd vhci_hcd.14: USB/IP Virtual Host Controller
[   10.267453][    T1] vhci_hcd vhci_hcd.14: new USB bus registered, assigned bus number 30
[   10.269067][    T1] usb usb30: New USB device found, idVendor=1d6b, idProduct=0002, bcdDevice= 6.07
[   10.270058][    T1] usb usb30: New USB device strings: Mfr=3, Product=2, SerialNumber=1
[   10.270947][    T1] usb usb30: Product: USB/IP Virtual Host Controller
[   10.271665][    T1] usb usb30: Manufacturer: Linux 6.7.0-09928-g052d534373b7-dirty vhci_hcd
[   10.272576][    T1] usb usb30: SerialNumber: vhci_hcd.14
[   10.275514][    T1] hub 30-0:1.0: USB hub found
[   10.276174][    T1] hub 30-0:1.0: 8 ports detected
[   10.282926][    T1] vhci_hcd vhci_hcd.14: USB/IP Virtual Host Controller
[   10.284250][    T1] vhci_hcd vhci_hcd.14: new USB bus registered, assigned bus number 31
[   10.285404][    T1] usb usb31: We don't know the algorithms for LPM for this host, disabling LPM.
[   10.286973][    T1] usb usb31: New USB device found, idVendor=1d6b, idProduct=0003, bcdDevice= 6.07
[   10.287966][    T1] usb usb31: New USB device strings: Mfr=3, Product=2, SerialNumber=1
[   10.288848][    T1] usb usb31: Product: USB/IP Virtual Host Controller
[   10.289566][    T1] usb usb31: Manufacturer: Linux 6.7.0-09928-g052d534373b7-dirty vhci_hcd
[   10.290494][    T1] usb usb31: SerialNumber: vhci_hcd.14
[   10.293089][    T1] hub 31-0:1.0: USB hub found
[   10.293757][    T1] hub 31-0:1.0: 8 ports detected
[   10.300746][    T1] vhci_hcd vhci_hcd.15: USB/IP Virtual Host Controller
[   10.302624][    T1] vhci_hcd vhci_hcd.15: new USB bus registered, assigned bus number 32
[   10.304198][    T1] usb usb32: New USB device found, idVendor=1d6b, idProduct=0002, bcdDevice= 6.07
[   10.305192][    T1] usb usb32: New USB device strings: Mfr=3, Product=2, SerialNumber=1
[   10.306060][    T1] usb usb32: Product: USB/IP Virtual Host Controller
[   10.306770][    T1] usb usb32: Manufacturer: Linux 6.7.0-09928-g052d534373b7-dirty vhci_hcd
[   10.307673][    T1] usb usb32: SerialNumber: vhci_hcd.15
[   10.310112][    T1] hub 32-0:1.0: USB hub found
[   10.311011][    T1] hub 32-0:1.0: 8 ports detected
[   10.317368][    T1] vhci_hcd vhci_hcd.15: USB/IP Virtual Host Controller
[   10.318675][    T1] vhci_hcd vhci_hcd.15: new USB bus registered, assigned bus number 33
[   10.319820][    T1] usb usb33: We don't know the algorithms for LPM for this host, disabling LPM.
[   10.321416][    T1] usb usb33: New USB device found, idVendor=1d6b, idProduct=0003, bcdDevice= 6.07
[   10.322407][    T1] usb usb33: New USB device strings: Mfr=3, Product=2, SerialNumber=1
[   10.323276][    T1] usb usb33: Product: USB/IP Virtual Host Controller
[   10.323985][    T1] usb usb33: Manufacturer: Linux 6.7.0-09928-g052d534373b7-dirty vhci_hcd
[   10.324901][    T1] usb usb33: SerialNumber: vhci_hcd.15
[   10.327293][    T1] hub 33-0:1.0: USB hub found
[   10.327953][    T1] hub 33-0:1.0: 8 ports detected
[   10.335889][    T1] usbcore: registered new device driver usbip-host
[   10.338405][    T1] i8042: PNP: PS/2 Controller [PNP0303:KBD,PNP0f13:MOU] at 0x60,0x64 irq 1,12
[   10.341940][    T1] serio: i8042 KBD port at 0x60,0x64 irq 1
[   10.343498][    T1] serio: i8042 AUX port at 0x60,0x64 irq 12
[   10.346244][    T1] mousedev: PS/2 mouse device common for all mice
[   10.348714][    T1] usbcore: registered new interface driver appletouch
[   10.349595][    T1] usbcore: registered new interface driver bcm5974
[   10.351014][  T757] input: AT Translated Set 2 keyboard as /devices/platform/i8042/serio0/input/input1
[   10.352383][    T1] usbcore: registered new interface driver synaptics_usb
[   10.354254][    T1] usbcore: registered new interface driver iforce
[   10.356624][    T1] usbcore: registered new interface driver xpad
[   10.358165][    T1] usbcore: registered new interface driver usb_acecad
[   10.359846][    T1] usbcore: registered new interface driver aiptek
[   10.362450][    T1] usbcore: registered new interface driver hanwang
[   10.363266][    T1] usbcore: registered new interface driver kbtab
[   10.364054][    T1] usbcore: registered new interface driver pegasus_notetaker
[   10.365009][    T1] usbcore: registered new interface driver usbtouchscreen
[   10.365881][    T1] usbcore: registered new interface driver sur40
[   10.366680][    T1] usbcore: registered new interface driver ati_remote2
[   10.367414][    T1] cm109: Keymap for Komunikate KIP1000 phone loaded
[   10.368254][    T1] usbcore: registered new interface driver cm109
[   10.368940][    T1] cm109: CM109 phone driver: 20080805 (C) Alfred E. Heggestad
[   10.369946][    T1] usbcore: registered new interface driver ims_pcu
[   10.371355][    T1] usbcore: registered new interface driver keyspan_remote
[   10.372234][    T1] usbcore: registered new interface driver powermate
[   10.373455][    T1] usbcore: registered new interface driver yealink
[   10.375937][    T1] rtc_cmos 00:05: RTC can wake from S4
[   10.380369][    T1] rtc_cmos 00:05: registered as rtc0
[   10.381010][    T1] rtc_cmos 00:05: alarms up to one day, y3k, 242 bytes nvram, hpet irqs
[   10.382197][    T1] i2c_dev: i2c /dev entries driver
[   10.383026][    T1] usbcore: registered new interface driver i2c-diolan-u2c
[   10.383970][    T1] usbcore: registered new interface driver RobotFuzz Open Source InterFace, OSIF
[   10.385091][    T1] usbcore: registered new interface driver i2c-tiny-usb
[   10.386850][    T1] usbcore: registered new interface driver igorplugusb
[   10.387685][    T1] usbcore: registered new interface driver iguanair
[   10.388522][    T1] usbcore: registered new interface driver imon
[   10.389380][    T1] usbcore: registered new interface driver mceusb
[   10.392616][    T1] usbcore: registered new interface driver redrat3
[   10.393493][    T1] usbcore: registered new interface driver streamzap
[   10.394888][    T1] usbcore: registered new interface driver ttusbir
[   10.395703][    T1] usbcore: registered new interface driver ati_remote
[   10.396616][    T1] b2c2-flexcop: B2C2 FlexcopII/II(b)/III digital TV receiver chip loaded successfully
[   10.397760][    T1] usbcore: registered new interface driver b2c2_flexcop_usb
[   10.398646][    T1] usbcore: registered new interface driver dvb_usb_vp7045
[   10.399522][    T1] usbcore: registered new interface driver dvb_usb_vp702x
[   10.406812][    T1] usbcore: registered new interface driver dvb_usb_gp8psk
[   10.407701][    T1] usbcore: registered new interface driver dvb_usb_dtt200u
[   10.408595][    T1] usbcore: registered new interface driver dvb_usb_a800
[   10.409499][    T1] usbcore: registered new interface driver dvb_usb_dibusb_mb
[   10.410464][    T1] usbcore: registered new interface driver dvb_usb_dibusb_mc
[   10.411395][    T1] usbcore: registered new interface driver dvb_usb_nova_t_usb2
[   10.412341][    T1] usbcore: registered new interface driver dvb_usb_umt_010
[   10.413264][    T1] usbcore: registered new interface driver dvb_usb_m920x
[   10.414154][    T1] usbcore: registered new interface driver dvb_usb_digitv
[   10.415068][    T1] usbcore: registered new interface driver dvb_usb_cxusb
[   10.415963][    T1] usbcore: registered new interface driver dvb_usb_ttusb2
[   10.416964][    T1] usbcore: registered new interface driver dvb_usb_dib0700
[   10.417864][    T1] usbcore: registered new interface driver opera1
[   10.418695][    T1] usbcore: registered new interface driver dvb_usb_af9005
[   10.419474][    T1] failing symbol_get of non-GPLONLY symbol af9005_rc_decode.
[   10.421178][    T1] failing symbol_get of non-GPLONLY symbol af9005_rc_decode.
[   10.421988][    T1] failing symbol_get of non-GPLONLY symbol rc_map_af9005_table.
[   10.423260][    T1] failing symbol_get of non-GPLONLY symbol rc_map_af9005_table.
[   10.424094][    T1] failing symbol_get of non-GPLONLY symbol rc_map_af9005_table_size.
[   10.425466][    T1] failing symbol_get of non-GPLONLY symbol rc_map_af9005_table_size.
[   10.426349][    T1] af9005: af9005_rc_decode function not found, disabling remote
[   10.427290][    T1] usbcore: registered new interface driver pctv452e
[   10.428154][    T1] usbcore: registered new interface driver dw2102
[   10.428971][    T1] usbcore: registered new interface driver dvb_usb_dtv5100
[   10.429871][    T1] usbcore: registered new interface driver cinergyT2
[   10.431156][    T1] usbcore: registered new interface driver dvb_usb_az6027
[   10.432044][    T1] usbcore: registered new interface driver dvb_usb_technisat_usb2
[   10.433044][    T1] usbcore: registered new interface driver dvb_usb_af9015
[   10.433965][    T1] usbcore: registered new interface driver dvb_usb_af9035
[   10.434863][    T1] usbcore: registered new interface driver dvb_usb_anysee
[   10.435789][    T1] usbcore: registered new interface driver dvb_usb_au6610
[   10.436683][    T1] usbcore: registered new interface driver dvb_usb_az6007
[   10.437589][    T1] usbcore: registered new interface driver dvb_usb_ce6230
[   10.438473][    T1] usbcore: registered new interface driver dvb_usb_ec168
[   10.439339][    T1] usbcore: registered new interface driver dvb_usb_lmedm04
[   10.442636][    T1] usbcore: registered new interface driver dvb_usb_gl861
[   10.443554][    T1] usbcore: registered new interface driver dvb_usb_mxl111sf
[   10.444489][    T1] usbcore: registered new interface driver dvb_usb_rtl28xxu
[   10.445415][    T1] usbcore: registered new interface driver dvb_usb_dvbsky
[   10.446292][    T1] usbcore: registered new interface driver zd1301
[   10.447114][    T1] usbcore: registered new interface driver s2255
[   10.447966][    T1] usbcore: registered new interface driver smsusb
[   10.448791][    T1] usbcore: registered new interface driver ttusb
[   10.449617][    T1] usbcore: registered new interface driver ttusb-dec
[   10.450590][    T1] usbcore: registered new interface driver Abilis Systems as10x usb driver
[   10.451700][    T1] usbcore: registered new interface driver airspy
[   10.452397][    T1] gspca_main: v2.14.0 registered
[   10.453053][    T1] usbcore: registered new interface driver benq
[   10.454296][    T1] usbcore: registered new interface driver conex
[   10.455102][    T1] usbcore: registered new interface driver cpia1
[   10.455901][    T1] usbcore: registered new interface driver dtcs033
[   10.456727][    T1] usbcore: registered new interface driver etoms
[   10.457558][    T1] usbcore: registered new interface driver finepix
[   10.458378][    T1] usbcore: registered new interface driver jeilinj
[   10.459203][    T1] usbcore: registered new interface driver jl2005bcd
[   10.460051][    T1] usbcore: registered new interface driver kinect
[   10.460892][    T1] usbcore: registered new interface driver konica
[   10.461711][    T1] usbcore: registered new interface driver mars
[   10.462509][    T1] usbcore: registered new interface driver mr97310a
[   10.463346][    T1] usbcore: registered new interface driver nw80x
[   10.464179][    T1] usbcore: registered new interface driver ov519
[   10.464987][    T1] usbcore: registered new interface driver ov534
[   10.465800][    T1] usbcore: registered new interface driver ov534_9
[   10.466636][    T1] usbcore: registered new interface driver pac207
[   10.467522][    T1] usbcore: registered new interface driver gspca_pac7302
[   10.468416][    T1] usbcore: registered new interface driver pac7311
[   10.469258][    T1] usbcore: registered new interface driver se401
[   10.470067][    T1] usbcore: registered new interface driver sn9c2028
[   10.470980][    T1] usbcore: registered new interface driver gspca_sn9c20x
[   10.471882][    T1] usbcore: registered new interface driver sonixb
[   10.472753][    T1] usbcore: registered new interface driver sonixj
[   10.473582][    T1] usbcore: registered new interface driver spca500
[   10.474411][    T1] usbcore: registered new interface driver spca501
[   10.475242][    T1] usbcore: registered new interface driver spca505
[   10.476068][    T1] usbcore: registered new interface driver spca506
[   10.476902][    T1] usbcore: registered new interface driver spca508
[   10.477754][    T1] usbcore: registered new interface driver spca561
[   10.478577][    T1] usbcore: registered new interface driver spca1528
[   10.479415][    T1] usbcore: registered new interface driver sq905
[   10.480239][    T1] usbcore: registered new interface driver sq905c
[   10.481073][    T1] usbcore: registered new interface driver sq930x
[   10.481956][    T1] usbcore: registered new interface driver sunplus
[   10.482780][    T1] usbcore: registered new interface driver stk014
[   10.483597][    T1] usbcore: registered new interface driver stk1135
[   10.484426][    T1] usbcore: registered new interface driver stv0680
[   10.485255][    T1] usbcore: registered new interface driver t613
[   10.486060][    T1] usbcore: registered new interface driver gspca_topro
[   10.486945][    T1] usbcore: registered new interface driver touptek
[   10.487771][    T1] usbcore: registered new interface driver tv8532
[   10.488605][    T1] usbcore: registered new interface driver vc032x
[   10.489423][    T1] usbcore: registered new interface driver vicam
[   10.490257][    T1] usbcore: registered new interface driver xirlink-cit
[   10.491180][    T1] usbcore: registered new interface driver gspca_zc3xx
[   10.492035][    T1] usbcore: registered new interface driver ALi m5602
[   10.492890][    T1] usbcore: registered new interface driver STV06xx
[   10.494143][    T1] usbcore: registered new interface driver gspca_gl860
[   10.495009][    T1] usbcore: registered new interface driver hackrf
[   10.495828][    T1] usbcore: registered new interface driver msi2500
[   10.496697][    T1] usbcore: registered new interface driver Philips webcam
[   10.497733][    T1] usbcore: registered new interface driver uvcvideo
[   10.498451][    T1] au0828: au0828 driver loaded
[   10.499116][    T1] usbcore: registered new interface driver au0828
[   10.499966][    T1] usbcore: registered new interface driver cx231xx
[   10.500952][    T1] usbcore: registered new interface driver em28xx
[   10.501655][    T1] em28xx: Registered (Em28xx v4l2 Extension) extension
[   10.502397][    T1] em28xx: Registered (Em28xx Audio Extension) extension
[   10.503149][    T1] em28xx: Registered (Em28xx dvb Extension) extension
[   10.503884][    T1] em28xx: Registered (Em28xx Input Extension) extension
[   10.504770][    T1] usbcore: registered new interface driver go7007
[   10.505584][    T1] usbcore: registered new interface driver go7007-loader
[   10.506545][    T1] usbcore: registered new interface driver hdpvr
[   10.507544][    T1] usbcore: registered new interface driver pvrusb2
[   10.508251][    T1] pvrusb2: V4L in-tree version:Hauppauge WinTV-PVR-USB2 MPEG2 Encoder/Tuner
[   10.509194][    T1] pvrusb2: Debug mask is 31 (0x1f)
[   10.509966][    T1] usbcore: registered new interface driver stk1160
[   10.510850][    T1] usbcore: registered new interface driver usbtv
[   10.513207][    T1] dvbdev: DVB: registering new adapter (dvb_vidtv_bridge)
[   10.516391][    T1] i2c i2c-0: DVB: registering adapter 0 frontend 0 (Dummy demod for DVB-T/T2/C/S/S2)...
[   10.517513][    T1] dvbdev: dvb_create_media_entity: media entity 'Dummy demod for DVB-T/T2/C/S/S2' registered.
[   10.522879][    T1] dvbdev: dvb_create_media_entity: media entity 'dvb-demux' registered.
[   10.528063][    T1] vidtv vidtv.0: Successfully initialized vidtv!
[   10.530010][    T1] vicodec vicodec.0: Device 'stateful-encoder' registered as /dev/video0
[   10.531487][    T1] vicodec vicodec.0: Device 'stateful-decoder' registered as /dev/video1
[   10.532907][    T1] vicodec vicodec.0: Device 'stateless-decoder' registered as /dev/video2
[   10.535410][    T1] vim2m vim2m.0: Device registered as /dev/video0
[   10.551310][    T1] vivid-000: using single planar format API
[   10.561188][    T1] vivid-000: CEC adapter cec0 registered for HDMI input 0
[   10.562495][    T1] vivid-000: V4L2 capture device registered as video7
[   10.563664][    T1] vivid-000: CEC adapter cec1 registered for HDMI output 0
[   10.565260][    T1] vivid-000: V4L2 output device registered as video8
[   10.566378][    T1] vivid-000: V4L2 capture device registered as vbi0, supports raw and sliced VBI
[   10.567777][    T1] vivid-000: V4L2 output device registered as vbi1, supports raw and sliced VBI
[   10.569157][    T1] vivid-000: V4L2 capture device registered as swradio0
[   10.570331][    T1] vivid-000: V4L2 receiver device registered as radio0
[   10.571793][    T1] vivid-000: V4L2 transmitter device registered as radio1
[   10.572983][    T1] vivid-000: V4L2 metadata capture device registered as video9
[   10.574210][    T1] vivid-000: V4L2 metadata output device registered as video10
[   10.575432][    T1] vivid-000: V4L2 touch capture device registered as v4l-touch0
[   10.577491][    T1] usbcore: registered new interface driver radioshark2
[   10.578375][    T1] usbcore: registered new interface driver radioshark
[   10.579252][    T1] usbcore: registered new interface driver radio-si470x
[   10.581627][    T1] usbcore: registered new interface driver radio-usb-si4713
[   10.582538][    T1] usbcore: registered new interface driver dsbr100
[   10.583368][    T1] usbcore: registered new interface driver radio-keene
[   10.584239][    T1] usbcore: registered new interface driver radio-ma901
[   10.585110][    T1] usbcore: registered new interface driver radio-mr800
[   10.585983][    T1] usbcore: registered new interface driver radio-raremono
[   10.587566][    T1] usbcore: registered new interface driver pcwd_usb
[   10.589752][    T1] device-mapper: core: CONFIG_IMA_DISABLE_HTABLE is disabled. Duplicate IMA measurements will not be recorded in the IMA log.
[   10.591388][    T1] device-mapper: uevent: version 1.0.3
[   10.592504][    T1] device-mapper: ioctl: 4.48.0-ioctl (2023-03-01) initialised: dm-devel@redhat.com
[   10.594173][    T1] device-mapper: multipath round-robin: version 1.2.0 loaded
[   10.594989][    T1] device-mapper: multipath queue-length: version 0.2.0 loaded
[   10.595812][    T1] device-mapper: multipath service-time: version 0.3.0 loaded
[   10.597067][    T1] Bluetooth: HCI UART driver ver 2.3
[   10.597653][    T1] Bluetooth: HCI UART protocol H4 registered
[   10.598304][    T1] Bluetooth: HCI UART protocol BCSP registered
[   10.599076][    T1] Bluetooth: HCI UART protocol LL registered
[   10.599821][    T1] Bluetooth: HCI UART protocol Three-wire (H5) registered
[   10.600725][    T1] Bluetooth: HCI UART protocol QCA registered
[   10.601394][    T1] Bluetooth: HCI UART protocol AG6XX registered
[   10.602162][    T1] Bluetooth: HCI UART protocol Marvell registered
[   10.602999][    T1] usbcore: registered new interface driver bcm203x
[   10.604411][    T1] usbcore: registered new interface driver bpa10x
[   10.605241][    T1] usbcore: registered new interface driver bfusb
[   10.606097][    T1] usbcore: registered new interface driver btusb
[   10.606982][    T1] usbcore: registered new interface driver ath3k
[   10.608168][    T1] CAPI 2.0 started up with major 68 (middleware)
[   10.608878][    T1] Modular ISDN core version 1.1.29
[   10.609770][    T1] NET: Registered PF_ISDN protocol family
[   10.610513][    T1] DSP module 2.0
[   10.610903][    T1] mISDN_dsp: DSP clocks every 80 samples. This equals 1 jiffies.
[   10.618829][    T1] mISDN: Layer-1-over-IP driver Rev. 2.00
[   10.619917][    T1] 0 virtual devices registered
[   10.620626][    T1] usbcore: registered new interface driver HFC-S_USB
[   10.621369][    T1] VUB300 Driver rom wait states = 1C irqpoll timeout = 0400
[   10.622092][    T1] usbcore: registered new interface driver vub300
[   10.623709][    T1] usbcore: registered new interface driver ushc
[   10.627854][    T1] iscsi: registered transport (iser)
[   10.629023][    T1] SoftiWARP attached
[   10.645740][    T1] hid: raw HID events driver (C) Jiri Kosina
[   10.657011][    T1] usbcore: registered new interface driver usbhid
[   10.657721][    T1] usbhid: USB HID core driver
[   10.659899][    T1] usbcore: registered new interface driver es2_ap_driver
[   10.660769][    T1] comedi: version 0.7.76 - http://www.comedi.org
[   10.661831][    T1] usbcore: registered new interface driver dt9812
[   10.662645][    T1] usbcore: registered new interface driver ni6501
