bash: warning: setlocale: LC_ALL: cannot change locale (en_US.UTF-8)
c[?7l[2J[0mSeaBIOS (version 1.16.2-debian-1.16.2-1)


iPXE (http://ipxe.org) 00:03.0 CA00 PCI2.10 PnP PMM+7EFCEF00+7EF0EF00 CA00
Press Ctrl-B to configure iPXE (PCI 00:03.0)...                                                                               


Booting from ROM...
c[?7l[2J[    0.000000] Linux version 5.16.0-10817-g8357f6fb3d9a-dirty (root@buildkitsandbox) (gcc (Debian 12.2.0-14+deb12u1) 12.2.0, GNU ld (GNU Binutils for Debian) 2.40) #1 SMP PREEMPT Tue May 5 09:02:38 UTC 2026
[    0.000000] Command line: console=ttyS0 oops=panic nokaslr rdinit=/init
[    0.000000] x86/fpu: Supporting XSAVE feature 0x001: 'x87 floating point registers'
[    0.000000] x86/fpu: Supporting XSAVE feature 0x002: 'SSE registers'
[    0.000000] x86/fpu: Supporting XSAVE feature 0x004: 'AVX registers'
[    0.000000] x86/fpu: Supporting XSAVE feature 0x200: 'Protection Keys User registers'
[    0.000000] x86/fpu: xstate_offset[2]:  576, xstate_sizes[2]:  256
[    0.000000] x86/fpu: xstate_offset[9]:  832, xstate_sizes[9]:    8
[    0.000000] x86/fpu: Enabled xstate features 0x207, context size is 840 bytes, using 'compacted' format.
[    0.000000] signal: max sigframe size: 3632
[    0.000000] BIOS-provided physical RAM map:
[    0.000000] BIOS-e820: [mem 0x0000000000000000-0x000000000009fbff] usable
[    0.000000] BIOS-e820: [mem 0x000000000009fc00-0x000000000009ffff] reserved
[    0.000000] BIOS-e820: [mem 0x00000000000f0000-0x00000000000fffff] reserved
[    0.000000] BIOS-e820: [mem 0x0000000000100000-0x000000007ffdffff] usable
[    0.000000] BIOS-e820: [mem 0x000000007ffe0000-0x000000007fffffff] reserved
[    0.000000] BIOS-e820: [mem 0x00000000feffc000-0x00000000feffffff] reserved
[    0.000000] BIOS-e820: [mem 0x00000000fffc0000-0x00000000ffffffff] reserved
[    0.000000] NX (Execute Disable) protection: active
[    0.000000] SMBIOS 2.8 present.
[    0.000000] DMI: QEMU Standard PC (i440FX + PIIX, 1996), BIOS 1.16.2-debian-1.16.2-1 04/01/2014
[    0.000000] tsc: Fast TSC calibration using PIT
[    0.000000] tsc: Detected 3186.944 MHz processor
[    0.000726] last_pfn = 0x7ffe0 max_arch_pfn = 0x400000000
[    0.000789] x86/PAT: Configuration [0-7]: WB  WC  UC- UC  WB  WP  UC- WT  
[    0.002739] found SMP MP-table at [mem 0x000f5ba0-0x000f5baf]
[    0.002781] Using GB pages for direct mapping
[    0.002997] RAMDISK: [mem 0x7fe93000-0x7ffdffff]
[    0.003013] ACPI: Early table checksum verification disabled
[    0.003018] ACPI: RSDP 0x00000000000F59D0 000014 (v00 BOCHS )
[    0.003026] ACPI: RSDT 0x000000007FFE1B33 000034 (v01 BOCHS  BXPC     00000001 BXPC 00000001)
[    0.003034] ACPI: FACP 0x000000007FFE19DF 000074 (v01 BOCHS  BXPC     00000001 BXPC 00000001)
[    0.003042] ACPI: DSDT 0x000000007FFE0040 00199F (v01 BOCHS  BXPC     00000001 BXPC 00000001)
[    0.003048] ACPI: FACS 0x000000007FFE0000 000040
[    0.003051] ACPI: APIC 0x000000007FFE1A53 000080 (v01 BOCHS  BXPC     00000001 BXPC 00000001)
[    0.003056] ACPI: HPET 0x000000007FFE1AD3 000038 (v01 BOCHS  BXPC     00000001 BXPC 00000001)
[    0.003059] ACPI: WAET 0x000000007FFE1B0B 000028 (v01 BOCHS  BXPC     00000001 BXPC 00000001)
[    0.003063] ACPI: Reserving FACP table memory at [mem 0x7ffe19df-0x7ffe1a52]
[    0.003065] ACPI: Reserving DSDT table memory at [mem 0x7ffe0040-0x7ffe19de]
[    0.003067] ACPI: Reserving FACS table memory at [mem 0x7ffe0000-0x7ffe003f]
[    0.003069] ACPI: Reserving APIC table memory at [mem 0x7ffe1a53-0x7ffe1ad2]
[    0.003070] ACPI: Reserving HPET table memory at [mem 0x7ffe1ad3-0x7ffe1b0a]
[    0.003072] ACPI: Reserving WAET table memory at [mem 0x7ffe1b0b-0x7ffe1b32]
[    0.003165] ACPI: CEDT not present
[    0.003583] No NUMA configuration found
[    0.003587] Faking a node at [mem 0x0000000000000000-0x000000007ffdffff]
[    0.003593] NODE_DATA(0) allocated [mem 0x7fe8f000-0x7fe92fff]
[    0.003614] Zone ranges:
[    0.003616]   DMA      [mem 0x0000000000001000-0x0000000000ffffff]
[    0.003619]   DMA32    [mem 0x0000000001000000-0x000000007ffdffff]
[    0.003622]   Normal   empty
[    0.003624] Movable zone start for each node
[    0.003625] Early memory node ranges
[    0.003626]   node   0: [mem 0x0000000000001000-0x000000000009efff]
[    0.003628]   node   0: [mem 0x0000000000100000-0x000000007ffdffff]
[    0.003630] Initmem setup node 0 [mem 0x0000000000001000-0x000000007ffdffff]
[    0.005242] On node 0, zone DMA: 1 pages in unavailable ranges
[    0.005317] On node 0, zone DMA: 97 pages in unavailable ranges
[    0.208907] On node 0, zone DMA32: 32 pages in unavailable ranges
[    1.600159] kasan: KernelAddressSanitizer initialized
[    1.600734] ACPI: PM-Timer IO Port: 0x608
[    1.600749] ACPI: LAPIC_NMI (acpi_id[0xff] dfl dfl lint[0x1])
[    1.600800] IOAPIC[0]: apic_id 0, version 17, address 0xfec00000, GSI 0-23
[    1.600805] ACPI: INT_SRC_OVR (bus 0 bus_irq 0 global_irq 2 dfl dfl)
[    1.600808] ACPI: INT_SRC_OVR (bus 0 bus_irq 5 global_irq 5 high level)
[    1.600810] ACPI: INT_SRC_OVR (bus 0 bus_irq 9 global_irq 9 high level)
[    1.600812] ACPI: INT_SRC_OVR (bus 0 bus_irq 10 global_irq 10 high level)
[    1.600814] ACPI: INT_SRC_OVR (bus 0 bus_irq 11 global_irq 11 high level)
[    1.600817] ACPI: Using ACPI (MADT) for SMP configuration information
[    1.600819] ACPI: HPET id: 0x8086a201 base: 0xfed00000
[    1.600825] TSC deadline timer available
[    1.600828] smpboot: Allowing 2 CPUs, 0 hotplug CPUs
[    1.600842] PM: hibernation: Registered nosave memory: [mem 0x00000000-0x00000fff]
[    1.600844] PM: hibernation: Registered nosave memory: [mem 0x0009f000-0x0009ffff]
[    1.600846] PM: hibernation: Registered nosave memory: [mem 0x000a0000-0x000effff]
[    1.600847] PM: hibernation: Registered nosave memory: [mem 0x000f0000-0x000fffff]
[    1.600850] [mem 0x80000000-0xfeffbfff] available for PCI devices
[    1.600855] clocksource: refined-jiffies: mask: 0xffffffff max_cycles: 0xffffffff, max_idle_ns: 1910969940391419 ns
[    1.612595] setup_percpu: NR_CPUS:64 nr_cpumask_bits:64 nr_cpu_ids:2 nr_node_ids:1
[    1.630254] percpu: Embedded 64 pages/cpu s224472 r8192 d29480 u1048576
[    1.630300] Fallback order for Node 0: 0 
[    1.630305] Built 1 zonelists, mobility grouping on.  Total pages: 515808
[    1.630307] Policy zone: DMA32
[    1.630310] Kernel command line: console=ttyS0 oops=panic nokaslr rdinit=/init
[    1.631879] Dentry cache hash table entries: 262144 (order: 9, 2097152 bytes, linear)
[    1.632091] Inode-cache hash table entries: 131072 (order: 8, 1048576 bytes, linear)
[    1.632140] mem auto-init: stack:all(zero), heap alloc:off, heap free:off
[    1.741611] Memory: 1702296K/2096632K available (43020K kernel code, 7494K rwdata, 8312K rodata, 1820K init, 1708K bss, 394080K reserved, 0K cma-reserved)
[    1.741765] SLUB: HWalign=64, Order=0-3, MinObjects=0, CPUs=2, Nodes=1
[    1.742860] Dynamic Preempt: voluntary
[    1.745299] rcu: Preemptible hierarchical RCU implementation.
[    1.745308] rcu: 	RCU event tracing is enabled.
[    1.745310] rcu: 	RCU restricting CPUs from NR_CPUS=64 to nr_cpu_ids=2.
[    1.745313] 	Trampoline variant of Tasks RCU enabled.
[    1.745315] rcu: RCU calculated value of scheduler-enlistment delay is 100 jiffies.
[    1.745317] rcu: Adjusting geometry for rcu_fanout_leaf=16, nr_cpu_ids=2
[    1.751113] NR_IRQS: 4352, nr_irqs: 440, preallocated irqs: 16
[    1.751498] random: get_random_bytes called from start_kernel+0x1e7/0x38f with crng_init=0
[    1.759595] Console: colour VGA+ 80x25
[    1.968569] printk: console [ttyS0] enabled
[    1.970010] ACPI: Core revision 20211217
[    1.972180] clocksource: hpet: mask: 0xffffffff max_cycles: 0xffffffff, max_idle_ns: 19112604467 ns
[    1.976516] APIC: Switch to symmetric I/O mode setup
[    1.979994] ..TIMER: vector=0x30 apic1=0 pin1=2 apic2=-1 pin2=-1
[    1.987485] clocksource: tsc-early: mask: 0xffffffffffffffff max_cycles: 0x2df01c4b7a8, max_idle_ns: 440795285188 ns
[    1.991269] Calibrating delay loop (skipped), value calculated using timer frequency.. 6373.88 BogoMIPS (lpj=3186944)
[    1.992268] pid_max: default: 32768 minimum: 301
[    1.993343] LSM: Security Framework initializing
[    1.994316] SELinux:  Initializing.
[    1.995351] Mount-cache hash table entries: 4096 (order: 3, 32768 bytes, linear)
[    1.996282] Mountpoint-cache hash table entries: 4096 (order: 3, 32768 bytes, linear)
[    1.998921] x86/cpu: User Mode Instruction Prevention (UMIP) activated
[    1.999410] Last level iTLB entries: 4KB 0, 2MB 0, 4MB 0
[    2.000264] Last level dTLB entries: 4KB 0, 2MB 0, 4MB 0, 1GB 0
[    2.001279] Spectre V1 : Mitigation: usercopy/swapgs barriers and __user pointer sanitization
[    2.002271] Spectre V2 : Mitigation: Enhanced IBRS
[    2.003264] Spectre V2 : Spectre v2 / SpectreRSB mitigation: Filling RSB on context switch
[    2.004280] Spectre V2 : mitigation: Enabling conditional Indirect Branch Prediction Barrier
[    2.006262] Speculative Store Bypass: Mitigation: Speculative Store Bypass disabled via prctl
[    2.015152] Freeing SMP alternatives memory: 44K
[    2.015552] smpboot: CPU0: Intel(R) Core(TM) i9-14900K (family: 0x6, model: 0xb7, stepping: 0x1)
[    2.017497] cblist_init_generic: Setting adjustable number of callback queues.
[    2.018268] cblist_init_generic: Setting shift to 1 and lim to 1.
[    2.019411] Performance Events: unsupported p6 CPU model 183 no PMU driver, software events only.
[    2.020451] rcu: Hierarchical SRCU implementation.
[    2.021983] smp: Bringing up secondary CPUs ...
[    2.022640] x86: Booting SMP configuration:
[    2.023273] .... node  #0, CPUs:      #1
[    2.024364] smp: Brought up 1 node, 2 CPUs
[    2.026006] smpboot: Max logical packages: 1
[    2.026262] smpboot: Total of 2 processors activated (12747.77 BogoMIPS)
[    2.027884] devtmpfs: initialized
[    2.031318] clocksource: jiffies: mask: 0xffffffff max_cycles: 0xffffffff, max_idle_ns: 1911260446275000 ns
[    2.032280] futex hash table entries: 512 (order: 3, 32768 bytes, linear)
[    2.033578] PM: RTC time: 09:06:20, date: 2026-05-05
[    2.034669] NET: Registered PF_NETLINK/PF_ROUTE protocol family
[    2.035598] audit: initializing netlink subsys (disabled)
[    2.036721] thermal_sys: Registered thermal governor 'step_wise'
[    2.036726] thermal_sys: Registered thermal governor 'user_space'
[    2.037268] audit: type=2000 audit(1777971979.053:1): state=initialized audit_enabled=0 res=1
[    2.039287] cpuidle: using governor menu
[    2.040256] PCI: Using configuration type 1 for base access
[    2.064272] kprobes: kprobe jump-optimization is enabled. All kprobes are optimized if possible.
[    2.068372] HugeTLB registered 2.00 MiB page size, pre-allocated 0 pages
[    2.069471] ACPI: Added _OSI(Module Device)
[    2.069471] ACPI: Added _OSI(Processor Device)
[    2.070174] ACPI: Added _OSI(3.0 _SCP Extensions)
[    2.071308] ACPI: Added _OSI(Processor Aggregator Device)
[    2.073278] ACPI: Added _OSI(Linux-Dell-Video)
[    2.074272] ACPI: Added _OSI(Linux-Lenovo-NV-HDMI-Audio)
[    2.076272] ACPI: Added _OSI(Linux-HPI-Hybrid-Graphics)
[    2.088491] ACPI: 1 ACPI AML tables successfully acquired and loaded
[    2.092256] ACPI: Interpreter enabled
[    2.094333] ACPI: PM: (supports S0 S3 S4 S5)
[    2.095266] ACPI: Using IOAPIC for interrupt routing
[    2.097363] PCI: Using host bridge windows from ACPI; if necessary, use "pci=nocrs" and report a bug
[    2.100974] ACPI: Enabled 2 GPEs in block 00 to 0F
[    2.125384] ACPI: PCI Root Bridge [PCI0] (domain 0000 [bus 00-ff])
[    2.126291] acpi PNP0A03:00: _OSC: OS supports [ASPM ClockPM Segments MSI HPX-Type3]
[    2.128270] acpi PNP0A03:00: _OSC: not requesting OS control; OS requires [ExtendedConfig ASPM ClockPM MSI]
[    2.131402] acpi PNP0A03:00: fail to add MMCONFIG information, can't access extended PCI configuration space under this bridge.
[    2.136563] PCI host bridge to bus 0000:00
[    2.137280] pci_bus 0000:00: root bus resource [io  0x0000-0x0cf7 window]
[    2.140285] pci_bus 0000:00: root bus resource [io  0x0d00-0xffff window]
[    2.142283] pci_bus 0000:00: root bus resource [mem 0x000a0000-0x000bffff window]
[    2.144282] pci_bus 0000:00: root bus resource [mem 0x80000000-0xfebfffff window]
[    2.146286] pci_bus 0000:00: root bus resource [mem 0x100000000-0x17fffffff window]
[    2.146292] pci_bus 0000:00: root bus resource [bus 00-ff]
[    2.147256] pci 0000:00:00.0: [8086:1237] type 00 class 0x060000
[    2.155090] pci 0000:00:01.0: [8086:7000] type 00 class 0x060100
[    2.163197] pci 0000:00:01.1: [8086:7010] type 00 class 0x010180
[    2.167232] pci 0000:00:01.1: reg 0x20: [io  0xc040-0xc04f]
[    2.170125] pci 0000:00:01.1: legacy IDE quirk: reg 0x10: [io  0x01f0-0x01f7]
[    2.171274] pci 0000:00:01.1: legacy IDE quirk: reg 0x14: [io  0x03f6]
[    2.171274] pci 0000:00:01.1: legacy IDE quirk: reg 0x18: [io  0x0170-0x0177]
[    2.173274] pci 0000:00:01.1: legacy IDE quirk: reg 0x1c: [io  0x0376]
[    2.173701] pci 0000:00:01.3: [8086:7113] type 00 class 0x068000
[    2.176008] pci 0000:00:01.3: quirk: [io  0x0600-0x063f] claimed by PIIX4 ACPI
[    2.178289] pci 0000:00:01.3: quirk: [io  0x0700-0x070f] claimed by PIIX4 SMB
[    2.181726] pci 0000:00:02.0: [1234:1111] type 00 class 0x030000
[    2.184229] pci 0000:00:02.0: reg 0x10: [mem 0xfd000000-0xfdffffff pref]
[    2.187643] pci 0000:00:02.0: reg 0x18: [mem 0xfebf0000-0xfebf0fff]
[    2.192073] pci 0000:00:02.0: reg 0x30: [mem 0xfebe0000-0xfebeffff pref]
[    2.200733] pci 0000:00:03.0: [8086:100e] type 00 class 0x020000
[    2.200733] pci 0000:00:03.0: reg 0x10: [mem 0xfebc0000-0xfebdffff]
[    2.203270] pci 0000:00:03.0: reg 0x14: [io  0xc000-0xc03f]
[    2.206256] pci 0000:00:03.0: reg 0x30: [mem 0xfeb80000-0xfebbffff pref]
[    2.218553] ACPI: PCI: Interrupt link LNKA configured for IRQ 10
[    2.221054] ACPI: PCI: Interrupt link LNKB configured for IRQ 10
[    2.224065] ACPI: PCI: Interrupt link LNKC configured for IRQ 11
[    2.227091] ACPI: PCI: Interrupt link LNKD configured for IRQ 11
[    2.228653] ACPI: PCI: Interrupt link LNKS configured for IRQ 9
[    2.233190] iommu: Default domain type: Translated 
[    2.234269] iommu: DMA domain TLB invalidation policy: lazy mode 
[    2.235376] pci 0000:00:02.0: vgaarb: setting as boot VGA device
[    2.236256] pci 0000:00:02.0: vgaarb: VGA device added: decodes=io+mem,owns=io+mem,locks=none
[    2.240278] pci 0000:00:02.0: vgaarb: bridge control possible
[    2.242271] vgaarb: loaded
[    2.249336] SCSI subsystem initialized
[    2.250465] ACPI: bus type USB registered
[    2.251344] usbcore: registered new interface driver usbfs
[    2.252346] usbcore: registered new interface driver hub
[    2.253306] usbcore: registered new device driver usb
[    2.254372] pps_core: LinuxPPS API ver. 1 registered
[    2.255267] pps_core: Software ver. 5.3.6 - Copyright 2005-2007 Rodolfo Giometti <giometti@linux.it>
[    2.256314] PTP clock support registered
[    2.257513] Advanced Linux Sound Architecture Driver Initialized.
[    2.257842] NetLabel: Initializing
[    2.257842] NetLabel:  domain hash size = 128
[    2.258256] NetLabel:  protocols = UNLABELED CIPSOv4 CALIPSO
[    2.260355] NetLabel:  unlabeled traffic allowed by default
[    2.262390] PCI: Using ACPI for IRQ routing
[    2.263566] hpet0: at MMIO 0xfed00000, IRQs 2, 8, 0
[    2.265266] hpet0: 3 comparators, 64-bit 100.000000 MHz counter
[    2.270455] clocksource: Switched to clocksource tsc-early
[    2.371193] VFS: Disk quotas dquot_6.6.0
[    2.372624] VFS: Dquot-cache hash table entries: 512 (order 0, 4096 bytes)
[    2.375102] pnp: PnP ACPI init
[    2.378211] pnp: PnP ACPI: found 6 devices
[    2.401819] clocksource: acpi_pm: mask: 0xffffff max_cycles: 0xffffff, max_idle_ns: 2085701024 ns
[    2.404881] NET: Registered PF_INET protocol family
[    2.407074] IP idents hash table entries: 32768 (order: 6, 262144 bytes, linear)
[    2.410047] tcp_listen_portaddr_hash hash table entries: 1024 (order: 2, 16384 bytes, linear)
[    2.413041] TCP established hash table entries: 16384 (order: 5, 131072 bytes, linear)
[    2.415693] TCP bind hash table entries: 16384 (order: 6, 262144 bytes, linear)
[    2.418101] TCP: Hash tables configured (established 16384 bind 16384)
[    2.419384] UDP hash table entries: 1024 (order: 3, 32768 bytes, linear)
[    2.420670] UDP-Lite hash table entries: 1024 (order: 3, 32768 bytes, linear)
[    2.423278] NET: Registered PF_UNIX/PF_LOCAL protocol family
[    2.425637] RPC: Registered named UNIX socket transport module.
[    2.427652] RPC: Registered udp transport module.
[    2.429220] RPC: Registered tcp transport module.
[    2.430823] RPC: Registered tcp NFSv4.1 backchannel transport module.
[    2.433600] pci_bus 0000:00: resource 4 [io  0x0000-0x0cf7 window]
[    2.434809] pci_bus 0000:00: resource 5 [io  0x0d00-0xffff window]
[    2.436863] pci_bus 0000:00: resource 6 [mem 0x000a0000-0x000bffff window]
[    2.439140] pci_bus 0000:00: resource 7 [mem 0x80000000-0xfebfffff window]
[    2.441390] pci_bus 0000:00: resource 8 [mem 0x100000000-0x17fffffff window]
[    2.443939] pci 0000:00:01.0: PIIX3: Enabling Passive Release
[    2.445901] pci 0000:00:00.0: Limiting direct PCI/PCI transfers
[    2.447917] pci 0000:00:01.0: Activating ISA DMA hang workarounds
[    2.450042] pci 0000:00:02.0: Video device with shadowed ROM at [mem 0x000c0000-0x000dffff]
[    2.452833] PCI: CLS 0 bytes, default 64
[    2.454632] Unpacking initramfs...
[    2.469355] Initialise system trusted keyrings
[    2.473045] workingset: timestamp_bits=56 max_order=19 bucket_order=0
[    2.476913] Freeing initrd memory: 1332K
[    2.484707] NFS: Registering the id_resolver key type
[    2.485857] Key type id_resolver registered
[    2.486752] Key type id_legacy registered
[    2.487857] 9p: Installing v9fs 9p2000 file system support
[    2.492102] Key type asymmetric registered
[    2.493216] Asymmetric key parser 'x509' registered
[    2.525137] Block layer SCSI generic (bsg) driver version 0.4 loaded (major 251)
[    2.526468] io scheduler mq-deadline registered
[    2.527937] io scheduler kyber registered
[    2.529990] input: Power Button as /devices/LNXSYSTM:00/LNXPWRBN:00/input/input0
[    2.532621] ACPI: button: Power Button [PWRF]
[    2.535015] Serial: 8250/16550 driver, 4 ports, IRQ sharing enabled
[    2.536396] 00:04: ttyS0 at I/O 0x3f8 (irq = 4, base_baud = 115200) is a 16550A
[    2.539947] Non-volatile memory driver v1.3
[    2.541289] Linux agpgart interface v0.103
[    2.542215] ACPI: bus type drm_connector registered
[    2.549533] loop: module loaded
[    2.552081] scsi host0: ata_piix
[    2.553619] scsi host1: ata_piix
[    2.554703] ata1: PATA max MWDMA2 cmd 0x1f0 ctl 0x3f6 bmdma 0xc040 irq 14
[    2.556001] ata2: PATA max MWDMA2 cmd 0x170 ctl 0x376 bmdma 0xc048 irq 15
[    2.558497] e100: Intel(R) PRO/100 Network Driver
[    2.559803] e100: Copyright(c) 1999-2006 Intel Corporation
[    2.560997] e1000: Intel(R) PRO/1000 Network Driver
[    2.561586] e1000: Copyright (c) 1999-2006 Intel Corporation.
[    2.734213] ata2.00: ATAPI: QEMU DVD-ROM, 2.5+, max UDMA/100
[    2.737398] scsi 1:0:0:0: CD-ROM            QEMU     QEMU DVD-ROM     2.5+ PQ: 0 ANSI: 5
[    2.756098] sr 1:0:0:0: [sr0] scsi3-mmc drive: 4x/4x cd/rw xa/form2 tray
[    2.757203] cdrom: Uniform CD-ROM driver Revision: 3.20
[    2.776062] sr 1:0:0:0: Attached scsi generic sg0 type 5
[    3.368119] ACPI: \_SB_.LNKC: Enabled at IRQ 11
[    3.487383] tsc: Refined TSC clocksource calibration: 3186.975 MHz
[    3.489220] clocksource: tsc: mask: 0xffffffffffffffff max_cycles: 0x2df03a2d5e6, max_idle_ns: 440795332654 ns
[    3.492629] clocksource: Switched to clocksource tsc
[    3.714869] e1000 0000:00:03.0 eth0: (PCI:33MHz:32-bit) 52:54:00:12:34:56
[    3.716887] e1000 0000:00:03.0 eth0: Intel(R) PRO/1000 Network Connection
[    3.718633] e1000e: Intel(R) PRO/1000 Network Driver
[    3.719815] e1000e: Copyright(c) 1999 - 2015 Intel Corporation.
[    3.720594] sky2: driver version 1.30
[    3.722171] ehci_hcd: USB 2.0 'Enhanced' Host Controller (EHCI) Driver
[    3.724021] ehci-pci: EHCI PCI platform driver
[    3.724640] ohci_hcd: USB 1.1 'Open' Host Controller (OHCI) Driver
[    3.725397] ohci-pci: OHCI PCI platform driver
[    3.725989] uhci_hcd: USB Universal Host Controller Interface driver
[    3.727398] usbcore: registered new interface driver usblp
[    3.729091] usbcore: registered new interface driver usb-storage
[    3.730980] i8042: PNP: PS/2 Controller [PNP0303:KBD,PNP0f13:MOU] at 0x60,0x64 irq 1,12
[    3.735100] serio: i8042 KBD port at 0x60,0x64 irq 1
[    3.737184] serio: i8042 AUX port at 0x60,0x64 irq 12
[    3.741948] rtc_cmos 00:05: RTC can wake from S4
[    3.743716] rtc_cmos 00:05: registered as rtc0
[    3.746140] rtc_cmos 00:05: alarms up to one day, y3k, 242 bytes nvram, hpet irqs
[    3.748968] device-mapper: ioctl: 4.45.0-ioctl (2021-03-22) initialised: dm-devel@redhat.com
[    3.749984] intel_pstate: CPU model not supported
[    3.750874] hid: raw HID events driver (C) Jiri Kosina
[    3.751987] usbcore: registered new interface driver usbhid
[    3.752677] usbhid: USB HID core driver
[    3.756565] Initializing XFRM netlink socket
[    3.758718] NET: Registered PF_INET6 protocol family
[    3.759751] input: AT Translated Set 2 keyboard as /devices/platform/i8042/serio0/input/input1
[    3.762515] Segment Routing with IPv6
[    3.765434] In-situ OAM (IOAM) with IPv6
[    3.767217] sit: IPv6, IPv4 and MPLS over IPv4 tunneling driver
[    3.769199] NET: Registered PF_PACKET protocol family
[    3.770671] 9pnet: Installing 9P2000 support
[    3.771882] Key type dns_resolver registered
[    3.773481] IPI shorthand broadcast: enabled
[    3.774713] sched_clock: Marking stable (3542807656, 231821485)->(3938703422, -164074281)
[    3.777368] registered taskstats version 1
[    3.777859] Loading compiled-in X.509 certificates
[    3.779083] cryptomgr_test (48) used greatest stack depth: 30800 bytes left
[    3.783275] cryptomgr_test (64) used greatest stack depth: 30424 bytes left
[    3.786660] PM:   Magic number: 10:386:120
[    3.787851] misc device-mapper: hash matches
[    3.789306] printk: console [netcon0] enabled
[    3.790625] netconsole: network logging started
[    3.792358] cfg80211: Loading compiled-in X.509 certificates for regulatory database
[    3.793711] kworker/u4:0 (70) used greatest stack depth: 29312 bytes left
[    3.796487] cfg80211: Loaded X.509 cert 'sforshee: 00b28ddf47aef9cea7'
[    3.797477] ALSA device list:
[    3.798153]   No soundcards found.
[    3.800101] Freeing unused kernel image (initmem) memory: 1820K
[    3.801235] platform regulatory.0: Direct firmware load for regulatory.db failed with error -2
[    3.803440] cfg80211: failed to load regulatory.db
[    3.806322] Write protecting the kernel read-only data: 55296k
[    3.808436] Freeing unused kernel image (text/rodata gap) memory: 2032K
[    3.810376] Freeing unused kernel image (rodata/data gap) memory: 1928K
[    3.811872] Run /init as init process
[    3.814883] mount (76) used greatest stack depth: 28632 bytes left

secb: rootfs ready
---- poc begin ----
[    3.834556] ==================================================================
[    3.836525] BUG: KASAN: slab-out-of-bounds in legacy_parse_param+0x3f4/0x5c0
[    3.838334] Write of size 1 at addr ffff88800961b000 by task poc/82
[    3.839958] 
[    3.840337] CPU: 0 PID: 82 Comm: poc Not tainted 5.16.0-10817-g8357f6fb3d9a-dirty #1
[    3.841984] Hardware name: QEMU Standard PC (i440FX + PIIX, 1996), BIOS 1.16.2-debian-1.16.2-1 04/01/2014
[    3.844342] Call Trace:
[    3.844653]  <TASK>
[    3.844918]  dump_stack_lvl+0x33/0x42
[    3.845508]  print_address_description.constprop.0+0x1f/0x150
[    3.846987]  ? legacy_parse_param+0x3f4/0x5c0
[    3.848165]  ? legacy_parse_param+0x3f4/0x5c0
[    3.849315]  kasan_report.cold+0x7f/0x10a
[    3.849794]  ? legacy_parse_param+0x3f4/0x5c0
[    3.850388]  legacy_parse_param+0x3f4/0x5c0
[    3.851535]  vfs_parse_fs_param+0x1b7/0x350
[    3.852691]  __do_sys_fsconfig+0x65b/0xa20
[    3.853505]  ? fscontext_read+0x280/0x280
[    3.853988]  ? fpregs_assert_state_consistent+0x45/0xb0
[    3.855075]  do_syscall_64+0x37/0x80
[    3.856106]  entry_SYSCALL_64_after_hwframe+0x44/0xae
[    3.857501] RIP: 0033:0x431d39
[    3.858329] Code: 48 83 c4 28 c3 e8 77 17 00 00 0f 1f 80 00 00 00 00 48 89 f8 48 89 f7 48 89 d6 48 89 ca 4d 89 c2 4d 89 c8 4c 8b 4c 24 08 0f 05 <48> 3d 01 f0 ff ff 73 01 c3 48 c7 c1 b8 ff ff ff f7 d8 64 89 01 48
[    3.861978] RSP: 002b:00007fffd48e1268 EFLAGS: 00000246 ORIG_RAX: 00000000000001af
[    3.863017] RAX: ffffffffffffffda RBX: 0000000000001313 RCX: 0000000000431d39
[    3.864753] RDX: 000000000047a06a RSI: 0000000000000001 RDI: 0000000000000003
[    3.865864] RBP: 00007fffd48e1270 R08: 0000000000000000 R09: 4141414141414141
[    3.867348] R10: 00007fffd48e1270 R11: 0000000000000246 R12: 0000000000000003
[    3.869248] R13: 000000000047a06a R14: 0000000000000001 R15: 0000000000000001
[    3.870087]  </TASK>
[    3.870526] 
[    3.870929] Allocated by task 82:
[    3.871792]  kasan_save_stack+0x2f/0x60
[    3.872801]  __kasan_kmalloc+0x84/0xb0
[    3.873499]  legacy_parse_param+0x38e/0x5c0
[    3.873985]  vfs_parse_fs_param+0x1b7/0x350
[    3.874763]  __do_sys_fsconfig+0x65b/0xa20
[    3.875825]  do_syscall_64+0x37/0x80
[    3.876770]  entry_SYSCALL_64_after_hwframe+0x44/0xae
[    3.877637] 
[    3.877842] The buggy address belongs to the object at ffff88800961a000
[    3.877842]  which belongs to the cache kmalloc-4k of size 4096
[    3.879238] The buggy address is located 0 bytes to the right of
[    3.879238]  4096-byte region [ffff88800961a000, ffff88800961b000)
[    3.881943] The buggy address belongs to the page:
[    3.883206] page:00000000d1b3c6fd refcount:1 mapcount:0 mapping:0000000000000000 index:0x0 pfn:0x9618
[    3.885337] head:00000000d1b3c6fd order:3 compound_mapcount:0 compound_pincount:0
[    3.886746] flags: 0x100000000010200(slab|head|node=0|zone=1)
[    3.887681] raw: 0100000000010200 0000000000000000 dead000000000122 ffff888005c42140
[    3.889844] raw: 0000000000000000 0000000080040004 00000001ffffffff 0000000000000000
[    3.891432] page dumped because: kasan: bad access detected
[    3.892073] 
[    3.892316] Memory state around the buggy address:
[    3.893622]  ffff88800961af00: 00 00 00 00 00 00 00 00 00 00 00 00 00 00 00 00
[    3.895551]  ffff88800961af80: 00 00 00 00 00 00 00 00 00 00 00 00 00 00 00 00
[    3.896802] >ffff88800961b000: fc fc fc fc fc fc fc fc fc fc fc fc fc fc fc fc
[    3.898171]                    ^
[    3.899077]  ffff88800961b080: fc fc fc fc fc fc fc fc fc fc fc fc fc fc fc fc
[    3.900631]  ffff88800961b100: fc fc fc fc fc fc fc fc fc fc fc fc fc fc fc fc
[    3.901757] ==================================================================
[    3.903727] Disabling lock debugging due to kernel taint
[    3.915578] poc (82) used greatest stack depth: 28384 bytes left
---- poc end rc=0 ----
secb: poc exited without crashing the kernel
[    3.919753] general protection fault, probably for non-canonical address 0x4141414141414941: 0000 [#1] PREEMPT SMP KASAN NOPTI
[    3.922583] CPU: 0 PID: 84 Comm: exe Tainted: G    B             5.16.0-10817-g8357f6fb3d9a-dirty #1
[    3.924172] Hardware name: QEMU Standard PC (i440FX + PIIX, 1996), BIOS 1.16.2-debian-1.16.2-1 04/01/2014
[    3.926768] RIP: 0010:kmem_cache_alloc+0x71/0x1e0
[    3.927606] Code: 55 f2 a3 7e 48 8b 50 08 48 83 78 10 00 4c 8b 30 0f 84 45 01 00 00 4d 85 f6 0f 84 3c 01 00 00 8b 45 28 48 8b 7d 00 48 8d 4a 40 <49> 8b 1c 06 4c 89 f0 65 48 0f c7 0f 0f 94 c0 84 c0 74 bb 8b 45 28
[    3.931512] RSP: 0018:ffffc900003ffdb0 EFLAGS: 00010206
[    3.932133] RAX: 0000000000000800 RBX: 0000000000000cc0 RCX: 0000000000000d40
[    3.933972] RDX: 0000000000000d00 RSI: 0000000000000cc0 RDI: 000000000003a5d0
[    3.935916] RBP: ffff888005d41a00 R08: ffffc900003ffe98 R09: 0000000000000000
[    3.936923] R10: 0000000000000000 R11: 0000000000000000 R12: 0000000000000cc0
[    3.938443] R13: ffffffff81640b2a R14: 4141414141414141 R15: ffffffff84d49928
[    3.940341] FS:  000000000233e3c0(0000) GS:ffff88806d000000(0000) knlGS:0000000000000000
[    3.941331] CS:  0010 DS: 0000 ES: 0000 CR0: 0000000080050033
[    3.942888] CR2: 00000000004ceed0 CR3: 00000000091e2004 CR4: 0000000000770ef0
[    3.944523] PKRU: 55555554
[    3.944857] Call Trace:
[    3.945159]  <TASK>
[    3.945676]  getname_flags.part.0+0x4a/0x430
[    3.946807]  user_path_at_empty+0x1b/0x50
[    3.947844]  do_readlinkat+0xba/0x2b0
[    3.948769]  ? cp_compat_stat+0x840/0x840
[    3.949517]  ? handle_mm_fault+0xf7/0x3a0
[    3.949985]  ? do_user_addr_fault+0x31c/0xd00
[    3.950822]  __x64_sys_readlink+0x6f/0xb0
[    3.951833]  ? exit_to_user_mode_prepare+0x32/0x130
[    3.953109]  do_syscall_64+0x37/0x80
[    3.954026]  entry_SYSCALL_64_after_hwframe+0x44/0xae
[    3.954942] RIP: 0033:0x4ceef6
[    3.955756] Code: 80 76 fc ff 41 55 ba 00 10 00 00 b8 59 00 00 00 48 8d 3d 99 3d 0f 00 41 54 55 53 48 81 ec 08 10 00 00 48 89 e5 48 89 ee 0f 05 <3d> 00 f0 ff ff 77 5b 85 c0 7e 57 0f b6 14 24 80 fa 5b 74 4e 80 fa
[    3.959229] RSP: 002b:00007fffef9c40f0 EFLAGS: 00000206 ORIG_RAX: 0000000000000059
[    3.961191] RAX: ffffffffffffffda RBX: 0000000000000002 RCX: 00000000004ceef6
[    3.962614] RDX: 0000000000001000 RSI: 00007fffef9c40f0 RDI: 00000000005c2c7c
[    3.963776] RBP: 00007fffef9c40f0 R08: 0000000000000000 R09: 000000000233e000
[    3.965709] R10: 00007fffef9c5180 R11: 0000000000000206 R12: 00007fffef9c52e0
[    3.967524] R13: 00000000005e0dd8 R14: 00007fffef9c5260 R15: 0000000000000002
[    3.969293]  </TASK>
[    3.969576] Modules linked in:
[    3.970097] ---[ end trace 4122d62ab9009cdc ]---
[    3.970680] RIP: 0010:kmem_cache_alloc+0x71/0x1e0
[    3.971271] Code: 55 f2 a3 7e 48 8b 50 08 48 83 78 10 00 4c 8b 30 0f 84 45 01 00 00 4d 85 f6 0f 84 3c 01 00 00 8b 45 28 48 8b 7d 00 48 8d 4a 40 <49> 8b 1c 06 4c 89 f0 65 48 0f c7 0f 0f 94 c0 84 c0 74 bb 8b 45 28
[    3.975852] RSP: 0018:ffffc900003ffdb0 EFLAGS: 00010206
[    3.976578] RAX: 0000000000000800 RBX: 0000000000000cc0 RCX: 0000000000000d40
[    3.977411] RDX: 0000000000000d00 RSI: 0000000000000cc0 RDI: 000000000003a5d0
[    3.979122] RBP: ffff888005d41a00 R08: ffffc900003ffe98 R09: 0000000000000000
[    3.981076] R10: 0000000000000000 R11: 0000000000000000 R12: 0000000000000cc0
[    3.982973] R13: ffffffff81640b2a R14: 4141414141414141 R15: ffffffff84d49928
[    3.984879] FS:  000000000233e3c0(0000) GS:ffff88806d000000(0000) knlGS:0000000000000000
[    3.986826] CS:  0010 DS: 0000 ES: 0000 CR0: 0000000080050033
[    3.987505] CR2: 00000000004ceed0 CR3: 00000000091e2004 CR4: 0000000000770ef0
[    3.989371] PKRU: 55555554
[    3.990139] Kernel panic - not syncing: Fatal exception
[    3.991129] Kernel Offset: disabled
CONFIRMED: KASAN_OOB
