bash: warning: setlocale: LC_ALL: cannot change locale (en_US.UTF-8)
c[?7l[2J[0mSeaBIOS (version 1.16.2-debian-1.16.2-1)


iPXE (http://ipxe.org) 00:03.0 CA00 PCI2.10 PnP PMM+7EFCEF00+7EF0EF00 CA00
Press Ctrl-B to configure iPXE (PCI 00:03.0)...                                                                               


Booting from ROM...
c[?7l[2J[    0.000000] Linux version 5.16.0-10819-gbac583cc8f61-dirty (root@buildkitsandbox) (gcc (Debian 12.2.0-14+deb12u1) 12.2.0, GNU ld (GNU Binutils for Debian) 2.40) #2 SMP PREEMPT Tue May 5 09:06:54 UTC 2026
[    0.000000] Command line: console=ttyS0 oops=panic nokaslr rdinit=/init
[    0.000000] x86/fpu: Supporting XSAVE feature 0x001: 'x87 floating point registers'
[    0.000000] x86/fpu: Supporting XSAVE feature 0x002: 'SSE registers'
[    0.000000] x86/fpu: Supporting XSAVE feature 0x004: 'AVX registers'
[    0.000000] x86/fpu: Supporting XSAVE feature 0x200: 'Protection Keys User registers'
[    0.000000] x86/fpu: xstate_offset[2]:  576, xstate_sizes[2]:  256
[    0.000000] x86/fpu: xstate_offset[9]:  832, xstate_sizes[9]:    8
[    0.000000] x86/fpu: Enabled xstate features 0x207, context size is 840 bytes, using 'compacted' format.
[    0.000000] signal: max sigframe size: 3632
[    0.000000] BIOS-provided physical RAM map:
[    0.000000] BIOS-e820: [mem 0x0000000000000000-0x000000000009fbff] usable
[    0.000000] BIOS-e820: [mem 0x000000000009fc00-0x000000000009ffff] reserved
[    0.000000] BIOS-e820: [mem 0x00000000000f0000-0x00000000000fffff] reserved
[    0.000000] BIOS-e820: [mem 0x0000000000100000-0x000000007ffdffff] usable
[    0.000000] BIOS-e820: [mem 0x000000007ffe0000-0x000000007fffffff] reserved
[    0.000000] BIOS-e820: [mem 0x00000000feffc000-0x00000000feffffff] reserved
[    0.000000] BIOS-e820: [mem 0x00000000fffc0000-0x00000000ffffffff] reserved
[    0.000000] NX (Execute Disable) protection: active
[    0.000000] SMBIOS 2.8 present.
[    0.000000] DMI: QEMU Standard PC (i440FX + PIIX, 1996), BIOS 1.16.2-debian-1.16.2-1 04/01/2014
[    0.000000] tsc: Fast TSC calibration using PIT
[    0.000000] tsc: Detected 3186.763 MHz processor
[    0.000736] last_pfn = 0x7ffe0 max_arch_pfn = 0x400000000
[    0.000800] x86/PAT: Configuration [0-7]: WB  WC  UC- UC  WB  WP  UC- WT  
[    0.005757] found SMP MP-table at [mem 0x000f5ba0-0x000f5baf]
[    0.005812] Using GB pages for direct mapping
[    0.006031] RAMDISK: [mem 0x7fe93000-0x7ffdffff]
[    0.006050] ACPI: Early table checksum verification disabled
[    0.006057] ACPI: RSDP 0x00000000000F59D0 000014 (v00 BOCHS )
[    0.006065] ACPI: RSDT 0x000000007FFE1B33 000034 (v01 BOCHS  BXPC     00000001 BXPC 00000001)
[    0.006074] ACPI: FACP 0x000000007FFE19DF 000074 (v01 BOCHS  BXPC     00000001 BXPC 00000001)
[    0.006082] ACPI: DSDT 0x000000007FFE0040 00199F (v01 BOCHS  BXPC     00000001 BXPC 00000001)
[    0.006088] ACPI: FACS 0x000000007FFE0000 000040
[    0.006092] ACPI: APIC 0x000000007FFE1A53 000080 (v01 BOCHS  BXPC     00000001 BXPC 00000001)
[    0.006096] ACPI: HPET 0x000000007FFE1AD3 000038 (v01 BOCHS  BXPC     00000001 BXPC 00000001)
[    0.006101] ACPI: WAET 0x000000007FFE1B0B 000028 (v01 BOCHS  BXPC     00000001 BXPC 00000001)
[    0.006104] ACPI: Reserving FACP table memory at [mem 0x7ffe19df-0x7ffe1a52]
[    0.006114] ACPI: Reserving DSDT table memory at [mem 0x7ffe0040-0x7ffe19de]
[    0.006117] ACPI: Reserving FACS table memory at [mem 0x7ffe0000-0x7ffe003f]
[    0.006118] ACPI: Reserving APIC table memory at [mem 0x7ffe1a53-0x7ffe1ad2]
[    0.006120] ACPI: Reserving HPET table memory at [mem 0x7ffe1ad3-0x7ffe1b0a]
[    0.006122] ACPI: Reserving WAET table memory at [mem 0x7ffe1b0b-0x7ffe1b32]
[    0.006217] ACPI: CEDT not present
[    0.006634] No NUMA configuration found
[    0.006638] Faking a node at [mem 0x0000000000000000-0x000000007ffdffff]
[    0.006644] NODE_DATA(0) allocated [mem 0x7fe8f000-0x7fe92fff]
[    0.006667] Zone ranges:
[    0.006669]   DMA      [mem 0x0000000000001000-0x0000000000ffffff]
[    0.006673]   DMA32    [mem 0x0000000001000000-0x000000007ffdffff]
[    0.006675]   Normal   empty
[    0.006677] Movable zone start for each node
[    0.006678] Early memory node ranges
[    0.006679]   node   0: [mem 0x0000000000001000-0x000000000009efff]
[    0.006681]   node   0: [mem 0x0000000000100000-0x000000007ffdffff]
[    0.006683] Initmem setup node 0 [mem 0x0000000000001000-0x000000007ffdffff]
[    0.044130] On node 0, zone DMA: 1 pages in unavailable ranges
[    0.044207] On node 0, zone DMA: 97 pages in unavailable ranges
[    0.522912] On node 0, zone DMA32: 32 pages in unavailable ranges
[    4.147925] kasan: KernelAddressSanitizer initialized
[    4.148610] ACPI: PM-Timer IO Port: 0x608
[    4.148627] ACPI: LAPIC_NMI (acpi_id[0xff] dfl dfl lint[0x1])
[    4.148686] IOAPIC[0]: apic_id 0, version 17, address 0xfec00000, GSI 0-23
[    4.148692] ACPI: INT_SRC_OVR (bus 0 bus_irq 0 global_irq 2 dfl dfl)
[    4.148696] ACPI: INT_SRC_OVR (bus 0 bus_irq 5 global_irq 5 high level)
[    4.148698] ACPI: INT_SRC_OVR (bus 0 bus_irq 9 global_irq 9 high level)
[    4.148701] ACPI: INT_SRC_OVR (bus 0 bus_irq 10 global_irq 10 high level)
[    4.148703] ACPI: INT_SRC_OVR (bus 0 bus_irq 11 global_irq 11 high level)
[    4.148707] ACPI: Using ACPI (MADT) for SMP configuration information
[    4.148709] ACPI: HPET id: 0x8086a201 base: 0xfed00000
[    4.148716] TSC deadline timer available
[    4.148719] smpboot: Allowing 2 CPUs, 0 hotplug CPUs
[    4.148735] PM: hibernation: Registered nosave memory: [mem 0x00000000-0x00000fff]
[    4.148738] PM: hibernation: Registered nosave memory: [mem 0x0009f000-0x0009ffff]
[    4.148740] PM: hibernation: Registered nosave memory: [mem 0x000a0000-0x000effff]
[    4.148742] PM: hibernation: Registered nosave memory: [mem 0x000f0000-0x000fffff]
[    4.148745] [mem 0x80000000-0xfeffbfff] available for PCI devices
[    4.148751] clocksource: refined-jiffies: mask: 0xffffffff max_cycles: 0xffffffff, max_idle_ns: 1910969940391419 ns
[    4.162909] setup_percpu: NR_CPUS:64 nr_cpumask_bits:64 nr_cpu_ids:2 nr_node_ids:1
[    4.185545] percpu: Embedded 64 pages/cpu s224472 r8192 d29480 u1048576
[    4.185597] Fallback order for Node 0: 0 
[    4.185602] Built 1 zonelists, mobility grouping on.  Total pages: 515808
[    4.185605] Policy zone: DMA32
[    4.185608] Kernel command line: console=ttyS0 oops=panic nokaslr rdinit=/init
[    4.203247] Dentry cache hash table entries: 262144 (order: 9, 2097152 bytes, linear)
[    4.203507] Inode-cache hash table entries: 131072 (order: 8, 1048576 bytes, linear)
[    4.203577] mem auto-init: stack:all(zero), heap alloc:off, heap free:off
[    4.340233] Memory: 1702296K/2096632K available (43020K kernel code, 7494K rwdata, 8312K rodata, 1820K init, 1708K bss, 394080K reserved, 0K cma-reserved)
[    4.340402] SLUB: HWalign=64, Order=0-3, MinObjects=0, CPUs=2, Nodes=1
[    4.341563] Dynamic Preempt: voluntary
[    4.360189] rcu: Preemptible hierarchical RCU implementation.
[    4.360198] rcu: 	RCU event tracing is enabled.
[    4.360200] rcu: 	RCU restricting CPUs from NR_CPUS=64 to nr_cpu_ids=2.
[    4.360204] 	Trampoline variant of Tasks RCU enabled.
[    4.360206] rcu: RCU calculated value of scheduler-enlistment delay is 100 jiffies.
[    4.360208] rcu: Adjusting geometry for rcu_fanout_leaf=16, nr_cpu_ids=2
[    4.367337] NR_IRQS: 4352, nr_irqs: 440, preallocated irqs: 16
[    4.367796] random: get_random_bytes called from start_kernel+0x1e7/0x38f with crng_init=0
[    4.377957] Console: colour VGA+ 80x25
[    4.709010] printk: console [ttyS0] enabled
[    4.711116] ACPI: Core revision 20211217
[    4.713341] clocksource: hpet: mask: 0xffffffff max_cycles: 0xffffffff, max_idle_ns: 19112604467 ns
[    4.717818] APIC: Switch to symmetric I/O mode setup
[    4.721371] ..TIMER: vector=0x30 apic1=0 pin1=2 apic2=-1 pin2=-1
[    4.728786] clocksource: tsc-early: mask: 0xffffffffffffffff max_cycles: 0x2def71415ff, max_idle_ns: 440795266538 ns
[    4.734394] Calibrating delay loop (skipped), value calculated using timer frequency.. 6373.52 BogoMIPS (lpj=3186763)
[    4.735393] pid_max: default: 32768 minimum: 301
[    4.736467] LSM: Security Framework initializing
[    4.737432] SELinux:  Initializing.
[    4.738468] Mount-cache hash table entries: 4096 (order: 3, 32768 bytes, linear)
[    4.739399] Mountpoint-cache hash table entries: 4096 (order: 3, 32768 bytes, linear)
[    4.741528] x86/cpu: User Mode Instruction Prevention (UMIP) activated
[    4.742515] Last level iTLB entries: 4KB 0, 2MB 0, 4MB 0
[    4.743390] Last level dTLB entries: 4KB 0, 2MB 0, 4MB 0, 1GB 0
[    4.744402] Spectre V1 : Mitigation: usercopy/swapgs barriers and __user pointer sanitization
[    4.745396] Spectre V2 : Mitigation: Enhanced IBRS
[    4.746390] Spectre V2 : Spectre v2 / SpectreRSB mitigation: Filling RSB on context switch
[    4.747404] Spectre V2 : mitigation: Enabling conditional Indirect Branch Prediction Barrier
[    4.748393] Speculative Store Bypass: Mitigation: Speculative Store Bypass disabled via prctl
[    4.757764] Freeing SMP alternatives memory: 44K
[    4.758680] smpboot: CPU0: Intel(R) Core(TM) i9-14900K (family: 0x6, model: 0xb7, stepping: 0x1)
[    4.760782] cblist_init_generic: Setting adjustable number of callback queues.
[    4.761395] cblist_init_generic: Setting shift to 1 and lim to 1.
[    4.762561] Performance Events: unsupported p6 CPU model 183 no PMU driver, software events only.
[    4.763673] rcu: Hierarchical SRCU implementation.
[    4.765269] smp: Bringing up secondary CPUs ...
[    4.766065] x86: Booting SMP configuration:
[    4.766395] .... node  #0, CPUs:      #1
[    4.766793] smp: Brought up 1 node, 2 CPUs
[    4.768397] smpboot: Max logical packages: 1
[    4.769392] smpboot: Total of 2 processors activated (12747.05 BogoMIPS)
[    4.771493] devtmpfs: initialized
[    4.776470] clocksource: jiffies: mask: 0xffffffff max_cycles: 0xffffffff, max_idle_ns: 1911260446275000 ns
[    4.777410] futex hash table entries: 512 (order: 3, 32768 bytes, linear)
[    4.778724] PM: RTC time: 09:10:29, date: 2026-05-05
[    4.779791] NET: Registered PF_NETLINK/PF_ROUTE protocol family
[    4.780831] audit: initializing netlink subsys (disabled)
[    4.782032] thermal_sys: Registered thermal governor 'step_wise'
[    4.782036] thermal_sys: Registered thermal governor 'user_space'
[    4.782395] audit: type=2000 audit(1777972229.055:1): state=initialized audit_enabled=0 res=1
[    4.784426] cpuidle: using governor menu
[    4.785885] PCI: Using configuration type 1 for base access
[    4.833438] kprobes: kprobe jump-optimization is enabled. All kprobes are optimized if possible.
[    4.838510] HugeTLB registered 2.00 MiB page size, pre-allocated 0 pages
[    4.841493] ACPI: Added _OSI(Module Device)
[    4.842395] ACPI: Added _OSI(Processor Device)
[    4.843391] ACPI: Added _OSI(3.0 _SCP Extensions)
[    4.844391] ACPI: Added _OSI(Processor Aggregator Device)
[    4.845406] ACPI: Added _OSI(Linux-Dell-Video)
[    4.846401] ACPI: Added _OSI(Linux-Lenovo-NV-HDMI-Audio)
[    4.847398] ACPI: Added _OSI(Linux-HPI-Hybrid-Graphics)
[    4.859619] ACPI: 1 ACPI AML tables successfully acquired and loaded
[    4.863130] ACPI: Interpreter enabled
[    4.864460] ACPI: PM: (supports S0 S3 S4 S5)
[    4.865391] ACPI: Using IOAPIC for interrupt routing
[    4.866495] PCI: Using host bridge windows from ACPI; if necessary, use "pci=nocrs" and report a bug
[    4.870123] ACPI: Enabled 2 GPEs in block 00 to 0F
[    4.932930] ACPI: PCI Root Bridge [PCI0] (domain 0000 [bus 00-ff])
[    4.935428] acpi PNP0A03:00: _OSC: OS supports [ASPM ClockPM Segments MSI HPX-Type3]
[    4.936396] acpi PNP0A03:00: _OSC: not requesting OS control; OS requires [ExtendedConfig ASPM ClockPM MSI]
[    4.939556] acpi PNP0A03:00: fail to add MMCONFIG information, can't access extended PCI configuration space under this bridge.
[    4.942734] PCI host bridge to bus 0000:00
[    4.944404] pci_bus 0000:00: root bus resource [io  0x0000-0x0cf7 window]
[    4.946408] pci_bus 0000:00: root bus resource [io  0x0d00-0xffff window]
[    4.948408] pci_bus 0000:00: root bus resource [mem 0x000a0000-0x000bffff window]
[    4.950404] pci_bus 0000:00: root bus resource [mem 0x80000000-0xfebfffff window]
[    4.952409] pci_bus 0000:00: root bus resource [mem 0x100000000-0x17fffffff window]
[    4.954410] pci_bus 0000:00: root bus resource [bus 00-ff]
[    4.955620] pci 0000:00:00.0: [8086:1237] type 00 class 0x060000
[    4.965625] pci 0000:00:01.0: [8086:7000] type 00 class 0x060100
[    4.975685] pci 0000:00:01.1: [8086:7010] type 00 class 0x010180
[    4.979326] pci 0000:00:01.1: reg 0x20: [io  0xc040-0xc04f]
[    4.982338] pci 0000:00:01.1: legacy IDE quirk: reg 0x10: [io  0x01f0-0x01f7]
[    4.984406] pci 0000:00:01.1: legacy IDE quirk: reg 0x14: [io  0x03f6]
[    4.986400] pci 0000:00:01.1: legacy IDE quirk: reg 0x18: [io  0x0170-0x0177]
[    4.988397] pci 0000:00:01.1: legacy IDE quirk: reg 0x1c: [io  0x0376]
[    4.990882] pci 0000:00:01.3: [8086:7113] type 00 class 0x068000
[    4.993126] pci 0000:00:01.3: quirk: [io  0x0600-0x063f] claimed by PIIX4 ACPI
[    4.995413] pci 0000:00:01.3: quirk: [io  0x0700-0x070f] claimed by PIIX4 SMB
[    4.997940] pci 0000:00:02.0: [1234:1111] type 00 class 0x030000
[    5.001794] pci 0000:00:02.0: reg 0x10: [mem 0xfd000000-0xfdffffff pref]
[    5.006804] pci 0000:00:02.0: reg 0x18: [mem 0xfebf0000-0xfebf0fff]
[    5.011383] pci 0000:00:02.0: reg 0x30: [mem 0xfebe0000-0xfebeffff pref]
[    5.023383] pci 0000:00:03.0: [8086:100e] type 00 class 0x020000
[    5.026216] pci 0000:00:03.0: reg 0x10: [mem 0xfebc0000-0xfebdffff]
[    5.029013] pci 0000:00:03.0: reg 0x14: [io  0xc000-0xc03f]
[    5.033975] pci 0000:00:03.0: reg 0x30: [mem 0xfeb80000-0xfebbffff pref]
[    5.077088] ACPI: PCI: Interrupt link LNKA configured for IRQ 10
[    5.081369] ACPI: PCI: Interrupt link LNKB configured for IRQ 10
[    5.085301] ACPI: PCI: Interrupt link LNKC configured for IRQ 11
[    5.089278] ACPI: PCI: Interrupt link LNKD configured for IRQ 11
[    5.091777] ACPI: PCI: Interrupt link LNKS configured for IRQ 9
[    5.096136] iommu: Default domain type: Translated 
[    5.098394] iommu: DMA domain TLB invalidation policy: lazy mode 
[    5.100557] pci 0000:00:02.0: vgaarb: setting as boot VGA device
[    5.101383] pci 0000:00:02.0: vgaarb: VGA device added: decodes=io+mem,owns=io+mem,locks=none
[    5.106400] pci 0000:00:02.0: vgaarb: bridge control possible
[    5.108394] vgaarb: loaded
[    5.109562] SCSI subsystem initialized
[    5.110667] ACPI: bus type USB registered
[    5.111556] usbcore: registered new interface driver usbfs
[    5.112043] usbcore: registered new interface driver hub
[    5.112438] usbcore: registered new device driver usb
[    5.113046] pps_core: LinuxPPS API ver. 1 registered
[    5.113389] pps_core: Software ver. 5.3.6 - Copyright 2005-2007 Rodolfo Giometti <giometti@linux.it>
[    5.114448] PTP clock support registered
[    5.115111] Advanced Linux Sound Architecture Driver Initialized.
[    5.117290] NetLabel: Initializing
[    5.117393] NetLabel:  domain hash size = 128
[    5.118146] NetLabel:  protocols = UNLABELED CIPSOv4 CALIPSO
[    5.119578] NetLabel:  unlabeled traffic allowed by default
[    5.120549] PCI: Using ACPI for IRQ routing
[    5.121754] hpet0: at MMIO 0xfed00000, IRQs 2, 8, 0
[    5.122391] hpet0: 3 comparators, 64-bit 100.000000 MHz counter
[    5.129588] clocksource: Switched to clocksource tsc-early
[    5.261671] VFS: Disk quotas dquot_6.6.0
[    5.262558] VFS: Dquot-cache hash table entries: 512 (order 0, 4096 bytes)
[    5.264939] pnp: PnP ACPI init
[    5.282318] pnp: PnP ACPI: found 6 devices
[    5.294537] clocksource: acpi_pm: mask: 0xffffff max_cycles: 0xffffff, max_idle_ns: 2085701024 ns
[    5.297622] NET: Registered PF_INET protocol family
[    5.309472] IP idents hash table entries: 32768 (order: 6, 262144 bytes, linear)
[    5.312686] tcp_listen_portaddr_hash hash table entries: 1024 (order: 2, 16384 bytes, linear)
[    5.314670] TCP established hash table entries: 16384 (order: 5, 131072 bytes, linear)
[    5.317485] TCP bind hash table entries: 16384 (order: 6, 262144 bytes, linear)
[    5.319901] TCP: Hash tables configured (established 16384 bind 16384)
[    5.321997] UDP hash table entries: 1024 (order: 3, 32768 bytes, linear)
[    5.324311] UDP-Lite hash table entries: 1024 (order: 3, 32768 bytes, linear)
[    5.326033] NET: Registered PF_UNIX/PF_LOCAL protocol family
[    5.328712] RPC: Registered named UNIX socket transport module.
[    5.330477] RPC: Registered udp transport module.
[    5.331297] RPC: Registered tcp transport module.
[    5.332819] RPC: Registered tcp NFSv4.1 backchannel transport module.
[    5.335745] pci_bus 0000:00: resource 4 [io  0x0000-0x0cf7 window]
[    5.337107] pci_bus 0000:00: resource 5 [io  0x0d00-0xffff window]
[    5.338933] pci_bus 0000:00: resource 6 [mem 0x000a0000-0x000bffff window]
[    5.341261] pci_bus 0000:00: resource 7 [mem 0x80000000-0xfebfffff window]
[    5.343566] pci_bus 0000:00: resource 8 [mem 0x100000000-0x17fffffff window]
[    5.345397] pci 0000:00:01.0: PIIX3: Enabling Passive Release
[    5.347356] pci 0000:00:00.0: Limiting direct PCI/PCI transfers
[    5.348873] pci 0000:00:01.0: Activating ISA DMA hang workarounds
[    5.350614] pci 0000:00:02.0: Video device with shadowed ROM at [mem 0x000c0000-0x000dffff]
[    5.353425] PCI: CLS 0 bytes, default 64
[    5.354849] Unpacking initramfs...
[    5.362125] Initialise system trusted keyrings
[    5.363027] workingset: timestamp_bits=56 max_order=19 bucket_order=0
[    5.382540] NFS: Registering the id_resolver key type
[    5.383340] Key type id_resolver registered
[    5.383949] Key type id_legacy registered
[    5.384735] 9p: Installing v9fs 9p2000 file system support
[    5.394660] Key type asymmetric registered
[    5.395311] Asymmetric key parser 'x509' registered
[    5.396225] Block layer SCSI generic (bsg) driver version 0.4 loaded (major 251)
[    5.397275] io scheduler mq-deadline registered
[    5.397916] io scheduler kyber registered
[    5.399593] input: Power Button as /devices/LNXSYSTM:00/LNXPWRBN:00/input/input0
[    5.400932] ACPI: button: Power Button [PWRF]
[    5.409583] Freeing initrd memory: 1332K
[    5.419121] Serial: 8250/16550 driver, 4 ports, IRQ sharing enabled
[    5.420295] 00:04: ttyS0 at I/O 0x3f8 (irq = 4, base_baud = 115200) is a 16550A
[    5.422759] Non-volatile memory driver v1.3
[    5.423226] Linux agpgart interface v0.103
[    5.423925] ACPI: bus type drm_connector registered
[    5.475963] loop: module loaded
[    5.478148] scsi host0: ata_piix
[    5.479839] scsi host1: ata_piix
[    5.480465] ata1: PATA max MWDMA2 cmd 0x1f0 ctl 0x3f6 bmdma 0xc040 irq 14
[    5.481176] ata2: PATA max MWDMA2 cmd 0x170 ctl 0x376 bmdma 0xc048 irq 15
[    5.482835] e100: Intel(R) PRO/100 Network Driver
[    5.483033] e100: Copyright(c) 1999-2006 Intel Corporation
[    5.483258] e1000: Intel(R) PRO/1000 Network Driver
[    5.483534] e1000: Copyright (c) 1999-2006 Intel Corporation.
[    5.677569] ata2.00: ATAPI: QEMU DVD-ROM, 2.5+, max UDMA/100
[    5.679691] scsi 1:0:0:0: CD-ROM            QEMU     QEMU DVD-ROM     2.5+ PQ: 0 ANSI: 5
[    5.701208] sr 1:0:0:0: [sr0] scsi3-mmc drive: 4x/4x cd/rw xa/form2 tray
[    5.703074] cdrom: Uniform CD-ROM driver Revision: 3.20
[    5.728481] sr 1:0:0:0: Attached scsi generic sg0 type 5
[    6.342941] ACPI: \_SB_.LNKC: Enabled at IRQ 11
[    6.358539] tsc: Refined TSC clocksource calibration: 3187.018 MHz
[    6.360284] clocksource: tsc: mask: 0xffffffffffffffff max_cycles: 0x2df062e14a8, max_idle_ns: 440795364864 ns
[    6.367504] clocksource: Switched to clocksource tsc
[    6.692272] e1000 0000:00:03.0 eth0: (PCI:33MHz:32-bit) 52:54:00:12:34:56
[    6.693360] e1000 0000:00:03.0 eth0: Intel(R) PRO/1000 Network Connection
[    6.694320] e1000e: Intel(R) PRO/1000 Network Driver
[    6.695641] e1000e: Copyright(c) 1999 - 2015 Intel Corporation.
[    6.697449] sky2: driver version 1.30
[    6.698437] ehci_hcd: USB 2.0 'Enhanced' Host Controller (EHCI) Driver
[    6.700275] ehci-pci: EHCI PCI platform driver
[    6.701484] ohci_hcd: USB 1.1 'Open' Host Controller (OHCI) Driver
[    6.702970] ohci-pci: OHCI PCI platform driver
[    6.703652] uhci_hcd: USB Universal Host Controller Interface driver
[    6.705703] usbcore: registered new interface driver usblp
[    6.706400] usbcore: registered new interface driver usb-storage
[    6.708268] i8042: PNP: PS/2 Controller [PNP0303:KBD,PNP0f13:MOU] at 0x60,0x64 irq 1,12
[    6.711486] serio: i8042 KBD port at 0x60,0x64 irq 1
[    6.712090] serio: i8042 AUX port at 0x60,0x64 irq 12
[    6.714098] rtc_cmos 00:05: RTC can wake from S4
[    6.715690] input: AT Translated Set 2 keyboard as /devices/platform/i8042/serio0/input/input1
[    6.719997] rtc_cmos 00:05: registered as rtc0
[    6.721375] rtc_cmos 00:05: alarms up to one day, y3k, 242 bytes nvram, hpet irqs
[    6.723969] device-mapper: ioctl: 4.45.0-ioctl (2021-03-22) initialised: dm-devel@redhat.com
[    6.725904] intel_pstate: CPU model not supported
[    6.726761] hid: raw HID events driver (C) Jiri Kosina
[    6.728996] usbcore: registered new interface driver usbhid
[    6.730498] usbhid: USB HID core driver
[    6.767979] Initializing XFRM netlink socket
[    6.769881] NET: Registered PF_INET6 protocol family
[    6.772705] Segment Routing with IPv6
[    6.773173] In-situ OAM (IOAM) with IPv6
[    6.774263] sit: IPv6, IPv4 and MPLS over IPv4 tunneling driver
[    6.776546] NET: Registered PF_PACKET protocol family
[    6.777768] 9pnet: Installing 9P2000 support
[    6.778317] Key type dns_resolver registered
[    6.779926] IPI shorthand broadcast: enabled
[    6.781152] sched_clock: Marking stable (6422388482, 358658358)->(6922270144, -141223304)
[    6.783272] registered taskstats version 1
[    6.784371] Loading compiled-in X.509 certificates
[    6.788042] cryptomgr_test (49) used greatest stack depth: 30800 bytes left
[    6.790370] cryptomgr_test (59) used greatest stack depth: 30504 bytes left
[    6.792338] cryptomgr_test (70) used greatest stack depth: 30424 bytes left
[    6.793501] PM:   Magic number: 10:936:170
[    6.794989] printk: console [netcon0] enabled
[    6.796259] netconsole: network logging started
[    6.797984] cfg80211: Loading compiled-in X.509 certificates for regulatory database
[    6.800441] kworker/u4:2 (71) used greatest stack depth: 29312 bytes left
[    6.802064] cfg80211: Loaded X.509 cert 'sforshee: 00b28ddf47aef9cea7'
[    6.803457] ALSA device list:
[    6.804270]   No soundcards found.
[    6.806535] Freeing unused kernel image (initmem) memory: 1820K
[    6.807505] platform regulatory.0: Direct firmware load for regulatory.db failed with error -2
[    6.809960] cfg80211: failed to load regulatory.db
[    6.814507] Write protecting the kernel read-only data: 55296k
[    6.816940] Freeing unused kernel image (text/rodata gap) memory: 2032K
[    6.818715] Freeing unused kernel image (rodata/data gap) memory: 1928K
[    6.819900] Run /init as init process
[    6.840101] mount (76) used greatest stack depth: 28632 bytes left

secb: rootfs ready
---- poc begin ----
[    6.894348] poc (82) used greatest stack depth: 28384 bytes left
---- poc end rc=0 ----
secb: poc exited without crashing the kernel
[    7.359936] input: ImExPS/2 Generic Explorer Mouse as /devices/platform/i8042/serio1/input/input3
[    8.748825] ACPI: PM: Preparing to enter system sleep state S5
[    8.749676] reboot: Power down
NO_CRASH_DETECTED
