bash: warning: setlocale: LC_ALL: cannot change locale (en_US.UTF-8)
c[?7l[2J[0mSeaBIOS (version 1.16.2-debian-1.16.2-1)
Booting from ROM...
c[?7l[2Jearly console in extract_kernel
input_data: 0x00000000150892a3
input_len: 0x000000000635d9eb
output: 0x0000000001000000
output_len: 0x0000000012fa3cd8
kernel_total_size: 0x000000001a428000
needed_size: 0x000000001a600000
trampoline_32bit: 0x0000000000000000

Decompressing Linux... Parsing ELF... done.
Booting the kernel (entry_offset: 0x000000000a9792a4).
[    0.000000][    T0] Linux version 6.17.0-rc2-00311-gcf6fc5eefc5b-dirty (root@buildkitsandbox) (gcc (Debian 12.2.0-14+deb12u1) 12.2.0, GNU ld (GNU Binutils for Debian) 2.40) #1 SMP PREEMPT_DYNAMIC Mon May 25 17:39:26 UTC 2026
[    0.000000][    T0] Command line: console=ttyS0 oops=panic panic=86400 nokaslr earlyprintk=serial rdinit=/init
[    0.000000][    T0] KERNEL supported cpus:
[    0.000000][    T0]   Intel GenuineIntel
[    0.000000][    T0]   AMD AuthenticAMD
[    0.000000][    T0] x86 CPU feature dependency check failure: CPU0 has '18*32+31' enabled but '18*32+26' disabled. Kernel might be fine, but no guarantees.
[    0.000000][    T0] BIOS-provided physical RAM map:
[    0.000000][    T0] BIOS-e820: [mem 0x0000000000000000-0x000000000009fbff] usable
[    0.000000][    T0] BIOS-e820: [mem 0x000000000009fc00-0x000000000009ffff] reserved
[    0.000000][    T0] BIOS-e820: [mem 0x00000000000f0000-0x00000000000fffff] reserved
[    0.000000][    T0] BIOS-e820: [mem 0x0000000000100000-0x000000007ffdffff] usable
[    0.000000][    T0] BIOS-e820: [mem 0x000000007ffe0000-0x000000007fffffff] reserved
[    0.000000][    T0] BIOS-e820: [mem 0x00000000feffc000-0x00000000feffffff] reserved
[    0.000000][    T0] BIOS-e820: [mem 0x00000000fffc0000-0x00000000ffffffff] reserved
[    0.000000][    T0] BIOS-e820: [mem 0x000000fd00000000-0x000000ffffffffff] reserved
[    0.000000][    T0] printk: legacy bootconsole [earlyser0] enabled
[    0.000000][    T0] NX (Execute Disable) protection: active
[    0.000000][    T0] APIC: Static calls initialized
[    0.000000][    T0] SMBIOS 2.8 present.
[    0.000000][    T0] DMI: QEMU Standard PC (i440FX + PIIX, 1996), BIOS 1.16.2-debian-1.16.2-1 04/01/2014
[    0.000000][    T0] DMI: Memory slots populated: 1/1
[    0.000000][    T0] Hypervisor detected: KVM
[    0.000000][    T0] kvm-clock: Using msrs 4b564d01 and 4b564d00
[    0.000002][    T0] kvm-clock: using sched offset of 1176017375 cycles
[    0.000677][    T0] clocksource: kvm-clock: mask: 0xffffffffffffffff max_cycles: 0x1cd42e4dffb, max_idle_ns: 881590591483 ns
[    0.002659][    T0] tsc: Detected 3493.436 MHz processor
[    0.009611][    T0] last_pfn = 0x7ffe0 max_arch_pfn = 0x400000000
[    0.010332][    T0] MTRR map: 4 entries (3 fixed + 1 variable; max 19), built from 8 variable MTRRs
[    0.011347][    T0] x86/PAT: Configuration [0-7]: WB  WC  UC- UC  WB  WP  UC- WT  
[    0.015346][    T0] found SMP MP-table at [mem 0x000f5ba0-0x000f5baf]
[    0.016085][    T0] Using GB pages for direct mapping
[    0.018518][    T0] RAMDISK: [mem 0x7fe77000-0x7ffdffff]
[    0.019125][    T0] ACPI: Early table checksum verification disabled
[    0.019843][    T0] ACPI: RSDP 0x00000000000F59D0 000014 (v00 BOCHS )
[    0.020587][    T0] ACPI: RSDT 0x000000007FFE1B33 000034 (v01 BOCHS  BXPC     00000001 BXPC 00000001)
[    0.021638][    T0] ACPI: FACP 0x000000007FFE19DF 000074 (v01 BOCHS  BXPC     00000001 BXPC 00000001)
[    0.022689][    T0] ACPI: DSDT 0x000000007FFE0040 00199F (v01 BOCHS  BXPC     00000001 BXPC 00000001)
[    0.023746][    T0] ACPI: FACS 0x000000007FFE0000 000040
[    0.024363][    T0] ACPI: APIC 0x000000007FFE1A53 000080 (v01 BOCHS  BXPC     00000001 BXPC 00000001)
[    0.025416][    T0] ACPI: HPET 0x000000007FFE1AD3 000038 (v01 BOCHS  BXPC     00000001 BXPC 00000001)
[    0.026468][    T0] ACPI: WAET 0x000000007FFE1B0B 000028 (v01 BOCHS  BXPC     00000001 BXPC 00000001)
[    0.027519][    T0] ACPI: Reserving FACP table memory at [mem 0x7ffe19df-0x7ffe1a52]
[    0.028396][    T0] ACPI: Reserving DSDT table memory at [mem 0x7ffe0040-0x7ffe19de]
[    0.029269][    T0] ACPI: Reserving FACS table memory at [mem 0x7ffe0000-0x7ffe003f]
[    0.030136][    T0] ACPI: Reserving APIC table memory at [mem 0x7ffe1a53-0x7ffe1ad2]
[    0.031003][    T0] ACPI: Reserving HPET table memory at [mem 0x7ffe1ad3-0x7ffe1b0a]
[    0.031870][    T0] ACPI: Reserving WAET table memory at [mem 0x7ffe1b0b-0x7ffe1b32]
[    0.033543][    T0] No NUMA configuration found
[    0.034062][    T0] Faking a node at [mem 0x0000000000000000-0x000000007ffdffff]
[    0.034898][    T0] NODE_DATA(0) allocated [mem 0x7fe71080-0x7fe76c7f]
[    0.039085][    T0] Zone ranges:
[    0.039484][    T0]   DMA      [mem 0x0000000000001000-0x0000000000ffffff]
[    0.040261][    T0]   DMA32    [mem 0x0000000001000000-0x000000007ffdffff]
[    0.041046][    T0]   Normal   empty
[    0.041456][    T0]   Device   empty
[    0.041869][    T0] Movable zone start for each node
[    0.042429][    T0] Early memory node ranges
[    0.042910][    T0]   node   0: [mem 0x0000000000001000-0x000000000009efff]
[    0.043691][    T0]   node   0: [mem 0x0000000000100000-0x000000007ffdffff]
[    0.044481][    T0] Initmem setup node 0 [mem 0x0000000000001000-0x000000007ffdffff]
[    0.045374][    T0] On node 0, zone DMA: 1 pages in unavailable ranges
[    0.046285][    T0] On node 0, zone DMA: 97 pages in unavailable ranges
[    0.069878][    T0] On node 0, zone DMA32: 32 pages in unavailable ranges
[    0.107175][    T0] kasan: KernelAddressSanitizer initialized
[    0.108122][    T0] ACPI: PM-Timer IO Port: 0x608
[    0.108685][    T0] ACPI: LAPIC_NMI (acpi_id[0xff] dfl dfl lint[0x1])
[    0.109450][    T0] IOAPIC[0]: apic_id 0, version 17, address 0xfec00000, GSI 0-23
[    0.110309][    T0] ACPI: INT_SRC_OVR (bus 0 bus_irq 0 global_irq 2 dfl dfl)
[    0.111105][    T0] ACPI: INT_SRC_OVR (bus 0 bus_irq 5 global_irq 5 high level)
[    0.111922][    T0] ACPI: INT_SRC_OVR (bus 0 bus_irq 9 global_irq 9 high level)
[    0.112744][    T0] ACPI: INT_SRC_OVR (bus 0 bus_irq 10 global_irq 10 high level)
[    0.113592][    T0] ACPI: INT_SRC_OVR (bus 0 bus_irq 11 global_irq 11 high level)
[    0.114444][    T0] ACPI: Using ACPI (MADT) for SMP configuration information
[    0.115241][    T0] ACPI: HPET id: 0x8086a201 base: 0xfed00000
[    0.115902][    T0] TSC deadline timer available
[    0.116436][    T0] CPU topo: Max. logical packages:   1
[    0.117035][    T0] CPU topo: Max. logical dies:       1
[    0.117628][    T0] CPU topo: Max. dies per package:   1
[    0.118226][    T0] CPU topo: Max. threads per core:   1
[    0.118820][    T0] CPU topo: Num. cores per package:     2
[    0.119441][    T0] CPU topo: Num. threads per package:   2
[    0.120070][    T0] CPU topo: Allowing 2 present CPUs plus 0 hotplug CPUs
[    0.120876][    T0] kvm-guest: APIC: eoi() replaced with kvm_guest_apic_eoi_write()
[    0.121763][    T0] kvm-guest: KVM setup pv remote TLB flush
[    0.122398][    T0] kvm-guest: setup PV sched yield
[    0.122981][    T0] PM: hibernation: Registered nosave memory: [mem 0x00000000-0x00000fff]
[    0.123906][    T0] PM: hibernation: Registered nosave memory: [mem 0x0009f000-0x000fffff]
[    0.124836][    T0] [mem 0x80000000-0xfeffbfff] available for PCI devices
[    0.125596][    T0] Booting paravirtualized kernel on KVM
[    0.126205][    T0] clocksource: refined-jiffies: mask: 0xffffffff max_cycles: 0xffffffff, max_idle_ns: 19112604462750000 ns
[    0.174738][    T0] setup_percpu: NR_CPUS:8 nr_cpumask_bits:2 nr_cpu_ids:2 nr_node_ids:1
[    0.175969][    T0] percpu: Embedded 70 pages/cpu s247368 r8192 d31160 u1048576
[    0.176958][    T0] kvm-guest: PV spinlocks enabled
[    0.177543][    T0] PV qspinlock hash table entries: 256 (order: 0, 4096 bytes, linear)
[    0.178481][    T0] Kernel command line: console=ttyS0 oops=panic panic=86400 nokaslr earlyprintk=serial rdinit=/init
[    0.180444][    T0] random: crng init done
[    0.180926][    T0] printk: log buffer data + meta data: 262144 + 917504 = 1179648 bytes
[    0.182019][    T0] Dentry cache hash table entries: 262144 (order: 9, 2097152 bytes, linear)
[    0.183214][    T0] Inode-cache hash table entries: 131072 (order: 8, 1048576 bytes, linear)
[    0.184392][    T0] Fallback order for Node 0: 0 
[    0.184403][    T0] Built 1 zonelists, mobility grouping on.  Total pages: 524158
[    0.185820][    T0] Policy zone: DMA32
[    0.186525][    T0] mem auto-init: stack:all(zero), heap alloc:on, heap free:off
[    0.187389][    T0] stackdepot: allocating hash table via alloc_large_system_hash
[    0.188266][    T0] stackdepot hash table entries: 1048576 (order: 12, 16777216 bytes, linear)
[    0.191029][    T0] stackdepot: allocating space for 8192 stack pools via memblock
[    0.264561][    T0] SLUB: HWalign=64, Order=0-3, MinObjects=0, CPUs=2, Nodes=1
[    0.268825][    T0] allocated 4194304 bytes of page_ext
[    0.270004][    T0] Dynamic Preempt: full
[    0.271084][    T0] Running RCU self tests
[    0.271570][    T0] Running RCU synchronous self tests
[    0.272176][    T0] rcu: Preemptible hierarchical RCU implementation.
[    0.272935][    T0] rcu: 	RCU lockdep checking is enabled.
[    0.273579][    T0] rcu: 	RCU restricting CPUs from NR_CPUS=8 to nr_cpu_ids=2.
[    0.274420][    T0] rcu: 	RCU callback double-/use-after-free debug is enabled.
[    0.275270][    T0] rcu: 	RCU debug extended QS entry/exit.
[    0.275915][    T0] 	Trampoline variant of Tasks RCU enabled.
[    0.276592][    T0] 	Tracing variant of Tasks RCU enabled.
[    0.277231][    T0] rcu: RCU calculated value of scheduler-enlistment delay is 10 jiffies.
[    0.278187][    T0] rcu: Adjusting geometry for rcu_fanout_leaf=16, nr_cpu_ids=2
[    0.279114][    T0] Running RCU synchronous self tests
[    0.279756][    T0] RCU Tasks: Setting shift to 1 and lim to 1 rcu_task_cb_adjust=1 rcu_task_cpu_ids=2.
[    0.280858][    T0] RCU Tasks Trace: Setting shift to 1 and lim to 1 rcu_task_cb_adjust=1 rcu_task_cpu_ids=2.
[    0.399159][    T0] NR_IRQS: 4352, nr_irqs: 440, preallocated irqs: 16
[    0.400509][    T0] rcu: srcu_init: Setting srcu_struct sizes based on contention.
[    0.401702][    T0] kfence: initialized - using 2097152 bytes for 255 objects at 0x(____ptrval____)-0x(____ptrval____)
[    0.410734][    T0] Console: colour VGA+ 80x25
[    0.411332][    T0] printk: legacy console [ttyS0] enabled
[    0.411332][    T0] printk: legacy console [ttyS0] enabled
[    0.412616][    T0] printk: legacy bootconsole [earlyser0] disabled
[    0.412616][    T0] printk: legacy bootconsole [earlyser0] disabled
[    0.414094][    T0] Lock dependency validator: Copyright (c) 2006 Red Hat, Inc., Ingo Molnar
[    0.415076][    T0] ... MAX_LOCKDEP_SUBCLASSES:  8
[    0.415640][    T0] ... MAX_LOCK_DEPTH:          48
[    0.416212][    T0] ... MAX_LOCKDEP_KEYS:        8192
[    0.416809][    T0] ... CLASSHASH_SIZE:          4096
[    0.417401][    T0] ... MAX_LOCKDEP_ENTRIES:     1048576
[    0.418021][    T0] ... MAX_LOCKDEP_CHAINS:      1048576
[    0.418642][    T0] ... CHAINHASH_SIZE:          524288
[    0.419253][    T0]  memory used by lock dependency info: 106625 kB
[    0.419983][    T0]  memory used for stack traces: 8320 kB
[    0.420627][    T0]  per task-struct memory footprint: 1920 bytes
[    0.421406][    T0] ACPI: Core revision 20250404
[    0.422385][    T0] clocksource: hpet: mask: 0xffffffff max_cycles: 0xffffffff, max_idle_ns: 19112604467 ns
[    0.423727][    T0] APIC: Switch to symmetric I/O mode setup
[    0.424591][    T0] x2apic enabled
[    0.425427][    T0] APIC: Switched APIC routing to: physical x2apic
[    0.426164][    T0] kvm-guest: APIC: send_IPI_mask() replaced with kvm_send_ipi_mask()
[    0.427092][    T0] kvm-guest: APIC: send_IPI_mask_allbutself() replaced with kvm_send_ipi_mask_allbutself()
[    0.428242][    T0] kvm-guest: setup PV IPIs
[    0.430157][    T0] ..TIMER: vector=0x30 apic1=0 pin1=2 apic2=-1 pin2=-1
[    0.430946][    T0] clocksource: tsc-early: mask: 0xffffffffffffffff max_cycles: 0x325b186289d, max_idle_ns: 440795326624 ns
[    0.432232][    T0] Calibrating delay loop (skipped) preset value.. 6986.87 BogoMIPS (lpj=34934360)
[    0.433350][    T0] x86/cpu: User Mode Instruction Prevention (UMIP) activated
[    0.442389][    T0] Last level iTLB entries: 4KB 512, 2MB 255, 4MB 127
[    0.443133][    T0] Last level dTLB entries: 4KB 512, 2MB 255, 4MB 127, 1GB 0
[    0.443953][    T0] mitigations: Enabled attack vectors: user_kernel, user_user, guest_host, guest_guest, SMT mitigations: auto
[    0.445294][    T0] Speculative Store Bypass: Mitigation: Speculative Store Bypass disabled via prctl
[    0.446334][    T0] Spectre V2 : Mitigation: Retpolines
[    0.446932][    T0] RETBleed: Mitigation: untrained return thunk
[    0.447617][    T0] Speculative Return Stack Overflow: Mitigation: SMT disabled
[    0.448449][    T0] Spectre V1 : Mitigation: usercopy/swapgs barriers and __user pointer sanitization
[    0.449486][    T0] Spectre V2 : Spectre v2 / SpectreRSB: Filling RSB on context switch and VMEXIT
[    0.450503][    T0] Spectre V2 : Enabling Speculation Barrier for firmware calls
[    0.451339][    T0] active return thunk: retbleed_return_thunk
[    0.452233][    T0] Spectre V2 : mitigation: Enabling conditional Indirect Branch Prediction Barrier
[    0.453297][    T0] x86/fpu: Supporting XSAVE feature 0x001: 'x87 floating point registers'
[    0.454233][    T0] x86/fpu: Supporting XSAVE feature 0x002: 'SSE registers'
[    0.455022][    T0] x86/fpu: Supporting XSAVE feature 0x004: 'AVX registers'
[    0.455811][    T0] x86/fpu: xstate_offset[2]:  576, xstate_sizes[2]:  256
[    0.456587][    T0] x86/fpu: Enabled xstate features 0x7, context size is 832 bytes, using 'compacted' format.
[    0.620052][    T0] Freeing SMP alternatives memory: 132K
[    0.620716][    T0] pid_max: default: 32768 minimum: 301
[    0.621556][    T0] LSM: initializing lsm=lockdown,capability,landlock,yama,safesetid,tomoyo,selinux,bpf,ima,evm
[    0.622505][    T0] landlock: Up and running.
[    0.623009][    T0] Yama: becoming mindful.
[    0.623693][    T0] TOMOYO Linux initialized
[    0.624208][    T0] SELinux:  Initializing.
[    0.626793][    T0] LSM support for eBPF active
[    0.627687][    T0] Mount-cache hash table entries: 4096 (order: 3, 32768 bytes, linear)
[    0.628619][    T0] Mountpoint-cache hash table entries: 4096 (order: 3, 32768 bytes, linear)
[    0.632669][    T0] Running RCU synchronous self tests
[    0.633271][    T0] Running RCU synchronous self tests
[    0.634362][    T1] smpboot: CPU0: AMD Ryzen Threadripper PRO 3975WX 32-Cores (family: 0x17, model: 0x31, stepping: 0x0)
[    0.637728][    T1] Performance Events: Fam17h+ core perfctr, AMD PMU driver.
[    0.638639][    T1] ... version:                0
[    0.639176][    T1] ... bit width:              48
[    0.639731][    T1] ... generic registers:      6
[    0.640269][    T1] ... value mask:             0000ffffffffffff
[    0.640958][    T1] ... max period:             00007fffffffffff
[    0.641642][    T1] ... fixed-purpose events:   0
[    0.642177][    T1] ... event mask:             000000000000003f
[    0.642219][    T1] signal: max sigframe size: 1776
[    0.642219][    T1] rcu: Hierarchical SRCU implementation.
[    0.642230][    T1] rcu: 	Max phase no-delay instances is 1000.
[    0.643353][    T1] Timer migration: 1 hierarchy levels; 8 children per group; 1 crossnode level
[    0.673302][    T1] smp: Bringing up secondary CPUs ...
[    0.674991][    T1] smpboot: x86: Booting SMP configuration:
[    0.675661][    T1] .... node  #0, CPUs:      #1
[    0.675916][    T1] smp: Brought up 1 node, 2 CPUs
[    0.675916][    T1] smpboot: Total of 2 processors activated (13973.74 BogoMIPS)
[    0.675916][    T1] Memory: 1282752K/2096632K available (173541K kernel code, 41817K rwdata, 40100K rodata, 27612K init, 121204K bss, 803404K reserved, 0K cma-reserved)
[    0.683023][    T1] devtmpfs: initialized
[    0.683639][    T1] x86/mm: Memory block size: 128MB
[    0.703591][    T1] Running RCU synchronous self tests
[    0.704232][    T1] Running RCU synchronous self tests
[    0.704996][    T1] Running RCU Tasks wait API self tests
[    0.704996][    T1] Running RCU Tasks Trace wait API self tests
[    0.752298][    T1] clocksource: jiffies: mask: 0xffffffff max_cycles: 0xffffffff, max_idle_ns: 19112604462750000 ns
[    0.753558][    T1] posixtimers hash table entries: 1024 (order: 4, 73728 bytes, linear)
[    0.754519][    T1] futex hash table entries: 512 (65536 bytes on 1 NUMA nodes, total 64 KiB, linear).
[    0.763734][    T1] PM: RTC time: 17:41:02, date: 2026-05-25
[    0.767626][    T1] NET: Registered PF_NETLINK/PF_ROUTE protocol family
[    0.768421][    T1] audit: initializing netlink subsys (disabled)
[    0.772440][   T30] audit: type=2000 audit(1779730863.386:1): state=initialized audit_enabled=0 res=1
[    0.774320][    T1] thermal_sys: Registered thermal governor 'step_wise'
[    0.774848][    T1] cpuidle: using governor menu
[    0.774848][    T1] NET: Registered PF_QIPCRTR protocol family
[    0.782241][    T1] dca service started, version 1.12.1
[    0.782302][    T1] PCI: Using configuration type 1 for base access
[    0.783761][    T1] PCI: Using configuration type 1 for extended access
[    0.793256][    T1] HugeTLB: allocation took 0ms with hugepage_allocation_threads=1
[    0.794172][    T1] HugeTLB: registered 1.00 GiB page size, pre-allocated 0 pages
[    0.795018][    T1] HugeTLB: 16380 KiB vmemmap can be freed for a 1.00 GiB page
[    0.795842][    T1] HugeTLB: registered 2.00 MiB page size, pre-allocated 0 pages
[    0.796682][    T1] HugeTLB: 28 KiB vmemmap can be freed for a 2.00 MiB page
[    0.804688][    T1] raid6: skipped pq benchmark and selected avx2x4
[    0.805415][    T1] raid6: using avx2x2 recovery algorithm
[    0.806982][    T1] ACPI: Added _OSI(Module Device)
[    0.807552][    T1] ACPI: Added _OSI(Processor Device)
[    0.808141][    T1] ACPI: Added _OSI(Processor Aggregator Device)
[    0.832244][   T29] Callback from call_rcu_tasks_trace() invoked.
[    0.848487][    T1] ACPI: 1 ACPI AML tables successfully acquired and loaded
[    0.877700][    T1] ACPI: Interpreter enabled
[    0.878433][    T1] ACPI: PM: (supports S0 S3 S4 S5)
[    0.879018][    T1] ACPI: Using IOAPIC for interrupt routing
[    0.879825][    T1] PCI: Using host bridge windows from ACPI; if necessary, use "pci=nocrs" and report a bug
[    0.880934][    T1] PCI: Using E820 reservations for host bridge windows
[    0.883979][    T1] ACPI: Enabled 2 GPEs in block 00 to 0F
[    0.966457][    T1] ACPI: PCI Root Bridge [PCI0] (domain 0000 [bus 00-ff])
[    0.967335][    T1] acpi PNP0A03:00: _OSC: OS supports [ExtendedConfig ASPM ClockPM Segments MSI HPX-Type3]
[    0.970341][    T1] PCI host bridge to bus 0000:00
[    0.971058][    T1] pci_bus 0000:00: root bus resource [io  0x0000-0x0cf7 window]
[    0.971924][    T1] pci_bus 0000:00: root bus resource [io  0x0d00-0xffff window]
[    0.972238][    T1] pci_bus 0000:00: root bus resource [mem 0x000a0000-0x000bffff window]
[    0.973181][    T1] pci_bus 0000:00: root bus resource [mem 0x80000000-0xfebfffff window]
[    0.974127][    T1] pci_bus 0000:00: root bus resource [mem 0x100000000-0x17fffffff window]
[    0.975088][    T1] pci_bus 0000:00: root bus resource [bus 00-ff]
[    0.976067][    T1] pci 0000:00:00.0: [8086:1237] type 00 class 0x060000 conventional PCI endpoint
[    1.004236][    T1] pci 0000:00:01.0: [8086:7000] type 00 class 0x060100 conventional PCI endpoint
[    1.031465][    T1] pci 0000:00:01.1: [8086:7010] type 00 class 0x010180 conventional PCI endpoint
[    1.032747][    T1] pci 0000:00:01.1: BAR 4 [io  0xc000-0xc00f]
[    1.033472][    T1] pci 0000:00:01.1: BAR 0 [io  0x01f0-0x01f7]: legacy IDE quirk
[    1.034321][    T1] pci 0000:00:01.1: BAR 1 [io  0x03f6]: legacy IDE quirk
[    1.035108][    T1] pci 0000:00:01.1: BAR 2 [io  0x0170-0x0177]: legacy IDE quirk
[    1.035963][    T1] pci 0000:00:01.1: BAR 3 [io  0x0376]: legacy IDE quirk
[    1.037602][    T1] pci 0000:00:01.3: [8086:7113] type 00 class 0x068000 conventional PCI endpoint
[    1.038988][    T1] pci 0000:00:01.3: quirk: [io  0x0600-0x063f] claimed by PIIX4 ACPI
[    1.039906][    T1] pci 0000:00:01.3: quirk: [io  0x0700-0x070f] claimed by PIIX4 SMB
[    1.041644][    T1] pci 0000:00:02.0: [1234:1111] type 00 class 0x030000 conventional PCI endpoint
[    1.043637][    T1] pci 0000:00:02.0: BAR 0 [mem 0xfd000000-0xfdffffff pref]
[    1.044472][    T1] pci 0000:00:02.0: BAR 2 [mem 0xfebf0000-0xfebf0fff]
[    1.045263][    T1] pci 0000:00:02.0: ROM [mem 0xfebe0000-0xfebeffff pref]
[    1.046224][    T1] pci 0000:00:02.0: Video device with shadowed ROM at [mem 0x000c0000-0x000dffff]
[    1.080508][    T1] ACPI: PCI: Interrupt link LNKA configured for IRQ 10
[    1.083818][    T1] ACPI: PCI: Interrupt link LNKB configured for IRQ 10
[    1.087090][    T1] ACPI: PCI: Interrupt link LNKC configured for IRQ 11
[    1.090338][    T1] ACPI: PCI: Interrupt link LNKD configured for IRQ 11
[    1.092084][    T1] ACPI: PCI: Interrupt link LNKS configured for IRQ 9
[    1.099500][    T1] iommu: Default domain type: Translated
[    1.099500][    T1] iommu: DMA domain TLB invalidation policy: lazy mode
[    1.104535][    T1] SCSI subsystem initialized
[    1.105212][    T1] ACPI: bus type USB registered
[    1.105212][    T1] usbcore: registered new interface driver usbfs
[    1.105212][    T1] usbcore: registered new interface driver hub
[    1.105652][    T1] usbcore: registered new device driver usb
[    1.107281][    T1] mc: Linux media interface: v0.10
[    1.108010][    T1] videodev: Linux video capture interface: v2.00
[    1.109107][    T1] pps_core: LinuxPPS API ver. 1 registered
[    1.112350][    T1] pps_core: Software ver. 5.3.6 - Copyright 2005-2007 Rodolfo Giometti <giometti@linux.it>
[    1.113627][    T1] PTP clock support registered
[    1.114687][    T1] EDAC MC: Ver: 3.0.0
[    1.115783][    T1] Advanced Linux Sound Architecture Driver Initialized.
[    1.117996][    T1] Bluetooth: Core ver 2.22
[    1.118581][    T1] NET: Registered PF_BLUETOOTH protocol family
[    1.122241][    T1] Bluetooth: HCI device and connection manager initialized
[    1.123086][    T1] Bluetooth: HCI socket layer initialized
[    1.123772][    T1] Bluetooth: L2CAP socket layer initialized
[    1.124478][    T1] Bluetooth: SCO socket layer initialized
[    1.125206][    T1] NET: Registered PF_ATMPVC protocol family
[    1.125865][    T1] NET: Registered PF_ATMSVC protocol family
[    1.126691][    T1] NetLabel: Initializing
[    1.127175][    T1] NetLabel:  domain hash size = 128
[    1.127752][    T1] NetLabel:  protocols = UNLABELED CIPSOv4 CALIPSO
[    1.128737][    T1] NetLabel:  unlabeled traffic allowed by default
[    1.130656][    T1] nfc: nfc_init: NFC Core ver 0.1
[    1.131419][    T1] NET: Registered PF_NFC protocol family
[    1.132101][    T1] mctp: management component transport protocol core
[    1.132238][    T1] NET: Registered PF_MCTP protocol family
[    1.133002][    T1] PCI: Using ACPI for IRQ routing
[    1.134028][    T1] pci 0000:00:02.0: vgaarb: setting as boot VGA device
[    1.134818][    T1] pci 0000:00:02.0: vgaarb: bridge control possible
[    1.135557][    T1] pci 0000:00:02.0: vgaarb: VGA device added: decodes=io+mem,owns=io+mem,locks=none
[    1.136606][    T1] vgaarb: loaded
[    1.137863][    T1] hpet0: at MMIO 0xfed00000, IRQs 2, 8, 0
[    1.138540][    T1] hpet0: 3 comparators, 64-bit 100.000000 MHz counter
[    1.142586][    T1] clocksource: Switched to clocksource kvm-clock
[    1.145879][    T1] VFS: Disk quotas dquot_6.6.0
[    1.146465][    T1] VFS: Dquot-cache hash table entries: 512 (order 0, 4096 bytes)
[    1.149314][    T1] netfs: FS-Cache loaded
[    1.150444][    T1] CacheFiles: Loaded
[    1.151183][    T1] TOMOYO: 2.6.0
[    1.151597][    T1] Mandatory Access Control activated.
[    1.152219][    T1] pnp: PnP ACPI init
[    1.159952][    T1] pnp: PnP ACPI: found 6 devices
[    1.191101][    T1] clocksource: acpi_pm: mask: 0xffffff max_cycles: 0xffffff, max_idle_ns: 2085701024 ns
[    1.192627][    T1] NET: Registered PF_INET protocol family
[    1.193630][    T1] IP idents hash table entries: 32768 (order: 6, 262144 bytes, linear)
[    1.198335][    T1] tcp_listen_portaddr_hash hash table entries: 1024 (order: 4, 73728 bytes, linear)
[    1.199440][    T1] Table-perturb hash table entries: 65536 (order: 6, 262144 bytes, linear)
[    1.200446][    T1] TCP established hash table entries: 16384 (order: 5, 131072 bytes, linear)
[    1.202550][    T1] TCP bind hash table entries: 16384 (order: 9, 2359296 bytes, linear)
[    1.204109][    T1] TCP: Hash tables configured (established 16384 bind 16384)
[    1.205488][    T1] MPTCP token hash table entries: 2048 (order: 5, 180224 bytes, linear)
[    1.206540][    T1] UDP hash table entries: 1024 (order: 6, 262144 bytes, linear)
[    1.207491][    T1] UDP-Lite hash table entries: 1024 (order: 6, 262144 bytes, linear)
[    1.208794][    T1] NET: Registered PF_UNIX/PF_LOCAL protocol family
[    1.210758][    T1] RPC: Registered named UNIX socket transport module.
[    1.211568][    T1] RPC: Registered udp transport module.
[    1.212197][    T1] RPC: Registered tcp transport module.
[    1.212823][    T1] RPC: Registered tcp-with-tls transport module.
[    1.213590][    T1] RPC: Registered tcp NFSv4.1 backchannel transport module.
[    1.216278][    T1] NET: Registered PF_XDP protocol family
[    1.216939][    T1] pci_bus 0000:00: resource 4 [io  0x0000-0x0cf7 window]
[    1.217743][    T1] pci_bus 0000:00: resource 5 [io  0x0d00-0xffff window]
[    1.218537][    T1] pci_bus 0000:00: resource 6 [mem 0x000a0000-0x000bffff window]
[    1.219410][    T1] pci_bus 0000:00: resource 7 [mem 0x80000000-0xfebfffff window]
[    1.220282][    T1] pci_bus 0000:00: resource 8 [mem 0x100000000-0x17fffffff window]
[    1.221804][    T1] pci 0000:00:01.0: PIIX3: Enabling Passive Release
[    1.222567][    T1] pci 0000:00:00.0: Limiting direct PCI/PCI transfers
[    1.223420][    T1] PCI: CLS 0 bytes, default 64
[    1.224090][    T1] ACPI: bus type thunderbolt registered
[    1.225768][    T1] kvm_intel: VMX not supported by CPU 0
[    1.226496][    T1] kvm_amd: Nested Virtualization enabled
[    1.227148][    T1] kvm_amd: Nested Paging enabled
[    1.238519][    T1] clocksource: tsc: mask: 0xffffffffffffffff max_cycles: 0x325b186289d, max_idle_ns: 440795326624 ns
[    1.244352][   T41] Trying to unpack rootfs image as initramfs...
[    1.349719][   T41] Freeing initrd memory: 1444K
[    1.350807][   T68] kworker/u8:4 (68) used greatest stack depth: 29016 bytes left
[    1.352850][   T64] kworker/u8:3 (64) used greatest stack depth: 28288 bytes left
[    4.555756][    T1] Initialise system trusted keyrings
[    4.558113][    T1] workingset: timestamp_bits=40 max_order=19 bucket_order=0
[    4.561782][    T1] DLM installed
[    4.563661][    T1] squashfs: version 4.0 (2009/01/31) Phillip Lougher
[    4.566822][    T1] NFS: Registering the id_resolver key type
[    4.567537][    T1] Key type id_resolver registered
[    4.568111][    T1] Key type id_legacy registered
[    4.568713][    T1] nfs4filelayout_init: NFSv4 File Layout Driver Registering...
[    4.569625][    T1] nfs4flexfilelayout_init: NFSv4 Flexfile Layout Driver Registering...
[    4.575194][    T1] Key type cifs.spnego registered
[    4.575861][    T1] Key type cifs.idmap registered
[    4.577362][    T1] ntfs3: Enabled Linux POSIX ACLs support
[    4.578010][    T1] ntfs3: Read-only LZX/Xpress compression included
[    4.578796][    T1] efs: 1.0a - http://aeschi.ch.eu.org/efs/
[    4.579462][    T1] jffs2: version 2.2. (NAND) (SUMMARY)  © 2001-2006 Red Hat, Inc.
[    4.580735][    T1] romfs: ROMFS MTD (C) 2007 Red Hat, Inc.
[    4.581684][    T1] QNX4 filesystem 0.2.3 registered.
[    4.582289][    T1] qnx6: QNX6 filesystem 1.0.0 registered.
[    4.583333][    T1] fuse: init (API version 7.44)
[    4.585361][    T1] orangefs_debugfs_init: called with debug mask: :none: :0:
[    4.586687][    T1] orangefs_init: module version upstream loaded
[    4.587666][    T1] JFS: nTxBlock = 8192, nTxLock = 65536
[    4.592535][    T1] SGI XFS with ACLs, security attributes, realtime, quota, no debug enabled
[    4.594951][    T1] 9p: Installing v9fs 9p2000 file system support
[    4.595822][    T1] NILFS version 2 loaded
[    4.596293][    T1] befs: version: 0.9.3
[    4.597001][    T1] ocfs2: Registered cluster interface o2cb
[    4.598200][    T1] ocfs2: Registered cluster interface user
[    4.599073][    T1] OCFS2 User DLM kernel interface loaded
[    4.607522][    T1] gfs2: GFS2 installed
[    4.612160][    T1] ceph: loaded (mds proto 32)
[    4.617247][    T1] cryptd: max_cpu_qlen set to 1000
[    4.621730][   T28] Callback from call_rcu_tasks() invoked.
[    4.639005][    T1] NET: Registered PF_ALG protocol family
[    4.639937][    T1] xor: automatically using best checksumming function   avx       
[    4.640966][    T1] async_tx: api initialized (async)
[    4.641565][    T1] Key type asymmetric registered
[    4.642125][    T1] Asymmetric key parser 'x509' registered
[    4.642779][    T1] Asymmetric key parser 'pkcs8' registered
[    4.643422][    T1] Key type pkcs7_test registered
[    4.644294][    T1] Block layer SCSI generic (bsg) driver version 0.4 loaded (major 238)
[    4.645674][    T1] io scheduler mq-deadline registered
[    4.646286][    T1] io scheduler kyber registered
[    4.646927][    T1] io scheduler bfq registered
[    4.650510][    T1] input: Power Button as /devices/LNXSYSTM:00/LNXPWRBN:00/input/input0
[    4.657150][    T1] ACPI: button: Power Button [PWRF]
[    4.663505][    T1] ioatdma: Intel(R) QuickData Technology Driver 5.00
[    4.698649][  T219] kworker/u8:3 (219) used greatest stack depth: 28176 bytes left
[    4.733681][  T279] kworker/u8:3 (279) used greatest stack depth: 27808 bytes left
[    4.925616][    T1] N_HDLC line discipline registered with maxframe=4096
[    4.926518][    T1] Serial: 8250/16550 driver, 4 ports, IRQ sharing enabled
[    4.929420][    T1] 00:04: ttyS0 at I/O 0x3f8 (irq = 4, base_baud = 115200) is a 16550A
[    4.947380][    T1] Non-volatile memory driver v1.3
[    4.948178][    T1] Linux agpgart interface v0.103
[    4.950856][    T1] usbcore: registered new interface driver xillyusb
[    4.953781][    T1] ACPI: bus type drm_connector registered
[    4.957537][    T1] [drm] Initialized vgem 1.0.0 for vgem on minor 0
[    4.961994][    T1] [drm] Initialized vkms 1.0.0 for vkms on minor 1
[    5.012357][    T1] Console: switching to colour frame buffer device 128x48
[    5.029250][    T1] faux_driver vkms: [drm] fb0: vkmsdrmfb frame buffer device
[    5.030330][    T1] usbcore: registered new interface driver udl
[    5.032353][    T1] bochs-drm 0000:00:02.0: vgaarb: deactivate vga console
[    5.034698][    T1] [drm] Found bochs VGA, ID 0xb0c5.
[    5.035280][    T1] [drm] Framebuffer size 16384 kB @ 0xfd000000, mmio @ 0xfebf0000.
[    5.038215][    T1] [drm] Initialized bochs-drm 1.0.0 for 0000:00:02.0 on minor 2
[    5.050891][    T1] fbcon: bochs-drmdrmfb (fb1) is primary device
[    5.050902][    T1] fbcon: Remapping primary device, fb1, to tty 1-63
[    5.749451][    T1] bochs-drm 0000:00:02.0: [drm] fb1: bochs-drmdrmfb frame buffer device
[    5.751526][    T1] usbcore: registered new interface driver gm12u320
[    5.752448][    T1] usbcore: registered new interface driver gud
[    5.791359][    T1] brd: module loaded
[    5.841877][    T1] loop: module loaded
[    6.005357][    T1] zram: Added device: zram0
[    6.011359][    T1] null_blk: disk nullb0 created
[    6.011949][    T1] null_blk: module loaded
[    6.013145][    T1] Guest personality initialized and is inactive
[    6.014308][    T1] VMCI host device registered (name=vmci, major=10, minor=265)
[    6.015188][    T1] Initialized host personality
[    6.015922][    T1] usbcore: registered new interface driver rtsx_usb
[    6.017656][    T1] usbcore: registered new interface driver viperboard
[    6.019019][    T1] usbcore: registered new interface driver dln2
[    6.020610][    T1] usbcore: registered new interface driver pn533_usb
[    6.024254][    T1] nfcsim 0.2 initialized
[    6.025131][    T1] usbcore: registered new interface driver port100
[    6.026224][    T1] usbcore: registered new interface driver nfcmrvl
[    6.030574][    T1] Loading iSCSI transport class v2.0-870.
[    6.033625][    T1] st: Version 20160209, fixed bufsize 32768, s/g segs 256
[    6.046559][  T982] kworker/u8:2 (982) used greatest stack depth: 27736 bytes left
[    6.066783][    T1] scsi host0: ata_piix
[    6.068977][    T1] scsi host1: ata_piix
[    6.070240][    T1] ata1: PATA max MWDMA2 cmd 0x1f0 ctl 0x3f6 bmdma 0xc000 irq 14 lpm-pol 0
[    6.071215][    T1] ata2: PATA max MWDMA2 cmd 0x170 ctl 0x376 bmdma 0xc008 irq 15 lpm-pol 0
[    6.075097][    T1] Rounding down aligned max_sectors from 4294967295 to 4294967288
[    6.076282][    T1] db_root: cannot open: /etc/target
[    6.077440][    T1] slram: not enough parameters.
[    6.082002][    T1] ftl_cs: FTL header not found.
[    6.105348][    T1] wireguard: WireGuard 1.0.0 loaded. See www.wireguard.com for information.
[    6.106332][    T1] wireguard: Copyright (C) 2015-2019 Jason A. Donenfeld <Jason@zx2c4.com>. All Rights Reserved.
[    6.107483][    T1] eql: Equalizer2002: Simon Janes (simon@ncm.com) and David S. Miller (davem@redhat.com)
[    6.113269][    T1] MACsec IEEE 802.1AE
[    6.122301][    T1] usbcore: registered new interface driver mvusb_mdio
[    6.123219][    T1] tun: Universal TUN/TAP device driver, 1.6
[    6.124881][    T1] vcan: Virtual CAN interface driver
[    6.125508][    T1] vxcan: Virtual CAN Tunnel driver
[    6.126094][    T1] slcan: serial line CAN interface driver
[    6.126907][    T1] CAN device driver interface
[    6.127611][    T1] usbcore: registered new interface driver usb_8dev
[    6.128530][    T1] usbcore: registered new interface driver ems_usb
[    6.129459][    T1] usbcore: registered new interface driver esd_usb
[    6.130373][    T1] usbcore: registered new interface driver etas_es58x
[    6.131486][    T1] usbcore: registered new interface driver f81604
[    6.132383][    T1] usbcore: registered new interface driver gs_usb
[    6.133448][    T1] usbcore: registered new interface driver kvaser_usb
[    6.134385][    T1] usbcore: registered new interface driver mcba_usb
[    6.135316][    T1] usbcore: registered new interface driver peak_usb
[    6.136232][    T1] usbcore: registered new interface driver ucan
[    6.137213][    T1] e100: Intel(R) PRO/100 Network Driver
[    6.137852][    T1] e100: Copyright(c) 1999-2006 Intel Corporation
[    6.138739][    T1] e1000: Intel(R) PRO/1000 Network Driver
[    6.139380][    T1] e1000: Copyright (c) 1999-2006 Intel Corporation.
[    6.140322][    T1] e1000e: Intel(R) PRO/1000 Network Driver
[    6.140999][    T1] e1000e: Copyright(c) 1999 - 2015 Intel Corporation.
[    6.142351][    T1] mkiss: AX.25 Multikiss, Hans Albas PE1AYX
[    6.143041][    T1] AX.25: bpqether driver version 004
[    6.143631][    T1] PPP generic driver version 2.4.2
[    6.144653][    T1] PPP BSD Compression module registered
[    6.145282][    T1] PPP Deflate Compression module registered
[    6.145966][    T1] PPP MPPE Compression module registered
[    6.146591][    T1] NET: Registered PF_PPPOX protocol family
[    6.147268][    T1] PPTP driver version 0.8.5
[    6.147938][    T1] SLIP: version 0.8.4-NET3.019-NEWTTY (dynamic channels, max=256) (6 bit encapsulation enabled).
[    6.149098][    T1] CSLIP: code copyright 1989 Regents of the University of California.
[    6.150003][    T1] SLIP linefill/keepalive option.
[    6.150565][    T1] hdlc: HDLC support module revision 1.22
[    6.151361][    T1] LAPB Ethernet driver version 0.02
[    6.152412][    T1] usbcore: registered new interface driver ath9k_htc
[    6.153488][    T1] usbcore: registered new interface driver carl9170
[    6.154562][    T1] usbcore: registered new interface driver ath6kl_usb
[    6.155498][    T1] usbcore: registered new interface driver ar5523
[    6.156579][    T1] usbcore: registered new interface driver ath10k_usb
[    6.157546][    T1] usbcore: registered new interface driver plfxlc
[    6.158396][    T1] mac80211_hwsim: initializing netlink
[    6.173885][    T1] usbcore: registered new interface driver atusb
[    6.181150][    T1] mac802154_hwsim mac802154_hwsim: Added 2 mac802154 hwsim hardware radios
[    6.182903][    T1] VMware vmxnet3 virtual NIC driver - version 1.9.0.0-k-NAPI
[    6.184203][    T1] usbcore: registered new interface driver catc
[    6.185096][    T1] usbcore: registered new interface driver kaweth
[    6.185833][    T1] pegasus: Pegasus/Pegasus II USB Ethernet driver
[    6.186747][    T1] usbcore: registered new interface driver pegasus
[    6.187655][    T1] usbcore: registered new interface driver rtl8150
[    6.188477][    T1] usbcore: registered new device driver r8152-cfgselector
[    6.189507][    T1] usbcore: registered new interface driver r8152
[    6.190432][    T1] usbcore: registered new interface driver hso
[    6.191495][    T1] usbcore: registered new interface driver lan78xx
[    6.192396][    T1] usbcore: registered new interface driver asix
[    6.193304][    T1] usbcore: registered new interface driver ax88179_178a
[    6.194278][    T1] usbcore: registered new interface driver cdc_ether
[    6.195204][    T1] usbcore: registered new interface driver cdc_eem
[    6.196107][    T1] usbcore: registered new interface driver dm9601
[    6.197003][    T1] usbcore: registered new interface driver sr9700
[    6.197904][    T1] usbcore: registered new interface driver CoreChips
[    6.198833][    T1] usbcore: registered new interface driver smsc75xx
[    6.199753][    T1] usbcore: registered new interface driver smsc95xx
[    6.200669][    T1] usbcore: registered new interface driver gl620a
[    6.201599][    T1] usbcore: registered new interface driver net1080
[    6.202504][    T1] usbcore: registered new interface driver plusb
[    6.203385][    T1] usbcore: registered new interface driver rndis_host
[    6.204321][    T1] usbcore: registered new interface driver cdc_subset
[    6.205258][    T1] usbcore: registered new interface driver zaurus
[    6.206170][    T1] usbcore: registered new interface driver MOSCHIP usb-ethernet driver
[    6.207274][    T1] usbcore: registered new interface driver int51x1
[    6.208183][    T1] usbcore: registered new interface driver cdc_phonet
[    6.209119][    T1] usbcore: registered new interface driver kalmia
[    6.210022][    T1] usbcore: registered new interface driver ipheth
[    6.211547][    T1] usbcore: registered new interface driver sierra_net
[    6.212710][    T1] usbcore: registered new interface driver cx82310_eth
[    6.213659][    T1] usbcore: registered new interface driver cdc_ncm
[    6.214562][    T1] usbcore: registered new interface driver huawei_cdc_ncm
[    6.215535][    T1] usbcore: registered new interface driver lg-vl600
[    6.216449][    T1] usbcore: registered new interface driver qmi_wwan
[    6.217359][    T1] usbcore: registered new interface driver cdc_mbim
[    6.218287][    T1] usbcore: registered new interface driver ch9200
[    6.219182][    T1] usbcore: registered new interface driver aqc111
[    6.220072][    T1] usbcore: registered new interface driver r8153_ecm
[    6.222959][    T1] VFIO - User Level meta-driver version: 0.3
[    6.226269][    T1] aoe: AoE v85 initialised.
[    6.231746][    T1] usbcore: registered new interface driver cdc_acm
[    6.232480][    T1] cdc_acm: USB Abstract Control Model driver for USB modems and ISDN adapters
[    6.233647][    T1] usbcore: registered new interface driver usblp
[    6.234701][    T1] usbcore: registered new interface driver cdc_wdm
[    6.235615][    T1] usbcore: registered new interface driver usbtmc
[    6.236844][ T1011] ata2: found unknown device (class 0)
[    6.236949][    T1] usbcore: registered new interface driver uas
[    6.238489][    T1] usbcore: registered new interface driver usb-storage
[    6.239318][ T1011] ata2.00: ATAPI: QEMU DVD-ROM, 2.5+, max UDMA/100
[    6.239659][    T1] usbcore: registered new interface driver ums-alauda
[    6.241546][    T1] usbcore: registered new interface driver ums-cypress
[    6.242500][    T1] usbcore: registered new interface driver ums-datafab
[    6.243433][    T1] usbcore: registered new interface driver ums_eneub6250
[    6.244373][    T1] usbcore: registered new interface driver ums-freecom
[    6.245309][    T1] usbcore: registered new interface driver ums-isd200
[    6.246304][    T1] usbcore: registered new interface driver ums-jumpshot
[    6.247243][    T1] usbcore: registered new interface driver ums-karma
[    6.248158][    T1] usbcore: registered new interface driver ums-onetouch
[    6.249141][   T58] scsi 1:0:0:0: CD-ROM            QEMU     QEMU DVD-ROM     2.5+ PQ: 0 ANSI: 5
[    6.249164][    T1] usbcore: registered new interface driver ums-realtek
[    6.251347][    T1] usbcore: registered new interface driver ums-sddr09
[    6.252388][    T1] usbcore: registered new interface driver ums-sddr55
[    6.253433][    T1] usbcore: registered new interface driver ums-usbat
[    6.254711][    T1] usbcore: registered new interface driver mdc800
[    6.255432][    T1] mdc800: v0.7.5 (30/10/2000):USB Driver for Mustek MDC800 Digital Camera
[    6.256553][    T1] usbcore: registered new interface driver microtekX6
[    6.257658][    T1] usbcore: registered new interface driver usbserial_generic
[    6.258678][    T1] usbserial: USB Serial support registered for generic
[    6.259596][    T1] usbcore: registered new interface driver aircable
[    6.260423][    T1] usbserial: USB Serial support registered for aircable
[    6.261927][    T1] usbcore: registered new interface driver ark3116
[    6.262739][    T1] usbserial: USB Serial support registered for ark3116
[    6.263646][    T1] usbcore: registered new interface driver belkin_sa
[    6.264469][    T1] usbserial: USB Serial support registered for Belkin / Peracom / GoHubs USB Serial Adapter
[    6.265725][    T1] usbcore: registered new interface driver ch341
[    6.266505][    T1] usbserial: USB Serial support registered for ch341-uart
[    6.267426][    T1] usbcore: registered new interface driver cp210x
[    6.268222][    T1] usbserial: USB Serial support registered for cp210x
[    6.269102][    T1] usbcore: registered new interface driver cyberjack
[    6.269929][    T1] usbserial: USB Serial support registered for Reiner SCT Cyberjack USB card reader
[    6.271149][    T1] usbcore: registered new interface driver cypress_m8
[    6.271978][    T1] usbserial: USB Serial support registered for DeLorme Earthmate USB
[    6.272950][    T1] usbserial: USB Serial support registered for HID->COM RS232 Adapter
[    6.273936][    T1] usbserial: USB Serial support registered for Nokia CA-42 V2 Adapter
[    6.274978][    T1] usbcore: registered new interface driver usb_debug
[    6.275804][    T1] usbserial: USB Serial support registered for debug
[    6.276620][    T1] usbserial: USB Serial support registered for xhci_dbc
[    6.277537][    T1] usbcore: registered new interface driver digi_acceleport
[    6.278434][    T1] usbserial: USB Serial support registered for Digi 2 port USB adapter
[    6.279426][    T1] usbserial: USB Serial support registered for Digi 4 port USB adapter
[    6.280474][    T1] usbcore: registered new interface driver io_edgeport
[    6.281334][    T1] usbserial: USB Serial support registered for Edgeport 2 port adapter
[    6.282338][    T1] usbserial: USB Serial support registered for Edgeport 4 port adapter
[    6.283325][    T1] usbserial: USB Serial support registered for Edgeport 8 port adapter
[    6.284324][    T1] usbserial: USB Serial support registered for EPiC device
[    6.285251][    T1] usbcore: registered new interface driver io_ti
[    6.286046][    T1] usbserial: USB Serial support registered for Edgeport TI 1 port adapter
[    6.287062][    T1] usbserial: USB Serial support registered for Edgeport TI 2 port adapter
[    6.288136][    T1] usbcore: registered new interface driver empeg
[    6.288917][    T1] usbserial: USB Serial support registered for empeg
[    6.289887][    T1] usbcore: registered new interface driver f81534a_ctrl
[    6.290807][    T1] usbcore: registered new interface driver f81232
[    6.291641][    T1] usbserial: USB Serial support registered for f81232
[    6.292472][    T1] usbserial: USB Serial support registered for f81534a
[    6.293387][    T1] usbcore: registered new interface driver f81534
[    6.294185][    T1] usbserial: USB Serial support registered for Fintek F81532/F81534
[    6.295203][    T1] usbcore: registered new interface driver ftdi_sio
[    6.296012][    T1] usbserial: USB Serial support registered for FTDI USB Serial Device
[    6.297052][    T1] usbcore: registered new interface driver garmin_gps
[    6.297888][    T1] usbserial: USB Serial support registered for Garmin GPS usb/tty
[    6.298880][    T1] usbcore: registered new interface driver ipaq
[    6.299653][    T1] usbserial: USB Serial support registered for PocketPC PDA
[    6.300601][    T1] usbcore: registered new interface driver ipw
[    6.301788][    T1] usbserial: USB Serial support registered for IPWireless converter
[    6.302801][    T1] usbcore: registered new interface driver ir_usb
[    6.303713][    T1] usbserial: USB Serial support registered for IR Dongle
[    6.304637][    T1] usbcore: registered new interface driver iuu_phoenix
[    6.305560][    T1] usbserial: USB Serial support registered for iuu_phoenix
[    6.306676][    T1] usbcore: registered new interface driver keyspan
[    6.307601][    T1] usbserial: USB Serial support registered for Keyspan - (without firmware)
[    6.308645][    T1] usbserial: USB Serial support registered for Keyspan 1 port adapter
[    6.309647][    T1] usbserial: USB Serial support registered for Keyspan 2 port adapter
[    6.310628][    T1] usbserial: USB Serial support registered for Keyspan 4 port adapter
[    6.311813][    T1] usbcore: registered new interface driver keyspan_pda
[    6.312659][    T1] usbserial: USB Serial support registered for Keyspan PDA
[    6.313546][    T1] usbserial: USB Serial support registered for Keyspan PDA - (prerenumeration)
[    6.314667][    T1] usbcore: registered new interface driver kl5kusb105
[    6.315495][    T1] usbserial: USB Serial support registered for KL5KUSB105D / PalmConnect
[    6.316565][    T1] usbcore: registered new interface driver kobil_sct
[    6.317395][    T1] usbserial: USB Serial support registered for KOBIL USB smart card terminal
[    6.318508][    T1] usbcore: registered new interface driver mct_u232
[    6.319317][    T1] usbserial: USB Serial support registered for MCT U232
[    6.320217][    T1] usbcore: registered new interface driver metro_usb
[    6.321274][    T1] usbserial: USB Serial support registered for Metrologic USB to Serial
[    6.322348][    T1] usbcore: registered new interface driver mos7720
[    6.323147][    T1] usbserial: USB Serial support registered for Moschip 2 port adapter
[    6.324183][    T1] usbcore: registered new interface driver mos7840
[    6.325184][    T1] usbserial: USB Serial support registered for Moschip 7840/7820 USB Serial Driver
[    6.326353][    T1] usbcore: registered new interface driver mxuport
[    6.327155][    T1] usbserial: USB Serial support registered for MOXA UPort
[    6.328079][    T1] usbcore: registered new interface driver navman
[    6.328868][    T1] usbserial: USB Serial support registered for navman
[    6.329757][    T1] usbcore: registered new interface driver omninet
[    6.330559][    T1] usbserial: USB Serial support registered for ZyXEL - omni.net usb
[    6.331627][    T1] usbcore: registered new interface driver opticon
[    6.332431][    T1] usbserial: USB Serial support registered for opticon
[    6.333321][    T1] usbcore: registered new interface driver option
[    6.334117][    T1] usbserial: USB Serial support registered for GSM modem (1-port)
[    6.335124][    T1] usbcore: registered new interface driver oti6858
[    6.335926][    T1] usbserial: USB Serial support registered for oti6858
[    6.336817][    T1] usbcore: registered new interface driver pl2303
[    6.337635][    T1] usbserial: USB Serial support registered for pl2303
[    6.338534][    T1] usbcore: registered new interface driver qcaux
[    6.339335][    T1] usbserial: USB Serial support registered for qcaux
[    6.340217][    T1] usbcore: registered new interface driver qcserial
[    6.341079][    T1] usbserial: USB Serial support registered for Qualcomm USB modem
[    6.342108][    T1] usbcore: registered new interface driver quatech2
[    6.342998][    T1] usbserial: USB Serial support registered for Quatech 2nd gen USB to Serial Driver
[    6.344187][    T1] usbcore: registered new interface driver safe_serial
[    6.345050][    T1] usbserial: USB Serial support registered for safe_serial
[    6.346002][    T1] usbcore: registered new interface driver sierra
[    6.346811][    T1] usbserial: USB Serial support registered for Sierra USB modem
[    6.347828][    T1] usbcore: registered new interface driver usb_serial_simple
[    6.348744][    T1] usbserial: USB Serial support registered for carelink
[    6.349610][    T1] usbserial: USB Serial support registered for flashloader
[    6.350508][    T1] usbserial: USB Serial support registered for funsoft
[    6.351394][    T1] usbserial: USB Serial support registered for google
[    6.352252][    T1] usbserial: USB Serial support registered for hp4x
[    6.353080][    T1] usbserial: USB Serial support registered for kaufmann
[    6.353959][    T1] usbserial: USB Serial support registered for libtransistor
[    6.354881][    T1] usbserial: USB Serial support registered for moto_modem
[    6.355766][    T1] usbserial: USB Serial support registered for motorola_tetra
[    6.356687][    T1] usbserial: USB Serial support registered for nokia
[    6.357538][    T1] usbserial: USB Serial support registered for novatel_gps
[    6.358450][    T1] usbserial: USB Serial support registered for owon
[    6.359288][    T1] usbserial: USB Serial support registered for siemens_mpi
[    6.360179][    T1] usbserial: USB Serial support registered for suunto
[    6.361050][    T1] usbserial: USB Serial support registered for vivopay
[    6.361912][    T1] usbserial: USB Serial support registered for zio
[    6.362784][    T1] usbcore: registered new interface driver spcp8x5
[    6.363604][    T1] usbserial: USB Serial support registered for SPCP8x5
[    6.364523][    T1] usbcore: registered new interface driver ssu100
[    6.365330][    T1] usbserial: USB Serial support registered for Quatech SSU-100 USB to Serial Driver
[    6.366540][    T1] usbcore: registered new interface driver symbolserial
[    6.367408][    T1] usbserial: USB Serial support registered for symbol
[    6.368309][    T1] usbcore: registered new interface driver ti_usb_3410_5052
[    6.369409][    T1] usbserial: USB Serial support registered for TI USB 3410 1 port adapter
[    6.370459][    T1] usbserial: USB Serial support registered for TI USB 5052 2 port adapter
[    6.371589][    T1] usbcore: registered new interface driver upd78f0730
[    6.372537][    T1] usbserial: USB Serial support registered for upd78f0730
[    6.373487][    T1] usbcore: registered new interface driver visor
[    6.374289][    T1] usbserial: USB Serial support registered for Handspring Visor / Palm OS
[    6.375329][    T1] usbserial: USB Serial support registered for Sony Clie 5.0
[    6.376244][    T1] usbserial: USB Serial support registered for Sony Clie 3.5
[    6.377202][    T1] usbcore: registered new interface driver wishbone_serial
[    6.378112][    T1] usbserial: USB Serial support registered for wishbone_serial
[    6.379098][    T1] usbcore: registered new interface driver whiteheat
[    6.379939][    T1] usbserial: USB Serial support registered for Connect Tech - WhiteHEAT - (prerenumeration)
[    6.381188][    T1] usbserial: USB Serial support registered for Connect Tech - WhiteHEAT
[    6.382283][    T1] usbcore: registered new interface driver xr_serial
[    6.383129][    T1] usbserial: USB Serial support registered for xr_serial
[    6.384055][    T1] usbcore: registered new interface driver xsens_mt
[    6.384893][    T1] usbserial: USB Serial support registered for xsens_mt
[    6.385877][    T1] usbcore: registered new interface driver adutux
[    6.386798][    T1] usbcore: registered new interface driver appledisplay
[    6.387852][    T1] usbcore: registered new interface driver cypress_cy7c63
[    6.388851][    T1] usbcore: registered new interface driver cytherm
[    6.389777][    T1] usbcore: registered new interface driver emi26 - firmware loader
[    6.390884][    T1] usbcore: registered new interface driver emi62 - firmware loader
[    6.391870][    T1] usbcore: registered new device driver apple-mfi-fastcharge
[    6.392891][    T1] usbcore: registered new interface driver ljca
[    6.393793][    T1] usbcore: registered new interface driver idmouse
[    6.394709][    T1] usbcore: registered new interface driver iowarrior
[    6.395681][    T1] usbcore: registered new interface driver isight_firmware
[    6.396755][    T1] usbcore: registered new interface driver usblcd
[    6.397680][    T1] usbcore: registered new interface driver ldusb
[    6.398589][    T1] usbcore: registered new interface driver legousbtower
[    6.399573][    T1] usbcore: registered new interface driver usbtest
[    6.400497][    T1] usbcore: registered new interface driver usb_ehset_test
[    6.401528][    T1] usbcore: registered new interface driver trancevibrator
[    6.402549][    T1] usbcore: registered new interface driver uss720
[    6.403290][    T1] uss720: USB Parport Cable driver for Cables using the Lucent Technologies USS720 Chip
[    6.404396][    T1] uss720: NOTE: this is a special purpose driver to allow nonstandard
[    6.405328][    T1] uss720: protocols (eg. bitbang) over USS720 usb to parallel cables
[    6.406241][    T1] uss720: If you just want to connect to a printer, use usblp instead
[    6.407412][    T1] usbcore: registered new interface driver usbsevseg
[    6.408352][    T1] usbcore: registered new interface driver yurex
[    6.409599][    T1] usbcore: registered new interface driver chaoskey
[    6.410545][    T1] usbcore: registered new interface driver sisusb
[    6.411543][    T1] usbcore: registered new interface driver lvs
[    6.412427][    T1] usbcore: registered new interface driver cxacru
[    6.413337][    T1] usbcore: registered new interface driver speedtch
[    6.414279][    T1] usbcore: registered new interface driver ueagle-atm
[    6.415047][    T1] xusbatm: malformed module parameters
[    6.416979][    T1] dummy_hcd dummy_hcd.0: USB Host+Gadget Emulator, driver 02 May 2005
[    6.417944][    T1] dummy_hcd dummy_hcd.0: Dummy host controller
[    6.419595][    T1] dummy_hcd dummy_hcd.0: new USB bus registered, assigned bus number 1
[    6.422177][    T1] usb usb1: New USB device found, idVendor=1d6b, idProduct=0002, bcdDevice= 6.17
[    6.422638][   T58] sr 1:0:0:0: [sr0] scsi3-mmc drive: 4x/4x cd/rw xa/form2 tray
[    6.423336][    T1] usb usb1: New USB device strings: Mfr=3, Product=2, SerialNumber=1
[    6.424234][   T58] cdrom: Uniform CD-ROM driver Revision: 3.20
[    6.425123][    T1] usb usb1: Product: Dummy host controller
[    6.426567][    T1] usb usb1: Manufacturer: Linux 6.17.0-rc2-00311-gcf6fc5eefc5b-dirty dummy_hcd
[    6.427600][    T1] usb usb1: SerialNumber: dummy_hcd.0
[    6.430654][    T1] hub 1-0:1.0: USB hub found
[    6.431503][    T1] hub 1-0:1.0: 1 port detected
[    6.437058][    T1] SPI driver max3420-udc has no spi_device_id for maxim,max3421-udc
[    6.438331][    T1] gadgetfs: USB Gadget filesystem, version 24 Aug 2004
[    6.440215][    T1] vhci_hcd vhci_hcd.0: USB/IP Virtual Host Controller
[    6.441570][    T1] vhci_hcd vhci_hcd.0: new USB bus registered, assigned bus number 2
[    6.442911][    T1] vhci_hcd: created sysfs vhci_hcd.0
[    6.444208][    T1] usb usb2: New USB device found, idVendor=1d6b, idProduct=0002, bcdDevice= 6.17
[    6.445271][    T1] usb usb2: New USB device strings: Mfr=3, Product=2, SerialNumber=1
[    6.446193][    T1] usb usb2: Product: USB/IP Virtual Host Controller
[    6.446941][    T1] usb usb2: Manufacturer: Linux 6.17.0-rc2-00311-gcf6fc5eefc5b-dirty vhci_hcd
[    6.447968][    T1] usb usb2: SerialNumber: vhci_hcd.0
[    6.450453][    T1] hub 2-0:1.0: USB hub found
[    6.451280][    T1] hub 2-0:1.0: 8 ports detected
[    6.457912][    T1] vhci_hcd vhci_hcd.0: USB/IP Virtual Host Controller
[    6.459691][    T1] vhci_hcd vhci_hcd.0: new USB bus registered, assigned bus number 3
[    6.460979][    T1] usb usb3: We don't know the algorithms for LPM for this host, disabling LPM.
[    6.462626][    T1] usb usb3: New USB device found, idVendor=1d6b, idProduct=0003, bcdDevice= 6.17
[    6.463688][    T1] usb usb3: New USB device strings: Mfr=3, Product=2, SerialNumber=1
[    6.464624][    T1] usb usb3: Product: USB/IP Virtual Host Controller
[    6.465390][    T1] usb usb3: Manufacturer: Linux 6.17.0-rc2-00311-gcf6fc5eefc5b-dirty vhci_hcd
[    6.466403][    T1] usb usb3: SerialNumber: vhci_hcd.0
[    6.468825][    T1] hub 3-0:1.0: USB hub found
[    6.469574][    T1] hub 3-0:1.0: 8 ports detected
[    6.478029][    T1] vhci_hcd vhci_hcd.1: USB/IP Virtual Host Controller
[    6.479527][    T1] vhci_hcd vhci_hcd.1: new USB bus registered, assigned bus number 4
[    6.481252][    T1] usb usb4: New USB device found, idVendor=1d6b, idProduct=0002, bcdDevice= 6.17
[    6.482322][    T1] usb usb4: New USB device strings: Mfr=3, Product=2, SerialNumber=1
[    6.483256][    T1] usb usb4: Product: USB/IP Virtual Host Controller
[    6.484022][    T1] usb usb4: Manufacturer: Linux 6.17.0-rc2-00311-gcf6fc5eefc5b-dirty vhci_hcd
[    6.485060][    T1] usb usb4: SerialNumber: vhci_hcd.1
[    6.487609][    T1] hub 4-0:1.0: USB hub found
[    6.488292][    T1] hub 4-0:1.0: 8 ports detected
[    6.494814][    T1] vhci_hcd vhci_hcd.1: USB/IP Virtual Host Controller
[    6.496096][    T1] vhci_hcd vhci_hcd.1: new USB bus registered, assigned bus number 5
[    6.497373][    T1] usb usb5: We don't know the algorithms for LPM for this host, disabling LPM.
[    6.498043][   T58] sr 1:0:0:0: Attached scsi generic sg0 type 5
[    6.498942][    T1] usb usb5: New USB device found, idVendor=1d6b, idProduct=0003, bcdDevice= 6.17
[    6.500155][    T1] usb usb5: New USB device strings: Mfr=3, Product=2, SerialNumber=1
[    6.501219][    T1] usb usb5: Product: USB/IP Virtual Host Controller
[    6.502002][    T1] usb usb5: Manufacturer: Linux 6.17.0-rc2-00311-gcf6fc5eefc5b-dirty vhci_hcd
[    6.503028][    T1] usb usb5: SerialNumber: vhci_hcd.1
[    6.505553][    T1] hub 5-0:1.0: USB hub found
[    6.506231][    T1] hub 5-0:1.0: 8 ports detected
[    6.513464][    T1] vhci_hcd vhci_hcd.2: USB/IP Virtual Host Controller
[    6.515471][    T1] vhci_hcd vhci_hcd.2: new USB bus registered, assigned bus number 6
[    6.517053][    T1] usb usb6: New USB device found, idVendor=1d6b, idProduct=0002, bcdDevice= 6.17
[    6.518115][    T1] usb usb6: New USB device strings: Mfr=3, Product=2, SerialNumber=1
[    6.519036][    T1] usb usb6: Product: USB/IP Virtual Host Controller
[    6.519796][    T1] usb usb6: Manufacturer: Linux 6.17.0-rc2-00311-gcf6fc5eefc5b-dirty vhci_hcd
[    6.520813][    T1] usb usb6: SerialNumber: vhci_hcd.2
[    6.523361][    T1] hub 6-0:1.0: USB hub found
[    6.524034][    T1] hub 6-0:1.0: 8 ports detected
[    6.530535][    T1] vhci_hcd vhci_hcd.2: USB/IP Virtual Host Controller
[    6.532054][    T1] vhci_hcd vhci_hcd.2: new USB bus registered, assigned bus number 7
[    6.533242][    T1] usb usb7: We don't know the algorithms for LPM for this host, disabling LPM.
[    6.534857][    T1] usb usb7: New USB device found, idVendor=1d6b, idProduct=0003, bcdDevice= 6.17
[    6.535913][    T1] usb usb7: New USB device strings: Mfr=3, Product=2, SerialNumber=1
[    6.536825][    T1] usb usb7: Product: USB/IP Virtual Host Controller
[    6.537576][    T1] usb usb7: Manufacturer: Linux 6.17.0-rc2-00311-gcf6fc5eefc5b-dirty vhci_hcd
[    6.538571][    T1] usb usb7: SerialNumber: vhci_hcd.2
[    6.541036][    T1] hub 7-0:1.0: USB hub found
[    6.541747][    T1] hub 7-0:1.0: 8 ports detected
[    6.548574][    T1] vhci_hcd vhci_hcd.3: USB/IP Virtual Host Controller
[    6.550672][    T1] vhci_hcd vhci_hcd.3: new USB bus registered, assigned bus number 8
[    6.552259][    T1] usb usb8: New USB device found, idVendor=1d6b, idProduct=0002, bcdDevice= 6.17
[    6.553296][    T1] usb usb8: New USB device strings: Mfr=3, Product=2, SerialNumber=1
[    6.554208][    T1] usb usb8: Product: USB/IP Virtual Host Controller
[    6.554948][    T1] usb usb8: Manufacturer: Linux 6.17.0-rc2-00311-gcf6fc5eefc5b-dirty vhci_hcd
[    6.555941][    T1] usb usb8: SerialNumber: vhci_hcd.3
[    6.558423][    T1] hub 8-0:1.0: USB hub found
[    6.559096][    T1] hub 8-0:1.0: 8 ports detected
[    6.565440][    T1] vhci_hcd vhci_hcd.3: USB/IP Virtual Host Controller
[    6.566810][    T1] vhci_hcd vhci_hcd.3: new USB bus registered, assigned bus number 9
[    6.567984][    T1] usb usb9: We don't know the algorithms for LPM for this host, disabling LPM.
[    6.569558][    T1] usb usb9: New USB device found, idVendor=1d6b, idProduct=0003, bcdDevice= 6.17
[    6.570592][    T1] usb usb9: New USB device strings: Mfr=3, Product=2, SerialNumber=1
[    6.571525][    T1] usb usb9: Product: USB/IP Virtual Host Controller
[    6.572272][    T1] usb usb9: Manufacturer: Linux 6.17.0-rc2-00311-gcf6fc5eefc5b-dirty vhci_hcd
[    6.573266][    T1] usb usb9: SerialNumber: vhci_hcd.3
[    6.575884][    T1] hub 9-0:1.0: USB hub found
[    6.576555][    T1] hub 9-0:1.0: 8 ports detected
[    6.583910][    T1] vhci_hcd vhci_hcd.4: USB/IP Virtual Host Controller
[    6.585691][    T1] vhci_hcd vhci_hcd.4: new USB bus registered, assigned bus number 10
[    6.587263][    T1] usb usb10: New USB device found, idVendor=1d6b, idProduct=0002, bcdDevice= 6.17
[    6.588307][    T1] usb usb10: New USB device strings: Mfr=3, Product=2, SerialNumber=1
[    6.589227][    T1] usb usb10: Product: USB/IP Virtual Host Controller
[    6.589982][    T1] usb usb10: Manufacturer: Linux 6.17.0-rc2-00311-gcf6fc5eefc5b-dirty vhci_hcd
[    6.591018][    T1] usb usb10: SerialNumber: vhci_hcd.4
[    6.593579][    T1] hub 10-0:1.0: USB hub found
[    6.594263][    T1] hub 10-0:1.0: 8 ports detected
[    6.600571][    T1] vhci_hcd vhci_hcd.4: USB/IP Virtual Host Controller
[    6.601958][    T1] vhci_hcd vhci_hcd.4: new USB bus registered, assigned bus number 11
[    6.603145][    T1] usb usb11: We don't know the algorithms for LPM for this host, disabling LPM.
[    6.604733][    T1] usb usb11: New USB device found, idVendor=1d6b, idProduct=0003, bcdDevice= 6.17
[    6.605783][    T1] usb usb11: New USB device strings: Mfr=3, Product=2, SerialNumber=1
[    6.606702][    T1] usb usb11: Product: USB/IP Virtual Host Controller
[    6.607456][    T1] usb usb11: Manufacturer: Linux 6.17.0-rc2-00311-gcf6fc5eefc5b-dirty vhci_hcd
[    6.608461][    T1] usb usb11: SerialNumber: vhci_hcd.4
[    6.611061][    T1] hub 11-0:1.0: USB hub found
[    6.611941][    T1] hub 11-0:1.0: 8 ports detected
[    6.619742][    T1] vhci_hcd vhci_hcd.5: USB/IP Virtual Host Controller
[    6.621165][    T1] vhci_hcd vhci_hcd.5: new USB bus registered, assigned bus number 12
[    6.622748][    T1] usb usb12: New USB device found, idVendor=1d6b, idProduct=0002, bcdDevice= 6.17
[    6.623793][    T1] usb usb12: New USB device strings: Mfr=3, Product=2, SerialNumber=1
[    6.624714][    T1] usb usb12: Product: USB/IP Virtual Host Controller
[    6.625472][    T1] usb usb12: Manufacturer: Linux 6.17.0-rc2-00311-gcf6fc5eefc5b-dirty vhci_hcd
[    6.626478][    T1] usb usb12: SerialNumber: vhci_hcd.5
[    6.629020][    T1] hub 12-0:1.0: USB hub found
[    6.629710][    T1] hub 12-0:1.0: 8 ports detected
[    6.636078][    T1] vhci_hcd vhci_hcd.5: USB/IP Virtual Host Controller
[    6.637476][    T1] vhci_hcd vhci_hcd.5: new USB bus registered, assigned bus number 13
[    6.638661][    T1] usb usb13: We don't know the algorithms for LPM for this host, disabling LPM.
[    6.640240][    T1] usb usb13: New USB device found, idVendor=1d6b, idProduct=0003, bcdDevice= 6.17
[    6.641314][    T1] usb usb13: New USB device strings: Mfr=3, Product=2, SerialNumber=1
[    6.642239][    T1] usb usb13: Product: USB/IP Virtual Host Controller
[    6.642995][    T1] usb usb13: Manufacturer: Linux 6.17.0-rc2-00311-gcf6fc5eefc5b-dirty vhci_hcd
[    6.644001][    T1] usb usb13: SerialNumber: vhci_hcd.5
[    6.646448][    T1] hub 13-0:1.0: USB hub found
[    6.647127][    T1] hub 13-0:1.0: 8 ports detected
[    6.654889][    T1] vhci_hcd vhci_hcd.6: USB/IP Virtual Host Controller
[    6.656221][    T1] vhci_hcd vhci_hcd.6: new USB bus registered, assigned bus number 14
[    6.657814][    T1] usb usb14: New USB device found, idVendor=1d6b, idProduct=0002, bcdDevice= 6.17
[    6.658866][    T1] usb usb14: New USB device strings: Mfr=3, Product=2, SerialNumber=1
[    6.659789][    T1] usb usb14: Product: USB/IP Virtual Host Controller
[    6.660543][    T1] usb usb14: Manufacturer: Linux 6.17.0-rc2-00311-gcf6fc5eefc5b-dirty vhci_hcd
[    6.661585][    T1] usb usb14: SerialNumber: vhci_hcd.6
[    6.663982][    T1] hub 14-0:1.0: USB hub found
[    6.664664][    T1] hub 14-0:1.0: 8 ports detected
[    6.670673][    T1] vhci_hcd vhci_hcd.6: USB/IP Virtual Host Controller
[    6.672324][    T1] vhci_hcd vhci_hcd.6: new USB bus registered, assigned bus number 15
[    6.673526][    T1] usb usb15: We don't know the algorithms for LPM for this host, disabling LPM.
[    6.675100][    T1] usb usb15: New USB device found, idVendor=1d6b, idProduct=0003, bcdDevice= 6.17
[    6.676144][    T1] usb usb15: New USB device strings: Mfr=3, Product=2, SerialNumber=1
[    6.677065][    T1] usb usb15: Product: USB/IP Virtual Host Controller
[    6.677825][    T1] usb usb15: Manufacturer: Linux 6.17.0-rc2-00311-gcf6fc5eefc5b-dirty vhci_hcd
[    6.678824][    T1] usb usb15: SerialNumber: vhci_hcd.6
[    6.681319][    T1] hub 15-0:1.0: USB hub found
[    6.682019][    T1] hub 15-0:1.0: 8 ports detected
[    6.689811][    T1] vhci_hcd vhci_hcd.7: USB/IP Virtual Host Controller
[    6.691248][    T1] vhci_hcd vhci_hcd.7: new USB bus registered, assigned bus number 16
[    6.692830][    T1] usb usb16: New USB device found, idVendor=1d6b, idProduct=0002, bcdDevice= 6.17
[    6.693880][    T1] usb usb16: New USB device strings: Mfr=3, Product=2, SerialNumber=1
[    6.694798][    T1] usb usb16: Product: USB/IP Virtual Host Controller
[    6.695553][    T1] usb usb16: Manufacturer: Linux 6.17.0-rc2-00311-gcf6fc5eefc5b-dirty vhci_hcd
[    6.696558][    T1] usb usb16: SerialNumber: vhci_hcd.7
[    6.698985][    T1] hub 16-0:1.0: USB hub found
[    6.699671][    T1] hub 16-0:1.0: 8 ports detected
[    6.705869][    T1] vhci_hcd vhci_hcd.7: USB/IP Virtual Host Controller
[    6.707331][    T1] vhci_hcd vhci_hcd.7: new USB bus registered, assigned bus number 17
[    6.708516][    T1] usb usb17: We don't know the algorithms for LPM for this host, disabling LPM.
[    6.710078][    T1] usb usb17: New USB device found, idVendor=1d6b, idProduct=0003, bcdDevice= 6.17
[    6.711149][    T1] usb usb17: New USB device strings: Mfr=3, Product=2, SerialNumber=1
[    6.712067][    T1] usb usb17: Product: USB/IP Virtual Host Controller
[    6.712816][    T1] usb usb17: Manufacturer: Linux 6.17.0-rc2-00311-gcf6fc5eefc5b-dirty vhci_hcd
[    6.713820][    T1] usb usb17: SerialNumber: vhci_hcd.7
[    6.716314][    T1] hub 17-0:1.0: USB hub found
[    6.716995][    T1] hub 17-0:1.0: 8 ports detected
[    6.724834][    T1] vhci_hcd vhci_hcd.8: USB/IP Virtual Host Controller
[    6.726157][    T1] vhci_hcd vhci_hcd.8: new USB bus registered, assigned bus number 18
[    6.727735][    T1] usb usb18: New USB device found, idVendor=1d6b, idProduct=0002, bcdDevice= 6.17
[    6.728779][    T1] usb usb18: New USB device strings: Mfr=3, Product=2, SerialNumber=1
[    6.729706][    T1] usb usb18: Product: USB/IP Virtual Host Controller
[    6.730456][    T1] usb usb18: Manufacturer: Linux 6.17.0-rc2-00311-gcf6fc5eefc5b-dirty vhci_hcd
[    6.731480][    T1] usb usb18: SerialNumber: vhci_hcd.8
[    6.733892][    T1] hub 18-0:1.0: USB hub found
[    6.734575][    T1] hub 18-0:1.0: 8 ports detected
[    6.740955][    T1] vhci_hcd vhci_hcd.8: USB/IP Virtual Host Controller
[    6.742291][    T1] vhci_hcd vhci_hcd.8: new USB bus registered, assigned bus number 19
[    6.743482][    T1] usb usb19: We don't know the algorithms for LPM for this host, disabling LPM.
[    6.745051][    T1] usb usb19: New USB device found, idVendor=1d6b, idProduct=0003, bcdDevice= 6.17
[    6.746099][    T1] usb usb19: New USB device strings: Mfr=3, Product=2, SerialNumber=1
[    6.747017][    T1] usb usb19: Product: USB/IP Virtual Host Controller
[    6.747767][    T1] usb usb19: Manufacturer: Linux 6.17.0-rc2-00311-gcf6fc5eefc5b-dirty vhci_hcd
[    6.748769][    T1] usb usb19: SerialNumber: vhci_hcd.8
[    6.751470][    T1] hub 19-0:1.0: USB hub found
[    6.752151][    T1] hub 19-0:1.0: 8 ports detected
[    6.758982][    T1] vhci_hcd vhci_hcd.9: USB/IP Virtual Host Controller
[    6.760962][    T1] vhci_hcd vhci_hcd.9: new USB bus registered, assigned bus number 20
[    6.762779][    T1] usb usb20: New USB device found, idVendor=1d6b, idProduct=0002, bcdDevice= 6.17
[    6.763822][    T1] usb usb20: New USB device strings: Mfr=3, Product=2, SerialNumber=1
[    6.764738][    T1] usb usb20: Product: USB/IP Virtual Host Controller
[    6.765489][    T1] usb usb20: Manufacturer: Linux 6.17.0-rc2-00311-gcf6fc5eefc5b-dirty vhci_hcd
[    6.766481][    T1] usb usb20: SerialNumber: vhci_hcd.9
[    6.769073][    T1] hub 20-0:1.0: USB hub found
[    6.769765][    T1] hub 20-0:1.0: 8 ports detected
[    6.777615][    T1] vhci_hcd vhci_hcd.9: USB/IP Virtual Host Controller
[    6.779162][    T1] vhci_hcd vhci_hcd.9: new USB bus registered, assigned bus number 21
[    6.780358][    T1] usb usb21: We don't know the algorithms for LPM for this host, disabling LPM.
[    6.783008][    T1] usb usb21: New USB device found, idVendor=1d6b, idProduct=0003, bcdDevice= 6.17
[    6.784050][    T1] usb usb21: New USB device strings: Mfr=3, Product=2, SerialNumber=1
[    6.784964][    T1] usb usb21: Product: USB/IP Virtual Host Controller
[    6.785721][    T1] usb usb21: Manufacturer: Linux 6.17.0-rc2-00311-gcf6fc5eefc5b-dirty vhci_hcd
[    6.786714][    T1] usb usb21: SerialNumber: vhci_hcd.9
[    6.789212][    T1] hub 21-0:1.0: USB hub found
[    6.789899][    T1] hub 21-0:1.0: 8 ports detected
[    6.797787][    T1] vhci_hcd vhci_hcd.10: USB/IP Virtual Host Controller
[    6.799143][    T1] vhci_hcd vhci_hcd.10: new USB bus registered, assigned bus number 22
[    6.800741][    T1] usb usb22: New USB device found, idVendor=1d6b, idProduct=0002, bcdDevice= 6.17
[    6.801816][    T1] usb usb22: New USB device strings: Mfr=3, Product=2, SerialNumber=1
[    6.802739][    T1] usb usb22: Product: USB/IP Virtual Host Controller
[    6.803491][    T1] usb usb22: Manufacturer: Linux 6.17.0-rc2-00311-gcf6fc5eefc5b-dirty vhci_hcd
[    6.804497][    T1] usb usb22: SerialNumber: vhci_hcd.10
[    6.806964][    T1] hub 22-0:1.0: USB hub found
[    6.807655][    T1] hub 22-0:1.0: 8 ports detected
[    6.814070][    T1] vhci_hcd vhci_hcd.10: USB/IP Virtual Host Controller
[    6.815360][    T1] vhci_hcd vhci_hcd.10: new USB bus registered, assigned bus number 23
[    6.816553][    T1] usb usb23: We don't know the algorithms for LPM for this host, disabling LPM.
[    6.818136][    T1] usb usb23: New USB device found, idVendor=1d6b, idProduct=0003, bcdDevice= 6.17
[    6.819175][    T1] usb usb23: New USB device strings: Mfr=3, Product=2, SerialNumber=1
[    6.820088][    T1] usb usb23: Product: USB/IP Virtual Host Controller
[    6.821704][    T1] usb usb23: Manufacturer: Linux 6.17.0-rc2-00311-gcf6fc5eefc5b-dirty vhci_hcd
[    6.822713][    T1] usb usb23: SerialNumber: vhci_hcd.10
[    6.825294][    T1] hub 23-0:1.0: USB hub found
[    6.825985][    T1] hub 23-0:1.0: 8 ports detected
[    6.832869][    T1] vhci_hcd vhci_hcd.11: USB/IP Virtual Host Controller
[    6.834854][    T1] vhci_hcd vhci_hcd.11: new USB bus registered, assigned bus number 24
[    6.836437][    T1] usb usb24: New USB device found, idVendor=1d6b, idProduct=0002, bcdDevice= 6.17
[    6.837488][    T1] usb usb24: New USB device strings: Mfr=3, Product=2, SerialNumber=1
[    6.838403][    T1] usb usb24: Product: USB/IP Virtual Host Controller
[    6.839154][    T1] usb usb24: Manufacturer: Linux 6.17.0-rc2-00311-gcf6fc5eefc5b-dirty vhci_hcd
[    6.840155][    T1] usb usb24: SerialNumber: vhci_hcd.11
[    6.842912][    T1] hub 24-0:1.0: USB hub found
[    6.843592][    T1] hub 24-0:1.0: 8 ports detected
[    6.849874][    T1] vhci_hcd vhci_hcd.11: USB/IP Virtual Host Controller
[    6.851511][    T1] vhci_hcd vhci_hcd.11: new USB bus registered, assigned bus number 25
[    6.852718][    T1] usb usb25: We don't know the algorithms for LPM for this host, disabling LPM.
[    6.854289][    T1] usb usb25: New USB device found, idVendor=1d6b, idProduct=0003, bcdDevice= 6.17
[    6.855327][    T1] usb usb25: New USB device strings: Mfr=3, Product=2, SerialNumber=1
[    6.856242][    T1] usb usb25: Product: USB/IP Virtual Host Controller
[    6.856987][    T1] usb usb25: Manufacturer: Linux 6.17.0-rc2-00311-gcf6fc5eefc5b-dirty vhci_hcd
[    6.857988][    T1] usb usb25: SerialNumber: vhci_hcd.11
[    6.860563][    T1] hub 25-0:1.0: USB hub found
[    6.861729][    T1] hub 25-0:1.0: 8 ports detected
[    6.869421][    T1] vhci_hcd vhci_hcd.12: USB/IP Virtual Host Controller
[    6.870883][    T1] vhci_hcd vhci_hcd.12: new USB bus registered, assigned bus number 26
[    6.872476][    T1] usb usb26: New USB device found, idVendor=1d6b, idProduct=0002, bcdDevice= 6.17
[    6.873525][    T1] usb usb26: New USB device strings: Mfr=3, Product=2, SerialNumber=1
[    6.874442][    T1] usb usb26: Product: USB/IP Virtual Host Controller
[    6.875192][    T1] usb usb26: Manufacturer: Linux 6.17.0-rc2-00311-gcf6fc5eefc5b-dirty vhci_hcd
[    6.876207][    T1] usb usb26: SerialNumber: vhci_hcd.12
[    6.878766][    T1] hub 26-0:1.0: USB hub found
[    6.879447][    T1] hub 26-0:1.0: 8 ports detected
[    6.885569][    T1] vhci_hcd vhci_hcd.12: USB/IP Virtual Host Controller
[    6.886998][    T1] vhci_hcd vhci_hcd.12: new USB bus registered, assigned bus number 27
[    6.888191][    T1] usb usb27: We don't know the algorithms for LPM for this host, disabling LPM.
[    6.889763][    T1] usb usb27: New USB device found, idVendor=1d6b, idProduct=0003, bcdDevice= 6.17
[    6.890806][    T1] usb usb27: New USB device strings: Mfr=3, Product=2, SerialNumber=1
[    6.891747][    T1] usb usb27: Product: USB/IP Virtual Host Controller
[    6.892497][    T1] usb usb27: Manufacturer: Linux 6.17.0-rc2-00311-gcf6fc5eefc5b-dirty vhci_hcd
[    6.893512][    T1] usb usb27: SerialNumber: vhci_hcd.12
[    6.896118][    T1] hub 27-0:1.0: USB hub found
[    6.896850][    T1] hub 27-0:1.0: 8 ports detected
[    6.904604][    T1] vhci_hcd vhci_hcd.13: USB/IP Virtual Host Controller
[    6.905996][    T1] vhci_hcd vhci_hcd.13: new USB bus registered, assigned bus number 28
[    6.907574][    T1] usb usb28: New USB device found, idVendor=1d6b, idProduct=0002, bcdDevice= 6.17
[    6.908613][    T1] usb usb28: New USB device strings: Mfr=3, Product=2, SerialNumber=1
[    6.909548][    T1] usb usb28: Product: USB/IP Virtual Host Controller
[    6.910296][    T1] usb usb28: Manufacturer: Linux 6.17.0-rc2-00311-gcf6fc5eefc5b-dirty vhci_hcd
[    6.911318][    T1] usb usb28: SerialNumber: vhci_hcd.13
[    6.913904][    T1] hub 28-0:1.0: USB hub found
[    6.914584][    T1] hub 28-0:1.0: 8 ports detected
[    6.920871][    T1] vhci_hcd vhci_hcd.13: USB/IP Virtual Host Controller
[    6.922246][    T1] vhci_hcd vhci_hcd.13: new USB bus registered, assigned bus number 29
[    6.923434][    T1] usb usb29: We don't know the algorithms for LPM for this host, disabling LPM.
[    6.925010][    T1] usb usb29: New USB device found, idVendor=1d6b, idProduct=0003, bcdDevice= 6.17
[    6.926060][    T1] usb usb29: New USB device strings: Mfr=3, Product=2, SerialNumber=1
[    6.926990][    T1] usb usb29: Product: USB/IP Virtual Host Controller
[    6.927736][    T1] usb usb29: Manufacturer: Linux 6.17.0-rc2-00311-gcf6fc5eefc5b-dirty vhci_hcd
[    6.928737][    T1] usb usb29: SerialNumber: vhci_hcd.13
[    6.931330][    T1] hub 29-0:1.0: USB hub found
[    6.932016][    T1] hub 29-0:1.0: 8 ports detected
[    6.939335][    T1] vhci_hcd vhci_hcd.14: USB/IP Virtual Host Controller
[    6.941188][    T1] vhci_hcd vhci_hcd.14: new USB bus registered, assigned bus number 30
[    6.942791][    T1] usb usb30: New USB device found, idVendor=1d6b, idProduct=0002, bcdDevice= 6.17
[    6.943831][    T1] usb usb30: New USB device strings: Mfr=3, Product=2, SerialNumber=1
[    6.944754][    T1] usb usb30: Product: USB/IP Virtual Host Controller
[    6.945509][    T1] usb usb30: Manufacturer: Linux 6.17.0-rc2-00311-gcf6fc5eefc5b-dirty vhci_hcd
[    6.946510][    T1] usb usb30: SerialNumber: vhci_hcd.14
[    6.949533][    T1] hub 30-0:1.0: USB hub found
[    6.950217][    T1] hub 30-0:1.0: 8 ports detected
[    6.956794][    T1] vhci_hcd vhci_hcd.14: USB/IP Virtual Host Controller
[    6.958300][    T1] vhci_hcd vhci_hcd.14: new USB bus registered, assigned bus number 31
[    6.959509][    T1] usb usb31: We don't know the algorithms for LPM for this host, disabling LPM.
[    6.961107][    T1] usb usb31: New USB device found, idVendor=1d6b, idProduct=0003, bcdDevice= 6.17
[    6.962163][    T1] usb usb31: New USB device strings: Mfr=3, Product=2, SerialNumber=1
[    6.963087][    T1] usb usb31: Product: USB/IP Virtual Host Controller
[    6.963836][    T1] usb usb31: Manufacturer: Linux 6.17.0-rc2-00311-gcf6fc5eefc5b-dirty vhci_hcd
[    6.964835][    T1] usb usb31: SerialNumber: vhci_hcd.14
[    6.967589][    T1] hub 31-0:1.0: USB hub found
[    6.968450][    T1] hub 31-0:1.0: 8 ports detected
[    6.976310][    T1] vhci_hcd vhci_hcd.15: USB/IP Virtual Host Controller
[    6.977697][    T1] vhci_hcd vhci_hcd.15: new USB bus registered, assigned bus number 32
[    6.979291][    T1] usb usb32: New USB device found, idVendor=1d6b, idProduct=0002, bcdDevice= 6.17
[    6.980332][    T1] usb usb32: New USB device strings: Mfr=3, Product=2, SerialNumber=1
[    6.981277][    T1] usb usb32: Product: USB/IP Virtual Host Controller
[    6.982059][    T1] usb usb32: Manufacturer: Linux 6.17.0-rc2-00311-gcf6fc5eefc5b-dirty vhci_hcd
[    6.983061][    T1] usb usb32: SerialNumber: vhci_hcd.15
[    6.985799][    T1] hub 32-0:1.0: USB hub found
[    6.986479][    T1] hub 32-0:1.0: 8 ports detected
[    6.993143][    T1] vhci_hcd vhci_hcd.15: USB/IP Virtual Host Controller
[    6.994533][    T1] vhci_hcd vhci_hcd.15: new USB bus registered, assigned bus number 33
[    6.995726][    T1] usb usb33: We don't know the algorithms for LPM for this host, disabling LPM.
[    6.997301][    T1] usb usb33: New USB device found, idVendor=1d6b, idProduct=0003, bcdDevice= 6.17
[    6.998351][    T1] usb usb33: New USB device strings: Mfr=3, Product=2, SerialNumber=1
[    6.999266][    T1] usb usb33: Product: USB/IP Virtual Host Controller
[    7.000019][    T1] usb usb33: Manufacturer: Linux 6.17.0-rc2-00311-gcf6fc5eefc5b-dirty vhci_hcd
[    7.001042][    T1] usb usb33: SerialNumber: vhci_hcd.15
[    7.003617][    T1] hub 33-0:1.0: USB hub found
[    7.004293][    T1] hub 33-0:1.0: 8 ports detected
[    7.012269][    T1] usbcore: registered new device driver usbip-host
[    7.020155][    T1] i8042: PNP: PS/2 Controller [PNP0303:KBD,PNP0f13:MOU] at 0x60,0x64 irq 1,12
[    7.024158][    T1] serio: i8042 KBD port at 0x60,0x64 irq 1
[    7.025636][    T1] serio: i8042 AUX port at 0x60,0x64 irq 12
[    7.028499][    T1] mousedev: PS/2 mouse device common for all mice
[    7.031392][  T781] input: AT Translated Set 2 keyboard as /devices/platform/i8042/serio0/input/input1
[    7.031663][    T1] usbcore: registered new interface driver appletouch
[    7.034534][    T1] usbcore: registered new interface driver bcm5974
[    7.037100][    T1] usbcore: registered new interface driver synaptics_usb
[    7.039061][    T1] usbcore: registered new interface driver iforce
[    7.040956][    T1] usbcore: registered new interface driver pxrc
[    7.043493][    T1] usbcore: registered new interface driver xpad
[    7.045918][    T1] usbcore: registered new interface driver usb_acecad
[    7.048504][    T1] usbcore: registered new interface driver aiptek
[    7.055552][    T1] usbcore: registered new interface driver hanwang
[    7.057431][    T1] usbcore: registered new interface driver kbtab
[    7.059198][    T1] usbcore: registered new interface driver pegasus_notetaker
[    7.061342][    T1] usbcore: registered new interface driver usbtouchscreen
[    7.063171][    T1] usbcore: registered new interface driver sur40
[    7.064764][    T1] usbcore: registered new interface driver ati_remote2
[    7.066112][    T1] cm109: Keymap for Komunikate KIP1000 phone loaded
[    7.067067][    T1] usbcore: registered new interface driver cm109
[    7.067770][    T1] cm109: CM109 phone driver: 20080805 (C) Alfred E. Heggestad
[    7.068827][    T1] usbcore: registered new interface driver ims_pcu
[    7.069796][    T1] usbcore: registered new interface driver keyspan_remote
[    7.070802][    T1] usbcore: registered new interface driver powermate
[    7.072602][    T1] usbcore: registered new interface driver yealink
[    7.074549][    T1] rtc_cmos 00:05: RTC can wake from S4
[    7.078072][    T1] rtc_cmos 00:05: registered as rtc0
[    7.078725][    T1] rtc_cmos 00:05: alarms up to one day, y3k, 242 bytes nvram, hpet irqs
[    7.080118][    T1] i2c_dev: i2c /dev entries driver
[    7.081360][    T1] usbcore: registered new interface driver i2c-diolan-u2c
[    7.083029][    T1] usbcore: registered new interface driver i2c-cp2615
[    7.084147][    T1] usbcore: registered new interface driver RobotFuzz Open Source InterFace, OSIF
[    7.085538][    T1] usbcore: registered new interface driver i2c-tiny-usb
[    7.087649][    T1] usbcore: registered new interface driver igorplugusb
[    7.088631][    T1] usbcore: registered new interface driver iguanair
[    7.089613][    T1] usbcore: registered new interface driver imon
[    7.090526][    T1] usbcore: registered new interface driver imon_raw
[    7.091683][    T1] usbcore: registered new interface driver mceusb
[    7.093129][    T1] usbcore: registered new interface driver redrat3
[    7.094762][    T1] usbcore: registered new interface driver streamzap
[    7.095904][    T1] usbcore: registered new interface driver ir_toy
[    7.096973][    T1] usbcore: registered new interface driver ttusbir
[    7.098300][    T1] usbcore: registered new interface driver ati_remote
[    7.099423][    T1] usbcore: registered new interface driver xbox_remote
[    7.100874][    T1] b2c2-flexcop: B2C2 FlexcopII/II(b)/III digital TV receiver chip loaded successfully
[    7.102311][    T1] usbcore: registered new interface driver b2c2_flexcop_usb
[    7.103353][    T1] usbcore: registered new interface driver dvb_usb_vp7045
[    7.104437][    T1] usbcore: registered new interface driver dvb_usb_vp702x
[    7.105465][    T1] usbcore: registered new interface driver dvb_usb_gp8psk
[    7.106497][    T1] usbcore: registered new interface driver dvb_usb_dtt200u
[    7.107543][    T1] usbcore: registered new interface driver dvb_usb_a800
[    7.108559][    T1] usbcore: registered new interface driver dvb_usb_dibusb_mb
[    7.109646][    T1] usbcore: registered new interface driver dvb_usb_dibusb_mc
[    7.110692][    T1] usbcore: registered new interface driver dvb_usb_nova_t_usb2
[    7.114520][    T1] usbcore: registered new interface driver dvb_usb_umt_010
[    7.115563][    T1] usbcore: registered new interface driver dvb_usb_m920x
[    7.116567][    T1] usbcore: registered new interface driver dvb_usb_digitv
[    7.117609][    T1] usbcore: registered new interface driver dvb_usb_cxusb
[    7.118623][    T1] usbcore: registered new interface driver dvb_usb_ttusb2
[    7.119723][    T1] usbcore: registered new interface driver dvb_usb_dib0700
[    7.120748][    T1] usbcore: registered new interface driver opera1
[    7.121844][    T1] usbcore: registered new interface driver dvb_usb_af9005
[    7.122645][    T1] failing symbol_get of non-GPLONLY symbol af9005_rc_decode.
[    7.123836][    T1] failing symbol_get of non-GPLONLY symbol af9005_rc_decode.
[    7.124670][    T1] failing symbol_get of non-GPLONLY symbol rc_map_af9005_table.
[    7.125832][    T1] failing symbol_get of non-GPLONLY symbol rc_map_af9005_table.
[    7.126703][    T1] failing symbol_get of non-GPLONLY symbol rc_map_af9005_table_size.
[    7.127945][    T1] failing symbol_get of non-GPLONLY symbol rc_map_af9005_table_size.
[    7.128849][    T1] af9005: af9005_rc_decode function not found, disabling remote
[    7.129931][    T1] usbcore: registered new interface driver pctv452e
[    7.132653][    T1] usbcore: registered new interface driver dw2102
[    7.133609][    T1] usbcore: registered new interface driver dvb_usb_dtv5100
[    7.134634][    T1] usbcore: registered new interface driver cinergyT2
[    7.135608][    T1] usbcore: registered new interface driver dvb_usb_az6027
[    7.136637][    T1] usbcore: registered new interface driver dvb_usb_technisat_usb2
[    7.137791][    T1] usbcore: registered new interface driver dvb_usb_af9015
[    7.138831][    T1] usbcore: registered new interface driver dvb_usb_af9035
[    7.139837][    T1] usbcore: registered new interface driver dvb_usb_anysee
[    7.140962][    T1] usbcore: registered new interface driver dvb_usb_au6610
[    7.141977][    T1] usbcore: registered new interface driver dvb_usb_az6007
[    7.142993][    T1] usbcore: registered new interface driver dvb_usb_ce6230
[    7.143993][    T1] usbcore: registered new interface driver dvb_usb_ec168
[    7.144984][    T1] usbcore: registered new interface driver dvb_usb_lmedm04
[    7.146000][    T1] usbcore: registered new interface driver dvb_usb_gl861
[    7.147025][    T1] usbcore: registered new interface driver dvb_usb_mxl111sf
[    7.148077][    T1] usbcore: registered new interface driver dvb_usb_rtl28xxu
[    7.149108][    T1] usbcore: registered new interface driver dvb_usb_dvbsky
[    7.150113][    T1] usbcore: registered new interface driver zd1301
[    7.151074][    T1] usbcore: registered new interface driver s2255
[    7.152039][    T1] usbcore: registered new interface driver smsusb
[    7.152988][    T1] usbcore: registered new interface driver ttusb
[    7.153923][    T1] usbcore: registered new interface driver ttusb-dec
[    7.154894][    T1] usbcore: registered new interface driver Abilis Systems as10x usb driver
[    7.156076][    T1] usbcore: registered new interface driver airspy
[    7.156795][    T1] gspca_main: v2.14.0 registered
[    7.157572][    T1] usbcore: registered new interface driver benq
[    7.158488][    T1] usbcore: registered new interface driver conex
[    7.159414][    T1] usbcore: registered new interface driver cpia1
[    7.160354][    T1] usbcore: registered new interface driver dtcs033
[    7.161325][    T1] usbcore: registered new interface driver etoms
[    7.162291][    T1] usbcore: registered new interface driver finepix
[    7.163239][    T1] usbcore: registered new interface driver jeilinj
[    7.164191][    T1] usbcore: registered new interface driver jl2005bcd
[    7.165162][    T1] usbcore: registered new interface driver kinect
[    7.166103][    T1] usbcore: registered new interface driver konica
[    7.167040][    T1] usbcore: registered new interface driver mars
[    7.167964][    T1] usbcore: registered new interface driver mr97310a
[    7.168937][    T1] usbcore: registered new interface driver nw80x
[    7.169901][    T1] usbcore: registered new interface driver ov519
[    7.170849][    T1] usbcore: registered new interface driver ov534
[    7.171787][    T1] usbcore: registered new interface driver ov534_9
[    7.173172][    T1] usbcore: registered new interface driver pac207
[    7.174133][    T1] usbcore: registered new interface driver gspca_pac7302
[    7.175142][    T1] usbcore: registered new interface driver pac7311
[    7.176106][    T1] usbcore: registered new interface driver se401
[    7.177043][    T1] usbcore: registered new interface driver sn9c2028
[    7.178042][    T1] usbcore: registered new interface driver gspca_sn9c20x
[    7.179071][    T1] usbcore: registered new interface driver sonixb
[    7.180045][    T1] usbcore: registered new interface driver sonixj
[    7.181024][    T1] usbcore: registered new interface driver spca500
[    7.181989][    T1] usbcore: registered new interface driver spca501
[    7.182935][    T1] usbcore: registered new interface driver spca505
[    7.183885][    T1] usbcore: registered new interface driver spca506
[    7.184849][    T1] usbcore: registered new interface driver spca508
[    7.185826][    T1] usbcore: registered new interface driver spca561
[    7.186780][    T1] usbcore: registered new interface driver spca1528
[    7.187740][    T1] usbcore: registered new interface driver sq905
[    7.188742][    T1] usbcore: registered new interface driver sq905c
[    7.189691][    T1] usbcore: registered new interface driver sq930x
[    7.190687][    T1] usbcore: registered new interface driver sunplus
[    7.191705][    T1] usbcore: registered new interface driver stk014
[    7.192652][    T1] usbcore: registered new interface driver stk1135
[    7.193619][    T1] usbcore: registered new interface driver stv0680
[    7.194573][    T1] usbcore: registered new interface driver t613
[    7.195495][    T1] usbcore: registered new interface driver gspca_topro
[    7.196512][    T1] usbcore: registered new interface driver touptek
[    7.197476][    T1] usbcore: registered new interface driver tv8532
[    7.198427][    T1] usbcore: registered new interface driver vc032x
[    7.199364][    T1] usbcore: registered new interface driver vicam
[    7.200303][    T1] usbcore: registered new interface driver xirlink-cit
[    7.201364][    T1] usbcore: registered new interface driver gspca_zc3xx
[    7.202363][    T1] usbcore: registered new interface driver ALi m5602
[    7.203336][    T1] usbcore: registered new interface driver STV06xx
[    7.204356][    T1] usbcore: registered new interface driver gspca_gl860
[    7.205344][    T1] usbcore: registered new interface driver hackrf
[    7.206290][    T1] usbcore: registered new interface driver msi2500
[    7.207277][    T1] usbcore: registered new interface driver Philips webcam
[    7.208448][    T1] usbcore: registered new interface driver uvcvideo
[    7.209191][    T1] au0828: au0828 driver loaded
[    7.210000][    T1] usbcore: registered new interface driver au0828
[    7.211005][    T1] usbcore: registered new interface driver cx231xx
[    7.212092][    T1] usbcore: registered new interface driver em28xx
[    7.212834][    T1] em28xx: Registered (Em28xx v4l2 Extension) extension
[    7.213610][    T1] em28xx: Registered (Em28xx Audio Extension) extension
[    7.214381][    T1] em28xx: Registered (Em28xx dvb Extension) extension
[    7.215132][    T1] em28xx: Registered (Em28xx Input Extension) extension
[    7.216146][    T1] usbcore: registered new interface driver go7007
[    7.217088][    T1] usbcore: registered new interface driver go7007-loader
[    7.218200][    T1] usbcore: registered new interface driver hdpvr
[    7.219534][    T1] usbcore: registered new interface driver pvrusb2
[    7.220302][    T1] pvrusb2: V4L in-tree version:Hauppauge WinTV-PVR-USB2 MPEG2 Encoder/Tuner
[    7.221758][    T1] pvrusb2: Debug mask is 31 (0x1f)
[    7.222574][    T1] usbcore: registered new interface driver stk1160
[    7.223524][    T1] usbcore: registered new interface driver usbtv
[    7.226164][    T1] dvbdev: DVB: registering new adapter (dvb_vidtv_bridge)
[    7.228773][    T1] i2c i2c-0: DVB: registering adapter 0 frontend 0 (Dummy demod for DVB-T/T2/C/S/S2)...
[    7.230073][    T1] dvbdev: dvb_create_media_entity: media entity 'Dummy demod for DVB-T/T2/C/S/S2' registered.
[    7.240357][    T1] dvbdev: dvb_create_media_entity: media entity 'dvb-demux' registered.
[    7.245860][    T1] vidtv vidtv.0: Successfully initialized vidtv!
[    7.247920][    T1] vicodec vicodec.0: Device 'stateful-encoder' registered as /dev/video0
[    7.249695][    T1] vicodec vicodec.0: Device 'stateful-decoder' registered as /dev/video1
[    7.251531][    T1] vicodec vicodec.0: Device 'stateless-decoder' registered as /dev/video2
[    7.254430][    T1] vim2m vim2m.0: Device registered as /dev/video3
[    7.267091][    T1] vivid-000: using single planar format API
[    7.276213][    T1] vivid-000: CEC adapter cec0 registered for HDMI input
[    7.277620][    T1] vivid-000: V4L2 capture device registered as video7
[    7.278805][    T1] vivid-000: CEC adapter cec1 registered for HDMI output 0
[    7.280036][    T1] vivid-000: V4L2 output device registered as video8
[    7.282290][    T1] vivid-000: V4L2 capture device registered as vbi0, supports raw and sliced VBI
[    7.283742][    T1] vivid-000: V4L2 output device registered as vbi1, supports raw and sliced VBI
[    7.285178][    T1] vivid-000: V4L2 capture device registered as swradio0
[    7.286390][    T1] vivid-000: V4L2 receiver device registered as radio0
[    7.287578][    T1] vivid-000: V4L2 transmitter device registered as radio1
[    7.288790][    T1] vivid-000: V4L2 metadata capture device registered as video9
[    7.290138][    T1] vivid-000: V4L2 metadata output device registered as video10
[    7.292983][    T1] vivid-000: V4L2 touch capture device registered as v4l-touch0
[    7.294596][ T2022] kworker/u8:6 (2022) used greatest stack depth: 27640 bytes left
[    7.296145][    T1] usbcore: registered new interface driver radioshark2
[    7.297141][    T1] usbcore: registered new interface driver radioshark
[    7.298134][    T1] usbcore: registered new interface driver radio-si470x
[    7.299234][    T1] usbcore: registered new interface driver radio-usb-si4713
[    7.300272][    T1] usbcore: registered new interface driver dsbr100
[    7.302343][    T1] usbcore: registered new interface driver radio-keene
[    7.303332][    T1] usbcore: registered new interface driver radio-ma901
[    7.304311][    T1] usbcore: registered new interface driver radio-mr800
[    7.305294][    T1] usbcore: registered new interface driver radio-raremono
[    7.307131][    T1] usbcore: registered new interface driver powerz
[    7.308073][    T1] usbcore: registered new interface driver pcwd_usb
[    7.310051][    T1] device-mapper: core: CONFIG_IMA_DISABLE_HTABLE is disabled. Duplicate IMA measurements will not be recorded in the IMA log.
[    7.312437][    T1] device-mapper: uevent: version 1.0.3
[    7.313653][    T1] device-mapper: ioctl: 4.50.0-ioctl (2025-04-28) initialised: dm-devel@lists.linux.dev
[    7.315472][    T1] device-mapper: multipath round-robin: version 1.2.0 loaded
[    7.316311][    T1] device-mapper: multipath queue-length: version 0.2.0 loaded
[    7.317141][    T1] device-mapper: multipath service-time: version 0.3.0 loaded
[    7.318527][    T1] Bluetooth: HCI UART driver ver 2.3
[    7.319122][    T1] Bluetooth: HCI UART protocol H4 registered
[    7.319785][    T1] Bluetooth: HCI UART protocol BCSP registered
[    7.320565][    T1] Bluetooth: HCI UART protocol LL registered
[    7.321959][    T1] Bluetooth: HCI UART protocol Three-wire (H5) registered
[    7.322843][    T1] Bluetooth: HCI UART protocol QCA registered
[    7.323521][    T1] Bluetooth: HCI UART protocol AG6XX registered
[    7.324304][    T1] Bluetooth: HCI UART protocol Marvell registered
[    7.325284][    T1] usbcore: registered new interface driver bcm203x
[    7.326256][    T1] usbcore: registered new interface driver bpa10x
[    7.327200][    T1] usbcore: registered new interface driver bfusb
[    7.328166][    T1] usbcore: registered new interface driver btusb
[    7.329165][    T1] usbcore: registered new interface driver ath3k
[    7.330257][    T1] Modular ISDN core version 1.1.29
[    7.331821][    T1] NET: Registered PF_ISDN protocol family
[    7.332467][    T1] DSP module 2.0
[    7.332870][    T1] mISDN_dsp: DSP clocks every 80 samples. This equals 1 jiffies.
[    7.344457][    T1] mISDN: Layer-1-over-IP driver Rev. 2.00
[    7.345637][    T1] 0 virtual devices registered
[    7.346416][    T1] usbcore: registered new interface driver HFC-S_USB
[    7.347167][    T1] amd_pstate: the _CPC object is not present in SBIOS or ACPI disabled
[    7.348083][    T1] VUB300 Driver rom wait states = 1C irqpoll timeout = 0400
[    7.348982][    T1] usbcore: registered new interface driver vub300
[    7.351711][    T1] usbcore: registered new interface driver ushc
[    7.355679][    T1] iscsi: registered transport (iser)
[    7.356921][    T1] SoftiWARP attached
[    7.364849][    T1] hid: raw HID events driver (C) Jiri Kosina
[    7.395670][    T1] usbcore: registered new interface driver usbhid
[    7.396406][    T1] usbhid: USB HID core driver
[    7.405303][    T1] usbcore: registered new interface driver es2_ap_driver
[    7.406135][    T1] comedi: version 0.7.76 - http://www.comedi.org
[    7.408901][    T1] comedi comedi0: comedi_test: 1000000 microvolt, 100000 microsecond waveform attached
[    7.413835][    T1] comedi comedi0: driver 'comedi_test' has successfully auto-configured 'comedi_test'.
[    7.416535][    T1] usbcore: registered new interface driver dt9812
[    7.417585][    T1] usbcore: registered new interface driver ni6501
[    7.418634][    T1] usbcore: registered new interface driver usbdux
[    7.419674][    T1] usbcore: registered new interface driver usbduxfast
[    7.420763][    T1] usbcore: registered new interface driver usbduxsigma
[    7.421902][    T1] usbcore: registered new interface driver vmk80xx
[    7.422946][    T1] greybus: registered new driver hid
[    7.424083][    T1] greybus: registered new driver gbphy
[    7.424997][    T1] gb_gbphy: registered new driver usb
[    7.425834][    T1] asus_wmi: ASUS WMI generic driver loaded
[    7.429236][    T1] gnss: GNSS driver registered with major 493
[    7.430145][    T1] usbcore: registered new interface driver gnss-usb
[    7.432054][    T1] usbcore: registered new interface driver hdm_usb
[    7.469488][  T781] input: ImExPS/2 Generic Explorer Mouse as /devices/platform/i8042/serio1/input/input3
[    7.480596][    T1] usbcore: registered new interface driver snd-usb-audio
[    7.483065][    T1] usbcore: registered new interface driver snd-ua101
[    7.484050][    T1] usbcore: registered new interface driver snd-usb-usx2y
[    7.485254][    T1] usbcore: registered new interface driver snd-usb-us122l
[    7.486310][    T1] usbcore: registered new interface driver snd-usb-caiaq
[    7.487338][    T1] usbcore: registered new interface driver snd-usb-6fire
[    7.488374][    T1] usbcore: registered new interface driver snd-usb-hiface
