bash: warning: setlocale: LC_ALL: cannot change locale (en_US.UTF-8)
c[?7l[2J[0mSeaBIOS (version 1.16.2-debian-1.16.2-1)
Booting from ROM...
c[?7l[2Jearly console in extract_kernel
input_data: 0x000000001508a2a3
input_len: 0x000000000635d42c
output: 0x0000000001000000
output_len: 0x0000000012fa3cd8
kernel_total_size: 0x000000001a428000
needed_size: 0x000000001a600000
trampoline_32bit: 0x0000000000000000

Decompressing Linux... Parsing ELF... done.
Booting the kernel (entry_offset: 0x000000000a9792a4).
[    0.000000][    T0] Linux version 6.17.0-rc2-00313-gc4299ef49f45-dirty (root@buildkitsandbox) (gcc (Debian 12.2.0-14+deb12u1) 12.2.0, GNU ld (GNU Binutils for Debian) 2.40) #2 SMP PREEMPT_DYNAMIC Mon May 25 18:12:49 UTC 2026
[    0.000000][    T0] Command line: console=ttyS0 oops=panic panic=86400 nokaslr earlyprintk=serial rdinit=/init
[    0.000000][    T0] KERNEL supported cpus:
[    0.000000][    T0]   Intel GenuineIntel
[    0.000000][    T0]   AMD AuthenticAMD
[    0.000000][    T0] x86 CPU feature dependency check failure: CPU0 has '18*32+31' enabled but '18*32+26' disabled. Kernel might be fine, but no guarantees.
[    0.000000][    T0] BIOS-provided physical RAM map:
[    0.000000][    T0] BIOS-e820: [mem 0x0000000000000000-0x000000000009fbff] usable
[    0.000000][    T0] BIOS-e820: [mem 0x000000000009fc00-0x000000000009ffff] reserved
[    0.000000][    T0] BIOS-e820: [mem 0x00000000000f0000-0x00000000000fffff] reserved
[    0.000000][    T0] BIOS-e820: [mem 0x0000000000100000-0x000000007ffdffff] usable
[    0.000000][    T0] BIOS-e820: [mem 0x000000007ffe0000-0x000000007fffffff] reserved
[    0.000000][    T0] BIOS-e820: [mem 0x00000000feffc000-0x00000000feffffff] reserved
[    0.000000][    T0] BIOS-e820: [mem 0x00000000fffc0000-0x00000000ffffffff] reserved
[    0.000000][    T0] BIOS-e820: [mem 0x000000fd00000000-0x000000ffffffffff] reserved
[    0.000000][    T0] printk: legacy bootconsole [earlyser0] enabled
[    0.000000][    T0] NX (Execute Disable) protection: active
[    0.000000][    T0] APIC: Static calls initialized
[    0.000000][    T0] SMBIOS 2.8 present.
[    0.000000][    T0] DMI: QEMU Standard PC (i440FX + PIIX, 1996), BIOS 1.16.2-debian-1.16.2-1 04/01/2014
[    0.000000][    T0] DMI: Memory slots populated: 1/1
[    0.000000][    T0] Hypervisor detected: KVM
[    0.000000][    T0] kvm-clock: Using msrs 4b564d01 and 4b564d00
[    0.000003][    T0] kvm-clock: using sched offset of 1227190406 cycles
[    0.000700][    T0] clocksource: kvm-clock: mask: 0xffffffffffffffff max_cycles: 0x1cd42e4dffb, max_idle_ns: 881590591483 ns
[    0.002759][    T0] tsc: Detected 3493.436 MHz processor
[    0.009886][    T0] last_pfn = 0x7ffe0 max_arch_pfn = 0x400000000
[    0.010630][    T0] MTRR map: 4 entries (3 fixed + 1 variable; max 19), built from 8 variable MTRRs
[    0.011673][    T0] x86/PAT: Configuration [0-7]: WB  WC  UC- UC  WB  WP  UC- WT  
[    0.015784][    T0] found SMP MP-table at [mem 0x000f5ba0-0x000f5baf]
[    0.016553][    T0] Using GB pages for direct mapping
[    0.019211][    T0] RAMDISK: [mem 0x7fe77000-0x7ffdffff]
[    0.020047][    T0] ACPI: Early table checksum verification disabled
[    0.021024][    T0] ACPI: RSDP 0x00000000000F59D0 000014 (v00 BOCHS )
[    0.022039][    T0] ACPI: RSDT 0x000000007FFE1B33 000034 (v01 BOCHS  BXPC     00000001 BXPC 00000001)
[    0.023362][    T0] ACPI: FACP 0x000000007FFE19DF 000074 (v01 BOCHS  BXPC     00000001 BXPC 00000001)
[    0.024525][    T0] ACPI: DSDT 0x000000007FFE0040 00199F (v01 BOCHS  BXPC     00000001 BXPC 00000001)
[    0.025608][    T0] ACPI: FACS 0x000000007FFE0000 000040
[    0.026240][    T0] ACPI: APIC 0x000000007FFE1A53 000080 (v01 BOCHS  BXPC     00000001 BXPC 00000001)
[    0.027324][    T0] ACPI: HPET 0x000000007FFE1AD3 000038 (v01 BOCHS  BXPC     00000001 BXPC 00000001)
[    0.028403][    T0] ACPI: WAET 0x000000007FFE1B0B 000028 (v01 BOCHS  BXPC     00000001 BXPC 00000001)
[    0.029520][    T0] ACPI: Reserving FACP table memory at [mem 0x7ffe19df-0x7ffe1a52]
[    0.030418][    T0] ACPI: Reserving DSDT table memory at [mem 0x7ffe0040-0x7ffe19de]
[    0.031314][    T0] ACPI: Reserving FACS table memory at [mem 0x7ffe0000-0x7ffe003f]
[    0.032211][    T0] ACPI: Reserving APIC table memory at [mem 0x7ffe1a53-0x7ffe1ad2]
[    0.033108][    T0] ACPI: Reserving HPET table memory at [mem 0x7ffe1ad3-0x7ffe1b0a]
[    0.033999][    T0] ACPI: Reserving WAET table memory at [mem 0x7ffe1b0b-0x7ffe1b32]
[    0.035722][    T0] No NUMA configuration found
[    0.036249][    T0] Faking a node at [mem 0x0000000000000000-0x000000007ffdffff]
[    0.037120][    T0] NODE_DATA(0) allocated [mem 0x7fe71080-0x7fe76c7f]
[    0.041496][    T0] Zone ranges:
[    0.041918][    T0]   DMA      [mem 0x0000000000001000-0x0000000000ffffff]
[    0.042719][    T0]   DMA32    [mem 0x0000000001000000-0x000000007ffdffff]
[    0.043534][    T0]   Normal   empty
[    0.043961][    T0]   Device   empty
[    0.044382][    T0] Movable zone start for each node
[    0.044974][    T0] Early memory node ranges
[    0.045469][    T0]   node   0: [mem 0x0000000000001000-0x000000000009efff]
[    0.046281][    T0]   node   0: [mem 0x0000000000100000-0x000000007ffdffff]
[    0.047087][    T0] Initmem setup node 0 [mem 0x0000000000001000-0x000000007ffdffff]
[    0.048027][    T0] On node 0, zone DMA: 1 pages in unavailable ranges
[    0.048975][    T0] On node 0, zone DMA: 97 pages in unavailable ranges
[    0.073107][    T0] On node 0, zone DMA32: 32 pages in unavailable ranges
[    0.113214][    T0] kasan: KernelAddressSanitizer initialized
[    0.114201][    T0] ACPI: PM-Timer IO Port: 0x608
[    0.114767][    T0] ACPI: LAPIC_NMI (acpi_id[0xff] dfl dfl lint[0x1])
[    0.115558][    T0] IOAPIC[0]: apic_id 0, version 17, address 0xfec00000, GSI 0-23
[    0.116447][    T0] ACPI: INT_SRC_OVR (bus 0 bus_irq 0 global_irq 2 dfl dfl)
[    0.117271][    T0] ACPI: INT_SRC_OVR (bus 0 bus_irq 5 global_irq 5 high level)
[    0.118120][    T0] ACPI: INT_SRC_OVR (bus 0 bus_irq 9 global_irq 9 high level)
[    0.118967][    T0] ACPI: INT_SRC_OVR (bus 0 bus_irq 10 global_irq 10 high level)
[    0.119840][    T0] ACPI: INT_SRC_OVR (bus 0 bus_irq 11 global_irq 11 high level)
[    0.120727][    T0] ACPI: Using ACPI (MADT) for SMP configuration information
[    0.121608][    T0] ACPI: HPET id: 0x8086a201 base: 0xfed00000
[    0.122330][    T0] TSC deadline timer available
[    0.122971][    T0] CPU topo: Max. logical packages:   1
[    0.123697][    T0] CPU topo: Max. logical dies:       1
[    0.124381][    T0] CPU topo: Max. dies per package:   1
[    0.125008][    T0] CPU topo: Max. threads per core:   1
[    0.125616][    T0] CPU topo: Num. cores per package:     2
[    0.126263][    T0] CPU topo: Num. threads per package:   2
[    0.126903][    T0] CPU topo: Allowing 2 present CPUs plus 0 hotplug CPUs
[    0.127726][    T0] kvm-guest: APIC: eoi() replaced with kvm_guest_apic_eoi_write()
[    0.128655][    T0] kvm-guest: KVM setup pv remote TLB flush
[    0.129315][    T0] kvm-guest: setup PV sched yield
[    0.129915][    T0] PM: hibernation: Registered nosave memory: [mem 0x00000000-0x00000fff]
[    0.130874][    T0] PM: hibernation: Registered nosave memory: [mem 0x0009f000-0x000fffff]
[    0.131831][    T0] [mem 0x80000000-0xfeffbfff] available for PCI devices
[    0.132619][    T0] Booting paravirtualized kernel on KVM
[    0.133252][    T0] clocksource: refined-jiffies: mask: 0xffffffff max_cycles: 0xffffffff, max_idle_ns: 19112604462750000 ns
[    0.184808][    T0] setup_percpu: NR_CPUS:8 nr_cpumask_bits:2 nr_cpu_ids:2 nr_node_ids:1
[    0.186118][    T0] percpu: Embedded 70 pages/cpu s247368 r8192 d31160 u1048576
[    0.187134][    T0] kvm-guest: PV spinlocks enabled
[    0.187731][    T0] PV qspinlock hash table entries: 256 (order: 0, 4096 bytes, linear)
[    0.188716][    T0] Kernel command line: console=ttyS0 oops=panic panic=86400 nokaslr earlyprintk=serial rdinit=/init
[    0.190702][    T0] random: crng init done
[    0.191217][    T0] printk: log buffer data + meta data: 262144 + 917504 = 1179648 bytes
[    0.192529][    T0] Dentry cache hash table entries: 262144 (order: 9, 2097152 bytes, linear)
[    0.193944][    T0] Inode-cache hash table entries: 131072 (order: 8, 1048576 bytes, linear)
[    0.195156][    T0] Fallback order for Node 0: 0 
[    0.195168][    T0] Built 1 zonelists, mobility grouping on.  Total pages: 524158
[    0.196630][    T0] Policy zone: DMA32
[    0.197366][    T0] mem auto-init: stack:all(zero), heap alloc:on, heap free:off
[    0.198253][    T0] stackdepot: allocating hash table via alloc_large_system_hash
[    0.199155][    T0] stackdepot hash table entries: 1048576 (order: 12, 16777216 bytes, linear)
[    0.202009][    T0] stackdepot: allocating space for 8192 stack pools via memblock
[    0.281422][    T0] SLUB: HWalign=64, Order=0-3, MinObjects=0, CPUs=2, Nodes=1
[    0.285868][    T0] allocated 4194304 bytes of page_ext
[    0.287082][    T0] Dynamic Preempt: full
[    0.288181][    T0] Running RCU self tests
[    0.288689][    T0] Running RCU synchronous self tests
[    0.289313][    T0] rcu: Preemptible hierarchical RCU implementation.
[    0.290079][    T0] rcu: 	RCU lockdep checking is enabled.
[    0.290742][    T0] rcu: 	RCU restricting CPUs from NR_CPUS=8 to nr_cpu_ids=2.
[    0.291612][    T0] rcu: 	RCU callback double-/use-after-free debug is enabled.
[    0.292482][    T0] rcu: 	RCU debug extended QS entry/exit.
[    0.293155][    T0] 	Trampoline variant of Tasks RCU enabled.
[    0.293882][    T0] 	Tracing variant of Tasks RCU enabled.
[    0.294539][    T0] rcu: RCU calculated value of scheduler-enlistment delay is 10 jiffies.
[    0.295516][    T0] rcu: Adjusting geometry for rcu_fanout_leaf=16, nr_cpu_ids=2
[    0.296472][    T0] Running RCU synchronous self tests
[    0.297105][    T0] RCU Tasks: Setting shift to 1 and lim to 1 rcu_task_cb_adjust=1 rcu_task_cpu_ids=2.
[    0.298229][    T0] RCU Tasks Trace: Setting shift to 1 and lim to 1 rcu_task_cb_adjust=1 rcu_task_cpu_ids=2.
[    0.425492][    T0] NR_IRQS: 4352, nr_irqs: 440, preallocated irqs: 16
[    0.426932][    T0] rcu: srcu_init: Setting srcu_struct sizes based on contention.
[    0.428154][    T0] kfence: initialized - using 2097152 bytes for 255 objects at 0x(____ptrval____)-0x(____ptrval____)
[    0.437432][    T0] Console: colour VGA+ 80x25
[    0.438055][    T0] printk: legacy console [ttyS0] enabled
[    0.438055][    T0] printk: legacy console [ttyS0] enabled
[    0.439367][    T0] printk: legacy bootconsole [earlyser0] disabled
[    0.439367][    T0] printk: legacy bootconsole [earlyser0] disabled
[    0.440908][    T0] Lock dependency validator: Copyright (c) 2006 Red Hat, Inc., Ingo Molnar
[    0.441920][    T0] ... MAX_LOCKDEP_SUBCLASSES:  8
[    0.442499][    T0] ... MAX_LOCK_DEPTH:          48
[    0.443088][    T0] ... MAX_LOCKDEP_KEYS:        8192
[    0.443702][    T0] ... CLASSHASH_SIZE:          4096
[    0.444315][    T0] ... MAX_LOCKDEP_ENTRIES:     1048576
[    0.444962][    T0] ... MAX_LOCKDEP_CHAINS:      1048576
[    0.445606][    T0] ... CHAINHASH_SIZE:          524288
[    0.446234][    T0]  memory used by lock dependency info: 106625 kB
[    0.446981][    T0]  memory used for stack traces: 8320 kB
[    0.447638][    T0]  per task-struct memory footprint: 1920 bytes
[    0.448439][    T0] ACPI: Core revision 20250404
[    0.449467][    T0] clocksource: hpet: mask: 0xffffffff max_cycles: 0xffffffff, max_idle_ns: 19112604467 ns
[    0.450865][    T0] APIC: Switch to symmetric I/O mode setup
[    0.451726][    T0] x2apic enabled
[    0.452591][    T0] APIC: Switched APIC routing to: physical x2apic
[    0.453356][    T0] kvm-guest: APIC: send_IPI_mask() replaced with kvm_send_ipi_mask()
[    0.454322][    T0] kvm-guest: APIC: send_IPI_mask_allbutself() replaced with kvm_send_ipi_mask_allbutself()
[    0.455509][    T0] kvm-guest: setup PV IPIs
[    0.457469][    T0] ..TIMER: vector=0x30 apic1=0 pin1=2 apic2=-1 pin2=-1
[    0.458291][    T0] clocksource: tsc-early: mask: 0xffffffffffffffff max_cycles: 0x325b186289d, max_idle_ns: 440795326624 ns
[    0.459610][    T0] Calibrating delay loop (skipped) preset value.. 6986.87 BogoMIPS (lpj=34934360)
[    0.469640][    T0] x86/cpu: User Mode Instruction Prevention (UMIP) activated
[    0.470621][    T0] Last level iTLB entries: 4KB 512, 2MB 255, 4MB 127
[    0.471387][    T0] Last level dTLB entries: 4KB 512, 2MB 255, 4MB 127, 1GB 0
[    0.472243][    T0] mitigations: Enabled attack vectors: user_kernel, user_user, guest_host, guest_guest, SMT mitigations: auto
[    0.473616][    T0] Speculative Store Bypass: Mitigation: Speculative Store Bypass disabled via prctl
[    0.474688][    T0] Spectre V2 : Mitigation: Retpolines
[    0.475304][    T0] RETBleed: Mitigation: untrained return thunk
[    0.476008][    T0] Speculative Return Stack Overflow: Mitigation: SMT disabled
[    0.476862][    T0] Spectre V1 : Mitigation: usercopy/swapgs barriers and __user pointer sanitization
[    0.477931][    T0] Spectre V2 : Spectre v2 / SpectreRSB: Filling RSB on context switch and VMEXIT
[    0.478963][    T0] Spectre V2 : Enabling Speculation Barrier for firmware calls
[    0.479608][    T0] active return thunk: retbleed_return_thunk
[    0.480492][    T0] Spectre V2 : mitigation: Enabling conditional Indirect Branch Prediction Barrier
[    0.481900][    T0] x86/fpu: Supporting XSAVE feature 0x001: 'x87 floating point registers'
[    0.483084][    T0] x86/fpu: Supporting XSAVE feature 0x002: 'SSE registers'
[    0.484060][    T0] x86/fpu: Supporting XSAVE feature 0x004: 'AVX registers'
[    0.484935][    T0] x86/fpu: xstate_offset[2]:  576, xstate_sizes[2]:  256
[    0.485741][    T0] x86/fpu: Enabled xstate features 0x7, context size is 832 bytes, using 'compacted' format.
[    0.655987][    T0] Freeing SMP alternatives memory: 132K
[    0.656884][    T0] pid_max: default: 32768 minimum: 301
[    0.658049][    T0] LSM: initializing lsm=lockdown,capability,landlock,yama,safesetid,tomoyo,selinux,bpf,ima,evm
[    0.659872][    T0] landlock: Up and running.
[    0.660386][    T0] Yama: becoming mindful.
[    0.661087][    T0] TOMOYO Linux initialized
[    0.661630][    T0] SELinux:  Initializing.
[    0.664345][    T0] LSM support for eBPF active
[    0.665275][    T0] Mount-cache hash table entries: 4096 (order: 3, 32768 bytes, linear)
[    0.666255][    T0] Mountpoint-cache hash table entries: 4096 (order: 3, 32768 bytes, linear)
[    0.669901][    T0] Running RCU synchronous self tests
[    0.670507][    T0] Running RCU synchronous self tests
[    0.671732][    T1] smpboot: CPU0: AMD Ryzen Threadripper PRO 3975WX 32-Cores (family: 0x17, model: 0x31, stepping: 0x0)
[    0.675906][    T1] Performance Events: Fam17h+ core perfctr, AMD PMU driver.
[    0.677073][    T1] ... version:                0
[    0.677763][    T1] ... bit width:              48
[    0.678472][    T1] ... generic registers:      6
[    0.679171][    T1] ... value mask:             0000ffffffffffff
[    0.679597][    T1] ... max period:             00007fffffffffff
[    0.679597][    T1] ... fixed-purpose events:   0
[    0.679669][    T1] ... event mask:             000000000000003f
[    0.682039][    T1] signal: max sigframe size: 1776
[    0.689690][    T1] rcu: Hierarchical SRCU implementation.
[    0.690424][    T1] rcu: 	Max phase no-delay instances is 1000.
[    0.691599][    T1] Timer migration: 1 hierarchy levels; 8 children per group; 1 crossnode level
[    0.722272][    T1] smp: Bringing up secondary CPUs ...
[    0.724180][    T1] smpboot: x86: Booting SMP configuration:
[    0.724876][    T1] .... node  #0, CPUs:      #1
[    0.725072][    T1] smp: Brought up 1 node, 2 CPUs
[    0.725072][    T1] smpboot: Total of 2 processors activated (13973.74 BogoMIPS)
[    0.725072][    T1] Memory: 1282752K/2096632K available (173541K kernel code, 41817K rwdata, 40100K rodata, 27612K init, 121204K bss, 803404K reserved, 0K cma-reserved)
[    0.730496][    T1] devtmpfs: initialized
[    0.731091][    T1] x86/mm: Memory block size: 128MB
[    0.751339][    T1] Running RCU synchronous self tests
[    0.751905][    T1] Running RCU synchronous self tests
[    0.752697][    T1] Running RCU Tasks wait API self tests
[    0.752697][    T1] Running RCU Tasks Trace wait API self tests
[    0.769654][    T1] clocksource: jiffies: mask: 0xffffffff max_cycles: 0xffffffff, max_idle_ns: 19112604462750000 ns
[    0.771429][    T1] posixtimers hash table entries: 1024 (order: 4, 73728 bytes, linear)
[    0.772670][    T1] futex hash table entries: 512 (65536 bytes on 1 NUMA nodes, total 64 KiB, linear).
[    0.774967][    T1] PM: RTC time: 18:16:39, date: 2026-05-25
[    0.779833][    T1] NET: Registered PF_NETLINK/PF_ROUTE protocol family
[    0.779833][    T1] audit: initializing netlink subsys (disabled)
[    0.779833][   T30] audit: type=2000 audit(1779732999.857:1): state=initialized audit_enabled=0 res=1
[    0.781872][    T1] thermal_sys: Registered thermal governor 'step_wise'
[    0.781984][    T1] cpuidle: using governor menu
[    0.781984][    T1] NET: Registered PF_QIPCRTR protocol family
[    0.791502][    T1] dca service started, version 1.12.1
[    0.792410][    T1] PCI: Using configuration type 1 for base access
[    0.793335][    T1] PCI: Using configuration type 1 for extended access
[    0.794309][    T1] HugeTLB: allocation took 0ms with hugepage_allocation_threads=1
[    0.794309][    T1] HugeTLB: registered 1.00 GiB page size, pre-allocated 0 pages
[    0.799647][    T1] HugeTLB: 16380 KiB vmemmap can be freed for a 1.00 GiB page
[    0.800504][    T1] HugeTLB: registered 2.00 MiB page size, pre-allocated 0 pages
[    0.801377][    T1] HugeTLB: 28 KiB vmemmap can be freed for a 2.00 MiB page
[    0.805609][    T1] raid6: skipped pq benchmark and selected avx2x4
[    0.805609][    T1] raid6: using avx2x2 recovery algorithm
[    0.810586][    T1] ACPI: Added _OSI(Module Device)
[    0.811167][    T1] ACPI: Added _OSI(Processor Device)
[    0.811776][    T1] ACPI: Added _OSI(Processor Aggregator Device)
[    0.839620][   T29] Callback from call_rcu_tasks_trace() invoked.
[    0.852072][    T1] ACPI: 1 ACPI AML tables successfully acquired and loaded
[    0.885096][    T1] ACPI: Interpreter enabled
[    0.885846][    T1] ACPI: PM: (supports S0 S3 S4 S5)
[    0.886439][    T1] ACPI: Using IOAPIC for interrupt routing
[    0.887277][    T1] PCI: Using host bridge windows from ACPI; if necessary, use "pci=nocrs" and report a bug
[    0.888412][    T1] PCI: Using E820 reservations for host bridge windows
[    0.891530][    T1] ACPI: Enabled 2 GPEs in block 00 to 0F
[    0.975394][    T1] ACPI: PCI Root Bridge [PCI0] (domain 0000 [bus 00-ff])
[    0.976286][    T1] acpi PNP0A03:00: _OSC: OS supports [ExtendedConfig ASPM ClockPM Segments MSI HPX-Type3]
[    0.979338][    T1] PCI host bridge to bus 0000:00
[    0.979764][    T1] pci_bus 0000:00: root bus resource [io  0x0000-0x0cf7 window]
[    0.980700][    T1] pci_bus 0000:00: root bus resource [io  0x0d00-0xffff window]
[    0.981585][    T1] pci_bus 0000:00: root bus resource [mem 0x000a0000-0x000bffff window]
[    0.982545][    T1] pci_bus 0000:00: root bus resource [mem 0x80000000-0xfebfffff window]
[    0.983569][    T1] pci_bus 0000:00: root bus resource [mem 0x100000000-0x17fffffff window]
[    0.984563][    T1] pci_bus 0000:00: root bus resource [bus 00-ff]
[    0.985571][    T1] pci 0000:00:00.0: [8086:1237] type 00 class 0x060000 conventional PCI endpoint
[    1.014498][    T1] pci 0000:00:01.0: [8086:7000] type 00 class 0x060100 conventional PCI endpoint
[    1.042770][    T1] pci 0000:00:01.1: [8086:7010] type 00 class 0x010180 conventional PCI endpoint
[    1.044358][    T1] pci 0000:00:01.1: BAR 4 [io  0xc000-0xc00f]
[    1.045086][    T1] pci 0000:00:01.1: BAR 0 [io  0x01f0-0x01f7]: legacy IDE quirk
[    1.045952][    T1] pci 0000:00:01.1: BAR 1 [io  0x03f6]: legacy IDE quirk
[    1.046752][    T1] pci 0000:00:01.1: BAR 2 [io  0x0170-0x0177]: legacy IDE quirk
[    1.047621][    T1] pci 0000:00:01.1: BAR 3 [io  0x0376]: legacy IDE quirk
[    1.049328][    T1] pci 0000:00:01.3: [8086:7113] type 00 class 0x068000 conventional PCI endpoint
[    1.049984][    T1] pci 0000:00:01.3: quirk: [io  0x0600-0x063f] claimed by PIIX4 ACPI
[    1.050917][    T1] pci 0000:00:01.3: quirk: [io  0x0700-0x070f] claimed by PIIX4 SMB
[    1.052674][    T1] pci 0000:00:02.0: [1234:1111] type 00 class 0x030000 conventional PCI endpoint
[    1.055190][    T1] pci 0000:00:02.0: BAR 0 [mem 0xfd000000-0xfdffffff pref]
[    1.056084][    T1] pci 0000:00:02.0: BAR 2 [mem 0xfebf0000-0xfebf0fff]
[    1.056872][    T1] pci 0000:00:02.0: ROM [mem 0xfebe0000-0xfebeffff pref]
[    1.057838][    T1] pci 0000:00:02.0: Video device with shadowed ROM at [mem 0x000c0000-0x000dffff]
[    1.092617][    T1] ACPI: PCI: Interrupt link LNKA configured for IRQ 10
[    1.096018][    T1] ACPI: PCI: Interrupt link LNKB configured for IRQ 10
[    1.099300][    T1] ACPI: PCI: Interrupt link LNKC configured for IRQ 11
[    1.102094][    T1] ACPI: PCI: Interrupt link LNKD configured for IRQ 11
[    1.103915][    T1] ACPI: PCI: Interrupt link LNKS configured for IRQ 9
[    1.112200][    T1] iommu: Default domain type: Translated
[    1.112857][    T1] iommu: DMA domain TLB invalidation policy: lazy mode
[    1.114043][    T1] SCSI subsystem initialized
[    1.114043][    T1] ACPI: bus type USB registered
[    1.114353][    T1] usbcore: registered new interface driver usbfs
[    1.119790][    T1] usbcore: registered new interface driver hub
[    1.120662][    T1] usbcore: registered new device driver usb
[    1.122300][    T1] mc: Linux media interface: v0.10
[    1.123061][    T1] videodev: Linux video capture interface: v2.00
[    1.124175][    T1] pps_core: LinuxPPS API ver. 1 registered
[    1.124870][    T1] pps_core: Software ver. 5.3.6 - Copyright 2005-2007 Rodolfo Giometti <giometti@linux.it>
[    1.126066][    T1] PTP clock support registered
[    1.126912][    T1] EDAC MC: Ver: 3.0.0
[    1.130265][    T1] Advanced Linux Sound Architecture Driver Initialized.
[    1.134077][    T1] Bluetooth: Core ver 2.22
[    1.134669][    T1] NET: Registered PF_BLUETOOTH protocol family
[    1.135398][    T1] Bluetooth: HCI device and connection manager initialized
[    1.136248][    T1] Bluetooth: HCI socket layer initialized
[    1.136905][    T1] Bluetooth: L2CAP socket layer initialized
[    1.137619][    T1] Bluetooth: SCO socket layer initialized
[    1.138322][    T1] NET: Registered PF_ATMPVC protocol family
[    1.139000][    T1] NET: Registered PF_ATMSVC protocol family
[    1.139779][    T1] NetLabel: Initializing
[    1.140272][    T1] NetLabel:  domain hash size = 128
[    1.140969][    T1] NetLabel:  protocols = UNLABELED CIPSOv4 CALIPSO
[    1.142091][    T1] NetLabel:  unlabeled traffic allowed by default
[    1.143515][    T1] nfc: nfc_init: NFC Core ver 0.1
[    1.143515][    T1] NET: Registered PF_NFC protocol family
[    1.143515][    T1] mctp: management component transport protocol core
[    1.143515][    T1] NET: Registered PF_MCTP protocol family
[    1.143733][    T1] PCI: Using ACPI for IRQ routing
[    1.145796][    T1] pci 0000:00:02.0: vgaarb: setting as boot VGA device
[    1.146769][    T1] pci 0000:00:02.0: vgaarb: bridge control possible
[    1.147669][    T1] pci 0000:00:02.0: vgaarb: VGA device added: decodes=io+mem,owns=io+mem,locks=none
[    1.148949][    T1] vgaarb: loaded
[    1.150391][    T1] hpet0: at MMIO 0xfed00000, IRQs 2, 8, 0
[    1.151192][    T1] hpet0: 3 comparators, 64-bit 100.000000 MHz counter
[    1.155635][    T1] clocksource: Switched to clocksource kvm-clock
[    1.159597][    T1] VFS: Disk quotas dquot_6.6.0
[    1.159597][    T1] VFS: Dquot-cache hash table entries: 512 (order 0, 4096 bytes)
[    1.159597][    T1] netfs: FS-Cache loaded
[    1.160001][    T1] CacheFiles: Loaded
[    1.160835][    T1] TOMOYO: 2.6.0
[    1.161335][    T1] Mandatory Access Control activated.
[    1.162441][    T1] pnp: PnP ACPI init
[    1.170300][    T1] pnp: PnP ACPI: found 6 devices
[    1.201784][    T1] clocksource: acpi_pm: mask: 0xffffff max_cycles: 0xffffff, max_idle_ns: 2085701024 ns
[    1.203586][    T1] NET: Registered PF_INET protocol family
[    1.204806][    T1] IP idents hash table entries: 32768 (order: 6, 262144 bytes, linear)
[    1.209793][    T1] tcp_listen_portaddr_hash hash table entries: 1024 (order: 4, 73728 bytes, linear)
[    1.211127][    T1] Table-perturb hash table entries: 65536 (order: 6, 262144 bytes, linear)
[    1.212365][    T1] TCP established hash table entries: 16384 (order: 5, 131072 bytes, linear)
[    1.214713][    T1] TCP bind hash table entries: 16384 (order: 9, 2359296 bytes, linear)
[    1.216472][    T1] TCP: Hash tables configured (established 16384 bind 16384)
[    1.218019][    T1] MPTCP token hash table entries: 2048 (order: 5, 180224 bytes, linear)
[    1.219286][    T1] UDP hash table entries: 1024 (order: 6, 262144 bytes, linear)
[    1.220433][    T1] UDP-Lite hash table entries: 1024 (order: 6, 262144 bytes, linear)
[    1.222041][    T1] NET: Registered PF_UNIX/PF_LOCAL protocol family
[    1.224127][    T1] RPC: Registered named UNIX socket transport module.
[    1.225075][    T1] RPC: Registered udp transport module.
[    1.225888][    T1] RPC: Registered tcp transport module.
[    1.226642][    T1] RPC: Registered tcp-with-tls transport module.
[    1.227503][    T1] RPC: Registered tcp NFSv4.1 backchannel transport module.
[    1.230441][    T1] NET: Registered PF_XDP protocol family
[    1.231235][    T1] pci_bus 0000:00: resource 4 [io  0x0000-0x0cf7 window]
[    1.232241][    T1] pci_bus 0000:00: resource 5 [io  0x0d00-0xffff window]
[    1.233219][    T1] pci_bus 0000:00: resource 6 [mem 0x000a0000-0x000bffff window]
[    1.234280][    T1] pci_bus 0000:00: resource 7 [mem 0x80000000-0xfebfffff window]
[    1.235336][    T1] pci_bus 0000:00: resource 8 [mem 0x100000000-0x17fffffff window]
[    1.237019][    T1] pci 0000:00:01.0: PIIX3: Enabling Passive Release
[    1.237939][    T1] pci 0000:00:00.0: Limiting direct PCI/PCI transfers
[    1.238955][    T1] PCI: CLS 0 bytes, default 64
[    1.239901][    T1] ACPI: bus type thunderbolt registered
[    1.241663][    T1] kvm_intel: VMX not supported by CPU 1
[    1.242573][    T1] kvm_amd: Nested Virtualization enabled
[    1.243365][    T1] kvm_amd: Nested Paging enabled
[    1.255017][   T13] Trying to unpack rootfs image as initramfs...
[    1.264955][    T1] clocksource: tsc: mask: 0xffffffffffffffff max_cycles: 0x325b186289d, max_idle_ns: 440795326624 ns
[    1.378977][   T13] Freeing initrd memory: 1444K
[    1.380235][   T70] kworker/u8:4 (70) used greatest stack depth: 29016 bytes left
[    1.381570][   T65] kworker/u8:3 (65) used greatest stack depth: 28936 bytes left
[    1.383366][   T69] kworker/u8:3 (69) used greatest stack depth: 28376 bytes left
[    1.385417][   T76] kworker/u8:4 (76) used greatest stack depth: 28288 bytes left
[    4.639214][    T1] Initialise system trusted keyrings
[    4.640965][    T1] workingset: timestamp_bits=40 max_order=19 bucket_order=0
[    4.645428][    T1] DLM installed
[    4.647417][    T1] squashfs: version 4.0 (2009/01/31) Phillip Lougher
[    4.650377][    T1] NFS: Registering the id_resolver key type
[    4.651234][    T1] Key type id_resolver registered
[    4.651992][    T1] Key type id_legacy registered
[    4.652741][    T1] nfs4filelayout_init: NFSv4 File Layout Driver Registering...
[    4.653818][    T1] nfs4flexfilelayout_init: NFSv4 Flexfile Layout Driver Registering...
[    4.659893][    T1] Key type cifs.spnego registered
[    4.660694][    T1] Key type cifs.idmap registered
[    4.662082][   T28] Callback from call_rcu_tasks() invoked.
[    4.662505][    T1] ntfs3: Enabled Linux POSIX ACLs support
[    4.663622][    T1] ntfs3: Read-only LZX/Xpress compression included
[    4.664590][    T1] efs: 1.0a - http://aeschi.ch.eu.org/efs/
[    4.665403][    T1] jffs2: version 2.2. (NAND) (SUMMARY)  © 2001-2006 Red Hat, Inc.
[    4.666965][    T1] romfs: ROMFS MTD (C) 2007 Red Hat, Inc.
[    4.667787][    T1] QNX4 filesystem 0.2.3 registered.
[    4.668514][    T1] qnx6: QNX6 filesystem 1.0.0 registered.
[    4.669670][    T1] fuse: init (API version 7.44)
[    4.672100][    T1] orangefs_debugfs_init: called with debug mask: :none: :0:
[    4.673645][    T1] orangefs_init: module version upstream loaded
[    4.674803][    T1] JFS: nTxBlock = 8192, nTxLock = 65536
[    4.679652][    T1] SGI XFS with ACLs, security attributes, realtime, quota, no debug enabled
[    4.682446][    T1] 9p: Installing v9fs 9p2000 file system support
[    4.683484][    T1] NILFS version 2 loaded
[    4.684051][    T1] befs: version: 0.9.3
[    4.684874][    T1] ocfs2: Registered cluster interface o2cb
[    4.685986][    T1] ocfs2: Registered cluster interface user
[    4.687008][    T1] OCFS2 User DLM kernel interface loaded
[    4.695763][    T1] gfs2: GFS2 installed
[    4.700316][    T1] ceph: loaded (mds proto 32)
[    4.705801][    T1] cryptd: max_cpu_qlen set to 1000
[    4.728110][    T1] NET: Registered PF_ALG protocol family
[    4.729069][    T1] xor: automatically using best checksumming function   avx       
[    4.730134][    T1] async_tx: api initialized (async)
[    4.730838][    T1] Key type asymmetric registered
[    4.731520][    T1] Asymmetric key parser 'x509' registered
[    4.732339][    T1] Asymmetric key parser 'pkcs8' registered
[    4.733114][    T1] Key type pkcs7_test registered
[    4.734024][    T1] Block layer SCSI generic (bsg) driver version 0.4 loaded (major 238)
[    4.735648][    T1] io scheduler mq-deadline registered
[    4.736387][    T1] io scheduler kyber registered
[    4.737178][    T1] io scheduler bfq registered
[    4.741095][    T1] input: Power Button as /devices/LNXSYSTM:00/LNXPWRBN:00/input/input0
[    4.752804][    T1] ACPI: button: Power Button [PWRF]
[    4.759515][    T1] ioatdma: Intel(R) QuickData Technology Driver 5.00
[    4.764572][  T169] kworker/u8:0 (169) used greatest stack depth: 27784 bytes left
[    4.765627][  T170] kworker/u8:0 (170) used greatest stack depth: 27768 bytes left
[    4.839286][  T343] kworker/u8:1 (343) used greatest stack depth: 27688 bytes left
[    4.994797][    T1] N_HDLC line discipline registered with maxframe=4096
[    4.995647][    T1] Serial: 8250/16550 driver, 4 ports, IRQ sharing enabled
[    4.998559][    T1] 00:04: ttyS0 at I/O 0x3f8 (irq = 4, base_baud = 115200) is a 16550A
[    5.019226][    T1] Non-volatile memory driver v1.3
[    5.020062][    T1] Linux agpgart interface v0.103
[    5.023804][    T1] usbcore: registered new interface driver xillyusb
[    5.027454][    T1] ACPI: bus type drm_connector registered
[    5.030567][    T1] [drm] Initialized vgem 1.0.0 for vgem on minor 0
[    5.035984][    T1] [drm] Initialized vkms 1.0.0 for vkms on minor 1
[    5.086550][    T1] Console: switching to colour frame buffer device 128x48
[    5.104350][    T1] faux_driver vkms: [drm] fb0: vkmsdrmfb frame buffer device
[    5.105509][    T1] usbcore: registered new interface driver udl
[    5.107612][    T1] bochs-drm 0000:00:02.0: vgaarb: deactivate vga console
[    5.110183][    T1] [drm] Found bochs VGA, ID 0xb0c5.
[    5.110813][    T1] [drm] Framebuffer size 16384 kB @ 0xfd000000, mmio @ 0xfebf0000.
[    5.114342][    T1] [drm] Initialized bochs-drm 1.0.0 for 0000:00:02.0 on minor 2
[    5.127732][    T1] fbcon: bochs-drmdrmfb (fb1) is primary device
[    5.127746][    T1] fbcon: Remapping primary device, fb1, to tty 1-63
[    5.862567][    T1] bochs-drm 0000:00:02.0: [drm] fb1: bochs-drmdrmfb frame buffer device
[    5.864384][    T1] usbcore: registered new interface driver gm12u320
[    5.865465][    T1] usbcore: registered new interface driver gud
[    5.908215][    T1] brd: module loaded
[    5.969836][    T1] loop: module loaded
[    6.147162][    T1] zram: Added device: zram0
[    6.153904][    T1] null_blk: disk nullb0 created
[    6.154506][    T1] null_blk: module loaded
[    6.155589][    T1] Guest personality initialized and is inactive
[    6.156732][    T1] VMCI host device registered (name=vmci, major=10, minor=265)
[    6.157665][    T1] Initialized host personality
[    6.158644][    T1] usbcore: registered new interface driver rtsx_usb
[    6.160223][    T1] usbcore: registered new interface driver viperboard
[    6.161420][    T1] usbcore: registered new interface driver dln2
[    6.162914][    T1] usbcore: registered new interface driver pn533_usb
[    6.166510][    T1] nfcsim 0.2 initialized
[    6.167444][    T1] usbcore: registered new interface driver port100
[    6.168724][    T1] usbcore: registered new interface driver nfcmrvl
[    6.173666][    T1] Loading iSCSI transport class v2.0-870.
[    6.177849][    T1] st: Version 20160209, fixed bufsize 32768, s/g segs 256
[    6.200316][    T1] scsi host0: ata_piix
[    6.203319][    T1] scsi host1: ata_piix
[    6.205113][    T1] ata1: PATA max MWDMA2 cmd 0x1f0 ctl 0x3f6 bmdma 0xc000 irq 14 lpm-pol 0
[    6.206331][    T1] ata2: PATA max MWDMA2 cmd 0x170 ctl 0x376 bmdma 0xc008 irq 15 lpm-pol 0
[    6.211102][    T1] Rounding down aligned max_sectors from 4294967295 to 4294967288
[    6.214582][    T1] db_root: cannot open: /etc/target
[    6.216240][    T1] slram: not enough parameters.
[    6.220369][    T1] ftl_cs: FTL header not found.
[    6.234123][ T1033] kworker/u8:5 (1033) used greatest stack depth: 27552 bytes left
[    6.249723][    T1] wireguard: WireGuard 1.0.0 loaded. See www.wireguard.com for information.
[    6.250779][    T1] wireguard: Copyright (C) 2015-2019 Jason A. Donenfeld <Jason@zx2c4.com>. All Rights Reserved.
[    6.252620][    T1] eql: Equalizer2002: Simon Janes (simon@ncm.com) and David S. Miller (davem@redhat.com)
[    6.260083][    T1] MACsec IEEE 802.1AE
[    6.269652][    T1] usbcore: registered new interface driver mvusb_mdio
[    6.270781][    T1] tun: Universal TUN/TAP device driver, 1.6
[    6.277582][    T1] vcan: Virtual CAN interface driver
[    6.278277][    T1] vxcan: Virtual CAN Tunnel driver
[    6.280563][    T1] slcan: serial line CAN interface driver
[    6.281370][    T1] CAN device driver interface
[    6.282385][    T1] usbcore: registered new interface driver usb_8dev
[    6.283719][    T1] usbcore: registered new interface driver ems_usb
[    6.285140][    T1] usbcore: registered new interface driver esd_usb
[    6.286528][    T1] usbcore: registered new interface driver etas_es58x
[    6.287762][    T1] usbcore: registered new interface driver f81604
[    6.289012][    T1] usbcore: registered new interface driver gs_usb
[    6.290371][    T1] usbcore: registered new interface driver kvaser_usb
[    6.291626][    T1] usbcore: registered new interface driver mcba_usb
[    6.293680][    T1] usbcore: registered new interface driver peak_usb
[    6.294728][    T1] usbcore: registered new interface driver ucan
[    6.296002][    T1] e100: Intel(R) PRO/100 Network Driver
[    6.296651][    T1] e100: Copyright(c) 1999-2006 Intel Corporation
[    6.297707][    T1] e1000: Intel(R) PRO/1000 Network Driver
[    6.298377][    T1] e1000: Copyright (c) 1999-2006 Intel Corporation.
[    6.299477][    T1] e1000e: Intel(R) PRO/1000 Network Driver
[    6.300154][    T1] e1000e: Copyright(c) 1999 - 2015 Intel Corporation.
[    6.301950][    T1] mkiss: AX.25 Multikiss, Hans Albas PE1AYX
[    6.302834][    T1] AX.25: bpqether driver version 004
[    6.303527][    T1] PPP generic driver version 2.4.2
[    6.304923][    T1] PPP BSD Compression module registered
[    6.305713][    T1] PPP Deflate Compression module registered
[    6.306586][    T1] PPP MPPE Compression module registered
[    6.307405][    T1] NET: Registered PF_PPPOX protocol family
[    6.308285][    T1] PPTP driver version 0.8.5
[    6.309091][    T1] SLIP: version 0.8.4-NET3.019-NEWTTY (dynamic channels, max=256) (6 bit encapsulation enabled).
[    6.310486][    T1] CSLIP: code copyright 1989 Regents of the University of California.
[    6.311470][    T1] SLIP linefill/keepalive option.
[    6.314910][    T1] hdlc: HDLC support module revision 1.22
[    6.315767][    T1] LAPB Ethernet driver version 0.02
[    6.317282][    T1] usbcore: registered new interface driver ath9k_htc
[    6.318532][    T1] usbcore: registered new interface driver carl9170
[    6.319788][    T1] usbcore: registered new interface driver ath6kl_usb
[    6.321063][    T1] usbcore: registered new interface driver ar5523
[    6.323076][    T1] usbcore: registered new interface driver ath10k_usb
[    6.324419][    T1] usbcore: registered new interface driver plfxlc
[    6.325558][    T1] mac80211_hwsim: initializing netlink
[    6.351168][    T1] usbcore: registered new interface driver atusb
[    6.360907][    T1] mac802154_hwsim mac802154_hwsim: Added 2 mac802154 hwsim hardware radios
[    6.363197][    T1] VMware vmxnet3 virtual NIC driver - version 1.9.0.0-k-NAPI
[    6.364926][    T1] usbcore: registered new interface driver catc
[    6.366130][    T1] usbcore: registered new interface driver kaweth
[    6.367063][    T1] pegasus: Pegasus/Pegasus II USB Ethernet driver
[    6.368263][    T1] usbcore: registered new interface driver pegasus
[    6.369431][    T1] usbcore: registered new interface driver rtl8150
[    6.370434][    T1] usbcore: registered new device driver r8152-cfgselector
[    6.371608][    T1] usbcore: registered new interface driver r8152
[    6.372719][ T1010] ata2: found unknown device (class 0)
[    6.374119][    T1] usbcore: registered new interface driver hso
[    6.374834][ T1010] ata2.00: ATAPI: QEMU DVD-ROM, 2.5+, max UDMA/100
[    6.375510][    T1] usbcore: registered new interface driver lan78xx
[    6.377478][    T1] usbcore: registered new interface driver asix
[    6.379056][    T1] usbcore: registered new interface driver ax88179_178a
[    6.380061][   T12] scsi 1:0:0:0: CD-ROM            QEMU     QEMU DVD-ROM     2.5+ PQ: 0 ANSI: 5
[    6.380282][    T1] usbcore: registered new interface driver cdc_ether
[    6.382770][    T1] usbcore: registered new interface driver cdc_eem
[    6.384199][    T1] usbcore: registered new interface driver dm9601
[    6.385341][    T1] usbcore: registered new interface driver sr9700
[    6.386427][    T1] usbcore: registered new interface driver CoreChips
[    6.387593][    T1] usbcore: registered new interface driver smsc75xx
[    6.388676][    T1] usbcore: registered new interface driver smsc95xx
[    6.389850][    T1] usbcore: registered new interface driver gl620a
[    6.390937][    T1] usbcore: registered new interface driver net1080
[    6.392447][    T1] usbcore: registered new interface driver plusb
[    6.393886][    T1] usbcore: registered new interface driver rndis_host
[    6.395133][    T1] usbcore: registered new interface driver cdc_subset
[    6.396290][    T1] usbcore: registered new interface driver zaurus
[    6.397499][    T1] usbcore: registered new interface driver MOSCHIP usb-ethernet driver
[    6.398900][    T1] usbcore: registered new interface driver int51x1
[    6.400082][    T1] usbcore: registered new interface driver cdc_phonet
[    6.401349][    T1] usbcore: registered new interface driver kalmia
[    6.402384][    T1] usbcore: registered new interface driver ipheth
[    6.403365][    T1] usbcore: registered new interface driver sierra_net
[    6.404552][    T1] usbcore: registered new interface driver cx82310_eth
[    6.405688][    T1] usbcore: registered new interface driver cdc_ncm
[    6.406737][    T1] usbcore: registered new interface driver huawei_cdc_ncm
[    6.407811][    T1] usbcore: registered new interface driver lg-vl600
[    6.408863][    T1] usbcore: registered new interface driver qmi_wwan
[    6.409863][    T1] usbcore: registered new interface driver cdc_mbim
[    6.410950][    T1] usbcore: registered new interface driver ch9200
[    6.412642][    T1] usbcore: registered new interface driver aqc111
[    6.413722][    T1] usbcore: registered new interface driver r8153_ecm
[    6.417309][    T1] VFIO - User Level meta-driver version: 0.3
[    6.422414][    T1] aoe: AoE v85 initialised.
[    6.430288][    T1] usbcore: registered new interface driver cdc_acm
[    6.431071][    T1] cdc_acm: USB Abstract Control Model driver for USB modems and ISDN adapters
[    6.432555][    T1] usbcore: registered new interface driver usblp
[    6.433506][    T1] usbcore: registered new interface driver cdc_wdm
[    6.434491][    T1] usbcore: registered new interface driver usbtmc
[    6.435689][    T1] usbcore: registered new interface driver uas
[    6.436621][    T1] usbcore: registered new interface driver usb-storage
[    6.437612][    T1] usbcore: registered new interface driver ums-alauda
[    6.438590][    T1] usbcore: registered new interface driver ums-cypress
[    6.439573][    T1] usbcore: registered new interface driver ums-datafab
[    6.440545][    T1] usbcore: registered new interface driver ums_eneub6250
[    6.441616][    T1] usbcore: registered new interface driver ums-freecom
[    6.442853][    T1] usbcore: registered new interface driver ums-isd200
[    6.443891][    T1] usbcore: registered new interface driver ums-jumpshot
[    6.444930][    T1] usbcore: registered new interface driver ums-karma
[    6.445942][    T1] usbcore: registered new interface driver ums-onetouch
[    6.447004][    T1] usbcore: registered new interface driver ums-realtek
[    6.448031][    T1] usbcore: registered new interface driver ums-sddr09
[    6.449050][    T1] usbcore: registered new interface driver ums-sddr55
[    6.450125][    T1] usbcore: registered new interface driver ums-usbat
[    6.451311][    T1] usbcore: registered new interface driver mdc800
[    6.452251][    T1] mdc800: v0.7.5 (30/10/2000):USB Driver for Mustek MDC800 Digital Camera
[    6.453575][    T1] usbcore: registered new interface driver microtekX6
[    6.454853][    T1] usbcore: registered new interface driver usbserial_generic
[    6.456119][    T1] usbserial: USB Serial support registered for generic
[    6.457460][    T1] usbcore: registered new interface driver aircable
[    6.458443][    T1] usbserial: USB Serial support registered for aircable
[    6.459518][    T1] usbcore: registered new interface driver ark3116
[    6.460505][    T1] usbserial: USB Serial support registered for ark3116
[    6.461589][    T1] usbcore: registered new interface driver belkin_sa
[    6.462738][    T1] usbserial: USB Serial support registered for Belkin / Peracom / GoHubs USB Serial Adapter
[    6.464880][    T1] usbcore: registered new interface driver ch341
[    6.465419][   T12] sr 1:0:0:0: [sr0] scsi3-mmc drive: 4x/4x cd/rw xa/form2 tray
[    6.465788][    T1] usbserial: USB Serial support registered for ch341-uart
[    6.466638][   T12] cdrom: Uniform CD-ROM driver Revision: 3.20
[    6.467641][    T1] usbcore: registered new interface driver cp210x
[    6.469198][    T1] usbserial: USB Serial support registered for cp210x
[    6.470201][    T1] usbcore: registered new interface driver cyberjack
[    6.471825][    T1] usbserial: USB Serial support registered for Reiner SCT Cyberjack USB card reader
[    6.473099][    T1] usbcore: registered new interface driver cypress_m8
[    6.473990][    T1] usbserial: USB Serial support registered for DeLorme Earthmate USB
[    6.475251][    T1] usbserial: USB Serial support registered for HID->COM RS232 Adapter
[    6.476463][    T1] usbserial: USB Serial support registered for Nokia CA-42 V2 Adapter
[    6.477745][    T1] usbcore: registered new interface driver usb_debug
[    6.478722][    T1] usbserial: USB Serial support registered for debug
[    6.479709][    T1] usbserial: USB Serial support registered for xhci_dbc
[    6.480900][    T1] usbcore: registered new interface driver digi_acceleport
[    6.482356][    T1] usbserial: USB Serial support registered for Digi 2 port USB adapter
[    6.483614][    T1] usbserial: USB Serial support registered for Digi 4 port USB adapter
[    6.484749][    T1] usbcore: registered new interface driver io_edgeport
[    6.485675][    T1] usbserial: USB Serial support registered for Edgeport 2 port adapter
[    6.486915][    T1] usbserial: USB Serial support registered for Edgeport 4 port adapter
[    6.488229][    T1] usbserial: USB Serial support registered for Edgeport 8 port adapter
[    6.489302][    T1] usbserial: USB Serial support registered for EPiC device
[    6.490310][    T1] usbcore: registered new interface driver io_ti
[    6.491174][    T1] usbserial: USB Serial support registered for Edgeport TI 1 port adapter
[    6.492534][    T1] usbserial: USB Serial support registered for Edgeport TI 2 port adapter
[    6.493897][    T1] usbcore: registered new interface driver empeg
[    6.494907][    T1] usbserial: USB Serial support registered for empeg
[    6.495974][    T1] usbcore: registered new interface driver f81534a_ctrl
[    6.496967][    T1] usbcore: registered new interface driver f81232
[    6.497818][    T1] usbserial: USB Serial support registered for f81232
[    6.498689][    T1] usbserial: USB Serial support registered for f81534a
[    6.499684][    T1] usbcore: registered new interface driver f81534
[    6.500578][    T1] usbserial: USB Serial support registered for Fintek F81532/F81534
[    6.501782][    T1] usbcore: registered new interface driver ftdi_sio
[    6.502722][    T1] usbserial: USB Serial support registered for FTDI USB Serial Device
[    6.503923][    T1] usbcore: registered new interface driver garmin_gps
[    6.504811][    T1] usbserial: USB Serial support registered for Garmin GPS usb/tty
[    6.505871][    T1] usbcore: registered new interface driver ipaq
[    6.506677][    T1] usbserial: USB Serial support registered for PocketPC PDA
[    6.507662][    T1] usbcore: registered new interface driver ipw
[    6.508483][    T1] usbserial: USB Serial support registered for IPWireless converter
[    6.509687][    T1] usbcore: registered new interface driver ir_usb
[    6.510571][    T1] usbserial: USB Serial support registered for IR Dongle
[    6.511645][    T1] usbcore: registered new interface driver iuu_phoenix
[    6.514123][    T1] usbserial: USB Serial support registered for iuu_phoenix
[    6.515283][    T1] usbcore: registered new interface driver keyspan
[    6.516260][    T1] usbserial: USB Serial support registered for Keyspan - (without firmware)
[    6.517477][    T1] usbserial: USB Serial support registered for Keyspan 1 port adapter
[    6.518505][    T1] usbserial: USB Serial support registered for Keyspan 2 port adapter
[    6.519648][    T1] usbserial: USB Serial support registered for Keyspan 4 port adapter
[    6.520910][    T1] usbcore: registered new interface driver keyspan_pda
[    6.521909][    T1] usbserial: USB Serial support registered for Keyspan PDA
[    6.522978][    T1] usbserial: USB Serial support registered for Keyspan PDA - (prerenumeration)
[    6.524337][    T1] usbcore: registered new interface driver kl5kusb105
[    6.525374][    T1] usbserial: USB Serial support registered for KL5KUSB105D / PalmConnect
[    6.526697][    T1] usbcore: registered new interface driver kobil_sct
[    6.527708][    T1] usbserial: USB Serial support registered for KOBIL USB smart card terminal
[    6.528937][    T1] usbcore: registered new interface driver mct_u232
[    6.529933][    T1] usbserial: USB Serial support registered for MCT U232
[    6.531059][    T1] usbcore: registered new interface driver metro_usb
[    6.532095][    T1] usbserial: USB Serial support registered for Metrologic USB to Serial
[    6.533280][    T1] usbcore: registered new interface driver mos7720
[    6.534245][    T1] usbserial: USB Serial support registered for Moschip 2 port adapter
[    6.535456][    T1] usbcore: registered new interface driver mos7840
[    6.536390][    T1] usbserial: USB Serial support registered for Moschip 7840/7820 USB Serial Driver
[    6.537754][    T1] usbcore: registered new interface driver mxuport
[    6.538692][    T1] usbserial: USB Serial support registered for MOXA UPort
[    6.539803][    T1] usbcore: registered new interface driver navman
[    6.540740][    T1] usbserial: USB Serial support registered for navman
[    6.541794][    T1] usbcore: registered new interface driver omninet
[    6.542766][    T1] usbserial: USB Serial support registered for ZyXEL - omni.net usb
[    6.544003][    T1] usbcore: registered new interface driver opticon
[    6.544885][    T1] usbserial: USB Serial support registered for opticon
[    6.545847][    T1] usbcore: registered new interface driver option
[    6.546775][    T1] usbserial: USB Serial support registered for GSM modem (1-port)
[    6.547839][    T1] usbcore: registered new interface driver oti6858
[    6.548718][    T1] usbserial: USB Serial support registered for oti6858
[    6.549672][    T1] usbcore: registered new interface driver pl2303
[    6.550507][    T1] usbserial: USB Serial support registered for pl2303
[    6.551429][    T1] usbcore: registered new interface driver qcaux
[    6.553507][    T1] usbserial: USB Serial support registered for qcaux
[    6.554565][    T1] usbcore: registered new interface driver qcserial
[    6.555429][    T1] usbserial: USB Serial support registered for Qualcomm USB modem
[    6.556463][    T1] usbcore: registered new interface driver quatech2
[    6.557325][    T1] usbserial: USB Serial support registered for Quatech 2nd gen USB to Serial Driver
[    6.558580][    T1] usbcore: registered new interface driver safe_serial
[    6.559520][    T1] usbserial: USB Serial support registered for safe_serial
[    6.560546][    T1] usbcore: registered new interface driver sierra
[    6.561431][    T1] usbserial: USB Serial support registered for Sierra USB modem
[    6.562592][    T1] usbcore: registered new interface driver usb_serial_simple
[    6.563545][    T1] usbserial: USB Serial support registered for carelink
[    6.564464][    T1] usbserial: USB Serial support registered for flashloader
[    6.565395][    T1] usbserial: USB Serial support registered for funsoft
[    6.566377][    T1] usbserial: USB Serial support registered for google
[    6.567271][    T1] usbserial: USB Serial support registered for hp4x
[    6.568139][    T1] usbserial: USB Serial support registered for kaufmann
[    6.569041][    T1] usbserial: USB Serial support registered for libtransistor
[    6.569986][    T1] usbserial: USB Serial support registered for moto_modem
[    6.571225][    T1] usbserial: USB Serial support registered for motorola_tetra
[    6.572687][    T1] usbserial: USB Serial support registered for nokia
[    6.573567][    T1] usbserial: USB Serial support registered for novatel_gps
[    6.574485][    T1] usbserial: USB Serial support registered for owon
[    6.575932][    T1] usbserial: USB Serial support registered for siemens_mpi
[    6.576192][   T12] sr 1:0:0:0: Attached scsi generic sg0 type 5
[    6.577143][    T1] usbserial: USB Serial support registered for suunto
[    6.578571][    T1] usbserial: USB Serial support registered for vivopay
[    6.579453][    T1] usbserial: USB Serial support registered for zio
[    6.580387][    T1] usbcore: registered new interface driver spcp8x5
[    6.581253][    T1] usbserial: USB Serial support registered for SPCP8x5
[    6.582258][    T1] usbcore: registered new interface driver ssu100
[    6.583122][    T1] usbserial: USB Serial support registered for Quatech SSU-100 USB to Serial Driver
[    6.584399][    T1] usbcore: registered new interface driver symbolserial
[    6.585340][    T1] usbserial: USB Serial support registered for symbol
[    6.586431][    T1] usbcore: registered new interface driver ti_usb_3410_5052
[    6.587514][    T1] usbserial: USB Serial support registered for TI USB 3410 1 port adapter
[    6.588809][    T1] usbserial: USB Serial support registered for TI USB 5052 2 port adapter
[    6.590142][    T1] usbcore: registered new interface driver upd78f0730
[    6.591183][    T1] usbserial: USB Serial support registered for upd78f0730
[    6.593235][    T1] usbcore: registered new interface driver visor
[    6.594581][    T1] usbserial: USB Serial support registered for Handspring Visor / Palm OS
[    6.595802][    T1] usbserial: USB Serial support registered for Sony Clie 5.0
[    6.596866][    T1] usbserial: USB Serial support registered for Sony Clie 3.5
[    6.597994][    T1] usbcore: registered new interface driver wishbone_serial
[    6.599034][    T1] usbserial: USB Serial support registered for wishbone_serial
[    6.600136][    T1] usbcore: registered new interface driver whiteheat
[    6.601096][    T1] usbserial: USB Serial support registered for Connect Tech - WhiteHEAT - (prerenumeration)
[    6.602699][    T1] usbserial: USB Serial support registered for Connect Tech - WhiteHEAT
[    6.603930][    T1] usbcore: registered new interface driver xr_serial
[    6.604895][    T1] usbserial: USB Serial support registered for xr_serial
[    6.605967][    T1] usbcore: registered new interface driver xsens_mt
[    6.606926][    T1] usbserial: USB Serial support registered for xsens_mt
[    6.608046][    T1] usbcore: registered new interface driver adutux
[    6.609135][    T1] usbcore: registered new interface driver appledisplay
[    6.610248][    T1] usbcore: registered new interface driver cypress_cy7c63
[    6.611497][    T1] usbcore: registered new interface driver cytherm
[    6.612641][    T1] usbcore: registered new interface driver emi26 - firmware loader
[    6.613966][    T1] usbcore: registered new interface driver emi62 - firmware loader
[    6.615129][    T1] usbcore: registered new device driver apple-mfi-fastcharge
[    6.616274][    T1] usbcore: registered new interface driver ljca
[    6.617263][    T1] usbcore: registered new interface driver idmouse
[    6.618240][    T1] usbcore: registered new interface driver iowarrior
[    6.619384][    T1] usbcore: registered new interface driver isight_firmware
[    6.620505][    T1] usbcore: registered new interface driver usblcd
[    6.621489][    T1] usbcore: registered new interface driver ldusb
[    6.622549][    T1] usbcore: registered new interface driver legousbtower
[    6.623739][    T1] usbcore: registered new interface driver usbtest
[    6.624819][    T1] usbcore: registered new interface driver usb_ehset_test
[    6.626037][    T1] usbcore: registered new interface driver trancevibrator
[    6.627251][    T1] usbcore: registered new interface driver uss720
[    6.628141][    T1] uss720: USB Parport Cable driver for Cables using the Lucent Technologies USS720 Chip
[    6.629350][    T1] uss720: NOTE: this is a special purpose driver to allow nonstandard
[    6.630479][    T1] uss720: protocols (eg. bitbang) over USS720 usb to parallel cables
[    6.631530][    T1] uss720: If you just want to connect to a printer, use usblp instead
[    6.632842][    T1] usbcore: registered new interface driver usbsevseg
[    6.633982][    T1] usbcore: registered new interface driver yurex
[    6.635737][    T1] usbcore: registered new interface driver chaoskey
[    6.636879][    T1] usbcore: registered new interface driver sisusb
[    6.638014][    T1] usbcore: registered new interface driver lvs
[    6.639173][    T1] usbcore: registered new interface driver cxacru
[    6.640144][    T1] usbcore: registered new interface driver speedtch
[    6.641148][    T1] usbcore: registered new interface driver ueagle-atm
[    6.642022][    T1] xusbatm: malformed module parameters
[    6.643436][ T1495] kworker/u8:0 (1495) used greatest stack depth: 27320 bytes left
[    6.645550][    T1] dummy_hcd dummy_hcd.0: USB Host+Gadget Emulator, driver 02 May 2005
[    6.646670][    T1] dummy_hcd dummy_hcd.0: Dummy host controller
[    6.648699][    T1] dummy_hcd dummy_hcd.0: new USB bus registered, assigned bus number 1
[    6.651129][    T1] usb usb1: New USB device found, idVendor=1d6b, idProduct=0002, bcdDevice= 6.17
[    6.654755][    T1] usb usb1: New USB device strings: Mfr=3, Product=2, SerialNumber=1
[    6.655833][    T1] usb usb1: Product: Dummy host controller
[    6.656623][    T1] usb usb1: Manufacturer: Linux 6.17.0-rc2-00313-gc4299ef49f45-dirty dummy_hcd
[    6.657785][    T1] usb usb1: SerialNumber: dummy_hcd.0
[    6.661740][    T1] hub 1-0:1.0: USB hub found
[    6.662705][    T1] hub 1-0:1.0: 1 port detected
[    6.669655][    T1] SPI driver max3420-udc has no spi_device_id for maxim,max3421-udc
[    6.671173][    T1] gadgetfs: USB Gadget filesystem, version 24 Aug 2004
[    6.677047][    T1] vhci_hcd vhci_hcd.0: USB/IP Virtual Host Controller
[    6.678608][    T1] vhci_hcd vhci_hcd.0: new USB bus registered, assigned bus number 2
[    6.680160][    T1] vhci_hcd: created sysfs vhci_hcd.0
[    6.684006][    T1] usb usb2: New USB device found, idVendor=1d6b, idProduct=0002, bcdDevice= 6.17
[    6.685138][    T1] usb usb2: New USB device strings: Mfr=3, Product=2, SerialNumber=1
[    6.686107][    T1] usb usb2: Product: USB/IP Virtual Host Controller
[    6.686905][    T1] usb usb2: Manufacturer: Linux 6.17.0-rc2-00313-gc4299ef49f45-dirty vhci_hcd
[    6.687966][    T1] usb usb2: SerialNumber: vhci_hcd.0
[    6.690598][    T1] hub 2-0:1.0: USB hub found
[    6.691367][    T1] hub 2-0:1.0: 8 ports detected
[    6.698295][    T1] vhci_hcd vhci_hcd.0: USB/IP Virtual Host Controller
[    6.699682][    T1] vhci_hcd vhci_hcd.0: new USB bus registered, assigned bus number 3
[    6.700988][    T1] usb usb3: We don't know the algorithms for LPM for this host, disabling LPM.
[    6.703297][    T1] usb usb3: New USB device found, idVendor=1d6b, idProduct=0003, bcdDevice= 6.17
[    6.704440][    T1] usb usb3: New USB device strings: Mfr=3, Product=2, SerialNumber=1
[    6.705425][    T1] usb usb3: Product: USB/IP Virtual Host Controller
[    6.706235][    T1] usb usb3: Manufacturer: Linux 6.17.0-rc2-00313-gc4299ef49f45-dirty vhci_hcd
[    6.707308][    T1] usb usb3: SerialNumber: vhci_hcd.0
[    6.709884][    T1] hub 3-0:1.0: USB hub found
[    6.710594][    T1] hub 3-0:1.0: 8 ports detected
[    6.718873][    T1] vhci_hcd vhci_hcd.1: USB/IP Virtual Host Controller
[    6.720267][    T1] vhci_hcd vhci_hcd.1: new USB bus registered, assigned bus number 4
[    6.722626][    T1] usb usb4: New USB device found, idVendor=1d6b, idProduct=0002, bcdDevice= 6.17
[    6.723755][    T1] usb usb4: New USB device strings: Mfr=3, Product=2, SerialNumber=1
[    6.724848][    T1] usb usb4: Product: USB/IP Virtual Host Controller
[    6.725705][    T1] usb usb4: Manufacturer: Linux 6.17.0-rc2-00313-gc4299ef49f45-dirty vhci_hcd
[    6.726752][    T1] usb usb4: SerialNumber: vhci_hcd.1
[    6.729357][    T1] hub 4-0:1.0: USB hub found
[    6.730145][    T1] hub 4-0:1.0: 8 ports detected
[    6.736701][    T1] vhci_hcd vhci_hcd.1: USB/IP Virtual Host Controller
[    6.738079][    T1] vhci_hcd vhci_hcd.1: new USB bus registered, assigned bus number 5
[    6.739288][    T1] usb usb5: We don't know the algorithms for LPM for this host, disabling LPM.
[    6.741157][    T1] usb usb5: New USB device found, idVendor=1d6b, idProduct=0003, bcdDevice= 6.17
[    6.742819][    T1] usb usb5: New USB device strings: Mfr=3, Product=2, SerialNumber=1
[    6.743844][    T1] usb usb5: Product: USB/IP Virtual Host Controller
[    6.744677][    T1] usb usb5: Manufacturer: Linux 6.17.0-rc2-00313-gc4299ef49f45-dirty vhci_hcd
[    6.745859][    T1] usb usb5: SerialNumber: vhci_hcd.1
[    6.748822][    T1] hub 5-0:1.0: USB hub found
[    6.749652][    T1] hub 5-0:1.0: 8 ports detected
[    6.757464][    T1] vhci_hcd vhci_hcd.2: USB/IP Virtual Host Controller
[    6.760165][    T1] vhci_hcd vhci_hcd.2: new USB bus registered, assigned bus number 6
[    6.762088][    T1] usb usb6: New USB device found, idVendor=1d6b, idProduct=0002, bcdDevice= 6.17
[    6.763416][    T1] usb usb6: New USB device strings: Mfr=3, Product=2, SerialNumber=1
[    6.764587][    T1] usb usb6: Product: USB/IP Virtual Host Controller
[    6.765555][    T1] usb usb6: Manufacturer: Linux 6.17.0-rc2-00313-gc4299ef49f45-dirty vhci_hcd
[    6.766842][    T1] usb usb6: SerialNumber: vhci_hcd.2
[    6.769795][    T1] hub 6-0:1.0: USB hub found
[    6.770624][    T1] hub 6-0:1.0: 8 ports detected
[    6.778328][    T1] vhci_hcd vhci_hcd.2: USB/IP Virtual Host Controller
[    6.779971][    T1] vhci_hcd vhci_hcd.2: new USB bus registered, assigned bus number 7
[    6.781410][    T1] usb usb7: We don't know the algorithms for LPM for this host, disabling LPM.
[    6.783326][    T1] usb usb7: New USB device found, idVendor=1d6b, idProduct=0003, bcdDevice= 6.17
[    6.784652][    T1] usb usb7: New USB device strings: Mfr=3, Product=2, SerialNumber=1
[    6.785830][    T1] usb usb7: Product: USB/IP Virtual Host Controller
[    6.786795][    T1] usb usb7: Manufacturer: Linux 6.17.0-rc2-00313-gc4299ef49f45-dirty vhci_hcd
[    6.788087][    T1] usb usb7: SerialNumber: vhci_hcd.2
[    6.790989][    T1] hub 7-0:1.0: USB hub found
[    6.792086][    T1] hub 7-0:1.0: 8 ports detected
[    6.799898][    T1] vhci_hcd vhci_hcd.3: USB/IP Virtual Host Controller
[    6.802214][    T1] vhci_hcd vhci_hcd.3: new USB bus registered, assigned bus number 8
[    6.804066][    T1] usb usb8: New USB device found, idVendor=1d6b, idProduct=0002, bcdDevice= 6.17
[    6.805389][    T1] usb usb8: New USB device strings: Mfr=3, Product=2, SerialNumber=1
[    6.806527][    T1] usb usb8: Product: USB/IP Virtual Host Controller
[    6.807452][    T1] usb usb8: Manufacturer: Linux 6.17.0-rc2-00313-gc4299ef49f45-dirty vhci_hcd
[    6.808693][    T1] usb usb8: SerialNumber: vhci_hcd.3
[    6.811355][    T1] hub 8-0:1.0: USB hub found
[    6.812226][    T1] hub 8-0:1.0: 8 ports detected
[    6.819105][    T1] vhci_hcd vhci_hcd.3: USB/IP Virtual Host Controller
[    6.820659][    T1] vhci_hcd vhci_hcd.3: new USB bus registered, assigned bus number 9
[    6.822083][    T1] usb usb9: We don't know the algorithms for LPM for this host, disabling LPM.
[    6.823704][    T1] usb usb9: New USB device found, idVendor=1d6b, idProduct=0003, bcdDevice= 6.17
[    6.824802][    T1] usb usb9: New USB device strings: Mfr=3, Product=2, SerialNumber=1
[    6.825856][    T1] usb usb9: Product: USB/IP Virtual Host Controller
[    6.826793][    T1] usb usb9: Manufacturer: Linux 6.17.0-rc2-00313-gc4299ef49f45-dirty vhci_hcd
[    6.828072][    T1] usb usb9: SerialNumber: vhci_hcd.3
[    6.830717][    T1] hub 9-0:1.0: USB hub found
[    6.831539][    T1] hub 9-0:1.0: 8 ports detected
[    6.839811][    T1] vhci_hcd vhci_hcd.4: USB/IP Virtual Host Controller
[    6.841489][    T1] vhci_hcd vhci_hcd.4: new USB bus registered, assigned bus number 10
[    6.843377][    T1] usb usb10: New USB device found, idVendor=1d6b, idProduct=0002, bcdDevice= 6.17
[    6.844719][    T1] usb usb10: New USB device strings: Mfr=3, Product=2, SerialNumber=1
[    6.845880][    T1] usb usb10: Product: USB/IP Virtual Host Controller
[    6.846726][    T1] usb usb10: Manufacturer: Linux 6.17.0-rc2-00313-gc4299ef49f45-dirty vhci_hcd
[    6.847835][    T1] usb usb10: SerialNumber: vhci_hcd.4
[    6.850425][    T1] hub 10-0:1.0: USB hub found
[    6.851208][    T1] hub 10-0:1.0: 8 ports detected
[    6.858323][    T1] vhci_hcd vhci_hcd.4: USB/IP Virtual Host Controller
[    6.859677][    T1] vhci_hcd vhci_hcd.4: new USB bus registered, assigned bus number 11
[    6.860944][    T1] usb usb11: We don't know the algorithms for LPM for this host, disabling LPM.
[    6.862697][    T1] usb usb11: New USB device found, idVendor=1d6b, idProduct=0003, bcdDevice= 6.17
[    6.863791][    T1] usb usb11: New USB device strings: Mfr=3, Product=2, SerialNumber=1
[    6.864761][    T1] usb usb11: Product: USB/IP Virtual Host Controller
[    6.865632][    T1] usb usb11: Manufacturer: Linux 6.17.0-rc2-00313-gc4299ef49f45-dirty vhci_hcd
[    6.866781][    T1] usb usb11: SerialNumber: vhci_hcd.4
[    6.869623][    T1] hub 11-0:1.0: USB hub found
[    6.870362][    T1] hub 11-0:1.0: 8 ports detected
[    6.879910][    T1] vhci_hcd vhci_hcd.5: USB/IP Virtual Host Controller
[    6.881519][    T1] vhci_hcd vhci_hcd.5: new USB bus registered, assigned bus number 12
[    6.883449][    T1] usb usb12: New USB device found, idVendor=1d6b, idProduct=0002, bcdDevice= 6.17
[    6.884559][    T1] usb usb12: New USB device strings: Mfr=3, Product=2, SerialNumber=1
[    6.885620][    T1] usb usb12: Product: USB/IP Virtual Host Controller
[    6.886592][    T1] usb usb12: Manufacturer: Linux 6.17.0-rc2-00313-gc4299ef49f45-dirty vhci_hcd
[    6.887855][    T1] usb usb12: SerialNumber: vhci_hcd.5
[    6.890538][    T1] hub 12-0:1.0: USB hub found
[    6.891396][    T1] hub 12-0:1.0: 8 ports detected
[    6.898844][    T1] vhci_hcd vhci_hcd.5: USB/IP Virtual Host Controller
[    6.900218][    T1] vhci_hcd vhci_hcd.5: new USB bus registered, assigned bus number 13
[    6.901680][    T1] usb usb13: We don't know the algorithms for LPM for this host, disabling LPM.
[    6.903595][    T1] usb usb13: New USB device found, idVendor=1d6b, idProduct=0003, bcdDevice= 6.17
[    6.904903][    T1] usb usb13: New USB device strings: Mfr=3, Product=2, SerialNumber=1
[    6.906096][    T1] usb usb13: Product: USB/IP Virtual Host Controller
[    6.907070][    T1] usb usb13: Manufacturer: Linux 6.17.0-rc2-00313-gc4299ef49f45-dirty vhci_hcd
[    6.908394][    T1] usb usb13: SerialNumber: vhci_hcd.5
[    6.911387][    T1] hub 13-0:1.0: USB hub found
[    6.912264][    T1] hub 13-0:1.0: 8 ports detected
[    6.920332][    T1] vhci_hcd vhci_hcd.6: USB/IP Virtual Host Controller
[    6.921784][    T1] vhci_hcd vhci_hcd.6: new USB bus registered, assigned bus number 14
[    6.923628][    T1] usb usb14: New USB device found, idVendor=1d6b, idProduct=0002, bcdDevice= 6.17
[    6.925058][    T1] usb usb14: New USB device strings: Mfr=3, Product=2, SerialNumber=1
[    6.926368][    T1] usb usb14: Product: USB/IP Virtual Host Controller
[    6.927266][    T1] usb usb14: Manufacturer: Linux 6.17.0-rc2-00313-gc4299ef49f45-dirty vhci_hcd
[    6.928550][    T1] usb usb14: SerialNumber: vhci_hcd.6
[    6.931402][    T1] hub 14-0:1.0: USB hub found
[    6.932203][    T1] hub 14-0:1.0: 8 ports detected
[    6.938569][    T1] vhci_hcd vhci_hcd.6: USB/IP Virtual Host Controller
[    6.940198][    T1] vhci_hcd vhci_hcd.6: new USB bus registered, assigned bus number 15
[    6.941443][    T1] usb usb15: We don't know the algorithms for LPM for this host, disabling LPM.
[    6.943112][    T1] usb usb15: New USB device found, idVendor=1d6b, idProduct=0003, bcdDevice= 6.17
[    6.944188][    T1] usb usb15: New USB device strings: Mfr=3, Product=2, SerialNumber=1
[    6.945250][    T1] usb usb15: Product: USB/IP Virtual Host Controller
[    6.946153][    T1] usb usb15: Manufacturer: Linux 6.17.0-rc2-00313-gc4299ef49f45-dirty vhci_hcd
[    6.947279][    T1] usb usb15: SerialNumber: vhci_hcd.6
[    6.949898][    T1] hub 15-0:1.0: USB hub found
[    6.950603][    T1] hub 15-0:1.0: 8 ports detected
[    6.958734][    T1] vhci_hcd vhci_hcd.7: USB/IP Virtual Host Controller
[    6.960189][    T1] vhci_hcd vhci_hcd.7: new USB bus registered, assigned bus number 16
[    6.962114][    T1] usb usb16: New USB device found, idVendor=1d6b, idProduct=0002, bcdDevice= 6.17
[    6.963308][    T1] usb usb16: New USB device strings: Mfr=3, Product=2, SerialNumber=1
[    6.964257][    T1] usb usb16: Product: USB/IP Virtual Host Controller
[    6.965041][    T1] usb usb16: Manufacturer: Linux 6.17.0-rc2-00313-gc4299ef49f45-dirty vhci_hcd
[    6.966085][    T1] usb usb16: SerialNumber: vhci_hcd.7
[    6.968670][    T1] hub 16-0:1.0: USB hub found
[    6.969415][    T1] hub 16-0:1.0: 8 ports detected
[    6.976175][    T1] vhci_hcd vhci_hcd.7: USB/IP Virtual Host Controller
[    6.977720][    T1] vhci_hcd vhci_hcd.7: new USB bus registered, assigned bus number 17
[    6.979164][    T1] usb usb17: We don't know the algorithms for LPM for this host, disabling LPM.
[    6.981027][    T1] usb usb17: New USB device found, idVendor=1d6b, idProduct=0003, bcdDevice= 6.17
[    6.982392][    T1] usb usb17: New USB device strings: Mfr=3, Product=2, SerialNumber=1
[    6.983556][    T1] usb usb17: Product: USB/IP Virtual Host Controller
[    6.984506][    T1] usb usb17: Manufacturer: Linux 6.17.0-rc2-00313-gc4299ef49f45-dirty vhci_hcd
[    6.985765][    T1] usb usb17: SerialNumber: vhci_hcd.7
[    6.988413][    T1] hub 17-0:1.0: USB hub found
[    6.989251][    T1] hub 17-0:1.0: 8 ports detected
[    6.996573][    T1] vhci_hcd vhci_hcd.8: USB/IP Virtual Host Controller
[    6.999041][    T1] vhci_hcd vhci_hcd.8: new USB bus registered, assigned bus number 18
[    7.000878][    T1] usb usb18: New USB device found, idVendor=1d6b, idProduct=0002, bcdDevice= 6.17
[    7.002048][    T1] usb usb18: New USB device strings: Mfr=3, Product=2, SerialNumber=1
[    7.003042][    T1] usb usb18: Product: USB/IP Virtual Host Controller
[    7.003833][    T1] usb usb18: Manufacturer: Linux 6.17.0-rc2-00313-gc4299ef49f45-dirty vhci_hcd
[    7.004871][    T1] usb usb18: SerialNumber: vhci_hcd.8
[    7.007495][    T1] hub 18-0:1.0: USB hub found
[    7.008212][    T1] hub 18-0:1.0: 8 ports detected
[    7.014769][    T1] vhci_hcd vhci_hcd.8: USB/IP Virtual Host Controller
[    7.016201][    T1] vhci_hcd vhci_hcd.8: new USB bus registered, assigned bus number 19
[    7.017499][    T1] usb usb19: We don't know the algorithms for LPM for this host, disabling LPM.
[    7.019168][    T1] usb usb19: New USB device found, idVendor=1d6b, idProduct=0003, bcdDevice= 6.17
[    7.020326][    T1] usb usb19: New USB device strings: Mfr=3, Product=2, SerialNumber=1
[    7.021463][    T1] usb usb19: Product: USB/IP Virtual Host Controller
[    7.022439][    T1] usb usb19: Manufacturer: Linux 6.17.0-rc2-00313-gc4299ef49f45-dirty vhci_hcd
[    7.023631][    T1] usb usb19: SerialNumber: vhci_hcd.8
[    7.026209][    T1] hub 19-0:1.0: USB hub found
[    7.026944][    T1] hub 19-0:1.0: 8 ports detected
[    7.034957][    T1] vhci_hcd vhci_hcd.9: USB/IP Virtual Host Controller
[    7.036342][    T1] vhci_hcd vhci_hcd.9: new USB bus registered, assigned bus number 20
[    7.038046][    T1] usb usb20: New USB device found, idVendor=1d6b, idProduct=0002, bcdDevice= 6.17
[    7.039224][    T1] usb usb20: New USB device strings: Mfr=3, Product=2, SerialNumber=1
[    7.040227][    T1] usb usb20: Product: USB/IP Virtual Host Controller
[    7.041019][    T1] usb usb20: Manufacturer: Linux 6.17.0-rc2-00313-gc4299ef49f45-dirty vhci_hcd
[    7.042170][    T1] usb usb20: SerialNumber: vhci_hcd.9
[    7.044761][    T1] hub 20-0:1.0: USB hub found
[    7.045491][    T1] hub 20-0:1.0: 8 ports detected
[    7.052031][    T1] vhci_hcd vhci_hcd.9: USB/IP Virtual Host Controller
[    7.053410][    T1] vhci_hcd vhci_hcd.9: new USB bus registered, assigned bus number 21
[    7.054689][    T1] usb usb21: We don't know the algorithms for LPM for this host, disabling LPM.
[    7.056393][    T1] usb usb21: New USB device found, idVendor=1d6b, idProduct=0003, bcdDevice= 6.17
[    7.057520][    T1] usb usb21: New USB device strings: Mfr=3, Product=2, SerialNumber=1
[    7.058524][    T1] usb usb21: Product: USB/IP Virtual Host Controller
[    7.059346][    T1] usb usb21: Manufacturer: Linux 6.17.0-rc2-00313-gc4299ef49f45-dirty vhci_hcd
[    7.060447][    T1] usb usb21: SerialNumber: vhci_hcd.9
[    7.063299][    T1] hub 21-0:1.0: USB hub found
[    7.064125][    T1] hub 21-0:1.0: 8 ports detected
[    7.073934][    T1] vhci_hcd vhci_hcd.10: USB/IP Virtual Host Controller
[    7.076098][    T1] vhci_hcd vhci_hcd.10: new USB bus registered, assigned bus number 22
[    7.077861][    T1] usb usb22: New USB device found, idVendor=1d6b, idProduct=0002, bcdDevice= 6.17
[    7.078970][    T1] usb usb22: New USB device strings: Mfr=3, Product=2, SerialNumber=1
[    7.079997][    T1] usb usb22: Product: USB/IP Virtual Host Controller
[    7.080867][    T1] usb usb22: Manufacturer: Linux 6.17.0-rc2-00313-gc4299ef49f45-dirty vhci_hcd
[    7.082125][    T1] usb usb22: SerialNumber: vhci_hcd.10
[    7.084843][    T1] hub 22-0:1.0: USB hub found
[    7.085773][    T1] hub 22-0:1.0: 8 ports detected
[    7.092865][    T1] vhci_hcd vhci_hcd.10: USB/IP Virtual Host Controller
[    7.094356][    T1] vhci_hcd vhci_hcd.10: new USB bus registered, assigned bus number 23
[    7.095780][    T1] usb usb23: We don't know the algorithms for LPM for this host, disabling LPM.
[    7.097655][    T1] usb usb23: New USB device found, idVendor=1d6b, idProduct=0003, bcdDevice= 6.17
[    7.098922][    T1] usb usb23: New USB device strings: Mfr=3, Product=2, SerialNumber=1
[    7.099987][    T1] usb usb23: Product: USB/IP Virtual Host Controller
[    7.100869][    T1] usb usb23: Manufacturer: Linux 6.17.0-rc2-00313-gc4299ef49f45-dirty vhci_hcd
[    7.102053][    T1] usb usb23: SerialNumber: vhci_hcd.10
[    7.104756][    T1] hub 23-0:1.0: USB hub found
[    7.105823][    T1] hub 23-0:1.0: 8 ports detected
[    7.114884][    T1] vhci_hcd vhci_hcd.11: USB/IP Virtual Host Controller
[    7.116811][    T1] vhci_hcd vhci_hcd.11: new USB bus registered, assigned bus number 24
[    7.119019][    T1] usb usb24: New USB device found, idVendor=1d6b, idProduct=0002, bcdDevice= 6.17
[    7.120329][    T1] usb usb24: New USB device strings: Mfr=3, Product=2, SerialNumber=1
[    7.121309][    T1] usb usb24: Product: USB/IP Virtual Host Controller
[    7.122121][    T1] usb usb24: Manufacturer: Linux 6.17.0-rc2-00313-gc4299ef49f45-dirty vhci_hcd
[    7.123174][    T1] usb usb24: SerialNumber: vhci_hcd.11
[    7.126141][    T1] hub 24-0:1.0: USB hub found
[    7.126914][    T1] hub 24-0:1.0: 8 ports detected
[    7.134392][    T1] vhci_hcd vhci_hcd.11: USB/IP Virtual Host Controller
[    7.135907][    T1] vhci_hcd vhci_hcd.11: new USB bus registered, assigned bus number 25
[    7.137296][    T1] usb usb25: We don't know the algorithms for LPM for this host, disabling LPM.
[    7.139008][    T1] usb usb25: New USB device found, idVendor=1d6b, idProduct=0003, bcdDevice= 6.17
[    7.140116][    T1] usb usb25: New USB device strings: Mfr=3, Product=2, SerialNumber=1
[    7.141172][    T1] usb usb25: Product: USB/IP Virtual Host Controller
[    7.142031][    T1] usb usb25: Manufacturer: Linux 6.17.0-rc2-00313-gc4299ef49f45-dirty vhci_hcd
[    7.143085][    T1] usb usb25: SerialNumber: vhci_hcd.11
[    7.146077][    T1] hub 25-0:1.0: USB hub found
[    7.146863][    T1] hub 25-0:1.0: 8 ports detected
[    7.155814][    T1] vhci_hcd vhci_hcd.12: USB/IP Virtual Host Controller
[    7.158062][    T1] vhci_hcd vhci_hcd.12: new USB bus registered, assigned bus number 26
[    7.159824][    T1] usb usb26: New USB device found, idVendor=1d6b, idProduct=0002, bcdDevice= 6.17
[    7.160979][    T1] usb usb26: New USB device strings: Mfr=3, Product=2, SerialNumber=1
[    7.162015][    T1] usb usb26: Product: USB/IP Virtual Host Controller
[    7.162806][    T1] usb usb26: Manufacturer: Linux 6.17.0-rc2-00313-gc4299ef49f45-dirty vhci_hcd
[    7.163875][    T1] usb usb26: SerialNumber: vhci_hcd.12
[    7.166765][    T1] hub 26-0:1.0: USB hub found
[    7.167550][    T1] hub 26-0:1.0: 8 ports detected
[    7.174832][    T1] vhci_hcd vhci_hcd.12: USB/IP Virtual Host Controller
[    7.176464][    T1] vhci_hcd vhci_hcd.12: new USB bus registered, assigned bus number 27
[    7.177858][    T1] usb usb27: We don't know the algorithms for LPM for this host, disabling LPM.
[    7.179635][    T1] usb usb27: New USB device found, idVendor=1d6b, idProduct=0003, bcdDevice= 6.17
[    7.180724][    T1] usb usb27: New USB device strings: Mfr=3, Product=2, SerialNumber=1
[    7.181698][    T1] usb usb27: Product: USB/IP Virtual Host Controller
[    7.182572][    T1] usb usb27: Manufacturer: Linux 6.17.0-rc2-00313-gc4299ef49f45-dirty vhci_hcd
[    7.183648][    T1] usb usb27: SerialNumber: vhci_hcd.12
[    7.187057][    T1] hub 27-0:1.0: USB hub found
[    7.188145][    T1] hub 27-0:1.0: 8 ports detected
[    7.197397][    T1] vhci_hcd vhci_hcd.13: USB/IP Virtual Host Controller
[    7.198953][    T1] vhci_hcd vhci_hcd.13: new USB bus registered, assigned bus number 28
[    7.200752][    T1] usb usb28: New USB device found, idVendor=1d6b, idProduct=0002, bcdDevice= 6.17
[    7.202039][    T1] usb usb28: New USB device strings: Mfr=3, Product=2, SerialNumber=1
[    7.203118][    T1] usb usb28: Product: USB/IP Virtual Host Controller
[    7.203971][    T1] usb usb28: Manufacturer: Linux 6.17.0-rc2-00313-gc4299ef49f45-dirty vhci_hcd
[    7.205155][    T1] usb usb28: SerialNumber: vhci_hcd.13
[    7.208389][    T1] hub 28-0:1.0: USB hub found
[    7.209187][    T1] hub 28-0:1.0: 8 ports detected
[    7.216974][    T1] vhci_hcd vhci_hcd.13: USB/IP Virtual Host Controller
[    7.218543][    T1] vhci_hcd vhci_hcd.13: new USB bus registered, assigned bus number 29
[    7.219821][    T1] usb usb29: We don't know the algorithms for LPM for this host, disabling LPM.
[    7.221492][    T1] usb usb29: New USB device found, idVendor=1d6b, idProduct=0003, bcdDevice= 6.17
[    7.222712][    T1] usb usb29: New USB device strings: Mfr=3, Product=2, SerialNumber=1
[    7.223765][    T1] usb usb29: Product: USB/IP Virtual Host Controller
[    7.224591][    T1] usb usb29: Manufacturer: Linux 6.17.0-rc2-00313-gc4299ef49f45-dirty vhci_hcd
[    7.225674][    T1] usb usb29: SerialNumber: vhci_hcd.13
[    7.228507][    T1] hub 29-0:1.0: USB hub found
[    7.229253][    T1] hub 29-0:1.0: 8 ports detected
[    7.238535][    T1] vhci_hcd vhci_hcd.14: USB/IP Virtual Host Controller
[    7.240147][    T1] vhci_hcd vhci_hcd.14: new USB bus registered, assigned bus number 30
[    7.242181][    T1] usb usb30: New USB device found, idVendor=1d6b, idProduct=0002, bcdDevice= 6.17
[    7.243402][    T1] usb usb30: New USB device strings: Mfr=3, Product=2, SerialNumber=1
[    7.244479][    T1] usb usb30: Product: USB/IP Virtual Host Controller
[    7.245355][    T1] usb usb30: Manufacturer: Linux 6.17.0-rc2-00313-gc4299ef49f45-dirty vhci_hcd
[    7.246534][    T1] usb usb30: SerialNumber: vhci_hcd.14
[    7.249273][    T1] hub 30-0:1.0: USB hub found
[    7.249999][    T1] hub 30-0:1.0: 8 ports detected
[    7.256449][    T1] vhci_hcd vhci_hcd.14: USB/IP Virtual Host Controller
[    7.258223][    T1] vhci_hcd vhci_hcd.14: new USB bus registered, assigned bus number 31
[    7.259620][    T1] usb usb31: We don't know the algorithms for LPM for this host, disabling LPM.
[    7.261400][    T1] usb usb31: New USB device found, idVendor=1d6b, idProduct=0003, bcdDevice= 6.17
[    7.262688][    T1] usb usb31: New USB device strings: Mfr=3, Product=2, SerialNumber=1
[    7.263696][    T1] usb usb31: Product: USB/IP Virtual Host Controller
[    7.264496][    T1] usb usb31: Manufacturer: Linux 6.17.0-rc2-00313-gc4299ef49f45-dirty vhci_hcd
[    7.265574][    T1] usb usb31: SerialNumber: vhci_hcd.14
[    7.268234][    T1] hub 31-0:1.0: USB hub found
[    7.268949][    T1] hub 31-0:1.0: 8 ports detected
[    7.277270][    T1] vhci_hcd vhci_hcd.15: USB/IP Virtual Host Controller
[    7.278826][    T1] vhci_hcd vhci_hcd.15: new USB bus registered, assigned bus number 32
[    7.280871][    T1] usb usb32: New USB device found, idVendor=1d6b, idProduct=0002, bcdDevice= 6.17
[    7.282032][    T1] usb usb32: New USB device strings: Mfr=3, Product=2, SerialNumber=1
[    7.282997][    T1] usb usb32: Product: USB/IP Virtual Host Controller
[    7.283791][    T1] usb usb32: Manufacturer: Linux 6.17.0-rc2-00313-gc4299ef49f45-dirty vhci_hcd
[    7.284888][    T1] usb usb32: SerialNumber: vhci_hcd.15
[    7.287969][    T1] hub 32-0:1.0: USB hub found
[    7.288958][    T1] hub 32-0:1.0: 8 ports detected
[    7.296930][    T1] vhci_hcd vhci_hcd.15: USB/IP Virtual Host Controller
[    7.298510][    T1] vhci_hcd vhci_hcd.15: new USB bus registered, assigned bus number 33
[    7.299990][    T1] usb usb33: We don't know the algorithms for LPM for this host, disabling LPM.
[    7.301823][    T1] usb usb33: New USB device found, idVendor=1d6b, idProduct=0003, bcdDevice= 6.17
[    7.303062][    T1] usb usb33: New USB device strings: Mfr=3, Product=2, SerialNumber=1
[    7.304022][    T1] usb usb33: Product: USB/IP Virtual Host Controller
[    7.304816][    T1] usb usb33: Manufacturer: Linux 6.17.0-rc2-00313-gc4299ef49f45-dirty vhci_hcd
[    7.306032][    T1] usb usb33: SerialNumber: vhci_hcd.15
[    7.308948][    T1] hub 33-0:1.0: USB hub found
[    7.309926][    T1] hub 33-0:1.0: 8 ports detected
[    7.318815][    T1] usbcore: registered new device driver usbip-host
[    7.326645][    T1] i8042: PNP: PS/2 Controller [PNP0303:KBD,PNP0f13:MOU] at 0x60,0x64 irq 1,12
[    7.329986][    T1] serio: i8042 KBD port at 0x60,0x64 irq 1
[    7.331995][    T1] serio: i8042 AUX port at 0x60,0x64 irq 12
[    7.335992][    T1] mousedev: PS/2 mouse device common for all mice
[    7.339580][  T782] input: AT Translated Set 2 keyboard as /devices/platform/i8042/serio0/input/input1
[    7.342094][    T1] usbcore: registered new interface driver appletouch
[    7.343506][    T1] usbcore: registered new interface driver bcm5974
[    7.345141][    T1] usbcore: registered new interface driver synaptics_usb
[    7.346262][    T1] usbcore: registered new interface driver iforce
[    7.347241][    T1] usbcore: registered new interface driver pxrc
[    7.348352][    T1] usbcore: registered new interface driver xpad
[    7.349564][    T1] usbcore: registered new interface driver usb_acecad
[    7.350839][    T1] usbcore: registered new interface driver aiptek
[    7.353586][    T1] usbcore: registered new interface driver hanwang
[    7.354757][    T1] usbcore: registered new interface driver kbtab
[    7.356199][    T1] usbcore: registered new interface driver pegasus_notetaker
[    7.357472][    T1] usbcore: registered new interface driver usbtouchscreen
[    7.358597][    T1] usbcore: registered new interface driver sur40
[    7.359818][    T1] usbcore: registered new interface driver ati_remote2
[    7.360902][    T1] cm109: Keymap for Komunikate KIP1000 phone loaded
[    7.363581][    T1] usbcore: registered new interface driver cm109
[    7.364427][    T1] cm109: CM109 phone driver: 20080805 (C) Alfred E. Heggestad
[    7.365704][    T1] usbcore: registered new interface driver ims_pcu
[    7.366730][    T1] usbcore: registered new interface driver keyspan_remote
[    7.367819][    T1] usbcore: registered new interface driver powermate
[    7.369252][    T1] usbcore: registered new interface driver yealink
[    7.371268][    T1] rtc_cmos 00:05: RTC can wake from S4
[    7.375824][    T1] rtc_cmos 00:05: registered as rtc0
[    7.376540][    T1] rtc_cmos 00:05: alarms up to one day, y3k, 242 bytes nvram, hpet irqs
[    7.377899][    T1] i2c_dev: i2c /dev entries driver
[    7.379083][    T1] usbcore: registered new interface driver i2c-diolan-u2c
[    7.380776][    T1] usbcore: registered new interface driver i2c-cp2615
[    7.381916][    T1] usbcore: registered new interface driver RobotFuzz Open Source InterFace, OSIF
[    7.383251][    T1] usbcore: registered new interface driver i2c-tiny-usb
[    7.385635][    T1] usbcore: registered new interface driver igorplugusb
[    7.386691][    T1] usbcore: registered new interface driver iguanair
[    7.388035][    T1] usbcore: registered new interface driver imon
[    7.389031][    T1] usbcore: registered new interface driver imon_raw
[    7.390180][    T1] usbcore: registered new interface driver mceusb
[    7.391486][    T1] usbcore: registered new interface driver redrat3
[    7.393793][    T1] usbcore: registered new interface driver streamzap
[    7.394824][    T1] usbcore: registered new interface driver ir_toy
[    7.395866][    T1] usbcore: registered new interface driver ttusbir
[    7.396969][    T1] usbcore: registered new interface driver ati_remote
[    7.398000][    T1] usbcore: registered new interface driver xbox_remote
[    7.399206][    T1] b2c2-flexcop: B2C2 FlexcopII/II(b)/III digital TV receiver chip loaded successfully
[    7.400710][    T1] usbcore: registered new interface driver b2c2_flexcop_usb
[    7.401843][    T1] usbcore: registered new interface driver dvb_usb_vp7045
[    7.402911][    T1] usbcore: registered new interface driver dvb_usb_vp702x
[    7.403984][    T1] usbcore: registered new interface driver dvb_usb_gp8psk
[    7.405122][    T1] usbcore: registered new interface driver dvb_usb_dtt200u
[    7.406202][    T1] usbcore: registered new interface driver dvb_usb_a800
[    7.407286][    T1] usbcore: registered new interface driver dvb_usb_dibusb_mb
[    7.408407][    T1] usbcore: registered new interface driver dvb_usb_dibusb_mc
[    7.409511][    T1] usbcore: registered new interface driver dvb_usb_nova_t_usb2
[    7.410647][    T1] usbcore: registered new interface driver dvb_usb_umt_010
[    7.412312][    T1] usbcore: registered new interface driver dvb_usb_m920x
[    7.413397][    T1] usbcore: registered new interface driver dvb_usb_digitv
[    7.414486][    T1] usbcore: registered new interface driver dvb_usb_cxusb
[    7.415556][    T1] usbcore: registered new interface driver dvb_usb_ttusb2
[    7.416714][    T1] usbcore: registered new interface driver dvb_usb_dib0700
[    7.417804][    T1] usbcore: registered new interface driver opera1
[    7.418824][    T1] usbcore: registered new interface driver dvb_usb_af9005
[    7.419676][    T1] failing symbol_get of non-GPLONLY symbol af9005_rc_decode.
[    7.420884][    T1] failing symbol_get of non-GPLONLY symbol af9005_rc_decode.
[    7.421799][    T1] failing symbol_get of non-GPLONLY symbol rc_map_af9005_table.
[    7.423382][    T1] failing symbol_get of non-GPLONLY symbol rc_map_af9005_table.
[    7.424286][    T1] failing symbol_get of non-GPLONLY symbol rc_map_af9005_table_size.
[    7.425527][    T1] failing symbol_get of non-GPLONLY symbol rc_map_af9005_table_size.
[    7.426491][    T1] af9005: af9005_rc_decode function not found, disabling remote
[    7.427738][    T1] usbcore: registered new interface driver pctv452e
[    7.428974][    T1] usbcore: registered new interface driver dw2102
[    7.430120][    T1] usbcore: registered new interface driver dvb_usb_dtv5100
[    7.431331][    T1] usbcore: registered new interface driver cinergyT2
[    7.432845][    T1] usbcore: registered new interface driver dvb_usb_az6027
[    7.434076][    T1] usbcore: registered new interface driver dvb_usb_technisat_usb2
[    7.435384][    T1] usbcore: registered new interface driver dvb_usb_af9015
[    7.436621][    T1] usbcore: registered new interface driver dvb_usb_af9035
[    7.437828][    T1] usbcore: registered new interface driver dvb_usb_anysee
[    7.439024][    T1] usbcore: registered new interface driver dvb_usb_au6610
[    7.440219][    T1] usbcore: registered new interface driver dvb_usb_az6007
[    7.441439][    T1] usbcore: registered new interface driver dvb_usb_ce6230
[    7.442667][    T1] usbcore: registered new interface driver dvb_usb_ec168
[    7.443914][    T1] usbcore: registered new interface driver dvb_usb_lmedm04
[    7.445108][    T1] usbcore: registered new interface driver dvb_usb_gl861
[    7.446343][    T1] usbcore: registered new interface driver dvb_usb_mxl111sf
[    7.447580][    T1] usbcore: registered new interface driver dvb_usb_rtl28xxu
[    7.448809][    T1] usbcore: registered new interface driver dvb_usb_dvbsky
[    7.450019][    T1] usbcore: registered new interface driver zd1301
[    7.451158][    T1] usbcore: registered new interface driver s2255
[    7.452662][    T1] usbcore: registered new interface driver smsusb
[    7.453678][    T1] usbcore: registered new interface driver ttusb
[    7.454678][    T1] usbcore: registered new interface driver ttusb-dec
[    7.455714][    T1] usbcore: registered new interface driver Abilis Systems as10x usb driver
[    7.456983][    T1] usbcore: registered new interface driver airspy
[    7.457774][    T1] gspca_main: v2.14.0 registered
[    7.458593][    T1] usbcore: registered new interface driver benq
[    7.459567][    T1] usbcore: registered new interface driver conex
[    7.460557][    T1] usbcore: registered new interface driver cpia1
[    7.461547][    T1] usbcore: registered new interface driver dtcs033
[    7.462580][    T1] usbcore: registered new interface driver etoms
[    7.463595][    T1] usbcore: registered new interface driver finepix
[    7.464606][    T1] usbcore: registered new interface driver jeilinj
[    7.465618][    T1] usbcore: registered new interface driver jl2005bcd
[    7.466641][    T1] usbcore: registered new interface driver kinect
[    7.467649][    T1] usbcore: registered new interface driver konica
[    7.468644][    T1] usbcore: registered new interface driver mars
[    7.469782][    T1] usbcore: registered new interface driver mr97310a
[    7.470820][    T1] usbcore: registered new interface driver nw80x
[    7.471862][    T1] usbcore: registered new interface driver ov519
[    7.472842][    T1] usbcore: registered new interface driver ov534
[    7.473839][    T1] usbcore: registered new interface driver ov534_9
[    7.474861][    T1] usbcore: registered new interface driver pac207
[    7.475882][    T1] usbcore: registered new interface driver gspca_pac7302
[    7.476950][    T1] usbcore: registered new interface driver pac7311
[    7.477971][    T1] usbcore: registered new interface driver se401
[    7.478946][    T1] usbcore: registered new interface driver sn9c2028
[    7.479997][    T1] usbcore: registered new interface driver gspca_sn9c20x
[    7.481107][    T1] usbcore: registered new interface driver sonixb
[    7.482223][    T1] usbcore: registered new interface driver sonixj
[    7.483235][    T1] usbcore: registered new interface driver spca500
[    7.484270][    T1] usbcore: registered new interface driver spca501
[    7.485286][    T1] usbcore: registered new interface driver spca505
[    7.486304][    T1] usbcore: registered new interface driver spca506
[    7.487325][    T1] usbcore: registered new interface driver spca508
[    7.488359][    T1] usbcore: registered new interface driver spca561
[    7.489372][    T1] usbcore: registered new interface driver spca1528
[    7.490381][    T1] usbcore: registered new interface driver sq905
[    7.491362][    T1] usbcore: registered new interface driver sq905c
[    7.492417][    T1] usbcore: registered new interface driver sq930x
[    7.493481][    T1] usbcore: registered new interface driver sunplus
[    7.494918][    T1] usbcore: registered new interface driver stk014
[    7.495914][    T1] usbcore: registered new interface driver stk1135
[    7.496917][    T1] usbcore: registered new interface driver stv0680
[    7.497926][    T1] usbcore: registered new interface driver t613
[    7.498891][    T1] usbcore: registered new interface driver gspca_topro
[    7.499959][    T1] usbcore: registered new interface driver touptek
[    7.500975][    T1] usbcore: registered new interface driver tv8532
[    7.502028][    T1] usbcore: registered new interface driver vc032x
[    7.503018][    T1] usbcore: registered new interface driver vicam
[    7.503999][    T1] usbcore: registered new interface driver xirlink-cit
[    7.505155][    T1] usbcore: registered new interface driver gspca_zc3xx
[    7.506200][    T1] usbcore: registered new interface driver ALi m5602
[    7.507298][    T1] usbcore: registered new interface driver STV06xx
[    7.508284][    T1] usbcore: registered new interface driver gspca_gl860
[    7.509333][    T1] usbcore: registered new interface driver hackrf
[    7.510318][    T1] usbcore: registered new interface driver msi2500
[    7.511344][    T1] usbcore: registered new interface driver Philips webcam
[    7.512868][    T1] usbcore: registered new interface driver uvcvideo
[    7.513658][    T1] au0828: au0828 driver loaded
[    7.514491][    T1] usbcore: registered new interface driver au0828
[    7.515516][    T1] usbcore: registered new interface driver cx231xx
[    7.516672][    T1] usbcore: registered new interface driver em28xx
[    7.517461][    T1] em28xx: Registered (Em28xx v4l2 Extension) extension
[    7.518272][    T1] em28xx: Registered (Em28xx Audio Extension) extension
[    7.519126][    T1] em28xx: Registered (Em28xx dvb Extension) extension
[    7.519951][    T1] em28xx: Registered (Em28xx Input Extension) extension
[    7.521087][    T1] usbcore: registered new interface driver go7007
[    7.522168][    T1] usbcore: registered new interface driver go7007-loader
[    7.523384][    T1] usbcore: registered new interface driver hdpvr
[    7.524746][    T1] usbcore: registered new interface driver pvrusb2
[    7.525554][    T1] pvrusb2: V4L in-tree version:Hauppauge WinTV-PVR-USB2 MPEG2 Encoder/Tuner
[    7.526610][    T1] pvrusb2: Debug mask is 31 (0x1f)
[    7.527478][    T1] usbcore: registered new interface driver stk1160
[    7.528496][    T1] usbcore: registered new interface driver usbtv
[    7.531268][    T1] dvbdev: DVB: registering new adapter (dvb_vidtv_bridge)
[    7.535821][    T1] i2c i2c-0: DVB: registering adapter 0 frontend 0 (Dummy demod for DVB-T/T2/C/S/S2)...
[    7.539067][    T1] dvbdev: dvb_create_media_entity: media entity 'Dummy demod for DVB-T/T2/C/S/S2' registered.
[    7.552587][    T1] dvbdev: dvb_create_media_entity: media entity 'dvb-demux' registered.
[    7.557874][    T1] vidtv vidtv.0: Successfully initialized vidtv!
[    7.560172][    T1] vicodec vicodec.0: Device 'stateful-encoder' registered as /dev/video0
[    7.566424][    T1] vicodec vicodec.0: Device 'stateful-decoder' registered as /dev/video1
[    7.567893][    T1] vicodec vicodec.0: Device 'stateless-decoder' registered as /dev/video2
[    7.570683][    T1] vim2m vim2m.0: Device registered as /dev/video3
[    7.586625][    T1] vivid-000: using single planar format API
[    7.596668][    T1] vivid-000: CEC adapter cec0 registered for HDMI input
[    7.598566][    T1] vivid-000: V4L2 capture device registered as video7
[    7.599797][    T1] vivid-000: CEC adapter cec1 registered for HDMI output 0
[    7.601083][    T1] vivid-000: V4L2 output device registered as video8
[    7.602865][    T1] vivid-000: V4L2 capture device registered as vbi0, supports raw and sliced VBI
[    7.604493][    T1] vivid-000: V4L2 output device registered as vbi1, supports raw and sliced VBI
[    7.606002][    T1] vivid-000: V4L2 capture device registered as swradio0
[    7.607244][    T1] vivid-000: V4L2 receiver device registered as radio0
[    7.608479][    T1] vivid-000: V4L2 transmitter device registered as radio1
[    7.609758][    T1] vivid-000: V4L2 metadata capture device registered as video9
[    7.611160][    T1] vivid-000: V4L2 metadata output device registered as video10
[    7.613941][    T1] vivid-000: V4L2 touch capture device registered as v4l-touch0
[    7.616332][    T1] usbcore: registered new interface driver radioshark2
[    7.617442][    T1] usbcore: registered new interface driver radioshark
[    7.618499][    T1] usbcore: registered new interface driver radio-si470x
[    7.620094][    T1] usbcore: registered new interface driver radio-usb-si4713
[    7.621208][    T1] usbcore: registered new interface driver dsbr100
[    7.623435][    T1] usbcore: registered new interface driver radio-keene
[    7.624474][    T1] usbcore: registered new interface driver radio-ma901
[    7.625527][    T1] usbcore: registered new interface driver radio-mr800
[    7.626578][    T1] usbcore: registered new interface driver radio-raremono
[    7.628754][    T1] usbcore: registered new interface driver powerz
[    7.629761][    T1] usbcore: registered new interface driver pcwd_usb
[    7.631822][    T1] device-mapper: core: CONFIG_IMA_DISABLE_HTABLE is disabled. Duplicate IMA measurements will not be recorded in the IMA log.
[    7.633403][    T1] device-mapper: uevent: version 1.0.3
[    7.634758][    T1] device-mapper: ioctl: 4.50.0-ioctl (2025-04-28) initialised: dm-devel@lists.linux.dev
[    7.636778][    T1] device-mapper: multipath round-robin: version 1.2.0 loaded
[    7.637815][    T1] device-mapper: multipath queue-length: version 0.2.0 loaded
[    7.638871][    T1] device-mapper: multipath service-time: version 0.3.0 loaded
[    7.640375][    T1] Bluetooth: HCI UART driver ver 2.3
[    7.641016][    T1] Bluetooth: HCI UART protocol H4 registered
[    7.641738][    T1] Bluetooth: HCI UART protocol BCSP registered
[    7.642793][    T1] Bluetooth: HCI UART protocol LL registered
[    7.643598][    T1] Bluetooth: HCI UART protocol Three-wire (H5) registered
[    7.644541][    T1] Bluetooth: HCI UART protocol QCA registered
[    7.645279][    T1] Bluetooth: HCI UART protocol AG6XX registered
[    7.646107][    T1] Bluetooth: HCI UART protocol Marvell registered
[    7.647171][    T1] usbcore: registered new interface driver bcm203x
[    7.648176][    T1] usbcore: registered new interface driver bpa10x
[    7.649182][    T1] usbcore: registered new interface driver bfusb
[    7.650218][    T1] usbcore: registered new interface driver btusb
[    7.651278][    T1] usbcore: registered new interface driver ath3k
[    7.652698][    T1] Modular ISDN core version 1.1.29
[    7.653863][    T1] NET: Registered PF_ISDN protocol family
[    7.654553][    T1] DSP module 2.0
[    7.654975][    T1] mISDN_dsp: DSP clocks every 80 samples. This equals 1 jiffies.
[    7.666483][    T1] mISDN: Layer-1-over-IP driver Rev. 2.00
[    7.667735][    T1] 0 virtual devices registered
[    7.668550][    T1] usbcore: registered new interface driver HFC-S_USB
[    7.669354][    T1] amd_pstate: the _CPC object is not present in SBIOS or ACPI disabled
[    7.670332][    T1] VUB300 Driver rom wait states = 1C irqpoll timeout = 0400
[    7.671208][    T1] usbcore: registered new interface driver vub300
[    7.674154][    T1] usbcore: registered new interface driver ushc
[    7.678413][    T1] iscsi: registered transport (iser)
[    7.679646][    T1] SoftiWARP attached
[    7.686456][    T1] hid: raw HID events driver (C) Jiri Kosina
[    7.723956][    T1] usbcore: registered new interface driver usbhid
[    7.724757][    T1] usbhid: USB HID core driver
[    7.728653][    T1] usbcore: registered new interface driver es2_ap_driver
[    7.729500][    T1] comedi: version 0.7.76 - http://www.comedi.org
[    7.731694][    T1] comedi comedi0: comedi_test: 1000000 microvolt, 100000 microsecond waveform attached
[    7.737020][    T1] comedi comedi0: driver 'comedi_test' has successfully auto-configured 'comedi_test'.
[    7.739341][    T1] usbcore: registered new interface driver dt9812
[    7.740291][    T1] usbcore: registered new interface driver ni6501
[    7.741256][    T1] usbcore: registered new interface driver usbdux
[    7.743208][    T1] usbcore: registered new interface driver usbduxfast
[    7.744209][    T1] usbcore: registered new interface driver usbduxsigma
[    7.745233][    T1] usbcore: registered new interface driver vmk80xx
[    7.746190][    T1] greybus: registered new driver hid
[    7.747127][    T1] greybus: registered new driver gbphy
[    7.747955][    T1] gb_gbphy: registered new driver usb
[    7.748673][    T1] asus_wmi: ASUS WMI generic driver loaded
[    7.754398][    T1] gnss: GNSS driver registered with major 493
[    7.755649][    T1] usbcore: registered new interface driver gnss-usb
[    7.756670][    T1] usbcore: registered new interface driver hdm_usb
[    7.785360][  T782] input: ImExPS/2 Generic Explorer Mouse as /devices/platform/i8042/serio1/input/input3
[    7.808180][    T1] usbcore: registered new interface driver snd-usb-audio
[    7.809296][    T1] usbcore: registered new interface driver snd-ua101
[    7.810329][    T1] usbcore: registered new interface driver snd-usb-usx2y
[    7.811400][    T1] usbcore: registered new interface driver snd-usb-us122l
