bash: warning: setlocale: LC_ALL: cannot change locale (en_US.UTF-8)
c[?7l[2J[0mSeaBIOS (version 1.16.2-debian-1.16.2-1)


iPXE (http://ipxe.org) 00:03.0 CA00 PCI2.10 PnP PMM+BEFCEF00+BEF0EF00 CA00
Press Ctrl-B to configure iPXE (PCI 00:03.0)...                                                                               


Booting from ROM...
c[?7l[2J[    0.000000] Linux version 6.1.52-09065-g59b13c2b647e-dirty (root@buildkitsandbox) (gcc (Debian 12.2.0-14+deb12u1) 12.2.0, GNU ld (GNU Binutils for Debian) 2.40) #1 SMP PREEMPT_DYNAMIC Tue May  5 12:16:11 UTC 2026
[    0.000000] Command line: console=ttyS0 oops=panic nokaslr rdinit=/init
[    0.000000] BIOS-provided physical RAM map:
[    0.000000] BIOS-e820: [mem 0x0000000000000000-0x000000000009fbff] usable
[    0.000000] BIOS-e820: [mem 0x000000000009fc00-0x000000000009ffff] reserved
[    0.000000] BIOS-e820: [mem 0x00000000000f0000-0x00000000000fffff] reserved
[    0.000000] BIOS-e820: [mem 0x0000000000100000-0x00000000bffdffff] usable
[    0.000000] BIOS-e820: [mem 0x00000000bffe0000-0x00000000bfffffff] reserved
[    0.000000] BIOS-e820: [mem 0x00000000feffc000-0x00000000feffffff] reserved
[    0.000000] BIOS-e820: [mem 0x00000000fffc0000-0x00000000ffffffff] reserved
[    0.000000] BIOS-e820: [mem 0x0000000100000000-0x000000023fffffff] usable
[    0.000000] NX (Execute Disable) protection: active
[    0.000000] SMBIOS 2.8 present.
[    0.000000] DMI: QEMU Standard PC (i440FX + PIIX, 1996), BIOS 1.16.2-debian-1.16.2-1 04/01/2014
[    0.000000] Hypervisor detected: KVM
[    0.000000] kvm-clock: Using msrs 4b564d01 and 4b564d00
[    0.000000] kvm-clock: using sched offset of 327560988 cycles
[    0.000002] clocksource: kvm-clock: mask: 0xffffffffffffffff max_cycles: 0x1cd42e4dffb, max_idle_ns: 881590591483 ns
[    0.000004] tsc: Detected 3187.200 MHz processor
[    0.000260] last_pfn = 0x240000 max_arch_pfn = 0x400000000
[    0.000284] x86/PAT: Configuration [0-7]: WB  WC  UC- UC  WB  WP  UC- WT  
[    0.000288] last_pfn = 0xbffe0 max_arch_pfn = 0x400000000
[    0.002131] found SMP MP-table at [mem 0x000f5ba0-0x000f5baf]
[    0.002140] Using GB pages for direct mapping
[    0.002140] Incomplete global flushes, disabling PCID
[    0.003599] RAMDISK: [mem 0xbfe93000-0xbffdffff]
[    0.003603] ACPI: Early table checksum verification disabled
[    0.003605] ACPI: RSDP 0x00000000000F59B0 000014 (v00 BOCHS )
[    0.003608] ACPI: RSDT 0x00000000BFFE1B33 000034 (v01 BOCHS  BXPC     00000001 BXPC 00000001)
[    0.003613] ACPI: FACP 0x00000000BFFE19DF 000074 (v01 BOCHS  BXPC     00000001 BXPC 00000001)
[    0.003617] ACPI: DSDT 0x00000000BFFE0040 00199F (v01 BOCHS  BXPC     00000001 BXPC 00000001)
[    0.003619] ACPI: FACS 0x00000000BFFE0000 000040
[    0.003621] ACPI: APIC 0x00000000BFFE1A53 000080 (v01 BOCHS  BXPC     00000001 BXPC 00000001)
[    0.003622] ACPI: HPET 0x00000000BFFE1AD3 000038 (v01 BOCHS  BXPC     00000001 BXPC 00000001)
[    0.003624] ACPI: WAET 0x00000000BFFE1B0B 000028 (v01 BOCHS  BXPC     00000001 BXPC 00000001)
[    0.003626] ACPI: Reserving FACP table memory at [mem 0xbffe19df-0xbffe1a52]
[    0.003627] ACPI: Reserving DSDT table memory at [mem 0xbffe0040-0xbffe19de]
[    0.003628] ACPI: Reserving FACS table memory at [mem 0xbffe0000-0xbffe003f]
[    0.003628] ACPI: Reserving APIC table memory at [mem 0xbffe1a53-0xbffe1ad2]
[    0.003629] ACPI: Reserving HPET table memory at [mem 0xbffe1ad3-0xbffe1b0a]
[    0.003629] ACPI: Reserving WAET table memory at [mem 0xbffe1b0b-0xbffe1b32]
[    0.003808] No NUMA configuration found
[    0.003809] Faking a node at [mem 0x0000000000000000-0x000000023fffffff]
[    0.003811] NODE_DATA(0) allocated [mem 0x23fffa000-0x23fffdfff]
[    0.003823] Zone ranges:
[    0.003824]   DMA      [mem 0x0000000000001000-0x0000000000ffffff]
[    0.003825]   DMA32    [mem 0x0000000001000000-0x00000000ffffffff]
[    0.003826]   Normal   [mem 0x0000000100000000-0x000000023fffffff]
[    0.003827] Movable zone start for each node
[    0.003827] Early memory node ranges
[    0.003828]   node   0: [mem 0x0000000000001000-0x000000000009efff]
[    0.003829]   node   0: [mem 0x0000000000100000-0x00000000bffdffff]
[    0.003829]   node   0: [mem 0x0000000100000000-0x000000023fffffff]
[    0.003830] Initmem setup node 0 [mem 0x0000000000001000-0x000000023fffffff]
[    0.005624] On node 0, zone DMA: 1 pages in unavailable ranges
[    0.005668] On node 0, zone DMA: 97 pages in unavailable ranges
[    0.132947] On node 0, zone Normal: 32 pages in unavailable ranges
[    2.203392] kasan: KernelAddressSanitizer initialized
[    2.203602] ACPI: PM-Timer IO Port: 0x608
[    2.203608] ACPI: LAPIC_NMI (acpi_id[0xff] dfl dfl lint[0x1])
[    2.203635] IOAPIC[0]: apic_id 0, version 17, address 0xfec00000, GSI 0-23
[    2.203637] ACPI: INT_SRC_OVR (bus 0 bus_irq 0 global_irq 2 dfl dfl)
[    2.203639] ACPI: INT_SRC_OVR (bus 0 bus_irq 5 global_irq 5 high level)
[    2.203639] ACPI: INT_SRC_OVR (bus 0 bus_irq 9 global_irq 9 high level)
[    2.203640] ACPI: INT_SRC_OVR (bus 0 bus_irq 10 global_irq 10 high level)
[    2.203641] ACPI: INT_SRC_OVR (bus 0 bus_irq 11 global_irq 11 high level)
[    2.203643] ACPI: Using ACPI (MADT) for SMP configuration information
[    2.203644] ACPI: HPET id: 0x8086a201 base: 0xfed00000
[    2.203647] TSC deadline timer available
[    2.203653] smpboot: Allowing 2 CPUs, 0 hotplug CPUs
[    2.203670] kvm-guest: KVM setup pv remote TLB flush
[    2.203672] kvm-guest: setup PV sched yield
[    2.203680] PM: hibernation: Registered nosave memory: [mem 0x00000000-0x00000fff]
[    2.203682] PM: hibernation: Registered nosave memory: [mem 0x0009f000-0x0009ffff]
[    2.203682] PM: hibernation: Registered nosave memory: [mem 0x000a0000-0x000effff]
[    2.203683] PM: hibernation: Registered nosave memory: [mem 0x000f0000-0x000fffff]
[    2.203684] PM: hibernation: Registered nosave memory: [mem 0xbffe0000-0xbfffffff]
[    2.203684] PM: hibernation: Registered nosave memory: [mem 0xc0000000-0xfeffbfff]
[    2.203685] PM: hibernation: Registered nosave memory: [mem 0xfeffc000-0xfeffffff]
[    2.203685] PM: hibernation: Registered nosave memory: [mem 0xff000000-0xfffbffff]
[    2.203686] PM: hibernation: Registered nosave memory: [mem 0xfffc0000-0xffffffff]
[    2.203687] [mem 0xc0000000-0xfeffbfff] available for PCI devices
[    2.203688] Booting paravirtualized kernel on KVM
[    2.203690] clocksource: refined-jiffies: mask: 0xffffffff max_cycles: 0xffffffff, max_idle_ns: 1910969940391419 ns
[    2.211505] setup_percpu: NR_CPUS:64 nr_cpumask_bits:2 nr_cpu_ids:2 nr_node_ids:1
[    2.211935] percpu: Embedded 65 pages/cpu s225960 r8192 d32088 u1048576
[    2.211969] Fallback order for Node 0: 0 
[    2.211971] Built 1 zonelists, mobility grouping on.  Total pages: 2064096
[    2.211972] Policy zone: Normal
[    2.211973] Kernel command line: console=ttyS0 oops=panic nokaslr rdinit=/init
[    2.212020] random: crng init done
[    2.636627] Dentry cache hash table entries: 1048576 (order: 11, 8388608 bytes, linear)
[    2.639404] Inode-cache hash table entries: 524288 (order: 10, 4194304 bytes, linear)
[    2.639441] mem auto-init: stack:all(zero), heap alloc:off, heap free:off
[    2.642859] stackdepot hash table entries: 1048576 (order: 11, 8388608 bytes, linear)
[    2.642866] software IO TLB: area num 2.
[    2.783417] Memory: 7026560K/8388088K available (47118K kernel code, 8237K rwdata, 9212K rodata, 2112K init, 2180K bss, 1361272K reserved, 0K cma-reserved)
[    2.783535] SLUB: HWalign=64, Order=0-3, MinObjects=0, CPUs=2, Nodes=1
[    2.784482] Dynamic Preempt: voluntary
[    2.794040] rcu: Preemptible hierarchical RCU implementation.
[    2.794042] rcu: 	RCU event tracing is enabled.
[    2.794043] rcu: 	RCU restricting CPUs from NR_CPUS=64 to nr_cpu_ids=2.
[    2.794045] 	Trampoline variant of Tasks RCU enabled.
[    2.794046] rcu: RCU calculated value of scheduler-enlistment delay is 100 jiffies.
[    2.794046] rcu: Adjusting geometry for rcu_fanout_leaf=16, nr_cpu_ids=2
[    2.798733] NR_IRQS: 4352, nr_irqs: 440, preallocated irqs: 16
[    2.798927] rcu: srcu_init: Setting srcu_struct sizes based on contention.
[    2.801127] Console: colour VGA+ 80x25
[    2.840250] printk: console [ttyS0] enabled
[    2.840508] ACPI: Core revision 20220331
[    2.840858] clocksource: hpet: mask: 0xffffffff max_cycles: 0xffffffff, max_idle_ns: 19112604467 ns
[    2.841426] APIC: Switch to symmetric I/O mode setup
[    2.841705] kvm-guest: setup PV IPIs
[    2.842522] ..TIMER: vector=0x30 apic1=0 pin1=2 apic2=-1 pin2=-1
[    2.842873] clocksource: tsc-early: mask: 0xffffffffffffffff max_cycles: 0x2df10e7656b, max_idle_ns: 440795364873 ns
[    2.843476] Calibrating delay loop (skipped) preset value.. 6374.40 BogoMIPS (lpj=3187200)
[    2.844023] x86/cpu: User Mode Instruction Prevention (UMIP) activated
[    2.844501] Last level iTLB entries: 4KB 0, 2MB 0, 4MB 0
[    2.844797] Last level dTLB entries: 4KB 0, 2MB 0, 4MB 0, 1GB 0
[    2.845132] Spectre V1 : Mitigation: usercopy/swapgs barriers and __user pointer sanitization
[    2.845474] Spectre V2 : Mitigation: Enhanced IBRS
[    2.845744] Spectre V2 : Spectre v2 / SpectreRSB mitigation: Filling RSB on context switch
[    2.846205] Spectre V2 : Spectre v2 / PBRSB-eIBRS: Retire a single CALL on VMEXIT
[    2.846473] Spectre V2 : mitigation: Enabling conditional Indirect Branch Prediction Barrier
[    2.846965] Speculative Store Bypass: Mitigation: Speculative Store Bypass disabled via prctl
[    2.847472] MMIO Stale Data: Unknown: No mitigations
[    2.847773] x86/fpu: Supporting XSAVE feature 0x001: 'x87 floating point registers'
[    2.848472] x86/fpu: Supporting XSAVE feature 0x002: 'SSE registers'
[    2.848849] x86/fpu: Supporting XSAVE feature 0x004: 'AVX registers'
[    2.849216] x86/fpu: Supporting XSAVE feature 0x200: 'Protection Keys User registers'
[    2.849472] x86/fpu: xstate_offset[2]:  576, xstate_sizes[2]:  256
[    2.849831] x86/fpu: xstate_offset[9]:  832, xstate_sizes[9]:    8
[    2.850472] x86/fpu: Enabled xstate features 0x207, context size is 840 bytes, using 'compacted' format.
[    2.864271] Freeing SMP alternatives memory: 44K
[    2.864474] pid_max: default: 32768 minimum: 301
[    2.864789] LSM: Security Framework initializing
[    2.865083] SELinux:  Initializing.
[    2.865489] Mount-cache hash table entries: 16384 (order: 5, 131072 bytes, linear)
[    2.866483] Mountpoint-cache hash table entries: 16384 (order: 5, 131072 bytes, linear)
[    2.867719] smpboot: CPU0: Intel(R) Core(TM) i9-14900K (family: 0x6, model: 0xb7, stepping: 0x1)
[    2.868375] cblist_init_generic: Setting adjustable number of callback queues.
[    2.868474] cblist_init_generic: Setting shift to 1 and lim to 1.
[    2.868845] Performance Events: unsupported p6 CPU model 183 no PMU driver, software events only.
[    2.869374] signal: max sigframe size: 3632
[    2.869493] rcu: Hierarchical SRCU implementation.
[    2.869771] rcu: 	Max phase no-delay instances is 400.
[    2.870323] smp: Bringing up secondary CPUs ...
[    2.870582] x86: Booting SMP configuration:
[    2.870824] .... node  #0, CPUs:      #1
[    2.871016] smp: Brought up 1 node, 2 CPUs
[    2.871475] smpboot: Max logical packages: 1
[    2.871723] smpboot: Total of 2 processors activated (12748.80 BogoMIPS)
[    2.873523] devtmpfs: initialized
[    2.875286] clocksource: jiffies: mask: 0xffffffff max_cycles: 0xffffffff, max_idle_ns: 1911260446275000 ns
[    2.875481] futex hash table entries: 512 (order: 3, 32768 bytes, linear)
[    2.875967] PM: RTC time: 12:18:55, date: 2026-05-05
[    2.876374] NET: Registered PF_NETLINK/PF_ROUTE protocol family
[    2.876651] audit: initializing netlink subsys (disabled)
[    2.876991] audit: type=2000 audit(1777983535.399:1): state=initialized audit_enabled=0 res=1
[    2.876991] thermal_sys: Registered thermal governor 'step_wise'
[    2.877473] thermal_sys: Registered thermal governor 'user_space'
[    2.877851] cpuidle: using governor menu
[    2.878617] PCI: Using configuration type 1 for base access
[    2.885885] kprobes: kprobe jump-optimization is enabled. All kprobes are optimized if possible.
[    2.888595] HugeTLB: registered 2.00 MiB page size, pre-allocated 0 pages
[    2.888595] HugeTLB: 28 KiB vmemmap can be freed for a 2.00 MiB page
[    2.889479] ACPI: Added _OSI(Module Device)
[    2.889479] ACPI: Added _OSI(Processor Device)
[    2.889737] ACPI: Added _OSI(3.0 _SCP Extensions)
[    2.890011] ACPI: Added _OSI(Processor Aggregator Device)
[    2.895913] ACPI: 1 ACPI AML tables successfully acquired and loaded
[    2.940072] ACPI: Interpreter enabled
[    2.940333] ACPI: PM: (supports S0 S3 S4 S5)
[    2.940473] ACPI: Using IOAPIC for interrupt routing
[    2.940804] PCI: Using host bridge windows from ACPI; if necessary, use "pci=nocrs" and report a bug
[    2.941333] PCI: Using E820 reservations for host bridge windows
[    2.941795] ACPI: Enabled 2 GPEs in block 00 to 0F
[    2.952648] ACPI: PCI Root Bridge [PCI0] (domain 0000 [bus 00-ff])
[    2.953021] acpi PNP0A03:00: _OSC: OS supports [ASPM ClockPM Segments MSI HPX-Type3]
[    2.953474] acpi PNP0A03:00: _OSC: not requesting OS control; OS requires [ExtendedConfig ASPM ClockPM MSI]
[    2.954087] acpi PNP0A03:00: fail to add MMCONFIG information, can't access extended PCI configuration space under this bridge.
[    2.954633] PCI host bridge to bus 0000:00
[    2.954875] pci_bus 0000:00: root bus resource [io  0x0000-0x0cf7 window]
[    2.955270] pci_bus 0000:00: root bus resource [io  0x0d00-0xffff window]
[    2.955474] pci_bus 0000:00: root bus resource [mem 0x000a0000-0x000bffff window]
[    2.955908] pci_bus 0000:00: root bus resource [mem 0xc0000000-0xfebfffff window]
[    2.956341] pci_bus 0000:00: root bus resource [mem 0x240000000-0x2bfffffff window]
[    2.956474] pci_bus 0000:00: root bus resource [bus 00-ff]
[    2.956850] pci 0000:00:00.0: [8086:1237] type 00 class 0x060000
[    2.961058] pci 0000:00:01.0: [8086:7000] type 00 class 0x060100
[    2.965242] pci 0000:00:01.1: [8086:7010] type 00 class 0x010180
[    2.966319] pci 0000:00:01.1: reg 0x20: [io  0xc040-0xc04f]
[    2.966863] pci 0000:00:01.1: legacy IDE quirk: reg 0x10: [io  0x01f0-0x01f7]
[    2.967281] pci 0000:00:01.1: legacy IDE quirk: reg 0x14: [io  0x03f6]
[    2.967474] pci 0000:00:01.1: legacy IDE quirk: reg 0x18: [io  0x0170-0x0177]
[    2.967886] pci 0000:00:01.1: legacy IDE quirk: reg 0x1c: [io  0x0376]
[    2.968414] pci 0000:00:01.3: [8086:7113] type 00 class 0x068000
[    2.968703] pci 0000:00:01.3: quirk: [io  0x0600-0x063f] claimed by PIIX4 ACPI
[    2.969125] pci 0000:00:01.3: quirk: [io  0x0700-0x070f] claimed by PIIX4 SMB
[    2.969621] pci 0000:00:02.0: [1234:1111] type 00 class 0x030000
[    2.970671] pci 0000:00:02.0: reg 0x10: [mem 0xfd000000-0xfdffffff pref]
[    2.971947] pci 0000:00:02.0: reg 0x18: [mem 0xfebf0000-0xfebf0fff]
[    2.973479] pci 0000:00:02.0: reg 0x30: [mem 0xfebe0000-0xfebeffff pref]
[    2.973923] pci 0000:00:02.0: Video device with shadowed ROM at [mem 0x000c0000-0x000dffff]
[    2.978395] pci 0000:00:03.0: [8086:100e] type 00 class 0x020000
[    2.978786] pci 0000:00:03.0: reg 0x10: [mem 0xfebc0000-0xfebdffff]
[    2.979474] pci 0000:00:03.0: reg 0x14: [io  0xc000-0xc03f]
[    2.981659] pci 0000:00:03.0: reg 0x30: [mem 0xfeb80000-0xfebbffff pref]
[    2.986890] ACPI: PCI: Interrupt link LNKA configured for IRQ 10
[    2.987630] ACPI: PCI: Interrupt link LNKB configured for IRQ 10
[    2.988318] ACPI: PCI: Interrupt link LNKC configured for IRQ 11
[    2.988814] ACPI: PCI: Interrupt link LNKD configured for IRQ 11
[    2.989298] ACPI: PCI: Interrupt link LNKS configured for IRQ 9
[    2.990531] iommu: Default domain type: Translated 
[    2.990816] iommu: DMA domain TLB invalidation policy: lazy mode 
[    2.991377] SCSI subsystem initialized
[    2.991702] ACPI: bus type USB registered
[    2.992513] usbcore: registered new interface driver usbfs
[    2.993533] usbcore: registered new interface driver hub
[    2.994111] usbcore: registered new device driver usb
[    2.994461] pps_core: LinuxPPS API ver. 1 registered
[    2.994474] pps_core: Software ver. 5.3.6 - Copyright 2005-2007 Rodolfo Giometti <giometti@linux.it>
[    2.995009] PTP clock support registered
[    2.995563] Advanced Linux Sound Architecture Driver Initialized.
[    2.996784] NetLabel: Initializing
[    2.996991] NetLabel:  domain hash size = 128
[    2.997244] NetLabel:  protocols = UNLABELED CIPSOv4 CALIPSO
[    2.997525] NetLabel:  unlabeled traffic allowed by default
[    2.997895] PCI: Using ACPI for IRQ routing
[    2.997895] pci 0000:00:02.0: vgaarb: setting as boot VGA device
[    2.997895] pci 0000:00:02.0: vgaarb: bridge control possible
[    2.998172] pci 0000:00:02.0: vgaarb: VGA device added: decodes=io+mem,owns=io+mem,locks=none
[    2.998473] vgaarb: loaded
[    2.998711] hpet0: at MMIO 0xfed00000, IRQs 2, 8, 0
[    2.999003] hpet0: 3 comparators, 64-bit 100.000000 MHz counter
[    3.003514] clocksource: Switched to clocksource kvm-clock
[    3.004063] VFS: Disk quotas dquot_6.6.0
[    3.004304] VFS: Dquot-cache hash table entries: 512 (order 0, 4096 bytes)
[    3.004774] pnp: PnP ACPI init
[    3.005990] pnp: PnP ACPI: found 6 devices
[    3.015065] clocksource: acpi_pm: mask: 0xffffff max_cycles: 0xffffff, max_idle_ns: 2085701024 ns
[    3.015627] NET: Registered PF_INET protocol family
[    3.015989] IP idents hash table entries: 131072 (order: 8, 1048576 bytes, linear)
[    3.017435] tcp_listen_portaddr_hash hash table entries: 4096 (order: 4, 65536 bytes, linear)
[    3.018097] Table-perturb hash table entries: 65536 (order: 6, 262144 bytes, linear)
[    3.018560] TCP established hash table entries: 65536 (order: 7, 524288 bytes, linear)
[    3.019070] TCP bind hash table entries: 65536 (order: 9, 2097152 bytes, linear)
[    3.020732] TCP: Hash tables configured (established 65536 bind 65536)
[    3.021156] UDP hash table entries: 4096 (order: 5, 131072 bytes, linear)
[    3.021570] UDP-Lite hash table entries: 4096 (order: 5, 131072 bytes, linear)
[    3.022069] NET: Registered PF_UNIX/PF_LOCAL protocol family
[    3.022559] RPC: Registered named UNIX socket transport module.
[    3.022903] RPC: Registered udp transport module.
[    3.023173] RPC: Registered tcp transport module.
[    3.023443] RPC: Registered tcp NFSv4.1 backchannel transport module.
[    3.024060] pci_bus 0000:00: resource 4 [io  0x0000-0x0cf7 window]
[    3.024417] pci_bus 0000:00: resource 5 [io  0x0d00-0xffff window]
[    3.024775] pci_bus 0000:00: resource 6 [mem 0x000a0000-0x000bffff window]
[    3.025168] pci_bus 0000:00: resource 7 [mem 0xc0000000-0xfebfffff window]
[    3.025563] pci_bus 0000:00: resource 8 [mem 0x240000000-0x2bfffffff window]
[    3.026050] pci 0000:00:01.0: PIIX3: Enabling Passive Release
[    3.026507] pci 0000:00:00.0: Limiting direct PCI/PCI transfers
[    3.026893] PCI: CLS 0 bytes, default 64
[    3.027143] PCI-DMA: Using software bounce buffering for IO (SWIOTLB)
[    3.027514] software IO TLB: mapped [mem 0x00000000bbe93000-0x00000000bfe93000] (64MB)
[    3.028101] Unpacking initramfs...
[    3.034623] RAPL PMU: API unit is 2^-32 Joules, 0 fixed counters, 10737418240 ms ovfl timer
[    3.035121] clocksource: tsc: mask: 0xffffffffffffffff max_cycles: 0x2df10e7656b, max_idle_ns: 440795364873 ns
[    3.037210] Initialise system trusted keyrings
[    3.037518] workingset: timestamp_bits=56 max_order=21 bucket_order=0
[    3.043443] Freeing initrd memory: 1332K
[    3.043883] NFS: Registering the id_resolver key type
[    3.044188] Key type id_resolver registered
[    3.044430] Key type id_legacy registered
[    3.044990] Key type cifs.idmap registered
[    3.045265] 9p: Installing v9fs 9p2000 file system support
[    3.049360] Key type asymmetric registered
[    3.049628] Asymmetric key parser 'x509' registered
[    3.049936] Block layer SCSI generic (bsg) driver version 0.4 loaded (major 251)
[    3.050374] io scheduler mq-deadline registered
[    3.050637] io scheduler kyber registered
[    3.051079] input: Power Button as /devices/LNXSYSTM:00/LNXPWRBN:00/input/input0
[    3.051593] ACPI: button: Power Button [PWRF]
[    3.052189] Serial: 8250/16550 driver, 4 ports, IRQ sharing enabled
[    3.052640] 00:04: ttyS0 at I/O 0x3f8 (irq = 4, base_baud = 115200) is a 16550A
[    3.053641] Non-volatile memory driver v1.3
[    3.053889] Linux agpgart interface v0.103
[    3.055154] ACPI: bus type drm_connector registered
[    3.058280] loop: module loaded
[    3.059685] scsi host0: ata_piix
[    3.060133] scsi host1: ata_piix
[    3.060401] ata1: PATA max MWDMA2 cmd 0x1f0 ctl 0x3f6 bmdma 0xc040 irq 14
[    3.060799] ata2: PATA max MWDMA2 cmd 0x170 ctl 0x376 bmdma 0xc048 irq 15
[    3.061796] e100: Intel(R) PRO/100 Network Driver
[    3.062085] e100: Copyright(c) 1999-2006 Intel Corporation
[    3.062431] e1000: Intel(R) PRO/1000 Network Driver
[    3.062731] e1000: Copyright (c) 1999-2006 Intel Corporation.
[    3.216722] ata2: found unknown device (class 0)
[    3.217427] ata2.00: ATAPI: QEMU DVD-ROM, 2.5+, max UDMA/100
[    3.218358] scsi 1:0:0:0: CD-ROM            QEMU     QEMU DVD-ROM     2.5+ PQ: 0 ANSI: 5
[    3.254837] sr 1:0:0:0: [sr0] scsi3-mmc drive: 4x/4x cd/rw xa/form2 tray
[    3.255233] cdrom: Uniform CD-ROM driver Revision: 3.20
[    3.273381] sr 1:0:0:0: Attached scsi generic sg0 type 5
[    3.363367] ACPI: \_SB_.LNKC: Enabled at IRQ 11
[    3.658050] e1000 0000:00:03.0 eth0: (PCI:33MHz:32-bit) 52:54:00:12:34:56
[    3.658467] e1000 0000:00:03.0 eth0: Intel(R) PRO/1000 Network Connection
[    3.658919] e1000e: Intel(R) PRO/1000 Network Driver
[    3.659208] e1000e: Copyright(c) 1999 - 2015 Intel Corporation.
[    3.659577] sky2: driver version 1.30
[    3.660179] usbcore: registered new interface driver usblp
[    3.660523] usbcore: registered new interface driver usb-storage
[    3.660932] i8042: PNP: PS/2 Controller [PNP0303:KBD,PNP0f13:MOU] at 0x60,0x64 irq 1,12
[    3.661855] serio: i8042 KBD port at 0x60,0x64 irq 1
[    3.662150] serio: i8042 AUX port at 0x60,0x64 irq 12
[    3.662733] rtc_cmos 00:05: RTC can wake from S4
[    3.663104] input: AT Translated Set 2 keyboard as /devices/platform/i8042/serio0/input/input1
[    3.664652] rtc_cmos 00:05: registered as rtc0
[    3.664974] rtc_cmos 00:05: alarms up to one day, y3k, 242 bytes nvram, hpet irqs
[    3.667606] device-mapper: ioctl: 4.47.0-ioctl (2022-07-28) initialised: dm-devel@redhat.com
[    3.668099] intel_pstate: CPU model not supported
[    3.668397] hid: raw HID events driver (C) Jiri Kosina
[    3.668983] usbcore: registered new interface driver usbhid
[    3.669318] usbhid: USB HID core driver
[    3.672163] Initializing XFRM netlink socket
[    3.672679] NET: Registered PF_INET6 protocol family
[    3.673414] Segment Routing with IPv6
[    3.673661] In-situ OAM (IOAM) with IPv6
[    3.673970] sit: IPv6, IPv4 and MPLS over IPv4 tunneling driver
[    3.674532] NET: Registered PF_PACKET protocol family
[    3.674888] 9pnet: Installing 9P2000 support
[    3.675158] Key type dns_resolver registered
[    3.675628] IPI shorthand broadcast: enabled
[    3.675918] sched_clock: Marking stable (3633004720, 42539075)->(3698838361, -23294566)
[    3.676508] registered taskstats version 1
[    3.676755] Loading compiled-in X.509 certificates
[    3.677151] cryptomgr_test (56) used greatest stack depth: 30432 bytes left
[    3.679252] PM:   Magic number: 10:910:328
[    3.679569] printk: console [netcon0] enabled
[    3.679831] netconsole: network logging started
[    3.680258] cfg80211: Loading compiled-in X.509 certificates for regulatory database
[    3.680856] kworker/u4:0 (78) used greatest stack depth: 29512 bytes left
[    3.681546] cfg80211: Loaded X.509 cert 'sforshee: 00b28ddf47aef9cea7'
[    3.681935] ALSA device list:
[    3.682111]   No soundcards found.
[    3.682738] Freeing unused kernel image (initmem) memory: 2112K
[    3.683021] platform regulatory.0: Direct firmware load for regulatory.db failed with error -2
[    3.683359] cfg80211: failed to load regulatory.db
[    3.685623] Write protecting the kernel read-only data: 59392k
[    3.686242] Freeing unused kernel image (text/rodata gap) memory: 2032K
[    3.686653] Freeing unused kernel image (rodata/data gap) memory: 1028K
[    3.694187] x86/mm: Checked W+X mappings: passed, no W+X pages found.
[    3.694481] Run /init as init process
[    3.695702] mount (83) used greatest stack depth: 28360 bytes left

secb: rootfs ready
---- poc begin ----
poc: CVE-2023-5345
fsopen OK iter=0 fd=3
r1=0 r2=-[    3.701877] ==================================================================
1 errno=22
[    3.702271] BUG: KASAN: use-after-free in smb3_cleanup_fs_context_contents.part.0+0xcc/0x410
[    3.702690] Read of size 1 at addr ffff888103d95500 by task poc/89
[    3.702962] 
[    3.703036] CPU: 0 PID: 89 Comm: poc Not tainted 6.1.52-09065-g59b13c2b647e-dirty #1
[    3.703362] Hardware name: QEMU Standard PC (i440FX + PIIX, 1996), BIOS 1.16.2-debian-1.16.2-1 04/01/2014
[    3.703733] Call Trace:
[    3.703836]  <TASK>
[    3.703923]  dump_stack_lvl+0x33/0x46
[    3.704072]  print_report+0x181/0x4a5
[    3.704221]  ? __x64_sys_close+0x27/0x70
[    3.704379]  ? smb3_cleanup_fs_context_contents.part.0+0xcc/0x410
[    3.704650]  kasan_report+0xc5/0x150
[    3.704823]  ? smb3_cleanup_fs_context_contents.part.0+0xcc/0x410
[    3.705062]  ? smb3_cleanup_fs_context_contents.part.0+0xcc/0x410
[    3.705298]  __kasan_check_byte+0x32/0x40
[    3.705456]  kfree_sensitive+0x15/0x60
[    3.705606]  smb3_cleanup_fs_context_contents.part.0+0xcc/0x410
[    3.705839]  smb3_fs_context_free+0x30/0x50
[    3.706003]  put_fs_context+0x112/0x480
[    3.706155]  fscontext_release+0x3e/0x60
[    3.706310]  __fput+0x1e3/0x9b0
[    3.706437]  task_work_run+0x113/0x1f0
[    3.706586]  ? task_work_func_match+0x50/0x50
[    3.706760]  ? task_work_cancel+0x10/0x10
[    3.706917]  ? _raw_spin_lock+0x82/0xe0
[    3.707069]  ? _raw_spin_lock_bh+0xe0/0xe0
[    3.707230]  exit_to_user_mode_prepare+0x113/0x120
[    3.707418]  syscall_exit_to_user_mode+0x1d/0x50
[    3.707599]  do_syscall_64+0x46/0x90
[    3.707741]  entry_SYSCALL_64_after_hwframe+0x64/0xce
[    3.707941] RIP: 0033:0x438f40
[    3.708065] Code: 00 00 48 c7 c2 b8 ff ff ff f7 d8 64 89 02 b8 ff ff ff ff eb d4 e8 70 26 00 00 80 3d 21 e1 06 00 00 74 17 b8 03 00 00 00 0f 05 <48> 3d 00 f0 ff ff 77 48 c3 0f 1f 80 00 00 00 00 48 83 ec 18 89 7c
[    3.708854] RSP: 002b:00007ffdbcb10698 EFLAGS: 00000202 ORIG_RAX: 0000000000000003
[    3.709199] RAX: 0000000000000000 RBX: 0000000000000001 RCX: 0000000000438f40
[    3.709503] RDX: 0000000000000000 RSI: 00007ffdbcb0e580 RDI: 0000000000000003
[    3.709823] RBP: 0000000000000003 R08: 0000000000000013 R09: ffffffffffffffff
[    3.710124] R10: 0000000000000000 R11: 0000000000000202 R12: 0000000000000001
[    3.710461] R13: 000000000047a068 R14: 0000000000000000 R15: 000000000047a092
[    3.710785]  </TASK>
[    3.710875] 
[    3.710942] Allocated by task 89:
[    3.711088]  kasan_save_stack+0x2f/0x60
[    3.711247]  kasan_set_track+0x21/0x30
[    3.711412]  __kasan_kmalloc+0x8e/0x90
[    3.711583]  __kmalloc_node_track_caller+0x56/0x160
[    3.711815]  kstrdup+0x2d/0x70
[    3.711943]  smb3_fs_context_parse_param+0x798/0x5160
[    3.712140]  vfs_parse_fs_param+0x1bb/0x350
[    3.712340]  __do_sys_fsconfig+0x65f/0xa30
[    3.712500]  do_syscall_64+0x37/0x90
[    3.712642]  entry_SYSCALL_64_after_hwframe+0x64/0xce
[    3.712841] 
[    3.712906] Freed by task 89:
[    3.713028]  kasan_save_stack+0x2f/0x60
[    3.713179]  kasan_set_track+0x21/0x30
[    3.713328]  kasan_save_free_info+0x2a/0x50
[    3.713491]  __kasan_slab_free+0x106/0x180
[    3.713652]  __kmem_cache_free+0x76/0x180
[    3.713811]  smb3_fs_context_parse_param+0x10d0/0x5160
[    3.714033]  vfs_parse_fs_param+0x1bb/0x350
[    3.714224]  __do_sys_fsconfig+0x65f/0xa30
[    3.714420]  do_syscall_64+0x37/0x90
[    3.714611]  entry_SYSCALL_64_after_hwframe+0x64/0xce
[    3.714829] 
[    3.714897] The buggy address belongs to the object at ffff888103d95500
[    3.714897]  which belongs to the cache kmalloc-64 of size 64
[    3.715417] The buggy address is located 0 bytes inside of
[    3.715417]  64-byte region [ffff888103d95500, ffff888103d95540)
[    3.715929] 
[    3.716014] The buggy address belongs to the physical page:
[    3.716280] page:000000007e471867 refcount:1 mapcount:0 mapping:0000000000000000 index:0x0 pfn:0x103d95
[    3.716676] flags: 0x200000000000200(slab|node=0|zone=2)
[    3.716924] raw: 0200000000000200 0000000000000000 dead000000000122 ffff888100041640
[    3.717263] raw: 0000000000000000 0000000080200020 00000001ffffffff 0000000000000000
[    3.717593] page dumped because: kasan: bad access detected
[    3.717817] 
[    3.717895] Memory state around the buggy address:
[    3.718111]  ffff888103d95400: fa fb fb fb fb fb fb fb fc fc fc fc fc fc fc fc
[    3.718450]  ffff888103d95480: fa fb fb fb fb fb fb fb fc fc fc fc fc fc fc fc
[    3.718784] >ffff888103d95500: fa fb fb fb fb fb fb fb fc fc fc fc fc fc fc fc
[    3.719107]                    ^
[    3.719241]  ffff888103d95580: fc fc fc fc fc fc fc fc fc fc fc fc fc fc fc fc
[    3.719568]  ffff888103d95600: fc fc fc fc fc fc fc fc fc fc fc fc fc fc fc fc
[    3.719895] ==================================================================
[    3.720216] Disabling lock debugging due to kernel taint
[    3.773033] poc (89) used greatest stack depth: 28328 bytes left
poc: triggered 0 cases, parse_err expected
---- poc end rc=0 ----
secb: poc exited without crashing the kernel
[    4.283293] input: ImExPS/2 Generic Explorer Mouse as /devices/platform/i8042/serio1/input/input3
[    5.025845] ACPI: PM: Preparing to enter system sleep state S5
[    5.026132] reboot: Power down
CONFIRMED: KASAN_UAF
