bash: warning: setlocale: LC_ALL: cannot change locale (en_US.UTF-8)
c[?7l[2J[0mSeaBIOS (version 1.16.2-debian-1.16.2-1)


iPXE (http://ipxe.org) 00:03.0 CA00 PCI2.10 PnP PMM+BEFCEF00+BEF0EF00 CA00
Press Ctrl-B to configure iPXE (PCI 00:03.0)...                                                                               


Booting from ROM..c[?7l[2J[0m.[    0.000000] Linux version 6.1.52-09067-gd85d36316744-dirty (root@buildkitsandbox) (gcc (Debian 12.2.0-14+deb12u1) 12.2.0, GNU ld (GNU Binutils for Debian) 2.40) #2 SMP PREEMPT_DYNAMIC Tue May  5 12:19:12 UTC 2026
[    0.000000] Command line: console=ttyS0 oops=panic nokaslr rdinit=/init
[    0.000000] BIOS-provided physical RAM map:
[    0.000000] BIOS-e820: [mem 0x0000000000000000-0x000000000009fbff] usable
[    0.000000] BIOS-e820: [mem 0x000000000009fc00-0x000000000009ffff] reserved
[    0.000000] BIOS-e820: [mem 0x00000000000f0000-0x00000000000fffff] reserved
[    0.000000] BIOS-e820: [mem 0x0000000000100000-0x00000000bffdffff] usable
[    0.000000] BIOS-e820: [mem 0x00000000bffe0000-0x00000000bfffffff] reserved
[    0.000000] BIOS-e820: [mem 0x00000000feffc000-0x00000000feffffff] reserved
[    0.000000] BIOS-e820: [mem 0x00000000fffc0000-0x00000000ffffffff] reserved
[    0.000000] BIOS-e820: [mem 0x0000000100000000-0x000000023fffffff] usable
[    0.000000] NX (Execute Disable) protection: active
[    0.000000] SMBIOS 2.8 present.
[    0.000000] DMI: QEMU Standard PC (i440FX + PIIX, 1996), BIOS 1.16.2-debian-1.16.2-1 04/01/2014
[    0.000000] Hypervisor detected: KVM
[    0.000000] kvm-clock: Using msrs 4b564d01 and 4b564d00
[    0.000001] kvm-clock: using sched offset of 307852696 cycles
[    0.000003] clocksource: kvm-clock: mask: 0xffffffffffffffff max_cycles: 0x1cd42e4dffb, max_idle_ns: 881590591483 ns
[    0.000005] tsc: Detected 3187.200 MHz processor
[    0.000268] last_pfn = 0x240000 max_arch_pfn = 0x400000000
[    0.000294] x86/PAT: Configuration [0-7]: WB  WC  UC- UC  WB  WP  UC- WT  
[    0.000298] last_pfn = 0xbffe0 max_arch_pfn = 0x400000000
[    0.004299] found SMP MP-table at [mem 0x000f5ba0-0x000f5baf]
[    0.004310] Using GB pages for direct mapping
[    0.004310] Incomplete global flushes, disabling PCID
[    0.004938] RAMDISK: [mem 0xbfe93000-0xbffdffff]
[    0.004943] ACPI: Early table checksum verification disabled
[    0.004945] ACPI: RSDP 0x00000000000F59B0 000014 (v00 BOCHS )
[    0.004948] ACPI: RSDT 0x00000000BFFE1B33 000034 (v01 BOCHS  BXPC     00000001 BXPC 00000001)
[    0.004953] ACPI: FACP 0x00000000BFFE19DF 000074 (v01 BOCHS  BXPC     00000001 BXPC 00000001)
[    0.004959] ACPI: DSDT 0x00000000BFFE0040 00199F (v01 BOCHS  BXPC     00000001 BXPC 00000001)
[    0.004962] ACPI: FACS 0x00000000BFFE0000 000040
[    0.004964] ACPI: APIC 0x00000000BFFE1A53 000080 (v01 BOCHS  BXPC     00000001 BXPC 00000001)
[    0.004966] ACPI: HPET 0x00000000BFFE1AD3 000038 (v01 BOCHS  BXPC     00000001 BXPC 00000001)
[    0.004968] ACPI: WAET 0x00000000BFFE1B0B 000028 (v01 BOCHS  BXPC     00000001 BXPC 00000001)
[    0.004970] ACPI: Reserving FACP table memory at [mem 0xbffe19df-0xbffe1a52]
[    0.004971] ACPI: Reserving DSDT table memory at [mem 0xbffe0040-0xbffe19de]
[    0.004972] ACPI: Reserving FACS table memory at [mem 0xbffe0000-0xbffe003f]
[    0.004973] ACPI: Reserving APIC table memory at [mem 0xbffe1a53-0xbffe1ad2]
[    0.004973] ACPI: Reserving HPET table memory at [mem 0xbffe1ad3-0xbffe1b0a]
[    0.004974] ACPI: Reserving WAET table memory at [mem 0xbffe1b0b-0xbffe1b32]
[    0.005152] No NUMA configuration found
[    0.005153] Faking a node at [mem 0x0000000000000000-0x000000023fffffff]
[    0.005155] NODE_DATA(0) allocated [mem 0x23fffa000-0x23fffdfff]
[    0.005168] Zone ranges:
[    0.005168]   DMA      [mem 0x0000000000001000-0x0000000000ffffff]
[    0.005169]   DMA32    [mem 0x0000000001000000-0x00000000ffffffff]
[    0.005170]   Normal   [mem 0x0000000100000000-0x000000023fffffff]
[    0.005171] Movable zone start for each node
[    0.005172] Early memory node ranges
[    0.005172]   node   0: [mem 0x0000000000001000-0x000000000009efff]
[    0.005173]   node   0: [mem 0x0000000000100000-0x00000000bffdffff]
[    0.005174]   node   0: [mem 0x0000000100000000-0x000000023fffffff]
[    0.005175] Initmem setup node 0 [mem 0x0000000000001000-0x000000023fffffff]
[    0.005772] On node 0, zone DMA: 1 pages in unavailable ranges
[    0.005926] On node 0, zone DMA: 97 pages in unavailable ranges
[    0.251756] On node 0, zone Normal: 32 pages in unavailable ranges
[    2.315302] kasan: KernelAddressSanitizer initialized
[    2.315511] ACPI: PM-Timer IO Port: 0x608
[    2.315520] ACPI: LAPIC_NMI (acpi_id[0xff] dfl dfl lint[0x1])
[    2.315547] IOAPIC[0]: apic_id 0, version 17, address 0xfec00000, GSI 0-23
[    2.315550] ACPI: INT_SRC_OVR (bus 0 bus_irq 0 global_irq 2 dfl dfl)
[    2.315552] ACPI: INT_SRC_OVR (bus 0 bus_irq 5 global_irq 5 high level)
[    2.315553] ACPI: INT_SRC_OVR (bus 0 bus_irq 9 global_irq 9 high level)
[    2.315554] ACPI: INT_SRC_OVR (bus 0 bus_irq 10 global_irq 10 high level)
[    2.315555] ACPI: INT_SRC_OVR (bus 0 bus_irq 11 global_irq 11 high level)
[    2.315557] ACPI: Using ACPI (MADT) for SMP configuration information
[    2.315559] ACPI: HPET id: 0x8086a201 base: 0xfed00000
[    2.315562] TSC deadline timer available
[    2.315564] smpboot: Allowing 2 CPUs, 0 hotplug CPUs
[    2.315585] kvm-guest: KVM setup pv remote TLB flush
[    2.315587] kvm-guest: setup PV sched yield
[    2.315599] PM: hibernation: Registered nosave memory: [mem 0x00000000-0x00000fff]
[    2.315600] PM: hibernation: Registered nosave memory: [mem 0x0009f000-0x0009ffff]
[    2.315601] PM: hibernation: Registered nosave memory: [mem 0x000a0000-0x000effff]
[    2.315601] PM: hibernation: Registered nosave memory: [mem 0x000f0000-0x000fffff]
[    2.315602] PM: hibernation: Registered nosave memory: [mem 0xbffe0000-0xbfffffff]
[    2.315603] PM: hibernation: Registered nosave memory: [mem 0xc0000000-0xfeffbfff]
[    2.315603] PM: hibernation: Registered nosave memory: [mem 0xfeffc000-0xfeffffff]
[    2.315604] PM: hibernation: Registered nosave memory: [mem 0xff000000-0xfffbffff]
[    2.315604] PM: hibernation: Registered nosave memory: [mem 0xfffc0000-0xffffffff]
[    2.315605] [mem 0xc0000000-0xfeffbfff] available for PCI devices
[    2.315607] Booting paravirtualized kernel on KVM
[    2.315609] clocksource: refined-jiffies: mask: 0xffffffff max_cycles: 0xffffffff, max_idle_ns: 1910969940391419 ns
[    2.323029] setup_percpu: NR_CPUS:64 nr_cpumask_bits:2 nr_cpu_ids:2 nr_node_ids:1
[    2.324171] percpu: Embedded 65 pages/cpu s225960 r8192 d32088 u1048576
[    2.324204] Fallback order for Node 0: 0 
[    2.324207] Built 1 zonelists, mobility grouping on.  Total pages: 2064096
[    2.324208] Policy zone: Normal
[    2.324208] Kernel command line: console=ttyS0 oops=panic nokaslr rdinit=/init
[    2.324255] random: crng init done
[    2.327528] Dentry cache hash table entries: 1048576 (order: 11, 8388608 bytes, linear)
[    2.329863] Inode-cache hash table entries: 524288 (order: 10, 4194304 bytes, linear)
[    2.329896] mem auto-init: stack:all(zero), heap alloc:off, heap free:off
[    2.333343] stackdepot hash table entries: 1048576 (order: 11, 8388608 bytes, linear)
[    2.333349] software IO TLB: area num 2.
[    2.490145] Memory: 7026560K/8388088K available (47118K kernel code, 8237K rwdata, 9212K rodata, 2112K init, 2180K bss, 1361272K reserved, 0K cma-reserved)
[    2.490252] SLUB: HWalign=64, Order=0-3, MinObjects=0, CPUs=2, Nodes=1
[    2.491293] Dynamic Preempt: voluntary
[    2.492281] rcu: Preemptible hierarchical RCU implementation.
[    2.492282] rcu: 	RCU event tracing is enabled.
[    2.492283] rcu: 	RCU restricting CPUs from NR_CPUS=64 to nr_cpu_ids=2.
[    2.492285] 	Trampoline variant of Tasks RCU enabled.
[    2.492286] rcu: RCU calculated value of scheduler-enlistment delay is 100 jiffies.
[    2.492286] rcu: Adjusting geometry for rcu_fanout_leaf=16, nr_cpu_ids=2
[    2.496987] NR_IRQS: 4352, nr_irqs: 440, preallocated irqs: 16
[    2.497182] rcu: srcu_init: Setting srcu_struct sizes based on contention.
[    2.499399] Console: colour VGA+ 80x25
[    2.538239] printk: console [ttyS0] enabled
[    2.538487] ACPI: Core revision 20220331
[    2.538826] clocksource: hpet: mask: 0xffffffff max_cycles: 0xffffffff, max_idle_ns: 19112604467 ns
[    2.539388] APIC: Switch to symmetric I/O mode setup
[    2.539702] kvm-guest: setup PV IPIs
[    2.540518] ..TIMER: vector=0x30 apic1=0 pin1=2 apic2=-1 pin2=-1
[    2.540868] clocksource: tsc-early: mask: 0xffffffffffffffff max_cycles: 0x2df10e7656b, max_idle_ns: 440795364873 ns
[    2.541464] Calibrating delay loop (skipped) preset value.. 6374.40 BogoMIPS (lpj=3187200)
[    2.541997] x86/cpu: User Mode Instruction Prevention (UMIP) activated
[    2.542499] Last level iTLB entries: 4KB 0, 2MB 0, 4MB 0
[    2.542798] Last level dTLB entries: 4KB 0, 2MB 0, 4MB 0, 1GB 0
[    2.543131] Spectre V1 : Mitigation: usercopy/swapgs barriers and __user pointer sanitization
[    2.543462] Spectre V2 : Mitigation: Enhanced IBRS
[    2.543733] Spectre V2 : Spectre v2 / SpectreRSB mitigation: Filling RSB on context switch
[    2.544193] Spectre V2 : Spectre v2 / PBRSB-eIBRS: Retire a single CALL on VMEXIT
[    2.544461] Spectre V2 : mitigation: Enabling conditional Indirect Branch Prediction Barrier
[    2.544931] Speculative Store Bypass: Mitigation: Speculative Store Bypass disabled via prctl
[    2.545460] MMIO Stale Data: Unknown: No mitigations
[    2.545753] x86/fpu: Supporting XSAVE feature 0x001: 'x87 floating point registers'
[    2.546191] x86/fpu: Supporting XSAVE feature 0x002: 'SSE registers'
[    2.546460] x86/fpu: Supporting XSAVE feature 0x004: 'AVX registers'
[    2.546825] x86/fpu: Supporting XSAVE feature 0x200: 'Protection Keys User registers'
[    2.547460] x86/fpu: xstate_offset[2]:  576, xstate_sizes[2]:  256
[    2.547817] x86/fpu: xstate_offset[9]:  832, xstate_sizes[9]:    8
[    2.548171] x86/fpu: Enabled xstate features 0x207, context size is 840 bytes, using 'compacted' format.
[    2.562414] Freeing SMP alternatives memory: 44K
[    2.562462] pid_max: default: 32768 minimum: 301
[    2.562766] LSM: Security Framework initializing
[    2.563049] SELinux:  Initializing.
[    2.563721] Mount-cache hash table entries: 16384 (order: 5, 131072 bytes, linear)
[    2.564182] Mountpoint-cache hash table entries: 16384 (order: 5, 131072 bytes, linear)
[    2.564888] smpboot: CPU0: Intel(R) Core(TM) i9-14900K (family: 0x6, model: 0xb7, stepping: 0x1)
[    2.565459] cblist_init_generic: Setting adjustable number of callback queues.
[    2.565461] cblist_init_generic: Setting shift to 1 and lim to 1.
[    2.565832] Performance Events: unsupported p6 CPU model 183 no PMU driver, software events only.
[    2.566361] signal: max sigframe size: 3632
[    2.566483] rcu: Hierarchical SRCU implementation.
[    2.566762] rcu: 	Max phase no-delay instances is 400.
[    2.567320] smp: Bringing up secondary CPUs ...
[    2.567569] x86: Booting SMP configuration:
[    2.567816] .... node  #0, CPUs:      #1
[    2.568010] smp: Brought up 1 node, 2 CPUs
[    2.568463] smpboot: Max logical packages: 1
[    2.568714] smpboot: Total of 2 processors activated (12748.80 BogoMIPS)
[    2.569705] devtmpfs: initialized
[    2.571039] clocksource: jiffies: mask: 0xffffffff max_cycles: 0xffffffff, max_idle_ns: 1911260446275000 ns
[    2.571464] futex hash table entries: 512 (order: 3, 32768 bytes, linear)
[    2.571952] PM: RTC time: 12:21:11, date: 2026-05-05
[    2.572365] NET: Registered PF_NETLINK/PF_ROUTE protocol family
[    2.572645] audit: initializing netlink subsys (disabled)
[    2.572987] audit: type=2000 audit(1777983672.778:1): state=initialized audit_enabled=0 res=1
[    2.572987] thermal_sys: Registered thermal governor 'step_wise'
[    2.573461] thermal_sys: Registered thermal governor 'user_space'
[    2.573850] cpuidle: using governor menu
[    2.574649] PCI: Using configuration type 1 for base access
[    2.583072] kprobes: kprobe jump-optimization is enabled. All kprobes are optimized if possible.
[    2.584594] HugeTLB: registered 2.00 MiB page size, pre-allocated 0 pages
[    2.585005] HugeTLB: 28 KiB vmemmap can be freed for a 2.00 MiB page
[    2.593534] ACPI: Added _OSI(Module Device)
[    2.593788] ACPI: Added _OSI(Processor Device)
[    2.594049] ACPI: Added _OSI(3.0 _SCP Extensions)
[    2.594331] ACPI: Added _OSI(Processor Aggregator Device)
[    2.600530] ACPI: 1 ACPI AML tables successfully acquired and loaded
[    2.636121] ACPI: Interpreter enabled
[    2.636516] ACPI: PM: (supports S0 S3 S4 S5)
[    2.636759] ACPI: Using IOAPIC for interrupt routing
[    2.637075] PCI: Using host bridge windows from ACPI; if necessary, use "pci=nocrs" and report a bug
[    2.637461] PCI: Using E820 reservations for host bridge windows
[    2.638132] ACPI: Enabled 2 GPEs in block 00 to 0F
[    2.649661] ACPI: PCI Root Bridge [PCI0] (domain 0000 [bus 00-ff])
[    2.650038] acpi PNP0A03:00: _OSC: OS supports [ASPM ClockPM Segments MSI HPX-Type3]
[    2.650462] acpi PNP0A03:00: _OSC: not requesting OS control; OS requires [ExtendedConfig ASPM ClockPM MSI]
[    2.651077] acpi PNP0A03:00: fail to add MMCONFIG information, can't access extended PCI configuration space under this bridge.
[    2.651634] PCI host bridge to bus 0000:00
[    2.651877] pci_bus 0000:00: root bus resource [io  0x0000-0x0cf7 window]
[    2.652278] pci_bus 0000:00: root bus resource [io  0x0d00-0xffff window]
[    2.652462] pci_bus 0000:00: root bus resource [mem 0x000a0000-0x000bffff window]
[    2.652899] pci_bus 0000:00: root bus resource [mem 0xc0000000-0xfebfffff window]
[    2.653337] pci_bus 0000:00: root bus resource [mem 0x240000000-0x2bfffffff window]
[    2.653462] pci_bus 0000:00: root bus resource [bus 00-ff]
[    2.653836] pci 0000:00:00.0: [8086:1237] type 00 class 0x060000
[    2.658249] pci 0000:00:01.0: [8086:7000] type 00 class 0x060100
[    2.662471] pci 0000:00:01.1: [8086:7010] type 00 class 0x010180
[    2.663686] pci 0000:00:01.1: reg 0x20: [io  0xc040-0xc04f]
[    2.664374] pci 0000:00:01.1: legacy IDE quirk: reg 0x10: [io  0x01f0-0x01f7]
[    2.664461] pci 0000:00:01.1: legacy IDE quirk: reg 0x14: [io  0x03f6]
[    2.664841] pci 0000:00:01.1: legacy IDE quirk: reg 0x18: [io  0x0170-0x0177]
[    2.665257] pci 0000:00:01.1: legacy IDE quirk: reg 0x1c: [io  0x0376]
[    2.665643] pci 0000:00:01.3: [8086:7113] type 00 class 0x068000
[    2.666224] pci 0000:00:01.3: quirk: [io  0x0600-0x063f] claimed by PIIX4 ACPI
[    2.666465] pci 0000:00:01.3: quirk: [io  0x0700-0x070f] claimed by PIIX4 SMB
[    2.667033] pci 0000:00:02.0: [1234:1111] type 00 class 0x030000
[    2.667718] pci 0000:00:02.0: reg 0x10: [mem 0xfd000000-0xfdffffff pref]
[    2.669153] pci 0000:00:02.0: reg 0x18: [mem 0xfebf0000-0xfebf0fff]
[    2.671271] pci 0000:00:02.0: reg 0x30: [mem 0xfebe0000-0xfebeffff pref]
[    2.671732] pci 0000:00:02.0: Video device with shadowed ROM at [mem 0x000c0000-0x000dffff]
[    2.676841] pci 0000:00:03.0: [8086:100e] type 00 class 0x020000
[    2.677713] pci 0000:00:03.0: reg 0x10: [mem 0xfebc0000-0xfebdffff]
[    2.678328] pci 0000:00:03.0: reg 0x14: [io  0xc000-0xc03f]
[    2.679640] pci 0000:00:03.0: reg 0x30: [mem 0xfeb80000-0xfebbffff pref]
[    2.685296] ACPI: PCI: Interrupt link LNKA configured for IRQ 10
[    2.685881] ACPI: PCI: Interrupt link LNKB configured for IRQ 10
[    2.686585] ACPI: PCI: Interrupt link LNKC configured for IRQ 11
[    2.687535] ACPI: PCI: Interrupt link LNKD configured for IRQ 11
[    2.688031] ACPI: PCI: Interrupt link LNKS configured for IRQ 9
[    2.689812] iommu: Default domain type: Translated 
[    2.690107] iommu: DMA domain TLB invalidation policy: lazy mode 
[    2.690868] SCSI subsystem initialized
[    2.691148] ACPI: bus type USB registered
[    2.691148] usbcore: registered new interface driver usbfs
[    2.691372] usbcore: registered new interface driver hub
[    2.692506] usbcore: registered new device driver usb
[    2.692882] pps_core: LinuxPPS API ver. 1 registered
[    2.693170] pps_core: Software ver. 5.3.6 - Copyright 2005-2007 Rodolfo Giometti <giometti@linux.it>
[    2.693470] PTP clock support registered
[    2.693736] Advanced Linux Sound Architecture Driver Initialized.
[    2.695448] NetLabel: Initializing
[    2.695462] NetLabel:  domain hash size = 128
[    2.695718] NetLabel:  protocols = UNLABELED CIPSOv4 CALIPSO
[    2.696116] NetLabel:  unlabeled traffic allowed by default
[    2.696593] PCI: Using ACPI for IRQ routing
[    2.696896] pci 0000:00:02.0: vgaarb: setting as boot VGA device
[    2.696896] pci 0000:00:02.0: vgaarb: bridge control possible
[    2.697163] pci 0000:00:02.0: vgaarb: VGA device added: decodes=io+mem,owns=io+mem,locks=none
[    2.697461] vgaarb: loaded
[    2.697775] hpet0: at MMIO 0xfed00000, IRQs 2, 8, 0
[    2.698063] hpet0: 3 comparators, 64-bit 100.000000 MHz counter
[    2.700528] clocksource: Switched to clocksource kvm-clock
[    2.701282] VFS: Disk quotas dquot_6.6.0
[    2.701479] VFS: Dquot-cache hash table entries: 512 (order 0, 4096 bytes)
[    2.702029] pnp: PnP ACPI init
[    2.703386] pnp: PnP ACPI: found 6 devices
[    2.713594] clocksource: acpi_pm: mask: 0xffffff max_cycles: 0xffffff, max_idle_ns: 2085701024 ns
[    2.714183] NET: Registered PF_INET protocol family
[    2.714977] IP idents hash table entries: 131072 (order: 8, 1048576 bytes, linear)
[    2.716653] tcp_listen_portaddr_hash hash table entries: 4096 (order: 4, 65536 bytes, linear)
[    2.717575] Table-perturb hash table entries: 65536 (order: 6, 262144 bytes, linear)
[    2.718058] TCP established hash table entries: 65536 (order: 7, 524288 bytes, linear)
[    2.718858] TCP bind hash table entries: 65536 (order: 9, 2097152 bytes, linear)
[    2.720493] TCP: Hash tables configured (established 65536 bind 65536)
[    2.720978] UDP hash table entries: 4096 (order: 5, 131072 bytes, linear)
[    2.721462] UDP-Lite hash table entries: 4096 (order: 5, 131072 bytes, linear)
[    2.722050] NET: Registered PF_UNIX/PF_LOCAL protocol family
[    2.722678] RPC: Registered named UNIX socket transport module.
[    2.723022] RPC: Registered udp transport module.
[    2.723302] RPC: Registered tcp transport module.
[    2.723576] RPC: Registered tcp NFSv4.1 backchannel transport module.
[    2.724257] pci_bus 0000:00: resource 4 [io  0x0000-0x0cf7 window]
[    2.724622] pci_bus 0000:00: resource 5 [io  0x0d00-0xffff window]
[    2.724980] pci_bus 0000:00: resource 6 [mem 0x000a0000-0x000bffff window]
[    2.725476] pci_bus 0000:00: resource 7 [mem 0xc0000000-0xfebfffff window]
[    2.725895] pci_bus 0000:00: resource 8 [mem 0x240000000-0x2bfffffff window]
[    2.726425] pci 0000:00:01.0: PIIX3: Enabling Passive Release
[    2.726765] pci 0000:00:00.0: Limiting direct PCI/PCI transfers
[    2.727138] PCI: CLS 0 bytes, default 64
[    2.727406] PCI-DMA: Using software bounce buffering for IO (SWIOTLB)
[    2.727783] software IO TLB: mapped [mem 0x00000000bbe93000-0x00000000bfe93000] (64MB)
[    2.728339] RAPL PMU: API unit is 2^-32 Joules, 0 fixed counters, 10737418240 ms ovfl timer
[    2.728468] Unpacking initramfs...
[    2.728850] clocksource: tsc: mask: 0xffffffffffffffff max_cycles: 0x2df10e7656b, max_idle_ns: 440795364873 ns
[    2.739551] Initialise system trusted keyrings
[    2.740041] workingset: timestamp_bits=56 max_order=21 bucket_order=0
[    2.747747] Freeing initrd memory: 1332K
[    2.748039] NFS: Registering the id_resolver key type
[    2.748361] Key type id_resolver registered
[    2.748605] Key type id_legacy registered
[    2.749426] Key type cifs.idmap registered
[    2.749724] 9p: Installing v9fs 9p2000 file system support
[    2.754133] Key type asymmetric registered
[    2.754430] Asymmetric key parser 'x509' registered
[    2.754755] Block layer SCSI generic (bsg) driver version 0.4 loaded (major 251)
[    2.755245] io scheduler mq-deadline registered
[    2.755517] io scheduler kyber registered
[    2.756016] input: Power Button as /devices/LNXSYSTM:00/LNXPWRBN:00/input/input0
[    2.756566] ACPI: button: Power Button [PWRF]
[    2.757264] Serial: 8250/16550 driver, 4 ports, IRQ sharing enabled
[    2.757732] 00:04: ttyS0 at I/O 0x3f8 (irq = 4, base_baud = 115200) is a 16550A
[    2.758808] Non-volatile memory driver v1.3
[    2.759053] Linux agpgart interface v0.103
[    2.759398] ACPI: bus type drm_connector registered
[    2.763639] loop: module loaded
[    2.765042] scsi host0: ata_piix
[    2.766386] scsi host1: ata_piix
[    2.766675] ata1: PATA max MWDMA2 cmd 0x1f0 ctl 0x3f6 bmdma 0xc040 irq 14
[    2.767067] ata2: PATA max MWDMA2 cmd 0x170 ctl 0x376 bmdma 0xc048 irq 15
[    2.767956] e100: Intel(R) PRO/100 Network Driver
[    2.768230] e100: Copyright(c) 1999-2006 Intel Corporation
[    2.768563] e1000: Intel(R) PRO/1000 Network Driver
[    2.768846] e1000: Copyright (c) 1999-2006 Intel Corporation.
[    2.923465] ata2: found unknown device (class 0)
[    2.924175] ata2.00: ATAPI: QEMU DVD-ROM, 2.5+, max UDMA/100
[    2.925159] scsi 1:0:0:0: CD-ROM            QEMU     QEMU DVD-ROM     2.5+ PQ: 0 ANSI: 5
[    2.967678] sr 1:0:0:0: [sr0] scsi3-mmc drive: 4x/4x cd/rw xa/form2 tray
[    2.968075] cdrom: Uniform CD-ROM driver Revision: 3.20
[    2.987348] sr 1:0:0:0: Attached scsi generic sg0 type 5
[    3.080687] ACPI: \_SB_.LNKC: Enabled at IRQ 11
[    3.368811] e1000 0000:00:03.0 eth0: (PCI:33MHz:32-bit) 52:54:00:12:34:56
[    3.369238] e1000 0000:00:03.0 eth0: Intel(R) PRO/1000 Network Connection
[    3.369687] e1000e: Intel(R) PRO/1000 Network Driver
[    3.369992] e1000e: Copyright(c) 1999 - 2015 Intel Corporation.
[    3.370379] sky2: driver version 1.30
[    3.371143] usbcore: registered new interface driver usblp
[    3.371514] usbcore: registered new interface driver usb-storage
[    3.371937] i8042: PNP: PS/2 Controller [PNP0303:KBD,PNP0f13:MOU] at 0x60,0x64 irq 1,12
[    3.372871] serio: i8042 KBD port at 0x60,0x64 irq 1
[    3.373171] serio: i8042 AUX port at 0x60,0x64 irq 12
[    3.373817] rtc_cmos 00:05: RTC can wake from S4
[    3.374159] input: AT Translated Set 2 keyboard as /devices/platform/i8042/serio0/input/input1
[    3.375782] rtc_cmos 00:05: registered as rtc0
[    3.376199] rtc_cmos 00:05: alarms up to one day, y3k, 242 bytes nvram, hpet irqs
[    3.376983] device-mapper: ioctl: 4.47.0-ioctl (2022-07-28) initialised: dm-devel@redhat.com
[    3.377495] intel_pstate: CPU model not supported
[    3.377815] hid: raw HID events driver (C) Jiri Kosina
[    3.378425] usbcore: registered new interface driver usbhid
[    3.378751] usbhid: USB HID core driver
[    3.380518] Initializing XFRM netlink socket
[    3.381049] NET: Registered PF_INET6 protocol family
[    3.381842] Segment Routing with IPv6
[    3.382070] In-situ OAM (IOAM) with IPv6
[    3.382398] sit: IPv6, IPv4 and MPLS over IPv4 tunneling driver
[    3.383003] NET: Registered PF_PACKET protocol family
[    3.383376] 9pnet: Installing 9P2000 support
[    3.383656] Key type dns_resolver registered
[    3.384147] IPI shorthand broadcast: enabled
[    3.384450] sched_clock: Marking stable (3342133255, 42271478)->(3398751988, -14347255)
[    3.385042] registered taskstats version 1
[    3.385290] Loading compiled-in X.509 certificates
[    3.385755] cryptomgr_test (56) used greatest stack depth: 30912 bytes left
[    3.386360] cryptomgr_test (64) used greatest stack depth: 30536 bytes left
[    3.386835] PM:   Magic number: 10:463:379
[    3.387120] printk: console [netcon0] enabled
[    3.387383] netconsole: network logging started
[    3.387842] cfg80211: Loading compiled-in X.509 certificates for regulatory database
[    3.388557] kworker/u4:0 (78) used greatest stack depth: 29512 bytes left
[    3.389856] cfg80211: Loaded X.509 cert 'sforshee: 00b28ddf47aef9cea7'
[    3.390256] ALSA device list:
[    3.390450]   No soundcards found.
[    3.391585] Freeing unused kernel image (initmem) memory: 2112K
[    3.391880] platform regulatory.0: Direct firmware load for regulatory.db failed with error -2
[    3.392218] cfg80211: failed to load regulatory.db
[    3.394455] Write protecting the kernel read-only data: 59392k
[    3.395108] Freeing unused kernel image (text/rodata gap) memory: 2032K
[    3.395556] Freeing unused kernel image (rodata/data gap) memory: 1028K
[    3.402864] x86/mm: Checked W+X mappings: passed, no W+X pages found.
[    3.403164] Run /init as init process
[    3.404652] mount (83) used greatest stack depth: 28360 bytes left

secb: rootfs ready
---- poc begin ----
poc: CVE-2023-5345
fsopen OK iter=0 fd=3
r1=0 r2=-1 errno=22
poc: triggered 0 cases, parse_err expected
---- poc end rc=0 ----
secb: poc exited without crashing the kernel
[    3.997933] input: ImExPS/2 Generic Explorer Mouse as /devices/platform/i8042/serio1/input/input3
[    4.729049] ACPI: PM: Preparing to enter system sleep state S5
[    4.729339] reboot: Power down
NO_CRASH_DETECTED
