c[?7l[2J[0mSeaBIOS (version 1.16.2-debian-1.16.2-1)


iPXE (http://ipxe.org) 00:03.0 CA00 PCI2.10 PnP PMM+7EFCEF00+7EF0EF00 CA00
Press Ctrl-B to configure iPXE (PCI 00:03.0)...                                                                               


Booting from ROM..c[?7l[2J[    0.000000] Linux version 6.19.0-rc5-00131-g3ddf44626a1b-dirty (root@buildkitsandbox) (gcc (Debian 12.2.0-14+deb12u1) 12.2.0, GNU ld (GNU Binutils for Debian) 2.40) #1 SMP PREEMPT_DYNAMIC Sun May  3 14:14:43 UTC 2026
[    0.000000] Command line: console=ttyS0 oops=panic panic_on_warn=1 nokaslr rdinit=/init
[    0.000000] BIOS-provided physical RAM map:
[    0.000000] BIOS-e820: [mem 0x0000000000000000-0x000000000009fbff] usable
[    0.000000] BIOS-e820: [mem 0x000000000009fc00-0x000000000009ffff] reserved
[    0.000000] BIOS-e820: [mem 0x00000000000f0000-0x00000000000fffff] reserved
[    0.000000] BIOS-e820: [mem 0x0000000000100000-0x000000007ffdffff] usable
[    0.000000] BIOS-e820: [mem 0x000000007ffe0000-0x000000007fffffff] reserved
[    0.000000] BIOS-e820: [mem 0x00000000feffc000-0x00000000feffffff] reserved
[    0.000000] BIOS-e820: [mem 0x00000000fffc0000-0x00000000ffffffff] reserved
[    0.000000] NX (Execute Disable) protection: active
[    0.000000] APIC: Static calls initialized
[    0.000000] SMBIOS 2.8 present.
[    0.000000] DMI: QEMU Standard PC (i440FX + PIIX, 1996), BIOS 1.16.2-debian-1.16.2-1 04/01/2014
[    0.000000] DMI: Memory slots populated: 1/1
[    0.000000] Hypervisor detected: KVM
[    0.000000] last_pfn = 0x7ffe0 max_arch_pfn = 0x400000000
[    0.000000] kvm-clock: Using msrs 4b564d01 and 4b564d00
[    0.000000] kvm-clock: using sched offset of 267568567 cycles
[    0.000002] clocksource: kvm-clock: mask: 0xffffffffffffffff max_cycles: 0x1cd42e4dffb, max_idle_ns: 881590591483 ns
[    0.000005] tsc: Detected 3187.200 MHz processor
[    0.000316] last_pfn = 0x7ffe0 max_arch_pfn = 0x400000000
[    0.000334] MTRR map: 4 entries (3 fixed + 1 variable; max 19), built from 8 variable MTRRs
[    0.000337] x86/PAT: Configuration [0-7]: WB  WC  UC- UC  WB  WP  UC- WT  
[    0.002398] found SMP MP-table at [mem 0x000f5ba0-0x000f5baf]
[    0.002404] Using GB pages for direct mapping
[    0.002488] RAMDISK: [mem 0x7fe90000-0x7ffdffff]
[    0.002491] ACPI: Early table checksum verification disabled
[    0.002494] ACPI: RSDP 0x00000000000F59D0 000014 (v00 BOCHS )
[    0.002496] ACPI: RSDT 0x000000007FFE1B33 000034 (v01 BOCHS  BXPC     00000001 BXPC 00000001)
[    0.002501] ACPI: FACP 0x000000007FFE19DF 000074 (v01 BOCHS  BXPC     00000001 BXPC 00000001)
[    0.002506] ACPI: DSDT 0x000000007FFE0040 00199F (v01 BOCHS  BXPC     00000001 BXPC 00000001)
[    0.002508] ACPI: FACS 0x000000007FFE0000 000040
[    0.002511] ACPI: APIC 0x000000007FFE1A53 000080 (v01 BOCHS  BXPC     00000001 BXPC 00000001)
[    0.002512] ACPI: HPET 0x000000007FFE1AD3 000038 (v01 BOCHS  BXPC     00000001 BXPC 00000001)
[    0.002514] ACPI: WAET 0x000000007FFE1B0B 000028 (v01 BOCHS  BXPC     00000001 BXPC 00000001)
[    0.002519] ACPI: Reserving FACP table memory at [mem 0x7ffe19df-0x7ffe1a52]
[    0.002520] ACPI: Reserving DSDT table memory at [mem 0x7ffe0040-0x7ffe19de]
[    0.002521] ACPI: Reserving FACS table memory at [mem 0x7ffe0000-0x7ffe003f]
[    0.002521] ACPI: Reserving APIC table memory at [mem 0x7ffe1a53-0x7ffe1ad2]
[    0.002522] ACPI: Reserving HPET table memory at [mem 0x7ffe1ad3-0x7ffe1b0a]
[    0.002522] ACPI: Reserving WAET table memory at [mem 0x7ffe1b0b-0x7ffe1b32]
[    0.002731] No NUMA configuration found
[    0.002732] Faking a node at [mem 0x0000000000000000-0x000000007ffdffff]
[    0.002733] NODE_DATA(0) allocated [mem 0x7fe8c900-0x7fe8ffff]
[    0.002742] Zone ranges:
[    0.002742]   DMA      [mem 0x0000000000001000-0x0000000000ffffff]
[    0.002744]   DMA32    [mem 0x0000000001000000-0x000000007ffdffff]
[    0.002744]   Normal   empty
[    0.002745] Movable zone start for each node
[    0.002745] Early memory node ranges
[    0.002746]   node   0: [mem 0x0000000000001000-0x000000000009efff]
[    0.002747]   node   0: [mem 0x0000000000100000-0x000000007ffdffff]
[    0.002747] Initmem setup node 0 [mem 0x0000000000001000-0x000000007ffdffff]
[    0.004194] On node 0, zone DMA: 1 pages in unavailable ranges
[    0.004230] On node 0, zone DMA: 97 pages in unavailable ranges
[    0.032210] On node 0, zone DMA32: 32 pages in unavailable ranges
[    0.199915] KernelAddressSanitizer initialized (generic)
[    0.200116] ACPI: PM-Timer IO Port: 0x608
[    0.200126] ACPI: LAPIC_NMI (acpi_id[0xff] dfl dfl lint[0x1])
[    0.200149] IOAPIC[0]: apic_id 0, version 17, address 0xfec00000, GSI 0-23
[    0.200152] ACPI: INT_SRC_OVR (bus 0 bus_irq 0 global_irq 2 dfl dfl)
[    0.200153] ACPI: INT_SRC_OVR (bus 0 bus_irq 5 global_irq 5 high level)
[    0.200154] ACPI: INT_SRC_OVR (bus 0 bus_irq 9 global_irq 9 high level)
[    0.200155] ACPI: INT_SRC_OVR (bus 0 bus_irq 10 global_irq 10 high level)
[    0.200156] ACPI: INT_SRC_OVR (bus 0 bus_irq 11 global_irq 11 high level)
[    0.200158] ACPI: Using ACPI (MADT) for SMP configuration information
[    0.200159] ACPI: HPET id: 0x8086a201 base: 0xfed00000
[    0.200161] TSC deadline timer available
[    0.200164] CPU topo: Max. logical packages:   1
[    0.200165] CPU topo: Max. logical dies:       1
[    0.200165] CPU topo: Max. dies per package:   1
[    0.200167] CPU topo: Max. threads per core:   1
[    0.200167] CPU topo: Num. cores per package:     2
[    0.200168] CPU topo: Num. threads per package:   2
[    0.200168] CPU topo: Allowing 2 present CPUs plus 0 hotplug CPUs
[    0.200181] kvm-guest: APIC: eoi() replaced with kvm_guest_apic_eoi_write()
[    0.200193] kvm-guest: KVM setup pv remote TLB flush
[    0.200195] kvm-guest: setup PV sched yield
[    0.200200] PM: hibernation: Registered nosave memory: [mem 0x00000000-0x00000fff]
[    0.200202] PM: hibernation: Registered nosave memory: [mem 0x0009f000-0x000fffff]
[    0.200203] [mem 0x80000000-0xfeffbfff] available for PCI devices
[    0.200204] Booting paravirtualized kernel on KVM
[    0.200206] clocksource: refined-jiffies: mask: 0xffffffff max_cycles: 0xffffffff, max_idle_ns: 1910969940391419 ns
[    0.207734] setup_percpu: NR_CPUS:64 nr_cpumask_bits:2 nr_cpu_ids:2 nr_node_ids:1
[    0.209501] percpu: Embedded 64 pages/cpu s223704 r8192 d30248 u1048576
[    0.209540] Kernel command line: console=ttyS0 oops=panic panic_on_warn=1 nokaslr rdinit=/init
[    0.209578] random: crng init done
[    0.209579] printk: log buffer data + meta data: 262144 + 917504 = 1179648 bytes
[    0.210767] Dentry cache hash table entries: 262144 (order: 9, 2097152 bytes, linear)
[    0.210840] Inode-cache hash table entries: 131072 (order: 8, 1048576 bytes, linear)
[    0.210884] Fallback order for Node 0: 0 
[    0.210886] Built 1 zonelists, mobility grouping on.  Total pages: 524158
[    0.210887] Policy zone: DMA32
[    0.210888] mem auto-init: stack:all(zero), heap alloc:off, heap free:off
[    0.210889] stackdepot: allocating hash table via alloc_large_system_hash
[    0.210890] stackdepot hash table entries: 1048576 (order: 12, 16777216 bytes, linear)
[    0.219409] stackdepot: allocating space for 8192 stack pools via memblock
[    0.243178] SLUB: HWalign=64, Order=0-3, MinObjects=0, CPUs=2, Nodes=1
[    0.244104] Dynamic Preempt: voluntary
[    0.245586] rcu: Preemptible hierarchical RCU implementation.
[    0.245587] rcu: 	RCU event tracing is enabled.
[    0.245588] rcu: 	RCU restricting CPUs from NR_CPUS=64 to nr_cpu_ids=2.
[    0.245589] 	Trampoline variant of Tasks RCU enabled.
[    0.245590] 	Tracing variant of Tasks RCU enabled.
[    0.245590] rcu: RCU calculated value of scheduler-enlistment delay is 100 jiffies.
[    0.245591] rcu: Adjusting geometry for rcu_fanout_leaf=16, nr_cpu_ids=2
[    0.245612] RCU Tasks: Setting shift to 1 and lim to 1 rcu_task_cb_adjust=1 rcu_task_cpu_ids=2.
[    0.245615] RCU Tasks Trace: Setting shift to 1 and lim to 1 rcu_task_cb_adjust=1 rcu_task_cpu_ids=2.
[    0.254357] NR_IRQS: 4352, nr_irqs: 440, preallocated irqs: 16
[    0.254586] rcu: srcu_init: Setting srcu_struct sizes based on contention.
[    0.256901] Console: colour VGA+ 80x25
[    0.256931] printk: legacy console [ttyS0] enabled
[    0.298019] ACPI: Core revision 20250807
[    0.298385] clocksource: hpet: mask: 0xffffffff max_cycles: 0xffffffff, max_idle_ns: 19112604467 ns
[    0.298983] APIC: Switch to symmetric I/O mode setup
[    0.299380] x2apic enabled
[    0.299705] APIC: Switched APIC routing to: physical x2apic
[    0.300247] kvm-guest: APIC: send_IPI_mask() replaced with kvm_send_ipi_mask()
[    0.300687] kvm-guest: APIC: send_IPI_mask_allbutself() replaced with kvm_send_ipi_mask_allbutself()
[    0.301248] kvm-guest: setup PV IPIs
[    0.302132] ..TIMER: vector=0x30 apic1=0 pin1=2 apic2=-1 pin2=-1
[    0.302498] clocksource: tsc-early: mask: 0xffffffffffffffff max_cycles: 0x2df10e7656b, max_idle_ns: 440795364873 ns
[    0.303118] Calibrating delay loop (skipped) preset value.. 6374.40 BogoMIPS (lpj=3187200)
[    0.303686] x86/cpu: User Mode Instruction Prevention (UMIP) activated
[    0.304163] Last level iTLB entries: 4KB 0, 2MB 0, 4MB 0
[    0.304472] Last level dTLB entries: 4KB 0, 2MB 0, 4MB 0, 1GB 0
[    0.304826] mitigations: Enabled attack vectors: user_kernel, user_user, SMT mitigations: auto
[    0.305117] Speculative Store Bypass: Mitigation: Speculative Store Bypass disabled via prctl
[    0.305613] Spectre V2 : Mitigation: Enhanced / Automatic IBRS
[    0.306116] ITS: Mitigation: Aligned branch/return thunks
[    0.306429] Spectre V1 : Mitigation: usercopy/swapgs barriers and __user pointer sanitization
[    0.306920] Spectre V2 : Spectre v2 / PBRSB-eIBRS: Retire a single CALL on VMEXIT
[    0.307117] Spectre V2 : mitigation: Enabling conditional Indirect Branch Prediction Barrier
[    0.307600] active return thunk: its_return_thunk
[    0.308127] x86/fpu: Supporting XSAVE feature 0x001: 'x87 floating point registers'
[    0.308580] x86/fpu: Supporting XSAVE feature 0x002: 'SSE registers'
[    0.309116] x86/fpu: Supporting XSAVE feature 0x004: 'AVX registers'
[    0.309488] x86/fpu: Supporting XSAVE feature 0x200: 'Protection Keys User registers'
[    0.309969] x86/fpu: xstate_offset[2]:  576, xstate_sizes[2]:  256
[    0.310116] x86/fpu: xstate_offset[9]:  832, xstate_sizes[9]:    8
[    0.310478] x86/fpu: Enabled xstate features 0x207, context size is 840 bytes, using 'compacted' format.
[    0.325919] Freeing SMP alternatives memory: 44K
[    0.326119] pid_max: default: 32768 minimum: 301
[    0.326472] SELinux:  Initializing.
[    0.326819] Mount-cache hash table entries: 4096 (order: 3, 32768 bytes, linear)
[    0.327118] Mountpoint-cache hash table entries: 4096 (order: 3, 32768 bytes, linear)
[    0.328278] smpboot: CPU0: Intel(R) Core(TM) i9-14900K (family: 0x6, model: 0xb7, stepping: 0x1)
[    0.329050] Performance Events: unsupported CPU family 6 model 183 no PMU driver, software events only.
[    0.329136] signal: max sigframe size: 3632
[    0.329438] rcu: Hierarchical SRCU implementation.
[    0.329734] rcu: 	Max phase no-delay instances is 400.
[    0.330105] Timer migration: 1 hierarchy levels; 8 children per group; 1 crossnode level
[    0.332786] smp: Bringing up secondary CPUs ...
[    0.333244] smpboot: x86: Booting SMP configuration:
[    0.333542] .... node  #0, CPUs:      #1
[    0.333624] smp: Brought up 1 node, 2 CPUs
[    0.334118] smpboot: Total of 2 processors activated (12748.80 BogoMIPS)
[    0.334581] Memory: 1684916K/2096632K available (45040K kernel code, 8152K rwdata, 10032K rodata, 5536K init, 1292K bss, 404708K reserved, 0K cma-reserved)
[    0.336174] devtmpfs: initialized
[    0.338408] clocksource: jiffies: mask: 0xffffffff max_cycles: 0xffffffff, max_idle_ns: 1911260446275000 ns
[    0.338725] posixtimers hash table entries: 1024 (order: 2, 16384 bytes, linear)
[    0.339121] futex hash table entries: 512 (32768 bytes on 1 NUMA nodes, total 32 KiB, linear).
[    0.339757] PM: RTC time: 14:19:38, date: 2026-05-03
[    0.340193] NET: Registered PF_NETLINK/PF_ROUTE protocol family
[    0.340984] audit: initializing netlink subsys (disabled)
[    0.342146] audit: type=2000 audit(1777817979.056:1): state=initialized audit_enabled=0 res=1
[    0.342316] thermal_sys: Registered thermal governor 'step_wise'
[    0.343129] cpuidle: using governor menu
[    0.343942] PCI: Using configuration type 1 for base access
[    0.344166] kprobes: kprobe jump-optimization is enabled. All kprobes are optimized if possible.
[    0.346145] HugeTLB: registered 2.00 MiB page size, pre-allocated 0 pages
[    0.346545] HugeTLB: 28 KiB vmemmap can be freed for a 2.00 MiB page
[    0.348349] ACPI: Added _OSI(Module Device)
[    0.348610] ACPI: Added _OSI(Processor Device)
[    0.348884] ACPI: Added _OSI(Processor Aggregator Device)
[    0.355468] ACPI: 1 ACPI AML tables successfully acquired and loaded
[    0.360836] ACPI: Interpreter enabled
[    0.361149] ACPI: PM: (supports S0 S3 S4 S5)
[    0.361401] ACPI: Using IOAPIC for interrupt routing
[    0.361720] PCI: Using host bridge windows from ACPI; if necessary, use "pci=nocrs" and report a bug
[    0.362117] PCI: Using E820 reservations for host bridge windows
[    0.362846] ACPI: Enabled 2 GPEs in block 00 to 0F
[    0.376543] ACPI: PCI Root Bridge [PCI0] (domain 0000 [bus 00-ff])
[    0.376915] acpi PNP0A03:00: _OSC: OS supports [ASPM ClockPM Segments MSI HPX-Type3]
[    0.377117] acpi PNP0A03:00: _OSC: not requesting OS control; OS requires [ExtendedConfig ASPM ClockPM MSI]
[    0.377750] acpi PNP0A03:00: fail to add MMCONFIG information, can't access extended configuration space under this bridge
[    0.378291] PCI host bridge to bus 0000:00
[    0.378572] pci_bus 0000:00: root bus resource [io  0x0000-0x0cf7 window]
[    0.378998] pci_bus 0000:00: root bus resource [io  0x0d00-0xffff window]
[    0.379118] pci_bus 0000:00: root bus resource [mem 0x000a0000-0x000bffff window]
[    0.379585] pci_bus 0000:00: root bus resource [mem 0x80000000-0xfebfffff window]
[    0.380045] pci_bus 0000:00: root bus resource [mem 0x100000000-0x17fffffff window]
[    0.381118] pci_bus 0000:00: root bus resource [bus 00-ff]
[    0.381488] pci 0000:00:00.0: [8086:1237] type 00 class 0x060000 conventional PCI endpoint
[    0.386255] pci 0000:00:01.0: [8086:7000] type 00 class 0x060100 conventional PCI endpoint
[    0.390904] pci 0000:00:01.1: [8086:7010] type 00 class 0x010180 conventional PCI endpoint
[    0.391451] pci 0000:00:01.1: BAR 4 [io  0xc040-0xc04f]
[    0.391780] pci 0000:00:01.1: BAR 0 [io  0x01f0-0x01f7]: legacy IDE quirk
[    0.392117] pci 0000:00:01.1: BAR 1 [io  0x03f6]: legacy IDE quirk
[    0.392497] pci 0000:00:01.1: BAR 2 [io  0x0170-0x0177]: legacy IDE quirk
[    0.392925] pci 0000:00:01.1: BAR 3 [io  0x0376]: legacy IDE quirk
[    0.393274] pci 0000:00:01.3: [8086:7113] type 00 class 0x068000 conventional PCI endpoint
[    0.393993] pci 0000:00:01.3: quirk: [io  0x0600-0x063f] claimed by PIIX4 ACPI
[    0.395121] pci 0000:00:01.3: quirk: [io  0x0700-0x070f] claimed by PIIX4 SMB
[    0.395729] pci 0000:00:02.0: [1234:1111] type 00 class 0x030000 conventional PCI endpoint
[    0.396717] pci 0000:00:02.0: BAR 0 [mem 0xfd000000-0xfdffffff pref]
[    0.397114] pci 0000:00:02.0: BAR 2 [mem 0xfebf0000-0xfebf0fff]
[    0.397499] pci 0000:00:02.0: ROM [mem 0xfebe0000-0xfebeffff pref]
[    0.397934] pci 0000:00:02.0: Video device with shadowed ROM at [mem 0x000c0000-0x000dffff]
[    0.402264] pci 0000:00:03.0: [8086:100e] type 00 class 0x020000 conventional PCI endpoint
[    0.404759] pci 0000:00:03.0: BAR 0 [mem 0xfebc0000-0xfebdffff]
[    0.405122] pci 0000:00:03.0: BAR 1 [io  0xc000-0xc03f]
[    0.405462] pci 0000:00:03.0: ROM [mem 0xfeb80000-0xfebbffff pref]
[    0.411527] ACPI: PCI: Interrupt link LNKA configured for IRQ 10
[    0.412317] ACPI: PCI: Interrupt link LNKB configured for IRQ 10
[    0.413090] ACPI: PCI: Interrupt link LNKC configured for IRQ 11
[    0.413509] ACPI: PCI: Interrupt link LNKD configured for IRQ 11
[    0.417363] ACPI: PCI: Interrupt link LNKS configured for IRQ 9
[    0.418797] iommu: Default domain type: Translated
[    0.419081] iommu: DMA domain TLB invalidation policy: lazy mode
[    0.419740] SCSI subsystem initialized
[    0.420207] ACPI: bus type USB registered
[    0.420497] usbcore: registered new interface driver usbfs
[    0.420855] usbcore: registered new interface driver hub
[    0.421130] usbcore: registered new device driver usb
[    0.421488] pps_core: LinuxPPS API ver. 1 registered
[    0.421782] pps_core: Software ver. 5.3.6 - Copyright 2005-2007 Rodolfo Giometti <giometti@linux.it>
[    0.422127] PTP clock support registered
[    0.423360] Advanced Linux Sound Architecture Driver Initialized.
[    0.423911] NetLabel: Initializing
[    0.424117] NetLabel:  domain hash size = 128
[    0.424374] NetLabel:  protocols = UNLABELED CIPSOv4 CALIPSO
[    0.424742] NetLabel:  unlabeled traffic allowed by default
[    0.425149] PCI: Using ACPI for IRQ routing
[    0.425507] pci 0000:00:02.0: vgaarb: setting as boot VGA device
[    0.425867] pci 0000:00:02.0: vgaarb: bridge control possible
[    0.426115] pci 0000:00:02.0: vgaarb: VGA device added: decodes=io+mem,owns=io+mem,locks=none
[    0.427117] vgaarb: loaded
[    0.427337] hpet0: at MMIO 0xfed00000, IRQs 2, 8, 0
[    0.427624] hpet0: 3 comparators, 64-bit 100.000000 MHz counter
[    0.430163] clocksource: Switched to clocksource kvm-clock
[    0.430712] VFS: Disk quotas dquot_6.6.0
[    0.430951] VFS: Dquot-cache hash table entries: 512 (order 0, 4096 bytes)
[    0.432327] pnp: PnP ACPI init
[    0.433653] pnp: PnP ACPI: found 6 devices
[    0.441422] clocksource: acpi_pm: mask: 0xffffff max_cycles: 0xffffff, max_idle_ns: 2085701024 ns
[    0.441987] NET: Registered PF_INET protocol family
[    0.442338] IP idents hash table entries: 32768 (order: 6, 262144 bytes, linear)
[    0.443245] tcp_listen_portaddr_hash hash table entries: 1024 (order: 2, 16384 bytes, linear)
[    0.443747] Table-perturb hash table entries: 65536 (order: 6, 262144 bytes, linear)
[    0.444204] TCP established hash table entries: 16384 (order: 5, 131072 bytes, linear)
[    0.445880] TCP bind hash table entries: 16384 (order: 7, 524288 bytes, linear)
[    0.446338] TCP: Hash tables configured (established 16384 bind 16384)
[    0.446763] UDP hash table entries: 1024 (order: 4, 65536 bytes, linear)
[    0.447176] UDP-Lite hash table entries: 1024 (order: 4, 65536 bytes, linear)
[    0.447680] NET: Registered PF_UNIX/PF_LOCAL protocol family
[    0.448223] RPC: Registered named UNIX socket transport module.
[    0.448576] RPC: Registered udp transport module.
[    0.448854] RPC: Registered tcp transport module.
[    0.449133] RPC: Registered tcp-with-tls transport module.
[    0.449455] RPC: Registered tcp NFSv4.1 backchannel transport module.
[    0.450162] pci_bus 0000:00: resource 4 [io  0x0000-0x0cf7 window]
[    0.450547] pci_bus 0000:00: resource 5 [io  0x0d00-0xffff window]
[    0.450926] pci_bus 0000:00: resource 6 [mem 0x000a0000-0x000bffff window]
[    0.451347] pci_bus 0000:00: resource 7 [mem 0x80000000-0xfebfffff window]
[    0.451768] pci_bus 0000:00: resource 8 [mem 0x100000000-0x17fffffff window]
[    0.452286] pci 0000:00:01.0: PIIX3: Enabling Passive Release
[    0.452635] pci 0000:00:00.0: Limiting direct PCI/PCI transfers
[    0.453017] PCI: CLS 0 bytes, default 64
[    0.453314] RAPL PMU: API unit is 2^-32 Joules, 0 fixed counters, 10737418240 ms ovfl timer
[    0.453432] Unpacking initramfs...
[    0.453833] clocksource: tsc: mask: 0xffffffffffffffff max_cycles: 0x2df10e7656b, max_idle_ns: 440795364873 ns
[    0.457209] Initialise system trusted keyrings
[    0.457546] workingset: timestamp_bits=56 max_order=19 bucket_order=0
[    0.458353] NFS: Registering the id_resolver key type
[    0.458679] Key type id_resolver registered
[    0.458940] Key type id_legacy registered
[    0.459251] 9p: Installing v9fs 9p2000 file system support
[    0.466349] Key type asymmetric registered
[    0.466650] Asymmetric key parser 'x509' registered
[    0.466982] Block layer SCSI generic (bsg) driver version 0.4 loaded (major 251)
[    0.467350] Freeing initrd memory: 1344K
[    0.467454] io scheduler mq-deadline registered
[    0.467975] io scheduler kyber registered
[    0.468438] input: Power Button as /devices/LNXSYSTM:00/LNXPWRBN:00/input/input0
[    0.469013] ACPI: button: Power Button [PWRF]
[    0.469624] Serial: 8250/16550 driver, 4 ports, IRQ sharing enabled
[    0.470192] 00:04: ttyS0 at I/O 0x3f8 (irq = 4, base_baud = 115200) is a 16550A
[    0.471442] Non-volatile memory driver v1.3
[    0.471699] Linux agpgart interface v0.103
[    0.475356] loop: module loaded
[    0.477301] scsi host0: ata_piix
[    0.477719] scsi host1: ata_piix
[    0.478001] ata1: PATA max MWDMA2 cmd 0x1f0 ctl 0x3f6 bmdma 0xc040 irq 14 lpm-pol 0
[    0.478450] ata2: PATA max MWDMA2 cmd 0x170 ctl 0x376 bmdma 0xc048 irq 15 lpm-pol 0
[    0.479626] e100: Intel(R) PRO/100 Network Driver
[    0.479912] e100: Copyright(c) 1999-2006 Intel Corporation
[    0.480256] e1000: Intel(R) PRO/1000 Network Driver
[    0.480545] e1000: Copyright (c) 1999-2006 Intel Corporation.
[    0.635681] ata2: found unknown device (class 0)
[    0.636457] ata2.00: ATAPI: QEMU DVD-ROM, 2.5+, max UDMA/100
[    0.637694] scsi 1:0:0:0: CD-ROM            QEMU     QEMU DVD-ROM     2.5+ PQ: 0 ANSI: 5
[    0.655192] sr 1:0:0:0: [sr0] scsi3-mmc drive: 4x/4x cd/rw xa/form2 tray
[    0.656320] cdrom: Uniform CD-ROM driver Revision: 3.20
[    0.677508] sr 1:0:0:0: Attached scsi generic sg0 type 5
[    0.818451] ACPI: \_SB_.LNKC: Enabled at IRQ 11
[    1.104967] e1000 0000:00:03.0 eth0: (PCI:33MHz:32-bit) 52:54:00:12:34:56
[    1.105382] e1000 0000:00:03.0 eth0: Intel(R) PRO/1000 Network Connection
[    1.105825] e1000e: Intel(R) PRO/1000 Network Driver
[    1.106119] e1000e: Copyright(c) 1999 - 2015 Intel Corporation.
[    1.106494] sky2: driver version 1.30
[    1.107033] usbcore: registered new interface driver usblp
[    1.107379] usbcore: registered new interface driver usb-storage
[    1.107786] i8042: PNP: PS/2 Controller [PNP0303:KBD,PNP0f13:MOU] at 0x60,0x64 irq 1,12
[    1.108775] serio: i8042 KBD port at 0x60,0x64 irq 1
[    1.109071] serio: i8042 AUX port at 0x60,0x64 irq 12
[    1.109595] rtc_cmos 00:05: RTC can wake from S4
[    1.110662] rtc_cmos 00:05: registered as rtc0
[    1.110998] rtc_cmos 00:05: alarms up to one day, y3k, 242 bytes nvram, hpet irqs
[    1.111729] device-mapper: ioctl: 4.50.0-ioctl (2025-04-28) initialised: dm-devel@lists.linux.dev
[    1.112281] intel_pstate: CPU model not supported
[    1.113839] hid: raw HID events driver (C) Jiri Kosina
[    1.114825] usbcore: registered new interface driver usbhid
[    1.115150] usbhid: USB HID core driver
[    1.115840] netem: version 1.3
[    1.116220] Initializing XFRM netlink socket
[    1.116506] NET: Registered PF_INET6 protocol family
[    1.117896] Segment Routing with IPv6
[    1.118142] In-situ OAM (IOAM) with IPv6
[    1.118406] sit: IPv6, IPv4 and MPLS over IPv4 tunneling driver
[    1.118984] NET: Registered PF_PACKET protocol family
[    1.119315] 9pnet: Installing 9P2000 support
[    1.119601] Key type dns_resolver registered
[    1.120092] IPI shorthand broadcast: enabled
[    1.128690] sched_clock: Marking stable (1084000928, 44523858)->(1131938699, -3413913)
[    1.129372] registered taskstats version 1
[    1.129644] Loading compiled-in X.509 certificates
[    1.136274] Demotion targets for Node 0: null
[    1.137023] PM:   Magic number: 10:972:332
[    1.137290] tty tty53: hash matches
[    1.137526] netconsole: network logging started
[    1.137891] cfg80211: Loading compiled-in X.509 certificates for regulatory database
[    1.138480] kworker/u8:1 (58) used greatest stack depth: 29584 bytes left
[    1.138967] kworker/u8:1 (59) used greatest stack depth: 29544 bytes left
[    1.141462] Loaded X.509 cert 'sforshee: 00b28ddf47aef9cea7'
[    1.141955] Loaded X.509 cert 'wens: 61c038651aabdcf94bd0ac7ff06c7248db18c600'
[    1.142443] faux_driver regulatory: Direct firmware load for regulatory.db failed with error -2
[    1.142966] cfg80211: failed to load regulatory.db
[    1.143268] ALSA device list:
[    1.143451]   No soundcards found.
[    1.144479] Freeing unused kernel image (initmem) memory: 5536K
[    1.144744] Write protecting the kernel read-only data: 55296k
[    1.145051] Freeing unused kernel image (text/rodata gap) memory: 12K
[    1.145355] Freeing unused kernel image (rodata/data gap) memory: 208K
[    1.155792] x86/mm: Checked W+X mappings: passed, no W+X pages found.
[    1.156060] Run /init as init process
[    1.156777] mkdir (61) used greatest stack depth: 28344 bytes left
[    1.158812] mount (65) used greatest stack depth: 27920 bytes left
[    1.161534] busybox (67) used greatest stack depth: 27152 bytes left

secb: rootfs ready
---- poc begin ----
poc: CVE-2026-23074 starting
poc: create_dummy rc=0
poc: ifindex=3
poc: qdisc qfq root rc=0
poc: class qfq 1:1 rc=0
poc: class qfq 1:2 rc=0
poc: qdisc teql0 under 1:1 rc=0
poc: qdisc teql0 under 1:2 rc=0
poc: looping pkt[    1.165047] qfq_dequeue: teql0 qdisc 3: is non-work-conserving?
 + lmax-change
poc:   change[0] err=0
poc: it=0
poc:   change[1] err=0
poc:   change[2] err=0
poc: it=4
poc: it=8
poc: it=12
poc: destroying qfq qdisc — should hit UAF if dangling agg
[    1.166613] ==================================================================
[    1.166903] BUG: KASAN: slab-use-after-free in qfq_reset_qdisc+0x29e/0x320
[    1.167183] Write of size 8 at addr ffff888009429b50 by task poc/69
[    1.167429] 
[    1.167499] CPU: 0 UID: 0 PID: 69 Comm: poc Not tainted 6.19.0-rc5-00131-g3ddf44626a1b-dirty #1 PREEMPT(voluntary) 
[    1.167501] Hardware name: QEMU Standard PC (i440FX + PIIX, 1996), BIOS 1.16.2-debian-1.16.2-1 04/01/2014
[    1.167502] Call Trace:
[    1.167503]  <TASK>
[    1.167504]  dump_stack_lvl+0x53/0x70
[    1.167508]  print_report+0xce/0x650
[    1.167512]  ? __pfx_skb_queue_purge_reason+0x10/0x10
[    1.167514]  ? qfq_reset_qdisc+0x29e/0x320
[    1.167515]  kasan_report+0xce/0x100
[    1.167517]  ? qfq_reset_qdisc+0x29e/0x320
[    1.167518]  qfq_reset_qdisc+0x29e/0x320
[    1.167520]  qdisc_reset+0x6d/0x560
[    1.167525]  ? __pfx_timer_delete+0x10/0x10
[    1.167528]  dev_reset_queue+0x76/0x120
[    1.167529]  dev_deactivate_many+0x46c/0x960
[    1.167531]  dev_deactivate+0xbc/0x160
[    1.167533]  ? __pfx_dev_deactivate+0x10/0x10
[    1.167535]  qdisc_graft+0xcb0/0x14b0
[    1.167537]  ? arch_stack_walk+0x73/0x100
[    1.167539]  ? __pfx_qdisc_graft+0x10/0x10
[    1.167541]  ? mutex_lock+0x8b/0xe0
[    1.167544]  ? __pfx_mutex_lock+0x10/0x10
[    1.167545]  ? __kernel_text_address+0xd/0x40
[    1.167547]  tc_get_qdisc+0x415/0xd50
[    1.167549]  ? __pfx_tc_get_qdisc+0x10/0x10
[    1.167551]  ? mutex_lock+0x8b/0xe0
[    1.167553]  ? __pfx_mutex_lock+0x10/0x10
[    1.167555]  rtnetlink_rcv_msg+0x367/0xa40
[    1.167557]  ? __pfx_rtnetlink_rcv_msg+0x10/0x10
[    1.167559]  netlink_rcv_skb+0x11f/0x350
[    1.167561]  ? __pfx_rtnetlink_rcv_msg+0x10/0x10
[    1.167562]  ? __pfx_netlink_rcv_skb+0x10/0x10
[    1.167564]  ? selinux_netlink_send+0x41f/0x840
[    1.167567]  netlink_unicast+0x621/0x890
[    1.167568]  ? __pfx_netlink_unicast+0x10/0x10
[    1.167569]  ? __pfx_selinux_socket_getpeersec_dgram+0x10/0x10
[    1.167571]  netlink_sendmsg+0x751/0xbf0
[    1.167573]  ? __pfx_netlink_sendmsg+0x10/0x10
[    1.167574]  ? _copy_from_user+0x2d/0x80
[    1.167577]  ____sys_sendmsg+0x823/0xa00
[    1.167580]  ? __pfx_____sys_sendmsg+0x10/0x10
[    1.167581]  ? __pfx_copy_msghdr_from_user+0x10/0x10
[    1.167583]  ___sys_sendmsg+0xff/0x180
[    1.167584]  ? __pfx____sys_sendmsg+0x10/0x10
[    1.167586]  ? fdget+0x53/0x3b0
[    1.167589]  __sys_sendmsg+0x11f/0x1b0
[    1.167590]  ? __pfx___sys_sendmsg+0x10/0x10
[    1.167591]  ? fdget_pos+0x53/0x4b0
[    1.167593]  do_syscall_64+0xa8/0x330
[    1.167595]  entry_SYSCALL_64_after_hwframe+0x77/0x7f
[    1.167597] RIP: 0033:0x43ea80
[    1.167598] Code: ff f7 d8 64 89 02 48 c7 c0 ff ff ff ff eb b7 66 2e 0f 1f 84 00 00 00 00 00 90 80 3d 01 c6 06 00 00 74 17 b8 2e 00 00 00 0f 05 <48> 3d 00 f0 ff ff 77 58 c3 0f 1f 80 00 00 00 00 48 83 ec 28 89 54
[    1.167599] RSP: 002b:00007ffd82abd288 EFLAGS: 00000202 ORIG_RAX: 000000000000002e
[    1.167601] RAX: ffffffffffffffda RBX: 0000000000000003 RCX: 000000000043ea80
[    1.167602] RDX: 0000000000000000 RSI: 00007ffd82abd2b0 RDI: 0000000000000003
[    1.167603] RBP: 0000000000000004 R08: 00007ffd82abd340 R09: 0000000000000010
[    1.167604] R10: 0000000000000000 R11: 0000000000000202 R12: 00007ffd82abd340
[    1.167605] R13: 0000000000000010 R14: 000000000047e1ac R15: 000000000047e18d
[    1.167606]  </TASK>
[    1.167607] 
[    1.178811] Allocated by task 69:
[    1.178946]  kasan_save_stack+0x33/0x60
[    1.179104]  kasan_save_track+0x14/0x30
[    1.179261]  __kasan_kmalloc+0x8f/0xa0
[    1.179416]  qfq_change_class+0xbbb/0x1590
[    1.179585]  tc_ctl_tclass+0x470/0x1450
[    1.179739]  rtnetlink_rcv_msg+0x367/0xa40
[    1.179903]  netlink_rcv_skb+0x11f/0x350
[    1.180060]  netlink_unicast+0x621/0x890
[    1.180220]  netlink_sendmsg+0x751/0xbf0
[    1.180380]  ____sys_sendmsg+0x823/0xa00
[    1.180540]  ___sys_sendmsg+0xff/0x180
[    1.180693]  __sys_sendmsg+0x11f/0x1b0
[    1.180845]  do_syscall_64+0xa8/0x330
[    1.180993]  entry_SYSCALL_64_after_hwframe+0x77/0x7f
[    1.181200] 
[    1.181269] Freed by task 69:
[    1.181394]  kasan_save_stack+0x33/0x60
[    1.181551]  kasan_save_track+0x14/0x30
[    1.181708]  kasan_save_free_info+0x3b/0x60
[    1.181879]  __kasan_slab_free+0x43/0x70
[    1.182045]  kfree+0x136/0x410
[    1.182182]  qfq_change_class+0x573/0x1590
[    1.182351]  tc_ctl_tclass+0x470/0x1450
[    1.182509]  rtnetlink_rcv_msg+0x367/0xa40
[    1.182680]  netlink_rcv_skb+0x11f/0x350
[    1.182847]  netlink_unicast+0x621/0x890
[    1.183014]  netlink_sendmsg+0x751/0xbf0
[    1.183184]  ____sys_sendmsg+0x823/0xa00
[    1.183348]  ___sys_sendmsg+0xff/0x180
[    1.183504]  __sys_sendmsg+0x11f/0x1b0
[    1.183657]  do_syscall_64+0xa8/0x330
[    1.183809]  entry_SYSCALL_64_after_hwframe+0x77/0x7f
[    1.184012] 
[    1.184083] The buggy address belongs to the object at ffff888009429b00
[    1.184083]  which belongs to the cache kmalloc-128 of size 128
[    1.184571] The buggy address is located 80 bytes inside of
[    1.184571]  freed 128-byte region [ffff888009429b00, ffff888009429b80)
[    1.185056] 
[    1.185127] The buggy address belongs to the physical page:
[    1.185343] page: refcount:0 mapcount:0 mapping:0000000000000000 index:0x0 pfn:0x9429
[    1.185643] flags: 0x100000000000000(node=0|zone=1)
[    1.185834] page_type: f5(slab)
[    1.185963] raw: 0100000000000000 ffff888006041a00 dead000000000122 0000000000000000
[    1.186261] raw: 0000000000000000 0000000000100010 00000000f5000000 0000000000000000
[    1.186561] page dumped because: kasan: bad access detected
[    1.186782] 
[    1.186851] Memory state around the buggy address:
[    1.187042]  ffff888009429a00: 00 00 00 00 00 00 00 00 00 00 00 00 00 00 00 00
[    1.187326]  ffff888009429a80: fc fc fc fc fc fc fc fc fc fc fc fc fc fc fc fc
[    1.187608] >ffff888009429b00: fa fb fb fb fb fb fb fb fb fb fb fb fb fb fb fb
[    1.187890]                                                  ^
[    1.188119]  ffff888009429b80: fc fc fc fc fc fc fc fc fc fc fc fc fc fc fc fc
[    1.188405]  ffff888009429c00: 00 00 00 00 00 00 00 00 00 00 00 00 00 00 fc fc
[    1.188684] ==================================================================
[    1.188974] Kernel panic - not syncing: KASAN: panic_on_warn set ...
[    1.189225] CPU: 0 UID: 0 PID: 69 Comm: poc Not tainted 6.19.0-rc5-00131-g3ddf44626a1b-dirty #1 PREEMPT(voluntary) 
[    1.189624] Hardware name: QEMU Standard PC (i440FX + PIIX, 1996), BIOS 1.16.2-debian-1.16.2-1 04/01/2014
[    1.189994] Call Trace:
[    1.190103]  <TASK>
[    1.190197]  vpanic+0x3e7/0x460
[    1.190333]  panic+0xc5/0xd0
[    1.190458]  ? __pfx_panic+0x10/0x10
[    1.190604]  ? panic_on_this_cpu+0x15/0x30
[    1.190774]  ? panic_on_this_cpu+0x15/0x30
[    1.190947]  check_panic_on_warn+0x5c/0x80
[    1.191119]  end_report+0xbd/0xe0
[    1.191260]  kasan_report+0xdc/0x100
[    1.191413]  ? qfq_reset_qdisc+0x29e/0x320
[    1.191584]  qfq_reset_qdisc+0x29e/0x320
[    1.191749]  qdisc_reset+0x6d/0x560
[    1.191897]  ? __pfx_timer_delete+0x10/0x10
[    1.192072]  dev_reset_queue+0x76/0x120
[    1.192229]  dev_deactivate_many+0x46c/0x960
[    1.192399]  dev_deactivate+0xbc/0x160
[    1.192550]  ? __pfx_dev_deactivate+0x10/0x10
[    1.192723]  qdisc_graft+0xcb0/0x14b0
[    1.192870]  ? arch_stack_walk+0x73/0x100
[    1.193030]  ? __pfx_qdisc_graft+0x10/0x10
[    1.193194]  ? mutex_lock+0x8b/0xe0
[    1.193338]  ? __pfx_mutex_lock+0x10/0x10
[    1.193499]  ? __kernel_text_address+0xd/0x40
[    1.193675]  tc_get_qdisc+0x415/0xd50
[    1.193825]  ? __pfx_tc_get_qdisc+0x10/0x10
[    1.193993]  ? mutex_lock+0x8b/0xe0
[    1.194135]  ? __pfx_mutex_lock+0x10/0x10
[    1.194297]  rtnetlink_rcv_msg+0x367/0xa40
[    1.194463]  ? __pfx_rtnetlink_rcv_msg+0x10/0x10
[    1.194649]  netlink_rcv_skb+0x11f/0x350
[    1.194808]  ? __pfx_rtnetlink_rcv_msg+0x10/0x10
[    1.194994]  ? __pfx_netlink_rcv_skb+0x10/0x10
[    1.195172]  ? selinux_netlink_send+0x41f/0x840
[    1.195359]  netlink_unicast+0x621/0x890
[    1.195520]  ? __pfx_netlink_unicast+0x10/0x10
[    1.195702]  ? __pfx_selinux_socket_getpeersec_dgram+0x10/0x10
[    1.195935]  netlink_sendmsg+0x751/0xbf0
[    1.196094]  ? __pfx_netlink_sendmsg+0x10/0x10
[    1.196272]  ? _copy_from_user+0x2d/0x80
[    1.196435]  ____sys_sendmsg+0x823/0xa00
[    1.196600]  ? __pfx_____sys_sendmsg+0x10/0x10
[    1.196786]  ? __pfx_copy_msghdr_from_user+0x10/0x10
[    1.196992]  ___sys_sendmsg+0xff/0x180
[    1.197149]  ? __pfx____sys_sendmsg+0x10/0x10
[    1.197335]  ? fdget+0x53/0x3b0
[    1.197473]  __sys_sendmsg+0x11f/0x1b0
[    1.197631]  ? __pfx___sys_sendmsg+0x10/0x10
[    1.197811]  ? fdget_pos+0x53/0x4b0
[    1.197960]  do_syscall_64+0xa8/0x330
[    1.198118]  entry_SYSCALL_64_after_hwframe+0x77/0x7f
[    1.198322] RIP: 0033:0x43ea80
[    1.198448] Code: ff f7 d8 64 89 02 48 c7 c0 ff ff ff ff eb b7 66 2e 0f 1f 84 00 00 00 00 00 90 80 3d 01 c6 06 00 00 74 17 b8 2e 00 00 00 0f 05 <48> 3d 00 f0 ff ff 77 58 c3 0f 1f 80 00 00 00 00 48 83 ec 28 89 54
[    1.199154] RSP: 002b:00007ffd82abd288 EFLAGS: 00000202 ORIG_RAX: 000000000000002e
[    1.199459] RAX: ffffffffffffffda RBX: 0000000000000003 RCX: 000000000043ea80
[    1.199749] RDX: 0000000000000000 RSI: 00007ffd82abd2b0 RDI: 0000000000000003
[    1.200038] RBP: 0000000000000004 R08: 00007ffd82abd340 R09: 0000000000000010
[    1.200328] R10: 0000000000000000 R11: 0000000000000202 R12: 00007ffd82abd340
[    1.200619] R13: 0000000000000010 R14: 000000000047e1ac R15: 000000000047e18d
[    1.200911]  </TASK>
[    1.201053] Kernel Offset: disabled
secb: serial log at /tmp/serial.log (571 lines)
CONFIRMED: KASAN_UAF
