bash: warning: setlocale: LC_ALL: cannot change locale (en_US.UTF-8)
c[?7l[2J[0mSeaBIOS (version 1.16.2-debian-1.16.2-1)
Booting from ROM..c[?7l[2J[0m.early console in extract_kernel
input_data: 0x000000000d27e2bf
input_len: 0x0000000004b82688
output: 0x0000000001000000
output_len: 0x000000000f0d1a90
kernel_total_size: 0x0000000010e26000
needed_size: 0x0000000011000000
trampoline_32bit: 0x000000000009d000

Decompressing Linux... Parsing ELF... done.
Booting the kernel.
[    0.000000][    T0] Linux version 6.1.0-rc8-00002-gabcf45dbeae1-dirty (root@buildkitsandbox) (gcc (Debian 12.2.0-14+deb12u1) 12.2.0, GNU ld (GNU Binutils for Debian) 2.40) #2 SMP PREEMPT_DYNAMIC Mon May 25 16:09:36 UTC 2026
[    0.000000][    T0] Command line: console=ttyS0 oops=panic panic=86400 nokaslr earlyprintk=serial rdinit=/init
[    0.000000][    T0] KERNEL supported cpus:
[    0.000000][    T0]   Intel GenuineIntel
[    0.000000][    T0]   AMD AuthenticAMD
[    0.000000][    T0] x86/fpu: Supporting XSAVE feature 0x001: 'x87 floating point registers'
[    0.000000][    T0] x86/fpu: Supporting XSAVE feature 0x002: 'SSE registers'
[    0.000000][    T0] x86/fpu: Supporting XSAVE feature 0x004: 'AVX registers'
[    0.000000][    T0] x86/fpu: xstate_offset[2]:  576, xstate_sizes[2]:  256
[    0.000000][    T0] x86/fpu: Enabled xstate features 0x7, context size is 832 bytes, using 'compacted' format.
[    0.000000][    T0] signal: max sigframe size: 1776
[    0.000000][    T0] BIOS-provided physical RAM map:
[    0.000000][    T0] BIOS-e820: [mem 0x0000000000000000-0x000000000009fbff] usable
[    0.000000][    T0] BIOS-e820: [mem 0x000000000009fc00-0x000000000009ffff] reserved
[    0.000000][    T0] BIOS-e820: [mem 0x00000000000f0000-0x00000000000fffff] reserved
[    0.000000][    T0] BIOS-e820: [mem 0x0000000000100000-0x000000007ffdffff] usable
[    0.000000][    T0] BIOS-e820: [mem 0x000000007ffe0000-0x000000007fffffff] reserved
[    0.000000][    T0] BIOS-e820: [mem 0x00000000feffc000-0x00000000feffffff] reserved
[    0.000000][    T0] BIOS-e820: [mem 0x00000000fffc0000-0x00000000ffffffff] reserved
[    0.000000][    T0] BIOS-e820: [mem 0x000000fd00000000-0x000000ffffffffff] reserved
[    0.000000][    T0] printk: bootconsole [earlyser0] enabled
[    0.000000][    T0] NX (Execute Disable) protection: active
[    0.000000][    T0] SMBIOS 2.8 present.
[    0.000000][    T0] DMI: QEMU Standard PC (i440FX + PIIX, 1996), BIOS 1.16.2-debian-1.16.2-1 04/01/2014
[    0.000000][    T0] Hypervisor detected: KVM
[    0.000000][    T0] kvm-clock: Using msrs 4b564d01 and 4b564d00
[    0.000005][    T0] kvm-clock: using sched offset of 963150780 cycles
[    0.000725][    T0] clocksource: kvm-clock: mask: 0xffffffffffffffff max_cycles: 0x1cd42e4dffb, max_idle_ns: 881590591483 ns
[    0.002838][    T0] tsc: Detected 3493.436 MHz processor
[    0.007933][    T0] last_pfn = 0x7ffe0 max_arch_pfn = 0x400000000
[    0.008727][    T0] x86/PAT: Configuration [0-7]: WB  WC  UC- UC  WB  WP  UC- WT  
[    0.012688][    T0] found SMP MP-table at [mem 0x000f5ba0-0x000f5baf]
[    0.013482][    T0] Using GB pages for direct mapping
[    0.014922][    T0] RAMDISK: [mem 0x7fe4c000-0x7ffdffff]
[    0.015569][    T0] ACPI: Early table checksum verification disabled
[    0.016340][    T0] ACPI: RSDP 0x00000000000F59D0 000014 (v00 BOCHS )
[    0.017124][    T0] ACPI: RSDT 0x000000007FFE1B33 000034 (v01 BOCHS  BXPC     00000001 BXPC 00000001)
[    0.018244][    T0] ACPI: FACP 0x000000007FFE19DF 000074 (v01 BOCHS  BXPC     00000001 BXPC 00000001)
[    0.019362][    T0] ACPI: DSDT 0x000000007FFE0040 00199F (v01 BOCHS  BXPC     00000001 BXPC 00000001)
[    0.020482][    T0] ACPI: FACS 0x000000007FFE0000 000040
[    0.021128][    T0] ACPI: APIC 0x000000007FFE1A53 000080 (v01 BOCHS  BXPC     00000001 BXPC 00000001)
[    0.022264][    T0] ACPI: HPET 0x000000007FFE1AD3 000038 (v01 BOCHS  BXPC     00000001 BXPC 00000001)
[    0.023383][    T0] ACPI: WAET 0x000000007FFE1B0B 000028 (v01 BOCHS  BXPC     00000001 BXPC 00000001)
[    0.024473][    T0] ACPI: Reserving FACP table memory at [mem 0x7ffe19df-0x7ffe1a52]
[    0.025395][    T0] ACPI: Reserving DSDT table memory at [mem 0x7ffe0040-0x7ffe19de]
[    0.026312][    T0] ACPI: Reserving FACS table memory at [mem 0x7ffe0000-0x7ffe003f]
[    0.027228][    T0] ACPI: Reserving APIC table memory at [mem 0x7ffe1a53-0x7ffe1ad2]
[    0.028156][    T0] ACPI: Reserving HPET table memory at [mem 0x7ffe1ad3-0x7ffe1b0a]
[    0.029081][    T0] ACPI: Reserving WAET table memory at [mem 0x7ffe1b0b-0x7ffe1b32]
[    0.030816][    T0] No NUMA configuration found
[    0.031361][    T0] Faking a node at [mem 0x0000000000000000-0x000000007ffdffff]
[    0.032295][    T0] NODE_DATA(0) allocated [mem 0x7fe46000-0x7fe4bfff]
[    0.036730][    T0] Zone ranges:
[    0.037141][    T0]   DMA      [mem 0x0000000000001000-0x0000000000ffffff]
[    0.037956][    T0]   DMA32    [mem 0x0000000001000000-0x000000007ffdffff]
[    0.038776][    T0]   Normal   empty
[    0.039206][    T0]   Device   empty
[    0.039642][    T0] Movable zone start for each node
[    0.040243][    T0] Early memory node ranges
[    0.040755][    T0]   node   0: [mem 0x0000000000001000-0x000000000009efff]
[    0.041588][    T0]   node   0: [mem 0x0000000000100000-0x000000007ffdffff]
[    0.042417][    T0] Initmem setup node 0 [mem 0x0000000000001000-0x000000007ffdffff]
[    0.043353][    T0] On node 0, zone DMA: 1 pages in unavailable ranges
[    0.043453][    T0] On node 0, zone DMA: 97 pages in unavailable ranges
[    0.056291][    T0] On node 0, zone DMA32: 32 pages in unavailable ranges
[    2.855534][    T0] kasan: KernelAddressSanitizer initialized
[    2.857699][    T0] ACPI: PM-Timer IO Port: 0x608
[    2.858290][    T0] ACPI: LAPIC_NMI (acpi_id[0xff] dfl dfl lint[0x1])
[    2.859104][    T0] IOAPIC[0]: apic_id 0, version 17, address 0xfec00000, GSI 0-23
[    2.860019][    T0] ACPI: INT_SRC_OVR (bus 0 bus_irq 0 global_irq 2 dfl dfl)
[    2.860875][    T0] ACPI: INT_SRC_OVR (bus 0 bus_irq 5 global_irq 5 high level)
[    2.861735][    T0] ACPI: INT_SRC_OVR (bus 0 bus_irq 9 global_irq 9 high level)
[    2.862595][    T0] ACPI: INT_SRC_OVR (bus 0 bus_irq 10 global_irq 10 high level)
[    2.863474][    T0] ACPI: INT_SRC_OVR (bus 0 bus_irq 11 global_irq 11 high level)
[    2.864367][    T0] ACPI: Using ACPI (MADT) for SMP configuration information
[    2.865205][    T0] ACPI: HPET id: 0x8086a201 base: 0xfed00000
[    2.865899][    T0] TSC deadline timer available
[    2.866451][    T0] smpboot: Allowing 2 CPUs, 0 hotplug CPUs
[    2.867158][    T0] kvm-guest: KVM setup pv remote TLB flush
[    2.867828][    T0] kvm-guest: setup PV sched yield
[    2.868489][    T0] PM: hibernation: Registered nosave memory: [mem 0x00000000-0x00000fff]
[    2.869554][    T0] PM: hibernation: Registered nosave memory: [mem 0x0009f000-0x0009ffff]
[    2.870508][    T0] PM: hibernation: Registered nosave memory: [mem 0x000a0000-0x000effff]
[    2.871458][    T0] PM: hibernation: Registered nosave memory: [mem 0x000f0000-0x000fffff]
[    2.872427][    T0] [mem 0x80000000-0xfeffbfff] available for PCI devices
[    2.873212][    T0] Booting paravirtualized kernel on KVM
[    2.873911][    T0] clocksource: refined-jiffies: mask: 0xffffffff max_cycles: 0xffffffff, max_idle_ns: 19112604462750000 ns
[    2.919197][    T0] setup_percpu: NR_CPUS:8 nr_cpumask_bits:2 nr_cpu_ids:2 nr_node_ids:1
[    2.937282][    T0] percpu: Embedded 69 pages/cpu s244360 r8192 d30072 u1048576
[    2.938325][    T0] kvm-guest: PV spinlocks enabled
[    2.938918][    T0] PV qspinlock hash table entries: 256 (order: 0, 4096 bytes, linear)
[    2.939962][    T0] Fallback order for Node 0: 0 
[    2.940703][    T0] Built 1 zonelists, mobility grouping on.  Total pages: 515808
[    2.941825][    T0] Policy zone: DMA32
[    2.942386][    T0] Kernel command line: console=ttyS0 oops=panic panic=86400 nokaslr earlyprintk=serial rdinit=/init
[    2.944572][    T0] random: crng init done
[    2.956401][    T0] Dentry cache hash table entries: 262144 (order: 9, 2097152 bytes, linear)
[    2.959377][    T0] Inode-cache hash table entries: 131072 (order: 8, 1048576 bytes, linear)
[    2.962526][    T0] mem auto-init: stack:off, heap alloc:on, heap free:off
[    2.970134][    T0] stackdepot hash table entries: 1048576 (order: 11, 8388608 bytes, linear)
[    3.084811][    T0] Memory: 1473832K/2096632K available (149535K kernel code, 36088K rwdata, 30676K rodata, 2760K init, 33980K bss, 622544K reserved, 0K cma-reserved)
[    3.087361][    T0] SLUB: HWalign=64, Order=0-3, MinObjects=0, CPUs=2, Nodes=1
[    3.089726][    T0] Dynamic Preempt: full
[    3.103344][    T0] Running RCU self tests
[    3.103999][    T0] rcu: Preemptible hierarchical RCU implementation.
[    3.104925][    T0] rcu: 	RCU lockdep checking is enabled.
[    3.105709][    T0] rcu: 	RCU restricting CPUs from NR_CPUS=8 to nr_cpu_ids=2.
[    3.106723][    T0] rcu: 	RCU callback double-/use-after-free debug is enabled.
[    3.107749][    T0] rcu: 	RCU debug extended QS entry/exit.
[    3.108546][    T0] 	Trampoline variant of Tasks RCU enabled.
[    3.109367][    T0] 	Tracing variant of Tasks RCU enabled.
[    3.110150][    T0] rcu: RCU calculated value of scheduler-enlistment delay is 10 jiffies.
[    3.111314][    T0] rcu: Adjusting geometry for rcu_fanout_leaf=16, nr_cpu_ids=2
[    3.140923][    T0] NR_IRQS: 4352, nr_irqs: 440, preallocated irqs: 16
[    3.142290][    T0] rcu: srcu_init: Setting srcu_struct sizes based on contention.
[    3.143614][    T0] kfence: initialized - using 2097152 bytes for 255 objects at 0x(____ptrval____)-0x(____ptrval____)
[    3.153940][    T0] Console: colour VGA+ 80x25
[    3.154559][    T0] printk: console [ttyS0] enabled
[    3.154559][    T0] printk: console [ttyS0] enabled
[    3.155825][    T0] printk: bootconsole [earlyser0] disabled
[    3.155825][    T0] printk: bootconsole [earlyser0] disabled
[    3.157227][    T0] Lock dependency validator: Copyright (c) 2006 Red Hat, Inc., Ingo Molnar
[    3.158267][    T0] ... MAX_LOCKDEP_SUBCLASSES:  8
[    3.158914][    T0] ... MAX_LOCK_DEPTH:          48
[    3.159527][    T0] ... MAX_LOCKDEP_KEYS:        8192
[    3.160200][    T0] ... CLASSHASH_SIZE:          4096
[    3.160847][    T0] ... MAX_LOCKDEP_ENTRIES:     131072
[    3.161492][    T0] ... MAX_LOCKDEP_CHAINS:      262144
[    3.162200][    T0] ... CHAINHASH_SIZE:          131072
[    3.162896][    T0]  memory used by lock dependency info: 20657 kB
[    3.163744][    T0]  memory used for stack traces: 8320 kB
[    3.164507][    T0]  per task-struct memory footprint: 1920 bytes
[    3.165330][    T0] ACPI: Core revision 20220331
[    3.166324][    T0] clocksource: hpet: mask: 0xffffffff max_cycles: 0xffffffff, max_idle_ns: 19112604467 ns
[    3.167878][    T0] APIC: Switch to symmetric I/O mode setup
[    3.168829][    T0] x2apic enabled
[    3.169498][    T0] Switched APIC routing to physical x2apic.
[    3.170269][    T0] kvm-guest: setup PV IPIs
[    3.174216][    T0] ..TIMER: vector=0x30 apic1=0 pin1=2 apic2=-1 pin2=-1
[    3.175141][    T0] tsc: Marking TSC unstable due to TSCs unsynchronized
[    3.175983][    T0] Calibrating delay loop (skipped) preset value.. 6986.87 BogoMIPS (lpj=34934360)
[    3.177139][    T0] pid_max: default: 32768 minimum: 301
[    3.186125][    T0] LSM: Security Framework initializing
[    3.186890][    T0] landlock: Up and running.
[    3.187443][    T0] Yama: becoming mindful.
[    3.188093][    T0] TOMOYO Linux initialized
[    3.188824][    T0] AppArmor: AppArmor initialized
[    3.189486][    T0] LSM support for eBPF active
[    3.190240][    T0] Mount-cache hash table entries: 4096 (order: 3, 32768 bytes, linear)
[    3.191269][    T0] Mountpoint-cache hash table entries: 4096 (order: 3, 32768 bytes, linear)
[    3.193938][    T0] x86/cpu: User Mode Instruction Prevention (UMIP) activated
[    3.194998][    T0] Last level iTLB entries: 4KB 512, 2MB 255, 4MB 127
[    3.195853][    T0] Last level dTLB entries: 4KB 512, 2MB 255, 4MB 127, 1GB 0
[    3.195980][    T0] Spectre V1 : Mitigation: usercopy/swapgs barriers and __user pointer sanitization
[    3.197166][    T0] Spectre V2 : Kernel not compiled with retpoline; no mitigation available!
[    3.197172][    T0] Spectre V2 : Vulnerable
[    3.198761][    T0] Spectre V2 : Spectre v2 / SpectreRSB mitigation: Filling RSB on context switch
[    3.199839][    T0] Spectre V2 : Enabling Speculation Barrier for firmware calls
[    3.200712][    T0] RETBleed: Mitigation: IBPB
[    3.201248][    T0] Spectre V2 : mitigation: Enabling conditional Indirect Branch Prediction Barrier
[    3.202316][    T0] Speculative Store Bypass: Mitigation: Speculative Store Bypass disabled via prctl
[    3.205014][    T0] Freeing SMP alternatives memory: 116K
[    3.206405][    T1] smpboot: CPU0: AMD Ryzen Threadripper PRO 3975WX 32-Cores (family: 0x17, model: 0x31, stepping: 0x0)
[    3.209004][    T1] cblist_init_generic: Setting adjustable number of callback queues.
[    3.210007][    T1] cblist_init_generic: Setting shift to 1 and lim to 1.
[    3.211021][    T1] cblist_init_generic: Setting shift to 1 and lim to 1.
[    3.212043][    T1] Running RCU-tasks wait API self tests
[    3.316236][    T1] Performance Events: Fam17h+ core perfctr, AMD PMU driver.
[    3.317306][    T1] ... version:                0
[    3.317918][    T1] ... bit width:              48
[    3.318567][    T1] ... generic registers:      6
[    3.319166][    T1] ... value mask:             0000ffffffffffff
[    3.319940][    T1] ... max period:             00007fffffffffff
[    3.320734][    T1] ... fixed-purpose events:   0
[    3.321376][    T1] ... event mask:             000000000000003f
[    3.322828][    T1] rcu: Hierarchical SRCU implementation.
[    3.323547][    T1] rcu: 	Max phase no-delay instances is 1000.
[    3.329224][    T1] smp: Bringing up secondary CPUs ...
[    3.330837][    T1] x86: Booting SMP configuration:
[    3.331505][    T1] .... node  #0, CPUs:      #1
[    3.333458][    T1] smp: Brought up 1 node, 2 CPUs
[    3.333458][    T1] smpboot: Max logical packages: 1
[    3.333458][    T1] smpboot: Total of 2 processors activated (13973.74 BogoMIPS)
[    3.337111][    T1] devtmpfs: initialized
[    3.337111][    T1] x86/mm: Memory block size: 128MB
[    3.356019][   T13] Callback from call_rcu_tasks_trace() invoked.
[    3.357683][    T1] clocksource: jiffies: mask: 0xffffffff max_cycles: 0xffffffff, max_idle_ns: 19112604462750000 ns
[    3.360788][    T1] futex hash table entries: 512 (order: 4, 65536 bytes, linear)
[    3.363444][    T1] PM: RTC time: 16:10:54, date: 2026-05-25
[    3.367621][    T1] NET: Registered PF_NETLINK/PF_ROUTE protocol family
[    3.369915][    T1] audit: initializing netlink subsys (disabled)
[    3.370953][   T26] audit: type=2000 audit(1779725454.803:1): state=initialized audit_enabled=0 res=1
[    3.370953][    T1] thermal_sys: Registered thermal governor 'step_wise'
[    3.370953][    T1] thermal_sys: Registered thermal governor 'user_space'
[    3.370953][    T1] cpuidle: using governor menu
[    3.370953][    T1] NET: Registered PF_QIPCRTR protocol family
[    3.377212][    T1] PCI: Using configuration type 1 for base access
[    3.378151][    T1] PCI: Using configuration type 1 for extended access
[    3.517675][    T1] HugeTLB: registered 1.00 GiB page size, pre-allocated 0 pages
[    3.517675][    T1] HugeTLB: 16380 KiB vmemmap can be freed for a 1.00 GiB page
[    3.517722][    T1] HugeTLB: registered 2.00 MiB page size, pre-allocated 0 pages
[    3.519504][    T1] HugeTLB: 28 KiB vmemmap can be freed for a 2.00 MiB page
[    3.536267][   T12] Callback from call_rcu_tasks() invoked.
[    3.556054][    T1] cryptd: max_cpu_qlen set to 1000
[    3.573384][    T1] raid6: skipped pq benchmark and selected avx2x4
[    3.574287][    T1] raid6: using avx2x2 recovery algorithm
[    3.575657][    T1] ACPI: Added _OSI(Module Device)
[    3.585980][    T1] ACPI: Added _OSI(Processor Device)
[    3.586688][    T1] ACPI: Added _OSI(3.0 _SCP Extensions)
[    3.587416][    T1] ACPI: Added _OSI(Processor Aggregator Device)
[    3.608859][    T1] ACPI: 1 ACPI AML tables successfully acquired and loaded
[    3.641010][    T1] ACPI: Interpreter enabled
[    3.641782][    T1] ACPI: PM: (supports S0 S3 S4 S5)
[    3.642477][    T1] ACPI: Using IOAPIC for interrupt routing
[    3.643300][    T1] PCI: Using host bridge windows from ACPI; if necessary, use "pci=nocrs" and report a bug
[    3.644469][    T1] PCI: Using E820 reservations for host bridge windows
[    3.646704][    T1] ACPI: Enabled 2 GPEs in block 00 to 0F
[    3.690884][    T1] ACPI: PCI Root Bridge [PCI0] (domain 0000 [bus 00-ff])
[    3.691880][    T1] acpi PNP0A03:00: _OSC: OS supports [ExtendedConfig ASPM ClockPM Segments MSI HPX-Type3]
[    3.694783][    T1] PCI host bridge to bus 0000:00
[    3.695435][    T1] pci_bus 0000:00: root bus resource [io  0x0000-0x0cf7 window]
[    3.695988][    T1] pci_bus 0000:00: root bus resource [io  0x0d00-0xffff window]
[    3.696980][    T1] pci_bus 0000:00: root bus resource [mem 0x000a0000-0x000bffff window]
[    3.698066][    T1] pci_bus 0000:00: root bus resource [mem 0x80000000-0xfebfffff window]
[    3.699134][    T1] pci_bus 0000:00: root bus resource [mem 0x100000000-0x17fffffff window]
[    3.700237][    T1] pci_bus 0000:00: root bus resource [bus 00-ff]
[    3.701423][    T1] pci 0000:00:00.0: [8086:1237] type 00 class 0x060000
[    3.716059][    T1] pci 0000:00:01.0: [8086:7000] type 00 class 0x060100
[    3.730337][    T1] pci 0000:00:01.1: [8086:7010] type 00 class 0x010180
[    3.732675][    T1] pci 0000:00:01.1: reg 0x20: [io  0xc000-0xc00f]
[    3.734126][    T1] pci 0000:00:01.1: legacy IDE quirk: reg 0x10: [io  0x01f0-0x01f7]
[    3.735127][    T1] pci 0000:00:01.1: legacy IDE quirk: reg 0x14: [io  0x03f6]
[    3.735973][    T1] pci 0000:00:01.1: legacy IDE quirk: reg 0x18: [io  0x0170-0x0177]
[    3.737029][    T1] pci 0000:00:01.1: legacy IDE quirk: reg 0x1c: [io  0x0376]
[    3.738486][    T1] pci 0000:00:01.3: [8086:7113] type 00 class 0x068000
[    3.739767][    T1] pci 0000:00:01.3: quirk: [io  0x0600-0x063f] claimed by PIIX4 ACPI
[    3.740853][    T1] pci 0000:00:01.3: quirk: [io  0x0700-0x070f] claimed by PIIX4 SMB
[    3.742890][    T1] pci 0000:00:02.0: [1234:1111] type 00 class 0x030000
[    3.746380][    T1] pci 0000:00:02.0: reg 0x10: [mem 0xfd000000-0xfdffffff pref]
[    3.749051][    T1] pci 0000:00:02.0: reg 0x18: [mem 0xfebf0000-0xfebf0fff]
[    3.753563][    T1] pci 0000:00:02.0: reg 0x30: [mem 0xfebe0000-0xfebeffff pref]
[    3.754736][    T1] pci 0000:00:02.0: Video device with shadowed ROM at [mem 0x000c0000-0x000dffff]
[    3.773364][    T1] ACPI: PCI: Interrupt link LNKA configured for IRQ 10
[    3.775662][    T1] ACPI: PCI: Interrupt link LNKB configured for IRQ 10
[    3.777303][    T1] ACPI: PCI: Interrupt link LNKC configured for IRQ 11
[    3.779585][    T1] ACPI: PCI: Interrupt link LNKD configured for IRQ 11
[    3.781034][    T1] ACPI: PCI: Interrupt link LNKS configured for IRQ 9
[    3.786113][    T1] iommu: Default domain type: Translated 
[    3.786880][    T1] iommu: DMA domain TLB invalidation policy: lazy mode 
[    3.789414][    T1] SCSI subsystem initialized
[    3.790670][    T1] ACPI: bus type USB registered
[    3.791511][    T1] usbcore: registered new interface driver usbfs
[    3.792480][    T1] usbcore: registered new interface driver hub
[    3.793373][    T1] usbcore: registered new device driver usb
[    3.794780][    T1] mc: Linux media interface: v0.10
[    3.795524][    T1] videodev: Linux video capture interface: v2.00
[    3.796207][    T1] pps_core: LinuxPPS API ver. 1 registered
[    3.796922][    T1] pps_core: Software ver. 5.3.6 - Copyright 2005-2007 Rodolfo Giometti <giometti@linux.it>
[    3.798129][    T1] PTP clock support registered
[    3.798989][    T1] EDAC MC: Ver: 3.0.0
[    3.800654][    T1] Advanced Linux Sound Architecture Driver Initialized.
[    3.803015][    T1] Bluetooth: Core ver 2.22
[    3.803604][    T1] NET: Registered PF_BLUETOOTH protocol family
[    3.804319][    T1] Bluetooth: HCI device and connection manager initialized
[    3.805171][    T1] Bluetooth: HCI socket layer initialized
[    3.805839][    T1] Bluetooth: L2CAP socket layer initialized
[    3.806003][    T1] Bluetooth: SCO socket layer initialized
[    3.806700][    T1] NET: Registered PF_ATMPVC protocol family
[    3.807390][    T1] NET: Registered PF_ATMSVC protocol family
[    3.808208][    T1] NetLabel: Initializing
[    3.808702][    T1] NetLabel:  domain hash size = 128
[    3.809305][    T1] NetLabel:  protocols = UNLABELED CIPSOv4 CALIPSO
[    3.816075][    T1] NetLabel:  unlabeled traffic allowed by default
[    3.817658][    T1] nfc: nfc_init: NFC Core ver 0.1
[    3.818357][    T1] NET: Registered PF_NFC protocol family
[    3.819055][    T1] PCI: Using ACPI for IRQ routing
[    3.819965][    T1] pci 0000:00:02.0: vgaarb: setting as boot VGA device
[    3.820780][    T1] pci 0000:00:02.0: vgaarb: bridge control possible
[    3.821553][    T1] pci 0000:00:02.0: vgaarb: VGA device added: decodes=io+mem,owns=io+mem,locks=none
[    3.822641][    T1] vgaarb: loaded
[    3.823702][    T1] hpet0: at MMIO 0xfed00000, IRQs 2, 8, 0
[    3.824392][    T1] hpet0: 3 comparators, 64-bit 100.000000 MHz counter
[    3.831368][    T1] clocksource: Switched to clocksource kvm-clock
[    3.835957][    T1] VFS: Disk quotas dquot_6.6.0
[    3.835957][    T1] VFS: Dquot-cache hash table entries: 512 (order 0, 4096 bytes)
[    3.835957][    T1] FS-Cache: Loaded
[    3.835957][    T1] CacheFiles: Loaded
[    3.835957][    T1] TOMOYO: 2.6.0
[    3.835957][    T1] Mandatory Access Control activated.
[    3.837228][    T1] AppArmor: AppArmor Filesystem Enabled
[    3.838055][    T1] pnp: PnP ACPI init
[    3.842774][    T1] pnp: PnP ACPI: found 6 devices
[    3.875690][    T1] clocksource: acpi_pm: mask: 0xffffff max_cycles: 0xffffff, max_idle_ns: 2085701024 ns
[    3.877267][    T1] NET: Registered PF_INET protocol family
[    3.878152][    T1] IP idents hash table entries: 32768 (order: 6, 262144 bytes, linear)
[    3.893620][    T1] tcp_listen_portaddr_hash hash table entries: 1024 (order: 4, 73728 bytes, linear)
[    3.894952][    T1] Table-perturb hash table entries: 65536 (order: 6, 262144 bytes, linear)
[    3.896091][    T1] TCP established hash table entries: 16384 (order: 5, 131072 bytes, linear)
[    3.901327][    T1] TCP bind hash table entries: 16384 (order: 9, 2359296 bytes, linear)
[    3.903255][    T1] TCP: Hash tables configured (established 16384 bind 16384)
[    3.904492][    T1] MPTCP token hash table entries: 2048 (order: 5, 180224 bytes, linear)
[    3.905606][    T1] UDP hash table entries: 1024 (order: 5, 163840 bytes, linear)
[    3.906638][    T1] UDP-Lite hash table entries: 1024 (order: 5, 163840 bytes, linear)
[    3.907968][    T1] NET: Registered PF_UNIX/PF_LOCAL protocol family
[    3.909489][    T1] RPC: Registered named UNIX socket transport module.
[    3.910304][    T1] RPC: Registered udp transport module.
[    3.910947][    T1] RPC: Registered tcp transport module.
[    3.911596][    T1] RPC: Registered tcp NFSv4.1 backchannel transport module.
[    3.913492][    T1] NET: Registered PF_XDP protocol family
[    3.914167][    T1] pci_bus 0000:00: resource 4 [io  0x0000-0x0cf7 window]
[    3.914986][    T1] pci_bus 0000:00: resource 5 [io  0x0d00-0xffff window]
[    3.915807][    T1] pci_bus 0000:00: resource 6 [mem 0x000a0000-0x000bffff window]
[    3.916734][    T1] pci_bus 0000:00: resource 7 [mem 0x80000000-0xfebfffff window]
[    3.917634][    T1] pci_bus 0000:00: resource 8 [mem 0x100000000-0x17fffffff window]
[    3.918946][    T1] pci 0000:00:01.0: PIIX3: Enabling Passive Release
[    3.920764][    T1] pci 0000:00:00.0: Limiting direct PCI/PCI transfers
[    3.921635][    T1] PCI: CLS 0 bytes, default 64
[    3.922278][    T1] ACPI: bus type thunderbolt registered
[    3.923668][    T1] kvm: no hardware support for 'kvm_intel'
[    3.924967][   T11] Trying to unpack rootfs image as initramfs...
[    3.936029][    T1] kvm: Nested Virtualization enabled
[    3.936659][    T1] SVM: kvm: Nested Paging enabled
[    3.966840][   T66] cryptomgr_test (66) used greatest stack depth: 29824 bytes left
[    4.050246][   T11] Freeing initrd memory: 1616K
[    4.051655][   T65] kworker/u4:3 (65) used greatest stack depth: 28208 bytes left
[    4.075499][  T100] kworker/u4:1 (100) used greatest stack depth: 27808 bytes left
[    6.435431][    T1] Initialise system trusted keyrings
[    6.436614][    T1] workingset: timestamp_bits=40 max_order=19 bucket_order=0
[    6.477198][    T1] zbud: loaded
[    6.482190][    T1] DLM installed
[    6.488419][    T1] squashfs: version 4.0 (2009/01/31) Phillip Lougher
[    6.495090][    T1] NFS: Registering the id_resolver key type
[    6.495836][    T1] Key type id_resolver registered
[    6.496557][    T1] Key type id_legacy registered
[    6.497336][    T1] nfs4filelayout_init: NFSv4 File Layout Driver Registering...
[    6.498252][    T1] nfs4flexfilelayout_init: NFSv4 Flexfile Layout Driver Registering...
[    6.504129][    T1] Key type cifs.spnego registered
[    6.504793][    T1] Key type cifs.idmap registered
[    6.505710][    T1] ntfs: driver 2.1.32 [Flags: R/W].
[    6.507207][    T1] ntfs3: Max link count 4000
[    6.507752][    T1] ntfs3: Enabled Linux POSIX ACLs support
[    6.508414][    T1] ntfs3: Read-only LZX/Xpress compression included
[    6.509805][    T1] efs: 1.0a - http://aeschi.ch.eu.org/efs/
[    6.510655][    T1] jffs2: version 2.2. (NAND) (SUMMARY)  © 2001-2006 Red Hat, Inc.
[    6.513630][    T1] romfs: ROMFS MTD (C) 2007 Red Hat, Inc.
[    6.514659][    T1] QNX4 filesystem 0.2.3 registered.
[    6.515432][    T1] qnx6: QNX6 filesystem 1.0.0 registered.
[    6.516725][    T1] fuse: init (API version 7.37)
[    6.520892][    T1] orangefs_debugfs_init: called with debug mask: :none: :0:
[    6.522051][    T1] orangefs_init: module version upstream loaded
[    6.523374][    T1] JFS: nTxBlock = 8192, nTxLock = 65536
[    6.534389][    T1] SGI XFS with ACLs, security attributes, realtime, quota, no debug enabled
[    6.541897][    T1] 9p: Installing v9fs 9p2000 file system support
[    6.543545][    T1] NILFS version 2 loaded
[    6.544044][    T1] befs: version: 0.9.3
[    6.545482][    T1] ocfs2: Registered cluster interface o2cb
[    6.546423][    T1] ocfs2: Registered cluster interface user
[    6.547448][    T1] OCFS2 User DLM kernel interface loaded
[    6.554358][    T1] gfs2: GFS2 installed
[    6.564776][    T1] ceph: loaded (mds proto 32)
[    6.573827][    T1] NET: Registered PF_ALG protocol family
[    6.574551][    T1] xor: automatically using best checksumming function   avx       
[    6.575494][    T1] async_tx: api initialized (async)
[    6.576131][    T1] Key type asymmetric registered
[    6.576735][    T1] Asymmetric key parser 'x509' registered
[    6.577471][    T1] Asymmetric key parser 'pkcs8' registered
[    6.578147][    T1] Key type pkcs7_test registered
[    6.580480][    T1] alg: self-tests for CTR-KDF (hmac(sha256)) passed
[    6.581361][    T1] Block layer SCSI generic (bsg) driver version 0.4 loaded (major 240)
[    6.582640][    T1] io scheduler mq-deadline registered
[    6.583272][    T1] io scheduler kyber registered
[    6.584220][    T1] io scheduler bfq registered
[    6.588084][    T1] input: Power Button as /devices/LNXSYSTM:00/LNXPWRBN:00/input/input0
[    6.597029][    T1] ACPI: button: Power Button [PWRF]
[    6.599283][  T175] kworker/u4:2 (175) used greatest stack depth: 27360 bytes left
[    6.694693][  T399] kworker/u4:3 (399) used greatest stack depth: 27184 bytes left
[    6.799183][    T1] N_HDLC line discipline registered with maxframe=4096
[    6.800267][    T1] Serial: 8250/16550 driver, 4 ports, IRQ sharing enabled
[    6.804642][    T1] 00:04: ttyS0 at I/O 0x3f8 (irq = 4, base_baud = 115200) is a 16550A
[    6.815061][    T1] Non-volatile memory driver v1.3
[    6.815939][    T1] Linux agpgart interface v0.103
[    6.819604][    T1] ACPI: bus type drm_connector registered
[    6.829242][    T1] [drm] Initialized vgem 1.0.0 20120112 for vgem on minor 0
[    6.833299][    T1] [drm] Initialized vkms 1.0.0 20180514 for vkms on minor 1
[    6.889435][    T1] Console: switching to colour frame buffer device 128x48
[    6.907248][    T1] platform vkms: [drm] fb0: vkmsdrmfb frame buffer device
[    6.908481][    T1] usbcore: registered new interface driver udl
[    6.909641][    T1] bochs-drm 0000:00:02.0: vgaarb: deactivate vga console
[    6.912699][    T1] [drm] Found bochs VGA, ID 0xb0c5.
[    6.913467][    T1] [drm] Framebuffer size 16384 kB @ 0xfd000000, mmio @ 0xfebf0000.
[    6.916183][    T1] [drm] Found EDID data blob.
[    6.918233][    T1] [drm] Initialized bochs-drm 1.0.0 20130925 for 0000:00:02.0 on minor 2
[    6.939549][    T1] fbcon: bochs-drmdrmfb (fb1) is primary device
[    6.939562][    T1] fbcon: Remapping primary device, fb1, to tty 1-63
[   14.450676][    T1] bochs-drm 0000:00:02.0: [drm] fb1: bochs-drmdrmfb frame buffer device
[   14.457405][   T34] Floppy drive(s): fd0 is 2.88M AMI BIOS
[   14.477159][    T1] brd: module loaded
[   14.486627][   T34] FDC 0 is a S82078B
[   14.523601][    T1] loop: module loaded
[   14.579987][    T1] zram: Added device: zram0
[   14.584170][    T1] null_blk: disk nullb0 created
[   14.584741][    T1] null_blk: module loaded
[   14.585348][    T1] Guest personality initialized and is inactive
[   14.587740][    T1] VMCI host device registered (name=vmci, major=10, minor=119)
[   14.588632][    T1] Initialized host personality
[   14.589327][    T1] usbcore: registered new interface driver rtsx_usb
[   14.590313][    T1] usbcore: registered new interface driver viperboard
[   14.591347][    T1] usbcore: registered new interface driver dln2
[   14.592463][    T1] usbcore: registered new interface driver pn533_usb
[   14.595420][    T1] nfcsim 0.2 initialized
[   14.596173][    T1] usbcore: registered new interface driver port100
[   14.597144][    T1] usbcore: registered new interface driver nfcmrvl
[   14.600702][    T1] Loading iSCSI transport class v2.0-870.
[   14.616564][    T1] st: Version 20160209, fixed bufsize 32768, s/g segs 256
[   14.628982][    T1] scsi host0: ata_piix
[   14.630944][    T1] scsi host1: ata_piix
[   14.631910][    T1] ata1: PATA max MWDMA2 cmd 0x1f0 ctl 0x3f6 bmdma 0xc000 irq 14
[   14.632826][    T1] ata2: PATA max MWDMA2 cmd 0x170 ctl 0x376 bmdma 0xc008 irq 15
[   14.638292][    T1] Rounding down aligned max_sectors from 4294967295 to 4294967288
[   14.639480][    T1] db_root: cannot open: /etc/target
[   14.640616][    T1] slram: not enough parameters.
[   14.657615][    T1] ftl_cs: FTL header not found.
[   14.673250][    T1] wireguard: WireGuard 1.0.0 loaded. See www.wireguard.com for information.
[   14.674491][    T1] wireguard: Copyright (C) 2015-2019 Jason A. Donenfeld <Jason@zx2c4.com>. All Rights Reserved.
[   14.676111][    T1] eql: Equalizer2002: Simon Janes (simon@ncm.com) and David S. Miller (davem@redhat.com)
[   14.680981][    T1] MACsec IEEE 802.1AE
[   14.687602][    T1] tun: Universal TUN/TAP device driver, 1.6
[   14.689285][    T1] vcan: Virtual CAN interface driver
[   14.689921][    T1] vxcan: Virtual CAN Tunnel driver
[   14.690536][    T1] slcan: serial line CAN interface driver
[   14.691228][    T1] CAN device driver interface
[   14.691983][    T1] usbcore: registered new interface driver usb_8dev
[   14.692973][    T1] usbcore: registered new interface driver ems_usb
[   14.693919][    T1] usbcore: registered new interface driver gs_usb
[   14.694857][    T1] usbcore: registered new interface driver kvaser_usb
[   14.695873][    T1] usbcore: registered new interface driver mcba_usb
[   14.696953][    T1] usbcore: registered new interface driver peak_usb
[   14.698087][    T1] e100: Intel(R) PRO/100 Network Driver
[   14.698754][    T1] e100: Copyright(c) 1999-2006 Intel Corporation
[   14.699685][    T1] e1000: Intel(R) PRO/1000 Network Driver
[   14.700367][    T1] e1000: Copyright (c) 1999-2006 Intel Corporation.
[   14.701357][    T1] e1000e: Intel(R) PRO/1000 Network Driver
[   14.702047][    T1] e1000e: Copyright(c) 1999 - 2015 Intel Corporation.
[   14.703550][    T1] mkiss: AX.25 Multikiss, Hans Albas PE1AYX
[   14.704248][    T1] AX.25: 6pack driver, Revision: 0.3.0
[   14.704900][    T1] AX.25: bpqether driver version 004
[   14.705525][    T1] PPP generic driver version 2.4.2
[   14.706688][    T1] PPP BSD Compression module registered
[   14.707369][    T1] PPP Deflate Compression module registered
[   14.708110][    T1] PPP MPPE Compression module registered
[   14.708773][    T1] NET: Registered PF_PPPOX protocol family
[   14.709479][    T1] PPTP driver version 0.8.5
[   14.710123][    T1] SLIP: version 0.8.4-NET3.019-NEWTTY (dynamic channels, max=256) (6 bit encapsulation enabled).
[   14.711375][    T1] CSLIP: code copyright 1989 Regents of the University of California.
[   14.712333][    T1] SLIP linefill/keepalive option.
[   14.712928][    T1] hdlc: HDLC support module revision 1.22
[   14.713622][    T1] LAPB Ethernet driver version 0.02
[   14.714804][    T1] usbcore: registered new interface driver ath9k_htc
[   14.715794][    T1] usbcore: registered new interface driver carl9170
[   14.717130][    T1] usbcore: registered new interface driver ath6kl_usb
[   14.718098][    T1] usbcore: registered new interface driver ar5523
[   14.719214][    T1] usbcore: registered new interface driver ath10k_usb
[   14.720227][    T1] usbcore: registered new interface driver rndis_wlan
[   14.721250][    T1] mac80211_hwsim: initializing netlink
[   14.735825][    T1] usbcore: registered new interface driver atusb
[   14.742258][    T1] mac802154_hwsim mac802154_hwsim: Added 2 mac802154 hwsim hardware radios
[   14.743849][    T1] VMware vmxnet3 virtual NIC driver - version 1.7.0.0-k-NAPI
[   14.745094][    T1] usbcore: registered new interface driver catc
[   14.746036][    T1] usbcore: registered new interface driver kaweth
[   14.746807][    T1] pegasus: Pegasus/Pegasus II USB Ethernet driver
[   14.747753][    T1] usbcore: registered new interface driver pegasus
[   14.748690][    T1] usbcore: registered new interface driver rtl8150
[   14.749653][    T1] usbcore: registered new interface driver r8152
[   14.750410][    T1] hso: drivers/net/usb/hso.c: Option Wireless
[   14.751372][    T1] usbcore: registered new interface driver hso
[   14.752268][    T1] usbcore: registered new interface driver lan78xx
[   14.753223][    T1] usbcore: registered new interface driver asix
[   14.754137][    T1] usbcore: registered new interface driver ax88179_178a
[   14.755117][    T1] usbcore: registered new interface driver cdc_ether
[   14.756122][    T1] usbcore: registered new interface driver cdc_eem
[   14.757379][    T1] usbcore: registered new interface driver dm9601
[   14.758314][    T1] usbcore: registered new interface driver sr9700
[   14.759253][    T1] usbcore: registered new interface driver CoreChips
[   14.760245][    T1] usbcore: registered new interface driver smsc75xx
[   14.761214][    T1] usbcore: registered new interface driver smsc95xx
[   14.762165][    T1] usbcore: registered new interface driver gl620a
[   14.763090][    T1] usbcore: registered new interface driver net1080
[   14.764052][    T1] usbcore: registered new interface driver plusb
[   14.764969][    T1] usbcore: registered new interface driver rndis_host
[   14.765952][    T1] usbcore: registered new interface driver cdc_subset
[   14.766983][    T1] usbcore: registered new interface driver zaurus
[   14.767927][    T1] usbcore: registered new interface driver MOSCHIP usb-ethernet driver
[   14.769081][    T1] usbcore: registered new interface driver int51x1
[   14.770025][    T1] usbcore: registered new interface driver cdc_phonet
[   14.770995][    T1] usbcore: registered new interface driver kalmia
[   14.771939][    T1] usbcore: registered new interface driver ipheth
[   14.772884][    T1] usbcore: registered new interface driver sierra_net
[   14.773859][    T1] usbcore: registered new interface driver cx82310_eth
[   14.774867][    T1] usbcore: registered new interface driver cdc_ncm
[   14.775813][    T1] usbcore: registered new interface driver huawei_cdc_ncm
[   14.777040][    T1] usbcore: registered new interface driver lg-vl600
[   14.777987][    T1] usbcore: registered new interface driver qmi_wwan
[   14.779034][    T1] usbcore: registered new interface driver cdc_mbim
[   14.780953][    T1] usbcore: registered new interface driver ch9200
[   14.782070][    T1] usbcore: registered new interface driver r8153_ecm
[   14.785672][    T1] VFIO - User Level meta-driver version: 0.3
[   14.789760][    T1] aoe: AoE v85 initialised.
[   14.796143][ T1005] ata2: found unknown device (class 0)
[   14.798007][ T1005] ata2.00: ATAPI: QEMU DVD-ROM, 2.5+, max UDMA/100
[   14.799090][    T1] Warning! fotg210_hcd should always be loaded before uhci_hcd and ohci_hcd, not after
[   14.800598][    T1] SPI driver max3421-hcd has no spi_device_id for maxim,max3421
[   14.801697][    T1] usbcore: registered new interface driver cdc_acm
[   14.802459][    T1] cdc_acm: USB Abstract Control Model driver for USB modems and ISDN adapters
[   14.803627][    T1] usbcore: registered new interface driver usblp
[   14.804446][    T1] usbcore: registered new interface driver cdc_wdm
[   14.805299][    T1] usbcore: registered new interface driver usbtmc
[   14.808834][    T1] usbcore: registered new interface driver uas
[   14.809693][    T1] usbcore: registered new interface driver usb-storage
[   14.810567][    T1] usbcore: registered new interface driver ums-alauda
[   14.811468][    T1] usbcore: registered new interface driver ums-cypress
[   14.812462][    T1] usbcore: registered new interface driver ums-datafab
[   14.812796][   T34] scsi 1:0:0:0: CD-ROM            QEMU     QEMU DVD-ROM     2.5+ PQ: 0 ANSI: 5
[   14.813484][    T1] usbcore: registered new interface driver ums_eneub6250
[   14.815616][    T1] usbcore: registered new interface driver ums-freecom
[   14.816799][    T1] usbcore: registered new interface driver ums-isd200
[   14.817752][    T1] usbcore: registered new interface driver ums-jumpshot
[   14.818741][    T1] usbcore: registered new interface driver ums-karma
[   14.819716][    T1] usbcore: registered new interface driver ums-onetouch
[   14.820730][    T1] usbcore: registered new interface driver ums-realtek
[   14.821707][    T1] usbcore: registered new interface driver ums-sddr09
[   14.822680][    T1] usbcore: registered new interface driver ums-sddr55
[   14.823658][    T1] usbcore: registered new interface driver ums-usbat
[   14.824650][    T1] usbcore: registered new interface driver mdc800
[   14.825415][    T1] mdc800: v0.7.5 (30/10/2000):USB Driver for Mustek MDC800 Digital Camera
[   14.826628][    T1] usbcore: registered new interface driver microtekX6
[   14.827809][    T1] usbcore: registered new interface driver usbserial_generic
[   14.829073][    T1] usbserial: USB Serial support registered for generic
[   14.830077][    T1] usbcore: registered new interface driver aircable
[   14.831004][    T1] usbserial: USB Serial support registered for aircable
[   14.831998][    T1] usbcore: registered new interface driver ark3116
[   14.832930][    T1] usbserial: USB Serial support registered for ark3116
[   14.833915][    T1] usbcore: registered new interface driver belkin_sa
[   14.834854][    T1] usbserial: USB Serial support registered for Belkin / Peracom / GoHubs USB Serial Adapter
[   14.836406][    T1] usbcore: registered new interface driver ch341
[   14.837206][    T1] usbserial: USB Serial support registered for ch341-uart
[   14.838120][    T1] usbcore: registered new interface driver cp210x
[   14.838937][    T1] usbserial: USB Serial support registered for cp210x
[   14.839812][    T1] usbcore: registered new interface driver cyberjack
[   14.840672][    T1] usbserial: USB Serial support registered for Reiner SCT Cyberjack USB card reader
[   14.841852][    T1] usbcore: registered new interface driver cypress_m8
[   14.842697][    T1] usbserial: USB Serial support registered for DeLorme Earthmate USB
[   14.843717][    T1] usbserial: USB Serial support registered for HID->COM RS232 Adapter
[   14.844722][    T1] usbserial: USB Serial support registered for Nokia CA-42 V2 Adapter
[   14.845757][    T1] usbcore: registered new interface driver usb_debug
[   14.846621][    T1] usbserial: USB Serial support registered for debug
[   14.847471][    T1] usbserial: USB Serial support registered for xhci_dbc
[   14.848365][    T1] usbcore: registered new interface driver digi_acceleport
[   14.849266][    T1] usbserial: USB Serial support registered for Digi 2 port USB adapter
[   14.850286][    T1] usbserial: USB Serial support registered for Digi 4 port USB adapter
[   14.851325][    T1] usbcore: registered new interface driver io_edgeport
[   14.852196][    T1] usbserial: USB Serial support registered for Edgeport 2 port adapter
[   14.853219][    T1] usbserial: USB Serial support registered for Edgeport 4 port adapter
[   14.854242][    T1] usbserial: USB Serial support registered for Edgeport 8 port adapter
[   14.855268][    T1] usbserial: USB Serial support registered for EPiC device
[   14.856233][    T1] usbcore: registered new interface driver io_ti
[   14.857032][    T1] usbserial: USB Serial support registered for Edgeport TI 1 port adapter
[   14.858092][    T1] usbserial: USB Serial support registered for Edgeport TI 2 port adapter
[   14.859161][    T1] usbcore: registered new interface driver empeg
[   14.859971][    T1] usbserial: USB Serial support registered for empeg
[   14.860837][    T1] usbcore: registered new interface driver f81534a_ctrl
[   14.861720][    T1] usbcore: registered new interface driver f81232
[   14.862544][    T1] usbserial: USB Serial support registered for f81232
[   14.863424][    T1] usbserial: USB Serial support registered for f81534a
[   14.864301][    T1] usbcore: registered new interface driver f81534
[   14.865109][    T1] usbserial: USB Serial support registered for Fintek F81532/F81534
[   14.866184][    T1] usbcore: registered new interface driver ftdi_sio
[   14.867025][    T1] usbserial: USB Serial support registered for FTDI USB Serial Device
[   14.868248][    T1] usbcore: registered new interface driver garmin_gps
[   14.869098][    T1] usbserial: USB Serial support registered for Garmin GPS usb/tty
[   14.870081][    T1] usbcore: registered new interface driver ipaq
[   14.870864][    T1] usbserial: USB Serial support registered for PocketPC PDA
[   14.871797][    T1] usbcore: registered new interface driver ipw
[   14.872687][    T1] usbserial: USB Serial support registered for IPWireless converter
[   14.873698][    T1] usbcore: registered new interface driver ir_usb
[   14.874552][    T1] usbserial: USB Serial support registered for IR Dongle
[   14.875464][    T1] usbcore: registered new interface driver iuu_phoenix
[   14.876362][    T1] usbserial: USB Serial support registered for iuu_phoenix
[   14.877285][    T1] usbcore: registered new interface driver keyspan
[   14.878108][    T1] usbserial: USB Serial support registered for Keyspan - (without firmware)
[   14.879203][    T1] usbserial: USB Serial support registered for Keyspan 1 port adapter
[   14.880252][    T1] usbserial: USB Serial support registered for Keyspan 2 port adapter
[   14.881380][    T1] usbserial: USB Serial support registered for Keyspan 4 port adapter
[   14.882412][    T1] usbcore: registered new interface driver keyspan_pda
[   14.883270][    T1] usbserial: USB Serial support registered for Keyspan PDA
[   14.884179][    T1] usbserial: USB Serial support registered for Keyspan PDA - (prerenumeration)
[   14.885293][    T1] usbcore: registered new interface driver kl5kusb105
[   14.886256][    T1] usbserial: USB Serial support registered for KL5KUSB105D / PalmConnect
[   14.887323][    T1] usbcore: registered new interface driver kobil_sct
[   14.888169][    T1] usbserial: USB Serial support registered for KOBIL USB smart card terminal
[   14.889277][    T1] usbcore: registered new interface driver mct_u232
[   14.890117][    T1] usbserial: USB Serial support registered for MCT U232
[   14.891001][    T1] usbcore: registered new interface driver metro_usb
[   14.891832][    T1] usbserial: USB Serial support registered for Metrologic USB to Serial
[   14.892885][    T1] usbcore: registered new interface driver mos7720
[   14.893706][    T1] usbserial: USB Serial support registered for Moschip 2 port adapter
[   14.894743][    T1] usbcore: registered new interface driver mos7840
[   14.895569][    T1] usbserial: USB Serial support registered for Moschip 7840/7820 USB Serial Driver
[   14.896774][    T1] usbcore: registered new interface driver mxuport
[   14.897605][    T1] usbserial: USB Serial support registered for MOXA UPort
[   14.898510][    T1] usbcore: registered new interface driver navman
[   14.899442][    T1] usbserial: USB Serial support registered for navman
[   14.900511][    T1] usbcore: registered new interface driver omninet
[   14.901445][    T1] usbserial: USB Serial support registered for ZyXEL - omni.net usb
[   14.902626][    T1] usbcore: registered new interface driver opticon
[   14.903614][    T1] usbserial: USB Serial support registered for opticon
[   14.904635][    T1] usbcore: registered new interface driver option
[   14.905585][    T1] usbserial: USB Serial support registered for GSM modem (1-port)
[   14.906799][    T1] usbcore: registered new interface driver oti6858
[   14.907766][    T1] usbserial: USB Serial support registered for oti6858
[   14.908792][    T1] usbcore: registered new interface driver pl2303
[   14.909750][    T1] usbserial: USB Serial support registered for pl2303
[   14.910758][    T1] usbcore: registered new interface driver qcaux
[   14.911712][    T1] usbserial: USB Serial support registered for qcaux
[   14.912727][    T1] usbcore: registered new interface driver qcserial
[   14.913762][    T1] usbserial: USB Serial support registered for Qualcomm USB modem
[   14.915151][    T1] usbcore: registered new interface driver quatech2
[   14.916091][    T1] usbserial: USB Serial support registered for Quatech 2nd gen USB to Serial Driver
[   14.917254][    T1] usbcore: registered new interface driver safe_serial
[   14.918106][    T1] usbserial: USB Serial support registered for safe_serial
[   14.919009][    T1] usbcore: registered new interface driver sierra
[   14.919816][    T1] usbserial: USB Serial support registered for Sierra USB modem
[   14.920782][    T1] usbcore: registered new interface driver usb_serial_simple
[   14.921703][    T1] usbserial: USB Serial support registered for carelink
[   14.922559][    T1] usbserial: USB Serial support registered for zio
[   14.923376][    T1] usbserial: USB Serial support registered for funsoft
[   14.924431][    T1] usbserial: USB Serial support registered for flashloader
[   14.925329][    T1] usbserial: USB Serial support registered for google
[   14.926191][    T1] usbserial: USB Serial support registered for libtransistor
[   14.927109][    T1] usbserial: USB Serial support registered for vivopay
[   14.927967][    T1] usbserial: USB Serial support registered for moto_modem
[   14.928849][    T1] usbserial: USB Serial support registered for motorola_tetra
[   14.929774][    T1] usbserial: USB Serial support registered for nokia
[   14.930646][    T1] usbserial: USB Serial support registered for novatel_gps
[   14.931544][    T1] usbserial: USB Serial support registered for hp4x
[   14.932358][    T1] usbserial: USB Serial support registered for suunto
[   14.933203][    T1] usbserial: USB Serial support registered for siemens_mpi
[   14.934127][    T1] usbcore: registered new interface driver spcp8x5
[   14.934947][    T1] usbserial: USB Serial support registered for SPCP8x5
[   14.935837][    T1] usbcore: registered new interface driver ssu100
[   14.936668][    T1] usbserial: USB Serial support registered for Quatech SSU-100 USB to Serial Driver
[   14.937832][    T1] usbcore: registered new interface driver symbolserial
[   14.938707][    T1] usbserial: USB Serial support registered for symbol
[   14.939573][    T1] usbcore: registered new interface driver ti_usb_3410_5052
[   14.940485][    T1] usbserial: USB Serial support registered for TI USB 3410 1 port adapter
[   14.941534][    T1] usbserial: USB Serial support registered for TI USB 5052 2 port adapter
[   14.942598][    T1] usbcore: registered new interface driver upd78f0730
[   14.943461][    T1] usbserial: USB Serial support registered for upd78f0730
[   14.944359][    T1] usbcore: registered new interface driver visor
[   14.945163][    T1] usbserial: USB Serial support registered for Handspring Visor / Palm OS
[   14.946237][    T1] usbserial: USB Serial support registered for Sony Clie 5.0
[   14.947160][    T1] usbserial: USB Serial support registered for Sony Clie 3.5
[   14.948110][    T1] usbcore: registered new interface driver wishbone_serial
[   14.949010][    T1] usbserial: USB Serial support registered for wishbone_serial
[   14.949962][    T1] usbcore: registered new interface driver whiteheat
[   14.950807][    T1] usbserial: USB Serial support registered for Connect Tech - WhiteHEAT - (prerenumeration)
[   14.952062][    T1] usbserial: USB Serial support registered for Connect Tech - WhiteHEAT
[   14.953122][    T1] usbcore: registered new interface driver xr_serial
[   14.953966][    T1] usbserial: USB Serial support registered for xr_serial
[   14.954865][    T1] usbcore: registered new interface driver xsens_mt
[   14.955703][    T1] usbserial: USB Serial support registered for xsens_mt
[   14.956658][    T1] usbcore: registered new interface driver adutux
[   14.957489][    T1] usbcore: registered new interface driver appledisplay
[   14.958376][    T1] usbcore: registered new interface driver cypress_cy7c63
[   14.959282][    T1] usbcore: registered new interface driver cytherm
[   14.960129][    T1] usbcore: registered new interface driver emi26 - firmware loader
[   14.961121][    T1] usbcore: registered new interface driver emi62 - firmware loader
[   14.962067][    T1] ftdi_elan: driver ftdi-elan
[   14.962735][    T1] usbcore: registered new interface driver ftdi-elan
[   14.963600][    T1] usbcore: registered new interface driver idmouse
[   14.964439][    T1] usbcore: registered new interface driver iowarrior
[   14.965301][    T1] usbcore: registered new interface driver isight_firmware
[   14.966245][    T1] usbcore: registered new interface driver usblcd
[   14.967071][    T1] usbcore: registered new interface driver ldusb
[   14.967894][    T1] usbcore: registered new interface driver legousbtower
[   14.968798][    T1] usbcore: registered new interface driver usbtest
[   14.969645][    T1] usbcore: registered new interface driver usb_ehset_test
[   14.970546][    T1] usbcore: registered new interface driver trancevibrator
[   14.971487][    T1] usbcore: registered new interface driver uss720
[   14.972250][    T1] uss720: USB Parport Cable driver for Cables using the Lucent Technologies USS720 Chip
[   14.973387][    T1] uss720: NOTE: this is a special purpose driver to allow nonstandard
[   14.974338][    T1] uss720: protocols (eg. bitbang) over USS720 usb to parallel cables
[   14.975284][    T1] uss720: If you just want to connect to a printer, use usblp instead
[   14.976360][    T1] usbcore: registered new interface driver usbsevseg
[   14.977214][    T1] usbcore: registered new interface driver yurex
[   14.978284][    T1] usbcore: registered new interface driver chaoskey
[   14.979142][    T1] usbcore: registered new interface driver sisusb
[   14.979977][    T1] usbcore: registered new interface driver lvs
[   14.980771][    T1] usbcore: registered new interface driver cxacru
[   14.981628][    T1] usbcore: registered new interface driver speedtch
[   14.982506][    T1] usbcore: registered new interface driver ueagle-atm
[   14.983306][    T1] xusbatm: malformed module parameters
[   14.984579][    T1] dummy_hcd dummy_hcd.0: USB Host+Gadget Emulator, driver 02 May 2005
[   14.985611][    T1] dummy_hcd dummy_hcd.0: Dummy host controller
[   14.987763][    T1] dummy_hcd dummy_hcd.0: new USB bus registered, assigned bus number 1
[   14.989575][    T1] usb usb1: New USB device found, idVendor=1d6b, idProduct=0002, bcdDevice= 6.01
[   14.990747][    T1] usb usb1: New USB device strings: Mfr=3, Product=2, SerialNumber=1
[   14.991718][    T1] usb usb1: Product: Dummy host controller
[   14.992406][    T1] usb usb1: Manufacturer: Linux 6.1.0-rc8-00002-gabcf45dbeae1-dirty dummy_hcd
[   14.993452][    T1] usb usb1: SerialNumber: dummy_hcd.0
[   14.995727][    T1] hub 1-0:1.0: USB hub found
[   14.996560][    T1] hub 1-0:1.0: 1 port detected
[   15.000942][    T1] gadgetfs: USB Gadget filesystem, version 24 Aug 2004
[   15.003921][    T1] vhci_hcd vhci_hcd.0: USB/IP Virtual Host Controller
[   15.005173][    T1] vhci_hcd vhci_hcd.0: new USB bus registered, assigned bus number 2
[   15.006396][    T1] vhci_hcd: created sysfs vhci_hcd.0
[   15.007616][    T1] usb usb2: New USB device found, idVendor=1d6b, idProduct=0002, bcdDevice= 6.01
[   15.008713][    T1] usb usb2: New USB device strings: Mfr=3, Product=2, SerialNumber=1
[   15.009696][    T1] usb usb2: Product: USB/IP Virtual Host Controller
[   15.010490][    T1] usb usb2: Manufacturer: Linux 6.1.0-rc8-00002-gabcf45dbeae1-dirty vhci_hcd
[   15.011541][    T1] usb usb2: SerialNumber: vhci_hcd.0
[   15.013455][    T1] hub 2-0:1.0: USB hub found
[   15.014244][    T1] hub 2-0:1.0: 8 ports detected
[   15.017853][    T1] vhci_hcd vhci_hcd.0: USB/IP Virtual Host Controller
[   15.019001][    T1] vhci_hcd vhci_hcd.0: new USB bus registered, assigned bus number 3
[   15.020133][    T1] usb usb3: We don't know the algorithms for LPM for this host, disabling LPM.
[   15.021507][    T1] usb usb3: New USB device found, idVendor=1d6b, idProduct=0003, bcdDevice= 6.01
[   15.022610][    T1] usb usb3: New USB device strings: Mfr=3, Product=2, SerialNumber=1
[   15.023583][    T1] usb usb3: Product: USB/IP Virtual Host Controller
[   15.024377][    T1] usb usb3: Manufacturer: Linux 6.1.0-rc8-00002-gabcf45dbeae1-dirty vhci_hcd
[   15.025429][    T1] usb usb3: SerialNumber: vhci_hcd.0
[   15.027798][    T1] hub 3-0:1.0: USB hub found
[   15.028443][    T1] hub 3-0:1.0: 8 ports detected
[   15.034005][    T1] vhci_hcd vhci_hcd.1: USB/IP Virtual Host Controller
[   15.035178][    T1] vhci_hcd vhci_hcd.1: new USB bus registered, assigned bus number 4
[   15.036525][    T1] usb usb4: New USB device found, idVendor=1d6b, idProduct=0002, bcdDevice= 6.01
[   15.037621][    T1] usb usb4: New USB device strings: Mfr=3, Product=2, SerialNumber=1
[   15.038589][    T1] usb usb4: Product: USB/IP Virtual Host Controller
[   15.039379][    T1] usb usb4: Manufacturer: Linux 6.1.0-rc8-00002-gabcf45dbeae1-dirty vhci_hcd
[   15.040418][    T1] usb usb4: SerialNumber: vhci_hcd.1
[   15.042169][    T1] hub 4-0:1.0: USB hub found
[   15.042802][    T1] hub 4-0:1.0: 8 ports detected
[   15.047124][    T1] vhci_hcd vhci_hcd.1: USB/IP Virtual Host Controller
[   15.049082][    T1] vhci_hcd vhci_hcd.1: new USB bus registered, assigned bus number 5
[   15.050322][    T1] usb usb5: We don't know the algorithms for LPM for this host, disabling LPM.
[   15.050557][   T34] sr 1:0:0:0: [sr0] scsi3-mmc drive: 4x/4x cd/rw xa/form2 tray
[   15.051710][    T1] usb usb5: New USB device found, idVendor=1d6b, idProduct=0003, bcdDevice= 6.01
[   15.053195][   T34] cdrom: Uniform CD-ROM driver Revision: 3.20
[   15.054240][    T1] usb usb5: New USB device strings: Mfr=3, Product=2, SerialNumber=1
[   15.057031][    T1] usb usb5: Product: USB/IP Virtual Host Controller
[   15.057818][    T1] usb usb5: Manufacturer: Linux 6.1.0-rc8-00002-gabcf45dbeae1-dirty vhci_hcd
[   15.058843][    T1] usb usb5: SerialNumber: vhci_hcd.1
[   15.060605][    T1] hub 5-0:1.0: USB hub found
[   15.061231][    T1] hub 5-0:1.0: 8 ports detected
[   15.065356][    T1] vhci_hcd vhci_hcd.2: USB/IP Virtual Host Controller
[   15.066657][    T1] vhci_hcd vhci_hcd.2: new USB bus registered, assigned bus number 6
[   15.067955][    T1] usb usb6: New USB device found, idVendor=1d6b, idProduct=0002, bcdDevice= 6.01
[   15.069034][    T1] usb usb6: New USB device strings: Mfr=3, Product=2, SerialNumber=1
[   15.069985][    T1] usb usb6: Product: USB/IP Virtual Host Controller
[   15.070760][    T1] usb usb6: Manufacturer: Linux 6.1.0-rc8-00002-gabcf45dbeae1-dirty vhci_hcd
[   15.071801][    T1] usb usb6: SerialNumber: vhci_hcd.2
[   15.073533][    T1] hub 6-0:1.0: USB hub found
[   15.074159][    T1] hub 6-0:1.0: 8 ports detected
[   15.077598][    T1] vhci_hcd vhci_hcd.2: USB/IP Virtual Host Controller
[   15.078765][    T1] vhci_hcd vhci_hcd.2: new USB bus registered, assigned bus number 7
[   15.079870][    T1] usb usb7: We don't know the algorithms for LPM for this host, disabling LPM.
[   15.081208][    T1] usb usb7: New USB device found, idVendor=1d6b, idProduct=0003, bcdDevice= 6.01
[   15.082287][    T1] usb usb7: New USB device strings: Mfr=3, Product=2, SerialNumber=1
[   15.083238][    T1] usb usb7: Product: USB/IP Virtual Host Controller
[   15.084018][    T1] usb usb7: Manufacturer: Linux 6.1.0-rc8-00002-gabcf45dbeae1-dirty vhci_hcd
[   15.085042][    T1] usb usb7: SerialNumber: vhci_hcd.2
[   15.086940][    T1] hub 7-0:1.0: USB hub found
[   15.087564][    T1] hub 7-0:1.0: 8 ports detected
[   15.091597][    T1] vhci_hcd vhci_hcd.3: USB/IP Virtual Host Controller
[   15.092825][    T1] vhci_hcd vhci_hcd.3: new USB bus registered, assigned bus number 8
[   15.094099][    T1] usb usb8: New USB device found, idVendor=1d6b, idProduct=0002, bcdDevice= 6.01
[   15.095178][    T1] usb usb8: New USB device strings: Mfr=3, Product=2, SerialNumber=1
[   15.096201][    T1] usb usb8: Product: USB/IP Virtual Host Controller
[   15.097011][    T1] usb usb8: Manufacturer: Linux 6.1.0-rc8-00002-gabcf45dbeae1-dirty vhci_hcd
[   15.098090][    T1] usb usb8: SerialNumber: vhci_hcd.3
[   15.099942][    T1] hub 8-0:1.0: USB hub found
[   15.100610][    T1] hub 8-0:1.0: 8 ports detected
[   15.104099][    T1] vhci_hcd vhci_hcd.3: USB/IP Virtual Host Controller
[   15.105712][    T1] vhci_hcd vhci_hcd.3: new USB bus registered, assigned bus number 9
[   15.106976][    T1] usb usb9: We don't know the algorithms for LPM for this host, disabling LPM.
[   15.108599][    T1] usb usb9: New USB device found, idVendor=1d6b, idProduct=0003, bcdDevice= 6.01
[   15.109752][    T1] usb usb9: New USB device strings: Mfr=3, Product=2, SerialNumber=1
[   15.110767][    T1] usb usb9: Product: USB/IP Virtual Host Controller
[   15.111598][    T1] usb usb9: Manufacturer: Linux 6.1.0-rc8-00002-gabcf45dbeae1-dirty vhci_hcd
[   15.112688][    T1] usb usb9: SerialNumber: vhci_hcd.3
[   15.114490][    T1] hub 9-0:1.0: USB hub found
[   15.115148][    T1] hub 9-0:1.0: 8 ports detected
[   15.120280][   T34] sr 1:0:0:0: Attached scsi generic sg0 type 5
[   15.120544][    T1] vhci_hcd vhci_hcd.4: USB/IP Virtual Host Controller
[   15.124460][    T1] vhci_hcd vhci_hcd.4: new USB bus registered, assigned bus number 10
[   15.125785][    T1] usb usb10: New USB device found, idVendor=1d6b, idProduct=0002, bcdDevice= 6.01
[   15.126954][    T1] usb usb10: New USB device strings: Mfr=3, Product=2, SerialNumber=1
[   15.127946][    T1] usb usb10: Product: USB/IP Virtual Host Controller
[   15.128746][    T1] usb usb10: Manufacturer: Linux 6.1.0-rc8-00002-gabcf45dbeae1-dirty vhci_hcd
[   15.129813][    T1] usb usb10: SerialNumber: vhci_hcd.4
[   15.131630][    T1] hub 10-0:1.0: USB hub found
[   15.132279][    T1] hub 10-0:1.0: 8 ports detected
[   15.135677][    T1] vhci_hcd vhci_hcd.4: USB/IP Virtual Host Controller
[   15.136906][    T1] vhci_hcd vhci_hcd.4: new USB bus registered, assigned bus number 11
[   15.138041][    T1] usb usb11: We don't know the algorithms for LPM for this host, disabling LPM.
[   15.139435][    T1] usb usb11: New USB device found, idVendor=1d6b, idProduct=0003, bcdDevice= 6.01
[   15.140558][    T1] usb usb11: New USB device strings: Mfr=3, Product=2, SerialNumber=1
[   15.141542][    T1] usb usb11: Product: USB/IP Virtual Host Controller
[   15.142348][    T1] usb usb11: Manufacturer: Linux 6.1.0-rc8-00002-gabcf45dbeae1-dirty vhci_hcd
[   15.143418][    T1] usb usb11: SerialNumber: vhci_hcd.4
[   15.145278][    T1] hub 11-0:1.0: USB hub found
[   15.145924][    T1] hub 11-0:1.0: 8 ports detected
[   15.150074][    T1] vhci_hcd vhci_hcd.5: USB/IP Virtual Host Controller
[   15.151341][    T1] vhci_hcd vhci_hcd.5: new USB bus registered, assigned bus number 12
[   15.152656][    T1] usb usb12: New USB device found, idVendor=1d6b, idProduct=0002, bcdDevice= 6.01
[   15.153764][    T1] usb usb12: New USB device strings: Mfr=3, Product=2, SerialNumber=1
[   15.154739][    T1] usb usb12: Product: USB/IP Virtual Host Controller
[   15.155545][    T1] usb usb12: Manufacturer: Linux 6.1.0-rc8-00002-gabcf45dbeae1-dirty vhci_hcd
[   15.157307][    T1] usb usb12: SerialNumber: vhci_hcd.5
[   15.159096][    T1] hub 12-0:1.0: USB hub found
[   15.159775][    T1] hub 12-0:1.0: 8 ports detected
[   15.163124][    T1] vhci_hcd vhci_hcd.5: USB/IP Virtual Host Controller
[   15.164334][    T1] vhci_hcd vhci_hcd.5: new USB bus registered, assigned bus number 13
[   15.165461][    T1] usb usb13: We don't know the algorithms for LPM for this host, disabling LPM.
[   15.167047][    T1] usb usb13: New USB device found, idVendor=1d6b, idProduct=0003, bcdDevice= 6.01
[   15.168168][    T1] usb usb13: New USB device strings: Mfr=3, Product=2, SerialNumber=1
[   15.169148][    T1] usb usb13: Product: USB/IP Virtual Host Controller
[   15.169955][    T1] usb usb13: Manufacturer: Linux 6.1.0-rc8-00002-gabcf45dbeae1-dirty vhci_hcd
[   15.171048][    T1] usb usb13: SerialNumber: vhci_hcd.5
[   15.172949][    T1] hub 13-0:1.0: USB hub found
[   15.173592][    T1] hub 13-0:1.0: 8 ports detected
[   15.177944][    T1] vhci_hcd vhci_hcd.6: USB/IP Virtual Host Controller
[   15.179143][    T1] vhci_hcd vhci_hcd.6: new USB bus registered, assigned bus number 14
[   15.180466][    T1] usb usb14: New USB device found, idVendor=1d6b, idProduct=0002, bcdDevice= 6.01
[   15.181565][    T1] usb usb14: New USB device strings: Mfr=3, Product=2, SerialNumber=1
[   15.182559][    T1] usb usb14: Product: USB/IP Virtual Host Controller
[   15.183482][    T1] usb usb14: Manufacturer: Linux 6.1.0-rc8-00002-gabcf45dbeae1-dirty vhci_hcd
[   15.184543][    T1] usb usb14: SerialNumber: vhci_hcd.6
[   15.186336][    T1] hub 14-0:1.0: USB hub found
[   15.186979][    T1] hub 14-0:1.0: 8 ports detected
[   15.190338][    T1] vhci_hcd vhci_hcd.6: USB/IP Virtual Host Controller
[   15.191501][    T1] vhci_hcd vhci_hcd.6: new USB bus registered, assigned bus number 15
[   15.192612][    T1] usb usb15: We don't know the algorithms for LPM for this host, disabling LPM.
[   15.193979][    T1] usb usb15: New USB device found, idVendor=1d6b, idProduct=0003, bcdDevice= 6.01
[   15.195094][    T1] usb usb15: New USB device strings: Mfr=3, Product=2, SerialNumber=1
[   15.196120][    T1] usb usb15: Product: USB/IP Virtual Host Controller
[   15.196925][    T1] usb usb15: Manufacturer: Linux 6.1.0-rc8-00002-gabcf45dbeae1-dirty vhci_hcd
[   15.197987][    T1] usb usb15: SerialNumber: vhci_hcd.6
[   15.199709][    T1] hub 15-0:1.0: USB hub found
[   15.200357][    T1] hub 15-0:1.0: 8 ports detected
[   15.204447][    T1] vhci_hcd vhci_hcd.7: USB/IP Virtual Host Controller
[   15.205616][    T1] vhci_hcd vhci_hcd.7: new USB bus registered, assigned bus number 16
[   15.206989][    T1] usb usb16: New USB device found, idVendor=1d6b, idProduct=0002, bcdDevice= 6.01
[   15.208098][    T1] usb usb16: New USB device strings: Mfr=3, Product=2, SerialNumber=1
[   15.209076][    T1] usb usb16: Product: USB/IP Virtual Host Controller
[   15.209888][    T1] usb usb16: Manufacturer: Linux 6.1.0-rc8-00002-gabcf45dbeae1-dirty vhci_hcd
[   15.210952][    T1] usb usb16: SerialNumber: vhci_hcd.7
[   15.212723][    T1] hub 16-0:1.0: USB hub found
[   15.213363][    T1] hub 16-0:1.0: 8 ports detected
[   15.216799][    T1] vhci_hcd vhci_hcd.7: USB/IP Virtual Host Controller
[   15.218032][    T1] vhci_hcd vhci_hcd.7: new USB bus registered, assigned bus number 17
[   15.219149][    T1] usb usb17: We don't know the algorithms for LPM for this host, disabling LPM.
[   15.220525][    T1] usb usb17: New USB device found, idVendor=1d6b, idProduct=0003, bcdDevice= 6.01
[   15.221635][    T1] usb usb17: New USB device strings: Mfr=3, Product=2, SerialNumber=1
[   15.222613][    T1] usb usb17: Product: USB/IP Virtual Host Controller
[   15.223418][    T1] usb usb17: Manufacturer: Linux 6.1.0-rc8-00002-gabcf45dbeae1-dirty vhci_hcd
[   15.224459][    T1] usb usb17: SerialNumber: vhci_hcd.7
[   15.226283][    T1] hub 17-0:1.0: USB hub found
[   15.226922][    T1] hub 17-0:1.0: 8 ports detected
[   15.231021][    T1] vhci_hcd vhci_hcd.8: USB/IP Virtual Host Controller
[   15.232226][    T1] vhci_hcd vhci_hcd.8: new USB bus registered, assigned bus number 18
[   15.233552][    T1] usb usb18: New USB device found, idVendor=1d6b, idProduct=0002, bcdDevice= 6.01
[   15.234666][    T1] usb usb18: New USB device strings: Mfr=3, Product=2, SerialNumber=1
[   15.235655][    T1] usb usb18: Product: USB/IP Virtual Host Controller
[   15.236485][    T1] usb usb18: Manufacturer: Linux 6.1.0-rc8-00002-gabcf45dbeae1-dirty vhci_hcd
[   15.237535][    T1] usb usb18: SerialNumber: vhci_hcd.8
[   15.239260][    T1] hub 18-0:1.0: USB hub found
[   15.239907][    T1] hub 18-0:1.0: 8 ports detected
[   15.243223][    T1] vhci_hcd vhci_hcd.8: USB/IP Virtual Host Controller
[   15.244378][    T1] vhci_hcd vhci_hcd.8: new USB bus registered, assigned bus number 19
[   15.245482][    T1] usb usb19: We don't know the algorithms for LPM for this host, disabling LPM.
[   15.247078][    T1] usb usb19: New USB device found, idVendor=1d6b, idProduct=0003, bcdDevice= 6.01
[   15.248188][    T1] usb usb19: New USB device strings: Mfr=3, Product=2, SerialNumber=1
[   15.249151][    T1] usb usb19: Product: USB/IP Virtual Host Controller
[   15.249938][    T1] usb usb19: Manufacturer: Linux 6.1.0-rc8-00002-gabcf45dbeae1-dirty vhci_hcd
[   15.250989][    T1] usb usb19: SerialNumber: vhci_hcd.8
[   15.252654][    T1] hub 19-0:1.0: USB hub found
[   15.253294][    T1] hub 19-0:1.0: 8 ports detected
[   15.257422][    T1] vhci_hcd vhci_hcd.9: USB/IP Virtual Host Controller
[   15.258618][    T1] vhci_hcd vhci_hcd.9: new USB bus registered, assigned bus number 20
[   15.259933][    T1] usb usb20: New USB device found, idVendor=1d6b, idProduct=0002, bcdDevice= 6.01
[   15.261027][    T1] usb usb20: New USB device strings: Mfr=3, Product=2, SerialNumber=1
[   15.261987][    T1] usb usb20: Product: USB/IP Virtual Host Controller
[   15.262769][    T1] usb usb20: Manufacturer: Linux 6.1.0-rc8-00002-gabcf45dbeae1-dirty vhci_hcd
[   15.263812][    T1] usb usb20: SerialNumber: vhci_hcd.9
[   15.265602][    T1] hub 20-0:1.0: USB hub found
[   15.266262][    T1] hub 20-0:1.0: 8 ports detected
[   15.269605][    T1] vhci_hcd vhci_hcd.9: USB/IP Virtual Host Controller
[   15.270798][    T1] vhci_hcd vhci_hcd.9: new USB bus registered, assigned bus number 21
[   15.271913][    T1] usb usb21: We don't know the algorithms for LPM for this host, disabling LPM.
[   15.273247][    T1] usb usb21: New USB device found, idVendor=1d6b, idProduct=0003, bcdDevice= 6.01
[   15.274340][    T1] usb usb21: New USB device strings: Mfr=3, Product=2, SerialNumber=1
[   15.275301][    T1] usb usb21: Product: USB/IP Virtual Host Controller
[   15.276128][    T1] usb usb21: Manufacturer: Linux 6.1.0-rc8-00002-gabcf45dbeae1-dirty vhci_hcd
[   15.277169][    T1] usb usb21: SerialNumber: vhci_hcd.9
[   15.278927][    T1] hub 21-0:1.0: USB hub found
[   15.279569][    T1] hub 21-0:1.0: 8 ports detected
[   15.283661][    T1] vhci_hcd vhci_hcd.10: USB/IP Virtual Host Controller
[   15.284870][    T1] vhci_hcd vhci_hcd.10: new USB bus registered, assigned bus number 22
[   15.286214][    T1] usb usb22: New USB device found, idVendor=1d6b, idProduct=0002, bcdDevice= 6.01
[   15.287305][    T1] usb usb22: New USB device strings: Mfr=3, Product=2, SerialNumber=1
[   15.288278][    T1] usb usb22: Product: USB/IP Virtual Host Controller
[   15.289070][    T1] usb usb22: Manufacturer: Linux 6.1.0-rc8-00002-gabcf45dbeae1-dirty vhci_hcd
[   15.290108][    T1] usb usb22: SerialNumber: vhci_hcd.10
[   15.291875][    T1] hub 22-0:1.0: USB hub found
[   15.292506][    T1] hub 22-0:1.0: 8 ports detected
[   15.295833][    T1] vhci_hcd vhci_hcd.10: USB/IP Virtual Host Controller
[   15.297041][    T1] vhci_hcd vhci_hcd.10: new USB bus registered, assigned bus number 23
[   15.298162][    T1] usb usb23: We don't know the algorithms for LPM for this host, disabling LPM.
[   15.299513][    T1] usb usb23: New USB device found, idVendor=1d6b, idProduct=0003, bcdDevice= 6.01
[   15.300603][    T1] usb usb23: New USB device strings: Mfr=3, Product=2, SerialNumber=1
[   15.301564][    T1] usb usb23: Product: USB/IP Virtual Host Controller
[   15.302426][    T1] usb usb23: Manufacturer: Linux 6.1.0-rc8-00002-gabcf45dbeae1-dirty vhci_hcd
[   15.303521][    T1] usb usb23: SerialNumber: vhci_hcd.10
[   15.305342][    T1] hub 23-0:1.0: USB hub found
[   15.306023][    T1] hub 23-0:1.0: 8 ports detected
[   15.310416][    T1] vhci_hcd vhci_hcd.11: USB/IP Virtual Host Controller
[   15.311631][    T1] vhci_hcd vhci_hcd.11: new USB bus registered, assigned bus number 24
[   15.312953][    T1] usb usb24: New USB device found, idVendor=1d6b, idProduct=0002, bcdDevice= 6.01
[   15.314043][    T1] usb usb24: New USB device strings: Mfr=3, Product=2, SerialNumber=1
[   15.315006][    T1] usb usb24: Product: USB/IP Virtual Host Controller
[   15.315807][    T1] usb usb24: Manufacturer: Linux 6.1.0-rc8-00002-gabcf45dbeae1-dirty vhci_hcd
[   15.316901][    T1] usb usb24: SerialNumber: vhci_hcd.11
[   15.318834][    T1] hub 24-0:1.0: USB hub found
[   15.319490][    T1] hub 24-0:1.0: 8 ports detected
[   15.322857][    T1] vhci_hcd vhci_hcd.11: USB/IP Virtual Host Controller
[   15.324075][    T1] vhci_hcd vhci_hcd.11: new USB bus registered, assigned bus number 25
[   15.325192][    T1] usb usb25: We don't know the algorithms for LPM for this host, disabling LPM.
[   15.326653][    T1] usb usb25: New USB device found, idVendor=1d6b, idProduct=0003, bcdDevice= 6.01
[   15.327760][    T1] usb usb25: New USB device strings: Mfr=3, Product=2, SerialNumber=1
[   15.328729][    T1] usb usb25: Product: USB/IP Virtual Host Controller
[   15.329520][    T1] usb usb25: Manufacturer: Linux 6.1.0-rc8-00002-gabcf45dbeae1-dirty vhci_hcd
[   15.330561][    T1] usb usb25: SerialNumber: vhci_hcd.11
[   15.332450][    T1] hub 25-0:1.0: USB hub found
[   15.333093][    T1] hub 25-0:1.0: 8 ports detected
[   15.337482][    T1] vhci_hcd vhci_hcd.12: USB/IP Virtual Host Controller
[   15.338676][    T1] vhci_hcd vhci_hcd.12: new USB bus registered, assigned bus number 26
[   15.340020][    T1] usb usb26: New USB device found, idVendor=1d6b, idProduct=0002, bcdDevice= 6.01
[   15.341114][    T1] usb usb26: New USB device strings: Mfr=3, Product=2, SerialNumber=1
[   15.342075][    T1] usb usb26: Product: USB/IP Virtual Host Controller
[   15.342866][    T1] usb usb26: Manufacturer: Linux 6.1.0-rc8-00002-gabcf45dbeae1-dirty vhci_hcd
[   15.343919][    T1] usb usb26: SerialNumber: vhci_hcd.12
[   15.345632][    T1] hub 26-0:1.0: USB hub found
[   15.346301][    T1] hub 26-0:1.0: 8 ports detected
[   15.349666][    T1] vhci_hcd vhci_hcd.12: USB/IP Virtual Host Controller
[   15.350826][    T1] vhci_hcd vhci_hcd.12: new USB bus registered, assigned bus number 27
[   15.351949][    T1] usb usb27: We don't know the algorithms for LPM for this host, disabling LPM.
[   15.353283][    T1] usb usb27: New USB device found, idVendor=1d6b, idProduct=0003, bcdDevice= 6.01
[   15.354373][    T1] usb usb27: New USB device strings: Mfr=3, Product=2, SerialNumber=1
[   15.355336][    T1] usb usb27: Product: USB/IP Virtual Host Controller
[   15.356172][    T1] usb usb27: Manufacturer: Linux 6.1.0-rc8-00002-gabcf45dbeae1-dirty vhci_hcd
[   15.357213][    T1] usb usb27: SerialNumber: vhci_hcd.12
[   15.358903][    T1] hub 27-0:1.0: USB hub found
[   15.359566][    T1] hub 27-0:1.0: 8 ports detected
[   15.363676][    T1] vhci_hcd vhci_hcd.13: USB/IP Virtual Host Controller
[   15.364838][    T1] vhci_hcd vhci_hcd.13: new USB bus registered, assigned bus number 28
[   15.366181][    T1] usb usb28: New USB device found, idVendor=1d6b, idProduct=0002, bcdDevice= 6.01
[   15.367271][    T1] usb usb28: New USB device strings: Mfr=3, Product=2, SerialNumber=1
[   15.368262][    T1] usb usb28: Product: USB/IP Virtual Host Controller
[   15.369069][    T1] usb usb28: Manufacturer: Linux 6.1.0-rc8-00002-gabcf45dbeae1-dirty vhci_hcd
[   15.370131][    T1] usb usb28: SerialNumber: vhci_hcd.13
[   15.371808][    T1] hub 28-0:1.0: USB hub found
[   15.372452][    T1] hub 28-0:1.0: 8 ports detected
[   15.375832][    T1] vhci_hcd vhci_hcd.13: USB/IP Virtual Host Controller
[   15.377062][    T1] vhci_hcd vhci_hcd.13: new USB bus registered, assigned bus number 29
[   15.378190][    T1] usb usb29: We don't know the algorithms for LPM for this host, disabling LPM.
[   15.379559][    T1] usb usb29: New USB device found, idVendor=1d6b, idProduct=0003, bcdDevice= 6.01
[   15.380674][    T1] usb usb29: New USB device strings: Mfr=3, Product=2, SerialNumber=1
[   15.381654][    T1] usb usb29: Product: USB/IP Virtual Host Controller
[   15.382462][    T1] usb usb29: Manufacturer: Linux 6.1.0-rc8-00002-gabcf45dbeae1-dirty vhci_hcd
[   15.383528][    T1] usb usb29: SerialNumber: vhci_hcd.13
[   15.385239][    T1] hub 29-0:1.0: USB hub found
[   15.385880][    T1] hub 29-0:1.0: 8 ports detected
[   15.390287][    T1] vhci_hcd vhci_hcd.14: USB/IP Virtual Host Controller
[   15.391482][    T1] vhci_hcd vhci_hcd.14: new USB bus registered, assigned bus number 30
[   15.392807][    T1] usb usb30: New USB device found, idVendor=1d6b, idProduct=0002, bcdDevice= 6.01
[   15.393917][    T1] usb usb30: New USB device strings: Mfr=3, Product=2, SerialNumber=1
[   15.394894][    T1] usb usb30: Product: USB/IP Virtual Host Controller
[   15.395699][    T1] usb usb30: Manufacturer: Linux 6.1.0-rc8-00002-gabcf45dbeae1-dirty vhci_hcd
[   15.396798][    T1] usb usb30: SerialNumber: vhci_hcd.14
[   15.398461][    T1] hub 30-0:1.0: USB hub found
[   15.399114][    T1] hub 30-0:1.0: 8 ports detected
[   15.402497][    T1] vhci_hcd vhci_hcd.14: USB/IP Virtual Host Controller
[   15.403659][    T1] vhci_hcd vhci_hcd.14: new USB bus registered, assigned bus number 31
[   15.404826][    T1] usb usb31: We don't know the algorithms for LPM for this host, disabling LPM.
[   15.406234][    T1] usb usb31: New USB device found, idVendor=1d6b, idProduct=0003, bcdDevice= 6.01
[   15.407375][    T1] usb usb31: New USB device strings: Mfr=3, Product=2, SerialNumber=1
[   15.408377][    T1] usb usb31: Product: USB/IP Virtual Host Controller
[   15.409186][    T1] usb usb31: Manufacturer: Linux 6.1.0-rc8-00002-gabcf45dbeae1-dirty vhci_hcd
[   15.410235][    T1] usb usb31: SerialNumber: vhci_hcd.14
[   15.412059][    T1] hub 31-0:1.0: USB hub found
[   15.412728][    T1] hub 31-0:1.0: 8 ports detected
[   15.416911][    T1] vhci_hcd vhci_hcd.15: USB/IP Virtual Host Controller
[   15.418078][    T1] vhci_hcd vhci_hcd.15: new USB bus registered, assigned bus number 32
[   15.419423][    T1] usb usb32: New USB device found, idVendor=1d6b, idProduct=0002, bcdDevice= 6.01
[   15.420535][    T1] usb usb32: New USB device strings: Mfr=3, Product=2, SerialNumber=1
[   15.421513][    T1] usb usb32: Product: USB/IP Virtual Host Controller
[   15.422313][    T1] usb usb32: Manufacturer: Linux 6.1.0-rc8-00002-gabcf45dbeae1-dirty vhci_hcd
[   15.423377][    T1] usb usb32: SerialNumber: vhci_hcd.15
[   15.425202][    T1] hub 32-0:1.0: USB hub found
[   15.425847][    T1] hub 32-0:1.0: 8 ports detected
[   15.429269][    T1] vhci_hcd vhci_hcd.15: USB/IP Virtual Host Controller
[   15.430568][    T1] vhci_hcd vhci_hcd.15: new USB bus registered, assigned bus number 33
[   15.431714][    T1] usb usb33: We don't know the algorithms for LPM for this host, disabling LPM.
[   15.433083][    T1] usb usb33: New USB device found, idVendor=1d6b, idProduct=0003, bcdDevice= 6.01
[   15.434195][    T1] usb usb33: New USB device strings: Mfr=3, Product=2, SerialNumber=1
[   15.435174][    T1] usb usb33: Product: USB/IP Virtual Host Controller
[   15.436032][    T1] usb usb33: Manufacturer: Linux 6.1.0-rc8-00002-gabcf45dbeae1-dirty vhci_hcd
[   15.437104][    T1] usb usb33: SerialNumber: vhci_hcd.15
[   15.439061][    T1] hub 33-0:1.0: USB hub found
[   15.439715][    T1] hub 33-0:1.0: 8 ports detected
[   15.444005][    T1] usbcore: registered new device driver usbip-host
[   15.446027][    T1] i8042: PNP: PS/2 Controller [PNP0303:KBD,PNP0f13:MOU] at 0x60,0x64 irq 1,12
[   15.448157][    T1] serio: i8042 KBD port at 0x60,0x64 irq 1
[   15.449589][    T1] serio: i8042 AUX port at 0x60,0x64 irq 12
[   15.453318][    T1] mousedev: PS/2 mouse device common for all mice
[   15.455375][    T1] usbcore: registered new interface driver appletouch
[   15.457241][   T31] input: AT Translated Set 2 keyboard as /devices/platform/i8042/serio0/input/input1
[   15.459063][    T1] usbcore: registered new interface driver bcm5974
[   15.461852][    T1] usbcore: registered new interface driver synaptics_usb
[   15.464516][    T1] usbcore: registered new interface driver iforce
[   15.469775][    T1] usbcore: registered new interface driver xpad
[   15.471678][    T1] usbcore: registered new interface driver usb_acecad
[   15.473715][    T1] usbcore: registered new interface driver aiptek
[   15.475678][    T1] usbcore: registered new interface driver hanwang
[   15.479507][    T1] usbcore: registered new interface driver kbtab
[   15.481199][    T1] usbcore: registered new interface driver pegasus_notetaker
[   15.483182][    T1] usbcore: registered new interface driver usbtouchscreen
[   15.485086][    T1] usbcore: registered new interface driver sur40
[   15.487418][    T1] usbcore: registered new interface driver ati_remote2
[   15.488495][    T1] cm109: Keymap for Komunikate KIP1000 phone loaded
[   15.489514][    T1] usbcore: registered new interface driver cm109
[   15.490268][    T1] cm109: CM109 phone driver: 20080805 (C) Alfred E. Heggestad
[   15.491380][    T1] usbcore: registered new interface driver ims_pcu
[   15.492417][    T1] usbcore: registered new interface driver keyspan_remote
[   15.494736][    T1] usbcore: registered new interface driver powermate
[   15.496171][    T1] usbcore: registered new interface driver yealink
[   15.498353][    T1] rtc_cmos 00:05: RTC can wake from S4
[   15.501818][    T1] rtc_cmos 00:05: registered as rtc0
[   15.502456][    T1] rtc_cmos 00:05: alarms up to one day, y3k, 242 bytes nvram, hpet irqs
[   15.504115][    T1] i2c_dev: i2c /dev entries driver
[   15.505335][    T1] usbcore: registered new interface driver i2c-diolan-u2c
[   15.506662][    T1] usbcore: registered new interface driver RobotFuzz Open Source InterFace, OSIF
[   15.507988][    T1] usbcore: registered new interface driver i2c-tiny-usb
[   15.510913][    T1] usbcore: registered new interface driver igorplugusb
[   15.511967][    T1] usbcore: registered new interface driver iguanair
[   15.512982][    T1] usbcore: registered new interface driver imon
[   15.513992][    T1] usbcore: registered new interface driver mceusb
[   15.515315][    T1] usbcore: registered new interface driver redrat3
[   15.516551][    T1] usbcore: registered new interface driver streamzap
[   15.517560][    T1] usbcore: registered new interface driver ttusbir
[   15.518575][    T1] usbcore: registered new interface driver ati_remote
[   15.519781][    T1] b2c2-flexcop: B2C2 FlexcopII/II(b)/III digital TV receiver chip loaded successfully
[   15.521241][    T1] usbcore: registered new interface driver b2c2_flexcop_usb
[   15.522337][    T1] usbcore: registered new interface driver dvb_usb_vp7045
[   15.523430][    T1] usbcore: registered new interface driver dvb_usb_vp702x
[   15.524506][    T1] usbcore: registered new interface driver dvb_usb_gp8psk
[   15.525601][    T1] usbcore: registered new interface driver dvb_usb_dtt200u
[   15.526743][    T1] usbcore: registered new interface driver dvb_usb_a800
[   15.527839][    T1] usbcore: registered new interface driver dvb_usb_dibusb_mb
[   15.528970][    T1] usbcore: registered new interface driver dvb_usb_dibusb_mc
[   15.530081][    T1] usbcore: registered new interface driver dvb_usb_nova_t_usb2
[   15.531250][    T1] usbcore: registered new interface driver dvb_usb_umt_010
[   15.532350][    T1] usbcore: registered new interface driver dvb_usb_m920x
[   15.533426][    T1] usbcore: registered new interface driver dvb_usb_digitv
[   15.534534][    T1] usbcore: registered new interface driver dvb_usb_cxusb
[   15.535835][    T1] usbcore: registered new interface driver dvb_usb_ttusb2
[   15.537044][    T1] usbcore: registered new interface driver dvb_usb_dib0700
[   15.538118][    T1] usbcore: registered new interface driver opera1
[   15.539118][    T1] usbcore: registered new interface driver dvb_usb_af9005
[   15.540231][    T1] usbcore: registered new interface driver pctv452e
[   15.541265][    T1] usbcore: registered new interface driver dw2102
[   15.542261][    T1] usbcore: registered new interface driver dvb_usb_dtv5100
[   15.543350][    T1] usbcore: registered new interface driver cinergyT2
[   15.544721][    T1] usbcore: registered new interface driver dvb_usb_az6027
[   15.545778][    T1] usbcore: registered new interface driver dvb_usb_technisat_usb2
[   15.547231][    T1] usbcore: registered new interface driver dvb_usb_af9015
[   15.548352][    T1] usbcore: registered new interface driver dvb_usb_af9035
[   15.549429][    T1] usbcore: registered new interface driver dvb_usb_anysee
[   15.550498][    T1] usbcore: registered new interface driver dvb_usb_au6610
[   15.551585][    T1] usbcore: registered new interface driver dvb_usb_az6007
[   15.552654][    T1] usbcore: registered new interface driver dvb_usb_ce6230
[   15.553728][    T1] usbcore: registered new interface driver dvb_usb_ec168
[   15.554790][    T1] usbcore: registered new interface driver dvb_usb_lmedm04
[   15.555886][    T1] usbcore: registered new interface driver dvb_usb_gl861
[   15.557243][    T1] usbcore: registered new interface driver dvb_usb_mxl111sf
[   15.558364][    T1] usbcore: registered new interface driver dvb_usb_rtl28xxu
[   15.559500][    T1] usbcore: registered new interface driver dvb_usb_dvbsky
[   15.560568][    T1] usbcore: registered new interface driver zd1301
[   15.561556][    T1] usbcore: registered new interface driver s2255
[   15.562561][    T1] usbcore: registered new interface driver smsusb
[   15.563576][    T1] usbcore: registered new interface driver ttusb
[   15.564570][    T1] usbcore: registered new interface driver ttusb-dec
[   15.565595][    T1] usbcore: registered new interface driver Abilis Systems as10x usb driver
[   15.566868][    T1] usbcore: registered new interface driver airspy
[   15.567655][    T1] gspca_main: v2.14.0 registered
[   15.568439][    T1] usbcore: registered new interface driver benq
[   15.569396][    T1] usbcore: registered new interface driver conex
[   15.570364][    T1] usbcore: registered new interface driver cpia1
[   15.571325][    T1] usbcore: registered new interface driver dtcs033
[   15.572329][    T1] usbcore: registered new interface driver etoms
[   15.573315][    T1] usbcore: registered new interface driver finepix
[   15.574288][    T1] usbcore: registered new interface driver jeilinj
[   15.575276][    T1] usbcore: registered new interface driver jl2005bcd
[   15.576413][    T1] usbcore: registered new interface driver kinect
[   15.577386][    T1] usbcore: registered new interface driver konica
[   15.578357][    T1] usbcore: registered new interface driver mars
[   15.579349][    T1] usbcore: registered new interface driver mr97310a
[   15.580389][    T1] usbcore: registered new interface driver nw80x
[   15.581395][    T1] usbcore: registered new interface driver ov519
[   15.582366][    T1] usbcore: registered new interface driver ov534
[   15.583326][    T1] usbcore: registered new interface driver ov534_9
[   15.584371][    T1] usbcore: registered new interface driver pac207
[   15.585356][    T1] usbcore: registered new interface driver gspca_pac7302
[   15.586446][    T1] usbcore: registered new interface driver pac7311
[   15.587462][    T1] usbcore: registered new interface driver se401
[   15.588425][    T1] usbcore: registered new interface driver sn9c2028
[   15.589441][    T1] usbcore: registered new interface driver gspca_sn9c20x
[   15.590501][    T1] usbcore: registered new interface driver sonixb
[   15.591531][    T1] usbcore: registered new interface driver sonixj
[   15.592523][    T1] usbcore: registered new interface driver spca500
[   15.593518][    T1] usbcore: registered new interface driver spca501
[   15.594507][    T1] usbcore: registered new interface driver spca505
[   15.595523][    T1] usbcore: registered new interface driver spca506
[   15.596552][    T1] usbcore: registered new interface driver spca508
[   15.597541][    T1] usbcore: registered new interface driver spca561
[   15.598527][    T1] usbcore: registered new interface driver spca1528
[   15.599543][    T1] usbcore: registered new interface driver sq905
[   15.600508][    T1] usbcore: registered new interface driver sq905c
[   15.601484][    T1] usbcore: registered new interface driver sq930x
[   15.602515][    T1] usbcore: registered new interface driver sunplus
[   15.603513][    T1] usbcore: registered new interface driver stk014
[   15.604487][    T1] usbcore: registered new interface driver stk1135
[   15.605470][    T1] usbcore: registered new interface driver stv0680
[   15.606499][    T1] usbcore: registered new interface driver t613
[   15.607508][    T1] usbcore: registered new interface driver gspca_topro
[   15.608539][    T1] usbcore: registered new interface driver touptek
[   15.609525][    T1] usbcore: registered new interface driver tv8532
[   15.610499][    T1] usbcore: registered new interface driver vc032x
[   15.611502][    T1] usbcore: registered new interface driver vicam
[   15.612507][    T1] usbcore: registered new interface driver xirlink-cit
[   15.613596][    T1] usbcore: registered new interface driver gspca_zc3xx
[   15.614645][    T1] usbcore: registered new interface driver ALi m5602
[   15.615693][    T1] usbcore: registered new interface driver STV06xx
[   15.616733][    T1] usbcore: registered new interface driver gspca_gl860
[   15.617689][    T1] usbcore: registered new interface driver hackrf
[   15.618589][    T1] usbcore: registered new interface driver msi2500
[   15.619534][    T1] usbcore: registered new interface driver Philips webcam
[   15.620628][    T1] usbcore: registered new interface driver uvcvideo
[   15.621414][    T1] au0828: au0828 driver loaded
[   15.622136][    T1] usbcore: registered new interface driver au0828
[   15.623052][    T1] usbcore: registered new interface driver cx231xx
[   15.624119][    T1] usbcore: registered new interface driver em28xx
[   15.624904][    T1] em28xx: Registered (Em28xx v4l2 Extension) extension
[   15.625721][    T1] em28xx: Registered (Em28xx Audio Extension) extension
[   15.626587][    T1] em28xx: Registered (Em28xx dvb Extension) extension
[   15.627418][    T1] em28xx: Registered (Em28xx Input Extension) extension
[   15.628387][    T1] usbcore: registered new interface driver go7007
[   15.629272][    T1] usbcore: registered new interface driver go7007-loader
[   15.630297][    T1] usbcore: registered new interface driver hdpvr
[   15.631415][    T1] usbcore: registered new interface driver pvrusb2
[   15.632189][    T1] pvrusb2: V4L in-tree version:Hauppauge WinTV-PVR-USB2 MPEG2 Encoder/Tuner
[   15.633210][    T1] pvrusb2: Debug mask is 31 (0x1f)
[   15.633954][    T1] usbcore: registered new interface driver stk1160
[   15.634842][    T1] usbcore: registered new interface driver usbtv
[   15.637235][    T1] dvbdev: DVB: registering new adapter (dvb_vidtv_bridge)
[   15.639904][    T1] i2c i2c-0: DVB: registering adapter 0 frontend 0 (Dummy demod for DVB-T/T2/C/S/S2)...
[   15.641228][    T1] dvbdev: dvb_create_media_entity: media entity 'Dummy demod for DVB-T/T2/C/S/S2' registered.
[   15.646488][    T1] dvbdev: dvb_create_media_entity: media entity 'dvb-demux' registered.
[   15.649787][    T1] vidtv vidtv.0: Successfully initialized vidtv!
[   15.651147][    T1] vicodec vicodec.0: Device 'stateful-encoder' registered as /dev/video0
[   15.652420][    T1] vicodec vicodec.0: Device 'stateful-decoder' registered as /dev/video1
[   15.653646][    T1] vicodec vicodec.0: Device 'stateless-decoder' registered as /dev/video2
[   15.655574][    T1] vim2m vim2m.0: Device registered as /dev/video0
[   15.665509][    T1] vivid-000: using single planar format API
[   15.678841][    T1] vivid-000: CEC adapter cec0 registered for HDMI input 0
[   15.679991][    T1] vivid-000: V4L2 capture device registered as video7
[   15.681024][    T1] vivid-000: CEC adapter cec1 registered for HDMI output 0
[   15.682103][    T1] vivid-000: V4L2 output device registered as video8
[   15.683103][    T1] vivid-000: V4L2 capture device registered as vbi0, supports raw and sliced VBI
[   15.684408][    T1] vivid-000: V4L2 output device registered as vbi1, supports raw and sliced VBI
[   15.685683][    T1] vivid-000: V4L2 capture device registered as swradio0
[   15.687219][    T1] vivid-000: V4L2 receiver device registered as radio0
[   15.688266][    T1] vivid-000: V4L2 transmitter device registered as radio1
[   15.689337][    T1] vivid-000: V4L2 metadata capture device registered as video9
[   15.690464][    T1] vivid-000: V4L2 metadata output device registered as video10
[   15.691622][    T1] vivid-000: V4L2 touch capture device registered as v4l-touch0
[   15.692987][    T1] usbcore: registered new interface driver radioshark2
[   15.693922][    T1] usbcore: registered new interface driver radioshark
[   15.694865][    T1] usbcore: registered new interface driver radio-si470x
[   15.695881][    T1] usbcore: registered new interface driver radio-usb-si4713
[   15.697448][    T1] usbcore: registered new interface driver dsbr100
[   15.698337][    T1] usbcore: registered new interface driver radio-keene
[   15.699287][    T1] usbcore: registered new interface driver radio-ma901
[   15.700250][    T1] usbcore: registered new interface driver radio-mr800
[   15.701165][    T1] usbcore: registered new interface driver radio-raremono
[   15.702553][    T1] usbcore: registered new interface driver pcwd_usb
[   15.704735][    T1] device-mapper: core: CONFIG_IMA_DISABLE_HTABLE is disabled. Duplicate IMA measurements will not be recorded in the IMA log.
[   15.706648][    T1] device-mapper: uevent: version 1.0.3
[   15.708008][    T1] device-mapper: ioctl: 4.47.0-ioctl (2022-07-28) initialised: dm-devel@redhat.com
[   15.709969][    T1] device-mapper: multipath round-robin: version 1.2.0 loaded
[   15.710848][    T1] device-mapper: multipath queue-length: version 0.2.0 loaded
[   15.711749][    T1] device-mapper: multipath service-time: version 0.3.0 loaded
[   15.713016][    T1] device-mapper: raid: Loading target version 1.15.1
[   15.714666][    T1] Bluetooth: HCI UART driver ver 2.3
[   15.715300][    T1] Bluetooth: HCI UART protocol H4 registered
[   15.716062][    T1] Bluetooth: HCI UART protocol BCSP registered
[   15.716881][    T1] Bluetooth: HCI UART protocol LL registered
[   15.717826][    T1] Bluetooth: HCI UART protocol Three-wire (H5) registered
[   15.718722][    T1] Bluetooth: HCI UART protocol QCA registered
[   15.719462][    T1] Bluetooth: HCI UART protocol AG6XX registered
[   15.720252][    T1] Bluetooth: HCI UART protocol Marvell registered
[   15.721155][    T1] usbcore: registered new interface driver bcm203x
[   15.722063][    T1] usbcore: registered new interface driver bpa10x
[   15.722949][    T1] usbcore: registered new interface driver bfusb
[   15.723886][    T1] usbcore: registered new interface driver btusb
[   15.724823][    T1] usbcore: registered new interface driver ath3k
[   15.725934][    T1] CAPI 2.0 started up with major 68 (middleware)
[   15.726940][    T1] Modular ISDN core version 1.1.29
[   15.727840][    T1] NET: Registered PF_ISDN protocol family
[   15.728529][    T1] DSP module 2.0
[   15.728955][    T1] mISDN_dsp: DSP clocks every 80 samples. This equals 1 jiffies.
[   15.738229][    T1] mISDN: Layer-1-over-IP driver Rev. 2.00
[   15.739416][    T1] 0 virtual devices registered
[   15.740161][    T1] usbcore: registered new interface driver HFC-S_USB
[   15.740956][    T1] VUB300 Driver rom wait states = 1C irqpoll timeout = 0400
[   15.741567][    T1] usbcore: registered new interface driver vub300
[   15.743295][    T1] usbcore: registered new interface driver ushc
[   15.746922][    T1] iscsi: registered transport (iser)
[   15.748347][    T1] SoftiWARP attached
[   15.754732][    T1] hid: raw HID events driver (C) Jiri Kosina
[   15.774567][    T1] usbcore: registered new interface driver usbhid
[   15.775377][    T1] usbhid: USB HID core driver
[   15.790188][    T1] usbcore: registered new interface driver es2_ap_driver
[   15.791065][    T1] comedi: version 0.7.76 - http://www.comedi.org
[   15.792057][    T1] usbcore: registered new interface driver dt9812
[   15.792927][    T1] usbcore: registered new interface driver ni6501
[   15.793799][    T1] usbcore: registered new interface driver usbdux
[   15.794668][    T1] usbcore: registered new interface driver usbduxfast
[   15.795595][    T1] usbcore: registered new interface driver usbduxsigma
[   15.796927][    T1] usbcore: registered new interface driver vmk80xx
[   15.797875][    T1] usbcore: registered new interface driver prism2_usb
[   15.798880][    T1] usbcore: registered new interface driver r8712u
[   15.799712][    T1] greybus: registered new driver hid
[   15.800467][    T1] greybus: registered new driver gbphy
[   15.801208][    T1] gb_gbphy: registered new driver usb
[   15.801890][    T1] asus_wmi: ASUS WMI generic driver loaded
[   15.840998][    T1] usbcore: registered new interface driver snd-usb-audio
[   15.842022][    T1] usbcore: registered new interface driver snd-ua101
[   15.842966][    T1] usbcore: registered new interface driver snd-usb-usx2y
[   15.844168][    T1] usbcore: registered new interface driver snd-usb-us122l
[   15.845177][    T1] usbcore: registered new interface driver snd-usb-caiaq
[   15.846241][    T1] usbcore: registered new interface driver snd-usb-6fire
[   15.847238][    T1] usbcore: registered new interface driver snd-usb-hiface
[   15.848211][    T1] usbcore: registered new interface driver snd-bcd2000
[   15.849145][    T1] usbcore: registered new interface driver snd_usb_pod
[   15.850087][    T1] usbcore: registered new interface driver snd_usb_podhd
[   15.851042][    T1] usbcore: registered new interface driver snd_usb_toneport
[   15.852034][    T1] usbcore: registered new interface driver snd_usb_variax
[   15.853077][    T1] drop_monitor: Initializing network drop monitor service
[   15.854169][    T1] NET: Registered PF_LLC protocol family
[   15.854976][    T1] GACT probability on
[   15.855477][    T1] Mirror/redirect action on
[   15.856157][    T1] Simple TC action Loaded
[   15.857825][    T1] netem: version 1.3
[   15.858510][    T1] u32 classifier
[   15.858944][    T1]     Performance counters on
[   15.859511][    T1]     input device check on
[   15.860048][    T1]     Actions configured
[   15.878320][    T1] xt_time: kernel timezone is -0000
[   15.879066][    T1] IPVS: Registered protocols (TCP, UDP, SCTP, AH, ESP)
[   15.880106][    T1] IPVS: Connection hash table configured (size=4096, memory=32Kbytes)
[   15.881412][    T1] IPVS: ipvs loaded.
[   15.881906][    T1] IPVS: [rr] scheduler registered.
[   15.882519][    T1] IPVS: [wrr] scheduler registered.
[   15.883140][    T1] IPVS: [lc] scheduler registered.
[   15.883758][    T1] IPVS: [wlc] scheduler registered.
[   15.884384][    T1] IPVS: [fo] scheduler registered.
[   15.884994][    T1] IPVS: [ovf] scheduler registered.
[   15.885739][    T1] IPVS: [lblc] scheduler registered.
[   15.887254][    T1] IPVS: [lblcr] scheduler registered.
[   15.887953][    T1] IPVS: [dh] scheduler registered.
[   15.888558][    T1] IPVS: [sh] scheduler registered.
[   15.889177][    T1] IPVS: [mh] scheduler registered.
[   15.889779][    T1] IPVS: [sed] scheduler registered.
[   15.890387][    T1] IPVS: [nq] scheduler registered.
[   15.890994][    T1] IPVS: [twos] scheduler registered.
[   15.891773][    T1] IPVS: [sip] pe registered.
[   15.892417][    T1] ipip: IPv4 and MPLS over IPv4 tunneling driver
[   15.894455][    T1] gre: GRE over IPv4 demultiplexor driver
[   15.895152][    T1] ip_gre: GRE over IPv4 tunneling driver
[   15.901570][    T1] IPv4 over IPsec tunneling driver
[   15.903354][    T1] ipt_CLUSTERIP: ClusterIP Version 0.8 loaded successfully
[   15.904539][    T1] Initializing XFRM netlink socket
[   15.905292][    T1] IPsec XFRM device driver
[   15.907450][    T1] NET: Registered PF_INET6 protocol family
[   15.914199][    T1] Segment Routing with IPv6
[   15.914776][    T1] RPL Segment Routing with IPv6
[   15.916408][    T1] In-situ OAM (IOAM) with IPv6
[   15.917428][    T1] mip6: Mobile IPv6
[   15.919826][    T1] sit: IPv6, IPv4 and MPLS over IPv4 tunneling driver
[   15.923672][    T1] ip6_gre: GRE over IPv6 tunneling driver
[   15.925822][    T1] NET: Registered PF_PACKET protocol family
[   15.926746][    T1] NET: Registered PF_KEY protocol family
[   15.927943][    T1] Bridge firewalling registered
[   15.928945][    T1] NET: Registered PF_X25 protocol family
[   15.929802][    T1] X25: Linux Version 0.2
[   15.934441][    T1] NET: Registered PF_NETROM protocol family
[   15.945951][    T1] NET: Registered PF_ROSE protocol family
[   15.946963][    T1] NET: Registered PF_AX25 protocol family
[   15.947828][    T1] can: controller area network core
[   15.948853][    T1] NET: Registered PF_CAN protocol family
[   15.949678][    T1] can: raw protocol
[   15.950251][    T1] can: broadcast manager protocol
[   15.950986][    T1] can: netlink gateway - max_hops=1
[   15.951934][    T1] can: SAE J1939
[   15.952447][    T1] can: isotp protocol
[   15.953186][    T1] Bluetooth: RFCOMM TTY layer initialized
[   15.954019][    T1] Bluetooth: RFCOMM socket layer initialized
[   15.954911][    T1] Bluetooth: RFCOMM ver 1.11
[   15.955598][    T1] Bluetooth: BNEP (Ethernet Emulation) ver 1.3
[   15.956603][    T1] Bluetooth: BNEP filters: protocol multicast
[   15.957501][    T1] Bluetooth: BNEP socket layer initialized
[   15.958337][    T1] Bluetooth: CMTP (CAPI Emulation) ver 1.0
[   15.959186][    T1] Bluetooth: CMTP socket layer initialized
[   15.960033][    T1] Bluetooth: HIDP (Human Interface Emulation) ver 1.2
[   15.961023][    T1] Bluetooth: HIDP socket layer initialized
[   15.963804][    T1] NET: Registered PF_RXRPC protocol family
