bash: warning: setlocale: LC_ALL: cannot change locale (en_US.UTF-8)
c[?7l[2J[0mSeaBIOS (version 1.16.2-debian-1.16.2-1)
Booting from ROM..c[?7l[2J[0m.early console in extract_kernel
input_data: 0x000000000d27e2bf
input_len: 0x0000000004b82b0d
output: 0x0000000001000000
output_len: 0x000000000f0d1a90
kernel_total_size: 0x0000000010e26000
needed_size: 0x0000000011000000
trampoline_32bit: 0x000000000009d000

Decompressing Linux... Parsing ELF... done.
Booting the kernel.
[    0.000000][    T0] Linux version 6.1.0-rc8-dirty (root@buildkitsandbox) (gcc (Debian 12.2.0-14+deb12u1) 12.2.0, GNU ld (GNU Binutils for Debian) 2.40) #1 SMP PREEMPT_DYNAMIC Mon May 25 16:07:04 UTC 2026
[    0.000000][    T0] Command line: console=ttyS0 oops=panic panic=86400 nokaslr earlyprintk=serial rdinit=/init
[    0.000000][    T0] KERNEL supported cpus:
[    0.000000][    T0]   Intel GenuineIntel
[    0.000000][    T0]   AMD AuthenticAMD
[    0.000000][    T0] x86/fpu: Supporting XSAVE feature 0x001: 'x87 floating point registers'
[    0.000000][    T0] x86/fpu: Supporting XSAVE feature 0x002: 'SSE registers'
[    0.000000][    T0] x86/fpu: Supporting XSAVE feature 0x004: 'AVX registers'
[    0.000000][    T0] x86/fpu: xstate_offset[2]:  576, xstate_sizes[2]:  256
[    0.000000][    T0] x86/fpu: Enabled xstate features 0x7, context size is 832 bytes, using 'compacted' format.
[    0.000000][    T0] signal: max sigframe size: 1776
[    0.000000][    T0] BIOS-provided physical RAM map:
[    0.000000][    T0] BIOS-e820: [mem 0x0000000000000000-0x000000000009fbff] usable
[    0.000000][    T0] BIOS-e820: [mem 0x000000000009fc00-0x000000000009ffff] reserved
[    0.000000][    T0] BIOS-e820: [mem 0x00000000000f0000-0x00000000000fffff] reserved
[    0.000000][    T0] BIOS-e820: [mem 0x0000000000100000-0x000000007ffdffff] usable
[    0.000000][    T0] BIOS-e820: [mem 0x000000007ffe0000-0x000000007fffffff] reserved
[    0.000000][    T0] BIOS-e820: [mem 0x00000000feffc000-0x00000000feffffff] reserved
[    0.000000][    T0] BIOS-e820: [mem 0x00000000fffc0000-0x00000000ffffffff] reserved
[    0.000000][    T0] BIOS-e820: [mem 0x000000fd00000000-0x000000ffffffffff] reserved
[    0.000000][    T0] printk: bootconsole [earlyser0] enabled
[    0.000000][    T0] NX (Execute Disable) protection: active
[    0.000000][    T0] SMBIOS 2.8 present.
[    0.000000][    T0] DMI: QEMU Standard PC (i440FX + PIIX, 1996), BIOS 1.16.2-debian-1.16.2-1 04/01/2014
[    0.000000][    T0] Hypervisor detected: KVM
[    0.000000][    T0] kvm-clock: Using msrs 4b564d01 and 4b564d00
[    0.000006][    T0] kvm-clock: using sched offset of 976919561 cycles
[    0.000754][    T0] clocksource: kvm-clock: mask: 0xffffffffffffffff max_cycles: 0x1cd42e4dffb, max_idle_ns: 881590591483 ns
[    0.002882][    T0] tsc: Detected 3493.436 MHz processor
[    0.007979][    T0] last_pfn = 0x7ffe0 max_arch_pfn = 0x400000000
[    0.008776][    T0] x86/PAT: Configuration [0-7]: WB  WC  UC- UC  WB  WP  UC- WT  
[    0.012877][    T0] found SMP MP-table at [mem 0x000f5ba0-0x000f5baf]
[    0.013678][    T0] Using GB pages for direct mapping
[    0.015149][    T0] RAMDISK: [mem 0x7fe4c000-0x7ffdffff]
[    0.015795][    T0] ACPI: Early table checksum verification disabled
[    0.016555][    T0] ACPI: RSDP 0x00000000000F59D0 000014 (v00 BOCHS )
[    0.017374][    T0] ACPI: RSDT 0x000000007FFE1B33 000034 (v01 BOCHS  BXPC     00000001 BXPC 00000001)
[    0.018506][    T0] ACPI: FACP 0x000000007FFE19DF 000074 (v01 BOCHS  BXPC     00000001 BXPC 00000001)
[    0.019647][    T0] ACPI: DSDT 0x000000007FFE0040 00199F (v01 BOCHS  BXPC     00000001 BXPC 00000001)
[    0.020762][    T0] ACPI: FACS 0x000000007FFE0000 000040
[    0.021419][    T0] ACPI: APIC 0x000000007FFE1A53 000080 (v01 BOCHS  BXPC     00000001 BXPC 00000001)
[    0.022556][    T0] ACPI: HPET 0x000000007FFE1AD3 000038 (v01 BOCHS  BXPC     00000001 BXPC 00000001)
[    0.023686][    T0] ACPI: WAET 0x000000007FFE1B0B 000028 (v01 BOCHS  BXPC     00000001 BXPC 00000001)
[    0.024814][    T0] ACPI: Reserving FACP table memory at [mem 0x7ffe19df-0x7ffe1a52]
[    0.025758][    T0] ACPI: Reserving DSDT table memory at [mem 0x7ffe0040-0x7ffe19de]
[    0.026687][    T0] ACPI: Reserving FACS table memory at [mem 0x7ffe0000-0x7ffe003f]
[    0.027654][    T0] ACPI: Reserving APIC table memory at [mem 0x7ffe1a53-0x7ffe1ad2]
[    0.028584][    T0] ACPI: Reserving HPET table memory at [mem 0x7ffe1ad3-0x7ffe1b0a]
[    0.029515][    T0] ACPI: Reserving WAET table memory at [mem 0x7ffe1b0b-0x7ffe1b32]
[    0.031295][    T0] No NUMA configuration found
[    0.031841][    T0] Faking a node at [mem 0x0000000000000000-0x000000007ffdffff]
[    0.032730][    T0] NODE_DATA(0) allocated [mem 0x7fe46000-0x7fe4bfff]
[    0.037333][    T0] Zone ranges:
[    0.037769][    T0]   DMA      [mem 0x0000000000001000-0x0000000000ffffff]
[    0.038591][    T0]   DMA32    [mem 0x0000000001000000-0x000000007ffdffff]
[    0.039415][    T0]   Normal   empty
[    0.039848][    T0]   Device   empty
[    0.040279][    T0] Movable zone start for each node
[    0.040873][    T0] Early memory node ranges
[    0.041385][    T0]   node   0: [mem 0x0000000000001000-0x000000000009efff]
[    0.042221][    T0]   node   0: [mem 0x0000000000100000-0x000000007ffdffff]
[    0.043053][    T0] Initmem setup node 0 [mem 0x0000000000001000-0x000000007ffdffff]
[    0.043985][    T0] On node 0, zone DMA: 1 pages in unavailable ranges
[    0.044086][    T0] On node 0, zone DMA: 97 pages in unavailable ranges
[    0.057176][    T0] On node 0, zone DMA32: 32 pages in unavailable ranges
[    0.094395][    T0] kasan: KernelAddressSanitizer initialized
[    0.096211][    T0] ACPI: PM-Timer IO Port: 0x608
[    0.096790][    T0] ACPI: LAPIC_NMI (acpi_id[0xff] dfl dfl lint[0x1])
[    0.097624][    T0] IOAPIC[0]: apic_id 0, version 17, address 0xfec00000, GSI 0-23
[    0.098589][    T0] ACPI: INT_SRC_OVR (bus 0 bus_irq 0 global_irq 2 dfl dfl)
[    0.099435][    T0] ACPI: INT_SRC_OVR (bus 0 bus_irq 5 global_irq 5 high level)
[    0.100307][    T0] ACPI: INT_SRC_OVR (bus 0 bus_irq 9 global_irq 9 high level)
[    0.101181][    T0] ACPI: INT_SRC_OVR (bus 0 bus_irq 10 global_irq 10 high level)
[    0.102121][    T0] ACPI: INT_SRC_OVR (bus 0 bus_irq 11 global_irq 11 high level)
[    0.103023][    T0] ACPI: Using ACPI (MADT) for SMP configuration information
[    0.103864][    T0] ACPI: HPET id: 0x8086a201 base: 0xfed00000
[    0.104561][    T0] TSC deadline timer available
[    0.105114][    T0] smpboot: Allowing 2 CPUs, 0 hotplug CPUs
[    0.105843][    T0] kvm-guest: KVM setup pv remote TLB flush
[    0.106516][    T0] kvm-guest: setup PV sched yield
[    0.107139][    T0] PM: hibernation: Registered nosave memory: [mem 0x00000000-0x00000fff]
[    0.108123][    T0] PM: hibernation: Registered nosave memory: [mem 0x0009f000-0x0009ffff]
[    0.109099][    T0] PM: hibernation: Registered nosave memory: [mem 0x000a0000-0x000effff]
[    0.110084][    T0] PM: hibernation: Registered nosave memory: [mem 0x000f0000-0x000fffff]
[    0.111057][    T0] [mem 0x80000000-0xfeffbfff] available for PCI devices
[    0.111852][    T0] Booting paravirtualized kernel on KVM
[    0.112503][    T0] clocksource: refined-jiffies: mask: 0xffffffff max_cycles: 0xffffffff, max_idle_ns: 19112604462750000 ns
[    0.157441][    T0] setup_percpu: NR_CPUS:8 nr_cpumask_bits:2 nr_cpu_ids:2 nr_node_ids:1
[    0.158774][    T0] percpu: Embedded 69 pages/cpu s244360 r8192 d30072 u1048576
[    0.159792][    T0] kvm-guest: PV spinlocks enabled
[    0.160417][    T0] PV qspinlock hash table entries: 256 (order: 0, 4096 bytes, linear)
[    0.161450][    T0] Fallback order for Node 0: 0 
[    0.162064][    T0] Built 1 zonelists, mobility grouping on.  Total pages: 515808
[    0.163016][    T0] Policy zone: DMA32
[    0.163496][    T0] Kernel command line: console=ttyS0 oops=panic panic=86400 nokaslr earlyprintk=serial rdinit=/init
[    0.165440][    T0] random: crng init done
[    0.166240][    T0] Dentry cache hash table entries: 262144 (order: 9, 2097152 bytes, linear)
[    0.167526][    T0] Inode-cache hash table entries: 131072 (order: 8, 1048576 bytes, linear)
[    0.168894][    T0] mem auto-init: stack:off, heap alloc:on, heap free:off
[    0.170807][    T0] stackdepot hash table entries: 1048576 (order: 11, 8388608 bytes, linear)
[    0.272973][    T0] Memory: 1473832K/2096632K available (149535K kernel code, 36087K rwdata, 30672K rodata, 2760K init, 33980K bss, 622544K reserved, 0K cma-reserved)
[    0.275233][    T0] SLUB: HWalign=64, Order=0-3, MinObjects=0, CPUs=2, Nodes=1
[    0.277422][    T0] Dynamic Preempt: full
[    0.278301][    T0] Running RCU self tests
[    0.278828][    T0] rcu: Preemptible hierarchical RCU implementation.
[    0.279621][    T0] rcu: 	RCU lockdep checking is enabled.
[    0.280298][    T0] rcu: 	RCU restricting CPUs from NR_CPUS=8 to nr_cpu_ids=2.
[    0.281190][    T0] rcu: 	RCU callback double-/use-after-free debug is enabled.
[    0.282096][    T0] rcu: 	RCU debug extended QS entry/exit.
[    0.282788][    T0] 	Trampoline variant of Tasks RCU enabled.
[    0.283496][    T0] 	Tracing variant of Tasks RCU enabled.
[    0.284171][    T0] rcu: RCU calculated value of scheduler-enlistment delay is 10 jiffies.
[    0.285187][    T0] rcu: Adjusting geometry for rcu_fanout_leaf=16, nr_cpu_ids=2
[    0.313358][    T0] NR_IRQS: 4352, nr_irqs: 440, preallocated irqs: 16
[    0.314558][    T0] rcu: srcu_init: Setting srcu_struct sizes based on contention.
[    0.315723][    T0] kfence: initialized - using 2097152 bytes for 255 objects at 0x(____ptrval____)-0x(____ptrval____)
[    0.325168][    T0] Console: colour VGA+ 80x25
[    0.325768][    T0] printk: console [ttyS0] enabled
[    0.325768][    T0] printk: console [ttyS0] enabled
[    0.326974][    T0] printk: bootconsole [earlyser0] disabled
[    0.326974][    T0] printk: bootconsole [earlyser0] disabled
[    0.328356][    T0] Lock dependency validator: Copyright (c) 2006 Red Hat, Inc., Ingo Molnar
[    0.329399][    T0] ... MAX_LOCKDEP_SUBCLASSES:  8
[    0.330000][    T0] ... MAX_LOCK_DEPTH:          48
[    0.330603][    T0] ... MAX_LOCKDEP_KEYS:        8192
[    0.331224][    T0] ... CLASSHASH_SIZE:          4096
[    0.331849][    T0] ... MAX_LOCKDEP_ENTRIES:     131072
[    0.332494][    T0] ... MAX_LOCKDEP_CHAINS:      262144
[    0.333149][    T0] ... CHAINHASH_SIZE:          131072
[    0.333810][    T0]  memory used by lock dependency info: 20657 kB
[    0.334579][    T0]  memory used for stack traces: 8320 kB
[    0.335264][    T0]  per task-struct memory footprint: 1920 bytes
[    0.336077][    T0] ACPI: Core revision 20220331
[    0.336987][    T0] clocksource: hpet: mask: 0xffffffff max_cycles: 0xffffffff, max_idle_ns: 19112604467 ns
[    0.338387][    T0] APIC: Switch to symmetric I/O mode setup
[    0.339272][    T0] x2apic enabled
[    0.339932][    T0] Switched APIC routing to physical x2apic.
[    0.340654][    T0] kvm-guest: setup PV IPIs
[    0.342582][    T0] ..TIMER: vector=0x30 apic1=0 pin1=2 apic2=-1 pin2=-1
[    0.343428][    T0] tsc: Marking TSC unstable due to TSCs unsynchronized
[    0.344255][    T0] Calibrating delay loop (skipped) preset value.. 6986.87 BogoMIPS (lpj=34934360)
[    0.345336][    T0] pid_max: default: 32768 minimum: 301
[    0.346101][    T0] LSM: Security Framework initializing
[    0.346794][    T0] landlock: Up and running.
[    0.347324][    T0] Yama: becoming mindful.
[    0.347882][    T0] TOMOYO Linux initialized
[    0.354393][    T0] AppArmor: AppArmor initialized
[    0.354991][    T0] LSM support for eBPF active
[    0.355681][    T0] Mount-cache hash table entries: 4096 (order: 3, 32768 bytes, linear)
[    0.356660][    T0] Mountpoint-cache hash table entries: 4096 (order: 3, 32768 bytes, linear)
[    0.359226][    T0] x86/cpu: User Mode Instruction Prevention (UMIP) activated
[    0.360224][    T0] Last level iTLB entries: 4KB 512, 2MB 255, 4MB 127
[    0.361018][    T0] Last level dTLB entries: 4KB 512, 2MB 255, 4MB 127, 1GB 0
[    0.361883][    T0] Spectre V1 : Mitigation: usercopy/swapgs barriers and __user pointer sanitization
[    0.362994][    T0] Spectre V2 : Kernel not compiled with retpoline; no mitigation available!
[    0.362999][    T0] Spectre V2 : Vulnerable
[    0.364244][    T0] Spectre V2 : Spectre v2 / SpectreRSB mitigation: Filling RSB on context switch
[    0.365316][    T0] Spectre V2 : Enabling Speculation Barrier for firmware calls
[    0.366202][    T0] RETBleed: Mitigation: IBPB
[    0.366742][    T0] Spectre V2 : mitigation: Enabling conditional Indirect Branch Prediction Barrier
[    0.367839][    T0] Speculative Store Bypass: Mitigation: Speculative Store Bypass disabled via prctl
[    0.370521][    T0] Freeing SMP alternatives memory: 116K
[    0.371560][    T1] smpboot: CPU0: AMD Ryzen Threadripper PRO 3975WX 32-Cores (family: 0x17, model: 0x31, stepping: 0x0)
[    0.374003][    T1] cblist_init_generic: Setting adjustable number of callback queues.
[    0.374237][    T1] cblist_init_generic: Setting shift to 1 and lim to 1.
[    0.374237][    T1] cblist_init_generic: Setting shift to 1 and lim to 1.
[    0.374237][    T1] Running RCU-tasks wait API self tests
[    0.474560][    T1] Performance Events: Fam17h+ core perfctr, AMD PMU driver.
[    0.475601][    T1] ... version:                0
[    0.476190][    T1] ... bit width:              48
[    0.476784][    T1] ... generic registers:      6
[    0.477366][    T1] ... value mask:             0000ffffffffffff
[    0.478104][    T1] ... max period:             00007fffffffffff
[    0.478838][    T1] ... fixed-purpose events:   0
[    0.479423][    T1] ... event mask:             000000000000003f
[    0.480812][    T1] rcu: Hierarchical SRCU implementation.
[    0.481498][    T1] rcu: 	Max phase no-delay instances is 1000.
[    0.485443][    T1] smp: Bringing up secondary CPUs ...
[    0.486930][    T1] x86: Booting SMP configuration:
[    0.487537][    T1] .... node  #0, CPUs:      #1
[    0.488563][    T1] smp: Brought up 1 node, 2 CPUs
[    0.488563][    T1] smpboot: Max logical packages: 1
[    0.488563][    T1] smpboot: Total of 2 processors activated (13973.74 BogoMIPS)
[    0.488563][    T1] devtmpfs: initialized
[    0.488563][    T1] x86/mm: Memory block size: 128MB
[    0.509988][    T1] clocksource: jiffies: mask: 0xffffffff max_cycles: 0xffffffff, max_idle_ns: 19112604462750000 ns
[    0.509988][    T1] futex hash table entries: 512 (order: 4, 65536 bytes, linear)
[    0.514317][   T13] Callback from call_rcu_tasks_trace() invoked.
[    0.516136][    T1] PM: RTC time: 16:08:21, date: 2026-05-25
[    0.519714][    T1] NET: Registered PF_NETLINK/PF_ROUTE protocol family
[    0.521881][    T1] audit: initializing netlink subsys (disabled)
[    0.522777][   T26] audit: type=2000 audit(1779725301.721:1): state=initialized audit_enabled=0 res=1
[    0.522777][    T1] thermal_sys: Registered thermal governor 'step_wise'
[    0.522777][    T1] thermal_sys: Registered thermal governor 'user_space'
[    0.524376][    T1] cpuidle: using governor menu
[    0.525793][    T1] NET: Registered PF_QIPCRTR protocol family
[    0.527160][    T1] PCI: Using configuration type 1 for base access
[    0.527160][    T1] PCI: Using configuration type 1 for extended access
[    0.660067][    T1] HugeTLB: registered 1.00 GiB page size, pre-allocated 0 pages
[    0.660067][    T1] HugeTLB: 16380 KiB vmemmap can be freed for a 1.00 GiB page
[    0.660067][    T1] HugeTLB: registered 2.00 MiB page size, pre-allocated 0 pages
[    0.664261][    T1] HugeTLB: 28 KiB vmemmap can be freed for a 2.00 MiB page
[    0.674279][    T1] cryptd: max_cpu_qlen set to 1000
[    0.677320][    T1] raid6: skipped pq benchmark and selected avx2x4
[    0.679214][    T1] raid6: using avx2x2 recovery algorithm
[    0.681914][    T1] ACPI: Added _OSI(Module Device)
[    0.683400][    T1] ACPI: Added _OSI(Processor Device)
[    0.684617][    T1] ACPI: Added _OSI(3.0 _SCP Extensions)
[    0.685935][    T1] ACPI: Added _OSI(Processor Aggregator Device)
[    0.694496][   T12] Callback from call_rcu_tasks() invoked.
[    0.719622][    T1] ACPI: 1 ACPI AML tables successfully acquired and loaded
[    0.787033][    T1] ACPI: Interpreter enabled
[    0.787782][    T1] ACPI: PM: (supports S0 S3 S4 S5)
[    0.788400][    T1] ACPI: Using IOAPIC for interrupt routing
[    0.789395][    T1] PCI: Using host bridge windows from ACPI; if necessary, use "pci=nocrs" and report a bug
[    0.790567][    T1] PCI: Using E820 reservations for host bridge windows
[    0.792763][    T1] ACPI: Enabled 2 GPEs in block 00 to 0F
[    0.837276][    T1] ACPI: PCI Root Bridge [PCI0] (domain 0000 [bus 00-ff])
[    0.838183][    T1] acpi PNP0A03:00: _OSC: OS supports [ExtendedConfig ASPM ClockPM Segments MSI HPX-Type3]
[    0.840869][    T1] PCI host bridge to bus 0000:00
[    0.841456][    T1] pci_bus 0000:00: root bus resource [io  0x0000-0x0cf7 window]
[    0.842346][    T1] pci_bus 0000:00: root bus resource [io  0x0d00-0xffff window]
[    0.843245][    T1] pci_bus 0000:00: root bus resource [mem 0x000a0000-0x000bffff window]
[    0.844228][    T1] pci_bus 0000:00: root bus resource [mem 0x80000000-0xfebfffff window]
[    0.845223][    T1] pci_bus 0000:00: root bus resource [mem 0x100000000-0x17fffffff window]
[    0.846221][    T1] pci_bus 0000:00: root bus resource [bus 00-ff]
[    0.847302][    T1] pci 0000:00:00.0: [8086:1237] type 00 class 0x060000
[    0.862353][    T1] pci 0000:00:01.0: [8086:7000] type 00 class 0x060100
[    0.876942][    T1] pci 0000:00:01.1: [8086:7010] type 00 class 0x010180
[    0.879171][    T1] pci 0000:00:01.1: reg 0x20: [io  0xc000-0xc00f]
[    0.880561][    T1] pci 0000:00:01.1: legacy IDE quirk: reg 0x10: [io  0x01f0-0x01f7]
[    0.881504][    T1] pci 0000:00:01.1: legacy IDE quirk: reg 0x14: [io  0x03f6]
[    0.882370][    T1] pci 0000:00:01.1: legacy IDE quirk: reg 0x18: [io  0x0170-0x0177]
[    0.883311][    T1] pci 0000:00:01.1: legacy IDE quirk: reg 0x1c: [io  0x0376]
[    0.884685][    T1] pci 0000:00:01.3: [8086:7113] type 00 class 0x068000
[    0.885915][    T1] pci 0000:00:01.3: quirk: [io  0x0600-0x063f] claimed by PIIX4 ACPI
[    0.886870][    T1] pci 0000:00:01.3: quirk: [io  0x0700-0x070f] claimed by PIIX4 SMB
[    0.888340][    T1] pci 0000:00:02.0: [1234:1111] type 00 class 0x030000
[    0.890261][    T1] pci 0000:00:02.0: reg 0x10: [mem 0xfd000000-0xfdffffff pref]
[    0.892430][    T1] pci 0000:00:02.0: reg 0x18: [mem 0xfebf0000-0xfebf0fff]
[    0.896311][    T1] pci 0000:00:02.0: reg 0x30: [mem 0xfebe0000-0xfebeffff pref]
[    0.897367][    T1] pci 0000:00:02.0: Video device with shadowed ROM at [mem 0x000c0000-0x000dffff]
[    0.915996][    T1] ACPI: PCI: Interrupt link LNKA configured for IRQ 10
[    0.918219][    T1] ACPI: PCI: Interrupt link LNKB configured for IRQ 10
[    0.920358][    T1] ACPI: PCI: Interrupt link LNKC configured for IRQ 11
[    0.922600][    T1] ACPI: PCI: Interrupt link LNKD configured for IRQ 11
[    0.923981][    T1] ACPI: PCI: Interrupt link LNKS configured for IRQ 9
[    0.928721][    T1] iommu: Default domain type: Translated 
[    0.929402][    T1] iommu: DMA domain TLB invalidation policy: lazy mode 
[    0.931889][    T1] SCSI subsystem initialized
[    0.933078][    T1] ACPI: bus type USB registered
[    0.933832][    T1] usbcore: registered new interface driver usbfs
[    0.934359][    T1] usbcore: registered new interface driver hub
[    0.935148][    T1] usbcore: registered new device driver usb
[    0.936422][    T1] mc: Linux media interface: v0.10
[    0.937088][    T1] videodev: Linux video capture interface: v2.00
[    0.938069][    T1] pps_core: LinuxPPS API ver. 1 registered
[    0.938753][    T1] pps_core: Software ver. 5.3.6 - Copyright 2005-2007 Rodolfo Giometti <giometti@linux.it>
[    0.939947][    T1] PTP clock support registered
[    0.940850][    T1] EDAC MC: Ver: 3.0.0
[    0.942746][    T1] Advanced Linux Sound Architecture Driver Initialized.
[    0.945116][    T1] Bluetooth: Core ver 2.22
[    0.945704][    T1] NET: Registered PF_BLUETOOTH protocol family
[    0.946425][    T1] Bluetooth: HCI device and connection manager initialized
[    0.947285][    T1] Bluetooth: HCI socket layer initialized
[    0.947958][    T1] Bluetooth: L2CAP socket layer initialized
[    0.948688][    T1] Bluetooth: SCO socket layer initialized
[    0.949394][    T1] NET: Registered PF_ATMPVC protocol family
[    0.950081][    T1] NET: Registered PF_ATMSVC protocol family
[    0.950887][    T1] NetLabel: Initializing
[    0.951385][    T1] NetLabel:  domain hash size = 128
[    0.951989][    T1] NetLabel:  protocols = UNLABELED CIPSOv4 CALIPSO
[    0.952892][    T1] NetLabel:  unlabeled traffic allowed by default
[    0.954421][    T1] nfc: nfc_init: NFC Core ver 0.1
[    0.955125][    T1] NET: Registered PF_NFC protocol family
[    0.955822][    T1] PCI: Using ACPI for IRQ routing
[    0.956652][    T1] pci 0000:00:02.0: vgaarb: setting as boot VGA device
[    0.956652][    T1] pci 0000:00:02.0: vgaarb: bridge control possible
[    0.956652][    T1] pci 0000:00:02.0: vgaarb: VGA device added: decodes=io+mem,owns=io+mem,locks=none
[    0.957036][    T1] vgaarb: loaded
[    0.958095][    T1] hpet0: at MMIO 0xfed00000, IRQs 2, 8, 0
[    0.958800][    T1] hpet0: 3 comparators, 64-bit 100.000000 MHz counter
[    0.964507][    T1] clocksource: Switched to clocksource kvm-clock
[    0.968318][    T1] VFS: Disk quotas dquot_6.6.0
[    0.968965][    T1] VFS: Dquot-cache hash table entries: 512 (order 0, 4096 bytes)
[    0.970124][    T1] FS-Cache: Loaded
[    0.970962][    T1] CacheFiles: Loaded
[    0.971542][    T1] TOMOYO: 2.6.0
[    0.971970][    T1] Mandatory Access Control activated.
[    0.973830][    T1] AppArmor: AppArmor Filesystem Enabled
[    0.974732][    T1] pnp: PnP ACPI init
[    0.979530][    T1] pnp: PnP ACPI: found 6 devices
[    1.010090][    T1] clocksource: acpi_pm: mask: 0xffffff max_cycles: 0xffffff, max_idle_ns: 2085701024 ns
[    1.011527][    T1] NET: Registered PF_INET protocol family
[    1.012584][    T1] IP idents hash table entries: 32768 (order: 6, 262144 bytes, linear)
[    1.015449][    T1] tcp_listen_portaddr_hash hash table entries: 1024 (order: 4, 73728 bytes, linear)
[    1.016629][    T1] Table-perturb hash table entries: 65536 (order: 6, 262144 bytes, linear)
[    1.017684][    T1] TCP established hash table entries: 16384 (order: 5, 131072 bytes, linear)
[    1.019822][    T1] TCP bind hash table entries: 16384 (order: 9, 2359296 bytes, linear)
[    1.021756][    T1] TCP: Hash tables configured (established 16384 bind 16384)
[    1.022958][    T1] MPTCP token hash table entries: 2048 (order: 5, 180224 bytes, linear)
[    1.024101][    T1] UDP hash table entries: 1024 (order: 5, 163840 bytes, linear)
[    1.025387][    T1] UDP-Lite hash table entries: 1024 (order: 5, 163840 bytes, linear)
[    1.026722][    T1] NET: Registered PF_UNIX/PF_LOCAL protocol family
[    1.028443][    T1] RPC: Registered named UNIX socket transport module.
[    1.029276][    T1] RPC: Registered udp transport module.
[    1.029936][    T1] RPC: Registered tcp transport module.
[    1.030597][    T1] RPC: Registered tcp NFSv4.1 backchannel transport module.
[    1.032466][    T1] NET: Registered PF_XDP protocol family
[    1.033167][    T1] pci_bus 0000:00: resource 4 [io  0x0000-0x0cf7 window]
[    1.034010][    T1] pci_bus 0000:00: resource 5 [io  0x0d00-0xffff window]
[    1.034873][    T1] pci_bus 0000:00: resource 6 [mem 0x000a0000-0x000bffff window]
[    1.035814][    T1] pci_bus 0000:00: resource 7 [mem 0x80000000-0xfebfffff window]
[    1.036738][    T1] pci_bus 0000:00: resource 8 [mem 0x100000000-0x17fffffff window]
[    1.038069][    T1] pci 0000:00:01.0: PIIX3: Enabling Passive Release
[    1.038862][    T1] pci 0000:00:00.0: Limiting direct PCI/PCI transfers
[    1.039743][    T1] PCI: CLS 0 bytes, default 64
[    1.042656][   T11] Trying to unpack rootfs image as initramfs...
[    1.054382][    T1] ACPI: bus type thunderbolt registered
[    1.055909][    T1] kvm: no hardware support for 'kvm_intel'
[    1.056848][    T1] kvm: Nested Virtualization enabled
[    1.057497][    T1] SVM: kvm: Nested Paging enabled
[    1.094845][   T65] cryptomgr_test (65) used greatest stack depth: 29824 bytes left
[    1.157425][   T11] Freeing initrd memory: 1616K
[    1.158840][   T60] kworker/u4:4 (60) used greatest stack depth: 28512 bytes left
[    1.159807][   T58] kworker/u4:4 (58) used greatest stack depth: 28208 bytes left
[    1.174885][  T100] kworker/u4:1 (100) used greatest stack depth: 28080 bytes left
[    3.514670][    T1] Initialise system trusted keyrings
[    3.516676][    T1] workingset: timestamp_bits=40 max_order=19 bucket_order=0
[    3.567730][    T1] zbud: loaded
[    3.573149][    T1] DLM installed
[    3.573499][  T112] kworker/u4:0 (112) used greatest stack depth: 27808 bytes left
[    3.577481][    T1] squashfs: version 4.0 (2009/01/31) Phillip Lougher
[    3.584509][    T1] NFS: Registering the id_resolver key type
[    3.585262][    T1] Key type id_resolver registered
[    3.585869][    T1] Key type id_legacy registered
[    3.586662][    T1] nfs4filelayout_init: NFSv4 File Layout Driver Registering...
[    3.587585][    T1] nfs4flexfilelayout_init: NFSv4 Flexfile Layout Driver Registering...
[    3.593484][    T1] Key type cifs.spnego registered
[    3.594223][    T1] Key type cifs.idmap registered
[    3.595220][    T1] ntfs: driver 2.1.32 [Flags: R/W].
[    3.596730][    T1] ntfs3: Max link count 4000
[    3.597298][    T1] ntfs3: Enabled Linux POSIX ACLs support
[    3.597975][    T1] ntfs3: Read-only LZX/Xpress compression included
[    3.599421][    T1] efs: 1.0a - http://aeschi.ch.eu.org/efs/
[    3.600293][    T1] jffs2: version 2.2. (NAND) (SUMMARY)  © 2001-2006 Red Hat, Inc.
[    3.603327][    T1] romfs: ROMFS MTD (C) 2007 Red Hat, Inc.
[    3.604398][    T1] QNX4 filesystem 0.2.3 registered.
[    3.605212][    T1] qnx6: QNX6 filesystem 1.0.0 registered.
[    3.606413][    T1] fuse: init (API version 7.37)
[    3.609130][    T1] orangefs_debugfs_init: called with debug mask: :none: :0:
[    3.610288][    T1] orangefs_init: module version upstream loaded
[    3.611621][    T1] JFS: nTxBlock = 8192, nTxLock = 65536
[    3.616479][    T1] SGI XFS with ACLs, security attributes, realtime, quota, no debug enabled
[    3.629836][    T1] 9p: Installing v9fs 9p2000 file system support
[    3.633354][    T1] NILFS version 2 loaded
[    3.634314][    T1] befs: version: 0.9.3
[    3.636528][    T1] ocfs2: Registered cluster interface o2cb
[    3.637489][    T1] ocfs2: Registered cluster interface user
[    3.638518][    T1] OCFS2 User DLM kernel interface loaded
[    3.645340][    T1] gfs2: GFS2 installed
[    3.652389][    T1] ceph: loaded (mds proto 32)
[    3.661293][    T1] NET: Registered PF_ALG protocol family
[    3.662013][    T1] xor: automatically using best checksumming function   avx       
[    3.662943][    T1] async_tx: api initialized (async)
[    3.663550][    T1] Key type asymmetric registered
[    3.664143][    T1] Asymmetric key parser 'x509' registered
[    3.664867][    T1] Asymmetric key parser 'pkcs8' registered
[    3.665539][    T1] Key type pkcs7_test registered
[    3.668287][    T1] alg: self-tests for CTR-KDF (hmac(sha256)) passed
[    3.669161][    T1] Block layer SCSI generic (bsg) driver version 0.4 loaded (major 240)
[    3.670445][    T1] io scheduler mq-deadline registered
[    3.671077][    T1] io scheduler kyber registered
[    3.672029][    T1] io scheduler bfq registered
[    3.678258][    T1] input: Power Button as /devices/LNXSYSTM:00/LNXPWRBN:00/input/input0
[    3.685916][    T1] ACPI: button: Power Button [PWRF]
[    3.714101][  T257] kworker/u4:0 (257) used greatest stack depth: 27680 bytes left
[    3.862786][    T1] N_HDLC line discipline registered with maxframe=4096
[    3.864029][    T1] Serial: 8250/16550 driver, 4 ports, IRQ sharing enabled
[    3.866611][    T1] 00:04: ttyS0 at I/O 0x3f8 (irq = 4, base_baud = 115200) is a 16550A
[    3.877161][    T1] Non-volatile memory driver v1.3
[    3.878174][  T744] kworker/u4:0 (744) used greatest stack depth: 27504 bytes left
[    3.878867][    T1] Linux agpgart interface v0.103
[    3.882658][    T1] ACPI: bus type drm_connector registered
[    3.887517][    T1] [drm] Initialized vgem 1.0.0 20120112 for vgem on minor 0
[    3.891112][    T1] [drm] Initialized vkms 1.0.0 20180514 for vkms on minor 1
[    3.940085][    T1] Console: switching to colour frame buffer device 128x48
[    3.958004][    T1] platform vkms: [drm] fb0: vkmsdrmfb frame buffer device
[    3.959102][    T1] usbcore: registered new interface driver udl
[    3.960210][    T1] bochs-drm 0000:00:02.0: vgaarb: deactivate vga console
[    3.963106][    T1] [drm] Found bochs VGA, ID 0xb0c5.
[    3.963740][    T1] [drm] Framebuffer size 16384 kB @ 0xfd000000, mmio @ 0xfebf0000.
[    3.966243][    T1] [drm] Found EDID data blob.
[    3.967971][    T1] [drm] Initialized bochs-drm 1.0.0 20130925 for 0000:00:02.0 on minor 2
[    3.968568][  T776] kworker/u4:0 (776) used greatest stack depth: 27408 bytes left
[    3.972267][    T1] fbcon: bochs-drmdrmfb (fb1) is primary device
[    3.972279][    T1] fbcon: Remapping primary device, fb1, to tty 1-63
[   11.825052][    T1] bochs-drm 0000:00:02.0: [drm] fb1: bochs-drmdrmfb frame buffer device
[   11.839964][    T9] Floppy drive(s): fd0 is 2.88M AMI BIOS
[   11.862135][    T1] brd: module loaded
[   11.865378][    T9] FDC 0 is a S82078B
[   11.895772][    T1] loop: module loaded
[   11.939593][    T1] zram: Added device: zram0
[   11.943196][    T1] null_blk: disk nullb0 created
[   11.943800][    T1] null_blk: module loaded
[   11.944570][    T1] Guest personality initialized and is inactive
[   11.945515][    T1] VMCI host device registered (name=vmci, major=10, minor=119)
[   11.946398][    T1] Initialized host personality
[   11.947054][    T1] usbcore: registered new interface driver rtsx_usb
[   11.948065][    T1] usbcore: registered new interface driver viperboard
[   11.948972][    T1] usbcore: registered new interface driver dln2
[   11.949840][    T1] usbcore: registered new interface driver pn533_usb
[   11.952169][    T1] nfcsim 0.2 initialized
[   11.952754][    T1] usbcore: registered new interface driver port100
[   11.953577][    T1] usbcore: registered new interface driver nfcmrvl
[   11.955561][    T1] Loading iSCSI transport class v2.0-870.
[   11.958314][    T1] st: Version 20160209, fixed bufsize 32768, s/g segs 256
[   11.976662][    T1] scsi host0: ata_piix
[   11.979041][    T1] scsi host1: ata_piix
[   11.980185][    T1] ata1: PATA max MWDMA2 cmd 0x1f0 ctl 0x3f6 bmdma 0xc000 irq 14
[   11.981267][    T1] ata2: PATA max MWDMA2 cmd 0x170 ctl 0x376 bmdma 0xc008 irq 15
[   11.988367][    T1] Rounding down aligned max_sectors from 4294967295 to 4294967288
[   11.989564][    T1] db_root: cannot open: /etc/target
[   11.990719][    T1] slram: not enough parameters.
[   11.993699][    T1] ftl_cs: FTL header not found.
[   12.009359][    T1] wireguard: WireGuard 1.0.0 loaded. See www.wireguard.com for information.
[   12.010405][    T1] wireguard: Copyright (C) 2015-2019 Jason A. Donenfeld <Jason@zx2c4.com>. All Rights Reserved.
[   12.011606][    T1] eql: Equalizer2002: Simon Janes (simon@ncm.com) and David S. Miller (davem@redhat.com)
[   12.015899][    T1] MACsec IEEE 802.1AE
[   12.022192][    T1] tun: Universal TUN/TAP device driver, 1.6
[   12.024228][    T1] vcan: Virtual CAN interface driver
[   12.024937][    T1] vxcan: Virtual CAN Tunnel driver
[   12.025534][    T1] slcan: serial line CAN interface driver
[   12.026207][    T1] CAN device driver interface
[   12.027616][    T1] usbcore: registered new interface driver usb_8dev
[   12.028560][    T1] usbcore: registered new interface driver ems_usb
[   12.029471][    T1] usbcore: registered new interface driver gs_usb
[   12.030388][    T1] usbcore: registered new interface driver kvaser_usb
[   12.031334][    T1] usbcore: registered new interface driver mcba_usb
[   12.032300][    T1] usbcore: registered new interface driver peak_usb
[   12.033435][    T1] e100: Intel(R) PRO/100 Network Driver
[   12.034109][    T1] e100: Copyright(c) 1999-2006 Intel Corporation
[   12.035083][    T1] e1000: Intel(R) PRO/1000 Network Driver
[   12.035781][    T1] e1000: Copyright (c) 1999-2006 Intel Corporation.
[   12.036776][    T1] e1000e: Intel(R) PRO/1000 Network Driver
[   12.037470][    T1] e1000e: Copyright(c) 1999 - 2015 Intel Corporation.
[   12.038977][    T1] mkiss: AX.25 Multikiss, Hans Albas PE1AYX
[   12.039688][    T1] AX.25: 6pack driver, Revision: 0.3.0
[   12.040367][    T1] AX.25: bpqether driver version 004
[   12.041001][    T1] PPP generic driver version 2.4.2
[   12.042167][    T1] PPP BSD Compression module registered
[   12.042835][    T1] PPP Deflate Compression module registered
[   12.043573][    T1] PPP MPPE Compression module registered
[   12.044598][    T1] NET: Registered PF_PPPOX protocol family
[   12.045626][    T1] PPTP driver version 0.8.5
[   12.046288][    T1] SLIP: version 0.8.4-NET3.019-NEWTTY (dynamic channels, max=256) (6 bit encapsulation enabled).
[   12.047539][    T1] CSLIP: code copyright 1989 Regents of the University of California.
[   12.048509][    T1] SLIP linefill/keepalive option.
[   12.049105][    T1] hdlc: HDLC support module revision 1.22
[   12.049799][    T1] LAPB Ethernet driver version 0.02
[   12.050987][    T1] usbcore: registered new interface driver ath9k_htc
[   12.051976][    T1] usbcore: registered new interface driver carl9170
[   12.052915][    T1] usbcore: registered new interface driver ath6kl_usb
[   12.053881][    T1] usbcore: registered new interface driver ar5523
[   12.055446][    T1] usbcore: registered new interface driver ath10k_usb
[   12.056516][    T1] usbcore: registered new interface driver rndis_wlan
[   12.057535][    T1] mac80211_hwsim: initializing netlink
[   12.070863][    T1] usbcore: registered new interface driver atusb
[   12.075769][    T1] mac802154_hwsim mac802154_hwsim: Added 2 mac802154 hwsim hardware radios
[   12.077338][    T1] VMware vmxnet3 virtual NIC driver - version 1.7.0.0-k-NAPI
[   12.078579][    T1] usbcore: registered new interface driver catc
[   12.079476][    T1] usbcore: registered new interface driver kaweth
[   12.080243][    T1] pegasus: Pegasus/Pegasus II USB Ethernet driver
[   12.081149][    T1] usbcore: registered new interface driver pegasus
[   12.082371][    T1] usbcore: registered new interface driver rtl8150
[   12.083316][    T1] usbcore: registered new interface driver r8152
[   12.084068][    T1] hso: drivers/net/usb/hso.c: Option Wireless
[   12.085051][    T1] usbcore: registered new interface driver hso
[   12.085955][    T1] usbcore: registered new interface driver lan78xx
[   12.086896][    T1] usbcore: registered new interface driver asix
[   12.087806][    T1] usbcore: registered new interface driver ax88179_178a
[   12.088775][    T1] usbcore: registered new interface driver cdc_ether
[   12.089720][    T1] usbcore: registered new interface driver cdc_eem
[   12.090653][    T1] usbcore: registered new interface driver dm9601
[   12.091595][    T1] usbcore: registered new interface driver sr9700
[   12.092544][    T1] usbcore: registered new interface driver CoreChips
[   12.093515][    T1] usbcore: registered new interface driver smsc75xx
[   12.094560][    T1] usbcore: registered new interface driver smsc95xx
[   12.095497][    T1] usbcore: registered new interface driver gl620a
[   12.096427][    T1] usbcore: registered new interface driver net1080
[   12.097548][    T1] usbcore: registered new interface driver plusb
[   12.098451][    T1] usbcore: registered new interface driver rndis_host
[   12.099404][    T1] usbcore: registered new interface driver cdc_subset
[   12.100361][    T1] usbcore: registered new interface driver zaurus
[   12.101739][    T1] usbcore: registered new interface driver MOSCHIP usb-ethernet driver
[   12.102869][    T1] usbcore: registered new interface driver int51x1
[   12.103806][    T1] usbcore: registered new interface driver cdc_phonet
[   12.104790][    T1] usbcore: registered new interface driver kalmia
[   12.105696][    T1] usbcore: registered new interface driver ipheth
[   12.106623][    T1] usbcore: registered new interface driver sierra_net
[   12.107609][    T1] usbcore: registered new interface driver cx82310_eth
[   12.108603][    T1] usbcore: registered new interface driver cdc_ncm
[   12.109515][    T1] usbcore: registered new interface driver huawei_cdc_ncm
[   12.110503][    T1] usbcore: registered new interface driver lg-vl600
[   12.111438][    T1] usbcore: registered new interface driver qmi_wwan
[   12.112381][    T1] usbcore: registered new interface driver cdc_mbim
[   12.113334][    T1] usbcore: registered new interface driver ch9200
[   12.114326][    T1] usbcore: registered new interface driver r8153_ecm
[   12.117316][    T1] VFIO - User Level meta-driver version: 0.3
[   12.121229][    T1] aoe: AoE v85 initialised.
[   12.125169][    T1] Warning! fotg210_hcd should always be loaded before uhci_hcd and ohci_hcd, not after
[   12.126404][    T1] SPI driver max3421-hcd has no spi_device_id for maxim,max3421
[   12.127630][    T1] usbcore: registered new interface driver cdc_acm
[   12.128548][    T1] cdc_acm: USB Abstract Control Model driver for USB modems and ISDN adapters
[   12.129791][    T1] usbcore: registered new interface driver usblp
[   12.130627][    T1] usbcore: registered new interface driver cdc_wdm
[   12.131479][    T1] usbcore: registered new interface driver usbtmc
[   12.132536][    T1] usbcore: registered new interface driver uas
[   12.133534][    T1] usbcore: registered new interface driver usb-storage
[   12.134561][    T1] usbcore: registered new interface driver ums-alauda
[   12.135542][    T1] usbcore: registered new interface driver ums-cypress
[   12.136521][    T1] usbcore: registered new interface driver ums-datafab
[   12.137934][    T1] usbcore: registered new interface driver ums_eneub6250
[   12.138918][    T1] usbcore: registered new interface driver ums-freecom
[   12.139876][    T1] usbcore: registered new interface driver ums-isd200
[   12.140842][    T1] usbcore: registered new interface driver ums-jumpshot
[   12.141853][    T1] usbcore: registered new interface driver ums-karma
[   12.142979][    T1] usbcore: registered new interface driver ums-onetouch
[   12.143993][    T1] usbcore: registered new interface driver ums-realtek
[   12.145012][ T1004] ata2: found unknown device (class 0)
[   12.145108][    T1] usbcore: registered new interface driver ums-sddr09
[   12.146716][    T1] usbcore: registered new interface driver ums-sddr55
[   12.147007][ T1004] ata2.00: ATAPI: QEMU DVD-ROM, 2.5+, max UDMA/100
[   12.147639][    T1] usbcore: registered new interface driver ums-usbat
[   12.149388][    T1] usbcore: registered new interface driver mdc800
[   12.150333][    T1] mdc800: v0.7.5 (30/10/2000):USB Driver for Mustek MDC800 Digital Camera
[   12.151598][    T9] scsi 1:0:0:0: CD-ROM            QEMU     QEMU DVD-ROM     2.5+ PQ: 0 ANSI: 5
[   12.151624][    T1] usbcore: registered new interface driver microtekX6
[   12.154634][    T1] usbcore: registered new interface driver usbserial_generic
[   12.155973][    T1] usbserial: USB Serial support registered for generic
[   12.157183][    T1] usbcore: registered new interface driver aircable
[   12.158144][    T1] usbserial: USB Serial support registered for aircable
[   12.159202][    T1] usbcore: registered new interface driver ark3116
[   12.160225][    T1] usbserial: USB Serial support registered for ark3116
[   12.161428][    T1] usbcore: registered new interface driver belkin_sa
[   12.162694][    T1] usbserial: USB Serial support registered for Belkin / Peracom / GoHubs USB Serial Adapter
[   12.164153][    T1] usbcore: registered new interface driver ch341
[   12.165846][    T1] usbserial: USB Serial support registered for ch341-uart
[   12.166923][    T1] usbcore: registered new interface driver cp210x
[   12.167902][    T1] usbserial: USB Serial support registered for cp210x
[   12.168927][    T1] usbcore: registered new interface driver cyberjack
[   12.169944][    T1] usbserial: USB Serial support registered for Reiner SCT Cyberjack USB card reader
[   12.171305][    T1] usbcore: registered new interface driver cypress_m8
[   12.172352][    T1] usbserial: USB Serial support registered for DeLorme Earthmate USB
[   12.173533][    T1] usbserial: USB Serial support registered for HID->COM RS232 Adapter
[   12.174960][    T1] usbserial: USB Serial support registered for Nokia CA-42 V2 Adapter
[   12.176183][    T1] usbcore: registered new interface driver usb_debug
[   12.177182][    T1] usbserial: USB Serial support registered for debug
[   12.178211][    T1] usbserial: USB Serial support registered for xhci_dbc
[   12.179270][    T1] usbcore: registered new interface driver digi_acceleport
[   12.180640][    T1] usbserial: USB Serial support registered for Digi 2 port USB adapter
[   12.181839][    T1] usbserial: USB Serial support registered for Digi 4 port USB adapter
[   12.183056][    T1] usbcore: registered new interface driver io_edgeport
[   12.184102][    T1] usbserial: USB Serial support registered for Edgeport 2 port adapter
[   12.185341][    T1] usbserial: USB Serial support registered for Edgeport 4 port adapter
[   12.186542][    T1] usbserial: USB Serial support registered for Edgeport 8 port adapter
[   12.187770][    T1] usbserial: USB Serial support registered for EPiC device
[   12.188862][    T1] usbcore: registered new interface driver io_ti
[   12.189828][    T1] usbserial: USB Serial support registered for Edgeport TI 1 port adapter
[   12.191063][    T1] usbserial: USB Serial support registered for Edgeport TI 2 port adapter
[   12.192329][    T1] usbcore: registered new interface driver empeg
[   12.193326][    T1] usbserial: USB Serial support registered for empeg
[   12.194430][    T1] usbcore: registered new interface driver f81534a_ctrl
[   12.195501][    T1] usbcore: registered new interface driver f81232
[   12.196489][    T1] usbserial: USB Serial support registered for f81232
[   12.197572][    T1] usbserial: USB Serial support registered for f81534a
[   12.198614][    T1] usbcore: registered new interface driver f81534
[   12.199588][    T1] usbserial: USB Serial support registered for Fintek F81532/F81534
[   12.200795][    T1] usbcore: registered new interface driver ftdi_sio
[   12.201796][    T1] usbserial: USB Serial support registered for FTDI USB Serial Device
[   12.203009][    T1] usbcore: registered new interface driver garmin_gps
[   12.204032][    T1] usbserial: USB Serial support registered for Garmin GPS usb/tty
[   12.205216][    T1] usbcore: registered new interface driver ipaq
[   12.206182][    T1] usbserial: USB Serial support registered for PocketPC PDA
[   12.207304][    T1] usbcore: registered new interface driver ipw
[   12.208432][    T1] usbserial: USB Serial support registered for IPWireless converter
[   12.209623][    T1] usbcore: registered new interface driver ir_usb
[   12.210596][    T1] usbserial: USB Serial support registered for IR Dongle
[   12.211676][    T1] usbcore: registered new interface driver iuu_phoenix
[   12.212700][    T1] usbserial: USB Serial support registered for iuu_phoenix
[   12.213803][    T1] usbcore: registered new interface driver keyspan
[   12.214938][    T1] usbserial: USB Serial support registered for Keyspan - (without firmware)
[   12.216413][    T1] usbserial: USB Serial support registered for Keyspan 1 port adapter
[   12.217767][    T1] usbserial: USB Serial support registered for Keyspan 2 port adapter
[   12.219029][    T1] usbserial: USB Serial support registered for Keyspan 4 port adapter
[   12.220171][    T1] usbcore: registered new interface driver keyspan_pda
[   12.221092][    T1] usbserial: USB Serial support registered for Keyspan PDA
[   12.222055][    T1] usbserial: USB Serial support registered for Keyspan PDA - (prerenumeration)
[   12.223271][    T1] usbcore: registered new interface driver kl5kusb105
[   12.224190][    T1] usbserial: USB Serial support registered for KL5KUSB105D / PalmConnect
[   12.225359][    T1] usbcore: registered new interface driver kobil_sct
[   12.226258][    T1] usbserial: USB Serial support registered for KOBIL USB smart card terminal
[   12.227438][    T1] usbcore: registered new interface driver mct_u232
[   12.228343][    T1] usbserial: USB Serial support registered for MCT U232
[   12.229461][    T1] usbcore: registered new interface driver metro_usb
[   12.230357][    T1] usbserial: USB Serial support registered for Metrologic USB to Serial
[   12.231488][    T1] usbcore: registered new interface driver mos7720
[   12.232376][    T1] usbserial: USB Serial support registered for Moschip 2 port adapter
[   12.233481][    T1] usbcore: registered new interface driver mos7840
[   12.234384][    T1] usbserial: USB Serial support registered for Moschip 7840/7820 USB Serial Driver
[   12.235624][    T1] usbcore: registered new interface driver mxuport
[   12.236516][    T1] usbserial: USB Serial support registered for MOXA UPort
[   12.237493][    T1] usbcore: registered new interface driver navman
[   12.238361][    T1] usbserial: USB Serial support registered for navman
[   12.239308][    T1] usbcore: registered new interface driver omninet
[   12.240194][    T1] usbserial: USB Serial support registered for ZyXEL - omni.net usb
[   12.241289][    T1] usbcore: registered new interface driver opticon
[   12.242165][    T1] usbserial: USB Serial support registered for opticon
[   12.243108][    T1] usbcore: registered new interface driver option
[   12.243988][    T1] usbserial: USB Serial support registered for GSM modem (1-port)
[   12.245057][    T1] usbcore: registered new interface driver oti6858
[   12.245935][    T1] usbserial: USB Serial support registered for oti6858
[   12.246872][    T1] usbcore: registered new interface driver pl2303
[   12.247736][    T1] usbserial: USB Serial support registered for pl2303
[   12.248682][    T1] usbcore: registered new interface driver qcaux
[   12.249539][    T1] usbserial: USB Serial support registered for qcaux
[   12.250451][    T1] usbcore: registered new interface driver qcserial
[   12.251335][    T1] usbserial: USB Serial support registered for Qualcomm USB modem
[   12.252400][    T1] usbcore: registered new interface driver quatech2
[   12.253297][    T1] usbserial: USB Serial support registered for Quatech 2nd gen USB to Serial Driver
[   12.254575][    T1] usbcore: registered new interface driver safe_serial
[   12.255493][    T1] usbserial: USB Serial support registered for safe_serial
[   12.256482][    T1] usbcore: registered new interface driver sierra
[   12.257352][    T1] usbserial: USB Serial support registered for Sierra USB modem
[   12.258394][    T1] usbcore: registered new interface driver usb_serial_simple
[   12.259380][    T1] usbserial: USB Serial support registered for carelink
[   12.260334][    T1] usbserial: USB Serial support registered for zio
[   12.261199][    T1] usbserial: USB Serial support registered for funsoft
[   12.262122][    T1] usbserial: USB Serial support registered for flashloader
[   12.263104][    T1] usbserial: USB Serial support registered for google
[   12.264020][    T1] usbserial: USB Serial support registered for libtransistor
[   12.265031][    T1] usbserial: USB Serial support registered for vivopay
[   12.265946][    T1] usbserial: USB Serial support registered for moto_modem
[   12.266908][    T1] usbserial: USB Serial support registered for motorola_tetra
[   12.267911][    T1] usbserial: USB Serial support registered for nokia
[   12.268825][    T1] usbserial: USB Serial support registered for novatel_gps
[   12.269790][    T1] usbserial: USB Serial support registered for hp4x
[   12.270684][    T1] usbserial: USB Serial support registered for suunto
[   12.271589][    T1] usbserial: USB Serial support registered for siemens_mpi
[   12.272571][    T1] usbcore: registered new interface driver spcp8x5
[   12.273601][    T1] usbserial: USB Serial support registered for SPCP8x5
[   12.274636][    T1] usbcore: registered new interface driver ssu100
[   12.275502][    T1] usbserial: USB Serial support registered for Quatech SSU-100 USB to Serial Driver
[   12.276756][    T1] usbcore: registered new interface driver symbolserial
[   12.277682][    T1] usbserial: USB Serial support registered for symbol
[   12.278598][    T1] usbcore: registered new interface driver ti_usb_3410_5052
[   12.279568][    T1] usbserial: USB Serial support registered for TI USB 3410 1 port adapter
[   12.280695][    T1] usbserial: USB Serial support registered for TI USB 5052 2 port adapter
[   12.281831][    T1] usbcore: registered new interface driver upd78f0730
[   12.282734][    T1] usbserial: USB Serial support registered for upd78f0730
[   12.283705][    T1] usbcore: registered new interface driver visor
[   12.284606][    T1] usbserial: USB Serial support registered for Handspring Visor / Palm OS
[   12.285737][    T1] usbserial: USB Serial support registered for Sony Clie 5.0
[   12.286720][    T1] usbserial: USB Serial support registered for Sony Clie 3.5
[   12.287716][    T1] usbcore: registered new interface driver wishbone_serial
[   12.288691][    T1] usbserial: USB Serial support registered for wishbone_serial
[   12.289708][    T1] usbcore: registered new interface driver whiteheat
[   12.290588][    T1] usbserial: USB Serial support registered for Connect Tech - WhiteHEAT - (prerenumeration)
[   12.291839][    T1] usbserial: USB Serial support registered for Connect Tech - WhiteHEAT
[   12.292922][    T1] usbcore: registered new interface driver xr_serial
[   12.293768][    T1] usbserial: USB Serial support registered for xr_serial
[   12.294680][    T1] usbcore: registered new interface driver xsens_mt
[   12.295506][    T1] usbserial: USB Serial support registered for xsens_mt
[   12.296464][    T1] usbcore: registered new interface driver adutux
[   12.297346][    T1] usbcore: registered new interface driver appledisplay
[   12.298292][    T1] usbcore: registered new interface driver cypress_cy7c63
[   12.299260][    T1] usbcore: registered new interface driver cytherm
[   12.300159][    T1] usbcore: registered new interface driver emi26 - firmware loader
[   12.301214][    T1] usbcore: registered new interface driver emi62 - firmware loader
[   12.302207][    T1] ftdi_elan: driver ftdi-elan
[   12.302866][    T1] usbcore: registered new interface driver ftdi-elan
[   12.303827][    T1] usbcore: registered new interface driver idmouse
[   12.304739][    T1] usbcore: registered new interface driver iowarrior
[   12.305671][    T1] usbcore: registered new interface driver isight_firmware
[   12.306654][    T1] usbcore: registered new interface driver usblcd
[   12.307528][    T1] usbcore: registered new interface driver ldusb
[   12.308407][    T1] usbcore: registered new interface driver legousbtower
[   12.309376][    T1] usbcore: registered new interface driver usbtest
[   12.310261][    T1] usbcore: registered new interface driver usb_ehset_test
[   12.311225][    T1] usbcore: registered new interface driver trancevibrator
[   12.312202][    T1] usbcore: registered new interface driver uss720
[   12.313012][    T1] uss720: USB Parport Cable driver for Cables using the Lucent Technologies USS720 Chip
[   12.314217][    T1] uss720: NOTE: this is a special purpose driver to allow nonstandard
[   12.315258][    T1] uss720: protocols (eg. bitbang) over USS720 usb to parallel cables
[   12.316263][    T1] uss720: If you just want to connect to a printer, use usblp instead
[   12.317354][    T1] usbcore: registered new interface driver usbsevseg
[   12.318252][    T1] usbcore: registered new interface driver yurex
[   12.319328][    T1] usbcore: registered new interface driver chaoskey
[   12.320240][    T1] usbcore: registered new interface driver sisusb
[   12.321136][    T1] usbcore: registered new interface driver lvs
[   12.321971][    T1] usbcore: registered new interface driver cxacru
[   12.322873][    T1] usbcore: registered new interface driver speedtch
[   12.323797][    T1] usbcore: registered new interface driver ueagle-atm
[   12.325252][    T1] xusbatm: malformed module parameters
[   12.326526][    T1] dummy_hcd dummy_hcd.0: USB Host+Gadget Emulator, driver 02 May 2005
[   12.327518][    T1] dummy_hcd dummy_hcd.0: Dummy host controller
[   12.329384][    T1] dummy_hcd dummy_hcd.0: new USB bus registered, assigned bus number 1
[   12.330960][    T1] usb usb1: New USB device found, idVendor=1d6b, idProduct=0002, bcdDevice= 6.01
[   12.332081][    T1] usb usb1: New USB device strings: Mfr=3, Product=2, SerialNumber=1
[   12.333032][    T1] usb usb1: Product: Dummy host controller
[   12.333718][    T1] usb usb1: Manufacturer: Linux 6.1.0-rc8-dirty dummy_hcd
[   12.334590][    T1] usb usb1: SerialNumber: dummy_hcd.0
[   12.337015][    T1] hub 1-0:1.0: USB hub found
[   12.337729][    T1] hub 1-0:1.0: 1 port detected
[   12.342206][    T1] gadgetfs: USB Gadget filesystem, version 24 Aug 2004
[   12.346141][    T1] vhci_hcd vhci_hcd.0: USB/IP Virtual Host Controller
[   12.347348][    T1] vhci_hcd vhci_hcd.0: new USB bus registered, assigned bus number 2
[   12.348533][    T1] vhci_hcd: created sysfs vhci_hcd.0
[   12.349516][    T1] usb usb2: New USB device found, idVendor=1d6b, idProduct=0002, bcdDevice= 6.01
[   12.350610][    T1] usb usb2: New USB device strings: Mfr=3, Product=2, SerialNumber=1
[   12.351575][    T1] usb usb2: Product: USB/IP Virtual Host Controller
[   12.352375][    T1] usb usb2: Manufacturer: Linux 6.1.0-rc8-dirty vhci_hcd
[   12.353222][    T1] usb usb2: SerialNumber: vhci_hcd.0
[   12.354995][    T1] hub 2-0:1.0: USB hub found
[   12.355760][    T1] hub 2-0:1.0: 8 ports detected
[   12.359274][    T1] vhci_hcd vhci_hcd.0: USB/IP Virtual Host Controller
[   12.360454][    T1] vhci_hcd vhci_hcd.0: new USB bus registered, assigned bus number 3
[   12.361583][    T1] usb usb3: We don't know the algorithms for LPM for this host, disabling LPM.
[   12.362973][    T1] usb usb3: New USB device found, idVendor=1d6b, idProduct=0003, bcdDevice= 6.01
[   12.364084][    T1] usb usb3: New USB device strings: Mfr=3, Product=2, SerialNumber=1
[   12.365838][    T1] usb usb3: Product: USB/IP Virtual Host Controller
[   12.366648][    T1] usb usb3: Manufacturer: Linux 6.1.0-rc8-dirty vhci_hcd
[   12.367536][    T1] usb usb3: SerialNumber: vhci_hcd.0
[   12.369745][    T9] sr 1:0:0:0: [sr0] scsi3-mmc drive: 4x/4x cd/rw xa/form2 tray
[   12.369890][    T1] hub 3-0:1.0: USB hub found
[   12.370708][    T9] cdrom: Uniform CD-ROM driver Revision: 3.20
[   12.371362][    T1] hub 3-0:1.0: 8 ports detected
[   12.376737][    T1] vhci_hcd vhci_hcd.1: USB/IP Virtual Host Controller
[   12.377948][    T1] vhci_hcd vhci_hcd.1: new USB bus registered, assigned bus number 4
[   12.379310][    T1] usb usb4: New USB device found, idVendor=1d6b, idProduct=0002, bcdDevice= 6.01
[   12.380480][    T1] usb usb4: New USB device strings: Mfr=3, Product=2, SerialNumber=1
[   12.381508][    T1] usb usb4: Product: USB/IP Virtual Host Controller
[   12.382341][    T1] usb usb4: Manufacturer: Linux 6.1.0-rc8-dirty vhci_hcd
[   12.383236][    T1] usb usb4: SerialNumber: vhci_hcd.1
[   12.385038][    T1] hub 4-0:1.0: USB hub found
[   12.385710][    T1] hub 4-0:1.0: 8 ports detected
[   12.389128][    T1] vhci_hcd vhci_hcd.1: USB/IP Virtual Host Controller
[   12.390298][    T1] vhci_hcd vhci_hcd.1: new USB bus registered, assigned bus number 5
[   12.391470][    T1] usb usb5: We don't know the algorithms for LPM for this host, disabling LPM.
[   12.392886][    T1] usb usb5: New USB device found, idVendor=1d6b, idProduct=0003, bcdDevice= 6.01
[   12.394033][    T1] usb usb5: New USB device strings: Mfr=3, Product=2, SerialNumber=1
[   12.395076][    T1] usb usb5: Product: USB/IP Virtual Host Controller
[   12.395917][    T1] usb usb5: Manufacturer: Linux 6.1.0-rc8-dirty vhci_hcd
[   12.396807][    T1] usb usb5: SerialNumber: vhci_hcd.1
[   12.398613][    T1] hub 5-0:1.0: USB hub found
[   12.399282][    T1] hub 5-0:1.0: 8 ports detected
[   12.403396][    T1] vhci_hcd vhci_hcd.2: USB/IP Virtual Host Controller
[   12.404667][    T1] vhci_hcd vhci_hcd.2: new USB bus registered, assigned bus number 6
[   12.406024][    T1] usb usb6: New USB device found, idVendor=1d6b, idProduct=0002, bcdDevice= 6.01
[   12.407186][    T1] usb usb6: New USB device strings: Mfr=3, Product=2, SerialNumber=1
[   12.408219][    T1] usb usb6: Product: USB/IP Virtual Host Controller
[   12.409048][    T1] usb usb6: Manufacturer: Linux 6.1.0-rc8-dirty vhci_hcd
[   12.409969][    T1] usb usb6: SerialNumber: vhci_hcd.2
[   12.411584][    T1] hub 6-0:1.0: USB hub found
[   12.412225][    T1] hub 6-0:1.0: 8 ports detected
[   12.415984][    T1] vhci_hcd vhci_hcd.2: USB/IP Virtual Host Controller
[   12.418619][    T1] vhci_hcd vhci_hcd.2: new USB bus registered, assigned bus number 7
[   12.419917][    T1] usb usb7: We don't know the algorithms for LPM for this host, disabling LPM.
[   12.420925][    T9] sr 1:0:0:0: Attached scsi generic sg0 type 5
[   12.421584][    T1] usb usb7: New USB device found, idVendor=1d6b, idProduct=0003, bcdDevice= 6.01
[   12.422842][    T1] usb usb7: New USB device strings: Mfr=3, Product=2, SerialNumber=1
[   12.423814][    T1] usb usb7: Product: USB/IP Virtual Host Controller
[   12.424658][    T1] usb usb7: Manufacturer: Linux 6.1.0-rc8-dirty vhci_hcd
[   12.425508][    T1] usb usb7: SerialNumber: vhci_hcd.2
[   12.427334][    T1] hub 7-0:1.0: USB hub found
[   12.427983][    T1] hub 7-0:1.0: 8 ports detected
[   12.432069][    T1] vhci_hcd vhci_hcd.3: USB/IP Virtual Host Controller
[   12.433460][    T1] vhci_hcd vhci_hcd.3: new USB bus registered, assigned bus number 8
[   12.434792][    T1] usb usb8: New USB device found, idVendor=1d6b, idProduct=0002, bcdDevice= 6.01
[   12.435929][    T1] usb usb8: New USB device strings: Mfr=3, Product=2, SerialNumber=1
[   12.437041][    T1] usb usb8: Product: USB/IP Virtual Host Controller
[   12.438011][    T1] usb usb8: Manufacturer: Linux 6.1.0-rc8-dirty vhci_hcd
[   12.439037][    T1] usb usb8: SerialNumber: vhci_hcd.3
[   12.441110][    T1] hub 8-0:1.0: USB hub found
[   12.441855][    T1] hub 8-0:1.0: 8 ports detected
[   12.446304][    T1] vhci_hcd vhci_hcd.3: USB/IP Virtual Host Controller
[   12.447553][    T1] vhci_hcd vhci_hcd.3: new USB bus registered, assigned bus number 9
[   12.448675][    T1] usb usb9: We don't know the algorithms for LPM for this host, disabling LPM.
[   12.450012][    T1] usb usb9: New USB device found, idVendor=1d6b, idProduct=0003, bcdDevice= 6.01
[   12.451095][    T1] usb usb9: New USB device strings: Mfr=3, Product=2, SerialNumber=1
[   12.452060][    T1] usb usb9: Product: USB/IP Virtual Host Controller
[   12.452847][    T1] usb usb9: Manufacturer: Linux 6.1.0-rc8-dirty vhci_hcd
[   12.453682][    T1] usb usb9: SerialNumber: vhci_hcd.3
[   12.455565][    T1] hub 9-0:1.0: USB hub found
[   12.456203][    T1] hub 9-0:1.0: 8 ports detected
[   12.460305][    T1] vhci_hcd vhci_hcd.4: USB/IP Virtual Host Controller
[   12.461564][    T1] vhci_hcd vhci_hcd.4: new USB bus registered, assigned bus number 10
[   12.462883][    T1] usb usb10: New USB device found, idVendor=1d6b, idProduct=0002, bcdDevice= 6.01
[   12.463992][    T1] usb usb10: New USB device strings: Mfr=3, Product=2, SerialNumber=1
[   12.465004][    T1] usb usb10: Product: USB/IP Virtual Host Controller
[   12.465801][    T1] usb usb10: Manufacturer: Linux 6.1.0-rc8-dirty vhci_hcd
[   12.466647][    T1] usb usb10: SerialNumber: vhci_hcd.4
[   12.468422][    T1] hub 10-0:1.0: USB hub found
[   12.469067][    T1] hub 10-0:1.0: 8 ports detected
[   12.472576][    T1] vhci_hcd vhci_hcd.4: USB/IP Virtual Host Controller
[   12.473752][    T1] vhci_hcd vhci_hcd.4: new USB bus registered, assigned bus number 11
[   12.475041][    T1] usb usb11: We don't know the algorithms for LPM for this host, disabling LPM.
[   12.476389][    T1] usb usb11: New USB device found, idVendor=1d6b, idProduct=0003, bcdDevice= 6.01
[   12.477484][    T1] usb usb11: New USB device strings: Mfr=3, Product=2, SerialNumber=1
[   12.478448][    T1] usb usb11: Product: USB/IP Virtual Host Controller
[   12.479234][    T1] usb usb11: Manufacturer: Linux 6.1.0-rc8-dirty vhci_hcd
[   12.480086][    T1] usb usb11: SerialNumber: vhci_hcd.4
[   12.481837][    T1] hub 11-0:1.0: USB hub found
[   12.482481][    T1] hub 11-0:1.0: 8 ports detected
[   12.486667][    T1] vhci_hcd vhci_hcd.5: USB/IP Virtual Host Controller
[   12.487888][    T1] vhci_hcd vhci_hcd.5: new USB bus registered, assigned bus number 12
[   12.489209][    T1] usb usb12: New USB device found, idVendor=1d6b, idProduct=0002, bcdDevice= 6.01
[   12.490306][    T1] usb usb12: New USB device strings: Mfr=3, Product=2, SerialNumber=1
[   12.491270][    T1] usb usb12: Product: USB/IP Virtual Host Controller
[   12.492068][    T1] usb usb12: Manufacturer: Linux 6.1.0-rc8-dirty vhci_hcd
[   12.492922][    T1] usb usb12: SerialNumber: vhci_hcd.5
[   12.494860][    T1] hub 12-0:1.0: USB hub found
[   12.495711][    T1] hub 12-0:1.0: 8 ports detected
[   12.499150][    T1] vhci_hcd vhci_hcd.5: USB/IP Virtual Host Controller
[   12.500476][    T1] vhci_hcd vhci_hcd.5: new USB bus registered, assigned bus number 13
[   12.501594][    T1] usb usb13: We don't know the algorithms for LPM for this host, disabling LPM.
[   12.502931][    T1] usb usb13: New USB device found, idVendor=1d6b, idProduct=0003, bcdDevice= 6.01
[   12.504033][    T1] usb usb13: New USB device strings: Mfr=3, Product=2, SerialNumber=1
[   12.505081][    T1] usb usb13: Product: USB/IP Virtual Host Controller
[   12.505873][    T1] usb usb13: Manufacturer: Linux 6.1.0-rc8-dirty vhci_hcd
[   12.506711][    T1] usb usb13: SerialNumber: vhci_hcd.5
[   12.508520][    T1] hub 13-0:1.0: USB hub found
[   12.509159][    T1] hub 13-0:1.0: 8 ports detected
[   12.513285][    T1] vhci_hcd vhci_hcd.6: USB/IP Virtual Host Controller
[   12.514607][    T1] vhci_hcd vhci_hcd.6: new USB bus registered, assigned bus number 14
[   12.515944][    T1] usb usb14: New USB device found, idVendor=1d6b, idProduct=0002, bcdDevice= 6.01
[   12.517154][    T1] usb usb14: New USB device strings: Mfr=3, Product=2, SerialNumber=1
[   12.518120][    T1] usb usb14: Product: USB/IP Virtual Host Controller
[   12.518909][    T1] usb usb14: Manufacturer: Linux 6.1.0-rc8-dirty vhci_hcd
[   12.519755][    T1] usb usb14: SerialNumber: vhci_hcd.6
[   12.521545][    T1] hub 14-0:1.0: USB hub found
[   12.522180][    T1] hub 14-0:1.0: 8 ports detected
[   12.525570][    T1] vhci_hcd vhci_hcd.6: USB/IP Virtual Host Controller
[   12.526747][    T1] vhci_hcd vhci_hcd.6: new USB bus registered, assigned bus number 15
[   12.527882][    T1] usb usb15: We don't know the algorithms for LPM for this host, disabling LPM.
[   12.529236][    T1] usb usb15: New USB device found, idVendor=1d6b, idProduct=0003, bcdDevice= 6.01
[   12.530387][    T1] usb usb15: New USB device strings: Mfr=3, Product=2, SerialNumber=1
[   12.531356][    T1] usb usb15: Product: USB/IP Virtual Host Controller
[   12.532159][    T1] usb usb15: Manufacturer: Linux 6.1.0-rc8-dirty vhci_hcd
[   12.533002][    T1] usb usb15: SerialNumber: vhci_hcd.6
[   12.534769][    T1] hub 15-0:1.0: USB hub found
[   12.535422][    T1] hub 15-0:1.0: 8 ports detected
[   12.539794][    T1] vhci_hcd vhci_hcd.7: USB/IP Virtual Host Controller
[   12.541085][    T1] vhci_hcd vhci_hcd.7: new USB bus registered, assigned bus number 16
[   12.542434][    T1] usb usb16: New USB device found, idVendor=1d6b, idProduct=0002, bcdDevice= 6.01
[   12.543564][    T1] usb usb16: New USB device strings: Mfr=3, Product=2, SerialNumber=1
[   12.544629][    T1] usb usb16: Product: USB/IP Virtual Host Controller
[   12.545440][    T1] usb usb16: Manufacturer: Linux 6.1.0-rc8-dirty vhci_hcd
[   12.546295][    T1] usb usb16: SerialNumber: vhci_hcd.7
[   12.548211][    T1] hub 16-0:1.0: USB hub found
[   12.548865][    T1] hub 16-0:1.0: 8 ports detected
[   12.552514][    T1] vhci_hcd vhci_hcd.7: USB/IP Virtual Host Controller
[   12.553695][    T1] vhci_hcd vhci_hcd.7: new USB bus registered, assigned bus number 17
[   12.554911][    T1] usb usb17: We don't know the algorithms for LPM for this host, disabling LPM.
[   12.556322][    T1] usb usb17: New USB device found, idVendor=1d6b, idProduct=0003, bcdDevice= 6.01
[   12.557440][    T1] usb usb17: New USB device strings: Mfr=3, Product=2, SerialNumber=1
[   12.558429][    T1] usb usb17: Product: USB/IP Virtual Host Controller
[   12.559236][    T1] usb usb17: Manufacturer: Linux 6.1.0-rc8-dirty vhci_hcd
[   12.560093][    T1] usb usb17: SerialNumber: vhci_hcd.7
[   12.561769][    T1] hub 17-0:1.0: USB hub found
[   12.562413][    T1] hub 17-0:1.0: 8 ports detected
[   12.566795][    T1] vhci_hcd vhci_hcd.8: USB/IP Virtual Host Controller
[   12.567963][    T1] vhci_hcd vhci_hcd.8: new USB bus registered, assigned bus number 18
[   12.569284][    T1] usb usb18: New USB device found, idVendor=1d6b, idProduct=0002, bcdDevice= 6.01
[   12.570393][    T1] usb usb18: New USB device strings: Mfr=3, Product=2, SerialNumber=1
[   12.571372][    T1] usb usb18: Product: USB/IP Virtual Host Controller
[   12.572182][    T1] usb usb18: Manufacturer: Linux 6.1.0-rc8-dirty vhci_hcd
[   12.573040][    T1] usb usb18: SerialNumber: vhci_hcd.8
[   12.574722][    T1] hub 18-0:1.0: USB hub found
[   12.575365][    T1] hub 18-0:1.0: 8 ports detected
[   12.578747][    T1] vhci_hcd vhci_hcd.8: USB/IP Virtual Host Controller
[   12.579886][    T1] vhci_hcd vhci_hcd.8: new USB bus registered, assigned bus number 19
[   12.581004][    T1] usb usb19: We don't know the algorithms for LPM for this host, disabling LPM.
[   12.582357][    T1] usb usb19: New USB device found, idVendor=1d6b, idProduct=0003, bcdDevice= 6.01
[   12.583468][    T1] usb usb19: New USB device strings: Mfr=3, Product=2, SerialNumber=1
[   12.584480][    T1] usb usb19: Product: USB/IP Virtual Host Controller
[   12.585286][    T1] usb usb19: Manufacturer: Linux 6.1.0-rc8-dirty vhci_hcd
[   12.586141][    T1] usb usb19: SerialNumber: vhci_hcd.8
[   12.587782][    T1] hub 19-0:1.0: USB hub found
[   12.588432][    T1] hub 19-0:1.0: 8 ports detected
[   12.592521][    T1] vhci_hcd vhci_hcd.9: USB/IP Virtual Host Controller
[   12.593714][    T1] vhci_hcd vhci_hcd.9: new USB bus registered, assigned bus number 20
[   12.595067][    T1] usb usb20: New USB device found, idVendor=1d6b, idProduct=0002, bcdDevice= 6.01
[   12.596195][    T1] usb usb20: New USB device strings: Mfr=3, Product=2, SerialNumber=1
[   12.597241][    T1] usb usb20: Product: USB/IP Virtual Host Controller
[   12.598061][    T1] usb usb20: Manufacturer: Linux 6.1.0-rc8-dirty vhci_hcd
[   12.598916][    T1] usb usb20: SerialNumber: vhci_hcd.9
[   12.600646][    T1] hub 20-0:1.0: USB hub found
[   12.601290][    T1] hub 20-0:1.0: 8 ports detected
[   12.604745][    T1] vhci_hcd vhci_hcd.9: USB/IP Virtual Host Controller
[   12.605954][    T1] vhci_hcd vhci_hcd.9: new USB bus registered, assigned bus number 21
[   12.607077][    T1] usb usb21: We don't know the algorithms for LPM for this host, disabling LPM.
[   12.608442][    T1] usb usb21: New USB device found, idVendor=1d6b, idProduct=0003, bcdDevice= 6.01
[   12.609554][    T1] usb usb21: New USB device strings: Mfr=3, Product=2, SerialNumber=1
[   12.610535][    T1] usb usb21: Product: USB/IP Virtual Host Controller
[   12.611339][    T1] usb usb21: Manufacturer: Linux 6.1.0-rc8-dirty vhci_hcd
[   12.612198][    T1] usb usb21: SerialNumber: vhci_hcd.9
[   12.613839][    T1] hub 21-0:1.0: USB hub found
[   12.614515][    T1] hub 21-0:1.0: 8 ports detected
[   12.618594][    T1] vhci_hcd vhci_hcd.10: USB/IP Virtual Host Controller
[   12.619774][    T1] vhci_hcd vhci_hcd.10: new USB bus registered, assigned bus number 22
[   12.621111][    T1] usb usb22: New USB device found, idVendor=1d6b, idProduct=0002, bcdDevice= 6.01
[   12.622226][    T1] usb usb22: New USB device strings: Mfr=3, Product=2, SerialNumber=1
[   12.623202][    T1] usb usb22: Product: USB/IP Virtual Host Controller
[   12.624010][    T1] usb usb22: Manufacturer: Linux 6.1.0-rc8-dirty vhci_hcd
[   12.624889][    T1] usb usb22: SerialNumber: vhci_hcd.10
[   12.626800][    T1] hub 22-0:1.0: USB hub found
[   12.627454][    T1] hub 22-0:1.0: 8 ports detected
[   12.630822][    T1] vhci_hcd vhci_hcd.10: USB/IP Virtual Host Controller
[   12.631985][    T1] vhci_hcd vhci_hcd.10: new USB bus registered, assigned bus number 23
[   12.633181][    T1] usb usb23: We don't know the algorithms for LPM for this host, disabling LPM.
[   12.634606][    T1] usb usb23: New USB device found, idVendor=1d6b, idProduct=0003, bcdDevice= 6.01
[   12.635758][    T1] usb usb23: New USB device strings: Mfr=3, Product=2, SerialNumber=1
[   12.636780][    T1] usb usb23: Product: USB/IP Virtual Host Controller
[   12.637617][    T1] usb usb23: Manufacturer: Linux 6.1.0-rc8-dirty vhci_hcd
[   12.638520][    T1] usb usb23: SerialNumber: vhci_hcd.10
[   12.640217][    T1] hub 23-0:1.0: USB hub found
[   12.640901][    T1] hub 23-0:1.0: 8 ports detected
[   12.645089][    T1] vhci_hcd vhci_hcd.11: USB/IP Virtual Host Controller
[   12.646298][    T1] vhci_hcd vhci_hcd.11: new USB bus registered, assigned bus number 24
[   12.647653][    T1] usb usb24: New USB device found, idVendor=1d6b, idProduct=0002, bcdDevice= 6.01
[   12.648813][    T1] usb usb24: New USB device strings: Mfr=3, Product=2, SerialNumber=1
[   12.649829][    T1] usb usb24: Product: USB/IP Virtual Host Controller
[   12.650654][    T1] usb usb24: Manufacturer: Linux 6.1.0-rc8-dirty vhci_hcd
[   12.651536][    T1] usb usb24: SerialNumber: vhci_hcd.11
[   12.653222][    T1] hub 24-0:1.0: USB hub found
[   12.653890][    T1] hub 24-0:1.0: 8 ports detected
[   12.657425][    T1] vhci_hcd vhci_hcd.11: USB/IP Virtual Host Controller
[   12.658626][    T1] vhci_hcd vhci_hcd.11: new USB bus registered, assigned bus number 25
[   12.659800][    T1] usb usb25: We don't know the algorithms for LPM for this host, disabling LPM.
[   12.661217][    T1] usb usb25: New USB device found, idVendor=1d6b, idProduct=0003, bcdDevice= 6.01
[   12.662365][    T1] usb usb25: New USB device strings: Mfr=3, Product=2, SerialNumber=1
[   12.663410][    T1] usb usb25: Product: USB/IP Virtual Host Controller
[   12.664323][    T1] usb usb25: Manufacturer: Linux 6.1.0-rc8-dirty vhci_hcd
[   12.665215][    T1] usb usb25: SerialNumber: vhci_hcd.11
[   12.666918][    T1] hub 25-0:1.0: USB hub found
[   12.667575][    T1] hub 25-0:1.0: 8 ports detected
[   12.671699][    T1] vhci_hcd vhci_hcd.12: USB/IP Virtual Host Controller
[   12.672932][    T1] vhci_hcd vhci_hcd.12: new USB bus registered, assigned bus number 26
[   12.674368][    T1] usb usb26: New USB device found, idVendor=1d6b, idProduct=0002, bcdDevice= 6.01
[   12.675551][    T1] usb usb26: New USB device strings: Mfr=3, Product=2, SerialNumber=1
[   12.676591][    T1] usb usb26: Product: USB/IP Virtual Host Controller
[   12.677444][    T1] usb usb26: Manufacturer: Linux 6.1.0-rc8-dirty vhci_hcd
[   12.678357][    T1] usb usb26: SerialNumber: vhci_hcd.12
[   12.680050][    T1] hub 26-0:1.0: USB hub found
[   12.680754][    T1] hub 26-0:1.0: 8 ports detected
[   12.684278][    T1] vhci_hcd vhci_hcd.12: USB/IP Virtual Host Controller
[   12.685422][    T1] vhci_hcd vhci_hcd.12: new USB bus registered, assigned bus number 27
[   12.686558][    T1] usb usb27: We don't know the algorithms for LPM for this host, disabling LPM.
[   12.687926][    T1] usb usb27: New USB device found, idVendor=1d6b, idProduct=0003, bcdDevice= 6.01
[   12.689039][    T1] usb usb27: New USB device strings: Mfr=3, Product=2, SerialNumber=1
[   12.690018][    T1] usb usb27: Product: USB/IP Virtual Host Controller
[   12.690823][    T1] usb usb27: Manufacturer: Linux 6.1.0-rc8-dirty vhci_hcd
[   12.691716][    T1] usb usb27: SerialNumber: vhci_hcd.12
[   12.693359][    T1] hub 27-0:1.0: USB hub found
[   12.694006][    T1] hub 27-0:1.0: 8 ports detected
[   12.698269][    T1] vhci_hcd vhci_hcd.13: USB/IP Virtual Host Controller
[   12.699644][    T1] vhci_hcd vhci_hcd.13: new USB bus registered, assigned bus number 28
[   12.700975][    T1] usb usb28: New USB device found, idVendor=1d6b, idProduct=0002, bcdDevice= 6.01
[   12.702092][    T1] usb usb28: New USB device strings: Mfr=3, Product=2, SerialNumber=1
[   12.703076][    T1] usb usb28: Product: USB/IP Virtual Host Controller
[   12.703881][    T1] usb usb28: Manufacturer: Linux 6.1.0-rc8-dirty vhci_hcd
[   12.704768][    T1] usb usb28: SerialNumber: vhci_hcd.13
[   12.706400][    T1] hub 28-0:1.0: USB hub found
[   12.707045][    T1] hub 28-0:1.0: 8 ports detected
[   12.710400][    T1] vhci_hcd vhci_hcd.13: USB/IP Virtual Host Controller
[   12.711530][    T1] vhci_hcd vhci_hcd.13: new USB bus registered, assigned bus number 29
[   12.712670][    T1] usb usb29: We don't know the algorithms for LPM for this host, disabling LPM.
[   12.714032][    T1] usb usb29: New USB device found, idVendor=1d6b, idProduct=0003, bcdDevice= 6.01
[   12.715209][    T1] usb usb29: New USB device strings: Mfr=3, Product=2, SerialNumber=1
[   12.716203][    T1] usb usb29: Product: USB/IP Virtual Host Controller
[   12.717034][    T1] usb usb29: Manufacturer: Linux 6.1.0-rc8-dirty vhci_hcd
[   12.717895][    T1] usb usb29: SerialNumber: vhci_hcd.13
[   12.719574][    T1] hub 29-0:1.0: USB hub found
[   12.720222][    T1] hub 29-0:1.0: 8 ports detected
[   12.724284][    T1] vhci_hcd vhci_hcd.14: USB/IP Virtual Host Controller
[   12.725443][    T1] vhci_hcd vhci_hcd.14: new USB bus registered, assigned bus number 30
[   12.726759][    T1] usb usb30: New USB device found, idVendor=1d6b, idProduct=0002, bcdDevice= 6.01
[   12.727873][    T1] usb usb30: New USB device strings: Mfr=3, Product=2, SerialNumber=1
[   12.728856][    T1] usb usb30: Product: USB/IP Virtual Host Controller
[   12.729655][    T1] usb usb30: Manufacturer: Linux 6.1.0-rc8-dirty vhci_hcd
[   12.730518][    T1] usb usb30: SerialNumber: vhci_hcd.14
[   12.732145][    T1] hub 30-0:1.0: USB hub found
[   12.732792][    T1] hub 30-0:1.0: 8 ports detected
[   12.736145][    T1] vhci_hcd vhci_hcd.14: USB/IP Virtual Host Controller
[   12.737334][    T1] vhci_hcd vhci_hcd.14: new USB bus registered, assigned bus number 31
[   12.738464][    T1] usb usb31: We don't know the algorithms for LPM for this host, disabling LPM.
[   12.739815][    T1] usb usb31: New USB device found, idVendor=1d6b, idProduct=0003, bcdDevice= 6.01
[   12.740923][    T1] usb usb31: New USB device strings: Mfr=3, Product=2, SerialNumber=1
[   12.741906][    T1] usb usb31: Product: USB/IP Virtual Host Controller
[   12.742717][    T1] usb usb31: Manufacturer: Linux 6.1.0-rc8-dirty vhci_hcd
[   12.743576][    T1] usb usb31: SerialNumber: vhci_hcd.14
[   12.745225][    T1] hub 31-0:1.0: USB hub found
[   12.745880][    T1] hub 31-0:1.0: 8 ports detected
[   12.749928][    T1] vhci_hcd vhci_hcd.15: USB/IP Virtual Host Controller
[   12.751082][    T1] vhci_hcd vhci_hcd.15: new USB bus registered, assigned bus number 32
[   12.752419][    T1] usb usb32: New USB device found, idVendor=1d6b, idProduct=0002, bcdDevice= 6.01
[   12.753536][    T1] usb usb32: New USB device strings: Mfr=3, Product=2, SerialNumber=1
[   12.754555][    T1] usb usb32: Product: USB/IP Virtual Host Controller
[   12.755363][    T1] usb usb32: Manufacturer: Linux 6.1.0-rc8-dirty vhci_hcd
[   12.756233][    T1] usb usb32: SerialNumber: vhci_hcd.15
[   12.757863][    T1] hub 32-0:1.0: USB hub found
[   12.758507][    T1] hub 32-0:1.0: 8 ports detected
[   12.761858][    T1] vhci_hcd vhci_hcd.15: USB/IP Virtual Host Controller
[   12.763046][    T1] vhci_hcd vhci_hcd.15: new USB bus registered, assigned bus number 33
[   12.764181][    T1] usb usb33: We don't know the algorithms for LPM for this host, disabling LPM.
[   12.765773][    T1] usb usb33: New USB device found, idVendor=1d6b, idProduct=0003, bcdDevice= 6.01
[   12.766883][    T1] usb usb33: New USB device strings: Mfr=3, Product=2, SerialNumber=1
[   12.767873][    T1] usb usb33: Product: USB/IP Virtual Host Controller
[   12.768663][    T1] usb usb33: Manufacturer: Linux 6.1.0-rc8-dirty vhci_hcd
[   12.769509][    T1] usb usb33: SerialNumber: vhci_hcd.15
[   12.771196][    T1] hub 33-0:1.0: USB hub found
[   12.771848][    T1] hub 33-0:1.0: 8 ports detected
[   12.776103][    T1] usbcore: registered new device driver usbip-host
[   12.778076][    T1] i8042: PNP: PS/2 Controller [PNP0303:KBD,PNP0f13:MOU] at 0x60,0x64 irq 1,12
[   12.781476][    T1] serio: i8042 KBD port at 0x60,0x64 irq 1
[   12.782791][    T1] serio: i8042 AUX port at 0x60,0x64 irq 12
[   12.785137][    T1] mousedev: PS/2 mouse device common for all mice
[   12.787379][   T14] input: AT Translated Set 2 keyboard as /devices/platform/i8042/serio0/input/input1
[   12.790214][    T1] usbcore: registered new interface driver appletouch
[   12.791236][    T1] usbcore: registered new interface driver bcm5974
[   12.792315][    T1] usbcore: registered new interface driver synaptics_usb
[   12.793281][    T1] usbcore: registered new interface driver iforce
[   12.795857][    T1] usbcore: registered new interface driver xpad
[   12.796718][    T1] usbcore: registered new interface driver usb_acecad
[   12.797639][    T1] usbcore: registered new interface driver aiptek
[   12.798519][    T1] usbcore: registered new interface driver hanwang
[   12.799404][    T1] usbcore: registered new interface driver kbtab
[   12.800326][    T1] usbcore: registered new interface driver pegasus_notetaker
[   12.801384][    T1] usbcore: registered new interface driver usbtouchscreen
[   12.802376][    T1] usbcore: registered new interface driver sur40
[   12.803266][    T1] usbcore: registered new interface driver ati_remote2
[   12.804097][    T1] cm109: Keymap for Komunikate KIP1000 phone loaded
[   12.806991][    T1] usbcore: registered new interface driver cm109
[   12.807773][    T1] cm109: CM109 phone driver: 20080805 (C) Alfred E. Heggestad
[   12.808772][    T1] usbcore: registered new interface driver ims_pcu
[   12.809691][    T1] usbcore: registered new interface driver keyspan_remote
[   12.810658][    T1] usbcore: registered new interface driver powermate
[   12.811803][    T1] usbcore: registered new interface driver yealink
[   12.813107][    T1] rtc_cmos 00:05: RTC can wake from S4
[   12.816147][    T1] rtc_cmos 00:05: registered as rtc0
[   12.816801][    T1] rtc_cmos 00:05: alarms up to one day, y3k, 242 bytes nvram, hpet irqs
[   12.818087][    T1] i2c_dev: i2c /dev entries driver
[   12.819029][    T1] usbcore: registered new interface driver i2c-diolan-u2c
[   12.820080][    T1] usbcore: registered new interface driver RobotFuzz Open Source InterFace, OSIF
[   12.821280][    T1] usbcore: registered new interface driver i2c-tiny-usb
[   12.825010][    T1] usbcore: registered new interface driver igorplugusb
[   12.826177][    T1] usbcore: registered new interface driver iguanair
[   12.827141][    T1] usbcore: registered new interface driver imon
[   12.828103][    T1] usbcore: registered new interface driver mceusb
[   12.829048][    T1] usbcore: registered new interface driver redrat3
[   12.829972][    T1] usbcore: registered new interface driver streamzap
[   12.830903][    T1] usbcore: registered new interface driver ttusbir
[   12.831841][    T1] usbcore: registered new interface driver ati_remote
[   12.832834][    T1] b2c2-flexcop: B2C2 FlexcopII/II(b)/III digital TV receiver chip loaded successfully
[   12.834208][    T1] usbcore: registered new interface driver b2c2_flexcop_usb
[   12.835854][    T1] usbcore: registered new interface driver dvb_usb_vp7045
[   12.836836][    T1] usbcore: registered new interface driver dvb_usb_vp702x
[   12.837817][    T1] usbcore: registered new interface driver dvb_usb_gp8psk
[   12.838810][    T1] usbcore: registered new interface driver dvb_usb_dtt200u
[   12.839808][    T1] usbcore: registered new interface driver dvb_usb_a800
[   12.840827][    T1] usbcore: registered new interface driver dvb_usb_dibusb_mb
[   12.841855][    T1] usbcore: registered new interface driver dvb_usb_dibusb_mc
[   12.842877][    T1] usbcore: registered new interface driver dvb_usb_nova_t_usb2
[   12.843920][    T1] usbcore: registered new interface driver dvb_usb_umt_010
[   12.845535][    T1] usbcore: registered new interface driver dvb_usb_m920x
[   12.846812][    T1] usbcore: registered new interface driver dvb_usb_digitv
[   12.847883][    T1] usbcore: registered new interface driver dvb_usb_cxusb
[   12.848879][    T1] usbcore: registered new interface driver dvb_usb_ttusb2
[   12.849976][    T1] usbcore: registered new interface driver dvb_usb_dib0700
[   12.850970][    T1] usbcore: registered new interface driver opera1
[   12.851895][    T1] usbcore: registered new interface driver dvb_usb_af9005
[   12.852890][    T1] usbcore: registered new interface driver pctv452e
[   12.853874][    T1] usbcore: registered new interface driver dw2102
[   12.855069][    T1] usbcore: registered new interface driver dvb_usb_dtv5100
[   12.856112][    T1] usbcore: registered new interface driver cinergyT2
[   12.857120][    T1] usbcore: registered new interface driver dvb_usb_az6027
[   12.858112][    T1] usbcore: registered new interface driver dvb_usb_technisat_usb2
[   12.859230][    T1] usbcore: registered new interface driver dvb_usb_af9015
[   12.860274][    T1] usbcore: registered new interface driver dvb_usb_af9035
[   12.861251][    T1] usbcore: registered new interface driver dvb_usb_anysee
[   12.862231][    T1] usbcore: registered new interface driver dvb_usb_au6610
[   12.863214][    T1] usbcore: registered new interface driver dvb_usb_az6007
[   12.864295][    T1] usbcore: registered new interface driver dvb_usb_ce6230
[   12.865281][    T1] usbcore: registered new interface driver dvb_usb_ec168
[   12.866416][    T1] usbcore: registered new interface driver dvb_usb_lmedm04
[   12.867501][    T1] usbcore: registered new interface driver dvb_usb_gl861
[   12.868569][    T1] usbcore: registered new interface driver dvb_usb_mxl111sf
[   12.869595][    T1] usbcore: registered new interface driver dvb_usb_rtl28xxu
[   12.870595][    T1] usbcore: registered new interface driver dvb_usb_dvbsky
[   12.871701][    T1] usbcore: registered new interface driver zd1301
[   12.872662][    T1] usbcore: registered new interface driver s2255
[   12.873619][    T1] usbcore: registered new interface driver smsusb
[   12.874667][    T1] usbcore: registered new interface driver ttusb
[   12.875627][    T1] usbcore: registered new interface driver ttusb-dec
[   12.876661][    T1] usbcore: registered new interface driver Abilis Systems as10x usb driver
[   12.877783][    T1] usbcore: registered new interface driver airspy
[   12.878636][    T1] gspca_main: v2.14.0 registered
[   12.879333][    T1] usbcore: registered new interface driver benq
[   12.880187][    T1] usbcore: registered new interface driver conex
[   12.881114][    T1] usbcore: registered new interface driver cpia1
[   12.882078][    T1] usbcore: registered new interface driver dtcs033
[   12.883035][    T1] usbcore: registered new interface driver etoms
[   12.884035][    T1] usbcore: registered new interface driver finepix
[   12.885020][    T1] usbcore: registered new interface driver jeilinj
[   12.885937][    T1] usbcore: registered new interface driver jl2005bcd
[   12.886961][    T1] usbcore: registered new interface driver kinect
[   12.887949][    T1] usbcore: registered new interface driver konica
[   12.888967][    T1] usbcore: registered new interface driver mars
[   12.889963][    T1] usbcore: registered new interface driver mr97310a
[   12.890902][    T1] usbcore: registered new interface driver nw80x
[   12.891919][    T1] usbcore: registered new interface driver ov519
[   12.892860][    T1] usbcore: registered new interface driver ov534
[   12.893756][    T1] usbcore: registered new interface driver ov534_9
[   12.894785][    T1] usbcore: registered new interface driver pac207
[   12.895747][    T1] usbcore: registered new interface driver gspca_pac7302
[   12.896698][    T1] usbcore: registered new interface driver pac7311
[   12.897782][    T1] usbcore: registered new interface driver se401
[   12.898646][    T1] usbcore: registered new interface driver sn9c2028
[   12.899560][    T1] usbcore: registered new interface driver gspca_sn9c20x
[   12.900526][    T1] usbcore: registered new interface driver sonixb
[   12.901424][    T1] usbcore: registered new interface driver sonixj
[   12.902293][    T1] usbcore: registered new interface driver spca500
[   12.903166][    T1] usbcore: registered new interface driver spca501
[   12.904060][    T1] usbcore: registered new interface driver spca505
[   12.904969][    T1] usbcore: registered new interface driver spca506
[   12.905882][    T1] usbcore: registered new interface driver spca508
[   12.906847][    T1] usbcore: registered new interface driver spca561
[   12.907850][    T1] usbcore: registered new interface driver spca1528
[   12.908856][    T1] usbcore: registered new interface driver sq905
[   12.909818][    T1] usbcore: registered new interface driver sq905c
[   12.910760][    T1] usbcore: registered new interface driver sq930x
[   12.911717][    T1] usbcore: registered new interface driver sunplus
[   12.912721][    T1] usbcore: registered new interface driver stk014
[   12.913720][    T1] usbcore: registered new interface driver stk1135
[   12.914738][    T1] usbcore: registered new interface driver stv0680
[   12.915695][    T1] usbcore: registered new interface driver t613
[   12.916649][    T1] usbcore: registered new interface driver gspca_topro
[   12.917741][    T1] usbcore: registered new interface driver touptek
[   12.918789][    T1] usbcore: registered new interface driver tv8532
[   12.919827][    T1] usbcore: registered new interface driver vc032x
[   12.920847][    T1] usbcore: registered new interface driver vicam
[   12.921893][    T1] usbcore: registered new interface driver xirlink-cit
[   12.923048][    T1] usbcore: registered new interface driver gspca_zc3xx
[   12.924178][    T1] usbcore: registered new interface driver ALi m5602
[   12.925290][    T1] usbcore: registered new interface driver STV06xx
[   12.926355][    T1] usbcore: registered new interface driver gspca_gl860
[   12.927473][    T1] usbcore: registered new interface driver hackrf
[   12.928540][    T1] usbcore: registered new interface driver msi2500
[   12.929641][    T1] usbcore: registered new interface driver Philips webcam
[   12.930913][    T1] usbcore: registered new interface driver uvcvideo
[   12.931847][    T1] au0828: au0828 driver loaded
[   12.932705][    T1] usbcore: registered new interface driver au0828
[   12.933790][    T1] usbcore: registered new interface driver cx231xx
[   12.935081][    T1] usbcore: registered new interface driver em28xx
[   12.936012][    T1] em28xx: Registered (Em28xx v4l2 Extension) extension
[   12.936974][    T1] em28xx: Registered (Em28xx Audio Extension) extension
[   12.937952][    T1] em28xx: Registered (Em28xx dvb Extension) extension
[   12.938909][    T1] em28xx: Registered (Em28xx Input Extension) extension
[   12.940090][    T1] usbcore: registered new interface driver go7007
[   12.941125][    T1] usbcore: registered new interface driver go7007-loader
[   12.942316][    T1] usbcore: registered new interface driver hdpvr
[   12.943603][    T1] usbcore: registered new interface driver pvrusb2
[   12.944582][    T1] pvrusb2: V4L in-tree version:Hauppauge WinTV-PVR-USB2 MPEG2 Encoder/Tuner
[   12.945826][    T1] pvrusb2: Debug mask is 31 (0x1f)
[   12.946717][    T1] usbcore: registered new interface driver stk1160
[   12.947774][    T1] usbcore: registered new interface driver usbtv
[   12.949959][    T1] dvbdev: DVB: registering new adapter (dvb_vidtv_bridge)
[   12.952813][    T1] i2c i2c-0: DVB: registering adapter 0 frontend 0 (Dummy demod for DVB-T/T2/C/S/S2)...
[   12.954416][    T1] dvbdev: dvb_create_media_entity: media entity 'Dummy demod for DVB-T/T2/C/S/S2' registered.
[   12.959113][    T1] dvbdev: dvb_create_media_entity: media entity 'dvb-demux' registered.
[   12.962652][    T1] vidtv vidtv.0: Successfully initialized vidtv!
[   12.964287][    T1] vicodec vicodec.0: Device 'stateful-encoder' registered as /dev/video0
[   12.965957][    T1] vicodec vicodec.0: Device 'stateful-decoder' registered as /dev/video1
[   12.967404][    T1] vicodec vicodec.0: Device 'stateless-decoder' registered as /dev/video2
[   12.969322][    T1] vim2m vim2m.0: Device registered as /dev/video0
[   12.979960][    T1] vivid-000: using single planar format API
[   12.987099][    T1] vivid-000: CEC adapter cec0 registered for HDMI input 0
[   12.988413][    T1] vivid-000: V4L2 capture device registered as video7
[   12.989655][    T1] vivid-000: CEC adapter cec1 registered for HDMI output 0
[   12.990949][    T1] vivid-000: V4L2 output device registered as video8
[   12.992227][    T1] vivid-000: V4L2 capture device registered as vbi0, supports raw and sliced VBI
[   12.993766][    T1] vivid-000: V4L2 output device registered as vbi1, supports raw and sliced VBI
[   12.995338][    T1] vivid-000: V4L2 capture device registered as swradio0
[   12.996584][    T1] vivid-000: V4L2 receiver device registered as radio0
[   12.997801][    T1] vivid-000: V4L2 transmitter device registered as radio1
[   12.999072][    T1] vivid-000: V4L2 metadata capture device registered as video9
[   13.000397][    T1] vivid-000: V4L2 metadata output device registered as video10
[   13.001721][    T1] vivid-000: V4L2 touch capture device registered as v4l-touch0
[   13.003307][    T1] usbcore: registered new interface driver radioshark2
[   13.004567][    T1] usbcore: registered new interface driver radioshark
[   13.005661][    T1] usbcore: registered new interface driver radio-si470x
[   13.006821][    T1] usbcore: registered new interface driver radio-usb-si4713
[   13.007996][    T1] usbcore: registered new interface driver dsbr100
[   13.009037][    T1] usbcore: registered new interface driver radio-keene
[   13.010133][    T1] usbcore: registered new interface driver radio-ma901
[   13.011221][    T1] usbcore: registered new interface driver radio-mr800
[   13.012330][    T1] usbcore: registered new interface driver radio-raremono
[   13.014214][    T1] usbcore: registered new interface driver pcwd_usb
[   13.017356][    T1] device-mapper: core: CONFIG_IMA_DISABLE_HTABLE is disabled. Duplicate IMA measurements will not be recorded in the IMA log.
[   13.019402][    T1] device-mapper: uevent: version 1.0.3
[   13.020933][    T1] device-mapper: ioctl: 4.47.0-ioctl (2022-07-28) initialised: dm-devel@redhat.com
[   13.023159][    T1] device-mapper: multipath round-robin: version 1.2.0 loaded
[   13.024213][    T1] device-mapper: multipath queue-length: version 0.2.0 loaded
[   13.025869][    T1] device-mapper: multipath service-time: version 0.3.0 loaded
[   13.027371][    T1] device-mapper: raid: Loading target version 1.15.1
[   13.029632][    T1] Bluetooth: HCI UART driver ver 2.3
[   13.030366][    T1] Bluetooth: HCI UART protocol H4 registered
[   13.031203][    T1] Bluetooth: HCI UART protocol BCSP registered
[   13.032153][    T1] Bluetooth: HCI UART protocol LL registered
[   13.033072][    T1] Bluetooth: HCI UART protocol Three-wire (H5) registered
[   13.034130][    T1] Bluetooth: HCI UART protocol QCA registered
[   13.035201][    T1] Bluetooth: HCI UART protocol AG6XX registered
[   13.036163][    T1] Bluetooth: HCI UART protocol Marvell registered
[   13.037278][    T1] usbcore: registered new interface driver bcm203x
[   13.038345][    T1] usbcore: registered new interface driver bpa10x
[   13.039409][    T1] usbcore: registered new interface driver bfusb
[   13.040490][    T1] usbcore: registered new interface driver btusb
[   13.041576][    T1] usbcore: registered new interface driver ath3k
[   13.043187][    T1] CAPI 2.0 started up with major 68 (middleware)
[   13.044076][    T1] Modular ISDN core version 1.1.29
[   13.045789][    T1] NET: Registered PF_ISDN protocol family
[   13.046581][    T1] DSP module 2.0
[   13.047075][    T1] mISDN_dsp: DSP clocks every 80 samples. This equals 1 jiffies.
[   13.056309][    T1] mISDN: Layer-1-over-IP driver Rev. 2.00
[   13.057608][    T1] 0 virtual devices registered
[   13.058515][    T1] usbcore: registered new interface driver HFC-S_USB
[   13.059479][    T1] VUB300 Driver rom wait states = 1C irqpoll timeout = 0400
[   13.060222][    T1] usbcore: registered new interface driver vub300
[   13.062318][    T1] usbcore: registered new interface driver ushc
[   13.066265][    T1] iscsi: registered transport (iser)
[   13.068046][    T1] SoftiWARP attached
[   13.075546][    T1] hid: raw HID events driver (C) Jiri Kosina
[   13.086892][    T1] usbcore: registered new interface driver usbhid
[   13.087724][    T1] usbhid: USB HID core driver
[   13.092999][ T2116] kworker/u4:0 (2116) used greatest stack depth: 27168 bytes left
[   13.099642][    T1] usbcore: registered new interface driver es2_ap_driver
[   13.100545][    T1] comedi: version 0.7.76 - http://www.comedi.org
[   13.101552][    T1] usbcore: registered new interface driver dt9812
[   13.102457][    T1] usbcore: registered new interface driver ni6501
[   13.103384][    T1] usbcore: registered new interface driver usbdux
[   13.107530][    T1] usbcore: registered new interface driver usbduxfast
[   13.108507][    T1] usbcore: registered new interface driver usbduxsigma
[   13.109482][    T1] usbcore: registered new interface driver vmk80xx
[   13.110448][    T1] usbcore: registered new interface driver prism2_usb
[   13.111480][    T1] usbcore: registered new interface driver r8712u
[   13.112326][    T1] greybus: registered new driver hid
[   13.113109][    T1] greybus: registered new driver gbphy
[   13.113833][    T1] gb_gbphy: registered new driver usb
[   13.116279][    T1] asus_wmi: ASUS WMI generic driver loaded
[   13.146744][    T1] usbcore: registered new interface driver snd-usb-audio
[   13.147793][    T1] usbcore: registered new interface driver snd-ua101
[   13.148756][    T1] usbcore: registered new interface driver snd-usb-usx2y
[   13.149747][    T1] usbcore: registered new interface driver snd-usb-us122l
[   13.150773][    T1] usbcore: registered new interface driver snd-usb-caiaq
[   13.151785][    T1] usbcore: registered new interface driver snd-usb-6fire
[   13.152801][    T1] usbcore: registered new interface driver snd-usb-hiface
[   13.153776][    T1] usbcore: registered new interface driver snd-bcd2000
[   13.154976][    T1] usbcore: registered new interface driver snd_usb_pod
[   13.155941][    T1] usbcore: registered new interface driver snd_usb_podhd
[   13.156924][    T1] usbcore: registered new interface driver snd_usb_toneport
[   13.157925][    T1] usbcore: registered new interface driver snd_usb_variax
[   13.158914][    T1] drop_monitor: Initializing network drop monitor service
[   13.160044][    T1] NET: Registered PF_LLC protocol family
[   13.160860][    T1] GACT probability on
[   13.161371][    T1] Mirror/redirect action on
[   13.162033][    T1] Simple TC action Loaded
[   13.163760][    T1] netem: version 1.3
[   13.165001][    T1] u32 classifier
[   13.165445][    T1]     Performance counters on
[   13.166008][    T1]     input device check on
[   13.166548][    T1]     Actions configured
[   13.170212][    T1] xt_time: kernel timezone is -0000
[   13.170915][    T1] IPVS: Registered protocols (TCP, UDP, SCTP, AH, ESP)
[   13.172145][    T1] IPVS: Connection hash table configured (size=4096, memory=32Kbytes)
[   13.173448][    T1] IPVS: ipvs loaded.
[   13.173937][    T1] IPVS: [rr] scheduler registered.
[   13.174904][    T1] IPVS: [wrr] scheduler registered.
[   13.175540][    T1] IPVS: [lc] scheduler registered.
[   13.176162][    T1] IPVS: [wlc] scheduler registered.
[   13.176782][    T1] IPVS: [fo] scheduler registered.
[   13.177392][    T1] IPVS: [ovf] scheduler registered.
[   13.178031][    T1] IPVS: [lblc] scheduler registered.
[   13.178672][    T1] IPVS: [lblcr] scheduler registered.
[   13.179318][    T1] IPVS: [dh] scheduler registered.
[   13.179934][    T1] IPVS: [sh] scheduler registered.
[   13.180547][    T1] IPVS: [mh] scheduler registered.
[   13.181158][    T1] IPVS: [sed] scheduler registered.
[   13.181778][    T1] IPVS: [nq] scheduler registered.
[   13.182393][    T1] IPVS: [twos] scheduler registered.
[   13.183173][    T1] IPVS: [sip] pe registered.
[   13.183812][    T1] ipip: IPv4 and MPLS over IPv4 tunneling driver
[   13.185757][    T1] gre: GRE over IPv4 demultiplexor driver
[   13.186434][    T1] ip_gre: GRE over IPv4 tunneling driver
[   13.189882][    T1] IPv4 over IPsec tunneling driver
[   13.191555][    T1] ipt_CLUSTERIP: ClusterIP Version 0.8 loaded successfully
[   13.192978][    T1] Initializing XFRM netlink socket
[   13.193654][    T1] IPsec XFRM device driver
[   13.195551][    T1] NET: Registered PF_INET6 protocol family
[   13.201516][    T1] Segment Routing with IPv6
[   13.202128][    T1] RPL Segment Routing with IPv6
[   13.202854][    T1] In-situ OAM (IOAM) with IPv6
[   13.203795][    T1] mip6: Mobile IPv6
[   13.205873][    T1] sit: IPv6, IPv4 and MPLS over IPv4 tunneling driver
[   13.208827][    T1] ip6_gre: GRE over IPv6 tunneling driver
[   13.210567][    T1] NET: Registered PF_PACKET protocol family
[   13.211291][    T1] NET: Registered PF_KEY protocol family
[   13.212361][    T1] Bridge firewalling registered
[   13.213888][    T1] NET: Registered PF_X25 protocol family
[   13.215396][    T1] X25: Linux Version 0.2
[   13.218969][    T1] NET: Registered PF_NETROM protocol family
[   13.232135][    T1] NET: Registered PF_ROSE protocol family
[   13.233002][    T1] NET: Registered PF_AX25 protocol family
[   13.233747][    T1] can: controller area network core
[   13.235446][    T1] NET: Registered PF_CAN protocol family
[   13.236169][    T1] can: raw protocol
[   13.236679][    T1] can: broadcast manager protocol
[   13.237319][    T1] can: netlink gateway - max_hops=1
[   13.238181][    T1] can: SAE J1939
[   13.238633][    T1] can: isotp protocol
[   13.239510][    T1] Bluetooth: RFCOMM TTY layer initialized
[   13.240253][    T1] Bluetooth: RFCOMM socket layer initialized
[   13.241043][    T1] Bluetooth: RFCOMM ver 1.11
[   13.241643][    T1] Bluetooth: BNEP (Ethernet Emulation) ver 1.3
[   13.242415][    T1] Bluetooth: BNEP filters: protocol multicast
[   13.243182][    T1] Bluetooth: BNEP socket layer initialized
[   13.243918][    T1] Bluetooth: CMTP (CAPI Emulation) ver 1.0
[   13.244713][    T1] Bluetooth: CMTP socket layer initialized
[   13.245452][    T1] Bluetooth: HIDP (Human Interface Emulation) ver 1.2
[   13.246313][    T1] Bluetooth: HIDP socket layer initialized
[   13.249018][    T1] NET: Registered PF_RXRPC protocol family
[   13.249760][    T1] Key type rxrpc registered
[   13.250322][    T1] Key type rxrpc_s registered
[   13.251675][    T1] NET: Registered PF_KCM protocol family
[   13.252627][    T1] lec:lane_module_init: lec.c: initialized
[   13.253372][    T1] mpoa:atm_mpoa_init: mpc.c: initialized
[   13.254124][    T1] l2tp_core: L2TP core driver, V2.0
