bash: warning: setlocale: LC_ALL: cannot change locale (en_US.UTF-8)
c[?7l[2J[0mSeaBIOS (version 1.16.2-debian-1.16.2-1)


iPXE (http://ipxe.org) 00:03.0 CA00 PCI2.10 PnP PMM+7EFCEF00+7EF0EF00 CA00
Press Ctrl-B to configure iPXE (PCI 00:03.0)...                                                                               


Booting from ROM...
c[?7l[2JNo EFI environment detected.
early console in extract_kernel
input_data: 0x0000000004bf13a8
input_len: 0x0000000001980fac
output: 0x0000000001000000
output_len: 0x00000000054fcc44
kernel_total_size: 0x0000000005230000
needed_size: 0x0000000005600000
trampoline_32bit: 0x000000000009d000


KASLR disabled: 'nokaslr' on cmdline.


Decompressing Linux... Parsing ELF... No relocation needed... done.
Booting the kernel (entry_offset: 0x0000000000000000).
[    0.000000] Linux version 6.4.0-04323-g058dcc249a9e-dirty (root@buildkitsandbox) (gcc (Debian 12.2.0-14+deb12u1) 12.2.0, GNU ld (GNU Binutils for Debian) 2.40) #2 SMP PREEMPT_DYNAMIC Fri May  8 11:19:18 UTC 2026
[    0.000000] Command line: console=ttyS0 oops=panic panic=-1 nokaslr earlyprintk=serial
[    0.000000] BIOS-provided physical RAM map:
[    0.000000] BIOS-e820: [mem 0x0000000000000000-0x000000000009fbff] usable
[    0.000000] BIOS-e820: [mem 0x000000000009fc00-0x000000000009ffff] reserved
[    0.000000] BIOS-e820: [mem 0x00000000000f0000-0x00000000000fffff] reserved
[    0.000000] BIOS-e820: [mem 0x0000000000100000-0x000000007ffdffff] usable
[    0.000000] BIOS-e820: [mem 0x000000007ffe0000-0x000000007fffffff] reserved
[    0.000000] BIOS-e820: [mem 0x00000000feffc000-0x00000000feffffff] reserved
[    0.000000] BIOS-e820: [mem 0x00000000fffc0000-0x00000000ffffffff] reserved
[    0.000000] printk: bootconsole [earlyser0] enabled
[    0.000000] NX (Execute Disable) protection: active
[    0.000000] SMBIOS 2.8 present.
[    0.000000] DMI: QEMU Standard PC (i440FX + PIIX, 1996), BIOS 1.16.2-debian-1.16.2-1 04/01/2014
[    0.000000] Hypervisor detected: KVM
[    0.000000] kvm-clock: Using msrs 4b564d01 and 4b564d00
[    0.000002] kvm-clock: using sched offset of 471950800 cycles
[    0.001260] clocksource: kvm-clock: mask: 0xffffffffffffffff max_cycles: 0x1cd42e4dffb, max_idle_ns: 881590591483 ns
[    0.006492] tsc: Detected 2995.200 MHz processor
[    0.008078] last_pfn = 0x7ffe0 max_arch_pfn = 0x400000000
[    0.009191] MTRR map: 4 entries (3 fixed + 1 variable; max 19), built from 8 variable MTRRs
[    0.011146] x86/PAT: Configuration [0-7]: WB  WC  UC- UC  WB  WP  UC- WT  
[    0.018135] found SMP MP-table at [mem 0x000f5ba0-0x000f5baf]
[    0.020660] Using GB pages for direct mapping
[    0.022587] Incomplete global flushes, disabling PCID
[    0.022734] RAMDISK: [mem 0x7fe91000-0x7ffdffff]
[    0.025633] ACPI: Early table checksum verification disabled
[    0.026898] ACPI: RSDP 0x00000000000F59D0 000014 (v00 BOCHS )
[    0.028143] ACPI: RSDT 0x000000007FFE1B33 000034 (v01 BOCHS  BXPC     00000001 BXPC 00000001)
[    0.030524] ACPI: FACP 0x000000007FFE19DF 000074 (v01 BOCHS  BXPC     00000001 BXPC 00000001)
[    0.033793] ACPI: DSDT 0x000000007FFE0040 00199F (v01 BOCHS  BXPC     00000001 BXPC 00000001)
[    0.036843] ACPI: FACS 0x000000007FFE0000 000040
[    0.038517] ACPI: APIC 0x000000007FFE1A53 000080 (v01 BOCHS  BXPC     00000001 BXPC 00000001)
[    0.042296] ACPI: HPET 0x000000007FFE1AD3 000038 (v01 BOCHS  BXPC     00000001 BXPC 00000001)
[    0.044056] ACPI: WAET 0x000000007FFE1B0B 000028 (v01 BOCHS  BXPC     00000001 BXPC 00000001)
[    0.046157] ACPI: Reserving FACP table memory at [mem 0x7ffe19df-0x7ffe1a52]
[    0.048092] ACPI: Reserving DSDT table memory at [mem 0x7ffe0040-0x7ffe19de]
[    0.050464] ACPI: Reserving FACS table memory at [mem 0x7ffe0000-0x7ffe003f]
[    0.053520] ACPI: Reserving APIC table memory at [mem 0x7ffe1a53-0x7ffe1ad2]
[    0.056681] ACPI: Reserving HPET table memory at [mem 0x7ffe1ad3-0x7ffe1b0a]
[    0.058620] ACPI: Reserving WAET table memory at [mem 0x7ffe1b0b-0x7ffe1b32]
[    0.061167] No NUMA configuration found
[    0.062237] Faking a node at [mem 0x0000000000000000-0x000000007ffdffff]
[    0.066211] NODE_DATA(0) allocated [mem 0x7fe8d000-0x7fe90fff]
[    0.070286] Zone ranges:
[    0.071112]   DMA      [mem 0x0000000000001000-0x0000000000ffffff]
[    0.073173]   DMA32    [mem 0x0000000001000000-0x000000007ffdffff]
[    0.075146]   Normal   empty
[    0.075969] Movable zone start for each node
[    0.077093] Early memory node ranges
[    0.078064]   node   0: [mem 0x0000000000001000-0x000000000009efff]
[    0.079754]   node   0: [mem 0x0000000000100000-0x000000007ffdffff]
[    0.081554] Initmem setup node 0 [mem 0x0000000000001000-0x000000007ffdffff]
[    0.086334] On node 0, zone DMA: 1 pages in unavailable ranges
[    0.086383] On node 0, zone DMA: 97 pages in unavailable ranges
[    0.102692] On node 0, zone DMA32: 32 pages in unavailable ranges
[    0.171986] kasan: KernelAddressSanitizer initialized
[    0.175869] ACPI: PM-Timer IO Port: 0x608
[    0.178298] ACPI: LAPIC_NMI (acpi_id[0xff] dfl dfl lint[0x1])
[    0.181143] IOAPIC[0]: apic_id 0, version 17, address 0xfec00000, GSI 0-23
[    0.184490] ACPI: INT_SRC_OVR (bus 0 bus_irq 0 global_irq 2 dfl dfl)
[    0.187018] ACPI: INT_SRC_OVR (bus 0 bus_irq 5 global_irq 5 high level)
[    0.188918] ACPI: INT_SRC_OVR (bus 0 bus_irq 9 global_irq 9 high level)
[    0.190783] ACPI: INT_SRC_OVR (bus 0 bus_irq 10 global_irq 10 high level)
[    0.192772] ACPI: INT_SRC_OVR (bus 0 bus_irq 11 global_irq 11 high level)
[    0.194981] ACPI: Using ACPI (MADT) for SMP configuration information
[    0.197290] ACPI: HPET id: 0x8086a201 base: 0xfed00000
[    0.199848] TSC deadline timer available
[    0.201153] smpboot: Allowing 2 CPUs, 0 hotplug CPUs
[    0.202822] kvm-guest: KVM setup pv remote TLB flush
[    0.204428] kvm-guest: setup PV sched yield
[    0.205966] PM: hibernation: Registered nosave memory: [mem 0x00000000-0x00000fff]
[    0.208535] PM: hibernation: Registered nosave memory: [mem 0x0009f000-0x0009ffff]
[    0.210858] PM: hibernation: Registered nosave memory: [mem 0x000a0000-0x000effff]
[    0.213179] PM: hibernation: Registered nosave memory: [mem 0x000f0000-0x000fffff]
[    0.215518] [mem 0x80000000-0xfeffbfff] available for PCI devices
[    0.217553] Booting paravirtualized kernel on KVM
[    0.219354] clocksource: refined-jiffies: mask: 0xffffffff max_cycles: 0xffffffff, max_idle_ns: 1910969940391419 ns
[    0.235541] setup_percpu: NR_CPUS:64 nr_cpumask_bits:2 nr_cpu_ids:2 nr_node_ids:1
[    0.238298] percpu: Embedded 66 pages/cpu s232104 r8192 d30040 u1048576
[    0.241920] Kernel command line: console=ttyS0 oops=panic panic=-1 nokaslr earlyprintk=serial
[    0.245020] Unknown kernel command line parameters "nokaslr", will be passed to user space.
[    0.249664] random: crng init done
[    0.251026] Dentry cache hash table entries: 262144 (order: 9, 2097152 bytes, linear)
[    0.253748] Inode-cache hash table entries: 131072 (order: 8, 1048576 bytes, linear)
[    0.256035] Fallback order for Node 0: 0 
[    0.256045] Built 1 zonelists, mobility grouping on.  Total pages: 515808
[    0.261116] Policy zone: DMA32
[    0.262222] mem auto-init: stack:all(zero), heap alloc:off, heap free:off
[    0.265024] stackdepot: allocating hash table via alloc_large_system_hash
[    0.268525] stackdepot hash table entries: 1048576 (order: 11, 8388608 bytes, linear)
[    0.293087] Memory: 1692956K/2096632K available (49152K kernel code, 7928K rwdata, 10016K rodata, 5604K init, 3084K bss, 403420K reserved, 0K cma-reserved)
[    0.297940] SLUB: HWalign=64, Order=0-3, MinObjects=0, CPUs=2, Nodes=1
Poking KASLR using RDRAND RDTSC...
[    0.301594] Dynamic Preempt: voluntary
[    0.303227] rcu: Preemptible hierarchical RCU implementation.
[    0.304562] rcu: 	RCU event tracing is enabled.
[    0.305601] rcu: 	RCU restricting CPUs from NR_CPUS=64 to nr_cpu_ids=2.
[    0.307677] 	Trampoline variant of Tasks RCU enabled.
[    0.312836] rcu: RCU calculated value of scheduler-enlistment delay is 100 jiffies.
[    0.316033] rcu: Adjusting geometry for rcu_fanout_leaf=16, nr_cpu_ids=2
[    0.327799] NR_IRQS: 4352, nr_irqs: 440, preallocated irqs: 16
[    0.329908] rcu: srcu_init: Setting srcu_struct sizes based on contention.
[    0.339862] Console: colour VGA+ 80x25
[    0.340742] printk: console [ttyS0] enabled
[    0.340742] printk: console [ttyS0] enabled
[    0.342657] printk: bootconsole [earlyser0] disabled
[    0.342657] printk: bootconsole [earlyser0] disabled
[    0.345907] ACPI: Core revision 20230331
[    0.347722] clocksource: hpet: mask: 0xffffffff max_cycles: 0xffffffff, max_idle_ns: 19112604467 ns
[    0.350557] APIC: Switch to symmetric I/O mode setup
[    0.352068] kvm-guest: setup PV IPIs
[    0.355389] ..TIMER: vector=0x30 apic1=0 pin1=2 apic2=-1 pin2=-1
[    0.357758] clocksource: tsc-early: mask: 0xffffffffffffffff max_cycles: 0x2b2c8ec87c7, max_idle_ns: 440795278598 ns
[    0.360644] Calibrating delay loop (skipped) preset value.. 5990.40 BogoMIPS (lpj=2995200)
[    0.362206] x86/cpu: User Mode Instruction Prevention (UMIP) activated
[    0.363953] Last level iTLB entries: 4KB 0, 2MB 0, 4MB 0
[    0.364645] Last level dTLB entries: 4KB 0, 2MB 0, 4MB 0, 1GB 0
[    0.365669] Spectre V1 : Mitigation: usercopy/swapgs barriers and __user pointer sanitization
[    0.366650] Spectre V2 : Mitigation: Enhanced / Automatic IBRS
[    0.367642] Spectre V2 : Spectre v2 / SpectreRSB mitigation: Filling RSB on context switch
[    0.368642] Spectre V2 : Spectre v2 / PBRSB-eIBRS: Retire a single CALL on VMEXIT
[    0.369643] RETBleed: Mitigation: Enhanced IBRS
[    0.370647] Spectre V2 : mitigation: Enabling conditional Indirect Branch Prediction Barrier
[    0.371646] Speculative Store Bypass: Mitigation: Speculative Store Bypass disabled via prctl
[    0.372644] MMIO Stale Data: Unknown: No mitigations
[    0.373692] x86/fpu: Supporting XSAVE feature 0x001: 'x87 floating point registers'
[    0.374642] x86/fpu: Supporting XSAVE feature 0x002: 'SSE registers'
[    0.375642] x86/fpu: Supporting XSAVE feature 0x004: 'AVX registers'
[    0.376642] x86/fpu: xstate_offset[2]:  576, xstate_sizes[2]:  256
[    0.377642] x86/fpu: Enabled xstate features 0x7, context size is 832 bytes, using 'compacted' format.
[    0.397830] Freeing SMP alternatives memory: 44K
[    0.398642] pid_max: default: 32768 minimum: 301
[    0.399714] LSM: initializing lsm=capability,selinux,integrity
[    0.400665] SELinux:  Initializing.
[    0.401730] Mount-cache hash table entries: 4096 (order: 3, 32768 bytes, linear)
[    0.402646] Mountpoint-cache hash table entries: 4096 (order: 3, 32768 bytes, linear)
[    0.405091] smpboot: CPU0: 13th Gen Intel(R) Core(TM) i9-13900H (family: 0x6, model: 0xba, stepping: 0x2)
[    0.405855] RCU Tasks: Setting shift to 1 and lim to 1 rcu_task_cb_adjust=1.
[    0.406694] Performance Events: unsupported p6 CPU model 186 no PMU driver, software events only.
[    0.407710] signal: max sigframe size: 1776
[    0.408719] rcu: Hierarchical SRCU implementation.
[    0.409649] rcu: 	Max phase no-delay instances is 400.
[    0.411397] smp: Bringing up secondary CPUs ...
[    0.411867] smpboot: x86: Booting SMP configuration:
[    0.412647] .... node  #0, CPUs:      #1
[    0.413810] smp: Brought up 1 node, 2 CPUs
[    0.415662] smpboot: Max logical packages: 1
[    0.416649] smpboot: Total of 2 processors activated (11980.80 BogoMIPS)
[    0.418998] devtmpfs: initialized
[    0.421811] clocksource: jiffies: mask: 0xffffffff max_cycles: 0xffffffff, max_idle_ns: 1911260446275000 ns
[    0.422651] futex hash table entries: 512 (order: 3, 32768 bytes, linear)
[    0.423902] PM: RTC time: 11:20:04, date: 2026-05-08
[    0.425005] NET: Registered PF_NETLINK/PF_ROUTE protocol family
[    0.426383] audit: initializing netlink subsys (disabled)
[    0.426847] audit: type=2000 audit(1778239204.866:1): state=initialized audit_enabled=0 res=1
[    0.427062] thermal_sys: Registered thermal governor 'step_wise'
[    0.427651] thermal_sys: Registered thermal governor 'user_space'
[    0.428678] cpuidle: using governor menu
[    0.431085] PCI: Using configuration type 1 for base access
[    0.431836] kprobes: kprobe jump-optimization is enabled. All kprobes are optimized if possible.
[    0.433847] HugeTLB: registered 2.00 MiB page size, pre-allocated 0 pages
[    0.433847] HugeTLB: 28 KiB vmemmap can be freed for a 2.00 MiB page
[    0.435951] ACPI: Added _OSI(Module Device)
[    0.436650] ACPI: Added _OSI(Processor Device)
[    0.438645] ACPI: Added _OSI(3.0 _SCP Extensions)
[    0.439645] ACPI: Added _OSI(Processor Aggregator Device)
[    0.448899] ACPI: 1 ACPI AML tables successfully acquired and loaded
[    0.512847] ACPI: Interpreter enabled
[    0.513694] ACPI: PM: (supports S0 S3 S4 S5)
[    0.514647] ACPI: Using IOAPIC for interrupt routing
[    0.515703] PCI: Using host bridge windows from ACPI; if necessary, use "pci=nocrs" and report a bug
[    0.516648] PCI: Using E820 reservations for host bridge windows
[    0.518474] ACPI: Enabled 2 GPEs in block 00 to 0F
[    0.532189] ACPI: PCI Root Bridge [PCI0] (domain 0000 [bus 00-ff])
[    0.532673] acpi PNP0A03:00: _OSC: OS supports [ASPM ClockPM Segments MSI HPX-Type3]
[    0.533646] acpi PNP0A03:00: _OSC: not requesting OS control; OS requires [ExtendedConfig ASPM ClockPM MSI]
[    0.534719] acpi PNP0A03:00: fail to add MMCONFIG information, can't access extended configuration space under this bridge
[    0.535921] PCI host bridge to bus 0000:00
[    0.536655] pci_bus 0000:00: root bus resource [io  0x0000-0x0cf7 window]
[    0.537653] pci_bus 0000:00: root bus resource [io  0x0d00-0xffff window]
[    0.538654] pci_bus 0000:00: root bus resource [mem 0x000a0000-0x000bffff window]
[    0.539651] pci_bus 0000:00: root bus resource [mem 0x80000000-0xfebfffff window]
[    0.540647] pci_bus 0000:00: root bus resource [mem 0x100000000-0x17fffffff window]
[    0.541648] pci_bus 0000:00: root bus resource [bus 00-ff]
[    0.542784] pci 0000:00:00.0: [8086:1237] type 00 class 0x060000
[    0.552263] pci 0000:00:01.0: [8086:7000] type 00 class 0x060100
[    0.564972] pci 0000:00:01.1: [8086:7010] type 00 class 0x010180
[    0.568051] pci 0000:00:01.1: reg 0x20: [io  0xc040-0xc04f]
[    0.569495] pci 0000:00:01.1: legacy IDE quirk: reg 0x10: [io  0x01f0-0x01f7]
[    0.569655] pci 0000:00:01.1: legacy IDE quirk: reg 0x14: [io  0x03f6]
[    0.570742] pci 0000:00:01.1: legacy IDE quirk: reg 0x18: [io  0x0170-0x0177]
[    0.571728] pci 0000:00:01.1: legacy IDE quirk: reg 0x1c: [io  0x0376]
[    0.573638] pci 0000:00:01.3: [8086:7113] type 00 class 0x068000
[    0.576338] pci 0000:00:01.3: quirk: [io  0x0600-0x063f] claimed by PIIX4 ACPI
[    0.576671] pci 0000:00:01.3: quirk: [io  0x0700-0x070f] claimed by PIIX4 SMB
[    0.578531] pci 0000:00:02.0: [1234:1111] type 00 class 0x030000
[    0.580389] pci 0000:00:02.0: reg 0x10: [mem 0xfd000000-0xfdffffff pref]
[    0.583717] pci 0000:00:02.0: reg 0x18: [mem 0xfebf0000-0xfebf0fff]
[    0.589403] pci 0000:00:02.0: reg 0x30: [mem 0xfebe0000-0xfebeffff pref]
[    0.590047] pci 0000:00:02.0: Video device with shadowed ROM at [mem 0x000c0000-0x000dffff]
[    0.598342] pci 0000:00:03.0: [8086:100e] type 00 class 0x020000
[    0.600360] pci 0000:00:03.0: reg 0x10: [mem 0xfebc0000-0xfebdffff]
[    0.601689] pci 0000:00:03.0: reg 0x14: [io  0xc000-0xc03f]
[    0.608531] pci 0000:00:03.0: reg 0x30: [mem 0xfeb80000-0xfebbffff pref]
[    0.617486] ACPI: PCI: Interrupt link LNKA configured for IRQ 10
[    0.618274] ACPI: PCI: Interrupt link LNKB configured for IRQ 10
[    0.619260] ACPI: PCI: Interrupt link LNKC configured for IRQ 11
[    0.620222] ACPI: PCI: Interrupt link LNKD configured for IRQ 11
[    0.620902] ACPI: PCI: Interrupt link LNKS configured for IRQ 9
[    0.623262] iommu: Default domain type: Translated 
[    0.623647] iommu: DMA domain TLB invalidation policy: lazy mode 
[    0.625638] SCSI subsystem initialized
[    0.625858] ACPI: bus type USB registered
[    0.626638] usbcore: registered new interface driver usbfs
[    0.628672] usbcore: registered new interface driver hub
[    0.629984] usbcore: registered new device driver usb
[    0.633186] pps_core: LinuxPPS API ver. 1 registered
[    0.634658] pps_core: Software ver. 5.3.6 - Copyright 2005-2007 Rodolfo Giometti <giometti@linux.it>
[    0.637028] PTP clock support registered
[    0.639864] Advanced Linux Sound Architecture Driver Initialized.
[    0.642474] NetLabel: Initializing
[    0.643668] NetLabel:  domain hash size = 128
[    0.644645] NetLabel:  protocols = UNLABELED CIPSOv4 CALIPSO
[    0.646057] NetLabel:  unlabeled traffic allowed by default
[    0.648765] PCI: Using ACPI for IRQ routing
[    0.650706] pci 0000:00:02.0: vgaarb: setting as boot VGA device
[    0.651638] pci 0000:00:02.0: vgaarb: bridge control possible
[    0.651638] pci 0000:00:02.0: vgaarb: VGA device added: decodes=io+mem,owns=io+mem,locks=none
[    0.655684] vgaarb: loaded
[    0.657110] hpet0: at MMIO 0xfed00000, IRQs 2, 8, 0
[    0.657666] hpet0: 3 comparators, 64-bit 100.000000 MHz counter
[    0.663127] clocksource: Switched to clocksource kvm-clock
[    0.665116] VFS: Disk quotas dquot_6.6.0
[    0.666348] VFS: Dquot-cache hash table entries: 512 (order 0, 4096 bytes)
[    0.669020] pnp: PnP ACPI init
[    0.671812] pnp: PnP ACPI: found 6 devices
[    0.680999] clocksource: acpi_pm: mask: 0xffffff max_cycles: 0xffffff, max_idle_ns: 2085701024 ns
[    0.683517] NET: Registered PF_INET protocol family
[    0.685354] IP idents hash table entries: 32768 (order: 6, 262144 bytes, linear)
[    0.689531] tcp_listen_portaddr_hash hash table entries: 1024 (order: 2, 16384 bytes, linear)
[    0.692011] Table-perturb hash table entries: 65536 (order: 6, 262144 bytes, linear)
[    0.694229] TCP established hash table entries: 16384 (order: 5, 131072 bytes, linear)
[    0.696547] TCP bind hash table entries: 16384 (order: 7, 524288 bytes, linear)
[    0.699054] TCP: Hash tables configured (established 16384 bind 16384)
[    0.701426] UDP hash table entries: 1024 (order: 3, 32768 bytes, linear)
[    0.703778] UDP-Lite hash table entries: 1024 (order: 3, 32768 bytes, linear)
[    0.706524] NET: Registered PF_UNIX/PF_LOCAL protocol family
[    0.708559] RPC: Registered named UNIX socket transport module.
[    0.710277] RPC: Registered udp transport module.
[    0.711645] RPC: Registered tcp transport module.
[    0.713027] RPC: Registered tcp NFSv4.1 backchannel transport module.
[    0.715716] pci_bus 0000:00: resource 4 [io  0x0000-0x0cf7 window]
[    0.717563] pci_bus 0000:00: resource 5 [io  0x0d00-0xffff window]
[    0.720616] pci_bus 0000:00: resource 6 [mem 0x000a0000-0x000bffff window]
[    0.722856] pci_bus 0000:00: resource 7 [mem 0x80000000-0xfebfffff window]
[    0.724989] pci_bus 0000:00: resource 8 [mem 0x100000000-0x17fffffff window]
[    0.727270] pci 0000:00:01.0: PIIX3: Enabling Passive Release
[    0.729089] pci 0000:00:00.0: Limiting direct PCI/PCI transfers
[    0.731086] PCI: CLS 0 bytes, default 64
[    0.732934] Unpacking initramfs...
[    0.736063] RAPL PMU: API unit is 2^-32 Joules, 0 fixed counters, 10737418240 ms ovfl timer
[    0.739773] clocksource: tsc: mask: 0xffffffffffffffff max_cycles: 0x2b2c8ec87c7, max_idle_ns: 440795278598 ns
[    0.748915] Initialise system trusted keyrings
[    0.750390] workingset: timestamp_bits=56 max_order=19 bucket_order=0
[    0.752628] NFS: Registering the id_resolver key type
[    0.754189] Key type id_resolver registered
[    0.755320] Key type id_legacy registered
[    0.756531] 9p: Installing v9fs 9p2000 file system support
[    0.758619] Freeing initrd memory: 1340K
[    0.765100] Key type asymmetric registered
[    0.766898] Asymmetric key parser 'x509' registered
[    0.768607] Block layer SCSI generic (bsg) driver version 0.4 loaded (major 251)
[    0.770978] io scheduler mq-deadline registered
[    0.772245] io scheduler kyber registered
[    0.773982] input: Power Button as /devices/LNXSYSTM:00/LNXPWRBN:00/input/input0
[    0.776806] ACPI: button: Power Button [PWRF]
[    0.779113] Serial: 8250/16550 driver, 4 ports, IRQ sharing enabled
[    0.783231] 00:04: ttyS0 at I/O 0x3f8 (irq = 4, base_baud = 115200) is a 16550A
[    0.788420] Non-volatile memory driver v1.3
[    0.789722] Linux agpgart interface v0.103
[    0.791175] ACPI: bus type drm_connector registered
[    0.797555] loop: module loaded
[    0.802434] scsi host0: ata_piix
[    0.804139] scsi host1: ata_piix
[    0.805254] ata1: PATA max MWDMA2 cmd 0x1f0 ctl 0x3f6 bmdma 0xc040 irq 14
[    0.807474] ata2: PATA max MWDMA2 cmd 0x170 ctl 0x376 bmdma 0xc048 irq 15
[    0.811334] e100: Intel(R) PRO/100 Network Driver
[    0.812732] e100: Copyright(c) 1999-2006 Intel Corporation
[    0.814514] e1000: Intel(R) PRO/1000 Network Driver
[    0.815959] e1000: Copyright (c) 1999-2006 Intel Corporation.
[    0.965202] ata2: found unknown device (class 0)
[    0.967502] ata2.00: ATAPI: QEMU DVD-ROM, 2.5+, max UDMA/100
[    0.970622] scsi 1:0:0:0: CD-ROM            QEMU     QEMU DVD-ROM     2.5+ PQ: 0 ANSI: 5
[    0.987893] sr 1:0:0:0: [sr0] scsi3-mmc drive: 4x/4x cd/rw xa/form2 tray
[    0.989385] cdrom: Uniform CD-ROM driver Revision: 3.20
[    1.254403] ACPI: \_SB_.LNKC: Enabled at IRQ 11
[    1.618843] e1000 0000:00:03.0 eth0: (PCI:33MHz:32-bit) 52:54:00:12:34:56
[    1.622067] e1000 0000:00:03.0 eth0: Intel(R) PRO/1000 Network Connection
[    1.623772] e1000e: Intel(R) PRO/1000 Network Driver
[    1.624976] e1000e: Copyright(c) 1999 - 2015 Intel Corporation.
[    1.626443] sky2: driver version 1.30
[    1.627874] usbcore: registered new interface driver usblp
[    1.629250] usbcore: registered new interface driver usb-storage
[    1.631087] i8042: PNP: PS/2 Controller [PNP0303:KBD,PNP0f13:MOU] at 0x60,0x64 irq 1,12
[    1.635238] serio: i8042 KBD port at 0x60,0x64 irq 1
[    1.636990] serio: i8042 AUX port at 0x60,0x64 irq 12
[    1.639755] input: AT Translated Set 2 keyboard as /devices/platform/i8042/serio0/input/input1
[    1.640016] rtc_cmos 00:05: RTC can wake from S4
[    1.644485] rtc_cmos 00:05: registered as rtc0
[    1.645874] rtc_cmos 00:05: alarms up to one day, y3k, 242 bytes nvram, hpet irqs
[    1.648892] device-mapper: ioctl: 4.48.0-ioctl (2023-03-01) initialised: dm-devel@redhat.com
[    1.657168] intel_pstate: CPU model not supported
[    1.658940] hid: raw HID events driver (C) Jiri Kosina
[    1.663613] usbcore: registered new interface driver usbhid
[    1.665154] usbhid: USB HID core driver
[    1.668329] Initializing XFRM netlink socket
[    1.669828] NET: Registered PF_INET6 protocol family
[    1.672292] Segment Routing with IPv6
[    1.673954] In-situ OAM (IOAM) with IPv6
[    1.675173] sit: IPv6, IPv4 and MPLS over IPv4 tunneling driver
[    1.677033] NET: Registered PF_PACKET protocol family
[    1.678185] 9pnet: Installing 9P2000 support
[    1.679254] Key type dns_resolver registered
[    1.680851] IPI shorthand broadcast: enabled
[    1.691263] sched_clock: Marking stable (1666035384, 24747482)->(1842826515, -152043649)
[    1.695316] registered taskstats version 1
[    1.696413] Loading compiled-in X.509 certificates
[    1.706596] PM:   Magic number: 10:32:327
[    1.707867] printk: console [netcon0] enabled
[    1.708892] netconsole: network logging started
[    1.710840] cfg80211: Loading compiled-in X.509 certificates for regulatory database
[    1.713738] kworker/u4:1 (51) used greatest stack depth: 29536 bytes left
[    1.715537] kworker/u4:1 (52) used greatest stack depth: 29408 bytes left
[    1.716029] Loaded X.509 cert 'sforshee: 00b28ddf47aef9cea7'
[    1.718906] platform regulatory.0: Direct firmware load for regulatory.db failed with error -2
[    1.721053] cfg80211: failed to load regulatory.db
[    1.721104] ALSA device list:
[    1.722912]   No soundcards found.
[    1.724890] Freeing unused kernel image (initmem) memory: 5604K
[    1.731941] Write protecting the kernel read-only data: 59392k
[    1.733368] Freeing unused kernel image (rodata/data gap) memory: 224K
[    1.743999] x86/mm: Checked W+X mappings: passed, no W+X pages found.
[    1.745265] Run /init as init process
[    1.747853] mount (55) used greatest stack depth: 28760 bytes left

secb: rootfs ready
---- poc begin ----
[*] CVE-2023-52926 PoC starting
[*] poc finished without KASAN catch
[    1.762867] poc (61) used greatest stack depth: 27888 bytes left
---- poc end rc=0 ----
secb: poc exited without crashing the kernel
[    2.302677] input: ImExPS/2 Generic Explorer Mouse as /devices/platform/i8042/serio1/input/input3
[    3.118202] ACPI: PM: Preparing to enter system sleep state S5
[    3.119256] reboot: Power down
NO_CRASH_DETECTED
