bash: warning: setlocale: LC_ALL: cannot change locale (en_US.UTF-8)
c[?7l[2J[0mSeaBIOS (version 1.16.2-debian-1.16.2-1)


iPXE (http://ipxe.org) 00:03.0 CA00 PCI2.10 PnP PMM+7EFCEF00+7EF0EF00 CA00
Press Ctrl-B to configure iPXE (PCI 00:03.0)...                                                                               


Booting from ROM...
c[?7l[2JNo EFI environment detected.
early console in extract_kernel
input_data: 0x0000000004bf13a8
input_len: 0x0000000001980cb2
output: 0x0000000001000000
output_len: 0x00000000054fcc44
kernel_total_size: 0x0000000005230000
needed_size: 0x0000000005600000
trampoline_32bit: 0x000000000009d000


KASLR disabled: 'nokaslr' on cmdline.


Decompressing Linux... Parsing ELF... No relocation needed... done.
Booting the kernel (entry_offset: 0x0000000000000000).
[    0.000000] Linux version 6.4.0-04322-gc451410ca7e3-dirty (root@buildkitsandbox) (gcc (Debian 12.2.0-14+deb12u1) 12.2.0, GNU ld (GNU Binutils for Debian) 2.40) #1 SMP PREEMPT_DYNAMIC Fri May  8 11:17:37 UTC 2026
[    0.000000] Command line: console=ttyS0 oops=panic panic=-1 nokaslr earlyprintk=serial
[    0.000000] BIOS-provided physical RAM map:
[    0.000000] BIOS-e820: [mem 0x0000000000000000-0x000000000009fbff] usable
[    0.000000] BIOS-e820: [mem 0x000000000009fc00-0x000000000009ffff] reserved
[    0.000000] BIOS-e820: [mem 0x00000000000f0000-0x00000000000fffff] reserved
[    0.000000] BIOS-e820: [mem 0x0000000000100000-0x000000007ffdffff] usable
[    0.000000] BIOS-e820: [mem 0x000000007ffe0000-0x000000007fffffff] reserved
[    0.000000] BIOS-e820: [mem 0x00000000feffc000-0x00000000feffffff] reserved
[    0.000000] BIOS-e820: [mem 0x00000000fffc0000-0x00000000ffffffff] reserved
[    0.000000] printk: bootconsole [earlyser0] enabled
[    0.000000] NX (Execute Disable) protection: active
[    0.000000] SMBIOS 2.8 present.
[    0.000000] DMI: QEMU Standard PC (i440FX + PIIX, 1996), BIOS 1.16.2-debian-1.16.2-1 04/01/2014
[    0.000000] Hypervisor detected: KVM
[    0.000000] kvm-clock: Using msrs 4b564d01 and 4b564d00
[    0.000002] kvm-clock: using sched offset of 465594066 cycles
[    0.001701] clocksource: kvm-clock: mask: 0xffffffffffffffff max_cycles: 0x1cd42e4dffb, max_idle_ns: 881590591483 ns
[    0.007693] tsc: Detected 2995.200 MHz processor
[    0.009742] last_pfn = 0x7ffe0 max_arch_pfn = 0x400000000
[    0.011565] MTRR map: 4 entries (3 fixed + 1 variable; max 19), built from 8 variable MTRRs
[    0.014802] x86/PAT: Configuration [0-7]: WB  WC  UC- UC  WB  WP  UC- WT  
[    0.024022] found SMP MP-table at [mem 0x000f5ba0-0x000f5baf]
[    0.026505] Using GB pages for direct mapping
[    0.028208] Incomplete global flushes, disabling PCID
[    0.028501] RAMDISK: [mem 0x7fe91000-0x7ffdffff]
[    0.032412] ACPI: Early table checksum verification disabled
[    0.034360] ACPI: RSDP 0x00000000000F59D0 000014 (v00 BOCHS )
[    0.038684] ACPI: RSDT 0x000000007FFE1B33 000034 (v01 BOCHS  BXPC     00000001 BXPC 00000001)
[    0.041516] ACPI: FACP 0x000000007FFE19DF 000074 (v01 BOCHS  BXPC     00000001 BXPC 00000001)
[    0.044165] ACPI: DSDT 0x000000007FFE0040 00199F (v01 BOCHS  BXPC     00000001 BXPC 00000001)
[    0.046826] ACPI: FACS 0x000000007FFE0000 000040
[    0.048395] ACPI: APIC 0x000000007FFE1A53 000080 (v01 BOCHS  BXPC     00000001 BXPC 00000001)
[    0.052746] ACPI: HPET 0x000000007FFE1AD3 000038 (v01 BOCHS  BXPC     00000001 BXPC 00000001)
[    0.056139] ACPI: WAET 0x000000007FFE1B0B 000028 (v01 BOCHS  BXPC     00000001 BXPC 00000001)
[    0.059279] ACPI: Reserving FACP table memory at [mem 0x7ffe19df-0x7ffe1a52]
[    0.061531] ACPI: Reserving DSDT table memory at [mem 0x7ffe0040-0x7ffe19de]
[    0.063766] ACPI: Reserving FACS table memory at [mem 0x7ffe0000-0x7ffe003f]
[    0.065844] ACPI: Reserving APIC table memory at [mem 0x7ffe1a53-0x7ffe1ad2]
[    0.068141] ACPI: Reserving HPET table memory at [mem 0x7ffe1ad3-0x7ffe1b0a]
[    0.070417] ACPI: Reserving WAET table memory at [mem 0x7ffe1b0b-0x7ffe1b32]
[    0.073427] No NUMA configuration found
[    0.074698] Faking a node at [mem 0x0000000000000000-0x000000007ffdffff]
[    0.077120] NODE_DATA(0) allocated [mem 0x7fe8d000-0x7fe90fff]
[    0.079157] Zone ranges:
[    0.080005]   DMA      [mem 0x0000000000001000-0x0000000000ffffff]
[    0.082363]   DMA32    [mem 0x0000000001000000-0x000000007ffdffff]
[    0.084390]   Normal   empty
[    0.085361] Movable zone start for each node
[    0.086698] Early memory node ranges
[    0.088056]   node   0: [mem 0x0000000000001000-0x000000000009efff]
[    0.090305]   node   0: [mem 0x0000000000100000-0x000000007ffdffff]
[    0.092372] Initmem setup node 0 [mem 0x0000000000001000-0x000000007ffdffff]
[    0.096403] On node 0, zone DMA: 1 pages in unavailable ranges
[    0.096464] On node 0, zone DMA: 97 pages in unavailable ranges
[    0.117027] On node 0, zone DMA32: 32 pages in unavailable ranges
[    0.346048] kasan: KernelAddressSanitizer initialized
[    0.350339] ACPI: PM-Timer IO Port: 0x608
[    0.351386] ACPI: LAPIC_NMI (acpi_id[0xff] dfl dfl lint[0x1])
[    0.353002] IOAPIC[0]: apic_id 0, version 17, address 0xfec00000, GSI 0-23
[    0.354766] ACPI: INT_SRC_OVR (bus 0 bus_irq 0 global_irq 2 dfl dfl)
[    0.357870] ACPI: INT_SRC_OVR (bus 0 bus_irq 5 global_irq 5 high level)
[    0.360515] ACPI: INT_SRC_OVR (bus 0 bus_irq 9 global_irq 9 high level)
[    0.362873] ACPI: INT_SRC_OVR (bus 0 bus_irq 10 global_irq 10 high level)
[    0.365347] ACPI: INT_SRC_OVR (bus 0 bus_irq 11 global_irq 11 high level)
[    0.367031] ACPI: Using ACPI (MADT) for SMP configuration information
[    0.368562] ACPI: HPET id: 0x8086a201 base: 0xfed00000
[    0.369761] TSC deadline timer available
[    0.370616] smpboot: Allowing 2 CPUs, 0 hotplug CPUs
[    0.371876] kvm-guest: KVM setup pv remote TLB flush
[    0.373669] kvm-guest: setup PV sched yield
[    0.375153] PM: hibernation: Registered nosave memory: [mem 0x00000000-0x00000fff]
[    0.378041] PM: hibernation: Registered nosave memory: [mem 0x0009f000-0x0009ffff]
[    0.381757] PM: hibernation: Registered nosave memory: [mem 0x000a0000-0x000effff]
[    0.384505] PM: hibernation: Registered nosave memory: [mem 0x000f0000-0x000fffff]
[    0.386328] [mem 0x80000000-0xfeffbfff] available for PCI devices
[    0.387891] Booting paravirtualized kernel on KVM
[    0.389010] clocksource: refined-jiffies: mask: 0xffffffff max_cycles: 0xffffffff, max_idle_ns: 1910969940391419 ns
[    0.403090] setup_percpu: NR_CPUS:64 nr_cpumask_bits:2 nr_cpu_ids:2 nr_node_ids:1
[    0.409499] percpu: Embedded 66 pages/cpu s232104 r8192 d30040 u1048576
[    0.412290] Kernel command line: console=ttyS0 oops=panic panic=-1 nokaslr earlyprintk=serial
[    0.416435] Unknown kernel command line parameters "nokaslr", will be passed to user space.
[    0.418535] random: crng init done
[    0.422372] Dentry cache hash table entries: 262144 (order: 9, 2097152 bytes, linear)
[    0.427664] Inode-cache hash table entries: 131072 (order: 8, 1048576 bytes, linear)
[    0.431070] Fallback order for Node 0: 0 
[    0.431075] Built 1 zonelists, mobility grouping on.  Total pages: 515808
[    0.435550] Policy zone: DMA32
[    0.436931] mem auto-init: stack:all(zero), heap alloc:off, heap free:off
[    0.438313] stackdepot: allocating hash table via alloc_large_system_hash
[    0.455227] stackdepot hash table entries: 1048576 (order: 11, 8388608 bytes, linear)
[    0.476665] Memory: 1692956K/2096632K available (49152K kernel code, 7928K rwdata, 10016K rodata, 5604K init, 3084K bss, 403420K reserved, 0K cma-reserved)
[    0.479719] SLUB: HWalign=64, Order=0-3, MinObjects=0, CPUs=2, Nodes=1
Poking KASLR using RDRAND RDTSC...
[    0.484252] Dynamic Preempt: voluntary
[    0.489203] rcu: Preemptible hierarchical RCU implementation.
[    0.492306] rcu: 	RCU event tracing is enabled.
[    0.493491] rcu: 	RCU restricting CPUs from NR_CPUS=64 to nr_cpu_ids=2.
[    0.494970] 	Trampoline variant of Tasks RCU enabled.
[    0.496104] rcu: RCU calculated value of scheduler-enlistment delay is 100 jiffies.
[    0.497810] rcu: Adjusting geometry for rcu_fanout_leaf=16, nr_cpu_ids=2
[    0.508248] NR_IRQS: 4352, nr_irqs: 440, preallocated irqs: 16
[    0.510974] rcu: srcu_init: Setting srcu_struct sizes based on contention.
[    0.520665] Console: colour VGA+ 80x25
[    0.521713] printk: console [ttyS0] enabled
[    0.521713] printk: console [ttyS0] enabled
[    0.524729] printk: bootconsole [earlyser0] disabled
[    0.524729] printk: bootconsole [earlyser0] disabled
[    0.528572] ACPI: Core revision 20230331
[    0.530139] clocksource: hpet: mask: 0xffffffff max_cycles: 0xffffffff, max_idle_ns: 19112604467 ns
[    0.533002] APIC: Switch to symmetric I/O mode setup
[    0.534048] kvm-guest: setup PV IPIs
[    0.536965] ..TIMER: vector=0x30 apic1=0 pin1=2 apic2=-1 pin2=-1
[    0.538371] clocksource: tsc-early: mask: 0xffffffffffffffff max_cycles: 0x2b2c8ec87c7, max_idle_ns: 440795278598 ns
[    0.542603] Calibrating delay loop (skipped) preset value.. 5990.40 BogoMIPS (lpj=2995200)
[    0.545008] x86/cpu: User Mode Instruction Prevention (UMIP) activated
[    0.545891] Last level iTLB entries: 4KB 0, 2MB 0, 4MB 0
[    0.546602] Last level dTLB entries: 4KB 0, 2MB 0, 4MB 0, 1GB 0
[    0.547625] Spectre V1 : Mitigation: usercopy/swapgs barriers and __user pointer sanitization
[    0.548608] Spectre V2 : Mitigation: Enhanced / Automatic IBRS
[    0.549601] Spectre V2 : Spectre v2 / SpectreRSB mitigation: Filling RSB on context switch
[    0.550601] Spectre V2 : Spectre v2 / PBRSB-eIBRS: Retire a single CALL on VMEXIT
[    0.551601] RETBleed: Mitigation: Enhanced IBRS
[    0.552605] Spectre V2 : mitigation: Enabling conditional Indirect Branch Prediction Barrier
[    0.553601] Speculative Store Bypass: Mitigation: Speculative Store Bypass disabled via prctl
[    0.554601] MMIO Stale Data: Unknown: No mitigations
[    0.555645] x86/fpu: Supporting XSAVE feature 0x001: 'x87 floating point registers'
[    0.556601] x86/fpu: Supporting XSAVE feature 0x002: 'SSE registers'
[    0.557600] x86/fpu: Supporting XSAVE feature 0x004: 'AVX registers'
[    0.558601] x86/fpu: xstate_offset[2]:  576, xstate_sizes[2]:  256
[    0.559601] x86/fpu: Enabled xstate features 0x7, context size is 832 bytes, using 'compacted' format.
[    0.577946] Freeing SMP alternatives memory: 44K
[    0.578603] pid_max: default: 32768 minimum: 301
[    0.579672] LSM: initializing lsm=capability,selinux,integrity
[    0.580634] SELinux:  Initializing.
[    0.581705] Mount-cache hash table entries: 4096 (order: 3, 32768 bytes, linear)
[    0.582604] Mountpoint-cache hash table entries: 4096 (order: 3, 32768 bytes, linear)
[    0.585168] smpboot: CPU0: 13th Gen Intel(R) Core(TM) i9-13900H (family: 0x6, model: 0xba, stepping: 0x2)
[    0.585825] RCU Tasks: Setting shift to 1 and lim to 1 rcu_task_cb_adjust=1.
[    0.586655] Performance Events: unsupported p6 CPU model 186 no PMU driver, software events only.
[    0.587669] signal: max sigframe size: 1776
[    0.588725] rcu: Hierarchical SRCU implementation.
[    0.589608] rcu: 	Max phase no-delay instances is 400.
[    0.591139] smp: Bringing up secondary CPUs ...
[    0.591824] smpboot: x86: Booting SMP configuration:
[    0.592606] .... node  #0, CPUs:      #1
[    0.593702] smp: Brought up 1 node, 2 CPUs
[    0.595611] smpboot: Max logical packages: 1
[    0.596610] smpboot: Total of 2 processors activated (11980.80 BogoMIPS)
[    0.602713] devtmpfs: initialized
[    0.605754] clocksource: jiffies: mask: 0xffffffff max_cycles: 0xffffffff, max_idle_ns: 1911260446275000 ns
[    0.606610] futex hash table entries: 512 (order: 3, 32768 bytes, linear)
[    0.607883] PM: RTC time: 11:18:27, date: 2026-05-08
[    0.608929] NET: Registered PF_NETLINK/PF_ROUTE protocol family
[    0.609982] audit: initializing netlink subsys (disabled)
[    0.610708] audit: type=2000 audit(1778239107.669:1): state=initialized audit_enabled=0 res=1
[    0.611081] thermal_sys: Registered thermal governor 'step_wise'
[    0.611610] thermal_sys: Registered thermal governor 'user_space'
[    0.612646] cpuidle: using governor menu
[    0.615597] PCI: Using configuration type 1 for base access
[    0.616028] kprobes: kprobe jump-optimization is enabled. All kprobes are optimized if possible.
[    0.619850] HugeTLB: registered 2.00 MiB page size, pre-allocated 0 pages
[    0.621624] HugeTLB: 28 KiB vmemmap can be freed for a 2.00 MiB page
[    0.624150] ACPI: Added _OSI(Module Device)
[    0.624610] ACPI: Added _OSI(Processor Device)
[    0.626636] ACPI: Added _OSI(3.0 _SCP Extensions)
[    0.627609] ACPI: Added _OSI(Processor Aggregator Device)
[    0.641011] ACPI: 1 ACPI AML tables successfully acquired and loaded
[    0.694404] ACPI: Interpreter enabled
[    0.694645] ACPI: PM: (supports S0 S3 S4 S5)
[    0.695597] ACPI: Using IOAPIC for interrupt routing
[    0.696649] PCI: Using host bridge windows from ACPI; if necessary, use "pci=nocrs" and report a bug
[    0.698607] PCI: Using E820 reservations for host bridge windows
[    0.701069] ACPI: Enabled 2 GPEs in block 00 to 0F
[    0.713564] ACPI: PCI Root Bridge [PCI0] (domain 0000 [bus 00-ff])
[    0.714629] acpi PNP0A03:00: _OSC: OS supports [ASPM ClockPM Segments MSI HPX-Type3]
[    0.716610] acpi PNP0A03:00: _OSC: not requesting OS control; OS requires [ExtendedConfig ASPM ClockPM MSI]
[    0.719693] acpi PNP0A03:00: fail to add MMCONFIG information, can't access extended configuration space under this bridge
[    0.723981] PCI host bridge to bus 0000:00
[    0.725616] pci_bus 0000:00: root bus resource [io  0x0000-0x0cf7 window]
[    0.728616] pci_bus 0000:00: root bus resource [io  0x0d00-0xffff window]
[    0.730621] pci_bus 0000:00: root bus resource [mem 0x000a0000-0x000bffff window]
[    0.731613] pci_bus 0000:00: root bus resource [mem 0x80000000-0xfebfffff window]
[    0.736623] pci_bus 0000:00: root bus resource [mem 0x100000000-0x17fffffff window]
[    0.738610] pci_bus 0000:00: root bus resource [bus 00-ff]
[    0.739772] pci 0000:00:00.0: [8086:1237] type 00 class 0x060000
[    0.747755] pci 0000:00:01.0: [8086:7000] type 00 class 0x060100
[    0.755980] pci 0000:00:01.1: [8086:7010] type 00 class 0x010180
[    0.759611] pci 0000:00:01.1: reg 0x20: [io  0xc040-0xc04f]
[    0.762556] pci 0000:00:01.1: legacy IDE quirk: reg 0x10: [io  0x01f0-0x01f7]
[    0.764608] pci 0000:00:01.1: legacy IDE quirk: reg 0x14: [io  0x03f6]
[    0.766612] pci 0000:00:01.1: legacy IDE quirk: reg 0x18: [io  0x0170-0x0177]
[    0.769610] pci 0000:00:01.1: legacy IDE quirk: reg 0x1c: [io  0x0376]
[    0.771514] pci 0000:00:01.3: [8086:7113] type 00 class 0x068000
[    0.773823] pci 0000:00:01.3: quirk: [io  0x0600-0x063f] claimed by PIIX4 ACPI
[    0.775623] pci 0000:00:01.3: quirk: [io  0x0700-0x070f] claimed by PIIX4 SMB
[    0.780753] pci 0000:00:02.0: [1234:1111] type 00 class 0x030000
[    0.785285] pci 0000:00:02.0: reg 0x10: [mem 0xfd000000-0xfdffffff pref]
[    0.788678] pci 0000:00:02.0: reg 0x18: [mem 0xfebf0000-0xfebf0fff]
[    0.794676] pci 0000:00:02.0: reg 0x30: [mem 0xfebe0000-0xfebeffff pref]
[    0.796974] pci 0000:00:02.0: Video device with shadowed ROM at [mem 0x000c0000-0x000dffff]
[    0.804723] pci 0000:00:03.0: [8086:100e] type 00 class 0x020000
[    0.807610] pci 0000:00:03.0: reg 0x10: [mem 0xfebc0000-0xfebdffff]
[    0.810652] pci 0000:00:03.0: reg 0x14: [io  0xc000-0xc03f]
[    0.817288] pci 0000:00:03.0: reg 0x30: [mem 0xfeb80000-0xfebbffff pref]
[    0.826148] ACPI: PCI: Interrupt link LNKA configured for IRQ 10
[    0.828165] ACPI: PCI: Interrupt link LNKB configured for IRQ 10
[    0.830597] ACPI: PCI: Interrupt link LNKC configured for IRQ 11
[    0.833597] ACPI: PCI: Interrupt link LNKD configured for IRQ 11
[    0.834845] ACPI: PCI: Interrupt link LNKS configured for IRQ 9
[    0.838201] iommu: Default domain type: Translated 
[    0.838605] iommu: DMA domain TLB invalidation policy: lazy mode 
[    0.840920] SCSI subsystem initialized
[    0.841787] ACPI: bus type USB registered
[    0.842657] usbcore: registered new interface driver usbfs
[    0.843628] usbcore: registered new interface driver hub
[    0.844622] usbcore: registered new device driver usb
[    0.845656] pps_core: LinuxPPS API ver. 1 registered
[    0.846604] pps_core: Software ver. 5.3.6 - Copyright 2005-2007 Rodolfo Giometti <giometti@linux.it>
[    0.847626] PTP clock support registered
[    0.848712] Advanced Linux Sound Architecture Driver Initialized.
[    0.850116] NetLabel: Initializing
[    0.850605] NetLabel:  domain hash size = 128
[    0.851608] NetLabel:  protocols = UNLABELED CIPSOv4 CALIPSO
[    0.852667] NetLabel:  unlabeled traffic allowed by default
[    0.853962] PCI: Using ACPI for IRQ routing
[    0.855020] pci 0000:00:02.0: vgaarb: setting as boot VGA device
[    0.855597] pci 0000:00:02.0: vgaarb: bridge control possible
[    0.855597] pci 0000:00:02.0: vgaarb: VGA device added: decodes=io+mem,owns=io+mem,locks=none
[    0.855646] vgaarb: loaded
[    0.856978] hpet0: at MMIO 0xfed00000, IRQs 2, 8, 0
[    0.857608] hpet0: 3 comparators, 64-bit 100.000000 MHz counter
[    0.860776] clocksource: Switched to clocksource kvm-clock
[    0.862753] VFS: Disk quotas dquot_6.6.0
[    0.863992] VFS: Dquot-cache hash table entries: 512 (order 0, 4096 bytes)
[    0.865919] pnp: PnP ACPI init
[    0.868379] pnp: PnP ACPI: found 6 devices
[    0.882073] clocksource: acpi_pm: mask: 0xffffff max_cycles: 0xffffff, max_idle_ns: 2085701024 ns
[    0.884555] NET: Registered PF_INET protocol family
[    0.888129] IP idents hash table entries: 32768 (order: 6, 262144 bytes, linear)
[    0.891138] tcp_listen_portaddr_hash hash table entries: 1024 (order: 2, 16384 bytes, linear)
[    0.894151] Table-perturb hash table entries: 65536 (order: 6, 262144 bytes, linear)
[    0.897142] TCP established hash table entries: 16384 (order: 5, 131072 bytes, linear)
[    0.899787] TCP bind hash table entries: 16384 (order: 7, 524288 bytes, linear)
[    0.901868] TCP: Hash tables configured (established 16384 bind 16384)
[    0.903738] UDP hash table entries: 1024 (order: 3, 32768 bytes, linear)
[    0.905587] UDP-Lite hash table entries: 1024 (order: 3, 32768 bytes, linear)
[    0.907588] NET: Registered PF_UNIX/PF_LOCAL protocol family
[    0.909485] RPC: Registered named UNIX socket transport module.
[    0.912810] RPC: Registered udp transport module.
[    0.914393] RPC: Registered tcp transport module.
[    0.915857] RPC: Registered tcp NFSv4.1 backchannel transport module.
[    0.921720] pci_bus 0000:00: resource 4 [io  0x0000-0x0cf7 window]
[    0.923289] pci_bus 0000:00: resource 5 [io  0x0d00-0xffff window]
[    0.924995] pci_bus 0000:00: resource 6 [mem 0x000a0000-0x000bffff window]
[    0.927398] pci_bus 0000:00: resource 7 [mem 0x80000000-0xfebfffff window]
[    0.929715] pci_bus 0000:00: resource 8 [mem 0x100000000-0x17fffffff window]
[    0.932114] pci 0000:00:01.0: PIIX3: Enabling Passive Release
[    0.934016] pci 0000:00:00.0: Limiting direct PCI/PCI transfers
[    0.935974] PCI: CLS 0 bytes, default 64
[    0.938001] Unpacking initramfs...
[    0.940921] RAPL PMU: API unit is 2^-32 Joules, 0 fixed counters, 10737418240 ms ovfl timer
[    0.943254] clocksource: tsc: mask: 0xffffffffffffffff max_cycles: 0x2b2c8ec87c7, max_idle_ns: 440795278598 ns
[    0.949266] Initialise system trusted keyrings
[    0.950850] workingset: timestamp_bits=56 max_order=19 bucket_order=0
[    0.953853] NFS: Registering the id_resolver key type
[    0.955968] Key type id_resolver registered
[    0.957849] Key type id_legacy registered
[    0.959140] 9p: Installing v9fs 9p2000 file system support
[    0.963102] Freeing initrd memory: 1340K
[    0.968677] Key type asymmetric registered
[    0.970112] Asymmetric key parser 'x509' registered
[    0.971640] Block layer SCSI generic (bsg) driver version 0.4 loaded (major 251)
[    0.973738] io scheduler mq-deadline registered
[    0.975043] io scheduler kyber registered
[    0.976880] input: Power Button as /devices/LNXSYSTM:00/LNXPWRBN:00/input/input0
[    0.979153] ACPI: button: Power Button [PWRF]
[    0.981043] Serial: 8250/16550 driver, 4 ports, IRQ sharing enabled
[    0.983368] 00:04: ttyS0 at I/O 0x3f8 (irq = 4, base_baud = 115200) is a 16550A
[    0.986969] Non-volatile memory driver v1.3
[    0.988634] Linux agpgart interface v0.103
[    0.990222] ACPI: bus type drm_connector registered
[    1.000385] loop: module loaded
[    1.003491] scsi host0: ata_piix
[    1.005129] scsi host1: ata_piix
[    1.006413] ata1: PATA max MWDMA2 cmd 0x1f0 ctl 0x3f6 bmdma 0xc040 irq 14
[    1.009611] ata2: PATA max MWDMA2 cmd 0x170 ctl 0x376 bmdma 0xc048 irq 15
[    1.012262] e100: Intel(R) PRO/100 Network Driver
[    1.013922] e100: Copyright(c) 1999-2006 Intel Corporation
[    1.016138] e1000: Intel(R) PRO/1000 Network Driver
[    1.017943] e1000: Copyright (c) 1999-2006 Intel Corporation.
[    1.173852] ata2: found unknown device (class 0)
[    1.175737] ata2.00: ATAPI: QEMU DVD-ROM, 2.5+, max UDMA/100
[    1.178426] scsi 1:0:0:0: CD-ROM            QEMU     QEMU DVD-ROM     2.5+ PQ: 0 ANSI: 5
[    1.201519] sr 1:0:0:0: [sr0] scsi3-mmc drive: 4x/4x cd/rw xa/form2 tray
[    1.203015] cdrom: Uniform CD-ROM driver Revision: 3.20
[    1.454410] ACPI: \_SB_.LNKC: Enabled at IRQ 11
[    1.821921] e1000 0000:00:03.0 eth0: (PCI:33MHz:32-bit) 52:54:00:12:34:56
[    1.824555] e1000 0000:00:03.0 eth0: Intel(R) PRO/1000 Network Connection
[    1.826322] e1000e: Intel(R) PRO/1000 Network Driver
[    1.827541] e1000e: Copyright(c) 1999 - 2015 Intel Corporation.
[    1.831920] sky2: driver version 1.30
[    1.833208] usbcore: registered new interface driver usblp
[    1.835201] usbcore: registered new interface driver usb-storage
[    1.838105] i8042: PNP: PS/2 Controller [PNP0303:KBD,PNP0f13:MOU] at 0x60,0x64 irq 1,12
[    1.842199] serio: i8042 KBD port at 0x60,0x64 irq 1
[    1.843344] serio: i8042 AUX port at 0x60,0x64 irq 12
[    1.845179] rtc_cmos 00:05: RTC can wake from S4
[    1.847076] input: AT Translated Set 2 keyboard as /devices/platform/i8042/serio0/input/input1
[    1.847925] rtc_cmos 00:05: registered as rtc0
[    1.850504] rtc_cmos 00:05: alarms up to one day, y3k, 242 bytes nvram, hpet irqs
[    1.852918] device-mapper: ioctl: 4.48.0-ioctl (2023-03-01) initialised: dm-devel@redhat.com
[    1.854982] intel_pstate: CPU model not supported
[    1.856560] hid: raw HID events driver (C) Jiri Kosina
[    1.861564] usbcore: registered new interface driver usbhid
[    1.864065] usbhid: USB HID core driver
[    1.867884] Initializing XFRM netlink socket
[    1.869091] NET: Registered PF_INET6 protocol family
[    1.871354] Segment Routing with IPv6
[    1.873075] In-situ OAM (IOAM) with IPv6
[    1.876881] sit: IPv6, IPv4 and MPLS over IPv4 tunneling driver
[    1.879847] NET: Registered PF_PACKET protocol family
[    1.881595] 9pnet: Installing 9P2000 support
[    1.882703] Key type dns_resolver registered
[    1.884292] IPI shorthand broadcast: enabled
[    1.898362] sched_clock: Marking stable (1871089500, 26649511)->(2006433659, -108694648)
[    1.900586] registered taskstats version 1
[    1.901618] Loading compiled-in X.509 certificates
[    1.911711] PM:   Magic number: 10:32:327
[    1.912813] printk: console [netcon0] enabled
[    1.913864] netconsole: network logging started
[    1.915050] cfg80211: Loading compiled-in X.509 certificates for regulatory database
[    1.918094] kworker/u4:1 (51) used greatest stack depth: 29536 bytes left
[    1.919964] Loaded X.509 cert 'sforshee: 00b28ddf47aef9cea7'
[    1.921457] platform regulatory.0: Direct firmware load for regulatory.db failed with error -2
[    1.923543] cfg80211: failed to load regulatory.db
[    1.924739] ALSA device list:
[    1.925484]   No soundcards found.
[    1.927687] Freeing unused kernel image (initmem) memory: 5604K
[    1.940799] Write protecting the kernel read-only data: 59392k
[    1.943142] Freeing unused kernel image (rodata/data gap) memory: 224K
[    1.954102] x86/mm: Checked W+X mappings: passed, no W+X pages found.
[    1.955263] Run /init as init process
[    1.957813] mount (55) used greatest stack depth: 28760 bytes left

secb: rootfs ready
---- poc begin ----
[*] CVE-2023-52926 PoC starting
[    1.971551] ==================================================================
[    1.973614] BUG: KASAN: slab-use-after-free in __io_put_kbuf+0x502/0x5f0
[    1.975543] Read of size 2 at addr ffff88800988be10 by task poc/61
[    1.976745] 
[    1.977301] CPU: 1 PID: 61 Comm: poc Not tainted 6.4.0-04322-gc451410ca7e3-dirty #1
[    1.978492] Hardware name: QEMU Standard PC (i440FX + PIIX, 1996), BIOS 1.16.2-debian-1.16.2-1 04/01/2014
[    1.979961] Call Trace:
[    1.980423]  <TASK>
[    1.980768]  dump_stack_lvl+0x36/0x50
[    1.981359]  print_report+0xcf/0x660
[    1.981953]  ? __io_put_kbuf+0x502/0x5f0
[    1.982650]  kasan_report+0xc7/0x100
[    1.983301]  ? __io_put_kbuf+0x502/0x5f0
[    1.984657]  __io_put_kbuf+0x502/0x5f0
[    1.986514]  io_req_rw_complete+0x80/0xf0
[    1.988865]  __io_run_local_work+0x1d9/0x3a0
[    1.990072]  __do_sys_io_uring_enter+0x36e/0x1e40
[    1.991359]  ? __pfx_mutex_unlock+0x10/0x10
[    1.992235]  ? __pfx___do_sys_io_uring_enter+0x10/0x10
[    1.993189]  ? alloc_fd+0x1a6/0x550
[    1.993739]  ? __do_sys_io_uring_register+0x426/0x1c80
[    1.994588]  ? __sys_socket+0x165/0x1c0
[    1.995261]  ? fpregs_assert_state_consistent+0x1c/0xa0
[    1.996042]  do_syscall_64+0x3b/0x90
[    1.996580]  entry_SYSCALL_64_after_hwframe+0x6e/0xd8
[    1.997386] RIP: 0033:0x4396a9
[    1.997803] Code: 48 83 c4 28 c3 e8 57 1a 00 00 0f 1f 80 00 00 00 00 48 89 f8 48 89 f7 48 89 d6 48 89 ca 4d 89 c2 4d 89 c8 4c 8b 4c 24 08 0f 05 <48> 3d 01 f0 ff ff 73 01 c3 48 c7 c1 b8 ff ff ff f7 d8 64 89 01 48
[    2.005814] RSP: 002b:00007ffceec88cf8 EFLAGS: 00000246 ORIG_RAX: 00000000000001aa
[    2.008082] RAX: ffffffffffffffda RBX: 00007f2954fc7000 RCX: 00000000004396a9
[    2.009305] RDX: 0000000000000001 RSI: 0000000000000000 RDI: 0000000000000003
[    2.011776] RBP: 00007f2954fc8000 R08: 0000000000000000 R09: 0000000000000008
[    2.013410] R10: 0000000000000001 R11: 0000000000000246 R12: 00007f2954fca000
[    2.014631] R13: 00007f2954fc6000 R14: 0000000000000004 R15: 0000000000000003
[    2.016778]  </TASK>
[    2.017486] 
[    2.018601] Allocated by task 61:
[    2.019216]  kasan_save_stack+0x33/0x60
[    2.019880]  kasan_set_track+0x25/0x30
[    2.020907]  __kasan_kmalloc+0x8f/0xa0
[    2.021709]  io_register_pbuf_ring+0x526/0x710
[    2.022572]  __do_sys_io_uring_register+0x157a/0x1c80
[    2.023867]  do_syscall_64+0x3b/0x90
[    2.025705]  entry_SYSCALL_64_after_hwframe+0x6e/0xd8
[    2.026755] 
[    2.027263] Freed by task 61:
[    2.027735]  kasan_save_stack+0x33/0x60
[    2.028460]  kasan_set_track+0x25/0x30
[    2.029097]  kasan_save_free_info+0x2b/0x50
[    2.029915]  __kasan_slab_free+0x10a/0x180
[    2.030688]  __kmem_cache_free+0x82/0x1c0
[    2.031372]  io_unregister_pbuf_ring+0x1f7/0x240
[    2.032239]  __do_sys_io_uring_register+0xf11/0x1c80
[    2.033099]  do_syscall_64+0x3b/0x90
[    2.033667]  entry_SYSCALL_64_after_hwframe+0x6e/0xd8
[    2.034580] 
[    2.034893] The buggy address belongs to the object at ffff88800988be00
[    2.034893]  which belongs to the cache kmalloc-32 of size 32
[    2.036975] The buggy address is located 16 bytes inside of
[    2.036975]  freed 32-byte region [ffff88800988be00, ffff88800988be20)
[    2.039034] 
[    2.039466] The buggy address belongs to the physical page:
[    2.040502] page:00000000d379b33b refcount:1 mapcount:0 mapping:0000000000000000 index:0x0 pfn:0x988b
[    2.042066] flags: 0x100000000000200(slab|node=0|zone=1)
[    2.043107] page_type: 0xffffffff()
[    2.043779] raw: 0100000000000200 ffff888006441500 dead000000000122 0000000000000000
[    2.045264] raw: 0000000000000000 0000000080400040 00000001ffffffff 0000000000000000
[    2.046625] page dumped because: kasan: bad access detected
[    2.047817] 
[    2.048326] Memory state around the buggy address:
[    2.049481]  ffff88800988bd00: 00 00 00 fc fc fc fc fc 00 00 00 00 fc fc fc fc
[    2.050839]  ffff88800988bd80: 00 00 00 00 fc fc fc fc 00 00 00 00 fc fc fc fc
[    2.052140] >ffff88800988be00: fa fb fb fb fc fc fc fc 00 00 00 00 fc fc fc fc
[    2.053341]                          ^
[    2.053968]  ffff88800988be80: fc fc fc fc fc fc fc fc fc fc fc fc fc fc fc fc
[    2.055145]  ffff88800988bf00: fc fc fc fc fc fc fc fc fc fc fc fc fc fc fc fc
[    2.056299] ==================================================================
[    2.057775] Disabling lock debugging due to kernel taint
[*] poc finished without KASAN catch
[    2.067631] poc (61) used greatest stack depth: 27888 bytes left
---- poc end rc=0 ----
secb: poc exited without crashing the kernel
[    2.519058] input: ImExPS/2 Generic Explorer Mouse as /devices/platform/i8042/serio1/input/input3
[    3.287433] hrtimer: interrupt took 8286678 ns
[    4.273507] ACPI: PM: Preparing to enter system sleep state S5
[    4.278309] reboot: Power down
CONFIRMED: KASAN_UAF
