bash: warning: setlocale: LC_ALL: cannot change locale (en_US.UTF-8)
c[?7l[2J[0mSeaBIOS (version 1.16.2-debian-1.16.2-1)
Booting from ROM...
c[?7l[2Jearly console in extract_kernel
input_data: 0x00000000148852a3
input_len: 0x0000000005f613c5
output: 0x0000000001000000
output_len: 0x00000000124b0c90
kernel_total_size: 0x0000000019826000
needed_size: 0x0000000019a00000
trampoline_32bit: 0x0000000000000000

Decompressing Linux... Parsing ELF... done.
Booting the kernel (entry_offset: 0x0000000000000108).
[    0.000000][    T0] Linux version 6.13.0-rc2-00020-gdacc259fc9ff-dirty (root@buildkitsandbox) (gcc (Debian 12.2.0-14+deb12u1) 12.2.0, GNU ld (GNU Binutils for Debian) 2.40) #2 SMP PREEMPT_DYNAMIC Tue May 26 01:38:44 UTC 2026
[    0.000000][    T0] Command line: console=ttyS0 oops=panic panic=86400 nokaslr earlyprintk=serial rdinit=/init
[    0.000000][    T0] KERNEL supported cpus:
[    0.000000][    T0]   Intel GenuineIntel
[    0.000000][    T0]   AMD AuthenticAMD
[    0.000000][    T0] BIOS-provided physical RAM map:
[    0.000000][    T0] BIOS-e820: [mem 0x0000000000000000-0x000000000009fbff] usable
[    0.000000][    T0] BIOS-e820: [mem 0x000000000009fc00-0x000000000009ffff] reserved
[    0.000000][    T0] BIOS-e820: [mem 0x00000000000f0000-0x00000000000fffff] reserved
[    0.000000][    T0] BIOS-e820: [mem 0x0000000000100000-0x000000007ffdffff] usable
[    0.000000][    T0] BIOS-e820: [mem 0x000000007ffe0000-0x000000007fffffff] reserved
[    0.000000][    T0] BIOS-e820: [mem 0x00000000feffc000-0x00000000feffffff] reserved
[    0.000000][    T0] BIOS-e820: [mem 0x00000000fffc0000-0x00000000ffffffff] reserved
[    0.000000][    T0] BIOS-e820: [mem 0x000000fd00000000-0x000000ffffffffff] reserved
[    0.000000][    T0] printk: legacy bootconsole [earlyser0] enabled
[    0.000000][    T0] NX (Execute Disable) protection: active
[    0.000000][    T0] APIC: Static calls initialized
[    0.000000][    T0] SMBIOS 2.8 present.
[    0.000000][    T0] DMI: QEMU Standard PC (i440FX + PIIX, 1996), BIOS 1.16.2-debian-1.16.2-1 04/01/2014
[    0.000000][    T0] DMI: Memory slots populated: 1/1
[    0.000000][    T0] Hypervisor detected: KVM
[    0.000000][    T0] kvm-clock: Using msrs 4b564d01 and 4b564d00
[    0.000003][    T0] kvm-clock: using sched offset of 1143931371 cycles
[    0.000694][    T0] clocksource: kvm-clock: mask: 0xffffffffffffffff max_cycles: 0x1cd42e4dffb, max_idle_ns: 881590591483 ns
[    0.002749][    T0] tsc: Detected 3493.436 MHz processor
[    0.010381][    T0] last_pfn = 0x7ffe0 max_arch_pfn = 0x400000000
[    0.011128][    T0] MTRR map: 4 entries (3 fixed + 1 variable; max 19), built from 8 variable MTRRs
[    0.012207][    T0] x86/PAT: Configuration [0-7]: WB  WC  UC- UC  WB  WP  UC- WT  
[    0.016644][    T0] found SMP MP-table at [mem 0x000f5ba0-0x000f5baf]
[    0.017419][    T0] Using GB pages for direct mapping
[    0.020786][    T0] RAMDISK: [mem 0x7fe8e000-0x7ffdffff]
[    0.021416][    T0] ACPI: Early table checksum verification disabled
[    0.022159][    T0] ACPI: RSDP 0x00000000000F59D0 000014 (v00 BOCHS )
[    0.022923][    T0] ACPI: RSDT 0x000000007FFE1B33 000034 (v01 BOCHS  BXPC     00000001 BXPC 00000001)
[    0.024019][    T0] ACPI: FACP 0x000000007FFE19DF 000074 (v01 BOCHS  BXPC     00000001 BXPC 00000001)
[    0.025114][    T0] ACPI: DSDT 0x000000007FFE0040 00199F (v01 BOCHS  BXPC     00000001 BXPC 00000001)
[    0.026215][    T0] ACPI: FACS 0x000000007FFE0000 000040
[    0.026850][    T0] ACPI: APIC 0x000000007FFE1A53 000080 (v01 BOCHS  BXPC     00000001 BXPC 00000001)
[    0.027943][    T0] ACPI: HPET 0x000000007FFE1AD3 000038 (v01 BOCHS  BXPC     00000001 BXPC 00000001)
[    0.029028][    T0] ACPI: WAET 0x000000007FFE1B0B 000028 (v01 BOCHS  BXPC     00000001 BXPC 00000001)
[    0.030121][    T0] ACPI: Reserving FACP table memory at [mem 0x7ffe19df-0x7ffe1a52]
[    0.031022][    T0] ACPI: Reserving DSDT table memory at [mem 0x7ffe0040-0x7ffe19de]
[    0.031928][    T0] ACPI: Reserving FACS table memory at [mem 0x7ffe0000-0x7ffe003f]
[    0.032832][    T0] ACPI: Reserving APIC table memory at [mem 0x7ffe1a53-0x7ffe1ad2]
[    0.033732][    T0] ACPI: Reserving HPET table memory at [mem 0x7ffe1ad3-0x7ffe1b0a]
[    0.034635][    T0] ACPI: Reserving WAET table memory at [mem 0x7ffe1b0b-0x7ffe1b32]
[    0.036554][    T0] No NUMA configuration found
[    0.037087][    T0] Faking a node at [mem 0x0000000000000000-0x000000007ffdffff]
[    0.037957][    T0] NODE_DATA(0) allocated [mem 0x7fe88ac0-0x7fe8ddff]
[    0.042206][    T0] Zone ranges:
[    0.042625][    T0]   DMA      [mem 0x0000000000001000-0x0000000000ffffff]
[    0.043438][    T0]   DMA32    [mem 0x0000000001000000-0x000000007ffdffff]
[    0.044256][    T0]   Normal   empty
[    0.044679][    T0]   Device   empty
[    0.045110][    T0] Movable zone start for each node
[    0.045691][    T0] Early memory node ranges
[    0.046197][    T0]   node   0: [mem 0x0000000000001000-0x000000000009efff]
[    0.047015][    T0]   node   0: [mem 0x0000000000100000-0x000000007ffdffff]
[    0.047829][    T0] Initmem setup node 0 [mem 0x0000000000001000-0x000000007ffdffff]
[    0.048750][    T0] On node 0, zone DMA: 1 pages in unavailable ranges
[    0.049716][    T0] On node 0, zone DMA: 97 pages in unavailable ranges
[    0.073786][    T0] On node 0, zone DMA32: 32 pages in unavailable ranges
[    0.110248][    T0] kasan: KernelAddressSanitizer initialized
[    0.111218][    T0] ACPI: PM-Timer IO Port: 0x608
[    0.111791][    T0] ACPI: LAPIC_NMI (acpi_id[0xff] dfl dfl lint[0x1])
[    0.112628][    T0] IOAPIC[0]: apic_id 0, version 17, address 0xfec00000, GSI 0-23
[    0.113516][    T0] ACPI: INT_SRC_OVR (bus 0 bus_irq 0 global_irq 2 dfl dfl)
[    0.114333][    T0] ACPI: INT_SRC_OVR (bus 0 bus_irq 5 global_irq 5 high level)
[    0.115178][    T0] ACPI: INT_SRC_OVR (bus 0 bus_irq 9 global_irq 9 high level)
[    0.116038][    T0] ACPI: INT_SRC_OVR (bus 0 bus_irq 10 global_irq 10 high level)
[    0.116910][    T0] ACPI: INT_SRC_OVR (bus 0 bus_irq 11 global_irq 11 high level)
[    0.117783][    T0] ACPI: Using ACPI (MADT) for SMP configuration information
[    0.118613][    T0] ACPI: HPET id: 0x8086a201 base: 0xfed00000
[    0.119296][    T0] TSC deadline timer available
[    0.119843][    T0] CPU topo: Max. logical packages:   1
[    0.120466][    T0] CPU topo: Max. logical dies:       1
[    0.121084][    T0] CPU topo: Max. dies per package:   1
[    0.121723][    T0] CPU topo: Max. threads per core:   1
[    0.122338][    T0] CPU topo: Num. cores per package:     2
[    0.122990][    T0] CPU topo: Num. threads per package:   2
[    0.123632][    T0] CPU topo: Allowing 2 present CPUs plus 0 hotplug CPUs
[    0.124471][    T0] kvm-guest: APIC: eoi() replaced with kvm_guest_apic_eoi_write()
[    0.125388][    T0] kvm-guest: KVM setup pv remote TLB flush
[    0.126045][    T0] kvm-guest: setup PV sched yield
[    0.126646][    T0] PM: hibernation: Registered nosave memory: [mem 0x00000000-0x00000fff]
[    0.127611][    T0] PM: hibernation: Registered nosave memory: [mem 0x0009f000-0x0009ffff]
[    0.128573][    T0] PM: hibernation: Registered nosave memory: [mem 0x000a0000-0x000effff]
[    0.129528][    T0] PM: hibernation: Registered nosave memory: [mem 0x000f0000-0x000fffff]
[    0.130491][    T0] [mem 0x80000000-0xfeffbfff] available for PCI devices
[    0.131277][    T0] Booting paravirtualized kernel on KVM
[    0.131924][    T0] clocksource: refined-jiffies: mask: 0xffffffff max_cycles: 0xffffffff, max_idle_ns: 19112604462750000 ns
[    0.178685][    T0] setup_percpu: NR_CPUS:8 nr_cpumask_bits:2 nr_cpu_ids:2 nr_node_ids:1
[    0.179920][    T0] percpu: Embedded 74 pages/cpu s264904 r8192 d30008 u1048576
[    0.180927][    T0] kvm-guest: PV spinlocks enabled
[    0.181529][    T0] PV qspinlock hash table entries: 256 (order: 0, 4096 bytes, linear)
[    0.182502][    T0] Kernel command line: console=ttyS0 oops=panic panic=86400 nokaslr earlyprintk=serial rdinit=/init
[    0.184213][    T0] random: crng init done
[    0.184721][    T0] printk: log buffer data + meta data: 262144 + 917504 = 1179648 bytes
[    0.185808][    T0] Dentry cache hash table entries: 262144 (order: 9, 2097152 bytes, linear)
[    0.187030][    T0] Inode-cache hash table entries: 131072 (order: 8, 1048576 bytes, linear)
[    0.188203][    T0] Fallback order for Node 0: 0 
[    0.188216][    T0] Built 1 zonelists, mobility grouping on.  Total pages: 524158
[    0.189685][    T0] Policy zone: DMA32
[    0.190381][    T0] mem auto-init: stack:all(zero), heap alloc:on, heap free:off
[    0.191271][    T0] stackdepot: allocating hash table via alloc_large_system_hash
[    0.192183][    T0] stackdepot hash table entries: 1048576 (order: 12, 16777216 bytes, linear)
[    0.331817][    T0] SLUB: HWalign=64, Order=0-3, MinObjects=0, CPUs=2, Nodes=1
[    0.334928][    T0] allocated 4194304 bytes of page_ext
[    0.336108][    T0] Dynamic Preempt: full
[    0.337058][    T0] Running RCU self tests
[    0.337560][    T0] Running RCU synchronous self tests
[    0.338195][    T0] rcu: Preemptible hierarchical RCU implementation.
[    0.338974][    T0] rcu: 	RCU lockdep checking is enabled.
[    0.339633][    T0] rcu: 	RCU restricting CPUs from NR_CPUS=8 to nr_cpu_ids=2.
[    0.340512][    T0] rcu: 	RCU callback double-/use-after-free debug is enabled.
[    0.341392][    T0] rcu: 	RCU debug extended QS entry/exit.
[    0.342064][    T0] 	Trampoline variant of Tasks RCU enabled.
[    0.342752][    T0] 	Tracing variant of Tasks RCU enabled.
[    0.343415][    T0] rcu: RCU calculated value of scheduler-enlistment delay is 10 jiffies.
[    0.344412][    T0] rcu: Adjusting geometry for rcu_fanout_leaf=16, nr_cpu_ids=2
[    0.345373][    T0] Running RCU synchronous self tests
[    0.346009][    T0] RCU Tasks: Setting shift to 1 and lim to 1 rcu_task_cb_adjust=1 rcu_task_cpu_ids=2.
[    0.347152][    T0] RCU Tasks Trace: Setting shift to 1 and lim to 1 rcu_task_cb_adjust=1 rcu_task_cpu_ids=2.
[    0.394194][    T0] NR_IRQS: 4352, nr_irqs: 440, preallocated irqs: 16
[    0.395523][    T0] rcu: srcu_init: Setting srcu_struct sizes based on contention.
[    0.396747][    T0] kfence: initialized - using 2097152 bytes for 255 objects at 0x(____ptrval____)-0x(____ptrval____)
[    0.405874][    T0] Console: colour VGA+ 80x25
[    0.406506][    T0] printk: legacy console [ttyS0] enabled
[    0.406506][    T0] printk: legacy console [ttyS0] enabled
[    0.407836][    T0] printk: legacy bootconsole [earlyser0] disabled
[    0.407836][    T0] printk: legacy bootconsole [earlyser0] disabled
[    0.409365][    T0] Lock dependency validator: Copyright (c) 2006 Red Hat, Inc., Ingo Molnar
[    0.410382][    T0] ... MAX_LOCKDEP_SUBCLASSES:  8
[    0.410961][    T0] ... MAX_LOCK_DEPTH:          48
[    0.411558][    T0] ... MAX_LOCKDEP_KEYS:        8192
[    0.412177][    T0] ... CLASSHASH_SIZE:          4096
[    0.412791][    T0] ... MAX_LOCKDEP_ENTRIES:     1048576
[    0.413433][    T0] ... MAX_LOCKDEP_CHAINS:      1048576
[    0.414078][    T0] ... CHAINHASH_SIZE:          524288
[    0.414709][    T0]  memory used by lock dependency info: 106625 kB
[    0.415466][    T0]  memory used for stack traces: 8320 kB
[    0.416142][    T0]  per task-struct memory footprint: 1920 bytes
[    0.416955][    T0] ACPI: Core revision 20240827
[    0.417882][    T0] clocksource: hpet: mask: 0xffffffff max_cycles: 0xffffffff, max_idle_ns: 19112604467 ns
[    0.419261][    T0] APIC: Switch to symmetric I/O mode setup
[    0.420143][    T0] x2apic enabled
[    0.421022][    T0] APIC: Switched APIC routing to: physical x2apic
[    0.421786][    T0] kvm-guest: APIC: send_IPI_mask() replaced with kvm_send_ipi_mask()
[    0.422753][    T0] kvm-guest: APIC: send_IPI_mask_allbutself() replaced with kvm_send_ipi_mask_allbutself()
[    0.423944][    T0] kvm-guest: setup PV IPIs
[    0.425799][    T0] ..TIMER: vector=0x30 apic1=0 pin1=2 apic2=-1 pin2=-1
[    0.426628][    T0] clocksource: tsc-early: mask: 0xffffffffffffffff max_cycles: 0x325b186289d, max_idle_ns: 440795326624 ns
[    0.427962][    T0] Calibrating delay loop (skipped) preset value.. 6986.87 BogoMIPS (lpj=34934360)
[    0.429113][    T0] x86/cpu: User Mode Instruction Prevention (UMIP) activated
[    0.438109][    T0] Last level iTLB entries: 4KB 512, 2MB 255, 4MB 127
[    0.438879][    T0] Last level dTLB entries: 4KB 512, 2MB 255, 4MB 127, 1GB 0
[    0.439729][    T0] Spectre V1 : Mitigation: usercopy/swapgs barriers and __user pointer sanitization
[    0.440821][    T0] Spectre V2 : Mitigation: Retpolines
[    0.441445][    T0] Spectre V2 : Spectre v2 / SpectreRSB mitigation: Filling RSB on context switch
[    0.442487][    T0] Spectre V2 : Spectre v2 / SpectreRSB : Filling RSB on VMEXIT
[    0.443350][    T0] Spectre V2 : Enabling Speculation Barrier for firmware calls
[    0.444228][    T0] RETBleed: Mitigation: untrained return thunk
[    0.444939][    T0] Spectre V2 : mitigation: Enabling conditional Indirect Branch Prediction Barrier
[    0.446008][    T0] Speculative Store Bypass: Mitigation: Speculative Store Bypass disabled via prctl
[    0.447078][    T0] Speculative Return Stack Overflow: IBPB-extending microcode not applied!
[    0.447957][    T0] Speculative Return Stack Overflow: WARNING: See https://kernel.org/doc/html/latest/admin-guide/hw-vuln/srso.html for mitigation options.
[    0.447965][    T0] Speculative Return Stack Overflow: Vulnerable: Safe RET, no microcode
[    0.450551][    T0] x86/fpu: Supporting XSAVE feature 0x001: 'x87 floating point registers'
[    0.451522][    T0] x86/fpu: Supporting XSAVE feature 0x002: 'SSE registers'
[    0.452352][    T0] x86/fpu: Supporting XSAVE feature 0x004: 'AVX registers'
[    0.453172][    T0] x86/fpu: xstate_offset[2]:  576, xstate_sizes[2]:  256
[    0.453975][    T0] x86/fpu: Enabled xstate features 0x7, context size is 832 bytes, using 'compacted' format.
[    0.759738][    T0] Freeing SMP alternatives memory: 124K
[    0.760448][    T0] pid_max: default: 32768 minimum: 301
[    0.761420][    T0] LSM: initializing lsm=lockdown,capability,landlock,yama,safesetid,tomoyo,smack,bpf,ima,evm
[    0.763407][    T0] landlock: Up and running.
[    0.763947][    T0] Yama: becoming mindful.
[    0.764993][    T0] TOMOYO Linux initialized
[    0.766973][    T0] Smack:  Initializing.
[    0.767469][    T0] Smack:  Netfilter enabled.
[    0.767963][    T0] Smack:  IPv6 Netfilter enabled.
[    0.771619][    T0] LSM support for eBPF active
[    0.772941][    T0] Mount-cache hash table entries: 4096 (order: 3, 32768 bytes, linear)
[    0.773928][    T0] Mountpoint-cache hash table entries: 4096 (order: 3, 32768 bytes, linear)
[    0.778716][    T0] Running RCU synchronous self tests
[    0.779350][    T0] Running RCU synchronous self tests
[    0.780735][    T1] smpboot: CPU0: AMD Ryzen Threadripper PRO 3975WX 32-Cores (family: 0x17, model: 0x31, stepping: 0x0)
[    0.789179][    T1] Running RCU Tasks wait API self tests
[    0.898355][    T1] Running RCU Tasks Trace wait API self tests
[    0.900062][    T1] Performance Events: Fam17h+ core perfctr, AMD PMU driver.
[    0.902238][    T1] ... version:                0
[    0.903385][    T1] ... bit width:              48
[    0.904545][    T1] ... generic registers:      6
[    0.905700][    T1] ... value mask:             0000ffffffffffff
[    0.907151][    T1] ... max period:             00007fffffffffff
[    0.907982][    T1] ... fixed-purpose events:   0
[    0.909147][    T1] ... event mask:             000000000000003f
[    0.913351][    T1] signal: max sigframe size: 1776
[    0.915441][    T1] rcu: Hierarchical SRCU implementation.
[    0.916769][    T1] rcu: 	Max phase no-delay instances is 1000.
[    0.918071][   T15] Callback from call_rcu_tasks_trace() invoked.
[    0.920982][    T1] Timer migration: 1 hierarchy levels; 8 children per group; 1 crossnode level
[    1.009713][    T1] smp: Bringing up secondary CPUs ...
[    1.012259][    T1] smpboot: x86: Booting SMP configuration:
[    1.012991][    T1] .... node  #0, CPUs:      #1
[    1.013263][    T1] smp: Brought up 1 node, 2 CPUs
[    1.013263][    T1] smpboot: Total of 2 processors activated (13973.74 BogoMIPS)
[    1.013263][    T1] Memory: 1296276K/2096632K available (167936K kernel code, 40752K rwdata, 38724K rodata, 26488K init, 120128K bss, 789456K reserved, 0K cma-reserved)
[    1.020082][    T1] devtmpfs: initialized
[    1.020082][    T1] x86/mm: Memory block size: 128MB
[    1.050003][    T1] Running RCU synchronous self tests
[    1.050694][    T1] Running RCU synchronous self tests
[    1.051400][    T1] clocksource: jiffies: mask: 0xffffffff max_cycles: 0xffffffff, max_idle_ns: 19112604462750000 ns
[    1.058005][    T1] futex hash table entries: 512 (order: 4, 65536 bytes, linear)
[    1.061792][    T1] PM: RTC time: 01:40:26, date: 2026-05-26
[    1.070813][    T1] NET: Registered PF_NETLINK/PF_ROUTE protocol family
[    1.074415][    T1] audit: initializing netlink subsys (disabled)
[    1.078783][   T29] audit: type=2000 audit(1779759627.076:1): state=initialized audit_enabled=0 res=1
[    1.081370][    T1] thermal_sys: Registered thermal governor 'step_wise'
[    1.081392][    T1] thermal_sys: Registered thermal governor 'user_space'
[    1.082382][    T1] cpuidle: using governor menu
[    1.082382][    T1] NET: Registered PF_QIPCRTR protocol family
[    1.090788][    T1] dca service started, version 1.12.1
[    1.091565][    T1] PCI: Using configuration type 1 for base access
[    1.092302][    T1] PCI: Using configuration type 1 for extended access
[    1.099654][    T1] HugeTLB: registered 1.00 GiB page size, pre-allocated 0 pages
[    1.100539][    T1] HugeTLB: 16380 KiB vmemmap can be freed for a 1.00 GiB page
[    1.101410][    T1] HugeTLB: registered 2.00 MiB page size, pre-allocated 0 pages
[    1.102284][    T1] HugeTLB: 28 KiB vmemmap can be freed for a 2.00 MiB page
[    1.118173][   T14] Callback from call_rcu_tasks() invoked.
[    1.138924][    T1] cryptd: max_cpu_qlen set to 1000
[    1.138924][    T1] raid6: skipped pq benchmark and selected avx2x4
[    1.138924][    T1] raid6: using avx2x2 recovery algorithm
[    1.140994][    T1] ACPI: Added _OSI(Module Device)
[    1.141583][    T1] ACPI: Added _OSI(Processor Device)
[    1.142194][    T1] ACPI: Added _OSI(3.0 _SCP Extensions)
[    1.147967][    T1] ACPI: Added _OSI(Processor Aggregator Device)
[    1.191915][    T1] ACPI: 1 ACPI AML tables successfully acquired and loaded
[    1.245201][    T1] ACPI: Interpreter enabled
[    1.246105][    T1] ACPI: PM: (supports S0 S3 S4 S5)
[    1.246719][    T1] ACPI: Using IOAPIC for interrupt routing
[    1.248236][    T1] PCI: Using host bridge windows from ACPI; if necessary, use "pci=nocrs" and report a bug
[    1.249374][    T1] PCI: Using E820 reservations for host bridge windows
[    1.253690][    T1] ACPI: Enabled 2 GPEs in block 00 to 0F
[    1.366461][    T1] ACPI: PCI Root Bridge [PCI0] (domain 0000 [bus 00-ff])
[    1.367386][    T1] acpi PNP0A03:00: _OSC: OS supports [ExtendedConfig ASPM ClockPM Segments MSI HPX-Type3]
[    1.371674][    T1] PCI host bridge to bus 0000:00
[    1.372431][    T1] pci_bus 0000:00: root bus resource [io  0x0000-0x0cf7 window]
[    1.373331][    T1] pci_bus 0000:00: root bus resource [io  0x0d00-0xffff window]
[    1.374231][    T1] pci_bus 0000:00: root bus resource [mem 0x000a0000-0x000bffff window]
[    1.375212][    T1] pci_bus 0000:00: root bus resource [mem 0x80000000-0xfebfffff window]
[    1.376186][    T1] pci_bus 0000:00: root bus resource [mem 0x100000000-0x17fffffff window]
[    1.377192][    T1] pci_bus 0000:00: root bus resource [bus 00-ff]
[    1.378356][    T1] pci 0000:00:00.0: [8086:1237] type 00 class 0x060000 conventional PCI endpoint
[    1.409925][    T1] pci 0000:00:01.0: [8086:7000] type 00 class 0x060100 conventional PCI endpoint
[    1.440588][    T1] pci 0000:00:01.1: [8086:7010] type 00 class 0x010180 conventional PCI endpoint
[    1.443223][    T1] pci 0000:00:01.1: BAR 4 [io  0xc000-0xc00f]
[    1.444555][    T1] pci 0000:00:01.1: BAR 0 [io  0x01f0-0x01f7]: legacy IDE quirk
[    1.445445][    T1] pci 0000:00:01.1: BAR 1 [io  0x03f6]: legacy IDE quirk
[    1.446269][    T1] pci 0000:00:01.1: BAR 2 [io  0x0170-0x0177]: legacy IDE quirk
[    1.447161][    T1] pci 0000:00:01.1: BAR 3 [io  0x0376]: legacy IDE quirk
[    1.449038][    T1] pci 0000:00:01.3: [8086:7113] type 00 class 0x068000 conventional PCI endpoint
[    1.450597][    T1] pci 0000:00:01.3: quirk: [io  0x0600-0x063f] claimed by PIIX4 ACPI
[    1.451549][    T1] pci 0000:00:01.3: quirk: [io  0x0700-0x070f] claimed by PIIX4 SMB
[    1.453865][    T1] pci 0000:00:02.0: [1234:1111] type 00 class 0x030000 conventional PCI endpoint
[    1.456104][    T1] pci 0000:00:02.0: BAR 0 [mem 0xfd000000-0xfdffffff pref]
[    1.458226][    T1] pci 0000:00:02.0: BAR 2 [mem 0xfebf0000-0xfebf0fff]
[    1.462194][    T1] pci 0000:00:02.0: ROM [mem 0xfebe0000-0xfebeffff pref]
[    1.463682][    T1] pci 0000:00:02.0: Video device with shadowed ROM at [mem 0x000c0000-0x000dffff]
[    1.502924][    T1] ACPI: PCI: Interrupt link LNKA configured for IRQ 10
[    1.506739][    T1] ACPI: PCI: Interrupt link LNKB configured for IRQ 10
[    1.510466][    T1] ACPI: PCI: Interrupt link LNKC configured for IRQ 11
[    1.514174][    T1] ACPI: PCI: Interrupt link LNKD configured for IRQ 11
[    1.516192][    T1] ACPI: PCI: Interrupt link LNKS configured for IRQ 9
[    1.538019][    T1] iommu: Default domain type: Translated
[    1.538685][    T1] iommu: DMA domain TLB invalidation policy: lazy mode
[    1.543232][    T1] SCSI subsystem initialized
[    1.549216][    T1] ACPI: bus type USB registered
[    1.550205][    T1] usbcore: registered new interface driver usbfs
[    1.551142][    T1] usbcore: registered new interface driver hub
[    1.552034][    T1] usbcore: registered new device driver usb
[    1.554186][    T1] mc: Linux media interface: v0.10
[    1.554949][    T1] videodev: Linux video capture interface: v2.00
[    1.556250][    T1] pps_core: LinuxPPS API ver. 1 registered
[    1.556929][    T1] pps_core: Software ver. 5.3.6 - Copyright 2005-2007 Rodolfo Giometti <giometti@linux.it>
[    1.558076][    T1] PTP clock support registered
[    1.568487][    T1] EDAC MC: Ver: 3.0.0
[    1.572483][    T1] Advanced Linux Sound Architecture Driver Initialized.
[    1.574211][    T1] Bluetooth: Core ver 2.22
[    1.574211][    T1] NET: Registered PF_BLUETOOTH protocol family
[    1.574211][    T1] Bluetooth: HCI device and connection manager initialized
[    1.574211][    T1] Bluetooth: HCI socket layer initialized
[    1.574770][    T1] Bluetooth: L2CAP socket layer initialized
[    1.575563][    T1] Bluetooth: SCO socket layer initialized
[    1.576327][    T1] NET: Registered PF_ATMPVC protocol family
[    1.577030][    T1] NET: Registered PF_ATMSVC protocol family
[    1.577993][    T1] NetLabel: Initializing
[    1.578514][    T1] NetLabel:  domain hash size = 128
[    1.579150][    T1] NetLabel:  protocols = UNLABELED CIPSOv4 CALIPSO
[    1.580294][    T1] NetLabel:  unlabeled traffic allowed by default
[    1.583051][    T1] nfc: nfc_init: NFC Core ver 0.1
[    1.583990][    T1] NET: Registered PF_NFC protocol family
[    1.584853][    T1] PCI: Using ACPI for IRQ routing
[    1.586352][    T1] pci 0000:00:02.0: vgaarb: setting as boot VGA device
[    1.587181][    T1] pci 0000:00:02.0: vgaarb: bridge control possible
[    1.587943][    T1] pci 0000:00:02.0: vgaarb: VGA device added: decodes=io+mem,owns=io+mem,locks=none
[    1.587963][    T1] vgaarb: loaded
[    1.589664][    T1] hpet0: at MMIO 0xfed00000, IRQs 2, 8, 0
[    1.590388][    T1] hpet0: 3 comparators, 64-bit 100.000000 MHz counter
[    1.597965][    T1] clocksource: Switched to clocksource kvm-clock
[    1.604340][    T1] VFS: Disk quotas dquot_6.6.0
[    1.604340][    T1] VFS: Dquot-cache hash table entries: 512 (order 0, 4096 bytes)
[    1.606011][    T1] netfs: FS-Cache loaded
[    1.607423][    T1] CacheFiles: Loaded
[    1.608395][    T1] TOMOYO: 2.6.0
[    1.608828][    T1] Mandatory Access Control activated.
[    1.609862][    T1] pnp: PnP ACPI init
[    1.620616][    T1] pnp: PnP ACPI: found 6 devices
[    1.676420][    T1] clocksource: acpi_pm: mask: 0xffffff max_cycles: 0xffffff, max_idle_ns: 2085701024 ns
[    1.681814][    T1] NET: Registered PF_INET protocol family
[    1.683027][    T1] IP idents hash table entries: 32768 (order: 6, 262144 bytes, linear)
[    1.687929][    T1] tcp_listen_portaddr_hash hash table entries: 1024 (order: 4, 73728 bytes, linear)
[    1.689259][    T1] Table-perturb hash table entries: 65536 (order: 6, 262144 bytes, linear)
[    1.690323][    T1] TCP established hash table entries: 16384 (order: 5, 131072 bytes, linear)
[    1.694062][    T1] TCP bind hash table entries: 16384 (order: 9, 2359296 bytes, linear)
[    1.697139][    T1] TCP: Hash tables configured (established 16384 bind 16384)
[    1.698836][    T1] MPTCP token hash table entries: 2048 (order: 5, 180224 bytes, linear)
[    1.700111][    T1] UDP hash table entries: 1024 (order: 6, 262144 bytes, linear)
[    1.701267][    T1] UDP-Lite hash table entries: 1024 (order: 6, 262144 bytes, linear)
[    1.703143][    T1] NET: Registered PF_UNIX/PF_LOCAL protocol family
[    1.715798][    T1] RPC: Registered named UNIX socket transport module.
[    1.716613][    T1] RPC: Registered udp transport module.
[    1.717254][    T1] RPC: Registered tcp transport module.
[    1.717893][    T1] RPC: Registered tcp-with-tls transport module.
[    1.718618][    T1] RPC: Registered tcp NFSv4.1 backchannel transport module.
[    1.733409][    T1] NET: Registered PF_XDP protocol family
[    1.734192][    T1] pci_bus 0000:00: resource 4 [io  0x0000-0x0cf7 window]
[    1.735021][    T1] pci_bus 0000:00: resource 5 [io  0x0d00-0xffff window]
[    1.735857][    T1] pci_bus 0000:00: resource 6 [mem 0x000a0000-0x000bffff window]
[    1.736823][    T1] pci_bus 0000:00: resource 7 [mem 0x80000000-0xfebfffff window]
[    1.737771][    T1] pci_bus 0000:00: resource 8 [mem 0x100000000-0x17fffffff window]
[    1.739652][    T1] pci 0000:00:01.0: PIIX3: Enabling Passive Release
[    1.740436][    T1] pci 0000:00:00.0: Limiting direct PCI/PCI transfers
[    1.741454][    T1] PCI: CLS 0 bytes, default 64
[    1.742278][    T1] ACPI: bus type thunderbolt registered
[    1.744537][    T1] kvm_intel: VMX not supported by CPU 1
[    1.745492][    T1] kvm_amd: Nested Virtualization enabled
[    1.746167][    T1] kvm_amd: Nested Paging enabled
[    1.749114][   T39] Trying to unpack rootfs image as initramfs...
[    1.772574][    T1] clocksource: tsc: mask: 0xffffffffffffffff max_cycles: 0x325b186289d, max_idle_ns: 440795326624 ns
[    1.788165][    T1] AES CTR mode by8 optimization enabled
[    2.066515][   T39] Freeing initrd memory: 1352K
[    2.067834][   T72] kworker/u8:4 (72) used greatest stack depth: 28416 bytes left
[    2.070312][   T78] kworker/u8:4 (78) used greatest stack depth: 27536 bytes left
[   12.808291][    T1] Initialise system trusted keyrings
[   12.810472][    T1] workingset: timestamp_bits=40 max_order=19 bucket_order=0
[   12.815406][    T1] DLM installed
[   12.818613][    T1] squashfs: version 4.0 (2009/01/31) Phillip Lougher
[   12.823115][    T1] NFS: Registering the id_resolver key type
[   12.824541][    T1] Key type id_resolver registered
[   12.825719][    T1] Key type id_legacy registered
[   12.827020][    T1] nfs4filelayout_init: NFSv4 File Layout Driver Registering...
[   12.828863][    T1] nfs4flexfilelayout_init: NFSv4 Flexfile Layout Driver Registering...
[   12.841284][    T1] Key type cifs.spnego registered
[   12.842662][    T1] Key type cifs.idmap registered
[   12.847159][    T1] ntfs3: Enabled Linux POSIX ACLs support
[   12.848317][    T1] ntfs3: Read-only LZX/Xpress compression included
[   12.849855][    T1] efs: 1.0a - http://aeschi.ch.eu.org/efs/
[   12.851089][    T1] jffs2: version 2.2. (NAND) (SUMMARY)  © 2001-2006 Red Hat, Inc.
[   12.853650][    T1] romfs: ROMFS MTD (C) 2007 Red Hat, Inc.
[   12.854383][    T1] QNX4 filesystem 0.2.3 registered.
[   12.855014][    T1] qnx6: QNX6 filesystem 1.0.0 registered.
[   12.856209][    T1] fuse: init (API version 7.41)
[   12.858904][    T1] orangefs_debugfs_init: called with debug mask: :none: :0:
[   12.860495][    T1] orangefs_init: module version upstream loaded
[   12.861657][    T1] JFS: nTxBlock = 8192, nTxLock = 65536
[   12.875550][    T1] SGI XFS with ACLs, security attributes, realtime, quota, no debug enabled
[   12.882612][    T1] 9p: Installing v9fs 9p2000 file system support
[   12.884616][    T1] NILFS version 2 loaded
[   12.885571][    T1] befs: version: 0.9.3
[   12.887242][    T1] ocfs2: Registered cluster interface o2cb
[   12.889373][    T1] ocfs2: Registered cluster interface user
[   12.891419][    T1] OCFS2 User DLM kernel interface loaded
[   12.908464][    T1] gfs2: GFS2 installed
[   12.914937][    T1] ceph: loaded (mds proto 32)
[   12.956589][    T1] NET: Registered PF_ALG protocol family
[   12.957365][    T1] xor: automatically using best checksumming function   avx       
[   12.958299][    T1] async_tx: api initialized (async)
[   12.958914][    T1] Key type asymmetric registered
[   12.959524][    T1] Asymmetric key parser 'x509' registered
[   12.960211][    T1] Asymmetric key parser 'pkcs8' registered
[   12.960887][    T1] Key type pkcs7_test registered
[   12.961770][    T1] Block layer SCSI generic (bsg) driver version 0.4 loaded (major 238)
[   12.963800][    T1] io scheduler mq-deadline registered
[   12.965057][    T1] io scheduler kyber registered
[   12.966441][    T1] io scheduler bfq registered
[   12.983431][    T1] input: Power Button as /devices/LNXSYSTM:00/LNXPWRBN:00/input/input0
[   12.990513][    T1] ACPI: button: Power Button [PWRF]
[   13.002471][    T1] ioatdma: Intel(R) QuickData Technology Driver 5.00
[   13.023595][  T191] kworker/u8:0 (191) used greatest stack depth: 27472 bytes left
[   13.368689][    T1] N_HDLC line discipline registered with maxframe=4096
[   13.369736][    T1] Serial: 8250/16550 driver, 4 ports, IRQ sharing enabled
[   13.373513][    T1] 00:04: ttyS0 at I/O 0x3f8 (irq = 4, base_baud = 115200) is a 16550A
[   13.400462][    T1] Non-volatile memory driver v1.3
[   13.401425][    T1] Linux agpgart interface v0.103
[   13.406036][    T1] usbcore: registered new interface driver xillyusb
[   13.410774][    T1] ACPI: bus type drm_connector registered
[   13.416191][    T1] [drm] Initialized vgem 1.0.0 for vgem on minor 0
[   13.422201][    T1] [drm] Initialized vkms 1.0.0 for vkms on minor 1
[   13.493605][    T1] Console: switching to colour frame buffer device 128x48
[   13.510719][    T1] platform vkms: [drm] fb0: vkmsdrmfb frame buffer device
[   13.511811][    T1] usbcore: registered new interface driver udl
[   13.514153][    T1] bochs-drm 0000:00:02.0: vgaarb: deactivate vga console
[   13.519623][    T1] [drm] Found bochs VGA, ID 0xb0c5.
[   13.520217][    T1] [drm] Framebuffer size 16384 kB @ 0xfd000000, mmio @ 0xfebf0000.
[   13.524436][    T1] [drm] Initialized bochs-drm 1.0.0 for 0000:00:02.0 on minor 2
[   13.553534][    T1] fbcon: bochs-drmdrmfb (fb1) is primary device
[   13.553559][    T1] fbcon: Remapping primary device, fb1, to tty 1-63
[   15.449927][    T1] bochs-drm 0000:00:02.0: [drm] fb1: bochs-drmdrmfb frame buffer device
[   15.452259][    T1] usbcore: registered new interface driver gm12u320
[   15.453529][    T1] usbcore: registered new interface driver gud
[   15.454749][  T780] kworker/u8:5 (780) used greatest stack depth: 27232 bytes left
[   15.510499][    T1] brd: module loaded
[   15.599334][    T1] loop: module loaded
[   15.713406][    T1] zram: Added device: zram0
[   15.722379][    T1] null_blk: disk nullb0 created
[   15.723085][    T1] null_blk: module loaded
[   15.724341][    T1] Guest personality initialized and is inactive
[   15.725837][    T1] VMCI host device registered (name=vmci, major=10, minor=118)
[   15.726858][    T1] Initialized host personality
[   15.727770][    T1] usbcore: registered new interface driver rtsx_usb
[   15.729587][    T1] usbcore: registered new interface driver viperboard
[   15.730819][    T1] usbcore: registered new interface driver dln2
[   15.732326][    T1] usbcore: registered new interface driver pn533_usb
[   15.737501][    T1] nfcsim 0.2 initialized
[   15.738224][    T1] usbcore: registered new interface driver port100
[   15.739274][    T1] usbcore: registered new interface driver nfcmrvl
[   15.744905][    T1] Loading iSCSI transport class v2.0-870.
[   15.761460][    T1] st: Version 20160209, fixed bufsize 32768, s/g segs 256
[   15.814715][    T1] scsi host0: ata_piix
[   15.817621][    T1] scsi host1: ata_piix
[   15.819172][    T1] ata1: PATA max MWDMA2 cmd 0x1f0 ctl 0x3f6 bmdma 0xc000 irq 14 lpm-pol 0
[   15.820324][    T1] ata2: PATA max MWDMA2 cmd 0x170 ctl 0x376 bmdma 0xc008 irq 15 lpm-pol 0
[   15.824898][    T1] Rounding down aligned max_sectors from 4294967295 to 4294967288
[   15.826453][    T1] db_root: cannot open: /etc/target
[   15.827994][    T1] slram: not enough parameters.
[   15.833213][    T1] ftl_cs: FTL header not found.
[   15.860086][    T1] wireguard: WireGuard 1.0.0 loaded. See www.wireguard.com for information.
[   15.861099][    T1] wireguard: Copyright (C) 2015-2019 Jason A. Donenfeld <Jason@zx2c4.com>. All Rights Reserved.
[   15.862326][    T1] eql: Equalizer2002: Simon Janes (simon@ncm.com) and David S. Miller (davem@redhat.com)
[   15.869696][    T1] MACsec IEEE 802.1AE
[   15.879415][    T1] usbcore: registered new interface driver mvusb_mdio
[   15.880417][    T1] tun: Universal TUN/TAP device driver, 1.6
[   15.888331][    T1] vcan: Virtual CAN interface driver
[   15.888995][    T1] vxcan: Virtual CAN Tunnel driver
[   15.889624][    T1] slcan: serial line CAN interface driver
[   15.890386][    T1] CAN device driver interface
[   15.891283][    T1] usbcore: registered new interface driver usb_8dev
[   15.892927][    T1] usbcore: registered new interface driver ems_usb
[   15.894042][    T1] usbcore: registered new interface driver esd_usb
[   15.895210][    T1] usbcore: registered new interface driver etas_es58x
[   15.896146][    T1] usbcore: registered new interface driver f81604
[   15.897038][    T1] usbcore: registered new interface driver gs_usb
[   15.897924][    T1] usbcore: registered new interface driver kvaser_usb
[   15.898845][    T1] usbcore: registered new interface driver mcba_usb
[   15.899786][    T1] usbcore: registered new interface driver peak_usb
[   15.900690][    T1] usbcore: registered new interface driver ucan
[   15.905712][    T1] e100: Intel(R) PRO/100 Network Driver
[   15.906362][    T1] e100: Copyright(c) 1999-2006 Intel Corporation
[   15.907254][    T1] e1000: Intel(R) PRO/1000 Network Driver
[   15.907923][    T1] e1000: Copyright (c) 1999-2006 Intel Corporation.
[   15.909831][    T1] e1000e: Intel(R) PRO/1000 Network Driver
[   15.910501][    T1] e1000e: Copyright(c) 1999 - 2015 Intel Corporation.
[   15.922876][    T1] mkiss: AX.25 Multikiss, Hans Albas PE1AYX
[   15.923594][    T1] AX.25: bpqether driver version 004
[   15.924201][    T1] PPP generic driver version 2.4.2
[   15.925771][    T1] PPP BSD Compression module registered
[   15.926424][    T1] PPP Deflate Compression module registered
[   15.927138][    T1] PPP MPPE Compression module registered
[   15.927794][    T1] NET: Registered PF_PPPOX protocol family
[   15.928508][    T1] PPTP driver version 0.8.5
[   15.929514][    T1] SLIP: version 0.8.4-NET3.019-NEWTTY (dynamic channels, max=256) (6 bit encapsulation enabled).
[   15.930704][    T1] CSLIP: code copyright 1989 Regents of the University of California.
[   15.931966][    T1] SLIP linefill/keepalive option.
[   15.933056][    T1] hdlc: HDLC support module revision 1.22
[   15.933744][    T1] LAPB Ethernet driver version 0.02
[   15.935194][    T1] usbcore: registered new interface driver ath9k_htc
[   15.936352][    T1] usbcore: registered new interface driver carl9170
[   15.937478][    T1] usbcore: registered new interface driver ath6kl_usb
[   15.938611][    T1] usbcore: registered new interface driver ar5523
[   15.940117][    T1] usbcore: registered new interface driver ath10k_usb
[   15.941347][    T1] usbcore: registered new interface driver plfxlc
[   15.942565][    T1] mac80211_hwsim: initializing netlink
[   15.972225][    T1] usbcore: registered new interface driver atusb
[   15.981886][ T1005] ata2: found unknown device (class 0)
[   15.983288][ T1005] ata2.00: ATAPI: QEMU DVD-ROM, 2.5+, max UDMA/100
[   15.997844][   T11] scsi 1:0:0:0: CD-ROM            QEMU     QEMU DVD-ROM     2.5+ PQ: 0 ANSI: 5
[   16.004926][    T1] mac802154_hwsim mac802154_hwsim: Added 2 mac802154 hwsim hardware radios
[   16.007883][    T1] VMware vmxnet3 virtual NIC driver - version 1.9.0.0-k-NAPI
[   16.009288][    T1] usbcore: registered new interface driver catc
[   16.010294][    T1] usbcore: registered new interface driver kaweth
[   16.011168][    T1] pegasus: Pegasus/Pegasus II USB Ethernet driver
[   16.013800][    T1] usbcore: registered new interface driver pegasus
[   16.014841][    T1] usbcore: registered new interface driver rtl8150
[   16.015878][    T1] usbcore: registered new device driver r8152-cfgselector
[   16.017012][    T1] usbcore: registered new interface driver r8152
[   16.018089][    T1] usbcore: registered new interface driver hso
[   16.019088][    T1] usbcore: registered new interface driver lan78xx
[   16.020138][    T1] usbcore: registered new interface driver asix
[   16.021150][    T1] usbcore: registered new interface driver ax88179_178a
[   16.022547][    T1] usbcore: registered new interface driver cdc_ether
[   16.023797][    T1] usbcore: registered new interface driver cdc_eem
[   16.024883][    T1] usbcore: registered new interface driver dm9601
[   16.025962][    T1] usbcore: registered new interface driver sr9700
[   16.027005][    T1] usbcore: registered new interface driver CoreChips
[   16.028534][    T1] usbcore: registered new interface driver smsc75xx
[   16.029589][    T1] usbcore: registered new interface driver smsc95xx
[   16.030644][    T1] usbcore: registered new interface driver gl620a
[   16.031728][    T1] usbcore: registered new interface driver net1080
[   16.032782][    T1] usbcore: registered new interface driver plusb
[   16.033826][    T1] usbcore: registered new interface driver rndis_host
[   16.034909][    T1] usbcore: registered new interface driver cdc_subset
[   16.035998][    T1] usbcore: registered new interface driver zaurus
[   16.037044][    T1] usbcore: registered new interface driver MOSCHIP usb-ethernet driver
[   16.038325][    T1] usbcore: registered new interface driver int51x1
[   16.039386][    T1] usbcore: registered new interface driver cdc_phonet
[   16.040479][    T1] usbcore: registered new interface driver kalmia
[   16.041592][    T1] usbcore: registered new interface driver ipheth
[   16.042603][    T1] usbcore: registered new interface driver sierra_net
[   16.043697][    T1] usbcore: registered new interface driver cx82310_eth
[   16.044809][    T1] usbcore: registered new interface driver cdc_ncm
[   16.045863][    T1] usbcore: registered new interface driver huawei_cdc_ncm
[   16.046997][    T1] usbcore: registered new interface driver lg-vl600
[   16.048077][    T1] usbcore: registered new interface driver qmi_wwan
[   16.049156][    T1] usbcore: registered new interface driver cdc_mbim
[   16.050226][    T1] usbcore: registered new interface driver ch9200
[   16.051263][    T1] usbcore: registered new interface driver aqc111
[   16.052353][    T1] usbcore: registered new interface driver r8153_ecm
[   16.066471][    T1] VFIO - User Level meta-driver version: 0.3
[   16.073559][    T1] aoe: AoE v85 initialised.
[   16.085569][    T1] SPI driver max3421-hcd has no spi_device_id for maxim,max3421
[   16.086927][    T1] usbcore: registered new interface driver cdc_acm
[   16.087684][    T1] cdc_acm: USB Abstract Control Model driver for USB modems and ISDN adapters
[   16.088832][    T1] usbcore: registered new interface driver usblp
[   16.089704][    T1] usbcore: registered new interface driver cdc_wdm
[   16.090603][    T1] usbcore: registered new interface driver usbtmc
[   16.096437][   T11] sr 1:0:0:0: [sr0] scsi3-mmc drive: 4x/4x cd/rw xa/form2 tray
[   16.097369][   T11] cdrom: Uniform CD-ROM driver Revision: 3.20
[   16.098693][    T1] usbcore: registered new interface driver uas
[   16.099819][    T1] usbcore: registered new interface driver usb-storage
[   16.100949][    T1] usbcore: registered new interface driver ums-alauda
[   16.103616][    T1] usbcore: registered new interface driver ums-cypress
[   16.104686][    T1] usbcore: registered new interface driver ums-datafab
[   16.105847][    T1] usbcore: registered new interface driver ums_eneub6250
[   16.107006][    T1] usbcore: registered new interface driver ums-freecom
[   16.109147][    T1] usbcore: registered new interface driver ums-isd200
[   16.111311][    T1] usbcore: registered new interface driver ums-jumpshot
[   16.112547][    T1] usbcore: registered new interface driver ums-karma
[   16.113746][    T1] usbcore: registered new interface driver ums-onetouch
[   16.114884][    T1] usbcore: registered new interface driver ums-realtek
[   16.116036][    T1] usbcore: registered new interface driver ums-sddr09
[   16.117158][    T1] usbcore: registered new interface driver ums-sddr55
[   16.118297][    T1] usbcore: registered new interface driver ums-usbat
[   16.119513][    T1] usbcore: registered new interface driver mdc800
[   16.120257][    T1] mdc800: v0.7.5 (30/10/2000):USB Driver for Mustek MDC800 Digital Camera
[   16.121867][    T1] usbcore: registered new interface driver microtekX6
[   16.123440][    T1] usbcore: registered new interface driver usbserial_generic
[   16.124911][    T1] usbserial: USB Serial support registered for generic
[   16.126085][    T1] usbcore: registered new interface driver aircable
[   16.127244][    T1] usbserial: USB Serial support registered for aircable
[   16.128414][    T1] usbcore: registered new interface driver ark3116
[   16.129658][    T1] usbserial: USB Serial support registered for ark3116
[   16.130793][    T1] usbcore: registered new interface driver belkin_sa
[   16.131944][    T1] usbserial: USB Serial support registered for Belkin / Peracom / GoHubs USB Serial Adapter
[   16.133484][    T1] usbcore: registered new interface driver ch341
[   16.134563][    T1] usbserial: USB Serial support registered for ch341-uart
[   16.135942][    T1] usbcore: registered new interface driver cp210x
[   16.137032][    T1] usbserial: USB Serial support registered for cp210x
[   16.138165][    T1] usbcore: registered new interface driver cyberjack
[   16.139944][    T1] usbserial: USB Serial support registered for Reiner SCT Cyberjack USB card reader
[   16.141374][    T1] usbcore: registered new interface driver cypress_m8
[   16.142932][    T1] usbserial: USB Serial support registered for DeLorme Earthmate USB
[   16.144305][    T1] usbserial: USB Serial support registered for HID->COM RS232 Adapter
[   16.146718][    T1] usbserial: USB Serial support registered for Nokia CA-42 V2 Adapter
[   16.147821][    T1] usbcore: registered new interface driver usb_debug
[   16.148706][    T1] usbserial: USB Serial support registered for debug
[   16.149589][    T1] usbserial: USB Serial support registered for xhci_dbc
[   16.150524][    T1] usbcore: registered new interface driver digi_acceleport
[   16.151473][    T1] usbserial: USB Serial support registered for Digi 2 port USB adapter
[   16.154000][    T1] usbserial: USB Serial support registered for Digi 4 port USB adapter
[   16.155288][    T1] usbcore: registered new interface driver io_edgeport
[   16.156417][    T1] usbserial: USB Serial support registered for Edgeport 2 port adapter
[   16.157673][    T1] usbserial: USB Serial support registered for Edgeport 4 port adapter
[   16.158936][    T1] usbserial: USB Serial support registered for Edgeport 8 port adapter
[   16.160210][    T1] usbserial: USB Serial support registered for EPiC device
[   16.161628][    T1] usbcore: registered new interface driver io_ti
[   16.162834][    T1] usbserial: USB Serial support registered for Edgeport TI 1 port adapter
[   16.164172][    T1] usbserial: USB Serial support registered for Edgeport TI 2 port adapter
[   16.165750][    T1] usbcore: registered new interface driver empeg
[   16.166072][    T1] usbserial: USB Serial support registered for empeg
[   16.168967][    T1] usbcore: registered new interface driver f81534a_ctrl
[   16.170231][   T11] sr 1:0:0:0: Attached scsi generic sg0 type 5
[   16.170985][    T1] usbcore: registered new interface driver f81232
[   16.172238][    T1] usbserial: USB Serial support registered for f81232
[   16.173166][    T1] usbserial: USB Serial support registered for f81534a
[   16.174091][    T1] usbcore: registered new interface driver f81534
[   16.174967][    T1] usbserial: USB Serial support registered for Fintek F81532/F81534
[   16.176035][    T1] usbcore: registered new interface driver ftdi_sio
[   16.176912][    T1] usbserial: USB Serial support registered for FTDI USB Serial Device
[   16.177983][    T1] usbcore: registered new interface driver garmin_gps
[   16.178892][    T1] usbserial: USB Serial support registered for Garmin GPS usb/tty
[   16.179924][    T1] usbcore: registered new interface driver ipaq
[   16.180765][    T1] usbserial: USB Serial support registered for PocketPC PDA
[   16.181805][    T1] usbcore: registered new interface driver ipw
[   16.183029][    T1] usbserial: USB Serial support registered for IPWireless converter
[   16.184800][    T1] usbcore: registered new interface driver ir_usb
[   16.185917][    T1] usbserial: USB Serial support registered for IR Dongle
[   16.187024][    T1] usbcore: registered new interface driver iuu_phoenix
[   16.188155][    T1] usbserial: USB Serial support registered for iuu_phoenix
[   16.189341][    T1] usbcore: registered new interface driver keyspan
[   16.190433][    T1] usbserial: USB Serial support registered for Keyspan - (without firmware)
[   16.192751][    T1] usbserial: USB Serial support registered for Keyspan 1 port adapter
[   16.194026][    T1] usbserial: USB Serial support registered for Keyspan 2 port adapter
[   16.195321][    T1] usbserial: USB Serial support registered for Keyspan 4 port adapter
[   16.196616][    T1] usbcore: registered new interface driver keyspan_pda
[   16.197740][    T1] usbserial: USB Serial support registered for Keyspan PDA
[   16.198916][    T1] usbserial: USB Serial support registered for Keyspan PDA - (prerenumeration)
[   16.200296][    T1] usbcore: registered new interface driver kl5kusb105
[   16.201433][    T1] usbserial: USB Serial support registered for KL5KUSB105D / PalmConnect
[   16.202803][    T1] usbcore: registered new interface driver kobil_sct
[   16.203719][    T1] usbserial: USB Serial support registered for KOBIL USB smart card terminal
[   16.204851][    T1] usbcore: registered new interface driver mct_u232
[   16.205759][    T1] usbserial: USB Serial support registered for MCT U232
[   16.206685][    T1] usbcore: registered new interface driver metro_usb
[   16.207578][    T1] usbserial: USB Serial support registered for Metrologic USB to Serial
[   16.208667][    T1] usbcore: registered new interface driver mos7720
[   16.209539][    T1] usbserial: USB Serial support registered for Moschip 2 port adapter
[   16.210607][    T1] usbcore: registered new interface driver mos7840
[   16.211467][    T1] usbserial: USB Serial support registered for Moschip 7840/7820 USB Serial Driver
[   16.214835][    T1] usbcore: registered new interface driver mxuport
[   16.215712][    T1] usbserial: USB Serial support registered for MOXA UPort
[   16.216657][    T1] usbcore: registered new interface driver navman
[   16.217515][    T1] usbserial: USB Serial support registered for navman
[   16.218423][    T1] usbcore: registered new interface driver omninet
[   16.219339][    T1] usbserial: USB Serial support registered for ZyXEL - omni.net usb
[   16.220386][    T1] usbcore: registered new interface driver opticon
[   16.221246][    T1] usbserial: USB Serial support registered for opticon
[   16.222276][    T1] usbcore: registered new interface driver option
[   16.223270][    T1] usbserial: USB Serial support registered for GSM modem (1-port)
[   16.224337][    T1] usbcore: registered new interface driver oti6858
[   16.225781][    T1] usbserial: USB Serial support registered for oti6858
[   16.226709][    T1] usbcore: registered new interface driver pl2303
[   16.227597][    T1] usbserial: USB Serial support registered for pl2303
[   16.228518][    T1] usbcore: registered new interface driver qcaux
[   16.229366][    T1] usbserial: USB Serial support registered for qcaux
[   16.230296][    T1] usbcore: registered new interface driver qcserial
[   16.231179][    T1] usbserial: USB Serial support registered for Qualcomm USB modem
[   16.233041][    T1] usbcore: registered new interface driver quatech2
[   16.233924][    T1] usbserial: USB Serial support registered for Quatech 2nd gen USB to Serial Driver
[   16.235148][    T1] usbcore: registered new interface driver safe_serial
[   16.236098][    T1] usbserial: USB Serial support registered for safe_serial
[   16.237080][    T1] usbcore: registered new interface driver sierra
[   16.237966][    T1] usbserial: USB Serial support registered for Sierra USB modem
[   16.238989][    T1] usbcore: registered new interface driver usb_serial_simple
[   16.239969][    T1] usbserial: USB Serial support registered for carelink
[   16.240893][    T1] usbserial: USB Serial support registered for flashloader
[   16.242411][    T1] usbserial: USB Serial support registered for funsoft
[   16.243330][    T1] usbserial: USB Serial support registered for google
[   16.244236][    T1] usbserial: USB Serial support registered for hp4x
[   16.245122][    T1] usbserial: USB Serial support registered for kaufmann
[   16.246041][    T1] usbserial: USB Serial support registered for libtransistor
[   16.247007][    T1] usbserial: USB Serial support registered for moto_modem
[   16.247962][    T1] usbserial: USB Serial support registered for motorola_tetra
[   16.248940][    T1] usbserial: USB Serial support registered for nokia
[   16.249827][    T1] usbserial: USB Serial support registered for novatel_gps
[   16.250772][    T1] usbserial: USB Serial support registered for siemens_mpi
[   16.251771][    T1] usbserial: USB Serial support registered for suunto
[   16.252718][    T1] usbserial: USB Serial support registered for vivopay
[   16.253638][    T1] usbserial: USB Serial support registered for zio
[   16.254527][    T1] usbcore: registered new interface driver spcp8x5
[   16.255405][    T1] usbserial: USB Serial support registered for SPCP8x5
[   16.256363][    T1] usbcore: registered new interface driver ssu100
[   16.257220][    T1] usbserial: USB Serial support registered for Quatech SSU-100 USB to Serial Driver
[   16.258441][    T1] usbcore: registered new interface driver symbolserial
[   16.259402][    T1] usbserial: USB Serial support registered for symbol
[   16.260321][    T1] usbcore: registered new interface driver ti_usb_3410_5052
[   16.261301][    T1] usbserial: USB Serial support registered for TI USB 3410 1 port adapter
[   16.262475][    T1] usbserial: USB Serial support registered for TI USB 5052 2 port adapter
[   16.263932][    T1] usbcore: registered new interface driver upd78f0730
[   16.264841][    T1] usbserial: USB Serial support registered for upd78f0730
[   16.265794][    T1] usbcore: registered new interface driver visor
[   16.266663][    T1] usbserial: USB Serial support registered for Handspring Visor / Palm OS
[   16.267774][    T1] usbserial: USB Serial support registered for Sony Clie 5.0
[   16.268758][    T1] usbserial: USB Serial support registered for Sony Clie 3.5
[   16.270152][    T1] usbcore: registered new interface driver wishbone_serial
[   16.271107][    T1] usbserial: USB Serial support registered for wishbone_serial
[   16.272173][    T1] usbcore: registered new interface driver whiteheat
[   16.273068][    T1] usbserial: USB Serial support registered for Connect Tech - WhiteHEAT - (prerenumeration)
[   16.274340][    T1] usbserial: USB Serial support registered for Connect Tech - WhiteHEAT
[   16.275436][    T1] usbcore: registered new interface driver xr_serial
[   16.276321][    T1] usbserial: USB Serial support registered for xr_serial
[   16.277258][    T1] usbcore: registered new interface driver xsens_mt
[   16.278130][    T1] usbserial: USB Serial support registered for xsens_mt
[   16.279103][    T1] usbcore: registered new interface driver adutux
[   16.280037][    T1] usbcore: registered new interface driver appledisplay
[   16.281000][    T1] usbcore: registered new interface driver cypress_cy7c63
[   16.282399][    T1] usbcore: registered new interface driver cytherm
[   16.283317][    T1] usbcore: registered new interface driver emi26 - firmware loader
[   16.284389][    T1] usbcore: registered new interface driver emi62 - firmware loader
[   16.285442][    T1] usbcore: registered new device driver apple-mfi-fastcharge
[   16.286476][    T1] usbcore: registered new interface driver ljca
[   16.287395][    T1] usbcore: registered new interface driver idmouse
[   16.288304][    T1] usbcore: registered new interface driver iowarrior
[   16.289248][    T1] usbcore: registered new interface driver isight_firmware
[   16.290241][    T1] usbcore: registered new interface driver usblcd
[   16.291135][    T1] usbcore: registered new interface driver ldusb
[   16.292633][    T1] usbcore: registered new interface driver legousbtower
[   16.293639][    T1] usbcore: registered new interface driver usbtest
[   16.294557][    T1] usbcore: registered new interface driver usb_ehset_test
[   16.295851][    T1] usbcore: registered new interface driver trancevibrator
[   16.296872][    T1] usbcore: registered new interface driver uss720
[   16.297621][    T1] uss720: USB Parport Cable driver for Cables using the Lucent Technologies USS720 Chip
[   16.298748][    T1] uss720: NOTE: this is a special purpose driver to allow nonstandard
[   16.299687][    T1] uss720: protocols (eg. bitbang) over USS720 usb to parallel cables
[   16.300607][    T1] uss720: If you just want to connect to a printer, use usblp instead
[   16.301854][    T1] usbcore: registered new interface driver usbsevseg
[   16.302825][    T1] usbcore: registered new interface driver yurex
[   16.304274][    T1] usbcore: registered new interface driver chaoskey
[   16.305759][    T1] usbcore: registered new interface driver sisusb
[   16.307046][    T1] usbcore: registered new interface driver lvs
[   16.307927][    T1] usbcore: registered new interface driver cxacru
[   16.308831][    T1] usbcore: registered new interface driver speedtch
[   16.309758][    T1] usbcore: registered new interface driver ueagle-atm
[   16.310548][    T1] xusbatm: malformed module parameters
[   16.312914][    T1] dummy_hcd dummy_hcd.0: USB Host+Gadget Emulator, driver 02 May 2005
[   16.315026][    T1] dummy_hcd dummy_hcd.0: Dummy host controller
[   16.317250][    T1] dummy_hcd dummy_hcd.0: new USB bus registered, assigned bus number 1
[   16.319699][    T1] usb usb1: New USB device found, idVendor=1d6b, idProduct=0002, bcdDevice= 6.13
[   16.320813][    T1] usb usb1: New USB device strings: Mfr=3, Product=2, SerialNumber=1
[   16.322059][    T1] usb usb1: Product: Dummy host controller
[   16.322752][    T1] usb usb1: Manufacturer: Linux 6.13.0-rc2-00020-gdacc259fc9ff-dirty dummy_hcd
[   16.323813][    T1] usb usb1: SerialNumber: dummy_hcd.0
[   16.328135][    T1] hub 1-0:1.0: USB hub found
[   16.329093][    T1] hub 1-0:1.0: 1 port detected
[   16.337709][    T1] SPI driver max3420-udc has no spi_device_id for maxim,max3421-udc
[   16.340584][    T1] gadgetfs: USB Gadget filesystem, version 24 Aug 2004
[   16.344199][    T1] vhci_hcd vhci_hcd.0: USB/IP Virtual Host Controller
[   16.345879][    T1] vhci_hcd vhci_hcd.0: new USB bus registered, assigned bus number 2
[   16.347342][    T1] vhci_hcd: created sysfs vhci_hcd.0
[   16.349301][    T1] usb usb2: New USB device found, idVendor=1d6b, idProduct=0002, bcdDevice= 6.13
[   16.350375][    T1] usb usb2: New USB device strings: Mfr=3, Product=2, SerialNumber=1
[   16.351332][    T1] usb usb2: Product: USB/IP Virtual Host Controller
[   16.352863][    T1] usb usb2: Manufacturer: Linux 6.13.0-rc2-00020-gdacc259fc9ff-dirty vhci_hcd
[   16.353905][    T1] usb usb2: SerialNumber: vhci_hcd.0
[   16.357203][    T1] hub 2-0:1.0: USB hub found
[   16.357988][    T1] hub 2-0:1.0: 8 ports detected
[   16.367635][    T1] vhci_hcd vhci_hcd.0: USB/IP Virtual Host Controller
[   16.369198][    T1] vhci_hcd vhci_hcd.0: new USB bus registered, assigned bus number 3
[   16.370545][    T1] usb usb3: We don't know the algorithms for LPM for this host, disabling LPM.
[   16.373253][    T1] usb usb3: New USB device found, idVendor=1d6b, idProduct=0003, bcdDevice= 6.13
[   16.374327][    T1] usb usb3: New USB device strings: Mfr=3, Product=2, SerialNumber=1
[   16.375271][    T1] usb usb3: Product: USB/IP Virtual Host Controller
[   16.376076][    T1] usb usb3: Manufacturer: Linux 6.13.0-rc2-00020-gdacc259fc9ff-dirty vhci_hcd
[   16.377100][    T1] usb usb3: SerialNumber: vhci_hcd.0
[   16.380396][    T1] hub 3-0:1.0: USB hub found
[   16.381132][    T1] hub 3-0:1.0: 8 ports detected
[   16.391744][    T1] vhci_hcd vhci_hcd.1: USB/IP Virtual Host Controller
[   16.393405][    T1] vhci_hcd vhci_hcd.1: new USB bus registered, assigned bus number 4
[   16.395209][    T1] usb usb4: New USB device found, idVendor=1d6b, idProduct=0002, bcdDevice= 6.13
[   16.396300][    T1] usb usb4: New USB device strings: Mfr=3, Product=2, SerialNumber=1
[   16.397246][    T1] usb usb4: Product: USB/IP Virtual Host Controller
[   16.398016][    T1] usb usb4: Manufacturer: Linux 6.13.0-rc2-00020-gdacc259fc9ff-dirty vhci_hcd
[   16.399038][    T1] usb usb4: SerialNumber: vhci_hcd.1
[   16.402320][    T1] hub 4-0:1.0: USB hub found
[   16.403064][    T1] hub 4-0:1.0: 8 ports detected
[   16.410233][    T1] vhci_hcd vhci_hcd.1: USB/IP Virtual Host Controller
[   16.413219][    T1] vhci_hcd vhci_hcd.1: new USB bus registered, assigned bus number 5
[   16.414511][    T1] usb usb5: We don't know the algorithms for LPM for this host, disabling LPM.
[   16.416283][    T1] usb usb5: New USB device found, idVendor=1d6b, idProduct=0003, bcdDevice= 6.13
[   16.417361][    T1] usb usb5: New USB device strings: Mfr=3, Product=2, SerialNumber=1
[   16.418299][    T1] usb usb5: Product: USB/IP Virtual Host Controller
[   16.419104][    T1] usb usb5: Manufacturer: Linux 6.13.0-rc2-00020-gdacc259fc9ff-dirty vhci_hcd
[   16.420139][    T1] usb usb5: SerialNumber: vhci_hcd.1
[   16.423708][    T1] hub 5-0:1.0: USB hub found
[   16.424496][    T1] hub 5-0:1.0: 8 ports detected
[   16.434486][    T1] vhci_hcd vhci_hcd.2: USB/IP Virtual Host Controller
[   16.436356][    T1] vhci_hcd vhci_hcd.2: new USB bus registered, assigned bus number 6
[   16.438164][    T1] usb usb6: New USB device found, idVendor=1d6b, idProduct=0002, bcdDevice= 6.13
[   16.439238][    T1] usb usb6: New USB device strings: Mfr=3, Product=2, SerialNumber=1
[   16.440198][    T1] usb usb6: Product: USB/IP Virtual Host Controller
[   16.440968][    T1] usb usb6: Manufacturer: Linux 6.13.0-rc2-00020-gdacc259fc9ff-dirty vhci_hcd
[   16.442035][    T1] usb usb6: SerialNumber: vhci_hcd.2
[   16.445598][    T1] hub 6-0:1.0: USB hub found
[   16.446323][    T1] hub 6-0:1.0: 8 ports detected
[   16.453696][    T1] vhci_hcd vhci_hcd.2: USB/IP Virtual Host Controller
[   16.455857][    T1] vhci_hcd vhci_hcd.2: new USB bus registered, assigned bus number 7
[   16.457144][    T1] usb usb7: We don't know the algorithms for LPM for this host, disabling LPM.
[   16.458892][    T1] usb usb7: New USB device found, idVendor=1d6b, idProduct=0003, bcdDevice= 6.13
[   16.459973][    T1] usb usb7: New USB device strings: Mfr=3, Product=2, SerialNumber=1
[   16.460911][    T1] usb usb7: Product: USB/IP Virtual Host Controller
[   16.461716][    T1] usb usb7: Manufacturer: Linux 6.13.0-rc2-00020-gdacc259fc9ff-dirty vhci_hcd
[   16.462740][    T1] usb usb7: SerialNumber: vhci_hcd.2
[   16.466242][    T1] hub 7-0:1.0: USB hub found
[   16.466964][    T1] hub 7-0:1.0: 8 ports detected
[   16.477482][    T1] vhci_hcd vhci_hcd.3: USB/IP Virtual Host Controller
[   16.479171][    T1] vhci_hcd vhci_hcd.3: new USB bus registered, assigned bus number 8
[   16.480994][    T1] usb usb8: New USB device found, idVendor=1d6b, idProduct=0002, bcdDevice= 6.13
[   16.482126][    T1] usb usb8: New USB device strings: Mfr=3, Product=2, SerialNumber=1
[   16.483071][    T1] usb usb8: Product: USB/IP Virtual Host Controller
[   16.483850][    T1] usb usb8: Manufacturer: Linux 6.13.0-rc2-00020-gdacc259fc9ff-dirty vhci_hcd
[   16.484883][    T1] usb usb8: SerialNumber: vhci_hcd.3
[   16.488522][    T1] hub 8-0:1.0: USB hub found
[   16.489244][    T1] hub 8-0:1.0: 8 ports detected
[   16.496304][    T1] vhci_hcd vhci_hcd.3: USB/IP Virtual Host Controller
[   16.498582][    T1] vhci_hcd vhci_hcd.3: new USB bus registered, assigned bus number 9
[   16.499879][    T1] usb usb9: We don't know the algorithms for LPM for this host, disabling LPM.
[   16.501744][    T1] usb usb9: New USB device found, idVendor=1d6b, idProduct=0003, bcdDevice= 6.13
[   16.502833][    T1] usb usb9: New USB device strings: Mfr=3, Product=2, SerialNumber=1
[   16.503793][    T1] usb usb9: Product: USB/IP Virtual Host Controller
[   16.504583][    T1] usb usb9: Manufacturer: Linux 6.13.0-rc2-00020-gdacc259fc9ff-dirty vhci_hcd
[   16.505606][    T1] usb usb9: SerialNumber: vhci_hcd.3
[   16.509160][    T1] hub 9-0:1.0: USB hub found
[   16.509883][    T1] hub 9-0:1.0: 8 ports detected
[   16.520218][    T1] vhci_hcd vhci_hcd.4: USB/IP Virtual Host Controller
[   16.522252][    T1] vhci_hcd vhci_hcd.4: new USB bus registered, assigned bus number 10
[   16.524075][    T1] usb usb10: New USB device found, idVendor=1d6b, idProduct=0002, bcdDevice= 6.13
[   16.525153][    T1] usb usb10: New USB device strings: Mfr=3, Product=2, SerialNumber=1
[   16.526103][    T1] usb usb10: Product: USB/IP Virtual Host Controller
[   16.526882][    T1] usb usb10: Manufacturer: Linux 6.13.0-rc2-00020-gdacc259fc9ff-dirty vhci_hcd
[   16.527920][    T1] usb usb10: SerialNumber: vhci_hcd.4
[   16.531405][    T1] hub 10-0:1.0: USB hub found
[   16.532213][    T1] hub 10-0:1.0: 8 ports detected
[   16.539895][    T1] vhci_hcd vhci_hcd.4: USB/IP Virtual Host Controller
[   16.541917][    T1] vhci_hcd vhci_hcd.4: new USB bus registered, assigned bus number 11
[   16.543227][    T1] usb usb11: We don't know the algorithms for LPM for this host, disabling LPM.
[   16.545055][    T1] usb usb11: New USB device found, idVendor=1d6b, idProduct=0003, bcdDevice= 6.13
[   16.546145][    T1] usb usb11: New USB device strings: Mfr=3, Product=2, SerialNumber=1
[   16.547109][    T1] usb usb11: Product: USB/IP Virtual Host Controller
[   16.547896][    T1] usb usb11: Manufacturer: Linux 6.13.0-rc2-00020-gdacc259fc9ff-dirty vhci_hcd
[   16.548923][    T1] usb usb11: SerialNumber: vhci_hcd.4
[   16.552627][    T1] hub 11-0:1.0: USB hub found
[   16.553587][    T1] hub 11-0:1.0: 8 ports detected
[   16.563527][    T1] vhci_hcd vhci_hcd.5: USB/IP Virtual Host Controller
[   16.565219][    T1] vhci_hcd vhci_hcd.5: new USB bus registered, assigned bus number 12
[   16.567048][    T1] usb usb12: New USB device found, idVendor=1d6b, idProduct=0002, bcdDevice= 6.13
[   16.568150][    T1] usb usb12: New USB device strings: Mfr=3, Product=2, SerialNumber=1
[   16.569123][    T1] usb usb12: Product: USB/IP Virtual Host Controller
[   16.569905][    T1] usb usb12: Manufacturer: Linux 6.13.0-rc2-00020-gdacc259fc9ff-dirty vhci_hcd
[   16.570954][    T1] usb usb12: SerialNumber: vhci_hcd.5
[   16.574476][    T1] hub 12-0:1.0: USB hub found
[   16.575210][    T1] hub 12-0:1.0: 8 ports detected
[   16.583110][    T1] vhci_hcd vhci_hcd.5: USB/IP Virtual Host Controller
[   16.585428][    T1] vhci_hcd vhci_hcd.5: new USB bus registered, assigned bus number 13
[   16.586768][    T1] usb usb13: We don't know the algorithms for LPM for this host, disabling LPM.
[   16.588533][    T1] usb usb13: New USB device found, idVendor=1d6b, idProduct=0003, bcdDevice= 6.13
[   16.589607][    T1] usb usb13: New USB device strings: Mfr=3, Product=2, SerialNumber=1
[   16.590561][    T1] usb usb13: Product: USB/IP Virtual Host Controller
[   16.591349][    T1] usb usb13: Manufacturer: Linux 6.13.0-rc2-00020-gdacc259fc9ff-dirty vhci_hcd
[   16.592417][    T1] usb usb13: SerialNumber: vhci_hcd.5
[   16.596009][    T1] hub 13-0:1.0: USB hub found
[   16.596746][    T1] hub 13-0:1.0: 8 ports detected
[   16.606922][    T1] vhci_hcd vhci_hcd.6: USB/IP Virtual Host Controller
[   16.608772][    T1] vhci_hcd vhci_hcd.6: new USB bus registered, assigned bus number 14
[   16.610590][    T1] usb usb14: New USB device found, idVendor=1d6b, idProduct=0002, bcdDevice= 6.13
[   16.611723][    T1] usb usb14: New USB device strings: Mfr=3, Product=2, SerialNumber=1
[   16.612680][    T1] usb usb14: Product: USB/IP Virtual Host Controller
[   16.613460][    T1] usb usb14: Manufacturer: Linux 6.13.0-rc2-00020-gdacc259fc9ff-dirty vhci_hcd
[   16.614493][    T1] usb usb14: SerialNumber: vhci_hcd.6
[   16.617973][    T1] hub 14-0:1.0: USB hub found
[   16.618877][    T1] hub 14-0:1.0: 8 ports detected
[   16.627096][    T1] vhci_hcd vhci_hcd.6: USB/IP Virtual Host Controller
[   16.628764][    T1] vhci_hcd vhci_hcd.6: new USB bus registered, assigned bus number 15
[   16.630173][    T1] usb usb15: We don't know the algorithms for LPM for this host, disabling LPM.
[   16.632009][    T1] usb usb15: New USB device found, idVendor=1d6b, idProduct=0003, bcdDevice= 6.13
[   16.633085][    T1] usb usb15: New USB device strings: Mfr=3, Product=2, SerialNumber=1
[   16.634043][    T1] usb usb15: Product: USB/IP Virtual Host Controller
[   16.634830][    T1] usb usb15: Manufacturer: Linux 6.13.0-rc2-00020-gdacc259fc9ff-dirty vhci_hcd
[   16.635894][    T1] usb usb15: SerialNumber: vhci_hcd.6
[   16.639464][    T1] hub 15-0:1.0: USB hub found
[   16.640208][    T1] hub 15-0:1.0: 8 ports detected
[   16.649355][    T1] vhci_hcd vhci_hcd.7: USB/IP Virtual Host Controller
[   16.652175][    T1] vhci_hcd vhci_hcd.7: new USB bus registered, assigned bus number 16
[   16.657590][    T1] usb usb16: New USB device found, idVendor=1d6b, idProduct=0002, bcdDevice= 6.13
[   16.660011][    T1] usb usb16: New USB device strings: Mfr=3, Product=2, SerialNumber=1
[   16.663629][    T1] usb usb16: Product: USB/IP Virtual Host Controller
[   16.665110][    T1] usb usb16: Manufacturer: Linux 6.13.0-rc2-00020-gdacc259fc9ff-dirty vhci_hcd
[   16.667082][    T1] usb usb16: SerialNumber: vhci_hcd.7
[   16.673037][    T1] hub 16-0:1.0: USB hub found
[   16.674467][    T1] hub 16-0:1.0: 8 ports detected
[   16.688382][    T1] vhci_hcd vhci_hcd.7: USB/IP Virtual Host Controller
[   16.691758][    T1] vhci_hcd vhci_hcd.7: new USB bus registered, assigned bus number 17
[   16.693221][    T1] usb usb17: We don't know the algorithms for LPM for this host, disabling LPM.
[   16.694988][    T1] usb usb17: New USB device found, idVendor=1d6b, idProduct=0003, bcdDevice= 6.13
[   16.696063][    T1] usb usb17: New USB device strings: Mfr=3, Product=2, SerialNumber=1
[   16.697005][    T1] usb usb17: Product: USB/IP Virtual Host Controller
[   16.697777][    T1] usb usb17: Manufacturer: Linux 6.13.0-rc2-00020-gdacc259fc9ff-dirty vhci_hcd
[   16.698800][    T1] usb usb17: SerialNumber: vhci_hcd.7
[   16.702333][    T1] hub 17-0:1.0: USB hub found
[   16.703059][    T1] hub 17-0:1.0: 8 ports detected
[   16.712818][    T1] vhci_hcd vhci_hcd.8: USB/IP Virtual Host Controller
[   16.714673][    T1] vhci_hcd vhci_hcd.8: new USB bus registered, assigned bus number 18
[   16.716503][    T1] usb usb18: New USB device found, idVendor=1d6b, idProduct=0002, bcdDevice= 6.13
[   16.717585][    T1] usb usb18: New USB device strings: Mfr=3, Product=2, SerialNumber=1
[   16.718541][    T1] usb usb18: Product: USB/IP Virtual Host Controller
[   16.719350][    T1] usb usb18: Manufacturer: Linux 6.13.0-rc2-00020-gdacc259fc9ff-dirty vhci_hcd
[   16.720383][    T1] usb usb18: SerialNumber: vhci_hcd.8
[   16.724665][    T1] hub 18-0:1.0: USB hub found
[   16.725394][    T1] hub 18-0:1.0: 8 ports detected
[   16.733678][    T1] vhci_hcd vhci_hcd.8: USB/IP Virtual Host Controller
[   16.735304][    T1] vhci_hcd vhci_hcd.8: new USB bus registered, assigned bus number 19
[   16.736639][    T1] usb usb19: We don't know the algorithms for LPM for this host, disabling LPM.
[   16.738425][    T1] usb usb19: New USB device found, idVendor=1d6b, idProduct=0003, bcdDevice= 6.13
[   16.739813][    T1] usb usb19: New USB device strings: Mfr=3, Product=2, SerialNumber=1
[   16.741962][    T1] usb usb19: Product: USB/IP Virtual Host Controller
[   16.743580][    T1] usb usb19: Manufacturer: Linux 6.13.0-rc2-00020-gdacc259fc9ff-dirty vhci_hcd
[   16.745056][    T1] usb usb19: SerialNumber: vhci_hcd.8
[   16.748711][    T1] hub 19-0:1.0: USB hub found
[   16.749475][    T1] hub 19-0:1.0: 8 ports detected
[   16.759929][    T1] vhci_hcd vhci_hcd.9: USB/IP Virtual Host Controller
[   16.762603][    T1] vhci_hcd vhci_hcd.9: new USB bus registered, assigned bus number 20
[   16.764613][    T1] usb usb20: New USB device found, idVendor=1d6b, idProduct=0002, bcdDevice= 6.13
[   16.765728][    T1] usb usb20: New USB device strings: Mfr=3, Product=2, SerialNumber=1
[   16.766722][    T1] usb usb20: Product: USB/IP Virtual Host Controller
[   16.767540][    T1] usb usb20: Manufacturer: Linux 6.13.0-rc2-00020-gdacc259fc9ff-dirty vhci_hcd
[   16.768611][    T1] usb usb20: SerialNumber: vhci_hcd.9
[   16.772284][    T1] hub 20-0:1.0: USB hub found
[   16.773043][    T1] hub 20-0:1.0: 8 ports detected
[   16.781435][    T1] vhci_hcd vhci_hcd.9: USB/IP Virtual Host Controller
[   16.783168][    T1] vhci_hcd vhci_hcd.9: new USB bus registered, assigned bus number 21
[   16.784522][    T1] usb usb21: We don't know the algorithms for LPM for this host, disabling LPM.
[   16.786359][    T1] usb usb21: New USB device found, idVendor=1d6b, idProduct=0003, bcdDevice= 6.13
[   16.787493][    T1] usb usb21: New USB device strings: Mfr=3, Product=2, SerialNumber=1
[   16.788482][    T1] usb usb21: Product: USB/IP Virtual Host Controller
[   16.789294][    T1] usb usb21: Manufacturer: Linux 6.13.0-rc2-00020-gdacc259fc9ff-dirty vhci_hcd
[   16.790357][    T1] usb usb21: SerialNumber: vhci_hcd.9
[   16.794127][    T1] hub 21-0:1.0: USB hub found
[   16.794894][    T1] hub 21-0:1.0: 8 ports detected
[   16.803980][    T1] vhci_hcd vhci_hcd.10: USB/IP Virtual Host Controller
[   16.806857][    T1] vhci_hcd vhci_hcd.10: new USB bus registered, assigned bus number 22
[   16.808868][    T1] usb usb22: New USB device found, idVendor=1d6b, idProduct=0002, bcdDevice= 6.13
[   16.809980][    T1] usb usb22: New USB device strings: Mfr=3, Product=2, SerialNumber=1
[   16.810969][    T1] usb usb22: Product: USB/IP Virtual Host Controller
[   16.811822][    T1] usb usb22: Manufacturer: Linux 6.13.0-rc2-00020-gdacc259fc9ff-dirty vhci_hcd
[   16.812891][    T1] usb usb22: SerialNumber: vhci_hcd.10
[   16.816423][    T1] hub 22-0:1.0: USB hub found
[   16.817176][    T1] hub 22-0:1.0: 8 ports detected
[   16.825516][    T1] vhci_hcd vhci_hcd.10: USB/IP Virtual Host Controller
[   16.827207][    T1] vhci_hcd vhci_hcd.10: new USB bus registered, assigned bus number 23
[   16.828576][    T1] usb usb23: We don't know the algorithms for LPM for this host, disabling LPM.
[   16.830375][    T1] usb usb23: New USB device found, idVendor=1d6b, idProduct=0003, bcdDevice= 6.13
[   16.831524][    T1] usb usb23: New USB device strings: Mfr=3, Product=2, SerialNumber=1
[   16.832508][    T1] usb usb23: Product: USB/IP Virtual Host Controller
[   16.833314][    T1] usb usb23: Manufacturer: Linux 6.13.0-rc2-00020-gdacc259fc9ff-dirty vhci_hcd
[   16.834377][    T1] usb usb23: SerialNumber: vhci_hcd.10
[   16.838166][    T1] hub 23-0:1.0: USB hub found
[   16.838930][    T1] hub 23-0:1.0: 8 ports detected
[   16.849199][    T1] vhci_hcd vhci_hcd.11: USB/IP Virtual Host Controller
[   16.850903][    T1] vhci_hcd vhci_hcd.11: new USB bus registered, assigned bus number 24
[   16.852851][    T1] usb usb24: New USB device found, idVendor=1d6b, idProduct=0002, bcdDevice= 6.13
[   16.853966][    T1] usb usb24: New USB device strings: Mfr=3, Product=2, SerialNumber=1
[   16.854953][    T1] usb usb24: Product: USB/IP Virtual Host Controller
[   16.855790][    T1] usb usb24: Manufacturer: Linux 6.13.0-rc2-00020-gdacc259fc9ff-dirty vhci_hcd
[   16.856853][    T1] usb usb24: SerialNumber: vhci_hcd.11
[   16.860540][    T1] hub 24-0:1.0: USB hub found
[   16.861297][    T1] hub 24-0:1.0: 8 ports detected
[   16.868822][    T1] vhci_hcd vhci_hcd.11: USB/IP Virtual Host Controller
[   16.871074][    T1] vhci_hcd vhci_hcd.11: new USB bus registered, assigned bus number 25
[   16.872471][    T1] usb usb25: We don't know the algorithms for LPM for this host, disabling LPM.
[   16.874278][    T1] usb usb25: New USB device found, idVendor=1d6b, idProduct=0003, bcdDevice= 6.13
[   16.875384][    T1] usb usb25: New USB device strings: Mfr=3, Product=2, SerialNumber=1
[   16.876361][    T1] usb usb25: Product: USB/IP Virtual Host Controller
[   16.877161][    T1] usb usb25: Manufacturer: Linux 6.13.0-rc2-00020-gdacc259fc9ff-dirty vhci_hcd
[   16.878231][    T1] usb usb25: SerialNumber: vhci_hcd.11
[   16.881824][    T1] hub 25-0:1.0: USB hub found
[   16.882579][    T1] hub 25-0:1.0: 8 ports detected
[   16.892775][    T1] vhci_hcd vhci_hcd.12: USB/IP Virtual Host Controller
[   16.894591][    T1] vhci_hcd vhci_hcd.12: new USB bus registered, assigned bus number 26
[   16.896476][    T1] usb usb26: New USB device found, idVendor=1d6b, idProduct=0002, bcdDevice= 6.13
[   16.897592][    T1] usb usb26: New USB device strings: Mfr=3, Product=2, SerialNumber=1
[   16.898575][    T1] usb usb26: Product: USB/IP Virtual Host Controller
[   16.899388][    T1] usb usb26: Manufacturer: Linux 6.13.0-rc2-00020-gdacc259fc9ff-dirty vhci_hcd
[   16.900479][    T1] usb usb26: SerialNumber: vhci_hcd.12
[   16.904534][    T1] hub 26-0:1.0: USB hub found
[   16.905307][    T1] hub 26-0:1.0: 8 ports detected
[   16.912760][    T1] vhci_hcd vhci_hcd.12: USB/IP Virtual Host Controller
[   16.915054][    T1] vhci_hcd vhci_hcd.12: new USB bus registered, assigned bus number 27
[   16.916441][    T1] usb usb27: We don't know the algorithms for LPM for this host, disabling LPM.
[   16.918277][    T1] usb usb27: New USB device found, idVendor=1d6b, idProduct=0003, bcdDevice= 6.13
[   16.919457][    T1] usb usb27: New USB device strings: Mfr=3, Product=2, SerialNumber=1
[   16.920464][    T1] usb usb27: Product: USB/IP Virtual Host Controller
[   16.921291][    T1] usb usb27: Manufacturer: Linux 6.13.0-rc2-00020-gdacc259fc9ff-dirty vhci_hcd
[   16.922423][    T1] usb usb27: SerialNumber: vhci_hcd.12
[   16.925989][    T1] hub 27-0:1.0: USB hub found
[   16.926924][    T1] hub 27-0:1.0: 8 ports detected
[   16.937135][    T1] vhci_hcd vhci_hcd.13: USB/IP Virtual Host Controller
[   16.938837][    T1] vhci_hcd vhci_hcd.13: new USB bus registered, assigned bus number 28
[   16.940748][    T1] usb usb28: New USB device found, idVendor=1d6b, idProduct=0002, bcdDevice= 6.13
[   16.942228][    T1] usb usb28: New USB device strings: Mfr=3, Product=2, SerialNumber=1
[   16.943237][    T1] usb usb28: Product: USB/IP Virtual Host Controller
[   16.944071][    T1] usb usb28: Manufacturer: Linux 6.13.0-rc2-00020-gdacc259fc9ff-dirty vhci_hcd
[   16.945164][    T1] usb usb28: SerialNumber: vhci_hcd.13
[   16.948872][    T1] hub 28-0:1.0: USB hub found
[   16.949625][    T1] hub 28-0:1.0: 8 ports detected
[   16.957539][    T1] vhci_hcd vhci_hcd.13: USB/IP Virtual Host Controller
[   16.959267][    T1] vhci_hcd vhci_hcd.13: new USB bus registered, assigned bus number 29
[   16.960646][    T1] usb usb29: We don't know the algorithms for LPM for this host, disabling LPM.
[   16.964148][    T1] usb usb29: New USB device found, idVendor=1d6b, idProduct=0003, bcdDevice= 6.13
[   16.966276][    T1] usb usb29: New USB device strings: Mfr=3, Product=2, SerialNumber=1
[   16.968158][    T1] usb usb29: Product: USB/IP Virtual Host Controller
[   16.969686][    T1] usb usb29: Manufacturer: Linux 6.13.0-rc2-00020-gdacc259fc9ff-dirty vhci_hcd
[   16.972256][    T1] usb usb29: SerialNumber: vhci_hcd.13
[   16.978619][    T1] hub 29-0:1.0: USB hub found
[   16.980184][    T1] hub 29-0:1.0: 8 ports detected
[   16.999295][    T1] vhci_hcd vhci_hcd.14: USB/IP Virtual Host Controller
[   17.004442][    T1] vhci_hcd vhci_hcd.14: new USB bus registered, assigned bus number 30
[   17.006273][    T1] usb usb30: New USB device found, idVendor=1d6b, idProduct=0002, bcdDevice= 6.13
[   17.007350][    T1] usb usb30: New USB device strings: Mfr=3, Product=2, SerialNumber=1
[   17.008349][    T1] usb usb30: Product: USB/IP Virtual Host Controller
[   17.009132][    T1] usb usb30: Manufacturer: Linux 6.13.0-rc2-00020-gdacc259fc9ff-dirty vhci_hcd
[   17.010168][    T1] usb usb30: SerialNumber: vhci_hcd.14
[   17.013933][    T1] hub 30-0:1.0: USB hub found
[   17.014676][    T1] hub 30-0:1.0: 8 ports detected
[   17.022803][    T1] vhci_hcd vhci_hcd.14: USB/IP Virtual Host Controller
[   17.024439][    T1] vhci_hcd vhci_hcd.14: new USB bus registered, assigned bus number 31
[   17.025750][    T1] usb usb31: We don't know the algorithms for LPM for this host, disabling LPM.
[   17.027552][    T1] usb usb31: New USB device found, idVendor=1d6b, idProduct=0003, bcdDevice= 6.13
[   17.028628][    T1] usb usb31: New USB device strings: Mfr=3, Product=2, SerialNumber=1
[   17.029584][    T1] usb usb31: Product: USB/IP Virtual Host Controller
[   17.030364][    T1] usb usb31: Manufacturer: Linux 6.13.0-rc2-00020-gdacc259fc9ff-dirty vhci_hcd
[   17.031402][    T1] usb usb31: SerialNumber: vhci_hcd.14
[   17.036537][    T1] hub 31-0:1.0: USB hub found
[   17.037268][    T1] hub 31-0:1.0: 8 ports detected
[   17.046315][    T1] vhci_hcd vhci_hcd.15: USB/IP Virtual Host Controller
[   17.048648][    T1] vhci_hcd vhci_hcd.15: new USB bus registered, assigned bus number 32
[   17.050474][    T1] usb usb32: New USB device found, idVendor=1d6b, idProduct=0002, bcdDevice= 6.13
[   17.051677][    T1] usb usb32: New USB device strings: Mfr=3, Product=2, SerialNumber=1
[   17.052628][    T1] usb usb32: Product: USB/IP Virtual Host Controller
[   17.053408][    T1] usb usb32: Manufacturer: Linux 6.13.0-rc2-00020-gdacc259fc9ff-dirty vhci_hcd
[   17.054442][    T1] usb usb32: SerialNumber: vhci_hcd.15
[   17.057992][    T1] hub 32-0:1.0: USB hub found
[   17.058721][    T1] hub 32-0:1.0: 8 ports detected
[   17.066708][    T1] vhci_hcd vhci_hcd.15: USB/IP Virtual Host Controller
[   17.068390][    T1] vhci_hcd vhci_hcd.15: new USB bus registered, assigned bus number 33
[   17.069694][    T1] usb usb33: We don't know the algorithms for LPM for this host, disabling LPM.
[   17.071528][    T1] usb usb33: New USB device found, idVendor=1d6b, idProduct=0003, bcdDevice= 6.13
[   17.072604][    T1] usb usb33: New USB device strings: Mfr=3, Product=2, SerialNumber=1
[   17.073554][    T1] usb usb33: Product: USB/IP Virtual Host Controller
[   17.074337][    T1] usb usb33: Manufacturer: Linux 6.13.0-rc2-00020-gdacc259fc9ff-dirty vhci_hcd
[   17.075389][    T1] usb usb33: SerialNumber: vhci_hcd.15
[   17.079004][    T1] hub 33-0:1.0: USB hub found
[   17.079738][    T1] hub 33-0:1.0: 8 ports detected
[   17.089460][    T1] usbcore: registered new device driver usbip-host
[   17.107515][    T1] i8042: PNP: PS/2 Controller [PNP0303:KBD,PNP0f13:MOU] at 0x60,0x64 irq 1,12
[   17.113497][    T1] serio: i8042 KBD port at 0x60,0x64 irq 1
[   17.116466][    T1] serio: i8042 AUX port at 0x60,0x64 irq 12
[   17.120301][    T1] mousedev: PS/2 mouse device common for all mice
[   17.124674][    T1] usbcore: registered new interface driver appletouch
[   17.125859][    T1] usbcore: registered new interface driver bcm5974
[   17.128408][ T1161] input: AT Translated Set 2 keyboard as /devices/platform/i8042/serio0/input/input1
[   17.131206][    T1] usbcore: registered new interface driver synaptics_usb
[   17.133651][    T1] usbcore: registered new interface driver iforce
[   17.134660][    T1] usbcore: registered new interface driver pxrc
[   17.136025][    T1] usbcore: registered new interface driver xpad
[   17.137013][    T1] usbcore: registered new interface driver usb_acecad
[   17.138077][    T1] usbcore: registered new interface driver aiptek
[   17.139082][    T1] usbcore: registered new interface driver hanwang
[   17.140100][    T1] usbcore: registered new interface driver kbtab
[   17.141100][    T1] usbcore: registered new interface driver pegasus_notetaker
[   17.144036][    T1] usbcore: registered new interface driver usbtouchscreen
[   17.149664][    T1] usbcore: registered new interface driver sur40
[   17.150659][    T1] usbcore: registered new interface driver ati_remote2
[   17.151461][    T1] cm109: Keymap for Komunikate KIP1000 phone loaded
[   17.153205][    T1] usbcore: registered new interface driver cm109
[   17.153943][    T1] cm109: CM109 phone driver: 20080805 (C) Alfred E. Heggestad
[   17.155065][    T1] usbcore: registered new interface driver ims_pcu
[   17.156092][    T1] usbcore: registered new interface driver keyspan_remote
[   17.157181][    T1] usbcore: registered new interface driver powermate
[   17.158678][    T1] usbcore: registered new interface driver yealink
[   17.161398][    T1] rtc_cmos 00:05: RTC can wake from S4
[   17.167317][    T1] rtc_cmos 00:05: registered as rtc0
[   17.168017][    T1] rtc_cmos 00:05: alarms up to one day, y3k, 242 bytes nvram, hpet irqs
[   17.169492][    T1] i2c_dev: i2c /dev entries driver
[   17.170645][    T1] usbcore: registered new interface driver i2c-diolan-u2c
[   17.174428][    T1] usbcore: registered new interface driver i2c-cp2615
[   17.175489][    T1] usbcore: registered new interface driver RobotFuzz Open Source InterFace, OSIF
[   17.177363][    T1] usbcore: registered new interface driver i2c-tiny-usb
[   17.182082][    T1] usbcore: registered new interface driver igorplugusb
[   17.183150][    T1] usbcore: registered new interface driver iguanair
[   17.184253][    T1] usbcore: registered new interface driver imon
[   17.185250][    T1] usbcore: registered new interface driver imon_raw
[   17.186557][    T1] usbcore: registered new interface driver mceusb
[   17.187570][    T1] usbcore: registered new interface driver redrat3
[   17.188652][    T1] usbcore: registered new interface driver streamzap
[   17.189697][    T1] usbcore: registered new interface driver ir_toy
[   17.190715][    T1] usbcore: registered new interface driver ttusbir
[   17.192008][    T1] usbcore: registered new interface driver ati_remote
[   17.193066][    T1] usbcore: registered new interface driver xbox_remote
[   17.194239][    T1] b2c2-flexcop: B2C2 FlexcopII/II(b)/III digital TV receiver chip loaded successfully
[   17.196029][    T1] usbcore: registered new interface driver b2c2_flexcop_usb
[   17.197142][    T1] usbcore: registered new interface driver dvb_usb_vp7045
[   17.198230][    T1] usbcore: registered new interface driver dvb_usb_vp702x
[   17.199357][    T1] usbcore: registered new interface driver dvb_usb_gp8psk
[   17.200475][    T1] usbcore: registered new interface driver dvb_usb_dtt200u
[   17.203380][    T1] usbcore: registered new interface driver dvb_usb_a800
[   17.205523][    T1] usbcore: registered new interface driver dvb_usb_dibusb_mb
[   17.206688][    T1] usbcore: registered new interface driver dvb_usb_dibusb_mc
[   17.207814][    T1] usbcore: registered new interface driver dvb_usb_nova_t_usb2
[   17.208960][    T1] usbcore: registered new interface driver dvb_usb_umt_010
[   17.210073][    T1] usbcore: registered new interface driver dvb_usb_m920x
[   17.211154][    T1] usbcore: registered new interface driver dvb_usb_digitv
[   17.212546][    T1] usbcore: registered new interface driver dvb_usb_cxusb
[   17.213634][    T1] usbcore: registered new interface driver dvb_usb_ttusb2
[   17.215058][    T1] usbcore: registered new interface driver dvb_usb_dib0700
[   17.216199][    T1] usbcore: registered new interface driver opera1
[   17.217259][    T1] usbcore: registered new interface driver dvb_usb_af9005
[   17.218112][    T1] failing symbol_get of non-GPLONLY symbol af9005_rc_decode.
[   17.219526][    T1] failing symbol_get of non-GPLONLY symbol af9005_rc_decode.
[   17.220413][    T1] failing symbol_get of non-GPLONLY symbol rc_map_af9005_table.
[   17.221864][    T1] failing symbol_get of non-GPLONLY symbol rc_map_af9005_table.
[   17.222778][    T1] failing symbol_get of non-GPLONLY symbol rc_map_af9005_table_size.
[   17.224221][    T1] failing symbol_get of non-GPLONLY symbol rc_map_af9005_table_size.
[   17.225183][    T1] af9005: af9005_rc_decode function not found, disabling remote
[   17.226369][    T1] usbcore: registered new interface driver pctv452e
[   17.227528][    T1] usbcore: registered new interface driver dw2102
[   17.228580][    T1] usbcore: registered new interface driver dvb_usb_dtv5100
[   17.229703][    T1] usbcore: registered new interface driver cinergyT2
[   17.230790][    T1] usbcore: registered new interface driver dvb_usb_az6027
[   17.231993][    T1] usbcore: registered new interface driver dvb_usb_technisat_usb2
[   17.233310][    T1] usbcore: registered new interface driver dvb_usb_af9015
[   17.234530][    T1] usbcore: registered new interface driver dvb_usb_af9035
[   17.235663][    T1] usbcore: registered new interface driver dvb_usb_anysee
[   17.236758][    T1] usbcore: registered new interface driver dvb_usb_au6610
[   17.237876][    T1] usbcore: registered new interface driver dvb_usb_az6007
[   17.238966][    T1] usbcore: registered new interface driver dvb_usb_ce6230
[   17.240075][    T1] usbcore: registered new interface driver dvb_usb_ec168
[   17.241167][    T1] usbcore: registered new interface driver dvb_usb_lmedm04
[   17.242361][    T1] usbcore: registered new interface driver dvb_usb_gl861
[   17.243569][    T1] usbcore: registered new interface driver dvb_usb_mxl111sf
[   17.244803][    T1] usbcore: registered new interface driver dvb_usb_rtl28xxu
[   17.245965][    T1] usbcore: registered new interface driver dvb_usb_dvbsky
[   17.247063][    T1] usbcore: registered new interface driver zd1301
[   17.248108][    T1] usbcore: registered new interface driver s2255
[   17.249282][    T1] usbcore: registered new interface driver smsusb
[   17.250325][    T1] usbcore: registered new interface driver ttusb
[   17.251367][    T1] usbcore: registered new interface driver ttusb-dec
[   17.252907][    T1] usbcore: registered new interface driver Abilis Systems as10x usb driver
[   17.254205][    T1] usbcore: registered new interface driver airspy
[   17.254983][    T1] gspca_main: v2.14.0 registered
[   17.255842][    T1] usbcore: registered new interface driver benq
[   17.256878][    T1] usbcore: registered new interface driver conex
[   17.257903][    T1] usbcore: registered new interface driver cpia1
[   17.258923][    T1] usbcore: registered new interface driver dtcs033
[   17.259979][    T1] usbcore: registered new interface driver etoms
[   17.261094][    T1] usbcore: registered new interface driver finepix
[   17.262356][    T1] usbcore: registered new interface driver jeilinj
[   17.263416][    T1] usbcore: registered new interface driver jl2005bcd
[   17.264482][    T1] usbcore: registered new interface driver kinect
[   17.265524][    T1] usbcore: registered new interface driver konica
[   17.266566][    T1] usbcore: registered new interface driver mars
[   17.268685][    T1] usbcore: registered new interface driver mr97310a
[   17.269788][    T1] usbcore: registered new interface driver nw80x
[   17.270918][    T1] usbcore: registered new interface driver ov519
[   17.271994][    T1] usbcore: registered new interface driver ov534
[   17.273042][    T1] usbcore: registered new interface driver ov534_9
[   17.274147][    T1] usbcore: registered new interface driver pac207
[   17.275253][    T1] usbcore: registered new interface driver gspca_pac7302
[   17.276400][    T1] usbcore: registered new interface driver pac7311
[   17.277457][    T1] usbcore: registered new interface driver se401
[   17.278498][    T1] usbcore: registered new interface driver sn9c2028
[   17.279723][    T1] usbcore: registered new interface driver gspca_sn9c20x
[   17.280905][    T1] usbcore: registered new interface driver sonixb
[   17.282114][    T1] usbcore: registered new interface driver sonixj
[   17.283204][    T1] usbcore: registered new interface driver spca500
[   17.284288][    T1] usbcore: registered new interface driver spca501
[   17.285332][    T1] usbcore: registered new interface driver spca505
[   17.286419][    T1] usbcore: registered new interface driver spca506
[   17.287487][    T1] usbcore: registered new interface driver spca508
[   17.288594][    T1] usbcore: registered new interface driver spca561
[   17.289646][    T1] usbcore: registered new interface driver spca1528
[   17.290704][    T1] usbcore: registered new interface driver sq905
[   17.291777][    T1] usbcore: registered new interface driver sq905c
[   17.292843][    T1] usbcore: registered new interface driver sq930x
[   17.294088][    T1] usbcore: registered new interface driver sunplus
[   17.295137][    T1] usbcore: registered new interface driver stk014
[   17.296174][    T1] usbcore: registered new interface driver stk1135
[   17.297235][    T1] usbcore: registered new interface driver stv0680
[   17.298284][    T1] usbcore: registered new interface driver t613
[   17.299323][    T1] usbcore: registered new interface driver gspca_topro
[   17.300424][    T1] usbcore: registered new interface driver touptek
[   17.301542][    T1] usbcore: registered new interface driver tv8532
[   17.302688][    T1] usbcore: registered new interface driver vc032x
[   17.303733][    T1] usbcore: registered new interface driver vicam
[   17.304790][    T1] usbcore: registered new interface driver xirlink-cit
[   17.306075][    T1] usbcore: registered new interface driver gspca_zc3xx
[   17.308411][    T1] usbcore: registered new interface driver ALi m5602
[   17.309517][    T1] usbcore: registered new interface driver STV06xx
[   17.310584][    T1] usbcore: registered new interface driver gspca_gl860
[   17.311722][    T1] usbcore: registered new interface driver hackrf
[   17.312769][    T1] usbcore: registered new interface driver msi2500
[   17.313928][    T1] usbcore: registered new interface driver Philips webcam
[   17.315405][    T1] usbcore: registered new interface driver uvcvideo
[   17.316198][    T1] au0828: au0828 driver loaded
[   17.317127][    T1] usbcore: registered new interface driver au0828
[   17.318288][    T1] usbcore: registered new interface driver cx231xx
[   17.319788][    T1] usbcore: registered new interface driver em28xx
[   17.320587][    T1] em28xx: Registered (Em28xx v4l2 Extension) extension
[   17.321409][    T1] em28xx: Registered (Em28xx Audio Extension) extension
[   17.322269][    T1] em28xx: Registered (Em28xx dvb Extension) extension
[   17.323079][    T1] em28xx: Registered (Em28xx Input Extension) extension
[   17.324215][    T1] usbcore: registered new interface driver go7007
[   17.325270][    T1] usbcore: registered new interface driver go7007-loader
[   17.326522][    T1] usbcore: registered new interface driver hdpvr
[   17.327975][    T1] usbcore: registered new interface driver pvrusb2
[   17.328757][    T1] pvrusb2: V4L in-tree version:Hauppauge WinTV-PVR-USB2 MPEG2 Encoder/Tuner
[   17.329784][    T1] pvrusb2: Debug mask is 31 (0x1f)
[   17.330684][    T1] usbcore: registered new interface driver stk1160
[   17.331796][    T1] usbcore: registered new interface driver usbtv
[   17.335548][    T1] dvbdev: DVB: registering new adapter (dvb_vidtv_bridge)
[   17.338906][    T1] i2c i2c-0: DVB: registering adapter 0 frontend 0 (Dummy demod for DVB-T/T2/C/S/S2)...
[   17.340350][    T1] dvbdev: dvb_create_media_entity: media entity 'Dummy demod for DVB-T/T2/C/S/S2' registered.
[   17.349354][    T1] dvbdev: dvb_create_media_entity: media entity 'dvb-demux' registered.
[   17.357491][    T1] vidtv vidtv.0: Successfully initialized vidtv!
[   17.360070][    T1] vicodec vicodec.0: Device 'stateful-encoder' registered as /dev/video0
[   17.362237][    T1] vicodec vicodec.0: Device 'stateful-decoder' registered as /dev/video1
[   17.364366][    T1] vicodec vicodec.0: Device 'stateless-decoder' registered as /dev/video2
[   17.367034][    T1] vim2m vim2m.0: Device registered as /dev/video0
[   17.387843][    T1] vivid-000: using single planar format API
[   17.404437][    T1] vivid-000: CEC adapter cec0 registered for HDMI input
[   17.406031][    T1] vivid-000: V4L2 capture device registered as video7
[   17.407471][    T1] vivid-000: CEC adapter cec1 registered for HDMI output 0
[   17.408932][    T1] vivid-000: V4L2 output device registered as video8
[   17.410333][    T1] vivid-000: V4L2 capture device registered as vbi0, supports raw and sliced VBI
[   17.412160][    T1] vivid-000: V4L2 output device registered as vbi1, supports raw and sliced VBI
[   17.413857][    T1] vivid-000: V4L2 capture device registered as swradio0
[   17.415291][    T1] vivid-000: V4L2 receiver device registered as radio0
[   17.416707][    T1] vivid-000: V4L2 transmitter device registered as radio1
[   17.418169][    T1] vivid-000: V4L2 metadata capture device registered as video9
[   17.419816][    T1] vivid-000: V4L2 metadata output device registered as video10
[   17.421325][    T1] vivid-000: V4L2 touch capture device registered as v4l-touch0
[   17.444538][    T1] usbcore: registered new interface driver radioshark2
[   17.445633][    T1] usbcore: registered new interface driver radioshark
[   17.446728][    T1] usbcore: registered new interface driver radio-si470x
[   17.447993][    T1] usbcore: registered new interface driver radio-usb-si4713
[   17.449139][    T1] usbcore: registered new interface driver dsbr100
[   17.450185][    T1] usbcore: registered new interface driver radio-keene
[   17.451295][    T1] usbcore: registered new interface driver radio-ma901
[   17.452466][    T1] usbcore: registered new interface driver radio-mr800
[   17.453552][    T1] usbcore: registered new interface driver radio-raremono
[   17.455956][    T1] usbcore: registered new interface driver powerz
[   17.456995][    T1] usbcore: registered new interface driver pcwd_usb
[   17.480781][    T1] device-mapper: core: CONFIG_IMA_DISABLE_HTABLE is disabled. Duplicate IMA measurements will not be recorded in the IMA log.
[   17.487012][    T1] device-mapper: uevent: version 1.0.3
[   17.489817][    T1] device-mapper: ioctl: 4.48.0-ioctl (2023-03-01) initialised: dm-devel@lists.linux.dev
[   17.494036][    T1] device-mapper: multipath round-robin: version 1.2.0 loaded
[   17.495631][    T1] device-mapper: multipath queue-length: version 0.2.0 loaded
[   17.496653][    T1] device-mapper: multipath service-time: version 0.3.0 loaded
[   17.498660][    T1] Bluetooth: HCI UART driver ver 2.3
[   17.499316][    T1] Bluetooth: HCI UART protocol H4 registered
[   17.500033][    T1] Bluetooth: HCI UART protocol BCSP registered
[   17.502327][    T1] Bluetooth: HCI UART protocol LL registered
[   17.503188][    T1] Bluetooth: HCI UART protocol Three-wire (H5) registered
[   17.504198][    T1] Bluetooth: HCI UART protocol QCA registered
[   17.504930][    T1] Bluetooth: HCI UART protocol AG6XX registered
[   17.505818][    T1] Bluetooth: HCI UART protocol Marvell registered
[   17.506860][    T1] usbcore: registered new interface driver bcm203x
[   17.507914][    T1] usbcore: registered new interface driver bpa10x
[   17.508971][    T1] usbcore: registered new interface driver bfusb
[   17.510126][    T1] usbcore: registered new interface driver btusb
[   17.511409][    T1] usbcore: registered new interface driver ath3k
[   17.512958][    T1] Modular ISDN core version 1.1.29
[   17.514783][    T1] NET: Registered PF_ISDN protocol family
[   17.515484][    T1] DSP module 2.0
[   17.515923][    T1] mISDN_dsp: DSP clocks every 80 samples. This equals 1 jiffies.
[   17.547671][    T1] mISDN: Layer-1-over-IP driver Rev. 2.00
[   17.549967][    T1] 0 virtual devices registered
[   17.550858][    T1] usbcore: registered new interface driver HFC-S_USB
[   17.551735][    T1] amd_pstate: the _CPC object is not present in SBIOS or ACPI disabled
[   17.552762][    T1] VUB300 Driver rom wait states = 1C irqpoll timeout = 0400
[   17.563895][ T1161] input: ImExPS/2 Generic Explorer Mouse as /devices/platform/i8042/serio1/input/input3
[   17.577367][    T1] usbcore: registered new interface driver vub300
[   17.578435][    T1] usbcore: registered new interface driver ushc
[   17.588138][    T1] iscsi: registered transport (iser)
[   17.590468][    T1] SoftiWARP attached
[   17.603519][    T1] hid: raw HID events driver (C) Jiri Kosina
[   17.674320][    T1] usbcore: registered new interface driver usbhid
[   17.675129][    T1] usbhid: USB HID core driver
[   17.680755][    T1] usbcore: registered new interface driver es2_ap_driver
[   17.684340][    T1] comedi: version 0.7.76 - http://www.comedi.org
[   17.685878][    T1] usbcore: registered new interface driver dt9812
[   17.687129][    T1] usbcore: registered new interface driver ni6501
[   17.688421][    T1] usbcore: registered new interface driver usbdux
[   17.689697][    T1] usbcore: registered new interface driver usbduxfast
[   17.691016][    T1] usbcore: registered new interface driver usbduxsigma
[   17.692472][    T1] usbcore: registered new interface driver vmk80xx
[   17.693618][    T1] greybus: registered new driver hid
[   17.695008][    T1] greybus: registered new driver gbphy
[   17.696062][    T1] gb_gbphy: registered new driver usb
[   17.697058][    T1] asus_wmi: ASUS WMI generic driver loaded
[   17.706953][    T1] gnss: GNSS driver registered with major 493
[   17.707969][    T1] usbcore: registered new interface driver gnss-usb
[   17.709046][    T1] usbcore: registered new interface driver hdm_usb
[   17.784544][    T1] usbcore: registered new interface driver snd-usb-audio
[   17.785717][    T1] usbcore: registered new interface driver snd-ua101
[   17.786797][    T1] usbcore: registered new interface driver snd-usb-usx2y
[   17.787933][    T1] usbcore: registered new interface driver snd-usb-us122l
[   17.789114][    T1] usbcore: registered new interface driver snd-usb-caiaq
[   17.790238][    T1] usbcore: registered new interface driver snd-usb-6fire
[   17.791427][    T1] usbcore: registered new interface driver snd-usb-hiface
[   17.792882][    T1] usbcore: registered new interface driver snd-bcd2000
[   17.793997][    T1] usbcore: registered new interface driver snd_usb_pod
[   17.795127][    T1] usbcore: registered new interface driver snd_usb_podhd
[   17.796279][    T1] usbcore: registered new interface driver snd_usb_toneport
