bash: warning: setlocale: LC_ALL: cannot change locale (en_US.UTF-8)
c[?7l[2J[0mSeaBIOS (version 1.16.2-debian-1.16.2-1)
Booting from ROM...
c[?7l[2Jearly console in extract_kernel
input_data: 0x00000000148872a3
input_len: 0x0000000005f5f54c
output: 0x0000000001000000
output_len: 0x00000000124b0c90
kernel_total_size: 0x0000000019826000
needed_size: 0x0000000019a00000
trampoline_32bit: 0x0000000000000000

Decompressing Linux... Parsing ELF... done.
Booting the kernel (entry_offset: 0x0000000000000108).
[    0.000000][    T0] Linux version 6.13.0-rc2-00018-g7cb1b4663150-dirty (root@buildkitsandbox) (gcc (Debian 12.2.0-14+deb12u1) 12.2.0, GNU ld (GNU Binutils for Debian) 2.40) #1 SMP PREEMPT_DYNAMIC Tue May 26 01:31:00 UTC 2026
[    0.000000][    T0] Command line: console=ttyS0 oops=panic panic=86400 nokaslr earlyprintk=serial rdinit=/init
[    0.000000][    T0] KERNEL supported cpus:
[    0.000000][    T0]   Intel GenuineIntel
[    0.000000][    T0]   AMD AuthenticAMD
[    0.000000][    T0] BIOS-provided physical RAM map:
[    0.000000][    T0] BIOS-e820: [mem 0x0000000000000000-0x000000000009fbff] usable
[    0.000000][    T0] BIOS-e820: [mem 0x000000000009fc00-0x000000000009ffff] reserved
[    0.000000][    T0] BIOS-e820: [mem 0x00000000000f0000-0x00000000000fffff] reserved
[    0.000000][    T0] BIOS-e820: [mem 0x0000000000100000-0x000000007ffdffff] usable
[    0.000000][    T0] BIOS-e820: [mem 0x000000007ffe0000-0x000000007fffffff] reserved
[    0.000000][    T0] BIOS-e820: [mem 0x00000000feffc000-0x00000000feffffff] reserved
[    0.000000][    T0] BIOS-e820: [mem 0x00000000fffc0000-0x00000000ffffffff] reserved
[    0.000000][    T0] BIOS-e820: [mem 0x000000fd00000000-0x000000ffffffffff] reserved
[    0.000000][    T0] printk: legacy bootconsole [earlyser0] enabled
[    0.000000][    T0] NX (Execute Disable) protection: active
[    0.000000][    T0] APIC: Static calls initialized
[    0.000000][    T0] SMBIOS 2.8 present.
[    0.000000][    T0] DMI: QEMU Standard PC (i440FX + PIIX, 1996), BIOS 1.16.2-debian-1.16.2-1 04/01/2014
[    0.000000][    T0] DMI: Memory slots populated: 1/1
[    0.000000][    T0] Hypervisor detected: KVM
[    0.000000][    T0] kvm-clock: Using msrs 4b564d01 and 4b564d00
[    0.000002][    T0] kvm-clock: using sched offset of 25202483815 cycles
[    0.000685][    T0] clocksource: kvm-clock: mask: 0xffffffffffffffff max_cycles: 0x1cd42e4dffb, max_idle_ns: 881590591483 ns
[    0.002738][    T0] tsc: Detected 3493.436 MHz processor
[    0.010662][    T0] last_pfn = 0x7ffe0 max_arch_pfn = 0x400000000
[    0.011403][    T0] MTRR map: 4 entries (3 fixed + 1 variable; max 19), built from 8 variable MTRRs
[    0.012451][    T0] x86/PAT: Configuration [0-7]: WB  WC  UC- UC  WB  WP  UC- WT  
[    0.016997][    T0] found SMP MP-table at [mem 0x000f5ba0-0x000f5baf]
[    0.017797][    T0] Using GB pages for direct mapping
[    0.021127][    T0] RAMDISK: [mem 0x7fe8e000-0x7ffdffff]
[    0.021797][    T0] ACPI: Early table checksum verification disabled
[    0.022572][    T0] ACPI: RSDP 0x00000000000F59D0 000014 (v00 BOCHS )
[    0.023334][    T0] ACPI: RSDT 0x000000007FFE1B33 000034 (v01 BOCHS  BXPC     00000001 BXPC 00000001)
[    0.024427][    T0] ACPI: FACP 0x000000007FFE19DF 000074 (v01 BOCHS  BXPC     00000001 BXPC 00000001)
[    0.025510][    T0] ACPI: DSDT 0x000000007FFE0040 00199F (v01 BOCHS  BXPC     00000001 BXPC 00000001)
[    0.026599][    T0] ACPI: FACS 0x000000007FFE0000 000040
[    0.027234][    T0] ACPI: APIC 0x000000007FFE1A53 000080 (v01 BOCHS  BXPC     00000001 BXPC 00000001)
[    0.028314][    T0] ACPI: HPET 0x000000007FFE1AD3 000038 (v01 BOCHS  BXPC     00000001 BXPC 00000001)
[    0.029385][    T0] ACPI: WAET 0x000000007FFE1B0B 000028 (v01 BOCHS  BXPC     00000001 BXPC 00000001)
[    0.030463][    T0] ACPI: Reserving FACP table memory at [mem 0x7ffe19df-0x7ffe1a52]
[    0.031352][    T0] ACPI: Reserving DSDT table memory at [mem 0x7ffe0040-0x7ffe19de]
[    0.032239][    T0] ACPI: Reserving FACS table memory at [mem 0x7ffe0000-0x7ffe003f]
[    0.033126][    T0] ACPI: Reserving APIC table memory at [mem 0x7ffe1a53-0x7ffe1ad2]
[    0.034014][    T0] ACPI: Reserving HPET table memory at [mem 0x7ffe1ad3-0x7ffe1b0a]
[    0.034909][    T0] ACPI: Reserving WAET table memory at [mem 0x7ffe1b0b-0x7ffe1b32]
[    0.036868][    T0] No NUMA configuration found
[    0.037396][    T0] Faking a node at [mem 0x0000000000000000-0x000000007ffdffff]
[    0.038278][    T0] NODE_DATA(0) allocated [mem 0x7fe88ac0-0x7fe8ddff]
[    0.321045][    T0] Zone ranges:
[    0.321477][    T0]   DMA      [mem 0x0000000000001000-0x0000000000ffffff]
[    0.322306][    T0]   DMA32    [mem 0x0000000001000000-0x000000007ffdffff]
[    0.323105][    T0]   Normal   empty
[    0.323530][    T0]   Device   empty
[    0.323950][    T0] Movable zone start for each node
[    0.324523][    T0] Early memory node ranges
[    0.325018][    T0]   node   0: [mem 0x0000000000001000-0x000000000009efff]
[    0.325822][    T0]   node   0: [mem 0x0000000000100000-0x000000007ffdffff]
[    0.326651][    T0] Initmem setup node 0 [mem 0x0000000000001000-0x000000007ffdffff]
[    0.327574][    T0] On node 0, zone DMA: 1 pages in unavailable ranges
[    0.328533][    T0] On node 0, zone DMA: 97 pages in unavailable ranges
[    0.352977][    T0] On node 0, zone DMA32: 32 pages in unavailable ranges
[    1.071901][    T0] kasan: KernelAddressSanitizer initialized
[    1.072892][    T0] ACPI: PM-Timer IO Port: 0x608
[    1.073474][    T0] ACPI: LAPIC_NMI (acpi_id[0xff] dfl dfl lint[0x1])
[    1.074290][    T0] IOAPIC[0]: apic_id 0, version 17, address 0xfec00000, GSI 0-23
[    1.075184][    T0] ACPI: INT_SRC_OVR (bus 0 bus_irq 0 global_irq 2 dfl dfl)
[    1.076005][    T0] ACPI: INT_SRC_OVR (bus 0 bus_irq 5 global_irq 5 high level)
[    1.076853][    T0] ACPI: INT_SRC_OVR (bus 0 bus_irq 9 global_irq 9 high level)
[    1.077697][    T0] ACPI: INT_SRC_OVR (bus 0 bus_irq 10 global_irq 10 high level)
[    1.078578][    T0] ACPI: INT_SRC_OVR (bus 0 bus_irq 11 global_irq 11 high level)
[    1.079451][    T0] ACPI: Using ACPI (MADT) for SMP configuration information
[    1.080279][    T0] ACPI: HPET id: 0x8086a201 base: 0xfed00000
[    1.080960][    T0] TSC deadline timer available
[    1.081508][    T0] CPU topo: Max. logical packages:   1
[    1.082123][    T0] CPU topo: Max. logical dies:       1
[    1.082756][    T0] CPU topo: Max. dies per package:   1
[    1.083380][    T0] CPU topo: Max. threads per core:   1
[    1.083996][    T0] CPU topo: Num. cores per package:     2
[    1.084640][    T0] CPU topo: Num. threads per package:   2
[    1.085284][    T0] CPU topo: Allowing 2 present CPUs plus 0 hotplug CPUs
[    1.086112][    T0] kvm-guest: APIC: eoi() replaced with kvm_guest_apic_eoi_write()
[    1.087088][    T0] kvm-guest: KVM setup pv remote TLB flush
[    1.087746][    T0] kvm-guest: setup PV sched yield
[    1.088350][    T0] PM: hibernation: Registered nosave memory: [mem 0x00000000-0x00000fff]
[    1.089309][    T0] PM: hibernation: Registered nosave memory: [mem 0x0009f000-0x0009ffff]
[    1.090282][    T0] PM: hibernation: Registered nosave memory: [mem 0x000a0000-0x000effff]
[    1.091235][    T0] PM: hibernation: Registered nosave memory: [mem 0x000f0000-0x000fffff]
[    1.092200][    T0] [mem 0x80000000-0xfeffbfff] available for PCI devices
[    1.093006][    T0] Booting paravirtualized kernel on KVM
[    1.093644][    T0] clocksource: refined-jiffies: mask: 0xffffffff max_cycles: 0xffffffff, max_idle_ns: 19112604462750000 ns
[    1.143174][    T0] setup_percpu: NR_CPUS:8 nr_cpumask_bits:2 nr_cpu_ids:2 nr_node_ids:1
[    1.147048][    T0] percpu: Embedded 74 pages/cpu s264904 r8192 d30008 u1048576
[    1.148129][    T0] kvm-guest: PV spinlocks enabled
[    1.148743][    T0] PV qspinlock hash table entries: 256 (order: 0, 4096 bytes, linear)
[    1.149736][    T0] Kernel command line: console=ttyS0 oops=panic panic=86400 nokaslr earlyprintk=serial rdinit=/init
[    1.151505][    T0] random: crng init done
[    1.152014][    T0] printk: log buffer data + meta data: 262144 + 917504 = 1179648 bytes
[    1.153123][    T0] Dentry cache hash table entries: 262144 (order: 9, 2097152 bytes, linear)
[    1.156817][    T0] Inode-cache hash table entries: 131072 (order: 8, 1048576 bytes, linear)
[    1.158031][    T0] Fallback order for Node 0: 0 
[    1.158045][    T0] Built 1 zonelists, mobility grouping on.  Total pages: 524158
[    1.159565][    T0] Policy zone: DMA32
[    1.162945][    T0] mem auto-init: stack:all(zero), heap alloc:on, heap free:off
[    1.163866][    T0] stackdepot: allocating hash table via alloc_large_system_hash
[    1.164800][    T0] stackdepot hash table entries: 1048576 (order: 12, 16777216 bytes, linear)
[    2.166654][    T0] SLUB: HWalign=64, Order=0-3, MinObjects=0, CPUs=2, Nodes=1
[    2.169695][    T0] allocated 4194304 bytes of page_ext
[    2.170877][    T0] Dynamic Preempt: full
[    2.171831][    T0] Running RCU self tests
[    2.172329][    T0] Running RCU synchronous self tests
[    2.172946][    T0] rcu: Preemptible hierarchical RCU implementation.
[    2.173709][    T0] rcu: 	RCU lockdep checking is enabled.
[    2.174361][    T0] rcu: 	RCU restricting CPUs from NR_CPUS=8 to nr_cpu_ids=2.
[    2.175216][    T0] rcu: 	RCU callback double-/use-after-free debug is enabled.
[    2.176080][    T0] rcu: 	RCU debug extended QS entry/exit.
[    2.176739][    T0] 	Trampoline variant of Tasks RCU enabled.
[    2.177414][    T0] 	Tracing variant of Tasks RCU enabled.
[    2.178059][    T0] rcu: RCU calculated value of scheduler-enlistment delay is 10 jiffies.
[    2.179033][    T0] rcu: Adjusting geometry for rcu_fanout_leaf=16, nr_cpu_ids=2
[    2.179962][    T0] Running RCU synchronous self tests
[    2.180580][    T0] RCU Tasks: Setting shift to 1 and lim to 1 rcu_task_cb_adjust=1 rcu_task_cpu_ids=2.
[    2.181698][    T0] RCU Tasks Trace: Setting shift to 1 and lim to 1 rcu_task_cb_adjust=1 rcu_task_cpu_ids=2.
[    2.231892][    T0] NR_IRQS: 4352, nr_irqs: 440, preallocated irqs: 16
[    2.233292][    T0] rcu: srcu_init: Setting srcu_struct sizes based on contention.
[    2.234556][    T0] kfence: initialized - using 2097152 bytes for 255 objects at 0x(____ptrval____)-0x(____ptrval____)
[    2.243752][    T0] Console: colour VGA+ 80x25
[    2.244419][    T0] printk: legacy console [ttyS0] enabled
[    2.244419][    T0] printk: legacy console [ttyS0] enabled
[    2.245848][    T0] printk: legacy bootconsole [earlyser0] disabled
[    2.245848][    T0] printk: legacy bootconsole [earlyser0] disabled
[    2.247519][    T0] Lock dependency validator: Copyright (c) 2006 Red Hat, Inc., Ingo Molnar
[    2.248630][    T0] ... MAX_LOCKDEP_SUBCLASSES:  8
[    2.249281][    T0] ... MAX_LOCK_DEPTH:          48
[    2.249943][    T0] ... MAX_LOCKDEP_KEYS:        8192
[    2.250597][    T0] ... CLASSHASH_SIZE:          4096
[    2.251229][    T0] ... MAX_LOCKDEP_ENTRIES:     1048576
[    2.251918][    T0] ... MAX_LOCKDEP_CHAINS:      1048576
[    2.252635][    T0] ... CHAINHASH_SIZE:          524288
[    2.253360][    T0]  memory used by lock dependency info: 106625 kB
[    2.254188][    T0]  memory used for stack traces: 8320 kB
[    2.254843][    T0]  per task-struct memory footprint: 1920 bytes
[    2.255713][    T0] ACPI: Core revision 20240827
[    2.256678][    T0] clocksource: hpet: mask: 0xffffffff max_cycles: 0xffffffff, max_idle_ns: 19112604467 ns
[    2.258213][    T0] APIC: Switch to symmetric I/O mode setup
[    2.259178][    T0] x2apic enabled
[    2.260120][    T0] APIC: Switched APIC routing to: physical x2apic
[    2.260927][    T0] kvm-guest: APIC: send_IPI_mask() replaced with kvm_send_ipi_mask()
[    2.261957][    T0] kvm-guest: APIC: send_IPI_mask_allbutself() replaced with kvm_send_ipi_mask_allbutself()
[    2.263287][    T0] kvm-guest: setup PV IPIs
[    2.265186][    T0] ..TIMER: vector=0x30 apic1=0 pin1=2 apic2=-1 pin2=-1
[    2.266104][    T0] clocksource: tsc-early: mask: 0xffffffffffffffff max_cycles: 0x325b186289d, max_idle_ns: 440795326624 ns
[    2.267474][    T0] Calibrating delay loop (skipped) preset value.. 6986.87 BogoMIPS (lpj=34934360)
[    2.277588][    T0] x86/cpu: User Mode Instruction Prevention (UMIP) activated
[    2.278660][    T0] Last level iTLB entries: 4KB 512, 2MB 255, 4MB 127
[    2.279522][    T0] Last level dTLB entries: 4KB 512, 2MB 255, 4MB 127, 1GB 0
[    2.280449][    T0] Spectre V1 : Mitigation: usercopy/swapgs barriers and __user pointer sanitization
[    2.281650][    T0] Spectre V2 : Mitigation: Retpolines
[    2.282291][    T0] Spectre V2 : Spectre v2 / SpectreRSB mitigation: Filling RSB on context switch
[    2.283455][    T0] Spectre V2 : Spectre v2 / SpectreRSB : Filling RSB on VMEXIT
[    2.284402][    T0] Spectre V2 : Enabling Speculation Barrier for firmware calls
[    2.285337][    T0] RETBleed: Mitigation: untrained return thunk
[    2.286067][    T0] Spectre V2 : mitigation: Enabling conditional Indirect Branch Prediction Barrier
[    2.287477][    T0] Speculative Store Bypass: Mitigation: Speculative Store Bypass disabled via prctl
[    2.288644][    T0] Speculative Return Stack Overflow: IBPB-extending microcode not applied!
[    2.289735][    T0] Speculative Return Stack Overflow: WARNING: See https://kernel.org/doc/html/latest/admin-guide/hw-vuln/srso.html for mitigation options.
[    2.289743][    T0] Speculative Return Stack Overflow: Vulnerable: Safe RET, no microcode
[    2.292628][    T0] x86/fpu: Supporting XSAVE feature 0x001: 'x87 floating point registers'
[    2.293676][    T0] x86/fpu: Supporting XSAVE feature 0x002: 'SSE registers'
[    2.294582][    T0] x86/fpu: Supporting XSAVE feature 0x004: 'AVX registers'
[    2.295478][    T0] x86/fpu: xstate_offset[2]:  576, xstate_sizes[2]:  256
[    2.296380][    T0] x86/fpu: Enabled xstate features 0x7, context size is 832 bytes, using 'compacted' format.
[    2.609542][    T0] Freeing SMP alternatives memory: 124K
[    2.610288][    T0] pid_max: default: 32768 minimum: 301
[    2.611306][    T0] LSM: initializing lsm=lockdown,capability,landlock,yama,safesetid,tomoyo,smack,bpf,ima,evm
[    2.613429][    T0] landlock: Up and running.
[    2.614009][    T0] Yama: becoming mindful.
[    2.615131][    T0] TOMOYO Linux initialized
[    2.617223][    T0] Smack:  Initializing.
[    2.617475][    T0] Smack:  Netfilter enabled.
[    2.618058][    T0] Smack:  IPv6 Netfilter enabled.
[    2.621866][    T0] LSM support for eBPF active
[    2.623289][    T0] Mount-cache hash table entries: 4096 (order: 3, 32768 bytes, linear)
[    2.624372][    T0] Mountpoint-cache hash table entries: 4096 (order: 3, 32768 bytes, linear)
[    2.629598][    T0] Running RCU synchronous self tests
[    2.630310][    T0] Running RCU synchronous self tests
[    2.631773][    T1] smpboot: CPU0: AMD Ryzen Threadripper PRO 3975WX 32-Cores (family: 0x17, model: 0x31, stepping: 0x0)
[    2.638716][    T1] Running RCU Tasks wait API self tests
[    2.747781][    T1] Running RCU Tasks Trace wait API self tests
[    2.749391][    T1] Performance Events: Fam17h+ core perfctr, AMD PMU driver.
[    2.751479][    T1] ... version:                0
[    2.752575][    T1] ... bit width:              48
[    2.753688][    T1] ... generic registers:      6
[    2.754780][    T1] ... value mask:             0000ffffffffffff
[    2.756170][    T1] ... max period:             00007fffffffffff
[    2.757490][    T1] ... fixed-purpose events:   0
[    2.758593][    T1] ... event mask:             000000000000003f
[    2.762580][    T1] signal: max sigframe size: 1776
[    2.767562][   T15] Callback from call_rcu_tasks_trace() invoked.
[    2.769182][    T1] rcu: Hierarchical SRCU implementation.
[    2.770430][    T1] rcu: 	Max phase no-delay instances is 1000.
[    2.773268][    T1] Timer migration: 1 hierarchy levels; 8 children per group; 1 crossnode level
[    2.865400][    T1] smp: Bringing up secondary CPUs ...
[    2.868120][    T1] smpboot: x86: Booting SMP configuration:
[    2.868832][    T1] .... node  #0, CPUs:      #1
[    2.869323][    T1] smp: Brought up 1 node, 2 CPUs
[    2.869323][    T1] smpboot: Total of 2 processors activated (13973.74 BogoMIPS)
[    2.870509][    T1] Memory: 1296276K/2096632K available (167936K kernel code, 40752K rwdata, 38724K rodata, 26488K init, 120128K bss, 789456K reserved, 0K cma-reserved)
[    2.879174][    T1] devtmpfs: initialized
[    2.879174][    T1] x86/mm: Memory block size: 128MB
[    2.919632][    T1] Running RCU synchronous self tests
[    2.920316][    T1] Running RCU synchronous self tests
[    2.921021][    T1] clocksource: jiffies: mask: 0xffffffff max_cycles: 0xffffffff, max_idle_ns: 19112604462750000 ns
[    2.927516][    T1] futex hash table entries: 512 (order: 4, 65536 bytes, linear)
[    2.930685][    T1] PM: RTC time: 01:33:10, date: 2026-05-26
[    2.946158][    T1] NET: Registered PF_NETLINK/PF_ROUTE protocol family
[    2.954998][    T1] audit: initializing netlink subsys (disabled)
[    2.957768][   T29] audit: type=2000 audit(1779759190.363:1): state=initialized audit_enabled=0 res=1
[    2.960823][    T1] thermal_sys: Registered thermal governor 'step_wise'
[    2.960845][    T1] thermal_sys: Registered thermal governor 'user_space'
[    2.961847][    T1] cpuidle: using governor menu
[    2.961847][    T1] NET: Registered PF_QIPCRTR protocol family
[    2.970348][    T1] dca service started, version 1.12.1
[    2.971148][    T1] PCI: Using configuration type 1 for base access
[    2.971936][    T1] PCI: Using configuration type 1 for extended access
[    2.977729][   T14] Callback from call_rcu_tasks() invoked.
[    2.978470][    T1] HugeTLB: registered 1.00 GiB page size, pre-allocated 0 pages
[    2.978470][    T1] HugeTLB: 16380 KiB vmemmap can be freed for a 1.00 GiB page
[    2.979138][    T1] HugeTLB: registered 2.00 MiB page size, pre-allocated 0 pages
[    2.980812][    T1] HugeTLB: 28 KiB vmemmap can be freed for a 2.00 MiB page
[    3.007680][    T1] cryptd: max_cpu_qlen set to 1000
[    3.030018][    T1] raid6: skipped pq benchmark and selected avx2x4
[    3.031444][    T1] raid6: using avx2x2 recovery algorithm
[    3.033167][    T1] ACPI: Added _OSI(Module Device)
[    3.033167][    T1] ACPI: Added _OSI(Processor Device)
[    3.033167][    T1] ACPI: Added _OSI(3.0 _SCP Extensions)
[    3.033255][    T1] ACPI: Added _OSI(Processor Aggregator Device)
[    3.088346][    T1] ACPI: 1 ACPI AML tables successfully acquired and loaded
[    3.122166][    T1] ACPI: Interpreter enabled
[    3.123090][    T1] ACPI: PM: (supports S0 S3 S4 S5)
[    3.123731][    T1] ACPI: Using IOAPIC for interrupt routing
[    3.124678][    T1] PCI: Using host bridge windows from ACPI; if necessary, use "pci=nocrs" and report a bug
[    3.125869][    T1] PCI: Using E820 reservations for host bridge windows
[    3.130188][    T1] ACPI: Enabled 2 GPEs in block 00 to 0F
[    3.245127][    T1] ACPI: PCI Root Bridge [PCI0] (domain 0000 [bus 00-ff])
[    3.246138][    T1] acpi PNP0A03:00: _OSC: OS supports [ExtendedConfig ASPM ClockPM Segments MSI HPX-Type3]
[    3.251096][    T1] PCI host bridge to bus 0000:00
[    3.251952][    T1] pci_bus 0000:00: root bus resource [io  0x0000-0x0cf7 window]
[    3.252883][    T1] pci_bus 0000:00: root bus resource [io  0x0d00-0xffff window]
[    3.253803][    T1] pci_bus 0000:00: root bus resource [mem 0x000a0000-0x000bffff window]
[    3.254800][    T1] pci_bus 0000:00: root bus resource [mem 0x80000000-0xfebfffff window]
[    3.255790][    T1] pci_bus 0000:00: root bus resource [mem 0x100000000-0x17fffffff window]
[    3.256803][    T1] pci_bus 0000:00: root bus resource [bus 00-ff]
[    3.257918][    T1] pci 0000:00:00.0: [8086:1237] type 00 class 0x060000 conventional PCI endpoint
[    3.290128][    T1] pci 0000:00:01.0: [8086:7000] type 00 class 0x060100 conventional PCI endpoint
[    3.322277][    T1] pci 0000:00:01.1: [8086:7010] type 00 class 0x010180 conventional PCI endpoint
[    3.324845][    T1] pci 0000:00:01.1: BAR 4 [io  0xc000-0xc00f]
[    3.326252][    T1] pci 0000:00:01.1: BAR 0 [io  0x01f0-0x01f7]: legacy IDE quirk
[    3.327161][    T1] pci 0000:00:01.1: BAR 1 [io  0x03f6]: legacy IDE quirk
[    3.327481][    T1] pci 0000:00:01.1: BAR 2 [io  0x0170-0x0177]: legacy IDE quirk
[    3.328387][    T1] pci 0000:00:01.1: BAR 3 [io  0x0376]: legacy IDE quirk
[    3.330329][    T1] pci 0000:00:01.3: [8086:7113] type 00 class 0x068000 conventional PCI endpoint
[    3.331921][    T1] pci 0000:00:01.3: quirk: [io  0x0600-0x063f] claimed by PIIX4 ACPI
[    3.332898][    T1] pci 0000:00:01.3: quirk: [io  0x0700-0x070f] claimed by PIIX4 SMB
[    3.335279][    T1] pci 0000:00:02.0: [1234:1111] type 00 class 0x030000 conventional PCI endpoint
[    3.337865][    T1] pci 0000:00:02.0: BAR 0 [mem 0xfd000000-0xfdffffff pref]
[    3.340358][    T1] pci 0000:00:02.0: BAR 2 [mem 0xfebf0000-0xfebf0fff]
[    3.344696][    T1] pci 0000:00:02.0: ROM [mem 0xfebe0000-0xfebeffff pref]
[    3.345852][    T1] pci 0000:00:02.0: Video device with shadowed ROM at [mem 0x000c0000-0x000dffff]
[    3.388648][    T1] ACPI: PCI: Interrupt link LNKA configured for IRQ 10
[    3.393488][    T1] ACPI: PCI: Interrupt link LNKB configured for IRQ 10
[    3.397300][    T1] ACPI: PCI: Interrupt link LNKC configured for IRQ 11
[    3.400435][    T1] ACPI: PCI: Interrupt link LNKD configured for IRQ 11
[    3.402494][    T1] ACPI: PCI: Interrupt link LNKS configured for IRQ 9
[    3.412960][    T1] iommu: Default domain type: Translated
[    3.412960][    T1] iommu: DMA domain TLB invalidation policy: lazy mode
[    3.418623][    T1] SCSI subsystem initialized
[    3.419315][    T1] ACPI: bus type USB registered
[    3.420086][    T1] usbcore: registered new interface driver usbfs
[    3.421163][    T1] usbcore: registered new interface driver hub
[    3.422219][    T1] usbcore: registered new device driver usb
[    3.424595][    T1] mc: Linux media interface: v0.10
[    3.428083][    T1] videodev: Linux video capture interface: v2.00
[    3.429587][    T1] pps_core: LinuxPPS API ver. 1 registered
[    3.430390][    T1] pps_core: Software ver. 5.3.6 - Copyright 2005-2007 Rodolfo Giometti <giometti@linux.it>
[    3.431877][    T1] PTP clock support registered
[    3.432871][    T1] EDAC MC: Ver: 3.0.0
[    3.437829][    T1] Advanced Linux Sound Architecture Driver Initialized.
[    3.443477][    T1] Bluetooth: Core ver 2.22
[    3.444287][    T1] NET: Registered PF_BLUETOOTH protocol family
[    3.445143][    T1] Bluetooth: HCI device and connection manager initialized
[    3.446200][    T1] Bluetooth: HCI socket layer initialized
[    3.447016][    T1] Bluetooth: L2CAP socket layer initialized
[    3.447589][    T1] Bluetooth: SCO socket layer initialized
[    3.448485][    T1] NET: Registered PF_ATMPVC protocol family
[    3.449299][    T1] NET: Registered PF_ATMSVC protocol family
[    3.450394][    T1] NetLabel: Initializing
[    3.450976][    T1] NetLabel:  domain hash size = 128
[    3.451703][    T1] NetLabel:  protocols = UNLABELED CIPSOv4 CALIPSO
[    3.453013][    T1] NetLabel:  unlabeled traffic allowed by default
[    3.454577][    T1] nfc: nfc_init: NFC Core ver 0.1
[    3.454577][    T1] NET: Registered PF_NFC protocol family
[    3.457679][    T1] PCI: Using ACPI for IRQ routing
[    3.458986][    T1] pci 0000:00:02.0: vgaarb: setting as boot VGA device
[    3.458986][    T1] pci 0000:00:02.0: vgaarb: bridge control possible
[    3.459535][    T1] pci 0000:00:02.0: vgaarb: VGA device added: decodes=io+mem,owns=io+mem,locks=none
[    3.460845][    T1] vgaarb: loaded
[    3.462720][    T1] hpet0: at MMIO 0xfed00000, IRQs 2, 8, 0
[    3.463569][    T1] hpet0: 3 comparators, 64-bit 100.000000 MHz counter
[    3.470053][    T1] clocksource: Switched to clocksource kvm-clock
[    3.477460][    T1] VFS: Disk quotas dquot_6.6.0
[    3.477460][    T1] VFS: Dquot-cache hash table entries: 512 (order 0, 4096 bytes)
[    3.479089][    T1] netfs: FS-Cache loaded
[    3.480715][    T1] CacheFiles: Loaded
[    3.481810][    T1] TOMOYO: 2.6.0
[    3.482312][    T1] Mandatory Access Control activated.
[    3.483586][    T1] pnp: PnP ACPI init
[    3.494631][    T1] pnp: PnP ACPI: found 6 devices
[    3.562196][    T1] clocksource: acpi_pm: mask: 0xffffff max_cycles: 0xffffff, max_idle_ns: 2085701024 ns
[    3.567630][    T1] NET: Registered PF_INET protocol family
[    3.568614][    T1] IP idents hash table entries: 32768 (order: 6, 262144 bytes, linear)
[    3.574103][    T1] tcp_listen_portaddr_hash hash table entries: 1024 (order: 4, 73728 bytes, linear)
[    3.575420][    T1] Table-perturb hash table entries: 65536 (order: 6, 262144 bytes, linear)
[    3.576578][    T1] TCP established hash table entries: 16384 (order: 5, 131072 bytes, linear)
[    3.580329][    T1] TCP bind hash table entries: 16384 (order: 9, 2359296 bytes, linear)
[    3.583526][    T1] TCP: Hash tables configured (established 16384 bind 16384)
[    3.585327][    T1] MPTCP token hash table entries: 2048 (order: 5, 180224 bytes, linear)
[    3.586630][    T1] UDP hash table entries: 1024 (order: 6, 262144 bytes, linear)
[    3.587830][    T1] UDP-Lite hash table entries: 1024 (order: 6, 262144 bytes, linear)
[    3.589700][    T1] NET: Registered PF_UNIX/PF_LOCAL protocol family
[    3.602628][    T1] RPC: Registered named UNIX socket transport module.
[    3.603506][    T1] RPC: Registered udp transport module.
[    3.604198][    T1] RPC: Registered tcp transport module.
[    3.604895][    T1] RPC: Registered tcp-with-tls transport module.
[    3.605676][    T1] RPC: Registered tcp NFSv4.1 backchannel transport module.
[    3.620505][    T1] NET: Registered PF_XDP protocol family
[    3.621259][    T1] pci_bus 0000:00: resource 4 [io  0x0000-0x0cf7 window]
[    3.622115][    T1] pci_bus 0000:00: resource 5 [io  0x0d00-0xffff window]
[    3.622971][    T1] pci_bus 0000:00: resource 6 [mem 0x000a0000-0x000bffff window]
[    3.623956][    T1] pci_bus 0000:00: resource 7 [mem 0x80000000-0xfebfffff window]
[    3.624909][    T1] pci_bus 0000:00: resource 8 [mem 0x100000000-0x17fffffff window]
[    3.626845][    T1] pci 0000:00:01.0: PIIX3: Enabling Passive Release
[    3.627657][    T1] pci 0000:00:00.0: Limiting direct PCI/PCI transfers
[    3.628719][    T1] PCI: CLS 0 bytes, default 64
[    3.635431][   T11] Trying to unpack rootfs image as initramfs...
[    3.643361][    T1] ACPI: bus type thunderbolt registered
[    3.645460][    T1] kvm_intel: VMX not supported by CPU 1
[    3.646415][    T1] kvm_amd: Nested Virtualization enabled
[    3.647130][    T1] kvm_amd: Nested Paging enabled
[    3.697117][    T1] clocksource: tsc: mask: 0xffffffffffffffff max_cycles: 0x325b186289d, max_idle_ns: 440795326624 ns
[    3.719128][    T1] AES CTR mode by8 optimization enabled
[    3.995419][   T11] Freeing initrd memory: 1352K
[    3.996788][   T79] kworker/u8:3 (79) used greatest stack depth: 28768 bytes left
[    3.997747][   T70] kworker/u8:4 (70) used greatest stack depth: 28416 bytes left
[    4.000679][   T65] kworker/u8:3 (65) used greatest stack depth: 27536 bytes left
[   14.953125][    T1] Initialise system trusted keyrings
[   14.955904][    T1] workingset: timestamp_bits=40 max_order=19 bucket_order=0
[   14.960948][    T1] DLM installed
[   14.964086][    T1] squashfs: version 4.0 (2009/01/31) Phillip Lougher
[   14.968698][    T1] NFS: Registering the id_resolver key type
[   14.969575][    T1] Key type id_resolver registered
[   14.970289][    T1] Key type id_legacy registered
[   14.971086][    T1] nfs4filelayout_init: NFSv4 File Layout Driver Registering...
[   14.972198][    T1] nfs4flexfilelayout_init: NFSv4 Flexfile Layout Driver Registering...
[   14.991368][    T1] Key type cifs.spnego registered
[   14.992816][    T1] Key type cifs.idmap registered
[   14.999136][    T1] ntfs3: Enabled Linux POSIX ACLs support
[   15.000445][    T1] ntfs3: Read-only LZX/Xpress compression included
[   15.002188][    T1] efs: 1.0a - http://aeschi.ch.eu.org/efs/
[   15.003696][    T1] jffs2: version 2.2. (NAND) (SUMMARY)  © 2001-2006 Red Hat, Inc.
[   15.007291][    T1] romfs: ROMFS MTD (C) 2007 Red Hat, Inc.
[   15.008754][    T1] QNX4 filesystem 0.2.3 registered.
[   15.009944][    T1] qnx6: QNX6 filesystem 1.0.0 registered.
[   15.011919][    T1] fuse: init (API version 7.41)
[   15.016238][    T1] orangefs_debugfs_init: called with debug mask: :none: :0:
[   15.019285][    T1] orangefs_init: module version upstream loaded
[   15.021539][    T1] JFS: nTxBlock = 8192, nTxLock = 65536
[   15.037264][    T1] SGI XFS with ACLs, security attributes, realtime, quota, no debug enabled
[   15.044187][    T1] 9p: Installing v9fs 9p2000 file system support
[   15.046203][    T1] NILFS version 2 loaded
[   15.047160][    T1] befs: version: 0.9.3
[   15.048850][    T1] ocfs2: Registered cluster interface o2cb
[   15.050976][    T1] ocfs2: Registered cluster interface user
[   15.052968][    T1] OCFS2 User DLM kernel interface loaded
[   15.065673][    T1] gfs2: GFS2 installed
[   15.080085][    T1] ceph: loaded (mds proto 32)
[   15.127845][    T1] NET: Registered PF_ALG protocol family
[   15.128677][    T1] xor: automatically using best checksumming function   avx       
[   15.129640][    T1] async_tx: api initialized (async)
[   15.130266][    T1] Key type asymmetric registered
[   15.130874][    T1] Asymmetric key parser 'x509' registered
[   15.131569][    T1] Asymmetric key parser 'pkcs8' registered
[   15.132253][    T1] Key type pkcs7_test registered
[   15.133124][    T1] Block layer SCSI generic (bsg) driver version 0.4 loaded (major 238)
[   15.135236][    T1] io scheduler mq-deadline registered
[   15.136716][    T1] io scheduler kyber registered
[   15.138327][    T1] io scheduler bfq registered
[   15.142929][  T128] kworker/u8:2 (128) used greatest stack depth: 27488 bytes left
[   15.156685][    T1] input: Power Button as /devices/LNXSYSTM:00/LNXPWRBN:00/input/input0
[   15.163931][    T1] ACPI: button: Power Button [PWRF]
[   15.194976][    T1] ioatdma: Intel(R) QuickData Technology Driver 5.00
[   15.247645][  T241] kworker/u8:2 (241) used greatest stack depth: 27472 bytes left
[   15.493879][    T1] N_HDLC line discipline registered with maxframe=4096
[   15.494871][    T1] Serial: 8250/16550 driver, 4 ports, IRQ sharing enabled
[   15.498853][    T1] 00:04: ttyS0 at I/O 0x3f8 (irq = 4, base_baud = 115200) is a 16550A
[   15.519669][    T1] Non-volatile memory driver v1.3
[   15.520488][    T1] Linux agpgart interface v0.103
[   15.525930][    T1] usbcore: registered new interface driver xillyusb
[   15.529401][    T1] ACPI: bus type drm_connector registered
[   15.535990][    T1] [drm] Initialized vgem 1.0.0 for vgem on minor 0
[   15.541719][    T1] [drm] Initialized vkms 1.0.0 for vkms on minor 1
[   15.612448][    T1] Console: switching to colour frame buffer device 128x48
[   15.631539][    T1] platform vkms: [drm] fb0: vkmsdrmfb frame buffer device
[   15.632779][    T1] usbcore: registered new interface driver udl
[   15.634435][    T1] bochs-drm 0000:00:02.0: vgaarb: deactivate vga console
[   15.644264][    T1] [drm] Found bochs VGA, ID 0xb0c5.
[   15.645464][    T1] [drm] Framebuffer size 16384 kB @ 0xfd000000, mmio @ 0xfebf0000.
[   15.652897][    T1] [drm] Initialized bochs-drm 1.0.0 for 0000:00:02.0 on minor 2
[   15.694241][    T1] fbcon: bochs-drmdrmfb (fb1) is primary device
[   15.694267][    T1] fbcon: Remapping primary device, fb1, to tty 1-63
[   17.609365][    T1] bochs-drm 0000:00:02.0: [drm] fb1: bochs-drmdrmfb frame buffer device
[   17.611153][    T1] usbcore: registered new interface driver gm12u320
[   17.612689][    T1] usbcore: registered new interface driver gud
[   17.642765][  T791] kworker/u8:0 (791) used greatest stack depth: 27232 bytes left
[   17.692359][    T1] brd: module loaded
[   17.773072][    T1] loop: module loaded
[   17.877404][    T1] zram: Added device: zram0
[   17.886410][    T1] null_blk: disk nullb0 created
[   17.887040][    T1] null_blk: module loaded
[   17.888234][    T1] Guest personality initialized and is inactive
[   17.889704][    T1] VMCI host device registered (name=vmci, major=10, minor=118)
[   17.890622][    T1] Initialized host personality
[   17.891432][    T1] usbcore: registered new interface driver rtsx_usb
[   17.893713][    T1] usbcore: registered new interface driver viperboard
[   17.894877][    T1] usbcore: registered new interface driver dln2
[   17.896012][    T1] usbcore: registered new interface driver pn533_usb
[   17.902573][    T1] nfcsim 0.2 initialized
[   17.903682][    T1] usbcore: registered new interface driver port100
[   17.904647][    T1] usbcore: registered new interface driver nfcmrvl
[   17.909608][    T1] Loading iSCSI transport class v2.0-870.
[   17.916992][    T1] st: Version 20160209, fixed bufsize 32768, s/g segs 256
[   17.966299][    T1] scsi host0: ata_piix
[   17.969985][    T1] scsi host1: ata_piix
[   17.971948][    T1] ata1: PATA max MWDMA2 cmd 0x1f0 ctl 0x3f6 bmdma 0xc000 irq 14 lpm-pol 0
[   17.973029][    T1] ata2: PATA max MWDMA2 cmd 0x170 ctl 0x376 bmdma 0xc008 irq 15 lpm-pol 0
[   17.978919][    T1] Rounding down aligned max_sectors from 4294967295 to 4294967288
[   17.980357][    T1] db_root: cannot open: /etc/target
[   17.981864][    T1] slram: not enough parameters.
[   17.986349][    T1] ftl_cs: FTL header not found.
[   18.014217][    T1] wireguard: WireGuard 1.0.0 loaded. See www.wireguard.com for information.
[   18.015280][    T1] wireguard: Copyright (C) 2015-2019 Jason A. Donenfeld <Jason@zx2c4.com>. All Rights Reserved.
[   18.016542][    T1] eql: Equalizer2002: Simon Janes (simon@ncm.com) and David S. Miller (davem@redhat.com)
[   18.024864][    T1] MACsec IEEE 802.1AE
[   18.033010][    T1] usbcore: registered new interface driver mvusb_mdio
[   18.034269][    T1] tun: Universal TUN/TAP device driver, 1.6
[   18.036999][    T1] vcan: Virtual CAN interface driver
[   18.037694][    T1] vxcan: Virtual CAN Tunnel driver
[   18.038365][    T1] slcan: serial line CAN interface driver
[   18.039137][    T1] CAN device driver interface
[   18.039876][    T1] usbcore: registered new interface driver usb_8dev
[   18.040845][    T1] usbcore: registered new interface driver ems_usb
[   18.041787][    T1] usbcore: registered new interface driver esd_usb
[   18.042735][    T1] usbcore: registered new interface driver etas_es58x
[   18.044187][    T1] usbcore: registered new interface driver f81604
[   18.045125][    T1] usbcore: registered new interface driver gs_usb
[   18.046056][    T1] usbcore: registered new interface driver kvaser_usb
[   18.047021][    T1] usbcore: registered new interface driver mcba_usb
[   18.047997][    T1] usbcore: registered new interface driver peak_usb
[   18.049268][    T1] usbcore: registered new interface driver ucan
[   18.050347][    T1] e100: Intel(R) PRO/100 Network Driver
[   18.051027][    T1] e100: Copyright(c) 1999-2006 Intel Corporation
[   18.051980][    T1] e1000: Intel(R) PRO/1000 Network Driver
[   18.052692][    T1] e1000: Copyright (c) 1999-2006 Intel Corporation.
[   18.054083][    T1] e1000e: Intel(R) PRO/1000 Network Driver
[   18.054788][    T1] e1000e: Copyright(c) 1999 - 2015 Intel Corporation.
[   18.056492][    T1] mkiss: AX.25 Multikiss, Hans Albas PE1AYX
[   18.057253][    T1] AX.25: bpqether driver version 004
[   18.057902][    T1] PPP generic driver version 2.4.2
[   18.059501][    T1] PPP BSD Compression module registered
[   18.060202][    T1] PPP Deflate Compression module registered
[   18.060956][    T1] PPP MPPE Compression module registered
[   18.064265][    T1] NET: Registered PF_PPPOX protocol family
[   18.065033][    T1] PPTP driver version 0.8.5
[   18.066125][    T1] SLIP: version 0.8.4-NET3.019-NEWTTY (dynamic channels, max=256) (6 bit encapsulation enabled).
[   18.067383][    T1] CSLIP: code copyright 1989 Regents of the University of California.
[   18.068369][    T1] SLIP linefill/keepalive option.
[   18.068993][    T1] hdlc: HDLC support module revision 1.22
[   18.069715][    T1] LAPB Ethernet driver version 0.02
[   18.071421][    T1] usbcore: registered new interface driver ath9k_htc
[   18.072637][    T1] usbcore: registered new interface driver carl9170
[   18.073864][    T1] usbcore: registered new interface driver ath6kl_usb
[   18.075071][    T1] usbcore: registered new interface driver ar5523
[   18.076711][    T1] usbcore: registered new interface driver ath10k_usb
[   18.077922][    T1] usbcore: registered new interface driver plfxlc
[   18.079320][    T1] mac80211_hwsim: initializing netlink
[   18.111366][    T1] usbcore: registered new interface driver atusb
[   18.133544][ T1004] ata2: found unknown device (class 0)
[   18.133568][    T1] mac802154_hwsim mac802154_hwsim: Added 2 mac802154 hwsim hardware radios
[   18.134855][    T1] VMware vmxnet3 virtual NIC driver - version 1.9.0.0-k-NAPI
[   18.137399][    T1] usbcore: registered new interface driver catc
[   18.138787][    T1] usbcore: registered new interface driver kaweth
[   18.139443][ T1004] ata2.00: ATAPI: QEMU DVD-ROM, 2.5+, max UDMA/100
[   18.139677][    T1] pegasus: Pegasus/Pegasus II USB Ethernet driver
[   18.141551][    T1] usbcore: registered new interface driver pegasus
[   18.142797][    T1] usbcore: registered new interface driver rtl8150
[   18.143826][    T1] usbcore: registered new device driver r8152-cfgselector
[   18.144860][    T1] usbcore: registered new interface driver r8152
[   18.145859][    T1] usbcore: registered new interface driver hso
[   18.146768][    T1] usbcore: registered new interface driver lan78xx
[   18.147717][    T1] usbcore: registered new interface driver asix
[   18.148653][    T1] usbcore: registered new interface driver ax88179_178a
[   18.149659][    T1] usbcore: registered new interface driver cdc_ether
[   18.150649][    T1] usbcore: registered new interface driver cdc_eem
[   18.151606][    T1] usbcore: registered new interface driver dm9601
[   18.152556][    T1] usbcore: registered new interface driver sr9700
[   18.154942][    T1] usbcore: registered new interface driver CoreChips
[   18.156200][   T68] scsi 1:0:0:0: CD-ROM            QEMU     QEMU DVD-ROM     2.5+ PQ: 0 ANSI: 5
[   18.156404][    T1] usbcore: registered new interface driver smsc75xx
[   18.158500][    T1] usbcore: registered new interface driver smsc95xx
[   18.159701][    T1] usbcore: registered new interface driver gl620a
[   18.161475][    T1] usbcore: registered new interface driver net1080
[   18.162636][    T1] usbcore: registered new interface driver plusb
[   18.163982][    T1] usbcore: registered new interface driver rndis_host
[   18.164979][    T1] usbcore: registered new interface driver cdc_subset
[   18.165964][    T1] usbcore: registered new interface driver zaurus
[   18.166930][    T1] usbcore: registered new interface driver MOSCHIP usb-ethernet driver
[   18.168100][    T1] usbcore: registered new interface driver int51x1
[   18.169058][    T1] usbcore: registered new interface driver cdc_phonet
[   18.170049][    T1] usbcore: registered new interface driver kalmia
[   18.170992][    T1] usbcore: registered new interface driver ipheth
[   18.171904][    T1] usbcore: registered new interface driver sierra_net
[   18.172920][    T1] usbcore: registered new interface driver cx82310_eth
[   18.173985][    T1] usbcore: registered new interface driver cdc_ncm
[   18.174940][    T1] usbcore: registered new interface driver huawei_cdc_ncm
[   18.175978][    T1] usbcore: registered new interface driver lg-vl600
[   18.176949][    T1] usbcore: registered new interface driver qmi_wwan
[   18.177913][    T1] usbcore: registered new interface driver cdc_mbim
[   18.178887][    T1] usbcore: registered new interface driver ch9200
[   18.179846][    T1] usbcore: registered new interface driver aqc111
[   18.180805][    T1] usbcore: registered new interface driver r8153_ecm
[   18.195416][    T1] VFIO - User Level meta-driver version: 0.3
[   18.200926][    T1] aoe: AoE v85 initialised.
[   18.207266][    T1] SPI driver max3421-hcd has no spi_device_id for maxim,max3421
[   18.208686][    T1] usbcore: registered new interface driver cdc_acm
[   18.213524][    T1] cdc_acm: USB Abstract Control Model driver for USB modems and ISDN adapters
[   18.214950][    T1] usbcore: registered new interface driver usblp
[   18.216039][    T1] usbcore: registered new interface driver cdc_wdm
[   18.217051][    T1] usbcore: registered new interface driver usbtmc
[   18.218536][    T1] usbcore: registered new interface driver uas
[   18.221033][    T1] usbcore: registered new interface driver usb-storage
[   18.222321][    T1] usbcore: registered new interface driver ums-alauda
[   18.223357][    T1] usbcore: registered new interface driver ums-cypress
[   18.224351][    T1] usbcore: registered new interface driver ums-datafab
[   18.225328][    T1] usbcore: registered new interface driver ums_eneub6250
[   18.226314][    T1] usbcore: registered new interface driver ums-freecom
[   18.227335][    T1] usbcore: registered new interface driver ums-isd200
[   18.228305][    T1] usbcore: registered new interface driver ums-jumpshot
[   18.229287][    T1] usbcore: registered new interface driver ums-karma
[   18.230237][    T1] usbcore: registered new interface driver ums-onetouch
[   18.231212][    T1] usbcore: registered new interface driver ums-realtek
[   18.232196][    T1] usbcore: registered new interface driver ums-sddr09
[   18.233153][    T1] usbcore: registered new interface driver ums-sddr55
[   18.235620][    T1] usbcore: registered new interface driver ums-usbat
[   18.236655][    T1] usbcore: registered new interface driver mdc800
[   18.237437][    T1] mdc800: v0.7.5 (30/10/2000):USB Driver for Mustek MDC800 Digital Camera
[   18.238626][    T1] usbcore: registered new interface driver microtekX6
[   18.240039][    T1] usbcore: registered new interface driver usbserial_generic
[   18.241247][    T1] usbserial: USB Serial support registered for generic
[   18.242274][    T1] usbcore: registered new interface driver aircable
[   18.243420][    T1] usbserial: USB Serial support registered for aircable
[   18.244420][    T1] usbcore: registered new interface driver ark3116
[   18.245330][    T1] usbserial: USB Serial support registered for ark3116
[   18.246305][    T1] usbcore: registered new interface driver belkin_sa
[   18.247238][    T1] usbserial: USB Serial support registered for Belkin / Peracom / GoHubs USB Serial Adapter
[   18.248608][    T1] usbcore: registered new interface driver ch341
[   18.249589][    T1] usbserial: USB Serial support registered for ch341-uart
[   18.250922][    T1] usbcore: registered new interface driver cp210x
[   18.251881][    T1] usbserial: USB Serial support registered for cp210x
[   18.252862][    T1] usbcore: registered new interface driver cyberjack
[   18.257227][    T1] usbserial: USB Serial support registered for Reiner SCT Cyberjack USB card reader
[   18.257784][   T68] sr 1:0:0:0: [sr0] scsi3-mmc drive: 4x/4x cd/rw xa/form2 tray
[   18.258522][    T1] usbcore: registered new interface driver cypress_m8
[   18.259729][   T68] cdrom: Uniform CD-ROM driver Revision: 3.20
[   18.260260][    T1] usbserial: USB Serial support registered for DeLorme Earthmate USB
[   18.262287][    T1] usbserial: USB Serial support registered for HID->COM RS232 Adapter
[   18.263430][    T1] usbserial: USB Serial support registered for Nokia CA-42 V2 Adapter
[   18.264610][    T1] usbcore: registered new interface driver usb_debug
[   18.265544][    T1] usbserial: USB Serial support registered for debug
[   18.266475][    T1] usbserial: USB Serial support registered for xhci_dbc
[   18.267454][    T1] usbcore: registered new interface driver digi_acceleport
[   18.268479][    T1] usbserial: USB Serial support registered for Digi 2 port USB adapter
[   18.269622][    T1] usbserial: USB Serial support registered for Digi 4 port USB adapter
[   18.270776][    T1] usbcore: registered new interface driver io_edgeport
[   18.271727][    T1] usbserial: USB Serial support registered for Edgeport 2 port adapter
[   18.272876][    T1] usbserial: USB Serial support registered for Edgeport 4 port adapter
[   18.275088][    T1] usbserial: USB Serial support registered for Edgeport 8 port adapter
[   18.276208][    T1] usbserial: USB Serial support registered for EPiC device
[   18.277239][    T1] usbcore: registered new interface driver io_ti
[   18.278135][    T1] usbserial: USB Serial support registered for Edgeport TI 1 port adapter
[   18.279288][    T1] usbserial: USB Serial support registered for Edgeport TI 2 port adapter
[   18.280467][    T1] usbcore: registered new interface driver empeg
[   18.281362][    T1] usbserial: USB Serial support registered for empeg
[   18.282357][    T1] usbcore: registered new interface driver f81534a_ctrl
[   18.283626][    T1] usbcore: registered new interface driver f81232
[   18.284672][    T1] usbserial: USB Serial support registered for f81232
[   18.285624][    T1] usbserial: USB Serial support registered for f81534a
[   18.286613][    T1] usbcore: registered new interface driver f81534
[   18.288747][    T1] usbserial: USB Serial support registered for Fintek F81532/F81534
[   18.289872][    T1] usbcore: registered new interface driver ftdi_sio
[   18.290808][    T1] usbserial: USB Serial support registered for FTDI USB Serial Device
[   18.292550][    T1] usbcore: registered new interface driver garmin_gps
[   18.294094][    T1] usbserial: USB Serial support registered for Garmin GPS usb/tty
[   18.296103][    T1] usbcore: registered new interface driver ipaq
[   18.296997][    T1] usbserial: USB Serial support registered for PocketPC PDA
[   18.298028][    T1] usbcore: registered new interface driver ipw
[   18.299451][   T68] sr 1:0:0:0: Attached scsi generic sg0 type 5
[   18.301277][    T1] usbserial: USB Serial support registered for IPWireless converter
[   18.302408][    T1] usbcore: registered new interface driver ir_usb
[   18.303675][    T1] usbserial: USB Serial support registered for IR Dongle
[   18.304718][    T1] usbcore: registered new interface driver iuu_phoenix
[   18.306269][    T1] usbserial: USB Serial support registered for iuu_phoenix
[   18.307304][    T1] usbcore: registered new interface driver keyspan
[   18.308263][    T1] usbserial: USB Serial support registered for Keyspan - (without firmware)
[   18.309440][    T1] usbserial: USB Serial support registered for Keyspan 1 port adapter
[   18.310545][    T1] usbserial: USB Serial support registered for Keyspan 2 port adapter
[   18.311657][    T1] usbserial: USB Serial support registered for Keyspan 4 port adapter
[   18.312804][    T1] usbcore: registered new interface driver keyspan_pda
[   18.314647][    T1] usbserial: USB Serial support registered for Keyspan PDA
[   18.315641][    T1] usbserial: USB Serial support registered for Keyspan PDA - (prerenumeration)
[   18.316863][    T1] usbcore: registered new interface driver kl5kusb105
[   18.317812][    T1] usbserial: USB Serial support registered for KL5KUSB105D / PalmConnect
[   18.318978][    T1] usbcore: registered new interface driver kobil_sct
[   18.319920][    T1] usbserial: USB Serial support registered for KOBIL USB smart card terminal
[   18.321119][    T1] usbcore: registered new interface driver mct_u232
[   18.322077][    T1] usbserial: USB Serial support registered for MCT U232
[   18.323080][    T1] usbcore: registered new interface driver metro_usb
[   18.325724][    T1] usbserial: USB Serial support registered for Metrologic USB to Serial
[   18.326891][    T1] usbcore: registered new interface driver mos7720
[   18.327806][    T1] usbserial: USB Serial support registered for Moschip 2 port adapter
[   18.328944][    T1] usbcore: registered new interface driver mos7840
[   18.329867][    T1] usbserial: USB Serial support registered for Moschip 7840/7820 USB Serial Driver
[   18.331156][    T1] usbcore: registered new interface driver mxuport
[   18.332129][    T1] usbserial: USB Serial support registered for MOXA UPort
[   18.333136][    T1] usbcore: registered new interface driver navman
[   18.334164][    T1] usbserial: USB Serial support registered for navman
[   18.335131][    T1] usbcore: registered new interface driver omninet
[   18.336083][    T1] usbserial: USB Serial support registered for ZyXEL - omni.net usb
[   18.337189][    T1] usbcore: registered new interface driver opticon
[   18.338099][    T1] usbserial: USB Serial support registered for opticon
[   18.339093][    T1] usbcore: registered new interface driver option
[   18.340012][    T1] usbserial: USB Serial support registered for GSM modem (1-port)
[   18.341122][    T1] usbcore: registered new interface driver oti6858
[   18.342039][    T1] usbserial: USB Serial support registered for oti6858
[   18.343023][    T1] usbcore: registered new interface driver pl2303
[   18.344363][    T1] usbserial: USB Serial support registered for pl2303
[   18.345325][    T1] usbcore: registered new interface driver qcaux
[   18.346228][    T1] usbserial: USB Serial support registered for qcaux
[   18.347175][    T1] usbcore: registered new interface driver qcserial
[   18.348120][    T1] usbserial: USB Serial support registered for Qualcomm USB modem
[   18.349207][    T1] usbcore: registered new interface driver quatech2
[   18.350138][    T1] usbserial: USB Serial support registered for Quatech 2nd gen USB to Serial Driver
[   18.351423][    T1] usbcore: registered new interface driver safe_serial
[   18.352401][    T1] usbserial: USB Serial support registered for safe_serial
[   18.353806][    T1] usbcore: registered new interface driver sierra
[   18.354769][    T1] usbserial: USB Serial support registered for Sierra USB modem
[   18.355871][    T1] usbcore: registered new interface driver usb_serial_simple
[   18.356913][    T1] usbserial: USB Serial support registered for carelink
[   18.357877][    T1] usbserial: USB Serial support registered for flashloader
[   18.359279][    T1] usbserial: USB Serial support registered for funsoft
[   18.360239][    T1] usbserial: USB Serial support registered for google
[   18.361181][    T1] usbserial: USB Serial support registered for hp4x
[   18.362111][    T1] usbserial: USB Serial support registered for kaufmann
[   18.363080][    T1] usbserial: USB Serial support registered for libtransistor
[   18.364150][    T1] usbserial: USB Serial support registered for moto_modem
[   18.365442][    T1] usbserial: USB Serial support registered for motorola_tetra
[   18.366480][    T1] usbserial: USB Serial support registered for nokia
[   18.367438][    T1] usbserial: USB Serial support registered for novatel_gps
[   18.368456][    T1] usbserial: USB Serial support registered for siemens_mpi
[   18.369461][    T1] usbserial: USB Serial support registered for suunto
[   18.370414][    T1] usbserial: USB Serial support registered for vivopay
[   18.371381][    T1] usbserial: USB Serial support registered for zio
[   18.372772][    T1] usbcore: registered new interface driver spcp8x5
[   18.375124][    T1] usbserial: USB Serial support registered for SPCP8x5
[   18.376843][    T1] usbcore: registered new interface driver ssu100
[   18.377735][    T1] usbserial: USB Serial support registered for Quatech SSU-100 USB to Serial Driver
[   18.378973][    T1] usbcore: registered new interface driver symbolserial
[   18.379909][    T1] usbserial: USB Serial support registered for symbol
[   18.380873][    T1] usbcore: registered new interface driver ti_usb_3410_5052
[   18.381852][    T1] usbserial: USB Serial support registered for TI USB 3410 1 port adapter
[   18.382966][    T1] usbserial: USB Serial support registered for TI USB 5052 2 port adapter
[   18.384252][    T1] usbcore: registered new interface driver upd78f0730
[   18.385204][    T1] usbserial: USB Serial support registered for upd78f0730
[   18.386189][    T1] usbcore: registered new interface driver visor
[   18.387059][    T1] usbserial: USB Serial support registered for Handspring Visor / Palm OS
[   18.388176][    T1] usbserial: USB Serial support registered for Sony Clie 5.0
[   18.389195][    T1] usbserial: USB Serial support registered for Sony Clie 3.5
[   18.390208][    T1] usbcore: registered new interface driver wishbone_serial
[   18.391180][    T1] usbserial: USB Serial support registered for wishbone_serial
[   18.392220][    T1] usbcore: registered new interface driver whiteheat
[   18.393140][    T1] usbserial: USB Serial support registered for Connect Tech - WhiteHEAT - (prerenumeration)
[   18.394531][    T1] usbserial: USB Serial support registered for Connect Tech - WhiteHEAT
[   18.395651][    T1] usbcore: registered new interface driver xr_serial
[   18.396575][    T1] usbserial: USB Serial support registered for xr_serial
[   18.397547][    T1] usbcore: registered new interface driver xsens_mt
[   18.398441][    T1] usbserial: USB Serial support registered for xsens_mt
[   18.399422][    T1] usbcore: registered new interface driver adutux
[   18.400349][    T1] usbcore: registered new interface driver appledisplay
[   18.401320][    T1] usbcore: registered new interface driver cypress_cy7c63
[   18.402312][    T1] usbcore: registered new interface driver cytherm
[   18.403276][    T1] usbcore: registered new interface driver emi26 - firmware loader
[   18.404367][    T1] usbcore: registered new interface driver emi62 - firmware loader
[   18.405462][    T1] usbcore: registered new device driver apple-mfi-fastcharge
[   18.406508][    T1] usbcore: registered new interface driver ljca
[   18.407401][    T1] usbcore: registered new interface driver idmouse
[   18.408339][    T1] usbcore: registered new interface driver iowarrior
[   18.409289][    T1] usbcore: registered new interface driver isight_firmware
[   18.410289][    T1] usbcore: registered new interface driver usblcd
[   18.411202][    T1] usbcore: registered new interface driver ldusb
[   18.412124][    T1] usbcore: registered new interface driver legousbtower
[   18.413098][    T1] usbcore: registered new interface driver usbtest
[   18.414458][    T1] usbcore: registered new interface driver usb_ehset_test
[   18.415471][    T1] usbcore: registered new interface driver trancevibrator
[   18.416490][    T1] usbcore: registered new interface driver uss720
[   18.417254][    T1] uss720: USB Parport Cable driver for Cables using the Lucent Technologies USS720 Chip
[   18.418382][    T1] uss720: NOTE: this is a special purpose driver to allow nonstandard
[   18.419342][    T1] uss720: protocols (eg. bitbang) over USS720 usb to parallel cables
[   18.420289][    T1] uss720: If you just want to connect to a printer, use usblp instead
[   18.421406][    T1] usbcore: registered new interface driver usbsevseg
[   18.422377][    T1] usbcore: registered new interface driver yurex
[   18.424232][    T1] usbcore: registered new interface driver chaoskey
[   18.425180][    T1] usbcore: registered new interface driver sisusb
[   18.426086][    T1] usbcore: registered new interface driver lvs
[   18.426965][    T1] usbcore: registered new interface driver cxacru
[   18.428576][    T1] usbcore: registered new interface driver speedtch
[   18.429515][    T1] usbcore: registered new interface driver ueagle-atm
[   18.430320][    T1] xusbatm: malformed module parameters
[   18.434671][    T1] dummy_hcd dummy_hcd.0: USB Host+Gadget Emulator, driver 02 May 2005
[   18.435697][    T1] dummy_hcd dummy_hcd.0: Dummy host controller
[   18.438225][    T1] dummy_hcd dummy_hcd.0: new USB bus registered, assigned bus number 1
[   18.440698][    T1] usb usb1: New USB device found, idVendor=1d6b, idProduct=0002, bcdDevice= 6.13
[   18.441835][    T1] usb usb1: New USB device strings: Mfr=3, Product=2, SerialNumber=1
[   18.442799][    T1] usb usb1: Product: Dummy host controller
[   18.443555][    T1] usb usb1: Manufacturer: Linux 6.13.0-rc2-00018-g7cb1b4663150-dirty dummy_hcd
[   18.444635][    T1] usb usb1: SerialNumber: dummy_hcd.0
[   18.449641][    T1] hub 1-0:1.0: USB hub found
[   18.450661][    T1] hub 1-0:1.0: 1 port detected
[   18.461454][    T1] SPI driver max3420-udc has no spi_device_id for maxim,max3421-udc
[   18.462887][    T1] gadgetfs: USB Gadget filesystem, version 24 Aug 2004
[   18.467576][    T1] vhci_hcd vhci_hcd.0: USB/IP Virtual Host Controller
[   18.469451][    T1] vhci_hcd vhci_hcd.0: new USB bus registered, assigned bus number 2
[   18.470919][    T1] vhci_hcd: created sysfs vhci_hcd.0
[   18.473000][    T1] usb usb2: New USB device found, idVendor=1d6b, idProduct=0002, bcdDevice= 6.13
[   18.474139][    T1] usb usb2: New USB device strings: Mfr=3, Product=2, SerialNumber=1
[   18.475102][    T1] usb usb2: Product: USB/IP Virtual Host Controller
[   18.475887][    T1] usb usb2: Manufacturer: Linux 6.13.0-rc2-00018-g7cb1b4663150-dirty vhci_hcd
[   18.476934][    T1] usb usb2: SerialNumber: vhci_hcd.0
[   18.480503][    T1] hub 2-0:1.0: USB hub found
[   18.481361][    T1] hub 2-0:1.0: 8 ports detected
[   18.491328][    T1] vhci_hcd vhci_hcd.0: USB/IP Virtual Host Controller
[   18.492909][    T1] vhci_hcd vhci_hcd.0: new USB bus registered, assigned bus number 3
[   18.495177][    T1] usb usb3: We don't know the algorithms for LPM for this host, disabling LPM.
[   18.497148][    T1] usb usb3: New USB device found, idVendor=1d6b, idProduct=0003, bcdDevice= 6.13
[   18.498246][    T1] usb usb3: New USB device strings: Mfr=3, Product=2, SerialNumber=1
[   18.499207][    T1] usb usb3: Product: USB/IP Virtual Host Controller
[   18.499995][    T1] usb usb3: Manufacturer: Linux 6.13.0-rc2-00018-g7cb1b4663150-dirty vhci_hcd
[   18.501047][    T1] usb usb3: SerialNumber: vhci_hcd.0
[   18.504463][    T1] hub 3-0:1.0: USB hub found
[   18.505225][    T1] hub 3-0:1.0: 8 ports detected
[   18.517511][    T1] vhci_hcd vhci_hcd.1: USB/IP Virtual Host Controller
[   18.520566][    T1] vhci_hcd vhci_hcd.1: new USB bus registered, assigned bus number 4
[   18.524145][    T1] usb usb4: New USB device found, idVendor=1d6b, idProduct=0002, bcdDevice= 6.13
[   18.526217][    T1] usb usb4: New USB device strings: Mfr=3, Product=2, SerialNumber=1
[   18.528067][    T1] usb usb4: Product: USB/IP Virtual Host Controller
[   18.529500][    T1] usb usb4: Manufacturer: Linux 6.13.0-rc2-00018-g7cb1b4663150-dirty vhci_hcd
[   18.531268][    T1] usb usb4: SerialNumber: vhci_hcd.1
[   18.535416][    T1] hub 4-0:1.0: USB hub found
[   18.536158][    T1] hub 4-0:1.0: 8 ports detected
[   18.544353][    T1] vhci_hcd vhci_hcd.1: USB/IP Virtual Host Controller
[   18.546096][    T1] vhci_hcd vhci_hcd.1: new USB bus registered, assigned bus number 5
[   18.547426][    T1] usb usb5: We don't know the algorithms for LPM for this host, disabling LPM.
[   18.549245][    T1] usb usb5: New USB device found, idVendor=1d6b, idProduct=0003, bcdDevice= 6.13
[   18.550341][    T1] usb usb5: New USB device strings: Mfr=3, Product=2, SerialNumber=1
[   18.551300][    T1] usb usb5: Product: USB/IP Virtual Host Controller
[   18.552157][    T1] usb usb5: Manufacturer: Linux 6.13.0-rc2-00018-g7cb1b4663150-dirty vhci_hcd
[   18.553891][    T1] usb usb5: SerialNumber: vhci_hcd.1
[   18.557231][    T1] hub 5-0:1.0: USB hub found
[   18.557974][    T1] hub 5-0:1.0: 8 ports detected
[   18.568218][    T1] vhci_hcd vhci_hcd.2: USB/IP Virtual Host Controller
[   18.569992][    T1] vhci_hcd vhci_hcd.2: new USB bus registered, assigned bus number 6
[   18.571861][    T1] usb usb6: New USB device found, idVendor=1d6b, idProduct=0002, bcdDevice= 6.13
[   18.573002][    T1] usb usb6: New USB device strings: Mfr=3, Product=2, SerialNumber=1
[   18.574597][    T1] usb usb6: Product: USB/IP Virtual Host Controller
[   18.575390][    T1] usb usb6: Manufacturer: Linux 6.13.0-rc2-00018-g7cb1b4663150-dirty vhci_hcd
[   18.576449][    T1] usb usb6: SerialNumber: vhci_hcd.2
[   18.579930][    T1] hub 6-0:1.0: USB hub found
[   18.580679][    T1] hub 6-0:1.0: 8 ports detected
[   18.588789][    T1] vhci_hcd vhci_hcd.2: USB/IP Virtual Host Controller
[   18.591008][    T1] vhci_hcd vhci_hcd.2: new USB bus registered, assigned bus number 7
[   18.592366][    T1] usb usb7: We don't know the algorithms for LPM for this host, disabling LPM.
[   18.594202][    T1] usb usb7: New USB device found, idVendor=1d6b, idProduct=0003, bcdDevice= 6.13
[   18.595293][    T1] usb usb7: New USB device strings: Mfr=3, Product=2, SerialNumber=1
[   18.596260][    T1] usb usb7: Product: USB/IP Virtual Host Controller
[   18.597048][    T1] usb usb7: Manufacturer: Linux 6.13.0-rc2-00018-g7cb1b4663150-dirty vhci_hcd
[   18.598188][    T1] usb usb7: SerialNumber: vhci_hcd.2
[   18.601931][    T1] hub 7-0:1.0: USB hub found
[   18.602696][    T1] hub 7-0:1.0: 8 ports detected
[   18.613430][    T1] vhci_hcd vhci_hcd.3: USB/IP Virtual Host Controller
[   18.615503][    T1] vhci_hcd vhci_hcd.3: new USB bus registered, assigned bus number 8
[   18.617402][    T1] usb usb8: New USB device found, idVendor=1d6b, idProduct=0002, bcdDevice= 6.13
[   18.618502][    T1] usb usb8: New USB device strings: Mfr=3, Product=2, SerialNumber=1
[   18.619473][    T1] usb usb8: Product: USB/IP Virtual Host Controller
[   18.620273][    T1] usb usb8: Manufacturer: Linux 6.13.0-rc2-00018-g7cb1b4663150-dirty vhci_hcd
[   18.621320][    T1] usb usb8: SerialNumber: vhci_hcd.3
[   18.624978][    T1] hub 8-0:1.0: USB hub found
[   18.625729][    T1] hub 8-0:1.0: 8 ports detected
[   18.633254][    T1] vhci_hcd vhci_hcd.3: USB/IP Virtual Host Controller
[   18.635963][    T1] vhci_hcd vhci_hcd.3: new USB bus registered, assigned bus number 9
[   18.637300][    T1] usb usb9: We don't know the algorithms for LPM for this host, disabling LPM.
[   18.639138][    T1] usb usb9: New USB device found, idVendor=1d6b, idProduct=0003, bcdDevice= 6.13
[   18.640252][    T1] usb usb9: New USB device strings: Mfr=3, Product=2, SerialNumber=1
[   18.641214][    T1] usb usb9: Product: USB/IP Virtual Host Controller
[   18.642001][    T1] usb usb9: Manufacturer: Linux 6.13.0-rc2-00018-g7cb1b4663150-dirty vhci_hcd
[   18.643060][    T1] usb usb9: SerialNumber: vhci_hcd.3
[   18.647025][    T1] hub 9-0:1.0: USB hub found
[   18.647768][    T1] hub 9-0:1.0: 8 ports detected
[   18.658120][    T1] vhci_hcd vhci_hcd.4: USB/IP Virtual Host Controller
[   18.660038][    T1] vhci_hcd vhci_hcd.4: new USB bus registered, assigned bus number 10
[   18.661913][    T1] usb usb10: New USB device found, idVendor=1d6b, idProduct=0002, bcdDevice= 6.13
[   18.663011][    T1] usb usb10: New USB device strings: Mfr=3, Product=2, SerialNumber=1
[   18.664016][    T1] usb usb10: Product: USB/IP Virtual Host Controller
[   18.664832][    T1] usb usb10: Manufacturer: Linux 6.13.0-rc2-00018-g7cb1b4663150-dirty vhci_hcd
[   18.665889][    T1] usb usb10: SerialNumber: vhci_hcd.4
[   18.669564][    T1] hub 10-0:1.0: USB hub found
[   18.670319][    T1] hub 10-0:1.0: 8 ports detected
[   18.678740][    T1] vhci_hcd vhci_hcd.4: USB/IP Virtual Host Controller
[   18.680464][    T1] vhci_hcd vhci_hcd.4: new USB bus registered, assigned bus number 11
[   18.681812][    T1] usb usb11: We don't know the algorithms for LPM for this host, disabling LPM.
[   18.683718][    T1] usb usb11: New USB device found, idVendor=1d6b, idProduct=0003, bcdDevice= 6.13
[   18.684836][    T1] usb usb11: New USB device strings: Mfr=3, Product=2, SerialNumber=1
[   18.685813][    T1] usb usb11: Product: USB/IP Virtual Host Controller
[   18.686617][    T1] usb usb11: Manufacturer: Linux 6.13.0-rc2-00018-g7cb1b4663150-dirty vhci_hcd
[   18.687732][    T1] usb usb11: SerialNumber: vhci_hcd.4
[   18.691344][    T1] hub 11-0:1.0: USB hub found
[   18.692103][    T1] hub 11-0:1.0: 8 ports detected
[   18.702184][    T1] vhci_hcd vhci_hcd.5: USB/IP Virtual Host Controller
[   18.703999][    T1] vhci_hcd vhci_hcd.5: new USB bus registered, assigned bus number 12
[   18.705906][    T1] usb usb12: New USB device found, idVendor=1d6b, idProduct=0002, bcdDevice= 6.13
[   18.707007][    T1] usb usb12: New USB device strings: Mfr=3, Product=2, SerialNumber=1
[   18.707978][    T1] usb usb12: Product: USB/IP Virtual Host Controller
[   18.708778][    T1] usb usb12: Manufacturer: Linux 6.13.0-rc2-00018-g7cb1b4663150-dirty vhci_hcd
[   18.709831][    T1] usb usb12: SerialNumber: vhci_hcd.5
[   18.713477][    T1] hub 12-0:1.0: USB hub found
[   18.714227][    T1] hub 12-0:1.0: 8 ports detected
[   18.722193][    T1] vhci_hcd vhci_hcd.5: USB/IP Virtual Host Controller
[   18.724006][    T1] vhci_hcd vhci_hcd.5: new USB bus registered, assigned bus number 13
[   18.725333][    T1] usb usb13: We don't know the algorithms for LPM for this host, disabling LPM.
[   18.727154][    T1] usb usb13: New USB device found, idVendor=1d6b, idProduct=0003, bcdDevice= 6.13
[   18.728258][    T1] usb usb13: New USB device strings: Mfr=3, Product=2, SerialNumber=1
[   18.729225][    T1] usb usb13: Product: USB/IP Virtual Host Controller
[   18.730030][    T1] usb usb13: Manufacturer: Linux 6.13.0-rc2-00018-g7cb1b4663150-dirty vhci_hcd
[   18.731085][    T1] usb usb13: SerialNumber: vhci_hcd.5
[   18.734903][    T1] hub 13-0:1.0: USB hub found
[   18.735691][    T1] hub 13-0:1.0: 8 ports detected
[   18.745773][    T1] vhci_hcd vhci_hcd.6: USB/IP Virtual Host Controller
[   18.747468][    T1] vhci_hcd vhci_hcd.6: new USB bus registered, assigned bus number 14
[   18.749320][    T1] usb usb14: New USB device found, idVendor=1d6b, idProduct=0002, bcdDevice= 6.13
[   18.750418][    T1] usb usb14: New USB device strings: Mfr=3, Product=2, SerialNumber=1
[   18.751388][    T1] usb usb14: Product: USB/IP Virtual Host Controller
[   18.752190][    T1] usb usb14: Manufacturer: Linux 6.13.0-rc2-00018-g7cb1b4663150-dirty vhci_hcd
[   18.753280][    T1] usb usb14: SerialNumber: vhci_hcd.6
[   18.757883][    T1] hub 14-0:1.0: USB hub found
[   18.758629][    T1] hub 14-0:1.0: 8 ports detected
[   18.766279][    T1] vhci_hcd vhci_hcd.6: USB/IP Virtual Host Controller
[   18.768204][    T1] vhci_hcd vhci_hcd.6: new USB bus registered, assigned bus number 15
[   18.769551][    T1] usb usb15: We don't know the algorithms for LPM for this host, disabling LPM.
[   18.771353][    T1] usb usb15: New USB device found, idVendor=1d6b, idProduct=0003, bcdDevice= 6.13
[   18.772484][    T1] usb usb15: New USB device strings: Mfr=3, Product=2, SerialNumber=1
[   18.773495][    T1] usb usb15: Product: USB/IP Virtual Host Controller
[   18.774296][    T1] usb usb15: Manufacturer: Linux 6.13.0-rc2-00018-g7cb1b4663150-dirty vhci_hcd
[   18.775355][    T1] usb usb15: SerialNumber: vhci_hcd.6
[   18.778979][    T1] hub 15-0:1.0: USB hub found
[   18.779730][    T1] hub 15-0:1.0: 8 ports detected
[   18.790057][    T1] vhci_hcd vhci_hcd.7: USB/IP Virtual Host Controller
[   18.792004][    T1] vhci_hcd vhci_hcd.7: new USB bus registered, assigned bus number 16
[   18.793908][    T1] usb usb16: New USB device found, idVendor=1d6b, idProduct=0002, bcdDevice= 6.13
[   18.795009][    T1] usb usb16: New USB device strings: Mfr=3, Product=2, SerialNumber=1
[   18.795982][    T1] usb usb16: Product: USB/IP Virtual Host Controller
[   18.796785][    T1] usb usb16: Manufacturer: Linux 6.13.0-rc2-00018-g7cb1b4663150-dirty vhci_hcd
[   18.797845][    T1] usb usb16: SerialNumber: vhci_hcd.7
[   18.801410][    T1] hub 16-0:1.0: USB hub found
[   18.802343][    T1] hub 16-0:1.0: 8 ports detected
[   18.809902][    T1] vhci_hcd vhci_hcd.7: USB/IP Virtual Host Controller
[   18.812184][    T1] vhci_hcd vhci_hcd.7: new USB bus registered, assigned bus number 17
[   18.813577][    T1] usb usb17: We don't know the algorithms for LPM for this host, disabling LPM.
[   18.816163][    T1] usb usb17: New USB device found, idVendor=1d6b, idProduct=0003, bcdDevice= 6.13
[   18.818290][    T1] usb usb17: New USB device strings: Mfr=3, Product=2, SerialNumber=1
[   18.820152][    T1] usb usb17: Product: USB/IP Virtual Host Controller
[   18.821680][    T1] usb usb17: Manufacturer: Linux 6.13.0-rc2-00018-g7cb1b4663150-dirty vhci_hcd
[   18.823834][    T1] usb usb17: SerialNumber: vhci_hcd.7
[   18.829865][    T1] hub 17-0:1.0: USB hub found
[   18.831278][    T1] hub 17-0:1.0: 8 ports detected
[   18.849906][    T1] vhci_hcd vhci_hcd.8: USB/IP Virtual Host Controller
[   18.853542][    T1] vhci_hcd vhci_hcd.8: new USB bus registered, assigned bus number 18
[   18.855754][    T1] usb usb18: New USB device found, idVendor=1d6b, idProduct=0002, bcdDevice= 6.13
[   18.856871][    T1] usb usb18: New USB device strings: Mfr=3, Product=2, SerialNumber=1
[   18.857890][    T1] usb usb18: Product: USB/IP Virtual Host Controller
[   18.858691][    T1] usb usb18: Manufacturer: Linux 6.13.0-rc2-00018-g7cb1b4663150-dirty vhci_hcd
[   18.859747][    T1] usb usb18: SerialNumber: vhci_hcd.8
[   18.863278][    T1] hub 18-0:1.0: USB hub found
[   18.864028][    T1] hub 18-0:1.0: 8 ports detected
[   18.872368][    T1] vhci_hcd vhci_hcd.8: USB/IP Virtual Host Controller
[   18.873972][    T1] vhci_hcd vhci_hcd.8: new USB bus registered, assigned bus number 19
[   18.875303][    T1] usb usb19: We don't know the algorithms for LPM for this host, disabling LPM.
[   18.877120][    T1] usb usb19: New USB device found, idVendor=1d6b, idProduct=0003, bcdDevice= 6.13
[   18.878257][    T1] usb usb19: New USB device strings: Mfr=3, Product=2, SerialNumber=1
[   18.879262][    T1] usb usb19: Product: USB/IP Virtual Host Controller
[   18.880068][    T1] usb usb19: Manufacturer: Linux 6.13.0-rc2-00018-g7cb1b4663150-dirty vhci_hcd
[   18.881122][    T1] usb usb19: SerialNumber: vhci_hcd.8
[   18.884926][    T1] hub 19-0:1.0: USB hub found
[   18.885686][    T1] hub 19-0:1.0: 8 ports detected
[   18.894848][    T1] vhci_hcd vhci_hcd.9: USB/IP Virtual Host Controller
[   18.897688][    T1] vhci_hcd vhci_hcd.9: new USB bus registered, assigned bus number 20
[   18.901234][    T1] usb usb20: New USB device found, idVendor=1d6b, idProduct=0002, bcdDevice= 6.13
[   18.903705][    T1] usb usb20: New USB device strings: Mfr=3, Product=2, SerialNumber=1
[   18.905574][    T1] usb usb20: Product: USB/IP Virtual Host Controller
[   18.907103][    T1] usb usb20: Manufacturer: Linux 6.13.0-rc2-00018-g7cb1b4663150-dirty vhci_hcd
[   18.909118][    T1] usb usb20: SerialNumber: vhci_hcd.9
[   18.915067][    T1] hub 20-0:1.0: USB hub found
[   18.917014][    T1] hub 20-0:1.0: 8 ports detected
[   18.931003][    T1] vhci_hcd vhci_hcd.9: USB/IP Virtual Host Controller
[   18.933877][    T1] vhci_hcd vhci_hcd.9: new USB bus registered, assigned bus number 21
[   18.935262][    T1] usb usb21: We don't know the algorithms for LPM for this host, disabling LPM.
[   18.937083][    T1] usb usb21: New USB device found, idVendor=1d6b, idProduct=0003, bcdDevice= 6.13
[   18.938181][    T1] usb usb21: New USB device strings: Mfr=3, Product=2, SerialNumber=1
[   18.939178][    T1] usb usb21: Product: USB/IP Virtual Host Controller
[   18.939976][    T1] usb usb21: Manufacturer: Linux 6.13.0-rc2-00018-g7cb1b4663150-dirty vhci_hcd
[   18.941070][    T1] usb usb21: SerialNumber: vhci_hcd.9
[   18.944657][    T1] hub 21-0:1.0: USB hub found
[   18.945419][    T1] hub 21-0:1.0: 8 ports detected
[   18.956938][    T1] vhci_hcd vhci_hcd.10: USB/IP Virtual Host Controller
[   18.959883][    T1] vhci_hcd vhci_hcd.10: new USB bus registered, assigned bus number 22
[   18.963532][    T1] usb usb22: New USB device found, idVendor=1d6b, idProduct=0002, bcdDevice= 6.13
[   18.965643][    T1] usb usb22: New USB device strings: Mfr=3, Product=2, SerialNumber=1
[   18.967500][    T1] usb usb22: Product: USB/IP Virtual Host Controller
[   18.969004][    T1] usb usb22: Manufacturer: Linux 6.13.0-rc2-00018-g7cb1b4663150-dirty vhci_hcd
[   18.970793][    T1] usb usb22: SerialNumber: vhci_hcd.10
[   18.974903][    T1] hub 22-0:1.0: USB hub found
[   18.975649][    T1] hub 22-0:1.0: 8 ports detected
[   18.983729][    T1] vhci_hcd vhci_hcd.10: USB/IP Virtual Host Controller
[   18.985359][    T1] vhci_hcd vhci_hcd.10: new USB bus registered, assigned bus number 23
[   18.986713][    T1] usb usb23: We don't know the algorithms for LPM for this host, disabling LPM.
[   18.988540][    T1] usb usb23: New USB device found, idVendor=1d6b, idProduct=0003, bcdDevice= 6.13
[   18.989668][    T1] usb usb23: New USB device strings: Mfr=3, Product=2, SerialNumber=1
[   18.990641][    T1] usb usb23: Product: USB/IP Virtual Host Controller
[   18.991434][    T1] usb usb23: Manufacturer: Linux 6.13.0-rc2-00018-g7cb1b4663150-dirty vhci_hcd
[   18.992503][    T1] usb usb23: SerialNumber: vhci_hcd.10
[   18.996101][    T1] hub 23-0:1.0: USB hub found
[   18.996895][    T1] hub 23-0:1.0: 8 ports detected
[   19.008070][    T1] vhci_hcd vhci_hcd.11: USB/IP Virtual Host Controller
[   19.010889][    T1] vhci_hcd vhci_hcd.11: new USB bus registered, assigned bus number 24
[   19.014159][    T1] usb usb24: New USB device found, idVendor=1d6b, idProduct=0002, bcdDevice= 6.13
[   19.016027][    T1] usb usb24: New USB device strings: Mfr=3, Product=2, SerialNumber=1
[   19.017347][    T1] usb usb24: Product: USB/IP Virtual Host Controller
[   19.018140][    T1] usb usb24: Manufacturer: Linux 6.13.0-rc2-00018-g7cb1b4663150-dirty vhci_hcd
[   19.019184][    T1] usb usb24: SerialNumber: vhci_hcd.11
[   19.022441][    T1] hub 24-0:1.0: USB hub found
[   19.023398][    T1] hub 24-0:1.0: 8 ports detected
[   19.031202][    T1] vhci_hcd vhci_hcd.11: USB/IP Virtual Host Controller
[   19.033019][    T1] vhci_hcd vhci_hcd.11: new USB bus registered, assigned bus number 25
[   19.034883][    T1] usb usb25: We don't know the algorithms for LPM for this host, disabling LPM.
[   19.036674][    T1] usb usb25: New USB device found, idVendor=1d6b, idProduct=0003, bcdDevice= 6.13
[   19.037764][    T1] usb usb25: New USB device strings: Mfr=3, Product=2, SerialNumber=1
[   19.038730][    T1] usb usb25: Product: USB/IP Virtual Host Controller
[   19.039518][    T1] usb usb25: Manufacturer: Linux 6.13.0-rc2-00018-g7cb1b4663150-dirty vhci_hcd
[   19.040566][    T1] usb usb25: SerialNumber: vhci_hcd.11
[   19.044004][    T1] hub 25-0:1.0: USB hub found
[   19.044747][    T1] hub 25-0:1.0: 8 ports detected
[   19.055280][    T1] vhci_hcd vhci_hcd.12: USB/IP Virtual Host Controller
[   19.056953][    T1] vhci_hcd vhci_hcd.12: new USB bus registered, assigned bus number 26
[   19.058803][    T1] usb usb26: New USB device found, idVendor=1d6b, idProduct=0002, bcdDevice= 6.13
[   19.059885][    T1] usb usb26: New USB device strings: Mfr=3, Product=2, SerialNumber=1
[   19.060860][    T1] usb usb26: Product: USB/IP Virtual Host Controller
[   19.061647][    T1] usb usb26: Manufacturer: Linux 6.13.0-rc2-00018-g7cb1b4663150-dirty vhci_hcd
[   19.062689][    T1] usb usb26: SerialNumber: vhci_hcd.12
[   19.066527][    T1] hub 26-0:1.0: USB hub found
[   19.067280][    T1] hub 26-0:1.0: 8 ports detected
[   19.074768][    T1] vhci_hcd vhci_hcd.12: USB/IP Virtual Host Controller
[   19.077077][    T1] vhci_hcd vhci_hcd.12: new USB bus registered, assigned bus number 27
[   19.078397][    T1] usb usb27: We don't know the algorithms for LPM for this host, disabling LPM.
[   19.080191][    T1] usb usb27: New USB device found, idVendor=1d6b, idProduct=0003, bcdDevice= 6.13
[   19.081272][    T1] usb usb27: New USB device strings: Mfr=3, Product=2, SerialNumber=1
[   19.082226][    T1] usb usb27: Product: USB/IP Virtual Host Controller
[   19.083010][    T1] usb usb27: Manufacturer: Linux 6.13.0-rc2-00018-g7cb1b4663150-dirty vhci_hcd
[   19.084104][    T1] usb usb27: SerialNumber: vhci_hcd.12
[   19.087702][    T1] hub 27-0:1.0: USB hub found
[   19.088460][    T1] hub 27-0:1.0: 8 ports detected
[   19.099512][    T1] vhci_hcd vhci_hcd.13: USB/IP Virtual Host Controller
[   19.101226][    T1] vhci_hcd vhci_hcd.13: new USB bus registered, assigned bus number 28
[   19.103064][    T1] usb usb28: New USB device found, idVendor=1d6b, idProduct=0002, bcdDevice= 6.13
[   19.104202][    T1] usb usb28: New USB device strings: Mfr=3, Product=2, SerialNumber=1
[   19.105166][    T1] usb usb28: Product: USB/IP Virtual Host Controller
[   19.105953][    T1] usb usb28: Manufacturer: Linux 6.13.0-rc2-00018-g7cb1b4663150-dirty vhci_hcd
[   19.106995][    T1] usb usb28: SerialNumber: vhci_hcd.13
[   19.110741][    T1] hub 28-0:1.0: USB hub found
[   19.111480][    T1] hub 28-0:1.0: 8 ports detected
[   19.119648][    T1] vhci_hcd vhci_hcd.13: USB/IP Virtual Host Controller
[   19.121481][    T1] vhci_hcd vhci_hcd.13: new USB bus registered, assigned bus number 29
[   19.122808][    T1] usb usb29: We don't know the algorithms for LPM for this host, disabling LPM.
[   19.124658][    T1] usb usb29: New USB device found, idVendor=1d6b, idProduct=0003, bcdDevice= 6.13
[   19.125752][    T1] usb usb29: New USB device strings: Mfr=3, Product=2, SerialNumber=1
[   19.126712][    T1] usb usb29: Product: USB/IP Virtual Host Controller
[   19.127499][    T1] usb usb29: Manufacturer: Linux 6.13.0-rc2-00018-g7cb1b4663150-dirty vhci_hcd
[   19.128547][    T1] usb usb29: SerialNumber: vhci_hcd.13
[   19.132175][    T1] hub 29-0:1.0: USB hub found
[   19.133065][    T1] hub 29-0:1.0: 8 ports detected
[   19.142205][    T1] vhci_hcd vhci_hcd.14: USB/IP Virtual Host Controller
[   19.144928][    T1] vhci_hcd vhci_hcd.14: new USB bus registered, assigned bus number 30
[   19.146777][    T1] usb usb30: New USB device found, idVendor=1d6b, idProduct=0002, bcdDevice= 6.13
[   19.147865][    T1] usb usb30: New USB device strings: Mfr=3, Product=2, SerialNumber=1
[   19.148836][    T1] usb usb30: Product: USB/IP Virtual Host Controller
[   19.149624][    T1] usb usb30: Manufacturer: Linux 6.13.0-rc2-00018-g7cb1b4663150-dirty vhci_hcd
[   19.150667][    T1] usb usb30: SerialNumber: vhci_hcd.14
[   19.154301][    T1] hub 30-0:1.0: USB hub found
[   19.155240][    T1] hub 30-0:1.0: 8 ports detected
[   19.162906][    T1] vhci_hcd vhci_hcd.14: USB/IP Virtual Host Controller
[   19.165090][    T1] vhci_hcd vhci_hcd.14: new USB bus registered, assigned bus number 31
[   19.167655][    T1] usb usb31: We don't know the algorithms for LPM for this host, disabling LPM.
[   19.171052][    T1] usb usb31: New USB device found, idVendor=1d6b, idProduct=0003, bcdDevice= 6.13
[   19.173162][    T1] usb usb31: New USB device strings: Mfr=3, Product=2, SerialNumber=1
[   19.176817][    T1] usb usb31: Product: USB/IP Virtual Host Controller
[   19.178310][    T1] usb usb31: Manufacturer: Linux 6.13.0-rc2-00018-g7cb1b4663150-dirty vhci_hcd
[   19.180294][    T1] usb usb31: SerialNumber: vhci_hcd.14
[   19.186308][    T1] hub 31-0:1.0: USB hub found
[   19.187700][    T1] hub 31-0:1.0: 8 ports detected
[   19.204287][    T1] vhci_hcd vhci_hcd.15: USB/IP Virtual Host Controller
[   19.205846][    T1] vhci_hcd vhci_hcd.15: new USB bus registered, assigned bus number 32
[   19.207686][    T1] usb usb32: New USB device found, idVendor=1d6b, idProduct=0002, bcdDevice= 6.13
[   19.208783][    T1] usb usb32: New USB device strings: Mfr=3, Product=2, SerialNumber=1
[   19.209742][    T1] usb usb32: Product: USB/IP Virtual Host Controller
[   19.210528][    T1] usb usb32: Manufacturer: Linux 6.13.0-rc2-00018-g7cb1b4663150-dirty vhci_hcd
[   19.211574][    T1] usb usb32: SerialNumber: vhci_hcd.15
[   19.215076][    T1] hub 32-0:1.0: USB hub found
[   19.215813][    T1] hub 32-0:1.0: 8 ports detected
[   19.223849][    T1] vhci_hcd vhci_hcd.15: USB/IP Virtual Host Controller
[   19.225968][    T1] vhci_hcd vhci_hcd.15: new USB bus registered, assigned bus number 33
[   19.227299][    T1] usb usb33: We don't know the algorithms for LPM for this host, disabling LPM.
[   19.229112][    T1] usb usb33: New USB device found, idVendor=1d6b, idProduct=0003, bcdDevice= 6.13
[   19.230198][    T1] usb usb33: New USB device strings: Mfr=3, Product=2, SerialNumber=1
[   19.231163][    T1] usb usb33: Product: USB/IP Virtual Host Controller
[   19.231951][    T1] usb usb33: Manufacturer: Linux 6.13.0-rc2-00018-g7cb1b4663150-dirty vhci_hcd
[   19.232999][    T1] usb usb33: SerialNumber: vhci_hcd.15
[   19.236554][    T1] hub 33-0:1.0: USB hub found
[   19.237294][    T1] hub 33-0:1.0: 8 ports detected
[   19.248143][    T1] usbcore: registered new device driver usbip-host
[   19.263361][    T1] i8042: PNP: PS/2 Controller [PNP0303:KBD,PNP0f13:MOU] at 0x60,0x64 irq 1,12
[   19.267438][    T1] serio: i8042 KBD port at 0x60,0x64 irq 1
[   19.268347][    T1] serio: i8042 AUX port at 0x60,0x64 irq 12
[   19.274761][    T1] mousedev: PS/2 mouse device common for all mice
[   19.278634][    T1] usbcore: registered new interface driver appletouch
[   19.280998][    T1] usbcore: registered new interface driver bcm5974
[   19.286869][    T8] input: AT Translated Set 2 keyboard as /devices/platform/i8042/serio0/input/input1
[   19.290101][    T1] usbcore: registered new interface driver synaptics_usb
[   19.291243][    T1] usbcore: registered new interface driver iforce
[   19.292267][    T1] usbcore: registered new interface driver pxrc
[   19.299266][    T1] usbcore: registered new interface driver xpad
[   19.300282][    T1] usbcore: registered new interface driver usb_acecad
[   19.301371][    T1] usbcore: registered new interface driver aiptek
[   19.302402][    T1] usbcore: registered new interface driver hanwang
[   19.307336][    T1] usbcore: registered new interface driver kbtab
[   19.308599][    T1] usbcore: registered new interface driver pegasus_notetaker
[   19.310078][    T1] usbcore: registered new interface driver usbtouchscreen
[   19.311388][    T1] usbcore: registered new interface driver sur40
[   19.312629][    T1] usbcore: registered new interface driver ati_remote2
[   19.313523][    T1] cm109: Keymap for Komunikate KIP1000 phone loaded
[   19.314815][    T1] usbcore: registered new interface driver cm109
[   19.315567][    T1] cm109: CM109 phone driver: 20080805 (C) Alfred E. Heggestad
[   19.317466][    T1] usbcore: registered new interface driver ims_pcu
[   19.318711][    T1] usbcore: registered new interface driver keyspan_remote
[   19.320163][    T1] usbcore: registered new interface driver powermate
[   19.321679][    T1] usbcore: registered new interface driver yealink
[   19.323665][    T1] rtc_cmos 00:05: RTC can wake from S4
[   19.329764][    T1] rtc_cmos 00:05: registered as rtc0
[   19.330480][    T1] rtc_cmos 00:05: alarms up to one day, y3k, 242 bytes nvram, hpet irqs
[   19.332422][    T1] i2c_dev: i2c /dev entries driver
[   19.333887][    T1] usbcore: registered new interface driver i2c-diolan-u2c
[   19.335523][    T1] usbcore: registered new interface driver i2c-cp2615
[   19.336607][    T1] usbcore: registered new interface driver RobotFuzz Open Source InterFace, OSIF
[   19.337940][    T1] usbcore: registered new interface driver i2c-tiny-usb
[   19.344093][    T1] usbcore: registered new interface driver igorplugusb
[   19.345394][    T1] usbcore: registered new interface driver iguanair
[   19.346828][    T1] usbcore: registered new interface driver imon
[   19.348059][    T1] usbcore: registered new interface driver imon_raw
[   19.349566][    T1] usbcore: registered new interface driver mceusb
[   19.350800][    T1] usbcore: registered new interface driver redrat3
[   19.352216][    T1] usbcore: registered new interface driver streamzap
[   19.353860][    T1] usbcore: registered new interface driver ir_toy
[   19.355093][    T1] usbcore: registered new interface driver ttusbir
[   19.356400][    T1] usbcore: registered new interface driver ati_remote
[   19.357808][    T1] usbcore: registered new interface driver xbox_remote
[   19.359430][    T1] b2c2-flexcop: B2C2 FlexcopII/II(b)/III digital TV receiver chip loaded successfully
[   19.361182][    T1] usbcore: registered new interface driver b2c2_flexcop_usb
[   19.362541][    T1] usbcore: registered new interface driver dvb_usb_vp7045
[   19.363707][    T1] usbcore: registered new interface driver dvb_usb_vp702x
[   19.364832][    T1] usbcore: registered new interface driver dvb_usb_gp8psk
[   19.365973][    T1] usbcore: registered new interface driver dvb_usb_dtt200u
[   19.367076][    T1] usbcore: registered new interface driver dvb_usb_a800
[   19.368273][    T1] usbcore: registered new interface driver dvb_usb_dibusb_mb
[   19.369512][    T1] usbcore: registered new interface driver dvb_usb_dibusb_mc
[   19.370646][    T1] usbcore: registered new interface driver dvb_usb_nova_t_usb2
[   19.371788][    T1] usbcore: registered new interface driver dvb_usb_umt_010
[   19.372950][    T1] usbcore: registered new interface driver dvb_usb_m920x
[   19.376203][    T1] usbcore: registered new interface driver dvb_usb_digitv
[   19.377367][    T1] usbcore: registered new interface driver dvb_usb_cxusb
[   19.379371][    T1] usbcore: registered new interface driver dvb_usb_ttusb2
[   19.380829][    T1] usbcore: registered new interface driver dvb_usb_dib0700
[   19.381943][    T1] usbcore: registered new interface driver opera1
[   19.382985][    T1] usbcore: registered new interface driver dvb_usb_af9005
[   19.384957][    T1] failing symbol_get of non-GPLONLY symbol af9005_rc_decode.
[   19.386397][    T1] failing symbol_get of non-GPLONLY symbol af9005_rc_decode.
[   19.387269][    T1] failing symbol_get of non-GPLONLY symbol rc_map_af9005_table.
[   19.388691][    T1] failing symbol_get of non-GPLONLY symbol rc_map_af9005_table.
[   19.389651][    T1] failing symbol_get of non-GPLONLY symbol rc_map_af9005_table_size.
[   19.391154][    T1] failing symbol_get of non-GPLONLY symbol rc_map_af9005_table_size.
[   19.392112][    T1] af9005: af9005_rc_decode function not found, disabling remote
[   19.393332][    T1] usbcore: registered new interface driver pctv452e
[   19.394486][    T1] usbcore: registered new interface driver dw2102
[   19.395503][    T1] usbcore: registered new interface driver dvb_usb_dtv5100
[   19.396620][    T1] usbcore: registered new interface driver cinergyT2
[   19.397697][    T1] usbcore: registered new interface driver dvb_usb_az6027
[   19.398809][    T1] usbcore: registered new interface driver dvb_usb_technisat_usb2
[   19.400118][    T1] usbcore: registered new interface driver dvb_usb_af9015
[   19.401329][    T1] usbcore: registered new interface driver dvb_usb_af9035
[   19.402409][    T1] usbcore: registered new interface driver dvb_usb_anysee
[   19.403551][    T1] usbcore: registered new interface driver dvb_usb_au6610
[   19.404956][    T1] usbcore: registered new interface driver dvb_usb_az6007
[   19.407247][    T1] usbcore: registered new interface driver dvb_usb_ce6230
[   19.408344][    T1] usbcore: registered new interface driver dvb_usb_ec168
[   19.409424][    T1] usbcore: registered new interface driver dvb_usb_lmedm04
[   19.410533][    T1] usbcore: registered new interface driver dvb_usb_gl861
[   19.411721][    T1] usbcore: registered new interface driver dvb_usb_mxl111sf
[   19.412951][    T1] usbcore: registered new interface driver dvb_usb_rtl28xxu
[   19.414151][    T1] usbcore: registered new interface driver dvb_usb_dvbsky
[   19.415230][    T1] usbcore: registered new interface driver zd1301
[   19.416269][    T1] usbcore: registered new interface driver s2255
[   19.417451][    T1] usbcore: registered new interface driver smsusb
[   19.418498][    T1] usbcore: registered new interface driver ttusb
[   19.419518][    T1] usbcore: registered new interface driver ttusb-dec
[   19.420589][    T1] usbcore: registered new interface driver Abilis Systems as10x usb driver
[   19.421870][    T1] usbcore: registered new interface driver airspy
[   19.422660][    T1] gspca_main: v2.14.0 registered
[   19.425147][    T1] usbcore: registered new interface driver benq
[   19.426147][    T1] usbcore: registered new interface driver conex
[   19.427165][    T1] usbcore: registered new interface driver cpia1
[   19.428177][    T1] usbcore: registered new interface driver dtcs033
[   19.429231][    T1] usbcore: registered new interface driver etoms
[   19.430335][    T1] usbcore: registered new interface driver finepix
[   19.431373][    T1] usbcore: registered new interface driver jeilinj
[   19.432410][    T1] usbcore: registered new interface driver jl2005bcd
[   19.433529][    T1] usbcore: registered new interface driver kinect
[   19.434543][    T1] usbcore: registered new interface driver konica
[   19.435861][    T1] usbcore: registered new interface driver mars
[   19.436887][    T1] usbcore: registered new interface driver mr97310a
[   19.437976][    T1] usbcore: registered new interface driver nw80x
[   19.439111][    T1] usbcore: registered new interface driver ov519
[   19.440136][    T1] usbcore: registered new interface driver ov534
[   19.441156][    T1] usbcore: registered new interface driver ov534_9
[   19.442261][    T1] usbcore: registered new interface driver pac207
[   19.443394][    T1] usbcore: registered new interface driver gspca_pac7302
[   19.444517][    T1] usbcore: registered new interface driver pac7311
[   19.445571][    T1] usbcore: registered new interface driver se401
[   19.446608][    T1] usbcore: registered new interface driver sn9c2028
[   19.447791][    T1] usbcore: registered new interface driver gspca_sn9c20x
[   19.448992][    T1] usbcore: registered new interface driver sonixb
[   19.450154][    T1] usbcore: registered new interface driver sonixj
[   19.451239][    T1] usbcore: registered new interface driver spca500
[   19.452315][    T1] usbcore: registered new interface driver spca501
[   19.453394][    T1] usbcore: registered new interface driver spca505
[   19.454456][    T1] usbcore: registered new interface driver spca506
[   19.455535][    T1] usbcore: registered new interface driver spca508
[   19.456629][    T1] usbcore: registered new interface driver spca561
[   19.458926][    T1] usbcore: registered new interface driver spca1528
[   19.459974][    T1] usbcore: registered new interface driver sq905
[   19.461019][    T1] usbcore: registered new interface driver sq905c
[   19.462074][    T1] usbcore: registered new interface driver sq930x
[   19.463356][    T1] usbcore: registered new interface driver sunplus
[   19.464398][    T1] usbcore: registered new interface driver stk014
[   19.465438][    T1] usbcore: registered new interface driver stk1135
[   19.466483][    T1] usbcore: registered new interface driver stv0680
[   19.467513][    T1] usbcore: registered new interface driver t613
[   19.468541][    T1] usbcore: registered new interface driver gspca_topro
[   19.469639][    T1] usbcore: registered new interface driver touptek
[   19.470681][    T1] usbcore: registered new interface driver tv8532
[   19.471748][    T1] usbcore: registered new interface driver vc032x
[   19.472815][    T1] usbcore: registered new interface driver vicam
[   19.473988][    T1] usbcore: registered new interface driver xirlink-cit
[   19.475250][    T1] usbcore: registered new interface driver gspca_zc3xx
[   19.476334][    T1] usbcore: registered new interface driver ALi m5602
[   19.477413][    T1] usbcore: registered new interface driver STV06xx
[   19.478502][    T1] usbcore: registered new interface driver gspca_gl860
[   19.479701][    T1] usbcore: registered new interface driver hackrf
[   19.480784][    T1] usbcore: registered new interface driver msi2500
[   19.481925][    T1] usbcore: registered new interface driver Philips webcam
[   19.483528][    T1] usbcore: registered new interface driver uvcvideo
[   19.484327][    T1] au0828: au0828 driver loaded
[   19.485275][    T1] usbcore: registered new interface driver au0828
[   19.486432][    T1] usbcore: registered new interface driver cx231xx
[   19.487904][    T1] usbcore: registered new interface driver em28xx
[   19.488724][    T1] em28xx: Registered (Em28xx v4l2 Extension) extension
[   19.489546][    T1] em28xx: Registered (Em28xx Audio Extension) extension
[   19.490365][    T1] em28xx: Registered (Em28xx dvb Extension) extension
[   19.491164][    T1] em28xx: Registered (Em28xx Input Extension) extension
[   19.492313][    T1] usbcore: registered new interface driver go7007
[   19.493397][    T1] usbcore: registered new interface driver go7007-loader
[   19.494708][    T1] usbcore: registered new interface driver hdpvr
[   19.496587][    T1] usbcore: registered new interface driver pvrusb2
[   19.497363][    T1] pvrusb2: V4L in-tree version:Hauppauge WinTV-PVR-USB2 MPEG2 Encoder/Tuner
[   19.498370][    T1] pvrusb2: Debug mask is 31 (0x1f)
[   19.499242][    T1] usbcore: registered new interface driver stk1160
[   19.500294][    T1] usbcore: registered new interface driver usbtv
[   19.504755][    T1] dvbdev: DVB: registering new adapter (dvb_vidtv_bridge)
[   19.510144][    T1] i2c i2c-0: DVB: registering adapter 0 frontend 0 (Dummy demod for DVB-T/T2/C/S/S2)...
[   19.511621][    T1] dvbdev: dvb_create_media_entity: media entity 'Dummy demod for DVB-T/T2/C/S/S2' registered.
[   19.521411][    T1] dvbdev: dvb_create_media_entity: media entity 'dvb-demux' registered.
[   19.529555][    T1] vidtv vidtv.0: Successfully initialized vidtv!
[   19.532757][    T1] vicodec vicodec.0: Device 'stateful-encoder' registered as /dev/video0
[   19.534891][    T1] vicodec vicodec.0: Device 'stateful-decoder' registered as /dev/video1
[   19.536628][    T1] vicodec vicodec.0: Device 'stateless-decoder' registered as /dev/video2
[   19.539421][    T1] vim2m vim2m.0: Device registered as /dev/video0
[   19.562092][    T1] vivid-000: using single planar format API
[   19.578227][    T1] vivid-000: CEC adapter cec0 registered for HDMI input
[   19.580169][    T1] vivid-000: V4L2 capture device registered as video7
[   19.581880][    T1] vivid-000: CEC adapter cec1 registered for HDMI output 0
[   19.584339][    T1] vivid-000: V4L2 output device registered as video8
[   19.586007][    T1] vivid-000: V4L2 capture device registered as vbi0, supports raw and sliced VBI
[   19.588230][    T1] vivid-000: V4L2 output device registered as vbi1, supports raw and sliced VBI
[   19.590193][    T1] vivid-000: V4L2 capture device registered as swradio0
[   19.591597][    T1] vivid-000: V4L2 receiver device registered as radio0
[   19.593009][    T1] vivid-000: V4L2 transmitter device registered as radio1
[   19.594687][    T1] vivid-000: V4L2 metadata capture device registered as video9
[   19.596316][    T1] vivid-000: V4L2 metadata output device registered as video10
[   19.598101][    T1] vivid-000: V4L2 touch capture device registered as v4l-touch0
[   19.601914][    T1] usbcore: registered new interface driver radioshark2
[   19.604335][    T1] usbcore: registered new interface driver radioshark
[   19.606398][    T1] usbcore: registered new interface driver radio-si470x
[   19.608721][    T1] usbcore: registered new interface driver radio-usb-si4713
[   19.610878][    T1] usbcore: registered new interface driver dsbr100
[   19.612848][    T1] usbcore: registered new interface driver radio-keene
[   19.614747][    T1] usbcore: registered new interface driver radio-ma901
[   19.616590][    T1] usbcore: registered new interface driver radio-mr800
[   19.619307][    T1] usbcore: registered new interface driver radio-raremono
[   19.621731][    T1] usbcore: registered new interface driver powerz
[   19.622764][    T1] usbcore: registered new interface driver pcwd_usb
[   19.635738][    T1] device-mapper: core: CONFIG_IMA_DISABLE_HTABLE is disabled. Duplicate IMA measurements will not be recorded in the IMA log.
[   19.637311][    T1] device-mapper: uevent: version 1.0.3
[   19.638902][    T1] device-mapper: ioctl: 4.48.0-ioctl (2023-03-01) initialised: dm-devel@lists.linux.dev
[   19.651883][    T1] device-mapper: multipath round-robin: version 1.2.0 loaded
[   19.652793][    T1] device-mapper: multipath queue-length: version 0.2.0 loaded
[   19.655154][    T1] device-mapper: multipath service-time: version 0.3.0 loaded
[   19.657359][    T1] Bluetooth: HCI UART driver ver 2.3
[   19.657996][    T1] Bluetooth: HCI UART protocol H4 registered
[   19.658702][    T1] Bluetooth: HCI UART protocol BCSP registered
[   19.659566][    T1] Bluetooth: HCI UART protocol LL registered
[   19.660431][    T1] Bluetooth: HCI UART protocol Three-wire (H5) registered
[   19.661399][    T1] Bluetooth: HCI UART protocol QCA registered
[   19.662125][    T1] Bluetooth: HCI UART protocol AG6XX registered
[   19.662999][    T1] Bluetooth: HCI UART protocol Marvell registered
[   19.664164][    T1] usbcore: registered new interface driver bcm203x
[   19.665223][    T1] usbcore: registered new interface driver bpa10x
[   19.666244][    T1] usbcore: registered new interface driver bfusb
[   19.667393][    T1] usbcore: registered new interface driver btusb
[   19.668638][    T1] usbcore: registered new interface driver ath3k
[   19.669922][    T1] Modular ISDN core version 1.1.29
[   19.671949][    T1] NET: Registered PF_ISDN protocol family
[   19.673791][    T1] DSP module 2.0
[   19.674616][    T1] mISDN_dsp: DSP clocks every 80 samples. This equals 1 jiffies.
[   19.716548][    T1] mISDN: Layer-1-over-IP driver Rev. 2.00
[   19.718795][    T1] 0 virtual devices registered
[   19.719684][    T1] usbcore: registered new interface driver HFC-S_USB
[   19.720477][    T1] amd_pstate: the _CPC object is not present in SBIOS or ACPI disabled
[   19.721436][    T1] VUB300 Driver rom wait states = 1C irqpoll timeout = 0400
[   19.727456][    T8] input: ImExPS/2 Generic Explorer Mouse as /devices/platform/i8042/serio1/input/input3
[   19.732814][    T1] usbcore: registered new interface driver vub300
[   19.734847][    T1] usbcore: registered new interface driver ushc
[   19.754617][    T1] iscsi: registered transport (iser)
[   19.766406][    T1] SoftiWARP attached
[   19.791768][    T1] hid: raw HID events driver (C) Jiri Kosina
[   19.856873][    T1] usbcore: registered new interface driver usbhid
[   19.857659][    T1] usbhid: USB HID core driver
[   19.860995][    T1] usbcore: registered new interface driver es2_ap_driver
[   19.861839][    T1] comedi: version 0.7.76 - http://www.comedi.org
[   19.863029][    T1] usbcore: registered new interface driver dt9812
[   19.866200][    T1] usbcore: registered new interface driver ni6501
[   19.867244][    T1] usbcore: registered new interface driver usbdux
[   19.868765][    T1] usbcore: registered new interface driver usbduxfast
[   19.869845][    T1] usbcore: registered new interface driver usbduxsigma
[   19.870997][    T1] usbcore: registered new interface driver vmk80xx
[   19.871921][    T1] greybus: registered new driver hid
[   19.872874][    T1] greybus: registered new driver gbphy
[   19.874024][    T1] gb_gbphy: registered new driver usb
[   19.874785][    T1] asus_wmi: ASUS WMI generic driver loaded
[   19.883087][    T1] gnss: GNSS driver registered with major 493
[   19.884423][    T1] usbcore: registered new interface driver gnss-usb
[   19.885695][    T1] usbcore: registered new interface driver hdm_usb
[   19.958395][    T1] usbcore: registered new interface driver snd-usb-audio
[   19.959562][    T1] usbcore: registered new interface driver snd-ua101
[   19.961175][    T1] usbcore: registered new interface driver snd-usb-usx2y
[   19.962297][    T1] usbcore: registered new interface driver snd-usb-us122l
[   19.963864][    T1] usbcore: registered new interface driver snd-usb-caiaq
[   19.964978][    T1] usbcore: registered new interface driver snd-usb-6fire
[   19.966139][    T1] usbcore: registered new interface driver snd-usb-hiface
[   19.967256][    T1] usbcore: registered new interface driver snd-bcd2000
[   19.968360][    T1] usbcore: registered new interface driver snd_usb_pod
