bash: warning: setlocale: LC_ALL: cannot change locale (en_US.UTF-8)
c[?7l[2J[0mSeaBIOS (version 1.16.2-debian-1.16.2-1)
Booting from ROM...
c[?7l[2Jearly console in extract_kernel
input_data: 0x0000000014df82a3
input_len: 0x00000000061ed76a
output: 0x0000000001000000
output_len: 0x0000000012c7ccd8
kernel_total_size: 0x000000001a026000
needed_size: 0x000000001a200000
trampoline_32bit: 0x0000000000000000

Decompressing Linux... Parsing ELF... done.
Booting the kernel (entry_offset: 0x000000000a704594).
[    0.000000][    T0] Linux version 6.15.0-rc4-00040-g8bac8898fe39-dirty (root@buildkitsandbox) (gcc (Debian 12.2.0-14+deb12u1) 12.2.0, GNU ld (GNU Binutils for Debian) 2.40) #1 SMP PREEMPT_DYNAMIC Mon May 25 16:53:35 UTC 2026
[    0.000000][    T0] Command line: console=ttyS0 oops=panic panic=86400 nokaslr earlyprintk=serial rdinit=/init
[    0.000000][    T0] KERNEL supported cpus:
[    0.000000][    T0]   Intel GenuineIntel
[    0.000000][    T0]   AMD AuthenticAMD
[    0.000000][    T0] BIOS-provided physical RAM map:
[    0.000000][    T0] BIOS-e820: [mem 0x0000000000000000-0x000000000009fbff] usable
[    0.000000][    T0] BIOS-e820: [mem 0x000000000009fc00-0x000000000009ffff] reserved
[    0.000000][    T0] BIOS-e820: [mem 0x00000000000f0000-0x00000000000fffff] reserved
[    0.000000][    T0] BIOS-e820: [mem 0x0000000000100000-0x000000007ffdffff] usable
[    0.000000][    T0] BIOS-e820: [mem 0x000000007ffe0000-0x000000007fffffff] reserved
[    0.000000][    T0] BIOS-e820: [mem 0x00000000feffc000-0x00000000feffffff] reserved
[    0.000000][    T0] BIOS-e820: [mem 0x00000000fffc0000-0x00000000ffffffff] reserved
[    0.000000][    T0] BIOS-e820: [mem 0x000000fd00000000-0x000000ffffffffff] reserved
[    0.000000][    T0] printk: legacy bootconsole [earlyser0] enabled
[    0.000000][    T0] NX (Execute Disable) protection: active
[    0.000000][    T0] APIC: Static calls initialized
[    0.000000][    T0] SMBIOS 2.8 present.
[    0.000000][    T0] DMI: QEMU Standard PC (i440FX + PIIX, 1996), BIOS 1.16.2-debian-1.16.2-1 04/01/2014
[    0.000000][    T0] DMI: Memory slots populated: 1/1
[    0.000000][    T0] Hypervisor detected: KVM
[    0.000000][    T0] kvm-clock: Using msrs 4b564d01 and 4b564d00
[    0.000003][    T0] kvm-clock: using sched offset of 1140614840 cycles
[    0.000685][    T0] clocksource: kvm-clock: mask: 0xffffffffffffffff max_cycles: 0x1cd42e4dffb, max_idle_ns: 881590591483 ns
[    0.002854][    T0] tsc: Detected 3493.436 MHz processor
[    0.011108][    T0] last_pfn = 0x7ffe0 max_arch_pfn = 0x400000000
[    0.011889][    T0] MTRR map: 4 entries (3 fixed + 1 variable; max 19), built from 8 variable MTRRs
[    0.012965][    T0] x86/PAT: Configuration [0-7]: WB  WC  UC- UC  WB  WP  UC- WT  
[    0.017040][    T0] found SMP MP-table at [mem 0x000f5ba0-0x000f5baf]
[    0.017882][    T0] Using GB pages for direct mapping
[    0.020447][    T0] RAMDISK: [mem 0x7fe88000-0x7ffdffff]
[    0.021058][    T0] ACPI: Early table checksum verification disabled
[    0.021813][    T0] ACPI: RSDP 0x00000000000F59D0 000014 (v00 BOCHS )
[    0.022581][    T0] ACPI: RSDT 0x000000007FFE1B33 000034 (v01 BOCHS  BXPC     00000001 BXPC 00000001)
[    0.023641][    T0] ACPI: FACP 0x000000007FFE19DF 000074 (v01 BOCHS  BXPC     00000001 BXPC 00000001)
[    0.024801][    T0] ACPI: DSDT 0x000000007FFE0040 00199F (v01 BOCHS  BXPC     00000001 BXPC 00000001)
[    0.026007][    T0] ACPI: FACS 0x000000007FFE0000 000040
[    0.026622][    T0] ACPI: APIC 0x000000007FFE1A53 000080 (v01 BOCHS  BXPC     00000001 BXPC 00000001)
[    0.027736][    T0] ACPI: HPET 0x000000007FFE1AD3 000038 (v01 BOCHS  BXPC     00000001 BXPC 00000001)
[    0.028793][    T0] ACPI: WAET 0x000000007FFE1B0B 000028 (v01 BOCHS  BXPC     00000001 BXPC 00000001)
[    0.029826][    T0] ACPI: Reserving FACP table memory at [mem 0x7ffe19df-0x7ffe1a52]
[    0.030810][    T0] ACPI: Reserving DSDT table memory at [mem 0x7ffe0040-0x7ffe19de]
[    0.031739][    T0] ACPI: Reserving FACS table memory at [mem 0x7ffe0000-0x7ffe003f]
[    0.032612][    T0] ACPI: Reserving APIC table memory at [mem 0x7ffe1a53-0x7ffe1ad2]
[    0.033557][    T0] ACPI: Reserving HPET table memory at [mem 0x7ffe1ad3-0x7ffe1b0a]
[    0.034467][    T0] ACPI: Reserving WAET table memory at [mem 0x7ffe1b0b-0x7ffe1b32]
[    0.036137][    T0] No NUMA configuration found
[    0.036640][    T0] Faking a node at [mem 0x0000000000000000-0x000000007ffdffff]
[    0.037466][    T0] NODE_DATA(0) allocated [mem 0x7fe82080-0x7fe87c7f]
[    0.041623][    T0] Zone ranges:
[    0.042034][    T0]   DMA      [mem 0x0000000000001000-0x0000000000ffffff]
[    0.042802][    T0]   DMA32    [mem 0x0000000001000000-0x000000007ffdffff]
[    0.043570][    T0]   Normal   empty
[    0.043979][    T0]   Device   empty
[    0.044382][    T0] Movable zone start for each node
[    0.044932][    T0] Early memory node ranges
[    0.045406][    T0]   node   0: [mem 0x0000000000001000-0x000000000009efff]
[    0.046183][    T0]   node   0: [mem 0x0000000000100000-0x000000007ffdffff]
[    0.046960][    T0] Initmem setup node 0 [mem 0x0000000000001000-0x000000007ffdffff]
[    0.047835][    T0] On node 0, zone DMA: 1 pages in unavailable ranges
[    0.048749][    T0] On node 0, zone DMA: 97 pages in unavailable ranges
[    0.072460][    T0] On node 0, zone DMA32: 32 pages in unavailable ranges
[    0.108369][    T0] kasan: KernelAddressSanitizer initialized
[    0.109303][    T0] ACPI: PM-Timer IO Port: 0x608
[    0.109846][    T0] ACPI: LAPIC_NMI (acpi_id[0xff] dfl dfl lint[0x1])
[    0.110605][    T0] IOAPIC[0]: apic_id 0, version 17, address 0xfec00000, GSI 0-23
[    0.111445][    T0] ACPI: INT_SRC_OVR (bus 0 bus_irq 0 global_irq 2 dfl dfl)
[    0.112225][    T0] ACPI: INT_SRC_OVR (bus 0 bus_irq 5 global_irq 5 high level)
[    0.113028][    T0] ACPI: INT_SRC_OVR (bus 0 bus_irq 9 global_irq 9 high level)
[    0.113832][    T0] ACPI: INT_SRC_OVR (bus 0 bus_irq 10 global_irq 10 high level)
[    0.114699][    T0] ACPI: INT_SRC_OVR (bus 0 bus_irq 11 global_irq 11 high level)
[    0.115538][    T0] ACPI: Using ACPI (MADT) for SMP configuration information
[    0.116328][    T0] ACPI: HPET id: 0x8086a201 base: 0xfed00000
[    0.116982][    T0] TSC deadline timer available
[    0.117500][    T0] CPU topo: Max. logical packages:   1
[    0.118097][    T0] CPU topo: Max. logical dies:       1
[    0.118681][    T0] CPU topo: Max. dies per package:   1
[    0.119271][    T0] CPU topo: Max. threads per core:   1
[    0.119856][    T0] CPU topo: Num. cores per package:     2
[    0.120478][    T0] CPU topo: Num. threads per package:   2
[    0.121191][    T0] CPU topo: Allowing 2 present CPUs plus 0 hotplug CPUs
[    0.122061][    T0] kvm-guest: APIC: eoi() replaced with kvm_guest_apic_eoi_write()
[    0.123004][    T0] kvm-guest: KVM setup pv remote TLB flush
[    0.123723][    T0] kvm-guest: setup PV sched yield
[    0.124328][    T0] PM: hibernation: Registered nosave memory: [mem 0x00000000-0x00000fff]
[    0.125383][    T0] PM: hibernation: Registered nosave memory: [mem 0x0009f000-0x000fffff]
[    0.126450][    T0] [mem 0x80000000-0xfeffbfff] available for PCI devices
[    0.127221][    T0] Booting paravirtualized kernel on KVM
[    0.127884][    T0] clocksource: refined-jiffies: mask: 0xffffffff max_cycles: 0xffffffff, max_idle_ns: 19112604462750000 ns
[    0.175700][    T0] setup_percpu: NR_CPUS:8 nr_cpumask_bits:2 nr_cpu_ids:2 nr_node_ids:1
[    0.176931][    T0] percpu: Embedded 69 pages/cpu s245512 r8192 d28920 u1048576
[    0.177926][    T0] kvm-guest: PV spinlocks enabled
[    0.178545][    T0] PV qspinlock hash table entries: 256 (order: 0, 4096 bytes, linear)
[    0.179591][    T0] Kernel command line: console=ttyS0 oops=panic panic=86400 nokaslr earlyprintk=serial rdinit=/init
[    0.181569][    T0] random: crng init done
[    0.182099][    T0] printk: log buffer data + meta data: 262144 + 917504 = 1179648 bytes
[    0.183328][    T0] Dentry cache hash table entries: 262144 (order: 9, 2097152 bytes, linear)
[    0.184532][    T0] Inode-cache hash table entries: 131072 (order: 8, 1048576 bytes, linear)
[    0.185748][    T0] Fallback order for Node 0: 0 
[    0.185760][    T0] Built 1 zonelists, mobility grouping on.  Total pages: 524158
[    0.187291][    T0] Policy zone: DMA32
[    0.188022][    T0] mem auto-init: stack:all(zero), heap alloc:on, heap free:off
[    0.189001][    T0] stackdepot: allocating hash table via alloc_large_system_hash
[    0.189867][    T0] stackdepot hash table entries: 1048576 (order: 12, 16777216 bytes, linear)
[    0.282527][    T0] SLUB: HWalign=64, Order=0-3, MinObjects=0, CPUs=2, Nodes=1
[    0.286712][    T0] allocated 4194304 bytes of page_ext
[    0.287963][    T0] Dynamic Preempt: full
[    0.289019][    T0] Running RCU self tests
[    0.289552][    T0] Running RCU synchronous self tests
[    0.290209][    T0] rcu: Preemptible hierarchical RCU implementation.
[    0.290973][    T0] rcu: 	RCU lockdep checking is enabled.
[    0.291615][    T0] rcu: 	RCU restricting CPUs from NR_CPUS=8 to nr_cpu_ids=2.
[    0.292447][    T0] rcu: 	RCU callback double-/use-after-free debug is enabled.
[    0.293281][    T0] rcu: 	RCU debug extended QS entry/exit.
[    0.293932][    T0] 	Trampoline variant of Tasks RCU enabled.
[    0.294595][    T0] 	Tracing variant of Tasks RCU enabled.
[    0.295225][    T0] rcu: RCU calculated value of scheduler-enlistment delay is 10 jiffies.
[    0.296173][    T0] rcu: Adjusting geometry for rcu_fanout_leaf=16, nr_cpu_ids=2
[    0.297091][    T0] Running RCU synchronous self tests
[    0.297699][    T0] RCU Tasks: Setting shift to 1 and lim to 1 rcu_task_cb_adjust=1 rcu_task_cpu_ids=2.
[    0.298791][    T0] RCU Tasks Trace: Setting shift to 1 and lim to 1 rcu_task_cb_adjust=1 rcu_task_cpu_ids=2.
[    0.414283][    T0] NR_IRQS: 4352, nr_irqs: 440, preallocated irqs: 16
[    0.415627][    T0] rcu: srcu_init: Setting srcu_struct sizes based on contention.
[    0.416822][    T0] kfence: initialized - using 2097152 bytes for 255 objects at 0x(____ptrval____)-0x(____ptrval____)
[    0.425790][    T0] Console: colour VGA+ 80x25
[    0.426390][    T0] printk: legacy console [ttyS0] enabled
[    0.426390][    T0] printk: legacy console [ttyS0] enabled
[    0.427660][    T0] printk: legacy bootconsole [earlyser0] disabled
[    0.427660][    T0] printk: legacy bootconsole [earlyser0] disabled
[    0.429102][    T0] Lock dependency validator: Copyright (c) 2006 Red Hat, Inc., Ingo Molnar
[    0.430076][    T0] ... MAX_LOCKDEP_SUBCLASSES:  8
[    0.430632][    T0] ... MAX_LOCK_DEPTH:          48
[    0.431196][    T0] ... MAX_LOCKDEP_KEYS:        8192
[    0.431780][    T0] ... CLASSHASH_SIZE:          4096
[    0.432363][    T0] ... MAX_LOCKDEP_ENTRIES:     1048576
[    0.432976][    T0] ... MAX_LOCKDEP_CHAINS:      1048576
[    0.433588][    T0] ... CHAINHASH_SIZE:          524288
[    0.434194][    T0]  memory used by lock dependency info: 106625 kB
[    0.434923][    T0]  memory used for stack traces: 8320 kB
[    0.435560][    T0]  per task-struct memory footprint: 1920 bytes
[    0.436332][    T0] ACPI: Core revision 20240827
[    0.437284][    T0] clocksource: hpet: mask: 0xffffffff max_cycles: 0xffffffff, max_idle_ns: 19112604467 ns
[    0.438628][    T0] APIC: Switch to symmetric I/O mode setup
[    0.439459][    T0] x2apic enabled
[    0.440273][    T0] APIC: Switched APIC routing to: physical x2apic
[    0.441005][    T0] kvm-guest: APIC: send_IPI_mask() replaced with kvm_send_ipi_mask()
[    0.441947][    T0] kvm-guest: APIC: send_IPI_mask_allbutself() replaced with kvm_send_ipi_mask_allbutself()
[    0.443081][    T0] kvm-guest: setup PV IPIs
[    0.444951][    T0] ..TIMER: vector=0x30 apic1=0 pin1=2 apic2=-1 pin2=-1
[    0.445738][    T0] clocksource: tsc-early: mask: 0xffffffffffffffff max_cycles: 0x325b186289d, max_idle_ns: 440795326624 ns
[    0.447011][    T0] Calibrating delay loop (skipped) preset value.. 6986.87 BogoMIPS (lpj=34934360)
[    0.448169][    T0] x86/cpu: User Mode Instruction Prevention (UMIP) activated
[    0.457173][    T0] Last level iTLB entries: 4KB 512, 2MB 255, 4MB 127
[    0.457975][    T0] Last level dTLB entries: 4KB 512, 2MB 255, 4MB 127, 1GB 0
[    0.458841][    T0] Spectre V1 : Mitigation: usercopy/swapgs barriers and __user pointer sanitization
[    0.460008][    T0] Spectre V2 : Mitigation: Retpolines
[    0.460653][    T0] Spectre V2 : Spectre v2 / SpectreRSB: Filling RSB on context switch and VMEXIT
[    0.461646][    T0] Spectre V2 : Enabling Speculation Barrier for firmware calls
[    0.462567][    T0] RETBleed: Mitigation: untrained return thunk
[    0.463300][    T0] Spectre V2 : mitigation: Enabling conditional Indirect Branch Prediction Barrier
[    0.464476][    T0] Speculative Store Bypass: Mitigation: Speculative Store Bypass disabled via prctl
[    0.465574][    T0] Speculative Return Stack Overflow: IBPB-extending microcode not applied!
[    0.467006][    T0] Speculative Return Stack Overflow: WARNING: See https://kernel.org/doc/html/latest/admin-guide/hw-vuln/srso.html for mitigation options.
[    0.467016][    T0] Speculative Return Stack Overflow: Vulnerable: Safe RET, no microcode
[    0.469616][    T0] x86/fpu: Supporting XSAVE feature 0x001: 'x87 floating point registers'
[    0.470607][    T0] x86/fpu: Supporting XSAVE feature 0x002: 'SSE registers'
[    0.471396][    T0] x86/fpu: Supporting XSAVE feature 0x004: 'AVX registers'
[    0.472259][    T0] x86/fpu: xstate_offset[2]:  576, xstate_sizes[2]:  256
[    0.473103][    T0] x86/fpu: Enabled xstate features 0x7, context size is 832 bytes, using 'compacted' format.
[    0.813760][    T0] Freeing SMP alternatives memory: 128K
[    0.814478][    T0] pid_max: default: 32768 minimum: 301
[    0.815558][    T0] LSM: initializing lsm=lockdown,capability,landlock,yama,safesetid,tomoyo,selinux,bpf,ima,evm
[    0.817627][    T0] landlock: Up and running.
[    0.818203][    T0] Yama: becoming mindful.
[    0.819206][    T0] TOMOYO Linux initialized
[    0.819770][    T0] SELinux:  Initializing.
[    0.825525][    T0] LSM support for eBPF active
[    0.826946][    T0] Mount-cache hash table entries: 4096 (order: 3, 32768 bytes, linear)
[    0.827018][    T0] Mountpoint-cache hash table entries: 4096 (order: 3, 32768 bytes, linear)
[    0.833658][    T0] Running RCU synchronous self tests
[    0.834333][    T0] Running RCU synchronous self tests
[    0.835962][    T1] smpboot: CPU0: AMD Ryzen Threadripper PRO 3975WX 32-Cores (family: 0x17, model: 0x31, stepping: 0x0)
[    0.836999][    T1] Performance Events: Fam17h+ core perfctr, AMD PMU driver.
[    0.836999][    T1] ... version:                0
[    0.836999][    T1] ... bit width:              48
[    0.836999][    T1] ... generic registers:      6
[    0.836999][    T1] ... value mask:             0000ffffffffffff
[    0.836999][    T1] ... max period:             00007fffffffffff
[    0.837017][    T1] ... fixed-purpose events:   0
[    0.837581][    T1] ... event mask:             000000000000003f
[    0.839316][    T1] signal: max sigframe size: 1776
[    0.840494][    T1] rcu: Hierarchical SRCU implementation.
[    0.841152][    T1] rcu: 	Max phase no-delay instances is 1000.
[    0.842795][    T1] Timer migration: 1 hierarchy levels; 8 children per group; 1 crossnode level
[    0.927082][    T1] smp: Bringing up secondary CPUs ...
[    0.930220][    T1] smpboot: x86: Booting SMP configuration:
[    0.930967][    T1] .... node  #0, CPUs:      #1
[    0.931296][    T1] smp: Brought up 1 node, 2 CPUs
[    0.931296][    T1] smpboot: Total of 2 processors activated (13973.74 BogoMIPS)
[    0.937401][    T1] Memory: 1287248K/2096632K available (171026K kernel code, 41416K rwdata, 39628K rodata, 27132K init, 120336K bss, 798652K reserved, 0K cma-reserved)
[    0.941469][    T1] devtmpfs: initialized
[    0.941469][    T1] x86/mm: Memory block size: 128MB
[    1.010049][    T1] Running RCU synchronous self tests
[    1.010699][    T1] Running RCU synchronous self tests
[    1.011484][    T1] Running RCU Tasks wait API self tests
[    1.011484][    T1] Running RCU Tasks Trace wait API self tests
[    1.057091][    T1] clocksource: jiffies: mask: 0xffffffff max_cycles: 0xffffffff, max_idle_ns: 19112604462750000 ns
[    1.059606][    T1] posixtimers hash table entries: 1024 (order: 4, 73728 bytes, linear)
[    1.061611][    T1] futex hash table entries: 512 (order: 4, 65536 bytes, linear)
[    1.068158][    T1] PM: RTC time: 16:59:14, date: 2026-05-25
[    1.087022][    T1] NET: Registered PF_NETLINK/PF_ROUTE protocol family
[    1.094787][    T1] audit: initializing netlink subsys (disabled)
[    1.097685][   T30] audit: type=2000 audit(1779728354.290:1): state=initialized audit_enabled=0 res=1
[    1.112015][    T1] thermal_sys: Registered thermal governor 'step_wise'
[    1.112495][    T1] cpuidle: using governor menu
[    1.112495][    T1] NET: Registered PF_QIPCRTR protocol family
[    1.121917][    T1] dca service started, version 1.12.1
[    1.122540][    T1] PCI: Using configuration type 1 for base access
[    1.123970][    T1] PCI: Using configuration type 1 for extended access
[    1.140944][    T1] HugeTLB: allocation took 0ms with hugepage_allocation_threads=1
[    1.142781][    T1] HugeTLB: registered 1.00 GiB page size, pre-allocated 0 pages
[    1.143169][   T29] Callback from call_rcu_tasks_trace() invoked.
[    1.144712][    T1] HugeTLB: 16380 KiB vmemmap can be freed for a 1.00 GiB page
[    1.147050][    T1] HugeTLB: registered 2.00 MiB page size, pre-allocated 0 pages
[    1.148754][    T1] HugeTLB: 28 KiB vmemmap can be freed for a 2.00 MiB page
[    1.189528][    T1] cryptd: max_cpu_qlen set to 1000
[    1.213949][    T1] raid6: skipped pq benchmark and selected avx2x4
[    1.215602][    T1] raid6: using avx2x2 recovery algorithm
[    1.221075][    T1] ACPI: Added _OSI(Module Device)
[    1.222315][    T1] ACPI: Added _OSI(Processor Device)
[    1.223688][    T1] ACPI: Added _OSI(3.0 _SCP Extensions)
[    1.225078][    T1] ACPI: Added _OSI(Processor Aggregator Device)
[    1.237199][   T28] Callback from call_rcu_tasks() invoked.
[    1.329192][    T1] ACPI: 1 ACPI AML tables successfully acquired and loaded
[    1.360491][    T1] ACPI: Interpreter enabled
[    1.361587][    T1] ACPI: PM: (supports S0 S3 S4 S5)
[    1.362286][    T1] ACPI: Using IOAPIC for interrupt routing
[    1.363417][    T1] PCI: Using host bridge windows from ACPI; if necessary, use "pci=nocrs" and report a bug
[    1.364607][    T1] PCI: Using E820 reservations for host bridge windows
[    1.371075][    T1] ACPI: Enabled 2 GPEs in block 00 to 0F
[    1.576195][    T1] ACPI: PCI Root Bridge [PCI0] (domain 0000 [bus 00-ff])
[    1.577116][    T1] acpi PNP0A03:00: _OSC: OS supports [ExtendedConfig ASPM ClockPM Segments MSI HPX-Type3]
[    1.583128][    T1] PCI host bridge to bus 0000:00
[    1.584109][    T1] pci_bus 0000:00: root bus resource [io  0x0000-0x0cf7 window]
[    1.585057][    T1] pci_bus 0000:00: root bus resource [io  0x0d00-0xffff window]
[    1.586023][    T1] pci_bus 0000:00: root bus resource [mem 0x000a0000-0x000bffff window]
[    1.587039][    T1] pci_bus 0000:00: root bus resource [mem 0x80000000-0xfebfffff window]
[    1.588059][    T1] pci_bus 0000:00: root bus resource [mem 0x100000000-0x17fffffff window]
[    1.589107][    T1] pci_bus 0000:00: root bus resource [bus 00-ff]
[    1.590381][    T1] pci 0000:00:00.0: [8086:1237] type 00 class 0x060000 conventional PCI endpoint
[    1.657914][    T1] pci 0000:00:01.0: [8086:7000] type 00 class 0x060100 conventional PCI endpoint
[    1.726416][    T1] pci 0000:00:01.1: [8086:7010] type 00 class 0x010180 conventional PCI endpoint
[    1.727581][    T1] pci 0000:00:01.1: BAR 4 [io  0xc000-0xc00f]
[    1.728324][    T1] pci 0000:00:01.1: BAR 0 [io  0x01f0-0x01f7]: legacy IDE quirk
[    1.729209][    T1] pci 0000:00:01.1: BAR 1 [io  0x03f6]: legacy IDE quirk
[    1.730018][    T1] pci 0000:00:01.1: BAR 2 [io  0x0170-0x0177]: legacy IDE quirk
[    1.730895][    T1] pci 0000:00:01.1: BAR 3 [io  0x0376]: legacy IDE quirk
[    1.733753][    T1] pci 0000:00:01.3: [8086:7113] type 00 class 0x068000 conventional PCI endpoint
[    1.735296][    T1] pci 0000:00:01.3: quirk: [io  0x0600-0x063f] claimed by PIIX4 ACPI
[    1.736239][    T1] pci 0000:00:01.3: quirk: [io  0x0700-0x070f] claimed by PIIX4 SMB
[    1.738915][    T1] pci 0000:00:02.0: [1234:1111] type 00 class 0x030000 conventional PCI endpoint
[    1.741413][    T1] pci 0000:00:02.0: BAR 0 [mem 0xfd000000-0xfdffffff pref]
[    1.742284][    T1] pci 0000:00:02.0: BAR 2 [mem 0xfebf0000-0xfebf0fff]
[    1.743098][    T1] pci 0000:00:02.0: ROM [mem 0xfebe0000-0xfebeffff pref]
[    1.744200][    T1] pci 0000:00:02.0: Video device with shadowed ROM at [mem 0x000c0000-0x000dffff]
[    1.827237][    T1] ACPI: PCI: Interrupt link LNKA configured for IRQ 10
[    1.834141][    T1] ACPI: PCI: Interrupt link LNKB configured for IRQ 10
[    1.840960][    T1] ACPI: PCI: Interrupt link LNKC configured for IRQ 11
[    1.847794][    T1] ACPI: PCI: Interrupt link LNKD configured for IRQ 11
[    1.850976][    T1] ACPI: PCI: Interrupt link LNKS configured for IRQ 9
[    1.887084][    T1] iommu: Default domain type: Translated
[    1.887850][    T1] iommu: DMA domain TLB invalidation policy: lazy mode
[    1.894234][    T1] SCSI subsystem initialized
[    1.897059][    T1] ACPI: bus type USB registered
[    1.898302][    T1] usbcore: registered new interface driver usbfs
[    1.899352][    T1] usbcore: registered new interface driver hub
[    1.900329][    T1] usbcore: registered new device driver usb
[    1.903376][    T1] mc: Linux media interface: v0.10
[    1.904257][    T1] videodev: Linux video capture interface: v2.00
[    1.905920][    T1] pps_core: LinuxPPS API ver. 1 registered
[    1.906600][    T1] pps_core: Software ver. 5.3.6 - Copyright 2005-2007 Rodolfo Giometti <giometti@linux.it>
[    1.907155][    T1] PTP clock support registered
[    1.927683][    T1] EDAC MC: Ver: 3.0.0
[    1.934232][    T1] Advanced Linux Sound Architecture Driver Initialized.
[    1.942241][    T1] Bluetooth: Core ver 2.22
[    1.942951][    T1] NET: Registered PF_BLUETOOTH protocol family
[    1.943668][    T1] Bluetooth: HCI device and connection manager initialized
[    1.944537][    T1] Bluetooth: HCI socket layer initialized
[    1.945213][    T1] Bluetooth: L2CAP socket layer initialized
[    1.945982][    T1] Bluetooth: SCO socket layer initialized
[    1.946721][    T1] NET: Registered PF_ATMPVC protocol family
[    1.947019][    T1] NET: Registered PF_ATMSVC protocol family
[    1.948072][    T1] NetLabel: Initializing
[    1.948569][    T1] NetLabel:  domain hash size = 128
[    1.949169][    T1] NetLabel:  protocols = UNLABELED CIPSOv4 CALIPSO
[    1.950438][    T1] NetLabel:  unlabeled traffic allowed by default
[    1.952050][    T1] nfc: nfc_init: NFC Core ver 0.1
[    1.952050][    T1] NET: Registered PF_NFC protocol family
[    1.952050][    T1] mctp: management component transport protocol core
[    1.952050][    T1] NET: Registered PF_MCTP protocol family
[    1.957296][    T1] PCI: Using ACPI for IRQ routing
[    1.958594][    T1] pci 0000:00:02.0: vgaarb: setting as boot VGA device
[    1.958594][    T1] pci 0000:00:02.0: vgaarb: bridge control possible
[    1.958766][    T1] pci 0000:00:02.0: vgaarb: VGA device added: decodes=io+mem,owns=io+mem,locks=none
[    1.959841][    T1] vgaarb: loaded
[    1.962291][    T1] hpet0: at MMIO 0xfed00000, IRQs 2, 8, 0
[    1.963008][    T1] hpet0: 3 comparators, 64-bit 100.000000 MHz counter
[    1.971229][    T1] clocksource: Switched to clocksource kvm-clock
[    1.976999][    T1] VFS: Disk quotas dquot_6.6.0
[    1.977049][    T1] VFS: Dquot-cache hash table entries: 512 (order 0, 4096 bytes)
[    1.982258][    T1] netfs: FS-Cache loaded
[    1.986855][    T1] CacheFiles: Loaded
[    1.987972][    T1] TOMOYO: 2.6.0
[    1.988408][    T1] Mandatory Access Control activated.
[    1.989653][    T1] pnp: PnP ACPI init
[    2.008095][    T1] pnp: PnP ACPI: found 6 devices
[    2.119181][    T1] clocksource: acpi_pm: mask: 0xffffff max_cycles: 0xffffff, max_idle_ns: 2085701024 ns
[    2.121734][    T1] NET: Registered PF_INET protocol family
[    2.123330][    T1] IP idents hash table entries: 32768 (order: 6, 262144 bytes, linear)
[    2.129596][    T1] tcp_listen_portaddr_hash hash table entries: 1024 (order: 4, 73728 bytes, linear)
[    2.130815][    T1] Table-perturb hash table entries: 65536 (order: 6, 262144 bytes, linear)
[    2.131928][    T1] TCP established hash table entries: 16384 (order: 5, 131072 bytes, linear)
[    2.135231][    T1] TCP bind hash table entries: 16384 (order: 9, 2359296 bytes, linear)
[    2.137993][    T1] TCP: Hash tables configured (established 16384 bind 16384)
[    2.140245][    T1] MPTCP token hash table entries: 2048 (order: 5, 180224 bytes, linear)
[    2.141555][    T1] UDP hash table entries: 1024 (order: 6, 262144 bytes, linear)
[    2.142719][    T1] UDP-Lite hash table entries: 1024 (order: 6, 262144 bytes, linear)
[    2.144681][    T1] NET: Registered PF_UNIX/PF_LOCAL protocol family
[    2.158342][    T1] RPC: Registered named UNIX socket transport module.
[    2.159162][    T1] RPC: Registered udp transport module.
[    2.159814][    T1] RPC: Registered tcp transport module.
[    2.160475][    T1] RPC: Registered tcp-with-tls transport module.
[    2.161297][    T1] RPC: Registered tcp NFSv4.1 backchannel transport module.
[    2.176943][    T1] NET: Registered PF_XDP protocol family
[    2.177762][    T1] pci_bus 0000:00: resource 4 [io  0x0000-0x0cf7 window]
[    2.178678][    T1] pci_bus 0000:00: resource 5 [io  0x0d00-0xffff window]
[    2.179518][    T1] pci_bus 0000:00: resource 6 [mem 0x000a0000-0x000bffff window]
[    2.180432][    T1] pci_bus 0000:00: resource 7 [mem 0x80000000-0xfebfffff window]
[    2.181375][    T1] pci_bus 0000:00: resource 8 [mem 0x100000000-0x17fffffff window]
[    2.183756][    T1] pci 0000:00:01.0: PIIX3: Enabling Passive Release
[    2.184550][    T1] pci 0000:00:00.0: Limiting direct PCI/PCI transfers
[    2.185567][    T1] PCI: CLS 0 bytes, default 64
[    2.193391][   T37] Trying to unpack rootfs image as initramfs...
[    2.200660][    T1] ACPI: bus type thunderbolt registered
[    2.203451][    T1] kvm_intel: VMX not supported by CPU 1
[    2.204393][    T1] kvm_amd: Nested Virtualization enabled
[    2.205087][    T1] kvm_amd: Nested Paging enabled
[    2.245665][    T1] clocksource: tsc: mask: 0xffffffffffffffff max_cycles: 0x325b186289d, max_idle_ns: 440795326624 ns
[    2.548009][   T37] Freeing initrd memory: 1376K
[    2.549454][   T74] kworker/u8:5 (74) used greatest stack depth: 28920 bytes left
[    2.550374][   T75] kworker/u8:4 (75) used greatest stack depth: 28520 bytes left
[    2.551343][   T63] kworker/u8:3 (63) used greatest stack depth: 28088 bytes left
[   13.720100][    T1] Initialise system trusted keyrings
[   13.722944][    T1] workingset: timestamp_bits=40 max_order=19 bucket_order=0
[   13.729091][    T1] DLM installed
[   13.733744][    T1] squashfs: version 4.0 (2009/01/31) Phillip Lougher
[   13.749124][    T1] NFS: Registering the id_resolver key type
[   13.749873][    T1] Key type id_resolver registered
[   13.750485][    T1] Key type id_legacy registered
[   13.751404][    T1] nfs4filelayout_init: NFSv4 File Layout Driver Registering...
[   13.752346][    T1] nfs4flexfilelayout_init: NFSv4 Flexfile Layout Driver Registering...
[   13.763683][    T1] Key type cifs.spnego registered
[   13.764493][    T1] Key type cifs.idmap registered
[   13.767454][    T1] ntfs3: Enabled Linux POSIX ACLs support
[   13.768110][    T1] ntfs3: Read-only LZX/Xpress compression included
[   13.769003][    T1] efs: 1.0a - http://aeschi.ch.eu.org/efs/
[   13.769716][    T1] jffs2: version 2.2. (NAND) (SUMMARY)  © 2001-2006 Red Hat, Inc.
[   13.772203][    T1] romfs: ROMFS MTD (C) 2007 Red Hat, Inc.
[   13.772961][    T1] QNX4 filesystem 0.2.3 registered.
[   13.773600][    T1] qnx6: QNX6 filesystem 1.0.0 registered.
[   13.774962][    T1] fuse: init (API version 7.43)
[   13.778184][    T1] orangefs_debugfs_init: called with debug mask: :none: :0:
[   13.780370][    T1] orangefs_init: module version upstream loaded
[   13.781815][    T1] JFS: nTxBlock = 8192, nTxLock = 65536
[   13.793921][    T1] SGI XFS with ACLs, security attributes, realtime, quota, no debug enabled
[   13.798394][    T1] 9p: Installing v9fs 9p2000 file system support
[   13.799623][    T1] NILFS version 2 loaded
[   13.800117][    T1] befs: version: 0.9.3
[   13.801217][    T1] ocfs2: Registered cluster interface o2cb
[   13.802617][    T1] ocfs2: Registered cluster interface user
[   13.803732][    T1] OCFS2 User DLM kernel interface loaded
[   13.823956][    T1] gfs2: GFS2 installed
[   13.832840][    T1] ceph: loaded (mds proto 32)
[   13.878678][    T1] NET: Registered PF_ALG protocol family
[   13.879500][    T1] xor: automatically using best checksumming function   avx       
[   13.880429][    T1] async_tx: api initialized (async)
[   13.881256][    T1] Key type asymmetric registered
[   13.881851][    T1] Asymmetric key parser 'x509' registered
[   13.882539][    T1] Asymmetric key parser 'pkcs8' registered
[   13.883199][    T1] Key type pkcs7_test registered
[   13.884172][    T1] Block layer SCSI generic (bsg) driver version 0.4 loaded (major 238)
[   13.886070][    T1] io scheduler mq-deadline registered
[   13.886692][    T1] io scheduler kyber registered
[   13.887510][    T1] io scheduler bfq registered
[   13.897647][    T1] input: Power Button as /devices/LNXSYSTM:00/LNXPWRBN:00/input/input0
[   13.908582][    T1] ACPI: button: Power Button [PWRF]
[   13.929333][    T1] ioatdma: Intel(R) QuickData Technology Driver 5.00
[   13.972717][  T216] kworker/u8:0 (216) used greatest stack depth: 27368 bytes left
[   14.383434][    T1] N_HDLC line discipline registered with maxframe=4096
[   14.384319][    T1] Serial: 8250/16550 driver, 4 ports, IRQ sharing enabled
[   14.388391][    T1] 00:04: ttyS0 at I/O 0x3f8 (irq = 4, base_baud = 115200) is a 16550A
[   14.417529][    T1] Non-volatile memory driver v1.3
[   14.418357][    T1] Linux agpgart interface v0.103
[   14.425809][    T1] usbcore: registered new interface driver xillyusb
[   14.430298][    T1] ACPI: bus type drm_connector registered
[   14.436209][    T1] [drm] Initialized vgem 1.0.0 for vgem on minor 0
[   14.449138][    T1] [drm] Initialized vkms 1.0.0 for vkms on minor 1
[   14.518467][    T1] Console: switching to colour frame buffer device 128x48
[   14.535982][    T1] platform vkms: [drm] fb0: vkmsdrmfb frame buffer device
[   14.537138][    T1] usbcore: registered new interface driver udl
[   14.539356][    T1] bochs-drm 0000:00:02.0: vgaarb: deactivate vga console
[   14.548339][    T1] [drm] Found bochs VGA, ID 0xb0c5.
[   14.549589][    T1] [drm] Framebuffer size 16384 kB @ 0xfd000000, mmio @ 0xfebf0000.
[   14.560214][    T1] [drm] Initialized bochs-drm 1.0.0 for 0000:00:02.0 on minor 2
[   14.599838][    T1] fbcon: bochs-drmdrmfb (fb1) is primary device
[   14.599859][    T1] fbcon: Remapping primary device, fb1, to tty 1-63
[   16.392479][    T1] bochs-drm 0000:00:02.0: [drm] fb1: bochs-drmdrmfb frame buffer device
[   16.396178][    T1] usbcore: registered new interface driver gm12u320
[   16.398514][    T1] usbcore: registered new interface driver gud
[   16.506060][    T1] brd: module loaded
[   16.612261][    T1] loop: module loaded
[   16.819516][    T1] zram: Added device: zram0
[   16.831808][    T1] null_blk: disk nullb0 created
[   16.832399][    T1] null_blk: module loaded
[   16.833833][    T1] Guest personality initialized and is inactive
[   16.835948][    T1] VMCI host device registered (name=vmci, major=10, minor=118)
[   16.836806][    T1] Initialized host personality
[   16.837753][    T1] usbcore: registered new interface driver rtsx_usb
[   16.841756][    T1] usbcore: registered new interface driver viperboard
[   16.843801][    T1] usbcore: registered new interface driver dln2
[   16.845318][    T1] usbcore: registered new interface driver pn533_usb
[   16.851360][    T1] nfcsim 0.2 initialized
[   16.852102][    T1] usbcore: registered new interface driver port100
[   16.853074][    T1] usbcore: registered new interface driver nfcmrvl
[   16.858237][    T1] Loading iSCSI transport class v2.0-870.
[   16.871163][    T1] st: Version 20160209, fixed bufsize 32768, s/g segs 256
[   16.938019][    T1] scsi host0: ata_piix
[   16.942820][    T1] scsi host1: ata_piix
[   16.945225][    T1] ata1: PATA max MWDMA2 cmd 0x1f0 ctl 0x3f6 bmdma 0xc000 irq 14 lpm-pol 0
[   16.946204][    T1] ata2: PATA max MWDMA2 cmd 0x170 ctl 0x376 bmdma 0xc008 irq 15 lpm-pol 0
[   16.952386][    T1] Rounding down aligned max_sectors from 4294967295 to 4294967288
[   16.953908][    T1] db_root: cannot open: /etc/target
[   16.955816][    T1] slram: not enough parameters.
[   16.961938][    T1] ftl_cs: FTL header not found.
[   17.006323][    T1] wireguard: WireGuard 1.0.0 loaded. See www.wireguard.com for information.
[   17.007322][    T1] wireguard: Copyright (C) 2015-2019 Jason A. Donenfeld <Jason@zx2c4.com>. All Rights Reserved.
[   17.008497][    T1] eql: Equalizer2002: Simon Janes (simon@ncm.com) and David S. Miller (davem@redhat.com)
[   17.024314][    T1] MACsec IEEE 802.1AE
[   17.052082][    T1] usbcore: registered new interface driver mvusb_mdio
[   17.053822][    T1] tun: Universal TUN/TAP device driver, 1.6
[   17.057289][    T1] vcan: Virtual CAN interface driver
[   17.058182][    T1] vxcan: Virtual CAN Tunnel driver
[   17.058808][    T1] slcan: serial line CAN interface driver
[   17.059653][    T1] CAN device driver interface
[   17.060764][    T1] usbcore: registered new interface driver usb_8dev
[   17.062068][    T1] usbcore: registered new interface driver ems_usb
[   17.063353][    T1] usbcore: registered new interface driver esd_usb
[   17.064847][    T1] usbcore: registered new interface driver etas_es58x
[   17.066158][    T1] usbcore: registered new interface driver f81604
[   17.067415][    T1] usbcore: registered new interface driver gs_usb
[   17.068704][    T1] usbcore: registered new interface driver kvaser_usb
[   17.070214][    T1] usbcore: registered new interface driver mcba_usb
[   17.072018][    T1] usbcore: registered new interface driver peak_usb
[   17.073006][    T1] usbcore: registered new interface driver ucan
[   17.074237][    T1] e100: Intel(R) PRO/100 Network Driver
[   17.074880][    T1] e100: Copyright(c) 1999-2006 Intel Corporation
[   17.075879][    T1] e1000: Intel(R) PRO/1000 Network Driver
[   17.076535][    T1] e1000: Copyright (c) 1999-2006 Intel Corporation.
[   17.077600][    T1] e1000e: Intel(R) PRO/1000 Network Driver
[   17.078268][    T1] e1000e: Copyright(c) 1999 - 2015 Intel Corporation.
[   17.090119][    T1] mkiss: AX.25 Multikiss, Hans Albas PE1AYX
[   17.092221][    T1] AX.25: bpqether driver version 004
[   17.092819][    T1] PPP generic driver version 2.4.2
[   17.094380][    T1] PPP BSD Compression module registered
[   17.095037][    T1] PPP Deflate Compression module registered
[   17.095745][    T1] PPP MPPE Compression module registered
[   17.096385][    T1] NET: Registered PF_PPPOX protocol family
[   17.097104][    T1] PPTP driver version 0.8.5
[   17.098063][    T1] SLIP: version 0.8.4-NET3.019-NEWTTY (dynamic channels, max=256) (6 bit encapsulation enabled).
[   17.099237][    T1] CSLIP: code copyright 1989 Regents of the University of California.
[   17.100147][    T1] SLIP linefill/keepalive option.
[   17.100789][    T1] hdlc: HDLC support module revision 1.22
[   17.101468][    T1] LAPB Ethernet driver version 0.02
[   17.102854][    T1] usbcore: registered new interface driver ath9k_htc
[   17.103865][    T1] usbcore: registered new interface driver carl9170
[   17.105231][    T1] usbcore: registered new interface driver ath6kl_usb
[   17.106258][    T1] usbcore: registered new interface driver ar5523
[   17.107512][    T1] usbcore: registered new interface driver ath10k_usb
[   17.108543][    T1] usbcore: registered new interface driver plfxlc
[   17.109577][    T1] mac80211_hwsim: initializing netlink
[   17.110694][ T1008] ata2: found unknown device (class 0)
[   17.114001][ T1008] ata2.00: ATAPI: QEMU DVD-ROM, 2.5+, max UDMA/100
[   17.130272][   T12] scsi 1:0:0:0: CD-ROM            QEMU     QEMU DVD-ROM     2.5+ PQ: 0 ANSI: 5
[   17.148577][    T1] usbcore: registered new interface driver atusb
[   17.165099][    T1] mac802154_hwsim mac802154_hwsim: Added 2 mac802154 hwsim hardware radios
[   17.168780][    T1] VMware vmxnet3 virtual NIC driver - version 1.9.0.0-k-NAPI
[   17.170724][    T1] usbcore: registered new interface driver catc
[   17.171944][    T1] usbcore: registered new interface driver kaweth
[   17.172679][    T1] pegasus: Pegasus/Pegasus II USB Ethernet driver
[   17.173934][    T1] usbcore: registered new interface driver pegasus
[   17.175200][    T1] usbcore: registered new interface driver rtl8150
[   17.176409][    T1] usbcore: registered new device driver r8152-cfgselector
[   17.177762][    T1] usbcore: registered new interface driver r8152
[   17.179105][    T1] usbcore: registered new interface driver hso
[   17.180333][    T1] usbcore: registered new interface driver lan78xx
[   17.183129][    T1] usbcore: registered new interface driver asix
[   17.184099][    T1] usbcore: registered new interface driver ax88179_178a
[   17.185142][    T1] usbcore: registered new interface driver cdc_ether
[   17.186162][    T1] usbcore: registered new interface driver cdc_eem
[   17.187154][    T1] usbcore: registered new interface driver dm9601
[   17.188131][    T1] usbcore: registered new interface driver sr9700
[   17.189103][    T1] usbcore: registered new interface driver CoreChips
[   17.190122][    T1] usbcore: registered new interface driver smsc75xx
[   17.191159][    T1] usbcore: registered new interface driver smsc95xx
[   17.192159][    T1] usbcore: registered new interface driver gl620a
[   17.193131][    T1] usbcore: registered new interface driver net1080
[   17.194134][    T1] usbcore: registered new interface driver plusb
[   17.195126][    T1] usbcore: registered new interface driver rndis_host
[   17.196142][    T1] usbcore: registered new interface driver cdc_subset
[   17.197151][    T1] usbcore: registered new interface driver zaurus
[   17.198142][    T1] usbcore: registered new interface driver MOSCHIP usb-ethernet driver
[   17.199321][    T1] usbcore: registered new interface driver int51x1
[   17.200300][    T1] usbcore: registered new interface driver cdc_phonet
[   17.202364][    T1] usbcore: registered new interface driver kalmia
[   17.203334][    T1] usbcore: registered new interface driver ipheth
[   17.204263][    T1] usbcore: registered new interface driver sierra_net
[   17.205291][    T1] usbcore: registered new interface driver cx82310_eth
[   17.206332][    T1] usbcore: registered new interface driver cdc_ncm
[   17.207320][    T1] usbcore: registered new interface driver huawei_cdc_ncm
[   17.208383][    T1] usbcore: registered new interface driver lg-vl600
[   17.209379][    T1] usbcore: registered new interface driver qmi_wwan
[   17.210385][    T1] usbcore: registered new interface driver cdc_mbim
[   17.211424][    T1] usbcore: registered new interface driver ch9200
[   17.212433][    T1] usbcore: registered new interface driver aqc111
[   17.213423][    T1] usbcore: registered new interface driver r8153_ecm
[   17.228395][    T1] VFIO - User Level meta-driver version: 0.3
[   17.232460][   T12] sr 1:0:0:0: [sr0] scsi3-mmc drive: 4x/4x cd/rw xa/form2 tray
[   17.234023][   T12] cdrom: Uniform CD-ROM driver Revision: 3.20
[   17.238584][    T1] aoe: AoE v85 initialised.
[   17.249432][    T1] usbcore: registered new interface driver cdc_acm
[   17.250185][    T1] cdc_acm: USB Abstract Control Model driver for USB modems and ISDN adapters
[   17.254227][    T1] usbcore: registered new interface driver usblp
[   17.255204][    T1] usbcore: registered new interface driver cdc_wdm
[   17.256192][    T1] usbcore: registered new interface driver usbtmc
[   17.261249][    T1] usbcore: registered new interface driver uas
[   17.262230][    T1] usbcore: registered new interface driver usb-storage
[   17.263590][    T1] usbcore: registered new interface driver ums-alauda
[   17.264565][    T1] usbcore: registered new interface driver ums-cypress
[   17.265548][    T1] usbcore: registered new interface driver ums-datafab
[   17.266541][    T1] usbcore: registered new interface driver ums_eneub6250
[   17.267540][    T1] usbcore: registered new interface driver ums-freecom
[   17.268518][    T1] usbcore: registered new interface driver ums-isd200
[   17.269484][    T1] usbcore: registered new interface driver ums-jumpshot
[   17.270474][    T1] usbcore: registered new interface driver ums-karma
[   17.274576][    T1] usbcore: registered new interface driver ums-onetouch
[   17.275952][    T1] usbcore: registered new interface driver ums-realtek
[   17.276961][    T1] usbcore: registered new interface driver ums-sddr09
[   17.277944][    T1] usbcore: registered new interface driver ums-sddr55
[   17.278935][    T1] usbcore: registered new interface driver ums-usbat
[   17.280030][    T1] usbcore: registered new interface driver mdc800
[   17.281161][    T1] mdc800: v0.7.5 (30/10/2000):USB Driver for Mustek MDC800 Digital Camera
[   17.282381][    T1] usbcore: registered new interface driver microtekX6
[   17.283718][    T1] usbcore: registered new interface driver usbserial_generic
[   17.285381][    T1] usbserial: USB Serial support registered for generic
[   17.286440][    T1] usbcore: registered new interface driver aircable
[   17.287436][    T1] usbserial: USB Serial support registered for aircable
[   17.288440][    T1] usbcore: registered new interface driver ark3116
[   17.289360][    T1] usbserial: USB Serial support registered for ark3116
[   17.290373][    T1] usbcore: registered new interface driver belkin_sa
[   17.291906][    T1] usbserial: USB Serial support registered for Belkin / Peracom / GoHubs USB Serial Adapter
[   17.293276][    T1] usbcore: registered new interface driver ch341
[   17.294192][    T1] usbserial: USB Serial support registered for ch341-uart
[   17.295220][    T1] usbcore: registered new interface driver cp210x
[   17.296134][    T1] usbserial: USB Serial support registered for cp210x
[   17.297120][    T1] usbcore: registered new interface driver cyberjack
[   17.298069][    T1] usbserial: USB Serial support registered for Reiner SCT Cyberjack USB card reader
[   17.299362][    T1] usbcore: registered new interface driver cypress_m8
[   17.300328][    T1] usbserial: USB Serial support registered for DeLorme Earthmate USB
[   17.301527][    T1] usbserial: USB Serial support registered for HID->COM RS232 Adapter
[   17.302641][    T1] usbserial: USB Serial support registered for Nokia CA-42 V2 Adapter
[   17.303789][    T1] usbcore: registered new interface driver usb_debug
[   17.304731][    T1] usbserial: USB Serial support registered for debug
[   17.305666][    T1] usbserial: USB Serial support registered for xhci_dbc
[   17.306718][    T1] usbcore: registered new interface driver digi_acceleport
[   17.307717][    T1] usbserial: USB Serial support registered for Digi 2 port USB adapter
[   17.308839][    T1] usbserial: USB Serial support registered for Digi 4 port USB adapter
[   17.309987][    T1] usbcore: registered new interface driver io_edgeport
[   17.312868][    T1] usbserial: USB Serial support registered for Edgeport 2 port adapter
[   17.314021][    T1] usbserial: USB Serial support registered for Edgeport 4 port adapter
[   17.315006][   T12] sr 1:0:0:0: Attached scsi generic sg0 type 5
[   17.315533][    T1] usbserial: USB Serial support registered for Edgeport 8 port adapter
[   17.316894][    T1] usbserial: USB Serial support registered for EPiC device
[   17.317945][    T1] usbcore: registered new interface driver io_ti
[   17.318862][    T1] usbserial: USB Serial support registered for Edgeport TI 1 port adapter
[   17.320354][    T1] usbserial: USB Serial support registered for Edgeport TI 2 port adapter
[   17.322299][    T1] usbcore: registered new interface driver empeg
[   17.323429][    T1] usbserial: USB Serial support registered for empeg
[   17.324474][    T1] usbcore: registered new interface driver f81534a_ctrl
[   17.325497][    T1] usbcore: registered new interface driver f81232
[   17.326457][    T1] usbserial: USB Serial support registered for f81232
[   17.327411][    T1] usbserial: USB Serial support registered for f81534a
[   17.328410][    T1] usbcore: registered new interface driver f81534
[   17.329359][    T1] usbserial: USB Serial support registered for Fintek F81532/F81534
[   17.331924][    T1] usbcore: registered new interface driver ftdi_sio
[   17.332877][    T1] usbserial: USB Serial support registered for FTDI USB Serial Device
[   17.334242][    T1] usbcore: registered new interface driver garmin_gps
[   17.335779][    T1] usbserial: USB Serial support registered for Garmin GPS usb/tty
[   17.337163][    T1] usbcore: registered new interface driver ipaq
[   17.338347][    T1] usbserial: USB Serial support registered for PocketPC PDA
[   17.339668][    T1] usbcore: registered new interface driver ipw
[   17.342468][    T1] usbserial: USB Serial support registered for IPWireless converter
[   17.343801][    T1] usbcore: registered new interface driver ir_usb
[   17.344991][    T1] usbserial: USB Serial support registered for IR Dongle
[   17.346288][    T1] usbcore: registered new interface driver iuu_phoenix
[   17.347535][    T1] usbserial: USB Serial support registered for iuu_phoenix
[   17.348860][    T1] usbcore: registered new interface driver keyspan
[   17.350073][    T1] usbserial: USB Serial support registered for Keyspan - (without firmware)
[   17.351710][    T1] usbserial: USB Serial support registered for Keyspan 1 port adapter
[   17.353079][    T1] usbserial: USB Serial support registered for Keyspan 2 port adapter
[   17.354465][    T1] usbserial: USB Serial support registered for Keyspan 4 port adapter
[   17.355877][    T1] usbcore: registered new interface driver keyspan_pda
[   17.357119][    T1] usbserial: USB Serial support registered for Keyspan PDA
[   17.358407][    T1] usbserial: USB Serial support registered for Keyspan PDA - (prerenumeration)
[   17.359928][    T1] usbcore: registered new interface driver kl5kusb105
[   17.360986][    T1] usbserial: USB Serial support registered for KL5KUSB105D / PalmConnect
[   17.362172][    T1] usbcore: registered new interface driver kobil_sct
[   17.363126][    T1] usbserial: USB Serial support registered for KOBIL USB smart card terminal
[   17.364336][    T1] usbcore: registered new interface driver mct_u232
[   17.365266][    T1] usbserial: USB Serial support registered for MCT U232
[   17.366289][    T1] usbcore: registered new interface driver metro_usb
[   17.367231][    T1] usbserial: USB Serial support registered for Metrologic USB to Serial
[   17.368408][    T1] usbcore: registered new interface driver mos7720
[   17.369330][    T1] usbserial: USB Serial support registered for Moschip 2 port adapter
[   17.370761][    T1] usbcore: registered new interface driver mos7840
[   17.371689][    T1] usbserial: USB Serial support registered for Moschip 7840/7820 USB Serial Driver
[   17.372960][    T1] usbcore: registered new interface driver mxuport
[   17.373929][    T1] usbserial: USB Serial support registered for MOXA UPort
[   17.374966][    T1] usbcore: registered new interface driver navman
[   17.375888][    T1] usbserial: USB Serial support registered for navman
[   17.376879][    T1] usbcore: registered new interface driver omninet
[   17.377801][    T1] usbserial: USB Serial support registered for ZyXEL - omni.net usb
[   17.378964][    T1] usbcore: registered new interface driver opticon
[   17.379884][    T1] usbserial: USB Serial support registered for opticon
[   17.380919][    T1] usbcore: registered new interface driver option
[   17.381833][    T1] usbserial: USB Serial support registered for GSM modem (1-port)
[   17.382951][    T1] usbcore: registered new interface driver oti6858
[   17.383880][    T1] usbserial: USB Serial support registered for oti6858
[   17.384879][    T1] usbcore: registered new interface driver pl2303
[   17.385792][    T1] usbserial: USB Serial support registered for pl2303
[   17.386795][    T1] usbcore: registered new interface driver qcaux
[   17.387698][    T1] usbserial: USB Serial support registered for qcaux
[   17.388684][    T1] usbcore: registered new interface driver qcserial
[   17.389615][    T1] usbserial: USB Serial support registered for Qualcomm USB modem
[   17.390766][    T1] usbcore: registered new interface driver quatech2
[   17.391711][    T1] usbserial: USB Serial support registered for Quatech 2nd gen USB to Serial Driver
[   17.392999][    T1] usbcore: registered new interface driver safe_serial
[   17.393961][    T1] usbserial: USB Serial support registered for safe_serial
[   17.395409][    T1] usbcore: registered new interface driver sierra
[   17.396318][    T1] usbserial: USB Serial support registered for Sierra USB modem
[   17.397408][    T1] usbcore: registered new interface driver usb_serial_simple
[   17.398461][    T1] usbserial: USB Serial support registered for carelink
[   17.399422][    T1] usbserial: USB Serial support registered for flashloader
[   17.400414][    T1] usbserial: USB Serial support registered for funsoft
[   17.401395][    T1] usbserial: USB Serial support registered for google
[   17.402343][    T1] usbserial: USB Serial support registered for hp4x
[   17.403269][    T1] usbserial: USB Serial support registered for kaufmann
[   17.404240][    T1] usbserial: USB Serial support registered for libtransistor
[   17.405248][    T1] usbserial: USB Serial support registered for moto_modem
[   17.406233][    T1] usbserial: USB Serial support registered for motorola_tetra
[   17.407251][    T1] usbserial: USB Serial support registered for nokia
[   17.408188][    T1] usbserial: USB Serial support registered for novatel_gps
[   17.409183][    T1] usbserial: USB Serial support registered for owon
[   17.410110][    T1] usbserial: USB Serial support registered for siemens_mpi
[   17.411140][    T1] usbserial: USB Serial support registered for suunto
[   17.412084][    T1] usbserial: USB Serial support registered for vivopay
[   17.413034][    T1] usbserial: USB Serial support registered for zio
[   17.413984][    T1] usbcore: registered new interface driver spcp8x5
[   17.414914][    T1] usbserial: USB Serial support registered for SPCP8x5
[   17.415917][    T1] usbcore: registered new interface driver ssu100
[   17.416823][    T1] usbserial: USB Serial support registered for Quatech SSU-100 USB to Serial Driver
[   17.418122][    T1] usbcore: registered new interface driver symbolserial
[   17.419088][    T1] usbserial: USB Serial support registered for symbol
[   17.420073][    T1] usbcore: registered new interface driver ti_usb_3410_5052
[   17.421105][    T1] usbserial: USB Serial support registered for TI USB 3410 1 port adapter
[   17.422259][    T1] usbserial: USB Serial support registered for TI USB 5052 2 port adapter
[   17.423435][    T1] usbcore: registered new interface driver upd78f0730
[   17.424378][    T1] usbserial: USB Serial support registered for upd78f0730
[   17.425400][    T1] usbcore: registered new interface driver visor
[   17.426312][    T1] usbserial: USB Serial support registered for Handspring Visor / Palm OS
[   17.427447][    T1] usbserial: USB Serial support registered for Sony Clie 5.0
[   17.428463][    T1] usbserial: USB Serial support registered for Sony Clie 3.5
[   17.429511][    T1] usbcore: registered new interface driver wishbone_serial
[   17.430571][    T1] usbserial: USB Serial support registered for wishbone_serial
[   17.431641][    T1] usbcore: registered new interface driver whiteheat
[   17.432583][    T1] usbserial: USB Serial support registered for Connect Tech - WhiteHEAT - (prerenumeration)
[   17.433891][    T1] usbserial: USB Serial support registered for Connect Tech - WhiteHEAT
[   17.435060][    T1] usbcore: registered new interface driver xr_serial
[   17.436008][    T1] usbserial: USB Serial support registered for xr_serial
[   17.437201][    T1] usbcore: registered new interface driver xsens_mt
[   17.438346][    T1] usbserial: USB Serial support registered for xsens_mt
[   17.439397][    T1] usbcore: registered new interface driver adutux
[   17.440386][    T1] usbcore: registered new interface driver appledisplay
[   17.441575][    T1] usbcore: registered new interface driver cypress_cy7c63
[   17.442643][    T1] usbcore: registered new interface driver cytherm
[   17.443919][    T1] usbcore: registered new interface driver emi26 - firmware loader
[   17.445072][    T1] usbcore: registered new interface driver emi62 - firmware loader
[   17.446181][    T1] usbcore: registered new device driver apple-mfi-fastcharge
[   17.447275][    T1] usbcore: registered new interface driver ljca
[   17.448248][    T1] usbcore: registered new interface driver idmouse
[   17.449244][    T1] usbcore: registered new interface driver iowarrior
[   17.450280][    T1] usbcore: registered new interface driver isight_firmware
[   17.451391][    T1] usbcore: registered new interface driver usblcd
[   17.452386][    T1] usbcore: registered new interface driver ldusb
[   17.453368][    T1] usbcore: registered new interface driver legousbtower
[   17.454412][    T1] usbcore: registered new interface driver usbtest
[   17.455411][    T1] usbcore: registered new interface driver usb_ehset_test
[   17.456825][    T1] usbcore: registered new interface driver trancevibrator
[   17.457900][    T1] usbcore: registered new interface driver uss720
[   17.458640][    T1] uss720: USB Parport Cable driver for Cables using the Lucent Technologies USS720 Chip
[   17.459729][    T1] uss720: NOTE: this is a special purpose driver to allow nonstandard
[   17.460710][    T1] uss720: protocols (eg. bitbang) over USS720 usb to parallel cables
[   17.461624][    T1] uss720: If you just want to connect to a printer, use usblp instead
[   17.462825][    T1] usbcore: registered new interface driver usbsevseg
[   17.463852][    T1] usbcore: registered new interface driver yurex
[   17.465900][    T1] usbcore: registered new interface driver chaoskey
[   17.466916][    T1] usbcore: registered new interface driver sisusb
[   17.467908][    T1] usbcore: registered new interface driver lvs
[   17.468866][    T1] usbcore: registered new interface driver cxacru
[   17.469862][    T1] usbcore: registered new interface driver speedtch
[   17.472766][    T1] usbcore: registered new interface driver ueagle-atm
[   17.473554][    T1] xusbatm: malformed module parameters
[   17.480029][    T1] dummy_hcd dummy_hcd.0: USB Host+Gadget Emulator, driver 02 May 2005
[   17.481076][    T1] dummy_hcd dummy_hcd.0: Dummy host controller
[   17.484112][    T1] dummy_hcd dummy_hcd.0: new USB bus registered, assigned bus number 1
[   17.487215][    T1] usb usb1: New USB device found, idVendor=1d6b, idProduct=0002, bcdDevice= 6.15
[   17.488311][    T1] usb usb1: New USB device strings: Mfr=3, Product=2, SerialNumber=1
[   17.489242][    T1] usb usb1: Product: Dummy host controller
[   17.489913][    T1] usb usb1: Manufacturer: Linux 6.15.0-rc4-00040-g8bac8898fe39-dirty dummy_hcd
[   17.491526][    T1] usb usb1: SerialNumber: dummy_hcd.0
[   17.498555][    T1] hub 1-0:1.0: USB hub found
[   17.499589][    T1] hub 1-0:1.0: 1 port detected
[   17.513738][    T1] SPI driver max3420-udc has no spi_device_id for maxim,max3421-udc
[   17.515289][    T1] gadgetfs: USB Gadget filesystem, version 24 Aug 2004
[   17.518574][    T1] vhci_hcd vhci_hcd.0: USB/IP Virtual Host Controller
[   17.522454][    T1] vhci_hcd vhci_hcd.0: new USB bus registered, assigned bus number 2
[   17.524462][    T1] vhci_hcd: created sysfs vhci_hcd.0
[   17.526830][    T1] usb usb2: New USB device found, idVendor=1d6b, idProduct=0002, bcdDevice= 6.15
[   17.527883][    T1] usb usb2: New USB device strings: Mfr=3, Product=2, SerialNumber=1
[   17.528829][    T1] usb usb2: Product: USB/IP Virtual Host Controller
[   17.529588][    T1] usb usb2: Manufacturer: Linux 6.15.0-rc4-00040-g8bac8898fe39-dirty vhci_hcd
[   17.532675][    T1] usb usb2: SerialNumber: vhci_hcd.0
[   17.538100][    T1] hub 2-0:1.0: USB hub found
[   17.539044][    T1] hub 2-0:1.0: 8 ports detected
[   17.556844][    T1] vhci_hcd vhci_hcd.0: USB/IP Virtual Host Controller
[   17.558923][    T1] vhci_hcd vhci_hcd.0: new USB bus registered, assigned bus number 3
[   17.560469][    T1] usb usb3: We don't know the algorithms for LPM for this host, disabling LPM.
[   17.562971][    T1] usb usb3: New USB device found, idVendor=1d6b, idProduct=0003, bcdDevice= 6.15
[   17.564026][    T1] usb usb3: New USB device strings: Mfr=3, Product=2, SerialNumber=1
[   17.564956][    T1] usb usb3: Product: USB/IP Virtual Host Controller
[   17.565714][    T1] usb usb3: Manufacturer: Linux 6.15.0-rc4-00040-g8bac8898fe39-dirty vhci_hcd
[   17.566734][    T1] usb usb3: SerialNumber: vhci_hcd.0
[   17.572131][    T1] hub 3-0:1.0: USB hub found
[   17.573031][    T1] hub 3-0:1.0: 8 ports detected
[   17.589850][    T1] vhci_hcd vhci_hcd.1: USB/IP Virtual Host Controller
[   17.594757][    T1] vhci_hcd vhci_hcd.1: new USB bus registered, assigned bus number 4
[   17.597268][    T1] usb usb4: New USB device found, idVendor=1d6b, idProduct=0002, bcdDevice= 6.15
[   17.598330][    T1] usb usb4: New USB device strings: Mfr=3, Product=2, SerialNumber=1
[   17.599257][    T1] usb usb4: Product: USB/IP Virtual Host Controller
[   17.600016][    T1] usb usb4: Manufacturer: Linux 6.15.0-rc4-00040-g8bac8898fe39-dirty vhci_hcd
[   17.601326][    T1] usb usb4: SerialNumber: vhci_hcd.1
[   17.606957][    T1] hub 4-0:1.0: USB hub found
[   17.607840][    T1] hub 4-0:1.0: 8 ports detected
[   17.623429][    T1] vhci_hcd vhci_hcd.1: USB/IP Virtual Host Controller
[   17.625540][    T1] vhci_hcd vhci_hcd.1: new USB bus registered, assigned bus number 5
[   17.627091][    T1] usb usb5: We don't know the algorithms for LPM for this host, disabling LPM.
[   17.629447][    T1] usb usb5: New USB device found, idVendor=1d6b, idProduct=0003, bcdDevice= 6.15
[   17.630547][    T1] usb usb5: New USB device strings: Mfr=3, Product=2, SerialNumber=1
[   17.631477][    T1] usb usb5: Product: USB/IP Virtual Host Controller
[   17.632237][    T1] usb usb5: Manufacturer: Linux 6.15.0-rc4-00040-g8bac8898fe39-dirty vhci_hcd
[   17.633248][    T1] usb usb5: SerialNumber: vhci_hcd.1
[   17.638787][    T1] hub 5-0:1.0: USB hub found
[   17.639663][    T1] hub 5-0:1.0: 8 ports detected
[   17.658633][    T1] vhci_hcd vhci_hcd.2: USB/IP Virtual Host Controller
[   17.662605][    T1] vhci_hcd vhci_hcd.2: new USB bus registered, assigned bus number 6
[   17.665091][    T1] usb usb6: New USB device found, idVendor=1d6b, idProduct=0002, bcdDevice= 6.15
[   17.666150][    T1] usb usb6: New USB device strings: Mfr=3, Product=2, SerialNumber=1
[   17.667071][    T1] usb usb6: Product: USB/IP Virtual Host Controller
[   17.667825][    T1] usb usb6: Manufacturer: Linux 6.15.0-rc4-00040-g8bac8898fe39-dirty vhci_hcd
[   17.668829][    T1] usb usb6: SerialNumber: vhci_hcd.2
[   17.674415][    T1] hub 6-0:1.0: USB hub found
[   17.675287][    T1] hub 6-0:1.0: 8 ports detected
[   17.689878][    T1] vhci_hcd vhci_hcd.2: USB/IP Virtual Host Controller
[   17.692881][    T1] vhci_hcd vhci_hcd.2: new USB bus registered, assigned bus number 7
[   17.694403][    T1] usb usb7: We don't know the algorithms for LPM for this host, disabling LPM.
[   17.696754][    T1] usb usb7: New USB device found, idVendor=1d6b, idProduct=0003, bcdDevice= 6.15
[   17.697808][    T1] usb usb7: New USB device strings: Mfr=3, Product=2, SerialNumber=1
[   17.698748][    T1] usb usb7: Product: USB/IP Virtual Host Controller
[   17.699511][    T1] usb usb7: Manufacturer: Linux 6.15.0-rc4-00040-g8bac8898fe39-dirty vhci_hcd
[   17.700553][    T1] usb usb7: SerialNumber: vhci_hcd.2
[   17.706295][    T1] hub 7-0:1.0: USB hub found
[   17.707184][    T1] hub 7-0:1.0: 8 ports detected
[   17.726081][    T1] vhci_hcd vhci_hcd.3: USB/IP Virtual Host Controller
[   17.730111][    T1] vhci_hcd vhci_hcd.3: new USB bus registered, assigned bus number 8
[   17.737075][    T1] usb usb8: New USB device found, idVendor=1d6b, idProduct=0002, bcdDevice= 6.15
[   17.739275][    T1] usb usb8: New USB device strings: Mfr=3, Product=2, SerialNumber=1
[   17.743065][    T1] usb usb8: Product: USB/IP Virtual Host Controller
[   17.744667][    T1] usb usb8: Manufacturer: Linux 6.15.0-rc4-00040-g8bac8898fe39-dirty vhci_hcd
[   17.746731][    T1] usb usb8: SerialNumber: vhci_hcd.3
[   17.756731][    T1] hub 8-0:1.0: USB hub found
[   17.758537][    T1] hub 8-0:1.0: 8 ports detected
[   17.782589][    T1] vhci_hcd vhci_hcd.3: USB/IP Virtual Host Controller
[   17.785517][    T1] vhci_hcd vhci_hcd.3: new USB bus registered, assigned bus number 9
[   17.787053][    T1] usb usb9: We don't know the algorithms for LPM for this host, disabling LPM.
[   17.789395][    T1] usb usb9: New USB device found, idVendor=1d6b, idProduct=0003, bcdDevice= 6.15
[   17.790539][    T1] usb usb9: New USB device strings: Mfr=3, Product=2, SerialNumber=1
[   17.791461][    T1] usb usb9: Product: USB/IP Virtual Host Controller
[   17.792215][    T1] usb usb9: Manufacturer: Linux 6.15.0-rc4-00040-g8bac8898fe39-dirty vhci_hcd
[   17.793223][    T1] usb usb9: SerialNumber: vhci_hcd.3
[   17.798513][    T1] hub 9-0:1.0: USB hub found
[   17.799397][    T1] hub 9-0:1.0: 8 ports detected
[   17.818612][    T1] vhci_hcd vhci_hcd.4: USB/IP Virtual Host Controller
[   17.822349][    T1] vhci_hcd vhci_hcd.4: new USB bus registered, assigned bus number 10
[   17.824817][    T1] usb usb10: New USB device found, idVendor=1d6b, idProduct=0002, bcdDevice= 6.15
[   17.825877][    T1] usb usb10: New USB device strings: Mfr=3, Product=2, SerialNumber=1
[   17.826844][    T1] usb usb10: Product: USB/IP Virtual Host Controller
[   17.827606][    T1] usb usb10: Manufacturer: Linux 6.15.0-rc4-00040-g8bac8898fe39-dirty vhci_hcd
[   17.828618][    T1] usb usb10: SerialNumber: vhci_hcd.4
[   17.834185][    T1] hub 10-0:1.0: USB hub found
[   17.835069][    T1] hub 10-0:1.0: 8 ports detected
[   17.850267][    T1] vhci_hcd vhci_hcd.4: USB/IP Virtual Host Controller
[   17.852456][    T1] vhci_hcd vhci_hcd.4: new USB bus registered, assigned bus number 11
[   17.853985][    T1] usb usb11: We don't know the algorithms for LPM for this host, disabling LPM.
[   17.856318][    T1] usb usb11: New USB device found, idVendor=1d6b, idProduct=0003, bcdDevice= 6.15
[   17.857380][    T1] usb usb11: New USB device strings: Mfr=3, Product=2, SerialNumber=1
[   17.858314][    T1] usb usb11: Product: USB/IP Virtual Host Controller
[   17.859075][    T1] usb usb11: Manufacturer: Linux 6.15.0-rc4-00040-g8bac8898fe39-dirty vhci_hcd
[   17.860091][    T1] usb usb11: SerialNumber: vhci_hcd.4
[   17.865717][    T1] hub 11-0:1.0: USB hub found
[   17.866668][    T1] hub 11-0:1.0: 8 ports detected
[   17.883353][    T1] vhci_hcd vhci_hcd.5: USB/IP Virtual Host Controller
[   17.887578][    T1] vhci_hcd vhci_hcd.5: new USB bus registered, assigned bus number 12
[   17.896087][    T1] usb usb12: New USB device found, idVendor=1d6b, idProduct=0002, bcdDevice= 6.15
[   17.898322][    T1] usb usb12: New USB device strings: Mfr=3, Product=2, SerialNumber=1
[   17.900218][    T1] usb usb12: Product: USB/IP Virtual Host Controller
[   17.901873][    T1] usb usb12: Manufacturer: Linux 6.15.0-rc4-00040-g8bac8898fe39-dirty vhci_hcd
[   17.903961][    T1] usb usb12: SerialNumber: vhci_hcd.5
[   17.914156][    T1] hub 12-0:1.0: USB hub found
[   17.915958][    T1] hub 12-0:1.0: 8 ports detected
[   17.941546][    T1] vhci_hcd vhci_hcd.5: USB/IP Virtual Host Controller
[   17.944004][    T1] vhci_hcd vhci_hcd.5: new USB bus registered, assigned bus number 13
[   17.945561][    T1] usb usb13: We don't know the algorithms for LPM for this host, disabling LPM.
[   17.947912][    T1] usb usb13: New USB device found, idVendor=1d6b, idProduct=0003, bcdDevice= 6.15
[   17.948967][    T1] usb usb13: New USB device strings: Mfr=3, Product=2, SerialNumber=1
[   17.949897][    T1] usb usb13: Product: USB/IP Virtual Host Controller
[   17.951666][    T1] usb usb13: Manufacturer: Linux 6.15.0-rc4-00040-g8bac8898fe39-dirty vhci_hcd
[   17.952687][    T1] usb usb13: SerialNumber: vhci_hcd.5
[   17.957874][    T1] hub 13-0:1.0: USB hub found
[   17.958766][    T1] hub 13-0:1.0: 8 ports detected
[   17.977977][    T1] vhci_hcd vhci_hcd.6: USB/IP Virtual Host Controller
[   17.980198][    T1] vhci_hcd vhci_hcd.6: new USB bus registered, assigned bus number 14
[   17.982823][    T1] usb usb14: New USB device found, idVendor=1d6b, idProduct=0002, bcdDevice= 6.15
[   17.983879][    T1] usb usb14: New USB device strings: Mfr=3, Product=2, SerialNumber=1
[   17.984808][    T1] usb usb14: Product: USB/IP Virtual Host Controller
[   17.985582][    T1] usb usb14: Manufacturer: Linux 6.15.0-rc4-00040-g8bac8898fe39-dirty vhci_hcd
[   17.986604][    T1] usb usb14: SerialNumber: vhci_hcd.6
[   17.992211][    T1] hub 14-0:1.0: USB hub found
[   17.993113][    T1] hub 14-0:1.0: 8 ports detected
[   18.008369][    T1] vhci_hcd vhci_hcd.6: USB/IP Virtual Host Controller
[   18.010555][    T1] vhci_hcd vhci_hcd.6: new USB bus registered, assigned bus number 15
[   18.012103][    T1] usb usb15: We don't know the algorithms for LPM for this host, disabling LPM.
[   18.014456][    T1] usb usb15: New USB device found, idVendor=1d6b, idProduct=0003, bcdDevice= 6.15
[   18.015518][    T1] usb usb15: New USB device strings: Mfr=3, Product=2, SerialNumber=1
[   18.016453][    T1] usb usb15: Product: USB/IP Virtual Host Controller
[   18.017222][    T1] usb usb15: Manufacturer: Linux 6.15.0-rc4-00040-g8bac8898fe39-dirty vhci_hcd
[   18.018251][    T1] usb usb15: SerialNumber: vhci_hcd.6
[   18.025020][    T1] hub 15-0:1.0: USB hub found
[   18.025918][    T1] hub 15-0:1.0: 8 ports detected
[   18.044947][    T1] vhci_hcd vhci_hcd.7: USB/IP Virtual Host Controller
[   18.047447][    T1] vhci_hcd vhci_hcd.7: new USB bus registered, assigned bus number 16
[   18.049933][    T1] usb usb16: New USB device found, idVendor=1d6b, idProduct=0002, bcdDevice= 6.15
[   18.051044][    T1] usb usb16: New USB device strings: Mfr=3, Product=2, SerialNumber=1
[   18.051979][    T1] usb usb16: Product: USB/IP Virtual Host Controller
[   18.052755][    T1] usb usb16: Manufacturer: Linux 6.15.0-rc4-00040-g8bac8898fe39-dirty vhci_hcd
[   18.053773][    T1] usb usb16: SerialNumber: vhci_hcd.7
[   18.059895][    T1] hub 16-0:1.0: USB hub found
[   18.060814][    T1] hub 16-0:1.0: 8 ports detected
[   18.076223][    T1] vhci_hcd vhci_hcd.7: USB/IP Virtual Host Controller
[   18.078440][    T1] vhci_hcd vhci_hcd.7: new USB bus registered, assigned bus number 17
[   18.079981][    T1] usb usb17: We don't know the algorithms for LPM for this host, disabling LPM.
[   18.082473][    T1] usb usb17: New USB device found, idVendor=1d6b, idProduct=0003, bcdDevice= 6.15
[   18.083541][    T1] usb usb17: New USB device strings: Mfr=3, Product=2, SerialNumber=1
[   18.084476][    T1] usb usb17: Product: USB/IP Virtual Host Controller
[   18.085247][    T1] usb usb17: Manufacturer: Linux 6.15.0-rc4-00040-g8bac8898fe39-dirty vhci_hcd
[   18.086272][    T1] usb usb17: SerialNumber: vhci_hcd.7
[   18.091895][    T1] hub 17-0:1.0: USB hub found
[   18.092782][    T1] hub 17-0:1.0: 8 ports detected
[   18.111567][    T1] vhci_hcd vhci_hcd.8: USB/IP Virtual Host Controller
[   18.113854][    T1] vhci_hcd vhci_hcd.8: new USB bus registered, assigned bus number 18
[   18.116363][    T1] usb usb18: New USB device found, idVendor=1d6b, idProduct=0002, bcdDevice= 6.15
[   18.117420][    T1] usb usb18: New USB device strings: Mfr=3, Product=2, SerialNumber=1
[   18.118357][    T1] usb usb18: Product: USB/IP Virtual Host Controller
[   18.119121][    T1] usb usb18: Manufacturer: Linux 6.15.0-rc4-00040-g8bac8898fe39-dirty vhci_hcd
[   18.120140][    T1] usb usb18: SerialNumber: vhci_hcd.8
[   18.125726][    T1] hub 18-0:1.0: USB hub found
[   18.126627][    T1] hub 18-0:1.0: 8 ports detected
[   18.141013][    T1] vhci_hcd vhci_hcd.8: USB/IP Virtual Host Controller
[   18.143966][    T1] vhci_hcd vhci_hcd.8: new USB bus registered, assigned bus number 19
[   18.145522][    T1] usb usb19: We don't know the algorithms for LPM for this host, disabling LPM.
[   18.147890][    T1] usb usb19: New USB device found, idVendor=1d6b, idProduct=0003, bcdDevice= 6.15
[   18.148950][    T1] usb usb19: New USB device strings: Mfr=3, Product=2, SerialNumber=1
[   18.149885][    T1] usb usb19: Product: USB/IP Virtual Host Controller
[   18.150708][    T1] usb usb19: Manufacturer: Linux 6.15.0-rc4-00040-g8bac8898fe39-dirty vhci_hcd
[   18.151730][    T1] usb usb19: SerialNumber: vhci_hcd.8
[   18.157432][    T1] hub 19-0:1.0: USB hub found
[   18.158335][    T1] hub 19-0:1.0: 8 ports detected
[   18.180379][    T1] vhci_hcd vhci_hcd.9: USB/IP Virtual Host Controller
[   18.186148][    T1] vhci_hcd vhci_hcd.9: new USB bus registered, assigned bus number 20
[   18.190966][    T1] usb usb20: New USB device found, idVendor=1d6b, idProduct=0002, bcdDevice= 6.15
[   18.192936][    T1] usb usb20: New USB device strings: Mfr=3, Product=2, SerialNumber=1
[   18.194683][    T1] usb usb20: Product: USB/IP Virtual Host Controller
[   18.196106][    T1] usb usb20: Manufacturer: Linux 6.15.0-rc4-00040-g8bac8898fe39-dirty vhci_hcd
[   18.197998][    T1] usb usb20: SerialNumber: vhci_hcd.9
[   18.209430][    T1] hub 20-0:1.0: USB hub found
[   18.211195][    T1] hub 20-0:1.0: 8 ports detected
[   18.232462][    T1] vhci_hcd vhci_hcd.9: USB/IP Virtual Host Controller
[   18.234429][    T1] vhci_hcd vhci_hcd.9: new USB bus registered, assigned bus number 21
[   18.235935][    T1] usb usb21: We don't know the algorithms for LPM for this host, disabling LPM.
[   18.238253][    T1] usb usb21: New USB device found, idVendor=1d6b, idProduct=0003, bcdDevice= 6.15
[   18.239289][    T1] usb usb21: New USB device strings: Mfr=3, Product=2, SerialNumber=1
[   18.240196][    T1] usb usb21: Product: USB/IP Virtual Host Controller
[   18.241191][    T1] usb usb21: Manufacturer: Linux 6.15.0-rc4-00040-g8bac8898fe39-dirty vhci_hcd
[   18.242192][    T1] usb usb21: SerialNumber: vhci_hcd.9
[   18.247441][    T1] hub 21-0:1.0: USB hub found
[   18.248318][    T1] hub 21-0:1.0: 8 ports detected
[   18.265082][    T1] vhci_hcd vhci_hcd.10: USB/IP Virtual Host Controller
[   18.269255][    T1] vhci_hcd vhci_hcd.10: new USB bus registered, assigned bus number 22
[   18.271786][    T1] usb usb22: New USB device found, idVendor=1d6b, idProduct=0002, bcdDevice= 6.15
[   18.272818][    T1] usb usb22: New USB device strings: Mfr=3, Product=2, SerialNumber=1
[   18.273730][    T1] usb usb22: Product: USB/IP Virtual Host Controller
[   18.274485][    T1] usb usb22: Manufacturer: Linux 6.15.0-rc4-00040-g8bac8898fe39-dirty vhci_hcd
[   18.275477][    T1] usb usb22: SerialNumber: vhci_hcd.10
[   18.281531][    T1] hub 22-0:1.0: USB hub found
[   18.282423][    T1] hub 22-0:1.0: 8 ports detected
[   18.299010][    T1] vhci_hcd vhci_hcd.10: USB/IP Virtual Host Controller
[   18.305658][    T1] vhci_hcd vhci_hcd.10: new USB bus registered, assigned bus number 23
[   18.308655][    T1] usb usb23: We don't know the algorithms for LPM for this host, disabling LPM.
[   18.313351][    T1] usb usb23: New USB device found, idVendor=1d6b, idProduct=0003, bcdDevice= 6.15
[   18.315440][    T1] usb usb23: New USB device strings: Mfr=3, Product=2, SerialNumber=1
[   18.317272][    T1] usb usb23: Product: USB/IP Virtual Host Controller
[   18.318777][    T1] usb usb23: Manufacturer: Linux 6.15.0-rc4-00040-g8bac8898fe39-dirty vhci_hcd
[   18.322326][    T1] usb usb23: SerialNumber: vhci_hcd.10
[   18.331777][    T1] hub 23-0:1.0: USB hub found
[   18.333345][    T1] hub 23-0:1.0: 8 ports detected
[   18.357255][    T1] vhci_hcd vhci_hcd.11: USB/IP Virtual Host Controller
[   18.359327][    T1] vhci_hcd vhci_hcd.11: new USB bus registered, assigned bus number 24
[   18.362271][    T1] usb usb24: New USB device found, idVendor=1d6b, idProduct=0002, bcdDevice= 6.15
[   18.363328][    T1] usb usb24: New USB device strings: Mfr=3, Product=2, SerialNumber=1
[   18.364258][    T1] usb usb24: Product: USB/IP Virtual Host Controller
[   18.365021][    T1] usb usb24: Manufacturer: Linux 6.15.0-rc4-00040-g8bac8898fe39-dirty vhci_hcd
[   18.366055][    T1] usb usb24: SerialNumber: vhci_hcd.11
[   18.372520][    T1] hub 24-0:1.0: USB hub found
[   18.373416][    T1] hub 24-0:1.0: 8 ports detected
[   18.388696][    T1] vhci_hcd vhci_hcd.11: USB/IP Virtual Host Controller
[   18.391217][    T1] vhci_hcd vhci_hcd.11: new USB bus registered, assigned bus number 25
[   18.392758][    T1] usb usb25: We don't know the algorithms for LPM for this host, disabling LPM.
[   18.395141][    T1] usb usb25: New USB device found, idVendor=1d6b, idProduct=0003, bcdDevice= 6.15
[   18.396198][    T1] usb usb25: New USB device strings: Mfr=3, Product=2, SerialNumber=1
[   18.397129][    T1] usb usb25: Product: USB/IP Virtual Host Controller
[   18.397892][    T1] usb usb25: Manufacturer: Linux 6.15.0-rc4-00040-g8bac8898fe39-dirty vhci_hcd
[   18.398913][    T1] usb usb25: SerialNumber: vhci_hcd.11
[   18.404248][    T1] hub 25-0:1.0: USB hub found
[   18.405145][    T1] hub 25-0:1.0: 8 ports detected
[   18.425018][    T1] vhci_hcd vhci_hcd.12: USB/IP Virtual Host Controller
[   18.427232][    T1] vhci_hcd vhci_hcd.12: new USB bus registered, assigned bus number 26
[   18.430093][    T1] usb usb26: New USB device found, idVendor=1d6b, idProduct=0002, bcdDevice= 6.15
[   18.431193][    T1] usb usb26: New USB device strings: Mfr=3, Product=2, SerialNumber=1
[   18.432128][    T1] usb usb26: Product: USB/IP Virtual Host Controller
[   18.432894][    T1] usb usb26: Manufacturer: Linux 6.15.0-rc4-00040-g8bac8898fe39-dirty vhci_hcd
[   18.433909][    T1] usb usb26: SerialNumber: vhci_hcd.12
[   18.439454][    T1] hub 26-0:1.0: USB hub found
[   18.440345][    T1] hub 26-0:1.0: 8 ports detected
[   18.457489][    T1] vhci_hcd vhci_hcd.12: USB/IP Virtual Host Controller
[   18.465035][    T1] vhci_hcd vhci_hcd.12: new USB bus registered, assigned bus number 27
[   18.467982][    T1] usb usb27: We don't know the algorithms for LPM for this host, disabling LPM.
[   18.472622][    T1] usb usb27: New USB device found, idVendor=1d6b, idProduct=0003, bcdDevice= 6.15
[   18.474626][    T1] usb usb27: New USB device strings: Mfr=3, Product=2, SerialNumber=1
[   18.476378][    T1] usb usb27: Product: USB/IP Virtual Host Controller
[   18.477830][    T1] usb usb27: Manufacturer: Linux 6.15.0-rc4-00040-g8bac8898fe39-dirty vhci_hcd
[   18.479753][    T1] usb usb27: SerialNumber: vhci_hcd.12
[   18.490554][    T1] hub 27-0:1.0: USB hub found
[   18.492083][    T1] hub 27-0:1.0: 8 ports detected
[   18.518529][    T1] vhci_hcd vhci_hcd.13: USB/IP Virtual Host Controller
[   18.523290][    T1] vhci_hcd vhci_hcd.13: new USB bus registered, assigned bus number 28
[   18.527717][    T1] usb usb28: New USB device found, idVendor=1d6b, idProduct=0002, bcdDevice= 6.15
[   18.529612][    T1] usb usb28: New USB device strings: Mfr=3, Product=2, SerialNumber=1
[   18.531264][    T1] usb usb28: Product: USB/IP Virtual Host Controller
[   18.532027][    T1] usb usb28: Manufacturer: Linux 6.15.0-rc4-00040-g8bac8898fe39-dirty vhci_hcd
[   18.533041][    T1] usb usb28: SerialNumber: vhci_hcd.13
[   18.538217][    T1] hub 28-0:1.0: USB hub found
[   18.539100][    T1] hub 28-0:1.0: 8 ports detected
[   18.555879][    T1] vhci_hcd vhci_hcd.13: USB/IP Virtual Host Controller
[   18.559353][    T1] vhci_hcd vhci_hcd.13: new USB bus registered, assigned bus number 29
[   18.563136][    T1] usb usb29: We don't know the algorithms for LPM for this host, disabling LPM.
[   18.567249][    T1] usb usb29: New USB device found, idVendor=1d6b, idProduct=0003, bcdDevice= 6.15
[   18.569110][    T1] usb usb29: New USB device strings: Mfr=3, Product=2, SerialNumber=1
[   18.570861][    T1] usb usb29: Product: USB/IP Virtual Host Controller
[   18.571749][    T1] usb usb29: Manufacturer: Linux 6.15.0-rc4-00040-g8bac8898fe39-dirty vhci_hcd
[   18.572754][    T1] usb usb29: SerialNumber: vhci_hcd.13
[   18.578490][    T1] hub 29-0:1.0: USB hub found
[   18.579386][    T1] hub 29-0:1.0: 8 ports detected
[   18.600561][    T1] vhci_hcd vhci_hcd.14: USB/IP Virtual Host Controller
[   18.604055][    T1] vhci_hcd vhci_hcd.14: new USB bus registered, assigned bus number 30
[   18.608835][    T1] usb usb30: New USB device found, idVendor=1d6b, idProduct=0002, bcdDevice= 6.15
[   18.611940][    T1] usb usb30: New USB device strings: Mfr=3, Product=2, SerialNumber=1
[   18.613598][    T1] usb usb30: Product: USB/IP Virtual Host Controller
[   18.614959][    T1] usb usb30: Manufacturer: Linux 6.15.0-rc4-00040-g8bac8898fe39-dirty vhci_hcd
[   18.616089][    T1] usb usb30: SerialNumber: vhci_hcd.14
[   18.621565][    T1] hub 30-0:1.0: USB hub found
[   18.622462][    T1] hub 30-0:1.0: 8 ports detected
[   18.638352][    T1] vhci_hcd vhci_hcd.14: USB/IP Virtual Host Controller
[   18.640565][    T1] vhci_hcd vhci_hcd.14: new USB bus registered, assigned bus number 31
[   18.642112][    T1] usb usb31: We don't know the algorithms for LPM for this host, disabling LPM.
[   18.644435][    T1] usb usb31: New USB device found, idVendor=1d6b, idProduct=0003, bcdDevice= 6.15
[   18.645487][    T1] usb usb31: New USB device strings: Mfr=3, Product=2, SerialNumber=1
[   18.646447][    T1] usb usb31: Product: USB/IP Virtual Host Controller
[   18.647213][    T1] usb usb31: Manufacturer: Linux 6.15.0-rc4-00040-g8bac8898fe39-dirty vhci_hcd
[   18.648227][    T1] usb usb31: SerialNumber: vhci_hcd.14
[   18.654214][    T1] hub 31-0:1.0: USB hub found
[   18.655106][    T1] hub 31-0:1.0: 8 ports detected
[   18.674853][    T1] vhci_hcd vhci_hcd.15: USB/IP Virtual Host Controller
[   18.677192][    T1] vhci_hcd vhci_hcd.15: new USB bus registered, assigned bus number 32
[   18.679720][    T1] usb usb32: New USB device found, idVendor=1d6b, idProduct=0002, bcdDevice= 6.15
[   18.680820][    T1] usb usb32: New USB device strings: Mfr=3, Product=2, SerialNumber=1
[   18.681760][    T1] usb usb32: Product: USB/IP Virtual Host Controller
[   18.682544][    T1] usb usb32: Manufacturer: Linux 6.15.0-rc4-00040-g8bac8898fe39-dirty vhci_hcd
[   18.683564][    T1] usb usb32: SerialNumber: vhci_hcd.15
[   18.688919][    T1] hub 32-0:1.0: USB hub found
[   18.689833][    T1] hub 32-0:1.0: 8 ports detected
[   18.705693][    T1] vhci_hcd vhci_hcd.15: USB/IP Virtual Host Controller
[   18.708486][    T1] vhci_hcd vhci_hcd.15: new USB bus registered, assigned bus number 33
[   18.710040][    T1] usb usb33: We don't know the algorithms for LPM for this host, disabling LPM.
[   18.712464][    T1] usb usb33: New USB device found, idVendor=1d6b, idProduct=0003, bcdDevice= 6.15
[   18.713525][    T1] usb usb33: New USB device strings: Mfr=3, Product=2, SerialNumber=1
[   18.714482][    T1] usb usb33: Product: USB/IP Virtual Host Controller
[   18.715251][    T1] usb usb33: Manufacturer: Linux 6.15.0-rc4-00040-g8bac8898fe39-dirty vhci_hcd
[   18.716268][    T1] usb usb33: SerialNumber: vhci_hcd.15
[   18.721923][    T1] hub 33-0:1.0: USB hub found
[   18.722841][    T1] hub 33-0:1.0: 8 ports detected
[   18.744112][    T1] usbcore: registered new device driver usbip-host
[   18.770419][    T1] i8042: PNP: PS/2 Controller [PNP0303:KBD,PNP0f13:MOU] at 0x60,0x64 irq 1,12
[   18.774339][    T1] serio: i8042 KBD port at 0x60,0x64 irq 1
[   18.775182][    T1] serio: i8042 AUX port at 0x60,0x64 irq 12
[   18.779643][    T1] mousedev: PS/2 mouse device common for all mice
[   18.789595][    T1] usbcore: registered new interface driver appletouch
[   18.792678][  T779] input: AT Translated Set 2 keyboard as /devices/platform/i8042/serio0/input/input1
[   18.793658][    T1] usbcore: registered new interface driver bcm5974
[   18.796250][    T1] usbcore: registered new interface driver synaptics_usb
[   18.797947][    T1] usbcore: registered new interface driver iforce
[   18.799342][    T1] usbcore: registered new interface driver pxrc
[   18.803696][    T1] usbcore: registered new interface driver xpad
[   18.804796][    T1] usbcore: registered new interface driver usb_acecad
[   18.805937][    T1] usbcore: registered new interface driver aiptek
[   18.807037][    T1] usbcore: registered new interface driver hanwang
[   18.808147][    T1] usbcore: registered new interface driver kbtab
[   18.809207][    T1] usbcore: registered new interface driver pegasus_notetaker
[   18.811778][    T1] usbcore: registered new interface driver usbtouchscreen
[   18.812950][    T1] usbcore: registered new interface driver sur40
[   18.814218][    T1] usbcore: registered new interface driver ati_remote2
[   18.815322][    T1] cm109: Keymap for Komunikate KIP1000 phone loaded
[   18.816715][    T1] usbcore: registered new interface driver cm109
[   18.818355][    T1] cm109: CM109 phone driver: 20080805 (C) Alfred E. Heggestad
[   18.819549][    T1] usbcore: registered new interface driver ims_pcu
[   18.821200][    T1] usbcore: registered new interface driver keyspan_remote
[   18.822401][    T1] usbcore: registered new interface driver powermate
[   18.824193][    T1] usbcore: registered new interface driver yealink
[   18.828361][    T1] rtc_cmos 00:05: RTC can wake from S4
[   18.839011][    T1] rtc_cmos 00:05: registered as rtc0
[   18.839711][    T1] rtc_cmos 00:05: alarms up to one day, y3k, 242 bytes nvram, hpet irqs
[   18.843240][    T1] i2c_dev: i2c /dev entries driver
[   18.845450][    T1] usbcore: registered new interface driver i2c-diolan-u2c
[   18.847343][    T1] usbcore: registered new interface driver i2c-cp2615
[   18.848454][    T1] usbcore: registered new interface driver RobotFuzz Open Source InterFace, OSIF
[   18.849869][    T1] usbcore: registered new interface driver i2c-tiny-usb
[   18.857454][    T1] usbcore: registered new interface driver igorplugusb
[   18.858595][    T1] usbcore: registered new interface driver iguanair
[   18.860170][    T1] usbcore: registered new interface driver imon
[   18.861273][    T1] usbcore: registered new interface driver imon_raw
[   18.862656][    T1] usbcore: registered new interface driver mceusb
[   18.863738][    T1] usbcore: registered new interface driver redrat3
[   18.864854][    T1] usbcore: registered new interface driver streamzap
[   18.865969][    T1] usbcore: registered new interface driver ir_toy
[   18.867054][    T1] usbcore: registered new interface driver ttusbir
[   18.868184][    T1] usbcore: registered new interface driver ati_remote
[   18.869299][    T1] usbcore: registered new interface driver xbox_remote
[   18.870897][    T1] b2c2-flexcop: B2C2 FlexcopII/II(b)/III digital TV receiver chip loaded successfully
[   18.872439][    T1] usbcore: registered new interface driver b2c2_flexcop_usb
[   18.873612][    T1] usbcore: registered new interface driver dvb_usb_vp7045
[   18.874775][    T1] usbcore: registered new interface driver dvb_usb_vp702x
[   18.875941][    T1] usbcore: registered new interface driver dvb_usb_gp8psk
[   18.877116][    T1] usbcore: registered new interface driver dvb_usb_dtt200u
[   18.878304][    T1] usbcore: registered new interface driver dvb_usb_a800
[   18.879535][    T1] usbcore: registered new interface driver dvb_usb_dibusb_mb
[   18.882465][    T1] usbcore: registered new interface driver dvb_usb_dibusb_mc
[   18.883660][    T1] usbcore: registered new interface driver dvb_usb_nova_t_usb2
[   18.885263][    T1] usbcore: registered new interface driver dvb_usb_umt_010
[   18.886465][    T1] usbcore: registered new interface driver dvb_usb_m920x
[   18.887607][    T1] usbcore: registered new interface driver dvb_usb_digitv
[   18.888831][    T1] usbcore: registered new interface driver dvb_usb_cxusb
[   18.890006][    T1] usbcore: registered new interface driver dvb_usb_ttusb2
[   18.891535][    T1] usbcore: registered new interface driver dvb_usb_dib0700
[   18.892700][    T1] usbcore: registered new interface driver opera1
[   18.893806][    T1] usbcore: registered new interface driver dvb_usb_af9005
[   18.894622][    T1] failing symbol_get of non-GPLONLY symbol af9005_rc_decode.
[   18.896133][    T1] failing symbol_get of non-GPLONLY symbol af9005_rc_decode.
[   18.896976][    T1] failing symbol_get of non-GPLONLY symbol rc_map_af9005_table.
[   18.898590][    T1] failing symbol_get of non-GPLONLY symbol rc_map_af9005_table.
[   18.899461][    T1] failing symbol_get of non-GPLONLY symbol rc_map_af9005_table_size.
[   18.906476][    T1] failing symbol_get of non-GPLONLY symbol rc_map_af9005_table_size.
[   18.907406][    T1] af9005: af9005_rc_decode function not found, disabling remote
[   18.908644][    T1] usbcore: registered new interface driver pctv452e
[   18.909839][    T1] usbcore: registered new interface driver dw2102
[   18.911193][    T1] usbcore: registered new interface driver dvb_usb_dtv5100
[   18.912373][    T1] usbcore: registered new interface driver cinergyT2
[   18.913517][    T1] usbcore: registered new interface driver dvb_usb_az6027
[   18.914682][    T1] usbcore: registered new interface driver dvb_usb_technisat_usb2
[   18.916000][    T1] usbcore: registered new interface driver dvb_usb_af9015
[   18.917227][    T1] usbcore: registered new interface driver dvb_usb_af9035
[   18.918343][    T1] usbcore: registered new interface driver dvb_usb_anysee
[   18.919449][    T1] usbcore: registered new interface driver dvb_usb_au6610
[   18.920703][    T1] usbcore: registered new interface driver dvb_usb_az6007
[   18.921835][    T1] usbcore: registered new interface driver dvb_usb_ce6230
[   18.922957][    T1] usbcore: registered new interface driver dvb_usb_ec168
[   18.924069][    T1] usbcore: registered new interface driver dvb_usb_lmedm04
[   18.925200][    T1] usbcore: registered new interface driver dvb_usb_gl861
[   18.926418][    T1] usbcore: registered new interface driver dvb_usb_mxl111sf
[   18.927655][    T1] usbcore: registered new interface driver dvb_usb_rtl28xxu
[   18.928861][    T1] usbcore: registered new interface driver dvb_usb_dvbsky
[   18.929962][    T1] usbcore: registered new interface driver zd1301
[   18.931428][    T1] usbcore: registered new interface driver s2255
[   18.932647][    T1] usbcore: registered new interface driver smsusb
[   18.933746][    T1] usbcore: registered new interface driver ttusb
[   18.934861][    T1] usbcore: registered new interface driver ttusb-dec
[   18.935986][    T1] usbcore: registered new interface driver Abilis Systems as10x usb driver
[   18.937301][    T1] usbcore: registered new interface driver airspy
[   18.938043][    T1] gspca_main: v2.14.0 registered
[   18.938956][    T1] usbcore: registered new interface driver benq
[   18.940027][    T1] usbcore: registered new interface driver conex
[   18.941129][    T1] usbcore: registered new interface driver cpia1
[   18.942196][    T1] usbcore: registered new interface driver dtcs033
[   18.943311][    T1] usbcore: registered new interface driver etoms
[   18.944460][    T1] usbcore: registered new interface driver finepix
[   18.945568][    T1] usbcore: registered new interface driver jeilinj
[   18.946666][    T1] usbcore: registered new interface driver jl2005bcd
[   18.947782][    T1] usbcore: registered new interface driver kinect
[   18.948865][    T1] usbcore: registered new interface driver konica
[   18.949943][    T1] usbcore: registered new interface driver mars
[   18.951213][    T1] usbcore: registered new interface driver mr97310a
[   18.952372][    T1] usbcore: registered new interface driver nw80x
[   18.953530][    T1] usbcore: registered new interface driver ov519
[   18.954609][    T1] usbcore: registered new interface driver ov534
[   18.955689][    T1] usbcore: registered new interface driver ov534_9
[   18.956824][    T1] usbcore: registered new interface driver pac207
[   18.957953][    T1] usbcore: registered new interface driver gspca_pac7302
[   18.959124][    T1] usbcore: registered new interface driver pac7311
[   18.960230][    T1] usbcore: registered new interface driver se401
[   18.961372][    T1] usbcore: registered new interface driver sn9c2028
[   18.963627][    T1] usbcore: registered new interface driver gspca_sn9c20x
[   18.964859][    T1] usbcore: registered new interface driver sonixb
[   18.966068][    T1] usbcore: registered new interface driver sonixj
[   18.967201][    T1] usbcore: registered new interface driver spca500
[   18.968310][    T1] usbcore: registered new interface driver spca501
[   18.969397][    T1] usbcore: registered new interface driver spca505
[   18.970612][    T1] usbcore: registered new interface driver spca506
[   18.971728][    T1] usbcore: registered new interface driver spca508
[   18.972869][    T1] usbcore: registered new interface driver spca561
[   18.973958][    T1] usbcore: registered new interface driver spca1528
[   18.975062][    T1] usbcore: registered new interface driver sq905
[   18.976154][    T1] usbcore: registered new interface driver sq905c
[   18.977266][    T1] usbcore: registered new interface driver sq930x
[   18.978573][    T1] usbcore: registered new interface driver sunplus
[   18.979666][    T1] usbcore: registered new interface driver stk014
[   18.980802][    T1] usbcore: registered new interface driver stk1135
[   18.981911][    T1] usbcore: registered new interface driver stv0680
[   18.983018][    T1] usbcore: registered new interface driver t613
[   18.984080][    T1] usbcore: registered new interface driver gspca_topro
[   18.985229][    T1] usbcore: registered new interface driver touptek
[   18.986342][    T1] usbcore: registered new interface driver tv8532
[   18.987461][    T1] usbcore: registered new interface driver vc032x
[   18.988540][    T1] usbcore: registered new interface driver vicam
[   18.989655][    T1] usbcore: registered new interface driver xirlink-cit
[   18.991018][    T1] usbcore: registered new interface driver gspca_zc3xx
[   18.992142][    T1] usbcore: registered new interface driver ALi m5602
[   18.993265][    T1] usbcore: registered new interface driver STV06xx
[   18.994737][    T1] usbcore: registered new interface driver gspca_gl860
[   18.995887][    T1] usbcore: registered new interface driver hackrf
[   18.996976][    T1] usbcore: registered new interface driver msi2500
[   18.998171][    T1] usbcore: registered new interface driver Philips webcam
[   18.999714][    T1] usbcore: registered new interface driver uvcvideo
[   19.000470][    T1] au0828: au0828 driver loaded
[   19.001486][    T1] usbcore: registered new interface driver au0828
[   19.002712][    T1] usbcore: registered new interface driver cx231xx
[   19.004212][    T1] usbcore: registered new interface driver em28xx
[   19.004977][    T1] em28xx: Registered (Em28xx v4l2 Extension) extension
[   19.005759][    T1] em28xx: Registered (Em28xx Audio Extension) extension
[   19.006555][    T1] em28xx: Registered (Em28xx dvb Extension) extension
[   19.007326][    T1] em28xx: Registered (Em28xx Input Extension) extension
[   19.008509][    T1] usbcore: registered new interface driver go7007
[   19.009601][    T1] usbcore: registered new interface driver go7007-loader
[   19.011003][    T1] usbcore: registered new interface driver hdpvr
[   19.013569][    T1] usbcore: registered new interface driver pvrusb2
[   19.014324][    T1] pvrusb2: V4L in-tree version:Hauppauge WinTV-PVR-USB2 MPEG2 Encoder/Tuner
[   19.015303][    T1] pvrusb2: Debug mask is 31 (0x1f)
[   19.016244][    T1] usbcore: registered new interface driver stk1160
[   19.017338][    T1] usbcore: registered new interface driver usbtv
[   19.022359][    T1] dvbdev: DVB: registering new adapter (dvb_vidtv_bridge)
[   19.027265][    T1] i2c i2c-0: DVB: registering adapter 0 frontend 0 (Dummy demod for DVB-T/T2/C/S/S2)...
[   19.028748][    T1] dvbdev: dvb_create_media_entity: media entity 'Dummy demod for DVB-T/T2/C/S/S2' registered.
[   19.040235][    T1] dvbdev: dvb_create_media_entity: media entity 'dvb-demux' registered.
[   19.050238][    T1] vidtv vidtv.0: Successfully initialized vidtv!
[   19.054596][    T1] vicodec vicodec.0: Device 'stateful-encoder' registered as /dev/video0
[   19.056566][    T1] vicodec vicodec.0: Device 'stateful-decoder' registered as /dev/video1
[   19.058534][    T1] vicodec vicodec.0: Device 'stateless-decoder' registered as /dev/video2
[   19.064305][    T1] vim2m vim2m.0: Device registered as /dev/video3
[   19.094676][    T1] vivid-000: using single planar format API
[   19.114834][    T1] vivid-000: CEC adapter cec0 registered for HDMI input
[   19.116900][    T1] vivid-000: V4L2 capture device registered as video7
[   19.118675][    T1] vivid-000: CEC adapter cec1 registered for HDMI output 0
[   19.120568][    T1] vivid-000: V4L2 output device registered as video8
[   19.122354][    T1] vivid-000: V4L2 capture device registered as vbi0, supports raw and sliced VBI
[   19.124420][    T1] vivid-000: V4L2 output device registered as vbi1, supports raw and sliced VBI
[   19.126465][    T1] vivid-000: V4L2 capture device registered as swradio0
[   19.128280][    T1] vivid-000: V4L2 receiver device registered as radio0
[   19.130047][    T1] vivid-000: V4L2 transmitter device registered as radio1
[   19.132132][    T1] vivid-000: V4L2 metadata capture device registered as video9
[   19.135446][    T1] vivid-000: V4L2 metadata output device registered as video10
[   19.137358][    T1] vivid-000: V4L2 touch capture device registered as v4l-touch0
[   19.150845][    T1] usbcore: registered new interface driver radioshark2
[   19.152040][    T1] usbcore: registered new interface driver radioshark
[   19.153166][    T1] usbcore: registered new interface driver radio-si470x
[   19.154527][    T1] usbcore: registered new interface driver radio-usb-si4713
[   19.155699][    T1] usbcore: registered new interface driver dsbr100
[   19.156802][    T1] usbcore: registered new interface driver radio-keene
[   19.157927][    T1] usbcore: registered new interface driver radio-ma901
[   19.159053][    T1] usbcore: registered new interface driver radio-mr800
[   19.160172][    T1] usbcore: registered new interface driver radio-raremono
[   19.163251][    T1] usbcore: registered new interface driver powerz
[   19.164347][    T1] usbcore: registered new interface driver pcwd_usb
[   19.167766][    T1] device-mapper: core: CONFIG_IMA_DISABLE_HTABLE is disabled. Duplicate IMA measurements will not be recorded in the IMA log.
[   19.169294][    T1] device-mapper: uevent: version 1.0.3
[   19.171327][    T1] device-mapper: ioctl: 4.49.0-ioctl (2025-01-17) initialised: dm-devel@lists.linux.dev
[   19.174024][    T1] device-mapper: multipath round-robin: version 1.2.0 loaded
[   19.174880][    T1] device-mapper: multipath queue-length: version 0.2.0 loaded
[   19.175740][    T1] device-mapper: multipath service-time: version 0.3.0 loaded
[   19.177827][    T1] Bluetooth: HCI UART driver ver 2.3
[   19.178475][    T1] Bluetooth: HCI UART protocol H4 registered
[   19.179159][    T1] Bluetooth: HCI UART protocol BCSP registered
[   19.180073][    T1] Bluetooth: HCI UART protocol LL registered
[   19.181195][    T1] Bluetooth: HCI UART protocol Three-wire (H5) registered
[   19.182212][    T1] Bluetooth: HCI UART protocol QCA registered
[   19.182918][    T1] Bluetooth: HCI UART protocol AG6XX registered
[   19.183870][    T1] Bluetooth: HCI UART protocol Marvell registered
[   19.184977][    T1] usbcore: registered new interface driver bcm203x
[   19.186073][    T1] usbcore: registered new interface driver bpa10x
[   19.187158][    T1] usbcore: registered new interface driver bfusb
[   19.188352][    T1] usbcore: registered new interface driver btusb
[   19.189641][    T1] usbcore: registered new interface driver ath3k
[   19.190977][    T1] Modular ISDN core version 1.1.29
[   19.193703][    T1] NET: Registered PF_ISDN protocol family
[   19.194378][    T1] DSP module 2.0
[   19.194812][    T1] mISDN_dsp: DSP clocks every 80 samples. This equals 1 jiffies.
[   19.226460][    T1] mISDN: Layer-1-over-IP driver Rev. 2.00
[   19.228640][    T1] 0 virtual devices registered
[   19.229587][    T1] usbcore: registered new interface driver HFC-S_USB
[   19.230359][    T1] amd_pstate: the _CPC object is not present in SBIOS or ACPI disabled
[   19.231352][    T1] VUB300 Driver rom wait states = 1C irqpoll timeout = 0400
[   19.246310][  T779] input: ImExPS/2 Generic Explorer Mouse as /devices/platform/i8042/serio1/input/input3
[   19.253957][    T1] usbcore: registered new interface driver vub300
[   19.255078][    T1] usbcore: registered new interface driver ushc
[   19.285405][    T1] iscsi: registered transport (iser)
[   19.287736][    T1] SoftiWARP attached
[   19.313844][    T1] hid: raw HID events driver (C) Jiri Kosina
[   19.385086][    T1] usbcore: registered new interface driver usbhid
[   19.385849][    T1] usbhid: USB HID core driver
[   19.391478][    T1] usbcore: registered new interface driver es2_ap_driver
[   19.392295][    T1] comedi: version 0.7.76 - http://www.comedi.org
[   19.393552][    T1] usbcore: registered new interface driver dt9812
[   19.395020][    T1] usbcore: registered new interface driver ni6501
[   19.396112][    T1] usbcore: registered new interface driver usbdux
[   19.397212][    T1] usbcore: registered new interface driver usbduxfast
[   19.398370][    T1] usbcore: registered new interface driver usbduxsigma
[   19.399541][    T1] usbcore: registered new interface driver vmk80xx
[   19.400633][    T1] greybus: registered new driver hid
[   19.401716][    T1] greybus: registered new driver gbphy
[   19.402931][    T1] gb_gbphy: registered new driver usb
[   19.403737][    T1] asus_wmi: ASUS WMI generic driver loaded
[   19.410454][    T1] gnss: GNSS driver registered with major 493
[   19.412122][    T1] usbcore: registered new interface driver gnss-usb
[   19.413249][    T1] usbcore: registered new interface driver hdm_usb
[   19.534745][    T1] usbcore: registered new interface driver snd-usb-audio
[   19.536343][    T1] usbcore: registered new interface driver snd-ua101
[   19.537470][    T1] usbcore: registered new interface driver snd-usb-usx2y
[   19.538668][    T1] usbcore: registered new interface driver snd-usb-us122l
[   19.539868][    T1] usbcore: registered new interface driver snd-usb-caiaq
[   19.541271][    T1] usbcore: registered new interface driver snd-usb-6fire
[   19.542506][    T1] usbcore: registered new interface driver snd-usb-hiface
[   19.543665][    T1] usbcore: registered new interface driver snd-bcd2000
[   19.544827][    T1] usbcore: registered new interface driver snd_usb_pod
[   19.545993][    T1] usbcore: registered new interface driver snd_usb_podhd
[   19.547164][    T1] usbcore: registered new interface driver snd_usb_toneport
[   19.548347][    T1] usbcore: registered new interface driver snd_usb_variax
[   19.551203][    T1] drop_monitor: Initializing network drop monitor service
[   19.552541][    T1] NET: Registered PF_LLC protocol family
