bash: warning: setlocale: LC_ALL: cannot change locale (en_US.UTF-8)
c[?7l[2J[0mSeaBIOS (version 1.16.2-debian-1.16.2-1)
Booting from ROM...
c[?7l[2Jearly console in extract_kernel
input_data: 0x0000000014df72a3
input_len: 0x00000000061edad3
output: 0x0000000001000000
output_len: 0x0000000012c7ccd8
kernel_total_size: 0x000000001a026000
needed_size: 0x000000001a200000
trampoline_32bit: 0x0000000000000000

Decompressing Linux... Parsing ELF... done.
Booting the kernel (entry_offset: 0x000000000a704594).
[    0.000000][    T0] Linux version 6.15.0-rc4-00042-g8104e7632474-dirty (root@buildkitsandbox) (gcc (Debian 12.2.0-14+deb12u1) 12.2.0, GNU ld (GNU Binutils for Debian) 2.40) #2 SMP PREEMPT_DYNAMIC Mon May 25 17:02:06 UTC 2026
[    0.000000][    T0] Command line: console=ttyS0 oops=panic panic=86400 nokaslr earlyprintk=serial rdinit=/init
[    0.000000][    T0] KERNEL supported cpus:
[    0.000000][    T0]   Intel GenuineIntel
[    0.000000][    T0]   AMD AuthenticAMD
[    0.000000][    T0] BIOS-provided physical RAM map:
[    0.000000][    T0] BIOS-e820: [mem 0x0000000000000000-0x000000000009fbff] usable
[    0.000000][    T0] BIOS-e820: [mem 0x000000000009fc00-0x000000000009ffff] reserved
[    0.000000][    T0] BIOS-e820: [mem 0x00000000000f0000-0x00000000000fffff] reserved
[    0.000000][    T0] BIOS-e820: [mem 0x0000000000100000-0x000000007ffdffff] usable
[    0.000000][    T0] BIOS-e820: [mem 0x000000007ffe0000-0x000000007fffffff] reserved
[    0.000000][    T0] BIOS-e820: [mem 0x00000000feffc000-0x00000000feffffff] reserved
[    0.000000][    T0] BIOS-e820: [mem 0x00000000fffc0000-0x00000000ffffffff] reserved
[    0.000000][    T0] BIOS-e820: [mem 0x000000fd00000000-0x000000ffffffffff] reserved
[    0.000000][    T0] printk: legacy bootconsole [earlyser0] enabled
[    0.000000][    T0] NX (Execute Disable) protection: active
[    0.000000][    T0] APIC: Static calls initialized
[    0.000000][    T0] SMBIOS 2.8 present.
[    0.000000][    T0] DMI: QEMU Standard PC (i440FX + PIIX, 1996), BIOS 1.16.2-debian-1.16.2-1 04/01/2014
[    0.000000][    T0] DMI: Memory slots populated: 1/1
[    0.000000][    T0] Hypervisor detected: KVM
[    0.000000][    T0] kvm-clock: Using msrs 4b564d01 and 4b564d00
[    0.000056][    T0] kvm-clock: using sched offset of 1368506995 cycles
[    0.001027][    T0] clocksource: kvm-clock: mask: 0xffffffffffffffff max_cycles: 0x1cd42e4dffb, max_idle_ns: 881590591483 ns
[    0.003856][    T0] tsc: Detected 3493.436 MHz processor
[    0.015375][    T0] last_pfn = 0x7ffe0 max_arch_pfn = 0x400000000
[    0.016330][    T0] MTRR map: 4 entries (3 fixed + 1 variable; max 19), built from 8 variable MTRRs
[    0.017623][    T0] x86/PAT: Configuration [0-7]: WB  WC  UC- UC  WB  WP  UC- WT  
[    0.022998][    T0] found SMP MP-table at [mem 0x000f5ba0-0x000f5baf]
[    0.024003][    T0] Using GB pages for direct mapping
[    0.027108][    T0] RAMDISK: [mem 0x7fe88000-0x7ffdffff]
[    0.027813][    T0] ACPI: Early table checksum verification disabled
[    0.029055][    T0] ACPI: RSDP 0x00000000000F59D0 000014 (v00 BOCHS )
[    0.030166][    T0] ACPI: RSDT 0x000000007FFE1B33 000034 (v01 BOCHS  BXPC     00000001 BXPC 00000001)
[    0.031686][    T0] ACPI: FACP 0x000000007FFE19DF 000074 (v01 BOCHS  BXPC     00000001 BXPC 00000001)
[    0.033065][    T0] ACPI: DSDT 0x000000007FFE0040 00199F (v01 BOCHS  BXPC     00000001 BXPC 00000001)
[    0.034328][    T0] ACPI: FACS 0x000000007FFE0000 000040
[    0.035065][    T0] ACPI: APIC 0x000000007FFE1A53 000080 (v01 BOCHS  BXPC     00000001 BXPC 00000001)
[    0.036318][    T0] ACPI: HPET 0x000000007FFE1AD3 000038 (v01 BOCHS  BXPC     00000001 BXPC 00000001)
[    0.037566][    T0] ACPI: WAET 0x000000007FFE1B0B 000028 (v01 BOCHS  BXPC     00000001 BXPC 00000001)
[    0.038805][    T0] ACPI: Reserving FACP table memory at [mem 0x7ffe19df-0x7ffe1a52]
[    0.039835][    T0] ACPI: Reserving DSDT table memory at [mem 0x7ffe0040-0x7ffe19de]
[    0.040834][    T0] ACPI: Reserving FACS table memory at [mem 0x7ffe0000-0x7ffe003f]
[    0.041825][    T0] ACPI: Reserving APIC table memory at [mem 0x7ffe1a53-0x7ffe1ad2]
[    0.042821][    T0] ACPI: Reserving HPET table memory at [mem 0x7ffe1ad3-0x7ffe1b0a]
[    0.043810][    T0] ACPI: Reserving WAET table memory at [mem 0x7ffe1b0b-0x7ffe1b32]
[    0.045664][    T0] No NUMA configuration found
[    0.046214][    T0] Faking a node at [mem 0x0000000000000000-0x000000007ffdffff]
[    0.047103][    T0] NODE_DATA(0) allocated [mem 0x7fe82080-0x7fe87c7f]
[    0.052892][    T0] Zone ranges:
[    0.053414][    T0]   DMA      [mem 0x0000000000001000-0x0000000000ffffff]
[    0.054385][    T0]   DMA32    [mem 0x0000000001000000-0x000000007ffdffff]
[    0.055360][    T0]   Normal   empty
[    0.055870][    T0]   Device   empty
[    0.056405][    T0] Movable zone start for each node
[    0.057102][    T0] Early memory node ranges
[    0.057695][    T0]   node   0: [mem 0x0000000000001000-0x000000000009efff]
[    0.058871][    T0]   node   0: [mem 0x0000000000100000-0x000000007ffdffff]
[    0.059854][    T0] Initmem setup node 0 [mem 0x0000000000001000-0x000000007ffdffff]
[    0.060988][    T0] On node 0, zone DMA: 1 pages in unavailable ranges
[    0.062321][    T0] On node 0, zone DMA: 97 pages in unavailable ranges
[    0.096791][    T0] On node 0, zone DMA32: 32 pages in unavailable ranges
[    0.153319][    T0] kasan: KernelAddressSanitizer initialized
[    0.154410][    T0] ACPI: PM-Timer IO Port: 0x608
[    0.155114][    T0] ACPI: LAPIC_NMI (acpi_id[0xff] dfl dfl lint[0x1])
[    0.156183][    T0] IOAPIC[0]: apic_id 0, version 17, address 0xfec00000, GSI 0-23
[    0.158720][    T0] ACPI: INT_SRC_OVR (bus 0 bus_irq 0 global_irq 2 dfl dfl)
[    0.159766][    T0] ACPI: INT_SRC_OVR (bus 0 bus_irq 5 global_irq 5 high level)
[    0.160828][    T0] ACPI: INT_SRC_OVR (bus 0 bus_irq 9 global_irq 9 high level)
[    0.161893][    T0] ACPI: INT_SRC_OVR (bus 0 bus_irq 10 global_irq 10 high level)
[    0.162939][    T0] ACPI: INT_SRC_OVR (bus 0 bus_irq 11 global_irq 11 high level)
[    0.164986][    T0] ACPI: Using ACPI (MADT) for SMP configuration information
[    0.166063][    T0] ACPI: HPET id: 0x8086a201 base: 0xfed00000
[    0.166947][    T0] TSC deadline timer available
[    0.167675][    T0] CPU topo: Max. logical packages:   1
[    0.168514][    T0] CPU topo: Max. logical dies:       1
[    0.169310][    T0] CPU topo: Max. dies per package:   1
[    0.170117][    T0] CPU topo: Max. threads per core:   1
[    0.170871][    T0] CPU topo: Num. cores per package:     2
[    0.171996][    T0] CPU topo: Num. threads per package:   2
[    0.172969][    T0] CPU topo: Allowing 2 present CPUs plus 0 hotplug CPUs
[    0.174639][    T0] kvm-guest: APIC: eoi() replaced with kvm_guest_apic_eoi_write()
[    0.176057][    T0] kvm-guest: KVM setup pv remote TLB flush
[    0.177066][    T0] kvm-guest: setup PV sched yield
[    0.177911][    T0] PM: hibernation: Registered nosave memory: [mem 0x00000000-0x00000fff]
[    0.179059][    T0] PM: hibernation: Registered nosave memory: [mem 0x0009f000-0x000fffff]
[    0.180205][    T0] [mem 0x80000000-0xfeffbfff] available for PCI devices
[    0.181136][    T0] Booting paravirtualized kernel on KVM
[    0.181873][    T0] clocksource: refined-jiffies: mask: 0xffffffff max_cycles: 0xffffffff, max_idle_ns: 19112604462750000 ns
[    0.236591][    T0] setup_percpu: NR_CPUS:8 nr_cpumask_bits:2 nr_cpu_ids:2 nr_node_ids:1
[    0.238097][    T0] percpu: Embedded 69 pages/cpu s245512 r8192 d28920 u1048576
[    0.239222][    T0] kvm-guest: PV spinlocks enabled
[    0.239883][    T0] PV qspinlock hash table entries: 256 (order: 0, 4096 bytes, linear)
[    0.240967][    T0] Kernel command line: console=ttyS0 oops=panic panic=86400 nokaslr earlyprintk=serial rdinit=/init
[    0.243073][    T0] random: crng init done
[    0.243621][    T0] printk: log buffer data + meta data: 262144 + 917504 = 1179648 bytes
[    0.244874][    T0] Dentry cache hash table entries: 262144 (order: 9, 2097152 bytes, linear)
[    0.246113][    T0] Inode-cache hash table entries: 131072 (order: 8, 1048576 bytes, linear)
[    0.247756][    T0] Fallback order for Node 0: 0 
[    0.247772][    T0] Built 1 zonelists, mobility grouping on.  Total pages: 524158
[    0.249682][    T0] Policy zone: DMA32
[    0.250662][    T0] mem auto-init: stack:all(zero), heap alloc:on, heap free:off
[    0.251757][    T0] stackdepot: allocating hash table via alloc_large_system_hash
[    0.253355][    T0] stackdepot hash table entries: 1048576 (order: 12, 16777216 bytes, linear)
[    0.411269][    T0] SLUB: HWalign=64, Order=0-3, MinObjects=0, CPUs=2, Nodes=1
[    0.418006][    T0] allocated 4194304 bytes of page_ext
[    0.419649][    T0] Dynamic Preempt: full
[    0.421060][    T0] Running RCU self tests
[    0.421719][    T0] Running RCU synchronous self tests
[    0.422632][    T0] rcu: Preemptible hierarchical RCU implementation.
[    0.423791][    T0] rcu: 	RCU lockdep checking is enabled.
[    0.425036][    T0] rcu: 	RCU restricting CPUs from NR_CPUS=8 to nr_cpu_ids=2.
[    0.426304][    T0] rcu: 	RCU callback double-/use-after-free debug is enabled.
[    0.427628][    T0] rcu: 	RCU debug extended QS entry/exit.
[    0.428574][    T0] 	Trampoline variant of Tasks RCU enabled.
[    0.429435][    T0] 	Tracing variant of Tasks RCU enabled.
[    0.430206][    T0] rcu: RCU calculated value of scheduler-enlistment delay is 10 jiffies.
[    0.431361][    T0] rcu: Adjusting geometry for rcu_fanout_leaf=16, nr_cpu_ids=2
[    0.432526][    T0] Running RCU synchronous self tests
[    0.433271][    T0] RCU Tasks: Setting shift to 1 and lim to 1 rcu_task_cb_adjust=1 rcu_task_cpu_ids=2.
[    0.434571][    T0] RCU Tasks Trace: Setting shift to 1 and lim to 1 rcu_task_cb_adjust=1 rcu_task_cpu_ids=2.
[    0.596711][    T0] NR_IRQS: 4352, nr_irqs: 440, preallocated irqs: 16
[    0.598603][    T0] rcu: srcu_init: Setting srcu_struct sizes based on contention.
[    0.600235][    T0] kfence: initialized - using 2097152 bytes for 255 objects at 0x(____ptrval____)-0x(____ptrval____)
[    0.613085][    T0] Console: colour VGA+ 80x25
[    0.613920][    T0] printk: legacy console [ttyS0] enabled
[    0.613920][    T0] printk: legacy console [ttyS0] enabled
[    0.615473][    T0] printk: legacy bootconsole [earlyser0] disabled
[    0.615473][    T0] printk: legacy bootconsole [earlyser0] disabled
[    0.618113][    T0] Lock dependency validator: Copyright (c) 2006 Red Hat, Inc., Ingo Molnar
[    0.619349][    T0] ... MAX_LOCKDEP_SUBCLASSES:  8
[    0.620105][    T0] ... MAX_LOCK_DEPTH:          48
[    0.620852][    T0] ... MAX_LOCKDEP_KEYS:        8192
[    0.621631][    T0] ... CLASSHASH_SIZE:          4096
[    0.622415][    T0] ... MAX_LOCKDEP_ENTRIES:     1048576
[    0.623181][    T0] ... MAX_LOCKDEP_CHAINS:      1048576
[    0.624262][    T0] ... CHAINHASH_SIZE:          524288
[    0.625084][    T0]  memory used by lock dependency info: 106625 kB
[    0.626362][    T0]  memory used for stack traces: 8320 kB
[    0.627363][    T0]  per task-struct memory footprint: 1920 bytes
[    0.628660][    T0] ACPI: Core revision 20240827
[    0.630190][    T0] clocksource: hpet: mask: 0xffffffff max_cycles: 0xffffffff, max_idle_ns: 19112604467 ns
[    0.631832][    T0] APIC: Switch to symmetric I/O mode setup
[    0.632863][    T0] x2apic enabled
[    0.633871][    T0] APIC: Switched APIC routing to: physical x2apic
[    0.634770][    T0] kvm-guest: APIC: send_IPI_mask() replaced with kvm_send_ipi_mask()
[    0.635896][    T0] kvm-guest: APIC: send_IPI_mask_allbutself() replaced with kvm_send_ipi_mask_allbutself()
[    0.637257][    T0] kvm-guest: setup PV IPIs
[    0.639899][    T0] ..TIMER: vector=0x30 apic1=0 pin1=2 apic2=-1 pin2=-1
[    0.640989][    T0] clocksource: tsc-early: mask: 0xffffffffffffffff max_cycles: 0x325b186289d, max_idle_ns: 440795326624 ns
[    0.642879][    T0] Calibrating delay loop (skipped) preset value.. 6986.87 BogoMIPS (lpj=34934360)
[    0.644714][    T0] x86/cpu: User Mode Instruction Prevention (UMIP) activated
[    0.645955][    T0] Last level iTLB entries: 4KB 512, 2MB 255, 4MB 127
[    0.647330][    T0] Last level dTLB entries: 4KB 512, 2MB 255, 4MB 127, 1GB 0
[    0.648386][    T0] Spectre V1 : Mitigation: usercopy/swapgs barriers and __user pointer sanitization
[    0.649742][    T0] Spectre V2 : Mitigation: Retpolines
[    0.651320][    T0] Spectre V2 : Spectre v2 / SpectreRSB: Filling RSB on context switch and VMEXIT
[    0.652873][    T0] Spectre V2 : Enabling Speculation Barrier for firmware calls
[    0.653950][    T0] RETBleed: Mitigation: untrained return thunk
[    0.654834][    T0] Spectre V2 : mitigation: Enabling conditional Indirect Branch Prediction Barrier
[    0.656138][    T0] Speculative Store Bypass: Mitigation: Speculative Store Bypass disabled via prctl
[    0.657951][    T0] Speculative Return Stack Overflow: IBPB-extending microcode not applied!
[    0.659454][    T0] Speculative Return Stack Overflow: WARNING: See https://kernel.org/doc/html/latest/admin-guide/hw-vuln/srso.html for mitigation options.
[    0.659469][    T0] Speculative Return Stack Overflow: Vulnerable: Safe RET, no microcode
[    0.662922][    T0] x86/fpu: Supporting XSAVE feature 0x001: 'x87 floating point registers'
[    0.664181][    T0] x86/fpu: Supporting XSAVE feature 0x002: 'SSE registers'
[    0.665480][    T0] x86/fpu: Supporting XSAVE feature 0x004: 'AVX registers'
[    0.666663][    T0] x86/fpu: xstate_offset[2]:  576, xstate_sizes[2]:  256
[    0.668072][    T0] x86/fpu: Enabled xstate features 0x7, context size is 832 bytes, using 'compacted' format.
[    1.125477][    T0] Freeing SMP alternatives memory: 128K
[    1.126416][    T0] pid_max: default: 32768 minimum: 301
[    1.128369][    T0] LSM: initializing lsm=lockdown,capability,landlock,yama,safesetid,tomoyo,selinux,bpf,ima,evm
[    1.130997][    T0] landlock: Up and running.
[    1.131666][    T0] Yama: becoming mindful.
[    1.132895][    T0] TOMOYO Linux initialized
[    1.133587][    T0] SELinux:  Initializing.
[    1.140251][    T0] LSM support for eBPF active
[    1.141847][    T0] Mount-cache hash table entries: 4096 (order: 3, 32768 bytes, linear)
[    1.142881][    T0] Mountpoint-cache hash table entries: 4096 (order: 3, 32768 bytes, linear)
[    1.151049][    T0] Running RCU synchronous self tests
[    1.152157][    T0] Running RCU synchronous self tests
[    1.154283][    T1] smpboot: CPU0: AMD Ryzen Threadripper PRO 3975WX 32-Cores (family: 0x17, model: 0x31, stepping: 0x0)
[    1.167278][    T1] Performance Events: Fam17h+ core perfctr, AMD PMU driver.
[    1.168794][    T1] ... version:                0
[    1.169556][    T1] ... bit width:              48
[    1.170312][    T1] ... generic registers:      6
[    1.171044][    T1] ... value mask:             0000ffffffffffff
[    1.171884][    T1] ... max period:             00007fffffffffff
[    1.172693][    T1] ... fixed-purpose events:   0
[    1.173230][    T1] ... event mask:             000000000000003f
[    1.175459][    T1] signal: max sigframe size: 1776
[    1.183108][    T1] rcu: Hierarchical SRCU implementation.
[    1.183923][    T1] rcu: 	Max phase no-delay instances is 1000.
[    1.185913][    T1] Timer migration: 1 hierarchy levels; 8 children per group; 1 crossnode level
[    1.283909][    T1] smp: Bringing up secondary CPUs ...
[    1.287406][    T1] smpboot: x86: Booting SMP configuration:
[    1.288231][    T1] .... node  #0, CPUs:      #1
[    1.288542][    T1] smp: Brought up 1 node, 2 CPUs
[    1.288542][    T1] smpboot: Total of 2 processors activated (13973.74 BogoMIPS)
[    1.293787][    T1] Memory: 1287248K/2096632K available (171026K kernel code, 41416K rwdata, 39628K rodata, 27132K init, 120336K bss, 798652K reserved, 0K cma-reserved)
[    1.297461][    T1] devtmpfs: initialized
[    1.304003][    T1] x86/mm: Memory block size: 128MB
[    1.357309][    T1] Running RCU synchronous self tests
[    1.358104][    T1] Running RCU synchronous self tests
[    1.358122][    T1] Running RCU Tasks wait API self tests
[    1.363667][    T1] Running RCU Tasks Trace wait API self tests
[    1.413096][    T1] clocksource: jiffies: mask: 0xffffffff max_cycles: 0xffffffff, max_idle_ns: 19112604462750000 ns
[    1.414810][    T1] posixtimers hash table entries: 1024 (order: 4, 73728 bytes, linear)
[    1.416081][    T1] futex hash table entries: 512 (order: 4, 65536 bytes, linear)
[    1.419356][    T1] PM: RTC time: 17:07:40, date: 2026-05-25
[    1.433326][    T1] NET: Registered PF_NETLINK/PF_ROUTE protocol family
[    1.442741][    T1] audit: initializing netlink subsys (disabled)
[    1.443355][   T30] audit: type=2000 audit(1779728861.727:1): state=initialized audit_enabled=0 res=1
[    1.458142][    T1] thermal_sys: Registered thermal governor 'step_wise'
[    1.458516][    T1] cpuidle: using governor menu
[    1.458516][    T1] NET: Registered PF_QIPCRTR protocol family
[    1.469271][    T1] dca service started, version 1.12.1
[    1.469271][    T1] PCI: Using configuration type 1 for base access
[    1.469271][    T1] PCI: Using configuration type 1 for extended access
[    1.475302][    T1] HugeTLB: allocation took 0ms with hugepage_allocation_threads=1
[    1.475302][    T1] HugeTLB: registered 1.00 GiB page size, pre-allocated 0 pages
[    1.482881][    T1] HugeTLB: 16380 KiB vmemmap can be freed for a 1.00 GiB page
[    1.484041][    T1] HugeTLB: registered 2.00 MiB page size, pre-allocated 0 pages
[    1.485215][    T1] HugeTLB: 28 KiB vmemmap can be freed for a 2.00 MiB page
[    1.499223][   T29] Callback from call_rcu_tasks_trace() invoked.
[    1.515071][    T1] cryptd: max_cpu_qlen set to 1000
[    1.545610][    T1] raid6: skipped pq benchmark and selected avx2x4
[    1.546580][    T1] raid6: using avx2x2 recovery algorithm
[    1.550876][    T1] ACPI: Added _OSI(Module Device)
[    1.551685][    T1] ACPI: Added _OSI(Processor Device)
[    1.552497][    T1] ACPI: Added _OSI(3.0 _SCP Extensions)
[    1.552895][    T1] ACPI: Added _OSI(Processor Aggregator Device)
[    1.593068][   T28] Callback from call_rcu_tasks() invoked.
[    1.680300][    T1] ACPI: 1 ACPI AML tables successfully acquired and loaded
[    1.718092][    T1] ACPI: Interpreter enabled
[    1.719302][    T1] ACPI: PM: (supports S0 S3 S4 S5)
[    1.719992][    T1] ACPI: Using IOAPIC for interrupt routing
[    1.721132][    T1] PCI: Using host bridge windows from ACPI; if necessary, use "pci=nocrs" and report a bug
[    1.722344][    T1] PCI: Using E820 reservations for host bridge windows
[    1.730929][    T1] ACPI: Enabled 2 GPEs in block 00 to 0F
[    1.993015][    T1] ACPI: PCI Root Bridge [PCI0] (domain 0000 [bus 00-ff])
[    1.994217][    T1] acpi PNP0A03:00: _OSC: OS supports [ExtendedConfig ASPM ClockPM Segments MSI HPX-Type3]
[    2.002471][    T1] PCI host bridge to bus 0000:00
[    2.003408][    T1] pci_bus 0000:00: root bus resource [io  0x0000-0x0cf7 window]
[    2.004520][    T1] pci_bus 0000:00: root bus resource [io  0x0d00-0xffff window]
[    2.005680][    T1] pci_bus 0000:00: root bus resource [mem 0x000a0000-0x000bffff window]
[    2.006998][    T1] pci_bus 0000:00: root bus resource [mem 0x80000000-0xfebfffff window]
[    2.008324][    T1] pci_bus 0000:00: root bus resource [mem 0x100000000-0x17fffffff window]
[    2.009675][    T1] pci_bus 0000:00: root bus resource [bus 00-ff]
[    2.011458][    T1] pci 0000:00:00.0: [8086:1237] type 00 class 0x060000 conventional PCI endpoint
[    2.085282][    T1] pci 0000:00:01.0: [8086:7000] type 00 class 0x060100 conventional PCI endpoint
[    2.155024][    T1] pci 0000:00:01.1: [8086:7010] type 00 class 0x010180 conventional PCI endpoint
[    2.156898][    T1] pci 0000:00:01.1: BAR 4 [io  0xc000-0xc00f]
[    2.157707][    T1] pci 0000:00:01.1: BAR 0 [io  0x01f0-0x01f7]: legacy IDE quirk
[    2.158677][    T1] pci 0000:00:01.1: BAR 1 [io  0x03f6]: legacy IDE quirk
[    2.159537][    T1] pci 0000:00:01.1: BAR 2 [io  0x0170-0x0177]: legacy IDE quirk
[    2.160467][    T1] pci 0000:00:01.1: BAR 3 [io  0x0376]: legacy IDE quirk
[    2.163554][    T1] pci 0000:00:01.3: [8086:7113] type 00 class 0x068000 conventional PCI endpoint
[    2.165188][    T1] pci 0000:00:01.3: quirk: [io  0x0600-0x063f] claimed by PIIX4 ACPI
[    2.166188][    T1] pci 0000:00:01.3: quirk: [io  0x0700-0x070f] claimed by PIIX4 SMB
[    2.169218][    T1] pci 0000:00:02.0: [1234:1111] type 00 class 0x030000 conventional PCI endpoint
[    2.171935][    T1] pci 0000:00:02.0: BAR 0 [mem 0xfd000000-0xfdffffff pref]
[    2.172851][    T1] pci 0000:00:02.0: BAR 2 [mem 0xfebf0000-0xfebf0fff]
[    2.173737][    T1] pci 0000:00:02.0: ROM [mem 0xfebe0000-0xfebeffff pref]
[    2.174966][    T1] pci 0000:00:02.0: Video device with shadowed ROM at [mem 0x000c0000-0x000dffff]
[    2.262570][    T1] ACPI: PCI: Interrupt link LNKA configured for IRQ 10
[    2.269316][    T1] ACPI: PCI: Interrupt link LNKB configured for IRQ 10
[    2.276645][    T1] ACPI: PCI: Interrupt link LNKC configured for IRQ 11
[    2.283912][    T1] ACPI: PCI: Interrupt link LNKD configured for IRQ 11
[    2.287443][    T1] ACPI: PCI: Interrupt link LNKS configured for IRQ 9
[    2.323223][    T1] iommu: Default domain type: Translated
[    2.323985][    T1] iommu: DMA domain TLB invalidation policy: lazy mode
[    2.331110][    T1] SCSI subsystem initialized
[    2.334231][    T1] ACPI: bus type USB registered
[    2.335607][    T1] usbcore: registered new interface driver usbfs
[    2.336718][    T1] usbcore: registered new interface driver hub
[    2.337748][    T1] usbcore: registered new device driver usb
[    2.341189][    T1] mc: Linux media interface: v0.10
[    2.342144][    T1] videodev: Linux video capture interface: v2.00
[    2.344123][    T1] pps_core: LinuxPPS API ver. 1 registered
[    2.344854][    T1] pps_core: Software ver. 5.3.6 - Copyright 2005-2007 Rodolfo Giometti <giometti@linux.it>
[    2.346200][    T1] PTP clock support registered
[    2.363602][    T1] EDAC MC: Ver: 3.0.0
[    2.370731][    T1] Advanced Linux Sound Architecture Driver Initialized.
[    2.379632][    T1] Bluetooth: Core ver 2.22
[    2.380474][    T1] NET: Registered PF_BLUETOOTH protocol family
[    2.381211][    T1] Bluetooth: HCI device and connection manager initialized
[    2.382108][    T1] Bluetooth: HCI socket layer initialized
[    2.382832][    T1] Bluetooth: L2CAP socket layer initialized
[    2.383089][    T1] Bluetooth: SCO socket layer initialized
[    2.383897][    T1] NET: Registered PF_ATMPVC protocol family
[    2.384612][    T1] NET: Registered PF_ATMSVC protocol family
[    2.385691][    T1] NetLabel: Initializing
[    2.386210][    T1] NetLabel:  domain hash size = 128
[    2.386835][    T1] NetLabel:  protocols = UNLABELED CIPSOv4 CALIPSO
[    2.388186][    T1] NetLabel:  unlabeled traffic allowed by default
[    2.390013][    T1] nfc: nfc_init: NFC Core ver 0.1
[    2.393140][    T1] NET: Registered PF_NFC protocol family
[    2.393981][    T1] mctp: management component transport protocol core
[    2.394809][    T1] NET: Registered PF_MCTP protocol family
[    2.395866][    T1] PCI: Using ACPI for IRQ routing
[    2.398087][    T1] pci 0000:00:02.0: vgaarb: setting as boot VGA device
[    2.398971][    T1] pci 0000:00:02.0: vgaarb: bridge control possible
[    2.399788][    T1] pci 0000:00:02.0: vgaarb: VGA device added: decodes=io+mem,owns=io+mem,locks=none
[    2.400929][    T1] vgaarb: loaded
[    2.403610][    T1] hpet0: at MMIO 0xfed00000, IRQs 2, 8, 0
[    2.404373][    T1] hpet0: 3 comparators, 64-bit 100.000000 MHz counter
[    2.410089][    T1] clocksource: Switched to clocksource kvm-clock
[    2.412856][    T1] VFS: Disk quotas dquot_6.6.0
[    2.412856][    T1] VFS: Dquot-cache hash table entries: 512 (order 0, 4096 bytes)
[    2.416198][    T1] netfs: FS-Cache loaded
[    2.421870][    T1] CacheFiles: Loaded
[    2.423128][    T1] TOMOYO: 2.6.0
[    2.423584][    T1] Mandatory Access Control activated.
[    2.424939][    T1] pnp: PnP ACPI init
[    2.444982][    T1] pnp: PnP ACPI: found 6 devices
[    2.559479][    T1] clocksource: acpi_pm: mask: 0xffffff max_cycles: 0xffffff, max_idle_ns: 2085701024 ns
[    2.562010][    T1] NET: Registered PF_INET protocol family
[    2.564108][    T1] IP idents hash table entries: 32768 (order: 6, 262144 bytes, linear)
[    2.570236][    T1] tcp_listen_portaddr_hash hash table entries: 1024 (order: 4, 73728 bytes, linear)
[    2.571485][    T1] Table-perturb hash table entries: 65536 (order: 6, 262144 bytes, linear)
[    2.572690][    T1] TCP established hash table entries: 16384 (order: 5, 131072 bytes, linear)
[    2.576319][    T1] TCP bind hash table entries: 16384 (order: 9, 2359296 bytes, linear)
[    2.579263][    T1] TCP: Hash tables configured (established 16384 bind 16384)
[    2.581658][    T1] MPTCP token hash table entries: 2048 (order: 5, 180224 bytes, linear)
[    2.583409][    T1] UDP hash table entries: 1024 (order: 6, 262144 bytes, linear)
[    2.584628][    T1] UDP-Lite hash table entries: 1024 (order: 6, 262144 bytes, linear)
[    2.586754][    T1] NET: Registered PF_UNIX/PF_LOCAL protocol family
[    2.600915][    T1] RPC: Registered named UNIX socket transport module.
[    2.601809][    T1] RPC: Registered udp transport module.
[    2.602474][    T1] RPC: Registered tcp transport module.
[    2.603200][    T1] RPC: Registered tcp-with-tls transport module.
[    2.603951][    T1] RPC: Registered tcp NFSv4.1 backchannel transport module.
[    2.620327][    T1] NET: Registered PF_XDP protocol family
[    2.621124][    T1] pci_bus 0000:00: resource 4 [io  0x0000-0x0cf7 window]
[    2.622005][    T1] pci_bus 0000:00: resource 5 [io  0x0d00-0xffff window]
[    2.622874][    T1] pci_bus 0000:00: resource 6 [mem 0x000a0000-0x000bffff window]
[    2.623865][    T1] pci_bus 0000:00: resource 7 [mem 0x80000000-0xfebfffff window]
[    2.624816][    T1] pci_bus 0000:00: resource 8 [mem 0x100000000-0x17fffffff window]
[    2.627320][    T1] pci 0000:00:01.0: PIIX3: Enabling Passive Release
[    2.628185][    T1] pci 0000:00:00.0: Limiting direct PCI/PCI transfers
[    2.629288][    T1] PCI: CLS 0 bytes, default 64
[    2.637900][   T51] Trying to unpack rootfs image as initramfs...
[    2.643294][    T1] ACPI: bus type thunderbolt registered
[    2.646313][    T1] kvm_intel: VMX not supported by CPU 0
[    2.647489][    T1] kvm_amd: Nested Virtualization enabled
[    2.648328][    T1] kvm_amd: Nested Paging enabled
[    2.694430][    T1] clocksource: tsc: mask: 0xffffffffffffffff max_cycles: 0x325b186289d, max_idle_ns: 440795326624 ns
[    3.010761][   T51] Freeing initrd memory: 1376K
[    3.012683][   T62] kworker/u8:4 (62) used greatest stack depth: 28680 bytes left
[    3.015605][   T66] kworker/u8:1 (66) used greatest stack depth: 28088 bytes left
[    3.016554][   T78] kworker/u8:4 (78) used greatest stack depth: 28056 bytes left
[   15.208360][    T1] Initialise system trusted keyrings
[   15.212049][    T1] workingset: timestamp_bits=40 max_order=19 bucket_order=0
[   15.221445][    T1] DLM installed
[   15.227505][    T1] squashfs: version 4.0 (2009/01/31) Phillip Lougher
[   15.239154][    T1] NFS: Registering the id_resolver key type
[   15.240881][    T1] Key type id_resolver registered
[   15.242168][    T1] Key type id_legacy registered
[   15.244951][    T1] nfs4filelayout_init: NFSv4 File Layout Driver Registering...
[   15.247028][    T1] nfs4flexfilelayout_init: NFSv4 Flexfile Layout Driver Registering...
[   15.263674][    T1] Key type cifs.spnego registered
[   15.264603][    T1] Key type cifs.idmap registered
[   15.267465][    T1] ntfs3: Enabled Linux POSIX ACLs support
[   15.268210][    T1] ntfs3: Read-only LZX/Xpress compression included
[   15.269219][    T1] efs: 1.0a - http://aeschi.ch.eu.org/efs/
[   15.269996][    T1] jffs2: version 2.2. (NAND) (SUMMARY)  © 2001-2006 Red Hat, Inc.
[   15.272038][    T1] romfs: ROMFS MTD (C) 2007 Red Hat, Inc.
[   15.272841][    T1] QNX4 filesystem 0.2.3 registered.
[   15.273704][    T1] qnx6: QNX6 filesystem 1.0.0 registered.
[   15.275823][    T1] fuse: init (API version 7.43)
[   15.279627][    T1] orangefs_debugfs_init: called with debug mask: :none: :0:
[   15.281983][    T1] orangefs_init: module version upstream loaded
[   15.283555][    T1] JFS: nTxBlock = 8192, nTxLock = 65536
[   15.297155][    T1] SGI XFS with ACLs, security attributes, realtime, quota, no debug enabled
[   15.302059][    T1] 9p: Installing v9fs 9p2000 file system support
[   15.303475][    T1] NILFS version 2 loaded
[   15.304011][    T1] befs: version: 0.9.3
[   15.305110][    T1] ocfs2: Registered cluster interface o2cb
[   15.306986][    T1] ocfs2: Registered cluster interface user
[   15.308394][    T1] OCFS2 User DLM kernel interface loaded
[   15.330761][    T1] gfs2: GFS2 installed
[   15.340402][    T1] ceph: loaded (mds proto 32)
[   15.389481][    T1] NET: Registered PF_ALG protocol family
[   15.390436][    T1] xor: automatically using best checksumming function   avx       
[   15.391443][    T1] async_tx: api initialized (async)
[   15.392160][    T1] Key type asymmetric registered
[   15.392787][    T1] Asymmetric key parser 'x509' registered
[   15.393547][    T1] Asymmetric key parser 'pkcs8' registered
[   15.394252][    T1] Key type pkcs7_test registered
[   15.395930][    T1] Block layer SCSI generic (bsg) driver version 0.4 loaded (major 238)
[   15.408363][    T1] io scheduler mq-deadline registered
[   15.409051][    T1] io scheduler kyber registered
[   15.409987][    T1] io scheduler bfq registered
[   15.425846][    T1] input: Power Button as /devices/LNXSYSTM:00/LNXPWRBN:00/input/input0
[   15.434608][    T1] ACPI: button: Power Button [PWRF]
[   15.437873][  T153] kworker/u8:2 (153) used greatest stack depth: 27912 bytes left
[   15.455920][    T1] ioatdma: Intel(R) QuickData Technology Driver 5.00
[   15.546533][  T255] kworker/u8:1 (255) used greatest stack depth: 27368 bytes left
[   16.008864][    T1] N_HDLC line discipline registered with maxframe=4096
[   16.010294][    T1] Serial: 8250/16550 driver, 4 ports, IRQ sharing enabled
[   16.016200][    T1] 00:04: ttyS0 at I/O 0x3f8 (irq = 4, base_baud = 115200) is a 16550A
[   16.058433][    T1] Non-volatile memory driver v1.3
[   16.060005][    T1] Linux agpgart interface v0.103
[   16.068575][    T1] usbcore: registered new interface driver xillyusb
[   16.075161][    T1] ACPI: bus type drm_connector registered
[   16.082706][    T1] [drm] Initialized vgem 1.0.0 for vgem on minor 0
[   16.095832][    T1] [drm] Initialized vkms 1.0.0 for vkms on minor 1
[   16.170957][    T1] Console: switching to colour frame buffer device 128x48
[   16.190700][    T1] platform vkms: [drm] fb0: vkmsdrmfb frame buffer device
[   16.192030][    T1] usbcore: registered new interface driver udl
[   16.194064][    T1] bochs-drm 0000:00:02.0: vgaarb: deactivate vga console
[   16.200019][    T1] [drm] Found bochs VGA, ID 0xb0c5.
[   16.200793][    T1] [drm] Framebuffer size 16384 kB @ 0xfd000000, mmio @ 0xfebf0000.
[   16.209619][    T1] [drm] Initialized bochs-drm 1.0.0 for 0000:00:02.0 on minor 2
[   16.248039][    T1] fbcon: bochs-drmdrmfb (fb1) is primary device
[   16.248066][    T1] fbcon: Remapping primary device, fb1, to tty 1-63
[   18.097326][    T1] bochs-drm 0000:00:02.0: [drm] fb1: bochs-drmdrmfb frame buffer device
[   18.099538][    T1] usbcore: registered new interface driver gm12u320
[   18.102305][    T1] usbcore: registered new interface driver gud
[   18.233317][    T1] brd: module loaded
[   18.379326][    T1] loop: module loaded
[   18.588219][    T1] zram: Added device: zram0
[   18.606251][    T1] null_blk: disk nullb0 created
[   18.606983][    T1] null_blk: module loaded
[   18.609024][    T1] Guest personality initialized and is inactive
[   18.610874][    T1] VMCI host device registered (name=vmci, major=10, minor=118)
[   18.612068][    T1] Initialized host personality
[   18.613195][    T1] usbcore: registered new interface driver rtsx_usb
[   18.616112][    T1] usbcore: registered new interface driver viperboard
[   18.617689][    T1] usbcore: registered new interface driver dln2
[   18.619398][    T1] usbcore: registered new interface driver pn533_usb
[   18.626914][    T1] nfcsim 0.2 initialized
[   18.627824][    T1] usbcore: registered new interface driver port100
[   18.628966][    T1] usbcore: registered new interface driver nfcmrvl
[   18.638210][    T1] Loading iSCSI transport class v2.0-870.
[   18.649318][    T1] st: Version 20160209, fixed bufsize 32768, s/g segs 256
[   18.732429][    T1] scsi host0: ata_piix
[   18.738784][    T1] scsi host1: ata_piix
[   18.741427][    T1] ata1: PATA max MWDMA2 cmd 0x1f0 ctl 0x3f6 bmdma 0xc000 irq 14 lpm-pol 0
[   18.742525][    T1] ata2: PATA max MWDMA2 cmd 0x170 ctl 0x376 bmdma 0xc008 irq 15 lpm-pol 0
[   18.750656][    T1] Rounding down aligned max_sectors from 4294967295 to 4294967288
[   18.752520][    T1] db_root: cannot open: /etc/target
[   18.757192][    T1] slram: not enough parameters.
[   18.766668][    T1] ftl_cs: FTL header not found.
[   18.830588][    T1] wireguard: WireGuard 1.0.0 loaded. See www.wireguard.com for information.
[   18.831882][    T1] wireguard: Copyright (C) 2015-2019 Jason A. Donenfeld <Jason@zx2c4.com>. All Rights Reserved.
[   18.834218][    T1] eql: Equalizer2002: Simon Janes (simon@ncm.com) and David S. Miller (davem@redhat.com)
[   18.852644][    T1] MACsec IEEE 802.1AE
[   18.878135][    T1] usbcore: registered new interface driver mvusb_mdio
[   18.880034][    T1] tun: Universal TUN/TAP device driver, 1.6
[   18.885134][    T1] vcan: Virtual CAN interface driver
[   18.886810][    T1] vxcan: Virtual CAN Tunnel driver
[   18.887670][    T1] slcan: serial line CAN interface driver
[   18.888821][    T1] CAN device driver interface
[   18.889951][    T1] usbcore: registered new interface driver usb_8dev
[   18.891235][    T1] usbcore: registered new interface driver ems_usb
[   18.892384][    T1] usbcore: registered new interface driver esd_usb
[   18.893583][    T1] usbcore: registered new interface driver etas_es58x
[   18.895118][    T1] usbcore: registered new interface driver f81604
[   18.896439][    T1] usbcore: registered new interface driver gs_usb
[   18.897946][    T1] usbcore: registered new interface driver kvaser_usb
[   18.899171][    T1] usbcore: registered new interface driver mcba_usb
[   18.900476][    T1] usbcore: registered new interface driver peak_usb
[   18.902343][    T1] usbcore: registered new interface driver ucan
[   18.905266][    T1] e100: Intel(R) PRO/100 Network Driver
[   18.906071][ T1008] ata2: found unknown device (class 0)
[   18.906078][    T1] e100: Copyright(c) 1999-2006 Intel Corporation
[   18.907140][    T1] e1000: Intel(R) PRO/1000 Network Driver
[   18.908521][    T1] e1000: Copyright (c) 1999-2006 Intel Corporation.
[   18.910253][    T1] e1000e: Intel(R) PRO/1000 Network Driver
[   18.911010][    T1] e1000e: Copyright(c) 1999 - 2015 Intel Corporation.
[   18.915340][ T1008] ata2.00: ATAPI: QEMU DVD-ROM, 2.5+, max UDMA/100
[   18.918150][    T1] mkiss: AX.25 Multikiss, Hans Albas PE1AYX
[   18.919060][    T1] AX.25: bpqether driver version 004
[   18.919770][    T1] PPP generic driver version 2.4.2
[   18.925051][    T1] PPP BSD Compression module registered
[   18.926030][    T1] PPP Deflate Compression module registered
[   18.926681][   T12] scsi 1:0:0:0: CD-ROM            QEMU     QEMU DVD-ROM     2.5+ PQ: 0 ANSI: 5
[   18.926923][    T1] PPP MPPE Compression module registered
[   18.929061][    T1] NET: Registered PF_PPPOX protocol family
[   18.930124][    T1] PPTP driver version 0.8.5
[   18.931367][    T1] SLIP: version 0.8.4-NET3.019-NEWTTY (dynamic channels, max=256) (6 bit encapsulation enabled).
[   18.932837][    T1] CSLIP: code copyright 1989 Regents of the University of California.
[   18.934314][    T1] SLIP linefill/keepalive option.
[   18.935040][    T1] hdlc: HDLC support module revision 1.22
[   18.935885][    T1] LAPB Ethernet driver version 0.02
[   18.938455][    T1] usbcore: registered new interface driver ath9k_htc
[   18.939594][    T1] usbcore: registered new interface driver carl9170
[   18.940704][    T1] usbcore: registered new interface driver ath6kl_usb
[   18.941998][    T1] usbcore: registered new interface driver ar5523
[   18.944386][    T1] usbcore: registered new interface driver ath10k_usb
[   18.945832][    T1] usbcore: registered new interface driver plfxlc
[   18.947160][    T1] mac80211_hwsim: initializing netlink
[   19.001956][    T1] usbcore: registered new interface driver atusb
[   19.005895][   T12] sr 1:0:0:0: [sr0] scsi3-mmc drive: 4x/4x cd/rw xa/form2 tray
[   19.007251][   T12] cdrom: Uniform CD-ROM driver Revision: 3.20
[   19.034661][    T1] mac802154_hwsim mac802154_hwsim: Added 2 mac802154 hwsim hardware radios
[   19.036520][    T1] VMware vmxnet3 virtual NIC driver - version 1.9.0.0-k-NAPI
[   19.038148][    T1] usbcore: registered new interface driver catc
[   19.039374][    T1] usbcore: registered new interface driver kaweth
[   19.040440][    T1] pegasus: Pegasus/Pegasus II USB Ethernet driver
[   19.041658][    T1] usbcore: registered new interface driver pegasus
[   19.042791][    T1] usbcore: registered new interface driver rtl8150
[   19.045340][    T1] usbcore: registered new device driver r8152-cfgselector
[   19.046734][    T1] usbcore: registered new interface driver r8152
[   19.049110][    T1] usbcore: registered new interface driver hso
[   19.050313][    T1] usbcore: registered new interface driver lan78xx
[   19.051935][    T1] usbcore: registered new interface driver asix
[   19.053330][    T1] usbcore: registered new interface driver ax88179_178a
[   19.055022][    T1] usbcore: registered new interface driver cdc_ether
[   19.056226][    T1] usbcore: registered new interface driver cdc_eem
[   19.058675][    T1] usbcore: registered new interface driver dm9601
[   19.060490][    T1] usbcore: registered new interface driver sr9700
[   19.062250][    T1] usbcore: registered new interface driver CoreChips
[   19.063911][    T1] usbcore: registered new interface driver smsc75xx
[   19.065090][    T1] usbcore: registered new interface driver smsc95xx
[   19.066327][    T1] usbcore: registered new interface driver gl620a
[   19.068304][    T1] usbcore: registered new interface driver net1080
[   19.069434][    T1] usbcore: registered new interface driver plusb
[   19.070573][    T1] usbcore: registered new interface driver rndis_host
[   19.071858][    T1] usbcore: registered new interface driver cdc_subset
[   19.073554][    T1] usbcore: registered new interface driver zaurus
[   19.074776][    T1] usbcore: registered new interface driver MOSCHIP usb-ethernet driver
[   19.076338][    T1] usbcore: registered new interface driver int51x1
[   19.078727][    T1] usbcore: registered new interface driver cdc_phonet
[   19.080029][    T1] usbcore: registered new interface driver kalmia
[   19.081588][    T1] usbcore: registered new interface driver ipheth
[   19.081649][   T12] sr 1:0:0:0: Attached scsi generic sg0 type 5
[   19.082759][    T1] usbcore: registered new interface driver sierra_net
[   19.084682][    T1] usbcore: registered new interface driver cx82310_eth
[   19.086041][    T1] usbcore: registered new interface driver cdc_ncm
[   19.087135][    T1] usbcore: registered new interface driver huawei_cdc_ncm
[   19.089008][    T1] usbcore: registered new interface driver lg-vl600
[   19.091420][    T1] usbcore: registered new interface driver qmi_wwan
[   19.092928][    T1] usbcore: registered new interface driver cdc_mbim
[   19.095185][    T1] usbcore: registered new interface driver ch9200
[   19.096811][    T1] usbcore: registered new interface driver aqc111
[   19.098397][    T1] usbcore: registered new interface driver r8153_ecm
[   19.106498][    T1] VFIO - User Level meta-driver version: 0.3
[   19.115857][    T1] aoe: AoE v85 initialised.
[   19.137985][ T1294] kworker/u8:4 (1294) used greatest stack depth: 27160 bytes left
[   19.141575][    T1] usbcore: registered new interface driver cdc_acm
[   19.142496][    T1] cdc_acm: USB Abstract Control Model driver for USB modems and ISDN adapters
[   19.146270][    T1] usbcore: registered new interface driver usblp
[   19.147643][    T1] usbcore: registered new interface driver cdc_wdm
[   19.149188][    T1] usbcore: registered new interface driver usbtmc
[   19.161211][    T1] usbcore: registered new interface driver uas
[   19.162690][    T1] usbcore: registered new interface driver usb-storage
[   19.164642][    T1] usbcore: registered new interface driver ums-alauda
[   19.165970][    T1] usbcore: registered new interface driver ums-cypress
[   19.167450][    T1] usbcore: registered new interface driver ums-datafab
[   19.168961][    T1] usbcore: registered new interface driver ums_eneub6250
[   19.170396][    T1] usbcore: registered new interface driver ums-freecom
[   19.171770][    T1] usbcore: registered new interface driver ums-isd200
[   19.173275][    T1] usbcore: registered new interface driver ums-jumpshot
[   19.174695][    T1] usbcore: registered new interface driver ums-karma
[   19.176055][    T1] usbcore: registered new interface driver ums-onetouch
[   19.177547][    T1] usbcore: registered new interface driver ums-realtek
[   19.179058][    T1] usbcore: registered new interface driver ums-sddr09
[   19.180541][    T1] usbcore: registered new interface driver ums-sddr55
[   19.182071][    T1] usbcore: registered new interface driver ums-usbat
[   19.185966][    T1] usbcore: registered new interface driver mdc800
[   19.186891][    T1] mdc800: v0.7.5 (30/10/2000):USB Driver for Mustek MDC800 Digital Camera
[   19.188616][    T1] usbcore: registered new interface driver microtekX6
[   19.190765][    T1] usbcore: registered new interface driver usbserial_generic
[   19.192517][    T1] usbserial: USB Serial support registered for generic
[   19.194217][    T1] usbcore: registered new interface driver aircable
[   19.195564][    T1] usbserial: USB Serial support registered for aircable
[   19.197020][    T1] usbcore: registered new interface driver ark3116
[   19.198500][    T1] usbserial: USB Serial support registered for ark3116
[   19.199964][    T1] usbcore: registered new interface driver belkin_sa
[   19.201399][    T1] usbserial: USB Serial support registered for Belkin / Peracom / GoHubs USB Serial Adapter
[   19.203817][    T1] usbcore: registered new interface driver ch341
[   19.205160][    T1] usbserial: USB Serial support registered for ch341-uart
[   19.206686][    T1] usbcore: registered new interface driver cp210x
[   19.208129][    T1] usbserial: USB Serial support registered for cp210x
[   19.209604][    T1] usbcore: registered new interface driver cyberjack
[   19.210992][    T1] usbserial: USB Serial support registered for Reiner SCT Cyberjack USB card reader
[   19.213770][    T1] usbcore: registered new interface driver cypress_m8
[   19.215213][    T1] usbserial: USB Serial support registered for DeLorme Earthmate USB
[   19.216647][    T1] usbserial: USB Serial support registered for HID->COM RS232 Adapter
[   19.217960][    T1] usbserial: USB Serial support registered for Nokia CA-42 V2 Adapter
[   19.219406][    T1] usbcore: registered new interface driver usb_debug
[   19.220579][    T1] usbserial: USB Serial support registered for debug
[   19.222142][    T1] usbserial: USB Serial support registered for xhci_dbc
[   19.228460][    T1] usbcore: registered new interface driver digi_acceleport
[   19.229684][    T1] usbserial: USB Serial support registered for Digi 2 port USB adapter
[   19.231213][    T1] usbserial: USB Serial support registered for Digi 4 port USB adapter
[   19.233433][    T1] usbcore: registered new interface driver io_edgeport
[   19.234998][    T1] usbserial: USB Serial support registered for Edgeport 2 port adapter
[   19.236554][    T1] usbserial: USB Serial support registered for Edgeport 4 port adapter
[   19.238218][    T1] usbserial: USB Serial support registered for Edgeport 8 port adapter
[   19.239524][    T1] usbserial: USB Serial support registered for EPiC device
[   19.240766][    T1] usbcore: registered new interface driver io_ti
[   19.241808][    T1] usbserial: USB Serial support registered for Edgeport TI 1 port adapter
[   19.245043][    T1] usbserial: USB Serial support registered for Edgeport TI 2 port adapter
[   19.246974][    T1] usbcore: registered new interface driver empeg
[   19.248420][    T1] usbserial: USB Serial support registered for empeg
[   19.249950][    T1] usbcore: registered new interface driver f81534a_ctrl
[   19.251391][    T1] usbcore: registered new interface driver f81232
[   19.253007][    T1] usbserial: USB Serial support registered for f81232
[   19.254887][    T1] usbserial: USB Serial support registered for f81534a
[   19.256134][    T1] usbcore: registered new interface driver f81534
[   19.257218][    T1] usbserial: USB Serial support registered for Fintek F81532/F81534
[   19.258493][    T1] usbcore: registered new interface driver ftdi_sio
[   19.259638][    T1] usbserial: USB Serial support registered for FTDI USB Serial Device
[   19.261037][    T1] usbcore: registered new interface driver garmin_gps
[   19.262130][    T1] usbserial: USB Serial support registered for Garmin GPS usb/tty
[   19.264593][    T1] usbcore: registered new interface driver ipaq
[   19.265612][    T1] usbserial: USB Serial support registered for PocketPC PDA
[   19.266838][    T1] usbcore: registered new interface driver ipw
[   19.269058][    T1] usbserial: USB Serial support registered for IPWireless converter
[   19.270536][    T1] usbcore: registered new interface driver ir_usb
[   19.272079][    T1] usbserial: USB Serial support registered for IR Dongle
[   19.274096][    T1] usbcore: registered new interface driver iuu_phoenix
[   19.275391][    T1] usbserial: USB Serial support registered for iuu_phoenix
[   19.276613][    T1] usbcore: registered new interface driver keyspan
[   19.278362][    T1] usbserial: USB Serial support registered for Keyspan - (without firmware)
[   19.280357][    T1] usbserial: USB Serial support registered for Keyspan 1 port adapter
[   19.281696][    T1] usbserial: USB Serial support registered for Keyspan 2 port adapter
[   19.282976][    T1] usbserial: USB Serial support registered for Keyspan 4 port adapter
[   19.287253][    T1] usbcore: registered new interface driver keyspan_pda
[   19.288385][    T1] usbserial: USB Serial support registered for Keyspan PDA
[   19.289558][    T1] usbserial: USB Serial support registered for Keyspan PDA - (prerenumeration)
[   19.290999][    T1] usbcore: registered new interface driver kl5kusb105
[   19.292105][    T1] usbserial: USB Serial support registered for KL5KUSB105D / PalmConnect
[   19.294028][    T1] usbcore: registered new interface driver kobil_sct
[   19.295122][    T1] usbserial: USB Serial support registered for KOBIL USB smart card terminal
[   19.296542][    T1] usbcore: registered new interface driver mct_u232
[   19.297625][    T1] usbserial: USB Serial support registered for MCT U232
[   19.298786][    T1] usbcore: registered new interface driver metro_usb
[   19.299888][    T1] usbserial: USB Serial support registered for Metrologic USB to Serial
[   19.301269][    T1] usbcore: registered new interface driver mos7720
[   19.302359][    T1] usbserial: USB Serial support registered for Moschip 2 port adapter
[   19.303786][    T1] usbcore: registered new interface driver mos7840
[   19.304875][    T1] usbserial: USB Serial support registered for Moschip 7840/7820 USB Serial Driver
[   19.306354][    T1] usbcore: registered new interface driver mxuport
[   19.307427][    T1] usbserial: USB Serial support registered for MOXA UPort
[   19.308623][    T1] usbcore: registered new interface driver navman
[   19.309684][    T1] usbserial: USB Serial support registered for navman
[   19.310825][    T1] usbcore: registered new interface driver omninet
[   19.311915][    T1] usbserial: USB Serial support registered for ZyXEL - omni.net usb
[   19.313280][    T1] usbcore: registered new interface driver opticon
[   19.314351][    T1] usbserial: USB Serial support registered for opticon
[   19.315506][    T1] usbcore: registered new interface driver option
[   19.316571][    T1] usbserial: USB Serial support registered for GSM modem (1-port)
[   19.317869][    T1] usbcore: registered new interface driver oti6858
[   19.318941][    T1] usbserial: USB Serial support registered for oti6858
[   19.320108][    T1] usbcore: registered new interface driver pl2303
[   19.321169][    T1] usbserial: USB Serial support registered for pl2303
[   19.322324][    T1] usbcore: registered new interface driver qcaux
[   19.323520][    T1] usbserial: USB Serial support registered for qcaux
[   19.324660][    T1] usbcore: registered new interface driver qcserial
[   19.325744][    T1] usbserial: USB Serial support registered for Qualcomm USB modem
[   19.327032][    T1] usbcore: registered new interface driver quatech2
[   19.328121][    T1] usbserial: USB Serial support registered for Quatech 2nd gen USB to Serial Driver
[   19.329605][    T1] usbcore: registered new interface driver safe_serial
[   19.331130][    T1] usbserial: USB Serial support registered for safe_serial
[   19.332832][    T1] usbcore: registered new interface driver sierra
[   19.334956][    T1] usbserial: USB Serial support registered for Sierra USB modem
[   19.336285][    T1] usbcore: registered new interface driver usb_serial_simple
[   19.337460][    T1] usbserial: USB Serial support registered for carelink
[   19.338601][    T1] usbserial: USB Serial support registered for flashloader
[   19.339758][    T1] usbserial: USB Serial support registered for funsoft
[   19.340810][    T1] usbserial: USB Serial support registered for google
[   19.341841][    T1] usbserial: USB Serial support registered for hp4x
[   19.342865][    T1] usbserial: USB Serial support registered for kaufmann
[   19.343952][    T1] usbserial: USB Serial support registered for libtransistor
[   19.345218][    T1] usbserial: USB Serial support registered for moto_modem
[   19.346504][    T1] usbserial: USB Serial support registered for motorola_tetra
[   19.347926][    T1] usbserial: USB Serial support registered for nokia
[   19.349177][    T1] usbserial: USB Serial support registered for novatel_gps
[   19.350369][    T1] usbserial: USB Serial support registered for owon
[   19.351657][    T1] usbserial: USB Serial support registered for siemens_mpi
[   19.352846][    T1] usbserial: USB Serial support registered for suunto
[   19.354178][    T1] usbserial: USB Serial support registered for vivopay
[   19.355381][    T1] usbserial: USB Serial support registered for zio
[   19.356649][    T1] usbcore: registered new interface driver spcp8x5
[   19.357823][    T1] usbserial: USB Serial support registered for SPCP8x5
[   19.359043][    T1] usbcore: registered new interface driver ssu100
[   19.360231][    T1] usbserial: USB Serial support registered for Quatech SSU-100 USB to Serial Driver
[   19.361730][    T1] usbcore: registered new interface driver symbolserial
[   19.363129][    T1] usbserial: USB Serial support registered for symbol
[   19.364689][    T1] usbcore: registered new interface driver ti_usb_3410_5052
[   19.365831][    T1] usbserial: USB Serial support registered for TI USB 3410 1 port adapter
[   19.367076][    T1] usbserial: USB Serial support registered for TI USB 5052 2 port adapter
[   19.368481][    T1] usbcore: registered new interface driver upd78f0730
[   19.369759][    T1] usbserial: USB Serial support registered for upd78f0730
[   19.371149][    T1] usbcore: registered new interface driver visor
[   19.372377][    T1] usbserial: USB Serial support registered for Handspring Visor / Palm OS
[   19.374130][    T1] usbserial: USB Serial support registered for Sony Clie 5.0
[   19.375320][    T1] usbserial: USB Serial support registered for Sony Clie 3.5
[   19.376572][    T1] usbcore: registered new interface driver wishbone_serial
[   19.378133][    T1] usbserial: USB Serial support registered for wishbone_serial
[   19.379644][    T1] usbcore: registered new interface driver whiteheat
[   19.381086][    T1] usbserial: USB Serial support registered for Connect Tech - WhiteHEAT - (prerenumeration)
[   19.382930][    T1] usbserial: USB Serial support registered for Connect Tech - WhiteHEAT
[   19.390423][    T1] usbcore: registered new interface driver xr_serial
[   19.391537][    T1] usbserial: USB Serial support registered for xr_serial
[   19.392752][    T1] usbcore: registered new interface driver xsens_mt
[   19.394216][    T1] usbserial: USB Serial support registered for xsens_mt
[   19.395383][    T1] usbcore: registered new interface driver adutux
[   19.396605][    T1] usbcore: registered new interface driver appledisplay
[   19.399091][    T1] usbcore: registered new interface driver cypress_cy7c63
[   19.400586][    T1] usbcore: registered new interface driver cytherm
[   19.401824][    T1] usbcore: registered new interface driver emi26 - firmware loader
[   19.403244][    T1] usbcore: registered new interface driver emi62 - firmware loader
[   19.404917][    T1] usbcore: registered new device driver apple-mfi-fastcharge
[   19.406117][    T1] usbcore: registered new interface driver ljca
[   19.407249][    T1] usbcore: registered new interface driver idmouse
[   19.408441][    T1] usbcore: registered new interface driver iowarrior
[   19.409581][    T1] usbcore: registered new interface driver isight_firmware
[   19.410777][    T1] usbcore: registered new interface driver usblcd
[   19.412669][    T1] usbcore: registered new interface driver ldusb
[   19.416086][    T1] usbcore: registered new interface driver legousbtower
[   19.417626][    T1] usbcore: registered new interface driver usbtest
[   19.419120][    T1] usbcore: registered new interface driver usb_ehset_test
[   19.420378][    T1] usbcore: registered new interface driver trancevibrator
[   19.421603][    T1] usbcore: registered new interface driver uss720
[   19.422406][    T1] uss720: USB Parport Cable driver for Cables using the Lucent Technologies USS720 Chip
[   19.425054][    T1] uss720: NOTE: this is a special purpose driver to allow nonstandard
[   19.426157][    T1] uss720: protocols (eg. bitbang) over USS720 usb to parallel cables
[   19.427199][    T1] uss720: If you just want to connect to a printer, use usblp instead
[   19.428491][    T1] usbcore: registered new interface driver usbsevseg
[   19.429659][    T1] usbcore: registered new interface driver yurex
[   19.431778][    T1] usbcore: registered new interface driver chaoskey
[   19.433499][    T1] usbcore: registered new interface driver sisusb
[   19.434688][    T1] usbcore: registered new interface driver lvs
[   19.435823][    T1] usbcore: registered new interface driver cxacru
[   19.436967][    T1] usbcore: registered new interface driver speedtch
[   19.438189][    T1] usbcore: registered new interface driver ueagle-atm
[   19.439066][    T1] xusbatm: malformed module parameters
[   19.443885][    T1] dummy_hcd dummy_hcd.0: USB Host+Gadget Emulator, driver 02 May 2005
[   19.445153][    T1] dummy_hcd dummy_hcd.0: Dummy host controller
[   19.448592][    T1] dummy_hcd dummy_hcd.0: new USB bus registered, assigned bus number 1
[   19.452221][    T1] usb usb1: New USB device found, idVendor=1d6b, idProduct=0002, bcdDevice= 6.15
[   19.453578][    T1] usb usb1: New USB device strings: Mfr=3, Product=2, SerialNumber=1
[   19.454716][    T1] usb usb1: Product: Dummy host controller
[   19.455464][    T1] usb usb1: Manufacturer: Linux 6.15.0-rc4-00042-g8104e7632474-dirty dummy_hcd
[   19.456750][    T1] usb usb1: SerialNumber: dummy_hcd.0
[   19.464208][    T1] hub 1-0:1.0: USB hub found
[   19.465418][    T1] hub 1-0:1.0: 1 port detected
[   19.479022][    T1] SPI driver max3420-udc has no spi_device_id for maxim,max3421-udc
[   19.480836][    T1] gadgetfs: USB Gadget filesystem, version 24 Aug 2004
[   19.486735][    T1] vhci_hcd vhci_hcd.0: USB/IP Virtual Host Controller
[   19.489060][    T1] vhci_hcd vhci_hcd.0: new USB bus registered, assigned bus number 2
[   19.491273][    T1] vhci_hcd: created sysfs vhci_hcd.0
[   19.493809][    T1] usb usb2: New USB device found, idVendor=1d6b, idProduct=0002, bcdDevice= 6.15
[   19.495013][    T1] usb usb2: New USB device strings: Mfr=3, Product=2, SerialNumber=1
[   19.496124][    T1] usb usb2: Product: USB/IP Virtual Host Controller
[   19.496998][    T1] usb usb2: Manufacturer: Linux 6.15.0-rc4-00042-g8104e7632474-dirty vhci_hcd
[   19.498236][    T1] usb usb2: SerialNumber: vhci_hcd.0
[   19.504008][    T1] hub 2-0:1.0: USB hub found
[   19.505100][    T1] hub 2-0:1.0: 8 ports detected
[   19.522586][    T1] vhci_hcd vhci_hcd.0: USB/IP Virtual Host Controller
[   19.528319][    T1] vhci_hcd vhci_hcd.0: new USB bus registered, assigned bus number 3
[   19.530385][    T1] usb usb3: We don't know the algorithms for LPM for this host, disabling LPM.
[   19.533799][    T1] usb usb3: New USB device found, idVendor=1d6b, idProduct=0003, bcdDevice= 6.15
[   19.535214][    T1] usb usb3: New USB device strings: Mfr=3, Product=2, SerialNumber=1
[   19.536317][    T1] usb usb3: Product: USB/IP Virtual Host Controller
[   19.537209][    T1] usb usb3: Manufacturer: Linux 6.15.0-rc4-00042-g8104e7632474-dirty vhci_hcd
[   19.538396][    T1] usb usb3: SerialNumber: vhci_hcd.0
[   19.545145][    T1] hub 3-0:1.0: USB hub found
[   19.546305][    T1] hub 3-0:1.0: 8 ports detected
[   19.570237][    T1] vhci_hcd vhci_hcd.1: USB/IP Virtual Host Controller
[   19.572551][    T1] vhci_hcd vhci_hcd.1: new USB bus registered, assigned bus number 4
[   19.575654][    T1] usb usb4: New USB device found, idVendor=1d6b, idProduct=0002, bcdDevice= 6.15
[   19.576945][    T1] usb usb4: New USB device strings: Mfr=3, Product=2, SerialNumber=1
[   19.578067][    T1] usb usb4: Product: USB/IP Virtual Host Controller
[   19.578974][    T1] usb usb4: Manufacturer: Linux 6.15.0-rc4-00042-g8104e7632474-dirty vhci_hcd
[   19.580197][    T1] usb usb4: SerialNumber: vhci_hcd.1
[   19.587544][    T1] hub 4-0:1.0: USB hub found
[   19.588668][    T1] hub 4-0:1.0: 8 ports detected
[   19.607772][    T1] vhci_hcd vhci_hcd.1: USB/IP Virtual Host Controller
[   19.610446][    T1] vhci_hcd vhci_hcd.1: new USB bus registered, assigned bus number 5
[   19.612187][    T1] usb usb5: We don't know the algorithms for LPM for this host, disabling LPM.
[   19.614805][    T1] usb usb5: New USB device found, idVendor=1d6b, idProduct=0003, bcdDevice= 6.15
[   19.615939][    T1] usb usb5: New USB device strings: Mfr=3, Product=2, SerialNumber=1
[   19.616937][    T1] usb usb5: Product: USB/IP Virtual Host Controller
[   19.617759][    T1] usb usb5: Manufacturer: Linux 6.15.0-rc4-00042-g8104e7632474-dirty vhci_hcd
[   19.618849][    T1] usb usb5: SerialNumber: vhci_hcd.1
[   19.625799][    T1] hub 5-0:1.0: USB hub found
[   19.626760][    T1] hub 5-0:1.0: 8 ports detected
[   19.648587][    T1] vhci_hcd vhci_hcd.2: USB/IP Virtual Host Controller
[   19.651792][    T1] vhci_hcd vhci_hcd.2: new USB bus registered, assigned bus number 6
[   19.656112][    T1] usb usb6: New USB device found, idVendor=1d6b, idProduct=0002, bcdDevice= 6.15
[   19.657549][    T1] usb usb6: New USB device strings: Mfr=3, Product=2, SerialNumber=1
[   19.658655][    T1] usb usb6: Product: USB/IP Virtual Host Controller
[   19.659542][    T1] usb usb6: Manufacturer: Linux 6.15.0-rc4-00042-g8104e7632474-dirty vhci_hcd
[   19.661208][    T1] usb usb6: SerialNumber: vhci_hcd.2
[   19.669494][    T1] hub 6-0:1.0: USB hub found
[   19.670604][    T1] hub 6-0:1.0: 8 ports detected
[   19.689749][    T1] vhci_hcd vhci_hcd.2: USB/IP Virtual Host Controller
[   19.692294][    T1] vhci_hcd vhci_hcd.2: new USB bus registered, assigned bus number 7
[   19.695733][    T1] usb usb7: We don't know the algorithms for LPM for this host, disabling LPM.
[   19.698378][    T1] usb usb7: New USB device found, idVendor=1d6b, idProduct=0003, bcdDevice= 6.15
[   19.699507][    T1] usb usb7: New USB device strings: Mfr=3, Product=2, SerialNumber=1
[   19.700544][    T1] usb usb7: Product: USB/IP Virtual Host Controller
[   19.701395][    T1] usb usb7: Manufacturer: Linux 6.15.0-rc4-00042-g8104e7632474-dirty vhci_hcd
[   19.702503][    T1] usb usb7: SerialNumber: vhci_hcd.2
[   19.709001][    T1] hub 7-0:1.0: USB hub found
[   19.709995][    T1] hub 7-0:1.0: 8 ports detected
[   19.731775][    T1] vhci_hcd vhci_hcd.3: USB/IP Virtual Host Controller
[   19.734480][    T1] vhci_hcd vhci_hcd.3: new USB bus registered, assigned bus number 8
[   19.737430][    T1] usb usb8: New USB device found, idVendor=1d6b, idProduct=0002, bcdDevice= 6.15
[   19.738671][    T1] usb usb8: New USB device strings: Mfr=3, Product=2, SerialNumber=1
[   19.739752][    T1] usb usb8: Product: USB/IP Virtual Host Controller
[   19.740656][    T1] usb usb8: Manufacturer: Linux 6.15.0-rc4-00042-g8104e7632474-dirty vhci_hcd
[   19.742358][    T1] usb usb8: SerialNumber: vhci_hcd.3
[   19.749987][    T1] hub 8-0:1.0: USB hub found
[   19.751543][    T1] hub 8-0:1.0: 8 ports detected
[   19.770289][    T1] vhci_hcd vhci_hcd.3: USB/IP Virtual Host Controller
[   19.773515][    T1] vhci_hcd vhci_hcd.3: new USB bus registered, assigned bus number 9
[   19.775229][    T1] usb usb9: We don't know the algorithms for LPM for this host, disabling LPM.
[   19.777776][    T1] usb usb9: New USB device found, idVendor=1d6b, idProduct=0003, bcdDevice= 6.15
[   19.778908][    T1] usb usb9: New USB device strings: Mfr=3, Product=2, SerialNumber=1
[   19.779933][    T1] usb usb9: Product: USB/IP Virtual Host Controller
[   19.780749][    T1] usb usb9: Manufacturer: Linux 6.15.0-rc4-00042-g8104e7632474-dirty vhci_hcd
[   19.781883][    T1] usb usb9: SerialNumber: vhci_hcd.3
[   19.789697][    T1] hub 9-0:1.0: USB hub found
[   19.790740][    T1] hub 9-0:1.0: 8 ports detected
[   19.814144][    T1] vhci_hcd vhci_hcd.4: USB/IP Virtual Host Controller
[   19.817378][    T1] vhci_hcd vhci_hcd.4: new USB bus registered, assigned bus number 10
[   19.821617][    T1] usb usb10: New USB device found, idVendor=1d6b, idProduct=0002, bcdDevice= 6.15
[   19.823263][    T1] usb usb10: New USB device strings: Mfr=3, Product=2, SerialNumber=1
[   19.824409][    T1] usb usb10: Product: USB/IP Virtual Host Controller
[   19.825347][    T1] usb usb10: Manufacturer: Linux 6.15.0-rc4-00042-g8104e7632474-dirty vhci_hcd
[   19.826582][    T1] usb usb10: SerialNumber: vhci_hcd.4
[   19.832845][    T1] hub 10-0:1.0: USB hub found
[   19.833944][    T1] hub 10-0:1.0: 8 ports detected
[   19.854154][    T1] vhci_hcd vhci_hcd.4: USB/IP Virtual Host Controller
[   19.856516][    T1] vhci_hcd vhci_hcd.4: new USB bus registered, assigned bus number 11
[   19.858190][    T1] usb usb11: We don't know the algorithms for LPM for this host, disabling LPM.
[   19.860766][    T1] usb usb11: New USB device found, idVendor=1d6b, idProduct=0003, bcdDevice= 6.15
[   19.861917][    T1] usb usb11: New USB device strings: Mfr=3, Product=2, SerialNumber=1
[   19.862920][    T1] usb usb11: Product: USB/IP Virtual Host Controller
[   19.864502][    T1] usb usb11: Manufacturer: Linux 6.15.0-rc4-00042-g8104e7632474-dirty vhci_hcd
[   19.865602][    T1] usb usb11: SerialNumber: vhci_hcd.4
[   19.872135][    T1] hub 11-0:1.0: USB hub found
[   19.873211][    T1] hub 11-0:1.0: 8 ports detected
[   19.896185][    T1] vhci_hcd vhci_hcd.5: USB/IP Virtual Host Controller
[   19.898632][    T1] vhci_hcd vhci_hcd.5: new USB bus registered, assigned bus number 12
[   19.902278][    T1] usb usb12: New USB device found, idVendor=1d6b, idProduct=0002, bcdDevice= 6.15
[   19.904942][    T1] usb usb12: New USB device strings: Mfr=3, Product=2, SerialNumber=1
[   19.906073][    T1] usb usb12: Product: USB/IP Virtual Host Controller
[   19.906993][    T1] usb usb12: Manufacturer: Linux 6.15.0-rc4-00042-g8104e7632474-dirty vhci_hcd
[   19.908224][    T1] usb usb12: SerialNumber: vhci_hcd.5
[   19.914424][    T1] hub 12-0:1.0: USB hub found
[   19.915456][    T1] hub 12-0:1.0: 8 ports detected
[   19.935103][    T1] vhci_hcd vhci_hcd.5: USB/IP Virtual Host Controller
[   19.937536][    T1] vhci_hcd vhci_hcd.5: new USB bus registered, assigned bus number 13
[   19.939283][    T1] usb usb13: We don't know the algorithms for LPM for this host, disabling LPM.
[   19.942068][    T1] usb usb13: New USB device found, idVendor=1d6b, idProduct=0003, bcdDevice= 6.15
[   19.944574][    T1] usb usb13: New USB device strings: Mfr=3, Product=2, SerialNumber=1
[   19.945926][    T1] usb usb13: Product: USB/IP Virtual Host Controller
[   19.946929][    T1] usb usb13: Manufacturer: Linux 6.15.0-rc4-00042-g8104e7632474-dirty vhci_hcd
[   19.948143][    T1] usb usb13: SerialNumber: vhci_hcd.5
[   19.954961][    T1] hub 13-0:1.0: USB hub found
[   19.956134][    T1] hub 13-0:1.0: 8 ports detected
[   19.981352][    T1] vhci_hcd vhci_hcd.6: USB/IP Virtual Host Controller
[   19.984533][    T1] vhci_hcd vhci_hcd.6: new USB bus registered, assigned bus number 14
[   19.987567][    T1] usb usb14: New USB device found, idVendor=1d6b, idProduct=0002, bcdDevice= 6.15
[   19.988845][    T1] usb usb14: New USB device strings: Mfr=3, Product=2, SerialNumber=1
[   19.989968][    T1] usb usb14: Product: USB/IP Virtual Host Controller
[   19.990881][    T1] usb usb14: Manufacturer: Linux 6.15.0-rc4-00042-g8104e7632474-dirty vhci_hcd
[   19.992098][    T1] usb usb14: SerialNumber: vhci_hcd.6
[   19.998718][    T1] hub 14-0:1.0: USB hub found
[   19.999700][    T1] hub 14-0:1.0: 8 ports detected
[   20.019562][    T1] vhci_hcd vhci_hcd.6: USB/IP Virtual Host Controller
[   20.022374][    T1] vhci_hcd vhci_hcd.6: new USB bus registered, assigned bus number 15
[   20.024143][    T1] usb usb15: We don't know the algorithms for LPM for this host, disabling LPM.
[   20.026773][    T1] usb usb15: New USB device found, idVendor=1d6b, idProduct=0003, bcdDevice= 6.15
[   20.027930][    T1] usb usb15: New USB device strings: Mfr=3, Product=2, SerialNumber=1
[   20.028939][    T1] usb usb15: Product: USB/IP Virtual Host Controller
[   20.029773][    T1] usb usb15: Manufacturer: Linux 6.15.0-rc4-00042-g8104e7632474-dirty vhci_hcd
[   20.030884][    T1] usb usb15: SerialNumber: vhci_hcd.6
[   20.038565][    T1] hub 15-0:1.0: USB hub found
[   20.039531][    T1] hub 15-0:1.0: 8 ports detected
[   20.061099][    T1] vhci_hcd vhci_hcd.7: USB/IP Virtual Host Controller
[   20.064922][    T1] vhci_hcd vhci_hcd.7: new USB bus registered, assigned bus number 16
[   20.068175][    T1] usb usb16: New USB device found, idVendor=1d6b, idProduct=0002, bcdDevice= 6.15
[   20.069459][    T1] usb usb16: New USB device strings: Mfr=3, Product=2, SerialNumber=1
[   20.070577][    T1] usb usb16: Product: USB/IP Virtual Host Controller
[   20.071483][    T1] usb usb16: Manufacturer: Linux 6.15.0-rc4-00042-g8104e7632474-dirty vhci_hcd
[   20.072685][    T1] usb usb16: SerialNumber: vhci_hcd.7
[   20.079881][    T1] hub 16-0:1.0: USB hub found
[   20.081109][    T1] hub 16-0:1.0: 8 ports detected
[   20.100708][    T1] vhci_hcd vhci_hcd.7: USB/IP Virtual Host Controller
[   20.104194][    T1] vhci_hcd vhci_hcd.7: new USB bus registered, assigned bus number 17
[   20.106236][    T1] usb usb17: We don't know the algorithms for LPM for this host, disabling LPM.
[   20.109138][    T1] usb usb17: New USB device found, idVendor=1d6b, idProduct=0003, bcdDevice= 6.15
[   20.110469][    T1] usb usb17: New USB device strings: Mfr=3, Product=2, SerialNumber=1
[   20.111628][    T1] usb usb17: Product: USB/IP Virtual Host Controller
[   20.112629][    T1] usb usb17: Manufacturer: Linux 6.15.0-rc4-00042-g8104e7632474-dirty vhci_hcd
[   20.115701][    T1] usb usb17: SerialNumber: vhci_hcd.7
[   20.123609][    T1] hub 17-0:1.0: USB hub found
[   20.124926][    T1] hub 17-0:1.0: 8 ports detected
[   20.155758][    T1] vhci_hcd vhci_hcd.8: USB/IP Virtual Host Controller
[   20.160231][    T1] vhci_hcd vhci_hcd.8: new USB bus registered, assigned bus number 18
[   20.165785][    T1] usb usb18: New USB device found, idVendor=1d6b, idProduct=0002, bcdDevice= 6.15
[   20.168107][    T1] usb usb18: New USB device strings: Mfr=3, Product=2, SerialNumber=1
[   20.170191][    T1] usb usb18: Product: USB/IP Virtual Host Controller
[   20.171856][    T1] usb usb18: Manufacturer: Linux 6.15.0-rc4-00042-g8104e7632474-dirty vhci_hcd
[   20.174980][    T1] usb usb18: SerialNumber: vhci_hcd.8
[   20.183432][    T1] hub 18-0:1.0: USB hub found
[   20.184910][    T1] hub 18-0:1.0: 8 ports detected
[   20.201369][    T1] vhci_hcd vhci_hcd.8: USB/IP Virtual Host Controller
[   20.205001][    T1] vhci_hcd vhci_hcd.8: new USB bus registered, assigned bus number 19
[   20.206696][    T1] usb usb19: We don't know the algorithms for LPM for this host, disabling LPM.
[   20.209398][    T1] usb usb19: New USB device found, idVendor=1d6b, idProduct=0003, bcdDevice= 6.15
[   20.210552][    T1] usb usb19: New USB device strings: Mfr=3, Product=2, SerialNumber=1
[   20.211553][    T1] usb usb19: Product: USB/IP Virtual Host Controller
[   20.212395][    T1] usb usb19: Manufacturer: Linux 6.15.0-rc4-00042-g8104e7632474-dirty vhci_hcd
[   20.213786][    T1] usb usb19: SerialNumber: vhci_hcd.8
[   20.220393][    T1] hub 19-0:1.0: USB hub found
[   20.221900][    T1] hub 19-0:1.0: 8 ports detected
[   20.243581][    T1] vhci_hcd vhci_hcd.9: USB/IP Virtual Host Controller
[   20.246043][    T1] vhci_hcd vhci_hcd.9: new USB bus registered, assigned bus number 20
[   20.249291][    T1] usb usb20: New USB device found, idVendor=1d6b, idProduct=0002, bcdDevice= 6.15
[   20.250719][    T1] usb usb20: New USB device strings: Mfr=3, Product=2, SerialNumber=1
[   20.251990][    T1] usb usb20: Product: USB/IP Virtual Host Controller
[   20.252970][    T1] usb usb20: Manufacturer: Linux 6.15.0-rc4-00042-g8104e7632474-dirty vhci_hcd
[   20.255336][    T1] usb usb20: SerialNumber: vhci_hcd.9
[   20.262108][    T1] hub 20-0:1.0: USB hub found
[   20.263455][    T1] hub 20-0:1.0: 8 ports detected
[   20.285027][    T1] vhci_hcd vhci_hcd.9: USB/IP Virtual Host Controller
[   20.287893][    T1] vhci_hcd vhci_hcd.9: new USB bus registered, assigned bus number 21
[   20.289684][    T1] usb usb21: We don't know the algorithms for LPM for this host, disabling LPM.
[   20.292266][    T1] usb usb21: New USB device found, idVendor=1d6b, idProduct=0003, bcdDevice= 6.15
[   20.294896][    T1] usb usb21: New USB device strings: Mfr=3, Product=2, SerialNumber=1
[   20.295900][    T1] usb usb21: Product: USB/IP Virtual Host Controller
[   20.296717][    T1] usb usb21: Manufacturer: Linux 6.15.0-rc4-00042-g8104e7632474-dirty vhci_hcd
[   20.297829][    T1] usb usb21: SerialNumber: vhci_hcd.9
[   20.303637][    T1] hub 21-0:1.0: USB hub found
[   20.304606][    T1] hub 21-0:1.0: 8 ports detected
[   20.326612][    T1] vhci_hcd vhci_hcd.10: USB/IP Virtual Host Controller
[   20.329637][    T1] vhci_hcd vhci_hcd.10: new USB bus registered, assigned bus number 22
[   20.332638][    T1] usb usb22: New USB device found, idVendor=1d6b, idProduct=0002, bcdDevice= 6.15
[   20.334651][    T1] usb usb22: New USB device strings: Mfr=3, Product=2, SerialNumber=1
[   20.335746][    T1] usb usb22: Product: USB/IP Virtual Host Controller
[   20.336599][    T1] usb usb22: Manufacturer: Linux 6.15.0-rc4-00042-g8104e7632474-dirty vhci_hcd
[   20.337713][    T1] usb usb22: SerialNumber: vhci_hcd.10
[   20.343576][    T1] hub 22-0:1.0: USB hub found
[   20.345378][    T1] hub 22-0:1.0: 8 ports detected
[   20.367028][    T1] vhci_hcd vhci_hcd.10: USB/IP Virtual Host Controller
[   20.372318][    T1] vhci_hcd vhci_hcd.10: new USB bus registered, assigned bus number 23
[   20.374954][    T1] usb usb23: We don't know the algorithms for LPM for this host, disabling LPM.
[   20.377542][    T1] usb usb23: New USB device found, idVendor=1d6b, idProduct=0003, bcdDevice= 6.15
[   20.378833][    T1] usb usb23: New USB device strings: Mfr=3, Product=2, SerialNumber=1
[   20.380092][    T1] usb usb23: Product: USB/IP Virtual Host Controller
[   20.381131][    T1] usb usb23: Manufacturer: Linux 6.15.0-rc4-00042-g8104e7632474-dirty vhci_hcd
[   20.382483][    T1] usb usb23: SerialNumber: vhci_hcd.10
[   20.389367][    T1] hub 23-0:1.0: USB hub found
[   20.390579][    T1] hub 23-0:1.0: 8 ports detected
[   20.421322][    T1] vhci_hcd vhci_hcd.11: USB/IP Virtual Host Controller
[   20.425895][    T1] vhci_hcd vhci_hcd.11: new USB bus registered, assigned bus number 24
[   20.431453][    T1] usb usb24: New USB device found, idVendor=1d6b, idProduct=0002, bcdDevice= 6.15
[   20.435065][    T1] usb usb24: New USB device strings: Mfr=3, Product=2, SerialNumber=1
[   20.437170][    T1] usb usb24: Product: USB/IP Virtual Host Controller
[   20.438848][    T1] usb usb24: Manufacturer: Linux 6.15.0-rc4-00042-g8104e7632474-dirty vhci_hcd
[   20.441110][    T1] usb usb24: SerialNumber: vhci_hcd.11
[   20.451439][    T1] hub 24-0:1.0: USB hub found
[   20.453262][    T1] hub 24-0:1.0: 8 ports detected
[   20.475075][    T1] vhci_hcd vhci_hcd.11: USB/IP Virtual Host Controller
[   20.478045][    T1] vhci_hcd vhci_hcd.11: new USB bus registered, assigned bus number 25
[   20.481037][    T1] usb usb25: We don't know the algorithms for LPM for this host, disabling LPM.
[   20.483985][    T1] usb usb25: New USB device found, idVendor=1d6b, idProduct=0003, bcdDevice= 6.15
[   20.485327][    T1] usb usb25: New USB device strings: Mfr=3, Product=2, SerialNumber=1
[   20.486648][    T1] usb usb25: Product: USB/IP Virtual Host Controller
[   20.487894][    T1] usb usb25: Manufacturer: Linux 6.15.0-rc4-00042-g8104e7632474-dirty vhci_hcd
[   20.489170][    T1] usb usb25: SerialNumber: vhci_hcd.11
[   20.496273][    T1] hub 25-0:1.0: USB hub found
[   20.497828][    T1] hub 25-0:1.0: 8 ports detected
[   20.521812][    T1] vhci_hcd vhci_hcd.12: USB/IP Virtual Host Controller
[   20.524336][    T1] vhci_hcd vhci_hcd.12: new USB bus registered, assigned bus number 26
[   20.527822][    T1] usb usb26: New USB device found, idVendor=1d6b, idProduct=0002, bcdDevice= 6.15
[   20.529223][    T1] usb usb26: New USB device strings: Mfr=3, Product=2, SerialNumber=1
[   20.530458][    T1] usb usb26: Product: USB/IP Virtual Host Controller
[   20.531465][    T1] usb usb26: Manufacturer: Linux 6.15.0-rc4-00042-g8104e7632474-dirty vhci_hcd
[   20.532653][    T1] usb usb26: SerialNumber: vhci_hcd.12
[   20.541039][    T1] hub 26-0:1.0: USB hub found
[   20.542193][    T1] hub 26-0:1.0: 8 ports detected
[   20.563183][    T1] vhci_hcd vhci_hcd.12: USB/IP Virtual Host Controller
[   20.567745][    T1] vhci_hcd vhci_hcd.12: new USB bus registered, assigned bus number 27
[   20.571121][    T1] usb usb27: We don't know the algorithms for LPM for this host, disabling LPM.
[   20.577984][    T1] usb usb27: New USB device found, idVendor=1d6b, idProduct=0003, bcdDevice= 6.15
[   20.580125][    T1] usb usb27: New USB device strings: Mfr=3, Product=2, SerialNumber=1
[   20.582212][    T1] usb usb27: Product: USB/IP Virtual Host Controller
[   20.584041][    T1] usb usb27: Manufacturer: Linux 6.15.0-rc4-00042-g8104e7632474-dirty vhci_hcd
[   20.586280][    T1] usb usb27: SerialNumber: vhci_hcd.12
[   20.597821][    T1] hub 27-0:1.0: USB hub found
[   20.599527][    T1] hub 27-0:1.0: 8 ports detected
[   20.627438][    T1] vhci_hcd vhci_hcd.13: USB/IP Virtual Host Controller
[   20.629970][    T1] vhci_hcd vhci_hcd.13: new USB bus registered, assigned bus number 28
[   20.632899][    T1] usb usb28: New USB device found, idVendor=1d6b, idProduct=0002, bcdDevice= 6.15
[   20.634083][    T1] usb usb28: New USB device strings: Mfr=3, Product=2, SerialNumber=1
[   20.635090][    T1] usb usb28: Product: USB/IP Virtual Host Controller
[   20.635922][    T1] usb usb28: Manufacturer: Linux 6.15.0-rc4-00042-g8104e7632474-dirty vhci_hcd
[   20.637012][    T1] usb usb28: SerialNumber: vhci_hcd.13
[   20.643361][    T1] hub 28-0:1.0: USB hub found
[   20.644361][    T1] hub 28-0:1.0: 8 ports detected
[   20.661656][    T1] vhci_hcd vhci_hcd.13: USB/IP Virtual Host Controller
[   20.664117][    T1] vhci_hcd vhci_hcd.13: new USB bus registered, assigned bus number 29
[   20.665903][    T1] usb usb29: We don't know the algorithms for LPM for this host, disabling LPM.
[   20.668492][    T1] usb usb29: New USB device found, idVendor=1d6b, idProduct=0003, bcdDevice= 6.15
[   20.669753][    T1] usb usb29: New USB device strings: Mfr=3, Product=2, SerialNumber=1
[   20.670977][    T1] usb usb29: Product: USB/IP Virtual Host Controller
[   20.672026][    T1] usb usb29: Manufacturer: Linux 6.15.0-rc4-00042-g8104e7632474-dirty vhci_hcd
[   20.675125][    T1] usb usb29: SerialNumber: vhci_hcd.13
[   20.682520][    T1] hub 29-0:1.0: USB hub found
[   20.683925][    T1] hub 29-0:1.0: 8 ports detected
[   20.714350][    T1] vhci_hcd vhci_hcd.14: USB/IP Virtual Host Controller
[   20.716719][    T1] vhci_hcd vhci_hcd.14: new USB bus registered, assigned bus number 30
[   20.719614][    T1] usb usb30: New USB device found, idVendor=1d6b, idProduct=0002, bcdDevice= 6.15
[   20.720786][    T1] usb usb30: New USB device strings: Mfr=3, Product=2, SerialNumber=1
[   20.721791][    T1] usb usb30: Product: USB/IP Virtual Host Controller
[   20.722608][    T1] usb usb30: Manufacturer: Linux 6.15.0-rc4-00042-g8104e7632474-dirty vhci_hcd
[   20.723761][    T1] usb usb30: SerialNumber: vhci_hcd.14
[   20.729681][    T1] hub 30-0:1.0: USB hub found
[   20.730638][    T1] hub 30-0:1.0: 8 ports detected
[   20.748593][    T1] vhci_hcd vhci_hcd.14: USB/IP Virtual Host Controller
[   20.751363][    T1] vhci_hcd vhci_hcd.14: new USB bus registered, assigned bus number 31
[   20.754496][    T1] usb usb31: We don't know the algorithms for LPM for this host, disabling LPM.
[   20.757565][    T1] usb usb31: New USB device found, idVendor=1d6b, idProduct=0003, bcdDevice= 6.15
[   20.758817][    T1] usb usb31: New USB device strings: Mfr=3, Product=2, SerialNumber=1
[   20.760157][    T1] usb usb31: Product: USB/IP Virtual Host Controller
[   20.761130][    T1] usb usb31: Manufacturer: Linux 6.15.0-rc4-00042-g8104e7632474-dirty vhci_hcd
[   20.762468][    T1] usb usb31: SerialNumber: vhci_hcd.14
[   20.770989][    T1] hub 31-0:1.0: USB hub found
[   20.772282][    T1] hub 31-0:1.0: 8 ports detected
[   20.800362][    T1] vhci_hcd vhci_hcd.15: USB/IP Virtual Host Controller
[   20.804395][    T1] vhci_hcd vhci_hcd.15: new USB bus registered, assigned bus number 32
[   20.807092][    T1] usb usb32: New USB device found, idVendor=1d6b, idProduct=0002, bcdDevice= 6.15
[   20.808248][    T1] usb usb32: New USB device strings: Mfr=3, Product=2, SerialNumber=1
[   20.809248][    T1] usb usb32: Product: USB/IP Virtual Host Controller
[   20.810086][    T1] usb usb32: Manufacturer: Linux 6.15.0-rc4-00042-g8104e7632474-dirty vhci_hcd
[   20.811187][    T1] usb usb32: SerialNumber: vhci_hcd.15
[   20.817815][    T1] hub 32-0:1.0: USB hub found
[   20.818801][    T1] hub 32-0:1.0: 8 ports detected
[   20.834961][    T1] vhci_hcd vhci_hcd.15: USB/IP Virtual Host Controller
[   20.838607][    T1] vhci_hcd vhci_hcd.15: new USB bus registered, assigned bus number 33
[   20.840302][    T1] usb usb33: We don't know the algorithms for LPM for this host, disabling LPM.
[   20.842842][    T1] usb usb33: New USB device found, idVendor=1d6b, idProduct=0003, bcdDevice= 6.15
[   20.844696][    T1] usb usb33: New USB device strings: Mfr=3, Product=2, SerialNumber=1
[   20.845746][    T1] usb usb33: Product: USB/IP Virtual Host Controller
[   20.846608][    T1] usb usb33: Manufacturer: Linux 6.15.0-rc4-00042-g8104e7632474-dirty vhci_hcd
[   20.847741][    T1] usb usb33: SerialNumber: vhci_hcd.15
[   20.854640][    T1] hub 33-0:1.0: USB hub found
[   20.855705][    T1] hub 33-0:1.0: 8 ports detected
[   20.877468][    T1] usbcore: registered new device driver usbip-host
[   20.900914][    T1] i8042: PNP: PS/2 Controller [PNP0303:KBD,PNP0f13:MOU] at 0x60,0x64 irq 1,12
[   20.906232][    T1] serio: i8042 KBD port at 0x60,0x64 irq 1
[   20.909233][    T1] serio: i8042 AUX port at 0x60,0x64 irq 12
[   20.917184][    T1] mousedev: PS/2 mouse device common for all mice
[   20.924624][   T65] input: AT Translated Set 2 keyboard as /devices/platform/i8042/serio0/input/input1
[   20.926852][    T1] usbcore: registered new interface driver appletouch
[   20.929248][    T1] usbcore: registered new interface driver bcm5974
[   20.931085][    T1] usbcore: registered new interface driver synaptics_usb
[   20.937227][    T1] usbcore: registered new interface driver iforce
[   20.938607][    T1] usbcore: registered new interface driver pxrc
[   20.942094][    T1] usbcore: registered new interface driver xpad
[   20.944889][    T1] usbcore: registered new interface driver usb_acecad
[   20.946490][    T1] usbcore: registered new interface driver aiptek
[   20.948874][    T1] usbcore: registered new interface driver hanwang
[   20.950562][    T1] usbcore: registered new interface driver kbtab
[   20.952358][    T1] usbcore: registered new interface driver pegasus_notetaker
[   20.954757][    T1] usbcore: registered new interface driver usbtouchscreen
[   20.956125][    T1] usbcore: registered new interface driver sur40
[   20.957495][    T1] usbcore: registered new interface driver ati_remote2
[   20.958394][    T1] cm109: Keymap for Komunikate KIP1000 phone loaded
[   20.959837][    T1] usbcore: registered new interface driver cm109
[   20.960667][    T1] cm109: CM109 phone driver: 20080805 (C) Alfred E. Heggestad
[   20.962257][    T1] usbcore: registered new interface driver ims_pcu
[   20.963659][    T1] usbcore: registered new interface driver keyspan_remote
[   20.965468][    T1] usbcore: registered new interface driver powermate
[   20.968489][    T1] usbcore: registered new interface driver yealink
[   20.972105][    T1] rtc_cmos 00:05: RTC can wake from S4
[   20.981550][    T1] rtc_cmos 00:05: registered as rtc0
[   20.982314][    T1] rtc_cmos 00:05: alarms up to one day, y3k, 242 bytes nvram, hpet irqs
[   20.984480][    T1] i2c_dev: i2c /dev entries driver
[   20.985970][    T1] usbcore: registered new interface driver i2c-diolan-u2c
[   20.989076][    T1] usbcore: registered new interface driver i2c-cp2615
[   20.990733][    T1] usbcore: registered new interface driver RobotFuzz Open Source InterFace, OSIF
[   20.992308][    T1] usbcore: registered new interface driver i2c-tiny-usb
[   20.999143][    T1] usbcore: registered new interface driver igorplugusb
[   21.003268][    T1] usbcore: registered new interface driver iguanair
[   21.006091][    T1] usbcore: registered new interface driver imon
[   21.007344][    T1] usbcore: registered new interface driver imon_raw
[   21.008794][    T1] usbcore: registered new interface driver mceusb
[   21.010010][    T1] usbcore: registered new interface driver redrat3
[   21.011200][    T1] usbcore: registered new interface driver streamzap
[   21.012413][    T1] usbcore: registered new interface driver ir_toy
[   21.014605][    T1] usbcore: registered new interface driver ttusbir
[   21.015831][    T1] usbcore: registered new interface driver ati_remote
[   21.017053][    T1] usbcore: registered new interface driver xbox_remote
[   21.018948][    T1] b2c2-flexcop: B2C2 FlexcopII/II(b)/III digital TV receiver chip loaded successfully
[   21.020892][    T1] usbcore: registered new interface driver b2c2_flexcop_usb
[   21.022167][    T1] usbcore: registered new interface driver dvb_usb_vp7045
[   21.023439][    T1] usbcore: registered new interface driver dvb_usb_vp702x
[   21.024712][    T1] usbcore: registered new interface driver dvb_usb_gp8psk
[   21.025984][    T1] usbcore: registered new interface driver dvb_usb_dtt200u
[   21.027230][    T1] usbcore: registered new interface driver dvb_usb_a800
[   21.028585][    T1] usbcore: registered new interface driver dvb_usb_dibusb_mb
[   21.030105][    T1] usbcore: registered new interface driver dvb_usb_dibusb_mc
[   21.031399][    T1] usbcore: registered new interface driver dvb_usb_nova_t_usb2
[   21.032686][    T1] usbcore: registered new interface driver dvb_usb_umt_010
[   21.036227][    T1] usbcore: registered new interface driver dvb_usb_m920x
[   21.037449][    T1] usbcore: registered new interface driver dvb_usb_digitv
[   21.038777][    T1] usbcore: registered new interface driver dvb_usb_cxusb
[   21.040117][    T1] usbcore: registered new interface driver dvb_usb_ttusb2
[   21.042714][    T1] usbcore: registered new interface driver dvb_usb_dib0700
[   21.044080][    T1] usbcore: registered new interface driver opera1
[   21.046141][    T1] usbcore: registered new interface driver dvb_usb_af9005
[   21.047026][    T1] failing symbol_get of non-GPLONLY symbol af9005_rc_decode.
[   21.048715][    T1] failing symbol_get of non-GPLONLY symbol af9005_rc_decode.
[   21.049631][    T1] failing symbol_get of non-GPLONLY symbol rc_map_af9005_table.
[   21.051209][    T1] failing symbol_get of non-GPLONLY symbol rc_map_af9005_table.
[   21.052174][    T1] failing symbol_get of non-GPLONLY symbol rc_map_af9005_table_size.
[   21.055130][    T1] failing symbol_get of non-GPLONLY symbol rc_map_af9005_table_size.
[   21.056117][    T1] af9005: af9005_rc_decode function not found, disabling remote
[   21.057699][    T1] usbcore: registered new interface driver pctv452e
[   21.059039][    T1] usbcore: registered new interface driver dw2102
[   21.060208][    T1] usbcore: registered new interface driver dvb_usb_dtv5100
[   21.061467][    T1] usbcore: registered new interface driver cinergyT2
[   21.062787][    T1] usbcore: registered new interface driver dvb_usb_az6027
[   21.065151][    T1] usbcore: registered new interface driver dvb_usb_technisat_usb2
[   21.067958][    T1] usbcore: registered new interface driver dvb_usb_af9015
[   21.069286][    T1] usbcore: registered new interface driver dvb_usb_af9035
[   21.070512][    T1] usbcore: registered new interface driver dvb_usb_anysee
[   21.071723][    T1] usbcore: registered new interface driver dvb_usb_au6610
[   21.072985][    T1] usbcore: registered new interface driver dvb_usb_az6007
[   21.074828][    T1] usbcore: registered new interface driver dvb_usb_ce6230
[   21.076210][    T1] usbcore: registered new interface driver dvb_usb_ec168
[   21.077664][    T1] usbcore: registered new interface driver dvb_usb_lmedm04
[   21.078881][    T1] usbcore: registered new interface driver dvb_usb_gl861
[   21.080192][    T1] usbcore: registered new interface driver dvb_usb_mxl111sf
[   21.081570][    T1] usbcore: registered new interface driver dvb_usb_rtl28xxu
[   21.082853][    T1] usbcore: registered new interface driver dvb_usb_dvbsky
[   21.084441][    T1] usbcore: registered new interface driver zd1301
[   21.085739][    T1] usbcore: registered new interface driver s2255
[   21.087047][    T1] usbcore: registered new interface driver smsusb
[   21.088225][    T1] usbcore: registered new interface driver ttusb
[   21.089388][    T1] usbcore: registered new interface driver ttusb-dec
[   21.090588][    T1] usbcore: registered new interface driver Abilis Systems as10x usb driver
[   21.092007][    T1] usbcore: registered new interface driver airspy
[   21.092807][    T1] gspca_main: v2.14.0 registered
[   21.094062][    T1] usbcore: registered new interface driver benq
[   21.095214][    T1] usbcore: registered new interface driver conex
[   21.096364][    T1] usbcore: registered new interface driver cpia1
[   21.097508][    T1] usbcore: registered new interface driver dtcs033
[   21.098738][    T1] usbcore: registered new interface driver etoms
[   21.100029][    T1] usbcore: registered new interface driver finepix
[   21.101217][    T1] usbcore: registered new interface driver jeilinj
[   21.102400][    T1] usbcore: registered new interface driver jl2005bcd
[   21.103661][    T1] usbcore: registered new interface driver kinect
[   21.104913][    T1] usbcore: registered new interface driver konica
[   21.106087][    T1] usbcore: registered new interface driver mars
[   21.107253][    T1] usbcore: registered new interface driver mr97310a
[   21.108517][    T1] usbcore: registered new interface driver nw80x
[   21.109751][    T1] usbcore: registered new interface driver ov519
[   21.110897][    T1] usbcore: registered new interface driver ov534
[   21.112054][    T1] usbcore: registered new interface driver ov534_9
[   21.113317][    T1] usbcore: registered new interface driver pac207
[   21.114549][    T1] usbcore: registered new interface driver gspca_pac7302
[   21.115803][    T1] usbcore: registered new interface driver pac7311
[   21.117037][    T1] usbcore: registered new interface driver se401
[   21.118205][    T1] usbcore: registered new interface driver sn9c2028
[   21.119498][    T1] usbcore: registered new interface driver gspca_sn9c20x
[   21.120831][    T1] usbcore: registered new interface driver sonixb
[   21.122167][    T1] usbcore: registered new interface driver sonixj
[   21.123448][    T1] usbcore: registered new interface driver spca500
[   21.124650][    T1] usbcore: registered new interface driver spca501
[   21.125918][    T1] usbcore: registered new interface driver spca505
[   21.127094][    T1] usbcore: registered new interface driver spca506
[   21.128302][    T1] usbcore: registered new interface driver spca508
[   21.129765][    T1] usbcore: registered new interface driver spca561
[   21.130969][    T1] usbcore: registered new interface driver spca1528
[   21.132156][    T1] usbcore: registered new interface driver sq905
[   21.133378][    T1] usbcore: registered new interface driver sq905c
[   21.134757][    T1] usbcore: registered new interface driver sq930x
[   21.136214][    T1] usbcore: registered new interface driver sunplus
[   21.137399][    T1] usbcore: registered new interface driver stk014
[   21.138586][    T1] usbcore: registered new interface driver stk1135
[   21.139766][    T1] usbcore: registered new interface driver stv0680
[   21.140946][    T1] usbcore: registered new interface driver t613
[   21.142101][    T1] usbcore: registered new interface driver gspca_topro
[   21.144500][    T1] usbcore: registered new interface driver touptek
[   21.145761][    T1] usbcore: registered new interface driver tv8532
[   21.146971][    T1] usbcore: registered new interface driver vc032x
[   21.148181][    T1] usbcore: registered new interface driver vicam
[   21.149373][    T1] usbcore: registered new interface driver xirlink-cit
[   21.150797][    T1] usbcore: registered new interface driver gspca_zc3xx
[   21.152006][    T1] usbcore: registered new interface driver ALi m5602
[   21.153512][    T1] usbcore: registered new interface driver STV06xx
[   21.154795][    T1] usbcore: registered new interface driver gspca_gl860
[   21.156010][    T1] usbcore: registered new interface driver hackrf
[   21.157162][    T1] usbcore: registered new interface driver msi2500
[   21.158615][    T1] usbcore: registered new interface driver Philips webcam
[   21.160325][    T1] usbcore: registered new interface driver uvcvideo
[   21.161167][    T1] au0828: au0828 driver loaded
[   21.162206][    T1] usbcore: registered new interface driver au0828
[   21.163653][    T1] usbcore: registered new interface driver cx231xx
[   21.165460][    T1] usbcore: registered new interface driver em28xx
[   21.166338][    T1] em28xx: Registered (Em28xx v4l2 Extension) extension
[   21.167180][    T1] em28xx: Registered (Em28xx Audio Extension) extension
[   21.168043][    T1] em28xx: Registered (Em28xx dvb Extension) extension
[   21.168865][    T1] em28xx: Registered (Em28xx Input Extension) extension
[   21.170200][    T1] usbcore: registered new interface driver go7007
[   21.171375][    T1] usbcore: registered new interface driver go7007-loader
[   21.172876][    T1] usbcore: registered new interface driver hdpvr
[   21.174612][    T1] usbcore: registered new interface driver pvrusb2
[   21.175416][    T1] pvrusb2: V4L in-tree version:Hauppauge WinTV-PVR-USB2 MPEG2 Encoder/Tuner
[   21.176468][    T1] pvrusb2: Debug mask is 31 (0x1f)
[   21.177501][    T1] usbcore: registered new interface driver stk1160
[   21.179405][    T1] usbcore: registered new interface driver usbtv
[   21.187668][    T1] dvbdev: DVB: registering new adapter (dvb_vidtv_bridge)
[   21.193799][    T1] i2c i2c-0: DVB: registering adapter 0 frontend 0 (Dummy demod for DVB-T/T2/C/S/S2)...
[   21.195426][    T1] dvbdev: dvb_create_media_entity: media entity 'Dummy demod for DVB-T/T2/C/S/S2' registered.
[   21.208463][    T1] dvbdev: dvb_create_media_entity: media entity 'dvb-demux' registered.
[   21.219978][    T1] vidtv vidtv.0: Successfully initialized vidtv!
[   21.225180][    T1] vicodec vicodec.0: Device 'stateful-encoder' registered as /dev/video0
[   21.228048][    T1] vicodec vicodec.0: Device 'stateful-decoder' registered as /dev/video1
[   21.231119][    T1] vicodec vicodec.0: Device 'stateless-decoder' registered as /dev/video2
[   21.239133][    T1] vim2m vim2m.0: Device registered as /dev/video3
[   21.280109][    T1] vivid-000: using single planar format API
[   21.313823][    T1] vivid-000: CEC adapter cec0 registered for HDMI input
[   21.316302][    T1] vivid-000: V4L2 capture device registered as video7
[   21.318288][    T1] vivid-000: CEC adapter cec1 registered for HDMI output 0
[   21.320313][    T1] vivid-000: V4L2 output device registered as video8
[   21.322723][    T1] vivid-000: V4L2 capture device registered as vbi0, supports raw and sliced VBI
[   21.325585][    T1] vivid-000: V4L2 output device registered as vbi1, supports raw and sliced VBI
[   21.327930][    T1] vivid-000: V4L2 capture device registered as swradio0
[   21.330536][    T1] vivid-000: V4L2 receiver device registered as radio0
[   21.332822][    T1] vivid-000: V4L2 transmitter device registered as radio1
[   21.335235][    T1] vivid-000: V4L2 metadata capture device registered as video9
[   21.337576][    T1] vivid-000: V4L2 metadata output device registered as video10
[   21.339762][    T1] vivid-000: V4L2 touch capture device registered as v4l-touch0
[   21.344643][    T1] usbcore: registered new interface driver radioshark2
[   21.346226][    T1] usbcore: registered new interface driver radioshark
[   21.347543][    T1] usbcore: registered new interface driver radio-si470x
[   21.349114][    T1] usbcore: registered new interface driver radio-usb-si4713
[   21.350587][    T1] usbcore: registered new interface driver dsbr100
[   21.351954][    T1] usbcore: registered new interface driver radio-keene
[   21.353475][    T1] usbcore: registered new interface driver radio-ma901
[   21.354864][    T1] usbcore: registered new interface driver radio-mr800
[   21.356280][    T1] usbcore: registered new interface driver radio-raremono
[   21.361586][    T1] usbcore: registered new interface driver powerz
[   21.363278][    T1] usbcore: registered new interface driver pcwd_usb
[   21.368078][    T1] device-mapper: core: CONFIG_IMA_DISABLE_HTABLE is disabled. Duplicate IMA measurements will not be recorded in the IMA log.
[   21.371021][    T1] device-mapper: uevent: version 1.0.3
[   21.378210][    T1] device-mapper: ioctl: 4.49.0-ioctl (2025-01-17) initialised: dm-devel@lists.linux.dev
[   21.383711][    T1] device-mapper: multipath round-robin: version 1.2.0 loaded
[   21.384753][    T1] device-mapper: multipath queue-length: version 0.2.0 loaded
[   21.385723][    T1] device-mapper: multipath service-time: version 0.3.0 loaded
[   21.388726][    T1] Bluetooth: HCI UART driver ver 2.3
[   21.389390][    T1] Bluetooth: HCI UART protocol H4 registered
[   21.390124][    T1] Bluetooth: HCI UART protocol BCSP registered
[   21.390557][   T65] input: ImExPS/2 Generic Explorer Mouse as /devices/platform/i8042/serio1/input/input3
[   21.391093][    T1] Bluetooth: HCI UART protocol LL registered
[   21.395008][    T1] Bluetooth: HCI UART protocol Three-wire (H5) registered
[   21.396345][    T1] Bluetooth: HCI UART protocol QCA registered
[   21.397118][    T1] Bluetooth: HCI UART protocol AG6XX registered
[   21.398113][    T1] Bluetooth: HCI UART protocol Marvell registered
[   21.399320][    T1] usbcore: registered new interface driver bcm203x
[   21.400524][    T1] usbcore: registered new interface driver bpa10x
[   21.401735][    T1] usbcore: registered new interface driver bfusb
[   21.405804][    T1] usbcore: registered new interface driver btusb
[   21.408064][    T1] usbcore: registered new interface driver ath3k
[   21.409542][    T1] Modular ISDN core version 1.1.29
[   21.411558][    T1] NET: Registered PF_ISDN protocol family
[   21.412289][    T1] DSP module 2.0
[   21.412744][    T1] mISDN_dsp: DSP clocks every 80 samples. This equals 1 jiffies.
[   21.447757][    T1] mISDN: Layer-1-over-IP driver Rev. 2.00
[   21.450254][    T1] 0 virtual devices registered
[   21.451421][    T1] usbcore: registered new interface driver HFC-S_USB
[   21.452259][    T1] amd_pstate: the _CPC object is not present in SBIOS or ACPI disabled
[   21.453335][    T1] VUB300 Driver rom wait states = 1C irqpoll timeout = 0400
[   21.475687][    T1] usbcore: registered new interface driver vub300
[   21.478206][    T1] usbcore: registered new interface driver ushc
[   21.499599][    T1] iscsi: registered transport (iser)
[   21.502288][    T1] SoftiWARP attached
[   21.530330][    T1] hid: raw HID events driver (C) Jiri Kosina
[   21.631873][    T1] usbcore: registered new interface driver usbhid
[   21.632968][    T1] usbhid: USB HID core driver
[   21.640956][    T1] usbcore: registered new interface driver es2_ap_driver
[   21.642856][    T1] comedi: version 0.7.76 - http://www.comedi.org
[   21.644598][    T1] usbcore: registered new interface driver dt9812
[   21.645919][    T1] usbcore: registered new interface driver ni6501
[   21.647202][    T1] usbcore: registered new interface driver usbdux
[   21.648477][    T1] usbcore: registered new interface driver usbduxfast
[   21.650767][    T1] usbcore: registered new interface driver usbduxsigma
[   21.652129][    T1] usbcore: registered new interface driver vmk80xx
[   21.653221][    T1] greybus: registered new driver hid
[   21.654410][    T1] greybus: registered new driver gbphy
[   21.655507][    T1] gb_gbphy: registered new driver usb
[   21.656611][    T1] asus_wmi: ASUS WMI generic driver loaded
[   21.675140][    T1] gnss: GNSS driver registered with major 493
[   21.676943][    T1] usbcore: registered new interface driver gnss-usb
[   21.678547][    T1] usbcore: registered new interface driver hdm_usb
[   21.834537][    T1] usbcore: registered new interface driver snd-usb-audio
[   21.836274][    T1] usbcore: registered new interface driver snd-ua101
[   21.837826][    T1] usbcore: registered new interface driver snd-usb-usx2y
[   21.839427][    T1] usbcore: registered new interface driver snd-usb-us122l
[   21.840897][    T1] usbcore: registered new interface driver snd-usb-caiaq
[   21.842511][    T1] usbcore: registered new interface driver snd-usb-6fire
[   21.845059][    T1] usbcore: registered new interface driver snd-usb-hiface
[   21.846764][    T1] usbcore: registered new interface driver snd-bcd2000
[   21.848393][    T1] usbcore: registered new interface driver snd_usb_pod
[   21.850125][    T1] usbcore: registered new interface driver snd_usb_podhd
[   21.851493][    T1] usbcore: registered new interface driver snd_usb_toneport
[   21.852875][    T1] usbcore: registered new interface driver snd_usb_variax
