bash: warning: setlocale: LC_ALL: cannot change locale (en_US.UTF-8)
c[?7l[2J[0mSeaBIOS (version 1.16.2-debian-1.16.2-1)
Booting from ROM...
c[?7l[2Jearly console in extract_kernel
input_data: 0x0000000014df32a3
input_len: 0x00000000061f260b
output: 0x0000000001000000
output_len: 0x0000000012c7fcd8
kernel_total_size: 0x000000001a026000
needed_size: 0x000000001a200000
trampoline_32bit: 0x0000000000000000

Decompressing Linux... Parsing ELF... done.
Booting the kernel (entry_offset: 0x000000000a70ca64).
[    0.000000][    T0] Linux version 6.15.0-rc6-g9f35e33144ae-dirty (root@buildkitsandbox) (gcc (Debian 12.2.0-14+deb12u1) 12.2.0, GNU ld (GNU Binutils for Debian) 2.40) #1 SMP PREEMPT_DYNAMIC Sat May 23 07:05:25 UTC 2026
[    0.000000][    T0] Command line: console=ttyS0 oops=panic panic=86400 nokaslr earlyprintk=serial rdinit=/init
[    0.000000][    T0] KERNEL supported cpus:
[    0.000000][    T0]   Intel GenuineIntel
[    0.000000][    T0]   AMD AuthenticAMD
[    0.000000][    T0] BIOS-provided physical RAM map:
[    0.000000][    T0] BIOS-e820: [mem 0x0000000000000000-0x000000000009fbff] usable
[    0.000000][    T0] BIOS-e820: [mem 0x000000000009fc00-0x000000000009ffff] reserved
[    0.000000][    T0] BIOS-e820: [mem 0x00000000000f0000-0x00000000000fffff] reserved
[    0.000000][    T0] BIOS-e820: [mem 0x0000000000100000-0x000000007ffdffff] usable
[    0.000000][    T0] BIOS-e820: [mem 0x000000007ffe0000-0x000000007fffffff] reserved
[    0.000000][    T0] BIOS-e820: [mem 0x00000000feffc000-0x00000000feffffff] reserved
[    0.000000][    T0] BIOS-e820: [mem 0x00000000fffc0000-0x00000000ffffffff] reserved
[    0.000000][    T0] printk: legacy bootconsole [earlyser0] enabled
[    0.000000][    T0] NX (Execute Disable) protection: active
[    0.000000][    T0] APIC: Static calls initialized
[    0.000000][    T0] SMBIOS 2.8 present.
[    0.000000][    T0] DMI: QEMU Standard PC (i440FX + PIIX, 1996), BIOS 1.16.2-debian-1.16.2-1 04/01/2014
[    0.000000][    T0] DMI: Memory slots populated: 1/1
[    0.000000][    T0] Hypervisor detected: KVM
[    0.000000][    T0] kvm-clock: Using msrs 4b564d01 and 4b564d00
[    0.000006][    T0] kvm-clock: using sched offset of 1710208124 cycles
[    0.002513][    T0] clocksource: kvm-clock: mask: 0xffffffffffffffff max_cycles: 0x1cd42e4dffb, max_idle_ns: 881590591483 ns
[    0.014820][    T0] tsc: Detected 2995.200 MHz processor
[    0.027146][    T0] last_pfn = 0x7ffe0 max_arch_pfn = 0x400000000
[    0.030101][    T0] MTRR map: 4 entries (3 fixed + 1 variable; max 19), built from 8 variable MTRRs
[    0.034004][    T0] x86/PAT: Configuration [0-7]: WB  WC  UC- UC  WB  WP  UC- WT  
[    0.047116][    T0] found SMP MP-table at [mem 0x000f5ba0-0x000f5baf]
[    0.051263][    T0] Using GB pages for direct mapping
[    0.054960][    T0] RAMDISK: [mem 0x7fe91000-0x7ffdffff]
[    0.057552][    T0] ACPI: Early table checksum verification disabled
[    0.059511][    T0] ACPI: RSDP 0x00000000000F59D0 000014 (v00 BOCHS )
[    0.061308][    T0] ACPI: RSDT 0x000000007FFE1B33 000034 (v01 BOCHS  BXPC     00000001 BXPC 00000001)
[    0.066581][    T0] ACPI: FACP 0x000000007FFE19DF 000074 (v01 BOCHS  BXPC     00000001 BXPC 00000001)
[    0.071025][    T0] ACPI: DSDT 0x000000007FFE0040 00199F (v01 BOCHS  BXPC     00000001 BXPC 00000001)
[    0.076286][    T0] ACPI: FACS 0x000000007FFE0000 000040
[    0.078855][    T0] ACPI: APIC 0x000000007FFE1A53 000080 (v01 BOCHS  BXPC     00000001 BXPC 00000001)
[    0.083830][    T0] ACPI: HPET 0x000000007FFE1AD3 000038 (v01 BOCHS  BXPC     00000001 BXPC 00000001)
[    0.087699][    T0] ACPI: WAET 0x000000007FFE1B0B 000028 (v01 BOCHS  BXPC     00000001 BXPC 00000001)
[    0.093854][    T0] ACPI: Reserving FACP table memory at [mem 0x7ffe19df-0x7ffe1a52]
[    0.096291][    T0] ACPI: Reserving DSDT table memory at [mem 0x7ffe0040-0x7ffe19de]
[    0.098437][    T0] ACPI: Reserving FACS table memory at [mem 0x7ffe0000-0x7ffe003f]
[    0.100637][    T0] ACPI: Reserving APIC table memory at [mem 0x7ffe1a53-0x7ffe1ad2]
[    0.102751][    T0] ACPI: Reserving HPET table memory at [mem 0x7ffe1ad3-0x7ffe1b0a]
[    0.104903][    T0] ACPI: Reserving WAET table memory at [mem 0x7ffe1b0b-0x7ffe1b32]
[    0.108432][    T0] No NUMA configuration found
[    0.109708][    T0] Faking a node at [mem 0x0000000000000000-0x000000007ffdffff]
[    0.111862][    T0] NODE_DATA(0) allocated [mem 0x7fe8b080-0x7fe90c7f]
[    0.127349][    T0] Zone ranges:
[    0.128447][    T0]   DMA      [mem 0x0000000000001000-0x0000000000ffffff]
[    0.130360][    T0]   DMA32    [mem 0x0000000001000000-0x000000007ffdffff]
[    0.132157][    T0]   Normal   empty
[    0.133132][    T0]   Device   empty
[    0.134140][    T0] Movable zone start for each node
[    0.135439][    T0] Early memory node ranges
[    0.136598][    T0]   node   0: [mem 0x0000000000001000-0x000000000009efff]
[    0.138586][    T0]   node   0: [mem 0x0000000000100000-0x000000007ffdffff]
[    0.140401][    T0] Initmem setup node 0 [mem 0x0000000000001000-0x000000007ffdffff]
[    0.142727][    T0] On node 0, zone DMA: 1 pages in unavailable ranges
[    0.144771][    T0] On node 0, zone DMA: 97 pages in unavailable ranges
[    0.172936][    T0] On node 0, zone DMA32: 32 pages in unavailable ranges
[    0.323341][    T0] kasan: KernelAddressSanitizer initialized
[    0.327529][    T0] ACPI: PM-Timer IO Port: 0x608
[    0.330604][    T0] ACPI: LAPIC_NMI (acpi_id[0xff] dfl dfl lint[0x1])
[    0.335559][    T0] IOAPIC[0]: apic_id 0, version 17, address 0xfec00000, GSI 0-23
[    0.338243][    T0] ACPI: INT_SRC_OVR (bus 0 bus_irq 0 global_irq 2 dfl dfl)
[    0.340527][    T0] ACPI: INT_SRC_OVR (bus 0 bus_irq 5 global_irq 5 high level)
[    0.342898][    T0] ACPI: INT_SRC_OVR (bus 0 bus_irq 9 global_irq 9 high level)
[    0.346514][    T0] ACPI: INT_SRC_OVR (bus 0 bus_irq 10 global_irq 10 high level)
[    0.350295][    T0] ACPI: INT_SRC_OVR (bus 0 bus_irq 11 global_irq 11 high level)
[    0.352662][    T0] ACPI: Using ACPI (MADT) for SMP configuration information
[    0.356876][    T0] ACPI: HPET id: 0x8086a201 base: 0xfed00000
[    0.360475][    T0] TSC deadline timer available
[    0.362258][    T0] CPU topo: Max. logical packages:   1
[    0.365237][    T0] CPU topo: Max. logical dies:       1
[    0.371428][    T0] CPU topo: Max. dies per package:   1
[    0.374241][    T0] CPU topo: Max. threads per core:   1
[    0.376909][    T0] CPU topo: Num. cores per package:     2
[    0.378698][    T0] CPU topo: Num. threads per package:   2
[    0.380297][    T0] CPU topo: Allowing 2 present CPUs plus 0 hotplug CPUs
[    0.382433][    T0] kvm-guest: APIC: eoi() replaced with kvm_guest_apic_eoi_write()
[    0.384986][    T0] kvm-guest: KVM setup pv remote TLB flush
[    0.387330][    T0] kvm-guest: setup PV sched yield
[    0.390490][    T0] PM: hibernation: Registered nosave memory: [mem 0x00000000-0x00000fff]
[    0.393291][    T0] PM: hibernation: Registered nosave memory: [mem 0x0009f000-0x000fffff]
[    0.396080][    T0] [mem 0x80000000-0xfeffbfff] available for PCI devices
[    0.398776][    T0] Booting paravirtualized kernel on KVM
[    0.400743][    T0] clocksource: refined-jiffies: mask: 0xffffffff max_cycles: 0xffffffff, max_idle_ns: 19112604462750000 ns
[    0.464286][    T0] setup_percpu: NR_CPUS:8 nr_cpumask_bits:2 nr_cpu_ids:2 nr_node_ids:1
[    0.467764][    T0] percpu: Embedded 69 pages/cpu s245512 r8192 d28920 u1048576
[    0.470382][    T0] kvm-guest: PV spinlocks enabled
[    0.472805][    T0] PV qspinlock hash table entries: 256 (order: 0, 4096 bytes, linear)
[    0.475644][    T0] Kernel command line: console=ttyS0 oops=panic panic=86400 nokaslr earlyprintk=serial rdinit=/init
[    0.480078][    T0] random: crng init done
[    0.481191][    T0] printk: log buffer data + meta data: 262144 + 917504 = 1179648 bytes
[    0.484364][    T0] Dentry cache hash table entries: 262144 (order: 9, 2097152 bytes, linear)
[    0.488328][    T0] Inode-cache hash table entries: 131072 (order: 8, 1048576 bytes, linear)
[    0.490910][    T0] Fallback order for Node 0: 0 
[    0.490937][    T0] Built 1 zonelists, mobility grouping on.  Total pages: 524158
[    0.493655][    T0] Policy zone: DMA32
[    0.495481][    T0] mem auto-init: stack:all(zero), heap alloc:on, heap free:off
[    0.497272][    T0] stackdepot: allocating hash table via alloc_large_system_hash
[    0.498892][    T0] stackdepot hash table entries: 1048576 (order: 12, 16777216 bytes, linear)
[    0.648217][    T0] SLUB: HWalign=64, Order=0-3, MinObjects=0, CPUs=2, Nodes=1
[    0.658959][    T0] allocated 4194304 bytes of page_ext
[    0.661781][    T0] Dynamic Preempt: full
[    0.666538][    T0] Running RCU self tests
[    0.667617][    T0] Running RCU synchronous self tests
[    0.668716][    T0] rcu: Preemptible hierarchical RCU implementation.
[    0.670148][    T0] rcu: 	RCU lockdep checking is enabled.
[    0.671407][    T0] rcu: 	RCU restricting CPUs from NR_CPUS=8 to nr_cpu_ids=2.
[    0.673166][    T0] rcu: 	RCU callback double-/use-after-free debug is enabled.
[    0.674732][    T0] rcu: 	RCU debug extended QS entry/exit.
[    0.675924][    T0] 	Trampoline variant of Tasks RCU enabled.
[    0.677336][    T0] 	Tracing variant of Tasks RCU enabled.
[    0.678517][    T0] rcu: RCU calculated value of scheduler-enlistment delay is 10 jiffies.
[    0.680282][    T0] rcu: Adjusting geometry for rcu_fanout_leaf=16, nr_cpu_ids=2
[    0.682341][    T0] Running RCU synchronous self tests
[    0.684379][    T0] RCU Tasks: Setting shift to 1 and lim to 1 rcu_task_cb_adjust=1 rcu_task_cpu_ids=2.
[    0.686993][    T0] RCU Tasks Trace: Setting shift to 1 and lim to 1 rcu_task_cb_adjust=1 rcu_task_cpu_ids=2.
[    0.890935][    T0] NR_IRQS: 4352, nr_irqs: 440, preallocated irqs: 16
[    0.893488][    T0] rcu: srcu_init: Setting srcu_struct sizes based on contention.
[    0.896034][    T0] kfence: initialized - using 2097152 bytes for 255 objects at 0x(____ptrval____)-0x(____ptrval____)
[    0.929914][    T0] Console: colour VGA+ 80x25
[    0.931236][    T0] printk: legacy console [ttyS0] enabled
[    0.931236][    T0] printk: legacy console [ttyS0] enabled
[    0.935400][    T0] printk: legacy bootconsole [earlyser0] disabled
[    0.935400][    T0] printk: legacy bootconsole [earlyser0] disabled
[    0.939496][    T0] Lock dependency validator: Copyright (c) 2006 Red Hat, Inc., Ingo Molnar
[    0.942254][    T0] ... MAX_LOCKDEP_SUBCLASSES:  8
[    0.943770][    T0] ... MAX_LOCK_DEPTH:          48
[    0.945377][    T0] ... MAX_LOCKDEP_KEYS:        8192
[    0.946744][    T0] ... CLASSHASH_SIZE:          4096
[    0.948166][    T0] ... MAX_LOCKDEP_ENTRIES:     1048576
[    0.951220][    T0] ... MAX_LOCKDEP_CHAINS:      1048576
[    0.952824][    T0] ... CHAINHASH_SIZE:          524288
[    0.954197][    T0]  memory used by lock dependency info: 106625 kB
[    0.956734][    T0]  memory used for stack traces: 8320 kB
[    0.961883][    T0]  per task-struct memory footprint: 1920 bytes
[    0.964332][    T0] ACPI: Core revision 20240827
[    0.967087][    T0] clocksource: hpet: mask: 0xffffffff max_cycles: 0xffffffff, max_idle_ns: 19112604467 ns
[    0.970085][    T0] APIC: Switch to symmetric I/O mode setup
[    0.976375][    T0] x2apic enabled
[    0.981537][    T0] APIC: Switched APIC routing to: physical x2apic
[    0.983576][    T0] kvm-guest: APIC: send_IPI_mask() replaced with kvm_send_ipi_mask()
[    0.986115][    T0] kvm-guest: APIC: send_IPI_mask_allbutself() replaced with kvm_send_ipi_mask_allbutself()
[    0.988845][    T0] kvm-guest: setup PV IPIs
[    0.993165][    T0] ..TIMER: vector=0x30 apic1=0 pin1=2 apic2=-1 pin2=-1
[    0.995023][    T0] clocksource: tsc-early: mask: 0xffffffffffffffff max_cycles: 0x2b2c8ec87c7, max_idle_ns: 440795278598 ns
[    0.997880][    T0] Calibrating delay loop (skipped) preset value.. 5990.40 BogoMIPS (lpj=29952000)
[    1.008774][    T0] x86/cpu: User Mode Instruction Prevention (UMIP) activated
[    1.011564][    T0] Last level iTLB entries: 4KB 0, 2MB 0, 4MB 0
[    1.013208][    T0] Last level dTLB entries: 4KB 0, 2MB 0, 4MB 0, 1GB 0
[    1.017937][    T0] Spectre V1 : Mitigation: usercopy/swapgs barriers and __user pointer sanitization
[    1.020418][    T0] Spectre V2 : WARNING: Unprivileged eBPF is enabled with eIBRS on, data leaks possible via Spectre v2 BHB attacks!
[    1.024037][    T0] Spectre V2 : Spectre BHI mitigation: SW BHB clearing on syscall and VM exit
[    1.026399][    T0] Spectre V2 : Mitigation: Enhanced / Automatic IBRS
[    1.027800][    T0] Spectre V2 : Spectre v2 / PBRSB-eIBRS: Retire a single CALL on VMEXIT
[    1.030693][    T0] RETBleed: Mitigation: Enhanced IBRS
[    1.031938][    T0] Spectre V2 : mitigation: Enabling conditional Indirect Branch Prediction Barrier
[    1.037808][    T0] Speculative Store Bypass: Mitigation: Speculative Store Bypass disabled via prctl
[    1.041006][    T0] MMIO Stale Data: Unknown: No mitigations
[    1.042969][    T0] Register File Data Sampling: Vulnerable: No microcode
[    1.045264][    T0] ITS: Mitigation: Aligned branch/return thunks
[    1.048335][    T0] x86/fpu: Supporting XSAVE feature 0x001: 'x87 floating point registers'
[    1.050851][    T0] x86/fpu: Supporting XSAVE feature 0x002: 'SSE registers'
[    1.052695][    T0] x86/fpu: Supporting XSAVE feature 0x004: 'AVX registers'
[    1.057794][    T0] x86/fpu: xstate_offset[2]:  576, xstate_sizes[2]:  256
[    1.059516][    T0] x86/fpu: Enabled xstate features 0x7, context size is 832 bytes, using 'compacted' format.
[    1.315492][    T0] Freeing SMP alternatives memory: 128K
[    1.317801][    T0] pid_max: default: 32768 minimum: 301
[    1.319963][    T0] LSM: initializing lsm=lockdown,capability,landlock,yama,safesetid,tomoyo,selinux,bpf,ima,evm
[    1.322872][    T0] landlock: Up and running.
[    1.327861][    T0] Yama: becoming mindful.
[    1.329613][    T0] TOMOYO Linux initialized
[    1.331164][    T0] SELinux:  Initializing.
[    1.334141][    T0] LSM support for eBPF active
[    1.336170][    T0] Mount-cache hash table entries: 4096 (order: 3, 32768 bytes, linear)
[    1.337810][    T0] Mountpoint-cache hash table entries: 4096 (order: 3, 32768 bytes, linear)
[    1.348083][    T0] Running RCU synchronous self tests
[    1.349400][    T0] Running RCU synchronous self tests
[    1.351481][    T1] smpboot: CPU0: 13th Gen Intel(R) Core(TM) i9-13900H (family: 0x6, model: 0xba, stepping: 0x2)
[    1.356921][    T1] Performance Events: unsupported CPU family 6 model 186 no PMU driver, software events only.
[    1.357778][    T1] signal: max sigframe size: 1776
[    1.358126][    T1] rcu: Hierarchical SRCU implementation.
[    1.359806][    T1] rcu: 	Max phase no-delay instances is 1000.
[    1.361660][    T1] Timer migration: 1 hierarchy levels; 8 children per group; 1 crossnode level
[    1.389099][    T1] NMI watchdog: Perf NMI watchdog permanently disabled
[    1.391282][    T1] smp: Bringing up secondary CPUs ...
[    1.393685][    T1] smpboot: x86: Booting SMP configuration:
[    1.395136][    T1] .... node  #0, CPUs:      #1
[    1.398969][    T1] smp: Brought up 1 node, 2 CPUs
[    1.399508][    T1] smpboot: Total of 2 processors activated (11980.80 BogoMIPS)
[    1.402928][    T1] Memory: 1284680K/2096632K available (171059K kernel code, 41416K rwdata, 39632K rodata, 27140K init, 120324K bss, 798616K reserved, 0K cma-reserved)
[    1.410430][    T1] devtmpfs: initialized
[    1.418469][    T1] x86/mm: Memory block size: 128MB
[    1.440578][    T1] Running RCU synchronous self tests
[    1.441925][    T1] Running RCU synchronous self tests
[    1.443292][    T1] Running RCU Tasks wait API self tests
[    1.448384][    T1] Running RCU Tasks Trace wait API self tests
[    1.498448][    T1] clocksource: jiffies: mask: 0xffffffff max_cycles: 0xffffffff, max_idle_ns: 19112604462750000 ns
[    1.501517][    T1] posixtimers hash table entries: 1024 (order: 4, 73728 bytes, linear)
[    1.503781][    T1] futex hash table entries: 512 (order: 4, 65536 bytes, linear)
[    1.505989][    T1] PM: RTC time: 07:07:11, date: 2026-05-23
[    1.517945][    T1] NET: Registered PF_NETLINK/PF_ROUTE protocol family
[    1.517945][    T1] audit: initializing netlink subsys (disabled)
[    1.518327][   T30] audit: type=2000 audit(1779520031.989:1): state=initialized audit_enabled=0 res=1
[    1.530229][    T1] thermal_sys: Registered thermal governor 'step_wise'
[    1.532407][    T1] cpuidle: using governor menu
[    1.537974][   T29] Callback from call_rcu_tasks_trace() invoked.
[    1.538777][    T1] NET: Registered PF_QIPCRTR protocol family
[    1.541903][    T1] dca service started, version 1.12.1
[    1.542885][    T1] PCI: Using configuration type 1 for base access
[    1.549020][    T1] HugeTLB: allocation took 0ms with hugepage_allocation_threads=1
[    1.551372][    T1] HugeTLB: registered 1.00 GiB page size, pre-allocated 0 pages
[    1.557949][    T1] HugeTLB: 16380 KiB vmemmap can be freed for a 1.00 GiB page
[    1.561255][    T1] HugeTLB: registered 2.00 MiB page size, pre-allocated 0 pages
[    1.564531][    T1] HugeTLB: 28 KiB vmemmap can be freed for a 2.00 MiB page
[    1.588503][    T1] cryptd: max_cpu_qlen set to 1000
[    1.594399][    T1] raid6: skipped pq benchmark and selected avx2x4
[    1.597818][    T1] raid6: using avx2x2 recovery algorithm
[    1.603145][    T1] ACPI: Added _OSI(Module Device)
[    1.605522][    T1] ACPI: Added _OSI(Processor Device)
[    1.607851][    T1] ACPI: Added _OSI(3.0 _SCP Extensions)
[    1.610540][    T1] ACPI: Added _OSI(Processor Aggregator Device)
[    1.651839][    T1] ACPI: 1 ACPI AML tables successfully acquired and loaded
[    1.673524][    T1] ACPI: Interpreter enabled
[    1.675201][    T1] ACPI: PM: (supports S0 S3 S4 S5)
[    1.677033][    T1] ACPI: Using IOAPIC for interrupt routing
[    1.678162][    T1] PCI: Using host bridge windows from ACPI; if necessary, use "pci=nocrs" and report a bug
[    1.682259][    T1] PCI: Using E820 reservations for host bridge windows
[    1.689066][    T1] ACPI: Enabled 2 GPEs in block 00 to 0F
[    1.762432][    T1] ACPI: PCI Root Bridge [PCI0] (domain 0000 [bus 00-ff])
[    1.764852][    T1] acpi PNP0A03:00: _OSC: OS supports [ASPM ClockPM Segments MSI HPX-Type3]
[    1.767827][    T1] acpi PNP0A03:00: _OSC: not requesting OS control; OS requires [ExtendedConfig ASPM ClockPM MSI]
[    1.773767][    T1] acpi PNP0A03:00: fail to add MMCONFIG information, can't access extended configuration space under this bridge
[    1.779247][    T1] PCI host bridge to bus 0000:00
[    1.781146][    T1] pci_bus 0000:00: root bus resource [io  0x0000-0x0cf7 window]
[    1.782914][    T1] pci_bus 0000:00: root bus resource [io  0x0d00-0xffff window]
[    1.785176][    T1] pci_bus 0000:00: root bus resource [mem 0x000a0000-0x000bffff window]
[    1.787824][    T1] pci_bus 0000:00: root bus resource [mem 0x80000000-0xfebfffff window]
[    1.791969][    T1] pci_bus 0000:00: root bus resource [mem 0x100000000-0x17fffffff window]
[    1.795400][    T1] pci_bus 0000:00: root bus resource [bus 00-ff]
[    1.798125][    T1] pci 0000:00:00.0: [8086:1237] type 00 class 0x060000 conventional PCI endpoint
[    1.870401][    T1] pci 0000:00:01.0: [8086:7000] type 00 class 0x060100 conventional PCI endpoint
[    1.898625][    T1] pci 0000:00:01.1: [8086:7010] type 00 class 0x010180 conventional PCI endpoint
[    1.905232][    T1] pci 0000:00:01.1: BAR 4 [io  0xc000-0xc00f]
[    1.907950][    T1] pci 0000:00:01.1: BAR 0 [io  0x01f0-0x01f7]: legacy IDE quirk
[    1.910529][    T1] pci 0000:00:01.1: BAR 1 [io  0x03f6]: legacy IDE quirk
[    1.913675][    T1] pci 0000:00:01.1: BAR 2 [io  0x0170-0x0177]: legacy IDE quirk
[    1.916301][    T1] pci 0000:00:01.1: BAR 3 [io  0x0376]: legacy IDE quirk
[    1.921439][    T1] pci 0000:00:01.3: [8086:7113] type 00 class 0x068000 conventional PCI endpoint
[    1.924912][    T1] pci 0000:00:01.3: quirk: [io  0x0600-0x063f] claimed by PIIX4 ACPI
[    1.926872][    T1] pci 0000:00:01.3: quirk: [io  0x0700-0x070f] claimed by PIIX4 SMB
[    1.929123][    T1] pci 0000:00:02.0: [1234:1111] type 00 class 0x030000 conventional PCI endpoint
[    1.934375][    T1] pci 0000:00:02.0: BAR 0 [mem 0xfd000000-0xfdffffff pref]
[    1.936790][    T1] pci 0000:00:02.0: BAR 2 [mem 0xfebf0000-0xfebf0fff]
[    1.937883][    T1] pci 0000:00:02.0: ROM [mem 0xfebe0000-0xfebeffff pref]
[    1.940027][    T1] pci 0000:00:02.0: Video device with shadowed ROM at [mem 0x000c0000-0x000dffff]
[    1.973703][    T1] ACPI: PCI: Interrupt link LNKA configured for IRQ 10
[    1.977895][    T1] ACPI: PCI: Interrupt link LNKB configured for IRQ 10
[    1.982248][    T1] ACPI: PCI: Interrupt link LNKC configured for IRQ 11
[    1.985998][    T1] ACPI: PCI: Interrupt link LNKD configured for IRQ 11
[    1.988633][    T1] ACPI: PCI: Interrupt link LNKS configured for IRQ 9
[    2.017874][    T1] iommu: Default domain type: Translated
[    2.019257][    T1] iommu: DMA domain TLB invalidation policy: lazy mode
[    2.025989][    T1] SCSI subsystem initialized
[    2.028676][    T1] ACPI: bus type USB registered
[    2.030062][    T1] usbcore: registered new interface driver usbfs
[    2.031695][    T1] usbcore: registered new interface driver hub
[    2.033133][    T1] usbcore: registered new device driver usb
[    2.035279][    T1] mc: Linux media interface: v0.10
[    2.036415][    T1] videodev: Linux video capture interface: v2.00
[    2.038183][    T1] pps_core: LinuxPPS API ver. 1 registered
[    2.039421][    T1] pps_core: Software ver. 5.3.6 - Copyright 2005-2007 Rodolfo Giometti <giometti@linux.it>
[    2.041497][    T1] PTP clock support registered
[    2.067993][    T1] EDAC MC: Ver: 3.0.0
[    2.070143][    T1] Advanced Linux Sound Architecture Driver Initialized.
[    2.078296][    T1] Bluetooth: Core ver 2.22
[    2.079408][    T1] NET: Registered PF_BLUETOOTH protocol family
[    2.080668][    T1] Bluetooth: HCI device and connection manager initialized
[    2.082127][    T1] Bluetooth: HCI socket layer initialized
[    2.083545][    T1] Bluetooth: L2CAP socket layer initialized
[    2.084868][    T1] Bluetooth: SCO socket layer initialized
[    2.086047][    T1] NET: Registered PF_ATMPVC protocol family
[    2.087275][    T1] NET: Registered PF_ATMSVC protocol family
[    2.088001][    T1] NetLabel: Initializing
[    2.088871][    T1] NetLabel:  domain hash size = 128
[    2.089913][    T1] NetLabel:  protocols = UNLABELED CIPSOv4 CALIPSO
[    2.091500][    T1] NetLabel:  unlabeled traffic allowed by default
[    2.096098][    T1] nfc: nfc_init: NFC Core ver 0.1
[    2.097402][    T1] NET: Registered PF_NFC protocol family
[    2.097925][    T1] mctp: management component transport protocol core
[    2.099364][    T1] NET: Registered PF_MCTP protocol family
[    2.100631][    T1] PCI: Using ACPI for IRQ routing
[    2.102363][    T1] pci 0000:00:02.0: vgaarb: setting as boot VGA device
[    2.103751][    T1] pci 0000:00:02.0: vgaarb: bridge control possible
[    2.105156][    T1] pci 0000:00:02.0: vgaarb: VGA device added: decodes=io+mem,owns=io+mem,locks=none
[    2.107015][    T1] vgaarb: loaded
[    2.109375][    T1] hpet0: at MMIO 0xfed00000, IRQs 2, 8, 0
[    2.111871][    T1] hpet0: 3 comparators, 64-bit 100.000000 MHz counter
[    2.118130][    T1] clocksource: Switched to clocksource kvm-clock
[    2.126250][    T1] VFS: Disk quotas dquot_6.6.0
[    2.127388][    T1] VFS: Dquot-cache hash table entries: 512 (order 0, 4096 bytes)
[    2.130169][    T1] netfs: FS-Cache loaded
[    2.133638][    T1] CacheFiles: Loaded
[    2.134800][    T1] TOMOYO: 2.6.0
[    2.135566][    T1] Mandatory Access Control activated.
[    2.136931][    T1] pnp: PnP ACPI init
[    2.145907][    T1] pnp: PnP ACPI: found 6 devices
[    2.207672][    T1] clocksource: acpi_pm: mask: 0xffffff max_cycles: 0xffffff, max_idle_ns: 2085701024 ns
[    2.210901][    T1] NET: Registered PF_INET protocol family
[    2.213020][    T1] IP idents hash table entries: 32768 (order: 6, 262144 bytes, linear)
[    2.217271][    T1] tcp_listen_portaddr_hash hash table entries: 1024 (order: 4, 73728 bytes, linear)
[    2.220384][    T1] Table-perturb hash table entries: 65536 (order: 6, 262144 bytes, linear)
[    2.223759][    T1] TCP established hash table entries: 16384 (order: 5, 131072 bytes, linear)
[    2.227907][    T1] TCP bind hash table entries: 16384 (order: 9, 2359296 bytes, linear)
[    2.230467][    T1] TCP: Hash tables configured (established 16384 bind 16384)
[    2.233199][    T1] MPTCP token hash table entries: 2048 (order: 5, 180224 bytes, linear)
[    2.243956][    T1] UDP hash table entries: 1024 (order: 6, 262144 bytes, linear)
[    2.247162][    T1] UDP-Lite hash table entries: 1024 (order: 6, 262144 bytes, linear)
[    2.255444][    T1] NET: Registered PF_UNIX/PF_LOCAL protocol family
[    2.283710][    T1] RPC: Registered named UNIX socket transport module.
[    2.286590][    T1] RPC: Registered udp transport module.
[    2.288566][    T1] RPC: Registered tcp transport module.
[    2.290502][    T1] RPC: Registered tcp-with-tls transport module.
[    2.300085][    T1] RPC: Registered tcp NFSv4.1 backchannel transport module.
[    2.314519][    T1] NET: Registered PF_XDP protocol family
[    2.315965][    T1] pci_bus 0000:00: resource 4 [io  0x0000-0x0cf7 window]
[    2.317533][    T1] pci_bus 0000:00: resource 5 [io  0x0d00-0xffff window]
[    2.319205][    T1] pci_bus 0000:00: resource 6 [mem 0x000a0000-0x000bffff window]
[    2.320936][    T1] pci_bus 0000:00: resource 7 [mem 0x80000000-0xfebfffff window]
[    2.323045][    T1] pci_bus 0000:00: resource 8 [mem 0x100000000-0x17fffffff window]
[    2.325541][    T1] pci 0000:00:01.0: PIIX3: Enabling Passive Release
[    2.327723][    T1] pci 0000:00:00.0: Limiting direct PCI/PCI transfers
[    2.329671][    T1] PCI: CLS 0 bytes, default 64
[    2.333877][   T13] Trying to unpack rootfs image as initramfs...
[    2.342482][    T1] ACPI: bus type thunderbolt registered
[    2.353196][    T1] RAPL PMU: API unit is 2^-32 Joules, 0 fixed counters, 10737418240 ms ovfl timer
[    2.397142][    T1] kvm_amd: CPU 0 isn't AMD or Hygon
[    2.398424][    T1] clocksource: tsc: mask: 0xffffffffffffffff max_cycles: 0x2b2c8ec87c7, max_idle_ns: 440795278598 ns
[    2.477863][   T13] Freeing initrd memory: 1340K
[    2.479507][   T66] kworker/u8:4 (66) used greatest stack depth: 28920 bytes left
[    2.481522][   T64] kworker/u8:4 (64) used greatest stack depth: 28104 bytes left
[    5.142908][    T1] Initialise system trusted keyrings
[    5.145653][    T1] workingset: timestamp_bits=40 max_order=19 bucket_order=0
[    5.151277][    T1] DLM installed
[    5.153486][    T1] squashfs: version 4.0 (2009/01/31) Phillip Lougher
[    5.159604][    T1] NFS: Registering the id_resolver key type
[    5.161177][    T1] Key type id_resolver registered
[    5.162457][    T1] Key type id_legacy registered
[    5.163604][    T1] nfs4filelayout_init: NFSv4 File Layout Driver Registering...
[    5.165314][    T1] nfs4flexfilelayout_init: NFSv4 Flexfile Layout Driver Registering...
[    5.174392][    T1] Key type cifs.spnego registered
[    5.176674][    T1] Key type cifs.idmap registered
[    5.179750][    T1] ntfs3: Enabled Linux POSIX ACLs support
[    5.183119][    T1] ntfs3: Read-only LZX/Xpress compression included
[    5.185430][    T1] efs: 1.0a - http://aeschi.ch.eu.org/efs/
[    5.187482][    T1] jffs2: version 2.2. (NAND) (SUMMARY)  © 2001-2006 Red Hat, Inc.
[    5.190917][    T1] romfs: ROMFS MTD (C) 2007 Red Hat, Inc.
[    5.192294][    T1] QNX4 filesystem 0.2.3 registered.
[    5.193734][    T1] qnx6: QNX6 filesystem 1.0.0 registered.
[    5.196809][    T1] fuse: init (API version 7.43)
[    5.199570][    T1] orangefs_debugfs_init: called with debug mask: :none: :0:
[    5.201788][    T1] orangefs_init: module version upstream loaded
[    5.204692][    T1] JFS: nTxBlock = 8192, nTxLock = 65536
[    5.231663][    T1] SGI XFS with ACLs, security attributes, realtime, quota, no debug enabled
[    5.237689][    T1] 9p: Installing v9fs 9p2000 file system support
[    5.239836][    T1] NILFS version 2 loaded
[    5.240785][    T1] befs: version: 0.9.3
[    5.242136][    T1] ocfs2: Registered cluster interface o2cb
[    5.245503][    T1] ocfs2: Registered cluster interface user
[    5.247742][    T1] OCFS2 User DLM kernel interface loaded
[    5.257132][    T1] gfs2: GFS2 installed
[    5.268005][    T1] ceph: loaded (mds proto 32)
[    5.287240][    T1] NET: Registered PF_ALG protocol family
[    5.289438][    T1] xor: automatically using best checksumming function   avx       
[    5.291461][    T1] async_tx: api initialized (async)
[    5.292826][    T1] Key type asymmetric registered
[    5.293918][    T1] Asymmetric key parser 'x509' registered
[    5.295206][    T1] Asymmetric key parser 'pkcs8' registered
[    5.296669][    T1] Key type pkcs7_test registered
[    5.298549][    T1] Block layer SCSI generic (bsg) driver version 0.4 loaded (major 238)
[    5.301973][    T1] io scheduler mq-deadline registered
[    5.304638][    T1] io scheduler kyber registered
[    5.307090][    T1] io scheduler bfq registered
[    5.314446][  T139] kworker/u8:0 (139) used greatest stack depth: 28056 bytes left
[    5.314467][    T1] input: Power Button as /devices/LNXSYSTM:00/LNXPWRBN:00/input/input0
[    5.333104][    T1] ACPI: button: Power Button [PWRF]
[    5.361371][    T1] ioatdma: Intel(R) QuickData Technology Driver 5.00
[    5.372612][   T28] Callback from call_rcu_tasks() invoked.
[    5.457525][  T330] kworker/u8:0 (330) used greatest stack depth: 27784 bytes left
[    5.684130][    T1] N_HDLC line discipline registered with maxframe=4096
[    5.687216][    T1] Serial: 8250/16550 driver, 4 ports, IRQ sharing enabled
[    5.691695][    T1] 00:04: ttyS0 at I/O 0x3f8 (irq = 4, base_baud = 115200) is a 16550A
[    5.712461][    T1] Non-volatile memory driver v1.3
[    5.714575][    T1] Linux agpgart interface v0.103
[    5.718149][    T1] usbcore: registered new interface driver xillyusb
[    5.723295][    T1] ACPI: bus type drm_connector registered
[    5.727788][    T1] [drm] Initialized vgem 1.0.0 for vgem on minor 0
[    5.734794][    T1] [drm] Initialized vkms 1.0.0 for vkms on minor 1
[    5.814516][    T1] Console: switching to colour frame buffer device 128x48
[    5.835549][    T1] platform vkms: [drm] fb0: vkmsdrmfb frame buffer device
[    5.837515][    T1] usbcore: registered new interface driver udl
[    5.840608][    T1] bochs-drm 0000:00:02.0: vgaarb: deactivate vga console
[    5.848023][    T1] [drm] Found bochs VGA, ID 0xb0c5.
[    5.849239][    T1] [drm] Framebuffer size 16384 kB @ 0xfd000000, mmio @ 0xfebf0000.
[    5.855674][    T1] [drm] Initialized bochs-drm 1.0.0 for 0000:00:02.0 on minor 2
[    5.880227][    T1] fbcon: bochs-drmdrmfb (fb1) is primary device
[    5.880239][    T1] fbcon: Remapping primary device, fb1, to tty 1-63
[    6.395045][    T1] bochs-drm 0000:00:02.0: [drm] fb1: bochs-drmdrmfb frame buffer device
[    6.397889][    T1] usbcore: registered new interface driver gm12u320
[    6.400139][    T1] usbcore: registered new interface driver gud
[    6.411790][  T787] kworker/u8:3 (787) used greatest stack depth: 27552 bytes left
[    6.440481][    T1] brd: module loaded
[    6.495706][    T1] loop: module loaded
[    6.610232][    T1] zram: Added device: zram0
[    6.617458][    T1] null_blk: disk nullb0 created
[    6.618625][    T1] null_blk: module loaded
[    6.620222][    T1] Guest personality initialized and is inactive
[    6.622188][    T1] VMCI host device registered (name=vmci, major=10, minor=118)
[    6.623983][    T1] Initialized host personality
[    6.625264][    T1] usbcore: registered new interface driver rtsx_usb
[    6.627941][    T1] usbcore: registered new interface driver viperboard
[    6.630994][    T1] usbcore: registered new interface driver dln2
[    6.633869][    T1] usbcore: registered new interface driver pn533_usb
[    6.635506][  T914] kworker/u8:2 (914) used greatest stack depth: 26680 bytes left
[    6.638129][    T1] nfcsim 0.2 initialized
[    6.639603][    T1] usbcore: registered new interface driver port100
[    6.641234][    T1] usbcore: registered new interface driver nfcmrvl
[    6.649448][    T1] Loading iSCSI transport class v2.0-870.
[    6.663824][    T1] st: Version 20160209, fixed bufsize 32768, s/g segs 256
[    6.699769][    T1] scsi host0: ata_piix
[    6.704255][    T1] scsi host1: ata_piix
[    6.707032][    T1] ata1: PATA max MWDMA2 cmd 0x1f0 ctl 0x3f6 bmdma 0xc000 irq 14 lpm-pol 0
[    6.708940][    T1] ata2: PATA max MWDMA2 cmd 0x170 ctl 0x376 bmdma 0xc008 irq 15 lpm-pol 0
[    6.716249][    T1] Rounding down aligned max_sectors from 4294967295 to 4294967288
[    6.718959][    T1] db_root: cannot open: /etc/target
[    6.720844][    T1] slram: not enough parameters.
[    6.726160][    T1] ftl_cs: FTL header not found.
[    6.764699][    T1] wireguard: WireGuard 1.0.0 loaded. See www.wireguard.com for information.
[    6.766877][    T1] wireguard: Copyright (C) 2015-2019 Jason A. Donenfeld <Jason@zx2c4.com>. All Rights Reserved.
[    6.769221][    T1] eql: Equalizer2002: Simon Janes (simon@ncm.com) and David S. Miller (davem@redhat.com)
[    6.776290][    T1] MACsec IEEE 802.1AE
[    6.784489][    T1] usbcore: registered new interface driver mvusb_mdio
[    6.786341][    T1] tun: Universal TUN/TAP device driver, 1.6
[    6.794826][    T1] vcan: Virtual CAN interface driver
[    6.797164][    T1] vxcan: Virtual CAN Tunnel driver
[    6.798751][    T1] slcan: serial line CAN interface driver
[    6.800113][    T1] CAN device driver interface
[    6.803216][    T1] usbcore: registered new interface driver usb_8dev
[    6.805120][    T1] usbcore: registered new interface driver ems_usb
[    6.809434][    T1] usbcore: registered new interface driver esd_usb
[    6.811109][    T1] usbcore: registered new interface driver etas_es58x
[    6.812774][    T1] usbcore: registered new interface driver f81604
[    6.814420][    T1] usbcore: registered new interface driver gs_usb
[    6.815993][    T1] usbcore: registered new interface driver kvaser_usb
[    6.817661][    T1] usbcore: registered new interface driver mcba_usb
[    6.819501][    T1] usbcore: registered new interface driver peak_usb
[    6.821120][    T1] usbcore: registered new interface driver ucan
[    6.825597][    T1] e100: Intel(R) PRO/100 Network Driver
[    6.826853][    T1] e100: Copyright(c) 1999-2006 Intel Corporation
[    6.828498][    T1] e1000: Intel(R) PRO/1000 Network Driver
[    6.829798][    T1] e1000: Copyright (c) 1999-2006 Intel Corporation.
[    6.831463][    T1] e1000e: Intel(R) PRO/1000 Network Driver
[    6.832831][    T1] e1000e: Copyright(c) 1999 - 2015 Intel Corporation.
[    6.847399][    T1] mkiss: AX.25 Multikiss, Hans Albas PE1AYX
[    6.849186][    T1] AX.25: bpqether driver version 004
[    6.850396][    T1] PPP generic driver version 2.4.2
[    6.852950][    T1] PPP BSD Compression module registered
[    6.854245][    T1] PPP Deflate Compression module registered
[    6.856561][    T1] PPP MPPE Compression module registered
[    6.857820][    T1] NET: Registered PF_PPPOX protocol family
[    6.859153][    T1] PPTP driver version 0.8.5
[    6.860423][    T1] SLIP: version 0.8.4-NET3.019-NEWTTY (dynamic channels, max=256) (6 bit encapsulation enabled).
[    6.862851][    T1] CSLIP: code copyright 1989 Regents of the University of California.
[    6.864676][    T1] SLIP linefill/keepalive option.
[    6.865776][    T1] hdlc: HDLC support module revision 1.22
[    6.867077][    T1] LAPB Ethernet driver version 0.02
[    6.869001][    T1] usbcore: registered new interface driver ath9k_htc
[    6.871058][    T1] usbcore: registered new interface driver carl9170
[    6.874012][ T1006] ata2: found unknown device (class 0)
[    6.874792][    T1] usbcore: registered new interface driver ath6kl_usb
[    6.879141][    T1] usbcore: registered new interface driver ar5523
[    6.879584][ T1006] ata2.00: ATAPI: QEMU DVD-ROM, 2.5+, max UDMA/100
[    6.880983][    T1] usbcore: registered new interface driver ath10k_usb
[    6.884669][    T1] usbcore: registered new interface driver plfxlc
[    6.889237][    T1] mac80211_hwsim: initializing netlink
[    6.889749][   T44] scsi 1:0:0:0: CD-ROM            QEMU     QEMU DVD-ROM     2.5+ PQ: 0 ANSI: 5
[    6.910133][    T1] usbcore: registered new interface driver atusb
[    6.918930][    T1] mac802154_hwsim mac802154_hwsim: Added 2 mac802154 hwsim hardware radios
[    6.921171][    T1] VMware vmxnet3 virtual NIC driver - version 1.9.0.0-k-NAPI
[    6.923716][    T1] usbcore: registered new interface driver catc
[    6.925958][    T1] usbcore: registered new interface driver kaweth
[    6.927464][    T1] pegasus: Pegasus/Pegasus II USB Ethernet driver
[    6.930882][    T1] usbcore: registered new interface driver pegasus
[    6.932686][    T1] usbcore: registered new interface driver rtl8150
[    6.936234][    T1] usbcore: registered new device driver r8152-cfgselector
[    6.940160][    T1] usbcore: registered new interface driver r8152
[    6.943233][    T1] usbcore: registered new interface driver hso
[    6.946147][    T1] usbcore: registered new interface driver lan78xx
[    6.949532][    T1] usbcore: registered new interface driver asix
[    6.952930][    T1] usbcore: registered new interface driver ax88179_178a
[    6.955915][    T1] usbcore: registered new interface driver cdc_ether
[    6.957605][    T1] usbcore: registered new interface driver cdc_eem
[    6.959265][    T1] usbcore: registered new interface driver dm9601
[    6.960878][    T1] usbcore: registered new interface driver sr9700
[    6.962532][    T1] usbcore: registered new interface driver CoreChips
[    6.965480][    T1] usbcore: registered new interface driver smsc75xx
[    6.967218][    T1] usbcore: registered new interface driver smsc95xx
[    6.968852][    T1] usbcore: registered new interface driver gl620a
[    6.970888][    T1] usbcore: registered new interface driver net1080
[    6.973042][    T1] usbcore: registered new interface driver plusb
[    6.975559][    T1] usbcore: registered new interface driver rndis_host
[    6.977340][    T1] usbcore: registered new interface driver cdc_subset
[    6.979203][    T1] usbcore: registered new interface driver zaurus
[    6.980982][    T1] usbcore: registered new interface driver MOSCHIP usb-ethernet driver
[    6.983664][    T1] usbcore: registered new interface driver int51x1
[    6.985331][    T1] usbcore: registered new interface driver cdc_phonet
[    6.987268][    T1] usbcore: registered new interface driver kalmia
[    6.988887][    T1] usbcore: registered new interface driver ipheth
[    6.990565][    T1] usbcore: registered new interface driver sierra_net
[    6.992684][    T1] usbcore: registered new interface driver cx82310_eth
[    6.994794][    T1] usbcore: registered new interface driver cdc_ncm
[    6.996469][    T1] usbcore: registered new interface driver huawei_cdc_ncm
[    6.998719][    T1] usbcore: registered new interface driver lg-vl600
[    7.000371][    T1] usbcore: registered new interface driver qmi_wwan
[    7.002205][    T1] usbcore: registered new interface driver cdc_mbim
[    7.004094][    T1] usbcore: registered new interface driver ch9200
[    7.005895][    T1] usbcore: registered new interface driver aqc111
[    7.007456][    T1] usbcore: registered new interface driver r8153_ecm
[    7.023630][    T1] VFIO - User Level meta-driver version: 0.3
[    7.025159][   T44] sr 1:0:0:0: [sr0] scsi3-mmc drive: 4x/4x cd/rw xa/form2 tray
[    7.029989][   T44] cdrom: Uniform CD-ROM driver Revision: 3.20
[    7.031204][    T1] aoe: AoE v85 initialised.
[    7.040963][    T1] usbcore: registered new interface driver cdc_acm
[    7.042677][    T1] cdc_acm: USB Abstract Control Model driver for USB modems and ISDN adapters
[    7.046810][    T1] usbcore: registered new interface driver usblp
[    7.048458][    T1] usbcore: registered new interface driver cdc_wdm
[    7.050076][    T1] usbcore: registered new interface driver usbtmc
[    7.052333][    T1] usbcore: registered new interface driver uas
[    7.053957][    T1] usbcore: registered new interface driver usb-storage
[    7.055705][    T1] usbcore: registered new interface driver ums-alauda
[    7.057387][    T1] usbcore: registered new interface driver ums-cypress
[    7.059187][    T1] usbcore: registered new interface driver ums-datafab
[    7.060913][    T1] usbcore: registered new interface driver ums_eneub6250
[    7.066802][    T1] usbcore: registered new interface driver ums-freecom
[    7.070995][    T1] usbcore: registered new interface driver ums-isd200
[    7.073383][    T1] usbcore: registered new interface driver ums-jumpshot
[    7.076423][    T1] usbcore: registered new interface driver ums-karma
[    7.079598][    T1] usbcore: registered new interface driver ums-onetouch
[    7.084407][    T1] usbcore: registered new interface driver ums-realtek
[    7.086672][    T1] usbcore: registered new interface driver ums-sddr09
[    7.087000][   T44] sr 1:0:0:0: Attached scsi generic sg0 type 5
[    7.089708][    T1] usbcore: registered new interface driver ums-sddr55
[    7.095572][    T1] usbcore: registered new interface driver ums-usbat
[    7.097455][    T1] usbcore: registered new interface driver mdc800
[    7.098902][    T1] mdc800: v0.7.5 (30/10/2000):USB Driver for Mustek MDC800 Digital Camera
[    7.102092][    T1] usbcore: registered new interface driver microtekX6
[    7.104113][    T1] usbcore: registered new interface driver usbserial_generic
[    7.106167][    T1] usbserial: USB Serial support registered for generic
[    7.107892][    T1] usbcore: registered new interface driver aircable
[    7.110015][    T1] usbserial: USB Serial support registered for aircable
[    7.111719][    T1] usbcore: registered new interface driver ark3116
[    7.113314][    T1] usbserial: USB Serial support registered for ark3116
[    7.114999][    T1] usbcore: registered new interface driver belkin_sa
[    7.116605][    T1] usbserial: USB Serial support registered for Belkin / Peracom / GoHubs USB Serial Adapter
[    7.120317][    T1] usbcore: registered new interface driver ch341
[    7.121803][    T1] usbserial: USB Serial support registered for ch341-uart
[    7.123704][    T1] usbcore: registered new interface driver cp210x
[    7.128871][    T1] usbserial: USB Serial support registered for cp210x
[    7.131686][    T1] usbcore: registered new interface driver cyberjack
[    7.134396][    T1] usbserial: USB Serial support registered for Reiner SCT Cyberjack USB card reader
[    7.138049][    T1] usbcore: registered new interface driver cypress_m8
[    7.139757][    T1] usbserial: USB Serial support registered for DeLorme Earthmate USB
[    7.141646][    T1] usbserial: USB Serial support registered for HID->COM RS232 Adapter
[    7.144567][    T1] usbserial: USB Serial support registered for Nokia CA-42 V2 Adapter
[    7.147235][    T1] usbcore: registered new interface driver usb_debug
[    7.148936][    T1] usbserial: USB Serial support registered for debug
[    7.150810][    T1] usbserial: USB Serial support registered for xhci_dbc
[    7.152601][    T1] usbcore: registered new interface driver digi_acceleport
[    7.154384][    T1] usbserial: USB Serial support registered for Digi 2 port USB adapter
[    7.156364][    T1] usbserial: USB Serial support registered for Digi 4 port USB adapter
[    7.158413][    T1] usbcore: registered new interface driver io_edgeport
[    7.161301][    T1] usbserial: USB Serial support registered for Edgeport 2 port adapter
[    7.163409][    T1] usbserial: USB Serial support registered for Edgeport 4 port adapter
[    7.165324][    T1] usbserial: USB Serial support registered for Edgeport 8 port adapter
[    7.167368][    T1] usbserial: USB Serial support registered for EPiC device
[    7.169123][    T1] usbcore: registered new interface driver io_ti
[    7.171253][    T1] usbserial: USB Serial support registered for Edgeport TI 1 port adapter
[    7.173482][    T1] usbserial: USB Serial support registered for Edgeport TI 2 port adapter
[    7.175551][    T1] usbcore: registered new interface driver empeg
[    7.177115][    T1] usbserial: USB Serial support registered for empeg
[    7.179403][    T1] usbcore: registered new interface driver f81534a_ctrl
[    7.181341][    T1] usbcore: registered new interface driver f81232
[    7.183231][    T1] usbserial: USB Serial support registered for f81232
[    7.185271][    T1] usbserial: USB Serial support registered for f81534a
[    7.187423][    T1] usbcore: registered new interface driver f81534
[    7.189516][    T1] usbserial: USB Serial support registered for Fintek F81532/F81534
[    7.191565][    T1] usbcore: registered new interface driver ftdi_sio
[    7.194719][    T1] usbserial: USB Serial support registered for FTDI USB Serial Device
[    7.197166][    T1] usbcore: registered new interface driver garmin_gps
[    7.198888][    T1] usbserial: USB Serial support registered for Garmin GPS usb/tty
[    7.202001][    T1] usbcore: registered new interface driver ipaq
[    7.204029][    T1] usbserial: USB Serial support registered for PocketPC PDA
[    7.205864][    T1] usbcore: registered new interface driver ipw
[    7.207363][    T1] usbserial: USB Serial support registered for IPWireless converter
[    7.210838][    T1] usbcore: registered new interface driver ir_usb
[    7.213143][    T1] usbserial: USB Serial support registered for IR Dongle
[    7.214931][    T1] usbcore: registered new interface driver iuu_phoenix
[    7.216624][    T1] usbserial: USB Serial support registered for iuu_phoenix
[    7.218412][    T1] usbcore: registered new interface driver keyspan
[    7.221213][    T1] usbserial: USB Serial support registered for Keyspan - (without firmware)
[    7.224571][    T1] usbserial: USB Serial support registered for Keyspan 1 port adapter
[    7.226610][    T1] usbserial: USB Serial support registered for Keyspan 2 port adapter
[    7.228833][    T1] usbserial: USB Serial support registered for Keyspan 4 port adapter
[    7.230996][    T1] usbcore: registered new interface driver keyspan_pda
[    7.232829][    T1] usbserial: USB Serial support registered for Keyspan PDA
[    7.234598][    T1] usbserial: USB Serial support registered for Keyspan PDA - (prerenumeration)
[    7.236828][    T1] usbcore: registered new interface driver kl5kusb105
[    7.238508][    T1] usbserial: USB Serial support registered for KL5KUSB105D / PalmConnect
[    7.241063][    T1] usbcore: registered new interface driver kobil_sct
[    7.242888][    T1] usbserial: USB Serial support registered for KOBIL USB smart card terminal
[    7.246765][    T1] usbcore: registered new interface driver mct_u232
[    7.248784][    T1] usbserial: USB Serial support registered for MCT U232
[    7.251081][    T1] usbcore: registered new interface driver metro_usb
[    7.252765][    T1] usbserial: USB Serial support registered for Metrologic USB to Serial
[    7.255599][    T1] usbcore: registered new interface driver mos7720
[    7.257280][    T1] usbserial: USB Serial support registered for Moschip 2 port adapter
[    7.259287][    T1] usbcore: registered new interface driver mos7840
[    7.260819][    T1] usbserial: USB Serial support registered for Moschip 7840/7820 USB Serial Driver
[    7.263528][    T1] usbcore: registered new interface driver mxuport
[    7.265256][    T1] usbserial: USB Serial support registered for MOXA UPort
[    7.267233][    T1] usbcore: registered new interface driver navman
[    7.269647][    T1] usbserial: USB Serial support registered for navman
[    7.272201][    T1] usbcore: registered new interface driver omninet
[    7.274844][    T1] usbserial: USB Serial support registered for ZyXEL - omni.net usb
[    7.276996][    T1] usbcore: registered new interface driver opticon
[    7.278561][    T1] usbserial: USB Serial support registered for opticon
[    7.280385][    T1] usbcore: registered new interface driver option
[    7.281935][    T1] usbserial: USB Serial support registered for GSM modem (1-port)
[    7.284306][    T1] usbcore: registered new interface driver oti6858
[    7.285963][    T1] usbserial: USB Serial support registered for oti6858
[    7.287705][    T1] usbcore: registered new interface driver pl2303
[    7.289439][    T1] usbserial: USB Serial support registered for pl2303
[    7.291096][    T1] usbcore: registered new interface driver qcaux
[    7.293640][    T1] usbserial: USB Serial support registered for qcaux
[    7.295627][    T1] usbcore: registered new interface driver qcserial
[    7.297766][    T1] usbserial: USB Serial support registered for Qualcomm USB modem
[    7.299840][    T1] usbcore: registered new interface driver quatech2
[    7.301952][    T1] usbserial: USB Serial support registered for Quatech 2nd gen USB to Serial Driver
[    7.305045][    T1] usbcore: registered new interface driver safe_serial
[    7.307203][    T1] usbserial: USB Serial support registered for safe_serial
[    7.309438][    T1] usbcore: registered new interface driver sierra
[    7.312145][    T1] usbserial: USB Serial support registered for Sierra USB modem
[    7.316290][    T1] usbcore: registered new interface driver usb_serial_simple
[    7.319744][    T1] usbserial: USB Serial support registered for carelink
[    7.321703][    T1] usbserial: USB Serial support registered for flashloader
[    7.325667][    T1] usbserial: USB Serial support registered for funsoft
[    7.327458][    T1] usbserial: USB Serial support registered for google
[    7.329125][    T1] usbserial: USB Serial support registered for hp4x
[    7.330879][    T1] usbserial: USB Serial support registered for kaufmann
[    7.332778][    T1] usbserial: USB Serial support registered for libtransistor
[    7.334697][    T1] usbserial: USB Serial support registered for moto_modem
[    7.336392][    T1] usbserial: USB Serial support registered for motorola_tetra
[    7.338271][    T1] usbserial: USB Serial support registered for nokia
[    7.339869][    T1] usbserial: USB Serial support registered for novatel_gps
[    7.341888][    T1] usbserial: USB Serial support registered for owon
[    7.343679][    T1] usbserial: USB Serial support registered for siemens_mpi
[    7.345517][    T1] usbserial: USB Serial support registered for suunto
[    7.347202][    T1] usbserial: USB Serial support registered for vivopay
[    7.348859][    T1] usbserial: USB Serial support registered for zio
[    7.350815][    T1] usbcore: registered new interface driver spcp8x5
[    7.352464][    T1] usbserial: USB Serial support registered for SPCP8x5
[    7.354286][    T1] usbcore: registered new interface driver ssu100
[    7.355826][    T1] usbserial: USB Serial support registered for Quatech SSU-100 USB to Serial Driver
[    7.358185][    T1] usbcore: registered new interface driver symbolserial
[    7.359853][    T1] usbserial: USB Serial support registered for symbol
[    7.361645][    T1] usbcore: registered new interface driver ti_usb_3410_5052
[    7.363431][    T1] usbserial: USB Serial support registered for TI USB 3410 1 port adapter
[    7.365505][    T1] usbserial: USB Serial support registered for TI USB 5052 2 port adapter
[    7.367589][    T1] usbcore: registered new interface driver upd78f0730
[    7.371609][    T1] usbserial: USB Serial support registered for upd78f0730
[    7.376993][    T1] usbcore: registered new interface driver visor
[    7.379033][    T1] usbserial: USB Serial support registered for Handspring Visor / Palm OS
[    7.381171][    T1] usbserial: USB Serial support registered for Sony Clie 5.0
[    7.382941][    T1] usbserial: USB Serial support registered for Sony Clie 3.5
[    7.385027][    T1] usbcore: registered new interface driver wishbone_serial
[    7.386747][    T1] usbserial: USB Serial support registered for wishbone_serial
[    7.388704][    T1] usbcore: registered new interface driver whiteheat
[    7.390300][    T1] usbserial: USB Serial support registered for Connect Tech - WhiteHEAT - (prerenumeration)
[    7.393876][    T1] usbserial: USB Serial support registered for Connect Tech - WhiteHEAT
[    7.395974][    T1] usbcore: registered new interface driver xr_serial
[    7.397609][    T1] usbserial: USB Serial support registered for xr_serial
[    7.399414][    T1] usbcore: registered new interface driver xsens_mt
[    7.400989][    T1] usbserial: USB Serial support registered for xsens_mt
[    7.403015][    T1] usbcore: registered new interface driver adutux
[    7.404741][    T1] usbcore: registered new interface driver appledisplay
[    7.406539][    T1] usbcore: registered new interface driver cypress_cy7c63
[    7.408372][    T1] usbcore: registered new interface driver cytherm
[    7.410062][    T1] usbcore: registered new interface driver emi26 - firmware loader
[    7.412134][    T1] usbcore: registered new interface driver emi62 - firmware loader
[    7.414260][    T1] usbcore: registered new device driver apple-mfi-fastcharge
[    7.416160][    T1] usbcore: registered new interface driver ljca
[    7.417856][    T1] usbcore: registered new interface driver idmouse
[    7.419982][    T1] usbcore: registered new interface driver iowarrior
[    7.421762][    T1] usbcore: registered new interface driver isight_firmware
[    7.423713][    T1] usbcore: registered new interface driver usblcd
[    7.425356][    T1] usbcore: registered new interface driver ldusb
[    7.427200][    T1] usbcore: registered new interface driver legousbtower
[    7.428960][    T1] usbcore: registered new interface driver usbtest
[    7.430676][    T1] usbcore: registered new interface driver usb_ehset_test
[    7.433768][    T1] usbcore: registered new interface driver trancevibrator
[    7.435689][    T1] usbcore: registered new interface driver uss720
[    7.437293][    T1] uss720: USB Parport Cable driver for Cables using the Lucent Technologies USS720 Chip
[    7.439450][    T1] uss720: NOTE: this is a special purpose driver to allow nonstandard
[    7.441397][    T1] uss720: protocols (eg. bitbang) over USS720 usb to parallel cables
[    7.443322][    T1] uss720: If you just want to connect to a printer, use usblp instead
[    7.445528][    T1] usbcore: registered new interface driver usbsevseg
[    7.447241][    T1] usbcore: registered new interface driver yurex
[    7.449359][    T1] usbcore: registered new interface driver chaoskey
[    7.451031][    T1] usbcore: registered new interface driver sisusb
[    7.454047][    T1] usbcore: registered new interface driver lvs
[    7.455748][    T1] usbcore: registered new interface driver cxacru
[    7.457422][    T1] usbcore: registered new interface driver speedtch
[    7.459236][    T1] usbcore: registered new interface driver ueagle-atm
[    7.460790][    T1] xusbatm: malformed module parameters
[    7.463833][    T1] dummy_hcd dummy_hcd.0: USB Host+Gadget Emulator, driver 02 May 2005
[    7.465981][    T1] dummy_hcd dummy_hcd.0: Dummy host controller
[    7.469055][    T1] dummy_hcd dummy_hcd.0: new USB bus registered, assigned bus number 1
[    7.472033][    T1] usb usb1: New USB device found, idVendor=1d6b, idProduct=0002, bcdDevice= 6.15
[    7.474875][    T1] usb usb1: New USB device strings: Mfr=3, Product=2, SerialNumber=1
[    7.477948][    T1] usb usb1: Product: Dummy host controller
[    7.480175][    T1] usb usb1: Manufacturer: Linux 6.15.0-rc6-g9f35e33144ae-dirty dummy_hcd
[    7.484544][    T1] usb usb1: SerialNumber: dummy_hcd.0
[    7.491577][    T1] hub 1-0:1.0: USB hub found
[    7.493715][    T1] hub 1-0:1.0: 1 port detected
[    7.501384][    T1] SPI driver max3420-udc has no spi_device_id for maxim,max3421-udc
[    7.504595][    T1] gadgetfs: USB Gadget filesystem, version 24 Aug 2004
[    7.518040][    T1] vhci_hcd vhci_hcd.0: USB/IP Virtual Host Controller
[    7.520584][    T1] vhci_hcd vhci_hcd.0: new USB bus registered, assigned bus number 2
[    7.523343][    T1] vhci_hcd: created sysfs vhci_hcd.0
[    7.525485][    T1] usb usb2: New USB device found, idVendor=1d6b, idProduct=0002, bcdDevice= 6.15
[    7.527662][    T1] usb usb2: New USB device strings: Mfr=3, Product=2, SerialNumber=1
[    7.529958][    T1] usb usb2: Product: USB/IP Virtual Host Controller
[    7.531404][    T1] usb usb2: Manufacturer: Linux 6.15.0-rc6-g9f35e33144ae-dirty vhci_hcd
[    7.533444][    T1] usb usb2: SerialNumber: vhci_hcd.0
[    7.537533][    T1] hub 2-0:1.0: USB hub found
[    7.539032][    T1] hub 2-0:1.0: 8 ports detected
[    7.545883][    T1] vhci_hcd vhci_hcd.0: USB/IP Virtual Host Controller
[    7.548426][    T1] vhci_hcd vhci_hcd.0: new USB bus registered, assigned bus number 3
[    7.552537][    T1] usb usb3: We don't know the algorithms for LPM for this host, disabling LPM.
[    7.555710][    T1] usb usb3: New USB device found, idVendor=1d6b, idProduct=0003, bcdDevice= 6.15
[    7.557817][    T1] usb usb3: New USB device strings: Mfr=3, Product=2, SerialNumber=1
[    7.560792][    T1] usb usb3: Product: USB/IP Virtual Host Controller
[    7.562428][    T1] usb usb3: Manufacturer: Linux 6.15.0-rc6-g9f35e33144ae-dirty vhci_hcd
[    7.564900][    T1] usb usb3: SerialNumber: vhci_hcd.0
[    7.569846][    T1] hub 3-0:1.0: USB hub found
[    7.571170][    T1] hub 3-0:1.0: 8 ports detected
[    7.579579][    T1] vhci_hcd vhci_hcd.1: USB/IP Virtual Host Controller
[    7.583678][    T1] vhci_hcd vhci_hcd.1: new USB bus registered, assigned bus number 4
[    7.586780][    T1] usb usb4: New USB device found, idVendor=1d6b, idProduct=0002, bcdDevice= 6.15
[    7.588892][    T1] usb usb4: New USB device strings: Mfr=3, Product=2, SerialNumber=1
[    7.590781][    T1] usb usb4: Product: USB/IP Virtual Host Controller
[    7.592351][    T1] usb usb4: Manufacturer: Linux 6.15.0-rc6-g9f35e33144ae-dirty vhci_hcd
[    7.594362][    T1] usb usb4: SerialNumber: vhci_hcd.1
[    7.598517][    T1] hub 4-0:1.0: USB hub found
[    7.599775][    T1] hub 4-0:1.0: 8 ports detected
[    7.605854][    T1] vhci_hcd vhci_hcd.1: USB/IP Virtual Host Controller
[    7.608848][    T1] vhci_hcd vhci_hcd.1: new USB bus registered, assigned bus number 5
[    7.611570][    T1] usb usb5: We don't know the algorithms for LPM for this host, disabling LPM.
[    7.614912][    T1] usb usb5: New USB device found, idVendor=1d6b, idProduct=0003, bcdDevice= 6.15
[    7.617181][    T1] usb usb5: New USB device strings: Mfr=3, Product=2, SerialNumber=1
[    7.619779][    T1] usb usb5: Product: USB/IP Virtual Host Controller
[    7.622015][    T1] usb usb5: Manufacturer: Linux 6.15.0-rc6-g9f35e33144ae-dirty vhci_hcd
[    7.627407][    T1] usb usb5: SerialNumber: vhci_hcd.1
[    7.630680][    T1] hub 5-0:1.0: USB hub found
[    7.632210][    T1] hub 5-0:1.0: 8 ports detected
[    7.643337][    T1] vhci_hcd vhci_hcd.2: USB/IP Virtual Host Controller
[    7.646615][    T1] vhci_hcd vhci_hcd.2: new USB bus registered, assigned bus number 6
[    7.649592][    T1] usb usb6: New USB device found, idVendor=1d6b, idProduct=0002, bcdDevice= 6.15
[    7.651739][    T1] usb usb6: New USB device strings: Mfr=3, Product=2, SerialNumber=1
[    7.653697][    T1] usb usb6: Product: USB/IP Virtual Host Controller
[    7.655304][    T1] usb usb6: Manufacturer: Linux 6.15.0-rc6-g9f35e33144ae-dirty vhci_hcd
[    7.657335][    T1] usb usb6: SerialNumber: vhci_hcd.2
[    7.662181][    T1] hub 6-0:1.0: USB hub found
[    7.663565][    T1] hub 6-0:1.0: 8 ports detected
[    7.670787][    T1] vhci_hcd vhci_hcd.2: USB/IP Virtual Host Controller
[    7.673900][    T1] vhci_hcd vhci_hcd.2: new USB bus registered, assigned bus number 7
[    7.676755][    T1] usb usb7: We don't know the algorithms for LPM for this host, disabling LPM.
[    7.679468][    T1] usb usb7: New USB device found, idVendor=1d6b, idProduct=0003, bcdDevice= 6.15
[    7.682178][    T1] usb usb7: New USB device strings: Mfr=3, Product=2, SerialNumber=1
[    7.684023][    T1] usb usb7: Product: USB/IP Virtual Host Controller
[    7.685555][    T1] usb usb7: Manufacturer: Linux 6.15.0-rc6-g9f35e33144ae-dirty vhci_hcd
[    7.689397][    T1] usb usb7: SerialNumber: vhci_hcd.2
[    7.693008][    T1] hub 7-0:1.0: USB hub found
[    7.694187][    T1] hub 7-0:1.0: 8 ports detected
[    7.701480][    T1] vhci_hcd vhci_hcd.3: USB/IP Virtual Host Controller
[    7.706792][    T1] vhci_hcd vhci_hcd.3: new USB bus registered, assigned bus number 8
[    7.710004][    T1] usb usb8: New USB device found, idVendor=1d6b, idProduct=0002, bcdDevice= 6.15
[    7.712066][    T1] usb usb8: New USB device strings: Mfr=3, Product=2, SerialNumber=1
[    7.714575][    T1] usb usb8: Product: USB/IP Virtual Host Controller
[    7.716857][    T1] usb usb8: Manufacturer: Linux 6.15.0-rc6-g9f35e33144ae-dirty vhci_hcd
[    7.718700][    T1] usb usb8: SerialNumber: vhci_hcd.3
[    7.723960][    T1] hub 8-0:1.0: USB hub found
[    7.725371][    T1] hub 8-0:1.0: 8 ports detected
[    7.731381][    T1] vhci_hcd vhci_hcd.3: USB/IP Virtual Host Controller
[    7.739253][    T1] vhci_hcd vhci_hcd.3: new USB bus registered, assigned bus number 9
[    7.742669][    T1] usb usb9: We don't know the algorithms for LPM for this host, disabling LPM.
[    7.745461][    T1] usb usb9: New USB device found, idVendor=1d6b, idProduct=0003, bcdDevice= 6.15
[    7.747623][    T1] usb usb9: New USB device strings: Mfr=3, Product=2, SerialNumber=1
[    7.749387][    T1] usb usb9: Product: USB/IP Virtual Host Controller
[    7.750873][    T1] usb usb9: Manufacturer: Linux 6.15.0-rc6-g9f35e33144ae-dirty vhci_hcd
[    7.752882][    T1] usb usb9: SerialNumber: vhci_hcd.3
[    7.756838][    T1] hub 9-0:1.0: USB hub found
[    7.758087][    T1] hub 9-0:1.0: 8 ports detected
[    7.766089][    T1] vhci_hcd vhci_hcd.4: USB/IP Virtual Host Controller
[    7.769464][    T1] vhci_hcd vhci_hcd.4: new USB bus registered, assigned bus number 10
[    7.773308][    T1] usb usb10: New USB device found, idVendor=1d6b, idProduct=0002, bcdDevice= 6.15
[    7.775429][    T1] usb usb10: New USB device strings: Mfr=3, Product=2, SerialNumber=1
[    7.777354][    T1] usb usb10: Product: USB/IP Virtual Host Controller
[    7.778820][    T1] usb usb10: Manufacturer: Linux 6.15.0-rc6-g9f35e33144ae-dirty vhci_hcd
[    7.780635][    T1] usb usb10: SerialNumber: vhci_hcd.4
[    7.784453][    T1] hub 10-0:1.0: USB hub found
[    7.785670][    T1] hub 10-0:1.0: 8 ports detected
[    7.791805][    T1] vhci_hcd vhci_hcd.4: USB/IP Virtual Host Controller
[    7.794440][    T1] vhci_hcd vhci_hcd.4: new USB bus registered, assigned bus number 11
[    7.797424][    T1] usb usb11: We don't know the algorithms for LPM for this host, disabling LPM.
[    7.799826][    T1] usb usb11: New USB device found, idVendor=1d6b, idProduct=0003, bcdDevice= 6.15
[    7.802024][    T1] usb usb11: New USB device strings: Mfr=3, Product=2, SerialNumber=1
[    7.805916][    T1] usb usb11: Product: USB/IP Virtual Host Controller
[    7.807752][    T1] usb usb11: Manufacturer: Linux 6.15.0-rc6-g9f35e33144ae-dirty vhci_hcd
[    7.809573][    T1] usb usb11: SerialNumber: vhci_hcd.4
[    7.813211][    T1] hub 11-0:1.0: USB hub found
[    7.814692][    T1] hub 11-0:1.0: 8 ports detected
[    7.824141][    T1] vhci_hcd vhci_hcd.5: USB/IP Virtual Host Controller
[    7.827104][    T1] vhci_hcd vhci_hcd.5: new USB bus registered, assigned bus number 12
[    7.832460][    T1] usb usb12: New USB device found, idVendor=1d6b, idProduct=0002, bcdDevice= 6.15
[    7.834585][    T1] usb usb12: New USB device strings: Mfr=3, Product=2, SerialNumber=1
[    7.836408][    T1] usb usb12: Product: USB/IP Virtual Host Controller
[    7.837857][    T1] usb usb12: Manufacturer: Linux 6.15.0-rc6-g9f35e33144ae-dirty vhci_hcd
[    7.840172][    T1] usb usb12: SerialNumber: vhci_hcd.5
[    7.845713][    T1] hub 12-0:1.0: USB hub found
[    7.847094][    T1] hub 12-0:1.0: 8 ports detected
[    7.854514][    T1] vhci_hcd vhci_hcd.5: USB/IP Virtual Host Controller
[    7.859768][    T1] vhci_hcd vhci_hcd.5: new USB bus registered, assigned bus number 13
[    7.862554][    T1] usb usb13: We don't know the algorithms for LPM for this host, disabling LPM.
[    7.865406][    T1] usb usb13: New USB device found, idVendor=1d6b, idProduct=0003, bcdDevice= 6.15
[    7.867656][    T1] usb usb13: New USB device strings: Mfr=3, Product=2, SerialNumber=1
[    7.870123][    T1] usb usb13: Product: USB/IP Virtual Host Controller
[    7.871580][    T1] usb usb13: Manufacturer: Linux 6.15.0-rc6-g9f35e33144ae-dirty vhci_hcd
[    7.876736][    T1] usb usb13: SerialNumber: vhci_hcd.5
[    7.882185][    T1] hub 13-0:1.0: USB hub found
[    7.883594][    T1] hub 13-0:1.0: 8 ports detected
[    7.892919][    T1] vhci_hcd vhci_hcd.6: USB/IP Virtual Host Controller
[    7.898179][    T1] vhci_hcd vhci_hcd.6: new USB bus registered, assigned bus number 14
[    7.902276][    T1] usb usb14: New USB device found, idVendor=1d6b, idProduct=0002, bcdDevice= 6.15
[    7.904534][    T1] usb usb14: New USB device strings: Mfr=3, Product=2, SerialNumber=1
[    7.906385][    T1] usb usb14: Product: USB/IP Virtual Host Controller
[    7.910605][    T1] usb usb14: Manufacturer: Linux 6.15.0-rc6-g9f35e33144ae-dirty vhci_hcd
[    7.913896][    T1] usb usb14: SerialNumber: vhci_hcd.6
[    7.921880][    T1] hub 14-0:1.0: USB hub found
[    7.923607][    T1] hub 14-0:1.0: 8 ports detected
[    7.930206][    T1] vhci_hcd vhci_hcd.6: USB/IP Virtual Host Controller
[    7.933442][    T1] vhci_hcd vhci_hcd.6: new USB bus registered, assigned bus number 15
[    7.938441][    T1] usb usb15: We don't know the algorithms for LPM for this host, disabling LPM.
[    7.941036][    T1] usb usb15: New USB device found, idVendor=1d6b, idProduct=0003, bcdDevice= 6.15
[    7.943426][    T1] usb usb15: New USB device strings: Mfr=3, Product=2, SerialNumber=1
[    7.945387][    T1] usb usb15: Product: USB/IP Virtual Host Controller
[    7.947383][    T1] usb usb15: Manufacturer: Linux 6.15.0-rc6-g9f35e33144ae-dirty vhci_hcd
[    7.949421][    T1] usb usb15: SerialNumber: vhci_hcd.6
[    7.954231][    T1] hub 15-0:1.0: USB hub found
[    7.955533][    T1] hub 15-0:1.0: 8 ports detected
[    7.963284][    T1] vhci_hcd vhci_hcd.7: USB/IP Virtual Host Controller
[    7.966082][    T1] vhci_hcd vhci_hcd.7: new USB bus registered, assigned bus number 16
[    7.970920][    T1] usb usb16: New USB device found, idVendor=1d6b, idProduct=0002, bcdDevice= 6.15
[    7.973166][    T1] usb usb16: New USB device strings: Mfr=3, Product=2, SerialNumber=1
[    7.975052][    T1] usb usb16: Product: USB/IP Virtual Host Controller
[    7.976835][    T1] usb usb16: Manufacturer: Linux 6.15.0-rc6-g9f35e33144ae-dirty vhci_hcd
[    7.979204][    T1] usb usb16: SerialNumber: vhci_hcd.7
[    7.982941][    T1] hub 16-0:1.0: USB hub found
[    7.984272][    T1] hub 16-0:1.0: 8 ports detected
[    7.991083][    T1] vhci_hcd vhci_hcd.7: USB/IP Virtual Host Controller
[    7.993927][    T1] vhci_hcd vhci_hcd.7: new USB bus registered, assigned bus number 17
[    7.998820][    T1] usb usb17: We don't know the algorithms for LPM for this host, disabling LPM.
[    8.001827][    T1] usb usb17: New USB device found, idVendor=1d6b, idProduct=0003, bcdDevice= 6.15
[    8.004214][    T1] usb usb17: New USB device strings: Mfr=3, Product=2, SerialNumber=1
[    8.006144][    T1] usb usb17: Product: USB/IP Virtual Host Controller
[    8.007757][    T1] usb usb17: Manufacturer: Linux 6.15.0-rc6-g9f35e33144ae-dirty vhci_hcd
[    8.009747][    T1] usb usb17: SerialNumber: vhci_hcd.7
[    8.014374][    T1] hub 17-0:1.0: USB hub found
[    8.016714][    T1] hub 17-0:1.0: 8 ports detected
[    8.025340][    T1] vhci_hcd vhci_hcd.8: USB/IP Virtual Host Controller
[    8.027824][    T1] vhci_hcd vhci_hcd.8: new USB bus registered, assigned bus number 18
[    8.030728][    T1] usb usb18: New USB device found, idVendor=1d6b, idProduct=0002, bcdDevice= 6.15
[    8.033043][    T1] usb usb18: New USB device strings: Mfr=3, Product=2, SerialNumber=1
[    8.035058][    T1] usb usb18: Product: USB/IP Virtual Host Controller
[    8.036652][    T1] usb usb18: Manufacturer: Linux 6.15.0-rc6-g9f35e33144ae-dirty vhci_hcd
[    8.041644][    T1] usb usb18: SerialNumber: vhci_hcd.8
[    8.046327][    T1] hub 18-0:1.0: USB hub found
[    8.050242][    T1] hub 18-0:1.0: 8 ports detected
[    8.059897][    T1] vhci_hcd vhci_hcd.8: USB/IP Virtual Host Controller
[    8.065745][    T1] vhci_hcd vhci_hcd.8: new USB bus registered, assigned bus number 19
[    8.068215][    T1] usb usb19: We don't know the algorithms for LPM for this host, disabling LPM.
[    8.071644][    T1] usb usb19: New USB device found, idVendor=1d6b, idProduct=0003, bcdDevice= 6.15
[    8.075094][    T1] usb usb19: New USB device strings: Mfr=3, Product=2, SerialNumber=1
[    8.077550][    T1] usb usb19: Product: USB/IP Virtual Host Controller
[    8.079120][    T1] usb usb19: Manufacturer: Linux 6.15.0-rc6-g9f35e33144ae-dirty vhci_hcd
[    8.081687][    T1] usb usb19: SerialNumber: vhci_hcd.8
[    8.087532][    T1] hub 19-0:1.0: USB hub found
[    8.089215][    T1] hub 19-0:1.0: 8 ports detected
[    8.097445][    T1] vhci_hcd vhci_hcd.9: USB/IP Virtual Host Controller
[    8.103259][    T1] vhci_hcd vhci_hcd.9: new USB bus registered, assigned bus number 20
[    8.108645][    T1] usb usb20: New USB device found, idVendor=1d6b, idProduct=0002, bcdDevice= 6.15
[    8.111809][    T1] usb usb20: New USB device strings: Mfr=3, Product=2, SerialNumber=1
[    8.114112][    T1] usb usb20: Product: USB/IP Virtual Host Controller
[    8.115624][    T1] usb usb20: Manufacturer: Linux 6.15.0-rc6-g9f35e33144ae-dirty vhci_hcd
[    8.117540][    T1] usb usb20: SerialNumber: vhci_hcd.9
[    8.121975][    T1] hub 20-0:1.0: USB hub found
[    8.123368][    T1] hub 20-0:1.0: 8 ports detected
[    8.131810][    T1] vhci_hcd vhci_hcd.9: USB/IP Virtual Host Controller
[    8.135032][    T1] vhci_hcd vhci_hcd.9: new USB bus registered, assigned bus number 21
[    8.138207][    T1] usb usb21: We don't know the algorithms for LPM for this host, disabling LPM.
[    8.141365][    T1] usb usb21: New USB device found, idVendor=1d6b, idProduct=0003, bcdDevice= 6.15
[    8.143588][    T1] usb usb21: New USB device strings: Mfr=3, Product=2, SerialNumber=1
[    8.145956][    T1] usb usb21: Product: USB/IP Virtual Host Controller
[    8.148228][    T1] usb usb21: Manufacturer: Linux 6.15.0-rc6-g9f35e33144ae-dirty vhci_hcd
[    8.150825][    T1] usb usb21: SerialNumber: vhci_hcd.9
[    8.154710][    T1] hub 21-0:1.0: USB hub found
[    8.155965][    T1] hub 21-0:1.0: 8 ports detected
[    8.166243][    T1] vhci_hcd vhci_hcd.10: USB/IP Virtual Host Controller
[    8.169659][    T1] vhci_hcd vhci_hcd.10: new USB bus registered, assigned bus number 22
[    8.173025][    T1] usb usb22: New USB device found, idVendor=1d6b, idProduct=0002, bcdDevice= 6.15
[    8.175407][    T1] usb usb22: New USB device strings: Mfr=3, Product=2, SerialNumber=1
[    8.177235][    T1] usb usb22: Product: USB/IP Virtual Host Controller
[    8.178786][    T1] usb usb22: Manufacturer: Linux 6.15.0-rc6-g9f35e33144ae-dirty vhci_hcd
[    8.180774][    T1] usb usb22: SerialNumber: vhci_hcd.10
[    8.185544][    T1] hub 22-0:1.0: USB hub found
[    8.187173][    T1] hub 22-0:1.0: 8 ports detected
[    8.197068][    T1] vhci_hcd vhci_hcd.10: USB/IP Virtual Host Controller
[    8.199823][    T1] vhci_hcd vhci_hcd.10: new USB bus registered, assigned bus number 23
[    8.202210][    T1] usb usb23: We don't know the algorithms for LPM for this host, disabling LPM.
[    8.206169][    T1] usb usb23: New USB device found, idVendor=1d6b, idProduct=0003, bcdDevice= 6.15
[    8.211386][    T1] usb usb23: New USB device strings: Mfr=3, Product=2, SerialNumber=1
[    8.214552][    T1] usb usb23: Product: USB/IP Virtual Host Controller
[    8.218438][    T1] usb usb23: Manufacturer: Linux 6.15.0-rc6-g9f35e33144ae-dirty vhci_hcd
[    8.220478][    T1] usb usb23: SerialNumber: vhci_hcd.10
[    8.224669][    T1] hub 23-0:1.0: USB hub found
[    8.226082][    T1] hub 23-0:1.0: 8 ports detected
[    8.234037][    T1] vhci_hcd vhci_hcd.11: USB/IP Virtual Host Controller
[    8.236703][    T1] vhci_hcd vhci_hcd.11: new USB bus registered, assigned bus number 24
[    8.241147][    T1] usb usb24: New USB device found, idVendor=1d6b, idProduct=0002, bcdDevice= 6.15
[    8.244383][    T1] usb usb24: New USB device strings: Mfr=3, Product=2, SerialNumber=1
[    8.246317][    T1] usb usb24: Product: USB/IP Virtual Host Controller
[    8.247933][    T1] usb usb24: Manufacturer: Linux 6.15.0-rc6-g9f35e33144ae-dirty vhci_hcd
[    8.249900][    T1] usb usb24: SerialNumber: vhci_hcd.11
[    8.255405][    T1] hub 24-0:1.0: USB hub found
[    8.258461][    T1] hub 24-0:1.0: 8 ports detected
[    8.264915][    T1] vhci_hcd vhci_hcd.11: USB/IP Virtual Host Controller
[    8.267545][    T1] vhci_hcd vhci_hcd.11: new USB bus registered, assigned bus number 25
[    8.269774][    T1] usb usb25: We don't know the algorithms for LPM for this host, disabling LPM.
[    8.272618][    T1] usb usb25: New USB device found, idVendor=1d6b, idProduct=0003, bcdDevice= 6.15
[    8.274792][    T1] usb usb25: New USB device strings: Mfr=3, Product=2, SerialNumber=1
[    8.277367][    T1] usb usb25: Product: USB/IP Virtual Host Controller
[    8.278934][    T1] usb usb25: Manufacturer: Linux 6.15.0-rc6-g9f35e33144ae-dirty vhci_hcd
[    8.280834][    T1] usb usb25: SerialNumber: vhci_hcd.11
[    8.284137][    T1] hub 25-0:1.0: USB hub found
[    8.285360][    T1] hub 25-0:1.0: 8 ports detected
[    8.293622][    T1] vhci_hcd vhci_hcd.12: USB/IP Virtual Host Controller
[    8.297757][    T1] vhci_hcd vhci_hcd.12: new USB bus registered, assigned bus number 26
[    8.300273][    T1] usb usb26: New USB device found, idVendor=1d6b, idProduct=0002, bcdDevice= 6.15
[    8.302706][    T1] usb usb26: New USB device strings: Mfr=3, Product=2, SerialNumber=1
[    8.304758][    T1] usb usb26: Product: USB/IP Virtual Host Controller
[    8.306677][    T1] usb usb26: Manufacturer: Linux 6.15.0-rc6-g9f35e33144ae-dirty vhci_hcd
[    8.309496][    T1] usb usb26: SerialNumber: vhci_hcd.12
[    8.313148][    T1] hub 26-0:1.0: USB hub found
[    8.314381][    T1] hub 26-0:1.0: 8 ports detected
[    8.322983][    T1] vhci_hcd vhci_hcd.12: USB/IP Virtual Host Controller
[    8.325723][    T1] vhci_hcd vhci_hcd.12: new USB bus registered, assigned bus number 27
[    8.327841][    T1] usb usb27: We don't know the algorithms for LPM for this host, disabling LPM.
[    8.330383][    T1] usb usb27: New USB device found, idVendor=1d6b, idProduct=0003, bcdDevice= 6.15
[    8.332807][    T1] usb usb27: New USB device strings: Mfr=3, Product=2, SerialNumber=1
[    8.334874][    T1] usb usb27: Product: USB/IP Virtual Host Controller
[    8.336766][    T1] usb usb27: Manufacturer: Linux 6.15.0-rc6-g9f35e33144ae-dirty vhci_hcd
[    8.339247][    T1] usb usb27: SerialNumber: vhci_hcd.12
[    8.343795][    T1] hub 27-0:1.0: USB hub found
[    8.345018][    T1] hub 27-0:1.0: 8 ports detected
[    8.353865][    T1] vhci_hcd vhci_hcd.13: USB/IP Virtual Host Controller
[    8.356997][    T1] vhci_hcd vhci_hcd.13: new USB bus registered, assigned bus number 28
[    8.360300][    T1] usb usb28: New USB device found, idVendor=1d6b, idProduct=0002, bcdDevice= 6.15
[    8.362603][    T1] usb usb28: New USB device strings: Mfr=3, Product=2, SerialNumber=1
[    8.364489][    T1] usb usb28: Product: USB/IP Virtual Host Controller
[    8.366318][    T1] usb usb28: Manufacturer: Linux 6.15.0-rc6-g9f35e33144ae-dirty vhci_hcd
[    8.368814][    T1] usb usb28: SerialNumber: vhci_hcd.13
[    8.373100][    T1] hub 28-0:1.0: USB hub found
[    8.374711][    T1] hub 28-0:1.0: 8 ports detected
[    8.381616][    T1] vhci_hcd vhci_hcd.13: USB/IP Virtual Host Controller
[    8.384350][    T1] vhci_hcd vhci_hcd.13: new USB bus registered, assigned bus number 29
[    8.386922][    T1] usb usb29: We don't know the algorithms for LPM for this host, disabling LPM.
[    8.389529][    T1] usb usb29: New USB device found, idVendor=1d6b, idProduct=0003, bcdDevice= 6.15
[    8.391968][    T1] usb usb29: New USB device strings: Mfr=3, Product=2, SerialNumber=1
[    8.394318][    T1] usb usb29: Product: USB/IP Virtual Host Controller
[    8.397105][    T1] usb usb29: Manufacturer: Linux 6.15.0-rc6-g9f35e33144ae-dirty vhci_hcd
[    8.399457][    T1] usb usb29: SerialNumber: vhci_hcd.13
[    8.405726][    T1] hub 29-0:1.0: USB hub found
[    8.406967][    T1] hub 29-0:1.0: 8 ports detected
[    8.414650][    T1] vhci_hcd vhci_hcd.14: USB/IP Virtual Host Controller
[    8.419107][    T1] vhci_hcd vhci_hcd.14: new USB bus registered, assigned bus number 30
[    8.422855][    T1] usb usb30: New USB device found, idVendor=1d6b, idProduct=0002, bcdDevice= 6.15
[    8.425011][    T1] usb usb30: New USB device strings: Mfr=3, Product=2, SerialNumber=1
[    8.426862][    T1] usb usb30: Product: USB/IP Virtual Host Controller
[    8.428374][    T1] usb usb30: Manufacturer: Linux 6.15.0-rc6-g9f35e33144ae-dirty vhci_hcd
[    8.430300][    T1] usb usb30: SerialNumber: vhci_hcd.14
[    8.438154][    T1] hub 30-0:1.0: USB hub found
[    8.439657][    T1] hub 30-0:1.0: 8 ports detected
[    8.446686][    T1] vhci_hcd vhci_hcd.14: USB/IP Virtual Host Controller
[    8.449642][    T1] vhci_hcd vhci_hcd.14: new USB bus registered, assigned bus number 31
[    8.452778][    T1] usb usb31: We don't know the algorithms for LPM for this host, disabling LPM.
[    8.455900][    T1] usb usb31: New USB device found, idVendor=1d6b, idProduct=0003, bcdDevice= 6.15
[    8.458464][    T1] usb usb31: New USB device strings: Mfr=3, Product=2, SerialNumber=1
[    8.460315][    T1] usb usb31: Product: USB/IP Virtual Host Controller
[    8.463404][    T1] usb usb31: Manufacturer: Linux 6.15.0-rc6-g9f35e33144ae-dirty vhci_hcd
[    8.465525][    T1] usb usb31: SerialNumber: vhci_hcd.14
[    8.473615][    T1] hub 31-0:1.0: USB hub found
[    8.476308][    T1] hub 31-0:1.0: 8 ports detected
[    8.487649][    T1] vhci_hcd vhci_hcd.15: USB/IP Virtual Host Controller
[    8.490933][    T1] vhci_hcd vhci_hcd.15: new USB bus registered, assigned bus number 32
[    8.493837][    T1] usb usb32: New USB device found, idVendor=1d6b, idProduct=0002, bcdDevice= 6.15
[    8.496057][    T1] usb usb32: New USB device strings: Mfr=3, Product=2, SerialNumber=1
[    8.497984][    T1] usb usb32: Product: USB/IP Virtual Host Controller
[    8.499481][    T1] usb usb32: Manufacturer: Linux 6.15.0-rc6-g9f35e33144ae-dirty vhci_hcd
[    8.501812][    T1] usb usb32: SerialNumber: vhci_hcd.15
[    8.507381][    T1] hub 32-0:1.0: USB hub found
[    8.510018][    T1] hub 32-0:1.0: 8 ports detected
[    8.523598][    T1] vhci_hcd vhci_hcd.15: USB/IP Virtual Host Controller
[    8.528250][    T1] vhci_hcd vhci_hcd.15: new USB bus registered, assigned bus number 33
[    8.531131][    T1] usb usb33: We don't know the algorithms for LPM for this host, disabling LPM.
[    8.533993][    T1] usb usb33: New USB device found, idVendor=1d6b, idProduct=0003, bcdDevice= 6.15
[    8.536559][    T1] usb usb33: New USB device strings: Mfr=3, Product=2, SerialNumber=1
[    8.538469][    T1] usb usb33: Product: USB/IP Virtual Host Controller
[    8.540015][    T1] usb usb33: Manufacturer: Linux 6.15.0-rc6-g9f35e33144ae-dirty vhci_hcd
[    8.542450][    T1] usb usb33: SerialNumber: vhci_hcd.15
[    8.546469][    T1] hub 33-0:1.0: USB hub found
[    8.547741][    T1] hub 33-0:1.0: 8 ports detected
[    8.558488][    T1] usbcore: registered new device driver usbip-host
[    8.564782][    T1] i8042: PNP: PS/2 Controller [PNP0303:KBD,PNP0f13:MOU] at 0x60,0x64 irq 1,12
[    8.572868][    T1] serio: i8042 KBD port at 0x60,0x64 irq 1
[    8.575763][    T1] serio: i8042 AUX port at 0x60,0x64 irq 12
[    8.580056][    T1] mousedev: PS/2 mouse device common for all mice
[    8.587500][    T1] usbcore: registered new interface driver appletouch
[    8.589592][    T1] usbcore: registered new interface driver bcm5974
[    8.592373][    T1] usbcore: registered new interface driver synaptics_usb
[    8.595309][  T922] input: AT Translated Set 2 keyboard as /devices/platform/i8042/serio0/input/input1
[    8.596242][    T1] usbcore: registered new interface driver iforce
[    8.600663][    T1] usbcore: registered new interface driver pxrc
[    8.604200][    T1] usbcore: registered new interface driver xpad
[    8.605946][    T1] usbcore: registered new interface driver usb_acecad
[    8.608187][    T1] usbcore: registered new interface driver aiptek
[    8.610084][    T1] usbcore: registered new interface driver hanwang
[    8.614160][    T1] usbcore: registered new interface driver kbtab
[    8.617483][    T1] usbcore: registered new interface driver pegasus_notetaker
[    8.622160][    T1] usbcore: registered new interface driver usbtouchscreen
[    8.627502][    T1] usbcore: registered new interface driver sur40
[    8.633140][    T1] usbcore: registered new interface driver ati_remote2
[    8.636000][    T1] cm109: Keymap for Komunikate KIP1000 phone loaded
[    8.639435][    T1] usbcore: registered new interface driver cm109
[    8.641754][    T1] cm109: CM109 phone driver: 20080805 (C) Alfred E. Heggestad
[    8.645692][    T1] usbcore: registered new interface driver ims_pcu
[    8.648626][    T1] usbcore: registered new interface driver keyspan_remote
[    8.652605][    T1] usbcore: registered new interface driver powermate
[    8.656109][    T1] usbcore: registered new interface driver yealink
[    8.660348][    T1] rtc_cmos 00:05: RTC can wake from S4
[    8.666268][    T1] rtc_cmos 00:05: registered as rtc0
[    8.667875][    T1] rtc_cmos 00:05: alarms up to one day, y3k, 242 bytes nvram, hpet irqs
[    8.670251][    T1] i2c_dev: i2c /dev entries driver
[    8.673339][    T1] usbcore: registered new interface driver i2c-diolan-u2c
[    8.675589][    T1] usbcore: registered new interface driver i2c-cp2615
[    8.678223][    T1] usbcore: registered new interface driver RobotFuzz Open Source InterFace, OSIF
[    8.682626][    T1] usbcore: registered new interface driver i2c-tiny-usb
[    8.686255][    T1] usbcore: registered new interface driver igorplugusb
[    8.688414][    T1] usbcore: registered new interface driver iguanair
[    8.690208][    T1] usbcore: registered new interface driver imon
[    8.692070][    T1] usbcore: registered new interface driver imon_raw
[    8.695700][    T1] usbcore: registered new interface driver mceusb
[    8.698804][    T1] usbcore: registered new interface driver redrat3
[    8.702087][    T1] usbcore: registered new interface driver streamzap
[    8.704172][    T1] usbcore: registered new interface driver ir_toy
[    8.705974][    T1] usbcore: registered new interface driver ttusbir
[    8.708692][    T1] usbcore: registered new interface driver ati_remote
[    8.712001][    T1] usbcore: registered new interface driver xbox_remote
[    8.715518][    T1] b2c2-flexcop: B2C2 FlexcopII/II(b)/III digital TV receiver chip loaded successfully
[    8.718380][    T1] usbcore: registered new interface driver b2c2_flexcop_usb
[    8.720289][    T1] usbcore: registered new interface driver dvb_usb_vp7045
[    8.723244][    T1] usbcore: registered new interface driver dvb_usb_vp702x
[    8.725363][    T1] usbcore: registered new interface driver dvb_usb_gp8psk
[    8.727246][    T1] usbcore: registered new interface driver dvb_usb_dtt200u
[    8.729155][    T1] usbcore: registered new interface driver dvb_usb_a800
[    8.731294][    T1] usbcore: registered new interface driver dvb_usb_dibusb_mb
[    8.733324][    T1] usbcore: registered new interface driver dvb_usb_dibusb_mc
[    8.735200][    T1] usbcore: registered new interface driver dvb_usb_nova_t_usb2
[    8.739048][    T1] usbcore: registered new interface driver dvb_usb_umt_010
[    8.741921][    T1] usbcore: registered new interface driver dvb_usb_m920x
[    8.743927][    T1] usbcore: registered new interface driver dvb_usb_digitv
[    8.746183][    T1] usbcore: registered new interface driver dvb_usb_cxusb
[    8.748035][    T1] usbcore: registered new interface driver dvb_usb_ttusb2
[    8.750073][    T1] usbcore: registered new interface driver dvb_usb_dib0700
[    8.751966][    T1] usbcore: registered new interface driver opera1
[    8.754650][    T1] usbcore: registered new interface driver dvb_usb_af9005
[    8.756575][    T1] failing symbol_get of non-GPLONLY symbol af9005_rc_decode.
[    8.758981][    T1] failing symbol_get of non-GPLONLY symbol af9005_rc_decode.
[    8.760741][    T1] failing symbol_get of non-GPLONLY symbol rc_map_af9005_table.
[    8.763142][    T1] failing symbol_get of non-GPLONLY symbol rc_map_af9005_table.
[    8.765731][    T1] failing symbol_get of non-GPLONLY symbol rc_map_af9005_table_size.
[    8.770186][    T1] failing symbol_get of non-GPLONLY symbol rc_map_af9005_table_size.
[    8.772370][    T1] af9005: af9005_rc_decode function not found, disabling remote
[    8.775982][    T1] usbcore: registered new interface driver pctv452e
[    8.778098][    T1] usbcore: registered new interface driver dw2102
[    8.780024][    T1] usbcore: registered new interface driver dvb_usb_dtv5100
[    8.781870][    T1] usbcore: registered new interface driver cinergyT2
[    8.784011][    T1] usbcore: registered new interface driver dvb_usb_az6027
[    8.785858][    T1] usbcore: registered new interface driver dvb_usb_technisat_usb2
[    8.788315][    T1] usbcore: registered new interface driver dvb_usb_af9015
[    8.790235][    T1] usbcore: registered new interface driver dvb_usb_af9035
[    8.792107][    T1] usbcore: registered new interface driver dvb_usb_anysee
[    8.794081][    T1] usbcore: registered new interface driver dvb_usb_au6610
[    8.796854][    T1] usbcore: registered new interface driver dvb_usb_az6007
[    8.798826][    T1] usbcore: registered new interface driver dvb_usb_ce6230
[    8.800683][    T1] usbcore: registered new interface driver dvb_usb_ec168
[    8.804503][    T1] usbcore: registered new interface driver dvb_usb_lmedm04
[    8.807383][    T1] usbcore: registered new interface driver dvb_usb_gl861
[    8.810313][    T1] usbcore: registered new interface driver dvb_usb_mxl111sf
[    8.813529][    T1] usbcore: registered new interface driver dvb_usb_rtl28xxu
[    8.816795][    T1] usbcore: registered new interface driver dvb_usb_dvbsky
[    8.821028][    T1] usbcore: registered new interface driver zd1301
[    8.823724][    T1] usbcore: registered new interface driver s2255
[    8.825680][    T1] usbcore: registered new interface driver smsusb
[    8.827367][    T1] usbcore: registered new interface driver ttusb
[    8.829110][    T1] usbcore: registered new interface driver ttusb-dec
[    8.830855][    T1] usbcore: registered new interface driver Abilis Systems as10x usb driver
[    8.833163][    T1] usbcore: registered new interface driver airspy
[    8.834896][    T1] gspca_main: v2.14.0 registered
[    8.836752][    T1] usbcore: registered new interface driver benq
[    8.838386][    T1] usbcore: registered new interface driver conex
[    8.840081][    T1] usbcore: registered new interface driver cpia1
[    8.842146][    T1] usbcore: registered new interface driver dtcs033
[    8.844642][    T1] usbcore: registered new interface driver etoms
[    8.846332][    T1] usbcore: registered new interface driver finepix
[    8.848263][    T1] usbcore: registered new interface driver jeilinj
[    8.850571][    T1] usbcore: registered new interface driver jl2005bcd
[    8.852371][    T1] usbcore: registered new interface driver kinect
[    8.856192][    T1] usbcore: registered new interface driver konica
[    8.857961][    T1] usbcore: registered new interface driver mars
[    8.861054][    T1] usbcore: registered new interface driver mr97310a
[    8.862965][    T1] usbcore: registered new interface driver nw80x
[    8.865168][    T1] usbcore: registered new interface driver ov519
[    8.869589][    T1] usbcore: registered new interface driver ov534
[    8.871446][    T1] usbcore: registered new interface driver ov534_9
[    8.873238][    T1] usbcore: registered new interface driver pac207
[    8.875817][    T1] usbcore: registered new interface driver gspca_pac7302
[    8.877780][    T1] usbcore: registered new interface driver pac7311
[    8.879608][    T1] usbcore: registered new interface driver se401
[    8.881628][    T1] usbcore: registered new interface driver sn9c2028
[    8.883468][    T1] usbcore: registered new interface driver gspca_sn9c20x
[    8.885369][    T1] usbcore: registered new interface driver sonixb
[    8.887120][    T1] usbcore: registered new interface driver sonixj
[    8.888785][    T1] usbcore: registered new interface driver spca500
[    8.890506][    T1] usbcore: registered new interface driver spca501
[    8.892357][    T1] usbcore: registered new interface driver spca505
[    8.894492][    T1] usbcore: registered new interface driver spca506
[    8.898476][    T1] usbcore: registered new interface driver spca508
[    8.900258][    T1] usbcore: registered new interface driver spca561
[    8.902002][    T1] usbcore: registered new interface driver spca1528
[    8.904010][    T1] usbcore: registered new interface driver sq905
[    8.905858][    T1] usbcore: registered new interface driver sq905c
[    8.907525][    T1] usbcore: registered new interface driver sq930x
[    8.909279][    T1] usbcore: registered new interface driver sunplus
[    8.910948][    T1] usbcore: registered new interface driver stk014
[    8.912820][    T1] usbcore: registered new interface driver stk1135
[    8.914507][    T1] usbcore: registered new interface driver stv0680
[    8.916212][    T1] usbcore: registered new interface driver t613
[    8.917953][    T1] usbcore: registered new interface driver gspca_topro
[    8.919831][    T1] usbcore: registered new interface driver touptek
[    8.921916][    T1] usbcore: registered new interface driver tv8532
[    8.924199][    T1] usbcore: registered new interface driver vc032x
[    8.926231][    T1] usbcore: registered new interface driver vicam
[    8.929169][    T1] usbcore: registered new interface driver xirlink-cit
[    8.931790][    T1] usbcore: registered new interface driver gspca_zc3xx
[    8.934134][    T1] usbcore: registered new interface driver ALi m5602
[    8.938759][    T1] usbcore: registered new interface driver STV06xx
[    8.941371][    T1] usbcore: registered new interface driver gspca_gl860
[    8.943315][    T1] usbcore: registered new interface driver hackrf
[    8.945229][    T1] usbcore: registered new interface driver msi2500
[    8.948609][    T1] usbcore: registered new interface driver Philips webcam
[    8.953041][    T1] usbcore: registered new interface driver uvcvideo
[    8.955425][    T1] au0828: au0828 driver loaded
[    8.960094][    T1] usbcore: registered new interface driver au0828
[    8.963422][    T1] usbcore: registered new interface driver cx231xx
[    8.965513][    T1] usbcore: registered new interface driver em28xx
[    8.967110][    T1] em28xx: Registered (Em28xx v4l2 Extension) extension
[    8.968655][    T1] em28xx: Registered (Em28xx Audio Extension) extension
[    8.970330][    T1] em28xx: Registered (Em28xx dvb Extension) extension
[    8.971852][    T1] em28xx: Registered (Em28xx Input Extension) extension
[    8.973968][    T1] usbcore: registered new interface driver go7007
[    8.975708][    T1] usbcore: registered new interface driver go7007-loader
[    8.977765][    T1] usbcore: registered new interface driver hdpvr
[    8.981517][    T1] usbcore: registered new interface driver pvrusb2
[    8.983136][    T1] pvrusb2: V4L in-tree version:Hauppauge WinTV-PVR-USB2 MPEG2 Encoder/Tuner
[    8.985229][    T1] pvrusb2: Debug mask is 31 (0x1f)
[    8.986692][    T1] usbcore: registered new interface driver stk1160
[    8.989180][    T1] usbcore: registered new interface driver usbtv
[    8.994671][    T1] dvbdev: DVB: registering new adapter (dvb_vidtv_bridge)
[    8.998733][    T1] i2c i2c-0: DVB: registering adapter 0 frontend 0 (Dummy demod for DVB-T/T2/C/S/S2)...
[    9.000984][    T1] dvbdev: dvb_create_media_entity: media entity 'Dummy demod for DVB-T/T2/C/S/S2' registered.
[    9.014314][    T1] dvbdev: dvb_create_media_entity: media entity 'dvb-demux' registered.
[    9.023153][    T1] vidtv vidtv.0: Successfully initialized vidtv!
[    9.026579][    T1] vicodec vicodec.0: Device 'stateful-encoder' registered as /dev/video0
[    9.030082][    T1] vicodec vicodec.0: Device 'stateful-decoder' registered as /dev/video1
[    9.034911][    T1] vicodec vicodec.0: Device 'stateless-decoder' registered as /dev/video2
[    9.040301][    T1] vim2m vim2m.0: Device registered as /dev/video3
[    9.065182][    T1] vivid-000: using single planar format API
[    9.076924][  T922] input: ImExPS/2 Generic Explorer Mouse as /devices/platform/i8042/serio1/input/input3
[    9.086597][    T1] vivid-000: CEC adapter cec0 registered for HDMI input
[    9.090289][    T1] vivid-000: V4L2 capture device registered as video7
[    9.092711][    T1] vivid-000: CEC adapter cec1 registered for HDMI output 0
[    9.096948][    T1] vivid-000: V4L2 output device registered as video8
[    9.099690][    T1] vivid-000: V4L2 capture device registered as vbi0, supports raw and sliced VBI
[    9.105363][    T1] vivid-000: V4L2 output device registered as vbi1, supports raw and sliced VBI
[    9.110266][    T1] vivid-000: V4L2 capture device registered as swradio0
[    9.114340][    T1] vivid-000: V4L2 receiver device registered as radio0
[    9.117155][    T1] vivid-000: V4L2 transmitter device registered as radio1
[    9.122782][    T1] vivid-000: V4L2 metadata capture device registered as video9
[    9.125659][    T1] vivid-000: V4L2 metadata output device registered as video10
[    9.128411][    T1] vivid-000: V4L2 touch capture device registered as v4l-touch0
[    9.137595][    T1] usbcore: registered new interface driver radioshark2
[    9.140094][    T1] usbcore: registered new interface driver radioshark
[    9.142421][    T1] usbcore: registered new interface driver radio-si470x
[    9.144713][    T1] usbcore: registered new interface driver radio-usb-si4713
[    9.147123][    T1] usbcore: registered new interface driver dsbr100
[    9.149359][    T1] usbcore: registered new interface driver radio-keene
[    9.151818][    T1] usbcore: registered new interface driver radio-ma901
[    9.154228][    T1] usbcore: registered new interface driver radio-mr800
[    9.156449][    T1] usbcore: registered new interface driver radio-raremono
[    9.160935][    T1] usbcore: registered new interface driver powerz
[    9.163154][    T1] usbcore: registered new interface driver pcwd_usb
[    9.171204][    T1] device-mapper: core: CONFIG_IMA_DISABLE_HTABLE is disabled. Duplicate IMA measurements will not be recorded in the IMA log.
[    9.179766][    T1] device-mapper: uevent: version 1.0.3
[    9.185253][    T1] device-mapper: ioctl: 4.49.0-ioctl (2025-01-17) initialised: dm-devel@lists.linux.dev
[    9.193803][    T1] device-mapper: multipath round-robin: version 1.2.0 loaded
[    9.195899][    T1] device-mapper: multipath queue-length: version 0.2.0 loaded
[    9.198001][    T1] device-mapper: multipath service-time: version 0.3.0 loaded
[    9.201707][    T1] Bluetooth: HCI UART driver ver 2.3
[    9.203115][    T1] Bluetooth: HCI UART protocol H4 registered
[    9.204437][    T1] Bluetooth: HCI UART protocol BCSP registered
[    9.205996][    T1] Bluetooth: HCI UART protocol LL registered
[    9.207583][    T1] Bluetooth: HCI UART protocol Three-wire (H5) registered
[    9.209253][    T1] Bluetooth: HCI UART protocol QCA registered
[    9.211205][    T1] Bluetooth: HCI UART protocol AG6XX registered
[    9.213619][    T1] Bluetooth: HCI UART protocol Marvell registered
[    9.216381][    T1] usbcore: registered new interface driver bcm203x
[    9.218532][    T1] usbcore: registered new interface driver bpa10x
[    9.221834][    T1] usbcore: registered new interface driver bfusb
[    9.224431][    T1] usbcore: registered new interface driver btusb
[    9.226784][    T1] usbcore: registered new interface driver ath3k
[    9.231563][    T1] Modular ISDN core version 1.1.29
[    9.236020][    T1] NET: Registered PF_ISDN protocol family
[    9.238734][    T1] DSP module 2.0
[    9.240517][    T1] mISDN_dsp: DSP clocks every 80 samples. This equals 1 jiffies.
[    9.258975][    T1] mISDN: Layer-1-over-IP driver Rev. 2.00
[    9.262620][    T1] 0 virtual devices registered
[    9.265016][    T1] usbcore: registered new interface driver HFC-S_USB
[    9.267123][    T1] intel_pstate: CPU model not supported
[    9.268692][    T1] VUB300 Driver rom wait states = 1C irqpoll timeout = 0400
[    9.279700][    T1] usbcore: registered new interface driver vub300
[    9.285502][    T1] usbcore: registered new interface driver ushc
[    9.314424][    T1] iscsi: registered transport (iser)
[    9.318252][    T1] SoftiWARP attached
[    9.327140][    T1] hid: raw HID events driver (C) Jiri Kosina
[    9.358877][    T1] usbcore: registered new interface driver usbhid
[    9.360716][    T1] usbhid: USB HID core driver
[    9.367369][    T1] usbcore: registered new interface driver es2_ap_driver
[    9.369073][    T1] comedi: version 0.7.76 - http://www.comedi.org
[    9.370910][    T1] usbcore: registered new interface driver dt9812
[    9.374819][    T1] usbcore: registered new interface driver ni6501
[    9.377015][    T1] usbcore: registered new interface driver usbdux
[    9.379921][    T1] usbcore: registered new interface driver usbduxfast
[    9.385094][    T1] usbcore: registered new interface driver usbduxsigma
[    9.389924][    T1] usbcore: registered new interface driver vmk80xx
[    9.393759][    T1] greybus: registered new driver hid
[    9.396933][    T1] greybus: registered new driver gbphy
[    9.399415][    T1] gb_gbphy: registered new driver usb
[    9.400969][    T1] asus_wmi: ASUS WMI generic driver loaded
[    9.408188][    T1] gnss: GNSS driver registered with major 493
[    9.410351][    T1] usbcore: registered new interface driver gnss-usb
[    9.412415][    T1] usbcore: registered new interface driver hdm_usb
[    9.465091][    T1] usbcore: registered new interface driver snd-usb-audio
[    9.467178][    T1] usbcore: registered new interface driver snd-ua101
[    9.469040][    T1] usbcore: registered new interface driver snd-usb-usx2y
[    9.470994][    T1] usbcore: registered new interface driver snd-usb-us122l
[    9.474092][    T1] usbcore: registered new interface driver snd-usb-caiaq
[    9.476131][    T1] usbcore: registered new interface driver snd-usb-6fire
[    9.478000][    T1] usbcore: registered new interface driver snd-usb-hiface
[    9.480021][    T1] usbcore: registered new interface driver snd-bcd2000
[    9.481810][    T1] usbcore: registered new interface driver snd_usb_pod
[    9.483712][    T1] usbcore: registered new interface driver snd_usb_podhd
[    9.485535][    T1] usbcore: registered new interface driver snd_usb_toneport
[    9.487601][    T1] usbcore: registered new interface driver snd_usb_variax
[    9.491734][    T1] drop_monitor: Initializing network drop monitor service
[    9.494835][    T1] NET: Registered PF_LLC protocol family
[    9.496481][    T1] GACT probability on
[    9.497474][    T1] Mirror/redirect action on
[    9.498642][    T1] Simple TC action Loaded
[    9.501736][    T1] netem: version 1.3
[    9.502979][    T1] u32 classifier
[    9.503784][    T1]     Performance counters on
[    9.504871][    T1]     input device check on
