bash: warning: setlocale: LC_ALL: cannot change locale (en_US.UTF-8)
c[?7l[2J[0mSeaBIOS (version 1.16.2-debian-1.16.2-1)
Booting from ROM..c[?7l[2J[0m.early console in extract_kernel
input_data: 0x0000000014f342a3
input_len: 0x00000000062b3006
output: 0x0000000001000000
output_len: 0x0000000012d60ce8
kernel_total_size: 0x000000001a228000
needed_size: 0x000000001a400000
trampoline_32bit: 0x0000000000000000

Decompressing Linux... Parsing ELF... done.
Booting the kernel (entry_offset: 0x00000000110875f0).
[    0.000000][    T0] Linux version 6.18.0-12356-gc2f2b01b74be-dirty (root@buildkitsandbox) (gcc (Debian 12.2.0-14+deb12u1) 12.2.0, GNU ld (GNU Binutils for Debian) 2.40) #1 SMP PREEMPT_DYNAMIC Tue May 26 01:33:19 UTC 2026
[    0.000000][    T0] Command line: console=ttyS0 oops=panic panic=86400 nokaslr earlyprintk=serial rdinit=/init
[    0.000000][    T0] KERNEL supported cpus:
[    0.000000][    T0]   Intel GenuineIntel
[    0.000000][    T0]   AMD AuthenticAMD
[    0.000000][    T0] x86 CPU feature dependency check failure: CPU0 has '18*32+31' enabled but '18*32+26' disabled. Kernel might be fine, but no guarantees.
[    0.000000][    T0] BIOS-provided physical RAM map:
[    0.000000][    T0] BIOS-e820: [mem 0x0000000000000000-0x000000000009fbff] usable
[    0.000000][    T0] BIOS-e820: [mem 0x000000000009fc00-0x000000000009ffff] reserved
[    0.000000][    T0] BIOS-e820: [mem 0x00000000000f0000-0x00000000000fffff] reserved
[    0.000000][    T0] BIOS-e820: [mem 0x0000000000100000-0x000000007ffdffff] usable
[    0.000000][    T0] BIOS-e820: [mem 0x000000007ffe0000-0x000000007fffffff] reserved
[    0.000000][    T0] BIOS-e820: [mem 0x00000000feffc000-0x00000000feffffff] reserved
[    0.000000][    T0] BIOS-e820: [mem 0x00000000fffc0000-0x00000000ffffffff] reserved
[    0.000000][    T0] BIOS-e820: [mem 0x000000fd00000000-0x000000ffffffffff] reserved
[    0.000000][    T0] printk: legacy bootconsole [earlyser0] enabled
[    0.000000][    T0] NX (Execute Disable) protection: active
[    0.000000][    T0] APIC: Static calls initialized
[    0.000000][    T0] SMBIOS 2.8 present.
[    0.000000][    T0] DMI: QEMU Standard PC (i440FX + PIIX, 1996), BIOS 1.16.2-debian-1.16.2-1 04/01/2014
[    0.000000][    T0] DMI: Memory slots populated: 1/1
[    0.000000][    T0] Hypervisor detected: KVM
[    0.000000][    T0] last_pfn = 0x7ffe0 max_arch_pfn = 0x400000000
[    0.000000][    T0] kvm-clock: Using msrs 4b564d01 and 4b564d00
[    0.000002][    T0] kvm-clock: using sched offset of 1197209581 cycles
[    0.000674][    T0] clocksource: kvm-clock: mask: 0xffffffffffffffff max_cycles: 0x1cd42e4dffb, max_idle_ns: 881590591483 ns
[    0.002675][    T0] tsc: Detected 3493.436 MHz processor
[    0.010881][    T0] last_pfn = 0x7ffe0 max_arch_pfn = 0x400000000
[    0.011607][    T0] MTRR map: 4 entries (3 fixed + 1 variable; max 19), built from 8 variable MTRRs
[    0.012635][    T0] x86/PAT: Configuration [0-7]: WB  WC  UC- UC  WB  WP  UC- WT  
[    0.016789][    T0] found SMP MP-table at [mem 0x000f5ba0-0x000f5baf]
[    0.017535][    T0] Using GB pages for direct mapping
[    0.020616][    T0] RAMDISK: [mem 0x7fe8d000-0x7ffdffff]
[    0.021228][    T0] ACPI: Early table checksum verification disabled
[    0.021948][    T0] ACPI: RSDP 0x00000000000F59D0 000014 (v00 BOCHS )
[    0.022688][    T0] ACPI: RSDT 0x000000007FFE1B33 000034 (v01 BOCHS  BXPC     00000001 BXPC 00000001)
[    0.023754][    T0] ACPI: FACP 0x000000007FFE19DF 000074 (v01 BOCHS  BXPC     00000001 BXPC 00000001)
[    0.024828][    T0] ACPI: DSDT 0x000000007FFE0040 00199F (v01 BOCHS  BXPC     00000001 BXPC 00000001)
[    0.025887][    T0] ACPI: FACS 0x000000007FFE0000 000040
[    0.026501][    T0] ACPI: APIC 0x000000007FFE1A53 000080 (v01 BOCHS  BXPC     00000001 BXPC 00000001)
[    0.027555][    T0] ACPI: HPET 0x000000007FFE1AD3 000038 (v01 BOCHS  BXPC     00000001 BXPC 00000001)
[    0.028614][    T0] ACPI: WAET 0x000000007FFE1B0B 000028 (v01 BOCHS  BXPC     00000001 BXPC 00000001)
[    0.029673][    T0] ACPI: Reserving FACP table memory at [mem 0x7ffe19df-0x7ffe1a52]
[    0.030547][    T0] ACPI: Reserving DSDT table memory at [mem 0x7ffe0040-0x7ffe19de]
[    0.031420][    T0] ACPI: Reserving FACS table memory at [mem 0x7ffe0000-0x7ffe003f]
[    0.032298][    T0] ACPI: Reserving APIC table memory at [mem 0x7ffe1a53-0x7ffe1ad2]
[    0.033169][    T0] ACPI: Reserving HPET table memory at [mem 0x7ffe1ad3-0x7ffe1b0a]
[    0.034040][    T0] ACPI: Reserving WAET table memory at [mem 0x7ffe1b0b-0x7ffe1b32]
[    0.035726][    T0] No NUMA configuration found
[    0.036263][    T0] Faking a node at [mem 0x0000000000000000-0x000000007ffdffff]
[    0.037105][    T0] NODE_DATA(0) allocated [mem 0x7fe870c0-0x7fe8ccbf]
[    0.041320][    T0] Zone ranges:
[    0.041723][    T0]   DMA      [mem 0x0000000000001000-0x0000000000ffffff]
[    0.042511][    T0]   DMA32    [mem 0x0000000001000000-0x000000007ffdffff]
[    0.043292][    T0]   Normal   empty
[    0.043703][    T0]   Device   empty
[    0.044124][    T0] Movable zone start for each node
[    0.044686][    T0] Early memory node ranges
[    0.045170][    T0]   node   0: [mem 0x0000000000001000-0x000000000009efff]
[    0.045966][    T0]   node   0: [mem 0x0000000000100000-0x000000007ffdffff]
[    0.046754][    T0] Initmem setup node 0 [mem 0x0000000000001000-0x000000007ffdffff]
[    0.047648][    T0] On node 0, zone DMA: 1 pages in unavailable ranges
[    0.048577][    T0] On node 0, zone DMA: 97 pages in unavailable ranges
[    0.073468][    T0] On node 0, zone DMA32: 32 pages in unavailable ranges
[    0.110654][    T0] KernelAddressSanitizer initialized (generic)
[    0.111629][    T0] ACPI: PM-Timer IO Port: 0x608
[    0.112612][    T0] ACPI: LAPIC_NMI (acpi_id[0xff] dfl dfl lint[0x1])
[    0.114106][    T0] IOAPIC[0]: apic_id 0, version 17, address 0xfec00000, GSI 0-23
[    0.115774][    T0] ACPI: INT_SRC_OVR (bus 0 bus_irq 0 global_irq 2 dfl dfl)
[    0.116955][    T0] ACPI: INT_SRC_OVR (bus 0 bus_irq 5 global_irq 5 high level)
[    0.117784][    T0] ACPI: INT_SRC_OVR (bus 0 bus_irq 9 global_irq 9 high level)
[    0.118608][    T0] ACPI: INT_SRC_OVR (bus 0 bus_irq 10 global_irq 10 high level)
[    0.119452][    T0] ACPI: INT_SRC_OVR (bus 0 bus_irq 11 global_irq 11 high level)
[    0.120315][    T0] ACPI: Using ACPI (MADT) for SMP configuration information
[    0.121119][    T0] ACPI: HPET id: 0x8086a201 base: 0xfed00000
[    0.121785][    T0] TSC deadline timer available
[    0.122317][    T0] CPU topo: Max. logical packages:   1
[    0.122916][    T0] CPU topo: Max. logical dies:       1
[    0.123516][    T0] CPU topo: Max. dies per package:   1
[    0.124129][    T0] CPU topo: Max. threads per core:   1
[    0.124730][    T0] CPU topo: Num. cores per package:     2
[    0.125358][    T0] CPU topo: Num. threads per package:   2
[    0.125985][    T0] CPU topo: Allowing 2 present CPUs plus 0 hotplug CPUs
[    0.126792][    T0] kvm-guest: APIC: eoi() replaced with kvm_guest_apic_eoi_write()
[    0.127690][    T0] kvm-guest: KVM setup pv remote TLB flush
[    0.128336][    T0] kvm-guest: setup PV sched yield
[    0.128926][    T0] PM: hibernation: Registered nosave memory: [mem 0x00000000-0x00000fff]
[    0.129871][    T0] PM: hibernation: Registered nosave memory: [mem 0x0009f000-0x000fffff]
[    0.130810][    T0] [mem 0x80000000-0xfeffbfff] available for PCI devices
[    0.131582][    T0] Booting paravirtualized kernel on KVM
[    0.132206][    T0] clocksource: refined-jiffies: mask: 0xffffffff max_cycles: 0xffffffff, max_idle_ns: 19112604462750000 ns
[    0.181113][    T0] setup_percpu: NR_CPUS:8 nr_cpumask_bits:2 nr_cpu_ids:2 nr_node_ids:1
[    0.182406][    T0] percpu: Embedded 71 pages/cpu s250184 r8192 d32440 u1048576
[    0.183412][    T0] kvm-guest: PV spinlocks enabled
[    0.184042][    T0] PV qspinlock hash table entries: 256 (order: 0, 4096 bytes, linear)
[    0.185006][    T0] Kernel command line: console=ttyS0 oops=panic panic=86400 nokaslr earlyprintk=serial rdinit=/init
[    0.186878][    T0] random: crng init done
[    0.187369][    T0] printk: log buffer data + meta data: 262144 + 917504 = 1179648 bytes
[    0.188587][    T0] Dentry cache hash table entries: 262144 (order: 9, 2097152 bytes, linear)
[    0.189842][    T0] Inode-cache hash table entries: 131072 (order: 8, 1048576 bytes, linear)
[    0.191052][    T0] Fallback order for Node 0: 0 
[    0.191064][    T0] Built 1 zonelists, mobility grouping on.  Total pages: 524158
[    0.192510][    T0] Policy zone: DMA32
[    0.193229][    T0] mem auto-init: stack:all(zero), heap alloc:on, heap free:off
[    0.194110][    T0] stackdepot: allocating hash table via alloc_large_system_hash
[    0.194994][    T0] stackdepot hash table entries: 1048576 (order: 12, 16777216 bytes, linear)
[    0.197809][    T0] stackdepot: allocating space for 8192 stack pools via memblock
[    0.269756][    T0] SLUB: HWalign=64, Order=0-3, MinObjects=0, CPUs=2, Nodes=1
[    0.274048][    T0] allocated 4194304 bytes of page_ext
[    0.275303][    T0] Dynamic Preempt: full
[    0.276392][    T0] Running RCU self tests
[    0.276891][    T0] Running RCU synchronous self tests
[    0.277510][    T0] rcu: Preemptible hierarchical RCU implementation.
[    0.278282][    T0] rcu: 	RCU lockdep checking is enabled.
[    0.278940][    T0] rcu: 	RCU restricting CPUs from NR_CPUS=8 to nr_cpu_ids=2.
[    0.279806][    T0] rcu: 	RCU callback double-/use-after-free debug is enabled.
[    0.280675][    T0] rcu: 	RCU debug extended QS entry/exit.
[    0.281347][    T0] 	Trampoline variant of Tasks RCU enabled.
[    0.282033][    T0] 	Tracing variant of Tasks RCU enabled.
[    0.282682][    T0] rcu: RCU calculated value of scheduler-enlistment delay is 10 jiffies.
[    0.283657][    T0] rcu: Adjusting geometry for rcu_fanout_leaf=16, nr_cpu_ids=2
[    0.284651][    T0] Running RCU synchronous self tests
[    0.285279][    T0] RCU Tasks: Setting shift to 1 and lim to 1 rcu_task_cb_adjust=1 rcu_task_cpu_ids=2.
[    0.286396][    T0] RCU Tasks Trace: Setting shift to 1 and lim to 1 rcu_task_cb_adjust=1 rcu_task_cpu_ids=2.
[    0.408252][    T0] NR_IRQS: 4352, nr_irqs: 440, preallocated irqs: 16
[    0.409627][    T0] rcu: srcu_init: Setting srcu_struct sizes based on contention.
[    0.410890][    T0] kfence: initialized - using 2097152 bytes for 255 objects at 0x(____ptrval____)-0x(____ptrval____)
[    0.420123][    T0] Console: colour VGA+ 80x25
[    0.420743][    T0] printk: legacy console [ttyS0] enabled
[    0.420743][    T0] printk: legacy console [ttyS0] enabled
[    0.422034][    T0] printk: legacy bootconsole [earlyser0] disabled
[    0.422034][    T0] printk: legacy bootconsole [earlyser0] disabled
[    0.423524][    T0] Lock dependency validator: Copyright (c) 2006 Red Hat, Inc., Ingo Molnar
[    0.424531][    T0] ... MAX_LOCKDEP_SUBCLASSES:  8
[    0.425104][    T0] ... MAX_LOCK_DEPTH:          48
[    0.425694][    T0] ... MAX_LOCKDEP_KEYS:        8192
[    0.426297][    T0] ... CLASSHASH_SIZE:          4096
[    0.426902][    T0] ... MAX_LOCKDEP_ENTRIES:     1048576
[    0.427540][    T0] ... MAX_LOCKDEP_CHAINS:      1048576
[    0.428178][    T0] ... CHAINHASH_SIZE:          524288
[    0.428802][    T0]  memory used by lock dependency info: 106625 kB
[    0.429546][    T0]  memory used for stack traces: 8320 kB
[    0.430201][    T0]  per task-struct memory footprint: 1920 bytes
[    0.430995][    T0] ACPI: Core revision 20250807
[    0.432035][    T0] clocksource: hpet: mask: 0xffffffff max_cycles: 0xffffffff, max_idle_ns: 19112604467 ns
[    0.433405][    T0] APIC: Switch to symmetric I/O mode setup
[    0.434259][    T0] x2apic enabled
[    0.435111][    T0] APIC: Switched APIC routing to: physical x2apic
[    0.435872][    T0] kvm-guest: APIC: send_IPI_mask() replaced with kvm_send_ipi_mask()
[    0.436822][    T0] kvm-guest: APIC: send_IPI_mask_allbutself() replaced with kvm_send_ipi_mask_allbutself()
[    0.437988][    T0] kvm-guest: setup PV IPIs
[    0.439919][    T0] ..TIMER: vector=0x30 apic1=0 pin1=2 apic2=-1 pin2=-1
[    0.440744][    T0] clocksource: tsc-early: mask: 0xffffffffffffffff max_cycles: 0x325b186289d, max_idle_ns: 440795326624 ns
[    0.442074][    T0] Calibrating delay loop (skipped) preset value.. 6986.87 BogoMIPS (lpj=34934360)
[    0.443225][    T0] x86/cpu: User Mode Instruction Prevention (UMIP) activated
[    0.452237][    T0] Last level iTLB entries: 4KB 512, 2MB 255, 4MB 127
[    0.452995][    T0] Last level dTLB entries: 4KB 512, 2MB 255, 4MB 127, 1GB 0
[    0.453830][    T0] mitigations: Enabled attack vectors: user_kernel, user_user, guest_host, guest_guest, SMT mitigations: auto
[    0.455165][    T0] Speculative Store Bypass: Mitigation: Speculative Store Bypass disabled via prctl
[    0.456225][    T0] Spectre V2 : Mitigation: Retpolines
[    0.456831][    T0] RETBleed: Mitigation: untrained return thunk
[    0.457524][    T0] Speculative Return Stack Overflow: Mitigation: SMT disabled
[    0.458381][    T0] Spectre V1 : Mitigation: usercopy/swapgs barriers and __user pointer sanitization
[    0.459460][    T0] Spectre V2 : Spectre v2 / SpectreRSB: Filling RSB on context switch and VMEXIT
[    0.460492][    T0] Spectre V2 : Enabling Speculation Barrier for firmware calls
[    0.462068][    T0] active return thunk: retbleed_return_thunk
[    0.462763][    T0] Spectre V2 : mitigation: Enabling conditional Indirect Branch Prediction Barrier
[    0.463840][    T0] x86/fpu: Supporting XSAVE feature 0x001: 'x87 floating point registers'
[    0.464804][    T0] x86/fpu: Supporting XSAVE feature 0x002: 'SSE registers'
[    0.465610][    T0] x86/fpu: Supporting XSAVE feature 0x004: 'AVX registers'
[    0.466415][    T0] x86/fpu: xstate_offset[2]:  576, xstate_sizes[2]:  256
[    0.467204][    T0] x86/fpu: Enabled xstate features 0x7, context size is 832 bytes, using 'compacted' format.
[    0.640787][    T0] Freeing SMP alternatives memory: 132K
[    0.641460][    T0] pid_max: default: 32768 minimum: 301
[    0.642582][    T0] landlock: Up and running.
[    0.643096][    T0] Yama: becoming mindful.
[    0.643750][    T0] TOMOYO Linux initialized
[    0.644814][    T0] AppArmor: AppArmor initialized
[    0.646460][    T0] LSM support for eBPF active
[    0.647353][    T0] Mount-cache hash table entries: 4096 (order: 3, 32768 bytes, linear)
[    0.648291][    T0] Mountpoint-cache hash table entries: 4096 (order: 3, 32768 bytes, linear)
[    0.651769][    T0] Running RCU synchronous self tests
[    0.652069][    T0] Running RCU synchronous self tests
[    0.653152][    T1] smpboot: CPU0: AMD Ryzen Threadripper PRO 3975WX 32-Cores (family: 0x17, model: 0x31, stepping: 0x0)
[    0.656530][    T1] Performance Events: Fam17h+ core perfctr, AMD PMU driver.
[    0.657459][    T1] ... version:                   0
[    0.658033][    T1] ... bit width:                 48
[    0.658615][    T1] ... generic counters:          6
[    0.659187][    T1] ... generic bitmap:            000000000000003f
[    0.659903][    T1] ... fixed-purpose counters:    0
[    0.660489][    T1] ... fixed-purpose bitmap:      0000000000000000
[    0.661211][    T1] ... value mask:                0000ffffffffffff
[    0.661939][    T1] ... max period:                00007fffffffffff
[    0.662061][    T1] ... global_ctrl mask:          000000000000003f
[    0.662527][    T1] signal: max sigframe size: 1776
[    0.663347][    T1] rcu: Hierarchical SRCU implementation.
[    0.663983][    T1] rcu: 	Max phase no-delay instances is 1000.
[    0.665108][    T1] Timer migration: 1 hierarchy levels; 8 children per group; 1 crossnode level
[    0.718023][    T1] smp: Bringing up secondary CPUs ...
[    0.719737][    T1] smpboot: x86: Booting SMP configuration:
[    0.720489][    T1] .... node  #0, CPUs:      #1
[    0.722750][    T1] smp: Brought up 1 node, 2 CPUs
[    0.722845][    T1] smpboot: Total of 2 processors activated (13973.74 BogoMIPS)
[    0.723980][    T1] Memory: 1285260K/2096632K available (171688K kernel code, 41642K rwdata, 40232K rodata, 27512K init, 121472K bss, 801020K reserved, 0K cma-reserved)
[    0.725404][    T1] devtmpfs: initialized
[    0.725404][    T1] x86/mm: Memory block size: 128MB
[    0.753467][    T1] Running RCU synchronous self tests
[    0.754788][    T1] Running RCU synchronous self tests
[    0.756115][    T1] Running RCU Tasks wait API self tests
[    0.756115][    T1] Running RCU Tasks Trace wait API self tests
[    0.802121][    T1] clocksource: jiffies: mask: 0xffffffff max_cycles: 0xffffffff, max_idle_ns: 19112604462750000 ns
[    0.803574][    T1] posixtimers hash table entries: 1024 (order: 5, 73728 bytes, linear)
[    0.804537][    T1] futex hash table entries: 512 (65536 bytes on 1 NUMA nodes, total 64 KiB, linear).
[    0.808322][    T1] PM: RTC time: 01:34:59, date: 2026-05-26
[    0.812661][    T1] NET: Registered PF_NETLINK/PF_ROUTE protocol family
[    0.820568][    T1] audit: initializing netlink subsys (disabled)
[    0.822350][   T30] audit: type=2000 audit(1779759299.504:1): state=initialized audit_enabled=0 res=1
[    0.826563][    T1] thermal_sys: Registered thermal governor 'step_wise'
[    0.826720][    T1] cpuidle: using governor menu
[    0.826720][    T1] NET: Registered PF_QIPCRTR protocol family
[    0.833097][    T1] dca service started, version 1.12.1
[    0.834554][    T1] PCI: Using configuration type 1 for base access
[    0.836093][    T1] PCI: Using configuration type 1 for extended access
[    0.842085][   T29] Callback from call_rcu_tasks_trace() invoked.
[    0.843746][    T1] HugeTLB: registered 1.00 GiB page size, pre-allocated 0 pages
[    0.845603][    T1] HugeTLB: 16380 KiB vmemmap can be freed for a 1.00 GiB page
[    0.847654][    T1] HugeTLB: registered 2.00 MiB page size, pre-allocated 0 pages
[    0.849714][    T1] HugeTLB: 28 KiB vmemmap can be freed for a 2.00 MiB page
[    0.915772][    T1] raid6: skipped pq benchmark and selected avx2x4
[    0.917497][    T1] raid6: using avx2x2 recovery algorithm
[    0.920818][    T1] ACPI: Added _OSI(Module Device)
[    0.922082][    T1] ACPI: Added _OSI(Processor Device)
[    0.923420][    T1] ACPI: Added _OSI(Processor Aggregator Device)
[    0.985581][    T1] ACPI: 1 ACPI AML tables successfully acquired and loaded
[    1.018513][    T1] ACPI: Interpreter enabled
[    1.019258][    T1] ACPI: PM: (supports S0 S3 S4 S5)
[    1.019853][    T1] ACPI: Using IOAPIC for interrupt routing
[    1.020820][    T1] PCI: Using host bridge windows from ACPI; if necessary, use "pci=nocrs" and report a bug
[    1.022072][    T1] PCI: Using E820 reservations for host bridge windows
[    1.025361][    T1] ACPI: Enabled 2 GPEs in block 00 to 0F
[    1.120908][    T1] ACPI: PCI Root Bridge [PCI0] (domain 0000 [bus 00-ff])
[    1.121847][    T1] acpi PNP0A03:00: _OSC: OS supports [ExtendedConfig ASPM ClockPM Segments MSI HPX-Type3]
[    1.124226][    T1] PCI host bridge to bus 0000:00
[    1.125022][    T1] pci_bus 0000:00: root bus resource [io  0x0000-0x0cf7 window]
[    1.126028][    T1] pci_bus 0000:00: root bus resource [io  0x0d00-0xffff window]
[    1.126917][    T1] pci_bus 0000:00: root bus resource [mem 0x000a0000-0x000bffff window]
[    1.127973][    T1] pci_bus 0000:00: root bus resource [mem 0x80000000-0xfebfffff window]
[    1.128967][    T1] pci_bus 0000:00: root bus resource [mem 0x100000000-0x17fffffff window]
[    1.130009][    T1] pci_bus 0000:00: root bus resource [bus 00-ff]
[    1.131129][    T1] pci 0000:00:00.0: [8086:1237] type 00 class 0x060000 conventional PCI endpoint
[    1.162833][    T1] pci 0000:00:01.0: [8086:7000] type 00 class 0x060100 conventional PCI endpoint
[    1.194629][    T1] pci 0000:00:01.1: [8086:7010] type 00 class 0x010180 conventional PCI endpoint
[    1.196189][    T1] pci 0000:00:01.1: BAR 4 [io  0xc000-0xc00f]
[    1.196984][    T1] pci 0000:00:01.1: BAR 0 [io  0x01f0-0x01f7]: legacy IDE quirk
[    1.197968][    T1] pci 0000:00:01.1: BAR 1 [io  0x03f6]: legacy IDE quirk
[    1.198865][    T1] pci 0000:00:01.1: BAR 2 [io  0x0170-0x0177]: legacy IDE quirk
[    1.199786][    T1] pci 0000:00:01.1: BAR 3 [io  0x0376]: legacy IDE quirk
[    1.201712][    T1] pci 0000:00:01.3: [8086:7113] type 00 class 0x068000 conventional PCI endpoint
[    1.202551][    T1] pci 0000:00:01.3: quirk: [io  0x0600-0x063f] claimed by PIIX4 ACPI
[    1.203725][    T1] pci 0000:00:01.3: quirk: [io  0x0700-0x070f] claimed by PIIX4 SMB
[    1.206141][    T1] pci 0000:00:02.0: [1234:1111] type 00 class 0x030000 conventional PCI endpoint
[    1.208973][    T1] pci 0000:00:02.0: BAR 0 [mem 0xfd000000-0xfdffffff pref]
[    1.209963][    T1] pci 0000:00:02.0: BAR 2 [mem 0xfebf0000-0xfebf0fff]
[    1.210819][    T1] pci 0000:00:02.0: ROM [mem 0xfebe0000-0xfebeffff pref]
[    1.211995][    T1] pci 0000:00:02.0: Video device with shadowed ROM at [mem 0x000c0000-0x000dffff]
[    1.249789][    T1] ACPI: PCI: Interrupt link LNKA configured for IRQ 10
[    1.253312][    T1] ACPI: PCI: Interrupt link LNKB configured for IRQ 10
[    1.256716][    T1] ACPI: PCI: Interrupt link LNKC configured for IRQ 11
[    1.260090][    T1] ACPI: PCI: Interrupt link LNKD configured for IRQ 11
[    1.261977][    T1] ACPI: PCI: Interrupt link LNKS configured for IRQ 9
[    1.269744][    T1] iommu: Default domain type: Translated
[    1.270406][    T1] iommu: DMA domain TLB invalidation policy: lazy mode
[    1.274014][    T1] SCSI subsystem initialized
[    1.274720][    T1] ACPI: bus type USB registered
[    1.274720][    T1] usbcore: registered new interface driver usbfs
[    1.274834][    T1] usbcore: registered new interface driver hub
[    1.282199][    T1] usbcore: registered new device driver usb
[    1.283861][    T1] mc: Linux media interface: v0.10
[    1.284584][    T1] videodev: Linux video capture interface: v2.00
[    1.285756][    T1] pps_core: LinuxPPS API ver. 1 registered
[    1.286438][    T1] pps_core: Software ver. 5.3.6 - Copyright 2005-2007 Rodolfo Giometti <giometti@linux.it>
[    1.287618][    T1] PTP clock support registered
[    1.292279][    T1] EDAC MC: Ver: 3.0.0
[    1.304343][    T1] Advanced Linux Sound Architecture Driver Initialized.
[    1.308206][    T1] Bluetooth: Core ver 2.22
[    1.308808][    T1] NET: Registered PF_BLUETOOTH protocol family
[    1.309513][    T1] Bluetooth: HCI device and connection manager initialized
[    1.310345][    T1] Bluetooth: HCI socket layer initialized
[    1.311001][    T1] Bluetooth: L2CAP socket layer initialized
[    1.311710][    T1] Bluetooth: SCO socket layer initialized
[    1.312111][    T1] NET: Registered PF_ATMPVC protocol family
[    1.312779][    T1] NET: Registered PF_ATMSVC protocol family
[    1.313603][    T1] NetLabel: Initializing
[    1.314087][    T1] NetLabel:  domain hash size = 128
[    1.314682][    T1] NetLabel:  protocols = UNLABELED CIPSOv4 CALIPSO
[    1.315645][    T1] NetLabel:  unlabeled traffic allowed by default
[    1.316786][    T1] nfc: nfc_init: NFC Core ver 0.1
[    1.316786][    T1] NET: Registered PF_NFC protocol family
[    1.316786][    T1] mctp: management component transport protocol core
[    1.316786][    T1] NET: Registered PF_MCTP protocol family
[    1.316786][    T1] PCI: Using ACPI for IRQ routing
[    1.322298][    T1] pci 0000:00:02.0: vgaarb: setting as boot VGA device
[    1.323097][    T1] pci 0000:00:02.0: vgaarb: bridge control possible
[    1.323848][    T1] pci 0000:00:02.0: vgaarb: VGA device added: decodes=io+mem,owns=io+mem,locks=none
[    1.324910][    T1] vgaarb: loaded
[    1.326113][    T1] hpet0: at MMIO 0xfed00000, IRQs 2, 8, 0
[    1.326793][    T1] hpet0: 3 comparators, 64-bit 100.000000 MHz counter
[    1.332406][    T1] clocksource: Switched to clocksource kvm-clock
[    1.335169][    T1] VFS: Disk quotas dquot_6.6.0
[    1.335763][    T1] VFS: Dquot-cache hash table entries: 512 (order 0, 4096 bytes)
[    1.353144][    T1] netfs: FS-Cache loaded
[    1.354367][    T1] CacheFiles: Loaded
[    1.355155][    T1] TOMOYO: 2.6.0
[    1.355574][    T1] Mandatory Access Control activated.
[    1.358132][    T1] AppArmor: AppArmor Filesystem Enabled
[    1.358984][    T1] pnp: PnP ACPI init
[    1.367167][    T1] pnp: PnP ACPI: found 6 devices
[    1.447664][    T1] clocksource: acpi_pm: mask: 0xffffff max_cycles: 0xffffff, max_idle_ns: 2085701024 ns
[    1.449239][    T1] NET: Registered PF_INET protocol family
[    1.450100][    T1] IP idents hash table entries: 32768 (order: 6, 262144 bytes, linear)
[    1.454244][   T55] kwatchdog (55) used greatest stack depth: 29640 bytes left
[    1.455435][    T1] tcp_listen_portaddr_hash hash table entries: 1024 (order: 5, 73728 bytes, linear)
[    1.456622][    T1] Table-perturb hash table entries: 65536 (order: 6, 262144 bytes, linear)
[    1.457638][    T1] TCP established hash table entries: 16384 (order: 5, 131072 bytes, linear)
[    1.459714][    T1] TCP bind hash table entries: 16384 (order: 10, 2359296 bytes, linear)
[    1.461299][    T1] TCP: Hash tables configured (established 16384 bind 16384)
[    1.462933][    T1] MPTCP token hash table entries: 2048 (order: 6, 180224 bytes, linear)
[    1.464008][    T1] UDP hash table entries: 1024 (order: 6, 262144 bytes, linear)
[    1.465001][    T1] UDP-Lite hash table entries: 1024 (order: 6, 262144 bytes, linear)
[    1.466366][    T1] NET: Registered PF_UNIX/PF_LOCAL protocol family
[    1.482874][    T1] RPC: Registered named UNIX socket transport module.
[    1.483705][    T1] RPC: Registered udp transport module.
[    1.484343][    T1] RPC: Registered tcp transport module.
[    1.484971][    T1] RPC: Registered tcp-with-tls transport module.
[    1.485685][    T1] RPC: Registered tcp NFSv4.1 backchannel transport module.
[    1.498388][    T1] NET: Registered PF_XDP protocol family
[    1.499213][    T1] pci_bus 0000:00: resource 4 [io  0x0000-0x0cf7 window]
[    1.500056][    T1] pci_bus 0000:00: resource 5 [io  0x0d00-0xffff window]
[    1.500867][    T1] pci_bus 0000:00: resource 6 [mem 0x000a0000-0x000bffff window]
[    1.501795][    T1] pci_bus 0000:00: resource 7 [mem 0x80000000-0xfebfffff window]
[    1.502677][    T1] pci_bus 0000:00: resource 8 [mem 0x100000000-0x17fffffff window]
[    1.504232][    T1] pci 0000:00:01.0: PIIX3: Enabling Passive Release
[    1.504995][    T1] pci 0000:00:00.0: Limiting direct PCI/PCI transfers
[    1.505849][    T1] PCI: CLS 0 bytes, default 64
[    1.506570][    T1] ACPI: bus type thunderbolt registered
[    1.508442][    T1] kvm_intel: VMX not supported by CPU 0
[    1.509258][    T1] kvm_amd: Nested Virtualization enabled
[    1.509531][   T40] Trying to unpack rootfs image as initramfs...
[    1.509978][    T1] kvm_amd: Nested Paging enabled
[    1.532306][    T1] clocksource: tsc: mask: 0xffffffffffffffff max_cycles: 0x325b186289d, max_idle_ns: 440795326624 ns
[    1.639597][   T40] Freeing initrd memory: 1356K
[    1.640671][   T65] kworker/u8:3 (65) used greatest stack depth: 28824 bytes left
[    1.642986][   T66] kworker/u8:3 (66) used greatest stack depth: 28728 bytes left
[    5.101106][   T82] kworker/u8:2 (82) used greatest stack depth: 28080 bytes left
[    5.103551][    T1] Initialise system trusted keyrings
[    5.104707][    T1] workingset: timestamp_bits=40 max_order=19 bucket_order=0
[    5.108016][    T1] DLM installed
[    5.110193][    T1] squashfs: version 4.0 (2009/01/31) Phillip Lougher
[    5.123655][    T1] NFS: Registering the id_resolver key type
[    5.124466][    T1] Key type id_resolver registered
[    5.125047][    T1] Key type id_legacy registered
[    5.125647][    T1] nfs4filelayout_init: NFSv4 File Layout Driver Registering...
[    5.126528][    T1] nfs4flexfilelayout_init: NFSv4 Flexfile Layout Driver Registering...
[    5.154573][    T1] Key type cifs.spnego registered
[    5.155239][    T1] Key type cifs.idmap registered
[    5.157705][    T1] ntfs3: Enabled Linux POSIX ACLs support
[    5.158909][    T1] ntfs3: Read-only LZX/Xpress compression included
[    5.160398][    T1] efs: 1.0a - http://aeschi.ch.eu.org/efs/
[    5.161753][    T1] jffs2: version 2.2. (NAND) (SUMMARY)  © 2001-2006 Red Hat, Inc.
[    5.164117][    T1] romfs: ROMFS MTD (C) 2007 Red Hat, Inc.
[    5.165311][    T1] QNX4 filesystem 0.2.3 registered.
[    5.166338][    T1] qnx6: QNX6 filesystem 1.0.0 registered.
[    5.168275][    T1] fuse: init (API version 7.45)
[    5.171602][    T1] orangefs_debugfs_init: called with debug mask: :none: :0:
[    5.173895][    T1] orangefs_init: module version upstream loaded
[    5.175587][    T1] JFS: nTxBlock = 8192, nTxLock = 65536
[    5.182461][    T1] SGI XFS with ACLs, security attributes, realtime, quota, no debug enabled
[    5.187159][    T1] 9p: Installing v9fs 9p2000 file system support
[    5.188831][    T1] NILFS version 2 loaded
[    5.189728][    T1] befs: version: 0.9.3
[    5.191000][    T1] ocfs2: Registered cluster interface o2cb
[    5.194037][    T1] ocfs2: Registered cluster interface user
[    5.195633][    T1] OCFS2 User DLM kernel interface loaded
[    5.215286][    T1] gfs2: GFS2 installed
[    5.224589][    T1] ceph: loaded (mds proto 32)
[    5.229220][    T1] cryptd: max_cpu_qlen set to 1000
[    5.255728][    T1] NET: Registered PF_ALG protocol family
[    5.256515][    T1] xor: automatically using best checksumming function   avx       
[    5.257415][    T1] async_tx: api initialized (async)
[    5.258003][    T1] Key type asymmetric registered
[    5.258568][    T1] Asymmetric key parser 'x509' registered
[    5.259224][    T1] Asymmetric key parser 'pkcs8' registered
[    5.259895][    T1] Key type pkcs7_test registered
[    5.260720][    T1] Block layer SCSI generic (bsg) driver version 0.4 loaded (major 239)
[    5.262520][    T1] io scheduler mq-deadline registered
[    5.264104][    T1] io scheduler kyber registered
[    5.265621][    T1] io scheduler bfq registered
[    5.273757][    T1] input: Power Button as /devices/LNXSYSTM:00/LNXPWRBN:00/input/input0
[    5.282543][    T1] ACPI: button: Power Button [PWRF]
[    5.289959][    T1] ioatdma: Intel(R) QuickData Technology Driver 5.00
[    5.291886][   T28] Callback from call_rcu_tasks() invoked.
[    5.302993][  T196] kworker/u8:0 (196) used greatest stack depth: 27832 bytes left
[    5.319783][  T233] kworker/u8:1 (233) used greatest stack depth: 26696 bytes left
[    5.498321][    T1] N_HDLC line discipline registered with maxframe=4096
[    5.499326][    T1] Serial: 8250/16550 driver, 4 ports, IRQ sharing enabled
[    5.502763][    T1] 00:04: ttyS0 at I/O 0x3f8 (irq = 4, base_baud = 115200) is a 16550A
[    5.517828][    T1] Non-volatile memory driver v1.3
[    5.518597][    T1] Linux agpgart interface v0.103
[    5.523364][    T1] usbcore: registered new interface driver xillyusb
[    5.524712][    T1] ACPI: bus type drm_connector registered
[    5.527879][    T1] [drm] Initialized vgem 1.0.0 for vgem on minor 0
[    5.532350][    T1] [drm] Initialized vkms 1.0.0 for vkms on minor 1
[    5.614758][    T1] Console: switching to colour frame buffer device 128x48
[    5.652276][    T1] faux_driver vkms: [drm] fb0: vkmsdrmfb frame buffer device
[    5.654731][    T1] usbcore: registered new interface driver udl
[    5.657776][    T1] bochs-drm 0000:00:02.0: vgaarb: deactivate vga console
[    5.662638][    T1] [drm] Found bochs VGA, ID 0xb0c5.
[    5.664109][    T1] [drm] Framebuffer size 16384 kB @ 0xfd000000, mmio @ 0xfebf0000.
[    5.670275][    T1] [drm] Initialized bochs-drm 1.0.0 for 0000:00:02.0 on minor 2
[    5.693305][    T1] fbcon: bochs-drmdrmfb (fb1) is primary device
[    5.693332][    T1] fbcon: Remapping primary device, fb1, to tty 1-63
[   10.822711][    T1] bochs-drm 0000:00:02.0: [drm] fb1: bochs-drmdrmfb frame buffer device
[   10.826123][    T1] usbcore: registered new interface driver gm12u320
[   10.828215][    T1] usbcore: registered new interface driver gud
[   10.888961][    T1] brd: module loaded
[   10.943673][    T1] loop: module loaded
[   11.135716][    T1] zram: Added device: zram0
[   11.142177][    T1] null_blk: disk nullb0 created
[   11.142883][    T1] null_blk: module loaded
[   11.144055][    T1] Guest personality initialized and is inactive
[   11.145504][    T1] VMCI host device registered (name=vmci, major=10, minor=266)
[   11.146558][    T1] Initialized host personality
[   11.147409][    T1] usbcore: registered new interface driver rtsx_usb
[   11.149110][    T1] usbcore: registered new interface driver viperboard
[   11.150305][    T1] usbcore: registered new interface driver dln2
[   11.151590][    T1] usbcore: registered new interface driver pn533_usb
[   11.154828][    T1] nfcsim 0.2 initialized
[   11.155616][    T1] usbcore: registered new interface driver port100
[   11.156710][    T1] usbcore: registered new interface driver nfcmrvl
[   11.161092][    T1] Loading iSCSI transport class v2.0-870.
[   11.168453][    T1] st: Version 20160209, fixed bufsize 32768, s/g segs 256
[   11.216365][    T1] scsi host0: ata_piix
[   11.228860][    T1] scsi host1: ata_piix
[   11.230243][    T1] ata1: PATA max MWDMA2 cmd 0x1f0 ctl 0x3f6 bmdma 0xc000 irq 14 lpm-pol 0
[   11.231431][    T1] ata2: PATA max MWDMA2 cmd 0x170 ctl 0x376 bmdma 0xc008 irq 15 lpm-pol 0
[   11.237461][    T1] Rounding down aligned max_sectors from 4294967295 to 4294967288
[   11.239624][    T1] db_root: cannot open: /etc/target
[   11.240913][    T1] slram: not enough parameters.
[   11.246781][    T1] ftl_cs: FTL header not found.
[   11.270328][    T1] wireguard: WireGuard 1.0.0 loaded. See www.wireguard.com for information.
[   11.271756][    T1] wireguard: Copyright (C) 2015-2019 Jason A. Donenfeld <Jason@zx2c4.com>. All Rights Reserved.
[   11.273219][    T1] eql: Equalizer2002: Simon Janes (simon@ncm.com) and David S. Miller (davem@redhat.com)
[   11.280176][    T1] MACsec IEEE 802.1AE
[   11.293098][    T1] usbcore: registered new interface driver mvusb_mdio
[   11.295576][    T1] tun: Universal TUN/TAP device driver, 1.6
[   11.297492][    T1] vcan: Virtual CAN interface driver
[   11.298681][    T1] vxcan: Virtual CAN Tunnel driver
[   11.299483][    T1] slcan: serial line CAN interface driver
[   11.300322][    T1] CAN device driver interface
[   11.301159][    T1] usbcore: registered new interface driver usb_8dev
[   11.302720][    T1] usbcore: registered new interface driver ems_usb
[   11.303918][    T1] usbcore: registered new interface driver esd_usb
[   11.305156][    T1] usbcore: registered new interface driver etas_es58x
[   11.306419][    T1] usbcore: registered new interface driver f81604
[   11.307627][    T1] usbcore: registered new interface driver gs_usb
[   11.308851][    T1] usbcore: registered new interface driver kvaser_usb
[   11.310170][    T1] usbcore: registered new interface driver mcba_usb
[   11.311440][    T1] usbcore: registered new interface driver peak_usb
[   11.314754][    T1] usbcore: registered new interface driver ucan
[   11.316146][    T1] e100: Intel(R) PRO/100 Network Driver
[   11.316930][    T1] e100: Copyright(c) 1999-2006 Intel Corporation
[   11.318136][    T1] e1000: Intel(R) PRO/1000 Network Driver
[   11.318940][    T1] e1000: Copyright (c) 1999-2006 Intel Corporation.
[   11.320209][    T1] e1000e: Intel(R) PRO/1000 Network Driver
[   11.321032][    T1] e1000e: Copyright(c) 1999 - 2015 Intel Corporation.
[   11.333966][    T1] mkiss: AX.25 Multikiss, Hans Albas PE1AYX
[   11.334818][    T1] AX.25: bpqether driver version 004
[   11.335559][    T1] PPP generic driver version 2.4.2
[   11.336819][    T1] PPP BSD Compression module registered
[   11.337612][    T1] PPP Deflate Compression module registered
[   11.338435][    T1] PPP MPPE Compression module registered
[   11.339294][    T1] NET: Registered PF_PPPOX protocol family
[   11.340164][    T1] PPTP driver version 0.8.5
[   11.340940][    T1] SLIP: version 0.8.4-NET3.019-NEWTTY (dynamic channels, max=256) (6 bit encapsulation enabled).
[   11.342425][    T1] CSLIP: code copyright 1989 Regents of the University of California.
[   11.343559][    T1] SLIP linefill/keepalive option.
[   11.344280][    T1] hdlc: HDLC support module revision 1.22
[   11.345093][    T1] LAPB Ethernet driver version 0.02
[   11.346573][    T1] usbcore: registered new interface driver ath9k_htc
[   11.347697][    T1] usbcore: registered new interface driver carl9170
[   11.348809][    T1] usbcore: registered new interface driver ath6kl_usb
[   11.349939][    T1] usbcore: registered new interface driver ar5523
[   11.351211][    T1] usbcore: registered new interface driver ath10k_usb
[   11.352392][    T1] usbcore: registered new interface driver plfxlc
[   11.353432][    T1] mac80211_hwsim: initializing netlink
[   11.368999][    T1] usbcore: registered new interface driver atusb
[   11.398734][    T1] mac802154_hwsim mac802154_hwsim: Added 2 mac802154 hwsim hardware radios
[   11.401215][    T1] VMware vmxnet3 virtual NIC driver - version 1.9.0.0-k-NAPI
[   11.402263][ T1012] ata2: found unknown device (class 0)
[   11.404000][    T1] usbcore: registered new interface driver catc
[   11.404945][ T1012] ata2.00: ATAPI: QEMU DVD-ROM, 2.5+, max UDMA/100
[   11.405776][    T1] usbcore: registered new interface driver kaweth
[   11.407898][    T1] pegasus: Pegasus/Pegasus II USB Ethernet driver
[   11.409624][    T1] usbcore: registered new interface driver pegasus
[   11.411399][    T1] usbcore: registered new interface driver rtl8150
[   11.413023][    T1] usbcore: registered new device driver r8152-cfgselector
[   11.414931][    T1] usbcore: registered new interface driver r8152
[   11.416728][    T1] usbcore: registered new interface driver hso
[   11.418425][    T1] usbcore: registered new interface driver lan78xx
[   11.420025][   T12] scsi 1:0:0:0: CD-ROM            QEMU     QEMU DVD-ROM     2.5+ PQ: 0 ANSI: 5
[   11.420312][    T1] usbcore: registered new interface driver asix
[   11.425320][    T1] usbcore: registered new interface driver ax88179_178a
[   11.426486][    T1] usbcore: registered new interface driver cdc_ether
[   11.427604][    T1] usbcore: registered new interface driver cdc_eem
[   11.428710][    T1] usbcore: registered new interface driver dm9601
[   11.429790][    T1] usbcore: registered new interface driver sr9700
[   11.430874][    T1] usbcore: registered new interface driver CoreChips
[   11.432891][    T1] usbcore: registered new interface driver smsc75xx
[   11.434005][    T1] usbcore: registered new interface driver smsc95xx
[   11.435108][    T1] usbcore: registered new interface driver gl620a
[   11.436195][    T1] usbcore: registered new interface driver net1080
[   11.437293][    T1] usbcore: registered new interface driver plusb
[   11.438378][    T1] usbcore: registered new interface driver rndis_host
[   11.439510][    T1] usbcore: registered new interface driver cdc_subset
[   11.440650][    T1] usbcore: registered new interface driver zaurus
[   11.441754][    T1] usbcore: registered new interface driver MOSCHIP usb-ethernet driver
[   11.443098][    T1] usbcore: registered new interface driver int51x1
[   11.444203][    T1] usbcore: registered new interface driver cdc_phonet
[   11.445343][    T1] usbcore: registered new interface driver kalmia
[   11.446432][    T1] usbcore: registered new interface driver ipheth
[   11.447493][    T1] usbcore: registered new interface driver sierra_net
[   11.448629][    T1] usbcore: registered new interface driver cx82310_eth
[   11.449767][    T1] usbcore: registered new interface driver cdc_ncm
[   11.450858][    T1] usbcore: registered new interface driver huawei_cdc_ncm
[   11.452525][    T1] usbcore: registered new interface driver lg-vl600
[   11.455419][    T1] usbcore: registered new interface driver qmi_wwan
[   11.457483][    T1] usbcore: registered new interface driver cdc_mbim
[   11.459736][    T1] usbcore: registered new interface driver ch9200
[   11.461772][    T1] usbcore: registered new interface driver aqc111
[   11.463517][    T1] usbcore: registered new interface driver r8153_ecm
[   11.467787][    T1] VFIO - User Level meta-driver version: 0.3
[   11.474520][    T1] aoe: AoE v85 initialised.
[   11.482839][   T12] sr 1:0:0:0: [sr0] scsi3-mmc drive: 4x/4x cd/rw xa/form2 tray
[   11.483949][   T12] cdrom: Uniform CD-ROM driver Revision: 3.20
[   11.487831][    T1] usbcore: registered new interface driver cdc_acm
[   11.488598][    T1] cdc_acm: USB Abstract Control Model driver for USB modems and ISDN adapters
[   11.489988][    T1] usbcore: registered new interface driver usblp
[   11.491269][    T1] usbcore: registered new interface driver cdc_wdm
[   11.493066][    T1] usbcore: registered new interface driver usbtmc
[   11.494337][    T1] usbcore: registered new interface driver uas
[   11.495364][    T1] usbcore: registered new interface driver usb-storage
[   11.496451][    T1] usbcore: registered new interface driver ums-alauda
[   11.497517][    T1] usbcore: registered new interface driver ums-cypress
[   11.498594][    T1] usbcore: registered new interface driver ums-datafab
[   11.499697][    T1] usbcore: registered new interface driver ums_eneub6250
[   11.500800][    T1] usbcore: registered new interface driver ums-freecom
[   11.501924][    T1] usbcore: registered new interface driver ums-isd200
[   11.502978][    T1] usbcore: registered new interface driver ums-jumpshot
[   11.504191][    T1] usbcore: registered new interface driver ums-karma
[   11.505346][    T1] usbcore: registered new interface driver ums-onetouch
[   11.506449][    T1] usbcore: registered new interface driver ums-realtek
[   11.507526][    T1] usbcore: registered new interface driver ums-sddr09
[   11.508610][    T1] usbcore: registered new interface driver ums-sddr55
[   11.509676][    T1] usbcore: registered new interface driver ums-usbat
[   11.510844][    T1] usbcore: registered new interface driver mdc800
[   11.512086][    T1] mdc800: v0.7.5 (30/10/2000):USB Driver for Mustek MDC800 Digital Camera
[   11.513682][    T1] usbcore: registered new interface driver microtekX6
[   11.515045][    T1] usbcore: registered new interface driver usbserial_generic
[   11.516123][    T1] usbserial: USB Serial support registered for generic
[   11.516639][   T12] sr 1:0:0:0: Attached scsi generic sg0 type 5
[   11.517065][    T1] usbcore: registered new interface driver aircable
[   11.518663][    T1] usbserial: USB Serial support registered for aircable
[   11.519586][    T1] usbcore: registered new interface driver ark3116
[   11.521102][    T1] usbserial: USB Serial support registered for ark3116
[   11.522158][    T1] usbcore: registered new interface driver belkin_sa
[   11.523128][    T1] usbserial: USB Serial support registered for Belkin / Peracom / GoHubs USB Serial Adapter
[   11.524557][    T1] usbcore: registered new interface driver ch341
[   11.525485][    T1] usbserial: USB Serial support registered for ch341-uart
[   11.526580][    T1] usbcore: registered new interface driver cp210x
[   11.527685][    T1] usbserial: USB Serial support registered for cp210x
[   11.528735][    T1] usbcore: registered new interface driver cyberjack
[   11.529721][    T1] usbserial: USB Serial support registered for Reiner SCT Cyberjack USB card reader
[   11.531056][    T1] usbcore: registered new interface driver cypress_m8
[   11.532215][    T1] usbserial: USB Serial support registered for DeLorme Earthmate USB
[   11.533347][    T1] usbserial: USB Serial support registered for HID->COM RS232 Adapter
[   11.534489][    T1] usbserial: USB Serial support registered for Nokia CA-42 V2 Adapter
[   11.535692][    T1] usbcore: registered new interface driver usb_debug
[   11.536675][    T1] usbserial: USB Serial support registered for debug
[   11.537654][    T1] usbserial: USB Serial support registered for xhci_dbc
[   11.538724][    T1] usbcore: registered new interface driver digi_acceleport
[   11.539779][    T1] usbserial: USB Serial support registered for Digi 2 port USB adapter
[   11.540942][    T1] usbserial: USB Serial support registered for Digi 4 port USB adapter
[   11.542566][    T1] usbcore: registered new interface driver io_edgeport
[   11.543577][    T1] usbserial: USB Serial support registered for Edgeport 2 port adapter
[   11.544722][    T1] usbserial: USB Serial support registered for Edgeport 4 port adapter
[   11.545877][    T1] usbserial: USB Serial support registered for Edgeport 8 port adapter
[   11.547032][    T1] usbserial: USB Serial support registered for EPiC device
[   11.548135][    T1] usbcore: registered new interface driver io_ti
[   11.549071][    T1] usbserial: USB Serial support registered for Edgeport TI 1 port adapter
[   11.550433][    T1] usbserial: USB Serial support registered for Edgeport TI 2 port adapter
[   11.551768][    T1] usbcore: registered new interface driver empeg
[   11.552736][    T1] usbserial: USB Serial support registered for empeg
[   11.553838][    T1] usbcore: registered new interface driver f81534a_ctrl
[   11.554912][    T1] usbcore: registered new interface driver f81232
[   11.555880][    T1] usbserial: USB Serial support registered for f81232
[   11.556869][    T1] usbserial: USB Serial support registered for f81534a
[   11.557912][    T1] usbcore: registered new interface driver f81534
[   11.558862][    T1] usbserial: USB Serial support registered for Fintek F81532/F81534
[   11.560047][    T1] usbcore: registered new interface driver ftdi_sio
[   11.561011][    T1] usbserial: USB Serial support registered for FTDI USB Serial Device
[   11.562327][    T1] usbcore: registered new interface driver garmin_gps
[   11.563472][    T1] usbserial: USB Serial support registered for Garmin GPS usb/tty
[   11.564638][    T1] usbcore: registered new interface driver ipaq
[   11.565568][    T1] usbserial: USB Serial support registered for PocketPC PDA
[   11.566683][    T1] usbcore: registered new interface driver ipw
[   11.567599][    T1] usbserial: USB Serial support registered for IPWireless converter
[   11.568785][    T1] usbcore: registered new interface driver ir_usb
[   11.569737][    T1] usbserial: USB Serial support registered for IR Dongle
[   11.570822][    T1] usbcore: registered new interface driver iuu_phoenix
[   11.571869][    T1] usbserial: USB Serial support registered for iuu_phoenix
[   11.572971][    T1] usbcore: registered new interface driver keyspan
[   11.573926][    T1] usbserial: USB Serial support registered for Keyspan - (without firmware)
[   11.575132][    T1] usbserial: USB Serial support registered for Keyspan 1 port adapter
[   11.576285][    T1] usbserial: USB Serial support registered for Keyspan 2 port adapter
[   11.577430][    T1] usbserial: USB Serial support registered for Keyspan 4 port adapter
[   11.578626][    T1] usbcore: registered new interface driver keyspan_pda
[   11.579635][    T1] usbserial: USB Serial support registered for Keyspan PDA
[   11.580679][    T1] usbserial: USB Serial support registered for Keyspan PDA - (prerenumeration)
[   11.582057][    T1] usbcore: registered new interface driver kl5kusb105
[   11.583050][    T1] usbserial: USB Serial support registered for KL5KUSB105D / PalmConnect
[   11.584283][    T1] usbcore: registered new interface driver kobil_sct
[   11.585273][    T1] usbserial: USB Serial support registered for KOBIL USB smart card terminal
[   11.586549][    T1] usbcore: registered new interface driver mct_u232
[   11.587509][    T1] usbserial: USB Serial support registered for MCT U232
[   11.588586][    T1] usbcore: registered new interface driver metro_usb
[   11.589571][    T1] usbserial: USB Serial support registered for Metrologic USB to Serial
[   11.590794][    T1] usbcore: registered new interface driver mos7720
[   11.591793][    T1] usbserial: USB Serial support registered for Moschip 2 port adapter
[   11.593018][    T1] usbcore: registered new interface driver mos7840
[   11.593981][    T1] usbserial: USB Serial support registered for Moschip 7840/7820 USB Serial Driver
[   11.595318][    T1] usbcore: registered new interface driver mxuport
[   11.596277][    T1] usbserial: USB Serial support registered for MOXA UPort
[   11.597356][    T1] usbcore: registered new interface driver navman
[   11.598307][    T1] usbserial: USB Serial support registered for navman
[   11.599349][    T1] usbcore: registered new interface driver omninet
[   11.600312][    T1] usbserial: USB Serial support registered for ZyXEL - omni.net usb
[   11.601499][    T1] usbcore: registered new interface driver opticon
[   11.602485][    T1] usbserial: USB Serial support registered for opticon
[   11.603707][    T1] usbcore: registered new interface driver option
[   11.604655][    T1] usbserial: USB Serial support registered for GSM modem (1-port)
[   11.605824][    T1] usbcore: registered new interface driver oti6858
[   11.606782][    T1] usbserial: USB Serial support registered for oti6858
[   11.607827][    T1] usbcore: registered new interface driver pl2303
[   11.608781][    T1] usbserial: USB Serial support registered for pl2303
[   11.609821][    T1] usbcore: registered new interface driver qcaux
[   11.610757][    T1] usbserial: USB Serial support registered for qcaux
[   11.611831][    T1] usbcore: registered new interface driver qcserial
[   11.612814][    T1] usbserial: USB Serial support registered for Qualcomm USB modem
[   11.613980][    T1] usbcore: registered new interface driver quatech2
[   11.614941][    T1] usbserial: USB Serial support registered for Quatech 2nd gen USB to Serial Driver
[   11.616289][    T1] usbcore: registered new interface driver safe_serial
[   11.617290][    T1] usbserial: USB Serial support registered for safe_serial
[   11.618391][    T1] usbcore: registered new interface driver sierra
[   11.619515][    T1] usbserial: USB Serial support registered for Sierra USB modem
[   11.620664][    T1] usbcore: registered new interface driver usb_serial_simple
[   11.621755][    T1] usbserial: USB Serial support registered for carelink
[   11.622868][    T1] usbserial: USB Serial support registered for flashloader
[   11.623886][    T1] usbserial: USB Serial support registered for funsoft
[   11.624898][    T1] usbserial: USB Serial support registered for google
[   11.625900][    T1] usbserial: USB Serial support registered for hp4x
[   11.626865][    T1] usbserial: USB Serial support registered for kaufmann
[   11.627868][    T1] usbserial: USB Serial support registered for libtransistor
[   11.628931][    T1] usbserial: USB Serial support registered for moto_modem
[   11.629954][    T1] usbserial: USB Serial support registered for motorola_tetra
[   11.631012][    T1] usbserial: USB Serial support registered for nokia
[   11.632036][    T1] usbserial: USB Serial support registered for novatel_gps
[   11.633086][    T1] usbserial: USB Serial support registered for owon
[   11.634067][    T1] usbserial: USB Serial support registered for siemens_mpi
[   11.635106][    T1] usbserial: USB Serial support registered for suunto
[   11.636099][    T1] usbserial: USB Serial support registered for vivopay
[   11.637095][    T1] usbserial: USB Serial support registered for zio
[   11.638118][    T1] usbcore: registered new interface driver spcp8x5
[   11.639074][    T1] usbserial: USB Serial support registered for SPCP8x5
[   11.640131][    T1] usbcore: registered new interface driver ssu100
[   11.641075][    T1] usbserial: USB Serial support registered for Quatech SSU-100 USB to Serial Driver
[   11.642642][    T1] usbcore: registered new interface driver symbolserial
[   11.643639][    T1] usbserial: USB Serial support registered for symbol
[   11.644679][    T1] usbcore: registered new interface driver ti_usb_3410_5052
[   11.645729][    T1] usbserial: USB Serial support registered for TI USB 3410 1 port adapter
[   11.646931][    T1] usbserial: USB Serial support registered for TI USB 5052 2 port adapter
[   11.648183][    T1] usbcore: registered new interface driver upd78f0730
[   11.649165][    T1] usbserial: USB Serial support registered for upd78f0730
[   11.650256][    T1] usbcore: registered new interface driver visor
[   11.651208][    T1] usbserial: USB Serial support registered for Handspring Visor / Palm OS
[   11.652688][    T1] usbserial: USB Serial support registered for Sony Clie 5.0
[   11.653749][    T1] usbserial: USB Serial support registered for Sony Clie 3.5
[   11.654865][    T1] usbcore: registered new interface driver wishbone_serial
[   11.655910][    T1] usbserial: USB Serial support registered for wishbone_serial
[   11.657058][    T1] usbcore: registered new interface driver whiteheat
[   11.658033][    T1] usbserial: USB Serial support registered for Connect Tech - WhiteHEAT - (prerenumeration)
[   11.659415][    T1] usbserial: USB Serial support registered for Connect Tech - WhiteHEAT
[   11.660640][    T1] usbcore: registered new interface driver xr_serial
[   11.661651][    T1] usbserial: USB Serial support registered for xr_serial
[   11.662717][    T1] usbcore: registered new interface driver xsens_mt
[   11.663591][    T1] usbserial: USB Serial support registered for xsens_mt
[   11.664587][    T1] usbcore: registered new interface driver adutux
[   11.665507][    T1] usbcore: registered new interface driver appledisplay
[   11.666505][    T1] usbcore: registered new interface driver cypress_cy7c63
[   11.667519][    T1] usbcore: registered new interface driver cytherm
[   11.668476][    T1] usbcore: registered new interface driver emi26 - firmware loader
[   11.669586][    T1] usbcore: registered new interface driver emi62 - firmware loader
[   11.670595][    T1] usbcore: registered new device driver apple-mfi-fastcharge
[   11.671658][    T1] usbcore: registered new interface driver ljca
[   11.672586][    T1] usbcore: registered new interface driver idmouse
[   11.673530][    T1] usbcore: registered new interface driver iowarrior
[   11.674480][    T1] usbcore: registered new interface driver isight_firmware
[   11.675494][    T1] usbcore: registered new interface driver usblcd
[   11.676433][    T1] usbcore: registered new interface driver ldusb
[   11.677350][    T1] usbcore: registered new interface driver legousbtower
[   11.678340][    T1] usbcore: registered new interface driver usbtest
[   11.679294][    T1] usbcore: registered new interface driver usb_ehset_test
[   11.680306][    T1] usbcore: registered new interface driver trancevibrator
[   11.681322][    T1] usbcore: registered new interface driver uss720
[   11.682092][    T1] uss720: USB Parport Cable driver for Cables using the Lucent Technologies USS720 Chip
[   11.683217][    T1] uss720: NOTE: this is a special purpose driver to allow nonstandard
[   11.684165][    T1] uss720: protocols (eg. bitbang) over USS720 usb to parallel cables
[   11.685103][    T1] uss720: If you just want to connect to a printer, use usblp instead
[   11.686241][    T1] usbcore: registered new interface driver usbsevseg
[   11.687201][    T1] usbcore: registered new interface driver yurex
[   11.688984][    T1] usbcore: registered new interface driver chaoskey
[   11.689930][    T1] usbcore: registered new interface driver sisusb
[   11.691014][    T1] usbcore: registered new interface driver lvs
[   11.691936][    T1] usbcore: registered new interface driver cxacru
[   11.692874][    T1] usbcore: registered new interface driver speedtch
[   11.693820][    T1] usbcore: registered new interface driver ueagle-atm
[   11.694601][    T1] xusbatm: malformed module parameters
[   11.696759][    T1] dummy_hcd dummy_hcd.0: USB Host+Gadget Emulator, driver 02 May 2005
[   11.697730][    T1] dummy_hcd dummy_hcd.0: Dummy host controller
[   11.699406][    T1] dummy_hcd dummy_hcd.0: new USB bus registered, assigned bus number 1
[   11.701446][    T1] usb usb1: New USB device found, idVendor=1d6b, idProduct=0002, bcdDevice= 6.18
[   11.702561][    T1] usb usb1: New USB device strings: Mfr=3, Product=2, SerialNumber=1
[   11.703489][    T1] usb usb1: Product: Dummy host controller
[   11.704169][    T1] usb usb1: Manufacturer: Linux 6.18.0-12356-gc2f2b01b74be-dirty dummy_hcd
[   11.705169][    T1] usb usb1: SerialNumber: dummy_hcd.0
[   11.708359][    T1] hub 1-0:1.0: USB hub found
[   11.709193][    T1] hub 1-0:1.0: 1 port detected
[   11.715059][    T1] SPI driver max3420-udc has no spi_device_id for maxim,max3421-udc
[   11.716980][    T1] gadgetfs: USB Gadget filesystem, version 24 Aug 2004
[   11.729050][    T1] vhci_hcd vhci_hcd.0: USB/IP Virtual Host Controller
[   11.730399][    T1] vhci_hcd vhci_hcd.0: new USB bus registered, assigned bus number 2
[   11.731813][    T1] vhci_hcd vhci_hcd.0: created sysfs vhci_hcd.0
[   11.733296][    T1] usb usb2: New USB device found, idVendor=1d6b, idProduct=0002, bcdDevice= 6.18
[   11.734355][    T1] usb usb2: New USB device strings: Mfr=3, Product=2, SerialNumber=1
[   11.735287][    T1] usb usb2: Product: USB/IP Virtual Host Controller
[   11.736064][    T1] usb usb2: Manufacturer: Linux 6.18.0-12356-gc2f2b01b74be-dirty vhci_hcd
[   11.737048][    T1] usb usb2: SerialNumber: vhci_hcd.0
[   11.739607][    T1] hub 2-0:1.0: USB hub found
[   11.740344][    T1] hub 2-0:1.0: 8 ports detected
[   11.747054][    T1] vhci_hcd vhci_hcd.0: USB/IP Virtual Host Controller
[   11.748422][    T1] vhci_hcd vhci_hcd.0: new USB bus registered, assigned bus number 3
[   11.749647][    T1] usb usb3: We don't know the algorithms for LPM for this host, disabling LPM.
[   11.751292][    T1] usb usb3: New USB device found, idVendor=1d6b, idProduct=0003, bcdDevice= 6.18
[   11.752398][    T1] usb usb3: New USB device strings: Mfr=3, Product=2, SerialNumber=1
[   11.753354][    T1] usb usb3: Product: USB/IP Virtual Host Controller
[   11.754154][    T1] usb usb3: Manufacturer: Linux 6.18.0-12356-gc2f2b01b74be-dirty vhci_hcd
[   11.755149][    T1] usb usb3: SerialNumber: vhci_hcd.0
[   11.757682][    T1] hub 3-0:1.0: USB hub found
[   11.758382][    T1] hub 3-0:1.0: 8 ports detected
[   11.766863][    T1] vhci_hcd vhci_hcd.1: USB/IP Virtual Host Controller
[   11.768199][    T1] vhci_hcd vhci_hcd.1: new USB bus registered, assigned bus number 4
[   11.769806][    T1] usb usb4: New USB device found, idVendor=1d6b, idProduct=0002, bcdDevice= 6.18
[   11.770862][    T1] usb usb4: New USB device strings: Mfr=3, Product=2, SerialNumber=1
[   11.771815][    T1] usb usb4: Product: USB/IP Virtual Host Controller
[   11.772585][    T1] usb usb4: Manufacturer: Linux 6.18.0-12356-gc2f2b01b74be-dirty vhci_hcd
[   11.773564][    T1] usb usb4: SerialNumber: vhci_hcd.1
[   11.776020][    T1] hub 4-0:1.0: USB hub found
[   11.776710][    T1] hub 4-0:1.0: 8 ports detected
[   11.783211][    T1] vhci_hcd vhci_hcd.1: USB/IP Virtual Host Controller
[   11.784854][    T1] vhci_hcd vhci_hcd.1: new USB bus registered, assigned bus number 5
[   11.786056][    T1] usb usb5: We don't know the algorithms for LPM for this host, disabling LPM.
[   11.787651][    T1] usb usb5: New USB device found, idVendor=1d6b, idProduct=0003, bcdDevice= 6.18
[   11.788732][    T1] usb usb5: New USB device strings: Mfr=3, Product=2, SerialNumber=1
[   11.789656][    T1] usb usb5: Product: USB/IP Virtual Host Controller
[   11.790407][    T1] usb usb5: Manufacturer: Linux 6.18.0-12356-gc2f2b01b74be-dirty vhci_hcd
[   11.791379][    T1] usb usb5: SerialNumber: vhci_hcd.1
[   11.793980][    T1] hub 5-0:1.0: USB hub found
[   11.794663][    T1] hub 5-0:1.0: 8 ports detected
[   11.802725][    T1] vhci_hcd vhci_hcd.2: USB/IP Virtual Host Controller
[   11.804179][    T1] vhci_hcd vhci_hcd.2: new USB bus registered, assigned bus number 6
[   11.805774][    T1] usb usb6: New USB device found, idVendor=1d6b, idProduct=0002, bcdDevice= 6.18
[   11.806842][    T1] usb usb6: New USB device strings: Mfr=3, Product=2, SerialNumber=1
[   11.807767][    T1] usb usb6: Product: USB/IP Virtual Host Controller
[   11.808529][    T1] usb usb6: Manufacturer: Linux 6.18.0-12356-gc2f2b01b74be-dirty vhci_hcd
[   11.809499][    T1] usb usb6: SerialNumber: vhci_hcd.2
[   11.812128][    T1] hub 6-0:1.0: USB hub found
[   11.812861][    T1] hub 6-0:1.0: 8 ports detected
[   11.819345][    T1] vhci_hcd vhci_hcd.2: USB/IP Virtual Host Controller
[   11.820763][    T1] vhci_hcd vhci_hcd.2: new USB bus registered, assigned bus number 7
[   11.821989][    T1] usb usb7: We don't know the algorithms for LPM for this host, disabling LPM.
[   11.823552][    T1] usb usb7: New USB device found, idVendor=1d6b, idProduct=0003, bcdDevice= 6.18
[   11.824598][    T1] usb usb7: New USB device strings: Mfr=3, Product=2, SerialNumber=1
[   11.825513][    T1] usb usb7: Product: USB/IP Virtual Host Controller
[   11.826261][    T1] usb usb7: Manufacturer: Linux 6.18.0-12356-gc2f2b01b74be-dirty vhci_hcd
[   11.827228][    T1] usb usb7: SerialNumber: vhci_hcd.2
[   11.829798][    T1] hub 7-0:1.0: USB hub found
[   11.830482][    T1] hub 7-0:1.0: 8 ports detected
[   11.838500][    T1] vhci_hcd vhci_hcd.3: USB/IP Virtual Host Controller
[   11.839865][    T1] vhci_hcd vhci_hcd.3: new USB bus registered, assigned bus number 8
[   11.841459][    T1] usb usb8: New USB device found, idVendor=1d6b, idProduct=0002, bcdDevice= 6.18
[   11.842581][    T1] usb usb8: New USB device strings: Mfr=3, Product=2, SerialNumber=1
[   11.843505][    T1] usb usb8: Product: USB/IP Virtual Host Controller
[   11.844258][    T1] usb usb8: Manufacturer: Linux 6.18.0-12356-gc2f2b01b74be-dirty vhci_hcd
[   11.845212][    T1] usb usb8: SerialNumber: vhci_hcd.3
[   11.847795][    T1] hub 8-0:1.0: USB hub found
[   11.848484][    T1] hub 8-0:1.0: 8 ports detected
[   11.854786][    T1] vhci_hcd vhci_hcd.3: USB/IP Virtual Host Controller
[   11.856169][    T1] vhci_hcd vhci_hcd.3: new USB bus registered, assigned bus number 9
[   11.857348][    T1] usb usb9: We don't know the algorithms for LPM for this host, disabling LPM.
[   11.858922][    T1] usb usb9: New USB device found, idVendor=1d6b, idProduct=0003, bcdDevice= 6.18
[   11.859977][    T1] usb usb9: New USB device strings: Mfr=3, Product=2, SerialNumber=1
[   11.860894][    T1] usb usb9: Product: USB/IP Virtual Host Controller
[   11.861675][    T1] usb usb9: Manufacturer: Linux 6.18.0-12356-gc2f2b01b74be-dirty vhci_hcd
[   11.862637][    T1] usb usb9: SerialNumber: vhci_hcd.3
[   11.865503][    T1] hub 9-0:1.0: USB hub found
[   11.866182][    T1] hub 9-0:1.0: 8 ports detected
[   11.874208][    T1] vhci_hcd vhci_hcd.4: USB/IP Virtual Host Controller
[   11.875644][    T1] vhci_hcd vhci_hcd.4: new USB bus registered, assigned bus number 10
[   11.877266][    T1] usb usb10: New USB device found, idVendor=1d6b, idProduct=0002, bcdDevice= 6.18
[   11.878313][    T1] usb usb10: New USB device strings: Mfr=3, Product=2, SerialNumber=1
[   11.879229][    T1] usb usb10: Product: USB/IP Virtual Host Controller
[   11.879985][    T1] usb usb10: Manufacturer: Linux 6.18.0-12356-gc2f2b01b74be-dirty vhci_hcd
[   11.880955][    T1] usb usb10: SerialNumber: vhci_hcd.4
[   11.883730][    T1] hub 10-0:1.0: USB hub found
[   11.884430][    T1] hub 10-0:1.0: 8 ports detected
[   11.890910][    T1] vhci_hcd vhci_hcd.4: USB/IP Virtual Host Controller
[   11.892307][    T1] vhci_hcd vhci_hcd.4: new USB bus registered, assigned bus number 11
[   11.893503][    T1] usb usb11: We don't know the algorithms for LPM for this host, disabling LPM.
[   11.895080][    T1] usb usb11: New USB device found, idVendor=1d6b, idProduct=0003, bcdDevice= 6.18
[   11.896138][    T1] usb usb11: New USB device strings: Mfr=3, Product=2, SerialNumber=1
[   11.897055][    T1] usb usb11: Product: USB/IP Virtual Host Controller
[   11.897812][    T1] usb usb11: Manufacturer: Linux 6.18.0-12356-gc2f2b01b74be-dirty vhci_hcd
[   11.898774][    T1] usb usb11: SerialNumber: vhci_hcd.4
[   11.901398][    T1] hub 11-0:1.0: USB hub found
[   11.902110][    T1] hub 11-0:1.0: 8 ports detected
[   11.909972][    T1] vhci_hcd vhci_hcd.5: USB/IP Virtual Host Controller
[   11.911343][    T1] vhci_hcd vhci_hcd.5: new USB bus registered, assigned bus number 12
[   11.912996][    T1] usb usb12: New USB device found, idVendor=1d6b, idProduct=0002, bcdDevice= 6.18
[   11.914045][    T1] usb usb12: New USB device strings: Mfr=3, Product=2, SerialNumber=1
[   11.914962][    T1] usb usb12: Product: USB/IP Virtual Host Controller
[   11.915719][    T1] usb usb12: Manufacturer: Linux 6.18.0-12356-gc2f2b01b74be-dirty vhci_hcd
[   11.916695][    T1] usb usb12: SerialNumber: vhci_hcd.5
[   11.919247][    T1] hub 12-0:1.0: USB hub found
[   11.919936][    T1] hub 12-0:1.0: 8 ports detected
[   11.926415][    T1] vhci_hcd vhci_hcd.5: USB/IP Virtual Host Controller
[   11.927758][    T1] vhci_hcd vhci_hcd.5: new USB bus registered, assigned bus number 13
[   11.928963][    T1] usb usb13: We don't know the algorithms for LPM for this host, disabling LPM.
[   11.930550][    T1] usb usb13: New USB device found, idVendor=1d6b, idProduct=0003, bcdDevice= 6.18
[   11.931624][    T1] usb usb13: New USB device strings: Mfr=3, Product=2, SerialNumber=1
[   11.932558][    T1] usb usb13: Product: USB/IP Virtual Host Controller
[   11.933311][    T1] usb usb13: Manufacturer: Linux 6.18.0-12356-gc2f2b01b74be-dirty vhci_hcd
[   11.934286][    T1] usb usb13: SerialNumber: vhci_hcd.5
[   11.936902][    T1] hub 13-0:1.0: USB hub found
[   11.937591][    T1] hub 13-0:1.0: 8 ports detected
[   11.944671][    T1] vhci_hcd vhci_hcd.6: USB/IP Virtual Host Controller
[   11.946201][    T1] vhci_hcd vhci_hcd.6: new USB bus registered, assigned bus number 14
[   11.947825][    T1] usb usb14: New USB device found, idVendor=1d6b, idProduct=0002, bcdDevice= 6.18
[   11.948881][    T1] usb usb14: New USB device strings: Mfr=3, Product=2, SerialNumber=1
[   11.949806][    T1] usb usb14: Product: USB/IP Virtual Host Controller
[   11.950569][    T1] usb usb14: Manufacturer: Linux 6.18.0-12356-gc2f2b01b74be-dirty vhci_hcd
[   11.951577][    T1] usb usb14: SerialNumber: vhci_hcd.6
[   11.954193][    T1] hub 14-0:1.0: USB hub found
[   11.954884][    T1] hub 14-0:1.0: 8 ports detected
[   11.961968][    T1] vhci_hcd vhci_hcd.6: USB/IP Virtual Host Controller
[   11.963324][    T1] vhci_hcd vhci_hcd.6: new USB bus registered, assigned bus number 15
[   11.964517][    T1] usb usb15: We don't know the algorithms for LPM for this host, disabling LPM.
[   11.966121][    T1] usb usb15: New USB device found, idVendor=1d6b, idProduct=0003, bcdDevice= 6.18
[   11.967168][    T1] usb usb15: New USB device strings: Mfr=3, Product=2, SerialNumber=1
[   11.968096][    T1] usb usb15: Product: USB/IP Virtual Host Controller
[   11.968853][    T1] usb usb15: Manufacturer: Linux 6.18.0-12356-gc2f2b01b74be-dirty vhci_hcd
[   11.969822][    T1] usb usb15: SerialNumber: vhci_hcd.6
[   11.972537][    T1] hub 15-0:1.0: USB hub found
[   11.973225][    T1] hub 15-0:1.0: 8 ports detected
[   11.981335][    T1] vhci_hcd vhci_hcd.7: USB/IP Virtual Host Controller
[   11.982879][    T1] vhci_hcd vhci_hcd.7: new USB bus registered, assigned bus number 16
[   11.984477][    T1] usb usb16: New USB device found, idVendor=1d6b, idProduct=0002, bcdDevice= 6.18
[   11.985530][    T1] usb usb16: New USB device strings: Mfr=3, Product=2, SerialNumber=1
[   11.986453][    T1] usb usb16: Product: USB/IP Virtual Host Controller
[   11.987204][    T1] usb usb16: Manufacturer: Linux 6.18.0-12356-gc2f2b01b74be-dirty vhci_hcd
[   11.988179][    T1] usb usb16: SerialNumber: vhci_hcd.7
[   11.990920][    T1] hub 16-0:1.0: USB hub found
[   11.991627][    T1] hub 16-0:1.0: 8 ports detected
[   11.998288][    T1] vhci_hcd vhci_hcd.7: USB/IP Virtual Host Controller
[   11.999627][    T1] vhci_hcd vhci_hcd.7: new USB bus registered, assigned bus number 17
[   12.000822][    T1] usb usb17: We don't know the algorithms for LPM for this host, disabling LPM.
[   12.002450][    T1] usb usb17: New USB device found, idVendor=1d6b, idProduct=0003, bcdDevice= 6.18
[   12.003500][    T1] usb usb17: New USB device strings: Mfr=3, Product=2, SerialNumber=1
[   12.004428][    T1] usb usb17: Product: USB/IP Virtual Host Controller
[   12.005178][    T1] usb usb17: Manufacturer: Linux 6.18.0-12356-gc2f2b01b74be-dirty vhci_hcd
[   12.006169][    T1] usb usb17: SerialNumber: vhci_hcd.7
[   12.008964][    T1] hub 17-0:1.0: USB hub found
[   12.009657][    T1] hub 17-0:1.0: 8 ports detected
[   12.017953][    T1] vhci_hcd vhci_hcd.8: USB/IP Virtual Host Controller
[   12.019324][    T1] vhci_hcd vhci_hcd.8: new USB bus registered, assigned bus number 18
[   12.021093][    T1] usb usb18: New USB device found, idVendor=1d6b, idProduct=0002, bcdDevice= 6.18
[   12.022165][    T1] usb usb18: New USB device strings: Mfr=3, Product=2, SerialNumber=1
[   12.023089][    T1] usb usb18: Product: USB/IP Virtual Host Controller
[   12.023843][    T1] usb usb18: Manufacturer: Linux 6.18.0-12356-gc2f2b01b74be-dirty vhci_hcd
[   12.024819][    T1] usb usb18: SerialNumber: vhci_hcd.8
[   12.027647][    T1] hub 18-0:1.0: USB hub found
[   12.028350][    T1] hub 18-0:1.0: 8 ports detected
[   12.034847][    T1] vhci_hcd vhci_hcd.8: USB/IP Virtual Host Controller
[   12.036204][    T1] vhci_hcd vhci_hcd.8: new USB bus registered, assigned bus number 19
[   12.037398][    T1] usb usb19: We don't know the algorithms for LPM for this host, disabling LPM.
[   12.038987][    T1] usb usb19: New USB device found, idVendor=1d6b, idProduct=0003, bcdDevice= 6.18
[   12.040055][    T1] usb usb19: New USB device strings: Mfr=3, Product=2, SerialNumber=1
[   12.040977][    T1] usb usb19: Product: USB/IP Virtual Host Controller
[   12.041758][    T1] usb usb19: Manufacturer: Linux 6.18.0-12356-gc2f2b01b74be-dirty vhci_hcd
[   12.042731][    T1] usb usb19: SerialNumber: vhci_hcd.8
[   12.045507][    T1] hub 19-0:1.0: USB hub found
[   12.046215][    T1] hub 19-0:1.0: 8 ports detected
[   12.053590][    T1] vhci_hcd vhci_hcd.9: USB/IP Virtual Host Controller
[   12.055333][    T1] vhci_hcd vhci_hcd.9: new USB bus registered, assigned bus number 20
[   12.057055][    T1] usb usb20: New USB device found, idVendor=1d6b, idProduct=0002, bcdDevice= 6.18
[   12.058096][    T1] usb usb20: New USB device strings: Mfr=3, Product=2, SerialNumber=1
[   12.059013][    T1] usb usb20: Product: USB/IP Virtual Host Controller
[   12.059790][    T1] usb usb20: Manufacturer: Linux 6.18.0-12356-gc2f2b01b74be-dirty vhci_hcd
[   12.060770][    T1] usb usb20: SerialNumber: vhci_hcd.9
[   12.063487][    T1] hub 20-0:1.0: USB hub found
[   12.064404][    T1] hub 20-0:1.0: 8 ports detected
[   12.071017][    T1] vhci_hcd vhci_hcd.9: USB/IP Virtual Host Controller
[   12.072421][    T1] vhci_hcd vhci_hcd.9: new USB bus registered, assigned bus number 21
[   12.073731][    T1] usb usb21: We don't know the algorithms for LPM for this host, disabling LPM.
[   12.075317][    T1] usb usb21: New USB device found, idVendor=1d6b, idProduct=0003, bcdDevice= 6.18
[   12.076371][    T1] usb usb21: New USB device strings: Mfr=3, Product=2, SerialNumber=1
[   12.077295][    T1] usb usb21: Product: USB/IP Virtual Host Controller
[   12.078052][    T1] usb usb21: Manufacturer: Linux 6.18.0-12356-gc2f2b01b74be-dirty vhci_hcd
[   12.079023][    T1] usb usb21: SerialNumber: vhci_hcd.9
[   12.081646][    T1] hub 21-0:1.0: USB hub found
[   12.082333][    T1] hub 21-0:1.0: 8 ports detected
[   12.090685][    T1] vhci_hcd vhci_hcd.10: USB/IP Virtual Host Controller
[   12.092296][    T1] vhci_hcd vhci_hcd.10: new USB bus registered, assigned bus number 22
[   12.093910][    T1] usb usb22: New USB device found, idVendor=1d6b, idProduct=0002, bcdDevice= 6.18
[   12.094952][    T1] usb usb22: New USB device strings: Mfr=3, Product=2, SerialNumber=1
[   12.095875][    T1] usb usb22: Product: USB/IP Virtual Host Controller
[   12.096640][    T1] usb usb22: Manufacturer: Linux 6.18.0-12356-gc2f2b01b74be-dirty vhci_hcd
[   12.097609][    T1] usb usb22: SerialNumber: vhci_hcd.10
[   12.100226][    T1] hub 22-0:1.0: USB hub found
[   12.101099][    T1] hub 22-0:1.0: 8 ports detected
[   12.107761][    T1] vhci_hcd vhci_hcd.10: USB/IP Virtual Host Controller
[   12.109143][    T1] vhci_hcd vhci_hcd.10: new USB bus registered, assigned bus number 23
[   12.110454][    T1] usb usb23: We don't know the algorithms for LPM for this host, disabling LPM.
[   12.112099][    T1] usb usb23: New USB device found, idVendor=1d6b, idProduct=0003, bcdDevice= 6.18
[   12.113162][    T1] usb usb23: New USB device strings: Mfr=3, Product=2, SerialNumber=1
[   12.114085][    T1] usb usb23: Product: USB/IP Virtual Host Controller
[   12.114842][    T1] usb usb23: Manufacturer: Linux 6.18.0-12356-gc2f2b01b74be-dirty vhci_hcd
[   12.115811][    T1] usb usb23: SerialNumber: vhci_hcd.10
[   12.118407][    T1] hub 23-0:1.0: USB hub found
[   12.119287][    T1] hub 23-0:1.0: 8 ports detected
[   12.127213][    T1] vhci_hcd vhci_hcd.11: USB/IP Virtual Host Controller
[   12.128773][    T1] vhci_hcd vhci_hcd.11: new USB bus registered, assigned bus number 24
[   12.130379][    T1] usb usb24: New USB device found, idVendor=1d6b, idProduct=0002, bcdDevice= 6.18
[   12.131425][    T1] usb usb24: New USB device strings: Mfr=3, Product=2, SerialNumber=1
[   12.132852][    T1] usb usb24: Product: USB/IP Virtual Host Controller
[   12.134280][    T1] usb usb24: Manufacturer: Linux 6.18.0-12356-gc2f2b01b74be-dirty vhci_hcd
[   12.136114][    T1] usb usb24: SerialNumber: vhci_hcd.11
[   12.139069][    T1] hub 24-0:1.0: USB hub found
[   12.139962][    T1] hub 24-0:1.0: 8 ports detected
[   12.146638][    T1] vhci_hcd vhci_hcd.11: USB/IP Virtual Host Controller
[   12.148132][    T1] vhci_hcd vhci_hcd.11: new USB bus registered, assigned bus number 25
[   12.149329][    T1] usb usb25: We don't know the algorithms for LPM for this host, disabling LPM.
[   12.150921][    T1] usb usb25: New USB device found, idVendor=1d6b, idProduct=0003, bcdDevice= 6.18
[   12.152000][    T1] usb usb25: New USB device strings: Mfr=3, Product=2, SerialNumber=1
[   12.152938][    T1] usb usb25: Product: USB/IP Virtual Host Controller
[   12.153685][    T1] usb usb25: Manufacturer: Linux 6.18.0-12356-gc2f2b01b74be-dirty vhci_hcd
[   12.154638][    T1] usb usb25: SerialNumber: vhci_hcd.11
[   12.157249][    T1] hub 25-0:1.0: USB hub found
[   12.158116][    T1] hub 25-0:1.0: 8 ports detected
[   12.165260][    T1] vhci_hcd vhci_hcd.12: USB/IP Virtual Host Controller
[   12.166698][    T1] vhci_hcd vhci_hcd.12: new USB bus registered, assigned bus number 26
[   12.168321][    T1] usb usb26: New USB device found, idVendor=1d6b, idProduct=0002, bcdDevice= 6.18
[   12.169368][    T1] usb usb26: New USB device strings: Mfr=3, Product=2, SerialNumber=1
[   12.170288][    T1] usb usb26: Product: USB/IP Virtual Host Controller
[   12.171038][    T1] usb usb26: Manufacturer: Linux 6.18.0-12356-gc2f2b01b74be-dirty vhci_hcd
[   12.172036][    T1] usb usb26: SerialNumber: vhci_hcd.12
[   12.174600][    T1] hub 26-0:1.0: USB hub found
[   12.175465][    T1] hub 26-0:1.0: 8 ports detected
[   12.182068][    T1] vhci_hcd vhci_hcd.12: USB/IP Virtual Host Controller
[   12.183431][    T1] vhci_hcd vhci_hcd.12: new USB bus registered, assigned bus number 27
[   12.184633][    T1] usb usb27: We don't know the algorithms for LPM for this host, disabling LPM.
[   12.186209][    T1] usb usb27: New USB device found, idVendor=1d6b, idProduct=0003, bcdDevice= 6.18
[   12.187247][    T1] usb usb27: New USB device strings: Mfr=3, Product=2, SerialNumber=1
[   12.188164][    T1] usb usb27: Product: USB/IP Virtual Host Controller
[   12.188912][    T1] usb usb27: Manufacturer: Linux 6.18.0-12356-gc2f2b01b74be-dirty vhci_hcd
[   12.189871][    T1] usb usb27: SerialNumber: vhci_hcd.12
[   12.192507][    T1] hub 27-0:1.0: USB hub found
[   12.193381][    T1] hub 27-0:1.0: 8 ports detected
[   12.201723][    T1] vhci_hcd vhci_hcd.13: USB/IP Virtual Host Controller
[   12.203105][    T1] vhci_hcd vhci_hcd.13: new USB bus registered, assigned bus number 28
[   12.204697][    T1] usb usb28: New USB device found, idVendor=1d6b, idProduct=0002, bcdDevice= 6.18
[   12.205748][    T1] usb usb28: New USB device strings: Mfr=3, Product=2, SerialNumber=1
[   12.206679][    T1] usb usb28: Product: USB/IP Virtual Host Controller
[   12.207427][    T1] usb usb28: Manufacturer: Linux 6.18.0-12356-gc2f2b01b74be-dirty vhci_hcd
[   12.208393][    T1] usb usb28: SerialNumber: vhci_hcd.13
[   12.211179][    T1] hub 28-0:1.0: USB hub found
[   12.211886][    T1] hub 28-0:1.0: 8 ports detected
[   12.218571][    T1] vhci_hcd vhci_hcd.13: USB/IP Virtual Host Controller
[   12.219953][    T1] vhci_hcd vhci_hcd.13: new USB bus registered, assigned bus number 29
[   12.221152][    T1] usb usb29: We don't know the algorithms for LPM for this host, disabling LPM.
[   12.222765][    T1] usb usb29: New USB device found, idVendor=1d6b, idProduct=0003, bcdDevice= 6.18
[   12.223809][    T1] usb usb29: New USB device strings: Mfr=3, Product=2, SerialNumber=1
[   12.224731][    T1] usb usb29: Product: USB/IP Virtual Host Controller
[   12.225478][    T1] usb usb29: Manufacturer: Linux 6.18.0-12356-gc2f2b01b74be-dirty vhci_hcd
[   12.226438][    T1] usb usb29: SerialNumber: vhci_hcd.13
[   12.229107][    T1] hub 29-0:1.0: USB hub found
[   12.229980][    T1] hub 29-0:1.0: 8 ports detected
[   12.238243][    T1] vhci_hcd vhci_hcd.14: USB/IP Virtual Host Controller
[   12.239646][    T1] vhci_hcd vhci_hcd.14: new USB bus registered, assigned bus number 30
[   12.241259][    T1] usb usb30: New USB device found, idVendor=1d6b, idProduct=0002, bcdDevice= 6.18
[   12.242332][    T1] usb usb30: New USB device strings: Mfr=3, Product=2, SerialNumber=1
[   12.243254][    T1] usb usb30: Product: USB/IP Virtual Host Controller
[   12.244013][    T1] usb usb30: Manufacturer: Linux 6.18.0-12356-gc2f2b01b74be-dirty vhci_hcd
[   12.244974][    T1] usb usb30: SerialNumber: vhci_hcd.14
[   12.247813][    T1] hub 30-0:1.0: USB hub found
[   12.248511][    T1] hub 30-0:1.0: 8 ports detected
[   12.255356][    T1] vhci_hcd vhci_hcd.14: USB/IP Virtual Host Controller
[   12.256785][    T1] vhci_hcd vhci_hcd.14: new USB bus registered, assigned bus number 31
[   12.257979][    T1] usb usb31: We don't know the algorithms for LPM for this host, disabling LPM.
[   12.259574][    T1] usb usb31: New USB device found, idVendor=1d6b, idProduct=0003, bcdDevice= 6.18
[   12.260621][    T1] usb usb31: New USB device strings: Mfr=3, Product=2, SerialNumber=1
[   12.261562][    T1] usb usb31: Product: USB/IP Virtual Host Controller
[   12.262314][    T1] usb usb31: Manufacturer: Linux 6.18.0-12356-gc2f2b01b74be-dirty vhci_hcd
[   12.263274][    T1] usb usb31: SerialNumber: vhci_hcd.14
[   12.266043][    T1] hub 31-0:1.0: USB hub found
[   12.266728][    T1] hub 31-0:1.0: 8 ports detected
[   12.274145][    T1] vhci_hcd vhci_hcd.15: USB/IP Virtual Host Controller
[   12.275709][    T1] vhci_hcd vhci_hcd.15: new USB bus registered, assigned bus number 32
[   12.277311][    T1] usb usb32: New USB device found, idVendor=1d6b, idProduct=0002, bcdDevice= 6.18
[   12.278350][    T1] usb usb32: New USB device strings: Mfr=3, Product=2, SerialNumber=1
[   12.279263][    T1] usb usb32: Product: USB/IP Virtual Host Controller
[   12.280057][    T1] usb usb32: Manufacturer: Linux 6.18.0-12356-gc2f2b01b74be-dirty vhci_hcd
[   12.281025][    T1] usb usb32: SerialNumber: vhci_hcd.15
[   12.284089][    T1] hub 32-0:1.0: USB hub found
[   12.284775][    T1] hub 32-0:1.0: 8 ports detected
[   12.291635][    T1] vhci_hcd vhci_hcd.15: USB/IP Virtual Host Controller
[   12.293019][    T1] vhci_hcd vhci_hcd.15: new USB bus registered, assigned bus number 33
[   12.294217][    T1] usb usb33: We don't know the algorithms for LPM for this host, disabling LPM.
[   12.295807][    T1] usb usb33: New USB device found, idVendor=1d6b, idProduct=0003, bcdDevice= 6.18
[   12.296860][    T1] usb usb33: New USB device strings: Mfr=3, Product=2, SerialNumber=1
[   12.297782][    T1] usb usb33: Product: USB/IP Virtual Host Controller
[   12.298531][    T1] usb usb33: Manufacturer: Linux 6.18.0-12356-gc2f2b01b74be-dirty vhci_hcd
[   12.299517][    T1] usb usb33: SerialNumber: vhci_hcd.15
[   12.302391][    T1] hub 33-0:1.0: USB hub found
[   12.303085][    T1] hub 33-0:1.0: 8 ports detected
[   12.311046][    T1] usbcore: registered new device driver usbip-host
[   12.320217][    T1] i8042: PNP: PS/2 Controller [PNP0303:KBD,PNP0f13:MOU] at 0x60,0x64 irq 1,12
[   12.323326][    T1] serio: i8042 KBD port at 0x60,0x64 irq 1
[   12.325026][    T1] serio: i8042 AUX port at 0x60,0x64 irq 12
[   12.327920][    T1] mousedev: PS/2 mouse device common for all mice
[   12.330355][    T1] usbcore: registered new interface driver appletouch
[   12.331369][    T1] usbcore: registered new interface driver bcm5974
[   12.333313][   T10] input: AT Translated Set 2 keyboard as /devices/platform/i8042/serio0/input/input1
[   12.335393][    T1] usbcore: registered new interface driver synaptics_usb
[   12.337392][    T1] usbcore: registered new interface driver iforce
[   12.339220][    T1] usbcore: registered new interface driver pxrc
[   12.342011][    T1] usbcore: registered new interface driver xpad
[   12.343860][    T1] usbcore: registered new interface driver usb_acecad
[   12.346245][    T1] usbcore: registered new interface driver aiptek
[   12.348444][    T1] usbcore: registered new interface driver hanwang
[   12.350230][    T1] usbcore: registered new interface driver kbtab
[   12.355797][    T1] usbcore: registered new interface driver pegasus_notetaker
[   12.357856][    T1] usbcore: registered new interface driver usbtouchscreen
[   12.359773][    T1] usbcore: registered new interface driver sur40
[   12.361505][    T1] usbcore: registered new interface driver ati_remote2
[   12.362858][    T1] cm109: Keymap for Komunikate KIP1000 phone loaded
[   12.364513][    T1] usbcore: registered new interface driver cm109
[   12.365730][    T1] cm109: CM109 phone driver: 20080805 (C) Alfred E. Heggestad
[   12.367518][    T1] usbcore: registered new interface driver ims_pcu
[   12.369094][    T1] usbcore: registered new interface driver keyspan_remote
[   12.370100][    T1] usbcore: registered new interface driver powermate
[   12.371360][    T1] usbcore: registered new interface driver yealink
[   12.373929][    T1] rtc_cmos 00:05: RTC can wake from S4
[   12.378334][    T1] rtc_cmos 00:05: registered as rtc0
[   12.378991][    T1] rtc_cmos 00:05: alarms up to one day, y3k, 242 bytes nvram, hpet irqs
[   12.380745][    T1] i2c_dev: i2c /dev entries driver
[   12.382202][    T1] usbcore: registered new interface driver i2c-diolan-u2c
[   12.383846][    T1] usbcore: registered new interface driver i2c-cp2615
[   12.384956][    T1] usbcore: registered new interface driver RobotFuzz Open Source InterFace, OSIF
[   12.386321][    T1] usbcore: registered new interface driver i2c-tiny-usb
[   12.389556][    T1] usbcore: registered new interface driver igorplugusb
[   12.390549][    T1] usbcore: registered new interface driver iguanair
[   12.392018][    T1] usbcore: registered new interface driver imon
[   12.392947][    T1] usbcore: registered new interface driver imon_raw
[   12.393980][    T1] usbcore: registered new interface driver mceusb
[   12.394923][    T1] usbcore: registered new interface driver redrat3
[   12.395869][    T1] usbcore: registered new interface driver streamzap
[   12.396841][    T1] usbcore: registered new interface driver ir_toy
[   12.397774][    T1] usbcore: registered new interface driver ttusbir
[   12.398899][    T1] usbcore: registered new interface driver ati_remote
[   12.399875][    T1] usbcore: registered new interface driver xbox_remote
[   12.401024][    T1] b2c2-flexcop: B2C2 FlexcopII/II(b)/III digital TV receiver chip loaded successfully
[   12.403214][    T1] usbcore: registered new interface driver b2c2_flexcop_usb
[   12.404443][    T1] usbcore: registered new interface driver dvb_usb_vp7045
[   12.405453][    T1] usbcore: registered new interface driver dvb_usb_vp702x
[   12.406464][    T1] usbcore: registered new interface driver dvb_usb_gp8psk
[   12.407503][    T1] usbcore: registered new interface driver dvb_usb_dtt200u
[   12.408542][    T1] usbcore: registered new interface driver dvb_usb_a800
[   12.409564][    T1] usbcore: registered new interface driver dvb_usb_dibusb_mb
[   12.410626][    T1] usbcore: registered new interface driver dvb_usb_dibusb_mc
[   12.411695][    T1] usbcore: registered new interface driver dvb_usb_nova_t_usb2
[   12.412760][    T1] usbcore: registered new interface driver dvb_usb_umt_010
[   12.413789][    T1] usbcore: registered new interface driver dvb_usb_m920x
[   12.414792][    T1] usbcore: registered new interface driver dvb_usb_digitv
[   12.415820][    T1] usbcore: registered new interface driver dvb_usb_cxusb
[   12.416844][    T1] usbcore: registered new interface driver dvb_usb_ttusb2
[   12.417938][    T1] usbcore: registered new interface driver dvb_usb_dib0700
[   12.418952][    T1] usbcore: registered new interface driver opera1
[   12.419913][    T1] usbcore: registered new interface driver dvb_usb_af9005
[   12.420736][    T1] failing symbol_get of non-GPLONLY symbol af9005_rc_decode.
[   12.422048][    T1] failing symbol_get of non-GPLONLY symbol af9005_rc_decode.
[   12.422880][    T1] failing symbol_get of non-GPLONLY symbol rc_map_af9005_table.
[   12.424057][    T1] failing symbol_get of non-GPLONLY symbol rc_map_af9005_table.
[   12.424913][    T1] failing symbol_get of non-GPLONLY symbol rc_map_af9005_table_size.
[   12.426151][    T1] failing symbol_get of non-GPLONLY symbol rc_map_af9005_table_size.
[   12.427051][    T1] af9005: af9005_rc_decode function not found, disabling remote
[   12.428118][    T1] usbcore: registered new interface driver pctv452e
[   12.429094][    T1] usbcore: registered new interface driver dw2102
[   12.430037][    T1] usbcore: registered new interface driver dvb_usb_dtv5100
[   12.431051][    T1] usbcore: registered new interface driver cinergyT2
[   12.432059][    T1] usbcore: registered new interface driver dvb_usb_az6027
[   12.433081][    T1] usbcore: registered new interface driver dvb_usb_technisat_usb2
[   12.434188][    T1] usbcore: registered new interface driver dvb_usb_af9015
[   12.435219][    T1] usbcore: registered new interface driver dvb_usb_af9035
[   12.436229][    T1] usbcore: registered new interface driver dvb_usb_anysee
[   12.437222][    T1] usbcore: registered new interface driver dvb_usb_au6610
[   12.438221][    T1] usbcore: registered new interface driver dvb_usb_az6007
[   12.439216][    T1] usbcore: registered new interface driver dvb_usb_ce6230
[   12.440218][    T1] usbcore: registered new interface driver dvb_usb_ec168
[   12.441206][    T1] usbcore: registered new interface driver dvb_usb_lmedm04
[   12.442244][    T1] usbcore: registered new interface driver dvb_usb_gl861
[   12.443268][    T1] usbcore: registered new interface driver dvb_usb_mxl111sf
[   12.444319][    T1] usbcore: registered new interface driver dvb_usb_rtl28xxu
[   12.445344][    T1] usbcore: registered new interface driver dvb_usb_dvbsky
[   12.446341][    T1] usbcore: registered new interface driver zd1301
[   12.447274][    T1] usbcore: registered new interface driver s2255
[   12.448248][    T1] usbcore: registered new interface driver smsusb
[   12.449185][    T1] usbcore: registered new interface driver ttusb
[   12.450121][    T1] usbcore: registered new interface driver ttusb-dec
[   12.451094][    T1] usbcore: registered new interface driver Abilis Systems as10x usb driver
[   12.452311][    T1] usbcore: registered new interface driver airspy
[   12.453032][    T1] gspca_main: v2.14.0 registered
[   12.453797][    T1] usbcore: registered new interface driver benq
[   12.454722][    T1] usbcore: registered new interface driver conex
[   12.455655][    T1] usbcore: registered new interface driver cpia1
[   12.456593][    T1] usbcore: registered new interface driver dtcs033
[   12.457540][    T1] usbcore: registered new interface driver etoms
[   12.458488][    T1] usbcore: registered new interface driver finepix
[   12.459435][    T1] usbcore: registered new interface driver jeilinj
[   12.460386][    T1] usbcore: registered new interface driver jl2005bcd
[   12.461356][    T1] usbcore: registered new interface driver kinect
[   12.462340][    T1] usbcore: registered new interface driver konica
[   12.463280][    T1] usbcore: registered new interface driver mars
[   12.464259][    T1] usbcore: registered new interface driver mr97310a
[   12.465222][    T1] usbcore: registered new interface driver nw80x
[   12.466172][    T1] usbcore: registered new interface driver ov519
[   12.467095][    T1] usbcore: registered new interface driver ov534
[   12.468204][    T1] usbcore: registered new interface driver ov534_9
[   12.469158][    T1] usbcore: registered new interface driver pac207
[   12.470169][    T1] usbcore: registered new interface driver gspca_pac7302
[   12.471175][    T1] usbcore: registered new interface driver pac7311
[   12.472159][    T1] usbcore: registered new interface driver se401
[   12.473097][    T1] usbcore: registered new interface driver sn9c2028
[   12.474091][    T1] usbcore: registered new interface driver gspca_sn9c20x
[   12.475106][    T1] usbcore: registered new interface driver sonixb
[   12.476088][    T1] usbcore: registered new interface driver sonixj
[   12.477038][    T1] usbcore: registered new interface driver spca500
[   12.477987][    T1] usbcore: registered new interface driver spca501
[   12.478942][    T1] usbcore: registered new interface driver spca505
[   12.479896][    T1] usbcore: registered new interface driver spca506
[   12.480847][    T1] usbcore: registered new interface driver spca508
[   12.481831][    T1] usbcore: registered new interface driver spca561
[   12.482778][    T1] usbcore: registered new interface driver spca1528
[   12.483733][    T1] usbcore: registered new interface driver sq905
[   12.484676][    T1] usbcore: registered new interface driver sq905c
[   12.485686][    T1] usbcore: registered new interface driver sq930x
[   12.486721][    T1] usbcore: registered new interface driver sunplus
[   12.487698][    T1] usbcore: registered new interface driver stk014
[   12.488677][    T1] usbcore: registered new interface driver stk1135
[   12.489663][    T1] usbcore: registered new interface driver stv0680
[   12.490644][    T1] usbcore: registered new interface driver t613
[   12.491623][    T1] usbcore: registered new interface driver gspca_topro
[   12.492642][    T1] usbcore: registered new interface driver touptek
[   12.493590][    T1] usbcore: registered new interface driver tv8532
[   12.494531][    T1] usbcore: registered new interface driver vc032x
[   12.495471][    T1] usbcore: registered new interface driver vicam
[   12.496409][    T1] usbcore: registered new interface driver xirlink-cit
[   12.497436][    T1] usbcore: registered new interface driver gspca_zc3xx
[   12.498422][    T1] usbcore: registered new interface driver ALi m5602
[   12.499389][    T1] usbcore: registered new interface driver STV06xx
[   12.500333][    T1] usbcore: registered new interface driver gspca_gl860
[   12.501382][    T1] usbcore: registered new interface driver hackrf
[   12.502341][    T1] usbcore: registered new interface driver msi2500
[   12.503312][    T1] usbcore: registered new interface driver Philips webcam
[   12.504458][    T1] usbcore: registered new interface driver uvcvideo
[   12.505196][    T1] au0828: au0828 driver loaded
[   12.505968][    T1] usbcore: registered new interface driver au0828
[   12.506938][    T1] usbcore: registered new interface driver cx231xx
[   12.508029][    T1] usbcore: registered new interface driver em28xx
[   12.508763][    T1] em28xx: Registered (Em28xx v4l2 Extension) extension
[   12.509526][    T1] em28xx: Registered (Em28xx Audio Extension) extension
[   12.510296][    T1] em28xx: Registered (Em28xx dvb Extension) extension
[   12.511046][    T1] em28xx: Registered (Em28xx Input Extension) extension
[   12.512109][    T1] usbcore: registered new interface driver go7007
[   12.513051][    T1] usbcore: registered new interface driver go7007-loader
[   12.514150][    T1] usbcore: registered new interface driver hdpvr
[   12.515472][    T1] usbcore: registered new interface driver pvrusb2
[   12.516259][    T1] pvrusb2: V4L in-tree version:Hauppauge WinTV-PVR-USB2 MPEG2 Encoder/Tuner
[   12.517233][    T1] pvrusb2: Debug mask is 31 (0x1f)
[   12.518076][    T1] usbcore: registered new interface driver stk1160
[   12.519096][    T1] usbcore: registered new interface driver usbtv
[   12.522450][    T1] dvbdev: DVB: registering new adapter (dvb_vidtv_bridge)
[   12.525302][    T1] i2c i2c-0: DVB: registering adapter 0 frontend 0 (Dummy demod for DVB-T/T2/C/S/S2)...
[   12.526623][    T1] dvbdev: dvb_create_media_entity: media entity 'Dummy demod for DVB-T/T2/C/S/S2' registered.
[   12.538501][    T1] dvbdev: dvb_create_media_entity: media entity 'dvb-demux' registered.
[   12.543410][    T1] vidtv vidtv.0: Successfully initialized vidtv!
[   12.545345][    T1] vicodec vicodec.0: Device 'stateful-encoder' registered as /dev/video0
[   12.546739][    T1] vicodec vicodec.0: Device 'stateful-decoder' registered as /dev/video1
[   12.548280][    T1] vicodec vicodec.0: Device 'stateless-decoder' registered as /dev/video2
[   12.553296][    T1] vim2m vim2m.0: Device registered as /dev/video3
[   12.565966][    T1] vivid-000: using single planar format API
[   12.575635][    T1] vivid-000: CEC adapter cec0 registered for HDMI input
[   12.576981][    T1] vivid-000: V4L2 capture device registered as video7
[   12.578167][    T1] vivid-000: CEC adapter cec1 registered for HDMI output 0
[   12.579402][    T1] vivid-000: V4L2 output device registered as video8
[   12.580578][    T1] vivid-000: V4L2 capture device registered as vbi0, supports raw and sliced VBI
[   12.582146][    T1] vivid-000: V4L2 output device registered as vbi1, supports raw and sliced VBI
[   12.583580][    T1] vivid-000: V4L2 capture device registered as swradio0
[   12.584769][    T1] vivid-000: V4L2 receiver device registered as radio0
[   12.585949][    T1] vivid-000: V4L2 transmitter device registered as radio1
[   12.587230][    T1] vivid-000: V4L2 metadata capture device registered as video9
[   12.588531][    T1] vivid-000: V4L2 metadata output device registered as video10
[   12.589787][    T1] vivid-000: V4L2 touch capture device registered as v4l-touch0
[   12.602538][    T1] usbcore: registered new interface driver radioshark2
[   12.603517][    T1] usbcore: registered new interface driver radioshark
[   12.604485][    T1] usbcore: registered new interface driver radio-si470x
[   12.605548][    T1] usbcore: registered new interface driver radio-usb-si4713
[   12.608685][    T1] usbcore: registered new interface driver dsbr100
[   12.609613][    T1] usbcore: registered new interface driver radio-keene
[   12.610591][    T1] usbcore: registered new interface driver radio-ma901
[   12.611595][    T1] usbcore: registered new interface driver radio-mr800
[   12.612575][    T1] usbcore: registered new interface driver radio-raremono
[   12.614645][    T1] usbcore: registered new interface driver powerz
[   12.615573][    T1] usbcore: registered new interface driver pcwd_usb
[   12.617615][    T1] device-mapper: core: CONFIG_IMA_DISABLE_HTABLE is disabled. Duplicate IMA measurements will not be recorded in the IMA log.
[   12.619103][    T1] device-mapper: uevent: version 1.0.3
[   12.620305][    T1] device-mapper: ioctl: 4.50.0-ioctl (2025-04-28) initialised: dm-devel@lists.linux.dev
[   12.632867][    T1] device-mapper: multipath round-robin: version 1.2.0 loaded
[   12.633685][    T1] device-mapper: multipath queue-length: version 0.2.0 loaded
[   12.634493][    T1] device-mapper: multipath service-time: version 0.3.0 loaded
[   12.635898][    T1] Bluetooth: HCI UART driver ver 2.3
[   12.636487][    T1] Bluetooth: HCI UART protocol H4 registered
[   12.637131][    T1] Bluetooth: HCI UART protocol BCSP registered
[   12.637885][    T1] Bluetooth: HCI UART protocol LL registered
[   12.638677][    T1] Bluetooth: HCI UART protocol Three-wire (H5) registered
[   12.639593][    T1] Bluetooth: HCI UART protocol QCA registered
[   12.640264][    T1] Bluetooth: HCI UART protocol AG6XX registered
[   12.641032][    T1] Bluetooth: HCI UART protocol Marvell registered
[   12.642045][    T1] usbcore: registered new interface driver bcm203x
[   12.642978][    T1] usbcore: registered new interface driver bpa10x
[   12.643899][    T1] usbcore: registered new interface driver bfusb
[   12.644851][    T1] usbcore: registered new interface driver btusb
[   12.645827][    T1] usbcore: registered new interface driver ath3k
[   12.646923][    T1] Modular ISDN core version 1.1.29
[   12.648094][    T1] NET: Registered PF_ISDN protocol family
[   12.648725][    T1] DSP module 2.0
[   12.649111][    T1] mISDN_dsp: DSP clocks every 80 samples. This equals 1 jiffies.
[   12.658381][    T1] mISDN: Layer-1-over-IP driver Rev. 2.00
[   12.659555][    T1] 0 virtual devices registered
[   12.660333][    T1] usbcore: registered new interface driver HFC-S_USB
[   12.661067][    T1] amd_pstate: the _CPC object is not present in SBIOS or ACPI disabled
[   12.663491][    T1] VUB300 Driver rom wait states = 1C irqpoll timeout = 0400
[   12.664626][    T1] usbcore: registered new interface driver vub300
[   12.666402][    T1] usbcore: registered new interface driver ushc
[   12.680805][    T1] iscsi: registered transport (iser)
[   12.682634][    T1] SoftiWARP attached
[   12.689144][    T1] hid: raw HID events driver (C) Jiri Kosina
[   12.728013][    T1] usbcore: registered new interface driver usbhid
[   12.728729][    T1] usbhid: USB HID core driver
[   12.736668][    T1] usbcore: registered new interface driver es2_ap_driver
[   12.737442][    T1] comedi: version 0.7.76 - http://www.comedi.org
[   12.739704][    T1] comedi comedi0: comedi_test: 1000000 microvolt, 100000 microsecond waveform attached
[   12.745537][    T1] comedi comedi0: driver 'comedi_test' has successfully auto-configured 'comedi_test'.
[   12.748773][    T1] usbcore: registered new interface driver dt9812
[   12.749783][    T1] usbcore: registered new interface driver ni6501
[   12.750804][    T1] usbcore: registered new interface driver usbdux
[   12.751913][    T1] usbcore: registered new interface driver usbduxfast
[   12.752990][    T1] usbcore: registered new interface driver usbduxsigma
[   12.754058][    T1] usbcore: registered new interface driver vmk80xx
[   12.755073][    T1] greybus: registered new driver hid
[   12.756205][    T1] greybus: registered new driver gbphy
[   12.757118][    T1] gb_gbphy: registered new driver usb
[   12.757911][    T1] asus_wmi: ASUS WMI generic driver loaded
[   12.765996][    T1] gnss: GNSS driver registered with major 494
[   12.766899][    T1] usbcore: registered new interface driver gnss-usb
[   12.767853][    T1] usbcore: registered new interface driver hdm_usb
[   12.769522][   T10] input: ImExPS/2 Generic Explorer Mouse as /devices/platform/i8042/serio1/input/input3
[   12.821925][    T1] usbcore: registered new interface driver snd-usb-audio
[   12.823060][    T1] usbcore: registered new interface driver snd-ua101
[   12.824153][    T1] usbcore: registered new interface driver snd-usb-usx2y
[   12.825299][    T1] usbcore: registered new interface driver snd-usb-us122l
[   12.826442][    T1] usbcore: registered new interface driver snd-usb-caiaq
[   12.827552][    T1] usbcore: registered new interface driver snd-usb-6fire
[   12.828702][    T1] usbcore: registered new interface driver snd-usb-hiface
