bash: warning: setlocale: LC_ALL: cannot change locale (en_US.UTF-8)
c[?7l[2J[0mSeaBIOS (version 1.16.2-debian-1.16.2-1)
Booting from ROM..c[?7l[2J[0m.early console in extract_kernel
input_data: 0x0000000014f322a3
input_len: 0x00000000062b497c
output: 0x0000000001000000
output_len: 0x0000000012d60ce8
kernel_total_size: 0x000000001a228000
needed_size: 0x000000001a400000
trampoline_32bit: 0x0000000000000000

Decompressing Linux... Parsing ELF... done.
Booting the kernel (entry_offset: 0x00000000110875f0).
[    0.000000][    T0] Linux version 6.18.0-12358-gdd7a88da9bea-dirty (root@buildkitsandbox) (gcc (Debian 12.2.0-14+deb12u1) 12.2.0, GNU ld (GNU Binutils for Debian) 2.40) #2 SMP PREEMPT_DYNAMIC Tue May 26 01:38:45 UTC 2026
[    0.000000][    T0] Command line: console=ttyS0 oops=panic panic=86400 nokaslr earlyprintk=serial rdinit=/init
[    0.000000][    T0] KERNEL supported cpus:
[    0.000000][    T0]   Intel GenuineIntel
[    0.000000][    T0]   AMD AuthenticAMD
[    0.000000][    T0] x86 CPU feature dependency check failure: CPU0 has '18*32+31' enabled but '18*32+26' disabled. Kernel might be fine, but no guarantees.
[    0.000000][    T0] BIOS-provided physical RAM map:
[    0.000000][    T0] BIOS-e820: [mem 0x0000000000000000-0x000000000009fbff] usable
[    0.000000][    T0] BIOS-e820: [mem 0x000000000009fc00-0x000000000009ffff] reserved
[    0.000000][    T0] BIOS-e820: [mem 0x00000000000f0000-0x00000000000fffff] reserved
[    0.000000][    T0] BIOS-e820: [mem 0x0000000000100000-0x000000007ffdffff] usable
[    0.000000][    T0] BIOS-e820: [mem 0x000000007ffe0000-0x000000007fffffff] reserved
[    0.000000][    T0] BIOS-e820: [mem 0x00000000feffc000-0x00000000feffffff] reserved
[    0.000000][    T0] BIOS-e820: [mem 0x00000000fffc0000-0x00000000ffffffff] reserved
[    0.000000][    T0] BIOS-e820: [mem 0x000000fd00000000-0x000000ffffffffff] reserved
[    0.000000][    T0] printk: legacy bootconsole [earlyser0] enabled
[    0.000000][    T0] NX (Execute Disable) protection: active
[    0.000000][    T0] APIC: Static calls initialized
[    0.000000][    T0] SMBIOS 2.8 present.
[    0.000000][    T0] DMI: QEMU Standard PC (i440FX + PIIX, 1996), BIOS 1.16.2-debian-1.16.2-1 04/01/2014
[    0.000000][    T0] DMI: Memory slots populated: 1/1
[    0.000000][    T0] Hypervisor detected: KVM
[    0.000000][    T0] last_pfn = 0x7ffe0 max_arch_pfn = 0x400000000
[    0.000000][    T0] kvm-clock: Using msrs 4b564d01 and 4b564d00
[    0.000002][    T0] kvm-clock: using sched offset of 1163272083 cycles
[    0.000664][    T0] clocksource: kvm-clock: mask: 0xffffffffffffffff max_cycles: 0x1cd42e4dffb, max_idle_ns: 881590591483 ns
[    0.002628][    T0] tsc: Detected 3493.436 MHz processor
[    0.010736][    T0] last_pfn = 0x7ffe0 max_arch_pfn = 0x400000000
[    0.011459][    T0] MTRR map: 4 entries (3 fixed + 1 variable; max 19), built from 8 variable MTRRs
[    0.012473][    T0] x86/PAT: Configuration [0-7]: WB  WC  UC- UC  WB  WP  UC- WT  
[    0.016569][    T0] found SMP MP-table at [mem 0x000f5ba0-0x000f5baf]
[    0.017308][    T0] Using GB pages for direct mapping
[    0.020369][    T0] RAMDISK: [mem 0x7fe8d000-0x7ffdffff]
[    0.020976][    T0] ACPI: Early table checksum verification disabled
[    0.021692][    T0] ACPI: RSDP 0x00000000000F59D0 000014 (v00 BOCHS )
[    0.022428][    T0] ACPI: RSDT 0x000000007FFE1B33 000034 (v01 BOCHS  BXPC     00000001 BXPC 00000001)
[    0.023482][    T0] ACPI: FACP 0x000000007FFE19DF 000074 (v01 BOCHS  BXPC     00000001 BXPC 00000001)
[    0.024533][    T0] ACPI: DSDT 0x000000007FFE0040 00199F (v01 BOCHS  BXPC     00000001 BXPC 00000001)
[    0.025581][    T0] ACPI: FACS 0x000000007FFE0000 000040
[    0.026187][    T0] ACPI: APIC 0x000000007FFE1A53 000080 (v01 BOCHS  BXPC     00000001 BXPC 00000001)
[    0.027244][    T0] ACPI: HPET 0x000000007FFE1AD3 000038 (v01 BOCHS  BXPC     00000001 BXPC 00000001)
[    0.028292][    T0] ACPI: WAET 0x000000007FFE1B0B 000028 (v01 BOCHS  BXPC     00000001 BXPC 00000001)
[    0.029334][    T0] ACPI: Reserving FACP table memory at [mem 0x7ffe19df-0x7ffe1a52]
[    0.030197][    T0] ACPI: Reserving DSDT table memory at [mem 0x7ffe0040-0x7ffe19de]
[    0.031065][    T0] ACPI: Reserving FACS table memory at [mem 0x7ffe0000-0x7ffe003f]
[    0.031928][    T0] ACPI: Reserving APIC table memory at [mem 0x7ffe1a53-0x7ffe1ad2]
[    0.032794][    T0] ACPI: Reserving HPET table memory at [mem 0x7ffe1ad3-0x7ffe1b0a]
[    0.033656][    T0] ACPI: Reserving WAET table memory at [mem 0x7ffe1b0b-0x7ffe1b32]
[    0.035324][    T0] No NUMA configuration found
[    0.035845][    T0] Faking a node at [mem 0x0000000000000000-0x000000007ffdffff]
[    0.036681][    T0] NODE_DATA(0) allocated [mem 0x7fe870c0-0x7fe8ccbf]
[    0.040852][    T0] Zone ranges:
[    0.041254][    T0]   DMA      [mem 0x0000000000001000-0x0000000000ffffff]
[    0.042027][    T0]   DMA32    [mem 0x0000000001000000-0x000000007ffdffff]
[    0.042800][    T0]   Normal   empty
[    0.043210][    T0]   Device   empty
[    0.043618][    T0] Movable zone start for each node
[    0.044174][    T0] Early memory node ranges
[    0.044650][    T0]   node   0: [mem 0x0000000000001000-0x000000000009efff]
[    0.045423][    T0]   node   0: [mem 0x0000000000100000-0x000000007ffdffff]
[    0.046199][    T0] Initmem setup node 0 [mem 0x0000000000001000-0x000000007ffdffff]
[    0.047087][    T0] On node 0, zone DMA: 1 pages in unavailable ranges
[    0.047998][    T0] On node 0, zone DMA: 97 pages in unavailable ranges
[    0.072524][    T0] On node 0, zone DMA32: 32 pages in unavailable ranges
[    0.109403][    T0] KernelAddressSanitizer initialized (generic)
[    0.110377][    T0] ACPI: PM-Timer IO Port: 0x608
[    0.110945][    T0] ACPI: LAPIC_NMI (acpi_id[0xff] dfl dfl lint[0x1])
[    0.111711][    T0] IOAPIC[0]: apic_id 0, version 17, address 0xfec00000, GSI 0-23
[    0.112564][    T0] ACPI: INT_SRC_OVR (bus 0 bus_irq 0 global_irq 2 dfl dfl)
[    0.113352][    T0] ACPI: INT_SRC_OVR (bus 0 bus_irq 5 global_irq 5 high level)
[    0.114167][    T0] ACPI: INT_SRC_OVR (bus 0 bus_irq 9 global_irq 9 high level)
[    0.114988][    T0] ACPI: INT_SRC_OVR (bus 0 bus_irq 10 global_irq 10 high level)
[    0.115821][    T0] ACPI: INT_SRC_OVR (bus 0 bus_irq 11 global_irq 11 high level)
[    0.116664][    T0] ACPI: Using ACPI (MADT) for SMP configuration information
[    0.117457][    T0] ACPI: HPET id: 0x8086a201 base: 0xfed00000
[    0.118123][    T0] TSC deadline timer available
[    0.118652][    T0] CPU topo: Max. logical packages:   1
[    0.119252][    T0] CPU topo: Max. logical dies:       1
[    0.119846][    T0] CPU topo: Max. dies per package:   1
[    0.120449][    T0] CPU topo: Max. threads per core:   1
[    0.121050][    T0] CPU topo: Num. cores per package:     2
[    0.121673][    T0] CPU topo: Num. threads per package:   2
[    0.122297][    T0] CPU topo: Allowing 2 present CPUs plus 0 hotplug CPUs
[    0.123102][    T0] kvm-guest: APIC: eoi() replaced with kvm_guest_apic_eoi_write()
[    0.123996][    T0] kvm-guest: KVM setup pv remote TLB flush
[    0.124632][    T0] kvm-guest: setup PV sched yield
[    0.125219][    T0] PM: hibernation: Registered nosave memory: [mem 0x00000000-0x00000fff]
[    0.126148][    T0] PM: hibernation: Registered nosave memory: [mem 0x0009f000-0x000fffff]
[    0.127082][    T0] [mem 0x80000000-0xfeffbfff] available for PCI devices
[    0.127844][    T0] Booting paravirtualized kernel on KVM
[    0.128450][    T0] clocksource: refined-jiffies: mask: 0xffffffff max_cycles: 0xffffffff, max_idle_ns: 19112604462750000 ns
[    0.176343][    T0] setup_percpu: NR_CPUS:8 nr_cpumask_bits:2 nr_cpu_ids:2 nr_node_ids:1
[    0.177577][    T0] percpu: Embedded 71 pages/cpu s250184 r8192 d32440 u1048576
[    0.178567][    T0] kvm-guest: PV spinlocks enabled
[    0.179155][    T0] PV qspinlock hash table entries: 256 (order: 0, 4096 bytes, linear)
[    0.180105][    T0] Kernel command line: console=ttyS0 oops=panic panic=86400 nokaslr earlyprintk=serial rdinit=/init
[    0.181957][    T0] random: crng init done
[    0.182442][    T0] printk: log buffer data + meta data: 262144 + 917504 = 1179648 bytes
[    0.183652][    T0] Dentry cache hash table entries: 262144 (order: 9, 2097152 bytes, linear)
[    0.184857][    T0] Inode-cache hash table entries: 131072 (order: 8, 1048576 bytes, linear)
[    0.186046][    T0] Fallback order for Node 0: 0 
[    0.186058][    T0] Built 1 zonelists, mobility grouping on.  Total pages: 524158
[    0.187487][    T0] Policy zone: DMA32
[    0.188194][    T0] mem auto-init: stack:all(zero), heap alloc:on, heap free:off
[    0.189061][    T0] stackdepot: allocating hash table via alloc_large_system_hash
[    0.189942][    T0] stackdepot hash table entries: 1048576 (order: 12, 16777216 bytes, linear)
[    0.192714][    T0] stackdepot: allocating space for 8192 stack pools via memblock
[    0.263339][    T0] SLUB: HWalign=64, Order=0-3, MinObjects=0, CPUs=2, Nodes=1
[    0.267532][    T0] allocated 4194304 bytes of page_ext
[    0.268751][    T0] Dynamic Preempt: full
[    0.269795][    T0] Running RCU self tests
[    0.270282][    T0] Running RCU synchronous self tests
[    0.270882][    T0] rcu: Preemptible hierarchical RCU implementation.
[    0.271635][    T0] rcu: 	RCU lockdep checking is enabled.
[    0.272278][    T0] rcu: 	RCU restricting CPUs from NR_CPUS=8 to nr_cpu_ids=2.
[    0.273118][    T0] rcu: 	RCU callback double-/use-after-free debug is enabled.
[    0.273962][    T0] rcu: 	RCU debug extended QS entry/exit.
[    0.274612][    T0] 	Trampoline variant of Tasks RCU enabled.
[    0.275291][    T0] 	Tracing variant of Tasks RCU enabled.
[    0.275932][    T0] rcu: RCU calculated value of scheduler-enlistment delay is 10 jiffies.
[    0.276902][    T0] rcu: Adjusting geometry for rcu_fanout_leaf=16, nr_cpu_ids=2
[    0.277869][    T0] Running RCU synchronous self tests
[    0.278483][    T0] RCU Tasks: Setting shift to 1 and lim to 1 rcu_task_cb_adjust=1 rcu_task_cpu_ids=2.
[    0.279576][    T0] RCU Tasks Trace: Setting shift to 1 and lim to 1 rcu_task_cb_adjust=1 rcu_task_cpu_ids=2.
[    0.397689][    T0] NR_IRQS: 4352, nr_irqs: 440, preallocated irqs: 16
[    0.399006][    T0] rcu: srcu_init: Setting srcu_struct sizes based on contention.
[    0.400235][    T0] kfence: initialized - using 2097152 bytes for 255 objects at 0x(____ptrval____)-0x(____ptrval____)
[    0.409267][    T0] Console: colour VGA+ 80x25
[    0.409868][    T0] printk: legacy console [ttyS0] enabled
[    0.409868][    T0] printk: legacy console [ttyS0] enabled
[    0.411145][    T0] printk: legacy bootconsole [earlyser0] disabled
[    0.411145][    T0] printk: legacy bootconsole [earlyser0] disabled
[    0.412614][    T0] Lock dependency validator: Copyright (c) 2006 Red Hat, Inc., Ingo Molnar
[    0.413594][    T0] ... MAX_LOCKDEP_SUBCLASSES:  8
[    0.414154][    T0] ... MAX_LOCK_DEPTH:          48
[    0.414730][    T0] ... MAX_LOCKDEP_KEYS:        8192
[    0.415353][    T0] ... CLASSHASH_SIZE:          4096
[    0.415947][    T0] ... MAX_LOCKDEP_ENTRIES:     1048576
[    0.416577][    T0] ... MAX_LOCKDEP_CHAINS:      1048576
[    0.417196][    T0] ... CHAINHASH_SIZE:          524288
[    0.417809][    T0]  memory used by lock dependency info: 106625 kB
[    0.418538][    T0]  memory used for stack traces: 8320 kB
[    0.419177][    T0]  per task-struct memory footprint: 1920 bytes
[    0.419950][    T0] ACPI: Core revision 20250807
[    0.420937][    T0] clocksource: hpet: mask: 0xffffffff max_cycles: 0xffffffff, max_idle_ns: 19112604467 ns
[    0.422282][    T0] APIC: Switch to symmetric I/O mode setup
[    0.423120][    T0] x2apic enabled
[    0.423949][    T0] APIC: Switched APIC routing to: physical x2apic
[    0.424692][    T0] kvm-guest: APIC: send_IPI_mask() replaced with kvm_send_ipi_mask()
[    0.425619][    T0] kvm-guest: APIC: send_IPI_mask_allbutself() replaced with kvm_send_ipi_mask_allbutself()
[    0.426756][    T0] kvm-guest: setup PV IPIs
[    0.428634][    T0] ..TIMER: vector=0x30 apic1=0 pin1=2 apic2=-1 pin2=-1
[    0.429423][    T0] clocksource: tsc-early: mask: 0xffffffffffffffff max_cycles: 0x325b186289d, max_idle_ns: 440795326624 ns
[    0.430701][    T0] Calibrating delay loop (skipped) preset value.. 6986.87 BogoMIPS (lpj=34934360)
[    0.431832][    T0] x86/cpu: User Mode Instruction Prevention (UMIP) activated
[    0.440860][    T0] Last level iTLB entries: 4KB 512, 2MB 255, 4MB 127
[    0.441605][    T0] Last level dTLB entries: 4KB 512, 2MB 255, 4MB 127, 1GB 0
[    0.442423][    T0] mitigations: Enabled attack vectors: user_kernel, user_user, guest_host, guest_guest, SMT mitigations: auto
[    0.443722][    T0] Speculative Store Bypass: Mitigation: Speculative Store Bypass disabled via prctl
[    0.444747][    T0] Spectre V2 : Mitigation: Retpolines
[    0.445343][    T0] RETBleed: Mitigation: untrained return thunk
[    0.446020][    T0] Speculative Return Stack Overflow: Mitigation: SMT disabled
[    0.446841][    T0] Spectre V1 : Mitigation: usercopy/swapgs barriers and __user pointer sanitization
[    0.447886][    T0] Spectre V2 : Spectre v2 / SpectreRSB: Filling RSB on context switch and VMEXIT
[    0.448883][    T0] Spectre V2 : Enabling Speculation Barrier for firmware calls
[    0.449709][    T0] active return thunk: retbleed_return_thunk
[    0.450702][    T0] Spectre V2 : mitigation: Enabling conditional Indirect Branch Prediction Barrier
[    0.451757][    T0] x86/fpu: Supporting XSAVE feature 0x001: 'x87 floating point registers'
[    0.452678][    T0] x86/fpu: Supporting XSAVE feature 0x002: 'SSE registers'
[    0.453456][    T0] x86/fpu: Supporting XSAVE feature 0x004: 'AVX registers'
[    0.454236][    T0] x86/fpu: xstate_offset[2]:  576, xstate_sizes[2]:  256
[    0.455000][    T0] x86/fpu: Enabled xstate features 0x7, context size is 832 bytes, using 'compacted' format.
[    0.631267][    T0] Freeing SMP alternatives memory: 132K
[    0.631947][    T0] pid_max: default: 32768 minimum: 301
[    0.633056][    T0] landlock: Up and running.
[    0.633561][    T0] Yama: becoming mindful.
[    0.634205][    T0] TOMOYO Linux initialized
[    0.635244][    T0] AppArmor: AppArmor initialized
[    0.636865][    T0] LSM support for eBPF active
[    0.637736][    T0] Mount-cache hash table entries: 4096 (order: 3, 32768 bytes, linear)
[    0.638660][    T0] Mountpoint-cache hash table entries: 4096 (order: 3, 32768 bytes, linear)
[    0.642056][    T0] Running RCU synchronous self tests
[    0.642648][    T0] Running RCU synchronous self tests
[    0.643760][    T1] smpboot: CPU0: AMD Ryzen Threadripper PRO 3975WX 32-Cores (family: 0x17, model: 0x31, stepping: 0x0)
[    0.647077][    T1] Performance Events: Fam17h+ core perfctr, AMD PMU driver.
[    0.648003][    T1] ... version:                   0
[    0.648569][    T1] ... bit width:                 48
[    0.649142][    T1] ... generic counters:          6
[    0.649705][    T1] ... generic bitmap:            000000000000003f
[    0.650410][    T1] ... fixed-purpose counters:    0
[    0.650689][    T1] ... fixed-purpose bitmap:      0000000000000000
[    0.650689][    T1] ... value mask:                0000ffffffffffff
[    0.650689][    T1] ... max period:                00007fffffffffff
[    0.650689][    T1] ... global_ctrl mask:          000000000000003f
[    0.651144][    T1] signal: max sigframe size: 1776
[    0.651938][    T1] rcu: Hierarchical SRCU implementation.
[    0.652576][    T1] rcu: 	Max phase no-delay instances is 1000.
[    0.653680][    T1] Timer migration: 1 hierarchy levels; 8 children per group; 1 crossnode level
[    0.705531][    T1] smp: Bringing up secondary CPUs ...
[    0.710971][    T1] smpboot: x86: Booting SMP configuration:
[    0.711665][    T1] .... node  #0, CPUs:      #1
[    0.711906][    T1] smp: Brought up 1 node, 2 CPUs
[    0.711906][    T1] smpboot: Total of 2 processors activated (13973.74 BogoMIPS)
[    0.712933][    T1] Memory: 1285260K/2096632K available (171688K kernel code, 41642K rwdata, 40232K rodata, 27512K init, 121472K bss, 801020K reserved, 0K cma-reserved)
[    0.715396][    T1] devtmpfs: initialized
[    0.721369][    T1] x86/mm: Memory block size: 128MB
[    0.740844][    T1] Running RCU synchronous self tests
[    0.741482][    T1] Running RCU synchronous self tests
[    0.742244][    T1] Running RCU Tasks wait API self tests
[    0.742244][    T1] Running RCU Tasks Trace wait API self tests
[    0.790734][    T1] clocksource: jiffies: mask: 0xffffffff max_cycles: 0xffffffff, max_idle_ns: 19112604462750000 ns
[    0.791972][    T1] posixtimers hash table entries: 1024 (order: 5, 73728 bytes, linear)
[    0.792919][    T1] futex hash table entries: 512 (65536 bytes on 1 NUMA nodes, total 64 KiB, linear).
[    0.796389][    T1] PM: RTC time: 01:44:27, date: 2026-05-26
[    0.803164][    T1] NET: Registered PF_NETLINK/PF_ROUTE protocol family
[    0.805442][    T1] audit: initializing netlink subsys (disabled)
[    0.806913][   T30] audit: type=2000 audit(1779759868.284:1): state=initialized audit_enabled=0 res=1
[    0.812480][    T1] thermal_sys: Registered thermal governor 'step_wise'
[    0.812734][    T1] cpuidle: using governor menu
[    0.812734][    T1] NET: Registered PF_QIPCRTR protocol family
[    0.816712][    T1] dca service started, version 1.12.1
[    0.820698][    T1] PCI: Using configuration type 1 for base access
[    0.820698][    T1] PCI: Using configuration type 1 for extended access
[    0.831001][   T29] Callback from call_rcu_tasks_trace() invoked.
[    0.840916][    T1] HugeTLB: registered 1.00 GiB page size, pre-allocated 0 pages
[    0.842559][    T1] HugeTLB: 16380 KiB vmemmap can be freed for a 1.00 GiB page
[    0.844174][    T1] HugeTLB: registered 2.00 MiB page size, pre-allocated 0 pages
[    0.845796][    T1] HugeTLB: 28 KiB vmemmap can be freed for a 2.00 MiB page
[    0.903385][    T1] raid6: skipped pq benchmark and selected avx2x4
[    0.905026][    T1] raid6: using avx2x2 recovery algorithm
[    0.907996][    T1] ACPI: Added _OSI(Module Device)
[    0.909088][    T1] ACPI: Added _OSI(Processor Device)
[    0.910240][    T1] ACPI: Added _OSI(Processor Aggregator Device)
[    0.966157][    T1] ACPI: 1 ACPI AML tables successfully acquired and loaded
[    1.006485][    T1] ACPI: Interpreter enabled
[    1.007217][    T1] ACPI: PM: (supports S0 S3 S4 S5)
[    1.007799][    T1] ACPI: Using IOAPIC for interrupt routing
[    1.008604][    T1] PCI: Using host bridge windows from ACPI; if necessary, use "pci=nocrs" and report a bug
[    1.009707][    T1] PCI: Using E820 reservations for host bridge windows
[    1.012871][    T1] ACPI: Enabled 2 GPEs in block 00 to 0F
[    1.098233][    T1] ACPI: PCI Root Bridge [PCI0] (domain 0000 [bus 00-ff])
[    1.099104][    T1] acpi PNP0A03:00: _OSC: OS supports [ExtendedConfig ASPM ClockPM Segments MSI HPX-Type3]
[    1.102057][    T1] PCI host bridge to bus 0000:00
[    1.102782][    T1] pci_bus 0000:00: root bus resource [io  0x0000-0x0cf7 window]
[    1.103642][    T1] pci_bus 0000:00: root bus resource [io  0x0d00-0xffff window]
[    1.104499][    T1] pci_bus 0000:00: root bus resource [mem 0x000a0000-0x000bffff window]
[    1.105432][    T1] pci_bus 0000:00: root bus resource [mem 0x80000000-0xfebfffff window]
[    1.106366][    T1] pci_bus 0000:00: root bus resource [mem 0x100000000-0x17fffffff window]
[    1.107323][    T1] pci_bus 0000:00: root bus resource [bus 00-ff]
[    1.108287][    T1] pci 0000:00:00.0: [8086:1237] type 00 class 0x060000 conventional PCI endpoint
[    1.136719][    T1] pci 0000:00:01.0: [8086:7000] type 00 class 0x060100 conventional PCI endpoint
[    1.164916][    T1] pci 0000:00:01.1: [8086:7010] type 00 class 0x010180 conventional PCI endpoint
[    1.166422][    T1] pci 0000:00:01.1: BAR 4 [io  0xc000-0xc00f]
[    1.167137][    T1] pci 0000:00:01.1: BAR 0 [io  0x01f0-0x01f7]: legacy IDE quirk
[    1.167983][    T1] pci 0000:00:01.1: BAR 1 [io  0x03f6]: legacy IDE quirk
[    1.168767][    T1] pci 0000:00:01.1: BAR 2 [io  0x0170-0x0177]: legacy IDE quirk
[    1.169615][    T1] pci 0000:00:01.1: BAR 3 [io  0x0376]: legacy IDE quirk
[    1.171245][    T1] pci 0000:00:01.3: [8086:7113] type 00 class 0x068000 conventional PCI endpoint
[    1.172626][    T1] pci 0000:00:01.3: quirk: [io  0x0600-0x063f] claimed by PIIX4 ACPI
[    1.173533][    T1] pci 0000:00:01.3: quirk: [io  0x0700-0x070f] claimed by PIIX4 SMB
[    1.175257][    T1] pci 0000:00:02.0: [1234:1111] type 00 class 0x030000 conventional PCI endpoint
[    1.177686][    T1] pci 0000:00:02.0: BAR 0 [mem 0xfd000000-0xfdffffff pref]
[    1.178529][    T1] pci 0000:00:02.0: BAR 2 [mem 0xfebf0000-0xfebf0fff]
[    1.179307][    T1] pci 0000:00:02.0: ROM [mem 0xfebe0000-0xfebeffff pref]
[    1.180254][    T1] pci 0000:00:02.0: Video device with shadowed ROM at [mem 0x000c0000-0x000dffff]
[    1.214586][    T1] ACPI: PCI: Interrupt link LNKA configured for IRQ 10
[    1.217944][    T1] ACPI: PCI: Interrupt link LNKB configured for IRQ 10
[    1.221242][    T1] ACPI: PCI: Interrupt link LNKC configured for IRQ 11
[    1.224500][    T1] ACPI: PCI: Interrupt link LNKD configured for IRQ 11
[    1.226306][    T1] ACPI: PCI: Interrupt link LNKS configured for IRQ 9
[    1.250724][    T1] iommu: Default domain type: Translated
[    1.251454][    T1] iommu: DMA domain TLB invalidation policy: lazy mode
[    1.253009][    T1] SCSI subsystem initialized
[    1.271619][    T1] ACPI: bus type USB registered
[    1.272553][    T1] usbcore: registered new interface driver usbfs
[    1.273430][    T1] usbcore: registered new interface driver hub
[    1.274253][    T1] usbcore: registered new device driver usb
[    1.275840][    T1] mc: Linux media interface: v0.10
[    1.276522][    T1] videodev: Linux video capture interface: v2.00
[    1.277619][    T1] pps_core: LinuxPPS API ver. 1 registered
[    1.278273][    T1] pps_core: Software ver. 5.3.6 - Copyright 2005-2007 Rodolfo Giometti <giometti@linux.it>
[    1.279427][    T1] PTP clock support registered
[    1.290910][    T1] EDAC MC: Ver: 3.0.0
[    1.313148][    T1] Advanced Linux Sound Architecture Driver Initialized.
[    1.316961][    T1] Bluetooth: Core ver 2.22
[    1.317541][    T1] NET: Registered PF_BLUETOOTH protocol family
[    1.318230][    T1] Bluetooth: HCI device and connection manager initialized
[    1.319046][    T1] Bluetooth: HCI socket layer initialized
[    1.319688][    T1] Bluetooth: L2CAP socket layer initialized
[    1.320378][    T1] Bluetooth: SCO socket layer initialized
[    1.320733][    T1] NET: Registered PF_ATMPVC protocol family
[    1.321388][    T1] NET: Registered PF_ATMSVC protocol family
[    1.322192][    T1] NetLabel: Initializing
[    1.322666][    T1] NetLabel:  domain hash size = 128
[    1.323239][    T1] NetLabel:  protocols = UNLABELED CIPSOv4 CALIPSO
[    1.324182][    T1] NetLabel:  unlabeled traffic allowed by default
[    1.325297][    T1] nfc: nfc_init: NFC Core ver 0.1
[    1.325297][    T1] NET: Registered PF_NFC protocol family
[    1.325297][    T1] mctp: management component transport protocol core
[    1.325297][    T1] NET: Registered PF_MCTP protocol family
[    1.325297][    T1] PCI: Using ACPI for IRQ routing
[    1.330890][    T1] pci 0000:00:02.0: vgaarb: setting as boot VGA device
[    1.331674][    T1] pci 0000:00:02.0: vgaarb: bridge control possible
[    1.332403][    T1] pci 0000:00:02.0: vgaarb: VGA device added: decodes=io+mem,owns=io+mem,locks=none
[    1.333448][    T1] vgaarb: loaded
[    1.334599][    T1] hpet0: at MMIO 0xfed00000, IRQs 2, 8, 0
[    1.335255][    T1] hpet0: 3 comparators, 64-bit 100.000000 MHz counter
[    1.340464][    T1] clocksource: Switched to clocksource kvm-clock
[    1.340689][    T1] VFS: Disk quotas dquot_6.6.0
[    1.340689][    T1] VFS: Dquot-cache hash table entries: 512 (order 0, 4096 bytes)
[    1.352791][    T1] netfs: FS-Cache loaded
[    1.353849][    T1] CacheFiles: Loaded
[    1.354615][    T1] TOMOYO: 2.6.0
[    1.355027][    T1] Mandatory Access Control activated.
[    1.357541][    T1] AppArmor: AppArmor Filesystem Enabled
[    1.358362][    T1] pnp: PnP ACPI init
[    1.366402][    T1] pnp: PnP ACPI: found 6 devices
[    1.436881][    T1] clocksource: acpi_pm: mask: 0xffffff max_cycles: 0xffffff, max_idle_ns: 2085701024 ns
[    1.438456][    T1] NET: Registered PF_INET protocol family
[    1.439309][    T1] IP idents hash table entries: 32768 (order: 6, 262144 bytes, linear)
[    1.443352][    T1] tcp_listen_portaddr_hash hash table entries: 1024 (order: 5, 73728 bytes, linear)
[    1.443810][   T56] kwatchdog (56) used greatest stack depth: 28464 bytes left
[    1.444461][    T1] Table-perturb hash table entries: 65536 (order: 6, 262144 bytes, linear)
[    1.446373][    T1] TCP established hash table entries: 16384 (order: 5, 131072 bytes, linear)
[    1.448415][    T1] TCP bind hash table entries: 16384 (order: 10, 2359296 bytes, linear)
[    1.449966][    T1] TCP: Hash tables configured (established 16384 bind 16384)
[    1.451412][    T1] MPTCP token hash table entries: 2048 (order: 6, 180224 bytes, linear)
[    1.452468][    T1] UDP hash table entries: 1024 (order: 6, 262144 bytes, linear)
[    1.453408][    T1] UDP-Lite hash table entries: 1024 (order: 6, 262144 bytes, linear)
[    1.454811][    T1] NET: Registered PF_UNIX/PF_LOCAL protocol family
[    1.476869][    T1] RPC: Registered named UNIX socket transport module.
[    1.477647][    T1] RPC: Registered udp transport module.
[    1.478263][    T1] RPC: Registered tcp transport module.
[    1.478878][    T1] RPC: Registered tcp-with-tls transport module.
[    1.479580][    T1] RPC: Registered tcp NFSv4.1 backchannel transport module.
[    1.492177][    T1] NET: Registered PF_XDP protocol family
[    1.492851][    T1] pci_bus 0000:00: resource 4 [io  0x0000-0x0cf7 window]
[    1.493647][    T1] pci_bus 0000:00: resource 5 [io  0x0d00-0xffff window]
[    1.494437][    T1] pci_bus 0000:00: resource 6 [mem 0x000a0000-0x000bffff window]
[    1.495298][    T1] pci_bus 0000:00: resource 7 [mem 0x80000000-0xfebfffff window]
[    1.496164][    T1] pci_bus 0000:00: resource 8 [mem 0x100000000-0x17fffffff window]
[    1.497685][    T1] pci 0000:00:01.0: PIIX3: Enabling Passive Release
[    1.498432][    T1] pci 0000:00:00.0: Limiting direct PCI/PCI transfers
[    1.499272][    T1] PCI: CLS 0 bytes, default 64
[    1.499964][    T1] ACPI: bus type thunderbolt registered
[    1.501557][    T1] kvm_intel: VMX not supported by CPU 0
[    1.502290][    T1] kvm_amd: Nested Virtualization enabled
[    1.502941][    T1] kvm_amd: Nested Paging enabled
[    1.503525][   T40] Trying to unpack rootfs image as initramfs...
[    1.517032][    T1] clocksource: tsc: mask: 0xffffffffffffffff max_cycles: 0x325b186289d, max_idle_ns: 440795326624 ns
[    1.644465][   T40] Freeing initrd memory: 1356K
[    1.646145][   T69] kworker/u8:3 (69) used greatest stack depth: 27192 bytes left
[    5.001001][    T1] Initialise system trusted keyrings
[    5.002061][    T1] workingset: timestamp_bits=40 max_order=19 bucket_order=0
[    5.005248][    T1] DLM installed
[    5.007236][    T1] squashfs: version 4.0 (2009/01/31) Phillip Lougher
[    5.010435][    T1] NFS: Registering the id_resolver key type
[    5.011146][    T1] Key type id_resolver registered
[    5.011722][    T1] Key type id_legacy registered
[    5.012308][    T1] nfs4filelayout_init: NFSv4 File Layout Driver Registering...
[    5.013171][    T1] nfs4flexfilelayout_init: NFSv4 Flexfile Layout Driver Registering...
[    5.018668][    T1] Key type cifs.spnego registered
[    5.019324][    T1] Key type cifs.idmap registered
[    5.020580][    T1] ntfs3: Enabled Linux POSIX ACLs support
[    5.021408][    T1] ntfs3: Read-only LZX/Xpress compression included
[    5.022199][    T1] efs: 1.0a - http://aeschi.ch.eu.org/efs/
[    5.022862][    T1] jffs2: version 2.2. (NAND) (SUMMARY)  © 2001-2006 Red Hat, Inc.
[    5.024093][    T1] romfs: ROMFS MTD (C) 2007 Red Hat, Inc.
[    5.024760][    T1] QNX4 filesystem 0.2.3 registered.
[    5.025354][    T1] qnx6: QNX6 filesystem 1.0.0 registered.
[    5.026297][    T1] fuse: init (API version 7.45)
[    5.027864][    T1] orangefs_debugfs_init: called with debug mask: :none: :0:
[    5.029202][    T1] orangefs_init: module version upstream loaded
[    5.030177][    T1] JFS: nTxBlock = 8192, nTxLock = 65536
[    5.034396][    T1] SGI XFS with ACLs, security attributes, realtime, quota, no debug enabled
[    5.036832][    T1] 9p: Installing v9fs 9p2000 file system support
[    5.037703][    T1] NILFS version 2 loaded
[    5.038178][    T1] befs: version: 0.9.3
[    5.038859][    T1] ocfs2: Registered cluster interface o2cb
[    5.039946][    T1] ocfs2: Registered cluster interface user
[    5.041004][    T1] OCFS2 User DLM kernel interface loaded
[    5.049186][    T1] gfs2: GFS2 installed
[    5.052896][    T1] ceph: loaded (mds proto 32)
[    5.076571][    T1] cryptd: max_cpu_qlen set to 1000
[    5.102115][    T1] NET: Registered PF_ALG protocol family
[    5.102860][    T1] xor: automatically using best checksumming function   avx       
[    5.103749][    T1] async_tx: api initialized (async)
[    5.104336][    T1] Key type asymmetric registered
[    5.104894][    T1] Asymmetric key parser 'x509' registered
[    5.105541][    T1] Asymmetric key parser 'pkcs8' registered
[    5.106182][    T1] Key type pkcs7_test registered
[    5.107042][    T1] Block layer SCSI generic (bsg) driver version 0.4 loaded (major 239)
[    5.108428][    T1] io scheduler mq-deadline registered
[    5.109034][    T1] io scheduler kyber registered
[    5.109668][    T1] io scheduler bfq registered
[    5.113861][    T1] input: Power Button as /devices/LNXSYSTM:00/LNXPWRBN:00/input/input0
[    5.123283][    T1] ACPI: button: Power Button [PWRF]
[    5.130600][    T1] ioatdma: Intel(R) QuickData Technology Driver 5.00
[    5.262107][   T28] Callback from call_rcu_tasks() invoked.
[    5.347640][    T1] N_HDLC line discipline registered with maxframe=4096
[    5.348458][    T1] Serial: 8250/16550 driver, 4 ports, IRQ sharing enabled
[    5.351027][    T1] 00:04: ttyS0 at I/O 0x3f8 (irq = 4, base_baud = 115200) is a 16550A
[    5.364251][    T1] Non-volatile memory driver v1.3
[    5.364906][    T1] Linux agpgart interface v0.103
[    5.367573][    T1] usbcore: registered new interface driver xillyusb
[    5.368978][    T1] ACPI: bus type drm_connector registered
[    5.374690][    T1] [drm] Initialized vgem 1.0.0 for vgem on minor 0
[    5.379574][    T1] [drm] Initialized vkms 1.0.0 for vkms on minor 1
[    5.465841][    T1] Console: switching to colour frame buffer device 128x48
[    5.515450][    T1] faux_driver vkms: [drm] fb0: vkmsdrmfb frame buffer device
[    5.517497][    T1] usbcore: registered new interface driver udl
[    5.520149][    T1] bochs-drm 0000:00:02.0: vgaarb: deactivate vga console
[    5.524399][    T1] [drm] Found bochs VGA, ID 0xb0c5.
[    5.524418][    T1] [drm] Framebuffer size 16384 kB @ 0xfd000000, mmio @ 0xfebf0000.
[    5.534527][    T1] [drm] Initialized bochs-drm 1.0.0 for 0000:00:02.0 on minor 2
[    5.561474][    T1] fbcon: bochs-drmdrmfb (fb1) is primary device
[    5.561487][    T1] fbcon: Remapping primary device, fb1, to tty 1-63
[   10.608136][    T1] bochs-drm 0000:00:02.0: [drm] fb1: bochs-drmdrmfb frame buffer device
[   10.611871][    T1] usbcore: registered new interface driver gm12u320
[   10.613813][    T1] usbcore: registered new interface driver gud
[   10.676361][    T1] brd: module loaded
[   10.730519][    T1] loop: module loaded
[   10.979950][    T1] zram: Added device: zram0
[   10.992976][    T1] null_blk: disk nullb0 created
[   10.994227][    T1] null_blk: module loaded
[   10.996736][    T1] Guest personality initialized and is inactive
[   10.999051][    T1] VMCI host device registered (name=vmci, major=10, minor=266)
[   11.000858][    T1] Initialized host personality
[   11.002708][    T1] usbcore: registered new interface driver rtsx_usb
[   11.006626][    T1] usbcore: registered new interface driver viperboard
[   11.009198][    T1] usbcore: registered new interface driver dln2
[   11.011838][    T1] usbcore: registered new interface driver pn533_usb
[   11.017418][    T1] nfcsim 0.2 initialized
[   11.018075][    T1] usbcore: registered new interface driver port100
[   11.019032][    T1] usbcore: registered new interface driver nfcmrvl
[   11.023290][    T1] Loading iSCSI transport class v2.0-870.
[   11.030141][    T1] st: Version 20160209, fixed bufsize 32768, s/g segs 256
[   11.068872][    T1] scsi host0: ata_piix
[   11.073274][    T1] scsi host1: ata_piix
[   11.074686][    T1] ata1: PATA max MWDMA2 cmd 0x1f0 ctl 0x3f6 bmdma 0xc000 irq 14 lpm-pol 0
[   11.075692][    T1] ata2: PATA max MWDMA2 cmd 0x170 ctl 0x376 bmdma 0xc008 irq 15 lpm-pol 0
[   11.080012][    T1] Rounding down aligned max_sectors from 4294967295 to 4294967288
[   11.081577][    T1] db_root: cannot open: /etc/target
[   11.083302][    T1] slram: not enough parameters.
[   11.086689][    T1] ftl_cs: FTL header not found.
[   11.110635][    T1] wireguard: WireGuard 1.0.0 loaded. See www.wireguard.com for information.
[   11.112092][    T1] wireguard: Copyright (C) 2015-2019 Jason A. Donenfeld <Jason@zx2c4.com>. All Rights Reserved.
[   11.113611][    T1] eql: Equalizer2002: Simon Janes (simon@ncm.com) and David S. Miller (davem@redhat.com)
[   11.120608][    T1] MACsec IEEE 802.1AE
[   11.129868][    T1] usbcore: registered new interface driver mvusb_mdio
[   11.131281][    T1] tun: Universal TUN/TAP device driver, 1.6
[   11.140240][    T1] vcan: Virtual CAN interface driver
[   11.141606][    T1] vxcan: Virtual CAN Tunnel driver
[   11.142189][    T1] slcan: serial line CAN interface driver
[   11.142839][    T1] CAN device driver interface
[   11.143583][    T1] usbcore: registered new interface driver usb_8dev
[   11.144568][    T1] usbcore: registered new interface driver ems_usb
[   11.145552][    T1] usbcore: registered new interface driver esd_usb
[   11.146549][    T1] usbcore: registered new interface driver etas_es58x
[   11.147561][    T1] usbcore: registered new interface driver f81604
[   11.148518][    T1] usbcore: registered new interface driver gs_usb
[   11.149478][    T1] usbcore: registered new interface driver kvaser_usb
[   11.150477][    T1] usbcore: registered new interface driver mcba_usb
[   11.151516][    T1] usbcore: registered new interface driver peak_usb
[   11.152427][    T1] usbcore: registered new interface driver ucan
[   11.153383][    T1] e100: Intel(R) PRO/100 Network Driver
[   11.154001][    T1] e100: Copyright(c) 1999-2006 Intel Corporation
[   11.154882][    T1] e1000: Intel(R) PRO/1000 Network Driver
[   11.155522][    T1] e1000: Copyright (c) 1999-2006 Intel Corporation.
[   11.156445][    T1] e1000e: Intel(R) PRO/1000 Network Driver
[   11.157079][    T1] e1000e: Copyright(c) 1999 - 2015 Intel Corporation.
[   11.158459][    T1] mkiss: AX.25 Multikiss, Hans Albas PE1AYX
[   11.159127][    T1] AX.25: bpqether driver version 004
[   11.159711][    T1] PPP generic driver version 2.4.2
[   11.160721][    T1] PPP BSD Compression module registered
[   11.161375][    T1] PPP Deflate Compression module registered
[   11.162025][    T1] PPP MPPE Compression module registered
[   11.162644][    T1] NET: Registered PF_PPPOX protocol family
[   11.163309][    T1] PPTP driver version 0.8.5
[   11.164067][    T1] SLIP: version 0.8.4-NET3.019-NEWTTY (dynamic channels, max=256) (6 bit encapsulation enabled).
[   11.165211][    T1] CSLIP: code copyright 1989 Regents of the University of California.
[   11.166097][    T1] SLIP linefill/keepalive option.
[   11.166654][    T1] hdlc: HDLC support module revision 1.22
[   11.167287][    T1] LAPB Ethernet driver version 0.02
[   11.168334][    T1] usbcore: registered new interface driver ath9k_htc
[   11.169244][    T1] usbcore: registered new interface driver carl9170
[   11.170142][    T1] usbcore: registered new interface driver ath6kl_usb
[   11.171179][    T1] usbcore: registered new interface driver ar5523
[   11.172254][    T1] usbcore: registered new interface driver ath10k_usb
[   11.173184][    T1] usbcore: registered new interface driver plfxlc
[   11.174029][    T1] mac80211_hwsim: initializing netlink
[   11.187887][    T1] usbcore: registered new interface driver atusb
[   11.206973][    T1] mac802154_hwsim mac802154_hwsim: Added 2 mac802154 hwsim hardware radios
[   11.208206][    T1] VMware vmxnet3 virtual NIC driver - version 1.9.0.0-k-NAPI
[   11.209364][    T1] usbcore: registered new interface driver catc
[   11.210213][    T1] usbcore: registered new interface driver kaweth
[   11.211094][    T1] pegasus: Pegasus/Pegasus II USB Ethernet driver
[   11.212015][    T1] usbcore: registered new interface driver pegasus
[   11.212911][    T1] usbcore: registered new interface driver rtl8150
[   11.213713][    T1] usbcore: registered new device driver r8152-cfgselector
[   11.214681][    T1] usbcore: registered new interface driver r8152
[   11.215602][    T1] usbcore: registered new interface driver hso
[   11.216447][    T1] usbcore: registered new interface driver lan78xx
[   11.217331][    T1] usbcore: registered new interface driver asix
[   11.218206][    T1] usbcore: registered new interface driver ax88179_178a
[   11.219198][    T1] usbcore: registered new interface driver cdc_ether
[   11.220110][    T1] usbcore: registered new interface driver cdc_eem
[   11.221254][    T1] usbcore: registered new interface driver dm9601
[   11.222278][    T1] usbcore: registered new interface driver sr9700
[   11.223155][    T1] usbcore: registered new interface driver CoreChips
[   11.224065][    T1] usbcore: registered new interface driver smsc75xx
[   11.224952][    T1] usbcore: registered new interface driver smsc95xx
[   11.225842][    T1] usbcore: registered new interface driver gl620a
[   11.226725][    T1] usbcore: registered new interface driver net1080
[   11.227621][    T1] usbcore: registered new interface driver plusb
[   11.228485][    T1] usbcore: registered new interface driver rndis_host
[   11.229397][    T1] usbcore: registered new interface driver cdc_subset
[   11.230307][    T1] usbcore: registered new interface driver zaurus
[   11.231144][ T1014] ata2: found unknown device (class 0)
[   11.232190][    T1] usbcore: registered new interface driver MOSCHIP usb-ethernet driver
[   11.233290][    T1] usbcore: registered new interface driver int51x1
[   11.234173][    T1] usbcore: registered new interface driver cdc_phonet
[   11.235096][    T1] usbcore: registered new interface driver kalmia
[   11.235984][    T1] usbcore: registered new interface driver ipheth
[   11.236848][    T1] usbcore: registered new interface driver sierra_net
[   11.237766][    T1] usbcore: registered new interface driver cx82310_eth
[   11.238693][    T1] usbcore: registered new interface driver cdc_ncm
[   11.239588][    T1] usbcore: registered new interface driver huawei_cdc_ncm
[   11.240540][    T1] usbcore: registered new interface driver lg-vl600
[   11.241633][    T1] usbcore: registered new interface driver qmi_wwan
[   11.242035][ T1014] ata2.00: ATAPI: QEMU DVD-ROM, 2.5+, max UDMA/100
[   11.242556][    T1] usbcore: registered new interface driver cdc_mbim
[   11.244092][    T1] usbcore: registered new interface driver ch9200
[   11.245061][    T1] usbcore: registered new interface driver aqc111
[   11.245941][    T1] usbcore: registered new interface driver r8153_ecm
[   11.248746][    T1] VFIO - User Level meta-driver version: 0.3
[   11.251969][    T1] aoe: AoE v85 initialised.
[   11.258847][   T12] scsi 1:0:0:0: CD-ROM            QEMU     QEMU DVD-ROM     2.5+ PQ: 0 ANSI: 5
[   11.259385][    T1] usbcore: registered new interface driver cdc_acm
[   11.260702][    T1] cdc_acm: USB Abstract Control Model driver for USB modems and ISDN adapters
[   11.262628][    T1] usbcore: registered new interface driver usblp
[   11.263523][    T1] usbcore: registered new interface driver cdc_wdm
[   11.264414][    T1] usbcore: registered new interface driver usbtmc
[   11.265851][    T1] usbcore: registered new interface driver uas
[   11.267216][    T1] usbcore: registered new interface driver usb-storage
[   11.268140][    T1] usbcore: registered new interface driver ums-alauda
[   11.269078][    T1] usbcore: registered new interface driver ums-cypress
[   11.269995][    T1] usbcore: registered new interface driver ums-datafab
[   11.270939][    T1] usbcore: registered new interface driver ums_eneub6250
[   11.271889][    T1] usbcore: registered new interface driver ums-freecom
[   11.272803][    T1] usbcore: registered new interface driver ums-isd200
[   11.273698][    T1] usbcore: registered new interface driver ums-jumpshot
[   11.274623][    T1] usbcore: registered new interface driver ums-karma
[   11.275523][    T1] usbcore: registered new interface driver ums-onetouch
[   11.276450][    T1] usbcore: registered new interface driver ums-realtek
[   11.277360][    T1] usbcore: registered new interface driver ums-sddr09
[   11.278266][    T1] usbcore: registered new interface driver ums-sddr55
[   11.279163][    T1] usbcore: registered new interface driver ums-usbat
[   11.280119][    T1] usbcore: registered new interface driver mdc800
[   11.280915][    T1] mdc800: v0.7.5 (30/10/2000):USB Driver for Mustek MDC800 Digital Camera
[   11.282162][    T1] usbcore: registered new interface driver microtekX6
[   11.283237][    T1] usbcore: registered new interface driver usbserial_generic
[   11.284236][    T1] usbserial: USB Serial support registered for generic
[   11.285151][    T1] usbcore: registered new interface driver aircable
[   11.285951][    T1] usbserial: USB Serial support registered for aircable
[   11.286842][    T1] usbcore: registered new interface driver ark3116
[   11.287634][    T1] usbserial: USB Serial support registered for ark3116
[   11.288509][    T1] usbcore: registered new interface driver belkin_sa
[   11.289313][    T1] usbserial: USB Serial support registered for Belkin / Peracom / GoHubs USB Serial Adapter
[   11.290541][    T1] usbcore: registered new interface driver ch341
[   11.291342][    T1] usbserial: USB Serial support registered for ch341-uart
[   11.292262][    T1] usbcore: registered new interface driver cp210x
[   11.293075][    T1] usbserial: USB Serial support registered for cp210x
[   11.293946][    T1] usbcore: registered new interface driver cyberjack
[   11.294754][    T1] usbserial: USB Serial support registered for Reiner SCT Cyberjack USB card reader
[   11.295909][    T1] usbcore: registered new interface driver cypress_m8
[   11.296731][    T1] usbserial: USB Serial support registered for DeLorme Earthmate USB
[   11.297693][    T1] usbserial: USB Serial support registered for HID->COM RS232 Adapter
[   11.298662][    T1] usbserial: USB Serial support registered for Nokia CA-42 V2 Adapter
[   11.299689][    T1] usbcore: registered new interface driver usb_debug
[   11.300494][    T1] usbserial: USB Serial support registered for debug
[   11.301702][    T1] usbserial: USB Serial support registered for xhci_dbc
[   11.302766][    T1] usbcore: registered new interface driver digi_acceleport
[   11.303649][    T1] usbserial: USB Serial support registered for Digi 2 port USB adapter
[   11.304617][    T1] usbserial: USB Serial support registered for Digi 4 port USB adapter
[   11.305647][    T1] usbcore: registered new interface driver io_edgeport
[   11.306616][    T1] usbserial: USB Serial support registered for Edgeport 2 port adapter
[   11.307897][    T1] usbserial: USB Serial support registered for Edgeport 4 port adapter
[   11.309069][    T1] usbserial: USB Serial support registered for Edgeport 8 port adapter
[   11.310053][    T1] usbserial: USB Serial support registered for EPiC device
[   11.311030][    T1] usbcore: registered new interface driver io_ti
[   11.311811][    T1] usbserial: USB Serial support registered for Edgeport TI 1 port adapter
[   11.312817][    T1] usbserial: USB Serial support registered for Edgeport TI 2 port adapter
[   11.313878][    T1] usbcore: registered new interface driver empeg
[   11.314645][    T1] usbserial: USB Serial support registered for empeg
[   11.315584][    T1] usbcore: registered new interface driver f81534a_ctrl
[   11.316481][    T1] usbcore: registered new interface driver f81232
[   11.317268][    T1] usbserial: USB Serial support registered for f81232
[   11.318085][    T1] usbserial: USB Serial support registered for f81534a
[   11.318961][    T1] usbcore: registered new interface driver f81534
[   11.319753][    T1] usbserial: USB Serial support registered for Fintek F81532/F81534
[   11.320754][    T1] usbcore: registered new interface driver ftdi_sio
[   11.321614][    T1] usbserial: USB Serial support registered for FTDI USB Serial Device
[   11.322634][    T1] usbcore: registered new interface driver garmin_gps
[   11.323448][    T1] usbserial: USB Serial support registered for Garmin GPS usb/tty
[   11.324447][    T1] usbcore: registered new interface driver ipaq
[   11.325209][    T1] usbserial: USB Serial support registered for PocketPC PDA
[   11.326149][    T1] usbcore: registered new interface driver ipw
[   11.326900][    T1] usbserial: USB Serial support registered for IPWireless converter
[   11.327910][    T1] usbcore: registered new interface driver ir_usb
[   11.328692][    T1] usbserial: USB Serial support registered for IR Dongle
[   11.329587][    T1] usbcore: registered new interface driver iuu_phoenix
[   11.330411][    T1] usbserial: USB Serial support registered for iuu_phoenix
[   11.331550][    T1] usbcore: registered new interface driver keyspan
[   11.332337][    T1] usbserial: USB Serial support registered for Keyspan - (without firmware)
[   11.333353][    T1] usbserial: USB Serial support registered for Keyspan 1 port adapter
[   11.334325][    T1] usbserial: USB Serial support registered for Keyspan 2 port adapter
[   11.335298][    T1] usbserial: USB Serial support registered for Keyspan 4 port adapter
[   11.336324][    T1] usbcore: registered new interface driver keyspan_pda
[   11.337150][    T1] usbserial: USB Serial support registered for Keyspan PDA
[   11.338012][    T1] usbserial: USB Serial support registered for Keyspan PDA - (prerenumeration)
[   11.339115][    T1] usbcore: registered new interface driver kl5kusb105
[   11.339933][    T1] usbserial: USB Serial support registered for KL5KUSB105D / PalmConnect
[   11.341008][    T1] usbcore: registered new interface driver kobil_sct
[   11.341813][    T1] usbserial: USB Serial support registered for KOBIL USB smart card terminal
[   11.342898][    T1] usbcore: registered new interface driver mct_u232
[   11.343697][    T1] usbserial: USB Serial support registered for MCT U232
[   11.344581][    T1] usbcore: registered new interface driver metro_usb
[   11.345392][    T1] usbserial: USB Serial support registered for Metrologic USB to Serial
[   11.346430][    T1] usbcore: registered new interface driver mos7720
[   11.347216][    T1] usbserial: USB Serial support registered for Moschip 2 port adapter
[   11.348243][    T1] usbcore: registered new interface driver mos7840
[   11.349196][    T1] usbserial: USB Serial support registered for Moschip 7840/7820 USB Serial Driver
[   11.350339][    T1] usbcore: registered new interface driver mxuport
[   11.351142][    T1] usbserial: USB Serial support registered for MOXA UPort
[   11.352059][    T1] usbcore: registered new interface driver navman
[   11.352844][    T1] usbserial: USB Serial support registered for navman
[   11.353720][    T1] usbcore: registered new interface driver omninet
[   11.354509][    T1] usbserial: USB Serial support registered for ZyXEL - omni.net usb
[   11.355521][    T1] usbcore: registered new interface driver opticon
[   11.356321][    T1] usbserial: USB Serial support registered for opticon
[   11.357199][    T1] usbcore: registered new interface driver option
[   11.357979][    T1] usbserial: USB Serial support registered for GSM modem (1-port)
[   11.358961][    T1] usbcore: registered new interface driver oti6858
[   11.359761][    T1] usbserial: USB Serial support registered for oti6858
[   11.360642][    T1] usbcore: registered new interface driver pl2303
[   11.361440][    T1] usbserial: USB Serial support registered for pl2303
[   11.362320][    T1] usbcore: registered new interface driver qcaux
[   11.363096][    T1] usbserial: USB Serial support registered for qcaux
[   11.363977][    T1] usbcore: registered new interface driver qcserial
[   11.364789][    T1] usbserial: USB Serial support registered for Qualcomm USB modem
[   11.365792][    T1] usbcore: registered new interface driver quatech2
[   11.366687][    T1] usbserial: USB Serial support registered for Quatech 2nd gen USB to Serial Driver
[   11.367859][    T1] usbcore: registered new interface driver safe_serial
[   11.368777][    T1] usbserial: USB Serial support registered for safe_serial
[   11.369701][    T1] usbcore: registered new interface driver sierra
[   11.370491][    T1] usbserial: USB Serial support registered for Sierra USB modem
[   11.371487][    T1] usbcore: registered new interface driver usb_serial_simple
[   11.372392][    T1] usbserial: USB Serial support registered for carelink
[   11.373246][    T1] usbserial: USB Serial support registered for flashloader
[   11.374120][    T1] usbserial: USB Serial support registered for funsoft
[   11.374949][    T1] usbserial: USB Serial support registered for google
[   11.375786][    T1] usbserial: USB Serial support registered for hp4x
[   11.376595][    T1] usbserial: USB Serial support registered for kaufmann
[   11.377449][    T1] usbserial: USB Serial support registered for libtransistor
[   11.378355][    T1] usbserial: USB Serial support registered for moto_modem
[   11.379227][    T1] usbserial: USB Serial support registered for motorola_tetra
[   11.380134][    T1] usbserial: USB Serial support registered for nokia
[   11.381036][    T1] usbserial: USB Serial support registered for novatel_gps
[   11.381919][    T1] usbserial: USB Serial support registered for owon
[   11.382802][    T1] usbserial: USB Serial support registered for siemens_mpi
[   11.383698][    T1] usbserial: USB Serial support registered for suunto
[   11.384532][    T1] usbserial: USB Serial support registered for vivopay
[   11.385378][    T1] usbserial: USB Serial support registered for zio
[   11.386241][    T1] usbcore: registered new interface driver spcp8x5
[   11.387059][    T1] usbserial: USB Serial support registered for SPCP8x5
[   11.387977][    T1] usbcore: registered new interface driver ssu100
[   11.388777][    T1] usbserial: USB Serial support registered for Quatech SSU-100 USB to Serial Driver
[   11.389952][    T1] usbcore: registered new interface driver symbolserial
[   11.390820][    T1] usbserial: USB Serial support registered for symbol
[   11.391700][    T1] usbcore: registered new interface driver ti_usb_3410_5052
[   11.392604][    T1] usbserial: USB Serial support registered for TI USB 3410 1 port adapter
[   11.393626][    T1] usbserial: USB Serial support registered for TI USB 5052 2 port adapter
[   11.394705][    T1] usbcore: registered new interface driver upd78f0730
[   11.395605][    T1] usbserial: USB Serial support registered for upd78f0730
[   11.396538][    T1] usbcore: registered new interface driver visor
[   11.397394][    T1] usbserial: USB Serial support registered for Handspring Visor / Palm OS
[   11.398421][    T1] usbserial: USB Serial support registered for Sony Clie 5.0
[   11.399309][    T1] usbserial: USB Serial support registered for Sony Clie 3.5
[   11.400266][    T1] usbcore: registered new interface driver wishbone_serial
[   11.401165][    T1] usbserial: USB Serial support registered for wishbone_serial
[   11.402146][    T1] usbcore: registered new interface driver whiteheat
[   11.402968][    T1] usbserial: USB Serial support registered for Connect Tech - WhiteHEAT - (prerenumeration)
[   11.404173][    T1] usbserial: USB Serial support registered for Connect Tech - WhiteHEAT
[   11.405217][    T1] usbcore: registered new interface driver xr_serial
[   11.406040][    T1] usbserial: USB Serial support registered for xr_serial
[   11.406947][    T1] usbcore: registered new interface driver xsens_mt
[   11.407763][    T1] usbserial: USB Serial support registered for xsens_mt
[   11.408730][    T1] usbcore: registered new interface driver adutux
[   11.409639][    T1] usbcore: registered new interface driver appledisplay
[   11.410675][    T1] usbcore: registered new interface driver cypress_cy7c63
[   11.411740][    T1] usbcore: registered new interface driver cytherm
[   11.412708][    T1] usbcore: registered new interface driver emi26 - firmware loader
[   11.413810][    T1] usbcore: registered new interface driver emi62 - firmware loader
[   11.414787][    T1] usbcore: registered new device driver apple-mfi-fastcharge
[   11.415825][    T1] usbcore: registered new interface driver ljca
[   11.416855][    T1] usbcore: registered new interface driver idmouse
[   11.417759][    T1] usbcore: registered new interface driver iowarrior
[   11.418814][    T1] usbcore: registered new interface driver isight_firmware
[   11.419805][    T1] usbcore: registered new interface driver usblcd
[   11.420698][    T1] usbcore: registered new interface driver ldusb
[   11.421614][    T1] usbcore: registered new interface driver legousbtower
[   11.422578][    T1] usbcore: registered new interface driver usbtest
[   11.423499][    T1] usbcore: registered new interface driver usb_ehset_test
[   11.424559][    T1] usbcore: registered new interface driver trancevibrator
[   11.425557][    T1] usbcore: registered new interface driver uss720
[   11.426292][    T1] uss720: USB Parport Cable driver for Cables using the Lucent Technologies USS720 Chip
[   11.427376][    T1] uss720: NOTE: this is a special purpose driver to allow nonstandard
[   11.428294][    T1] uss720: protocols (eg. bitbang) over USS720 usb to parallel cables
[   11.429186][    T1] uss720: If you just want to connect to a printer, use usblp instead
[   11.430286][    T1] usbcore: registered new interface driver usbsevseg
[   11.431726][    T1] usbcore: registered new interface driver yurex
[   11.432650][   T12] sr 1:0:0:0: [sr0] scsi3-mmc drive: 4x/4x cd/rw xa/form2 tray
[   11.433237][    T1] usbcore: registered new interface driver chaoskey
[   11.434459][    T1] usbcore: registered new interface driver sisusb
[   11.435358][    T1] usbcore: registered new interface driver lvs
[   11.436298][    T1] usbcore: registered new interface driver cxacru
[   11.437416][    T1] usbcore: registered new interface driver speedtch
[   11.438333][    T1] usbcore: registered new interface driver ueagle-atm
[   11.439120][    T1] xusbatm: malformed module parameters
[   11.441351][   T12] cdrom: Uniform CD-ROM driver Revision: 3.20
[   11.441711][    T1] dummy_hcd dummy_hcd.0: USB Host+Gadget Emulator, driver 02 May 2005
[   11.443602][    T1] dummy_hcd dummy_hcd.0: Dummy host controller
[   11.445229][    T1] dummy_hcd dummy_hcd.0: new USB bus registered, assigned bus number 1
[   11.447180][    T1] usb usb1: New USB device found, idVendor=1d6b, idProduct=0002, bcdDevice= 6.18
[   11.448237][    T1] usb usb1: New USB device strings: Mfr=3, Product=2, SerialNumber=1
[   11.449165][    T1] usb usb1: Product: Dummy host controller
[   11.449821][    T1] usb usb1: Manufacturer: Linux 6.18.0-12358-gdd7a88da9bea-dirty dummy_hcd
[   11.450818][    T1] usb usb1: SerialNumber: dummy_hcd.0
[   11.453899][    T1] hub 1-0:1.0: USB hub found
[   11.454747][    T1] hub 1-0:1.0: 1 port detected
[   11.460448][    T1] SPI driver max3420-udc has no spi_device_id for maxim,max3421-udc
[   11.462226][    T1] gadgetfs: USB Gadget filesystem, version 24 Aug 2004
[   11.474138][    T1] vhci_hcd vhci_hcd.0: USB/IP Virtual Host Controller
[   11.475591][    T1] vhci_hcd vhci_hcd.0: new USB bus registered, assigned bus number 2
[   11.476929][    T1] vhci_hcd vhci_hcd.0: created sysfs vhci_hcd.0
[   11.478311][    T1] usb usb2: New USB device found, idVendor=1d6b, idProduct=0002, bcdDevice= 6.18
[   11.479354][    T1] usb usb2: New USB device strings: Mfr=3, Product=2, SerialNumber=1
[   11.480266][    T1] usb usb2: Product: USB/IP Virtual Host Controller
[   11.483536][    T1] usb usb2: Manufacturer: Linux 6.18.0-12358-gdd7a88da9bea-dirty vhci_hcd
[   11.485151][    T1] usb usb2: SerialNumber: vhci_hcd.0
[   11.488076][    T1] hub 2-0:1.0: USB hub found
[   11.488800][    T1] hub 2-0:1.0: 8 ports detected
[   11.492979][   T12] sr 1:0:0:0: Attached scsi generic sg0 type 5
[   11.495919][    T1] vhci_hcd vhci_hcd.0: USB/IP Virtual Host Controller
[   11.497908][    T1] vhci_hcd vhci_hcd.0: new USB bus registered, assigned bus number 3
[   11.499129][    T1] usb usb3: We don't know the algorithms for LPM for this host, disabling LPM.
[   11.500726][    T1] usb usb3: New USB device found, idVendor=1d6b, idProduct=0003, bcdDevice= 6.18
[   11.501773][    T1] usb usb3: New USB device strings: Mfr=3, Product=2, SerialNumber=1
[   11.502681][    T1] usb usb3: Product: USB/IP Virtual Host Controller
[   11.503425][    T1] usb usb3: Manufacturer: Linux 6.18.0-12358-gdd7a88da9bea-dirty vhci_hcd
[   11.504399][    T1] usb usb3: SerialNumber: vhci_hcd.0
[   11.507103][    T1] hub 3-0:1.0: USB hub found
[   11.507787][    T1] hub 3-0:1.0: 8 ports detected
[   11.516224][    T1] vhci_hcd vhci_hcd.1: USB/IP Virtual Host Controller
[   11.517607][    T1] vhci_hcd vhci_hcd.1: new USB bus registered, assigned bus number 4
[   11.519191][    T1] usb usb4: New USB device found, idVendor=1d6b, idProduct=0002, bcdDevice= 6.18
[   11.520224][    T1] usb usb4: New USB device strings: Mfr=3, Product=2, SerialNumber=1
[   11.521711][    T1] usb usb4: Product: USB/IP Virtual Host Controller
[   11.522455][    T1] usb usb4: Manufacturer: Linux 6.18.0-12358-gdd7a88da9bea-dirty vhci_hcd
[   11.523408][    T1] usb usb4: SerialNumber: vhci_hcd.1
[   11.526041][    T1] hub 4-0:1.0: USB hub found
[   11.526714][    T1] hub 4-0:1.0: 8 ports detected
[   11.533167][    T1] vhci_hcd vhci_hcd.1: USB/IP Virtual Host Controller
[   11.534454][    T1] vhci_hcd vhci_hcd.1: new USB bus registered, assigned bus number 5
[   11.535706][    T1] usb usb5: We don't know the algorithms for LPM for this host, disabling LPM.
[   11.537257][    T1] usb usb5: New USB device found, idVendor=1d6b, idProduct=0003, bcdDevice= 6.18
[   11.538279][    T1] usb usb5: New USB device strings: Mfr=3, Product=2, SerialNumber=1
[   11.539196][    T1] usb usb5: Product: USB/IP Virtual Host Controller
[   11.539935][    T1] usb usb5: Manufacturer: Linux 6.18.0-12358-gdd7a88da9bea-dirty vhci_hcd
[   11.542510][    T1] usb usb5: SerialNumber: vhci_hcd.1
[   11.544975][    T1] hub 5-0:1.0: USB hub found
[   11.545645][    T1] hub 5-0:1.0: 8 ports detected
[   11.552680][    T1] vhci_hcd vhci_hcd.2: USB/IP Virtual Host Controller
[   11.554323][    T1] vhci_hcd vhci_hcd.2: new USB bus registered, assigned bus number 6
[   11.555905][    T1] usb usb6: New USB device found, idVendor=1d6b, idProduct=0002, bcdDevice= 6.18
[   11.556928][    T1] usb usb6: New USB device strings: Mfr=3, Product=2, SerialNumber=1
[   11.557836][    T1] usb usb6: Product: USB/IP Virtual Host Controller
[   11.558574][    T1] usb usb6: Manufacturer: Linux 6.18.0-12358-gdd7a88da9bea-dirty vhci_hcd
[   11.559527][    T1] usb usb6: SerialNumber: vhci_hcd.2
[   11.562492][    T1] hub 6-0:1.0: USB hub found
[   11.563168][    T1] hub 6-0:1.0: 8 ports detected
[   11.569519][    T1] vhci_hcd vhci_hcd.2: USB/IP Virtual Host Controller
[   11.570860][    T1] vhci_hcd vhci_hcd.2: new USB bus registered, assigned bus number 7
[   11.572032][    T1] usb usb7: We don't know the algorithms for LPM for this host, disabling LPM.
[   11.573588][    T1] usb usb7: New USB device found, idVendor=1d6b, idProduct=0003, bcdDevice= 6.18
[   11.574610][    T1] usb usb7: New USB device strings: Mfr=3, Product=2, SerialNumber=1
[   11.575516][    T1] usb usb7: Product: USB/IP Virtual Host Controller
[   11.576254][    T1] usb usb7: Manufacturer: Linux 6.18.0-12358-gdd7a88da9bea-dirty vhci_hcd
[   11.577202][    T1] usb usb7: SerialNumber: vhci_hcd.2
[   11.579732][    T1] hub 7-0:1.0: USB hub found
[   11.580400][    T1] hub 7-0:1.0: 8 ports detected
[   11.588581][    T1] vhci_hcd vhci_hcd.3: USB/IP Virtual Host Controller
[   11.589926][    T1] vhci_hcd vhci_hcd.3: new USB bus registered, assigned bus number 8
[   11.591526][    T1] usb usb8: New USB device found, idVendor=1d6b, idProduct=0002, bcdDevice= 6.18
[   11.592568][    T1] usb usb8: New USB device strings: Mfr=3, Product=2, SerialNumber=1
[   11.593477][    T1] usb usb8: Product: USB/IP Virtual Host Controller
[   11.594215][    T1] usb usb8: Manufacturer: Linux 6.18.0-12358-gdd7a88da9bea-dirty vhci_hcd
[   11.595161][    T1] usb usb8: SerialNumber: vhci_hcd.3
[   11.597706][    T1] hub 8-0:1.0: USB hub found
[   11.598372][    T1] hub 8-0:1.0: 8 ports detected
[   11.605285][    T1] vhci_hcd vhci_hcd.3: USB/IP Virtual Host Controller
[   11.606615][    T1] vhci_hcd vhci_hcd.3: new USB bus registered, assigned bus number 9
[   11.607791][    T1] usb usb9: We don't know the algorithms for LPM for this host, disabling LPM.
[   11.609333][    T1] usb usb9: New USB device found, idVendor=1d6b, idProduct=0003, bcdDevice= 6.18
[   11.610359][    T1] usb usb9: New USB device strings: Mfr=3, Product=2, SerialNumber=1
[   11.611286][    T1] usb usb9: Product: USB/IP Virtual Host Controller
[   11.612029][    T1] usb usb9: Manufacturer: Linux 6.18.0-12358-gdd7a88da9bea-dirty vhci_hcd
[   11.612977][    T1] usb usb9: SerialNumber: vhci_hcd.3
[   11.615538][    T1] hub 9-0:1.0: USB hub found
[   11.616203][    T1] hub 9-0:1.0: 8 ports detected
[   11.624003][    T1] vhci_hcd vhci_hcd.4: USB/IP Virtual Host Controller
[   11.625404][    T1] vhci_hcd vhci_hcd.4: new USB bus registered, assigned bus number 10
[   11.626976][    T1] usb usb10: New USB device found, idVendor=1d6b, idProduct=0002, bcdDevice= 6.18
[   11.628023][    T1] usb usb10: New USB device strings: Mfr=3, Product=2, SerialNumber=1
[   11.628930][    T1] usb usb10: Product: USB/IP Virtual Host Controller
[   11.629679][    T1] usb usb10: Manufacturer: Linux 6.18.0-12358-gdd7a88da9bea-dirty vhci_hcd
[   11.630632][    T1] usb usb10: SerialNumber: vhci_hcd.4
[   11.633259][    T1] hub 10-0:1.0: USB hub found
[   11.633932][    T1] hub 10-0:1.0: 8 ports detected
[   11.640696][    T1] vhci_hcd vhci_hcd.4: USB/IP Virtual Host Controller
[   11.642043][    T1] vhci_hcd vhci_hcd.4: new USB bus registered, assigned bus number 11
[   11.643217][    T1] usb usb11: We don't know the algorithms for LPM for this host, disabling LPM.
[   11.644790][    T1] usb usb11: New USB device found, idVendor=1d6b, idProduct=0003, bcdDevice= 6.18
[   11.645850][    T1] usb usb11: New USB device strings: Mfr=3, Product=2, SerialNumber=1
[   11.646758][    T1] usb usb11: Product: USB/IP Virtual Host Controller
[   11.647507][    T1] usb usb11: Manufacturer: Linux 6.18.0-12358-gdd7a88da9bea-dirty vhci_hcd
[   11.648461][    T1] usb usb11: SerialNumber: vhci_hcd.4
[   11.651100][    T1] hub 11-0:1.0: USB hub found
[   11.651844][    T1] hub 11-0:1.0: 8 ports detected
[   11.659073][    T1] vhci_hcd vhci_hcd.5: USB/IP Virtual Host Controller
[   11.660541][    T1] vhci_hcd vhci_hcd.5: new USB bus registered, assigned bus number 12
[   11.662133][    T1] usb usb12: New USB device found, idVendor=1d6b, idProduct=0002, bcdDevice= 6.18
[   11.663172][    T1] usb usb12: New USB device strings: Mfr=3, Product=2, SerialNumber=1
[   11.664087][    T1] usb usb12: Product: USB/IP Virtual Host Controller
[   11.664830][    T1] usb usb12: Manufacturer: Linux 6.18.0-12358-gdd7a88da9bea-dirty vhci_hcd
[   11.665785][    T1] usb usb12: SerialNumber: vhci_hcd.5
[   11.668340][    T1] hub 12-0:1.0: USB hub found
[   11.669015][    T1] hub 12-0:1.0: 8 ports detected
[   11.675389][    T1] vhci_hcd vhci_hcd.5: USB/IP Virtual Host Controller
[   11.676718][    T1] vhci_hcd vhci_hcd.5: new USB bus registered, assigned bus number 13
[   11.677893][    T1] usb usb13: We don't know the algorithms for LPM for this host, disabling LPM.
[   11.679458][    T1] usb usb13: New USB device found, idVendor=1d6b, idProduct=0003, bcdDevice= 6.18
[   11.680499][    T1] usb usb13: New USB device strings: Mfr=3, Product=2, SerialNumber=1
[   11.681428][    T1] usb usb13: Product: USB/IP Virtual Host Controller
[   11.682168][    T1] usb usb13: Manufacturer: Linux 6.18.0-12358-gdd7a88da9bea-dirty vhci_hcd
[   11.683115][    T1] usb usb13: SerialNumber: vhci_hcd.5
[   11.685694][    T1] hub 13-0:1.0: USB hub found
[   11.686367][    T1] hub 13-0:1.0: 8 ports detected
[   11.694122][    T1] vhci_hcd vhci_hcd.6: USB/IP Virtual Host Controller
[   11.695464][    T1] vhci_hcd vhci_hcd.6: new USB bus registered, assigned bus number 14
[   11.697039][    T1] usb usb14: New USB device found, idVendor=1d6b, idProduct=0002, bcdDevice= 6.18
[   11.698075][    T1] usb usb14: New USB device strings: Mfr=3, Product=2, SerialNumber=1
[   11.699001][    T1] usb usb14: Product: USB/IP Virtual Host Controller
[   11.699752][    T1] usb usb14: Manufacturer: Linux 6.18.0-12358-gdd7a88da9bea-dirty vhci_hcd
[   11.700706][    T1] usb usb14: SerialNumber: vhci_hcd.6
[   11.703267][    T1] hub 14-0:1.0: USB hub found
[   11.703955][    T1] hub 14-0:1.0: 8 ports detected
[   11.710310][    T1] vhci_hcd vhci_hcd.6: USB/IP Virtual Host Controller
[   11.711672][    T1] vhci_hcd vhci_hcd.6: new USB bus registered, assigned bus number 15
[   11.712865][    T1] usb usb15: We don't know the algorithms for LPM for this host, disabling LPM.
[   11.714431][    T1] usb usb15: New USB device found, idVendor=1d6b, idProduct=0003, bcdDevice= 6.18
[   11.715460][    T1] usb usb15: New USB device strings: Mfr=3, Product=2, SerialNumber=1
[   11.716371][    T1] usb usb15: Product: USB/IP Virtual Host Controller
[   11.717116][    T1] usb usb15: Manufacturer: Linux 6.18.0-12358-gdd7a88da9bea-dirty vhci_hcd
[   11.718071][    T1] usb usb15: SerialNumber: vhci_hcd.6
[   11.720672][    T1] hub 15-0:1.0: USB hub found
[   11.721378][    T1] hub 15-0:1.0: 8 ports detected
[   11.729110][    T1] vhci_hcd vhci_hcd.7: USB/IP Virtual Host Controller
[   11.730498][    T1] vhci_hcd vhci_hcd.7: new USB bus registered, assigned bus number 16
[   11.732082][    T1] usb usb16: New USB device found, idVendor=1d6b, idProduct=0002, bcdDevice= 6.18
[   11.733113][    T1] usb usb16: New USB device strings: Mfr=3, Product=2, SerialNumber=1
[   11.734019][    T1] usb usb16: Product: USB/IP Virtual Host Controller
[   11.734763][    T1] usb usb16: Manufacturer: Linux 6.18.0-12358-gdd7a88da9bea-dirty vhci_hcd
[   11.735723][    T1] usb usb16: SerialNumber: vhci_hcd.7
[   11.738267][    T1] hub 16-0:1.0: USB hub found
[   11.738962][    T1] hub 16-0:1.0: 8 ports detected
[   11.745534][    T1] vhci_hcd vhci_hcd.7: USB/IP Virtual Host Controller
[   11.746856][    T1] vhci_hcd vhci_hcd.7: new USB bus registered, assigned bus number 17
[   11.748030][    T1] usb usb17: We don't know the algorithms for LPM for this host, disabling LPM.
[   11.749592][    T1] usb usb17: New USB device found, idVendor=1d6b, idProduct=0003, bcdDevice= 6.18
[   11.750626][    T1] usb usb17: New USB device strings: Mfr=3, Product=2, SerialNumber=1
[   11.751571][    T1] usb usb17: Product: USB/IP Virtual Host Controller
[   11.752323][    T1] usb usb17: Manufacturer: Linux 6.18.0-12358-gdd7a88da9bea-dirty vhci_hcd
[   11.753274][    T1] usb usb17: SerialNumber: vhci_hcd.7
[   11.755819][    T1] hub 17-0:1.0: USB hub found
[   11.756495][    T1] hub 17-0:1.0: 8 ports detected
[   11.763602][    T1] vhci_hcd vhci_hcd.8: USB/IP Virtual Host Controller
[   11.764925][    T1] vhci_hcd vhci_hcd.8: new USB bus registered, assigned bus number 18
[   11.766743][    T1] usb usb18: New USB device found, idVendor=1d6b, idProduct=0002, bcdDevice= 6.18
[   11.767777][    T1] usb usb18: New USB device strings: Mfr=3, Product=2, SerialNumber=1
[   11.768684][    T1] usb usb18: Product: USB/IP Virtual Host Controller
[   11.769424][    T1] usb usb18: Manufacturer: Linux 6.18.0-12358-gdd7a88da9bea-dirty vhci_hcd
[   11.770378][    T1] usb usb18: SerialNumber: vhci_hcd.8
[   11.772939][    T1] hub 18-0:1.0: USB hub found
[   11.773615][    T1] hub 18-0:1.0: 8 ports detected
[   11.779972][    T1] vhci_hcd vhci_hcd.8: USB/IP Virtual Host Controller
[   11.781943][    T1] vhci_hcd vhci_hcd.8: new USB bus registered, assigned bus number 19
[   11.783113][    T1] usb usb19: We don't know the algorithms for LPM for this host, disabling LPM.
[   11.784679][    T1] usb usb19: New USB device found, idVendor=1d6b, idProduct=0003, bcdDevice= 6.18
[   11.785707][    T1] usb usb19: New USB device strings: Mfr=3, Product=2, SerialNumber=1
[   11.786612][    T1] usb usb19: Product: USB/IP Virtual Host Controller
[   11.787350][    T1] usb usb19: Manufacturer: Linux 6.18.0-12358-gdd7a88da9bea-dirty vhci_hcd
[   11.788308][    T1] usb usb19: SerialNumber: vhci_hcd.8
[   11.790889][    T1] hub 19-0:1.0: USB hub found
[   11.791571][    T1] hub 19-0:1.0: 8 ports detected
[   11.799352][    T1] vhci_hcd vhci_hcd.9: USB/IP Virtual Host Controller
[   11.800704][    T1] vhci_hcd vhci_hcd.9: new USB bus registered, assigned bus number 20
[   11.802289][    T1] usb usb20: New USB device found, idVendor=1d6b, idProduct=0002, bcdDevice= 6.18
[   11.803328][    T1] usb usb20: New USB device strings: Mfr=3, Product=2, SerialNumber=1
[   11.804254][    T1] usb usb20: Product: USB/IP Virtual Host Controller
[   11.805003][    T1] usb usb20: Manufacturer: Linux 6.18.0-12358-gdd7a88da9bea-dirty vhci_hcd
[   11.805971][    T1] usb usb20: SerialNumber: vhci_hcd.9
[   11.808523][    T1] hub 20-0:1.0: USB hub found
[   11.809202][    T1] hub 20-0:1.0: 8 ports detected
[   11.815617][    T1] vhci_hcd vhci_hcd.9: USB/IP Virtual Host Controller
[   11.816941][    T1] vhci_hcd vhci_hcd.9: new USB bus registered, assigned bus number 21
[   11.818104][    T1] usb usb21: We don't know the algorithms for LPM for this host, disabling LPM.
[   11.819684][    T1] usb usb21: New USB device found, idVendor=1d6b, idProduct=0003, bcdDevice= 6.18
[   11.820712][    T1] usb usb21: New USB device strings: Mfr=3, Product=2, SerialNumber=1
[   11.821638][    T1] usb usb21: Product: USB/IP Virtual Host Controller
[   11.822379][    T1] usb usb21: Manufacturer: Linux 6.18.0-12358-gdd7a88da9bea-dirty vhci_hcd
[   11.823333][    T1] usb usb21: SerialNumber: vhci_hcd.9
[   11.825903][    T1] hub 21-0:1.0: USB hub found
[   11.826578][    T1] hub 21-0:1.0: 8 ports detected
[   11.834363][    T1] vhci_hcd vhci_hcd.10: USB/IP Virtual Host Controller
[   11.835734][    T1] vhci_hcd vhci_hcd.10: new USB bus registered, assigned bus number 22
[   11.837437][    T1] usb usb22: New USB device found, idVendor=1d6b, idProduct=0002, bcdDevice= 6.18
[   11.838476][    T1] usb usb22: New USB device strings: Mfr=3, Product=2, SerialNumber=1
[   11.839383][    T1] usb usb22: Product: USB/IP Virtual Host Controller
[   11.840141][    T1] usb usb22: Manufacturer: Linux 6.18.0-12358-gdd7a88da9bea-dirty vhci_hcd
[   11.841116][    T1] usb usb22: SerialNumber: vhci_hcd.10
[   11.843695][    T1] hub 22-0:1.0: USB hub found
[   11.844375][    T1] hub 22-0:1.0: 8 ports detected
[   11.850739][    T1] vhci_hcd vhci_hcd.10: USB/IP Virtual Host Controller
[   11.852118][    T1] vhci_hcd vhci_hcd.10: new USB bus registered, assigned bus number 23
[   11.853300][    T1] usb usb23: We don't know the algorithms for LPM for this host, disabling LPM.
[   11.854851][    T1] usb usb23: New USB device found, idVendor=1d6b, idProduct=0003, bcdDevice= 6.18
[   11.855884][    T1] usb usb23: New USB device strings: Mfr=3, Product=2, SerialNumber=1
[   11.856791][    T1] usb usb23: Product: USB/IP Virtual Host Controller
[   11.857528][    T1] usb usb23: Manufacturer: Linux 6.18.0-12358-gdd7a88da9bea-dirty vhci_hcd
[   11.858494][    T1] usb usb23: SerialNumber: vhci_hcd.10
[   11.861122][    T1] hub 23-0:1.0: USB hub found
[   11.861798][    T1] hub 23-0:1.0: 8 ports detected
[   11.868774][    T1] vhci_hcd vhci_hcd.11: USB/IP Virtual Host Controller
[   11.870166][    T1] vhci_hcd vhci_hcd.11: new USB bus registered, assigned bus number 24
[   11.872181][    T1] usb usb24: New USB device found, idVendor=1d6b, idProduct=0002, bcdDevice= 6.18
[   11.874099][    T1] usb usb24: New USB device strings: Mfr=3, Product=2, SerialNumber=1
[   11.875769][    T1] usb usb24: Product: USB/IP Virtual Host Controller
[   11.876916][    T1] usb usb24: Manufacturer: Linux 6.18.0-12358-gdd7a88da9bea-dirty vhci_hcd
[   11.877838][    T1] usb usb24: SerialNumber: vhci_hcd.11
[   11.880547][    T1] hub 24-0:1.0: USB hub found
[   11.881248][    T1] hub 24-0:1.0: 8 ports detected
[   11.887550][    T1] vhci_hcd vhci_hcd.11: USB/IP Virtual Host Controller
[   11.888949][    T1] vhci_hcd vhci_hcd.11: new USB bus registered, assigned bus number 25
[   11.890111][    T1] usb usb25: We don't know the algorithms for LPM for this host, disabling LPM.
[   11.891684][    T1] usb usb25: New USB device found, idVendor=1d6b, idProduct=0003, bcdDevice= 6.18
[   11.892684][    T1] usb usb25: New USB device strings: Mfr=3, Product=2, SerialNumber=1
[   11.893564][    T1] usb usb25: Product: USB/IP Virtual Host Controller
[   11.894285][    T1] usb usb25: Manufacturer: Linux 6.18.0-12358-gdd7a88da9bea-dirty vhci_hcd
[   11.895204][    T1] usb usb25: SerialNumber: vhci_hcd.11
[   11.897790][    T1] hub 25-0:1.0: USB hub found
[   11.898470][    T1] hub 25-0:1.0: 8 ports detected
[   11.906258][    T1] vhci_hcd vhci_hcd.12: USB/IP Virtual Host Controller
[   11.907627][    T1] vhci_hcd vhci_hcd.12: new USB bus registered, assigned bus number 26
[   11.909178][    T1] usb usb26: New USB device found, idVendor=1d6b, idProduct=0002, bcdDevice= 6.18
[   11.910182][    T1] usb usb26: New USB device strings: Mfr=3, Product=2, SerialNumber=1
[   11.911090][    T1] usb usb26: Product: USB/IP Virtual Host Controller
[   11.911835][    T1] usb usb26: Manufacturer: Linux 6.18.0-12358-gdd7a88da9bea-dirty vhci_hcd
[   11.912764][    T1] usb usb26: SerialNumber: vhci_hcd.12
[   11.915311][    T1] hub 26-0:1.0: USB hub found
[   11.915973][    T1] hub 26-0:1.0: 8 ports detected
[   11.922245][    T1] vhci_hcd vhci_hcd.12: USB/IP Virtual Host Controller
[   11.923879][    T1] vhci_hcd vhci_hcd.12: new USB bus registered, assigned bus number 27
[   11.925033][    T1] usb usb27: We don't know the algorithms for LPM for this host, disabling LPM.
[   11.926581][    T1] usb usb27: New USB device found, idVendor=1d6b, idProduct=0003, bcdDevice= 6.18
[   11.927590][    T1] usb usb27: New USB device strings: Mfr=3, Product=2, SerialNumber=1
[   11.928474][    T1] usb usb27: Product: USB/IP Virtual Host Controller
[   11.929198][    T1] usb usb27: Manufacturer: Linux 6.18.0-12358-gdd7a88da9bea-dirty vhci_hcd
[   11.930125][    T1] usb usb27: SerialNumber: vhci_hcd.12
[   11.932690][    T1] hub 27-0:1.0: USB hub found
[   11.933356][    T1] hub 27-0:1.0: 8 ports detected
[   11.941058][    T1] vhci_hcd vhci_hcd.13: USB/IP Virtual Host Controller
[   11.942630][    T1] vhci_hcd vhci_hcd.13: new USB bus registered, assigned bus number 28
[   11.944180][    T1] usb usb28: New USB device found, idVendor=1d6b, idProduct=0002, bcdDevice= 6.18
[   11.945183][    T1] usb usb28: New USB device strings: Mfr=3, Product=2, SerialNumber=1
[   11.946065][    T1] usb usb28: Product: USB/IP Virtual Host Controller
[   11.946784][    T1] usb usb28: Manufacturer: Linux 6.18.0-12358-gdd7a88da9bea-dirty vhci_hcd
[   11.947716][    T1] usb usb28: SerialNumber: vhci_hcd.13
[   11.950244][    T1] hub 28-0:1.0: USB hub found
[   11.950941][    T1] hub 28-0:1.0: 8 ports detected
[   11.957227][    T1] vhci_hcd vhci_hcd.13: USB/IP Virtual Host Controller
[   11.958597][    T1] vhci_hcd vhci_hcd.13: new USB bus registered, assigned bus number 29
[   11.959767][    T1] usb usb29: We don't know the algorithms for LPM for this host, disabling LPM.
[   11.961320][    T1] usb usb29: New USB device found, idVendor=1d6b, idProduct=0003, bcdDevice= 6.18
[   11.962322][    T1] usb usb29: New USB device strings: Mfr=3, Product=2, SerialNumber=1
[   11.963202][    T1] usb usb29: Product: USB/IP Virtual Host Controller
[   11.963928][    T1] usb usb29: Manufacturer: Linux 6.18.0-12358-gdd7a88da9bea-dirty vhci_hcd
[   11.964848][    T1] usb usb29: SerialNumber: vhci_hcd.13
[   11.967433][    T1] hub 29-0:1.0: USB hub found
[   11.968099][    T1] hub 29-0:1.0: 8 ports detected
[   11.974994][    T1] vhci_hcd vhci_hcd.14: USB/IP Virtual Host Controller
[   11.976514][    T1] vhci_hcd vhci_hcd.14: new USB bus registered, assigned bus number 30
[   11.978082][    T1] usb usb30: New USB device found, idVendor=1d6b, idProduct=0002, bcdDevice= 6.18
[   11.979092][    T1] usb usb30: New USB device strings: Mfr=3, Product=2, SerialNumber=1
[   11.979973][    T1] usb usb30: Product: USB/IP Virtual Host Controller
[   11.980691][    T1] usb usb30: Manufacturer: Linux 6.18.0-12358-gdd7a88da9bea-dirty vhci_hcd
[   11.981709][    T1] usb usb30: SerialNumber: vhci_hcd.14
[   11.984362][    T1] hub 30-0:1.0: USB hub found
[   11.985022][    T1] hub 30-0:1.0: 8 ports detected
[   11.991550][    T1] vhci_hcd vhci_hcd.14: USB/IP Virtual Host Controller
[   11.992930][    T1] vhci_hcd vhci_hcd.14: new USB bus registered, assigned bus number 31
[   11.994082][    T1] usb usb31: We don't know the algorithms for LPM for this host, disabling LPM.
[   11.995609][    T1] usb usb31: New USB device found, idVendor=1d6b, idProduct=0003, bcdDevice= 6.18
[   11.996605][    T1] usb usb31: New USB device strings: Mfr=3, Product=2, SerialNumber=1
[   11.997479][    T1] usb usb31: Product: USB/IP Virtual Host Controller
[   11.998195][    T1] usb usb31: Manufacturer: Linux 6.18.0-12358-gdd7a88da9bea-dirty vhci_hcd
[   11.999114][    T1] usb usb31: SerialNumber: vhci_hcd.14
[   12.002696][    T1] hub 31-0:1.0: USB hub found
[   12.003363][    T1] hub 31-0:1.0: 8 ports detected
[   12.011026][    T1] vhci_hcd vhci_hcd.15: USB/IP Virtual Host Controller
[   12.012377][    T1] vhci_hcd vhci_hcd.15: new USB bus registered, assigned bus number 32
[   12.013905][    T1] usb usb32: New USB device found, idVendor=1d6b, idProduct=0002, bcdDevice= 6.18
[   12.014903][    T1] usb usb32: New USB device strings: Mfr=3, Product=2, SerialNumber=1
[   12.015792][    T1] usb usb32: Product: USB/IP Virtual Host Controller
[   12.016516][    T1] usb usb32: Manufacturer: Linux 6.18.0-12358-gdd7a88da9bea-dirty vhci_hcd
[   12.017443][    T1] usb usb32: SerialNumber: vhci_hcd.15
[   12.020017][    T1] hub 32-0:1.0: USB hub found
[   12.020682][    T1] hub 32-0:1.0: 8 ports detected
[   12.027145][    T1] vhci_hcd vhci_hcd.15: USB/IP Virtual Host Controller
[   12.028473][    T1] vhci_hcd vhci_hcd.15: new USB bus registered, assigned bus number 33
[   12.029624][    T1] usb usb33: We don't know the algorithms for LPM for this host, disabling LPM.
[   12.031177][    T1] usb usb33: New USB device found, idVendor=1d6b, idProduct=0003, bcdDevice= 6.18
[   12.032196][    T1] usb usb33: New USB device strings: Mfr=3, Product=2, SerialNumber=1
[   12.033074][    T1] usb usb33: Product: USB/IP Virtual Host Controller
[   12.033788][    T1] usb usb33: Manufacturer: Linux 6.18.0-12358-gdd7a88da9bea-dirty vhci_hcd
[   12.034708][    T1] usb usb33: SerialNumber: vhci_hcd.15
[   12.037276][    T1] hub 33-0:1.0: USB hub found
[   12.037934][    T1] hub 33-0:1.0: 8 ports detected
[   12.045768][    T1] usbcore: registered new device driver usbip-host
[   12.051583][    T1] i8042: PNP: PS/2 Controller [PNP0303:KBD,PNP0f13:MOU] at 0x60,0x64 irq 1,12
[   12.053793][    T1] serio: i8042 KBD port at 0x60,0x64 irq 1
[   12.058002][    T1] serio: i8042 AUX port at 0x60,0x64 irq 12
[   12.061247][    T1] mousedev: PS/2 mouse device common for all mice
[   12.063860][    T1] usbcore: registered new interface driver appletouch
[   12.064841][    T1] usbcore: registered new interface driver bcm5974
[   12.066954][    T9] input: AT Translated Set 2 keyboard as /devices/platform/i8042/serio0/input/input1
[   12.068456][    T1] usbcore: registered new interface driver synaptics_usb
[   12.070711][    T1] usbcore: registered new interface driver iforce
[   12.072713][    T1] usbcore: registered new interface driver pxrc
[   12.074846][    T1] usbcore: registered new interface driver xpad
[   12.076948][    T1] usbcore: registered new interface driver usb_acecad
[   12.079570][    T1] usbcore: registered new interface driver aiptek
[   12.081674][    T1] usbcore: registered new interface driver hanwang
[   12.083595][    T1] usbcore: registered new interface driver kbtab
[   12.085454][    T1] usbcore: registered new interface driver pegasus_notetaker
[   12.087622][    T1] usbcore: registered new interface driver usbtouchscreen
[   12.089656][    T1] usbcore: registered new interface driver sur40
[   12.094052][    T1] usbcore: registered new interface driver ati_remote2
[   12.095643][    T1] cm109: Keymap for Komunikate KIP1000 phone loaded
[   12.097420][    T1] usbcore: registered new interface driver cm109
[   12.098739][    T1] cm109: CM109 phone driver: 20080805 (C) Alfred E. Heggestad
[   12.100362][    T1] usbcore: registered new interface driver ims_pcu
[   12.102772][    T1] usbcore: registered new interface driver keyspan_remote
[   12.103784][    T1] usbcore: registered new interface driver powermate
[   12.105049][    T1] usbcore: registered new interface driver yealink
[   12.107447][    T1] rtc_cmos 00:05: RTC can wake from S4
[   12.111096][    T1] rtc_cmos 00:05: registered as rtc0
[   12.111752][    T1] rtc_cmos 00:05: alarms up to one day, y3k, 242 bytes nvram, hpet irqs
[   12.113127][    T1] i2c_dev: i2c /dev entries driver
[   12.114174][    T1] usbcore: registered new interface driver i2c-diolan-u2c
[   12.115423][    T1] usbcore: registered new interface driver i2c-cp2615
[   12.116397][    T1] usbcore: registered new interface driver RobotFuzz Open Source InterFace, OSIF
[   12.117614][    T1] usbcore: registered new interface driver i2c-tiny-usb
[   12.119556][    T1] usbcore: registered new interface driver igorplugusb
[   12.120532][    T1] usbcore: registered new interface driver iguanair
[   12.124803][    T1] usbcore: registered new interface driver imon
[   12.125844][    T1] usbcore: registered new interface driver imon_raw
[   12.126980][    T1] usbcore: registered new interface driver mceusb
[   12.128044][    T1] usbcore: registered new interface driver redrat3
[   12.129104][    T1] usbcore: registered new interface driver streamzap
[   12.130192][    T1] usbcore: registered new interface driver ir_toy
[   12.131275][    T1] usbcore: registered new interface driver ttusbir
[   12.132362][    T1] usbcore: registered new interface driver ati_remote
[   12.133650][    T1] usbcore: registered new interface driver xbox_remote
[   12.135026][    T1] b2c2-flexcop: B2C2 FlexcopII/II(b)/III digital TV receiver chip loaded successfully
[   12.136502][    T1] usbcore: registered new interface driver b2c2_flexcop_usb
[   12.137654][    T1] usbcore: registered new interface driver dvb_usb_vp7045
[   12.138784][    T1] usbcore: registered new interface driver dvb_usb_vp702x
[   12.139935][    T1] usbcore: registered new interface driver dvb_usb_gp8psk
[   12.141195][    T1] usbcore: registered new interface driver dvb_usb_dtt200u
[   12.142342][    T1] usbcore: registered new interface driver dvb_usb_a800
[   12.143483][    T1] usbcore: registered new interface driver dvb_usb_dibusb_mb
[   12.144669][    T1] usbcore: registered new interface driver dvb_usb_dibusb_mc
[   12.145834][    T1] usbcore: registered new interface driver dvb_usb_nova_t_usb2
[   12.147019][    T1] usbcore: registered new interface driver dvb_usb_umt_010
[   12.148165][    T1] usbcore: registered new interface driver dvb_usb_m920x
[   12.149292][    T1] usbcore: registered new interface driver dvb_usb_digitv
[   12.150438][    T1] usbcore: registered new interface driver dvb_usb_cxusb
[   12.151611][    T1] usbcore: registered new interface driver dvb_usb_ttusb2
[   12.152829][    T1] usbcore: registered new interface driver dvb_usb_dib0700
[   12.154043][    T1] usbcore: registered new interface driver opera1
[   12.155116][    T1] usbcore: registered new interface driver dvb_usb_af9005
[   12.155917][    T1] failing symbol_get of non-GPLONLY symbol af9005_rc_decode.
[   12.157134][    T1] failing symbol_get of non-GPLONLY symbol af9005_rc_decode.
[   12.157953][    T1] failing symbol_get of non-GPLONLY symbol rc_map_af9005_table.
[   12.159185][    T1] failing symbol_get of non-GPLONLY symbol rc_map_af9005_table.
[   12.160041][    T1] failing symbol_get of non-GPLONLY symbol rc_map_af9005_table_size.
[   12.162598][    T1] failing symbol_get of non-GPLONLY symbol rc_map_af9005_table_size.
[   12.163503][    T1] af9005: af9005_rc_decode function not found, disabling remote
[   12.164569][    T1] usbcore: registered new interface driver pctv452e
[   12.165539][    T1] usbcore: registered new interface driver dw2102
[   12.166475][    T1] usbcore: registered new interface driver dvb_usb_dtv5100
[   12.167487][    T1] usbcore: registered new interface driver cinergyT2
[   12.168456][    T1] usbcore: registered new interface driver dvb_usb_az6027
[   12.169461][    T1] usbcore: registered new interface driver dvb_usb_technisat_usb2
[   12.170559][    T1] usbcore: registered new interface driver dvb_usb_af9015
[   12.171657][    T1] usbcore: registered new interface driver dvb_usb_af9035
[   12.172650][    T1] usbcore: registered new interface driver dvb_usb_anysee
[   12.173631][    T1] usbcore: registered new interface driver dvb_usb_au6610
[   12.174618][    T1] usbcore: registered new interface driver dvb_usb_az6007
[   12.175604][    T1] usbcore: registered new interface driver dvb_usb_ce6230
[   12.176593][    T1] usbcore: registered new interface driver dvb_usb_ec168
[   12.177571][    T1] usbcore: registered new interface driver dvb_usb_lmedm04
[   12.178573][    T1] usbcore: registered new interface driver dvb_usb_gl861
[   12.179591][    T1] usbcore: registered new interface driver dvb_usb_mxl111sf
[   12.180638][    T1] usbcore: registered new interface driver dvb_usb_rtl28xxu
[   12.181673][    T1] usbcore: registered new interface driver dvb_usb_dvbsky
[   12.182662][    T1] usbcore: registered new interface driver zd1301
[   12.183750][    T1] usbcore: registered new interface driver s2255
[   12.184706][    T1] usbcore: registered new interface driver smsusb
[   12.185638][    T1] usbcore: registered new interface driver ttusb
[   12.186562][    T1] usbcore: registered new interface driver ttusb-dec
[   12.187525][    T1] usbcore: registered new interface driver Abilis Systems as10x usb driver
[   12.188690][    T1] usbcore: registered new interface driver airspy
[   12.189404][    T1] gspca_main: v2.14.0 registered
[   12.190155][    T1] usbcore: registered new interface driver benq
[   12.191086][    T1] usbcore: registered new interface driver conex
[   12.192011][    T1] usbcore: registered new interface driver cpia1
[   12.192934][    T1] usbcore: registered new interface driver dtcs033
[   12.193871][    T1] usbcore: registered new interface driver etoms
[   12.194809][    T1] usbcore: registered new interface driver finepix
[   12.195750][    T1] usbcore: registered new interface driver jeilinj
[   12.196688][    T1] usbcore: registered new interface driver jl2005bcd
[   12.197650][    T1] usbcore: registered new interface driver kinect
[   12.198580][    T1] usbcore: registered new interface driver konica
[   12.199517][    T1] usbcore: registered new interface driver mars
[   12.200434][    T1] usbcore: registered new interface driver mr97310a
[   12.201414][    T1] usbcore: registered new interface driver nw80x
[   12.202360][    T1] usbcore: registered new interface driver ov519
[   12.203283][    T1] usbcore: registered new interface driver ov534
[   12.204210][    T1] usbcore: registered new interface driver ov534_9
[   12.205158][    T1] usbcore: registered new interface driver pac207
[   12.206097][    T1] usbcore: registered new interface driver gspca_pac7302
[   12.207097][    T1] usbcore: registered new interface driver pac7311
[   12.208070][    T1] usbcore: registered new interface driver se401
[   12.209001][    T1] usbcore: registered new interface driver sn9c2028
[   12.209982][    T1] usbcore: registered new interface driver gspca_sn9c20x
[   12.211026][    T1] usbcore: registered new interface driver sonixb
[   12.212027][    T1] usbcore: registered new interface driver sonixj
[   12.212965][    T1] usbcore: registered new interface driver spca500
[   12.213903][    T1] usbcore: registered new interface driver spca501
[   12.214853][    T1] usbcore: registered new interface driver spca505
[   12.215804][    T1] usbcore: registered new interface driver spca506
[   12.216747][    T1] usbcore: registered new interface driver spca508
[   12.217695][    T1] usbcore: registered new interface driver spca561
[   12.218635][    T1] usbcore: registered new interface driver spca1528
[   12.219657][    T1] usbcore: registered new interface driver sq905
[   12.220581][    T1] usbcore: registered new interface driver sq905c
[   12.221722][    T1] usbcore: registered new interface driver sq930x
[   12.222705][    T1] usbcore: registered new interface driver sunplus
[   12.223656][    T1] usbcore: registered new interface driver stk014
[   12.224583][    T1] usbcore: registered new interface driver stk1135
[   12.225522][    T1] usbcore: registered new interface driver stv0680
[   12.226461][    T1] usbcore: registered new interface driver t613
[   12.227379][    T1] usbcore: registered new interface driver gspca_topro
[   12.228369][    T1] usbcore: registered new interface driver touptek
[   12.229313][    T1] usbcore: registered new interface driver tv8532
[   12.230252][    T1] usbcore: registered new interface driver vc032x
[   12.231214][    T1] usbcore: registered new interface driver vicam
[   12.232149][    T1] usbcore: registered new interface driver xirlink-cit
[   12.233180][    T1] usbcore: registered new interface driver gspca_zc3xx
[   12.234151][    T1] usbcore: registered new interface driver ALi m5602
[   12.235109][    T1] usbcore: registered new interface driver STV06xx
[   12.236056][    T1] usbcore: registered new interface driver gspca_gl860
[   12.237031][    T1] usbcore: registered new interface driver hackrf
[   12.238023][    T1] usbcore: registered new interface driver msi2500
[   12.239153][    T1] usbcore: registered new interface driver Philips webcam
[   12.240287][    T1] usbcore: registered new interface driver uvcvideo
[   12.241044][    T1] au0828: au0828 driver loaded
[   12.241827][    T1] usbcore: registered new interface driver au0828
[   12.242785][    T1] usbcore: registered new interface driver cx231xx
[   12.243859][    T1] usbcore: registered new interface driver em28xx
[   12.244588][    T1] em28xx: Registered (Em28xx v4l2 Extension) extension
[   12.245339][    T1] em28xx: Registered (Em28xx Audio Extension) extension
[   12.246109][    T1] em28xx: Registered (Em28xx dvb Extension) extension
[   12.246857][    T1] em28xx: Registered (Em28xx Input Extension) extension
[   12.247855][    T1] usbcore: registered new interface driver go7007
[   12.248783][    T1] usbcore: registered new interface driver go7007-loader
[   12.249937][    T1] usbcore: registered new interface driver hdpvr
[   12.251380][    T1] usbcore: registered new interface driver pvrusb2
[   12.252106][    T1] pvrusb2: V4L in-tree version:Hauppauge WinTV-PVR-USB2 MPEG2 Encoder/Tuner
[   12.253036][    T1] pvrusb2: Debug mask is 31 (0x1f)
[   12.253821][    T1] usbcore: registered new interface driver stk1160
[   12.254746][    T1] usbcore: registered new interface driver usbtv
[   12.257452][    T1] dvbdev: DVB: registering new adapter (dvb_vidtv_bridge)
[   12.260494][    T1] i2c i2c-0: DVB: registering adapter 0 frontend 0 (Dummy demod for DVB-T/T2/C/S/S2)...
[   12.265627][    T1] dvbdev: dvb_create_media_entity: media entity 'Dummy demod for DVB-T/T2/C/S/S2' registered.
[   12.271295][    T1] dvbdev: dvb_create_media_entity: media entity 'dvb-demux' registered.
[   12.275831][    T1] vidtv vidtv.0: Successfully initialized vidtv!
[   12.277650][    T1] vicodec vicodec.0: Device 'stateful-encoder' registered as /dev/video0
[   12.278994][    T1] vicodec vicodec.0: Device 'stateful-decoder' registered as /dev/video1
[   12.280327][    T1] vicodec vicodec.0: Device 'stateless-decoder' registered as /dev/video2
[   12.283451][    T1] vim2m vim2m.0: Device registered as /dev/video3
[   12.295651][    T1] vivid-000: using single planar format API
[   12.304846][    T1] vivid-000: CEC adapter cec0 registered for HDMI input
[   12.306159][    T1] vivid-000: V4L2 capture device registered as video7
[   12.307331][    T1] vivid-000: CEC adapter cec1 registered for HDMI output 0
[   12.308617][    T1] vivid-000: V4L2 output device registered as video8
[   12.309777][    T1] vivid-000: V4L2 capture device registered as vbi0, supports raw and sliced VBI
[   12.311241][    T1] vivid-000: V4L2 output device registered as vbi1, supports raw and sliced VBI
[   12.312669][    T1] vivid-000: V4L2 capture device registered as swradio0
[   12.313843][    T1] vivid-000: V4L2 receiver device registered as radio0
[   12.315014][    T1] vivid-000: V4L2 transmitter device registered as radio1
[   12.316371][    T1] vivid-000: V4L2 metadata capture device registered as video9
[   12.317668][    T1] vivid-000: V4L2 metadata output device registered as video10
[   12.318915][    T1] vivid-000: V4L2 touch capture device registered as v4l-touch0
[   12.331985][    T1] usbcore: registered new interface driver radioshark2
[   12.333085][    T1] usbcore: registered new interface driver radioshark
[   12.334168][    T1] usbcore: registered new interface driver radio-si470x
[   12.335475][    T1] usbcore: registered new interface driver radio-usb-si4713
[   12.336624][    T1] usbcore: registered new interface driver dsbr100
[   12.337678][    T1] usbcore: registered new interface driver radio-keene
[   12.338776][    T1] usbcore: registered new interface driver radio-ma901
[   12.339874][    T1] usbcore: registered new interface driver radio-mr800
[   12.340902][    T1] usbcore: registered new interface driver radio-raremono
[   12.342711][    T1] usbcore: registered new interface driver powerz
[   12.343649][    T1] usbcore: registered new interface driver pcwd_usb
[   12.345683][    T1] device-mapper: core: CONFIG_IMA_DISABLE_HTABLE is disabled. Duplicate IMA measurements will not be recorded in the IMA log.
[   12.347118][    T1] device-mapper: uevent: version 1.0.3
[   12.348357][    T1] device-mapper: ioctl: 4.50.0-ioctl (2025-04-28) initialised: dm-devel@lists.linux.dev
[   12.350126][    T1] device-mapper: multipath round-robin: version 1.2.0 loaded
[   12.351209][    T1] device-mapper: multipath queue-length: version 0.2.0 loaded
[   12.352043][    T1] device-mapper: multipath service-time: version 0.3.0 loaded
[   12.353471][    T1] Bluetooth: HCI UART driver ver 2.3
[   12.354062][    T1] Bluetooth: HCI UART protocol H4 registered
[   12.354718][    T1] Bluetooth: HCI UART protocol BCSP registered
[   12.355488][    T1] Bluetooth: HCI UART protocol LL registered
[   12.356240][    T1] Bluetooth: HCI UART protocol Three-wire (H5) registered
[   12.357118][    T1] Bluetooth: HCI UART protocol QCA registered
[   12.357788][    T1] Bluetooth: HCI UART protocol AG6XX registered
[   12.358559][    T1] Bluetooth: HCI UART protocol Marvell registered
[   12.359486][    T1] usbcore: registered new interface driver bcm203x
[   12.360425][    T1] usbcore: registered new interface driver bpa10x
[   12.361384][    T1] usbcore: registered new interface driver bfusb
[   12.362339][    T1] usbcore: registered new interface driver btusb
[   12.363322][    T1] usbcore: registered new interface driver ath3k
[   12.364386][    T1] Modular ISDN core version 1.1.29
[   12.365397][    T1] NET: Registered PF_ISDN protocol family
[   12.366034][    T1] DSP module 2.0
[   12.366425][    T1] mISDN_dsp: DSP clocks every 80 samples. This equals 1 jiffies.
[   12.375513][    T1] mISDN: Layer-1-over-IP driver Rev. 2.00
[   12.376669][    T1] 0 virtual devices registered
[   12.377442][    T1] usbcore: registered new interface driver HFC-S_USB
[   12.378188][    T1] amd_pstate: the _CPC object is not present in SBIOS or ACPI disabled
[   12.379101][    T1] VUB300 Driver rom wait states = 1C irqpoll timeout = 0400
[   12.380052][    T1] usbcore: registered new interface driver vub300
[   12.382574][    T1] usbcore: registered new interface driver ushc
[   12.406849][    T1] iscsi: registered transport (iser)
[   12.408024][    T1] SoftiWARP attached
[   12.415226][    T1] hid: raw HID events driver (C) Jiri Kosina
[   12.449691][    T1] usbcore: registered new interface driver usbhid
[   12.450411][    T1] usbhid: USB HID core driver
[   12.454185][    T1] usbcore: registered new interface driver es2_ap_driver
[   12.454954][    T1] comedi: version 0.7.76 - http://www.comedi.org
[   12.456869][    T1] comedi comedi0: comedi_test: 1000000 microvolt, 100000 microsecond waveform attached
[   12.460721][    T1] comedi comedi0: driver 'comedi_test' has successfully auto-configured 'comedi_test'.
[   12.464187][    T1] usbcore: registered new interface driver dt9812
[   12.465149][    T1] usbcore: registered new interface driver ni6501
[   12.466036][    T1] usbcore: registered new interface driver usbdux
[   12.466918][    T1] usbcore: registered new interface driver usbduxfast
[   12.467840][    T1] usbcore: registered new interface driver usbduxsigma
[   12.468770][    T1] usbcore: registered new interface driver vmk80xx
[   12.469658][    T1] greybus: registered new driver hid
[   12.470525][    T1] greybus: registered new driver gbphy
[   12.474208][    T1] gb_gbphy: registered new driver usb
[   12.474980][    T1] asus_wmi: ASUS WMI generic driver loaded
[   12.479043][    T1] gnss: GNSS driver registered with major 494
[   12.479975][    T1] usbcore: registered new interface driver gnss-usb
[   12.483275][    T1] usbcore: registered new interface driver hdm_usb
[   12.492555][    T9] input: ImExPS/2 Generic Explorer Mouse as /devices/platform/i8042/serio1/input/input3
[   12.529179][    T1] usbcore: registered new interface driver snd-usb-audio
[   12.530201][    T1] usbcore: registered new interface driver snd-ua101
[   12.532362][    T1] usbcore: registered new interface driver snd-usb-usx2y
[   12.533533][    T1] usbcore: registered new interface driver snd-usb-us122l
[   12.534566][    T1] usbcore: registered new interface driver snd-usb-caiaq
[   12.535574][    T1] usbcore: registered new interface driver snd-usb-6fire
[   12.536598][    T1] usbcore: registered new interface driver snd-usb-hiface
[   12.537614][    T1] usbcore: registered new interface driver snd-bcd2000
[   12.538613][    T1] usbcore: registered new interface driver snd_usb_pod
[   12.539606][    T1] usbcore: registered new interface driver snd_usb_podhd
[   12.540621][    T1] usbcore: registered new interface driver snd_usb_toneport
[   12.541686][    T1] usbcore: registered new interface driver snd_usb_variax
