bash: warning: setlocale: LC_ALL: cannot change locale (en_US.UTF-8)
c[?7l[2J[0mSeaBIOS (version 1.16.2-debian-1.16.2-1)
Booting from ROM...
c[?7l[2Jearly console in extract_kernel
input_data: 0x00000000148722a3
input_len: 0x0000000005f739eb
output: 0x0000000001000000
output_len: 0x00000000126d5cd0
kernel_total_size: 0x0000000019826000
needed_size: 0x0000000019a00000
trampoline_32bit: 0x0000000000000000

Decompressing Linux... Parsing ELF... done.
Booting the kernel (entry_offset: 0x0000000000000112).
[    0.000000][    T0] Linux version 6.12.0-rc6-g2e1b3cc9d7f7-dirty (root@buildkitsandbox) (gcc (Debian 12.2.0-14+deb12u1) 12.2.0, GNU ld (GNU Binutils for Debian) 2.40) #1 SMP PREEMPT_DYNAMIC Fri May 22 21:06:20 UTC 2026
[    0.000000][    T0] Command line: console=ttyS0 oops=panic panic=86400 nokaslr earlyprintk=serial rdinit=/init
[    0.000000][    T0] KERNEL supported cpus:
[    0.000000][    T0]   Intel GenuineIntel
[    0.000000][    T0]   AMD AuthenticAMD
[    0.000000][    T0] BIOS-provided physical RAM map:
[    0.000000][    T0] BIOS-e820: [mem 0x0000000000000000-0x000000000009fbff] usable
[    0.000000][    T0] BIOS-e820: [mem 0x000000000009fc00-0x000000000009ffff] reserved
[    0.000000][    T0] BIOS-e820: [mem 0x00000000000f0000-0x00000000000fffff] reserved
[    0.000000][    T0] BIOS-e820: [mem 0x0000000000100000-0x000000007ffdefff] usable
[    0.000000][    T0] BIOS-e820: [mem 0x000000007ffdf000-0x000000007fffffff] reserved
[    0.000000][    T0] BIOS-e820: [mem 0x00000000feffc000-0x00000000feffffff] reserved
[    0.000000][    T0] BIOS-e820: [mem 0x00000000fffc0000-0x00000000ffffffff] reserved
[    0.000000][    T0] printk: legacy bootconsole [earlyser0] enabled
[    0.000000][    T0] NX (Execute Disable) protection: active
[    0.000000][    T0] APIC: Static calls initialized
[    0.000000][    T0] SMBIOS 2.8 present.
[    0.000000][    T0] DMI: QEMU Standard PC (i440FX + PIIX, 1996), BIOS 1.16.2-debian-1.16.2-1 04/01/2014
[    0.000000][    T0] DMI: Memory slots populated: 1/1
[    0.000000][    T0] Hypervisor detected: KVM
[    0.000000][    T0] kvm-clock: Using msrs 4b564d01 and 4b564d00
[    0.000010][    T0] kvm-clock: using sched offset of 1800422011 cycles
[    0.001850][    T0] clocksource: kvm-clock: mask: 0xffffffffffffffff max_cycles: 0x1cd42e4dffb, max_idle_ns: 881590591483 ns
[    0.009379][    T0] tsc: Detected 2995.200 MHz processor
[    0.019382][    T0] last_pfn = 0x7ffdf max_arch_pfn = 0x400000000
[    0.021520][    T0] MTRR map: 4 entries (3 fixed + 1 variable; max 19), built from 8 variable MTRRs
[    0.026659][    T0] x86/PAT: Configuration [0-7]: WB  WC  UC- UC  WB  WP  UC- WT  
[    0.040937][    T0] found SMP MP-table at [mem 0x000f5ba0-0x000f5baf]
[    0.043622][    T0] Using GB pages for direct mapping
[    0.049111][    T0] Incomplete global flushes, disabling PCID
[    0.051817][    T0] RAMDISK: [mem 0x7fe82000-0x7ffcffff]
[    0.056518][    T0] ACPI: Early table checksum verification disabled
[    0.058554][    T0] ACPI: RSDP 0x00000000000F59D0 000014 (v00 BOCHS )
[    0.060389][    T0] ACPI: RSDT 0x000000007FFE177E 000040 (v01 BOCHS  BXPC     00000001 BXPC 00000001)
[    0.064839][    T0] ACPI: FACP 0x000000007FFE0ECD 000074 (v01 BOCHS  BXPC     00000001 BXPC 00000001)
[    0.070585][    T0] ACPI: DSDT 0x000000007FFDF040 001E8D (v01 BOCHS  BXPC     00000001 BXPC 00000001)
[    0.074555][    T0] ACPI: FACS 0x000000007FFDF000 000040
[    0.076157][    T0] ACPI: APIC 0x000000007FFE0F41 000080 (v01 BOCHS  BXPC     00000001 BXPC 00000001)
[    0.079481][    T0] ACPI: HPET 0x000000007FFE0FC1 000038 (v01 BOCHS  BXPC     00000001 BXPC 00000001)
[    0.084393][    T0] ACPI: SRAT 0x000000007FFE0FF9 0000F0 (v01 BOCHS  BXPC     00000001 BXPC 00000001)
[    0.090763][    T0] ACPI: SSDT 0x000000007FFE10E9 00058D (v01 BOCHS  NVDIMM   00000001 BXPC 00000001)
[    0.093729][    T0] ACPI: NFIT 0x000000007FFE1676 0000E0 (v01 BOCHS  BXPC     00000001 BXPC 00000001)
[    0.096556][    T0] ACPI: WAET 0x000000007FFE1756 000028 (v01 BOCHS  BXPC     00000001 BXPC 00000001)
[    0.100570][    T0] ACPI: Reserving FACP table memory at [mem 0x7ffe0ecd-0x7ffe0f40]
[    0.105449][    T0] ACPI: Reserving DSDT table memory at [mem 0x7ffdf040-0x7ffe0ecc]
[    0.107866][    T0] ACPI: Reserving FACS table memory at [mem 0x7ffdf000-0x7ffdf03f]
[    0.110327][    T0] ACPI: Reserving APIC table memory at [mem 0x7ffe0f41-0x7ffe0fc0]
[    0.112767][    T0] ACPI: Reserving HPET table memory at [mem 0x7ffe0fc1-0x7ffe0ff8]
[    0.115130][    T0] ACPI: Reserving SRAT table memory at [mem 0x7ffe0ff9-0x7ffe10e8]
[    0.119614][    T0] ACPI: Reserving SSDT table memory at [mem 0x7ffe10e9-0x7ffe1675]
[    0.124166][    T0] ACPI: Reserving NFIT table memory at [mem 0x7ffe1676-0x7ffe1755]
[    0.126605][    T0] ACPI: Reserving WAET table memory at [mem 0x7ffe1756-0x7ffe177d]
[    0.129555][    T0] ACPI: SRAT: Node 0 PXM 0 [mem 0x00000000-0x0009ffff]
[    0.131670][    T0] ACPI: SRAT: Node 0 PXM 0 [mem 0x00100000-0x7fffffff]
[    0.133801][    T0] ACPI: SRAT: Node 0 PXM 0 [mem 0x100000000-0x11fffffff] non-volatile
[    0.137203][    T0] ACPI: SRAT: Node 0 PXM 0 [mem 0x100000000-0x1ffffffff] hotplug
[    0.140604][    T0] NUMA: Node 0 [mem 0x00001000-0x0009ffff] + [mem 0x00100000-0x7ffdefff] -> [mem 0x00001000-0x7ffdefff]
[    0.145952][    T0] NODE_DATA(0) allocated [mem 0x7ffd9340-0x7ffdedff]
[    0.165086][    T0] Zone ranges:
[    0.166012][    T0]   DMA      [mem 0x0000000000001000-0x0000000000ffffff]
[    0.168005][    T0]   DMA32    [mem 0x0000000001000000-0x000000007ffdefff]
[    0.172683][    T0]   Normal   empty
[    0.175895][    T0]   Device   empty
[    0.179018][    T0] Movable zone start for each node
[    0.180569][    T0] Early memory node ranges
[    0.181875][    T0]   node   0: [mem 0x0000000000001000-0x000000000009efff]
[    0.184035][    T0]   node   0: [mem 0x0000000000100000-0x000000007ffdefff]
[    0.186124][    T0] Initmem setup node 0 [mem 0x0000000000001000-0x000000007ffdefff]
[    0.190352][    T0] On node 0, zone DMA: 1 pages in unavailable ranges
[    0.194848][    T0] On node 0, zone DMA: 97 pages in unavailable ranges
[    0.233976][    T0] On node 0, zone DMA32: 33 pages in unavailable ranges
[    1.004539][    T0] kasan: KernelAddressSanitizer initialized
[    1.009362][    T0] ACPI: PM-Timer IO Port: 0x608
[    1.010903][    T0] ACPI: LAPIC_NMI (acpi_id[0xff] dfl dfl lint[0x1])
[    1.013632][    T0] IOAPIC[0]: apic_id 0, version 17, address 0xfec00000, GSI 0-23
[    1.018850][    T0] ACPI: INT_SRC_OVR (bus 0 bus_irq 0 global_irq 2 dfl dfl)
[    1.023645][    T0] ACPI: INT_SRC_OVR (bus 0 bus_irq 5 global_irq 5 high level)
[    1.028592][    T0] ACPI: INT_SRC_OVR (bus 0 bus_irq 9 global_irq 9 high level)
[    1.030934][    T0] ACPI: INT_SRC_OVR (bus 0 bus_irq 10 global_irq 10 high level)
[    1.033928][    T0] ACPI: INT_SRC_OVR (bus 0 bus_irq 11 global_irq 11 high level)
[    1.036151][    T0] ACPI: Using ACPI (MADT) for SMP configuration information
[    1.040570][    T0] ACPI: HPET id: 0x8086a201 base: 0xfed00000
[    1.043320][    T0] TSC deadline timer available
[    1.044676][    T0] CPU topo: Max. logical packages:   1
[    1.046192][    T0] CPU topo: Max. logical dies:       1
[    1.047746][    T0] CPU topo: Max. dies per package:   1
[    1.049385][    T0] CPU topo: Max. threads per core:   1
[    1.051114][    T0] CPU topo: Num. cores per package:     2
[    1.053236][    T0] CPU topo: Num. threads per package:   2
[    1.056561][    T0] CPU topo: Allowing 2 present CPUs plus 0 hotplug CPUs
[    1.059824][    T0] kvm-guest: APIC: eoi() replaced with kvm_guest_apic_eoi_write()
[    1.063753][    T0] kvm-guest: KVM setup pv remote TLB flush
[    1.065561][    T0] kvm-guest: setup PV sched yield
[    1.067298][    T0] PM: hibernation: Registered nosave memory: [mem 0x00000000-0x00000fff]
[    1.071122][    T0] PM: hibernation: Registered nosave memory: [mem 0x0009f000-0x0009ffff]
[    1.079340][    T0] PM: hibernation: Registered nosave memory: [mem 0x000a0000-0x000effff]
[    1.085508][    T0] PM: hibernation: Registered nosave memory: [mem 0x000f0000-0x000fffff]
[    1.088182][    T0] [mem 0x80000000-0xfeffbfff] available for PCI devices
[    1.091067][    T0] Booting paravirtualized kernel on KVM
[    1.094998][    T0] clocksource: refined-jiffies: mask: 0xffffffff max_cycles: 0xffffffff, max_idle_ns: 19112604462750000 ns
[    1.153209][    T0] setup_percpu: NR_CPUS:8 nr_cpumask_bits:2 nr_cpu_ids:2 nr_node_ids:1
[    1.159880][    T0] percpu: Embedded 74 pages/cpu s265608 r8192 d29304 u1048576
[    1.166416][    T0] kvm-guest: PV spinlocks enabled
[    1.169913][    T0] PV qspinlock hash table entries: 256 (order: 0, 4096 bytes, linear)
[    1.172623][    T0] Kernel command line: console=ttyS0 oops=panic panic=86400 nokaslr earlyprintk=serial rdinit=/init
[    1.176987][    T0] random: crng init done
[    1.182907][    T0] Dentry cache hash table entries: 262144 (order: 9, 2097152 bytes, linear)
[    1.192501][    T0] Inode-cache hash table entries: 131072 (order: 8, 1048576 bytes, linear)
[    1.195214][    T0] Fallback order for Node 0: 0 
[    1.195234][    T0] Built 1 zonelists, mobility grouping on.  Total pages: 524157
[    1.200295][    T0] Policy zone: DMA32
[    1.205746][    T0] mem auto-init: stack:all(zero), heap alloc:on, heap free:off
[    1.208363][    T0] stackdepot: allocating hash table via alloc_large_system_hash
[    1.210387][    T0] stackdepot hash table entries: 1048576 (order: 12, 16777216 bytes, linear)
[    1.246644][    T0] software IO TLB: area num 2.
[    1.598291][    T0] SLUB: HWalign=64, Order=0-3, MinObjects=0, CPUs=2, Nodes=1
[    1.613148][    T0] allocated 4194304 bytes of page_ext
[    1.616163][    T0] Dynamic Preempt: full
[    1.619699][    T0] Running RCU self tests
[    1.621943][    T0] Running RCU synchronous self tests
[    1.624351][    T0] rcu: Preemptible hierarchical RCU implementation.
[    1.626330][    T0] rcu: 	RCU lockdep checking is enabled.
[    1.627858][    T0] rcu: 	RCU restricting CPUs from NR_CPUS=8 to nr_cpu_ids=2.
[    1.629463][    T0] rcu: 	RCU callback double-/use-after-free debug is enabled.
[    1.631524][    T0] rcu: 	RCU debug extended QS entry/exit.
[    1.632686][    T0] 	Trampoline variant of Tasks RCU enabled.
[    1.633937][    T0] 	Tracing variant of Tasks RCU enabled.
[    1.635122][    T0] rcu: RCU calculated value of scheduler-enlistment delay is 10 jiffies.
[    1.640071][    T0] rcu: Adjusting geometry for rcu_fanout_leaf=16, nr_cpu_ids=2
[    1.647258][    T0] Running RCU synchronous self tests
[    1.649739][    T0] RCU Tasks: Setting shift to 1 and lim to 1 rcu_task_cb_adjust=1 rcu_task_cpu_ids=2.
[    1.654945][    T0] RCU Tasks Trace: Setting shift to 1 and lim to 1 rcu_task_cb_adjust=1 rcu_task_cpu_ids=2.
[    1.722575][    T0] NR_IRQS: 4352, nr_irqs: 440, preallocated irqs: 16
[    1.728804][    T0] rcu: srcu_init: Setting srcu_struct sizes based on contention.
[    1.731371][    T0] kfence: initialized - using 2097152 bytes for 255 objects at 0x(____ptrval____)-0x(____ptrval____)
[    1.760187][    T0] Console: colour VGA+ 80x25
[    1.761581][    T0] printk: legacy console [ttyS0] enabled
[    1.761581][    T0] printk: legacy console [ttyS0] enabled
[    1.764422][    T0] printk: legacy bootconsole [earlyser0] disabled
[    1.764422][    T0] printk: legacy bootconsole [earlyser0] disabled
[    1.767745][    T0] Lock dependency validator: Copyright (c) 2006 Red Hat, Inc., Ingo Molnar
[    1.772748][    T0] ... MAX_LOCKDEP_SUBCLASSES:  8
[    1.774139][    T0] ... MAX_LOCK_DEPTH:          48
[    1.775496][    T0] ... MAX_LOCKDEP_KEYS:        8192
[    1.778623][    T0] ... CLASSHASH_SIZE:          4096
[    1.780420][    T0] ... MAX_LOCKDEP_ENTRIES:     1048576
[    1.781978][    T0] ... MAX_LOCKDEP_CHAINS:      1048576
[    1.783514][    T0] ... CHAINHASH_SIZE:          524288
[    1.784942][    T0]  memory used by lock dependency info: 106625 kB
[    1.786713][    T0]  memory used for stack traces: 8320 kB
[    1.788235][    T0]  per task-struct memory footprint: 1920 bytes
[    1.790265][    T0] ACPI: Core revision 20240827
[    1.796416][    T0] clocksource: hpet: mask: 0xffffffff max_cycles: 0xffffffff, max_idle_ns: 19112604467 ns
[    1.805502][    T0] APIC: Switch to symmetric I/O mode setup
[    1.807456][    T0] x2apic enabled
[    1.811008][    T0] APIC: Switched APIC routing to: physical x2apic
[    1.814220][    T0] kvm-guest: APIC: send_IPI_mask() replaced with kvm_send_ipi_mask()
[    1.817027][    T0] kvm-guest: APIC: send_IPI_mask_allbutself() replaced with kvm_send_ipi_mask_allbutself()
[    1.819366][    T0] kvm-guest: setup PV IPIs
[    1.823605][    T0] ..TIMER: vector=0x30 apic1=0 pin1=2 apic2=-1 pin2=-1
[    1.825695][    T0] clocksource: tsc-early: mask: 0xffffffffffffffff max_cycles: 0x2b2c8ec87c7, max_idle_ns: 440795278598 ns
[    1.832588][    T0] Calibrating delay loop (skipped) preset value.. 5990.40 BogoMIPS (lpj=29952000)
[    1.844335][    T0] x86/cpu: User Mode Instruction Prevention (UMIP) activated
[    1.848862][    T0] Last level iTLB entries: 4KB 0, 2MB 0, 4MB 0
[    1.852612][    T0] Last level dTLB entries: 4KB 0, 2MB 0, 4MB 0, 1GB 0
[    1.857084][    T0] Spectre V1 : Mitigation: usercopy/swapgs barriers and __user pointer sanitization
[    1.862569][    T0] Spectre V2 : WARNING: Unprivileged eBPF is enabled with eIBRS on, data leaks possible via Spectre v2 BHB attacks!
[    1.867061][    T0] Spectre V2 : Spectre BHI mitigation: SW BHB clearing on syscall and VM exit
[    1.869956][    T0] Spectre V2 : Mitigation: Enhanced / Automatic IBRS
[    1.872567][    T0] Spectre V2 : Spectre v2 / SpectreRSB mitigation: Filling RSB on context switch
[    1.876931][    T0] Spectre V2 : Spectre v2 / PBRSB-eIBRS: Retire a single CALL on VMEXIT
[    1.882567][    T0] RETBleed: Mitigation: Enhanced IBRS
[    1.884870][    T0] Spectre V2 : mitigation: Enabling conditional Indirect Branch Prediction Barrier
[    1.888869][    T0] Speculative Store Bypass: Mitigation: Speculative Store Bypass disabled via prctl
[    1.892562][    T0] MMIO Stale Data: Unknown: No mitigations
[    1.894183][    T0] Register File Data Sampling: Vulnerable: No microcode
[    1.896876][    T0] x86/fpu: Supporting XSAVE feature 0x001: 'x87 floating point registers'
[    1.899553][    T0] x86/fpu: Supporting XSAVE feature 0x002: 'SSE registers'
[    1.902570][    T0] x86/fpu: Supporting XSAVE feature 0x004: 'AVX registers'
[    1.912563][    T0] x86/fpu: xstate_offset[2]:  576, xstate_sizes[2]:  256
[    1.914738][    T0] x86/fpu: Enabled xstate features 0x7, context size is 832 bytes, using 'compacted' format.
[    2.516034][    T0] Freeing SMP alternatives memory: 124K
[    2.518615][    T0] pid_max: default: 32768 minimum: 301
[    2.522724][    T0] LSM: initializing lsm=lockdown,capability,landlock,yama,safesetid,tomoyo,apparmor,bpf,ima,evm
[    2.528698][    T0] landlock: Up and running.
[    2.530900][    T0] Yama: becoming mindful.
[    2.535827][    T0] TOMOYO Linux initialized
[    2.564000][    T0] AppArmor: AppArmor initialized
[    2.573590][    T0] LSM support for eBPF active
[    2.577190][    T0] Mount-cache hash table entries: 4096 (order: 3, 32768 bytes, linear)
[    2.583995][    T0] Mountpoint-cache hash table entries: 4096 (order: 3, 32768 bytes, linear)
[    2.634272][    T0] Running RCU synchronous self tests
[    2.638060][    T0] Running RCU synchronous self tests
[    2.649485][    T1] smpboot: CPU0: 13th Gen Intel(R) Core(TM) i9-13900H (family: 0x6, model: 0xba, stepping: 0x2)
[    2.691712][    T1] Running RCU Tasks wait API self tests
[    2.805364][    T1] Running RCU Tasks Trace wait API self tests
[    2.813697][    T1] Performance Events: unsupported p6 CPU model 186 no PMU driver, software events only.
[    2.819128][    T1] signal: max sigframe size: 1776
[    2.833535][   T15] Callback from call_rcu_tasks_trace() invoked.
[    2.841366][    T1] rcu: Hierarchical SRCU implementation.
[    2.843756][    T1] rcu: 	Max phase no-delay instances is 1000.
[    2.880868][    T1] Timer migration: 1 hierarchy levels; 8 children per group; 1 crossnode level
[    2.917726][    T1] NMI watchdog: Perf NMI watchdog permanently disabled
[    2.935269][    T1] smp: Bringing up secondary CPUs ...
[    3.001067][    T1] smpboot: x86: Booting SMP configuration:
[    3.002942][    T1] .... node  #0, CPUs:      #1
[    3.026361][    T1] smp: Brought up 1 node, 2 CPUs
[    3.032938][    T1] smpboot: Total of 2 processors activated (11980.80 BogoMIPS)
[    3.050458][   T14] Callback from call_rcu_tasks() invoked.
[    3.062545][    T1] Memory: 1230000K/2096628K available (167936K kernel code, 40899K rwdata, 38752K rodata, 26476K init, 119980K bss, 855744K reserved, 0K cma-reserved)
[    3.152925][    T1] devtmpfs: initialized
[    3.155665][    T1] x86/mm: Memory block size: 128MB
[    3.277456][    T1] Running RCU synchronous self tests
[    3.282176][    T1] Running RCU synchronous self tests
[    3.283937][    T1] clocksource: jiffies: mask: 0xffffffff max_cycles: 0xffffffff, max_idle_ns: 19112604462750000 ns
[    3.293613][    T1] futex hash table entries: 512 (order: 4, 65536 bytes, linear)
[    3.370407][    T1] PM: RTC time: 21:48:01, date: 2026-05-22
[    3.402375][    T1] NET: Registered PF_NETLINK/PF_ROUTE protocol family
[    3.423068][    T1] audit: initializing netlink subsys (disabled)
[    3.433623][   T29] audit: type=2000 audit(1779486482.031:1): state=initialized audit_enabled=0 res=1
[    3.471791][    T1] thermal_sys: Registered thermal governor 'step_wise'
[    3.471981][    T1] thermal_sys: Registered thermal governor 'user_space'
[    3.484205][    T1] cpuidle: using governor menu
[    3.487786][    T1] NET: Registered PF_QIPCRTR protocol family
[    3.502147][    T1] dca service started, version 1.12.1
[    3.507420][    T1] PCI: Using configuration type 1 for base access
[    3.545434][    T1] HugeTLB: registered 1.00 GiB page size, pre-allocated 0 pages
[    3.552694][    T1] HugeTLB: 16380 KiB vmemmap can be freed for a 1.00 GiB page
[    3.558316][    T1] HugeTLB: registered 2.00 MiB page size, pre-allocated 0 pages
[    3.561214][    T1] HugeTLB: 28 KiB vmemmap can be freed for a 2.00 MiB page
[    3.648186][    T1] cryptd: max_cpu_qlen set to 1000
[    3.759999][    T1] raid6: skipped pq benchmark and selected avx2x4
[    3.762965][    T1] raid6: using avx2x2 recovery algorithm
[    3.779566][    T1] ACPI: Added _OSI(Module Device)
[    3.781809][    T1] ACPI: Added _OSI(Processor Device)
[    3.783014][    T1] ACPI: Added _OSI(3.0 _SCP Extensions)
[    3.787376][    T1] ACPI: Added _OSI(Processor Aggregator Device)
[    3.956521][    T1] ACPI: 2 ACPI AML tables successfully acquired and loaded
[    4.184260][    T1] ACPI: Interpreter enabled
[    4.193199][    T1] ACPI: PM: (supports S0 S3 S4 S5)
[    4.200602][    T1] ACPI: Using IOAPIC for interrupt routing
[    4.204139][    T1] PCI: Using host bridge windows from ACPI; if necessary, use "pci=nocrs" and report a bug
[    4.213525][    T1] PCI: Using E820 reservations for host bridge windows
[    4.245383][    T1] ACPI: Enabled 4 GPEs in block 00 to 0F
[    5.211273][    T1] ACPI: PCI Root Bridge [PCI0] (domain 0000 [bus 00-ff])
[    5.212656][    T1] acpi PNP0A03:00: _OSC: OS supports [ASPM ClockPM Segments MSI HPX-Type3]
[    5.216445][    T1] acpi PNP0A03:00: _OSC: not requesting OS control; OS requires [ExtendedConfig ASPM ClockPM MSI]
[    5.224451][    T1] acpi PNP0A03:00: fail to add MMCONFIG information, can't access extended configuration space under this bridge
[    5.254539][    T1] PCI host bridge to bus 0000:00
[    5.261416][    T1] pci_bus 0000:00: root bus resource [io  0x0000-0x0cf7 window]
[    5.263001][    T1] pci_bus 0000:00: root bus resource [io  0x0d00-0xffff window]
[    5.266110][    T1] pci_bus 0000:00: root bus resource [mem 0x000a0000-0x000bffff window]
[    5.274805][    T1] pci_bus 0000:00: root bus resource [mem 0x80000000-0xfebfffff window]
[    5.282545][    T1] pci_bus 0000:00: root bus resource [mem 0x200000000-0x27fffffff window]
[    5.286070][    T1] pci_bus 0000:00: root bus resource [bus 00-ff]
[    5.302702][    T1] pci 0000:00:00.0: [8086:1237] type 00 class 0x060000 conventional PCI endpoint
[    5.347006][    T1] pci 0000:00:01.0: [8086:7000] type 00 class 0x060100 conventional PCI endpoint
[    5.365819][    T1] pci 0000:00:01.1: [8086:7010] type 00 class 0x010180 conventional PCI endpoint
[    5.371499][    T1] pci 0000:00:01.1: BAR 4 [io  0xc000-0xc00f]
[    5.373431][    T1] pci 0000:00:01.1: BAR 0 [io  0x01f0-0x01f7]: legacy IDE quirk
[    5.375676][    T1] pci 0000:00:01.1: BAR 1 [io  0x03f6]: legacy IDE quirk
[    5.378231][    T1] pci 0000:00:01.1: BAR 2 [io  0x0170-0x0177]: legacy IDE quirk
[    5.380426][    T1] pci 0000:00:01.1: BAR 3 [io  0x0376]: legacy IDE quirk
[    5.383808][    T1] pci 0000:00:01.3: [8086:7113] type 00 class 0x068000 conventional PCI endpoint
[    5.390638][    T1] pci 0000:00:01.3: quirk: [io  0x0600-0x063f] claimed by PIIX4 ACPI
[    5.392620][    T1] pci 0000:00:01.3: quirk: [io  0x0700-0x070f] claimed by PIIX4 SMB
[    5.398569][    T1] pci 0000:00:02.0: [1234:1111] type 00 class 0x030000 conventional PCI endpoint
[    5.403917][    T1] pci 0000:00:02.0: BAR 0 [mem 0xfd000000-0xfdffffff pref]
[    5.412847][    T1] pci 0000:00:02.0: BAR 2 [mem 0xfebf0000-0xfebf0fff]
[    5.421539][    T1] pci 0000:00:02.0: ROM [mem 0xfebe0000-0xfebeffff pref]
[    5.425023][    T1] pci 0000:00:02.0: Video device with shadowed ROM at [mem 0x000c0000-0x000dffff]
[    5.460879][    T1] ACPI: PCI: Interrupt link LNKA configured for IRQ 10
[    5.465562][    T1] ACPI: PCI: Interrupt link LNKB configured for IRQ 10
[    5.475674][    T1] ACPI: PCI: Interrupt link LNKC configured for IRQ 11
[    5.481357][    T1] ACPI: PCI: Interrupt link LNKD configured for IRQ 11
[    5.483233][    T1] ACPI: PCI: Interrupt link LNKS configured for IRQ 9
[    5.512956][    T1] iommu: Default domain type: Translated
[    5.516752][    T1] iommu: DMA domain TLB invalidation policy: lazy mode
[    5.523965][    T1] SCSI subsystem initialized
[    5.534738][    T1] ACPI: bus type USB registered
[    5.536789][    T1] usbcore: registered new interface driver usbfs
[    5.541886][    T1] usbcore: registered new interface driver hub
[    5.543058][    T1] usbcore: registered new device driver usb
[    5.548793][    T1] mc: Linux media interface: v0.10
[    5.550448][    T1] videodev: Linux video capture interface: v2.00
[    5.553597][    T1] pps_core: LinuxPPS API ver. 1 registered
[    5.555281][    T1] pps_core: Software ver. 5.3.6 - Copyright 2005-2007 Rodolfo Giometti <giometti@linux.it>
[    5.561816][    T1] PTP clock support registered
[    5.583619][    T1] EDAC MC: Ver: 3.0.0
[    5.593743][    T1] Advanced Linux Sound Architecture Driver Initialized.
[    5.610081][    T1] Bluetooth: Core ver 2.22
[    5.612848][    T1] NET: Registered PF_BLUETOOTH protocol family
[    5.619568][    T1] Bluetooth: HCI device and connection manager initialized
[    5.623482][    T1] Bluetooth: HCI socket layer initialized
[    5.626122][    T1] Bluetooth: L2CAP socket layer initialized
[    5.629306][    T1] Bluetooth: SCO socket layer initialized
[    5.632932][    T1] NET: Registered PF_ATMPVC protocol family
[    5.637167][    T1] NET: Registered PF_ATMSVC protocol family
[    5.640007][    T1] NetLabel: Initializing
[    5.641286][    T1] NetLabel:  domain hash size = 128
[    5.642568][    T1] NetLabel:  protocols = UNLABELED CIPSOv4 CALIPSO
[    5.645051][    T1] NetLabel:  unlabeled traffic allowed by default
[    5.647831][    T1] nfc: nfc_init: NFC Core ver 0.1
[    5.653059][    T1] NET: Registered PF_NFC protocol family
[    5.654970][    T1] PCI: Using ACPI for IRQ routing
[    5.657485][    T1] pci 0000:00:02.0: vgaarb: setting as boot VGA device
[    5.657485][    T1] pci 0000:00:02.0: vgaarb: bridge control possible
[    5.657769][    T1] pci 0000:00:02.0: vgaarb: VGA device added: decodes=io+mem,owns=io+mem,locks=none
[    5.662581][    T1] vgaarb: loaded
[    5.666846][    T1] hpet0: at MMIO 0xfed00000, IRQs 2, 8, 0
[    5.668595][    T1] hpet0: 3 comparators, 64-bit 100.000000 MHz counter
[    5.674486][    T1] clocksource: Switched to clocksource kvm-clock
[    5.679691][    T1] VFS: Disk quotas dquot_6.6.0
[    5.681433][    T1] VFS: Dquot-cache hash table entries: 512 (order 0, 4096 bytes)
[    5.683374][    T1] netfs: FS-Cache loaded
[    5.685757][    T1] CacheFiles: Loaded
[    5.688910][    T1] TOMOYO: 2.6.0
[    5.690058][    T1] Mandatory Access Control activated.
[    5.694738][    T1] AppArmor: AppArmor Filesystem Enabled
[    5.696936][    T1] pnp: PnP ACPI init
[    5.704390][    T1] pnp: PnP ACPI: found 6 devices
[    5.781751][    T1] clocksource: acpi_pm: mask: 0xffffff max_cycles: 0xffffff, max_idle_ns: 2085701024 ns
[    5.798891][    T1] NET: Registered PF_INET protocol family
[    5.801937][    T1] IP idents hash table entries: 32768 (order: 6, 262144 bytes, linear)
[    5.810142][    T1] tcp_listen_portaddr_hash hash table entries: 1024 (order: 4, 73728 bytes, linear)
[    5.815073][    T1] Table-perturb hash table entries: 65536 (order: 6, 262144 bytes, linear)
[    5.818948][    T1] TCP established hash table entries: 16384 (order: 5, 131072 bytes, linear)
[    5.836746][    T1] TCP bind hash table entries: 16384 (order: 9, 2359296 bytes, linear)
[    5.841738][    T1] TCP: Hash tables configured (established 16384 bind 16384)
[    5.845484][    T1] MPTCP token hash table entries: 2048 (order: 5, 180224 bytes, linear)
[    5.848267][    T1] UDP hash table entries: 1024 (order: 5, 163840 bytes, linear)
[    5.852842][    T1] UDP-Lite hash table entries: 1024 (order: 5, 163840 bytes, linear)
[    5.859314][    T1] NET: Registered PF_UNIX/PF_LOCAL protocol family
[    5.877148][    T1] RPC: Registered named UNIX socket transport module.
[    5.879034][    T1] RPC: Registered udp transport module.
[    5.880729][    T1] RPC: Registered tcp transport module.
[    5.882413][    T1] RPC: Registered tcp-with-tls transport module.
[    5.884384][    T1] RPC: Registered tcp NFSv4.1 backchannel transport module.
[    5.898942][    T1] NET: Registered PF_XDP protocol family
[    5.900876][    T1] pci_bus 0000:00: resource 4 [io  0x0000-0x0cf7 window]
[    5.903151][    T1] pci_bus 0000:00: resource 5 [io  0x0d00-0xffff window]
[    5.907721][    T1] pci_bus 0000:00: resource 6 [mem 0x000a0000-0x000bffff window]
[    5.913491][    T1] pci_bus 0000:00: resource 7 [mem 0x80000000-0xfebfffff window]
[    5.915773][    T1] pci_bus 0000:00: resource 8 [mem 0x200000000-0x27fffffff window]
[    5.918623][    T1] pci 0000:00:01.0: PIIX3: Enabling Passive Release
[    5.920518][    T1] pci 0000:00:00.0: Limiting direct PCI/PCI transfers
[    5.923148][    T1] PCI: CLS 0 bytes, default 64
[    5.928905][   T35] Trying to unpack rootfs image as initramfs...
[    5.931898][    T1] PCI-DMA: Using software bounce buffering for IO (SWIOTLB)
[    5.934057][    T1] software IO TLB: mapped [mem 0x0000000065500000-0x0000000069500000] (64MB)
[    5.936820][    T1] ACPI: bus type thunderbolt registered
[    5.962048][    T1] RAPL PMU: API unit is 2^-32 Joules, 0 fixed counters, 10737418240 ms ovfl timer
[    6.024406][    T1] kvm_amd: CPU 0 isn't AMD or Hygon
[    6.026032][    T1] clocksource: tsc: mask: 0xffffffffffffffff max_cycles: 0x2b2c8ec87c7, max_idle_ns: 440795278598 ns
[    6.113226][   T35] Freeing initrd memory: 1336K
[    6.116840][   T68] kworker/u8:4 (68) used greatest stack depth: 28352 bytes left
[    6.119509][   T71] kworker/u8:4 (71) used greatest stack depth: 27376 bytes left
[    7.351246][    T1] Initialise system trusted keyrings
[    7.354100][    T1] workingset: timestamp_bits=40 max_order=19 bucket_order=0
[    7.359958][    T1] DLM installed
[    7.362760][    T1] squashfs: version 4.0 (2009/01/31) Phillip Lougher
[    7.379438][    T1] NFS: Registering the id_resolver key type
[    7.381341][    T1] Key type id_resolver registered
[    7.383335][    T1] Key type id_legacy registered
[    7.385113][    T1] nfs4filelayout_init: NFSv4 File Layout Driver Registering...
[    7.387711][    T1] nfs4flexfilelayout_init: NFSv4 Flexfile Layout Driver Registering...
[    7.397944][    T1] Key type cifs.spnego registered
[    7.400503][    T1] Key type cifs.idmap registered
[    7.403053][    T1] ntfs3: Enabled Linux POSIX ACLs support
[    7.407367][    T1] ntfs3: Read-only LZX/Xpress compression included
[    7.410796][    T1] efs: 1.0a - http://aeschi.ch.eu.org/efs/
[    7.413440][    T1] jffs2: version 2.2. (NAND) (SUMMARY)  © 2001-2006 Red Hat, Inc.
[    7.417339][    T1] romfs: ROMFS MTD (C) 2007 Red Hat, Inc.
[    7.419012][    T1] QNX4 filesystem 0.2.3 registered.
[    7.420551][    T1] qnx6: QNX6 filesystem 1.0.0 registered.
[    7.427341][    T1] fuse: init (API version 7.41)
[    7.435332][    T1] orangefs_debugfs_init: called with debug mask: :none: :0:
[    7.438167][    T1] orangefs_init: module version upstream loaded
[    7.440252][    T1] JFS: nTxBlock = 8192, nTxLock = 65536
[    7.463000][    T1] SGI XFS with ACLs, security attributes, realtime, quota, no debug enabled
[    7.468157][    T1] 9p: Installing v9fs 9p2000 file system support
[    7.470367][    T1] NILFS version 2 loaded
[    7.472990][    T1] befs: version: 0.9.3
[    7.477382][    T1] ocfs2: Registered cluster interface o2cb
[    7.479629][    T1] ocfs2: Registered cluster interface user
[    7.483108][    T1] OCFS2 User DLM kernel interface loaded
[    7.496617][    T1] gfs2: GFS2 installed
[    7.505907][    T1] ceph: loaded (mds proto 32)
[    7.523737][    T1] NET: Registered PF_ALG protocol family
[    7.525857][    T1] xor: automatically using best checksumming function   avx       
[    7.529027][    T1] async_tx: api initialized (async)
[    7.531717][    T1] Key type asymmetric registered
[    7.534409][    T1] Asymmetric key parser 'x509' registered
[    7.536035][    T1] Asymmetric key parser 'pkcs8' registered
[    7.537706][    T1] Key type pkcs7_test registered
[    7.539899][    T1] Block layer SCSI generic (bsg) driver version 0.4 loaded (major 238)
[    7.543267][    T1] io scheduler mq-deadline registered
[    7.544738][    T1] io scheduler kyber registered
[    7.546258][    T1] io scheduler bfq registered
[    7.560345][    T1] input: Power Button as /devices/LNXSYSTM:00/LNXPWRBN:00/input/input0
[    7.564991][    T1] ACPI: button: Power Button [PWRF]
[    7.658337][  T162] kworker/u8:3 (162) used greatest stack depth: 26880 bytes left
[    7.659341][    T1] ioatdma: Intel(R) QuickData Technology Driver 5.00
[    7.938345][    T1] N_HDLC line discipline registered with maxframe=4096
[    7.941404][    T1] Serial: 8250/16550 driver, 4 ports, IRQ sharing enabled
[    7.947132][    T1] 00:04: ttyS0 at I/O 0x3f8 (irq = 4, base_baud = 115200) is a 16550A
[    7.967895][    T1] Non-volatile memory driver v1.3
[    7.969946][    T1] Linux agpgart interface v0.103
[    7.973000][    T1] usbcore: registered new interface driver xillyusb
[    7.976619][    T1] ACPI: bus type drm_connector registered
[    7.980892][    T1] [drm] Initialized vgem 1.0.0 for vgem on minor 0
[    7.990153][    T1] [drm] Initialized vkms 1.0.0 for vkms on minor 1
[    8.050026][    T1] Console: switching to colour frame buffer device 128x48
[    8.070613][    T1] platform vkms: [drm] fb0: vkmsdrmfb frame buffer device
[    8.074996][    T1] usbcore: registered new interface driver udl
[    8.078636][    T1] bochs-drm 0000:00:02.0: vgaarb: deactivate vga console
[    8.091004][    T1] [drm] Found bochs VGA, ID 0xb0c5.
[    8.094146][    T1] [drm] Framebuffer size 16384 kB @ 0xfd000000, mmio @ 0xfebf0000.
[    8.101338][    T1] [drm] Found EDID data blob.
[    8.105565][    T1] [drm] Initialized bochs-drm 1.0.0 for 0000:00:02.0 on minor 2
[    8.113417][    T1] fbcon: bochs-drmdrmfb (fb1) is primary device
[    8.113431][    T1] fbcon: Remapping primary device, fb1, to tty 1-63
[    8.574859][    T1] bochs-drm 0000:00:02.0: [drm] fb1: bochs-drmdrmfb frame buffer device
[    8.579057][    T1] usbcore: registered new interface driver gm12u320
[    8.583915][    T1] usbcore: registered new interface driver gud
[    8.616651][    T1] brd: module loaded
[    8.665470][    T1] loop: module loaded
[    8.755934][    T1] zram: Added device: zram0
[    8.762457][    T1] null_blk: disk nullb0 created
[    8.763673][    T1] null_blk: module loaded
[    8.765307][    T1] Guest personality initialized and is inactive
[    8.773061][    T1] VMCI host device registered (name=vmci, major=10, minor=118)
[    8.779349][    T1] Initialized host personality
[    8.782580][    T1] usbcore: registered new interface driver rtsx_usb
[    8.785106][    T1] usbcore: registered new interface driver viperboard
[    8.787235][    T1] usbcore: registered new interface driver dln2
[    8.790005][    T1] usbcore: registered new interface driver pn533_usb
[    8.799268][    T1] nfcsim 0.2 initialized
[    8.800604][    T1] usbcore: registered new interface driver port100
[    8.802641][    T1] usbcore: registered new interface driver nfcmrvl
[    8.985160][    C1] vkms_vblank_simulate: vblank timer overrun
[    9.126919][    T1] Loading iSCSI transport class v2.0-870.
[    9.135090][    T1] st: Version 20160209, fixed bufsize 32768, s/g segs 256
[    9.203637][    T1] scsi host0: ata_piix
[    9.206357][    T1] scsi host1: ata_piix
[    9.208048][    T1] ata1: PATA max MWDMA2 cmd 0x1f0 ctl 0x3f6 bmdma 0xc000 irq 14 lpm-pol 0
[    9.210881][    T1] ata2: PATA max MWDMA2 cmd 0x170 ctl 0x376 bmdma 0xc008 irq 15 lpm-pol 0
[    9.219161][    T1] Rounding down aligned max_sectors from 4294967295 to 4294967288
[    9.223511][    T1] db_root: cannot open: /etc/target
[    9.226190][    T1] slram: not enough parameters.
[    9.232650][    T1] ftl_cs: FTL header not found.
[    9.259172][    T1] wireguard: WireGuard 1.0.0 loaded. See www.wireguard.com for information.
[    9.263392][    T1] wireguard: Copyright (C) 2015-2019 Jason A. Donenfeld <Jason@zx2c4.com>. All Rights Reserved.
[    9.267765][    T1] eql: Equalizer2002: Simon Janes (simon@ncm.com) and David S. Miller (davem@redhat.com)
[    9.274722][    T1] MACsec IEEE 802.1AE
[    9.280885][    T1] usbcore: registered new interface driver mvusb_mdio
[    9.284132][    T1] tun: Universal TUN/TAP device driver, 1.6
[    9.289812][    T1] vcan: Virtual CAN interface driver
[    9.295038][    T1] vxcan: Virtual CAN Tunnel driver
[    9.296552][    T1] slcan: serial line CAN interface driver
[    9.298189][    T1] CAN device driver interface
[    9.300047][    T1] usbcore: registered new interface driver usb_8dev
[    9.304105][    T1] usbcore: registered new interface driver ems_usb
[    9.306763][    T1] usbcore: registered new interface driver esd_usb
[    9.308738][    T1] usbcore: registered new interface driver etas_es58x
[    9.310861][    T1] usbcore: registered new interface driver f81604
[    9.312782][    T1] usbcore: registered new interface driver gs_usb
[    9.315100][    T1] usbcore: registered new interface driver kvaser_usb
[    9.317198][    T1] usbcore: registered new interface driver mcba_usb
[    9.319296][    T1] usbcore: registered new interface driver peak_usb
[    9.322651][    T1] usbcore: registered new interface driver ucan
[    9.324910][    T1] e100: Intel(R) PRO/100 Network Driver
[    9.327969][    T1] e100: Copyright(c) 1999-2006 Intel Corporation
[    9.331097][    T1] e1000: Intel(R) PRO/1000 Network Driver
[    9.332802][    T1] e1000: Copyright (c) 1999-2006 Intel Corporation.
[    9.334876][    T1] e1000e: Intel(R) PRO/1000 Network Driver
[    9.337188][    T1] e1000e: Copyright(c) 1999 - 2015 Intel Corporation.
[    9.340718][    T1] mkiss: AX.25 Multikiss, Hans Albas PE1AYX
[    9.343328][    T1] AX.25: bpqether driver version 004
[    9.345061][    T1] PPP generic driver version 2.4.2
[    9.348474][    T1] PPP BSD Compression module registered
[    9.350117][    T1] PPP Deflate Compression module registered
[    9.352555][    T1] PPP MPPE Compression module registered
[    9.354360][    T1] NET: Registered PF_PPPOX protocol family
[    9.356798][    T1] PPTP driver version 0.8.5
[    9.359142][    T1] SLIP: version 0.8.4-NET3.019-NEWTTY (dynamic channels, max=256) (6 bit encapsulation enabled).
[    9.364765][    T1] CSLIP: code copyright 1989 Regents of the University of California.
[    9.367105][    T1] SLIP linefill/keepalive option.
[    9.368767][    T1] hdlc: HDLC support module revision 1.22
[    9.370586][    T1] LAPB Ethernet driver version 0.02
[    9.373620][    T1] usbcore: registered new interface driver ath9k_htc
[    9.376002][    T1] usbcore: registered new interface driver carl9170
[    9.378062][    T1] usbcore: registered new interface driver ath6kl_usb
[    9.380240][    T1] usbcore: registered new interface driver ar5523
[    9.384498][ T1018] ata2: found unknown device (class 0)
[    9.386331][    T1] usbcore: registered new interface driver ath10k_usb
[    9.388747][    T1] usbcore: registered new interface driver plfxlc
[    9.389687][ T1018] ata2.00: ATAPI: QEMU DVD-ROM, 2.5+, max UDMA/100
[    9.392599][    T1] mac80211_hwsim: initializing netlink
[    9.413071][  T180] scsi 1:0:0:0: CD-ROM            QEMU     QEMU DVD-ROM     2.5+ PQ: 0 ANSI: 5
[    9.415555][    T1] usbcore: registered new interface driver atusb
[    9.442018][    T1] mac802154_hwsim mac802154_hwsim: Added 2 mac802154 hwsim hardware radios
[    9.448181][    T1] VMware vmxnet3 virtual NIC driver - version 1.9.0.0-k-NAPI
[    9.450949][    T1] usbcore: registered new interface driver catc
[    9.453801][    T1] usbcore: registered new interface driver kaweth
[    9.455513][    T1] pegasus: Pegasus/Pegasus II USB Ethernet driver
[    9.457912][    T1] usbcore: registered new interface driver pegasus
[    9.465417][    T1] usbcore: registered new interface driver rtl8150
[    9.467797][    T1] usbcore: registered new device driver r8152-cfgselector
[    9.470791][    T1] usbcore: registered new interface driver r8152
[    9.477363][    T1] usbcore: registered new interface driver hso
[    9.479638][    T1] usbcore: registered new interface driver lan78xx
[    9.481792][    T1] usbcore: registered new interface driver asix
[    9.483903][    T1] usbcore: registered new interface driver ax88179_178a
[    9.486970][    T1] usbcore: registered new interface driver cdc_ether
[    9.489141][    T1] usbcore: registered new interface driver cdc_eem
[    9.494804][    T1] usbcore: registered new interface driver dm9601
[    9.498138][    T1] usbcore: registered new interface driver sr9700
[    9.502185][    T1] usbcore: registered new interface driver CoreChips
[    9.504624][    T1] usbcore: registered new interface driver smsc75xx
[    9.506468][    T1] usbcore: registered new interface driver smsc95xx
[    9.508079][    T1] usbcore: registered new interface driver gl620a
[    9.509730][    T1] usbcore: registered new interface driver net1080
[    9.511756][    T1] usbcore: registered new interface driver plusb
[    9.513693][    T1] usbcore: registered new interface driver rndis_host
[    9.515910][    T1] usbcore: registered new interface driver cdc_subset
[    9.519009][    T1] usbcore: registered new interface driver zaurus
[    9.520955][    T1] usbcore: registered new interface driver MOSCHIP usb-ethernet driver
[    9.524588][    T1] usbcore: registered new interface driver int51x1
[    9.526710][    T1] usbcore: registered new interface driver cdc_phonet
[    9.529675][    T1] usbcore: registered new interface driver kalmia
[    9.529680][  T180] sr 1:0:0:0: [sr0] scsi3-mmc drive: 4x/4x cd/rw xa/form2 tray
[    9.533833][    T1] usbcore: registered new interface driver ipheth
[    9.533934][    T1] usbcore: registered new interface driver sierra_net
[    9.538445][  T180] cdrom: Uniform CD-ROM driver Revision: 3.20
[    9.542313][    T1] usbcore: registered new interface driver cx82310_eth
[    9.549257][    T1] usbcore: registered new interface driver cdc_ncm
[    9.555087][    T1] usbcore: registered new interface driver huawei_cdc_ncm
[    9.557556][    T1] usbcore: registered new interface driver lg-vl600
[    9.559508][    T1] usbcore: registered new interface driver qmi_wwan
[    9.561544][    T1] usbcore: registered new interface driver cdc_mbim
[    9.563536][    T1] usbcore: registered new interface driver ch9200
[    9.565520][    T1] usbcore: registered new interface driver aqc111
[    9.567597][    T1] usbcore: registered new interface driver r8153_ecm
[    9.584612][    T1] VFIO - User Level meta-driver version: 0.3
[    9.590281][    T1] aoe: AoE v85 initialised.
[    9.590441][  T180] sr 1:0:0:0: Attached scsi generic sg0 type 5
[    9.598174][    T1] SPI driver max3421-hcd has no spi_device_id for maxim,max3421
[    9.600860][    T1] usbcore: registered new interface driver cdc_acm
[    9.609511][    T1] cdc_acm: USB Abstract Control Model driver for USB modems and ISDN adapters
[    9.613042][    T1] usbcore: registered new interface driver usblp
[    9.615859][    T1] usbcore: registered new interface driver cdc_wdm
[    9.620295][    T1] usbcore: registered new interface driver usbtmc
[    9.627211][    T1] usbcore: registered new interface driver uas
[    9.629187][    T1] usbcore: registered new interface driver usb-storage
[    9.633037][    T1] usbcore: registered new interface driver ums-alauda
[    9.635145][    T1] usbcore: registered new interface driver ums-cypress
[    9.637621][    T1] usbcore: registered new interface driver ums-datafab
[    9.639937][    T1] usbcore: registered new interface driver ums_eneub6250
[    9.642035][    T1] usbcore: registered new interface driver ums-freecom
[    9.644029][    T1] usbcore: registered new interface driver ums-isd200
[    9.646083][    T1] usbcore: registered new interface driver ums-jumpshot
[    9.648232][    T1] usbcore: registered new interface driver ums-karma
[    9.651245][    T1] usbcore: registered new interface driver ums-onetouch
[    9.653594][    T1] usbcore: registered new interface driver ums-realtek
[    9.656165][    T1] usbcore: registered new interface driver ums-sddr09
[    9.660091][    T1] usbcore: registered new interface driver ums-sddr55
[    9.662684][    T1] usbcore: registered new interface driver ums-usbat
[    9.665048][    T1] usbcore: registered new interface driver mdc800
[    9.666902][    T1] mdc800: v0.7.5 (30/10/2000):USB Driver for Mustek MDC800 Digital Camera
[    9.669540][    T1] usbcore: registered new interface driver microtekX6
[    9.672323][    T1] usbcore: registered new interface driver usbserial_generic
[    9.675344][    T1] usbserial: USB Serial support registered for generic
[    9.677540][    T1] usbcore: registered new interface driver aircable
[    9.681024][    T1] usbserial: USB Serial support registered for aircable
[    9.683683][    T1] usbcore: registered new interface driver ark3116
[    9.687548][    T1] usbserial: USB Serial support registered for ark3116
[    9.692449][    T1] usbcore: registered new interface driver belkin_sa
[    9.694756][    T1] usbserial: USB Serial support registered for Belkin / Peracom / GoHubs USB Serial Adapter
[    9.698088][    T1] usbcore: registered new interface driver ch341
[    9.700051][    T1] usbserial: USB Serial support registered for ch341-uart
[    9.702360][    T1] usbcore: registered new interface driver cp210x
[    9.704383][    T1] usbserial: USB Serial support registered for cp210x
[    9.708303][    T1] usbcore: registered new interface driver cyberjack
[    9.710838][    T1] usbserial: USB Serial support registered for Reiner SCT Cyberjack USB card reader
[    9.714061][    T1] usbcore: registered new interface driver cypress_m8
[    9.716032][    T1] usbserial: USB Serial support registered for DeLorme Earthmate USB
[    9.718463][    T1] usbserial: USB Serial support registered for HID->COM RS232 Adapter
[    9.720963][    T1] usbserial: USB Serial support registered for Nokia CA-42 V2 Adapter
[    9.724401][    T1] usbcore: registered new interface driver usb_debug
[    9.726546][    T1] usbserial: USB Serial support registered for debug
[    9.728561][    T1] usbserial: USB Serial support registered for xhci_dbc
[    9.730869][    T1] usbcore: registered new interface driver digi_acceleport
[    9.733085][    T1] usbserial: USB Serial support registered for Digi 2 port USB adapter
[    9.735559][    T1] usbserial: USB Serial support registered for Digi 4 port USB adapter
[    9.739063][    T1] usbcore: registered new interface driver io_edgeport
[    9.741336][    T1] usbserial: USB Serial support registered for Edgeport 2 port adapter
[    9.747446][    T1] usbserial: USB Serial support registered for Edgeport 4 port adapter
[    9.750274][    T1] usbserial: USB Serial support registered for Edgeport 8 port adapter
[    9.753893][    T1] usbserial: USB Serial support registered for EPiC device
[    9.756467][    T1] usbcore: registered new interface driver io_ti
[    9.758441][    T1] usbserial: USB Serial support registered for Edgeport TI 1 port adapter
[    9.761498][    T1] usbserial: USB Serial support registered for Edgeport TI 2 port adapter
[    9.764302][    T1] usbcore: registered new interface driver empeg
[    9.766556][    T1] usbserial: USB Serial support registered for empeg
[    9.770596][    T1] usbcore: registered new interface driver f81534a_ctrl
[    9.773654][    T1] usbcore: registered new interface driver f81232
[    9.775762][    T1] usbserial: USB Serial support registered for f81232
[    9.777908][    T1] usbserial: USB Serial support registered for f81534a
[    9.780892][    T1] usbcore: registered new interface driver f81534
[    9.784166][    T1] usbserial: USB Serial support registered for Fintek F81532/F81534
[    9.786860][    T1] usbcore: registered new interface driver ftdi_sio
[    9.790046][    T1] usbserial: USB Serial support registered for FTDI USB Serial Device
[    9.792824][    T1] usbcore: registered new interface driver garmin_gps
[    9.796026][    T1] usbserial: USB Serial support registered for Garmin GPS usb/tty
[    9.800728][    T1] usbcore: registered new interface driver ipaq
[    9.802848][    T1] usbserial: USB Serial support registered for PocketPC PDA
[    9.805179][    T1] usbcore: registered new interface driver ipw
[    9.807584][    T1] usbserial: USB Serial support registered for IPWireless converter
[    9.811752][    T1] usbcore: registered new interface driver ir_usb
[    9.813842][    T1] usbserial: USB Serial support registered for IR Dongle
[    9.816229][    T1] usbcore: registered new interface driver iuu_phoenix
[    9.818332][    T1] usbserial: USB Serial support registered for iuu_phoenix
[    9.821087][    T1] usbcore: registered new interface driver keyspan
[    9.823414][    T1] usbserial: USB Serial support registered for Keyspan - (without firmware)
[    9.826209][    T1] usbserial: USB Serial support registered for Keyspan 1 port adapter
[    9.828753][    T1] usbserial: USB Serial support registered for Keyspan 2 port adapter
[    9.831428][    T1] usbserial: USB Serial support registered for Keyspan 4 port adapter
[    9.834359][    T1] usbcore: registered new interface driver keyspan_pda
[    9.836566][    T1] usbserial: USB Serial support registered for Keyspan PDA
[    9.840155][    T1] usbserial: USB Serial support registered for Keyspan PDA - (prerenumeration)
[    9.843640][    T1] usbcore: registered new interface driver kl5kusb105
[    9.845739][    T1] usbserial: USB Serial support registered for KL5KUSB105D / PalmConnect
[    9.848544][    T1] usbcore: registered new interface driver kobil_sct
[    9.850707][    T1] usbserial: USB Serial support registered for KOBIL USB smart card terminal
[    9.853966][    T1] usbcore: registered new interface driver mct_u232
[    9.856040][    T1] usbserial: USB Serial support registered for MCT U232
[    9.858374][    T1] usbcore: registered new interface driver metro_usb
[    9.860549][    T1] usbserial: USB Serial support registered for Metrologic USB to Serial
[    9.863941][    T1] usbcore: registered new interface driver mos7720
[    9.866127][    T1] usbserial: USB Serial support registered for Moschip 2 port adapter
[    9.869137][    T1] usbcore: registered new interface driver mos7840
[    9.871591][    T1] usbserial: USB Serial support registered for Moschip 7840/7820 USB Serial Driver
[    9.875980][    T1] usbcore: registered new interface driver mxuport
[    9.879469][    T1] usbserial: USB Serial support registered for MOXA UPort
[    9.881822][    T1] usbcore: registered new interface driver navman
[    9.883844][    T1] usbserial: USB Serial support registered for navman
[    9.886077][    T1] usbcore: registered new interface driver omninet
[    9.889192][    T1] usbserial: USB Serial support registered for ZyXEL - omni.net usb
[    9.892245][    T1] usbcore: registered new interface driver opticon
[    9.895793][    T1] usbserial: USB Serial support registered for opticon
[    9.901842][    T1] usbcore: registered new interface driver option
[    9.904063][    T1] usbserial: USB Serial support registered for GSM modem (1-port)
[    9.908362][    T1] usbcore: registered new interface driver oti6858
[    9.912362][    T1] usbserial: USB Serial support registered for oti6858
[    9.914781][    T1] usbcore: registered new interface driver pl2303
[    9.916764][    T1] usbserial: USB Serial support registered for pl2303
[    9.919518][    T1] usbcore: registered new interface driver qcaux
[    9.921742][    T1] usbserial: USB Serial support registered for qcaux
[    9.924273][    T1] usbcore: registered new interface driver qcserial
[    9.927490][    T1] usbserial: USB Serial support registered for Qualcomm USB modem
[    9.931793][    T1] usbcore: registered new interface driver quatech2
[    9.937028][    T1] usbserial: USB Serial support registered for Quatech 2nd gen USB to Serial Driver
[    9.939873][    T1] usbcore: registered new interface driver safe_serial
[    9.942146][    T1] usbserial: USB Serial support registered for safe_serial
[    9.944327][    T1] usbcore: registered new interface driver sierra
[    9.946337][    T1] usbserial: USB Serial support registered for Sierra USB modem
[    9.948921][    T1] usbcore: registered new interface driver usb_serial_simple
[    9.953441][    T1] usbserial: USB Serial support registered for carelink
[    9.955536][    T1] usbserial: USB Serial support registered for flashloader
[    9.957918][    T1] usbserial: USB Serial support registered for funsoft
[    9.960285][    T1] usbserial: USB Serial support registered for google
[    9.965271][    T1] usbserial: USB Serial support registered for hp4x
[    9.968613][    T1] usbserial: USB Serial support registered for kaufmann
[    9.970676][    T1] usbserial: USB Serial support registered for libtransistor
[    9.973788][    T1] usbserial: USB Serial support registered for moto_modem
[    9.979313][    T1] usbserial: USB Serial support registered for motorola_tetra
[    9.982151][    T1] usbserial: USB Serial support registered for nokia
[    9.985449][    T1] usbserial: USB Serial support registered for novatel_gps
[    9.987628][    T1] usbserial: USB Serial support registered for siemens_mpi
[    9.990469][    T1] usbserial: USB Serial support registered for suunto
[    9.993489][    T1] usbserial: USB Serial support registered for vivopay
[    9.997580][    T1] usbserial: USB Serial support registered for zio
[   10.003264][    T1] usbcore: registered new interface driver spcp8x5
[   10.005470][    T1] usbserial: USB Serial support registered for SPCP8x5
[   10.007726][    T1] usbcore: registered new interface driver ssu100
[   10.010150][    T1] usbserial: USB Serial support registered for Quatech SSU-100 USB to Serial Driver
[   10.016440][    T1] usbcore: registered new interface driver symbolserial
[   10.019505][    T1] usbserial: USB Serial support registered for symbol
[   10.024144][    T1] usbcore: registered new interface driver ti_usb_3410_5052
[   10.027782][    T1] usbserial: USB Serial support registered for TI USB 3410 1 port adapter
[   10.030606][    T1] usbserial: USB Serial support registered for TI USB 5052 2 port adapter
[   10.035903][    T1] usbcore: registered new interface driver upd78f0730
[   10.040491][    T1] usbserial: USB Serial support registered for upd78f0730
[   10.042817][    T1] usbcore: registered new interface driver visor
[   10.044832][    T1] usbserial: USB Serial support registered for Handspring Visor / Palm OS
[   10.048645][    T1] usbserial: USB Serial support registered for Sony Clie 5.0
[   10.053374][    T1] usbserial: USB Serial support registered for Sony Clie 3.5
[   10.059014][    T1] usbcore: registered new interface driver wishbone_serial
[   10.061171][    T1] usbserial: USB Serial support registered for wishbone_serial
[   10.063468][    T1] usbcore: registered new interface driver whiteheat
[   10.065575][    T1] usbserial: USB Serial support registered for Connect Tech - WhiteHEAT - (prerenumeration)
[   10.068628][    T1] usbserial: USB Serial support registered for Connect Tech - WhiteHEAT
[   10.071208][    T1] usbcore: registered new interface driver xr_serial
[   10.075606][    T1] usbserial: USB Serial support registered for xr_serial
[   10.077845][    T1] usbcore: registered new interface driver xsens_mt
[   10.082666][    T1] usbserial: USB Serial support registered for xsens_mt
[   10.084998][    T1] usbcore: registered new interface driver adutux
[   10.087118][    T1] usbcore: registered new interface driver appledisplay
[   10.089313][    T1] usbcore: registered new interface driver cypress_cy7c63
[   10.092050][    T1] usbcore: registered new interface driver cytherm
[   10.095066][    T1] usbcore: registered new interface driver emi26 - firmware loader
[   10.097369][    T1] usbcore: registered new interface driver emi62 - firmware loader
[   10.100346][    T1] usbcore: registered new device driver apple-mfi-fastcharge
[   10.102751][    T1] usbcore: registered new interface driver ljca
[   10.104892][    T1] usbcore: registered new interface driver idmouse
[   10.106752][    T1] usbcore: registered new interface driver iowarrior
[   10.108661][    T1] usbcore: registered new interface driver isight_firmware
[   10.110855][    T1] usbcore: registered new interface driver usblcd
[   10.112946][    T1] usbcore: registered new interface driver ldusb
[   10.115777][    T1] usbcore: registered new interface driver legousbtower
[   10.118006][    T1] usbcore: registered new interface driver usbtest
[   10.120112][    T1] usbcore: registered new interface driver usb_ehset_test
[   10.123977][    T1] usbcore: registered new interface driver trancevibrator
[   10.128061][    T1] usbcore: registered new interface driver uss720
[   10.130005][    T1] uss720: USB Parport Cable driver for Cables using the Lucent Technologies USS720 Chip
[   10.133076][    T1] uss720: NOTE: this is a special purpose driver to allow nonstandard
[   10.135649][    T1] uss720: protocols (eg. bitbang) over USS720 usb to parallel cables
[   10.138119][    T1] uss720: If you just want to connect to a printer, use usblp instead
[   10.141712][    T1] usbcore: registered new interface driver usbsevseg
[   10.143882][    T1] usbcore: registered new interface driver yurex
[   10.149442][    T1] usbcore: registered new interface driver chaoskey
[   10.151587][    T1] usbcore: registered new interface driver sisusb
[   10.153863][    T1] usbcore: registered new interface driver lvs
[   10.156737][    T1] usbcore: registered new interface driver cxacru
[   10.158652][    T1] usbcore: registered new interface driver speedtch
[   10.160722][    T1] usbcore: registered new interface driver ueagle-atm
[   10.162754][    T1] xusbatm: malformed module parameters
[   10.166025][    T1] dummy_hcd dummy_hcd.0: USB Host+Gadget Emulator, driver 02 May 2005
[   10.168686][    T1] dummy_hcd dummy_hcd.0: Dummy host controller
[   10.173629][    T1] dummy_hcd dummy_hcd.0: new USB bus registered, assigned bus number 1
[   10.177999][    T1] usb usb1: New USB device found, idVendor=1d6b, idProduct=0002, bcdDevice= 6.12
[   10.180950][    T1] usb usb1: New USB device strings: Mfr=3, Product=2, SerialNumber=1
[   10.183527][    T1] usb usb1: Product: Dummy host controller
[   10.185346][    T1] usb usb1: Manufacturer: Linux 6.12.0-rc6-g2e1b3cc9d7f7-dirty dummy_hcd
[   10.188099][    T1] usb usb1: SerialNumber: dummy_hcd.0
[   10.194834][    T1] hub 1-0:1.0: USB hub found
[   10.196780][    T1] hub 1-0:1.0: 1 port detected
[   10.203567][    T1] SPI driver max3420-udc has no spi_device_id for maxim,max3421-udc
[   10.206726][    T1] gadgetfs: USB Gadget filesystem, version 24 Aug 2004
[   10.220804][    T1] vhci_hcd vhci_hcd.0: USB/IP Virtual Host Controller
[   10.224318][    T1] vhci_hcd vhci_hcd.0: new USB bus registered, assigned bus number 2
[   10.226967][    T1] vhci_hcd: created sysfs vhci_hcd.0
[   10.229055][    T1] usb usb2: New USB device found, idVendor=1d6b, idProduct=0002, bcdDevice= 6.12
[   10.234504][    T1] usb usb2: New USB device strings: Mfr=3, Product=2, SerialNumber=1
[   10.237337][    T1] usb usb2: Product: USB/IP Virtual Host Controller
[   10.239716][    T1] usb usb2: Manufacturer: Linux 6.12.0-rc6-g2e1b3cc9d7f7-dirty vhci_hcd
[   10.242744][    T1] usb usb2: SerialNumber: vhci_hcd.0
[   10.249060][    T1] hub 2-0:1.0: USB hub found
[   10.252987][    T1] hub 2-0:1.0: 8 ports detected
[   10.259163][    T1] vhci_hcd vhci_hcd.0: USB/IP Virtual Host Controller
[   10.262265][    T1] vhci_hcd vhci_hcd.0: new USB bus registered, assigned bus number 3
[   10.265111][    T1] usb usb3: We don't know the algorithms for LPM for this host, disabling LPM.
[   10.268252][    T1] usb usb3: New USB device found, idVendor=1d6b, idProduct=0003, bcdDevice= 6.12
[   10.271222][    T1] usb usb3: New USB device strings: Mfr=3, Product=2, SerialNumber=1
[   10.275283][    T1] usb usb3: Product: USB/IP Virtual Host Controller
[   10.277355][    T1] usb usb3: Manufacturer: Linux 6.12.0-rc6-g2e1b3cc9d7f7-dirty vhci_hcd
[   10.280200][    T1] usb usb3: SerialNumber: vhci_hcd.0
[   10.285681][    T1] hub 3-0:1.0: USB hub found
[   10.287293][    T1] hub 3-0:1.0: 8 ports detected
[   10.294317][    T1] vhci_hcd vhci_hcd.1: USB/IP Virtual Host Controller
[   10.299859][    T1] vhci_hcd vhci_hcd.1: new USB bus registered, assigned bus number 4
[   10.302748][    T1] usb usb4: New USB device found, idVendor=1d6b, idProduct=0002, bcdDevice= 6.12
[   10.305490][    T1] usb usb4: New USB device strings: Mfr=3, Product=2, SerialNumber=1
[   10.307872][    T1] usb usb4: Product: USB/IP Virtual Host Controller
[   10.310564][    T1] usb usb4: Manufacturer: Linux 6.12.0-rc6-g2e1b3cc9d7f7-dirty vhci_hcd
[   10.315625][    T1] usb usb4: SerialNumber: vhci_hcd.1
[   10.321007][    T1] hub 4-0:1.0: USB hub found
[   10.322796][    T1] hub 4-0:1.0: 8 ports detected
[   10.327256][    T1] vhci_hcd vhci_hcd.1: USB/IP Virtual Host Controller
[   10.330576][    T1] vhci_hcd vhci_hcd.1: new USB bus registered, assigned bus number 5
[   10.333249][    T1] usb usb5: We don't know the algorithms for LPM for this host, disabling LPM.
[   10.338175][    T1] usb usb5: New USB device found, idVendor=1d6b, idProduct=0003, bcdDevice= 6.12
[   10.340930][    T1] usb usb5: New USB device strings: Mfr=3, Product=2, SerialNumber=1
[   10.343444][    T1] usb usb5: Product: USB/IP Virtual Host Controller
[   10.345606][    T1] usb usb5: Manufacturer: Linux 6.12.0-rc6-g2e1b3cc9d7f7-dirty vhci_hcd
[   10.348267][    T1] usb usb5: SerialNumber: vhci_hcd.1
[   10.351507][    T1] hub 5-0:1.0: USB hub found
[   10.354873][    T1] hub 5-0:1.0: 8 ports detected
[   10.361535][    T1] vhci_hcd vhci_hcd.2: USB/IP Virtual Host Controller
[   10.364538][    T1] vhci_hcd vhci_hcd.2: new USB bus registered, assigned bus number 6
[   10.367397][    T1] usb usb6: New USB device found, idVendor=1d6b, idProduct=0002, bcdDevice= 6.12
[   10.370279][    T1] usb usb6: New USB device strings: Mfr=3, Product=2, SerialNumber=1
[   10.372774][    T1] usb usb6: Product: USB/IP Virtual Host Controller
[   10.374743][    T1] usb usb6: Manufacturer: Linux 6.12.0-rc6-g2e1b3cc9d7f7-dirty vhci_hcd
[   10.379222][    T1] usb usb6: SerialNumber: vhci_hcd.2
[   10.384251][    T1] hub 6-0:1.0: USB hub found
[   10.385818][    T1] hub 6-0:1.0: 8 ports detected
[   10.392460][    T1] vhci_hcd vhci_hcd.2: USB/IP Virtual Host Controller
[   10.395205][    T1] vhci_hcd vhci_hcd.2: new USB bus registered, assigned bus number 7
[   10.398996][    T1] usb usb7: We don't know the algorithms for LPM for this host, disabling LPM.
[   10.405216][    T1] usb usb7: New USB device found, idVendor=1d6b, idProduct=0003, bcdDevice= 6.12
[   10.408974][    T1] usb usb7: New USB device strings: Mfr=3, Product=2, SerialNumber=1
[   10.413186][    T1] usb usb7: Product: USB/IP Virtual Host Controller
[   10.416623][    T1] usb usb7: Manufacturer: Linux 6.12.0-rc6-g2e1b3cc9d7f7-dirty vhci_hcd
[   10.420861][    T1] usb usb7: SerialNumber: vhci_hcd.2
[   10.427513][    T1] hub 7-0:1.0: USB hub found
[   10.431127][    T1] hub 7-0:1.0: 8 ports detected
[   10.438328][    T1] vhci_hcd vhci_hcd.3: USB/IP Virtual Host Controller
[   10.442300][    T1] vhci_hcd vhci_hcd.3: new USB bus registered, assigned bus number 8
[   10.446516][    T1] usb usb8: New USB device found, idVendor=1d6b, idProduct=0002, bcdDevice= 6.12
[   10.449717][    T1] usb usb8: New USB device strings: Mfr=3, Product=2, SerialNumber=1
[   10.452538][    T1] usb usb8: Product: USB/IP Virtual Host Controller
[   10.454509][    T1] usb usb8: Manufacturer: Linux 6.12.0-rc6-g2e1b3cc9d7f7-dirty vhci_hcd
[   10.456997][    T1] usb usb8: SerialNumber: vhci_hcd.3
[   10.460293][    T1] hub 8-0:1.0: USB hub found
[   10.462544][    T1] hub 8-0:1.0: 8 ports detected
[   10.468879][    T1] vhci_hcd vhci_hcd.3: USB/IP Virtual Host Controller
[   10.471934][    T1] vhci_hcd vhci_hcd.3: new USB bus registered, assigned bus number 9
[   10.474357][    T1] usb usb9: We don't know the algorithms for LPM for this host, disabling LPM.
[   10.478764][    T1] usb usb9: New USB device found, idVendor=1d6b, idProduct=0003, bcdDevice= 6.12
[   10.483643][    T1] usb usb9: New USB device strings: Mfr=3, Product=2, SerialNumber=1
[   10.486211][    T1] usb usb9: Product: USB/IP Virtual Host Controller
[   10.488297][    T1] usb usb9: Manufacturer: Linux 6.12.0-rc6-g2e1b3cc9d7f7-dirty vhci_hcd
[   10.490802][    T1] usb usb9: SerialNumber: vhci_hcd.3
[   10.496672][    T1] hub 9-0:1.0: USB hub found
[   10.500111][    T1] hub 9-0:1.0: 8 ports detected
[   10.508872][    T1] vhci_hcd vhci_hcd.4: USB/IP Virtual Host Controller
[   10.514629][    T1] vhci_hcd vhci_hcd.4: new USB bus registered, assigned bus number 10
[   10.519392][    T1] usb usb10: New USB device found, idVendor=1d6b, idProduct=0002, bcdDevice= 6.12
[   10.523820][    T1] usb usb10: New USB device strings: Mfr=3, Product=2, SerialNumber=1
[   10.527586][    T1] usb usb10: Product: USB/IP Virtual Host Controller
[   10.533373][    T1] usb usb10: Manufacturer: Linux 6.12.0-rc6-g2e1b3cc9d7f7-dirty vhci_hcd
[   10.537169][    T1] usb usb10: SerialNumber: vhci_hcd.4
[   10.543413][    T1] hub 10-0:1.0: USB hub found
[   10.545036][    T1] hub 10-0:1.0: 8 ports detected
[   10.552976][    T1] vhci_hcd vhci_hcd.4: USB/IP Virtual Host Controller
[   10.556361][    T1] vhci_hcd vhci_hcd.4: new USB bus registered, assigned bus number 11
[   10.560629][    T1] usb usb11: We don't know the algorithms for LPM for this host, disabling LPM.
[   10.564300][    T1] usb usb11: New USB device found, idVendor=1d6b, idProduct=0003, bcdDevice= 6.12
[   10.567124][    T1] usb usb11: New USB device strings: Mfr=3, Product=2, SerialNumber=1
[   10.569867][    T1] usb usb11: Product: USB/IP Virtual Host Controller
[   10.576300][    T1] usb usb11: Manufacturer: Linux 6.12.0-rc6-g2e1b3cc9d7f7-dirty vhci_hcd
[   10.579020][    T1] usb usb11: SerialNumber: vhci_hcd.4
[   10.584261][    T1] hub 11-0:1.0: USB hub found
[   10.585884][    T1] hub 11-0:1.0: 8 ports detected
[   10.591372][    T1] vhci_hcd vhci_hcd.5: USB/IP Virtual Host Controller
[   10.595207][    T1] vhci_hcd vhci_hcd.5: new USB bus registered, assigned bus number 12
[   10.598179][    T1] usb usb12: New USB device found, idVendor=1d6b, idProduct=0002, bcdDevice= 6.12
[   10.601072][    T1] usb usb12: New USB device strings: Mfr=3, Product=2, SerialNumber=1
[   10.603583][    T1] usb usb12: Product: USB/IP Virtual Host Controller
[   10.607061][    T1] usb usb12: Manufacturer: Linux 6.12.0-rc6-g2e1b3cc9d7f7-dirty vhci_hcd
[   10.612648][    T1] usb usb12: SerialNumber: vhci_hcd.5
[   10.618986][    T1] hub 12-0:1.0: USB hub found
[   10.620589][    T1] hub 12-0:1.0: 8 ports detected
[   10.625734][    T1] vhci_hcd vhci_hcd.5: USB/IP Virtual Host Controller
[   10.629157][    T1] vhci_hcd vhci_hcd.5: new USB bus registered, assigned bus number 13
[   10.633112][    T1] usb usb13: We don't know the algorithms for LPM for this host, disabling LPM.
[   10.637325][    T1] usb usb13: New USB device found, idVendor=1d6b, idProduct=0003, bcdDevice= 6.12
[   10.643048][    T1] usb usb13: New USB device strings: Mfr=3, Product=2, SerialNumber=1
[   10.645649][    T1] usb usb13: Product: USB/IP Virtual Host Controller
[   10.647770][    T1] usb usb13: Manufacturer: Linux 6.12.0-rc6-g2e1b3cc9d7f7-dirty vhci_hcd
[   10.650985][    T1] usb usb13: SerialNumber: vhci_hcd.5
[   10.659966][    T1] hub 13-0:1.0: USB hub found
[   10.661598][    T1] hub 13-0:1.0: 8 ports detected
[   10.667740][    T1] vhci_hcd vhci_hcd.6: USB/IP Virtual Host Controller
[   10.675955][    T1] vhci_hcd vhci_hcd.6: new USB bus registered, assigned bus number 14
[   10.682895][    T1] usb usb14: New USB device found, idVendor=1d6b, idProduct=0002, bcdDevice= 6.12
[   10.686642][    T1] usb usb14: New USB device strings: Mfr=3, Product=2, SerialNumber=1
[   10.690388][    T1] usb usb14: Product: USB/IP Virtual Host Controller
[   10.695919][    T1] usb usb14: Manufacturer: Linux 6.12.0-rc6-g2e1b3cc9d7f7-dirty vhci_hcd
[   10.699611][    T1] usb usb14: SerialNumber: vhci_hcd.6
[   10.705294][    T1] hub 14-0:1.0: USB hub found
[   10.706921][    T1] hub 14-0:1.0: 8 ports detected
[   10.711570][    T1] vhci_hcd vhci_hcd.6: USB/IP Virtual Host Controller
[   10.716575][    T1] vhci_hcd vhci_hcd.6: new USB bus registered, assigned bus number 15
[   10.721964][    T1] usb usb15: We don't know the algorithms for LPM for this host, disabling LPM.
[   10.724910][    T1] usb usb15: New USB device found, idVendor=1d6b, idProduct=0003, bcdDevice= 6.12
[   10.727676][    T1] usb usb15: New USB device strings: Mfr=3, Product=2, SerialNumber=1
[   10.730190][    T1] usb usb15: Product: USB/IP Virtual Host Controller
[   10.732348][    T1] usb usb15: Manufacturer: Linux 6.12.0-rc6-g2e1b3cc9d7f7-dirty vhci_hcd
[   10.736358][    T1] usb usb15: SerialNumber: vhci_hcd.6
[   10.739929][    T1] hub 15-0:1.0: USB hub found
[   10.741473][    T1] hub 15-0:1.0: 8 ports detected
[   10.746578][    T1] vhci_hcd vhci_hcd.7: USB/IP Virtual Host Controller
[   10.759690][    T1] vhci_hcd vhci_hcd.7: new USB bus registered, assigned bus number 16
[   10.764349][    T1] usb usb16: New USB device found, idVendor=1d6b, idProduct=0002, bcdDevice= 6.12
[   10.767019][    T1] usb usb16: New USB device strings: Mfr=3, Product=2, SerialNumber=1
[   10.769397][    T1] usb usb16: Product: USB/IP Virtual Host Controller
[   10.771358][    T1] usb usb16: Manufacturer: Linux 6.12.0-rc6-g2e1b3cc9d7f7-dirty vhci_hcd
[   10.773939][    T1] usb usb16: SerialNumber: vhci_hcd.7
[   10.777935][    T1] hub 16-0:1.0: USB hub found
[   10.779364][    T1] hub 16-0:1.0: 8 ports detected
[   10.783830][    T1] vhci_hcd vhci_hcd.7: USB/IP Virtual Host Controller
[   10.788328][    T1] vhci_hcd vhci_hcd.7: new USB bus registered, assigned bus number 17
[   10.794902][    T1] usb usb17: We don't know the algorithms for LPM for this host, disabling LPM.
[   10.800913][    T1] usb usb17: New USB device found, idVendor=1d6b, idProduct=0003, bcdDevice= 6.12
[   10.804178][    T1] usb usb17: New USB device strings: Mfr=3, Product=2, SerialNumber=1
[   10.806530][    T1] usb usb17: Product: USB/IP Virtual Host Controller
[   10.808544][    T1] usb usb17: Manufacturer: Linux 6.12.0-rc6-g2e1b3cc9d7f7-dirty vhci_hcd
[   10.814521][    T1] usb usb17: SerialNumber: vhci_hcd.7
[   10.819579][    T1] hub 17-0:1.0: USB hub found
[   10.822507][    T1] hub 17-0:1.0: 8 ports detected
[   10.829871][    T1] vhci_hcd vhci_hcd.8: USB/IP Virtual Host Controller
[   10.833768][    T1] vhci_hcd vhci_hcd.8: new USB bus registered, assigned bus number 18
[   10.836519][    T1] usb usb18: New USB device found, idVendor=1d6b, idProduct=0002, bcdDevice= 6.12
[   10.839237][    T1] usb usb18: New USB device strings: Mfr=3, Product=2, SerialNumber=1
[   10.841758][    T1] usb usb18: Product: USB/IP Virtual Host Controller
[   10.843852][    T1] usb usb18: Manufacturer: Linux 6.12.0-rc6-g2e1b3cc9d7f7-dirty vhci_hcd
[   10.849876][    T1] usb usb18: SerialNumber: vhci_hcd.8
[   10.853814][    T1] hub 18-0:1.0: USB hub found
[   10.855281][    T1] hub 18-0:1.0: 8 ports detected
[   10.859669][    T1] vhci_hcd vhci_hcd.8: USB/IP Virtual Host Controller
[   10.867113][    T1] vhci_hcd vhci_hcd.8: new USB bus registered, assigned bus number 19
[   10.872512][    T1] usb usb19: We don't know the algorithms for LPM for this host, disabling LPM.
[   10.875917][    T1] usb usb19: New USB device found, idVendor=1d6b, idProduct=0003, bcdDevice= 6.12
[   10.879960][    T1] usb usb19: New USB device strings: Mfr=3, Product=2, SerialNumber=1
[   10.883941][    T1] usb usb19: Product: USB/IP Virtual Host Controller
[   10.890201][    T1] usb usb19: Manufacturer: Linux 6.12.0-rc6-g2e1b3cc9d7f7-dirty vhci_hcd
[   10.893981][    T1] usb usb19: SerialNumber: vhci_hcd.8
[   10.900992][    T1] hub 19-0:1.0: USB hub found
[   10.902637][    T1] hub 19-0:1.0: 8 ports detected
[   10.908921][    T1] vhci_hcd vhci_hcd.9: USB/IP Virtual Host Controller
[   10.911892][    T1] vhci_hcd vhci_hcd.9: new USB bus registered, assigned bus number 20
[   10.916135][    T1] usb usb20: New USB device found, idVendor=1d6b, idProduct=0002, bcdDevice= 6.12
[   10.918956][    T1] usb usb20: New USB device strings: Mfr=3, Product=2, SerialNumber=1
[   10.921464][    T1] usb usb20: Product: USB/IP Virtual Host Controller
[   10.923670][    T1] usb usb20: Manufacturer: Linux 6.12.0-rc6-g2e1b3cc9d7f7-dirty vhci_hcd
[   10.926138][    T1] usb usb20: SerialNumber: vhci_hcd.9
[   10.929384][    T1] hub 20-0:1.0: USB hub found
[   10.931081][    T1] hub 20-0:1.0: 8 ports detected
[   10.935719][    T1] vhci_hcd vhci_hcd.9: USB/IP Virtual Host Controller
[   10.938563][    T1] vhci_hcd vhci_hcd.9: new USB bus registered, assigned bus number 21
[   10.941432][    T1] usb usb21: We don't know the algorithms for LPM for this host, disabling LPM.
[   10.944525][    T1] usb usb21: New USB device found, idVendor=1d6b, idProduct=0003, bcdDevice= 6.12
[   10.947283][    T1] usb usb21: New USB device strings: Mfr=3, Product=2, SerialNumber=1
[   10.949807][    T1] usb usb21: Product: USB/IP Virtual Host Controller
[   10.952239][    T1] usb usb21: Manufacturer: Linux 6.12.0-rc6-g2e1b3cc9d7f7-dirty vhci_hcd
[   10.954625][    T1] usb usb21: SerialNumber: vhci_hcd.9
[   10.962975][    T1] hub 21-0:1.0: USB hub found
[   10.965227][    T1] hub 21-0:1.0: 8 ports detected
[   10.973417][    T1] vhci_hcd vhci_hcd.10: USB/IP Virtual Host Controller
[   10.979403][    T1] vhci_hcd vhci_hcd.10: new USB bus registered, assigned bus number 22
[   10.983166][    T1] usb usb22: New USB device found, idVendor=1d6b, idProduct=0002, bcdDevice= 6.12
[   10.985880][    T1] usb usb22: New USB device strings: Mfr=3, Product=2, SerialNumber=1
[   10.988259][    T1] usb usb22: Product: USB/IP Virtual Host Controller
[   10.993731][    T1] usb usb22: Manufacturer: Linux 6.12.0-rc6-g2e1b3cc9d7f7-dirty vhci_hcd
[   10.998997][    T1] usb usb22: SerialNumber: vhci_hcd.10
[   11.003803][    T1] hub 22-0:1.0: USB hub found
[   11.005330][    T1] hub 22-0:1.0: 8 ports detected
[   11.015692][    T1] vhci_hcd vhci_hcd.10: USB/IP Virtual Host Controller
[   11.020615][    T1] vhci_hcd vhci_hcd.10: new USB bus registered, assigned bus number 23
[   11.023660][    T1] usb usb23: We don't know the algorithms for LPM for this host, disabling LPM.
[   11.028765][    T1] usb usb23: New USB device found, idVendor=1d6b, idProduct=0003, bcdDevice= 6.12
[   11.035753][    T1] usb usb23: New USB device strings: Mfr=3, Product=2, SerialNumber=1
[   11.039544][    T1] usb usb23: Product: USB/IP Virtual Host Controller
[   11.042664][    T1] usb usb23: Manufacturer: Linux 6.12.0-rc6-g2e1b3cc9d7f7-dirty vhci_hcd
[   11.046724][    T1] usb usb23: SerialNumber: vhci_hcd.10
[   11.059261][    T1] hub 23-0:1.0: USB hub found
[   11.060983][    T1] hub 23-0:1.0: 8 ports detected
[   11.066855][    T1] vhci_hcd vhci_hcd.11: USB/IP Virtual Host Controller
[   11.071604][    T1] vhci_hcd vhci_hcd.11: new USB bus registered, assigned bus number 24
[   11.075195][    T1] usb usb24: New USB device found, idVendor=1d6b, idProduct=0002, bcdDevice= 6.12
[   11.078697][    T1] usb usb24: New USB device strings: Mfr=3, Product=2, SerialNumber=1
[   11.081362][    T1] usb usb24: Product: USB/IP Virtual Host Controller
[   11.083526][    T1] usb usb24: Manufacturer: Linux 6.12.0-rc6-g2e1b3cc9d7f7-dirty vhci_hcd
[   11.086174][    T1] usb usb24: SerialNumber: vhci_hcd.11
[   11.091628][    T1] hub 24-0:1.0: USB hub found
[   11.094149][    T1] hub 24-0:1.0: 8 ports detected
[   11.102593][    T1] vhci_hcd vhci_hcd.11: USB/IP Virtual Host Controller
[   11.107357][    T1] vhci_hcd vhci_hcd.11: new USB bus registered, assigned bus number 25
[   11.110039][    T1] usb usb25: We don't know the algorithms for LPM for this host, disabling LPM.
[   11.113760][    T1] usb usb25: New USB device found, idVendor=1d6b, idProduct=0003, bcdDevice= 6.12
[   11.116510][    T1] usb usb25: New USB device strings: Mfr=3, Product=2, SerialNumber=1
[   11.118968][    T1] usb usb25: Product: USB/IP Virtual Host Controller
[   11.120957][    T1] usb usb25: Manufacturer: Linux 6.12.0-rc6-g2e1b3cc9d7f7-dirty vhci_hcd
[   11.123571][    T1] usb usb25: SerialNumber: vhci_hcd.11
[   11.129143][    T1] hub 25-0:1.0: USB hub found
[   11.130630][    T1] hub 25-0:1.0: 8 ports detected
[   11.137630][    T1] vhci_hcd vhci_hcd.12: USB/IP Virtual Host Controller
[   11.140460][    T1] vhci_hcd vhci_hcd.12: new USB bus registered, assigned bus number 26
[   11.147133][    T1] usb usb26: New USB device found, idVendor=1d6b, idProduct=0002, bcdDevice= 6.12
[   11.149858][    T1] usb usb26: New USB device strings: Mfr=3, Product=2, SerialNumber=1
[   11.152292][    T1] usb usb26: Product: USB/IP Virtual Host Controller
[   11.154263][    T1] usb usb26: Manufacturer: Linux 6.12.0-rc6-g2e1b3cc9d7f7-dirty vhci_hcd
[   11.158029][    T1] usb usb26: SerialNumber: vhci_hcd.12
[   11.163956][    T1] hub 26-0:1.0: USB hub found
[   11.168743][    T1] hub 26-0:1.0: 8 ports detected
[   11.173433][    T1] vhci_hcd vhci_hcd.12: USB/IP Virtual Host Controller
[   11.178430][    T1] vhci_hcd vhci_hcd.12: new USB bus registered, assigned bus number 27
[   11.184885][    T1] usb usb27: We don't know the algorithms for LPM for this host, disabling LPM.
[   11.189619][    T1] usb usb27: New USB device found, idVendor=1d6b, idProduct=0003, bcdDevice= 6.12
[   11.192434][    T1] usb usb27: New USB device strings: Mfr=3, Product=2, SerialNumber=1
[   11.195075][    T1] usb usb27: Product: USB/IP Virtual Host Controller
[   11.198973][    T1] usb usb27: Manufacturer: Linux 6.12.0-rc6-g2e1b3cc9d7f7-dirty vhci_hcd
[   11.201604][    T1] usb usb27: SerialNumber: vhci_hcd.12
[   11.206225][    T1] hub 27-0:1.0: USB hub found
[   11.207781][    T1] hub 27-0:1.0: 8 ports detected
[   11.213674][    T1] vhci_hcd vhci_hcd.13: USB/IP Virtual Host Controller
[   11.216565][    T1] vhci_hcd vhci_hcd.13: new USB bus registered, assigned bus number 28
[   11.220952][    T1] usb usb28: New USB device found, idVendor=1d6b, idProduct=0002, bcdDevice= 6.12
[   11.224001][    T1] usb usb28: New USB device strings: Mfr=3, Product=2, SerialNumber=1
[   11.227523][    T1] usb usb28: Product: USB/IP Virtual Host Controller
[   11.229554][    T1] usb usb28: Manufacturer: Linux 6.12.0-rc6-g2e1b3cc9d7f7-dirty vhci_hcd
[   11.234397][    T1] usb usb28: SerialNumber: vhci_hcd.13
[   11.240762][    T1] hub 28-0:1.0: USB hub found
[   11.243008][    T1] hub 28-0:1.0: 8 ports detected
[   11.247751][    T1] vhci_hcd vhci_hcd.13: USB/IP Virtual Host Controller
[   11.250935][    T1] vhci_hcd vhci_hcd.13: new USB bus registered, assigned bus number 29
[   11.256183][    T1] usb usb29: We don't know the algorithms for LPM for this host, disabling LPM.
[   11.262257][    T1] usb usb29: New USB device found, idVendor=1d6b, idProduct=0003, bcdDevice= 6.12
[   11.265065][    T1] usb usb29: New USB device strings: Mfr=3, Product=2, SerialNumber=1
[   11.267573][    T1] usb usb29: Product: USB/IP Virtual Host Controller
[   11.269667][    T1] usb usb29: Manufacturer: Linux 6.12.0-rc6-g2e1b3cc9d7f7-dirty vhci_hcd
[   11.272268][    T1] usb usb29: SerialNumber: vhci_hcd.13
[   11.278726][    T1] hub 29-0:1.0: USB hub found
[   11.281059][    T1] hub 29-0:1.0: 8 ports detected
[   11.287370][    T1] vhci_hcd vhci_hcd.14: USB/IP Virtual Host Controller
[   11.295067][    T1] vhci_hcd vhci_hcd.14: new USB bus registered, assigned bus number 30
[   11.303098][    T1] usb usb30: New USB device found, idVendor=1d6b, idProduct=0002, bcdDevice= 6.12
[   11.305960][    T1] usb usb30: New USB device strings: Mfr=3, Product=2, SerialNumber=1
[   11.308468][    T1] usb usb30: Product: USB/IP Virtual Host Controller
[   11.310384][    T1] usb usb30: Manufacturer: Linux 6.12.0-rc6-g2e1b3cc9d7f7-dirty vhci_hcd
[   11.313102][    T1] usb usb30: SerialNumber: vhci_hcd.14
[   11.318418][    T1] hub 30-0:1.0: USB hub found
[   11.320293][    T1] hub 30-0:1.0: 8 ports detected
[   11.325254][    T1] vhci_hcd vhci_hcd.14: USB/IP Virtual Host Controller
[   11.328628][    T1] vhci_hcd vhci_hcd.14: new USB bus registered, assigned bus number 31
[   11.332734][    T1] usb usb31: We don't know the algorithms for LPM for this host, disabling LPM.
[   11.336069][    T1] usb usb31: New USB device found, idVendor=1d6b, idProduct=0003, bcdDevice= 6.12
[   11.339472][    T1] usb usb31: New USB device strings: Mfr=3, Product=2, SerialNumber=1
[   11.342055][    T1] usb usb31: Product: USB/IP Virtual Host Controller
[   11.345110][    T1] usb usb31: Manufacturer: Linux 6.12.0-rc6-g2e1b3cc9d7f7-dirty vhci_hcd
[   11.348353][    T1] usb usb31: SerialNumber: vhci_hcd.14
[   11.353695][    T1] hub 31-0:1.0: USB hub found
[   11.355328][    T1] hub 31-0:1.0: 8 ports detected
[   11.362392][    T1] vhci_hcd vhci_hcd.15: USB/IP Virtual Host Controller
[   11.365607][    T1] vhci_hcd vhci_hcd.15: new USB bus registered, assigned bus number 32
[   11.370860][    T1] usb usb32: New USB device found, idVendor=1d6b, idProduct=0002, bcdDevice= 6.12
[   11.374442][    T1] usb usb32: New USB device strings: Mfr=3, Product=2, SerialNumber=1
[   11.377044][    T1] usb usb32: Product: USB/IP Virtual Host Controller
[   11.379132][    T1] usb usb32: Manufacturer: Linux 6.12.0-rc6-g2e1b3cc9d7f7-dirty vhci_hcd
[   11.381575][    T1] usb usb32: SerialNumber: vhci_hcd.15
[   11.386880][    T1] hub 32-0:1.0: USB hub found
[   11.388390][    T1] hub 32-0:1.0: 8 ports detected
[   11.393854][    T1] vhci_hcd vhci_hcd.15: USB/IP Virtual Host Controller
[   11.397056][    T1] vhci_hcd vhci_hcd.15: new USB bus registered, assigned bus number 33
[   11.399636][    T1] usb usb33: We don't know the algorithms for LPM for this host, disabling LPM.
[   11.405614][    T1] usb usb33: New USB device found, idVendor=1d6b, idProduct=0003, bcdDevice= 6.12
[   11.409359][    T1] usb usb33: New USB device strings: Mfr=3, Product=2, SerialNumber=1
[   11.411988][    T1] usb usb33: Product: USB/IP Virtual Host Controller
[   11.414192][    T1] usb usb33: Manufacturer: Linux 6.12.0-rc6-g2e1b3cc9d7f7-dirty vhci_hcd
[   11.417064][    T1] usb usb33: SerialNumber: vhci_hcd.15
[   11.422287][    T1] hub 33-0:1.0: USB hub found
[   11.423937][    T1] hub 33-0:1.0: 8 ports detected
[   11.431020][    T1] usbcore: registered new device driver usbip-host
[   11.440943][    T1] i8042: PNP: PS/2 Controller [PNP0303:KBD,PNP0f13:MOU] at 0x60,0x64 irq 1,12
[   11.447007][    T1] serio: i8042 KBD port at 0x60,0x64 irq 1
[   11.449828][    T1] serio: i8042 AUX port at 0x60,0x64 irq 12
[   11.453958][    T1] mousedev: PS/2 mouse device common for all mice
[   11.457733][    T1] usbcore: registered new interface driver appletouch
[   11.460271][    T1] usbcore: registered new interface driver bcm5974
[   11.464081][    T8] input: AT Translated Set 2 keyboard as /devices/platform/i8042/serio0/input/input1
[   11.466147][    T1] usbcore: registered new interface driver synaptics_usb
[   11.471351][    T1] usbcore: registered new interface driver iforce
[   11.474155][    T1] usbcore: registered new interface driver pxrc
[   11.480388][    T1] usbcore: registered new interface driver xpad
[   11.486596][    T1] usbcore: registered new interface driver usb_acecad
[   11.489842][    T1] usbcore: registered new interface driver aiptek
[   11.493581][    T1] usbcore: registered new interface driver hanwang
[   11.496308][    T1] usbcore: registered new interface driver kbtab
[   11.498579][    T1] usbcore: registered new interface driver pegasus_notetaker
[   11.501097][    T1] usbcore: registered new interface driver usbtouchscreen
[   11.504822][    T1] usbcore: registered new interface driver sur40
[   11.507235][    T1] usbcore: registered new interface driver ati_remote2
[   11.509307][    T1] cm109: Keymap for Komunikate KIP1000 phone loaded
[   11.511717][    T1] usbcore: registered new interface driver cm109
[   11.513545][    T1] cm109: CM109 phone driver: 20080805 (C) Alfred E. Heggestad
[   11.516163][    T1] usbcore: registered new interface driver ims_pcu
[   11.518444][    T1] usbcore: registered new interface driver keyspan_remote
[   11.520934][    T1] usbcore: registered new interface driver powermate
[   11.524006][    T1] usbcore: registered new interface driver yealink
[   11.528655][    T1] rtc_cmos 00:05: RTC can wake from S4
[   11.535105][    T1] rtc_cmos 00:05: registered as rtc0
[   11.536844][    T1] rtc_cmos 00:05: alarms up to one day, y3k, 242 bytes nvram, hpet irqs
[   11.540746][    T1] i2c_dev: i2c /dev entries driver
[   11.542936][    T1] usbcore: registered new interface driver i2c-diolan-u2c
[   11.545524][    T1] usbcore: registered new interface driver i2c-cp2615
[   11.548184][    T1] usbcore: registered new interface driver RobotFuzz Open Source InterFace, OSIF
[   11.550910][    T1] usbcore: registered new interface driver i2c-tiny-usb
[   11.556415][    T1] usbcore: registered new interface driver igorplugusb
[   11.558575][    T1] usbcore: registered new interface driver iguanair
[   11.560803][    T1] usbcore: registered new interface driver imon
[   11.565307][    T1] usbcore: registered new interface driver imon_raw
[   11.568996][    T1] usbcore: registered new interface driver mceusb
[   11.572352][    T1] usbcore: registered new interface driver redrat3
[   11.574515][    T1] usbcore: registered new interface driver streamzap
[   11.576634][    T1] usbcore: registered new interface driver ir_toy
[   11.578652][    T1] usbcore: registered new interface driver ttusbir
[   11.580817][    T1] usbcore: registered new interface driver ati_remote
[   11.584831][    T1] usbcore: registered new interface driver xbox_remote
[   11.588053][    T1] b2c2-flexcop: B2C2 FlexcopII/II(b)/III digital TV receiver chip loaded successfully
[   11.592560][    T1] usbcore: registered new interface driver b2c2_flexcop_usb
[   11.594909][    T1] usbcore: registered new interface driver dvb_usb_vp7045
[   11.597455][    T1] usbcore: registered new interface driver dvb_usb_vp702x
[   11.600374][    T1] usbcore: registered new interface driver dvb_usb_gp8psk
[   11.609913][    T1] usbcore: registered new interface driver dvb_usb_dtt200u
[   11.612329][    T1] usbcore: registered new interface driver dvb_usb_a800
[   11.614807][    T1] usbcore: registered new interface driver dvb_usb_dibusb_mb
[   11.618367][    T1] usbcore: registered new interface driver dvb_usb_dibusb_mc
[   11.622071][    T1] usbcore: registered new interface driver dvb_usb_nova_t_usb2
[   11.626808][    T1] usbcore: registered new interface driver dvb_usb_umt_010
[   11.629636][    T1] usbcore: registered new interface driver dvb_usb_m920x
[   11.634099][    T1] usbcore: registered new interface driver dvb_usb_digitv
[   11.637303][    T1] usbcore: registered new interface driver dvb_usb_cxusb
[   11.646196][    T1] usbcore: registered new interface driver dvb_usb_ttusb2
[   11.650598][    T1] usbcore: registered new interface driver dvb_usb_dib0700
[   11.653665][    T1] usbcore: registered new interface driver opera1
[   11.660127][    T1] usbcore: registered new interface driver dvb_usb_af9005
[   11.665366][    T1] failing symbol_get of non-GPLONLY symbol af9005_rc_decode.
[   11.672102][    T1] failing symbol_get of non-GPLONLY symbol af9005_rc_decode.
[   11.675059][    T1] failing symbol_get of non-GPLONLY symbol rc_map_af9005_table.
[   11.679383][    T1] failing symbol_get of non-GPLONLY symbol rc_map_af9005_table.
[   11.684758][    T1] failing symbol_get of non-GPLONLY symbol rc_map_af9005_table_size.
[   11.691067][    T1] failing symbol_get of non-GPLONLY symbol rc_map_af9005_table_size.
[   11.694814][    T1] af9005: af9005_rc_decode function not found, disabling remote
[   11.700954][    T1] usbcore: registered new interface driver pctv452e
[   11.705768][    T1] usbcore: registered new interface driver dw2102
[   11.708495][    T1] usbcore: registered new interface driver dvb_usb_dtv5100
[   11.710886][    T1] usbcore: registered new interface driver cinergyT2
[   11.713135][    T1] usbcore: registered new interface driver dvb_usb_az6027
[   11.719230][    T1] usbcore: registered new interface driver dvb_usb_technisat_usb2
[   11.721983][    T1] usbcore: registered new interface driver dvb_usb_af9015
[   11.724996][    T1] usbcore: registered new interface driver dvb_usb_af9035
[   11.727304][    T1] usbcore: registered new interface driver dvb_usb_anysee
[   11.729651][    T1] usbcore: registered new interface driver dvb_usb_au6610
[   11.732115][    T1] usbcore: registered new interface driver dvb_usb_az6007
[   11.735468][    T1] usbcore: registered new interface driver dvb_usb_ce6230
[   11.737771][    T1] usbcore: registered new interface driver dvb_usb_ec168
[   11.742335][    T1] usbcore: registered new interface driver dvb_usb_lmedm04
[   11.747509][    T1] usbcore: registered new interface driver dvb_usb_gl861
[   11.749737][    T1] usbcore: registered new interface driver dvb_usb_mxl111sf
[   11.752232][    T1] usbcore: registered new interface driver dvb_usb_rtl28xxu
[   11.755362][    T1] usbcore: registered new interface driver dvb_usb_dvbsky
[   11.757647][    T1] usbcore: registered new interface driver zd1301
[   11.762483][    T1] usbcore: registered new interface driver s2255
[   11.766184][    T1] usbcore: registered new interface driver smsusb
[   11.768221][    T1] usbcore: registered new interface driver ttusb
[   11.770216][    T1] usbcore: registered new interface driver ttusb-dec
[   11.774455][    T1] usbcore: registered new interface driver Abilis Systems as10x usb driver
[   11.778035][    T1] usbcore: registered new interface driver airspy
[   11.780200][    T1] gspca_main: v2.14.0 registered
[   11.783162][    T1] usbcore: registered new interface driver benq
[   11.786878][    T1] usbcore: registered new interface driver conex
[   11.789066][    T1] usbcore: registered new interface driver cpia1
[   11.791143][    T1] usbcore: registered new interface driver dtcs033
[   11.793728][    T1] usbcore: registered new interface driver etoms
[   11.797045][    T1] usbcore: registered new interface driver finepix
[   11.804539][    T1] usbcore: registered new interface driver jeilinj
[   11.806667][    T1] usbcore: registered new interface driver jl2005bcd
[   11.808889][    T1] usbcore: registered new interface driver kinect
[   11.811295][    T1] usbcore: registered new interface driver konica
[   11.813652][    T1] usbcore: registered new interface driver mars
[   11.818642][    T1] usbcore: registered new interface driver mr97310a
[   11.824691][    T1] usbcore: registered new interface driver nw80x
[   11.827021][    T1] usbcore: registered new interface driver ov519
[   11.831596][    T1] usbcore: registered new interface driver ov534
[   11.835496][    T1] usbcore: registered new interface driver ov534_9
[   11.840741][    T1] usbcore: registered new interface driver pac207
[   11.843698][    T1] usbcore: registered new interface driver gspca_pac7302
[   11.847662][    T1] usbcore: registered new interface driver pac7311
[   11.851177][    T1] usbcore: registered new interface driver se401
[   11.855859][    T1] usbcore: registered new interface driver sn9c2028
[   11.859302][    T1] usbcore: registered new interface driver gspca_sn9c20x
[   11.863344][    T1] usbcore: registered new interface driver sonixb
[   11.866792][    T1] usbcore: registered new interface driver sonixj
[   11.870755][    T1] usbcore: registered new interface driver spca500
[   11.877894][    T1] usbcore: registered new interface driver spca501
[   11.880015][    T1] usbcore: registered new interface driver spca505
[   11.884268][    T1] usbcore: registered new interface driver spca506
[   11.887933][    T1] usbcore: registered new interface driver spca508
[   11.890052][    T1] usbcore: registered new interface driver spca561
[   11.893212][    T1] usbcore: registered new interface driver spca1528
[   11.895542][    T1] usbcore: registered new interface driver sq905
[   11.897815][    T1] usbcore: registered new interface driver sq905c
[   11.900018][    T1] usbcore: registered new interface driver sq930x
[   11.902317][    T1] usbcore: registered new interface driver sunplus
[   11.904632][    T1] usbcore: registered new interface driver stk014
[   11.906731][    T1] usbcore: registered new interface driver stk1135
[   11.909176][    T1] usbcore: registered new interface driver stv0680
[   11.911335][    T1] usbcore: registered new interface driver t613
[   11.913477][    T1] usbcore: registered new interface driver gspca_topro
[   11.915994][    T1] usbcore: registered new interface driver touptek
[   11.918114][    T1] usbcore: registered new interface driver tv8532
[   11.921147][    T1] usbcore: registered new interface driver vc032x
[   11.924405][    T1] usbcore: registered new interface driver vicam
[   11.929537][    T1] usbcore: registered new interface driver xirlink-cit
[   11.932389][    T1] usbcore: registered new interface driver gspca_zc3xx
[   11.933010][    T8] input: ImExPS/2 Generic Explorer Mouse as /devices/platform/i8042/serio1/input/input3
[   11.934590][    T1] usbcore: registered new interface driver ALi m5602
[   11.943333][    T1] usbcore: registered new interface driver STV06xx
[   11.945497][    T1] usbcore: registered new interface driver gspca_gl860
[   11.947752][    T1] usbcore: registered new interface driver hackrf
[   11.949895][    T1] usbcore: registered new interface driver msi2500
[   11.953588][    T1] usbcore: registered new interface driver Philips webcam
[   11.957434][    T1] usbcore: registered new interface driver uvcvideo
[   11.959487][    T1] au0828: au0828 driver loaded
[   11.961449][    T1] usbcore: registered new interface driver au0828
[   11.963720][    T1] usbcore: registered new interface driver cx231xx
[   11.966694][    T1] usbcore: registered new interface driver em28xx
[   11.968801][    T1] em28xx: Registered (Em28xx v4l2 Extension) extension
[   11.970888][    T1] em28xx: Registered (Em28xx Audio Extension) extension
[   11.973260][    T1] em28xx: Registered (Em28xx dvb Extension) extension
[   11.975335][    T1] em28xx: Registered (Em28xx Input Extension) extension
[   11.979042][    T1] usbcore: registered new interface driver go7007
[   11.982336][    T1] usbcore: registered new interface driver go7007-loader
[   11.986267][    T1] usbcore: registered new interface driver hdpvr
[   11.990730][    T1] usbcore: registered new interface driver pvrusb2
[   11.993942][    T1] pvrusb2: V4L in-tree version:Hauppauge WinTV-PVR-USB2 MPEG2 Encoder/Tuner
[   11.997606][    T1] pvrusb2: Debug mask is 31 (0x1f)
[   11.999633][    T1] usbcore: registered new interface driver stk1160
[   12.004292][    T1] usbcore: registered new interface driver usbtv
[   12.011200][    T1] dvbdev: DVB: registering new adapter (dvb_vidtv_bridge)
[   12.015717][    T1] i2c i2c-0: DVB: registering adapter 0 frontend 0 (Dummy demod for DVB-T/T2/C/S/S2)...
[   12.020349][    T1] dvbdev: dvb_create_media_entity: media entity 'Dummy demod for DVB-T/T2/C/S/S2' registered.
[   12.034860][    T1] dvbdev: dvb_create_media_entity: media entity 'dvb-demux' registered.
[   12.043489][    T1] vidtv vidtv.0: Successfully initialized vidtv!
[   12.050299][    T1] vicodec vicodec.0: Device 'stateful-encoder' registered as /dev/video0
[   12.055658][    T1] vicodec vicodec.0: Device 'stateful-decoder' registered as /dev/video1
[   12.059429][    T1] vicodec vicodec.0: Device 'stateless-decoder' registered as /dev/video2
[   12.064501][    T1] vim2m vim2m.0: Device registered as /dev/video0
[   12.085665][    T1] vivid-000: using single planar format API
[   12.106996][    T1] vivid-000: CEC adapter cec0 registered for HDMI input
[   12.109596][    T1] vivid-000: V4L2 capture device registered as video7
[   12.112266][    T1] vivid-000: CEC adapter cec1 registered for HDMI output 0
[   12.116536][    T1] vivid-000: V4L2 output device registered as video8
[   12.120442][    T1] vivid-000: V4L2 capture device registered as vbi0, supports raw and sliced VBI
[   12.125599][    T1] vivid-000: V4L2 output device registered as vbi1, supports raw and sliced VBI
[   12.129391][    T1] vivid-000: V4L2 capture device registered as swradio0
[   12.132654][    T1] vivid-000: V4L2 receiver device registered as radio0
[   12.136573][    T1] vivid-000: V4L2 transmitter device registered as radio1
[   12.140496][    T1] vivid-000: V4L2 metadata capture device registered as video9
[   12.146451][    T1] vivid-000: V4L2 metadata output device registered as video10
[   12.150152][    T1] vivid-000: V4L2 touch capture device registered as v4l-touch0
[   12.154837][    T1] usbcore: registered new interface driver radioshark2
[   12.157816][    T1] usbcore: registered new interface driver radioshark
[   12.159997][    T1] usbcore: registered new interface driver radio-si470x
[   12.165562][    T1] usbcore: registered new interface driver radio-usb-si4713
[   12.168068][    T1] usbcore: registered new interface driver dsbr100
[   12.170241][    T1] usbcore: registered new interface driver radio-keene
[   12.172661][    T1] usbcore: registered new interface driver radio-ma901
[   12.175062][    T1] usbcore: registered new interface driver radio-mr800
[   12.177172][    T1] usbcore: registered new interface driver radio-raremono
[   12.183062][    T1] usbcore: registered new interface driver powerz
[   12.185072][    T1] usbcore: registered new interface driver pcwd_usb
[   12.200375][    T1] device-mapper: core: CONFIG_IMA_DISABLE_HTABLE is disabled. Duplicate IMA measurements will not be recorded in the IMA log.
[   12.204394][    T1] device-mapper: uevent: version 1.0.3
[   12.207210][    T1] device-mapper: ioctl: 4.48.0-ioctl (2023-03-01) initialised: dm-devel@lists.linux.dev
[   12.213412][    T1] device-mapper: multipath round-robin: version 1.2.0 loaded
[   12.215537][    T1] device-mapper: multipath queue-length: version 0.2.0 loaded
[   12.217801][    T1] device-mapper: multipath service-time: version 0.3.0 loaded
[   12.221034][    T1] Bluetooth: HCI UART driver ver 2.3
[   12.223981][    T1] Bluetooth: HCI UART protocol H4 registered
[   12.229161][    T1] Bluetooth: HCI UART protocol BCSP registered
[   12.232619][    T1] Bluetooth: HCI UART protocol LL registered
[   12.234493][    T1] Bluetooth: HCI UART protocol Three-wire (H5) registered
[   12.237033][    T1] Bluetooth: HCI UART protocol QCA registered
[   12.240416][    T1] Bluetooth: HCI UART protocol AG6XX registered
[   12.243455][    T1] Bluetooth: HCI UART protocol Marvell registered
[   12.246356][    T1] usbcore: registered new interface driver bcm203x
[   12.248628][    T1] usbcore: registered new interface driver bpa10x
[   12.250594][    T1] usbcore: registered new interface driver bfusb
[   12.252970][    T1] usbcore: registered new interface driver btusb
[   12.256772][    T1] usbcore: registered new interface driver ath3k
[   12.260048][    T1] Modular ISDN core version 1.1.29
[   12.264862][    T1] NET: Registered PF_ISDN protocol family
[   12.266583][    T1] DSP module 2.0
[   12.267665][    T1] mISDN_dsp: DSP clocks every 80 samples. This equals 1 jiffies.
[   12.280160][    T1] mISDN: Layer-1-over-IP driver Rev. 2.00
[   12.283198][    T1] 0 virtual devices registered
[   12.285039][    T1] usbcore: registered new interface driver HFC-S_USB
[   12.287465][    T1] intel_pstate: CPU model not supported
[   12.290198][    T1] VUB300 Driver rom wait states = 1C irqpoll timeout = 0400
[   12.291577][    T1] usbcore: registered new interface driver vub300
[   12.297627][    T1] usbcore: registered new interface driver ushc
[   12.318836][    T1] iscsi: registered transport (iser)
[   12.333392][    T1] SoftiWARP attached
[   12.341242][    T1] hid: raw HID events driver (C) Jiri Kosina
[   12.364041][    T1] usbcore: registered new interface driver usbhid
[   12.367597][    T1] usbhid: USB HID core driver
[   12.377889][    T1] usbcore: registered new interface driver es2_ap_driver
[   12.379910][    T1] comedi: version 0.7.76 - http://www.comedi.org
[   12.382784][    T1] usbcore: registered new interface driver dt9812
[   12.385911][    T1] usbcore: registered new interface driver ni6501
[   12.388852][    T1] usbcore: registered new interface driver usbdux
[   12.390945][    T1] usbcore: registered new interface driver usbduxfast
[   12.401502][    T1] usbcore: registered new interface driver usbduxsigma
[   12.404716][    T1] usbcore: registered new interface driver vmk80xx
[   12.407458][    T1] usbcore: registered new interface driver r8712u
[   12.410320][    T1] greybus: registered new driver hid
[   12.414011][    T1] greybus: registered new driver gbphy
[   12.415932][    T1] gb_gbphy: registered new driver usb
[   12.418396][    T1] asus_wmi: ASUS WMI generic driver loaded
[   12.424669][    T1] gnss: GNSS driver registered with major 493
[   12.429644][    T1] usbcore: registered new interface driver gnss-usb
[   12.433007][    T1] usbcore: registered new interface driver hdm_usb
[   12.476291][    T1] usbcore: registered new interface driver snd-usb-audio
[   12.479114][    T1] usbcore: registered new interface driver snd-ua101
[   12.481196][    T1] usbcore: registered new interface driver snd-usb-usx2y
[   12.484465][    T1] usbcore: registered new interface driver snd-usb-us122l
