bash: warning: setlocale: LC_ALL: cannot change locale (en_US.UTF-8)
c[?7l[2J[0mSeaBIOS (version 1.16.2-debian-1.16.2-1)
Booting from ROM...
c[?7l[2Jearly console in extract_kernel
input_data: 0x00000000148722a3
input_len: 0x0000000005f74120
output: 0x0000000001000000
output_len: 0x00000000126d5cd0
kernel_total_size: 0x0000000019826000
needed_size: 0x0000000019a00000
trampoline_32bit: 0x0000000000000000

Decompressing Linux... Parsing ELF... done.
Booting the kernel (entry_offset: 0x0000000000000112).
[    0.000000][    T0] Linux version 6.12.0-rc6-ge5c683aac925-dirty (root@buildkitsandbox) (gcc (Debian 12.2.0-14+deb12u1) 12.2.0, GNU ld (GNU Binutils for Debian) 2.40) #2 SMP PREEMPT_DYNAMIC Fri May 22 21:53:40 UTC 2026
[    0.000000][    T0] Command line: console=ttyS0 oops=panic panic=86400 nokaslr earlyprintk=serial rdinit=/init
[    0.000000][    T0] KERNEL supported cpus:
[    0.000000][    T0]   Intel GenuineIntel
[    0.000000][    T0]   AMD AuthenticAMD
[    0.000000][    T0] BIOS-provided physical RAM map:
[    0.000000][    T0] BIOS-e820: [mem 0x0000000000000000-0x000000000009fbff] usable
[    0.000000][    T0] BIOS-e820: [mem 0x000000000009fc00-0x000000000009ffff] reserved
[    0.000000][    T0] BIOS-e820: [mem 0x00000000000f0000-0x00000000000fffff] reserved
[    0.000000][    T0] BIOS-e820: [mem 0x0000000000100000-0x000000007ffdefff] usable
[    0.000000][    T0] BIOS-e820: [mem 0x000000007ffdf000-0x000000007fffffff] reserved
[    0.000000][    T0] BIOS-e820: [mem 0x00000000feffc000-0x00000000feffffff] reserved
[    0.000000][    T0] BIOS-e820: [mem 0x00000000fffc0000-0x00000000ffffffff] reserved
[    0.000000][    T0] printk: legacy bootconsole [earlyser0] enabled
[    0.000000][    T0] NX (Execute Disable) protection: active
[    0.000000][    T0] APIC: Static calls initialized
[    0.000000][    T0] SMBIOS 2.8 present.
[    0.000000][    T0] DMI: QEMU Standard PC (i440FX + PIIX, 1996), BIOS 1.16.2-debian-1.16.2-1 04/01/2014
[    0.000000][    T0] DMI: Memory slots populated: 1/1
[    0.000000][    T0] Hypervisor detected: KVM
[    0.000000][    T0] kvm-clock: Using msrs 4b564d01 and 4b564d00
[    0.000003][    T0] kvm-clock: using sched offset of 1978245123 cycles
[    0.001674][    T0] clocksource: kvm-clock: mask: 0xffffffffffffffff max_cycles: 0x1cd42e4dffb, max_idle_ns: 881590591483 ns
[    0.006880][    T0] tsc: Detected 2995.200 MHz processor
[    0.013448][    T0] last_pfn = 0x7ffdf max_arch_pfn = 0x400000000
[    0.015232][    T0] MTRR map: 4 entries (3 fixed + 1 variable; max 19), built from 8 variable MTRRs
[    0.018115][    T0] x86/PAT: Configuration [0-7]: WB  WC  UC- UC  WB  WP  UC- WT  
[    0.027067][    T0] found SMP MP-table at [mem 0x000f5ba0-0x000f5baf]
[    0.028549][    T0] Using GB pages for direct mapping
[    0.030164][    T0] Incomplete global flushes, disabling PCID
[    0.031779][    T0] RAMDISK: [mem 0x7fe82000-0x7ffcffff]
[    0.035448][    T0] ACPI: Early table checksum verification disabled
[    0.037443][    T0] ACPI: RSDP 0x00000000000F59D0 000014 (v00 BOCHS )
[    0.039055][    T0] ACPI: RSDT 0x000000007FFE177E 000040 (v01 BOCHS  BXPC     00000001 BXPC 00000001)
[    0.041729][    T0] ACPI: FACP 0x000000007FFE0ECD 000074 (v01 BOCHS  BXPC     00000001 BXPC 00000001)
[    0.043826][    T0] ACPI: DSDT 0x000000007FFDF040 001E8D (v01 BOCHS  BXPC     00000001 BXPC 00000001)
[    0.046016][    T0] ACPI: FACS 0x000000007FFDF000 000040
[    0.047227][    T0] ACPI: APIC 0x000000007FFE0F41 000080 (v01 BOCHS  BXPC     00000001 BXPC 00000001)
[    0.049443][    T0] ACPI: HPET 0x000000007FFE0FC1 000038 (v01 BOCHS  BXPC     00000001 BXPC 00000001)
[    0.052011][    T0] ACPI: SRAT 0x000000007FFE0FF9 0000F0 (v01 BOCHS  BXPC     00000001 BXPC 00000001)
[    0.054224][    T0] ACPI: SSDT 0x000000007FFE10E9 00058D (v01 BOCHS  NVDIMM   00000001 BXPC 00000001)
[    0.056419][    T0] ACPI: NFIT 0x000000007FFE1676 0000E0 (v01 BOCHS  BXPC     00000001 BXPC 00000001)
[    0.059422][    T0] ACPI: WAET 0x000000007FFE1756 000028 (v01 BOCHS  BXPC     00000001 BXPC 00000001)
[    0.062077][    T0] ACPI: Reserving FACP table memory at [mem 0x7ffe0ecd-0x7ffe0f40]
[    0.063888][    T0] ACPI: Reserving DSDT table memory at [mem 0x7ffdf040-0x7ffe0ecc]
[    0.065708][    T0] ACPI: Reserving FACS table memory at [mem 0x7ffdf000-0x7ffdf03f]
[    0.067487][    T0] ACPI: Reserving APIC table memory at [mem 0x7ffe0f41-0x7ffe0fc0]
[    0.069310][    T0] ACPI: Reserving HPET table memory at [mem 0x7ffe0fc1-0x7ffe0ff8]
[    0.071406][    T0] ACPI: Reserving SRAT table memory at [mem 0x7ffe0ff9-0x7ffe10e8]
[    0.073341][    T0] ACPI: Reserving SSDT table memory at [mem 0x7ffe10e9-0x7ffe1675]
[    0.075090][    T0] ACPI: Reserving NFIT table memory at [mem 0x7ffe1676-0x7ffe1755]
[    0.077065][    T0] ACPI: Reserving WAET table memory at [mem 0x7ffe1756-0x7ffe177d]
[    0.078936][    T0] ACPI: SRAT: Node 0 PXM 0 [mem 0x00000000-0x0009ffff]
[    0.080497][    T0] ACPI: SRAT: Node 0 PXM 0 [mem 0x00100000-0x7fffffff]
[    0.081997][    T0] ACPI: SRAT: Node 0 PXM 0 [mem 0x100000000-0x11fffffff] non-volatile
[    0.083804][    T0] ACPI: SRAT: Node 0 PXM 0 [mem 0x100000000-0x1ffffffff] hotplug
[    0.085521][    T0] NUMA: Node 0 [mem 0x00001000-0x0009ffff] + [mem 0x00100000-0x7ffdefff] -> [mem 0x00001000-0x7ffdefff]
[    0.088232][    T0] NODE_DATA(0) allocated [mem 0x7ffd9340-0x7ffdedff]
[    0.137165][    T0] Zone ranges:
[    0.138291][    T0]   DMA      [mem 0x0000000000001000-0x0000000000ffffff]
[    0.141968][    T0]   DMA32    [mem 0x0000000001000000-0x000000007ffdefff]
[    0.144411][    T0]   Normal   empty
[    0.145772][    T0]   Device   empty
[    0.146734][    T0] Movable zone start for each node
[    0.147818][    T0] Early memory node ranges
[    0.148735][    T0]   node   0: [mem 0x0000000000001000-0x000000000009efff]
[    0.150155][    T0]   node   0: [mem 0x0000000000100000-0x000000007ffdefff]
[    0.151601][    T0] Initmem setup node 0 [mem 0x0000000000001000-0x000000007ffdefff]
[    0.153307][    T0] On node 0, zone DMA: 1 pages in unavailable ranges
[    0.155019][    T0] On node 0, zone DMA: 97 pages in unavailable ranges
[    0.172023][    T0] On node 0, zone DMA32: 33 pages in unavailable ranges
[    0.760737][    T0] kasan: KernelAddressSanitizer initialized
[    0.763109][    T0] ACPI: PM-Timer IO Port: 0x608
[    0.764215][    T0] ACPI: LAPIC_NMI (acpi_id[0xff] dfl dfl lint[0x1])
[    0.767130][    T0] IOAPIC[0]: apic_id 0, version 17, address 0xfec00000, GSI 0-23
[    0.770084][    T0] ACPI: INT_SRC_OVR (bus 0 bus_irq 0 global_irq 2 dfl dfl)
[    0.773814][    T0] ACPI: INT_SRC_OVR (bus 0 bus_irq 5 global_irq 5 high level)
[    0.775637][    T0] ACPI: INT_SRC_OVR (bus 0 bus_irq 9 global_irq 9 high level)
[    0.777320][    T0] ACPI: INT_SRC_OVR (bus 0 bus_irq 10 global_irq 10 high level)
[    0.779022][    T0] ACPI: INT_SRC_OVR (bus 0 bus_irq 11 global_irq 11 high level)
[    0.780726][    T0] ACPI: Using ACPI (MADT) for SMP configuration information
[    0.782346][    T0] ACPI: HPET id: 0x8086a201 base: 0xfed00000
[    0.783678][    T0] TSC deadline timer available
[    0.784694][    T0] CPU topo: Max. logical packages:   1
[    0.785779][    T0] CPU topo: Max. logical dies:       1
[    0.787087][    T0] CPU topo: Max. dies per package:   1
[    0.788846][    T0] CPU topo: Max. threads per core:   1
[    0.790736][    T0] CPU topo: Num. cores per package:     2
[    0.793858][    T0] CPU topo: Num. threads per package:   2
[    0.795436][    T0] CPU topo: Allowing 2 present CPUs plus 0 hotplug CPUs
[    0.797162][    T0] kvm-guest: APIC: eoi() replaced with kvm_guest_apic_eoi_write()
[    0.798783][    T0] kvm-guest: KVM setup pv remote TLB flush
[    0.799997][    T0] kvm-guest: setup PV sched yield
[    0.801295][    T0] PM: hibernation: Registered nosave memory: [mem 0x00000000-0x00000fff]
[    0.803154][    T0] PM: hibernation: Registered nosave memory: [mem 0x0009f000-0x0009ffff]
[    0.805211][    T0] PM: hibernation: Registered nosave memory: [mem 0x000a0000-0x000effff]
[    0.807366][    T0] PM: hibernation: Registered nosave memory: [mem 0x000f0000-0x000fffff]
[    0.809730][    T0] [mem 0x80000000-0xfeffbfff] available for PCI devices
[    0.811815][    T0] Booting paravirtualized kernel on KVM
[    0.813410][    T0] clocksource: refined-jiffies: mask: 0xffffffff max_cycles: 0xffffffff, max_idle_ns: 19112604462750000 ns
[    0.853318][    T0] setup_percpu: NR_CPUS:8 nr_cpumask_bits:2 nr_cpu_ids:2 nr_node_ids:1
[    0.859239][    T0] percpu: Embedded 74 pages/cpu s265608 r8192 d29304 u1048576
[    0.862062][    T0] kvm-guest: PV spinlocks enabled
[    0.863605][    T0] PV qspinlock hash table entries: 256 (order: 0, 4096 bytes, linear)
[    0.865684][    T0] Kernel command line: console=ttyS0 oops=panic panic=86400 nokaslr earlyprintk=serial rdinit=/init
[    0.869190][    T0] random: crng init done
[    0.874786][    T0] Dentry cache hash table entries: 262144 (order: 9, 2097152 bytes, linear)
[    0.880308][    T0] Inode-cache hash table entries: 131072 (order: 8, 1048576 bytes, linear)
[    0.884921][    T0] Fallback order for Node 0: 0 
[    0.884935][    T0] Built 1 zonelists, mobility grouping on.  Total pages: 524157
[    0.887923][    T0] Policy zone: DMA32
[    0.891899][    T0] mem auto-init: stack:all(zero), heap alloc:on, heap free:off
[    0.893772][    T0] stackdepot: allocating hash table via alloc_large_system_hash
[    0.895177][    T0] stackdepot hash table entries: 1048576 (order: 12, 16777216 bytes, linear)
[    0.924114][    T0] software IO TLB: area num 2.
[    1.187969][    T0] SLUB: HWalign=64, Order=0-3, MinObjects=0, CPUs=2, Nodes=1
[    1.200144][    T0] allocated 4194304 bytes of page_ext
[    1.203853][    T0] Dynamic Preempt: full
[    1.206716][    T0] Running RCU self tests
[    1.207612][    T0] Running RCU synchronous self tests
[    1.209514][    T0] rcu: Preemptible hierarchical RCU implementation.
[    1.211325][    T0] rcu: 	RCU lockdep checking is enabled.
[    1.213051][    T0] rcu: 	RCU restricting CPUs from NR_CPUS=8 to nr_cpu_ids=2.
[    1.216195][    T0] rcu: 	RCU callback double-/use-after-free debug is enabled.
[    1.217795][    T0] rcu: 	RCU debug extended QS entry/exit.
[    1.223220][    T0] 	Trampoline variant of Tasks RCU enabled.
[    1.224360][    T0] 	Tracing variant of Tasks RCU enabled.
[    1.225291][    T0] rcu: RCU calculated value of scheduler-enlistment delay is 10 jiffies.
[    1.227569][    T0] rcu: Adjusting geometry for rcu_fanout_leaf=16, nr_cpu_ids=2
[    1.231168][    T0] Running RCU synchronous self tests
[    1.232216][    T0] RCU Tasks: Setting shift to 1 and lim to 1 rcu_task_cb_adjust=1 rcu_task_cpu_ids=2.
[    1.234002][    T0] RCU Tasks Trace: Setting shift to 1 and lim to 1 rcu_task_cb_adjust=1 rcu_task_cpu_ids=2.
[    1.279070][    T0] NR_IRQS: 4352, nr_irqs: 440, preallocated irqs: 16
[    1.281807][    T0] rcu: srcu_init: Setting srcu_struct sizes based on contention.
[    1.284078][    T0] kfence: initialized - using 2097152 bytes for 255 objects at 0x(____ptrval____)-0x(____ptrval____)
[    1.299274][    T0] Console: colour VGA+ 80x25
[    1.300558][    T0] printk: legacy console [ttyS0] enabled
[    1.300558][    T0] printk: legacy console [ttyS0] enabled
[    1.303734][    T0] printk: legacy bootconsole [earlyser0] disabled
[    1.303734][    T0] printk: legacy bootconsole [earlyser0] disabled
[    1.306930][    T0] Lock dependency validator: Copyright (c) 2006 Red Hat, Inc., Ingo Molnar
[    1.308645][    T0] ... MAX_LOCKDEP_SUBCLASSES:  8
[    1.309524][    T0] ... MAX_LOCK_DEPTH:          48
[    1.310458][    T0] ... MAX_LOCKDEP_KEYS:        8192
[    1.311436][    T0] ... CLASSHASH_SIZE:          4096
[    1.312381][    T0] ... MAX_LOCKDEP_ENTRIES:     1048576
[    1.313410][    T0] ... MAX_LOCKDEP_CHAINS:      1048576
[    1.314478][    T0] ... CHAINHASH_SIZE:          524288
[    1.315531][    T0]  memory used by lock dependency info: 106625 kB
[    1.316776][    T0]  memory used for stack traces: 8320 kB
[    1.318397][    T0]  per task-struct memory footprint: 1920 bytes
[    1.319876][    T0] ACPI: Core revision 20240827
[    1.321887][    T0] clocksource: hpet: mask: 0xffffffff max_cycles: 0xffffffff, max_idle_ns: 19112604467 ns
[    1.324618][    T0] APIC: Switch to symmetric I/O mode setup
[    1.326836][    T0] x2apic enabled
[    1.328201][    T0] APIC: Switched APIC routing to: physical x2apic
[    1.329415][    T0] kvm-guest: APIC: send_IPI_mask() replaced with kvm_send_ipi_mask()
[    1.331268][    T0] kvm-guest: APIC: send_IPI_mask_allbutself() replaced with kvm_send_ipi_mask_allbutself()
[    1.333247][    T0] kvm-guest: setup PV IPIs
[    1.336819][    T0] ..TIMER: vector=0x30 apic1=0 pin1=2 apic2=-1 pin2=-1
[    1.338852][    T0] clocksource: tsc-early: mask: 0xffffffffffffffff max_cycles: 0x2b2c8ec87c7, max_idle_ns: 440795278598 ns
[    1.341781][    T0] Calibrating delay loop (skipped) preset value.. 5990.40 BogoMIPS (lpj=29952000)
[    1.353359][    T0] x86/cpu: User Mode Instruction Prevention (UMIP) activated
[    1.356428][    T0] Last level iTLB entries: 4KB 0, 2MB 0, 4MB 0
[    1.357611][    T0] Last level dTLB entries: 4KB 0, 2MB 0, 4MB 0, 1GB 0
[    1.359090][    T0] Spectre V1 : Mitigation: usercopy/swapgs barriers and __user pointer sanitization
[    1.360968][    T0] Spectre V2 : WARNING: Unprivileged eBPF is enabled with eIBRS on, data leaks possible via Spectre v2 BHB attacks!
[    1.361753][    T0] Spectre V2 : Spectre BHI mitigation: SW BHB clearing on syscall and VM exit
[    1.361764][    T0] Spectre V2 : Mitigation: Enhanced / Automatic IBRS
[    1.364152][    T0] Spectre V2 : Spectre v2 / SpectreRSB mitigation: Filling RSB on context switch
[    1.365977][    T0] Spectre V2 : Spectre v2 / PBRSB-eIBRS: Retire a single CALL on VMEXIT
[    1.371762][    T0] RETBleed: Mitigation: Enhanced IBRS
[    1.373036][    T0] Spectre V2 : mitigation: Enabling conditional Indirect Branch Prediction Barrier
[    1.375009][    T0] Speculative Store Bypass: Mitigation: Speculative Store Bypass disabled via prctl
[    1.376873][    T0] MMIO Stale Data: Unknown: No mitigations
[    1.377991][    T0] Register File Data Sampling: Vulnerable: No microcode
[    1.382183][    T0] x86/fpu: Supporting XSAVE feature 0x001: 'x87 floating point registers'
[    1.383917][    T0] x86/fpu: Supporting XSAVE feature 0x002: 'SSE registers'
[    1.385218][    T0] x86/fpu: Supporting XSAVE feature 0x004: 'AVX registers'
[    1.386650][    T0] x86/fpu: xstate_offset[2]:  576, xstate_sizes[2]:  256
[    1.387787][    T0] x86/fpu: Enabled xstate features 0x7, context size is 832 bytes, using 'compacted' format.
[    1.545984][    T0] Freeing SMP alternatives memory: 124K
[    1.548362][    T0] pid_max: default: 32768 minimum: 301
[    1.550093][    T0] LSM: initializing lsm=lockdown,capability,landlock,yama,safesetid,tomoyo,apparmor,bpf,ima,evm
[    1.552115][    T0] landlock: Up and running.
[    1.552997][    T0] Yama: becoming mindful.
[    1.557038][    T0] TOMOYO Linux initialized
[    1.558671][    T0] AppArmor: AppArmor initialized
[    1.562544][    T0] LSM support for eBPF active
[    1.563872][    T0] Mount-cache hash table entries: 4096 (order: 3, 32768 bytes, linear)
[    1.569716][    T0] Mountpoint-cache hash table entries: 4096 (order: 3, 32768 bytes, linear)
[    1.577049][    T0] Running RCU synchronous self tests
[    1.581795][    T0] Running RCU synchronous self tests
[    1.584267][    T1] smpboot: CPU0: 13th Gen Intel(R) Core(TM) i9-13900H (family: 0x6, model: 0xba, stepping: 0x2)
[    1.591753][    T1] Running RCU Tasks wait API self tests
[    1.702910][    T1] Running RCU Tasks Trace wait API self tests
[    1.704944][    T1] Performance Events: unsupported p6 CPU model 186 no PMU driver, software events only.
[    1.707507][    T1] signal: max sigframe size: 1776
[    1.709551][    T1] rcu: Hierarchical SRCU implementation.
[    1.711771][    T1] rcu: 	Max phase no-delay instances is 1000.
[    1.716311][    T1] Timer migration: 1 hierarchy levels; 8 children per group; 1 crossnode level
[    1.721931][   T15] Callback from call_rcu_tasks_trace() invoked.
[    1.725973][    T1] NMI watchdog: Perf NMI watchdog permanently disabled
[    1.728375][    T1] smp: Bringing up secondary CPUs ...
[    1.734618][    T1] smpboot: x86: Booting SMP configuration:
[    1.738155][    T1] .... node  #0, CPUs:      #1
[    1.742464][    T1] smp: Brought up 1 node, 2 CPUs
[    1.743084][    T1] smpboot: Total of 2 processors activated (11980.80 BogoMIPS)
[    1.744999][    T1] Memory: 1230000K/2096628K available (167936K kernel code, 40899K rwdata, 38752K rodata, 26476K init, 119980K bss, 855744K reserved, 0K cma-reserved)
[    1.756060][    T1] devtmpfs: initialized
[    1.762884][    T1] x86/mm: Memory block size: 128MB
[    1.782452][    T1] Running RCU synchronous self tests
[    1.785165][    T1] Running RCU synchronous self tests
[    1.785173][    T1] clocksource: jiffies: mask: 0xffffffff max_cycles: 0xffffffff, max_idle_ns: 19112604462750000 ns
[    1.785173][    T1] futex hash table entries: 512 (order: 4, 65536 bytes, linear)
[    1.792509][    T1] PM: RTC time: 21:54:52, date: 2026-05-22
[    1.803086][    T1] NET: Registered PF_NETLINK/PF_ROUTE protocol family
[    1.806519][    T1] audit: initializing netlink subsys (disabled)
[    1.812738][   T29] audit: type=2000 audit(1779486893.072:1): state=initialized audit_enabled=0 res=1
[    1.814762][    T1] thermal_sys: Registered thermal governor 'step_wise'
[    1.814762][    T1] thermal_sys: Registered thermal governor 'user_space'
[    1.815220][    T1] cpuidle: using governor menu
[    1.816301][    T1] NET: Registered PF_QIPCRTR protocol family
[    1.823744][    T1] dca service started, version 1.12.1
[    1.826197][    T1] PCI: Using configuration type 1 for base access
[    1.833459][    T1] HugeTLB: registered 1.00 GiB page size, pre-allocated 0 pages
[    1.835204][    T1] HugeTLB: 16380 KiB vmemmap can be freed for a 1.00 GiB page
[    1.836841][    T1] HugeTLB: registered 2.00 MiB page size, pre-allocated 0 pages
[    1.841928][    T1] HugeTLB: 28 KiB vmemmap can be freed for a 2.00 MiB page
[    1.862586][    T1] cryptd: max_cpu_qlen set to 1000
[    1.902522][    T1] raid6: skipped pq benchmark and selected avx2x4
[    1.903946][    T1] raid6: using avx2x2 recovery algorithm
[    1.906294][    T1] ACPI: Added _OSI(Module Device)
[    1.907424][    T1] ACPI: Added _OSI(Processor Device)
[    1.908610][    T1] ACPI: Added _OSI(3.0 _SCP Extensions)
[    1.909854][    T1] ACPI: Added _OSI(Processor Aggregator Device)
[    1.922011][   T14] Callback from call_rcu_tasks() invoked.
[    1.929821][    T1] ACPI: 2 ACPI AML tables successfully acquired and loaded
[    1.944807][    T1] ACPI: Interpreter enabled
[    1.946070][    T1] ACPI: PM: (supports S0 S3 S4 S5)
[    1.947169][    T1] ACPI: Using IOAPIC for interrupt routing
[    1.948835][    T1] PCI: Using host bridge windows from ACPI; if necessary, use "pci=nocrs" and report a bug
[    1.951785][    T1] PCI: Using E820 reservations for host bridge windows
[    1.955039][    T1] ACPI: Enabled 4 GPEs in block 00 to 0F
[    1.999222][    T1] ACPI: PCI Root Bridge [PCI0] (domain 0000 [bus 00-ff])
[    2.002086][    T1] acpi PNP0A03:00: _OSC: OS supports [ASPM ClockPM Segments MSI HPX-Type3]
[    2.005465][    T1] acpi PNP0A03:00: _OSC: not requesting OS control; OS requires [ExtendedConfig ASPM ClockPM MSI]
[    2.010431][    T1] acpi PNP0A03:00: fail to add MMCONFIG information, can't access extended configuration space under this bridge
[    2.013971][    T1] PCI host bridge to bus 0000:00
[    2.018958][    T1] pci_bus 0000:00: root bus resource [io  0x0000-0x0cf7 window]
[    2.024302][    T1] pci_bus 0000:00: root bus resource [io  0x0d00-0xffff window]
[    2.027763][    T1] pci_bus 0000:00: root bus resource [mem 0x000a0000-0x000bffff window]
[    2.029979][    T1] pci_bus 0000:00: root bus resource [mem 0x80000000-0xfebfffff window]
[    2.031753][    T1] pci_bus 0000:00: root bus resource [mem 0x200000000-0x27fffffff window]
[    2.031862][    T1] pci_bus 0000:00: root bus resource [bus 00-ff]
[    2.034569][    T1] pci 0000:00:00.0: [8086:1237] type 00 class 0x060000 conventional PCI endpoint
[    2.055409][    T1] pci 0000:00:01.0: [8086:7000] type 00 class 0x060100 conventional PCI endpoint
[    2.069546][    T1] pci 0000:00:01.1: [8086:7010] type 00 class 0x010180 conventional PCI endpoint
[    2.074002][    T1] pci 0000:00:01.1: BAR 4 [io  0xc000-0xc00f]
[    2.077275][    T1] pci 0000:00:01.1: BAR 0 [io  0x01f0-0x01f7]: legacy IDE quirk
[    2.079824][    T1] pci 0000:00:01.1: BAR 1 [io  0x03f6]: legacy IDE quirk
[    2.081778][    T1] pci 0000:00:01.1: BAR 2 [io  0x0170-0x0177]: legacy IDE quirk
[    2.084013][    T1] pci 0000:00:01.1: BAR 3 [io  0x0376]: legacy IDE quirk
[    2.087659][    T1] pci 0000:00:01.3: [8086:7113] type 00 class 0x068000 conventional PCI endpoint
[    2.091147][    T1] pci 0000:00:01.3: quirk: [io  0x0600-0x063f] claimed by PIIX4 ACPI
[    2.091791][    T1] pci 0000:00:01.3: quirk: [io  0x0700-0x070f] claimed by PIIX4 SMB
[    2.095037][    T1] pci 0000:00:02.0: [1234:1111] type 00 class 0x030000 conventional PCI endpoint
[    2.102995][    T1] pci 0000:00:02.0: BAR 0 [mem 0xfd000000-0xfdffffff pref]
[    2.109753][    T1] pci 0000:00:02.0: BAR 2 [mem 0xfebf0000-0xfebf0fff]
[    2.118097][    T1] pci 0000:00:02.0: ROM [mem 0xfebe0000-0xfebeffff pref]
[    2.122259][    T1] pci 0000:00:02.0: Video device with shadowed ROM at [mem 0x000c0000-0x000dffff]
[    2.157013][    T1] ACPI: PCI: Interrupt link LNKA configured for IRQ 10
[    2.160485][    T1] ACPI: PCI: Interrupt link LNKB configured for IRQ 10
[    2.162957][    T1] ACPI: PCI: Interrupt link LNKC configured for IRQ 11
[    2.165753][    T1] ACPI: PCI: Interrupt link LNKD configured for IRQ 11
[    2.167697][    T1] ACPI: PCI: Interrupt link LNKS configured for IRQ 9
[    2.201802][    T1] iommu: Default domain type: Translated
[    2.202939][    T1] iommu: DMA domain TLB invalidation policy: lazy mode
[    2.210003][    T1] SCSI subsystem initialized
[    2.233663][    T1] ACPI: bus type USB registered
[    2.235461][    T1] usbcore: registered new interface driver usbfs
[    2.237994][    T1] usbcore: registered new interface driver hub
[    2.239721][    T1] usbcore: registered new device driver usb
[    2.243753][    T1] mc: Linux media interface: v0.10
[    2.245470][    T1] videodev: Linux video capture interface: v2.00
[    2.249830][    T1] pps_core: LinuxPPS API ver. 1 registered
[    2.251194][    T1] pps_core: Software ver. 5.3.6 - Copyright 2005-2007 Rodolfo Giometti <giometti@linux.it>
[    2.252013][    T1] PTP clock support registered
[    2.272692][    T1] EDAC MC: Ver: 3.0.0
[    2.294773][    T1] Advanced Linux Sound Architecture Driver Initialized.
[    2.301361][    T1] Bluetooth: Core ver 2.22
[    2.302424][    T1] NET: Registered PF_BLUETOOTH protocol family
[    2.303920][    T1] Bluetooth: HCI device and connection manager initialized
[    2.305764][    T1] Bluetooth: HCI socket layer initialized
[    2.307098][    T1] Bluetooth: L2CAP socket layer initialized
[    2.308986][    T1] Bluetooth: SCO socket layer initialized
[    2.310928][    T1] NET: Registered PF_ATMPVC protocol family
[    2.311824][    T1] NET: Registered PF_ATMSVC protocol family
[    2.314163][    T1] NetLabel: Initializing
[    2.315236][    T1] NetLabel:  domain hash size = 128
[    2.316486][    T1] NetLabel:  protocols = UNLABELED CIPSOv4 CALIPSO
[    2.318678][    T1] NetLabel:  unlabeled traffic allowed by default
[    2.322752][    T1] nfc: nfc_init: NFC Core ver 0.1
[    2.324530][    T1] NET: Registered PF_NFC protocol family
[    2.326149][    T1] PCI: Using ACPI for IRQ routing
[    2.328314][    T1] pci 0000:00:02.0: vgaarb: setting as boot VGA device
[    2.328314][    T1] pci 0000:00:02.0: vgaarb: bridge control possible
[    2.328314][    T1] pci 0000:00:02.0: vgaarb: VGA device added: decodes=io+mem,owns=io+mem,locks=none
[    2.331772][    T1] vgaarb: loaded
[    2.343776][    T1] hpet0: at MMIO 0xfed00000, IRQs 2, 8, 0
[    2.345186][    T1] hpet0: 3 comparators, 64-bit 100.000000 MHz counter
[    2.354848][    T1] clocksource: Switched to clocksource kvm-clock
[    2.360663][    T1] VFS: Disk quotas dquot_6.6.0
[    2.361753][    T1] VFS: Dquot-cache hash table entries: 512 (order 0, 4096 bytes)
[    2.363413][   T52] kwatchdog (52) used greatest stack depth: 29824 bytes left
[    2.363930][    T1] netfs: FS-Cache loaded
[    2.368365][    T1] CacheFiles: Loaded
[    2.370041][    T1] TOMOYO: 2.6.0
[    2.370891][    T1] Mandatory Access Control activated.
[    2.374622][    T1] AppArmor: AppArmor Filesystem Enabled
[    2.378297][    T1] pnp: PnP ACPI init
[    2.385372][    T1] pnp: PnP ACPI: found 6 devices
[    2.447161][    T1] clocksource: acpi_pm: mask: 0xffffff max_cycles: 0xffffff, max_idle_ns: 2085701024 ns
[    2.456212][    T1] NET: Registered PF_INET protocol family
[    2.458979][    T1] IP idents hash table entries: 32768 (order: 6, 262144 bytes, linear)
[    2.464194][    T1] tcp_listen_portaddr_hash hash table entries: 1024 (order: 4, 73728 bytes, linear)
[    2.467235][    T1] Table-perturb hash table entries: 65536 (order: 6, 262144 bytes, linear)
[    2.469590][    T1] TCP established hash table entries: 16384 (order: 5, 131072 bytes, linear)
[    2.479587][    T1] TCP bind hash table entries: 16384 (order: 9, 2359296 bytes, linear)
[    2.482450][    T1] TCP: Hash tables configured (established 16384 bind 16384)
[    2.489240][    T1] MPTCP token hash table entries: 2048 (order: 5, 180224 bytes, linear)
[    2.491959][    T1] UDP hash table entries: 1024 (order: 5, 163840 bytes, linear)
[    2.494604][    T1] UDP-Lite hash table entries: 1024 (order: 5, 163840 bytes, linear)
[    2.498303][    T1] NET: Registered PF_UNIX/PF_LOCAL protocol family
[    2.513520][    T1] RPC: Registered named UNIX socket transport module.
[    2.515318][    T1] RPC: Registered udp transport module.
[    2.516770][    T1] RPC: Registered tcp transport module.
[    2.518355][    T1] RPC: Registered tcp-with-tls transport module.
[    2.520565][    T1] RPC: Registered tcp NFSv4.1 backchannel transport module.
[    2.537263][    T1] NET: Registered PF_XDP protocol family
[    2.538838][    T1] pci_bus 0000:00: resource 4 [io  0x0000-0x0cf7 window]
[    2.540665][    T1] pci_bus 0000:00: resource 5 [io  0x0d00-0xffff window]
[    2.542442][    T1] pci_bus 0000:00: resource 6 [mem 0x000a0000-0x000bffff window]
[    2.544329][    T1] pci_bus 0000:00: resource 7 [mem 0x80000000-0xfebfffff window]
[    2.547692][    T1] pci_bus 0000:00: resource 8 [mem 0x200000000-0x27fffffff window]
[    2.550680][    T1] pci 0000:00:01.0: PIIX3: Enabling Passive Release
[    2.552823][    T1] pci 0000:00:00.0: Limiting direct PCI/PCI transfers
[    2.555820][    T1] PCI: CLS 0 bytes, default 64
[    2.558269][    T1] PCI-DMA: Using software bounce buffering for IO (SWIOTLB)
[    2.560250][    T1] software IO TLB: mapped [mem 0x0000000065500000-0x0000000069500000] (64MB)
[    2.561095][   T51] Trying to unpack rootfs image as initramfs...
[    2.566752][    T1] ACPI: bus type thunderbolt registered
[    2.608262][    T1] RAPL PMU: API unit is 2^-32 Joules, 0 fixed counters, 10737418240 ms ovfl timer
[    2.652177][    T1] kvm_amd: CPU 0 isn't AMD or Hygon
[    2.653369][    T1] clocksource: tsc: mask: 0xffffffffffffffff max_cycles: 0x2b2c8ec87c7, max_idle_ns: 440795278598 ns
[    2.700650][   T51] Freeing initrd memory: 1336K
[    2.702408][   T72] kworker/u8:4 (72) used greatest stack depth: 28432 bytes left
[    2.705922][   T70] kworker/u8:4 (70) used greatest stack depth: 27552 bytes left
[    4.249492][    T1] Initialise system trusted keyrings
[    4.251570][    T1] workingset: timestamp_bits=40 max_order=19 bucket_order=0
[    4.256202][    T1] DLM installed
[    4.258216][    T1] squashfs: version 4.0 (2009/01/31) Phillip Lougher
[    4.273956][    T1] NFS: Registering the id_resolver key type
[    4.275386][    T1] Key type id_resolver registered
[    4.276553][    T1] Key type id_legacy registered
[    4.277854][    T1] nfs4filelayout_init: NFSv4 File Layout Driver Registering...
[    4.280689][    T1] nfs4flexfilelayout_init: NFSv4 Flexfile Layout Driver Registering...
[    4.310203][    T1] Key type cifs.spnego registered
[    4.313705][    T1] Key type cifs.idmap registered
[    4.316334][    T1] ntfs3: Enabled Linux POSIX ACLs support
[    4.318406][    T1] ntfs3: Read-only LZX/Xpress compression included
[    4.322609][    T1] efs: 1.0a - http://aeschi.ch.eu.org/efs/
[    4.324385][    T1] jffs2: version 2.2. (NAND) (SUMMARY)  © 2001-2006 Red Hat, Inc.
[    4.327738][    T1] romfs: ROMFS MTD (C) 2007 Red Hat, Inc.
[    4.331120][    T1] QNX4 filesystem 0.2.3 registered.
[    4.332947][    T1] qnx6: QNX6 filesystem 1.0.0 registered.
[    4.336503][    T1] fuse: init (API version 7.41)
[    4.339638][    T1] orangefs_debugfs_init: called with debug mask: :none: :0:
[    4.341804][    T1] orangefs_init: module version upstream loaded
[    4.343431][    T1] JFS: nTxBlock = 8192, nTxLock = 65536
[    4.364325][    T1] SGI XFS with ACLs, security attributes, realtime, quota, no debug enabled
[    4.369770][    T1] 9p: Installing v9fs 9p2000 file system support
[    4.372234][    T1] NILFS version 2 loaded
[    4.373861][    T1] befs: version: 0.9.3
[    4.375491][    T1] ocfs2: Registered cluster interface o2cb
[    4.377382][    T1] ocfs2: Registered cluster interface user
[    4.391569][    T1] OCFS2 User DLM kernel interface loaded
[    4.401898][    T1] gfs2: GFS2 installed
[    4.412339][    T1] ceph: loaded (mds proto 32)
[    4.426121][    T1] NET: Registered PF_ALG protocol family
[    4.427754][    T1] xor: automatically using best checksumming function   avx       
[    4.431315][    T1] async_tx: api initialized (async)
[    4.433157][    T1] Key type asymmetric registered
[    4.434674][    T1] Asymmetric key parser 'x509' registered
[    4.435894][    T1] Asymmetric key parser 'pkcs8' registered
[    4.437298][    T1] Key type pkcs7_test registered
[    4.439130][    T1] Block layer SCSI generic (bsg) driver version 0.4 loaded (major 238)
[    4.442006][    T1] io scheduler mq-deadline registered
[    4.443222][    T1] io scheduler kyber registered
[    4.445204][    T1] io scheduler bfq registered
[    4.461397][    T1] input: Power Button as /devices/LNXSYSTM:00/LNXPWRBN:00/input/input0
[    4.468775][    T1] ACPI: button: Power Button [PWRF]
[    4.472623][  T159] kworker/u8:3 (159) used greatest stack depth: 27376 bytes left
[    4.544036][    T1] ioatdma: Intel(R) QuickData Technology Driver 5.00
[    4.610162][  T458] kworker/u8:3 (458) used greatest stack depth: 27248 bytes left
[    4.616228][  T460] kworker/u8:2 (460) used greatest stack depth: 27056 bytes left
[    4.686845][    T1] N_HDLC line discipline registered with maxframe=4096
[    4.691208][    T1] Serial: 8250/16550 driver, 4 ports, IRQ sharing enabled
[    4.705568][    T1] 00:04: ttyS0 at I/O 0x3f8 (irq = 4, base_baud = 115200) is a 16550A
[    4.719567][    T1] Non-volatile memory driver v1.3
[    4.721570][    T1] Linux agpgart interface v0.103
[    4.723996][    T1] usbcore: registered new interface driver xillyusb
[    4.728123][    T1] ACPI: bus type drm_connector registered
[    4.731794][    T1] [drm] Initialized vgem 1.0.0 for vgem on minor 0
[    4.737760][    T1] [drm] Initialized vkms 1.0.0 for vkms on minor 1
[    4.795929][    T1] Console: switching to colour frame buffer device 128x48
[    4.815449][    T1] platform vkms: [drm] fb0: vkmsdrmfb frame buffer device
[    4.818111][    T1] usbcore: registered new interface driver udl
[    4.821104][    T1] bochs-drm 0000:00:02.0: vgaarb: deactivate vga console
[    4.831239][    T1] [drm] Found bochs VGA, ID 0xb0c5.
[    4.832907][    T1] [drm] Framebuffer size 16384 kB @ 0xfd000000, mmio @ 0xfebf0000.
[    4.838768][    T1] [drm] Found EDID data blob.
[    4.841588][    T1] [drm] Initialized bochs-drm 1.0.0 for 0000:00:02.0 on minor 2
[    4.852002][    T1] fbcon: bochs-drmdrmfb (fb1) is primary device
[    4.852014][    T1] fbcon: Remapping primary device, fb1, to tty 1-63
[    5.298259][    T1] bochs-drm 0000:00:02.0: [drm] fb1: bochs-drmdrmfb frame buffer device
[    5.301448][    T1] usbcore: registered new interface driver gm12u320
[    5.304762][    T1] usbcore: registered new interface driver gud
[    5.344036][    T1] brd: module loaded
[    5.390235][    T1] loop: module loaded
[    5.462968][    T1] zram: Added device: zram0
[    5.467911][    T1] null_blk: disk nullb0 created
[    5.471237][    T1] null_blk: module loaded
[    5.472940][    T1] Guest personality initialized and is inactive
[    5.479498][    T1] VMCI host device registered (name=vmci, major=10, minor=118)
[    5.479507][    T1] Initialized host personality
[    5.480425][    T1] usbcore: registered new interface driver rtsx_usb
[    5.486185][    T1] usbcore: registered new interface driver viperboard
[    5.487957][    T1] usbcore: registered new interface driver dln2
[    5.489878][    T1] usbcore: registered new interface driver pn533_usb
[    5.497630][    T1] nfcsim 0.2 initialized
[    5.499439][    T1] usbcore: registered new interface driver port100
[    5.501413][    T1] usbcore: registered new interface driver nfcmrvl
[    5.708738][    T1] Loading iSCSI transport class v2.0-870.
[    5.712656][    T1] st: Version 20160209, fixed bufsize 32768, s/g segs 256
[    5.769174][    T1] scsi host0: ata_piix
[    5.772447][    T1] scsi host1: ata_piix
[    5.775176][    T1] ata1: PATA max MWDMA2 cmd 0x1f0 ctl 0x3f6 bmdma 0xc000 irq 14 lpm-pol 0
[    5.778074][    T1] ata2: PATA max MWDMA2 cmd 0x170 ctl 0x376 bmdma 0xc008 irq 15 lpm-pol 0
[    5.784036][    T1] Rounding down aligned max_sectors from 4294967295 to 4294967288
[    5.786181][    T1] db_root: cannot open: /etc/target
[    5.787971][    T1] slram: not enough parameters.
[    5.792456][    T1] ftl_cs: FTL header not found.
[    5.805732][    T1] wireguard: WireGuard 1.0.0 loaded. See www.wireguard.com for information.
[    5.807806][    T1] wireguard: Copyright (C) 2015-2019 Jason A. Donenfeld <Jason@zx2c4.com>. All Rights Reserved.
[    5.810350][    T1] eql: Equalizer2002: Simon Janes (simon@ncm.com) and David S. Miller (davem@redhat.com)
[    5.815195][    T1] MACsec IEEE 802.1AE
[    5.820256][    T1] usbcore: registered new interface driver mvusb_mdio
[    5.825487][    T1] tun: Universal TUN/TAP device driver, 1.6
[    5.827759][    T1] vcan: Virtual CAN interface driver
[    5.830230][    T1] vxcan: Virtual CAN Tunnel driver
[    5.832551][    T1] slcan: serial line CAN interface driver
[    5.834177][    T1] CAN device driver interface
[    5.839157][    T1] usbcore: registered new interface driver usb_8dev
[    5.841052][    T1] usbcore: registered new interface driver ems_usb
[    5.842747][    T1] usbcore: registered new interface driver esd_usb
[    5.845172][    T1] usbcore: registered new interface driver etas_es58x
[    5.847441][    T1] usbcore: registered new interface driver f81604
[    5.850098][    T1] usbcore: registered new interface driver gs_usb
[    5.852367][    T1] usbcore: registered new interface driver kvaser_usb
[    5.856005][    T1] usbcore: registered new interface driver mcba_usb
[    5.858443][    T1] usbcore: registered new interface driver peak_usb
[    5.860179][    T1] usbcore: registered new interface driver ucan
[    5.861982][    T1] e100: Intel(R) PRO/100 Network Driver
[    5.863139][    T1] e100: Copyright(c) 1999-2006 Intel Corporation
[    5.864722][    T1] e1000: Intel(R) PRO/1000 Network Driver
[    5.866222][    T1] e1000: Copyright (c) 1999-2006 Intel Corporation.
[    5.868122][    T1] e1000e: Intel(R) PRO/1000 Network Driver
[    5.869914][    T1] e1000e: Copyright(c) 1999 - 2015 Intel Corporation.
[    5.883860][    T1] mkiss: AX.25 Multikiss, Hans Albas PE1AYX
[    5.885494][    T1] AX.25: bpqether driver version 004
[    5.886927][    T1] PPP generic driver version 2.4.2
[    5.895825][    T1] PPP BSD Compression module registered
[    5.897516][    T1] PPP Deflate Compression module registered
[    5.899057][    T1] PPP MPPE Compression module registered
[    5.899079][    T1] NET: Registered PF_PPPOX protocol family
[    5.899305][    T1] PPTP driver version 0.8.5
[    5.903925][    T1] SLIP: version 0.8.4-NET3.019-NEWTTY (dynamic channels, max=256) (6 bit encapsulation enabled).
[    5.906364][    T1] CSLIP: code copyright 1989 Regents of the University of California.
[    5.910677][    T1] SLIP linefill/keepalive option.
[    5.912115][    T1] hdlc: HDLC support module revision 1.22
[    5.914421][    T1] LAPB Ethernet driver version 0.02
[    5.917183][    T1] usbcore: registered new interface driver ath9k_htc
[    5.920048][    T1] usbcore: registered new interface driver carl9170
[    5.921783][    T1] usbcore: registered new interface driver ath6kl_usb
[    5.923461][    T1] usbcore: registered new interface driver ar5523
[    5.925727][    T1] usbcore: registered new interface driver ath10k_usb
[    5.928363][    T1] usbcore: registered new interface driver plfxlc
[    5.931099][    T1] mac80211_hwsim: initializing netlink
[    5.938766][ T1016] ata2: found unknown device (class 0)
[    5.942319][ T1016] ata2.00: ATAPI: QEMU DVD-ROM, 2.5+, max UDMA/100
[    5.948689][    T1] usbcore: registered new interface driver atusb
[    5.954875][    T1] mac802154_hwsim mac802154_hwsim: Added 2 mac802154 hwsim hardware radios
[    5.956866][    T1] VMware vmxnet3 virtual NIC driver - version 1.9.0.0-k-NAPI
[    5.958895][    T1] usbcore: registered new interface driver catc
[    5.960180][    T1] usbcore: registered new interface driver kaweth
[    5.961680][    T1] pegasus: Pegasus/Pegasus II USB Ethernet driver
[    5.964150][    T1] usbcore: registered new interface driver pegasus
[    5.965976][    T1] usbcore: registered new interface driver rtl8150
[    5.967651][    T1] usbcore: registered new device driver r8152-cfgselector
[    5.969713][   T61] scsi 1:0:0:0: CD-ROM            QEMU     QEMU DVD-ROM     2.5+ PQ: 0 ANSI: 5
[    5.970110][    T1] usbcore: registered new interface driver r8152
[    5.974472][    T1] usbcore: registered new interface driver hso
[    5.976328][    T1] usbcore: registered new interface driver lan78xx
[    5.978254][    T1] usbcore: registered new interface driver asix
[    5.979919][    T1] usbcore: registered new interface driver ax88179_178a
[    5.983248][    T1] usbcore: registered new interface driver cdc_ether
[    5.985322][    T1] usbcore: registered new interface driver cdc_eem
[    5.987683][    T1] usbcore: registered new interface driver dm9601
[    5.989903][    T1] usbcore: registered new interface driver sr9700
[    5.991325][    T1] usbcore: registered new interface driver CoreChips
[    5.992952][    T1] usbcore: registered new interface driver smsc75xx
[    5.994534][    T1] usbcore: registered new interface driver smsc95xx
[    5.996118][    T1] usbcore: registered new interface driver gl620a
[    5.997923][    T1] usbcore: registered new interface driver net1080
[    5.999548][    T1] usbcore: registered new interface driver plusb
[    6.001049][    T1] usbcore: registered new interface driver rndis_host
[    6.002720][    T1] usbcore: registered new interface driver cdc_subset
[    6.004409][    T1] usbcore: registered new interface driver zaurus
[    6.006062][    T1] usbcore: registered new interface driver MOSCHIP usb-ethernet driver
[    6.009094][    T1] usbcore: registered new interface driver int51x1
[    6.010777][    T1] usbcore: registered new interface driver cdc_phonet
[    6.012554][    T1] usbcore: registered new interface driver kalmia
[    6.014144][    T1] usbcore: registered new interface driver ipheth
[    6.015786][    T1] usbcore: registered new interface driver sierra_net
[    6.017542][    T1] usbcore: registered new interface driver cx82310_eth
[    6.020339][    T1] usbcore: registered new interface driver cdc_ncm
[    6.021934][    T1] usbcore: registered new interface driver huawei_cdc_ncm
[    6.025408][    T1] usbcore: registered new interface driver lg-vl600
[    6.027082][    T1] usbcore: registered new interface driver qmi_wwan
[    6.028740][    T1] usbcore: registered new interface driver cdc_mbim
[    6.031373][    T1] usbcore: registered new interface driver ch9200
[    6.033275][    T1] usbcore: registered new interface driver aqc111
[    6.035752][    T1] usbcore: registered new interface driver r8153_ecm
[    6.061362][   T61] sr 1:0:0:0: [sr0] scsi3-mmc drive: 4x/4x cd/rw xa/form2 tray
[    6.061543][    T1] VFIO - User Level meta-driver version: 0.3
[    6.063293][   T61] cdrom: Uniform CD-ROM driver Revision: 3.20
[    6.069110][    T1] aoe: AoE v85 initialised.
[    6.077031][    T1] SPI driver max3421-hcd has no spi_device_id for maxim,max3421
[    6.080614][    T1] usbcore: registered new interface driver cdc_acm
[    6.082787][    T1] cdc_acm: USB Abstract Control Model driver for USB modems and ISDN adapters
[    6.091499][    T1] usbcore: registered new interface driver usblp
[    6.094181][    T1] usbcore: registered new interface driver cdc_wdm
[    6.096640][    T1] usbcore: registered new interface driver usbtmc
[    6.105300][   T61] sr 1:0:0:0: Attached scsi generic sg0 type 5
[    6.109029][    T1] usbcore: registered new interface driver uas
[    6.111217][    T1] usbcore: registered new interface driver usb-storage
[    6.113240][    T1] usbcore: registered new interface driver ums-alauda
[    6.115384][    T1] usbcore: registered new interface driver ums-cypress
[    6.117738][    T1] usbcore: registered new interface driver ums-datafab
[    6.120653][    T1] usbcore: registered new interface driver ums_eneub6250
[    6.126135][    T1] usbcore: registered new interface driver ums-freecom
[    6.128079][    T1] usbcore: registered new interface driver ums-isd200
[    6.130183][    T1] usbcore: registered new interface driver ums-jumpshot
[    6.132120][    T1] usbcore: registered new interface driver ums-karma
[    6.134199][    T1] usbcore: registered new interface driver ums-onetouch
[    6.136188][    T1] usbcore: registered new interface driver ums-realtek
[    6.138962][    T1] usbcore: registered new interface driver ums-sddr09
[    6.140656][    T1] usbcore: registered new interface driver ums-sddr55
[    6.142405][    T1] usbcore: registered new interface driver ums-usbat
[    6.144605][    T1] usbcore: registered new interface driver mdc800
[    6.146391][    T1] mdc800: v0.7.5 (30/10/2000):USB Driver for Mustek MDC800 Digital Camera
[    6.148879][    T1] usbcore: registered new interface driver microtekX6
[    6.151224][    T1] usbcore: registered new interface driver usbserial_generic
[    6.153809][    T1] usbserial: USB Serial support registered for generic
[    6.155941][    T1] usbcore: registered new interface driver aircable
[    6.157798][    T1] usbserial: USB Serial support registered for aircable
[    6.160232][    T1] usbcore: registered new interface driver ark3116
[    6.162177][    T1] usbserial: USB Serial support registered for ark3116
[    6.165202][    T1] usbcore: registered new interface driver belkin_sa
[    6.167216][    T1] usbserial: USB Serial support registered for Belkin / Peracom / GoHubs USB Serial Adapter
[    6.170235][    T1] usbcore: registered new interface driver ch341
[    6.172128][    T1] usbserial: USB Serial support registered for ch341-uart
[    6.176185][    T1] usbcore: registered new interface driver cp210x
[    6.179162][    T1] usbserial: USB Serial support registered for cp210x
[    6.181568][    T1] usbcore: registered new interface driver cyberjack
[    6.183524][    T1] usbserial: USB Serial support registered for Reiner SCT Cyberjack USB card reader
[    6.186959][    T1] usbcore: registered new interface driver cypress_m8
[    6.189002][    T1] usbserial: USB Serial support registered for DeLorme Earthmate USB
[    6.191395][    T1] usbserial: USB Serial support registered for HID->COM RS232 Adapter
[    6.193715][    T1] usbserial: USB Serial support registered for Nokia CA-42 V2 Adapter
[    6.196127][    T1] usbcore: registered new interface driver usb_debug
[    6.198111][    T1] usbserial: USB Serial support registered for debug
[    6.200939][    T1] usbserial: USB Serial support registered for xhci_dbc
[    6.203192][    T1] usbcore: registered new interface driver digi_acceleport
[    6.206134][    T1] usbserial: USB Serial support registered for Digi 2 port USB adapter
[    6.209527][    T1] usbserial: USB Serial support registered for Digi 4 port USB adapter
[    6.212800][    T1] usbcore: registered new interface driver io_edgeport
[    6.215747][    T1] usbserial: USB Serial support registered for Edgeport 2 port adapter
[    6.218451][    T1] usbserial: USB Serial support registered for Edgeport 4 port adapter
[    6.220996][    T1] usbserial: USB Serial support registered for Edgeport 8 port adapter
[    6.224214][    T1] usbserial: USB Serial support registered for EPiC device
[    6.226819][    T1] usbcore: registered new interface driver io_ti
[    6.229973][    T1] usbserial: USB Serial support registered for Edgeport TI 1 port adapter
[    6.232521][    T1] usbserial: USB Serial support registered for Edgeport TI 2 port adapter
[    6.235141][    T1] usbcore: registered new interface driver empeg
[    6.237370][    T1] usbserial: USB Serial support registered for empeg
[    6.239568][    T1] usbcore: registered new interface driver f81534a_ctrl
[    6.241651][    T1] usbcore: registered new interface driver f81232
[    6.243684][    T1] usbserial: USB Serial support registered for f81232
[    6.245769][    T1] usbserial: USB Serial support registered for f81534a
[    6.247868][    T1] usbcore: registered new interface driver f81534
[    6.249816][    T1] usbserial: USB Serial support registered for Fintek F81532/F81534
[    6.252092][    T1] usbcore: registered new interface driver ftdi_sio
[    6.255211][    T1] usbserial: USB Serial support registered for FTDI USB Serial Device
[    6.257517][    T1] usbcore: registered new interface driver garmin_gps
[    6.259579][    T1] usbserial: USB Serial support registered for Garmin GPS usb/tty
[    6.261766][    T1] usbcore: registered new interface driver ipaq
[    6.263511][    T1] usbserial: USB Serial support registered for PocketPC PDA
[    6.265836][    T1] usbcore: registered new interface driver ipw
[    6.267650][    T1] usbserial: USB Serial support registered for IPWireless converter
[    6.270250][    T1] usbcore: registered new interface driver ir_usb
[    6.273369][    T1] usbserial: USB Serial support registered for IR Dongle
[    6.276750][    T1] usbcore: registered new interface driver iuu_phoenix
[    6.278911][    T1] usbserial: USB Serial support registered for iuu_phoenix
[    6.282269][    T1] usbcore: registered new interface driver keyspan
[    6.285627][    T1] usbserial: USB Serial support registered for Keyspan - (without firmware)
[    6.288609][    T1] usbserial: USB Serial support registered for Keyspan 1 port adapter
[    6.290965][    T1] usbserial: USB Serial support registered for Keyspan 2 port adapter
[    6.294134][    T1] usbserial: USB Serial support registered for Keyspan 4 port adapter
[    6.296615][    T1] usbcore: registered new interface driver keyspan_pda
[    6.299215][    T1] usbserial: USB Serial support registered for Keyspan PDA
[    6.301456][    T1] usbserial: USB Serial support registered for Keyspan PDA - (prerenumeration)
[    6.305287][    T1] usbcore: registered new interface driver kl5kusb105
[    6.307970][    T1] usbserial: USB Serial support registered for KL5KUSB105D / PalmConnect
[    6.310748][    T1] usbcore: registered new interface driver kobil_sct
[    6.313909][    T1] usbserial: USB Serial support registered for KOBIL USB smart card terminal
[    6.316624][    T1] usbcore: registered new interface driver mct_u232
[    6.318857][    T1] usbserial: USB Serial support registered for MCT U232
[    6.321224][    T1] usbcore: registered new interface driver metro_usb
[    6.323317][    T1] usbserial: USB Serial support registered for Metrologic USB to Serial
[    6.325906][    T1] usbcore: registered new interface driver mos7720
[    6.328997][    T1] usbserial: USB Serial support registered for Moschip 2 port adapter
[    6.332169][    T1] usbcore: registered new interface driver mos7840
[    6.335037][    T1] usbserial: USB Serial support registered for Moschip 7840/7820 USB Serial Driver
[    6.338420][    T1] usbcore: registered new interface driver mxuport
[    6.341888][    T1] usbserial: USB Serial support registered for MOXA UPort
[    6.345503][    T1] usbcore: registered new interface driver navman
[    6.347666][    T1] usbserial: USB Serial support registered for navman
[    6.349743][    T1] usbcore: registered new interface driver omninet
[    6.351610][    T1] usbserial: USB Serial support registered for ZyXEL - omni.net usb
[    6.356062][    T1] usbcore: registered new interface driver opticon
[    6.359856][    T1] usbserial: USB Serial support registered for opticon
[    6.363001][    T1] usbcore: registered new interface driver option
[    6.365090][    T1] usbserial: USB Serial support registered for GSM modem (1-port)
[    6.367413][    T1] usbcore: registered new interface driver oti6858
[    6.370807][    T1] usbserial: USB Serial support registered for oti6858
[    6.375950][    T1] usbcore: registered new interface driver pl2303
[    6.384848][    T1] usbserial: USB Serial support registered for pl2303
[    6.397959][    T1] usbcore: registered new interface driver qcaux
[    6.401421][    T1] usbserial: USB Serial support registered for qcaux
[    6.410382][    T1] usbcore: registered new interface driver qcserial
[    6.415397][    T1] usbserial: USB Serial support registered for Qualcomm USB modem
[    6.420020][    T1] usbcore: registered new interface driver quatech2
[    6.422168][    T1] usbserial: USB Serial support registered for Quatech 2nd gen USB to Serial Driver
[    6.426117][    T1] usbcore: registered new interface driver safe_serial
[    6.429174][    T1] usbserial: USB Serial support registered for safe_serial
[    6.433863][    T1] usbcore: registered new interface driver sierra
[    6.436724][    T1] usbserial: USB Serial support registered for Sierra USB modem
[    6.439649][    T1] usbcore: registered new interface driver usb_serial_simple
[    6.441879][    T1] usbserial: USB Serial support registered for carelink
[    6.444201][    T1] usbserial: USB Serial support registered for flashloader
[    6.446537][    T1] usbserial: USB Serial support registered for funsoft
[    6.450735][    T1] usbserial: USB Serial support registered for google
[    6.452741][    T1] usbserial: USB Serial support registered for hp4x
[    6.455705][    T1] usbserial: USB Serial support registered for kaufmann
[    6.458582][    T1] usbserial: USB Serial support registered for libtransistor
[    6.461051][    T1] usbserial: USB Serial support registered for moto_modem
[    6.463204][    T1] usbserial: USB Serial support registered for motorola_tetra
[    6.466397][    T1] usbserial: USB Serial support registered for nokia
[    6.468419][    T1] usbserial: USB Serial support registered for novatel_gps
[    6.471604][    T1] usbserial: USB Serial support registered for siemens_mpi
[    6.478574][    T1] usbserial: USB Serial support registered for suunto
[    6.480799][    T1] usbserial: USB Serial support registered for vivopay
[    6.482741][    T1] usbserial: USB Serial support registered for zio
[    6.485266][    T1] usbcore: registered new interface driver spcp8x5
[    6.488627][    T1] usbserial: USB Serial support registered for SPCP8x5
[    6.490564][    T1] usbcore: registered new interface driver ssu100
[    6.492060][    T1] usbserial: USB Serial support registered for Quatech SSU-100 USB to Serial Driver
[    6.494399][    T1] usbcore: registered new interface driver symbolserial
[    6.496515][    T1] usbserial: USB Serial support registered for symbol
[    6.498642][    T1] usbcore: registered new interface driver ti_usb_3410_5052
[    6.500810][    T1] usbserial: USB Serial support registered for TI USB 3410 1 port adapter
[    6.503537][    T1] usbserial: USB Serial support registered for TI USB 5052 2 port adapter
[    6.506033][    T1] usbcore: registered new interface driver upd78f0730
[    6.508211][    T1] usbserial: USB Serial support registered for upd78f0730
[    6.510338][    T1] usbcore: registered new interface driver visor
[    6.513382][    T1] usbserial: USB Serial support registered for Handspring Visor / Palm OS
[    6.516407][    T1] usbserial: USB Serial support registered for Sony Clie 5.0
[    6.518706][    T1] usbserial: USB Serial support registered for Sony Clie 3.5
[    6.521155][    T1] usbcore: registered new interface driver wishbone_serial
[    6.524221][    T1] usbserial: USB Serial support registered for wishbone_serial
[    6.527349][    T1] usbcore: registered new interface driver whiteheat
[    6.529538][    T1] usbserial: USB Serial support registered for Connect Tech - WhiteHEAT - (prerenumeration)
[    6.532458][    T1] usbserial: USB Serial support registered for Connect Tech - WhiteHEAT
[    6.535153][    T1] usbcore: registered new interface driver xr_serial
[    6.537334][    T1] usbserial: USB Serial support registered for xr_serial
[    6.539512][    T1] usbcore: registered new interface driver xsens_mt
[    6.541448][    T1] usbserial: USB Serial support registered for xsens_mt
[    6.543593][    T1] usbcore: registered new interface driver adutux
[    6.546103][    T1] usbcore: registered new interface driver appledisplay
[    6.548210][    T1] usbcore: registered new interface driver cypress_cy7c63
[    6.550302][    T1] usbcore: registered new interface driver cytherm
[    6.552179][    T1] usbcore: registered new interface driver emi26 - firmware loader
[    6.554666][    T1] usbcore: registered new interface driver emi62 - firmware loader
[    6.557248][    T1] usbcore: registered new device driver apple-mfi-fastcharge
[    6.560274][    T1] usbcore: registered new interface driver ljca
[    6.562600][    T1] usbcore: registered new interface driver idmouse
[    6.564532][    T1] usbcore: registered new interface driver iowarrior
[    6.566556][    T1] usbcore: registered new interface driver isight_firmware
[    6.570991][    T1] usbcore: registered new interface driver usblcd
[    6.573621][    T1] usbcore: registered new interface driver ldusb
[    6.576481][    T1] usbcore: registered new interface driver legousbtower
[    6.580672][    T1] usbcore: registered new interface driver usbtest
[    6.583576][    T1] usbcore: registered new interface driver usb_ehset_test
[    6.585740][    T1] usbcore: registered new interface driver trancevibrator
[    6.588211][    T1] usbcore: registered new interface driver uss720
[    6.590269][    T1] uss720: USB Parport Cable driver for Cables using the Lucent Technologies USS720 Chip
[    6.594684][    T1] uss720: NOTE: this is a special purpose driver to allow nonstandard
[    6.596970][    T1] uss720: protocols (eg. bitbang) over USS720 usb to parallel cables
[    6.600165][    T1] uss720: If you just want to connect to a printer, use usblp instead
[    6.603695][    T1] usbcore: registered new interface driver usbsevseg
[    6.609556][    T1] usbcore: registered new interface driver yurex
[    6.620438][    T1] usbcore: registered new interface driver chaoskey
[    6.623943][    T1] usbcore: registered new interface driver sisusb
[    6.626397][    T1] usbcore: registered new interface driver lvs
[    6.630221][    T1] usbcore: registered new interface driver cxacru
[    6.635108][    T1] usbcore: registered new interface driver speedtch
[    6.637127][    T1] usbcore: registered new interface driver ueagle-atm
[    6.638996][    T1] xusbatm: malformed module parameters
[    6.642161][    T1] dummy_hcd dummy_hcd.0: USB Host+Gadget Emulator, driver 02 May 2005
[    6.644877][    T1] dummy_hcd dummy_hcd.0: Dummy host controller
[    6.647965][    T1] dummy_hcd dummy_hcd.0: new USB bus registered, assigned bus number 1
[    6.651669][    T1] usb usb1: New USB device found, idVendor=1d6b, idProduct=0002, bcdDevice= 6.12
[    6.654655][    T1] usb usb1: New USB device strings: Mfr=3, Product=2, SerialNumber=1
[    6.656826][    T1] usb usb1: Product: Dummy host controller
[    6.658621][    T1] usb usb1: Manufacturer: Linux 6.12.0-rc6-ge5c683aac925-dirty dummy_hcd
[    6.661123][    T1] usb usb1: SerialNumber: dummy_hcd.0
[    6.666490][    T1] hub 1-0:1.0: USB hub found
[    6.668003][    T1] hub 1-0:1.0: 1 port detected
[    6.675397][    T1] SPI driver max3420-udc has no spi_device_id for maxim,max3421-udc
[    6.683651][    T1] gadgetfs: USB Gadget filesystem, version 24 Aug 2004
[    6.688270][    T1] vhci_hcd vhci_hcd.0: USB/IP Virtual Host Controller
[    6.690641][    T1] vhci_hcd vhci_hcd.0: new USB bus registered, assigned bus number 2
[    6.692656][    T1] vhci_hcd: created sysfs vhci_hcd.0
[    6.695296][    T1] usb usb2: New USB device found, idVendor=1d6b, idProduct=0002, bcdDevice= 6.12
[    6.697838][    T1] usb usb2: New USB device strings: Mfr=3, Product=2, SerialNumber=1
[    6.700530][    T1] usb usb2: Product: USB/IP Virtual Host Controller
[    6.702369][    T1] usb usb2: Manufacturer: Linux 6.12.0-rc6-ge5c683aac925-dirty vhci_hcd
[    6.704806][    T1] usb usb2: SerialNumber: vhci_hcd.0
[    6.709844][    T1] hub 2-0:1.0: USB hub found
[    6.711348][    T1] hub 2-0:1.0: 8 ports detected
[    6.715720][    T1] vhci_hcd vhci_hcd.0: USB/IP Virtual Host Controller
[    6.720724][    T1] vhci_hcd vhci_hcd.0: new USB bus registered, assigned bus number 3
[    6.725780][    T1] usb usb3: We don't know the algorithms for LPM for this host, disabling LPM.
[    6.729343][    T1] usb usb3: New USB device found, idVendor=1d6b, idProduct=0003, bcdDevice= 6.12
[    6.731713][    T1] usb usb3: New USB device strings: Mfr=3, Product=2, SerialNumber=1
[    6.734137][    T1] usb usb3: Product: USB/IP Virtual Host Controller
[    6.735810][    T1] usb usb3: Manufacturer: Linux 6.12.0-rc6-ge5c683aac925-dirty vhci_hcd
[    6.738258][    T1] usb usb3: SerialNumber: vhci_hcd.0
[    6.743348][    T1] hub 3-0:1.0: USB hub found
[    6.744842][    T1] hub 3-0:1.0: 8 ports detected
[    6.750114][    T1] vhci_hcd vhci_hcd.1: USB/IP Virtual Host Controller
[    6.754431][    T1] vhci_hcd vhci_hcd.1: new USB bus registered, assigned bus number 4
[    6.758113][    T1] usb usb4: New USB device found, idVendor=1d6b, idProduct=0002, bcdDevice= 6.12
[    6.760748][    T1] usb usb4: New USB device strings: Mfr=3, Product=2, SerialNumber=1
[    6.762918][    T1] usb usb4: Product: USB/IP Virtual Host Controller
[    6.764700][    T1] usb usb4: Manufacturer: Linux 6.12.0-rc6-ge5c683aac925-dirty vhci_hcd
[    6.767207][    T1] usb usb4: SerialNumber: vhci_hcd.1
[    6.771062][    T1] hub 4-0:1.0: USB hub found
[    6.772428][    T1] hub 4-0:1.0: 8 ports detected
[    6.779754][    T1] vhci_hcd vhci_hcd.1: USB/IP Virtual Host Controller
[    6.782572][    T1] vhci_hcd vhci_hcd.1: new USB bus registered, assigned bus number 5
[    6.786927][    T1] usb usb5: We don't know the algorithms for LPM for this host, disabling LPM.
[    6.790518][    T1] usb usb5: New USB device found, idVendor=1d6b, idProduct=0003, bcdDevice= 6.12
[    6.793008][    T1] usb usb5: New USB device strings: Mfr=3, Product=2, SerialNumber=1
[    6.795418][    T1] usb usb5: Product: USB/IP Virtual Host Controller
[    6.797404][    T1] usb usb5: Manufacturer: Linux 6.12.0-rc6-ge5c683aac925-dirty vhci_hcd
[    6.799835][    T1] usb usb5: SerialNumber: vhci_hcd.1
[    6.804217][    T1] hub 5-0:1.0: USB hub found
[    6.806344][    T1] hub 5-0:1.0: 8 ports detected
[    6.814693][    T1] vhci_hcd vhci_hcd.2: USB/IP Virtual Host Controller
[    6.818363][    T1] vhci_hcd vhci_hcd.2: new USB bus registered, assigned bus number 6
[    6.821229][    T1] usb usb6: New USB device found, idVendor=1d6b, idProduct=0002, bcdDevice= 6.12
[    6.823796][    T1] usb usb6: New USB device strings: Mfr=3, Product=2, SerialNumber=1
[    6.826282][    T1] usb usb6: Product: USB/IP Virtual Host Controller
[    6.830051][    T1] usb usb6: Manufacturer: Linux 6.12.0-rc6-ge5c683aac925-dirty vhci_hcd
[    6.832461][    T1] usb usb6: SerialNumber: vhci_hcd.2
[    6.836923][    T1] hub 6-0:1.0: USB hub found
[    6.838287][    T1] hub 6-0:1.0: 8 ports detected
[    6.842425][    T1] vhci_hcd vhci_hcd.2: USB/IP Virtual Host Controller
[    6.846337][    T1] vhci_hcd vhci_hcd.2: new USB bus registered, assigned bus number 7
[    6.849092][    T1] usb usb7: We don't know the algorithms for LPM for this host, disabling LPM.
[    6.851877][    T1] usb usb7: New USB device found, idVendor=1d6b, idProduct=0003, bcdDevice= 6.12
[    6.854435][    T1] usb usb7: New USB device strings: Mfr=3, Product=2, SerialNumber=1
[    6.856706][    T1] usb usb7: Product: USB/IP Virtual Host Controller
[    6.858614][    T1] usb usb7: Manufacturer: Linux 6.12.0-rc6-ge5c683aac925-dirty vhci_hcd
[    6.860989][    T1] usb usb7: SerialNumber: vhci_hcd.2
[    6.864147][    T1] hub 7-0:1.0: USB hub found
[    6.865631][    T1] hub 7-0:1.0: 8 ports detected
[    6.870424][    T1] vhci_hcd vhci_hcd.3: USB/IP Virtual Host Controller
[    6.872929][    T1] vhci_hcd vhci_hcd.3: new USB bus registered, assigned bus number 8
[    6.876796][    T1] usb usb8: New USB device found, idVendor=1d6b, idProduct=0002, bcdDevice= 6.12
[    6.879549][    T1] usb usb8: New USB device strings: Mfr=3, Product=2, SerialNumber=1
[    6.883232][    T1] usb usb8: Product: USB/IP Virtual Host Controller
[    6.885019][    T1] usb usb8: Manufacturer: Linux 6.12.0-rc6-ge5c683aac925-dirty vhci_hcd
[    6.887299][    T1] usb usb8: SerialNumber: vhci_hcd.3
[    6.890748][    T1] hub 8-0:1.0: USB hub found
[    6.892043][    T1] hub 8-0:1.0: 8 ports detected
[    6.896007][    T1] vhci_hcd vhci_hcd.3: USB/IP Virtual Host Controller
[    6.898733][    T1] vhci_hcd vhci_hcd.3: new USB bus registered, assigned bus number 9
[    6.900991][    T1] usb usb9: We don't know the algorithms for LPM for this host, disabling LPM.
[    6.903561][    T1] usb usb9: New USB device found, idVendor=1d6b, idProduct=0003, bcdDevice= 6.12
[    6.906072][    T1] usb usb9: New USB device strings: Mfr=3, Product=2, SerialNumber=1
[    6.908366][    T1] usb usb9: Product: USB/IP Virtual Host Controller
[    6.910483][    T1] usb usb9: Manufacturer: Linux 6.12.0-rc6-ge5c683aac925-dirty vhci_hcd
[    6.912835][    T1] usb usb9: SerialNumber: vhci_hcd.3
[    6.916619][    T1] hub 9-0:1.0: USB hub found
[    6.918000][    T1] hub 9-0:1.0: 8 ports detected
[    6.923741][    T1] vhci_hcd vhci_hcd.4: USB/IP Virtual Host Controller
[    6.926210][    T1] vhci_hcd vhci_hcd.4: new USB bus registered, assigned bus number 10
[    6.928774][    T1] usb usb10: New USB device found, idVendor=1d6b, idProduct=0002, bcdDevice= 6.12
[    6.931163][    T1] usb usb10: New USB device strings: Mfr=3, Product=2, SerialNumber=1
[    6.933757][    T1] usb usb10: Product: USB/IP Virtual Host Controller
[    6.935526][    T1] usb usb10: Manufacturer: Linux 6.12.0-rc6-ge5c683aac925-dirty vhci_hcd
[    6.937756][    T1] usb usb10: SerialNumber: vhci_hcd.4
[    6.940250][    T1] hub 10-0:1.0: USB hub found
[    6.941579][    T1] hub 10-0:1.0: 8 ports detected
[    6.945534][    T1] vhci_hcd vhci_hcd.4: USB/IP Virtual Host Controller
[    6.947894][    T1] vhci_hcd vhci_hcd.4: new USB bus registered, assigned bus number 11
[    6.950421][    T1] usb usb11: We don't know the algorithms for LPM for this host, disabling LPM.
[    6.953508][    T1] usb usb11: New USB device found, idVendor=1d6b, idProduct=0003, bcdDevice= 6.12
[    6.956221][    T1] usb usb11: New USB device strings: Mfr=3, Product=2, SerialNumber=1
[    6.958622][    T1] usb usb11: Product: USB/IP Virtual Host Controller
[    6.960533][    T1] usb usb11: Manufacturer: Linux 6.12.0-rc6-ge5c683aac925-dirty vhci_hcd
[    6.962751][    T1] usb usb11: SerialNumber: vhci_hcd.4
[    6.966752][    T1] hub 11-0:1.0: USB hub found
[    6.968300][    T1] hub 11-0:1.0: 8 ports detected
[    6.976714][    T1] vhci_hcd vhci_hcd.5: USB/IP Virtual Host Controller
[    6.979838][    T1] vhci_hcd vhci_hcd.5: new USB bus registered, assigned bus number 12
[    6.983293][    T1] usb usb12: New USB device found, idVendor=1d6b, idProduct=0002, bcdDevice= 6.12
[    6.987045][    T1] usb usb12: New USB device strings: Mfr=3, Product=2, SerialNumber=1
[    6.989025][    T1] usb usb12: Product: USB/IP Virtual Host Controller
[    6.990534][    T1] usb usb12: Manufacturer: Linux 6.12.0-rc6-ge5c683aac925-dirty vhci_hcd
[    6.992850][    T1] usb usb12: SerialNumber: vhci_hcd.5
[    6.997004][    T1] hub 12-0:1.0: USB hub found
[    6.998936][    T1] hub 12-0:1.0: 8 ports detected
[    7.003886][    T1] vhci_hcd vhci_hcd.5: USB/IP Virtual Host Controller
[    7.006562][    T1] vhci_hcd vhci_hcd.5: new USB bus registered, assigned bus number 13
[    7.009921][    T1] usb usb13: We don't know the algorithms for LPM for this host, disabling LPM.
[    7.012830][    T1] usb usb13: New USB device found, idVendor=1d6b, idProduct=0003, bcdDevice= 6.12
[    7.015354][    T1] usb usb13: New USB device strings: Mfr=3, Product=2, SerialNumber=1
[    7.017520][    T1] usb usb13: Product: USB/IP Virtual Host Controller
[    7.019453][    T1] usb usb13: Manufacturer: Linux 6.12.0-rc6-ge5c683aac925-dirty vhci_hcd
[    7.021807][    T1] usb usb13: SerialNumber: vhci_hcd.5
[    7.026230][    T1] hub 13-0:1.0: USB hub found
[    7.028200][    T1] hub 13-0:1.0: 8 ports detected
[    7.033671][    T1] vhci_hcd vhci_hcd.6: USB/IP Virtual Host Controller
[    7.036179][    T1] vhci_hcd vhci_hcd.6: new USB bus registered, assigned bus number 14
[    7.038806][    T1] usb usb14: New USB device found, idVendor=1d6b, idProduct=0002, bcdDevice= 6.12
[    7.042637][    T1] usb usb14: New USB device strings: Mfr=3, Product=2, SerialNumber=1
[    7.045012][    T1] usb usb14: Product: USB/IP Virtual Host Controller
[    7.046834][    T1] usb usb14: Manufacturer: Linux 6.12.0-rc6-ge5c683aac925-dirty vhci_hcd
[    7.049149][    T1] usb usb14: SerialNumber: vhci_hcd.6
[    7.051899][    T1] hub 14-0:1.0: USB hub found
[    7.053130][    T1] hub 14-0:1.0: 8 ports detected
[    7.056755][    T1] vhci_hcd vhci_hcd.6: USB/IP Virtual Host Controller
[    7.060886][    T1] vhci_hcd vhci_hcd.6: new USB bus registered, assigned bus number 15
[    7.065680][    T1] usb usb15: We don't know the algorithms for LPM for this host, disabling LPM.
[    7.071000][    T1] usb usb15: New USB device found, idVendor=1d6b, idProduct=0003, bcdDevice= 6.12
[    7.073405][    T1] usb usb15: New USB device strings: Mfr=3, Product=2, SerialNumber=1
[    7.075081][    T1] usb usb15: Product: USB/IP Virtual Host Controller
[    7.076574][    T1] usb usb15: Manufacturer: Linux 6.12.0-rc6-ge5c683aac925-dirty vhci_hcd
[    7.079103][    T1] usb usb15: SerialNumber: vhci_hcd.6
[    7.083060][    T1] hub 15-0:1.0: USB hub found
[    7.085375][    T1] hub 15-0:1.0: 8 ports detected
[    7.093284][    T1] vhci_hcd vhci_hcd.7: USB/IP Virtual Host Controller
[    7.097130][    T1] vhci_hcd vhci_hcd.7: new USB bus registered, assigned bus number 16
[    7.100072][    T1] usb usb16: New USB device found, idVendor=1d6b, idProduct=0002, bcdDevice= 6.12
[    7.102463][    T1] usb usb16: New USB device strings: Mfr=3, Product=2, SerialNumber=1
[    7.104708][    T1] usb usb16: Product: USB/IP Virtual Host Controller
[    7.106632][    T1] usb usb16: Manufacturer: Linux 6.12.0-rc6-ge5c683aac925-dirty vhci_hcd
[    7.109088][    T1] usb usb16: SerialNumber: vhci_hcd.7
[    7.112152][    T1] hub 16-0:1.0: USB hub found
[    7.113591][    T1] hub 16-0:1.0: 8 ports detected
[    7.117553][    T1] vhci_hcd vhci_hcd.7: USB/IP Virtual Host Controller
[    7.120280][    T1] vhci_hcd vhci_hcd.7: new USB bus registered, assigned bus number 17
[    7.122639][    T1] usb usb17: We don't know the algorithms for LPM for this host, disabling LPM.
[    7.125505][    T1] usb usb17: New USB device found, idVendor=1d6b, idProduct=0003, bcdDevice= 6.12
[    7.128292][    T1] usb usb17: New USB device strings: Mfr=3, Product=2, SerialNumber=1
[    7.130487][    T1] usb usb17: Product: USB/IP Virtual Host Controller
[    7.132191][    T1] usb usb17: Manufacturer: Linux 6.12.0-rc6-ge5c683aac925-dirty vhci_hcd
[    7.134395][    T1] usb usb17: SerialNumber: vhci_hcd.7
[    7.138555][    T1] hub 17-0:1.0: USB hub found
[    7.139827][    T1] hub 17-0:1.0: 8 ports detected
[    7.144482][    T1] vhci_hcd vhci_hcd.8: USB/IP Virtual Host Controller
[    7.147047][    T1] vhci_hcd vhci_hcd.8: new USB bus registered, assigned bus number 18
[    7.149587][    T1] usb usb18: New USB device found, idVendor=1d6b, idProduct=0002, bcdDevice= 6.12
[    7.151955][    T1] usb usb18: New USB device strings: Mfr=3, Product=2, SerialNumber=1
[    7.154463][    T1] usb usb18: Product: USB/IP Virtual Host Controller
[    7.156245][    T1] usb usb18: Manufacturer: Linux 6.12.0-rc6-ge5c683aac925-dirty vhci_hcd
[    7.158171][    T1] usb usb18: SerialNumber: vhci_hcd.8
[    7.160639][    T1] hub 18-0:1.0: USB hub found
[    7.162043][    T1] hub 18-0:1.0: 8 ports detected
[    7.166106][    T1] vhci_hcd vhci_hcd.8: USB/IP Virtual Host Controller
[    7.168483][    T1] vhci_hcd vhci_hcd.8: new USB bus registered, assigned bus number 19
[    7.170828][    T1] usb usb19: We don't know the algorithms for LPM for this host, disabling LPM.
[    7.173681][    T1] usb usb19: New USB device found, idVendor=1d6b, idProduct=0003, bcdDevice= 6.12
[    7.176982][    T1] usb usb19: New USB device strings: Mfr=3, Product=2, SerialNumber=1
[    7.179558][    T1] usb usb19: Product: USB/IP Virtual Host Controller
[    7.181307][    T1] usb usb19: Manufacturer: Linux 6.12.0-rc6-ge5c683aac925-dirty vhci_hcd
[    7.183523][    T1] usb usb19: SerialNumber: vhci_hcd.8
[    7.186333][    T1] hub 19-0:1.0: USB hub found
[    7.187628][    T1] hub 19-0:1.0: 8 ports detected
[    7.192555][    T1] vhci_hcd vhci_hcd.9: USB/IP Virtual Host Controller
[    7.196394][    T1] vhci_hcd vhci_hcd.9: new USB bus registered, assigned bus number 20
[    7.199588][    T1] usb usb20: New USB device found, idVendor=1d6b, idProduct=0002, bcdDevice= 6.12
[    7.202045][    T1] usb usb20: New USB device strings: Mfr=3, Product=2, SerialNumber=1
[    7.204330][    T1] usb usb20: Product: USB/IP Virtual Host Controller
[    7.206105][    T1] usb usb20: Manufacturer: Linux 6.12.0-rc6-ge5c683aac925-dirty vhci_hcd
[    7.208698][    T1] usb usb20: SerialNumber: vhci_hcd.9
[    7.211825][    T1] hub 20-0:1.0: USB hub found
[    7.213195][    T1] hub 20-0:1.0: 8 ports detected
[    7.218918][    T1] vhci_hcd vhci_hcd.9: USB/IP Virtual Host Controller
[    7.221535][    T1] vhci_hcd vhci_hcd.9: new USB bus registered, assigned bus number 21
[    7.225037][    T1] usb usb21: We don't know the algorithms for LPM for this host, disabling LPM.
[    7.228425][    T1] usb usb21: New USB device found, idVendor=1d6b, idProduct=0003, bcdDevice= 6.12
[    7.231277][    T1] usb usb21: New USB device strings: Mfr=3, Product=2, SerialNumber=1
[    7.233389][    T1] usb usb21: Product: USB/IP Virtual Host Controller
[    7.235271][    T1] usb usb21: Manufacturer: Linux 6.12.0-rc6-ge5c683aac925-dirty vhci_hcd
[    7.237582][    T1] usb usb21: SerialNumber: vhci_hcd.9
[    7.241950][    T1] hub 21-0:1.0: USB hub found
[    7.243405][    T1] hub 21-0:1.0: 8 ports detected
[    7.248868][    T1] vhci_hcd vhci_hcd.10: USB/IP Virtual Host Controller
[    7.251502][    T1] vhci_hcd vhci_hcd.10: new USB bus registered, assigned bus number 22
[    7.254947][    T1] usb usb22: New USB device found, idVendor=1d6b, idProduct=0002, bcdDevice= 6.12
[    7.257365][    T1] usb usb22: New USB device strings: Mfr=3, Product=2, SerialNumber=1
[    7.259606][    T1] usb usb22: Product: USB/IP Virtual Host Controller
[    7.261310][    T1] usb usb22: Manufacturer: Linux 6.12.0-rc6-ge5c683aac925-dirty vhci_hcd
[    7.263594][    T1] usb usb22: SerialNumber: vhci_hcd.10
[    7.266807][    T1] hub 22-0:1.0: USB hub found
[    7.268499][    T1] hub 22-0:1.0: 8 ports detected
[    7.272368][    T1] vhci_hcd vhci_hcd.10: USB/IP Virtual Host Controller
[    7.274832][    T1] vhci_hcd vhci_hcd.10: new USB bus registered, assigned bus number 23
[    7.277365][    T1] usb usb23: We don't know the algorithms for LPM for this host, disabling LPM.
[    7.280096][    T1] usb usb23: New USB device found, idVendor=1d6b, idProduct=0003, bcdDevice= 6.12
[    7.282723][    T1] usb usb23: New USB device strings: Mfr=3, Product=2, SerialNumber=1
[    7.285212][    T1] usb usb23: Product: USB/IP Virtual Host Controller
[    7.286995][    T1] usb usb23: Manufacturer: Linux 6.12.0-rc6-ge5c683aac925-dirty vhci_hcd
[    7.289629][    T1] usb usb23: SerialNumber: vhci_hcd.10
[    7.292536][    T1] hub 23-0:1.0: USB hub found
[    7.293794][    T1] hub 23-0:1.0: 8 ports detected
[    7.298413][    T1] vhci_hcd vhci_hcd.11: USB/IP Virtual Host Controller
[    7.300791][    T1] vhci_hcd vhci_hcd.11: new USB bus registered, assigned bus number 24
[    7.305549][    T1] usb usb24: New USB device found, idVendor=1d6b, idProduct=0002, bcdDevice= 6.12
[    7.310954][    T1] usb usb24: New USB device strings: Mfr=3, Product=2, SerialNumber=1
[    7.313261][    T1] usb usb24: Product: USB/IP Virtual Host Controller
[    7.314784][    T1] usb usb24: Manufacturer: Linux 6.12.0-rc6-ge5c683aac925-dirty vhci_hcd
[    7.316766][    T1] usb usb24: SerialNumber: vhci_hcd.11
[    7.321049][    T1] hub 24-0:1.0: USB hub found
[    7.324438][    T1] hub 24-0:1.0: 8 ports detected
[    7.332968][    T1] vhci_hcd vhci_hcd.11: USB/IP Virtual Host Controller
[    7.337007][    T1] vhci_hcd vhci_hcd.11: new USB bus registered, assigned bus number 25
[    7.339907][    T1] usb usb25: We don't know the algorithms for LPM for this host, disabling LPM.
[    7.343536][    T1] usb usb25: New USB device found, idVendor=1d6b, idProduct=0003, bcdDevice= 6.12
[    7.346321][    T1] usb usb25: New USB device strings: Mfr=3, Product=2, SerialNumber=1
[    7.349147][    T1] usb usb25: Product: USB/IP Virtual Host Controller
[    7.351080][    T1] usb usb25: Manufacturer: Linux 6.12.0-rc6-ge5c683aac925-dirty vhci_hcd
[    7.353406][    T1] usb usb25: SerialNumber: vhci_hcd.11
[    7.359286][    T1] hub 25-0:1.0: USB hub found
[    7.363009][    T1] hub 25-0:1.0: 8 ports detected
[    7.369800][    T1] vhci_hcd vhci_hcd.12: USB/IP Virtual Host Controller
[    7.372560][    T1] vhci_hcd vhci_hcd.12: new USB bus registered, assigned bus number 26
[    7.375677][    T1] usb usb26: New USB device found, idVendor=1d6b, idProduct=0002, bcdDevice= 6.12
[    7.378818][    T1] usb usb26: New USB device strings: Mfr=3, Product=2, SerialNumber=1
[    7.381136][    T1] usb usb26: Product: USB/IP Virtual Host Controller
[    7.383747][    T1] usb usb26: Manufacturer: Linux 6.12.0-rc6-ge5c683aac925-dirty vhci_hcd
[    7.386219][    T1] usb usb26: SerialNumber: vhci_hcd.12
[    7.391715][    T1] hub 26-0:1.0: USB hub found
[    7.393346][    T1] hub 26-0:1.0: 8 ports detected
[    7.399027][    T1] vhci_hcd vhci_hcd.12: USB/IP Virtual Host Controller
[    7.401972][    T1] vhci_hcd vhci_hcd.12: new USB bus registered, assigned bus number 27
[    7.405240][    T1] usb usb27: We don't know the algorithms for LPM for this host, disabling LPM.
[    7.410509][    T1] usb usb27: New USB device found, idVendor=1d6b, idProduct=0003, bcdDevice= 6.12
[    7.412908][    T1] usb usb27: New USB device strings: Mfr=3, Product=2, SerialNumber=1
[    7.415048][    T1] usb usb27: Product: USB/IP Virtual Host Controller
[    7.416768][    T1] usb usb27: Manufacturer: Linux 6.12.0-rc6-ge5c683aac925-dirty vhci_hcd
[    7.418941][    T1] usb usb27: SerialNumber: vhci_hcd.12
[    7.422986][    T1] hub 27-0:1.0: USB hub found
[    7.424400][    T1] hub 27-0:1.0: 8 ports detected
[    7.429154][    T1] vhci_hcd vhci_hcd.13: USB/IP Virtual Host Controller
[    7.431793][    T1] vhci_hcd vhci_hcd.13: new USB bus registered, assigned bus number 28
[    7.434261][    T1] usb usb28: New USB device found, idVendor=1d6b, idProduct=0002, bcdDevice= 6.12
[    7.438028][    T1] usb usb28: New USB device strings: Mfr=3, Product=2, SerialNumber=1
[    7.440428][    T1] usb usb28: Product: USB/IP Virtual Host Controller
[    7.442203][    T1] usb usb28: Manufacturer: Linux 6.12.0-rc6-ge5c683aac925-dirty vhci_hcd
[    7.444632][    T1] usb usb28: SerialNumber: vhci_hcd.13
[    7.447234][    T1] hub 28-0:1.0: USB hub found
[    7.448596][    T1] hub 28-0:1.0: 8 ports detected
[    7.452452][    T1] vhci_hcd vhci_hcd.13: USB/IP Virtual Host Controller
[    7.455096][    T1] vhci_hcd vhci_hcd.13: new USB bus registered, assigned bus number 29
[    7.457648][    T1] usb usb29: We don't know the algorithms for LPM for this host, disabling LPM.
[    7.460748][    T1] usb usb29: New USB device found, idVendor=1d6b, idProduct=0003, bcdDevice= 6.12
[    7.463338][    T1] usb usb29: New USB device strings: Mfr=3, Product=2, SerialNumber=1
[    7.465501][    T1] usb usb29: Product: USB/IP Virtual Host Controller
[    7.467244][    T1] usb usb29: Manufacturer: Linux 6.12.0-rc6-ge5c683aac925-dirty vhci_hcd
[    7.470125][    T1] usb usb29: SerialNumber: vhci_hcd.13
[    7.474324][    T1] hub 29-0:1.0: USB hub found
[    7.475778][    T1] hub 29-0:1.0: 8 ports detected
[    7.480434][    T1] vhci_hcd vhci_hcd.14: USB/IP Virtual Host Controller
[    7.483182][    T1] vhci_hcd vhci_hcd.14: new USB bus registered, assigned bus number 30
[    7.490396][    T1] usb usb30: New USB device found, idVendor=1d6b, idProduct=0002, bcdDevice= 6.12
[    7.493633][    T1] usb usb30: New USB device strings: Mfr=3, Product=2, SerialNumber=1
[    7.495797][    T1] usb usb30: Product: USB/IP Virtual Host Controller
[    7.497518][    T1] usb usb30: Manufacturer: Linux 6.12.0-rc6-ge5c683aac925-dirty vhci_hcd
[    7.499869][    T1] usb usb30: SerialNumber: vhci_hcd.14
[    7.504315][    T1] hub 30-0:1.0: USB hub found
[    7.505605][    T1] hub 30-0:1.0: 8 ports detected
[    7.510564][    T1] vhci_hcd vhci_hcd.14: USB/IP Virtual Host Controller
[    7.514606][    T1] vhci_hcd vhci_hcd.14: new USB bus registered, assigned bus number 31
[    7.517721][    T1] usb usb31: We don't know the algorithms for LPM for this host, disabling LPM.
[    7.521777][    T1] usb usb31: New USB device found, idVendor=1d6b, idProduct=0003, bcdDevice= 6.12
[    7.524432][    T1] usb usb31: New USB device strings: Mfr=3, Product=2, SerialNumber=1
[    7.526511][    T1] usb usb31: Product: USB/IP Virtual Host Controller
[    7.528593][    T1] usb usb31: Manufacturer: Linux 6.12.0-rc6-ge5c683aac925-dirty vhci_hcd
[    7.530927][    T1] usb usb31: SerialNumber: vhci_hcd.14
[    7.535378][    T1] hub 31-0:1.0: USB hub found
[    7.536963][    T1] hub 31-0:1.0: 8 ports detected
[    7.543443][    T1] vhci_hcd vhci_hcd.15: USB/IP Virtual Host Controller
[    7.546217][    T1] vhci_hcd vhci_hcd.15: new USB bus registered, assigned bus number 32
[    7.549285][    T1] usb usb32: New USB device found, idVendor=1d6b, idProduct=0002, bcdDevice= 6.12
[    7.551847][    T1] usb usb32: New USB device strings: Mfr=3, Product=2, SerialNumber=1
[    7.554177][    T1] usb usb32: Product: USB/IP Virtual Host Controller
[    7.555965][    T1] usb usb32: Manufacturer: Linux 6.12.0-rc6-ge5c683aac925-dirty vhci_hcd
[    7.558662][    T1] usb usb32: SerialNumber: vhci_hcd.15
[    7.562745][    T1] hub 32-0:1.0: USB hub found
[    7.564333][    T1] hub 32-0:1.0: 8 ports detected
[    7.569583][    T1] vhci_hcd vhci_hcd.15: USB/IP Virtual Host Controller
[    7.573369][    T1] vhci_hcd vhci_hcd.15: new USB bus registered, assigned bus number 33
[    7.576839][    T1] usb usb33: We don't know the algorithms for LPM for this host, disabling LPM.
[    7.579779][    T1] usb usb33: New USB device found, idVendor=1d6b, idProduct=0003, bcdDevice= 6.12
[    7.582247][    T1] usb usb33: New USB device strings: Mfr=3, Product=2, SerialNumber=1
[    7.584430][    T1] usb usb33: Product: USB/IP Virtual Host Controller
[    7.586232][    T1] usb usb33: Manufacturer: Linux 6.12.0-rc6-ge5c683aac925-dirty vhci_hcd
[    7.588717][    T1] usb usb33: SerialNumber: vhci_hcd.15
[    7.592606][    T1] hub 33-0:1.0: USB hub found
[    7.594563][    T1] hub 33-0:1.0: 8 ports detected
[    7.600497][    T1] usbcore: registered new device driver usbip-host
[    7.606640][    T1] i8042: PNP: PS/2 Controller [PNP0303:KBD,PNP0f13:MOU] at 0x60,0x64 irq 1,12
[    7.613683][ T1756] kworker/u8:4 (1756) used greatest stack depth: 26896 bytes left
[    7.613732][    T1] serio: i8042 KBD port at 0x60,0x64 irq 1
[    7.618069][    T1] serio: i8042 AUX port at 0x60,0x64 irq 12
[    7.621451][    T1] mousedev: PS/2 mouse device common for all mice
[    7.624183][    T1] usbcore: registered new interface driver appletouch
[    7.626223][    T1] usbcore: registered new interface driver bcm5974
[    7.629246][    T1] usbcore: registered new interface driver synaptics_usb
[    7.631380][  T932] input: AT Translated Set 2 keyboard as /devices/platform/i8042/serio0/input/input1
[    7.631722][    T1] usbcore: registered new interface driver iforce
[    7.635351][    T1] usbcore: registered new interface driver pxrc
[    7.637199][    T1] usbcore: registered new interface driver xpad
[    7.639229][    T1] usbcore: registered new interface driver usb_acecad
[    7.641736][    T1] usbcore: registered new interface driver aiptek
[    7.645478][    T1] usbcore: registered new interface driver hanwang
[    7.649640][    T1] usbcore: registered new interface driver kbtab
[    7.652193][    T1] usbcore: registered new interface driver pegasus_notetaker
[    7.654325][    T1] usbcore: registered new interface driver usbtouchscreen
[    7.656609][    T1] usbcore: registered new interface driver sur40
[    7.659358][    T1] usbcore: registered new interface driver ati_remote2
[    7.661263][    T1] cm109: Keymap for Komunikate KIP1000 phone loaded
[    7.663377][    T1] usbcore: registered new interface driver cm109
[    7.665093][    T1] cm109: CM109 phone driver: 20080805 (C) Alfred E. Heggestad
[    7.667527][    T1] usbcore: registered new interface driver ims_pcu
[    7.669980][    T1] usbcore: registered new interface driver keyspan_remote
[    7.672010][    T1] usbcore: registered new interface driver powermate
[    7.674440][    T1] usbcore: registered new interface driver yealink
[    7.677304][    T1] rtc_cmos 00:05: RTC can wake from S4
[    7.681700][    T1] rtc_cmos 00:05: registered as rtc0
[    7.683173][    T1] rtc_cmos 00:05: alarms up to one day, y3k, 242 bytes nvram, hpet irqs
[    7.687186][    T1] i2c_dev: i2c /dev entries driver
[    7.690207][    T1] usbcore: registered new interface driver i2c-diolan-u2c
[    7.692876][    T1] usbcore: registered new interface driver i2c-cp2615
[    7.695078][    T1] usbcore: registered new interface driver RobotFuzz Open Source InterFace, OSIF
[    7.698467][    T1] usbcore: registered new interface driver i2c-tiny-usb
[    7.701305][    T1] usbcore: registered new interface driver igorplugusb
[    7.703324][    T1] usbcore: registered new interface driver iguanair
[    7.705148][    T1] usbcore: registered new interface driver imon
[    7.706902][    T1] usbcore: registered new interface driver imon_raw
[    7.709364][    T1] usbcore: registered new interface driver mceusb
[    7.711214][    T1] usbcore: registered new interface driver redrat3
[    7.713062][    T1] usbcore: registered new interface driver streamzap
[    7.715111][    T1] usbcore: registered new interface driver ir_toy
[    7.717011][    T1] usbcore: registered new interface driver ttusbir
[    7.720984][    T1] usbcore: registered new interface driver ati_remote
[    7.722927][    T1] usbcore: registered new interface driver xbox_remote
[    7.724975][    T1] b2c2-flexcop: B2C2 FlexcopII/II(b)/III digital TV receiver chip loaded successfully
[    7.729644][    T1] usbcore: registered new interface driver b2c2_flexcop_usb
[    7.732719][    T1] usbcore: registered new interface driver dvb_usb_vp7045
[    7.734884][    T1] usbcore: registered new interface driver dvb_usb_vp702x
[    7.736872][    T1] usbcore: registered new interface driver dvb_usb_gp8psk
[    7.739020][    T1] usbcore: registered new interface driver dvb_usb_dtt200u
[    7.741088][    T1] usbcore: registered new interface driver dvb_usb_a800
[    7.743022][    T1] usbcore: registered new interface driver dvb_usb_dibusb_mb
[    7.745223][    T1] usbcore: registered new interface driver dvb_usb_dibusb_mc
[    7.747446][    T1] usbcore: registered new interface driver dvb_usb_nova_t_usb2
[    7.749624][    T1] usbcore: registered new interface driver dvb_usb_umt_010
[    7.751373][    T1] usbcore: registered new interface driver dvb_usb_m920x
[    7.753579][    T1] usbcore: registered new interface driver dvb_usb_digitv
[    7.757149][    T1] usbcore: registered new interface driver dvb_usb_cxusb
[    7.759318][    T1] usbcore: registered new interface driver dvb_usb_ttusb2
[    7.761448][    T1] usbcore: registered new interface driver dvb_usb_dib0700
[    7.763786][    T1] usbcore: registered new interface driver opera1
[    7.765745][    T1] usbcore: registered new interface driver dvb_usb_af9005
[    7.767818][    T1] failing symbol_get of non-GPLONLY symbol af9005_rc_decode.
[    7.770446][    T1] failing symbol_get of non-GPLONLY symbol af9005_rc_decode.
[    7.772545][    T1] failing symbol_get of non-GPLONLY symbol rc_map_af9005_table.
[    7.775634][    T1] failing symbol_get of non-GPLONLY symbol rc_map_af9005_table.
[    7.777722][    T1] failing symbol_get of non-GPLONLY symbol rc_map_af9005_table_size.
[    7.780694][    T1] failing symbol_get of non-GPLONLY symbol rc_map_af9005_table_size.
[    7.782960][    T1] af9005: af9005_rc_decode function not found, disabling remote
[    7.785620][    T1] usbcore: registered new interface driver pctv452e
[    7.788744][    T1] usbcore: registered new interface driver dw2102
[    7.790860][    T1] usbcore: registered new interface driver dvb_usb_dtv5100
[    7.793040][    T1] usbcore: registered new interface driver cinergyT2
[    7.795070][    T1] usbcore: registered new interface driver dvb_usb_az6027
[    7.797160][    T1] usbcore: registered new interface driver dvb_usb_technisat_usb2
[    7.799467][    T1] usbcore: registered new interface driver dvb_usb_af9015
[    7.801455][    T1] usbcore: registered new interface driver dvb_usb_af9035
[    7.804411][    T1] usbcore: registered new interface driver dvb_usb_anysee
[    7.806740][    T1] usbcore: registered new interface driver dvb_usb_au6610
[    7.808442][    T1] usbcore: registered new interface driver dvb_usb_az6007
[    7.810595][    T1] usbcore: registered new interface driver dvb_usb_ce6230
[    7.812629][    T1] usbcore: registered new interface driver dvb_usb_ec168
[    7.814685][    T1] usbcore: registered new interface driver dvb_usb_lmedm04
[    7.816984][    T1] usbcore: registered new interface driver dvb_usb_gl861
[    7.819555][    T1] usbcore: registered new interface driver dvb_usb_mxl111sf
[    7.821827][    T1] usbcore: registered new interface driver dvb_usb_rtl28xxu
[    7.823863][    T1] usbcore: registered new interface driver dvb_usb_dvbsky
[    7.825785][    T1] usbcore: registered new interface driver zd1301
[    7.827992][    T1] usbcore: registered new interface driver s2255
[    7.829880][    T1] usbcore: registered new interface driver smsusb
[    7.831859][    T1] usbcore: registered new interface driver ttusb
[    7.833708][    T1] usbcore: registered new interface driver ttusb-dec
[    7.835647][    T1] usbcore: registered new interface driver Abilis Systems as10x usb driver
[    7.838620][    T1] usbcore: registered new interface driver airspy
[    7.840447][    T1] gspca_main: v2.14.0 registered
[    7.842276][    T1] usbcore: registered new interface driver benq
[    7.844244][    T1] usbcore: registered new interface driver conex
[    7.846145][    T1] usbcore: registered new interface driver cpia1
[    7.847975][    T1] usbcore: registered new interface driver dtcs033
[    7.849923][    T1] usbcore: registered new interface driver etoms
[    7.851672][    T1] usbcore: registered new interface driver finepix
[    7.853598][    T1] usbcore: registered new interface driver jeilinj
[    7.855892][    T1] usbcore: registered new interface driver jl2005bcd
[    7.859563][    T1] usbcore: registered new interface driver kinect
[    7.862653][    T1] usbcore: registered new interface driver konica
[    7.867355][    T1] usbcore: registered new interface driver mars
[    7.869449][    T1] usbcore: registered new interface driver mr97310a
[    7.871504][    T1] usbcore: registered new interface driver nw80x
[    7.873403][    T1] usbcore: registered new interface driver ov519
[    7.877532][    T1] usbcore: registered new interface driver ov534
[    7.882645][    T1] usbcore: registered new interface driver ov534_9
[    7.887459][    T1] usbcore: registered new interface driver pac207
[    7.889607][    T1] usbcore: registered new interface driver gspca_pac7302
[    7.892087][    T1] usbcore: registered new interface driver pac7311
[    7.896727][    T1] usbcore: registered new interface driver se401
[    7.898854][    T1] usbcore: registered new interface driver sn9c2028
[    7.900997][    T1] usbcore: registered new interface driver gspca_sn9c20x
[    7.903363][    T1] usbcore: registered new interface driver sonixb
[    7.906780][    T1] usbcore: registered new interface driver sonixj
[    7.908948][    T1] usbcore: registered new interface driver spca500
[    7.911275][    T1] usbcore: registered new interface driver spca501
[    7.913485][    T1] usbcore: registered new interface driver spca505
[    7.916111][    T1] usbcore: registered new interface driver spca506
[    7.918035][    T1] usbcore: registered new interface driver spca508
[    7.920064][    T1] usbcore: registered new interface driver spca561
[    7.922040][    T1] usbcore: registered new interface driver spca1528
[    7.924061][    T1] usbcore: registered new interface driver sq905
[    7.925615][    T1] usbcore: registered new interface driver sq905c
[    7.927447][    T1] usbcore: registered new interface driver sq930x
[    7.929885][    T1] usbcore: registered new interface driver sunplus
[    7.931497][    T1] usbcore: registered new interface driver stk014
[    7.933011][    T1] usbcore: registered new interface driver stk1135
[    7.935766][    T1] usbcore: registered new interface driver stv0680
[    7.937835][    T1] usbcore: registered new interface driver t613
[    7.940822][    T1] usbcore: registered new interface driver gspca_topro
[    7.943483][    T1] usbcore: registered new interface driver touptek
[    7.946307][    T1] usbcore: registered new interface driver tv8532
[    7.948478][    T1] usbcore: registered new interface driver vc032x
[    7.950441][    T1] usbcore: registered new interface driver vicam
[    7.952385][    T1] usbcore: registered new interface driver xirlink-cit
[    7.955617][    T1] usbcore: registered new interface driver gspca_zc3xx
[    7.957706][    T1] usbcore: registered new interface driver ALi m5602
[    7.959797][    T1] usbcore: registered new interface driver STV06xx
[    7.961668][    T1] usbcore: registered new interface driver gspca_gl860
[    7.964913][    T1] usbcore: registered new interface driver hackrf
[    7.966885][    T1] usbcore: registered new interface driver msi2500
[    7.968964][    T1] usbcore: registered new interface driver Philips webcam
[    7.971398][    T1] usbcore: registered new interface driver uvcvideo
[    7.973230][    T1] au0828: au0828 driver loaded
[    7.974768][    T1] usbcore: registered new interface driver au0828
[    7.976741][    T1] usbcore: registered new interface driver cx231xx
[    7.980119][    T1] usbcore: registered new interface driver em28xx
[    7.981894][    T1] em28xx: Registered (Em28xx v4l2 Extension) extension
[    7.983808][    T1] em28xx: Registered (Em28xx Audio Extension) extension
[    7.985787][    T1] em28xx: Registered (Em28xx dvb Extension) extension
[    7.987602][    T1] em28xx: Registered (Em28xx Input Extension) extension
[    7.990025][    T1] usbcore: registered new interface driver go7007
[    7.992101][    T1] usbcore: registered new interface driver go7007-loader
[    7.994600][    T1] usbcore: registered new interface driver hdpvr
[    7.997180][    T1] usbcore: registered new interface driver pvrusb2
[    7.999455][    T1] pvrusb2: V4L in-tree version:Hauppauge WinTV-PVR-USB2 MPEG2 Encoder/Tuner
[    8.002105][    T1] pvrusb2: Debug mask is 31 (0x1f)
[    8.003858][    T1] usbcore: registered new interface driver stk1160
[    8.005810][    T1] usbcore: registered new interface driver usbtv
[    8.010372][    T1] dvbdev: DVB: registering new adapter (dvb_vidtv_bridge)
[    8.013931][    T1] i2c i2c-0: DVB: registering adapter 0 frontend 0 (Dummy demod for DVB-T/T2/C/S/S2)...
[    8.017017][    T1] dvbdev: dvb_create_media_entity: media entity 'Dummy demod for DVB-T/T2/C/S/S2' registered.
[    8.025226][    T1] dvbdev: dvb_create_media_entity: media entity 'dvb-demux' registered.
[    8.030464][    T1] vidtv vidtv.0: Successfully initialized vidtv!
[    8.033812][    T1] vicodec vicodec.0: Device 'stateful-encoder' registered as /dev/video0
[    8.036442][    T1] vicodec vicodec.0: Device 'stateful-decoder' registered as /dev/video1
[    8.040386][    T1] vicodec vicodec.0: Device 'stateless-decoder' registered as /dev/video2
[    8.043489][    T1] vim2m vim2m.0: Device registered as /dev/video0
[    8.060049][    T1] vivid-000: using single planar format API
[    8.070330][  T932] input: ImExPS/2 Generic Explorer Mouse as /devices/platform/i8042/serio1/input/input3
[    8.078389][    T1] vivid-000: CEC adapter cec0 registered for HDMI input
[    8.080564][    T1] vivid-000: V4L2 capture device registered as video7
[    8.082658][    T1] vivid-000: CEC adapter cec1 registered for HDMI output 0
[    8.085041][    T1] vivid-000: V4L2 output device registered as video8
[    8.087062][    T1] vivid-000: V4L2 capture device registered as vbi0, supports raw and sliced VBI
[    8.089809][    T1] vivid-000: V4L2 output device registered as vbi1, supports raw and sliced VBI
[    8.092534][    T1] vivid-000: V4L2 capture device registered as swradio0
[    8.096700][    T1] vivid-000: V4L2 receiver device registered as radio0
[    8.099337][    T1] vivid-000: V4L2 transmitter device registered as radio1
[    8.101543][    T1] vivid-000: V4L2 metadata capture device registered as video9
[    8.103856][    T1] vivid-000: V4L2 metadata output device registered as video10
[    8.106738][    T1] vivid-000: V4L2 touch capture device registered as v4l-touch0
[    8.110655][    T1] usbcore: registered new interface driver radioshark2
[    8.112643][    T1] usbcore: registered new interface driver radioshark
[    8.114833][    T1] usbcore: registered new interface driver radio-si470x
[    8.116948][    T1] usbcore: registered new interface driver radio-usb-si4713
[    8.120609][    T1] usbcore: registered new interface driver dsbr100
[    8.122429][    T1] usbcore: registered new interface driver radio-keene
[    8.124509][    T1] usbcore: registered new interface driver radio-ma901
[    8.127965][    T1] usbcore: registered new interface driver radio-mr800
[    8.130374][    T1] usbcore: registered new interface driver radio-raremono
[    8.134770][    T1] usbcore: registered new interface driver powerz
[    8.136647][    T1] usbcore: registered new interface driver pcwd_usb
[    8.151223][    T1] device-mapper: core: CONFIG_IMA_DISABLE_HTABLE is disabled. Duplicate IMA measurements will not be recorded in the IMA log.
[    8.154682][    T1] device-mapper: uevent: version 1.0.3
[    8.156985][    T1] device-mapper: ioctl: 4.48.0-ioctl (2023-03-01) initialised: dm-devel@lists.linux.dev
[    8.160552][    T1] device-mapper: multipath round-robin: version 1.2.0 loaded
[    8.162372][    T1] device-mapper: multipath queue-length: version 0.2.0 loaded
[    8.164196][    T1] device-mapper: multipath service-time: version 0.3.0 loaded
[    8.167101][    T1] Bluetooth: HCI UART driver ver 2.3
[    8.168582][    T1] Bluetooth: HCI UART protocol H4 registered
[    8.170977][    T1] Bluetooth: HCI UART protocol BCSP registered
[    8.172942][    T1] Bluetooth: HCI UART protocol LL registered
[    8.174590][    T1] Bluetooth: HCI UART protocol Three-wire (H5) registered
[    8.177015][    T1] Bluetooth: HCI UART protocol QCA registered
[    8.179143][    T1] Bluetooth: HCI UART protocol AG6XX registered
[    8.181007][    T1] Bluetooth: HCI UART protocol Marvell registered
[    8.183292][    T1] usbcore: registered new interface driver bcm203x
[    8.185117][    T1] usbcore: registered new interface driver bpa10x
[    8.186892][    T1] usbcore: registered new interface driver bfusb
[    8.188908][    T1] usbcore: registered new interface driver btusb
[    8.190982][    T1] usbcore: registered new interface driver ath3k
[    8.194049][    T1] Modular ISDN core version 1.1.29
[    8.196366][    T1] NET: Registered PF_ISDN protocol family
[    8.198899][    T1] DSP module 2.0
[    8.200161][    T1] mISDN_dsp: DSP clocks every 80 samples. This equals 1 jiffies.
[    8.208134][    T1] mISDN: Layer-1-over-IP driver Rev. 2.00
[    8.210542][    T1] 0 virtual devices registered
[    8.212299][    T1] usbcore: registered new interface driver HFC-S_USB
[    8.216164][    T1] intel_pstate: CPU model not supported
[    8.219531][    T1] VUB300 Driver rom wait states = 1C irqpoll timeout = 0400
[    8.221183][    T1] usbcore: registered new interface driver vub300
[    8.225744][    T1] usbcore: registered new interface driver ushc
[    8.253793][    T1] iscsi: registered transport (iser)
[    8.256522][    T1] SoftiWARP attached
[    8.263465][    T1] hid: raw HID events driver (C) Jiri Kosina
[    8.288521][    T1] usbcore: registered new interface driver usbhid
[    8.290116][    T1] usbhid: USB HID core driver
[    8.304657][    T1] usbcore: registered new interface driver es2_ap_driver
[    8.306504][    T1] comedi: version 0.7.76 - http://www.comedi.org
[    8.309570][    T1] usbcore: registered new interface driver dt9812
[    8.311411][    T1] usbcore: registered new interface driver ni6501
[    8.313103][    T1] usbcore: registered new interface driver usbdux
[    8.314864][    T1] usbcore: registered new interface driver usbduxfast
[    8.316735][    T1] usbcore: registered new interface driver usbduxsigma
[    8.319346][    T1] usbcore: registered new interface driver vmk80xx
[    8.321540][    T1] usbcore: registered new interface driver r8712u
[    8.323431][    T1] greybus: registered new driver hid
[    8.324697][    T1] greybus: registered new driver gbphy
[    8.326253][    T1] gb_gbphy: registered new driver usb
[    8.327595][    T1] asus_wmi: ASUS WMI generic driver loaded
[    8.331248][    T1] gnss: GNSS driver registered with major 493
[    8.333088][    T1] usbcore: registered new interface driver gnss-usb
[    8.334998][    T1] usbcore: registered new interface driver hdm_usb
