bash: warning: setlocale: LC_ALL: cannot change locale (en_US.UTF-8)
c[?7l[2J[0mSeaBIOS (version 1.16.2-debian-1.16.2-1)
Booting from ROM..c[?7l[2J[0m.early console in extract_kernel
input_data: 0x00000000151562a3
input_len: 0x00000000062910fe
output: 0x0000000001000000
output_len: 0x0000000012f00cd8
kernel_total_size: 0x000000001a428000
needed_size: 0x000000001a600000
trampoline_32bit: 0x0000000000000000

Decompressing Linux... Parsing ELF... done.
Booting the kernel (entry_offset: 0x000000000a80d474).
[    0.000000][    T0] Linux version 6.16.0-rc4-00049-gb4911fb0b060-dirty (root@buildkitsandbox) (gcc (Debian 12.2.0-14+deb12u1) 12.2.0, GNU ld (GNU Binutils for Debian) 2.40) #1 SMP PREEMPT_DYNAMIC Mon May 25 15:40:24 UTC 2026
[    0.000000][    T0] Command line: console=ttyS0 oops=panic panic=86400 nokaslr earlyprintk=serial rdinit=/init
[    0.000000][    T0] KERNEL supported cpus:
[    0.000000][    T0]   Intel GenuineIntel
[    0.000000][    T0]   AMD AuthenticAMD
[    0.000000][    T0] x86 CPU feature dependency check failure: CPU0 has '18*32+31' enabled but '18*32+26' disabled. Kernel might be fine, but no guarantees.
[    0.000000][    T0] BIOS-provided physical RAM map:
[    0.000000][    T0] BIOS-e820: [mem 0x0000000000000000-0x000000000009fbff] usable
[    0.000000][    T0] BIOS-e820: [mem 0x000000000009fc00-0x000000000009ffff] reserved
[    0.000000][    T0] BIOS-e820: [mem 0x00000000000f0000-0x00000000000fffff] reserved
[    0.000000][    T0] BIOS-e820: [mem 0x0000000000100000-0x000000007ffdffff] usable
[    0.000000][    T0] BIOS-e820: [mem 0x000000007ffe0000-0x000000007fffffff] reserved
[    0.000000][    T0] BIOS-e820: [mem 0x00000000feffc000-0x00000000feffffff] reserved
[    0.000000][    T0] BIOS-e820: [mem 0x00000000fffc0000-0x00000000ffffffff] reserved
[    0.000000][    T0] BIOS-e820: [mem 0x000000fd00000000-0x000000ffffffffff] reserved
[    0.000000][    T0] printk: legacy bootconsole [earlyser0] enabled
[    0.000000][    T0] NX (Execute Disable) protection: active
[    0.000000][    T0] APIC: Static calls initialized
[    0.000000][    T0] SMBIOS 2.8 present.
[    0.000000][    T0] DMI: QEMU Standard PC (i440FX + PIIX, 1996), BIOS 1.16.2-debian-1.16.2-1 04/01/2014
[    0.000000][    T0] DMI: Memory slots populated: 1/1
[    0.000000][    T0] Hypervisor detected: KVM
[    0.000000][    T0] kvm-clock: Using msrs 4b564d01 and 4b564d00
[    0.000002][    T0] kvm-clock: using sched offset of 1181392187 cycles
[    0.000684][    T0] clocksource: kvm-clock: mask: 0xffffffffffffffff max_cycles: 0x1cd42e4dffb, max_idle_ns: 881590591483 ns
[    0.002709][    T0] tsc: Detected 3493.436 MHz processor
[    0.010828][    T0] last_pfn = 0x7ffe0 max_arch_pfn = 0x400000000
[    0.011575][    T0] MTRR map: 4 entries (3 fixed + 1 variable; max 19), built from 8 variable MTRRs
[    0.012621][    T0] x86/PAT: Configuration [0-7]: WB  WC  UC- UC  WB  WP  UC- WT  
[    0.016760][    T0] found SMP MP-table at [mem 0x000f5ba0-0x000f5baf]
[    0.017523][    T0] Using GB pages for direct mapping
[    0.020003][    T0] RAMDISK: [mem 0x7fe78000-0x7ffdffff]
[    0.020629][    T0] ACPI: Early table checksum verification disabled
[    0.021366][    T0] ACPI: RSDP 0x00000000000F59D0 000014 (v00 BOCHS )
[    0.022122][    T0] ACPI: RSDT 0x000000007FFE1B33 000034 (v01 BOCHS  BXPC     00000001 BXPC 00000001)
[    0.023237][    T0] ACPI: FACP 0x000000007FFE19DF 000074 (v01 BOCHS  BXPC     00000001 BXPC 00000001)
[    0.024317][    T0] ACPI: DSDT 0x000000007FFE0040 00199F (v01 BOCHS  BXPC     00000001 BXPC 00000001)
[    0.025385][    T0] ACPI: FACS 0x000000007FFE0000 000040
[    0.026014][    T0] ACPI: APIC 0x000000007FFE1A53 000080 (v01 BOCHS  BXPC     00000001 BXPC 00000001)
[    0.027097][    T0] ACPI: HPET 0x000000007FFE1AD3 000038 (v01 BOCHS  BXPC     00000001 BXPC 00000001)
[    0.028179][    T0] ACPI: WAET 0x000000007FFE1B0B 000028 (v01 BOCHS  BXPC     00000001 BXPC 00000001)
[    0.029278][    T0] ACPI: Reserving FACP table memory at [mem 0x7ffe19df-0x7ffe1a52]
[    0.030173][    T0] ACPI: Reserving DSDT table memory at [mem 0x7ffe0040-0x7ffe19de]
[    0.031075][    T0] ACPI: Reserving FACS table memory at [mem 0x7ffe0000-0x7ffe003f]
[    0.031962][    T0] ACPI: Reserving APIC table memory at [mem 0x7ffe1a53-0x7ffe1ad2]
[    0.032859][    T0] ACPI: Reserving HPET table memory at [mem 0x7ffe1ad3-0x7ffe1b0a]
[    0.033758][    T0] ACPI: Reserving WAET table memory at [mem 0x7ffe1b0b-0x7ffe1b32]
[    0.035517][    T0] No NUMA configuration found
[    0.036048][    T0] Faking a node at [mem 0x0000000000000000-0x000000007ffdffff]
[    0.036912][    T0] NODE_DATA(0) allocated [mem 0x7fe72080-0x7fe77c7f]
[    0.041186][    T0] Zone ranges:
[    0.041600][    T0]   DMA      [mem 0x0000000000001000-0x0000000000ffffff]
[    0.042406][    T0]   DMA32    [mem 0x0000000001000000-0x000000007ffdffff]
[    0.043213][    T0]   Normal   empty
[    0.043636][    T0]   Device   empty
[    0.044055][    T0] Movable zone start for each node
[    0.044628][    T0] Early memory node ranges
[    0.045126][    T0]   node   0: [mem 0x0000000000001000-0x000000000009efff]
[    0.045939][    T0]   node   0: [mem 0x0000000000100000-0x000000007ffdffff]
[    0.046751][    T0] Initmem setup node 0 [mem 0x0000000000001000-0x000000007ffdffff]
[    0.047673][    T0] On node 0, zone DMA: 1 pages in unavailable ranges
[    0.048613][    T0] On node 0, zone DMA: 97 pages in unavailable ranges
[    0.073213][    T0] On node 0, zone DMA32: 32 pages in unavailable ranges
[    0.110777][    T0] kasan: KernelAddressSanitizer initialized
[    0.111745][    T0] ACPI: PM-Timer IO Port: 0x608
[    0.112309][    T0] ACPI: LAPIC_NMI (acpi_id[0xff] dfl dfl lint[0x1])
[    0.113095][    T0] IOAPIC[0]: apic_id 0, version 17, address 0xfec00000, GSI 0-23
[    0.113973][    T0] ACPI: INT_SRC_OVR (bus 0 bus_irq 0 global_irq 2 dfl dfl)
[    0.114788][    T0] ACPI: INT_SRC_OVR (bus 0 bus_irq 5 global_irq 5 high level)
[    0.115633][    T0] ACPI: INT_SRC_OVR (bus 0 bus_irq 9 global_irq 9 high level)
[    0.116471][    T0] ACPI: INT_SRC_OVR (bus 0 bus_irq 10 global_irq 10 high level)
[    0.117330][    T0] ACPI: INT_SRC_OVR (bus 0 bus_irq 11 global_irq 11 high level)
[    0.118198][    T0] ACPI: Using ACPI (MADT) for SMP configuration information
[    0.119022][    T0] ACPI: HPET id: 0x8086a201 base: 0xfed00000
[    0.119698][    T0] TSC deadline timer available
[    0.120237][    T0] CPU topo: Max. logical packages:   1
[    0.120846][    T0] CPU topo: Max. logical dies:       1
[    0.121455][    T0] CPU topo: Max. dies per package:   1
[    0.122073][    T0] CPU topo: Max. threads per core:   1
[    0.122684][    T0] CPU topo: Num. cores per package:     2
[    0.123329][    T0] CPU topo: Num. threads per package:   2
[    0.123968][    T0] CPU topo: Allowing 2 present CPUs plus 0 hotplug CPUs
[    0.124787][    T0] kvm-guest: APIC: eoi() replaced with kvm_guest_apic_eoi_write()
[    0.125691][    T0] kvm-guest: KVM setup pv remote TLB flush
[    0.126342][    T0] kvm-guest: setup PV sched yield
[    0.126937][    T0] PM: hibernation: Registered nosave memory: [mem 0x00000000-0x00000fff]
[    0.127897][    T0] PM: hibernation: Registered nosave memory: [mem 0x0009f000-0x000fffff]
[    0.128845][    T0] [mem 0x80000000-0xfeffbfff] available for PCI devices
[    0.129626][    T0] Booting paravirtualized kernel on KVM
[    0.130248][    T0] clocksource: refined-jiffies: mask: 0xffffffff max_cycles: 0xffffffff, max_idle_ns: 19112604462750000 ns
[    0.179741][    T0] setup_percpu: NR_CPUS:8 nr_cpumask_bits:2 nr_cpu_ids:2 nr_node_ids:1
[    0.180996][    T0] percpu: Embedded 70 pages/cpu s247624 r8192 d30904 u1048576
[    0.182000][    T0] kvm-guest: PV spinlocks enabled
[    0.182593][    T0] PV qspinlock hash table entries: 256 (order: 0, 4096 bytes, linear)
[    0.183566][    T0] Kernel command line: console=ttyS0 oops=panic panic=86400 nokaslr earlyprintk=serial rdinit=/init
[    0.185427][    T0] random: crng init done
[    0.185927][    T0] printk: log buffer data + meta data: 262144 + 917504 = 1179648 bytes
[    0.187043][    T0] Dentry cache hash table entries: 262144 (order: 9, 2097152 bytes, linear)
[    0.188259][    T0] Inode-cache hash table entries: 131072 (order: 8, 1048576 bytes, linear)
[    0.189457][    T0] Fallback order for Node 0: 0 
[    0.189468][    T0] Built 1 zonelists, mobility grouping on.  Total pages: 524158
[    0.190914][    T0] Policy zone: DMA32
[    0.191630][    T0] mem auto-init: stack:all(zero), heap alloc:on, heap free:off
[    0.192509][    T0] stackdepot: allocating hash table via alloc_large_system_hash
[    0.193411][    T0] stackdepot hash table entries: 1048576 (order: 12, 16777216 bytes, linear)
[    0.266854][    T0] SLUB: HWalign=64, Order=0-3, MinObjects=0, CPUs=2, Nodes=1
[    0.271139][    T0] allocated 4194304 bytes of page_ext
[    0.272320][    T0] Dynamic Preempt: full
[    0.273337][    T0] Running RCU self tests
[    0.273834][    T0] Running RCU synchronous self tests
[    0.274455][    T0] rcu: Preemptible hierarchical RCU implementation.
[    0.275263][    T0] rcu: 	RCU lockdep checking is enabled.
[    0.275918][    T0] rcu: 	RCU restricting CPUs from NR_CPUS=8 to nr_cpu_ids=2.
[    0.276785][    T0] rcu: 	RCU callback double-/use-after-free debug is enabled.
[    0.277654][    T0] rcu: 	RCU debug extended QS entry/exit.
[    0.278320][    T0] 	Trampoline variant of Tasks RCU enabled.
[    0.279006][    T0] 	Tracing variant of Tasks RCU enabled.
[    0.279663][    T0] rcu: RCU calculated value of scheduler-enlistment delay is 10 jiffies.
[    0.280647][    T0] rcu: Adjusting geometry for rcu_fanout_leaf=16, nr_cpu_ids=2
[    0.281596][    T0] Running RCU synchronous self tests
[    0.282225][    T0] RCU Tasks: Setting shift to 1 and lim to 1 rcu_task_cb_adjust=1 rcu_task_cpu_ids=2.
[    0.283350][    T0] RCU Tasks Trace: Setting shift to 1 and lim to 1 rcu_task_cb_adjust=1 rcu_task_cpu_ids=2.
[    0.402954][    T0] NR_IRQS: 4352, nr_irqs: 440, preallocated irqs: 16
[    0.404388][    T0] rcu: srcu_init: Setting srcu_struct sizes based on contention.
[    0.405637][    T0] kfence: initialized - using 2097152 bytes for 255 objects at 0x(____ptrval____)-0x(____ptrval____)
[    0.414870][    T0] Console: colour VGA+ 80x25
[    0.415492][    T0] printk: legacy console [ttyS0] enabled
[    0.415492][    T0] printk: legacy console [ttyS0] enabled
[    0.416798][    T0] printk: legacy bootconsole [earlyser0] disabled
[    0.416798][    T0] printk: legacy bootconsole [earlyser0] disabled
[    0.418306][    T0] Lock dependency validator: Copyright (c) 2006 Red Hat, Inc., Ingo Molnar
[    0.419317][    T0] ... MAX_LOCKDEP_SUBCLASSES:  8
[    0.419896][    T0] ... MAX_LOCK_DEPTH:          48
[    0.420482][    T0] ... MAX_LOCKDEP_KEYS:        8192
[    0.421088][    T0] ... CLASSHASH_SIZE:          4096
[    0.421698][    T0] ... MAX_LOCKDEP_ENTRIES:     1048576
[    0.422334][    T0] ... MAX_LOCKDEP_CHAINS:      1048576
[    0.422969][    T0] ... CHAINHASH_SIZE:          524288
[    0.423599][    T0]  memory used by lock dependency info: 106625 kB
[    0.424345][    T0]  memory used for stack traces: 8320 kB
[    0.424999][    T0]  per task-struct memory footprint: 1920 bytes
[    0.425792][    T0] ACPI: Core revision 20250404
[    0.426796][    T0] clocksource: hpet: mask: 0xffffffff max_cycles: 0xffffffff, max_idle_ns: 19112604467 ns
[    0.428196][    T0] APIC: Switch to symmetric I/O mode setup
[    0.429074][    T0] x2apic enabled
[    0.429945][    T0] APIC: Switched APIC routing to: physical x2apic
[    0.430708][    T0] kvm-guest: APIC: send_IPI_mask() replaced with kvm_send_ipi_mask()
[    0.431675][    T0] kvm-guest: APIC: send_IPI_mask_allbutself() replaced with kvm_send_ipi_mask_allbutself()
[    0.432847][    T0] kvm-guest: setup PV IPIs
[    0.434795][    T0] ..TIMER: vector=0x30 apic1=0 pin1=2 apic2=-1 pin2=-1
[    0.435614][    T0] clocksource: tsc-early: mask: 0xffffffffffffffff max_cycles: 0x325b186289d, max_idle_ns: 440795326624 ns
[    0.436928][    T0] Calibrating delay loop (skipped) preset value.. 6986.87 BogoMIPS (lpj=34934360)
[    0.438063][    T0] x86/cpu: User Mode Instruction Prevention (UMIP) activated
[    0.447096][    T0] Last level iTLB entries: 4KB 512, 2MB 255, 4MB 127
[    0.447865][    T0] Last level dTLB entries: 4KB 512, 2MB 255, 4MB 127, 1GB 0
[    0.448728][    T0] Speculative Store Bypass: Mitigation: Speculative Store Bypass disabled via prctl
[    0.449798][    T0] Speculative Return Stack Overflow: IBPB-extending microcode not applied!
[    0.450771][    T0] Speculative Return Stack Overflow: WARNING: See https://kernel.org/doc/html/latest/admin-guide/hw-vuln/srso.html for mitigation options.
[    0.450778][    T0] Spectre V2 : Mitigation: Retpolines
[    0.452994][    T0] RETBleed: Mitigation: untrained return thunk
[    0.453703][    T0] Speculative Return Stack Overflow: Vulnerable: Safe RET, no microcode
[    0.454654][    T0] Spectre V1 : Mitigation: usercopy/swapgs barriers and __user pointer sanitization
[    0.455723][    T0] Spectre V2 : Spectre v2 / SpectreRSB: Filling RSB on context switch and VMEXIT
[    0.456922][    T0] Spectre V2 : Enabling Speculation Barrier for firmware calls
[    0.457791][    T0] Spectre V2 : mitigation: Enabling conditional Indirect Branch Prediction Barrier
[    0.458854][    T0] x86/bugs: return thunk changed
[    0.459445][    T0] x86/fpu: Supporting XSAVE feature 0x001: 'x87 floating point registers'
[    0.460417][    T0] x86/fpu: Supporting XSAVE feature 0x002: 'SSE registers'
[    0.461232][    T0] x86/fpu: Supporting XSAVE feature 0x004: 'AVX registers'
[    0.462049][    T0] x86/fpu: xstate_offset[2]:  576, xstate_sizes[2]:  256
[    0.462848][    T0] x86/fpu: Enabled xstate features 0x7, context size is 832 bytes, using 'compacted' format.
[    0.835711][    T0] Freeing SMP alternatives memory: 132K
[    0.836428][    T0] pid_max: default: 32768 minimum: 301
[    0.837376][    T0] LSM: initializing lsm=lockdown,capability,landlock,yama,safesetid,tomoyo,apparmor,bpf,ima,evm
[    0.839382][    T0] landlock: Up and running.
[    0.839921][    T0] Yama: becoming mindful.
[    0.840934][    T0] TOMOYO Linux initialized
[    0.842784][    T0] AppArmor: AppArmor initialized
[    0.846208][    T0] LSM support for eBPF active
[    0.847794][    T0] Mount-cache hash table entries: 4096 (order: 3, 32768 bytes, linear)
[    0.848778][    T0] Mountpoint-cache hash table entries: 4096 (order: 3, 32768 bytes, linear)
[    0.855457][    T0] Running RCU synchronous self tests
[    0.856092][    T0] Running RCU synchronous self tests
[    0.857800][    T1] smpboot: CPU0: AMD Ryzen Threadripper PRO 3975WX 32-Cores (family: 0x17, model: 0x31, stepping: 0x0)
[    0.869167][    T1] Performance Events: Fam17h+ core perfctr, AMD PMU driver.
[    0.870249][    T1] ... version:                0
[    0.870823][    T1] ... bit width:              48
[    0.871412][    T1] ... generic registers:      6
[    0.871982][    T1] ... value mask:             0000ffffffffffff
[    0.872710][    T1] ... max period:             00007fffffffffff
[    0.873432][    T1] ... fixed-purpose events:   0
[    0.874004][    T1] ... event mask:             000000000000003f
[    0.875818][    T1] signal: max sigframe size: 1776
[    0.877063][    T1] rcu: Hierarchical SRCU implementation.
[    0.877732][    T1] rcu: 	Max phase no-delay instances is 1000.
[    0.879600][    T1] Timer migration: 1 hierarchy levels; 8 children per group; 1 crossnode level
[    0.956890][    T1] smp: Bringing up secondary CPUs ...
[    0.968425][    T1] smpboot: x86: Booting SMP configuration:
[    0.969140][    T1] .... node  #0, CPUs:      #1
[    0.969462][    T1] smp: Brought up 1 node, 2 CPUs
[    0.969462][    T1] smpboot: Total of 2 processors activated (13973.74 BogoMIPS)
[    0.970105][    T1] Memory: 1282836K/2096632K available (172086K kernel code, 41620K rwdata, 39832K rodata, 27356K init, 121856K bss, 803336K reserved, 0K cma-reserved)
[    0.979273][    T1] devtmpfs: initialized
[    0.979689][    T1] x86/mm: Memory block size: 128MB
[    1.047168][    T1] Running RCU synchronous self tests
[    1.047823][    T1] Running RCU synchronous self tests
[    1.048547][    T1] Running RCU Tasks wait API self tests
[    1.048547][    T1] Running RCU Tasks Trace wait API self tests
[    1.097013][    T1] clocksource: jiffies: mask: 0xffffffff max_cycles: 0xffffffff, max_idle_ns: 19112604462750000 ns
[    1.098472][    T1] posixtimers hash table entries: 1024 (order: 4, 73728 bytes, linear)
[    1.099557][    T1] futex hash table entries: 512 (65536 bytes on 1 NUMA nodes, total 64 KiB, linear).
[    1.102127][    T1] PM: RTC time: 15:41:55, date: 2026-05-25
[    1.111257][    T1] NET: Registered PF_NETLINK/PF_ROUTE protocol family
[    1.118727][    T1] audit: initializing netlink subsys (disabled)
[    1.119726][   T30] audit: type=2000 audit(1779723715.848:1): state=initialized audit_enabled=0 res=1
[    1.121796][    T1] thermal_sys: Registered thermal governor 'step_wise'
[    1.126990][    T1] cpuidle: using governor menu
[    1.128602][    T1] NET: Registered PF_QIPCRTR protocol family
[    1.131265][    T1] dca service started, version 1.12.1
[    1.132107][    T1] PCI: Using configuration type 1 for base access
[    1.132855][    T1] PCI: Using configuration type 1 for extended access
[    1.147089][    T1] HugeTLB: allocation took 0ms with hugepage_allocation_threads=1
[    1.148922][    T1] HugeTLB: registered 1.00 GiB page size, pre-allocated 0 pages
[    1.150650][    T1] HugeTLB: 16380 KiB vmemmap can be freed for a 1.00 GiB page
[    1.152342][    T1] HugeTLB: registered 2.00 MiB page size, pre-allocated 0 pages
[    1.154044][    T1] HugeTLB: 28 KiB vmemmap can be freed for a 2.00 MiB page
[    1.171246][   T29] Callback from call_rcu_tasks_trace() invoked.
[    1.182297][    T1] raid6: skipped pq benchmark and selected avx2x4
[    1.183597][    T1] raid6: using avx2x2 recovery algorithm
[    1.187924][    T1] ACPI: Added _OSI(Module Device)
[    1.188523][    T1] ACPI: Added _OSI(Processor Device)
[    1.189148][    T1] ACPI: Added _OSI(Processor Aggregator Device)
[    1.287970][    T1] ACPI: 1 ACPI AML tables successfully acquired and loaded
[    1.320673][    T1] ACPI: Interpreter enabled
[    1.321722][    T1] ACPI: PM: (supports S0 S3 S4 S5)
[    1.322367][    T1] ACPI: Using IOAPIC for interrupt routing
[    1.323439][    T1] PCI: Using host bridge windows from ACPI; if necessary, use "pci=nocrs" and report a bug
[    1.324600][    T1] PCI: Using E820 reservations for host bridge windows
[    1.331184][    T1] ACPI: Enabled 2 GPEs in block 00 to 0F
[    1.534703][    T1] ACPI: PCI Root Bridge [PCI0] (domain 0000 [bus 00-ff])
[    1.535680][    T1] acpi PNP0A03:00: _OSC: OS supports [ExtendedConfig ASPM ClockPM Segments MSI HPX-Type3]
[    1.541577][    T1] PCI host bridge to bus 0000:00
[    1.542529][    T1] pci_bus 0000:00: root bus resource [io  0x0000-0x0cf7 window]
[    1.543461][    T1] pci_bus 0000:00: root bus resource [io  0x0d00-0xffff window]
[    1.544386][    T1] pci_bus 0000:00: root bus resource [mem 0x000a0000-0x000bffff window]
[    1.545402][    T1] pci_bus 0000:00: root bus resource [mem 0x80000000-0xfebfffff window]
[    1.546405][    T1] pci_bus 0000:00: root bus resource [mem 0x100000000-0x17fffffff window]
[    1.546952][    T1] pci_bus 0000:00: root bus resource [bus 00-ff]
[    1.548172][    T1] pci 0000:00:00.0: [8086:1237] type 00 class 0x060000 conventional PCI endpoint
[    1.615509][    T1] pci 0000:00:01.0: [8086:7000] type 00 class 0x060100 conventional PCI endpoint
[    1.681514][    T1] pci 0000:00:01.1: [8086:7010] type 00 class 0x010180 conventional PCI endpoint
[    1.683154][    T1] pci 0000:00:01.1: BAR 4 [io  0xc000-0xc00f]
[    1.683923][    T1] pci 0000:00:01.1: BAR 0 [io  0x01f0-0x01f7]: legacy IDE quirk
[    1.684829][    T1] pci 0000:00:01.1: BAR 1 [io  0x03f6]: legacy IDE quirk
[    1.685668][    T1] pci 0000:00:01.1: BAR 2 [io  0x0170-0x0177]: legacy IDE quirk
[    1.686575][    T1] pci 0000:00:01.1: BAR 3 [io  0x0376]: legacy IDE quirk
[    1.688929][    T1] pci 0000:00:01.3: [8086:7113] type 00 class 0x068000 conventional PCI endpoint
[    1.690499][    T1] pci 0000:00:01.3: quirk: [io  0x0600-0x063f] claimed by PIIX4 ACPI
[    1.691466][    T1] pci 0000:00:01.3: quirk: [io  0x0700-0x070f] claimed by PIIX4 SMB
[    1.694462][    T1] pci 0000:00:02.0: [1234:1111] type 00 class 0x030000 conventional PCI endpoint
[    1.696955][    T1] pci 0000:00:02.0: BAR 0 [mem 0xfd000000-0xfdffffff pref]
[    1.697836][    T1] pci 0000:00:02.0: BAR 2 [mem 0xfebf0000-0xfebf0fff]
[    1.698666][    T1] pci 0000:00:02.0: ROM [mem 0xfebe0000-0xfebeffff pref]
[    1.699811][    T1] pci 0000:00:02.0: Video device with shadowed ROM at [mem 0x000c0000-0x000dffff]
[    1.782134][    T1] ACPI: PCI: Interrupt link LNKA configured for IRQ 10
[    1.789065][    T1] ACPI: PCI: Interrupt link LNKB configured for IRQ 10
[    1.795855][    T1] ACPI: PCI: Interrupt link LNKC configured for IRQ 11
[    1.802610][    T1] ACPI: PCI: Interrupt link LNKD configured for IRQ 11
[    1.805817][    T1] ACPI: PCI: Interrupt link LNKS configured for IRQ 9
[    1.826217][    T1] iommu: Default domain type: Translated
[    1.826908][    T1] iommu: DMA domain TLB invalidation policy: lazy mode
[    1.832260][    T1] SCSI subsystem initialized
[    1.835072][    T1] ACPI: bus type USB registered
[    1.837853][    T1] usbcore: registered new interface driver usbfs
[    1.839079][    T1] usbcore: registered new interface driver hub
[    1.840088][    T1] usbcore: registered new device driver usb
[    1.843140][    T1] mc: Linux media interface: v0.10
[    1.844062][    T1] videodev: Linux video capture interface: v2.00
[    1.845764][    T1] pps_core: LinuxPPS API ver. 1 registered
[    1.846467][    T1] pps_core: Software ver. 5.3.6 - Copyright 2005-2007 Rodolfo Giometti <giometti@linux.it>
[    1.847077][    T1] PTP clock support registered
[    1.857671][    T1] EDAC MC: Ver: 3.0.0
[    1.864207][    T1] Advanced Linux Sound Architecture Driver Initialized.
[    1.872404][    T1] Bluetooth: Core ver 2.22
[    1.873146][    T1] NET: Registered PF_BLUETOOTH protocol family
[    1.873881][    T1] Bluetooth: HCI device and connection manager initialized
[    1.874785][    T1] Bluetooth: HCI socket layer initialized
[    1.875475][    T1] Bluetooth: L2CAP socket layer initialized
[    1.876271][    T1] Bluetooth: SCO socket layer initialized
[    1.877041][    T1] NET: Registered PF_ATMPVC protocol family
[    1.877748][    T1] NET: Registered PF_ATMSVC protocol family
[    1.878792][    T1] NetLabel: Initializing
[    1.879300][    T1] NetLabel:  domain hash size = 128
[    1.879915][    T1] NetLabel:  protocols = UNLABELED CIPSOv4 CALIPSO
[    1.881233][    T1] NetLabel:  unlabeled traffic allowed by default
[    1.882992][    T1] nfc: nfc_init: NFC Core ver 0.1
[    1.882992][    T1] NET: Registered PF_NFC protocol family
[    1.882992][    T1] mctp: management component transport protocol core
[    1.886950][    T1] NET: Registered PF_MCTP protocol family
[    1.887912][    T1] PCI: Using ACPI for IRQ routing
[    1.889337][    T1] pci 0000:00:02.0: vgaarb: setting as boot VGA device
[    1.889337][    T1] pci 0000:00:02.0: vgaarb: bridge control possible
[    1.889337][    T1] pci 0000:00:02.0: vgaarb: VGA device added: decodes=io+mem,owns=io+mem,locks=none
[    1.889849][    T1] vgaarb: loaded
[    1.892342][    T1] hpet0: at MMIO 0xfed00000, IRQs 2, 8, 0
[    1.893075][    T1] hpet0: 3 comparators, 64-bit 100.000000 MHz counter
[    1.900681][    T1] clocksource: Switched to clocksource kvm-clock
[    1.905895][    T1] VFS: Disk quotas dquot_6.6.0
[    1.906556][    T1] VFS: Dquot-cache hash table entries: 512 (order 0, 4096 bytes)
[    1.908287][    T1] netfs: FS-Cache loaded
[    1.910165][    T1] CacheFiles: Loaded
[    1.911273][    T1] TOMOYO: 2.6.0
[    1.911771][    T1] Mandatory Access Control activated.
[    1.916658][    T1] AppArmor: AppArmor Filesystem Enabled
[    1.917922][    T1] pnp: PnP ACPI init
[    1.936688][    T1] pnp: PnP ACPI: found 6 devices
[    2.010292][    T1] clocksource: acpi_pm: mask: 0xffffff max_cycles: 0xffffff, max_idle_ns: 2085701024 ns
[    2.012528][    T1] NET: Registered PF_INET protocol family
[    2.013775][    T1] IP idents hash table entries: 32768 (order: 6, 262144 bytes, linear)
[    2.022886][    T1] tcp_listen_portaddr_hash hash table entries: 1024 (order: 4, 73728 bytes, linear)
[    2.024086][    T1] Table-perturb hash table entries: 65536 (order: 6, 262144 bytes, linear)
[    2.025189][    T1] TCP established hash table entries: 16384 (order: 5, 131072 bytes, linear)
[    2.028453][    T1] TCP bind hash table entries: 16384 (order: 9, 2359296 bytes, linear)
[    2.031277][    T1] TCP: Hash tables configured (established 16384 bind 16384)
[    2.033651][    T1] MPTCP token hash table entries: 2048 (order: 5, 180224 bytes, linear)
[    2.034931][    T1] UDP hash table entries: 1024 (order: 6, 262144 bytes, linear)
[    2.036111][    T1] UDP-Lite hash table entries: 1024 (order: 6, 262144 bytes, linear)
[    2.038002][    T1] NET: Registered PF_UNIX/PF_LOCAL protocol family
[    2.041590][    T1] RPC: Registered named UNIX socket transport module.
[    2.042457][    T1] RPC: Registered udp transport module.
[    2.043119][    T1] RPC: Registered tcp transport module.
[    2.043773][    T1] RPC: Registered tcp-with-tls transport module.
[    2.044526][    T1] RPC: Registered tcp NFSv4.1 backchannel transport module.
[    2.050082][    T1] NET: Registered PF_XDP protocol family
[    2.050799][    T1] pci_bus 0000:00: resource 4 [io  0x0000-0x0cf7 window]
[    2.051676][    T1] pci_bus 0000:00: resource 5 [io  0x0d00-0xffff window]
[    2.052521][    T1] pci_bus 0000:00: resource 6 [mem 0x000a0000-0x000bffff window]
[    2.053452][    T1] pci_bus 0000:00: resource 7 [mem 0x80000000-0xfebfffff window]
[    2.054379][    T1] pci_bus 0000:00: resource 8 [mem 0x100000000-0x17fffffff window]
[    2.056866][    T1] pci 0000:00:01.0: PIIX3: Enabling Passive Release
[    2.057672][    T1] pci 0000:00:00.0: Limiting direct PCI/PCI transfers
[    2.058708][    T1] PCI: CLS 0 bytes, default 64
[    2.066381][   T48] Trying to unpack rootfs image as initramfs...
[    2.071752][    T1] ACPI: bus type thunderbolt registered
[    2.074931][    T1] kvm_intel: VMX not supported by CPU 0
[    2.075840][    T1] kvm_amd: Nested Virtualization enabled
[    2.076536][    T1] kvm_amd: Nested Paging enabled
[    2.132105][    T1] clocksource: tsc: mask: 0xffffffffffffffff max_cycles: 0x325b186289d, max_idle_ns: 440795326624 ns
[    2.390054][   T48] Freeing initrd memory: 1440K
[    2.391747][   T67] kworker/u8:1 (67) used greatest stack depth: 28968 bytes left
[    2.395097][   T68] kworker/u8:1 (68) used greatest stack depth: 28920 bytes left
[    2.396004][   T76] kworker/u8:1 (76) used greatest stack depth: 28776 bytes left
[   11.441777][   T28] rcu_tasks_wait_gp: rcu_tasks grace period number 5 (since boot) is 1028 jiffies old.
[   14.409907][    T1] Initialise system trusted keyrings
[   14.411944][   T85] kworker/u8:2 (85) used greatest stack depth: 28216 bytes left
[   14.413246][    T1] workingset: timestamp_bits=40 max_order=19 bucket_order=0
[   14.414172][   T28] Callback from call_rcu_tasks() invoked.
[   14.420244][    T1] DLM installed
[   14.424521][    T1] squashfs: version 4.0 (2009/01/31) Phillip Lougher
[   14.430533][    T1] NFS: Registering the id_resolver key type
[   14.431314][    T1] Key type id_resolver registered
[   14.432001][    T1] Key type id_legacy registered
[   14.432714][    T1] nfs4filelayout_init: NFSv4 File Layout Driver Registering...
[   14.433689][    T1] nfs4flexfilelayout_init: NFSv4 Flexfile Layout Driver Registering...
[   14.445680][    T1] Key type cifs.spnego registered
[   14.446500][    T1] Key type cifs.idmap registered
[   14.449767][    T1] ntfs3: Enabled Linux POSIX ACLs support
[   14.450440][    T1] ntfs3: Read-only LZX/Xpress compression included
[   14.451355][    T1] efs: 1.0a - http://aeschi.ch.eu.org/efs/
[   14.452133][    T1] jffs2: version 2.2. (NAND) (SUMMARY)  © 2001-2006 Red Hat, Inc.
[   14.454039][    T1] romfs: ROMFS MTD (C) 2007 Red Hat, Inc.
[   14.454803][    T1] QNX4 filesystem 0.2.3 registered.
[   14.455457][    T1] qnx6: QNX6 filesystem 1.0.0 registered.
[   14.456910][    T1] fuse: init (API version 7.44)
[   14.460108][    T1] orangefs_debugfs_init: called with debug mask: :none: :0:
[   14.464057][    T1] orangefs_init: module version upstream loaded
[   14.465507][    T1] JFS: nTxBlock = 8192, nTxLock = 65536
[   14.476902][    T1] SGI XFS with ACLs, security attributes, realtime, quota, no debug enabled
[   14.481288][    T1] 9p: Installing v9fs 9p2000 file system support
[   14.482510][    T1] NILFS version 2 loaded
[   14.483034][    T1] befs: version: 0.9.3
[   14.484072][    T1] ocfs2: Registered cluster interface o2cb
[   14.485873][    T1] ocfs2: Registered cluster interface user
[   14.487072][    T1] OCFS2 User DLM kernel interface loaded
[   14.506871][    T1] gfs2: GFS2 installed
[   14.516856][    T1] ceph: loaded (mds proto 32)
[   14.524228][    T1] cryptd: max_cpu_qlen set to 1000
[   14.570102][    T1] NET: Registered PF_ALG protocol family
[   14.571114][    T1] xor: automatically using best checksumming function   avx       
[   14.572102][    T1] async_tx: api initialized (async)
[   14.572735][    T1] Key type asymmetric registered
[   14.573337][    T1] Asymmetric key parser 'x509' registered
[   14.574036][    T1] Asymmetric key parser 'pkcs8' registered
[   14.574717][    T1] Key type pkcs7_test registered
[   14.575723][    T1] Block layer SCSI generic (bsg) driver version 0.4 loaded (major 238)
[   14.578409][    T1] io scheduler mq-deadline registered
[   14.579727][    T1] io scheduler kyber registered
[   14.581449][    T1] io scheduler bfq registered
[   14.599336][    T1] input: Power Button as /devices/LNXSYSTM:00/LNXPWRBN:00/input/input0
[   14.613559][    T1] ACPI: button: Power Button [PWRF]
[   14.629579][    T1] ioatdma: Intel(R) QuickData Technology Driver 5.00
[   14.640250][  T185] kworker/u8:3 (185) used greatest stack depth: 28168 bytes left
[   14.644313][  T187] kworker/u8:5 (187) used greatest stack depth: 27752 bytes left
[   15.044070][    T1] N_HDLC line discipline registered with maxframe=4096
[   15.044999][    T1] Serial: 8250/16550 driver, 4 ports, IRQ sharing enabled
[   15.049450][    T1] 00:04: ttyS0 at I/O 0x3f8 (irq = 4, base_baud = 115200) is a 16550A
[   15.080994][    T1] Non-volatile memory driver v1.3
[   15.081863][    T1] Linux agpgart interface v0.103
[   15.087232][    T1] usbcore: registered new interface driver xillyusb
[   15.096546][    T1] ACPI: bus type drm_connector registered
[   15.103860][    T1] [drm] Initialized vgem 1.0.0 for vgem on minor 0
[   15.114026][    T1] [drm] Initialized vkms 1.0.0 for vkms on minor 1
[   15.186013][    T1] Console: switching to colour frame buffer device 128x48
[   15.203364][    T1] platform vkms: [drm] fb0: vkmsdrmfb frame buffer device
[   15.204754][    T1] usbcore: registered new interface driver udl
[   15.207374][    T1] bochs-drm 0000:00:02.0: vgaarb: deactivate vga console
[   15.212180][    T1] [drm] Found bochs VGA, ID 0xb0c5.
[   15.212804][    T1] [drm] Framebuffer size 16384 kB @ 0xfd000000, mmio @ 0xfebf0000.
[   15.218419][    T1] [drm] Initialized bochs-drm 1.0.0 for 0000:00:02.0 on minor 2
[   15.247689][    T1] fbcon: bochs-drmdrmfb (fb1) is primary device
[   15.247711][    T1] fbcon: Remapping primary device, fb1, to tty 1-63
[   16.903090][    T1] bochs-drm 0000:00:02.0: [drm] fb1: bochs-drmdrmfb frame buffer device
[   16.905668][    T1] usbcore: registered new interface driver gm12u320
[   16.906904][    T1] usbcore: registered new interface driver gud
[   17.003243][    T1] brd: module loaded
[   17.112005][    T1] loop: module loaded
[   17.226289][  T875] kworker/u8:5 (875) used greatest stack depth: 27096 bytes left
[   17.371450][    T1] zram: Added device: zram0
[   17.383565][    T1] null_blk: disk nullb0 created
[   17.384179][    T1] null_blk: module loaded
[   17.386687][    T1] Guest personality initialized and is inactive
[   17.388757][    T1] VMCI host device registered (name=vmci, major=10, minor=265)
[   17.389652][    T1] Initialized host personality
[   17.390822][    T1] usbcore: registered new interface driver rtsx_usb
[   17.393375][    T1] usbcore: registered new interface driver viperboard
[   17.394787][    T1] usbcore: registered new interface driver dln2
[   17.396323][    T1] usbcore: registered new interface driver pn533_usb
[   17.403763][    T1] nfcsim 0.2 initialized
[   17.404839][    T1] usbcore: registered new interface driver port100
[   17.406779][    T1] usbcore: registered new interface driver nfcmrvl
[   17.414032][    T1] Loading iSCSI transport class v2.0-870.
[   17.425117][    T1] st: Version 20160209, fixed bufsize 32768, s/g segs 256
[   17.466647][    T1] scsi host0: ata_piix
[   17.471130][    T1] scsi host1: ata_piix
[   17.474063][    T1] ata1: PATA max MWDMA2 cmd 0x1f0 ctl 0x3f6 bmdma 0xc000 irq 14 lpm-pol 0
[   17.475100][    T1] ata2: PATA max MWDMA2 cmd 0x170 ctl 0x376 bmdma 0xc008 irq 15 lpm-pol 0
[   17.481485][    T1] Rounding down aligned max_sectors from 4294967295 to 4294967288
[   17.483064][    T1] db_root: cannot open: /etc/target
[   17.485283][    T1] slram: not enough parameters.
[   17.491122][    T1] ftl_cs: FTL header not found.
[   17.533249][    T1] wireguard: WireGuard 1.0.0 loaded. See www.wireguard.com for information.
[   17.534539][    T1] wireguard: Copyright (C) 2015-2019 Jason A. Donenfeld <Jason@zx2c4.com>. All Rights Reserved.
[   17.536019][    T1] eql: Equalizer2002: Simon Janes (simon@ncm.com) and David S. Miller (davem@redhat.com)
[   17.550171][    T1] MACsec IEEE 802.1AE
[   17.566191][    T1] usbcore: registered new interface driver mvusb_mdio
[   17.567647][    T1] tun: Universal TUN/TAP device driver, 1.6
[   17.577030][    T1] vcan: Virtual CAN interface driver
[   17.577851][    T1] vxcan: Virtual CAN Tunnel driver
[   17.578648][    T1] slcan: serial line CAN interface driver
[   17.579552][    T1] CAN device driver interface
[   17.580699][    T1] usbcore: registered new interface driver usb_8dev
[   17.584673][    T1] usbcore: registered new interface driver ems_usb
[   17.586049][    T1] usbcore: registered new interface driver esd_usb
[   17.587441][    T1] usbcore: registered new interface driver etas_es58x
[   17.588854][    T1] usbcore: registered new interface driver f81604
[   17.590219][    T1] usbcore: registered new interface driver gs_usb
[   17.591595][    T1] usbcore: registered new interface driver kvaser_usb
[   17.593054][    T1] usbcore: registered new interface driver mcba_usb
[   17.595175][    T1] usbcore: registered new interface driver peak_usb
[   17.596604][    T1] usbcore: registered new interface driver ucan
[   17.598164][    T1] e100: Intel(R) PRO/100 Network Driver
[   17.599317][    T1] e100: Copyright(c) 1999-2006 Intel Corporation
[   17.600693][    T1] e1000: Intel(R) PRO/1000 Network Driver
[   17.601530][    T1] e1000: Copyright (c) 1999-2006 Intel Corporation.
[   17.604819][    T1] e1000e: Intel(R) PRO/1000 Network Driver
[   17.605670][    T1] e1000e: Copyright(c) 1999 - 2015 Intel Corporation.
[   17.608010][    T1] mkiss: AX.25 Multikiss, Hans Albas PE1AYX
[   17.608913][    T1] AX.25: bpqether driver version 004
[   17.609689][    T1] PPP generic driver version 2.4.2
[   17.611535][    T1] PPP BSD Compression module registered
[   17.612408][    T1] PPP Deflate Compression module registered
[   17.613323][    T1] PPP MPPE Compression module registered
[   17.614141][    T1] NET: Registered PF_PPPOX protocol family
[   17.615052][    T1] PPTP driver version 0.8.5
[   17.616150][    T1] SLIP: version 0.8.4-NET3.019-NEWTTY (dynamic channels, max=256) (6 bit encapsulation enabled).
[   17.617663][    T1] CSLIP: code copyright 1989 Regents of the University of California.
[   17.618836][    T1] SLIP linefill/keepalive option.
[   17.619572][    T1] hdlc: HDLC support module revision 1.22
[   17.620439][    T1] LAPB Ethernet driver version 0.02
[   17.623269][    T1] usbcore: registered new interface driver ath9k_htc
[   17.624695][    T1] usbcore: registered new interface driver carl9170
[   17.626103][    T1] usbcore: registered new interface driver ath6kl_usb
[   17.627519][    T1] usbcore: registered new interface driver ar5523
[   17.629435][    T1] usbcore: registered new interface driver ath10k_usb
[   17.630923][    T1] usbcore: registered new interface driver plfxlc
[   17.632335][ T1011] ata2: found unknown device (class 0)
[   17.633645][    T1] mac80211_hwsim: initializing netlink
[   17.643717][ T1011] ata2.00: ATAPI: QEMU DVD-ROM, 2.5+, max UDMA/100
[   17.649816][  T945] scsi 1:0:0:0: CD-ROM            QEMU     QEMU DVD-ROM     2.5+ PQ: 0 ANSI: 5
[   17.675043][    T1] usbcore: registered new interface driver atusb
[   17.691325][    T1] mac802154_hwsim mac802154_hwsim: Added 2 mac802154 hwsim hardware radios
[   17.694365][    T1] VMware vmxnet3 virtual NIC driver - version 1.9.0.0-k-NAPI
[   17.696281][    T1] usbcore: registered new interface driver catc
[   17.697488][    T1] usbcore: registered new interface driver kaweth
[   17.699729][    T1] pegasus: Pegasus/Pegasus II USB Ethernet driver
[   17.701432][    T1] usbcore: registered new interface driver pegasus
[   17.703792][    T1] usbcore: registered new interface driver rtl8150
[   17.704794][    T1] usbcore: registered new device driver r8152-cfgselector
[   17.706111][    T1] usbcore: registered new interface driver r8152
[   17.707422][    T1] usbcore: registered new interface driver hso
[   17.708601][    T1] usbcore: registered new interface driver lan78xx
[   17.709825][    T1] usbcore: registered new interface driver asix
[   17.711008][    T1] usbcore: registered new interface driver ax88179_178a
[   17.714590][    T1] usbcore: registered new interface driver cdc_ether
[   17.715745][  T945] sr 1:0:0:0: [sr0] scsi3-mmc drive: 4x/4x cd/rw xa/form2 tray
[   17.716110][    T1] usbcore: registered new interface driver cdc_eem
[   17.716706][  T945] cdrom: Uniform CD-ROM driver Revision: 3.20
[   17.718164][    T1] usbcore: registered new interface driver dm9601
[   17.720083][    T1] usbcore: registered new interface driver sr9700
[   17.721475][    T1] usbcore: registered new interface driver CoreChips
[   17.723230][    T1] usbcore: registered new interface driver smsc75xx
[   17.724651][    T1] usbcore: registered new interface driver smsc95xx
[   17.726065][    T1] usbcore: registered new interface driver gl620a
[   17.727469][    T1] usbcore: registered new interface driver net1080
[   17.732134][    T1] usbcore: registered new interface driver plusb
[   17.733509][    T1] usbcore: registered new interface driver rndis_host
[   17.734953][    T1] usbcore: registered new interface driver cdc_subset
[   17.736384][    T1] usbcore: registered new interface driver zaurus
[   17.737803][    T1] usbcore: registered new interface driver MOSCHIP usb-ethernet driver
[   17.739481][    T1] usbcore: registered new interface driver int51x1
[   17.740891][    T1] usbcore: registered new interface driver cdc_phonet
[   17.742438][    T1] usbcore: registered new interface driver kalmia
[   17.743924][    T1] usbcore: registered new interface driver ipheth
[   17.745289][    T1] usbcore: registered new interface driver sierra_net
[   17.746758][    T1] usbcore: registered new interface driver cx82310_eth
[   17.748258][    T1] usbcore: registered new interface driver cdc_ncm
[   17.749733][    T1] usbcore: registered new interface driver huawei_cdc_ncm
[   17.751325][    T1] usbcore: registered new interface driver lg-vl600
[   17.753141][    T1] usbcore: registered new interface driver qmi_wwan
[   17.754585][    T1] usbcore: registered new interface driver cdc_mbim
[   17.756595][    T1] usbcore: registered new interface driver ch9200
[   17.758006][    T1] usbcore: registered new interface driver aqc111
[   17.760009][    T1] usbcore: registered new interface driver r8153_ecm
[   17.766757][  T945] sr 1:0:0:0: Attached scsi generic sg0 type 5
[   17.777312][    T1] VFIO - User Level meta-driver version: 0.3
[   17.785067][    T1] aoe: AoE v85 initialised.
[   17.799120][    T1] usbcore: registered new interface driver cdc_acm
[   17.800090][    T1] cdc_acm: USB Abstract Control Model driver for USB modems and ISDN adapters
[   17.801891][    T1] usbcore: registered new interface driver usblp
[   17.803280][    T1] usbcore: registered new interface driver cdc_wdm
[   17.804702][    T1] usbcore: registered new interface driver usbtmc
[   17.808808][    T1] usbcore: registered new interface driver uas
[   17.810177][    T1] usbcore: registered new interface driver usb-storage
[   17.811583][    T1] usbcore: registered new interface driver ums-alauda
[   17.815366][    T1] usbcore: registered new interface driver ums-cypress
[   17.816790][    T1] usbcore: registered new interface driver ums-datafab
[   17.818200][    T1] usbcore: registered new interface driver ums_eneub6250
[   17.819628][    T1] usbcore: registered new interface driver ums-freecom
[   17.821037][    T1] usbcore: registered new interface driver ums-isd200
[   17.822465][    T1] usbcore: registered new interface driver ums-jumpshot
[   17.823879][    T1] usbcore: registered new interface driver ums-karma
[   17.825984][    T1] usbcore: registered new interface driver ums-onetouch
[   17.827413][    T1] usbcore: registered new interface driver ums-realtek
[   17.829518][    T1] usbcore: registered new interface driver ums-sddr09
[   17.830914][    T1] usbcore: registered new interface driver ums-sddr55
[   17.832903][    T1] usbcore: registered new interface driver ums-usbat
[   17.834426][    T1] usbcore: registered new interface driver mdc800
[   17.835370][    T1] mdc800: v0.7.5 (30/10/2000):USB Driver for Mustek MDC800 Digital Camera
[   17.837064][    T1] usbcore: registered new interface driver microtekX6
[   17.838881][    T1] usbcore: registered new interface driver usbserial_generic
[   17.840341][    T1] usbserial: USB Serial support registered for generic
[   17.841850][    T1] usbcore: registered new interface driver aircable
[   17.843017][    T1] usbserial: USB Serial support registered for aircable
[   17.844372][    T1] usbcore: registered new interface driver ark3116
[   17.845529][    T1] usbserial: USB Serial support registered for ark3116
[   17.846860][    T1] usbcore: registered new interface driver belkin_sa
[   17.848024][    T1] usbserial: USB Serial support registered for Belkin / Peracom / GoHubs USB Serial Adapter
[   17.849824][    T1] usbcore: registered new interface driver ch341
[   17.850937][    T1] usbserial: USB Serial support registered for ch341-uart
[   17.852698][    T1] usbcore: registered new interface driver cp210x
[   17.853820][    T1] usbserial: USB Serial support registered for cp210x
[   17.855124][    T1] usbcore: registered new interface driver cyberjack
[   17.856303][    T1] usbserial: USB Serial support registered for Reiner SCT Cyberjack USB card reader
[   17.858005][    T1] usbcore: registered new interface driver cypress_m8
[   17.859200][    T1] usbserial: USB Serial support registered for DeLorme Earthmate USB
[   17.860569][    T1] usbserial: USB Serial support registered for HID->COM RS232 Adapter
[   17.863198][    T1] usbserial: USB Serial support registered for Nokia CA-42 V2 Adapter
[   17.864717][    T1] usbcore: registered new interface driver usb_debug
[   17.866377][    T1] usbserial: USB Serial support registered for debug
[   17.867537][    T1] usbserial: USB Serial support registered for xhci_dbc
[   17.868866][    T1] usbcore: registered new interface driver digi_acceleport
[   17.870102][    T1] usbserial: USB Serial support registered for Digi 2 port USB adapter
[   17.871484][    T1] usbserial: USB Serial support registered for Digi 4 port USB adapter
[   17.873059][    T1] usbcore: registered new interface driver io_edgeport
[   17.874237][    T1] usbserial: USB Serial support registered for Edgeport 2 port adapter
[   17.875601][    T1] usbserial: USB Serial support registered for Edgeport 4 port adapter
[   17.876982][    T1] usbserial: USB Serial support registered for Edgeport 8 port adapter
[   17.878369][    T1] usbserial: USB Serial support registered for EPiC device
[   17.879760][    T1] usbcore: registered new interface driver io_ti
[   17.880858][    T1] usbserial: USB Serial support registered for Edgeport TI 1 port adapter
[   17.882372][    T1] usbserial: USB Serial support registered for Edgeport TI 2 port adapter
[   17.883949][    T1] usbcore: registered new interface driver empeg
[   17.885052][    T1] usbserial: USB Serial support registered for empeg
[   17.886525][    T1] usbcore: registered new interface driver f81534a_ctrl
[   17.887873][    T1] usbcore: registered new interface driver f81232
[   17.889019][    T1] usbserial: USB Serial support registered for f81232
[   17.890182][    T1] usbserial: USB Serial support registered for f81534a
[   17.891499][    T1] usbcore: registered new interface driver f81534
[   17.892663][    T1] usbserial: USB Serial support registered for Fintek F81532/F81534
[   17.894156][    T1] usbcore: registered new interface driver ftdi_sio
[   17.895321][    T1] usbserial: USB Serial support registered for FTDI USB Serial Device
[   17.896835][    T1] usbcore: registered new interface driver garmin_gps
[   17.897997][    T1] usbserial: USB Serial support registered for Garmin GPS usb/tty
[   17.899454][    T1] usbcore: registered new interface driver ipaq
[   17.900571][    T1] usbserial: USB Serial support registered for PocketPC PDA
[   17.902027][    T1] usbcore: registered new interface driver ipw
[   17.903205][    T1] usbserial: USB Serial support registered for IPWireless converter
[   17.904523][    T1] usbcore: registered new interface driver ir_usb
[   17.905500][    T1] usbserial: USB Serial support registered for IR Dongle
[   17.906673][    T1] usbcore: registered new interface driver iuu_phoenix
[   17.907705][    T1] usbserial: USB Serial support registered for iuu_phoenix
[   17.908923][    T1] usbcore: registered new interface driver keyspan
[   17.909913][    T1] usbserial: USB Serial support registered for Keyspan - (without firmware)
[   17.911161][    T1] usbserial: USB Serial support registered for Keyspan 1 port adapter
[   17.912810][    T1] usbserial: USB Serial support registered for Keyspan 2 port adapter
[   17.913971][    T1] usbserial: USB Serial support registered for Keyspan 4 port adapter
[   17.915282][    T1] usbcore: registered new interface driver keyspan_pda
[   17.916302][    T1] usbserial: USB Serial support registered for Keyspan PDA
[   17.917356][    T1] usbserial: USB Serial support registered for Keyspan PDA - (prerenumeration)
[   17.918775][    T1] usbcore: registered new interface driver kl5kusb105
[   17.919823][    T1] usbserial: USB Serial support registered for KL5KUSB105D / PalmConnect
[   17.921168][    T1] usbcore: registered new interface driver kobil_sct
[   17.923904][    T1] usbserial: USB Serial support registered for KOBIL USB smart card terminal
[   17.925295][    T1] usbcore: registered new interface driver mct_u232
[   17.926286][    T1] usbserial: USB Serial support registered for MCT U232
[   17.927445][    T1] usbcore: registered new interface driver metro_usb
[   17.928434][    T1] usbserial: USB Serial support registered for Metrologic USB to Serial
[   17.930076][    T1] usbcore: registered new interface driver mos7720
[   17.931021][    T1] usbserial: USB Serial support registered for Moschip 2 port adapter
[   17.932320][    T1] usbcore: registered new interface driver mos7840
[   17.933274][    T1] usbserial: USB Serial support registered for Moschip 7840/7820 USB Serial Driver
[   17.934693][    T1] usbcore: registered new interface driver mxuport
[   17.935633][    T1] usbserial: USB Serial support registered for MOXA UPort
[   17.936805][    T1] usbcore: registered new interface driver navman
[   17.937765][    T1] usbserial: USB Serial support registered for navman
[   17.938906][    T1] usbcore: registered new interface driver omninet
[   17.939874][    T1] usbserial: USB Serial support registered for ZyXEL - omni.net usb
[   17.941167][    T1] usbcore: registered new interface driver opticon
[   17.942178][    T1] usbserial: USB Serial support registered for opticon
[   17.943336][    T1] usbcore: registered new interface driver option
[   17.944317][    T1] usbserial: USB Serial support registered for GSM modem (1-port)
[   17.945598][    T1] usbcore: registered new interface driver oti6858
[   17.946582][    T1] usbserial: USB Serial support registered for oti6858
[   17.947745][    T1] usbcore: registered new interface driver pl2303
[   17.948723][    T1] usbserial: USB Serial support registered for pl2303
[   17.949874][    T1] usbcore: registered new interface driver qcaux
[   17.950841][    T1] usbserial: USB Serial support registered for qcaux
[   17.952010][    T1] usbcore: registered new interface driver qcserial
[   17.953024][    T1] usbserial: USB Serial support registered for Qualcomm USB modem
[   17.954454][    T1] usbcore: registered new interface driver quatech2
[   17.955452][    T1] usbserial: USB Serial support registered for Quatech 2nd gen USB to Serial Driver
[   17.956932][    T1] usbcore: registered new interface driver safe_serial
[   17.957954][    T1] usbserial: USB Serial support registered for safe_serial
[   17.959162][    T1] usbcore: registered new interface driver sierra
[   17.960136][    T1] usbserial: USB Serial support registered for Sierra USB modem
[   17.961400][    T1] usbcore: registered new interface driver usb_serial_simple
[   17.962519][    T1] usbserial: USB Serial support registered for carelink
[   17.963555][    T1] usbserial: USB Serial support registered for flashloader
[   17.964635][    T1] usbserial: USB Serial support registered for funsoft
[   17.965657][    T1] usbserial: USB Serial support registered for google
[   17.966670][    T1] usbserial: USB Serial support registered for hp4x
[   17.967663][    T1] usbserial: USB Serial support registered for kaufmann
[   17.968709][    T1] usbserial: USB Serial support registered for libtransistor
[   17.969794][    T1] usbserial: USB Serial support registered for moto_modem
[   17.970869][    T1] usbserial: USB Serial support registered for motorola_tetra
[   17.972015][    T1] usbserial: USB Serial support registered for nokia
[   17.973023][    T1] usbserial: USB Serial support registered for novatel_gps
[   17.974083][    T1] usbserial: USB Serial support registered for owon
[   17.975075][    T1] usbserial: USB Serial support registered for siemens_mpi
[   17.976137][    T1] usbserial: USB Serial support registered for suunto
[   17.977160][    T1] usbserial: USB Serial support registered for vivopay
[   17.978178][    T1] usbserial: USB Serial support registered for zio
[   17.979311][    T1] usbcore: registered new interface driver spcp8x5
[   17.980304][    T1] usbserial: USB Serial support registered for SPCP8x5
[   17.981485][    T1] usbcore: registered new interface driver ssu100
[   17.982477][    T1] usbserial: USB Serial support registered for Quatech SSU-100 USB to Serial Driver
[   17.983947][    T1] usbcore: registered new interface driver symbolserial
[   17.984999][    T1] usbserial: USB Serial support registered for symbol
[   17.986169][    T1] usbcore: registered new interface driver ti_usb_3410_5052
[   17.987249][    T1] usbserial: USB Serial support registered for TI USB 3410 1 port adapter
[   17.988481][    T1] usbserial: USB Serial support registered for TI USB 5052 2 port adapter
[   17.990031][    T1] usbcore: registered new interface driver upd78f0730
[   17.991039][    T1] usbserial: USB Serial support registered for upd78f0730
[   17.992261][    T1] usbcore: registered new interface driver visor
[   17.993247][    T1] usbserial: USB Serial support registered for Handspring Visor / Palm OS
[   17.994471][    T1] usbserial: USB Serial support registered for Sony Clie 5.0
[   17.995574][    T1] usbserial: USB Serial support registered for Sony Clie 3.5
[   17.996808][    T1] usbcore: registered new interface driver wishbone_serial
[   17.997890][    T1] usbserial: USB Serial support registered for wishbone_serial
[   17.999137][    T1] usbcore: registered new interface driver whiteheat
[   18.000153][    T1] usbserial: USB Serial support registered for Connect Tech - WhiteHEAT - (prerenumeration)
[   18.001568][    T1] usbserial: USB Serial support registered for Connect Tech - WhiteHEAT
[   18.002960][    T1] usbcore: registered new interface driver xr_serial
[   18.003974][    T1] usbserial: USB Serial support registered for xr_serial
[   18.005167][    T1] usbcore: registered new interface driver xsens_mt
[   18.006165][    T1] usbserial: USB Serial support registered for xsens_mt
[   18.007499][    T1] usbcore: registered new interface driver adutux
[   18.008915][    T1] usbcore: registered new interface driver appledisplay
[   18.010242][    T1] usbcore: registered new interface driver cypress_cy7c63
[   18.011571][    T1] usbcore: registered new interface driver cytherm
[   18.012937][    T1] usbcore: registered new interface driver emi26 - firmware loader
[   18.014370][    T1] usbcore: registered new interface driver emi62 - firmware loader
[   18.016026][    T1] usbcore: registered new device driver apple-mfi-fastcharge
[   18.017417][    T1] usbcore: registered new interface driver ljca
[   18.018646][    T1] usbcore: registered new interface driver idmouse
[   18.019902][    T1] usbcore: registered new interface driver iowarrior
[   18.021188][    T1] usbcore: registered new interface driver isight_firmware
[   18.022558][    T1] usbcore: registered new interface driver usblcd
[   18.023826][    T1] usbcore: registered new interface driver ldusb
[   18.025063][    T1] usbcore: registered new interface driver legousbtower
[   18.026382][    T1] usbcore: registered new interface driver usbtest
[   18.027640][    T1] usbcore: registered new interface driver usb_ehset_test
[   18.028969][    T1] usbcore: registered new interface driver trancevibrator
[   18.030500][    T1] usbcore: registered new interface driver uss720
[   18.031296][    T1] uss720: USB Parport Cable driver for Cables using the Lucent Technologies USS720 Chip
[   18.032521][    T1] uss720: NOTE: this is a special purpose driver to allow nonstandard
[   18.033516][    T1] uss720: protocols (eg. bitbang) over USS720 usb to parallel cables
[   18.034522][    T1] uss720: If you just want to connect to a printer, use usblp instead
[   18.035988][    T1] usbcore: registered new interface driver usbsevseg
[   18.037275][    T1] usbcore: registered new interface driver yurex
[   18.039691][    T1] usbcore: registered new interface driver chaoskey
[   18.040985][    T1] usbcore: registered new interface driver sisusb
[   18.042257][    T1] usbcore: registered new interface driver lvs
[   18.043488][    T1] usbcore: registered new interface driver cxacru
[   18.044741][    T1] usbcore: registered new interface driver speedtch
[   18.046004][    T1] usbcore: registered new interface driver ueagle-atm
[   18.046894][    T1] xusbatm: malformed module parameters
[   18.050799][    T1] dummy_hcd dummy_hcd.0: USB Host+Gadget Emulator, driver 02 May 2005
[   18.053786][    T1] dummy_hcd dummy_hcd.0: Dummy host controller
[   18.057317][    T1] dummy_hcd dummy_hcd.0: new USB bus registered, assigned bus number 1
[   18.061029][    T1] usb usb1: New USB device found, idVendor=1d6b, idProduct=0002, bcdDevice= 6.16
[   18.064835][    T1] usb usb1: New USB device strings: Mfr=3, Product=2, SerialNumber=1
[   18.065818][    T1] usb usb1: Product: Dummy host controller
[   18.066520][    T1] usb usb1: Manufacturer: Linux 6.16.0-rc4-00049-gb4911fb0b060-dirty dummy_hcd
[   18.067591][    T1] usb usb1: SerialNumber: dummy_hcd.0
[   18.075811][    T1] hub 1-0:1.0: USB hub found
[   18.077036][    T1] hub 1-0:1.0: 1 port detected
[   18.090570][    T1] SPI driver max3420-udc has no spi_device_id for maxim,max3421-udc
[   18.092401][    T1] gadgetfs: USB Gadget filesystem, version 24 Aug 2004
[   18.107873][    T1] vhci_hcd vhci_hcd.0: USB/IP Virtual Host Controller
[   18.110090][    T1] vhci_hcd vhci_hcd.0: new USB bus registered, assigned bus number 2
[   18.112182][    T1] vhci_hcd: created sysfs vhci_hcd.0
[   18.114356][    T1] usb usb2: New USB device found, idVendor=1d6b, idProduct=0002, bcdDevice= 6.16
[   18.115433][    T1] usb usb2: New USB device strings: Mfr=3, Product=2, SerialNumber=1
[   18.116381][    T1] usb usb2: Product: USB/IP Virtual Host Controller
[   18.117164][    T1] usb usb2: Manufacturer: Linux 6.16.0-rc4-00049-gb4911fb0b060-dirty vhci_hcd
[   18.118279][    T1] usb usb2: SerialNumber: vhci_hcd.0
[   18.123920][    T1] hub 2-0:1.0: USB hub found
[   18.124933][    T1] hub 2-0:1.0: 8 ports detected
[   18.142074][    T1] vhci_hcd vhci_hcd.0: USB/IP Virtual Host Controller
[   18.145530][    T1] vhci_hcd vhci_hcd.0: new USB bus registered, assigned bus number 3
[   18.147123][    T1] usb usb3: We don't know the algorithms for LPM for this host, disabling LPM.
[   18.149546][    T1] usb usb3: New USB device found, idVendor=1d6b, idProduct=0003, bcdDevice= 6.16
[   18.150631][    T1] usb usb3: New USB device strings: Mfr=3, Product=2, SerialNumber=1
[   18.151587][    T1] usb usb3: Product: USB/IP Virtual Host Controller
[   18.152395][    T1] usb usb3: Manufacturer: Linux 6.16.0-rc4-00049-gb4911fb0b060-dirty vhci_hcd
[   18.153434][    T1] usb usb3: SerialNumber: vhci_hcd.0
[   18.158918][    T1] hub 3-0:1.0: USB hub found
[   18.159813][    T1] hub 3-0:1.0: 8 ports detected
[   18.178796][    T1] vhci_hcd vhci_hcd.1: USB/IP Virtual Host Controller
[   18.181055][    T1] vhci_hcd vhci_hcd.1: new USB bus registered, assigned bus number 4
[   18.183601][    T1] usb usb4: New USB device found, idVendor=1d6b, idProduct=0002, bcdDevice= 6.16
[   18.184689][    T1] usb usb4: New USB device strings: Mfr=3, Product=2, SerialNumber=1
[   18.185638][    T1] usb usb4: Product: USB/IP Virtual Host Controller
[   18.186414][    T1] usb usb4: Manufacturer: Linux 6.16.0-rc4-00049-gb4911fb0b060-dirty vhci_hcd
[   18.187468][    T1] usb usb4: SerialNumber: vhci_hcd.1
[   18.193076][    T1] hub 4-0:1.0: USB hub found
[   18.194475][    T1] hub 4-0:1.0: 8 ports detected
[   18.209186][    T1] vhci_hcd vhci_hcd.1: USB/IP Virtual Host Controller
[   18.211342][    T1] vhci_hcd vhci_hcd.1: new USB bus registered, assigned bus number 5
[   18.213375][    T1] usb usb5: We don't know the algorithms for LPM for this host, disabling LPM.
[   18.215828][    T1] usb usb5: New USB device found, idVendor=1d6b, idProduct=0003, bcdDevice= 6.16
[   18.216913][    T1] usb usb5: New USB device strings: Mfr=3, Product=2, SerialNumber=1
[   18.217862][    T1] usb usb5: Product: USB/IP Virtual Host Controller
[   18.218645][    T1] usb usb5: Manufacturer: Linux 6.16.0-rc4-00049-gb4911fb0b060-dirty vhci_hcd
[   18.219678][    T1] usb usb5: SerialNumber: vhci_hcd.1
[   18.225124][    T1] hub 5-0:1.0: USB hub found
[   18.226003][    T1] hub 5-0:1.0: 8 ports detected
[   18.243091][    T1] vhci_hcd vhci_hcd.2: USB/IP Virtual Host Controller
[   18.246335][    T1] vhci_hcd vhci_hcd.2: new USB bus registered, assigned bus number 6
[   18.248854][    T1] usb usb6: New USB device found, idVendor=1d6b, idProduct=0002, bcdDevice= 6.16
[   18.249939][    T1] usb usb6: New USB device strings: Mfr=3, Product=2, SerialNumber=1
[   18.250886][    T1] usb usb6: Product: USB/IP Virtual Host Controller
[   18.251703][    T1] usb usb6: Manufacturer: Linux 6.16.0-rc4-00049-gb4911fb0b060-dirty vhci_hcd
[   18.252751][    T1] usb usb6: SerialNumber: vhci_hcd.2
[   18.258167][    T1] hub 6-0:1.0: USB hub found
[   18.259085][    T1] hub 6-0:1.0: 8 ports detected
[   18.273744][    T1] vhci_hcd vhci_hcd.2: USB/IP Virtual Host Controller
[   18.275860][    T1] vhci_hcd vhci_hcd.2: new USB bus registered, assigned bus number 7
[   18.277407][    T1] usb usb7: We don't know the algorithms for LPM for this host, disabling LPM.
[   18.279854][    T1] usb usb7: New USB device found, idVendor=1d6b, idProduct=0003, bcdDevice= 6.16
[   18.280937][    T1] usb usb7: New USB device strings: Mfr=3, Product=2, SerialNumber=1
[   18.281932][    T1] usb usb7: Product: USB/IP Virtual Host Controller
[   18.282721][    T1] usb usb7: Manufacturer: Linux 6.16.0-rc4-00049-gb4911fb0b060-dirty vhci_hcd
[   18.283759][    T1] usb usb7: SerialNumber: vhci_hcd.2
[   18.289244][    T1] hub 7-0:1.0: USB hub found
[   18.290138][    T1] hub 7-0:1.0: 8 ports detected
[   18.308174][    T1] vhci_hcd vhci_hcd.3: USB/IP Virtual Host Controller
[   18.310347][    T1] vhci_hcd vhci_hcd.3: new USB bus registered, assigned bus number 8
[   18.312883][    T1] usb usb8: New USB device found, idVendor=1d6b, idProduct=0002, bcdDevice= 6.16
[   18.313990][    T1] usb usb8: New USB device strings: Mfr=3, Product=2, SerialNumber=1
[   18.315043][    T1] usb usb8: Product: USB/IP Virtual Host Controller
[   18.315864][    T1] usb usb8: Manufacturer: Linux 6.16.0-rc4-00049-gb4911fb0b060-dirty vhci_hcd
[   18.316999][    T1] usb usb8: SerialNumber: vhci_hcd.3
[   18.322629][    T1] hub 8-0:1.0: USB hub found
[   18.323517][    T1] hub 8-0:1.0: 8 ports detected
[   18.337618][    T1] vhci_hcd vhci_hcd.3: USB/IP Virtual Host Controller
[   18.340192][    T1] vhci_hcd vhci_hcd.3: new USB bus registered, assigned bus number 9
[   18.341784][    T1] usb usb9: We don't know the algorithms for LPM for this host, disabling LPM.
[   18.344226][    T1] usb usb9: New USB device found, idVendor=1d6b, idProduct=0003, bcdDevice= 6.16
[   18.345315][    T1] usb usb9: New USB device strings: Mfr=3, Product=2, SerialNumber=1
[   18.346369][    T1] usb usb9: Product: USB/IP Virtual Host Controller
[   18.347153][    T1] usb usb9: Manufacturer: Linux 6.16.0-rc4-00049-gb4911fb0b060-dirty vhci_hcd
[   18.348186][    T1] usb usb9: SerialNumber: vhci_hcd.3
[   18.356368][    T1] hub 9-0:1.0: USB hub found
[   18.357265][    T1] hub 9-0:1.0: 8 ports detected
[   18.375499][    T1] vhci_hcd vhci_hcd.4: USB/IP Virtual Host Controller
[   18.378006][    T1] vhci_hcd vhci_hcd.4: new USB bus registered, assigned bus number 10
[   18.380521][    T1] usb usb10: New USB device found, idVendor=1d6b, idProduct=0002, bcdDevice= 6.16
[   18.381607][    T1] usb usb10: New USB device strings: Mfr=3, Product=2, SerialNumber=1
[   18.382604][    T1] usb usb10: Product: USB/IP Virtual Host Controller
[   18.383395][    T1] usb usb10: Manufacturer: Linux 6.16.0-rc4-00049-gb4911fb0b060-dirty vhci_hcd
[   18.384437][    T1] usb usb10: SerialNumber: vhci_hcd.4
[   18.390191][    T1] hub 10-0:1.0: USB hub found
[   18.391077][    T1] hub 10-0:1.0: 8 ports detected
[   18.405214][    T1] vhci_hcd vhci_hcd.4: USB/IP Virtual Host Controller
[   18.407659][    T1] vhci_hcd vhci_hcd.4: new USB bus registered, assigned bus number 11
[   18.409264][    T1] usb usb11: We don't know the algorithms for LPM for this host, disabling LPM.
[   18.411603][    T1] usb usb11: New USB device found, idVendor=1d6b, idProduct=0003, bcdDevice= 6.16
[   18.412733][    T1] usb usb11: New USB device strings: Mfr=3, Product=2, SerialNumber=1
[   18.413694][    T1] usb usb11: Product: USB/IP Virtual Host Controller
[   18.414484][    T1] usb usb11: Manufacturer: Linux 6.16.0-rc4-00049-gb4911fb0b060-dirty vhci_hcd
[   18.415526][    T1] usb usb11: SerialNumber: vhci_hcd.4
[   18.420887][    T1] hub 11-0:1.0: USB hub found
[   18.421817][    T1] hub 11-0:1.0: 8 ports detected
[   18.439739][    T1] vhci_hcd vhci_hcd.5: USB/IP Virtual Host Controller
[   18.443363][    T1] vhci_hcd vhci_hcd.5: new USB bus registered, assigned bus number 12
[   18.445863][    T1] usb usb12: New USB device found, idVendor=1d6b, idProduct=0002, bcdDevice= 6.16
[   18.446950][    T1] usb usb12: New USB device strings: Mfr=3, Product=2, SerialNumber=1
[   18.447907][    T1] usb usb12: Product: USB/IP Virtual Host Controller
[   18.448696][    T1] usb usb12: Manufacturer: Linux 6.16.0-rc4-00049-gb4911fb0b060-dirty vhci_hcd
[   18.449733][    T1] usb usb12: SerialNumber: vhci_hcd.5
[   18.457032][    T1] hub 12-0:1.0: USB hub found
[   18.458853][    T1] hub 12-0:1.0: 8 ports detected
[   18.488545][    T1] vhci_hcd vhci_hcd.5: USB/IP Virtual Host Controller
[   18.491893][    T1] vhci_hcd vhci_hcd.5: new USB bus registered, assigned bus number 13
[   18.493722][    T1] usb usb13: We don't know the algorithms for LPM for this host, disabling LPM.
[   18.496073][    T1] usb usb13: New USB device found, idVendor=1d6b, idProduct=0003, bcdDevice= 6.16
[   18.497168][    T1] usb usb13: New USB device strings: Mfr=3, Product=2, SerialNumber=1
[   18.498168][    T1] usb usb13: Product: USB/IP Virtual Host Controller
[   18.498981][    T1] usb usb13: Manufacturer: Linux 6.16.0-rc4-00049-gb4911fb0b060-dirty vhci_hcd
[   18.500054][    T1] usb usb13: SerialNumber: vhci_hcd.5
[   18.505851][    T1] hub 13-0:1.0: USB hub found
[   18.506765][    T1] hub 13-0:1.0: 8 ports detected
[   18.523621][    T1] vhci_hcd vhci_hcd.6: USB/IP Virtual Host Controller
[   18.527211][    T1] vhci_hcd vhci_hcd.6: new USB bus registered, assigned bus number 14
[   18.529725][    T1] usb usb14: New USB device found, idVendor=1d6b, idProduct=0002, bcdDevice= 6.16
[   18.530848][    T1] usb usb14: New USB device strings: Mfr=3, Product=2, SerialNumber=1
[   18.531970][    T1] usb usb14: Product: USB/IP Virtual Host Controller
[   18.532793][    T1] usb usb14: Manufacturer: Linux 6.16.0-rc4-00049-gb4911fb0b060-dirty vhci_hcd
[   18.533874][    T1] usb usb14: SerialNumber: vhci_hcd.6
[   18.539301][    T1] hub 14-0:1.0: USB hub found
[   18.540223][    T1] hub 14-0:1.0: 8 ports detected
[   18.554916][    T1] vhci_hcd vhci_hcd.6: USB/IP Virtual Host Controller
[   18.557067][    T1] vhci_hcd vhci_hcd.6: new USB bus registered, assigned bus number 15
[   18.558619][    T1] usb usb15: We don't know the algorithms for LPM for this host, disabling LPM.
[   18.560985][    T1] usb usb15: New USB device found, idVendor=1d6b, idProduct=0003, bcdDevice= 6.16
[   18.562115][    T1] usb usb15: New USB device strings: Mfr=3, Product=2, SerialNumber=1
[   18.563082][    T1] usb usb15: Product: USB/IP Virtual Host Controller
[   18.563877][    T1] usb usb15: Manufacturer: Linux 6.16.0-rc4-00049-gb4911fb0b060-dirty vhci_hcd
[   18.564926][    T1] usb usb15: SerialNumber: vhci_hcd.6
[   18.570482][    T1] hub 15-0:1.0: USB hub found
[   18.571440][    T1] hub 15-0:1.0: 8 ports detected
[   18.589559][    T1] vhci_hcd vhci_hcd.7: USB/IP Virtual Host Controller
[   18.594201][    T1] vhci_hcd vhci_hcd.7: new USB bus registered, assigned bus number 16
[   18.596702][    T1] usb usb16: New USB device found, idVendor=1d6b, idProduct=0002, bcdDevice= 6.16
[   18.597795][    T1] usb usb16: New USB device strings: Mfr=3, Product=2, SerialNumber=1
[   18.598751][    T1] usb usb16: Product: USB/IP Virtual Host Controller
[   18.599537][    T1] usb usb16: Manufacturer: Linux 6.16.0-rc4-00049-gb4911fb0b060-dirty vhci_hcd
[   18.600588][    T1] usb usb16: SerialNumber: vhci_hcd.7
[   18.606030][    T1] hub 16-0:1.0: USB hub found
[   18.606921][    T1] hub 16-0:1.0: 8 ports detected
[   18.620767][    T1] vhci_hcd vhci_hcd.7: USB/IP Virtual Host Controller
[   18.623793][    T1] vhci_hcd vhci_hcd.7: new USB bus registered, assigned bus number 17
[   18.625367][    T1] usb usb17: We don't know the algorithms for LPM for this host, disabling LPM.
[   18.627870][    T1] usb usb17: New USB device found, idVendor=1d6b, idProduct=0003, bcdDevice= 6.16
[   18.628967][    T1] usb usb17: New USB device strings: Mfr=3, Product=2, SerialNumber=1
[   18.629938][    T1] usb usb17: Product: USB/IP Virtual Host Controller
[   18.630731][    T1] usb usb17: Manufacturer: Linux 6.16.0-rc4-00049-gb4911fb0b060-dirty vhci_hcd
[   18.631823][    T1] usb usb17: SerialNumber: vhci_hcd.7
[   18.637258][    T1] hub 17-0:1.0: USB hub found
[   18.638154][    T1] hub 17-0:1.0: 8 ports detected
[   18.654598][    T1] vhci_hcd vhci_hcd.8: USB/IP Virtual Host Controller
[   18.657871][    T1] vhci_hcd vhci_hcd.8: new USB bus registered, assigned bus number 18
[   18.660392][    T1] usb usb18: New USB device found, idVendor=1d6b, idProduct=0002, bcdDevice= 6.16
[   18.661492][    T1] usb usb18: New USB device strings: Mfr=3, Product=2, SerialNumber=1
[   18.662490][    T1] usb usb18: Product: USB/IP Virtual Host Controller
[   18.663285][    T1] usb usb18: Manufacturer: Linux 6.16.0-rc4-00049-gb4911fb0b060-dirty vhci_hcd
[   18.664343][    T1] usb usb18: SerialNumber: vhci_hcd.8
[   18.669798][    T1] hub 18-0:1.0: USB hub found
[   18.670690][    T1] hub 18-0:1.0: 8 ports detected
[   18.685456][    T1] vhci_hcd vhci_hcd.8: USB/IP Virtual Host Controller
[   18.687604][    T1] vhci_hcd vhci_hcd.8: new USB bus registered, assigned bus number 19
[   18.689179][    T1] usb usb19: We don't know the algorithms for LPM for this host, disabling LPM.
[   18.691960][    T1] usb usb19: New USB device found, idVendor=1d6b, idProduct=0003, bcdDevice= 6.16
[   18.693061][    T1] usb usb19: New USB device strings: Mfr=3, Product=2, SerialNumber=1
[   18.694027][    T1] usb usb19: Product: USB/IP Virtual Host Controller
[   18.694824][    T1] usb usb19: Manufacturer: Linux 6.16.0-rc4-00049-gb4911fb0b060-dirty vhci_hcd
[   18.695873][    T1] usb usb19: SerialNumber: vhci_hcd.8
[   18.701393][    T1] hub 19-0:1.0: USB hub found
[   18.702323][    T1] hub 19-0:1.0: 8 ports detected
[   18.719092][    T1] vhci_hcd vhci_hcd.9: USB/IP Virtual Host Controller
[   18.722664][    T1] vhci_hcd vhci_hcd.9: new USB bus registered, assigned bus number 20
[   18.728560][    T1] usb usb20: New USB device found, idVendor=1d6b, idProduct=0002, bcdDevice= 6.16
[   18.731109][    T1] usb usb20: New USB device strings: Mfr=3, Product=2, SerialNumber=1
[   18.734785][    T1] usb usb20: Product: USB/IP Virtual Host Controller
[   18.736389][    T1] usb usb20: Manufacturer: Linux 6.16.0-rc4-00049-gb4911fb0b060-dirty vhci_hcd
[   18.738578][    T1] usb usb20: SerialNumber: vhci_hcd.9
[   18.748523][    T1] hub 20-0:1.0: USB hub found
[   18.750401][    T1] hub 20-0:1.0: 8 ports detected
[   18.775043][    T1] vhci_hcd vhci_hcd.9: USB/IP Virtual Host Controller
[   18.777915][    T1] vhci_hcd vhci_hcd.9: new USB bus registered, assigned bus number 21
[   18.779507][    T1] usb usb21: We don't know the algorithms for LPM for this host, disabling LPM.
[   18.782395][    T1] usb usb21: New USB device found, idVendor=1d6b, idProduct=0003, bcdDevice= 6.16
[   18.783614][    T1] usb usb21: New USB device strings: Mfr=3, Product=2, SerialNumber=1
[   18.784673][    T1] usb usb21: Product: USB/IP Virtual Host Controller
[   18.785562][    T1] usb usb21: Manufacturer: Linux 6.16.0-rc4-00049-gb4911fb0b060-dirty vhci_hcd
[   18.786624][    T1] usb usb21: SerialNumber: vhci_hcd.9
[   18.791799][    T1] hub 21-0:1.0: USB hub found
[   18.792700][    T1] hub 21-0:1.0: 8 ports detected
[   18.811031][    T1] vhci_hcd vhci_hcd.10: USB/IP Virtual Host Controller
[   18.813317][    T1] vhci_hcd vhci_hcd.10: new USB bus registered, assigned bus number 22
[   18.815952][    T1] usb usb22: New USB device found, idVendor=1d6b, idProduct=0002, bcdDevice= 6.16
[   18.817096][    T1] usb usb22: New USB device strings: Mfr=3, Product=2, SerialNumber=1
[   18.818148][    T1] usb usb22: Product: USB/IP Virtual Host Controller
[   18.819013][    T1] usb usb22: Manufacturer: Linux 6.16.0-rc4-00049-gb4911fb0b060-dirty vhci_hcd
[   18.820111][    T1] usb usb22: SerialNumber: vhci_hcd.10
[   18.827298][    T1] hub 22-0:1.0: USB hub found
[   18.829137][    T1] hub 22-0:1.0: 8 ports detected
[   18.854139][    T1] vhci_hcd vhci_hcd.10: USB/IP Virtual Host Controller
[   18.857039][    T1] vhci_hcd vhci_hcd.10: new USB bus registered, assigned bus number 23
[   18.858596][    T1] usb usb23: We don't know the algorithms for LPM for this host, disabling LPM.
[   18.860953][    T1] usb usb23: New USB device found, idVendor=1d6b, idProduct=0003, bcdDevice= 6.16
[   18.863593][    T1] usb usb23: New USB device strings: Mfr=3, Product=2, SerialNumber=1
[   18.864560][    T1] usb usb23: Product: USB/IP Virtual Host Controller
[   18.865348][    T1] usb usb23: Manufacturer: Linux 6.16.0-rc4-00049-gb4911fb0b060-dirty vhci_hcd
[   18.866394][    T1] usb usb23: SerialNumber: vhci_hcd.10
[   18.872227][    T1] hub 23-0:1.0: USB hub found
[   18.873154][    T1] hub 23-0:1.0: 8 ports detected
[   18.891286][    T1] vhci_hcd vhci_hcd.11: USB/IP Virtual Host Controller
[   18.893503][    T1] vhci_hcd vhci_hcd.11: new USB bus registered, assigned bus number 24
[   18.896023][    T1] usb usb24: New USB device found, idVendor=1d6b, idProduct=0002, bcdDevice= 6.16
[   18.897124][    T1] usb usb24: New USB device strings: Mfr=3, Product=2, SerialNumber=1
[   18.898092][    T1] usb usb24: Product: USB/IP Virtual Host Controller
[   18.898885][    T1] usb usb24: Manufacturer: Linux 6.16.0-rc4-00049-gb4911fb0b060-dirty vhci_hcd
[   18.899941][    T1] usb usb24: SerialNumber: vhci_hcd.11
[   18.906004][    T1] hub 24-0:1.0: USB hub found
[   18.906894][    T1] hub 24-0:1.0: 8 ports detected
[   18.921571][    T1] vhci_hcd vhci_hcd.11: USB/IP Virtual Host Controller
[   18.924433][    T1] vhci_hcd vhci_hcd.11: new USB bus registered, assigned bus number 25
[   18.926024][    T1] usb usb25: We don't know the algorithms for LPM for this host, disabling LPM.
[   18.928396][    T1] usb usb25: New USB device found, idVendor=1d6b, idProduct=0003, bcdDevice= 6.16
[   18.929489][    T1] usb usb25: New USB device strings: Mfr=3, Product=2, SerialNumber=1
[   18.930459][    T1] usb usb25: Product: USB/IP Virtual Host Controller
[   18.931252][    T1] usb usb25: Manufacturer: Linux 6.16.0-rc4-00049-gb4911fb0b060-dirty vhci_hcd
[   18.932351][    T1] usb usb25: SerialNumber: vhci_hcd.11
[   18.937818][    T1] hub 25-0:1.0: USB hub found
[   18.938717][    T1] hub 25-0:1.0: 8 ports detected
[   18.955199][    T1] vhci_hcd vhci_hcd.12: USB/IP Virtual Host Controller
[   18.958347][    T1] vhci_hcd vhci_hcd.12: new USB bus registered, assigned bus number 26
[   18.960839][    T1] usb usb26: New USB device found, idVendor=1d6b, idProduct=0002, bcdDevice= 6.16
[   18.961965][    T1] usb usb26: New USB device strings: Mfr=3, Product=2, SerialNumber=1
[   18.962924][    T1] usb usb26: Product: USB/IP Virtual Host Controller
[   18.963710][    T1] usb usb26: Manufacturer: Linux 6.16.0-rc4-00049-gb4911fb0b060-dirty vhci_hcd
[   18.964778][    T1] usb usb26: SerialNumber: vhci_hcd.12
[   18.970206][    T1] hub 26-0:1.0: USB hub found
[   18.971103][    T1] hub 26-0:1.0: 8 ports detected
[   18.985749][    T1] vhci_hcd vhci_hcd.12: USB/IP Virtual Host Controller
[   18.987893][    T1] vhci_hcd vhci_hcd.12: new USB bus registered, assigned bus number 27
[   18.989465][    T1] usb usb27: We don't know the algorithms for LPM for this host, disabling LPM.
[   18.991859][    T1] usb usb27: New USB device found, idVendor=1d6b, idProduct=0003, bcdDevice= 6.16
[   18.992951][    T1] usb usb27: New USB device strings: Mfr=3, Product=2, SerialNumber=1
[   18.993915][    T1] usb usb27: Product: USB/IP Virtual Host Controller
[   18.994701][    T1] usb usb27: Manufacturer: Linux 6.16.0-rc4-00049-gb4911fb0b060-dirty vhci_hcd
[   18.995745][    T1] usb usb27: SerialNumber: vhci_hcd.12
[   19.001187][    T1] hub 27-0:1.0: USB hub found
[   19.002198][    T1] hub 27-0:1.0: 8 ports detected
[   19.020566][    T1] vhci_hcd vhci_hcd.13: USB/IP Virtual Host Controller
[   19.022595][    T1] vhci_hcd vhci_hcd.13: new USB bus registered, assigned bus number 28
[   19.025102][    T1] usb usb28: New USB device found, idVendor=1d6b, idProduct=0002, bcdDevice= 6.16
[   19.026189][    T1] usb usb28: New USB device strings: Mfr=3, Product=2, SerialNumber=1
[   19.027146][    T1] usb usb28: Product: USB/IP Virtual Host Controller
[   19.027932][    T1] usb usb28: Manufacturer: Linux 6.16.0-rc4-00049-gb4911fb0b060-dirty vhci_hcd
[   19.028980][    T1] usb usb28: SerialNumber: vhci_hcd.13
[   19.033963][    T1] hub 28-0:1.0: USB hub found
[   19.034850][    T1] hub 28-0:1.0: 8 ports detected
[   19.048898][    T1] vhci_hcd vhci_hcd.13: USB/IP Virtual Host Controller
[   19.051876][    T1] vhci_hcd vhci_hcd.13: new USB bus registered, assigned bus number 29
[   19.053456][    T1] usb usb29: We don't know the algorithms for LPM for this host, disabling LPM.
[   19.055820][    T1] usb usb29: New USB device found, idVendor=1d6b, idProduct=0003, bcdDevice= 6.16
[   19.056921][    T1] usb usb29: New USB device strings: Mfr=3, Product=2, SerialNumber=1
[   19.057884][    T1] usb usb29: Product: USB/IP Virtual Host Controller
[   19.058670][    T1] usb usb29: Manufacturer: Linux 6.16.0-rc4-00049-gb4911fb0b060-dirty vhci_hcd
[   19.059722][    T1] usb usb29: SerialNumber: vhci_hcd.13
[   19.066306][    T1] hub 29-0:1.0: USB hub found
[   19.067232][    T1] hub 29-0:1.0: 8 ports detected
[   19.085443][    T1] vhci_hcd vhci_hcd.14: USB/IP Virtual Host Controller
[   19.087697][    T1] vhci_hcd vhci_hcd.14: new USB bus registered, assigned bus number 30
[   19.090238][    T1] usb usb30: New USB device found, idVendor=1d6b, idProduct=0002, bcdDevice= 6.16
[   19.091382][    T1] usb usb30: New USB device strings: Mfr=3, Product=2, SerialNumber=1
[   19.092452][    T1] usb usb30: Product: USB/IP Virtual Host Controller
[   19.093284][    T1] usb usb30: Manufacturer: Linux 6.16.0-rc4-00049-gb4911fb0b060-dirty vhci_hcd
[   19.094370][    T1] usb usb30: SerialNumber: vhci_hcd.14
[   19.100060][    T1] hub 30-0:1.0: USB hub found
[   19.100985][    T1] hub 30-0:1.0: 8 ports detected
[   19.115785][    T1] vhci_hcd vhci_hcd.14: USB/IP Virtual Host Controller
[   19.118255][    T1] vhci_hcd vhci_hcd.14: new USB bus registered, assigned bus number 31
[   19.119874][    T1] usb usb31: We don't know the algorithms for LPM for this host, disabling LPM.
[   19.122356][    T1] usb usb31: New USB device found, idVendor=1d6b, idProduct=0003, bcdDevice= 6.16
[   19.123521][    T1] usb usb31: New USB device strings: Mfr=3, Product=2, SerialNumber=1
[   19.124531][    T1] usb usb31: Product: USB/IP Virtual Host Controller
[   19.125326][    T1] usb usb31: Manufacturer: Linux 6.16.0-rc4-00049-gb4911fb0b060-dirty vhci_hcd
[   19.126392][    T1] usb usb31: SerialNumber: vhci_hcd.14
[   19.131982][    T1] hub 31-0:1.0: USB hub found
[   19.132910][    T1] hub 31-0:1.0: 8 ports detected
[   19.149347][    T1] vhci_hcd vhci_hcd.15: USB/IP Virtual Host Controller
[   19.152087][    T1] vhci_hcd vhci_hcd.15: new USB bus registered, assigned bus number 32
[   19.157222][    T1] usb usb32: New USB device found, idVendor=1d6b, idProduct=0002, bcdDevice= 6.16
[   19.159818][    T1] usb usb32: New USB device strings: Mfr=3, Product=2, SerialNumber=1
[   19.165638][    T1] usb usb32: Product: USB/IP Virtual Host Controller
[   19.167605][    T1] usb usb32: Manufacturer: Linux 6.16.0-rc4-00049-gb4911fb0b060-dirty vhci_hcd
[   19.170096][    T1] usb usb32: SerialNumber: vhci_hcd.15
[   19.180308][    T1] hub 32-0:1.0: USB hub found
[   19.187037][    T1] hub 32-0:1.0: 8 ports detected
[   19.207538][    T1] vhci_hcd vhci_hcd.15: USB/IP Virtual Host Controller
[   19.210507][    T1] vhci_hcd vhci_hcd.15: new USB bus registered, assigned bus number 33
[   19.212162][    T1] usb usb33: We don't know the algorithms for LPM for this host, disabling LPM.
[   19.214560][    T1] usb usb33: New USB device found, idVendor=1d6b, idProduct=0003, bcdDevice= 6.16
[   19.215656][    T1] usb usb33: New USB device strings: Mfr=3, Product=2, SerialNumber=1
[   19.216630][    T1] usb usb33: Product: USB/IP Virtual Host Controller
[   19.217424][    T1] usb usb33: Manufacturer: Linux 6.16.0-rc4-00049-gb4911fb0b060-dirty vhci_hcd
[   19.218496][    T1] usb usb33: SerialNumber: vhci_hcd.15
[   19.224018][    T1] hub 33-0:1.0: USB hub found
[   19.224942][    T1] hub 33-0:1.0: 8 ports detected
[   19.245251][    T1] usbcore: registered new device driver usbip-host
[   19.259500][    T1] i8042: PNP: PS/2 Controller [PNP0303:KBD,PNP0f13:MOU] at 0x60,0x64 irq 1,12
[   19.268402][    T1] serio: i8042 KBD port at 0x60,0x64 irq 1
[   19.270814][    T1] serio: i8042 AUX port at 0x60,0x64 irq 12
[   19.275541][    T1] mousedev: PS/2 mouse device common for all mice
[   19.278490][    T1] usbcore: registered new interface driver appletouch
[   19.279974][    T1] usbcore: registered new interface driver bcm5974
[   19.284720][   T10] input: AT Translated Set 2 keyboard as /devices/platform/i8042/serio0/input/input1
[   19.288006][    T1] usbcore: registered new interface driver synaptics_usb
[   19.290902][    T1] usbcore: registered new interface driver iforce
[   19.292649][    T1] usbcore: registered new interface driver pxrc
[   19.294344][    T1] usbcore: registered new interface driver xpad
[   19.296009][    T1] usbcore: registered new interface driver usb_acecad
[   19.297387][    T1] usbcore: registered new interface driver aiptek
[   19.298709][    T1] usbcore: registered new interface driver hanwang
[   19.300059][    T1] usbcore: registered new interface driver kbtab
[   19.301447][    T1] usbcore: registered new interface driver pegasus_notetaker
[   19.305419][    T1] usbcore: registered new interface driver usbtouchscreen
[   19.306819][    T1] usbcore: registered new interface driver sur40
[   19.308128][    T1] usbcore: registered new interface driver ati_remote2
[   19.308961][    T1] cm109: Keymap for Komunikate KIP1000 phone loaded
[   19.310304][    T1] usbcore: registered new interface driver cm109
[   19.311066][    T1] cm109: CM109 phone driver: 20080805 (C) Alfred E. Heggestad
[   19.312524][    T1] usbcore: registered new interface driver ims_pcu
[   19.313862][    T1] usbcore: registered new interface driver keyspan_remote
[   19.315245][    T1] usbcore: registered new interface driver powermate
[   19.317281][    T1] usbcore: registered new interface driver yealink
[   19.321050][    T1] rtc_cmos 00:05: RTC can wake from S4
[   19.330352][    T1] rtc_cmos 00:05: registered as rtc0
[   19.331091][    T1] rtc_cmos 00:05: alarms up to one day, y3k, 242 bytes nvram, hpet irqs
[   19.335693][    T1] i2c_dev: i2c /dev entries driver
[   19.337860][    T1] usbcore: registered new interface driver i2c-diolan-u2c
[   19.339977][    T1] usbcore: registered new interface driver i2c-cp2615
[   19.341376][    T1] usbcore: registered new interface driver RobotFuzz Open Source InterFace, OSIF
[   19.343171][    T1] usbcore: registered new interface driver i2c-tiny-usb
[   19.349018][    T1] usbcore: registered new interface driver igorplugusb
[   19.350800][    T1] usbcore: registered new interface driver iguanair
[   19.354989][    T1] usbcore: registered new interface driver imon
[   19.356324][    T1] usbcore: registered new interface driver imon_raw
[   19.357960][    T1] usbcore: registered new interface driver mceusb
[   19.359296][    T1] usbcore: registered new interface driver redrat3
[   19.360644][    T1] usbcore: registered new interface driver streamzap
[   19.362159][    T1] usbcore: registered new interface driver ir_toy
[   19.363507][    T1] usbcore: registered new interface driver ttusbir
[   19.364882][    T1] usbcore: registered new interface driver ati_remote
[   19.366251][    T1] usbcore: registered new interface driver xbox_remote
[   19.368045][    T1] b2c2-flexcop: B2C2 FlexcopII/II(b)/III digital TV receiver chip loaded successfully
[   19.369942][    T1] usbcore: registered new interface driver b2c2_flexcop_usb
[   19.371389][    T1] usbcore: registered new interface driver dvb_usb_vp7045
[   19.374187][    T1] usbcore: registered new interface driver dvb_usb_vp702x
[   19.375614][    T1] usbcore: registered new interface driver dvb_usb_gp8psk
[   19.377581][    T1] usbcore: registered new interface driver dvb_usb_dtt200u
[   19.379390][    T1] usbcore: registered new interface driver dvb_usb_a800
[   19.381340][    T1] usbcore: registered new interface driver dvb_usb_dibusb_mb
[   19.384646][    T1] usbcore: registered new interface driver dvb_usb_dibusb_mc
[   19.386536][    T1] usbcore: registered new interface driver dvb_usb_nova_t_usb2
[   19.388439][    T1] usbcore: registered new interface driver dvb_usb_umt_010
[   19.390182][    T1] usbcore: registered new interface driver dvb_usb_m920x
[   19.392107][    T1] usbcore: registered new interface driver dvb_usb_digitv
[   19.394007][    T1] usbcore: registered new interface driver dvb_usb_cxusb
[   19.395585][    T1] usbcore: registered new interface driver dvb_usb_ttusb2
[   19.397458][    T1] usbcore: registered new interface driver dvb_usb_dib0700
[   19.399023][    T1] usbcore: registered new interface driver opera1
[   19.400552][    T1] usbcore: registered new interface driver dvb_usb_af9005
[   19.401544][    T1] failing symbol_get of non-GPLONLY symbol af9005_rc_decode.
[   19.404463][    T1] failing symbol_get of non-GPLONLY symbol af9005_rc_decode.
[   19.405499][    T1] failing symbol_get of non-GPLONLY symbol rc_map_af9005_table.
[   19.407167][    T1] failing symbol_get of non-GPLONLY symbol rc_map_af9005_table.
[   19.408226][    T1] failing symbol_get of non-GPLONLY symbol rc_map_af9005_table_size.
[   19.410044][    T1] failing symbol_get of non-GPLONLY symbol rc_map_af9005_table_size.
[   19.411161][    T1] af9005: af9005_rc_decode function not found, disabling remote
[   19.412877][    T1] usbcore: registered new interface driver pctv452e
[   19.414453][    T1] usbcore: registered new interface driver dw2102
[   19.415910][    T1] usbcore: registered new interface driver dvb_usb_dtv5100
[   19.417470][    T1] usbcore: registered new interface driver cinergyT2
[   19.418987][    T1] usbcore: registered new interface driver dvb_usb_az6027
[   19.420554][    T1] usbcore: registered new interface driver dvb_usb_technisat_usb2
[   19.423504][    T1] usbcore: registered new interface driver dvb_usb_af9015
[   19.425159][    T1] usbcore: registered new interface driver dvb_usb_af9035
[   19.426666][    T1] usbcore: registered new interface driver dvb_usb_anysee
[   19.428177][    T1] usbcore: registered new interface driver dvb_usb_au6610
[   19.429696][    T1] usbcore: registered new interface driver dvb_usb_az6007
[   19.431190][    T1] usbcore: registered new interface driver dvb_usb_ce6230
[   19.432783][    T1] usbcore: registered new interface driver dvb_usb_ec168
[   19.434308][    T1] usbcore: registered new interface driver dvb_usb_lmedm04
[   19.435834][    T1] usbcore: registered new interface driver dvb_usb_gl861
[   19.437467][    T1] usbcore: registered new interface driver dvb_usb_mxl111sf
[   19.439130][    T1] usbcore: registered new interface driver dvb_usb_rtl28xxu
[   19.440719][    T1] usbcore: registered new interface driver dvb_usb_dvbsky
[   19.442259][    T1] usbcore: registered new interface driver zd1301
[   19.443711][    T1] usbcore: registered new interface driver s2255
[   19.445354][    T1] usbcore: registered new interface driver smsusb
[   19.446823][    T1] usbcore: registered new interface driver ttusb
[   19.448277][    T1] usbcore: registered new interface driver ttusb-dec
[   19.449801][    T1] usbcore: registered new interface driver Abilis Systems as10x usb driver
[   19.451566][    T1] usbcore: registered new interface driver airspy
[   19.452515][    T1] gspca_main: v2.14.0 registered
[   19.453792][    T1] usbcore: registered new interface driver benq
[   19.455109][    T1] usbcore: registered new interface driver conex
[   19.456407][    T1] usbcore: registered new interface driver cpia1
[   19.457723][    T1] usbcore: registered new interface driver dtcs033
[   19.459055][    T1] usbcore: registered new interface driver etoms
[   19.460434][    T1] usbcore: registered new interface driver finepix
[   19.461813][    T1] usbcore: registered new interface driver jeilinj
[   19.463140][    T1] usbcore: registered new interface driver jl2005bcd
[   19.464470][    T1] usbcore: registered new interface driver kinect
[   19.465778][    T1] usbcore: registered new interface driver konica
[   19.467079][    T1] usbcore: registered new interface driver mars
[   19.468572][    T1] usbcore: registered new interface driver mr97310a
[   19.469989][    T1] usbcore: registered new interface driver nw80x
[   19.471375][    T1] usbcore: registered new interface driver ov519
[   19.473431][    T1] usbcore: registered new interface driver ov534
[   19.474751][    T1] usbcore: registered new interface driver ov534_9
[   19.477058][    T1] usbcore: registered new interface driver pac207
[   19.478765][    T1] usbcore: registered new interface driver gspca_pac7302
[   19.480457][    T1] usbcore: registered new interface driver pac7311
[   19.482198][    T1] usbcore: registered new interface driver se401
[   19.483782][    T1] usbcore: registered new interface driver sn9c2028
[   19.485597][    T1] usbcore: registered new interface driver gspca_sn9c20x
[   19.487345][    T1] usbcore: registered new interface driver sonixb
[   19.489074][    T1] usbcore: registered new interface driver sonixj
[   19.490729][    T1] usbcore: registered new interface driver spca500
[   19.492448][    T1] usbcore: registered new interface driver spca501
[   19.494055][    T1] usbcore: registered new interface driver spca505
[   19.495677][    T1] usbcore: registered new interface driver spca506
[   19.497301][    T1] usbcore: registered new interface driver spca508
[   19.498948][    T1] usbcore: registered new interface driver spca561
[   19.500563][    T1] usbcore: registered new interface driver spca1528
[   19.502204][    T1] usbcore: registered new interface driver sq905
[   19.503841][    T1] usbcore: registered new interface driver sq905c
[   19.505448][    T1] usbcore: registered new interface driver sq930x
[   19.507236][    T1] usbcore: registered new interface driver sunplus
[   19.508880][    T1] usbcore: registered new interface driver stk014
[   19.510562][    T1] usbcore: registered new interface driver stk1135
[   19.512222][    T1] usbcore: registered new interface driver stv0680
[   19.513899][    T1] usbcore: registered new interface driver t613
[   19.515593][    T1] usbcore: registered new interface driver gspca_topro
[   19.517280][    T1] usbcore: registered new interface driver touptek
[   19.518902][    T1] usbcore: registered new interface driver tv8532
[   19.520525][    T1] usbcore: registered new interface driver vc032x
[   19.522183][    T1] usbcore: registered new interface driver vicam
[   19.523953][    T1] usbcore: registered new interface driver xirlink-cit
[   19.525797][    T1] usbcore: registered new interface driver gspca_zc3xx
[   19.527435][    T1] usbcore: registered new interface driver ALi m5602
[   19.529096][    T1] usbcore: registered new interface driver STV06xx
[   19.530693][    T1] usbcore: registered new interface driver gspca_gl860
[   19.532577][    T1] usbcore: registered new interface driver hackrf
[   19.535131][    T1] usbcore: registered new interface driver msi2500
[   19.536580][    T1] usbcore: registered new interface driver Philips webcam
[   19.538360][    T1] usbcore: registered new interface driver uvcvideo
[   19.539203][    T1] au0828: au0828 driver loaded
[   19.540439][    T1] usbcore: registered new interface driver au0828
[   19.542010][    T1] usbcore: registered new interface driver cx231xx
[   19.543821][    T1] usbcore: registered new interface driver em28xx
[   19.544783][    T1] em28xx: Registered (Em28xx v4l2 Extension) extension
[   19.546295][    T1] em28xx: Registered (Em28xx Audio Extension) extension
[   19.547814][    T1] em28xx: Registered (Em28xx dvb Extension) extension
[   19.549195][    T1] em28xx: Registered (Em28xx Input Extension) extension
[   19.550708][    T1] usbcore: registered new interface driver go7007
[   19.552091][    T1] usbcore: registered new interface driver go7007-loader
[   19.553700][    T1] usbcore: registered new interface driver hdpvr
[   19.555963][    T1] usbcore: registered new interface driver pvrusb2
[   19.556742][    T1] pvrusb2: V4L in-tree version:Hauppauge WinTV-PVR-USB2 MPEG2 Encoder/Tuner
[   19.557748][    T1] pvrusb2: Debug mask is 31 (0x1f)
[   19.558901][    T1] usbcore: registered new interface driver stk1160
[   19.560245][    T1] usbcore: registered new interface driver usbtv
[   19.564893][    T1] dvbdev: DVB: registering new adapter (dvb_vidtv_bridge)
[   19.569848][    T1] i2c i2c-0: DVB: registering adapter 0 frontend 0 (Dummy demod for DVB-T/T2/C/S/S2)...
[   19.571360][    T1] dvbdev: dvb_create_media_entity: media entity 'Dummy demod for DVB-T/T2/C/S/S2' registered.
[   19.582629][    T1] dvbdev: dvb_create_media_entity: media entity 'dvb-demux' registered.
[   19.592952][    T1] vidtv vidtv.0: Successfully initialized vidtv!
[   19.596318][    T1] vicodec vicodec.0: Device 'stateful-encoder' registered as /dev/video0
[   19.598342][    T1] vicodec vicodec.0: Device 'stateful-decoder' registered as /dev/video1
[   19.600324][    T1] vicodec vicodec.0: Device 'stateless-decoder' registered as /dev/video2
[   19.605989][    T1] vim2m vim2m.0: Device registered as /dev/video3
[   19.637915][    T1] vivid-000: using single planar format API
[   19.658675][    T1] vivid-000: CEC adapter cec0 registered for HDMI input
[   19.660753][    T1] vivid-000: V4L2 capture device registered as video7
[   19.662568][    T1] vivid-000: CEC adapter cec1 registered for HDMI output 0
[   19.664455][    T1] vivid-000: V4L2 output device registered as video8
[   19.666264][    T1] vivid-000: V4L2 capture device registered as vbi0, supports raw and sliced VBI
[   19.668328][    T1] vivid-000: V4L2 output device registered as vbi1, supports raw and sliced VBI
[   19.670390][    T1] vivid-000: V4L2 capture device registered as swradio0
[   19.672169][    T1] vivid-000: V4L2 receiver device registered as radio0
[   19.674907][    T1] vivid-000: V4L2 transmitter device registered as radio1
[   19.676746][    T1] vivid-000: V4L2 metadata capture device registered as video9
[   19.678795][    T1] vivid-000: V4L2 metadata output device registered as video10
[   19.680689][    T1] vivid-000: V4L2 touch capture device registered as v4l-touch0
[   19.684562][    T1] usbcore: registered new interface driver radioshark2
[   19.685933][    T1] usbcore: registered new interface driver radioshark
[   19.687297][    T1] usbcore: registered new interface driver radio-si470x
[   19.688878][    T1] usbcore: registered new interface driver radio-usb-si4713
[   19.690313][    T1] usbcore: registered new interface driver dsbr100
[   19.691666][    T1] usbcore: registered new interface driver radio-keene
[   19.693033][    T1] usbcore: registered new interface driver radio-ma901
[   19.694396][    T1] usbcore: registered new interface driver radio-mr800
[   19.695767][    T1] usbcore: registered new interface driver radio-raremono
[   19.699034][    T1] usbcore: registered new interface driver powerz
[   19.700351][    T1] usbcore: registered new interface driver pcwd_usb
[   19.703950][    T1] device-mapper: core: CONFIG_IMA_DISABLE_HTABLE is disabled. Duplicate IMA measurements will not be recorded in the IMA log.
[   19.705537][    T1] device-mapper: uevent: version 1.0.3
[   19.707454][    T1] device-mapper: ioctl: 4.50.0-ioctl (2025-04-28) initialised: dm-devel@lists.linux.dev
[   19.710151][    T1] device-mapper: multipath round-robin: version 1.2.0 loaded
[   19.711033][    T1] device-mapper: multipath queue-length: version 0.2.0 loaded
[   19.711944][    T1] device-mapper: multipath service-time: version 0.3.0 loaded
[   19.714235][    T1] Bluetooth: HCI UART driver ver 2.3
[   19.714870][    T1] Bluetooth: HCI UART protocol H4 registered
[   19.715580][    T1] Bluetooth: HCI UART protocol BCSP registered
[   19.716772][    T1] Bluetooth: HCI UART protocol LL registered
[   19.717687][    T1] Bluetooth: HCI UART protocol Three-wire (H5) registered
[   19.718723][    T1] Bluetooth: HCI UART protocol QCA registered
[   19.719440][    T1] Bluetooth: HCI UART protocol AG6XX registered
[   19.720384][    T1] Bluetooth: HCI UART protocol Marvell registered
[   19.721921][    T1] usbcore: registered new interface driver bcm203x
[   19.723269][    T1] usbcore: registered new interface driver bpa10x
[   19.724763][    T1] usbcore: registered new interface driver bfusb
[   19.726244][    T1] usbcore: registered new interface driver btusb
[   19.726582][   T10] input: ImExPS/2 Generic Explorer Mouse as /devices/platform/i8042/serio1/input/input3
[   19.727781][    T1] usbcore: registered new interface driver ath3k
[   19.729556][    T1] Modular ISDN core version 1.1.29
[   19.733746][    T1] NET: Registered PF_ISDN protocol family
[   19.734445][    T1] DSP module 2.0
[   19.734872][    T1] mISDN_dsp: DSP clocks every 80 samples. This equals 1 jiffies.
[   19.773160][    T1] mISDN: Layer-1-over-IP driver Rev. 2.00
[   19.775440][    T1] 0 virtual devices registered
[   19.776692][    T1] usbcore: registered new interface driver HFC-S_USB
[   19.777479][    T1] amd_pstate: the _CPC object is not present in SBIOS or ACPI disabled
[   19.778485][    T1] VUB300 Driver rom wait states = 1C irqpoll timeout = 0400
[   19.781814][    T1] usbcore: registered new interface driver vub300
[   19.784082][    T1] usbcore: registered new interface driver ushc
[   19.792009][    T1] iscsi: registered transport (iser)
[   19.793960][    T1] SoftiWARP attached
[   19.807851][    T1] hid: raw HID events driver (C) Jiri Kosina
[   19.908954][    T1] usbcore: registered new interface driver usbhid
[   19.909739][    T1] usbhid: USB HID core driver
[   19.916153][    T1] usbcore: registered new interface driver es2_ap_driver
[   19.917025][    T1] comedi: version 0.7.76 - http://www.comedi.org
[   19.918552][    T1] usbcore: registered new interface driver dt9812
[   19.920569][    T1] usbcore: registered new interface driver ni6501
[   19.922658][    T1] usbcore: registered new interface driver usbdux
[   19.924250][    T1] usbcore: registered new interface driver usbduxfast
[   19.925544][    T1] usbcore: registered new interface driver usbduxsigma
[   19.926909][    T1] usbcore: registered new interface driver vmk80xx
[   19.928115][    T1] greybus: registered new driver hid
[   19.929457][    T1] greybus: registered new driver gbphy
[   19.930524][    T1] gb_gbphy: registered new driver usb
[   19.931346][    T1] asus_wmi: ASUS WMI generic driver loaded
[   19.941949][    T1] gnss: GNSS driver registered with major 493
[   19.943257][    T1] usbcore: registered new interface driver gnss-usb
[   19.944618][    T1] usbcore: registered new interface driver hdm_usb
[   20.053089][    T1] usbcore: registered new interface driver snd-usb-audio
[   20.054523][    T1] usbcore: registered new interface driver snd-ua101
[   20.055899][    T1] usbcore: registered new interface driver snd-usb-usx2y
[   20.057315][    T1] usbcore: registered new interface driver snd-usb-us122l
[   20.058754][    T1] usbcore: registered new interface driver snd-usb-caiaq
[   20.060146][    T1] usbcore: registered new interface driver snd-usb-6fire
