bash: warning: setlocale: LC_ALL: cannot change locale (en_US.UTF-8)
c[?7l[2J[0mSeaBIOS (version 1.16.2-debian-1.16.2-1)
Booting from ROM...
c[?7l[2Jearly console in extract_kernel
input_data: 0x00000000151542a3
input_len: 0x0000000006292928
output: 0x0000000001000000
output_len: 0x0000000012f00cd8
kernel_total_size: 0x000000001a428000
needed_size: 0x000000001a600000
trampoline_32bit: 0x0000000000000000

Decompressing Linux... Parsing ELF... done.
Booting the kernel (entry_offset: 0x000000000a80d474).
[    0.000000][    T0] Linux version 6.16.0-rc4-00051-g0d05a78107be-dirty (root@buildkitsandbox) (gcc (Debian 12.2.0-14+deb12u1) 12.2.0, GNU ld (GNU Binutils for Debian) 2.40) #2 SMP PREEMPT_DYNAMIC Mon May 25 15:48:03 UTC 2026
[    0.000000][    T0] Command line: console=ttyS0 oops=panic panic=86400 nokaslr earlyprintk=serial rdinit=/init
[    0.000000][    T0] KERNEL supported cpus:
[    0.000000][    T0]   Intel GenuineIntel
[    0.000000][    T0]   AMD AuthenticAMD
[    0.000000][    T0] x86 CPU feature dependency check failure: CPU0 has '18*32+31' enabled but '18*32+26' disabled. Kernel might be fine, but no guarantees.
[    0.000000][    T0] BIOS-provided physical RAM map:
[    0.000000][    T0] BIOS-e820: [mem 0x0000000000000000-0x000000000009fbff] usable
[    0.000000][    T0] BIOS-e820: [mem 0x000000000009fc00-0x000000000009ffff] reserved
[    0.000000][    T0] BIOS-e820: [mem 0x00000000000f0000-0x00000000000fffff] reserved
[    0.000000][    T0] BIOS-e820: [mem 0x0000000000100000-0x000000007ffdffff] usable
[    0.000000][    T0] BIOS-e820: [mem 0x000000007ffe0000-0x000000007fffffff] reserved
[    0.000000][    T0] BIOS-e820: [mem 0x00000000feffc000-0x00000000feffffff] reserved
[    0.000000][    T0] BIOS-e820: [mem 0x00000000fffc0000-0x00000000ffffffff] reserved
[    0.000000][    T0] BIOS-e820: [mem 0x000000fd00000000-0x000000ffffffffff] reserved
[    0.000000][    T0] printk: legacy bootconsole [earlyser0] enabled
[    0.000000][    T0] NX (Execute Disable) protection: active
[    0.000000][    T0] APIC: Static calls initialized
[    0.000000][    T0] SMBIOS 2.8 present.
[    0.000000][    T0] DMI: QEMU Standard PC (i440FX + PIIX, 1996), BIOS 1.16.2-debian-1.16.2-1 04/01/2014
[    0.000000][    T0] DMI: Memory slots populated: 1/1
[    0.000000][    T0] Hypervisor detected: KVM
[    0.000000][    T0] kvm-clock: Using msrs 4b564d01 and 4b564d00
[    0.000010][    T0] kvm-clock: using sched offset of 1809884288 cycles
[    0.004970][    T0] clocksource: kvm-clock: mask: 0xffffffffffffffff max_cycles: 0x1cd42e4dffb, max_idle_ns: 881590591483 ns
[    0.020884][    T0] tsc: Detected 3493.436 MHz processor
[    0.037192][    T0] last_pfn = 0x7ffe0 max_arch_pfn = 0x400000000
[    0.043017][    T0] MTRR map: 4 entries (3 fixed + 1 variable; max 19), built from 8 variable MTRRs
[    0.050840][    T0] x86/PAT: Configuration [0-7]: WB  WC  UC- UC  WB  WP  UC- WT  
[    0.062379][    T0] found SMP MP-table at [mem 0x000f5ba0-0x000f5baf]
[    0.068510][    T0] Using GB pages for direct mapping
[    0.075167][    T0] RAMDISK: [mem 0x7fe78000-0x7ffdffff]
[    0.078879][    T0] ACPI: Early table checksum verification disabled
[    0.083046][    T0] ACPI: RSDP 0x00000000000F59D0 000014 (v00 BOCHS )
[    0.087485][    T0] ACPI: RSDT 0x000000007FFE1B33 000034 (v01 BOCHS  BXPC     00000001 BXPC 00000001)
[    0.095093][    T0] ACPI: FACP 0x000000007FFE19DF 000074 (v01 BOCHS  BXPC     00000001 BXPC 00000001)
[    0.104016][    T0] ACPI: DSDT 0x000000007FFE0040 00199F (v01 BOCHS  BXPC     00000001 BXPC 00000001)
[    0.111701][    T0] ACPI: FACS 0x000000007FFE0000 000040
[    0.115744][    T0] ACPI: APIC 0x000000007FFE1A53 000080 (v01 BOCHS  BXPC     00000001 BXPC 00000001)
[    0.119722][    T0] ACPI: HPET 0x000000007FFE1AD3 000038 (v01 BOCHS  BXPC     00000001 BXPC 00000001)
[    0.123782][    T0] ACPI: WAET 0x000000007FFE1B0B 000028 (v01 BOCHS  BXPC     00000001 BXPC 00000001)
[    0.129759][    T0] ACPI: Reserving FACP table memory at [mem 0x7ffe19df-0x7ffe1a52]
[    0.134955][    T0] ACPI: Reserving DSDT table memory at [mem 0x7ffe0040-0x7ffe19de]
[    0.140281][    T0] ACPI: Reserving FACS table memory at [mem 0x7ffe0000-0x7ffe003f]
[    0.145478][    T0] ACPI: Reserving APIC table memory at [mem 0x7ffe1a53-0x7ffe1ad2]
[    0.150556][    T0] ACPI: Reserving HPET table memory at [mem 0x7ffe1ad3-0x7ffe1b0a]
[    0.155845][    T0] ACPI: Reserving WAET table memory at [mem 0x7ffe1b0b-0x7ffe1b32]
[    0.162360][    T0] No NUMA configuration found
[    0.163308][    T0] Faking a node at [mem 0x0000000000000000-0x000000007ffdffff]
[    0.167209][    T0] NODE_DATA(0) allocated [mem 0x7fe72080-0x7fe77c7f]
[    0.177525][    T0] Zone ranges:
[    0.180118][    T0]   DMA      [mem 0x0000000000001000-0x0000000000ffffff]
[    0.186025][    T0]   DMA32    [mem 0x0000000001000000-0x000000007ffdffff]
[    0.190864][    T0]   Normal   empty
[    0.191502][    T0]   Device   empty
[    0.192141][    T0] Movable zone start for each node
[    0.193014][    T0] Early memory node ranges
[    0.193757][    T0]   node   0: [mem 0x0000000000001000-0x000000000009efff]
[    0.196676][    T0]   node   0: [mem 0x0000000000100000-0x000000007ffdffff]
[    0.201822][    T0] Initmem setup node 0 [mem 0x0000000000001000-0x000000007ffdffff]
[    0.207938][    T0] On node 0, zone DMA: 1 pages in unavailable ranges
[    0.214696][    T0] On node 0, zone DMA: 97 pages in unavailable ranges
[    0.258180][    T0] On node 0, zone DMA32: 32 pages in unavailable ranges
[    0.319405][    T0] kasan: KernelAddressSanitizer initialized
[    0.323705][    T0] ACPI: PM-Timer IO Port: 0x608
[    0.326618][    T0] ACPI: LAPIC_NMI (acpi_id[0xff] dfl dfl lint[0x1])
[    0.330674][    T0] IOAPIC[0]: apic_id 0, version 17, address 0xfec00000, GSI 0-23
[    0.334215][    T0] ACPI: INT_SRC_OVR (bus 0 bus_irq 0 global_irq 2 dfl dfl)
[    0.335407][    T0] ACPI: INT_SRC_OVR (bus 0 bus_irq 5 global_irq 5 high level)
[    0.336602][    T0] ACPI: INT_SRC_OVR (bus 0 bus_irq 9 global_irq 9 high level)
[    0.337800][    T0] ACPI: INT_SRC_OVR (bus 0 bus_irq 10 global_irq 10 high level)
[    0.339117][    T0] ACPI: INT_SRC_OVR (bus 0 bus_irq 11 global_irq 11 high level)
[    0.344181][    T0] ACPI: Using ACPI (MADT) for SMP configuration information
[    0.349080][    T0] ACPI: HPET id: 0x8086a201 base: 0xfed00000
[    0.353075][    T0] TSC deadline timer available
[    0.356233][    T0] CPU topo: Max. logical packages:   1
[    0.359834][    T0] CPU topo: Max. logical dies:       1
[    0.363428][    T0] CPU topo: Max. dies per package:   1
[    0.367128][    T0] CPU topo: Max. threads per core:   1
[    0.370748][    T0] CPU topo: Num. cores per package:     2
[    0.374561][    T0] CPU topo: Num. threads per package:   2
[    0.378368][    T0] CPU topo: Allowing 2 present CPUs plus 0 hotplug CPUs
[    0.383076][    T0] kvm-guest: APIC: eoi() replaced with kvm_guest_apic_eoi_write()
[    0.388321][    T0] kvm-guest: KVM setup pv remote TLB flush
[    0.392172][    T0] kvm-guest: setup PV sched yield
[    0.395557][    T0] PM: hibernation: Registered nosave memory: [mem 0x00000000-0x00000fff]
[    0.401100][    T0] PM: hibernation: Registered nosave memory: [mem 0x0009f000-0x000fffff]
[    0.406666][    T0] [mem 0x80000000-0xfeffbfff] available for PCI devices
[    0.409710][    T0] Booting paravirtualized kernel on KVM
[    0.412178][    T0] clocksource: refined-jiffies: mask: 0xffffffff max_cycles: 0xffffffff, max_idle_ns: 19112604462750000 ns
[    0.481811][    T0] setup_percpu: NR_CPUS:8 nr_cpumask_bits:2 nr_cpu_ids:2 nr_node_ids:1
[    0.484478][    T0] percpu: Embedded 70 pages/cpu s247624 r8192 d30904 u1048576
[    0.485964][    T0] kvm-guest: PV spinlocks enabled
[    0.486846][    T0] PV qspinlock hash table entries: 256 (order: 0, 4096 bytes, linear)
[    0.488858][    T0] Kernel command line: console=ttyS0 oops=panic panic=86400 nokaslr earlyprintk=serial rdinit=/init
[    0.491668][    T0] random: crng init done
[    0.493306][    T0] printk: log buffer data + meta data: 262144 + 917504 = 1179648 bytes
[    0.495488][    T0] Dentry cache hash table entries: 262144 (order: 9, 2097152 bytes, linear)
[    0.501659][    T0] Inode-cache hash table entries: 131072 (order: 8, 1048576 bytes, linear)
[    0.504374][    T0] Fallback order for Node 0: 0 
[    0.504392][    T0] Built 1 zonelists, mobility grouping on.  Total pages: 524158
[    0.506715][    T0] Policy zone: DMA32
[    0.507810][    T0] mem auto-init: stack:all(zero), heap alloc:on, heap free:off
[    0.509107][    T0] stackdepot: allocating hash table via alloc_large_system_hash
[    0.510407][    T0] stackdepot hash table entries: 1048576 (order: 12, 16777216 bytes, linear)
[    0.658972][    T0] SLUB: HWalign=64, Order=0-3, MinObjects=0, CPUs=2, Nodes=1
[    0.666459][    T0] allocated 4194304 bytes of page_ext
[    0.668636][    T0] Dynamic Preempt: full
[    0.670288][    T0] Running RCU self tests
[    0.672972][    T0] Running RCU synchronous self tests
[    0.676387][    T0] rcu: Preemptible hierarchical RCU implementation.
[    0.680861][    T0] rcu: 	RCU lockdep checking is enabled.
[    0.684680][    T0] rcu: 	RCU restricting CPUs from NR_CPUS=8 to nr_cpu_ids=2.
[    0.689723][    T0] rcu: 	RCU callback double-/use-after-free debug is enabled.
[    0.694854][    T0] rcu: 	RCU debug extended QS entry/exit.
[    0.698747][    T0] 	Trampoline variant of Tasks RCU enabled.
[    0.702786][    T0] 	Tracing variant of Tasks RCU enabled.
[    0.706662][    T0] rcu: RCU calculated value of scheduler-enlistment delay is 10 jiffies.
[    0.712518][    T0] rcu: Adjusting geometry for rcu_fanout_leaf=16, nr_cpu_ids=2
[    0.717890][    T0] Running RCU synchronous self tests
[    0.721583][    T0] RCU Tasks: Setting shift to 1 and lim to 1 rcu_task_cb_adjust=1 rcu_task_cpu_ids=2.
[    0.726952][    T0] RCU Tasks Trace: Setting shift to 1 and lim to 1 rcu_task_cb_adjust=1 rcu_task_cpu_ids=2.
[    0.902672][    T0] NR_IRQS: 4352, nr_irqs: 440, preallocated irqs: 16
[    0.905071][    T0] rcu: srcu_init: Setting srcu_struct sizes based on contention.
[    0.910597][    T0] kfence: initialized - using 2097152 bytes for 255 objects at 0x(____ptrval____)-0x(____ptrval____)
[    0.923321][    T0] Console: colour VGA+ 80x25
[    0.926559][    T0] printk: legacy console [ttyS0] enabled
[    0.926559][    T0] printk: legacy console [ttyS0] enabled
[    0.929790][    T0] printk: legacy bootconsole [earlyser0] disabled
[    0.929790][    T0] printk: legacy bootconsole [earlyser0] disabled
[    0.932274][    T0] Lock dependency validator: Copyright (c) 2006 Red Hat, Inc., Ingo Molnar
[    0.933731][    T0] ... MAX_LOCKDEP_SUBCLASSES:  8
[    0.934587][    T0] ... MAX_LOCK_DEPTH:          48
[    0.935455][    T0] ... MAX_LOCKDEP_KEYS:        8192
[    0.936354][    T0] ... CLASSHASH_SIZE:          4096
[    0.937247][    T0] ... MAX_LOCKDEP_ENTRIES:     1048576
[    0.938184][    T0] ... MAX_LOCKDEP_CHAINS:      1048576
[    0.939125][    T0] ... CHAINHASH_SIZE:          524288
[    0.939994][    T0]  memory used by lock dependency info: 106625 kB
[    0.941084][    T0]  memory used for stack traces: 8320 kB
[    0.942049][    T0]  per task-struct memory footprint: 1920 bytes
[    0.943278][    T0] ACPI: Core revision 20250404
[    0.944676][    T0] clocksource: hpet: mask: 0xffffffff max_cycles: 0xffffffff, max_idle_ns: 19112604467 ns
[    0.946728][    T0] APIC: Switch to symmetric I/O mode setup
[    0.947928][    T0] x2apic enabled
[    0.948930][    T0] APIC: Switched APIC routing to: physical x2apic
[    0.949821][    T0] kvm-guest: APIC: send_IPI_mask() replaced with kvm_send_ipi_mask()
[    0.951185][    T0] kvm-guest: APIC: send_IPI_mask_allbutself() replaced with kvm_send_ipi_mask_allbutself()
[    0.952895][    T0] kvm-guest: setup PV IPIs
[    0.955721][    T0] ..TIMER: vector=0x30 apic1=0 pin1=2 apic2=-1 pin2=-1
[    0.956879][    T0] clocksource: tsc-early: mask: 0xffffffffffffffff max_cycles: 0x325b186289d, max_idle_ns: 440795326624 ns
[    0.958920][    T0] Calibrating delay loop (skipped) preset value.. 6986.87 BogoMIPS (lpj=34934360)
[    0.960605][    T0] x86/cpu: User Mode Instruction Prevention (UMIP) activated
[    0.962113][    T0] Last level iTLB entries: 4KB 512, 2MB 255, 4MB 127
[    0.963263][    T0] Last level dTLB entries: 4KB 512, 2MB 255, 4MB 127, 1GB 0
[    0.964514][    T0] Speculative Store Bypass: Mitigation: Speculative Store Bypass disabled via prctl
[    0.966270][    T0] Speculative Return Stack Overflow: IBPB-extending microcode not applied!
[    0.967744][    T0] Speculative Return Stack Overflow: WARNING: See https://kernel.org/doc/html/latest/admin-guide/hw-vuln/srso.html for mitigation options.
[    0.967757][    T0] Spectre V2 : Mitigation: Retpolines
[    0.968894][    T0] RETBleed: Mitigation: untrained return thunk
[    0.968894][    T0] Speculative Return Stack Overflow: Vulnerable: Safe RET, no microcode
[    0.968894][    T0] Spectre V1 : Mitigation: usercopy/swapgs barriers and __user pointer sanitization
[    0.968917][    T0] Spectre V2 : Spectre v2 / SpectreRSB: Filling RSB on context switch and VMEXIT
[    0.978919][    T0] Spectre V2 : Enabling Speculation Barrier for firmware calls
[    0.984185][    T0] Spectre V2 : mitigation: Enabling conditional Indirect Branch Prediction Barrier
[    0.988923][    T0] x86/bugs: return thunk changed
[    0.998975][    T0] x86/fpu: Supporting XSAVE feature 0x001: 'x87 floating point registers'
[    1.004704][    T0] x86/fpu: Supporting XSAVE feature 0x002: 'SSE registers'
[    1.008894][    T0] x86/fpu: Supporting XSAVE feature 0x004: 'AVX registers'
[    1.008894][    T0] x86/fpu: xstate_offset[2]:  576, xstate_sizes[2]:  256
[    1.008917][    T0] x86/fpu: Enabled xstate features 0x7, context size is 832 bytes, using 'compacted' format.
[    1.570796][    T0] Freeing SMP alternatives memory: 132K
[    1.574573][    T0] pid_max: default: 32768 minimum: 301
[    1.579527][    T0] LSM: initializing lsm=lockdown,capability,landlock,yama,safesetid,tomoyo,apparmor,bpf,ima,evm
[    1.588500][    T0] landlock: Up and running.
[    1.588925][    T0] Yama: becoming mindful.
[    1.593532][    T0] TOMOYO Linux initialized
[    1.601013][    T0] AppArmor: AppArmor initialized
[    1.610245][    T0] LSM support for eBPF active
[    1.612516][    T0] Mount-cache hash table entries: 4096 (order: 3, 32768 bytes, linear)
[    1.614122][    T0] Mountpoint-cache hash table entries: 4096 (order: 3, 32768 bytes, linear)
[    1.625102][    T0] Running RCU synchronous self tests
[    1.627677][    T0] Running RCU synchronous self tests
[    1.630609][    T1] smpboot: CPU0: AMD Ryzen Threadripper PRO 3975WX 32-Cores (family: 0x17, model: 0x31, stepping: 0x0)
[    1.642980][    T1] Performance Events: Fam17h+ core perfctr, AMD PMU driver.
[    1.648633][    T1] ... version:                0
[    1.648979][    T1] ... bit width:              48
[    1.651875][    T1] ... generic registers:      6
[    1.655974][    T1] ... value mask:             0000ffffffffffff
[    1.658988][    T1] ... max period:             00007fffffffffff
[    1.663447][    T1] ... fixed-purpose events:   0
[    1.667226][    T1] ... event mask:             000000000000003f
[    1.670594][    T1] signal: max sigframe size: 1776
[    1.674521][    T1] rcu: Hierarchical SRCU implementation.
[    1.677538][    T1] rcu: 	Max phase no-delay instances is 1000.
[    1.680580][    T1] Timer migration: 1 hierarchy levels; 8 children per group; 1 crossnode level
[    1.797409][    T1] smp: Bringing up secondary CPUs ...
[    1.802761][    T1] smpboot: x86: Booting SMP configuration:
[    1.805464][    T1] .... node  #0, CPUs:      #1
[    1.806163][    T1] smp: Brought up 1 node, 2 CPUs
[    1.809001][    T1] smpboot: Total of 2 processors activated (13973.74 BogoMIPS)
[    1.815642][    T1] Memory: 1282836K/2096632K available (172086K kernel code, 41620K rwdata, 39832K rodata, 27356K init, 121856K bss, 803336K reserved, 0K cma-reserved)
[    1.829076][    T1] devtmpfs: initialized
[    1.833534][    T1] x86/mm: Memory block size: 128MB
[    1.894751][    T1] Running RCU synchronous self tests
[    1.897164][    T1] Running RCU synchronous self tests
[    1.899384][    T1] Running RCU Tasks wait API self tests
[    1.909053][    T1] Running RCU Tasks Trace wait API self tests
[    1.959034][    T1] clocksource: jiffies: mask: 0xffffffff max_cycles: 0xffffffff, max_idle_ns: 19112604462750000 ns
[    1.963978][    T1] posixtimers hash table entries: 1024 (order: 4, 73728 bytes, linear)
[    1.963978][    T1] futex hash table entries: 512 (65536 bytes on 1 NUMA nodes, total 64 KiB, linear).
[    1.979409][    T1] PM: RTC time: 15:49:53, date: 2026-05-25
[    1.992281][    T1] NET: Registered PF_NETLINK/PF_ROUTE protocol family
[    2.006142][    T1] audit: initializing netlink subsys (disabled)
[    2.025641][    T1] thermal_sys: Registered thermal governor 'step_wise'
[    2.026033][   T30] audit: type=2000 audit(1779724193.993:1): state=initialized audit_enabled=0 res=1
[    2.028975][   T29] Callback from call_rcu_tasks_trace() invoked.
[    2.028975][    T1] cpuidle: using governor menu
[    2.029080][    T1] NET: Registered PF_QIPCRTR protocol family
[    2.044837][    T1] dca service started, version 1.12.1
[    2.047783][    T1] PCI: Using configuration type 1 for base access
[    2.048936][    T1] PCI: Using configuration type 1 for extended access
[    2.062561][    T1] HugeTLB: allocation took 0ms with hugepage_allocation_threads=1
[    2.068997][    T1] HugeTLB: registered 1.00 GiB page size, pre-allocated 0 pages
[    2.072064][    T1] HugeTLB: 16380 KiB vmemmap can be freed for a 1.00 GiB page
[    2.075359][    T1] HugeTLB: registered 2.00 MiB page size, pre-allocated 0 pages
[    2.078709][    T1] HugeTLB: 28 KiB vmemmap can be freed for a 2.00 MiB page
[    2.100905][    T1] raid6: skipped pq benchmark and selected avx2x4
[    2.103808][    T1] raid6: using avx2x2 recovery algorithm
[    2.112195][    T1] ACPI: Added _OSI(Module Device)
[    2.114432][    T1] ACPI: Added _OSI(Processor Device)
[    2.116586][    T1] ACPI: Added _OSI(Processor Aggregator Device)
[    2.139125][   T28] Callback from call_rcu_tasks() invoked.
[    2.269234][    T1] ACPI: 1 ACPI AML tables successfully acquired and loaded
[    2.341641][    T1] ACPI: Interpreter enabled
[    2.348894][    T1] ACPI: PM: (supports S0 S3 S4 S5)
[    2.351276][    T1] ACPI: Using IOAPIC for interrupt routing
[    2.354630][    T1] PCI: Using host bridge windows from ACPI; if necessary, use "pci=nocrs" and report a bug
[    2.358935][    T1] PCI: Using E820 reservations for host bridge windows
[    2.370816][    T1] ACPI: Enabled 2 GPEs in block 00 to 0F
[    2.693398][    T1] ACPI: PCI Root Bridge [PCI0] (domain 0000 [bus 00-ff])
[    2.696995][    T1] acpi PNP0A03:00: _OSC: OS supports [ExtendedConfig ASPM ClockPM Segments MSI HPX-Type3]
[    2.706160][    T1] PCI host bridge to bus 0000:00
[    2.708992][    T1] pci_bus 0000:00: root bus resource [io  0x0000-0x0cf7 window]
[    2.712606][    T1] pci_bus 0000:00: root bus resource [io  0x0d00-0xffff window]
[    2.716009][    T1] pci_bus 0000:00: root bus resource [mem 0x000a0000-0x000bffff window]
[    2.718984][    T1] pci_bus 0000:00: root bus resource [mem 0x80000000-0xfebfffff window]
[    2.722513][    T1] pci_bus 0000:00: root bus resource [mem 0x100000000-0x17fffffff window]
[    2.726226][    T1] pci_bus 0000:00: root bus resource [bus 00-ff]
[    2.729745][    T1] pci 0000:00:00.0: [8086:1237] type 00 class 0x060000 conventional PCI endpoint
[    2.836375][    T1] pci 0000:00:01.0: [8086:7000] type 00 class 0x060100 conventional PCI endpoint
[    2.941126][    T1] pci 0000:00:01.1: [8086:7010] type 00 class 0x010180 conventional PCI endpoint
[    2.946249][    T1] pci 0000:00:01.1: BAR 4 [io  0xc000-0xc00f]
[    2.949015][    T1] pci 0000:00:01.1: BAR 0 [io  0x01f0-0x01f7]: legacy IDE quirk
[    2.952687][    T1] pci 0000:00:01.1: BAR 1 [io  0x03f6]: legacy IDE quirk
[    2.955911][    T1] pci 0000:00:01.1: BAR 2 [io  0x0170-0x0177]: legacy IDE quirk
[    2.958943][    T1] pci 0000:00:01.1: BAR 3 [io  0x0376]: legacy IDE quirk
[    2.965179][    T1] pci 0000:00:01.3: [8086:7113] type 00 class 0x068000 conventional PCI endpoint
[    2.969725][    T1] pci 0000:00:01.3: quirk: [io  0x0600-0x063f] claimed by PIIX4 ACPI
[    2.973266][    T1] pci 0000:00:01.3: quirk: [io  0x0700-0x070f] claimed by PIIX4 SMB
[    2.979729][    T1] pci 0000:00:02.0: [1234:1111] type 00 class 0x030000 conventional PCI endpoint
[    2.986591][    T1] pci 0000:00:02.0: BAR 0 [mem 0xfd000000-0xfdffffff pref]
[    2.988974][    T1] pci 0000:00:02.0: BAR 2 [mem 0xfebf0000-0xfebf0fff]
[    2.992157][    T1] pci 0000:00:02.0: ROM [mem 0xfebe0000-0xfebeffff pref]
[    2.996337][    T1] pci 0000:00:02.0: Video device with shadowed ROM at [mem 0x000c0000-0x000dffff]
[    3.129255][    T1] ACPI: PCI: Interrupt link LNKA configured for IRQ 10
[    3.142500][    T1] ACPI: PCI: Interrupt link LNKB configured for IRQ 10
[    3.155107][    T1] ACPI: PCI: Interrupt link LNKC configured for IRQ 11
[    3.167943][    T1] ACPI: PCI: Interrupt link LNKD configured for IRQ 11
[    3.172780][    T1] ACPI: PCI: Interrupt link LNKS configured for IRQ 9
[    3.204154][    T1] iommu: Default domain type: Translated
[    3.206863][    T1] iommu: DMA domain TLB invalidation policy: lazy mode
[    3.220776][    T1] SCSI subsystem initialized
[    3.227046][    T1] ACPI: bus type USB registered
[    3.230484][    T1] usbcore: registered new interface driver usbfs
[    3.234426][    T1] usbcore: registered new interface driver hub
[    3.238011][    T1] usbcore: registered new device driver usb
[    3.242860][    T1] mc: Linux media interface: v0.10
[    3.246006][    T1] videodev: Linux video capture interface: v2.00
[    3.250580][    T1] pps_core: LinuxPPS API ver. 1 registered
[    3.253450][    T1] pps_core: Software ver. 5.3.6 - Copyright 2005-2007 Rodolfo Giometti <giometti@linux.it>
[    3.258581][    T1] PTP clock support registered
[    3.260827][    T1] EDAC MC: Ver: 3.0.0
[    3.272987][    T1] Advanced Linux Sound Architecture Driver Initialized.
[    3.287768][    T1] Bluetooth: Core ver 2.22
[    3.289257][    T1] NET: Registered PF_BLUETOOTH protocol family
[    3.292110][    T1] Bluetooth: HCI device and connection manager initialized
[    3.295467][    T1] Bluetooth: HCI socket layer initialized
[    3.298232][    T1] Bluetooth: L2CAP socket layer initialized
[    3.299117][    T1] Bluetooth: SCO socket layer initialized
[    3.301995][    T1] NET: Registered PF_ATMPVC protocol family
[    3.304757][    T1] NET: Registered PF_ATMSVC protocol family
[    3.308143][    T1] NetLabel: Initializing
[    3.308932][    T1] NetLabel:  domain hash size = 128
[    3.311372][    T1] NetLabel:  protocols = UNLABELED CIPSOv4 CALIPSO
[    3.315357][    T1] NetLabel:  unlabeled traffic allowed by default
[    3.321801][    T1] nfc: nfc_init: NFC Core ver 0.1
[    3.323756][    T1] NET: Registered PF_NFC protocol family
[    3.325107][    T1] mctp: management component transport protocol core
[    3.329294][    T1] NET: Registered PF_MCTP protocol family
[    3.331182][    T1] PCI: Using ACPI for IRQ routing
[    3.334493][    T1] pci 0000:00:02.0: vgaarb: setting as boot VGA device
[    3.334493][    T1] pci 0000:00:02.0: vgaarb: bridge control possible
[    3.334493][    T1] pci 0000:00:02.0: vgaarb: VGA device added: decodes=io+mem,owns=io+mem,locks=none
[    3.338933][    T1] vgaarb: loaded
[    3.342324][    T1] hpet0: at MMIO 0xfed00000, IRQs 2, 8, 0
[    3.344952][    T1] hpet0: 3 comparators, 64-bit 100.000000 MHz counter
[    3.350044][    T1] clocksource: Switched to clocksource kvm-clock
[    3.363379][    T1] VFS: Disk quotas dquot_6.6.0
[    3.365778][    T1] VFS: Dquot-cache hash table entries: 512 (order 0, 4096 bytes)
[    3.385441][    T1] netfs: FS-Cache loaded
[    3.389670][    T1] CacheFiles: Loaded
[    3.392294][    T1] TOMOYO: 2.6.0
[    3.393778][    T1] Mandatory Access Control activated.
[    3.402372][    T1] AppArmor: AppArmor Filesystem Enabled
[    3.405707][    T1] pnp: PnP ACPI init
[    3.433098][    T1] pnp: PnP ACPI: found 6 devices
[    3.531090][    T1] clocksource: acpi_pm: mask: 0xffffff max_cycles: 0xffffff, max_idle_ns: 2085701024 ns
[    3.537309][    T1] NET: Registered PF_INET protocol family
[    3.540494][    T1] IP idents hash table entries: 32768 (order: 6, 262144 bytes, linear)
[    3.558382][    T1] tcp_listen_portaddr_hash hash table entries: 1024 (order: 4, 73728 bytes, linear)
[    3.562292][    T1] Table-perturb hash table entries: 65536 (order: 6, 262144 bytes, linear)
[    3.564701][    T1] TCP established hash table entries: 16384 (order: 5, 131072 bytes, linear)
[    3.570356][    T1] TCP bind hash table entries: 16384 (order: 9, 2359296 bytes, linear)
[    3.574708][    T1] TCP: Hash tables configured (established 16384 bind 16384)
[    3.579379][    T1] MPTCP token hash table entries: 2048 (order: 5, 180224 bytes, linear)
[    3.582393][    T1] UDP hash table entries: 1024 (order: 6, 262144 bytes, linear)
[    3.586017][    T1] UDP-Lite hash table entries: 1024 (order: 6, 262144 bytes, linear)
[    3.590632][    T1] NET: Registered PF_UNIX/PF_LOCAL protocol family
[    3.597472][    T1] RPC: Registered named UNIX socket transport module.
[    3.600877][    T1] RPC: Registered udp transport module.
[    3.603200][    T1] RPC: Registered tcp transport module.
[    3.605779][    T1] RPC: Registered tcp-with-tls transport module.
[    3.608903][    T1] RPC: Registered tcp NFSv4.1 backchannel transport module.
[    3.619661][    T1] NET: Registered PF_XDP protocol family
[    3.622494][    T1] pci_bus 0000:00: resource 4 [io  0x0000-0x0cf7 window]
[    3.625681][    T1] pci_bus 0000:00: resource 5 [io  0x0d00-0xffff window]
[    3.629161][    T1] pci_bus 0000:00: resource 6 [mem 0x000a0000-0x000bffff window]
[    3.632433][    T1] pci_bus 0000:00: resource 7 [mem 0x80000000-0xfebfffff window]
[    3.636248][    T1] pci_bus 0000:00: resource 8 [mem 0x100000000-0x17fffffff window]
[    3.642295][    T1] pci 0000:00:01.0: PIIX3: Enabling Passive Release
[    3.645578][    T1] pci 0000:00:00.0: Limiting direct PCI/PCI transfers
[    3.649291][    T1] PCI: CLS 0 bytes, default 64
[    3.652050][    T1] ACPI: bus type thunderbolt registered
[    3.659647][    T1] kvm_intel: VMX not supported by CPU 0
[    3.662707][    T1] kvm_amd: Nested Virtualization enabled
[    3.665392][    T1] kvm_amd: Nested Paging enabled
[    3.673983][   T13] Trying to unpack rootfs image as initramfs...
[    3.703800][    T1] clocksource: tsc: mask: 0xffffffffffffffff max_cycles: 0x325b186289d, max_idle_ns: 440795326624 ns
[    4.147395][   T13] Freeing initrd memory: 1440K
[    4.151673][   T66] kworker/u8:4 (66) used greatest stack depth: 28968 bytes left
[    4.158901][   T65] kworker/u8:4 (65) used greatest stack depth: 28920 bytes left
[    4.163076][   T75] kworker/u8:3 (75) used greatest stack depth: 28856 bytes left
[    4.168939][   T76] kworker/u8:3 (76) used greatest stack depth: 27144 bytes left
[   20.866640][    T1] Initialise system trusted keyrings
[   20.871500][    T1] workingset: timestamp_bits=40 max_order=19 bucket_order=0
[   20.884320][    T1] DLM installed
[   20.891137][    T1] squashfs: version 4.0 (2009/01/31) Phillip Lougher
[   20.904227][    T1] NFS: Registering the id_resolver key type
[   20.907107][    T1] Key type id_resolver registered
[   20.911281][    T1] Key type id_legacy registered
[   20.913760][    T1] nfs4filelayout_init: NFSv4 File Layout Driver Registering...
[   20.917340][    T1] nfs4flexfilelayout_init: NFSv4 Flexfile Layout Driver Registering...
[   20.946804][    T1] Key type cifs.spnego registered
[   20.949867][    T1] Key type cifs.idmap registered
[   20.955716][    T1] ntfs3: Enabled Linux POSIX ACLs support
[   20.958316][    T1] ntfs3: Read-only LZX/Xpress compression included
[   20.961547][    T1] efs: 1.0a - http://aeschi.ch.eu.org/efs/
[   20.964137][    T1] jffs2: version 2.2. (NAND) (SUMMARY)  © 2001-2006 Red Hat, Inc.
[   20.969169][    T1] romfs: ROMFS MTD (C) 2007 Red Hat, Inc.
[   20.971810][    T1] QNX4 filesystem 0.2.3 registered.
[   20.974109][    T1] qnx6: QNX6 filesystem 1.0.0 registered.
[   20.977862][    T1] fuse: init (API version 7.44)
[   20.984181][    T1] orangefs_debugfs_init: called with debug mask: :none: :0:
[   20.989306][    T1] orangefs_init: module version upstream loaded
[   20.992957][    T1] JFS: nTxBlock = 8192, nTxLock = 65536
[   21.013148][    T1] SGI XFS with ACLs, security attributes, realtime, quota, no debug enabled
[   21.020594][    T1] 9p: Installing v9fs 9p2000 file system support
[   21.024264][    T1] NILFS version 2 loaded
[   21.026130][    T1] befs: version: 0.9.3
[   21.029604][    T1] ocfs2: Registered cluster interface o2cb
[   21.035076][    T1] ocfs2: Registered cluster interface user
[   21.040596][    T1] OCFS2 User DLM kernel interface loaded
[   21.081381][    T1] gfs2: GFS2 installed
[   21.097547][    T1] ceph: loaded (mds proto 32)
[   21.115197][    T1] cryptd: max_cpu_qlen set to 1000
[   21.186763][    T1] NET: Registered PF_ALG protocol family
[   21.190261][    T1] xor: automatically using best checksumming function   avx       
[   21.194090][    T1] async_tx: api initialized (async)
[   21.196515][    T1] Key type asymmetric registered
[   21.199032][    T1] Asymmetric key parser 'x509' registered
[   21.201841][    T1] Asymmetric key parser 'pkcs8' registered
[   21.204698][    T1] Key type pkcs7_test registered
[   21.207869][    T1] Block layer SCSI generic (bsg) driver version 0.4 loaded (major 238)
[   21.214045][    T1] io scheduler mq-deadline registered
[   21.215229][    T1] io scheduler kyber registered
[   21.216544][    T1] io scheduler bfq registered
[   21.235589][    T1] input: Power Button as /devices/LNXSYSTM:00/LNXPWRBN:00/input/input0
[   21.244918][    T1] ACPI: button: Power Button [PWRF]
[   21.275096][    T1] ioatdma: Intel(R) QuickData Technology Driver 5.00
[   21.968905][    T1] N_HDLC line discipline registered with maxframe=4096
[   21.972498][    T1] Serial: 8250/16550 driver, 4 ports, IRQ sharing enabled
[   21.984086][    T1] 00:04: ttyS0 at I/O 0x3f8 (irq = 4, base_baud = 115200) is a 16550A
[   22.049047][    T1] Non-volatile memory driver v1.3
[   22.051880][    T1] Linux agpgart interface v0.103
[   22.059505][    T1] usbcore: registered new interface driver xillyusb
[   22.072018][    T1] ACPI: bus type drm_connector registered
[   22.086535][    T1] [drm] Initialized vgem 1.0.0 for vgem on minor 0
[   22.106468][    T1] [drm] Initialized vkms 1.0.0 for vkms on minor 1
[   22.203985][    T1] Console: switching to colour frame buffer device 128x48
[   22.224592][    T1] platform vkms: [drm] fb0: vkmsdrmfb frame buffer device
[   22.229167][    T1] usbcore: registered new interface driver udl
[   22.235305][    T1] bochs-drm 0000:00:02.0: vgaarb: deactivate vga console
[   22.243776][    T1] [drm] Found bochs VGA, ID 0xb0c5.
[   22.246364][    T1] [drm] Framebuffer size 16384 kB @ 0xfd000000, mmio @ 0xfebf0000.
[   22.258066][    T1] [drm] Initialized bochs-drm 1.0.0 for 0000:00:02.0 on minor 2
[   22.306013][    T1] fbcon: bochs-drmdrmfb (fb1) is primary device
[   22.306050][    T1] fbcon: Remapping primary device, fb1, to tty 1-63
[   24.425800][    T1] bochs-drm 0000:00:02.0: [drm] fb1: bochs-drmdrmfb frame buffer device
[   24.434842][    T1] usbcore: registered new interface driver gm12u320
[   24.439002][    T1] usbcore: registered new interface driver gud
[   24.612139][    T1] brd: module loaded
[   24.815911][    T1] loop: module loaded
[   25.195297][    T1] zram: Added device: zram0
[   25.217293][    T1] null_blk: disk nullb0 created
[   25.219464][    T1] null_blk: module loaded
[   25.223834][    T1] Guest personality initialized and is inactive
[   25.233020][    T1] VMCI host device registered (name=vmci, major=10, minor=265)
[   25.236562][    T1] Initialized host personality
[   25.239959][    T1] usbcore: registered new interface driver rtsx_usb
[   25.246856][    T1] usbcore: registered new interface driver viperboard
[   25.251381][    T1] usbcore: registered new interface driver dln2
[   25.255674][    T1] usbcore: registered new interface driver pn533_usb
[   25.265912][    T1] nfcsim 0.2 initialized
[   25.269094][    T1] usbcore: registered new interface driver port100
[   25.272977][    T1] usbcore: registered new interface driver nfcmrvl
[   25.285447][    T1] Loading iSCSI transport class v2.0-870.
[   25.302446][    T1] st: Version 20160209, fixed bufsize 32768, s/g segs 256
[   25.377270][    T1] scsi host0: ata_piix
[   25.391484][    T1] scsi host1: ata_piix
[   25.396785][    T1] ata1: PATA max MWDMA2 cmd 0x1f0 ctl 0x3f6 bmdma 0xc000 irq 14 lpm-pol 0
[   25.400972][    T1] ata2: PATA max MWDMA2 cmd 0x170 ctl 0x376 bmdma 0xc008 irq 15 lpm-pol 0
[   25.416009][    T1] Rounding down aligned max_sectors from 4294967295 to 4294967288
[   25.421021][    T1] db_root: cannot open: /etc/target
[   25.425702][    T1] slram: not enough parameters.
[   25.439477][    T1] ftl_cs: FTL header not found.
[   25.517343][    T1] wireguard: WireGuard 1.0.0 loaded. See www.wireguard.com for information.
[   25.519141][    T1] wireguard: Copyright (C) 2015-2019 Jason A. Donenfeld <Jason@zx2c4.com>. All Rights Reserved.
[   25.523886][    T1] eql: Equalizer2002: Simon Janes (simon@ncm.com) and David S. Miller (davem@redhat.com)
[   25.559037][ T1009] ata2: found unknown device (class 0)
[   25.560881][    T1] MACsec IEEE 802.1AE
[   25.567848][ T1009] ata2.00: ATAPI: QEMU DVD-ROM, 2.5+, max UDMA/100
[   25.602642][    T1] usbcore: registered new interface driver mvusb_mdio
[   25.604585][    T1] tun: Universal TUN/TAP device driver, 1.6
[   25.612294][  T731] scsi 1:0:0:0: CD-ROM            QEMU     QEMU DVD-ROM     2.5+ PQ: 0 ANSI: 5
[   25.615285][    T1] vcan: Virtual CAN interface driver
[   25.617519][    T1] vxcan: Virtual CAN Tunnel driver
[   25.618513][    T1] slcan: serial line CAN interface driver
[   25.620423][    T1] CAN device driver interface
[   25.622461][    T1] usbcore: registered new interface driver usb_8dev
[   25.625482][    T1] usbcore: registered new interface driver ems_usb
[   25.628222][    T1] usbcore: registered new interface driver esd_usb
[   25.635917][    T1] usbcore: registered new interface driver etas_es58x
[   25.638165][    T1] usbcore: registered new interface driver f81604
[   25.640622][    T1] usbcore: registered new interface driver gs_usb
[   25.642919][    T1] usbcore: registered new interface driver kvaser_usb
[   25.645303][    T1] usbcore: registered new interface driver mcba_usb
[   25.647704][    T1] usbcore: registered new interface driver peak_usb
[   25.650091][    T1] usbcore: registered new interface driver ucan
[   25.653093][    T1] e100: Intel(R) PRO/100 Network Driver
[   25.654079][    T1] e100: Copyright(c) 1999-2006 Intel Corporation
[   25.656405][    T1] e1000: Intel(R) PRO/1000 Network Driver
[   25.657424][    T1] e1000: Copyright (c) 1999-2006 Intel Corporation.
[   25.659652][    T1] e1000e: Intel(R) PRO/1000 Network Driver
[   25.660680][    T1] e1000e: Copyright(c) 1999 - 2015 Intel Corporation.
[   25.665522][    T1] mkiss: AX.25 Multikiss, Hans Albas PE1AYX
[   25.668123][    T1] AX.25: bpqether driver version 004
[   25.671570][    T1] PPP generic driver version 2.4.2
[   25.676163][    T1] PPP BSD Compression module registered
[   25.678425][    T1] PPP Deflate Compression module registered
[   25.687612][    T1] PPP MPPE Compression module registered
[   25.690178][    T1] NET: Registered PF_PPPOX protocol family
[   25.692911][    T1] PPTP driver version 0.8.5
[   25.695480][    T1] SLIP: version 0.8.4-NET3.019-NEWTTY (dynamic channels, max=256) (6 bit encapsulation enabled).
[   25.700775][    T1] CSLIP: code copyright 1989 Regents of the University of California.
[   25.704359][    T1] SLIP linefill/keepalive option.
[   25.706560][    T1] hdlc: HDLC support module revision 1.22
[   25.709233][    T1] LAPB Ethernet driver version 0.02
[   25.714165][    T1] usbcore: registered new interface driver ath9k_htc
[   25.717866][    T1] usbcore: registered new interface driver carl9170
[   25.721987][  T731] sr 1:0:0:0: [sr0] scsi3-mmc drive: 4x/4x cd/rw xa/form2 tray
[   25.722032][    T1] usbcore: registered new interface driver ath6kl_usb
[   25.723466][  T731] cdrom: Uniform CD-ROM driver Revision: 3.20
[   25.728215][    T1] usbcore: registered new interface driver ar5523
[   25.733302][    T1] usbcore: registered new interface driver ath10k_usb
[   25.735774][    T1] usbcore: registered new interface driver plfxlc
[   25.737936][    T1] mac80211_hwsim: initializing netlink
[   25.806732][    T1] usbcore: registered new interface driver atusb
[   25.829641][  T731] sr 1:0:0:0: Attached scsi generic sg0 type 5
[   25.838202][    T1] mac802154_hwsim mac802154_hwsim: Added 2 mac802154 hwsim hardware radios
[   25.844455][    T1] VMware vmxnet3 virtual NIC driver - version 1.9.0.0-k-NAPI
[   25.849128][    T1] usbcore: registered new interface driver catc
[   25.851559][    T1] usbcore: registered new interface driver kaweth
[   25.852777][    T1] pegasus: Pegasus/Pegasus II USB Ethernet driver
[   25.855217][    T1] usbcore: registered new interface driver pegasus
[   25.857595][    T1] usbcore: registered new interface driver rtl8150
[   25.859837][    T1] usbcore: registered new device driver r8152-cfgselector
[   25.862826][    T1] usbcore: registered new interface driver r8152
[   25.865305][    T1] usbcore: registered new interface driver hso
[   25.867625][    T1] usbcore: registered new interface driver lan78xx
[   25.870120][    T1] usbcore: registered new interface driver asix
[   25.872464][    T1] usbcore: registered new interface driver ax88179_178a
[   25.875195][    T1] usbcore: registered new interface driver cdc_ether
[   25.877648][    T1] usbcore: registered new interface driver cdc_eem
[   25.880537][    T1] usbcore: registered new interface driver dm9601
[   25.882949][    T1] usbcore: registered new interface driver sr9700
[   25.885417][    T1] usbcore: registered new interface driver CoreChips
[   25.887916][    T1] usbcore: registered new interface driver smsc75xx
[   25.890355][    T1] usbcore: registered new interface driver smsc95xx
[   25.892767][    T1] usbcore: registered new interface driver gl620a
[   25.894938][    T1] usbcore: registered new interface driver net1080
[   25.897993][    T1] usbcore: registered new interface driver plusb
[   25.900314][    T1] usbcore: registered new interface driver rndis_host
[   25.902745][    T1] usbcore: registered new interface driver cdc_subset
[   25.905235][    T1] usbcore: registered new interface driver zaurus
[   25.907612][    T1] usbcore: registered new interface driver MOSCHIP usb-ethernet driver
[   25.909984][    T1] usbcore: registered new interface driver int51x1
[   25.911898][    T1] usbcore: registered new interface driver cdc_phonet
[   25.913782][    T1] usbcore: registered new interface driver kalmia
[   25.915576][    T1] usbcore: registered new interface driver ipheth
[   25.917303][    T1] usbcore: registered new interface driver sierra_net
[   25.919221][    T1] usbcore: registered new interface driver cx82310_eth
[   25.921128][    T1] usbcore: registered new interface driver cdc_ncm
[   25.923594][    T1] usbcore: registered new interface driver huawei_cdc_ncm
[   25.925550][    T1] usbcore: registered new interface driver lg-vl600
[   25.927478][    T1] usbcore: registered new interface driver qmi_wwan
[   25.930166][    T1] usbcore: registered new interface driver cdc_mbim
[   25.932065][    T1] usbcore: registered new interface driver ch9200
[   25.933891][    T1] usbcore: registered new interface driver aqc111
[   25.935680][    T1] usbcore: registered new interface driver r8153_ecm
[   25.945518][    T1] VFIO - User Level meta-driver version: 0.3
[   25.966214][    T1] aoe: AoE v85 initialised.
[   26.000070][    T1] usbcore: registered new interface driver cdc_acm
[   26.001191][    T1] cdc_acm: USB Abstract Control Model driver for USB modems and ISDN adapters
[   26.003799][    T1] usbcore: registered new interface driver usblp
[   26.006117][    T1] usbcore: registered new interface driver cdc_wdm
[   26.008353][    T1] usbcore: registered new interface driver usbtmc
[   26.011221][    T1] usbcore: registered new interface driver uas
[   26.014623][    T1] usbcore: registered new interface driver usb-storage
[   26.020493][    T1] usbcore: registered new interface driver ums-alauda
[   26.025326][    T1] usbcore: registered new interface driver ums-cypress
[   26.029553][    T1] usbcore: registered new interface driver ums-datafab
[   26.033739][    T1] usbcore: registered new interface driver ums_eneub6250
[   26.038058][    T1] usbcore: registered new interface driver ums-freecom
[   26.042354][    T1] usbcore: registered new interface driver ums-isd200
[   26.046460][    T1] usbcore: registered new interface driver ums-jumpshot
[   26.050715][    T1] usbcore: registered new interface driver ums-karma
[   26.054753][    T1] usbcore: registered new interface driver ums-onetouch
[   26.058965][    T1] usbcore: registered new interface driver ums-realtek
[   26.062987][    T1] usbcore: registered new interface driver ums-sddr09
[   26.067043][    T1] usbcore: registered new interface driver ums-sddr55
[   26.071304][    T1] usbcore: registered new interface driver ums-usbat
[   26.075446][    T1] usbcore: registered new interface driver mdc800
[   26.078605][    T1] mdc800: v0.7.5 (30/10/2000):USB Driver for Mustek MDC800 Digital Camera
[   26.081825][    T1] usbcore: registered new interface driver microtekX6
[   26.084940][    T1] usbcore: registered new interface driver usbserial_generic
[   26.090140][    T1] usbserial: USB Serial support registered for generic
[   26.094109][    T1] usbcore: registered new interface driver aircable
[   26.097634][    T1] usbserial: USB Serial support registered for aircable
[   26.101665][    T1] usbcore: registered new interface driver ark3116
[   26.105149][    T1] usbserial: USB Serial support registered for ark3116
[   26.110176][    T1] usbcore: registered new interface driver belkin_sa
[   26.113711][    T1] usbserial: USB Serial support registered for Belkin / Peracom / GoHubs USB Serial Adapter
[   26.118981][    T1] usbcore: registered new interface driver ch341
[   26.122980][    T1] usbserial: USB Serial support registered for ch341-uart
[   26.126947][    T1] usbcore: registered new interface driver cp210x
[   26.132689][    T1] usbserial: USB Serial support registered for cp210x
[   26.136897][    T1] usbcore: registered new interface driver cyberjack
[   26.140659][    T1] usbserial: USB Serial support registered for Reiner SCT Cyberjack USB card reader
[   26.146072][    T1] usbcore: registered new interface driver cypress_m8
[   26.151683][    T1] usbserial: USB Serial support registered for DeLorme Earthmate USB
[   26.156044][    T1] usbserial: USB Serial support registered for HID->COM RS232 Adapter
[   26.160517][    T1] usbserial: USB Serial support registered for Nokia CA-42 V2 Adapter
[   26.165784][    T1] usbcore: registered new interface driver usb_debug
[   26.169549][    T1] usbserial: USB Serial support registered for debug
[   26.173839][    T1] usbserial: USB Serial support registered for xhci_dbc
[   26.177767][    T1] usbcore: registered new interface driver digi_acceleport
[   26.181991][    T1] usbserial: USB Serial support registered for Digi 2 port USB adapter
[   26.186139][    T1] usbserial: USB Serial support registered for Digi 4 port USB adapter
[   26.189689][    T1] usbcore: registered new interface driver io_edgeport
[   26.191300][    T1] usbserial: USB Serial support registered for Edgeport 2 port adapter
[   26.193095][    T1] usbserial: USB Serial support registered for Edgeport 4 port adapter
[   26.194877][    T1] usbserial: USB Serial support registered for Edgeport 8 port adapter
[   26.196686][    T1] usbserial: USB Serial support registered for EPiC device
[   26.198497][    T1] usbcore: registered new interface driver io_ti
[   26.200924][    T1] usbserial: USB Serial support registered for Edgeport TI 1 port adapter
[   26.204910][    T1] usbserial: USB Serial support registered for Edgeport TI 2 port adapter
[   26.206871][    T1] usbcore: registered new interface driver empeg
[   26.208359][    T1] usbserial: USB Serial support registered for empeg
[   26.210325][    T1] usbcore: registered new interface driver f81534a_ctrl
[   26.212089][    T1] usbcore: registered new interface driver f81232
[   26.213423][    T1] usbserial: USB Serial support registered for f81232
[   26.214781][    T1] usbserial: USB Serial support registered for f81534a
[   26.216890][    T1] usbcore: registered new interface driver f81534
[   26.218633][    T1] usbserial: USB Serial support registered for Fintek F81532/F81534
[   26.222528][    T1] usbcore: registered new interface driver ftdi_sio
[   26.225161][    T1] usbserial: USB Serial support registered for FTDI USB Serial Device
[   26.227047][    T1] usbcore: registered new interface driver garmin_gps
[   26.228470][    T1] usbserial: USB Serial support registered for Garmin GPS usb/tty
[   26.230424][    T1] usbcore: registered new interface driver ipaq
[   26.231574][    T1] usbserial: USB Serial support registered for PocketPC PDA
[   26.233299][    T1] usbcore: registered new interface driver ipw
[   26.234584][    T1] usbserial: USB Serial support registered for IPWireless converter
[   26.236381][    T1] usbcore: registered new interface driver ir_usb
[   26.237723][    T1] usbserial: USB Serial support registered for IR Dongle
[   26.239401][    T1] usbcore: registered new interface driver iuu_phoenix
[   26.240713][    T1] usbserial: USB Serial support registered for iuu_phoenix
[   26.242542][    T1] usbcore: registered new interface driver keyspan
[   26.244060][    T1] usbserial: USB Serial support registered for Keyspan - (without firmware)
[   26.245883][    T1] usbserial: USB Serial support registered for Keyspan 1 port adapter
[   26.247621][    T1] usbserial: USB Serial support registered for Keyspan 2 port adapter
[   26.251476][    T1] usbserial: USB Serial support registered for Keyspan 4 port adapter
[   26.253502][    T1] usbcore: registered new interface driver keyspan_pda
[   26.254982][    T1] usbserial: USB Serial support registered for Keyspan PDA
[   26.256627][    T1] usbserial: USB Serial support registered for Keyspan PDA - (prerenumeration)
[   26.258809][    T1] usbcore: registered new interface driver kl5kusb105
[   26.260290][    T1] usbserial: USB Serial support registered for KL5KUSB105D / PalmConnect
[   26.262261][    T1] usbcore: registered new interface driver kobil_sct
[   26.263859][    T1] usbserial: USB Serial support registered for KOBIL USB smart card terminal
[   26.266313][    T1] usbcore: registered new interface driver mct_u232
[   26.267466][    T1] usbserial: USB Serial support registered for MCT U232
[   26.270535][    T1] usbcore: registered new interface driver metro_usb
[   26.271683][    T1] usbserial: USB Serial support registered for Metrologic USB to Serial
[   26.273335][    T1] usbcore: registered new interface driver mos7720
[   26.274629][    T1] usbserial: USB Serial support registered for Moschip 2 port adapter
[   26.276661][    T1] usbcore: registered new interface driver mos7840
[   26.277941][    T1] usbserial: USB Serial support registered for Moschip 7840/7820 USB Serial Driver
[   26.280142][    T1] usbcore: registered new interface driver mxuport
[   26.281321][    T1] usbserial: USB Serial support registered for MOXA UPort
[   26.282793][    T1] usbcore: registered new interface driver navman
[   26.284258][    T1] usbserial: USB Serial support registered for navman
[   26.285900][    T1] usbcore: registered new interface driver omninet
[   26.287268][    T1] usbserial: USB Serial support registered for ZyXEL - omni.net usb
[   26.291051][    T1] usbcore: registered new interface driver opticon
[   26.292465][    T1] usbserial: USB Serial support registered for opticon
[   26.294186][    T1] usbcore: registered new interface driver option
[   26.295435][    T1] usbserial: USB Serial support registered for GSM modem (1-port)
[   26.298156][    T1] usbcore: registered new interface driver oti6858
[   26.300263][    T1] usbserial: USB Serial support registered for oti6858
[   26.301858][    T1] usbcore: registered new interface driver pl2303
[   26.303233][    T1] usbserial: USB Serial support registered for pl2303
[   26.304829][    T1] usbcore: registered new interface driver qcaux
[   26.306127][    T1] usbserial: USB Serial support registered for qcaux
[   26.307668][    T1] usbcore: registered new interface driver qcserial
[   26.309138][    T1] usbserial: USB Serial support registered for Qualcomm USB modem
[   26.312429][    T1] usbcore: registered new interface driver quatech2
[   26.315083][    T1] usbserial: USB Serial support registered for Quatech 2nd gen USB to Serial Driver
[   26.317596][    T1] usbcore: registered new interface driver safe_serial
[   26.319621][    T1] usbserial: USB Serial support registered for safe_serial
[   26.321181][    T1] usbcore: registered new interface driver sierra
[   26.322437][    T1] usbserial: USB Serial support registered for Sierra USB modem
[   26.324096][    T1] usbcore: registered new interface driver usb_serial_simple
[   26.325494][    T1] usbserial: USB Serial support registered for carelink
[   26.326861][    T1] usbserial: USB Serial support registered for flashloader
[   26.328336][    T1] usbserial: USB Serial support registered for funsoft
[   26.329824][    T1] usbserial: USB Serial support registered for google
[   26.331251][    T1] usbserial: USB Serial support registered for hp4x
[   26.333810][    T1] usbserial: USB Serial support registered for kaufmann
[   26.337150][    T1] usbserial: USB Serial support registered for libtransistor
[   26.340693][    T1] usbserial: USB Serial support registered for moto_modem
[   26.344118][    T1] usbserial: USB Serial support registered for motorola_tetra
[   26.346645][    T1] usbserial: USB Serial support registered for nokia
[   26.348546][    T1] usbserial: USB Serial support registered for novatel_gps
[   26.352198][    T1] usbserial: USB Serial support registered for owon
[   26.355038][    T1] usbserial: USB Serial support registered for siemens_mpi
[   26.358310][    T1] usbserial: USB Serial support registered for suunto
[   26.361906][    T1] usbserial: USB Serial support registered for vivopay
[   26.364853][    T1] usbserial: USB Serial support registered for zio
[   26.367599][    T1] usbcore: registered new interface driver spcp8x5
[   26.370386][    T1] usbserial: USB Serial support registered for SPCP8x5
[   26.372721][    T1] usbcore: registered new interface driver ssu100
[   26.374091][    T1] usbserial: USB Serial support registered for Quatech SSU-100 USB to Serial Driver
[   26.376728][    T1] usbcore: registered new interface driver symbolserial
[   26.378221][    T1] usbserial: USB Serial support registered for symbol
[   26.379949][    T1] usbcore: registered new interface driver ti_usb_3410_5052
[   26.381445][    T1] usbserial: USB Serial support registered for TI USB 3410 1 port adapter
[   26.383132][    T1] usbserial: USB Serial support registered for TI USB 5052 2 port adapter
[   26.385048][    T1] usbcore: registered new interface driver upd78f0730
[   26.386511][    T1] usbserial: USB Serial support registered for upd78f0730
[   26.388273][    T1] usbcore: registered new interface driver visor
[   26.389780][    T1] usbserial: USB Serial support registered for Handspring Visor / Palm OS
[   26.392198][    T1] usbserial: USB Serial support registered for Sony Clie 5.0
[   26.394273][    T1] usbserial: USB Serial support registered for Sony Clie 3.5
[   26.397436][    T1] usbcore: registered new interface driver wishbone_serial
[   26.401265][    T1] usbserial: USB Serial support registered for wishbone_serial
[   26.405488][    T1] usbcore: registered new interface driver whiteheat
[   26.409830][    T1] usbserial: USB Serial support registered for Connect Tech - WhiteHEAT - (prerenumeration)
[   26.414819][    T1] usbserial: USB Serial support registered for Connect Tech - WhiteHEAT
[   26.420208][    T1] usbcore: registered new interface driver xr_serial
[   26.423516][    T1] usbserial: USB Serial support registered for xr_serial
[   26.427427][    T1] usbcore: registered new interface driver xsens_mt
[   26.430519][    T1] usbserial: USB Serial support registered for xsens_mt
[   26.434031][    T1] usbcore: registered new interface driver adutux
[   26.437424][    T1] usbcore: registered new interface driver appledisplay
[   26.441123][    T1] usbcore: registered new interface driver cypress_cy7c63
[   26.444980][    T1] usbcore: registered new interface driver cytherm
[   26.448473][    T1] usbcore: registered new interface driver emi26 - firmware loader
[   26.452427][    T1] usbcore: registered new interface driver emi62 - firmware loader
[   26.456140][    T1] usbcore: registered new device driver apple-mfi-fastcharge
[   26.460134][    T1] usbcore: registered new interface driver ljca
[   26.461882][    T1] usbcore: registered new interface driver idmouse
[   26.463633][    T1] usbcore: registered new interface driver iowarrior
[   26.465287][    T1] usbcore: registered new interface driver isight_firmware
[   26.467015][    T1] usbcore: registered new interface driver usblcd
[   26.469443][    T1] usbcore: registered new interface driver ldusb
[   26.471221][    T1] usbcore: registered new interface driver legousbtower
[   26.473107][    T1] usbcore: registered new interface driver usbtest
[   26.474701][    T1] usbcore: registered new interface driver usb_ehset_test
[   26.476450][    T1] usbcore: registered new interface driver trancevibrator
[   26.478182][    T1] usbcore: registered new interface driver uss720
[   26.479423][    T1] uss720: USB Parport Cable driver for Cables using the Lucent Technologies USS720 Chip
[   26.480850][    T1] uss720: NOTE: this is a special purpose driver to allow nonstandard
[   26.481969][    T1] uss720: protocols (eg. bitbang) over USS720 usb to parallel cables
[   26.483076][    T1] uss720: If you just want to connect to a printer, use usblp instead
[   26.485064][    T1] usbcore: registered new interface driver usbsevseg
[   26.486874][    T1] usbcore: registered new interface driver yurex
[   26.490387][    T1] usbcore: registered new interface driver chaoskey
[   26.492736][    T1] usbcore: registered new interface driver sisusb
[   26.494622][    T1] usbcore: registered new interface driver lvs
[   26.496495][    T1] usbcore: registered new interface driver cxacru
[   26.498340][    T1] usbcore: registered new interface driver speedtch
[   26.500480][    T1] usbcore: registered new interface driver ueagle-atm
[   26.501675][    T1] xusbatm: malformed module parameters
[   26.511304][    T1] dummy_hcd dummy_hcd.0: USB Host+Gadget Emulator, driver 02 May 2005
[   26.513035][    T1] dummy_hcd dummy_hcd.0: Dummy host controller
[   26.517018][    T1] dummy_hcd dummy_hcd.0: new USB bus registered, assigned bus number 1
[   26.526252][    T1] usb usb1: New USB device found, idVendor=1d6b, idProduct=0002, bcdDevice= 6.16
[   26.527939][    T1] usb usb1: New USB device strings: Mfr=3, Product=2, SerialNumber=1
[   26.529371][    T1] usb usb1: Product: Dummy host controller
[   26.530353][    T1] usb usb1: Manufacturer: Linux 6.16.0-rc4-00051-g0d05a78107be-dirty dummy_hcd
[   26.531844][    T1] usb usb1: SerialNumber: dummy_hcd.0
[   26.543907][    T1] hub 1-0:1.0: USB hub found
[   26.545542][    T1] hub 1-0:1.0: 1 port detected
[   26.567309][    T1] SPI driver max3420-udc has no spi_device_id for maxim,max3421-udc
[   26.574308][    T1] gadgetfs: USB Gadget filesystem, version 24 Aug 2004
[   26.583585][    T1] vhci_hcd vhci_hcd.0: USB/IP Virtual Host Controller
[   26.590481][    T1] vhci_hcd vhci_hcd.0: new USB bus registered, assigned bus number 2
[   26.597017][    T1] vhci_hcd: created sysfs vhci_hcd.0
[   26.604158][    T1] usb usb2: New USB device found, idVendor=1d6b, idProduct=0002, bcdDevice= 6.16
[   26.609496][    T1] usb usb2: New USB device strings: Mfr=3, Product=2, SerialNumber=1
[   26.613345][    T1] usb usb2: Product: USB/IP Virtual Host Controller
[   26.616419][    T1] usb usb2: Manufacturer: Linux 6.16.0-rc4-00051-g0d05a78107be-dirty vhci_hcd
[   26.620628][    T1] usb usb2: SerialNumber: vhci_hcd.0
[   26.635164][    T1] hub 2-0:1.0: USB hub found
[   26.638238][    T1] hub 2-0:1.0: 8 ports detected
[   26.664397][    T1] vhci_hcd vhci_hcd.0: USB/IP Virtual Host Controller
[   26.671735][    T1] vhci_hcd vhci_hcd.0: new USB bus registered, assigned bus number 3
[   26.674288][    T1] usb usb3: We don't know the algorithms for LPM for this host, disabling LPM.
[   26.678194][    T1] usb usb3: New USB device found, idVendor=1d6b, idProduct=0003, bcdDevice= 6.16
[   26.679934][    T1] usb usb3: New USB device strings: Mfr=3, Product=2, SerialNumber=1
[   26.681337][    T1] usb usb3: Product: USB/IP Virtual Host Controller
[   26.682480][    T1] usb usb3: Manufacturer: Linux 6.16.0-rc4-00051-g0d05a78107be-dirty vhci_hcd
[   26.684039][    T1] usb usb3: SerialNumber: vhci_hcd.0
[   26.695514][    T1] hub 3-0:1.0: USB hub found
[   26.696990][    T1] hub 3-0:1.0: 8 ports detected
[   26.726820][    T1] vhci_hcd vhci_hcd.1: USB/IP Virtual Host Controller
[   26.732331][    T1] vhci_hcd vhci_hcd.1: new USB bus registered, assigned bus number 4
[   26.738687][    T1] usb usb4: New USB device found, idVendor=1d6b, idProduct=0002, bcdDevice= 6.16
[   26.740431][    T1] usb usb4: New USB device strings: Mfr=3, Product=2, SerialNumber=1
[   26.741907][    T1] usb usb4: Product: USB/IP Virtual Host Controller
[   26.743143][    T1] usb usb4: Manufacturer: Linux 6.16.0-rc4-00051-g0d05a78107be-dirty vhci_hcd
[   26.744919][    T1] usb usb4: SerialNumber: vhci_hcd.1
[   26.753464][    T1] hub 4-0:1.0: USB hub found
[   26.754887][    T1] hub 4-0:1.0: 8 ports detected
[   26.778655][    T1] vhci_hcd vhci_hcd.1: USB/IP Virtual Host Controller
[   26.787474][    T1] vhci_hcd vhci_hcd.1: new USB bus registered, assigned bus number 5
[   26.794448][    T1] usb usb5: We don't know the algorithms for LPM for this host, disabling LPM.
[   26.804155][    T1] usb usb5: New USB device found, idVendor=1d6b, idProduct=0003, bcdDevice= 6.16
[   26.811968][    T1] usb usb5: New USB device strings: Mfr=3, Product=2, SerialNumber=1
[   26.818053][    T1] usb usb5: Product: USB/IP Virtual Host Controller
[   26.822506][    T1] usb usb5: Manufacturer: Linux 6.16.0-rc4-00051-g0d05a78107be-dirty vhci_hcd
[   26.828615][    T1] usb usb5: SerialNumber: vhci_hcd.1
[   26.839875][    T1] hub 5-0:1.0: USB hub found
[   26.843807][    T1] hub 5-0:1.0: 8 ports detected
[   26.876167][    T1] vhci_hcd vhci_hcd.2: USB/IP Virtual Host Controller
[   26.884345][    T1] vhci_hcd vhci_hcd.2: new USB bus registered, assigned bus number 6
[   26.892673][    T1] usb usb6: New USB device found, idVendor=1d6b, idProduct=0002, bcdDevice= 6.16
[   26.899605][    T1] usb usb6: New USB device strings: Mfr=3, Product=2, SerialNumber=1
[   26.905208][    T1] usb usb6: Product: USB/IP Virtual Host Controller
[   26.909988][    T1] usb usb6: Manufacturer: Linux 6.16.0-rc4-00051-g0d05a78107be-dirty vhci_hcd
[   26.916308][    T1] usb usb6: SerialNumber: vhci_hcd.2
[   26.929452][    T1] hub 6-0:1.0: USB hub found
[   26.930890][    T1] hub 6-0:1.0: 8 ports detected
[   26.955236][    T1] vhci_hcd vhci_hcd.2: USB/IP Virtual Host Controller
[   26.960882][    T1] vhci_hcd vhci_hcd.2: new USB bus registered, assigned bus number 7
[   26.967590][    T1] usb usb7: We don't know the algorithms for LPM for this host, disabling LPM.
[   26.976031][    T1] usb usb7: New USB device found, idVendor=1d6b, idProduct=0003, bcdDevice= 6.16
[   26.981271][    T1] usb usb7: New USB device strings: Mfr=3, Product=2, SerialNumber=1
[   26.985340][    T1] usb usb7: Product: USB/IP Virtual Host Controller
[   26.988571][    T1] usb usb7: Manufacturer: Linux 6.16.0-rc4-00051-g0d05a78107be-dirty vhci_hcd
[   26.993434][    T1] usb usb7: SerialNumber: vhci_hcd.2
[   27.008616][    T1] hub 7-0:1.0: USB hub found
[   27.013526][    T1] hub 7-0:1.0: 8 ports detected
[   27.042552][    T1] vhci_hcd vhci_hcd.3: USB/IP Virtual Host Controller
[   27.049521][    T1] vhci_hcd vhci_hcd.3: new USB bus registered, assigned bus number 8
[   27.055553][    T1] usb usb8: New USB device found, idVendor=1d6b, idProduct=0002, bcdDevice= 6.16
[   27.057743][    T1] usb usb8: New USB device strings: Mfr=3, Product=2, SerialNumber=1
[   27.059404][    T1] usb usb8: Product: USB/IP Virtual Host Controller
[   27.060599][    T1] usb usb8: Manufacturer: Linux 6.16.0-rc4-00051-g0d05a78107be-dirty vhci_hcd
[   27.062102][    T1] usb usb8: SerialNumber: vhci_hcd.3
[   27.071981][    T1] hub 8-0:1.0: USB hub found
[   27.073250][    T1] hub 8-0:1.0: 8 ports detected
[   27.096770][    T1] vhci_hcd vhci_hcd.3: USB/IP Virtual Host Controller
[   27.109294][    T1] vhci_hcd vhci_hcd.3: new USB bus registered, assigned bus number 9
[   27.120281][    T1] usb usb9: We don't know the algorithms for LPM for this host, disabling LPM.
[   27.126173][    T1] usb usb9: New USB device found, idVendor=1d6b, idProduct=0003, bcdDevice= 6.16
[   27.127755][    T1] usb usb9: New USB device strings: Mfr=3, Product=2, SerialNumber=1
[   27.131010][    T1] usb usb9: Product: USB/IP Virtual Host Controller
[   27.133825][    T1] usb usb9: Manufacturer: Linux 6.16.0-rc4-00051-g0d05a78107be-dirty vhci_hcd
[   27.137634][    T1] usb usb9: SerialNumber: vhci_hcd.3
[   27.146442][    T1] hub 9-0:1.0: USB hub found
[   27.149393][    T1] hub 9-0:1.0: 8 ports detected
[   27.174953][    T1] vhci_hcd vhci_hcd.4: USB/IP Virtual Host Controller
[   27.185104][    T1] vhci_hcd vhci_hcd.4: new USB bus registered, assigned bus number 10
[   27.193254][    T1] usb usb10: New USB device found, idVendor=1d6b, idProduct=0002, bcdDevice= 6.16
[   27.197738][    T1] usb usb10: New USB device strings: Mfr=3, Product=2, SerialNumber=1
[   27.201438][    T1] usb usb10: Product: USB/IP Virtual Host Controller
[   27.204125][    T1] usb usb10: Manufacturer: Linux 6.16.0-rc4-00051-g0d05a78107be-dirty vhci_hcd
[   27.208122][    T1] usb usb10: SerialNumber: vhci_hcd.4
[   27.219767][    T1] hub 10-0:1.0: USB hub found
[   27.223311][    T1] hub 10-0:1.0: 8 ports detected
[   27.253298][    T1] vhci_hcd vhci_hcd.4: USB/IP Virtual Host Controller
[   27.260932][    T1] vhci_hcd vhci_hcd.4: new USB bus registered, assigned bus number 11
[   27.263894][    T1] usb usb11: We don't know the algorithms for LPM for this host, disabling LPM.
[   27.271019][    T1] usb usb11: New USB device found, idVendor=1d6b, idProduct=0003, bcdDevice= 6.16
[   27.275660][    T1] usb usb11: New USB device strings: Mfr=3, Product=2, SerialNumber=1
[   27.279236][    T1] usb usb11: Product: USB/IP Virtual Host Controller
[   27.282111][    T1] usb usb11: Manufacturer: Linux 6.16.0-rc4-00051-g0d05a78107be-dirty vhci_hcd
[   27.286345][    T1] usb usb11: SerialNumber: vhci_hcd.4
[   27.303479][    T1] hub 11-0:1.0: USB hub found
[   27.306572][    T1] hub 11-0:1.0: 8 ports detected
[   27.338234][    T1] vhci_hcd vhci_hcd.5: USB/IP Virtual Host Controller
[   27.345212][    T1] vhci_hcd vhci_hcd.5: new USB bus registered, assigned bus number 12
[   27.353474][    T1] usb usb12: New USB device found, idVendor=1d6b, idProduct=0002, bcdDevice= 6.16
[   27.358001][    T1] usb usb12: New USB device strings: Mfr=3, Product=2, SerialNumber=1
[   27.363166][    T1] usb usb12: Product: USB/IP Virtual Host Controller
[   27.366107][    T1] usb usb12: Manufacturer: Linux 6.16.0-rc4-00051-g0d05a78107be-dirty vhci_hcd
[   27.370578][    T1] usb usb12: SerialNumber: vhci_hcd.5
[   27.382473][    T1] hub 12-0:1.0: USB hub found
[   27.385153][    T1] hub 12-0:1.0: 8 ports detected
[   27.410749][    T1] vhci_hcd vhci_hcd.5: USB/IP Virtual Host Controller
[   27.416114][    T1] vhci_hcd vhci_hcd.5: new USB bus registered, assigned bus number 13
[   27.422390][    T1] usb usb13: We don't know the algorithms for LPM for this host, disabling LPM.
[   27.428871][    T1] usb usb13: New USB device found, idVendor=1d6b, idProduct=0003, bcdDevice= 6.16
[   27.432661][    T1] usb usb13: New USB device strings: Mfr=3, Product=2, SerialNumber=1
[   27.435928][    T1] usb usb13: Product: USB/IP Virtual Host Controller
[   27.438567][    T1] usb usb13: Manufacturer: Linux 6.16.0-rc4-00051-g0d05a78107be-dirty vhci_hcd
[   27.442236][    T1] usb usb13: SerialNumber: vhci_hcd.5
[   27.450399][    T1] hub 13-0:1.0: USB hub found
[   27.451688][    T1] hub 13-0:1.0: 8 ports detected
[   27.481305][    T1] vhci_hcd vhci_hcd.6: USB/IP Virtual Host Controller
[   27.484486][    T1] vhci_hcd vhci_hcd.6: new USB bus registered, assigned bus number 14
[   27.489101][    T1] usb usb14: New USB device found, idVendor=1d6b, idProduct=0002, bcdDevice= 6.16
[   27.493170][    T1] usb usb14: New USB device strings: Mfr=3, Product=2, SerialNumber=1
[   27.496356][    T1] usb usb14: Product: USB/IP Virtual Host Controller
[   27.497726][    T1] usb usb14: Manufacturer: Linux 6.16.0-rc4-00051-g0d05a78107be-dirty vhci_hcd
[   27.500468][    T1] usb usb14: SerialNumber: vhci_hcd.6
[   27.513499][    T1] hub 14-0:1.0: USB hub found
[   27.514857][    T1] hub 14-0:1.0: 8 ports detected
[   27.536531][    T1] vhci_hcd vhci_hcd.6: USB/IP Virtual Host Controller
[   27.540071][    T1] vhci_hcd vhci_hcd.6: new USB bus registered, assigned bus number 15
[   27.544854][    T1] usb usb15: We don't know the algorithms for LPM for this host, disabling LPM.
[   27.550640][    T1] usb usb15: New USB device found, idVendor=1d6b, idProduct=0003, bcdDevice= 6.16
[   27.552264][    T1] usb usb15: New USB device strings: Mfr=3, Product=2, SerialNumber=1
[   27.553668][    T1] usb usb15: Product: USB/IP Virtual Host Controller
[   27.554813][    T1] usb usb15: Manufacturer: Linux 6.16.0-rc4-00051-g0d05a78107be-dirty vhci_hcd
[   27.557824][    T1] usb usb15: SerialNumber: vhci_hcd.6
[   27.566236][    T1] hub 15-0:1.0: USB hub found
[   27.568427][    T1] hub 15-0:1.0: 8 ports detected
[   27.598131][    T1] vhci_hcd vhci_hcd.7: USB/IP Virtual Host Controller
[   27.604107][    T1] vhci_hcd vhci_hcd.7: new USB bus registered, assigned bus number 16
[   27.612631][    T1] usb usb16: New USB device found, idVendor=1d6b, idProduct=0002, bcdDevice= 6.16
[   27.617235][    T1] usb usb16: New USB device strings: Mfr=3, Product=2, SerialNumber=1
[   27.635944][    T1] usb usb16: Product: USB/IP Virtual Host Controller
[   27.639244][    T1] usb usb16: Manufacturer: Linux 6.16.0-rc4-00051-g0d05a78107be-dirty vhci_hcd
[   27.642945][    T1] usb usb16: SerialNumber: vhci_hcd.7
[   27.654029][    T1] hub 16-0:1.0: USB hub found
[   27.656939][    T1] hub 16-0:1.0: 8 ports detected
[   27.683469][    T1] vhci_hcd vhci_hcd.7: USB/IP Virtual Host Controller
[   27.702662][    T1] vhci_hcd vhci_hcd.7: new USB bus registered, assigned bus number 17
[   27.708725][    T1] usb usb17: We don't know the algorithms for LPM for this host, disabling LPM.
[   27.715629][    T1] usb usb17: New USB device found, idVendor=1d6b, idProduct=0003, bcdDevice= 6.16
[   27.721914][    T1] usb usb17: New USB device strings: Mfr=3, Product=2, SerialNumber=1
[   27.723377][    T1] usb usb17: Product: USB/IP Virtual Host Controller
[   27.726645][    T1] usb usb17: Manufacturer: Linux 6.16.0-rc4-00051-g0d05a78107be-dirty vhci_hcd
[   27.731489][    T1] usb usb17: SerialNumber: vhci_hcd.7
[   27.744991][    T1] hub 17-0:1.0: USB hub found
[   27.746442][    T1] hub 17-0:1.0: 8 ports detected
[   27.778612][    T1] vhci_hcd vhci_hcd.8: USB/IP Virtual Host Controller
[   27.786359][    T1] vhci_hcd vhci_hcd.8: new USB bus registered, assigned bus number 18
[   27.795645][    T1] usb usb18: New USB device found, idVendor=1d6b, idProduct=0002, bcdDevice= 6.16
[   27.801655][    T1] usb usb18: New USB device strings: Mfr=3, Product=2, SerialNumber=1
[   27.805418][    T1] usb usb18: Product: USB/IP Virtual Host Controller
[   27.808349][    T1] usb usb18: Manufacturer: Linux 6.16.0-rc4-00051-g0d05a78107be-dirty vhci_hcd
[   27.813776][    T1] usb usb18: SerialNumber: vhci_hcd.8
[   27.825559][    T1] hub 18-0:1.0: USB hub found
[   27.828494][    T1] hub 18-0:1.0: 8 ports detected
[   27.856947][    T1] vhci_hcd vhci_hcd.8: USB/IP Virtual Host Controller
[   27.866680][    T1] vhci_hcd vhci_hcd.8: new USB bus registered, assigned bus number 19
[   27.872461][    T1] usb usb19: We don't know the algorithms for LPM for this host, disabling LPM.
[   27.880444][    T1] usb usb19: New USB device found, idVendor=1d6b, idProduct=0003, bcdDevice= 6.16
[   27.884783][    T1] usb usb19: New USB device strings: Mfr=3, Product=2, SerialNumber=1
[   27.889532][    T1] usb usb19: Product: USB/IP Virtual Host Controller
[   27.892489][    T1] usb usb19: Manufacturer: Linux 6.16.0-rc4-00051-g0d05a78107be-dirty vhci_hcd
[   27.896821][    T1] usb usb19: SerialNumber: vhci_hcd.8
[   27.913167][    T1] hub 19-0:1.0: USB hub found
[   27.916040][    T1] hub 19-0:1.0: 8 ports detected
[   27.964466][    T1] vhci_hcd vhci_hcd.9: USB/IP Virtual Host Controller
[   27.970218][    T1] vhci_hcd vhci_hcd.9: new USB bus registered, assigned bus number 20
[   27.976833][    T1] usb usb20: New USB device found, idVendor=1d6b, idProduct=0002, bcdDevice= 6.16
[   27.982993][    T1] usb usb20: New USB device strings: Mfr=3, Product=2, SerialNumber=1
[   27.986921][    T1] usb usb20: Product: USB/IP Virtual Host Controller
[   27.989895][    T1] usb usb20: Manufacturer: Linux 6.16.0-rc4-00051-g0d05a78107be-dirty vhci_hcd
[   27.993488][    T1] usb usb20: SerialNumber: vhci_hcd.9
[   28.002916][    T1] hub 20-0:1.0: USB hub found
[   28.005660][    T1] hub 20-0:1.0: 8 ports detected
[   28.031013][    T1] vhci_hcd vhci_hcd.9: USB/IP Virtual Host Controller
[   28.044310][    T1] vhci_hcd vhci_hcd.9: new USB bus registered, assigned bus number 21
[   28.049178][    T1] usb usb21: We don't know the algorithms for LPM for this host, disabling LPM.
[   28.055292][    T1] usb usb21: New USB device found, idVendor=1d6b, idProduct=0003, bcdDevice= 6.16
[   28.059606][    T1] usb usb21: New USB device strings: Mfr=3, Product=2, SerialNumber=1
[   28.063343][    T1] usb usb21: Product: USB/IP Virtual Host Controller
[   28.066468][    T1] usb usb21: Manufacturer: Linux 6.16.0-rc4-00051-g0d05a78107be-dirty vhci_hcd
[   28.070519][    T1] usb usb21: SerialNumber: vhci_hcd.9
[   28.083190][    T1] hub 21-0:1.0: USB hub found
[   28.085916][    T1] hub 21-0:1.0: 8 ports detected
[   28.113620][    T1] vhci_hcd vhci_hcd.10: USB/IP Virtual Host Controller
[   28.124880][    T1] vhci_hcd vhci_hcd.10: new USB bus registered, assigned bus number 22
[   28.131527][    T1] usb usb22: New USB device found, idVendor=1d6b, idProduct=0002, bcdDevice= 6.16
[   28.135649][    T1] usb usb22: New USB device strings: Mfr=3, Product=2, SerialNumber=1
[   28.139312][    T1] usb usb22: Product: USB/IP Virtual Host Controller
[   28.142825][    T1] usb usb22: Manufacturer: Linux 6.16.0-rc4-00051-g0d05a78107be-dirty vhci_hcd
[   28.146812][    T1] usb usb22: SerialNumber: vhci_hcd.10
[   28.163630][    T1] hub 22-0:1.0: USB hub found
[   28.166092][    T1] hub 22-0:1.0: 8 ports detected
[   28.206903][    T1] vhci_hcd vhci_hcd.10: USB/IP Virtual Host Controller
[   28.212812][    T1] vhci_hcd vhci_hcd.10: new USB bus registered, assigned bus number 23
[   28.218846][    T1] usb usb23: We don't know the algorithms for LPM for this host, disabling LPM.
[   28.225101][    T1] usb usb23: New USB device found, idVendor=1d6b, idProduct=0003, bcdDevice= 6.16
[   28.229374][    T1] usb usb23: New USB device strings: Mfr=3, Product=2, SerialNumber=1
[   28.233164][    T1] usb usb23: Product: USB/IP Virtual Host Controller
[   28.235948][    T1] usb usb23: Manufacturer: Linux 6.16.0-rc4-00051-g0d05a78107be-dirty vhci_hcd
[   28.237480][    T1] usb usb23: SerialNumber: vhci_hcd.10
[   28.246334][    T1] hub 23-0:1.0: USB hub found
[   28.249233][    T1] hub 23-0:1.0: 8 ports detected
[   28.281671][    T1] vhci_hcd vhci_hcd.11: USB/IP Virtual Host Controller
[   28.288651][    T1] vhci_hcd vhci_hcd.11: new USB bus registered, assigned bus number 24
[   28.294734][    T1] usb usb24: New USB device found, idVendor=1d6b, idProduct=0002, bcdDevice= 6.16
[   28.298676][    T1] usb usb24: New USB device strings: Mfr=3, Product=2, SerialNumber=1
[   28.303579][    T1] usb usb24: Product: USB/IP Virtual Host Controller
[   28.306750][    T1] usb usb24: Manufacturer: Linux 6.16.0-rc4-00051-g0d05a78107be-dirty vhci_hcd
[   28.310932][    T1] usb usb24: SerialNumber: vhci_hcd.11
[   28.323995][    T1] hub 24-0:1.0: USB hub found
[   28.326988][    T1] hub 24-0:1.0: 8 ports detected
[   28.351875][    T1] vhci_hcd vhci_hcd.11: USB/IP Virtual Host Controller
[   28.361092][    T1] vhci_hcd vhci_hcd.11: new USB bus registered, assigned bus number 25
[   28.365056][    T1] usb usb25: We don't know the algorithms for LPM for this host, disabling LPM.
[   28.368267][    T1] usb usb25: New USB device found, idVendor=1d6b, idProduct=0003, bcdDevice= 6.16
[   28.370028][    T1] usb usb25: New USB device strings: Mfr=3, Product=2, SerialNumber=1
[   28.371420][    T1] usb usb25: Product: USB/IP Virtual Host Controller
[   28.373488][    T1] usb usb25: Manufacturer: Linux 6.16.0-rc4-00051-g0d05a78107be-dirty vhci_hcd
[   28.377249][    T1] usb usb25: SerialNumber: vhci_hcd.11
[   28.385607][    T1] hub 25-0:1.0: USB hub found
[   28.388893][    T1] hub 25-0:1.0: 8 ports detected
[   28.435693][    T1] vhci_hcd vhci_hcd.12: USB/IP Virtual Host Controller
[   28.443139][    T1] vhci_hcd vhci_hcd.12: new USB bus registered, assigned bus number 26
[   28.450494][    T1] usb usb26: New USB device found, idVendor=1d6b, idProduct=0002, bcdDevice= 6.16
[   28.454999][    T1] usb usb26: New USB device strings: Mfr=3, Product=2, SerialNumber=1
[   28.459136][    T1] usb usb26: Product: USB/IP Virtual Host Controller
[   28.462479][    T1] usb usb26: Manufacturer: Linux 6.16.0-rc4-00051-g0d05a78107be-dirty vhci_hcd
[   28.466802][    T1] usb usb26: SerialNumber: vhci_hcd.12
[   28.477503][    T1] hub 26-0:1.0: USB hub found
[   28.480308][    T1] hub 26-0:1.0: 8 ports detected
[   28.505093][    T1] vhci_hcd vhci_hcd.12: USB/IP Virtual Host Controller
[   28.512097][    T1] vhci_hcd vhci_hcd.12: new USB bus registered, assigned bus number 27
[   28.516849][    T1] usb usb27: We don't know the algorithms for LPM for this host, disabling LPM.
[   28.523223][    T1] usb usb27: New USB device found, idVendor=1d6b, idProduct=0003, bcdDevice= 6.16
[   28.527312][    T1] usb usb27: New USB device strings: Mfr=3, Product=2, SerialNumber=1
[   28.531266][    T1] usb usb27: Product: USB/IP Virtual Host Controller
[   28.534302][    T1] usb usb27: Manufacturer: Linux 6.16.0-rc4-00051-g0d05a78107be-dirty vhci_hcd
[   28.538366][    T1] usb usb27: SerialNumber: vhci_hcd.12
[   28.549667][    T1] hub 27-0:1.0: USB hub found
[   28.552434][    T1] hub 27-0:1.0: 8 ports detected
[   28.583225][    T1] vhci_hcd vhci_hcd.13: USB/IP Virtual Host Controller
[   28.587633][    T1] vhci_hcd vhci_hcd.13: new USB bus registered, assigned bus number 28
[   28.594684][    T1] usb usb28: New USB device found, idVendor=1d6b, idProduct=0002, bcdDevice= 6.16
[   28.599481][    T1] usb usb28: New USB device strings: Mfr=3, Product=2, SerialNumber=1
[   28.603320][    T1] usb usb28: Product: USB/IP Virtual Host Controller
[   28.606418][    T1] usb usb28: Manufacturer: Linux 6.16.0-rc4-00051-g0d05a78107be-dirty vhci_hcd
[   28.611544][    T1] usb usb28: SerialNumber: vhci_hcd.13
[   28.621375][    T1] hub 28-0:1.0: USB hub found
[   28.624115][    T1] hub 28-0:1.0: 8 ports detected
[   28.649771][    T1] vhci_hcd vhci_hcd.13: USB/IP Virtual Host Controller
[   28.656525][    T1] vhci_hcd vhci_hcd.13: new USB bus registered, assigned bus number 29
[   28.661780][    T1] usb usb29: We don't know the algorithms for LPM for this host, disabling LPM.
[   28.668015][    T1] usb usb29: New USB device found, idVendor=1d6b, idProduct=0003, bcdDevice= 6.16
[   28.672926][    T1] usb usb29: New USB device strings: Mfr=3, Product=2, SerialNumber=1
[   28.676823][    T1] usb usb29: Product: USB/IP Virtual Host Controller
[   28.680087][    T1] usb usb29: Manufacturer: Linux 6.16.0-rc4-00051-g0d05a78107be-dirty vhci_hcd
[   28.684202][    T1] usb usb29: SerialNumber: vhci_hcd.13
[   28.695592][    T1] hub 29-0:1.0: USB hub found
[   28.698886][    T1] hub 29-0:1.0: 8 ports detected
[   28.727509][    T1] vhci_hcd vhci_hcd.14: USB/IP Virtual Host Controller
[   28.737570][    T1] vhci_hcd vhci_hcd.14: new USB bus registered, assigned bus number 30
[   28.741728][    T1] usb usb30: New USB device found, idVendor=1d6b, idProduct=0002, bcdDevice= 6.16
[   28.746193][    T1] usb usb30: New USB device strings: Mfr=3, Product=2, SerialNumber=1
[   28.750151][    T1] usb usb30: Product: USB/IP Virtual Host Controller
[   28.753345][    T1] usb usb30: Manufacturer: Linux 6.16.0-rc4-00051-g0d05a78107be-dirty vhci_hcd
[   28.757394][    T1] usb usb30: SerialNumber: vhci_hcd.14
[   28.768024][    T1] hub 30-0:1.0: USB hub found
[   28.771182][    T1] hub 30-0:1.0: 8 ports detected
[   28.796764][    T1] vhci_hcd vhci_hcd.14: USB/IP Virtual Host Controller
[   28.807397][    T1] vhci_hcd vhci_hcd.14: new USB bus registered, assigned bus number 31
[   28.812431][    T1] usb usb31: We don't know the algorithms for LPM for this host, disabling LPM.
[   28.816863][    T1] usb usb31: New USB device found, idVendor=1d6b, idProduct=0003, bcdDevice= 6.16
[   28.821277][    T1] usb usb31: New USB device strings: Mfr=3, Product=2, SerialNumber=1
[   28.825029][    T1] usb usb31: Product: USB/IP Virtual Host Controller
[   28.828245][    T1] usb usb31: Manufacturer: Linux 6.16.0-rc4-00051-g0d05a78107be-dirty vhci_hcd
[   28.832471][    T1] usb usb31: SerialNumber: vhci_hcd.14
[   28.842471][    T1] hub 31-0:1.0: USB hub found
[   28.845762][    T1] hub 31-0:1.0: 8 ports detected
[   28.876898][    T1] vhci_hcd vhci_hcd.15: USB/IP Virtual Host Controller
[   28.886418][    T1] vhci_hcd vhci_hcd.15: new USB bus registered, assigned bus number 32
[   28.897018][    T1] usb usb32: New USB device found, idVendor=1d6b, idProduct=0002, bcdDevice= 6.16
[   28.906810][    T1] usb usb32: New USB device strings: Mfr=3, Product=2, SerialNumber=1
[   28.916370][    T1] usb usb32: Product: USB/IP Virtual Host Controller
[   28.921300][    T1] usb usb32: Manufacturer: Linux 6.16.0-rc4-00051-g0d05a78107be-dirty vhci_hcd
[   28.928120][    T1] usb usb32: SerialNumber: vhci_hcd.15
[   28.946569][    T1] hub 32-0:1.0: USB hub found
[   28.951252][    T1] hub 32-0:1.0: 8 ports detected
[   28.980185][    T1] vhci_hcd vhci_hcd.15: USB/IP Virtual Host Controller
[   28.985836][    T1] vhci_hcd vhci_hcd.15: new USB bus registered, assigned bus number 33
[   28.996438][    T1] usb usb33: We don't know the algorithms for LPM for this host, disabling LPM.
[   29.002196][    T1] usb usb33: New USB device found, idVendor=1d6b, idProduct=0003, bcdDevice= 6.16
[   29.006591][    T1] usb usb33: New USB device strings: Mfr=3, Product=2, SerialNumber=1
[   29.011288][    T1] usb usb33: Product: USB/IP Virtual Host Controller
[   29.014645][    T1] usb usb33: Manufacturer: Linux 6.16.0-rc4-00051-g0d05a78107be-dirty vhci_hcd
[   29.019483][    T1] usb usb33: SerialNumber: vhci_hcd.15
[   29.035311][    T1] hub 33-0:1.0: USB hub found
[   29.040791][    T1] hub 33-0:1.0: 8 ports detected
[   29.070611][    T1] usbcore: registered new device driver usbip-host
[   29.097464][    T1] i8042: PNP: PS/2 Controller [PNP0303:KBD,PNP0f13:MOU] at 0x60,0x64 irq 1,12
[   29.109096][    T1] serio: i8042 KBD port at 0x60,0x64 irq 1
[   29.114929][    T1] serio: i8042 AUX port at 0x60,0x64 irq 12
[   29.126388][    T1] mousedev: PS/2 mouse device common for all mice
[   29.139681][    T1] usbcore: registered new interface driver appletouch
[   29.143003][  T866] input: AT Translated Set 2 keyboard as /devices/platform/i8042/serio0/input/input1
[   29.144138][    T1] usbcore: registered new interface driver bcm5974
[   29.157894][    T1] usbcore: registered new interface driver synaptics_usb
[   29.168709][    T1] usbcore: registered new interface driver iforce
[   29.172342][    T1] usbcore: registered new interface driver pxrc
[   29.179680][    T1] usbcore: registered new interface driver xpad
[   29.185248][    T1] usbcore: registered new interface driver usb_acecad
[   29.192811][    T1] usbcore: registered new interface driver aiptek
[   29.199734][    T1] usbcore: registered new interface driver hanwang
[   29.205177][    T1] usbcore: registered new interface driver kbtab
[   29.208341][    T1] usbcore: registered new interface driver pegasus_notetaker
[   29.213613][    T1] usbcore: registered new interface driver usbtouchscreen
[   29.215663][    T1] usbcore: registered new interface driver sur40
[   29.220743][    T1] usbcore: registered new interface driver ati_remote2
[   29.222685][    T1] cm109: Keymap for Komunikate KIP1000 phone loaded
[   29.225522][    T1] usbcore: registered new interface driver cm109
[   29.226625][    T1] cm109: CM109 phone driver: 20080805 (C) Alfred E. Heggestad
[   29.229451][    T1] usbcore: registered new interface driver ims_pcu
[   29.231496][    T1] usbcore: registered new interface driver keyspan_remote
[   29.234965][    T1] usbcore: registered new interface driver powermate
[   29.239905][    T1] usbcore: registered new interface driver yealink
[   29.251513][    T1] rtc_cmos 00:05: RTC can wake from S4
[   29.263771][    T1] rtc_cmos 00:05: registered as rtc0
[   29.266515][    T1] rtc_cmos 00:05: alarms up to one day, y3k, 242 bytes nvram, hpet irqs
[   29.274225][    T1] i2c_dev: i2c /dev entries driver
[   29.282505][    T1] usbcore: registered new interface driver i2c-diolan-u2c
[   29.288017][    T1] usbcore: registered new interface driver i2c-cp2615
[   29.293132][    T1] usbcore: registered new interface driver RobotFuzz Open Source InterFace, OSIF
[   29.298653][    T1] usbcore: registered new interface driver i2c-tiny-usb
[   29.309872][    T1] usbcore: registered new interface driver igorplugusb
[   29.314804][    T1] usbcore: registered new interface driver iguanair
[   29.319666][    T1] usbcore: registered new interface driver imon
[   29.323921][    T1] usbcore: registered new interface driver imon_raw
[   29.329502][    T1] usbcore: registered new interface driver mceusb
[   29.334186][    T1] usbcore: registered new interface driver redrat3
[   29.339040][    T1] usbcore: registered new interface driver streamzap
[   29.343640][    T1] usbcore: registered new interface driver ir_toy
[   29.348426][    T1] usbcore: registered new interface driver ttusbir
[   29.353900][    T1] usbcore: registered new interface driver ati_remote
[   29.360014][    T1] usbcore: registered new interface driver xbox_remote
[   29.365671][    T1] b2c2-flexcop: B2C2 FlexcopII/II(b)/III digital TV receiver chip loaded successfully
[   29.370088][    T1] usbcore: registered new interface driver b2c2_flexcop_usb
[   29.374273][    T1] usbcore: registered new interface driver dvb_usb_vp7045
[   29.378495][    T1] usbcore: registered new interface driver dvb_usb_vp702x
[   29.384594][    T1] usbcore: registered new interface driver dvb_usb_gp8psk
[   29.388918][    T1] usbcore: registered new interface driver dvb_usb_dtt200u
[   29.393091][    T1] usbcore: registered new interface driver dvb_usb_a800
[   29.397472][    T1] usbcore: registered new interface driver dvb_usb_dibusb_mb
[   29.401927][    T1] usbcore: registered new interface driver dvb_usb_dibusb_mc
[   29.406905][    T1] usbcore: registered new interface driver dvb_usb_nova_t_usb2
[   29.412409][    T1] usbcore: registered new interface driver dvb_usb_umt_010
[   29.418607][    T1] usbcore: registered new interface driver dvb_usb_m920x
[   29.424492][    T1] usbcore: registered new interface driver dvb_usb_digitv
[   29.431510][    T1] usbcore: registered new interface driver dvb_usb_cxusb
[   29.436268][    T1] usbcore: registered new interface driver dvb_usb_ttusb2
[   29.444067][    T1] usbcore: registered new interface driver dvb_usb_dib0700
[   29.446397][    T1] usbcore: registered new interface driver opera1
[   29.448654][    T1] usbcore: registered new interface driver dvb_usb_af9005
[   29.450095][    T1] failing symbol_get of non-GPLONLY symbol af9005_rc_decode.
[   29.455740][    T1] failing symbol_get of non-GPLONLY symbol af9005_rc_decode.
[   29.459702][    T1] failing symbol_get of non-GPLONLY symbol rc_map_af9005_table.
[   29.464688][    T1] failing symbol_get of non-GPLONLY symbol rc_map_af9005_table.
[   29.468421][    T1] failing symbol_get of non-GPLONLY symbol rc_map_af9005_table_size.
[   29.483876][    T1] failing symbol_get of non-GPLONLY symbol rc_map_af9005_table_size.
[   29.487839][    T1] af9005: af9005_rc_decode function not found, disabling remote
[   29.492096][    T1] usbcore: registered new interface driver pctv452e
[   29.496340][    T1] usbcore: registered new interface driver dw2102
[   29.503106][    T1] usbcore: registered new interface driver dvb_usb_dtv5100
[   29.508961][    T1] usbcore: registered new interface driver cinergyT2
[   29.515889][    T1] usbcore: registered new interface driver dvb_usb_az6027
[   29.521943][    T1] usbcore: registered new interface driver dvb_usb_technisat_usb2
[   29.525900][    T1] usbcore: registered new interface driver dvb_usb_af9015
[   29.531515][    T1] usbcore: registered new interface driver dvb_usb_af9035
[   29.536670][    T1] usbcore: registered new interface driver dvb_usb_anysee
[   29.543498][    T1] usbcore: registered new interface driver dvb_usb_au6610
[   29.548963][    T1] usbcore: registered new interface driver dvb_usb_az6007
[   29.554409][    T1] usbcore: registered new interface driver dvb_usb_ce6230
[   29.558933][    T1] usbcore: registered new interface driver dvb_usb_ec168
[   29.563682][    T1] usbcore: registered new interface driver dvb_usb_lmedm04
[   29.568159][    T1] usbcore: registered new interface driver dvb_usb_gl861
[   29.571707][    T1] usbcore: registered new interface driver dvb_usb_mxl111sf
[   29.574057][    T1] usbcore: registered new interface driver dvb_usb_rtl28xxu
[   29.576082][    T1] usbcore: registered new interface driver dvb_usb_dvbsky
[   29.578112][    T1] usbcore: registered new interface driver zd1301
[   29.580167][    T1] usbcore: registered new interface driver s2255
[   29.582341][    T1] usbcore: registered new interface driver smsusb
[   29.584373][    T1] usbcore: registered new interface driver ttusb
[   29.586345][    T1] usbcore: registered new interface driver ttusb-dec
[   29.588411][    T1] usbcore: registered new interface driver Abilis Systems as10x usb driver
[   29.590817][    T1] usbcore: registered new interface driver airspy
[   29.591941][    T1] gspca_main: v2.14.0 registered
[   29.593698][    T1] usbcore: registered new interface driver benq
[   29.595653][    T1] usbcore: registered new interface driver conex
[   29.600998][    T1] usbcore: registered new interface driver cpia1
[   29.603972][    T1] usbcore: registered new interface driver dtcs033
[   29.607147][    T1] usbcore: registered new interface driver etoms
[   29.610746][    T1] usbcore: registered new interface driver finepix
[   29.613035][    T1] usbcore: registered new interface driver jeilinj
[   29.615284][    T1] usbcore: registered new interface driver jl2005bcd
[   29.617592][    T1] usbcore: registered new interface driver kinect
[   29.619427][    T1] usbcore: registered new interface driver konica
[   29.621321][    T1] usbcore: registered new interface driver mars
[   29.623067][    T1] usbcore: registered new interface driver mr97310a
[   29.625039][    T1] usbcore: registered new interface driver nw80x
[   29.626843][    T1] usbcore: registered new interface driver ov519
[   29.628576][    T1] usbcore: registered new interface driver ov534
[   29.630445][    T1] usbcore: registered new interface driver ov534_9
[   29.632442][    T1] usbcore: registered new interface driver pac207
[   29.634469][    T1] usbcore: registered new interface driver gspca_pac7302
[   29.636316][    T1] usbcore: registered new interface driver pac7311
[   29.638102][    T1] usbcore: registered new interface driver se401
[   29.639893][    T1] usbcore: registered new interface driver sn9c2028
[   29.641828][    T1] usbcore: registered new interface driver gspca_sn9c20x
[   29.643792][    T1] usbcore: registered new interface driver sonixb
[   29.645769][    T1] usbcore: registered new interface driver sonixj
[   29.648148][    T1] usbcore: registered new interface driver spca500
[   29.651268][    T1] usbcore: registered new interface driver spca501
[   29.654127][    T1] usbcore: registered new interface driver spca505
[   29.656464][    T1] usbcore: registered new interface driver spca506
[   29.658309][    T1] usbcore: registered new interface driver spca508
[   29.662507][  T866] input: ImExPS/2 Generic Explorer Mouse as /devices/platform/i8042/serio1/input/input3
[   29.665506][    T1] usbcore: registered new interface driver spca561
[   29.668383][    T1] usbcore: registered new interface driver spca1528
[   29.671450][    T1] usbcore: registered new interface driver sq905
[   29.674911][    T1] usbcore: registered new interface driver sq905c
[   29.677009][    T1] usbcore: registered new interface driver sq930x
[   29.679554][    T1] usbcore: registered new interface driver sunplus
[   29.683258][    T1] usbcore: registered new interface driver stk014
[   29.687204][    T1] usbcore: registered new interface driver stk1135
[   29.692140][    T1] usbcore: registered new interface driver stv0680
[   29.697472][    T1] usbcore: registered new interface driver t613
[   29.702688][    T1] usbcore: registered new interface driver gspca_topro
[   29.710345][    T1] usbcore: registered new interface driver touptek
[   29.715344][    T1] usbcore: registered new interface driver tv8532
[   29.736046][    T1] usbcore: registered new interface driver vc032x
[   29.741498][    T1] usbcore: registered new interface driver vicam
[   29.744144][    T1] usbcore: registered new interface driver xirlink-cit
[   29.746947][    T1] usbcore: registered new interface driver gspca_zc3xx
[   29.750228][    T1] usbcore: registered new interface driver ALi m5602
[   29.752921][    T1] usbcore: registered new interface driver STV06xx
[   29.756702][    T1] usbcore: registered new interface driver gspca_gl860
[   29.760764][    T1] usbcore: registered new interface driver hackrf
[   29.764544][    T1] usbcore: registered new interface driver msi2500
[   29.768452][    T1] usbcore: registered new interface driver Philips webcam
[   29.773180][    T1] usbcore: registered new interface driver uvcvideo
[   29.776064][    T1] au0828: au0828 driver loaded
[   29.779272][    T1] usbcore: registered new interface driver au0828
[   29.783224][    T1] usbcore: registered new interface driver cx231xx
[   29.787616][    T1] usbcore: registered new interface driver em28xx
[   29.790572][    T1] em28xx: Registered (Em28xx v4l2 Extension) extension
[   29.791904][    T1] em28xx: Registered (Em28xx Audio Extension) extension
[   29.793094][    T1] em28xx: Registered (Em28xx dvb Extension) extension
[   29.794264][    T1] em28xx: Registered (Em28xx Input Extension) extension
[   29.796475][    T1] usbcore: registered new interface driver go7007
[   29.800232][    T1] usbcore: registered new interface driver go7007-loader
[   29.802456][    T1] usbcore: registered new interface driver hdpvr
[   29.805329][    T1] usbcore: registered new interface driver pvrusb2
[   29.808231][    T1] pvrusb2: V4L in-tree version:Hauppauge WinTV-PVR-USB2 MPEG2 Encoder/Tuner
[   29.812391][    T1] pvrusb2: Debug mask is 31 (0x1f)
[   29.815326][    T1] usbcore: registered new interface driver stk1160
[   29.818880][    T1] usbcore: registered new interface driver usbtv
[   29.829346][    T1] dvbdev: DVB: registering new adapter (dvb_vidtv_bridge)
[   29.842198][    T1] i2c i2c-0: DVB: registering adapter 0 frontend 0 (Dummy demod for DVB-T/T2/C/S/S2)...
[   29.847084][    T1] dvbdev: dvb_create_media_entity: media entity 'Dummy demod for DVB-T/T2/C/S/S2' registered.
[   29.866027][    T1] dvbdev: dvb_create_media_entity: media entity 'dvb-demux' registered.
[   29.885071][    T1] vidtv vidtv.0: Successfully initialized vidtv!
[   29.893736][    T1] vicodec vicodec.0: Device 'stateful-encoder' registered as /dev/video0
[   29.898842][    T1] vicodec vicodec.0: Device 'stateful-decoder' registered as /dev/video1
[   29.904846][    T1] vicodec vicodec.0: Device 'stateless-decoder' registered as /dev/video2
[   29.913696][    T1] vim2m vim2m.0: Device registered as /dev/video3
[   29.962690][    T1] vivid-000: using single planar format API
[   29.997477][    T1] vivid-000: CEC adapter cec0 registered for HDMI input
[   30.004059][    T1] vivid-000: V4L2 capture device registered as video7
[   30.014448][    T1] vivid-000: CEC adapter cec1 registered for HDMI output 0
[   30.022143][    T1] vivid-000: V4L2 output device registered as video8
[   30.030302][    T1] vivid-000: V4L2 capture device registered as vbi0, supports raw and sliced VBI
[   30.038467][    T1] vivid-000: V4L2 output device registered as vbi1, supports raw and sliced VBI
[   30.047158][    T1] vivid-000: V4L2 capture device registered as swradio0
[   30.054419][    T1] vivid-000: V4L2 receiver device registered as radio0
[   30.060176][    T1] vivid-000: V4L2 transmitter device registered as radio1
[   30.065170][    T1] vivid-000: V4L2 metadata capture device registered as video9
[   30.070356][    T1] vivid-000: V4L2 metadata output device registered as video10
[   30.075977][    T1] vivid-000: V4L2 touch capture device registered as v4l-touch0
[   30.084266][    T1] usbcore: registered new interface driver radioshark2
[   30.089566][    T1] usbcore: registered new interface driver radioshark
[   30.094309][    T1] usbcore: registered new interface driver radio-si470x
[   30.101797][    T1] usbcore: registered new interface driver radio-usb-si4713
[   30.106388][    T1] usbcore: registered new interface driver dsbr100
[   30.110618][    T1] usbcore: registered new interface driver radio-keene
[   30.114879][    T1] usbcore: registered new interface driver radio-ma901
[   30.119137][    T1] usbcore: registered new interface driver radio-mr800
[   30.123341][    T1] usbcore: registered new interface driver radio-raremono
[   30.132326][    T1] usbcore: registered new interface driver powerz
[   30.136466][    T1] usbcore: registered new interface driver pcwd_usb
[   30.156167][    T1] device-mapper: core: CONFIG_IMA_DISABLE_HTABLE is disabled. Duplicate IMA measurements will not be recorded in the IMA log.
[   30.158615][    T1] device-mapper: uevent: version 1.0.3
[   30.162923][    T1] device-mapper: ioctl: 4.50.0-ioctl (2025-04-28) initialised: dm-devel@lists.linux.dev
[   30.176965][    T1] device-mapper: multipath round-robin: version 1.2.0 loaded
[   30.178170][    T1] device-mapper: multipath queue-length: version 0.2.0 loaded
[   30.179452][    T1] device-mapper: multipath service-time: version 0.3.0 loaded
[   30.183779][    T1] Bluetooth: HCI UART driver ver 2.3
[   30.186669][    T1] Bluetooth: HCI UART protocol H4 registered
[   30.190255][    T1] Bluetooth: HCI UART protocol BCSP registered
[   30.193670][    T1] Bluetooth: HCI UART protocol LL registered
[   30.197983][    T1] Bluetooth: HCI UART protocol Three-wire (H5) registered
[   30.203169][    T1] Bluetooth: HCI UART protocol QCA registered
[   30.207294][    T1] Bluetooth: HCI UART protocol AG6XX registered
[   30.211581][    T1] Bluetooth: HCI UART protocol Marvell registered
[   30.216383][    T1] usbcore: registered new interface driver bcm203x
[   30.223272][    T1] usbcore: registered new interface driver bpa10x
[   30.227845][    T1] usbcore: registered new interface driver bfusb
[   30.233368][    T1] usbcore: registered new interface driver btusb
[   30.239553][    T1] usbcore: registered new interface driver ath3k
[   30.243738][    T1] Modular ISDN core version 1.1.29
[   30.248488][    T1] NET: Registered PF_ISDN protocol family
[   30.251482][    T1] DSP module 2.0
[   30.253195][    T1] mISDN_dsp: DSP clocks every 80 samples. This equals 1 jiffies.
[   30.298592][    T1] mISDN: Layer-1-over-IP driver Rev. 2.00
[   30.303465][    T1] 0 virtual devices registered
[   30.307145][    T1] usbcore: registered new interface driver HFC-S_USB
[   30.310460][    T1] amd_pstate: the _CPC object is not present in SBIOS or ACPI disabled
[   30.314320][    T1] VUB300 Driver rom wait states = 1C irqpoll timeout = 0400
[   30.318011][    T1] usbcore: registered new interface driver vub300
[   30.328034][    T1] usbcore: registered new interface driver ushc
[   30.354273][    T1] iscsi: registered transport (iser)
[   30.359858][    T1] SoftiWARP attached
[   30.390182][    T1] hid: raw HID events driver (C) Jiri Kosina
[   30.565485][    T1] usbcore: registered new interface driver usbhid
[   30.570087][    T1] usbhid: USB HID core driver
[   30.582332][    T1] usbcore: registered new interface driver es2_ap_driver
[   30.586788][    T1] comedi: version 0.7.76 - http://www.comedi.org
[   30.591665][    T1] usbcore: registered new interface driver dt9812
[   30.595388][    T1] usbcore: registered new interface driver ni6501
[   30.600286][    T1] usbcore: registered new interface driver usbdux
[   30.604920][    T1] usbcore: registered new interface driver usbduxfast
[   30.608960][    T1] usbcore: registered new interface driver usbduxsigma
[   30.612924][    T1] usbcore: registered new interface driver vmk80xx
[   30.616539][    T1] greybus: registered new driver hid
[   30.622534][    T1] greybus: registered new driver gbphy
[   30.625710][    T1] gb_gbphy: registered new driver usb
[   30.628736][    T1] asus_wmi: ASUS WMI generic driver loaded
[   30.642015][    T1] gnss: GNSS driver registered with major 493
[   30.648952][    T1] usbcore: registered new interface driver gnss-usb
[   30.653007][    T1] usbcore: registered new interface driver hdm_usb
[   30.866878][    T1] usbcore: registered new interface driver snd-usb-audio
[   30.871545][    T1] usbcore: registered new interface driver snd-ua101
[   30.875845][    T1] usbcore: registered new interface driver snd-usb-usx2y
[   30.880809][    T1] usbcore: registered new interface driver snd-usb-us122l
[   30.885300][    T1] usbcore: registered new interface driver snd-usb-caiaq
[   30.889917][    T1] usbcore: registered new interface driver snd-usb-6fire
[   30.894522][    T1] usbcore: registered new interface driver snd-usb-hiface
[   30.899221][    T1] usbcore: registered new interface driver snd-bcd2000
[   30.903744][    T1] usbcore: registered new interface driver snd_usb_pod
[   30.908059][    T1] usbcore: registered new interface driver snd_usb_podhd
[   30.912586][    T1] usbcore: registered new interface driver snd_usb_toneport
