bash: warning: setlocale: LC_ALL: cannot change locale (en_US.UTF-8)
c[?7l[2J[0mSeaBIOS (version 1.16.2-debian-1.16.2-1)


iPXE (http://ipxe.org) 00:03.0 CA00 PCI2.10 PnP PMM+7EFCEF00+7EF0EF00 CA00
Press Ctrl-B to configure iPXE (PCI 00:03.0)...                                                                               


Booting from ROM..c[?7l[2J[    0.000000] Linux version 6.6.0-10142-ged83a5bffb5b-dirty (root@buildkitsandbox) (gcc (Debian 12.2.0-14+deb12u1) 12.2.0, GNU ld (GNU Binutils for Debian) 2.40) #2 SMP PREEMPT_DYNAMIC Tue May  5 12:25:41 UTC 2026
[    0.000000] Command line: console=ttyS0 oops=panic nokaslr rdinit=/init
[    0.000000] BIOS-provided physical RAM map:
[    0.000000] BIOS-e820: [mem 0x0000000000000000-0x000000000009fbff] usable
[    0.000000] BIOS-e820: [mem 0x000000000009fc00-0x000000000009ffff] reserved
[    0.000000] BIOS-e820: [mem 0x00000000000f0000-0x00000000000fffff] reserved
[    0.000000] BIOS-e820: [mem 0x0000000000100000-0x000000007ffdffff] usable
[    0.000000] BIOS-e820: [mem 0x000000007ffe0000-0x000000007fffffff] reserved
[    0.000000] BIOS-e820: [mem 0x00000000feffc000-0x00000000feffffff] reserved
[    0.000000] BIOS-e820: [mem 0x00000000fffc0000-0x00000000ffffffff] reserved
[    0.000000] NX (Execute Disable) protection: active
[    0.000000] APIC: Static calls initialized
[    0.000000] SMBIOS 2.8 present.
[    0.000000] DMI: QEMU Standard PC (i440FX + PIIX, 1996), BIOS 1.16.2-debian-1.16.2-1 04/01/2014
[    0.000000] Hypervisor detected: KVM
[    0.000000] kvm-clock: Using msrs 4b564d01 and 4b564d00
[    0.000000] kvm-clock: using sched offset of 257115411 cycles
[    0.000002] clocksource: kvm-clock: mask: 0xffffffffffffffff max_cycles: 0x1cd42e4dffb, max_idle_ns: 881590591483 ns
[    0.000004] tsc: Detected 3187.200 MHz processor
[    0.000315] last_pfn = 0x7ffe0 max_arch_pfn = 0x400000000
[    0.000332] MTRR map: 4 entries (3 fixed + 1 variable; max 19), built from 8 variable MTRRs
[    0.000334] x86/PAT: Configuration [0-7]: WB  WC  UC- UC  WB  WP  UC- WT  
[    0.002181] found SMP MP-table at [mem 0x000f5ba0-0x000f5baf]
[    0.002185] Using GB pages for direct mapping
[    0.002186] Incomplete global flushes, disabling PCID
[    0.002267] RAMDISK: [mem 0x7fe92000-0x7ffdffff]
[    0.002270] ACPI: Early table checksum verification disabled
[    0.002272] ACPI: RSDP 0x00000000000F59D0 000014 (v00 BOCHS )
[    0.002274] ACPI: RSDT 0x000000007FFE1B33 000034 (v01 BOCHS  BXPC     00000001 BXPC 00000001)
[    0.002279] ACPI: FACP 0x000000007FFE19DF 000074 (v01 BOCHS  BXPC     00000001 BXPC 00000001)
[    0.002282] ACPI: DSDT 0x000000007FFE0040 00199F (v01 BOCHS  BXPC     00000001 BXPC 00000001)
[    0.002284] ACPI: FACS 0x000000007FFE0000 000040
[    0.002285] ACPI: APIC 0x000000007FFE1A53 000080 (v01 BOCHS  BXPC     00000001 BXPC 00000001)
[    0.002287] ACPI: HPET 0x000000007FFE1AD3 000038 (v01 BOCHS  BXPC     00000001 BXPC 00000001)
[    0.002288] ACPI: WAET 0x000000007FFE1B0B 000028 (v01 BOCHS  BXPC     00000001 BXPC 00000001)
[    0.002289] ACPI: Reserving FACP table memory at [mem 0x7ffe19df-0x7ffe1a52]
[    0.002290] ACPI: Reserving DSDT table memory at [mem 0x7ffe0040-0x7ffe19de]
[    0.002291] ACPI: Reserving FACS table memory at [mem 0x7ffe0000-0x7ffe003f]
[    0.002291] ACPI: Reserving APIC table memory at [mem 0x7ffe1a53-0x7ffe1ad2]
[    0.002291] ACPI: Reserving HPET table memory at [mem 0x7ffe1ad3-0x7ffe1b0a]
[    0.002292] ACPI: Reserving WAET table memory at [mem 0x7ffe1b0b-0x7ffe1b32]
[    0.002459] No NUMA configuration found
[    0.002459] Faking a node at [mem 0x0000000000000000-0x000000007ffdffff]
[    0.002461] NODE_DATA(0) allocated [mem 0x7fe8e000-0x7fe91fff]
[    0.002468] Zone ranges:
[    0.002469]   DMA      [mem 0x0000000000001000-0x0000000000ffffff]
[    0.002470]   DMA32    [mem 0x0000000001000000-0x000000007ffdffff]
[    0.002471]   Normal   empty
[    0.002471] Movable zone start for each node
[    0.002472] Early memory node ranges
[    0.002472]   node   0: [mem 0x0000000000001000-0x000000000009efff]
[    0.002473]   node   0: [mem 0x0000000000100000-0x000000007ffdffff]
[    0.002473] Initmem setup node 0 [mem 0x0000000000001000-0x000000007ffdffff]
[    0.003712] On node 0, zone DMA: 1 pages in unavailable ranges
[    0.003746] On node 0, zone DMA: 97 pages in unavailable ranges
[    0.030980] On node 0, zone DMA32: 32 pages in unavailable ranges
[    0.190896] kasan: KernelAddressSanitizer initialized
[    0.191090] ACPI: PM-Timer IO Port: 0x608
[    0.191097] ACPI: LAPIC_NMI (acpi_id[0xff] dfl dfl lint[0x1])
[    0.191125] IOAPIC[0]: apic_id 0, version 17, address 0xfec00000, GSI 0-23
[    0.191127] ACPI: INT_SRC_OVR (bus 0 bus_irq 0 global_irq 2 dfl dfl)
[    0.191128] ACPI: INT_SRC_OVR (bus 0 bus_irq 5 global_irq 5 high level)
[    0.191129] ACPI: INT_SRC_OVR (bus 0 bus_irq 9 global_irq 9 high level)
[    0.191130] ACPI: INT_SRC_OVR (bus 0 bus_irq 10 global_irq 10 high level)
[    0.191131] ACPI: INT_SRC_OVR (bus 0 bus_irq 11 global_irq 11 high level)
[    0.191132] ACPI: Using ACPI (MADT) for SMP configuration information
[    0.191133] ACPI: HPET id: 0x8086a201 base: 0xfed00000
[    0.191136] TSC deadline timer available
[    0.191136] smpboot: Allowing 2 CPUs, 0 hotplug CPUs
[    0.191149] kvm-guest: APIC: eoi() replaced with kvm_guest_apic_eoi_write()
[    0.191161] kvm-guest: KVM setup pv remote TLB flush
[    0.191163] kvm-guest: setup PV sched yield
[    0.191168] PM: hibernation: Registered nosave memory: [mem 0x00000000-0x00000fff]
[    0.191169] PM: hibernation: Registered nosave memory: [mem 0x0009f000-0x0009ffff]
[    0.191170] PM: hibernation: Registered nosave memory: [mem 0x000a0000-0x000effff]
[    0.191170] PM: hibernation: Registered nosave memory: [mem 0x000f0000-0x000fffff]
[    0.191171] [mem 0x80000000-0xfeffbfff] available for PCI devices
[    0.191172] Booting paravirtualized kernel on KVM
[    0.191175] clocksource: refined-jiffies: mask: 0xffffffff max_cycles: 0xffffffff, max_idle_ns: 1910969940391419 ns
[    0.197749] setup_percpu: NR_CPUS:64 nr_cpumask_bits:2 nr_cpu_ids:2 nr_node_ids:1
[    0.199272] percpu: Embedded 66 pages/cpu s231912 r8192 d30232 u1048576
[    0.199303] Kernel command line: console=ttyS0 oops=panic nokaslr rdinit=/init
[    0.199345] random: crng init done
[    0.199397] Dentry cache hash table entries: 262144 (order: 9, 2097152 bytes, linear)
[    0.200393] Inode-cache hash table entries: 131072 (order: 8, 1048576 bytes, linear)
[    0.200424] Fallback order for Node 0: 0 
[    0.200426] Built 1 zonelists, mobility grouping on.  Total pages: 515808
[    0.200427] Policy zone: DMA32
[    0.200428] mem auto-init: stack:all(zero), heap alloc:off, heap free:off
[    0.200428] stackdepot: allocating hash table via alloc_large_system_hash
[    0.204460] stackdepot hash table entries: 1048576 (order: 11, 8388608 bytes, linear)
[    0.225371] Memory: 1704480K/2096632K available (43008K kernel code, 7247K rwdata, 8696K rodata, 5160K init, 996K bss, 391896K reserved, 0K cma-reserved)
[    0.225489] SLUB: HWalign=64, Order=0-3, MinObjects=0, CPUs=2, Nodes=1
[    0.226280] Dynamic Preempt: voluntary
[    0.227131] rcu: Preemptible hierarchical RCU implementation.
[    0.227133] rcu: 	RCU event tracing is enabled.
[    0.227133] rcu: 	RCU restricting CPUs from NR_CPUS=64 to nr_cpu_ids=2.
[    0.227134] 	Trampoline variant of Tasks RCU enabled.
[    0.227135] rcu: RCU calculated value of scheduler-enlistment delay is 100 jiffies.
[    0.227135] rcu: Adjusting geometry for rcu_fanout_leaf=16, nr_cpu_ids=2
[    0.232725] NR_IRQS: 4352, nr_irqs: 440, preallocated irqs: 16
[    0.232957] rcu: srcu_init: Setting srcu_struct sizes based on contention.
[    0.235154] Console: colour VGA+ 80x25
[    0.235179] printk: console [ttyS0] enabled
[    0.272077] ACPI: Core revision 20230628
[    0.272418] clocksource: hpet: mask: 0xffffffff max_cycles: 0xffffffff, max_idle_ns: 19112604467 ns
[    0.272982] APIC: Switch to symmetric I/O mode setup
[    0.273265] kvm-guest: APIC: send_IPI_mask() replaced with kvm_send_ipi_mask()
[    0.273671] kvm-guest: APIC: send_IPI_mask_allbutself() replaced with kvm_send_ipi_mask_allbutself()
[    0.274194] kvm-guest: setup PV IPIs
[    0.275010] ..TIMER: vector=0x30 apic1=0 pin1=2 apic2=-1 pin2=-1
[    0.275361] clocksource: tsc-early: mask: 0xffffffffffffffff max_cycles: 0x2df10e7656b, max_idle_ns: 440795364873 ns
[    0.275948] Calibrating delay loop (skipped) preset value.. 6374.40 BogoMIPS (lpj=3187200)
[    0.277014] x86/cpu: User Mode Instruction Prevention (UMIP) activated
[    0.277424] Last level iTLB entries: 4KB 0, 2MB 0, 4MB 0
[    0.277944] Last level dTLB entries: 4KB 0, 2MB 0, 4MB 0, 1GB 0
[    0.278278] Spectre V1 : Mitigation: usercopy/swapgs barriers and __user pointer sanitization
[    0.278945] Spectre V2 : Mitigation: Enhanced / Automatic IBRS
[    0.279274] Spectre V2 : Spectre v2 / SpectreRSB mitigation: Filling RSB on context switch
[    0.279736] Spectre V2 : Spectre v2 / PBRSB-eIBRS: Retire a single CALL on VMEXIT
[    0.279944] Spectre V2 : mitigation: Enabling conditional Indirect Branch Prediction Barrier
[    0.280417] Speculative Store Bypass: Mitigation: Speculative Store Bypass disabled via prctl
[    0.280944] MMIO Stale Data: Unknown: No mitigations
[    0.281239] x86/fpu: Supporting XSAVE feature 0x001: 'x87 floating point registers'
[    0.281943] x86/fpu: Supporting XSAVE feature 0x002: 'SSE registers'
[    0.282314] x86/fpu: Supporting XSAVE feature 0x004: 'AVX registers'
[    0.282681] x86/fpu: Supporting XSAVE feature 0x200: 'Protection Keys User registers'
[    0.282944] x86/fpu: xstate_offset[2]:  576, xstate_sizes[2]:  256
[    0.283304] x86/fpu: xstate_offset[9]:  832, xstate_sizes[9]:    8
[    0.283661] x86/fpu: Enabled xstate features 0x207, context size is 840 bytes, using 'compacted' format.
[    0.297035] Freeing SMP alternatives memory: 40K
[    0.297341] pid_max: default: 32768 minimum: 301
[    0.297655] LSM: initializing lsm=capability,selinux,integrity
[    0.297950] SELinux:  Initializing.
[    0.298220] Mount-cache hash table entries: 4096 (order: 3, 32768 bytes, linear)
[    0.298648] Mountpoint-cache hash table entries: 4096 (order: 3, 32768 bytes, linear)
[    0.300312] smpboot: CPU0: Intel(R) Core(TM) i9-14900K (family: 0x6, model: 0xb7, stepping: 0x1)
[    0.300943] RCU Tasks: Setting shift to 1 and lim to 1 rcu_task_cb_adjust=1.
[    0.300965] Performance Events: unsupported p6 CPU model 183 no PMU driver, software events only.
[    0.301501] signal: max sigframe size: 3632
[    0.301772] rcu: Hierarchical SRCU implementation.
[    0.301945] rcu: 	Max phase no-delay instances is 400.
[    0.302591] smp: Bringing up secondary CPUs ...
[    0.302983] smpboot: x86: Booting SMP configuration:
[    0.303273] .... node  #0, CPUs:      #1
[    0.303339] smp: Brought up 1 node, 2 CPUs
[    0.303945] smpboot: Max logical packages: 1
[    0.304194] smpboot: Total of 2 processors activated (12748.80 BogoMIPS)
[    0.305987] devtmpfs: initialized
[    0.307450] clocksource: jiffies: mask: 0xffffffff max_cycles: 0xffffffff, max_idle_ns: 1911260446275000 ns
[    0.307948] futex hash table entries: 512 (order: 3, 32768 bytes, linear)
[    0.308445] PM: RTC time: 12:29:49, date: 2026-05-05
[    0.308847] NET: Registered PF_NETLINK/PF_ROUTE protocol family
[    0.309127] audit: initializing netlink subsys (disabled)
[    0.309469] audit: type=2000 audit(1777984189.779:1): state=initialized audit_enabled=0 res=1
[    0.309469] thermal_sys: Registered thermal governor 'step_wise'
[    0.309945] thermal_sys: Registered thermal governor 'user_space'
[    0.310302] cpuidle: using governor menu
[    0.311068] PCI: Using configuration type 1 for base access
[    0.311517] kprobes: kprobe jump-optimization is enabled. All kprobes are optimized if possible.
[    0.313943] HugeTLB: registered 2.00 MiB page size, pre-allocated 0 pages
[    0.313943] HugeTLB: 28 KiB vmemmap can be freed for a 2.00 MiB page
[    0.314057] ACPI: Added _OSI(Module Device)
[    0.314307] ACPI: Added _OSI(Processor Device)
[    0.314565] ACPI: Added _OSI(3.0 _SCP Extensions)
[    0.314850] ACPI: Added _OSI(Processor Aggregator Device)
[    0.321767] ACPI: 1 ACPI AML tables successfully acquired and loaded
[    0.329019] ACPI: _OSC evaluation for CPUs failed, trying _PDC
[    0.329513] ACPI: Interpreter enabled
[    0.329754] ACPI: PM: (supports S0 S3 S4 S5)
[    0.329945] ACPI: Using IOAPIC for interrupt routing
[    0.330264] PCI: Using host bridge windows from ACPI; if necessary, use "pci=nocrs" and report a bug
[    0.330789] PCI: Using E820 reservations for host bridge windows
[    0.331259] ACPI: Enabled 2 GPEs in block 00 to 0F
[    0.341110] ACPI: PCI Root Bridge [PCI0] (domain 0000 [bus 00-ff])
[    0.341477] acpi PNP0A03:00: _OSC: OS supports [ASPM ClockPM Segments MSI HPX-Type3]
[    0.341920] acpi PNP0A03:00: _OSC: not requesting OS control; OS requires [ExtendedConfig ASPM ClockPM MSI]
[    0.342991] acpi PNP0A03:00: fail to add MMCONFIG information, can't access extended configuration space under this bridge
[    0.343785] PCI host bridge to bus 0000:00
[    0.343946] pci_bus 0000:00: root bus resource [io  0x0000-0x0cf7 window]
[    0.344355] pci_bus 0000:00: root bus resource [io  0x0d00-0xffff window]
[    0.344747] pci_bus 0000:00: root bus resource [mem 0x000a0000-0x000bffff window]
[    0.344945] pci_bus 0000:00: root bus resource [mem 0x80000000-0xfebfffff window]
[    0.345378] pci_bus 0000:00: root bus resource [mem 0x100000000-0x17fffffff window]
[    0.345818] pci_bus 0000:00: root bus resource [bus 00-ff]
[    0.345991] pci 0000:00:00.0: [8086:1237] type 00 class 0x060000
[    0.350068] pci 0000:00:01.0: [8086:7000] type 00 class 0x060100
[    0.354139] pci 0000:00:01.1: [8086:7010] type 00 class 0x010180
[    0.355530] pci 0000:00:01.1: reg 0x20: [io  0xc040-0xc04f]
[    0.356216] pci 0000:00:01.1: legacy IDE quirk: reg 0x10: [io  0x01f0-0x01f7]
[    0.356630] pci 0000:00:01.1: legacy IDE quirk: reg 0x14: [io  0x03f6]
[    0.356944] pci 0000:00:01.1: legacy IDE quirk: reg 0x18: [io  0x0170-0x0177]
[    0.357355] pci 0000:00:01.1: legacy IDE quirk: reg 0x1c: [io  0x0376]
[    0.357886] pci 0000:00:01.3: [8086:7113] type 00 class 0x068000
[    0.359171] pci 0000:00:01.3: quirk: [io  0x0600-0x063f] claimed by PIIX4 ACPI
[    0.359594] pci 0000:00:01.3: quirk: [io  0x0700-0x070f] claimed by PIIX4 SMB
[    0.360974] pci 0000:00:02.0: [1234:1111] type 00 class 0x030000
[    0.361825] pci 0000:00:02.0: reg 0x10: [mem 0xfd000000-0xfdffffff pref]
[    0.362784] pci 0000:00:02.0: reg 0x18: [mem 0xfebf0000-0xfebf0fff]
[    0.365080] pci 0000:00:02.0: reg 0x30: [mem 0xfebe0000-0xfebeffff pref]
[    0.365546] pci 0000:00:02.0: Video device with shadowed ROM at [mem 0x000c0000-0x000dffff]
[    0.369539] pci 0000:00:03.0: [8086:100e] type 00 class 0x020000
[    0.370094] pci 0000:00:03.0: reg 0x10: [mem 0xfebc0000-0xfebdffff]
[    0.370733] pci 0000:00:03.0: reg 0x14: [io  0xc000-0xc03f]
[    0.372814] pci 0000:00:03.0: reg 0x30: [mem 0xfeb80000-0xfebbffff pref]
[    0.377653] ACPI: PCI: Interrupt link LNKA configured for IRQ 10
[    0.379287] ACPI: PCI: Interrupt link LNKB configured for IRQ 10
[    0.379975] ACPI: PCI: Interrupt link LNKC configured for IRQ 11
[    0.380658] ACPI: PCI: Interrupt link LNKD configured for IRQ 11
[    0.381079] ACPI: PCI: Interrupt link LNKS configured for IRQ 9
[    0.382393] iommu: Default domain type: Translated
[    0.382674] iommu: DMA domain TLB invalidation policy: lazy mode
[    0.383116] SCSI subsystem initialized
[    0.383381] ACPI: bus type USB registered
[    0.383381] usbcore: registered new interface driver usbfs
[    0.383958] usbcore: registered new interface driver hub
[    0.384307] usbcore: registered new device driver usb
[    0.384636] pps_core: LinuxPPS API ver. 1 registered
[    0.384923] pps_core: Software ver. 5.3.6 - Copyright 2005-2007 Rodolfo Giometti <giometti@linux.it>
[    0.384951] PTP clock support registered
[    0.385999] Advanced Linux Sound Architecture Driver Initialized.
[    0.385999] NetLabel: Initializing
[    0.386187] NetLabel:  domain hash size = 128
[    0.386440] NetLabel:  protocols = UNLABELED CIPSOv4 CALIPSO
[    0.386802] NetLabel:  unlabeled traffic allowed by default
[    0.387954] PCI: Using ACPI for IRQ routing
[    0.388276] pci 0000:00:02.0: vgaarb: setting as boot VGA device
[    0.388303] pci 0000:00:02.0: vgaarb: bridge control possible
[    0.388635] pci 0000:00:02.0: vgaarb: VGA device added: decodes=io+mem,owns=io+mem,locks=none
[    0.388945] vgaarb: loaded
[    0.389158] hpet0: at MMIO 0xfed00000, IRQs 2, 8, 0
[    0.389443] hpet0: 3 comparators, 64-bit 100.000000 MHz counter
[    0.393983] clocksource: Switched to clocksource kvm-clock
[    0.395998] VFS: Disk quotas dquot_6.6.0
[    0.396248] VFS: Dquot-cache hash table entries: 512 (order 0, 4096 bytes)
[    0.396726] pnp: PnP ACPI init
[    0.397885] pnp: PnP ACPI: found 6 devices
[    0.405990] clocksource: acpi_pm: mask: 0xffffff max_cycles: 0xffffff, max_idle_ns: 2085701024 ns
[    0.406540] NET: Registered PF_INET protocol family
[    0.406862] IP idents hash table entries: 32768 (order: 6, 262144 bytes, linear)
[    0.407672] tcp_listen_portaddr_hash hash table entries: 1024 (order: 2, 16384 bytes, linear)
[    0.408171] Table-perturb hash table entries: 65536 (order: 6, 262144 bytes, linear)
[    0.408621] TCP established hash table entries: 16384 (order: 5, 131072 bytes, linear)
[    0.409779] TCP bind hash table entries: 16384 (order: 7, 524288 bytes, linear)
[    0.410228] TCP: Hash tables configured (established 16384 bind 16384)
[    0.410637] UDP hash table entries: 1024 (order: 3, 32768 bytes, linear)
[    0.411030] UDP-Lite hash table entries: 1024 (order: 3, 32768 bytes, linear)
[    0.411500] NET: Registered PF_UNIX/PF_LOCAL protocol family
[    0.411996] RPC: Registered named UNIX socket transport module.
[    0.412338] RPC: Registered udp transport module.
[    0.412610] RPC: Registered tcp transport module.
[    0.412882] RPC: Registered tcp-with-tls transport module.
[    0.413220] RPC: Registered tcp NFSv4.1 backchannel transport module.
[    0.413890] pci_bus 0000:00: resource 4 [io  0x0000-0x0cf7 window]
[    0.414256] pci_bus 0000:00: resource 5 [io  0x0d00-0xffff window]
[    0.414613] pci_bus 0000:00: resource 6 [mem 0x000a0000-0x000bffff window]
[    0.415014] pci_bus 0000:00: resource 7 [mem 0x80000000-0xfebfffff window]
[    0.415410] pci_bus 0000:00: resource 8 [mem 0x100000000-0x17fffffff window]
[    0.415894] pci 0000:00:01.0: PIIX3: Enabling Passive Release
[    0.416237] pci 0000:00:00.0: Limiting direct PCI/PCI transfers
[    0.416609] PCI: CLS 0 bytes, default 64
[    0.416888] RAPL PMU: API unit is 2^-32 Joules, 0 fixed counters, 10737418240 ms ovfl timer
[    0.416946] Unpacking initramfs...
[    0.417383] clocksource: tsc: mask: 0xffffffffffffffff max_cycles: 0x2df10e7656b, max_idle_ns: 440795364873 ns
[    0.420399] Initialise system trusted keyrings
[    0.420706] workingset: timestamp_bits=56 max_order=19 bucket_order=0
[    0.421361] NFS: Registering the id_resolver key type
[    0.421660] Key type id_resolver registered
[    0.421903] Key type id_legacy registered
[    0.422187] 9p: Installing v9fs 9p2000 file system support
[    0.427187] Key type asymmetric registered
[    0.427460] Asymmetric key parser 'x509' registered
[    0.427762] Block layer SCSI generic (bsg) driver version 0.4 loaded (major 251)
[    0.428210] io scheduler mq-deadline registered
[    0.428474] io scheduler kyber registered
[    0.428911] input: Power Button as /devices/LNXSYSTM:00/LNXPWRBN:00/input/input0
[    0.429462] ACPI: button: Power Button [PWRF]
[    0.430010] Serial: 8250/16550 driver, 4 ports, IRQ sharing enabled
[    0.430275] Freeing initrd memory: 1336K
[    0.430652] 00:04: ttyS0 at I/O 0x3f8 (irq = 4, base_baud = 115200) is a 16550A
[    0.431699] Non-volatile memory driver v1.3
[    0.431946] Linux agpgart interface v0.103
[    0.435244] loop: module loaded
[    0.436375] scsi host0: ata_piix
[    0.436760] scsi host1: ata_piix
[    0.437038] ata1: PATA max MWDMA2 cmd 0x1f0 ctl 0x3f6 bmdma 0xc040 irq 14 lpm-pol 0
[    0.437480] ata2: PATA max MWDMA2 cmd 0x170 ctl 0x376 bmdma 0xc048 irq 15 lpm-pol 0
[    0.439019] e100: Intel(R) PRO/100 Network Driver
[    0.439296] e100: Copyright(c) 1999-2006 Intel Corporation
[    0.439623] e1000: Intel(R) PRO/1000 Network Driver
[    0.439906] e1000: Copyright (c) 1999-2006 Intel Corporation.
[    0.594259] ata2: found unknown device (class 0)
[    0.594875] ata2.00: ATAPI: QEMU DVD-ROM, 2.5+, max UDMA/100
[    0.596075] scsi 1:0:0:0: CD-ROM            QEMU     QEMU DVD-ROM     2.5+ PQ: 0 ANSI: 5
[    0.609467] sr 1:0:0:0: [sr0] scsi3-mmc drive: 4x/4x cd/rw xa/form2 tray
[    0.609868] cdrom: Uniform CD-ROM driver Revision: 3.20
[    0.616875] sr 1:0:0:0: Attached scsi generic sg0 type 5
[    0.729299] ACPI: \_SB_.LNKC: Enabled at IRQ 11
[    1.017528] e1000 0000:00:03.0 eth0: (PCI:33MHz:32-bit) 52:54:00:12:34:56
[    1.017928] e1000 0000:00:03.0 eth0: Intel(R) PRO/1000 Network Connection
[    1.018378] e1000e: Intel(R) PRO/1000 Network Driver
[    1.018669] e1000e: Copyright(c) 1999 - 2015 Intel Corporation.
[    1.019040] sky2: driver version 1.30
[    1.019503] usbcore: registered new interface driver usblp
[    1.019833] usbcore: registered new interface driver usb-storage
[    1.020248] i8042: PNP: PS/2 Controller [PNP0303:KBD,PNP0f13:MOU] at 0x60,0x64 irq 1,12
[    1.021176] serio: i8042 KBD port at 0x60,0x64 irq 1
[    1.021470] serio: i8042 AUX port at 0x60,0x64 irq 12
[    1.022105] input: AT Translated Set 2 keyboard as /devices/platform/i8042/serio0/input/input1
[    1.022832] rtc_cmos 00:05: RTC can wake from S4
[    1.023797] rtc_cmos 00:05: registered as rtc0
[    1.024180] rtc_cmos 00:05: alarms up to one day, y3k, 242 bytes nvram, hpet irqs
[    1.025110] device-mapper: ioctl: 4.48.0-ioctl (2023-03-01) initialised: dm-devel@redhat.com
[    1.025739] intel_pstate: CPU model not supported
[    1.026160] hid: raw HID events driver (C) Jiri Kosina
[    1.028016] usbcore: registered new interface driver usbhid
[    1.028407] usbhid: USB HID core driver
[    1.029123] Initializing XFRM netlink socket
[    1.029409] NET: Registered PF_INET6 protocol family
[    1.030013] Segment Routing with IPv6
[    1.030246] In-situ OAM (IOAM) with IPv6
[    1.030517] sit: IPv6, IPv4 and MPLS over IPv4 tunneling driver
[    1.031079] NET: Registered PF_PACKET protocol family
[    1.031406] 9pnet: Installing 9P2000 support
[    1.031675] Key type dns_resolver registered
[    1.032147] IPI shorthand broadcast: enabled
[    1.039284] sched_clock: Marking stable (998001045, 40981013)->(1040265767, -1283709)
[    1.039844] registered taskstats version 1
[    1.040092] Loading compiled-in X.509 certificates
[    1.046139] PM:   Magic number: 10:566:480
[    1.046413] printk: console [netcon0] enabled
[    1.046672] netconsole: network logging started
[    1.047013] cfg80211: Loading compiled-in X.509 certificates for regulatory database
[    1.047605] kworker/u4:1 (52) used greatest stack depth: 29464 bytes left
[    1.048381] Loaded X.509 cert 'sforshee: 00b28ddf47aef9cea7'
[    1.048719] ALSA device list:
[    1.048898]   No soundcards found.
[    1.049775] Freeing unused kernel image (initmem) memory: 5160K
[    1.050065] platform regulatory.0: Direct firmware load for regulatory.db failed with error -2
[    1.050404] cfg80211: failed to load regulatory.db
[    1.057136] Write protecting the kernel read-only data: 53248k
[    1.057653] Freeing unused kernel image (rodata/data gap) memory: 1544K
[    1.065260] x86/mm: Checked W+X mappings: passed, no W+X pages found.
[    1.065542] Run /init as init process
[    1.067201] mount (56) used greatest stack depth: 28568 bytes left

secb: rootfs ready
---- poc begin ----
poc: start: CVE-2023-6111 catchall-elem double-free trigger
[    1.654694] input: ImExPS/2 Generic Explorer Mouse as /devices/platform/i8042/serio1/input/input3
poc: done; on vuln kernel expect KASAN UAF in nft_trans_gc_* / catchall
[    9.393873] poc (62) used greatest stack depth: 26744 bytes left
---- poc end rc=0 ----
secb: poc exited without crashing the kernel
[   10.647162] ACPI: PM: Preparing to enter system sleep state S5
[   10.647614] reboot: Power down
NO_CRASH_DETECTED
