bash: warning: setlocale: LC_ALL: cannot change locale (en_US.UTF-8)
c[?7l[2J[0mSeaBIOS (version 1.16.2-debian-1.16.2-1)


iPXE (http://ipxe.org) 00:03.0 CA00 PCI2.10 PnP PMM+7EFCEF00+7EF0EF00 CA00
Press Ctrl-B to configure iPXE (PCI 00:03.0)...                                                                               


Booting from ROM..c[?7l[2J[    0.000000] Linux version 6.6.0-10140-g94090b23f3f7-dirty (root@buildkitsandbox) (gcc (Debian 12.2.0-14+deb12u1) 12.2.0, GNU ld (GNU Binutils for Debian) 2.40) #1 SMP PREEMPT_DYNAMIC Tue May  5 12:22:50 UTC 2026
[    0.000000] Command line: console=ttyS0 oops=panic nokaslr rdinit=/init
[    0.000000] BIOS-provided physical RAM map:
[    0.000000] BIOS-e820: [mem 0x0000000000000000-0x000000000009fbff] usable
[    0.000000] BIOS-e820: [mem 0x000000000009fc00-0x000000000009ffff] reserved
[    0.000000] BIOS-e820: [mem 0x00000000000f0000-0x00000000000fffff] reserved
[    0.000000] BIOS-e820: [mem 0x0000000000100000-0x000000007ffdffff] usable
[    0.000000] BIOS-e820: [mem 0x000000007ffe0000-0x000000007fffffff] reserved
[    0.000000] BIOS-e820: [mem 0x00000000feffc000-0x00000000feffffff] reserved
[    0.000000] BIOS-e820: [mem 0x00000000fffc0000-0x00000000ffffffff] reserved
[    0.000000] NX (Execute Disable) protection: active
[    0.000000] APIC: Static calls initialized
[    0.000000] SMBIOS 2.8 present.
[    0.000000] DMI: QEMU Standard PC (i440FX + PIIX, 1996), BIOS 1.16.2-debian-1.16.2-1 04/01/2014
[    0.000000] Hypervisor detected: KVM
[    0.000000] kvm-clock: Using msrs 4b564d01 and 4b564d00
[    0.000000] kvm-clock: using sched offset of 232362558 cycles
[    0.000002] clocksource: kvm-clock: mask: 0xffffffffffffffff max_cycles: 0x1cd42e4dffb, max_idle_ns: 881590591483 ns
[    0.000004] tsc: Detected 3187.200 MHz processor
[    0.000320] last_pfn = 0x7ffe0 max_arch_pfn = 0x400000000
[    0.000338] MTRR map: 4 entries (3 fixed + 1 variable; max 19), built from 8 variable MTRRs
[    0.000340] x86/PAT: Configuration [0-7]: WB  WC  UC- UC  WB  WP  UC- WT  
[    0.002260] found SMP MP-table at [mem 0x000f5ba0-0x000f5baf]
[    0.002266] Using GB pages for direct mapping
[    0.002267] Incomplete global flushes, disabling PCID
[    0.002350] RAMDISK: [mem 0x7fe92000-0x7ffdffff]
[    0.002354] ACPI: Early table checksum verification disabled
[    0.002356] ACPI: RSDP 0x00000000000F59D0 000014 (v00 BOCHS )
[    0.002359] ACPI: RSDT 0x000000007FFE1B33 000034 (v01 BOCHS  BXPC     00000001 BXPC 00000001)
[    0.002364] ACPI: FACP 0x000000007FFE19DF 000074 (v01 BOCHS  BXPC     00000001 BXPC 00000001)
[    0.002368] ACPI: DSDT 0x000000007FFE0040 00199F (v01 BOCHS  BXPC     00000001 BXPC 00000001)
[    0.002370] ACPI: FACS 0x000000007FFE0000 000040
[    0.002372] ACPI: APIC 0x000000007FFE1A53 000080 (v01 BOCHS  BXPC     00000001 BXPC 00000001)
[    0.002374] ACPI: HPET 0x000000007FFE1AD3 000038 (v01 BOCHS  BXPC     00000001 BXPC 00000001)
[    0.002376] ACPI: WAET 0x000000007FFE1B0B 000028 (v01 BOCHS  BXPC     00000001 BXPC 00000001)
[    0.002377] ACPI: Reserving FACP table memory at [mem 0x7ffe19df-0x7ffe1a52]
[    0.002378] ACPI: Reserving DSDT table memory at [mem 0x7ffe0040-0x7ffe19de]
[    0.002379] ACPI: Reserving FACS table memory at [mem 0x7ffe0000-0x7ffe003f]
[    0.002380] ACPI: Reserving APIC table memory at [mem 0x7ffe1a53-0x7ffe1ad2]
[    0.002380] ACPI: Reserving HPET table memory at [mem 0x7ffe1ad3-0x7ffe1b0a]
[    0.002381] ACPI: Reserving WAET table memory at [mem 0x7ffe1b0b-0x7ffe1b32]
[    0.002583] No NUMA configuration found
[    0.002583] Faking a node at [mem 0x0000000000000000-0x000000007ffdffff]
[    0.002585] NODE_DATA(0) allocated [mem 0x7fe8e000-0x7fe91fff]
[    0.002593] Zone ranges:
[    0.002593]   DMA      [mem 0x0000000000001000-0x0000000000ffffff]
[    0.002594]   DMA32    [mem 0x0000000001000000-0x000000007ffdffff]
[    0.002595]   Normal   empty
[    0.002595] Movable zone start for each node
[    0.002596] Early memory node ranges
[    0.002596]   node   0: [mem 0x0000000000001000-0x000000000009efff]
[    0.002597]   node   0: [mem 0x0000000000100000-0x000000007ffdffff]
[    0.002598] Initmem setup node 0 [mem 0x0000000000001000-0x000000007ffdffff]
[    0.004629] On node 0, zone DMA: 1 pages in unavailable ranges
[    0.004665] On node 0, zone DMA: 97 pages in unavailable ranges
[    0.022950] On node 0, zone DMA32: 32 pages in unavailable ranges
[    0.149120] kasan: KernelAddressSanitizer initialized
[    0.149336] ACPI: PM-Timer IO Port: 0x608
[    0.149343] ACPI: LAPIC_NMI (acpi_id[0xff] dfl dfl lint[0x1])
[    0.149371] IOAPIC[0]: apic_id 0, version 17, address 0xfec00000, GSI 0-23
[    0.149373] ACPI: INT_SRC_OVR (bus 0 bus_irq 0 global_irq 2 dfl dfl)
[    0.149375] ACPI: INT_SRC_OVR (bus 0 bus_irq 5 global_irq 5 high level)
[    0.149375] ACPI: INT_SRC_OVR (bus 0 bus_irq 9 global_irq 9 high level)
[    0.149376] ACPI: INT_SRC_OVR (bus 0 bus_irq 10 global_irq 10 high level)
[    0.149377] ACPI: INT_SRC_OVR (bus 0 bus_irq 11 global_irq 11 high level)
[    0.149379] ACPI: Using ACPI (MADT) for SMP configuration information
[    0.149379] ACPI: HPET id: 0x8086a201 base: 0xfed00000
[    0.149382] TSC deadline timer available
[    0.149382] smpboot: Allowing 2 CPUs, 0 hotplug CPUs
[    0.149396] kvm-guest: APIC: eoi() replaced with kvm_guest_apic_eoi_write()
[    0.149409] kvm-guest: KVM setup pv remote TLB flush
[    0.149411] kvm-guest: setup PV sched yield
[    0.149416] PM: hibernation: Registered nosave memory: [mem 0x00000000-0x00000fff]
[    0.149417] PM: hibernation: Registered nosave memory: [mem 0x0009f000-0x0009ffff]
[    0.149417] PM: hibernation: Registered nosave memory: [mem 0x000a0000-0x000effff]
[    0.149418] PM: hibernation: Registered nosave memory: [mem 0x000f0000-0x000fffff]
[    0.149419] [mem 0x80000000-0xfeffbfff] available for PCI devices
[    0.149420] Booting paravirtualized kernel on KVM
[    0.149422] clocksource: refined-jiffies: mask: 0xffffffff max_cycles: 0xffffffff, max_idle_ns: 1910969940391419 ns
[    0.156057] setup_percpu: NR_CPUS:64 nr_cpumask_bits:2 nr_cpu_ids:2 nr_node_ids:1
[    0.157589] percpu: Embedded 66 pages/cpu s231912 r8192 d30232 u1048576
[    0.157614] Kernel command line: console=ttyS0 oops=panic nokaslr rdinit=/init
[    0.157661] random: crng init done
[    0.157726] Dentry cache hash table entries: 262144 (order: 9, 2097152 bytes, linear)
[    0.158407] Inode-cache hash table entries: 131072 (order: 8, 1048576 bytes, linear)
[    0.158437] Fallback order for Node 0: 0 
[    0.158440] Built 1 zonelists, mobility grouping on.  Total pages: 515808
[    0.158441] Policy zone: DMA32
[    0.158442] mem auto-init: stack:all(zero), heap alloc:off, heap free:off
[    0.158443] stackdepot: allocating hash table via alloc_large_system_hash
[    0.163341] stackdepot hash table entries: 1048576 (order: 11, 8388608 bytes, linear)
[    0.184141] Memory: 1704480K/2096632K available (43008K kernel code, 7247K rwdata, 8696K rodata, 5160K init, 996K bss, 391896K reserved, 0K cma-reserved)
[    0.184281] SLUB: HWalign=64, Order=0-3, MinObjects=0, CPUs=2, Nodes=1
[    0.185197] Dynamic Preempt: voluntary
[    0.186189] rcu: Preemptible hierarchical RCU implementation.
[    0.186190] rcu: 	RCU event tracing is enabled.
[    0.186191] rcu: 	RCU restricting CPUs from NR_CPUS=64 to nr_cpu_ids=2.
[    0.186192] 	Trampoline variant of Tasks RCU enabled.
[    0.186193] rcu: RCU calculated value of scheduler-enlistment delay is 100 jiffies.
[    0.186194] rcu: Adjusting geometry for rcu_fanout_leaf=16, nr_cpu_ids=2
[    0.192135] NR_IRQS: 4352, nr_irqs: 440, preallocated irqs: 16
[    0.192365] rcu: srcu_init: Setting srcu_struct sizes based on contention.
[    0.194644] Console: colour VGA+ 80x25
[    0.194669] printk: console [ttyS0] enabled
[    0.231644] ACPI: Core revision 20230628
[    0.231991] clocksource: hpet: mask: 0xffffffff max_cycles: 0xffffffff, max_idle_ns: 19112604467 ns
[    0.232568] APIC: Switch to symmetric I/O mode setup
[    0.232847] kvm-guest: APIC: send_IPI_mask() replaced with kvm_send_ipi_mask()
[    0.233247] kvm-guest: APIC: send_IPI_mask_allbutself() replaced with kvm_send_ipi_mask_allbutself()
[    0.233767] kvm-guest: setup PV IPIs
[    0.234584] ..TIMER: vector=0x30 apic1=0 pin1=2 apic2=-1 pin2=-1
[    0.234927] clocksource: tsc-early: mask: 0xffffffffffffffff max_cycles: 0x2df10e7656b, max_idle_ns: 440795364873 ns
[    0.235505] Calibrating delay loop (skipped) preset value.. 6374.40 BogoMIPS (lpj=3187200)
[    0.236574] x86/cpu: User Mode Instruction Prevention (UMIP) activated
[    0.236983] Last level iTLB entries: 4KB 0, 2MB 0, 4MB 0
[    0.237501] Last level dTLB entries: 4KB 0, 2MB 0, 4MB 0, 1GB 0
[    0.237830] Spectre V1 : Mitigation: usercopy/swapgs barriers and __user pointer sanitization
[    0.238505] Spectre V2 : Mitigation: Enhanced / Automatic IBRS
[    0.238837] Spectre V2 : Spectre v2 / SpectreRSB mitigation: Filling RSB on context switch
[    0.239298] Spectre V2 : Spectre v2 / PBRSB-eIBRS: Retire a single CALL on VMEXIT
[    0.239502] Spectre V2 : mitigation: Enabling conditional Indirect Branch Prediction Barrier
[    0.239966] Speculative Store Bypass: Mitigation: Speculative Store Bypass disabled via prctl
[    0.240501] MMIO Stale Data: Unknown: No mitigations
[    0.240798] x86/fpu: Supporting XSAVE feature 0x001: 'x87 floating point registers'
[    0.241234] x86/fpu: Supporting XSAVE feature 0x002: 'SSE registers'
[    0.241501] x86/fpu: Supporting XSAVE feature 0x004: 'AVX registers'
[    0.241861] x86/fpu: Supporting XSAVE feature 0x200: 'Protection Keys User registers'
[    0.242501] x86/fpu: xstate_offset[2]:  576, xstate_sizes[2]:  256
[    0.242852] x86/fpu: xstate_offset[9]:  832, xstate_sizes[9]:    8
[    0.243203] x86/fpu: Enabled xstate features 0x207, context size is 840 bytes, using 'compacted' format.
[    0.257174] Freeing SMP alternatives memory: 40K
[    0.257491] pid_max: default: 32768 minimum: 301
[    0.257541] LSM: initializing lsm=capability,selinux,integrity
[    0.257881] SELinux:  Initializing.
[    0.258144] Mount-cache hash table entries: 4096 (order: 3, 32768 bytes, linear)
[    0.258504] Mountpoint-cache hash table entries: 4096 (order: 3, 32768 bytes, linear)
[    0.260807] smpboot: CPU0: Intel(R) Core(TM) i9-14900K (family: 0x6, model: 0xb7, stepping: 0x1)
[    0.261492] RCU Tasks: Setting shift to 1 and lim to 1 rcu_task_cb_adjust=1.
[    0.261518] Performance Events: unsupported p6 CPU model 183 no PMU driver, software events only.
[    0.262045] signal: max sigframe size: 3632
[    0.262319] rcu: Hierarchical SRCU implementation.
[    0.262502] rcu: 	Max phase no-delay instances is 400.
[    0.263147] smp: Bringing up secondary CPUs ...
[    0.263544] smpboot: x86: Booting SMP configuration:
[    0.263833] .... node  #0, CPUs:      #1
[    0.263900] smp: Brought up 1 node, 2 CPUs
[    0.264502] smpboot: Max logical packages: 1
[    0.264747] smpboot: Total of 2 processors activated (12748.80 BogoMIPS)
[    0.265503] devtmpfs: initialized
[    0.267568] clocksource: jiffies: mask: 0xffffffff max_cycles: 0xffffffff, max_idle_ns: 1911260446275000 ns
[    0.268131] futex hash table entries: 512 (order: 3, 32768 bytes, linear)
[    0.268604] PM: RTC time: 12:24:53, date: 2026-05-05
[    0.269004] NET: Registered PF_NETLINK/PF_ROUTE protocol family
[    0.269526] audit: initializing netlink subsys (disabled)
[    0.269861] audit: type=2000 audit(1777983893.813:1): state=initialized audit_enabled=0 res=1
[    0.269861] thermal_sys: Registered thermal governor 'step_wise'
[    0.270026] thermal_sys: Registered thermal governor 'user_space'
[    0.270512] cpuidle: using governor menu
[    0.271268] PCI: Using configuration type 1 for base access
[    0.271634] kprobes: kprobe jump-optimization is enabled. All kprobes are optimized if possible.
[    0.274577] HugeTLB: registered 2.00 MiB page size, pre-allocated 0 pages
[    0.274966] HugeTLB: 28 KiB vmemmap can be freed for a 2.00 MiB page
[    0.275463] ACPI: Added _OSI(Module Device)
[    0.275463] ACPI: Added _OSI(Processor Device)
[    0.275463] ACPI: Added _OSI(3.0 _SCP Extensions)
[    0.275502] ACPI: Added _OSI(Processor Aggregator Device)
[    0.282923] ACPI: 1 ACPI AML tables successfully acquired and loaded
[    0.286897] ACPI: _OSC evaluation for CPUs failed, trying _PDC
[    0.287819] ACPI: Interpreter enabled
[    0.288061] ACPI: PM: (supports S0 S3 S4 S5)
[    0.288315] ACPI: Using IOAPIC for interrupt routing
[    0.288526] PCI: Using host bridge windows from ACPI; if necessary, use "pci=nocrs" and report a bug
[    0.289051] PCI: Using E820 reservations for host bridge windows
[    0.289717] ACPI: Enabled 2 GPEs in block 00 to 0F
[    0.299640] ACPI: PCI Root Bridge [PCI0] (domain 0000 [bus 00-ff])
[    0.300009] acpi PNP0A03:00: _OSC: OS supports [ASPM ClockPM Segments MSI HPX-Type3]
[    0.300460] acpi PNP0A03:00: _OSC: not requesting OS control; OS requires [ExtendedConfig ASPM ClockPM MSI]
[    0.300548] acpi PNP0A03:00: fail to add MMCONFIG information, can't access extended configuration space under this bridge
[    0.301331] PCI host bridge to bus 0000:00
[    0.301503] pci_bus 0000:00: root bus resource [io  0x0000-0x0cf7 window]
[    0.301901] pci_bus 0000:00: root bus resource [io  0x0d00-0xffff window]
[    0.302296] pci_bus 0000:00: root bus resource [mem 0x000a0000-0x000bffff window]
[    0.303503] pci_bus 0000:00: root bus resource [mem 0x80000000-0xfebfffff window]
[    0.303936] pci_bus 0000:00: root bus resource [mem 0x100000000-0x17fffffff window]
[    0.304382] pci_bus 0000:00: root bus resource [bus 00-ff]
[    0.304547] pci 0000:00:00.0: [8086:1237] type 00 class 0x060000
[    0.308827] pci 0000:00:01.0: [8086:7000] type 00 class 0x060100
[    0.312948] pci 0000:00:01.1: [8086:7010] type 00 class 0x010180
[    0.314356] pci 0000:00:01.1: reg 0x20: [io  0xc040-0xc04f]
[    0.314743] pci 0000:00:01.1: legacy IDE quirk: reg 0x10: [io  0x01f0-0x01f7]
[    0.315155] pci 0000:00:01.1: legacy IDE quirk: reg 0x14: [io  0x03f6]
[    0.315502] pci 0000:00:01.1: legacy IDE quirk: reg 0x18: [io  0x0170-0x0177]
[    0.315911] pci 0000:00:01.1: legacy IDE quirk: reg 0x1c: [io  0x0376]
[    0.316431] pci 0000:00:01.3: [8086:7113] type 00 class 0x068000
[    0.316731] pci 0000:00:01.3: quirk: [io  0x0600-0x063f] claimed by PIIX4 ACPI
[    0.317151] pci 0000:00:01.3: quirk: [io  0x0700-0x070f] claimed by PIIX4 SMB
[    0.317653] pci 0000:00:02.0: [1234:1111] type 00 class 0x030000
[    0.318417] pci 0000:00:02.0: reg 0x10: [mem 0xfd000000-0xfdffffff pref]
[    0.320299] pci 0000:00:02.0: reg 0x18: [mem 0xfebf0000-0xfebf0fff]
[    0.322081] pci 0000:00:02.0: reg 0x30: [mem 0xfebe0000-0xfebeffff pref]
[    0.322533] pci 0000:00:02.0: Video device with shadowed ROM at [mem 0x000c0000-0x000dffff]
[    0.326762] pci 0000:00:03.0: [8086:100e] type 00 class 0x020000
[    0.327419] pci 0000:00:03.0: reg 0x10: [mem 0xfebc0000-0xfebdffff]
[    0.328751] pci 0000:00:03.0: reg 0x14: [io  0xc000-0xc03f]
[    0.330305] pci 0000:00:03.0: reg 0x30: [mem 0xfeb80000-0xfebbffff pref]
[    0.334969] ACPI: PCI: Interrupt link LNKA configured for IRQ 10
[    0.335672] ACPI: PCI: Interrupt link LNKB configured for IRQ 10
[    0.336360] ACPI: PCI: Interrupt link LNKC configured for IRQ 11
[    0.336835] ACPI: PCI: Interrupt link LNKD configured for IRQ 11
[    0.337314] ACPI: PCI: Interrupt link LNKS configured for IRQ 9
[    0.338373] iommu: Default domain type: Translated
[    0.338502] iommu: DMA domain TLB invalidation policy: lazy mode
[    0.339016] SCSI subsystem initialized
[    0.339591] ACPI: bus type USB registered
[    0.340534] usbcore: registered new interface driver usbfs
[    0.340861] usbcore: registered new interface driver hub
[    0.341181] usbcore: registered new device driver usb
[    0.341502] pps_core: LinuxPPS API ver. 1 registered
[    0.341786] pps_core: Software ver. 5.3.6 - Copyright 2005-2007 Rodolfo Giometti <giometti@linux.it>
[    0.342321] PTP clock support registered
[    0.342556] Advanced Linux Sound Architecture Driver Initialized.
[    0.343221] NetLabel: Initializing
[    0.343502] NetLabel:  domain hash size = 128
[    0.343752] NetLabel:  protocols = UNLABELED CIPSOv4 CALIPSO
[    0.344108] NetLabel:  unlabeled traffic allowed by default
[    0.344458] PCI: Using ACPI for IRQ routing
[    0.344817] pci 0000:00:02.0: vgaarb: setting as boot VGA device
[    0.344879] pci 0000:00:02.0: vgaarb: bridge control possible
[    0.345214] pci 0000:00:02.0: vgaarb: VGA device added: decodes=io+mem,owns=io+mem,locks=none
[    0.345502] vgaarb: loaded
[    0.345719] hpet0: at MMIO 0xfed00000, IRQs 2, 8, 0
[    0.346001] hpet0: 3 comparators, 64-bit 100.000000 MHz counter
[    0.349533] clocksource: Switched to clocksource kvm-clock
[    0.350016] VFS: Disk quotas dquot_6.6.0
[    0.350250] VFS: Dquot-cache hash table entries: 512 (order 0, 4096 bytes)
[    0.350866] pnp: PnP ACPI init
[    0.352042] pnp: PnP ACPI: found 6 devices
[    0.359220] clocksource: acpi_pm: mask: 0xffffff max_cycles: 0xffffff, max_idle_ns: 2085701024 ns
[    0.359770] NET: Registered PF_INET protocol family
[    0.360084] IP idents hash table entries: 32768 (order: 6, 262144 bytes, linear)
[    0.360884] tcp_listen_portaddr_hash hash table entries: 1024 (order: 2, 16384 bytes, linear)
[    0.361374] Table-perturb hash table entries: 65536 (order: 6, 262144 bytes, linear)
[    0.361822] TCP established hash table entries: 16384 (order: 5, 131072 bytes, linear)
[    0.362295] TCP bind hash table entries: 16384 (order: 7, 524288 bytes, linear)
[    0.364503] TCP: Hash tables configured (established 16384 bind 16384)
[    0.364908] UDP hash table entries: 1024 (order: 3, 32768 bytes, linear)
[    0.365303] UDP-Lite hash table entries: 1024 (order: 3, 32768 bytes, linear)
[    0.365776] NET: Registered PF_UNIX/PF_LOCAL protocol family
[    0.366275] RPC: Registered named UNIX socket transport module.
[    0.366614] RPC: Registered udp transport module.
[    0.366891] RPC: Registered tcp transport module.
[    0.367165] RPC: Registered tcp-with-tls transport module.
[    0.367478] RPC: Registered tcp NFSv4.1 backchannel transport module.
[    0.368157] pci_bus 0000:00: resource 4 [io  0x0000-0x0cf7 window]
[    0.368515] pci_bus 0000:00: resource 5 [io  0x0d00-0xffff window]
[    0.368878] pci_bus 0000:00: resource 6 [mem 0x000a0000-0x000bffff window]
[    0.369278] pci_bus 0000:00: resource 7 [mem 0x80000000-0xfebfffff window]
[    0.369674] pci_bus 0000:00: resource 8 [mem 0x100000000-0x17fffffff window]
[    0.370163] pci 0000:00:01.0: PIIX3: Enabling Passive Release
[    0.370498] pci 0000:00:00.0: Limiting direct PCI/PCI transfers
[    0.370868] PCI: CLS 0 bytes, default 64
[    0.371201] Unpacking initramfs...
[    0.373298] RAPL PMU: API unit is 2^-32 Joules, 0 fixed counters, 10737418240 ms ovfl timer
[    0.373789] clocksource: tsc: mask: 0xffffffffffffffff max_cycles: 0x2df10e7656b, max_idle_ns: 440795364873 ns
[    0.376209] Initialise system trusted keyrings
[    0.376516] workingset: timestamp_bits=56 max_order=19 bucket_order=0
[    0.377160] NFS: Registering the id_resolver key type
[    0.377457] Key type id_resolver registered
[    0.377703] Key type id_legacy registered
[    0.377974] 9p: Installing v9fs 9p2000 file system support
[    0.382989] Key type asymmetric registered
[    0.383275] Asymmetric key parser 'x509' registered
[    0.383570] Block layer SCSI generic (bsg) driver version 0.4 loaded (major 251)
[    0.384003] io scheduler mq-deadline registered
[    0.384265] io scheduler kyber registered
[    0.384903] Freeing initrd memory: 1336K
[    0.385271] input: Power Button as /devices/LNXSYSTM:00/LNXPWRBN:00/input/input0
[    0.385811] ACPI: button: Power Button [PWRF]
[    0.386375] Serial: 8250/16550 driver, 4 ports, IRQ sharing enabled
[    0.386891] 00:04: ttyS0 at I/O 0x3f8 (irq = 4, base_baud = 115200) is a 16550A
[    0.388492] Non-volatile memory driver v1.3
[    0.388739] Linux agpgart interface v0.103
[    0.391148] loop: module loaded
[    0.392267] scsi host0: ata_piix
[    0.392655] scsi host1: ata_piix
[    0.392924] ata1: PATA max MWDMA2 cmd 0x1f0 ctl 0x3f6 bmdma 0xc040 irq 14 lpm-pol 0
[    0.393362] ata2: PATA max MWDMA2 cmd 0x170 ctl 0x376 bmdma 0xc048 irq 15 lpm-pol 0
[    0.400636] e100: Intel(R) PRO/100 Network Driver
[    0.400917] e100: Copyright(c) 1999-2006 Intel Corporation
[    0.401244] e1000: Intel(R) PRO/1000 Network Driver
[    0.401524] e1000: Copyright (c) 1999-2006 Intel Corporation.
[    0.545317] ata2: found unknown device (class 0)
[    0.545922] ata2.00: ATAPI: QEMU DVD-ROM, 2.5+, max UDMA/100
[    0.546896] scsi 1:0:0:0: CD-ROM            QEMU     QEMU DVD-ROM     2.5+ PQ: 0 ANSI: 5
[    0.567395] sr 1:0:0:0: [sr0] scsi3-mmc drive: 4x/4x cd/rw xa/form2 tray
[    0.567796] cdrom: Uniform CD-ROM driver Revision: 3.20
[    0.573950] sr 1:0:0:0: Attached scsi generic sg0 type 5
[    0.699317] ACPI: \_SB_.LNKC: Enabled at IRQ 11
[    0.986627] e1000 0000:00:03.0 eth0: (PCI:33MHz:32-bit) 52:54:00:12:34:56
[    0.987031] e1000 0000:00:03.0 eth0: Intel(R) PRO/1000 Network Connection
[    0.987457] e1000e: Intel(R) PRO/1000 Network Driver
[    0.987743] e1000e: Copyright(c) 1999 - 2015 Intel Corporation.
[    0.988098] sky2: driver version 1.30
[    0.988623] usbcore: registered new interface driver usblp
[    0.988962] usbcore: registered new interface driver usb-storage
[    0.989366] i8042: PNP: PS/2 Controller [PNP0303:KBD,PNP0f13:MOU] at 0x60,0x64 irq 1,12
[    0.990272] serio: i8042 KBD port at 0x60,0x64 irq 1
[    0.990568] serio: i8042 AUX port at 0x60,0x64 irq 12
[    0.991223] rtc_cmos 00:05: RTC can wake from S4
[    0.991606] input: AT Translated Set 2 keyboard as /devices/platform/i8042/serio0/input/input1
[    0.992625] rtc_cmos 00:05: registered as rtc0
[    0.992938] rtc_cmos 00:05: alarms up to one day, y3k, 242 bytes nvram, hpet irqs
[    0.994247] device-mapper: ioctl: 4.48.0-ioctl (2023-03-01) initialised: dm-devel@redhat.com
[    0.994875] intel_pstate: CPU model not supported
[    0.995238] hid: raw HID events driver (C) Jiri Kosina
[    0.995761] usbcore: registered new interface driver usbhid
[    0.996084] usbhid: USB HID core driver
[    1.002371] Initializing XFRM netlink socket
[    1.002667] NET: Registered PF_INET6 protocol family
[    1.003336] Segment Routing with IPv6
[    1.003565] In-situ OAM (IOAM) with IPv6
[    1.003838] sit: IPv6, IPv4 and MPLS over IPv4 tunneling driver
[    1.004438] NET: Registered PF_PACKET protocol family
[    1.004768] 9pnet: Installing 9P2000 support
[    1.005037] Key type dns_resolver registered
[    1.005567] IPI shorthand broadcast: enabled
[    1.013301] sched_clock: Marking stable (972000873, 41129591)->(1015998624, -2868160)
[    1.013896] registered taskstats version 1
[    1.014141] Loading compiled-in X.509 certificates
[    1.020599] PM:   Magic number: 10:16:430
[    1.020884] printk: console [netcon0] enabled
[    1.021142] netconsole: network logging started
[    1.021481] cfg80211: Loading compiled-in X.509 certificates for regulatory database
[    1.022078] kworker/u4:1 (52) used greatest stack depth: 29464 bytes left
[    1.022767] Loaded X.509 cert 'sforshee: 00b28ddf47aef9cea7'
[    1.023155] platform regulatory.0: Direct firmware load for regulatory.db failed with error -2
[    1.023661] cfg80211: failed to load regulatory.db
[    1.023959] ALSA device list:
[    1.024152]   No soundcards found.
[    1.025020] Freeing unused kernel image (initmem) memory: 5160K
[    1.031136] Write protecting the kernel read-only data: 53248k
[    1.031659] Freeing unused kernel image (rodata/data gap) memory: 1544K
[    1.039340] x86/mm: Checked W+X mappings: passed, no W+X pages found.
[    1.039661] Run /init as init process
[    1.040953] mount (56) used greatest stack depth: 28784 bytes left
[    1.042775] mount (58) used greatest stack depth: 28664 bytes left

secb: rootfs ready
---- poc begin ----
poc: start: CVE-2023-6111 catchall-elem double-free trigger
[    1.618427] input: ImExPS/2 Generic Explorer Mouse as /devices/platform/i8042/serio1/input/input3
[    4.076475] ==================================================================
[    4.076781] BUG: KASAN: slab-use-after-free in nft_trans_gc_catchall+0x3f8/0x510
[    4.077071] Read of size 1 at addr ffff888008b4fd06 by task poc/62
[    4.077314] 
[    4.077380] CPU: 0 PID: 62 Comm: poc Not tainted 6.6.0-10140-g94090b23f3f7-dirty #1
[    4.077672] Hardware name: QEMU Standard PC (i440FX + PIIX, 1996), BIOS 1.16.2-debian-1.16.2-1 04/01/2014
[    4.078035] Call Trace:
[    4.078139]  <TASK>
[    4.078225]  dump_stack_lvl+0x36/0x50
[    4.078371]  print_report+0xcf/0x660
[    4.078514]  ? nft_trans_gc_catchall+0x3f8/0x510
[    4.078700]  kasan_report+0xc7/0x100
[    4.078842]  ? nft_trans_gc_catchall+0x3f8/0x510
[    4.079022]  nft_trans_gc_catchall+0x3f8/0x510
[    4.079196]  pipapo_gc+0x386/0x6b0
[    4.079332]  ? __pfx_pipapo_gc+0x10/0x10
[    4.079485]  nft_pipapo_commit+0x293/0x330
[    4.079646]  ? __pfx_nft_pipapo_commit+0x10/0x10
[    4.079825]  ? nf_tables_commit+0x1231/0x6240
[    4.079995]  ? __kmem_cache_free+0x82/0x1b0
[    4.080158]  nf_tables_commit+0x2000/0x6240
[    4.080320]  ? __pfx_nf_tables_commit+0x10/0x10
[    4.080497]  nfnetlink_rcv_batch+0xa9f/0x1fc0
[    4.080668]  ? __pfx_nfnetlink_rcv_batch+0x10/0x10
[    4.080855]  ? __stack_depot_save+0x39/0x480
[    4.081023]  ? stack_trace_save+0x90/0xd0
[    4.081181]  ? __x64_sys_sendto+0xdb/0x1b0
[    4.081342]  ? do_syscall_64+0x43/0xf0
[    4.081489]  ? entry_SYSCALL_64_after_hwframe+0x6f/0x77
[    4.081692]  ? avc_has_perm_noaudit+0x8e/0x140
[    4.081868]  nfnetlink_rcv+0x2df/0x360
[    4.082015]  ? __pfx_nfnetlink_rcv+0x10/0x10
[    4.082182]  ? kmem_cache_alloc_node+0xfb/0x280
[    4.082359]  ? _copy_from_iter+0x1b3/0xea0
[    4.082519]  netlink_unicast+0x5c0/0x820
[    4.082674]  ? __pfx_netlink_unicast+0x10/0x10
[    4.082847]  ? timerqueue_add+0x163/0x320
[    4.083005]  netlink_sendmsg+0x7b7/0xc70
[    4.083158]  ? __pfx_netlink_sendmsg+0x10/0x10
[    4.083332]  ? __fget_light+0x52/0x3d0
[    4.083480]  __sys_sendto+0x3c4/0x430
[    4.083631]  ? __pfx___sys_sendto+0x10/0x10
[    4.083793]  ? hrtimer_nanosleep+0x165/0x480
[    4.083961]  ? __rseq_handle_notify_resume+0x7ce/0xc20
[    4.084160]  __x64_sys_sendto+0xdb/0x1b0
[    4.084313]  ? exit_to_user_mode_prepare+0xfe/0x110
[    4.084502]  ? syscall_exit_to_user_mode+0x33/0x50
[    4.084690]  do_syscall_64+0x43/0xf0
[    4.084831]  entry_SYSCALL_64_after_hwframe+0x6f/0x77
[    4.085025] RIP: 0033:0x43b963
[    4.085147] Code: 64 89 02 48 c7 c0 ff ff ff ff eb b7 66 2e 0f 1f 84 00 00 00 00 00 90 80 3d 01 c7 06 00 00 41 89 ca 74 14 b8 2c 00 00 00 0f 05 <48> 3d 00 f0 ff ff 77 75 c3 0f 1f 40 00 55 48 83 ec 30 44 89 4c 24
[    4.085847] RSP: 002b:00007ffff503c018 EFLAGS: 00000202 ORIG_RAX: 000000000000002c
[    4.086135] RAX: ffffffffffffffda RBX: 00000000004a9300 RCX: 000000000043b963
[    4.086407] RDX: 00000000000000ec RSI: 00000000004a9300 RDI: 0000000000000003
[    4.086679] RBP: 0000000000000003 R08: 00007ffff503c024 R09: 000000000000000c
[    4.086951] R10: 0000000000000000 R11: 0000000000000202 R12: 0001001000000000
[    4.087222] R13: 0000000000000001 R14: 00000000004a92ff R15: 0000000000000056
[    4.087493]  </TASK>
[    4.087582] 
[    4.087648] Allocated by task 62:
[    4.087779]  kasan_save_stack+0x33/0x60
[    4.087929]  kasan_set_track+0x25/0x30
[    4.088076]  __kasan_kmalloc+0x8f/0xa0
[    4.088223]  __kmalloc+0x5c/0x160
[    4.088356]  nft_set_elem_init+0xbe/0x590
[    4.088512]  nft_add_set_elem+0x1350/0x3210
[    4.088677]  nf_tables_newsetelem+0x50c/0xa10
[    4.088847]  nfnetlink_rcv_batch+0x129a/0x1fc0
[    4.089020]  nfnetlink_rcv+0x2df/0x360
[    4.089167]  netlink_unicast+0x5c0/0x820
[    4.089320]  netlink_sendmsg+0x7b7/0xc70
[    4.089473]  __sys_sendto+0x3c4/0x430
[    4.089618]  __x64_sys_sendto+0xdb/0x1b0
[    4.089771]  do_syscall_64+0x43/0xf0
[    4.089911]  entry_SYSCALL_64_after_hwframe+0x6f/0x77
[    4.090106] 
[    4.090170] Freed by task 0:
[    4.090285]  kasan_save_stack+0x33/0x60
[    4.090435]  kasan_set_track+0x25/0x30
[    4.090582]  kasan_save_free_info+0x2b/0x50
[    4.090745]  __kasan_slab_free+0x10a/0x180
[    4.090904]  __kmem_cache_free+0x82/0x1b0
[    4.091060]  nft_trans_gc_trans_free+0x323/0x4c0
[    4.091240]  rcu_core+0x602/0x18f0
[    4.091375]  __do_softirq+0x1b8/0x5b4
[    4.091518] 
[    4.091583] The buggy address belongs to the object at ffff888008b4fd00
[    4.091583]  which belongs to the cache kmalloc-32 of size 32
[    4.092045] The buggy address is located 6 bytes inside of
[    4.092045]  freed 32-byte region [ffff888008b4fd00, ffff888008b4fd20)
[    4.092494] 
[    4.092559] The buggy address belongs to the physical page:
[    4.092770] page:00000000d3ab567a refcount:1 mapcount:0 mapping:0000000000000000 index:0x0 pfn:0x8b4f
[    4.093118] flags: 0x100000000000800(slab|node=0|zone=1)
[    4.093322] page_type: 0xffffffff()
[    4.093460] raw: 0100000000000800 ffff888005c41500 dead000000000122 0000000000000000
[    4.093744] raw: 0000000000000000 0000000000400040 00000001ffffffff 0000000000000000
[    4.094023] page dumped because: kasan: bad access detected
[    4.094225] 
[    4.094286] Memory state around the buggy address:
[    4.094462]  ffff888008b4fc00: fa fb fb fb fc fc fc fc fa fb fb fb fc fc fc fc
[    4.094734]  ffff888008b4fc80: fa fb fb fb fc fc fc fc fa fb fb fb fc fc fc fc
[    4.094996] >ffff888008b4fd00: fa fb fb fb fc fc fc fc fa fb fb fb fc fc fc fc
[    4.095257]                    ^
[    4.095379]  ffff888008b4fd80: fa fb fb fb fc fc fc fc fa fb fb fb fc fc fc fc
[    4.095642]  ffff888008b4fe00: fa fb fb fb fc fc fc fc fa fb fb fb fc fc fc fc
[    4.095907] ==================================================================
[    4.096171] Disabling lock debugging due to kernel taint
poc: done; on vu[    9.592210] poc (62) used greatest stack depth: 25760 bytes left
ln kernel expect KASAN UAF in nft_trans_gc_* / catchall
---- poc end rc=0 ----
secb: poc exited without crashing the kernel
[    9.625355] general protection fault, probably for non-canonical address 0xee0e0a0e0e0e0e15: 0000 [#1] PREEMPT SMP KASAN NOPTI
[    9.627745] KASAN: maybe wild-memory-access in range [0x70707070707070a8-0x70707070707070af]
[    9.629470] CPU: 0 PID: 26 Comm: kworker/u4:1 Tainted: G    B              6.6.0-10140-g94090b23f3f7-dirty #1
[    9.631476] Hardware name: QEMU Standard PC (i440FX + PIIX, 1996), BIOS 1.16.2-debian-1.16.2-1 04/01/2014
[    9.633400] Workqueue: netns cleanup_net
[    9.634230] RIP: 0010:nft_set_elem_expr_destroy+0x128/0x290
[    9.635368] Code: 45 00 41 39 c4 0f 83 a3 00 00 00 48 89 d8 48 c1 e8 03 80 3c 28 00 0f 85 21 01 00 00 48 8b 03 48 8d 78 38 48 89 fa 48 c1 ea 03 <80> 3c 2a 00 0f 85 f7 00 00 00 48 8b 50 38 48 85 d2 0f 85 1f ff ff
[    9.639089] RSP: 0018:ffffc900001c7978 EFLAGS: 00010202
[    9.640158] RAX: 7070707070707070 RBX: ffff888008c92722 RCX: 0000000000000000
[    9.641611] RDX: 0e0e0e0e0e0e0e15 RSI: 0000000000000008 RDI: 70707070707070a8
[    9.643056] RBP: dffffc0000000000 R08: 0000000000000001 R09: fffff52000038ee1
[    9.644505] R10: 0000000000000003 R11: ffff888008c8c7d0 R12: 0000000000000000
[    9.645939] R13: ffff888008c9271a R14: ffffed10011924e3 R15: ffffc900001c7bb0
[    9.646837] FS:  0000000000000000(0000) GS:ffff88806d200000(0000) knlGS:0000000000000000
[    9.647833] CS:  0010 DS: 0000 ES: 0000 CR0: 0000000080050033
[    9.648555] CR2: 0000000000579304 CR3: 0000000006406000 CR4: 0000000000750ef0
[    9.649436] PKRU: 55555554
[    9.649788] Call Trace:
[    9.650106]  <TASK>
[    9.650384]  ? die_addr+0x3b/0xa0
[    9.650817]  ? exc_general_protection+0x151/0x220
[    9.651398]  ? asm_exc_general_protection+0x26/0x30
[    9.651779]  ? nft_set_elem_expr_destroy+0x128/0x290
[    9.652161]  ? nft_set_elem_expr_destroy+0x243/0x290
[    9.652546]  nf_tables_set_elem_destroy+0xa7/0xe0
[    9.652912]  nft_set_pipapo_match_destroy+0x117/0x1f0
[    9.653301]  ? nft_pipapo_destroy+0x18d/0x7c0
[    9.653643]  nft_pipapo_destroy+0x3fb/0x7c0
[    9.653966]  ? ret_from_fork+0x2c/0x70
[    9.654259]  ? ret_from_fork_asm+0x1b/0x30
[    9.654579]  nft_set_destroy+0x1e7/0x580
[    9.654883]  __nft_release_table+0x728/0xe90
[    9.655217]  ? __pfx___nft_release_table+0x10/0x10
[    9.655591]  ? __pfx_mutex_lock+0x10/0x10
[    9.655903]  nf_tables_exit_net+0x25e/0x500
[    9.656228]  ops_exit_list+0x89/0x140
[    9.656517]  cleanup_net+0x3b3/0x980
[    9.656798]  ? __pfx_cleanup_net+0x10/0x10
[    9.657115]  ? _raw_spin_lock_irq+0x81/0xe0
[    9.657400]  ? read_word_at_a_time+0xe/0x20
[    9.657563]  ? strscpy+0xad/0x290
[    9.657697]  process_one_work+0x547/0xce0
[    9.657857]  worker_thread+0x85c/0x15d0
[    9.658009]  ? __pfx_worker_thread+0x10/0x10
[    9.658179]  kthread+0x242/0x300
[    9.658309]  ? __pfx_kthread+0x10/0x10
[    9.658456]  ret_from_fork+0x2c/0x70
[    9.658597]  ? __pfx_kthread+0x10/0x10
[    9.658745]  ret_from_fork_asm+0x1b/0x30
[    9.658900]  </TASK>
[    9.658991] Modules linked in:
[    9.659120] ---[ end trace 0000000000000000 ]---
[    9.659305] RIP: 0010:nft_set_elem_expr_destroy+0x128/0x290
[    9.659522] Code: 45 00 41 39 c4 0f 83 a3 00 00 00 48 89 d8 48 c1 e8 03 80 3c 28 00 0f 85 21 01 00 00 48 8b 03 48 8d 78 38 48 89 fa 48 c1 ea 03 <80> 3c 2a 00 0f 85 f7 00 00 00 48 8b 50 38 48 85 d2 0f 85 1f ff ff
[    9.660233] RSP: 0018:ffffc900001c7978 EFLAGS: 00010202
[    9.660436] RAX: 7070707070707070 RBX: ffff888008c92722 RCX: 0000000000000000
[    9.660714] RDX: 0e0e0e0e0e0e0e15 RSI: 0000000000000008 RDI: 70707070707070a8
[    9.660987] RBP: dffffc0000000000 R08: 0000000000000001 R09: fffff52000038ee1
[    9.661267] R10: 0000000000000003 R11: ffff888008c8c7d0 R12: 0000000000000000
[    9.661543] R13: ffff888008c9271a R14: ffffed10011924e3 R15: ffffc900001c7bb0
[    9.661819] FS:  0000000000000000(0000) GS:ffff88806d200000(0000) knlGS:0000000000000000
[    9.662132] CS:  0010 DS: 0000 ES: 0000 CR0: 0000000080050033
[    9.662357] CR2: 0000000000579304 CR3: 0000000006406000 CR4: 0000000000750ef0
[    9.662634] PKRU: 55555554
[    9.662744] Kernel panic - not syncing: Fatal exception
[    9.663298] Kernel Offset: disabled
CONFIRMED: KASAN_UAF
