bash: warning: setlocale: LC_ALL: cannot change locale (en_US.UTF-8)
c[?7l[2J[0mSeaBIOS (version 1.16.2-debian-1.16.2-1)


iPXE (http://ipxe.org) 00:03.0 CA00 PCI2.10 PnP PMM+7EFCEF00+7EF0EF00 CA00
Press Ctrl-B to configure iPXE (PCI 00:03.0)...                                                                               


Booting from ROM...
c[?7l[2J[    0.000000] Linux version 6.4.0-04324-g1a10c597f3d7-dirty (root@buildkitsandbox) (gcc (Debian 12.2.0-14+deb12u1) 12.2.0, GNU ld (GNU Binutils for Debian) 2.40) #2 SMP PREEMPT_DYNAMIC Wed May  6 16:56:34 UTC 2026
[    0.000000] Command line: console=ttyS0 oops=panic nokaslr rdinit=/init
[    0.000000] BIOS-provided physical RAM map:
[    0.000000] BIOS-e820: [mem 0x0000000000000000-0x000000000009fbff] usable
[    0.000000] BIOS-e820: [mem 0x000000000009fc00-0x000000000009ffff] reserved
[    0.000000] BIOS-e820: [mem 0x00000000000f0000-0x00000000000fffff] reserved
[    0.000000] BIOS-e820: [mem 0x0000000000100000-0x000000007ffdffff] usable
[    0.000000] BIOS-e820: [mem 0x000000007ffe0000-0x000000007fffffff] reserved
[    0.000000] BIOS-e820: [mem 0x00000000feffc000-0x00000000feffffff] reserved
[    0.000000] BIOS-e820: [mem 0x00000000fffc0000-0x00000000ffffffff] reserved
[    0.000000] NX (Execute Disable) protection: active
[    0.000000] SMBIOS 2.8 present.
[    0.000000] DMI: QEMU Standard PC (i440FX + PIIX, 1996), BIOS 1.16.2-debian-1.16.2-1 04/01/2014
[    0.000000] Hypervisor detected: KVM
[    0.000000] kvm-clock: Using msrs 4b564d01 and 4b564d00
[    0.000001] kvm-clock: using sched offset of 394559966 cycles
[    0.000003] clocksource: kvm-clock: mask: 0xffffffffffffffff max_cycles: 0x1cd42e4dffb, max_idle_ns: 881590591483 ns
[    0.000005] tsc: Detected 2995.200 MHz processor
[    0.000450] last_pfn = 0x7ffe0 max_arch_pfn = 0x400000000
[    0.000531] MTRR map: 4 entries (3 fixed + 1 variable; max 19), built from 8 variable MTRRs
[    0.000536] x86/PAT: Configuration [0-7]: WB  WC  UC- UC  WB  WP  UC- WT  
[    0.005823] found SMP MP-table at [mem 0x000f5ba0-0x000f5baf]
[    0.005872] Using GB pages for direct mapping
[    0.005901] Incomplete global flushes, disabling PCID
[    0.006085] RAMDISK: [mem 0x7fe5c000-0x7ffdffff]
[    0.006098] ACPI: Early table checksum verification disabled
[    0.006112] ACPI: RSDP 0x00000000000F59D0 000014 (v00 BOCHS )
[    0.006118] ACPI: RSDT 0x000000007FFE1B33 000034 (v01 BOCHS  BXPC     00000001 BXPC 00000001)
[    0.006136] ACPI: FACP 0x000000007FFE19DF 000074 (v01 BOCHS  BXPC     00000001 BXPC 00000001)
[    0.006143] ACPI: DSDT 0x000000007FFE0040 00199F (v01 BOCHS  BXPC     00000001 BXPC 00000001)
[    0.006146] ACPI: FACS 0x000000007FFE0000 000040
[    0.006149] ACPI: APIC 0x000000007FFE1A53 000080 (v01 BOCHS  BXPC     00000001 BXPC 00000001)
[    0.006152] ACPI: HPET 0x000000007FFE1AD3 000038 (v01 BOCHS  BXPC     00000001 BXPC 00000001)
[    0.006154] ACPI: WAET 0x000000007FFE1B0B 000028 (v01 BOCHS  BXPC     00000001 BXPC 00000001)
[    0.006157] ACPI: Reserving FACP table memory at [mem 0x7ffe19df-0x7ffe1a52]
[    0.006159] ACPI: Reserving DSDT table memory at [mem 0x7ffe0040-0x7ffe19de]
[    0.006160] ACPI: Reserving FACS table memory at [mem 0x7ffe0000-0x7ffe003f]
[    0.006161] ACPI: Reserving APIC table memory at [mem 0x7ffe1a53-0x7ffe1ad2]
[    0.006162] ACPI: Reserving HPET table memory at [mem 0x7ffe1ad3-0x7ffe1b0a]
[    0.006163] ACPI: Reserving WAET table memory at [mem 0x7ffe1b0b-0x7ffe1b32]
[    0.006810] No NUMA configuration found
[    0.006811] Faking a node at [mem 0x0000000000000000-0x000000007ffdffff]
[    0.006815] NODE_DATA(0) allocated [mem 0x7fe58000-0x7fe5bfff]
[    0.006851] Zone ranges:
[    0.006851]   DMA      [mem 0x0000000000001000-0x0000000000ffffff]
[    0.006853]   DMA32    [mem 0x0000000001000000-0x000000007ffdffff]
[    0.006854]   Normal   empty
[    0.006855] Movable zone start for each node
[    0.006855] Early memory node ranges
[    0.006855]   node   0: [mem 0x0000000000001000-0x000000000009efff]
[    0.006857]   node   0: [mem 0x0000000000100000-0x000000007ffdffff]
[    0.006858] Initmem setup node 0 [mem 0x0000000000001000-0x000000007ffdffff]
[    0.007585] On node 0, zone DMA: 1 pages in unavailable ranges
[    0.007642] On node 0, zone DMA: 97 pages in unavailable ranges
[    0.022795] On node 0, zone DMA32: 32 pages in unavailable ranges
[    0.125596] kasan: KernelAddressSanitizer initialized
[    0.126439] ACPI: PM-Timer IO Port: 0x608
[    0.126464] ACPI: LAPIC_NMI (acpi_id[0xff] dfl dfl lint[0x1])
[    0.126526] IOAPIC[0]: apic_id 0, version 17, address 0xfec00000, GSI 0-23
[    0.126532] ACPI: INT_SRC_OVR (bus 0 bus_irq 0 global_irq 2 dfl dfl)
[    0.126534] ACPI: INT_SRC_OVR (bus 0 bus_irq 5 global_irq 5 high level)
[    0.126535] ACPI: INT_SRC_OVR (bus 0 bus_irq 9 global_irq 9 high level)
[    0.126539] ACPI: INT_SRC_OVR (bus 0 bus_irq 10 global_irq 10 high level)
[    0.126540] ACPI: INT_SRC_OVR (bus 0 bus_irq 11 global_irq 11 high level)
[    0.126544] ACPI: Using ACPI (MADT) for SMP configuration information
[    0.126545] ACPI: HPET id: 0x8086a201 base: 0xfed00000
[    0.126549] TSC deadline timer available
[    0.126556] smpboot: Allowing 2 CPUs, 0 hotplug CPUs
[    0.126611] kvm-guest: KVM setup pv remote TLB flush
[    0.126619] kvm-guest: setup PV sched yield
[    0.126637] PM: hibernation: Registered nosave memory: [mem 0x00000000-0x00000fff]
[    0.126639] PM: hibernation: Registered nosave memory: [mem 0x0009f000-0x0009ffff]
[    0.126640] PM: hibernation: Registered nosave memory: [mem 0x000a0000-0x000effff]
[    0.126640] PM: hibernation: Registered nosave memory: [mem 0x000f0000-0x000fffff]
[    0.126641] [mem 0x80000000-0xfeffbfff] available for PCI devices
[    0.126642] Booting paravirtualized kernel on KVM
[    0.126645] clocksource: refined-jiffies: mask: 0xffffffff max_cycles: 0xffffffff, max_idle_ns: 1910969940391419 ns
[    0.136918] setup_percpu: NR_CPUS:64 nr_cpumask_bits:2 nr_cpu_ids:2 nr_node_ids:1
[    0.137725] percpu: Embedded 66 pages/cpu s232168 r8192 d29976 u1048576
[    0.137803] Kernel command line: console=ttyS0 oops=panic nokaslr rdinit=/init
[    0.137909] random: crng init done
[    0.138001] Dentry cache hash table entries: 262144 (order: 9, 2097152 bytes, linear)
[    0.138808] Inode-cache hash table entries: 131072 (order: 8, 1048576 bytes, linear)
[    0.138887] Fallback order for Node 0: 0 
[    0.138893] Built 1 zonelists, mobility grouping on.  Total pages: 515808
[    0.138894] Policy zone: DMA32
[    0.138896] mem auto-init: stack:all(zero), heap alloc:off, heap free:off
[    0.138897] stackdepot: allocating hash table via alloc_large_system_hash
[    0.142093] stackdepot hash table entries: 1048576 (order: 11, 8388608 bytes, linear)
[    0.163265] Memory: 1692744K/2096632K available (49152K kernel code, 7946K rwdata, 10072K rodata, 5644K init, 2948K bss, 403632K reserved, 0K cma-reserved)
[    0.163444] SLUB: HWalign=64, Order=0-3, MinObjects=0, CPUs=2, Nodes=1
[    0.164679] Dynamic Preempt: voluntary
[    0.165546] rcu: Preemptible hierarchical RCU implementation.
[    0.165547] rcu: 	RCU event tracing is enabled.
[    0.165548] rcu: 	RCU restricting CPUs from NR_CPUS=64 to nr_cpu_ids=2.
[    0.165549] 	Trampoline variant of Tasks RCU enabled.
[    0.165550] rcu: RCU calculated value of scheduler-enlistment delay is 100 jiffies.
[    0.165551] rcu: Adjusting geometry for rcu_fanout_leaf=16, nr_cpu_ids=2
[    0.173946] NR_IRQS: 4352, nr_irqs: 440, preallocated irqs: 16
[    0.174212] rcu: srcu_init: Setting srcu_struct sizes based on contention.
[    0.181302] Console: colour VGA+ 80x25
[    0.181360] printk: console [ttyS0] enabled
[    0.381767] ACPI: Core revision 20230331
[    0.383489] clocksource: hpet: mask: 0xffffffff max_cycles: 0xffffffff, max_idle_ns: 19112604467 ns
[    0.386231] APIC: Switch to symmetric I/O mode setup
[    0.387753] kvm-guest: setup PV IPIs
[    0.391246] ..TIMER: vector=0x30 apic1=0 pin1=2 apic2=-1 pin2=-1
[    0.393060] clocksource: tsc-early: mask: 0xffffffffffffffff max_cycles: 0x2b2c8ec87c7, max_idle_ns: 440795278598 ns
[    0.396088] Calibrating delay loop (skipped) preset value.. 5990.40 BogoMIPS (lpj=2995200)
[    0.398395] x86/cpu: User Mode Instruction Prevention (UMIP) activated
[    0.399487] Last level iTLB entries: 4KB 0, 2MB 0, 4MB 0
[    0.400078] Last level dTLB entries: 4KB 0, 2MB 0, 4MB 0, 1GB 0
[    0.401106] Spectre V1 : Mitigation: usercopy/swapgs barriers and __user pointer sanitization
[    0.402093] Spectre V2 : Mitigation: Enhanced / Automatic IBRS
[    0.403081] Spectre V2 : Spectre v2 / SpectreRSB mitigation: Filling RSB on context switch
[    0.404081] Spectre V2 : Spectre v2 / PBRSB-eIBRS: Retire a single CALL on VMEXIT
[    0.405081] RETBleed: Mitigation: Enhanced IBRS
[    0.406090] Spectre V2 : mitigation: Enabling conditional Indirect Branch Prediction Barrier
[    0.407083] Speculative Store Bypass: Mitigation: Speculative Store Bypass disabled via prctl
[    0.408081] MMIO Stale Data: Unknown: No mitigations
[    0.410087] x86/fpu: Supporting XSAVE feature 0x001: 'x87 floating point registers'
[    0.411081] x86/fpu: Supporting XSAVE feature 0x002: 'SSE registers'
[    0.412082] x86/fpu: Supporting XSAVE feature 0x004: 'AVX registers'
[    0.413080] x86/fpu: xstate_offset[2]:  576, xstate_sizes[2]:  256
[    0.414079] x86/fpu: Enabled xstate features 0x7, context size is 832 bytes, using 'compacted' format.
[    0.432074] Freeing SMP alternatives memory: 44K
[    0.432105] pid_max: default: 32768 minimum: 301
[    0.433237] LSM: initializing lsm=capability,selinux,integrity
[    0.434074] SELinux:  Initializing.
[    0.434268] Mount-cache hash table entries: 4096 (order: 3, 32768 bytes, linear)
[    0.435083] Mountpoint-cache hash table entries: 4096 (order: 3, 32768 bytes, linear)
[    0.438185] smpboot: CPU0: 13th Gen Intel(R) Core(TM) i9-13900H (family: 0x6, model: 0xba, stepping: 0x2)
[    0.439321] RCU Tasks: Setting shift to 1 and lim to 1 rcu_task_cb_adjust=1.
[    0.440115] Performance Events: unsupported p6 CPU model 186 no PMU driver, software events only.
[    0.441160] signal: max sigframe size: 1776
[    0.442136] rcu: Hierarchical SRCU implementation.
[    0.443082] rcu: 	Max phase no-delay instances is 400.
[    0.444612] smp: Bringing up secondary CPUs ...
[    0.445314] smpboot: x86: Booting SMP configuration:
[    0.446088] .... node  #0, CPUs:      #1
[    0.448191] smp: Brought up 1 node, 2 CPUs
[    0.450099] smpboot: Max logical packages: 1
[    0.451085] smpboot: Total of 2 processors activated (11980.80 BogoMIPS)
[    0.454082] devtmpfs: initialized
[    0.457701] clocksource: jiffies: mask: 0xffffffff max_cycles: 0xffffffff, max_idle_ns: 1911260446275000 ns
[    0.458087] futex hash table entries: 512 (order: 3, 32768 bytes, linear)
[    0.459354] PM: RTC time: 16:57:01, date: 2026-05-06
[    0.460351] NET: Registered PF_NETLINK/PF_ROUTE protocol family
[    0.461372] audit: initializing netlink subsys (disabled)
[    0.462485] audit: type=2000 audit(1778086622.437:1): state=initialized audit_enabled=0 res=1
[    0.462588] thermal_sys: Registered thermal governor 'step_wise'
[    0.463084] thermal_sys: Registered thermal governor 'user_space'
[    0.464108] cpuidle: using governor menu
[    0.466629] PCI: Using configuration type 1 for base access
[    0.467297] kprobes: kprobe jump-optimization is enabled. All kprobes are optimized if possible.
[    0.469263] HugeTLB: registered 2.00 MiB page size, pre-allocated 0 pages
[    0.471084] HugeTLB: 28 KiB vmemmap can be freed for a 2.00 MiB page
[    0.473261] ACPI: Added _OSI(Module Device)
[    0.474084] ACPI: Added _OSI(Processor Device)
[    0.475081] ACPI: Added _OSI(3.0 _SCP Extensions)
[    0.476081] ACPI: Added _OSI(Processor Aggregator Device)
[    0.486492] ACPI: 1 ACPI AML tables successfully acquired and loaded
[    0.544699] ACPI: Interpreter enabled
[    0.545119] ACPI: PM: (supports S0 S3 S4 S5)
[    0.546020] ACPI: Using IOAPIC for interrupt routing
[    0.547125] PCI: Using host bridge windows from ACPI; if necessary, use "pci=nocrs" and report a bug
[    0.549080] PCI: Using E820 reservations for host bridge windows
[    0.550525] ACPI: Enabled 2 GPEs in block 00 to 0F
[    0.563552] ACPI: PCI Root Bridge [PCI0] (domain 0000 [bus 00-ff])
[    0.566101] acpi PNP0A03:00: _OSC: OS supports [ASPM ClockPM Segments MSI HPX-Type3]
[    0.569085] acpi PNP0A03:00: _OSC: not requesting OS control; OS requires [ExtendedConfig ASPM ClockPM MSI]
[    0.573156] acpi PNP0A03:00: fail to add MMCONFIG information, can't access extended configuration space under this bridge
[    0.576324] PCI host bridge to bus 0000:00
[    0.577084] pci_bus 0000:00: root bus resource [io  0x0000-0x0cf7 window]
[    0.579082] pci_bus 0000:00: root bus resource [io  0x0d00-0xffff window]
[    0.580081] pci_bus 0000:00: root bus resource [mem 0x000a0000-0x000bffff window]
[    0.582092] pci_bus 0000:00: root bus resource [mem 0x80000000-0xfebfffff window]
[    0.584089] pci_bus 0000:00: root bus resource [mem 0x100000000-0x17fffffff window]
[    0.586090] pci_bus 0000:00: root bus resource [bus 00-ff]
[    0.588209] pci 0000:00:00.0: [8086:1237] type 00 class 0x060000
[    0.595533] pci 0000:00:01.0: [8086:7000] type 00 class 0x060100
[    0.600074] pci 0000:00:01.1: [8086:7010] type 00 class 0x010180
[    0.604663] pci 0000:00:01.1: reg 0x20: [io  0xc040-0xc04f]
[    0.606822] pci 0000:00:01.1: legacy IDE quirk: reg 0x10: [io  0x01f0-0x01f7]
[    0.609084] pci 0000:00:01.1: legacy IDE quirk: reg 0x14: [io  0x03f6]
[    0.612083] pci 0000:00:01.1: legacy IDE quirk: reg 0x18: [io  0x0170-0x0177]
[    0.614083] pci 0000:00:01.1: legacy IDE quirk: reg 0x1c: [io  0x0376]
[    0.616447] pci 0000:00:01.3: [8086:7113] type 00 class 0x068000
[    0.617957] pci 0000:00:01.3: quirk: [io  0x0600-0x063f] claimed by PIIX4 ACPI
[    0.621124] pci 0000:00:01.3: quirk: [io  0x0700-0x070f] claimed by PIIX4 SMB
[    0.623074] pci 0000:00:02.0: [1234:1111] type 00 class 0x030000
[    0.625511] pci 0000:00:02.0: reg 0x10: [mem 0xfd000000-0xfdffffff pref]
[    0.629145] pci 0000:00:02.0: reg 0x18: [mem 0xfebf0000-0xfebf0fff]
[    0.632536] pci 0000:00:02.0: reg 0x30: [mem 0xfebe0000-0xfebeffff pref]
[    0.635338] pci 0000:00:02.0: Video device with shadowed ROM at [mem 0x000c0000-0x000dffff]
[    0.643352] pci 0000:00:03.0: [8086:100e] type 00 class 0x020000
[    0.644074] pci 0000:00:03.0: reg 0x10: [mem 0xfebc0000-0xfebdffff]
[    0.646083] pci 0000:00:03.0: reg 0x14: [io  0xc000-0xc03f]
[    0.652858] pci 0000:00:03.0: reg 0x30: [mem 0xfeb80000-0xfebbffff pref]
[    0.660682] ACPI: PCI: Interrupt link LNKA configured for IRQ 10
[    0.662644] ACPI: PCI: Interrupt link LNKB configured for IRQ 10
[    0.664615] ACPI: PCI: Interrupt link LNKC configured for IRQ 11
[    0.666643] ACPI: PCI: Interrupt link LNKD configured for IRQ 11
[    0.669307] ACPI: PCI: Interrupt link LNKS configured for IRQ 9
[    0.672402] iommu: Default domain type: Translated 
[    0.673082] iommu: DMA domain TLB invalidation policy: lazy mode 
[    0.675340] SCSI subsystem initialized
[    0.676232] ACPI: bus type USB registered
[    0.677120] usbcore: registered new interface driver usbfs
[    0.678102] usbcore: registered new interface driver hub
[    0.679109] usbcore: registered new device driver usb
[    0.680133] pps_core: LinuxPPS API ver. 1 registered
[    0.681080] pps_core: Software ver. 5.3.6 - Copyright 2005-2007 Rodolfo Giometti <giometti@linux.it>
[    0.682089] PTP clock support registered
[    0.683180] Advanced Linux Sound Architecture Driver Initialized.
[    0.684576] NetLabel: Initializing
[    0.685082] NetLabel:  domain hash size = 128
[    0.686104] NetLabel:  protocols = UNLABELED CIPSOv4 CALIPSO
[    0.687382] NetLabel:  unlabeled traffic allowed by default
[    0.688298] PCI: Using ACPI for IRQ routing
[    0.689398] pci 0000:00:02.0: vgaarb: setting as boot VGA device
[    0.690074] pci 0000:00:02.0: vgaarb: bridge control possible
[    0.690074] pci 0000:00:02.0: vgaarb: VGA device added: decodes=io+mem,owns=io+mem,locks=none
[    0.690102] vgaarb: loaded
[    0.691488] hpet0: at MMIO 0xfed00000, IRQs 2, 8, 0
[    0.692092] hpet0: 3 comparators, 64-bit 100.000000 MHz counter
[    0.696253] clocksource: Switched to clocksource kvm-clock
[    0.698194] VFS: Disk quotas dquot_6.6.0
[    0.699275] VFS: Dquot-cache hash table entries: 512 (order 0, 4096 bytes)
[    0.701255] pnp: PnP ACPI init
[    0.703628] pnp: PnP ACPI: found 6 devices
[    0.713702] clocksource: acpi_pm: mask: 0xffffff max_cycles: 0xffffff, max_idle_ns: 2085701024 ns
[    0.716269] NET: Registered PF_INET protocol family
[    0.717921] IP idents hash table entries: 32768 (order: 6, 262144 bytes, linear)
[    0.720439] tcp_listen_portaddr_hash hash table entries: 1024 (order: 2, 16384 bytes, linear)
[    0.722977] Table-perturb hash table entries: 65536 (order: 6, 262144 bytes, linear)
[    0.725757] TCP established hash table entries: 16384 (order: 5, 131072 bytes, linear)
[    0.727974] TCP bind hash table entries: 16384 (order: 7, 524288 bytes, linear)
[    0.730339] TCP: Hash tables configured (established 16384 bind 16384)
[    0.734836] UDP hash table entries: 1024 (order: 3, 32768 bytes, linear)
[    0.736600] UDP-Lite hash table entries: 1024 (order: 3, 32768 bytes, linear)
[    0.738607] NET: Registered PF_UNIX/PF_LOCAL protocol family
[    0.740464] RPC: Registered named UNIX socket transport module.
[    0.742084] RPC: Registered udp transport module.
[    0.743435] RPC: Registered tcp transport module.
[    0.744712] RPC: Registered tcp NFSv4.1 backchannel transport module.
[    0.747674] pci_bus 0000:00: resource 4 [io  0x0000-0x0cf7 window]
[    0.749366] pci_bus 0000:00: resource 5 [io  0x0d00-0xffff window]
[    0.751264] pci_bus 0000:00: resource 6 [mem 0x000a0000-0x000bffff window]
[    0.753216] pci_bus 0000:00: resource 7 [mem 0x80000000-0xfebfffff window]
[    0.755144] pci_bus 0000:00: resource 8 [mem 0x100000000-0x17fffffff window]
[    0.757280] pci 0000:00:01.0: PIIX3: Enabling Passive Release
[    0.758984] pci 0000:00:00.0: Limiting direct PCI/PCI transfers
[    0.761979] PCI: CLS 0 bytes, default 64
[    0.763314] Unpacking initramfs...
[    0.764420] RAPL PMU: API unit is 2^-32 Joules, 0 fixed counters, 10737418240 ms ovfl timer
[    0.767339] clocksource: tsc: mask: 0xffffffffffffffff max_cycles: 0x2b2c8ec87c7, max_idle_ns: 440795278598 ns
[    0.772460] Initialise system trusted keyrings
[    0.773700] workingset: timestamp_bits=56 max_order=19 bucket_order=0
[    0.775800] NFS: Registering the id_resolver key type
[    0.777352] Key type id_resolver registered
[    0.778907] Key type id_legacy registered
[    0.780427] 9p: Installing v9fs 9p2000 file system support
[    0.789445] Freeing initrd memory: 1552K
[    0.791366] Key type asymmetric registered
[    0.792496] Asymmetric key parser 'x509' registered
[    0.793828] Block layer SCSI generic (bsg) driver version 0.4 loaded (major 251)
[    0.795796] io scheduler mq-deadline registered
[    0.797125] io scheduler kyber registered
[    0.798343] input: Power Button as /devices/LNXSYSTM:00/LNXPWRBN:00/input/input0
[    0.800386] ACPI: button: Power Button [PWRF]
[    0.802453] Serial: 8250/16550 driver, 4 ports, IRQ sharing enabled
[    0.804507] 00:04: ttyS0 at I/O 0x3f8 (irq = 4, base_baud = 115200) is a 16550A
[    0.807637] Non-volatile memory driver v1.3
[    0.808843] Linux agpgart interface v0.103
[    0.810085] ACPI: bus type drm_connector registered
[    0.816212] loop: module loaded
[    0.818955] scsi host0: ata_piix
[    0.820400] scsi host1: ata_piix
[    0.821696] ata1: PATA max MWDMA2 cmd 0x1f0 ctl 0x3f6 bmdma 0xc040 irq 14
[    0.826083] ata2: PATA max MWDMA2 cmd 0x170 ctl 0x376 bmdma 0xc048 irq 15
[    0.828502] e100: Intel(R) PRO/100 Network Driver
[    0.830137] e100: Copyright(c) 1999-2006 Intel Corporation
[    0.832615] e1000: Intel(R) PRO/1000 Network Driver
[    0.834414] e1000: Copyright (c) 1999-2006 Intel Corporation.
[    0.984611] ata2: found unknown device (class 0)
[    0.986393] ata2.00: ATAPI: QEMU DVD-ROM, 2.5+, max UDMA/100
[    0.989046] scsi 1:0:0:0: CD-ROM            QEMU     QEMU DVD-ROM     2.5+ PQ: 0 ANSI: 5
[    1.005623] sr 1:0:0:0: [sr0] scsi3-mmc drive: 4x/4x cd/rw xa/form2 tray
[    1.007156] cdrom: Uniform CD-ROM driver Revision: 3.20
[    1.258939] ACPI: \_SB_.LNKC: Enabled at IRQ 11
[    1.615270] e1000 0000:00:03.0 eth0: (PCI:33MHz:32-bit) 52:54:00:12:34:56
[    1.616900] e1000 0000:00:03.0 eth0: Intel(R) PRO/1000 Network Connection
[    1.618519] e1000e: Intel(R) PRO/1000 Network Driver
[    1.619612] e1000e: Copyright(c) 1999 - 2015 Intel Corporation.
[    1.620939] sky2: driver version 1.30
[    1.622445] usbcore: registered new interface driver usblp
[    1.623916] usbcore: registered new interface driver usb-storage
[    1.625523] i8042: PNP: PS/2 Controller [PNP0303:KBD,PNP0f13:MOU] at 0x60,0x64 irq 1,12
[    1.628534] serio: i8042 KBD port at 0x60,0x64 irq 1
[    1.629946] serio: i8042 AUX port at 0x60,0x64 irq 12
[    1.632326] rtc_cmos 00:05: RTC can wake from S4
[    1.635832] input: AT Translated Set 2 keyboard as /devices/platform/i8042/serio0/input/input1
[    1.636006] rtc_cmos 00:05: registered as rtc0
[    1.640370] rtc_cmos 00:05: alarms up to one day, y3k, 242 bytes nvram, hpet irqs
[    1.644294] device-mapper: ioctl: 4.48.0-ioctl (2023-03-01) initialised: dm-devel@redhat.com
[    1.649379] intel_pstate: CPU model not supported
[    1.651499] hid: raw HID events driver (C) Jiri Kosina
[    1.654034] usbcore: registered new interface driver usbhid
[    1.655672] usbhid: USB HID core driver
[    1.658447] Initializing XFRM netlink socket
[    1.659641] NET: Registered PF_INET6 protocol family
[    1.661962] Segment Routing with IPv6
[    1.663134] In-situ OAM (IOAM) with IPv6
[    1.664294] sit: IPv6, IPv4 and MPLS over IPv4 tunneling driver
[    1.666564] NET: Registered PF_PACKET protocol family
[    1.668637] 9pnet: Installing 9P2000 support
[    1.670245] Key type dns_resolver registered
[    1.672491] IPI shorthand broadcast: enabled
[    1.687745] sched_clock: Marking stable (1469036830, 217853414)->(1790510964, -103620720)
[    1.690592] registered taskstats version 1
[    1.691751] Loading compiled-in X.509 certificates
[    1.701557] PM:   Magic number: 10:583:994
[    1.703178] printk: console [netcon0] enabled
[    1.704327] netconsole: network logging started
[    1.706184] cfg80211: Loading compiled-in X.509 certificates for regulatory database
[    1.708754] kworker/u4:1 (51) used greatest stack depth: 29536 bytes left
[    1.710878] Loaded X.509 cert 'sforshee: 00b28ddf47aef9cea7'
[    1.712476] platform regulatory.0: Direct firmware load for regulatory.db failed with error -2
[    1.714824] cfg80211: failed to load regulatory.db
[    1.714868] ALSA device list:
[    1.717052]   No soundcards found.
[    1.719325] Freeing unused kernel image (initmem) memory: 5644K
[    1.726033] Write protecting the kernel read-only data: 59392k
[    1.727164] Freeing unused kernel image (rodata/data gap) memory: 168K
[    1.738932] x86/mm: Checked W+X mappings: passed, no W+X pages found.
[    1.739791] Run /init as init process
[    1.742612] mount (55) used greatest stack depth: 28760 bytes left

secb: rootfs ready
---- poc begin ----
[*] batch 1: build state
[*] batch 2: DELRULE flush (trigger; victim refcount -> -1)
[*] batch 3: NEWRULE base->victim + DELCHAIN victim (force destroy)
    [!] b3 ack seq=202 err=16 (Device or resource busy)
[*] GETRULE dump (nft_verdict_dump reads freed chain->name)
[+] poc finished
[    1.868497] poc (61) used greatest stack depth: 27064 bytes left
---- poc end rc=0 ----
secb: poc exited without crashing the kernel
[    2.272380] input: ImExPS/2 Generic Explorer Mouse as /devices/platform/i8042/serio1/input/input3
[    3.210333] ACPI: PM: Preparing to enter system sleep state S5
[    3.211262] reboot: Power down
NO_CRASH_DETECTED
