bash: warning: setlocale: LC_ALL: cannot change locale (en_US.UTF-8)
c[?7l[2J[0mSeaBIOS (version 1.16.2-debian-1.16.2-1)
Booting from ROM...
c[?7l[2Jearly console in extract_kernel
input_data: 0x000000000ed83298
input_len: 0x0000000005c62fa5
output: 0x0000000001000000
output_len: 0x0000000011d26bc0
kernel_total_size: 0x0000000013a26000
needed_size: 0x0000000013c00000
trampoline_32bit: 0x0000000000000000

Decompressing Linux... Parsing ELF... done.
Booting the kernel (entry_offset: 0x000000000000007a).
[    0.000000][    T0] Linux version 6.9.0-rc5-dirty (root@buildkitsandbox) (gcc (Debian 12.2.0-14+deb12u1) 12.2.0, GNU ld (GNU Binutils for Debian) 2.40) #1 SMP PREEMPT_DYNAMIC Mon May 25 06:08:10 UTC 2026
[    0.000000][    T0] Command line: console=ttyS0 oops=panic panic=86400 nokaslr earlyprintk=serial rdinit=/init
[    0.000000][    T0] KERNEL supported cpus:
[    0.000000][    T0]   Intel GenuineIntel
[    0.000000][    T0]   AMD AuthenticAMD
[    0.000000][    T0] BIOS-provided physical RAM map:
[    0.000000][    T0] BIOS-e820: [mem 0x0000000000000000-0x000000000009fbff] usable
[    0.000000][    T0] BIOS-e820: [mem 0x000000000009fc00-0x000000000009ffff] reserved
[    0.000000][    T0] BIOS-e820: [mem 0x00000000000f0000-0x00000000000fffff] reserved
[    0.000000][    T0] BIOS-e820: [mem 0x0000000000100000-0x000000007ffdffff] usable
[    0.000000][    T0] BIOS-e820: [mem 0x000000007ffe0000-0x000000007fffffff] reserved
[    0.000000][    T0] BIOS-e820: [mem 0x00000000feffc000-0x00000000feffffff] reserved
[    0.000000][    T0] BIOS-e820: [mem 0x00000000fffc0000-0x00000000ffffffff] reserved
[    0.000000][    T0] BIOS-e820: [mem 0x000000fd00000000-0x000000ffffffffff] reserved
[    0.000000][    T0] printk: legacy bootconsole [earlyser0] enabled
[    0.000000][    T0] NX (Execute Disable) protection: active
[    0.000000][    T0] APIC: Static calls initialized
[    0.000000][    T0] SMBIOS 2.8 present.
[    0.000000][    T0] DMI: QEMU Standard PC (i440FX + PIIX, 1996), BIOS 1.16.2-debian-1.16.2-1 04/01/2014
[    0.000000][    T0] Hypervisor detected: KVM
[    0.000000][    T0] kvm-clock: Using msrs 4b564d01 and 4b564d00
[    0.000002][    T0] kvm-clock: using sched offset of 1075054267 cycles
[    0.000727][    T0] clocksource: kvm-clock: mask: 0xffffffffffffffff max_cycles: 0x1cd42e4dffb, max_idle_ns: 881590591483 ns
[    0.002826][    T0] tsc: Detected 3493.436 MHz processor
[    0.011751][    T0] last_pfn = 0x7ffe0 max_arch_pfn = 0x400000000
[    0.012506][    T0] MTRR map: 4 entries (3 fixed + 1 variable; max 19), built from 8 variable MTRRs
[    0.013578][    T0] x86/PAT: Configuration [0-7]: WB  WC  UC- UC  WB  WP  UC- WT  
[    0.017669][    T0] found SMP MP-table at [mem 0x000f5ba0-0x000f5baf]
[    0.018449][    T0] Using GB pages for direct mapping
[    0.020963][    T0] RAMDISK: [mem 0x7fe8f000-0x7ffdffff]
[    0.021602][    T0] ACPI: Early table checksum verification disabled
[    0.022351][    T0] ACPI: RSDP 0x00000000000F59D0 000014 (v00 BOCHS )
[    0.023122][    T0] ACPI: RSDT 0x000000007FFE1B33 000034 (v01 BOCHS  BXPC     00000001 BXPC 00000001)
[    0.024229][    T0] ACPI: FACP 0x000000007FFE19DF 000074 (v01 BOCHS  BXPC     00000001 BXPC 00000001)
[    0.025340][    T0] ACPI: DSDT 0x000000007FFE0040 00199F (v01 BOCHS  BXPC     00000001 BXPC 00000001)
[    0.026441][    T0] ACPI: FACS 0x000000007FFE0000 000040
[    0.027079][    T0] ACPI: APIC 0x000000007FFE1A53 000080 (v01 BOCHS  BXPC     00000001 BXPC 00000001)
[    0.028173][    T0] ACPI: HPET 0x000000007FFE1AD3 000038 (v01 BOCHS  BXPC     00000001 BXPC 00000001)
[    0.029265][    T0] ACPI: WAET 0x000000007FFE1B0B 000028 (v01 BOCHS  BXPC     00000001 BXPC 00000001)
[    0.030351][    T0] ACPI: Reserving FACP table memory at [mem 0x7ffe19df-0x7ffe1a52]
[    0.031272][    T0] ACPI: Reserving DSDT table memory at [mem 0x7ffe0040-0x7ffe19de]
[    0.032181][    T0] ACPI: Reserving FACS table memory at [mem 0x7ffe0000-0x7ffe003f]
[    0.033112][    T0] ACPI: Reserving APIC table memory at [mem 0x7ffe1a53-0x7ffe1ad2]
[    0.034023][    T0] ACPI: Reserving HPET table memory at [mem 0x7ffe1ad3-0x7ffe1b0a]
[    0.034925][    T0] ACPI: Reserving WAET table memory at [mem 0x7ffe1b0b-0x7ffe1b32]
[    0.036597][    T0] No NUMA configuration found
[    0.037140][    T0] Faking a node at [mem 0x0000000000000000-0x000000007ffdffff]
[    0.038011][    T0] NODE_DATA(0) allocated [mem 0x7fe88e00-0x7fe8edff]
[    0.042178][    T0] Zone ranges:
[    0.042594][    T0]   DMA      [mem 0x0000000000001000-0x0000000000ffffff]
[    0.043403][    T0]   DMA32    [mem 0x0000000001000000-0x000000007ffdffff]
[    0.044214][    T0]   Normal   empty
[    0.044638][    T0]   Device   empty
[    0.045070][    T0] Movable zone start for each node
[    0.045651][    T0] Early memory node ranges
[    0.046151][    T0]   node   0: [mem 0x0000000000001000-0x000000000009efff]
[    0.046966][    T0]   node   0: [mem 0x0000000000100000-0x000000007ffdffff]
[    0.047784][    T0] Initmem setup node 0 [mem 0x0000000000001000-0x000000007ffdffff]
[    0.048711][    T0] On node 0, zone DMA: 1 pages in unavailable ranges
[    0.049683][    T0] On node 0, zone DMA: 97 pages in unavailable ranges
[    0.073181][    T0] On node 0, zone DMA32: 32 pages in unavailable ranges
[    0.108094][    T0] kasan: KernelAddressSanitizer initialized
[    0.109093][    T0] ACPI: PM-Timer IO Port: 0x608
[    0.109666][    T0] ACPI: LAPIC_NMI (acpi_id[0xff] dfl dfl lint[0x1])
[    0.110469][    T0] IOAPIC[0]: apic_id 0, version 17, address 0xfec00000, GSI 0-23
[    0.111373][    T0] ACPI: INT_SRC_OVR (bus 0 bus_irq 0 global_irq 2 dfl dfl)
[    0.112202][    T0] ACPI: INT_SRC_OVR (bus 0 bus_irq 5 global_irq 5 high level)
[    0.113065][    T0] ACPI: INT_SRC_OVR (bus 0 bus_irq 9 global_irq 9 high level)
[    0.113920][    T0] ACPI: INT_SRC_OVR (bus 0 bus_irq 10 global_irq 10 high level)
[    0.114798][    T0] ACPI: INT_SRC_OVR (bus 0 bus_irq 11 global_irq 11 high level)
[    0.115684][    T0] ACPI: Using ACPI (MADT) for SMP configuration information
[    0.116520][    T0] ACPI: HPET id: 0x8086a201 base: 0xfed00000
[    0.117212][    T0] TSC deadline timer available
[    0.117762][    T0] CPU topo: Max. logical packages:   1
[    0.118385][    T0] CPU topo: Max. logical dies:       1
[    0.119010][    T0] CPU topo: Max. dies per package:   1
[    0.119640][    T0] CPU topo: Max. threads per core:   1
[    0.120291][    T0] CPU topo: Num. cores per package:     2
[    0.120958][    T0] CPU topo: Num. threads per package:   2
[    0.121639][    T0] CPU topo: Allowing 2 present CPUs plus 0 hotplug CPUs
[    0.122476][    T0] kvm-guest: APIC: eoi() replaced with kvm_guest_apic_eoi_write()
[    0.123395][    T0] kvm-guest: KVM setup pv remote TLB flush
[    0.124059][    T0] kvm-guest: setup PV sched yield
[    0.124664][    T0] PM: hibernation: Registered nosave memory: [mem 0x00000000-0x00000fff]
[    0.125644][    T0] PM: hibernation: Registered nosave memory: [mem 0x0009f000-0x0009ffff]
[    0.126612][    T0] PM: hibernation: Registered nosave memory: [mem 0x000a0000-0x000effff]
[    0.127578][    T0] PM: hibernation: Registered nosave memory: [mem 0x000f0000-0x000fffff]
[    0.128547][    T0] [mem 0x80000000-0xfeffbfff] available for PCI devices
[    0.129349][    T0] Booting paravirtualized kernel on KVM
[    0.129986][    T0] clocksource: refined-jiffies: mask: 0xffffffff max_cycles: 0xffffffff, max_idle_ns: 19112604462750000 ns
[    0.307955][    T0] setup_percpu: NR_CPUS:8 nr_cpumask_bits:2 nr_cpu_ids:2 nr_node_ids:1
[    0.309235][    T0] percpu: Embedded 74 pages/cpu s264200 r8192 d30712 u1048576
[    0.310244][    T0] kvm-guest: PV spinlocks enabled
[    0.310843][    T0] PV qspinlock hash table entries: 256 (order: 0, 4096 bytes, linear)
[    0.311823][    T0] Kernel command line: console=ttyS0 oops=panic panic=86400 nokaslr earlyprintk=serial rdinit=/init
[    0.313545][    T0] random: crng init done
[    0.314273][    T0] Dentry cache hash table entries: 262144 (order: 9, 2097152 bytes, linear)
[    0.315376][    T0] Inode-cache hash table entries: 131072 (order: 8, 1048576 bytes, linear)
[    0.316574][    T0] Fallback order for Node 0: 0 
[    0.316586][    T0] Built 1 zonelists, mobility grouping on.  Total pages: 515808
[    0.318064][    T0] Policy zone: DMA32
[    0.318762][    T0] mem auto-init: stack:all(zero), heap alloc:on, heap free:off
[    0.319663][    T0] stackdepot: allocating hash table via alloc_large_system_hash
[    0.320567][    T0] stackdepot hash table entries: 1048576 (order: 12, 16777216 bytes, linear)
[    0.456020][    T0] Memory: 1415084K/2096632K available (163840K kernel code, 38750K rwdata, 36476K rodata, 25664K init, 33640K bss, 681292K reserved, 0K cma-reserved)
[    0.458933][    T0] SLUB: HWalign=64, Order=0-3, MinObjects=0, CPUs=2, Nodes=1
[    0.466479][    T0] allocated 4194304 bytes of page_ext
[    0.467825][    T0] Dynamic Preempt: full
[    0.469144][    T0] Running RCU self tests
[    0.469651][    T0] Running RCU synchronous self tests
[    0.470293][    T0] rcu: Preemptible hierarchical RCU implementation.
[    0.471075][    T0] rcu: 	RCU lockdep checking is enabled.
[    0.471739][    T0] rcu: 	RCU restricting CPUs from NR_CPUS=8 to nr_cpu_ids=2.
[    0.472612][    T0] rcu: 	RCU callback double-/use-after-free debug is enabled.
[    0.473495][    T0] rcu: 	RCU debug extended QS entry/exit.
[    0.474170][    T0] 	Trampoline variant of Tasks RCU enabled.
[    0.474869][    T0] 	Tracing variant of Tasks RCU enabled.
[    0.475531][    T0] rcu: RCU calculated value of scheduler-enlistment delay is 10 jiffies.
[    0.476525][    T0] rcu: Adjusting geometry for rcu_fanout_leaf=16, nr_cpu_ids=2
[    0.477536][    T0] Running RCU synchronous self tests
[    0.478166][    T0] RCU Tasks: Setting shift to 1 and lim to 1 rcu_task_cb_adjust=1.
[    0.479097][    T0] RCU Tasks Trace: Setting shift to 1 and lim to 1 rcu_task_cb_adjust=1.
[    0.596750][    T0] NR_IRQS: 4352, nr_irqs: 440, preallocated irqs: 16
[    0.598460][    T0] rcu: srcu_init: Setting srcu_struct sizes based on contention.
[    0.599642][    T0] kfence: initialized - using 2097152 bytes for 255 objects at 0x(____ptrval____)-0x(____ptrval____)
[    0.608814][    T0] Console: colour VGA+ 80x25
[    0.609470][    T0] printk: legacy console [ttyS0] enabled
[    0.609470][    T0] printk: legacy console [ttyS0] enabled
[    0.610779][    T0] printk: legacy bootconsole [earlyser0] disabled
[    0.610779][    T0] printk: legacy bootconsole [earlyser0] disabled
[    0.612315][    T0] Lock dependency validator: Copyright (c) 2006 Red Hat, Inc., Ingo Molnar
[    0.613324][    T0] ... MAX_LOCKDEP_SUBCLASSES:  8
[    0.613901][    T0] ... MAX_LOCK_DEPTH:          48
[    0.614488][    T0] ... MAX_LOCKDEP_KEYS:        8192
[    0.615094][    T0] ... CLASSHASH_SIZE:          4096
[    0.615704][    T0] ... MAX_LOCKDEP_ENTRIES:     131072
[    0.616330][    T0] ... MAX_LOCKDEP_CHAINS:      262144
[    0.616966][    T0] ... CHAINHASH_SIZE:          131072
[    0.617593][    T0]  memory used by lock dependency info: 20721 kB
[    0.618331][    T0]  memory used for stack traces: 8320 kB
[    0.618990][    T0]  per task-struct memory footprint: 1920 bytes
[    0.619829][    T0] ACPI: Core revision 20230628
[    0.621178][    T0] clocksource: hpet: mask: 0xffffffff max_cycles: 0xffffffff, max_idle_ns: 19112604467 ns
[    0.622736][    T0] APIC: Switch to symmetric I/O mode setup
[    0.623591][    T0] x2apic enabled
[    0.624490][    T0] APIC: Switched APIC routing to: physical x2apic
[    0.625267][    T0] kvm-guest: APIC: send_IPI_mask() replaced with kvm_send_ipi_mask()
[    0.626219][    T0] kvm-guest: APIC: send_IPI_mask_allbutself() replaced with kvm_send_ipi_mask_allbutself()
[    0.627399][    T0] kvm-guest: setup PV IPIs
[    0.629724][    T0] ..TIMER: vector=0x30 apic1=0 pin1=2 apic2=-1 pin2=-1
[    0.630537][    T0] tsc: Marking TSC unstable due to TSCs unsynchronized
[    0.631337][    T0] Calibrating delay loop (skipped) preset value.. 6986.87 BogoMIPS (lpj=34934360)
[    0.632463][    T0] x86/cpu: User Mode Instruction Prevention (UMIP) activated
[    0.641554][    T0] Last level iTLB entries: 4KB 512, 2MB 255, 4MB 127
[    0.642325][    T0] Last level dTLB entries: 4KB 512, 2MB 255, 4MB 127, 1GB 0
[    0.643170][    T0] Spectre V1 : Mitigation: usercopy/swapgs barriers and __user pointer sanitization
[    0.644247][    T0] Spectre V2 : Mitigation: Retpolines
[    0.644861][    T0] Spectre V2 : Spectre v2 / SpectreRSB mitigation: Filling RSB on context switch
[    0.645934][    T0] Spectre V2 : Spectre v2 / SpectreRSB : Filling RSB on VMEXIT
[    0.646787][    T0] Spectre V2 : Enabling Speculation Barrier for firmware calls
[    0.647642][    T0] RETBleed: Mitigation: untrained return thunk
[    0.648348][    T0] Spectre V2 : mitigation: Enabling conditional Indirect Branch Prediction Barrier
[    0.649406][    T0] Speculative Store Bypass: Mitigation: Speculative Store Bypass disabled via prctl
[    0.651322][    T0] Speculative Return Stack Overflow: IBPB-extending microcode not applied!
[    0.652293][    T0] Speculative Return Stack Overflow: WARNING: See https://kernel.org/doc/html/latest/admin-guide/hw-vuln/srso.html for mitigation options.
[    0.652300][    T0] Speculative Return Stack Overflow: Vulnerable: Safe RET, no microcode
[    0.654892][    T0] x86/fpu: Supporting XSAVE feature 0x001: 'x87 floating point registers'
[    0.655847][    T0] x86/fpu: Supporting XSAVE feature 0x002: 'SSE registers'
[    0.656654][    T0] x86/fpu: Supporting XSAVE feature 0x004: 'AVX registers'
[    0.657475][    T0] x86/fpu: xstate_offset[2]:  576, xstate_sizes[2]:  256
[    0.658276][    T0] x86/fpu: Enabled xstate features 0x7, context size is 832 bytes, using 'compacted' format.
[    0.935938][    T0] Freeing SMP alternatives memory: 120K
[    0.936633][    T0] pid_max: default: 32768 minimum: 301
[    0.938136][    T0] LSM: initializing lsm=lockdown,capability,landlock,yama,safesetid,tomoyo,smack,bpf,ima,evm
[    0.939696][    T0] landlock: Up and running.
[    0.940229][    T0] Yama: becoming mindful.
[    0.941062][    T0] TOMOYO Linux initialized
[    0.941612][    T0] Smack:  Initializing.
[    0.942104][    T0] Smack:  Netfilter enabled.
[    0.942639][    T0] Smack:  IPv6 Netfilter enabled.
[    0.943301][    T0] LSM support for eBPF active
[    0.945011][    T0] Mount-cache hash table entries: 4096 (order: 3, 32768 bytes, linear)
[    0.946004][    T0] Mountpoint-cache hash table entries: 4096 (order: 3, 32768 bytes, linear)
[    0.959352][    T0] Running RCU synchronous self tests
[    0.959978][    T0] Running RCU synchronous self tests
[    0.962558][    T1] smpboot: CPU0: AMD Ryzen Threadripper PRO 3975WX 32-Cores (family: 0x17, model: 0x31, stepping: 0x0)
[    0.984241][    T1] Running RCU Tasks wait API self tests
[    0.985446][    T1] Running RCU Tasks Trace wait API self tests
[    0.986408][    T1] Performance Events: Fam17h+ core perfctr, AMD PMU driver.
[    0.987499][    T1] ... version:                0
[    0.988070][    T1] ... bit width:              48
[    0.988658][    T1] ... generic registers:      6
[    0.989229][    T1] ... value mask:             0000ffffffffffff
[    0.989948][    T1] ... max period:             00007fffffffffff
[    0.990668][    T1] ... fixed-purpose events:   0
[    0.991239][    T1] ... event mask:             000000000000003f
[    0.992448][    T1] signal: max sigframe size: 1776
[    1.001654][   T14] Callback from call_rcu_tasks_trace() invoked.
[    1.002706][    T1] rcu: Hierarchical SRCU implementation.
[    1.003365][    T1] rcu: 	Max phase no-delay instances is 1000.
[    1.081367][    T1] smp: Bringing up secondary CPUs ...
[    1.102773][    T1] smpboot: x86: Booting SMP configuration:
[    1.103567][    T1] .... node  #0, CPUs:      #1
[    1.104313][    T1] smp: Brought up 1 node, 2 CPUs
[    1.104313][    T1] smpboot: Total of 2 processors activated (13973.74 BogoMIPS)
[    1.115753][    T1] devtmpfs: initialized
[    1.123644][    T1] x86/mm: Memory block size: 128MB
[    1.172390][    T1] Running RCU synchronous self tests
[    1.173743][    T1] Running RCU synchronous self tests
[    1.175477][    T1] clocksource: jiffies: mask: 0xffffffff max_cycles: 0xffffffff, max_idle_ns: 19112604462750000 ns
[    1.175477][    T1] futex hash table entries: 512 (order: 4, 65536 bytes, linear)
[    1.195244][    T1] PM: RTC time: 06:47:15, date: 2026-05-25
[    1.197061][   T13] Callback from call_rcu_tasks() invoked.
[    1.217100][    T1] NET: Registered PF_NETLINK/PF_ROUTE protocol family
[    1.226280][    T1] audit: initializing netlink subsys (disabled)
[    1.231691][   T28] audit: type=2000 audit(1779691635.652:1): state=initialized audit_enabled=0 res=1
[    1.249246][    T1] thermal_sys: Registered thermal governor 'step_wise'
[    1.249282][    T1] thermal_sys: Registered thermal governor 'user_space'
[    1.251508][    T1] cpuidle: using governor menu
[    1.253764][    T1] NET: Registered PF_QIPCRTR protocol family
[    1.261996][    T1] dca service started, version 1.12.1
[    1.263006][    T1] PCI: Using configuration type 1 for base access
[    1.263767][    T1] PCI: Using configuration type 1 for extended access
[    1.271329][    T1] HugeTLB: registered 1.00 GiB page size, pre-allocated 0 pages
[    1.271329][    T1] HugeTLB: 16380 KiB vmemmap can be freed for a 1.00 GiB page
[    1.271365][    T1] HugeTLB: registered 2.00 MiB page size, pre-allocated 0 pages
[    1.273219][    T1] HugeTLB: 28 KiB vmemmap can be freed for a 2.00 MiB page
[    1.291027][    T1] Demotion targets for Node 0: null
[    1.313272][    T1] cryptd: max_cpu_qlen set to 1000
[    1.344834][    T1] raid6: skipped pq benchmark and selected avx2x4
[    1.346379][    T1] raid6: using avx2x2 recovery algorithm
[    1.354362][    T1] ACPI: Added _OSI(Module Device)
[    1.355441][    T1] ACPI: Added _OSI(Processor Device)
[    1.356558][    T1] ACPI: Added _OSI(3.0 _SCP Extensions)
[    1.357285][    T1] ACPI: Added _OSI(Processor Aggregator Device)
[    1.580613][    T1] ACPI: 1 ACPI AML tables successfully acquired and loaded
[    1.613775][    T1] ACPI: _OSC evaluation for CPUs failed, trying _PDC
[    1.632057][    T1] ACPI: Interpreter enabled
[    1.633698][    T1] ACPI: PM: (supports S0 S3 S4 S5)
[    1.634373][    T1] ACPI: Using IOAPIC for interrupt routing
[    1.635820][    T1] PCI: Using host bridge windows from ACPI; if necessary, use "pci=nocrs" and report a bug
[    1.636991][    T1] PCI: Using E820 reservations for host bridge windows
[    1.650024][    T1] ACPI: Enabled 2 GPEs in block 00 to 0F
[    2.070466][    T1] ACPI: PCI Root Bridge [PCI0] (domain 0000 [bus 00-ff])
[    2.071511][    T1] acpi PNP0A03:00: _OSC: OS supports [ExtendedConfig ASPM ClockPM Segments MSI HPX-Type3]
[    2.081281][    T1] PCI host bridge to bus 0000:00
[    2.081372][    T1] pci_bus 0000:00: root bus resource [io  0x0000-0x0cf7 window]
[    2.082339][    T1] pci_bus 0000:00: root bus resource [io  0x0d00-0xffff window]
[    2.083294][    T1] pci_bus 0000:00: root bus resource [mem 0x000a0000-0x000bffff window]
[    2.084333][    T1] pci_bus 0000:00: root bus resource [mem 0x80000000-0xfebfffff window]
[    2.085373][    T1] pci_bus 0000:00: root bus resource [mem 0x100000000-0x17fffffff window]
[    2.086492][    T1] pci_bus 0000:00: root bus resource [bus 00-ff]
[    2.088861][    T1] pci 0000:00:00.0: [8086:1237] type 00 class 0x060000 conventional PCI endpoint
[    2.238733][    T1] pci 0000:00:01.0: [8086:7000] type 00 class 0x060100 conventional PCI endpoint
[    2.385113][    T1] pci 0000:00:01.1: [8086:7010] type 00 class 0x010180 conventional PCI endpoint
[    2.387810][    T1] pci 0000:00:01.1: BAR 4 [io  0xc000-0xc00f]
[    2.389198][    T1] pci 0000:00:01.1: BAR 0 [io  0x01f0-0x01f7]: legacy IDE quirk
[    2.390120][    T1] pci 0000:00:01.1: BAR 1 [io  0x03f6]: legacy IDE quirk
[    2.390958][    T1] pci 0000:00:01.1: BAR 2 [io  0x0170-0x0177]: legacy IDE quirk
[    2.391335][    T1] pci 0000:00:01.1: BAR 3 [io  0x0376]: legacy IDE quirk
[    2.395217][    T1] pci 0000:00:01.3: [8086:7113] type 00 class 0x068000 conventional PCI endpoint
[    2.397443][    T1] pci 0000:00:01.3: quirk: [io  0x0600-0x063f] claimed by PIIX4 ACPI
[    2.398421][    T1] pci 0000:00:01.3: quirk: [io  0x0700-0x070f] claimed by PIIX4 SMB
[    2.402192][    T1] pci 0000:00:02.0: [1234:1111] type 00 class 0x030000 conventional PCI endpoint
[    2.404424][    T1] pci 0000:00:02.0: BAR 0 [mem 0xfd000000-0xfdffffff pref]
[    2.406854][    T1] pci 0000:00:02.0: BAR 2 [mem 0xfebf0000-0xfebf0fff]
[    2.410381][    T1] pci 0000:00:02.0: ROM [mem 0xfebe0000-0xfebeffff pref]
[    2.411744][    T1] pci 0000:00:02.0: Video device with shadowed ROM at [mem 0x000c0000-0x000dffff]
[    2.590970][    T1] ACPI: PCI: Interrupt link LNKA configured for IRQ 10
[    2.604498][    T1] ACPI: PCI: Interrupt link LNKB configured for IRQ 10
[    2.618457][    T1] ACPI: PCI: Interrupt link LNKC configured for IRQ 11
[    2.632413][    T1] ACPI: PCI: Interrupt link LNKD configured for IRQ 11
[    2.638311][    T1] ACPI: PCI: Interrupt link LNKS configured for IRQ 9
[    2.674842][    T1] iommu: Default domain type: Translated
[    2.675529][    T1] iommu: DMA domain TLB invalidation policy: lazy mode
[    2.687624][    T1] SCSI subsystem initialized
[    2.701669][    T1] ACPI: bus type USB registered
[    2.701669][    T1] usbcore: registered new interface driver usbfs
[    2.701669][    T1] usbcore: registered new interface driver hub
[    2.701669][    T1] usbcore: registered new device driver usb
[    2.703709][    T1] mc: Linux media interface: v0.10
[    2.704749][    T1] videodev: Linux video capture interface: v2.00
[    2.707045][    T1] pps_core: LinuxPPS API ver. 1 registered
[    2.707737][    T1] pps_core: Software ver. 5.3.6 - Copyright 2005-2007 Rodolfo Giometti <giometti@linux.it>
[    2.709133][    T1] PTP clock support registered
[    2.721483][    T1] EDAC MC: Ver: 3.0.0
[    2.724168][    T1] Advanced Linux Sound Architecture Driver Initialized.
[    2.733784][    T1] Bluetooth: Core ver 2.22
[    2.734635][    T1] NET: Registered PF_BLUETOOTH protocol family
[    2.735367][    T1] Bluetooth: HCI device and connection manager initialized
[    2.736319][    T1] Bluetooth: HCI socket layer initialized
[    2.737030][    T1] Bluetooth: L2CAP socket layer initialized
[    2.737924][    T1] Bluetooth: SCO socket layer initialized
[    2.738778][    T1] NET: Registered PF_ATMPVC protocol family
[    2.739479][    T1] NET: Registered PF_ATMSVC protocol family
[    2.740840][    T1] NetLabel: Initializing
[    2.741337][    T1] NetLabel:  domain hash size = 128
[    2.741956][    T1] NetLabel:  protocols = UNLABELED CIPSOv4 CALIPSO
[    2.743764][    T1] NetLabel:  unlabeled traffic allowed by default
[    2.749452][    T1] nfc: nfc_init: NFC Core ver 0.1
[    2.750822][    T1] NET: Registered PF_NFC protocol family
[    2.751550][    T1] PCI: Using ACPI for IRQ routing
[    2.753789][    T1] pci 0000:00:02.0: vgaarb: setting as boot VGA device
[    2.754702][    T1] pci 0000:00:02.0: vgaarb: bridge control possible
[    2.755484][    T1] pci 0000:00:02.0: vgaarb: VGA device added: decodes=io+mem,owns=io+mem,locks=none
[    2.756597][    T1] vgaarb: loaded
[    2.758902][    T1] hpet0: at MMIO 0xfed00000, IRQs 2, 8, 0
[    2.759635][    T1] hpet0: 3 comparators, 64-bit 100.000000 MHz counter
[    2.771957][    T1] clocksource: Switched to clocksource kvm-clock
[    2.781849][    T1] VFS: Disk quotas dquot_6.6.0
[    2.782654][    T1] VFS: Dquot-cache hash table entries: 512 (order 0, 4096 bytes)
[    2.785141][    T1] netfs: FS-Cache loaded
[    2.788205][    T1] CacheFiles: Loaded
[    2.790025][    T1] TOMOYO: 2.6.0
[    2.790546][    T1] Mandatory Access Control activated.
[    2.792348][    T1] pnp: PnP ACPI init
[    2.829054][    T1] pnp: PnP ACPI: found 6 devices
[    2.940516][    T1] clocksource: acpi_pm: mask: 0xffffff max_cycles: 0xffffff, max_idle_ns: 2085701024 ns
[    2.944754][    T1] NET: Registered PF_INET protocol family
[    2.946391][    T1] IP idents hash table entries: 32768 (order: 6, 262144 bytes, linear)
[    2.958563][    T1] tcp_listen_portaddr_hash hash table entries: 1024 (order: 4, 73728 bytes, linear)
[    2.959789][    T1] Table-perturb hash table entries: 65536 (order: 6, 262144 bytes, linear)
[    2.960934][    T1] TCP established hash table entries: 16384 (order: 5, 131072 bytes, linear)
[    2.964447][    T1] TCP bind hash table entries: 16384 (order: 9, 2359296 bytes, linear)
[    2.967485][    T1] TCP: Hash tables configured (established 16384 bind 16384)
[    2.970250][    T1] MPTCP token hash table entries: 2048 (order: 5, 180224 bytes, linear)
[    2.971712][    T1] UDP hash table entries: 1024 (order: 5, 163840 bytes, linear)
[    2.972971][    T1] UDP-Lite hash table entries: 1024 (order: 5, 163840 bytes, linear)
[    2.975483][    T1] NET: Registered PF_UNIX/PF_LOCAL protocol family
[    2.981452][    T1] RPC: Registered named UNIX socket transport module.
[    2.982399][    T1] RPC: Registered udp transport module.
[    2.983063][    T1] RPC: Registered tcp transport module.
[    2.983723][    T1] RPC: Registered tcp-with-tls transport module.
[    2.984474][    T1] RPC: Registered tcp NFSv4.1 backchannel transport module.
[    2.991105][    T1] NET: Registered PF_XDP protocol family
[    2.991816][    T1] pci_bus 0000:00: resource 4 [io  0x0000-0x0cf7 window]
[    2.992723][    T1] pci_bus 0000:00: resource 5 [io  0x0d00-0xffff window]
[    2.993575][    T1] pci_bus 0000:00: resource 6 [mem 0x000a0000-0x000bffff window]
[    2.994519][    T1] pci_bus 0000:00: resource 7 [mem 0x80000000-0xfebfffff window]
[    2.995450][    T1] pci_bus 0000:00: resource 8 [mem 0x100000000-0x17fffffff window]
[    2.999388][    T1] pci 0000:00:01.0: PIIX3: Enabling Passive Release
[    3.000200][    T1] pci 0000:00:00.0: Limiting direct PCI/PCI transfers
[    3.001244][    T1] PCI: CLS 0 bytes, default 64
[    3.002249][    T1] ACPI: bus type thunderbolt registered
[    3.004909][    T1] kvm_intel: VMX not supported by CPU 1
[    3.006364][    T1] kvm_amd: Nested Virtualization enabled
[    3.007150][    T1] kvm_amd: Nested Paging enabled
[    3.039857][   T40] Trying to unpack rootfs image as initramfs...
[    3.429040][   T40] Freeing initrd memory: 1348K
[    3.430956][   T72] kworker/u8:5 (72) used greatest stack depth: 28368 bytes left
[   11.991829][    T1] Initialise system trusted keyrings
[   11.997335][    T1] workingset: timestamp_bits=40 max_order=19 bucket_order=0
[   12.007396][    T1] DLM installed
[   12.015575][    T1] squashfs: version 4.0 (2009/01/31) Phillip Lougher
[   12.034609][    T1] NFS: Registering the id_resolver key type
[   12.035483][    T1] Key type id_resolver registered
[   12.036185][    T1] Key type id_legacy registered
[   12.037014][    T1] nfs4filelayout_init: NFSv4 File Layout Driver Registering...
[   12.038114][    T1] nfs4flexfilelayout_init: NFSv4 Flexfile Layout Driver Registering...
[   12.055393][    T1] Key type cifs.spnego registered
[   12.056461][    T1] Key type cifs.idmap registered
[   12.057666][    T1] ntfs3: Max link count 4000
[   12.058217][    T1] ntfs3: Enabled Linux POSIX ACLs support
[   12.058918][    T1] ntfs3: Read-only LZX/Xpress compression included
[   12.059933][    T1] efs: 1.0a - http://aeschi.ch.eu.org/efs/
[   12.060693][    T1] jffs2: version 2.2. (NAND) (SUMMARY)  © 2001-2006 Red Hat, Inc.
[   12.063920][    T1] romfs: ROMFS MTD (C) 2007 Red Hat, Inc.
[   12.064749][    T1] QNX4 filesystem 0.2.3 registered.
[   12.065439][    T1] qnx6: QNX6 filesystem 1.0.0 registered.
[   12.067324][    T1] fuse: init (API version 7.40)
[   12.071160][    T1] orangefs_debugfs_init: called with debug mask: :none: :0:
[   12.074239][    T1] orangefs_init: module version upstream loaded
[   12.076555][    T1] JFS: nTxBlock = 8192, nTxLock = 65536
[   12.090191][    T1] SGI XFS with ACLs, security attributes, realtime, quota, no debug enabled
[   12.096062][    T1] 9p: Installing v9fs 9p2000 file system support
[   12.097409][    T1] NILFS version 2 loaded
[   12.097920][    T1] befs: version: 0.9.3
[   12.099230][    T1] ocfs2: Registered cluster interface o2cb
[   12.101490][    T1] ocfs2: Registered cluster interface user
[   12.103642][    T1] OCFS2 User DLM kernel interface loaded
[   12.142972][    T1] gfs2: GFS2 installed
[   12.157310][    T1] ceph: loaded (mds proto 32)
[   12.204937][    T1] NET: Registered PF_ALG protocol family
[   12.205935][    T1] xor: automatically using best checksumming function   avx       
[   12.206960][    T1] async_tx: api initialized (async)
[   12.207599][    T1] Key type asymmetric registered
[   12.208247][    T1] Asymmetric key parser 'x509' registered
[   12.209019][    T1] Asymmetric key parser 'pkcs8' registered
[   12.209706][    T1] Key type pkcs7_test registered
[   12.210972][    T1] Block layer SCSI generic (bsg) driver version 0.4 loaded (major 239)
[   12.213242][    T1] io scheduler mq-deadline registered
[   12.213887][    T1] io scheduler kyber registered
[   12.214712][    T1] io scheduler bfq registered
[   12.219250][  T124] kworker/u8:1 (124) used greatest stack depth: 27664 bytes left
[   12.226996][    T1] input: Power Button as /devices/LNXSYSTM:00/LNXPWRBN:00/input/input0
[   12.246833][    T1] ACPI: button: Power Button [PWRF]
[   12.280377][    T1] ioatdma: Intel(R) QuickData Technology Driver 5.00
[   12.374925][  T220] kworker/u8:4 (220) used greatest stack depth: 27536 bytes left
[   12.575535][  T370] kworker/u8:4 (370) used greatest stack depth: 27328 bytes left
[   12.998782][    T1] N_HDLC line discipline registered with maxframe=4096
[   12.999768][    T1] Serial: 8250/16550 driver, 4 ports, IRQ sharing enabled
[   13.007240][    T1] 00:04: ttyS0 at I/O 0x3f8 (irq = 4, base_baud = 115200) is a 16550A
[   13.054231][    T1] Non-volatile memory driver v1.3
[   13.055128][    T1] Linux agpgart interface v0.103
[   13.065528][    T1] ACPI: bus type drm_connector registered
[   13.079670][    T1] [drm] Initialized vgem 1.0.0 20120112 for vgem on minor 0
[   13.098651][    T1] [drm] Initialized vkms 1.0.0 20180514 for vkms on minor 1
[   13.190445][    T1] Console: switching to colour frame buffer device 128x48
[   13.206889][    T1] platform vkms: [drm] fb0: vkmsdrmfb frame buffer device
[   13.208350][    T1] usbcore: registered new interface driver udl
[   13.210398][    T1] bochs-drm 0000:00:02.0: vgaarb: deactivate vga console
[   13.217454][    T1] [drm] Found bochs VGA, ID 0xb0c5.
[   13.218066][    T1] [drm] Framebuffer size 16384 kB @ 0xfd000000, mmio @ 0xfebf0000.
[   13.228454][    T1] [drm] Found EDID data blob.
[   13.242609][    T1] [drm] Initialized bochs-drm 1.0.0 20130925 for 0000:00:02.0 on minor 2
[   13.264070][    T1] fbcon: bochs-drmdrmfb (fb1) is primary device
[   13.264099][    T1] fbcon: Remapping primary device, fb1, to tty 1-63
[   24.658885][    T1] bochs-drm 0000:00:02.0: [drm] fb1: bochs-drmdrmfb frame buffer device
[   24.822522][    T1] brd: module loaded
[   25.037508][    T1] loop: module loaded
[   25.305036][    T1] zram: Added device: zram0
[   25.324630][    T1] null_blk: disk nullb0 created
[   25.325221][    T1] null_blk: module loaded
[   25.327115][    T1] Guest personality initialized and is inactive
[   25.329696][    T1] VMCI host device registered (name=vmci, major=10, minor=118)
[   25.330633][    T1] Initialized host personality
[   25.332074][    T1] usbcore: registered new interface driver rtsx_usb
[   25.334567][    T1] usbcore: registered new interface driver viperboard
[   25.336059][    T1] usbcore: registered new interface driver dln2
[   25.337557][    T1] usbcore: registered new interface driver pn533_usb
[   25.346798][    T1] nfcsim 0.2 initialized
[   25.347720][    T1] usbcore: registered new interface driver port100
[   25.348894][    T1] usbcore: registered new interface driver nfcmrvl
[   25.357967][    T1] Loading iSCSI transport class v2.0-870.
[   25.377023][    T1] st: Version 20160209, fixed bufsize 32768, s/g segs 256
[   25.445963][    T1] scsi host0: ata_piix
[   25.454819][    T1] scsi host1: ata_piix
[   25.459228][    T1] ata1: PATA max MWDMA2 cmd 0x1f0 ctl 0x3f6 bmdma 0xc000 irq 14 lpm-pol 0
[   25.460295][    T1] ata2: PATA max MWDMA2 cmd 0x170 ctl 0x376 bmdma 0xc008 irq 15 lpm-pol 0
[   25.470426][    T1] Rounding down aligned max_sectors from 4294967295 to 4294967288
[   25.472516][    T1] db_root: cannot open: /etc/target
[   25.475659][    T1] slram: not enough parameters.
[   25.486801][    T1] ftl_cs: FTL header not found.
[   25.577437][    T1] wireguard: WireGuard 1.0.0 loaded. See www.wireguard.com for information.
[   25.579608][    T1] wireguard: Copyright (C) 2015-2019 Jason A. Donenfeld <Jason@zx2c4.com>. All Rights Reserved.
[   25.585272][    T1] eql: Equalizer2002: Simon Janes (simon@ncm.com) and David S. Miller (davem@redhat.com)
[   25.605239][    T1] MACsec IEEE 802.1AE
[   25.625935][    T1] tun: Universal TUN/TAP device driver, 1.6
[   25.632109][  T991] ata2: found unknown device (class 0)
[   25.633868][  T991] ata2.00: ATAPI: QEMU DVD-ROM, 2.5+, max UDMA/100
[   25.643949][    T1] vcan: Virtual CAN interface driver
[   25.644655][    T1] vxcan: Virtual CAN Tunnel driver
[   25.645324][    T1] slcan: serial line CAN interface driver
[   25.646058][    T1] CAN device driver interface
[   25.647039][    T1] usbcore: registered new interface driver usb_8dev
[   25.648212][    T1] usbcore: registered new interface driver ems_usb
[   25.649386][    T1] usbcore: registered new interface driver gs_usb
[   25.650585][    T1] usbcore: registered new interface driver kvaser_usb
[   25.651877][    T1] usbcore: registered new interface driver mcba_usb
[   25.654943][  T141] scsi 1:0:0:0: CD-ROM            QEMU     QEMU DVD-ROM     2.5+ PQ: 0 ANSI: 5
[   25.657153][    T1] usbcore: registered new interface driver peak_usb
[   25.660350][    T1] e100: Intel(R) PRO/100 Network Driver
[   25.661200][    T1] e100: Copyright(c) 1999-2006 Intel Corporation
[   25.669006][    T1] e1000: Intel(R) PRO/1000 Network Driver
[   25.669734][    T1] e1000: Copyright (c) 1999-2006 Intel Corporation.
[   25.671046][    T1] e1000e: Intel(R) PRO/1000 Network Driver
[   25.671807][    T1] e1000e: Copyright(c) 1999 - 2015 Intel Corporation.
[   25.674636][    T1] mkiss: AX.25 Multikiss, Hans Albas PE1AYX
[   25.675803][    T1] AX.25: 6pack driver, Revision: 0.3.0
[   25.676500][    T1] AX.25: bpqether driver version 004
[   25.677139][    T1] PPP generic driver version 2.4.2
[   25.679909][    T1] PPP BSD Compression module registered
[   25.680618][    T1] PPP Deflate Compression module registered
[   25.681399][    T1] PPP MPPE Compression module registered
[   25.683222][    T1] NET: Registered PF_PPPOX protocol family
[   25.684042][    T1] PPTP driver version 0.8.5
[   25.685459][    T1] SLIP: version 0.8.4-NET3.019-NEWTTY (dynamic channels, max=256) (6 bit encapsulation enabled).
[   25.686730][    T1] CSLIP: code copyright 1989 Regents of the University of California.
[   25.687711][    T1] SLIP linefill/keepalive option.
[   25.688343][    T1] hdlc: HDLC support module revision 1.22
[   25.689063][    T1] LAPB Ethernet driver version 0.02
[   25.690876][    T1] usbcore: registered new interface driver ath9k_htc
[   25.692612][    T1] usbcore: registered new interface driver carl9170
[   25.693775][    T1] usbcore: registered new interface driver ath6kl_usb
[   25.695614][    T1] usbcore: registered new interface driver ar5523
[   25.697643][    T1] usbcore: registered new interface driver ath10k_usb
[   25.699047][    T1] mac80211_hwsim: initializing netlink
[   25.735698][  T141] sr 1:0:0:0: [sr0] scsi3-mmc drive: 4x/4x cd/rw xa/form2 tray
[   25.736832][  T141] cdrom: Uniform CD-ROM driver Revision: 3.20
[   25.756765][    T1] usbcore: registered new interface driver atusb
[   25.790593][    T1] mac802154_hwsim mac802154_hwsim: Added 2 mac802154 hwsim hardware radios
[   25.793190][    T1] VMware vmxnet3 virtual NIC driver - version 1.7.0.0-k-NAPI
[   25.794838][    T1] usbcore: registered new interface driver catc
[   25.795948][    T1] usbcore: registered new interface driver kaweth
[   25.796732][    T1] pegasus: Pegasus/Pegasus II USB Ethernet driver
[   25.797895][    T1] usbcore: registered new interface driver pegasus
[   25.799065][    T1] usbcore: registered new interface driver rtl8150
[   25.800544][    T1] usbcore: registered new device driver r8152-cfgselector
[   25.801798][    T1] usbcore: registered new interface driver r8152
[   25.803175][    T1] usbcore: registered new interface driver hso
[   25.804286][    T1] usbcore: registered new interface driver lan78xx
[   25.805451][    T1] usbcore: registered new interface driver asix
[   25.806574][    T1] usbcore: registered new interface driver ax88179_178a
[   25.807766][    T1] usbcore: registered new interface driver cdc_ether
[   25.809284][    T1] usbcore: registered new interface driver cdc_eem
[   25.810821][    T1] usbcore: registered new interface driver dm9601
[   25.812832][    T1] usbcore: registered new interface driver sr9700
[   25.813974][    T1] usbcore: registered new interface driver CoreChips
[   25.815619][    T1] usbcore: registered new interface driver smsc75xx
[   25.816779][    T1] usbcore: registered new interface driver smsc95xx
[   25.817927][    T1] usbcore: registered new interface driver gl620a
[   25.819058][    T1] usbcore: registered new interface driver net1080
[   25.820209][    T1] usbcore: registered new interface driver plusb
[   25.821343][    T1] usbcore: registered new interface driver rndis_host
[   25.824261][    T1] usbcore: registered new interface driver cdc_subset
[   25.825977][    T1] usbcore: registered new interface driver zaurus
[   25.827127][    T1] usbcore: registered new interface driver MOSCHIP usb-ethernet driver
[   25.828501][    T1] usbcore: registered new interface driver int51x1
[   25.829997][    T1] usbcore: registered new interface driver cdc_phonet
[   25.831185][    T1] usbcore: registered new interface driver kalmia
[   25.832842][    T1] usbcore: registered new interface driver ipheth
[   25.833918][    T1] usbcore: registered new interface driver sierra_net
[   25.835108][    T1] usbcore: registered new interface driver cx82310_eth
[   25.836288][    T1] usbcore: registered new interface driver cdc_ncm
[   25.838923][    T1] usbcore: registered new interface driver huawei_cdc_ncm
[   25.840150][    T1] usbcore: registered new interface driver lg-vl600
[   25.841782][    T1] usbcore: registered new interface driver qmi_wwan
[   25.843518][    T1] usbcore: registered new interface driver cdc_mbim
[   25.844691][    T1] usbcore: registered new interface driver ch9200
[   25.845822][    T1] usbcore: registered new interface driver r8153_ecm
[   25.856797][    T1] VFIO - User Level meta-driver version: 0.3
[   25.865040][  T141] sr 1:0:0:0: Attached scsi generic sg0 type 5
[   25.880277][    T1] aoe: AoE v85 initialised.
[   25.896479][    T1] SPI driver max3421-hcd has no spi_device_id for maxim,max3421
[   25.898513][    T1] usbcore: registered new interface driver cdc_acm
[   25.899314][    T1] cdc_acm: USB Abstract Control Model driver for USB modems and ISDN adapters
[   25.900734][    T1] usbcore: registered new interface driver usblp
[   25.901854][    T1] usbcore: registered new interface driver cdc_wdm
[   25.903293][    T1] usbcore: registered new interface driver usbtmc
[   25.907593][    T1] usbcore: registered new interface driver uas
[   25.908710][    T1] usbcore: registered new interface driver usb-storage
[   25.909839][    T1] usbcore: registered new interface driver ums-alauda
[   25.910999][    T1] usbcore: registered new interface driver ums-cypress
[   25.912176][    T1] usbcore: registered new interface driver ums-datafab
[   25.913301][    T1] usbcore: registered new interface driver ums_eneub6250
[   25.914462][    T1] usbcore: registered new interface driver ums-freecom
[   25.915583][    T1] usbcore: registered new interface driver ums-isd200
[   25.916701][    T1] usbcore: registered new interface driver ums-jumpshot
[   25.917866][    T1] usbcore: registered new interface driver ums-karma
[   25.918977][    T1] usbcore: registered new interface driver ums-onetouch
[   25.920119][    T1] usbcore: registered new interface driver ums-realtek
[   25.921248][    T1] usbcore: registered new interface driver ums-sddr09
[   25.925480][    T1] usbcore: registered new interface driver ums-sddr55
[   25.926599][    T1] usbcore: registered new interface driver ums-usbat
[   25.927927][    T1] usbcore: registered new interface driver mdc800
[   25.928716][    T1] mdc800: v0.7.5 (30/10/2000):USB Driver for Mustek MDC800 Digital Camera
[   25.930091][    T1] usbcore: registered new interface driver microtekX6
[   25.931814][    T1] usbcore: registered new interface driver usbserial_generic
[   25.933530][    T1] usbserial: USB Serial support registered for generic
[   25.934822][    T1] usbcore: registered new interface driver aircable
[   25.935889][    T1] usbserial: USB Serial support registered for aircable
[   25.937042][    T1] usbcore: registered new interface driver ark3116
[   25.938210][    T1] usbserial: USB Serial support registered for ark3116
[   25.939391][    T1] usbcore: registered new interface driver belkin_sa
[   25.940467][    T1] usbserial: USB Serial support registered for Belkin / Peracom / GoHubs USB Serial Adapter
[   25.942191][    T1] usbcore: registered new interface driver ch341
[   25.943290][    T1] usbserial: USB Serial support registered for ch341-uart
[   25.944494][    T1] usbcore: registered new interface driver cp210x
[   25.945578][    T1] usbserial: USB Serial support registered for cp210x
[   25.946745][    T1] usbcore: registered new interface driver cyberjack
[   25.947815][    T1] usbserial: USB Serial support registered for Reiner SCT Cyberjack USB card reader
[   25.949287][    T1] usbcore: registered new interface driver cypress_m8
[   25.950378][    T1] usbserial: USB Serial support registered for DeLorme Earthmate USB
[   25.951700][    T1] usbserial: USB Serial support registered for HID->COM RS232 Adapter
[   25.953005][    T1] usbserial: USB Serial support registered for Nokia CA-42 V2 Adapter
[   25.954332][    T1] usbcore: registered new interface driver usb_debug
[   25.955408][    T1] usbserial: USB Serial support registered for debug
[   25.956477][    T1] usbserial: USB Serial support registered for xhci_dbc
[   25.957638][    T1] usbcore: registered new interface driver digi_acceleport
[   25.958795][    T1] usbserial: USB Serial support registered for Digi 2 port USB adapter
[   25.960048][    T1] usbserial: USB Serial support registered for Digi 4 port USB adapter
[   25.961365][    T1] usbcore: registered new interface driver io_edgeport
[   25.962789][    T1] usbserial: USB Serial support registered for Edgeport 2 port adapter
[   25.964038][    T1] usbserial: USB Serial support registered for Edgeport 4 port adapter
[   25.965937][    T1] usbserial: USB Serial support registered for Edgeport 8 port adapter
[   25.967233][    T1] usbserial: USB Serial support registered for EPiC device
[   25.968505][    T1] usbcore: registered new interface driver io_ti
[   25.969632][    T1] usbserial: USB Serial support registered for Edgeport TI 1 port adapter
[   25.971041][    T1] usbserial: USB Serial support registered for Edgeport TI 2 port adapter
[   25.974528][    T1] usbcore: registered new interface driver empeg
[   25.975934][    T1] usbserial: USB Serial support registered for empeg
[   25.977181][    T1] usbcore: registered new interface driver f81534a_ctrl
[   25.978478][    T1] usbcore: registered new interface driver f81232
[   25.979607][    T1] usbserial: USB Serial support registered for f81232
[   25.980774][    T1] usbserial: USB Serial support registered for f81534a
[   25.982798][    T1] usbcore: registered new interface driver f81534
[   25.983954][    T1] usbserial: USB Serial support registered for Fintek F81532/F81534
[   25.986212][    T1] usbcore: registered new interface driver ftdi_sio
[   25.987295][    T1] usbserial: USB Serial support registered for FTDI USB Serial Device
[   25.988676][    T1] usbcore: registered new interface driver garmin_gps
[   25.989895][    T1] usbserial: USB Serial support registered for Garmin GPS usb/tty
[   25.991864][    T1] usbcore: registered new interface driver ipaq
[   26.000621][    T1] usbserial: USB Serial support registered for PocketPC PDA
[   26.001928][    T1] usbcore: registered new interface driver ipw
[   26.003162][    T1] usbserial: USB Serial support registered for IPWireless converter
[   26.004611][    T1] usbcore: registered new interface driver ir_usb
[   26.005758][    T1] usbserial: USB Serial support registered for IR Dongle
[   26.007030][    T1] usbcore: registered new interface driver iuu_phoenix
[   26.008157][    T1] usbserial: USB Serial support registered for iuu_phoenix
[   26.009368][    T1] usbcore: registered new interface driver keyspan
[   26.010463][    T1] usbserial: USB Serial support registered for Keyspan - (without firmware)
[   26.011772][    T1] usbserial: USB Serial support registered for Keyspan 1 port adapter
[   26.015871][    T1] usbserial: USB Serial support registered for Keyspan 2 port adapter
[   26.017104][    T1] usbserial: USB Serial support registered for Keyspan 4 port adapter
[   26.018438][    T1] usbcore: registered new interface driver keyspan_pda
[   26.019537][    T1] usbserial: USB Serial support registered for Keyspan PDA
[   26.020677][    T1] usbserial: USB Serial support registered for Keyspan PDA - (prerenumeration)
[   26.022820][    T1] usbcore: registered new interface driver kl5kusb105
[   26.023946][    T1] usbserial: USB Serial support registered for KL5KUSB105D / PalmConnect
[   26.025326][    T1] usbcore: registered new interface driver kobil_sct
[   26.026404][    T1] usbserial: USB Serial support registered for KOBIL USB smart card terminal
[   26.027783][    T1] usbcore: registered new interface driver mct_u232
[   26.028859][    T1] usbserial: USB Serial support registered for MCT U232
[   26.030024][    T1] usbcore: registered new interface driver metro_usb
[   26.031108][    T1] usbserial: USB Serial support registered for Metrologic USB to Serial
[   26.032734][    T1] usbcore: registered new interface driver mos7720
[   26.033786][    T1] usbserial: USB Serial support registered for Moschip 2 port adapter
[   26.035094][    T1] usbcore: registered new interface driver mos7840
[   26.036158][    T1] usbserial: USB Serial support registered for Moschip 7840/7820 USB Serial Driver
[   26.037614][    T1] usbcore: registered new interface driver mxuport
[   26.038679][    T1] usbserial: USB Serial support registered for MOXA UPort
[   26.039866][    T1] usbcore: registered new interface driver navman
[   26.040980][    T1] usbserial: USB Serial support registered for navman
[   26.042369][    T1] usbcore: registered new interface driver omninet
[   26.043573][    T1] usbserial: USB Serial support registered for ZyXEL - omni.net usb
[   26.044987][    T1] usbcore: registered new interface driver opticon
[   26.046121][    T1] usbserial: USB Serial support registered for opticon
[   26.047335][    T1] usbcore: registered new interface driver option
[   26.048415][    T1] usbserial: USB Serial support registered for GSM modem (1-port)
[   26.049839][    T1] usbcore: registered new interface driver oti6858
[   26.050972][    T1] usbserial: USB Serial support registered for oti6858
[   26.052301][    T1] usbcore: registered new interface driver pl2303
[   26.053397][    T1] usbserial: USB Serial support registered for pl2303
[   26.055058][    T1] usbcore: registered new interface driver qcaux
[   26.056144][    T1] usbserial: USB Serial support registered for qcaux
[   26.057320][    T1] usbcore: registered new interface driver qcserial
[   26.058531][    T1] usbserial: USB Serial support registered for Qualcomm USB modem
[   26.059926][    T1] usbcore: registered new interface driver quatech2
[   26.061097][    T1] usbserial: USB Serial support registered for Quatech 2nd gen USB to Serial Driver
[   26.062728][    T1] usbcore: registered new interface driver safe_serial
[   26.063980][    T1] usbserial: USB Serial support registered for safe_serial
[   26.065256][    T1] usbcore: registered new interface driver sierra
[   26.066450][    T1] usbserial: USB Serial support registered for Sierra USB modem
[   26.067784][    T1] usbcore: registered new interface driver usb_serial_simple
[   26.069007][    T1] usbserial: USB Serial support registered for carelink
[   26.070108][    T1] usbserial: USB Serial support registered for flashloader
[   26.071283][    T1] usbserial: USB Serial support registered for funsoft
[   26.072516][    T1] usbserial: USB Serial support registered for google
[   26.073659][    T1] usbserial: USB Serial support registered for hp4x
[   26.074796][    T1] usbserial: USB Serial support registered for kaufmann
[   26.075905][    T1] usbserial: USB Serial support registered for libtransistor
[   26.077135][    T1] usbserial: USB Serial support registered for moto_modem
[   26.078372][    T1] usbserial: USB Serial support registered for motorola_tetra
[   26.079600][    T1] usbserial: USB Serial support registered for nokia
[   26.080719][    T1] usbserial: USB Serial support registered for novatel_gps
[   26.081907][    T1] usbserial: USB Serial support registered for siemens_mpi
[   26.083129][    T1] usbserial: USB Serial support registered for suunto
[   26.084327][    T1] usbserial: USB Serial support registered for vivopay
[   26.085546][    T1] usbserial: USB Serial support registered for zio
[   26.086749][    T1] usbcore: registered new interface driver spcp8x5
[   26.087856][    T1] usbserial: USB Serial support registered for SPCP8x5
[   26.089639][    T1] usbcore: registered new interface driver ssu100
[   26.090804][    T1] usbserial: USB Serial support registered for Quatech SSU-100 USB to Serial Driver
[   26.092505][    T1] usbcore: registered new interface driver symbolserial
[   26.093791][    T1] usbserial: USB Serial support registered for symbol
[   26.095060][    T1] usbcore: registered new interface driver ti_usb_3410_5052
[   26.096262][    T1] usbserial: USB Serial support registered for TI USB 3410 1 port adapter
[   26.097562][    T1] usbserial: USB Serial support registered for TI USB 5052 2 port adapter
[   26.098927][    T1] usbcore: registered new interface driver upd78f0730
[   26.100009][    T1] usbserial: USB Serial support registered for upd78f0730
[   26.101196][    T1] usbcore: registered new interface driver visor
[   26.102294][    T1] usbserial: USB Serial support registered for Handspring Visor / Palm OS
[   26.104261][    T1] usbserial: USB Serial support registered for Sony Clie 5.0
[   26.105547][    T1] usbserial: USB Serial support registered for Sony Clie 3.5
[   26.106845][    T1] usbcore: registered new interface driver wishbone_serial
[   26.108108][    T1] usbserial: USB Serial support registered for wishbone_serial
[   26.109431][    T1] usbcore: registered new interface driver whiteheat
[   26.110600][    T1] usbserial: USB Serial support registered for Connect Tech - WhiteHEAT - (prerenumeration)
[   26.112795][    T1] usbserial: USB Serial support registered for Connect Tech - WhiteHEAT
[   26.114243][    T1] usbcore: registered new interface driver xr_serial
[   26.115390][    T1] usbserial: USB Serial support registered for xr_serial
[   26.116648][    T1] usbcore: registered new interface driver xsens_mt
[   26.117764][    T1] usbserial: USB Serial support registered for xsens_mt
[   26.119087][    T1] usbcore: registered new interface driver adutux
[   26.120372][    T1] usbcore: registered new interface driver appledisplay
[   26.121629][    T1] usbcore: registered new interface driver cypress_cy7c63
[   26.122977][    T1] usbcore: registered new interface driver cytherm
[   26.124227][    T1] usbcore: registered new interface driver emi26 - firmware loader
[   26.125605][    T1] usbcore: registered new interface driver emi62 - firmware loader
[   26.127530][    T1] usbcore: registered new interface driver idmouse
[   26.128771][    T1] usbcore: registered new interface driver iowarrior
[   26.130029][    T1] usbcore: registered new interface driver isight_firmware
[   26.131397][    T1] usbcore: registered new interface driver usblcd
[   26.132766][    T1] usbcore: registered new interface driver ldusb
[   26.133977][    T1] usbcore: registered new interface driver legousbtower
[   26.135286][    T1] usbcore: registered new interface driver usbtest
[   26.136518][    T1] usbcore: registered new interface driver usb_ehset_test
[   26.137829][    T1] usbcore: registered new interface driver trancevibrator
[   26.139225][    T1] usbcore: registered new interface driver uss720
[   26.140101][    T1] uss720: USB Parport Cable driver for Cables using the Lucent Technologies USS720 Chip
[   26.141370][    T1] uss720: NOTE: this is a special purpose driver to allow nonstandard
[   26.142561][    T1] uss720: protocols (eg. bitbang) over USS720 usb to parallel cables
[   26.143618][    T1] uss720: If you just want to connect to a printer, use usblp instead
[   26.144963][    T1] usbcore: registered new interface driver usbsevseg
[   26.146198][    T1] usbcore: registered new interface driver yurex
[   26.149063][    T1] usbcore: registered new interface driver chaoskey
[   26.150782][    T1] usbcore: registered new interface driver sisusb
[   26.151935][    T1] usbcore: registered new interface driver lvs
[   26.154002][    T1] usbcore: registered new interface driver cxacru
[   26.155148][    T1] usbcore: registered new interface driver speedtch
[   26.156353][    T1] usbcore: registered new interface driver ueagle-atm
[   26.157247][    T1] xusbatm: malformed module parameters
[   26.161351][    T1] dummy_hcd dummy_hcd.0: USB Host+Gadget Emulator, driver 02 May 2005
[   26.163136][    T1] dummy_hcd dummy_hcd.0: Dummy host controller
[   26.168475][    T1] dummy_hcd dummy_hcd.0: new USB bus registered, assigned bus number 1
[   26.174969][    T1] usb usb1: New USB device found, idVendor=1d6b, idProduct=0002, bcdDevice= 6.09
[   26.176411][    T1] usb usb1: New USB device strings: Mfr=3, Product=2, SerialNumber=1
[   26.177497][    T1] usb usb1: Product: Dummy host controller
[   26.178258][    T1] usb usb1: Manufacturer: Linux 6.9.0-rc5-dirty dummy_hcd
[   26.179244][    T1] usb usb1: SerialNumber: dummy_hcd.0
[   26.191774][    T1] hub 1-0:1.0: USB hub found
[   26.193667][    T1] hub 1-0:1.0: 1 port detected
[   26.215333][    T1] gadgetfs: USB Gadget filesystem, version 24 Aug 2004
[   26.233179][    T1] vhci_hcd vhci_hcd.0: USB/IP Virtual Host Controller
[   26.236695][    T1] vhci_hcd vhci_hcd.0: new USB bus registered, assigned bus number 2
[   26.239370][    T1] vhci_hcd: created sysfs vhci_hcd.0
[   26.243277][    T1] usb usb2: New USB device found, idVendor=1d6b, idProduct=0002, bcdDevice= 6.09
[   26.244377][    T1] usb usb2: New USB device strings: Mfr=3, Product=2, SerialNumber=1
[   26.245346][    T1] usb usb2: Product: USB/IP Virtual Host Controller
[   26.246181][    T1] usb usb2: Manufacturer: Linux 6.9.0-rc5-dirty vhci_hcd
[   26.247086][    T1] usb usb2: SerialNumber: vhci_hcd.0
[   26.257114][    T1] hub 2-0:1.0: USB hub found
[   26.258603][    T1] hub 2-0:1.0: 8 ports detected
[   26.285095][    T1] vhci_hcd vhci_hcd.0: USB/IP Virtual Host Controller
[   26.288397][    T1] vhci_hcd vhci_hcd.0: new USB bus registered, assigned bus number 3
[   26.290878][    T1] usb usb3: We don't know the algorithms for LPM for this host, disabling LPM.
[   26.302086][    T1] usb usb3: New USB device found, idVendor=1d6b, idProduct=0003, bcdDevice= 6.09
[   26.304354][    T1] usb usb3: New USB device strings: Mfr=3, Product=2, SerialNumber=1
[   26.306334][    T1] usb usb3: Product: USB/IP Virtual Host Controller
[   26.307948][    T1] usb usb3: Manufacturer: Linux 6.9.0-rc5-dirty vhci_hcd
[   26.309666][    T1] usb usb3: SerialNumber: vhci_hcd.0
[   26.324438][    T1] hub 3-0:1.0: USB hub found
[   26.326950][    T1] hub 3-0:1.0: 8 ports detected
[   26.358193][    T1] vhci_hcd vhci_hcd.1: USB/IP Virtual Host Controller
[   26.363649][    T1] vhci_hcd vhci_hcd.1: new USB bus registered, assigned bus number 4
[   26.371030][    T1] usb usb4: New USB device found, idVendor=1d6b, idProduct=0002, bcdDevice= 6.09
[   26.373966][    T1] usb usb4: New USB device strings: Mfr=3, Product=2, SerialNumber=1
[   26.375964][    T1] usb usb4: Product: USB/IP Virtual Host Controller
[   26.377589][    T1] usb usb4: Manufacturer: Linux 6.9.0-rc5-dirty vhci_hcd
[   26.379321][    T1] usb usb4: SerialNumber: vhci_hcd.1
[   26.390511][    T1] hub 4-0:1.0: USB hub found
[   26.391818][    T1] hub 4-0:1.0: 8 ports detected
[   26.418978][    T1] vhci_hcd vhci_hcd.1: USB/IP Virtual Host Controller
[   26.422315][    T1] vhci_hcd vhci_hcd.1: new USB bus registered, assigned bus number 5
[   26.424785][    T1] usb usb5: We don't know the algorithms for LPM for this host, disabling LPM.
[   26.428573][    T1] usb usb5: New USB device found, idVendor=1d6b, idProduct=0003, bcdDevice= 6.09
[   26.429670][    T1] usb usb5: New USB device strings: Mfr=3, Product=2, SerialNumber=1
[   26.430640][    T1] usb usb5: Product: USB/IP Virtual Host Controller
[   26.431433][    T1] usb usb5: Manufacturer: Linux 6.9.0-rc5-dirty vhci_hcd
[   26.433264][    T1] usb usb5: SerialNumber: vhci_hcd.1
[   26.441304][    T1] hub 5-0:1.0: USB hub found
[   26.442654][    T1] hub 5-0:1.0: 8 ports detected
[   26.478122][    T1] vhci_hcd vhci_hcd.2: USB/IP Virtual Host Controller
[   26.484070][    T1] vhci_hcd vhci_hcd.2: new USB bus registered, assigned bus number 6
[   26.491561][    T1] usb usb6: New USB device found, idVendor=1d6b, idProduct=0002, bcdDevice= 6.09
[   26.493918][    T1] usb usb6: New USB device strings: Mfr=3, Product=2, SerialNumber=1
[   26.495914][    T1] usb usb6: Product: USB/IP Virtual Host Controller
[   26.497531][    T1] usb usb6: Manufacturer: Linux 6.9.0-rc5-dirty vhci_hcd
[   26.499257][    T1] usb usb6: SerialNumber: vhci_hcd.2
[   26.508874][    T1] hub 6-0:1.0: USB hub found
[   26.510173][    T1] hub 6-0:1.0: 8 ports detected
[   26.539015][    T1] vhci_hcd vhci_hcd.2: USB/IP Virtual Host Controller
[   26.542896][    T1] vhci_hcd vhci_hcd.2: new USB bus registered, assigned bus number 7
[   26.545163][    T1] usb usb7: We don't know the algorithms for LPM for this host, disabling LPM.
[   26.548981][    T1] usb usb7: New USB device found, idVendor=1d6b, idProduct=0003, bcdDevice= 6.09
[   26.550126][    T1] usb usb7: New USB device strings: Mfr=3, Product=2, SerialNumber=1
[   26.551103][    T1] usb usb7: Product: USB/IP Virtual Host Controller
[   26.551891][    T1] usb usb7: Manufacturer: Linux 6.9.0-rc5-dirty vhci_hcd
[   26.553825][    T1] usb usb7: SerialNumber: vhci_hcd.2
[   26.562696][    T1] hub 7-0:1.0: USB hub found
[   26.563970][    T1] hub 7-0:1.0: 8 ports detected
[   26.594313][    T1] vhci_hcd vhci_hcd.3: USB/IP Virtual Host Controller
[   26.598693][    T1] vhci_hcd vhci_hcd.3: new USB bus registered, assigned bus number 8
[   26.602828][    T1] usb usb8: New USB device found, idVendor=1d6b, idProduct=0002, bcdDevice= 6.09
[   26.603923][    T1] usb usb8: New USB device strings: Mfr=3, Product=2, SerialNumber=1
[   26.604883][    T1] usb usb8: Product: USB/IP Virtual Host Controller
[   26.605667][    T1] usb usb8: Manufacturer: Linux 6.9.0-rc5-dirty vhci_hcd
[   26.606509][    T1] usb usb8: SerialNumber: vhci_hcd.3
[   26.615098][    T1] hub 8-0:1.0: USB hub found
[   26.616342][    T1] hub 8-0:1.0: 8 ports detected
[   26.642721][    T1] vhci_hcd vhci_hcd.3: USB/IP Virtual Host Controller
[   26.646676][    T1] vhci_hcd vhci_hcd.3: new USB bus registered, assigned bus number 9
[   26.648838][    T1] usb usb9: We don't know the algorithms for LPM for this host, disabling LPM.
[   26.652621][    T1] usb usb9: New USB device found, idVendor=1d6b, idProduct=0003, bcdDevice= 6.09
[   26.653700][    T1] usb usb9: New USB device strings: Mfr=3, Product=2, SerialNumber=1
[   26.654672][    T1] usb usb9: Product: USB/IP Virtual Host Controller
[   26.655457][    T1] usb usb9: Manufacturer: Linux 6.9.0-rc5-dirty vhci_hcd
[   26.656296][    T1] usb usb9: SerialNumber: vhci_hcd.3
[   26.664704][    T1] hub 9-0:1.0: USB hub found
[   26.667053][    T1] hub 9-0:1.0: 8 ports detected
[   26.694757][    T1] vhci_hcd vhci_hcd.4: USB/IP Virtual Host Controller
[   26.700504][    T1] vhci_hcd vhci_hcd.4: new USB bus registered, assigned bus number 10
[   26.704656][    T1] usb usb10: New USB device found, idVendor=1d6b, idProduct=0002, bcdDevice= 6.09
[   26.705744][    T1] usb usb10: New USB device strings: Mfr=3, Product=2, SerialNumber=1
[   26.706706][    T1] usb usb10: Product: USB/IP Virtual Host Controller
[   26.707492][    T1] usb usb10: Manufacturer: Linux 6.9.0-rc5-dirty vhci_hcd
[   26.708319][    T1] usb usb10: SerialNumber: vhci_hcd.4
[   26.718100][    T1] hub 10-0:1.0: USB hub found
[   26.720367][    T1] hub 10-0:1.0: 8 ports detected
[   26.748826][    T1] vhci_hcd vhci_hcd.4: USB/IP Virtual Host Controller
[   26.755397][    T1] vhci_hcd vhci_hcd.4: new USB bus registered, assigned bus number 11
[   26.758068][    T1] usb usb11: We don't know the algorithms for LPM for this host, disabling LPM.
[   26.763229][    T1] usb usb11: New USB device found, idVendor=1d6b, idProduct=0003, bcdDevice= 6.09
[   26.764314][    T1] usb usb11: New USB device strings: Mfr=3, Product=2, SerialNumber=1
[   26.765269][    T1] usb usb11: Product: USB/IP Virtual Host Controller
[   26.766051][    T1] usb usb11: Manufacturer: Linux 6.9.0-rc5-dirty vhci_hcd
[   26.766885][    T1] usb usb11: SerialNumber: vhci_hcd.4
[   26.776308][    T1] hub 11-0:1.0: USB hub found
[   26.778619][    T1] hub 11-0:1.0: 8 ports detected
[   26.816203][    T1] vhci_hcd vhci_hcd.5: USB/IP Virtual Host Controller
[   26.819439][    T1] vhci_hcd vhci_hcd.5: new USB bus registered, assigned bus number 12
[   26.823696][    T1] usb usb12: New USB device found, idVendor=1d6b, idProduct=0002, bcdDevice= 6.09
[   26.824774][    T1] usb usb12: New USB device strings: Mfr=3, Product=2, SerialNumber=1
[   26.825723][    T1] usb usb12: Product: USB/IP Virtual Host Controller
[   26.826506][    T1] usb usb12: Manufacturer: Linux 6.9.0-rc5-dirty vhci_hcd
[   26.827331][    T1] usb usb12: SerialNumber: vhci_hcd.5
[   26.837041][    T1] hub 12-0:1.0: USB hub found
[   26.839170][    T1] hub 12-0:1.0: 8 ports detected
[   26.863122][    T1] vhci_hcd vhci_hcd.5: USB/IP Virtual Host Controller
[   26.866808][    T1] vhci_hcd vhci_hcd.5: new USB bus registered, assigned bus number 13
[   26.869524][    T1] usb usb13: We don't know the algorithms for LPM for this host, disabling LPM.
[   26.873268][    T1] usb usb13: New USB device found, idVendor=1d6b, idProduct=0003, bcdDevice= 6.09
[   26.874381][    T1] usb usb13: New USB device strings: Mfr=3, Product=2, SerialNumber=1
[   26.875342][    T1] usb usb13: Product: USB/IP Virtual Host Controller
[   26.876128][    T1] usb usb13: Manufacturer: Linux 6.9.0-rc5-dirty vhci_hcd
[   26.876963][    T1] usb usb13: SerialNumber: vhci_hcd.5
[   26.885513][    T1] hub 13-0:1.0: USB hub found
[   26.886745][    T1] hub 13-0:1.0: 8 ports detected
[   26.913521][    T1] vhci_hcd vhci_hcd.6: USB/IP Virtual Host Controller
[   26.917333][    T1] vhci_hcd vhci_hcd.6: new USB bus registered, assigned bus number 14
[   26.923642][    T1] usb usb14: New USB device found, idVendor=1d6b, idProduct=0002, bcdDevice= 6.09
[   26.924728][    T1] usb usb14: New USB device strings: Mfr=3, Product=2, SerialNumber=1
[   26.925687][    T1] usb usb14: Product: USB/IP Virtual Host Controller
[   26.926476][    T1] usb usb14: Manufacturer: Linux 6.9.0-rc5-dirty vhci_hcd
[   26.927303][    T1] usb usb14: SerialNumber: vhci_hcd.6
[   26.935575][    T1] hub 14-0:1.0: USB hub found
[   26.936809][    T1] hub 14-0:1.0: 8 ports detected
[   26.963324][    T1] vhci_hcd vhci_hcd.6: USB/IP Virtual Host Controller
[   26.966388][    T1] vhci_hcd vhci_hcd.6: new USB bus registered, assigned bus number 15
[   26.968504][    T1] usb usb15: We don't know the algorithms for LPM for this host, disabling LPM.
[   26.974088][    T1] usb usb15: New USB device found, idVendor=1d6b, idProduct=0003, bcdDevice= 6.09
[   26.975177][    T1] usb usb15: New USB device strings: Mfr=3, Product=2, SerialNumber=1
[   26.976136][    T1] usb usb15: Product: USB/IP Virtual Host Controller
[   26.976914][    T1] usb usb15: Manufacturer: Linux 6.9.0-rc5-dirty vhci_hcd
[   26.977745][    T1] usb usb15: SerialNumber: vhci_hcd.6
[   26.986900][    T1] hub 15-0:1.0: USB hub found
[   26.988209][    T1] hub 15-0:1.0: 8 ports detected
[   27.021047][    T1] vhci_hcd vhci_hcd.7: USB/IP Virtual Host Controller
[   27.026613][    T1] vhci_hcd vhci_hcd.7: new USB bus registered, assigned bus number 16
[   27.031008][    T1] usb usb16: New USB device found, idVendor=1d6b, idProduct=0002, bcdDevice= 6.09
[   27.032179][    T1] usb usb16: New USB device strings: Mfr=3, Product=2, SerialNumber=1
[   27.033162][    T1] usb usb16: Product: USB/IP Virtual Host Controller
[   27.033965][    T1] usb usb16: Manufacturer: Linux 6.9.0-rc5-dirty vhci_hcd
[   27.034836][    T1] usb usb16: SerialNumber: vhci_hcd.7
[   27.042764][    T1] hub 16-0:1.0: USB hub found
[   27.044745][    T1] hub 16-0:1.0: 8 ports detected
[   27.069637][    T1] vhci_hcd vhci_hcd.7: USB/IP Virtual Host Controller
[   27.075140][    T1] vhci_hcd vhci_hcd.7: new USB bus registered, assigned bus number 17
[   27.077347][    T1] usb usb17: We don't know the algorithms for LPM for this host, disabling LPM.
[   27.081169][    T1] usb usb17: New USB device found, idVendor=1d6b, idProduct=0003, bcdDevice= 6.09
[   27.082792][    T1] usb usb17: New USB device strings: Mfr=3, Product=2, SerialNumber=1
[   27.083778][    T1] usb usb17: Product: USB/IP Virtual Host Controller
[   27.084583][    T1] usb usb17: Manufacturer: Linux 6.9.0-rc5-dirty vhci_hcd
[   27.085437][    T1] usb usb17: SerialNumber: vhci_hcd.7
[   27.093440][    T1] hub 17-0:1.0: USB hub found
[   27.095640][    T1] hub 17-0:1.0: 8 ports detected
[   27.130105][    T1] vhci_hcd vhci_hcd.8: USB/IP Virtual Host Controller
[   27.134341][    T1] vhci_hcd vhci_hcd.8: new USB bus registered, assigned bus number 18
[   27.138551][    T1] usb usb18: New USB device found, idVendor=1d6b, idProduct=0002, bcdDevice= 6.09
[   27.139644][    T1] usb usb18: New USB device strings: Mfr=3, Product=2, SerialNumber=1
[   27.140615][    T1] usb usb18: Product: USB/IP Virtual Host Controller
[   27.141412][    T1] usb usb18: Manufacturer: Linux 6.9.0-rc5-dirty vhci_hcd
[   27.142401][    T1] usb usb18: SerialNumber: vhci_hcd.8
[   27.150726][    T1] hub 18-0:1.0: USB hub found
[   27.152018][    T1] hub 18-0:1.0: 8 ports detected
[   27.189287][    T1] vhci_hcd vhci_hcd.8: USB/IP Virtual Host Controller
[   27.198001][    T1] vhci_hcd vhci_hcd.8: new USB bus registered, assigned bus number 19
[   27.201623][    T1] usb usb19: We don't know the algorithms for LPM for this host, disabling LPM.
[   27.206775][    T1] usb usb19: New USB device found, idVendor=1d6b, idProduct=0003, bcdDevice= 6.09
[   27.208971][    T1] usb usb19: New USB device strings: Mfr=3, Product=2, SerialNumber=1
[   27.210915][    T1] usb usb19: Product: USB/IP Virtual Host Controller
[   27.212577][    T1] usb usb19: Manufacturer: Linux 6.9.0-rc5-dirty vhci_hcd
[   27.214279][    T1] usb usb19: SerialNumber: vhci_hcd.8
[   27.225193][    T1] hub 19-0:1.0: USB hub found
[   27.226494][    T1] hub 19-0:1.0: 8 ports detected
[   27.257308][    T1] vhci_hcd vhci_hcd.9: USB/IP Virtual Host Controller
[   27.262582][    T1] vhci_hcd vhci_hcd.9: new USB bus registered, assigned bus number 20
[   27.269248][    T1] usb usb20: New USB device found, idVendor=1d6b, idProduct=0002, bcdDevice= 6.09
[   27.270346][    T1] usb usb20: New USB device strings: Mfr=3, Product=2, SerialNumber=1
[   27.271300][    T1] usb usb20: Product: USB/IP Virtual Host Controller
[   27.272127][    T1] usb usb20: Manufacturer: Linux 6.9.0-rc5-dirty vhci_hcd
[   27.272969][    T1] usb usb20: SerialNumber: vhci_hcd.9
[   27.283871][    T1] hub 20-0:1.0: USB hub found
[   27.285114][    T1] hub 20-0:1.0: 8 ports detected
[   27.309115][    T1] vhci_hcd vhci_hcd.9: USB/IP Virtual Host Controller
[   27.312812][    T1] vhci_hcd vhci_hcd.9: new USB bus registered, assigned bus number 21
[   27.315485][    T1] usb usb21: We don't know the algorithms for LPM for this host, disabling LPM.
[   27.319201][    T1] usb usb21: New USB device found, idVendor=1d6b, idProduct=0003, bcdDevice= 6.09
[   27.320286][    T1] usb usb21: New USB device strings: Mfr=3, Product=2, SerialNumber=1
[   27.321249][    T1] usb usb21: Product: USB/IP Virtual Host Controller
[   27.322270][    T1] usb usb21: Manufacturer: Linux 6.9.0-rc5-dirty vhci_hcd
[   27.323106][    T1] usb usb21: SerialNumber: vhci_hcd.9
[   27.331440][    T1] hub 21-0:1.0: USB hub found
[   27.332757][    T1] hub 21-0:1.0: 8 ports detected
[   27.365520][    T1] vhci_hcd vhci_hcd.10: USB/IP Virtual Host Controller
[   27.368754][    T1] vhci_hcd vhci_hcd.10: new USB bus registered, assigned bus number 22
[   27.372844][    T1] usb usb22: New USB device found, idVendor=1d6b, idProduct=0002, bcdDevice= 6.09
[   27.373930][    T1] usb usb22: New USB device strings: Mfr=3, Product=2, SerialNumber=1
[   27.374894][    T1] usb usb22: Product: USB/IP Virtual Host Controller
[   27.375677][    T1] usb usb22: Manufacturer: Linux 6.9.0-rc5-dirty vhci_hcd
[   27.376511][    T1] usb usb22: SerialNumber: vhci_hcd.10
[   27.385763][    T1] hub 22-0:1.0: USB hub found
[   27.387006][    T1] hub 22-0:1.0: 8 ports detected
[   27.411676][    T1] vhci_hcd vhci_hcd.10: USB/IP Virtual Host Controller
[   27.416558][    T1] vhci_hcd vhci_hcd.10: new USB bus registered, assigned bus number 23
[   27.418712][    T1] usb usb23: We don't know the algorithms for LPM for this host, disabling LPM.
[   27.427816][    T1] usb usb23: New USB device found, idVendor=1d6b, idProduct=0003, bcdDevice= 6.09
[   27.429090][    T1] usb usb23: New USB device strings: Mfr=3, Product=2, SerialNumber=1
[   27.430049][    T1] usb usb23: Product: USB/IP Virtual Host Controller
[   27.430841][    T1] usb usb23: Manufacturer: Linux 6.9.0-rc5-dirty vhci_hcd
[   27.431670][    T1] usb usb23: SerialNumber: vhci_hcd.10
[   27.439994][    T1] hub 23-0:1.0: USB hub found
[   27.441246][    T1] hub 23-0:1.0: 8 ports detected
[   27.474231][    T1] vhci_hcd vhci_hcd.11: USB/IP Virtual Host Controller
[   27.477424][    T1] vhci_hcd vhci_hcd.11: new USB bus registered, assigned bus number 24
[   27.481528][    T1] usb usb24: New USB device found, idVendor=1d6b, idProduct=0002, bcdDevice= 6.09
[   27.482663][    T1] usb usb24: New USB device strings: Mfr=3, Product=2, SerialNumber=1
[   27.483631][    T1] usb usb24: Product: USB/IP Virtual Host Controller
[   27.484415][    T1] usb usb24: Manufacturer: Linux 6.9.0-rc5-dirty vhci_hcd
[   27.485248][    T1] usb usb24: SerialNumber: vhci_hcd.11
[   27.493603][    T1] hub 24-0:1.0: USB hub found
[   27.494859][    T1] hub 24-0:1.0: 8 ports detected
[   27.519507][    T1] vhci_hcd vhci_hcd.11: USB/IP Virtual Host Controller
[   27.523451][    T1] vhci_hcd vhci_hcd.11: new USB bus registered, assigned bus number 25
[   27.525723][    T1] usb usb25: We don't know the algorithms for LPM for this host, disabling LPM.
[   27.534409][    T1] usb usb25: New USB device found, idVendor=1d6b, idProduct=0003, bcdDevice= 6.09
[   27.536575][    T1] usb usb25: New USB device strings: Mfr=3, Product=2, SerialNumber=1
[   27.538489][    T1] usb usb25: Product: USB/IP Virtual Host Controller
[   27.540049][    T1] usb usb25: Manufacturer: Linux 6.9.0-rc5-dirty vhci_hcd
[   27.541708][    T1] usb usb25: SerialNumber: vhci_hcd.11
[   27.556183][    T1] hub 25-0:1.0: USB hub found
[   27.558638][    T1] hub 25-0:1.0: 8 ports detected
[   27.598352][    T1] vhci_hcd vhci_hcd.12: USB/IP Virtual Host Controller
[   27.602961][    T1] vhci_hcd vhci_hcd.12: new USB bus registered, assigned bus number 26
[   27.607122][    T1] usb usb26: New USB device found, idVendor=1d6b, idProduct=0002, bcdDevice= 6.09
[   27.608236][    T1] usb usb26: New USB device strings: Mfr=3, Product=2, SerialNumber=1
[   27.609217][    T1] usb usb26: Product: USB/IP Virtual Host Controller
[   27.610022][    T1] usb usb26: Manufacturer: Linux 6.9.0-rc5-dirty vhci_hcd
[   27.610897][    T1] usb usb26: SerialNumber: vhci_hcd.12
[   27.620572][    T1] hub 26-0:1.0: USB hub found
[   27.622810][    T1] hub 26-0:1.0: 8 ports detected
[   27.647471][    T1] vhci_hcd vhci_hcd.12: USB/IP Virtual Host Controller
[   27.650928][    T1] vhci_hcd vhci_hcd.12: new USB bus registered, assigned bus number 27
[   27.660038][    T1] usb usb27: We don't know the algorithms for LPM for this host, disabling LPM.
[   27.663871][    T1] usb usb27: New USB device found, idVendor=1d6b, idProduct=0003, bcdDevice= 6.09
[   27.664987][    T1] usb usb27: New USB device strings: Mfr=3, Product=2, SerialNumber=1
[   27.665971][    T1] usb usb27: Product: USB/IP Virtual Host Controller
[   27.666781][    T1] usb usb27: Manufacturer: Linux 6.9.0-rc5-dirty vhci_hcd
[   27.667639][    T1] usb usb27: SerialNumber: vhci_hcd.12
[   27.677089][    T1] hub 27-0:1.0: USB hub found
[   27.678351][    T1] hub 27-0:1.0: 8 ports detected
[   27.715124][    T1] vhci_hcd vhci_hcd.13: USB/IP Virtual Host Controller
[   27.718351][    T1] vhci_hcd vhci_hcd.13: new USB bus registered, assigned bus number 28
[   27.725113][    T1] usb usb28: New USB device found, idVendor=1d6b, idProduct=0002, bcdDevice= 6.09
[   27.726234][    T1] usb usb28: New USB device strings: Mfr=3, Product=2, SerialNumber=1
[   27.727211][    T1] usb usb28: Product: USB/IP Virtual Host Controller
[   27.728021][    T1] usb usb28: Manufacturer: Linux 6.9.0-rc5-dirty vhci_hcd
[   27.728873][    T1] usb usb28: SerialNumber: vhci_hcd.13
[   27.738123][    T1] hub 28-0:1.0: USB hub found
[   27.739602][    T1] hub 28-0:1.0: 8 ports detected
[   27.777063][    T1] vhci_hcd vhci_hcd.13: USB/IP Virtual Host Controller
[   27.782548][    T1] vhci_hcd vhci_hcd.13: new USB bus registered, assigned bus number 29
[   27.786330][    T1] usb usb29: We don't know the algorithms for LPM for this host, disabling LPM.
[   27.792870][    T1] usb usb29: New USB device found, idVendor=1d6b, idProduct=0003, bcdDevice= 6.09
[   27.793974][    T1] usb usb29: New USB device strings: Mfr=3, Product=2, SerialNumber=1
[   27.794947][    T1] usb usb29: Product: USB/IP Virtual Host Controller
[   27.795739][    T1] usb usb29: Manufacturer: Linux 6.9.0-rc5-dirty vhci_hcd
[   27.796590][    T1] usb usb29: SerialNumber: vhci_hcd.13
[   27.805200][    T1] hub 29-0:1.0: USB hub found
[   27.807625][    T1] hub 29-0:1.0: 8 ports detected
[   27.849841][    T1] vhci_hcd vhci_hcd.14: USB/IP Virtual Host Controller
[   27.861475][    T1] vhci_hcd vhci_hcd.14: new USB bus registered, assigned bus number 30
[   27.865940][    T1] usb usb30: New USB device found, idVendor=1d6b, idProduct=0002, bcdDevice= 6.09
[   27.867041][    T1] usb usb30: New USB device strings: Mfr=3, Product=2, SerialNumber=1
[   27.868007][    T1] usb usb30: Product: USB/IP Virtual Host Controller
[   27.868797][    T1] usb usb30: Manufacturer: Linux 6.9.0-rc5-dirty vhci_hcd
[   27.869623][    T1] usb usb30: SerialNumber: vhci_hcd.14
[   27.877430][    T1] hub 30-0:1.0: USB hub found
[   27.878686][    T1] hub 30-0:1.0: 8 ports detected
[   27.903186][    T1] vhci_hcd vhci_hcd.14: USB/IP Virtual Host Controller
[   27.907144][    T1] vhci_hcd vhci_hcd.14: new USB bus registered, assigned bus number 31
[   27.909276][    T1] usb usb31: We don't know the algorithms for LPM for this host, disabling LPM.
[   27.913099][    T1] usb usb31: New USB device found, idVendor=1d6b, idProduct=0003, bcdDevice= 6.09
[   27.914184][    T1] usb usb31: New USB device strings: Mfr=3, Product=2, SerialNumber=1
[   27.915139][    T1] usb usb31: Product: USB/IP Virtual Host Controller
[   27.915917][    T1] usb usb31: Manufacturer: Linux 6.9.0-rc5-dirty vhci_hcd
[   27.916744][    T1] usb usb31: SerialNumber: vhci_hcd.14
[   27.925090][    T1] hub 31-0:1.0: USB hub found
[   27.927235][    T1] hub 31-0:1.0: 8 ports detected
[   27.960310][    T1] vhci_hcd vhci_hcd.15: USB/IP Virtual Host Controller
[   27.963867][    T1] vhci_hcd vhci_hcd.15: new USB bus registered, assigned bus number 32
[   27.969762][    T1] usb usb32: New USB device found, idVendor=1d6b, idProduct=0002, bcdDevice= 6.09
[   27.970882][    T1] usb usb32: New USB device strings: Mfr=3, Product=2, SerialNumber=1
[   27.971866][    T1] usb usb32: Product: USB/IP Virtual Host Controller
[   27.972713][    T1] usb usb32: Manufacturer: Linux 6.9.0-rc5-dirty vhci_hcd
[   27.973574][    T1] usb usb32: SerialNumber: vhci_hcd.15
[   27.981484][    T1] hub 32-0:1.0: USB hub found
[   27.982795][    T1] hub 32-0:1.0: 8 ports detected
[   28.009463][    T1] vhci_hcd vhci_hcd.15: USB/IP Virtual Host Controller
[   28.013317][    T1] vhci_hcd vhci_hcd.15: new USB bus registered, assigned bus number 33
[   28.015527][    T1] usb usb33: We don't know the algorithms for LPM for this host, disabling LPM.
[   28.019341][    T1] usb usb33: New USB device found, idVendor=1d6b, idProduct=0003, bcdDevice= 6.09
[   28.020462][    T1] usb usb33: New USB device strings: Mfr=3, Product=2, SerialNumber=1
[   28.021451][    T1] usb usb33: Product: USB/IP Virtual Host Controller
[   28.022301][    T1] usb usb33: Manufacturer: Linux 6.9.0-rc5-dirty vhci_hcd
[   28.023165][    T1] usb usb33: SerialNumber: vhci_hcd.15
[   28.030952][    T1] hub 33-0:1.0: USB hub found
[   28.032417][    T1] hub 33-0:1.0: 8 ports detected
[   28.066914][    T1] usbcore: registered new device driver usbip-host
[   28.076480][    T1] i8042: PNP: PS/2 Controller [PNP0303:KBD,PNP0f13:MOU] at 0x60,0x64 irq 1,12
[   28.081056][    T1] serio: i8042 KBD port at 0x60,0x64 irq 1
[   28.084994][    T1] serio: i8042 AUX port at 0x60,0x64 irq 12
[   28.095735][    T1] mousedev: PS/2 mouse device common for all mice
[   28.101331][    T1] usbcore: registered new interface driver appletouch
[   28.102843][    T1] usbcore: registered new interface driver bcm5974
[   28.105288][    T1] usbcore: registered new interface driver synaptics_usb
[   28.111860][    T1] usbcore: registered new interface driver iforce
[   28.114072][    T1] usbcore: registered new interface driver xpad
[   28.115286][    T1] usbcore: registered new interface driver usb_acecad
[   28.116614][    T1] usbcore: registered new interface driver aiptek
[   28.117847][    T1] usbcore: registered new interface driver hanwang
[   28.119081][    T1] usbcore: registered new interface driver kbtab
[   28.120638][    T1] usbcore: registered new interface driver pegasus_notetaker
[   28.123970][    T7] input: AT Translated Set 2 keyboard as /devices/platform/i8042/serio0/input/input1
[   28.134631][    T1] usbcore: registered new interface driver usbtouchscreen
[   28.135970][    T1] usbcore: registered new interface driver sur40
[   28.137239][    T1] usbcore: registered new interface driver ati_remote2
[   28.138071][    T1] cm109: Keymap for Komunikate KIP1000 phone loaded
[   28.139343][    T1] usbcore: registered new interface driver cm109
[   28.140106][    T1] cm109: CM109 phone driver: 20080805 (C) Alfred E. Heggestad
[   28.141448][    T1] usbcore: registered new interface driver ims_pcu
[   28.147570][    T1] usbcore: registered new interface driver keyspan_remote
[   28.148887][    T1] usbcore: registered new interface driver powermate
[   28.151097][    T1] usbcore: registered new interface driver yealink
[   28.156041][    T1] rtc_cmos 00:05: RTC can wake from S4
[   28.167709][    T1] rtc_cmos 00:05: registered as rtc0
[   28.168452][    T1] rtc_cmos 00:05: alarms up to one day, y3k, 242 bytes nvram, hpet irqs
[   28.170819][    T1] i2c_dev: i2c /dev entries driver
[   28.173596][    T1] usbcore: registered new interface driver i2c-diolan-u2c
[   28.176254][    T1] usbcore: registered new interface driver RobotFuzz Open Source InterFace, OSIF
[   28.177789][    T1] usbcore: registered new interface driver i2c-tiny-usb
[   28.184395][    T1] usbcore: registered new interface driver igorplugusb
[   28.185653][    T1] usbcore: registered new interface driver iguanair
[   28.187305][    T1] usbcore: registered new interface driver imon
[   28.188720][    T1] usbcore: registered new interface driver mceusb
[   28.194804][    T1] usbcore: registered new interface driver redrat3
[   28.196032][    T1] usbcore: registered new interface driver streamzap
[   28.197272][    T1] usbcore: registered new interface driver ttusbir
[   28.198551][    T1] usbcore: registered new interface driver ati_remote
[   28.200159][    T1] b2c2-flexcop: B2C2 FlexcopII/II(b)/III digital TV receiver chip loaded successfully
[   28.203568][    T1] usbcore: registered new interface driver b2c2_flexcop_usb
[   28.205171][    T1] usbcore: registered new interface driver dvb_usb_vp7045
[   28.206761][    T1] usbcore: registered new interface driver dvb_usb_vp702x
[   28.208513][    T1] usbcore: registered new interface driver dvb_usb_gp8psk
[   28.210268][    T1] usbcore: registered new interface driver dvb_usb_dtt200u
[   28.213133][    T1] usbcore: registered new interface driver dvb_usb_a800
[   28.214529][    T1] usbcore: registered new interface driver dvb_usb_dibusb_mb
[   28.215899][    T1] usbcore: registered new interface driver dvb_usb_dibusb_mc
[   28.217222][    T1] usbcore: registered new interface driver dvb_usb_nova_t_usb2
[   28.218579][    T1] usbcore: registered new interface driver dvb_usb_umt_010
[   28.219908][    T1] usbcore: registered new interface driver dvb_usb_m920x
[   28.221222][    T1] usbcore: registered new interface driver dvb_usb_digitv
[   28.225479][    T1] usbcore: registered new interface driver dvb_usb_cxusb
[   28.227085][    T1] usbcore: registered new interface driver dvb_usb_ttusb2
[   28.229117][    T1] usbcore: registered new interface driver dvb_usb_dib0700
[   28.230867][    T1] usbcore: registered new interface driver opera1
[   28.232588][    T1] usbcore: registered new interface driver dvb_usb_af9005
[   28.233439][    T1] failing symbol_get of non-GPLONLY symbol af9005_rc_decode.
[   28.235357][    T1] failing symbol_get of non-GPLONLY symbol af9005_rc_decode.
[   28.236237][    T1] failing symbol_get of non-GPLONLY symbol rc_map_af9005_table.
[   28.238265][    T1] failing symbol_get of non-GPLONLY symbol rc_map_af9005_table.
[   28.239173][    T1] failing symbol_get of non-GPLONLY symbol rc_map_af9005_table_size.
[   28.241176][    T1] failing symbol_get of non-GPLONLY symbol rc_map_af9005_table_size.
[   28.243813][    T1] af9005: af9005_rc_decode function not found, disabling remote
[   28.245570][    T1] usbcore: registered new interface driver pctv452e
[   28.246915][    T1] usbcore: registered new interface driver dw2102
[   28.248121][    T1] usbcore: registered new interface driver dvb_usb_dtv5100
[   28.249450][    T1] usbcore: registered new interface driver cinergyT2
[   28.251480][    T1] usbcore: registered new interface driver dvb_usb_az6027
[   28.254165][    T1] usbcore: registered new interface driver dvb_usb_technisat_usb2
[   28.255615][    T1] usbcore: registered new interface driver dvb_usb_af9015
[   28.256973][    T1] usbcore: registered new interface driver dvb_usb_af9035
[   28.259253][    T1] usbcore: registered new interface driver dvb_usb_anysee
[   28.260805][    T1] usbcore: registered new interface driver dvb_usb_au6610
[   28.263673][    T1] usbcore: registered new interface driver dvb_usb_az6007
[   28.265377][    T1] usbcore: registered new interface driver dvb_usb_ce6230
[   28.266633][    T1] usbcore: registered new interface driver dvb_usb_ec168
[   28.267857][    T1] usbcore: registered new interface driver dvb_usb_lmedm04
[   28.269111][    T1] usbcore: registered new interface driver dvb_usb_gl861
[   28.270449][    T1] usbcore: registered new interface driver dvb_usb_mxl111sf
[   28.271811][    T1] usbcore: registered new interface driver dvb_usb_rtl28xxu
[   28.273163][    T1] usbcore: registered new interface driver dvb_usb_dvbsky
[   28.275765][    T1] usbcore: registered new interface driver zd1301
[   28.277090][    T1] usbcore: registered new interface driver s2255
[   28.278480][    T1] usbcore: registered new interface driver smsusb
[   28.279756][    T1] usbcore: registered new interface driver ttusb
[   28.280981][    T1] usbcore: registered new interface driver ttusb-dec
[   28.282554][    T1] usbcore: registered new interface driver Abilis Systems as10x usb driver
[   28.284028][    T1] usbcore: registered new interface driver airspy
[   28.284798][    T1] gspca_main: v2.14.0 registered
[   28.285831][    T1] usbcore: registered new interface driver benq
[   28.287045][    T1] usbcore: registered new interface driver conex
[   28.288265][    T1] usbcore: registered new interface driver cpia1
[   28.289467][    T1] usbcore: registered new interface driver dtcs033
[   28.290700][    T1] usbcore: registered new interface driver etoms
[   28.292102][    T1] usbcore: registered new interface driver finepix
[   28.293342][    T1] usbcore: registered new interface driver jeilinj
[   28.294590][    T1] usbcore: registered new interface driver jl2005bcd
[   28.295848][    T1] usbcore: registered new interface driver kinect
[   28.297067][    T1] usbcore: registered new interface driver konica
[   28.298302][    T1] usbcore: registered new interface driver mars
[   28.299518][    T1] usbcore: registered new interface driver mr97310a
[   28.300788][    T1] usbcore: registered new interface driver nw80x
[   28.302203][    T1] usbcore: registered new interface driver ov519
[   28.303466][    T1] usbcore: registered new interface driver ov534
[   28.304685][    T1] usbcore: registered new interface driver ov534_9
[   28.306001][    T1] usbcore: registered new interface driver pac207
[   28.307282][    T1] usbcore: registered new interface driver gspca_pac7302
[   28.308592][    T1] usbcore: registered new interface driver pac7311
[   28.309850][    T1] usbcore: registered new interface driver se401
[   28.311094][    T1] usbcore: registered new interface driver sn9c2028
[   28.313722][    T1] usbcore: registered new interface driver gspca_sn9c20x
[   28.315110][    T1] usbcore: registered new interface driver sonixb
[   28.316810][    T1] usbcore: registered new interface driver sonixj
[   28.318092][    T1] usbcore: registered new interface driver spca500
[   28.319356][    T1] usbcore: registered new interface driver spca501
[   28.320618][    T1] usbcore: registered new interface driver spca505
[   28.321869][    T1] usbcore: registered new interface driver spca506
[   28.323177][    T1] usbcore: registered new interface driver spca508
[   28.324470][    T1] usbcore: registered new interface driver spca561
[   28.325706][    T1] usbcore: registered new interface driver spca1528
[   28.326950][    T1] usbcore: registered new interface driver sq905
[   28.328190][    T1] usbcore: registered new interface driver sq905c
[   28.329436][    T1] usbcore: registered new interface driver sq930x
[   28.331360][    T1] usbcore: registered new interface driver sunplus
[   28.332632][    T1] usbcore: registered new interface driver stk014
[   28.333873][    T1] usbcore: registered new interface driver stk1135
[   28.335152][    T1] usbcore: registered new interface driver stv0680
[   28.336387][    T1] usbcore: registered new interface driver t613
[   28.337608][    T1] usbcore: registered new interface driver gspca_topro
[   28.338931][    T1] usbcore: registered new interface driver touptek
[   28.340194][    T1] usbcore: registered new interface driver tv8532
[   28.341461][    T1] usbcore: registered new interface driver vc032x
[   28.343238][    T1] usbcore: registered new interface driver vicam
[   28.344486][    T1] usbcore: registered new interface driver xirlink-cit
[   28.345972][    T1] usbcore: registered new interface driver gspca_zc3xx
[   28.347251][    T1] usbcore: registered new interface driver ALi m5602
[   28.348545][    T1] usbcore: registered new interface driver STV06xx
[   28.349842][    T1] usbcore: registered new interface driver gspca_gl860
[   28.351119][    T1] usbcore: registered new interface driver hackrf
[   28.352435][    T1] usbcore: registered new interface driver msi2500
[   28.353785][    T1] usbcore: registered new interface driver Philips webcam
[   28.355550][    T1] usbcore: registered new interface driver uvcvideo
[   28.356344][    T1] au0828: au0828 driver loaded
[   28.357462][    T1] usbcore: registered new interface driver au0828
[   28.358817][    T1] usbcore: registered new interface driver cx231xx
[   28.360520][    T1] usbcore: registered new interface driver em28xx
[   28.361358][    T1] em28xx: Registered (Em28xx v4l2 Extension) extension
[   28.363158][    T1] em28xx: Registered (Em28xx Audio Extension) extension
[   28.363987][    T1] em28xx: Registered (Em28xx dvb Extension) extension
[   28.364793][    T1] em28xx: Registered (Em28xx Input Extension) extension
[   28.366138][    T1] usbcore: registered new interface driver go7007
[   28.367380][    T1] usbcore: registered new interface driver go7007-loader
[   28.369007][    T1] usbcore: registered new interface driver hdpvr
[   28.370915][    T1] usbcore: registered new interface driver pvrusb2
[   28.371702][    T1] pvrusb2: V4L in-tree version:Hauppauge WinTV-PVR-USB2 MPEG2 Encoder/Tuner
[   28.372774][    T1] pvrusb2: Debug mask is 31 (0x1f)
[   28.373852][    T1] usbcore: registered new interface driver stk1160
[   28.375507][    T1] usbcore: registered new interface driver usbtv
[   28.384269][    T1] dvbdev: DVB: registering new adapter (dvb_vidtv_bridge)
[   28.393190][    T1] i2c i2c-0: DVB: registering adapter 0 frontend 0 (Dummy demod for DVB-T/T2/C/S/S2)...
[   28.395439][    T1] dvbdev: dvb_create_media_entity: media entity 'Dummy demod for DVB-T/T2/C/S/S2' registered.
[   28.415258][    T1] dvbdev: dvb_create_media_entity: media entity 'dvb-demux' registered.
[   28.435681][    T1] vidtv vidtv.0: Successfully initialized vidtv!
[   28.440271][    T1] vicodec vicodec.0: Device 'stateful-encoder' registered as /dev/video0
[   28.443176][    T1] vicodec vicodec.0: Device 'stateful-decoder' registered as /dev/video1
[   28.446288][    T1] vicodec vicodec.0: Device 'stateless-decoder' registered as /dev/video2
[   28.452181][    T1] vim2m vim2m.0: Device registered as /dev/video0
[   28.506411][    T1] vivid-000: using single planar format API
[   28.544913][    T1] vivid-000: CEC adapter cec0 registered for HDMI input 0
[   28.547379][    T1] vivid-000: V4L2 capture device registered as video7
[   28.550128][    T1] vivid-000: CEC adapter cec1 registered for HDMI output 0
[   28.552490][    T1] vivid-000: V4L2 output device registered as video8
[   28.554794][    T1] vivid-000: V4L2 capture device registered as vbi0, supports raw and sliced VBI
[   28.557362][    T1] vivid-000: V4L2 output device registered as vbi1, supports raw and sliced VBI
[   28.559916][    T1] vivid-000: V4L2 capture device registered as swradio0
[   28.562278][    T1] vivid-000: V4L2 receiver device registered as radio0
[   28.564600][    T1] vivid-000: V4L2 transmitter device registered as radio1
[   28.566954][    T1] vivid-000: V4L2 metadata capture device registered as video9
[   28.569341][    T1] vivid-000: V4L2 metadata output device registered as video10
[   28.572229][    T1] vivid-000: V4L2 touch capture device registered as v4l-touch0
[   28.575935][    T1] usbcore: registered new interface driver radioshark2
[   28.577194][    T1] usbcore: registered new interface driver radioshark
[   28.578472][    T1] usbcore: registered new interface driver radio-si470x
[   28.580944][    T1] usbcore: registered new interface driver radio-usb-si4713
[   28.582940][    T1] usbcore: registered new interface driver dsbr100
[   28.584180][    T1] usbcore: registered new interface driver radio-keene
[   28.585446][    T1] usbcore: registered new interface driver radio-ma901
[   28.586714][    T1] usbcore: registered new interface driver radio-mr800
[   28.587984][    T1] usbcore: registered new interface driver radio-raremono
[   28.592701][    T1] usbcore: registered new interface driver pcwd_usb
[   28.598117][    T1] device-mapper: core: CONFIG_IMA_DISABLE_HTABLE is disabled. Duplicate IMA measurements will not be recorded in the IMA log.
[   28.599717][    T1] device-mapper: uevent: version 1.0.3
[   28.602672][    T1] device-mapper: ioctl: 4.48.0-ioctl (2023-03-01) initialised: dm-devel@lists.linux.dev
[   28.605911][    T1] device-mapper: multipath round-robin: version 1.2.0 loaded
[   28.606801][    T1] device-mapper: multipath queue-length: version 0.2.0 loaded
[   28.607698][    T1] device-mapper: multipath service-time: version 0.3.0 loaded
[   28.610308][    T1] Bluetooth: HCI UART driver ver 2.3
[   28.610933][    T1] Bluetooth: HCI UART protocol H4 registered
[   28.611629][    T1] Bluetooth: HCI UART protocol BCSP registered
[   28.613245][    T1] Bluetooth: HCI UART protocol LL registered
[   28.614266][    T1] Bluetooth: HCI UART protocol Three-wire (H5) registered
[   28.616222][    T1] Bluetooth: HCI UART protocol QCA registered
[   28.616934][    T1] Bluetooth: HCI UART protocol AG6XX registered
[   28.617962][    T1] Bluetooth: HCI UART protocol Marvell registered
[   28.619613][    T1] usbcore: registered new interface driver bcm203x
[   28.620808][    T1] usbcore: registered new interface driver bpa10x
[   28.622517][    T1] usbcore: registered new interface driver bfusb
[   28.623824][    T1] usbcore: registered new interface driver btusb
[   28.625221][    T1] usbcore: registered new interface driver ath3k
[   28.628830][    T1] CAPI 2.0 started up with major 68 (middleware)
[   28.629574][    T1] Modular ISDN core version 1.1.29
[   28.636150][    T1] NET: Registered PF_ISDN protocol family
[   28.636827][    T1] DSP module 2.0
[   28.637252][    T1] mISDN_dsp: DSP clocks every 80 samples. This equals 1 jiffies.
[   28.670508][    T1] mISDN: Layer-1-over-IP driver Rev. 2.00
[   28.673687][    T1] 0 virtual devices registered
[   28.674747][    T1] usbcore: registered new interface driver HFC-S_USB
[   28.675531][    T1] amd_pstate: the _CPC object is not present in SBIOS or ACPI disabled
[   28.676488][    T1] VUB300 Driver rom wait states = 1C irqpoll timeout = 0400
[   28.678943][    T1] usbcore: registered new interface driver vub300
[   28.680964][    T1] usbcore: registered new interface driver ushc
[   28.695106][    T1] iscsi: registered transport (iser)
[   28.708381][    T1] SoftiWARP attached
[   28.730656][    T1] hid: raw HID events driver (C) Jiri Kosina
[   28.795192][    T1] usbcore: registered new interface driver usbhid
[   28.795968][    T1] usbhid: USB HID core driver
[   28.801708][    T1] usbcore: registered new interface driver es2_ap_driver
[   28.806999][    T7] input: ImExPS/2 Generic Explorer Mouse as /devices/platform/i8042/serio1/input/input3
[   28.809634][    T1] comedi: version 0.7.76 - http://www.comedi.org
[   28.811220][    T1] usbcore: registered new interface driver dt9812
[   28.813015][    T1] usbcore: registered new interface driver ni6501
[   28.814253][    T1] usbcore: registered new interface driver usbdux
[   28.815488][    T1] usbcore: registered new interface driver usbduxfast
[   28.816757][    T1] usbcore: registered new interface driver usbduxsigma
[   28.818069][    T1] usbcore: registered new interface driver vmk80xx
[   28.819583][    T1] usbcore: registered new interface driver r8712u
[   28.820983][    T1] greybus: registered new driver hid
[   28.825055][    T1] greybus: registered new driver gbphy
[   28.826004][    T1] gb_gbphy: registered new driver usb
[   28.826930][    T1] asus_wmi: ASUS WMI generic driver loaded
[   29.075543][    T1] usbcore: registered new interface driver snd-usb-audio
[   29.076883][    T1] usbcore: registered new interface driver snd-ua101
[   29.078150][    T1] usbcore: registered new interface driver snd-usb-usx2y
[   29.079487][    T1] usbcore: registered new interface driver snd-usb-us122l
[   29.081323][    T1] usbcore: registered new interface driver snd-usb-caiaq
[   29.082675][    T1] usbcore: registered new interface driver snd-usb-6fire
[   29.084023][    T1] usbcore: registered new interface driver snd-usb-hiface
[   29.085322][    T1] usbcore: registered new interface driver snd-bcd2000
[   29.086622][    T1] usbcore: registered new interface driver snd_usb_pod
[   29.087915][    T1] usbcore: registered new interface driver snd_usb_podhd
[   29.089227][    T1] usbcore: registered new interface driver snd_usb_toneport
[   29.090555][    T1] usbcore: registered new interface driver snd_usb_variax
[   29.095463][    T1] drop_monitor: Initializing network drop monitor service
[   29.097307][    T1] NET: Registered PF_LLC protocol family
[   29.098433][    T1] GACT probability on
[   29.099024][    T1] Mirror/redirect action on
[   29.100146][    T1] Simple TC action Loaded
[   29.108128][    T1] netem: version 1.3
[   29.108765][    T1] u32 classifier
[   29.109197][    T1]     Performance counters on
[   29.109753][    T1]     input device check on
[   29.110295][    T1]     Actions configured
[   29.122698][    T1] xt_time: kernel timezone is -0000
[   29.123617][    T1] IPVS: Registered protocols (TCP, UDP, SCTP, AH, ESP)
[   29.124509][    T1] IPVS: Connection hash table configured (size=4096, memory=32Kbytes)
[   29.126979][    T1] IPVS: ipvs loaded.
[   29.127522][    T1] IPVS: [rr] scheduler registered.
[   29.128133][    T1] IPVS: [wrr] scheduler registered.
[   29.128754][    T1] IPVS: [lc] scheduler registered.
[   29.129365][    T1] IPVS: [wlc] scheduler registered.
[   29.129985][    T1] IPVS: [fo] scheduler registered.
[   29.130602][    T1] IPVS: [ovf] scheduler registered.
[   29.131256][    T1] IPVS: [lblc] scheduler registered.
[   29.131918][    T1] IPVS: [lblcr] scheduler registered.
[   29.132597][    T1] IPVS: [dh] scheduler registered.
[   29.133212][    T1] IPVS: [sh] scheduler registered.
[   29.133827][    T1] IPVS: [mh] scheduler registered.
[   29.134444][    T1] IPVS: [sed] scheduler registered.
[   29.135065][    T1] IPVS: [nq] scheduler registered.
[   29.135674][    T1] IPVS: [twos] scheduler registered.
[   29.136737][    T1] IPVS: [sip] pe registered.
[   29.137530][    T1] ipip: IPv4 and MPLS over IPv4 tunneling driver
[   29.144447][    T1] gre: GRE over IPv4 demultiplexor driver
[   29.145132][    T1] ip_gre: GRE over IPv4 tunneling driver
[   29.163740][    T1] IPv4 over IPsec tunneling driver
[   29.171833][    T1] Initializing XFRM netlink socket
[   29.176624][    T1] IPsec XFRM device driver
[   29.178246][    T1] NET: Registered PF_INET6 protocol family
[   29.212255][    T1] Segment Routing with IPv6
[   29.212806][    T1] RPL Segment Routing with IPv6
[   29.213855][    T1] In-situ OAM (IOAM) with IPv6
[   29.214912][    T1] mip6: Mobile IPv6
[   29.227275][    T1] sit: IPv6, IPv4 and MPLS over IPv4 tunneling driver
