bash: warning: setlocale: LC_ALL: cannot change locale (en_US.UTF-8)
c[?7l[2J[0mSeaBIOS (version 1.16.2-debian-1.16.2-1)
Booting from ROM...
c[?7l[2Jearly console in extract_kernel
input_data: 0x000000000ed84298
input_len: 0x0000000005c627f5
output: 0x0000000001000000
output_len: 0x0000000011d26bc0
kernel_total_size: 0x0000000013a26000
needed_size: 0x0000000013c00000
trampoline_32bit: 0x0000000000000000

Decompressing Linux... Parsing ELF... done.
Booting the kernel (entry_offset: 0x000000000000007a).
[    0.000000][    T0] Linux version 6.9.0-rc5-00002-gadc324767693-dirty (root@buildkitsandbox) (gcc (Debian 12.2.0-14+deb12u1) 12.2.0, GNU ld (GNU Binutils for Debian) 2.40) #2 SMP PREEMPT_DYNAMIC Mon May 25 06:49:18 UTC 2026
[    0.000000][    T0] Command line: console=ttyS0 oops=panic panic=86400 nokaslr earlyprintk=serial rdinit=/init
[    0.000000][    T0] KERNEL supported cpus:
[    0.000000][    T0]   Intel GenuineIntel
[    0.000000][    T0]   AMD AuthenticAMD
[    0.000000][    T0] BIOS-provided physical RAM map:
[    0.000000][    T0] BIOS-e820: [mem 0x0000000000000000-0x000000000009fbff] usable
[    0.000000][    T0] BIOS-e820: [mem 0x000000000009fc00-0x000000000009ffff] reserved
[    0.000000][    T0] BIOS-e820: [mem 0x00000000000f0000-0x00000000000fffff] reserved
[    0.000000][    T0] BIOS-e820: [mem 0x0000000000100000-0x000000007ffdffff] usable
[    0.000000][    T0] BIOS-e820: [mem 0x000000007ffe0000-0x000000007fffffff] reserved
[    0.000000][    T0] BIOS-e820: [mem 0x00000000feffc000-0x00000000feffffff] reserved
[    0.000000][    T0] BIOS-e820: [mem 0x00000000fffc0000-0x00000000ffffffff] reserved
[    0.000000][    T0] BIOS-e820: [mem 0x000000fd00000000-0x000000ffffffffff] reserved
[    0.000000][    T0] printk: legacy bootconsole [earlyser0] enabled
[    0.000000][    T0] NX (Execute Disable) protection: active
[    0.000000][    T0] APIC: Static calls initialized
[    0.000000][    T0] SMBIOS 2.8 present.
[    0.000000][    T0] DMI: QEMU Standard PC (i440FX + PIIX, 1996), BIOS 1.16.2-debian-1.16.2-1 04/01/2014
[    0.000000][    T0] Hypervisor detected: KVM
[    0.000000][    T0] kvm-clock: Using msrs 4b564d01 and 4b564d00
[    0.000005][    T0] kvm-clock: using sched offset of 1158613676 cycles
[    0.000965][    T0] clocksource: kvm-clock: mask: 0xffffffffffffffff max_cycles: 0x1cd42e4dffb, max_idle_ns: 881590591483 ns
[    0.003770][    T0] tsc: Detected 3493.436 MHz processor
[    0.014061][    T0] last_pfn = 0x7ffe0 max_arch_pfn = 0x400000000
[    0.014873][    T0] MTRR map: 4 entries (3 fixed + 1 variable; max 19), built from 8 variable MTRRs
[    0.016010][    T0] x86/PAT: Configuration [0-7]: WB  WC  UC- UC  WB  WP  UC- WT  
[    0.020381][    T0] found SMP MP-table at [mem 0x000f5ba0-0x000f5baf]
[    0.021221][    T0] Using GB pages for direct mapping
[    0.023870][    T0] RAMDISK: [mem 0x7fe8f000-0x7ffdffff]
[    0.024553][    T0] ACPI: Early table checksum verification disabled
[    0.025352][    T0] ACPI: RSDP 0x00000000000F59D0 000014 (v00 BOCHS )
[    0.026170][    T0] ACPI: RSDT 0x000000007FFE1B33 000034 (v01 BOCHS  BXPC     00000001 BXPC 00000001)
[    0.027339][    T0] ACPI: FACP 0x000000007FFE19DF 000074 (v01 BOCHS  BXPC     00000001 BXPC 00000001)
[    0.028517][    T0] ACPI: DSDT 0x000000007FFE0040 00199F (v01 BOCHS  BXPC     00000001 BXPC 00000001)
[    0.029681][    T0] ACPI: FACS 0x000000007FFE0000 000040
[    0.030360][    T0] ACPI: APIC 0x000000007FFE1A53 000080 (v01 BOCHS  BXPC     00000001 BXPC 00000001)
[    0.031525][    T0] ACPI: HPET 0x000000007FFE1AD3 000038 (v01 BOCHS  BXPC     00000001 BXPC 00000001)
[    0.032697][    T0] ACPI: WAET 0x000000007FFE1B0B 000028 (v01 BOCHS  BXPC     00000001 BXPC 00000001)
[    0.033873][    T0] ACPI: Reserving FACP table memory at [mem 0x7ffe19df-0x7ffe1a52]
[    0.034848][    T0] ACPI: Reserving DSDT table memory at [mem 0x7ffe0040-0x7ffe19de]
[    0.035823][    T0] ACPI: Reserving FACS table memory at [mem 0x7ffe0000-0x7ffe003f]
[    0.036802][    T0] ACPI: Reserving APIC table memory at [mem 0x7ffe1a53-0x7ffe1ad2]
[    0.037778][    T0] ACPI: Reserving HPET table memory at [mem 0x7ffe1ad3-0x7ffe1b0a]
[    0.038755][    T0] ACPI: Reserving WAET table memory at [mem 0x7ffe1b0b-0x7ffe1b32]
[    0.040847][    T0] No NUMA configuration found
[    0.041428][    T0] Faking a node at [mem 0x0000000000000000-0x000000007ffdffff]
[    0.042367][    T0] NODE_DATA(0) allocated [mem 0x7fe88e00-0x7fe8edff]
[    0.048808][    T0] Zone ranges:
[    0.049257][    T0]   DMA      [mem 0x0000000000001000-0x0000000000ffffff]
[    0.050129][    T0]   DMA32    [mem 0x0000000001000000-0x000000007ffdffff]
[    0.051003][    T0]   Normal   empty
[    0.051459][    T0]   Device   empty
[    0.051913][    T0] Movable zone start for each node
[    0.052557][    T0] Early memory node ranges
[    0.053102][    T0]   node   0: [mem 0x0000000000001000-0x000000000009efff]
[    0.053982][    T0]   node   0: [mem 0x0000000000100000-0x000000007ffdffff]
[    0.054869][    T0] Initmem setup node 0 [mem 0x0000000000001000-0x000000007ffdffff]
[    0.055867][    T0] On node 0, zone DMA: 1 pages in unavailable ranges
[    0.056910][    T0] On node 0, zone DMA: 97 pages in unavailable ranges
[    0.081875][    T0] On node 0, zone DMA32: 32 pages in unavailable ranges
[    0.123251][    T0] kasan: KernelAddressSanitizer initialized
[    0.124297][    T0] ACPI: PM-Timer IO Port: 0x608
[    0.124918][    T0] ACPI: LAPIC_NMI (acpi_id[0xff] dfl dfl lint[0x1])
[    0.125769][    T0] IOAPIC[0]: apic_id 0, version 17, address 0xfec00000, GSI 0-23
[    0.126729][    T0] ACPI: INT_SRC_OVR (bus 0 bus_irq 0 global_irq 2 dfl dfl)
[    0.127613][    T0] ACPI: INT_SRC_OVR (bus 0 bus_irq 5 global_irq 5 high level)
[    0.128533][    T0] ACPI: INT_SRC_OVR (bus 0 bus_irq 9 global_irq 9 high level)
[    0.129448][    T0] ACPI: INT_SRC_OVR (bus 0 bus_irq 10 global_irq 10 high level)
[    0.130384][    T0] ACPI: INT_SRC_OVR (bus 0 bus_irq 11 global_irq 11 high level)
[    0.131342][    T0] ACPI: Using ACPI (MADT) for SMP configuration information
[    0.132236][    T0] ACPI: HPET id: 0x8086a201 base: 0xfed00000
[    0.133003][    T0] TSC deadline timer available
[    0.133613][    T0] CPU topo: Max. logical packages:   1
[    0.134300][    T0] CPU topo: Max. logical dies:       1
[    0.134989][    T0] CPU topo: Max. dies per package:   1
[    0.135684][    T0] CPU topo: Max. threads per core:   1
[    0.136382][    T0] CPU topo: Num. cores per package:     2
[    0.137106][    T0] CPU topo: Num. threads per package:   2
[    0.137808][    T0] CPU topo: Allowing 2 present CPUs plus 0 hotplug CPUs
[    0.138712][    T0] kvm-guest: APIC: eoi() replaced with kvm_guest_apic_eoi_write()
[    0.139701][    T0] kvm-guest: KVM setup pv remote TLB flush
[    0.140424][    T0] kvm-guest: setup PV sched yield
[    0.141076][    T0] PM: hibernation: Registered nosave memory: [mem 0x00000000-0x00000fff]
[    0.142123][    T0] PM: hibernation: Registered nosave memory: [mem 0x0009f000-0x0009ffff]
[    0.143163][    T0] PM: hibernation: Registered nosave memory: [mem 0x000a0000-0x000effff]
[    0.144197][    T0] PM: hibernation: Registered nosave memory: [mem 0x000f0000-0x000fffff]
[    0.145241][    T0] [mem 0x80000000-0xfeffbfff] available for PCI devices
[    0.146093][    T0] Booting paravirtualized kernel on KVM
[    0.146775][    T0] clocksource: refined-jiffies: mask: 0xffffffff max_cycles: 0xffffffff, max_idle_ns: 19112604462750000 ns
[    0.340553][    T0] setup_percpu: NR_CPUS:8 nr_cpumask_bits:2 nr_cpu_ids:2 nr_node_ids:1
[    0.341964][    T0] percpu: Embedded 74 pages/cpu s264200 r8192 d30712 u1048576
[    0.343091][    T0] kvm-guest: PV spinlocks enabled
[    0.343758][    T0] PV qspinlock hash table entries: 256 (order: 0, 4096 bytes, linear)
[    0.344863][    T0] Kernel command line: console=ttyS0 oops=panic panic=86400 nokaslr earlyprintk=serial rdinit=/init
[    0.346763][    T0] random: crng init done
[    0.347577][    T0] Dentry cache hash table entries: 262144 (order: 9, 2097152 bytes, linear)
[    0.348820][    T0] Inode-cache hash table entries: 131072 (order: 8, 1048576 bytes, linear)
[    0.350164][    T0] Fallback order for Node 0: 0 
[    0.350178][    T0] Built 1 zonelists, mobility grouping on.  Total pages: 515808
[    0.351831][    T0] Policy zone: DMA32
[    0.352633][    T0] mem auto-init: stack:all(zero), heap alloc:on, heap free:off
[    0.353640][    T0] stackdepot: allocating hash table via alloc_large_system_hash
[    0.354659][    T0] stackdepot hash table entries: 1048576 (order: 12, 16777216 bytes, linear)
[    0.505407][    T0] Memory: 1415084K/2096632K available (163840K kernel code, 38750K rwdata, 36476K rodata, 25664K init, 33640K bss, 681292K reserved, 0K cma-reserved)
[    0.508564][    T0] SLUB: HWalign=64, Order=0-3, MinObjects=0, CPUs=2, Nodes=1
[    0.516650][    T0] allocated 4194304 bytes of page_ext
[    0.518168][    T0] Dynamic Preempt: full
[    0.519620][    T0] Running RCU self tests
[    0.520196][    T0] Running RCU synchronous self tests
[    0.520928][    T0] rcu: Preemptible hierarchical RCU implementation.
[    0.521813][    T0] rcu: 	RCU lockdep checking is enabled.
[    0.522575][    T0] rcu: 	RCU restricting CPUs from NR_CPUS=8 to nr_cpu_ids=2.
[    0.523579][    T0] rcu: 	RCU callback double-/use-after-free debug is enabled.
[    0.524595][    T0] rcu: 	RCU debug extended QS entry/exit.
[    0.525321][    T0] 	Trampoline variant of Tasks RCU enabled.
[    0.526068][    T0] 	Tracing variant of Tasks RCU enabled.
[    0.526774][    T0] rcu: RCU calculated value of scheduler-enlistment delay is 10 jiffies.
[    0.527938][    T0] rcu: Adjusting geometry for rcu_fanout_leaf=16, nr_cpu_ids=2
[    0.529058][    T0] Running RCU synchronous self tests
[    0.529747][    T0] RCU Tasks: Setting shift to 1 and lim to 1 rcu_task_cb_adjust=1.
[    0.530828][    T0] RCU Tasks Trace: Setting shift to 1 and lim to 1 rcu_task_cb_adjust=1.
[    0.663370][    T0] NR_IRQS: 4352, nr_irqs: 440, preallocated irqs: 16
[    0.665689][    T0] rcu: srcu_init: Setting srcu_struct sizes based on contention.
[    0.667337][    T0] kfence: initialized - using 2097152 bytes for 255 objects at 0x(____ptrval____)-0x(____ptrval____)
[    0.679603][    T0] Console: colour VGA+ 80x25
[    0.680483][    T0] printk: legacy console [ttyS0] enabled
[    0.680483][    T0] printk: legacy console [ttyS0] enabled
[    0.682010][    T0] printk: legacy bootconsole [earlyser0] disabled
[    0.682010][    T0] printk: legacy bootconsole [earlyser0] disabled
[    0.683700][    T0] Lock dependency validator: Copyright (c) 2006 Red Hat, Inc., Ingo Molnar
[    0.684799][    T0] ... MAX_LOCKDEP_SUBCLASSES:  8
[    0.685428][    T0] ... MAX_LOCK_DEPTH:          48
[    0.686071][    T0] ... MAX_LOCKDEP_KEYS:        8192
[    0.686731][    T0] ... CLASSHASH_SIZE:          4096
[    0.687393][    T0] ... MAX_LOCKDEP_ENTRIES:     131072
[    0.688075][    T0] ... MAX_LOCKDEP_CHAINS:      262144
[    0.688766][    T0] ... CHAINHASH_SIZE:          131072
[    0.689453][    T0]  memory used by lock dependency info: 20721 kB
[    0.690269][    T0]  memory used for stack traces: 8320 kB
[    0.690983][    T0]  per task-struct memory footprint: 1920 bytes
[    0.691899][    T0] ACPI: Core revision 20230628
[    0.693376][    T0] clocksource: hpet: mask: 0xffffffff max_cycles: 0xffffffff, max_idle_ns: 19112604467 ns
[    0.695071][    T0] APIC: Switch to symmetric I/O mode setup
[    0.696000][    T0] x2apic enabled
[    0.696985][    T0] APIC: Switched APIC routing to: physical x2apic
[    0.697809][    T0] kvm-guest: APIC: send_IPI_mask() replaced with kvm_send_ipi_mask()
[    0.698844][    T0] kvm-guest: APIC: send_IPI_mask_allbutself() replaced with kvm_send_ipi_mask_allbutself()
[    0.700122][    T0] kvm-guest: setup PV IPIs
[    0.702628][    T0] ..TIMER: vector=0x30 apic1=0 pin1=2 apic2=-1 pin2=-1
[    0.703511][    T0] tsc: Marking TSC unstable due to TSCs unsynchronized
[    0.704387][    T0] Calibrating delay loop (skipped) preset value.. 6986.87 BogoMIPS (lpj=34934360)
[    0.714542][    T0] x86/cpu: User Mode Instruction Prevention (UMIP) activated
[    0.715630][    T0] Last level iTLB entries: 4KB 512, 2MB 255, 4MB 127
[    0.716452][    T0] Last level dTLB entries: 4KB 512, 2MB 255, 4MB 127, 1GB 0
[    0.717382][    T0] Spectre V1 : Mitigation: usercopy/swapgs barriers and __user pointer sanitization
[    0.718575][    T0] Spectre V2 : Mitigation: Retpolines
[    0.719240][    T0] Spectre V2 : Spectre v2 / SpectreRSB mitigation: Filling RSB on context switch
[    0.720359][    T0] Spectre V2 : Spectre v2 / SpectreRSB : Filling RSB on VMEXIT
[    0.721289][    T0] Spectre V2 : Enabling Speculation Barrier for firmware calls
[    0.722215][    T0] RETBleed: Mitigation: untrained return thunk
[    0.722978][    T0] Spectre V2 : mitigation: Enabling conditional Indirect Branch Prediction Barrier
[    0.724374][    T0] Speculative Store Bypass: Mitigation: Speculative Store Bypass disabled via prctl
[    0.725532][    T0] Speculative Return Stack Overflow: IBPB-extending microcode not applied!
[    0.726587][    T0] Speculative Return Stack Overflow: WARNING: See https://kernel.org/doc/html/latest/admin-guide/hw-vuln/srso.html for mitigation options.
[    0.726595][    T0] Speculative Return Stack Overflow: Vulnerable: Safe RET, no microcode
[    0.729366][    T0] x86/fpu: Supporting XSAVE feature 0x001: 'x87 floating point registers'
[    0.730407][    T0] x86/fpu: Supporting XSAVE feature 0x002: 'SSE registers'
[    0.731279][    T0] x86/fpu: Supporting XSAVE feature 0x004: 'AVX registers'
[    0.732153][    T0] x86/fpu: xstate_offset[2]:  576, xstate_sizes[2]:  256
[    0.733005][    T0] x86/fpu: Enabled xstate features 0x7, context size is 832 bytes, using 'compacted' format.
[    1.034726][    T0] Freeing SMP alternatives memory: 120K
[    1.035611][    T0] pid_max: default: 32768 minimum: 301
[    1.037368][    T0] LSM: initializing lsm=lockdown,capability,landlock,yama,safesetid,tomoyo,smack,bpf,ima,evm
[    1.039362][    T0] landlock: Up and running.
[    1.040078][    T0] Yama: becoming mindful.
[    1.041126][    T0] TOMOYO Linux initialized
[    1.042136][    T0] Smack:  Initializing.
[    1.042789][    T0] Smack:  Netfilter enabled.
[    1.043518][    T0] Smack:  IPv6 Netfilter enabled.
[    1.044466][    T0] LSM support for eBPF active
[    1.046482][    T0] Mount-cache hash table entries: 4096 (order: 3, 32768 bytes, linear)
[    1.047788][    T0] Mountpoint-cache hash table entries: 4096 (order: 3, 32768 bytes, linear)
[    1.062301][    T0] Running RCU synchronous self tests
[    1.063130][    T0] Running RCU synchronous self tests
[    1.066097][    T1] smpboot: CPU0: AMD Ryzen Threadripper PRO 3975WX 32-Cores (family: 0x17, model: 0x31, stepping: 0x0)
[    1.087653][    T1] Running RCU Tasks wait API self tests
[    1.196188][    T1] Running RCU Tasks Trace wait API self tests
[    1.198493][    T1] Performance Events: Fam17h+ core perfctr, AMD PMU driver.
[    1.200930][    T1] ... version:                0
[    1.202207][    T1] ... bit width:              48
[    1.203499][    T1] ... generic registers:      6
[    1.204397][    T1] ... value mask:             0000ffffffffffff
[    1.206007][    T1] ... max period:             00007fffffffffff
[    1.207621][    T1] ... fixed-purpose events:   0
[    1.208899][    T1] ... event mask:             000000000000003f
[    1.213200][    T1] signal: max sigframe size: 1776
[    1.214932][   T14] Callback from call_rcu_tasks_trace() invoked.
[    1.219070][    T1] rcu: Hierarchical SRCU implementation.
[    1.220906][    T1] rcu: 	Max phase no-delay instances is 1000.
[    1.314493][    T1] smp: Bringing up secondary CPUs ...
[    1.320087][    T1] smpboot: x86: Booting SMP configuration:
[    1.321028][    T1] .... node  #0, CPUs:      #1
[    1.321612][    T1] smp: Brought up 1 node, 2 CPUs
[    1.324691][    T1] smpboot: Total of 2 processors activated (13973.74 BogoMIPS)
[    1.334419][    T1] devtmpfs: initialized
[    1.337804][    T1] x86/mm: Memory block size: 128MB
[    1.388441][    T1] Running RCU synchronous self tests
[    1.388441][    T1] Running RCU synchronous self tests
[    1.394531][    T1] clocksource: jiffies: mask: 0xffffffff max_cycles: 0xffffffff, max_idle_ns: 19112604462750000 ns
[    1.396093][    T1] futex hash table entries: 512 (order: 4, 65536 bytes, linear)
[    1.404381][    T1] PM: RTC time: 06:50:45, date: 2026-05-25
[    1.406863][   T13] Callback from call_rcu_tasks() invoked.
[    1.424191][    T1] NET: Registered PF_NETLINK/PF_ROUTE protocol family
[    1.433991][    T1] audit: initializing netlink subsys (disabled)
[    1.444453][   T28] audit: type=2000 audit(1779691846.502:1): state=initialized audit_enabled=0 res=1
[    1.444385][    T1] thermal_sys: Registered thermal governor 'step_wise'
[    1.444385][    T1] thermal_sys: Registered thermal governor 'user_space'
[    1.446092][    T1] cpuidle: using governor menu
[    1.446092][    T1] NET: Registered PF_QIPCRTR protocol family
[    1.452278][    T1] dca service started, version 1.12.1
[    1.455649][    T1] PCI: Using configuration type 1 for base access
[    1.456640][    T1] PCI: Using configuration type 1 for extended access
[    1.465898][    T1] HugeTLB: registered 1.00 GiB page size, pre-allocated 0 pages
[    1.466818][    T1] HugeTLB: 16380 KiB vmemmap can be freed for a 1.00 GiB page
[    1.467925][    T1] HugeTLB: registered 2.00 MiB page size, pre-allocated 0 pages
[    1.469070][    T1] HugeTLB: 28 KiB vmemmap can be freed for a 2.00 MiB page
[    1.484462][    T1] Demotion targets for Node 0: null
[    1.524436][    T1] cryptd: max_cpu_qlen set to 1000
[    1.553531][    T1] raid6: skipped pq benchmark and selected avx2x4
[    1.554669][    T1] raid6: using avx2x2 recovery algorithm
[    1.560016][    T1] ACPI: Added _OSI(Module Device)
[    1.560786][    T1] ACPI: Added _OSI(Processor Device)
[    1.561583][    T1] ACPI: Added _OSI(3.0 _SCP Extensions)
[    1.562418][    T1] ACPI: Added _OSI(Processor Aggregator Device)
[    1.817414][    T1] ACPI: 1 ACPI AML tables successfully acquired and loaded
[    1.858499][    T1] ACPI: _OSC evaluation for CPUs failed, trying _PDC
[    1.885741][    T1] ACPI: Interpreter enabled
[    1.887646][    T1] ACPI: PM: (supports S0 S3 S4 S5)
[    1.888519][    T1] ACPI: Using IOAPIC for interrupt routing
[    1.890247][    T1] PCI: Using host bridge windows from ACPI; if necessary, use "pci=nocrs" and report a bug
[    1.891547][    T1] PCI: Using E820 reservations for host bridge windows
[    1.905844][    T1] ACPI: Enabled 2 GPEs in block 00 to 0F
[    2.356999][    T1] ACPI: PCI Root Bridge [PCI0] (domain 0000 [bus 00-ff])
[    2.358273][    T1] acpi PNP0A03:00: _OSC: OS supports [ExtendedConfig ASPM ClockPM Segments MSI HPX-Type3]
[    2.368812][    T1] PCI host bridge to bus 0000:00
[    2.369545][    T1] pci_bus 0000:00: root bus resource [io  0x0000-0x0cf7 window]
[    2.370642][    T1] pci_bus 0000:00: root bus resource [io  0x0d00-0xffff window]
[    2.371732][    T1] pci_bus 0000:00: root bus resource [mem 0x000a0000-0x000bffff window]
[    2.372850][    T1] pci_bus 0000:00: root bus resource [mem 0x80000000-0xfebfffff window]
[    2.373980][    T1] pci_bus 0000:00: root bus resource [mem 0x100000000-0x17fffffff window]
[    2.374424][    T1] pci_bus 0000:00: root bus resource [bus 00-ff]
[    2.376961][    T1] pci 0000:00:00.0: [8086:1237] type 00 class 0x060000 conventional PCI endpoint
[    2.538245][    T1] pci 0000:00:01.0: [8086:7000] type 00 class 0x060100 conventional PCI endpoint
[    2.695937][    T1] pci 0000:00:01.1: [8086:7010] type 00 class 0x010180 conventional PCI endpoint
[    2.698964][    T1] pci 0000:00:01.1: BAR 4 [io  0xc000-0xc00f]
[    2.700635][    T1] pci 0000:00:01.1: BAR 0 [io  0x01f0-0x01f7]: legacy IDE quirk
[    2.701848][    T1] pci 0000:00:01.1: BAR 1 [io  0x03f6]: legacy IDE quirk
[    2.702956][    T1] pci 0000:00:01.1: BAR 2 [io  0x0170-0x0177]: legacy IDE quirk
[    2.704169][    T1] pci 0000:00:01.1: BAR 3 [io  0x0376]: legacy IDE quirk
[    2.707647][    T1] pci 0000:00:01.3: [8086:7113] type 00 class 0x068000 conventional PCI endpoint
[    2.709913][    T1] pci 0000:00:01.3: quirk: [io  0x0600-0x063f] claimed by PIIX4 ACPI
[    2.711196][    T1] pci 0000:00:01.3: quirk: [io  0x0700-0x070f] claimed by PIIX4 SMB
[    2.715458][    T1] pci 0000:00:02.0: [1234:1111] type 00 class 0x030000 conventional PCI endpoint
[    2.718217][    T1] pci 0000:00:02.0: BAR 0 [mem 0xfd000000-0xfdffffff pref]
[    2.720953][    T1] pci 0000:00:02.0: BAR 2 [mem 0xfebf0000-0xfebf0fff]
[    2.725286][    T1] pci 0000:00:02.0: ROM [mem 0xfebe0000-0xfebeffff pref]
[    2.726882][    T1] pci 0000:00:02.0: Video device with shadowed ROM at [mem 0x000c0000-0x000dffff]
[    2.919720][    T1] ACPI: PCI: Interrupt link LNKA configured for IRQ 10
[    2.935369][    T1] ACPI: PCI: Interrupt link LNKB configured for IRQ 10
[    2.951374][    T1] ACPI: PCI: Interrupt link LNKC configured for IRQ 11
[    2.967146][    T1] ACPI: PCI: Interrupt link LNKD configured for IRQ 11
[    2.973702][    T1] ACPI: PCI: Interrupt link LNKS configured for IRQ 9
[    3.013783][    T1] iommu: Default domain type: Translated
[    3.014389][    T1] iommu: DMA domain TLB invalidation policy: lazy mode
[    3.027622][    T1] SCSI subsystem initialized
[    3.029018][    T1] ACPI: bus type USB registered
[    3.034479][    T1] usbcore: registered new interface driver usbfs
[    3.036064][    T1] usbcore: registered new interface driver hub
[    3.037483][    T1] usbcore: registered new device driver usb
[    3.042600][    T1] mc: Linux media interface: v0.10
[    3.043840][    T1] videodev: Linux video capture interface: v2.00
[    3.046124][    T1] pps_core: LinuxPPS API ver. 1 registered
[    3.046946][    T1] pps_core: Software ver. 5.3.6 - Copyright 2005-2007 Rodolfo Giometti <giometti@linux.it>
[    3.048855][    T1] PTP clock support registered
[    3.051702][    T1] EDAC MC: Ver: 3.0.0
[    3.060628][    T1] Advanced Linux Sound Architecture Driver Initialized.
[    3.074307][    T1] Bluetooth: Core ver 2.22
[    3.074722][    T1] NET: Registered PF_BLUETOOTH protocol family
[    3.075527][    T1] Bluetooth: HCI device and connection manager initialized
[    3.076544][    T1] Bluetooth: HCI socket layer initialized
[    3.077320][    T1] Bluetooth: L2CAP socket layer initialized
[    3.078291][    T1] Bluetooth: SCO socket layer initialized
[    3.079197][    T1] NET: Registered PF_ATMPVC protocol family
[    3.079951][    T1] NET: Registered PF_ATMSVC protocol family
[    3.081419][    T1] NetLabel: Initializing
[    3.081969][    T1] NetLabel:  domain hash size = 128
[    3.082633][    T1] NetLabel:  protocols = UNLABELED CIPSOv4 CALIPSO
[    3.084596][    T1] NetLabel:  unlabeled traffic allowed by default
[    3.090613][    T1] nfc: nfc_init: NFC Core ver 0.1
[    3.092099][    T1] NET: Registered PF_NFC protocol family
[    3.093056][    T1] PCI: Using ACPI for IRQ routing
[    3.096367][    T1] pci 0000:00:02.0: vgaarb: setting as boot VGA device
[    3.097363][    T1] pci 0000:00:02.0: vgaarb: bridge control possible
[    3.098209][    T1] pci 0000:00:02.0: vgaarb: VGA device added: decodes=io+mem,owns=io+mem,locks=none
[    3.099408][    T1] vgaarb: loaded
[    3.101935][    T1] hpet0: at MMIO 0xfed00000, IRQs 2, 8, 0
[    3.102731][    T1] hpet0: 3 comparators, 64-bit 100.000000 MHz counter
[    3.108808][    T1] clocksource: Switched to clocksource kvm-clock
[    3.115341][    T1] VFS: Disk quotas dquot_6.6.0
[    3.116168][    T1] VFS: Dquot-cache hash table entries: 512 (order 0, 4096 bytes)
[    3.118957][    T1] netfs: FS-Cache loaded
[    3.122313][    T1] CacheFiles: Loaded
[    3.124227][    T1] TOMOYO: 2.6.0
[    3.124787][    T1] Mandatory Access Control activated.
[    3.126660][    T1] pnp: PnP ACPI init
[    3.167165][    T1] pnp: PnP ACPI: found 6 devices
[    3.295416][    T1] clocksource: acpi_pm: mask: 0xffffff max_cycles: 0xffffff, max_idle_ns: 2085701024 ns
[    3.298769][    T1] NET: Registered PF_INET protocol family
[    3.300436][    T1] IP idents hash table entries: 32768 (order: 6, 262144 bytes, linear)
[    3.314048][    T1] tcp_listen_portaddr_hash hash table entries: 1024 (order: 4, 73728 bytes, linear)
[    3.315633][    T1] Table-perturb hash table entries: 65536 (order: 6, 262144 bytes, linear)
[    3.317154][    T1] TCP established hash table entries: 16384 (order: 5, 131072 bytes, linear)
[    3.321535][    T1] TCP bind hash table entries: 16384 (order: 9, 2359296 bytes, linear)
[    3.325057][    T1] TCP: Hash tables configured (established 16384 bind 16384)
[    3.328303][    T1] MPTCP token hash table entries: 2048 (order: 5, 180224 bytes, linear)
[    3.330117][    T1] UDP hash table entries: 1024 (order: 5, 163840 bytes, linear)
[    3.331637][    T1] UDP-Lite hash table entries: 1024 (order: 5, 163840 bytes, linear)
[    3.335002][    T1] NET: Registered PF_UNIX/PF_LOCAL protocol family
[    3.341318][    T1] RPC: Registered named UNIX socket transport module.
[    3.342499][    T1] RPC: Registered udp transport module.
[    3.343372][    T1] RPC: Registered tcp transport module.
[    3.344242][    T1] RPC: Registered tcp-with-tls transport module.
[    3.345242][    T1] RPC: Registered tcp NFSv4.1 backchannel transport module.
[    3.352918][    T1] NET: Registered PF_XDP protocol family
[    3.353847][    T1] pci_bus 0000:00: resource 4 [io  0x0000-0x0cf7 window]
[    3.354991][    T1] pci_bus 0000:00: resource 5 [io  0x0d00-0xffff window]
[    3.356123][    T1] pci_bus 0000:00: resource 6 [mem 0x000a0000-0x000bffff window]
[    3.357353][    T1] pci_bus 0000:00: resource 7 [mem 0x80000000-0xfebfffff window]
[    3.358605][    T1] pci_bus 0000:00: resource 8 [mem 0x100000000-0x17fffffff window]
[    3.363017][    T1] pci 0000:00:01.0: PIIX3: Enabling Passive Release
[    3.364074][    T1] pci 0000:00:00.0: Limiting direct PCI/PCI transfers
[    3.365251][    T1] PCI: CLS 0 bytes, default 64
[    3.377753][    T1] ACPI: bus type thunderbolt registered
[    3.380568][    T1] kvm_intel: VMX not supported by CPU 0
[    3.382028][    T1] kvm_amd: Nested Virtualization enabled
[    3.382855][    T1] kvm_amd: Nested Paging enabled
[    3.390916][   T49] Trying to unpack rootfs image as initramfs...
[    3.836824][   T49] Freeing initrd memory: 1348K
[    3.839366][   T73] kworker/u8:4 (73) used greatest stack depth: 28368 bytes left
[    3.843993][   T65] kworker/u8:5 (65) used greatest stack depth: 27664 bytes left
[   13.204258][    T1] Initialise system trusted keyrings
[   13.206828][    T1] workingset: timestamp_bits=40 max_order=19 bucket_order=0
[   13.218637][    T1] DLM installed
[   13.227356][    T1] squashfs: version 4.0 (2009/01/31) Phillip Lougher
[   13.237174][    T1] NFS: Registering the id_resolver key type
[   13.238183][    T1] Key type id_resolver registered
[   13.238945][    T1] Key type id_legacy registered
[   13.239844][    T1] nfs4filelayout_init: NFSv4 File Layout Driver Registering...
[   13.241053][    T1] nfs4flexfilelayout_init: NFSv4 Flexfile Layout Driver Registering...
[   13.257919][    T1] Key type cifs.spnego registered
[   13.259105][    T1] Key type cifs.idmap registered
[   13.260495][    T1] ntfs3: Max link count 4000
[   13.261154][    T1] ntfs3: Enabled Linux POSIX ACLs support
[   13.261973][    T1] ntfs3: Read-only LZX/Xpress compression included
[   13.263147][    T1] efs: 1.0a - http://aeschi.ch.eu.org/efs/
[   13.264105][    T1] jffs2: version 2.2. (NAND) (SUMMARY)  © 2001-2006 Red Hat, Inc.
[   13.266957][    T1] romfs: ROMFS MTD (C) 2007 Red Hat, Inc.
[   13.267977][    T1] QNX4 filesystem 0.2.3 registered.
[   13.268793][    T1] qnx6: QNX6 filesystem 1.0.0 registered.
[   13.271579][    T1] fuse: init (API version 7.40)
[   13.277858][    T1] orangefs_debugfs_init: called with debug mask: :none: :0:
[   13.280994][    T1] orangefs_init: module version upstream loaded
[   13.283629][    T1] JFS: nTxBlock = 8192, nTxLock = 65536
[   13.298278][    T1] SGI XFS with ACLs, security attributes, realtime, quota, no debug enabled
[   13.305174][    T1] 9p: Installing v9fs 9p2000 file system support
[   13.306833][    T1] NILFS version 2 loaded
[   13.307638][    T1] befs: version: 0.9.3
[   13.309294][    T1] ocfs2: Registered cluster interface o2cb
[   13.311893][    T1] ocfs2: Registered cluster interface user
[   13.313941][    T1] OCFS2 User DLM kernel interface loaded
[   13.359783][    T1] gfs2: GFS2 installed
[   13.377362][    T1] ceph: loaded (mds proto 32)
[   13.429040][    T1] NET: Registered PF_ALG protocol family
[   13.430298][    T1] xor: automatically using best checksumming function   avx       
[   13.431584][    T1] async_tx: api initialized (async)
[   13.432406][    T1] Key type asymmetric registered
[   13.433235][    T1] Asymmetric key parser 'x509' registered
[   13.434201][    T1] Asymmetric key parser 'pkcs8' registered
[   13.435092][    T1] Key type pkcs7_test registered
[   13.436647][    T1] Block layer SCSI generic (bsg) driver version 0.4 loaded (major 239)
[   13.439389][    T1] io scheduler mq-deadline registered
[   13.440222][    T1] io scheduler kyber registered
[   13.441292][    T1] io scheduler bfq registered
[   13.461168][    T1] input: Power Button as /devices/LNXSYSTM:00/LNXPWRBN:00/input/input0
[   13.499896][    T1] ACPI: button: Power Button [PWRF]
[   13.513041][    T1] ioatdma: Intel(R) QuickData Technology Driver 5.00
[   13.604345][  T227] kworker/u8:5 (227) used greatest stack depth: 27072 bytes left
[   14.196932][    T1] N_HDLC line discipline registered with maxframe=4096
[   14.198746][    T1] Serial: 8250/16550 driver, 4 ports, IRQ sharing enabled
[   14.206861][    T1] 00:04: ttyS0 at I/O 0x3f8 (irq = 4, base_baud = 115200) is a 16550A
[   14.255815][    T1] Non-volatile memory driver v1.3
[   14.256918][    T1] Linux agpgart interface v0.103
[   14.269634][    T1] ACPI: bus type drm_connector registered
[   14.280132][    T1] [drm] Initialized vgem 1.0.0 20120112 for vgem on minor 0
[   14.301665][    T1] [drm] Initialized vkms 1.0.0 20180514 for vkms on minor 1
[   14.395834][    T1] Console: switching to colour frame buffer device 128x48
[   14.413139][    T1] platform vkms: [drm] fb0: vkmsdrmfb frame buffer device
[   14.414858][    T1] usbcore: registered new interface driver udl
[   14.417636][    T1] bochs-drm 0000:00:02.0: vgaarb: deactivate vga console
[   14.425416][    T1] [drm] Found bochs VGA, ID 0xb0c5.
[   14.426107][    T1] [drm] Framebuffer size 16384 kB @ 0xfd000000, mmio @ 0xfebf0000.
[   14.434330][    T1] [drm] Found EDID data blob.
[   14.444035][    T1] [drm] Initialized bochs-drm 1.0.0 20130925 for 0000:00:02.0 on minor 2
[   14.459945][    T1] fbcon: bochs-drmdrmfb (fb1) is primary device
[   14.459985][    T1] fbcon: Remapping primary device, fb1, to tty 1-63
[   28.397799][    T1] bochs-drm 0000:00:02.0: [drm] fb1: bochs-drmdrmfb frame buffer device
[   28.558601][    T1] brd: module loaded
[   28.771975][    T1] loop: module loaded
[   29.076819][    T1] zram: Added device: zram0
[   29.097223][    T1] null_blk: disk nullb0 created
[   29.097936][    T1] null_blk: module loaded
[   29.099969][    T1] Guest personality initialized and is inactive
[   29.105178][    T1] VMCI host device registered (name=vmci, major=10, minor=118)
[   29.106152][    T1] Initialized host personality
[   29.107134][    T1] usbcore: registered new interface driver rtsx_usb
[   29.109719][    T1] usbcore: registered new interface driver viperboard
[   29.111242][    T1] usbcore: registered new interface driver dln2
[   29.112759][    T1] usbcore: registered new interface driver pn533_usb
[   29.128963][    T1] nfcsim 0.2 initialized
[   29.129941][    T1] usbcore: registered new interface driver port100
[   29.131543][    T1] usbcore: registered new interface driver nfcmrvl
[   29.146671][    T1] Loading iSCSI transport class v2.0-870.
[   29.165084][    T1] st: Version 20160209, fixed bufsize 32768, s/g segs 256
[   29.228046][    T1] scsi host0: ata_piix
[   29.236316][    T1] scsi host1: ata_piix
[   29.242933][    T1] ata1: PATA max MWDMA2 cmd 0x1f0 ctl 0x3f6 bmdma 0xc000 irq 14 lpm-pol 0
[   29.244177][    T1] ata2: PATA max MWDMA2 cmd 0x170 ctl 0x376 bmdma 0xc008 irq 15 lpm-pol 0
[   29.258037][    T1] Rounding down aligned max_sectors from 4294967295 to 4294967288
[   29.260079][    T1] db_root: cannot open: /etc/target
[   29.263865][    T1] slram: not enough parameters.
[   29.275799][    T1] ftl_cs: FTL header not found.
[   29.342068][    T1] wireguard: WireGuard 1.0.0 loaded. See www.wireguard.com for information.
[   29.343234][    T1] wireguard: Copyright (C) 2015-2019 Jason A. Donenfeld <Jason@zx2c4.com>. All Rights Reserved.
[   29.344564][    T1] eql: Equalizer2002: Simon Janes (simon@ncm.com) and David S. Miller (davem@redhat.com)
[   29.363427][    T1] MACsec IEEE 802.1AE
[   29.385950][    T1] tun: Universal TUN/TAP device driver, 1.6
[   29.391772][    T1] vcan: Virtual CAN interface driver
[   29.392480][    T1] vxcan: Virtual CAN Tunnel driver
[   29.393137][    T1] slcan: serial line CAN interface driver
[   29.393868][    T1] CAN device driver interface
[   29.394843][    T1] usbcore: registered new interface driver usb_8dev
[   29.396057][    T1] usbcore: registered new interface driver ems_usb
[   29.397268][    T1] usbcore: registered new interface driver gs_usb
[   29.399219][    T1] usbcore: registered new interface driver kvaser_usb
[   29.400623][    T1] usbcore: registered new interface driver mcba_usb
[   29.404491][    T1] usbcore: registered new interface driver peak_usb
[   29.407515][    T1] e100: Intel(R) PRO/100 Network Driver
[   29.408260][    T1] e100: Copyright(c) 1999-2006 Intel Corporation
[   29.409521][    T1] e1000: Intel(R) PRO/1000 Network Driver
[   29.410256][    T1] e1000: Copyright (c) 1999-2006 Intel Corporation.
[   29.411565][    T1] e1000e: Intel(R) PRO/1000 Network Driver
[   29.412411][    T1] e1000e: Copyright(c) 1999 - 2015 Intel Corporation.
[   29.415387][  T990] ata2: found unknown device (class 0)
[   29.418910][    T1] mkiss: AX.25 Multikiss, Hans Albas PE1AYX
[   29.419749][    T1] AX.25: 6pack driver, Revision: 0.3.0
[   29.420524][    T1] AX.25: bpqether driver version 004
[   29.421201][    T1] PPP generic driver version 2.4.2
[   29.423022][  T990] ata2.00: ATAPI: QEMU DVD-ROM, 2.5+, max UDMA/100
[   29.423795][    T1] PPP BSD Compression module registered
[   29.424633][    T1] PPP Deflate Compression module registered
[   29.425454][    T1] PPP MPPE Compression module registered
[   29.426239][    T1] NET: Registered PF_PPPOX protocol family
[   29.427135][    T1] PPTP driver version 0.8.5
[   29.430065][    T1] SLIP: version 0.8.4-NET3.019-NEWTTY (dynamic channels, max=256) (6 bit encapsulation enabled).
[   29.431401][    T1] CSLIP: code copyright 1989 Regents of the University of California.
[   29.432440][    T1] SLIP linefill/keepalive option.
[   29.433141][    T1] hdlc: HDLC support module revision 1.22
[   29.433909][    T1] LAPB Ethernet driver version 0.02
[   29.437528][    T1] usbcore: registered new interface driver ath9k_htc
[   29.439166][    T1] usbcore: registered new interface driver carl9170
[   29.440848][    T1] usbcore: registered new interface driver ath6kl_usb
[   29.442141][    T1] usbcore: registered new interface driver ar5523
[   29.443914][    T1] usbcore: registered new interface driver ath10k_usb
[   29.446688][    T1] mac80211_hwsim: initializing netlink
[   29.448706][   T59] scsi 1:0:0:0: CD-ROM            QEMU     QEMU DVD-ROM     2.5+ PQ: 0 ANSI: 5
[   29.518016][    T1] usbcore: registered new interface driver atusb
[   29.539671][   T59] sr 1:0:0:0: [sr0] scsi3-mmc drive: 4x/4x cd/rw xa/form2 tray
[   29.541210][   T59] cdrom: Uniform CD-ROM driver Revision: 3.20
[   29.548894][    T1] mac802154_hwsim mac802154_hwsim: Added 2 mac802154 hwsim hardware radios
[   29.552072][    T1] VMware vmxnet3 virtual NIC driver - version 1.7.0.0-k-NAPI
[   29.554040][    T1] usbcore: registered new interface driver catc
[   29.555429][    T1] usbcore: registered new interface driver kaweth
[   29.556413][    T1] pegasus: Pegasus/Pegasus II USB Ethernet driver
[   29.559250][    T1] usbcore: registered new interface driver pegasus
[   29.560618][    T1] usbcore: registered new interface driver rtl8150
[   29.562047][    T1] usbcore: registered new device driver r8152-cfgselector
[   29.563713][    T1] usbcore: registered new interface driver r8152
[   29.565397][    T1] usbcore: registered new interface driver hso
[   29.566566][    T1] usbcore: registered new interface driver lan78xx
[   29.567873][    T1] usbcore: registered new interface driver asix
[   29.569345][    T1] usbcore: registered new interface driver ax88179_178a
[   29.570850][    T1] usbcore: registered new interface driver cdc_ether
[   29.572221][    T1] usbcore: registered new interface driver cdc_eem
[   29.573439][    T1] usbcore: registered new interface driver dm9601
[   29.574631][    T1] usbcore: registered new interface driver sr9700
[   29.575828][    T1] usbcore: registered new interface driver CoreChips
[   29.577057][    T1] usbcore: registered new interface driver smsc75xx
[   29.578683][    T1] usbcore: registered new interface driver smsc95xx
[   29.580436][    T1] usbcore: registered new interface driver gl620a
[   29.582254][    T1] usbcore: registered new interface driver net1080
[   29.584261][    T1] usbcore: registered new interface driver plusb
[   29.586079][    T1] usbcore: registered new interface driver rndis_host
[   29.588024][    T1] usbcore: registered new interface driver cdc_subset
[   29.590515][    T1] usbcore: registered new interface driver zaurus
[   29.591886][    T1] usbcore: registered new interface driver MOSCHIP usb-ethernet driver
[   29.593320][    T1] usbcore: registered new interface driver int51x1
[   29.594586][    T1] usbcore: registered new interface driver cdc_phonet
[   29.595986][    T1] usbcore: registered new interface driver kalmia
[   29.597369][    T1] usbcore: registered new interface driver ipheth
[   29.603761][    T1] usbcore: registered new interface driver sierra_net
[   29.605942][    T1] usbcore: registered new interface driver cx82310_eth
[   29.610640][    T1] usbcore: registered new interface driver cdc_ncm
[   29.611941][    T1] usbcore: registered new interface driver huawei_cdc_ncm
[   29.613312][    T1] usbcore: registered new interface driver lg-vl600
[   29.614633][    T1] usbcore: registered new interface driver qmi_wwan
[   29.615862][    T1] usbcore: registered new interface driver cdc_mbim
[   29.617092][    T1] usbcore: registered new interface driver ch9200
[   29.618926][    T1] usbcore: registered new interface driver r8153_ecm
[   29.627057][   T59] sr 1:0:0:0: Attached scsi generic sg0 type 5
[   29.637359][    T1] VFIO - User Level meta-driver version: 0.3
[   29.652811][    T1] aoe: AoE v85 initialised.
[   29.666659][    T1] SPI driver max3421-hcd has no spi_device_id for maxim,max3421
[   29.674801][    T1] usbcore: registered new interface driver cdc_acm
[   29.675692][    T1] cdc_acm: USB Abstract Control Model driver for USB modems and ISDN adapters
[   29.678047][    T1] usbcore: registered new interface driver usblp
[   29.679701][    T1] usbcore: registered new interface driver cdc_wdm
[   29.681655][    T1] usbcore: registered new interface driver usbtmc
[   29.683625][    T1] usbcore: registered new interface driver uas
[   29.684914][    T1] usbcore: registered new interface driver usb-storage
[   29.686222][    T1] usbcore: registered new interface driver ums-alauda
[   29.688113][    T1] usbcore: registered new interface driver ums-cypress
[   29.689332][    T1] usbcore: registered new interface driver ums-datafab
[   29.691100][    T1] usbcore: registered new interface driver ums_eneub6250
[   29.692375][    T1] usbcore: registered new interface driver ums-freecom
[   29.693576][    T1] usbcore: registered new interface driver ums-isd200
[   29.694803][    T1] usbcore: registered new interface driver ums-jumpshot
[   29.696042][    T1] usbcore: registered new interface driver ums-karma
[   29.697257][    T1] usbcore: registered new interface driver ums-onetouch
[   29.699837][    T1] usbcore: registered new interface driver ums-realtek
[   29.701214][    T1] usbcore: registered new interface driver ums-sddr09
[   29.702584][    T1] usbcore: registered new interface driver ums-sddr55
[   29.703991][    T1] usbcore: registered new interface driver ums-usbat
[   29.705695][    T1] usbcore: registered new interface driver mdc800
[   29.706690][    T1] mdc800: v0.7.5 (30/10/2000):USB Driver for Mustek MDC800 Digital Camera
[   29.708524][    T1] usbcore: registered new interface driver microtekX6
[   29.710739][    T1] usbcore: registered new interface driver usbserial_generic
[   29.712944][    T1] usbserial: USB Serial support registered for generic
[   29.714604][    T1] usbcore: registered new interface driver aircable
[   29.715960][    T1] usbserial: USB Serial support registered for aircable
[   29.718266][    T1] usbcore: registered new interface driver ark3116
[   29.719723][    T1] usbserial: USB Serial support registered for ark3116
[   29.721286][    T1] usbcore: registered new interface driver belkin_sa
[   29.722877][    T1] usbserial: USB Serial support registered for Belkin / Peracom / GoHubs USB Serial Adapter
[   29.724925][    T1] usbcore: registered new interface driver ch341
[   29.726846][    T1] usbserial: USB Serial support registered for ch341-uart
[   29.728804][    T1] usbcore: registered new interface driver cp210x
[   29.730319][    T1] usbserial: USB Serial support registered for cp210x
[   29.731874][    T1] usbcore: registered new interface driver cyberjack
[   29.733348][    T1] usbserial: USB Serial support registered for Reiner SCT Cyberjack USB card reader
[   29.735390][    T1] usbcore: registered new interface driver cypress_m8
[   29.736859][    T1] usbserial: USB Serial support registered for DeLorme Earthmate USB
[   29.739798][    T1] usbserial: USB Serial support registered for HID->COM RS232 Adapter
[   29.742093][    T1] usbserial: USB Serial support registered for Nokia CA-42 V2 Adapter
[   29.744442][    T1] usbcore: registered new interface driver usb_debug
[   29.745898][    T1] usbserial: USB Serial support registered for debug
[   29.747339][    T1] usbserial: USB Serial support registered for xhci_dbc
[   29.750706][    T1] usbcore: registered new interface driver digi_acceleport
[   29.752949][    T1] usbserial: USB Serial support registered for Digi 2 port USB adapter
[   29.754636][    T1] usbserial: USB Serial support registered for Digi 4 port USB adapter
[   29.756426][    T1] usbcore: registered new interface driver io_edgeport
[   29.758048][    T1] usbserial: USB Serial support registered for Edgeport 2 port adapter
[   29.759752][    T1] usbserial: USB Serial support registered for Edgeport 4 port adapter
[   29.761551][    T1] usbserial: USB Serial support registered for Edgeport 8 port adapter
[   29.763266][    T1] usbserial: USB Serial support registered for EPiC device
[   29.764883][    T1] usbcore: registered new interface driver io_ti
[   29.766276][    T1] usbserial: USB Serial support registered for Edgeport TI 1 port adapter
[   29.768154][    T1] usbserial: USB Serial support registered for Edgeport TI 2 port adapter
[   29.769995][    T1] usbcore: registered new interface driver empeg
[   29.771407][    T1] usbserial: USB Serial support registered for empeg
[   29.773092][    T1] usbcore: registered new interface driver f81534a_ctrl
[   29.774711][    T1] usbcore: registered new interface driver f81232
[   29.776106][    T1] usbserial: USB Serial support registered for f81232
[   29.778363][    T1] usbserial: USB Serial support registered for f81534a
[   29.779879][    T1] usbcore: registered new interface driver f81534
[   29.781096][    T1] usbserial: USB Serial support registered for Fintek F81532/F81534
[   29.782481][    T1] usbcore: registered new interface driver ftdi_sio
[   29.783642][    T1] usbserial: USB Serial support registered for FTDI USB Serial Device
[   29.785065][    T1] usbcore: registered new interface driver garmin_gps
[   29.786275][    T1] usbserial: USB Serial support registered for Garmin GPS usb/tty
[   29.788090][    T1] usbcore: registered new interface driver ipaq
[   29.789197][    T1] usbserial: USB Serial support registered for PocketPC PDA
[   29.791386][    T1] usbcore: registered new interface driver ipw
[   29.794267][    T1] usbserial: USB Serial support registered for IPWireless converter
[   29.795939][    T1] usbcore: registered new interface driver ir_usb
[   29.797290][    T1] usbserial: USB Serial support registered for IR Dongle
[   29.799996][    T1] usbcore: registered new interface driver iuu_phoenix
[   29.802014][    T1] usbserial: USB Serial support registered for iuu_phoenix
[   29.804150][    T1] usbcore: registered new interface driver keyspan
[   29.805529][    T1] usbserial: USB Serial support registered for Keyspan - (without firmware)
[   29.807222][    T1] usbserial: USB Serial support registered for Keyspan 1 port adapter
[   29.808933][    T1] usbserial: USB Serial support registered for Keyspan 2 port adapter
[   29.810651][    T1] usbserial: USB Serial support registered for Keyspan 4 port adapter
[   29.812368][    T1] usbcore: registered new interface driver keyspan_pda
[   29.813792][    T1] usbserial: USB Serial support registered for Keyspan PDA
[   29.815273][    T1] usbserial: USB Serial support registered for Keyspan PDA - (prerenumeration)
[   29.817103][    T1] usbcore: registered new interface driver kl5kusb105
[   29.819327][    T1] usbserial: USB Serial support registered for KL5KUSB105D / PalmConnect
[   29.821147][    T1] usbcore: registered new interface driver kobil_sct
[   29.822598][    T1] usbserial: USB Serial support registered for KOBIL USB smart card terminal
[   29.824412][    T1] usbcore: registered new interface driver mct_u232
[   29.825863][    T1] usbserial: USB Serial support registered for MCT U232
[   29.828064][    T1] usbcore: registered new interface driver metro_usb
[   29.829586][    T1] usbserial: USB Serial support registered for Metrologic USB to Serial
[   29.832047][    T1] usbcore: registered new interface driver mos7720
[   29.833483][    T1] usbserial: USB Serial support registered for Moschip 2 port adapter
[   29.835247][    T1] usbcore: registered new interface driver mos7840
[   29.836689][    T1] usbserial: USB Serial support registered for Moschip 7840/7820 USB Serial Driver
[   29.838652][    T1] usbcore: registered new interface driver mxuport
[   29.840032][    T1] usbserial: USB Serial support registered for MOXA UPort
[   29.841570][    T1] usbcore: registered new interface driver navman
[   29.842915][    T1] usbserial: USB Serial support registered for navman
[   29.844418][    T1] usbcore: registered new interface driver omninet
[   29.845776][    T1] usbserial: USB Serial support registered for ZyXEL - omni.net usb
[   29.847508][    T1] usbcore: registered new interface driver opticon
[   29.848869][    T1] usbserial: USB Serial support registered for opticon
[   29.850436][    T1] usbcore: registered new interface driver option
[   29.851899][    T1] usbserial: USB Serial support registered for GSM modem (1-port)
[   29.854176][    T1] usbcore: registered new interface driver oti6858
[   29.855547][    T1] usbserial: USB Serial support registered for oti6858
[   29.857072][    T1] usbcore: registered new interface driver pl2303
[   29.858496][    T1] usbserial: USB Serial support registered for pl2303
[   29.859989][    T1] usbcore: registered new interface driver qcaux
[   29.861866][    T1] usbserial: USB Serial support registered for qcaux
[   29.863355][    T1] usbcore: registered new interface driver qcserial
[   29.864757][    T1] usbserial: USB Serial support registered for Qualcomm USB modem
[   29.866418][    T1] usbcore: registered new interface driver quatech2
[   29.868795][    T1] usbserial: USB Serial support registered for Quatech 2nd gen USB to Serial Driver
[   29.870741][    T1] usbcore: registered new interface driver safe_serial
[   29.872164][    T1] usbserial: USB Serial support registered for safe_serial
[   29.873785][    T1] usbcore: registered new interface driver sierra
[   29.875176][    T1] usbserial: USB Serial support registered for Sierra USB modem
[   29.876862][    T1] usbcore: registered new interface driver usb_serial_simple
[   29.878449][    T1] usbserial: USB Serial support registered for carelink
[   29.879913][    T1] usbserial: USB Serial support registered for flashloader
[   29.881432][    T1] usbserial: USB Serial support registered for funsoft
[   29.882886][    T1] usbserial: USB Serial support registered for google
[   29.884294][    T1] usbserial: USB Serial support registered for hp4x
[   29.885620][    T1] usbserial: USB Serial support registered for kaufmann
[   29.887006][    T1] usbserial: USB Serial support registered for libtransistor
[   29.888544][    T1] usbserial: USB Serial support registered for moto_modem
[   29.890033][    T1] usbserial: USB Serial support registered for motorola_tetra
[   29.891589][    T1] usbserial: USB Serial support registered for nokia
[   29.893048][    T1] usbserial: USB Serial support registered for novatel_gps
[   29.894578][    T1] usbserial: USB Serial support registered for siemens_mpi
[   29.896109][    T1] usbserial: USB Serial support registered for suunto
[   29.897631][    T1] usbserial: USB Serial support registered for vivopay
[   29.899108][    T1] usbserial: USB Serial support registered for zio
[   29.900625][    T1] usbcore: registered new interface driver spcp8x5
[   29.902051][    T1] usbserial: USB Serial support registered for SPCP8x5
[   29.903611][    T1] usbcore: registered new interface driver ssu100
[   29.905036][    T1] usbserial: USB Serial support registered for Quatech SSU-100 USB to Serial Driver
[   29.906984][    T1] usbcore: registered new interface driver symbolserial
[   29.908526][    T1] usbserial: USB Serial support registered for symbol
[   29.910083][    T1] usbcore: registered new interface driver ti_usb_3410_5052
[   29.911654][    T1] usbserial: USB Serial support registered for TI USB 3410 1 port adapter
[   29.913373][    T1] usbserial: USB Serial support registered for TI USB 5052 2 port adapter
[   29.915646][    T1] usbcore: registered new interface driver upd78f0730
[   29.917117][    T1] usbserial: USB Serial support registered for upd78f0730
[   29.918714][    T1] usbcore: registered new interface driver visor
[   29.920099][    T1] usbserial: USB Serial support registered for Handspring Visor / Palm OS
[   29.922392][    T1] usbserial: USB Serial support registered for Sony Clie 5.0
[   29.923964][    T1] usbserial: USB Serial support registered for Sony Clie 3.5
[   29.925617][    T1] usbcore: registered new interface driver wishbone_serial
[   29.927149][    T1] usbserial: USB Serial support registered for wishbone_serial
[   29.928872][    T1] usbcore: registered new interface driver whiteheat
[   29.930341][    T1] usbserial: USB Serial support registered for Connect Tech - WhiteHEAT - (prerenumeration)
[   29.932314][    T1] usbserial: USB Serial support registered for Connect Tech - WhiteHEAT
[   29.934098][    T1] usbcore: registered new interface driver xr_serial
[   29.935541][    T1] usbserial: USB Serial support registered for xr_serial
[   29.937127][    T1] usbcore: registered new interface driver xsens_mt
[   29.938584][    T1] usbserial: USB Serial support registered for xsens_mt
[   29.940188][    T1] usbcore: registered new interface driver adutux
[   29.941769][    T1] usbcore: registered new interface driver appledisplay
[   29.943841][    T1] usbcore: registered new interface driver cypress_cy7c63
[   29.945494][    T1] usbcore: registered new interface driver cytherm
[   29.947023][    T1] usbcore: registered new interface driver emi26 - firmware loader
[   29.949438][    T1] usbcore: registered new interface driver emi62 - firmware loader
[   29.951246][    T1] usbcore: registered new interface driver idmouse
[   29.952820][    T1] usbcore: registered new interface driver iowarrior
[   29.954399][    T1] usbcore: registered new interface driver isight_firmware
[   29.956043][    T1] usbcore: registered new interface driver usblcd
[   29.957649][    T1] usbcore: registered new interface driver ldusb
[   29.959241][    T1] usbcore: registered new interface driver legousbtower
[   29.960902][    T1] usbcore: registered new interface driver usbtest
[   29.962471][    T1] usbcore: registered new interface driver usb_ehset_test
[   29.964143][    T1] usbcore: registered new interface driver trancevibrator
[   29.965869][    T1] usbcore: registered new interface driver uss720
[   29.966933][    T1] uss720: USB Parport Cable driver for Cables using the Lucent Technologies USS720 Chip
[   29.969144][    T1] uss720: NOTE: this is a special purpose driver to allow nonstandard
[   29.970466][    T1] uss720: protocols (eg. bitbang) over USS720 usb to parallel cables
[   29.971759][    T1] uss720: If you just want to connect to a printer, use usblp instead
[   29.973526][    T1] usbcore: registered new interface driver usbsevseg
[   29.975077][    T1] usbcore: registered new interface driver yurex
[   29.979334][    T1] usbcore: registered new interface driver chaoskey
[   29.980897][    T1] usbcore: registered new interface driver sisusb
[   29.982403][    T1] usbcore: registered new interface driver lvs
[   29.983870][    T1] usbcore: registered new interface driver cxacru
[   29.985399][    T1] usbcore: registered new interface driver speedtch
[   29.986947][    T1] usbcore: registered new interface driver ueagle-atm
[   29.988948][    T1] xusbatm: malformed module parameters
[   29.993548][    T1] dummy_hcd dummy_hcd.0: USB Host+Gadget Emulator, driver 02 May 2005
[   29.995034][    T1] dummy_hcd dummy_hcd.0: Dummy host controller
[   30.004152][    T1] dummy_hcd dummy_hcd.0: new USB bus registered, assigned bus number 1
[   30.012876][    T1] usb usb1: New USB device found, idVendor=1d6b, idProduct=0002, bcdDevice= 6.09
[   30.014604][    T1] usb usb1: New USB device strings: Mfr=3, Product=2, SerialNumber=1
[   30.015936][    T1] usb usb1: Product: Dummy host controller
[   30.016923][    T1] usb usb1: Manufacturer: Linux 6.9.0-rc5-00002-gadc324767693-dirty dummy_hcd
[   30.018950][    T1] usb usb1: SerialNumber: dummy_hcd.0
[   30.033716][    T1] hub 1-0:1.0: USB hub found
[   30.035855][    T1] hub 1-0:1.0: 1 port detected
[   30.065783][    T1] gadgetfs: USB Gadget filesystem, version 24 Aug 2004
[   30.073470][    T1] vhci_hcd vhci_hcd.0: USB/IP Virtual Host Controller
[   30.078455][    T1] vhci_hcd vhci_hcd.0: new USB bus registered, assigned bus number 2
[   30.081912][    T1] vhci_hcd: created sysfs vhci_hcd.0
[   30.086949][    T1] usb usb2: New USB device found, idVendor=1d6b, idProduct=0002, bcdDevice= 6.09
[   30.090283][    T1] usb usb2: New USB device strings: Mfr=3, Product=2, SerialNumber=1
[   30.091534][    T1] usb usb2: Product: USB/IP Virtual Host Controller
[   30.092495][    T1] usb usb2: Manufacturer: Linux 6.9.0-rc5-00002-gadc324767693-dirty vhci_hcd
[   30.093817][    T1] usb usb2: SerialNumber: vhci_hcd.0
[   30.104205][    T1] hub 2-0:1.0: USB hub found
[   30.105970][    T1] hub 2-0:1.0: 8 ports detected
[   30.141753][    T1] vhci_hcd vhci_hcd.0: USB/IP Virtual Host Controller
[   30.145818][    T1] vhci_hcd vhci_hcd.0: new USB bus registered, assigned bus number 3
[   30.149276][    T1] usb usb3: We don't know the algorithms for LPM for this host, disabling LPM.
[   30.154744][    T1] usb usb3: New USB device found, idVendor=1d6b, idProduct=0003, bcdDevice= 6.09
[   30.156482][    T1] usb usb3: New USB device strings: Mfr=3, Product=2, SerialNumber=1
[   30.158061][    T1] usb usb3: Product: USB/IP Virtual Host Controller
[   30.159275][    T1] usb usb3: Manufacturer: Linux 6.9.0-rc5-00002-gadc324767693-dirty vhci_hcd
[   30.160847][    T1] usb usb3: SerialNumber: vhci_hcd.0
[   30.172165][    T1] hub 3-0:1.0: USB hub found
[   30.174115][    T1] hub 3-0:1.0: 8 ports detected
[   30.216866][    T1] vhci_hcd vhci_hcd.1: USB/IP Virtual Host Controller
[   30.221960][    T1] vhci_hcd vhci_hcd.1: new USB bus registered, assigned bus number 4
[   30.226663][    T1] usb usb4: New USB device found, idVendor=1d6b, idProduct=0002, bcdDevice= 6.09
[   30.228044][    T1] usb usb4: New USB device strings: Mfr=3, Product=2, SerialNumber=1
[   30.229151][    T1] usb usb4: Product: USB/IP Virtual Host Controller
[   30.230082][    T1] usb usb4: Manufacturer: Linux 6.9.0-rc5-00002-gadc324767693-dirty vhci_hcd
[   30.231260][    T1] usb usb4: SerialNumber: vhci_hcd.1
[   30.240302][    T1] hub 4-0:1.0: USB hub found
[   30.241680][    T1] hub 4-0:1.0: 8 ports detected
[   30.270551][    T1] vhci_hcd vhci_hcd.1: USB/IP Virtual Host Controller
[   30.274419][    T1] vhci_hcd vhci_hcd.1: new USB bus registered, assigned bus number 5
[   30.280366][    T1] usb usb5: We don't know the algorithms for LPM for this host, disabling LPM.
[   30.291154][    T1] usb usb5: New USB device found, idVendor=1d6b, idProduct=0003, bcdDevice= 6.09
[   30.293326][    T1] usb usb5: New USB device strings: Mfr=3, Product=2, SerialNumber=1
[   30.295234][    T1] usb usb5: Product: USB/IP Virtual Host Controller
[   30.296685][    T1] usb usb5: Manufacturer: Linux 6.9.0-rc5-00002-gadc324767693-dirty vhci_hcd
[   30.297909][    T1] usb usb5: SerialNumber: vhci_hcd.1
[   30.306580][    T1] hub 5-0:1.0: USB hub found
[   30.309246][    T1] hub 5-0:1.0: 8 ports detected
[   30.342643][    T1] vhci_hcd vhci_hcd.2: USB/IP Virtual Host Controller
[   30.348366][    T1] vhci_hcd vhci_hcd.2: new USB bus registered, assigned bus number 6
[   30.353010][    T1] usb usb6: New USB device found, idVendor=1d6b, idProduct=0002, bcdDevice= 6.09
[   30.354276][    T1] usb usb6: New USB device strings: Mfr=3, Product=2, SerialNumber=1
[   30.355388][    T1] usb usb6: Product: USB/IP Virtual Host Controller
[   30.356295][    T1] usb usb6: Manufacturer: Linux 6.9.0-rc5-00002-gadc324767693-dirty vhci_hcd
[   30.357498][    T1] usb usb6: SerialNumber: vhci_hcd.2
[   30.365871][    T1] hub 6-0:1.0: USB hub found
[   30.367243][    T1] hub 6-0:1.0: 8 ports detected
[   30.396022][    T1] vhci_hcd vhci_hcd.2: USB/IP Virtual Host Controller
[   30.402876][    T1] vhci_hcd vhci_hcd.2: new USB bus registered, assigned bus number 7
[   30.405377][    T1] usb usb7: We don't know the algorithms for LPM for this host, disabling LPM.
[   30.409989][    T1] usb usb7: New USB device found, idVendor=1d6b, idProduct=0003, bcdDevice= 6.09
[   30.411195][    T1] usb usb7: New USB device strings: Mfr=3, Product=2, SerialNumber=1
[   30.412273][    T1] usb usb7: Product: USB/IP Virtual Host Controller
[   30.413147][    T1] usb usb7: Manufacturer: Linux 6.9.0-rc5-00002-gadc324767693-dirty vhci_hcd
[   30.414302][    T1] usb usb7: SerialNumber: vhci_hcd.2
[   30.422875][    T1] hub 7-0:1.0: USB hub found
[   30.424309][    T1] hub 7-0:1.0: 8 ports detected
[   30.461870][    T1] vhci_hcd vhci_hcd.3: USB/IP Virtual Host Controller
[   30.465349][    T1] vhci_hcd vhci_hcd.3: new USB bus registered, assigned bus number 8
[   30.470051][    T1] usb usb8: New USB device found, idVendor=1d6b, idProduct=0002, bcdDevice= 6.09
[   30.471938][    T1] usb usb8: New USB device strings: Mfr=3, Product=2, SerialNumber=1
[   30.473835][    T1] usb usb8: Product: USB/IP Virtual Host Controller
[   30.475375][    T1] usb usb8: Manufacturer: Linux 6.9.0-rc5-00002-gadc324767693-dirty vhci_hcd
[   30.477419][    T1] usb usb8: SerialNumber: vhci_hcd.3
[   30.487372][    T1] hub 8-0:1.0: USB hub found
[   30.488897][    T1] hub 8-0:1.0: 8 ports detected
[   30.517582][    T1] vhci_hcd vhci_hcd.3: USB/IP Virtual Host Controller
[   30.520923][    T1] vhci_hcd vhci_hcd.3: new USB bus registered, assigned bus number 9
[   30.523397][    T1] usb usb9: We don't know the algorithms for LPM for this host, disabling LPM.
[   30.527736][    T1] usb usb9: New USB device found, idVendor=1d6b, idProduct=0003, bcdDevice= 6.09
[   30.529075][    T1] usb usb9: New USB device strings: Mfr=3, Product=2, SerialNumber=1
[   30.530263][    T1] usb usb9: Product: USB/IP Virtual Host Controller
[   30.531234][    T1] usb usb9: Manufacturer: Linux 6.9.0-rc5-00002-gadc324767693-dirty vhci_hcd
[   30.532491][    T1] usb usb9: SerialNumber: vhci_hcd.3
[   30.541294][    T1] hub 9-0:1.0: USB hub found
[   30.542850][    T1] hub 9-0:1.0: 8 ports detected
[   30.582028][    T1] vhci_hcd vhci_hcd.4: USB/IP Virtual Host Controller
[   30.585359][    T1] vhci_hcd vhci_hcd.4: new USB bus registered, assigned bus number 10
[   30.590176][    T1] usb usb10: New USB device found, idVendor=1d6b, idProduct=0002, bcdDevice= 6.09
[   30.591395][    T1] usb usb10: New USB device strings: Mfr=3, Product=2, SerialNumber=1
[   30.592594][    T1] usb usb10: Product: USB/IP Virtual Host Controller
[   30.593624][    T1] usb usb10: Manufacturer: Linux 6.9.0-rc5-00002-gadc324767693-dirty vhci_hcd
[   30.594802][    T1] usb usb10: SerialNumber: vhci_hcd.4
[   30.604251][    T1] hub 10-0:1.0: USB hub found
[   30.605756][    T1] hub 10-0:1.0: 8 ports detected
[   30.634712][    T1] vhci_hcd vhci_hcd.4: USB/IP Virtual Host Controller
[   30.639198][    T1] vhci_hcd vhci_hcd.4: new USB bus registered, assigned bus number 11
[   30.641669][    T1] usb usb11: We don't know the algorithms for LPM for this host, disabling LPM.
[   30.645769][    T1] usb usb11: New USB device found, idVendor=1d6b, idProduct=0003, bcdDevice= 6.09
[   30.646963][    T1] usb usb11: New USB device strings: Mfr=3, Product=2, SerialNumber=1
[   30.648401][    T1] usb usb11: Product: USB/IP Virtual Host Controller
[   30.649271][    T1] usb usb11: Manufacturer: Linux 6.9.0-rc5-00002-gadc324767693-dirty vhci_hcd
[   30.650401][    T1] usb usb11: SerialNumber: vhci_hcd.4
[   30.658965][    T1] hub 11-0:1.0: USB hub found
[   30.660357][    T1] hub 11-0:1.0: 8 ports detected
[   30.697116][    T1] vhci_hcd vhci_hcd.5: USB/IP Virtual Host Controller
[   30.700879][    T1] vhci_hcd vhci_hcd.5: new USB bus registered, assigned bus number 12
[   30.705335][    T1] usb usb12: New USB device found, idVendor=1d6b, idProduct=0002, bcdDevice= 6.09
[   30.706527][    T1] usb usb12: New USB device strings: Mfr=3, Product=2, SerialNumber=1
[   30.707627][    T1] usb usb12: Product: USB/IP Virtual Host Controller
[   30.708523][    T1] usb usb12: Manufacturer: Linux 6.9.0-rc5-00002-gadc324767693-dirty vhci_hcd
[   30.709643][    T1] usb usb12: SerialNumber: vhci_hcd.5
[   30.718840][    T1] hub 12-0:1.0: USB hub found
[   30.720195][    T1] hub 12-0:1.0: 8 ports detected
[   30.747125][    T1] vhci_hcd vhci_hcd.5: USB/IP Virtual Host Controller
[   30.751643][    T1] vhci_hcd vhci_hcd.5: new USB bus registered, assigned bus number 13
[   30.753991][    T1] usb usb13: We don't know the algorithms for LPM for this host, disabling LPM.
[   30.758147][    T1] usb usb13: New USB device found, idVendor=1d6b, idProduct=0003, bcdDevice= 6.09
[   30.759356][    T1] usb usb13: New USB device strings: Mfr=3, Product=2, SerialNumber=1
[   30.760422][    T1] usb usb13: Product: USB/IP Virtual Host Controller
[   30.761284][    T1] usb usb13: Manufacturer: Linux 6.9.0-rc5-00002-gadc324767693-dirty vhci_hcd
[   30.762405][    T1] usb usb13: SerialNumber: vhci_hcd.5
[   30.771863][    T1] hub 13-0:1.0: USB hub found
[   30.773250][    T1] hub 13-0:1.0: 8 ports detected
[   30.803585][    T1] vhci_hcd vhci_hcd.6: USB/IP Virtual Host Controller
[   30.811815][    T1] vhci_hcd vhci_hcd.6: new USB bus registered, assigned bus number 14
[   30.821899][    T1] usb usb14: New USB device found, idVendor=1d6b, idProduct=0002, bcdDevice= 6.09
[   30.824370][    T1] usb usb14: New USB device strings: Mfr=3, Product=2, SerialNumber=1
[   30.826543][    T1] usb usb14: Product: USB/IP Virtual Host Controller
[   30.829310][    T1] usb usb14: Manufacturer: Linux 6.9.0-rc5-00002-gadc324767693-dirty vhci_hcd
[   30.832005][    T1] usb usb14: SerialNumber: vhci_hcd.6
[   30.845177][    T1] hub 14-0:1.0: USB hub found
[   30.846735][    T1] hub 14-0:1.0: 8 ports detected
[   30.878779][    T1] vhci_hcd vhci_hcd.6: USB/IP Virtual Host Controller
[   30.882022][    T1] vhci_hcd vhci_hcd.6: new USB bus registered, assigned bus number 15
[   30.884469][    T1] usb usb15: We don't know the algorithms for LPM for this host, disabling LPM.
[   30.889876][    T1] usb usb15: New USB device found, idVendor=1d6b, idProduct=0003, bcdDevice= 6.09
[   30.891101][    T1] usb usb15: New USB device strings: Mfr=3, Product=2, SerialNumber=1
[   30.892157][    T1] usb usb15: Product: USB/IP Virtual Host Controller
[   30.893044][    T1] usb usb15: Manufacturer: Linux 6.9.0-rc5-00002-gadc324767693-dirty vhci_hcd
[   30.894184][    T1] usb usb15: SerialNumber: vhci_hcd.6
[   30.903633][    T1] hub 15-0:1.0: USB hub found
[   30.905019][    T1] hub 15-0:1.0: 8 ports detected
[   30.942607][    T1] vhci_hcd vhci_hcd.7: USB/IP Virtual Host Controller
[   30.946078][    T1] vhci_hcd vhci_hcd.7: new USB bus registered, assigned bus number 16
[   30.951349][    T1] usb usb16: New USB device found, idVendor=1d6b, idProduct=0002, bcdDevice= 6.09
[   30.952580][    T1] usb usb16: New USB device strings: Mfr=3, Product=2, SerialNumber=1
[   30.953648][    T1] usb usb16: Product: USB/IP Virtual Host Controller
[   30.954517][    T1] usb usb16: Manufacturer: Linux 6.9.0-rc5-00002-gadc324767693-dirty vhci_hcd
[   30.955658][    T1] usb usb16: SerialNumber: vhci_hcd.7
[   30.964177][    T1] hub 16-0:1.0: USB hub found
[   30.965723][    T1] hub 16-0:1.0: 8 ports detected
[   30.993852][    T1] vhci_hcd vhci_hcd.7: USB/IP Virtual Host Controller
[   30.997566][    T1] vhci_hcd vhci_hcd.7: new USB bus registered, assigned bus number 17
[   31.000333][    T1] usb usb17: We don't know the algorithms for LPM for this host, disabling LPM.
[   31.004446][    T1] usb usb17: New USB device found, idVendor=1d6b, idProduct=0003, bcdDevice= 6.09
[   31.005648][    T1] usb usb17: New USB device strings: Mfr=3, Product=2, SerialNumber=1
[   31.006707][    T1] usb usb17: Product: USB/IP Virtual Host Controller
[   31.007684][    T1] usb usb17: Manufacturer: Linux 6.9.0-rc5-00002-gadc324767693-dirty vhci_hcd
[   31.008834][    T1] usb usb17: SerialNumber: vhci_hcd.7
[   31.017867][    T1] hub 17-0:1.0: USB hub found
[   31.019233][    T1] hub 17-0:1.0: 8 ports detected
[   31.057703][    T1] vhci_hcd vhci_hcd.8: USB/IP Virtual Host Controller
[   31.061243][    T1] vhci_hcd vhci_hcd.8: new USB bus registered, assigned bus number 18
[   31.065913][    T1] usb usb18: New USB device found, idVendor=1d6b, idProduct=0002, bcdDevice= 6.09
[   31.067306][    T1] usb usb18: New USB device strings: Mfr=3, Product=2, SerialNumber=1
[   31.068822][    T1] usb usb18: Product: USB/IP Virtual Host Controller
[   31.069846][    T1] usb usb18: Manufacturer: Linux 6.9.0-rc5-00002-gadc324767693-dirty vhci_hcd
[   31.071268][    T1] usb usb18: SerialNumber: vhci_hcd.8
[   31.081284][    T1] hub 18-0:1.0: USB hub found
[   31.083853][    T1] hub 18-0:1.0: 8 ports detected
[   31.116867][    T1] vhci_hcd vhci_hcd.8: USB/IP Virtual Host Controller
[   31.128812][    T1] vhci_hcd vhci_hcd.8: new USB bus registered, assigned bus number 19
[   31.133606][    T1] usb usb19: We don't know the algorithms for LPM for this host, disabling LPM.
[   31.142335][    T1] usb usb19: New USB device found, idVendor=1d6b, idProduct=0003, bcdDevice= 6.09
[   31.143575][    T1] usb usb19: New USB device strings: Mfr=3, Product=2, SerialNumber=1
[   31.144669][    T1] usb usb19: Product: USB/IP Virtual Host Controller
[   31.145536][    T1] usb usb19: Manufacturer: Linux 6.9.0-rc5-00002-gadc324767693-dirty vhci_hcd
[   31.146676][    T1] usb usb19: SerialNumber: vhci_hcd.8
[   31.155598][    T1] hub 19-0:1.0: USB hub found
[   31.159475][    T1] hub 19-0:1.0: 8 ports detected
[   31.198046][    T1] vhci_hcd vhci_hcd.9: USB/IP Virtual Host Controller
[   31.202259][    T1] vhci_hcd vhci_hcd.9: new USB bus registered, assigned bus number 20
[   31.208370][    T1] usb usb20: New USB device found, idVendor=1d6b, idProduct=0002, bcdDevice= 6.09
[   31.209636][    T1] usb usb20: New USB device strings: Mfr=3, Product=2, SerialNumber=1
[   31.210900][    T1] usb usb20: Product: USB/IP Virtual Host Controller
[   31.211762][    T1] usb usb20: Manufacturer: Linux 6.9.0-rc5-00002-gadc324767693-dirty vhci_hcd
[   31.212902][    T1] usb usb20: SerialNumber: vhci_hcd.9
[   31.223071][    T1] hub 20-0:1.0: USB hub found
[   31.225923][    T1] hub 20-0:1.0: 8 ports detected
[   31.255750][    T1] vhci_hcd vhci_hcd.9: USB/IP Virtual Host Controller
[   31.260960][    T1] vhci_hcd vhci_hcd.9: new USB bus registered, assigned bus number 21
[   31.263435][    T1] usb usb21: We don't know the algorithms for LPM for this host, disabling LPM.
[   31.267867][    T1] usb usb21: New USB device found, idVendor=1d6b, idProduct=0003, bcdDevice= 6.09
[   31.269198][    T1] usb usb21: New USB device strings: Mfr=3, Product=2, SerialNumber=1
[   31.270448][    T1] usb usb21: Product: USB/IP Virtual Host Controller
[   31.271396][    T1] usb usb21: Manufacturer: Linux 6.9.0-rc5-00002-gadc324767693-dirty vhci_hcd
[   31.272574][    T1] usb usb21: SerialNumber: vhci_hcd.9
[   31.281590][    T1] hub 21-0:1.0: USB hub found
[   31.283173][    T1] hub 21-0:1.0: 8 ports detected
[   31.320296][    T1] vhci_hcd vhci_hcd.10: USB/IP Virtual Host Controller
[   31.323930][    T1] vhci_hcd vhci_hcd.10: new USB bus registered, assigned bus number 22
[   31.328641][    T1] usb usb22: New USB device found, idVendor=1d6b, idProduct=0002, bcdDevice= 6.09
[   31.329848][    T1] usb usb22: New USB device strings: Mfr=3, Product=2, SerialNumber=1
[   31.330914][    T1] usb usb22: Product: USB/IP Virtual Host Controller
[   31.331787][    T1] usb usb22: Manufacturer: Linux 6.9.0-rc5-00002-gadc324767693-dirty vhci_hcd
[   31.332940][    T1] usb usb22: SerialNumber: vhci_hcd.10
[   31.341479][    T1] hub 22-0:1.0: USB hub found
[   31.345079][    T1] hub 22-0:1.0: 8 ports detected
[   31.375402][    T1] vhci_hcd vhci_hcd.10: USB/IP Virtual Host Controller
[   31.378730][    T1] vhci_hcd vhci_hcd.10: new USB bus registered, assigned bus number 23
[   31.381276][    T1] usb usb23: We don't know the algorithms for LPM for this host, disabling LPM.
[   31.385648][    T1] usb usb23: New USB device found, idVendor=1d6b, idProduct=0003, bcdDevice= 6.09
[   31.386860][    T1] usb usb23: New USB device strings: Mfr=3, Product=2, SerialNumber=1
[   31.387972][    T1] usb usb23: Product: USB/IP Virtual Host Controller
[   31.388848][    T1] usb usb23: Manufacturer: Linux 6.9.0-rc5-00002-gadc324767693-dirty vhci_hcd
[   31.389987][    T1] usb usb23: SerialNumber: vhci_hcd.10
[   31.398375][    T1] hub 23-0:1.0: USB hub found
[   31.399945][    T1] hub 23-0:1.0: 8 ports detected
[   31.435075][    T1] vhci_hcd vhci_hcd.11: USB/IP Virtual Host Controller
[   31.440933][    T1] vhci_hcd vhci_hcd.11: new USB bus registered, assigned bus number 24
[   31.445689][    T1] usb usb24: New USB device found, idVendor=1d6b, idProduct=0002, bcdDevice= 6.09
[   31.446913][    T1] usb usb24: New USB device strings: Mfr=3, Product=2, SerialNumber=1
[   31.448044][    T1] usb usb24: Product: USB/IP Virtual Host Controller
[   31.448944][    T1] usb usb24: Manufacturer: Linux 6.9.0-rc5-00002-gadc324767693-dirty vhci_hcd
[   31.450271][    T1] usb usb24: SerialNumber: vhci_hcd.11
[   31.460161][    T1] hub 24-0:1.0: USB hub found
[   31.461879][    T1] hub 24-0:1.0: 8 ports detected
[   31.493896][    T1] vhci_hcd vhci_hcd.11: USB/IP Virtual Host Controller
[   31.497861][    T1] vhci_hcd vhci_hcd.11: new USB bus registered, assigned bus number 25
[   31.500386][    T1] usb usb25: We don't know the algorithms for LPM for this host, disabling LPM.
[   31.504795][    T1] usb usb25: New USB device found, idVendor=1d6b, idProduct=0003, bcdDevice= 6.09
[   31.506041][    T1] usb usb25: New USB device strings: Mfr=3, Product=2, SerialNumber=1
[   31.507132][    T1] usb usb25: Product: USB/IP Virtual Host Controller
[   31.509074][    T1] usb usb25: Manufacturer: Linux 6.9.0-rc5-00002-gadc324767693-dirty vhci_hcd
[   31.510221][    T1] usb usb25: SerialNumber: vhci_hcd.11
[   31.519231][    T1] hub 25-0:1.0: USB hub found
[   31.521658][    T1] hub 25-0:1.0: 8 ports detected
[   31.554029][    T1] vhci_hcd vhci_hcd.12: USB/IP Virtual Host Controller
[   31.561167][    T1] vhci_hcd vhci_hcd.12: new USB bus registered, assigned bus number 26
[   31.565663][    T1] usb usb26: New USB device found, idVendor=1d6b, idProduct=0002, bcdDevice= 6.09
[   31.566868][    T1] usb usb26: New USB device strings: Mfr=3, Product=2, SerialNumber=1
[   31.567969][    T1] usb usb26: Product: USB/IP Virtual Host Controller
[   31.568850][    T1] usb usb26: Manufacturer: Linux 6.9.0-rc5-00002-gadc324767693-dirty vhci_hcd
[   31.569996][    T1] usb usb26: SerialNumber: vhci_hcd.12
[   31.580162][    T1] hub 26-0:1.0: USB hub found
[   31.582416][    T1] hub 26-0:1.0: 8 ports detected
[   31.613095][    T1] vhci_hcd vhci_hcd.12: USB/IP Virtual Host Controller
[   31.616629][    T1] vhci_hcd vhci_hcd.12: new USB bus registered, assigned bus number 27
[   31.619159][    T1] usb usb27: We don't know the algorithms for LPM for this host, disabling LPM.
[   31.623243][    T1] usb usb27: New USB device found, idVendor=1d6b, idProduct=0003, bcdDevice= 6.09
[   31.624454][    T1] usb usb27: New USB device strings: Mfr=3, Product=2, SerialNumber=1
[   31.625524][    T1] usb usb27: Product: USB/IP Virtual Host Controller
[   31.626395][    T1] usb usb27: Manufacturer: Linux 6.9.0-rc5-00002-gadc324767693-dirty vhci_hcd
[   31.627598][    T1] usb usb27: SerialNumber: vhci_hcd.12
[   31.636029][    T1] hub 27-0:1.0: USB hub found
[   31.639634][    T1] hub 27-0:1.0: 8 ports detected
[   31.679942][    T1] vhci_hcd vhci_hcd.13: USB/IP Virtual Host Controller
[   31.684320][    T1] vhci_hcd vhci_hcd.13: new USB bus registered, assigned bus number 28
[   31.690205][    T1] usb usb28: New USB device found, idVendor=1d6b, idProduct=0002, bcdDevice= 6.09
[   31.691813][    T1] usb usb28: New USB device strings: Mfr=3, Product=2, SerialNumber=1
[   31.693231][    T1] usb usb28: Product: USB/IP Virtual Host Controller
[   31.694398][    T1] usb usb28: Manufacturer: Linux 6.9.0-rc5-00002-gadc324767693-dirty vhci_hcd
[   31.695886][    T1] usb usb28: SerialNumber: vhci_hcd.13
[   31.706760][    T1] hub 28-0:1.0: USB hub found
[   31.708593][    T1] hub 28-0:1.0: 8 ports detected
[   31.740190][    T1] vhci_hcd vhci_hcd.13: USB/IP Virtual Host Controller
[   31.743563][    T1] vhci_hcd vhci_hcd.13: new USB bus registered, assigned bus number 29
[   31.745969][    T1] usb usb29: We don't know the algorithms for LPM for this host, disabling LPM.
[   31.751800][    T1] usb usb29: New USB device found, idVendor=1d6b, idProduct=0003, bcdDevice= 6.09
[   31.753086][    T1] usb usb29: New USB device strings: Mfr=3, Product=2, SerialNumber=1
[   31.754391][    T1] usb usb29: Product: USB/IP Virtual Host Controller
[   31.755461][    T1] usb usb29: Manufacturer: Linux 6.9.0-rc5-00002-gadc324767693-dirty vhci_hcd
[   31.756863][    T1] usb usb29: SerialNumber: vhci_hcd.13
[   31.766988][    T1] hub 29-0:1.0: USB hub found
[   31.768764][    T1] hub 29-0:1.0: 8 ports detected
[   31.803898][    T1] vhci_hcd vhci_hcd.14: USB/IP Virtual Host Controller
[   31.809547][    T1] vhci_hcd vhci_hcd.14: new USB bus registered, assigned bus number 30
[   31.813997][    T1] usb usb30: New USB device found, idVendor=1d6b, idProduct=0002, bcdDevice= 6.09
[   31.815180][    T1] usb usb30: New USB device strings: Mfr=3, Product=2, SerialNumber=1
[   31.816243][    T1] usb usb30: Product: USB/IP Virtual Host Controller
[   31.817112][    T1] usb usb30: Manufacturer: Linux 6.9.0-rc5-00002-gadc324767693-dirty vhci_hcd
[   31.818402][    T1] usb usb30: SerialNumber: vhci_hcd.14
[   31.828911][    T1] hub 30-0:1.0: USB hub found
[   31.830315][    T1] hub 30-0:1.0: 8 ports detected
[   31.858565][    T1] vhci_hcd vhci_hcd.14: USB/IP Virtual Host Controller
[   31.862347][    T1] vhci_hcd vhci_hcd.14: new USB bus registered, assigned bus number 31
[   31.864794][    T1] usb usb31: We don't know the algorithms for LPM for this host, disabling LPM.
[   31.868970][    T1] usb usb31: New USB device found, idVendor=1d6b, idProduct=0003, bcdDevice= 6.09
[   31.870185][    T1] usb usb31: New USB device strings: Mfr=3, Product=2, SerialNumber=1
[   31.871248][    T1] usb usb31: Product: USB/IP Virtual Host Controller
[   31.872135][    T1] usb usb31: Manufacturer: Linux 6.9.0-rc5-00002-gadc324767693-dirty vhci_hcd
[   31.873409][    T1] usb usb31: SerialNumber: vhci_hcd.14
[   31.883336][    T1] hub 31-0:1.0: USB hub found
[   31.885202][    T1] hub 31-0:1.0: 8 ports detected
[   31.921033][    T1] vhci_hcd vhci_hcd.15: USB/IP Virtual Host Controller
[   31.926112][    T1] vhci_hcd vhci_hcd.15: new USB bus registered, assigned bus number 32
[   31.930865][    T1] usb usb32: New USB device found, idVendor=1d6b, idProduct=0002, bcdDevice= 6.09
[   31.932078][    T1] usb usb32: New USB device strings: Mfr=3, Product=2, SerialNumber=1
[   31.933155][    T1] usb usb32: Product: USB/IP Virtual Host Controller
[   31.934028][    T1] usb usb32: Manufacturer: Linux 6.9.0-rc5-00002-gadc324767693-dirty vhci_hcd
[   31.935178][    T1] usb usb32: SerialNumber: vhci_hcd.15
[   31.944675][    T1] hub 32-0:1.0: USB hub found
[   31.946098][    T1] hub 32-0:1.0: 8 ports detected
[   31.977672][    T1] vhci_hcd vhci_hcd.15: USB/IP Virtual Host Controller
[   31.981051][    T1] vhci_hcd vhci_hcd.15: new USB bus registered, assigned bus number 33
[   31.983929][    T1] usb usb33: We don't know the algorithms for LPM for this host, disabling LPM.
[   31.988596][    T1] usb usb33: New USB device found, idVendor=1d6b, idProduct=0003, bcdDevice= 6.09
[   31.989948][    T1] usb usb33: New USB device strings: Mfr=3, Product=2, SerialNumber=1
[   31.991008][    T1] usb usb33: Product: USB/IP Virtual Host Controller
[   31.991866][    T1] usb usb33: Manufacturer: Linux 6.9.0-rc5-00002-gadc324767693-dirty vhci_hcd
[   31.993158][    T1] usb usb33: SerialNumber: vhci_hcd.15
[   32.002539][    T1] hub 33-0:1.0: USB hub found
[   32.004049][    T1] hub 33-0:1.0: 8 ports detected
[   32.041196][    T1] usbcore: registered new device driver usbip-host
[   32.055779][    T1] i8042: PNP: PS/2 Controller [PNP0303:KBD,PNP0f13:MOU] at 0x60,0x64 irq 1,12
[   32.062145][    T1] serio: i8042 KBD port at 0x60,0x64 irq 1
[   32.066269][    T1] serio: i8042 AUX port at 0x60,0x64 irq 12
[   32.073325][    T1] mousedev: PS/2 mouse device common for all mice
[   32.082416][    T1] usbcore: registered new interface driver appletouch
[   32.083966][    T1] usbcore: registered new interface driver bcm5974
[   32.086382][    T1] usbcore: registered new interface driver synaptics_usb
[   32.092174][   T43] input: AT Translated Set 2 keyboard as /devices/platform/i8042/serio0/input/input1
[   32.093708][    T1] usbcore: registered new interface driver iforce
[   32.095837][    T1] usbcore: registered new interface driver xpad
[   32.100346][    T1] usbcore: registered new interface driver usb_acecad
[   32.102170][    T1] usbcore: registered new interface driver aiptek
[   32.103781][    T1] usbcore: registered new interface driver hanwang
[   32.105464][    T1] usbcore: registered new interface driver kbtab
[   32.107072][    T1] usbcore: registered new interface driver pegasus_notetaker
[   32.113281][    T1] usbcore: registered new interface driver usbtouchscreen
[   32.118584][    T1] usbcore: registered new interface driver sur40
[   32.120174][    T1] usbcore: registered new interface driver ati_remote2
[   32.121265][    T1] cm109: Keymap for Komunikate KIP1000 phone loaded
[   32.124265][    T1] usbcore: registered new interface driver cm109
[   32.125266][    T1] cm109: CM109 phone driver: 20080805 (C) Alfred E. Heggestad
[   32.127071][    T1] usbcore: registered new interface driver ims_pcu
[   32.130174][    T1] usbcore: registered new interface driver keyspan_remote
[   32.131825][    T1] usbcore: registered new interface driver powermate
[   32.135052][    T1] usbcore: registered new interface driver yealink
[   32.140423][    T1] rtc_cmos 00:05: RTC can wake from S4
[   32.161611][    T1] rtc_cmos 00:05: registered as rtc0
[   32.162430][    T1] rtc_cmos 00:05: alarms up to one day, y3k, 242 bytes nvram, hpet irqs
[   32.165204][    T1] i2c_dev: i2c /dev entries driver
[   32.167111][    T1] usbcore: registered new interface driver i2c-diolan-u2c
[   32.169396][    T1] usbcore: registered new interface driver RobotFuzz Open Source InterFace, OSIF
[   32.171596][    T1] usbcore: registered new interface driver i2c-tiny-usb
[   32.180531][    T1] usbcore: registered new interface driver igorplugusb
[   32.181938][    T1] usbcore: registered new interface driver iguanair
[   32.183352][    T1] usbcore: registered new interface driver imon
[   32.184927][    T1] usbcore: registered new interface driver mceusb
[   32.186270][    T1] usbcore: registered new interface driver redrat3
[   32.188662][    T1] usbcore: registered new interface driver streamzap
[   32.189997][    T1] usbcore: registered new interface driver ttusbir
[   32.191322][    T1] usbcore: registered new interface driver ati_remote
[   32.193020][    T1] b2c2-flexcop: B2C2 FlexcopII/II(b)/III digital TV receiver chip loaded successfully
[   32.195520][    T1] usbcore: registered new interface driver b2c2_flexcop_usb
[   32.198585][    T1] usbcore: registered new interface driver dvb_usb_vp7045
[   32.200031][    T1] usbcore: registered new interface driver dvb_usb_vp702x
[   32.201453][    T1] usbcore: registered new interface driver dvb_usb_gp8psk
[   32.202869][    T1] usbcore: registered new interface driver dvb_usb_dtt200u
[   32.204281][    T1] usbcore: registered new interface driver dvb_usb_a800
[   32.206384][    T1] usbcore: registered new interface driver dvb_usb_dibusb_mb
[   32.208474][    T1] usbcore: registered new interface driver dvb_usb_dibusb_mc
[   32.209930][    T1] usbcore: registered new interface driver dvb_usb_nova_t_usb2
[   32.211383][    T1] usbcore: registered new interface driver dvb_usb_umt_010
[   32.212821][    T1] usbcore: registered new interface driver dvb_usb_m920x
[   32.214242][    T1] usbcore: registered new interface driver dvb_usb_digitv
[   32.215722][    T1] usbcore: registered new interface driver dvb_usb_cxusb
[   32.217132][    T1] usbcore: registered new interface driver dvb_usb_ttusb2
[   32.221235][    T1] usbcore: registered new interface driver dvb_usb_dib0700
[   32.222653][    T1] usbcore: registered new interface driver opera1
[   32.224086][    T1] usbcore: registered new interface driver dvb_usb_af9005
[   32.225014][    T1] failing symbol_get of non-GPLONLY symbol af9005_rc_decode.
[   32.227389][    T1] failing symbol_get of non-GPLONLY symbol af9005_rc_decode.
[   32.230155][    T1] failing symbol_get of non-GPLONLY symbol rc_map_af9005_table.
[   32.232304][    T1] failing symbol_get of non-GPLONLY symbol rc_map_af9005_table.
[   32.233280][    T1] failing symbol_get of non-GPLONLY symbol rc_map_af9005_table_size.
[   32.235666][    T1] failing symbol_get of non-GPLONLY symbol rc_map_af9005_table_size.
[   32.236708][    T1] af9005: af9005_rc_decode function not found, disabling remote
[   32.238262][    T1] usbcore: registered new interface driver pctv452e
[   32.239714][    T1] usbcore: registered new interface driver dw2102
[   32.241152][    T1] usbcore: registered new interface driver dvb_usb_dtv5100
[   32.243291][    T1] usbcore: registered new interface driver cinergyT2
[   32.244714][    T1] usbcore: registered new interface driver dvb_usb_az6027
[   32.246105][    T1] usbcore: registered new interface driver dvb_usb_technisat_usb2
[   32.248545][    T1] usbcore: registered new interface driver dvb_usb_af9015
[   32.250025][    T1] usbcore: registered new interface driver dvb_usb_af9035
[   32.251354][    T1] usbcore: registered new interface driver dvb_usb_anysee
[   32.252692][    T1] usbcore: registered new interface driver dvb_usb_au6610
[   32.254027][    T1] usbcore: registered new interface driver dvb_usb_az6007
[   32.255369][    T1] usbcore: registered new interface driver dvb_usb_ce6230
[   32.256829][    T1] usbcore: registered new interface driver dvb_usb_ec168
[   32.258432][    T1] usbcore: registered new interface driver dvb_usb_lmedm04
[   32.259776][    T1] usbcore: registered new interface driver dvb_usb_gl861
[   32.261289][    T1] usbcore: registered new interface driver dvb_usb_mxl111sf
[   32.262803][    T1] usbcore: registered new interface driver dvb_usb_rtl28xxu
[   32.264205][    T1] usbcore: registered new interface driver dvb_usb_dvbsky
[   32.265541][    T1] usbcore: registered new interface driver zd1301
[   32.266918][    T1] usbcore: registered new interface driver s2255
[   32.268462][    T1] usbcore: registered new interface driver smsusb
[   32.269791][    T1] usbcore: registered new interface driver ttusb
[   32.271099][    T1] usbcore: registered new interface driver ttusb-dec
[   32.272525][    T1] usbcore: registered new interface driver Abilis Systems as10x usb driver
[   32.274143][    T1] usbcore: registered new interface driver airspy
[   32.274964][    T1] gspca_main: v2.14.0 registered
[   32.276077][    T1] usbcore: registered new interface driver benq
[   32.277766][    T1] usbcore: registered new interface driver conex
[   32.279072][    T1] usbcore: registered new interface driver cpia1
[   32.280394][    T1] usbcore: registered new interface driver dtcs033
[   32.281710][    T1] usbcore: registered new interface driver etoms
[   32.283113][    T1] usbcore: registered new interface driver finepix
[   32.284452][    T1] usbcore: registered new interface driver jeilinj
[   32.285903][    T1] usbcore: registered new interface driver jl2005bcd
[   32.287327][    T1] usbcore: registered new interface driver kinect
[   32.288797][    T1] usbcore: registered new interface driver konica
[   32.290116][    T1] usbcore: registered new interface driver mars
[   32.291406][    T1] usbcore: registered new interface driver mr97310a
[   32.292776][    T1] usbcore: registered new interface driver nw80x
[   32.294207][    T1] usbcore: registered new interface driver ov519
[   32.295511][    T1] usbcore: registered new interface driver ov534
[   32.296838][    T1] usbcore: registered new interface driver ov534_9
[   32.298282][    T1] usbcore: registered new interface driver pac207
[   32.299650][    T1] usbcore: registered new interface driver gspca_pac7302
[   32.301059][    T1] usbcore: registered new interface driver pac7311
[   32.302426][    T1] usbcore: registered new interface driver se401
[   32.303863][    T1] usbcore: registered new interface driver sn9c2028
[   32.305354][    T1] usbcore: registered new interface driver gspca_sn9c20x
[   32.306874][    T1] usbcore: registered new interface driver sonixb
[   32.308381][    T1] usbcore: registered new interface driver sonixj
[   32.309744][    T1] usbcore: registered new interface driver spca500
[   32.311092][    T1] usbcore: registered new interface driver spca501
[   32.312465][    T1] usbcore: registered new interface driver spca505
[   32.313788][    T1] usbcore: registered new interface driver spca506
[   32.315122][    T1] usbcore: registered new interface driver spca508
[   32.316512][    T1] usbcore: registered new interface driver spca561
[   32.317921][    T1] usbcore: registered new interface driver spca1528
[   32.319304][    T1] usbcore: registered new interface driver sq905
[   32.321011][    T1] usbcore: registered new interface driver sq905c
[   32.322405][    T1] usbcore: registered new interface driver sq930x
[   32.323961][    T1] usbcore: registered new interface driver sunplus
[   32.325325][    T1] usbcore: registered new interface driver stk014
[   32.326641][    T1] usbcore: registered new interface driver stk1135
[   32.329475][    T1] usbcore: registered new interface driver stv0680
[   32.330858][    T1] usbcore: registered new interface driver t613
[   32.332199][    T1] usbcore: registered new interface driver gspca_topro
[   32.333924][    T1] usbcore: registered new interface driver touptek
[   32.335332][    T1] usbcore: registered new interface driver tv8532
[   32.336807][    T1] usbcore: registered new interface driver vc032x
[   32.338292][    T1] usbcore: registered new interface driver vicam
[   32.339691][    T1] usbcore: registered new interface driver xirlink-cit
[   32.341500][    T1] usbcore: registered new interface driver gspca_zc3xx
[   32.343039][    T1] usbcore: registered new interface driver ALi m5602
[   32.344471][    T1] usbcore: registered new interface driver STV06xx
[   32.345833][    T1] usbcore: registered new interface driver gspca_gl860
[   32.347286][    T1] usbcore: registered new interface driver hackrf
[   32.349189][    T1] usbcore: registered new interface driver msi2500
[   32.350937][    T1] usbcore: registered new interface driver Philips webcam
[   32.352810][    T1] usbcore: registered new interface driver uvcvideo
[   32.353663][    T1] au0828: au0828 driver loaded
[   32.354862][    T1] usbcore: registered new interface driver au0828
[   32.356337][    T1] usbcore: registered new interface driver cx231xx
[   32.358630][    T1] usbcore: registered new interface driver em28xx
[   32.359570][    T1] em28xx: Registered (Em28xx v4l2 Extension) extension
[   32.360505][    T1] em28xx: Registered (Em28xx Audio Extension) extension
[   32.361397][    T1] em28xx: Registered (Em28xx dvb Extension) extension
[   32.362269][    T1] em28xx: Registered (Em28xx Input Extension) extension
[   32.363736][    T1] usbcore: registered new interface driver go7007
[   32.365105][    T1] usbcore: registered new interface driver go7007-loader
[   32.366835][    T1] usbcore: registered new interface driver hdpvr
[   32.369731][    T1] usbcore: registered new interface driver pvrusb2
[   32.370596][    T1] pvrusb2: V4L in-tree version:Hauppauge WinTV-PVR-USB2 MPEG2 Encoder/Tuner
[   32.371746][    T1] pvrusb2: Debug mask is 31 (0x1f)
[   32.372950][    T1] usbcore: registered new interface driver stk1160
[   32.374352][    T1] usbcore: registered new interface driver usbtv
[   32.386352][    T1] dvbdev: DVB: registering new adapter (dvb_vidtv_bridge)
[   32.394568][    T1] i2c i2c-0: DVB: registering adapter 0 frontend 0 (Dummy demod for DVB-T/T2/C/S/S2)...
[   32.396895][    T1] dvbdev: dvb_create_media_entity: media entity 'Dummy demod for DVB-T/T2/C/S/S2' registered.
[   32.418633][    T1] dvbdev: dvb_create_media_entity: media entity 'dvb-demux' registered.
[   32.439899][    T1] vidtv vidtv.0: Successfully initialized vidtv!
[   32.445360][    T1] vicodec vicodec.0: Device 'stateful-encoder' registered as /dev/video0
[   32.448234][    T1] vicodec vicodec.0: Device 'stateful-decoder' registered as /dev/video1
[   32.451094][    T1] vicodec vicodec.0: Device 'stateless-decoder' registered as /dev/video2
[   32.456493][    T1] vim2m vim2m.0: Device registered as /dev/video0
[   32.514089][    T1] vivid-000: using single planar format API
[   32.557950][    T1] vivid-000: CEC adapter cec0 registered for HDMI input 0
[   32.562389][    T1] vivid-000: V4L2 capture device registered as video7
[   32.566168][    T1] vivid-000: CEC adapter cec1 registered for HDMI output 0
[   32.572931][    T1] vivid-000: V4L2 output device registered as video8
[   32.576269][    T1] vivid-000: V4L2 capture device registered as vbi0, supports raw and sliced VBI
[   32.579158][    T1] vivid-000: V4L2 output device registered as vbi1, supports raw and sliced VBI
[   32.582181][    T1] vivid-000: V4L2 capture device registered as swradio0
[   32.584820][    T1] vivid-000: V4L2 receiver device registered as radio0
[   32.587584][    T1] vivid-000: V4L2 transmitter device registered as radio1
[   32.590491][    T1] vivid-000: V4L2 metadata capture device registered as video9
[   32.593377][    T1] vivid-000: V4L2 metadata output device registered as video10
[   32.596637][    T1] vivid-000: V4L2 touch capture device registered as v4l-touch0
[   32.600786][    T1] usbcore: registered new interface driver radioshark2
[   32.602475][    T1] usbcore: registered new interface driver radioshark
[   32.604129][    T1] usbcore: registered new interface driver radio-si470x
[   32.606210][    T1] usbcore: registered new interface driver radio-usb-si4713
[   32.608791][    T1] usbcore: registered new interface driver dsbr100
[   32.610314][    T1] usbcore: registered new interface driver radio-keene
[   32.611852][    T1] usbcore: registered new interface driver radio-ma901
[   32.613390][    T1] usbcore: registered new interface driver radio-mr800
[   32.614923][    T1] usbcore: registered new interface driver radio-raremono
[   32.619797][    T1] usbcore: registered new interface driver pcwd_usb
[   32.625579][    T1] device-mapper: core: CONFIG_IMA_DISABLE_HTABLE is disabled. Duplicate IMA measurements will not be recorded in the IMA log.
[   32.627308][    T1] device-mapper: uevent: version 1.0.3
[   32.630631][    T1] device-mapper: ioctl: 4.48.0-ioctl (2023-03-01) initialised: dm-devel@lists.linux.dev
[   32.634691][    T1] device-mapper: multipath round-robin: version 1.2.0 loaded
[   32.635647][    T1] device-mapper: multipath queue-length: version 0.2.0 loaded
[   32.636625][    T1] device-mapper: multipath service-time: version 0.3.0 loaded
[   32.640380][    T1] Bluetooth: HCI UART driver ver 2.3
[   32.641195][    T1] Bluetooth: HCI UART protocol H4 registered
[   32.642008][    T1] Bluetooth: HCI UART protocol BCSP registered
[   32.643284][    T1] Bluetooth: HCI UART protocol LL registered
[   32.644588][    T1] Bluetooth: HCI UART protocol Three-wire (H5) registered
[   32.646010][    T1] Bluetooth: HCI UART protocol QCA registered
[   32.646939][    T1] Bluetooth: HCI UART protocol AG6XX registered
[   32.648185][    T1] Bluetooth: HCI UART protocol Marvell registered
[   32.650120][    T1] usbcore: registered new interface driver bcm203x
[   32.651685][    T1] usbcore: registered new interface driver bpa10x
[   32.653172][    T1] usbcore: registered new interface driver bfusb
[   32.654766][    T1] usbcore: registered new interface driver btusb
[   32.656481][    T1] usbcore: registered new interface driver ath3k
[   32.662657][    T1] CAPI 2.0 started up with major 68 (middleware)
[   32.663629][    T1] Modular ISDN core version 1.1.29
[   32.666725][    T1] NET: Registered PF_ISDN protocol family
[   32.667658][    T1] DSP module 2.0
[   32.668180][    T1] mISDN_dsp: DSP clocks every 80 samples. This equals 1 jiffies.
[   32.702611][    T1] mISDN: Layer-1-over-IP driver Rev. 2.00
[   32.705429][    T1] 0 virtual devices registered
[   32.706690][    T1] usbcore: registered new interface driver HFC-S_USB
[   32.707832][    T1] amd_pstate: the _CPC object is not present in SBIOS or ACPI disabled
[   32.708947][    T1] VUB300 Driver rom wait states = 1C irqpoll timeout = 0400
[   32.711933][    T1] usbcore: registered new interface driver vub300
[   32.714485][    T1] usbcore: registered new interface driver ushc
[   32.740195][    T1] iscsi: registered transport (iser)
[   32.743889][    T1] SoftiWARP attached
[   32.766781][    T1] hid: raw HID events driver (C) Jiri Kosina
[   32.776072][   T43] input: ImExPS/2 Generic Explorer Mouse as /devices/platform/i8042/serio1/input/input3
[   32.873277][    T1] usbcore: registered new interface driver usbhid
[   32.874149][    T1] usbhid: USB HID core driver
[   32.891700][    T1] usbcore: registered new interface driver es2_ap_driver
[   32.892699][    T1] comedi: version 0.7.76 - http://www.comedi.org
[   32.894448][    T1] usbcore: registered new interface driver dt9812
[   32.896306][    T1] usbcore: registered new interface driver ni6501
[   32.900886][    T1] usbcore: registered new interface driver usbdux
[   32.902248][    T1] usbcore: registered new interface driver usbduxfast
[   32.903660][    T1] usbcore: registered new interface driver usbduxsigma
[   32.905098][    T1] usbcore: registered new interface driver vmk80xx
[   32.906718][    T1] usbcore: registered new interface driver r8712u
[   32.908338][    T1] greybus: registered new driver hid
[   32.909795][    T1] greybus: registered new driver gbphy
[   32.911335][    T1] gb_gbphy: registered new driver usb
[   32.912341][    T1] asus_wmi: ASUS WMI generic driver loaded
[   33.151135][    T1] usbcore: registered new interface driver snd-usb-audio
[   33.152619][    T1] usbcore: registered new interface driver snd-ua101
[   33.153996][    T1] usbcore: registered new interface driver snd-usb-usx2y
[   33.155449][    T1] usbcore: registered new interface driver snd-usb-us122l
[   33.156921][    T1] usbcore: registered new interface driver snd-usb-caiaq
[   33.158365][    T1] usbcore: registered new interface driver snd-usb-6fire
[   33.159852][    T1] usbcore: registered new interface driver snd-usb-hiface
[   33.161291][    T1] usbcore: registered new interface driver snd-bcd2000
[   33.162707][    T1] usbcore: registered new interface driver snd_usb_pod
[   33.164114][    T1] usbcore: registered new interface driver snd_usb_podhd
[   33.165552][    T1] usbcore: registered new interface driver snd_usb_toneport
[   33.166988][    T1] usbcore: registered new interface driver snd_usb_variax
[   33.171923][    T1] drop_monitor: Initializing network drop monitor service
[   33.174457][    T1] NET: Registered PF_LLC protocol family
[   33.175688][    T1] GACT probability on
[   33.176352][    T1] Mirror/redirect action on
[   33.177607][    T1] Simple TC action Loaded
[   33.185734][    T1] netem: version 1.3
[   33.186446][    T1] u32 classifier
[   33.186920][    T1]     Performance counters on
[   33.187606][    T1]     input device check on
[   33.188222][    T1]     Actions configured
[   33.201564][    T1] xt_time: kernel timezone is -0000
[   33.202630][    T1] IPVS: Registered protocols (TCP, UDP, SCTP, AH, ESP)
[   33.203670][    T1] IPVS: Connection hash table configured (size=4096, memory=32Kbytes)
[   33.206529][    T1] IPVS: ipvs loaded.
[   33.207182][    T1] IPVS: [rr] scheduler registered.
[   33.207930][    T1] IPVS: [wrr] scheduler registered.
[   33.208635][    T1] IPVS: [lc] scheduler registered.
[   33.209317][    T1] IPVS: [wlc] scheduler registered.
[   33.210160][    T1] IPVS: [fo] scheduler registered.
[   33.210946][    T1] IPVS: [ovf] scheduler registered.
[   33.211728][    T1] IPVS: [lblc] scheduler registered.
[   33.212470][    T1] IPVS: [lblcr] scheduler registered.
[   33.213193][    T1] IPVS: [dh] scheduler registered.
[   33.213896][    T1] IPVS: [sh] scheduler registered.
[   33.214555][    T1] IPVS: [mh] scheduler registered.
[   33.215210][    T1] IPVS: [sed] scheduler registered.
[   33.215869][    T1] IPVS: [nq] scheduler registered.
[   33.216530][    T1] IPVS: [twos] scheduler registered.
[   33.217651][    T1] IPVS: [sip] pe registered.
[   33.218539][    T1] ipip: IPv4 and MPLS over IPv4 tunneling driver
[   33.227075][    T1] gre: GRE over IPv4 demultiplexor driver
