bash: warning: setlocale: LC_ALL: cannot change locale (en_US.UTF-8)
c[?7l[2J[0mSeaBIOS (version 1.16.2-debian-1.16.2-1)
Booting from ROM...
c[?7l[2Jearly console in extract_kernel
input_data: 0x000000000d2582bf
input_len: 0x0000000004ba86bd
output: 0x0000000001000000
output_len: 0x000000000f0c6ae0
kernel_total_size: 0x0000000010e26000
needed_size: 0x0000000011000000
trampoline_32bit: 0x000000000009d000

Decompressing Linux... Parsing ELF... done.
Booting the kernel.
[    0.000000][    T0] Linux version 6.1.0-g3a28c2c89f4b-dirty (root@buildkitsandbox) (gcc (Debian 12.2.0-14+deb12u1) 12.2.0, GNU ld (GNU Binutils for Debian) 2.40) #1 SMP PREEMPT_DYNAMIC Mon May 25 04:23:54 UTC 2026
[    0.000000][    T0] Command line: console=ttyS0 oops=panic panic=86400 nokaslr earlyprintk=serial rdinit=/init
[    0.000000][    T0] KERNEL supported cpus:
[    0.000000][    T0]   Intel GenuineIntel
[    0.000000][    T0]   AMD AuthenticAMD
[    0.000000][    T0] x86/fpu: Supporting XSAVE feature 0x001: 'x87 floating point registers'
[    0.000000][    T0] x86/fpu: Supporting XSAVE feature 0x002: 'SSE registers'
[    0.000000][    T0] x86/fpu: Supporting XSAVE feature 0x004: 'AVX registers'
[    0.000000][    T0] x86/fpu: xstate_offset[2]:  576, xstate_sizes[2]:  256
[    0.000000][    T0] x86/fpu: Enabled xstate features 0x7, context size is 832 bytes, using 'compacted' format.
[    0.000000][    T0] signal: max sigframe size: 1776
[    0.000000][    T0] BIOS-provided physical RAM map:
[    0.000000][    T0] BIOS-e820: [mem 0x0000000000000000-0x000000000009fbff] usable
[    0.000000][    T0] BIOS-e820: [mem 0x000000000009fc00-0x000000000009ffff] reserved
[    0.000000][    T0] BIOS-e820: [mem 0x00000000000f0000-0x00000000000fffff] reserved
[    0.000000][    T0] BIOS-e820: [mem 0x0000000000100000-0x000000007ffdffff] usable
[    0.000000][    T0] BIOS-e820: [mem 0x000000007ffe0000-0x000000007fffffff] reserved
[    0.000000][    T0] BIOS-e820: [mem 0x00000000feffc000-0x00000000feffffff] reserved
[    0.000000][    T0] BIOS-e820: [mem 0x00000000fffc0000-0x00000000ffffffff] reserved
[    0.000000][    T0] BIOS-e820: [mem 0x000000fd00000000-0x000000ffffffffff] reserved
[    0.000000][    T0] printk: bootconsole [earlyser0] enabled
[    0.000000][    T0] NX (Execute Disable) protection: active
[    0.000000][    T0] SMBIOS 2.8 present.
[    0.000000][    T0] DMI: QEMU Standard PC (i440FX + PIIX, 1996), BIOS 1.16.2-debian-1.16.2-1 04/01/2014
[    0.000000][    T0] Hypervisor detected: KVM
[    0.000000][    T0] kvm-clock: Using msrs 4b564d01 and 4b564d00
[    0.000003][    T0] kvm-clock: using sched offset of 949114215 cycles
[    0.000697][    T0] clocksource: kvm-clock: mask: 0xffffffffffffffff max_cycles: 0x1cd42e4dffb, max_idle_ns: 881590591483 ns
[    0.002732][    T0] tsc: Detected 3493.436 MHz processor
[    0.007588][    T0] last_pfn = 0x7ffe0 max_arch_pfn = 0x400000000
[    0.008344][    T0] x86/PAT: Configuration [0-7]: WB  WC  UC- UC  WB  WP  UC- WT  
[    0.012283][    T0] found SMP MP-table at [mem 0x000f5ba0-0x000f5baf]
[    0.013058][    T0] Using GB pages for direct mapping
[    0.014361][    T0] RAMDISK: [mem 0x7fe85000-0x7ffdffff]
[    0.014994][    T0] ACPI: Early table checksum verification disabled
[    0.015737][    T0] ACPI: RSDP 0x00000000000F59D0 000014 (v00 BOCHS )
[    0.016492][    T0] ACPI: RSDT 0x000000007FFE1B33 000034 (v01 BOCHS  BXPC     00000001 BXPC 00000001)
[    0.017596][    T0] ACPI: FACP 0x000000007FFE19DF 000074 (v01 BOCHS  BXPC     00000001 BXPC 00000001)
[    0.018692][    T0] ACPI: DSDT 0x000000007FFE0040 00199F (v01 BOCHS  BXPC     00000001 BXPC 00000001)
[    0.019782][    T0] ACPI: FACS 0x000000007FFE0000 000040
[    0.020410][    T0] ACPI: APIC 0x000000007FFE1A53 000080 (v01 BOCHS  BXPC     00000001 BXPC 00000001)
[    0.021491][    T0] ACPI: HPET 0x000000007FFE1AD3 000038 (v01 BOCHS  BXPC     00000001 BXPC 00000001)
[    0.022567][    T0] ACPI: WAET 0x000000007FFE1B0B 000028 (v01 BOCHS  BXPC     00000001 BXPC 00000001)
[    0.023646][    T0] ACPI: Reserving FACP table memory at [mem 0x7ffe19df-0x7ffe1a52]
[    0.024542][    T0] ACPI: Reserving DSDT table memory at [mem 0x7ffe0040-0x7ffe19de]
[    0.025437][    T0] ACPI: Reserving FACS table memory at [mem 0x7ffe0000-0x7ffe003f]
[    0.026332][    T0] ACPI: Reserving APIC table memory at [mem 0x7ffe1a53-0x7ffe1ad2]
[    0.027240][    T0] ACPI: Reserving HPET table memory at [mem 0x7ffe1ad3-0x7ffe1b0a]
[    0.028136][    T0] ACPI: Reserving WAET table memory at [mem 0x7ffe1b0b-0x7ffe1b32]
[    0.029788][    T0] No NUMA configuration found
[    0.030321][    T0] Faking a node at [mem 0x0000000000000000-0x000000007ffdffff]
[    0.031190][    T0] NODE_DATA(0) allocated [mem 0x7fe7f000-0x7fe84fff]
[    0.035437][    T0] Zone ranges:
[    0.035844][    T0]   DMA      [mem 0x0000000000001000-0x0000000000ffffff]
[    0.036639][    T0]   DMA32    [mem 0x0000000001000000-0x000000007ffdffff]
[    0.037435][    T0]   Normal   empty
[    0.037852][    T0]   Device   empty
[    0.038275][    T0] Movable zone start for each node
[    0.038852][    T0] Early memory node ranges
[    0.039351][    T0]   node   0: [mem 0x0000000000001000-0x000000000009efff]
[    0.040159][    T0]   node   0: [mem 0x0000000000100000-0x000000007ffdffff]
[    0.040968][    T0] Initmem setup node 0 [mem 0x0000000000001000-0x000000007ffdffff]
[    0.041875][    T0] On node 0, zone DMA: 1 pages in unavailable ranges
[    0.041972][    T0] On node 0, zone DMA: 97 pages in unavailable ranges
[    0.054299][    T0] On node 0, zone DMA32: 32 pages in unavailable ranges
[    0.088966][    T0] kasan: KernelAddressSanitizer initialized
[    0.090703][    T0] ACPI: PM-Timer IO Port: 0x608
[    0.091272][    T0] ACPI: LAPIC_NMI (acpi_id[0xff] dfl dfl lint[0x1])
[    0.092057][    T0] IOAPIC[0]: apic_id 0, version 17, address 0xfec00000, GSI 0-23
[    0.092949][    T0] ACPI: INT_SRC_OVR (bus 0 bus_irq 0 global_irq 2 dfl dfl)
[    0.093780][    T0] ACPI: INT_SRC_OVR (bus 0 bus_irq 5 global_irq 5 high level)
[    0.094629][    T0] ACPI: INT_SRC_OVR (bus 0 bus_irq 9 global_irq 9 high level)
[    0.095486][    T0] ACPI: INT_SRC_OVR (bus 0 bus_irq 10 global_irq 10 high level)
[    0.096353][    T0] ACPI: INT_SRC_OVR (bus 0 bus_irq 11 global_irq 11 high level)
[    0.097231][    T0] ACPI: Using ACPI (MADT) for SMP configuration information
[    0.098057][    T0] ACPI: HPET id: 0x8086a201 base: 0xfed00000
[    0.098738][    T0] TSC deadline timer available
[    0.099281][    T0] smpboot: Allowing 2 CPUs, 0 hotplug CPUs
[    0.099973][    T0] kvm-guest: KVM setup pv remote TLB flush
[    0.100632][    T0] kvm-guest: setup PV sched yield
[    0.101231][    T0] PM: hibernation: Registered nosave memory: [mem 0x00000000-0x00000fff]
[    0.102192][    T0] PM: hibernation: Registered nosave memory: [mem 0x0009f000-0x0009ffff]
[    0.103154][    T0] PM: hibernation: Registered nosave memory: [mem 0x000a0000-0x000effff]
[    0.104112][    T0] PM: hibernation: Registered nosave memory: [mem 0x000f0000-0x000fffff]
[    0.105072][    T0] [mem 0x80000000-0xfeffbfff] available for PCI devices
[    0.105861][    T0] Booting paravirtualized kernel on KVM
[    0.106494][    T0] clocksource: refined-jiffies: mask: 0xffffffff max_cycles: 0xffffffff, max_idle_ns: 19112604462750000 ns
[    0.148371][    T0] setup_percpu: NR_CPUS:8 nr_cpumask_bits:2 nr_cpu_ids:2 nr_node_ids:1
[    0.149640][    T0] percpu: Embedded 70 pages/cpu s248456 r8192 d30072 u1048576
[    0.150711][    T0] kvm-guest: PV spinlocks enabled
[    0.151325][    T0] PV qspinlock hash table entries: 256 (order: 0, 4096 bytes, linear)
[    0.152300][    T0] Fallback order for Node 0: 0 
[    0.152883][    T0] Built 1 zonelists, mobility grouping on.  Total pages: 515808
[    0.153779][    T0] Policy zone: DMA32
[    0.154229][    T0] Kernel command line: console=ttyS0 oops=panic panic=86400 nokaslr earlyprintk=serial rdinit=/init
[    0.156071][    T0] random: crng init done
[    0.156814][    T0] Dentry cache hash table entries: 262144 (order: 9, 2097152 bytes, linear)
[    0.157895][    T0] Inode-cache hash table entries: 131072 (order: 8, 1048576 bytes, linear)
[    0.159198][    T0] mem auto-init: stack:off, heap alloc:on, heap free:off
[    0.160967][    T0] stackdepot hash table entries: 1048576 (order: 11, 8388608 bytes, linear)
[    0.255859][    T0] Memory: 1474052K/2096632K available (149535K kernel code, 36084K rwdata, 30260K rodata, 2880K init, 34024K bss, 622324K reserved, 0K cma-reserved)
[    0.257976][    T0] SLUB: HWalign=64, Order=0-3, MinObjects=0, CPUs=2, Nodes=1
[    0.260010][    T0] Dynamic Preempt: full
[    0.260832][    T0] Running RCU self tests
[    0.261337][    T0] rcu: Preemptible hierarchical RCU implementation.
[    0.262101][    T0] rcu: 	RCU lockdep checking is enabled.
[    0.262748][    T0] rcu: 	RCU restricting CPUs from NR_CPUS=8 to nr_cpu_ids=2.
[    0.263604][    T0] rcu: 	RCU callback double-/use-after-free debug is enabled.
[    0.264473][    T0] rcu: 	RCU debug extended QS entry/exit.
[    0.265132][    T0] 	Trampoline variant of Tasks RCU enabled.
[    0.265821][    T0] 	Tracing variant of Tasks RCU enabled.
[    0.266495][    T0] rcu: RCU calculated value of scheduler-enlistment delay is 10 jiffies.
[    0.267482][    T0] rcu: Adjusting geometry for rcu_fanout_leaf=16, nr_cpu_ids=2
[    0.294515][    T0] NR_IRQS: 4352, nr_irqs: 440, preallocated irqs: 16
[    0.295674][    T0] rcu: srcu_init: Setting srcu_struct sizes based on contention.
[    0.296771][    T0] kfence: initialized - using 2097152 bytes for 255 objects at 0x(____ptrval____)-0x(____ptrval____)
[    0.305890][    T0] Console: colour VGA+ 80x25
[    0.306469][    T0] printk: console [ttyS0] enabled
[    0.306469][    T0] printk: console [ttyS0] enabled
[    0.307646][    T0] printk: bootconsole [earlyser0] disabled
[    0.307646][    T0] printk: bootconsole [earlyser0] disabled
[    0.308995][    T0] Lock dependency validator: Copyright (c) 2006 Red Hat, Inc., Ingo Molnar
[    0.310012][    T0] ... MAX_LOCKDEP_SUBCLASSES:  8
[    0.310594][    T0] ... MAX_LOCK_DEPTH:          48
[    0.311195][    T0] ... MAX_LOCKDEP_KEYS:        8192
[    0.311814][    T0] ... CLASSHASH_SIZE:          4096
[    0.312426][    T0] ... MAX_LOCKDEP_ENTRIES:     131072
[    0.313061][    T0] ... MAX_LOCKDEP_CHAINS:      262144
[    0.313691][    T0] ... CHAINHASH_SIZE:          131072
[    0.314322][    T0]  memory used by lock dependency info: 20657 kB
[    0.315070][    T0]  memory used for stack traces: 8320 kB
[    0.315730][    T0]  per task-struct memory footprint: 1920 bytes
[    0.316516][    T0] ACPI: Core revision 20220331
[    0.317385][    T0] clocksource: hpet: mask: 0xffffffff max_cycles: 0xffffffff, max_idle_ns: 19112604467 ns
[    0.318742][    T0] APIC: Switch to symmetric I/O mode setup
[    0.319606][    T0] x2apic enabled
[    0.320243][    T0] Switched APIC routing to physical x2apic.
[    0.320942][    T0] kvm-guest: setup PV IPIs
[    0.322800][    T0] ..TIMER: vector=0x30 apic1=0 pin1=2 apic2=-1 pin2=-1
[    0.323626][    T0] tsc: Marking TSC unstable due to TSCs unsynchronized
[    0.324432][    T0] Calibrating delay loop (skipped) preset value.. 6986.87 BogoMIPS (lpj=34934360)
[    0.325499][    T0] pid_max: default: 32768 minimum: 301
[    0.326234][    T0] LSM: Security Framework initializing
[    0.326909][    T0] landlock: Up and running.
[    0.327432][    T0] Yama: becoming mindful.
[    0.327982][    T0] TOMOYO Linux initialized
[    0.328609][    T0] AppArmor: AppArmor initialized
[    0.334458][    T0] LSM support for eBPF active
[    0.335126][    T0] Mount-cache hash table entries: 4096 (order: 3, 32768 bytes, linear)
[    0.336088][    T0] Mountpoint-cache hash table entries: 4096 (order: 3, 32768 bytes, linear)
[    0.338583][    T0] x86/cpu: User Mode Instruction Prevention (UMIP) activated
[    0.339540][    T0] Last level iTLB entries: 4KB 512, 2MB 255, 4MB 127
[    0.340317][    T0] Last level dTLB entries: 4KB 512, 2MB 255, 4MB 127, 1GB 0
[    0.341162][    T0] Spectre V1 : Mitigation: usercopy/swapgs barriers and __user pointer sanitization
[    0.342248][    T0] Spectre V2 : Kernel not compiled with retpoline; no mitigation available!
[    0.342253][    T0] Spectre V2 : Vulnerable
[    0.343746][    T0] Spectre V2 : Spectre v2 / SpectreRSB mitigation: Filling RSB on context switch
[    0.344421][    T0] Spectre V2 : Enabling Speculation Barrier for firmware calls
[    0.345291][    T0] RETBleed: Mitigation: IBPB
[    0.345822][    T0] Spectre V2 : mitigation: Enabling conditional Indirect Branch Prediction Barrier
[    0.346889][    T0] Speculative Store Bypass: Mitigation: Speculative Store Bypass disabled via prctl
[    0.357254][    T0] Freeing SMP alternatives memory: 116K
[    0.358295][    T1] smpboot: CPU0: AMD Ryzen Threadripper PRO 3975WX 32-Cores (family: 0x17, model: 0x31, stepping: 0x0)
[    0.360715][    T1] cblist_init_generic: Setting adjustable number of callback queues.
[    0.361683][    T1] cblist_init_generic: Setting shift to 1 and lim to 1.
[    0.362644][    T1] cblist_init_generic: Setting shift to 1 and lim to 1.
[    0.363570][    T1] Running RCU-tasks wait API self tests
[    0.464767][    T1] Performance Events: Fam17h+ core perfctr, AMD PMU driver.
[    0.466566][    T1] ... version:                0
[    0.467640][    T1] ... bit width:              48
[    0.468789][    T1] ... generic registers:      6
[    0.469871][    T1] ... value mask:             0000ffffffffffff
[    0.471251][    T1] ... max period:             00007fffffffffff
[    0.472635][    T1] ... fixed-purpose events:   0
[    0.473725][    T1] ... event mask:             000000000000003f
[    0.475424][    T1] rcu: Hierarchical SRCU implementation.
[    0.476715][    T1] rcu: 	Max phase no-delay instances is 1000.
[    0.483419][    T1] smp: Bringing up secondary CPUs ...
[    0.485963][    T1] x86: Booting SMP configuration:
[    0.487117][    T1] .... node  #0, CPUs:      #1
[    0.489202][    T1] smp: Brought up 1 node, 2 CPUs
[    0.489202][    T1] smpboot: Max logical packages: 1
[    0.489202][    T1] smpboot: Total of 2 processors activated (13973.74 BogoMIPS)
[    0.495769][    T1] devtmpfs: initialized
[    0.496264][    T1] x86/mm: Memory block size: 128MB
[    0.514514][   T13] Callback from call_rcu_tasks_trace() invoked.
[    0.525325][    T1] clocksource: jiffies: mask: 0xffffffff max_cycles: 0xffffffff, max_idle_ns: 19112604462750000 ns
[    0.526772][    T1] futex hash table entries: 512 (order: 4, 65536 bytes, linear)
[    0.529356][    T1] PM: RTC time: 04:25:08, date: 2026-05-25
[    0.532841][    T1] NET: Registered PF_NETLINK/PF_ROUTE protocol family
[    0.535757][    T1] audit: initializing netlink subsys (disabled)
[    0.536637][   T26] audit: type=2000 audit(1779683109.441:1): state=initialized audit_enabled=0 res=1
[    0.536637][    T1] thermal_sys: Registered thermal governor 'step_wise'
[    0.536687][    T1] thermal_sys: Registered thermal governor 'user_space'
[    0.537596][    T1] cpuidle: using governor menu
[    0.539058][    T1] NET: Registered PF_QIPCRTR protocol family
[    0.540381][    T1] PCI: Using configuration type 1 for base access
[    0.544425][    T1] PCI: Using configuration type 1 for extended access
[    0.666999][    T1] HugeTLB: registered 1.00 GiB page size, pre-allocated 0 pages
[    0.666999][    T1] HugeTLB: 16380 KiB vmemmap can be freed for a 1.00 GiB page
[    0.666999][    T1] HugeTLB: registered 2.00 MiB page size, pre-allocated 0 pages
[    0.668026][    T1] HugeTLB: 28 KiB vmemmap can be freed for a 2.00 MiB page
[    0.675849][    T1] cryptd: max_cpu_qlen set to 1000
[    0.684552][   T12] Callback from call_rcu_tasks() invoked.
[    0.685253][    T1] raid6: skipped pq benchmark and selected avx2x4
[    0.685253][    T1] raid6: using avx2x2 recovery algorithm
[    0.685253][    T1] ACPI: Added _OSI(Module Device)
[    0.685253][    T1] ACPI: Added _OSI(Processor Device)
[    0.685704][    T1] ACPI: Added _OSI(3.0 _SCP Extensions)
[    0.687043][    T1] ACPI: Added _OSI(Processor Aggregator Device)
[    0.722009][    T1] ACPI: 1 ACPI AML tables successfully acquired and loaded
[    0.787121][    T1] ACPI: Interpreter enabled
[    0.787839][    T1] ACPI: PM: (supports S0 S3 S4 S5)
[    0.788460][    T1] ACPI: Using IOAPIC for interrupt routing
[    0.789447][    T1] PCI: Using host bridge windows from ACPI; if necessary, use "pci=nocrs" and report a bug
[    0.790628][    T1] PCI: Using E820 reservations for host bridge windows
[    0.792865][    T1] ACPI: Enabled 2 GPEs in block 00 to 0F
[    0.836929][    T1] ACPI: PCI Root Bridge [PCI0] (domain 0000 [bus 00-ff])
[    0.837817][    T1] acpi PNP0A03:00: _OSC: OS supports [ExtendedConfig ASPM ClockPM Segments MSI HPX-Type3]
[    0.840527][    T1] PCI host bridge to bus 0000:00
[    0.841125][    T1] pci_bus 0000:00: root bus resource [io  0x0000-0x0cf7 window]
[    0.842024][    T1] pci_bus 0000:00: root bus resource [io  0x0d00-0xffff window]
[    0.842923][    T1] pci_bus 0000:00: root bus resource [mem 0x000a0000-0x000bffff window]
[    0.843905][    T1] pci_bus 0000:00: root bus resource [mem 0x80000000-0xfebfffff window]
[    0.844432][    T1] pci_bus 0000:00: root bus resource [mem 0x100000000-0x17fffffff window]
[    0.845431][    T1] pci_bus 0000:00: root bus resource [bus 00-ff]
[    0.846490][    T1] pci 0000:00:00.0: [8086:1237] type 00 class 0x060000
[    0.860735][    T1] pci 0000:00:01.0: [8086:7000] type 00 class 0x060100
[    0.875030][    T1] pci 0000:00:01.1: [8086:7010] type 00 class 0x010180
[    0.877270][    T1] pci 0000:00:01.1: reg 0x20: [io  0xc000-0xc00f]
[    0.878701][    T1] pci 0000:00:01.1: legacy IDE quirk: reg 0x10: [io  0x01f0-0x01f7]
[    0.879687][    T1] pci 0000:00:01.1: legacy IDE quirk: reg 0x14: [io  0x03f6]
[    0.880553][    T1] pci 0000:00:01.1: legacy IDE quirk: reg 0x18: [io  0x0170-0x0177]
[    0.881483][    T1] pci 0000:00:01.1: legacy IDE quirk: reg 0x1c: [io  0x0376]
[    0.882819][    T1] pci 0000:00:01.3: [8086:7113] type 00 class 0x068000
[    0.884046][    T1] pci 0000:00:01.3: quirk: [io  0x0600-0x063f] claimed by PIIX4 ACPI
[    0.884433][    T1] pci 0000:00:01.3: quirk: [io  0x0700-0x070f] claimed by PIIX4 SMB
[    0.885888][    T1] pci 0000:00:02.0: [1234:1111] type 00 class 0x030000
[    0.887816][    T1] pci 0000:00:02.0: reg 0x10: [mem 0xfd000000-0xfdffffff pref]
[    0.890000][    T1] pci 0000:00:02.0: reg 0x18: [mem 0xfebf0000-0xfebf0fff]
[    0.894274][    T1] pci 0000:00:02.0: reg 0x30: [mem 0xfebe0000-0xfebeffff pref]
[    0.894555][    T1] pci 0000:00:02.0: Video device with shadowed ROM at [mem 0x000c0000-0x000dffff]
[    0.912584][    T1] ACPI: PCI: Interrupt link LNKA configured for IRQ 10
[    0.914754][    T1] ACPI: PCI: Interrupt link LNKB configured for IRQ 10
[    0.916871][    T1] ACPI: PCI: Interrupt link LNKC configured for IRQ 11
[    0.918978][    T1] ACPI: PCI: Interrupt link LNKD configured for IRQ 11
[    0.920333][    T1] ACPI: PCI: Interrupt link LNKS configured for IRQ 9
[    0.925195][    T1] iommu: Default domain type: Translated 
[    0.925875][    T1] iommu: DMA domain TLB invalidation policy: lazy mode 
[    0.928301][    T1] SCSI subsystem initialized
[    0.929478][    T1] ACPI: bus type USB registered
[    0.930228][    T1] usbcore: registered new interface driver usbfs
[    0.931080][    T1] usbcore: registered new interface driver hub
[    0.931874][    T1] usbcore: registered new device driver usb
[    0.933140][    T1] mc: Linux media interface: v0.10
[    0.933808][    T1] videodev: Linux video capture interface: v2.00
[    0.934830][    T1] pps_core: LinuxPPS API ver. 1 registered
[    0.935518][    T1] pps_core: Software ver. 5.3.6 - Copyright 2005-2007 Rodolfo Giometti <giometti@linux.it>
[    0.936721][    T1] PTP clock support registered
[    0.937591][    T1] EDAC MC: Ver: 3.0.0
[    0.939405][    T1] Advanced Linux Sound Architecture Driver Initialized.
[    0.941713][    T1] Bluetooth: Core ver 2.22
[    0.942302][    T1] NET: Registered PF_BLUETOOTH protocol family
[    0.943027][    T1] Bluetooth: HCI device and connection manager initialized
[    0.943894][    T1] Bluetooth: HCI socket layer initialized
[    0.944432][    T1] Bluetooth: L2CAP socket layer initialized
[    0.945176][    T1] Bluetooth: SCO socket layer initialized
[    0.945879][    T1] NET: Registered PF_ATMPVC protocol family
[    0.946573][    T1] NET: Registered PF_ATMSVC protocol family
[    0.947379][    T1] NetLabel: Initializing
[    0.947881][    T1] NetLabel:  domain hash size = 128
[    0.948490][    T1] NetLabel:  protocols = UNLABELED CIPSOv4 CALIPSO
[    0.949398][    T1] NetLabel:  unlabeled traffic allowed by default
[    0.950414][    T1] nfc: nfc_init: NFC Core ver 0.1
[    0.950414][    T1] NET: Registered PF_NFC protocol family
[    0.950414][    T1] PCI: Using ACPI for IRQ routing
[    0.950414][    T1] pci 0000:00:02.0: vgaarb: setting as boot VGA device
[    0.950414][    T1] pci 0000:00:02.0: vgaarb: bridge control possible
[    0.950414][    T1] pci 0000:00:02.0: vgaarb: VGA device added: decodes=io+mem,owns=io+mem,locks=none
[    0.954426][    T1] vgaarb: loaded
[    0.955449][    T1] hpet0: at MMIO 0xfed00000, IRQs 2, 8, 0
[    0.956141][    T1] hpet0: 3 comparators, 64-bit 100.000000 MHz counter
[    0.960246][    T1] clocksource: Switched to clocksource kvm-clock
[    0.964414][    T1] VFS: Disk quotas dquot_6.6.0
[    0.964414][    T1] VFS: Dquot-cache hash table entries: 512 (order 0, 4096 bytes)
[    0.964414][    T1] FS-Cache: Loaded
[    0.964414][    T1] CacheFiles: Loaded
[    0.964414][    T1] TOMOYO: 2.6.0
[    0.964414][    T1] Mandatory Access Control activated.
[    0.965159][    T1] AppArmor: AppArmor Filesystem Enabled
[    0.965995][    T1] pnp: PnP ACPI init
[    0.970613][    T1] pnp: PnP ACPI: found 6 devices
[    1.000168][    T1] clocksource: acpi_pm: mask: 0xffffff max_cycles: 0xffffff, max_idle_ns: 2085701024 ns
[    1.001578][    T1] NET: Registered PF_INET protocol family
[    1.002618][    T1] IP idents hash table entries: 32768 (order: 6, 262144 bytes, linear)
[    1.005303][    T1] tcp_listen_portaddr_hash hash table entries: 1024 (order: 4, 73728 bytes, linear)
[    1.006456][    T1] Table-perturb hash table entries: 65536 (order: 6, 262144 bytes, linear)
[    1.007500][    T1] TCP established hash table entries: 16384 (order: 5, 131072 bytes, linear)
[    1.009515][    T1] TCP bind hash table entries: 16384 (order: 9, 2359296 bytes, linear)
[    1.011412][    T1] TCP: Hash tables configured (established 16384 bind 16384)
[    1.012567][    T1] MPTCP token hash table entries: 2048 (order: 5, 180224 bytes, linear)
[    1.013683][    T1] UDP hash table entries: 1024 (order: 5, 163840 bytes, linear)
[    1.014795][    T1] UDP-Lite hash table entries: 1024 (order: 5, 163840 bytes, linear)
[    1.016096][    T1] NET: Registered PF_UNIX/PF_LOCAL protocol family
[    1.017548][    T1] RPC: Registered named UNIX socket transport module.
[    1.018365][    T1] RPC: Registered udp transport module.
[    1.019015][    T1] RPC: Registered tcp transport module.
[    1.019672][    T1] RPC: Registered tcp NFSv4.1 backchannel transport module.
[    1.021506][    T1] NET: Registered PF_XDP protocol family
[    1.022187][    T1] pci_bus 0000:00: resource 4 [io  0x0000-0x0cf7 window]
[    1.023023][    T1] pci_bus 0000:00: resource 5 [io  0x0d00-0xffff window]
[    1.023853][    T1] pci_bus 0000:00: resource 6 [mem 0x000a0000-0x000bffff window]
[    1.024784][    T1] pci_bus 0000:00: resource 7 [mem 0x80000000-0xfebfffff window]
[    1.025695][    T1] pci_bus 0000:00: resource 8 [mem 0x100000000-0x17fffffff window]
[    1.027001][    T1] pci 0000:00:01.0: PIIX3: Enabling Passive Release
[    1.027794][    T1] pci 0000:00:00.0: Limiting direct PCI/PCI transfers
[    1.028672][    T1] PCI: CLS 0 bytes, default 64
[    1.029395][    T1] ACPI: bus type thunderbolt registered
[    1.030750][    T1] kvm: no hardware support for 'kvm_intel'
[    1.033849][   T11] Trying to unpack rootfs image as initramfs...
[    1.044501][    T1] kvm: Nested Virtualization enabled
[    1.045125][    T1] SVM: kvm: Nested Paging enabled
[    1.074833][   T67] cryptomgr_test (67) used greatest stack depth: 29824 bytes left
[    1.139388][   T11] Freeing initrd memory: 1388K
[    1.140752][   T57] kworker/u4:4 (57) used greatest stack depth: 28512 bytes left
[    1.141693][   T64] kworker/u4:5 (64) used greatest stack depth: 28208 bytes left
[    1.151214][   T98] kworker/u4:5 (98) used greatest stack depth: 27808 bytes left
[    3.330037][    T1] Initialise system trusted keyrings
[    3.332018][    T1] workingset: timestamp_bits=40 max_order=19 bucket_order=0
[    3.384006][    T1] zbud: loaded
[    3.389469][    T1] DLM installed
[    3.393661][    T1] squashfs: version 4.0 (2009/01/31) Phillip Lougher
[    3.401609][    T1] NFS: Registering the id_resolver key type
[    3.403124][    T1] Key type id_resolver registered
[    3.404351][    T1] Key type id_legacy registered
[    3.406417][    T1] nfs4filelayout_init: NFSv4 File Layout Driver Registering...
[    3.408292][    T1] nfs4flexfilelayout_init: NFSv4 Flexfile Layout Driver Registering...
[    3.418561][    T1] Key type cifs.spnego registered
[    3.420001][    T1] Key type cifs.idmap registered
[    3.421856][    T1] ntfs: driver 2.1.32 [Flags: R/W].
[    3.424732][    T1] ntfs3: Max link count 4000
[    3.425920][    T1] ntfs3: Enabled Linux POSIX ACLs support
[    3.427382][    T1] ntfs3: Read-only LZX/Xpress compression included
[    3.430176][    T1] efs: 1.0a - http://aeschi.ch.eu.org/efs/
[    3.431961][    T1] jffs2: version 2.2. (NAND) (SUMMARY)  © 2001-2006 Red Hat, Inc.
[    3.436162][    T1] romfs: ROMFS MTD (C) 2007 Red Hat, Inc.
[    3.437321][    T1] QNX4 filesystem 0.2.3 registered.
[    3.438249][    T1] qnx6: QNX6 filesystem 1.0.0 registered.
[    3.439700][    T1] fuse: init (API version 7.37)
[    3.442844][    T1] orangefs_debugfs_init: called with debug mask: :none: :0:
[    3.445225][    T1] orangefs_init: module version upstream loaded
[    3.447686][    T1] JFS: nTxBlock = 8192, nTxLock = 65536
[    3.455689][    T1] SGI XFS with ACLs, security attributes, realtime, quota, no debug enabled
[    3.469032][    T1] 9p: Installing v9fs 9p2000 file system support
[    3.471928][    T1] NILFS version 2 loaded
[    3.472784][    T1] befs: version: 0.9.3
[    3.474929][    T1] ocfs2: Registered cluster interface o2cb
[    3.475812][    T1] ocfs2: Registered cluster interface user
[    3.476832][    T1] OCFS2 User DLM kernel interface loaded
[    3.483325][    T1] gfs2: GFS2 installed
[    3.490082][    T1] ceph: loaded (mds proto 32)
[    3.500922][    T1] NET: Registered PF_ALG protocol family
[    3.501639][    T1] xor: automatically using best checksumming function   avx       
[    3.502569][    T1] async_tx: api initialized (async)
[    3.503172][    T1] Key type asymmetric registered
[    3.503756][    T1] Asymmetric key parser 'x509' registered
[    3.504465][    T1] Asymmetric key parser 'pkcs8' registered
[    3.505135][    T1] Key type pkcs7_test registered
[    3.507556][    T1] alg: self-tests for CTR-KDF (hmac(sha256)) passed
[    3.508413][    T1] Block layer SCSI generic (bsg) driver version 0.4 loaded (major 240)
[    3.509686][    T1] io scheduler mq-deadline registered
[    3.510313][    T1] io scheduler kyber registered
[    3.511217][    T1] io scheduler bfq registered
[    3.515067][    T1] input: Power Button as /devices/LNXSYSTM:00/LNXPWRBN:00/input/input0
[    3.516547][    T1] ACPI: button: Power Button [PWRF]
[    3.540618][  T227] kworker/u4:0 (227) used greatest stack depth: 27504 bytes left
[    3.691198][    T1] N_HDLC line discipline registered with maxframe=4096
[    3.692065][    T1] Serial: 8250/16550 driver, 4 ports, IRQ sharing enabled
[    3.693263][    T1] 00:04: ttyS0 at I/O 0x3f8 (irq = 4, base_baud = 115200) is a 16550A
[    3.702221][    T1] Non-volatile memory driver v1.3
[    3.702864][    T1] Linux agpgart interface v0.103
[    3.704048][    T1] ACPI: bus type drm_connector registered
[    3.711331][    T1] [drm] Initialized vgem 1.0.0 20120112 for vgem on minor 0
[    3.715951][    T1] [drm] Initialized vkms 1.0.0 20180514 for vkms on minor 1
[    3.763991][    T1] Console: switching to colour frame buffer device 128x48
[    3.781485][    T1] platform vkms: [drm] fb0: vkmsdrmfb frame buffer device
[    3.782429][    T1] usbcore: registered new interface driver udl
[    3.783371][    T1] bochs-drm 0000:00:02.0: vgaarb: deactivate vga console
[    3.786043][    T1] [drm] Found bochs VGA, ID 0xb0c5.
[    3.786650][    T1] [drm] Framebuffer size 16384 kB @ 0xfd000000, mmio @ 0xfebf0000.
[    3.789015][    T1] [drm] Found EDID data blob.
[    3.790587][    T1] [drm] Initialized bochs-drm 1.0.0 20130925 for 0000:00:02.0 on minor 2
[    3.793988][    T1] fbcon: bochs-drmdrmfb (fb1) is primary device
[    3.793999][    T1] fbcon: Remapping primary device, fb1, to tty 1-63
[    9.033400][    T1] bochs-drm 0000:00:02.0: [drm] fb1: bochs-drmdrmfb frame buffer device
[    9.051916][    T9] Floppy drive(s): fd0 is 2.88M AMI BIOS
[    9.075314][    T9] FDC 0 is a S82078B
[    9.101519][    T1] brd: module loaded
[    9.137660][    T1] loop: module loaded
[    9.178760][    T1] zram: Added device: zram0
[    9.182394][    T1] null_blk: disk nullb0 created
[    9.182965][    T1] null_blk: module loaded
[    9.183573][    T1] Guest personality initialized and is inactive
[    9.185586][    T1] VMCI host device registered (name=vmci, major=10, minor=119)
[    9.186469][    T1] Initialized host personality
[    9.187188][    T1] usbcore: registered new interface driver rtsx_usb
[    9.188272][    T1] usbcore: registered new interface driver viperboard
[    9.189265][    T1] usbcore: registered new interface driver dln2
[    9.190229][    T1] usbcore: registered new interface driver pn533_usb
[    9.193218][    T1] nfcsim 0.2 initialized
[    9.193865][    T1] usbcore: registered new interface driver port100
[    9.194773][    T1] usbcore: registered new interface driver nfcmrvl
[    9.196710][    T1] Loading iSCSI transport class v2.0-870.
[    9.200631][    T1] st: Version 20160209, fixed bufsize 32768, s/g segs 256
[    9.215883][    T1] scsi host0: ata_piix
[    9.217781][    T1] scsi host1: ata_piix
[    9.218666][    T1] ata1: PATA max MWDMA2 cmd 0x1f0 ctl 0x3f6 bmdma 0xc000 irq 14
[    9.219660][    T1] ata2: PATA max MWDMA2 cmd 0x170 ctl 0x376 bmdma 0xc008 irq 15
[    9.226993][    T1] Rounding down aligned max_sectors from 4294967295 to 4294967288
[    9.228229][    T1] db_root: cannot open: /etc/target
[    9.229179][    T1] slram: not enough parameters.
[    9.231983][    T1] ftl_cs: FTL header not found.
[    9.245155][    T1] wireguard: WireGuard 1.0.0 loaded. See www.wireguard.com for information.
[    9.246174][    T1] wireguard: Copyright (C) 2015-2019 Jason A. Donenfeld <Jason@zx2c4.com>. All Rights Reserved.
[    9.247460][    T1] eql: Equalizer2002: Simon Janes (simon@ncm.com) and David S. Miller (davem@redhat.com)
[    9.253172][    T1] MACsec IEEE 802.1AE
[    9.259563][    T1] tun: Universal TUN/TAP device driver, 1.6
[    9.261225][    T1] vcan: Virtual CAN interface driver
[    9.261986][    T1] vxcan: Virtual CAN Tunnel driver
[    9.262647][    T1] slcan: serial line CAN interface driver
[    9.263367][    T1] CAN device driver interface
[    9.266003][    T1] usbcore: registered new interface driver usb_8dev
[    9.267055][    T1] usbcore: registered new interface driver ems_usb
[    9.268043][    T1] usbcore: registered new interface driver gs_usb
[    9.269054][    T1] usbcore: registered new interface driver kvaser_usb
[    9.270085][    T1] usbcore: registered new interface driver mcba_usb
[    9.271121][    T1] usbcore: registered new interface driver peak_usb
[    9.272349][    T1] e100: Intel(R) PRO/100 Network Driver
[    9.273080][    T1] e100: Copyright(c) 1999-2006 Intel Corporation
[    9.274109][    T1] e1000: Intel(R) PRO/1000 Network Driver
[    9.275203][    T1] e1000: Copyright (c) 1999-2006 Intel Corporation.
[    9.276450][    T1] e1000e: Intel(R) PRO/1000 Network Driver
[    9.277183][    T1] e1000e: Copyright(c) 1999 - 2015 Intel Corporation.
[    9.278712][    T1] mkiss: AX.25 Multikiss, Hans Albas PE1AYX
[    9.279473][    T1] AX.25: 6pack driver, Revision: 0.3.0
[    9.280159][    T1] AX.25: bpqether driver version 004
[    9.280829][    T1] PPP generic driver version 2.4.2
[    9.281961][    T1] PPP BSD Compression module registered
[    9.282667][    T1] PPP Deflate Compression module registered
[    9.283524][    T1] PPP MPPE Compression module registered
[    9.284296][    T1] NET: Registered PF_PPPOX protocol family
[    9.285200][    T1] PPTP driver version 0.8.5
[    9.285918][    T1] SLIP: version 0.8.4-NET3.019-NEWTTY (dynamic channels, max=256) (6 bit encapsulation enabled).
[    9.287236][    T1] CSLIP: code copyright 1989 Regents of the University of California.
[    9.288206][    T1] SLIP linefill/keepalive option.
[    9.288871][    T1] hdlc: HDLC support module revision 1.22
[    9.289558][    T1] LAPB Ethernet driver version 0.02
[    9.290449][    T1] usbcore: registered new interface driver ath9k_htc
[    9.291381][    T1] usbcore: registered new interface driver carl9170
[    9.292293][    T1] usbcore: registered new interface driver ath6kl_usb
[    9.293172][    T1] usbcore: registered new interface driver ar5523
[    9.294150][    T1] usbcore: registered new interface driver ath10k_usb
[    9.295786][    T1] usbcore: registered new interface driver rndis_wlan
[    9.296774][    T1] mac80211_hwsim: initializing netlink
[    9.309231][    T1] usbcore: registered new interface driver atusb
[    9.314188][    T1] mac802154_hwsim mac802154_hwsim: Added 2 mac802154 hwsim hardware radios
[    9.315894][    T1] VMware vmxnet3 virtual NIC driver - version 1.7.0.0-k-NAPI
[    9.317172][    T1] usbcore: registered new interface driver catc
[    9.318146][    T1] usbcore: registered new interface driver kaweth
[    9.318979][    T1] pegasus: Pegasus/Pegasus II USB Ethernet driver
[    9.320012][    T1] usbcore: registered new interface driver pegasus
[    9.321020][    T1] usbcore: registered new interface driver rtl8150
[    9.322023][    T1] usbcore: registered new interface driver r8152
[    9.322850][    T1] hso: drivers/net/usb/hso.c: Option Wireless
[    9.323809][    T1] usbcore: registered new interface driver hso
[    9.324740][    T1] usbcore: registered new interface driver lan78xx
[    9.326037][    T1] usbcore: registered new interface driver asix
[    9.326995][    T1] usbcore: registered new interface driver ax88179_178a
[    9.328023][    T1] usbcore: registered new interface driver cdc_ether
[    9.328998][    T1] usbcore: registered new interface driver cdc_eem
[    9.329957][    T1] usbcore: registered new interface driver dm9601
[    9.330897][    T1] usbcore: registered new interface driver sr9700
[    9.331848][    T1] usbcore: registered new interface driver CoreChips
[    9.332834][    T1] usbcore: registered new interface driver smsc75xx
[    9.333816][    T1] usbcore: registered new interface driver smsc95xx
[    9.335263][    T1] usbcore: registered new interface driver gl620a
[    9.336185][    T1] usbcore: registered new interface driver net1080
[    9.337115][    T1] usbcore: registered new interface driver plusb
[    9.338054][    T1] usbcore: registered new interface driver rndis_host
[    9.339028][    T1] usbcore: registered new interface driver cdc_subset
[    9.339999][    T1] usbcore: registered new interface driver zaurus
[    9.340926][    T1] usbcore: registered new interface driver MOSCHIP usb-ethernet driver
[    9.342077][    T1] usbcore: registered new interface driver int51x1
[    9.343013][    T1] usbcore: registered new interface driver cdc_phonet
[    9.343989][    T1] usbcore: registered new interface driver kalmia
[    9.345505][    T1] usbcore: registered new interface driver ipheth
[    9.346433][    T1] usbcore: registered new interface driver sierra_net
[    9.347397][    T1] usbcore: registered new interface driver cx82310_eth
[    9.348396][    T1] usbcore: registered new interface driver cdc_ncm
[    9.349336][    T1] usbcore: registered new interface driver huawei_cdc_ncm
[    9.350346][    T1] usbcore: registered new interface driver lg-vl600
[    9.351286][    T1] usbcore: registered new interface driver qmi_wwan
[    9.352229][    T1] usbcore: registered new interface driver cdc_mbim
[    9.353171][    T1] usbcore: registered new interface driver ch9200
[    9.354097][    T1] usbcore: registered new interface driver r8153_ecm
[    9.358375][    T1] VFIO - User Level meta-driver version: 0.3
[    9.361698][    T1] aoe: AoE v85 initialised.
[    9.368364][    T1] Warning! fotg210_hcd should always be loaded before uhci_hcd and ohci_hcd, not after
[    9.369660][    T1] SPI driver max3421-hcd has no spi_device_id for maxim,max3421
[    9.371032][    T1] usbcore: registered new interface driver cdc_acm
[    9.371818][    T1] cdc_acm: USB Abstract Control Model driver for USB modems and ISDN adapters
[    9.373193][    T1] usbcore: registered new interface driver usblp
[    9.374285][    T1] usbcore: registered new interface driver cdc_wdm
[    9.375422][    T1] usbcore: registered new interface driver usbtmc
[    9.376891][    T1] usbcore: registered new interface driver uas
[    9.377811][    T1] usbcore: registered new interface driver usb-storage
[    9.378768][    T1] usbcore: registered new interface driver ums-alauda
[    9.379731][    T1] usbcore: registered new interface driver ums-cypress
[    9.380683][    T1] usbcore: registered new interface driver ums-datafab
[    9.381641][    T1] usbcore: registered new interface driver ums_eneub6250
[    9.382810][    T1] usbcore: registered new interface driver ums-freecom
[    9.383764][    T1] usbcore: registered new interface driver ums-isd200
[    9.385179][    T1] usbcore: registered new interface driver ums-jumpshot
[    9.386287][    T1] usbcore: registered new interface driver ums-karma
[    9.387261][    T1] usbcore: registered new interface driver ums-onetouch
[    9.388311][    T1] usbcore: registered new interface driver ums-realtek
[    9.389245][    T1] usbcore: registered new interface driver ums-sddr09
[    9.390099][    T1] usbcore: registered new interface driver ums-sddr55
[    9.390959][    T1] usbcore: registered new interface driver ums-usbat
[    9.391844][    T1] usbcore: registered new interface driver mdc800
[    9.392608][    T1] mdc800: v0.7.5 (30/10/2000):USB Driver for Mustek MDC800 Digital Camera
[    9.393677][    T1] usbcore: registered new interface driver microtekX6
[    9.394594][ T1004] ata2: found unknown device (class 0)
[    9.394724][    T1] usbcore: registered new interface driver usbserial_generic
[    9.396459][ T1004] ata2.00: ATAPI: QEMU DVD-ROM, 2.5+, max UDMA/100
[    9.396653][    T1] usbserial: USB Serial support registered for generic
[    9.398578][    T1] usbcore: registered new interface driver aircable
[    9.399668][   T40] scsi 1:0:0:0: CD-ROM            QEMU     QEMU DVD-ROM     2.5+ PQ: 0 ANSI: 5
[    9.399781][    T1] usbserial: USB Serial support registered for aircable
[    9.403423][    T1] usbcore: registered new interface driver ark3116
[    9.404735][    T1] usbserial: USB Serial support registered for ark3116
[    9.405816][    T1] usbcore: registered new interface driver belkin_sa
[    9.407034][    T1] usbserial: USB Serial support registered for Belkin / Peracom / GoHubs USB Serial Adapter
[    9.408381][    T1] usbcore: registered new interface driver ch341
[    9.409278][    T1] usbserial: USB Serial support registered for ch341-uart
[    9.410320][    T1] usbcore: registered new interface driver cp210x
[    9.411232][    T1] usbserial: USB Serial support registered for cp210x
[    9.412660][    T1] usbcore: registered new interface driver cyberjack
[    9.413613][    T1] usbserial: USB Serial support registered for Reiner SCT Cyberjack USB card reader
[    9.415140][    T1] usbcore: registered new interface driver cypress_m8
[    9.416082][    T1] usbserial: USB Serial support registered for DeLorme Earthmate USB
[    9.417236][    T1] usbserial: USB Serial support registered for HID->COM RS232 Adapter
[    9.418562][    T1] usbserial: USB Serial support registered for Nokia CA-42 V2 Adapter
[    9.419782][    T1] usbcore: registered new interface driver usb_debug
[    9.420719][    T1] usbserial: USB Serial support registered for debug
[    9.421669][    T1] usbserial: USB Serial support registered for xhci_dbc
[    9.422648][    T1] usbcore: registered new interface driver digi_acceleport
[    9.423654][    T1] usbserial: USB Serial support registered for Digi 2 port USB adapter
[    9.424810][    T1] usbserial: USB Serial support registered for Digi 4 port USB adapter
[    9.425982][    T1] usbcore: registered new interface driver io_edgeport
[    9.427097][    T1] usbserial: USB Serial support registered for Edgeport 2 port adapter
[    9.428224][    T1] usbserial: USB Serial support registered for Edgeport 4 port adapter
[    9.429350][    T1] usbserial: USB Serial support registered for Edgeport 8 port adapter
[    9.430481][    T1] usbserial: USB Serial support registered for EPiC device
[    9.431491][    T1] usbcore: registered new interface driver io_ti
[    9.432409][    T1] usbserial: USB Serial support registered for Edgeport TI 1 port adapter
[    9.433688][    T1] usbserial: USB Serial support registered for Edgeport TI 2 port adapter
[    9.435610][    T1] usbcore: registered new interface driver empeg
[    9.436977][    T1] usbserial: USB Serial support registered for empeg
[    9.438215][    T1] usbcore: registered new interface driver f81534a_ctrl
[    9.439402][    T1] usbcore: registered new interface driver f81232
[    9.440323][    T1] usbserial: USB Serial support registered for f81232
[    9.441263][    T1] usbserial: USB Serial support registered for f81534a
[    9.442549][    T1] usbcore: registered new interface driver f81534
[    9.443666][    T1] usbserial: USB Serial support registered for Fintek F81532/F81534
[    9.444791][    T1] usbcore: registered new interface driver ftdi_sio
[    9.445840][    T1] usbserial: USB Serial support registered for FTDI USB Serial Device
[    9.446998][    T1] usbcore: registered new interface driver garmin_gps
[    9.447954][    T1] usbserial: USB Serial support registered for Garmin GPS usb/tty
[    9.449054][    T1] usbcore: registered new interface driver ipaq
[    9.449959][    T1] usbserial: USB Serial support registered for PocketPC PDA
[    9.450990][    T1] usbcore: registered new interface driver ipw
[    9.451868][    T1] usbserial: USB Serial support registered for IPWireless converter
[    9.453002][    T1] usbcore: registered new interface driver ir_usb
[    9.453921][    T1] usbserial: USB Serial support registered for IR Dongle
[    9.455139][    T1] usbcore: registered new interface driver iuu_phoenix
[    9.456098][    T1] usbserial: USB Serial support registered for iuu_phoenix
[    9.457116][    T1] usbcore: registered new interface driver keyspan
[    9.458040][    T1] usbserial: USB Serial support registered for Keyspan - (without firmware)
[    9.459234][    T1] usbserial: USB Serial support registered for Keyspan 1 port adapter
[    9.460340][    T1] usbserial: USB Serial support registered for Keyspan 2 port adapter
[    9.461463][    T1] usbserial: USB Serial support registered for Keyspan 4 port adapter
[    9.462591][    T1] usbcore: registered new interface driver keyspan_pda
[    9.463540][    T1] usbserial: USB Serial support registered for Keyspan PDA
[    9.464595][    T1] usbserial: USB Serial support registered for Keyspan PDA - (prerenumeration)
[    9.465876][    T1] usbcore: registered new interface driver kl5kusb105
[    9.466826][    T1] usbserial: USB Serial support registered for KL5KUSB105D / PalmConnect
[    9.467983][    T1] usbcore: registered new interface driver kobil_sct
[    9.469090][    T1] usbserial: USB Serial support registered for KOBIL USB smart card terminal
[    9.470311][    T1] usbcore: registered new interface driver mct_u232
[    9.471235][    T1] usbserial: USB Serial support registered for MCT U232
[    9.472235][    T1] usbcore: registered new interface driver metro_usb
[    9.473163][    T1] usbserial: USB Serial support registered for Metrologic USB to Serial
[    9.474313][    T1] usbcore: registered new interface driver mos7720
[    9.475375][    T1] usbserial: USB Serial support registered for Moschip 2 port adapter
[    9.476627][    T1] usbcore: registered new interface driver mos7840
[    9.477538][   T40] sr 1:0:0:0: [sr0] scsi3-mmc drive: 4x/4x cd/rw xa/form2 tray
[    9.477646][    T1] usbserial: USB Serial support registered for Moschip 7840/7820 USB Serial Driver
[    9.478518][   T40] cdrom: Uniform CD-ROM driver Revision: 3.20
[    9.479771][    T1] usbcore: registered new interface driver mxuport
[    9.481364][    T1] usbserial: USB Serial support registered for MOXA UPort
[    9.483532][    T1] usbcore: registered new interface driver navman
[    9.485458][    T1] usbserial: USB Serial support registered for navman
[    9.486993][    T1] usbcore: registered new interface driver omninet
[    9.487914][    T1] usbserial: USB Serial support registered for ZyXEL - omni.net usb
[    9.489053][    T1] usbcore: registered new interface driver opticon
[    9.490143][    T1] usbserial: USB Serial support registered for opticon
[    9.491130][    T1] usbcore: registered new interface driver option
[    9.492037][    T1] usbserial: USB Serial support registered for GSM modem (1-port)
[    9.493115][    T1] usbcore: registered new interface driver oti6858
[    9.495020][    T1] usbserial: USB Serial support registered for oti6858
[    9.497431][    T1] usbcore: registered new interface driver pl2303
[    9.499087][    T1] usbserial: USB Serial support registered for pl2303
[    9.500182][    T1] usbcore: registered new interface driver qcaux
[    9.501195][    T1] usbserial: USB Serial support registered for qcaux
[    9.502268][    T1] usbcore: registered new interface driver qcserial
[    9.503338][    T1] usbserial: USB Serial support registered for Qualcomm USB modem
[    9.504621][    T1] usbcore: registered new interface driver quatech2
[    9.505712][    T1] usbserial: USB Serial support registered for Quatech 2nd gen USB to Serial Driver
[    9.507156][    T1] usbcore: registered new interface driver safe_serial
[    9.508247][    T1] usbserial: USB Serial support registered for safe_serial
[    9.509403][    T1] usbcore: registered new interface driver sierra
[    9.510433][    T1] usbserial: USB Serial support registered for Sierra USB modem
[    9.511689][    T1] usbcore: registered new interface driver usb_serial_simple
[    9.512854][    T1] usbserial: USB Serial support registered for carelink
[    9.513957][    T1] usbserial: USB Serial support registered for zio
[    9.515222][    T1] usbserial: USB Serial support registered for funsoft
[    9.516327][    T1] usbserial: USB Serial support registered for flashloader
[    9.517463][    T1] usbserial: USB Serial support registered for google
[    9.518552][    T1] usbserial: USB Serial support registered for libtransistor
[    9.519715][    T1] usbserial: USB Serial support registered for vivopay
[    9.520814][    T1] usbserial: USB Serial support registered for moto_modem
[    9.521927][    T1] usbserial: USB Serial support registered for motorola_tetra
[    9.523093][    T1] usbserial: USB Serial support registered for nokia
[    9.524163][    T1] usbserial: USB Serial support registered for novatel_gps
[    9.525371][    T1] usbserial: USB Serial support registered for hp4x
[    9.526430][    T1] usbserial: USB Serial support registered for suunto
[    9.527524][    T1] usbserial: USB Serial support registered for siemens_mpi
[    9.528692][    T1] usbcore: registered new interface driver spcp8x5
[    9.529910][    T1] usbserial: USB Serial support registered for SPCP8x5
[    9.530993][    T1] usbcore: registered new interface driver ssu100
[    9.532053][    T1] usbserial: USB Serial support registered for Quatech SSU-100 USB to Serial Driver
[    9.533530][    T1] usbcore: registered new interface driver symbolserial
[    9.534766][    T1] usbserial: USB Serial support registered for symbol
[    9.536061][    T1] usbcore: registered new interface driver ti_usb_3410_5052
[    9.537300][    T1] usbserial: USB Serial support registered for TI USB 3410 1 port adapter
[    9.538467][    T1] usbserial: USB Serial support registered for TI USB 5052 2 port adapter
[    9.539630][    T1] usbcore: registered new interface driver upd78f0730
[    9.540673][    T1] usbserial: USB Serial support registered for upd78f0730
[    9.541304][   T40] sr 1:0:0:0: Attached scsi generic sg0 type 5
[    9.541884][    T1] usbcore: registered new interface driver visor
[    9.543089][    T1] usbserial: USB Serial support registered for Handspring Visor / Palm OS
[    9.544105][    T1] usbserial: USB Serial support registered for Sony Clie 5.0
[    9.546523][    T1] usbserial: USB Serial support registered for Sony Clie 3.5
[    9.547546][    T1] usbcore: registered new interface driver wishbone_serial
[    9.548421][    T1] usbserial: USB Serial support registered for wishbone_serial
[    9.549346][    T1] usbcore: registered new interface driver whiteheat
[    9.550158][    T1] usbserial: USB Serial support registered for Connect Tech - WhiteHEAT - (prerenumeration)
[    9.551339][    T1] usbserial: USB Serial support registered for Connect Tech - WhiteHEAT
[    9.552346][    T1] usbcore: registered new interface driver xr_serial
[    9.553157][    T1] usbserial: USB Serial support registered for xr_serial
[    9.554031][    T1] usbcore: registered new interface driver xsens_mt
[    9.554861][    T1] usbserial: USB Serial support registered for xsens_mt
[    9.555731][    T1] usbcore: registered new interface driver adutux
[    9.556536][    T1] usbcore: registered new interface driver appledisplay
[    9.557396][    T1] usbcore: registered new interface driver cypress_cy7c63
[    9.558275][    T1] usbcore: registered new interface driver cytherm
[    9.559089][    T1] usbcore: registered new interface driver emi26 - firmware loader
[    9.560050][    T1] usbcore: registered new interface driver emi62 - firmware loader
[    9.560944][    T1] ftdi_elan: driver ftdi-elan
[    9.561547][    T1] usbcore: registered new interface driver ftdi-elan
[    9.562372][    T1] usbcore: registered new interface driver idmouse
[    9.563176][    T1] usbcore: registered new interface driver iowarrior
[    9.563997][    T1] usbcore: registered new interface driver isight_firmware
[    9.564913][    T1] usbcore: registered new interface driver usblcd
[    9.565714][    T1] usbcore: registered new interface driver ldusb
[    9.566511][    T1] usbcore: registered new interface driver legousbtower
[    9.567395][    T1] usbcore: registered new interface driver usbtest
[    9.568200][    T1] usbcore: registered new interface driver usb_ehset_test
[    9.569081][    T1] usbcore: registered new interface driver trancevibrator
[    9.569971][    T1] usbcore: registered new interface driver uss720
[    9.570699][    T1] uss720: USB Parport Cable driver for Cables using the Lucent Technologies USS720 Chip
[    9.571794][    T1] uss720: NOTE: this is a special purpose driver to allow nonstandard
[    9.572703][    T1] uss720: protocols (eg. bitbang) over USS720 usb to parallel cables
[    9.573622][    T1] uss720: If you just want to connect to a printer, use usblp instead
[    9.574632][    T1] usbcore: registered new interface driver usbsevseg
[    9.575611][    T1] usbcore: registered new interface driver yurex
[    9.576601][    T1] usbcore: registered new interface driver chaoskey
[    9.577447][    T1] usbcore: registered new interface driver sisusb
[    9.578248][    T1] usbcore: registered new interface driver lvs
[    9.579019][    T1] usbcore: registered new interface driver cxacru
[    9.579843][    T1] usbcore: registered new interface driver speedtch
[    9.580685][    T1] usbcore: registered new interface driver ueagle-atm
[    9.581630][    T1] xusbatm: malformed module parameters
[    9.585651][    T1] dummy_hcd dummy_hcd.0: USB Host+Gadget Emulator, driver 02 May 2005
[    9.586722][    T1] dummy_hcd dummy_hcd.0: Dummy host controller
[    9.588222][    T1] dummy_hcd dummy_hcd.0: new USB bus registered, assigned bus number 1
[    9.589778][    T1] usb usb1: New USB device found, idVendor=1d6b, idProduct=0002, bcdDevice= 6.01
[    9.590904][    T1] usb usb1: New USB device strings: Mfr=3, Product=2, SerialNumber=1
[    9.591874][    T1] usb usb1: Product: Dummy host controller
[    9.592563][    T1] usb usb1: Manufacturer: Linux 6.1.0-g3a28c2c89f4b-dirty dummy_hcd
[    9.593517][    T1] usb usb1: SerialNumber: dummy_hcd.0
[    9.597926][    T1] hub 1-0:1.0: USB hub found
[    9.598694][    T1] hub 1-0:1.0: 1 port detected
[    9.602848][    T1] gadgetfs: USB Gadget filesystem, version 24 Aug 2004
[    9.607113][    T1] vhci_hcd vhci_hcd.0: USB/IP Virtual Host Controller
[    9.608405][    T1] vhci_hcd vhci_hcd.0: new USB bus registered, assigned bus number 2
[    9.609590][    T1] vhci_hcd: created sysfs vhci_hcd.0
[    9.610556][    T1] usb usb2: New USB device found, idVendor=1d6b, idProduct=0002, bcdDevice= 6.01
[    9.611647][    T1] usb usb2: New USB device strings: Mfr=3, Product=2, SerialNumber=1
[    9.612604][    T1] usb usb2: Product: USB/IP Virtual Host Controller
[    9.613382][    T1] usb usb2: Manufacturer: Linux 6.1.0-g3a28c2c89f4b-dirty vhci_hcd
[    9.614323][    T1] usb usb2: SerialNumber: vhci_hcd.0
[    9.617847][    T1] hub 2-0:1.0: USB hub found
[    9.618500][    T1] hub 2-0:1.0: 8 ports detected
[    9.622124][    T1] vhci_hcd vhci_hcd.0: USB/IP Virtual Host Controller
[    9.623329][    T1] vhci_hcd vhci_hcd.0: new USB bus registered, assigned bus number 3
[    9.624817][    T1] usb usb3: We don't know the algorithms for LPM for this host, disabling LPM.
[    9.626185][    T1] usb usb3: New USB device found, idVendor=1d6b, idProduct=0003, bcdDevice= 6.01
[    9.627272][    T1] usb usb3: New USB device strings: Mfr=3, Product=2, SerialNumber=1
[    9.628230][    T1] usb usb3: Product: USB/IP Virtual Host Controller
[    9.629008][    T1] usb usb3: Manufacturer: Linux 6.1.0-g3a28c2c89f4b-dirty vhci_hcd
[    9.629948][    T1] usb usb3: SerialNumber: vhci_hcd.0
[    9.631665][    T1] hub 3-0:1.0: USB hub found
[    9.632293][    T1] hub 3-0:1.0: 8 ports detected
[    9.636350][    T1] vhci_hcd vhci_hcd.1: USB/IP Virtual Host Controller
[    9.637673][    T1] vhci_hcd vhci_hcd.1: new USB bus registered, assigned bus number 4
[    9.638988][    T1] usb usb4: New USB device found, idVendor=1d6b, idProduct=0002, bcdDevice= 6.01
[    9.640084][    T1] usb usb4: New USB device strings: Mfr=3, Product=2, SerialNumber=1
[    9.641039][    T1] usb usb4: Product: USB/IP Virtual Host Controller
[    9.641832][    T1] usb usb4: Manufacturer: Linux 6.1.0-g3a28c2c89f4b-dirty vhci_hcd
[    9.642770][    T1] usb usb4: SerialNumber: vhci_hcd.1
[    9.644525][    T1] hub 4-0:1.0: USB hub found
[    9.645150][    T1] hub 4-0:1.0: 8 ports detected
[    9.648463][    T1] vhci_hcd vhci_hcd.1: USB/IP Virtual Host Controller
[    9.649611][    T1] vhci_hcd vhci_hcd.1: new USB bus registered, assigned bus number 5
[    9.650712][    T1] usb usb5: We don't know the algorithms for LPM for this host, disabling LPM.
[    9.652034][    T1] usb usb5: New USB device found, idVendor=1d6b, idProduct=0003, bcdDevice= 6.01
[    9.653119][    T1] usb usb5: New USB device strings: Mfr=3, Product=2, SerialNumber=1
[    9.654084][    T1] usb usb5: Product: USB/IP Virtual Host Controller
[    9.655681][    T1] usb usb5: Manufacturer: Linux 6.1.0-g3a28c2c89f4b-dirty vhci_hcd
[    9.656639][    T1] usb usb5: SerialNumber: vhci_hcd.1
[    9.658544][    T1] hub 5-0:1.0: USB hub found
[    9.659168][    T1] hub 5-0:1.0: 8 ports detected
[    9.663078][    T1] vhci_hcd vhci_hcd.2: USB/IP Virtual Host Controller
[    9.664206][    T1] vhci_hcd vhci_hcd.2: new USB bus registered, assigned bus number 6
[    9.665760][    T1] usb usb6: New USB device found, idVendor=1d6b, idProduct=0002, bcdDevice= 6.01
[    9.666849][    T1] usb usb6: New USB device strings: Mfr=3, Product=2, SerialNumber=1
[    9.667819][    T1] usb usb6: Product: USB/IP Virtual Host Controller
[    9.668607][    T1] usb usb6: Manufacturer: Linux 6.1.0-g3a28c2c89f4b-dirty vhci_hcd
[    9.669547][    T1] usb usb6: SerialNumber: vhci_hcd.2
[    9.671212][    T1] hub 6-0:1.0: USB hub found
[    9.671836][    T1] hub 6-0:1.0: 8 ports detected
[    9.675122][    T1] vhci_hcd vhci_hcd.2: USB/IP Virtual Host Controller
[    9.676291][    T1] vhci_hcd vhci_hcd.2: new USB bus registered, assigned bus number 7
[    9.677394][    T1] usb usb7: We don't know the algorithms for LPM for this host, disabling LPM.
[    9.678715][    T1] usb usb7: New USB device found, idVendor=1d6b, idProduct=0003, bcdDevice= 6.01
[    9.679806][    T1] usb usb7: New USB device strings: Mfr=3, Product=2, SerialNumber=1
[    9.680767][    T1] usb usb7: Product: USB/IP Virtual Host Controller
[    9.681555][    T1] usb usb7: Manufacturer: Linux 6.1.0-g3a28c2c89f4b-dirty vhci_hcd
[    9.682494][    T1] usb usb7: SerialNumber: vhci_hcd.2
[    9.684150][    T1] hub 7-0:1.0: USB hub found
[    9.684832][    T1] hub 7-0:1.0: 8 ports detected
[    9.688825][    T1] vhci_hcd vhci_hcd.3: USB/IP Virtual Host Controller
[    9.689994][    T1] vhci_hcd vhci_hcd.3: new USB bus registered, assigned bus number 8
[    9.691260][    T1] usb usb8: New USB device found, idVendor=1d6b, idProduct=0002, bcdDevice= 6.01
[    9.692351][    T1] usb usb8: New USB device strings: Mfr=3, Product=2, SerialNumber=1
[    9.693316][    T1] usb usb8: Product: USB/IP Virtual Host Controller
[    9.694103][    T1] usb usb8: Manufacturer: Linux 6.1.0-g3a28c2c89f4b-dirty vhci_hcd
[    9.695079][    T1] usb usb8: SerialNumber: vhci_hcd.3
[    9.696768][    T1] hub 8-0:1.0: USB hub found
[    9.697396][    T1] hub 8-0:1.0: 8 ports detected
[    9.700618][    T1] vhci_hcd vhci_hcd.3: USB/IP Virtual Host Controller
[    9.701754][    T1] vhci_hcd vhci_hcd.3: new USB bus registered, assigned bus number 9
[    9.702847][    T1] usb usb9: We don't know the algorithms for LPM for this host, disabling LPM.
[    9.704172][    T1] usb usb9: New USB device found, idVendor=1d6b, idProduct=0003, bcdDevice= 6.01
[    9.705355][    T1] usb usb9: New USB device strings: Mfr=3, Product=2, SerialNumber=1
[    9.706325][    T1] usb usb9: Product: USB/IP Virtual Host Controller
[    9.707112][    T1] usb usb9: Manufacturer: Linux 6.1.0-g3a28c2c89f4b-dirty vhci_hcd
[    9.708048][    T1] usb usb9: SerialNumber: vhci_hcd.3
[    9.709719][    T1] hub 9-0:1.0: USB hub found
[    9.710346][    T1] hub 9-0:1.0: 8 ports detected
[    9.714255][    T1] vhci_hcd vhci_hcd.4: USB/IP Virtual Host Controller
[    9.715452][    T1] vhci_hcd vhci_hcd.4: new USB bus registered, assigned bus number 10
[    9.716741][    T1] usb usb10: New USB device found, idVendor=1d6b, idProduct=0002, bcdDevice= 6.01
[    9.717848][    T1] usb usb10: New USB device strings: Mfr=3, Product=2, SerialNumber=1
[    9.718817][    T1] usb usb10: Product: USB/IP Virtual Host Controller
[    9.719610][    T1] usb usb10: Manufacturer: Linux 6.1.0-g3a28c2c89f4b-dirty vhci_hcd
[    9.720547][    T1] usb usb10: SerialNumber: vhci_hcd.4
[    9.722240][    T1] hub 10-0:1.0: USB hub found
[    9.722876][    T1] hub 10-0:1.0: 8 ports detected
[    9.726145][    T1] vhci_hcd vhci_hcd.4: USB/IP Virtual Host Controller
[    9.727300][    T1] vhci_hcd vhci_hcd.4: new USB bus registered, assigned bus number 11
[    9.728408][    T1] usb usb11: We don't know the algorithms for LPM for this host, disabling LPM.
[    9.729746][    T1] usb usb11: New USB device found, idVendor=1d6b, idProduct=0003, bcdDevice= 6.01
[    9.730847][    T1] usb usb11: New USB device strings: Mfr=3, Product=2, SerialNumber=1
[    9.731820][    T1] usb usb11: Product: USB/IP Virtual Host Controller
[    9.732619][    T1] usb usb11: Manufacturer: Linux 6.1.0-g3a28c2c89f4b-dirty vhci_hcd
[    9.733572][    T1] usb usb11: SerialNumber: vhci_hcd.4
[    9.735389][    T1] hub 11-0:1.0: USB hub found
[    9.736017][    T1] hub 11-0:1.0: 8 ports detected
[    9.739982][    T1] vhci_hcd vhci_hcd.5: USB/IP Virtual Host Controller
[    9.741137][    T1] vhci_hcd vhci_hcd.5: new USB bus registered, assigned bus number 12
[    9.742434][    T1] usb usb12: New USB device found, idVendor=1d6b, idProduct=0002, bcdDevice= 6.01
[    9.743536][    T1] usb usb12: New USB device strings: Mfr=3, Product=2, SerialNumber=1
[    9.744537][    T1] usb usb12: Product: USB/IP Virtual Host Controller
[    9.745335][    T1] usb usb12: Manufacturer: Linux 6.1.0-g3a28c2c89f4b-dirty vhci_hcd
[    9.746282][    T1] usb usb12: SerialNumber: vhci_hcd.5
[    9.747948][    T1] hub 12-0:1.0: USB hub found
[    9.748585][    T1] hub 12-0:1.0: 8 ports detected
[    9.751818][    T1] vhci_hcd vhci_hcd.5: USB/IP Virtual Host Controller
[    9.752941][    T1] vhci_hcd vhci_hcd.5: new USB bus registered, assigned bus number 13
[    9.754054][    T1] usb usb13: We don't know the algorithms for LPM for this host, disabling LPM.
[    9.755490][    T1] usb usb13: New USB device found, idVendor=1d6b, idProduct=0003, bcdDevice= 6.01
[    9.756590][    T1] usb usb13: New USB device strings: Mfr=3, Product=2, SerialNumber=1
[    9.757557][    T1] usb usb13: Product: USB/IP Virtual Host Controller
[    9.758346][    T1] usb usb13: Manufacturer: Linux 6.1.0-g3a28c2c89f4b-dirty vhci_hcd
[    9.759293][    T1] usb usb13: SerialNumber: vhci_hcd.5
[    9.760977][    T1] hub 13-0:1.0: USB hub found
[    9.761626][    T1] hub 13-0:1.0: 8 ports detected
[    9.765567][    T1] vhci_hcd vhci_hcd.6: USB/IP Virtual Host Controller
[    9.766887][    T1] vhci_hcd vhci_hcd.6: new USB bus registered, assigned bus number 14
[    9.768174][    T1] usb usb14: New USB device found, idVendor=1d6b, idProduct=0002, bcdDevice= 6.01
[    9.769274][    T1] usb usb14: New USB device strings: Mfr=3, Product=2, SerialNumber=1
[    9.770254][    T1] usb usb14: Product: USB/IP Virtual Host Controller
[    9.771048][    T1] usb usb14: Manufacturer: Linux 6.1.0-g3a28c2c89f4b-dirty vhci_hcd
[    9.771992][    T1] usb usb14: SerialNumber: vhci_hcd.6
[    9.773663][    T1] hub 14-0:1.0: USB hub found
[    9.774293][    T1] hub 14-0:1.0: 8 ports detected
[    9.777618][    T1] vhci_hcd vhci_hcd.6: USB/IP Virtual Host Controller
[    9.778752][    T1] vhci_hcd vhci_hcd.6: new USB bus registered, assigned bus number 15
[    9.779848][    T1] usb usb15: We don't know the algorithms for LPM for this host, disabling LPM.
[    9.781183][    T1] usb usb15: New USB device found, idVendor=1d6b, idProduct=0003, bcdDevice= 6.01
[    9.782286][    T1] usb usb15: New USB device strings: Mfr=3, Product=2, SerialNumber=1
[    9.783257][    T1] usb usb15: Product: USB/IP Virtual Host Controller
[    9.784052][    T1] usb usb15: Manufacturer: Linux 6.1.0-g3a28c2c89f4b-dirty vhci_hcd
[    9.785026][    T1] usb usb15: SerialNumber: vhci_hcd.6
[    9.786685][    T1] hub 15-0:1.0: USB hub found
[    9.787326][    T1] hub 15-0:1.0: 8 ports detected
[    9.791270][    T1] vhci_hcd vhci_hcd.7: USB/IP Virtual Host Controller
[    9.792409][    T1] vhci_hcd vhci_hcd.7: new USB bus registered, assigned bus number 16
[    9.793718][    T1] usb usb16: New USB device found, idVendor=1d6b, idProduct=0002, bcdDevice= 6.01
[    9.794847][    T1] usb usb16: New USB device strings: Mfr=3, Product=2, SerialNumber=1
[    9.795823][    T1] usb usb16: Product: USB/IP Virtual Host Controller
[    9.796612][    T1] usb usb16: Manufacturer: Linux 6.1.0-g3a28c2c89f4b-dirty vhci_hcd
[    9.797568][    T1] usb usb16: SerialNumber: vhci_hcd.7
[    9.799255][    T1] hub 16-0:1.0: USB hub found
[    9.799885][    T1] hub 16-0:1.0: 8 ports detected
[    9.803163][    T1] vhci_hcd vhci_hcd.7: USB/IP Virtual Host Controller
[    9.804294][    T1] vhci_hcd vhci_hcd.7: new USB bus registered, assigned bus number 17
[    9.805538][    T1] usb usb17: We don't know the algorithms for LPM for this host, disabling LPM.
[    9.806854][    T1] usb usb17: New USB device found, idVendor=1d6b, idProduct=0003, bcdDevice= 6.01
[    9.807958][    T1] usb usb17: New USB device strings: Mfr=3, Product=2, SerialNumber=1
[    9.808930][    T1] usb usb17: Product: USB/IP Virtual Host Controller
[    9.809728][    T1] usb usb17: Manufacturer: Linux 6.1.0-g3a28c2c89f4b-dirty vhci_hcd
[    9.810672][    T1] usb usb17: SerialNumber: vhci_hcd.7
[    9.812342][    T1] hub 17-0:1.0: USB hub found
[    9.812973][    T1] hub 17-0:1.0: 8 ports detected
[    9.816937][    T1] vhci_hcd vhci_hcd.8: USB/IP Virtual Host Controller
[    9.818076][    T1] vhci_hcd vhci_hcd.8: new USB bus registered, assigned bus number 18
[    9.819370][    T1] usb usb18: New USB device found, idVendor=1d6b, idProduct=0002, bcdDevice= 6.01
[    9.820474][    T1] usb usb18: New USB device strings: Mfr=3, Product=2, SerialNumber=1
[    9.821448][    T1] usb usb18: Product: USB/IP Virtual Host Controller
[    9.822238][    T1] usb usb18: Manufacturer: Linux 6.1.0-g3a28c2c89f4b-dirty vhci_hcd
[    9.823185][    T1] usb usb18: SerialNumber: vhci_hcd.8
[    9.825880][    T1] hub 18-0:1.0: USB hub found
[    9.826511][    T1] hub 18-0:1.0: 8 ports detected
[    9.829758][    T1] vhci_hcd vhci_hcd.8: USB/IP Virtual Host Controller
[    9.830890][    T1] vhci_hcd vhci_hcd.8: new USB bus registered, assigned bus number 19
[    9.831992][    T1] usb usb19: We don't know the algorithms for LPM for this host, disabling LPM.
[    9.833315][    T1] usb usb19: New USB device found, idVendor=1d6b, idProduct=0003, bcdDevice= 6.01
[    9.834450][    T1] usb usb19: New USB device strings: Mfr=3, Product=2, SerialNumber=1
[    9.835424][    T1] usb usb19: Product: USB/IP Virtual Host Controller
[    9.836218][    T1] usb usb19: Manufacturer: Linux 6.1.0-g3a28c2c89f4b-dirty vhci_hcd
[    9.837167][    T1] usb usb19: SerialNumber: vhci_hcd.8
[    9.838832][    T1] hub 19-0:1.0: USB hub found
[    9.839463][    T1] hub 19-0:1.0: 8 ports detected
[    9.843475][    T1] vhci_hcd vhci_hcd.9: USB/IP Virtual Host Controller
[    9.845038][    T1] vhci_hcd vhci_hcd.9: new USB bus registered, assigned bus number 20
[    9.846330][    T1] usb usb20: New USB device found, idVendor=1d6b, idProduct=0002, bcdDevice= 6.01
[    9.847428][    T1] usb usb20: New USB device strings: Mfr=3, Product=2, SerialNumber=1
[    9.848392][    T1] usb usb20: Product: USB/IP Virtual Host Controller
[    9.849180][    T1] usb usb20: Manufacturer: Linux 6.1.0-g3a28c2c89f4b-dirty vhci_hcd
[    9.850135][    T1] usb usb20: SerialNumber: vhci_hcd.9
[    9.851885][    T1] hub 20-0:1.0: USB hub found
[    9.852529][    T1] hub 20-0:1.0: 8 ports detected
[    9.855866][    T1] vhci_hcd vhci_hcd.9: USB/IP Virtual Host Controller
[    9.857014][    T1] vhci_hcd vhci_hcd.9: new USB bus registered, assigned bus number 21
[    9.858125][    T1] usb usb21: We don't know the algorithms for LPM for this host, disabling LPM.
[    9.859444][    T1] usb usb21: New USB device found, idVendor=1d6b, idProduct=0003, bcdDevice= 6.01
[    9.860547][    T1] usb usb21: New USB device strings: Mfr=3, Product=2, SerialNumber=1
[    9.861527][    T1] usb usb21: Product: USB/IP Virtual Host Controller
[    9.862321][    T1] usb usb21: Manufacturer: Linux 6.1.0-g3a28c2c89f4b-dirty vhci_hcd
[    9.863272][    T1] usb usb21: SerialNumber: vhci_hcd.9
[    9.865953][    T1] hub 21-0:1.0: USB hub found
[    9.866580][    T1] hub 21-0:1.0: 8 ports detected
[    9.870568][    T1] vhci_hcd vhci_hcd.10: USB/IP Virtual Host Controller
[    9.871975][    T1] vhci_hcd vhci_hcd.10: new USB bus registered, assigned bus number 22
[    9.873272][    T1] usb usb22: New USB device found, idVendor=1d6b, idProduct=0002, bcdDevice= 6.01
[    9.874385][    T1] usb usb22: New USB device strings: Mfr=3, Product=2, SerialNumber=1
[    9.875383][    T1] usb usb22: Product: USB/IP Virtual Host Controller
[    9.876185][    T1] usb usb22: Manufacturer: Linux 6.1.0-g3a28c2c89f4b-dirty vhci_hcd
[    9.877138][    T1] usb usb22: SerialNumber: vhci_hcd.10
[    9.878817][    T1] hub 22-0:1.0: USB hub found
[    9.879454][    T1] hub 22-0:1.0: 8 ports detected
[    9.882808][    T1] vhci_hcd vhci_hcd.10: USB/IP Virtual Host Controller
[    9.883965][    T1] vhci_hcd vhci_hcd.10: new USB bus registered, assigned bus number 23
[    9.885120][    T1] usb usb23: We don't know the algorithms for LPM for this host, disabling LPM.
[    9.886463][    T1] usb usb23: New USB device found, idVendor=1d6b, idProduct=0003, bcdDevice= 6.01
[    9.887559][    T1] usb usb23: New USB device strings: Mfr=3, Product=2, SerialNumber=1
[    9.888529][    T1] usb usb23: Product: USB/IP Virtual Host Controller
[    9.889329][    T1] usb usb23: Manufacturer: Linux 6.1.0-g3a28c2c89f4b-dirty vhci_hcd
[    9.890282][    T1] usb usb23: SerialNumber: vhci_hcd.10
[    9.891967][    T1] hub 23-0:1.0: USB hub found
[    9.892599][    T1] hub 23-0:1.0: 8 ports detected
[    9.896608][    T1] vhci_hcd vhci_hcd.11: USB/IP Virtual Host Controller
[    9.897795][    T1] vhci_hcd vhci_hcd.11: new USB bus registered, assigned bus number 24
[    9.899089][    T1] usb usb24: New USB device found, idVendor=1d6b, idProduct=0002, bcdDevice= 6.01
[    9.900191][    T1] usb usb24: New USB device strings: Mfr=3, Product=2, SerialNumber=1
[    9.901157][    T1] usb usb24: Product: USB/IP Virtual Host Controller
[    9.901959][    T1] usb usb24: Manufacturer: Linux 6.1.0-g3a28c2c89f4b-dirty vhci_hcd
[    9.902908][    T1] usb usb24: SerialNumber: vhci_hcd.11
[    9.904646][    T1] hub 24-0:1.0: USB hub found
[    9.905283][    T1] hub 24-0:1.0: 8 ports detected
[    9.908694][    T1] vhci_hcd vhci_hcd.11: USB/IP Virtual Host Controller
[    9.909893][    T1] vhci_hcd vhci_hcd.11: new USB bus registered, assigned bus number 25
[    9.911015][    T1] usb usb25: We don't know the algorithms for LPM for this host, disabling LPM.
[    9.912342][    T1] usb usb25: New USB device found, idVendor=1d6b, idProduct=0003, bcdDevice= 6.01
[    9.913458][    T1] usb usb25: New USB device strings: Mfr=3, Product=2, SerialNumber=1
[    9.914457][    T1] usb usb25: Product: USB/IP Virtual Host Controller
[    9.915252][    T1] usb usb25: Manufacturer: Linux 6.1.0-g3a28c2c89f4b-dirty vhci_hcd
[    9.916196][    T1] usb usb25: SerialNumber: vhci_hcd.11
[    9.917966][    T1] hub 25-0:1.0: USB hub found
[    9.918601][    T1] hub 25-0:1.0: 8 ports detected
[    9.922529][    T1] vhci_hcd vhci_hcd.12: USB/IP Virtual Host Controller
[    9.923697][    T1] vhci_hcd vhci_hcd.12: new USB bus registered, assigned bus number 26
[    9.925018][    T1] usb usb26: New USB device found, idVendor=1d6b, idProduct=0002, bcdDevice= 6.01
[    9.926134][    T1] usb usb26: New USB device strings: Mfr=3, Product=2, SerialNumber=1
[    9.927109][    T1] usb usb26: Product: USB/IP Virtual Host Controller
[    9.927904][    T1] usb usb26: Manufacturer: Linux 6.1.0-g3a28c2c89f4b-dirty vhci_hcd
[    9.928854][    T1] usb usb26: SerialNumber: vhci_hcd.12
[    9.930545][    T1] hub 26-0:1.0: USB hub found
[    9.931177][    T1] hub 26-0:1.0: 8 ports detected
[    9.934484][    T1] vhci_hcd vhci_hcd.12: USB/IP Virtual Host Controller
[    9.935649][    T1] vhci_hcd vhci_hcd.12: new USB bus registered, assigned bus number 27
[    9.936764][    T1] usb usb27: We don't know the algorithms for LPM for this host, disabling LPM.
[    9.938098][    T1] usb usb27: New USB device found, idVendor=1d6b, idProduct=0003, bcdDevice= 6.01
[    9.939199][    T1] usb usb27: New USB device strings: Mfr=3, Product=2, SerialNumber=1
[    9.940171][    T1] usb usb27: Product: USB/IP Virtual Host Controller
[    9.940964][    T1] usb usb27: Manufacturer: Linux 6.1.0-g3a28c2c89f4b-dirty vhci_hcd
[    9.941919][    T1] usb usb27: SerialNumber: vhci_hcd.12
[    9.943620][    T1] hub 27-0:1.0: USB hub found
[    9.944249][    T1] hub 27-0:1.0: 8 ports detected
[    9.948412][    T1] vhci_hcd vhci_hcd.13: USB/IP Virtual Host Controller
[    9.949615][    T1] vhci_hcd vhci_hcd.13: new USB bus registered, assigned bus number 28
[    9.950900][    T1] usb usb28: New USB device found, idVendor=1d6b, idProduct=0002, bcdDevice= 6.01
[    9.952003][    T1] usb usb28: New USB device strings: Mfr=3, Product=2, SerialNumber=1
[    9.952979][    T1] usb usb28: Product: USB/IP Virtual Host Controller
[    9.953784][    T1] usb usb28: Manufacturer: Linux 6.1.0-g3a28c2c89f4b-dirty vhci_hcd
[    9.954771][    T1] usb usb28: SerialNumber: vhci_hcd.13
[    9.956500][    T1] hub 28-0:1.0: USB hub found
[    9.957132][    T1] hub 28-0:1.0: 8 ports detected
[    9.960491][    T1] vhci_hcd vhci_hcd.13: USB/IP Virtual Host Controller
[    9.961631][    T1] vhci_hcd vhci_hcd.13: new USB bus registered, assigned bus number 29
[    9.962742][    T1] usb usb29: We don't know the algorithms for LPM for this host, disabling LPM.
[    9.964084][    T1] usb usb29: New USB device found, idVendor=1d6b, idProduct=0003, bcdDevice= 6.01
[    9.965271][    T1] usb usb29: New USB device strings: Mfr=3, Product=2, SerialNumber=1
[    9.966260][    T1] usb usb29: Product: USB/IP Virtual Host Controller
[    9.967052][    T1] usb usb29: Manufacturer: Linux 6.1.0-g3a28c2c89f4b-dirty vhci_hcd
[    9.967996][    T1] usb usb29: SerialNumber: vhci_hcd.13
[    9.969684][    T1] hub 29-0:1.0: USB hub found
[    9.970317][    T1] hub 29-0:1.0: 8 ports detected
[    9.974226][    T1] vhci_hcd vhci_hcd.14: USB/IP Virtual Host Controller
[    9.975466][    T1] vhci_hcd vhci_hcd.14: new USB bus registered, assigned bus number 30
[    9.976765][    T1] usb usb30: New USB device found, idVendor=1d6b, idProduct=0002, bcdDevice= 6.01
[    9.977876][    T1] usb usb30: New USB device strings: Mfr=3, Product=2, SerialNumber=1
[    9.978849][    T1] usb usb30: Product: USB/IP Virtual Host Controller
[    9.979641][    T1] usb usb30: Manufacturer: Linux 6.1.0-g3a28c2c89f4b-dirty vhci_hcd
[    9.980592][    T1] usb usb30: SerialNumber: vhci_hcd.14
[    9.982278][    T1] hub 30-0:1.0: USB hub found
[    9.982912][    T1] hub 30-0:1.0: 8 ports detected
[    9.986200][    T1] vhci_hcd vhci_hcd.14: USB/IP Virtual Host Controller
[    9.987367][    T1] vhci_hcd vhci_hcd.14: new USB bus registered, assigned bus number 31
[    9.988488][    T1] usb usb31: We don't know the algorithms for LPM for this host, disabling LPM.
[    9.989833][    T1] usb usb31: New USB device found, idVendor=1d6b, idProduct=0003, bcdDevice= 6.01
[    9.990940][    T1] usb usb31: New USB device strings: Mfr=3, Product=2, SerialNumber=1
[    9.991913][    T1] usb usb31: Product: USB/IP Virtual Host Controller
[    9.992711][    T1] usb usb31: Manufacturer: Linux 6.1.0-g3a28c2c89f4b-dirty vhci_hcd
[    9.993665][    T1] usb usb31: SerialNumber: vhci_hcd.14
[    9.995382][    T1] hub 31-0:1.0: USB hub found
[    9.996145][    T1] hub 31-0:1.0: 8 ports detected
[   10.000102][    T1] vhci_hcd vhci_hcd.15: USB/IP Virtual Host Controller
[   10.001267][    T1] vhci_hcd vhci_hcd.15: new USB bus registered, assigned bus number 32
[   10.002582][    T1] usb usb32: New USB device found, idVendor=1d6b, idProduct=0002, bcdDevice= 6.01
[   10.003686][    T1] usb usb32: New USB device strings: Mfr=3, Product=2, SerialNumber=1
[   10.004696][    T1] usb usb32: Product: USB/IP Virtual Host Controller
[   10.005499][    T1] usb usb32: Manufacturer: Linux 6.1.0-g3a28c2c89f4b-dirty vhci_hcd
[   10.006452][    T1] usb usb32: SerialNumber: vhci_hcd.15
[   10.008427][    T1] hub 32-0:1.0: USB hub found
[   10.009056][    T1] hub 32-0:1.0: 8 ports detected
[   10.012360][    T1] vhci_hcd vhci_hcd.15: USB/IP Virtual Host Controller
[   10.013538][    T1] vhci_hcd vhci_hcd.15: new USB bus registered, assigned bus number 33
[   10.014684][    T1] usb usb33: We don't know the algorithms for LPM for this host, disabling LPM.
[   10.016011][    T1] usb usb33: New USB device found, idVendor=1d6b, idProduct=0003, bcdDevice= 6.01
[   10.017119][    T1] usb usb33: New USB device strings: Mfr=3, Product=2, SerialNumber=1
[   10.018100][    T1] usb usb33: Product: USB/IP Virtual Host Controller
[   10.018903][    T1] usb usb33: Manufacturer: Linux 6.1.0-g3a28c2c89f4b-dirty vhci_hcd
[   10.019853][    T1] usb usb33: SerialNumber: vhci_hcd.15
[   10.021544][    T1] hub 33-0:1.0: USB hub found
[   10.022176][    T1] hub 33-0:1.0: 8 ports detected
[   10.026325][    T1] usbcore: registered new device driver usbip-host
[   10.028316][    T1] i8042: PNP: PS/2 Controller [PNP0303:KBD,PNP0f13:MOU] at 0x60,0x64 irq 1,12
[   10.031000][    T1] serio: i8042 KBD port at 0x60,0x64 irq 1
[   10.033398][    T1] serio: i8042 AUX port at 0x60,0x64 irq 12
[   10.036423][    T1] mousedev: PS/2 mouse device common for all mice
[   10.038038][    T1] usbcore: registered new interface driver appletouch
[   10.039013][    T1] usbcore: registered new interface driver bcm5974
[   10.040089][    T1] usbcore: registered new interface driver synaptics_usb
[   10.041047][    T1] usbcore: registered new interface driver iforce
[   10.042009][    T1] usbcore: registered new interface driver xpad
[   10.042853][    T1] usbcore: registered new interface driver usb_acecad
[   10.043771][    T1] usbcore: registered new interface driver aiptek
[   10.045549][   T14] input: AT Translated Set 2 keyboard as /devices/platform/i8042/serio0/input/input1
[   10.052119][    T1] usbcore: registered new interface driver hanwang
[   10.053144][    T1] usbcore: registered new interface driver kbtab
[   10.054386][    T1] usbcore: registered new interface driver pegasus_notetaker
[   10.055572][    T1] usbcore: registered new interface driver usbtouchscreen
[   10.056636][    T1] usbcore: registered new interface driver sur40
[   10.057620][    T1] usbcore: registered new interface driver ati_remote2
[   10.058444][    T1] cm109: Keymap for Komunikate KIP1000 phone loaded
[   10.059451][    T1] usbcore: registered new interface driver cm109
[   10.060213][    T1] cm109: CM109 phone driver: 20080805 (C) Alfred E. Heggestad
[   10.061298][    T1] usbcore: registered new interface driver ims_pcu
[   10.062303][    T1] usbcore: registered new interface driver keyspan_remote
[   10.063380][    T1] usbcore: registered new interface driver powermate
[   10.064772][    T1] usbcore: registered new interface driver yealink
[   10.066910][    T1] rtc_cmos 00:05: RTC can wake from S4
[   10.070189][    T1] rtc_cmos 00:05: registered as rtc0
[   10.070826][    T1] rtc_cmos 00:05: alarms up to one day, y3k, 242 bytes nvram, hpet irqs
[   10.072641][    T1] i2c_dev: i2c /dev entries driver
[   10.073846][    T1] usbcore: registered new interface driver i2c-diolan-u2c
[   10.075487][    T1] usbcore: registered new interface driver RobotFuzz Open Source InterFace, OSIF
[   10.076763][    T1] usbcore: registered new interface driver i2c-tiny-usb
[   10.079973][    T1] usbcore: registered new interface driver igorplugusb
[   10.080965][    T1] usbcore: registered new interface driver iguanair
[   10.082002][    T1] usbcore: registered new interface driver imon
[   10.083001][    T1] usbcore: registered new interface driver mceusb
[   10.085140][    T1] usbcore: registered new interface driver redrat3
[   10.086112][    T1] usbcore: registered new interface driver streamzap
[   10.087092][    T1] usbcore: registered new interface driver ttusbir
[   10.088112][    T1] usbcore: registered new interface driver ati_remote
[   10.089261][    T1] b2c2-flexcop: B2C2 FlexcopII/II(b)/III digital TV receiver chip loaded successfully
[   10.090677][    T1] usbcore: registered new interface driver b2c2_flexcop_usb
[   10.091769][    T1] usbcore: registered new interface driver dvb_usb_vp7045
[   10.092854][    T1] usbcore: registered new interface driver dvb_usb_vp702x
[   10.093934][    T1] usbcore: registered new interface driver dvb_usb_gp8psk
[   10.095114][    T1] usbcore: registered new interface driver dvb_usb_dtt200u
[   10.096190][    T1] usbcore: registered new interface driver dvb_usb_a800
[   10.097256][    T1] usbcore: registered new interface driver dvb_usb_dibusb_mb
[   10.098379][    T1] usbcore: registered new interface driver dvb_usb_dibusb_mc
[   10.099501][    T1] usbcore: registered new interface driver dvb_usb_nova_t_usb2
[   10.100621][    T1] usbcore: registered new interface driver dvb_usb_umt_010
[   10.101708][    T1] usbcore: registered new interface driver dvb_usb_m920x
[   10.102762][    T1] usbcore: registered new interface driver dvb_usb_digitv
[   10.103851][    T1] usbcore: registered new interface driver dvb_usb_cxusb
[   10.105200][    T1] usbcore: registered new interface driver dvb_usb_ttusb2
[   10.106331][    T1] usbcore: registered new interface driver dvb_usb_dib0700
[   10.107402][    T1] usbcore: registered new interface driver opera1
[   10.108397][    T1] usbcore: registered new interface driver dvb_usb_af9005
[   10.109486][    T1] usbcore: registered new interface driver pctv452e
[   10.110516][    T1] usbcore: registered new interface driver dw2102
[   10.111721][    T1] usbcore: registered new interface driver dvb_usb_dtv5100
[   10.112992][    T1] usbcore: registered new interface driver cinergyT2
[   10.114010][    T1] usbcore: registered new interface driver dvb_usb_az6027
[   10.115102][    T1] usbcore: registered new interface driver dvb_usb_technisat_usb2
[   10.116266][    T1] usbcore: registered new interface driver dvb_usb_af9015
[   10.117355][    T1] usbcore: registered new interface driver dvb_usb_af9035
[   10.118418][    T1] usbcore: registered new interface driver dvb_usb_anysee
[   10.119497][    T1] usbcore: registered new interface driver dvb_usb_au6610
[   10.120549][    T1] usbcore: registered new interface driver dvb_usb_az6007
[   10.121608][    T1] usbcore: registered new interface driver dvb_usb_ce6230
[   10.122669][    T1] usbcore: registered new interface driver dvb_usb_ec168
[   10.123719][    T1] usbcore: registered new interface driver dvb_usb_lmedm04
[   10.124847][    T1] usbcore: registered new interface driver dvb_usb_gl861
[   10.125938][    T1] usbcore: registered new interface driver dvb_usb_mxl111sf
[   10.127052][    T1] usbcore: registered new interface driver dvb_usb_rtl28xxu
[   10.128152][    T1] usbcore: registered new interface driver dvb_usb_dvbsky
[   10.129208][    T1] usbcore: registered new interface driver zd1301
[   10.130193][    T1] usbcore: registered new interface driver s2255
[   10.131193][    T1] usbcore: registered new interface driver smsusb
[   10.132184][    T1] usbcore: registered new interface driver ttusb
[   10.133161][    T1] usbcore: registered new interface driver ttusb-dec
[   10.134192][    T1] usbcore: registered new interface driver Abilis Systems as10x usb driver
[   10.135439][    T1] usbcore: registered new interface driver airspy
[   10.136204][    T1] gspca_main: v2.14.0 registered
[   10.136998][    T1] usbcore: registered new interface driver benq
[   10.137967][    T1] usbcore: registered new interface driver conex
[   10.138920][    T1] usbcore: registered new interface driver cpia1
[   10.139877][    T1] usbcore: registered new interface driver dtcs033
[   10.140851][    T1] usbcore: registered new interface driver etoms
[   10.141831][    T1] usbcore: registered new interface driver finepix
[   10.142804][    T1] usbcore: registered new interface driver jeilinj
[   10.143790][    T1] usbcore: registered new interface driver jl2005bcd
[   10.144829][    T1] usbcore: registered new interface driver kinect
[   10.146019][    T1] usbcore: registered new interface driver konica
[   10.146980][    T1] usbcore: registered new interface driver mars
[   10.147958][    T1] usbcore: registered new interface driver mr97310a
[   10.148979][    T1] usbcore: registered new interface driver nw80x
[   10.150005][    T1] usbcore: registered new interface driver ov519
[   10.150959][    T1] usbcore: registered new interface driver ov534
[   10.151912][    T1] usbcore: registered new interface driver ov534_9
[   10.152912][    T1] usbcore: registered new interface driver pac207
[   10.153900][    T1] usbcore: registered new interface driver gspca_pac7302
[   10.154965][    T1] usbcore: registered new interface driver pac7311
[   10.155960][    T1] usbcore: registered new interface driver se401
[   10.156920][    T1] usbcore: registered new interface driver sn9c2028
[   10.157948][    T1] usbcore: registered new interface driver gspca_sn9c20x
[   10.159003][    T1] usbcore: registered new interface driver sonixb
[   10.159999][    T1] usbcore: registered new interface driver sonixj
[   10.160977][    T1] usbcore: registered new interface driver spca500
[   10.161990][    T1] usbcore: registered new interface driver spca501
[   10.162962][    T1] usbcore: registered new interface driver spca505
[   10.164097][    T1] usbcore: registered new interface driver spca506
[   10.165122][    T1] usbcore: registered new interface driver spca508
[   10.166049][    T1] usbcore: registered new interface driver spca561
[   10.166924][    T1] usbcore: registered new interface driver spca1528
[   10.167819][    T1] usbcore: registered new interface driver sq905
[   10.168682][    T1] usbcore: registered new interface driver sq905c
[   10.169562][    T1] usbcore: registered new interface driver sq930x
[   10.170481][    T1] usbcore: registered new interface driver sunplus
[   10.171361][    T1] usbcore: registered new interface driver stk014
[   10.172233][    T1] usbcore: registered new interface driver stk1135
[   10.173118][    T1] usbcore: registered new interface driver stv0680
[   10.174006][    T1] usbcore: registered new interface driver t613
[   10.175028][    T1] usbcore: registered new interface driver gspca_topro
[   10.175955][    T1] usbcore: registered new interface driver touptek
[   10.176843][    T1] usbcore: registered new interface driver tv8532
[   10.177727][    T1] usbcore: registered new interface driver vc032x
[   10.178598][    T1] usbcore: registered new interface driver vicam
[   10.179478][    T1] usbcore: registered new interface driver xirlink-cit
[   10.180471][    T1] usbcore: registered new interface driver gspca_zc3xx
[   10.181419][    T1] usbcore: registered new interface driver ALi m5602
[   10.182348][    T1] usbcore: registered new interface driver STV06xx
[   10.183247][    T1] usbcore: registered new interface driver gspca_gl860
[   10.184395][    T1] usbcore: registered new interface driver hackrf
[   10.185309][    T1] usbcore: registered new interface driver msi2500
[   10.186248][    T1] usbcore: registered new interface driver Philips webcam
[   10.187310][    T1] usbcore: registered new interface driver uvcvideo
[   10.188095][    T1] au0828: au0828 driver loaded
[   10.188805][    T1] usbcore: registered new interface driver au0828
[   10.189735][    T1] usbcore: registered new interface driver cx231xx
[   10.190752][    T1] usbcore: registered new interface driver em28xx
[   10.191529][    T1] em28xx: Registered (Em28xx v4l2 Extension) extension
[   10.192342][    T1] em28xx: Registered (Em28xx Audio Extension) extension
[   10.193158][    T1] em28xx: Registered (Em28xx dvb Extension) extension
[   10.193966][    T1] em28xx: Registered (Em28xx Input Extension) extension
[   10.194956][    T1] usbcore: registered new interface driver go7007
[   10.195828][    T1] usbcore: registered new interface driver go7007-loader
[   10.196843][    T1] usbcore: registered new interface driver hdpvr
[   10.197941][    T1] usbcore: registered new interface driver pvrusb2
[   10.198713][    T1] pvrusb2: V4L in-tree version:Hauppauge WinTV-PVR-USB2 MPEG2 Encoder/Tuner
[   10.199723][    T1] pvrusb2: Debug mask is 31 (0x1f)
[   10.200460][    T1] usbcore: registered new interface driver stk1160
[   10.201338][    T1] usbcore: registered new interface driver usbtv
[   10.203256][    T1] dvbdev: DVB: registering new adapter (dvb_vidtv_bridge)
[   10.205602][    T1] i2c i2c-0: DVB: registering adapter 0 frontend 0 (Dummy demod for DVB-T/T2/C/S/S2)...
[   10.206939][    T1] dvbdev: dvb_create_media_entity: media entity 'Dummy demod for DVB-T/T2/C/S/S2' registered.
[   10.210829][    T1] dvbdev: dvb_create_media_entity: media entity 'dvb-demux' registered.
[   10.214099][    T1] vidtv vidtv.0: Successfully initialized vidtv!
[   10.216261][    T1] vicodec vicodec.0: Device 'stateful-encoder' registered as /dev/video0
[   10.217665][    T1] vicodec vicodec.0: Device 'stateful-decoder' registered as /dev/video1
[   10.218910][    T1] vicodec vicodec.0: Device 'stateless-decoder' registered as /dev/video2
[   10.220709][    T1] vim2m vim2m.0: Device registered as /dev/video0
[   10.228733][    T1] vivid-000: using single planar format API
[   10.236610][    T1] vivid-000: CEC adapter cec0 registered for HDMI input 0
[   10.237731][    T1] vivid-000: V4L2 capture device registered as video7
[   10.238803][    T1] vivid-000: CEC adapter cec1 registered for HDMI output 0
[   10.239939][    T1] vivid-000: V4L2 output device registered as video8
[   10.240974][    T1] vivid-000: V4L2 capture device registered as vbi0, supports raw and sliced VBI
[   10.242318][    T1] vivid-000: V4L2 output device registered as vbi1, supports raw and sliced VBI
[   10.243638][    T1] vivid-000: V4L2 capture device registered as swradio0
[   10.245317][    T1] vivid-000: V4L2 receiver device registered as radio0
[   10.246426][    T1] vivid-000: V4L2 transmitter device registered as radio1
[   10.247510][    T1] vivid-000: V4L2 metadata capture device registered as video9
[   10.248649][    T1] vivid-000: V4L2 metadata output device registered as video10
[   10.250300][    T1] vivid-000: V4L2 touch capture device registered as v4l-touch0
[   10.252855][    T1] usbcore: registered new interface driver radioshark2
[   10.254355][    T1] usbcore: registered new interface driver radioshark
[   10.256291][    T1] usbcore: registered new interface driver radio-si470x
[   10.257293][    T1] usbcore: registered new interface driver radio-usb-si4713
[   10.258307][    T1] usbcore: registered new interface driver dsbr100
[   10.259193][    T1] usbcore: registered new interface driver radio-keene
[   10.260139][    T1] usbcore: registered new interface driver radio-ma901
[   10.261083][    T1] usbcore: registered new interface driver radio-mr800
[   10.262020][    T1] usbcore: registered new interface driver radio-raremono
[   10.263761][    T1] usbcore: registered new interface driver pcwd_usb
[   10.266321][    T1] device-mapper: core: CONFIG_IMA_DISABLE_HTABLE is disabled. Duplicate IMA measurements will not be recorded in the IMA log.
[   10.268068][    T1] device-mapper: uevent: version 1.0.3
[   10.269576][    T1] device-mapper: ioctl: 4.47.0-ioctl (2022-07-28) initialised: dm-devel@redhat.com
[   10.271601][    T1] device-mapper: multipath round-robin: version 1.2.0 loaded
[   10.272491][    T1] device-mapper: multipath queue-length: version 0.2.0 loaded
[   10.273381][    T1] device-mapper: multipath service-time: version 0.3.0 loaded
[   10.274719][    T1] device-mapper: raid: Loading target version 1.15.1
[   10.276477][    T1] Bluetooth: HCI UART driver ver 2.3
[   10.277123][    T1] Bluetooth: HCI UART protocol H4 registered
[   10.277846][    T1] Bluetooth: HCI UART protocol BCSP registered
[   10.278641][    T1] Bluetooth: HCI UART protocol LL registered
[   10.279409][    T1] Bluetooth: HCI UART protocol Three-wire (H5) registered
[   10.280364][    T1] Bluetooth: HCI UART protocol QCA registered
[   10.281124][    T1] Bluetooth: HCI UART protocol AG6XX registered
[   10.281937][    T1] Bluetooth: HCI UART protocol Marvell registered
[   10.282873][    T1] usbcore: registered new interface driver bcm203x
[   10.283784][    T1] usbcore: registered new interface driver bpa10x
[   10.285346][    T1] usbcore: registered new interface driver bfusb
[   10.286284][    T1] usbcore: registered new interface driver btusb
[   10.287228][    T1] usbcore: registered new interface driver ath3k
[   10.288451][    T1] CAPI 2.0 started up with major 68 (middleware)
[   10.289228][    T1] Modular ISDN core version 1.1.29
[   10.290188][    T1] NET: Registered PF_ISDN protocol family
[   10.290885][    T1] DSP module 2.0
[   10.291313][    T1] mISDN_dsp: DSP clocks every 80 samples. This equals 1 jiffies.
[   10.299891][    T1] mISDN: Layer-1-over-IP driver Rev. 2.00
[   10.301063][    T1] 0 virtual devices registered
[   10.301826][    T1] usbcore: registered new interface driver HFC-S_USB
[   10.302640][    T1] VUB300 Driver rom wait states = 1C irqpoll timeout = 0400
[   10.303277][    T1] usbcore: registered new interface driver vub300
[   10.305105][    T1] usbcore: registered new interface driver ushc
[   10.309180][    T1] iscsi: registered transport (iser)
[   10.310649][    T1] SoftiWARP attached
[   10.321792][    T1] hid: raw HID events driver (C) Jiri Kosina
[   10.353444][    T1] usbcore: registered new interface driver usbhid
[   10.354220][    T1] usbhid: USB HID core driver
[   10.357588][    T1] usbcore: registered new interface driver es2_ap_driver
[   10.358463][    T1] comedi: version 0.7.76 - http://www.comedi.org
[   10.359408][    T1] usbcore: registered new interface driver dt9812
[   10.360283][    T1] usbcore: registered new interface driver ni6501
[   10.361152][    T1] usbcore: registered new interface driver usbdux
[   10.362031][    T1] usbcore: registered new interface driver usbduxfast
[   10.362945][    T1] usbcore: registered new interface driver usbduxsigma
[   10.363872][    T1] usbcore: registered new interface driver vmk80xx
[   10.364902][    T1] usbcore: registered new interface driver prism2_usb
[   10.365914][    T1] usbcore: registered new interface driver r8712u
[   10.366746][    T1] greybus: registered new driver hid
[   10.367512][    T1] greybus: registered new driver gbphy
[   10.368221][    T1] gb_gbphy: registered new driver usb
[   10.368908][    T1] asus_wmi: ASUS WMI generic driver loaded
[   10.401231][    T1] usbcore: registered new interface driver snd-usb-audio
[   10.402265][    T1] usbcore: registered new interface driver snd-ua101
[   10.403207][    T1] usbcore: registered new interface driver snd-usb-usx2y
[   10.404304][    T1] usbcore: registered new interface driver snd-usb-us122l
[   10.408108][    T1] usbcore: registered new interface driver snd-usb-caiaq
[   10.409094][    T1] usbcore: registered new interface driver snd-usb-6fire
[   10.410089][    T1] usbcore: registered new interface driver snd-usb-hiface
[   10.411051][    T1] usbcore: registered new interface driver snd-bcd2000
[   10.411983][    T1] usbcore: registered new interface driver snd_usb_pod
[   10.412919][    T1] usbcore: registered new interface driver snd_usb_podhd
[   10.413879][    T1] usbcore: registered new interface driver snd_usb_toneport
[   10.415066][    T1] usbcore: registered new interface driver snd_usb_variax
[   10.416041][    T1] drop_monitor: Initializing network drop monitor service
[   10.417102][    T1] NET: Registered PF_LLC protocol family
[   10.417895][    T1] GACT probability on
[   10.418388][    T1] Mirror/redirect action on
[   10.419030][    T1] Simple TC action Loaded
[   10.420786][    T1] netem: version 1.3
[   10.421512][    T1] u32 classifier
[   10.421938][    T1]     Performance counters on
[   10.422491][    T1]     input device check on
[   10.423021][    T1]     Actions configured
[   10.426765][    T1] xt_time: kernel timezone is -0000
[   10.427456][    T1] IPVS: Registered protocols (TCP, UDP, SCTP, AH, ESP)
[   10.428487][    T1] IPVS: Connection hash table configured (size=4096, memory=32Kbytes)
[   10.429734][    T1] IPVS: ipvs loaded.
[   10.430215][    T1] IPVS: [rr] scheduler registered.
[   10.430827][    T1] IPVS: [wrr] scheduler registered.
[   10.431449][    T1] IPVS: [lc] scheduler registered.
[   10.432054][    T1] IPVS: [wlc] scheduler registered.
[   10.432675][    T1] IPVS: [fo] scheduler registered.
[   10.433281][    T1] IPVS: [ovf] scheduler registered.
[   10.433909][    T1] IPVS: [lblc] scheduler registered.
[   10.434899][    T1] IPVS: [lblcr] scheduler registered.
[   10.435550][    T1] IPVS: [dh] scheduler registered.
[   10.436157][    T1] IPVS: [sh] scheduler registered.
[   10.436770][    T1] IPVS: [mh] scheduler registered.
[   10.437376][    T1] IPVS: [sed] scheduler registered.
[   10.437997][    T1] IPVS: [nq] scheduler registered.
[   10.438602][    T1] IPVS: [twos] scheduler registered.
[   10.439299][    T1] IPVS: [sip] pe registered.
[   10.439925][    T1] ipip: IPv4 and MPLS over IPv4 tunneling driver
[   10.441670][    T1] gre: GRE over IPv4 demultiplexor driver
[   10.442357][    T1] ip_gre: GRE over IPv4 tunneling driver
[   10.445715][    T1] IPv4 over IPsec tunneling driver
[   10.447373][    T1] ipt_CLUSTERIP: ClusterIP Version 0.8 loaded successfully
[   10.448491][    T1] Initializing XFRM netlink socket
[   10.449235][    T1] IPsec XFRM device driver
[   10.451416][    T1] NET: Registered PF_INET6 protocol family
[   10.457432][    T1] Segment Routing with IPv6
[   10.457968][    T1] RPL Segment Routing with IPv6
[   10.458591][    T1] In-situ OAM (IOAM) with IPv6
[   10.459407][    T1] mip6: Mobile IPv6
[   10.461733][    T1] sit: IPv6, IPv4 and MPLS over IPv4 tunneling driver
[   10.465992][    T1] ip6_gre: GRE over IPv6 tunneling driver
[   10.467972][    T1] NET: Registered PF_PACKET protocol family
[   10.468693][    T1] NET: Registered PF_KEY protocol family
[   10.469679][    T1] Bridge firewalling registered
[   10.470563][    T1] NET: Registered PF_X25 protocol family
[   10.471272][    T1] X25: Linux Version 0.2
[   10.475792][    T1] NET: Registered PF_NETROM protocol family
[   10.486625][    T1] NET: Registered PF_ROSE protocol family
[   10.487369][    T1] NET: Registered PF_AX25 protocol family
[   10.488064][    T1] can: controller area network core
[   10.488915][    T1] NET: Registered PF_CAN protocol family
[   10.489592][    T1] can: raw protocol
[   10.490056][    T1] can: broadcast manager protocol
[   10.490656][    T1] can: netlink gateway - max_hops=1
[   10.491453][    T1] can: SAE J1939
[   10.491880][    T1] can: isotp protocol
[   10.492510][    T1] Bluetooth: RFCOMM TTY layer initialized
[   10.493195][    T1] Bluetooth: RFCOMM socket layer initialized
[   10.493935][    T1] Bluetooth: RFCOMM ver 1.11
[   10.495325][    T1] Bluetooth: BNEP (Ethernet Emulation) ver 1.3
[   10.496058][    T1] Bluetooth: BNEP filters: protocol multicast
[   10.496788][    T1] Bluetooth: BNEP socket layer initialized
[   10.497481][    T1] Bluetooth: CMTP (CAPI Emulation) ver 1.0
[   10.498170][    T1] Bluetooth: CMTP socket layer initialized
[   10.498856][    T1] Bluetooth: HIDP (Human Interface Emulation) ver 1.2
[   10.499658][    T1] Bluetooth: HIDP socket layer initialized
[   10.502541][    T1] NET: Registered PF_RXRPC protocol family
[   10.503234][    T1] Key type rxrpc registered
[   10.503763][    T1] Key type rxrpc_s registered
[   10.508238][    T1] NET: Registered PF_KCM protocol family
[   10.509163][    T1] lec:lane_module_init: lec.c: initialized
[   10.509873][    T1] mpoa:atm_mpoa_init: mpc.c: initialized
[   10.510583][    T1] l2tp_core: L2TP core driver, V2.0
