bash: warning: setlocale: LC_ALL: cannot change locale (en_US.UTF-8)
c[?7l[2J[0mSeaBIOS (version 1.16.2-debian-1.16.2-1)
Booting from ROM..c[?7l[2J[0m.early console in extract_kernel
input_data: 0x000000000d2592bf
input_len: 0x0000000004ba7a92
output: 0x0000000001000000
output_len: 0x000000000f0c6ae0
kernel_total_size: 0x0000000010e26000
needed_size: 0x0000000011000000
trampoline_32bit: 0x000000000009d000

Decompressing Linux... Parsing ELF... done.
Booting the kernel.
[    0.000000][    T0] Linux version 6.1.0-g7ba163d09578-dirty (root@buildkitsandbox) (gcc (Debian 12.2.0-14+deb12u1) 12.2.0, GNU ld (GNU Binutils for Debian) 2.40) #2 SMP PREEMPT_DYNAMIC Mon May 25 04:30:39 UTC 2026
[    0.000000][    T0] Command line: console=ttyS0 oops=panic panic=86400 nokaslr earlyprintk=serial rdinit=/init
[    0.000000][    T0] KERNEL supported cpus:
[    0.000000][    T0]   Intel GenuineIntel
[    0.000000][    T0]   AMD AuthenticAMD
[    0.000000][    T0] x86/fpu: Supporting XSAVE feature 0x001: 'x87 floating point registers'
[    0.000000][    T0] x86/fpu: Supporting XSAVE feature 0x002: 'SSE registers'
[    0.000000][    T0] x86/fpu: Supporting XSAVE feature 0x004: 'AVX registers'
[    0.000000][    T0] x86/fpu: xstate_offset[2]:  576, xstate_sizes[2]:  256
[    0.000000][    T0] x86/fpu: Enabled xstate features 0x7, context size is 832 bytes, using 'compacted' format.
[    0.000000][    T0] signal: max sigframe size: 1776
[    0.000000][    T0] BIOS-provided physical RAM map:
[    0.000000][    T0] BIOS-e820: [mem 0x0000000000000000-0x000000000009fbff] usable
[    0.000000][    T0] BIOS-e820: [mem 0x000000000009fc00-0x000000000009ffff] reserved
[    0.000000][    T0] BIOS-e820: [mem 0x00000000000f0000-0x00000000000fffff] reserved
[    0.000000][    T0] BIOS-e820: [mem 0x0000000000100000-0x000000007ffdffff] usable
[    0.000000][    T0] BIOS-e820: [mem 0x000000007ffe0000-0x000000007fffffff] reserved
[    0.000000][    T0] BIOS-e820: [mem 0x00000000feffc000-0x00000000feffffff] reserved
[    0.000000][    T0] BIOS-e820: [mem 0x00000000fffc0000-0x00000000ffffffff] reserved
[    0.000000][    T0] BIOS-e820: [mem 0x000000fd00000000-0x000000ffffffffff] reserved
[    0.000000][    T0] printk: bootconsole [earlyser0] enabled
[    0.000000][    T0] NX (Execute Disable) protection: active
[    0.000000][    T0] SMBIOS 2.8 present.
[    0.000000][    T0] DMI: QEMU Standard PC (i440FX + PIIX, 1996), BIOS 1.16.2-debian-1.16.2-1 04/01/2014
[    0.000000][    T0] Hypervisor detected: KVM
[    0.000000][    T0] kvm-clock: Using msrs 4b564d01 and 4b564d00
[    0.000003][    T0] kvm-clock: using sched offset of 911032536 cycles
[    0.000693][    T0] clocksource: kvm-clock: mask: 0xffffffffffffffff max_cycles: 0x1cd42e4dffb, max_idle_ns: 881590591483 ns
[    0.002750][    T0] tsc: Detected 3493.436 MHz processor
[    0.007749][    T0] last_pfn = 0x7ffe0 max_arch_pfn = 0x400000000
[    0.008514][    T0] x86/PAT: Configuration [0-7]: WB  WC  UC- UC  WB  WP  UC- WT  
[    0.012386][    T0] found SMP MP-table at [mem 0x000f5ba0-0x000f5baf]
[    0.013161][    T0] Using GB pages for direct mapping
[    0.014461][    T0] RAMDISK: [mem 0x7fe85000-0x7ffdffff]
[    0.015083][    T0] ACPI: Early table checksum verification disabled
[    0.015815][    T0] ACPI: RSDP 0x00000000000F59D0 000014 (v00 BOCHS )
[    0.016571][    T0] ACPI: RSDT 0x000000007FFE1B33 000034 (v01 BOCHS  BXPC     00000001 BXPC 00000001)
[    0.017652][    T0] ACPI: FACP 0x000000007FFE19DF 000074 (v01 BOCHS  BXPC     00000001 BXPC 00000001)
[    0.018726][    T0] ACPI: DSDT 0x000000007FFE0040 00199F (v01 BOCHS  BXPC     00000001 BXPC 00000001)
[    0.019801][    T0] ACPI: FACS 0x000000007FFE0000 000040
[    0.020432][    T0] ACPI: APIC 0x000000007FFE1A53 000080 (v01 BOCHS  BXPC     00000001 BXPC 00000001)
[    0.021512][    T0] ACPI: HPET 0x000000007FFE1AD3 000038 (v01 BOCHS  BXPC     00000001 BXPC 00000001)
[    0.022581][    T0] ACPI: WAET 0x000000007FFE1B0B 000028 (v01 BOCHS  BXPC     00000001 BXPC 00000001)
[    0.023655][    T0] ACPI: Reserving FACP table memory at [mem 0x7ffe19df-0x7ffe1a52]
[    0.024545][    T0] ACPI: Reserving DSDT table memory at [mem 0x7ffe0040-0x7ffe19de]
[    0.025449][    T0] ACPI: Reserving FACS table memory at [mem 0x7ffe0000-0x7ffe003f]
[    0.026334][    T0] ACPI: Reserving APIC table memory at [mem 0x7ffe1a53-0x7ffe1ad2]
[    0.027227][    T0] ACPI: Reserving HPET table memory at [mem 0x7ffe1ad3-0x7ffe1b0a]
[    0.028116][    T0] ACPI: Reserving WAET table memory at [mem 0x7ffe1b0b-0x7ffe1b32]
[    0.029766][    T0] No NUMA configuration found
[    0.030300][    T0] Faking a node at [mem 0x0000000000000000-0x000000007ffdffff]
[    0.031161][    T0] NODE_DATA(0) allocated [mem 0x7fe7f000-0x7fe84fff]
[    0.035521][    T0] Zone ranges:
[    0.035963][    T0]   DMA      [mem 0x0000000000001000-0x0000000000ffffff]
[    0.036806][    T0]   DMA32    [mem 0x0000000001000000-0x000000007ffdffff]
[    0.037664][    T0]   Normal   empty
[    0.038111][    T0]   Device   empty
[    0.038556][    T0] Movable zone start for each node
[    0.039169][    T0] Early memory node ranges
[    0.039685][    T0]   node   0: [mem 0x0000000000001000-0x000000000009efff]
[    0.040538][    T0]   node   0: [mem 0x0000000000100000-0x000000007ffdffff]
[    0.041395][    T0] Initmem setup node 0 [mem 0x0000000000001000-0x000000007ffdffff]
[    0.042366][    T0] On node 0, zone DMA: 1 pages in unavailable ranges
[    0.042477][    T0] On node 0, zone DMA: 97 pages in unavailable ranges
[    0.054998][    T0] On node 0, zone DMA32: 32 pages in unavailable ranges
[    0.091650][    T0] kasan: KernelAddressSanitizer initialized
[    0.093430][    T0] ACPI: PM-Timer IO Port: 0x608
[    0.094021][    T0] ACPI: LAPIC_NMI (acpi_id[0xff] dfl dfl lint[0x1])
[    0.094818][    T0] IOAPIC[0]: apic_id 0, version 17, address 0xfec00000, GSI 0-23
[    0.095707][    T0] ACPI: INT_SRC_OVR (bus 0 bus_irq 0 global_irq 2 dfl dfl)
[    0.096526][    T0] ACPI: INT_SRC_OVR (bus 0 bus_irq 5 global_irq 5 high level)
[    0.097386][    T0] ACPI: INT_SRC_OVR (bus 0 bus_irq 9 global_irq 9 high level)
[    0.098240][    T0] ACPI: INT_SRC_OVR (bus 0 bus_irq 10 global_irq 10 high level)
[    0.099115][    T0] ACPI: INT_SRC_OVR (bus 0 bus_irq 11 global_irq 11 high level)
[    0.099997][    T0] ACPI: Using ACPI (MADT) for SMP configuration information
[    0.100827][    T0] ACPI: HPET id: 0x8086a201 base: 0xfed00000
[    0.101532][    T0] TSC deadline timer available
[    0.102072][    T0] smpboot: Allowing 2 CPUs, 0 hotplug CPUs
[    0.102763][    T0] kvm-guest: KVM setup pv remote TLB flush
[    0.103425][    T0] kvm-guest: setup PV sched yield
[    0.104026][    T0] PM: hibernation: Registered nosave memory: [mem 0x00000000-0x00000fff]
[    0.104989][    T0] PM: hibernation: Registered nosave memory: [mem 0x0009f000-0x0009ffff]
[    0.105955][    T0] PM: hibernation: Registered nosave memory: [mem 0x000a0000-0x000effff]
[    0.106918][    T0] PM: hibernation: Registered nosave memory: [mem 0x000f0000-0x000fffff]
[    0.107881][    T0] [mem 0x80000000-0xfeffbfff] available for PCI devices
[    0.108674][    T0] Booting paravirtualized kernel on KVM
[    0.109323][    T0] clocksource: refined-jiffies: mask: 0xffffffff max_cycles: 0xffffffff, max_idle_ns: 19112604462750000 ns
[    0.151100][    T0] setup_percpu: NR_CPUS:8 nr_cpumask_bits:2 nr_cpu_ids:2 nr_node_ids:1
[    0.152401][    T0] percpu: Embedded 70 pages/cpu s248456 r8192 d30072 u1048576
[    0.153398][    T0] kvm-guest: PV spinlocks enabled
[    0.154003][    T0] PV qspinlock hash table entries: 256 (order: 0, 4096 bytes, linear)
[    0.154990][    T0] Fallback order for Node 0: 0 
[    0.155577][    T0] Built 1 zonelists, mobility grouping on.  Total pages: 515808
[    0.156479][    T0] Policy zone: DMA32
[    0.156933][    T0] Kernel command line: console=ttyS0 oops=panic panic=86400 nokaslr earlyprintk=serial rdinit=/init
[    0.158821][    T0] random: crng init done
[    0.159605][    T0] Dentry cache hash table entries: 262144 (order: 9, 2097152 bytes, linear)
[    0.160698][    T0] Inode-cache hash table entries: 131072 (order: 8, 1048576 bytes, linear)
[    0.162033][    T0] mem auto-init: stack:off, heap alloc:on, heap free:off
[    0.163871][    T0] stackdepot hash table entries: 1048576 (order: 11, 8388608 bytes, linear)
[    0.261293][    T0] Memory: 1474052K/2096632K available (149535K kernel code, 36084K rwdata, 30260K rodata, 2880K init, 34024K bss, 622324K reserved, 0K cma-reserved)
[    0.263479][    T0] SLUB: HWalign=64, Order=0-3, MinObjects=0, CPUs=2, Nodes=1
[    0.265647][    T0] Dynamic Preempt: full
[    0.266516][    T0] Running RCU self tests
[    0.267043][    T0] rcu: Preemptible hierarchical RCU implementation.
[    0.267830][    T0] rcu: 	RCU lockdep checking is enabled.
[    0.268489][    T0] rcu: 	RCU restricting CPUs from NR_CPUS=8 to nr_cpu_ids=2.
[    0.269363][    T0] rcu: 	RCU callback double-/use-after-free debug is enabled.
[    0.270242][    T0] rcu: 	RCU debug extended QS entry/exit.
[    0.270921][    T0] 	Trampoline variant of Tasks RCU enabled.
[    0.271622][    T0] 	Tracing variant of Tasks RCU enabled.
[    0.272280][    T0] rcu: RCU calculated value of scheduler-enlistment delay is 10 jiffies.
[    0.273283][    T0] rcu: Adjusting geometry for rcu_fanout_leaf=16, nr_cpu_ids=2
[    0.300392][    T0] NR_IRQS: 4352, nr_irqs: 440, preallocated irqs: 16
[    0.301566][    T0] rcu: srcu_init: Setting srcu_struct sizes based on contention.
[    0.302691][    T0] kfence: initialized - using 2097152 bytes for 255 objects at 0x(____ptrval____)-0x(____ptrval____)
[    0.311832][    T0] Console: colour VGA+ 80x25
[    0.312415][    T0] printk: console [ttyS0] enabled
[    0.312415][    T0] printk: console [ttyS0] enabled
[    0.313601][    T0] printk: bootconsole [earlyser0] disabled
[    0.313601][    T0] printk: bootconsole [earlyser0] disabled
[    0.314942][    T0] Lock dependency validator: Copyright (c) 2006 Red Hat, Inc., Ingo Molnar
[    0.315946][    T0] ... MAX_LOCKDEP_SUBCLASSES:  8
[    0.316521][    T0] ... MAX_LOCK_DEPTH:          48
[    0.317125][    T0] ... MAX_LOCKDEP_KEYS:        8192
[    0.317740][    T0] ... CLASSHASH_SIZE:          4096
[    0.318345][    T0] ... MAX_LOCKDEP_ENTRIES:     131072
[    0.318979][    T0] ... MAX_LOCKDEP_CHAINS:      262144
[    0.319609][    T0] ... CHAINHASH_SIZE:          131072
[    0.320244][    T0]  memory used by lock dependency info: 20657 kB
[    0.320989][    T0]  memory used for stack traces: 8320 kB
[    0.321662][    T0]  per task-struct memory footprint: 1920 bytes
[    0.322454][    T0] ACPI: Core revision 20220331
[    0.323323][    T0] clocksource: hpet: mask: 0xffffffff max_cycles: 0xffffffff, max_idle_ns: 19112604467 ns
[    0.324701][    T0] APIC: Switch to symmetric I/O mode setup
[    0.325568][    T0] x2apic enabled
[    0.326211][    T0] Switched APIC routing to physical x2apic.
[    0.326909][    T0] kvm-guest: setup PV IPIs
[    0.328796][    T0] ..TIMER: vector=0x30 apic1=0 pin1=2 apic2=-1 pin2=-1
[    0.329624][    T0] tsc: Marking TSC unstable due to TSCs unsynchronized
[    0.330424][    T0] Calibrating delay loop (skipped) preset value.. 6986.87 BogoMIPS (lpj=34934360)
[    0.331476][    T0] pid_max: default: 32768 minimum: 301
[    0.332203][    T0] LSM: Security Framework initializing
[    0.332866][    T0] landlock: Up and running.
[    0.333390][    T0] Yama: becoming mindful.
[    0.333964][    T0] TOMOYO Linux initialized
[    0.334604][    T0] AppArmor: AppArmor initialized
[    0.340450][    T0] LSM support for eBPF active
[    0.341120][    T0] Mount-cache hash table entries: 4096 (order: 3, 32768 bytes, linear)
[    0.342075][    T0] Mountpoint-cache hash table entries: 4096 (order: 3, 32768 bytes, linear)
[    0.344644][    T0] x86/cpu: User Mode Instruction Prevention (UMIP) activated
[    0.345599][    T0] Last level iTLB entries: 4KB 512, 2MB 255, 4MB 127
[    0.346378][    T0] Last level dTLB entries: 4KB 512, 2MB 255, 4MB 127, 1GB 0
[    0.347221][    T0] Spectre V1 : Mitigation: usercopy/swapgs barriers and __user pointer sanitization
[    0.348294][    T0] Spectre V2 : Kernel not compiled with retpoline; no mitigation available!
[    0.348298][    T0] Spectre V2 : Vulnerable
[    0.349787][    T0] Spectre V2 : Spectre v2 / SpectreRSB mitigation: Filling RSB on context switch
[    0.350413][    T0] Spectre V2 : Enabling Speculation Barrier for firmware calls
[    0.351297][    T0] RETBleed: Mitigation: IBPB
[    0.351836][    T0] Spectre V2 : mitigation: Enabling conditional Indirect Branch Prediction Barrier
[    0.352928][    T0] Speculative Store Bypass: Mitigation: Speculative Store Bypass disabled via prctl
[    0.363703][    T0] Freeing SMP alternatives memory: 116K
[    0.364774][    T1] smpboot: CPU0: AMD Ryzen Threadripper PRO 3975WX 32-Cores (family: 0x17, model: 0x31, stepping: 0x0)
[    0.367196][    T1] cblist_init_generic: Setting adjustable number of callback queues.
[    0.368175][    T1] cblist_init_generic: Setting shift to 1 and lim to 1.
[    0.369160][    T1] cblist_init_generic: Setting shift to 1 and lim to 1.
[    0.370092][    T1] Running RCU-tasks wait API self tests
[    0.470748][    T1] Performance Events: Fam17h+ core perfctr, AMD PMU driver.
[    0.472546][    T1] ... version:                0
[    0.473618][    T1] ... bit width:              48
[    0.474721][    T1] ... generic registers:      6
[    0.475790][    T1] ... value mask:             0000ffffffffffff
[    0.477156][    T1] ... max period:             00007fffffffffff
[    0.478529][    T1] ... fixed-purpose events:   0
[    0.479621][    T1] ... event mask:             000000000000003f
[    0.481405][    T1] rcu: Hierarchical SRCU implementation.
[    0.482669][    T1] rcu: 	Max phase no-delay instances is 1000.
[    0.489400][    T1] smp: Bringing up secondary CPUs ...
[    0.491948][    T1] x86: Booting SMP configuration:
[    0.493096][    T1] .... node  #0, CPUs:      #1
[    0.494956][    T1] smp: Brought up 1 node, 2 CPUs
[    0.494956][    T1] smpboot: Max logical packages: 1
[    0.494956][    T1] smpboot: Total of 2 processors activated (13973.74 BogoMIPS)
[    0.501403][    T1] devtmpfs: initialized
[    0.502258][    T1] x86/mm: Memory block size: 128MB
[    0.520519][   T13] Callback from call_rcu_tasks_trace() invoked.
[    0.531331][    T1] clocksource: jiffies: mask: 0xffffffff max_cycles: 0xffffffff, max_idle_ns: 19112604462750000 ns
[    0.532770][    T1] futex hash table entries: 512 (order: 4, 65536 bytes, linear)
[    0.535331][    T1] PM: RTC time: 04:32:22, date: 2026-05-25
[    0.538836][    T1] NET: Registered PF_NETLINK/PF_ROUTE protocol family
[    0.541118][    T1] audit: initializing netlink subsys (disabled)
[    0.541977][   T26] audit: type=2000 audit(1779683543.161:1): state=initialized audit_enabled=0 res=1
[    0.541977][    T1] thermal_sys: Registered thermal governor 'step_wise'
[    0.542594][    T1] thermal_sys: Registered thermal governor 'user_space'
[    0.543500][    T1] cpuidle: using governor menu
[    0.544882][    T1] NET: Registered PF_QIPCRTR protocol family
[    0.546193][    T1] PCI: Using configuration type 1 for base access
[    0.546193][    T1] PCI: Using configuration type 1 for extended access
[    0.672163][    T1] HugeTLB: registered 1.00 GiB page size, pre-allocated 0 pages
[    0.672163][    T1] HugeTLB: 16380 KiB vmemmap can be freed for a 1.00 GiB page
[    0.672163][    T1] HugeTLB: registered 2.00 MiB page size, pre-allocated 0 pages
[    0.673799][    T1] HugeTLB: 28 KiB vmemmap can be freed for a 2.00 MiB page
[    0.681293][    T1] cryptd: max_cpu_qlen set to 1000
[    0.685226][    T1] raid6: skipped pq benchmark and selected avx2x4
[    0.690526][    T1] raid6: using avx2x2 recovery algorithm
[    0.691911][   T12] Callback from call_rcu_tasks() invoked.
[    0.694253][    T1] ACPI: Added _OSI(Module Device)
[    0.694835][    T1] ACPI: Added _OSI(Processor Device)
[    0.695439][    T1] ACPI: Added _OSI(3.0 _SCP Extensions)
[    0.696072][    T1] ACPI: Added _OSI(Processor Aggregator Device)
[    0.717300][    T1] ACPI: 1 ACPI AML tables successfully acquired and loaded
[    0.745152][    T1] ACPI: Interpreter enabled
[    0.745841][    T1] ACPI: PM: (supports S0 S3 S4 S5)
[    0.746448][    T1] ACPI: Using IOAPIC for interrupt routing
[    0.747215][    T1] PCI: Using host bridge windows from ACPI; if necessary, use "pci=nocrs" and report a bug
[    0.748372][    T1] PCI: Using E820 reservations for host bridge windows
[    0.750531][    T1] ACPI: Enabled 2 GPEs in block 00 to 0F
[    0.792473][    T1] ACPI: PCI Root Bridge [PCI0] (domain 0000 [bus 00-ff])
[    0.793347][    T1] acpi PNP0A03:00: _OSC: OS supports [ExtendedConfig ASPM ClockPM Segments MSI HPX-Type3]
[    0.795948][    T1] PCI host bridge to bus 0000:00
[    0.796530][    T1] pci_bus 0000:00: root bus resource [io  0x0000-0x0cf7 window]
[    0.797428][    T1] pci_bus 0000:00: root bus resource [io  0x0d00-0xffff window]
[    0.798318][    T1] pci_bus 0000:00: root bus resource [mem 0x000a0000-0x000bffff window]
[    0.799284][    T1] pci_bus 0000:00: root bus resource [mem 0x80000000-0xfebfffff window]
[    0.800250][    T1] pci_bus 0000:00: root bus resource [mem 0x100000000-0x17fffffff window]
[    0.800455][    T1] pci_bus 0000:00: root bus resource [bus 00-ff]
[    0.801507][    T1] pci 0000:00:00.0: [8086:1237] type 00 class 0x060000
[    0.815469][    T1] pci 0000:00:01.0: [8086:7000] type 00 class 0x060100
[    0.829572][    T1] pci 0000:00:01.1: [8086:7010] type 00 class 0x010180
[    0.831914][    T1] pci 0000:00:01.1: reg 0x20: [io  0xc000-0xc00f]
[    0.833309][    T1] pci 0000:00:01.1: legacy IDE quirk: reg 0x10: [io  0x01f0-0x01f7]
[    0.834243][    T1] pci 0000:00:01.1: legacy IDE quirk: reg 0x14: [io  0x03f6]
[    0.835095][    T1] pci 0000:00:01.1: legacy IDE quirk: reg 0x18: [io  0x0170-0x0177]
[    0.836028][    T1] pci 0000:00:01.1: legacy IDE quirk: reg 0x1c: [io  0x0376]
[    0.837342][    T1] pci 0000:00:01.3: [8086:7113] type 00 class 0x068000
[    0.838553][    T1] pci 0000:00:01.3: quirk: [io  0x0600-0x063f] claimed by PIIX4 ACPI
[    0.839498][    T1] pci 0000:00:01.3: quirk: [io  0x0700-0x070f] claimed by PIIX4 SMB
[    0.841070][    T1] pci 0000:00:02.0: [1234:1111] type 00 class 0x030000
[    0.842998][    T1] pci 0000:00:02.0: reg 0x10: [mem 0xfd000000-0xfdffffff pref]
[    0.845184][    T1] pci 0000:00:02.0: reg 0x18: [mem 0xfebf0000-0xfebf0fff]
[    0.849370][    T1] pci 0000:00:02.0: reg 0x30: [mem 0xfebe0000-0xfebeffff pref]
[    0.850394][    T1] pci 0000:00:02.0: Video device with shadowed ROM at [mem 0x000c0000-0x000dffff]
[    0.868443][    T1] ACPI: PCI: Interrupt link LNKA configured for IRQ 10
[    0.870570][    T1] ACPI: PCI: Interrupt link LNKB configured for IRQ 10
[    0.872649][    T1] ACPI: PCI: Interrupt link LNKC configured for IRQ 11
[    0.874726][    T1] ACPI: PCI: Interrupt link LNKD configured for IRQ 11
[    0.876076][    T1] ACPI: PCI: Interrupt link LNKS configured for IRQ 9
[    0.880840][    T1] iommu: Default domain type: Translated 
[    0.881510][    T1] iommu: DMA domain TLB invalidation policy: lazy mode 
[    0.883923][    T1] SCSI subsystem initialized
[    0.885069][    T1] ACPI: bus type USB registered
[    0.885809][    T1] usbcore: registered new interface driver usbfs
[    0.886642][    T1] usbcore: registered new interface driver hub
[    0.887425][    T1] usbcore: registered new device driver usb
[    0.888658][    T1] mc: Linux media interface: v0.10
[    0.889309][    T1] videodev: Linux video capture interface: v2.00
[    0.890262][    T1] pps_core: LinuxPPS API ver. 1 registered
[    0.890419][    T1] pps_core: Software ver. 5.3.6 - Copyright 2005-2007 Rodolfo Giometti <giometti@linux.it>
[    0.891615][    T1] PTP clock support registered
[    0.892445][    T1] EDAC MC: Ver: 3.0.0
[    0.894065][    T1] Advanced Linux Sound Architecture Driver Initialized.
[    0.896575][    T1] Bluetooth: Core ver 2.22
[    0.897161][    T1] NET: Registered PF_BLUETOOTH protocol family
[    0.897878][    T1] Bluetooth: HCI device and connection manager initialized
[    0.898726][    T1] Bluetooth: HCI socket layer initialized
[    0.899405][    T1] Bluetooth: L2CAP socket layer initialized
[    0.900127][    T1] Bluetooth: SCO socket layer initialized
[    0.900455][    T1] NET: Registered PF_ATMPVC protocol family
[    0.901139][    T1] NET: Registered PF_ATMSVC protocol family
[    0.901930][    T1] NetLabel: Initializing
[    0.902422][    T1] NetLabel:  domain hash size = 128
[    0.903032][    T1] NetLabel:  protocols = UNLABELED CIPSOv4 CALIPSO
[    0.903921][    T1] NetLabel:  unlabeled traffic allowed by default
[    0.904944][    T1] nfc: nfc_init: NFC Core ver 0.1
[    0.904944][    T1] NET: Registered PF_NFC protocol family
[    0.904944][    T1] PCI: Using ACPI for IRQ routing
[    0.904944][    T1] pci 0000:00:02.0: vgaarb: setting as boot VGA device
[    0.904944][    T1] pci 0000:00:02.0: vgaarb: bridge control possible
[    0.904944][    T1] pci 0000:00:02.0: vgaarb: VGA device added: decodes=io+mem,owns=io+mem,locks=none
[    0.904944][    T1] vgaarb: loaded
[    0.911015][    T1] hpet0: at MMIO 0xfed00000, IRQs 2, 8, 0
[    0.911698][    T1] hpet0: 3 comparators, 64-bit 100.000000 MHz counter
[    0.918942][    T1] clocksource: Switched to clocksource kvm-clock
[    0.931492][    T1] VFS: Disk quotas dquot_6.6.0
[    0.932127][    T1] VFS: Dquot-cache hash table entries: 512 (order 0, 4096 bytes)
[    0.933262][    T1] FS-Cache: Loaded
[    0.934133][    T1] CacheFiles: Loaded
[    0.934812][    T1] TOMOYO: 2.6.0
[    0.935224][    T1] Mandatory Access Control activated.
[    0.936999][    T1] AppArmor: AppArmor Filesystem Enabled
[    0.937814][    T1] pnp: PnP ACPI init
[    0.942467][    T1] pnp: PnP ACPI: found 6 devices
[    0.975938][    T1] clocksource: acpi_pm: mask: 0xffffff max_cycles: 0xffffff, max_idle_ns: 2085701024 ns
[    0.977331][    T1] NET: Registered PF_INET protocol family
[    0.978339][    T1] IP idents hash table entries: 32768 (order: 6, 262144 bytes, linear)
[    0.981084][    T1] tcp_listen_portaddr_hash hash table entries: 1024 (order: 4, 73728 bytes, linear)
[    0.982222][    T1] Table-perturb hash table entries: 65536 (order: 6, 262144 bytes, linear)
[    0.983253][    T1] TCP established hash table entries: 16384 (order: 5, 131072 bytes, linear)
[    0.985243][    T1] TCP bind hash table entries: 16384 (order: 9, 2359296 bytes, linear)
[    0.987113][    T1] TCP: Hash tables configured (established 16384 bind 16384)
[    0.988240][    T1] MPTCP token hash table entries: 2048 (order: 5, 180224 bytes, linear)
[    0.989337][    T1] UDP hash table entries: 1024 (order: 5, 163840 bytes, linear)
[    0.990329][    T1] UDP-Lite hash table entries: 1024 (order: 5, 163840 bytes, linear)
[    0.991667][    T1] NET: Registered PF_UNIX/PF_LOCAL protocol family
[    0.993083][    T1] RPC: Registered named UNIX socket transport module.
[    0.993885][    T1] RPC: Registered udp transport module.
[    0.994527][    T1] RPC: Registered tcp transport module.
[    0.995162][    T1] RPC: Registered tcp NFSv4.1 backchannel transport module.
[    0.996905][    T1] NET: Registered PF_XDP protocol family
[    0.997577][    T1] pci_bus 0000:00: resource 4 [io  0x0000-0x0cf7 window]
[    0.998397][    T1] pci_bus 0000:00: resource 5 [io  0x0d00-0xffff window]
[    0.999218][    T1] pci_bus 0000:00: resource 6 [mem 0x000a0000-0x000bffff window]
[    1.000111][    T1] pci_bus 0000:00: resource 7 [mem 0x80000000-0xfebfffff window]
[    1.001028][    T1] pci_bus 0000:00: resource 8 [mem 0x100000000-0x17fffffff window]
[    1.002328][    T1] pci 0000:00:01.0: PIIX3: Enabling Passive Release
[    1.003102][    T1] pci 0000:00:00.0: Limiting direct PCI/PCI transfers
[    1.003974][    T1] PCI: CLS 0 bytes, default 64
[    1.004623][    T1] ACPI: bus type thunderbolt registered
[    1.006037][    T1] kvm: no hardware support for 'kvm_intel'
[    1.007005][   T45] Trying to unpack rootfs image as initramfs...
[    1.020802][    T1] kvm: Nested Virtualization enabled
[    1.021425][    T1] SVM: kvm: Nested Paging enabled
[    1.050874][   T66] cryptomgr_test (66) used greatest stack depth: 29824 bytes left
[    1.080606][   T70] cryptomgr_test (70) used greatest stack depth: 29184 bytes left
[    1.113166][   T45] Freeing initrd memory: 1388K
[    1.114357][   T58] kworker/u4:4 (58) used greatest stack depth: 28208 bytes left
[    1.131463][   T97] kworker/u4:3 (97) used greatest stack depth: 27808 bytes left
[    3.336879][    T1] Initialise system trusted keyrings
[    3.339280][    T1] workingset: timestamp_bits=40 max_order=19 bucket_order=0
[    3.366108][    T1] zbud: loaded
[    3.371298][    T1] DLM installed
[    3.375432][    T1] squashfs: version 4.0 (2009/01/31) Phillip Lougher
[    3.383817][    T1] NFS: Registering the id_resolver key type
[    3.385296][    T1] Key type id_resolver registered
[    3.386520][    T1] Key type id_legacy registered
[    3.388048][    T1] nfs4filelayout_init: NFSv4 File Layout Driver Registering...
[    3.389882][    T1] nfs4flexfilelayout_init: NFSv4 Flexfile Layout Driver Registering...
[    3.399775][    T1] Key type cifs.spnego registered
[    3.400478][    T1] Key type cifs.idmap registered
[    3.401375][    T1] ntfs: driver 2.1.32 [Flags: R/W].
[    3.402812][    T1] ntfs3: Max link count 4000
[    3.403342][    T1] ntfs3: Enabled Linux POSIX ACLs support
[    3.403993][    T1] ntfs3: Read-only LZX/Xpress compression included
[    3.405364][    T1] efs: 1.0a - http://aeschi.ch.eu.org/efs/
[    3.406202][    T1] jffs2: version 2.2. (NAND) (SUMMARY)  © 2001-2006 Red Hat, Inc.
[    3.409391][    T1] romfs: ROMFS MTD (C) 2007 Red Hat, Inc.
[    3.410378][    T1] QNX4 filesystem 0.2.3 registered.
[    3.411264][    T1] qnx6: QNX6 filesystem 1.0.0 registered.
[    3.412358][    T1] fuse: init (API version 7.37)
[    3.414845][    T1] orangefs_debugfs_init: called with debug mask: :none: :0:
[    3.415976][    T1] orangefs_init: module version upstream loaded
[    3.417250][    T1] JFS: nTxBlock = 8192, nTxLock = 65536
[    3.421790][    T1] SGI XFS with ACLs, security attributes, realtime, quota, no debug enabled
[    3.436293][    T1] 9p: Installing v9fs 9p2000 file system support
[    3.439587][    T1] NILFS version 2 loaded
[    3.441252][    T1] befs: version: 0.9.3
[    3.444163][    T1] ocfs2: Registered cluster interface o2cb
[    3.445939][    T1] ocfs2: Registered cluster interface user
[    3.448039][    T1] OCFS2 User DLM kernel interface loaded
[    3.455918][  T136] kworker/u4:4 (136) used greatest stack depth: 27504 bytes left
[    3.461836][    T1] gfs2: GFS2 installed
[    3.473053][    T1] ceph: loaded (mds proto 32)
[    3.483926][    T1] NET: Registered PF_ALG protocol family
[    3.484636][    T1] xor: automatically using best checksumming function   avx       
[    3.485561][    T1] async_tx: api initialized (async)
[    3.486174][    T1] Key type asymmetric registered
[    3.486754][    T1] Asymmetric key parser 'x509' registered
[    3.487434][    T1] Asymmetric key parser 'pkcs8' registered
[    3.488106][    T1] Key type pkcs7_test registered
[    3.490259][    T1] alg: self-tests for CTR-KDF (hmac(sha256)) passed
[    3.491185][    T1] Block layer SCSI generic (bsg) driver version 0.4 loaded (major 240)
[    3.492748][    T1] io scheduler mq-deadline registered
[    3.493382][    T1] io scheduler kyber registered
[    3.494467][    T1] io scheduler bfq registered
[    3.500851][    T1] input: Power Button as /devices/LNXSYSTM:00/LNXPWRBN:00/input/input0
[    3.520865][    T1] ACPI: button: Power Button [PWRF]
[    3.557061][  T279] kworker/u4:2 (279) used greatest stack depth: 27264 bytes left
[    3.563995][  T298] kworker/u4:0 (298) used greatest stack depth: 27184 bytes left
[    3.659443][    T1] N_HDLC line discipline registered with maxframe=4096
[    3.660309][    T1] Serial: 8250/16550 driver, 4 ports, IRQ sharing enabled
[    3.666537][    T1] 00:04: ttyS0 at I/O 0x3f8 (irq = 4, base_baud = 115200) is a 16550A
[    3.672682][    T1] Non-volatile memory driver v1.3
[    3.673330][    T1] Linux agpgart interface v0.103
[    3.674491][    T1] ACPI: bus type drm_connector registered
[    3.683958][    T1] [drm] Initialized vgem 1.0.0 20120112 for vgem on minor 0
[    3.686846][    T1] [drm] Initialized vkms 1.0.0 20180514 for vkms on minor 1
[    3.734740][    T1] Console: switching to colour frame buffer device 128x48
[    3.752162][    T1] platform vkms: [drm] fb0: vkmsdrmfb frame buffer device
[    3.753084][    T1] usbcore: registered new interface driver udl
[    3.754014][    T1] bochs-drm 0000:00:02.0: vgaarb: deactivate vga console
[    3.756439][    T1] [drm] Found bochs VGA, ID 0xb0c5.
[    3.757042][    T1] [drm] Framebuffer size 16384 kB @ 0xfd000000, mmio @ 0xfebf0000.
[    3.759381][    T1] [drm] Found EDID data blob.
[    3.761130][    T1] [drm] Initialized bochs-drm 1.0.0 20130925 for 0000:00:02.0 on minor 2
[    3.765068][    T1] fbcon: bochs-drmdrmfb (fb1) is primary device
[    3.765079][    T1] fbcon: Remapping primary device, fb1, to tty 1-63
[    9.678739][    T1] bochs-drm 0000:00:02.0: [drm] fb1: bochs-drmdrmfb frame buffer device
[    9.689940][   T40] Floppy drive(s): fd0 is 2.88M AMI BIOS
[    9.721118][   T40] FDC 0 is a S82078B
[    9.732047][    T1] brd: module loaded
[    9.764755][    T1] loop: module loaded
[    9.809153][    T1] zram: Added device: zram0
[    9.814084][    T1] null_blk: disk nullb0 created
[    9.814658][    T1] null_blk: module loaded
[    9.815270][    T1] Guest personality initialized and is inactive
[    9.816840][    T1] VMCI host device registered (name=vmci, major=10, minor=119)
[    9.817729][    T1] Initialized host personality
[    9.818392][    T1] usbcore: registered new interface driver rtsx_usb
[    9.819406][    T1] usbcore: registered new interface driver viperboard
[    9.820320][    T1] usbcore: registered new interface driver dln2
[    9.821348][    T1] usbcore: registered new interface driver pn533_usb
[    9.823904][    T1] nfcsim 0.2 initialized
[    9.824499][    T1] usbcore: registered new interface driver port100
[    9.825328][    T1] usbcore: registered new interface driver nfcmrvl
[    9.827275][    T1] Loading iSCSI transport class v2.0-870.
[    9.830169][    T1] st: Version 20160209, fixed bufsize 32768, s/g segs 256
[    9.843205][    T1] scsi host0: ata_piix
[    9.844927][    T1] scsi host1: ata_piix
[    9.845795][    T1] ata1: PATA max MWDMA2 cmd 0x1f0 ctl 0x3f6 bmdma 0xc000 irq 14
[    9.846703][    T1] ata2: PATA max MWDMA2 cmd 0x170 ctl 0x376 bmdma 0xc008 irq 15
[    9.851650][    T1] Rounding down aligned max_sectors from 4294967295 to 4294967288
[    9.852855][    T1] db_root: cannot open: /etc/target
[    9.853939][    T1] slram: not enough parameters.
[    9.856749][    T1] ftl_cs: FTL header not found.
[    9.868985][    T1] wireguard: WireGuard 1.0.0 loaded. See www.wireguard.com for information.
[    9.870010][    T1] wireguard: Copyright (C) 2015-2019 Jason A. Donenfeld <Jason@zx2c4.com>. All Rights Reserved.
[    9.871376][    T1] eql: Equalizer2002: Simon Janes (simon@ncm.com) and David S. Miller (davem@redhat.com)
[    9.874818][    T1] MACsec IEEE 802.1AE
[    9.877816][    T1] tun: Universal TUN/TAP device driver, 1.6
[    9.882691][    T1] vcan: Virtual CAN interface driver
[    9.883315][    T1] vxcan: Virtual CAN Tunnel driver
[    9.883914][    T1] slcan: serial line CAN interface driver
[    9.884584][    T1] CAN device driver interface
[    9.885219][    T1] usbcore: registered new interface driver usb_8dev
[    9.886075][    T1] usbcore: registered new interface driver ems_usb
[    9.886906][    T1] usbcore: registered new interface driver gs_usb
[    9.887722][    T1] usbcore: registered new interface driver kvaser_usb
[    9.888577][    T1] usbcore: registered new interface driver mcba_usb
[    9.889417][    T1] usbcore: registered new interface driver peak_usb
[    9.892623][    T1] e100: Intel(R) PRO/100 Network Driver
[    9.893280][    T1] e100: Copyright(c) 1999-2006 Intel Corporation
[    9.894101][    T1] e1000: Intel(R) PRO/1000 Network Driver
[    9.894768][    T1] e1000: Copyright (c) 1999-2006 Intel Corporation.
[    9.895653][    T1] e1000e: Intel(R) PRO/1000 Network Driver
[    9.896333][    T1] e1000e: Copyright(c) 1999 - 2015 Intel Corporation.
[    9.897465][    T1] mkiss: AX.25 Multikiss, Hans Albas PE1AYX
[    9.898170][    T1] AX.25: 6pack driver, Revision: 0.3.0
[    9.898828][    T1] AX.25: bpqether driver version 004
[    9.899442][    T1] PPP generic driver version 2.4.2
[    9.900349][    T1] PPP BSD Compression module registered
[    9.901035][    T1] PPP Deflate Compression module registered
[    9.901771][    T1] PPP MPPE Compression module registered
[    9.902435][    T1] NET: Registered PF_PPPOX protocol family
[    9.903133][    T1] PPTP driver version 0.8.5
[    9.903762][    T1] SLIP: version 0.8.4-NET3.019-NEWTTY (dynamic channels, max=256) (6 bit encapsulation enabled).
[    9.904986][    T1] CSLIP: code copyright 1989 Regents of the University of California.
[    9.905945][    T1] SLIP linefill/keepalive option.
[    9.906533][    T1] hdlc: HDLC support module revision 1.22
[    9.907209][    T1] LAPB Ethernet driver version 0.02
[    9.908089][    T1] usbcore: registered new interface driver ath9k_htc
[    9.908955][    T1] usbcore: registered new interface driver carl9170
[    9.909791][    T1] usbcore: registered new interface driver ath6kl_usb
[    9.911229][    T1] usbcore: registered new interface driver ar5523
[    9.912143][    T1] usbcore: registered new interface driver ath10k_usb
[    9.913020][    T1] usbcore: registered new interface driver rndis_wlan
[    9.913911][    T1] mac80211_hwsim: initializing netlink
[    9.924493][    T1] usbcore: registered new interface driver atusb
[    9.929608][    T1] mac802154_hwsim mac802154_hwsim: Added 2 mac802154 hwsim hardware radios
[    9.931368][    T1] VMware vmxnet3 virtual NIC driver - version 1.7.0.0-k-NAPI
[    9.932394][    T1] usbcore: registered new interface driver catc
[    9.933191][    T1] usbcore: registered new interface driver kaweth
[    9.933946][    T1] pegasus: Pegasus/Pegasus II USB Ethernet driver
[    9.934768][    T1] usbcore: registered new interface driver pegasus
[    9.935595][    T1] usbcore: registered new interface driver rtl8150
[    9.936442][    T1] usbcore: registered new interface driver r8152
[    9.937184][    T1] hso: drivers/net/usb/hso.c: Option Wireless
[    9.938225][    T1] usbcore: registered new interface driver hso
[    9.939015][    T1] usbcore: registered new interface driver lan78xx
[    9.939854][    T1] usbcore: registered new interface driver asix
[    9.941562][    T1] usbcore: registered new interface driver ax88179_178a
[    9.942448][    T1] usbcore: registered new interface driver cdc_ether
[    9.943301][    T1] usbcore: registered new interface driver cdc_eem
[    9.944125][    T1] usbcore: registered new interface driver dm9601
[    9.944943][    T1] usbcore: registered new interface driver sr9700
[    9.945777][    T1] usbcore: registered new interface driver CoreChips
[    9.946654][    T1] usbcore: registered new interface driver smsc75xx
[    9.947510][    T1] usbcore: registered new interface driver smsc95xx
[    9.948355][    T1] usbcore: registered new interface driver gl620a
[    9.949169][    T1] usbcore: registered new interface driver net1080
[    9.950002][    T1] usbcore: registered new interface driver plusb
[    9.950863][    T1] usbcore: registered new interface driver rndis_host
[    9.951720][    T1] usbcore: registered new interface driver cdc_subset
[    9.952579][    T1] usbcore: registered new interface driver zaurus
[    9.953394][    T1] usbcore: registered new interface driver MOSCHIP usb-ethernet driver
[    9.954426][    T1] usbcore: registered new interface driver int51x1
[    9.955259][    T1] usbcore: registered new interface driver cdc_phonet
[    9.956118][    T1] usbcore: registered new interface driver kalmia
[    9.956942][    T1] usbcore: registered new interface driver ipheth
[    9.957768][    T1] usbcore: registered new interface driver sierra_net
[    9.958624][    T1] usbcore: registered new interface driver cx82310_eth
[    9.959520][    T1] usbcore: registered new interface driver cdc_ncm
[    9.960344][    T1] usbcore: registered new interface driver huawei_cdc_ncm
[    9.961337][    T1] usbcore: registered new interface driver lg-vl600
[    9.962174][    T1] usbcore: registered new interface driver qmi_wwan
[    9.963009][    T1] usbcore: registered new interface driver cdc_mbim
[    9.964172][    T1] usbcore: registered new interface driver ch9200
[    9.964987][    T1] usbcore: registered new interface driver r8153_ecm
[    9.967388][    T1] VFIO - User Level meta-driver version: 0.3
[    9.971139][    T1] aoe: AoE v85 initialised.
[    9.977165][    T1] Warning! fotg210_hcd should always be loaded before uhci_hcd and ohci_hcd, not after
[    9.978377][    T1] SPI driver max3421-hcd has no spi_device_id for maxim,max3421
[    9.979457][    T1] usbcore: registered new interface driver cdc_acm
[    9.980226][    T1] cdc_acm: USB Abstract Control Model driver for USB modems and ISDN adapters
[    9.982788][    T1] usbcore: registered new interface driver usblp
[    9.983600][    T1] usbcore: registered new interface driver cdc_wdm
[    9.984432][    T1] usbcore: registered new interface driver usbtmc
[    9.986826][    T1] usbcore: registered new interface driver uas
[    9.987649][    T1] usbcore: registered new interface driver usb-storage
[    9.988507][    T1] usbcore: registered new interface driver ums-alauda
[    9.989355][    T1] usbcore: registered new interface driver ums-cypress
[    9.990228][    T1] usbcore: registered new interface driver ums-datafab
[    9.991116][    T1] usbcore: registered new interface driver ums_eneub6250
[    9.992000][    T1] usbcore: registered new interface driver ums-freecom
[    9.992863][    T1] usbcore: registered new interface driver ums-isd200
[    9.993708][    T1] usbcore: registered new interface driver ums-jumpshot
[    9.994590][    T1] usbcore: registered new interface driver ums-karma
[    9.995426][    T1] usbcore: registered new interface driver ums-onetouch
[    9.996320][    T1] usbcore: registered new interface driver ums-realtek
[    9.997178][    T1] usbcore: registered new interface driver ums-sddr09
[    9.998040][    T1] usbcore: registered new interface driver ums-sddr55
[    9.998896][    T1] usbcore: registered new interface driver ums-usbat
[    9.999770][    T1] usbcore: registered new interface driver mdc800
[   10.002493][    T1] mdc800: v0.7.5 (30/10/2000):USB Driver for Mustek MDC800 Digital Camera
[   10.003832][    T1] usbcore: registered new interface driver microtekX6
[   10.004781][    T1] usbcore: registered new interface driver usbserial_generic
[   10.005803][    T1] usbserial: USB Serial support registered for generic
[   10.006699][    T1] usbcore: registered new interface driver aircable
[   10.007517][    T1] usbserial: USB Serial support registered for aircable
[   10.008392][    T1] usbcore: registered new interface driver ark3116
[   10.009223][    T1] usbserial: USB Serial support registered for ark3116
[   10.010094][    T1] usbcore: registered new interface driver belkin_sa
[   10.011057][ T1001] ata2: found unknown device (class 0)
[   10.012530][ T1001] ata2.00: ATAPI: QEMU DVD-ROM, 2.5+, max UDMA/100
[   10.014122][    T1] usbserial: USB Serial support registered for Belkin / Peracom / GoHubs USB Serial Adapter
[   10.015602][    T9] scsi 1:0:0:0: CD-ROM            QEMU     QEMU DVD-ROM     2.5+ PQ: 0 ANSI: 5
[   10.015626][    T1] usbcore: registered new interface driver ch341
[   10.015669][    T1] usbserial: USB Serial support registered for ch341-uart
[   10.018674][    T1] usbcore: registered new interface driver cp210x
[   10.019585][    T1] usbserial: USB Serial support registered for cp210x
[   10.021250][    T1] usbcore: registered new interface driver cyberjack
[   10.022096][    T1] usbserial: USB Serial support registered for Reiner SCT Cyberjack USB card reader
[   10.023251][    T1] usbcore: registered new interface driver cypress_m8
[   10.024091][    T1] usbserial: USB Serial support registered for DeLorme Earthmate USB
[   10.025079][    T1] usbserial: USB Serial support registered for HID->COM RS232 Adapter
[   10.026077][    T1] usbserial: USB Serial support registered for Nokia CA-42 V2 Adapter
[   10.027090][    T1] usbcore: registered new interface driver usb_debug
[   10.027916][    T1] usbserial: USB Serial support registered for debug
[   10.028744][    T1] usbserial: USB Serial support registered for xhci_dbc
[   10.029612][    T1] usbcore: registered new interface driver digi_acceleport
[   10.030528][    T1] usbserial: USB Serial support registered for Digi 2 port USB adapter
[   10.031588][    T1] usbserial: USB Serial support registered for Digi 4 port USB adapter
[   10.032638][    T1] usbcore: registered new interface driver io_edgeport
[   10.033485][    T1] usbserial: USB Serial support registered for Edgeport 2 port adapter
[   10.034502][    T1] usbserial: USB Serial support registered for Edgeport 4 port adapter
[   10.035720][    T1] usbserial: USB Serial support registered for Edgeport 8 port adapter
[   10.036725][    T1] usbserial: USB Serial support registered for EPiC device
[   10.037625][    T1] usbcore: registered new interface driver io_ti
[   10.038413][    T1] usbserial: USB Serial support registered for Edgeport TI 1 port adapter
[   10.039461][    T1] usbserial: USB Serial support registered for Edgeport TI 2 port adapter
[   10.040582][    T1] usbcore: registered new interface driver empeg
[   10.041394][    T1] usbserial: USB Serial support registered for empeg
[   10.042256][    T1] usbcore: registered new interface driver f81534a_ctrl
[   10.043140][    T1] usbcore: registered new interface driver f81232
[   10.043941][    T1] usbserial: USB Serial support registered for f81232
[   10.044778][    T1] usbserial: USB Serial support registered for f81534a
[   10.045639][    T1] usbcore: registered new interface driver f81534
[   10.046445][    T1] usbserial: USB Serial support registered for Fintek F81532/F81534
[   10.047442][    T1] usbcore: registered new interface driver ftdi_sio
[   10.048253][    T1] usbserial: USB Serial support registered for FTDI USB Serial Device
[   10.049262][    T1] usbcore: registered new interface driver garmin_gps
[   10.050110][    T1] usbserial: USB Serial support registered for Garmin GPS usb/tty
[   10.051110][    T1] usbcore: registered new interface driver ipaq
[   10.051889][    T1] usbserial: USB Serial support registered for PocketPC PDA
[   10.052799][    T1] usbcore: registered new interface driver ipw
[   10.053562][    T1] usbserial: USB Serial support registered for IPWireless converter
[   10.054554][    T1] usbcore: registered new interface driver ir_usb
[   10.055356][    T1] usbserial: USB Serial support registered for IR Dongle
[   10.056242][    T1] usbcore: registered new interface driver iuu_phoenix
[   10.057090][    T1] usbserial: USB Serial support registered for iuu_phoenix
[   10.057995][    T1] usbcore: registered new interface driver keyspan
[   10.058800][    T1] usbserial: USB Serial support registered for Keyspan - (without firmware)
[   10.059860][    T1] usbserial: USB Serial support registered for Keyspan 1 port adapter
[   10.060887][    T1] usbserial: USB Serial support registered for Keyspan 2 port adapter
[   10.061896][    T1] usbserial: USB Serial support registered for Keyspan 4 port adapter
[   10.062923][    T1] usbcore: registered new interface driver keyspan_pda
[   10.063780][    T1] usbserial: USB Serial support registered for Keyspan PDA
[   10.064668][    T1] usbserial: USB Serial support registered for Keyspan PDA - (prerenumeration)
[   10.065808][    T1] usbcore: registered new interface driver kl5kusb105
[   10.066651][    T1] usbserial: USB Serial support registered for KL5KUSB105D / PalmConnect
[   10.067724][    T1] usbcore: registered new interface driver kobil_sct
[   10.068573][    T1] usbserial: USB Serial support registered for KOBIL USB smart card terminal
[   10.069676][    T1] usbcore: registered new interface driver mct_u232
[   10.070554][    T1] usbserial: USB Serial support registered for MCT U232
[   10.071772][    T1] usbcore: registered new interface driver metro_usb
[   10.072622][    T1] usbserial: USB Serial support registered for Metrologic USB to Serial
[   10.073813][    T1] usbcore: registered new interface driver mos7720
[   10.074649][    T1] usbserial: USB Serial support registered for Moschip 2 port adapter
[   10.075682][    T1] usbcore: registered new interface driver mos7840
[   10.076502][    T1] usbserial: USB Serial support registered for Moschip 7840/7820 USB Serial Driver
[   10.077667][    T1] usbcore: registered new interface driver mxuport
[   10.078489][    T1] usbserial: USB Serial support registered for MOXA UPort
[   10.079404][    T1] usbcore: registered new interface driver navman
[   10.080211][    T1] usbserial: USB Serial support registered for navman
[   10.081422][    T1] usbcore: registered new interface driver omninet
[   10.082250][    T1] usbserial: USB Serial support registered for ZyXEL - omni.net usb
[   10.083263][    T1] usbcore: registered new interface driver opticon
[   10.084092][    T1] usbserial: USB Serial support registered for opticon
[   10.084972][    T1] usbcore: registered new interface driver option
[   10.085776][    T1] usbserial: USB Serial support registered for GSM modem (1-port)
[   10.086769][    T1] usbcore: registered new interface driver oti6858
[   10.087586][    T1] usbserial: USB Serial support registered for oti6858
[   10.088462][    T1] usbcore: registered new interface driver pl2303
[   10.089275][    T1] usbserial: USB Serial support registered for pl2303
[   10.090147][    T1] usbcore: registered new interface driver qcaux
[   10.091018][    T1] usbserial: USB Serial support registered for qcaux
[   10.091877][    T1] usbcore: registered new interface driver qcserial
[   10.092709][    T1] usbserial: USB Serial support registered for Qualcomm USB modem
[   10.093706][    T1] usbcore: registered new interface driver quatech2
[   10.094539][    T1] usbserial: USB Serial support registered for Quatech 2nd gen USB to Serial Driver
[   10.095714][    T1] usbcore: registered new interface driver safe_serial
[   10.096622][    T1] usbserial: USB Serial support registered for safe_serial
[   10.097548][    T1] usbcore: registered new interface driver sierra
[   10.098453][    T1] usbserial: USB Serial support registered for Sierra USB modem
[   10.099422][    T1] usbcore: registered new interface driver usb_serial_simple
[   10.100342][    T1] usbserial: USB Serial support registered for carelink
[   10.101239][    T1] usbserial: USB Serial support registered for zio
[   10.102071][    T1] usbserial: USB Serial support registered for funsoft
[   10.102929][    T1] usbserial: USB Serial support registered for flashloader
[   10.103820][    T1] usbserial: USB Serial support registered for google
[   10.104672][    T1] usbserial: USB Serial support registered for libtransistor
[   10.105596][    T1] usbserial: USB Serial support registered for vivopay
[   10.106462][    T1] usbserial: USB Serial support registered for moto_modem
[   10.107356][    T1] usbserial: USB Serial support registered for motorola_tetra
[   10.108293][    T1] usbserial: USB Serial support registered for nokia
[   10.109139][    T1] usbserial: USB Serial support registered for novatel_gps
[   10.110042][    T1] usbserial: USB Serial support registered for hp4x
[   10.110891][    T1] usbserial: USB Serial support registered for suunto
[   10.111749][    T1] usbserial: USB Serial support registered for siemens_mpi
[   10.112806][    T1] usbcore: registered new interface driver spcp8x5
[   10.113623][    T1] usbserial: USB Serial support registered for SPCP8x5
[   10.114505][    T1] usbcore: registered new interface driver ssu100
[   10.115319][    T1] usbserial: USB Serial support registered for Quatech SSU-100 USB to Serial Driver
[   10.116494][    T1] usbcore: registered new interface driver symbolserial
[   10.117359][    T1] usbserial: USB Serial support registered for symbol
[   10.118237][    T1] usbcore: registered new interface driver ti_usb_3410_5052
[   10.119155][    T1] usbserial: USB Serial support registered for TI USB 3410 1 port adapter
[   10.120214][    T1] usbserial: USB Serial support registered for TI USB 5052 2 port adapter
[   10.121311][    T1] usbcore: registered new interface driver upd78f0730
[   10.122169][    T1] usbserial: USB Serial support registered for upd78f0730
[   10.123076][    T1] usbcore: registered new interface driver visor
[   10.123873][    T1] usbserial: USB Serial support registered for Handspring Visor / Palm OS
[   10.124929][    T1] usbserial: USB Serial support registered for Sony Clie 5.0
[   10.125864][    T1] usbserial: USB Serial support registered for Sony Clie 3.5
[   10.126802][    T1] usbcore: registered new interface driver wishbone_serial
[   10.127711][    T1] usbserial: USB Serial support registered for wishbone_serial
[   10.128670][    T1] usbcore: registered new interface driver whiteheat
[   10.129519][    T1] usbserial: USB Serial support registered for Connect Tech - WhiteHEAT - (prerenumeration)
[   10.130788][    T1] usbserial: USB Serial support registered for Connect Tech - WhiteHEAT
[   10.131840][    T1] usbcore: registered new interface driver xr_serial
[   10.132681][    T1] usbserial: USB Serial support registered for xr_serial
[   10.133581][    T1] usbcore: registered new interface driver xsens_mt
[   10.134414][    T1] usbserial: USB Serial support registered for xsens_mt
[   10.135336][    T1] usbcore: registered new interface driver adutux
[   10.136160][    T1] usbcore: registered new interface driver appledisplay
[   10.137052][    T1] usbcore: registered new interface driver cypress_cy7c63
[   10.137975][    T1] usbcore: registered new interface driver cytherm
[   10.138819][    T1] usbcore: registered new interface driver emi26 - firmware loader
[   10.139820][    T1] usbcore: registered new interface driver emi62 - firmware loader
[   10.140788][    T1] ftdi_elan: driver ftdi-elan
[   10.141471][    T1] usbcore: registered new interface driver ftdi-elan
[   10.142336][    T1] usbcore: registered new interface driver idmouse
[   10.143182][    T1] usbcore: registered new interface driver iowarrior
[   10.144040][    T1] usbcore: registered new interface driver isight_firmware
[   10.144967][    T1] usbcore: registered new interface driver usblcd
[   10.145796][    T1] usbcore: registered new interface driver ldusb
[   10.146624][    T1] usbcore: registered new interface driver legousbtower
[   10.147548][    T1] usbcore: registered new interface driver usbtest
[   10.148405][    T1] usbcore: registered new interface driver usb_ehset_test
[   10.149324][    T1] usbcore: registered new interface driver trancevibrator
[   10.150258][    T1] usbcore: registered new interface driver uss720
[   10.151040][    T1] uss720: USB Parport Cable driver for Cables using the Lucent Technologies USS720 Chip
[   10.152193][    T1] uss720: NOTE: this is a special purpose driver to allow nonstandard
[   10.153167][    T1] uss720: protocols (eg. bitbang) over USS720 usb to parallel cables
[   10.154125][    T1] uss720: If you just want to connect to a printer, use usblp instead
[   10.155177][    T1] usbcore: registered new interface driver usbsevseg
[   10.156036][    T1] usbcore: registered new interface driver yurex
[   10.157046][    T1] usbcore: registered new interface driver chaoskey
[   10.157930][    T1] usbcore: registered new interface driver sisusb
[   10.158757][    T1] usbcore: registered new interface driver lvs
[   10.159559][    T1] usbcore: registered new interface driver cxacru
[   10.160918][    T1] usbcore: registered new interface driver speedtch
[   10.161806][    T1] usbcore: registered new interface driver ueagle-atm
[   10.162623][    T1] xusbatm: malformed module parameters
[   10.163797][    T1] dummy_hcd dummy_hcd.0: USB Host+Gadget Emulator, driver 02 May 2005
[   10.164786][    T1] dummy_hcd dummy_hcd.0: Dummy host controller
[   10.166653][    T1] dummy_hcd dummy_hcd.0: new USB bus registered, assigned bus number 1
[   10.168289][    T1] usb usb1: New USB device found, idVendor=1d6b, idProduct=0002, bcdDevice= 6.01
[   10.169413][    T1] usb usb1: New USB device strings: Mfr=3, Product=2, SerialNumber=1
[   10.170387][    T1] usb usb1: Product: Dummy host controller
[   10.171101][    T1] usb usb1: Manufacturer: Linux 6.1.0-g7ba163d09578-dirty dummy_hcd
[   10.172045][    T1] usb usb1: SerialNumber: dummy_hcd.0
[   10.174489][    T1] hub 1-0:1.0: USB hub found
[   10.175251][    T1] hub 1-0:1.0: 1 port detected
[   10.179729][    T1] gadgetfs: USB Gadget filesystem, version 24 Aug 2004
[   10.183255][    T1] vhci_hcd vhci_hcd.0: USB/IP Virtual Host Controller
[   10.184820][    T1] vhci_hcd vhci_hcd.0: new USB bus registered, assigned bus number 2
[   10.185986][    T1] vhci_hcd: created sysfs vhci_hcd.0
[   10.187222][    T1] usb usb2: New USB device found, idVendor=1d6b, idProduct=0002, bcdDevice= 6.01
[   10.188310][    T1] usb usb2: New USB device strings: Mfr=3, Product=2, SerialNumber=1
[   10.189271][    T1] usb usb2: Product: USB/IP Virtual Host Controller
[   10.190065][    T1] usb usb2: Manufacturer: Linux 6.1.0-g7ba163d09578-dirty vhci_hcd
[   10.191449][    T1] usb usb2: SerialNumber: vhci_hcd.0
[   10.192941][    T9] sr 1:0:0:0: [sr0] scsi3-mmc drive: 4x/4x cd/rw xa/form2 tray
[   10.193868][    T9] cdrom: Uniform CD-ROM driver Revision: 3.20
[   10.194678][    T1] hub 2-0:1.0: USB hub found
[   10.195445][    T1] hub 2-0:1.0: 8 ports detected
[   10.199069][    T1] vhci_hcd vhci_hcd.0: USB/IP Virtual Host Controller
[   10.200305][    T1] vhci_hcd vhci_hcd.0: new USB bus registered, assigned bus number 3
[   10.202129][    T1] usb usb3: We don't know the algorithms for LPM for this host, disabling LPM.
[   10.203499][    T1] usb usb3: New USB device found, idVendor=1d6b, idProduct=0003, bcdDevice= 6.01
[   10.204582][    T1] usb usb3: New USB device strings: Mfr=3, Product=2, SerialNumber=1
[   10.205542][    T1] usb usb3: Product: USB/IP Virtual Host Controller
[   10.206329][    T1] usb usb3: Manufacturer: Linux 6.1.0-g7ba163d09578-dirty vhci_hcd
[   10.207267][    T1] usb usb3: SerialNumber: vhci_hcd.0
[   10.209026][    T1] hub 3-0:1.0: USB hub found
[   10.209659][    T1] hub 3-0:1.0: 8 ports detected
[   10.213817][    T1] vhci_hcd vhci_hcd.1: USB/IP Virtual Host Controller
[   10.214988][    T1] vhci_hcd vhci_hcd.1: new USB bus registered, assigned bus number 4
[   10.216284][    T1] usb usb4: New USB device found, idVendor=1d6b, idProduct=0002, bcdDevice= 6.01
[   10.217382][    T1] usb usb4: New USB device strings: Mfr=3, Product=2, SerialNumber=1
[   10.218352][    T1] usb usb4: Product: USB/IP Virtual Host Controller
[   10.219138][    T1] usb usb4: Manufacturer: Linux 6.1.0-g7ba163d09578-dirty vhci_hcd
[   10.220083][    T1] usb usb4: SerialNumber: vhci_hcd.1
[   10.222786][    T1] hub 4-0:1.0: USB hub found
[   10.223416][    T1] hub 4-0:1.0: 8 ports detected
[   10.226678][    T1] vhci_hcd vhci_hcd.1: USB/IP Virtual Host Controller
[   10.227782][    T1] vhci_hcd vhci_hcd.1: new USB bus registered, assigned bus number 5
[   10.228884][    T1] usb usb5: We don't know the algorithms for LPM for this host, disabling LPM.
[   10.230246][    T1] usb usb5: New USB device found, idVendor=1d6b, idProduct=0003, bcdDevice= 6.01
[   10.231531][    T1] usb usb5: New USB device strings: Mfr=3, Product=2, SerialNumber=1
[   10.232588][    T1] usb usb5: Product: USB/IP Virtual Host Controller
[   10.233380][    T1] usb usb5: Manufacturer: Linux 6.1.0-g7ba163d09578-dirty vhci_hcd
[   10.234337][    T1] usb usb5: SerialNumber: vhci_hcd.1
[   10.236226][    T1] hub 5-0:1.0: USB hub found
[   10.236836][    T9] sr 1:0:0:0: Attached scsi generic sg0 type 5
[   10.236861][    T1] hub 5-0:1.0: 8 ports detected
[   10.242152][    T1] vhci_hcd vhci_hcd.2: USB/IP Virtual Host Controller
[   10.243305][    T1] vhci_hcd vhci_hcd.2: new USB bus registered, assigned bus number 6
[   10.244588][    T1] usb usb6: New USB device found, idVendor=1d6b, idProduct=0002, bcdDevice= 6.01
[   10.245676][    T1] usb usb6: New USB device strings: Mfr=3, Product=2, SerialNumber=1
[   10.246647][    T1] usb usb6: Product: USB/IP Virtual Host Controller
[   10.247440][    T1] usb usb6: Manufacturer: Linux 6.1.0-g7ba163d09578-dirty vhci_hcd
[   10.248380][    T1] usb usb6: SerialNumber: vhci_hcd.2
[   10.250020][    T1] hub 6-0:1.0: USB hub found
[   10.251029][    T1] hub 6-0:1.0: 8 ports detected
[   10.254302][    T1] vhci_hcd vhci_hcd.2: USB/IP Virtual Host Controller
[   10.255416][    T1] vhci_hcd vhci_hcd.2: new USB bus registered, assigned bus number 7
[   10.256513][    T1] usb usb7: We don't know the algorithms for LPM for this host, disabling LPM.
[   10.257847][    T1] usb usb7: New USB device found, idVendor=1d6b, idProduct=0003, bcdDevice= 6.01
[   10.258950][    T1] usb usb7: New USB device strings: Mfr=3, Product=2, SerialNumber=1
[   10.259914][    T1] usb usb7: Product: USB/IP Virtual Host Controller
[   10.260742][    T1] usb usb7: Manufacturer: Linux 6.1.0-g7ba163d09578-dirty vhci_hcd
[   10.261702][    T1] usb usb7: SerialNumber: vhci_hcd.2
[   10.263266][    T1] hub 7-0:1.0: USB hub found
[   10.263893][    T1] hub 7-0:1.0: 8 ports detected
[   10.267856][    T1] vhci_hcd vhci_hcd.3: USB/IP Virtual Host Controller
[   10.268975][    T1] vhci_hcd vhci_hcd.3: new USB bus registered, assigned bus number 8
[   10.270252][    T1] usb usb8: New USB device found, idVendor=1d6b, idProduct=0002, bcdDevice= 6.01
[   10.271510][    T1] usb usb8: New USB device strings: Mfr=3, Product=2, SerialNumber=1
[   10.272468][    T1] usb usb8: Product: USB/IP Virtual Host Controller
[   10.273245][    T1] usb usb8: Manufacturer: Linux 6.1.0-g7ba163d09578-dirty vhci_hcd
[   10.274203][    T1] usb usb8: SerialNumber: vhci_hcd.3
[   10.275787][    T1] hub 8-0:1.0: USB hub found
[   10.276407][    T1] hub 8-0:1.0: 8 ports detected
[   10.279637][    T1] vhci_hcd vhci_hcd.3: USB/IP Virtual Host Controller
[   10.280775][    T1] vhci_hcd vhci_hcd.3: new USB bus registered, assigned bus number 9
[   10.281876][    T1] usb usb9: We don't know the algorithms for LPM for this host, disabling LPM.
[   10.283438][    T1] usb usb9: New USB device found, idVendor=1d6b, idProduct=0003, bcdDevice= 6.01
[   10.284529][    T1] usb usb9: New USB device strings: Mfr=3, Product=2, SerialNumber=1
[   10.285495][    T1] usb usb9: Product: USB/IP Virtual Host Controller
[   10.286288][    T1] usb usb9: Manufacturer: Linux 6.1.0-g7ba163d09578-dirty vhci_hcd
[   10.287226][    T1] usb usb9: SerialNumber: vhci_hcd.3
[   10.288903][    T1] hub 9-0:1.0: USB hub found
[   10.289521][    T1] hub 9-0:1.0: 8 ports detected
[   10.293540][    T1] vhci_hcd vhci_hcd.4: USB/IP Virtual Host Controller
[   10.294709][    T1] vhci_hcd vhci_hcd.4: new USB bus registered, assigned bus number 10
[   10.295998][    T1] usb usb10: New USB device found, idVendor=1d6b, idProduct=0002, bcdDevice= 6.01
[   10.297110][    T1] usb usb10: New USB device strings: Mfr=3, Product=2, SerialNumber=1
[   10.298092][    T1] usb usb10: Product: USB/IP Virtual Host Controller
[   10.298898][    T1] usb usb10: Manufacturer: Linux 6.1.0-g7ba163d09578-dirty vhci_hcd
[   10.299849][    T1] usb usb10: SerialNumber: vhci_hcd.4
[   10.301593][    T1] hub 10-0:1.0: USB hub found
[   10.302288][    T1] hub 10-0:1.0: 8 ports detected
[   10.305532][    T1] vhci_hcd vhci_hcd.4: USB/IP Virtual Host Controller
[   10.306704][    T1] vhci_hcd vhci_hcd.4: new USB bus registered, assigned bus number 11
[   10.307835][    T1] usb usb11: We don't know the algorithms for LPM for this host, disabling LPM.
[   10.309192][    T1] usb usb11: New USB device found, idVendor=1d6b, idProduct=0003, bcdDevice= 6.01
[   10.310303][    T1] usb usb11: New USB device strings: Mfr=3, Product=2, SerialNumber=1
[   10.311343][    T1] usb usb11: Product: USB/IP Virtual Host Controller
[   10.312148][    T1] usb usb11: Manufacturer: Linux 6.1.0-g7ba163d09578-dirty vhci_hcd
[   10.313102][    T1] usb usb11: SerialNumber: vhci_hcd.4
[   10.314876][    T1] hub 11-0:1.0: USB hub found
[   10.315508][    T1] hub 11-0:1.0: 8 ports detected
[   10.319979][    T1] vhci_hcd vhci_hcd.5: USB/IP Virtual Host Controller
[   10.321268][    T1] vhci_hcd vhci_hcd.5: new USB bus registered, assigned bus number 12
[   10.322554][    T1] usb usb12: New USB device found, idVendor=1d6b, idProduct=0002, bcdDevice= 6.01
[   10.323656][    T1] usb usb12: New USB device strings: Mfr=3, Product=2, SerialNumber=1
[   10.324628][    T1] usb usb12: Product: USB/IP Virtual Host Controller
[   10.325435][    T1] usb usb12: Manufacturer: Linux 6.1.0-g7ba163d09578-dirty vhci_hcd
[   10.326418][    T1] usb usb12: SerialNumber: vhci_hcd.5
[   10.328168][    T1] hub 12-0:1.0: USB hub found
[   10.328811][    T1] hub 12-0:1.0: 8 ports detected
[   10.332201][    T1] vhci_hcd vhci_hcd.5: USB/IP Virtual Host Controller
[   10.333392][    T1] vhci_hcd vhci_hcd.5: new USB bus registered, assigned bus number 13
[   10.334515][    T1] usb usb13: We don't know the algorithms for LPM for this host, disabling LPM.
[   10.335975][    T1] usb usb13: New USB device found, idVendor=1d6b, idProduct=0003, bcdDevice= 6.01
[   10.337116][    T1] usb usb13: New USB device strings: Mfr=3, Product=2, SerialNumber=1
[   10.338160][    T1] usb usb13: Product: USB/IP Virtual Host Controller
[   10.338958][    T1] usb usb13: Manufacturer: Linux 6.1.0-g7ba163d09578-dirty vhci_hcd
[   10.339905][    T1] usb usb13: SerialNumber: vhci_hcd.5
[   10.341654][    T1] hub 13-0:1.0: USB hub found
[   10.342297][    T1] hub 13-0:1.0: 8 ports detected
[   10.346277][    T1] vhci_hcd vhci_hcd.6: USB/IP Virtual Host Controller
[   10.347426][    T1] vhci_hcd vhci_hcd.6: new USB bus registered, assigned bus number 14
[   10.348706][    T1] usb usb14: New USB device found, idVendor=1d6b, idProduct=0002, bcdDevice= 6.01
[   10.349807][    T1] usb usb14: New USB device strings: Mfr=3, Product=2, SerialNumber=1
[   10.350812][    T1] usb usb14: Product: USB/IP Virtual Host Controller
[   10.351647][    T1] usb usb14: Manufacturer: Linux 6.1.0-g7ba163d09578-dirty vhci_hcd
[   10.352626][    T1] usb usb14: SerialNumber: vhci_hcd.6
[   10.354351][    T1] hub 14-0:1.0: USB hub found
[   10.354988][    T1] hub 14-0:1.0: 8 ports detected
[   10.358238][    T1] vhci_hcd vhci_hcd.6: USB/IP Virtual Host Controller
[   10.359415][    T1] vhci_hcd vhci_hcd.6: new USB bus registered, assigned bus number 15
[   10.360550][    T1] usb usb15: We don't know the algorithms for LPM for this host, disabling LPM.
[   10.361967][    T1] usb usb15: New USB device found, idVendor=1d6b, idProduct=0003, bcdDevice= 6.01
[   10.363072][    T1] usb usb15: New USB device strings: Mfr=3, Product=2, SerialNumber=1
[   10.364049][    T1] usb usb15: Product: USB/IP Virtual Host Controller
[   10.364842][    T1] usb usb15: Manufacturer: Linux 6.1.0-g7ba163d09578-dirty vhci_hcd
[   10.365791][    T1] usb usb15: SerialNumber: vhci_hcd.6
[   10.367494][    T1] hub 15-0:1.0: USB hub found
[   10.368130][    T1] hub 15-0:1.0: 8 ports detected
[   10.372102][    T1] vhci_hcd vhci_hcd.7: USB/IP Virtual Host Controller
[   10.373266][    T1] vhci_hcd vhci_hcd.7: new USB bus registered, assigned bus number 16
[   10.374564][    T1] usb usb16: New USB device found, idVendor=1d6b, idProduct=0002, bcdDevice= 6.01
[   10.375667][    T1] usb usb16: New USB device strings: Mfr=3, Product=2, SerialNumber=1
[   10.376640][    T1] usb usb16: Product: USB/IP Virtual Host Controller
[   10.377433][    T1] usb usb16: Manufacturer: Linux 6.1.0-g7ba163d09578-dirty vhci_hcd
[   10.378384][    T1] usb usb16: SerialNumber: vhci_hcd.7
[   10.380090][    T1] hub 16-0:1.0: USB hub found
[   10.380764][    T1] hub 16-0:1.0: 8 ports detected
[   10.384264][    T1] vhci_hcd vhci_hcd.7: USB/IP Virtual Host Controller
[   10.385419][    T1] vhci_hcd vhci_hcd.7: new USB bus registered, assigned bus number 17
[   10.386528][    T1] usb usb17: We don't know the algorithms for LPM for this host, disabling LPM.
[   10.387857][    T1] usb usb17: New USB device found, idVendor=1d6b, idProduct=0003, bcdDevice= 6.01
[   10.388954][    T1] usb usb17: New USB device strings: Mfr=3, Product=2, SerialNumber=1
[   10.389932][    T1] usb usb17: Product: USB/IP Virtual Host Controller
[   10.390753][    T1] usb usb17: Manufacturer: Linux 6.1.0-g7ba163d09578-dirty vhci_hcd
[   10.391701][    T1] usb usb17: SerialNumber: vhci_hcd.7
[   10.393403][    T1] hub 17-0:1.0: USB hub found
[   10.394051][    T1] hub 17-0:1.0: 8 ports detected
[   10.398142][    T1] vhci_hcd vhci_hcd.8: USB/IP Virtual Host Controller
[   10.399307][    T1] vhci_hcd vhci_hcd.8: new USB bus registered, assigned bus number 18
[   10.400645][    T1] usb usb18: New USB device found, idVendor=1d6b, idProduct=0002, bcdDevice= 6.01
[   10.401745][    T1] usb usb18: New USB device strings: Mfr=3, Product=2, SerialNumber=1
[   10.402792][    T1] usb usb18: Product: USB/IP Virtual Host Controller
[   10.403594][    T1] usb usb18: Manufacturer: Linux 6.1.0-g7ba163d09578-dirty vhci_hcd
[   10.404541][    T1] usb usb18: SerialNumber: vhci_hcd.8
[   10.406258][    T1] hub 18-0:1.0: USB hub found
[   10.406888][    T1] hub 18-0:1.0: 8 ports detected
[   10.410396][    T1] vhci_hcd vhci_hcd.8: USB/IP Virtual Host Controller
[   10.411614][    T1] vhci_hcd vhci_hcd.8: new USB bus registered, assigned bus number 19
[   10.412714][    T1] usb usb19: We don't know the algorithms for LPM for this host, disabling LPM.
[   10.414069][    T1] usb usb19: New USB device found, idVendor=1d6b, idProduct=0003, bcdDevice= 6.01
[   10.415168][    T1] usb usb19: New USB device strings: Mfr=3, Product=2, SerialNumber=1
[   10.416146][    T1] usb usb19: Product: USB/IP Virtual Host Controller
[   10.416940][    T1] usb usb19: Manufacturer: Linux 6.1.0-g7ba163d09578-dirty vhci_hcd
[   10.417890][    T1] usb usb19: SerialNumber: vhci_hcd.8
[   10.419600][    T1] hub 19-0:1.0: USB hub found
[   10.420229][    T1] hub 19-0:1.0: 8 ports detected
[   10.424205][    T1] vhci_hcd vhci_hcd.9: USB/IP Virtual Host Controller
[   10.425364][    T1] vhci_hcd vhci_hcd.9: new USB bus registered, assigned bus number 20
[   10.426645][    T1] usb usb20: New USB device found, idVendor=1d6b, idProduct=0002, bcdDevice= 6.01
[   10.427744][    T1] usb usb20: New USB device strings: Mfr=3, Product=2, SerialNumber=1
[   10.428714][    T1] usb usb20: Product: USB/IP Virtual Host Controller
[   10.429505][    T1] usb usb20: Manufacturer: Linux 6.1.0-g7ba163d09578-dirty vhci_hcd
[   10.430488][    T1] usb usb20: SerialNumber: vhci_hcd.9
[   10.432169][    T1] hub 20-0:1.0: USB hub found
[   10.432806][    T1] hub 20-0:1.0: 8 ports detected
[   10.436047][    T1] vhci_hcd vhci_hcd.9: USB/IP Virtual Host Controller
[   10.437207][    T1] vhci_hcd vhci_hcd.9: new USB bus registered, assigned bus number 21
[   10.438312][    T1] usb usb21: We don't know the algorithms for LPM for this host, disabling LPM.
[   10.439647][    T1] usb usb21: New USB device found, idVendor=1d6b, idProduct=0003, bcdDevice= 6.01
[   10.440781][    T1] usb usb21: New USB device strings: Mfr=3, Product=2, SerialNumber=1
[   10.441756][    T1] usb usb21: Product: USB/IP Virtual Host Controller
[   10.442551][    T1] usb usb21: Manufacturer: Linux 6.1.0-g7ba163d09578-dirty vhci_hcd
[   10.443498][    T1] usb usb21: SerialNumber: vhci_hcd.9
[   10.445198][    T1] hub 21-0:1.0: USB hub found
[   10.445830][    T1] hub 21-0:1.0: 8 ports detected
[   10.449752][    T1] vhci_hcd vhci_hcd.10: USB/IP Virtual Host Controller
[   10.450992][    T1] vhci_hcd vhci_hcd.10: new USB bus registered, assigned bus number 22
[   10.452361][    T1] usb usb22: New USB device found, idVendor=1d6b, idProduct=0002, bcdDevice= 6.01
[   10.453469][    T1] usb usb22: New USB device strings: Mfr=3, Product=2, SerialNumber=1
[   10.454457][    T1] usb usb22: Product: USB/IP Virtual Host Controller
[   10.455258][    T1] usb usb22: Manufacturer: Linux 6.1.0-g7ba163d09578-dirty vhci_hcd
[   10.456213][    T1] usb usb22: SerialNumber: vhci_hcd.10
[   10.457955][    T1] hub 22-0:1.0: USB hub found
[   10.458585][    T1] hub 22-0:1.0: 8 ports detected
[   10.461879][    T1] vhci_hcd vhci_hcd.10: USB/IP Virtual Host Controller
[   10.463065][    T1] vhci_hcd vhci_hcd.10: new USB bus registered, assigned bus number 23
[   10.464187][    T1] usb usb23: We don't know the algorithms for LPM for this host, disabling LPM.
[   10.465577][    T1] usb usb23: New USB device found, idVendor=1d6b, idProduct=0003, bcdDevice= 6.01
[   10.466692][    T1] usb usb23: New USB device strings: Mfr=3, Product=2, SerialNumber=1
[   10.467714][    T1] usb usb23: Product: USB/IP Virtual Host Controller
[   10.468512][    T1] usb usb23: Manufacturer: Linux 6.1.0-g7ba163d09578-dirty vhci_hcd
[   10.469458][    T1] usb usb23: SerialNumber: vhci_hcd.10
[   10.472159][    T1] hub 23-0:1.0: USB hub found
[   10.472804][    T1] hub 23-0:1.0: 8 ports detected
[   10.476785][    T1] vhci_hcd vhci_hcd.11: USB/IP Virtual Host Controller
[   10.477994][    T1] vhci_hcd vhci_hcd.11: new USB bus registered, assigned bus number 24
[   10.479306][    T1] usb usb24: New USB device found, idVendor=1d6b, idProduct=0002, bcdDevice= 6.01
[   10.480434][    T1] usb usb24: New USB device strings: Mfr=3, Product=2, SerialNumber=1
[   10.481397][    T1] usb usb24: Product: USB/IP Virtual Host Controller
[   10.482199][    T1] usb usb24: Manufacturer: Linux 6.1.0-g7ba163d09578-dirty vhci_hcd
[   10.483149][    T1] usb usb24: SerialNumber: vhci_hcd.11
[   10.484929][    T1] hub 24-0:1.0: USB hub found
[   10.485553][    T1] hub 24-0:1.0: 8 ports detected
[   10.488802][    T1] vhci_hcd vhci_hcd.11: USB/IP Virtual Host Controller
[   10.489966][    T1] vhci_hcd vhci_hcd.11: new USB bus registered, assigned bus number 25
[   10.491217][    T1] usb usb25: We don't know the algorithms for LPM for this host, disabling LPM.
[   10.492584][    T1] usb usb25: New USB device found, idVendor=1d6b, idProduct=0003, bcdDevice= 6.01
[   10.493683][    T1] usb usb25: New USB device strings: Mfr=3, Product=2, SerialNumber=1
[   10.494654][    T1] usb usb25: Product: USB/IP Virtual Host Controller
[   10.495445][    T1] usb usb25: Manufacturer: Linux 6.1.0-g7ba163d09578-dirty vhci_hcd
[   10.496394][    T1] usb usb25: SerialNumber: vhci_hcd.11
[   10.498087][    T1] hub 25-0:1.0: USB hub found
[   10.498714][    T1] hub 25-0:1.0: 8 ports detected
[   10.502692][    T1] vhci_hcd vhci_hcd.12: USB/IP Virtual Host Controller
[   10.503851][    T1] vhci_hcd vhci_hcd.12: new USB bus registered, assigned bus number 26
[   10.505153][    T1] usb usb26: New USB device found, idVendor=1d6b, idProduct=0002, bcdDevice= 6.01
[   10.506255][    T1] usb usb26: New USB device strings: Mfr=3, Product=2, SerialNumber=1
[   10.507308][    T1] usb usb26: Product: USB/IP Virtual Host Controller
[   10.508110][    T1] usb usb26: Manufacturer: Linux 6.1.0-g7ba163d09578-dirty vhci_hcd
[   10.509058][    T1] usb usb26: SerialNumber: vhci_hcd.12
[   10.510856][    T1] hub 26-0:1.0: USB hub found
[   10.511488][    T1] hub 26-0:1.0: 8 ports detected
[   10.514736][    T1] vhci_hcd vhci_hcd.12: USB/IP Virtual Host Controller
[   10.515906][    T1] vhci_hcd vhci_hcd.12: new USB bus registered, assigned bus number 27
[   10.517279][    T1] usb usb27: We don't know the algorithms for LPM for this host, disabling LPM.
[   10.518648][    T1] usb usb27: New USB device found, idVendor=1d6b, idProduct=0003, bcdDevice= 6.01
[   10.519741][    T1] usb usb27: New USB device strings: Mfr=3, Product=2, SerialNumber=1
[   10.520761][    T1] usb usb27: Product: USB/IP Virtual Host Controller
[   10.521556][    T1] usb usb27: Manufacturer: Linux 6.1.0-g7ba163d09578-dirty vhci_hcd
[   10.522556][    T1] usb usb27: SerialNumber: vhci_hcd.12
[   10.524298][    T1] hub 27-0:1.0: USB hub found
[   10.524935][    T1] hub 27-0:1.0: 8 ports detected
[   10.528867][    T1] vhci_hcd vhci_hcd.13: USB/IP Virtual Host Controller
[   10.530036][    T1] vhci_hcd vhci_hcd.13: new USB bus registered, assigned bus number 28
[   10.531362][    T1] usb usb28: New USB device found, idVendor=1d6b, idProduct=0002, bcdDevice= 6.01
[   10.532451][    T1] usb usb28: New USB device strings: Mfr=3, Product=2, SerialNumber=1
[   10.533426][    T1] usb usb28: Product: USB/IP Virtual Host Controller
[   10.534229][    T1] usb usb28: Manufacturer: Linux 6.1.0-g7ba163d09578-dirty vhci_hcd
[   10.535183][    T1] usb usb28: SerialNumber: vhci_hcd.13
[   10.536879][    T1] hub 28-0:1.0: USB hub found
[   10.537506][    T1] hub 28-0:1.0: 8 ports detected
[   10.540788][    T1] vhci_hcd vhci_hcd.13: USB/IP Virtual Host Controller
[   10.541968][    T1] vhci_hcd vhci_hcd.13: new USB bus registered, assigned bus number 29
[   10.543083][    T1] usb usb29: We don't know the algorithms for LPM for this host, disabling LPM.
[   10.544409][    T1] usb usb29: New USB device found, idVendor=1d6b, idProduct=0003, bcdDevice= 6.01
[   10.545512][    T1] usb usb29: New USB device strings: Mfr=3, Product=2, SerialNumber=1
[   10.546485][    T1] usb usb29: Product: USB/IP Virtual Host Controller
[   10.547283][    T1] usb usb29: Manufacturer: Linux 6.1.0-g7ba163d09578-dirty vhci_hcd
[   10.548230][    T1] usb usb29: SerialNumber: vhci_hcd.13
[   10.549929][    T1] hub 29-0:1.0: USB hub found
[   10.550585][    T1] hub 29-0:1.0: 8 ports detected
[   10.554537][    T1] vhci_hcd vhci_hcd.14: USB/IP Virtual Host Controller
[   10.555769][    T1] vhci_hcd vhci_hcd.14: new USB bus registered, assigned bus number 30
[   10.557073][    T1] usb usb30: New USB device found, idVendor=1d6b, idProduct=0002, bcdDevice= 6.01
[   10.558182][    T1] usb usb30: New USB device strings: Mfr=3, Product=2, SerialNumber=1
[   10.559153][    T1] usb usb30: Product: USB/IP Virtual Host Controller
[   10.559951][    T1] usb usb30: Manufacturer: Linux 6.1.0-g7ba163d09578-dirty vhci_hcd
[   10.560932][    T1] usb usb30: SerialNumber: vhci_hcd.14
[   10.562620][    T1] hub 30-0:1.0: USB hub found
[   10.563256][    T1] hub 30-0:1.0: 8 ports detected
[   10.566511][    T1] vhci_hcd vhci_hcd.14: USB/IP Virtual Host Controller
[   10.567710][    T1] vhci_hcd vhci_hcd.14: new USB bus registered, assigned bus number 31
[   10.568821][    T1] usb usb31: We don't know the algorithms for LPM for this host, disabling LPM.
[   10.570137][    T1] usb usb31: New USB device found, idVendor=1d6b, idProduct=0003, bcdDevice= 6.01
[   10.571266][    T1] usb usb31: New USB device strings: Mfr=3, Product=2, SerialNumber=1
[   10.572230][    T1] usb usb31: Product: USB/IP Virtual Host Controller
[   10.573022][    T1] usb usb31: Manufacturer: Linux 6.1.0-g7ba163d09578-dirty vhci_hcd
[   10.573972][    T1] usb usb31: SerialNumber: vhci_hcd.14
[   10.575658][    T1] hub 31-0:1.0: USB hub found
[   10.576296][    T1] hub 31-0:1.0: 8 ports detected
[   10.580218][    T1] vhci_hcd vhci_hcd.15: USB/IP Virtual Host Controller
[   10.581486][    T1] vhci_hcd vhci_hcd.15: new USB bus registered, assigned bus number 32
[   10.582795][    T1] usb usb32: New USB device found, idVendor=1d6b, idProduct=0002, bcdDevice= 6.01
[   10.583904][    T1] usb usb32: New USB device strings: Mfr=3, Product=2, SerialNumber=1
[   10.584864][    T1] usb usb32: Product: USB/IP Virtual Host Controller
[   10.585663][    T1] usb usb32: Manufacturer: Linux 6.1.0-g7ba163d09578-dirty vhci_hcd
[   10.586610][    T1] usb usb32: SerialNumber: vhci_hcd.15
[   10.588319][    T1] hub 32-0:1.0: USB hub found
[   10.588957][    T1] hub 32-0:1.0: 8 ports detected
[   10.592284][    T1] vhci_hcd vhci_hcd.15: USB/IP Virtual Host Controller
[   10.593445][    T1] vhci_hcd vhci_hcd.15: new USB bus registered, assigned bus number 33
[   10.594556][    T1] usb usb33: We don't know the algorithms for LPM for this host, disabling LPM.
[   10.595871][    T1] usb usb33: New USB device found, idVendor=1d6b, idProduct=0003, bcdDevice= 6.01
[   10.596967][    T1] usb usb33: New USB device strings: Mfr=3, Product=2, SerialNumber=1
[   10.597943][    T1] usb usb33: Product: USB/IP Virtual Host Controller
[   10.598730][    T1] usb usb33: Manufacturer: Linux 6.1.0-g7ba163d09578-dirty vhci_hcd
[   10.599670][    T1] usb usb33: SerialNumber: vhci_hcd.15
[   10.601387][    T1] hub 33-0:1.0: USB hub found
[   10.602024][    T1] hub 33-0:1.0: 8 ports detected
[   10.606093][    T1] usbcore: registered new device driver usbip-host
[   10.608065][    T1] i8042: PNP: PS/2 Controller [PNP0303:KBD,PNP0f13:MOU] at 0x60,0x64 irq 1,12
[   10.610195][    T1] serio: i8042 KBD port at 0x60,0x64 irq 1
[   10.613019][    T1] serio: i8042 AUX port at 0x60,0x64 irq 12
[   10.615074][    T1] mousedev: PS/2 mouse device common for all mice
[   10.617099][    T1] usbcore: registered new interface driver appletouch
[   10.618154][    T1] usbcore: registered new interface driver bcm5974
[   10.619788][ T1714] kworker/u4:1 (1714) used greatest stack depth: 26272 bytes left
[   10.620022][  T148] input: AT Translated Set 2 keyboard as /devices/platform/i8042/serio0/input/input1
[   10.623800][    T1] usbcore: registered new interface driver synaptics_usb
[   10.624833][    T1] usbcore: registered new interface driver iforce
[   10.626354][    T1] usbcore: registered new interface driver xpad
[   10.629128][    T1] usbcore: registered new interface driver usb_acecad
[   10.632806][    T1] usbcore: registered new interface driver aiptek
[   10.634563][    T1] usbcore: registered new interface driver hanwang
[   10.636307][    T1] usbcore: registered new interface driver kbtab
[   10.638018][    T1] usbcore: registered new interface driver pegasus_notetaker
[   10.640073][    T1] usbcore: registered new interface driver usbtouchscreen
[   10.643260][    T1] usbcore: registered new interface driver sur40
[   10.645024][    T1] usbcore: registered new interface driver ati_remote2
[   10.646663][    T1] cm109: Keymap for Komunikate KIP1000 phone loaded
[   10.648318][    T1] usbcore: registered new interface driver cm109
[   10.649640][    T1] cm109: CM109 phone driver: 20080805 (C) Alfred E. Heggestad
[   10.652342][    T1] usbcore: registered new interface driver ims_pcu
[   10.653261][    T1] usbcore: registered new interface driver keyspan_remote
[   10.654220][    T1] usbcore: registered new interface driver powermate
[   10.655342][    T1] usbcore: registered new interface driver yealink
[   10.657027][    T1] rtc_cmos 00:05: RTC can wake from S4
[   10.660710][    T1] rtc_cmos 00:05: registered as rtc0
[   10.661347][    T1] rtc_cmos 00:05: alarms up to one day, y3k, 242 bytes nvram, hpet irqs
[   10.663361][    T1] i2c_dev: i2c /dev entries driver
[   10.664582][    T1] usbcore: registered new interface driver i2c-diolan-u2c
[   10.665797][    T1] usbcore: registered new interface driver RobotFuzz Open Source InterFace, OSIF
[   10.667097][    T1] usbcore: registered new interface driver i2c-tiny-usb
[   10.670019][    T1] usbcore: registered new interface driver igorplugusb
[   10.671135][    T1] usbcore: registered new interface driver iguanair
[   10.672151][    T1] usbcore: registered new interface driver imon
[   10.673584][    T1] usbcore: registered new interface driver mceusb
[   10.674874][    T1] usbcore: registered new interface driver redrat3
[   10.675826][    T1] usbcore: registered new interface driver streamzap
[   10.676792][    T1] usbcore: registered new interface driver ttusbir
[   10.677792][    T1] usbcore: registered new interface driver ati_remote
[   10.678955][    T1] b2c2-flexcop: B2C2 FlexcopII/II(b)/III digital TV receiver chip loaded successfully
[   10.680350][    T1] usbcore: registered new interface driver b2c2_flexcop_usb
[   10.681465][    T1] usbcore: registered new interface driver dvb_usb_vp7045
[   10.682532][    T1] usbcore: registered new interface driver dvb_usb_vp702x
[   10.683601][    T1] usbcore: registered new interface driver dvb_usb_gp8psk
[   10.684674][    T1] usbcore: registered new interface driver dvb_usb_dtt200u
[   10.685809][    T1] usbcore: registered new interface driver dvb_usb_a800
[   10.686881][    T1] usbcore: registered new interface driver dvb_usb_dibusb_mb
[   10.687996][    T1] usbcore: registered new interface driver dvb_usb_dibusb_mc
[   10.689087][    T1] usbcore: registered new interface driver dvb_usb_nova_t_usb2
[   10.690257][    T1] usbcore: registered new interface driver dvb_usb_umt_010
[   10.691747][    T1] usbcore: registered new interface driver dvb_usb_m920x
[   10.692806][    T1] usbcore: registered new interface driver dvb_usb_digitv
[   10.693901][    T1] usbcore: registered new interface driver dvb_usb_cxusb
[   10.694965][    T1] usbcore: registered new interface driver dvb_usb_ttusb2
[   10.696106][    T1] usbcore: registered new interface driver dvb_usb_dib0700
[   10.697187][    T1] usbcore: registered new interface driver opera1
[   10.698209][    T1] usbcore: registered new interface driver dvb_usb_af9005
[   10.699285][    T1] usbcore: registered new interface driver pctv452e
[   10.700319][    T1] usbcore: registered new interface driver dw2102
[   10.701340][    T1] usbcore: registered new interface driver dvb_usb_dtv5100
[   10.702471][    T1] usbcore: registered new interface driver cinergyT2
[   10.703496][    T1] usbcore: registered new interface driver dvb_usb_az6027
[   10.704592][    T1] usbcore: registered new interface driver dvb_usb_technisat_usb2
[   10.705765][    T1] usbcore: registered new interface driver dvb_usb_af9015
[   10.706876][    T1] usbcore: registered new interface driver dvb_usb_af9035
[   10.707940][    T1] usbcore: registered new interface driver dvb_usb_anysee
[   10.708996][    T1] usbcore: registered new interface driver dvb_usb_au6610
[   10.710090][    T1] usbcore: registered new interface driver dvb_usb_az6007
[   10.711513][    T1] usbcore: registered new interface driver dvb_usb_ce6230
[   10.712570][    T1] usbcore: registered new interface driver dvb_usb_ec168
[   10.713532][    T1] usbcore: registered new interface driver dvb_usb_lmedm04
[   10.714503][    T1] usbcore: registered new interface driver dvb_usb_gl861
[   10.715475][    T1] usbcore: registered new interface driver dvb_usb_mxl111sf
[   10.716483][    T1] usbcore: registered new interface driver dvb_usb_rtl28xxu
[   10.717484][    T1] usbcore: registered new interface driver dvb_usb_dvbsky
[   10.718464][    T1] usbcore: registered new interface driver zd1301
[   10.719351][    T1] usbcore: registered new interface driver s2255
[   10.720268][    T1] usbcore: registered new interface driver smsusb
[   10.721229][    T1] usbcore: registered new interface driver ttusb
[   10.722121][    T1] usbcore: registered new interface driver ttusb-dec
[   10.723046][    T1] usbcore: registered new interface driver Abilis Systems as10x usb driver
[   10.724173][    T1] usbcore: registered new interface driver airspy
[   10.724935][    T1] gspca_main: v2.14.0 registered
[   10.725619][    T1] usbcore: registered new interface driver benq
[   10.726472][    T1] usbcore: registered new interface driver conex
[   10.727554][    T1] usbcore: registered new interface driver cpia1
[   10.728411][    T1] usbcore: registered new interface driver dtcs033
[   10.729286][    T1] usbcore: registered new interface driver etoms
[   10.730152][    T1] usbcore: registered new interface driver finepix
[   10.731079][    T1] usbcore: registered new interface driver jeilinj
[   10.731961][    T1] usbcore: registered new interface driver jl2005bcd
[   10.732886][    T1] usbcore: registered new interface driver kinect
[   10.733754][    T1] usbcore: registered new interface driver konica
[   10.734622][    T1] usbcore: registered new interface driver mars
[   10.735487][    T1] usbcore: registered new interface driver mr97310a
[   10.736397][    T1] usbcore: registered new interface driver nw80x
[   10.737290][    T1] usbcore: registered new interface driver ov519
[   10.738151][    T1] usbcore: registered new interface driver ov534
[   10.738998][    T1] usbcore: registered new interface driver ov534_9
[   10.739908][    T1] usbcore: registered new interface driver pac207
[   10.740864][    T1] usbcore: registered new interface driver gspca_pac7302
[   10.741802][    T1] usbcore: registered new interface driver pac7311
[   10.742729][    T1] usbcore: registered new interface driver se401
[   10.743589][    T1] usbcore: registered new interface driver sn9c2028
[   10.744507][    T1] usbcore: registered new interface driver gspca_sn9c20x
[   10.745475][    T1] usbcore: registered new interface driver sonixb
[   10.746374][    T1] usbcore: registered new interface driver sonixj
[   10.747244][    T1] usbcore: registered new interface driver spca500
[   10.748132][    T1] usbcore: registered new interface driver spca501
[   10.749006][    T1] usbcore: registered new interface driver spca505
[   10.749890][    T1] usbcore: registered new interface driver spca506
[   10.750840][    T1] usbcore: registered new interface driver spca508
[   10.752001][    T1] usbcore: registered new interface driver spca561
[   10.752884][    T1] usbcore: registered new interface driver spca1528
[   10.753773][    T1] usbcore: registered new interface driver sq905
[   10.754643][    T1] usbcore: registered new interface driver sq905c
[   10.755523][    T1] usbcore: registered new interface driver sq930x
[   10.756437][    T1] usbcore: registered new interface driver sunplus
[   10.757314][    T1] usbcore: registered new interface driver stk014
[   10.758191][    T1] usbcore: registered new interface driver stk1135
[   10.759080][    T1] usbcore: registered new interface driver stv0680
[   10.759956][    T1] usbcore: registered new interface driver t613
[   10.760882][    T1] usbcore: registered new interface driver gspca_topro
[   10.761809][    T1] usbcore: registered new interface driver touptek
[   10.762700][    T1] usbcore: registered new interface driver tv8532
[   10.763585][    T1] usbcore: registered new interface driver vc032x
[   10.764458][    T1] usbcore: registered new interface driver vicam
[   10.765345][    T1] usbcore: registered new interface driver xirlink-cit
[   10.766343][    T1] usbcore: registered new interface driver gspca_zc3xx
[   10.767287][    T1] usbcore: registered new interface driver ALi m5602
[   10.768214][    T1] usbcore: registered new interface driver STV06xx
[   10.769117][    T1] usbcore: registered new interface driver gspca_gl860
[   10.770066][    T1] usbcore: registered new interface driver hackrf
[   10.771002][    T1] usbcore: registered new interface driver msi2500
[   10.771940][    T1] usbcore: registered new interface driver Philips webcam
[   10.773017][    T1] usbcore: registered new interface driver uvcvideo
[   10.773803][    T1] au0828: au0828 driver loaded
[   10.774522][    T1] usbcore: registered new interface driver au0828
[   10.775437][    T1] usbcore: registered new interface driver cx231xx
[   10.776474][    T1] usbcore: registered new interface driver em28xx
[   10.777254][    T1] em28xx: Registered (Em28xx v4l2 Extension) extension
[   10.778075][    T1] em28xx: Registered (Em28xx Audio Extension) extension
[   10.778894][    T1] em28xx: Registered (Em28xx dvb Extension) extension
[   10.779701][    T1] em28xx: Registered (Em28xx Input Extension) extension
[   10.780716][    T1] usbcore: registered new interface driver go7007
[   10.781593][    T1] usbcore: registered new interface driver go7007-loader
[   10.782616][    T1] usbcore: registered new interface driver hdpvr
[   10.783693][    T1] usbcore: registered new interface driver pvrusb2
[   10.784468][    T1] pvrusb2: V4L in-tree version:Hauppauge WinTV-PVR-USB2 MPEG2 Encoder/Tuner
[   10.785496][    T1] pvrusb2: Debug mask is 31 (0x1f)
[   10.786241][    T1] usbcore: registered new interface driver stk1160
[   10.787135][    T1] usbcore: registered new interface driver usbtv
[   10.789142][    T1] dvbdev: DVB: registering new adapter (dvb_vidtv_bridge)
[   10.792811][    T1] i2c i2c-0: DVB: registering adapter 0 frontend 0 (Dummy demod for DVB-T/T2/C/S/S2)...
[   10.794132][    T1] dvbdev: dvb_create_media_entity: media entity 'Dummy demod for DVB-T/T2/C/S/S2' registered.
[   10.798482][    T1] dvbdev: dvb_create_media_entity: media entity 'dvb-demux' registered.
[   10.802104][    T1] vidtv vidtv.0: Successfully initialized vidtv!
[   10.803520][    T1] vicodec vicodec.0: Device 'stateful-encoder' registered as /dev/video0
[   10.804938][    T1] vicodec vicodec.0: Device 'stateful-decoder' registered as /dev/video1
[   10.806198][    T1] vicodec vicodec.0: Device 'stateless-decoder' registered as /dev/video2
[   10.807875][    T1] vim2m vim2m.0: Device registered as /dev/video0
[   10.816246][    T1] vivid-000: using single planar format API
[   10.822887][    T1] vivid-000: CEC adapter cec0 registered for HDMI input 0
[   10.824004][    T1] vivid-000: V4L2 capture device registered as video7
[   10.825075][    T1] vivid-000: CEC adapter cec1 registered for HDMI output 0
[   10.826190][    T1] vivid-000: V4L2 output device registered as video8
[   10.827231][    T1] vivid-000: V4L2 capture device registered as vbi0, supports raw and sliced VBI
[   10.828559][    T1] vivid-000: V4L2 output device registered as vbi1, supports raw and sliced VBI
[   10.829879][    T1] vivid-000: V4L2 capture device registered as swradio0
[   10.830976][    T1] vivid-000: V4L2 receiver device registered as radio0
[   10.832029][    T1] vivid-000: V4L2 transmitter device registered as radio1
[   10.833120][    T1] vivid-000: V4L2 metadata capture device registered as video9
[   10.834275][    T1] vivid-000: V4L2 metadata output device registered as video10
[   10.835415][    T1] vivid-000: V4L2 touch capture device registered as v4l-touch0
[   10.836850][    T1] usbcore: registered new interface driver radioshark2
[   10.837784][    T1] usbcore: registered new interface driver radioshark
[   10.838731][    T1] usbcore: registered new interface driver radio-si470x
[   10.839734][    T1] usbcore: registered new interface driver radio-usb-si4713
[   10.840912][    T1] usbcore: registered new interface driver dsbr100
[   10.841977][    T1] usbcore: registered new interface driver radio-keene
[   10.842922][    T1] usbcore: registered new interface driver radio-ma901
[   10.843857][    T1] usbcore: registered new interface driver radio-mr800
[   10.844772][    T1] usbcore: registered new interface driver radio-raremono
[   10.846657][    T1] usbcore: registered new interface driver pcwd_usb
[   10.848733][    T1] device-mapper: core: CONFIG_IMA_DISABLE_HTABLE is disabled. Duplicate IMA measurements will not be recorded in the IMA log.
[   10.850504][    T1] device-mapper: uevent: version 1.0.3
[   10.851831][    T1] device-mapper: ioctl: 4.47.0-ioctl (2022-07-28) initialised: dm-devel@redhat.com
[   10.853721][    T1] device-mapper: multipath round-robin: version 1.2.0 loaded
[   10.854614][    T1] device-mapper: multipath queue-length: version 0.2.0 loaded
[   10.855496][    T1] device-mapper: multipath service-time: version 0.3.0 loaded
[   10.856752][    T1] device-mapper: raid: Loading target version 1.15.1
[   10.858434][    T1] Bluetooth: HCI UART driver ver 2.3
[   10.859070][    T1] Bluetooth: HCI UART protocol H4 registered
[   10.859776][    T1] Bluetooth: HCI UART protocol BCSP registered
[   10.861687][    T1] Bluetooth: HCI UART protocol LL registered
[   10.862464][    T1] Bluetooth: HCI UART protocol Three-wire (H5) registered
[   10.863357][    T1] Bluetooth: HCI UART protocol QCA registered
[   10.864078][    T1] Bluetooth: HCI UART protocol AG6XX registered
[   10.864877][    T1] Bluetooth: HCI UART protocol Marvell registered
[   10.865806][    T1] usbcore: registered new interface driver bcm203x
[   10.866709][    T1] usbcore: registered new interface driver bpa10x
[   10.867603][    T1] usbcore: registered new interface driver bfusb
[   10.868521][    T1] usbcore: registered new interface driver btusb
[   10.869451][    T1] usbcore: registered new interface driver ath3k
[   10.870662][    T1] CAPI 2.0 started up with major 68 (middleware)
[   10.871414][    T1] Modular ISDN core version 1.1.29
[   10.872291][    T1] NET: Registered PF_ISDN protocol family
[   10.872970][    T1] DSP module 2.0
[   10.873380][    T1] mISDN_dsp: DSP clocks every 80 samples. This equals 1 jiffies.
[   10.881692][    T1] mISDN: Layer-1-over-IP driver Rev. 2.00
[   10.882840][    T1] 0 virtual devices registered
[   10.883577][    T1] usbcore: registered new interface driver HFC-S_USB
[   10.884362][    T1] VUB300 Driver rom wait states = 1C irqpoll timeout = 0400
[   10.885118][    T1] usbcore: registered new interface driver vub300
[   10.886843][    T1] usbcore: registered new interface driver ushc
[   10.890560][    T1] iscsi: registered transport (iser)
[   10.891707][    T1] SoftiWARP attached
[   10.897892][    T1] hid: raw HID events driver (C) Jiri Kosina
[   10.915540][    T1] usbcore: registered new interface driver usbhid
[   10.916308][    T1] usbhid: USB HID core driver
[   10.924023][    T1] usbcore: registered new interface driver es2_ap_driver
[   10.924865][    T1] comedi: version 0.7.76 - http://www.comedi.org
[   10.925799][    T1] usbcore: registered new interface driver dt9812
[   10.926672][    T1] usbcore: registered new interface driver ni6501
[   10.927524][    T1] usbcore: registered new interface driver usbdux
[   10.928384][    T1] usbcore: registered new interface driver usbduxfast
[   10.929284][    T1] usbcore: registered new interface driver usbduxsigma
[   10.930225][    T1] usbcore: registered new interface driver vmk80xx
[   10.934717][    T1] usbcore: registered new interface driver prism2_usb
[   10.935709][    T1] usbcore: registered new interface driver r8712u
[   10.936519][    T1] greybus: registered new driver hid
[   10.937258][    T1] greybus: registered new driver gbphy
[   10.937962][    T1] gb_gbphy: registered new driver usb
[   10.938639][    T1] asus_wmi: ASUS WMI generic driver loaded
[   10.968820][    T1] usbcore: registered new interface driver snd-usb-audio
[   10.969799][    T1] usbcore: registered new interface driver snd-ua101
[   10.971778][    T1] usbcore: registered new interface driver snd-usb-usx2y
[   10.973974][    T1] usbcore: registered new interface driver snd-usb-us122l
[   10.975346][    T1] usbcore: registered new interface driver snd-usb-caiaq
[   10.976404][    T1] usbcore: registered new interface driver snd-usb-6fire
[   10.977481][    T1] usbcore: registered new interface driver snd-usb-hiface
[   10.978530][    T1] usbcore: registered new interface driver snd-bcd2000
[   10.979551][    T1] usbcore: registered new interface driver snd_usb_pod
[   10.982065][    T1] usbcore: registered new interface driver snd_usb_podhd
[   10.983074][    T1] usbcore: registered new interface driver snd_usb_toneport
[   10.984130][    T1] usbcore: registered new interface driver snd_usb_variax
[   10.985180][    T1] drop_monitor: Initializing network drop monitor service
[   10.986225][    T1] NET: Registered PF_LLC protocol family
[   10.987005][    T1] GACT probability on
[   10.987490][    T1] Mirror/redirect action on
[   10.988119][    T1] Simple TC action Loaded
[   10.989986][    T1] netem: version 1.3
[   10.991063][    T1] u32 classifier
[   10.991485][    T1]     Performance counters on
[   10.992029][    T1]     input device check on
[   10.992553][    T1]     Actions configured
[   10.996485][    T1] xt_time: kernel timezone is -0000
[   10.997160][    T1] IPVS: Registered protocols (TCP, UDP, SCTP, AH, ESP)
[   10.998157][    T1] IPVS: Connection hash table configured (size=4096, memory=32Kbytes)
[   10.999355][    T1] IPVS: ipvs loaded.
[   10.999827][    T1] IPVS: [rr] scheduler registered.
[   11.000519][    T1] IPVS: [wrr] scheduler registered.
[   11.001130][    T1] IPVS: [lc] scheduler registered.
[   11.001728][    T1] IPVS: [wlc] scheduler registered.
[   11.002336][    T1] IPVS: [fo] scheduler registered.
[   11.002935][    T1] IPVS: [ovf] scheduler registered.
[   11.003548][    T1] IPVS: [lblc] scheduler registered.
[   11.004180][    T1] IPVS: [lblcr] scheduler registered.
[   11.004808][    T1] IPVS: [dh] scheduler registered.
[   11.005404][    T1] IPVS: [sh] scheduler registered.
[   11.006006][    T1] IPVS: [mh] scheduler registered.
[   11.006601][    T1] IPVS: [sed] scheduler registered.
[   11.007212][    T1] IPVS: [nq] scheduler registered.
[   11.007809][    T1] IPVS: [twos] scheduler registered.
[   11.008489][    T1] IPVS: [sip] pe registered.
[   11.009104][    T1] ipip: IPv4 and MPLS over IPv4 tunneling driver
[   11.011353][    T1] gre: GRE over IPv4 demultiplexor driver
[   11.012031][    T1] ip_gre: GRE over IPv4 tunneling driver
[   11.016121][    T1] IPv4 over IPsec tunneling driver
[   11.018063][    T1] ipt_CLUSTERIP: ClusterIP Version 0.8 loaded successfully
[   11.019173][    T1] Initializing XFRM netlink socket
[   11.019838][    T1] IPsec XFRM device driver
[   11.021918][    T1] NET: Registered PF_INET6 protocol family
[   11.028239][    T1] Segment Routing with IPv6
[   11.028782][    T1] RPL Segment Routing with IPv6
[   11.029394][    T1] In-situ OAM (IOAM) with IPv6
[   11.030219][    T1] mip6: Mobile IPv6
[   11.032288][    T1] sit: IPv6, IPv4 and MPLS over IPv4 tunneling driver
[   11.035725][    T1] ip6_gre: GRE over IPv6 tunneling driver
[   11.037956][    T1] NET: Registered PF_PACKET protocol family
[   11.038677][    T1] NET: Registered PF_KEY protocol family
[   11.039641][    T1] Bridge firewalling registered
[   11.040797][    T1] NET: Registered PF_X25 protocol family
[   11.041504][    T1] X25: Linux Version 0.2
[   11.046079][    T1] NET: Registered PF_NETROM protocol family
[   11.057668][    T1] NET: Registered PF_ROSE protocol family
[   11.058419][    T1] NET: Registered PF_AX25 protocol family
[   11.059111][    T1] can: controller area network core
[   11.059952][    T1] NET: Registered PF_CAN protocol family
[   11.060707][    T1] can: raw protocol
[   11.061175][    T1] can: broadcast manager protocol
[   11.061772][    T1] can: netlink gateway - max_hops=1
[   11.062572][    T1] can: SAE J1939
[   11.062999][    T1] can: isotp protocol
[   11.063626][    T1] Bluetooth: RFCOMM TTY layer initialized
[   11.064312][    T1] Bluetooth: RFCOMM socket layer initialized
[   11.065041][    T1] Bluetooth: RFCOMM ver 1.11
[   11.065595][    T1] Bluetooth: BNEP (Ethernet Emulation) ver 1.3
[   11.066316][    T1] Bluetooth: BNEP filters: protocol multicast
[   11.067031][    T1] Bluetooth: BNEP socket layer initialized
[   11.067704][    T1] Bluetooth: CMTP (CAPI Emulation) ver 1.0
[   11.068394][    T1] Bluetooth: CMTP socket layer initialized
[   11.069067][    T1] Bluetooth: HIDP (Human Interface Emulation) ver 1.2
[   11.069863][    T1] Bluetooth: HIDP socket layer initialized
[   11.073033][    T1] NET: Registered PF_RXRPC protocol family
[   11.073754][    T1] Key type rxrpc registered
[   11.074290][    T1] Key type rxrpc_s registered
