bash: warning: setlocale: LC_ALL: cannot change locale (en_US.UTF-8)
c[?7l[2J[0mSeaBIOS (version 1.16.2-debian-1.16.2-1)


iPXE (http://ipxe.org) 00:03.0 CA00 PCI2.10 PnP PMM+7EFCEF00+7EF0EF00 CA00
Press Ctrl-B to configure iPXE (PCI 00:03.0)...                                                                               


Booting from ROM...
c[?7l[2JNo EFI environment detected.
early console in extract_kernel
input_data: 0x0000000004fd02c4
input_len: 0x0000000001b93bbf
output: 0x0000000001000000
output_len: 0x0000000005ae815c
kernel_total_size: 0x0000000005830000
needed_size: 0x0000000005c00000
trampoline_32bit: 0x0000000000000000


KASLR disabled: 'nokaslr' on cmdline.


Decompressing Linux... Parsing ELF... No relocation needed... done.
Booting the kernel (entry_offset: 0x000000000321e300).
[    0.000000] Linux version 6.13.0-09712-g20f83309852d-dirty (root@buildkitsandbox) (gcc (Debian 12.2.0-14+deb12u1) 12.2.0, GNU ld (GNU Binutils for Debian) 2.40) #2 SMP PREEMPT_DYNAMIC Fri May 15 15:50:49 UTC 2026
[    0.000000] Command line: console=ttyS0 oops=panic panic=-1 nokaslr earlyprintk=serial
[    0.000000] BIOS-provided physical RAM map:
[    0.000000] BIOS-e820: [mem 0x0000000000000000-0x000000000009fbff] usable
[    0.000000] BIOS-e820: [mem 0x000000000009fc00-0x000000000009ffff] reserved
[    0.000000] BIOS-e820: [mem 0x00000000000f0000-0x00000000000fffff] reserved
[    0.000000] BIOS-e820: [mem 0x0000000000100000-0x000000007ffdffff] usable
[    0.000000] BIOS-e820: [mem 0x000000007ffe0000-0x000000007fffffff] reserved
[    0.000000] BIOS-e820: [mem 0x00000000feffc000-0x00000000feffffff] reserved
[    0.000000] BIOS-e820: [mem 0x00000000fffc0000-0x00000000ffffffff] reserved
[    0.000000] printk: legacy bootconsole [earlyser0] enabled
[    0.000000] NX (Execute Disable) protection: active
[    0.000000] APIC: Static calls initialized
[    0.000000] SMBIOS 2.8 present.
[    0.000000] DMI: QEMU Standard PC (i440FX + PIIX, 1996), BIOS 1.16.2-debian-1.16.2-1 04/01/2014
[    0.000000] DMI: Memory slots populated: 1/1
[    0.000000] Hypervisor detected: KVM
[    0.000000] kvm-clock: Using msrs 4b564d01 and 4b564d00
[    0.000001] kvm-clock: using sched offset of 495022674 cycles
[    0.001344] clocksource: kvm-clock: mask: 0xffffffffffffffff max_cycles: 0x1cd42e4dffb, max_idle_ns: 881590591483 ns
[    0.008159] tsc: Detected 2995.198 MHz processor
[    0.010005] last_pfn = 0x7ffe0 max_arch_pfn = 0x400000000
[    0.011622] MTRR map: 4 entries (3 fixed + 1 variable; max 19), built from 8 variable MTRRs
[    0.013961] x86/PAT: Configuration [0-7]: WB  WC  UC- UC  WB  WP  UC- WT  
[    0.021448] found SMP MP-table at [mem 0x000f5ba0-0x000f5baf]
[    0.024394] Using GB pages for direct mapping
[    0.026476] RAMDISK: [mem 0x7fe8f000-0x7ffdffff]
[    0.028815] ACPI: Early table checksum verification disabled
[    0.030781] ACPI: RSDP 0x00000000000F59D0 000014 (v00 BOCHS )
[    0.032173] ACPI: RSDT 0x000000007FFE1B33 000034 (v01 BOCHS  BXPC     00000001 BXPC 00000001)
[    0.034339] ACPI: FACP 0x000000007FFE19DF 000074 (v01 BOCHS  BXPC     00000001 BXPC 00000001)
[    0.036511] ACPI: DSDT 0x000000007FFE0040 00199F (v01 BOCHS  BXPC     00000001 BXPC 00000001)
[    0.038627] ACPI: FACS 0x000000007FFE0000 000040
[    0.039688] ACPI: APIC 0x000000007FFE1A53 000080 (v01 BOCHS  BXPC     00000001 BXPC 00000001)
[    0.041799] ACPI: HPET 0x000000007FFE1AD3 000038 (v01 BOCHS  BXPC     00000001 BXPC 00000001)
[    0.045578] ACPI: WAET 0x000000007FFE1B0B 000028 (v01 BOCHS  BXPC     00000001 BXPC 00000001)
[    0.048649] ACPI: Reserving FACP table memory at [mem 0x7ffe19df-0x7ffe1a52]
[    0.051143] ACPI: Reserving DSDT table memory at [mem 0x7ffe0040-0x7ffe19de]
[    0.053455] ACPI: Reserving FACS table memory at [mem 0x7ffe0000-0x7ffe003f]
[    0.055316] ACPI: Reserving APIC table memory at [mem 0x7ffe1a53-0x7ffe1ad2]
[    0.057085] ACPI: Reserving HPET table memory at [mem 0x7ffe1ad3-0x7ffe1b0a]
[    0.058880] ACPI: Reserving WAET table memory at [mem 0x7ffe1b0b-0x7ffe1b32]
[    0.061596] No NUMA configuration found
[    0.062715] Faking a node at [mem 0x0000000000000000-0x000000007ffdffff]
[    0.064844] NODE_DATA(0) allocated [mem 0x7fe8b940-0x7fe8efff]
[    0.066599] Zone ranges:
[    0.067336]   DMA      [mem 0x0000000000001000-0x0000000000ffffff]
[    0.069035]   DMA32    [mem 0x0000000001000000-0x000000007ffdffff]
[    0.070773]   Normal   empty
[    0.071497] Movable zone start for each node
[    0.072433] Early memory node ranges
[    0.073267]   node   0: [mem 0x0000000000001000-0x000000000009efff]
[    0.074857]   node   0: [mem 0x0000000000100000-0x000000007ffdffff]
[    0.076453] Initmem setup node 0 [mem 0x0000000000001000-0x000000007ffdffff]
[    0.078797] On node 0, zone DMA: 1 pages in unavailable ranges
[    0.080868] On node 0, zone DMA: 97 pages in unavailable ranges
[    0.124875] On node 0, zone DMA32: 32 pages in unavailable ranges
[    0.328678] kasan: KernelAddressSanitizer initialized
[    0.332989] ACPI: PM-Timer IO Port: 0x608
[    0.334439] ACPI: LAPIC_NMI (acpi_id[0xff] dfl dfl lint[0x1])
[    0.336248] IOAPIC[0]: apic_id 0, version 17, address 0xfec00000, GSI 0-23
[    0.337884] ACPI: INT_SRC_OVR (bus 0 bus_irq 0 global_irq 2 dfl dfl)
[    0.339119] ACPI: INT_SRC_OVR (bus 0 bus_irq 5 global_irq 5 high level)
[    0.341997] ACPI: INT_SRC_OVR (bus 0 bus_irq 9 global_irq 9 high level)
[    0.344018] ACPI: INT_SRC_OVR (bus 0 bus_irq 10 global_irq 10 high level)
[    0.346034] ACPI: INT_SRC_OVR (bus 0 bus_irq 11 global_irq 11 high level)
[    0.348254] ACPI: Using ACPI (MADT) for SMP configuration information
[    0.350143] ACPI: HPET id: 0x8086a201 base: 0xfed00000
[    0.351647] TSC deadline timer available
[    0.352767] CPU topo: Max. logical packages:   1
[    0.353802] CPU topo: Max. logical dies:       1
[    0.354854] CPU topo: Max. dies per package:   1
[    0.355791] CPU topo: Max. threads per core:   1
[    0.356710] CPU topo: Num. cores per package:     2
[    0.357736] CPU topo: Num. threads per package:   2
[    0.358975] CPU topo: Allowing 2 present CPUs plus 0 hotplug CPUs
[    0.360287] kvm-guest: APIC: eoi() replaced with kvm_guest_apic_eoi_write()
[    0.363670] kvm-guest: KVM setup pv remote TLB flush
[    0.366106] kvm-guest: setup PV sched yield
[    0.367514] PM: hibernation: Registered nosave memory: [mem 0x00000000-0x00000fff]
[    0.370068] PM: hibernation: Registered nosave memory: [mem 0x0009f000-0x0009ffff]
[    0.372043] PM: hibernation: Registered nosave memory: [mem 0x000a0000-0x000effff]
[    0.373894] PM: hibernation: Registered nosave memory: [mem 0x000f0000-0x000fffff]
[    0.375691] [mem 0x80000000-0xfeffbfff] available for PCI devices
[    0.377208] Booting paravirtualized kernel on KVM
[    0.378387] clocksource: refined-jiffies: mask: 0xffffffff max_cycles: 0xffffffff, max_idle_ns: 1910969940391419 ns
[    0.392282] setup_percpu: NR_CPUS:64 nr_cpumask_bits:2 nr_cpu_ids:2 nr_node_ids:1
[    0.395089] percpu: Embedded 68 pages/cpu s240856 r8192 d29480 u1048576
[    0.398193] Kernel command line: console=ttyS0 oops=panic panic=-1 nokaslr earlyprintk=serial
[    0.400834] Unknown kernel command line parameters "nokaslr", will be passed to user space.
[    0.403715] random: crng init done
[    0.404960] printk: log buffer data + meta data: 262144 + 917504 = 1179648 bytes
[    0.407300] Dentry cache hash table entries: 262144 (order: 9, 2097152 bytes, linear)
[    0.410035] Inode-cache hash table entries: 131072 (order: 8, 1048576 bytes, linear)
[    0.412136] Fallback order for Node 0: 0 
[    0.412140] Built 1 zonelists, mobility grouping on.  Total pages: 524158
[    0.414443] Policy zone: DMA32
[    0.415084] mem auto-init: stack:all(zero), heap alloc:off, heap free:off
[    0.416494] stackdepot: allocating hash table via alloc_large_system_hash
[    0.418263] stackdepot hash table entries: 1048576 (order: 12, 16777216 bytes, linear)
[    0.447969] SLUB: HWalign=64, Order=0-3, MinObjects=0, CPUs=2, Nodes=1
Poking KASLR using RDRAND RDTSC...
[    0.451075] Dynamic Preempt: voluntary
[    0.452690] rcu: Preemptible hierarchical RCU implementation.
[    0.454562] rcu: 	RCU event tracing is enabled.
[    0.456457] rcu: 	RCU restricting CPUs from NR_CPUS=64 to nr_cpu_ids=2.
[    0.458318] 	Trampoline variant of Tasks RCU enabled.
[    0.459929] 	Tracing variant of Tasks RCU enabled.
[    0.461948] rcu: RCU calculated value of scheduler-enlistment delay is 100 jiffies.
[    0.464616] rcu: Adjusting geometry for rcu_fanout_leaf=16, nr_cpu_ids=2
[    0.465940] RCU Tasks: Setting shift to 1 and lim to 1 rcu_task_cb_adjust=1 rcu_task_cpu_ids=2.
[    0.467561] RCU Tasks Trace: Setting shift to 1 and lim to 1 rcu_task_cb_adjust=1 rcu_task_cpu_ids=2.
[    0.479690] NR_IRQS: 4352, nr_irqs: 440, preallocated irqs: 16
[    0.482518] rcu: srcu_init: Setting srcu_struct sizes based on contention.
[    0.491413] Console: colour VGA+ 80x25
[    0.492338] printk: legacy console [ttyS0] enabled
[    0.492338] printk: legacy console [ttyS0] enabled
[    0.494788] printk: legacy bootconsole [earlyser0] disabled
[    0.494788] printk: legacy bootconsole [earlyser0] disabled
[    0.499187] ACPI: Core revision 20240827
[    0.500417] clocksource: hpet: mask: 0xffffffff max_cycles: 0xffffffff, max_idle_ns: 19112604467 ns
[    0.502504] APIC: Switch to symmetric I/O mode setup
[    0.503692] kvm-guest: APIC: send_IPI_mask() replaced with kvm_send_ipi_mask()
[    0.505179] kvm-guest: APIC: send_IPI_mask_allbutself() replaced with kvm_send_ipi_mask_allbutself()
[    0.506952] kvm-guest: setup PV IPIs
[    0.509831] ..TIMER: vector=0x30 apic1=0 pin1=2 apic2=-1 pin2=-1
[    0.511306] clocksource: tsc-early: mask: 0xffffffffffffffff max_cycles: 0x2b2c8d6afc8, max_idle_ns: 440795331172 ns
[    0.514094] Calibrating delay loop (skipped) preset value.. 5990.39 BogoMIPS (lpj=2995198)
[    0.516360] x86/cpu: User Mode Instruction Prevention (UMIP) activated
[    0.517419] Last level iTLB entries: 4KB 0, 2MB 0, 4MB 0
[    0.518087] Last level dTLB entries: 4KB 0, 2MB 0, 4MB 0, 1GB 0
[    0.519139] Spectre V1 : Mitigation: usercopy/swapgs barriers and __user pointer sanitization
[    0.520103] Spectre V2 : Spectre BHI mitigation: SW BHB clearing on syscall and VM exit
[    0.521087] Spectre V2 : Mitigation: Enhanced / Automatic IBRS
[    0.522088] Spectre V2 : Spectre v2 / SpectreRSB mitigation: Filling RSB on context switch
[    0.523088] Spectre V2 : Spectre v2 / PBRSB-eIBRS: Retire a single CALL on VMEXIT
[    0.524088] RETBleed: Mitigation: Enhanced IBRS
[    0.525113] Spectre V2 : mitigation: Enabling conditional Indirect Branch Prediction Barrier
[    0.526087] Speculative Store Bypass: Mitigation: Speculative Store Bypass disabled via prctl
[    0.527087] MMIO Stale Data: Unknown: No mitigations
[    0.528086] Register File Data Sampling: Vulnerable: No microcode
[    0.529173] x86/fpu: Supporting XSAVE feature 0x001: 'x87 floating point registers'
[    0.530086] x86/fpu: Supporting XSAVE feature 0x002: 'SSE registers'
[    0.531087] x86/fpu: Supporting XSAVE feature 0x004: 'AVX registers'
[    0.532087] x86/fpu: xstate_offset[2]:  576, xstate_sizes[2]:  256
[    0.533085] x86/fpu: Enabled xstate features 0x7, context size is 832 bytes, using 'compacted' format.
[    0.553583] Freeing SMP alternatives memory: 48K
[    0.554090] pid_max: default: 32768 minimum: 301
[    0.556214] LSM: initializing lsm=capability,selinux
[    0.557134] SELinux:  Initializing.
[    0.560012] Mount-cache hash table entries: 4096 (order: 3, 32768 bytes, linear)
[    0.560100] Mountpoint-cache hash table entries: 4096 (order: 3, 32768 bytes, linear)
[    0.562305] smpboot: CPU0: 13th Gen Intel(R) Core(TM) i9-13900H (family: 0x6, model: 0xba, stepping: 0x2)
[    0.563395] Performance Events: unsupported p6 CPU model 186 no PMU driver, software events only.
[    0.564150] signal: max sigframe size: 1776
[    0.565151] rcu: Hierarchical SRCU implementation.
[    0.566090] rcu: 	Max phase no-delay instances is 400.
[    0.567197] Timer migration: 1 hierarchy levels; 8 children per group; 1 crossnode level
[    0.568662] smp: Bringing up secondary CPUs ...
[    0.569281] smpboot: x86: Booting SMP configuration:
[    0.570092] .... node  #0, CPUs:      #1
[    0.571194] smp: Brought up 1 node, 2 CPUs
[    0.572955] smpboot: Total of 2 processors activated (11980.79 BogoMIPS)
[    0.573660] Memory: 1673076K/2096632K available (51321K kernel code, 8681K rwdata, 11264K rodata, 6056K init, 1352K bss, 418500K reserved, 0K cma-reserved)
[    0.576092] devtmpfs: initialized
[    0.579261] clocksource: jiffies: mask: 0xffffffff max_cycles: 0xffffffff, max_idle_ns: 1911260446275000 ns
[    0.580094] futex hash table entries: 512 (order: 3, 32768 bytes, linear)
[    0.582349] PM: RTC time: 15:51:45, date: 2026-05-15
[    0.584324] NET: Registered PF_NETLINK/PF_ROUTE protocol family
[    0.585342] audit: initializing netlink subsys (disabled)
[    0.588102] audit: type=2000 audit(1778860305.761:1): state=initialized audit_enabled=0 res=1
[    0.588362] thermal_sys: Registered thermal governor 'step_wise'
[    0.589125] cpuidle: using governor menu
[    0.591612] PCI: Using configuration type 1 for base access
[    0.592184] kprobes: kprobe jump-optimization is enabled. All kprobes are optimized if possible.
[    0.594198] HugeTLB: registered 2.00 MiB page size, pre-allocated 0 pages
[    0.595095] HugeTLB: 28 KiB vmemmap can be freed for a 2.00 MiB page
[    0.596479] ACPI: Added _OSI(Module Device)
[    0.597095] ACPI: Added _OSI(Processor Device)
[    0.598096] ACPI: Added _OSI(3.0 _SCP Extensions)
[    0.599089] ACPI: Added _OSI(Processor Aggregator Device)
[    0.608325] ACPI: 1 ACPI AML tables successfully acquired and loaded
[    0.611249] ACPI: Interpreter enabled
[    0.612129] ACPI: PM: (supports S0 S3 S4 S5)
[    0.613093] ACPI: Using IOAPIC for interrupt routing
[    0.614143] PCI: Using host bridge windows from ACPI; if necessary, use "pci=nocrs" and report a bug
[    0.615091] PCI: Using E820 reservations for host bridge windows
[    0.616583] ACPI: Enabled 2 GPEs in block 00 to 0F
[    0.632477] ACPI: PCI Root Bridge [PCI0] (domain 0000 [bus 00-ff])
[    0.633106] acpi PNP0A03:00: _OSC: OS supports [ASPM ClockPM Segments MSI HPX-Type3]
[    0.634091] acpi PNP0A03:00: _OSC: not requesting OS control; OS requires [ExtendedConfig ASPM ClockPM MSI]
[    0.635178] acpi PNP0A03:00: fail to add MMCONFIG information, can't access extended configuration space under this bridge
[    0.636345] PCI host bridge to bus 0000:00
[    0.637136] pci_bus 0000:00: root bus resource [io  0x0000-0x0cf7 window]
[    0.638093] pci_bus 0000:00: root bus resource [io  0x0d00-0xffff window]
[    0.639101] pci_bus 0000:00: root bus resource [mem 0x000a0000-0x000bffff window]
[    0.640092] pci_bus 0000:00: root bus resource [mem 0x80000000-0xfebfffff window]
[    0.641092] pci_bus 0000:00: root bus resource [mem 0x100000000-0x17fffffff window]
[    0.642093] pci_bus 0000:00: root bus resource [bus 00-ff]
[    0.643186] pci 0000:00:00.0: [8086:1237] type 00 class 0x060000 conventional PCI endpoint
[    0.650582] pci 0000:00:01.0: [8086:7000] type 00 class 0x060100 conventional PCI endpoint
[    0.657835] pci 0000:00:01.1: [8086:7010] type 00 class 0x010180 conventional PCI endpoint
[    0.659094] pci 0000:00:01.1: BAR 4 [io  0xc040-0xc04f]
[    0.660180] pci 0000:00:01.1: BAR 0 [io  0x01f0-0x01f7]: legacy IDE quirk
[    0.661098] pci 0000:00:01.1: BAR 1 [io  0x03f6]: legacy IDE quirk
[    0.662096] pci 0000:00:01.1: BAR 2 [io  0x0170-0x0177]: legacy IDE quirk
[    0.663092] pci 0000:00:01.1: BAR 3 [io  0x0376]: legacy IDE quirk
[    0.664548] pci 0000:00:01.3: [8086:7113] type 00 class 0x068000 conventional PCI endpoint
[    0.666201] pci 0000:00:01.3: quirk: [io  0x0600-0x063f] claimed by PIIX4 ACPI
[    0.667113] pci 0000:00:01.3: quirk: [io  0x0700-0x070f] claimed by PIIX4 SMB
[    0.668592] pci 0000:00:02.0: [1234:1111] type 00 class 0x030000 conventional PCI endpoint
[    0.671282] pci 0000:00:02.0: BAR 0 [mem 0xfd000000-0xfdffffff pref]
[    0.672130] pci 0000:00:02.0: BAR 2 [mem 0xfebf0000-0xfebf0fff]
[    0.673155] pci 0000:00:02.0: ROM [mem 0xfebe0000-0xfebeffff pref]
[    0.674506] pci 0000:00:02.0: Video device with shadowed ROM at [mem 0x000c0000-0x000dffff]
[    0.682262] pci 0000:00:03.0: [8086:100e] type 00 class 0x020000 conventional PCI endpoint
[    0.684584] pci 0000:00:03.0: BAR 0 [mem 0xfebc0000-0xfebdffff]
[    0.685111] pci 0000:00:03.0: BAR 1 [io  0xc000-0xc03f]
[    0.686166] pci 0000:00:03.0: ROM [mem 0xfeb80000-0xfebbffff pref]
[    0.695054] ACPI: PCI: Interrupt link LNKA configured for IRQ 10
[    0.696659] ACPI: PCI: Interrupt link LNKB configured for IRQ 10
[    0.697729] ACPI: PCI: Interrupt link LNKC configured for IRQ 11
[    0.698647] ACPI: PCI: Interrupt link LNKD configured for IRQ 11
[    0.699371] ACPI: PCI: Interrupt link LNKS configured for IRQ 9
[    0.701812] iommu: Default domain type: Translated
[    0.702093] iommu: DMA domain TLB invalidation policy: lazy mode
[    0.703705] SCSI subsystem initialized
[    0.704520] ACPI: bus type USB registered
[    0.705229] usbcore: registered new interface driver usbfs
[    0.706128] usbcore: registered new interface driver hub
[    0.707170] usbcore: registered new device driver usb
[    0.708239] pps_core: LinuxPPS API ver. 1 registered
[    0.709090] pps_core: Software ver. 5.3.6 - Copyright 2005-2007 Rodolfo Giometti <giometti@linux.it>
[    0.710106] PTP clock support registered
[    0.711300] Advanced Linux Sound Architecture Driver Initialized.
[    0.713071] NetLabel: Initializing
[    0.713094] NetLabel:  domain hash size = 128
[    0.714093] NetLabel:  protocols = UNLABELED CIPSOv4 CALIPSO
[    0.715337] NetLabel:  unlabeled traffic allowed by default
[    0.716278] PCI: Using ACPI for IRQ routing
[    0.717421] pci 0000:00:02.0: vgaarb: setting as boot VGA device
[    0.718083] pci 0000:00:02.0: vgaarb: bridge control possible
[    0.718083] pci 0000:00:02.0: vgaarb: VGA device added: decodes=io+mem,owns=io+mem,locks=none
[    0.718095] vgaarb: loaded
[    0.720091] hpet0: at MMIO 0xfed00000, IRQs 2, 8, 0
[    0.721094] hpet0: 3 comparators, 64-bit 100.000000 MHz counter
[    0.724182] clocksource: Switched to clocksource kvm-clock
[    0.727160] VFS: Disk quotas dquot_6.6.0
[    0.728320] VFS: Dquot-cache hash table entries: 512 (order 0, 4096 bytes)
[    0.731156] pnp: PnP ACPI init
[    0.734263] pnp: PnP ACPI: found 6 devices
[    0.751566] clocksource: acpi_pm: mask: 0xffffff max_cycles: 0xffffff, max_idle_ns: 2085701024 ns
[    0.753988] NET: Registered PF_INET protocol family
[    0.755883] IP idents hash table entries: 32768 (order: 6, 262144 bytes, linear)
[    0.758659] tcp_listen_portaddr_hash hash table entries: 1024 (order: 2, 16384 bytes, linear)
[    0.760996] Table-perturb hash table entries: 65536 (order: 6, 262144 bytes, linear)
[    0.762780] TCP established hash table entries: 16384 (order: 5, 131072 bytes, linear)
[    0.764985] TCP bind hash table entries: 16384 (order: 7, 524288 bytes, linear)
[    0.767595] TCP: Hash tables configured (established 16384 bind 16384)
[    0.769727] UDP hash table entries: 1024 (order: 4, 65536 bytes, linear)
[    0.771798] UDP-Lite hash table entries: 1024 (order: 4, 65536 bytes, linear)
[    0.773927] NET: Registered PF_UNIX/PF_LOCAL protocol family
[    0.776460] RPC: Registered named UNIX socket transport module.
[    0.778287] RPC: Registered udp transport module.
[    0.779590] RPC: Registered tcp transport module.
[    0.780733] RPC: Registered tcp-with-tls transport module.
[    0.782088] RPC: Registered tcp NFSv4.1 backchannel transport module.
[    0.784923] pci_bus 0000:00: resource 4 [io  0x0000-0x0cf7 window]
[    0.786560] pci_bus 0000:00: resource 5 [io  0x0d00-0xffff window]
[    0.788012] pci_bus 0000:00: resource 6 [mem 0x000a0000-0x000bffff window]
[    0.789719] pci_bus 0000:00: resource 7 [mem 0x80000000-0xfebfffff window]
[    0.791487] pci_bus 0000:00: resource 8 [mem 0x100000000-0x17fffffff window]
[    0.793635] pci 0000:00:01.0: PIIX3: Enabling Passive Release
[    0.795356] pci 0000:00:00.0: Limiting direct PCI/PCI transfers
[    0.798093] PCI: CLS 0 bytes, default 64
[    0.799571] RAPL PMU: API unit is 2^-32 Joules, 0 fixed counters, 10737418240 ms ovfl timer
[    0.799907] Unpacking initramfs...
[    0.801896] clocksource: tsc: mask: 0xffffffffffffffff max_cycles: 0x2b2c8d6afc8, max_idle_ns: 440795331172 ns
[    0.808908] Initialise system trusted keyrings
[    0.810313] workingset: timestamp_bits=56 max_order=19 bucket_order=0
[    0.813266] NFS: Registering the id_resolver key type
[    0.815154] Key type id_resolver registered
[    0.816781] Key type id_legacy registered
[    0.819216] 9p: Installing v9fs 9p2000 file system support
[    0.829489] Freeing initrd memory: 1348K
[    0.831510] Key type asymmetric registered
[    0.832663] Asymmetric key parser 'x509' registered
[    0.834651] Block layer SCSI generic (bsg) driver version 0.4 loaded (major 251)
[    0.836949] io scheduler mq-deadline registered
[    0.838298] io scheduler kyber registered
[    0.840535] input: Power Button as /devices/LNXSYSTM:00/LNXPWRBN:00/input/input0
[    0.843246] ACPI: button: Power Button [PWRF]
[    0.845749] Serial: 8250/16550 driver, 4 ports, IRQ sharing enabled
[    0.848005] 00:04: ttyS0 at I/O 0x3f8 (irq = 4, base_baud = 115200) is a 16550A
[    0.852172] Non-volatile memory driver v1.3
[    0.853451] Linux agpgart interface v0.103
[    0.855156] ACPI: bus type drm_connector registered
[    0.863109] loop: module loaded
[    0.867117] scsi host0: ata_piix
[    0.869046] scsi host1: ata_piix
[    0.870063] ata1: PATA max MWDMA2 cmd 0x1f0 ctl 0x3f6 bmdma 0xc040 irq 14 lpm-pol 0
[    0.872146] ata2: PATA max MWDMA2 cmd 0x170 ctl 0x376 bmdma 0xc048 irq 15 lpm-pol 0
[    0.875710] e100: Intel(R) PRO/100 Network Driver
[    0.877560] e100: Copyright(c) 1999-2006 Intel Corporation
[    0.879149] e1000: Intel(R) PRO/1000 Network Driver
[    0.880579] e1000: Copyright (c) 1999-2006 Intel Corporation.
[    1.028415] ata2: found unknown device (class 0)
[    1.030369] ata2.00: ATAPI: QEMU DVD-ROM, 2.5+, max UDMA/100
[    1.033521] scsi 1:0:0:0: CD-ROM            QEMU     QEMU DVD-ROM     2.5+ PQ: 0 ANSI: 5
[    1.060190] sr 1:0:0:0: [sr0] scsi3-mmc drive: 4x/4x cd/rw xa/form2 tray
[    1.061832] cdrom: Uniform CD-ROM driver Revision: 3.20
[    1.075888] sr 1:0:0:0: Attached scsi generic sg0 type 5
[    1.351522] ACPI: \_SB_.LNKC: Enabled at IRQ 11
[    1.711036] e1000 0000:00:03.0 eth0: (PCI:33MHz:32-bit) 52:54:00:12:34:56
[    1.712545] e1000 0000:00:03.0 eth0: Intel(R) PRO/1000 Network Connection
[    1.714003] e1000e: Intel(R) PRO/1000 Network Driver
[    1.715092] e1000e: Copyright(c) 1999 - 2015 Intel Corporation.
[    1.716214] sky2: driver version 1.30
[    1.719699] usbcore: registered new interface driver usblp
[    1.722139] usbcore: registered new interface driver usb-storage
[    1.725697] i8042: PNP: PS/2 Controller [PNP0303:KBD,PNP0f13:MOU] at 0x60,0x64 irq 1,12
[    1.729348] serio: i8042 KBD port at 0x60,0x64 irq 1
[    1.730474] serio: i8042 AUX port at 0x60,0x64 irq 12
[    1.732788] input: AT Translated Set 2 keyboard as /devices/platform/i8042/serio0/input/input1
[    1.733253] rtc_cmos 00:05: RTC can wake from S4
[    1.737840] rtc_cmos 00:05: registered as rtc0
[    1.739163] rtc_cmos 00:05: alarms up to one day, y3k, 242 bytes nvram, hpet irqs
[    1.742048] device-mapper: ioctl: 4.49.0-ioctl (2025-01-17) initialised: dm-devel@lists.linux.dev
[    1.744898] intel_pstate: CPU model not supported
[    1.747045] hid: raw HID events driver (C) Jiri Kosina
[    1.750600] usbcore: registered new interface driver usbhid
[    1.752803] usbhid: USB HID core driver
[    1.754944] netem: version 1.3
[    1.758131] Initializing XFRM netlink socket
[    1.759239] NET: Registered PF_INET6 protocol family
[    1.762730] Segment Routing with IPv6
[    1.764199] In-situ OAM (IOAM) with IPv6
[    1.765875] sit: IPv6, IPv4 and MPLS over IPv4 tunneling driver
[    1.768531] NET: Registered PF_PACKET protocol family
[    1.770242] 9pnet: Installing 9P2000 support
[    1.772035] Key type dns_resolver registered
[    1.774148] IPI shorthand broadcast: enabled
[    1.793705] sched_clock: Marking stable (1769006947, 24072563)->(1897814279, -104734769)
[    1.796718] registered taskstats version 1
[    1.798411] Loading compiled-in X.509 certificates
[    1.812005] Demotion targets for Node 0: null
[    1.813463] PM:   Magic number: 10:52:892
[    1.814538] printk: legacy console [netcon0] enabled
[    1.816310] netconsole: network logging started
[    1.818792] cfg80211: Loading compiled-in X.509 certificates for regulatory database
[    1.822104] kworker/u8:1 (56) used greatest stack depth: 29648 bytes left
[    1.823962] kworker/u8:1 (57) used greatest stack depth: 29504 bytes left
[    1.824342] Loaded X.509 cert 'sforshee: 00b28ddf47aef9cea7'
[    1.827502] Loaded X.509 cert 'wens: 61c038651aabdcf94bd0ac7ff06c7248db18c600'
[    1.829507] platform regulatory.0: Direct firmware load for regulatory.db failed with error -2
[    1.830165] ALSA device list:
[    1.831713] cfg80211: failed to load regulatory.db
[    1.832425]   No soundcards found.
[    1.837677] Freeing unused kernel image (initmem) memory: 6056K
[    1.838669] Write protecting the kernel read-only data: 65536k
[    1.843298] Freeing unused kernel image (text/rodata gap) memory: 1924K
[    1.844795] Freeing unused kernel image (rodata/data gap) memory: 1024K
[    1.855929] x86/mm: Checked W+X mappings: passed, no W+X pages found.
[    1.856979] Run /init as init process
[    1.859546] mkdir (59) used greatest stack depth: 28896 bytes left
[    1.861225] mount (60) used greatest stack depth: 28256 bytes left

secb: rootfs ready
---- poc begin ----
[poc] set_link_up(lo): OK
[poc] loopback up -> ifindex=1
[poc] add_qdisc_drr(parent=0xffffffff,handle=0x10000): OK
[poc] add_class_drr(parent=0x10000,handle=0x10001): OK
[poc] add_qdisc_netem(parent=0x10001,handle=0x20000,loss=0x0): OK
[poc] add_qdisc_netem(parent=0x20001,handle=0x30000,loss=0xffffffff): OK
[    1.883807] drr_dequeue: netem qdisc 2: is non-work-conserving?
[poc] del_class_drr(handle=0x10001): OK
[    2.172962] input: ImExPS/2 Generic Explorer Mouse as /devices/platform/i8042/serio1/input/input3
[    2.987713] poc (66) used greatest stack depth: 25024 bytes left
---- poc end rc=0 ----
secb: poc exited without crashing the kernel
[    4.357676] ACPI: PM: Preparing to enter system sleep state S5
[    4.359402] reboot: Power down
NO_CRASH_DETECTED
