bash: warning: setlocale: LC_ALL: cannot change locale (en_US.UTF-8)
c[?7l[2J[0mSeaBIOS (version 1.16.2-debian-1.16.2-1)


iPXE (http://ipxe.org) 00:03.0 CA00 PCI2.10 PnP PMM+7EFCEF00+7EF0EF00 CA00
Press Ctrl-B to configure iPXE (PCI 00:03.0)...                                                                               


Booting from ROM...
c[?7l[2JNo EFI environment detected.
early console in extract_kernel
input_data: 0x0000000004fd02c4
input_len: 0x0000000001b93bda
output: 0x0000000001000000
output_len: 0x0000000005ae815c
kernel_total_size: 0x0000000005830000
needed_size: 0x0000000005c00000
trampoline_32bit: 0x0000000000000000


KASLR disabled: 'nokaslr' on cmdline.


Decompressing Linux... Parsing ELF... No relocation needed... done.
Booting the kernel (entry_offset: 0x000000000321e300).
[    0.000000] Linux version 6.13.0-09711-g5368a67307b3-dirty (root@buildkitsandbox) (gcc (Debian 12.2.0-14+deb12u1) 12.2.0, GNU ld (GNU Binutils for Debian) 2.40) #1 SMP PREEMPT_DYNAMIC Fri May 15 15:49:18 UTC 2026
[    0.000000] Command line: console=ttyS0 oops=panic panic=-1 nokaslr earlyprintk=serial
[    0.000000] BIOS-provided physical RAM map:
[    0.000000] BIOS-e820: [mem 0x0000000000000000-0x000000000009fbff] usable
[    0.000000] BIOS-e820: [mem 0x000000000009fc00-0x000000000009ffff] reserved
[    0.000000] BIOS-e820: [mem 0x00000000000f0000-0x00000000000fffff] reserved
[    0.000000] BIOS-e820: [mem 0x0000000000100000-0x000000007ffdffff] usable
[    0.000000] BIOS-e820: [mem 0x000000007ffe0000-0x000000007fffffff] reserved
[    0.000000] BIOS-e820: [mem 0x00000000feffc000-0x00000000feffffff] reserved
[    0.000000] BIOS-e820: [mem 0x00000000fffc0000-0x00000000ffffffff] reserved
[    0.000000] printk: legacy bootconsole [earlyser0] enabled
[    0.000000] NX (Execute Disable) protection: active
[    0.000000] APIC: Static calls initialized
[    0.000000] SMBIOS 2.8 present.
[    0.000000] DMI: QEMU Standard PC (i440FX + PIIX, 1996), BIOS 1.16.2-debian-1.16.2-1 04/01/2014
[    0.000000] DMI: Memory slots populated: 1/1
[    0.000000] Hypervisor detected: KVM
[    0.000000] kvm-clock: Using msrs 4b564d01 and 4b564d00
[    0.000002] kvm-clock: using sched offset of 501708890 cycles
[    0.001323] clocksource: kvm-clock: mask: 0xffffffffffffffff max_cycles: 0x1cd42e4dffb, max_idle_ns: 881590591483 ns
[    0.005411] tsc: Detected 2995.198 MHz processor
[    0.007098] last_pfn = 0x7ffe0 max_arch_pfn = 0x400000000
[    0.008581] MTRR map: 4 entries (3 fixed + 1 variable; max 19), built from 8 variable MTRRs
[    0.011008] x86/PAT: Configuration [0-7]: WB  WC  UC- UC  WB  WP  UC- WT  
[    0.018840] found SMP MP-table at [mem 0x000f5ba0-0x000f5baf]
[    0.020333] Using GB pages for direct mapping
[    0.021581] RAMDISK: [mem 0x7fe8f000-0x7ffdffff]
[    0.022771] ACPI: Early table checksum verification disabled
[    0.024245] ACPI: RSDP 0x00000000000F59D0 000014 (v00 BOCHS )
[    0.025729] ACPI: RSDT 0x000000007FFE1B33 000034 (v01 BOCHS  BXPC     00000001 BXPC 00000001)
[    0.028625] ACPI: FACP 0x000000007FFE19DF 000074 (v01 BOCHS  BXPC     00000001 BXPC 00000001)
[    0.031195] ACPI: DSDT 0x000000007FFE0040 00199F (v01 BOCHS  BXPC     00000001 BXPC 00000001)
[    0.033491] ACPI: FACS 0x000000007FFE0000 000040
[    0.034848] ACPI: APIC 0x000000007FFE1A53 000080 (v01 BOCHS  BXPC     00000001 BXPC 00000001)
[    0.037044] ACPI: HPET 0x000000007FFE1AD3 000038 (v01 BOCHS  BXPC     00000001 BXPC 00000001)
[    0.039238] ACPI: WAET 0x000000007FFE1B0B 000028 (v01 BOCHS  BXPC     00000001 BXPC 00000001)
[    0.041448] ACPI: Reserving FACP table memory at [mem 0x7ffe19df-0x7ffe1a52]
[    0.043237] ACPI: Reserving DSDT table memory at [mem 0x7ffe0040-0x7ffe19de]
[    0.045271] ACPI: Reserving FACS table memory at [mem 0x7ffe0000-0x7ffe003f]
[    0.047580] ACPI: Reserving APIC table memory at [mem 0x7ffe1a53-0x7ffe1ad2]
[    0.049798] ACPI: Reserving HPET table memory at [mem 0x7ffe1ad3-0x7ffe1b0a]
[    0.052184] ACPI: Reserving WAET table memory at [mem 0x7ffe1b0b-0x7ffe1b32]
[    0.054995] No NUMA configuration found
[    0.056050] Faking a node at [mem 0x0000000000000000-0x000000007ffdffff]
[    0.057852] NODE_DATA(0) allocated [mem 0x7fe8b940-0x7fe8efff]
[    0.059850] Zone ranges:
[    0.060794]   DMA      [mem 0x0000000000001000-0x0000000000ffffff]
[    0.062379]   DMA32    [mem 0x0000000001000000-0x000000007ffdffff]
[    0.064150]   Normal   empty
[    0.065143] Movable zone start for each node
[    0.066432] Early memory node ranges
[    0.067517]   node   0: [mem 0x0000000000001000-0x000000000009efff]
[    0.069886]   node   0: [mem 0x0000000000100000-0x000000007ffdffff]
[    0.071832] Initmem setup node 0 [mem 0x0000000000001000-0x000000007ffdffff]
[    0.074756] On node 0, zone DMA: 1 pages in unavailable ranges
[    0.076337] On node 0, zone DMA: 97 pages in unavailable ranges
[    0.093317] On node 0, zone DMA32: 32 pages in unavailable ranges
[    0.199832] kasan: KernelAddressSanitizer initialized
[    0.203912] ACPI: PM-Timer IO Port: 0x608
[    0.205253] ACPI: LAPIC_NMI (acpi_id[0xff] dfl dfl lint[0x1])
[    0.206530] IOAPIC[0]: apic_id 0, version 17, address 0xfec00000, GSI 0-23
[    0.208076] ACPI: INT_SRC_OVR (bus 0 bus_irq 0 global_irq 2 dfl dfl)
[    0.209523] ACPI: INT_SRC_OVR (bus 0 bus_irq 5 global_irq 5 high level)
[    0.211123] ACPI: INT_SRC_OVR (bus 0 bus_irq 9 global_irq 9 high level)
[    0.213617] ACPI: INT_SRC_OVR (bus 0 bus_irq 10 global_irq 10 high level)
[    0.216174] ACPI: INT_SRC_OVR (bus 0 bus_irq 11 global_irq 11 high level)
[    0.219471] ACPI: Using ACPI (MADT) for SMP configuration information
[    0.222135] ACPI: HPET id: 0x8086a201 base: 0xfed00000
[    0.223433] TSC deadline timer available
[    0.224418] CPU topo: Max. logical packages:   1
[    0.225630] CPU topo: Max. logical dies:       1
[    0.226799] CPU topo: Max. dies per package:   1
[    0.228010] CPU topo: Max. threads per core:   1
[    0.229202] CPU topo: Num. cores per package:     2
[    0.231357] CPU topo: Num. threads per package:   2
[    0.233665] CPU topo: Allowing 2 present CPUs plus 0 hotplug CPUs
[    0.236435] kvm-guest: APIC: eoi() replaced with kvm_guest_apic_eoi_write()
[    0.239143] kvm-guest: KVM setup pv remote TLB flush
[    0.240423] kvm-guest: setup PV sched yield
[    0.241501] PM: hibernation: Registered nosave memory: [mem 0x00000000-0x00000fff]
[    0.243483] PM: hibernation: Registered nosave memory: [mem 0x0009f000-0x0009ffff]
[    0.245466] PM: hibernation: Registered nosave memory: [mem 0x000a0000-0x000effff]
[    0.247460] PM: hibernation: Registered nosave memory: [mem 0x000f0000-0x000fffff]
[    0.250231] [mem 0x80000000-0xfeffbfff] available for PCI devices
[    0.253535] Booting paravirtualized kernel on KVM
[    0.255876] clocksource: refined-jiffies: mask: 0xffffffff max_cycles: 0xffffffff, max_idle_ns: 1910969940391419 ns
[    0.270008] setup_percpu: NR_CPUS:64 nr_cpumask_bits:2 nr_cpu_ids:2 nr_node_ids:1
[    0.273570] percpu: Embedded 68 pages/cpu s240856 r8192 d29480 u1048576
[    0.275982] Kernel command line: console=ttyS0 oops=panic panic=-1 nokaslr earlyprintk=serial
[    0.278265] Unknown kernel command line parameters "nokaslr", will be passed to user space.
[    0.280763] random: crng init done
[    0.282173] printk: log buffer data + meta data: 262144 + 917504 = 1179648 bytes
[    0.285985] Dentry cache hash table entries: 262144 (order: 9, 2097152 bytes, linear)
[    0.289235] Inode-cache hash table entries: 131072 (order: 8, 1048576 bytes, linear)
[    0.291791] Fallback order for Node 0: 0 
[    0.291796] Built 1 zonelists, mobility grouping on.  Total pages: 524158
[    0.294239] Policy zone: DMA32
[    0.294934] mem auto-init: stack:all(zero), heap alloc:off, heap free:off
[    0.296475] stackdepot: allocating hash table via alloc_large_system_hash
[    0.298067] stackdepot hash table entries: 1048576 (order: 12, 16777216 bytes, linear)
[    0.326047] SLUB: HWalign=64, Order=0-3, MinObjects=0, CPUs=2, Nodes=1
Poking KASLR using RDRAND RDTSC...
[    0.330243] Dynamic Preempt: voluntary
[    0.332014] rcu: Preemptible hierarchical RCU implementation.
[    0.333414] rcu: 	RCU event tracing is enabled.
[    0.334453] rcu: 	RCU restricting CPUs from NR_CPUS=64 to nr_cpu_ids=2.
[    0.335981] 	Trampoline variant of Tasks RCU enabled.
[    0.337096] 	Tracing variant of Tasks RCU enabled.
[    0.338181] rcu: RCU calculated value of scheduler-enlistment delay is 100 jiffies.
[    0.340514] rcu: Adjusting geometry for rcu_fanout_leaf=16, nr_cpu_ids=2
[    0.343095] RCU Tasks: Setting shift to 1 and lim to 1 rcu_task_cb_adjust=1 rcu_task_cpu_ids=2.
[    0.345621] RCU Tasks Trace: Setting shift to 1 and lim to 1 rcu_task_cb_adjust=1 rcu_task_cpu_ids=2.
[    0.359666] NR_IRQS: 4352, nr_irqs: 440, preallocated irqs: 16
[    0.361562] rcu: srcu_init: Setting srcu_struct sizes based on contention.
[    0.370882] Console: colour VGA+ 80x25
[    0.371768] printk: legacy console [ttyS0] enabled
[    0.371768] printk: legacy console [ttyS0] enabled
[    0.373874] printk: legacy bootconsole [earlyser0] disabled
[    0.373874] printk: legacy bootconsole [earlyser0] disabled
[    0.376263] ACPI: Core revision 20240827
[    0.377534] clocksource: hpet: mask: 0xffffffff max_cycles: 0xffffffff, max_idle_ns: 19112604467 ns
[    0.380147] APIC: Switch to symmetric I/O mode setup
[    0.381456] kvm-guest: APIC: send_IPI_mask() replaced with kvm_send_ipi_mask()
[    0.383382] kvm-guest: APIC: send_IPI_mask_allbutself() replaced with kvm_send_ipi_mask_allbutself()
[    0.386246] kvm-guest: setup PV IPIs
[    0.390323] ..TIMER: vector=0x30 apic1=0 pin1=2 apic2=-1 pin2=-1
[    0.391952] clocksource: tsc-early: mask: 0xffffffffffffffff max_cycles: 0x2b2c8d6afc8, max_idle_ns: 440795331172 ns
[    0.394608] Calibrating delay loop (skipped) preset value.. 5990.39 BogoMIPS (lpj=2995198)
[    0.396620] x86/cpu: User Mode Instruction Prevention (UMIP) activated
[    0.397917] Last level iTLB entries: 4KB 0, 2MB 0, 4MB 0
[    0.398609] Last level dTLB entries: 4KB 0, 2MB 0, 4MB 0, 1GB 0
[    0.401613] Spectre V1 : Mitigation: usercopy/swapgs barriers and __user pointer sanitization
[    0.402634] Spectre V2 : Spectre BHI mitigation: SW BHB clearing on syscall and VM exit
[    0.403608] Spectre V2 : Mitigation: Enhanced / Automatic IBRS
[    0.404607] Spectre V2 : Spectre v2 / SpectreRSB mitigation: Filling RSB on context switch
[    0.405607] Spectre V2 : Spectre v2 / PBRSB-eIBRS: Retire a single CALL on VMEXIT
[    0.406607] RETBleed: Mitigation: Enhanced IBRS
[    0.407609] Spectre V2 : mitigation: Enabling conditional Indirect Branch Prediction Barrier
[    0.408613] Speculative Store Bypass: Mitigation: Speculative Store Bypass disabled via prctl
[    0.409608] MMIO Stale Data: Unknown: No mitigations
[    0.410607] Register File Data Sampling: Vulnerable: No microcode
[    0.412658] x86/fpu: Supporting XSAVE feature 0x001: 'x87 floating point registers'
[    0.413606] x86/fpu: Supporting XSAVE feature 0x002: 'SSE registers'
[    0.414607] x86/fpu: Supporting XSAVE feature 0x004: 'AVX registers'
[    0.415606] x86/fpu: xstate_offset[2]:  576, xstate_sizes[2]:  256
[    0.416609] x86/fpu: Enabled xstate features 0x7, context size is 832 bytes, using 'compacted' format.
[    0.439134] Freeing SMP alternatives memory: 48K
[    0.439610] pid_max: default: 32768 minimum: 301
[    0.440711] LSM: initializing lsm=capability,selinux
[    0.441643] SELinux:  Initializing.
[    0.443605] Mount-cache hash table entries: 4096 (order: 3, 32768 bytes, linear)
[    0.444608] Mountpoint-cache hash table entries: 4096 (order: 3, 32768 bytes, linear)
[    0.446235] smpboot: CPU0: 13th Gen Intel(R) Core(TM) i9-13900H (family: 0x6, model: 0xba, stepping: 0x2)
[    0.446947] Performance Events: unsupported p6 CPU model 186 no PMU driver, software events only.
[    0.447688] signal: max sigframe size: 1776
[    0.448692] rcu: Hierarchical SRCU implementation.
[    0.449612] rcu: 	Max phase no-delay instances is 400.
[    0.450703] Timer migration: 1 hierarchy levels; 8 children per group; 1 crossnode level
[    0.452265] smp: Bringing up secondary CPUs ...
[    0.452900] smpboot: x86: Booting SMP configuration:
[    0.453619] .... node  #0, CPUs:      #1
[    0.454703] smp: Brought up 1 node, 2 CPUs
[    0.456639] smpboot: Total of 2 processors activated (11980.79 BogoMIPS)
[    0.458325] Memory: 1673076K/2096632K available (51321K kernel code, 8681K rwdata, 11264K rodata, 6056K init, 1352K bss, 418500K reserved, 0K cma-reserved)
[    0.459798] devtmpfs: initialized
[    0.463083] clocksource: jiffies: mask: 0xffffffff max_cycles: 0xffffffff, max_idle_ns: 1911260446275000 ns
[    0.465616] futex hash table entries: 512 (order: 3, 32768 bytes, linear)
[    0.467899] PM: RTC time: 15:50:08, date: 2026-05-15
[    0.469905] NET: Registered PF_NETLINK/PF_ROUTE protocol family
[    0.470902] audit: initializing netlink subsys (disabled)
[    0.473686] audit: type=2000 audit(1778860208.476:1): state=initialized audit_enabled=0 res=1
[    0.473930] thermal_sys: Registered thermal governor 'step_wise'
[    0.474649] cpuidle: using governor menu
[    0.477277] PCI: Using configuration type 1 for base access
[    0.477735] kprobes: kprobe jump-optimization is enabled. All kprobes are optimized if possible.
[    0.478794] HugeTLB: registered 2.00 MiB page size, pre-allocated 0 pages
[    0.479615] HugeTLB: 28 KiB vmemmap can be freed for a 2.00 MiB page
[    0.481012] ACPI: Added _OSI(Module Device)
[    0.481616] ACPI: Added _OSI(Processor Device)
[    0.482638] ACPI: Added _OSI(3.0 _SCP Extensions)
[    0.483611] ACPI: Added _OSI(Processor Aggregator Device)
[    0.495147] ACPI: 1 ACPI AML tables successfully acquired and loaded
[    0.498003] ACPI: Interpreter enabled
[    0.498664] ACPI: PM: (supports S0 S3 S4 S5)
[    0.499611] ACPI: Using IOAPIC for interrupt routing
[    0.500667] PCI: Using host bridge windows from ACPI; if necessary, use "pci=nocrs" and report a bug
[    0.501610] PCI: Using E820 reservations for host bridge windows
[    0.503187] ACPI: Enabled 2 GPEs in block 00 to 0F
[    0.521288] ACPI: PCI Root Bridge [PCI0] (domain 0000 [bus 00-ff])
[    0.521634] acpi PNP0A03:00: _OSC: OS supports [ASPM ClockPM Segments MSI HPX-Type3]
[    0.522619] acpi PNP0A03:00: _OSC: not requesting OS control; OS requires [ExtendedConfig ASPM ClockPM MSI]
[    0.523708] acpi PNP0A03:00: fail to add MMCONFIG information, can't access extended configuration space under this bridge
[    0.524890] PCI host bridge to bus 0000:00
[    0.525651] pci_bus 0000:00: root bus resource [io  0x0000-0x0cf7 window]
[    0.526623] pci_bus 0000:00: root bus resource [io  0x0d00-0xffff window]
[    0.527621] pci_bus 0000:00: root bus resource [mem 0x000a0000-0x000bffff window]
[    0.528624] pci_bus 0000:00: root bus resource [mem 0x80000000-0xfebfffff window]
[    0.529623] pci_bus 0000:00: root bus resource [mem 0x100000000-0x17fffffff window]
[    0.530617] pci_bus 0000:00: root bus resource [bus 00-ff]
[    0.531715] pci 0000:00:00.0: [8086:1237] type 00 class 0x060000 conventional PCI endpoint
[    0.539876] pci 0000:00:01.0: [8086:7000] type 00 class 0x060100 conventional PCI endpoint
[    0.547938] pci 0000:00:01.1: [8086:7010] type 00 class 0x010180 conventional PCI endpoint
[    0.549680] pci 0000:00:01.1: BAR 4 [io  0xc040-0xc04f]
[    0.550710] pci 0000:00:01.1: BAR 0 [io  0x01f0-0x01f7]: legacy IDE quirk
[    0.551618] pci 0000:00:01.1: BAR 1 [io  0x03f6]: legacy IDE quirk
[    0.552634] pci 0000:00:01.1: BAR 2 [io  0x0170-0x0177]: legacy IDE quirk
[    0.553617] pci 0000:00:01.1: BAR 3 [io  0x0376]: legacy IDE quirk
[    0.555057] pci 0000:00:01.3: [8086:7113] type 00 class 0x068000 conventional PCI endpoint
[    0.556466] pci 0000:00:01.3: quirk: [io  0x0600-0x063f] claimed by PIIX4 ACPI
[    0.556629] pci 0000:00:01.3: quirk: [io  0x0700-0x070f] claimed by PIIX4 SMB
[    0.558168] pci 0000:00:02.0: [1234:1111] type 00 class 0x030000 conventional PCI endpoint
[    0.560630] pci 0000:00:02.0: BAR 0 [mem 0xfd000000-0xfdffffff pref]
[    0.561730] pci 0000:00:02.0: BAR 2 [mem 0xfebf0000-0xfebf0fff]
[    0.562681] pci 0000:00:02.0: ROM [mem 0xfebe0000-0xfebeffff pref]
[    0.563930] pci 0000:00:02.0: Video device with shadowed ROM at [mem 0x000c0000-0x000dffff]
[    0.571636] pci 0000:00:03.0: [8086:100e] type 00 class 0x020000 conventional PCI endpoint
[    0.574641] pci 0000:00:03.0: BAR 0 [mem 0xfebc0000-0xfebdffff]
[    0.575631] pci 0000:00:03.0: BAR 1 [io  0xc000-0xc03f]
[    0.576696] pci 0000:00:03.0: ROM [mem 0xfeb80000-0xfebbffff pref]
[    0.587389] ACPI: PCI: Interrupt link LNKA configured for IRQ 10
[    0.589223] ACPI: PCI: Interrupt link LNKB configured for IRQ 10
[    0.590295] ACPI: PCI: Interrupt link LNKC configured for IRQ 11
[    0.591240] ACPI: PCI: Interrupt link LNKD configured for IRQ 11
[    0.591865] ACPI: PCI: Interrupt link LNKS configured for IRQ 9
[    0.594323] iommu: Default domain type: Translated
[    0.594617] iommu: DMA domain TLB invalidation policy: lazy mode
[    0.596005] SCSI subsystem initialized
[    0.596842] ACPI: bus type USB registered
[    0.597688] usbcore: registered new interface driver usbfs
[    0.598640] usbcore: registered new interface driver hub
[    0.599638] usbcore: registered new device driver usb
[    0.600706] pps_core: LinuxPPS API ver. 1 registered
[    0.601612] pps_core: Software ver. 5.3.6 - Copyright 2005-2007 Rodolfo Giometti <giometti@linux.it>
[    0.602632] PTP clock support registered
[    0.603762] Advanced Linux Sound Architecture Driver Initialized.
[    0.605400] NetLabel: Initializing
[    0.605613] NetLabel:  domain hash size = 128
[    0.606617] NetLabel:  protocols = UNLABELED CIPSOv4 CALIPSO
[    0.607690] NetLabel:  unlabeled traffic allowed by default
[    0.609149] PCI: Using ACPI for IRQ routing
[    0.610053] pci 0000:00:02.0: vgaarb: setting as boot VGA device
[    0.610603] pci 0000:00:02.0: vgaarb: bridge control possible
[    0.610603] pci 0000:00:02.0: vgaarb: VGA device added: decodes=io+mem,owns=io+mem,locks=none
[    0.610636] vgaarb: loaded
[    0.612169] hpet0: at MMIO 0xfed00000, IRQs 2, 8, 0
[    0.612615] hpet0: 3 comparators, 64-bit 100.000000 MHz counter
[    0.617816] clocksource: Switched to clocksource kvm-clock
[    0.619583] VFS: Disk quotas dquot_6.6.0
[    0.621006] VFS: Dquot-cache hash table entries: 512 (order 0, 4096 bytes)
[    0.624502] pnp: PnP ACPI init
[    0.627218] pnp: PnP ACPI: found 6 devices
[    0.644416] clocksource: acpi_pm: mask: 0xffffff max_cycles: 0xffffff, max_idle_ns: 2085701024 ns
[    0.646818] NET: Registered PF_INET protocol family
[    0.648171] IP idents hash table entries: 32768 (order: 6, 262144 bytes, linear)
[    0.651067] tcp_listen_portaddr_hash hash table entries: 1024 (order: 2, 16384 bytes, linear)
[    0.653474] Table-perturb hash table entries: 65536 (order: 6, 262144 bytes, linear)
[    0.655564] TCP established hash table entries: 16384 (order: 5, 131072 bytes, linear)
[    0.658538] TCP bind hash table entries: 16384 (order: 7, 524288 bytes, linear)
[    0.660581] TCP: Hash tables configured (established 16384 bind 16384)
[    0.662441] UDP hash table entries: 1024 (order: 4, 65536 bytes, linear)
[    0.664283] UDP-Lite hash table entries: 1024 (order: 4, 65536 bytes, linear)
[    0.667008] NET: Registered PF_UNIX/PF_LOCAL protocol family
[    0.669645] RPC: Registered named UNIX socket transport module.
[    0.671369] RPC: Registered udp transport module.
[    0.672701] RPC: Registered tcp transport module.
[    0.673955] RPC: Registered tcp-with-tls transport module.
[    0.675618] RPC: Registered tcp NFSv4.1 backchannel transport module.
[    0.678198] pci_bus 0000:00: resource 4 [io  0x0000-0x0cf7 window]
[    0.679876] pci_bus 0000:00: resource 5 [io  0x0d00-0xffff window]
[    0.681509] pci_bus 0000:00: resource 6 [mem 0x000a0000-0x000bffff window]
[    0.683313] pci_bus 0000:00: resource 7 [mem 0x80000000-0xfebfffff window]
[    0.685181] pci_bus 0000:00: resource 8 [mem 0x100000000-0x17fffffff window]
[    0.687235] pci 0000:00:01.0: PIIX3: Enabling Passive Release
[    0.688816] pci 0000:00:00.0: Limiting direct PCI/PCI transfers
[    0.690548] PCI: CLS 0 bytes, default 64
[    0.691851] RAPL PMU: API unit is 2^-32 Joules, 0 fixed counters, 10737418240 ms ovfl timer
[    0.691977] Unpacking initramfs...
[    0.696361] clocksource: tsc: mask: 0xffffffffffffffff max_cycles: 0x2b2c8d6afc8, max_idle_ns: 440795331172 ns
[    0.702467] Initialise system trusted keyrings
[    0.704056] workingset: timestamp_bits=56 max_order=19 bucket_order=0
[    0.708981] NFS: Registering the id_resolver key type
[    0.710564] Key type id_resolver registered
[    0.711780] Key type id_legacy registered
[    0.713012] 9p: Installing v9fs 9p2000 file system support
[    0.721170] Freeing initrd memory: 1348K
[    0.725187] Key type asymmetric registered
[    0.726363] Asymmetric key parser 'x509' registered
[    0.727810] Block layer SCSI generic (bsg) driver version 0.4 loaded (major 251)
[    0.729963] io scheduler mq-deadline registered
[    0.731261] io scheduler kyber registered
[    0.733166] input: Power Button as /devices/LNXSYSTM:00/LNXPWRBN:00/input/input0
[    0.735672] ACPI: button: Power Button [PWRF]
[    0.737822] Serial: 8250/16550 driver, 4 ports, IRQ sharing enabled
[    0.740034] 00:04: ttyS0 at I/O 0x3f8 (irq = 4, base_baud = 115200) is a 16550A
[    0.743492] Non-volatile memory driver v1.3
[    0.744812] Linux agpgart interface v0.103
[    0.747741] ACPI: bus type drm_connector registered
[    0.753366] loop: module loaded
[    0.756555] scsi host0: ata_piix
[    0.757999] scsi host1: ata_piix
[    0.759064] ata1: PATA max MWDMA2 cmd 0x1f0 ctl 0x3f6 bmdma 0xc040 irq 14 lpm-pol 0
[    0.761178] ata2: PATA max MWDMA2 cmd 0x170 ctl 0x376 bmdma 0xc048 irq 15 lpm-pol 0
[    0.764147] e100: Intel(R) PRO/100 Network Driver
[    0.765969] e100: Copyright(c) 1999-2006 Intel Corporation
[    0.767823] e1000: Intel(R) PRO/1000 Network Driver
[    0.769325] e1000: Copyright (c) 1999-2006 Intel Corporation.
[    0.916785] ata2: found unknown device (class 0)
[    0.918949] ata2.00: ATAPI: QEMU DVD-ROM, 2.5+, max UDMA/100
[    0.921876] scsi 1:0:0:0: CD-ROM            QEMU     QEMU DVD-ROM     2.5+ PQ: 0 ANSI: 5
[    0.943667] sr 1:0:0:0: [sr0] scsi3-mmc drive: 4x/4x cd/rw xa/form2 tray
[    0.945266] cdrom: Uniform CD-ROM driver Revision: 3.20
[    0.958567] sr 1:0:0:0: Attached scsi generic sg0 type 5
[    1.226872] ACPI: \_SB_.LNKC: Enabled at IRQ 11
[    1.585542] e1000 0000:00:03.0 eth0: (PCI:33MHz:32-bit) 52:54:00:12:34:56
[    1.589760] e1000 0000:00:03.0 eth0: Intel(R) PRO/1000 Network Connection
[    1.591850] e1000e: Intel(R) PRO/1000 Network Driver
[    1.593059] e1000e: Copyright(c) 1999 - 2015 Intel Corporation.
[    1.594513] sky2: driver version 1.30
[    1.596530] usbcore: registered new interface driver usblp
[    1.597743] usbcore: registered new interface driver usb-storage
[    1.599850] i8042: PNP: PS/2 Controller [PNP0303:KBD,PNP0f13:MOU] at 0x60,0x64 irq 1,12
[    1.603268] serio: i8042 KBD port at 0x60,0x64 irq 1
[    1.605496] serio: i8042 AUX port at 0x60,0x64 irq 12
[    1.608593] input: AT Translated Set 2 keyboard as /devices/platform/i8042/serio0/input/input1
[    1.609536] rtc_cmos 00:05: RTC can wake from S4
[    1.614058] rtc_cmos 00:05: registered as rtc0
[    1.615614] rtc_cmos 00:05: alarms up to one day, y3k, 242 bytes nvram, hpet irqs
[    1.618723] device-mapper: ioctl: 4.49.0-ioctl (2025-01-17) initialised: dm-devel@lists.linux.dev
[    1.621775] intel_pstate: CPU model not supported
[    1.624028] hid: raw HID events driver (C) Jiri Kosina
[    1.625937] usbcore: registered new interface driver usbhid
[    1.627514] usbhid: USB HID core driver
[    1.629304] netem: version 1.3
[    1.631081] Initializing XFRM netlink socket
[    1.632438] NET: Registered PF_INET6 protocol family
[    1.635739] Segment Routing with IPv6
[    1.637068] In-situ OAM (IOAM) with IPv6
[    1.639317] sit: IPv6, IPv4 and MPLS over IPv4 tunneling driver
[    1.641445] NET: Registered PF_PACKET protocol family
[    1.642727] 9pnet: Installing 9P2000 support
[    1.643807] Key type dns_resolver registered
[    1.645391] IPI shorthand broadcast: enabled
[    1.658287] sched_clock: Marking stable (1632008144, 25398992)->(1792188769, -134781633)
[    1.661458] registered taskstats version 1
[    1.662503] Loading compiled-in X.509 certificates
[    1.672691] Demotion targets for Node 0: null
[    1.675224] PM:   Magic number: 10:499:841
[    1.676840] printk: legacy console [netcon0] enabled
[    1.678089] netconsole: network logging started
[    1.679421] cfg80211: Loading compiled-in X.509 certificates for regulatory database
[    1.681651] kworker/u8:1 (56) used greatest stack depth: 29648 bytes left
[    1.684435] kworker/u8:1 (57) used greatest stack depth: 29504 bytes left
[    1.685108] Loaded X.509 cert 'sforshee: 00b28ddf47aef9cea7'
[    1.688305] Loaded X.509 cert 'wens: 61c038651aabdcf94bd0ac7ff06c7248db18c600'
[    1.691393] platform regulatory.0: Direct firmware load for regulatory.db failed with error -2
[    1.694245] ALSA device list:
[    1.695111]   No soundcards found.
[    1.696048] cfg80211: failed to load regulatory.db
[    1.698721] Freeing unused kernel image (initmem) memory: 6056K
[    1.699847] Write protecting the kernel read-only data: 65536k
[    1.701322] Freeing unused kernel image (text/rodata gap) memory: 1924K
[    1.702574] Freeing unused kernel image (rodata/data gap) memory: 1024K
[    1.714052] x86/mm: Checked W+X mappings: passed, no W+X pages found.
[    1.715242] Run /init as init process
[    1.718479] mkdir (59) used greatest stack depth: 28896 bytes left
[    1.719656] mount (60) used greatest stack depth: 28328 bytes left
[    1.722485] mount (63) used greatest stack depth: 28304 bytes left

secb: rootfs ready
---- poc begin ----
[poc] set_link_up(lo): OK
[poc] loopback up -> ifindex=1
[poc] add_qdisc_drr(parent=0xffffffff,handle=0x10000): OK
[poc] add_class_drr(parent=0x10000,handle=0x10001): OK
[poc] add_qdisc_netem(parent=0x10001,handle=0x20000,loss=0x0): OK
[poc] add_qdisc_netem(parent=0x20001,handle=0x30000,loss=0xffffffff): OK
[    1.737479] drr_dequeue: netem qdisc 2: is non-work-conserving?
[poc] del_class_drr(handle=0x10001): OK
[    1.840912] ==================================================================
[    1.842114] BUG: KASAN: slab-use-after-free in drr_dequeue+0x884/0xb60
[    1.843308] Read of size 8 at addr ffff888009358a60 by task poc/66
[    1.844187] 
[    1.844426] CPU: 1 UID: 0 PID: 66 Comm: poc Not tainted 6.13.0-09711-g5368a67307b3-dirty #1
[    1.844429] Hardware name: QEMU Standard PC (i440FX + PIIX, 1996), BIOS 1.16.2-debian-1.16.2-1 04/01/2014
[    1.844431] Call Trace:
[    1.844432]  <TASK>
[    1.844433]  dump_stack_lvl+0x53/0x70
[    1.844437]  print_report+0xce/0x660
[    1.844440]  ? drr_dequeue+0x884/0xb60
[    1.844442]  kasan_report+0xc6/0x100
[    1.844443]  ? drr_dequeue+0x884/0xb60
[    1.844445]  drr_dequeue+0x884/0xb60
[    1.844447]  __qdisc_run+0x16f/0x1770
[    1.844450]  ? dev_qdisc_enqueue+0x3b/0x140
[    1.844452]  __dev_queue_xmit+0x13bf/0x3220
[    1.844465]  ? __alloc_skb+0x148/0x2d0
[    1.844467]  ? __pfx___alloc_skb+0x10/0x10
[    1.844468]  ? __kernel_text_address+0xd/0x40
[    1.844471]  ? __pfx___dev_queue_xmit+0x10/0x10
[    1.844473]  ? __pfx_selinux_ip_postroute_compat+0x10/0x10
[    1.844483]  ? _copy_from_iter+0x214/0x1130
[    1.844486]  ? netlink_unicast+0x5cd/0x830
[    1.844488]  ? unwind_next_frame+0xc42/0x2440
[    1.844491]  ? selinux_ip_postroute+0x3fb/0xaf0
[    1.844493]  ip_finish_output2+0x723/0x19a0
[    1.844496]  ? __pfx_ip_finish_output2+0x10/0x10
[    1.844499]  __ip_finish_output.part.0+0x4cd/0x930
[    1.844501]  ? __pfx___ip_finish_output.part.0+0x10/0x10
[    1.844502]  ? nf_hook_slow+0xa2/0x1c0
[    1.844504]  ip_output+0x25d/0x5d0
[    1.844505]  ? __ip_local_out+0x311/0x400
[    1.844507]  ? __pfx_ip_output+0x10/0x10
[    1.844508]  ? __pfx_ip_finish_output+0x10/0x10
[    1.844510]  ? __pfx_ip_generic_getfrag+0x10/0x10
[    1.844512]  ip_send_skb+0x113/0x150
[    1.844514]  udp_send_skb+0x656/0x1300
[    1.844517]  udp_sendmsg+0x1209/0x1e80
[    1.844519]  ? __pfx_ip_generic_getfrag+0x10/0x10
[    1.844522]  ? __pfx_udp_sendmsg+0x10/0x10
[    1.844524]  ? sk_setsockopt+0xe72/0x2bc0
[    1.844528]  ? inet_autobind+0x111/0x160
[    1.844530]  ? inet_send_prepare+0x209/0x290
[    1.844532]  __sys_sendto+0x35f/0x420
[    1.844534]  ? __pfx___sys_sendto+0x10/0x10
[    1.844536]  ? alloc_fd+0x335/0x5b0
[    1.844539]  ? __sys_setsockopt+0xdd/0x130
[    1.844541]  __x64_sys_sendto+0xdb/0x1b0
[    1.844543]  ? clear_bhb_loop+0x55/0xb0
[    1.844545]  ? clear_bhb_loop+0x55/0xb0
[    1.844547]  ? clear_bhb_loop+0x55/0xb0
[    1.844548]  do_syscall_64+0xa6/0x1a0
[    1.844551]  entry_SYSCALL_64_after_hwframe+0x77/0x7f
[    1.844553] RIP: 0033:0x43b653
[    1.844555] Code: c7 c2 b8 ff ff ff f7 d8 64 89 02 48 c7 c0 ff ff ff ff eb b8 0f 1f 00 80 3d 31 0a 07 00 00 41 89 ca 74 14 b8 2c 00 00 00 0f 05 <48> 3d 00 f0 ff ff 77 75 c3 0f 1f 40 00 55 48 83 ec 30 44 89 4c 24
[    1.844557] RSP: 002b:00007ffe3f4a4f38 EFLAGS: 00000202 ORIG_RAX: 000000000000002c
[    1.844560] RAX: ffffffffffffffda RBX: 0000000000000004 RCX: 000000000043b653
[    1.844561] RDX: 0000000000000040 RSI: 00007ffe3f4a4f60 RDI: 0000000000000004
[    1.844562] RBP: 000000000047f0fe R08: 00007ffe3f4a4f50 R09: 0000000000000010
[    1.844563] R10: 0000000000000000 R11: 0000000000000202 R12: 0000000000000000
[    1.844564] R13: 0000000000000001 R14: 0000000000000001 R15: 0000000000000001
[    1.844565]  </TASK>
[    1.844566] 
[    1.886587] Allocated by task 66:
[    1.887117]  kasan_save_stack+0x33/0x60
[    1.887775]  kasan_save_track+0x14/0x30
[    1.888315]  __kasan_kmalloc+0x8f/0xa0
[    1.888930]  drr_change_class+0x36f/0xae0
[    1.889493]  tc_ctl_tclass+0x3d6/0x12a0
[    1.890069]  rtnetlink_rcv_msg+0x365/0xa40
[    1.890661]  netlink_rcv_skb+0x12f/0x370
[    1.891231]  netlink_unicast+0x5c2/0x830
[    1.891764]  netlink_sendmsg+0x75c/0xc00
[    1.892353]  ____sys_sendmsg+0x822/0xa00
[    1.892949]  ___sys_sendmsg+0x100/0x180
[    1.893442]  __sys_sendmsg+0x11d/0x1b0
[    1.894525]  do_syscall_64+0xa6/0x1a0
[    1.895041]  entry_SYSCALL_64_after_hwframe+0x77/0x7f
[    1.895726] 
[    1.895992] Freed by task 66:
[    1.896427]  kasan_save_stack+0x33/0x60
[    1.896997]  kasan_save_track+0x14/0x30
[    1.897519]  kasan_save_free_info+0x3b/0x60
[    1.898094]  __kasan_slab_free+0x37/0x50
[    1.898607]  kfree+0xcf/0x360
[    1.899000]  drr_delete_class+0x2c4/0x470
[    1.899556]  tc_ctl_tclass+0xe7d/0x12a0
[    1.900055]  rtnetlink_rcv_msg+0x365/0xa40
[    1.900561]  netlink_rcv_skb+0x12f/0x370
[    1.901074]  netlink_unicast+0x5c2/0x830
[    1.901606]  netlink_sendmsg+0x75c/0xc00
[    1.902194]  ____sys_sendmsg+0x822/0xa00
[    1.902770]  ___sys_sendmsg+0x100/0x180
[    1.903366]  __sys_sendmsg+0x11d/0x1b0
[    1.903910]  do_syscall_64+0xa6/0x1a0
[    1.904416]  entry_SYSCALL_64_after_hwframe+0x77/0x7f
[    1.905120] 
[    1.905391] The buggy address belongs to the object at ffff888009358a00
[    1.905391]  which belongs to the cache kmalloc-128 of size 128
[    1.907173] The buggy address is located 96 bytes inside of
[    1.907173]  freed 128-byte region [ffff888009358a00, ffff888009358a80)
[    1.908821] 
[    1.909182] The buggy address belongs to the physical page:
[    1.910080] page: refcount:0 mapcount:0 mapping:0000000000000000 index:0x0 pfn:0x9358
[    1.911412] flags: 0x100000000000000(node=0|zone=1)
[    1.912368] page_type: f5(slab)
[    1.912907] raw: 0100000000000000 ffff888006c41a00 dead000000000122 0000000000000000
[    1.914728] raw: 0000000000000000 0000000080100010 00000000f5000000 0000000000000000
[    1.916331] page dumped because: kasan: bad access detected
[    1.917186] 
[    1.917432] Memory state around the buggy address:
[    1.918098]  ffff888009358900: 00 00 00 00 00 00 00 00 00 00 00 00 00 00 00 00
[    1.919191]  ffff888009358980: fc fc fc fc fc fc fc fc fc fc fc fc fc fc fc fc
[    1.920279] >ffff888009358a00: fa fb fb fb fb fb fb fb fb fb fb fb fb fb fb fb
[    1.921428]                                                        ^
[    1.922331]  ffff888009358a80: fc fc fc fc fc fc fc fc fc fc fc fc fc fc fc fc
[    1.923388]  ffff888009358b00: fc fc fc fc fc fc fc fc fc fc fc fc fc fc fc fc
[    1.925329] ==================================================================
[    1.927041] Disabling lock debugging due to kernel taint
[    1.928824] Oops: general protection fault, probably for non-canonical address 0x510000800000000: 0000 [#1] PREEMPT SMP KASAN NOPTI
[    1.931078] CPU: 1 UID: 0 PID: 66 Comm: poc Tainted: G    B              6.13.0-09711-g5368a67307b3-dirty #1
[    1.932448] Tainted: [B]=BAD_PAGE
[    1.933031] Hardware name: QEMU Standard PC (i440FX + PIIX, 1996), BIOS 1.16.2-debian-1.16.2-1 04/01/2014
[    1.934617] RIP: 0010:qdisc_peek_dequeued+0x75/0x290
[    1.935631] Code: cc cc cc cc 48 b8 00 00 00 00 00 fc ff df 48 8d 7b 08 48 89 fa 48 c1 ea 03 80 3c 02 00 0f 85 c4 01 00 00 48 8b 43 08 48 89 df <ff> d0 0f 1f 00 48 85 c0 74 c3 48 ba 00 00 00 00 00 fc ff df 48 89
[    1.938013] RSP: 0018:ffffc900003f73d8 EFLAGS: 00010286
[    1.938671] RAX: 0510000800000000 RBX: ffff88800a7c7800 RCX: 0000000000000000
[    1.939626] RDX: 0000000000000000 RSI: 0000000000000008 RDI: ffff88800a7c7800
[    1.940541] RBP: ffff88800a7c7880 R08: 0000000000000001 R09: fffffbfff0cd9bd0
[    1.941483] R10: ffffffff866cde87 R11: 6e696c6261736944 R12: ffff88800a6f8d80
[    1.942449] R13: ffff888009358a60 R14: ffff88800a6f8c00 R15: ffff88800a7c7800
[    1.943987] FS:  000000002a52e380(0000) GS:ffff88806d100000(0000) knlGS:0000000000000000
[    1.945196] CS:  0010 DS: 0000 ES: 0000 CR0: 0000000080050033
[    1.946001] CR2: 00007ffe3f4a0d50 CR3: 000000000a3e2001 CR4: 0000000000370ef0
[    1.946993] Call Trace:
[    1.947470]  <TASK>
[    1.947870]  ? die_addr+0x3b/0xa0
[    1.948516]  ? exc_general_protection+0x151/0x220
[    1.949292]  ? asm_exc_general_protection+0x26/0x30
[    1.950074]  ? qdisc_peek_dequeued+0x75/0x290
[    1.950692]  ? qdisc_peek_dequeued+0x77/0x290
[    1.951429]  drr_dequeue+0x1da/0xb60
[    1.952139]  __qdisc_run+0x16f/0x1770
[    1.952629]  ? dev_qdisc_enqueue+0x3b/0x140
[    1.953242]  __dev_queue_xmit+0x13bf/0x3220
[    1.953890]  ? __alloc_skb+0x148/0x2d0
[    1.954431]  ? __pfx___alloc_skb+0x10/0x10
[    1.954978]  ? __kernel_text_address+0xd/0x40
[    1.955653]  ? __pfx___dev_queue_xmit+0x10/0x10
[    1.956351]  ? __pfx_selinux_ip_postroute_compat+0x10/0x10
[    1.957054]  ? _copy_from_iter+0x214/0x1130
[    1.957710]  ? netlink_unicast+0x5cd/0x830
[    1.958323]  ? unwind_next_frame+0xc42/0x2440
[    1.959125]  ? selinux_ip_postroute+0x3fb/0xaf0
[    1.960142]  ip_finish_output2+0x723/0x19a0
[    1.961501]  ? __pfx_ip_finish_output2+0x10/0x10
[    1.962306]  __ip_finish_output.part.0+0x4cd/0x930
[    1.963107]  ? __pfx___ip_finish_output.part.0+0x10/0x10
[    1.964164]  ? nf_hook_slow+0xa2/0x1c0
[    1.964759]  ip_output+0x25d/0x5d0
[    1.965269]  ? __ip_local_out+0x311/0x400
[    1.965985]  ? __pfx_ip_output+0x10/0x10
[    1.966754]  ? __pfx_ip_finish_output+0x10/0x10
[    1.967838]  ? __pfx_ip_generic_getfrag+0x10/0x10
[    1.969043]  ip_send_skb+0x113/0x150
[    1.969667]  udp_send_skb+0x656/0x1300
[    1.970324]  udp_sendmsg+0x1209/0x1e80
[    1.970963]  ? __pfx_ip_generic_getfrag+0x10/0x10
[    1.971712]  ? __pfx_udp_sendmsg+0x10/0x10
[    1.972393]  ? sk_setsockopt+0xe72/0x2bc0
[    1.972994]  ? inet_autobind+0x111/0x160
[    1.973663]  ? inet_send_prepare+0x209/0x290
[    1.974353]  __sys_sendto+0x35f/0x420
[    1.975048]  ? __pfx___sys_sendto+0x10/0x10
[    1.975709]  ? alloc_fd+0x335/0x5b0
[    1.976314]  ? __sys_setsockopt+0xdd/0x130
[    1.976985]  __x64_sys_sendto+0xdb/0x1b0
[    1.977639]  ? clear_bhb_loop+0x55/0xb0
[    1.978245]  ? clear_bhb_loop+0x55/0xb0
[    1.978866]  ? clear_bhb_loop+0x55/0xb0
[    1.979652]  do_syscall_64+0xa6/0x1a0
[    1.980297]  entry_SYSCALL_64_after_hwframe+0x77/0x7f
[    1.981222] RIP: 0033:0x43b653
[    1.981783] Code: c7 c2 b8 ff ff ff f7 d8 64 89 02 48 c7 c0 ff ff ff ff eb b8 0f 1f 00 80 3d 31 0a 07 00 00 41 89 ca 74 14 b8 2c 00 00 00 0f 05 <48> 3d 00 f0 ff ff 77 75 c3 0f 1f 40 00 55 48 83 ec 30 44 89 4c 24
[    1.985538] RSP: 002b:00007ffe3f4a4f38 EFLAGS: 00000202 ORIG_RAX: 000000000000002c
[    1.987507] RAX: ffffffffffffffda RBX: 0000000000000004 RCX: 000000000043b653
[    1.988928] RDX: 0000000000000040 RSI: 00007ffe3f4a4f60 RDI: 0000000000000004
[    1.990129] RBP: 000000000047f0fe R08: 00007ffe3f4a4f50 R09: 0000000000000010
[    1.991353] R10: 0000000000000000 R11: 0000000000000202 R12: 0000000000000000
[    1.992654] R13: 0000000000000001 R14: 0000000000000001 R15: 0000000000000001
[    1.994045]  </TASK>
[    1.994416] Modules linked in:
[    1.995018] ---[ end trace 0000000000000000 ]---
[    1.995909] RIP: 0010:qdisc_peek_dequeued+0x75/0x290
[    1.996777] Code: cc cc cc cc 48 b8 00 00 00 00 00 fc ff df 48 8d 7b 08 48 89 fa 48 c1 ea 03 80 3c 02 00 0f 85 c4 01 00 00 48 8b 43 08 48 89 df <ff> d0 0f 1f 00 48 85 c0 74 c3 48 ba 00 00 00 00 00 fc ff df 48 89
[    2.001572] RSP: 0018:ffffc900003f73d8 EFLAGS: 00010286
[    2.002937] RAX: 0510000800000000 RBX: ffff88800a7c7800 RCX: 0000000000000000
[    2.004671] RDX: 0000000000000000 RSI: 0000000000000008 RDI: ffff88800a7c7800
[    2.006091] RBP: ffff88800a7c7880 R08: 0000000000000001 R09: fffffbfff0cd9bd0
[    2.007874] R10: ffffffff866cde87 R11: 6e696c6261736944 R12: ffff88800a6f8d80
[    2.009099] R13: ffff888009358a60 R14: ffff88800a6f8c00 R15: ffff88800a7c7800
[    2.010248] FS:  000000002a52e380(0000) GS:ffff88806d100000(0000) knlGS:0000000000000000
[    2.011716] CS:  0010 DS: 0000 ES: 0000 CR0: 0000000080050033
[    2.012759] CR2: 00007ffe3f4a0d50 CR3: 000000000a3e2001 CR4: 0000000000370ef0
[    2.014143] Kernel panic - not syncing: Fatal exception in interrupt
[    2.016310] Kernel Offset: disabled
CONFIRMED: KASAN_UAF
