bash: warning: setlocale: LC_ALL: cannot change locale (en_US.UTF-8)
c[?7l[2J[0mSeaBIOS (version 1.16.2-debian-1.16.2-1)
Booting from ROM...
c[?7l[2Jearly console in extract_kernel
input_data: 0x000000000d7722bf
input_len: 0x0000000004e8e300
output: 0x0000000001000000
output_len: 0x000000000f78ab28
kernel_total_size: 0x0000000011626000
needed_size: 0x0000000011800000
trampoline_32bit: 0x000000000009d000

Decompressing Linux... Parsing ELF... done.
Booting the kernel (entry_offset: 0x0000000000000080).
[    0.000000][    T0] Linux version 6.5.0-rc7-ge3ecddbc634f-dirty (root@buildkitsandbox) (gcc (Debian 12.2.0-14+deb12u1) 12.2.0, GNU ld (GNU Binutils for Debian) 2.40) #2 SMP PREEMPT_DYNAMIC Sat May 23 07:13:44 UTC 2026
[    0.000000][    T0] Command line: console=ttyS0 oops=panic panic=86400 nokaslr earlyprintk=serial rdinit=/init
[    0.000000][    T0] KERNEL supported cpus:
[    0.000000][    T0]   Intel GenuineIntel
[    0.000000][    T0]   AMD AuthenticAMD
[    0.000000][    T0] BIOS-provided physical RAM map:
[    0.000000][    T0] BIOS-e820: [mem 0x0000000000000000-0x000000000009fbff] usable
[    0.000000][    T0] BIOS-e820: [mem 0x000000000009fc00-0x000000000009ffff] reserved
[    0.000000][    T0] BIOS-e820: [mem 0x00000000000f0000-0x00000000000fffff] reserved
[    0.000000][    T0] BIOS-e820: [mem 0x0000000000100000-0x000000007ffdffff] usable
[    0.000000][    T0] BIOS-e820: [mem 0x000000007ffe0000-0x000000007fffffff] reserved
[    0.000000][    T0] BIOS-e820: [mem 0x00000000feffc000-0x00000000feffffff] reserved
[    0.000000][    T0] BIOS-e820: [mem 0x00000000fffc0000-0x00000000ffffffff] reserved
[    0.000000][    T0] printk: bootconsole [earlyser0] enabled
[    0.000000][    T0] NX (Execute Disable) protection: active
[    0.000000][    T0] SMBIOS 2.8 present.
[    0.000000][    T0] DMI: QEMU Standard PC (i440FX + PIIX, 1996), BIOS 1.16.2-debian-1.16.2-1 04/01/2014
[    0.000000][    T0] Hypervisor detected: KVM
[    0.000000][    T0] kvm-clock: Using msrs 4b564d01 and 4b564d00
[    0.000022][    T0] kvm-clock: using sched offset of 1699216303 cycles
[    0.003078][    T0] clocksource: kvm-clock: mask: 0xffffffffffffffff max_cycles: 0x1cd42e4dffb, max_idle_ns: 881590591483 ns
[    0.011510][    T0] tsc: Detected 2995.200 MHz processor
[    0.020082][    T0] last_pfn = 0x7ffe0 max_arch_pfn = 0x400000000
[    0.025127][    T0] MTRR map: 4 entries (3 fixed + 1 variable; max 19), built from 8 variable MTRRs
[    0.030898][    T0] x86/PAT: Configuration [0-7]: WB  WC  UC- UC  WB  WP  UC- WT  
[    0.044989][    T0] found SMP MP-table at [mem 0x000f5ba0-0x000f5baf]
[    0.048822][    T0] Using GB pages for direct mapping
[    0.052333][    T0] Incomplete global flushes, disabling PCID
[    0.053271][    T0] RAMDISK: [mem 0x7fe92000-0x7ffdffff]
[    0.060523][    T0] ACPI: Early table checksum verification disabled
[    0.066893][    T0] ACPI: RSDP 0x00000000000F59D0 000014 (v00 BOCHS )
[    0.077225][    T0] ACPI: RSDT 0x000000007FFE1B33 000034 (v01 BOCHS  BXPC     00000001 BXPC 00000001)
[    0.089297][    T0] ACPI: FACP 0x000000007FFE19DF 000074 (v01 BOCHS  BXPC     00000001 BXPC 00000001)
[    0.095460][    T0] ACPI: DSDT 0x000000007FFE0040 00199F (v01 BOCHS  BXPC     00000001 BXPC 00000001)
[    0.104753][    T0] ACPI: FACS 0x000000007FFE0000 000040
[    0.107583][    T0] ACPI: APIC 0x000000007FFE1A53 000080 (v01 BOCHS  BXPC     00000001 BXPC 00000001)
[    0.113790][    T0] ACPI: HPET 0x000000007FFE1AD3 000038 (v01 BOCHS  BXPC     00000001 BXPC 00000001)
[    0.118519][    T0] ACPI: WAET 0x000000007FFE1B0B 000028 (v01 BOCHS  BXPC     00000001 BXPC 00000001)
[    0.122930][    T0] ACPI: Reserving FACP table memory at [mem 0x7ffe19df-0x7ffe1a52]
[    0.126790][    T0] ACPI: Reserving DSDT table memory at [mem 0x7ffe0040-0x7ffe19de]
[    0.130380][    T0] ACPI: Reserving FACS table memory at [mem 0x7ffe0000-0x7ffe003f]
[    0.134505][    T0] ACPI: Reserving APIC table memory at [mem 0x7ffe1a53-0x7ffe1ad2]
[    0.137941][    T0] ACPI: Reserving HPET table memory at [mem 0x7ffe1ad3-0x7ffe1b0a]
[    0.141863][    T0] ACPI: Reserving WAET table memory at [mem 0x7ffe1b0b-0x7ffe1b32]
[    0.146062][    T0] No NUMA configuration found
[    0.148283][    T0] Faking a node at [mem 0x0000000000000000-0x000000007ffdffff]
[    0.151760][    T0] NODE_DATA(0) allocated [mem 0x7fe8c000-0x7fe91fff]
[    0.171048][    T0] Zone ranges:
[    0.172373][    T0]   DMA      [mem 0x0000000000001000-0x0000000000ffffff]
[    0.175190][    T0]   DMA32    [mem 0x0000000001000000-0x000000007ffdffff]
[    0.178494][    T0]   Normal   empty
[    0.180019][    T0]   Device   empty
[    0.181768][    T0] Movable zone start for each node
[    0.184009][    T0] Early memory node ranges
[    0.186767][    T0]   node   0: [mem 0x0000000000001000-0x000000000009efff]
[    0.190466][    T0]   node   0: [mem 0x0000000000100000-0x000000007ffdffff]
[    0.193850][    T0] Initmem setup node 0 [mem 0x0000000000001000-0x000000007ffdffff]
[    0.197553][    T0] On node 0, zone DMA: 1 pages in unavailable ranges
[    0.197709][    T0] On node 0, zone DMA: 97 pages in unavailable ranges
[    0.229255][    T0] On node 0, zone DMA32: 32 pages in unavailable ranges
[    0.416701][    T0] kasan: KernelAddressSanitizer initialized
[    0.421368][    T0] ACPI: PM-Timer IO Port: 0x608
[    0.423222][    T0] ACPI: LAPIC_NMI (acpi_id[0xff] dfl dfl lint[0x1])
[    0.425453][    T0] IOAPIC[0]: apic_id 0, version 17, address 0xfec00000, GSI 0-23
[    0.427623][    T0] ACPI: INT_SRC_OVR (bus 0 bus_irq 0 global_irq 2 dfl dfl)
[    0.429614][    T0] ACPI: INT_SRC_OVR (bus 0 bus_irq 5 global_irq 5 high level)
[    0.431689][    T0] ACPI: INT_SRC_OVR (bus 0 bus_irq 9 global_irq 9 high level)
[    0.433718][    T0] ACPI: INT_SRC_OVR (bus 0 bus_irq 10 global_irq 10 high level)
[    0.435836][    T0] ACPI: INT_SRC_OVR (bus 0 bus_irq 11 global_irq 11 high level)
[    0.437912][    T0] ACPI: Using ACPI (MADT) for SMP configuration information
[    0.440628][    T0] ACPI: HPET id: 0x8086a201 base: 0xfed00000
[    0.444596][    T0] TSC deadline timer available
[    0.446598][    T0] smpboot: Allowing 2 CPUs, 0 hotplug CPUs
[    0.448572][    T0] kvm-guest: KVM setup pv remote TLB flush
[    0.450429][    T0] kvm-guest: setup PV sched yield
[    0.452059][    T0] PM: hibernation: Registered nosave memory: [mem 0x00000000-0x00000fff]
[    0.454939][    T0] PM: hibernation: Registered nosave memory: [mem 0x0009f000-0x0009ffff]
[    0.461139][    T0] PM: hibernation: Registered nosave memory: [mem 0x000a0000-0x000effff]
[    0.464903][    T0] PM: hibernation: Registered nosave memory: [mem 0x000f0000-0x000fffff]
[    0.467827][    T0] [mem 0x80000000-0xfeffbfff] available for PCI devices
[    0.470167][    T0] Booting paravirtualized kernel on KVM
[    0.473510][    T0] clocksource: refined-jiffies: mask: 0xffffffff max_cycles: 0xffffffff, max_idle_ns: 19112604462750000 ns
[    0.535549][    T0] setup_percpu: NR_CPUS:8 nr_cpumask_bits:2 nr_cpu_ids:2 nr_node_ids:1
[    0.539126][    T0] percpu: Embedded 72 pages/cpu s254408 r8192 d32312 u1048576
[    0.542354][    T0] kvm-guest: PV spinlocks enabled
[    0.543952][    T0] PV qspinlock hash table entries: 256 (order: 0, 4096 bytes, linear)
[    0.546598][    T0] Kernel command line: console=ttyS0 oops=panic panic=86400 nokaslr earlyprintk=serial rdinit=/init
[    0.552160][    T0] random: crng init done
[    0.555530][    T0] Dentry cache hash table entries: 262144 (order: 9, 2097152 bytes, linear)
[    0.559869][    T0] Inode-cache hash table entries: 131072 (order: 8, 1048576 bytes, linear)
[    0.567073][    T0] Fallback order for Node 0: 0 
[    0.567121][    T0] Built 1 zonelists, mobility grouping on.  Total pages: 515808
[    0.575923][    T0] Policy zone: DMA32
[    0.583757][    T0] mem auto-init: stack:all(zero), heap alloc:on, heap free:off
[    0.591999][    T0] stackdepot: allocating hash table via alloc_large_system_hash
[    0.609816][    T0] stackdepot hash table entries: 1048576 (order: 11, 8388608 bytes, linear)
[    0.749627][    T0] Memory: 1465088K/2096632K available (153600K kernel code, 37699K rwdata, 31856K rodata, 3372K init, 35288K bss, 631288K reserved, 0K cma-reserved)
[    0.763264][    T0] allocated 4194304 bytes of page_ext
[    0.765236][    T0] Dynamic Preempt: full
[    0.769153][    T0] Running RCU self tests
[    0.770415][    T0] Running RCU synchronous self tests
[    0.773555][    T0] rcu: Preemptible hierarchical RCU implementation.
[    0.775314][    T0] rcu: 	RCU lockdep checking is enabled.
[    0.776480][    T0] rcu: 	RCU restricting CPUs from NR_CPUS=8 to nr_cpu_ids=2.
[    0.778102][    T0] rcu: 	RCU callback double-/use-after-free debug is enabled.
[    0.780915][    T0] rcu: 	RCU debug extended QS entry/exit.
[    0.782514][    T0] 	Trampoline variant of Tasks RCU enabled.
[    0.784099][    T0] 	Tracing variant of Tasks RCU enabled.
[    0.785597][    T0] rcu: RCU calculated value of scheduler-enlistment delay is 10 jiffies.
[    0.787841][    T0] rcu: Adjusting geometry for rcu_fanout_leaf=16, nr_cpu_ids=2
[    0.790342][    T0] Running RCU synchronous self tests
[    0.830382][    T0] NR_IRQS: 4352, nr_irqs: 440, preallocated irqs: 16
[    0.835130][    T0] rcu: srcu_init: Setting srcu_struct sizes based on contention.
[    0.836983][    T0] kfence: initialized - using 2097152 bytes for 255 objects at 0x(____ptrval____)-0x(____ptrval____)
[    0.861439][    T0] Console: colour VGA+ 80x25
[    0.862973][    T0] printk: console [ttyS0] enabled
[    0.862973][    T0] printk: console [ttyS0] enabled
[    0.867339][    T0] printk: bootconsole [earlyser0] disabled
[    0.867339][    T0] printk: bootconsole [earlyser0] disabled
[    0.869808][    T0] Lock dependency validator: Copyright (c) 2006 Red Hat, Inc., Ingo Molnar
[    0.872028][    T0] ... MAX_LOCKDEP_SUBCLASSES:  8
[    0.873290][    T0] ... MAX_LOCK_DEPTH:          48
[    0.874602][    T0] ... MAX_LOCKDEP_KEYS:        8192
[    0.875934][    T0] ... CLASSHASH_SIZE:          4096
[    0.877300][    T0] ... MAX_LOCKDEP_ENTRIES:     131072
[    0.878710][    T0] ... MAX_LOCKDEP_CHAINS:      262144
[    0.880093][    T0] ... CHAINHASH_SIZE:          131072
[    0.881499][    T0]  memory used by lock dependency info: 20785 kB
[    0.883127][    T0]  memory used for stack traces: 8320 kB
[    0.884558][    T0]  per task-struct memory footprint: 1920 bytes
[    0.886268][    T0] ACPI: Core revision 20230331
[    0.887993][    T0] clocksource: hpet: mask: 0xffffffff max_cycles: 0xffffffff, max_idle_ns: 19112604467 ns
[    0.890909][    T0] APIC: Switch to symmetric I/O mode setup
[    0.892640][    T0] x2apic enabled
[    0.894076][    T0] Switched APIC routing to physical x2apic.
[    0.895546][    T0] kvm-guest: setup PV IPIs
[    0.899417][    T0] ..TIMER: vector=0x30 apic1=0 pin1=2 apic2=-1 pin2=-1
[    0.901115][    T0] clocksource: tsc-early: mask: 0xffffffffffffffff max_cycles: 0x2b2c8ec87c7, max_idle_ns: 440795278598 ns
[    0.903422][    T0] Calibrating delay loop (skipped) preset value.. 5990.40 BogoMIPS (lpj=29952000)
[    0.906154][    T0] x86/cpu: User Mode Instruction Prevention (UMIP) activated
[    0.908412][    T0] Last level iTLB entries: 4KB 0, 2MB 0, 4MB 0
[    0.909733][    T0] Last level dTLB entries: 4KB 0, 2MB 0, 4MB 0, 1GB 0
[    0.913474][    T0] Spectre V1 : Mitigation: usercopy/swapgs barriers and __user pointer sanitization
[    0.915400][    T0] Spectre V2 : WARNING: Unprivileged eBPF is enabled with eIBRS on, data leaks possible via Spectre v2 BHB attacks!
[    0.917887][    T0] Spectre V2 : Mitigation: Enhanced / Automatic IBRS
[    0.919520][    T0] Spectre V2 : Spectre v2 / SpectreRSB mitigation: Filling RSB on context switch
[    0.923411][    T0] Spectre V2 : Spectre v2 / PBRSB-eIBRS: Retire a single CALL on VMEXIT
[    0.925728][    T0] RETBleed: Mitigation: Enhanced IBRS
[    0.927191][    T0] Spectre V2 : mitigation: Enabling conditional Indirect Branch Prediction Barrier
[    0.929548][    T0] Speculative Store Bypass: Mitigation: Speculative Store Bypass disabled via prctl
[    0.933414][    T0] MMIO Stale Data: Unknown: No mitigations
[    0.934958][    T0] x86/fpu: Supporting XSAVE feature 0x001: 'x87 floating point registers'
[    0.937087][    T0] x86/fpu: Supporting XSAVE feature 0x002: 'SSE registers'
[    0.938925][    T0] x86/fpu: Supporting XSAVE feature 0x004: 'AVX registers'
[    0.940894][    T0] x86/fpu: xstate_offset[2]:  576, xstate_sizes[2]:  256
[    0.943411][    T0] x86/fpu: Enabled xstate features 0x7, context size is 832 bytes, using 'compacted' format.
[    0.956117][    T0] Freeing SMP alternatives memory: 116K
[    0.957695][    T0] pid_max: default: 32768 minimum: 301
[    0.959515][    T0] LSM: initializing lsm=lockdown,capability,landlock,yama,safesetid,tomoyo,selinux,integrity
[    0.962289][    T0] landlock: Up and running.
[    0.963307][    T0] Yama: becoming mindful.
[    0.963477][    T0] TOMOYO Linux initialized
[    0.964489][    T0] SELinux:  Initializing.
[    0.965930][    T0] Mount-cache hash table entries: 4096 (order: 3, 32768 bytes, linear)
[    0.968336][    T0] Mountpoint-cache hash table entries: 4096 (order: 3, 32768 bytes, linear)
[    0.976892][    T0] Running RCU synchronous self tests
[    0.978400][    T0] Running RCU synchronous self tests
[    0.980402][    T1] smpboot: CPU0: 13th Gen Intel(R) Core(TM) i9-13900H (family: 0x6, model: 0xba, stepping: 0x2)
[    0.983402][    T1] RCU Tasks: Setting shift to 1 and lim to 1 rcu_task_cb_adjust=1.
[    0.983402][    T1] RCU Tasks Trace: Setting shift to 1 and lim to 1 rcu_task_cb_adjust=1.
[    0.983402][    T1] Running RCU-tasks wait API self tests
[    1.113985][    T1] Performance Events: unsupported p6 CPU model 186 no PMU driver, software events only.
[    1.121344][    T1] signal: max sigframe size: 1776
[    1.126042][    T1] rcu: Hierarchical SRCU implementation.
[    1.129400][    T1] rcu: 	Max phase no-delay instances is 1000.
[    1.133605][   T13] Callback from call_rcu_tasks_trace() invoked.
[    1.137838][    T1] NMI watchdog: Perf NMI watchdog permanently disabled
[    1.140610][    T1] smp: Bringing up secondary CPUs ...
[    1.146851][    T1] smpboot: x86: Booting SMP configuration:
[    1.148991][    T1] .... node  #0, CPUs:      #1
[    1.153791][    T1] smp: Brought up 1 node, 2 CPUs
[    1.155016][    T1] smpboot: Max logical packages: 1
[    1.156462][    T1] smpboot: Total of 2 processors activated (11980.80 BogoMIPS)
[    1.161192][    T1] devtmpfs: initialized
[    1.164091][    T1] x86/mm: Memory block size: 128MB
[    1.178068][    T1] Running RCU synchronous self tests
[    1.178068][    T1] Running RCU synchronous self tests
[    1.183951][    T1] clocksource: jiffies: mask: 0xffffffff max_cycles: 0xffffffff, max_idle_ns: 19112604462750000 ns
[    1.186362][    T1] futex hash table entries: 512 (order: 4, 65536 bytes, linear)
[    1.191297][    T1] PM: RTC time: 07:15:17, date: 2026-05-23
[    1.194408][    T1] NET: Registered PF_NETLINK/PF_ROUTE protocol family
[    1.198910][    T1] audit: initializing netlink subsys (disabled)
[    1.200584][   T26] audit: type=2000 audit(1779520517.037:1): state=initialized audit_enabled=0 res=1
[    1.200584][    T1] thermal_sys: Registered thermal governor 'step_wise'
[    1.200584][    T1] thermal_sys: Registered thermal governor 'user_space'
[    1.200584][    T1] cpuidle: using governor menu
[    1.203542][    T1] NET: Registered PF_QIPCRTR protocol family
[    1.207889][    T1] dca service started, version 1.12.1
[    1.209430][    T1] PCI: Using configuration type 1 for base access
[    1.235479][    T1] HugeTLB: registered 1.00 GiB page size, pre-allocated 0 pages
[    1.235479][    T1] HugeTLB: 16380 KiB vmemmap can be freed for a 1.00 GiB page
[    1.237006][    T1] HugeTLB: registered 2.00 MiB page size, pre-allocated 0 pages
[    1.243464][    T1] HugeTLB: 28 KiB vmemmap can be freed for a 2.00 MiB page
[    1.248367][    T1] cryptd: max_cpu_qlen set to 1000
[    1.265583][    T1] raid6: skipped pq benchmark and selected avx2x4
[    1.270776][    T1] raid6: using avx2x2 recovery algorithm
[    1.274638][    T1] ACPI: Added _OSI(Module Device)
[    1.276156][    T1] ACPI: Added _OSI(Processor Device)
[    1.277679][    T1] ACPI: Added _OSI(3.0 _SCP Extensions)
[    1.279306][    T1] ACPI: Added _OSI(Processor Aggregator Device)
[    1.300555][    T1] ACPI: 1 ACPI AML tables successfully acquired and loaded
[    1.353571][    T1] ACPI: Interpreter enabled
[    1.353571][    T1] ACPI: PM: (supports S0 S3 S4 S5)
[    1.353571][    T1] ACPI: Using IOAPIC for interrupt routing
[    1.353571][    T1] PCI: Using host bridge windows from ACPI; if necessary, use "pci=nocrs" and report a bug
[    1.363449][    T1] PCI: Using E820 reservations for host bridge windows
[    1.363449][    T1] ACPI: Enabled 2 GPEs in block 00 to 0F
[    1.408594][    T1] ACPI: PCI Root Bridge [PCI0] (domain 0000 [bus 00-ff])
[    1.411145][    T1] acpi PNP0A03:00: _OSC: OS supports [ASPM ClockPM Segments MSI HPX-Type3]
[    1.413456][    T1] acpi PNP0A03:00: _OSC: not requesting OS control; OS requires [ExtendedConfig ASPM ClockPM MSI]
[    1.416474][    T1] acpi PNP0A03:00: fail to add MMCONFIG information, can't access extended configuration space under this bridge
[    1.421573][    T1] PCI host bridge to bus 0000:00
[    1.422760][    T1] pci_bus 0000:00: root bus resource [io  0x0000-0x0cf7 window]
[    1.433455][    T1] pci_bus 0000:00: root bus resource [io  0x0d00-0xffff window]
[    1.435315][    T1] pci_bus 0000:00: root bus resource [mem 0x000a0000-0x000bffff window]
[    1.437586][    T1] pci_bus 0000:00: root bus resource [mem 0x80000000-0xfebfffff window]
[    1.439890][    T1] pci_bus 0000:00: root bus resource [mem 0x100000000-0x17fffffff window]
[    1.442256][    T1] pci_bus 0000:00: root bus resource [bus 00-ff]
[    1.443746][    T1] pci 0000:00:00.0: [8086:1237] type 00 class 0x060000
[    1.460007][    T1] pci 0000:00:01.0: [8086:7000] type 00 class 0x060100
[    1.473890][    T1] pci 0000:00:01.1: [8086:7010] type 00 class 0x010180
[    1.477544][    T1] pci 0000:00:01.1: reg 0x20: [io  0xc000-0xc00f]
[    1.481869][    T1] pci 0000:00:01.1: legacy IDE quirk: reg 0x10: [io  0x01f0-0x01f7]
[    1.483533][    T1] pci 0000:00:01.1: legacy IDE quirk: reg 0x14: [io  0x03f6]
[    1.485587][    T1] pci 0000:00:01.1: legacy IDE quirk: reg 0x18: [io  0x0170-0x0177]
[    1.488791][    T1] pci 0000:00:01.1: legacy IDE quirk: reg 0x1c: [io  0x0376]
[    1.494608][    T1] pci 0000:00:01.3: [8086:7113] type 00 class 0x068000
[    1.498306][    T1] pci 0000:00:01.3: quirk: [io  0x0600-0x063f] claimed by PIIX4 ACPI
[    1.500569][    T1] pci 0000:00:01.3: quirk: [io  0x0700-0x070f] claimed by PIIX4 SMB
[    1.504563][    T1] pci 0000:00:02.0: [1234:1111] type 00 class 0x030000
[    1.507604][    T1] pci 0000:00:02.0: reg 0x10: [mem 0xfd000000-0xfdffffff pref]
[    1.514013][    T1] pci 0000:00:02.0: reg 0x18: [mem 0xfebf0000-0xfebf0fff]
[    1.520948][    T1] pci 0000:00:02.0: reg 0x30: [mem 0xfebe0000-0xfebeffff pref]
[    1.524333][    T1] pci 0000:00:02.0: Video device with shadowed ROM at [mem 0x000c0000-0x000dffff]
[    1.541440][    T1] ACPI: PCI: Interrupt link LNKA configured for IRQ 10
[    1.544523][    T1] ACPI: PCI: Interrupt link LNKB configured for IRQ 10
[    1.547681][    T1] ACPI: PCI: Interrupt link LNKC configured for IRQ 11
[    1.550900][    T1] ACPI: PCI: Interrupt link LNKD configured for IRQ 11
[    1.553792][    T1] ACPI: PCI: Interrupt link LNKS configured for IRQ 9
[    1.563415][    T1] iommu: Default domain type: Translated
[    1.563415][    T1] iommu: DMA domain TLB invalidation policy: lazy mode
[    1.564876][    T1] SCSI subsystem initialized
[    1.573428][    T1] ACPI: bus type USB registered
[    1.573428][    T1] usbcore: registered new interface driver usbfs
[    1.573428][    T1] usbcore: registered new interface driver hub
[    1.573428][    T1] usbcore: registered new device driver usb
[    1.575116][    T1] mc: Linux media interface: v0.10
[    1.576761][    T1] videodev: Linux video capture interface: v2.00
[    1.579951][    T1] pps_core: LinuxPPS API ver. 1 registered
[    1.581308][    T1] pps_core: Software ver. 5.3.6 - Copyright 2005-2007 Rodolfo Giometti <giometti@linux.it>
[    1.593529][    T1] PTP clock support registered
[    1.596258][    T1] EDAC MC: Ver: 3.0.0
[    1.599272][    T1] Advanced Linux Sound Architecture Driver Initialized.
[    1.604412][    T1] Bluetooth: Core ver 2.22
[    1.605429][    T1] NET: Registered PF_BLUETOOTH protocol family
[    1.607212][    T1] Bluetooth: HCI device and connection manager initialized
[    1.613901][    T1] Bluetooth: HCI socket layer initialized
[    1.619371][    T1] Bluetooth: L2CAP socket layer initialized
[    1.623531][    T1] Bluetooth: SCO socket layer initialized
[    1.631057][    T1] NET: Registered PF_ATMPVC protocol family
[    1.632587][    T1] NET: Registered PF_ATMSVC protocol family
[    1.634046][    T1] NetLabel: Initializing
[    1.635474][    T1] NetLabel:  domain hash size = 128
[    1.636995][    T1] NetLabel:  protocols = UNLABELED CIPSOv4 CALIPSO
[    1.639893][    T1] NetLabel:  unlabeled traffic allowed by default
[    1.644981][    T1] nfc: nfc_init: NFC Core ver 0.1
[    1.647033][    T1] NET: Registered PF_NFC protocol family
[    1.649619][    T1] PCI: Using ACPI for IRQ routing
[    1.653541][    T1] pci 0000:00:02.0: vgaarb: setting as boot VGA device
[    1.656817][    T1] pci 0000:00:02.0: vgaarb: bridge control possible
[    1.660010][    T1] pci 0000:00:02.0: vgaarb: VGA device added: decodes=io+mem,owns=io+mem,locks=none
[    1.673429][    T1] vgaarb: loaded
[    1.676829][    T1] hpet0: at MMIO 0xfed00000, IRQs 2, 8, 0
[    1.683466][    T1] hpet0: 3 comparators, 64-bit 100.000000 MHz counter
[    1.693429][    T1] clocksource: Switched to clocksource kvm-clock
[    1.708629][    T1] VFS: Disk quotas dquot_6.6.0
[    1.711905][    T1] VFS: Dquot-cache hash table entries: 512 (order 0, 4096 bytes)
[    1.717001][    T1] FS-Cache: Loaded
[    1.719889][    T1] CacheFiles: Loaded
[    1.722615][    T1] TOMOYO: 2.6.0
[    1.723462][    T1] Mandatory Access Control activated.
[    1.726136][    T1] pnp: PnP ACPI init
[    1.732475][    T1] pnp: PnP ACPI: found 6 devices
[    1.761789][    T1] clocksource: acpi_pm: mask: 0xffffff max_cycles: 0xffffff, max_idle_ns: 2085701024 ns
[    1.777814][    T1] NET: Registered PF_INET protocol family
[    1.783682][    T1] IP idents hash table entries: 32768 (order: 6, 262144 bytes, linear)
[    1.802995][    T1] tcp_listen_portaddr_hash hash table entries: 1024 (order: 4, 73728 bytes, linear)
[    1.807098][    T1] Table-perturb hash table entries: 65536 (order: 6, 262144 bytes, linear)
[    1.810483][    T1] TCP established hash table entries: 16384 (order: 5, 131072 bytes, linear)
[    1.820898][    T1] TCP bind hash table entries: 16384 (order: 9, 2359296 bytes, linear)
[    1.823956][    T1] TCP: Hash tables configured (established 16384 bind 16384)
[    1.827868][    T1] MPTCP token hash table entries: 2048 (order: 5, 180224 bytes, linear)
[    1.833670][    T1] UDP hash table entries: 1024 (order: 5, 163840 bytes, linear)
[    1.836149][    T1] UDP-Lite hash table entries: 1024 (order: 5, 163840 bytes, linear)
[    1.839014][    T1] NET: Registered PF_UNIX/PF_LOCAL protocol family
[    1.842247][    T1] RPC: Registered named UNIX socket transport module.
[    1.845065][    T1] RPC: Registered udp transport module.
[    1.850952][    T1] RPC: Registered tcp transport module.
[    1.853340][    T1] RPC: Registered tcp-with-tls transport module.
[    1.855112][    T1] RPC: Registered tcp NFSv4.1 backchannel transport module.
[    1.858106][    T1] NET: Registered PF_XDP protocol family
[    1.860221][    T1] pci_bus 0000:00: resource 4 [io  0x0000-0x0cf7 window]
[    1.862197][    T1] pci_bus 0000:00: resource 5 [io  0x0d00-0xffff window]
[    1.865159][    T1] pci_bus 0000:00: resource 6 [mem 0x000a0000-0x000bffff window]
[    1.868554][    T1] pci_bus 0000:00: resource 7 [mem 0x80000000-0xfebfffff window]
[    1.871778][    T1] pci_bus 0000:00: resource 8 [mem 0x100000000-0x17fffffff window]
[    1.882403][    T1] pci 0000:00:01.0: PIIX3: Enabling Passive Release
[    1.886938][    T1] pci 0000:00:00.0: Limiting direct PCI/PCI transfers
[    1.891260][    T1] PCI: CLS 0 bytes, default 64
[    1.894344][    T1] ACPI: bus type thunderbolt registered
[    1.900207][   T51] Trying to unpack rootfs image as initramfs...
[    1.907520][    T1] RAPL PMU: API unit is 2^-32 Joules, 0 fixed counters, 10737418240 ms ovfl timer
[    1.937005][   T58] kwatchdog (58) used greatest stack depth: 29776 bytes left
[    1.997292][    T1] kvm_amd: SVM not supported by CPU 0, not amd or hygon
[    2.001569][    T1] clocksource: tsc: mask: 0xffffffffffffffff max_cycles: 0x2b2c8ec87c7, max_idle_ns: 440795278598 ns
[    2.011846][    T1] AVX2 instructions are not detected.
[    2.013220][    T1] AVX or AES-NI instructions are not detected.
[    2.014647][    T1] AVX2 or AES-NI instructions are not detected.
[    2.027097][    T1] AVX or AES-NI instructions are not detected.
[    2.028620][    T1] AVX2 or AES-NI instructions are not detected.
[    2.030044][    T1] AVX or AES-NI instructions are not detected.
[    2.071143][   T51] Freeing initrd memory: 1336K
[    2.073070][   T75] kworker/u4:4 (75) used greatest stack depth: 28528 bytes left
[    2.074985][   T69] kworker/u4:4 (69) used greatest stack depth: 28176 bytes left
[    2.081232][   T66] kworker/u4:4 (66) used greatest stack depth: 27984 bytes left
[    3.938526][   T12] Callback from call_rcu_tasks() invoked.
[    4.332635][   T76] kworker/u4:2 (76) used greatest stack depth: 27904 bytes left
[    4.333332][    T1] Initialise system trusted keyrings
[    4.337806][    T1] workingset: timestamp_bits=40 max_order=19 bucket_order=0
[    4.340168][    T1] zbud: loaded
[    4.347950][    T1] DLM installed
[    4.349706][    T1] squashfs: version 4.0 (2009/01/31) Phillip Lougher
[    4.354035][    T1] NFS: Registering the id_resolver key type
[    4.355492][    T1] Key type id_resolver registered
[    4.356577][    T1] Key type id_legacy registered
[    4.358112][    T1] nfs4filelayout_init: NFSv4 File Layout Driver Registering...
[    4.359747][    T1] nfs4flexfilelayout_init: NFSv4 Flexfile Layout Driver Registering...
[    4.364444][    T1] Key type cifs.spnego registered
[    4.365666][    T1] Key type cifs.idmap registered
[    4.366901][    T1] ntfs: driver 2.1.32 [Flags: R/W].
[    4.368106][    T1] ntfs3: Max link count 4000
[    4.369034][    T1] ntfs3: Enabled Linux POSIX ACLs support
[    4.370183][    T1] ntfs3: Read-only LZX/Xpress compression included
[    4.371571][    T1] efs: 1.0a - http://aeschi.ch.eu.org/efs/
[    4.372736][    T1] jffs2: version 2.2. (NAND) (SUMMARY)  © 2001-2006 Red Hat, Inc.
[    4.374755][    T1] romfs: ROMFS MTD (C) 2007 Red Hat, Inc.
[    4.375959][    T1] QNX4 filesystem 0.2.3 registered.
[    4.377115][    T1] qnx6: QNX6 filesystem 1.0.0 registered.
[    4.378907][    T1] fuse: init (API version 7.38)
[    4.381117][  T100] kworker/u4:0 (100) used greatest stack depth: 27080 bytes left
[    4.382438][    T1] orangefs_debugfs_init: called with debug mask: :none: :0:
[    4.385017][    T1] orangefs_init: module version upstream loaded
[    4.386458][    T1] JFS: nTxBlock = 8192, nTxLock = 65536
[    4.397833][    T1] SGI XFS with ACLs, security attributes, realtime, quota, no debug enabled
[    4.402437][    T1] 9p: Installing v9fs 9p2000 file system support
[    4.403974][    T1] NILFS version 2 loaded
[    4.404824][    T1] befs: version: 0.9.3
[    4.405973][    T1] ocfs2: Registered cluster interface o2cb
[    4.408120][    T1] ocfs2: Registered cluster interface user
[    4.410579][    T1] OCFS2 User DLM kernel interface loaded
[    4.418018][    T1] gfs2: GFS2 installed
[    4.421566][    T1] ceph: loaded (mds proto 32)
[    4.437105][    T1] NET: Registered PF_ALG protocol family
[    4.438830][    T1] xor: measuring software checksum speed
[    4.440601][    T1]    prefetch64-sse  : 27114 MB/sec
[    4.442348][    T1]    generic_sse     : 24870 MB/sec
[    4.443737][    T1] xor: using function: prefetch64-sse (27114 MB/sec)
[    4.445782][    T1] async_tx: api initialized (async)
[    4.448387][    T1] Key type asymmetric registered
[    4.449482][    T1] Asymmetric key parser 'x509' registered
[    4.450753][    T1] Asymmetric key parser 'pkcs8' registered
[    4.451965][    T1] Key type pkcs7_test registered
[    4.453531][    T1] Block layer SCSI generic (bsg) driver version 0.4 loaded (major 240)
[    4.455794][    T1] io scheduler mq-deadline registered
[    4.457025][    T1] io scheduler kyber registered
[    4.458138][    T1] io scheduler bfq registered
[    4.465703][    T1] input: Power Button as /devices/LNXSYSTM:00/LNXPWRBN:00/input/input0
[    4.488974][    T1] ACPI: button: Power Button [PWRF]
[    4.494692][    T1] ioatdma: Intel(R) QuickData Technology Driver 5.00
[    4.642342][    T1] N_HDLC line discipline registered with maxframe=4096
[    4.644034][    T1] Serial: 8250/16550 driver, 4 ports, IRQ sharing enabled
[    4.650035][    T1] 00:04: ttyS0 at I/O 0x3f8 (irq = 4, base_baud = 115200) is a 16550A
[    4.665127][    T1] Non-volatile memory driver v1.3
[    4.666780][    T1] Linux agpgart interface v0.103
[    4.669662][    T1] ACPI: bus type drm_connector registered
[    4.674011][    T1] [drm] Initialized vgem 1.0.0 20120112 for vgem on minor 0
[    4.684704][    T1] [drm] Initialized vkms 1.0.0 20180514 for vkms on minor 1
[    4.743150][    T1] Console: switching to colour frame buffer device 128x48
[    4.760661][    T1] platform vkms: [drm] fb0: vkmsdrmfb frame buffer device
[    4.763319][    T1] usbcore: registered new interface driver udl
[    4.767581][    T1] bochs-drm 0000:00:02.0: vgaarb: deactivate vga console
[    4.773518][    T1] [drm] Found bochs VGA, ID 0xb0c5.
[    4.775236][    T1] [drm] Framebuffer size 16384 kB @ 0xfd000000, mmio @ 0xfebf0000.
[    4.782557][    T1] [drm] Found EDID data blob.
[    4.785659][    T1] [drm] Initialized bochs-drm 1.0.0 20130925 for 0000:00:02.0 on minor 2
[    4.792840][    T1] fbcon: bochs-drmdrmfb (fb1) is primary device
[    4.792854][    T1] fbcon: Remapping primary device, fb1, to tty 1-63
[    5.224819][    T1] bochs-drm 0000:00:02.0: [drm] fb1: bochs-drmdrmfb frame buffer device
[    5.236306][    T9] Floppy drive(s): fd0 is 2.88M AMI BIOS
[    5.264320][    T1] brd: module loaded
[    5.279185][    T9] FDC 0 is a S82078B
[    5.303336][    T1] loop: module loaded
[    5.360863][    T1] zram: Added device: zram0
[    5.365781][    T1] null_blk: disk nullb0 created
[    5.368029][    T1] null_blk: module loaded
[    5.369408][    T1] Guest personality initialized and is inactive
[    5.372244][    T1] VMCI host device registered (name=vmci, major=10, minor=118)
[    5.375077][    T1] Initialized host personality
[    5.376465][    T1] usbcore: registered new interface driver rtsx_usb
[    5.378817][    T1] usbcore: registered new interface driver viperboard
[    5.382316][    T1] usbcore: registered new interface driver dln2
[    5.385192][    T1] usbcore: registered new interface driver pn533_usb
[    5.391319][    T1] nfcsim 0.2 initialized
[    5.393902][    T1] usbcore: registered new interface driver port100
[    5.397461][    T1] usbcore: registered new interface driver nfcmrvl
[    5.404854][    T1] Loading iSCSI transport class v2.0-870.
[    5.411087][    T1] st: Version 20160209, fixed bufsize 32768, s/g segs 256
[    5.434080][    T1] scsi host0: ata_piix
[    5.439673][    T1] scsi host1: ata_piix
[    5.442269][    T1] ata1: PATA max MWDMA2 cmd 0x1f0 ctl 0x3f6 bmdma 0xc000 irq 14
[    5.445690][    T1] ata2: PATA max MWDMA2 cmd 0x170 ctl 0x376 bmdma 0xc008 irq 15
[    5.456043][    T1] Rounding down aligned max_sectors from 4294967295 to 4294967288
[    5.458989][    T1] db_root: cannot open: /etc/target
[    5.460745][    T1] slram: not enough parameters.
[    5.464883][    T1] ftl_cs: FTL header not found.
[    5.475478][    T1] wireguard: WireGuard 1.0.0 loaded. See www.wireguard.com for information.
[    5.480465][    T1] wireguard: Copyright (C) 2015-2019 Jason A. Donenfeld <Jason@zx2c4.com>. All Rights Reserved.
[    5.482979][    T1] eql: Equalizer2002: Simon Janes (simon@ncm.com) and David S. Miller (davem@redhat.com)
[    5.488825][    T1] MACsec IEEE 802.1AE
[    5.496068][    T1] tun: Universal TUN/TAP device driver, 1.6
[    5.501854][    T1] vcan: Virtual CAN interface driver
[    5.503230][    T1] vxcan: Virtual CAN Tunnel driver
[    5.504482][    T1] slcan: serial line CAN interface driver
[    5.505887][    T1] CAN device driver interface
[    5.507935][    T1] usbcore: registered new interface driver usb_8dev
[    5.509746][    T1] usbcore: registered new interface driver ems_usb
[    5.511458][    T1] usbcore: registered new interface driver gs_usb
[    5.513159][    T1] usbcore: registered new interface driver kvaser_usb
[    5.514985][    T1] usbcore: registered new interface driver mcba_usb
[    5.517467][    T1] usbcore: registered new interface driver peak_usb
[    5.519359][    T1] e100: Intel(R) PRO/100 Network Driver
[    5.520695][    T1] e100: Copyright(c) 1999-2006 Intel Corporation
[    5.522344][    T1] e1000: Intel(R) PRO/1000 Network Driver
[    5.523895][    T1] e1000: Copyright (c) 1999-2006 Intel Corporation.
[    5.527357][    T1] e1000e: Intel(R) PRO/1000 Network Driver
[    5.530771][    T1] e1000e: Copyright(c) 1999 - 2015 Intel Corporation.
[    5.537123][    T1] mkiss: AX.25 Multikiss, Hans Albas PE1AYX
[    5.540302][    T1] AX.25: 6pack driver, Revision: 0.3.0
[    5.545807][    T1] AX.25: bpqether driver version 004
[    5.547729][    T1] PPP generic driver version 2.4.2
[    5.552410][    T1] PPP BSD Compression module registered
[    5.553713][    T1] PPP Deflate Compression module registered
[    5.557942][    T1] PPP MPPE Compression module registered
[    5.560683][    T1] NET: Registered PF_PPPOX protocol family
[    5.563362][    T1] PPTP driver version 0.8.5
[    5.564673][    T1] SLIP: version 0.8.4-NET3.019-NEWTTY (dynamic channels, max=256) (6 bit encapsulation enabled).
[    5.569367][    T1] CSLIP: code copyright 1989 Regents of the University of California.
[    5.572670][    T1] SLIP linefill/keepalive option.
[    5.574911][    T1] hdlc: HDLC support module revision 1.22
[    5.579630][    T1] LAPB Ethernet driver version 0.02
[    5.585029][    T1] usbcore: registered new interface driver ath9k_htc
[    5.589695][    T1] usbcore: registered new interface driver carl9170
[    5.593659][    T1] usbcore: registered new interface driver ath6kl_usb
[    5.595942][    T1] usbcore: registered new interface driver ar5523
[    5.597871][    T1] usbcore: registered new interface driver ath10k_usb
[    5.599809][    T1] usbcore: registered new interface driver rndis_wlan
[    5.601754][    T1] mac80211_hwsim: initializing netlink
[    5.617085][  T987] ata2: found unknown device (class 0)
[    5.619328][    T1] usbcore: registered new interface driver atusb
[    5.622690][  T987] ata2.00: ATAPI: QEMU DVD-ROM, 2.5+, max UDMA/100
[    5.630223][    T1] mac802154_hwsim mac802154_hwsim: Added 2 mac802154 hwsim hardware radios
[    5.632658][    T1] VMware vmxnet3 virtual NIC driver - version 1.7.0.0-k-NAPI
[    5.634596][    T1] usbcore: registered new interface driver catc
[    5.636547][    T1] usbcore: registered new interface driver kaweth
[    5.638664][    T1] pegasus: Pegasus/Pegasus II USB Ethernet driver
[    5.639713][   T51] scsi 1:0:0:0: CD-ROM            QEMU     QEMU DVD-ROM     2.5+ PQ: 0 ANSI: 5
[    5.640907][    T1] usbcore: registered new interface driver pegasus
[    5.647127][    T1] usbcore: registered new interface driver rtl8150
[    5.650626][    T1] usbcore: registered new device driver r8152-cfgselector
[    5.652353][    T1] usbcore: registered new interface driver r8152
[    5.654957][    T1] hso: drivers/net/usb/hso.c: Option Wireless
[    5.658927][    T1] usbcore: registered new interface driver hso
[    5.660830][    T1] usbcore: registered new interface driver lan78xx
[    5.662746][    T1] usbcore: registered new interface driver asix
[    5.664630][    T1] usbcore: registered new interface driver ax88179_178a
[    5.666739][    T1] usbcore: registered new interface driver cdc_ether
[    5.668793][    T1] usbcore: registered new interface driver cdc_eem
[    5.671218][    T1] usbcore: registered new interface driver dm9601
[    5.674299][    T1] usbcore: registered new interface driver sr9700
[    5.676294][    T1] usbcore: registered new interface driver CoreChips
[    5.677997][    T1] usbcore: registered new interface driver smsc75xx
[    5.679597][    T1] usbcore: registered new interface driver smsc95xx
[    5.681482][    T1] usbcore: registered new interface driver gl620a
[    5.683450][    T1] usbcore: registered new interface driver net1080
[    5.685456][    T1] usbcore: registered new interface driver plusb
[    5.687460][    T1] usbcore: registered new interface driver rndis_host
[    5.689621][    T1] usbcore: registered new interface driver cdc_subset
[    5.691643][    T1] usbcore: registered new interface driver zaurus
[    5.693511][    T1] usbcore: registered new interface driver MOSCHIP usb-ethernet driver
[    5.696027][    T1] usbcore: registered new interface driver int51x1
[    5.697994][    T1] usbcore: registered new interface driver cdc_phonet
[    5.700068][    T1] usbcore: registered new interface driver kalmia
[    5.701930][    T1] usbcore: registered new interface driver ipheth
[    5.703806][    T1] usbcore: registered new interface driver sierra_net
[    5.705788][    T1] usbcore: registered new interface driver cx82310_eth
[    5.707814][    T1] usbcore: registered new interface driver cdc_ncm
[    5.709687][    T1] usbcore: registered new interface driver huawei_cdc_ncm
[    5.711631][    T1] usbcore: registered new interface driver lg-vl600
[    5.713213][    T1] usbcore: registered new interface driver qmi_wwan
[    5.714814][    T1] usbcore: registered new interface driver cdc_mbim
[    5.716395][    T1] usbcore: registered new interface driver ch9200
[    5.717957][    T1] usbcore: registered new interface driver r8153_ecm
[    5.723933][    T1] VFIO - User Level meta-driver version: 0.3
[    5.731724][    T1] aoe: AoE v85 initialised.
[    5.739800][    T1] SPI driver max3421-hcd has no spi_device_id for maxim,max3421
[    5.744263][    T1] usbcore: registered new interface driver cdc_acm
[    5.745850][    T1] cdc_acm: USB Abstract Control Model driver for USB modems and ISDN adapters
[    5.748369][    T1] usbcore: registered new interface driver usblp
[    5.750917][    T1] usbcore: registered new interface driver cdc_wdm
[    5.752993][    T1] usbcore: registered new interface driver usbtmc
[    5.758165][    T1] usbcore: registered new interface driver uas
[    5.761383][    T1] usbcore: registered new interface driver usb-storage
[    5.763184][    T1] usbcore: registered new interface driver ums-alauda
[    5.766316][    T1] usbcore: registered new interface driver ums-cypress
[    5.769161][    T1] usbcore: registered new interface driver ums-datafab
[    5.771432][    T1] usbcore: registered new interface driver ums_eneub6250
[    5.773325][    T1] usbcore: registered new interface driver ums-freecom
[    5.775071][    T1] usbcore: registered new interface driver ums-isd200
[    5.777622][    T1] usbcore: registered new interface driver ums-jumpshot
[    5.779796][    T1] usbcore: registered new interface driver ums-karma
[    5.781473][    T1] usbcore: registered new interface driver ums-onetouch
[    5.784835][    T1] usbcore: registered new interface driver ums-realtek
[    5.786594][    T1] usbcore: registered new interface driver ums-sddr09
[    5.789008][    T1] usbcore: registered new interface driver ums-sddr55
[    5.791688][    T1] usbcore: registered new interface driver ums-usbat
[    5.793477][    T1] usbcore: registered new interface driver mdc800
[    5.795062][    T1] mdc800: v0.7.5 (30/10/2000):USB Driver for Mustek MDC800 Digital Camera
[    5.797423][    T1] usbcore: registered new interface driver microtekX6
[    5.799404][    T1] usbcore: registered new interface driver usbserial_generic
[    5.801589][    T1] usbserial: USB Serial support registered for generic
[    5.805839][    T1] usbcore: registered new interface driver aircable
[    5.809361][    T1] usbserial: USB Serial support registered for aircable
[    5.814385][    T1] usbcore: registered new interface driver ark3116
[    5.817364][    T1] usbserial: USB Serial support registered for ark3116
[    5.822709][    T1] usbcore: registered new interface driver belkin_sa
[    5.824682][    T1] usbserial: USB Serial support registered for Belkin / Peracom / GoHubs USB Serial Adapter
[    5.833776][    T1] usbcore: registered new interface driver ch341
[    5.836089][    T1] usbserial: USB Serial support registered for ch341-uart
[    5.838403][    T1] usbcore: registered new interface driver cp210x
[    5.840453][    T1] usbserial: USB Serial support registered for cp210x
[    5.842513][    T1] usbcore: registered new interface driver cyberjack
[    5.844802][    T1] usbserial: USB Serial support registered for Reiner SCT Cyberjack USB card reader
[    5.847848][    T1] usbcore: registered new interface driver cypress_m8
[    5.849663][    T1] usbserial: USB Serial support registered for DeLorme Earthmate USB
[    5.851507][    T1] usbserial: USB Serial support registered for HID->COM RS232 Adapter
[    5.853703][    T1] usbserial: USB Serial support registered for Nokia CA-42 V2 Adapter
[    5.856191][    T1] usbcore: registered new interface driver usb_debug
[    5.858183][    T1] usbserial: USB Serial support registered for debug
[    5.860306][    T1] usbserial: USB Serial support registered for xhci_dbc
[    5.866205][    T1] usbcore: registered new interface driver digi_acceleport
[    5.869971][    T1] usbserial: USB Serial support registered for Digi 2 port USB adapter
[    5.873457][    T1] usbserial: USB Serial support registered for Digi 4 port USB adapter
[    5.876910][    T1] usbcore: registered new interface driver io_edgeport
[    5.879986][    T1] usbserial: USB Serial support registered for Edgeport 2 port adapter
[    5.883379][    T1] usbserial: USB Serial support registered for Edgeport 4 port adapter
[    5.886085][    T1] usbserial: USB Serial support registered for Edgeport 8 port adapter
[    5.889446][    T1] usbserial: USB Serial support registered for EPiC device
[    5.899351][    T1] usbcore: registered new interface driver io_ti
[    5.901259][    T1] usbserial: USB Serial support registered for Edgeport TI 1 port adapter
[    5.903639][    T1] usbserial: USB Serial support registered for Edgeport TI 2 port adapter
[    5.906583][    T1] usbcore: registered new interface driver empeg
[    5.908552][    T1] usbserial: USB Serial support registered for empeg
[    5.911106][    T1] usbcore: registered new interface driver f81534a_ctrl
[    5.912893][    T1] usbcore: registered new interface driver f81232
[    5.914501][    T1] usbserial: USB Serial support registered for f81232
[    5.916096][    T1] usbserial: USB Serial support registered for f81534a
[    5.918022][    T1] usbcore: registered new interface driver f81534
[    5.919976][    T1] usbserial: USB Serial support registered for Fintek F81532/F81534
[    5.923098][    T1] usbcore: registered new interface driver ftdi_sio
[    5.924707][    T1] usbserial: USB Serial support registered for FTDI USB Serial Device
[    5.927925][    T1] usbcore: registered new interface driver garmin_gps
[    5.930457][    T1] usbserial: USB Serial support registered for Garmin GPS usb/tty
[    5.932635][    T1] usbcore: registered new interface driver ipaq
[    5.934563][    T1] usbserial: USB Serial support registered for PocketPC PDA
[    5.938394][   T51] sr 1:0:0:0: [sr0] scsi3-mmc drive: 4x/4x cd/rw xa/form2 tray
[    5.942772][   T51] cdrom: Uniform CD-ROM driver Revision: 3.20
[    5.945057][    T1] usbcore: registered new interface driver ipw
[    5.949447][    T1] usbserial: USB Serial support registered for IPWireless converter
[    5.952595][    T1] usbcore: registered new interface driver ir_usb
[    5.955573][    T1] usbserial: USB Serial support registered for IR Dongle
[    5.958589][    T1] usbcore: registered new interface driver iuu_phoenix
[    5.961510][    T1] usbserial: USB Serial support registered for iuu_phoenix
[    5.964015][    T1] usbcore: registered new interface driver keyspan
[    5.965738][    T1] usbserial: USB Serial support registered for Keyspan - (without firmware)
[    5.968803][    T1] usbserial: USB Serial support registered for Keyspan 1 port adapter
[    5.971158][    T1] usbserial: USB Serial support registered for Keyspan 2 port adapter
[    5.974460][    T1] usbserial: USB Serial support registered for Keyspan 4 port adapter
[    5.976837][    T1] usbcore: registered new interface driver keyspan_pda
[    5.983459][    T1] usbserial: USB Serial support registered for Keyspan PDA
[    5.987264][    T1] usbserial: USB Serial support registered for Keyspan PDA - (prerenumeration)
[    5.995553][    T1] usbcore: registered new interface driver kl5kusb105
[    5.997643][    T1] usbserial: USB Serial support registered for KL5KUSB105D / PalmConnect
[    6.000104][    T1] usbcore: registered new interface driver kobil_sct
[    6.001955][    T1] usbserial: USB Serial support registered for KOBIL USB smart card terminal
[    6.002955][   T51] sr 1:0:0:0: Attached scsi generic sg0 type 5
[    6.004389][    T1] usbcore: registered new interface driver mct_u232
[    6.020295][    T1] usbserial: USB Serial support registered for MCT U232
[    6.022084][    T1] usbcore: registered new interface driver metro_usb
[    6.025465][    T1] usbserial: USB Serial support registered for Metrologic USB to Serial
[    6.027978][    T1] usbcore: registered new interface driver mos7720
[    6.029945][    T1] usbserial: USB Serial support registered for Moschip 2 port adapter
[    6.032352][    T1] usbcore: registered new interface driver mos7840
[    6.034304][    T1] usbserial: USB Serial support registered for Moschip 7840/7820 USB Serial Driver
[    6.036782][    T1] usbcore: registered new interface driver mxuport
[    6.038502][    T1] usbserial: USB Serial support registered for MOXA UPort
[    6.040459][    T1] usbcore: registered new interface driver navman
[    6.042082][    T1] usbserial: USB Serial support registered for navman
[    6.044039][    T1] usbcore: registered new interface driver omninet
[    6.045723][    T1] usbserial: USB Serial support registered for ZyXEL - omni.net usb
[    6.048035][    T1] usbcore: registered new interface driver opticon
[    6.049671][    T1] usbserial: USB Serial support registered for opticon
[    6.051477][    T1] usbcore: registered new interface driver option
[    6.053120][    T1] usbserial: USB Serial support registered for GSM modem (1-port)
[    6.055189][    T1] usbcore: registered new interface driver oti6858
[    6.056946][    T1] usbserial: USB Serial support registered for oti6858
[    6.058728][    T1] usbcore: registered new interface driver pl2303
[    6.060851][    T1] usbserial: USB Serial support registered for pl2303
[    6.062626][    T1] usbcore: registered new interface driver qcaux
[    6.064598][    T1] usbserial: USB Serial support registered for qcaux
[    6.066397][    T1] usbcore: registered new interface driver qcserial
[    6.068117][    T1] usbserial: USB Serial support registered for Qualcomm USB modem
[    6.070560][    T1] usbcore: registered new interface driver quatech2
[    6.072256][    T1] usbserial: USB Serial support registered for Quatech 2nd gen USB to Serial Driver
[    6.074755][    T1] usbcore: registered new interface driver safe_serial
[    6.076508][    T1] usbserial: USB Serial support registered for safe_serial
[    6.078605][    T1] usbcore: registered new interface driver sierra
[    6.080964][    T1] usbserial: USB Serial support registered for Sierra USB modem
[    6.083273][    T1] usbcore: registered new interface driver usb_serial_simple
[    6.085120][    T1] usbserial: USB Serial support registered for carelink
[    6.087167][    T1] usbserial: USB Serial support registered for flashloader
[    6.088990][    T1] usbserial: USB Serial support registered for funsoft
[    6.091526][    T1] usbserial: USB Serial support registered for google
[    6.093239][    T1] usbserial: USB Serial support registered for hp4x
[    6.094906][    T1] usbserial: USB Serial support registered for kaufmann
[    6.096780][    T1] usbserial: USB Serial support registered for libtransistor
[    6.099066][    T1] usbserial: USB Serial support registered for moto_modem
[    6.100860][    T1] usbserial: USB Serial support registered for motorola_tetra
[    6.102681][    T1] usbserial: USB Serial support registered for nokia
[    6.104527][    T1] usbserial: USB Serial support registered for novatel_gps
[    6.106335][    T1] usbserial: USB Serial support registered for siemens_mpi
[    6.109673][    T1] usbserial: USB Serial support registered for suunto
[    6.112176][    T1] usbserial: USB Serial support registered for vivopay
[    6.116799][    T1] usbserial: USB Serial support registered for zio
[    6.118375][    T1] usbcore: registered new interface driver spcp8x5
[    6.120006][    T1] usbserial: USB Serial support registered for SPCP8x5
[    6.121674][    T1] usbcore: registered new interface driver ssu100
[    6.123184][    T1] usbserial: USB Serial support registered for Quatech SSU-100 USB to Serial Driver
[    6.125930][    T1] usbcore: registered new interface driver symbolserial
[    6.130125][    T1] usbserial: USB Serial support registered for symbol
[    6.131827][    T1] usbcore: registered new interface driver ti_usb_3410_5052
[    6.133551][    T1] usbserial: USB Serial support registered for TI USB 3410 1 port adapter
[    6.135823][    T1] usbserial: USB Serial support registered for TI USB 5052 2 port adapter
[    6.138802][    T1] usbcore: registered new interface driver upd78f0730
[    6.140845][    T1] usbserial: USB Serial support registered for upd78f0730
[    6.142954][    T1] usbcore: registered new interface driver visor
[    6.144992][    T1] usbserial: USB Serial support registered for Handspring Visor / Palm OS
[    6.147227][    T1] usbserial: USB Serial support registered for Sony Clie 5.0
[    6.148996][    T1] usbserial: USB Serial support registered for Sony Clie 3.5
[    6.150889][    T1] usbcore: registered new interface driver wishbone_serial
[    6.152694][    T1] usbserial: USB Serial support registered for wishbone_serial
[    6.154635][    T1] usbcore: registered new interface driver whiteheat
[    6.158807][    T1] usbserial: USB Serial support registered for Connect Tech - WhiteHEAT - (prerenumeration)
[    6.161203][    T1] usbserial: USB Serial support registered for Connect Tech - WhiteHEAT
[    6.163314][    T1] usbcore: registered new interface driver xr_serial
[    6.164896][    T1] usbserial: USB Serial support registered for xr_serial
[    6.166627][    T1] usbcore: registered new interface driver xsens_mt
[    6.168207][    T1] usbserial: USB Serial support registered for xsens_mt
[    6.170009][    T1] usbcore: registered new interface driver adutux
[    6.171555][    T1] usbcore: registered new interface driver appledisplay
[    6.173239][    T1] usbcore: registered new interface driver cypress_cy7c63
[    6.175993][    T1] usbcore: registered new interface driver cytherm
[    6.178315][    T1] usbcore: registered new interface driver emi26 - firmware loader
[    6.180226][    T1] usbcore: registered new interface driver emi62 - firmware loader
[    6.184042][    T1] usbcore: registered new interface driver idmouse
[    6.187202][    T1] usbcore: registered new interface driver iowarrior
[    6.189015][    T1] usbcore: registered new interface driver isight_firmware
[    6.190792][    T1] usbcore: registered new interface driver usblcd
[    6.193016][    T1] usbcore: registered new interface driver ldusb
[    6.195538][    T1] usbcore: registered new interface driver legousbtower
[    6.199642][    T1] usbcore: registered new interface driver usbtest
[    6.201323][    T1] usbcore: registered new interface driver usb_ehset_test
[    6.203387][    T1] usbcore: registered new interface driver trancevibrator
[    6.205682][    T1] usbcore: registered new interface driver uss720
[    6.207182][    T1] uss720: USB Parport Cable driver for Cables using the Lucent Technologies USS720 Chip
[    6.209468][    T1] uss720: NOTE: this is a special purpose driver to allow nonstandard
[    6.211469][    T1] uss720: protocols (eg. bitbang) over USS720 usb to parallel cables
[    6.213524][    T1] uss720: If you just want to connect to a printer, use usblp instead
[    6.215530][    T1] usbcore: registered new interface driver usbsevseg
[    6.217244][    T1] usbcore: registered new interface driver yurex
[    6.219127][    T1] usbcore: registered new interface driver chaoskey
[    6.220697][    T1] usbcore: registered new interface driver sisusb
[    6.222242][    T1] usbcore: registered new interface driver lvs
[    6.224006][    T1] usbcore: registered new interface driver cxacru
[    6.227094][    T1] usbcore: registered new interface driver speedtch
[    6.229596][    T1] usbcore: registered new interface driver ueagle-atm
[    6.231169][    T1] xusbatm: malformed module parameters
[    6.233260][    T1] dummy_hcd dummy_hcd.0: USB Host+Gadget Emulator, driver 02 May 2005
[    6.235557][    T1] dummy_hcd dummy_hcd.0: Dummy host controller
[    6.239138][    T1] dummy_hcd dummy_hcd.0: new USB bus registered, assigned bus number 1
[    6.241822][    T1] usb usb1: New USB device found, idVendor=1d6b, idProduct=0002, bcdDevice= 6.05
[    6.244450][    T1] usb usb1: New USB device strings: Mfr=3, Product=2, SerialNumber=1
[    6.246653][    T1] usb usb1: Product: Dummy host controller
[    6.248239][    T1] usb usb1: Manufacturer: Linux 6.5.0-rc7-ge3ecddbc634f-dirty dummy_hcd
[    6.250244][    T1] usb usb1: SerialNumber: dummy_hcd.0
[    6.255614][    T1] hub 1-0:1.0: USB hub found
[    6.257026][    T1] hub 1-0:1.0: 1 port detected
[    6.262990][    T1] gadgetfs: USB Gadget filesystem, version 24 Aug 2004
[    6.267237][    T1] vhci_hcd vhci_hcd.0: USB/IP Virtual Host Controller
[    6.269514][    T1] vhci_hcd vhci_hcd.0: new USB bus registered, assigned bus number 2
[    6.271646][    T1] vhci_hcd: created sysfs vhci_hcd.0
[    6.273272][    T1] usb usb2: New USB device found, idVendor=1d6b, idProduct=0002, bcdDevice= 6.05
[    6.275485][    T1] usb usb2: New USB device strings: Mfr=3, Product=2, SerialNumber=1
[    6.277547][    T1] usb usb2: Product: USB/IP Virtual Host Controller
[    6.279105][    T1] usb usb2: Manufacturer: Linux 6.5.0-rc7-ge3ecddbc634f-dirty vhci_hcd
[    6.281179][    T1] usb usb2: SerialNumber: vhci_hcd.0
[    6.284312][    T1] hub 2-0:1.0: USB hub found
[    6.285868][    T1] hub 2-0:1.0: 8 ports detected
[    6.290140][    T1] vhci_hcd vhci_hcd.0: USB/IP Virtual Host Controller
[    6.295991][    T1] vhci_hcd vhci_hcd.0: new USB bus registered, assigned bus number 3
[    6.299903][    T1] usb usb3: We don't know the algorithms for LPM for this host, disabling LPM.
[    6.302315][    T1] usb usb3: New USB device found, idVendor=1d6b, idProduct=0003, bcdDevice= 6.05
[    6.305358][    T1] usb usb3: New USB device strings: Mfr=3, Product=2, SerialNumber=1
[    6.307480][    T1] usb usb3: Product: USB/IP Virtual Host Controller
[    6.309036][    T1] usb usb3: Manufacturer: Linux 6.5.0-rc7-ge3ecddbc634f-dirty vhci_hcd
[    6.310978][    T1] usb usb3: SerialNumber: vhci_hcd.0
[    6.314477][    T1] hub 3-0:1.0: USB hub found
[    6.316057][    T1] hub 3-0:1.0: 8 ports detected
[    6.320779][    T1] vhci_hcd vhci_hcd.1: USB/IP Virtual Host Controller
[    6.323305][    T1] vhci_hcd vhci_hcd.1: new USB bus registered, assigned bus number 4
[    6.326430][    T1] usb usb4: New USB device found, idVendor=1d6b, idProduct=0002, bcdDevice= 6.05
[    6.328783][    T1] usb usb4: New USB device strings: Mfr=3, Product=2, SerialNumber=1
[    6.330862][    T1] usb usb4: Product: USB/IP Virtual Host Controller
[    6.332390][    T1] usb usb4: Manufacturer: Linux 6.5.0-rc7-ge3ecddbc634f-dirty vhci_hcd
[    6.334493][    T1] usb usb4: SerialNumber: vhci_hcd.1
[    6.337215][    T1] hub 4-0:1.0: USB hub found
[    6.338441][    T1] hub 4-0:1.0: 8 ports detected
[    6.342067][    T1] vhci_hcd vhci_hcd.1: USB/IP Virtual Host Controller
[    6.345609][    T1] vhci_hcd vhci_hcd.1: new USB bus registered, assigned bus number 5
[    6.347790][    T1] usb usb5: We don't know the algorithms for LPM for this host, disabling LPM.
[    6.351107][    T1] usb usb5: New USB device found, idVendor=1d6b, idProduct=0003, bcdDevice= 6.05
[    6.353382][    T1] usb usb5: New USB device strings: Mfr=3, Product=2, SerialNumber=1
[    6.355429][    T1] usb usb5: Product: USB/IP Virtual Host Controller
[    6.357654][    T1] usb usb5: Manufacturer: Linux 6.5.0-rc7-ge3ecddbc634f-dirty vhci_hcd
[    6.359577][    T1] usb usb5: SerialNumber: vhci_hcd.1
[    6.372853][    T1] hub 5-0:1.0: USB hub found
[    6.375550][    T1] hub 5-0:1.0: 8 ports detected
[    6.385118][    T1] vhci_hcd vhci_hcd.2: USB/IP Virtual Host Controller
[    6.391893][    T1] vhci_hcd vhci_hcd.2: new USB bus registered, assigned bus number 6
[    6.394637][    T1] usb usb6: New USB device found, idVendor=1d6b, idProduct=0002, bcdDevice= 6.05
[    6.398071][    T1] usb usb6: New USB device strings: Mfr=3, Product=2, SerialNumber=1
[    6.400954][    T1] usb usb6: Product: USB/IP Virtual Host Controller
[    6.403949][    T1] usb usb6: Manufacturer: Linux 6.5.0-rc7-ge3ecddbc634f-dirty vhci_hcd
[    6.408893][    T1] usb usb6: SerialNumber: vhci_hcd.2
[    6.413072][    T1] hub 6-0:1.0: USB hub found
[    6.415003][    T1] hub 6-0:1.0: 8 ports detected
[    6.420010][    T1] vhci_hcd vhci_hcd.2: USB/IP Virtual Host Controller
[    6.423903][    T1] vhci_hcd vhci_hcd.2: new USB bus registered, assigned bus number 7
[    6.438091][    T1] usb usb7: We don't know the algorithms for LPM for this host, disabling LPM.
[    6.443450][    T1] usb usb7: New USB device found, idVendor=1d6b, idProduct=0003, bcdDevice= 6.05
[    6.451575][    T1] usb usb7: New USB device strings: Mfr=3, Product=2, SerialNumber=1
[    6.454551][    T1] usb usb7: Product: USB/IP Virtual Host Controller
[    6.456742][    T1] usb usb7: Manufacturer: Linux 6.5.0-rc7-ge3ecddbc634f-dirty vhci_hcd
[    6.460053][    T1] usb usb7: SerialNumber: vhci_hcd.2
[    6.466502][    T1] hub 7-0:1.0: USB hub found
[    6.469804][    T1] hub 7-0:1.0: 8 ports detected
[    6.482279][    T1] vhci_hcd vhci_hcd.3: USB/IP Virtual Host Controller
[    6.489005][    T1] vhci_hcd vhci_hcd.3: new USB bus registered, assigned bus number 8
[    6.499566][    T1] usb usb8: New USB device found, idVendor=1d6b, idProduct=0002, bcdDevice= 6.05
[    6.501813][    T1] usb usb8: New USB device strings: Mfr=3, Product=2, SerialNumber=1
[    6.503748][    T1] usb usb8: Product: USB/IP Virtual Host Controller
[    6.505384][    T1] usb usb8: Manufacturer: Linux 6.5.0-rc7-ge3ecddbc634f-dirty vhci_hcd
[    6.507395][    T1] usb usb8: SerialNumber: vhci_hcd.3
[    6.511222][    T1] hub 8-0:1.0: USB hub found
[    6.512457][    T1] hub 8-0:1.0: 8 ports detected
[    6.516299][    T1] vhci_hcd vhci_hcd.3: USB/IP Virtual Host Controller
[    6.518731][    T1] vhci_hcd vhci_hcd.3: new USB bus registered, assigned bus number 9
[    6.520806][    T1] usb usb9: We don't know the algorithms for LPM for this host, disabling LPM.
[    6.525865][    T1] usb usb9: New USB device found, idVendor=1d6b, idProduct=0003, bcdDevice= 6.05
[    6.528261][    T1] usb usb9: New USB device strings: Mfr=3, Product=2, SerialNumber=1
[    6.530192][    T1] usb usb9: Product: USB/IP Virtual Host Controller
[    6.531788][    T1] usb usb9: Manufacturer: Linux 6.5.0-rc7-ge3ecddbc634f-dirty vhci_hcd
[    6.533769][    T1] usb usb9: SerialNumber: vhci_hcd.3
[    6.541657][    T1] hub 9-0:1.0: USB hub found
[    6.543189][    T1] hub 9-0:1.0: 8 ports detected
[    6.548327][    T1] vhci_hcd vhci_hcd.4: USB/IP Virtual Host Controller
[    6.550503][    T1] vhci_hcd vhci_hcd.4: new USB bus registered, assigned bus number 10
[    6.552986][    T1] usb usb10: New USB device found, idVendor=1d6b, idProduct=0002, bcdDevice= 6.05
[    6.556638][    T1] usb usb10: New USB device strings: Mfr=3, Product=2, SerialNumber=1
[    6.559127][    T1] usb usb10: Product: USB/IP Virtual Host Controller
[    6.561588][    T1] usb usb10: Manufacturer: Linux 6.5.0-rc7-ge3ecddbc634f-dirty vhci_hcd
[    6.564008][    T1] usb usb10: SerialNumber: vhci_hcd.4
[    6.569212][    T1] hub 10-0:1.0: USB hub found
[    6.570760][    T1] hub 10-0:1.0: 8 ports detected
[    6.575083][    T1] vhci_hcd vhci_hcd.4: USB/IP Virtual Host Controller
[    6.580275][    T1] vhci_hcd vhci_hcd.4: new USB bus registered, assigned bus number 11
[    6.585046][    T1] usb usb11: We don't know the algorithms for LPM for this host, disabling LPM.
[    6.589225][    T1] usb usb11: New USB device found, idVendor=1d6b, idProduct=0003, bcdDevice= 6.05
[    6.591900][    T1] usb usb11: New USB device strings: Mfr=3, Product=2, SerialNumber=1
[    6.594241][    T1] usb usb11: Product: USB/IP Virtual Host Controller
[    6.597974][    T1] usb usb11: Manufacturer: Linux 6.5.0-rc7-ge3ecddbc634f-dirty vhci_hcd
[    6.600887][    T1] usb usb11: SerialNumber: vhci_hcd.4
[    6.609108][    T1] hub 11-0:1.0: USB hub found
[    6.612414][    T1] hub 11-0:1.0: 8 ports detected
[    6.617566][    T1] vhci_hcd vhci_hcd.5: USB/IP Virtual Host Controller
[    6.620508][    T1] vhci_hcd vhci_hcd.5: new USB bus registered, assigned bus number 12
[    6.625142][    T1] usb usb12: New USB device found, idVendor=1d6b, idProduct=0002, bcdDevice= 6.05
[    6.629906][    T1] usb usb12: New USB device strings: Mfr=3, Product=2, SerialNumber=1
[    6.631779][    T1] usb usb12: Product: USB/IP Virtual Host Controller
[    6.633593][    T1] usb usb12: Manufacturer: Linux 6.5.0-rc7-ge3ecddbc634f-dirty vhci_hcd
[    6.635953][    T1] usb usb12: SerialNumber: vhci_hcd.5
[    6.639790][    T1] hub 12-0:1.0: USB hub found
[    6.641205][    T1] hub 12-0:1.0: 8 ports detected
[    6.647958][    T1] vhci_hcd vhci_hcd.5: USB/IP Virtual Host Controller
[    6.652486][    T1] vhci_hcd vhci_hcd.5: new USB bus registered, assigned bus number 13
[    6.659667][    T1] usb usb13: We don't know the algorithms for LPM for this host, disabling LPM.
[    6.663350][    T1] usb usb13: New USB device found, idVendor=1d6b, idProduct=0003, bcdDevice= 6.05
[    6.665521][    T1] usb usb13: New USB device strings: Mfr=3, Product=2, SerialNumber=1
[    6.667443][    T1] usb usb13: Product: USB/IP Virtual Host Controller
[    6.668941][    T1] usb usb13: Manufacturer: Linux 6.5.0-rc7-ge3ecddbc634f-dirty vhci_hcd
[    6.671039][    T1] usb usb13: SerialNumber: vhci_hcd.5
[    6.674150][    T1] hub 13-0:1.0: USB hub found
[    6.676052][    T1] hub 13-0:1.0: 8 ports detected
[    6.680925][    T1] vhci_hcd vhci_hcd.6: USB/IP Virtual Host Controller
[    6.683477][    T1] vhci_hcd vhci_hcd.6: new USB bus registered, assigned bus number 14
[    6.687278][    T1] usb usb14: New USB device found, idVendor=1d6b, idProduct=0002, bcdDevice= 6.05
[    6.689997][    T1] usb usb14: New USB device strings: Mfr=3, Product=2, SerialNumber=1
[    6.692244][    T1] usb usb14: Product: USB/IP Virtual Host Controller
[    6.694101][    T1] usb usb14: Manufacturer: Linux 6.5.0-rc7-ge3ecddbc634f-dirty vhci_hcd
[    6.696359][    T1] usb usb14: SerialNumber: vhci_hcd.6
[    6.698984][    T1] hub 14-0:1.0: USB hub found
[    6.700443][    T1] hub 14-0:1.0: 8 ports detected
[    6.704314][    T1] vhci_hcd vhci_hcd.6: USB/IP Virtual Host Controller
[    6.707989][    T1] vhci_hcd vhci_hcd.6: new USB bus registered, assigned bus number 15
[    6.710252][    T1] usb usb15: We don't know the algorithms for LPM for this host, disabling LPM.
[    6.712629][    T1] usb usb15: New USB device found, idVendor=1d6b, idProduct=0003, bcdDevice= 6.05
[    6.714756][    T1] usb usb15: New USB device strings: Mfr=3, Product=2, SerialNumber=1
[    6.716860][    T1] usb usb15: Product: USB/IP Virtual Host Controller
[    6.718350][    T1] usb usb15: Manufacturer: Linux 6.5.0-rc7-ge3ecddbc634f-dirty vhci_hcd
[    6.720293][    T1] usb usb15: SerialNumber: vhci_hcd.6
[    6.729300][    T1] hub 15-0:1.0: USB hub found
[    6.730823][    T1] hub 15-0:1.0: 8 ports detected
[    6.736197][    T1] vhci_hcd vhci_hcd.7: USB/IP Virtual Host Controller
[    6.746094][    T1] vhci_hcd vhci_hcd.7: new USB bus registered, assigned bus number 16
[    6.752531][    T1] usb usb16: New USB device found, idVendor=1d6b, idProduct=0002, bcdDevice= 6.05
[    6.755001][    T1] usb usb16: New USB device strings: Mfr=3, Product=2, SerialNumber=1
[    6.756914][    T1] usb usb16: Product: USB/IP Virtual Host Controller
[    6.758592][    T1] usb usb16: Manufacturer: Linux 6.5.0-rc7-ge3ecddbc634f-dirty vhci_hcd
[    6.760982][    T1] usb usb16: SerialNumber: vhci_hcd.7
[    6.765349][    T1] hub 16-0:1.0: USB hub found
[    6.768882][    T1] hub 16-0:1.0: 8 ports detected
[    6.772922][    T1] vhci_hcd vhci_hcd.7: USB/IP Virtual Host Controller
[    6.776424][    T1] vhci_hcd vhci_hcd.7: new USB bus registered, assigned bus number 17
[    6.782513][    T1] usb usb17: We don't know the algorithms for LPM for this host, disabling LPM.
[    6.786203][    T1] usb usb17: New USB device found, idVendor=1d6b, idProduct=0003, bcdDevice= 6.05
[    6.792705][    T1] usb usb17: New USB device strings: Mfr=3, Product=2, SerialNumber=1
[    6.794589][    T1] usb usb17: Product: USB/IP Virtual Host Controller
[    6.800817][    T1] usb usb17: Manufacturer: Linux 6.5.0-rc7-ge3ecddbc634f-dirty vhci_hcd
[    6.802736][    T1] usb usb17: SerialNumber: vhci_hcd.7
[    6.808972][    T1] hub 17-0:1.0: USB hub found
[    6.810184][    T1] hub 17-0:1.0: 8 ports detected
[    6.814690][    T1] vhci_hcd vhci_hcd.8: USB/IP Virtual Host Controller
[    6.819276][    T1] vhci_hcd vhci_hcd.8: new USB bus registered, assigned bus number 18
[    6.823306][    T1] usb usb18: New USB device found, idVendor=1d6b, idProduct=0002, bcdDevice= 6.05
[    6.825507][    T1] usb usb18: New USB device strings: Mfr=3, Product=2, SerialNumber=1
[    6.827697][    T1] usb usb18: Product: USB/IP Virtual Host Controller
[    6.829263][    T1] usb usb18: Manufacturer: Linux 6.5.0-rc7-ge3ecddbc634f-dirty vhci_hcd
[    6.831816][    T1] usb usb18: SerialNumber: vhci_hcd.8
[    6.836139][    T1] hub 18-0:1.0: USB hub found
[    6.837430][    T1] hub 18-0:1.0: 8 ports detected
[    6.841386][    T1] vhci_hcd vhci_hcd.8: USB/IP Virtual Host Controller
[    6.843997][    T1] vhci_hcd vhci_hcd.8: new USB bus registered, assigned bus number 19
[    6.847103][    T1] usb usb19: We don't know the algorithms for LPM for this host, disabling LPM.
[    6.849411][    T1] usb usb19: New USB device found, idVendor=1d6b, idProduct=0003, bcdDevice= 6.05
[    6.851648][    T1] usb usb19: New USB device strings: Mfr=3, Product=2, SerialNumber=1
[    6.854586][    T1] usb usb19: Product: USB/IP Virtual Host Controller
[    6.856933][    T1] usb usb19: Manufacturer: Linux 6.5.0-rc7-ge3ecddbc634f-dirty vhci_hcd
[    6.859317][    T1] usb usb19: SerialNumber: vhci_hcd.8
[    6.863839][    T1] hub 19-0:1.0: USB hub found
[    6.866459][    T1] hub 19-0:1.0: 8 ports detected
[    6.877250][    T1] vhci_hcd vhci_hcd.9: USB/IP Virtual Host Controller
[    6.882164][    T1] vhci_hcd vhci_hcd.9: new USB bus registered, assigned bus number 20
[    6.885897][    T1] usb usb20: New USB device found, idVendor=1d6b, idProduct=0002, bcdDevice= 6.05
[    6.888132][    T1] usb usb20: New USB device strings: Mfr=3, Product=2, SerialNumber=1
[    6.889992][    T1] usb usb20: Product: USB/IP Virtual Host Controller
[    6.891476][    T1] usb usb20: Manufacturer: Linux 6.5.0-rc7-ge3ecddbc634f-dirty vhci_hcd
[    6.893776][    T1] usb usb20: SerialNumber: vhci_hcd.9
[    6.897927][    T1] hub 20-0:1.0: USB hub found
[    6.899145][    T1] hub 20-0:1.0: 8 ports detected
[    6.902871][    T1] vhci_hcd vhci_hcd.9: USB/IP Virtual Host Controller
[    6.905551][    T1] vhci_hcd vhci_hcd.9: new USB bus registered, assigned bus number 21
[    6.908549][    T1] usb usb21: We don't know the algorithms for LPM for this host, disabling LPM.
[    6.912756][    T1] usb usb21: New USB device found, idVendor=1d6b, idProduct=0003, bcdDevice= 6.05
[    6.915324][    T1] usb usb21: New USB device strings: Mfr=3, Product=2, SerialNumber=1
[    6.918799][    T1] usb usb21: Product: USB/IP Virtual Host Controller
[    6.921927][    T1] usb usb21: Manufacturer: Linux 6.5.0-rc7-ge3ecddbc634f-dirty vhci_hcd
[    6.923894][    T1] usb usb21: SerialNumber: vhci_hcd.9
[    6.926989][    T1] hub 21-0:1.0: USB hub found
[    6.928601][    T1] hub 21-0:1.0: 8 ports detected
[    6.933651][    T1] vhci_hcd vhci_hcd.10: USB/IP Virtual Host Controller
[    6.936223][    T1] vhci_hcd vhci_hcd.10: new USB bus registered, assigned bus number 22
[    6.939768][    T1] usb usb22: New USB device found, idVendor=1d6b, idProduct=0002, bcdDevice= 6.05
[    6.942292][    T1] usb usb22: New USB device strings: Mfr=3, Product=2, SerialNumber=1
[    6.944571][    T1] usb usb22: Product: USB/IP Virtual Host Controller
[    6.946201][    T1] usb usb22: Manufacturer: Linux 6.5.0-rc7-ge3ecddbc634f-dirty vhci_hcd
[    6.948295][    T1] usb usb22: SerialNumber: vhci_hcd.10
[    6.955364][    T1] hub 22-0:1.0: USB hub found
[    6.957330][    T1] hub 22-0:1.0: 8 ports detected
[    6.961033][    T1] vhci_hcd vhci_hcd.10: USB/IP Virtual Host Controller
[    6.963535][    T1] vhci_hcd vhci_hcd.10: new USB bus registered, assigned bus number 23
[    6.967895][    T1] usb usb23: We don't know the algorithms for LPM for this host, disabling LPM.
[    6.970594][    T1] usb usb23: New USB device found, idVendor=1d6b, idProduct=0003, bcdDevice= 6.05
[    6.975108][    T1] usb usb23: New USB device strings: Mfr=3, Product=2, SerialNumber=1
[    6.977119][    T1] usb usb23: Product: USB/IP Virtual Host Controller
[    6.978637][    T1] usb usb23: Manufacturer: Linux 6.5.0-rc7-ge3ecddbc634f-dirty vhci_hcd
[    6.980758][    T1] usb usb23: SerialNumber: vhci_hcd.10
[    6.984509][    T1] hub 23-0:1.0: USB hub found
[    6.985660][    T1] hub 23-0:1.0: 8 ports detected
[    6.992361][    T1] vhci_hcd vhci_hcd.11: USB/IP Virtual Host Controller
[    6.994997][    T1] vhci_hcd vhci_hcd.11: new USB bus registered, assigned bus number 24
[    6.997615][    T1] usb usb24: New USB device found, idVendor=1d6b, idProduct=0002, bcdDevice= 6.05
[    6.999959][    T1] usb usb24: New USB device strings: Mfr=3, Product=2, SerialNumber=1
[    7.002619][    T1] usb usb24: Product: USB/IP Virtual Host Controller
[    7.005524][    T1] usb usb24: Manufacturer: Linux 6.5.0-rc7-ge3ecddbc634f-dirty vhci_hcd
[    7.007724][    T1] usb usb24: SerialNumber: vhci_hcd.11
[    7.010506][    T1] hub 24-0:1.0: USB hub found
[    7.011723][    T1] hub 24-0:1.0: 8 ports detected
[    7.017437][    T1] vhci_hcd vhci_hcd.11: USB/IP Virtual Host Controller
[    7.020034][    T1] vhci_hcd vhci_hcd.11: new USB bus registered, assigned bus number 25
[    7.022290][    T1] usb usb25: We don't know the algorithms for LPM for this host, disabling LPM.
[    7.025010][    T1] usb usb25: New USB device found, idVendor=1d6b, idProduct=0003, bcdDevice= 6.05
[    7.027273][    T1] usb usb25: New USB device strings: Mfr=3, Product=2, SerialNumber=1
[    7.029118][    T1] usb usb25: Product: USB/IP Virtual Host Controller
[    7.030985][    T1] usb usb25: Manufacturer: Linux 6.5.0-rc7-ge3ecddbc634f-dirty vhci_hcd
[    7.033306][    T1] usb usb25: SerialNumber: vhci_hcd.11
[    7.038391][    T1] hub 25-0:1.0: USB hub found
[    7.039570][    T1] hub 25-0:1.0: 8 ports detected
[    7.044083][    T1] vhci_hcd vhci_hcd.12: USB/IP Virtual Host Controller
[    7.046743][    T1] vhci_hcd vhci_hcd.12: new USB bus registered, assigned bus number 26
[    7.048912][    T1] usb usb26: New USB device found, idVendor=1d6b, idProduct=0002, bcdDevice= 6.05
[    7.055437][    T1] usb usb26: New USB device strings: Mfr=3, Product=2, SerialNumber=1
[    7.057656][    T1] usb usb26: Product: USB/IP Virtual Host Controller
[    7.059194][    T1] usb usb26: Manufacturer: Linux 6.5.0-rc7-ge3ecddbc634f-dirty vhci_hcd
[    7.061437][    T1] usb usb26: SerialNumber: vhci_hcd.12
[    7.065621][    T1] hub 26-0:1.0: USB hub found
[    7.067357][    T1] hub 26-0:1.0: 8 ports detected
[    7.071697][    T1] vhci_hcd vhci_hcd.12: USB/IP Virtual Host Controller
[    7.074424][    T1] vhci_hcd vhci_hcd.12: new USB bus registered, assigned bus number 27
[    7.078605][    T1] usb usb27: We don't know the algorithms for LPM for this host, disabling LPM.
[    7.081365][    T1] usb usb27: New USB device found, idVendor=1d6b, idProduct=0003, bcdDevice= 6.05
[    7.085382][    T1] usb usb27: New USB device strings: Mfr=3, Product=2, SerialNumber=1
[    7.087783][    T1] usb usb27: Product: USB/IP Virtual Host Controller
[    7.089305][    T1] usb usb27: Manufacturer: Linux 6.5.0-rc7-ge3ecddbc634f-dirty vhci_hcd
[    7.091287][    T1] usb usb27: SerialNumber: vhci_hcd.12
[    7.093836][    T1] hub 27-0:1.0: USB hub found
[    7.094985][    T1] hub 27-0:1.0: 8 ports detected
[    7.099374][    T1] vhci_hcd vhci_hcd.13: USB/IP Virtual Host Controller
[    7.103109][    T1] vhci_hcd vhci_hcd.13: new USB bus registered, assigned bus number 28
[    7.106611][    T1] usb usb28: New USB device found, idVendor=1d6b, idProduct=0002, bcdDevice= 6.05
[    7.110140][    T1] usb usb28: New USB device strings: Mfr=3, Product=2, SerialNumber=1
[    7.111933][    T1] usb usb28: Product: USB/IP Virtual Host Controller
[    7.113455][    T1] usb usb28: Manufacturer: Linux 6.5.0-rc7-ge3ecddbc634f-dirty vhci_hcd
[    7.115297][    T1] usb usb28: SerialNumber: vhci_hcd.13
[    7.118905][    T1] hub 28-0:1.0: USB hub found
[    7.120904][    T1] hub 28-0:1.0: 8 ports detected
[    7.128434][    T1] vhci_hcd vhci_hcd.13: USB/IP Virtual Host Controller
[    7.130898][    T1] vhci_hcd vhci_hcd.13: new USB bus registered, assigned bus number 29
[    7.132934][    T1] usb usb29: We don't know the algorithms for LPM for this host, disabling LPM.
[    7.135199][    T1] usb usb29: New USB device found, idVendor=1d6b, idProduct=0003, bcdDevice= 6.05
[    7.137384][    T1] usb usb29: New USB device strings: Mfr=3, Product=2, SerialNumber=1
[    7.139240][    T1] usb usb29: Product: USB/IP Virtual Host Controller
[    7.142289][    T1] usb usb29: Manufacturer: Linux 6.5.0-rc7-ge3ecddbc634f-dirty vhci_hcd
[    7.145876][    T1] usb usb29: SerialNumber: vhci_hcd.13
[    7.152180][    T1] hub 29-0:1.0: USB hub found
[    7.153386][    T1] hub 29-0:1.0: 8 ports detected
[    7.158582][    T1] vhci_hcd vhci_hcd.14: USB/IP Virtual Host Controller
[    7.161242][    T1] vhci_hcd vhci_hcd.14: new USB bus registered, assigned bus number 30
[    7.167480][    T1] usb usb30: New USB device found, idVendor=1d6b, idProduct=0002, bcdDevice= 6.05
[    7.170092][    T1] usb usb30: New USB device strings: Mfr=3, Product=2, SerialNumber=1
[    7.172419][    T1] usb usb30: Product: USB/IP Virtual Host Controller
[    7.174533][    T1] usb usb30: Manufacturer: Linux 6.5.0-rc7-ge3ecddbc634f-dirty vhci_hcd
[    7.176954][    T1] usb usb30: SerialNumber: vhci_hcd.14
[    7.181048][    T1] hub 30-0:1.0: USB hub found
[    7.184668][    T1] hub 30-0:1.0: 8 ports detected
[    7.189282][    T1] vhci_hcd vhci_hcd.14: USB/IP Virtual Host Controller
[    7.191863][    T1] vhci_hcd vhci_hcd.14: new USB bus registered, assigned bus number 31
[    7.194048][    T1] usb usb31: We don't know the algorithms for LPM for this host, disabling LPM.
[    7.196799][    T1] usb usb31: New USB device found, idVendor=1d6b, idProduct=0003, bcdDevice= 6.05
[    7.206208][    T1] usb usb31: New USB device strings: Mfr=3, Product=2, SerialNumber=1
[    7.208556][    T1] usb usb31: Product: USB/IP Virtual Host Controller
[    7.210479][    T1] usb usb31: Manufacturer: Linux 6.5.0-rc7-ge3ecddbc634f-dirty vhci_hcd
[    7.212817][    T1] usb usb31: SerialNumber: vhci_hcd.14
[    7.215730][    T1] hub 31-0:1.0: USB hub found
[    7.217281][    T1] hub 31-0:1.0: 8 ports detected
[    7.223298][    T1] vhci_hcd vhci_hcd.15: USB/IP Virtual Host Controller
[    7.226289][    T1] vhci_hcd vhci_hcd.15: new USB bus registered, assigned bus number 32
[    7.228549][    T1] usb usb32: New USB device found, idVendor=1d6b, idProduct=0002, bcdDevice= 6.05
[    7.231351][    T1] usb usb32: New USB device strings: Mfr=3, Product=2, SerialNumber=1
[    7.233844][    T1] usb usb32: Product: USB/IP Virtual Host Controller
[    7.235358][    T1] usb usb32: Manufacturer: Linux 6.5.0-rc7-ge3ecddbc634f-dirty vhci_hcd
[    7.237730][    T1] usb usb32: SerialNumber: vhci_hcd.15
[    7.243390][    T1] hub 32-0:1.0: USB hub found
[    7.247047][    T1] hub 32-0:1.0: 8 ports detected
[    7.254925][    T1] vhci_hcd vhci_hcd.15: USB/IP Virtual Host Controller
[    7.257535][    T1] vhci_hcd vhci_hcd.15: new USB bus registered, assigned bus number 33
[    7.260029][    T1] usb usb33: We don't know the algorithms for LPM for this host, disabling LPM.
[    7.263284][    T1] usb usb33: New USB device found, idVendor=1d6b, idProduct=0003, bcdDevice= 6.05
[    7.270617][    T1] usb usb33: New USB device strings: Mfr=3, Product=2, SerialNumber=1
[    7.272949][    T1] usb usb33: Product: USB/IP Virtual Host Controller
[    7.274793][    T1] usb usb33: Manufacturer: Linux 6.5.0-rc7-ge3ecddbc634f-dirty vhci_hcd
[    7.277160][    T1] usb usb33: SerialNumber: vhci_hcd.15
[    7.281412][    T1] hub 33-0:1.0: USB hub found
[    7.284578][    T1] hub 33-0:1.0: 8 ports detected
[    7.291551][    T1] usbcore: registered new device driver usbip-host
[    7.294630][    T1] i8042: PNP: PS/2 Controller [PNP0303:KBD,PNP0f13:MOU] at 0x60,0x64 irq 1,12
[    7.299388][    T1] serio: i8042 KBD port at 0x60,0x64 irq 1
[    7.301487][    T1] serio: i8042 AUX port at 0x60,0x64 irq 12
[    7.307370][    T1] mousedev: PS/2 mouse device common for all mice
[    7.311393][    T1] usbcore: registered new interface driver appletouch
[    7.313798][    T1] usbcore: registered new interface driver bcm5974
[    7.319248][    T1] usbcore: registered new interface driver synaptics_usb
[    7.324870][    T1] usbcore: registered new interface driver iforce
[    7.327900][    T1] usbcore: registered new interface driver xpad
[    7.330864][ T1127] input: AT Translated Set 2 keyboard as /devices/platform/i8042/serio0/input/input1
[    7.331475][    T1] usbcore: registered new interface driver usb_acecad
[    7.336546][    T1] usbcore: registered new interface driver aiptek
[    7.344708][    T1] usbcore: registered new interface driver hanwang
[    7.350917][    T1] usbcore: registered new interface driver kbtab
[    7.352895][    T1] usbcore: registered new interface driver pegasus_notetaker
[    7.355189][    T1] usbcore: registered new interface driver usbtouchscreen
[    7.357943][    T1] usbcore: registered new interface driver sur40
[    7.359876][    T1] usbcore: registered new interface driver ati_remote2
[    7.361796][    T1] cm109: Keymap for Komunikate KIP1000 phone loaded
[    7.363872][    T1] usbcore: registered new interface driver cm109
[    7.365666][    T1] cm109: CM109 phone driver: 20080805 (C) Alfred E. Heggestad
[    7.367901][    T1] usbcore: registered new interface driver ims_pcu
[    7.369996][    T1] usbcore: registered new interface driver keyspan_remote
[    7.372172][    T1] usbcore: registered new interface driver powermate
[    7.374468][    T1] usbcore: registered new interface driver yealink
[    7.377416][    T1] rtc_cmos 00:05: RTC can wake from S4
[    7.382399][    T1] rtc_cmos 00:05: registered as rtc0
[    7.384058][    T1] rtc_cmos 00:05: alarms up to one day, y3k, 242 bytes nvram, hpet irqs
[    7.389487][    T1] i2c_dev: i2c /dev entries driver
[    7.393013][    T1] usbcore: registered new interface driver i2c-diolan-u2c
[    7.395764][    T1] usbcore: registered new interface driver RobotFuzz Open Source InterFace, OSIF
[    7.398694][    T1] usbcore: registered new interface driver i2c-tiny-usb
[    7.403675][    T1] usbcore: registered new interface driver igorplugusb
[    7.405911][    T1] usbcore: registered new interface driver iguanair
[    7.408977][    T1] usbcore: registered new interface driver imon
[    7.412066][    T1] usbcore: registered new interface driver mceusb
[    7.416578][    T1] usbcore: registered new interface driver redrat3
[    7.420450][    T1] usbcore: registered new interface driver streamzap
[    7.422782][    T1] usbcore: registered new interface driver ttusbir
[    7.425083][    T1] usbcore: registered new interface driver ati_remote
[    7.428089][    T1] b2c2-flexcop: B2C2 FlexcopII/II(b)/III digital TV receiver chip loaded successfully
[    7.431446][    T1] usbcore: registered new interface driver b2c2_flexcop_usb
[    7.433601][    T1] usbcore: registered new interface driver dvb_usb_vp7045
[    7.435410][    T1] usbcore: registered new interface driver dvb_usb_vp702x
[    7.437284][    T1] usbcore: registered new interface driver dvb_usb_gp8psk
[    7.439148][    T1] usbcore: registered new interface driver dvb_usb_dtt200u
[    7.440850][    T1] usbcore: registered new interface driver dvb_usb_a800
[    7.442549][    T1] usbcore: registered new interface driver dvb_usb_dibusb_mb
[    7.444308][    T1] usbcore: registered new interface driver dvb_usb_dibusb_mc
[    7.446086][    T1] usbcore: registered new interface driver dvb_usb_nova_t_usb2
[    7.448078][    T1] usbcore: registered new interface driver dvb_usb_umt_010
[    7.449835][    T1] usbcore: registered new interface driver dvb_usb_m920x
[    7.451650][    T1] usbcore: registered new interface driver dvb_usb_digitv
[    7.455231][    T1] usbcore: registered new interface driver dvb_usb_cxusb
[    7.457136][    T1] usbcore: registered new interface driver dvb_usb_ttusb2
[    7.459284][    T1] usbcore: registered new interface driver dvb_usb_dib0700
[    7.461471][    T1] usbcore: registered new interface driver opera1
[    7.463450][    T1] usbcore: registered new interface driver dvb_usb_af9005
[    7.465666][    T1] usbcore: registered new interface driver pctv452e
[    7.467755][    T1] usbcore: registered new interface driver dw2102
[    7.471427][    T1] usbcore: registered new interface driver dvb_usb_dtv5100
[    7.473563][    T1] usbcore: registered new interface driver cinergyT2
[    7.475886][    T1] usbcore: registered new interface driver dvb_usb_az6027
[    7.478104][    T1] usbcore: registered new interface driver dvb_usb_technisat_usb2
[    7.480576][    T1] usbcore: registered new interface driver dvb_usb_af9015
[    7.482690][    T1] usbcore: registered new interface driver dvb_usb_af9035
[    7.484675][    T1] usbcore: registered new interface driver dvb_usb_anysee
[    7.487177][    T1] usbcore: registered new interface driver dvb_usb_au6610
[    7.489354][    T1] usbcore: registered new interface driver dvb_usb_az6007
[    7.491531][    T1] usbcore: registered new interface driver dvb_usb_ce6230
[    7.494164][    T1] usbcore: registered new interface driver dvb_usb_ec168
[    7.496529][    T1] usbcore: registered new interface driver dvb_usb_lmedm04
[    7.498661][    T1] usbcore: registered new interface driver dvb_usb_gl861
[    7.500795][    T1] usbcore: registered new interface driver dvb_usb_mxl111sf
[    7.503078][    T1] usbcore: registered new interface driver dvb_usb_rtl28xxu
[    7.505615][    T1] usbcore: registered new interface driver dvb_usb_dvbsky
[    7.509906][    T1] usbcore: registered new interface driver zd1301
[    7.512472][    T1] usbcore: registered new interface driver s2255
[    7.515000][    T1] usbcore: registered new interface driver smsusb
[    7.517887][    T1] usbcore: registered new interface driver ttusb
[    7.520049][    T1] usbcore: registered new interface driver ttusb-dec
[    7.522134][    T1] usbcore: registered new interface driver Abilis Systems as10x usb driver
[    7.524792][    T1] usbcore: registered new interface driver airspy
[    7.527815][    T1] gspca_main: v2.14.0 registered
[    7.529201][    T1] usbcore: registered new interface driver benq
[    7.531509][    T1] usbcore: registered new interface driver conex
[    7.533686][    T1] usbcore: registered new interface driver cpia1
[    7.535601][    T1] usbcore: registered new interface driver dtcs033
[    7.537706][    T1] usbcore: registered new interface driver etoms
[    7.539861][    T1] usbcore: registered new interface driver finepix
[    7.542048][    T1] usbcore: registered new interface driver jeilinj
[    7.544178][    T1] usbcore: registered new interface driver jl2005bcd
[    7.546336][    T1] usbcore: registered new interface driver kinect
[    7.550376][    T1] usbcore: registered new interface driver konica
[    7.552777][    T1] usbcore: registered new interface driver mars
[    7.555176][    T1] usbcore: registered new interface driver mr97310a
[    7.556943][    T1] usbcore: registered new interface driver nw80x
[    7.561379][    T1] usbcore: registered new interface driver ov519
[    7.564926][    T1] usbcore: registered new interface driver ov534
[    7.571547][    T1] usbcore: registered new interface driver ov534_9
[    7.574169][    T1] usbcore: registered new interface driver pac207
[    7.575803][    T1] usbcore: registered new interface driver gspca_pac7302
[    7.577676][    T1] usbcore: registered new interface driver pac7311
[    7.580182][    T1] usbcore: registered new interface driver se401
[    7.581836][    T1] usbcore: registered new interface driver sn9c2028
[    7.583538][    T1] usbcore: registered new interface driver gspca_sn9c20x
[    7.585278][    T1] usbcore: registered new interface driver sonixb
[    7.587712][    T1] usbcore: registered new interface driver sonixj
[    7.589585][    T1] usbcore: registered new interface driver spca500
[    7.591162][    T1] usbcore: registered new interface driver spca501
[    7.592849][    T1] usbcore: registered new interface driver spca505
[    7.594442][    T1] usbcore: registered new interface driver spca506
[    7.597043][    T1] usbcore: registered new interface driver spca508
[    7.598666][    T1] usbcore: registered new interface driver spca561
[    7.600501][    T1] usbcore: registered new interface driver spca1528
[    7.602123][    T1] usbcore: registered new interface driver sq905
[    7.608517][    T1] usbcore: registered new interface driver sq905c
[    7.612418][    T1] usbcore: registered new interface driver sq930x
[    7.615083][    T1] usbcore: registered new interface driver sunplus
[    7.617790][    T1] usbcore: registered new interface driver stk014
[    7.619775][    T1] usbcore: registered new interface driver stk1135
[    7.621484][    T1] usbcore: registered new interface driver stv0680
[    7.623773][    T1] usbcore: registered new interface driver t613
[    7.625311][    T1] usbcore: registered new interface driver gspca_topro
[    7.628188][    T1] usbcore: registered new interface driver touptek
[    7.631710][    T1] usbcore: registered new interface driver tv8532
[    7.635437][    T1] usbcore: registered new interface driver vc032x
[    7.637347][    T1] usbcore: registered new interface driver vicam
[    7.638820][    T1] usbcore: registered new interface driver xirlink-cit
[    7.640361][    T1] usbcore: registered new interface driver gspca_zc3xx
[    7.642093][    T1] usbcore: registered new interface driver ALi m5602
[    7.643780][    T1] usbcore: registered new interface driver STV06xx
[    7.645391][    T1] usbcore: registered new interface driver gspca_gl860
[    7.648420][    T1] usbcore: registered new interface driver hackrf
[    7.650816][    T1] usbcore: registered new interface driver msi2500
[    7.652725][    T1] usbcore: registered new interface driver Philips webcam
[    7.654942][    T1] usbcore: registered new interface driver uvcvideo
[    7.656779][    T1] au0828: au0828 driver loaded
[    7.658148][    T1] usbcore: registered new interface driver au0828
[    7.660441][    T1] usbcore: registered new interface driver cx231xx
[    7.663098][    T1] usbcore: registered new interface driver em28xx
[    7.664862][    T1] em28xx: Registered (Em28xx v4l2 Extension) extension
[    7.666708][    T1] em28xx: Registered (Em28xx Audio Extension) extension
[    7.668502][    T1] em28xx: Registered (Em28xx dvb Extension) extension
[    7.670212][    T1] em28xx: Registered (Em28xx Input Extension) extension
[    7.672166][    T1] usbcore: registered new interface driver go7007
[    7.673942][    T1] usbcore: registered new interface driver go7007-loader
[    7.676564][    T1] usbcore: registered new interface driver hdpvr
[    7.679037][    T1] usbcore: registered new interface driver pvrusb2
[    7.680405][    T1] pvrusb2: V4L in-tree version:Hauppauge WinTV-PVR-USB2 MPEG2 Encoder/Tuner
[    7.682125][    T1] pvrusb2: Debug mask is 31 (0x1f)
[    7.683358][    T1] usbcore: registered new interface driver stk1160
[    7.685080][    T1] usbcore: registered new interface driver usbtv
[    7.688537][    T1] dvbdev: DVB: registering new adapter (dvb_vidtv_bridge)
[    7.693670][    T1] i2c i2c-0: DVB: registering adapter 0 frontend 0 (Dummy demod for DVB-T/T2/C/S/S2)...
[    7.702216][    T1] dvbdev: dvb_create_media_entity: media entity 'Dummy demod for DVB-T/T2/C/S/S2' registered.
[    7.712758][    T1] dvbdev: dvb_create_media_entity: media entity 'dvb-demux' registered.
[    7.729603][    T1] vidtv vidtv.0: Successfully initialized vidtv!
[    7.733222][    T1] vicodec vicodec.0: Device 'stateful-encoder' registered as /dev/video0
[    7.743368][    T1] vicodec vicodec.0: Device 'stateful-decoder' registered as /dev/video1
[    7.752293][    T1] vicodec vicodec.0: Device 'stateless-decoder' registered as /dev/video2
[    7.756342][    T1] vim2m vim2m.0: Device registered as /dev/video0
[    7.777165][    T1] vivid-000: using single planar format API
[    7.785778][    T1] vivid-000: CEC adapter cec0 registered for HDMI input 0
[    7.788410][    T1] vivid-000: V4L2 capture device registered as video7
[    7.791247][    T1] vivid-000: CEC adapter cec1 registered for HDMI output 0
[    7.793910][    T1] vivid-000: V4L2 output device registered as video8
[    7.795861][    T1] vivid-000: V4L2 capture device registered as vbi0, supports raw and sliced VBI
[    7.798261][    T1] vivid-000: V4L2 output device registered as vbi1, supports raw and sliced VBI
[    7.800513][    T1] vivid-000: V4L2 capture device registered as swradio0
[    7.802531][    T1] vivid-000: V4L2 receiver device registered as radio0
[    7.804935][    T1] vivid-000: V4L2 transmitter device registered as radio1
[    7.807495][    T1] vivid-000: V4L2 metadata capture device registered as video9
[    7.810144][    T1] vivid-000: V4L2 metadata output device registered as video10
[    7.812562][    T1] vivid-000: V4L2 touch capture device registered as v4l-touch0
[    7.815178][    T1] usbcore: registered new interface driver radioshark2
[    7.817065][    T1] usbcore: registered new interface driver radioshark
[    7.819407][    T1] usbcore: registered new interface driver radio-si470x
[    7.824400][    T1] usbcore: registered new interface driver radio-usb-si4713
[    7.826887][    T1] usbcore: registered new interface driver dsbr100
[    7.828957][    T1] usbcore: registered new interface driver radio-keene
[    7.831217][    T1] usbcore: registered new interface driver radio-ma901
[    7.833255][    T1] usbcore: registered new interface driver radio-mr800
[    7.835194][    T1] usbcore: registered new interface driver radio-raremono
[    7.840795][    T1] usbcore: registered new interface driver pcwd_usb
[    7.847243][    T1] device-mapper: core: CONFIG_IMA_DISABLE_HTABLE is disabled. Duplicate IMA measurements will not be recorded in the IMA log.
[    7.851829][    T1] device-mapper: uevent: version 1.0.3
[    7.855715][    T1] device-mapper: ioctl: 4.48.0-ioctl (2023-03-01) initialised: dm-devel@redhat.com
[    7.861217][    T1] device-mapper: multipath round-robin: version 1.2.0 loaded
[    7.864961][    T1] device-mapper: multipath queue-length: version 0.2.0 loaded
[    7.869173][    T1] device-mapper: multipath service-time: version 0.3.0 loaded
[    7.873790][    T1] Bluetooth: HCI UART driver ver 2.3
[    7.876584][    T1] Bluetooth: HCI UART protocol H4 registered
[    7.879464][    T1] Bluetooth: HCI UART protocol BCSP registered
[    7.882683][    T1] Bluetooth: HCI UART protocol LL registered
[    7.884307][    T1] Bluetooth: HCI UART protocol Three-wire (H5) registered
[    7.887446][    T1] Bluetooth: HCI UART protocol QCA registered
[    7.890229][    T1] Bluetooth: HCI UART protocol AG6XX registered
[    7.893678][    T1] Bluetooth: HCI UART protocol Marvell registered
[    7.897980][    T1] usbcore: registered new interface driver bcm203x
[    7.900565][    T1] usbcore: registered new interface driver bpa10x
[    7.903909][    T1] usbcore: registered new interface driver bfusb
[    7.907490][    T1] usbcore: registered new interface driver btusb
[    7.911768][    T1] usbcore: registered new interface driver ath3k
[    7.915510][    T1] CAPI 2.0 started up with major 68 (middleware)
[    7.918470][    T1] Modular ISDN core version 1.1.29
[    7.921639][    T1] NET: Registered PF_ISDN protocol family
[    7.924155][    T1] DSP module 2.0
[    7.925791][    T1] mISDN_dsp: DSP clocks every 80 samples. This equals 1 jiffies.
[    7.935373][    T1] mISDN: Layer-1-over-IP driver Rev. 2.00
[    7.939185][    T1] 0 virtual devices registered
[    7.941432][    T1] usbcore: registered new interface driver HFC-S_USB
[    7.944517][    T1] intel_pstate: CPU model not supported
[    7.946627][    T1] VUB300 Driver rom wait states = 1C irqpoll timeout = 0400
[    7.949814][    T1] usbcore: registered new interface driver vub300
[    7.962342][    T1] usbcore: registered new interface driver ushc
[    7.975259][    T1] iscsi: registered transport (iser)
[    7.982619][    T1] SoftiWARP attached
[    7.992486][ T1127] input: ImExPS/2 Generic Explorer Mouse as /devices/platform/i8042/serio1/input/input3
[    7.992533][    T1] hid: raw HID events driver (C) Jiri Kosina
[    8.037534][    T1] usbcore: registered new interface driver usbhid
[    8.039935][    T1] usbhid: USB HID core driver
[    8.048302][    T1] usbcore: registered new interface driver es2_ap_driver
[    8.050326][    T1] comedi: version 0.7.76 - http://www.comedi.org
[    8.053014][    T1] usbcore: registered new interface driver dt9812
[    8.054861][    T1] usbcore: registered new interface driver ni6501
[    8.059423][    T1] usbcore: registered new interface driver usbdux
[    8.061284][    T1] usbcore: registered new interface driver usbduxfast
[    8.063208][    T1] usbcore: registered new interface driver usbduxsigma
[    8.065057][    T1] usbcore: registered new interface driver vmk80xx
[    8.067006][    T1] usbcore: registered new interface driver prism2_usb
[    8.069280][    T1] usbcore: registered new interface driver r8712u
[    8.071129][    T1] greybus: registered new driver hid
[    8.076203][    T1] greybus: registered new driver gbphy
[    8.078505][    T1] gb_gbphy: registered new driver usb
[    8.080055][    T1] asus_wmi: ASUS WMI generic driver loaded
[    8.116092][    T1] usbcore: registered new interface driver snd-usb-audio
[    8.118694][    T1] usbcore: registered new interface driver snd-ua101
[    8.120676][    T1] usbcore: registered new interface driver snd-usb-usx2y
[    8.122578][    T1] usbcore: registered new interface driver snd-usb-us122l
[    8.125167][    T1] usbcore: registered new interface driver snd-usb-caiaq
[    8.127278][    T1] usbcore: registered new interface driver snd-usb-6fire
[    8.129324][    T1] usbcore: registered new interface driver snd-usb-hiface
[    8.131332][    T1] usbcore: registered new interface driver snd-bcd2000
[    8.133105][    T1] usbcore: registered new interface driver snd_usb_pod
[    8.138680][    T1] usbcore: registered new interface driver snd_usb_podhd
[    8.140892][    T1] usbcore: registered new interface driver snd_usb_toneport
[    8.142906][    T1] usbcore: registered new interface driver snd_usb_variax
[    8.144971][    T1] drop_monitor: Initializing network drop monitor service
[    8.150733][    T1] NET: Registered PF_LLC protocol family
[    8.154056][    T1] GACT probability on
[    8.155066][    T1] Mirror/redirect action on
[    8.156277][    T1] Simple TC action Loaded
[    8.161091][    T1] netem: version 1.3
[    8.162145][    T1] u32 classifier
[    8.162955][    T1]     Performance counters on
[    8.163992][    T1]     input device check on
[    8.165173][    T1]     Actions configured
[    8.170501][    T1] xt_time: kernel timezone is -0000
[    8.172074][    T1] IPVS: Registered protocols (TCP, UDP, SCTP, AH, ESP)
[    8.174174][    T1] IPVS: Connection hash table configured (size=4096, memory=32Kbytes)
[    8.176543][    T1] IPVS: ipvs loaded.
[    8.177727][    T1] IPVS: [rr] scheduler registered.
[    8.178932][    T1] IPVS: [wrr] scheduler registered.
[    8.180488][    T1] IPVS: [lc] scheduler registered.
[    8.181754][    T1] IPVS: [wlc] scheduler registered.
[    8.183255][    T1] IPVS: [fo] scheduler registered.
[    8.184831][    T1] IPVS: [ovf] scheduler registered.
[    8.186851][    T1] IPVS: [lblc] scheduler registered.
[    8.191126][    T1] IPVS: [lblcr] scheduler registered.
[    8.192486][    T1] IPVS: [dh] scheduler registered.
[    8.193668][    T1] IPVS: [sh] scheduler registered.
[    8.196860][    T1] IPVS: [mh] scheduler registered.
[    8.198078][    T1] IPVS: [sed] scheduler registered.
[    8.200453][    T1] IPVS: [nq] scheduler registered.
[    8.201625][    T1] IPVS: [twos] scheduler registered.
[    8.203516][    T1] IPVS: [sip] pe registered.
[    8.204819][    T1] ipip: IPv4 and MPLS over IPv4 tunneling driver
[    8.208620][    T1] gre: GRE over IPv4 demultiplexor driver
[    8.212528][    T1] ip_gre: GRE over IPv4 tunneling driver
[    8.217924][    T1] IPv4 over IPsec tunneling driver
[    8.221782][    T1] Initializing XFRM netlink socket
[    8.223401][    T1] IPsec XFRM device driver
[    8.224805][    T1] NET: Registered PF_INET6 protocol family
[    8.255083][    T1] Segment Routing with IPv6
[    8.256528][    T1] RPL Segment Routing with IPv6
[    8.258064][    T1] In-situ OAM (IOAM) with IPv6
[    8.259637][    T1] mip6: Mobile IPv6
[    8.263863][    T1] sit: IPv6, IPv4 and MPLS over IPv4 tunneling driver
[    8.268569][    T1] ip6_gre: GRE over IPv6 tunneling driver
[    8.271516][    T1] NET: Registered PF_PACKET protocol family
[    8.273436][    T1] NET: Registered PF_KEY protocol family
[    8.275177][    T1] Bridge firewalling registered
[    8.277497][    T1] NET: Registered PF_X25 protocol family
[    8.280612][    T1] X25: Linux Version 0.2
[    8.287658][    T1] NET: Registered PF_NETROM protocol family
[    8.300520][    T1] NET: Registered PF_ROSE protocol family
[    8.303441][    T1] NET: Registered PF_AX25 protocol family
