bash: warning: setlocale: LC_ALL: cannot change locale (en_US.UTF-8)
c[?7l[2J[0mSeaBIOS (version 1.16.2-debian-1.16.2-1)
Booting from ROM...
c[?7l[2Jearly console in extract_kernel
input_data: 0x000000000d7722bf
input_len: 0x0000000004e8e281
output: 0x0000000001000000
output_len: 0x000000000f78ab28
kernel_total_size: 0x0000000011626000
needed_size: 0x0000000011800000
trampoline_32bit: 0x000000000009d000

Decompressing Linux... Parsing ELF... done.
Booting the kernel (entry_offset: 0x0000000000000080).
[    0.000000][    T0] Linux version 6.5.0-rc7-g7d2f353b2682-dirty (root@buildkitsandbox) (gcc (Debian 12.2.0-14+deb12u1) 12.2.0, GNU ld (GNU Binutils for Debian) 2.40) #1 SMP PREEMPT_DYNAMIC Sat May 23 07:10:05 UTC 2026
[    0.000000][    T0] Command line: console=ttyS0 oops=panic panic=86400 nokaslr earlyprintk=serial rdinit=/init
[    0.000000][    T0] KERNEL supported cpus:
[    0.000000][    T0]   Intel GenuineIntel
[    0.000000][    T0]   AMD AuthenticAMD
[    0.000000][    T0] BIOS-provided physical RAM map:
[    0.000000][    T0] BIOS-e820: [mem 0x0000000000000000-0x000000000009fbff] usable
[    0.000000][    T0] BIOS-e820: [mem 0x000000000009fc00-0x000000000009ffff] reserved
[    0.000000][    T0] BIOS-e820: [mem 0x00000000000f0000-0x00000000000fffff] reserved
[    0.000000][    T0] BIOS-e820: [mem 0x0000000000100000-0x000000007ffdffff] usable
[    0.000000][    T0] BIOS-e820: [mem 0x000000007ffe0000-0x000000007fffffff] reserved
[    0.000000][    T0] BIOS-e820: [mem 0x00000000feffc000-0x00000000feffffff] reserved
[    0.000000][    T0] BIOS-e820: [mem 0x00000000fffc0000-0x00000000ffffffff] reserved
[    0.000000][    T0] printk: bootconsole [earlyser0] enabled
[    0.000000][    T0] NX (Execute Disable) protection: active
[    0.000000][    T0] SMBIOS 2.8 present.
[    0.000000][    T0] DMI: QEMU Standard PC (i440FX + PIIX, 1996), BIOS 1.16.2-debian-1.16.2-1 04/01/2014
[    0.000000][    T0] Hypervisor detected: KVM
[    0.000000][    T0] kvm-clock: Using msrs 4b564d01 and 4b564d00
[    0.000025][    T0] kvm-clock: using sched offset of 2832341700 cycles
[    0.001341][    T0] clocksource: kvm-clock: mask: 0xffffffffffffffff max_cycles: 0x1cd42e4dffb, max_idle_ns: 881590591483 ns
[    0.005422][    T0] tsc: Detected 2995.200 MHz processor
[    0.011678][    T0] last_pfn = 0x7ffe0 max_arch_pfn = 0x400000000
[    0.015195][    T0] MTRR map: 4 entries (3 fixed + 1 variable; max 19), built from 8 variable MTRRs
[    0.019763][    T0] x86/PAT: Configuration [0-7]: WB  WC  UC- UC  WB  WP  UC- WT  
[    0.029539][    T0] found SMP MP-table at [mem 0x000f5ba0-0x000f5baf]
[    0.031480][    T0] Using GB pages for direct mapping
[    0.033381][    T0] Incomplete global flushes, disabling PCID
[    0.034009][    T0] RAMDISK: [mem 0x7fe92000-0x7ffdffff]
[    0.037000][    T0] ACPI: Early table checksum verification disabled
[    0.038531][    T0] ACPI: RSDP 0x00000000000F59D0 000014 (v00 BOCHS )
[    0.040529][    T0] ACPI: RSDT 0x000000007FFE1B33 000034 (v01 BOCHS  BXPC     00000001 BXPC 00000001)
[    0.049934][    T0] ACPI: FACP 0x000000007FFE19DF 000074 (v01 BOCHS  BXPC     00000001 BXPC 00000001)
[    0.052213][    T0] ACPI: DSDT 0x000000007FFE0040 00199F (v01 BOCHS  BXPC     00000001 BXPC 00000001)
[    0.054539][    T0] ACPI: FACS 0x000000007FFE0000 000040
[    0.057350][    T0] ACPI: APIC 0x000000007FFE1A53 000080 (v01 BOCHS  BXPC     00000001 BXPC 00000001)
[    0.060035][    T0] ACPI: HPET 0x000000007FFE1AD3 000038 (v01 BOCHS  BXPC     00000001 BXPC 00000001)
[    0.062323][    T0] ACPI: WAET 0x000000007FFE1B0B 000028 (v01 BOCHS  BXPC     00000001 BXPC 00000001)
[    0.064761][    T0] ACPI: Reserving FACP table memory at [mem 0x7ffe19df-0x7ffe1a52]
[    0.067533][    T0] ACPI: Reserving DSDT table memory at [mem 0x7ffe0040-0x7ffe19de]
[    0.071249][    T0] ACPI: Reserving FACS table memory at [mem 0x7ffe0000-0x7ffe003f]
[    0.074213][    T0] ACPI: Reserving APIC table memory at [mem 0x7ffe1a53-0x7ffe1ad2]
[    0.076916][    T0] ACPI: Reserving HPET table memory at [mem 0x7ffe1ad3-0x7ffe1b0a]
[    0.079148][    T0] ACPI: Reserving WAET table memory at [mem 0x7ffe1b0b-0x7ffe1b32]
[    0.088268][    T0] No NUMA configuration found
[    0.089739][    T0] Faking a node at [mem 0x0000000000000000-0x000000007ffdffff]
[    0.096590][    T0] NODE_DATA(0) allocated [mem 0x7fe8c000-0x7fe91fff]
[    0.126854][    T0] Zone ranges:
[    0.128294][    T0]   DMA      [mem 0x0000000000001000-0x0000000000ffffff]
[    0.130963][    T0]   DMA32    [mem 0x0000000001000000-0x000000007ffdffff]
[    0.133843][    T0]   Normal   empty
[    0.138191][    T0]   Device   empty
[    0.140014][    T0] Movable zone start for each node
[    0.143215][    T0] Early memory node ranges
[    0.146301][    T0]   node   0: [mem 0x0000000000001000-0x000000000009efff]
[    0.149516][    T0]   node   0: [mem 0x0000000000100000-0x000000007ffdffff]
[    0.152340][    T0] Initmem setup node 0 [mem 0x0000000000001000-0x000000007ffdffff]
[    0.156706][    T0] On node 0, zone DMA: 1 pages in unavailable ranges
[    0.156967][    T0] On node 0, zone DMA: 97 pages in unavailable ranges
[    0.182329][    T0] On node 0, zone DMA32: 32 pages in unavailable ranges
[    0.567722][    T0] kasan: KernelAddressSanitizer initialized
[    0.575269][    T0] ACPI: PM-Timer IO Port: 0x608
[    0.577349][    T0] ACPI: LAPIC_NMI (acpi_id[0xff] dfl dfl lint[0x1])
[    0.579572][    T0] IOAPIC[0]: apic_id 0, version 17, address 0xfec00000, GSI 0-23
[    0.581739][    T0] ACPI: INT_SRC_OVR (bus 0 bus_irq 0 global_irq 2 dfl dfl)
[    0.583515][    T0] ACPI: INT_SRC_OVR (bus 0 bus_irq 5 global_irq 5 high level)
[    0.585218][    T0] ACPI: INT_SRC_OVR (bus 0 bus_irq 9 global_irq 9 high level)
[    0.587016][    T0] ACPI: INT_SRC_OVR (bus 0 bus_irq 10 global_irq 10 high level)
[    0.593862][    T0] ACPI: INT_SRC_OVR (bus 0 bus_irq 11 global_irq 11 high level)
[    0.595994][    T0] ACPI: Using ACPI (MADT) for SMP configuration information
[    0.598323][    T0] ACPI: HPET id: 0x8086a201 base: 0xfed00000
[    0.600248][    T0] TSC deadline timer available
[    0.601391][    T0] smpboot: Allowing 2 CPUs, 0 hotplug CPUs
[    0.603223][    T0] kvm-guest: KVM setup pv remote TLB flush
[    0.605630][    T0] kvm-guest: setup PV sched yield
[    0.606948][    T0] PM: hibernation: Registered nosave memory: [mem 0x00000000-0x00000fff]
[    0.609199][    T0] PM: hibernation: Registered nosave memory: [mem 0x0009f000-0x0009ffff]
[    0.611711][    T0] PM: hibernation: Registered nosave memory: [mem 0x000a0000-0x000effff]
[    0.614906][    T0] PM: hibernation: Registered nosave memory: [mem 0x000f0000-0x000fffff]
[    0.617004][    T0] [mem 0x80000000-0xfeffbfff] available for PCI devices
[    0.618756][    T0] Booting paravirtualized kernel on KVM
[    0.620215][    T0] clocksource: refined-jiffies: mask: 0xffffffff max_cycles: 0xffffffff, max_idle_ns: 19112604462750000 ns
[    0.676515][    T0] setup_percpu: NR_CPUS:8 nr_cpumask_bits:2 nr_cpu_ids:2 nr_node_ids:1
[    0.685555][    T0] percpu: Embedded 72 pages/cpu s254408 r8192 d32312 u1048576
[    0.690701][    T0] kvm-guest: PV spinlocks enabled
[    0.691924][    T0] PV qspinlock hash table entries: 256 (order: 0, 4096 bytes, linear)
[    0.694347][    T0] Kernel command line: console=ttyS0 oops=panic panic=86400 nokaslr earlyprintk=serial rdinit=/init
[    0.724352][    T0] random: crng init done
[    0.725732][    T0] Dentry cache hash table entries: 262144 (order: 9, 2097152 bytes, linear)
[    0.731740][    T0] Inode-cache hash table entries: 131072 (order: 8, 1048576 bytes, linear)
[    0.734269][    T0] Fallback order for Node 0: 0 
[    0.734287][    T0] Built 1 zonelists, mobility grouping on.  Total pages: 515808
[    0.742507][    T0] Policy zone: DMA32
[    0.754201][    T0] mem auto-init: stack:all(zero), heap alloc:on, heap free:off
[    0.756435][    T0] stackdepot: allocating hash table via alloc_large_system_hash
[    0.787343][    T0] stackdepot hash table entries: 1048576 (order: 11, 8388608 bytes, linear)
[    0.912978][    T0] Memory: 1465088K/2096632K available (153600K kernel code, 37699K rwdata, 31856K rodata, 3372K init, 35288K bss, 631288K reserved, 0K cma-reserved)
[    0.919847][    T0] allocated 4194304 bytes of page_ext
[    0.922472][    T0] Dynamic Preempt: full
[    0.925438][    T0] Running RCU self tests
[    0.928089][    T0] Running RCU synchronous self tests
[    0.928982][    T0] rcu: Preemptible hierarchical RCU implementation.
[    0.930184][    T0] rcu: 	RCU lockdep checking is enabled.
[    0.931267][    T0] rcu: 	RCU restricting CPUs from NR_CPUS=8 to nr_cpu_ids=2.
[    0.932499][    T0] rcu: 	RCU callback double-/use-after-free debug is enabled.
[    0.934018][    T0] rcu: 	RCU debug extended QS entry/exit.
[    0.935106][    T0] 	Trampoline variant of Tasks RCU enabled.
[    0.936113][    T0] 	Tracing variant of Tasks RCU enabled.
[    0.937082][    T0] rcu: RCU calculated value of scheduler-enlistment delay is 10 jiffies.
[    0.939771][    T0] rcu: Adjusting geometry for rcu_fanout_leaf=16, nr_cpu_ids=2
[    0.941300][    T0] Running RCU synchronous self tests
[    0.982148][    T0] NR_IRQS: 4352, nr_irqs: 440, preallocated irqs: 16
[    0.988016][    T0] rcu: srcu_init: Setting srcu_struct sizes based on contention.
[    0.990093][    T0] kfence: initialized - using 2097152 bytes for 255 objects at 0x(____ptrval____)-0x(____ptrval____)
[    1.035935][    T0] Console: colour VGA+ 80x25
[    1.037095][    T0] printk: console [ttyS0] enabled
[    1.037095][    T0] printk: console [ttyS0] enabled
[    1.038918][    T0] printk: bootconsole [earlyser0] disabled
[    1.038918][    T0] printk: bootconsole [earlyser0] disabled
[    1.040921][    T0] Lock dependency validator: Copyright (c) 2006 Red Hat, Inc., Ingo Molnar
[    1.042524][    T0] ... MAX_LOCKDEP_SUBCLASSES:  8
[    1.043409][    T0] ... MAX_LOCK_DEPTH:          48
[    1.044299][    T0] ... MAX_LOCKDEP_KEYS:        8192
[    1.045463][    T0] ... CLASSHASH_SIZE:          4096
[    1.046578][    T0] ... MAX_LOCKDEP_ENTRIES:     131072
[    1.047544][    T0] ... MAX_LOCKDEP_CHAINS:      262144
[    1.048489][    T0] ... CHAINHASH_SIZE:          131072
[    1.049834][    T0]  memory used by lock dependency info: 20785 kB
[    1.051086][    T0]  memory used for stack traces: 8320 kB
[    1.052205][    T0]  per task-struct memory footprint: 1920 bytes
[    1.056667][    T0] ACPI: Core revision 20230331
[    1.064012][    T0] clocksource: hpet: mask: 0xffffffff max_cycles: 0xffffffff, max_idle_ns: 19112604467 ns
[    1.072355][    T0] APIC: Switch to symmetric I/O mode setup
[    1.074201][    T0] x2apic enabled
[    1.075447][    T0] Switched APIC routing to physical x2apic.
[    1.077849][    T0] kvm-guest: setup PV IPIs
[    1.081736][    T0] ..TIMER: vector=0x30 apic1=0 pin1=2 apic2=-1 pin2=-1
[    1.083155][    T0] clocksource: tsc-early: mask: 0xffffffffffffffff max_cycles: 0x2b2c8ec87c7, max_idle_ns: 440795278598 ns
[    1.090389][    T0] Calibrating delay loop (skipped) preset value.. 5990.40 BogoMIPS (lpj=29952000)
[    1.093817][    T0] x86/cpu: User Mode Instruction Prevention (UMIP) activated
[    1.101251][    T0] Last level iTLB entries: 4KB 0, 2MB 0, 4MB 0
[    1.102415][    T0] Last level dTLB entries: 4KB 0, 2MB 0, 4MB 0, 1GB 0
[    1.103902][    T0] Spectre V1 : Mitigation: usercopy/swapgs barriers and __user pointer sanitization
[    1.105660][    T0] Spectre V2 : WARNING: Unprivileged eBPF is enabled with eIBRS on, data leaks possible via Spectre v2 BHB attacks!
[    1.110350][    T0] Spectre V2 : Mitigation: Enhanced / Automatic IBRS
[    1.112182][    T0] Spectre V2 : Spectre v2 / SpectreRSB mitigation: Filling RSB on context switch
[    1.114727][    T0] Spectre V2 : Spectre v2 / PBRSB-eIBRS: Retire a single CALL on VMEXIT
[    1.116471][    T0] RETBleed: Mitigation: Enhanced IBRS
[    1.117766][    T0] Spectre V2 : mitigation: Enabling conditional Indirect Branch Prediction Barrier
[    1.120344][    T0] Speculative Store Bypass: Mitigation: Speculative Store Bypass disabled via prctl
[    1.122202][    T0] MMIO Stale Data: Unknown: No mitigations
[    1.123420][    T0] x86/fpu: Supporting XSAVE feature 0x001: 'x87 floating point registers'
[    1.125306][    T0] x86/fpu: Supporting XSAVE feature 0x002: 'SSE registers'
[    1.126982][    T0] x86/fpu: Supporting XSAVE feature 0x004: 'AVX registers'
[    1.130342][    T0] x86/fpu: xstate_offset[2]:  576, xstate_sizes[2]:  256
[    1.133693][    T0] x86/fpu: Enabled xstate features 0x7, context size is 832 bytes, using 'compacted' format.
[    1.153040][    T0] Freeing SMP alternatives memory: 116K
[    1.155355][    T0] pid_max: default: 32768 minimum: 301
[    1.161144][    T0] LSM: initializing lsm=lockdown,capability,landlock,yama,safesetid,tomoyo,selinux,integrity
[    1.163854][    T0] landlock: Up and running.
[    1.164777][    T0] Yama: becoming mindful.
[    1.166348][    T0] TOMOYO Linux initialized
[    1.167452][    T0] SELinux:  Initializing.
[    1.171876][    T0] Mount-cache hash table entries: 4096 (order: 3, 32768 bytes, linear)
[    1.174620][    T0] Mountpoint-cache hash table entries: 4096 (order: 3, 32768 bytes, linear)
[    1.180364][    T0] Running RCU synchronous self tests
[    1.181691][    T0] Running RCU synchronous self tests
[    1.183652][    T1] smpboot: CPU0: 13th Gen Intel(R) Core(TM) i9-13900H (family: 0x6, model: 0xba, stepping: 0x2)
[    1.188428][    T1] RCU Tasks: Setting shift to 1 and lim to 1 rcu_task_cb_adjust=1.
[    1.190329][    T1] RCU Tasks Trace: Setting shift to 1 and lim to 1 rcu_task_cb_adjust=1.
[    1.190610][    T1] Running RCU-tasks wait API self tests
[    1.321398][    T1] Performance Events: unsupported p6 CPU model 186 no PMU driver, software events only.
[    1.325457][    T1] signal: max sigframe size: 1776
[    1.328287][    T1] rcu: Hierarchical SRCU implementation.
[    1.329720][    T1] rcu: 	Max phase no-delay instances is 1000.
[    1.333668][    T1] NMI watchdog: Perf NMI watchdog permanently disabled
[    1.338899][    T1] smp: Bringing up secondary CPUs ...
[    1.340515][   T13] Callback from call_rcu_tasks_trace() invoked.
[    1.349804][    T1] smpboot: x86: Booting SMP configuration:
[    1.350406][    T1] .... node  #0, CPUs:      #1
[    1.353967][    T1] smp: Brought up 1 node, 2 CPUs
[    1.353967][    T1] smpboot: Max logical packages: 1
[    1.360741][    T1] smpboot: Total of 2 processors activated (11980.80 BogoMIPS)
[    1.380447][    T1] devtmpfs: initialized
[    1.384982][    T1] x86/mm: Memory block size: 128MB
[    1.411587][    T1] Running RCU synchronous self tests
[    1.413138][    T1] Running RCU synchronous self tests
[    1.421068][    T1] clocksource: jiffies: mask: 0xffffffff max_cycles: 0xffffffff, max_idle_ns: 19112604462750000 ns
[    1.423285][    T1] futex hash table entries: 512 (order: 4, 65536 bytes, linear)
[    1.425588][    T1] PM: RTC time: 07:11:16, date: 2026-05-23
[    1.431009][    T1] NET: Registered PF_NETLINK/PF_ROUTE protocol family
[    1.432286][    T1] audit: initializing netlink subsys (disabled)
[    1.440991][   T27] audit: type=2000 audit(1779520276.586:1): state=initialized audit_enabled=0 res=1
[    1.443823][    T1] thermal_sys: Registered thermal governor 'step_wise'
[    1.443832][    T1] thermal_sys: Registered thermal governor 'user_space'
[    1.446401][    T1] cpuidle: using governor menu
[    1.446401][    T1] NET: Registered PF_QIPCRTR protocol family
[    1.450378][    T1] dca service started, version 1.12.1
[    1.452078][    T1] PCI: Using configuration type 1 for base access
[    1.461591][    T1] HugeTLB: registered 1.00 GiB page size, pre-allocated 0 pages
[    1.462193][    T1] HugeTLB: 16380 KiB vmemmap can be freed for a 1.00 GiB page
[    1.462193][    T1] HugeTLB: registered 2.00 MiB page size, pre-allocated 0 pages
[    1.463582][    T1] HugeTLB: 28 KiB vmemmap can be freed for a 2.00 MiB page
[    1.501100][    T1] cryptd: max_cpu_qlen set to 1000
[    1.523181][    T1] raid6: skipped pq benchmark and selected avx2x4
[    1.524956][    T1] raid6: using avx2x2 recovery algorithm
[    1.532968][    T1] ACPI: Added _OSI(Module Device)
[    1.535016][    T1] ACPI: Added _OSI(Processor Device)
[    1.536872][    T1] ACPI: Added _OSI(3.0 _SCP Extensions)
[    1.544709][    T1] ACPI: Added _OSI(Processor Aggregator Device)
[    1.546618][   T12] Callback from call_rcu_tasks() invoked.
[    1.562871][    T1] ACPI: 1 ACPI AML tables successfully acquired and loaded
[    1.633276][    T1] ACPI: Interpreter enabled
[    1.634607][    T1] ACPI: PM: (supports S0 S3 S4 S5)
[    1.635758][    T1] ACPI: Using IOAPIC for interrupt routing
[    1.640563][    T1] PCI: Using host bridge windows from ACPI; if necessary, use "pci=nocrs" and report a bug
[    1.642845][    T1] PCI: Using E820 reservations for host bridge windows
[    1.645644][    T1] ACPI: Enabled 2 GPEs in block 00 to 0F
[    1.691890][    T1] ACPI: PCI Root Bridge [PCI0] (domain 0000 [bus 00-ff])
[    1.695057][    T1] acpi PNP0A03:00: _OSC: OS supports [ASPM ClockPM Segments MSI HPX-Type3]
[    1.696849][    T1] acpi PNP0A03:00: _OSC: not requesting OS control; OS requires [ExtendedConfig ASPM ClockPM MSI]
[    1.699490][    T1] acpi PNP0A03:00: fail to add MMCONFIG information, can't access extended configuration space under this bridge
[    1.701730][    T1] PCI host bridge to bus 0000:00
[    1.702789][    T1] pci_bus 0000:00: root bus resource [io  0x0000-0x0cf7 window]
[    1.706619][    T1] pci_bus 0000:00: root bus resource [io  0x0d00-0xffff window]
[    1.710372][    T1] pci_bus 0000:00: root bus resource [mem 0x000a0000-0x000bffff window]
[    1.712785][    T1] pci_bus 0000:00: root bus resource [mem 0x80000000-0xfebfffff window]
[    1.714805][    T1] pci_bus 0000:00: root bus resource [mem 0x100000000-0x17fffffff window]
[    1.716787][    T1] pci_bus 0000:00: root bus resource [bus 00-ff]
[    1.719369][    T1] pci 0000:00:00.0: [8086:1237] type 00 class 0x060000
[    1.737911][    T1] pci 0000:00:01.0: [8086:7000] type 00 class 0x060100
[    1.762582][    T1] pci 0000:00:01.1: [8086:7010] type 00 class 0x010180
[    1.774882][    T1] pci 0000:00:01.1: reg 0x20: [io  0xc000-0xc00f]
[    1.777825][    T1] pci 0000:00:01.1: legacy IDE quirk: reg 0x10: [io  0x01f0-0x01f7]
[    1.779474][    T1] pci 0000:00:01.1: legacy IDE quirk: reg 0x14: [io  0x03f6]
[    1.780380][    T1] pci 0000:00:01.1: legacy IDE quirk: reg 0x18: [io  0x0170-0x0177]
[    1.782025][    T1] pci 0000:00:01.1: legacy IDE quirk: reg 0x1c: [io  0x0376]
[    1.785223][    T1] pci 0000:00:01.3: [8086:7113] type 00 class 0x068000
[    1.788366][    T1] pci 0000:00:01.3: quirk: [io  0x0600-0x063f] claimed by PIIX4 ACPI
[    1.790392][    T1] pci 0000:00:01.3: quirk: [io  0x0700-0x070f] claimed by PIIX4 SMB
[    1.793692][    T1] pci 0000:00:02.0: [1234:1111] type 00 class 0x030000
[    1.806993][    T1] pci 0000:00:02.0: reg 0x10: [mem 0xfd000000-0xfdffffff pref]
[    1.823600][    T1] pci 0000:00:02.0: reg 0x18: [mem 0xfebf0000-0xfebf0fff]
[    1.832505][    T1] pci 0000:00:02.0: reg 0x30: [mem 0xfebe0000-0xfebeffff pref]
[    1.835807][    T1] pci 0000:00:02.0: Video device with shadowed ROM at [mem 0x000c0000-0x000dffff]
[    1.858678][    T1] ACPI: PCI: Interrupt link LNKA configured for IRQ 10
[    1.861555][    T1] ACPI: PCI: Interrupt link LNKB configured for IRQ 10
[    1.863936][    T1] ACPI: PCI: Interrupt link LNKC configured for IRQ 11
[    1.866145][    T1] ACPI: PCI: Interrupt link LNKD configured for IRQ 11
[    1.868097][    T1] ACPI: PCI: Interrupt link LNKS configured for IRQ 9
[    1.875604][    T1] iommu: Default domain type: Translated
[    1.876728][    T1] iommu: DMA domain TLB invalidation policy: lazy mode
[    1.881544][    T1] SCSI subsystem initialized
[    1.883922][    T1] ACPI: bus type USB registered
[    1.885174][    T1] usbcore: registered new interface driver usbfs
[    1.887387][    T1] usbcore: registered new interface driver hub
[    1.888812][    T1] usbcore: registered new device driver usb
[    1.891444][    T1] mc: Linux media interface: v0.10
[    1.892628][    T1] videodev: Linux video capture interface: v2.00
[    1.895478][    T1] pps_core: LinuxPPS API ver. 1 registered
[    1.896674][    T1] pps_core: Software ver. 5.3.6 - Copyright 2005-2007 Rodolfo Giometti <giometti@linux.it>
[    1.898800][    T1] PTP clock support registered
[    1.900991][    T1] EDAC MC: Ver: 3.0.0
[    1.906264][    T1] Advanced Linux Sound Architecture Driver Initialized.
[    1.914038][    T1] Bluetooth: Core ver 2.22
[    1.915162][    T1] NET: Registered PF_BLUETOOTH protocol family
[    1.916697][    T1] Bluetooth: HCI device and connection manager initialized
[    1.918187][    T1] Bluetooth: HCI socket layer initialized
[    1.919437][    T1] Bluetooth: L2CAP socket layer initialized
[    1.920457][    T1] Bluetooth: SCO socket layer initialized
[    1.921825][    T1] NET: Registered PF_ATMPVC protocol family
[    1.923597][    T1] NET: Registered PF_ATMSVC protocol family
[    1.925065][    T1] NetLabel: Initializing
[    1.926409][    T1] NetLabel:  domain hash size = 128
[    1.927567][    T1] NetLabel:  protocols = UNLABELED CIPSOv4 CALIPSO
[    1.929283][    T1] NetLabel:  unlabeled traffic allowed by default
[    1.931389][    T1] nfc: nfc_init: NFC Core ver 0.1
[    1.932431][    T1] NET: Registered PF_NFC protocol family
[    1.933647][    T1] PCI: Using ACPI for IRQ routing
[    1.936468][    T1] pci 0000:00:02.0: vgaarb: setting as boot VGA device
[    1.937877][    T1] pci 0000:00:02.0: vgaarb: bridge control possible
[    1.939296][    T1] pci 0000:00:02.0: vgaarb: VGA device added: decodes=io+mem,owns=io+mem,locks=none
[    1.940357][    T1] vgaarb: loaded
[    1.943927][    T1] hpet0: at MMIO 0xfed00000, IRQs 2, 8, 0
[    1.945349][    T1] hpet0: 3 comparators, 64-bit 100.000000 MHz counter
[    1.952661][    T1] clocksource: Switched to clocksource kvm-clock
[    1.962195][    T1] VFS: Disk quotas dquot_6.6.0
[    1.963439][    T1] VFS: Dquot-cache hash table entries: 512 (order 0, 4096 bytes)
[    1.966069][    T1] FS-Cache: Loaded
[    1.968264][    T1] CacheFiles: Loaded
[    1.969685][    T1] TOMOYO: 2.6.0
[    1.970455][    T1] Mandatory Access Control activated.
[    1.972124][    T1] pnp: PnP ACPI init
[    1.977016][    T1] pnp: PnP ACPI: found 6 devices
[    2.002722][    T1] clocksource: acpi_pm: mask: 0xffffff max_cycles: 0xffffff, max_idle_ns: 2085701024 ns
[    2.005392][    T1] NET: Registered PF_INET protocol family
[    2.006960][    T1] IP idents hash table entries: 32768 (order: 6, 262144 bytes, linear)
[    2.016540][    T1] tcp_listen_portaddr_hash hash table entries: 1024 (order: 4, 73728 bytes, linear)
[    2.019588][    T1] Table-perturb hash table entries: 65536 (order: 6, 262144 bytes, linear)
[    2.021604][    T1] TCP established hash table entries: 16384 (order: 5, 131072 bytes, linear)
[    2.028584][    T1] TCP bind hash table entries: 16384 (order: 9, 2359296 bytes, linear)
[    2.032308][    T1] TCP: Hash tables configured (established 16384 bind 16384)
[    2.035995][    T1] MPTCP token hash table entries: 2048 (order: 5, 180224 bytes, linear)
[    2.038880][    T1] UDP hash table entries: 1024 (order: 5, 163840 bytes, linear)
[    2.044169][    T1] UDP-Lite hash table entries: 1024 (order: 5, 163840 bytes, linear)
[    2.049751][    T1] NET: Registered PF_UNIX/PF_LOCAL protocol family
[    2.054218][    T1] RPC: Registered named UNIX socket transport module.
[    2.055844][    T1] RPC: Registered udp transport module.
[    2.056930][    T1] RPC: Registered tcp transport module.
[    2.058389][    T1] RPC: Registered tcp-with-tls transport module.
[    2.059686][    T1] RPC: Registered tcp NFSv4.1 backchannel transport module.
[    2.063473][    T1] NET: Registered PF_XDP protocol family
[    2.064930][    T1] pci_bus 0000:00: resource 4 [io  0x0000-0x0cf7 window]
[    2.066557][    T1] pci_bus 0000:00: resource 5 [io  0x0d00-0xffff window]
[    2.067961][    T1] pci_bus 0000:00: resource 6 [mem 0x000a0000-0x000bffff window]
[    2.069825][    T1] pci_bus 0000:00: resource 7 [mem 0x80000000-0xfebfffff window]
[    2.071453][    T1] pci_bus 0000:00: resource 8 [mem 0x100000000-0x17fffffff window]
[    2.074619][    T1] pci 0000:00:01.0: PIIX3: Enabling Passive Release
[    2.076547][    T1] pci 0000:00:00.0: Limiting direct PCI/PCI transfers
[    2.077962][    T1] PCI: CLS 0 bytes, default 64
[    2.079291][    T1] ACPI: bus type thunderbolt registered
[    2.083181][   T45] Trying to unpack rootfs image as initramfs...
[    2.092627][    T1] RAPL PMU: API unit is 2^-32 Joules, 0 fixed counters, 10737418240 ms ovfl timer
[    2.101153][   T56] kwatchdog (56) used greatest stack depth: 29776 bytes left
[    2.133294][    T1] kvm_amd: SVM not supported by CPU 0, not amd or hygon
[    2.136475][    T1] clocksource: tsc: mask: 0xffffffffffffffff max_cycles: 0x2b2c8ec87c7, max_idle_ns: 440795278598 ns
[    2.152636][    T1] AVX2 instructions are not detected.
[    2.155525][    T1] AVX or AES-NI instructions are not detected.
[    2.157098][    T1] AVX2 or AES-NI instructions are not detected.
[    2.159930][    T1] AVX or AES-NI instructions are not detected.
[    2.171232][    T1] AVX2 or AES-NI instructions are not detected.
[    2.173198][    T1] AVX or AES-NI instructions are not detected.
[    2.233890][   T45] Freeing initrd memory: 1336K
[    2.236340][   T68] kworker/u4:5 (68) used greatest stack depth: 28176 bytes left
[    2.239892][   T71] kworker/u4:5 (71) used greatest stack depth: 27984 bytes left
[    4.750203][    T1] Initialise system trusted keyrings
[    4.753855][    T1] workingset: timestamp_bits=40 max_order=19 bucket_order=0
[    4.756659][    T1] zbud: loaded
[    4.764047][    T1] DLM installed
[    4.765937][    T1] squashfs: version 4.0 (2009/01/31) Phillip Lougher
[    4.774791][   T90] kworker/u4:1 (90) used greatest stack depth: 27888 bytes left
[    4.774974][    T1] NFS: Registering the id_resolver key type
[    4.779987][    T1] Key type id_resolver registered
[    4.782787][    T1] Key type id_legacy registered
[    4.784484][    T1] nfs4filelayout_init: NFSv4 File Layout Driver Registering...
[    4.787467][    T1] nfs4flexfilelayout_init: NFSv4 Flexfile Layout Driver Registering...
[    4.795681][    T1] Key type cifs.spnego registered
[    4.797167][    T1] Key type cifs.idmap registered
[    4.798495][    T1] ntfs: driver 2.1.32 [Flags: R/W].
[    4.799826][    T1] ntfs3: Max link count 4000
[    4.800948][    T1] ntfs3: Enabled Linux POSIX ACLs support
[    4.802510][    T1] ntfs3: Read-only LZX/Xpress compression included
[    4.804406][    T1] efs: 1.0a - http://aeschi.ch.eu.org/efs/
[    4.806658][    T1] jffs2: version 2.2. (NAND) (SUMMARY)  © 2001-2006 Red Hat, Inc.
[    4.811522][    T1] romfs: ROMFS MTD (C) 2007 Red Hat, Inc.
[    4.813164][    T1] QNX4 filesystem 0.2.3 registered.
[    4.816704][    T1] qnx6: QNX6 filesystem 1.0.0 registered.
[    4.818801][    T1] fuse: init (API version 7.38)
[    4.820946][    T1] orangefs_debugfs_init: called with debug mask: :none: :0:
[    4.826396][    T1] orangefs_init: module version upstream loaded
[    4.829639][    T1] JFS: nTxBlock = 8192, nTxLock = 65536
[    4.849850][    T1] SGI XFS with ACLs, security attributes, realtime, quota, no debug enabled
[    4.855649][    T1] 9p: Installing v9fs 9p2000 file system support
[    4.857348][    T1] NILFS version 2 loaded
[    4.858475][    T1] befs: version: 0.9.3
[    4.863532][    T1] ocfs2: Registered cluster interface o2cb
[    4.865950][    T1] ocfs2: Registered cluster interface user
[    4.889874][    T1] OCFS2 User DLM kernel interface loaded
[    4.898629][    T1] gfs2: GFS2 installed
[    4.917528][    T1] ceph: loaded (mds proto 32)
[    4.935038][    T1] NET: Registered PF_ALG protocol family
[    4.937946][    T1] xor: measuring software checksum speed
[    4.939734][    T1]    prefetch64-sse  : 27968 MB/sec
[    4.941434][    T1]    generic_sse     : 25305 MB/sec
[    4.942610][    T1] xor: using function: prefetch64-sse (27968 MB/sec)
[    4.944380][    T1] async_tx: api initialized (async)
[    4.945606][    T1] Key type asymmetric registered
[    4.946816][    T1] Asymmetric key parser 'x509' registered
[    4.948258][    T1] Asymmetric key parser 'pkcs8' registered
[    4.949797][    T1] Key type pkcs7_test registered
[    4.953824][    T1] Block layer SCSI generic (bsg) driver version 0.4 loaded (major 240)
[    4.957779][    T1] io scheduler mq-deadline registered
[    4.960429][    T1] io scheduler kyber registered
[    4.961809][    T1] io scheduler bfq registered
[    4.966333][    T1] input: Power Button as /devices/LNXSYSTM:00/LNXPWRBN:00/input/input0
[    4.975067][    T1] ACPI: button: Power Button [PWRF]
[    4.979663][  T143] kworker/u4:3 (143) used greatest stack depth: 27064 bytes left
[    4.980793][    T1] ioatdma: Intel(R) QuickData Technology Driver 5.00
[    5.169177][    T1] N_HDLC line discipline registered with maxframe=4096
[    5.171982][    T1] Serial: 8250/16550 driver, 4 ports, IRQ sharing enabled
[    5.177632][    T1] 00:04: ttyS0 at I/O 0x3f8 (irq = 4, base_baud = 115200) is a 16550A
[    5.199787][    T1] Non-volatile memory driver v1.3
[    5.202217][    T1] Linux agpgart interface v0.103
[    5.215323][    T1] ACPI: bus type drm_connector registered
[    5.223226][    T1] [drm] Initialized vgem 1.0.0 20120112 for vgem on minor 0
[    5.242119][    T1] [drm] Initialized vkms 1.0.0 20180514 for vkms on minor 1
[    5.329983][    T1] Console: switching to colour frame buffer device 128x48
[    5.348757][    T1] platform vkms: [drm] fb0: vkmsdrmfb frame buffer device
[    5.351365][    T1] usbcore: registered new interface driver udl
[    5.354102][    T1] bochs-drm 0000:00:02.0: vgaarb: deactivate vga console
[    5.357780][    T1] [drm] Found bochs VGA, ID 0xb0c5.
[    5.359681][    T1] [drm] Framebuffer size 16384 kB @ 0xfd000000, mmio @ 0xfebf0000.
[    5.373600][    T1] [drm] Found EDID data blob.
[    5.377071][    T1] [drm] Initialized bochs-drm 1.0.0 20130925 for 0000:00:02.0 on minor 2
[    5.393431][    T1] fbcon: bochs-drmdrmfb (fb1) is primary device
[    5.393456][    T1] fbcon: Remapping primary device, fb1, to tty 1-63
[    5.847518][    T1] bochs-drm 0000:00:02.0: [drm] fb1: bochs-drmdrmfb frame buffer device
[    5.859488][   T26] Floppy drive(s): fd0 is 2.88M AMI BIOS
[    5.893900][   T26] FDC 0 is a S82078B
[    5.894306][    T1] brd: module loaded
[    5.944484][    T1] loop: module loaded
[    6.037050][    T1] zram: Added device: zram0
[    6.046669][    T1] null_blk: disk nullb0 created
[    6.047920][    T1] null_blk: module loaded
[    6.049178][    T1] Guest personality initialized and is inactive
[    6.051751][    T1] VMCI host device registered (name=vmci, major=10, minor=118)
[    6.053616][    T1] Initialized host personality
[    6.054889][    T1] usbcore: registered new interface driver rtsx_usb
[    6.058325][    T1] usbcore: registered new interface driver viperboard
[    6.062375][    T1] usbcore: registered new interface driver dln2
[    6.064187][    T1] usbcore: registered new interface driver pn533_usb
[    6.069507][    T1] nfcsim 0.2 initialized
[    6.071556][    T1] usbcore: registered new interface driver port100
[    6.073935][    T1] usbcore: registered new interface driver nfcmrvl
[    6.081710][    T1] Loading iSCSI transport class v2.0-870.
[    6.089742][    T1] st: Version 20160209, fixed bufsize 32768, s/g segs 256
[    6.119298][    T1] scsi host0: ata_piix
[    6.125716][    T1] scsi host1: ata_piix
[    6.128318][    T1] ata1: PATA max MWDMA2 cmd 0x1f0 ctl 0x3f6 bmdma 0xc000 irq 14
[    6.130225][    T1] ata2: PATA max MWDMA2 cmd 0x170 ctl 0x376 bmdma 0xc008 irq 15
[    6.137636][    T1] Rounding down aligned max_sectors from 4294967295 to 4294967288
[    6.141680][    T1] db_root: cannot open: /etc/target
[    6.145602][    T1] slram: not enough parameters.
[    6.152649][    T1] ftl_cs: FTL header not found.
[    6.174009][    T1] wireguard: WireGuard 1.0.0 loaded. See www.wireguard.com for information.
[    6.176269][    T1] wireguard: Copyright (C) 2015-2019 Jason A. Donenfeld <Jason@zx2c4.com>. All Rights Reserved.
[    6.178815][    T1] eql: Equalizer2002: Simon Janes (simon@ncm.com) and David S. Miller (davem@redhat.com)
[    6.188308][    T1] MACsec IEEE 802.1AE
[    6.195799][    T1] tun: Universal TUN/TAP device driver, 1.6
[    6.204488][    T1] vcan: Virtual CAN interface driver
[    6.205789][    T1] vxcan: Virtual CAN Tunnel driver
[    6.206954][    T1] slcan: serial line CAN interface driver
[    6.208687][    T1] CAN device driver interface
[    6.211126][    T1] usbcore: registered new interface driver usb_8dev
[    6.213028][    T1] usbcore: registered new interface driver ems_usb
[    6.216181][    T1] usbcore: registered new interface driver gs_usb
[    6.218379][    T1] usbcore: registered new interface driver kvaser_usb
[    6.220969][    T1] usbcore: registered new interface driver mcba_usb
[    6.222961][    T1] usbcore: registered new interface driver peak_usb
[    6.225258][    T1] e100: Intel(R) PRO/100 Network Driver
[    6.226530][    T1] e100: Copyright(c) 1999-2006 Intel Corporation
[    6.228207][    T1] e1000: Intel(R) PRO/1000 Network Driver
[    6.229496][    T1] e1000: Copyright (c) 1999-2006 Intel Corporation.
[    6.231335][    T1] e1000e: Intel(R) PRO/1000 Network Driver
[    6.232786][    T1] e1000e: Copyright(c) 1999 - 2015 Intel Corporation.
[    6.234941][    T1] mkiss: AX.25 Multikiss, Hans Albas PE1AYX
[    6.236381][    T1] AX.25: 6pack driver, Revision: 0.3.0
[    6.237815][    T1] AX.25: bpqether driver version 004
[    6.239107][    T1] PPP generic driver version 2.4.2
[    6.244869][    T1] PPP BSD Compression module registered
[    6.246296][    T1] PPP Deflate Compression module registered
[    6.247910][    T1] PPP MPPE Compression module registered
[    6.249184][    T1] NET: Registered PF_PPPOX protocol family
[    6.251421][    T1] PPTP driver version 0.8.5
[    6.252746][    T1] SLIP: version 0.8.4-NET3.019-NEWTTY (dynamic channels, max=256) (6 bit encapsulation enabled).
[    6.257029][    T1] CSLIP: code copyright 1989 Regents of the University of California.
[    6.259833][    T1] SLIP linefill/keepalive option.
[    6.261061][    T1] hdlc: HDLC support module revision 1.22
[    6.262517][    T1] LAPB Ethernet driver version 0.02
[    6.265602][    T1] usbcore: registered new interface driver ath9k_htc
[    6.267324][    T1] usbcore: registered new interface driver carl9170
[    6.268949][    T1] usbcore: registered new interface driver ath6kl_usb
[    6.272157][    T1] usbcore: registered new interface driver ar5523
[    6.276209][    T1] usbcore: registered new interface driver ath10k_usb
[    6.278197][    T1] usbcore: registered new interface driver rndis_wlan
[    6.280570][    T1] mac80211_hwsim: initializing netlink
[    6.301461][  T988] ata2: found unknown device (class 0)
[    6.305878][  T988] ata2.00: ATAPI: QEMU DVD-ROM, 2.5+, max UDMA/100
[    6.313983][    T1] usbcore: registered new interface driver atusb
[    6.323568][   T11] scsi 1:0:0:0: CD-ROM            QEMU     QEMU DVD-ROM     2.5+ PQ: 0 ANSI: 5
[    6.332197][    T1] mac802154_hwsim mac802154_hwsim: Added 2 mac802154 hwsim hardware radios
[    6.334507][    T1] VMware vmxnet3 virtual NIC driver - version 1.7.0.0-k-NAPI
[    6.336334][    T1] usbcore: registered new interface driver catc
[    6.337967][    T1] usbcore: registered new interface driver kaweth
[    6.339566][    T1] pegasus: Pegasus/Pegasus II USB Ethernet driver
[    6.341133][    T1] usbcore: registered new interface driver pegasus
[    6.343358][    T1] usbcore: registered new interface driver rtl8150
[    6.345004][    T1] usbcore: registered new device driver r8152-cfgselector
[    6.347097][    T1] usbcore: registered new interface driver r8152
[    6.348569][    T1] hso: drivers/net/usb/hso.c: Option Wireless
[    6.350121][    T1] usbcore: registered new interface driver hso
[    6.352584][    T1] usbcore: registered new interface driver lan78xx
[    6.354239][    T1] usbcore: registered new interface driver asix
[    6.355660][    T1] usbcore: registered new interface driver ax88179_178a
[    6.357267][    T1] usbcore: registered new interface driver cdc_ether
[    6.359231][    T1] usbcore: registered new interface driver cdc_eem
[    6.360863][    T1] usbcore: registered new interface driver dm9601
[    6.363104][    T1] usbcore: registered new interface driver sr9700
[    6.365709][    T1] usbcore: registered new interface driver CoreChips
[    6.367420][    T1] usbcore: registered new interface driver smsc75xx
[    6.369714][    T1] usbcore: registered new interface driver smsc95xx
[    6.371492][    T1] usbcore: registered new interface driver gl620a
[    6.373069][    T1] usbcore: registered new interface driver net1080
[    6.374716][    T1] usbcore: registered new interface driver plusb
[    6.376220][    T1] usbcore: registered new interface driver rndis_host
[    6.377811][    T1] usbcore: registered new interface driver cdc_subset
[    6.379342][    T1] usbcore: registered new interface driver zaurus
[    6.381620][    T1] usbcore: registered new interface driver MOSCHIP usb-ethernet driver
[    6.383497][    T1] usbcore: registered new interface driver int51x1
[    6.387885][    T1] usbcore: registered new interface driver cdc_phonet
[    6.389467][    T1] usbcore: registered new interface driver kalmia
[    6.391016][    T1] usbcore: registered new interface driver ipheth
[    6.397088][    T1] usbcore: registered new interface driver sierra_net
[    6.399320][    T1] usbcore: registered new interface driver cx82310_eth
[    6.400891][    T1] usbcore: registered new interface driver cdc_ncm
[    6.402338][    T1] usbcore: registered new interface driver huawei_cdc_ncm
[    6.404491][    T1] usbcore: registered new interface driver lg-vl600
[    6.406083][    T1] usbcore: registered new interface driver qmi_wwan
[    6.407708][    T1] usbcore: registered new interface driver cdc_mbim
[    6.409844][    T1] usbcore: registered new interface driver ch9200
[    6.411999][    T1] usbcore: registered new interface driver r8153_ecm
[    6.422315][    T1] VFIO - User Level meta-driver version: 0.3
[    6.436330][    T1] aoe: AoE v85 initialised.
[    6.442448][    T1] SPI driver max3421-hcd has no spi_device_id for maxim,max3421
[    6.445384][    T1] usbcore: registered new interface driver cdc_acm
[    6.446958][    T1] cdc_acm: USB Abstract Control Model driver for USB modems and ISDN adapters
[    6.449961][    T1] usbcore: registered new interface driver usblp
[    6.452069][    T1] usbcore: registered new interface driver cdc_wdm
[    6.453741][    T1] usbcore: registered new interface driver usbtmc
[    6.456211][    T1] usbcore: registered new interface driver uas
[    6.457794][    T1] usbcore: registered new interface driver usb-storage
[    6.461853][    T1] usbcore: registered new interface driver ums-alauda
[    6.465363][    T1] usbcore: registered new interface driver ums-cypress
[    6.468409][    T1] usbcore: registered new interface driver ums-datafab
[    6.470044][    T1] usbcore: registered new interface driver ums_eneub6250
[    6.473289][    T1] usbcore: registered new interface driver ums-freecom
[    6.476076][    T1] usbcore: registered new interface driver ums-isd200
[    6.480049][    T1] usbcore: registered new interface driver ums-jumpshot
[    6.486006][    T1] usbcore: registered new interface driver ums-karma
[    6.505370][    T1] usbcore: registered new interface driver ums-onetouch
[    6.507541][    T1] usbcore: registered new interface driver ums-realtek
[    6.509371][    T1] usbcore: registered new interface driver ums-sddr09
[    6.511891][    T1] usbcore: registered new interface driver ums-sddr55
[    6.513567][    T1] usbcore: registered new interface driver ums-usbat
[    6.537439][    T1] usbcore: registered new interface driver mdc800
[    6.546296][    T1] mdc800: v0.7.5 (30/10/2000):USB Driver for Mustek MDC800 Digital Camera
[    6.559700][    T1] usbcore: registered new interface driver microtekX6
[    6.566731][    T1] usbcore: registered new interface driver usbserial_generic
[    6.572979][    T1] usbserial: USB Serial support registered for generic
[    6.580138][    T1] usbcore: registered new interface driver aircable
[    6.588849][    T1] usbserial: USB Serial support registered for aircable
[    6.592223][    T1] usbcore: registered new interface driver ark3116
[    6.594720][    T1] usbserial: USB Serial support registered for ark3116
[    6.597303][    T1] usbcore: registered new interface driver belkin_sa
[    6.604282][    T1] usbserial: USB Serial support registered for Belkin / Peracom / GoHubs USB Serial Adapter
[    6.608179][    T1] usbcore: registered new interface driver ch341
[    6.610284][    T1] usbserial: USB Serial support registered for ch341-uart
[    6.612659][    T1] usbcore: registered new interface driver cp210x
[    6.619856][    T1] usbserial: USB Serial support registered for cp210x
[    6.621981][    T1] usbcore: registered new interface driver cyberjack
[    6.625247][    T1] usbserial: USB Serial support registered for Reiner SCT Cyberjack USB card reader
[    6.627817][    T1] usbcore: registered new interface driver cypress_m8
[    6.630053][    T1] usbserial: USB Serial support registered for DeLorme Earthmate USB
[    6.637307][    T1] usbserial: USB Serial support registered for HID->COM RS232 Adapter
[    6.642060][    T1] usbserial: USB Serial support registered for Nokia CA-42 V2 Adapter
[    6.646485][    T1] usbcore: registered new interface driver usb_debug
[    6.648694][    T1] usbserial: USB Serial support registered for debug
[    6.654544][    T1] usbserial: USB Serial support registered for xhci_dbc
[    6.657197][    T1] usbcore: registered new interface driver digi_acceleport
[    6.659330][    T1] usbserial: USB Serial support registered for Digi 2 port USB adapter
[    6.664335][    T1] usbserial: USB Serial support registered for Digi 4 port USB adapter
[    6.670106][    T1] usbcore: registered new interface driver io_edgeport
[    6.673262][    T1] usbserial: USB Serial support registered for Edgeport 2 port adapter
[    6.675952][    T1] usbserial: USB Serial support registered for Edgeport 4 port adapter
[    6.680399][    T1] usbserial: USB Serial support registered for Edgeport 8 port adapter
[    6.692879][    T1] usbserial: USB Serial support registered for EPiC device
[    6.702219][    T1] usbcore: registered new interface driver io_ti
[    6.707474][    T1] usbserial: USB Serial support registered for Edgeport TI 1 port adapter
[    6.714618][    T1] usbserial: USB Serial support registered for Edgeport TI 2 port adapter
[    6.719776][    T1] usbcore: registered new interface driver empeg
[    6.725098][    T1] usbserial: USB Serial support registered for empeg
[    6.726967][    T1] usbcore: registered new interface driver f81534a_ctrl
[    6.729163][    T1] usbcore: registered new interface driver f81232
[    6.744355][    T1] usbserial: USB Serial support registered for f81232
[    6.756954][    T1] usbserial: USB Serial support registered for f81534a
[    6.762263][    T1] usbcore: registered new interface driver f81534
[    6.766997][    T1] usbserial: USB Serial support registered for Fintek F81532/F81534
[    6.769591][    T1] usbcore: registered new interface driver ftdi_sio
[    6.771411][    T1] usbserial: USB Serial support registered for FTDI USB Serial Device
[    6.773706][    T1] usbcore: registered new interface driver garmin_gps
[    6.784950][    T1] usbserial: USB Serial support registered for Garmin GPS usb/tty
[    6.787644][    T1] usbcore: registered new interface driver ipaq
[    6.789468][    T1] usbserial: USB Serial support registered for PocketPC PDA
[    6.797019][    T1] usbcore: registered new interface driver ipw
[    6.804471][    T1] usbserial: USB Serial support registered for IPWireless converter
[    6.808681][    T1] usbcore: registered new interface driver ir_usb
[    6.809643][   T11] sr 1:0:0:0: [sr0] scsi3-mmc drive: 4x/4x cd/rw xa/form2 tray
[    6.823706][    T1] usbserial: USB Serial support registered for IR Dongle
[    6.823849][    T1] usbcore: registered new interface driver iuu_phoenix
[    6.824019][    T1] usbserial: USB Serial support registered for iuu_phoenix
[    6.824667][    T1] usbcore: registered new interface driver keyspan
[    6.824782][    T1] usbserial: USB Serial support registered for Keyspan - (without firmware)
[    6.829183][   T11] cdrom: Uniform CD-ROM driver Revision: 3.20
[    6.831780][    T1] usbserial: USB Serial support registered for Keyspan 1 port adapter
[    6.847290][    T1] usbserial: USB Serial support registered for Keyspan 2 port adapter
[    6.850897][    T1] usbserial: USB Serial support registered for Keyspan 4 port adapter
[    6.855316][    T1] usbcore: registered new interface driver keyspan_pda
[    6.869513][    T1] usbserial: USB Serial support registered for Keyspan PDA
[    6.872419][    T1] usbserial: USB Serial support registered for Keyspan PDA - (prerenumeration)
[    6.875910][    T1] usbcore: registered new interface driver kl5kusb105
[    6.878406][    T1] usbserial: USB Serial support registered for KL5KUSB105D / PalmConnect
[    6.883524][    T1] usbcore: registered new interface driver kobil_sct
[    6.888755][    T1] usbserial: USB Serial support registered for KOBIL USB smart card terminal
[    6.898254][    T1] usbcore: registered new interface driver mct_u232
[    6.900259][    T1] usbserial: USB Serial support registered for MCT U232
[    6.903099][    T1] usbcore: registered new interface driver metro_usb
[    6.905592][    T1] usbserial: USB Serial support registered for Metrologic USB to Serial
[    6.910249][    T1] usbcore: registered new interface driver mos7720
[    6.913470][    T1] usbserial: USB Serial support registered for Moschip 2 port adapter
[    6.916639][    T1] usbcore: registered new interface driver mos7840
[    6.918901][    T1] usbserial: USB Serial support registered for Moschip 7840/7820 USB Serial Driver
[    6.919600][   T11] sr 1:0:0:0: Attached scsi generic sg0 type 5
[    6.921354][    T1] usbcore: registered new interface driver mxuport
[    6.921438][    T1] usbserial: USB Serial support registered for MOXA UPort
[    6.921501][    T1] usbcore: registered new interface driver navman
[    6.938682][    T1] usbserial: USB Serial support registered for navman
[    6.947364][    T1] usbcore: registered new interface driver omninet
[    6.953842][    T1] usbserial: USB Serial support registered for ZyXEL - omni.net usb
[    6.956864][    T1] usbcore: registered new interface driver opticon
[    6.962389][    T1] usbserial: USB Serial support registered for opticon
[    6.967761][    T1] usbcore: registered new interface driver option
[    6.977649][    T1] usbserial: USB Serial support registered for GSM modem (1-port)
[    6.981152][    T1] usbcore: registered new interface driver oti6858
[    6.983707][    T1] usbserial: USB Serial support registered for oti6858
[    6.987019][    T1] usbcore: registered new interface driver pl2303
[    6.989257][    T1] usbserial: USB Serial support registered for pl2303
[    6.992212][    T1] usbcore: registered new interface driver qcaux
[    6.994362][    T1] usbserial: USB Serial support registered for qcaux
[    6.996274][    T1] usbcore: registered new interface driver qcserial
[    6.999682][    T1] usbserial: USB Serial support registered for Qualcomm USB modem
[    7.017042][    T1] usbcore: registered new interface driver quatech2
[    7.019609][    T1] usbserial: USB Serial support registered for Quatech 2nd gen USB to Serial Driver
[    7.027276][    T1] usbcore: registered new interface driver safe_serial
[    7.053476][    T1] usbserial: USB Serial support registered for safe_serial
[    7.063243][    T1] usbcore: registered new interface driver sierra
[    7.067817][    T1] usbserial: USB Serial support registered for Sierra USB modem
[    7.072398][    T1] usbcore: registered new interface driver usb_serial_simple
[    7.076629][    T1] usbserial: USB Serial support registered for carelink
[    7.085253][    T1] usbserial: USB Serial support registered for flashloader
[    7.102723][    T1] usbserial: USB Serial support registered for funsoft
[    7.109908][    T1] usbserial: USB Serial support registered for google
[    7.113470][    T1] usbserial: USB Serial support registered for hp4x
[    7.115325][    T1] usbserial: USB Serial support registered for kaufmann
[    7.117213][    T1] usbserial: USB Serial support registered for libtransistor
[    7.119098][    T1] usbserial: USB Serial support registered for moto_modem
[    7.122378][    T1] usbserial: USB Serial support registered for motorola_tetra
[    7.124898][    T1] usbserial: USB Serial support registered for nokia
[    7.127115][    T1] usbserial: USB Serial support registered for novatel_gps
[    7.130910][    T1] usbserial: USB Serial support registered for siemens_mpi
[    7.135005][    T1] usbserial: USB Serial support registered for suunto
[    7.139769][    T1] usbserial: USB Serial support registered for vivopay
[    7.149852][    T1] usbserial: USB Serial support registered for zio
[    7.162489][    T1] usbcore: registered new interface driver spcp8x5
[    7.183349][    T1] usbserial: USB Serial support registered for SPCP8x5
[    7.187251][    T1] usbcore: registered new interface driver ssu100
[    7.189463][    T1] usbserial: USB Serial support registered for Quatech SSU-100 USB to Serial Driver
[    7.193952][    T1] usbcore: registered new interface driver symbolserial
[    7.196990][    T1] usbserial: USB Serial support registered for symbol
[    7.200004][    T1] usbcore: registered new interface driver ti_usb_3410_5052
[    7.202885][    T1] usbserial: USB Serial support registered for TI USB 3410 1 port adapter
[    7.205007][    T1] usbserial: USB Serial support registered for TI USB 5052 2 port adapter
[    7.209356][    T1] usbcore: registered new interface driver upd78f0730
[    7.211735][    T1] usbserial: USB Serial support registered for upd78f0730
[    7.214076][    T1] usbcore: registered new interface driver visor
[    7.215694][    T1] usbserial: USB Serial support registered for Handspring Visor / Palm OS
[    7.217887][    T1] usbserial: USB Serial support registered for Sony Clie 5.0
[    7.223125][    T1] usbserial: USB Serial support registered for Sony Clie 3.5
[    7.225625][    T1] usbcore: registered new interface driver wishbone_serial
[    7.227531][    T1] usbserial: USB Serial support registered for wishbone_serial
[    7.231859][    T1] usbcore: registered new interface driver whiteheat
[    7.234891][    T1] usbserial: USB Serial support registered for Connect Tech - WhiteHEAT - (prerenumeration)
[    7.238592][    T1] usbserial: USB Serial support registered for Connect Tech - WhiteHEAT
[    7.242015][    T1] usbcore: registered new interface driver xr_serial
[    7.244757][    T1] usbserial: USB Serial support registered for xr_serial
[    7.246527][    T1] usbcore: registered new interface driver xsens_mt
[    7.248499][    T1] usbserial: USB Serial support registered for xsens_mt
[    7.251935][    T1] usbcore: registered new interface driver adutux
[    7.253742][    T1] usbcore: registered new interface driver appledisplay
[    7.255581][    T1] usbcore: registered new interface driver cypress_cy7c63
[    7.257634][    T1] usbcore: registered new interface driver cytherm
[    7.259297][    T1] usbcore: registered new interface driver emi26 - firmware loader
[    7.261388][    T1] usbcore: registered new interface driver emi62 - firmware loader
[    7.263383][    T1] usbcore: registered new interface driver idmouse
[    7.264968][    T1] usbcore: registered new interface driver iowarrior
[    7.266560][    T1] usbcore: registered new interface driver isight_firmware
[    7.268965][    T1] usbcore: registered new interface driver usblcd
[    7.272087][    T1] usbcore: registered new interface driver ldusb
[    7.275526][    T1] usbcore: registered new interface driver legousbtower
[    7.277902][    T1] usbcore: registered new interface driver usbtest
[    7.279694][    T1] usbcore: registered new interface driver usb_ehset_test
[    7.281510][    T1] usbcore: registered new interface driver trancevibrator
[    7.283801][    T1] usbcore: registered new interface driver uss720
[    7.285510][    T1] uss720: USB Parport Cable driver for Cables using the Lucent Technologies USS720 Chip
[    7.287921][    T1] uss720: NOTE: this is a special purpose driver to allow nonstandard
[    7.290888][    T1] uss720: protocols (eg. bitbang) over USS720 usb to parallel cables
[    7.293155][    T1] uss720: If you just want to connect to a printer, use usblp instead
[    7.296535][    T1] usbcore: registered new interface driver usbsevseg
[    7.298405][    T1] usbcore: registered new interface driver yurex
[    7.301511][    T1] usbcore: registered new interface driver chaoskey
[    7.303772][    T1] usbcore: registered new interface driver sisusb
[    7.307753][    T1] usbcore: registered new interface driver lvs
[    7.310778][    T1] usbcore: registered new interface driver cxacru
[    7.312508][    T1] usbcore: registered new interface driver speedtch
[    7.314334][    T1] usbcore: registered new interface driver ueagle-atm
[    7.316588][    T1] xusbatm: malformed module parameters
[    7.320365][    T1] dummy_hcd dummy_hcd.0: USB Host+Gadget Emulator, driver 02 May 2005
[    7.329328][    T1] dummy_hcd dummy_hcd.0: Dummy host controller
[    7.334337][    T1] dummy_hcd dummy_hcd.0: new USB bus registered, assigned bus number 1
[    7.337516][    T1] usb usb1: New USB device found, idVendor=1d6b, idProduct=0002, bcdDevice= 6.05
[    7.339788][    T1] usb usb1: New USB device strings: Mfr=3, Product=2, SerialNumber=1
[    7.342177][    T1] usb usb1: Product: Dummy host controller
[    7.344020][    T1] usb usb1: Manufacturer: Linux 6.5.0-rc7-g7d2f353b2682-dirty dummy_hcd
[    7.346205][    T1] usb usb1: SerialNumber: dummy_hcd.0
[    7.358304][    T1] hub 1-0:1.0: USB hub found
[    7.360252][    T1] hub 1-0:1.0: 1 port detected
[    7.372105][    T1] gadgetfs: USB Gadget filesystem, version 24 Aug 2004
[    7.379112][    T1] vhci_hcd vhci_hcd.0: USB/IP Virtual Host Controller
[    7.382925][    T1] vhci_hcd vhci_hcd.0: new USB bus registered, assigned bus number 2
[    7.394434][    T1] vhci_hcd: created sysfs vhci_hcd.0
[    7.397264][    T1] usb usb2: New USB device found, idVendor=1d6b, idProduct=0002, bcdDevice= 6.05
[    7.402387][    T1] usb usb2: New USB device strings: Mfr=3, Product=2, SerialNumber=1
[    7.404257][    T1] usb usb2: Product: USB/IP Virtual Host Controller
[    7.405775][    T1] usb usb2: Manufacturer: Linux 6.5.0-rc7-g7d2f353b2682-dirty vhci_hcd
[    7.407680][    T1] usb usb2: SerialNumber: vhci_hcd.0
[    7.413122][    T1] hub 2-0:1.0: USB hub found
[    7.414587][    T1] hub 2-0:1.0: 8 ports detected
[    7.418445][    T1] vhci_hcd vhci_hcd.0: USB/IP Virtual Host Controller
[    7.425515][    T1] vhci_hcd vhci_hcd.0: new USB bus registered, assigned bus number 3
[    7.428153][    T1] usb usb3: We don't know the algorithms for LPM for this host, disabling LPM.
[    7.431590][    T1] usb usb3: New USB device found, idVendor=1d6b, idProduct=0003, bcdDevice= 6.05
[    7.433683][    T1] usb usb3: New USB device strings: Mfr=3, Product=2, SerialNumber=1
[    7.435661][    T1] usb usb3: Product: USB/IP Virtual Host Controller
[    7.437110][    T1] usb usb3: Manufacturer: Linux 6.5.0-rc7-g7d2f353b2682-dirty vhci_hcd
[    7.439108][    T1] usb usb3: SerialNumber: vhci_hcd.0
[    7.443250][    T1] hub 3-0:1.0: USB hub found
[    7.444545][    T1] hub 3-0:1.0: 8 ports detected
[    7.451285][    T1] vhci_hcd vhci_hcd.1: USB/IP Virtual Host Controller
[    7.453625][    T1] vhci_hcd vhci_hcd.1: new USB bus registered, assigned bus number 4
[    7.455633][    T1] usb usb4: New USB device found, idVendor=1d6b, idProduct=0002, bcdDevice= 6.05
[    7.457519][    T1] usb usb4: New USB device strings: Mfr=3, Product=2, SerialNumber=1
[    7.460108][    T1] usb usb4: Product: USB/IP Virtual Host Controller
[    7.461760][    T1] usb usb4: Manufacturer: Linux 6.5.0-rc7-g7d2f353b2682-dirty vhci_hcd
[    7.463585][    T1] usb usb4: SerialNumber: vhci_hcd.1
[    7.468009][    T1] hub 4-0:1.0: USB hub found
[    7.469678][    T1] hub 4-0:1.0: 8 ports detected
[    7.473964][    T1] vhci_hcd vhci_hcd.1: USB/IP Virtual Host Controller
[    7.478203][    T1] vhci_hcd vhci_hcd.1: new USB bus registered, assigned bus number 5
[    7.480245][    T1] usb usb5: We don't know the algorithms for LPM for this host, disabling LPM.
[    7.482696][    T1] usb usb5: New USB device found, idVendor=1d6b, idProduct=0003, bcdDevice= 6.05
[    7.485000][    T1] usb usb5: New USB device strings: Mfr=3, Product=2, SerialNumber=1
[    7.486743][    T1] usb usb5: Product: USB/IP Virtual Host Controller
[    7.488106][    T1] usb usb5: Manufacturer: Linux 6.5.0-rc7-g7d2f353b2682-dirty vhci_hcd
[    7.489996][    T1] usb usb5: SerialNumber: vhci_hcd.1
[    7.493316][    T1] hub 5-0:1.0: USB hub found
[    7.494426][    T1] hub 5-0:1.0: 8 ports detected
[    7.498611][    T1] vhci_hcd vhci_hcd.2: USB/IP Virtual Host Controller
[    7.503663][    T1] vhci_hcd vhci_hcd.2: new USB bus registered, assigned bus number 6
[    7.506288][    T1] usb usb6: New USB device found, idVendor=1d6b, idProduct=0002, bcdDevice= 6.05
[    7.508481][    T1] usb usb6: New USB device strings: Mfr=3, Product=2, SerialNumber=1
[    7.510797][    T1] usb usb6: Product: USB/IP Virtual Host Controller
[    7.512774][    T1] usb usb6: Manufacturer: Linux 6.5.0-rc7-g7d2f353b2682-dirty vhci_hcd
[    7.514870][    T1] usb usb6: SerialNumber: vhci_hcd.2
[    7.521506][    T1] hub 6-0:1.0: USB hub found
[    7.523289][    T1] hub 6-0:1.0: 8 ports detected
[    7.528165][    T1] vhci_hcd vhci_hcd.2: USB/IP Virtual Host Controller
[    7.532120][    T1] vhci_hcd vhci_hcd.2: new USB bus registered, assigned bus number 7
[    7.535357][    T1] usb usb7: We don't know the algorithms for LPM for this host, disabling LPM.
[    7.539100][    T1] usb usb7: New USB device found, idVendor=1d6b, idProduct=0003, bcdDevice= 6.05
[    7.541583][    T1] usb usb7: New USB device strings: Mfr=3, Product=2, SerialNumber=1
[    7.543733][    T1] usb usb7: Product: USB/IP Virtual Host Controller
[    7.545267][    T1] usb usb7: Manufacturer: Linux 6.5.0-rc7-g7d2f353b2682-dirty vhci_hcd
[    7.547245][    T1] usb usb7: SerialNumber: vhci_hcd.2
[    7.555882][    T1] hub 7-0:1.0: USB hub found
[    7.558112][    T1] hub 7-0:1.0: 8 ports detected
[    7.573124][    T1] vhci_hcd vhci_hcd.3: USB/IP Virtual Host Controller
[    7.580118][    T1] vhci_hcd vhci_hcd.3: new USB bus registered, assigned bus number 8
[    7.585855][    T1] usb usb8: New USB device found, idVendor=1d6b, idProduct=0002, bcdDevice= 6.05
[    7.588056][    T1] usb usb8: New USB device strings: Mfr=3, Product=2, SerialNumber=1
[    7.589961][    T1] usb usb8: Product: USB/IP Virtual Host Controller
[    7.592110][    T1] usb usb8: Manufacturer: Linux 6.5.0-rc7-g7d2f353b2682-dirty vhci_hcd
[    7.594224][    T1] usb usb8: SerialNumber: vhci_hcd.3
[    7.599721][    T1] hub 8-0:1.0: USB hub found
[    7.601591][    T1] hub 8-0:1.0: 8 ports detected
[    7.605399][    T1] vhci_hcd vhci_hcd.3: USB/IP Virtual Host Controller
[    7.608105][    T1] vhci_hcd vhci_hcd.3: new USB bus registered, assigned bus number 9
[    7.610306][    T1] usb usb9: We don't know the algorithms for LPM for this host, disabling LPM.
[    7.612996][    T1] usb usb9: New USB device found, idVendor=1d6b, idProduct=0003, bcdDevice= 6.05
[    7.615323][    T1] usb usb9: New USB device strings: Mfr=3, Product=2, SerialNumber=1
[    7.617123][    T1] usb usb9: Product: USB/IP Virtual Host Controller
[    7.618857][    T1] usb usb9: Manufacturer: Linux 6.5.0-rc7-g7d2f353b2682-dirty vhci_hcd
[    7.620991][    T1] usb usb9: SerialNumber: vhci_hcd.3
[    7.624933][    T1] hub 9-0:1.0: USB hub found
[    7.627313][    T1] hub 9-0:1.0: 8 ports detected
[    7.632753][    T1] vhci_hcd vhci_hcd.4: USB/IP Virtual Host Controller
[    7.637471][    T1] vhci_hcd vhci_hcd.4: new USB bus registered, assigned bus number 10
[    7.640495][    T1] usb usb10: New USB device found, idVendor=1d6b, idProduct=0002, bcdDevice= 6.05
[    7.642774][    T1] usb usb10: New USB device strings: Mfr=3, Product=2, SerialNumber=1
[    7.645235][    T1] usb usb10: Product: USB/IP Virtual Host Controller
[    7.647080][    T1] usb usb10: Manufacturer: Linux 6.5.0-rc7-g7d2f353b2682-dirty vhci_hcd
[    7.649014][    T1] usb usb10: SerialNumber: vhci_hcd.4
[    7.656053][    T1] hub 10-0:1.0: USB hub found
[    7.657666][    T1] hub 10-0:1.0: 8 ports detected
[    7.662366][    T1] vhci_hcd vhci_hcd.4: USB/IP Virtual Host Controller
[    7.665845][    T1] vhci_hcd vhci_hcd.4: new USB bus registered, assigned bus number 11
[    7.668102][    T1] usb usb11: We don't know the algorithms for LPM for this host, disabling LPM.
[    7.670738][    T1] usb usb11: New USB device found, idVendor=1d6b, idProduct=0003, bcdDevice= 6.05
[    7.673103][    T1] usb usb11: New USB device strings: Mfr=3, Product=2, SerialNumber=1
[    7.675101][    T1] usb usb11: Product: USB/IP Virtual Host Controller
[    7.676921][    T1] usb usb11: Manufacturer: Linux 6.5.0-rc7-g7d2f353b2682-dirty vhci_hcd
[    7.678797][    T1] usb usb11: SerialNumber: vhci_hcd.4
[    7.686757][    T1] hub 11-0:1.0: USB hub found
[    7.687990][    T1] hub 11-0:1.0: 8 ports detected
[    7.693310][    T1] vhci_hcd vhci_hcd.5: USB/IP Virtual Host Controller
[    7.695860][    T1] vhci_hcd vhci_hcd.5: new USB bus registered, assigned bus number 12
[    7.698020][    T1] usb usb12: New USB device found, idVendor=1d6b, idProduct=0002, bcdDevice= 6.05
[    7.700138][    T1] usb usb12: New USB device strings: Mfr=3, Product=2, SerialNumber=1
[    7.701946][    T1] usb usb12: Product: USB/IP Virtual Host Controller
[    7.703586][    T1] usb usb12: Manufacturer: Linux 6.5.0-rc7-g7d2f353b2682-dirty vhci_hcd
[    7.705336][    T1] usb usb12: SerialNumber: vhci_hcd.5
[    7.710003][    T1] hub 12-0:1.0: USB hub found
[    7.711440][    T1] hub 12-0:1.0: 8 ports detected
[    7.717005][    T1] vhci_hcd vhci_hcd.5: USB/IP Virtual Host Controller
[    7.719733][    T1] vhci_hcd vhci_hcd.5: new USB bus registered, assigned bus number 13
[    7.722651][    T1] usb usb13: We don't know the algorithms for LPM for this host, disabling LPM.
[    7.725089][    T1] usb usb13: New USB device found, idVendor=1d6b, idProduct=0003, bcdDevice= 6.05
[    7.727413][    T1] usb usb13: New USB device strings: Mfr=3, Product=2, SerialNumber=1
[    7.729256][    T1] usb usb13: Product: USB/IP Virtual Host Controller
[    7.730727][    T1] usb usb13: Manufacturer: Linux 6.5.0-rc7-g7d2f353b2682-dirty vhci_hcd
[    7.732559][    T1] usb usb13: SerialNumber: vhci_hcd.5
[    7.736893][    T1] hub 13-0:1.0: USB hub found
[    7.738353][    T1] hub 13-0:1.0: 8 ports detected
[    7.747982][    T1] vhci_hcd vhci_hcd.6: USB/IP Virtual Host Controller
[    7.750301][    T1] vhci_hcd vhci_hcd.6: new USB bus registered, assigned bus number 14
[    7.753963][    T1] usb usb14: New USB device found, idVendor=1d6b, idProduct=0002, bcdDevice= 6.05
[    7.756924][    T1] usb usb14: New USB device strings: Mfr=3, Product=2, SerialNumber=1
[    7.758876][    T1] usb usb14: Product: USB/IP Virtual Host Controller
[    7.761795][    T1] usb usb14: Manufacturer: Linux 6.5.0-rc7-g7d2f353b2682-dirty vhci_hcd
[    7.763718][    T1] usb usb14: SerialNumber: vhci_hcd.6
[    7.767480][    T1] hub 14-0:1.0: USB hub found
[    7.768855][    T1] hub 14-0:1.0: 8 ports detected
[    7.773558][    T1] vhci_hcd vhci_hcd.6: USB/IP Virtual Host Controller
[    7.776903][    T1] vhci_hcd vhci_hcd.6: new USB bus registered, assigned bus number 15
[    7.779654][    T1] usb usb15: We don't know the algorithms for LPM for this host, disabling LPM.
[    7.785205][    T1] usb usb15: New USB device found, idVendor=1d6b, idProduct=0003, bcdDevice= 6.05
[    7.788090][    T1] usb usb15: New USB device strings: Mfr=3, Product=2, SerialNumber=1
[    7.789966][    T1] usb usb15: Product: USB/IP Virtual Host Controller
[    7.791751][    T1] usb usb15: Manufacturer: Linux 6.5.0-rc7-g7d2f353b2682-dirty vhci_hcd
[    7.795633][    T1] usb usb15: SerialNumber: vhci_hcd.6
[    7.802493][    T1] hub 15-0:1.0: USB hub found
[    7.803827][    T1] hub 15-0:1.0: 8 ports detected
[    7.811571][    T1] vhci_hcd vhci_hcd.7: USB/IP Virtual Host Controller
[    7.814189][    T1] vhci_hcd vhci_hcd.7: new USB bus registered, assigned bus number 16
[    7.816388][    T1] usb usb16: New USB device found, idVendor=1d6b, idProduct=0002, bcdDevice= 6.05
[    7.818788][    T1] usb usb16: New USB device strings: Mfr=3, Product=2, SerialNumber=1
[    7.820916][    T1] usb usb16: Product: USB/IP Virtual Host Controller
[    7.822381][    T1] usb usb16: Manufacturer: Linux 6.5.0-rc7-g7d2f353b2682-dirty vhci_hcd
[    7.825233][    T1] usb usb16: SerialNumber: vhci_hcd.7
[    7.831476][    T1] hub 16-0:1.0: USB hub found
[    7.834033][    T1] hub 16-0:1.0: 8 ports detected
[    7.837974][    T1] vhci_hcd vhci_hcd.7: USB/IP Virtual Host Controller
[    7.841846][    T1] vhci_hcd vhci_hcd.7: new USB bus registered, assigned bus number 17
[    7.844095][    T1] usb usb17: We don't know the algorithms for LPM for this host, disabling LPM.
[    7.847624][    T1] usb usb17: New USB device found, idVendor=1d6b, idProduct=0003, bcdDevice= 6.05
[    7.850904][    T1] usb usb17: New USB device strings: Mfr=3, Product=2, SerialNumber=1
[    7.853644][    T1] usb usb17: Product: USB/IP Virtual Host Controller
[    7.856516][    T1] usb usb17: Manufacturer: Linux 6.5.0-rc7-g7d2f353b2682-dirty vhci_hcd
[    7.859302][    T1] usb usb17: SerialNumber: vhci_hcd.7
[    7.865366][    T1] hub 17-0:1.0: USB hub found
[    7.868284][    T1] hub 17-0:1.0: 8 ports detected
[    7.874147][    T1] vhci_hcd vhci_hcd.8: USB/IP Virtual Host Controller
[    7.878181][    T1] vhci_hcd vhci_hcd.8: new USB bus registered, assigned bus number 18
[    7.881101][    T1] usb usb18: New USB device found, idVendor=1d6b, idProduct=0002, bcdDevice= 6.05
[    7.884075][    T1] usb usb18: New USB device strings: Mfr=3, Product=2, SerialNumber=1
[    7.885978][    T1] usb usb18: Product: USB/IP Virtual Host Controller
[    7.887805][    T1] usb usb18: Manufacturer: Linux 6.5.0-rc7-g7d2f353b2682-dirty vhci_hcd
[    7.889889][    T1] usb usb18: SerialNumber: vhci_hcd.8
[    7.895760][    T1] hub 18-0:1.0: USB hub found
[    7.897129][    T1] hub 18-0:1.0: 8 ports detected
[    7.901435][    T1] vhci_hcd vhci_hcd.8: USB/IP Virtual Host Controller
[    7.903976][    T1] vhci_hcd vhci_hcd.8: new USB bus registered, assigned bus number 19
[    7.911844][    T1] usb usb19: We don't know the algorithms for LPM for this host, disabling LPM.
[    7.914561][    T1] usb usb19: New USB device found, idVendor=1d6b, idProduct=0003, bcdDevice= 6.05
[    7.916977][    T1] usb usb19: New USB device strings: Mfr=3, Product=2, SerialNumber=1
[    7.919141][    T1] usb usb19: Product: USB/IP Virtual Host Controller
[    7.921097][    T1] usb usb19: Manufacturer: Linux 6.5.0-rc7-g7d2f353b2682-dirty vhci_hcd
[    7.922978][    T1] usb usb19: SerialNumber: vhci_hcd.8
[    7.928856][    T1] hub 19-0:1.0: USB hub found
[    7.930434][    T1] hub 19-0:1.0: 8 ports detected
[    7.935855][    T1] vhci_hcd vhci_hcd.9: USB/IP Virtual Host Controller
[    7.938416][    T1] vhci_hcd vhci_hcd.9: new USB bus registered, assigned bus number 20
[    7.940888][    T1] usb usb20: New USB device found, idVendor=1d6b, idProduct=0002, bcdDevice= 6.05
[    7.942975][    T1] usb usb20: New USB device strings: Mfr=3, Product=2, SerialNumber=1
[    7.945323][    T1] usb usb20: Product: USB/IP Virtual Host Controller
[    7.946926][    T1] usb usb20: Manufacturer: Linux 6.5.0-rc7-g7d2f353b2682-dirty vhci_hcd
[    7.948846][    T1] usb usb20: SerialNumber: vhci_hcd.9
[    7.954797][    T1] hub 20-0:1.0: USB hub found
[    7.957548][    T1] hub 20-0:1.0: 8 ports detected
[    7.962496][    T1] vhci_hcd vhci_hcd.9: USB/IP Virtual Host Controller
[    7.964828][    T1] vhci_hcd vhci_hcd.9: new USB bus registered, assigned bus number 21
[    7.967213][    T1] usb usb21: We don't know the algorithms for LPM for this host, disabling LPM.
[    7.969496][    T1] usb usb21: New USB device found, idVendor=1d6b, idProduct=0003, bcdDevice= 6.05
[    7.972191][    T1] usb usb21: New USB device strings: Mfr=3, Product=2, SerialNumber=1
[    7.974267][    T1] usb usb21: Product: USB/IP Virtual Host Controller
[    7.975786][    T1] usb usb21: Manufacturer: Linux 6.5.0-rc7-g7d2f353b2682-dirty vhci_hcd
[    7.978091][    T1] usb usb21: SerialNumber: vhci_hcd.9
[    7.982555][    T1] hub 21-0:1.0: USB hub found
[    7.983821][    T1] hub 21-0:1.0: 8 ports detected
[    7.989126][    T1] vhci_hcd vhci_hcd.10: USB/IP Virtual Host Controller
[    7.992903][    T1] vhci_hcd vhci_hcd.10: new USB bus registered, assigned bus number 22
[    7.995289][    T1] usb usb22: New USB device found, idVendor=1d6b, idProduct=0002, bcdDevice= 6.05
[    7.997689][    T1] usb usb22: New USB device strings: Mfr=3, Product=2, SerialNumber=1
[    8.001602][    T1] usb usb22: Product: USB/IP Virtual Host Controller
[    8.003588][    T1] usb usb22: Manufacturer: Linux 6.5.0-rc7-g7d2f353b2682-dirty vhci_hcd
[    8.007284][    T1] usb usb22: SerialNumber: vhci_hcd.10
[    8.011935][    T1] hub 22-0:1.0: USB hub found
[    8.013207][    T1] hub 22-0:1.0: 8 ports detected
[    8.016994][    T1] vhci_hcd vhci_hcd.10: USB/IP Virtual Host Controller
[    8.022387][    T1] vhci_hcd vhci_hcd.10: new USB bus registered, assigned bus number 23
[    8.029465][    T1] usb usb23: We don't know the algorithms for LPM for this host, disabling LPM.
[    8.033330][    T1] usb usb23: New USB device found, idVendor=1d6b, idProduct=0003, bcdDevice= 6.05
[    8.035530][    T1] usb usb23: New USB device strings: Mfr=3, Product=2, SerialNumber=1
[    8.037319][    T1] usb usb23: Product: USB/IP Virtual Host Controller
[    8.038841][    T1] usb usb23: Manufacturer: Linux 6.5.0-rc7-g7d2f353b2682-dirty vhci_hcd
[    8.043457][    T1] usb usb23: SerialNumber: vhci_hcd.10
[    8.050474][    T1] hub 23-0:1.0: USB hub found
[    8.053193][    T1] hub 23-0:1.0: 8 ports detected
[    8.061086][    T1] vhci_hcd vhci_hcd.11: USB/IP Virtual Host Controller
[    8.063664][    T1] vhci_hcd vhci_hcd.11: new USB bus registered, assigned bus number 24
[    8.068423][    T1] usb usb24: New USB device found, idVendor=1d6b, idProduct=0002, bcdDevice= 6.05
[    8.070786][    T1] usb usb24: New USB device strings: Mfr=3, Product=2, SerialNumber=1
[    8.072631][    T1] usb usb24: Product: USB/IP Virtual Host Controller
[    8.074464][    T1] usb usb24: Manufacturer: Linux 6.5.0-rc7-g7d2f353b2682-dirty vhci_hcd
[    8.076578][    T1] usb usb24: SerialNumber: vhci_hcd.11
[    8.080481][    T1] hub 24-0:1.0: USB hub found
[    8.084081][    T1] hub 24-0:1.0: 8 ports detected
[    8.091057][    T1] vhci_hcd vhci_hcd.11: USB/IP Virtual Host Controller
[    8.093845][    T1] vhci_hcd vhci_hcd.11: new USB bus registered, assigned bus number 25
[    8.096007][    T1] usb usb25: We don't know the algorithms for LPM for this host, disabling LPM.
[    8.099019][    T1] usb usb25: New USB device found, idVendor=1d6b, idProduct=0003, bcdDevice= 6.05
[    8.103274][    T1] usb usb25: New USB device strings: Mfr=3, Product=2, SerialNumber=1
[    8.113425][    T1] usb usb25: Product: USB/IP Virtual Host Controller
[    8.114997][    T1] usb usb25: Manufacturer: Linux 6.5.0-rc7-g7d2f353b2682-dirty vhci_hcd
[    8.117021][    T1] usb usb25: SerialNumber: vhci_hcd.11
[    8.124192][    T1] hub 25-0:1.0: USB hub found
[    8.128238][    T1] hub 25-0:1.0: 8 ports detected
[    8.135174][    T1] vhci_hcd vhci_hcd.12: USB/IP Virtual Host Controller
[    8.138272][    T1] vhci_hcd vhci_hcd.12: new USB bus registered, assigned bus number 26
[    8.142850][    T1] usb usb26: New USB device found, idVendor=1d6b, idProduct=0002, bcdDevice= 6.05
[    8.148344][    T1] usb usb26: New USB device strings: Mfr=3, Product=2, SerialNumber=1
[    8.154500][    T1] usb usb26: Product: USB/IP Virtual Host Controller
[    8.156371][    T1] usb usb26: Manufacturer: Linux 6.5.0-rc7-g7d2f353b2682-dirty vhci_hcd
[    8.162437][    T1] usb usb26: SerialNumber: vhci_hcd.12
[    8.170740][    T1] hub 26-0:1.0: USB hub found
[    8.172116][    T1] hub 26-0:1.0: 8 ports detected
[    8.176010][    T1] vhci_hcd vhci_hcd.12: USB/IP Virtual Host Controller
[    8.180958][    T1] vhci_hcd vhci_hcd.12: new USB bus registered, assigned bus number 27
[    8.186015][    T1] usb usb27: We don't know the algorithms for LPM for this host, disabling LPM.
[    8.188423][    T1] usb usb27: New USB device found, idVendor=1d6b, idProduct=0003, bcdDevice= 6.05
[    8.190665][    T1] usb usb27: New USB device strings: Mfr=3, Product=2, SerialNumber=1
[    8.192697][    T1] usb usb27: Product: USB/IP Virtual Host Controller
[    8.194247][    T1] usb usb27: Manufacturer: Linux 6.5.0-rc7-g7d2f353b2682-dirty vhci_hcd
[    8.196261][    T1] usb usb27: SerialNumber: vhci_hcd.12
[    8.200918][    T1] hub 27-0:1.0: USB hub found
[    8.204070][    T1] hub 27-0:1.0: 8 ports detected
[    8.212261][    T1] vhci_hcd vhci_hcd.13: USB/IP Virtual Host Controller
[    8.217182][    T1] vhci_hcd vhci_hcd.13: new USB bus registered, assigned bus number 28
[    8.220185][    T1] usb usb28: New USB device found, idVendor=1d6b, idProduct=0002, bcdDevice= 6.05
[    8.223556][    T1] usb usb28: New USB device strings: Mfr=3, Product=2, SerialNumber=1
[    8.225853][    T1] usb usb28: Product: USB/IP Virtual Host Controller
[    8.228350][    T1] usb usb28: Manufacturer: Linux 6.5.0-rc7-g7d2f353b2682-dirty vhci_hcd
[    8.230390][    T1] usb usb28: SerialNumber: vhci_hcd.13
[    8.234415][    T1] hub 28-0:1.0: USB hub found
[    8.235669][    T1] hub 28-0:1.0: 8 ports detected
[    8.242666][    T1] vhci_hcd vhci_hcd.13: USB/IP Virtual Host Controller
[    8.245367][    T1] vhci_hcd vhci_hcd.13: new USB bus registered, assigned bus number 29
[    8.247979][    T1] usb usb29: We don't know the algorithms for LPM for this host, disabling LPM.
[    8.250803][    T1] usb usb29: New USB device found, idVendor=1d6b, idProduct=0003, bcdDevice= 6.05
[    8.253979][    T1] usb usb29: New USB device strings: Mfr=3, Product=2, SerialNumber=1
[    8.256728][    T1] usb usb29: Product: USB/IP Virtual Host Controller
[    8.258747][    T1] usb usb29: Manufacturer: Linux 6.5.0-rc7-g7d2f353b2682-dirty vhci_hcd
[    8.262905][    T1] usb usb29: SerialNumber: vhci_hcd.13
[    8.266337][    T1] hub 29-0:1.0: USB hub found
[    8.267808][    T1] hub 29-0:1.0: 8 ports detected
[    8.274946][    T1] vhci_hcd vhci_hcd.14: USB/IP Virtual Host Controller
[    8.281627][    T1] vhci_hcd vhci_hcd.14: new USB bus registered, assigned bus number 30
[    8.284379][    T1] usb usb30: New USB device found, idVendor=1d6b, idProduct=0002, bcdDevice= 6.05
[    8.286732][    T1] usb usb30: New USB device strings: Mfr=3, Product=2, SerialNumber=1
[    8.288660][    T1] usb usb30: Product: USB/IP Virtual Host Controller
[    8.290229][    T1] usb usb30: Manufacturer: Linux 6.5.0-rc7-g7d2f353b2682-dirty vhci_hcd
[    8.292310][    T1] usb usb30: SerialNumber: vhci_hcd.14
[    8.298396][    T1] hub 30-0:1.0: USB hub found
[    8.301481][    T1] hub 30-0:1.0: 8 ports detected
[    8.309111][    T1] vhci_hcd vhci_hcd.14: USB/IP Virtual Host Controller
[    8.315590][    T1] vhci_hcd vhci_hcd.14: new USB bus registered, assigned bus number 31
[    8.322291][    T1] usb usb31: We don't know the algorithms for LPM for this host, disabling LPM.
[    8.324900][    T1] usb usb31: New USB device found, idVendor=1d6b, idProduct=0003, bcdDevice= 6.05
[    8.328776][    T1] usb usb31: New USB device strings: Mfr=3, Product=2, SerialNumber=1
[    8.334250][    T1] usb usb31: Product: USB/IP Virtual Host Controller
[    8.336715][    T1] usb usb31: Manufacturer: Linux 6.5.0-rc7-g7d2f353b2682-dirty vhci_hcd
[    8.338614][    T1] usb usb31: SerialNumber: vhci_hcd.14
[    8.345037][    T1] hub 31-0:1.0: USB hub found
[    8.346358][    T1] hub 31-0:1.0: 8 ports detected
[    8.351380][    T1] vhci_hcd vhci_hcd.15: USB/IP Virtual Host Controller
[    8.354869][    T1] vhci_hcd vhci_hcd.15: new USB bus registered, assigned bus number 32
[    8.357740][    T1] usb usb32: New USB device found, idVendor=1d6b, idProduct=0002, bcdDevice= 6.05
[    8.361131][    T1] usb usb32: New USB device strings: Mfr=3, Product=2, SerialNumber=1
[    8.363466][    T1] usb usb32: Product: USB/IP Virtual Host Controller
[    8.365003][    T1] usb usb32: Manufacturer: Linux 6.5.0-rc7-g7d2f353b2682-dirty vhci_hcd
[    8.366885][    T1] usb usb32: SerialNumber: vhci_hcd.15
[    8.371235][    T1] hub 32-0:1.0: USB hub found
[    8.372508][    T1] hub 32-0:1.0: 8 ports detected
[    8.378048][    T1] vhci_hcd vhci_hcd.15: USB/IP Virtual Host Controller
[    8.383025][    T1] vhci_hcd vhci_hcd.15: new USB bus registered, assigned bus number 33
[    8.385578][    T1] usb usb33: We don't know the algorithms for LPM for this host, disabling LPM.
[    8.388658][    T1] usb usb33: New USB device found, idVendor=1d6b, idProduct=0003, bcdDevice= 6.05
[    8.392664][    T1] usb usb33: New USB device strings: Mfr=3, Product=2, SerialNumber=1
[    8.395795][    T1] usb usb33: Product: USB/IP Virtual Host Controller
[    8.397495][    T1] usb usb33: Manufacturer: Linux 6.5.0-rc7-g7d2f353b2682-dirty vhci_hcd
[    8.399541][    T1] usb usb33: SerialNumber: vhci_hcd.15
[    8.403281][    T1] hub 33-0:1.0: USB hub found
[    8.404669][    T1] hub 33-0:1.0: 8 ports detected
[    8.413790][    T1] usbcore: registered new device driver usbip-host
[    8.418203][    T1] i8042: PNP: PS/2 Controller [PNP0303:KBD,PNP0f13:MOU] at 0x60,0x64 irq 1,12
[    8.425521][    T1] serio: i8042 KBD port at 0x60,0x64 irq 1
[    8.432668][    T1] serio: i8042 AUX port at 0x60,0x64 irq 12
[    8.436532][    T1] mousedev: PS/2 mouse device common for all mice
[    8.441421][    T1] usbcore: registered new interface driver appletouch
[    8.446555][  T905] input: AT Translated Set 2 keyboard as /devices/platform/i8042/serio0/input/input1
[    8.448204][    T1] usbcore: registered new interface driver bcm5974
[    8.455397][    T1] usbcore: registered new interface driver synaptics_usb
[    8.463290][    T1] usbcore: registered new interface driver iforce
[    8.469042][    T1] usbcore: registered new interface driver xpad
[    8.474108][    T1] usbcore: registered new interface driver usb_acecad
[    8.478799][    T1] usbcore: registered new interface driver aiptek
[    8.480871][    T1] usbcore: registered new interface driver hanwang
[    8.482716][    T1] usbcore: registered new interface driver kbtab
[    8.485064][    T1] usbcore: registered new interface driver pegasus_notetaker
[    8.487252][    T1] usbcore: registered new interface driver usbtouchscreen
[    8.491400][    T1] usbcore: registered new interface driver sur40
[    8.496175][    T1] usbcore: registered new interface driver ati_remote2
[    8.501305][    T1] cm109: Keymap for Komunikate KIP1000 phone loaded
[    8.504453][    T1] usbcore: registered new interface driver cm109
[    8.506189][    T1] cm109: CM109 phone driver: 20080805 (C) Alfred E. Heggestad
[    8.508254][    T1] usbcore: registered new interface driver ims_pcu
[    8.510220][    T1] usbcore: registered new interface driver keyspan_remote
[    8.512115][    T1] usbcore: registered new interface driver powermate
[    8.515422][    T1] usbcore: registered new interface driver yealink
[    8.519397][    T1] rtc_cmos 00:05: RTC can wake from S4
[    8.525492][    T1] rtc_cmos 00:05: registered as rtc0
[    8.527417][    T1] rtc_cmos 00:05: alarms up to one day, y3k, 242 bytes nvram, hpet irqs
[    8.531116][    T1] i2c_dev: i2c /dev entries driver
[    8.534328][    T1] usbcore: registered new interface driver i2c-diolan-u2c
[    8.539133][    T1] usbcore: registered new interface driver RobotFuzz Open Source InterFace, OSIF
[    8.542011][    T1] usbcore: registered new interface driver i2c-tiny-usb
[    8.546284][    T1] usbcore: registered new interface driver igorplugusb
[    8.549508][    T1] usbcore: registered new interface driver iguanair
[    8.560181][    T1] usbcore: registered new interface driver imon
[    8.563724][    T1] usbcore: registered new interface driver mceusb
[    8.566066][    T1] usbcore: registered new interface driver redrat3
[    8.569572][    T1] usbcore: registered new interface driver streamzap
[    8.577566][    T1] usbcore: registered new interface driver ttusbir
[    8.579480][    T1] usbcore: registered new interface driver ati_remote
[    8.582387][    T1] b2c2-flexcop: B2C2 FlexcopII/II(b)/III digital TV receiver chip loaded successfully
[    8.585616][    T1] usbcore: registered new interface driver b2c2_flexcop_usb
[    8.587620][    T1] usbcore: registered new interface driver dvb_usb_vp7045
[    8.589777][    T1] usbcore: registered new interface driver dvb_usb_vp702x
[    8.592299][    T1] usbcore: registered new interface driver dvb_usb_gp8psk
[    8.595720][    T1] usbcore: registered new interface driver dvb_usb_dtt200u
[    8.599584][    T1] usbcore: registered new interface driver dvb_usb_a800
[    8.601790][    T1] usbcore: registered new interface driver dvb_usb_dibusb_mb
[    8.603701][    T1] usbcore: registered new interface driver dvb_usb_dibusb_mc
[    8.605598][    T1] usbcore: registered new interface driver dvb_usb_nova_t_usb2
[    8.607959][    T1] usbcore: registered new interface driver dvb_usb_umt_010
[    8.611579][    T1] usbcore: registered new interface driver dvb_usb_m920x
[    8.614135][    T1] usbcore: registered new interface driver dvb_usb_digitv
[    8.616060][    T1] usbcore: registered new interface driver dvb_usb_cxusb
[    8.618417][    T1] usbcore: registered new interface driver dvb_usb_ttusb2
[    8.620474][    T1] usbcore: registered new interface driver dvb_usb_dib0700
[    8.622268][    T1] usbcore: registered new interface driver opera1
[    8.623950][    T1] usbcore: registered new interface driver dvb_usb_af9005
[    8.625736][    T1] usbcore: registered new interface driver pctv452e
[    8.627927][    T1] usbcore: registered new interface driver dw2102
[    8.630382][    T1] usbcore: registered new interface driver dvb_usb_dtv5100
[    8.632377][    T1] usbcore: registered new interface driver cinergyT2
[    8.634696][    T1] usbcore: registered new interface driver dvb_usb_az6027
[    8.637342][    T1] usbcore: registered new interface driver dvb_usb_technisat_usb2
[    8.639715][    T1] usbcore: registered new interface driver dvb_usb_af9015
[    8.641544][    T1] usbcore: registered new interface driver dvb_usb_af9035
[    8.644917][    T1] usbcore: registered new interface driver dvb_usb_anysee
[    8.646817][    T1] usbcore: registered new interface driver dvb_usb_au6610
[    8.648564][    T1] usbcore: registered new interface driver dvb_usb_az6007
[    8.650431][    T1] usbcore: registered new interface driver dvb_usb_ce6230
[    8.652931][    T1] usbcore: registered new interface driver dvb_usb_ec168
[    8.654875][    T1] usbcore: registered new interface driver dvb_usb_lmedm04
[    8.656642][    T1] usbcore: registered new interface driver dvb_usb_gl861
[    8.658921][    T1] usbcore: registered new interface driver dvb_usb_mxl111sf
[    8.660815][    T1] usbcore: registered new interface driver dvb_usb_rtl28xxu
[    8.664056][    T1] usbcore: registered new interface driver dvb_usb_dvbsky
[    8.666827][    T1] usbcore: registered new interface driver zd1301
[    8.668558][    T1] usbcore: registered new interface driver s2255
[    8.671970][    T1] usbcore: registered new interface driver smsusb
[    8.673725][    T1] usbcore: registered new interface driver ttusb
[    8.675354][    T1] usbcore: registered new interface driver ttusb-dec
[    8.677097][    T1] usbcore: registered new interface driver Abilis Systems as10x usb driver
[    8.679175][    T1] usbcore: registered new interface driver airspy
[    8.680827][    T1] gspca_main: v2.14.0 registered
[    8.683732][    T1] usbcore: registered new interface driver benq
[    8.685587][    T1] usbcore: registered new interface driver conex
[    8.687314][    T1] usbcore: registered new interface driver cpia1
[    8.688879][    T1] usbcore: registered new interface driver dtcs033
[    8.690848][    T1] usbcore: registered new interface driver etoms
[    8.692449][    T1] usbcore: registered new interface driver finepix
[    8.694085][    T1] usbcore: registered new interface driver jeilinj
[    8.695556][    T1] usbcore: registered new interface driver jl2005bcd
[    8.698626][    T1] usbcore: registered new interface driver kinect
[    8.700895][    T1] usbcore: registered new interface driver konica
[    8.702444][    T1] usbcore: registered new interface driver mars
[    8.703879][    T1] usbcore: registered new interface driver mr97310a
[    8.705432][    T1] usbcore: registered new interface driver nw80x
[    8.707017][    T1] usbcore: registered new interface driver ov519
[    8.708562][    T1] usbcore: registered new interface driver ov534
[    8.710003][    T1] usbcore: registered new interface driver ov534_9
[    8.712004][    T1] usbcore: registered new interface driver pac207
[    8.713450][    T1] usbcore: registered new interface driver gspca_pac7302
[    8.714970][    T1] usbcore: registered new interface driver pac7311
[    8.717285][    T1] usbcore: registered new interface driver se401
[    8.718751][    T1] usbcore: registered new interface driver sn9c2028
[    8.720478][    T1] usbcore: registered new interface driver gspca_sn9c20x
[    8.722077][    T1] usbcore: registered new interface driver sonixb
[    8.725832][    T1] usbcore: registered new interface driver sonixj
[    8.729193][    T1] usbcore: registered new interface driver spca500
[    8.732519][    T1] usbcore: registered new interface driver spca501
[    8.734144][    T1] usbcore: registered new interface driver spca505
[    8.735747][    T1] usbcore: registered new interface driver spca506
[    8.739163][    T1] usbcore: registered new interface driver spca508
[    8.742677][    T1] usbcore: registered new interface driver spca561
[    8.745712][    T1] usbcore: registered new interface driver spca1528
[    8.747420][    T1] usbcore: registered new interface driver sq905
[    8.751780][    T1] usbcore: registered new interface driver sq905c
[    8.753750][    T1] usbcore: registered new interface driver sq930x
[    8.755495][    T1] usbcore: registered new interface driver sunplus
[    8.757069][    T1] usbcore: registered new interface driver stk014
[    8.758783][    T1] usbcore: registered new interface driver stk1135
[    8.761150][    T1] usbcore: registered new interface driver stv0680
[    8.765559][    T1] usbcore: registered new interface driver t613
[    8.767967][    T1] usbcore: registered new interface driver gspca_topro
[    8.770093][    T1] usbcore: registered new interface driver touptek
[    8.771951][    T1] usbcore: registered new interface driver tv8532
[    8.773793][    T1] usbcore: registered new interface driver vc032x
[    8.775297][    T1] usbcore: registered new interface driver vicam
[    8.777755][    T1] usbcore: registered new interface driver xirlink-cit
[    8.779492][    T1] usbcore: registered new interface driver gspca_zc3xx
[    8.781184][    T1] usbcore: registered new interface driver ALi m5602
[    8.782804][    T1] usbcore: registered new interface driver STV06xx
[    8.784457][    T1] usbcore: registered new interface driver gspca_gl860
[    8.786699][    T1] usbcore: registered new interface driver hackrf
[    8.788269][    T1] usbcore: registered new interface driver msi2500
[    8.789780][    T1] usbcore: registered new interface driver Philips webcam
[    8.791785][    T1] usbcore: registered new interface driver uvcvideo
[    8.793208][    T1] au0828: au0828 driver loaded
[    8.794358][    T1] usbcore: registered new interface driver au0828
[    8.795895][    T1] usbcore: registered new interface driver cx231xx
[    8.797602][    T1] usbcore: registered new interface driver em28xx
[    8.799001][    T1] em28xx: Registered (Em28xx v4l2 Extension) extension
[    8.800771][    T1] em28xx: Registered (Em28xx Audio Extension) extension
[    8.802115][    T1] em28xx: Registered (Em28xx dvb Extension) extension
[    8.803466][    T1] em28xx: Registered (Em28xx Input Extension) extension
[    8.805450][    T1] usbcore: registered new interface driver go7007
[    8.807041][    T1] usbcore: registered new interface driver go7007-loader
[    8.808710][    T1] usbcore: registered new interface driver hdpvr
[    8.810839][    T1] usbcore: registered new interface driver pvrusb2
[    8.812214][    T1] pvrusb2: V4L in-tree version:Hauppauge WinTV-PVR-USB2 MPEG2 Encoder/Tuner
[    8.813779][    T1] pvrusb2: Debug mask is 31 (0x1f)
[    8.814906][    T1] usbcore: registered new interface driver stk1160
[    8.816247][    T1] usbcore: registered new interface driver usbtv
[    8.819346][    T1] dvbdev: DVB: registering new adapter (dvb_vidtv_bridge)
[    8.826315][    T1] i2c i2c-0: DVB: registering adapter 0 frontend 0 (Dummy demod for DVB-T/T2/C/S/S2)...
[    8.828419][    T1] dvbdev: dvb_create_media_entity: media entity 'Dummy demod for DVB-T/T2/C/S/S2' registered.
[    8.839846][    T1] dvbdev: dvb_create_media_entity: media entity 'dvb-demux' registered.
[    8.846153][    T1] vidtv vidtv.0: Successfully initialized vidtv!
[    8.849403][    T1] vicodec vicodec.0: Device 'stateful-encoder' registered as /dev/video0
[    8.856523][    T1] vicodec vicodec.0: Device 'stateful-decoder' registered as /dev/video1
[    8.860401][    T1] vicodec vicodec.0: Device 'stateless-decoder' registered as /dev/video2
[    8.866071][    T1] vim2m vim2m.0: Device registered as /dev/video0
[    8.901332][    T1] vivid-000: using single planar format API
[    8.932647][    T1] vivid-000: CEC adapter cec0 registered for HDMI input 0
[    8.935295][    T1] vivid-000: V4L2 capture device registered as video7
[    8.938805][    T1] vivid-000: CEC adapter cec1 registered for HDMI output 0
[    8.942266][    T1] vivid-000: V4L2 output device registered as video8
[    8.944552][    T1] vivid-000: V4L2 capture device registered as vbi0, supports raw and sliced VBI
[    8.947208][    T1] vivid-000: V4L2 output device registered as vbi1, supports raw and sliced VBI
[    8.949698][    T1] vivid-000: V4L2 capture device registered as swradio0
[    8.951749][    T1] vivid-000: V4L2 receiver device registered as radio0
[    8.953608][    T1] vivid-000: V4L2 transmitter device registered as radio1
[    8.956314][    T1] vivid-000: V4L2 metadata capture device registered as video9
[    8.959031][    T1] vivid-000: V4L2 metadata output device registered as video10
[    8.961425][    T1] vivid-000: V4L2 touch capture device registered as v4l-touch0
[    8.964026][    T1] usbcore: registered new interface driver radioshark2
[    8.965906][    T1] usbcore: registered new interface driver radioshark
[    8.968455][    T1] usbcore: registered new interface driver radio-si470x
[    8.973756][    T1] usbcore: registered new interface driver radio-usb-si4713
[    8.980399][    T1] usbcore: registered new interface driver dsbr100
[    8.984338][    T1] usbcore: registered new interface driver radio-keene
[    8.990323][    T1] usbcore: registered new interface driver radio-ma901
[    9.000978][    T1] usbcore: registered new interface driver radio-mr800
[    9.003776][    T1] usbcore: registered new interface driver radio-raremono
[    8.984277][    C0] vkms_vblank_simulate: vblank timer overrun
[    9.021523][    T1] usbcore: registered new interface driver pcwd_usb
[    9.029816][    T1] device-mapper: core: CONFIG_IMA_DISABLE_HTABLE is disabled. Duplicate IMA measurements will not be recorded in the IMA log.
[    9.034566][    T1] device-mapper: uevent: version 1.0.3
[    9.038175][    T1] device-mapper: ioctl: 4.48.0-ioctl (2023-03-01) initialised: dm-devel@redhat.com
[    9.043900][    T1] device-mapper: multipath round-robin: version 1.2.0 loaded
[    9.045496][    T1] device-mapper: multipath queue-length: version 0.2.0 loaded
[    9.047070][    T1] device-mapper: multipath service-time: version 0.3.0 loaded
[    9.049846][    T1] Bluetooth: HCI UART driver ver 2.3
[    9.051478][    T1] Bluetooth: HCI UART protocol H4 registered
[    9.054816][    T1] Bluetooth: HCI UART protocol BCSP registered
[    9.059429][    T1] Bluetooth: HCI UART protocol LL registered
[    9.062634][    T1] Bluetooth: HCI UART protocol Three-wire (H5) registered
[    9.065187][    T1] Bluetooth: HCI UART protocol QCA registered
[    9.067151][    T1] Bluetooth: HCI UART protocol AG6XX registered
[    9.069005][    T1] Bluetooth: HCI UART protocol Marvell registered
[    9.071816][    T1] usbcore: registered new interface driver bcm203x
[    9.073372][    T1] usbcore: registered new interface driver bpa10x
[    9.076201][    T1] usbcore: registered new interface driver bfusb
[    9.077822][    T1] usbcore: registered new interface driver btusb
[    9.081010][    T1] usbcore: registered new interface driver ath3k
[    9.083306][    T1] CAPI 2.0 started up with major 68 (middleware)
[    9.084638][    T1] Modular ISDN core version 1.1.29
[    9.086256][    T1] NET: Registered PF_ISDN protocol family
[    9.087555][    T1] DSP module 2.0
[    9.088293][    T1] mISDN_dsp: DSP clocks every 80 samples. This equals 1 jiffies.
[    9.096789][    T1] mISDN: Layer-1-over-IP driver Rev. 2.00
[    9.099461][    T1] 0 virtual devices registered
[    9.101887][    T1] usbcore: registered new interface driver HFC-S_USB
[    9.103453][    T1] intel_pstate: CPU model not supported
[    9.104669][    T1] VUB300 Driver rom wait states = 1C irqpoll timeout = 0400
[    9.113781][    T1] usbcore: registered new interface driver vub300
[    9.122897][    T1] usbcore: registered new interface driver ushc
[    9.131739][  T905] input: ImExPS/2 Generic Explorer Mouse as /devices/platform/i8042/serio1/input/input3
[    9.141305][    T1] iscsi: registered transport (iser)
[    9.145496][    T1] SoftiWARP attached
[    9.155369][    T1] hid: raw HID events driver (C) Jiri Kosina
[    9.167154][    T1] usbcore: registered new interface driver usbhid
[    9.168684][    T1] usbhid: USB HID core driver
[    9.173644][    T1] usbcore: registered new interface driver es2_ap_driver
[    9.174929][    T1] comedi: version 0.7.76 - http://www.comedi.org
[    9.176307][    T1] usbcore: registered new interface driver dt9812
[    9.177543][    T1] usbcore: registered new interface driver ni6501
[    9.178846][    T1] usbcore: registered new interface driver usbdux
[    9.180081][    T1] usbcore: registered new interface driver usbduxfast
[    9.181404][    T1] usbcore: registered new interface driver usbduxsigma
[    9.182865][    T1] usbcore: registered new interface driver vmk80xx
[    9.184064][    T1] usbcore: registered new interface driver prism2_usb
[    9.185331][    T1] usbcore: registered new interface driver r8712u
[    9.186571][    T1] greybus: registered new driver hid
[    9.187517][    T1] greybus: registered new driver gbphy
[    9.188472][    T1] gb_gbphy: registered new driver usb
[    9.189558][    T1] asus_wmi: ASUS WMI generic driver loaded
[    9.167301][    C0] vkms_vblank_simulate: vblank timer overrun
[    9.255147][    T1] usbcore: registered new interface driver snd-usb-audio
[    9.259208][    T1] usbcore: registered new interface driver snd-ua101
[    9.267569][    T1] usbcore: registered new interface driver snd-usb-usx2y
[    9.270550][    T1] usbcore: registered new interface driver snd-usb-us122l
[    9.273301][    T1] usbcore: registered new interface driver snd-usb-caiaq
[    9.275775][    T1] usbcore: registered new interface driver snd-usb-6fire
[    9.277442][    T1] usbcore: registered new interface driver snd-usb-hiface
[    9.279792][    T1] usbcore: registered new interface driver snd-bcd2000
[    9.283695][    T1] usbcore: registered new interface driver snd_usb_pod
[    9.287238][    T1] usbcore: registered new interface driver snd_usb_podhd
[    9.291022][    T1] usbcore: registered new interface driver snd_usb_toneport
[    9.292694][    T1] usbcore: registered new interface driver snd_usb_variax
[    9.294436][    T1] drop_monitor: Initializing network drop monitor service
[    9.296356][    T1] NET: Registered PF_LLC protocol family
[    9.298599][    T1] GACT probability on
[    9.299695][    T1] Mirror/redirect action on
[    9.302006][    T1] Simple TC action Loaded
[    9.305909][    T1] netem: version 1.3
[    9.307500][    T1] u32 classifier
[    9.308234][    T1]     Performance counters on
[    9.309317][    T1]     input device check on
[    9.310360][    T1]     Actions configured
[    9.317070][    T1] xt_time: kernel timezone is -0000
[    9.318971][    T1] IPVS: Registered protocols (TCP, UDP, SCTP, AH, ESP)
[    9.321404][    T1] IPVS: Connection hash table configured (size=4096, memory=32Kbytes)
[    9.324589][    T1] IPVS: ipvs loaded.
[    9.325680][    T1] IPVS: [rr] scheduler registered.
[    9.327920][    T1] IPVS: [wrr] scheduler registered.
[    9.329592][    T1] IPVS: [lc] scheduler registered.
[    9.331154][    T1] IPVS: [wlc] scheduler registered.
[    9.332283][    T1] IPVS: [fo] scheduler registered.
[    9.333334][    T1] IPVS: [ovf] scheduler registered.
[    9.334624][    T1] IPVS: [lblc] scheduler registered.
[    9.335842][    T1] IPVS: [lblcr] scheduler registered.
[    9.336994][    T1] IPVS: [dh] scheduler registered.
[    9.338784][    T1] IPVS: [sh] scheduler registered.
[    9.340168][    T1] IPVS: [mh] scheduler registered.
[    9.342650][    T1] IPVS: [sed] scheduler registered.
[    9.343975][    T1] IPVS: [nq] scheduler registered.
[    9.345117][    T1] IPVS: [twos] scheduler registered.
[    9.347202][    T1] IPVS: [sip] pe registered.
[    9.348463][    T1] ipip: IPv4 and MPLS over IPv4 tunneling driver
[    9.355705][    T1] gre: GRE over IPv4 demultiplexor driver
[    9.357734][    T1] ip_gre: GRE over IPv4 tunneling driver
[    9.362337][    T1] IPv4 over IPsec tunneling driver
[    9.367002][    T1] Initializing XFRM netlink socket
[    9.368501][    T1] IPsec XFRM device driver
[    9.370092][    T1] NET: Registered PF_INET6 protocol family
[    9.385127][    T1] Segment Routing with IPv6
[    9.386422][    T1] RPL Segment Routing with IPv6
[    9.388011][    T1] In-situ OAM (IOAM) with IPv6
[    9.390211][    T1] mip6: Mobile IPv6
[    9.394829][    T1] sit: IPv6, IPv4 and MPLS over IPv4 tunneling driver
[    9.403852][    T1] ip6_gre: GRE over IPv6 tunneling driver
[    9.406566][    T1] NET: Registered PF_PACKET protocol family
[    9.408063][    T1] NET: Registered PF_KEY protocol family
[    9.409883][    T1] Bridge firewalling registered
[    9.412948][    T1] NET: Registered PF_X25 protocol family
[    9.414795][    T1] X25: Linux Version 0.2
[    9.425222][    T1] NET: Registered PF_NETROM protocol family
[    9.441352][    T1] NET: Registered PF_ROSE protocol family
