bash: warning: setlocale: LC_ALL: cannot change locale (en_US.UTF-8)
c[?7l[2J[0mSeaBIOS (version 1.16.2-debian-1.16.2-1)


iPXE (http://ipxe.org) 00:03.0 CA00 PCI2.10 PnP PMM+7EFCEF00+7EF0EF00 CA00
Press Ctrl-B to configure iPXE (PCI 00:03.0)...                                                                               


Booting from ROM..c[?7l[2J[    0.000000] Linux version 6.8.0-05254-g9c6a59543a39-dirty (root@buildkitsandbox) (gcc (Debian 12.2.0-14+deb12u1) 12.2.0, GNU ld (GNU Binutils for Debian) 2.40) #1 SMP PREEMPT_DYNAMIC Tue May  5 13:14:12 UTC 2026
[    0.000000] Command line: console=ttyS0 oops=panic nokaslr rdinit=/init
[    0.000000] BIOS-provided physical RAM map:
[    0.000000] BIOS-e820: [mem 0x0000000000000000-0x000000000009fbff] usable
[    0.000000] BIOS-e820: [mem 0x000000000009fc00-0x000000000009ffff] reserved
[    0.000000] BIOS-e820: [mem 0x00000000000f0000-0x00000000000fffff] reserved
[    0.000000] BIOS-e820: [mem 0x0000000000100000-0x000000007ffdffff] usable
[    0.000000] BIOS-e820: [mem 0x000000007ffe0000-0x000000007fffffff] reserved
[    0.000000] BIOS-e820: [mem 0x00000000feffc000-0x00000000feffffff] reserved
[    0.000000] BIOS-e820: [mem 0x00000000fffc0000-0x00000000ffffffff] reserved
[    0.000000] NX (Execute Disable) protection: active
[    0.000000] APIC: Static calls initialized
[    0.000000] SMBIOS 2.8 present.
[    0.000000] DMI: QEMU Standard PC (i440FX + PIIX, 1996), BIOS 1.16.2-debian-1.16.2-1 04/01/2014
[    0.000000] Hypervisor detected: KVM
[    0.000000] kvm-clock: Using msrs 4b564d01 and 4b564d00
[    0.000000] kvm-clock: using sched offset of 248052498 cycles
[    0.000002] clocksource: kvm-clock: mask: 0xffffffffffffffff max_cycles: 0x1cd42e4dffb, max_idle_ns: 881590591483 ns
[    0.000004] tsc: Detected 3187.200 MHz processor
[    0.000343] last_pfn = 0x7ffe0 max_arch_pfn = 0x400000000
[    0.000362] MTRR map: 4 entries (3 fixed + 1 variable; max 19), built from 8 variable MTRRs
[    0.000364] x86/PAT: Configuration [0-7]: WB  WC  UC- UC  WB  WP  UC- WT  
[    0.002141] found SMP MP-table at [mem 0x000f5ba0-0x000f5baf]
[    0.002148] Using GB pages for direct mapping
[    0.002148] Incomplete global flushes, disabling PCID
[    0.002424] RAMDISK: [mem 0x7fe92000-0x7ffdffff]
[    0.002428] ACPI: Early table checksum verification disabled
[    0.002430] ACPI: RSDP 0x00000000000F59D0 000014 (v00 BOCHS )
[    0.002432] ACPI: RSDT 0x000000007FFE1B33 000034 (v01 BOCHS  BXPC     00000001 BXPC 00000001)
[    0.002437] ACPI: FACP 0x000000007FFE19DF 000074 (v01 BOCHS  BXPC     00000001 BXPC 00000001)
[    0.002440] ACPI: DSDT 0x000000007FFE0040 00199F (v01 BOCHS  BXPC     00000001 BXPC 00000001)
[    0.002443] ACPI: FACS 0x000000007FFE0000 000040
[    0.002445] ACPI: APIC 0x000000007FFE1A53 000080 (v01 BOCHS  BXPC     00000001 BXPC 00000001)
[    0.002447] ACPI: HPET 0x000000007FFE1AD3 000038 (v01 BOCHS  BXPC     00000001 BXPC 00000001)
[    0.002448] ACPI: WAET 0x000000007FFE1B0B 000028 (v01 BOCHS  BXPC     00000001 BXPC 00000001)
[    0.002449] ACPI: Reserving FACP table memory at [mem 0x7ffe19df-0x7ffe1a52]
[    0.002450] ACPI: Reserving DSDT table memory at [mem 0x7ffe0040-0x7ffe19de]
[    0.002451] ACPI: Reserving FACS table memory at [mem 0x7ffe0000-0x7ffe003f]
[    0.002451] ACPI: Reserving APIC table memory at [mem 0x7ffe1a53-0x7ffe1ad2]
[    0.002452] ACPI: Reserving HPET table memory at [mem 0x7ffe1ad3-0x7ffe1b0a]
[    0.002452] ACPI: Reserving WAET table memory at [mem 0x7ffe1b0b-0x7ffe1b32]
[    0.002634] No NUMA configuration found
[    0.002634] Faking a node at [mem 0x0000000000000000-0x000000007ffdffff]
[    0.002636] NODE_DATA(0) allocated [mem 0x7fe8e000-0x7fe91fff]
[    0.002644] Zone ranges:
[    0.002645]   DMA      [mem 0x0000000000001000-0x0000000000ffffff]
[    0.002646]   DMA32    [mem 0x0000000001000000-0x000000007ffdffff]
[    0.002647]   Normal   empty
[    0.002647] Movable zone start for each node
[    0.002648] Early memory node ranges
[    0.002648]   node   0: [mem 0x0000000000001000-0x000000000009efff]
[    0.002649]   node   0: [mem 0x0000000000100000-0x000000007ffdffff]
[    0.002650] Initmem setup node 0 [mem 0x0000000000001000-0x000000007ffdffff]
[    0.002846] On node 0, zone DMA: 1 pages in unavailable ranges
[    0.002883] On node 0, zone DMA: 97 pages in unavailable ranges
[    0.009767] On node 0, zone DMA32: 32 pages in unavailable ranges
[    0.037521] kasan: KernelAddressSanitizer initialized
[    0.037757] ACPI: PM-Timer IO Port: 0x608
[    0.037763] ACPI: LAPIC_NMI (acpi_id[0xff] dfl dfl lint[0x1])
[    0.037793] IOAPIC[0]: apic_id 0, version 17, address 0xfec00000, GSI 0-23
[    0.037795] ACPI: INT_SRC_OVR (bus 0 bus_irq 0 global_irq 2 dfl dfl)
[    0.037797] ACPI: INT_SRC_OVR (bus 0 bus_irq 5 global_irq 5 high level)
[    0.037798] ACPI: INT_SRC_OVR (bus 0 bus_irq 9 global_irq 9 high level)
[    0.037799] ACPI: INT_SRC_OVR (bus 0 bus_irq 10 global_irq 10 high level)
[    0.037799] ACPI: INT_SRC_OVR (bus 0 bus_irq 11 global_irq 11 high level)
[    0.037801] ACPI: Using ACPI (MADT) for SMP configuration information
[    0.037802] ACPI: HPET id: 0x8086a201 base: 0xfed00000
[    0.037804] TSC deadline timer available
[    0.037806] CPU topo: Max. logical packages:   1
[    0.037807] CPU topo: Max. logical dies:       1
[    0.037807] CPU topo: Max. dies per package:   1
[    0.037809] CPU topo: Max. threads per core:   1
[    0.037809] CPU topo: Num. cores per package:     2
[    0.037810] CPU topo: Num. threads per package:   2
[    0.037810] CPU topo: Allowing 2 present CPUs plus 0 hotplug CPUs
[    0.037823] kvm-guest: APIC: eoi() replaced with kvm_guest_apic_eoi_write()
[    0.037836] kvm-guest: KVM setup pv remote TLB flush
[    0.037838] kvm-guest: setup PV sched yield
[    0.037843] PM: hibernation: Registered nosave memory: [mem 0x00000000-0x00000fff]
[    0.037844] PM: hibernation: Registered nosave memory: [mem 0x0009f000-0x0009ffff]
[    0.037844] PM: hibernation: Registered nosave memory: [mem 0x000a0000-0x000effff]
[    0.037845] PM: hibernation: Registered nosave memory: [mem 0x000f0000-0x000fffff]
[    0.037846] [mem 0x80000000-0xfeffbfff] available for PCI devices
[    0.037847] Booting paravirtualized kernel on KVM
[    0.037848] clocksource: refined-jiffies: mask: 0xffffffff max_cycles: 0xffffffff, max_idle_ns: 1910969940391419 ns
[    0.046592] setup_percpu: NR_CPUS:64 nr_cpumask_bits:2 nr_cpu_ids:2 nr_node_ids:1
[    0.046871] percpu: Embedded 68 pages/cpu s240552 r8192 d29784 u1048576
[    0.046900] Kernel command line: console=ttyS0 oops=panic nokaslr rdinit=/init
[    0.046960] random: crng init done
[    0.047105] Dentry cache hash table entries: 262144 (order: 9, 2097152 bytes, linear)
[    0.047297] Inode-cache hash table entries: 131072 (order: 8, 1048576 bytes, linear)
[    0.047332] Fallback order for Node 0: 0 
[    0.047335] Built 1 zonelists, mobility grouping on.  Total pages: 515808
[    0.047336] Policy zone: DMA32
[    0.047337] mem auto-init: stack:all(zero), heap alloc:off, heap free:off
[    0.047337] stackdepot: allocating hash table via alloc_large_system_hash
[    0.047339] stackdepot hash table entries: 1048576 (order: 12, 16777216 bytes, linear)
[    0.071388] Memory: 1680144K/2096632K available (51200K kernel code, 8156K rwdata, 10552K rodata, 5832K init, 2236K bss, 416232K reserved, 0K cma-reserved)
[    0.071504] SLUB: HWalign=64, Order=0-3, MinObjects=0, CPUs=2, Nodes=1
[    0.072489] Dynamic Preempt: voluntary
[    0.072779] rcu: Preemptible hierarchical RCU implementation.
[    0.072780] rcu: 	RCU event tracing is enabled.
[    0.072781] rcu: 	RCU restricting CPUs from NR_CPUS=64 to nr_cpu_ids=2.
[    0.072782] 	Trampoline variant of Tasks RCU enabled.
[    0.072783] rcu: RCU calculated value of scheduler-enlistment delay is 100 jiffies.
[    0.072784] rcu: Adjusting geometry for rcu_fanout_leaf=16, nr_cpu_ids=2
[    0.072791] RCU Tasks: Setting shift to 1 and lim to 1 rcu_task_cb_adjust=1.
[    0.079077] NR_IRQS: 4352, nr_irqs: 440, preallocated irqs: 16
[    0.079307] rcu: srcu_init: Setting srcu_struct sizes based on contention.
[    0.081621] Console: colour VGA+ 80x25
[    0.081645] printk: legacy console [ttyS0] enabled
[    0.121951] ACPI: Core revision 20230628
[    0.122316] clocksource: hpet: mask: 0xffffffff max_cycles: 0xffffffff, max_idle_ns: 19112604467 ns
[    0.122905] APIC: Switch to symmetric I/O mode setup
[    0.123195] kvm-guest: APIC: send_IPI_mask() replaced with kvm_send_ipi_mask()
[    0.123606] kvm-guest: APIC: send_IPI_mask_allbutself() replaced with kvm_send_ipi_mask_allbutself()
[    0.124147] kvm-guest: setup PV IPIs
[    0.125000] ..TIMER: vector=0x30 apic1=0 pin1=2 apic2=-1 pin2=-1
[    0.125352] clocksource: tsc-early: mask: 0xffffffffffffffff max_cycles: 0x2df10e7656b, max_idle_ns: 440795364873 ns
[    0.125967] Calibrating delay loop (skipped) preset value.. 6374.40 BogoMIPS (lpj=3187200)
[    0.126507] x86/cpu: User Mode Instruction Prevention (UMIP) activated
[    0.127009] Last level iTLB entries: 4KB 0, 2MB 0, 4MB 0
[    0.127319] Last level dTLB entries: 4KB 0, 2MB 0, 4MB 0, 1GB 0
[    0.127670] Spectre V1 : Mitigation: usercopy/swapgs barriers and __user pointer sanitization
[    0.127964] Spectre V2 : Mitigation: Enhanced / Automatic IBRS
[    0.128302] Spectre V2 : Spectre v2 / SpectreRSB mitigation: Filling RSB on context switch
[    0.128963] Spectre V2 : Spectre v2 / PBRSB-eIBRS: Retire a single CALL on VMEXIT
[    0.129397] Spectre V2 : mitigation: Enabling conditional Indirect Branch Prediction Barrier
[    0.129890] Speculative Store Bypass: Mitigation: Speculative Store Bypass disabled via prctl
[    0.129964] MMIO Stale Data: Unknown: No mitigations
[    0.130253] Register File Data Sampling: Vulnerable: No microcode
[    0.130977] x86/fpu: Supporting XSAVE feature 0x001: 'x87 floating point registers'
[    0.131431] x86/fpu: Supporting XSAVE feature 0x002: 'SSE registers'
[    0.131804] x86/fpu: Supporting XSAVE feature 0x004: 'AVX registers'
[    0.131963] x86/fpu: Supporting XSAVE feature 0x200: 'Protection Keys User registers'
[    0.132436] x86/fpu: xstate_offset[2]:  576, xstate_sizes[2]:  256
[    0.132963] x86/fpu: xstate_offset[9]:  832, xstate_sizes[9]:    8
[    0.133340] x86/fpu: Enabled xstate features 0x207, context size is 840 bytes, using 'compacted' format.
[    0.149659] Freeing SMP alternatives memory: 48K
[    0.149965] pid_max: default: 32768 minimum: 301
[    0.150304] LSM: initializing lsm=capability,selinux,integrity
[    0.150656] SELinux:  Initializing.
[    0.150966] Mount-cache hash table entries: 4096 (order: 3, 32768 bytes, linear)
[    0.151397] Mountpoint-cache hash table entries: 4096 (order: 3, 32768 bytes, linear)
[    0.152233] smpboot: CPU0: Intel(R) Core(TM) i9-14900K (family: 0x6, model: 0xb7, stepping: 0x1)
[    0.152925] Performance Events: unsupported p6 CPU model 183 no PMU driver, software events only.
[    0.152985] signal: max sigframe size: 3632
[    0.153261] rcu: Hierarchical SRCU implementation.
[    0.153538] rcu: 	Max phase no-delay instances is 400.
[    0.154265] smp: Bringing up secondary CPUs ...
[    0.154662] smpboot: x86: Booting SMP configuration:
[    0.154965] .... node  #0, CPUs:      #1
[    0.155031] smp: Brought up 1 node, 2 CPUs
[    0.155491] smpboot: Total of 2 processors activated (12748.80 BogoMIPS)
[    0.156230] devtmpfs: initialized
[    0.158182] clocksource: jiffies: mask: 0xffffffff max_cycles: 0xffffffff, max_idle_ns: 1911260446275000 ns
[    0.158631] futex hash table entries: 512 (order: 3, 32768 bytes, linear)
[    0.159076] PM: RTC time: 13:17:07, date: 2026-05-05
[    0.159496] NET: Registered PF_NETLINK/PF_ROUTE protocol family
[    0.160059] audit: initializing netlink subsys (disabled)
[    0.160417] audit: type=2000 audit(1777987028.124:1): state=initialized audit_enabled=0 res=1
[    0.160417] thermal_sys: Registered thermal governor 'step_wise'
[    0.160499] thermal_sys: Registered thermal governor 'user_space'
[    0.160976] cpuidle: using governor menu
[    0.161779] PCI: Using configuration type 1 for base access
[    0.162020] kprobes: kprobe jump-optimization is enabled. All kprobes are optimized if possible.
[    0.165063] HugeTLB: registered 2.00 MiB page size, pre-allocated 0 pages
[    0.165472] HugeTLB: 28 KiB vmemmap can be freed for a 2.00 MiB page
[    0.166085] ACPI: Added _OSI(Module Device)
[    0.166336] ACPI: Added _OSI(Processor Device)
[    0.166609] ACPI: Added _OSI(3.0 _SCP Extensions)
[    0.166899] ACPI: Added _OSI(Processor Aggregator Device)
[    0.172879] ACPI: 1 ACPI AML tables successfully acquired and loaded
[    0.173800] ACPI: _OSC evaluation for CPUs failed, trying _PDC
[    0.174580] ACPI: Interpreter enabled
[    0.174827] ACPI: PM: (supports S0 S3 S4 S5)
[    0.174964] ACPI: Using IOAPIC for interrupt routing
[    0.175298] PCI: Using host bridge windows from ACPI; if necessary, use "pci=nocrs" and report a bug
[    0.175936] PCI: Using E820 reservations for host bridge windows
[    0.176323] ACPI: Enabled 2 GPEs in block 00 to 0F
[    0.187572] ACPI: PCI Root Bridge [PCI0] (domain 0000 [bus 00-ff])
[    0.187955] acpi PNP0A03:00: _OSC: OS supports [ASPM ClockPM Segments MSI HPX-Type3]
[    0.187964] acpi PNP0A03:00: _OSC: not requesting OS control; OS requires [ExtendedConfig ASPM ClockPM MSI]
[    0.188617] acpi PNP0A03:00: fail to add MMCONFIG information, can't access extended configuration space under this bridge
[    0.189124] PCI host bridge to bus 0000:00
[    0.189379] pci_bus 0000:00: root bus resource [io  0x0000-0x0cf7 window]
[    0.189782] pci_bus 0000:00: root bus resource [io  0x0d00-0xffff window]
[    0.189965] pci_bus 0000:00: root bus resource [mem 0x000a0000-0x000bffff window]
[    0.190409] pci_bus 0000:00: root bus resource [mem 0x80000000-0xfebfffff window]
[    0.190852] pci_bus 0000:00: root bus resource [mem 0x100000000-0x17fffffff window]
[    0.190965] pci_bus 0000:00: root bus resource [bus 00-ff]
[    0.191613] pci 0000:00:00.0: [8086:1237] type 00 class 0x060000 conventional PCI endpoint
[    0.195878] pci 0000:00:01.0: [8086:7000] type 00 class 0x060100 conventional PCI endpoint
[    0.199781] pci 0000:00:01.1: [8086:7010] type 00 class 0x010180 conventional PCI endpoint
[    0.200884] pci 0000:00:01.1: BAR 4 [io  0xc040-0xc04f]
[    0.201211] pci 0000:00:01.1: BAR 0 [io  0x01f0-0x01f7]: legacy IDE quirk
[    0.201605] pci 0000:00:01.1: BAR 1 [io  0x03f6]: legacy IDE quirk
[    0.201962] pci 0000:00:01.1: BAR 2 [io  0x0170-0x0177]: legacy IDE quirk
[    0.202362] pci 0000:00:01.1: BAR 3 [io  0x0376]: legacy IDE quirk
[    0.202883] pci 0000:00:01.3: [8086:7113] type 00 class 0x068000 conventional PCI endpoint
[    0.203196] pci 0000:00:01.3: quirk: [io  0x0600-0x063f] claimed by PIIX4 ACPI
[    0.203616] pci 0000:00:01.3: quirk: [io  0x0700-0x070f] claimed by PIIX4 SMB
[    0.204108] pci 0000:00:02.0: [1234:1111] type 00 class 0x030000 conventional PCI endpoint
[    0.204959] pci 0000:00:02.0: BAR 0 [mem 0xfd000000-0xfdffffff pref]
[    0.205967] pci 0000:00:02.0: BAR 2 [mem 0xfebf0000-0xfebf0fff]
[    0.207938] pci 0000:00:02.0: ROM [mem 0xfebe0000-0xfebeffff pref]
[    0.208014] pci 0000:00:02.0: Video device with shadowed ROM at [mem 0x000c0000-0x000dffff]
[    0.212249] pci 0000:00:03.0: [8086:100e] type 00 class 0x020000 conventional PCI endpoint
[    0.212964] pci 0000:00:03.0: BAR 0 [mem 0xfebc0000-0xfebdffff]
[    0.213530] pci 0000:00:03.0: BAR 1 [io  0xc000-0xc03f]
[    0.215725] pci 0000:00:03.0: ROM [mem 0xfeb80000-0xfebbffff pref]
[    0.220506] ACPI: PCI: Interrupt link LNKA configured for IRQ 10
[    0.221229] ACPI: PCI: Interrupt link LNKB configured for IRQ 10
[    0.221933] ACPI: PCI: Interrupt link LNKC configured for IRQ 11
[    0.222309] ACPI: PCI: Interrupt link LNKD configured for IRQ 11
[    0.222825] ACPI: PCI: Interrupt link LNKS configured for IRQ 9
[    0.223892] iommu: Default domain type: Translated
[    0.223963] iommu: DMA domain TLB invalidation policy: lazy mode
[    0.224646] SCSI subsystem initialized
[    0.225100] ACPI: bus type USB registered
[    0.225419] usbcore: registered new interface driver usbfs
[    0.225769] usbcore: registered new interface driver hub
[    0.225985] usbcore: registered new device driver usb
[    0.226465] pps_core: LinuxPPS API ver. 1 registered
[    0.226871] pps_core: Software ver. 5.3.6 - Copyright 2005-2007 Rodolfo Giometti <giometti@linux.it>
[    0.226975] PTP clock support registered
[    0.227284] Advanced Linux Sound Architecture Driver Initialized.
[    0.228331] NetLabel: Initializing
[    0.228544] NetLabel:  domain hash size = 128
[    0.228812] NetLabel:  protocols = UNLABELED CIPSOv4 CALIPSO
[    0.228998] NetLabel:  unlabeled traffic allowed by default
[    0.229361] PCI: Using ACPI for IRQ routing
[    0.229361] pci 0000:00:02.0: vgaarb: setting as boot VGA device
[    0.229361] pci 0000:00:02.0: vgaarb: bridge control possible
[    0.229667] pci 0000:00:02.0: vgaarb: VGA device added: decodes=io+mem,owns=io+mem,locks=none
[    0.229964] vgaarb: loaded
[    0.230198] hpet0: at MMIO 0xfed00000, IRQs 2, 8, 0
[    0.230491] hpet0: 3 comparators, 64-bit 100.000000 MHz counter
[    0.234011] clocksource: Switched to clocksource kvm-clock
[    0.234533] VFS: Disk quotas dquot_6.6.0
[    0.234775] VFS: Dquot-cache hash table entries: 512 (order 0, 4096 bytes)
[    0.235216] pnp: PnP ACPI init
[    0.236431] pnp: PnP ACPI: found 6 devices
[    0.244349] clocksource: acpi_pm: mask: 0xffffff max_cycles: 0xffffff, max_idle_ns: 2085701024 ns
[    0.244959] NET: Registered PF_INET protocol family
[    0.245298] IP idents hash table entries: 32768 (order: 6, 262144 bytes, linear)
[    0.246133] tcp_listen_portaddr_hash hash table entries: 1024 (order: 2, 16384 bytes, linear)
[    0.246646] Table-perturb hash table entries: 65536 (order: 6, 262144 bytes, linear)
[    0.247119] TCP established hash table entries: 16384 (order: 5, 131072 bytes, linear)
[    0.247592] TCP bind hash table entries: 16384 (order: 7, 524288 bytes, linear)
[    0.248205] TCP: Hash tables configured (established 16384 bind 16384)
[    0.248657] UDP hash table entries: 1024 (order: 3, 32768 bytes, linear)
[    0.249059] UDP-Lite hash table entries: 1024 (order: 3, 32768 bytes, linear)
[    0.249547] NET: Registered PF_UNIX/PF_LOCAL protocol family
[    0.250085] RPC: Registered named UNIX socket transport module.
[    0.250430] RPC: Registered udp transport module.
[    0.250710] RPC: Registered tcp transport module.
[    0.250989] RPC: Registered tcp-with-tls transport module.
[    0.251310] RPC: Registered tcp NFSv4.1 backchannel transport module.
[    0.252015] pci_bus 0000:00: resource 4 [io  0x0000-0x0cf7 window]
[    0.252361] pci_bus 0000:00: resource 5 [io  0x0d00-0xffff window]
[    0.252711] pci_bus 0000:00: resource 6 [mem 0x000a0000-0x000bffff window]
[    0.253111] pci_bus 0000:00: resource 7 [mem 0x80000000-0xfebfffff window]
[    0.253508] pci_bus 0000:00: resource 8 [mem 0x100000000-0x17fffffff window]
[    0.254001] pci 0000:00:01.0: PIIX3: Enabling Passive Release
[    0.254342] pci 0000:00:00.0: Limiting direct PCI/PCI transfers
[    0.254719] PCI: CLS 0 bytes, default 64
[    0.255063] Unpacking initramfs...
[    0.256755] RAPL PMU: API unit is 2^-32 Joules, 0 fixed counters, 10737418240 ms ovfl timer
[    0.257256] clocksource: tsc: mask: 0xffffffffffffffff max_cycles: 0x2df10e7656b, max_idle_ns: 440795364873 ns
[    0.259100] Initialise system trusted keyrings
[    0.259442] workingset: timestamp_bits=56 max_order=19 bucket_order=0
[    0.260407] NFS: Registering the id_resolver key type
[    0.260731] Key type id_resolver registered
[    0.260979] Key type id_legacy registered
[    0.261272] 9p: Installing v9fs 9p2000 file system support
[    0.268006] Key type asymmetric registered
[    0.268281] Asymmetric key parser 'x509' registered
[    0.268601] Block layer SCSI generic (bsg) driver version 0.4 loaded (major 251)
[    0.268886] Freeing initrd memory: 1336K
[    0.269075] io scheduler mq-deadline registered
[    0.269577] io scheduler kyber registered
[    0.269979] input: Power Button as /devices/LNXSYSTM:00/LNXPWRBN:00/input/input0
[    0.270517] ACPI: button: Power Button [PWRF]
[    0.271082] Serial: 8250/16550 driver, 4 ports, IRQ sharing enabled
[    0.271608] 00:04: ttyS0 at I/O 0x3f8 (irq = 4, base_baud = 115200) is a 16550A
[    0.272741] Non-volatile memory driver v1.3
[    0.272988] Linux agpgart interface v0.103
[    0.273299] ACPI: bus type drm_connector registered
[    0.276083] loop: module loaded
[    0.277369] scsi host0: ata_piix
[    0.277784] scsi host1: ata_piix
[    0.278057] ata1: PATA max MWDMA2 cmd 0x1f0 ctl 0x3f6 bmdma 0xc040 irq 14 lpm-pol 0
[    0.278499] ata2: PATA max MWDMA2 cmd 0x170 ctl 0x376 bmdma 0xc048 irq 15 lpm-pol 0
[    0.279511] e100: Intel(R) PRO/100 Network Driver
[    0.279800] e100: Copyright(c) 1999-2006 Intel Corporation
[    0.280130] e1000: Intel(R) PRO/1000 Network Driver
[    0.280413] e1000: Copyright (c) 1999-2006 Intel Corporation.
[    0.434918] ata2: found unknown device (class 0)
[    0.435880] ata2.00: ATAPI: QEMU DVD-ROM, 2.5+, max UDMA/100
[    0.436862] scsi 1:0:0:0: CD-ROM            QEMU     QEMU DVD-ROM     2.5+ PQ: 0 ANSI: 5
[    0.447936] sr 1:0:0:0: [sr0] scsi3-mmc drive: 4x/4x cd/rw xa/form2 tray
[    0.448335] cdrom: Uniform CD-ROM driver Revision: 3.20
[    0.454736] sr 1:0:0:0: Attached scsi generic sg0 type 5
[    0.577132] ACPI: \_SB_.LNKC: Enabled at IRQ 11
[    0.867170] e1000 0000:00:03.0 eth0: (PCI:33MHz:32-bit) 52:54:00:12:34:56
[    0.867570] e1000 0000:00:03.0 eth0: Intel(R) PRO/1000 Network Connection
[    0.868001] e1000e: Intel(R) PRO/1000 Network Driver
[    0.868289] e1000e: Copyright(c) 1999 - 2015 Intel Corporation.
[    0.868655] sky2: driver version 1.30
[    0.869314] usbcore: registered new interface driver usblp
[    0.869661] usbcore: registered new interface driver usb-storage
[    0.870065] i8042: PNP: PS/2 Controller [PNP0303:KBD,PNP0f13:MOU] at 0x60,0x64 irq 1,12
[    0.870982] serio: i8042 KBD port at 0x60,0x64 irq 1
[    0.871280] serio: i8042 AUX port at 0x60,0x64 irq 12
[    0.871930] rtc_cmos 00:05: RTC can wake from S4
[    0.872687] input: AT Translated Set 2 keyboard as /devices/platform/i8042/serio0/input/input1
[    0.873458] rtc_cmos 00:05: registered as rtc0
[    0.873779] rtc_cmos 00:05: alarms up to one day, y3k, 242 bytes nvram, hpet irqs
[    0.874466] device-mapper: ioctl: 4.48.0-ioctl (2023-03-01) initialised: dm-devel@redhat.com
[    0.875460] intel_pstate: CPU model not supported
[    0.875774] hid: raw HID events driver (C) Jiri Kosina
[    0.876296] usbcore: registered new interface driver usbhid
[    0.876620] usbhid: USB HID core driver
[    0.877524] Initializing XFRM netlink socket
[    0.877818] NET: Registered PF_INET6 protocol family
[    0.878482] Segment Routing with IPv6
[    0.878725] In-situ OAM (IOAM) with IPv6
[    0.878996] sit: IPv6, IPv4 and MPLS over IPv4 tunneling driver
[    0.879555] NET: Registered PF_PACKET protocol family
[    0.879886] 9pnet: Installing 9P2000 support
[    0.880159] Key type dns_resolver registered
[    0.880634] IPI shorthand broadcast: enabled
[    0.888412] sched_clock: Marking stable (844017622, 43649406)->(898639865, -10972837)
[    0.888960] Timer migration: 1 hierarchy levels; 8 children per group; 1 crossnode level
[    0.889477] registered taskstats version 1
[    0.889767] Loading compiled-in X.509 certificates
[    0.895779] PM:   Magic number: 10:466:280
[    0.896052] tty tty17: hash matches
[    0.896279] printk: legacy console [netcon0] enabled
[    0.896568] netconsole: network logging started
[    0.896945] cfg80211: Loading compiled-in X.509 certificates for regulatory database
[    0.897526] kworker/u8:1 (54) used greatest stack depth: 29632 bytes left
[    0.898114] Loaded X.509 cert 'sforshee: 00b28ddf47aef9cea7'
[    0.898567] Loaded X.509 cert 'wens: 61c038651aabdcf94bd0ac7ff06c7248db18c600'
[    0.899034] platform regulatory.0: Direct firmware load for regulatory.db failed with error -2
[    0.899531] cfg80211: failed to load regulatory.db
[    0.899822] ALSA device list:
[    0.900001]   No soundcards found.
[    0.900984] Freeing unused kernel image (initmem) memory: 5832K
[    0.909664] Write protecting the kernel read-only data: 63488k
[    0.910378] Freeing unused kernel image (rodata/data gap) memory: 1736K
[    0.918816] x86/mm: Checked W+X mappings: passed, no W+X pages found.
[    0.919118] Run /init as init process
[    0.919863] mkdir (57) used greatest stack depth: 28416 bytes left
[    0.920456] mount (58) used greatest stack depth: 28048 bytes left
[    0.924192] busybox (63) used greatest stack depth: 27992 bytes left

secb: rootfs ready
---- poc begin ----
poc: start: CVE-2024-26809 nft_pipapo_destroy double-free trigger
poc: userns: uid=0 (expect 0 inside ns)
poc: nf netlink socket fd=3
poc: checkpoint 1/4: create table/obj/pipapo-set (292 bytes)
poc: checkpoint 2/4: NEWSETELEM B committed (380 bytes)
poc: checkpoint 3/4: trigger batch NEWSETELEM(D)+DELSET (424 bytes)
[    0.937716] ==================================================================
[    0.938085] BUG: KASAN: slab-use-after-free in nf_tables_set_elem_destroy+0xc7/0xe0
[    0.938423] Read of size 1 at addr ffff888009b0f008 by task kworker/1:1/36
[    0.938726] 
[    0.938801] CPU: 1 PID: 36 Comm: kworker/1:1 Not tainted 6.8.0-05254-g9c6a59543a39-dirty #1
[    0.939159] Hardware name: QEMU Standard PC (i440FX + PIIX, 1996), BIOS 1.16.2-debian-1.16.2-1 04/01/2014
[    0.939566] Workqueue: events nf_tables_trans_destroy_work
[    0.939810] Call Trace:
[    0.939923]  <TASK>
[    0.940022]  dump_stack_lvl+0x36/0x50
[    0.940192]  print_report+0xce/0x660
[    0.940349]  ? nf_tables_set_elem_destroy+0xc7/0xe0
[    0.940545]  kasan_report+0xc6/0x100
[    0.940690]  ? nf_tables_set_elem_destroy+0xc7/0xe0
[    0.940886]  nf_tables_set_elem_destroy+0xc7/0xe0
[    0.941076]  nft_set_pipapo_match_destroy+0x10b/0x1c0
[    0.941278]  ? kfree+0x93/0x200
[    0.941410]  nft_pipapo_destroy+0x5c4/0x7f0
[    0.941578]  nft_set_destroy+0x1e7/0x580
[    0.941736]  nf_tables_trans_destroy_work+0x725/0xb00
[    0.941938]  ? __pfx_nf_tables_trans_destroy_work+0x10/0x10
[    0.942161]  ? read_word_at_a_time+0xe/0x20
[    0.942329]  ? sized_strscpy+0xad/0x290
[    0.942485]  process_one_work+0x594/0xf20
[    0.942649]  worker_thread+0x772/0x13f0
[    0.942808]  ? __pfx_set_cpus_allowed_ptr+0x7/0x10
[    0.943002]  ? __kthread_parkme+0x7d/0x140
[    0.943173]  ? __pfx_worker_thread+0x10/0x10
[    0.943346]  kthread+0x23e/0x2f0
[    0.943481]  ? __pfx_kthread+0x10/0x10
[    0.943634]  ret_from_fork+0x2c/0x70
[    0.943781]  ? __pfx_kthread+0x10/0x10
[    0.943933]  ret_from_fork_asm+0x1a/0x30
[    0.944094]  </TASK>
[    0.944187] 
[    0.944253] Allocated by task 64:
[    0.944390]  kasan_save_stack+0x33/0x60
[    0.944545]  kasan_save_track+0x14/0x30
[    0.944700]  __kasan_kmalloc+0x8f/0xa0
[    0.944851]  __kmalloc+0x177/0x350
[    0.944992]  nft_set_elem_init+0xbe/0x590
[    0.945155]  nft_add_set_elem+0x1356/0x3210
[    0.945323]  nf_tables_newsetelem+0x50f/0xa10
[    0.945500]  nfnetlink_rcv_batch+0x1299/0x1fc0
[    0.945681]  nfnetlink_rcv+0x2df/0x360
[    0.945833]  netlink_unicast+0x5c0/0x820
[    0.945993]  netlink_sendmsg+0x75c/0xc00
[    0.946151]  __sys_sendto+0x39c/0x410
[    0.946297]  __x64_sys_sendto+0xdb/0x1b0
[    0.946452]  do_syscall_64+0xad/0x1b0
[    0.946598]  entry_SYSCALL_64_after_hwframe+0x6d/0x75
[    0.946797] 
[    0.946861] Freed by task 36:
[    0.946981]  kasan_save_stack+0x33/0x60
[    0.947132]  kasan_save_track+0x14/0x30
[    0.947282]  kasan_save_free_info+0x3b/0x60
[    0.947447]  poison_slab_object+0x102/0x170
[    0.947610]  __kasan_slab_free+0x14/0x30
[    0.947768]  kfree+0x93/0x200
[    0.947895]  nft_set_pipapo_match_destroy+0x10b/0x1c0
[    0.948103]  nft_pipapo_destroy+0x6d/0x7f0
[    0.948275]  nft_set_destroy+0x1e7/0x580
[    0.948440]  nf_tables_trans_destroy_work+0x725/0xb00
[    0.948650]  process_one_work+0x594/0xf20
[    0.948817]  worker_thread+0x772/0x13f0
[    0.948977]  kthread+0x23e/0x2f0
[    0.949115]  ret_from_fork+0x2c/0x70
[    0.949264]  ret_from_fork_asm+0x1a/0x30
[    0.949425] 
[    0.949493] The buggy address belongs to the object at ffff888009b0f000
[    0.949493]  which belongs to the cache kmalloc-512 of size 512
[    0.949983] The buggy address is located 8 bytes inside of
[    0.949983]  freed 512-byte region [ffff888009b0f000, ffff888009b0f200)
[    0.950456] 
[    0.950523] The buggy address belongs to the physical page:
[    0.950740] page:0000000052cb1311 refcount:1 mapcount:0 mapping:0000000000000000 index:0x0 pfn:0x9b0c
[    0.951095] head:0000000052cb1311 order:2 entire_mapcount:0 nr_pages_mapped:0 pincount:0
[    0.951407] flags: 0x100000000000840(slab|head|node=0|zone=1)
[    0.951644] page_type: 0xffffffff()
[    0.951791] raw: 0100000000000840 ffff888006841c80 dead000000000122 0000000000000000
[    0.952106] raw: 0000000000000000 0000000080100010 00000001ffffffff 0000000000000000
[    0.952418] page dumped because: kasan: bad access detected
[    0.952649] 
[    0.952718] Memory state around the buggy address:
[    0.952917]  ffff888009b0ef00: fc fc fc fc fc fc fc fc fc fc fc fc fc fc fc fc
[    0.953202]  ffff888009b0ef80: fc fc fc fc fc fc fc fc fc fc fc fc fc fc fc fc
[    0.953481] >ffff888009b0f000: fa fb fb fb fb fb fb fb fb fb fb fb fb fb fb fb
[    0.953759]                       ^
[    0.953898]  ffff888009b0f080: fb fb fb fb fb fb fb fb fb fb fb fb fb fb fb fb
[    0.954179]  ffff888009b0f100: fb fb fb fb fb fb fb fb fb fb fb fb fb fb fb fb
[    0.954457] ==================================================================
[    0.954747] Disabling lock debugging due to kernel taint
[    0.954964] general protection fault, probably for non-canonical address 0xe82824282828282f: 0000 [#1] PREEMPT SMP KASAN NOPTI
[    0.955401] KASAN: maybe wild-memory-access in range [0x4141414141414178-0x414141414141417f]
[    0.955727] CPU: 1 PID: 36 Comm: kworker/1:1 Tainted: G    B              6.8.0-05254-g9c6a59543a39-dirty #1
[    0.956107] Hardware name: QEMU Standard PC (i440FX + PIIX, 1996), BIOS 1.16.2-debian-1.16.2-1 04/01/2014
[    0.956486] Workqueue: events nf_tables_trans_destroy_work
[    0.956710] RIP: 0010:nft_set_elem_expr_destroy+0x128/0x290
[    0.956937] Code: 45 00 41 39 c4 0f 83 a3 00 00 00 48 89 d8 48 c1 e8 03 80 3c 28 00 0f 85 21 01 00 00 48 8b 03 48 8d 78 38 48 89 fa 48 c1 ea 03 <80> 3c 2a 00 0f 85 f7 00 00 00 48 8b 50 38 48 85 d2 0f 85 1f ff ff
[    0.957645] RSP: 0018:ffffc90000267b50 EFLAGS: 00010202
[    0.957850] RAX: 4141414141414141 RBX: ffff888009b0f02c RCX: 0000000000000000
[    0.958132] RDX: 082828282828282f RSI: 0000000000000008 RDI: 4141414141414179
[    0.958442] RBP: dffffc0000000000 R08: 0000000000000001 R09: fffffbfff0c7e5b0
[    0.958801] R10: ffffffff863f2d87 R11: 6e696c6261736944 R12: 0000000000000000
[    0.959090] R13: ffff888009b0f024 R14: ffffed1001361e04 R15: ffff8880097d5728
[    0.959376] FS:  0000000000000000(0000) GS:ffff88806d100000(0000) knlGS:0000000000000000
[    0.959701] CS:  0010 DS: 0000 ES: 0000 CR0: 0000000080050033
[    0.959933] CR2: 00007ffdff05ce74 CR3: 0000000007090000 CR4: 0000000000750ef0
[    0.960219] PKRU: 55555554
[    0.960332] Call Trace:
[    0.960435]  <TASK>
[    0.960522]  ? die_addr+0x3b/0xa0
[    0.960657]  ? exc_general_protection+0x151/0x220
[    0.960843]  ? asm_exc_general_protection+0x26/0x30
[    0.961036]  ? nft_set_elem_expr_destroy+0x128/0x290
[    0.961235]  nf_tables_set_elem_destroy+0xa7/0xe0
[    0.961426]  nft_set_pipapo_match_destroy+0x10b/0x1c0
[    0.961629]  ? kfree+0x93/0x200
[    0.961760]  nft_pipapo_destroy+0x5c4/0x7f0
[    0.961932]  nft_set_destroy+0x1e7/0x580
[    0.962088]  nf_tables_trans_destroy_work+0x725/0xb00
[    0.962285]  ? __pfx_nf_tables_trans_destroy_work+0x10/0x10
[    0.962500]  ? read_word_at_a_time+0xe/0x20
[    0.962665]  ? sized_strscpy+0xad/0x290
[    0.962816]  process_one_work+0x594/0xf20
[    0.962975]  worker_thread+0x772/0x13f0
[    0.963128]  ? __pfx_set_cpus_allowed_ptr+0x7/0x10
[    0.963320]  ? __kthread_parkme+0x7d/0x140
[    0.963483]  ? __pfx_worker_thread+0x10/0x10
[    0.963654]  kthread+0x23e/0x2f0
[    0.963787]  ? __pfx_kthread+0x10/0x10
[    0.963941]  ret_from_fork+0x2c/0x70
[    0.964092]  ? __pfx_kthread+0x10/0x10
[    0.964245]  ret_from_fork_asm+0x1a/0x30
[    0.964406]  </TASK>
[    0.964501] Modules linked in:
[    0.964641] ---[ end trace 0000000000000000 ]---
[    0.964832] RIP: 0010:nft_set_elem_expr_destroy+0x128/0x290
[    0.965058] Code: 45 00 41 39 c4 0f 83 a3 00 00 00 48 89 d8 48 c1 e8 03 80 3c 28 00 0f 85 21 01 00 00 48 8b 03 48 8d 78 38 48 89 fa 48 c1 ea 03 <80> 3c 2a 00 0f 85 f7 00 00 00 48 8b 50 38 48 85 d2 0f 85 1f ff ff
[    0.965790] RSP: 0018:ffffc90000267b50 EFLAGS: 00010202
[    0.966003] RAX: 4141414141414141 RBX: ffff888009b0f02c RCX: 0000000000000000
[    0.966292] RDX: 082828282828282f RSI: 0000000000000008 RDI: 4141414141414179
[    0.966567] RBP: dffffc0000000000 R08: 0000000000000001 R09: fffffbfff0c7e5b0
[    0.966843] R10: ffffffff863f2d87 R11: 6e696c6261736944 R12: 0000000000000000
[    0.967121] R13: ffff888009b0f024 R14: ffffed1001361e04 R15: ffff8880097d5728
[    0.967395] FS:  0000000000000000(0000) GS:ffff88806d100000(0000) knlGS:0000000000000000
[    0.967710] CS:  0010 DS: 0000 ES: 0000 CR0: 0000000080050033
[    0.967935] CR2: 00007ffdff05ce74 CR3: 0000000007090000 CR4: 0000000000750ef0
[    0.968213] PKRU: 55555554
[    0.968325] Kernel panic - not syncing: Fatal exception
[    0.968580] Kernel Offset: disabled
CONFIRMED: KASAN_UAF
